layer at (0,0) size 800x600
  RenderView at (0,0) size 800x600
layer at (0,0) size 800x600
  RenderBlock {HTML} at (0,0) size 800x600
    RenderBody {BODY} at (8,8) size 784x584
      RenderBlock {DIV} at (0,0) size 784x139 [border: (2px solid #FF0000)]
        RenderBlock (anonymous) at (2,2) size 780x14
          RenderInline {I} at (0,0) size 174x14
            RenderText {#text} at (0,0) size 70x14
              text run at (0,0) width 70: "Start of a line. "
            RenderInline {FONT} at (0,0) size 104x14 [color=#FF0000]
              RenderText {#text} at (70,0) size 104x14
                text run at (70,0) width 104: "More red on this line:"
        RenderBlock (anonymous) at (2,30) size 780x51 [color=#FF0000]
          RenderBlock {H3} at (0,0) size 780x16
            RenderText {#text} at (0,0) size 153x15
              text run at (0,0) width 153: "Suddenly a block appears!"
          RenderBlock {H2} at (0,30) size 780x21
            RenderText {#text} at (0,0) size 146x20
              text run at (0,0) width 146: "And another block!"
        RenderBlock (anonymous) at (2,95) size 780x42
          RenderInline {I} at (0,0) size 221x28
            RenderInline {FONT} at (0,0) size 72x28 [color=#FF0000]
              RenderText {#text} at (0,0) size 72x14
                text run at (0,0) width 72: "Now more text."
              RenderBR {BR} at (72,11) size 0x0
              RenderText {#text} at (0,14) size 51x14
                text run at (0,14) width 51: "This is red"
            RenderText {#text} at (51,14) size 170x14
              text run at (51,14) width 170: " but now only italic on the same line"
          RenderBR {BR} at (221,25) size 0x0
          RenderText {#text} at (0,28) size 95x14
            text run at (0,28) width 95: "Plain line at the end."
