layer at (0,0) size 800x600
  RenderView at (0,0) size 800x600
layer at (0,0) size 800x600
  RenderBlock {HTML} at (0,0) size 800x600
    RenderBody {BODY} at (8,8) size 784x584
      RenderBlock {DIV} at (0,0) size 204x32 [border: (2px solid #FF0000)]
        RenderText {#text} at (2,2) size 193x28
          text run at (2,2) width 193: "This is some text. What is going on here."
          text run at (2,16) width 67: "Does it work?"
