layer at (0,0) size 800x600
  RenderView at (0,0) size 800x600
layer at (0,0) size 800x70
  RenderBlock {HTML} at (0,0) size 800x70
    RenderBody {BODY} at (8,12) size 784x50
      RenderBlock {P} at (0,0) size 784x14
        RenderText {#text} at (0,0) size 409x14
          text run at (0,0) width 409: "The following two DIVs should be the same width (resulting in a single 4 by 2 block)."
      RenderBlock {DIV} at (0,26) size 36x12 [bgcolor=#000080]
        RenderBlock {DIV} at (0,0) size 48x12 [border: none (24px solid #000000) none (24px solid #000000)]
      RenderBlock {DIV} at (0,38) size 48x12 [bgcolor=#000080]
