layer at (0,0) size 800x600
  RenderView at (0,0) size 800x600
layer at (0,0) size 800x102
  RenderBlock {HTML} at (0,0) size 800x102
    RenderBody {BODY} at (8,12) size 784x82
      RenderBlock {P} at (0,0) size 784x14
        RenderText {#text} at (0,0) size 346x14
          text run at (0,0) width 346: "The following two vertical bars should be at the same horizontal position."
      RenderBlock {DIV} at (0,26) size 120x28
        RenderBlock {DIV} at (48,0) size 24x28
          RenderInline {SPAN} at (0,0) size 5x26
            RenderText {#text} at (0,1) size 5x26
              text run at (0,1) width 5: "|"
      RenderBlock {DIV} at (0,54) size 784x28
        RenderInline {SPAN} at (0,0) size 5x26
          RenderText {#text} at (48,1) size 5x26
            text run at (48,1) width 5: "|"
