layer at (0,0) size 800x600
  RenderView at (0,0) size 800x600
layer at (0,0) size 800x600
  RenderBlock {HTML} at (0,0) size 800x600
    RenderBody {BODY} at (0,0) size 800x600
      RenderPartObject {IFRAME} at (0,0) size 504x104 [border: (2px inset #000000)]
        layer at (0,0) size 500x100
          RenderView at (0,0) size 500x100
        layer at (0,0) size 500x100
          RenderBlock {HTML} at (0,0) size 500x100
            RenderBody {BODY} at (8,8) size 484x80
              RenderBlock {P} at (0,0) size 484x14
                RenderText {#text} at (0,0) size 83x14
                  text run at (0,0) width 83: "This is some text."
              RenderBlock {P} at (0,26) size 484x14
                RenderText {#text} at (0,0) size 110x14
                  text run at (0,0) width 110: "This text is underneath."
      RenderText {#text} at (504,93) size 3x14
        text run at (504,93) width 3: " "
      RenderEmbeddedObject {OBJECT} at (0,107) size 500x100
        layer at (0,0) size 500x100
          RenderView at (0,0) size 500x100
        layer at (0,0) size 500x100
          RenderBlock {HTML} at (0,0) size 500x100
            RenderBody {BODY} at (8,8) size 484x80
              RenderBlock {P} at (0,0) size 484x14
                RenderText {#text} at (0,0) size 83x14
                  text run at (0,0) width 83: "This is some text."
              RenderBlock {P} at (0,26) size 484x14
                RenderText {#text} at (0,0) size 110x14
                  text run at (0,0) width 110: "This text is underneath."
      RenderText {#text} at (0,0) size 0x0
