layer at (0,0) size 800x600
  RenderView at (0,0) size 800x600
layer at (0,0) size 800x326
  RenderBlock {HTML} at (0,0) size 800x326
    RenderBody {BODY} at (8,16) size 784x298
      RenderBlock {H1} at (0,0) size 784x28
        RenderText {#text} at (0,1) size 340x26
          text run at (0,1) width 340: "Minimum and Maximum Widths"
      RenderBlock {DIV} at (0,44) size 784x20 [border: (3px solid #800080)]
        RenderText {#text} at (3,3) size 24x14
          text run at (3,3) width 24: "This "
        RenderInline {CODE} at (0,0) size 18x11
          RenderText {#text} at (27,6) size 18x11
            text run at (27,6) width 18: "div"
        RenderText {#text} at (45,3) size 307x14
          text run at (45,3) width 307: " should have a medium solid purple border, as should all the rest."
      RenderBlock {DIV} at (0,64) size 319x34 [border: (3px solid #800080)]
        RenderText {#text} at (3,3) size 24x14
          text run at (3,3) width 24: "This "
        RenderInline {CODE} at (0,0) size 18x11
          RenderText {#text} at (27,6) size 18x11
            text run at (27,6) width 18: "div"
        RenderText {#text} at (45,3) size 231x14
          text run at (45,3) width 142: " should have a width of 40%. "
          text run at (187,3) width 89: "This is a reference "
        RenderInline {CODE} at (0,0) size 18x11
          RenderText {#text} at (276,6) size 18x11
            text run at (276,6) width 18: "div"
        RenderText {#text} at (294,3) size 311x28
          text run at (294,3) width 20: " and"
          text run at (3,17) width 113: "should work as long as "
        RenderInline {CODE} at (0,0) size 30x11
          RenderText {#text} at (116,20) size 30x11
            text run at (116,20) width 30: "width"
        RenderText {#text} at (146,17) size 36x14
          text run at (146,17) width 36: " works."
      RenderBlock {DIV} at (0,98) size 319x20 [border: (3px solid #800080)]
        RenderText {#text} at (3,3) size 24x14
          text run at (3,3) width 24: "This "
        RenderInline {CODE} at (0,0) size 18x11
          RenderText {#text} at (27,6) size 18x11
            text run at (27,6) width 18: "div"
        RenderText {#text} at (45,3) size 139x14
          text run at (45,3) width 139: " should have a width of 40%."
      RenderBlock {DIV} at (0,118) size 319x20 [border: (3px solid #800080)]
        RenderText {#text} at (3,3) size 24x14
          text run at (3,3) width 24: "This "
        RenderInline {CODE} at (0,0) size 18x11
          RenderText {#text} at (27,6) size 18x11
            text run at (27,6) width 18: "div"
        RenderText {#text} at (45,3) size 139x14
          text run at (45,3) width 139: " should have a width of 40%."
      RenderBlock {DIV} at (0,138) size 319x20 [border: (3px solid #800080)]
        RenderText {#text} at (3,3) size 24x14
          text run at (3,3) width 24: "This "
        RenderInline {CODE} at (0,0) size 18x11
          RenderText {#text} at (27,6) size 18x11
            text run at (27,6) width 18: "div"
        RenderText {#text} at (45,3) size 139x14
          text run at (45,3) width 139: " should have a width of 40%."
      RenderBlock {DIV} at (0,158) size 319x20 [border: (3px solid #800080)]
        RenderText {#text} at (3,3) size 24x14
          text run at (3,3) width 24: "This "
        RenderInline {CODE} at (0,0) size 18x11
          RenderText {#text} at (27,6) size 18x11
            text run at (27,6) width 18: "div"
        RenderText {#text} at (45,3) size 139x14
          text run at (45,3) width 139: " should have a width of 40%."
      RenderBlock {DIV} at (0,178) size 319x20 [border: (3px solid #800080)]
        RenderText {#text} at (3,3) size 24x14
          text run at (3,3) width 24: "This "
        RenderInline {CODE} at (0,0) size 18x11
          RenderText {#text} at (27,6) size 18x11
            text run at (27,6) width 18: "div"
        RenderText {#text} at (45,3) size 139x14
          text run at (45,3) width 139: " should have a width of 40%."
      RenderBlock {DIV} at (0,198) size 319x20 [border: (3px solid #800080)]
        RenderText {#text} at (3,3) size 24x14
          text run at (3,3) width 24: "This "
        RenderInline {CODE} at (0,0) size 18x11
          RenderText {#text} at (27,6) size 18x11
            text run at (27,6) width 18: "div"
        RenderText {#text} at (45,3) size 139x14
          text run at (45,3) width 139: " should have a width of 40%."
      RenderBlock {DIV} at (0,218) size 319x20 [border: (3px solid #800080)]
        RenderText {#text} at (3,3) size 24x14
          text run at (3,3) width 24: "This "
        RenderInline {CODE} at (0,0) size 18x11
          RenderText {#text} at (27,6) size 18x11
            text run at (27,6) width 18: "div"
        RenderText {#text} at (45,3) size 139x14
          text run at (45,3) width 139: " should have a width of 40%."
      RenderBlock {DIV} at (0,238) size 319x20 [border: (3px solid #800080)]
        RenderText {#text} at (3,3) size 24x14
          text run at (3,3) width 24: "This "
        RenderInline {CODE} at (0,0) size 18x11
          RenderText {#text} at (27,6) size 18x11
            text run at (27,6) width 18: "div"
        RenderText {#text} at (45,3) size 139x14
          text run at (45,3) width 139: " should have a width of 40%."
      RenderBlock {P} at (0,270) size 784x28
        RenderText {#text} at (0,0) size 152x14
          text run at (0,0) width 152: "If the browser does not support "
        RenderInline {CODE} at (0,0) size 54x11
          RenderText {#text} at (152,3) size 54x11
            text run at (152,3) width 54: "min-width"
        RenderText {#text} at (206,0) size 23x14
          text run at (206,0) width 23: " and "
        RenderInline {CODE} at (0,0) size 54x11
          RenderText {#text} at (229,3) size 54x11
            text run at (229,3) width 54: "max-width"
        RenderText {#text} at (283,0) size 130x14
          text run at (283,0) width 130: ", then the widths should be "
        RenderInline {CODE} at (0,0) size 24x11
          RenderText {#text} at (413,3) size 24x11
            text run at (413,3) width 24: "auto"
        RenderText {#text} at (437,0) size 6x14
          text run at (437,0) width 6: ", "
        RenderInline {CODE} at (0,0) size 18x11
          RenderText {#text} at (443,3) size 18x11
            text run at (443,3) width 18: "40%"
        RenderText {#text} at (461,0) size 6x14
          text run at (461,0) width 6: ", "
        RenderInline {CODE} at (0,0) size 18x11
          RenderText {#text} at (467,3) size 18x11
            text run at (467,3) width 18: "30%"
        RenderText {#text} at (485,0) size 6x14
          text run at (485,0) width 6: ", "
        RenderInline {CODE} at (0,0) size 18x11
          RenderText {#text} at (491,3) size 18x11
            text run at (491,3) width 18: "50%"
        RenderText {#text} at (509,0) size 6x14
          text run at (509,0) width 6: ", "
        RenderInline {CODE} at (0,0) size 18x11
          RenderText {#text} at (515,3) size 18x11
            text run at (515,3) width 18: "50%"
        RenderText {#text} at (533,0) size 6x14
          text run at (533,0) width 6: ", "
        RenderInline {CODE} at (0,0) size 18x11
          RenderText {#text} at (539,3) size 18x11
            text run at (539,3) width 18: "40%"
        RenderText {#text} at (557,0) size 6x14
          text run at (557,0) width 6: ", "
        RenderInline {CODE} at (0,0) size 18x11
          RenderText {#text} at (563,3) size 18x11
            text run at (563,3) width 18: "30%"
        RenderText {#text} at (581,0) size 6x14
          text run at (581,0) width 6: ", "
        RenderInline {CODE} at (0,0) size 18x11
          RenderText {#text} at (587,3) size 18x11
            text run at (587,3) width 18: "40%"
        RenderText {#text} at (605,0) size 6x14
          text run at (605,0) width 6: ", "
        RenderInline {CODE} at (0,0) size 24x11
          RenderText {#text} at (611,3) size 24x11
            text run at (611,3) width 24: "auto"
        RenderText {#text} at (635,0) size 142x14
          text run at (635,0) width 142: " (with 70% margin-right), and"
        RenderInline {CODE} at (0,0) size 24x11
          RenderText {#text} at (0,17) size 24x11
            text run at (0,17) width 24: "auto"
        RenderText {#text} at (24,14) size 3x14
          text run at (24,14) width 3: "."
