layer at (0,0) size 800x600
  RenderView at (0,0) size 800x600
layer at (0,0) size 800x220
  RenderBlock {HTML} at (0,0) size 800x220
    RenderBody {BODY} at (8,12) size 784x196
      RenderBlock {P} at (0,0) size 784x14
        RenderText {#text} at (0,0) size 184x14
          text run at (0,0) width 184: "These <h1>s should all be left-aligned:"
      RenderBlock {H1} at (0,30) size 784x34 [border: (3px solid #FF0000)]
        RenderText {#text} at (3,4) size 72x26
          text run at (3,4) width 72: "sample"
      RenderBlock {H1} at (0,80) size 246x34 [border: (3px solid #FF0000)]
        RenderText {#text} at (3,4) size 72x26
          text run at (3,4) width 72: "sample"
      RenderBlock {P} at (0,130) size 784x14
        RenderText {#text} at (0,0) size 209x14
          text run at (0,0) width 209: "These <p>s should be (and are) left-aligned:"
      RenderBlock {P} at (0,156) size 784x14
        RenderText {#text} at (0,0) size 33x14
          text run at (0,0) width 33: "sample"
      RenderBlock {P} at (0,182) size 120x14
        RenderText {#text} at (0,0) size 33x14
          text run at (0,0) width 33: "sample"
