layer at (0,0) size 800x600
  RenderView at (0,0) size 800x600
layer at (0,0) size 800x600
  RenderBlock {HTML} at (0,0) size 800x600
    RenderBody {BODY} at (8,8) size 784x580
      RenderBlock {DIV} at (0,0) size 784x40
        RenderBlock (anonymous) at (0,0) size 784x14
          RenderText {#text} at (0,0) size 9x14
            text run at (0,0) width 9: "A"
          RenderText {#text} at (9,0) size 8x14
            text run at (9,0) width 8: "C"
        RenderBlock {P} at (0,26) size 784x0
        RenderBlock {DIV} at (0,26) size 784x14
          RenderBlock (anonymous) at (0,0) size 784x14
            RenderText {#text} at (100,0) size 12x14
              text run at (100,0) width 12: "A "
            RenderBlock (floating) {SPAN} at (0,0) size 100x100 [bgcolor=#008000]
            RenderText {#text} at (112,0) size 8x14
              text run at (112,0) width 8: "B"
          RenderBlock {P} at (0,26) size 784x0
