layer at (0,0) size 800x600
  RenderView at (0,0) size 800x600
layer at (0,0) size 800x116
  RenderBlock {HTML} at (0,0) size 800x116
    RenderBody {BODY} at (8,8) size 784x100
      RenderBlock {DIV} at (0,0) size 784x80 [border: (3px solid #FFFF00)]
        RenderBlock (anonymous) at (3,3) size 778x14
          RenderText {#text} at (0,0) size 35x14
            text run at (0,0) width 35: "Yellow"
        RenderBlock {DIV} at (3,17) size 778x60 [border: (3px solid #0000FF)]
          RenderBlock (anonymous) at (3,3) size 772x14
            RenderText {#text} at (0,0) size 22x14
              text run at (0,0) width 22: "Blue"
          RenderBlock {DIV} at (3,17) size 772x20 [border: (3px solid #008000)]
            RenderText {#text} at (3,3) size 29x14
              text run at (3,3) width 29: "Green"
          RenderBlock {DIV} at (3,37) size 772x20 [border: (3px solid #FF0000)]
            RenderText {#text} at (3,3) size 19x14
              text run at (3,3) width 19: "Red"
      RenderBlock {DIV} at (0,80) size 784x20 [border: (3px solid #000080)]
        RenderBlock {DIV} at (3,3) size 778x14
          RenderText {#text} at (0,0) size 26x14
            text run at (0,0) width 26: "Navy"
