layer at (0,0) size 800x600
  RenderView at (0,0) size 800x600
layer at (0,0) size 800x600
  RenderBlock {HTML} at (0,0) size 800x600
    RenderBody {BODY} at (8,8) size 784x584
layer at (8,8) size 64x60
  RenderBlock (positioned) {DIV} at (0,0) size 64x60 [bgcolor=#ADD8E6]
    RenderBlock (floating) {SPAN} at (4,0) size 60x12 [color=#0000FF]
      RenderText {#text} at (0,0) size 60x12
        text run at (0,0) width 60: "float"
    RenderBlock (floating) {SPAN} at (4,12) size 48x12 [color=#0000FF]
      RenderText {#text} at (0,0) size 48x12
        text run at (0,0) width 48: "floa"
    RenderText {#text} at (0,24) size 48x12
      text run at (0,24) width 48: "word"
    RenderBlock (floating) {SPAN} at (4,36) size 36x12 [color=#0000FF]
      RenderText {#text} at (0,0) size 36x12
        text run at (0,0) width 36: "flo"
    RenderText {#text} at (0,0) size 0x0
    RenderBlock (floating) {SPAN} at (4,48) size 24x12 [color=#0000FF]
      RenderText {#text} at (0,0) size 24x12
        text run at (0,0) width 24: "fl"
    RenderText {#text} at (0,0) size 0x0
layer at (8,104) size 72x60
  RenderBlock (positioned) {DIV} at (0,0) size 72x60 [bgcolor=#ADD8E6]
    RenderBlock (floating) {SPAN} at (4,0) size 60x12 [color=#0000FF]
      RenderText {#text} at (0,0) size 60x12
        text run at (0,0) width 60: "float"
    RenderBlock (floating) {SPAN} at (4,12) size 48x12 [color=#0000FF]
      RenderText {#text} at (0,0) size 48x12
        text run at (0,0) width 48: "floa"
    RenderText {#text} at (0,24) size 72x24
      text run at (0,24) width 72: "longer"
      text run at (0,36) width 48: "word"
    RenderBlock (floating) {SPAN} at (4,48) size 36x12 [color=#0000FF]
      RenderText {#text} at (0,0) size 36x12
        text run at (0,0) width 36: "flo"
    RenderText {#text} at (0,0) size 0x0
    RenderBlock (floating) {SPAN} at (44,48) size 24x12 [color=#0000FF]
      RenderText {#text} at (0,0) size 24x12
        text run at (0,0) width 24: "fl"
    RenderText {#text} at (0,0) size 0x0
