layer at (0,0) size 800x600
  RenderView at (0,0) size 800x600
layer at (0,0) size 800x132
  RenderBlock {HTML} at (0,0) size 800x132
    RenderBody {BODY} at (8,12) size 784x112
      RenderBlock {P} at (0,0) size 784x28
        RenderText {#text} at (0,0) size 191x14
          text run at (0,0) width 191: "This test checks for a regression against "
        RenderInline {I} at (0,0) size 495x14
          RenderInline {A} at (0,0) size 231x14 [color=#0000EE]
            RenderText {#text} at (191,0) size 231x14
              text run at (191,0) width 231: "https://bugs.webkit.org/show_bug.cgi?id=24118"
          RenderText {#text} at (422,0) size 264x14
            text run at (422,0) width 264: " RTL: Truncation behaves differently than IE/FF/Opera"
        RenderText {#text} at (686,0) size 3x14
          text run at (686,0) width 3: "."
        RenderBR {BR} at (689,0) size 0x14
        RenderText {#text} at (0,14) size 312x14
          text run at (0,14) width 312: "This test passes if the red block below is truncated on the left side."
      RenderBlock {DIV} at (-218,40) size 1002x72 [border: (1px solid #FF0000)]
        RenderText {#text} at (40,1) size 995x70
          text run at (40,1) width 961: "Lorem ipsum dolor sit amet, consectetur adipiscing elit. Nunc et nisl tellus. Vivamus aliquam elit non arcu scelerisque eget dapibus nunc vulputate. Maecenas scelerisque egestas purus, id bibendum magna"
          text run at (24,15) width 977: "venenatis vel. Vestibulum bibendum volutpat aliquam. Cum sociis natoque penatibus et magnis dis parturient montes, nascetur ridiculus mus. Vestibulum eget risus sodales mi tristique dignissim et sed lectus."
          text run at (6,29) width 995: "Cras convallis, nibh ut dapibus gravida, enim mauris molestie elit, eget fringilla augue est nec est. Curabitur eu quam non purus sodales pulvinar. Donec ultrices dui eget dolor lobortis in porta quam rutrum. Nulla"
          text run at (10,43) width 991: "risus lacus, adipiscing quis ullamcorper vestibulum, condimentum sed lacus. Sed in nunc dolor, quis egestas turpis. Integer arcu tellus, posuere sit amet pellentesque a, molestie at mi. Nulla blandit, mi et euismod"
          text run at (217,57) width 3 RTL: "."
          text run at (220,57) width 781: "imperdiet, augue arcu ornare felis, nec viverra lacus ligula ut metus. Proin ut leo ante, at consectetur sem. Nullam non nunc ligula. Proin sed ante sem, id rutrum purus"
