layer at (0,0) size 980x735
  RenderView at (0,0) size 980x735
layer at (0,0) size 980x735
  RenderBlock {HTML} at (0,0) size 980x735
    RenderBody {BODY} at (8,8) size 964x711
      RenderBlock {CENTER} at (0,0) size 964x154
        RenderTable {TABLE} at (420,0) size 124x84
          RenderTableSection {THEAD} at (0,0) size 124x21
            RenderTableRow {TR} at (0,0) size 124x21
              RenderTableCell {TD} at (0,0) size 36x21 [r=0 c=0 rs=1 cs=1]
                RenderText {#text} at (1,1) size 30x19
                  text run at (1,1) width 30: "EST"
              RenderTableCell {TD} at (36,0) size 39x21 [border: none none none (1px solid #808080)] [r=0 c=1 rs=1 cs=1]
                RenderText {#text} at (2,1) size 36x19
                  text run at (2,1) width 36: "1am"
              RenderTableCell {TD} at (75,0) size 49x21 [border: none none none (1px solid #808080)] [r=0 c=2 rs=1 cs=1]
                RenderText {#text} at (2,1) size 36x19
                  text run at (2,1) width 36: "8pm"
          RenderTableSection {TBODY} at (0,21) size 124x42
            RenderTableRow {TR} at (0,0) size 124x21
              RenderTableCell {TD} at (0,0) size 36x21 [r=0 c=0 rs=1 cs=1]
                RenderText {#text} at (1,1) size 31x19
                  text run at (1,1) width 31: "CST"
              RenderTableCell {TD} at (36,0) size 39x21 [border: none none none (1px solid #808080)] [r=0 c=1 rs=1 cs=1]
                RenderText {#text} at (2,1) size 36x19
                  text run at (2,1) width 36: "2am"
              RenderTableCell {TD} at (75,0) size 49x21 [border: none none none (1px solid #808080)] [r=0 c=2 rs=1 cs=1]
                RenderText {#text} at (2,1) size 36x19
                  text run at (2,1) width 36: "9pm"
            RenderTableRow {TR} at (0,21) size 124x21
              RenderTableCell {TD} at (0,21) size 36x21 [r=1 c=0 rs=1 cs=1]
                RenderText {#text} at (1,1) size 34x19
                  text run at (1,1) width 34: "MST"
              RenderTableCell {TD} at (36,21) size 39x21 [border: none none none (1px solid #808080)] [r=1 c=1 rs=1 cs=1]
                RenderText {#text} at (2,1) size 36x19
                  text run at (2,1) width 36: "3am"
              RenderTableCell {TD} at (75,21) size 49x21 [border: none none none (1px solid #808080)] [r=1 c=2 rs=1 cs=1]
                RenderText {#text} at (2,1) size 46x19
                  text run at (2,1) width 46: "10pm"
          RenderTableSection {TFOOT} at (0,63) size 124x21
            RenderTableRow {TR} at (0,0) size 124x21
              RenderTableCell {TD} at (0,0) size 36x21 [r=0 c=0 rs=1 cs=1]
                RenderText {#text} at (1,1) size 30x19
                  text run at (1,1) width 30: "PST"
              RenderTableCell {TD} at (36,0) size 39x21 [border: none none none (1px solid #808080)] [r=0 c=1 rs=1 cs=1]
                RenderText {#text} at (2,1) size 36x19
                  text run at (2,1) width 36: "4am"
              RenderTableCell {TD} at (75,0) size 49x21 [border: none none none (1px solid #808080)] [r=0 c=2 rs=1 cs=1]
                RenderText {#text} at (2,1) size 46x19
                  text run at (2,1) width 46: "11pm"
        RenderBlock {P} at (0,100) size 964x54
          RenderButton {BUTTON} at (347,2) size 79x23 [bgcolor=#C0C0C0] [border: (2px outset #C0C0C0)]
            RenderBlock (anonymous) at (5,5) size 71x15
              RenderText {#text} at (0,0) size 71x15
                text run at (0,0) width 22: "No "
                text run at (22,0) width 49: "borders"
          RenderButton {BUTTON} at (430,2) size 105x23 [bgcolor=#C0C0C0] [border: (2px outset #C0C0C0)]
            RenderBlock (anonymous) at (5,5) size 97x15
              RenderText {#text} at (0,0) size 97x15
                text run at (0,0) width 55: "Exterior "
                text run at (55,0) width 42: "border"
          RenderButton {BUTTON} at (539,2) size 78x23 [bgcolor=#C0C0C0] [border: (2px outset #C0C0C0)]
            RenderBlock (anonymous) at (5,5) size 70x15
              RenderText {#text} at (0,0) size 70x15
                text run at (0,0) width 21: "All "
                text run at (21,0) width 49: "borders"
          RenderBR {BR} at (619,19) size 0x0
          RenderButton {BUTTON} at (307,29) size 111x23 [bgcolor=#C0C0C0] [border: (2px outset #C0C0C0)]
            RenderBlock (anonymous) at (5,5) size 103x15
              RenderText {#text} at (0,0) size 103x15
                text run at (0,0) width 54: "Column "
                text run at (54,0) width 49: "borders"
          RenderButton {BUTTON} at (422,29) size 107x23 [bgcolor=#C0C0C0] [border: (2px outset #C0C0C0)]
            RenderBlock (anonymous) at (5,5) size 99x15
              RenderText {#text} at (0,0) size 99x15
                text run at (0,0) width 50: "Groups "
                text run at (50,0) width 49: "borders"
          RenderButton {BUTTON} at (533,29) size 125x23 [bgcolor=#C0C0C0] [border: (2px outset #C0C0C0)]
            RenderBlock (anonymous) at (5,5) size 117x15
              RenderText {#text} at (0,0) size 117x15
                text run at (0,0) width 40: "Table "
                text run at (40,0) width 77: "row borders"
          RenderText {#text} at (0,0) size 0x0
