layer at (0,0) size 800x600
  RenderView at (0,0) size 800x600
layer at (0,0) size 800x600
  RenderBlock {HTML} at (0,0) size 800x600
    RenderBody {BODY} at (8,8) size 784x580
      RenderBlock {P} at (0,0) size 784x26
        RenderRuby (inline) {RUBY} at (0,0) size 49x14
          RenderRubyRun (anonymous) at (0,6) size 49x20
            RenderRubyText {RT} at (0,-6) size 49x7
              RenderText {#text} at (6,0) size 37x6
                text run at (6,0) width 37: "K\x{14D}kakukid\x{14D}tai"
            RenderRubyBase (anonymous) at (0,0) size 49x20
              RenderRuby (inline) {RUBY} at (0,0) size 49x14
                RenderRubyRun (anonymous) at (0,6) size 10x14
                  RenderRubyText {RT} at (0,-6) size 10x7
                    RenderText {#text} at (0,0) size 10x6
                      text run at (0,0) width 10: "\x{3053}\x{3046}"
                  RenderRubyBase (anonymous) at (0,0) size 10x14
                    RenderText {#text} at (0,0) size 10x14
                      text run at (0,0) width 10: "\x{653B}"
                RenderRubyRun (anonymous) at (10,6) size 10x14
                  RenderRubyText {RT} at (0,-6) size 10x7
                    RenderText {#text} at (0,0) size 10x6
                      text run at (0,0) width 10: "\x{304B}\x{304F}"
                  RenderRubyBase (anonymous) at (0,0) size 10x14
                    RenderText {#text} at (0,0) size 10x14
                      text run at (0,0) width 10: "\x{6BBB}"
                RenderRubyRun (anonymous) at (20,6) size 9x14
                  RenderRubyText {RT} at (0,-6) size 9x7
                    RenderText {#text} at (2,0) size 5x6
                      text run at (2,0) width 5: "\x{304D}"
                  RenderRubyBase (anonymous) at (0,0) size 9x14
                    RenderText {#text} at (0,0) size 9x14
                      text run at (0,0) width 9: "\x{6A5F}"
                RenderRubyRun (anonymous) at (29,6) size 10x14
                  RenderRubyText {RT} at (0,-6) size 10x7
                    RenderText {#text} at (0,0) size 10x6
                      text run at (0,0) width 10: "\x{3069}\x{3046}"
                  RenderRubyBase (anonymous) at (0,0) size 10x14
                    RenderText {#text} at (0,0) size 10x14
                      text run at (0,0) width 10: "\x{52D5}"
                RenderRubyRun (anonymous) at (39,6) size 10x14
                  RenderRubyText {RT} at (0,-6) size 10x7
                    RenderText {#text} at (0,0) size 10x6
                      text run at (0,0) width 10: "\x{305F}\x{3044}"
                  RenderRubyBase (anonymous) at (0,0) size 10x14
                    RenderText {#text} at (0,0) size 10x14
                      text run at (0,0) width 10: "\x{968A}"
