layer at (0,0) size 980x735
  RenderView at (0,0) size 980x735
layer at (0,0) size 980x735
  RenderBlock {HTML} at (0,0) size 980x735
    RenderBody {BODY} at (8,8) size 964x719 [bgcolor=#CCCCCC]
      RenderBlock {P} at (0,0) size 964x19
        RenderText {#text} at (0,0) size 451x19
          text run at (0,0) width 451: "The style declarations which apply to the text below are:"
      RenderBlock {PRE} at (0,35) size 964x60
        RenderText {#text} at (0,0) size 141x60
          text run at (0,0) width 129: ".one {color: green;}"
          text run at (129,0) width 0: " "
          text run at (0,15) width 97: ".1 {color: red;}"
          text run at (97,15) width 0: " "
          text run at (0,30) width 121: ".a1 {color: green;}"
          text run at (121,30) width 0: " "
          text run at (0,45) width 141: "P.two {color: purple;}"
          text run at (141,45) width 0: " "
      RenderBlock {HR} at (0,108) size 964x2 [border: (1px inset #000000)]
      RenderBlock {P} at (0,126) size 964x19 [color=#008000]
        RenderText {#text} at (0,0) size 249x19
          text run at (0,0) width 249: "This sentence should be green."
      RenderBlock {P} at (0,161) size 964x19
        RenderText {#text} at (0,0) size 704x19
          text run at (0,0) width 704: "This sentence should be black, not red-- class selectors cannot begin with digits in CSS1."
      RenderBlock {P} at (0,196) size 964x19 [color=#008000]
        RenderText {#text} at (0,0) size 249x19
          text run at (0,0) width 249: "This sentence should be green."
      RenderBlock {P} at (0,231) size 964x19 [color=#800080]
        RenderText {#text} at (0,0) size 253x19
          text run at (0,0) width 253: "This sentence should be purple."
      RenderBlock {PRE} at (0,266) size 964x15
        RenderText {#text} at (0,0) size 238x15
          text run at (0,0) width 238: "This sentence should NOT be purple."
          text run at (238,0) width 0: " "
      RenderBlock {UL} at (0,297) size 964x19
        RenderListItem {LI} at (40,0) size 924x19
          RenderListMarker at (-18,0) size 7x19: bullet
          RenderText {#text} at (0,0) size 293x19
            text run at (0,0) width 293: "This sentence should NOT be purple."
      RenderTable {TABLE} at (0,332) size 727x243 [border: (1px outset #808080)]
        RenderTableSection {TBODY} at (1,1) size 725x241
          RenderTableRow {TR} at (0,0) size 725x27
            RenderTableCell {TD} at (0,0) size 725x27 [bgcolor=#C0C0C0] [border: (1px inset #808080)] [r=0 c=0 rs=1 cs=2]
              RenderInline {STRONG} at (0,0) size 202x19
                RenderText {#text} at (4,4) size 202x19
                  text run at (4,4) width 202: "TABLE Testing Section"
          RenderTableRow {TR} at (0,27) size 725x214
            RenderTableCell {TD} at (0,120) size 13x27 [bgcolor=#C0C0C0] [border: (1px inset #808080)] [r=1 c=0 rs=1 cs=1]
              RenderText {#text} at (4,4) size 5x19
                text run at (4,4) width 5: " "
            RenderTableCell {TD} at (13,27) size 712x214 [border: (1px inset #808080)] [r=1 c=1 rs=1 cs=1]
              RenderBlock {P} at (4,4) size 704x19 [color=#008000]
                RenderText {#text} at (0,0) size 249x19
                  text run at (0,0) width 249: "This sentence should be green."
              RenderBlock {P} at (4,39) size 704x19
                RenderText {#text} at (0,0) size 704x19
                  text run at (0,0) width 704: "This sentence should be black, not red-- class selectors cannot begin with digits in CSS1."
              RenderBlock {P} at (4,74) size 704x19 [color=#008000]
                RenderText {#text} at (0,0) size 249x19
                  text run at (0,0) width 249: "This sentence should be green."
              RenderBlock {P} at (4,109) size 704x19 [color=#800080]
                RenderText {#text} at (0,0) size 253x19
                  text run at (0,0) width 253: "This sentence should be purple."
              RenderBlock {PRE} at (4,144) size 704x15
                RenderText {#text} at (0,0) size 238x15
                  text run at (0,0) width 238: "This sentence should NOT be purple."
                  text run at (238,0) width 0: " "
              RenderBlock {UL} at (4,175) size 704x19
                RenderListItem {LI} at (40,0) size 664x19
                  RenderListMarker at (-18,0) size 7x19: bullet
                  RenderText {#text} at (0,0) size 293x19
                    text run at (0,0) width 293: "This sentence should NOT be purple."
