layer at (0,0) size 980x888
  RenderView at (0,0) size 980x735
layer at (0,0) size 980x888
  RenderBlock {HTML} at (0,0) size 980x888
    RenderBody {BODY} at (8,8) size 964x872 [bgcolor=#CCCCCC]
      RenderBlock {P} at (0,0) size 964x19
        RenderText {#text} at (0,0) size 451x19
          text run at (0,0) width 451: "The style declarations which apply to the text below are:"
      RenderBlock {PRE} at (0,35) size 964x225
        RenderText {#text} at (0,0) size 280x225
          text run at (0,0) width 191: "/* This is a CSS1 comment. */"
          text run at (191,0) width 0: " "
          text run at (0,15) width 280: ".one {color: green;} /* Another comment */"
          text run at (280,15) width 0: " "
          text run at (0,30) width 234: "/* The following should not be used:"
          text run at (234,30) width 0: " "
          text run at (0,45) width 128: ".two {color: red;} */"
          text run at (128,45) width 0: " "
          text run at (0,60) width 238: ".three {color: green; /* color: red; */}"
          text run at (238,60) width 0: " "
          text run at (0,75) width 18: "/**"
          text run at (18,75) width 0: " "
          text run at (0,90) width 130: ".four {color: red;} */"
          text run at (130,90) width 0: " "
          text run at (0,105) width 130: ".five {color: green;}"
          text run at (130,105) width 0: " "
          text run at (0,120) width 22: "/**/"
          text run at (22,120) width 0: " "
          text run at (0,135) width 124: ".six {color: green;}"
          text run at (124,135) width 0: " "
          text run at (0,150) width 71: "/*********/"
          text run at (71,150) width 0: " "
          text run at (0,165) width 144: ".seven {color: green;}"
          text run at (144,165) width 0: " "
          text run at (0,180) width 111: "/* a comment **/"
          text run at (111,180) width 0: " "
          text run at (0,195) width 138: ".eight {color: green;}"
          text run at (138,195) width 0: " "
          text run at (0,210) width 0: " "
      RenderBlock {HR} at (0,273) size 964x2 [border: (1px inset #000000)]
      RenderBlock {P} at (0,291) size 964x19 [color=#008000]
        RenderText {#text} at (0,0) size 249x19
          text run at (0,0) width 249: "This sentence should be green."
      RenderBlock {P} at (0,326) size 964x19
        RenderText {#text} at (0,0) size 244x19
          text run at (0,0) width 244: "This sentence should be black."
      RenderBlock {P} at (0,361) size 964x19 [color=#008000]
        RenderText {#text} at (0,0) size 249x19
          text run at (0,0) width 249: "This sentence should be green."
      RenderBlock {P} at (0,396) size 964x19
        RenderText {#text} at (0,0) size 244x19
          text run at (0,0) width 244: "This sentence should be black."
      RenderBlock {P} at (0,431) size 964x19 [color=#008000]
        RenderText {#text} at (0,0) size 249x19
          text run at (0,0) width 249: "This sentence should be green."
      RenderBlock {P} at (0,466) size 964x19 [color=#008000]
        RenderText {#text} at (0,0) size 249x19
          text run at (0,0) width 249: "This sentence should be green."
      RenderBlock {P} at (0,501) size 964x19 [color=#008000]
        RenderText {#text} at (0,0) size 249x19
          text run at (0,0) width 249: "This sentence should be green."
      RenderBlock {P} at (0,536) size 964x19 [color=#008000]
        RenderText {#text} at (0,0) size 249x19
          text run at (0,0) width 249: "This sentence should be green."
      RenderTable {TABLE} at (0,571) size 272x301 [border: (1px outset #808080)]
        RenderTableSection {TBODY} at (1,1) size 270x299
          RenderTableRow {TR} at (0,0) size 270x27
            RenderTableCell {TD} at (0,0) size 270x27 [bgcolor=#C0C0C0] [border: (1px inset #808080)] [r=0 c=0 rs=1 cs=2]
              RenderInline {STRONG} at (0,0) size 202x19
                RenderText {#text} at (4,4) size 202x19
                  text run at (4,4) width 202: "TABLE Testing Section"
          RenderTableRow {TR} at (0,27) size 270x272
            RenderTableCell {TD} at (0,149) size 13x27 [bgcolor=#C0C0C0] [border: (1px inset #808080)] [r=1 c=0 rs=1 cs=1]
              RenderText {#text} at (4,4) size 5x19
                text run at (4,4) width 5: " "
            RenderTableCell {TD} at (13,27) size 257x272 [border: (1px inset #808080)] [r=1 c=1 rs=1 cs=1]
              RenderBlock {P} at (4,4) size 249x19 [color=#008000]
                RenderText {#text} at (0,0) size 249x19
                  text run at (0,0) width 249: "This sentence should be green."
              RenderBlock {P} at (4,39) size 249x19
                RenderText {#text} at (0,0) size 244x19
                  text run at (0,0) width 244: "This sentence should be black."
              RenderBlock {P} at (4,74) size 249x19 [color=#008000]
                RenderText {#text} at (0,0) size 249x19
                  text run at (0,0) width 249: "This sentence should be green."
              RenderBlock {P} at (4,109) size 249x19
                RenderText {#text} at (0,0) size 244x19
                  text run at (0,0) width 244: "This sentence should be black."
              RenderBlock {P} at (4,144) size 249x19 [color=#008000]
                RenderText {#text} at (0,0) size 249x19
                  text run at (0,0) width 249: "This sentence should be green."
              RenderBlock {P} at (4,179) size 249x19 [color=#008000]
                RenderText {#text} at (0,0) size 249x19
                  text run at (0,0) width 249: "This sentence should be green."
              RenderBlock {P} at (4,214) size 249x19 [color=#008000]
                RenderText {#text} at (0,0) size 249x19
                  text run at (0,0) width 249: "This sentence should be green."
              RenderBlock {P} at (4,249) size 249x19 [color=#008000]
                RenderText {#text} at (0,0) size 249x19
                  text run at (0,0) width 249: "This sentence should be green."
