layer at (0,0) size 980x735
  RenderView at (0,0) size 980x735
layer at (0,0) size 980x735
  RenderBlock {HTML} at (0,0) size 980x735
    RenderBody {BODY} at (8,8) size 964x719 [bgcolor=#CCCCCC]
      RenderBlock {P} at (0,0) size 964x19 [color=#000080]
        RenderText {#text} at (0,0) size 451x19
          text run at (0,0) width 451: "The style declarations which apply to the text below are:"
      RenderBlock {PRE} at (0,35) size 964x60
        RenderText {#text} at (0,0) size 392x60
          text run at (0,0) width 222: "P {color: navy; font-family: serif;}"
          text run at (222,0) width 0: " "
          text run at (0,15) width 392: "HTML BODY TABLE P {color: purple; font-family: sans-serif;}"
          text run at (392,15) width 0: " "
          text run at (0,30) width 175: "EM, UL LI LI {color: green;}"
          text run at (175,30) width 0: " "
          text run at (0,45) width 0: " "
      RenderBlock {HR} at (0,108) size 964x2 [border: (1px inset #000000)]
      RenderBlock {P} at (0,126) size 964x19 [color=#000080]
        RenderText {#text} at (0,0) size 802x19
          text run at (0,0) width 802: "This sentence should be navy serif in the first half of the page, but purple and sans-serif in the table."
      RenderBlock {P} at (0,161) size 964x19 [color=#000080]
        RenderText {#text} at (0,0) size 711x19
          text run at (0,0) width 711: "This sentence should be normal for its section, except for the last word, which should be "
        RenderInline {EM} at (0,0) size 47x19 [color=#008000]
          RenderText {#text} at (711,0) size 47x19
            text run at (711,0) width 47: "green"
        RenderText {#text} at (758,0) size 5x19
          text run at (758,0) width 5: "."
      RenderBlock {UL} at (0,196) size 964x38
        RenderListItem {LI} at (40,0) size 924x38
          RenderBlock (anonymous) at (0,0) size 924x19
            RenderListMarker at (-18,0) size 7x19: bullet
            RenderInline {EM} at (0,0) size 45x19 [color=#008000]
              RenderText {#text} at (0,0) size 45x19
                text run at (0,0) width 45: "Hello."
            RenderText {#text} at (45,0) size 503x19
              text run at (45,0) width 5: " "
              text run at (50,0) width 498: "The first \"hello\" should be green, but this part should be black."
          RenderBlock {UL} at (0,19) size 924x19
            RenderListItem {LI} at (40,0) size 884x19 [color=#008000]
              RenderListMarker at (-18,0) size 7x19: white bullet
              RenderText {#text} at (0,0) size 171x19
                text run at (0,0) width 171: "This should be green."
      RenderTable {TABLE} at (0,250) size 825x161 [border: (1px outset #808080)]
        RenderTableSection {TBODY} at (1,1) size 823x159
          RenderTableRow {TR} at (0,0) size 823x27
            RenderTableCell {TD} at (0,0) size 823x27 [bgcolor=#C0C0C0] [border: (1px inset #808080)] [r=0 c=0 rs=1 cs=2]
              RenderInline {STRONG} at (0,0) size 202x19
                RenderText {#text} at (4,4) size 202x19
                  text run at (4,4) width 202: "TABLE Testing Section"
          RenderTableRow {TR} at (0,27) size 823x132
            RenderTableCell {TD} at (0,79) size 13x27 [bgcolor=#C0C0C0] [border: (1px inset #808080)] [r=1 c=0 rs=1 cs=1]
              RenderText {#text} at (4,4) size 5x19
                text run at (4,4) width 5: " "
            RenderTableCell {TD} at (13,27) size 810x132 [border: (1px inset #808080)] [r=1 c=1 rs=1 cs=1]
              RenderBlock {P} at (4,4) size 802x19 [color=#800080]
                RenderText {#text} at (0,0) size 802x19
                  text run at (0,0) width 802: "This sentence should be navy serif in the first half of the page, but purple and sans-serif in the table."
              RenderBlock {P} at (4,39) size 802x19 [color=#800080]
                RenderText {#text} at (0,0) size 711x19
                  text run at (0,0) width 711: "This sentence should be normal for its section, except for the last word, which should be "
                RenderInline {EM} at (0,0) size 47x19 [color=#008000]
                  RenderText {#text} at (711,0) size 47x19
                    text run at (711,0) width 47: "green"
                RenderText {#text} at (758,0) size 5x19
                  text run at (758,0) width 5: "."
              RenderBlock {UL} at (4,74) size 802x38
                RenderListItem {LI} at (40,0) size 762x38
                  RenderBlock (anonymous) at (0,0) size 762x19
                    RenderListMarker at (-18,0) size 7x19: bullet
                    RenderInline {EM} at (0,0) size 45x19 [color=#008000]
                      RenderText {#text} at (0,0) size 45x19
                        text run at (0,0) width 45: "Hello."
                    RenderText {#text} at (45,0) size 503x19
                      text run at (45,0) width 5: " "
                      text run at (50,0) width 498: "The first \"hello\" should be green, but this part should be black."
                  RenderBlock {UL} at (0,19) size 762x19
                    RenderListItem {LI} at (40,0) size 722x19 [color=#008000]
                      RenderListMarker at (-18,0) size 7x19: white bullet
                      RenderText {#text} at (0,0) size 171x19
                        text run at (0,0) width 171: "This should be green."
