layer at (0,0) size 980x735
  RenderView at (0,0) size 980x735
layer at (0,0) size 980x735
  RenderBlock {HTML} at (0,0) size 980x735
    RenderBody {BODY} at (8,8) size 964x719 [bgcolor=#CCCCCC]
      RenderBlock {P} at (0,0) size 964x19
        RenderText {#text} at (0,0) size 451x19
          text run at (0,0) width 451: "The style declarations which apply to the text below are:"
      RenderBlock {PRE} at (0,35) size 964x30
        RenderText {#text} at (0,0) size 211x30
          text run at (0,0) width 211: ".one, .two, .three {color: green;}"
          text run at (211,0) width 0: " "
          text run at (0,15) width 0: " "
      RenderBlock {HR} at (0,78) size 964x2 [border: (1px inset #000000)]
      RenderBlock {P} at (0,96) size 964x19 [color=#008000]
        RenderText {#text} at (0,0) size 249x19
          text run at (0,0) width 249: "This sentence should be green."
      RenderBlock {P} at (0,131) size 964x19 [color=#008000]
        RenderText {#text} at (0,0) size 249x19
          text run at (0,0) width 249: "This sentence should be green."
      RenderBlock {P} at (0,166) size 964x19 [color=#008000]
        RenderText {#text} at (0,0) size 249x19
          text run at (0,0) width 249: "This sentence should be green."
      RenderTable {TABLE} at (0,201) size 272x126 [border: (1px outset #808080)]
        RenderTableSection {TBODY} at (1,1) size 270x124
          RenderTableRow {TR} at (0,0) size 270x27
            RenderTableCell {TD} at (0,0) size 270x27 [bgcolor=#C0C0C0] [border: (1px inset #808080)] [r=0 c=0 rs=1 cs=2]
              RenderInline {STRONG} at (0,0) size 202x19
                RenderText {#text} at (4,4) size 202x19
                  text run at (4,4) width 202: "TABLE Testing Section"
          RenderTableRow {TR} at (0,27) size 270x97
            RenderTableCell {TD} at (0,62) size 13x27 [bgcolor=#C0C0C0] [border: (1px inset #808080)] [r=1 c=0 rs=1 cs=1]
              RenderText {#text} at (4,4) size 5x19
                text run at (4,4) width 5: " "
            RenderTableCell {TD} at (13,27) size 257x97 [border: (1px inset #808080)] [r=1 c=1 rs=1 cs=1]
              RenderBlock {P} at (4,4) size 249x19 [color=#008000]
                RenderText {#text} at (0,0) size 249x19
                  text run at (0,0) width 249: "This sentence should be green."
              RenderBlock {P} at (4,39) size 249x19 [color=#008000]
                RenderText {#text} at (0,0) size 249x19
                  text run at (0,0) width 249: "This sentence should be green."
              RenderBlock {P} at (4,74) size 249x19 [color=#008000]
                RenderText {#text} at (0,0) size 249x19
                  text run at (0,0) width 249: "This sentence should be green."
