layer at (0,0) size 800x600
  RenderView at (0,0) size 800x600
layer at (0,0) size 800x600
  RenderBlock {HTML} at (0,0) size 800x600
    RenderBody {BODY} at (8,8) size 784x584 [bgcolor=#CCCCCC]
      RenderBlock {P} at (0,0) size 784x14
        RenderText {#text} at (0,0) size 264x14
          text run at (0,0) width 264: "The style declarations which apply to the text below are:"
      RenderBlock {PRE} at (0,26) size 784x33
        RenderText {#text} at (0,0) size 282x33
          text run at (0,0) width 282: ".one {border-width: 25px; border-style: solid;}"
          text run at (282,0) width 0: " "
          text run at (0,11) width 282: ".two {border-width: thin; border-style: solid;}"
          text run at (282,11) width 0: " "
          text run at (0,22) width 168: ".three {border-width: 25px;}"
          text run at (168,22) width 0: " "
      RenderBlock {HR} at (0,69) size 784x2 [border: (1px inset #000000)]
      RenderBlock {P} at (0,83) size 784x78 [border: (25px solid #000000)]
        RenderText {#text} at (25,25) size 129x14
          text run at (25,25) width 129: "This element has a class of "
        RenderInline {TT} at (0,0) size 18x11
          RenderText {#text} at (154,28) size 18x11
            text run at (154,28) width 18: "one"
        RenderText {#text} at (172,25) size 121x14
          text run at (172,25) width 6: ". "
          text run at (178,25) width 115: "However, it contains an "
        RenderInline {SPAN} at (0,0) size 127x16 [border: (1px solid #000000)]
          RenderText {#text} at (294,25) size 107x14
            text run at (294,25) width 107: "inline element of class "
          RenderInline {TT} at (0,0) size 18x11
            RenderText {#text} at (401,28) size 18x11
              text run at (401,28) width 18: "two"
        RenderText {#text} at (420,25) size 726x28
          text run at (420,25) width 331: ", which should result in a thin solid border on each side of each box in"
          text run at (25,39) width 88: "the inline element. "
          text run at (113,39) width 77: "There is also an "
        RenderInline {SPAN} at (0,0) size 137x14
          RenderText {#text} at (190,39) size 107x14
            text run at (190,39) width 107: "inline element of class "
          RenderInline {TT} at (0,0) size 30x11
            RenderText {#text} at (297,42) size 30x11
              text run at (297,42) width 30: "three"
        RenderText {#text} at (327,39) size 329x14
          text run at (327,39) width 329: ", which should have no border width because no border style was set."
      RenderTable {TABLE} at (0,173) size 784x110 [border: (1px outset #808080)]
        RenderTableSection {TBODY} at (1,1) size 782x108
          RenderTableRow {TR} at (0,0) size 782x22
            RenderTableCell {TD} at (0,0) size 782x22 [bgcolor=#C0C0C0] [border: (1px inset #808080)] [r=0 c=0 rs=1 cs=2]
              RenderInline {STRONG} at (0,0) size 122x14
                RenderText {#text} at (4,4) size 122x14
                  text run at (4,4) width 122: "TABLE Testing Section"
          RenderTableRow {TR} at (0,22) size 782x86
            RenderTableCell {TD} at (0,54) size 11x22 [bgcolor=#C0C0C0] [border: (1px inset #808080)] [r=1 c=0 rs=1 cs=1]
              RenderText {#text} at (4,4) size 3x14
                text run at (4,4) width 3: " "
            RenderTableCell {TD} at (11,22) size 771x86 [border: (1px inset #808080)] [r=1 c=1 rs=1 cs=1]
              RenderBlock {P} at (4,4) size 763x78 [border: (25px solid #000000)]
                RenderText {#text} at (25,25) size 129x14
                  text run at (25,25) width 129: "This element has a class of "
                RenderInline {TT} at (0,0) size 18x11
                  RenderText {#text} at (154,28) size 18x11
                    text run at (154,28) width 18: "one"
                RenderText {#text} at (172,25) size 121x14
                  text run at (172,25) width 6: ". "
                  text run at (178,25) width 115: "However, it contains an "
                RenderInline {SPAN} at (0,0) size 127x16 [border: (1px solid #000000)]
                  RenderText {#text} at (294,25) size 107x14
                    text run at (294,25) width 107: "inline element of class "
                  RenderInline {TT} at (0,0) size 18x11
                    RenderText {#text} at (401,28) size 18x11
                      text run at (401,28) width 18: "two"
                RenderText {#text} at (420,25) size 693x28
                  text run at (420,25) width 298: ", which should result in a thin solid border on each side of each"
                  text run at (25,39) width 121: "box in the inline element. "
                  text run at (146,39) width 77: "There is also an "
                RenderInline {SPAN} at (0,0) size 137x14
                  RenderText {#text} at (223,39) size 107x14
                    text run at (223,39) width 107: "inline element of class "
                  RenderInline {TT} at (0,0) size 30x11
                    RenderText {#text} at (330,42) size 30x11
                      text run at (330,42) width 30: "three"
                RenderText {#text} at (360,39) size 329x14
                  text run at (360,39) width 329: ", which should have no border width because no border style was set."
