layer at (0,0) size 800x792
  RenderView at (0,0) size 800x600
layer at (0,0) size 800x792
  RenderBlock {HTML} at (0,0) size 800x792
    RenderBody {BODY} at (8,8) size 784x776 [bgcolor=#CCCCCC]
      RenderBlock {P} at (0,0) size 764x14
        RenderText {#text} at (0,0) size 264x14
          text run at (0,0) width 264: "The style declarations which apply to the text below are:"
      RenderBlock {PRE} at (0,26) size 784x84
        RenderText {#text} at (0,0) size 264x84
          text run at (0,0) width 138: "P {margin-right: 20px;}"
          text run at (138,0) width 0: " "
          text run at (0,12) width 240: ".one {border-right: purple double 10px;}"
          text run at (240,12) width 0: " "
          text run at (0,24) width 234: ".two {border-right: purple thin solid;}"
          text run at (234,24) width 0: " "
          text run at (0,36) width 258: ".threea {border-right: black medium solid;}"
          text run at (258,36) width 0: " "
          text run at (0,48) width 264: ".threeb {border-right: purple medium solid;}"
          text run at (264,48) width 0: " "
          text run at (0,60) width 252: ".threec {border-right: blue medium solid;}"
          text run at (252,60) width 0: " "
          text run at (0,72) width 210: "TD {border-right: green 2px solid;}"
          text run at (210,72) width 0: " "
      RenderBlock {HR} at (0,120) size 784x2 [border: (1px inset #000000)]
      RenderBlock {P} at (0,134) size 764x28
        RenderText {#text} at (0,0) size 747x28
          text run at (0,0) width 482: "Note that all table cells on this page should have a two-pixel solid green border along their right sides. "
          text run at (482,0) width 265: "This border applies only to the cells, not the rows which"
          text run at (0,14) width 63: "contain them."
      RenderBlock {P} at (0,174) size 764x14 [border: (10px double #800080) none]
        RenderText {#text} at (0,0) size 317x14
          text run at (0,0) width 317: "This paragraph should have a purple, double, 10-pixel right border."
      RenderBlock {P} at (0,200) size 764x14 [border: (1px solid #800080) none]
        RenderText {#text} at (0,0) size 255x14
          text run at (0,0) width 255: "This paragraph should have a thin purple right border."
      RenderTable {TABLE} at (0,226) size 709x77 [border: (1px outset #808080)]
        RenderTableSection {TBODY} at (1,1) size 707x75
          RenderTableRow {TR} at (0,5) size 707x18
            RenderTableCell {TD} at (5,5) size 697x18 [border: (1px inset #808080) (2px solid #008000) (1px inset #808080)] [r=0 c=0 rs=1 cs=2]
              RenderText {#text} at (2,2) size 692x14
                text run at (2,2) width 328: "Every cell in this table should have a 2-pixel solid green right border. "
                text run at (330,2) width 364: "This is also true of the table-testing section in the second half of the test page."
          RenderTableRow {TR} at (0,28) size 707x42
            RenderTableCell {TD} at (5,40) size 176x18 [border: (1px inset #808080) (2px solid #008000) (1px inset #808080)] [r=1 c=0 rs=1 cs=1]
              RenderText {#text} at (2,2) size 39x14
                text run at (2,2) width 39: "Cell one"
            RenderTableCell {TD} at (186,28) size 516x42 [border: (1px inset #808080) (2px solid #008000) (1px inset #808080)] [r=1 c=1 rs=1 cs=1]
              RenderBlock (anonymous) at (2,2) size 511x14
                RenderText {#text} at (0,0) size 40x14
                  text run at (0,0) width 40: "Cell two"
              RenderTable {TABLE} at (2,16) size 124x24 [border: (1px outset #808080)]
                RenderTableSection {TBODY} at (1,1) size 122x22
                  RenderTableRow {TR} at (0,2) size 122x18
                    RenderTableCell {TD} at (2,2) size 118x18 [border: (1px inset #808080) (2px solid #008000) (1px inset #808080)] [r=0 c=0 rs=1 cs=1]
                      RenderText {#text} at (2,2) size 113x14
                        text run at (2,2) width 113: "Nested single-cell table!"
      RenderBlock {UL} at (0,315) size 784x112
        RenderListItem {LI} at (40,0) size 744x56 [border: (3px solid #000000) none]
          RenderBlock (anonymous) at (0,0) size 741x14
            RenderListMarker at (-15,0) size 6x14: bullet
            RenderText {#text} at (0,0) size 89x14
              text run at (0,0) width 89: "This is a list item..."
          RenderBlock {UL} at (0,14) size 741x42
            RenderListItem {LI} at (40,0) size 701x14
              RenderListMarker at (-15,0) size 6x14: white bullet
              RenderText {#text} at (0,0) size 55x14
                text run at (0,0) width 55: "...and this..."
            RenderListItem {LI} at (40,14) size 701x14
              RenderListMarker at (-15,0) size 6x14: white bullet
              RenderText {#text} at (0,0) size 87x14
                text run at (0,0) width 87: "...is a second list..."
            RenderListItem {LI} at (40,28) size 701x14
              RenderListMarker at (-15,0) size 6x14: white bullet
              RenderText {#text} at (0,0) size 132x14
                text run at (0,0) width 132: "...nested within the list item."
        RenderListItem {LI} at (40,56) size 744x14 [border: (3px solid #800080) none]
          RenderListMarker at (-15,0) size 6x14: bullet
          RenderText {#text} at (0,0) size 119x14
            text run at (0,0) width 119: "This is a second list item."
        RenderListItem {LI} at (40,70) size 744x42 [border: (3px solid #0000FF) none]
          RenderListMarker at (-15,0) size 6x14: bullet
          RenderText {#text} at (0,0) size 724x42
            text run at (0,0) width 528: "Each list item in this 'parent' list should have a medium-width border along its right side, in each of three colors. "
            text run at (528,0) width 185: "The first item's border should travel the"
            text run at (0,14) width 724: "entire height the nested list (to end near the baseline of the line \"...nested within the list item.\"), even though the nested list does not have any border styles"
            text run at (0,28) width 19: "set. "
            text run at (19,28) width 594: "The borders should line up together at the right edge of the document's body, as each list element has a default width of 100%."
      RenderTable {TABLE} at (0,439) size 784x337 [border: (1px outset #808080)]
        RenderTableSection {TBODY} at (1,1) size 782x335
          RenderTableRow {TR} at (0,0) size 782x22
            RenderTableCell {TD} at (0,0) size 782x22 [bgcolor=#C0C0C0] [border: (1px inset #808080) (2px solid #008000) (1px inset #808080)] [r=0 c=0 rs=1 cs=2]
              RenderInline {STRONG} at (0,0) size 122x14
                RenderText {#text} at (4,4) size 122x14
                  text run at (4,4) width 122: "TABLE Testing Section"
          RenderTableRow {TR} at (0,22) size 782x313
            RenderTableCell {TD} at (0,167) size 12x22 [bgcolor=#C0C0C0] [border: (1px inset #808080) (2px solid #008000) (1px inset #808080)] [r=1 c=0 rs=1 cs=1]
              RenderText {#text} at (4,4) size 3x14
                text run at (4,4) width 3: " "
            RenderTableCell {TD} at (12,22) size 770x313 [border: (1px inset #808080) (2px solid #008000) (1px inset #808080)] [r=1 c=1 rs=1 cs=1]
              RenderBlock {P} at (4,4) size 741x28
                RenderText {#text} at (0,0) size 715x28
                  text run at (0,0) width 482: "Note that all table cells on this page should have a two-pixel solid green border along their right sides. "
                  text run at (482,0) width 233: "This border applies only to the cells, not the rows"
                  text run at (0,14) width 95: "which contain them."
              RenderBlock {P} at (4,44) size 741x14 [border: (10px double #800080) none]
                RenderText {#text} at (0,0) size 317x14
                  text run at (0,0) width 317: "This paragraph should have a purple, double, 10-pixel right border."
              RenderBlock {P} at (4,70) size 741x14 [border: (1px solid #800080) none]
                RenderText {#text} at (0,0) size 255x14
                  text run at (0,0) width 255: "This paragraph should have a thin purple right border."
              RenderTable {TABLE} at (4,96) size 709x77 [border: (1px outset #808080)]
                RenderTableSection {TBODY} at (1,1) size 707x75
                  RenderTableRow {TR} at (0,5) size 707x18
                    RenderTableCell {TD} at (5,5) size 697x18 [border: (1px inset #808080) (2px solid #008000) (1px inset #808080)] [r=0 c=0 rs=1 cs=2]
                      RenderText {#text} at (2,2) size 692x14
                        text run at (2,2) width 328: "Every cell in this table should have a 2-pixel solid green right border. "
                        text run at (330,2) width 364: "This is also true of the table-testing section in the second half of the test page."
                  RenderTableRow {TR} at (0,28) size 707x42
                    RenderTableCell {TD} at (5,40) size 176x18 [border: (1px inset #808080) (2px solid #008000) (1px inset #808080)] [r=1 c=0 rs=1 cs=1]
                      RenderText {#text} at (2,2) size 39x14
                        text run at (2,2) width 39: "Cell one"
                    RenderTableCell {TD} at (186,28) size 516x42 [border: (1px inset #808080) (2px solid #008000) (1px inset #808080)] [r=1 c=1 rs=1 cs=1]
                      RenderBlock (anonymous) at (2,2) size 511x14
                        RenderText {#text} at (0,0) size 40x14
                          text run at (0,0) width 40: "Cell two"
                      RenderTable {TABLE} at (2,16) size 124x24 [border: (1px outset #808080)]
                        RenderTableSection {TBODY} at (1,1) size 122x22
                          RenderTableRow {TR} at (0,2) size 122x18
                            RenderTableCell {TD} at (2,2) size 118x18 [border: (1px inset #808080) (2px solid #008000) (1px inset #808080)] [r=0 c=0 rs=1 cs=1]
                              RenderText {#text} at (2,2) size 113x14
                                text run at (2,2) width 113: "Nested single-cell table!"
              RenderBlock {UL} at (4,185) size 761x112
                RenderListItem {LI} at (40,0) size 721x56 [border: (3px solid #000000) none]
                  RenderBlock (anonymous) at (0,0) size 718x14
                    RenderListMarker at (-15,0) size 6x14: bullet
                    RenderText {#text} at (0,0) size 89x14
                      text run at (0,0) width 89: "This is a list item..."
                  RenderBlock {UL} at (0,14) size 718x42
                    RenderListItem {LI} at (40,0) size 678x14
                      RenderListMarker at (-15,0) size 6x14: white bullet
                      RenderText {#text} at (0,0) size 55x14
                        text run at (0,0) width 55: "...and this..."
                    RenderListItem {LI} at (40,14) size 678x14
                      RenderListMarker at (-15,0) size 6x14: white bullet
                      RenderText {#text} at (0,0) size 87x14
                        text run at (0,0) width 87: "...is a second list..."
                    RenderListItem {LI} at (40,28) size 678x14
                      RenderListMarker at (-15,0) size 6x14: white bullet
                      RenderText {#text} at (0,0) size 132x14
                        text run at (0,0) width 132: "...nested within the list item."
                RenderListItem {LI} at (40,56) size 721x14 [border: (3px solid #800080) none]
                  RenderListMarker at (-15,0) size 6x14: bullet
                  RenderText {#text} at (0,0) size 119x14
                    text run at (0,0) width 119: "This is a second list item."
                RenderListItem {LI} at (40,70) size 721x42 [border: (3px solid #0000FF) none]
                  RenderListMarker at (-15,0) size 6x14: bullet
                  RenderText {#text} at (0,0) size 713x42
                    text run at (0,0) width 528: "Each list item in this 'parent' list should have a medium-width border along its right side, in each of three colors. "
                    text run at (528,0) width 185: "The first item's border should travel the"
                    text run at (0,14) width 694: "entire height the nested list (to end near the baseline of the line \"...nested within the list item.\"), even though the nested list does not have any border"
                    text run at (0,28) width 49: "styles set. "
                    text run at (49,28) width 594: "The borders should line up together at the right edge of the document's body, as each list element has a default width of 100%."
