layer at (0,0) size 800x600
  RenderView at (0,0) size 800x600
layer at (0,0) size 800x600
  RenderBlock {HTML} at (0,0) size 800x600
    RenderBody {BODY} at (8,8) size 784x584 [bgcolor=#CCCCCC]
      RenderBlock {P} at (0,0) size 784x14
        RenderText {#text} at (0,0) size 264x14
          text run at (0,0) width 264: "The style declarations which apply to the text below are:"
      RenderBlock {PRE} at (0,26) size 784x33
        RenderText {#text} at (0,0) size 546x33
          text run at (0,0) width 294: ".one {border-color: purple; border-style: solid;}"
          text run at (294,0) width 0: " "
          text run at (0,11) width 426: ".two {border-color: purple; border-width: medium; border-style: solid;}"
          text run at (426,11) width 0: " "
          text run at (0,22) width 546: ".three {border-color: purple green blue yellow; border-width: medium; border-style: solid;}"
          text run at (546,22) width 0: " "
      RenderBlock {HR} at (0,69) size 784x2 [border: (1px inset #000000)]
      RenderBlock {P} at (0,83) size 784x20 [border: (3px solid #800080)]
        RenderText {#text} at (3,3) size 268x14
          text run at (3,3) width 268: "This element should have a purple border surrounding it."
      RenderBlock {P} at (0,115) size 784x20 [border: (3px solid #800080)]
        RenderText {#text} at (3,3) size 340x14
          text run at (3,3) width 340: "This element should have a medium-width purple border surrounding it."
      RenderBlock {P} at (0,147) size 784x20 [border: (3px solid #800080) (3px solid #008000) (3px solid #0000FF) (3px solid #FFFF00)]
        RenderText {#text} at (3,3) size 741x14
          text run at (3,3) width 741: "This element should be surrounded by a medium width border which is purple on top, green on the right side, blue on the bottom, and yellow on the left side."
      RenderTable {TABLE} at (0,179) size 768x116 [border: (1px outset #808080)]
        RenderTableSection {TBODY} at (1,1) size 766x114
          RenderTableRow {TR} at (0,0) size 766x22
            RenderTableCell {TD} at (0,0) size 766x22 [bgcolor=#C0C0C0] [border: (1px inset #808080)] [r=0 c=0 rs=1 cs=2]
              RenderInline {STRONG} at (0,0) size 122x14
                RenderText {#text} at (4,4) size 122x14
                  text run at (4,4) width 122: "TABLE Testing Section"
          RenderTableRow {TR} at (0,22) size 766x92
            RenderTableCell {TD} at (0,57) size 11x22 [bgcolor=#C0C0C0] [border: (1px inset #808080)] [r=1 c=0 rs=1 cs=1]
              RenderText {#text} at (4,4) size 3x14
                text run at (4,4) width 3: " "
            RenderTableCell {TD} at (11,22) size 755x92 [border: (1px inset #808080)] [r=1 c=1 rs=1 cs=1]
              RenderBlock {P} at (4,4) size 747x20 [border: (3px solid #800080)]
                RenderText {#text} at (3,3) size 268x14
                  text run at (3,3) width 268: "This element should have a purple border surrounding it."
              RenderBlock {P} at (4,36) size 747x20 [border: (3px solid #800080)]
                RenderText {#text} at (3,3) size 340x14
                  text run at (3,3) width 340: "This element should have a medium-width purple border surrounding it."
              RenderBlock {P} at (4,68) size 747x20 [border: (3px solid #800080) (3px solid #008000) (3px solid #0000FF) (3px solid #FFFF00)]
                RenderText {#text} at (3,3) size 741x14
                  text run at (3,3) width 741: "This element should be surrounded by a medium width border which is purple on top, green on the right side, blue on the bottom, and yellow on the left side."
