layer at (0,0) size 800x600
  RenderView at (0,0) size 800x600
layer at (0,0) size 800x600
  RenderBlock {HTML} at (0,0) size 800x600
    RenderBody {BODY} at (8,8) size 784x584 [bgcolor=#CCCCCC]
      RenderBlock {P} at (0,0) size 784x14
        RenderText {#text} at (0,0) size 264x14
          text run at (0,0) width 264: "The style declarations which apply to the text below are:"
      RenderBlock {PRE} at (0,26) size 784x66
        RenderText {#text} at (0,0) size 342x66
          text run at (0,0) width 336: ".zero {background-color: silver; border-right-width: 0;}"
          text run at (336,0) width 0: " "
          text run at (0,11) width 318: ".one {border-right-width: 25px; border-style: solid;}"
          text run at (318,11) width 0: " "
          text run at (0,22) width 324: ".two {border-right-width: thick; border-style: solid;}"
          text run at (324,22) width 0: " "
          text run at (0,33) width 342: ".three {border-right-width: medium; border-style: solid;}"
          text run at (342,33) width 0: " "
          text run at (0,44) width 324: ".four {border-right-width: thin; border-style: solid;}"
          text run at (324,44) width 0: " "
          text run at (0,55) width 204: ".five {border-right-width: 100px;}"
          text run at (204,55) width 0: " "
      RenderBlock {HR} at (0,102) size 784x2 [border: (1px inset #000000)]
      RenderBlock {P} at (0,116) size 784x14
        RenderText {#text} at (0,0) size 118x14
          text run at (0,0) width 118: "(These will only work if "
        RenderInline {CODE} at (0,0) size 72x11
          RenderText {#text} at (118,3) size 72x11
            text run at (118,3) width 72: "border-style"
        RenderText {#text} at (190,0) size 68x14
          text run at (190,0) width 68: " is supported.)"
      RenderBlock {P} at (0,142) size 784x14 [bgcolor=#C0C0C0]
        RenderText {#text} at (0,0) size 152x14
          text run at (0,0) width 152: "This element has a class of zero."
      RenderBlock {P} at (0,168) size 784x20 [border: (3px solid #000000) (25px solid #000000) (3px solid #000000)]
        RenderText {#text} at (3,3) size 608x14
          text run at (3,3) width 608: "This element should have a right border width of 25 pixels, which will be more obvious if the element is more than one line long."
      RenderBlock {P} at (0,200) size 784x20 [border: (3px solid #000000) (5px solid #000000) (3px solid #000000)]
        RenderText {#text} at (3,3) size 575x14
          text run at (3,3) width 575: "This element should have a thick right border width, which will be more obvious if the element is more than one line long."
      RenderBlock {P} at (0,232) size 784x20 [border: (3px solid #000000)]
        RenderText {#text} at (3,3) size 590x14
          text run at (3,3) width 590: "This element should have a medium right border width, which will be more obvious if the element is more than one line long."
      RenderBlock {P} at (0,264) size 784x20 [border: (3px solid #000000) (1px solid #000000) (3px solid #000000)]
        RenderText {#text} at (3,3) size 570x14
          text run at (3,3) width 570: "This element should have a thin right border width, which will be more obvious if the element is more than one line long."
      RenderBlock {P} at (0,296) size 784x14
        RenderText {#text} at (0,0) size 391x14
          text run at (0,0) width 391: "This element should have no border and no extra \"padding\" on its right side, as no "
        RenderInline {CODE} at (0,0) size 72x11
          RenderText {#text} at (391,3) size 72x11
            text run at (391,3) width 72: "border-style"
        RenderText {#text} at (463,0) size 41x14
          text run at (463,0) width 41: " was set."
      RenderTable {TABLE} at (0,322) size 657x226 [border: (1px outset #808080)]
        RenderTableSection {TBODY} at (1,1) size 655x224
          RenderTableRow {TR} at (0,0) size 655x22
            RenderTableCell {TD} at (0,0) size 655x22 [bgcolor=#C0C0C0] [border: (1px inset #808080)] [r=0 c=0 rs=1 cs=2]
              RenderInline {STRONG} at (0,0) size 122x14
                RenderText {#text} at (4,4) size 122x14
                  text run at (4,4) width 122: "TABLE Testing Section"
          RenderTableRow {TR} at (0,22) size 655x202
            RenderTableCell {TD} at (0,112) size 11x22 [bgcolor=#C0C0C0] [border: (1px inset #808080)] [r=1 c=0 rs=1 cs=1]
              RenderText {#text} at (4,4) size 3x14
                text run at (4,4) width 3: " "
            RenderTableCell {TD} at (11,22) size 644x202 [border: (1px inset #808080)] [r=1 c=1 rs=1 cs=1]
              RenderBlock {P} at (4,4) size 636x14
                RenderText {#text} at (0,0) size 118x14
                  text run at (0,0) width 118: "(These will only work if "
                RenderInline {CODE} at (0,0) size 72x11
                  RenderText {#text} at (118,3) size 72x11
                    text run at (118,3) width 72: "border-style"
                RenderText {#text} at (190,0) size 68x14
                  text run at (190,0) width 68: " is supported.)"
              RenderBlock {P} at (4,30) size 636x14 [bgcolor=#C0C0C0]
                RenderText {#text} at (0,0) size 152x14
                  text run at (0,0) width 152: "This element has a class of zero."
              RenderBlock {P} at (4,56) size 636x20 [border: (3px solid #000000) (25px solid #000000) (3px solid #000000)]
                RenderText {#text} at (3,3) size 608x14
                  text run at (3,3) width 608: "This element should have a right border width of 25 pixels, which will be more obvious if the element is more than one line long."
              RenderBlock {P} at (4,88) size 636x20 [border: (3px solid #000000) (5px solid #000000) (3px solid #000000)]
                RenderText {#text} at (3,3) size 575x14
                  text run at (3,3) width 575: "This element should have a thick right border width, which will be more obvious if the element is more than one line long."
              RenderBlock {P} at (4,120) size 636x20 [border: (3px solid #000000)]
                RenderText {#text} at (3,3) size 590x14
                  text run at (3,3) width 590: "This element should have a medium right border width, which will be more obvious if the element is more than one line long."
              RenderBlock {P} at (4,152) size 636x20 [border: (3px solid #000000) (1px solid #000000) (3px solid #000000)]
                RenderText {#text} at (3,3) size 570x14
                  text run at (3,3) width 570: "This element should have a thin right border width, which will be more obvious if the element is more than one line long."
              RenderBlock {P} at (4,184) size 636x14
                RenderText {#text} at (0,0) size 391x14
                  text run at (0,0) width 391: "This element should have no border and no extra \"padding\" on its right side, as no "
                RenderInline {CODE} at (0,0) size 72x11
                  RenderText {#text} at (391,3) size 72x11
                    text run at (391,3) width 72: "border-style"
                RenderText {#text} at (463,0) size 41x14
                  text run at (463,0) width 41: " was set."
