layer at (0,0) size 800x748
  RenderView at (0,0) size 800x600
layer at (0,0) size 800x748
  RenderBlock {HTML} at (0,0) size 800x748
    RenderBody {BODY} at (8,8) size 784x732 [bgcolor=#CCCCCC]
      RenderBlock {P} at (0,0) size 784x14
        RenderText {#text} at (0,0) size 264x14
          text run at (0,0) width 264: "The style declarations which apply to the text below are:"
      RenderBlock {PRE} at (0,26) size 784x48
        RenderText {#text} at (0,0) size 240x48
          text run at (0,0) width 228: ".one {border-top: purple double 10px;}"
          text run at (228,0) width 0: " "
          text run at (0,12) width 222: ".two {border-top: purple thin solid;}"
          text run at (222,12) width 0: " "
          text run at (0,24) width 240: ".three {border-top: black medium solid;}"
          text run at (240,24) width 0: " "
          text run at (0,36) width 198: "TD {border-top: green 2px solid;}"
          text run at (198,36) width 0: " "
      RenderBlock {HR} at (0,84) size 784x2 [border: (1px inset #000000)]
      RenderBlock {P} at (0,98) size 784x28
        RenderText {#text} at (0,0) size 777x28
          text run at (0,0) width 475: "Note that all table cells on this page should have a two-pixel solid green border along their top sides. "
          text run at (475,0) width 302: "This border applies only to the cells, not the rows which contain"
          text run at (0,14) width 26: "them."
      RenderBlock {P} at (0,138) size 784x24 [border: (10px double #800080) none]
        RenderText {#text} at (0,10) size 310x14
          text run at (0,10) width 310: "This paragraph should have a purple, double, 10-pixel top border."
      RenderBlock {P} at (0,174) size 784x15 [border: (1px solid #800080) none]
        RenderText {#text} at (0,1) size 248x14
          text run at (0,1) width 248: "This paragraph should have a thin purple top border."
      RenderTable {TABLE} at (0,201) size 701x80 [border: (1px outset #808080)]
        RenderTableSection {TBODY} at (1,1) size 699x78
          RenderTableRow {TR} at (0,5) size 699x19
            RenderTableCell {TD} at (5,5) size 689x19 [border: (2px solid #008000) (1px inset #808080)] [r=0 c=0 rs=1 cs=2]
              RenderText {#text} at (2,3) size 685x14
                text run at (2,3) width 321: "Every cell in this table should have a 2-pixel solid green top border. "
                text run at (323,3) width 364: "This is also true of the table-testing section in the second half of the test page."
          RenderTableRow {TR} at (0,29) size 699x44
            RenderTableCell {TD} at (5,41) size 173x19 [border: (2px solid #008000) (1px inset #808080)] [r=1 c=0 rs=1 cs=1]
              RenderText {#text} at (2,3) size 39x14
                text run at (2,3) width 39: "Cell one"
            RenderTableCell {TD} at (183,29) size 511x44 [border: (2px solid #008000) (1px inset #808080)] [r=1 c=1 rs=1 cs=1]
              RenderBlock (anonymous) at (2,3) size 507x14
                RenderText {#text} at (0,0) size 40x14
                  text run at (0,0) width 40: "Cell two"
              RenderTable {TABLE} at (2,17) size 123x25 [border: (1px outset #808080)]
                RenderTableSection {TBODY} at (1,1) size 121x23
                  RenderTableRow {TR} at (0,2) size 121x19
                    RenderTableCell {TD} at (2,2) size 117x19 [border: (2px solid #008000) (1px inset #808080)] [r=0 c=0 rs=1 cs=1]
                      RenderText {#text} at (2,3) size 113x14
                        text run at (2,3) width 113: "Nested single-cell table!"
      RenderBlock {UL} at (0,293) size 784x93
        RenderListItem {LI} at (40,0) size 744x59 [border: (3px solid #000000) none]
          RenderBlock (anonymous) at (0,3) size 744x14
            RenderListMarker at (-15,0) size 6x14: bullet
            RenderText {#text} at (0,0) size 89x14
              text run at (0,0) width 89: "This is a list item..."
          RenderBlock {UL} at (0,17) size 744x42
            RenderListItem {LI} at (40,0) size 704x14
              RenderListMarker at (-15,0) size 6x14: white bullet
              RenderText {#text} at (0,0) size 55x14
                text run at (0,0) width 55: "...and this..."
            RenderListItem {LI} at (40,14) size 704x14
              RenderListMarker at (-15,0) size 6x14: white bullet
              RenderText {#text} at (0,0) size 87x14
                text run at (0,0) width 87: "...is a second list..."
            RenderListItem {LI} at (40,28) size 704x14
              RenderListMarker at (-15,0) size 6x14: white bullet
              RenderText {#text} at (0,0) size 132x14
                text run at (0,0) width 132: "...nested within the list item."
        RenderListItem {LI} at (40,59) size 744x17 [border: (3px solid #000000) none]
          RenderListMarker at (-15,3) size 6x14: bullet
          RenderText {#text} at (0,3) size 119x14
            text run at (0,3) width 119: "This is a second list item."
        RenderListItem {LI} at (40,76) size 744x17 [border: (3px solid #000000) none]
          RenderListMarker at (-15,3) size 6x14: bullet
          RenderText {#text} at (0,3) size 360x14
            text run at (0,3) width 360: "Each list item in this list should have a medium-width black border at its top."
      RenderTable {TABLE} at (0,398) size 784x334 [border: (1px outset #808080)]
        RenderTableSection {TBODY} at (1,1) size 782x332
          RenderTableRow {TR} at (0,0) size 782x23
            RenderTableCell {TD} at (0,0) size 782x23 [bgcolor=#C0C0C0] [border: (2px solid #008000) (1px inset #808080)] [r=0 c=0 rs=1 cs=2]
              RenderInline {STRONG} at (0,0) size 122x14
                RenderText {#text} at (4,5) size 122x14
                  text run at (4,5) width 122: "TABLE Testing Section"
          RenderTableRow {TR} at (0,23) size 782x309
            RenderTableCell {TD} at (0,166) size 11x23 [bgcolor=#C0C0C0] [border: (2px solid #008000) (1px inset #808080)] [r=1 c=0 rs=1 cs=1]
              RenderText {#text} at (4,5) size 3x14
                text run at (4,5) width 3: " "
            RenderTableCell {TD} at (11,23) size 771x309 [border: (2px solid #008000) (1px inset #808080)] [r=1 c=1 rs=1 cs=1]
              RenderBlock {P} at (4,5) size 763x28
                RenderText {#text} at (0,0) size 740x28
                  text run at (0,0) width 475: "Note that all table cells on this page should have a two-pixel solid green border along their top sides. "
                  text run at (475,0) width 265: "This border applies only to the cells, not the rows which"
                  text run at (0,14) width 63: "contain them."
              RenderBlock {P} at (4,45) size 763x24 [border: (10px double #800080) none]
                RenderText {#text} at (0,10) size 310x14
                  text run at (0,10) width 310: "This paragraph should have a purple, double, 10-pixel top border."
              RenderBlock {P} at (4,81) size 763x15 [border: (1px solid #800080) none]
                RenderText {#text} at (0,1) size 248x14
                  text run at (0,1) width 248: "This paragraph should have a thin purple top border."
              RenderTable {TABLE} at (4,108) size 701x80 [border: (1px outset #808080)]
                RenderTableSection {TBODY} at (1,1) size 699x78
                  RenderTableRow {TR} at (0,5) size 699x19
                    RenderTableCell {TD} at (5,5) size 689x19 [border: (2px solid #008000) (1px inset #808080)] [r=0 c=0 rs=1 cs=2]
                      RenderText {#text} at (2,3) size 685x14
                        text run at (2,3) width 321: "Every cell in this table should have a 2-pixel solid green top border. "
                        text run at (323,3) width 364: "This is also true of the table-testing section in the second half of the test page."
                  RenderTableRow {TR} at (0,29) size 699x44
                    RenderTableCell {TD} at (5,41) size 173x19 [border: (2px solid #008000) (1px inset #808080)] [r=1 c=0 rs=1 cs=1]
                      RenderText {#text} at (2,3) size 39x14
                        text run at (2,3) width 39: "Cell one"
                    RenderTableCell {TD} at (183,29) size 511x44 [border: (2px solid #008000) (1px inset #808080)] [r=1 c=1 rs=1 cs=1]
                      RenderBlock (anonymous) at (2,3) size 507x14
                        RenderText {#text} at (0,0) size 40x14
                          text run at (0,0) width 40: "Cell two"
                      RenderTable {TABLE} at (2,17) size 123x25 [border: (1px outset #808080)]
                        RenderTableSection {TBODY} at (1,1) size 121x23
                          RenderTableRow {TR} at (0,2) size 121x19
                            RenderTableCell {TD} at (2,2) size 117x19 [border: (2px solid #008000) (1px inset #808080)] [r=0 c=0 rs=1 cs=1]
                              RenderText {#text} at (2,3) size 113x14
                                text run at (2,3) width 113: "Nested single-cell table!"
              RenderBlock {UL} at (4,200) size 763x93
                RenderListItem {LI} at (40,0) size 723x59 [border: (3px solid #000000) none]
                  RenderBlock (anonymous) at (0,3) size 723x14
                    RenderListMarker at (-15,0) size 6x14: bullet
                    RenderText {#text} at (0,0) size 89x14
                      text run at (0,0) width 89: "This is a list item..."
                  RenderBlock {UL} at (0,17) size 723x42
                    RenderListItem {LI} at (40,0) size 683x14
                      RenderListMarker at (-15,0) size 6x14: white bullet
                      RenderText {#text} at (0,0) size 55x14
                        text run at (0,0) width 55: "...and this..."
                    RenderListItem {LI} at (40,14) size 683x14
                      RenderListMarker at (-15,0) size 6x14: white bullet
                      RenderText {#text} at (0,0) size 87x14
                        text run at (0,0) width 87: "...is a second list..."
                    RenderListItem {LI} at (40,28) size 683x14
                      RenderListMarker at (-15,0) size 6x14: white bullet
                      RenderText {#text} at (0,0) size 132x14
                        text run at (0,0) width 132: "...nested within the list item."
                RenderListItem {LI} at (40,59) size 723x17 [border: (3px solid #000000) none]
                  RenderListMarker at (-15,3) size 6x14: bullet
                  RenderText {#text} at (0,3) size 119x14
                    text run at (0,3) width 119: "This is a second list item."
                RenderListItem {LI} at (40,76) size 723x17 [border: (3px solid #000000) none]
                  RenderListMarker at (-15,3) size 6x14: bullet
                  RenderText {#text} at (0,3) size 360x14
                    text run at (0,3) width 360: "Each list item in this list should have a medium-width black border at its top."
