layer at (0,0) size 800x1052
  RenderView at (0,0) size 800x600
layer at (0,0) size 800x1052
  RenderBlock {HTML} at (0,0) size 800x1052
    RenderBody {BODY} at (8,8) size 784x1036 [bgcolor=#CCCCCC]
      RenderBlock {P} at (0,0) size 784x14
        RenderText {#text} at (0,0) size 264x14
          text run at (0,0) width 264: "The style declarations which apply to the text below are:"
      RenderBlock {PRE} at (0,26) size 784x108
        RenderText {#text} at (0,0) size 204x108
          text run at (0,0) width 204: ".one {border: medium black solid;}"
          text run at (204,0) width 0: " "
          text run at (0,12) width 198: ".two {border: thin maroon ridge;}"
          text run at (198,12) width 0: " "
          text run at (0,24) width 204: ".three {border: 10px teal outset;}"
          text run at (204,24) width 0: " "
          text run at (0,36) width 198: ".four {border: 10px olive inset;}"
          text run at (198,36) width 0: " "
          text run at (0,48) width 168: ".five {border: 10px maroon;}"
          text run at (168,48) width 0: " "
          text run at (0,60) width 174: ".six {border: maroon double;}"
          text run at (174,60) width 0: " "
          text run at (0,72) width 192: ".seven {border: left red solid;}"
          text run at (192,72) width 0: " "
          text run at (0,84) width 126: ".eight {border: 0px;}"
          text run at (126,84) width 0: " "
          text run at (0,96) width 174: "TD {border: 2px solid green;}"
          text run at (174,96) width 0: " "
      RenderBlock {HR} at (0,144) size 784x2 [border: (1px inset #000000)]
      RenderBlock {P} at (0,158) size 784x28
        RenderText {#text} at (0,0) size 772x28
          text run at (0,0) width 470: "Note that all table cells on this page should have a two-pixel solid green border along all four sides. "
          text run at (470,0) width 302: "This border applies only to the cells, not the rows which contain"
          text run at (0,14) width 26: "them."
      RenderBlock {P} at (0,198) size 784x20 [border: (3px solid #000000)]
        RenderText {#text} at (3,3) size 361x14
          text run at (3,3) width 361: "This paragraph should have a medium black solid border all the way around."
      RenderBlock {P} at (0,230) size 784x16 [border: (1px ridge #800000)]
        RenderText {#text} at (1,1) size 359x14
          text run at (1,1) width 359: "This paragraph should have a thin maroon ridged border all the way around."
      RenderBlock {P} at (0,258) size 784x34 [border: (10px outset #008080)]
        RenderText {#text} at (10,10) size 387x14
          text run at (10,10) width 387: "This paragraph should have a ten-pixel-wide teal outset border all the way around."
      RenderBlock {P} at (0,304) size 784x34 [border: (10px inset #808000)]
        RenderText {#text} at (10,10) size 388x14
          text run at (10,10) width 388: "This paragraph should have a ten-pixel-wide olive inset border all the way around."
      RenderBlock {P} at (0,350) size 784x14
        RenderText {#text} at (0,0) size 261x14
          text run at (0,0) width 261: "This paragraph should have no border around it, as the "
        RenderInline {TT} at (0,0) size 72x12
          RenderText {#text} at (261,2) size 72x12
            text run at (261,2) width 72: "border-style"
        RenderText {#text} at (333,0) size 243x14
          text run at (333,0) width 243: " was not set, and it should not be offset in any way."
      RenderBlock {P} at (0,376) size 784x20 [border: (3px double #800000)]
        RenderText {#text} at (3,3) size 400x14
          text run at (3,3) width 400: "This paragraph should have a medium maroon double border around it, even though "
        RenderInline {CODE} at (0,0) size 72x12
          RenderText {#text} at (403,5) size 72x12
            text run at (403,5) width 72: "border-width"
        RenderText {#text} at (475,3) size 105x14
          text run at (475,3) width 105: " was not explicitly set."
      RenderBlock {P} at (0,408) size 784x14
        RenderText {#text} at (0,0) size 466x14
          text run at (0,0) width 466: "This paragraph should have no border around it, as its declaration is invalid and should be ignored."
      RenderBlock {P} at (0,434) size 784x18
        RenderInline {A} at (0,0) size 18x14
          RenderText {#text} at (0,4) size 18x14
            text run at (0,4) width 18: "The"
        RenderText {#text} at (18,4) size 536x14
          text run at (18,4) width 536: " following image is also an anchor which points to a target on this page, but it should not have a border around it: "
        RenderInline {A} at (0,0) size 15x14 [color=#0000FF]
          RenderImage {IMG} at (554,0) size 15x15
        RenderText {#text} at (569,4) size 3x14
          text run at (569,4) width 3: "."
      RenderTable {TABLE} at (0,464) size 685x83 [border: (1px outset #808080)]
        RenderTableSection {TBODY} at (1,1) size 683x81
          RenderTableRow {TR} at (0,5) size 683x20
            RenderTableCell {TD} at (5,5) size 673x20 [border: (2px solid #008000)] [r=0 c=0 rs=1 cs=2]
              RenderText {#text} at (3,3) size 667x14
                text run at (3,3) width 303: "Every cell in this table should have a 2-pixel solid green border. "
                text run at (306,3) width 364: "This is also true of the table-testing section in the second half of the test page."
          RenderTableRow {TR} at (0,30) size 683x46
            RenderTableCell {TD} at (5,43) size 170x20 [border: (2px solid #008000)] [r=1 c=0 rs=1 cs=1]
              RenderText {#text} at (3,3) size 39x14
                text run at (3,3) width 39: "Cell one"
            RenderTableCell {TD} at (180,30) size 498x46 [border: (2px solid #008000)] [r=1 c=1 rs=1 cs=1]
              RenderBlock (anonymous) at (3,3) size 492x14
                RenderText {#text} at (0,0) size 40x14
                  text run at (0,0) width 40: "Cell two"
              RenderTable {TABLE} at (3,17) size 125x26 [border: (1px outset #808080)]
                RenderTableSection {TBODY} at (1,1) size 123x24
                  RenderTableRow {TR} at (0,2) size 123x20
                    RenderTableCell {TD} at (2,2) size 119x20 [border: (2px solid #008000)] [r=0 c=0 rs=1 cs=1]
                      RenderText {#text} at (3,3) size 113x14
                        text run at (3,3) width 113: "Nested single-cell table!"
      RenderBlock {P} at (0,559) size 784x14
        RenderText {#text} at (0,0) size 131x14
          text run at (0,0) width 131: "This is an unstyled element."
      RenderTable {TABLE} at (0,585) size 784x451 [border: (1px outset #808080)]
        RenderTableSection {TBODY} at (1,1) size 782x449
          RenderTableRow {TR} at (0,0) size 782x24
            RenderTableCell {TD} at (0,0) size 782x24 [bgcolor=#C0C0C0] [border: (2px solid #008000)] [r=0 c=0 rs=1 cs=2]
              RenderInline {STRONG} at (0,0) size 122x14
                RenderText {#text} at (5,5) size 122x14
                  text run at (5,5) width 122: "TABLE Testing Section"
          RenderTableRow {TR} at (0,24) size 782x425
            RenderTableCell {TD} at (0,224) size 13x24 [bgcolor=#C0C0C0] [border: (2px solid #008000)] [r=1 c=0 rs=1 cs=1]
              RenderText {#text} at (5,5) size 3x14
                text run at (5,5) width 3: " "
            RenderTableCell {TD} at (13,24) size 769x425 [border: (2px solid #008000)] [r=1 c=1 rs=1 cs=1]
              RenderBlock {P} at (5,5) size 759x28
                RenderText {#text} at (0,0) size 735x28
                  text run at (0,0) width 470: "Note that all table cells on this page should have a two-pixel solid green border along all four sides. "
                  text run at (470,0) width 265: "This border applies only to the cells, not the rows which"
                  text run at (0,14) width 63: "contain them."
              RenderBlock {P} at (5,45) size 759x20 [border: (3px solid #000000)]
                RenderText {#text} at (3,3) size 361x14
                  text run at (3,3) width 361: "This paragraph should have a medium black solid border all the way around."
              RenderBlock {P} at (5,77) size 759x16 [border: (1px ridge #800000)]
                RenderText {#text} at (1,1) size 359x14
                  text run at (1,1) width 359: "This paragraph should have a thin maroon ridged border all the way around."
              RenderBlock {P} at (5,105) size 759x34 [border: (10px outset #008080)]
                RenderText {#text} at (10,10) size 387x14
                  text run at (10,10) width 387: "This paragraph should have a ten-pixel-wide teal outset border all the way around."
              RenderBlock {P} at (5,151) size 759x34 [border: (10px inset #808000)]
                RenderText {#text} at (10,10) size 388x14
                  text run at (10,10) width 388: "This paragraph should have a ten-pixel-wide olive inset border all the way around."
              RenderBlock {P} at (5,197) size 759x14
                RenderText {#text} at (0,0) size 261x14
                  text run at (0,0) width 261: "This paragraph should have no border around it, as the "
                RenderInline {TT} at (0,0) size 72x12
                  RenderText {#text} at (261,2) size 72x12
                    text run at (261,2) width 72: "border-style"
                RenderText {#text} at (333,0) size 243x14
                  text run at (333,0) width 243: " was not set, and it should not be offset in any way."
              RenderBlock {P} at (5,223) size 759x20 [border: (3px double #800000)]
                RenderText {#text} at (3,3) size 400x14
                  text run at (3,3) width 400: "This paragraph should have a medium maroon double border around it, even though "
                RenderInline {CODE} at (0,0) size 72x12
                  RenderText {#text} at (403,5) size 72x12
                    text run at (403,5) width 72: "border-width"
                RenderText {#text} at (475,3) size 105x14
                  text run at (475,3) width 105: " was not explicitly set."
              RenderBlock {P} at (5,255) size 759x14
                RenderText {#text} at (0,0) size 466x14
                  text run at (0,0) width 466: "This paragraph should have no border around it, as its declaration is invalid and should be ignored."
              RenderBlock {P} at (5,281) size 759x18
                RenderInline {A} at (0,0) size 18x14
                  RenderText {#text} at (0,4) size 18x14
                    text run at (0,4) width 18: "The"
                RenderText {#text} at (18,4) size 536x14
                  text run at (18,4) width 536: " following image is also an anchor which points to a target on this page, but it should not have a border around it: "
                RenderInline {A} at (0,0) size 15x14 [color=#0000FF]
                  RenderImage {IMG} at (554,0) size 15x15
                RenderText {#text} at (569,4) size 3x14
                  text run at (569,4) width 3: "."
              RenderTable {TABLE} at (5,311) size 685x83 [border: (1px outset #808080)]
                RenderTableSection {TBODY} at (1,1) size 683x81
                  RenderTableRow {TR} at (0,5) size 683x20
                    RenderTableCell {TD} at (5,5) size 673x20 [border: (2px solid #008000)] [r=0 c=0 rs=1 cs=2]
                      RenderText {#text} at (3,3) size 667x14
                        text run at (3,3) width 303: "Every cell in this table should have a 2-pixel solid green border. "
                        text run at (306,3) width 364: "This is also true of the table-testing section in the second half of the test page."
                  RenderTableRow {TR} at (0,30) size 683x46
                    RenderTableCell {TD} at (5,43) size 170x20 [border: (2px solid #008000)] [r=1 c=0 rs=1 cs=1]
                      RenderText {#text} at (3,3) size 39x14
                        text run at (3,3) width 39: "Cell one"
                    RenderTableCell {TD} at (180,30) size 498x46 [border: (2px solid #008000)] [r=1 c=1 rs=1 cs=1]
                      RenderBlock (anonymous) at (3,3) size 492x14
                        RenderText {#text} at (0,0) size 40x14
                          text run at (0,0) width 40: "Cell two"
                      RenderTable {TABLE} at (3,17) size 125x26 [border: (1px outset #808080)]
                        RenderTableSection {TBODY} at (1,1) size 123x24
                          RenderTableRow {TR} at (0,2) size 123x20
                            RenderTableCell {TD} at (2,2) size 119x20 [border: (2px solid #008000)] [r=0 c=0 rs=1 cs=1]
                              RenderText {#text} at (3,3) size 113x14
                                text run at (3,3) width 113: "Nested single-cell table!"
              RenderBlock {P} at (5,406) size 759x14
                RenderText {#text} at (0,0) size 131x14
                  text run at (0,0) width 131: "This is an unstyled element."
