layer at (0,0) size 800x608
  RenderView at (0,0) size 800x600
layer at (0,0) size 800x608
  RenderBlock {HTML} at (0,0) size 800x608
    RenderBody {BODY} at (8,8) size 784x592 [bgcolor=#CCCCCC]
      RenderBlock {P} at (0,0) size 784x14
        RenderText {#text} at (0,0) size 264x14
          text run at (0,0) width 264: "The style declarations which apply to the text below are:"
      RenderBlock {PRE} at (0,26) size 784x66
        RenderText {#text} at (0,0) size 330x66
          text run at (0,0) width 324: ".zero {background-color: silver; border-top-width: 0;}"
          text run at (324,0) width 0: " "
          text run at (0,11) width 306: ".one {border-top-width: 25px; border-style: solid;}"
          text run at (306,11) width 0: " "
          text run at (0,22) width 312: ".two {border-top-width: thick; border-style: solid;}"
          text run at (312,22) width 0: " "
          text run at (0,33) width 330: ".three {border-top-width: medium; border-style: solid;}"
          text run at (330,33) width 0: " "
          text run at (0,44) width 312: ".four {border-top-width: thin; border-style: solid;}"
          text run at (312,44) width 0: " "
          text run at (0,55) width 186: ".five {border-top-width: 25px;}"
          text run at (186,55) width 0: " "
      RenderBlock {HR} at (0,102) size 784x2 [border: (1px inset #000000)]
      RenderBlock {P} at (0,116) size 784x14
        RenderText {#text} at (0,0) size 118x14
          text run at (0,0) width 118: "(These will only work if "
        RenderInline {CODE} at (0,0) size 72x11
          RenderText {#text} at (118,3) size 72x11
            text run at (118,3) width 72: "border-style"
        RenderText {#text} at (190,0) size 68x14
          text run at (190,0) width 68: " is supported.)"
      RenderBlock {P} at (0,142) size 784x14 [bgcolor=#C0C0C0]
        RenderText {#text} at (0,0) size 152x14
          text run at (0,0) width 152: "This element has a class of zero."
      RenderBlock {P} at (0,168) size 784x42 [border: (25px solid #000000) (3px solid #000000)]
        RenderText {#text} at (3,25) size 283x14
          text run at (3,25) width 283: "This paragraph should have a top border width of 25 pixels."
      RenderBlock {P} at (0,222) size 784x22 [border: (5px solid #000000) (3px solid #000000)]
        RenderText {#text} at (3,5) size 250x14
          text run at (3,5) width 250: "This paragraph should have a thick top border width."
      RenderBlock {P} at (0,256) size 784x20 [border: (3px solid #000000)]
        RenderText {#text} at (3,3) size 265x14
          text run at (3,3) width 265: "This paragraph should have a medium top border width."
      RenderBlock {P} at (0,288) size 784x18 [border: (1px solid #000000) (3px solid #000000)]
        RenderText {#text} at (3,1) size 245x14
          text run at (3,1) width 245: "This paragraph should have a thin top border width."
      RenderBlock {P} at (0,318) size 784x14
        RenderText {#text} at (0,0) size 395x14
          text run at (0,0) width 395: "This paragraph should have no border and no extra \"padding\" on its top side, as no "
        RenderInline {CODE} at (0,0) size 72x11
          RenderText {#text} at (395,3) size 72x11
            text run at (395,3) width 72: "border-style"
        RenderText {#text} at (467,0) size 41x14
          text run at (467,0) width 41: " was set."
      RenderTable {TABLE} at (0,344) size 529x248 [border: (1px outset #808080)]
        RenderTableSection {TBODY} at (1,1) size 527x246
          RenderTableRow {TR} at (0,0) size 527x22
            RenderTableCell {TD} at (0,0) size 527x22 [bgcolor=#C0C0C0] [border: (1px inset #808080)] [r=0 c=0 rs=1 cs=2]
              RenderInline {STRONG} at (0,0) size 122x14
                RenderText {#text} at (4,4) size 122x14
                  text run at (4,4) width 122: "TABLE Testing Section"
          RenderTableRow {TR} at (0,22) size 527x224
            RenderTableCell {TD} at (0,123) size 11x22 [bgcolor=#C0C0C0] [border: (1px inset #808080)] [r=1 c=0 rs=1 cs=1]
              RenderText {#text} at (4,4) size 3x14
                text run at (4,4) width 3: " "
            RenderTableCell {TD} at (11,22) size 516x224 [border: (1px inset #808080)] [r=1 c=1 rs=1 cs=1]
              RenderBlock {P} at (4,4) size 508x14
                RenderText {#text} at (0,0) size 118x14
                  text run at (0,0) width 118: "(These will only work if "
                RenderInline {CODE} at (0,0) size 72x11
                  RenderText {#text} at (118,3) size 72x11
                    text run at (118,3) width 72: "border-style"
                RenderText {#text} at (190,0) size 68x14
                  text run at (190,0) width 68: " is supported.)"
              RenderBlock {P} at (4,30) size 508x14 [bgcolor=#C0C0C0]
                RenderText {#text} at (0,0) size 152x14
                  text run at (0,0) width 152: "This element has a class of zero."
              RenderBlock {P} at (4,56) size 508x42 [border: (25px solid #000000) (3px solid #000000)]
                RenderText {#text} at (3,25) size 283x14
                  text run at (3,25) width 283: "This paragraph should have a top border width of 25 pixels."
              RenderBlock {P} at (4,110) size 508x22 [border: (5px solid #000000) (3px solid #000000)]
                RenderText {#text} at (3,5) size 250x14
                  text run at (3,5) width 250: "This paragraph should have a thick top border width."
              RenderBlock {P} at (4,144) size 508x20 [border: (3px solid #000000)]
                RenderText {#text} at (3,3) size 265x14
                  text run at (3,3) width 265: "This paragraph should have a medium top border width."
              RenderBlock {P} at (4,176) size 508x18 [border: (1px solid #000000) (3px solid #000000)]
                RenderText {#text} at (3,1) size 245x14
                  text run at (3,1) width 245: "This paragraph should have a thin top border width."
              RenderBlock {P} at (4,206) size 508x14
                RenderText {#text} at (0,0) size 395x14
                  text run at (0,0) width 395: "This paragraph should have no border and no extra \"padding\" on its top side, as no "
                RenderInline {CODE} at (0,0) size 72x11
                  RenderText {#text} at (395,3) size 72x11
                    text run at (395,3) width 72: "border-style"
                RenderText {#text} at (467,0) size 41x14
                  text run at (467,0) width 41: " was set."
