layer at (0,0) size 800x600
  RenderView at (0,0) size 800x600
layer at (0,0) size 800x600
  RenderBlock {HTML} at (0,0) size 800x600
    RenderBody {BODY} at (8,8) size 784x584 [bgcolor=#CCCCCC]
      RenderBlock {P} at (0,0) size 784x14
        RenderText {#text} at (0,0) size 264x14
          text run at (0,0) width 264: "The style declarations which apply to the text below are:"
      RenderBlock {PRE} at (0,26) size 784x66
        RenderText {#text} at (0,0) size 336x66
          text run at (0,0) width 330: ".zero {background-color: silver; border-left-width: 0;}"
          text run at (330,0) width 0: " "
          text run at (0,11) width 312: ".one {border-left-width: 50px; border-style: solid;}"
          text run at (312,11) width 0: " "
          text run at (0,22) width 318: ".two {border-left-width: thick; border-style: solid;}"
          text run at (318,22) width 0: " "
          text run at (0,33) width 336: ".three {border-left-width: medium; border-style: solid;}"
          text run at (336,33) width 0: " "
          text run at (0,44) width 318: ".four {border-left-width: thin; border-style: solid;}"
          text run at (318,44) width 0: " "
          text run at (0,55) width 192: ".five {border-left-width: 25px;}"
          text run at (192,55) width 0: " "
      RenderBlock {HR} at (0,102) size 784x2 [border: (1px inset #000000)]
      RenderBlock {P} at (0,116) size 784x14
        RenderText {#text} at (0,0) size 118x14
          text run at (0,0) width 118: "(These will only work if "
        RenderInline {CODE} at (0,0) size 72x11
          RenderText {#text} at (118,3) size 72x11
            text run at (118,3) width 72: "border-style"
        RenderText {#text} at (190,0) size 68x14
          text run at (190,0) width 68: " is supported.)"
      RenderBlock {P} at (0,142) size 784x14 [bgcolor=#C0C0C0]
        RenderText {#text} at (0,0) size 152x14
          text run at (0,0) width 152: "This element has a class of zero."
      RenderBlock {P} at (0,168) size 784x20 [border: (3px solid #000000) (50px solid #000000)]
        RenderText {#text} at (50,3) size 601x14
          text run at (50,3) width 601: "This element should have a left border width of 50 pixels, which will be more obvious if the element is more than one line long."
      RenderBlock {P} at (0,200) size 784x20 [border: (3px solid #000000) (5px solid #000000)]
        RenderText {#text} at (5,3) size 568x14
          text run at (5,3) width 568: "This element should have a thick left border width, which will be more obvious if the element is more than one line long."
      RenderBlock {P} at (0,232) size 784x20 [border: (3px solid #000000)]
        RenderText {#text} at (3,3) size 583x14
          text run at (3,3) width 583: "This element should have a medium left border width, which will be more obvious if the element is more than one line long."
      RenderBlock {P} at (0,264) size 784x20 [border: (3px solid #000000) (1px solid #000000)]
        RenderText {#text} at (1,3) size 563x14
          text run at (1,3) width 563: "This element should have a thin left border width, which will be more obvious if the element is more than one line long."
      RenderBlock {P} at (0,296) size 784x14
        RenderText {#text} at (0,0) size 384x14
          text run at (0,0) width 384: "This element should have no border and no extra \"padding\" on its left side, as no "
        RenderInline {CODE} at (0,0) size 72x11
          RenderText {#text} at (384,3) size 72x11
            text run at (384,3) width 72: "border-style"
        RenderText {#text} at (456,0) size 41x14
          text run at (456,0) width 41: " was set."
      RenderTable {TABLE} at (0,322) size 675x226 [border: (1px outset #808080)]
        RenderTableSection {TBODY} at (1,1) size 673x224
          RenderTableRow {TR} at (0,0) size 673x22
            RenderTableCell {TD} at (0,0) size 673x22 [bgcolor=#C0C0C0] [border: (1px inset #808080)] [r=0 c=0 rs=1 cs=2]
              RenderInline {STRONG} at (0,0) size 122x14
                RenderText {#text} at (4,4) size 122x14
                  text run at (4,4) width 122: "TABLE Testing Section"
          RenderTableRow {TR} at (0,22) size 673x202
            RenderTableCell {TD} at (0,112) size 11x22 [bgcolor=#C0C0C0] [border: (1px inset #808080)] [r=1 c=0 rs=1 cs=1]
              RenderText {#text} at (4,4) size 3x14
                text run at (4,4) width 3: " "
            RenderTableCell {TD} at (11,22) size 662x202 [border: (1px inset #808080)] [r=1 c=1 rs=1 cs=1]
              RenderBlock {P} at (4,4) size 654x14
                RenderText {#text} at (0,0) size 118x14
                  text run at (0,0) width 118: "(These will only work if "
                RenderInline {CODE} at (0,0) size 72x11
                  RenderText {#text} at (118,3) size 72x11
                    text run at (118,3) width 72: "border-style"
                RenderText {#text} at (190,0) size 68x14
                  text run at (190,0) width 68: " is supported.)"
              RenderBlock {P} at (4,30) size 654x14 [bgcolor=#C0C0C0]
                RenderText {#text} at (0,0) size 152x14
                  text run at (0,0) width 152: "This element has a class of zero."
              RenderBlock {P} at (4,56) size 654x20 [border: (3px solid #000000) (50px solid #000000)]
                RenderText {#text} at (50,3) size 601x14
                  text run at (50,3) width 601: "This element should have a left border width of 50 pixels, which will be more obvious if the element is more than one line long."
              RenderBlock {P} at (4,88) size 654x20 [border: (3px solid #000000) (5px solid #000000)]
                RenderText {#text} at (5,3) size 568x14
                  text run at (5,3) width 568: "This element should have a thick left border width, which will be more obvious if the element is more than one line long."
              RenderBlock {P} at (4,120) size 654x20 [border: (3px solid #000000)]
                RenderText {#text} at (3,3) size 583x14
                  text run at (3,3) width 583: "This element should have a medium left border width, which will be more obvious if the element is more than one line long."
              RenderBlock {P} at (4,152) size 654x20 [border: (3px solid #000000) (1px solid #000000)]
                RenderText {#text} at (1,3) size 563x14
                  text run at (1,3) width 563: "This element should have a thin left border width, which will be more obvious if the element is more than one line long."
              RenderBlock {P} at (4,184) size 654x14
                RenderText {#text} at (0,0) size 384x14
                  text run at (0,0) width 384: "This element should have no border and no extra \"padding\" on its left side, as no "
                RenderInline {CODE} at (0,0) size 72x11
                  RenderText {#text} at (384,3) size 72x11
                    text run at (384,3) width 72: "border-style"
                RenderText {#text} at (456,0) size 41x14
                  text run at (456,0) width 41: " was set."
