layer at (0,0) size 800x600
  RenderView at (0,0) size 800x600
layer at (0,0) size 800x600
  RenderBlock {HTML} at (0,0) size 800x600
    RenderBody {BODY} at (8,8) size 784x584 [bgcolor=#CCCCCC]
      RenderBlock {P} at (0,0) size 784x14
        RenderText {#text} at (0,0) size 264x14
          text run at (0,0) width 264: "The style declarations which apply to the text below are:"
      RenderBlock {PRE} at (0,24) size 784x108
        RenderText {#text} at (0,0) size 462x108
          text run at (0,0) width 294: "P { margin: 0; padding: 0; text-align:  justify;}"
          text run at (294,0) width 0: " "
          text run at (0,12) width 0: " "
          text run at (0,24) width 288: "DIV.menu {float: left; clear: left; width: 11em;"
          text run at (288,24) width 0: " "
          text run at (0,36) width 348: "          margin: 0; margin-bottom: 10px; padding: 0.5em;}"
          text run at (348,36) width 0: " "
          text run at (0,48) width 324: "DIV.menu H1 {font-size: 1.2em; margin: 0; padding: 0;}"
          text run at (324,48) width 0: " "
          text run at (0,60) width 336: "DIV.menu UL {margin: 0.2em 0.3em 0.2em 1em; padding: 0;}"
          text run at (336,60) width 0: " "
          text run at (0,72) width 462: "DIV.article {padding: 0.5em; margin: 0; margin-left: 14em; margin-right: 2em;"
          text run at (462,72) width 0: " "
          text run at (0,84) width 360: "             color: black; background: yellow; clear: none;}"
          text run at (360,84) width 0: " "
          text run at (0,96) width 0: " "
      RenderBlock {HR} at (0,142) size 784x2 [border: (1px inset #000000)]
      RenderBlock (floating) {DIV} at (0,150) size 144x89 [color=#FFFFFF] [bgcolor=#008000]
        RenderBlock {H1} at (6,6) size 132x17
          RenderText {#text} at (0,0) size 62x17
            text run at (0,0) width 62: "Top menu"
        RenderBlock {UL} at (18,25) size 117x56
          RenderListItem {LI} at (0,0) size 117x14
            RenderListMarker at (-15,0) size 6x14: bullet
            RenderText {#text} at (0,0) size 26x14
              text run at (0,0) width 26: "green"
          RenderListItem {LI} at (0,14) size 117x14
            RenderListMarker at (-15,0) size 6x14: bullet
            RenderText {#text} at (0,0) size 46x14
              text run at (0,0) width 46: "white text"
          RenderListItem {LI} at (0,28) size 117x14
            RenderListMarker at (-15,0) size 6x14: bullet
            RenderText {#text} at (0,0) size 70x14
              text run at (0,0) width 70: "0.5em padding"
          RenderListItem {LI} at (0,42) size 117x14
            RenderListMarker at (-15,0) size 6x14: bullet
            RenderText {#text} at (0,0) size 65x14
              text run at (0,0) width 65: "0.5em margin"
      RenderBlock (floating) {DIV} at (0,249) size 144x89 [color=#FFFFFF] [bgcolor=#0000FF]
        RenderBlock {H1} at (6,6) size 132x17
          RenderText {#text} at (0,0) size 83x17
            text run at (0,0) width 83: "Bottom menu"
        RenderBlock {UL} at (18,25) size 117x56
          RenderListItem {LI} at (0,0) size 117x14
            RenderListMarker at (-15,0) size 6x14: bullet
            RenderText {#text} at (0,0) size 79x14
              text run at (0,0) width 79: "blue background"
          RenderListItem {LI} at (0,14) size 117x14
            RenderListMarker at (-15,0) size 6x14: bullet
            RenderText {#text} at (0,0) size 46x14
              text run at (0,0) width 46: "white text"
          RenderListItem {LI} at (0,28) size 117x14
            RenderListMarker at (-15,0) size 6x14: bullet
            RenderText {#text} at (0,0) size 70x14
              text run at (0,0) width 70: "0.5em padding"
          RenderListItem {LI} at (0,42) size 117x14
            RenderListMarker at (-15,0) size 6x14: bullet
            RenderText {#text} at (0,0) size 65x14
              text run at (0,0) width 65: "0.5em margin"
      RenderBlock {DIV} at (168,150) size 592x156 [bgcolor=#FFFF00]
        RenderBlock {H1} at (6,22) size 580x28
          RenderText {#text} at (0,0) size 209x28
            text run at (0,0) width 209: "The 'clear' property"
        RenderBlock {P} at (6,66) size 580x56
          RenderText {#text} at (0,0) size 580x56
            text run at (0,0) width 546: "This page has two floating \"menus\" on the side; one has a green background, and the other a blue background. "
            text run at (546,0) width 34: "Due to"
            text run at (0,14) width 580: "settings on the 'float' and 'clear' properties, the two menus should appear on the left side of the page, the blue below the"
            text run at (0,28) width 580: "green. There should be a 10px gap between the two menus. There should also be a 10px gap between the top menu and the"
            text run at (0,42) width 73: "top of the page."
        RenderBlock {P} at (6,122) size 580x28
          RenderText {#text} at (0,0) size 580x28
            text run at (0,0) width 580: "The top of the yellow rectangle (to which this paragraph belongs) should be vertically aligned with the top of the green"
            text run at (0,14) width 45: "rectangle."
      RenderTable {TABLE} at (144,306) size 640x230 [border: (1px outset #808080)]
        RenderTableSection {TBODY} at (1,1) size 638x228
          RenderTableRow {TR} at (0,0) size 638x22
            RenderTableCell {TD} at (0,0) size 638x22 [bgcolor=#C0C0C0] [border: (1px inset #808080)] [r=0 c=0 rs=1 cs=2]
              RenderInline {STRONG} at (0,0) size 122x14
                RenderText {#text} at (4,4) size 122x14
                  text run at (4,4) width 122: "TABLE Testing Section"
          RenderTableRow {TR} at (0,22) size 638x206
            RenderTableCell {TD} at (0,114) size 11x22 [bgcolor=#C0C0C0] [border: (1px inset #808080)] [r=1 c=0 rs=1 cs=1]
              RenderText {#text} at (4,4) size 3x14
                text run at (4,4) width 3: " "
            RenderTableCell {TD} at (11,22) size 627x206 [border: (1px inset #808080)] [r=1 c=1 rs=1 cs=1]
              RenderBlock (floating) {DIV} at (4,4) size 144x89 [color=#FFFFFF] [bgcolor=#008000]
                RenderBlock {H1} at (6,6) size 132x17
                  RenderText {#text} at (0,0) size 62x17
                    text run at (0,0) width 62: "Top menu"
                RenderBlock {UL} at (18,25) size 117x56
                  RenderListItem {LI} at (0,0) size 117x14
                    RenderListMarker at (-15,0) size 6x14: bullet
                    RenderText {#text} at (0,0) size 26x14
                      text run at (0,0) width 26: "green"
                  RenderListItem {LI} at (0,14) size 117x14
                    RenderListMarker at (-15,0) size 6x14: bullet
                    RenderText {#text} at (0,0) size 46x14
                      text run at (0,0) width 46: "white text"
                  RenderListItem {LI} at (0,28) size 117x14
                    RenderListMarker at (-15,0) size 6x14: bullet
                    RenderText {#text} at (0,0) size 70x14
                      text run at (0,0) width 70: "0.5em padding"
                  RenderListItem {LI} at (0,42) size 117x14
                    RenderListMarker at (-15,0) size 6x14: bullet
                    RenderText {#text} at (0,0) size 65x14
                      text run at (0,0) width 65: "0.5em margin"
              RenderBlock (floating) {DIV} at (4,103) size 144x89 [color=#FFFFFF] [bgcolor=#0000FF]
                RenderBlock {H1} at (6,6) size 132x17
                  RenderText {#text} at (0,0) size 83x17
                    text run at (0,0) width 83: "Bottom menu"
                RenderBlock {UL} at (18,25) size 117x56
                  RenderListItem {LI} at (0,0) size 117x14
                    RenderListMarker at (-15,0) size 6x14: bullet
                    RenderText {#text} at (0,0) size 79x14
                      text run at (0,0) width 79: "blue background"
                  RenderListItem {LI} at (0,14) size 117x14
                    RenderListMarker at (-15,0) size 6x14: bullet
                    RenderText {#text} at (0,0) size 46x14
                      text run at (0,0) width 46: "white text"
                  RenderListItem {LI} at (0,28) size 117x14
                    RenderListMarker at (-15,0) size 6x14: bullet
                    RenderText {#text} at (0,0) size 70x14
                      text run at (0,0) width 70: "0.5em padding"
                  RenderListItem {LI} at (0,42) size 117x14
                    RenderListMarker at (-15,0) size 6x14: bullet
                    RenderText {#text} at (0,0) size 65x14
                      text run at (0,0) width 65: "0.5em margin"
              RenderBlock {DIV} at (172,4) size 427x170 [bgcolor=#FFFF00]
                RenderBlock {H1} at (6,22) size 415x28
                  RenderText {#text} at (0,0) size 209x28
                    text run at (0,0) width 209: "The 'clear' property"
                RenderBlock {P} at (6,66) size 415x70
                  RenderText {#text} at (0,0) size 415x70
                    text run at (0,0) width 415: "This page has two floating \"menus\" on the side; one has a green background, and the"
                    text run at (0,14) width 126: "other a blue background. "
                    text run at (126,14) width 289: "Due to settings on the 'float' and 'clear' properties, the two"
                    text run at (0,28) width 415: "menus should appear on the left side of the page, the blue below the green. There"
                    text run at (0,42) width 415: "should be a 10px gap between the two menus. There should also be a 10px gap"
                    text run at (0,56) width 216: "between the top menu and the top of the page."
                RenderBlock {P} at (6,136) size 415x28
                  RenderText {#text} at (0,0) size 415x28
                    text run at (0,0) width 415: "The top of the yellow rectangle (to which this paragraph belongs) should be vertically"
                    text run at (0,14) width 200: "aligned with the top of the green rectangle."
