layer at (0,0) size 800x600
  RenderView at (0,0) size 800x600
layer at (0,0) size 800x600
  RenderBlock {HTML} at (0,0) size 800x600
    RenderBody {BODY} at (8,8) size 784x584 [bgcolor=#CCCCCC]
      RenderBlock {P} at (0,0) size 784x14
        RenderText {#text} at (0,0) size 264x14
          text run at (0,0) width 264: "The style declarations which apply to the text below are:"
      RenderBlock {PRE} at (0,26) size 784x36
        RenderText {#text} at (0,0) size 120x36
          text run at (0,0) width 114: ".one {float: left;}"
          text run at (114,0) width 0: " "
          text run at (0,12) width 120: ".two {float: right;}"
          text run at (120,12) width 0: " "
          text run at (0,24) width 0: " "
      RenderBlock {HR} at (0,72) size 784x2 [border: (1px inset #000000)]
      RenderImage {IMG} at (0,80) size 15x50
      RenderBlock {P} at (0,86) size 784x14
        RenderText {#text} at (15,0) size 734x14
          text run at (15,0) width 449: "This text should be flowing past a tall orange rectangle on the left side of the browser window. "
          text run at (464,0) width 285: "In this case, it is the image which has been floated to the left."
      RenderBlock (anonymous) at (0,112) size 784x18
        RenderBR {BR} at (15,0) size 0x14
      RenderBlock {HR} at (0,136) size 784x2 [border: (1px inset #000000)]
      RenderImage {IMG} at (769,144) size 15x50
      RenderBlock {P} at (0,150) size 784x14
        RenderText {#text} at (0,0) size 748x14
          text run at (0,0) width 456: "This text should be flowing past a tall orange rectangle on the right side of the browser window. "
          text run at (456,0) width 292: "In this case, it is the image which has been floated to the right."
      RenderTable {TABLE} at (0,176) size 769x150 [border: (1px outset #808080)]
        RenderTableSection {TBODY} at (1,1) size 767x148
          RenderTableRow {TR} at (0,0) size 767x22
            RenderTableCell {TD} at (0,0) size 767x22 [bgcolor=#C0C0C0] [border: (1px inset #808080)] [r=0 c=0 rs=1 cs=2]
              RenderInline {STRONG} at (0,0) size 122x14
                RenderText {#text} at (4,4) size 122x14
                  text run at (4,4) width 122: "TABLE Testing Section"
          RenderTableRow {TR} at (0,22) size 767x126
            RenderTableCell {TD} at (0,74) size 11x22 [bgcolor=#C0C0C0] [border: (1px inset #808080)] [r=1 c=0 rs=1 cs=1]
              RenderText {#text} at (4,4) size 3x14
                text run at (4,4) width 3: " "
            RenderTableCell {TD} at (11,22) size 756x126 [border: (1px inset #808080)] [r=1 c=1 rs=1 cs=1]
              RenderImage {IMG} at (4,4) size 15x50
              RenderBlock {P} at (4,4) size 748x28
                RenderText {#text} at (15,0) size 713x28
                  text run at (15,0) width 449: "This text should be flowing past a tall orange rectangle on the left side of the browser window. "
                  text run at (464,0) width 264: "In this case, it is the image which has been floated to the"
                  text run at (15,14) width 18: "left."
              RenderBlock (anonymous) at (4,44) size 748x14
                RenderBR {BR} at (15,0) size 0x14
              RenderBlock {HR} at (4,64) size 748x2 [border: (1px inset #000000)]
              RenderImage {IMG} at (737,72) size 15x50
              RenderBlock {P} at (4,78) size 748x28
                RenderText {#text} at (0,0) size 720x28
                  text run at (0,0) width 456: "This text should be flowing past a tall orange rectangle on the right side of the browser window. "
                  text run at (456,0) width 264: "In this case, it is the image which has been floated to the"
                  text run at (0,14) width 25: "right."
