layer at (0,0) size 800x1860
  RenderView at (0,0) size 800x600
layer at (0,0) size 800x1860
  RenderBlock {HTML} at (0,0) size 800x1860
    RenderBody {BODY} at (8,8) size 784x1844 [bgcolor=#CCCCCC]
      RenderBlock {P} at (0,0) size 784x14
        RenderText {#text} at (0,0) size 264x14
          text run at (0,0) width 264: "The style declarations which apply to the text below are:"
      RenderBlock {PRE} at (0,26) size 784x108
        RenderText {#text} at (0,0) size 420x108
          text run at (0,0) width 258: "P.test {background: white; font-size: 20px;"
          text run at (258,0) width 0: " "
          text run at (0,12) width 420: "        margin-left: 30px; margin-right: 10px; padding: 0; border: 0;}"
          text run at (420,12) width 0: " "
          text run at (0,24) width 234: "IMG {padding: 0; border: 0; margin: 0;}"
          text run at (234,24) width 0: " "
          text run at (0,36) width 150: "P.test IMG {float: left;}"
          text run at (150,36) width 0: " "
          text run at (0,48) width 264: "#img2 {margin-top: 30px; margin-left: 30px;}"
          text run at (264,48) width 0: " "
          text run at (0,60) width 276: "#img3 {margin-top: -30px; margin-left: -30px;}"
          text run at (276,60) width 0: " "
          text run at (0,72) width 288: "#img4 {margin-right: 30px; margin-bottom: 30px;}"
          text run at (288,72) width 0: " "
          text run at (0,84) width 300: "#img5 {margin-right: -30px; margin-bottom: -30px;}"
          text run at (300,84) width 0: " "
          text run at (0,96) width 0: " "
      RenderBlock {HR} at (0,144) size 784x2 [border: (1px inset #000000)]
      RenderBlock {P} at (30,166) size 744x92 [bgcolor=#FFFFFF]
        RenderText {#text} at (0,0) size 738x92
          text run at (0,0) width 663: "This paragraph should have a white background which extends to the edges of the"
          text run at (0,23) width 122: "element's box. "
          text run at (122,23) width 442: "There is no padding set on this paragraph whatsoever. "
          text run at (564,23) width 166: "If the background of"
          text run at (0,46) width 738: "the entire box is not white, this may cause problems with the following tests; at any rate, it"
          text run at (0,69) width 223: "must be taken into account."
      RenderBlock {P} at (30,278) size 744x115 [bgcolor=#FFFFFF]
        RenderImage {IMG} at (0,0) size 60x60
        RenderText {#text} at (60,0) size 741x115
          text run at (60,0) width 638: "The image in the upper left corner of this paragraph should be floated left, and"
          text run at (60,23) width 119: "nothing more. "
          text run at (179,23) width 540: "The edges of the white background should line up with the top and"
          text run at (60,46) width 196: "left edges of the image. "
          text run at (256,46) width 485: "This paragraph should have a white background, first of all,"
          text run at (0,69) width 397: "which extends to the edges of the element's box. "
          text run at (397,69) width 335: "There is no padding set on this paragraph"
          text run at (0,92) width 97: "whatsoever."
      RenderBlock {P} at (30,413) size 744x115 [bgcolor=#FFFFFF]
        RenderImage {IMG} at (30,30) size 60x60
        RenderText {#text} at (90,0) size 741x115
          text run at (90,0) width 649: "The image in the upper left corner of this paragraph should be pushed down and"
          text run at (90,23) width 651: "to the right 30 pixels each from the upper left corner of the paragraph's box, and"
          text run at (90,46) width 330: "displace the paragraph text accordingly. "
          text run at (420,46) width 288: "This paragraph should have a white"
          text run at (90,69) width 594: "background, first of all, which extends to the edges of the element's box. "
          text run at (684,69) width 47: "There"
          text run at (0,92) width 385: "is no padding set on this paragraph whatsoever."
      RenderBlock {P} at (30,548) size 744x115 [bgcolor=#FFFFFF]
        RenderImage {IMG} at (-30,-30) size 60x60
        RenderText {#text} at (30,0) size 739x115
          text run at (30,0) width 709: "The image in the upper left corner of this paragraph should be pushed up and to the left"
          text run at (30,23) width 709: "30 pixels each from the upper left corner of the paragraph's box, thus causing the edges"
          text run at (0,46) width 582: "of the white background to align with the thick gray lines in the image. "
          text run at (582,46) width 122: "This paragraph"
          text run at (0,69) width 715: "should have a white background, first of all, which extends to the edges of the element's"
          text run at (0,92) width 40: "box. "
          text run at (40,92) width 437: "There is no padding set on this paragraph whatsoever."
      RenderBlock {P} at (30,683) size 744x138 [bgcolor=#FFFFFF]
        RenderImage {IMG} at (0,0) size 60x60
        RenderText {#text} at (90,0) size 730x138
          text run at (90,0) width 638: "The image in the upper left corner of this paragraph should be floated left, and"
          text run at (90,23) width 640: "the edges of the white background should line up with the top and left edges of"
          text run at (90,46) width 90: "the image. "
          text run at (180,46) width 538: "However, there should be 30 pixels of space between the right and"
          text run at (90,69) width 490: "bottom edges of the image and the paragraph text around it. "
          text run at (580,69) width 122: "This paragraph"
          text run at (0,92) width 715: "should have a white background, first of all, which extends to the edges of the element's"
          text run at (0,115) width 40: "box. "
          text run at (40,115) width 437: "There is no padding set on this paragraph whatsoever."
      RenderBlock {P} at (30,841) size 744x138 [bgcolor=#FFFFFF]
        RenderImage {IMG} at (0,0) size 60x60
        RenderText {#text} at (30,0) size 732x138
          text run at (30,0) width 668: "The image in the upper left corner of this paragraph should be floated left, and the"
          text run at (30,23) width 700: "edges of the white background should line up with the top and left edges of the image."
          text run at (0,46) width 707: "However, the text should overlap the image's right and bottom sides, lining up with the"
          text run at (0,69) width 242: "thick gray lines in the image. "
          text run at (242,69) width 485: "This paragraph should have a white background, first of all,"
          text run at (0,92) width 397: "which extends to the edges of the element's box. "
          text run at (397,92) width 335: "There is no padding set on this paragraph"
          text run at (0,115) width 97: "whatsoever."
      RenderTable {TABLE} at (0,999) size 784x845 [border: (1px outset #808080)]
        RenderTableSection {TBODY} at (1,1) size 782x843
          RenderTableRow {TR} at (0,0) size 782x22
            RenderTableCell {TD} at (0,0) size 782x22 [bgcolor=#C0C0C0] [border: (1px inset #808080)] [r=0 c=0 rs=1 cs=2]
              RenderInline {STRONG} at (0,0) size 122x14
                RenderText {#text} at (4,4) size 122x14
                  text run at (4,4) width 122: "TABLE Testing Section"
          RenderTableRow {TR} at (0,22) size 782x821
            RenderTableCell {TD} at (0,421) size 11x22 [bgcolor=#C0C0C0] [border: (1px inset #808080)] [r=1 c=0 rs=1 cs=1]
              RenderText {#text} at (4,4) size 3x14
                text run at (4,4) width 3: " "
            RenderTableCell {TD} at (11,22) size 771x821 [border: (1px inset #808080)] [r=1 c=1 rs=1 cs=1]
              RenderBlock {P} at (34,4) size 723x92 [bgcolor=#FFFFFF]
                RenderText {#text} at (0,0) size 708x92
                  text run at (0,0) width 663: "This paragraph should have a white background which extends to the edges of the"
                  text run at (0,23) width 122: "element's box. "
                  text run at (122,23) width 442: "There is no padding set on this paragraph whatsoever. "
                  text run at (564,23) width 144: "If the background"
                  text run at (0,46) width 702: "of the entire box is not white, this may cause problems with the following tests; at any"
                  text run at (0,69) width 281: "rate, it must be taken into account."
              RenderBlock {P} at (34,116) size 723x115 [bgcolor=#FFFFFF]
                RenderImage {IMG} at (0,0) size 60x60
                RenderText {#text} at (60,0) size 719x115
                  text run at (60,0) width 638: "The image in the upper left corner of this paragraph should be floated left, and"
                  text run at (60,23) width 119: "nothing more. "
                  text run at (179,23) width 540: "The edges of the white background should line up with the top and"
                  text run at (60,46) width 196: "left edges of the image. "
                  text run at (256,46) width 454: "This paragraph should have a white background, first of"
                  text run at (0,69) width 428: "all, which extends to the edges of the element's box. "
                  text run at (428,69) width 249: "There is no padding set on this"
                  text run at (0,92) width 183: "paragraph whatsoever."
              RenderBlock {P} at (34,251) size 723x115 [bgcolor=#FFFFFF]
                RenderImage {IMG} at (30,30) size 60x60
                RenderText {#text} at (90,0) size 718x115
                  text run at (90,0) width 615: "The image in the upper left corner of this paragraph should be pushed down"
                  text run at (90,23) width 611: "and to the right 30 pixels each from the upper left corner of the paragraph's"
                  text run at (90,46) width 404: "box, and displace the paragraph text accordingly. "
                  text run at (494,46) width 224: "This paragraph should have"
                  text run at (90,69) width 613: "a white background, first of all, which extends to the edges of the element's"
                  text run at (0,92) width 40: "box. "
                  text run at (40,92) width 437: "There is no padding set on this paragraph whatsoever."
              RenderBlock {P} at (34,386) size 723x115 [bgcolor=#FFFFFF]
                RenderImage {IMG} at (-30,-30) size 60x60
                RenderText {#text} at (30,0) size 721x115
                  text run at (30,0) width 676: "The image in the upper left corner of this paragraph should be pushed up and to the"
                  text run at (30,23) width 691: "left 30 pixels each from the upper left corner of the paragraph's box, thus causing the"
                  text run at (0,46) width 633: "edges of the white background to align with the thick gray lines in the image. "
                  text run at (633,46) width 36: "This"
                  text run at (0,69) width 719: "paragraph should have a white background, first of all, which extends to the edges of the"
                  text run at (0,92) width 122: "element's box. "
                  text run at (122,92) width 437: "There is no padding set on this paragraph whatsoever."
              RenderBlock {P} at (34,521) size 723x138 [bgcolor=#FFFFFF]
                RenderImage {IMG} at (0,0) size 60x60
                RenderText {#text} at (90,0) size 719x138
                  text run at (90,0) width 604: "The image in the upper left corner of this paragraph should be floated left,"
                  text run at (90,23) width 601: "and the edges of the white background should line up with the top and left"
                  text run at (90,46) width 163: "edges of the image. "
                  text run at (253,46) width 460: "However, there should be 30 pixels of space between the"
                  text run at (90,69) width 568: "right and bottom edges of the image and the paragraph text around it. "
                  text run at (658,69) width 36: "This"
                  text run at (0,92) width 719: "paragraph should have a white background, first of all, which extends to the edges of the"
                  text run at (0,115) width 122: "element's box. "
                  text run at (122,115) width 437: "There is no padding set on this paragraph whatsoever."
              RenderBlock {P} at (34,679) size 723x138 [bgcolor=#FFFFFF]
                RenderImage {IMG} at (0,0) size 60x60
                RenderText {#text} at (30,0) size 706x138
                  text run at (30,0) width 668: "The image in the upper left corner of this paragraph should be floated left, and the"
                  text run at (30,23) width 640: "edges of the white background should line up with the top and left edges of the"
                  text run at (0,46) width 60: "image. "
                  text run at (60,46) width 636: "However, the text should overlap the image's right and bottom sides, lining up"
                  text run at (0,69) width 313: "with the thick gray lines in the image. "
                  text run at (313,69) width 393: "This paragraph should have a white background,"
                  text run at (0,92) width 489: "first of all, which extends to the edges of the element's box. "
                  text run at (489,92) width 214: "There is no padding set on"
                  text run at (0,115) width 218: "this paragraph whatsoever."
