layer at (0,0) size 800x600
  RenderView at (0,0) size 800x600
layer at (0,0) size 800x600
  RenderBlock {HTML} at (0,0) size 800x600
    RenderBody {BODY} at (8,8) size 784x584 [bgcolor=#CCCCCC]
      RenderBlock {P} at (0,0) size 784x14
        RenderText {#text} at (0,0) size 264x14
          text run at (0,0) width 264: "The style declarations which apply to the text below are:"
      RenderBlock {PRE} at (0,26) size 784x44
        RenderText {#text} at (0,0) size 294x44
          text run at (0,0) width 288: ".zero {background-color: silver; margin-top: 0;}"
          text run at (288,0) width 0: " "
          text run at (0,11) width 288: ".one {margin-top: 25px; background-color: aqua;}"
          text run at (288,11) width 0: " "
          text run at (0,22) width 294: ".two {margin-top: -10px; background-color: aqua;}"
          text run at (294,22) width 0: " "
          text run at (0,33) width 0: " "
      RenderBlock {HR} at (0,80) size 784x2 [border: (1px inset #000000)]
      RenderBlock {P} at (0,94) size 784x28 [bgcolor=#808080]
        RenderText {#text} at (0,0) size 358x14
          text run at (0,0) width 292: "This element is unstyled save for a background color of gray. "
          text run at (292,0) width 66: "It contains an "
        RenderInline {SPAN} at (0,0) size 377x14 [bgcolor=#00FFFF]
          RenderText {#text} at (358,0) size 107x14
            text run at (358,0) width 107: "inline element of class "
          RenderInline {TT} at (0,0) size 18x11
            RenderText {#text} at (465,3) size 18x11
              text run at (465,3) width 18: "one"
          RenderText {#text} at (483,0) size 252x14
            text run at (483,0) width 252: ", giving it an aqua background and a 25px top margin"
        RenderText {#text} at (735,0) size 781x28
          text run at (735,0) width 6: ". "
          text run at (741,0) width 40: "Margins"
          text run at (0,14) width 545: "on inline elements do not affect line-height calculations, so all lines in this element should have the same line-height."
      RenderBlock {P} at (0,134) size 784x28 [bgcolor=#808080]
        RenderText {#text} at (0,0) size 358x14
          text run at (0,0) width 292: "This element is unstyled save for a background color of gray. "
          text run at (292,0) width 66: "It contains an "
        RenderInline {SPAN} at (0,0) size 779x28 [bgcolor=#00FFFF]
          RenderText {#text} at (358,0) size 107x14
            text run at (358,0) width 107: "inline element of class "
          RenderInline {TT} at (0,0) size 18x11
            RenderText {#text} at (465,3) size 18x11
              text run at (465,3) width 18: "two"
          RenderText {#text} at (483,0) size 779x28
            text run at (483,0) width 296: ", giving the inline element an aqua background and a -10px top"
            text run at (0,14) width 33: "margin"
        RenderText {#text} at (33,14) size 594x14
          text run at (33,14) width 6: ". "
          text run at (39,14) width 588: "Margins on inline elements do not affect line-height calculations, so all lines in this element should have the same line-height."
      RenderTable {TABLE} at (0,174) size 784x100 [border: (1px outset #808080)]
        RenderTableSection {TBODY} at (1,1) size 782x98
          RenderTableRow {TR} at (0,0) size 782x22
            RenderTableCell {TD} at (0,0) size 782x22 [bgcolor=#C0C0C0] [border: (1px inset #808080)] [r=0 c=0 rs=1 cs=2]
              RenderInline {STRONG} at (0,0) size 122x14
                RenderText {#text} at (4,4) size 122x14
                  text run at (4,4) width 122: "TABLE Testing Section"
          RenderTableRow {TR} at (0,22) size 782x76
            RenderTableCell {TD} at (0,49) size 11x22 [bgcolor=#C0C0C0] [border: (1px inset #808080)] [r=1 c=0 rs=1 cs=1]
              RenderText {#text} at (4,4) size 3x14
                text run at (4,4) width 3: " "
            RenderTableCell {TD} at (11,22) size 771x76 [border: (1px inset #808080)] [r=1 c=1 rs=1 cs=1]
              RenderBlock {P} at (4,4) size 763x28 [bgcolor=#808080]
                RenderText {#text} at (0,0) size 358x14
                  text run at (0,0) width 292: "This element is unstyled save for a background color of gray. "
                  text run at (292,0) width 66: "It contains an "
                RenderInline {SPAN} at (0,0) size 377x14 [bgcolor=#00FFFF]
                  RenderText {#text} at (358,0) size 107x14
                    text run at (358,0) width 107: "inline element of class "
                  RenderInline {TT} at (0,0) size 18x11
                    RenderText {#text} at (465,3) size 18x11
                      text run at (465,3) width 18: "one"
                  RenderText {#text} at (483,0) size 252x14
                    text run at (483,0) width 252: ", giving it an aqua background and a 25px top margin"
                RenderText {#text} at (735,0) size 738x28
                  text run at (735,0) width 3: "."
                  text run at (0,14) width 588: "Margins on inline elements do not affect line-height calculations, so all lines in this element should have the same line-height."
              RenderBlock {P} at (4,44) size 763x28 [bgcolor=#808080]
                RenderText {#text} at (0,0) size 358x14
                  text run at (0,0) width 292: "This element is unstyled save for a background color of gray. "
                  text run at (292,0) width 66: "It contains an "
                RenderInline {SPAN} at (0,0) size 761x28 [bgcolor=#00FFFF]
                  RenderText {#text} at (358,0) size 107x14
                    text run at (358,0) width 107: "inline element of class "
                  RenderInline {TT} at (0,0) size 18x11
                    RenderText {#text} at (465,3) size 18x11
                      text run at (465,3) width 18: "two"
                  RenderText {#text} at (483,0) size 761x28
                    text run at (483,0) width 278: ", giving the inline element an aqua background and a -10px"
                    text run at (0,14) width 51: "top margin"
                RenderText {#text} at (51,14) size 594x14
                  text run at (51,14) width 6: ". "
                  text run at (57,14) width 588: "Margins on inline elements do not affect line-height calculations, so all lines in this element should have the same line-height."
