layer at (0,0) size 800x1282
  RenderView at (0,0) size 800x600
layer at (0,0) size 800x1282
  RenderBlock {HTML} at (0,0) size 800x1282
    RenderBody {BODY} at (8,8) size 784x1266 [bgcolor=#CCCCCC]
      RenderBlock {P} at (0,0) size 784x14
        RenderText {#text} at (0,0) size 264x14
          text run at (0,0) width 264: "The style declarations which apply to the text below are:"
      RenderBlock {PRE} at (0,24) size 784x96
        RenderText {#text} at (0,0) size 294x96
          text run at (0,0) width 288: ".zero {background-color: silver; margin-top: 0;}"
          text run at (288,0) width 0: " "
          text run at (0,12) width 294: ".one {margin-top: 0.5in; background-color: aqua;}"
          text run at (294,12) width 0: " "
          text run at (0,24) width 288: ".two {margin-top: 25px; background-color: aqua;}"
          text run at (288,24) width 0: " "
          text run at (0,36) width 294: ".three {margin-top: 5em; background-color: aqua;}"
          text run at (294,36) width 0: " "
          text run at (0,48) width 288: ".four {margin-top: 25%; background-color: aqua;}"
          text run at (288,48) width 0: " "
          text run at (0,60) width 150: ".five {margin-top: 25px;}"
          text run at (150,60) width 0: " "
          text run at (0,72) width 294: ".six {margin-top: -10px; background-color: aqua;}"
          text run at (294,72) width 0: " "
          text run at (0,84) width 150: "P, UL {margin-bottom: 0;}"
          text run at (150,84) width 0: " "
      RenderBlock {HR} at (0,130) size 784x2 [border: (1px inset #000000)]
      RenderBlock {P} at (0,138) size 784x14 [bgcolor=#C0C0C0]
        RenderText {#text} at (0,0) size 152x14
          text run at (0,0) width 152: "This element has a class of zero."
      RenderBlock {P} at (0,152) size 784x14 [bgcolor=#C0C0C0]
        RenderText {#text} at (0,0) size 174x14
          text run at (0,0) width 174: "This element also has a class of zero."
      RenderBlock {P} at (0,214) size 784x14 [bgcolor=#00FFFF]
        RenderText {#text} at (0,0) size 685x14
          text run at (0,0) width 685: "This element should have a top margin of half an inch, which will require extra text in order to make sure that the margin isn't applied to each line."
      RenderBlock {P} at (0,253) size 784x14 [bgcolor=#00FFFF]
        RenderText {#text} at (0,0) size 673x14
          text run at (0,0) width 673: "This element should have a top margin of 25 pixels, which will require extra text in order to make sure that the margin isn't applied to each line."
      RenderBlock {P} at (0,327) size 784x14 [bgcolor=#00FFFF]
        RenderText {#text} at (0,0) size 653x14
          text run at (0,0) width 653: "This element should have a top margin of 5 em, which will require extra text in order to make sure that the margin isn't applied to each line."
      RenderBlock {P} at (0,537) size 784x14 [bgcolor=#00FFFF]
        RenderText {#text} at (0,0) size 739x14
          text run at (0,0) width 541: "This element should have a top margin of 25%, which is calculated with respect to the width of the parent element. "
          text run at (541,0) width 198: "This will require extra text in order to test."
      RenderBlock {UL} at (0,576) size 784x81 [bgcolor=#00FFFF]
        RenderListItem {LI} at (40,0) size 744x14
          RenderListMarker at (-15,0) size 6x14: bullet
          RenderText {#text} at (0,0) size 300x14
            text run at (0,0) width 300: "This list has a margin-top of 25px, and a light blue background."
        RenderListItem {LI} at (40,14) size 744x14
          RenderListMarker at (-15,0) size 6x14: bullet
          RenderText {#text} at (0,0) size 197x14
            text run at (0,0) width 197: "Therefore, it ought to have such a margin."
        RenderListItem {LI} at (40,53) size 744x14
          RenderListMarker at (-15,0) size 6x14: bullet
          RenderText {#text} at (0,0) size 427x14
            text run at (0,0) width 427: "This list item has a top margin of 25px, which should cause it to be offset in some fashion."
        RenderListItem {LI} at (40,67) size 744x14
          RenderListMarker at (-15,0) size 6x14: bullet
          RenderText {#text} at (0,0) size 221x14
            text run at (0,0) width 221: "This list item has no special styles applied to it."
      RenderBlock {P} at (0,657) size 784x14 [bgcolor=#C0C0C0]
        RenderText {#text} at (0,0) size 152x14
          text run at (0,0) width 152: "This element has a class of zero."
      RenderBlock {P} at (0,661) size 784x28 [bgcolor=#00FFFF]
        RenderText {#text} at (0,0) size 756x28
          text run at (0,0) width 576: "This element has a top margin of -10px, which should cause it to be shifted \"upward\" on the page, and no bottom margin. "
          text run at (576,0) width 180: "No other styles have been applied to it"
          text run at (0,14) width 182: "besides a light blue background color. "
          text run at (182,14) width 239: "In all other respects, the element should be normal."
      RenderTable {TABLE} at (0,689) size 784x577 [border: (1px outset #808080)]
        RenderTableSection {TBODY} at (1,1) size 782x575
          RenderTableRow {TR} at (0,0) size 782x22
            RenderTableCell {TD} at (0,0) size 782x22 [bgcolor=#C0C0C0] [border: (1px inset #808080)] [r=0 c=0 rs=1 cs=2]
              RenderInline {STRONG} at (0,0) size 122x14
                RenderText {#text} at (4,4) size 122x14
                  text run at (4,4) width 122: "TABLE Testing Section"
          RenderTableRow {TR} at (0,22) size 782x553
            RenderTableCell {TD} at (0,287) size 11x22 [bgcolor=#C0C0C0] [border: (1px inset #808080)] [r=1 c=0 rs=1 cs=1]
              RenderText {#text} at (4,4) size 3x14
                text run at (4,4) width 3: " "
            RenderTableCell {TD} at (11,22) size 771x553 [border: (1px inset #808080)] [r=1 c=1 rs=1 cs=1]
              RenderBlock {P} at (4,4) size 763x14 [bgcolor=#C0C0C0]
                RenderText {#text} at (0,0) size 152x14
                  text run at (0,0) width 152: "This element has a class of zero."
              RenderBlock {P} at (4,18) size 763x14 [bgcolor=#C0C0C0]
                RenderText {#text} at (0,0) size 174x14
                  text run at (0,0) width 174: "This element also has a class of zero."
              RenderBlock {P} at (4,80) size 763x14 [bgcolor=#00FFFF]
                RenderText {#text} at (0,0) size 685x14
                  text run at (0,0) width 685: "This element should have a top margin of half an inch, which will require extra text in order to make sure that the margin isn't applied to each line."
              RenderBlock {P} at (4,119) size 763x14 [bgcolor=#00FFFF]
                RenderText {#text} at (0,0) size 673x14
                  text run at (0,0) width 673: "This element should have a top margin of 25 pixels, which will require extra text in order to make sure that the margin isn't applied to each line."
              RenderBlock {P} at (4,193) size 763x14 [bgcolor=#00FFFF]
                RenderText {#text} at (0,0) size 653x14
                  text run at (0,0) width 653: "This element should have a top margin of 5 em, which will require extra text in order to make sure that the margin isn't applied to each line."
              RenderBlock {P} at (4,397) size 763x14 [bgcolor=#00FFFF]
                RenderText {#text} at (0,0) size 739x14
                  text run at (0,0) width 541: "This element should have a top margin of 25%, which is calculated with respect to the width of the parent element. "
                  text run at (541,0) width 198: "This will require extra text in order to test."
              RenderBlock {UL} at (4,436) size 763x81 [bgcolor=#00FFFF]
                RenderListItem {LI} at (40,0) size 723x14
                  RenderListMarker at (-15,0) size 6x14: bullet
                  RenderText {#text} at (0,0) size 300x14
                    text run at (0,0) width 300: "This list has a margin-top of 25px, and a light blue background."
                RenderListItem {LI} at (40,14) size 723x14
                  RenderListMarker at (-15,0) size 6x14: bullet
                  RenderText {#text} at (0,0) size 197x14
                    text run at (0,0) width 197: "Therefore, it ought to have such a margin."
                RenderListItem {LI} at (40,53) size 723x14
                  RenderListMarker at (-15,0) size 6x14: bullet
                  RenderText {#text} at (0,0) size 427x14
                    text run at (0,0) width 427: "This list item has a top margin of 25px, which should cause it to be offset in some fashion."
                RenderListItem {LI} at (40,67) size 723x14
                  RenderListMarker at (-15,0) size 6x14: bullet
                  RenderText {#text} at (0,0) size 221x14
                    text run at (0,0) width 221: "This list item has no special styles applied to it."
              RenderBlock {P} at (4,517) size 763x14 [bgcolor=#C0C0C0]
                RenderText {#text} at (0,0) size 152x14
                  text run at (0,0) width 152: "This element has a class of zero."
              RenderBlock {P} at (4,521) size 763x28 [bgcolor=#00FFFF]
                RenderText {#text} at (0,0) size 756x28
                  text run at (0,0) width 576: "This element has a top margin of -10px, which should cause it to be shifted \"upward\" on the page, and no bottom margin. "
                  text run at (576,0) width 180: "No other styles have been applied to it"
                  text run at (0,14) width 182: "besides a light blue background color. "
                  text run at (182,14) width 239: "In all other respects, the element should be normal."
