layer at (0,0) size 800x1352
  RenderView at (0,0) size 800x600
layer at (0,0) size 800x1352
  RenderBlock {HTML} at (0,0) size 800x1352
    RenderBody {BODY} at (8,8) size 784x1336 [bgcolor=#CCCCCC]
      RenderBlock {P} at (0,0) size 784x14
        RenderText {#text} at (0,0) size 264x14
          text run at (0,0) width 264: "The style declarations which apply to the text below are:"
      RenderBlock {PRE} at (0,26) size 784x108
        RenderText {#text} at (0,0) size 312x108
          text run at (0,0) width 306: ".zero {background-color: silver; margin-bottom: 0;}"
          text run at (306,0) width 0: " "
          text run at (0,12) width 312: ".one {margin-bottom: 0.5in; background-color: aqua;}"
          text run at (312,12) width 0: " "
          text run at (0,24) width 306: ".two {margin-bottom: 25px; background-color: aqua;}"
          text run at (306,24) width 0: " "
          text run at (0,36) width 312: ".three {margin-bottom: 5em; background-color: aqua;}"
          text run at (312,36) width 0: " "
          text run at (0,48) width 306: ".four {margin-bottom: 25%; background-color: aqua;}"
          text run at (306,48) width 0: " "
          text run at (0,60) width 168: ".five {margin-bottom: 25px;}"
          text run at (168,60) width 0: " "
          text run at (0,72) width 312: ".six {margin-bottom: -10px; background-color: aqua;}"
          text run at (312,72) width 0: " "
          text run at (0,84) width 132: "P, UL {margin-top: 0;}"
          text run at (132,84) width 0: " "
          text run at (0,96) width 0: " "
      RenderBlock {HR} at (0,144) size 784x2 [border: (1px inset #000000)]
      RenderBlock {P} at (0,152) size 784x14 [bgcolor=#C0C0C0]
        RenderText {#text} at (0,0) size 152x14
          text run at (0,0) width 152: "This element has a class of zero."
      RenderBlock {P} at (0,166) size 784x14 [bgcolor=#00FFFF]
        RenderText {#text} at (0,0) size 707x14
          text run at (0,0) width 707: "This sentence should have a bottom margin of half an inch, which will require extra text in order to make sure that the margin isn't applied to each line."
      RenderBlock {P} at (0,228) size 784x14 [bgcolor=#00FFFF]
        RenderText {#text} at (0,0) size 695x14
          text run at (0,0) width 695: "This sentence should have a bottom margin of 25 pixels, which will require extra text in order to make sure that the margin isn't applied to each line."
      RenderBlock {P} at (0,267) size 784x14 [bgcolor=#00FFFF]
        RenderText {#text} at (0,0) size 675x14
          text run at (0,0) width 675: "This sentence should have a bottom margin of 5 em, which will require extra text in order to make sure that the margin isn't applied to each line."
      RenderBlock {P} at (0,341) size 784x14 [bgcolor=#00FFFF]
        RenderText {#text} at (0,0) size 670x14
          text run at (0,0) width 670: "This element should have a bottom margin of 25%, which will require extra text in order to make sure that the margin isn't applied to each line."
      RenderBlock {P} at (0,551) size 784x14 [bgcolor=#C0C0C0]
        RenderText {#text} at (0,0) size 152x14
          text run at (0,0) width 152: "This element has a class of zero."
      RenderBlock {P} at (0,565) size 784x14 [bgcolor=#C0C0C0]
        RenderText {#text} at (0,0) size 174x14
          text run at (0,0) width 174: "This element also has a class of zero."
      RenderBlock {UL} at (0,579) size 784x81 [bgcolor=#00FFFF]
        RenderListItem {LI} at (40,0) size 744x14
          RenderListMarker at (-15,0) size 6x14: bullet
          RenderText {#text} at (0,0) size 318x14
            text run at (0,0) width 318: "This list has a margin-bottom of 25px, and a light blue background."
        RenderListItem {LI} at (40,14) size 744x14
          RenderListMarker at (-15,0) size 6x14: bullet
          RenderText {#text} at (0,0) size 197x14
            text run at (0,0) width 197: "Therefore, it ought to have such a margin."
        RenderListItem {LI} at (40,28) size 744x14
          RenderListMarker at (-15,0) size 6x14: bullet
          RenderText {#text} at (0,0) size 445x14
            text run at (0,0) width 445: "This list item has a bottom margin of 25px, which should cause it to be offset in some fashion."
        RenderListItem {LI} at (40,67) size 744x14
          RenderListMarker at (-15,0) size 6x14: bullet
          RenderText {#text} at (0,0) size 221x14
            text run at (0,0) width 221: "This list item has no special styles applied to it."
      RenderBlock {P} at (0,685) size 784x28 [bgcolor=#00FFFF]
        RenderText {#text} at (0,0) size 777x28
          text run at (0,0) width 655: "This paragraph has a bottom margin of -10px, which should cause elements after it to be shifted \"upward\" on the page, and no top margin. "
          text run at (655,0) width 122: "No other styles have been"
          text run at (0,14) width 240: "applied to it besides a light blue background color. "
          text run at (240,14) width 239: "In all other respects, the element should be normal."
      RenderBlock {P} at (0,703) size 784x14 [bgcolor=#C0C0C0]
        RenderText {#text} at (0,0) size 152x14
          text run at (0,0) width 152: "This element has a class of zero."
      RenderBlock {P} at (0,717) size 784x14 [bgcolor=#C0C0C0]
        RenderText {#text} at (0,0) size 174x14
          text run at (0,0) width 174: "This element also has a class of zero."
      RenderTable {TABLE} at (0,731) size 784x605 [border: (1px outset #808080)]
        RenderTableSection {TBODY} at (1,1) size 782x603
          RenderTableRow {TR} at (0,0) size 782x22
            RenderTableCell {TD} at (0,0) size 782x22 [bgcolor=#C0C0C0] [border: (1px inset #808080)] [r=0 c=0 rs=1 cs=2]
              RenderInline {STRONG} at (0,0) size 122x14
                RenderText {#text} at (4,4) size 122x14
                  text run at (4,4) width 122: "TABLE Testing Section"
          RenderTableRow {TR} at (0,22) size 782x581
            RenderTableCell {TD} at (0,301) size 11x22 [bgcolor=#C0C0C0] [border: (1px inset #808080)] [r=1 c=0 rs=1 cs=1]
              RenderText {#text} at (4,4) size 3x14
                text run at (4,4) width 3: " "
            RenderTableCell {TD} at (11,22) size 771x581 [border: (1px inset #808080)] [r=1 c=1 rs=1 cs=1]
              RenderBlock {P} at (4,4) size 763x14 [bgcolor=#C0C0C0]
                RenderText {#text} at (0,0) size 152x14
                  text run at (0,0) width 152: "This element has a class of zero."
              RenderBlock {P} at (4,18) size 763x14 [bgcolor=#00FFFF]
                RenderText {#text} at (0,0) size 707x14
                  text run at (0,0) width 707: "This sentence should have a bottom margin of half an inch, which will require extra text in order to make sure that the margin isn't applied to each line."
              RenderBlock {P} at (4,80) size 763x14 [bgcolor=#00FFFF]
                RenderText {#text} at (0,0) size 695x14
                  text run at (0,0) width 695: "This sentence should have a bottom margin of 25 pixels, which will require extra text in order to make sure that the margin isn't applied to each line."
              RenderBlock {P} at (4,119) size 763x14 [bgcolor=#00FFFF]
                RenderText {#text} at (0,0) size 675x14
                  text run at (0,0) width 675: "This sentence should have a bottom margin of 5 em, which will require extra text in order to make sure that the margin isn't applied to each line."
              RenderBlock {P} at (4,193) size 763x14 [bgcolor=#00FFFF]
                RenderText {#text} at (0,0) size 670x14
                  text run at (0,0) width 670: "This element should have a bottom margin of 25%, which will require extra text in order to make sure that the margin isn't applied to each line."
              RenderBlock {P} at (4,397) size 763x14 [bgcolor=#C0C0C0]
                RenderText {#text} at (0,0) size 152x14
                  text run at (0,0) width 152: "This element has a class of zero."
              RenderBlock {P} at (4,411) size 763x14 [bgcolor=#C0C0C0]
                RenderText {#text} at (0,0) size 174x14
                  text run at (0,0) width 174: "This element also has a class of zero."
              RenderBlock {UL} at (4,425) size 763x81 [bgcolor=#00FFFF]
                RenderListItem {LI} at (40,0) size 723x14
                  RenderListMarker at (-15,0) size 6x14: bullet
                  RenderText {#text} at (0,0) size 318x14
                    text run at (0,0) width 318: "This list has a margin-bottom of 25px, and a light blue background."
                RenderListItem {LI} at (40,14) size 723x14
                  RenderListMarker at (-15,0) size 6x14: bullet
                  RenderText {#text} at (0,0) size 197x14
                    text run at (0,0) width 197: "Therefore, it ought to have such a margin."
                RenderListItem {LI} at (40,28) size 723x14
                  RenderListMarker at (-15,0) size 6x14: bullet
                  RenderText {#text} at (0,0) size 445x14
                    text run at (0,0) width 445: "This list item has a bottom margin of 25px, which should cause it to be offset in some fashion."
                RenderListItem {LI} at (40,67) size 723x14
                  RenderListMarker at (-15,0) size 6x14: bullet
                  RenderText {#text} at (0,0) size 221x14
                    text run at (0,0) width 221: "This list item has no special styles applied to it."
              RenderBlock {P} at (4,531) size 763x28 [bgcolor=#00FFFF]
                RenderText {#text} at (0,0) size 752x28
                  text run at (0,0) width 655: "This paragraph has a bottom margin of -10px, which should cause elements after it to be shifted \"upward\" on the page, and no top margin. "
                  text run at (655,0) width 97: "No other styles have"
                  text run at (0,14) width 265: "been applied to it besides a light blue background color. "
                  text run at (265,14) width 239: "In all other respects, the element should be normal."
              RenderBlock {P} at (4,549) size 763x14 [bgcolor=#C0C0C0]
                RenderText {#text} at (0,0) size 152x14
                  text run at (0,0) width 152: "This element has a class of zero."
              RenderBlock {P} at (4,563) size 763x14 [bgcolor=#C0C0C0]
                RenderText {#text} at (0,0) size 174x14
                  text run at (0,0) width 174: "This element also has a class of zero."
