layer at (0,0) size 800x600
  RenderView at (0,0) size 800x600
layer at (0,0) size 800x600
  RenderBlock {HTML} at (0,0) size 800x600
    RenderBody {BODY} at (8,8) size 784x584 [bgcolor=#CCCCCC]
      RenderBlock {P} at (0,0) size 784x14
        RenderText {#text} at (0,0) size 264x14
          text run at (0,0) width 264: "The style declarations which apply to the text below are:"
      RenderBlock {PRE} at (0,26) size 784x22
        RenderText {#text} at (0,0) size 312x22
          text run at (0,0) width 306: ".one {margin-bottom: 25px; background-color: aqua;}"
          text run at (306,0) width 0: " "
          text run at (0,11) width 312: ".two {margin-bottom: -10px; background-color: aqua;}"
          text run at (312,11) width 0: " "
      RenderBlock {HR} at (0,58) size 784x2 [border: (1px inset #000000)]
      RenderBlock {P} at (0,72) size 784x28 [bgcolor=#808080]
        RenderText {#text} at (0,0) size 361x14
          text run at (0,0) width 295: "This element is unstyled save for a background color of gray.. "
          text run at (295,0) width 66: "It contains an "
        RenderInline {SPAN} at (0,0) size 395x14 [bgcolor=#00FFFF]
          RenderText {#text} at (361,0) size 107x14
            text run at (361,0) width 107: "inline element of class "
          RenderInline {TT} at (0,0) size 18x11
            RenderText {#text} at (468,3) size 18x11
              text run at (468,3) width 18: "one"
          RenderText {#text} at (486,0) size 270x14
            text run at (486,0) width 270: ", giving it an aqua background and a 25px bottom margin"
        RenderText {#text} at (756,0) size 759x28
          text run at (756,0) width 3: "."
          text run at (0,14) width 598: "Margins on inline elements does not affect line-height calculations, so all lines in this element should have the same line-height."
      RenderBlock {P} at (0,112) size 784x28 [bgcolor=#808080]
        RenderText {#text} at (0,0) size 361x14
          text run at (0,0) width 295: "This element is unstyled save for a background color of gray.. "
          text run at (295,0) width 66: "It contains an "
        RenderInline {SPAN} at (0,0) size 399x14 [bgcolor=#00FFFF]
          RenderText {#text} at (361,0) size 107x14
            text run at (361,0) width 107: "inline element of class "
          RenderInline {TT} at (0,0) size 18x11
            RenderText {#text} at (468,3) size 18x11
              text run at (468,3) width 18: "two"
          RenderText {#text} at (486,0) size 274x14
            text run at (486,0) width 274: ", giving it an aqua background and a -10px bottom margin"
        RenderText {#text} at (760,0) size 763x28
          text run at (760,0) width 3: "."
          text run at (0,14) width 598: "Margins on inline elements does not affect line-height calculations, so all lines in this element should have the same line-height."
      RenderTable {TABLE} at (0,152) size 784x100 [border: (1px outset #808080)]
        RenderTableSection {TBODY} at (1,1) size 782x98
          RenderTableRow {TR} at (0,0) size 782x22
            RenderTableCell {TD} at (0,0) size 782x22 [bgcolor=#C0C0C0] [border: (1px inset #808080)] [r=0 c=0 rs=1 cs=2]
              RenderInline {STRONG} at (0,0) size 122x14
                RenderText {#text} at (4,4) size 122x14
                  text run at (4,4) width 122: "TABLE Testing Section"
          RenderTableRow {TR} at (0,22) size 782x76
            RenderTableCell {TD} at (0,49) size 11x22 [bgcolor=#C0C0C0] [border: (1px inset #808080)] [r=1 c=0 rs=1 cs=1]
              RenderText {#text} at (4,4) size 3x14
                text run at (4,4) width 3: " "
            RenderTableCell {TD} at (11,22) size 771x76 [border: (1px inset #808080)] [r=1 c=1 rs=1 cs=1]
              RenderBlock {P} at (4,4) size 763x28 [bgcolor=#808080]
                RenderText {#text} at (0,0) size 361x14
                  text run at (0,0) width 295: "This element is unstyled save for a background color of gray.. "
                  text run at (295,0) width 66: "It contains an "
                RenderInline {SPAN} at (0,0) size 395x14 [bgcolor=#00FFFF]
                  RenderText {#text} at (361,0) size 107x14
                    text run at (361,0) width 107: "inline element of class "
                  RenderInline {TT} at (0,0) size 18x11
                    RenderText {#text} at (468,3) size 18x11
                      text run at (468,3) width 18: "one"
                  RenderText {#text} at (486,0) size 270x14
                    text run at (486,0) width 270: ", giving it an aqua background and a 25px bottom margin"
                RenderText {#text} at (756,0) size 759x28
                  text run at (756,0) width 3: "."
                  text run at (0,14) width 598: "Margins on inline elements does not affect line-height calculations, so all lines in this element should have the same line-height."
              RenderBlock {P} at (4,44) size 763x28 [bgcolor=#808080]
                RenderText {#text} at (0,0) size 361x14
                  text run at (0,0) width 295: "This element is unstyled save for a background color of gray.. "
                  text run at (295,0) width 66: "It contains an "
                RenderInline {SPAN} at (0,0) size 399x14 [bgcolor=#00FFFF]
                  RenderText {#text} at (361,0) size 107x14
                    text run at (361,0) width 107: "inline element of class "
                  RenderInline {TT} at (0,0) size 18x11
                    RenderText {#text} at (468,3) size 18x11
                      text run at (468,3) width 18: "two"
                  RenderText {#text} at (486,0) size 274x14
                    text run at (486,0) width 274: ", giving it an aqua background and a -10px bottom margin"
                RenderText {#text} at (760,0) size 763x28
                  text run at (760,0) width 3: "."
                  text run at (0,14) width 598: "Margins on inline elements does not affect line-height calculations, so all lines in this element should have the same line-height."
