layer at (0,0) size 800x600
  RenderView at (0,0) size 800x600
layer at (0,0) size 800x600
  RenderBlock {HTML} at (0,0) size 800x600
    RenderBody {BODY} at (8,8) size 784x584 [bgcolor=#CCCCCC]
      RenderBlock {P} at (0,0) size 784x14
        RenderText {#text} at (0,0) size 264x14
          text run at (0,0) width 264: "The style declarations which apply to the text below are:"
      RenderBlock {PRE} at (0,26) size 784x48
        RenderText {#text} at (0,0) size 276x48
          text run at (0,0) width 270: ".zero {background-color: silver; padding: 0;}"
          text run at (270,0) width 0: " "
          text run at (0,12) width 270: ".one {padding: 25px; background-color: aqua;}"
          text run at (270,12) width 0: " "
          text run at (0,24) width 276: ".two {padding: -10px; background-color: aqua;}"
          text run at (276,24) width 0: " "
          text run at (0,36) width 0: " "
      RenderBlock {HR} at (0,84) size 784x2 [border: (1px inset #000000)]
      RenderBlock {P} at (0,98) size 784x14 [bgcolor=#C0C0C0]
        RenderText {#text} at (0,0) size 152x14
          text run at (0,0) width 152: "This element has a class of zero."
      RenderBlock {P} at (0,124) size 784x56 [bgcolor=#808080]
        RenderText {#text} at (0,0) size 358x14
          text run at (0,0) width 292: "This element is unstyled save for a background color of gray. "
          text run at (292,0) width 66: "It contains an "
        RenderInline {SPAN} at (0,0) size 414x64 [bgcolor=#00FFFF]
          RenderText {#text} at (383,0) size 107x14
            text run at (383,0) width 107: "inline element of class "
          RenderInline {TT} at (0,0) size 18x12
            RenderText {#text} at (490,2) size 18x12
              text run at (490,2) width 18: "one"
          RenderText {#text} at (508,0) size 239x14
            text run at (508,0) width 239: ", giving it an aqua background and a 25px padding"
        RenderText {#text} at (772,0) size 779x56
          text run at (772,0) width 3: "."
          text run at (0,14) width 600: "Padding on inline elements does not affect line-height calculations, so all lines in this element should have the same line-height. "
          text run at (600,14) width 179: "There may be implementation-specific"
          text run at (0,28) width 448: "limits on how much of the padding the user agent is able to display above and below each line. "
          text run at (448,28) width 320: "However, there should be at least 25px of padding to the left side of"
          text run at (0,42) width 633: "the inline box in the first line it appears, and 25px of padding to the right side of the inline element box in the last line where it appears."
      RenderBlock {P} at (0,192) size 784x14 [bgcolor=#C0C0C0]
        RenderText {#text} at (0,0) size 152x14
          text run at (0,0) width 152: "This element has a class of zero."
      RenderBlock {P} at (0,218) size 784x28 [bgcolor=#808080]
        RenderText {#text} at (0,0) size 358x14
          text run at (0,0) width 292: "This element is unstyled save for a background color of gray. "
          text run at (292,0) width 66: "It contains an "
        RenderInline {SPAN} at (0,0) size 774x28 [bgcolor=#00FFFF]
          RenderText {#text} at (358,0) size 107x14
            text run at (358,0) width 107: "inline element of class "
          RenderInline {TT} at (0,0) size 18x12
            RenderText {#text} at (465,2) size 18x12
              text run at (465,2) width 18: "two"
          RenderText {#text} at (483,0) size 774x28
            text run at (483,0) width 291: ", giving it an aqua background and no padding, since negative"
            text run at (0,14) width 146: "padding values are not allowed"
        RenderText {#text} at (146,14) size 603x14
          text run at (146,14) width 6: ". "
          text run at (152,14) width 597: "Padding on inline elements does not affect line-height calculations, so all lines in this element should have the same line-height."
      RenderBlock {P} at (0,258) size 784x14 [bgcolor=#C0C0C0]
        RenderText {#text} at (0,0) size 152x14
          text run at (0,0) width 152: "This element has a class of zero."
      RenderTable {TABLE} at (0,284) size 784x220 [border: (1px outset #808080)]
        RenderTableSection {TBODY} at (1,1) size 782x218
          RenderTableRow {TR} at (0,0) size 782x22
            RenderTableCell {TD} at (0,0) size 782x22 [bgcolor=#C0C0C0] [border: (1px inset #808080)] [r=0 c=0 rs=1 cs=2]
              RenderInline {STRONG} at (0,0) size 122x14
                RenderText {#text} at (4,4) size 122x14
                  text run at (4,4) width 122: "TABLE Testing Section"
          RenderTableRow {TR} at (0,22) size 782x196
            RenderTableCell {TD} at (0,109) size 11x22 [bgcolor=#C0C0C0] [border: (1px inset #808080)] [r=1 c=0 rs=1 cs=1]
              RenderText {#text} at (4,4) size 3x14
                text run at (4,4) width 3: " "
            RenderTableCell {TD} at (11,22) size 771x196 [border: (1px inset #808080)] [r=1 c=1 rs=1 cs=1]
              RenderBlock {P} at (4,4) size 763x14 [bgcolor=#C0C0C0]
                RenderText {#text} at (0,0) size 152x14
                  text run at (0,0) width 152: "This element has a class of zero."
              RenderBlock {P} at (4,30) size 763x56 [bgcolor=#808080]
                RenderText {#text} at (0,0) size 358x14
                  text run at (0,0) width 292: "This element is unstyled save for a background color of gray. "
                  text run at (292,0) width 66: "It contains an "
                RenderInline {SPAN} at (0,0) size 706x78 [bgcolor=#00FFFF]
                  RenderText {#text} at (383,0) size 107x14
                    text run at (383,0) width 107: "inline element of class "
                  RenderInline {TT} at (0,0) size 18x12
                    RenderText {#text} at (490,2) size 18x12
                      text run at (490,2) width 18: "one"
                  RenderText {#text} at (508,0) size 706x28
                    text run at (508,0) width 198: ", giving it an aqua background and a 25px"
                    text run at (0,14) width 38: "padding"
                RenderText {#text} at (63,14) size 760x42
                  text run at (63,14) width 6: ". "
                  text run at (69,14) width 600: "Padding on inline elements does not affect line-height calculations, so all lines in this element should have the same line-height. "
                  text run at (669,14) width 64: "There may be"
                  text run at (0,28) width 563: "implementation-specific limits on how much of the padding the user agent is able to display above and below each line. "
                  text run at (563,28) width 197: "However, there should be at least 25px of"
                  text run at (0,42) width 756: "padding to the left side of the inline box in the first line it appears, and 25px of padding to the right side of the inline element box in the last line where it appears."
              RenderBlock {P} at (4,98) size 763x14 [bgcolor=#C0C0C0]
                RenderText {#text} at (0,0) size 152x14
                  text run at (0,0) width 152: "This element has a class of zero."
              RenderBlock {P} at (4,124) size 763x42 [bgcolor=#808080]
                RenderText {#text} at (0,0) size 358x14
                  text run at (0,0) width 292: "This element is unstyled save for a background color of gray. "
                  text run at (292,0) width 66: "It contains an "
                RenderInline {SPAN} at (0,0) size 732x28 [bgcolor=#00FFFF]
                  RenderText {#text} at (358,0) size 107x14
                    text run at (358,0) width 107: "inline element of class "
                  RenderInline {TT} at (0,0) size 18x12
                    RenderText {#text} at (465,2) size 18x12
                      text run at (465,2) width 18: "two"
                  RenderText {#text} at (483,0) size 732x28
                    text run at (483,0) width 249: ", giving it an aqua background and no padding, since"
                    text run at (0,14) width 188: "negative padding values are not allowed"
                RenderText {#text} at (188,14) size 759x28
                  text run at (188,14) width 6: ". "
                  text run at (194,14) width 565: "Padding on inline elements does not affect line-height calculations, so all lines in this element should have the same line-"
                  text run at (0,28) width 32: "height."
              RenderBlock {P} at (4,178) size 763x14 [bgcolor=#C0C0C0]
                RenderText {#text} at (0,0) size 152x14
                  text run at (0,0) width 152: "This element has a class of zero."
