layer at (0,0) size 800x600
  RenderView at (0,0) size 800x600
layer at (0,0) size 800x600
  RenderBlock {HTML} at (0,0) size 800x600
    RenderBody {BODY} at (8,8) size 784x584 [bgcolor=#CCCCCC]
      RenderBlock {P} at (0,0) size 784x14
        RenderText {#text} at (0,0) size 264x14
          text run at (0,0) width 264: "The style declarations which apply to the text below are:"
      RenderBlock {PRE} at (0,26) size 784x33
        RenderText {#text} at (0,0) size 318x33
          text run at (0,0) width 312: ".one {padding-bottom: 25px; background-color: aqua;}"
          text run at (312,0) width 0: " "
          text run at (0,11) width 318: ".two {padding-bottom: -10px; background-color: aqua;}"
          text run at (318,11) width 0: " "
          text run at (0,22) width 0: " "
      RenderBlock {HR} at (0,69) size 784x2 [border: (1px inset #000000)]
      RenderBlock {P} at (0,83) size 784x42 [bgcolor=#808080]
        RenderText {#text} at (0,0) size 358x14
          text run at (0,0) width 292: "This element is unstyled save for a background color of gray. "
          text run at (292,0) width 66: "It contains an "
        RenderInline {SPAN} at (0,0) size 400x39 [bgcolor=#00FFFF]
          RenderText {#text} at (358,0) size 107x14
            text run at (358,0) width 107: "inline element of class "
          RenderInline {TT} at (0,0) size 18x11
            RenderText {#text} at (465,3) size 18x11
              text run at (465,3) width 18: "one"
          RenderText {#text} at (483,0) size 275x14
            text run at (483,0) width 275: ", giving it an aqua background and a 25px bottom padding"
        RenderText {#text} at (758,0) size 779x42
          text run at (758,0) width 3: "."
          text run at (0,14) width 600: "Padding on inline elements does not affect line-height calculations, so all lines in this element should have the same line-height. "
          text run at (600,14) width 179: "There may be implementation-specific"
          text run at (0,28) width 318: "limits on how much of the padding the user agent is able to display."
      RenderBlock {P} at (0,137) size 784x42 [bgcolor=#808080]
        RenderText {#text} at (0,0) size 358x14
          text run at (0,0) width 292: "This element is unstyled save for a background color of gray. "
          text run at (292,0) width 66: "It contains an "
        RenderInline {SPAN} at (0,0) size 768x28 [bgcolor=#00FFFF]
          RenderText {#text} at (358,0) size 107x14
            text run at (358,0) width 107: "inline element of class "
          RenderInline {TT} at (0,0) size 18x11
            RenderText {#text} at (465,3) size 18x11
              text run at (465,3) width 18: "two"
          RenderText {#text} at (483,0) size 768x28
            text run at (483,0) width 285: ", giving it an aqua background and no bottom padding, since"
            text run at (0,14) width 188: "negative padding values are not allowed"
        RenderText {#text} at (188,14) size 759x28
          text run at (188,14) width 6: ". "
          text run at (194,14) width 565: "Padding on inline elements does not affect line-height calculations, so all lines in this element should have the same line-"
          text run at (0,28) width 32: "height."
      RenderTable {TABLE} at (0,191) size 784x128 [border: (1px outset #808080)]
        RenderTableSection {TBODY} at (1,1) size 782x126
          RenderTableRow {TR} at (0,0) size 782x22
            RenderTableCell {TD} at (0,0) size 782x22 [bgcolor=#C0C0C0] [border: (1px inset #808080)] [r=0 c=0 rs=1 cs=2]
              RenderInline {STRONG} at (0,0) size 122x14
                RenderText {#text} at (4,4) size 122x14
                  text run at (4,4) width 122: "TABLE Testing Section"
          RenderTableRow {TR} at (0,22) size 782x104
            RenderTableCell {TD} at (0,63) size 11x22 [bgcolor=#C0C0C0] [border: (1px inset #808080)] [r=1 c=0 rs=1 cs=1]
              RenderText {#text} at (4,4) size 3x14
                text run at (4,4) width 3: " "
            RenderTableCell {TD} at (11,22) size 771x104 [border: (1px inset #808080)] [r=1 c=1 rs=1 cs=1]
              RenderBlock {P} at (4,4) size 763x42 [bgcolor=#808080]
                RenderText {#text} at (0,0) size 358x14
                  text run at (0,0) width 292: "This element is unstyled save for a background color of gray. "
                  text run at (292,0) width 66: "It contains an "
                RenderInline {SPAN} at (0,0) size 400x39 [bgcolor=#00FFFF]
                  RenderText {#text} at (358,0) size 107x14
                    text run at (358,0) width 107: "inline element of class "
                  RenderInline {TT} at (0,0) size 18x11
                    RenderText {#text} at (465,3) size 18x11
                      text run at (465,3) width 18: "one"
                  RenderText {#text} at (483,0) size 275x14
                    text run at (483,0) width 275: ", giving it an aqua background and a 25px bottom padding"
                RenderText {#text} at (758,0) size 761x42
                  text run at (758,0) width 3: "."
                  text run at (0,14) width 600: "Padding on inline elements does not affect line-height calculations, so all lines in this element should have the same line-height. "
                  text run at (600,14) width 143: "There may be implementation-"
                  text run at (0,28) width 357: "specific limits on how much of the padding the user agent is able to display."
              RenderBlock {P} at (4,58) size 763x42 [bgcolor=#808080]
                RenderText {#text} at (0,0) size 358x14
                  text run at (0,0) width 292: "This element is unstyled save for a background color of gray. "
                  text run at (292,0) width 66: "It contains an "
                RenderInline {SPAN} at (0,0) size 741x28 [bgcolor=#00FFFF]
                  RenderText {#text} at (358,0) size 107x14
                    text run at (358,0) width 107: "inline element of class "
                  RenderInline {TT} at (0,0) size 18x11
                    RenderText {#text} at (465,3) size 18x11
                      text run at (465,3) width 18: "two"
                  RenderText {#text} at (483,0) size 741x28
                    text run at (483,0) width 258: ", giving it an aqua background and no bottom padding,"
                    text run at (0,14) width 215: "since negative padding values are not allowed"
                RenderText {#text} at (215,14) size 762x28
                  text run at (215,14) width 6: ". "
                  text run at (221,14) width 541: "Padding on inline elements does not affect line-height calculations, so all lines in this element should have the same"
                  text run at (0,28) width 53: "line-height."
