layer at (0,0) size 800x600
  RenderView at (0,0) size 800x600
layer at (0,0) size 800x600
  RenderBlock {HTML} at (0,0) size 800x600
    RenderBody {BODY} at (8,8) size 784x584 [bgcolor=#CCCCCC]
      RenderBlock {P} at (0,0) size 784x14
        RenderText {#text} at (0,0) size 264x14
          text run at (0,0) width 264: "The style declarations which apply to the text below are:"
      RenderBlock {PRE} at (0,26) size 784x33
        RenderText {#text} at (0,0) size 426x33
          text run at (0,0) width 420: ".one {padding-right: 25px; text-align: right; background-color: aqua;}"
          text run at (420,0) width 0: " "
          text run at (0,11) width 426: ".two {padding-right: -10px; text-align: right; background-color: aqua;}"
          text run at (426,11) width 0: " "
          text run at (0,22) width 0: " "
      RenderBlock {HR} at (0,69) size 784x2 [border: (1px inset #000000)]
      RenderBlock {P} at (0,83) size 784x28 [bgcolor=#808080]
        RenderText {#text} at (0,0) size 407x14
          text run at (0,0) width 292: "This element is unstyled save for a background color of gray. "
          text run at (292,0) width 115: "However, it contains an "
        RenderInline {SPAN} at (0,0) size 150x14 [bgcolor=#00FFFF]
          RenderText {#text} at (407,0) size 107x14
            text run at (407,0) width 107: "inline element of class "
          RenderInline {TT} at (0,0) size 18x11
            RenderText {#text} at (514,3) size 18x11
              text run at (514,3) width 18: "one"
        RenderText {#text} at (557,0) size 776x28
          text run at (557,0) width 219: ", which should result in 25-pixel right padding"
          text run at (0,14) width 211: "(which should also be light blue) only in the "
        RenderInline {STRONG} at (0,0) size 18x14
          RenderText {#text} at (211,14) size 18x14
            text run at (211,14) width 18: "last"
        RenderText {#text} at (229,14) size 173x14
          text run at (229,14) width 173: " line in which the inline box appears."
      RenderBlock {P} at (0,123) size 784x28 [bgcolor=#808080]
        RenderText {#text} at (0,0) size 407x14
          text run at (0,0) width 292: "This element is unstyled save for a background color of gray. "
          text run at (292,0) width 115: "However, it contains an "
        RenderInline {SPAN} at (0,0) size 125x14 [bgcolor=#00FFFF]
          RenderText {#text} at (407,0) size 107x14
            text run at (407,0) width 107: "inline element of class "
          RenderInline {TT} at (0,0) size 18x11
            RenderText {#text} at (514,3) size 18x11
              text run at (514,3) width 18: "two"
        RenderText {#text} at (532,0) size 754x28
          text run at (532,0) width 222: ", which should result in no right padding, since"
          text run at (0,14) width 223: "negative padding values are not allowed, in the "
        RenderInline {STRONG} at (0,0) size 18x14
          RenderText {#text} at (223,14) size 18x14
            text run at (223,14) width 18: "last"
        RenderText {#text} at (241,14) size 173x14
          text run at (241,14) width 173: " line in which the inline box appears."
      RenderTable {TABLE} at (0,163) size 784x100 [border: (1px outset #808080)]
        RenderTableSection {TBODY} at (1,1) size 782x98
          RenderTableRow {TR} at (0,0) size 782x22
            RenderTableCell {TD} at (0,0) size 782x22 [bgcolor=#C0C0C0] [border: (1px inset #808080)] [r=0 c=0 rs=1 cs=2]
              RenderInline {STRONG} at (0,0) size 122x14
                RenderText {#text} at (4,4) size 122x14
                  text run at (4,4) width 122: "TABLE Testing Section"
          RenderTableRow {TR} at (0,22) size 782x76
            RenderTableCell {TD} at (0,49) size 11x22 [bgcolor=#C0C0C0] [border: (1px inset #808080)] [r=1 c=0 rs=1 cs=1]
              RenderText {#text} at (4,4) size 3x14
                text run at (4,4) width 3: " "
            RenderTableCell {TD} at (11,22) size 771x76 [border: (1px inset #808080)] [r=1 c=1 rs=1 cs=1]
              RenderBlock {P} at (4,4) size 763x28 [bgcolor=#808080]
                RenderText {#text} at (0,0) size 407x14
                  text run at (0,0) width 292: "This element is unstyled save for a background color of gray. "
                  text run at (292,0) width 115: "However, it contains an "
                RenderInline {SPAN} at (0,0) size 150x14 [bgcolor=#00FFFF]
                  RenderText {#text} at (407,0) size 107x14
                    text run at (407,0) width 107: "inline element of class "
                  RenderInline {TT} at (0,0) size 18x11
                    RenderText {#text} at (514,3) size 18x11
                      text run at (514,3) width 18: "one"
                RenderText {#text} at (557,0) size 735x28
                  text run at (557,0) width 178: ", which should result in 25-pixel right"
                  text run at (0,14) width 252: "padding (which should also be light blue) only in the "
                RenderInline {STRONG} at (0,0) size 18x14
                  RenderText {#text} at (252,14) size 18x14
                    text run at (252,14) width 18: "last"
                RenderText {#text} at (270,14) size 173x14
                  text run at (270,14) width 173: " line in which the inline box appears."
              RenderBlock {P} at (4,44) size 763x28 [bgcolor=#808080]
                RenderText {#text} at (0,0) size 407x14
                  text run at (0,0) width 292: "This element is unstyled save for a background color of gray. "
                  text run at (292,0) width 115: "However, it contains an "
                RenderInline {SPAN} at (0,0) size 125x14 [bgcolor=#00FFFF]
                  RenderText {#text} at (407,0) size 107x14
                    text run at (407,0) width 107: "inline element of class "
                  RenderInline {TT} at (0,0) size 18x11
                    RenderText {#text} at (514,3) size 18x11
                      text run at (514,3) width 18: "two"
                RenderText {#text} at (532,0) size 754x28
                  text run at (532,0) width 222: ", which should result in no right padding, since"
                  text run at (0,14) width 223: "negative padding values are not allowed, in the "
                RenderInline {STRONG} at (0,0) size 18x14
                  RenderText {#text} at (223,14) size 18x14
                    text run at (223,14) width 18: "last"
                RenderText {#text} at (241,14) size 173x14
                  text run at (241,14) width 173: " line in which the inline box appears."
