layer at (0,0) size 800x1262
  RenderView at (0,0) size 800x600
layer at (0,0) size 800x1262
  RenderBlock {HTML} at (0,0) size 800x1262
    RenderBody {BODY} at (8,8) size 784x1246 [bgcolor=#CCCCCC]
      RenderBlock {P} at (0,0) size 784x14
        RenderText {#text} at (0,0) size 264x14
          text run at (0,0) width 264: "The style declarations which apply to the text below are:"
      RenderBlock {PRE} at (0,26) size 784x72
        RenderText {#text} at (0,0) size 306x72
          text run at (0,0) width 294: ".zero {background-color: silver; padding-top: 0;}"
          text run at (294,0) width 0: " "
          text run at (0,12) width 300: ".one {padding-top: 0.5in; background-color: aqua;}"
          text run at (300,12) width 0: " "
          text run at (0,24) width 294: ".two {padding-top: 25px; background-color: aqua;}"
          text run at (294,24) width 0: " "
          text run at (0,36) width 300: ".three {padding-top: 5em; background-color: aqua;}"
          text run at (300,36) width 0: " "
          text run at (0,48) width 294: ".four {padding-top: 25%; background-color: aqua;}"
          text run at (294,48) width 0: " "
          text run at (0,60) width 306: ".five {padding-top: -20px; background-color: aqua;}"
          text run at (306,60) width 0: " "
      RenderBlock {HR} at (0,108) size 784x2 [border: (1px inset #000000)]
      RenderBlock {P} at (0,122) size 784x14 [bgcolor=#C0C0C0]
        RenderText {#text} at (0,0) size 152x14
          text run at (0,0) width 152: "This element has a class of zero."
      RenderBlock {P} at (0,148) size 784x76 [bgcolor=#00FFFF]
        RenderText {#text} at (0,48) size 761x28
          text run at (0,48) width 473: "This element should have a top padding of half an inch, which will require extra text in order to test. "
          text run at (473,48) width 288: "Both the content background and the padding should be aqua"
          text run at (0,62) width 55: "(light blue)."
      RenderBlock {P} at (0,236) size 784x53 [bgcolor=#00FFFF]
        RenderText {#text} at (0,25) size 777x28
          text run at (0,25) width 461: "This element should have a top padding of 25 pixels, which will require extra text in order to test. "
          text run at (461,25) width 316: "Both the content background and the padding should be aqua (light"
          text run at (0,39) width 27: "blue)."
      RenderBlock {P} at (0,301) size 784x88 [bgcolor=#00FFFF]
        RenderText {#text} at (0,60) size 757x28
          text run at (0,60) width 441: "This element should have a top padding of 5 em, which will require extra text in order to test. "
          text run at (441,60) width 316: "Both the content background and the padding should be aqua (light"
          text run at (0,74) width 27: "blue)."
      RenderBlock {P} at (0,401) size 784x224 [bgcolor=#00FFFF]
        RenderText {#text} at (0,196) size 760x28
          text run at (0,196) width 546: "This element should have a top padding of 25%, which is calculated with respect to the width of the parent element. "
          text run at (546,196) width 214: "Both the content background and the padding"
          text run at (0,210) width 132: "should be aqua (light blue). "
          text run at (132,210) width 198: "This will require extra text in order to test."
      RenderBlock {P} at (0,637) size 784x28 [bgcolor=#00FFFF]
        RenderText {#text} at (0,0) size 773x28
          text run at (0,0) width 421: "This element should have no top padding, since negative padding values are not allowed. "
          text run at (421,0) width 352: "Both the content background and the normal padding should be aqua (light"
          text run at (0,14) width 27: "blue)."
      RenderTable {TABLE} at (0,677) size 784x569 [border: (1px outset #808080)]
        RenderTableSection {TBODY} at (1,1) size 782x567
          RenderTableRow {TR} at (0,0) size 782x22
            RenderTableCell {TD} at (0,0) size 782x22 [bgcolor=#C0C0C0] [border: (1px inset #808080)] [r=0 c=0 rs=1 cs=2]
              RenderInline {STRONG} at (0,0) size 122x14
                RenderText {#text} at (4,4) size 122x14
                  text run at (4,4) width 122: "TABLE Testing Section"
          RenderTableRow {TR} at (0,22) size 782x545
            RenderTableCell {TD} at (0,283) size 11x22 [bgcolor=#C0C0C0] [border: (1px inset #808080)] [r=1 c=0 rs=1 cs=1]
              RenderText {#text} at (4,4) size 3x14
                text run at (4,4) width 3: " "
            RenderTableCell {TD} at (11,22) size 771x545 [border: (1px inset #808080)] [r=1 c=1 rs=1 cs=1]
              RenderBlock {P} at (4,4) size 763x14 [bgcolor=#C0C0C0]
                RenderText {#text} at (0,0) size 152x14
                  text run at (0,0) width 152: "This element has a class of zero."
              RenderBlock {P} at (4,30) size 763x76 [bgcolor=#00FFFF]
                RenderText {#text} at (0,48) size 761x28
                  text run at (0,48) width 473: "This element should have a top padding of half an inch, which will require extra text in order to test. "
                  text run at (473,48) width 288: "Both the content background and the padding should be aqua"
                  text run at (0,62) width 55: "(light blue)."
              RenderBlock {P} at (4,118) size 763x53 [bgcolor=#00FFFF]
                RenderText {#text} at (0,25) size 749x28
                  text run at (0,25) width 461: "This element should have a top padding of 25 pixels, which will require extra text in order to test. "
                  text run at (461,25) width 288: "Both the content background and the padding should be aqua"
                  text run at (0,39) width 55: "(light blue)."
              RenderBlock {P} at (4,183) size 763x88 [bgcolor=#00FFFF]
                RenderText {#text} at (0,60) size 757x28
                  text run at (0,60) width 441: "This element should have a top padding of 5 em, which will require extra text in order to test. "
                  text run at (441,60) width 316: "Both the content background and the padding should be aqua (light"
                  text run at (0,74) width 27: "blue)."
              RenderBlock {P} at (4,283) size 763x218 [bgcolor=#00FFFF]
                RenderText {#text} at (0,190) size 760x28
                  text run at (0,190) width 546: "This element should have a top padding of 25%, which is calculated with respect to the width of the parent element. "
                  text run at (546,190) width 214: "Both the content background and the padding"
                  text run at (0,204) width 132: "should be aqua (light blue). "
                  text run at (132,204) width 198: "This will require extra text in order to test."
              RenderBlock {P} at (4,513) size 763x28 [bgcolor=#00FFFF]
                RenderText {#text} at (0,0) size 745x28
                  text run at (0,0) width 421: "This element should have no top padding, since negative padding values are not allowed. "
                  text run at (421,0) width 324: "Both the content background and the normal padding should be aqua"
                  text run at (0,14) width 55: "(light blue)."
