layer at (0,0) size 800x1151
  RenderView at (0,0) size 800x600
layer at (0,0) size 800x1151
  RenderBlock {HTML} at (0,0) size 800x1151
    RenderBody {BODY} at (8,8) size 784x1135 [bgcolor=#CCCCCC]
      RenderBlock {P} at (0,0) size 784x14
        RenderText {#text} at (0,0) size 264x14
          text run at (0,0) width 264: "The style declarations which apply to the text below are:"
      RenderBlock {PRE} at (0,26) size 784x36
        RenderText {#text} at (0,0) size 114x36
          text run at (0,0) width 114: ".one {width: 50px;}"
          text run at (114,0) width 0: " "
          text run at (0,12) width 108: ".two {width: 50%;}"
          text run at (108,12) width 0: " "
          text run at (0,24) width 114: "TABLE {width: 50%;}"
          text run at (114,24) width 0: " "
      RenderBlock {HR} at (0,72) size 784x2 [border: (1px inset #000000)]
      RenderBlock (anonymous) at (0,80) size 784x50
        RenderImage {IMG} at (0,0) size 50x50
        RenderText {#text} at (0,0) size 0x0
      RenderBlock {P} at (0,142) size 784x14
        RenderText {#text} at (0,0) size 215x14
          text run at (0,0) width 215: "The square above should be fifty pixels wide."
      RenderBlock (anonymous) at (0,168) size 784x392
        RenderImage {IMG} at (0,0) size 392x392
        RenderText {#text} at (0,0) size 0x0
      RenderBlock {P} at (0,572) size 784x14
        RenderText {#text} at (0,0) size 500x14
          text run at (0,0) width 500: "The square above should be half as wide as the image's parent element (either the BODY or the table cell)."
      RenderBlock {P} at (0,598) size 392x56
        RenderText {#text} at (0,0) size 387x42
          text run at (0,0) width 387: "This paragraph should be half the width of its parent element (either the BODY or"
          text run at (0,14) width 326: "the table, which should itself be half as wide as the BODY element). "
          text run at (326,14) width 58: "This is extra"
          text run at (0,28) width 260: "text included to ensure that this will be a fair test of the "
        RenderInline {CODE} at (0,0) size 30x12
          RenderText {#text} at (260,30) size 30x12
            text run at (260,30) width 30: "width"
        RenderText {#text} at (290,28) size 389x28
          text run at (290,28) width 99: " property without the"
          text run at (0,42) width 224: "need for the user to resize the viewing window."
      RenderTable {TABLE} at (0,666) size 392x469 [border: (1px outset #808080)]
        RenderTableSection {TBODY} at (1,1) size 390x467
          RenderTableRow {TR} at (0,0) size 390x22
            RenderTableCell {TD} at (0,0) size 390x22 [bgcolor=#C0C0C0] [border: (1px inset #808080)] [r=0 c=0 rs=1 cs=2]
              RenderInline {STRONG} at (0,0) size 122x14
                RenderText {#text} at (4,4) size 122x14
                  text run at (4,4) width 122: "TABLE Testing Section"
          RenderTableRow {TR} at (0,22) size 390x445
            RenderTableCell {TD} at (0,233) size 11x22 [bgcolor=#C0C0C0] [border: (1px inset #808080)] [r=1 c=0 rs=1 cs=1]
              RenderText {#text} at (4,4) size 3x14
                text run at (4,4) width 3: " "
            RenderTableCell {TD} at (11,22) size 379x445 [border: (1px inset #808080)] [r=1 c=1 rs=1 cs=1]
              RenderBlock (anonymous) at (4,4) size 371x50
                RenderImage {IMG} at (0,0) size 50x50
                RenderText {#text} at (0,0) size 0x0
              RenderBlock {P} at (4,66) size 371x14
                RenderText {#text} at (0,0) size 215x14
                  text run at (0,0) width 215: "The square above should be fifty pixels wide."
              RenderBlock (anonymous) at (4,92) size 371x185
                RenderImage {IMG} at (0,0) size 185x185
                RenderText {#text} at (0,0) size 0x0
              RenderBlock {P} at (4,289) size 371x28
                RenderText {#text} at (0,0) size 364x28
                  text run at (0,0) width 364: "The square above should be half as wide as the image's parent element (either"
                  text run at (0,14) width 133: "the BODY or the table cell)."
              RenderBlock {P} at (4,329) size 185x112
                RenderText {#text} at (0,0) size 182x84
                  text run at (0,0) width 158: "This paragraph should be half the"
                  text run at (0,14) width 175: "width of its parent element (either the"
                  text run at (0,28) width 160: "BODY or the table, which should"
                  text run at (0,42) width 165: "itself be half as wide as the BODY"
                  text run at (0,56) width 46: "element). "
                  text run at (46,56) width 133: "This is extra text included to"
                  text run at (0,70) width 182: "ensure that this will be a fair test of the"
                RenderInline {CODE} at (0,0) size 30x12
                  RenderText {#text} at (0,86) size 30x12
                    text run at (0,86) width 30: "width"
                RenderText {#text} at (30,84) size 182x28
                  text run at (30,84) width 141: " property without the need for"
                  text run at (0,98) width 182: "the user to resize the viewing window."
