layer at (0,0) size 800x600
  RenderView at (0,0) size 800x600
layer at (0,0) size 800x68
  RenderBlock {HTML} at (0,0) size 800x68
    RenderBody {BODY} at (8,12) size 784x48
      RenderBlock {P} at (0,0) size 784x12
        RenderText {#text} at (0,0) size 164x11
          text run at (0,0) width 164: "This test should not crash"
      RenderBlock (anonymous) at (0,24) size 784x24
        RenderText {#text} at (0,0) size 0x0
layer at (8,36) size 20x20
  RenderImage {IMG} at (0,0) size 20x20
