layer at (0,0) size 980x735
  RenderView at (0,0) size 980x735
layer at (0,0) size 980x429
  RenderBlock {HTML} at (0,0) size 980x429
    RenderBody {BODY} at (8,16) size 964x403
      RenderBlock {P} at (0,0) size 964x19
        RenderText {#text} at (0,0) size 408x19
          text run at (0,0) width 408: "You should not see double text when the div scrolls"
      RenderBlock {DIV} at (10,35) size 302x206 [border: (1px solid #000000)]
        RenderText {#text} at (0,0) size 0x0
layer at (19,52) size 300x200
  RenderVideo {VIDEO} at (1,1) size 300x200 [bgcolor=#000000]
layer at (18,267) size 302x152 clip at (19,268) size 285x150 scrollY 24 scrollHeight 500
  RenderBlock {DIV} at (10,251) size 302x152 [border: (1px solid #000000)]
    RenderBlock {DIV} at (1,1) size 285x500
      RenderText {#text} at (0,5) size 129x38
        text run at (0,5) width 129: "Scrolled"
      RenderBR {BR} at (129,5) size 0x38
      RenderText {#text} at (0,53) size 65x38
        text run at (0,53) width 65: "text"
      RenderBR {BR} at (65,53) size 0x38
      RenderText {#text} at (0,101) size 83x38
        text run at (0,101) width 83: "here."
