layer at (0,0) size 800x2058
  RenderView at (0,0) size 800x600
layer at (0,0) size 800x2058
  RenderBlock {HTML} at (0,0) size 800x2058
    RenderBody {BODY} at (8,8) size 784x2042
      RenderBlock (anonymous) at (0,0) size 784x28
        RenderBR {BR} at (0,0) size 0x14
        RenderText {#text} at (0,14) size 56x14
          text run at (0,14) width 56: "table - color"
      RenderTable {TABLE} at (0,28) size 59x32 [bgcolor=#FFA500] [border: (1px outset #808080)]
        RenderTableSection {TBODY} at (1,1) size 57x30
          RenderTableRow {TR} at (0,6) size 57x18
            RenderTableCell {TD} at (6,6) size 20x18 [border: (1px inset #808080)] [r=0 c=0 rs=1 cs=1]
              RenderText {#text} at (2,2) size 16x14
                text run at (2,2) width 16: "foo"
            RenderTableCell {TD} at (32,6) size 19x18 [border: (1px inset #808080)] [r=0 c=1 rs=1 cs=1]
              RenderText {#text} at (2,2) size 15x14
                text run at (2,2) width 15: "bar"
      RenderBlock (anonymous) at (0,60) size 784x28
        RenderBR {BR} at (0,0) size 0x14
        RenderText {#text} at (0,14) size 60x14
          text run at (0,14) width 60: "table - image"
      RenderTable {TABLE} at (0,88) size 59x32 [border: (1px outset #808080)]
        RenderTableSection {TBODY} at (1,1) size 57x30
          RenderTableRow {TR} at (0,6) size 57x18
            RenderTableCell {TD} at (6,6) size 20x18 [border: (1px inset #808080)] [r=0 c=0 rs=1 cs=1]
              RenderText {#text} at (2,2) size 16x14
                text run at (2,2) width 16: "foo"
            RenderTableCell {TD} at (32,6) size 19x18 [border: (1px inset #808080)] [r=0 c=1 rs=1 cs=1]
              RenderText {#text} at (2,2) size 15x14
                text run at (2,2) width 15: "bar"
      RenderBlock (anonymous) at (0,120) size 784x28
        RenderBR {BR} at (0,0) size 0x14
        RenderText {#text} at (0,14) size 90x14
          text run at (0,14) width 90: "table - color, image"
      RenderTable {TABLE} at (0,148) size 59x32 [bgcolor=#FFA500] [border: (1px outset #808080)]
        RenderTableSection {TBODY} at (1,1) size 57x30
          RenderTableRow {TR} at (0,6) size 57x18
            RenderTableCell {TD} at (6,6) size 20x18 [border: (1px inset #808080)] [r=0 c=0 rs=1 cs=1]
              RenderText {#text} at (2,2) size 16x14
                text run at (2,2) width 16: "foo"
            RenderTableCell {TD} at (32,6) size 19x18 [border: (1px inset #808080)] [r=0 c=1 rs=1 cs=1]
              RenderText {#text} at (2,2) size 15x14
                text run at (2,2) width 15: "bar"
      RenderBlock (anonymous) at (0,180) size 784x28
        RenderBR {BR} at (0,0) size 0x14
        RenderText {#text} at (0,14) size 50x14
          text run at (0,14) width 50: "cell - color"
      RenderTable {TABLE} at (0,208) size 59x32 [border: (1px outset #808080)]
        RenderTableSection {TBODY} at (1,1) size 57x30
          RenderTableRow {TR} at (0,6) size 57x18
            RenderTableCell {TD} at (6,6) size 20x18 [bgcolor=#FF55DD] [border: (1px inset #808080)] [r=0 c=0 rs=1 cs=1]
              RenderText {#text} at (2,2) size 16x14
                text run at (2,2) width 16: "foo"
            RenderTableCell {TD} at (32,6) size 19x18 [border: (1px inset #808080)] [r=0 c=1 rs=1 cs=1]
              RenderText {#text} at (2,2) size 15x14
                text run at (2,2) width 15: "bar"
      RenderBlock (anonymous) at (0,240) size 784x28
        RenderBR {BR} at (0,0) size 0x14
        RenderText {#text} at (0,14) size 54x14
          text run at (0,14) width 54: "cell - image"
      RenderTable {TABLE} at (0,268) size 59x32 [border: (1px outset #808080)]
        RenderTableSection {TBODY} at (1,1) size 57x30
          RenderTableRow {TR} at (0,6) size 57x18
            RenderTableCell {TD} at (6,6) size 20x18 [border: (1px inset #808080)] [r=0 c=0 rs=1 cs=1]
              RenderText {#text} at (2,2) size 16x14
                text run at (2,2) width 16: "foo"
            RenderTableCell {TD} at (32,6) size 19x18 [border: (1px inset #808080)] [r=0 c=1 rs=1 cs=1]
              RenderText {#text} at (2,2) size 15x14
                text run at (2,2) width 15: "bar"
      RenderBlock (anonymous) at (0,300) size 784x28
        RenderBR {BR} at (0,0) size 0x14
        RenderText {#text} at (0,14) size 84x14
          text run at (0,14) width 84: "cell - color, image"
      RenderTable {TABLE} at (0,328) size 59x32 [border: (1px outset #808080)]
        RenderTableSection {TBODY} at (1,1) size 57x30
          RenderTableRow {TR} at (0,6) size 57x18
            RenderTableCell {TD} at (6,6) size 20x18 [bgcolor=#FF55DD] [border: (1px inset #808080)] [r=0 c=0 rs=1 cs=1]
              RenderText {#text} at (2,2) size 16x14
                text run at (2,2) width 16: "foo"
            RenderTableCell {TD} at (32,6) size 19x18 [border: (1px inset #808080)] [r=0 c=1 rs=1 cs=1]
              RenderText {#text} at (2,2) size 15x14
                text run at (2,2) width 15: "bar"
      RenderBlock (anonymous) at (0,360) size 784x28
        RenderBR {BR} at (0,0) size 0x14
        RenderText {#text} at (0,14) size 112x14
          text run at (0,14) width 112: "table - color; cell - color"
      RenderTable {TABLE} at (0,388) size 59x32 [bgcolor=#FFA500] [border: (1px outset #808080)]
        RenderTableSection {TBODY} at (1,1) size 57x30
          RenderTableRow {TR} at (0,6) size 57x18
            RenderTableCell {TD} at (6,6) size 20x18 [bgcolor=#FF55DD] [border: (1px inset #808080)] [r=0 c=0 rs=1 cs=1]
              RenderText {#text} at (2,2) size 16x14
                text run at (2,2) width 16: "foo"
            RenderTableCell {TD} at (32,6) size 19x18 [border: (1px inset #808080)] [r=0 c=1 rs=1 cs=1]
              RenderText {#text} at (2,2) size 15x14
                text run at (2,2) width 15: "bar"
      RenderBlock (anonymous) at (0,420) size 784x28
        RenderBR {BR} at (0,0) size 0x14
        RenderText {#text} at (0,14) size 116x14
          text run at (0,14) width 116: "table - image; cell - color"
      RenderTable {TABLE} at (0,448) size 59x32 [border: (1px outset #808080)]
        RenderTableSection {TBODY} at (1,1) size 57x30
          RenderTableRow {TR} at (0,6) size 57x18
            RenderTableCell {TD} at (6,6) size 20x18 [bgcolor=#FF55DD] [border: (1px inset #808080)] [r=0 c=0 rs=1 cs=1]
              RenderText {#text} at (2,2) size 16x14
                text run at (2,2) width 16: "foo"
            RenderTableCell {TD} at (32,6) size 19x18 [border: (1px inset #808080)] [r=0 c=1 rs=1 cs=1]
              RenderText {#text} at (2,2) size 15x14
                text run at (2,2) width 15: "bar"
      RenderBlock (anonymous) at (0,480) size 784x28
        RenderBR {BR} at (0,0) size 0x14
        RenderText {#text} at (0,14) size 120x14
          text run at (0,14) width 120: "table - image; cell - image"
      RenderTable {TABLE} at (0,508) size 59x32 [border: (1px outset #808080)]
        RenderTableSection {TBODY} at (1,1) size 57x30
          RenderTableRow {TR} at (0,6) size 57x18
            RenderTableCell {TD} at (6,6) size 20x18 [border: (1px inset #808080)] [r=0 c=0 rs=1 cs=1]
              RenderText {#text} at (2,2) size 16x14
                text run at (2,2) width 16: "foo"
            RenderTableCell {TD} at (32,6) size 19x18 [border: (1px inset #808080)] [r=0 c=1 rs=1 cs=1]
              RenderText {#text} at (2,2) size 15x14
                text run at (2,2) width 15: "bar"
      RenderBlock (anonymous) at (0,540) size 784x28
        RenderBR {BR} at (0,0) size 0x14
        RenderText {#text} at (0,14) size 77x14
          text run at (0,14) width 77: "row group color"
      RenderTable {TABLE} at (0,568) size 59x32 [border: (1px outset #808080)]
        RenderTableSection {TBODY} at (1,1) size 57x30 [bgcolor=#FF0000]
          RenderTableRow {TR} at (0,6) size 57x18
            RenderTableCell {TD} at (6,6) size 20x18 [border: (1px inset #808080)] [r=0 c=0 rs=1 cs=1]
              RenderText {#text} at (2,2) size 16x14
                text run at (2,2) width 16: "foo"
            RenderTableCell {TD} at (32,6) size 19x18 [border: (1px inset #808080)] [r=0 c=1 rs=1 cs=1]
              RenderText {#text} at (2,2) size 15x14
                text run at (2,2) width 15: "bar"
      RenderBlock (anonymous) at (0,600) size 784x28
        RenderBR {BR} at (0,0) size 0x14
        RenderText {#text} at (0,14) size 77x14
          text run at (0,14) width 77: "row group color"
      RenderTable {TABLE} at (0,628) size 59x62 [border: (1px outset #808080)]
        RenderTableSection {TBODY} at (1,1) size 57x30 [bgcolor=#FF0000]
          RenderTableRow {TR} at (0,6) size 57x18
            RenderTableCell {TD} at (6,6) size 20x18 [border: (1px inset #808080)] [r=0 c=0 rs=1 cs=1]
              RenderText {#text} at (2,2) size 16x14
                text run at (2,2) width 16: "foo"
            RenderTableCell {TD} at (32,6) size 19x18 [border: (1px inset #808080)] [r=0 c=1 rs=1 cs=1]
              RenderText {#text} at (2,2) size 15x14
                text run at (2,2) width 15: "bar"
        RenderTableSection {TBODY} at (1,31) size 57x30
          RenderTableRow {TR} at (0,6) size 57x18
            RenderTableCell {TD} at (6,6) size 20x18 [border: (1px inset #808080)] [r=0 c=0 rs=1 cs=1]
              RenderText {#text} at (2,2) size 16x14
                text run at (2,2) width 16: "foo"
            RenderTableCell {TD} at (32,6) size 19x18 [border: (1px inset #808080)] [r=0 c=1 rs=1 cs=1]
              RenderText {#text} at (2,2) size 15x14
                text run at (2,2) width 15: "bar"
      RenderBlock (anonymous) at (0,690) size 784x28
        RenderBR {BR} at (0,0) size 0x14
        RenderText {#text} at (0,14) size 46x14
          text run at (0,14) width 46: "row color"
      RenderTable {TABLE} at (0,718) size 59x32 [border: (1px outset #808080)]
        RenderTableSection {TBODY} at (1,1) size 57x30
          RenderTableRow {TR} at (0,6) size 57x18 [bgcolor=#FF0000]
            RenderTableCell {TD} at (6,6) size 20x18 [border: (1px inset #808080)] [r=0 c=0 rs=1 cs=1]
              RenderText {#text} at (2,2) size 16x14
                text run at (2,2) width 16: "foo"
            RenderTableCell {TD} at (32,6) size 19x18 [border: (1px inset #808080)] [r=0 c=1 rs=1 cs=1]
              RenderText {#text} at (2,2) size 15x14
                text run at (2,2) width 15: "bar"
      RenderBlock (anonymous) at (0,750) size 784x28
        RenderBR {BR} at (0,0) size 0x14
        RenderText {#text} at (0,14) size 46x14
          text run at (0,14) width 46: "row color"
      RenderTable {TABLE} at (0,778) size 59x56 [border: (1px outset #808080)]
        RenderTableSection {TBODY} at (1,1) size 57x54
          RenderTableRow {TR} at (0,6) size 57x18 [bgcolor=#FF0000]
            RenderTableCell {TD} at (6,6) size 20x18 [border: (1px inset #808080)] [r=0 c=0 rs=1 cs=1]
              RenderText {#text} at (2,2) size 16x14
                text run at (2,2) width 16: "foo"
            RenderTableCell {TD} at (32,6) size 19x18 [border: (1px inset #808080)] [r=0 c=1 rs=1 cs=1]
              RenderText {#text} at (2,2) size 15x14
                text run at (2,2) width 15: "bar"
          RenderTableRow {TR} at (0,30) size 57x18
            RenderTableCell {TD} at (6,30) size 20x18 [border: (1px inset #808080)] [r=1 c=0 rs=1 cs=1]
              RenderText {#text} at (2,2) size 16x14
                text run at (2,2) width 16: "foo"
            RenderTableCell {TD} at (32,30) size 19x18 [border: (1px inset #808080)] [r=1 c=1 rs=1 cs=1]
              RenderText {#text} at (2,2) size 15x14
                text run at (2,2) width 15: "bar"
      RenderBlock (anonymous) at (0,834) size 784x28
        RenderBR {BR} at (0,0) size 0x14
        RenderText {#text} at (0,14) size 50x14
          text run at (0,14) width 50: "row image"
      RenderTable {TABLE} at (0,862) size 59x32 [border: (1px outset #808080)]
        RenderTableSection {TBODY} at (1,1) size 57x30
          RenderTableRow {TR} at (0,6) size 57x18
            RenderTableCell {TD} at (6,6) size 20x18 [border: (1px inset #808080)] [r=0 c=0 rs=1 cs=1]
              RenderText {#text} at (2,2) size 16x14
                text run at (2,2) width 16: "foo"
            RenderTableCell {TD} at (32,6) size 19x18 [border: (1px inset #808080)] [r=0 c=1 rs=1 cs=1]
              RenderText {#text} at (2,2) size 15x14
                text run at (2,2) width 15: "bar"
      RenderBlock (anonymous) at (0,894) size 784x28
        RenderBR {BR} at (0,0) size 0x14
        RenderText {#text} at (0,14) size 108x14
          text run at (0,14) width 108: "table - color, row color"
      RenderTable {TABLE} at (0,922) size 59x56 [bgcolor=#FFA500] [border: (1px outset #808080)]
        RenderTableSection {TBODY} at (1,1) size 57x54
          RenderTableRow {TR} at (0,6) size 57x18 [bgcolor=#FF0000]
            RenderTableCell {TD} at (6,6) size 20x18 [border: (1px inset #808080)] [r=0 c=0 rs=1 cs=1]
              RenderText {#text} at (2,2) size 16x14
                text run at (2,2) width 16: "foo"
            RenderTableCell {TD} at (32,6) size 19x18 [border: (1px inset #808080)] [r=0 c=1 rs=1 cs=1]
              RenderText {#text} at (2,2) size 15x14
                text run at (2,2) width 15: "bar"
          RenderTableRow {TR} at (0,30) size 57x18
            RenderTableCell {TD} at (6,30) size 20x18 [border: (1px inset #808080)] [r=1 c=0 rs=1 cs=1]
              RenderText {#text} at (2,2) size 16x14
                text run at (2,2) width 16: "foo"
            RenderTableCell {TD} at (32,30) size 19x18 [border: (1px inset #808080)] [r=1 c=1 rs=1 cs=1]
              RenderText {#text} at (2,2) size 15x14
                text run at (2,2) width 15: "bar"
      RenderBlock (anonymous) at (0,978) size 784x28
        RenderBR {BR} at (0,0) size 0x14
        RenderText {#text} at (0,14) size 112x14
          text run at (0,14) width 112: "table - image, row color"
      RenderTable {TABLE} at (0,1006) size 59x56 [border: (1px outset #808080)]
        RenderTableSection {TBODY} at (1,1) size 57x54
          RenderTableRow {TR} at (0,6) size 57x18 [bgcolor=#FF0000]
            RenderTableCell {TD} at (6,6) size 20x18 [border: (1px inset #808080)] [r=0 c=0 rs=1 cs=1]
              RenderText {#text} at (2,2) size 16x14
                text run at (2,2) width 16: "foo"
            RenderTableCell {TD} at (32,6) size 19x18 [border: (1px inset #808080)] [r=0 c=1 rs=1 cs=1]
              RenderText {#text} at (2,2) size 15x14
                text run at (2,2) width 15: "bar"
          RenderTableRow {TR} at (0,30) size 57x18
            RenderTableCell {TD} at (6,30) size 20x18 [border: (1px inset #808080)] [r=1 c=0 rs=1 cs=1]
              RenderText {#text} at (2,2) size 16x14
                text run at (2,2) width 16: "foo"
            RenderTableCell {TD} at (32,30) size 19x18 [border: (1px inset #808080)] [r=1 c=1 rs=1 cs=1]
              RenderText {#text} at (2,2) size 15x14
                text run at (2,2) width 15: "bar"
      RenderBlock (anonymous) at (0,1062) size 784x28
        RenderBR {BR} at (0,0) size 0x14
        RenderText {#text} at (0,14) size 112x14
          text run at (0,14) width 112: "table - color; row image"
      RenderTable {TABLE} at (0,1090) size 59x32 [bgcolor=#FFA500] [border: (1px outset #808080)]
        RenderTableSection {TBODY} at (1,1) size 57x30
          RenderTableRow {TR} at (0,6) size 57x18
            RenderTableCell {TD} at (6,6) size 20x18 [border: (1px inset #808080)] [r=0 c=0 rs=1 cs=1]
              RenderText {#text} at (2,2) size 16x14
                text run at (2,2) width 16: "foo"
            RenderTableCell {TD} at (32,6) size 19x18 [border: (1px inset #808080)] [r=0 c=1 rs=1 cs=1]
              RenderText {#text} at (2,2) size 15x14
                text run at (2,2) width 15: "bar"
      RenderBlock (anonymous) at (0,1122) size 784x28
        RenderBR {BR} at (0,0) size 0x14
        RenderText {#text} at (0,14) size 116x14
          text run at (0,14) width 116: "table - image, row image"
      RenderTable {TABLE} at (0,1150) size 59x32 [border: (1px outset #808080)]
        RenderTableSection {TBODY} at (1,1) size 57x30
          RenderTableRow {TR} at (0,6) size 57x18
            RenderTableCell {TD} at (6,6) size 20x18 [border: (1px inset #808080)] [r=0 c=0 rs=1 cs=1]
              RenderText {#text} at (2,2) size 16x14
                text run at (2,2) width 16: "foo"
            RenderTableCell {TD} at (32,6) size 19x18 [border: (1px inset #808080)] [r=0 c=1 rs=1 cs=1]
              RenderText {#text} at (2,2) size 15x14
                text run at (2,2) width 15: "bar"
      RenderBlock (anonymous) at (0,1182) size 784x28
        RenderBR {BR} at (0,0) size 0x14
        RenderText {#text} at (0,14) size 157x14
          text run at (0,14) width 157: "table - color; row color; cell color"
      RenderTable {TABLE} at (0,1210) size 59x56 [bgcolor=#FFA500] [border: (1px outset #808080)]
        RenderTableSection {TBODY} at (1,1) size 57x54
          RenderTableRow {TR} at (0,6) size 57x18 [bgcolor=#FF0000]
            RenderTableCell {TD} at (6,6) size 20x18 [bgcolor=#FF55DD] [border: (1px inset #808080)] [r=0 c=0 rs=1 cs=1]
              RenderText {#text} at (2,2) size 16x14
                text run at (2,2) width 16: "foo"
            RenderTableCell {TD} at (32,6) size 19x18 [border: (1px inset #808080)] [r=0 c=1 rs=1 cs=1]
              RenderText {#text} at (2,2) size 15x14
                text run at (2,2) width 15: "bar"
          RenderTableRow {TR} at (0,30) size 57x18
            RenderTableCell {TD} at (6,30) size 20x18 [border: (1px inset #808080)] [r=1 c=0 rs=1 cs=1]
              RenderText {#text} at (2,2) size 16x14
                text run at (2,2) width 16: "foo"
            RenderTableCell {TD} at (32,30) size 19x18 [border: (1px inset #808080)] [r=1 c=1 rs=1 cs=1]
              RenderText {#text} at (2,2) size 15x14
                text run at (2,2) width 15: "bar"
      RenderBlock (anonymous) at (0,1266) size 784x28
        RenderBR {BR} at (0,0) size 0x14
        RenderText {#text} at (0,14) size 161x14
          text run at (0,14) width 161: "table - image; row color; cell color"
      RenderTable {TABLE} at (0,1294) size 59x56 [border: (1px outset #808080)]
        RenderTableSection {TBODY} at (1,1) size 57x54
          RenderTableRow {TR} at (0,6) size 57x18 [bgcolor=#FF0000]
            RenderTableCell {TD} at (6,6) size 20x18 [bgcolor=#FF55DD] [border: (1px inset #808080)] [r=0 c=0 rs=1 cs=1]
              RenderText {#text} at (2,2) size 16x14
                text run at (2,2) width 16: "foo"
            RenderTableCell {TD} at (32,6) size 19x18 [border: (1px inset #808080)] [r=0 c=1 rs=1 cs=1]
              RenderText {#text} at (2,2) size 15x14
                text run at (2,2) width 15: "bar"
          RenderTableRow {TR} at (0,30) size 57x18
            RenderTableCell {TD} at (6,30) size 20x18 [border: (1px inset #808080)] [r=1 c=0 rs=1 cs=1]
              RenderText {#text} at (2,2) size 16x14
                text run at (2,2) width 16: "foo"
            RenderTableCell {TD} at (32,30) size 19x18 [border: (1px inset #808080)] [r=1 c=1 rs=1 cs=1]
              RenderText {#text} at (2,2) size 15x14
                text run at (2,2) width 15: "bar"
      RenderBlock (anonymous) at (0,1350) size 784x28
        RenderBR {BR} at (0,0) size 0x14
        RenderText {#text} at (0,14) size 161x14
          text run at (0,14) width 161: "table - color; row image; cell color"
      RenderTable {TABLE} at (0,1378) size 59x56 [bgcolor=#FFA500] [border: (1px outset #808080)]
        RenderTableSection {TBODY} at (1,1) size 57x54
          RenderTableRow {TR} at (0,6) size 57x18
            RenderTableCell {TD} at (6,6) size 20x18 [bgcolor=#FF55DD] [border: (1px inset #808080)] [r=0 c=0 rs=1 cs=1]
              RenderText {#text} at (2,2) size 16x14
                text run at (2,2) width 16: "foo"
            RenderTableCell {TD} at (32,6) size 19x18 [border: (1px inset #808080)] [r=0 c=1 rs=1 cs=1]
              RenderText {#text} at (2,2) size 15x14
                text run at (2,2) width 15: "bar"
          RenderTableRow {TR} at (0,30) size 57x18
            RenderTableCell {TD} at (6,30) size 20x18 [border: (1px inset #808080)] [r=1 c=0 rs=1 cs=1]
              RenderText {#text} at (2,2) size 16x14
                text run at (2,2) width 16: "foo"
            RenderTableCell {TD} at (32,30) size 19x18 [border: (1px inset #808080)] [r=1 c=1 rs=1 cs=1]
              RenderText {#text} at (2,2) size 15x14
                text run at (2,2) width 15: "bar"
      RenderBlock (anonymous) at (0,1434) size 784x28
        RenderBR {BR} at (0,0) size 0x14
        RenderText {#text} at (0,14) size 161x14
          text run at (0,14) width 161: "table - color; row color; cell image"
      RenderTable {TABLE} at (0,1462) size 59x56 [bgcolor=#FFA500] [border: (1px outset #808080)]
        RenderTableSection {TBODY} at (1,1) size 57x54
          RenderTableRow {TR} at (0,6) size 57x18 [bgcolor=#FF0000]
            RenderTableCell {TD} at (6,6) size 20x18 [border: (1px inset #808080)] [r=0 c=0 rs=1 cs=1]
              RenderText {#text} at (2,2) size 16x14
                text run at (2,2) width 16: "foo"
            RenderTableCell {TD} at (32,6) size 19x18 [border: (1px inset #808080)] [r=0 c=1 rs=1 cs=1]
              RenderText {#text} at (2,2) size 15x14
                text run at (2,2) width 15: "bar"
          RenderTableRow {TR} at (0,30) size 57x18
            RenderTableCell {TD} at (6,30) size 20x18 [border: (1px inset #808080)] [r=1 c=0 rs=1 cs=1]
              RenderText {#text} at (2,2) size 16x14
                text run at (2,2) width 16: "foo"
            RenderTableCell {TD} at (32,30) size 19x18 [border: (1px inset #808080)] [r=1 c=1 rs=1 cs=1]
              RenderText {#text} at (2,2) size 15x14
                text run at (2,2) width 15: "bar"
      RenderBlock (anonymous) at (0,1518) size 784x28
        RenderBR {BR} at (0,0) size 0x14
        RenderText {#text} at (0,14) size 72x14
          text run at (0,14) width 72: "col group color"
      RenderTable {TABLE} at (0,1546) size 34x32 [border: (1px outset #808080)]
        RenderTableCol {COLGROUP} at (0,0) size 0x0 [bgcolor=#FF0000]
          RenderTableCol {COL} at (0,0) size 0x0
        RenderTableSection {TBODY} at (1,1) size 32x30
          RenderTableRow {TR} at (0,6) size 32x18
            RenderTableCell {TD} at (6,6) size 20x18 [border: (1px inset #808080)] [r=0 c=0 rs=1 cs=1]
              RenderText {#text} at (2,2) size 16x14
                text run at (2,2) width 16: "foo"
      RenderBlock (anonymous) at (0,1578) size 784x28
        RenderBR {BR} at (0,0) size 0x14
        RenderText {#text} at (0,14) size 41x14
          text run at (0,14) width 41: "col color"
      RenderTable {TABLE} at (0,1606) size 34x32 [border: (1px outset #808080)]
        RenderTableCol {COLGROUP} at (0,0) size 0x0
          RenderTableCol {COL} at (0,0) size 0x0 [bgcolor=#FF0000]
        RenderTableSection {TBODY} at (1,1) size 32x30
          RenderTableRow {TR} at (0,6) size 32x18
            RenderTableCell {TD} at (6,6) size 20x18 [border: (1px inset #808080)] [r=0 c=0 rs=1 cs=1]
              RenderText {#text} at (2,2) size 16x14
                text run at (2,2) width 16: "foo"
      RenderBlock (anonymous) at (0,1638) size 784x28
        RenderBR {BR} at (0,0) size 0x14
        RenderText {#text} at (0,14) size 169x14
          text run at (0,14) width 169: "table - image; row image; cell image"
      RenderTable {TABLE} at (0,1666) size 59x56 [border: (1px outset #808080)]
        RenderTableSection {TBODY} at (1,1) size 57x54
          RenderTableRow {TR} at (0,6) size 57x18
            RenderTableCell {TD} at (6,6) size 20x18 [border: (1px inset #808080)] [r=0 c=0 rs=1 cs=1]
              RenderText {#text} at (2,2) size 16x14
                text run at (2,2) width 16: "foo"
            RenderTableCell {TD} at (32,6) size 19x18 [border: (1px inset #808080)] [r=0 c=1 rs=1 cs=1]
              RenderText {#text} at (2,2) size 15x14
                text run at (2,2) width 15: "bar"
          RenderTableRow {TR} at (0,30) size 57x18
            RenderTableCell {TD} at (6,30) size 20x18 [border: (1px inset #808080)] [r=1 c=0 rs=1 cs=1]
              RenderText {#text} at (2,2) size 16x14
                text run at (2,2) width 16: "foo"
            RenderTableCell {TD} at (32,30) size 19x18 [border: (1px inset #808080)] [r=1 c=1 rs=1 cs=1]
              RenderText {#text} at (2,2) size 15x14
                text run at (2,2) width 15: "bar"
      RenderBlock (anonymous) at (0,1722) size 784x28
        RenderBR {BR} at (0,0) size 0x14
        RenderText {#text} at (0,14) size 175x14
          text run at (0,14) width 175: "table - color, tbodies color, row color"
      RenderTable {TABLE} at (0,1750) size 42x88 [bgcolor=#FFA500] [border: (1px outset #808080)]
        RenderTableSection {TBODY} at (7,7) size 28x48 [bgcolor=#FF0000]
          RenderTableRow {TR} at (0,4) size 28x18 [bgcolor=#FFFF00]
            RenderTableCell {TD} at (4,4) size 20x18 [border: (1px inset #808080)] [r=0 c=0 rs=1 cs=1]
              RenderText {#text} at (2,2) size 16x14
                text run at (2,2) width 16: "foo"
          RenderTableRow {TR} at (0,26) size 28x18
            RenderTableCell {TD} at (4,26) size 20x18 [border: (1px inset #808080)] [r=1 c=0 rs=1 cs=1]
              RenderText {#text} at (2,2) size 16x14
                text run at (2,2) width 16: "foo"
        RenderTableSection {TBODY} at (7,55) size 28x26 [bgcolor=#008000]
          RenderTableRow {TR} at (0,4) size 28x18
            RenderTableCell {TD} at (4,4) size 20x18 [border: (1px inset #808080)] [r=0 c=0 rs=1 cs=1]
              RenderText {#text} at (2,2) size 16x14
                text run at (2,2) width 16: "foo"
      RenderBlock (anonymous) at (0,1838) size 784x28
        RenderBR {BR} at (0,0) size 0x14
        RenderText {#text} at (0,14) size 45x14
          text run at (0,14) width 45: "col image"
      RenderTable {TABLE} at (0,1866) size 65x62 [border: (1px outset #808080)]
        RenderTableCol {COLGROUP} at (0,0) size 0x0
          RenderTableCol {COL} at (0,0) size 0x0 [bgcolor=#FF0000]
        RenderTableSection {TBODY} at (7,7) size 51x48
          RenderTableRow {TR} at (0,4) size 51x18
            RenderTableCell {TD} at (4,4) size 20x18 [border: (1px inset #808080)] [r=0 c=0 rs=1 cs=1]
              RenderText {#text} at (2,2) size 16x14
                text run at (2,2) width 16: "foo"
            RenderTableCell {TD} at (28,4) size 19x18 [border: (1px inset #808080)] [r=0 c=1 rs=1 cs=1]
              RenderText {#text} at (2,2) size 15x14
                text run at (2,2) width 15: "bar"
          RenderTableRow {TR} at (0,26) size 51x18
            RenderTableCell {TD} at (4,26) size 20x18 [border: (1px inset #808080)] [r=1 c=0 rs=1 cs=1]
              RenderText {#text} at (2,2) size 16x14
                text run at (2,2) width 16: "foo"
            RenderTableCell {TD} at (28,26) size 19x18 [border: (1px inset #808080)] [r=1 c=1 rs=1 cs=1]
              RenderText {#text} at (2,2) size 15x14
                text run at (2,2) width 15: "bar"
      RenderBlock (anonymous) at (0,1928) size 784x28
        RenderBR {BR} at (0,0) size 0x14
        RenderText {#text} at (0,14) size 275x14
          text run at (0,14) width 275: "table color; col group color; col color; row color; cell color"
      RenderTable {TABLE} at (0,1956) size 100x72 [bgcolor=#FFA500] [border: (1px outset #808080)]
        RenderTableCol {COLGROUP} at (0,0) size 0x0 [bgcolor=#FF0000]
          RenderTableCol {COL} at (0,0) size 0x0 [bgcolor=#FF9999]
          RenderTableCol {COL} at (0,0) size 0x0
        RenderTableCol {COLGROUP} at (0,0) size 0x0 [bgcolor=#0000FF]
          RenderTableCol {COL} at (0,0) size 0x0
          RenderTableCol {COL} at (0,0) size 0x0 [bgcolor=#9999FF]
        RenderTableSection {TBODY} at (1,1) size 98x70
          RenderTableRow {TR} at (0,4) size 98x18 [bgcolor=#FFFF00]
            RenderTableCell {TD} at (4,4) size 20x18 [border: (1px inset #808080)] [r=0 c=0 rs=1 cs=1]
              RenderText {#text} at (2,2) size 16x14
                text run at (2,2) width 16: "foo"
            RenderTableCell {TD} at (28,4) size 19x18 [bgcolor=#FFA500] [border: (1px inset #808080)] [r=0 c=1 rs=1 cs=1]
              RenderText {#text} at (2,2) size 15x14
                text run at (2,2) width 15: "bar"
            RenderTableCell {TD} at (51,4) size 20x18 [border: (1px inset #808080)] [r=0 c=2 rs=1 cs=1]
              RenderText {#text} at (2,2) size 16x14
                text run at (2,2) width 16: "foo"
            RenderTableCell {TD} at (75,4) size 19x18 [border: (1px inset #808080)] [r=0 c=3 rs=1 cs=1]
              RenderText {#text} at (2,2) size 15x14
                text run at (2,2) width 15: "bar"
          RenderTableRow {TR} at (0,26) size 98x18
            RenderTableCell {TD} at (4,26) size 20x18 [border: (1px inset #808080)] [r=1 c=0 rs=1 cs=1]
              RenderText {#text} at (2,2) size 16x14
                text run at (2,2) width 16: "foo"
            RenderTableCell {TD} at (28,26) size 19x18 [border: (1px inset #808080)] [r=1 c=1 rs=1 cs=1]
              RenderText {#text} at (2,2) size 15x14
                text run at (2,2) width 15: "bar"
            RenderTableCell {TD} at (51,26) size 20x18 [border: (1px inset #808080)] [r=1 c=2 rs=1 cs=1]
              RenderText {#text} at (2,2) size 16x14
                text run at (2,2) width 16: "foo"
            RenderTableCell {TD} at (75,26) size 19x18 [border: (1px inset #808080)] [r=1 c=3 rs=1 cs=1]
              RenderText {#text} at (2,2) size 15x14
                text run at (2,2) width 15: "bar"
          RenderTableRow {TR} at (0,48) size 98x18
            RenderTableCell {TD} at (4,48) size 20x18 [border: (1px inset #808080)] [r=2 c=0 rs=1 cs=1]
              RenderText {#text} at (2,2) size 16x14
                text run at (2,2) width 16: "foo"
            RenderTableCell {TD} at (28,48) size 19x18 [border: (1px inset #808080)] [r=2 c=1 rs=1 cs=1]
              RenderText {#text} at (2,2) size 15x14
                text run at (2,2) width 15: "bar"
            RenderTableCell {TD} at (51,48) size 20x18 [border: (1px inset #808080)] [r=2 c=2 rs=1 cs=1]
              RenderText {#text} at (2,2) size 16x14
                text run at (2,2) width 16: "foo"
            RenderTableCell {TD} at (75,48) size 19x18 [border: (1px inset #808080)] [r=2 c=3 rs=1 cs=1]
              RenderText {#text} at (2,2) size 15x14
                text run at (2,2) width 15: "bar"
      RenderBlock (anonymous) at (0,2028) size 784x14
        RenderText {#text} at (0,0) size 15x14
          text run at (0,0) width 15: "-->"
