layer at (0,0) size 800x600
  RenderView at (0,0) size 800x600
layer at (0,0) size 800x600
  RenderBlock {HTML} at (0,0) size 800x600
    RenderBody {BODY} at (8,8) size 784x584
      RenderBlock (anonymous) at (0,0) size 784x14
        RenderText {#text} at (0,0) size 148x14
          text run at (0,0) width 148: "Both columns should be 200px"
      RenderTable {TABLE} at (0,14) size 408x24 [bgcolor=#FFA500] [border: (1px outset #808080)]
        RenderTableCol {COLGROUP} at (0,0) size 0x0
        RenderTableSection {TBODY} at (1,1) size 406x22
          RenderTableRow {TR} at (0,2) size 406x18
            RenderTableCell {TD} at (2,2) size 200x18 [border: (1px inset #808080)] [r=0 c=0 rs=1 cs=1]
              RenderText {#text} at (2,2) size 17x14
                text run at (2,2) width 17: "c11"
            RenderTableCell {TD} at (204,2) size 200x18 [border: (1px inset #808080)] [r=0 c=1 rs=1 cs=1]
              RenderText {#text} at (2,2) size 17x14
                text run at (2,2) width 17: "c12"
      RenderBlock (anonymous) at (0,38) size 784x28
        RenderBR {BR} at (0,0) size 0x14
        RenderText {#text} at (0,14) size 148x14
          text run at (0,14) width 148: "Both columns should be 200px"
      RenderTable {TABLE} at (0,66) size 50x24 [bgcolor=#FFA500] [border: (1px outset #808080)]
        RenderTableCol {COLGROUP} at (0,0) size 0x0
          RenderTableCol {COL} at (0,0) size 0x0
        RenderTableSection {TBODY} at (1,1) size 48x22
          RenderTableRow {TR} at (0,2) size 48x18
            RenderTableCell {TD} at (2,2) size 21x18 [border: (1px inset #808080)] [r=0 c=0 rs=1 cs=1]
              RenderText {#text} at (2,2) size 17x14
                text run at (2,2) width 17: "c11"
            RenderTableCell {TD} at (25,2) size 21x18 [border: (1px inset #808080)] [r=0 c=1 rs=1 cs=1]
              RenderText {#text} at (2,2) size 17x14
                text run at (2,2) width 17: "c12"
      RenderBlock (anonymous) at (0,90) size 784x28
        RenderBR {BR} at (0,0) size 0x14
        RenderText {#text} at (0,14) size 148x14
          text run at (0,14) width 148: "Both columns should be 200px"
      RenderTable {TABLE} at (0,118) size 408x24 [bgcolor=#FFA500] [border: (1px outset #808080)]
        RenderTableCol {COLGROUP} at (0,0) size 0x0
          RenderTableCol {COL} at (0,0) size 0x0
        RenderTableSection {TBODY} at (1,1) size 406x22
          RenderTableRow {TR} at (0,2) size 406x18
            RenderTableCell {TD} at (2,2) size 200x18 [border: (1px inset #808080)] [r=0 c=0 rs=1 cs=1]
              RenderText {#text} at (2,2) size 17x14
                text run at (2,2) width 17: "c11"
            RenderTableCell {TD} at (204,2) size 200x18 [border: (1px inset #808080)] [r=0 c=1 rs=1 cs=1]
              RenderText {#text} at (2,2) size 17x14
                text run at (2,2) width 17: "c12"
      RenderBlock (anonymous) at (0,142) size 784x14
        RenderBR {BR} at (0,0) size 0x14
