layer at (0,0) size 800x768
  RenderView at (0,0) size 800x600
layer at (0,0) size 800x768
  RenderBlock {HTML} at (0,0) size 800x768
    RenderBody {BODY} at (8,8) size 784x752
      RenderBlock (anonymous) at (0,0) size 784x14
        RenderText {#text} at (0,0) size 80x14
          text run at (0,0) width 80: "auto table cols=2"
      RenderTable {TABLE} at (0,14) size 382x24 [border: (1px outset #808080)]
        RenderTableSection {TBODY} at (1,1) size 380x22
          RenderTableRow {TR} at (0,2) size 380x18
            RenderTableCell {TD} at (2,2) size 185x18 [border: (1px inset #808080)] [r=0 c=0 rs=1 cs=1]
              RenderText {#text} at (2,2) size 181x14
                text run at (2,2) width 181: "auto auto auto auto auto auto auto auto"
            RenderTableCell {TD} at (189,2) size 117x18 [border: (1px inset #808080)] [r=0 c=1 rs=1 cs=1]
              RenderText {#text} at (2,2) size 113x14
                text run at (2,2) width 113: "auto-auto auto auto auto"
            RenderTableCell {TD} at (308,2) size 70x18 [border: (1px inset #808080)] [r=0 c=2 rs=1 cs=1]
              RenderText {#text} at (2,2) size 66x14
                text run at (2,2) width 66: "auto auto auto"
      RenderBlock (anonymous) at (0,38) size 784x28
        RenderBR {BR} at (0,0) size 0x14
        RenderText {#text} at (0,14) size 80x14
          text run at (0,14) width 80: "auto table cols=2"
      RenderTable {TABLE} at (0,66) size 152x24 [border: (1px outset #808080)]
        RenderTableSection {TBODY} at (1,1) size 150x22
          RenderTableRow {TR} at (0,2) size 150x18
            RenderTableCell {TD} at (2,2) size 24x18 [border: (1px inset #808080)] [r=0 c=0 rs=1 cs=1]
              RenderText {#text} at (2,2) size 20x14
                text run at (2,2) width 20: "auto"
            RenderTableCell {TD} at (28,2) size 48x18 [border: (1px inset #808080)] [r=0 c=1 rs=1 cs=1]
              RenderText {#text} at (2,2) size 44x14
                text run at (2,2) width 44: "auto-auto"
            RenderTableCell {TD} at (78,2) size 70x18 [border: (1px inset #808080)] [r=0 c=2 rs=1 cs=1]
              RenderText {#text} at (2,2) size 66x14
                text run at (2,2) width 66: "auto auto auto"
      RenderBlock (anonymous) at (0,90) size 784x28
        RenderBR {BR} at (0,0) size 0x14
        RenderText {#text} at (0,14) size 130x14
          text run at (0,14) width 130: "auto table 2 cols with 1*,1*"
      RenderTable {TABLE} at (0,118) size 152x24 [border: (1px outset #808080)]
        RenderTableCol {COLGROUP} at (0,0) size 0x0
          RenderTableCol {COL} at (0,0) size 0x0
          RenderTableCol {COL} at (0,0) size 0x0
        RenderTableSection {TBODY} at (1,1) size 150x22
          RenderTableRow {TR} at (0,2) size 150x18
            RenderTableCell {TD} at (2,2) size 24x18 [border: (1px inset #808080)] [r=0 c=0 rs=1 cs=1]
              RenderText {#text} at (2,2) size 20x14
                text run at (2,2) width 20: "auto"
            RenderTableCell {TD} at (28,2) size 48x18 [border: (1px inset #808080)] [r=0 c=1 rs=1 cs=1]
              RenderText {#text} at (2,2) size 44x14
                text run at (2,2) width 44: "auto-auto"
            RenderTableCell {TD} at (78,2) size 70x18 [border: (1px inset #808080)] [r=0 c=2 rs=1 cs=1]
              RenderText {#text} at (2,2) size 66x14
                text run at (2,2) width 66: "auto auto auto"
      RenderBlock (anonymous) at (0,142) size 784x28
        RenderBR {BR} at (0,0) size 0x14
        RenderText {#text} at (0,14) size 130x14
          text run at (0,14) width 130: "auto table 2 cols with 2*,1*"
      RenderTable {TABLE} at (0,170) size 152x24 [border: (1px outset #808080)]
        RenderTableCol {COLGROUP} at (0,0) size 0x0
          RenderTableCol {COL} at (0,0) size 0x0
          RenderTableCol {COL} at (0,0) size 0x0
        RenderTableSection {TBODY} at (1,1) size 150x22
          RenderTableRow {TR} at (0,2) size 150x18
            RenderTableCell {TD} at (2,2) size 24x18 [border: (1px inset #808080)] [r=0 c=0 rs=1 cs=1]
              RenderText {#text} at (2,2) size 20x14
                text run at (2,2) width 20: "auto"
            RenderTableCell {TD} at (28,2) size 48x18 [border: (1px inset #808080)] [r=0 c=1 rs=1 cs=1]
              RenderText {#text} at (2,2) size 44x14
                text run at (2,2) width 44: "auto-auto"
            RenderTableCell {TD} at (78,2) size 70x18 [border: (1px inset #808080)] [r=0 c=2 rs=1 cs=1]
              RenderText {#text} at (2,2) size 66x14
                text run at (2,2) width 66: "auto auto auto"
      RenderBlock (anonymous) at (0,194) size 784x28
        RenderBR {BR} at (0,0) size 0x14
        RenderText {#text} at (0,14) size 84x14
          text run at (0,14) width 84: "fixed table cols=2"
      RenderTable {TABLE} at (0,222) size 400x24 [border: (1px outset #808080)]
        RenderTableSection {TBODY} at (1,1) size 398x22
          RenderTableRow {TR} at (0,2) size 398x18
            RenderTableCell {TD} at (2,2) size 65x18 [border: (1px inset #808080)] [r=0 c=0 rs=1 cs=1]
              RenderText {#text} at (2,2) size 20x14
                text run at (2,2) width 20: "auto"
            RenderTableCell {TD} at (69,2) size 132x18 [border: (1px inset #808080)] [r=0 c=1 rs=1 cs=1]
              RenderText {#text} at (2,2) size 44x14
                text run at (2,2) width 44: "auto-auto"
            RenderTableCell {TD} at (203,2) size 193x18 [border: (1px inset #808080)] [r=0 c=2 rs=1 cs=1]
              RenderText {#text} at (2,2) size 66x14
                text run at (2,2) width 66: "auto auto auto"
      RenderBlock (anonymous) at (0,246) size 784x28
        RenderBR {BR} at (0,0) size 0x14
        RenderText {#text} at (0,14) size 80x14
          text run at (0,14) width 80: "auto table cols=3"
      RenderTable {TABLE} at (0,274) size 152x24 [border: (1px outset #808080)]
        RenderTableSection {TBODY} at (1,1) size 150x22
          RenderTableRow {TR} at (0,2) size 150x18
            RenderTableCell {TD} at (2,2) size 24x18 [border: (1px inset #808080)] [r=0 c=0 rs=1 cs=1]
              RenderText {#text} at (2,2) size 20x14
                text run at (2,2) width 20: "auto"
            RenderTableCell {TD} at (28,2) size 48x18 [border: (1px inset #808080)] [r=0 c=1 rs=1 cs=1]
              RenderText {#text} at (2,2) size 44x14
                text run at (2,2) width 44: "auto-auto"
            RenderTableCell {TD} at (78,2) size 70x18 [border: (1px inset #808080)] [r=0 c=2 rs=1 cs=1]
              RenderText {#text} at (2,2) size 66x14
                text run at (2,2) width 66: "auto auto auto"
      RenderBlock (anonymous) at (0,298) size 784x28
        RenderBR {BR} at (0,0) size 0x14
        RenderText {#text} at (0,14) size 84x14
          text run at (0,14) width 84: "fixed table cols=3"
      RenderTable {TABLE} at (0,326) size 400x24 [border: (1px outset #808080)]
        RenderTableSection {TBODY} at (1,1) size 398x22
          RenderTableRow {TR} at (0,2) size 398x18
            RenderTableCell {TD} at (2,2) size 65x18 [border: (1px inset #808080)] [r=0 c=0 rs=1 cs=1]
              RenderText {#text} at (2,2) size 20x14
                text run at (2,2) width 20: "auto"
            RenderTableCell {TD} at (69,2) size 132x18 [border: (1px inset #808080)] [r=0 c=1 rs=1 cs=1]
              RenderText {#text} at (2,2) size 44x14
                text run at (2,2) width 44: "auto-auto"
            RenderTableCell {TD} at (203,2) size 193x18 [border: (1px inset #808080)] [r=0 c=2 rs=1 cs=1]
              RenderText {#text} at (2,2) size 66x14
                text run at (2,2) width 66: "auto auto auto"
      RenderBlock (anonymous) at (0,350) size 784x28
        RenderBR {BR} at (0,0) size 0x14
        RenderText {#text} at (0,14) size 80x14
          text run at (0,14) width 80: "auto table cols=3"
      RenderTable {TABLE} at (0,378) size 332x24 [border: (1px outset #808080)]
        RenderTableSection {TBODY} at (1,1) size 330x22
          RenderTableRow {TR} at (0,2) size 330x18
            RenderTableCell {TD} at (2,2) size 204x18 [border: (1px inset #808080)] [r=0 c=0 rs=1 cs=1]
              RenderText {#text} at (2,2) size 18x14
                text run at (2,2) width 18: "200"
            RenderTableCell {TD} at (208,2) size 48x18 [border: (1px inset #808080)] [r=0 c=1 rs=1 cs=1]
              RenderText {#text} at (2,2) size 44x14
                text run at (2,2) width 44: "auto-auto"
            RenderTableCell {TD} at (258,2) size 70x18 [border: (1px inset #808080)] [r=0 c=2 rs=1 cs=1]
              RenderText {#text} at (2,2) size 66x14
                text run at (2,2) width 66: "auto auto auto"
      RenderBlock (anonymous) at (0,402) size 784x28
        RenderBR {BR} at (0,0) size 0x14
        RenderText {#text} at (0,14) size 84x14
          text run at (0,14) width 84: "fixed table cols=3"
      RenderTable {TABLE} at (0,430) size 400x24 [border: (1px outset #808080)]
        RenderTableSection {TBODY} at (1,1) size 398x22
          RenderTableRow {TR} at (0,2) size 398x18
            RenderTableCell {TD} at (2,2) size 204x18 [border: (1px inset #808080)] [r=0 c=0 rs=1 cs=1]
              RenderText {#text} at (2,2) size 18x14
                text run at (2,2) width 18: "200"
            RenderTableCell {TD} at (208,2) size 75x18 [border: (1px inset #808080)] [r=0 c=1 rs=1 cs=1]
              RenderText {#text} at (2,2) size 44x14
                text run at (2,2) width 44: "auto-auto"
            RenderTableCell {TD} at (285,2) size 111x18 [border: (1px inset #808080)] [r=0 c=2 rs=1 cs=1]
              RenderText {#text} at (2,2) size 66x14
                text run at (2,2) width 66: "auto auto auto"
      RenderBlock (anonymous) at (0,454) size 784x28
        RenderBR {BR} at (0,0) size 0x14
        RenderText {#text} at (0,14) size 80x14
          text run at (0,14) width 80: "auto table cols=2"
      RenderTable {TABLE} at (0,482) size 286x24 [border: (1px outset #808080)]
        RenderTableSection {TBODY} at (1,1) size 284x22
          RenderTableRow {TR} at (0,2) size 284x18
            RenderTableCell {TD} at (2,2) size 24x18 [border: (1px inset #808080)] [r=0 c=0 rs=1 cs=1]
              RenderText {#text} at (2,2) size 20x14
                text run at (2,2) width 20: "auto"
            RenderTableCell {TD} at (28,2) size 48x18 [border: (1px inset #808080)] [r=0 c=1 rs=1 cs=1]
              RenderText {#text} at (2,2) size 44x14
                text run at (2,2) width 44: "auto-auto"
            RenderTableCell {TD} at (78,2) size 204x18 [border: (1px inset #808080)] [r=0 c=2 rs=1 cs=1]
              RenderText {#text} at (2,2) size 18x14
                text run at (2,2) width 18: "200"
      RenderBlock (anonymous) at (0,506) size 784x28
        RenderBR {BR} at (0,0) size 0x14
        RenderText {#text} at (0,14) size 84x14
          text run at (0,14) width 84: "fixed table cols=2"
      RenderTable {TABLE} at (0,534) size 400x24 [border: (1px outset #808080)]
        RenderTableSection {TBODY} at (1,1) size 398x22
          RenderTableRow {TR} at (0,2) size 398x18
            RenderTableCell {TD} at (2,2) size 62x18 [border: (1px inset #808080)] [r=0 c=0 rs=1 cs=1]
              RenderText {#text} at (2,2) size 20x14
                text run at (2,2) width 20: "auto"
            RenderTableCell {TD} at (66,2) size 124x18 [border: (1px inset #808080)] [r=0 c=1 rs=1 cs=1]
              RenderText {#text} at (2,2) size 44x14
                text run at (2,2) width 44: "auto-auto"
            RenderTableCell {TD} at (192,2) size 204x18 [border: (1px inset #808080)] [r=0 c=2 rs=1 cs=1]
              RenderText {#text} at (2,2) size 18x14
                text run at (2,2) width 18: "200"
      RenderBlock (anonymous) at (0,558) size 784x14
        RenderText {#text} at (0,0) size 45x14
          text run at (0,0) width 45: "auto table"
      RenderTable {TABLE} at (0,572) size 69x24 [border: (1px outset #808080)]
        RenderTableSection {TBODY} at (1,1) size 67x22
          RenderTableRow {TR} at (0,2) size 67x18
            RenderTableCell {TD} at (2,2) size 37x18 [border: (1px inset #808080)] [r=0 c=0 rs=1 cs=1]
              RenderText {#text} at (2,2) size 33x14
                text run at (2,2) width 33: "0 0 0 0"
            RenderTableCell {TD} at (41,2) size 24x18 [border: (1px inset #808080)] [r=0 c=1 rs=1 cs=1]
              RenderText {#text} at (2,2) size 20x14
                text run at (2,2) width 20: "auto"
      RenderBlock (anonymous) at (0,596) size 784x28
        RenderBR {BR} at (0,0) size 0x14
        RenderText {#text} at (0,14) size 45x14
          text run at (0,14) width 45: "auto table"
      RenderTable {TABLE} at (0,624) size 109x24 [border: (1px outset #808080)]
        RenderTableSection {TBODY} at (1,1) size 107x22
          RenderTableRow {TR} at (0,2) size 107x18
            RenderTableCell {TD} at (2,2) size 77x18 [border: (1px inset #808080)] [r=0 c=0 rs=1 cs=1]
              RenderText {#text} at (2,2) size 73x14
                text run at (2,2) width 73: "0% 0% 0% 0%"
            RenderTableCell {TD} at (81,2) size 24x18 [border: (1px inset #808080)] [r=0 c=1 rs=1 cs=1]
              RenderText {#text} at (2,2) size 20x14
                text run at (2,2) width 20: "auto"
      RenderBlock (anonymous) at (0,648) size 784x28
        RenderBR {BR} at (0,0) size 0x14
        RenderText {#text} at (0,14) size 45x14
          text run at (0,14) width 45: "auto table"
      RenderTable {TABLE} at (0,676) size 65x24 [border: (1px outset #808080)]
        RenderTableCol {COLGROUP} at (0,0) size 0x0
          RenderTableCol {COL} at (0,0) size 0x0
        RenderTableSection {TBODY} at (1,1) size 63x22
          RenderTableRow {TR} at (0,2) size 63x18
            RenderTableCell {TD} at (2,2) size 33x18 [border: (1px inset #808080)] [r=0 c=0 rs=1 cs=1]
              RenderText {#text} at (2,2) size 29x14
                text run at (2,2) width 29: "0* col"
            RenderTableCell {TD} at (37,2) size 24x18 [border: (1px inset #808080)] [r=0 c=1 rs=1 cs=1]
              RenderText {#text} at (2,2) size 20x14
                text run at (2,2) width 20: "auto"
      RenderBlock (anonymous) at (0,700) size 784x28
        RenderBR {BR} at (0,0) size 0x14
        RenderText {#text} at (0,14) size 49x14
          text run at (0,14) width 49: "fixed table"
      RenderTable {TABLE} at (0,728) size 200x24 [border: (1px outset #808080)]
        RenderTableCol {COLGROUP} at (0,0) size 0x0
          RenderTableCol {COL} at (0,0) size 0x0
        RenderTableSection {TBODY} at (1,1) size 198x22
          RenderTableRow {TR} at (0,2) size 198x18
            RenderTableCell {TD} at (2,2) size 111x18 [border: (1px inset #808080)] [r=0 c=0 rs=1 cs=1]
              RenderText {#text} at (2,2) size 29x14
                text run at (2,2) width 29: "0* col"
            RenderTableCell {TD} at (115,2) size 81x18 [border: (1px inset #808080)] [r=0 c=1 rs=1 cs=1]
              RenderText {#text} at (2,2) size 20x14
                text run at (2,2) width 20: "auto"
