layer at (0,0) size 800x1078
  RenderView at (0,0) size 800x600
layer at (0,0) size 800x1078
  RenderBlock {HTML} at (0,0) size 800x1078
    RenderBody {BODY} at (8,8) size 784x1062
      RenderBlock (anonymous) at (0,0) size 784x14
        RenderText {#text} at (0,0) size 161x14
          text run at (0,0) width 161: "fixed table - width on td overriden"
      RenderTable {TABLE} at (0,14) size 400x52 [border: (10px outset #808080)]
        RenderTableSection {TBODY} at (10,10) size 380x32
          RenderTableRow {TR} at (0,3) size 380x26
            RenderTableCell {TD} at (3,3) size 343x26 [border: (1px inset #808080)] [r=0 c=0 rs=1 cs=1]
              RenderText {#text} at (6,6) size 16x14
                text run at (6,6) width 16: "foo"
            RenderTableCell {TD} at (349,3) size 28x26 [border: (1px inset #808080)] [r=0 c=1 rs=1 cs=1]
              RenderText {#text} at (6,6) size 16x14
                text run at (6,6) width 16: "foo"
      RenderBlock {HR} at (0,72) size 402x2 [border: (1px inset #000000)]
      RenderBlock (anonymous) at (0,80) size 784x28
        RenderBR {BR} at (0,0) size 0x14
        RenderText {#text} at (0,14) size 257x14
          text run at (0,14) width 257: "fixed table - percent cell wins over fix cell (and in IE5)"
      RenderTable {TABLE} at (0,108) size 500x44 [border: (1px outset #808080)]
        RenderTableSection {TBODY} at (1,1) size 498x42
          RenderTableRow {TR} at (0,2) size 498x18
            RenderTableCell {TD} at (2,2) size 246x18 [border: (1px inset #808080)] [r=0 c=0 rs=1 cs=1]
              RenderText {#text} at (2,2) size 24x14
                text run at (2,2) width 24: "20px"
            RenderTableCell {TD} at (250,2) size 246x18 [border: (1px inset #808080)] [r=0 c=1 rs=1 cs=1]
              RenderText {#text} at (2,2) size 20x14
                text run at (2,2) width 20: "auto"
          RenderTableRow {TR} at (0,22) size 498x18
            RenderTableCell {TD} at (2,22) size 246x18 [border: (1px inset #808080)] [r=1 c=0 rs=1 cs=1]
              RenderText {#text} at (2,2) size 22x14
                text run at (2,2) width 22: "50%"
            RenderTableCell {TD} at (250,22) size 246x18 [border: (1px inset #808080)] [r=1 c=1 rs=1 cs=1]
              RenderText {#text} at (2,2) size 20x14
                text run at (2,2) width 20: "auto"
      RenderBlock (anonymous) at (0,152) size 784x28
        RenderBR {BR} at (0,0) size 0x14
        RenderText {#text} at (0,14) size 257x14
          text run at (0,14) width 257: "fixed table - percent cell wins over fix cell (and in IE5)"
      RenderTable {TABLE} at (0,180) size 300x44 [border: (1px outset #808080)]
        RenderTableSection {TBODY} at (1,1) size 298x42
          RenderTableRow {TR} at (0,2) size 298x18
            RenderTableCell {TD} at (2,2) size 29x18 [border: (1px inset #808080)] [r=0 c=0 rs=1 cs=1]
              RenderText {#text} at (2,2) size 18x14
                text run at (2,2) width 18: "100"
            RenderTableCell {TD} at (33,2) size 263x18 [border: (1px inset #808080)] [r=0 c=1 rs=1 cs=1]
              RenderText {#text} at (2,2) size 20x14
                text run at (2,2) width 20: "auto"
          RenderTableRow {TR} at (0,22) size 298x18
            RenderTableCell {TD} at (2,22) size 29x18 [border: (1px inset #808080)] [r=1 c=0 rs=1 cs=1]
              RenderText {#text} at (2,2) size 22x14
                text run at (2,2) width 22: "10%"
            RenderTableCell {TD} at (33,22) size 263x18 [border: (1px inset #808080)] [r=1 c=1 rs=1 cs=1]
              RenderText {#text} at (2,2) size 20x14
                text run at (2,2) width 20: "auto"
      RenderBlock (anonymous) at (0,224) size 784x28
        RenderBR {BR} at (0,0) size 0x14
        RenderText {#text} at (0,14) size 257x14
          text run at (0,14) width 257: "fixed table - percent cell wins over fix cell (and in IE5)"
      RenderTable {TABLE} at (0,252) size 500x44 [border: (1px outset #808080)]
        RenderTableCol {COLGROUP} at (0,0) size 0x0
          RenderTableCol {COL} at (0,0) size 0x0
        RenderTableSection {TBODY} at (1,1) size 498x42
          RenderTableRow {TR} at (0,2) size 498x18
            RenderTableCell {TD} at (2,2) size 246x18 [border: (1px inset #808080)] [r=0 c=0 rs=1 cs=1]
              RenderText {#text} at (2,2) size 83x14
                text run at (2,2) width 83: "50%Col,20%Cell"
            RenderTableCell {TD} at (250,2) size 246x18 [border: (1px inset #808080)] [r=0 c=1 rs=1 cs=1]
              RenderText {#text} at (2,2) size 20x14
                text run at (2,2) width 20: "auto"
          RenderTableRow {TR} at (0,22) size 498x18
            RenderTableCell {TD} at (2,22) size 246x18 [border: (1px inset #808080)] [r=1 c=0 rs=1 cs=1]
              RenderText {#text} at (2,2) size 20x14
                text run at (2,2) width 20: "auto"
            RenderTableCell {TD} at (250,22) size 246x18 [border: (1px inset #808080)] [r=1 c=1 rs=1 cs=1]
              RenderText {#text} at (2,2) size 20x14
                text run at (2,2) width 20: "auto"
      RenderBlock (anonymous) at (0,296) size 784x28
        RenderBR {BR} at (0,0) size 0x14
        RenderText {#text} at (0,14) size 257x14
          text run at (0,14) width 257: "fixed table - percent cell wins over fix cell (and in IE5)"
      RenderTable {TABLE} at (0,324) size 500x44 [border: (1px outset #808080)]
        RenderTableCol {COLGROUP} at (0,0) size 0x0
          RenderTableCol {COL} at (0,0) size 0x0
        RenderTableSection {TBODY} at (1,1) size 498x42
          RenderTableRow {TR} at (0,2) size 498x18
            RenderTableCell {TD} at (2,2) size 246x18 [border: (1px inset #808080)] [r=0 c=0 rs=1 cs=1]
              RenderText {#text} at (2,2) size 83x14
                text run at (2,2) width 83: "20%Col,50%Cell"
            RenderTableCell {TD} at (250,2) size 246x18 [border: (1px inset #808080)] [r=0 c=1 rs=1 cs=1]
              RenderText {#text} at (2,2) size 20x14
                text run at (2,2) width 20: "auto"
          RenderTableRow {TR} at (0,22) size 498x18
            RenderTableCell {TD} at (2,22) size 246x18 [border: (1px inset #808080)] [r=1 c=0 rs=1 cs=1]
              RenderText {#text} at (2,2) size 20x14
                text run at (2,2) width 20: "auto"
            RenderTableCell {TD} at (250,22) size 246x18 [border: (1px inset #808080)] [r=1 c=1 rs=1 cs=1]
              RenderText {#text} at (2,2) size 20x14
                text run at (2,2) width 20: "auto"
      RenderBlock (anonymous) at (0,368) size 784x28
        RenderBR {BR} at (0,0) size 0x14
        RenderText {#text} at (0,14) size 257x14
          text run at (0,14) width 257: "fixed table - percent cell wins over fix cell (and in IE5)"
      RenderTable {TABLE} at (0,396) size 500x44 [border: (1px outset #808080)]
        RenderTableCol {COLGROUP} at (0,0) size 0x0
          RenderTableCol {COL} at (0,0) size 0x0
        RenderTableSection {TBODY} at (1,1) size 498x42
          RenderTableRow {TR} at (0,2) size 498x18
            RenderTableCell {TD} at (2,2) size 246x18 [border: (1px inset #808080)] [r=0 c=0 rs=1 cs=1]
              RenderText {#text} at (2,2) size 85x14
                text run at (2,2) width 85: "50PerCol,100Cell"
            RenderTableCell {TD} at (250,2) size 246x18 [border: (1px inset #808080)] [r=0 c=1 rs=1 cs=1]
              RenderText {#text} at (2,2) size 20x14
                text run at (2,2) width 20: "auto"
          RenderTableRow {TR} at (0,22) size 498x18
            RenderTableCell {TD} at (2,22) size 246x18 [border: (1px inset #808080)] [r=1 c=0 rs=1 cs=1]
              RenderText {#text} at (2,2) size 20x14
                text run at (2,2) width 20: "auto"
            RenderTableCell {TD} at (250,22) size 246x18 [border: (1px inset #808080)] [r=1 c=1 rs=1 cs=1]
              RenderText {#text} at (2,2) size 20x14
                text run at (2,2) width 20: "auto"
      RenderBlock (anonymous) at (0,440) size 784x28
        RenderBR {BR} at (0,0) size 0x14
        RenderText {#text} at (0,14) size 257x14
          text run at (0,14) width 257: "fixed table - percent cell wins over fix cell (and in IE5)"
      RenderTable {TABLE} at (0,468) size 500x44 [border: (1px outset #808080)]
        RenderTableCol {COLGROUP} at (0,0) size 0x0
          RenderTableCol {COL} at (0,0) size 0x0
        RenderTableSection {TBODY} at (1,1) size 498x42
          RenderTableRow {TR} at (0,2) size 498x18
            RenderTableCell {TD} at (2,2) size 98x18 [border: (1px inset #808080)] [r=0 c=0 rs=1 cs=1]
              RenderText {#text} at (2,2) size 85x14
                text run at (2,2) width 85: "20PerCol,300Cell"
            RenderTableCell {TD} at (102,2) size 394x18 [border: (1px inset #808080)] [r=0 c=1 rs=1 cs=1]
              RenderText {#text} at (2,2) size 20x14
                text run at (2,2) width 20: "auto"
          RenderTableRow {TR} at (0,22) size 498x18
            RenderTableCell {TD} at (2,22) size 98x18 [border: (1px inset #808080)] [r=1 c=0 rs=1 cs=1]
              RenderText {#text} at (2,2) size 20x14
                text run at (2,2) width 20: "auto"
            RenderTableCell {TD} at (102,22) size 394x18 [border: (1px inset #808080)] [r=1 c=1 rs=1 cs=1]
              RenderText {#text} at (2,2) size 20x14
                text run at (2,2) width 20: "auto"
      RenderBlock (anonymous) at (0,512) size 784x28
        RenderBR {BR} at (0,0) size 0x14
        RenderText {#text} at (0,14) size 225x14
          text run at (0,14) width 225: "fixed table - % wins over fixed even on colspan"
      RenderTable {TABLE} at (0,540) size 300x44 [border: (1px outset #808080)]
        RenderTableSection {TBODY} at (1,1) size 298x42
          RenderTableRow {TR} at (0,2) size 298x18
            RenderTableCell {TD} at (2,2) size 147x18 [border: (1px inset #808080)] [r=0 c=0 rs=1 cs=2]
              RenderText {#text} at (2,2) size 33x14
                text run at (2,2) width 33: "50CS2"
            RenderTableCell {TD} at (151,2) size 145x18 [border: (1px inset #808080)] [r=0 c=2 rs=1 cs=1]
              RenderText {#text} at (2,2) size 20x14
                text run at (2,2) width 20: "auto"
          RenderTableRow {TR} at (0,22) size 298x18
            RenderTableCell {TD} at (2,22) size 147x18 [border: (1px inset #808080)] [r=1 c=0 rs=1 cs=2]
              RenderText {#text} at (2,2) size 43x14
                text run at (2,2) width 43: "50%CS2"
            RenderTableCell {TD} at (151,22) size 145x18 [border: (1px inset #808080)] [r=1 c=2 rs=1 cs=1]
              RenderText {#text} at (2,2) size 20x14
                text run at (2,2) width 20: "auto"
      RenderBlock (anonymous) at (0,584) size 784x28
        RenderBR {BR} at (0,0) size 0x14
        RenderText {#text} at (0,14) size 225x14
          text run at (0,14) width 225: "fixed table - % wins over fixed even on colspan"
      RenderTable {TABLE} at (0,612) size 300x44 [border: (1px outset #808080)]
        RenderTableSection {TBODY} at (1,1) size 298x42
          RenderTableRow {TR} at (0,2) size 298x18
            RenderTableCell {TD} at (2,2) size 89x18 [border: (1px inset #808080)] [r=0 c=0 rs=1 cs=2]
              RenderText {#text} at (2,2) size 39x14
                text run at (2,2) width 39: "100CS2"
            RenderTableCell {TD} at (93,2) size 203x18 [border: (1px inset #808080)] [r=0 c=2 rs=1 cs=1]
              RenderText {#text} at (2,2) size 15x14
                text run at (2,2) width 15: "bar"
          RenderTableRow {TR} at (0,22) size 298x18
            RenderTableCell {TD} at (2,22) size 89x18 [border: (1px inset #808080)] [r=1 c=0 rs=1 cs=2]
              RenderText {#text} at (2,2) size 43x14
                text run at (2,2) width 43: "30%CS2"
            RenderTableCell {TD} at (93,22) size 203x18 [border: (1px inset #808080)] [r=1 c=2 rs=1 cs=1]
              RenderText {#text} at (2,2) size 15x14
                text run at (2,2) width 15: "bar"
      RenderBlock (anonymous) at (0,656) size 784x28
        RenderBR {BR} at (0,0) size 0x14
        RenderText {#text} at (0,14) size 274x14
          text run at (0,14) width 274: "auto table - percent colspan wins over fixed colspan XXX"
      RenderTable {TABLE} at (0,684) size 784x44 [border: (1px outset #808080)]
        RenderTableSection {TBODY} at (1,1) size 782x42
          RenderTableRow {TR} at (0,2) size 782x18
            RenderTableCell {TD} at (2,2) size 79x18 [border: (1px inset #808080)] [r=0 c=0 rs=1 cs=2]
              RenderText {#text} at (2,2) size 39x14
                text run at (2,2) width 39: "500CS2"
            RenderTableCell {TD} at (83,2) size 697x18 [border: (1px inset #808080)] [r=0 c=2 rs=1 cs=1]
              RenderText {#text} at (2,2) size 20x14
                text run at (2,2) width 20: "atuo"
          RenderTableRow {TR} at (0,22) size 782x18
            RenderTableCell {TD} at (2,22) size 79x18 [border: (1px inset #808080)] [r=1 c=0 rs=1 cs=2]
              RenderText {#text} at (2,2) size 43x14
                text run at (2,2) width 43: "10%CS2"
            RenderTableCell {TD} at (83,22) size 697x18 [border: (1px inset #808080)] [r=1 c=2 rs=1 cs=1]
              RenderText {#text} at (2,2) size 20x14
                text run at (2,2) width 20: "auto"
      RenderBlock (anonymous) at (0,728) size 784x28
        RenderBR {BR} at (0,0) size 0x14
        RenderText {#text} at (0,14) size 244x14
          text run at (0,14) width 244: "auto table - percent colspan wins over fixed colspan"
      RenderTable {TABLE} at (0,756) size 784x64 [border: (1px outset #808080)]
        RenderTableSection {TBODY} at (1,1) size 782x62
          RenderTableRow {TR} at (0,2) size 782x18
            RenderTableCell {TD} at (2,2) size 156x18 [border: (1px inset #808080)] [r=0 c=0 rs=1 cs=2]
              RenderText {#text} at (2,2) size 39x14
                text run at (2,2) width 39: "500CS2"
            RenderTableCell {TD} at (160,2) size 620x18 [border: (1px inset #808080)] [r=0 c=2 rs=1 cs=1]
              RenderText {#text} at (2,2) size 20x14
                text run at (2,2) width 20: "auto"
          RenderTableRow {TR} at (0,22) size 782x18
            RenderTableCell {TD} at (2,22) size 156x18 [border: (1px inset #808080)] [r=1 c=0 rs=1 cs=2]
              RenderText {#text} at (2,2) size 43x14
                text run at (2,2) width 43: "20%CS2"
            RenderTableCell {TD} at (160,22) size 620x18 [border: (1px inset #808080)] [r=1 c=2 rs=1 cs=1]
              RenderText {#text} at (2,2) size 20x14
                text run at (2,2) width 20: "auto"
          RenderTableRow {TR} at (0,42) size 782x18
            RenderTableCell {TD} at (2,42) size 77x18 [border: (1px inset #808080)] [r=2 c=0 rs=1 cs=1]
              RenderText {#text} at (2,2) size 20x14
                text run at (2,2) width 20: "auto"
            RenderTableCell {TD} at (81,42) size 77x18 [border: (1px inset #808080)] [r=2 c=1 rs=1 cs=1]
              RenderText {#text} at (2,2) size 20x14
                text run at (2,2) width 20: "auto"
            RenderTableCell {TD} at (160,42) size 620x18 [border: (1px inset #808080)] [r=2 c=2 rs=1 cs=1]
              RenderText {#text} at (2,2) size 20x14
                text run at (2,2) width 20: "auto"
      RenderBlock (anonymous) at (0,820) size 784x28
        RenderBR {BR} at (0,0) size 0x14
        RenderText {#text} at (0,14) size 244x14
          text run at (0,14) width 244: "auto table - percent colspan wins over fixed colspan"
      RenderTable {TABLE} at (0,848) size 784x64 [border: (1px outset #808080)]
        RenderTableSection {TBODY} at (1,1) size 782x62
          RenderTableRow {TR} at (0,2) size 782x18
            RenderTableCell {TD} at (2,2) size 156x18 [border: (1px inset #808080)] [r=0 c=0 rs=1 cs=2]
              RenderText {#text} at (2,2) size 39x14
                text run at (2,2) width 39: "200CS2"
            RenderTableCell {TD} at (160,2) size 620x18 [border: (1px inset #808080)] [r=0 c=2 rs=1 cs=1]
              RenderText {#text} at (2,2) size 20x14
                text run at (2,2) width 20: "auto"
          RenderTableRow {TR} at (0,22) size 782x18
            RenderTableCell {TD} at (2,22) size 156x18 [border: (1px inset #808080)] [r=1 c=0 rs=1 cs=2]
              RenderText {#text} at (2,2) size 43x14
                text run at (2,2) width 43: "20%CS2"
            RenderTableCell {TD} at (160,22) size 620x18 [border: (1px inset #808080)] [r=1 c=2 rs=1 cs=1]
              RenderText {#text} at (2,2) size 20x14
                text run at (2,2) width 20: "auto"
          RenderTableRow {TR} at (0,42) size 782x18
            RenderTableCell {TD} at (2,42) size 77x18 [border: (1px inset #808080)] [r=2 c=0 rs=1 cs=1]
              RenderText {#text} at (2,2) size 20x14
                text run at (2,2) width 20: "auto"
            RenderTableCell {TD} at (81,42) size 77x18 [border: (1px inset #808080)] [r=2 c=1 rs=1 cs=1]
              RenderText {#text} at (2,2) size 20x14
                text run at (2,2) width 20: "auto"
            RenderTableCell {TD} at (160,42) size 620x18 [border: (1px inset #808080)] [r=2 c=2 rs=1 cs=1]
              RenderText {#text} at (2,2) size 20x14
                text run at (2,2) width 20: "auto"
      RenderBlock (anonymous) at (0,912) size 784x28
        RenderBR {BR} at (0,0) size 0x14
        RenderText {#text} at (0,14) size 244x14
          text run at (0,14) width 244: "auto table - percent colspan wins over fixed colspan"
      RenderTable {TABLE} at (0,940) size 784x64 [border: (1px outset #808080)]
        RenderTableSection {TBODY} at (1,1) size 782x62
          RenderTableRow {TR} at (0,2) size 782x18
            RenderTableCell {TD} at (2,2) size 156x18 [border: (1px inset #808080)] [r=0 c=0 rs=1 cs=2]
              RenderText {#text} at (2,2) size 45x14
                text run at (2,2) width 45: "1000CS2"
            RenderTableCell {TD} at (160,2) size 620x18 [border: (1px inset #808080)] [r=0 c=2 rs=1 cs=1]
              RenderText {#text} at (2,2) size 20x14
                text run at (2,2) width 20: "auto"
          RenderTableRow {TR} at (0,22) size 782x18
            RenderTableCell {TD} at (2,22) size 156x18 [border: (1px inset #808080)] [r=1 c=0 rs=1 cs=2]
              RenderText {#text} at (2,2) size 43x14
                text run at (2,2) width 43: "20%CS2"
            RenderTableCell {TD} at (160,22) size 620x18 [border: (1px inset #808080)] [r=1 c=2 rs=1 cs=1]
              RenderText {#text} at (2,2) size 20x14
                text run at (2,2) width 20: "auto"
          RenderTableRow {TR} at (0,42) size 782x18
            RenderTableCell {TD} at (2,42) size 77x18 [border: (1px inset #808080)] [r=2 c=0 rs=1 cs=1]
              RenderText {#text} at (2,2) size 20x14
                text run at (2,2) width 20: "auto"
            RenderTableCell {TD} at (81,42) size 77x18 [border: (1px inset #808080)] [r=2 c=1 rs=1 cs=1]
              RenderText {#text} at (2,2) size 20x14
                text run at (2,2) width 20: "auto"
            RenderTableCell {TD} at (160,42) size 620x18 [border: (1px inset #808080)] [r=2 c=2 rs=1 cs=1]
              RenderText {#text} at (2,2) size 20x14
                text run at (2,2) width 20: "auto"
      RenderBlock (anonymous) at (0,1004) size 784x28
        RenderBR {BR} at (0,0) size 0x14
        RenderText {#text} at (0,14) size 277x14
          text run at (0,14) width 277: "percent cell/col percentage conflict goes to cell (and in IE5)"
      RenderTable {TABLE} at (0,1032) size 500x30 [border: (1px outset #808080)]
        RenderTableCol {COLGROUP} at (0,0) size 0x0
          RenderTableCol {COL} at (0,0) size 0x0
        RenderTableSection {TBODY} at (1,1) size 498x28
          RenderTableRow {TR} at (0,5) size 498x18
            RenderTableCell {TD} at (5,5) size 386x18 [border: (1px inset #808080)] [r=0 c=0 rs=1 cs=1]
              RenderText {#text} at (2,2) size 62x14
                text run at (2,2) width 62: "30%-80%col"
            RenderTableCell {TD} at (396,5) size 97x18 [border: (1px inset #808080)] [r=0 c=1 rs=1 cs=1]
              RenderText {#text} at (2,2) size 20x14
                text run at (2,2) width 20: "auto"
