layer at (0,0) size 800x1916
  RenderView at (0,0) size 800x600
layer at (0,0) size 800x1916
  RenderBlock {HTML} at (0,0) size 800x1916
    RenderBody {BODY} at (8,16) size 784x1892
      RenderBlock {H1} at (0,0) size 784x28
        RenderText {#text} at (0,1) size 404x26
          text run at (0,1) width 404: "Problems with COLSPAN and WIDTH"
      RenderBlock {P} at (0,44) size 784x14
        RenderText {#text} at (0,0) size 189x14
          text run at (0,0) width 189: "Each block of tables should be identical."
      RenderBlock {H2} at (0,72) size 784x21
        RenderText {#text} at (0,0) size 97x20
          text run at (0,0) width 97: "Sized Tables"
      RenderBlock {P} at (0,107) size 784x14
        RenderText {#text} at (0,0) size 580x14
          text run at (0,0) width 580: "The following tables have width=400, which should make them the same width as the red lines which are caused by DIVs:"
      RenderBlock {H3} at (0,135) size 784x16
        RenderText {#text} at (0,0) size 46x15
          text run at (0,0) width 46: "260/140"
      RenderBlock {DIV} at (0,165) size 406x6 [border: (3px solid #FF0000)]
      RenderTable {TABLE} at (0,171) size 400x38
        RenderTableSection {TBODY} at (0,0) size 400x38
          RenderTableRow {TR} at (0,2) size 400x16
            RenderTableCell {TD} at (2,2) size 252x16 [bgcolor=#00FF00] [r=0 c=0 rs=1 cs=1]
              RenderText {#text} at (1,1) size 23x14
                text run at (1,1) width 23: "plain"
            RenderTableCell {TD} at (256,2) size 142x16 [bgcolor=#FFFF00] [r=0 c=1 rs=1 cs=1]
              RenderText {#text} at (1,1) size 52x14
                text run at (1,1) width 52: "width=140"
          RenderTableRow {TR} at (0,20) size 400x16
            RenderTableCell {TD} at (2,20) size 396x16 [bgcolor=#FF00FF] [r=1 c=0 rs=1 cs=2]
              RenderText {#text} at (1,1) size 104x14
                text run at (1,1) width 104: "colspan=2 width=400"
      RenderBlock {DIV} at (0,209) size 406x6 [border: (3px solid #FF0000)]
      RenderTable {TABLE} at (0,215) size 400x38
        RenderTableSection {TBODY} at (0,0) size 400x38
          RenderTableRow {TR} at (0,2) size 400x16
            RenderTableCell {TD} at (2,2) size 262x16 [bgcolor=#00FF00] [r=0 c=0 rs=1 cs=1]
              RenderText {#text} at (1,1) size 52x14
                text run at (1,1) width 52: "width=260"
            RenderTableCell {TD} at (266,2) size 132x16 [bgcolor=#FFFF00] [r=0 c=1 rs=1 cs=1]
              RenderText {#text} at (1,1) size 23x14
                text run at (1,1) width 23: "plain"
          RenderTableRow {TR} at (0,20) size 400x16
            RenderTableCell {TD} at (2,20) size 396x16 [bgcolor=#FF00FF] [r=1 c=0 rs=1 cs=2]
              RenderText {#text} at (1,1) size 104x14
                text run at (1,1) width 104: "colspan=2 width=400"
      RenderBlock {DIV} at (0,253) size 406x6 [border: (3px solid #FF0000)]
      RenderTable {TABLE} at (0,259) size 400x38
        RenderTableSection {TBODY} at (0,0) size 400x38
          RenderTableRow {TR} at (0,2) size 400x16
            RenderTableCell {TD} at (2,2) size 254x16 [bgcolor=#00FF00] [r=0 c=0 rs=1 cs=1]
              RenderText {#text} at (1,1) size 52x14
                text run at (1,1) width 52: "width=260"
            RenderTableCell {TD} at (258,2) size 140x16 [bgcolor=#FFFF00] [r=0 c=1 rs=1 cs=1]
              RenderText {#text} at (1,1) size 52x14
                text run at (1,1) width 52: "width=140"
          RenderTableRow {TR} at (0,20) size 400x16
            RenderTableCell {TD} at (2,20) size 396x16 [bgcolor=#FF00FF] [r=1 c=0 rs=1 cs=2]
              RenderText {#text} at (1,1) size 104x14
                text run at (1,1) width 104: "colspan=2 width=400"
      RenderBlock {DIV} at (0,297) size 406x6 [border: (3px solid #FF0000)]
      RenderTable {TABLE} at (0,303) size 400x38
        RenderTableSection {TBODY} at (0,0) size 400x38
          RenderTableRow {TR} at (0,2) size 400x16
            RenderTableCell {TD} at (2,2) size 254x16 [bgcolor=#00FF00] [r=0 c=0 rs=1 cs=1]
              RenderText {#text} at (1,1) size 52x14
                text run at (1,1) width 52: "width=260"
            RenderTableCell {TD} at (258,2) size 140x16 [bgcolor=#FFFF00] [r=0 c=1 rs=1 cs=1]
              RenderText {#text} at (1,1) size 52x14
                text run at (1,1) width 52: "width=140"
          RenderTableRow {TR} at (0,20) size 400x16
            RenderTableCell {TD} at (2,20) size 396x16 [bgcolor=#FF00FF] [r=1 c=0 rs=1 cs=2]
              RenderText {#text} at (1,1) size 49x14
                text run at (1,1) width 49: "colspan=2"
      RenderBlock {DIV} at (0,341) size 406x6 [border: (3px solid #FF0000)]
      RenderTable {TABLE} at (0,347) size 400x38
        RenderTableSection {TBODY} at (0,0) size 400x38
          RenderTableRow {TR} at (0,2) size 400x16
            RenderTableCell {TD} at (2,2) size 256x16 [bgcolor=#00FF00] [r=0 c=0 rs=1 cs=1]
              RenderText {#text} at (1,1) size 56x14
                text run at (1,1) width 56: "width=65%"
            RenderTableCell {TD} at (260,2) size 138x16 [bgcolor=#FFFF00] [r=0 c=1 rs=1 cs=1]
              RenderText {#text} at (1,1) size 23x14
                text run at (1,1) width 23: "plain"
          RenderTableRow {TR} at (0,20) size 400x16
            RenderTableCell {TD} at (2,20) size 396x16 [bgcolor=#FF00FF] [r=1 c=0 rs=1 cs=2]
              RenderText {#text} at (1,1) size 49x14
                text run at (1,1) width 49: "colspan=2"
      RenderBlock {DIV} at (0,385) size 406x6 [border: (3px solid #FF0000)]
      RenderTable {TABLE} at (0,391) size 400x38
        RenderTableSection {TBODY} at (0,0) size 400x38
          RenderTableRow {TR} at (0,2) size 400x16
            RenderTableCell {TD} at (2,2) size 257x16 [bgcolor=#00FF00] [r=0 c=0 rs=1 cs=1]
              RenderText {#text} at (1,1) size 23x14
                text run at (1,1) width 23: "plain"
            RenderTableCell {TD} at (261,2) size 137x16 [bgcolor=#FFFF00] [r=0 c=1 rs=1 cs=1]
              RenderText {#text} at (1,1) size 56x14
                text run at (1,1) width 56: "width=35%"
          RenderTableRow {TR} at (0,20) size 400x16
            RenderTableCell {TD} at (2,20) size 396x16 [bgcolor=#FF00FF] [r=1 c=0 rs=1 cs=2]
              RenderText {#text} at (1,1) size 49x14
                text run at (1,1) width 49: "colspan=2"
      RenderBlock {DIV} at (0,429) size 406x6 [border: (3px solid #FF0000)]
      RenderTable {TABLE} at (0,435) size 400x38
        RenderTableSection {TBODY} at (0,0) size 400x38
          RenderTableRow {TR} at (0,2) size 400x16
            RenderTableCell {TD} at (2,2) size 257x16 [bgcolor=#00FF00] [r=0 c=0 rs=1 cs=1]
              RenderText {#text} at (1,1) size 56x14
                text run at (1,1) width 56: "width=65%"
            RenderTableCell {TD} at (261,2) size 137x16 [bgcolor=#FFFF00] [r=0 c=1 rs=1 cs=1]
              RenderText {#text} at (1,1) size 56x14
                text run at (1,1) width 56: "width=35%"
          RenderTableRow {TR} at (0,20) size 400x16
            RenderTableCell {TD} at (2,20) size 396x16 [bgcolor=#FF00FF] [r=1 c=0 rs=1 cs=2]
              RenderText {#text} at (1,1) size 49x14
                text run at (1,1) width 49: "colspan=2"
      RenderBlock {DIV} at (0,473) size 406x6 [border: (3px solid #FF0000)]
      RenderBlock {H3} at (0,493) size 784x16
        RenderText {#text} at (0,0) size 46x15
          text run at (0,0) width 46: "140/260"
      RenderBlock {DIV} at (0,523) size 406x6 [border: (3px solid #FF0000)]
      RenderTable {TABLE} at (0,529) size 400x38
        RenderTableSection {TBODY} at (0,0) size 400x38
          RenderTableRow {TR} at (0,2) size 400x16
            RenderTableCell {TD} at (2,2) size 142x16 [bgcolor=#00FF00] [r=0 c=0 rs=1 cs=1]
              RenderText {#text} at (1,1) size 52x14
                text run at (1,1) width 52: "width=140"
            RenderTableCell {TD} at (146,2) size 252x16 [bgcolor=#FFFF00] [r=0 c=1 rs=1 cs=1]
              RenderText {#text} at (1,1) size 23x14
                text run at (1,1) width 23: "plain"
          RenderTableRow {TR} at (0,20) size 400x16
            RenderTableCell {TD} at (2,20) size 396x16 [bgcolor=#FF00FF] [r=1 c=0 rs=1 cs=2]
              RenderText {#text} at (1,1) size 104x14
                text run at (1,1) width 104: "colspan=2 width=400"
      RenderBlock {DIV} at (0,567) size 406x6 [border: (3px solid #FF0000)]
      RenderTable {TABLE} at (0,573) size 400x38
        RenderTableSection {TBODY} at (0,0) size 400x38
          RenderTableRow {TR} at (0,2) size 400x16
            RenderTableCell {TD} at (2,2) size 132x16 [bgcolor=#00FF00] [r=0 c=0 rs=1 cs=1]
              RenderText {#text} at (1,1) size 23x14
                text run at (1,1) width 23: "plain"
            RenderTableCell {TD} at (136,2) size 262x16 [bgcolor=#FFFF00] [r=0 c=1 rs=1 cs=1]
              RenderText {#text} at (1,1) size 52x14
                text run at (1,1) width 52: "width=260"
          RenderTableRow {TR} at (0,20) size 400x16
            RenderTableCell {TD} at (2,20) size 396x16 [bgcolor=#FF00FF] [r=1 c=0 rs=1 cs=2]
              RenderText {#text} at (1,1) size 104x14
                text run at (1,1) width 104: "colspan=2 width=400"
      RenderBlock {DIV} at (0,611) size 406x6 [border: (3px solid #FF0000)]
      RenderTable {TABLE} at (0,617) size 400x38
        RenderTableSection {TBODY} at (0,0) size 400x38
          RenderTableRow {TR} at (0,2) size 400x16
            RenderTableCell {TD} at (2,2) size 139x16 [bgcolor=#00FF00] [r=0 c=0 rs=1 cs=1]
              RenderText {#text} at (1,1) size 52x14
                text run at (1,1) width 52: "width=140"
            RenderTableCell {TD} at (143,2) size 255x16 [bgcolor=#FFFF00] [r=0 c=1 rs=1 cs=1]
              RenderText {#text} at (1,1) size 52x14
                text run at (1,1) width 52: "width=260"
          RenderTableRow {TR} at (0,20) size 400x16
            RenderTableCell {TD} at (2,20) size 396x16 [bgcolor=#FF00FF] [r=1 c=0 rs=1 cs=2]
              RenderText {#text} at (1,1) size 104x14
                text run at (1,1) width 104: "colspan=2 width=400"
      RenderBlock {DIV} at (0,655) size 406x6 [border: (3px solid #FF0000)]
      RenderTable {TABLE} at (0,661) size 400x38
        RenderTableSection {TBODY} at (0,0) size 400x38
          RenderTableRow {TR} at (0,2) size 400x16
            RenderTableCell {TD} at (2,2) size 139x16 [bgcolor=#00FF00] [r=0 c=0 rs=1 cs=1]
              RenderText {#text} at (1,1) size 52x14
                text run at (1,1) width 52: "width=140"
            RenderTableCell {TD} at (143,2) size 255x16 [bgcolor=#FFFF00] [r=0 c=1 rs=1 cs=1]
              RenderText {#text} at (1,1) size 52x14
                text run at (1,1) width 52: "width=260"
          RenderTableRow {TR} at (0,20) size 400x16
            RenderTableCell {TD} at (2,20) size 396x16 [bgcolor=#FF00FF] [r=1 c=0 rs=1 cs=2]
              RenderText {#text} at (1,1) size 49x14
                text run at (1,1) width 49: "colspan=2"
      RenderBlock {DIV} at (0,699) size 406x6 [border: (3px solid #FF0000)]
      RenderTable {TABLE} at (0,705) size 400x38
        RenderTableSection {TBODY} at (0,0) size 400x38
          RenderTableRow {TR} at (0,2) size 400x16
            RenderTableCell {TD} at (2,2) size 137x16 [bgcolor=#00FF00] [r=0 c=0 rs=1 cs=1]
              RenderText {#text} at (1,1) size 56x14
                text run at (1,1) width 56: "width=35%"
            RenderTableCell {TD} at (141,2) size 257x16 [bgcolor=#FFFF00] [r=0 c=1 rs=1 cs=1]
              RenderText {#text} at (1,1) size 23x14
                text run at (1,1) width 23: "plain"
          RenderTableRow {TR} at (0,20) size 400x16
            RenderTableCell {TD} at (2,20) size 396x16 [bgcolor=#FF00FF] [r=1 c=0 rs=1 cs=2]
              RenderText {#text} at (1,1) size 49x14
                text run at (1,1) width 49: "colspan=2"
      RenderBlock {DIV} at (0,743) size 406x6 [border: (3px solid #FF0000)]
      RenderTable {TABLE} at (0,749) size 400x38
        RenderTableSection {TBODY} at (0,0) size 400x38
          RenderTableRow {TR} at (0,2) size 400x16
            RenderTableCell {TD} at (2,2) size 138x16 [bgcolor=#00FF00] [r=0 c=0 rs=1 cs=1]
              RenderText {#text} at (1,1) size 23x14
                text run at (1,1) width 23: "plain"
            RenderTableCell {TD} at (142,2) size 256x16 [bgcolor=#FFFF00] [r=0 c=1 rs=1 cs=1]
              RenderText {#text} at (1,1) size 56x14
                text run at (1,1) width 56: "width=65%"
          RenderTableRow {TR} at (0,20) size 400x16
            RenderTableCell {TD} at (2,20) size 396x16 [bgcolor=#FF00FF] [r=1 c=0 rs=1 cs=2]
              RenderText {#text} at (1,1) size 49x14
                text run at (1,1) width 49: "colspan=2"
      RenderBlock {DIV} at (0,787) size 406x6 [border: (3px solid #FF0000)]
      RenderTable {TABLE} at (0,793) size 400x38
        RenderTableSection {TBODY} at (0,0) size 400x38
          RenderTableRow {TR} at (0,2) size 400x16
            RenderTableCell {TD} at (2,2) size 138x16 [bgcolor=#00FF00] [r=0 c=0 rs=1 cs=1]
              RenderText {#text} at (1,1) size 56x14
                text run at (1,1) width 56: "width=35%"
            RenderTableCell {TD} at (142,2) size 256x16 [bgcolor=#FFFF00] [r=0 c=1 rs=1 cs=1]
              RenderText {#text} at (1,1) size 56x14
                text run at (1,1) width 56: "width=65%"
          RenderTableRow {TR} at (0,20) size 400x16
            RenderTableCell {TD} at (2,20) size 396x16 [bgcolor=#FF00FF] [r=1 c=0 rs=1 cs=2]
              RenderText {#text} at (1,1) size 49x14
                text run at (1,1) width 49: "colspan=2"
      RenderBlock {DIV} at (0,831) size 406x6 [border: (3px solid #FF0000)]
      RenderBlock {H3} at (0,851) size 784x16
        RenderText {#text} at (0,0) size 28x15
          text run at (0,0) width 28: "50%"
      RenderBlock {DIV} at (0,881) size 406x6 [border: (3px solid #FF0000)]
      RenderTable {TABLE} at (0,887) size 400x38
        RenderTableSection {TBODY} at (0,0) size 400x38
          RenderTableRow {TR} at (0,2) size 400x16
            RenderTableCell {TD} at (2,2) size 197x16 [bgcolor=#00FF00] [r=0 c=0 rs=1 cs=1]
              RenderText {#text} at (1,1) size 56x14
                text run at (1,1) width 56: "width=50%"
            RenderTableCell {TD} at (201,2) size 197x16 [bgcolor=#FFFF00] [r=0 c=1 rs=1 cs=1]
              RenderText {#text} at (1,1) size 23x14
                text run at (1,1) width 23: "plain"
          RenderTableRow {TR} at (0,20) size 400x16
            RenderTableCell {TD} at (2,20) size 396x16 [bgcolor=#FF00FF] [r=1 c=0 rs=1 cs=2]
              RenderText {#text} at (1,1) size 104x14
                text run at (1,1) width 104: "colspan=2 width=400"
      RenderBlock {DIV} at (0,925) size 406x6 [border: (3px solid #FF0000)]
      RenderTable {TABLE} at (0,931) size 400x38
        RenderTableSection {TBODY} at (0,0) size 400x38
          RenderTableRow {TR} at (0,2) size 400x16
            RenderTableCell {TD} at (2,2) size 197x16 [bgcolor=#00FF00] [r=0 c=0 rs=1 cs=1]
              RenderText {#text} at (1,1) size 23x14
                text run at (1,1) width 23: "plain"
            RenderTableCell {TD} at (201,2) size 197x16 [bgcolor=#FFFF00] [r=0 c=1 rs=1 cs=1]
              RenderText {#text} at (1,1) size 56x14
                text run at (1,1) width 56: "width=50%"
          RenderTableRow {TR} at (0,20) size 400x16
            RenderTableCell {TD} at (2,20) size 396x16 [bgcolor=#FF00FF] [r=1 c=0 rs=1 cs=2]
              RenderText {#text} at (1,1) size 104x14
                text run at (1,1) width 104: "colspan=2 width=400"
      RenderBlock {DIV} at (0,969) size 406x6 [border: (3px solid #FF0000)]
      RenderTable {TABLE} at (0,975) size 400x38
        RenderTableSection {TBODY} at (0,0) size 400x38
          RenderTableRow {TR} at (0,2) size 400x16
            RenderTableCell {TD} at (2,2) size 197x16 [bgcolor=#00FF00] [r=0 c=0 rs=1 cs=1]
              RenderText {#text} at (1,1) size 56x14
                text run at (1,1) width 56: "width=50%"
            RenderTableCell {TD} at (201,2) size 197x16 [bgcolor=#FFFF00] [r=0 c=1 rs=1 cs=1]
              RenderText {#text} at (1,1) size 56x14
                text run at (1,1) width 56: "width=50%"
          RenderTableRow {TR} at (0,20) size 400x16
            RenderTableCell {TD} at (2,20) size 396x16 [bgcolor=#FF00FF] [r=1 c=0 rs=1 cs=2]
              RenderText {#text} at (1,1) size 104x14
                text run at (1,1) width 104: "colspan=2 width=400"
      RenderBlock {DIV} at (0,1013) size 406x6 [border: (3px solid #FF0000)]
      RenderTable {TABLE} at (0,1019) size 400x38
        RenderTableSection {TBODY} at (0,0) size 400x38
          RenderTableRow {TR} at (0,2) size 400x16
            RenderTableCell {TD} at (2,2) size 197x16 [bgcolor=#00FF00] [r=0 c=0 rs=1 cs=1]
              RenderText {#text} at (1,1) size 23x14
                text run at (1,1) width 23: "plain"
            RenderTableCell {TD} at (201,2) size 197x16 [bgcolor=#FFFF00] [r=0 c=1 rs=1 cs=1]
              RenderText {#text} at (1,1) size 23x14
                text run at (1,1) width 23: "plain"
          RenderTableRow {TR} at (0,20) size 400x16
            RenderTableCell {TD} at (2,20) size 396x16 [bgcolor=#FF00FF] [r=1 c=0 rs=1 cs=2]
              RenderText {#text} at (1,1) size 104x14
                text run at (1,1) width 104: "colspan=2 width=400"
      RenderBlock {DIV} at (0,1057) size 406x6 [border: (3px solid #FF0000)]
      RenderTable {TABLE} at (0,1063) size 400x38
        RenderTableSection {TBODY} at (0,0) size 400x38
          RenderTableRow {TR} at (0,2) size 400x16
            RenderTableCell {TD} at (2,2) size 197x16 [bgcolor=#00FF00] [r=0 c=0 rs=1 cs=1]
              RenderText {#text} at (1,1) size 52x14
                text run at (1,1) width 52: "width=200"
            RenderTableCell {TD} at (201,2) size 197x16 [bgcolor=#FFFF00] [r=0 c=1 rs=1 cs=1]
              RenderText {#text} at (1,1) size 52x14
                text run at (1,1) width 52: "width=200"
          RenderTableRow {TR} at (0,20) size 400x16
            RenderTableCell {TD} at (2,20) size 396x16 [bgcolor=#FF00FF] [r=1 c=0 rs=1 cs=2]
              RenderText {#text} at (1,1) size 49x14
                text run at (1,1) width 49: "colspan=2"
      RenderBlock {DIV} at (0,1101) size 406x6 [border: (3px solid #FF0000)]
      RenderBlock {H2} at (0,1121) size 784x21
        RenderText {#text} at (0,0) size 174x20
          text run at (0,0) width 174: "Tables Without Width"
      RenderBlock {P} at (0,1156) size 784x14
        RenderText {#text} at (0,0) size 681x14
          text run at (0,0) width 681: "The following tables have no width. They should still be the same size, by virtue of them having a 400 pixel cell and no padding/margin/borders."
      RenderBlock {H3} at (0,1184) size 784x16
        RenderText {#text} at (0,0) size 46x15
          text run at (0,0) width 46: "260/140"
      RenderBlock {DIV} at (0,1214) size 406x6 [border: (3px solid #FF0000)]
      RenderTable {TABLE} at (0,1220) size 406x38
        RenderTableSection {TBODY} at (0,0) size 406x38
          RenderTableRow {TR} at (0,2) size 406x16
            RenderTableCell {TD} at (2,2) size 258x16 [bgcolor=#00FF00] [r=0 c=0 rs=1 cs=1]
              RenderText {#text} at (1,1) size 23x14
                text run at (1,1) width 23: "plain"
            RenderTableCell {TD} at (262,2) size 142x16 [bgcolor=#FFFF00] [r=0 c=1 rs=1 cs=1]
              RenderText {#text} at (1,1) size 52x14
                text run at (1,1) width 52: "width=140"
          RenderTableRow {TR} at (0,20) size 406x16
            RenderTableCell {TD} at (2,20) size 402x16 [bgcolor=#FF00FF] [r=1 c=0 rs=1 cs=2]
              RenderText {#text} at (1,1) size 104x14
                text run at (1,1) width 104: "colspan=2 width=400"
      RenderBlock {DIV} at (0,1258) size 406x6 [border: (3px solid #FF0000)]
      RenderTable {TABLE} at (0,1264) size 406x38
        RenderTableSection {TBODY} at (0,0) size 406x38
          RenderTableRow {TR} at (0,2) size 406x16
            RenderTableCell {TD} at (2,2) size 262x16 [bgcolor=#00FF00] [r=0 c=0 rs=1 cs=1]
              RenderText {#text} at (1,1) size 52x14
                text run at (1,1) width 52: "width=260"
            RenderTableCell {TD} at (266,2) size 138x16 [bgcolor=#FFFF00] [r=0 c=1 rs=1 cs=1]
              RenderText {#text} at (1,1) size 23x14
                text run at (1,1) width 23: "plain"
          RenderTableRow {TR} at (0,20) size 406x16
            RenderTableCell {TD} at (2,20) size 402x16 [bgcolor=#FF00FF] [r=1 c=0 rs=1 cs=2]
              RenderText {#text} at (1,1) size 104x14
                text run at (1,1) width 104: "colspan=2 width=400"
      RenderBlock {DIV} at (0,1302) size 406x6 [border: (3px solid #FF0000)]
      RenderTable {TABLE} at (0,1308) size 410x38
        RenderTableSection {TBODY} at (0,0) size 410x38
          RenderTableRow {TR} at (0,2) size 410x16
            RenderTableCell {TD} at (2,2) size 262x16 [bgcolor=#00FF00] [r=0 c=0 rs=1 cs=1]
              RenderText {#text} at (1,1) size 52x14
                text run at (1,1) width 52: "width=260"
            RenderTableCell {TD} at (266,2) size 142x16 [bgcolor=#FFFF00] [r=0 c=1 rs=1 cs=1]
              RenderText {#text} at (1,1) size 52x14
                text run at (1,1) width 52: "width=140"
          RenderTableRow {TR} at (0,20) size 410x16
            RenderTableCell {TD} at (2,20) size 406x16 [bgcolor=#FF00FF] [r=1 c=0 rs=1 cs=2]
              RenderText {#text} at (1,1) size 104x14
                text run at (1,1) width 104: "colspan=2 width=400"
      RenderBlock {DIV} at (0,1346) size 406x6 [border: (3px solid #FF0000)]
      RenderTable {TABLE} at (0,1352) size 410x38
        RenderTableSection {TBODY} at (0,0) size 410x38
          RenderTableRow {TR} at (0,2) size 410x16
            RenderTableCell {TD} at (2,2) size 262x16 [bgcolor=#00FF00] [r=0 c=0 rs=1 cs=1]
              RenderText {#text} at (1,1) size 52x14
                text run at (1,1) width 52: "width=260"
            RenderTableCell {TD} at (266,2) size 142x16 [bgcolor=#FFFF00] [r=0 c=1 rs=1 cs=1]
              RenderText {#text} at (1,1) size 52x14
                text run at (1,1) width 52: "width=140"
          RenderTableRow {TR} at (0,20) size 410x16
            RenderTableCell {TD} at (2,20) size 406x16 [bgcolor=#FF00FF] [r=1 c=0 rs=1 cs=2]
              RenderText {#text} at (1,1) size 49x14
                text run at (1,1) width 49: "colspan=2"
      RenderBlock {DIV} at (0,1390) size 406x6 [border: (3px solid #FF0000)]
      RenderBlock {H3} at (0,1410) size 784x16
        RenderText {#text} at (0,0) size 46x15
          text run at (0,0) width 46: "140/260"
      RenderBlock {DIV} at (0,1440) size 406x6 [border: (3px solid #FF0000)]
      RenderTable {TABLE} at (0,1446) size 406x38
        RenderTableSection {TBODY} at (0,0) size 406x38
          RenderTableRow {TR} at (0,2) size 406x16
            RenderTableCell {TD} at (2,2) size 142x16 [bgcolor=#00FF00] [r=0 c=0 rs=1 cs=1]
              RenderText {#text} at (1,1) size 52x14
                text run at (1,1) width 52: "width=140"
            RenderTableCell {TD} at (146,2) size 258x16 [bgcolor=#FFFF00] [r=0 c=1 rs=1 cs=1]
              RenderText {#text} at (1,1) size 23x14
                text run at (1,1) width 23: "plain"
          RenderTableRow {TR} at (0,20) size 406x16
            RenderTableCell {TD} at (2,20) size 402x16 [bgcolor=#FF00FF] [r=1 c=0 rs=1 cs=2]
              RenderText {#text} at (1,1) size 104x14
                text run at (1,1) width 104: "colspan=2 width=400"
      RenderBlock {DIV} at (0,1484) size 406x6 [border: (3px solid #FF0000)]
      RenderTable {TABLE} at (0,1490) size 406x38
        RenderTableSection {TBODY} at (0,0) size 406x38
          RenderTableRow {TR} at (0,2) size 406x16
            RenderTableCell {TD} at (2,2) size 138x16 [bgcolor=#00FF00] [r=0 c=0 rs=1 cs=1]
              RenderText {#text} at (1,1) size 23x14
                text run at (1,1) width 23: "plain"
            RenderTableCell {TD} at (142,2) size 262x16 [bgcolor=#FFFF00] [r=0 c=1 rs=1 cs=1]
              RenderText {#text} at (1,1) size 52x14
                text run at (1,1) width 52: "width=260"
          RenderTableRow {TR} at (0,20) size 406x16
            RenderTableCell {TD} at (2,20) size 402x16 [bgcolor=#FF00FF] [r=1 c=0 rs=1 cs=2]
              RenderText {#text} at (1,1) size 104x14
                text run at (1,1) width 104: "colspan=2 width=400"
      RenderBlock {DIV} at (0,1528) size 406x6 [border: (3px solid #FF0000)]
      RenderTable {TABLE} at (0,1534) size 410x38
        RenderTableSection {TBODY} at (0,0) size 410x38
          RenderTableRow {TR} at (0,2) size 410x16
            RenderTableCell {TD} at (2,2) size 142x16 [bgcolor=#00FF00] [r=0 c=0 rs=1 cs=1]
              RenderText {#text} at (1,1) size 52x14
                text run at (1,1) width 52: "width=140"
            RenderTableCell {TD} at (146,2) size 262x16 [bgcolor=#FFFF00] [r=0 c=1 rs=1 cs=1]
              RenderText {#text} at (1,1) size 52x14
                text run at (1,1) width 52: "width=260"
          RenderTableRow {TR} at (0,20) size 410x16
            RenderTableCell {TD} at (2,20) size 406x16 [bgcolor=#FF00FF] [r=1 c=0 rs=1 cs=2]
              RenderText {#text} at (1,1) size 104x14
                text run at (1,1) width 104: "colspan=2 width=400"
      RenderBlock {DIV} at (0,1572) size 406x6 [border: (3px solid #FF0000)]
      RenderTable {TABLE} at (0,1578) size 410x38
        RenderTableSection {TBODY} at (0,0) size 410x38
          RenderTableRow {TR} at (0,2) size 410x16
            RenderTableCell {TD} at (2,2) size 142x16 [bgcolor=#00FF00] [r=0 c=0 rs=1 cs=1]
              RenderText {#text} at (1,1) size 52x14
                text run at (1,1) width 52: "width=140"
            RenderTableCell {TD} at (146,2) size 262x16 [bgcolor=#FFFF00] [r=0 c=1 rs=1 cs=1]
              RenderText {#text} at (1,1) size 52x14
                text run at (1,1) width 52: "width=260"
          RenderTableRow {TR} at (0,20) size 410x16
            RenderTableCell {TD} at (2,20) size 406x16 [bgcolor=#FF00FF] [r=1 c=0 rs=1 cs=2]
              RenderText {#text} at (1,1) size 49x14
                text run at (1,1) width 49: "colspan=2"
      RenderBlock {DIV} at (0,1616) size 406x6 [border: (3px solid #FF0000)]
      RenderBlock {H3} at (0,1636) size 784x16
        RenderText {#text} at (0,0) size 28x15
          text run at (0,0) width 28: "50%"
      RenderBlock {DIV} at (0,1666) size 406x6 [border: (3px solid #FF0000)]
      RenderTable {TABLE} at (0,1672) size 564x38
        RenderTableSection {TBODY} at (0,0) size 564x38
          RenderTableRow {TR} at (0,2) size 564x16
            RenderTableCell {TD} at (2,2) size 279x16 [bgcolor=#00FF00] [r=0 c=0 rs=1 cs=1]
              RenderText {#text} at (1,1) size 56x14
                text run at (1,1) width 56: "width=50%"
            RenderTableCell {TD} at (283,2) size 279x16 [bgcolor=#FFFF00] [r=0 c=1 rs=1 cs=1]
              RenderText {#text} at (1,1) size 23x14
                text run at (1,1) width 23: "plain"
          RenderTableRow {TR} at (0,20) size 564x16
            RenderTableCell {TD} at (2,20) size 560x16 [bgcolor=#FF00FF] [r=1 c=0 rs=1 cs=2]
              RenderText {#text} at (1,1) size 104x14
                text run at (1,1) width 104: "colspan=2 width=400"
      RenderBlock {DIV} at (0,1710) size 406x6 [border: (3px solid #FF0000)]
      RenderTable {TABLE} at (0,1716) size 566x38
        RenderTableSection {TBODY} at (0,0) size 566x38
          RenderTableRow {TR} at (0,2) size 566x16
            RenderTableCell {TD} at (2,2) size 280x16 [bgcolor=#00FF00] [r=0 c=0 rs=1 cs=1]
              RenderText {#text} at (1,1) size 23x14
                text run at (1,1) width 23: "plain"
            RenderTableCell {TD} at (284,2) size 280x16 [bgcolor=#FFFF00] [r=0 c=1 rs=1 cs=1]
              RenderText {#text} at (1,1) size 56x14
                text run at (1,1) width 56: "width=50%"
          RenderTableRow {TR} at (0,20) size 566x16
            RenderTableCell {TD} at (2,20) size 562x16 [bgcolor=#FF00FF] [r=1 c=0 rs=1 cs=2]
              RenderText {#text} at (1,1) size 104x14
                text run at (1,1) width 104: "colspan=2 width=400"
      RenderBlock {DIV} at (0,1754) size 406x6 [border: (3px solid #FF0000)]
      RenderTable {TABLE} at (0,1760) size 406x38
        RenderTableSection {TBODY} at (0,0) size 406x38
          RenderTableRow {TR} at (0,2) size 406x16
            RenderTableCell {TD} at (2,2) size 200x16 [bgcolor=#00FF00] [r=0 c=0 rs=1 cs=1]
              RenderText {#text} at (1,1) size 56x14
                text run at (1,1) width 56: "width=50%"
            RenderTableCell {TD} at (204,2) size 200x16 [bgcolor=#FFFF00] [r=0 c=1 rs=1 cs=1]
              RenderText {#text} at (1,1) size 56x14
                text run at (1,1) width 56: "width=50%"
          RenderTableRow {TR} at (0,20) size 406x16
            RenderTableCell {TD} at (2,20) size 402x16 [bgcolor=#FF00FF] [r=1 c=0 rs=1 cs=2]
              RenderText {#text} at (1,1) size 104x14
                text run at (1,1) width 104: "colspan=2 width=400"
      RenderBlock {DIV} at (0,1798) size 406x6 [border: (3px solid #FF0000)]
      RenderTable {TABLE} at (0,1804) size 406x38
        RenderTableSection {TBODY} at (0,0) size 406x38
          RenderTableRow {TR} at (0,2) size 406x16
            RenderTableCell {TD} at (2,2) size 200x16 [bgcolor=#00FF00] [r=0 c=0 rs=1 cs=1]
              RenderText {#text} at (1,1) size 23x14
                text run at (1,1) width 23: "plain"
            RenderTableCell {TD} at (204,2) size 200x16 [bgcolor=#FFFF00] [r=0 c=1 rs=1 cs=1]
              RenderText {#text} at (1,1) size 23x14
                text run at (1,1) width 23: "plain"
          RenderTableRow {TR} at (0,20) size 406x16
            RenderTableCell {TD} at (2,20) size 402x16 [bgcolor=#FF00FF] [r=1 c=0 rs=1 cs=2]
              RenderText {#text} at (1,1) size 104x14
                text run at (1,1) width 104: "colspan=2 width=400"
      RenderBlock {DIV} at (0,1842) size 406x6 [border: (3px solid #FF0000)]
      RenderTable {TABLE} at (0,1848) size 410x38
        RenderTableSection {TBODY} at (0,0) size 410x38
          RenderTableRow {TR} at (0,2) size 410x16
            RenderTableCell {TD} at (2,2) size 202x16 [bgcolor=#00FF00] [r=0 c=0 rs=1 cs=1]
              RenderText {#text} at (1,1) size 52x14
                text run at (1,1) width 52: "width=200"
            RenderTableCell {TD} at (206,2) size 202x16 [bgcolor=#FFFF00] [r=0 c=1 rs=1 cs=1]
              RenderText {#text} at (1,1) size 52x14
                text run at (1,1) width 52: "width=200"
          RenderTableRow {TR} at (0,20) size 410x16
            RenderTableCell {TD} at (2,20) size 406x16 [bgcolor=#FF00FF] [r=1 c=0 rs=1 cs=2]
              RenderText {#text} at (1,1) size 49x14
                text run at (1,1) width 49: "colspan=2"
      RenderBlock {DIV} at (0,1886) size 406x6 [border: (3px solid #FF0000)]
