layer at (0,0) size 980x735
  RenderView at (0,0) size 980x735
layer at (0,0) size 980x735
  RenderBlock {HTML} at (0,0) size 980x735
    RenderBody {BODY} at (8,8) size 964x719
      RenderBlock (floating) {DIV} at (0,0) size 134x104 [border: (2px solid #0000FF)]
      RenderBlock (floating) {DIV} at (134,0) size 134x104 [border: (2px solid #0000FF)]
      RenderBlock (floating) {DIV} at (268,0) size 134x104 [border: (2px solid #0000FF)]
      RenderBlock (floating) {DIV} at (402,0) size 134x104 [border: (2px solid #0000FF)]
      RenderBlock (floating) {DIV} at (536,0) size 134x104 [border: (2px solid #0000FF)]
      RenderBlock (floating) {DIV} at (670,0) size 134x104 [border: (2px solid #0000FF)]
      RenderBlock (floating) {DIV} at (804,0) size 134x104 [border: (2px solid #0000FF)]
      RenderBlock (floating) {DIV} at (0,104) size 134x104 [border: (2px solid #0000FF)]
      RenderBlock (floating) {DIV} at (134,104) size 134x104 [border: (2px solid #0000FF)]
      RenderBlock (floating) {DIV} at (268,104) size 134x104 [border: (2px solid #0000FF)]
      RenderBlock (floating) {DIV} at (402,104) size 134x104 [border: (2px solid #0000FF)]
      RenderBlock (floating) {DIV} at (536,104) size 134x104 [border: (2px solid #0000FF)]
      RenderBlock (floating) {DIV} at (670,104) size 134x104 [border: (2px solid #0000FF)]
      RenderBlock (floating) {DIV} at (804,104) size 134x104 [border: (2px solid #0000FF)]
      RenderBlock (floating) {DIV} at (0,208) size 134x104 [border: (2px solid #0000FF)]
      RenderBlock (floating) {DIV} at (134,208) size 134x104 [border: (2px solid #0000FF)]
      RenderBlock (floating) {DIV} at (268,208) size 134x104 [border: (2px solid #0000FF)]
      RenderBlock (floating) {DIV} at (402,208) size 134x104 [border: (2px solid #0000FF)]
      RenderBlock (floating) {DIV} at (536,208) size 134x104 [border: (2px solid #0000FF)]
      RenderBlock (floating) {DIV} at (670,208) size 134x104 [border: (2px solid #0000FF)]
      RenderBlock (floating) {DIV} at (804,208) size 134x104 [border: (2px solid #0000FF)]
      RenderBlock (floating) {DIV} at (0,312) size 134x104 [border: (2px solid #0000FF)]
      RenderBlock (floating) {DIV} at (134,312) size 134x104 [border: (2px solid #0000FF)]
layer at (10,10) size 130x46
  RenderBlock (relative positioned) {DIV} at (2,2) size 130x46
    RenderBlock (anonymous) at (0,0) size 130x19
      RenderText {#text} at (0,0) size 101x19
        text run at (0,0) width 101: "1 green box:"
    RenderBlock {DIV} at (0,19) size 130x27 [border: (2px solid #008000)]
      RenderBlock {DIV} at (2,2) size 126x23 [border: (2px solid #FF0000)]
        RenderText {#text} at (2,2) size 44x19
          text run at (2,2) width 44: "failed"
layer at (144,10) size 130x65
  RenderBlock (relative positioned) {DIV} at (2,2) size 130x65
    RenderBlock (anonymous) at (0,0) size 130x38
      RenderText {#text} at (0,0) size 107x38
        text run at (0,0) width 15: "2 "
        text run at (15,0) width 81: "green box"
        text run at (0,19) width 107: "with word ok:"
    RenderBlock {DIV} at (0,38) size 130x27 [border: (2px solid #FF0000)]
      RenderBlock {DIV} at (2,2) size 126x23 [border: (2px solid #008000)]
        RenderText {#text} at (2,2) size 19x19
          text run at (2,2) width 19: "ok"
layer at (278,10) size 130x38
  RenderBlock (relative positioned) {DIV} at (2,2) size 130x38
    RenderText {#text} at (0,0) size 107x38
      text run at (0,0) width 96: "3 green box"
      text run at (0,19) width 107: "with word ok:"
    RenderText {#text} at (0,0) size 0x0
layer at (278,48) size 130x34
  RenderBlock (positioned) {DIV} at (0,38) size 130x34 [border: (2px solid #FF0000)]
    RenderBlock {DIV} at (2,2) size 126x23 [border: (2px solid #008000)]
      RenderText {#text} at (2,2) size 19x19
        text run at (2,2) width 19: "ok"
layer at (412,10) size 130x38
  RenderBlock (relative positioned) {DIV} at (2,2) size 130x38
    RenderText {#text} at (0,0) size 107x38
      text run at (0,0) width 96: "4 green box"
      text run at (0,19) width 107: "with word ok:"
    RenderText {#text} at (0,0) size 0x0
layer at (414,50) size 126x30
  RenderBlock (positioned) {DIV} at (2,2) size 126x30 [border: (2px solid #008000)]
    RenderText {#text} at (2,2) size 19x19
      text run at (2,2) width 19: "ok"
layer at (546,10) size 130x38
  RenderBlock (relative positioned) {DIV} at (2,2) size 130x38
    RenderText {#text} at (0,0) size 107x38
      text run at (0,0) width 96: "5 green box"
      text run at (0,19) width 107: "with word ok:"
    RenderText {#text} at (0,0) size 0x0
layer at (546,48) size 130x34
  RenderBlock (positioned) {DIV} at (0,38) size 130x34 [border: (2px solid #FF0000)]
    RenderBlock {DIV} at (2,2) size 126x27 [border: (2px solid #FF0000)]
      RenderBlock {DIV} at (2,2) size 122x23 [border: (2px solid #008000)]
        RenderText {#text} at (2,2) size 19x19
          text run at (2,2) width 19: "ok"
layer at (680,10) size 130x38
  RenderBlock (relative positioned) {DIV} at (2,2) size 130x38
    RenderText {#text} at (0,0) size 107x38
      text run at (0,0) width 96: "6 green box"
      text run at (0,19) width 107: "with word ok:"
    RenderText {#text} at (0,0) size 0x0
layer at (682,50) size 126x30
  RenderBlock (positioned) {DIV} at (2,2) size 126x30 [border: (2px solid #FF0000)]
    RenderBlock {DIV} at (2,2) size 122x23 [border: (2px solid #008000)]
      RenderText {#text} at (2,2) size 19x19
        text run at (2,2) width 19: "ok"
layer at (814,10) size 130x38
  RenderBlock (relative positioned) {DIV} at (2,2) size 130x38
    RenderText {#text} at (0,0) size 107x38
      text run at (0,0) width 96: "7 green box"
      text run at (0,19) width 107: "with word ok:"
    RenderText {#text} at (0,0) size 0x0
layer at (818,52) size 122x26
  RenderBlock (positioned) {DIV} at (2,2) size 122x26 [border: (2px solid #008000)]
    RenderText {#text} at (2,2) size 19x19
      text run at (2,2) width 19: "ok"
layer at (10,114) size 130x57
  RenderBlock (relative positioned) {DIV} at (2,2) size 130x57
    RenderText {#text} at (0,0) size 121x57
      text run at (0,0) width 121: "8 double green"
      text run at (0,19) width 112: "box with word"
      text run at (0,38) width 24: "ok:"
    RenderText {#text} at (0,0) size 0x0
layer at (10,171) size 130x34
  RenderBlock (positioned) {DIV} at (0,57) size 130x34 [border: (2px solid #008000)]
layer at (14,175) size 122x26
  RenderBlock (positioned) {DIV} at (2,2) size 122x26 [border: (2px solid #008000)]
    RenderText {#text} at (2,2) size 19x19
      text run at (2,2) width 19: "ok"
layer at (144,114) size 130x38
  RenderBlock (relative positioned) {DIV} at (2,2) size 130x38
    RenderText {#text} at (0,0) size 107x38
      text run at (0,0) width 96: "9 green box"
      text run at (0,19) width 107: "with word ok:"
    RenderText {#text} at (0,0) size 0x0
layer at (148,156) size 122x26
  RenderBlock (positioned) {DIV} at (2,2) size 122x26 [border: (2px solid #008000)]
    RenderText {#text} at (2,2) size 19x19
      text run at (2,2) width 19: "ok"
layer at (278,114) size 130x19
  RenderBlock (relative positioned) {DIV} at (2,2) size 130x19
    RenderText {#text} at (0,0) size 111x19
      text run at (0,0) width 111: "10 green box:"
    RenderText {#text} at (0,0) size 0x0
layer at (280,135) size 126x30
  RenderBlock (positioned) {DIV} at (2,2) size 126x30 [border: (2px solid #008000)]
layer at (412,114) size 130x38
  RenderBlock (relative positioned) {DIV} at (2,2) size 130x38
    RenderText {#text} at (0,0) size 107x38
      text run at (0,0) width 106: "11 green box"
      text run at (0,19) width 107: "with word ok:"
    RenderText {#text} at (0,0) size 0x0
layer at (412,152) size 130x34
  RenderBlock (positioned) {DIV} at (0,38) size 130x34 [border: (2px solid #FF0000)]
    RenderBlock {DIV} at (2,2) size 126x27 [border: (2px solid #FF0000)]
      RenderBlock {DIV} at (2,2) size 122x23 [border: (2px solid #008000)]
        RenderText {#text} at (2,2) size 19x19
          text run at (2,2) width 19: "ok"
layer at (546,114) size 130x38
  RenderBlock (relative positioned) {DIV} at (2,2) size 130x38
    RenderText {#text} at (0,0) size 107x38
      text run at (0,0) width 106: "12 green box"
      text run at (0,19) width 107: "with word ok:"
    RenderText {#text} at (0,0) size 0x0
layer at (546,152) size 130x34
  RenderBlock (positioned) {DIV} at (0,38) size 130x34 [border: (2px solid #FF0000)]
    RenderBlock {DIV} at (2,2) size 126x27 [border: (2px solid #FF0000)]
      RenderBlock {DIV} at (2,2) size 122x23 [border: (2px solid #008000)]
        RenderText {#text} at (2,2) size 19x19
          text run at (2,2) width 19: "ok"
layer at (680,114) size 130x19
  RenderBlock (relative positioned) {DIV} at (2,2) size 130x19
    RenderText {#text} at (0,0) size 111x19
      text run at (0,0) width 111: "13 green box:"
    RenderText {#text} at (0,0) size 0x0
layer at (680,133) size 130x34
  RenderBlock (positioned) {DIV} at (0,19) size 130x34 [border: (2px solid #FF0000)]
    RenderBlock {DIV} at (2,2) size 126x27 [border: (2px solid #008000)]
      RenderBlock {DIV} at (2,2) size 122x23 [border: (2px solid #FF0000)]
        RenderText {#text} at (2,2) size 44x19
          text run at (2,2) width 44: "failed"
layer at (814,114) size 130x38
  RenderBlock (relative positioned) {DIV} at (2,2) size 130x38
    RenderText {#text} at (0,0) size 107x38
      text run at (0,0) width 106: "14 green box"
      text run at (0,19) width 107: "with word ok:"
    RenderText {#text} at (0,0) size 0x0
layer at (814,152) size 130x30
  RenderBlock (positioned) {DIV} at (0,38) size 130x30
    RenderBlock {DIV} at (0,0) size 130x23 [border: (2px solid #008000)]
      RenderText {#text} at (2,2) size 19x19
        text run at (2,2) width 19: "ok"
layer at (10,218) size 130x38
  RenderBlock (relative positioned) {DIV} at (2,2) size 130x38
    RenderText {#text} at (0,0) size 107x38
      text run at (0,0) width 106: "15 green box"
      text run at (0,19) width 107: "with word ok:"
    RenderText {#text} at (0,0) size 0x0
layer at (10,256) size 130x30
  RenderBlock (positioned) {DIV} at (0,0) size 130x30 [border: (2px solid #008000)]
    RenderText {#text} at (2,2) size 19x19
      text run at (2,2) width 19: "ok"
layer at (144,218) size 130x38
  RenderBlock (relative positioned) {DIV} at (2,2) size 130x38
    RenderText {#text} at (0,0) size 107x38
      text run at (0,0) width 106: "16 green box"
      text run at (0,19) width 107: "with word ok:"
    RenderText {#text} at (0,0) size 0x0
layer at (144,256) size 130x34
  RenderBlock (positioned) {DIV} at (0,38) size 130x34 [border: (2px solid #FF0000)]
    RenderBlock {DIV} at (2,2) size 126x50 [border: (2px solid #FF0000)]
      RenderBlock {DIV} at (2,2) size 122x23 [border: (2px solid #FF0000)]
        RenderText {#text} at (2,2) size 24x19
          text run at (2,2) width 24: "fail"
      RenderBlock {DIV} at (2,25) size 122x23 [border: (2px solid #008000)]
        RenderText {#text} at (2,2) size 19x19
          text run at (2,2) width 19: "ok"
layer at (278,218) size 130x38
  RenderBlock (relative positioned) {DIV} at (2,2) size 130x38
    RenderText {#text} at (0,0) size 107x38
      text run at (0,0) width 106: "17 green box"
      text run at (0,19) width 107: "with word ok:"
    RenderText {#text} at (0,0) size 0x0
layer at (278,256) size 130x34
  RenderBlock (positioned) {DIV} at (0,38) size 130x34 [border: (2px solid #FF0000)]
    RenderBlock {DIV} at (2,2) size 126x50 [border: (2px solid #FF0000)]
      RenderBlock {DIV} at (2,2) size 122x23 [border: (2px solid #008000)]
        RenderText {#text} at (2,2) size 19x19
          text run at (2,2) width 19: "ok"
      RenderBlock {DIV} at (2,25) size 122x23 [border: (2px solid #FF0000)]
        RenderText {#text} at (2,2) size 24x19
          text run at (2,2) width 24: "fail"
layer at (412,218) size 130x38
  RenderBlock (relative positioned) {DIV} at (2,2) size 130x38
    RenderText {#text} at (0,0) size 107x38
      text run at (0,0) width 106: "18 green box"
      text run at (0,19) width 107: "with word ok:"
    RenderText {#text} at (0,0) size 0x0
layer at (412,256) size 130x34
  RenderBlock (positioned) {DIV} at (0,38) size 130x34 [border: (2px solid #FF0000)]
    RenderBlock {DIV} at (2,2) size 126x50 [border: (2px solid #FF0000)]
      RenderBlock {DIV} at (2,2) size 122x23 [border: (2px solid #FF0000)]
        RenderText {#text} at (2,2) size 24x19
          text run at (2,2) width 24: "fail"
      RenderBlock {DIV} at (2,25) size 122x23 [border: (2px solid #008000)]
        RenderText {#text} at (2,2) size 19x19
          text run at (2,2) width 19: "ok"
layer at (546,218) size 130x38
  RenderBlock (relative positioned) {DIV} at (2,2) size 130x38
    RenderText {#text} at (0,0) size 107x38
      text run at (0,0) width 106: "19 green box"
      text run at (0,19) width 107: "with word ok:"
    RenderText {#text} at (0,0) size 0x0
layer at (546,256) size 130x34
  RenderBlock (positioned) {DIV} at (0,38) size 130x34 [border: (2px solid #FF0000)]
    RenderBlock {DIV} at (2,2) size 126x27 [border: (2px solid #FF0000)]
      RenderBlock {DIV} at (2,2) size 122x23 [border: (2px solid #FF0000)]
        RenderText {#text} at (2,2) size 24x19
          text run at (2,2) width 24: "fail"
    RenderBlock {DIV} at (2,29) size 126x27 [border: (2px solid #FF0000)]
      RenderBlock {DIV} at (2,2) size 122x23 [border: (2px solid #008000)]
        RenderText {#text} at (2,2) size 19x19
          text run at (2,2) width 19: "ok"
layer at (680,218) size 130x19
  RenderBlock (relative positioned) {DIV} at (2,2) size 130x19
    RenderText {#text} at (0,0) size 111x19
      text run at (0,0) width 111: "20 green box:"
    RenderText {#text} at (0,0) size 0x0
layer at (680,237) size 130x34
  RenderBlock (positioned) {DIV} at (0,19) size 130x34 [border: (2px solid #FF0000)]
    RenderBlock {DIV} at (2,2) size 126x50 [border: (2px solid #008000)]
      RenderBlock {DIV} at (2,2) size 122x23 [border: (2px solid #FF0000)]
        RenderText {#text} at (2,2) size 19x19
          text run at (2,2) width 19: "ok"
      RenderBlock {DIV} at (2,25) size 122x23 [border: (2px solid #008000)]
        RenderText {#text} at (2,2) size 19x19
          text run at (2,2) width 19: "ok"
layer at (814,218) size 130x57
  RenderBlock (relative positioned) {DIV} at (2,2) size 130x57
    RenderText {#text} at (0,0) size 130x57
      text run at (0,0) width 106: "21 two green"
      text run at (0,19) width 130: "boxes with word"
      text run at (0,38) width 24: "ok:"
    RenderText {#text} at (0,0) size 0x0
layer at (814,275) size 130x34
  RenderBlock (positioned) {DIV} at (0,57) size 130x34 [border: (2px solid #FF0000)]
    RenderBlock {DIV} at (2,2) size 126x27 [border: (2px solid #FF0000)]
      RenderBlock {DIV} at (2,2) size 122x23 [border: (2px solid #008000)]
        RenderText {#text} at (2,2) size 19x19
          text run at (2,2) width 19: "ok"
    RenderBlock {DIV} at (2,29) size 126x27 [border: (2px solid #FF0000)]
      RenderBlock {DIV} at (2,2) size 122x23 [border: (2px solid #008000)]
        RenderText {#text} at (2,2) size 19x19
          text run at (2,2) width 19: "ok"
layer at (10,322) size 130x38
  RenderBlock (relative positioned) {DIV} at (2,2) size 130x38
    RenderText {#text} at (0,0) size 107x38
      text run at (0,0) width 106: "22 green box"
      text run at (0,19) width 107: "with word ok:"
    RenderText {#text} at (0,0) size 0x0
layer at (12,362) size 126x30
  RenderBlock (positioned) {DIV} at (2,2) size 126x30 [border: (2px solid #008000)]
    RenderText {#text} at (2,2) size 19x19
      text run at (2,2) width 19: "ok"
layer at (144,322) size 130x38
  RenderBlock (relative positioned) {DIV} at (2,2) size 130x38
    RenderText {#text} at (0,0) size 107x38
      text run at (0,0) width 106: "23 green box"
      text run at (0,19) width 107: "with word ok:"
    RenderText {#text} at (0,0) size 0x0
layer at (144,360) size 130x34
  RenderBlock (positioned) zI: 1 {DIV} at (0,38) size 130x34 [border: (2px solid #FF0000)]
layer at (148,364) size 122x26
  RenderBlock (positioned) {DIV} at (2,2) size 122x26 [border: (2px solid #008000)]
    RenderText {#text} at (2,2) size 19x19
      text run at (2,2) width 19: "ok"
