layer at (0,0) size 980x735
  RenderView at (0,0) size 980x735
layer at (0,0) size 980x322
  RenderBlock {HTML} at (0,0) size 980x322
    RenderBody {BODY} at (8,16) size 964x298
      RenderBlock {P} at (0,0) size 964x19
        RenderText {#text} at (0,0) size 75x19
          text run at (0,0) width 75: "Tests for "
        RenderInline {A} at (0,0) size 380x19 [color=#0000EE]
          RenderText {#text} at (75,0) size 380x19
            text run at (75,0) width 380: "https://bugs.webkit.org/show_bug.cgi?id=24552"
      RenderBlock (anonymous) at (0,35) size 964x124
        RenderText {#text} at (120,105) size 5x19
          text run at (120,105) width 5: " "
        RenderInline {A} at (0,0) size 74x19 [color=#0000EE]
          RenderText {#text} at (125,105) size 74x19
            text run at (125,105) width 74: "Link here"
        RenderText {#text} at (0,0) size 0x0
      RenderBlock {DIV} at (0,279) size 964x19
        RenderText {#text} at (0,0) size 200x19
          text run at (0,0) width 200: "Found link node, so PASS"
layer at (18,61) size 100x100
  RenderBlock {DIV} at (10,10) size 100x100 [bgcolor=#808080]
