layer at (0,0) size 980x735
  RenderView at (0,0) size 980x735
layer at (0,0) size 980x735
  RenderBlock {HTML} at (0,0) size 980x735
    RenderBody {BODY} at (0,100) size 980x635
      RenderBlock {DIV} at (100,0) size 780x100
      RenderBlock (anonymous) at (0,200) size 980x38
        RenderText {#text} at (0,0) size 980x38
          text run at (0,0) width 617: "You should see a 100x100 green rect at 100x100 above with the word PASS. "
          text run at (617,0) width 299: "There should be no red on this page. "
          text run at (916,0) width 64: "This is a"
          text run at (0,19) width 485: "test case for https://bugs.webkit.org/show_bug.cgi?id=25252"
        RenderText {#text} at (0,0) size 0x0
layer at (100,100) size 100x100
  RenderBlock (positioned) {DIV} at (100,100) size 100x100 [bgcolor=#FF0000]
    RenderText {#text} at (0,0) size 34x19
      text run at (0,0) width 34: "FAIL"
layer at (100,100) size 100x100
  RenderBlock (relative positioned) {DIV} at (0,0) size 100x100 [bgcolor=#008000]
    RenderText {#text} at (0,0) size 41x19
      text run at (0,0) width 41: "PASS"
