layer at (0,0) size 980x735
  RenderView at (0,0) size 980x735
layer at (0,0) size 980x735
  RenderBlock {HTML} at (0,0) size 980x735
    RenderBody {BODY} at (8,8) size 964x719
      RenderBlock (anonymous) at (0,0) size 964x19
        RenderText {#text} at (0,0) size 386x19
          text run at (0,0) width 386: "The square should be a uniform shade of green."
      RenderBlock (anonymous) at (0,69) size 964x0
      RenderBlock (anonymous) at (0,69) size 964x100
      RenderBlock (anonymous) at (0,169) size 964x0
        RenderText {#text} at (0,0) size 0x0
        RenderText {#text} at (0,0) size 0x0
layer at (8,77) size 100x100
  RenderBlock {DIV} at (0,0) size 100x100
    RenderText {#text} at (0,0) size 0x0
layer at (8,27) size 100x50
  RenderBlock {DIV} at (0,19) size 100x50 [bgcolor=#008000]
layer at (8,77) size 100x50
  RenderBlock {SPAN} at (0,0) size 100x50 [bgcolor=#008000]
