layer at (0,0) size 980x735
  RenderView at (0,0) size 980x735
layer at (0,0) size 980x735
  RenderBlock {HTML} at (0,0) size 980x735
    RenderBody {BODY} at (8,8) size 964x707
      RenderBlock {P} at (0,0) size 964x38
        RenderText {#text} at (0,0) size 67x19
          text run at (0,0) width 67: "Test for "
        RenderInline {I} at (0,0) size 931x38
          RenderInline {A} at (0,0) size 372x19 [color=#0000EE]
            RenderText {#text} at (67,0) size 372x19
              text run at (67,0) width 372: "http://bugs.webkit.org/show_bug.cgi?id=14875"
          RenderText {#text} at (439,0) size 931x38
            text run at (439,0) width 5: " "
            text run at (444,0) width 487: "Textarea with nowrap - left/right nav, Up/down nav both hide"
            text run at (0,19) width 31: "text"
        RenderText {#text} at (31,19) size 5x19
          text run at (31,19) width 5: "."
      RenderBlock {P} at (0,54) size 964x19
        RenderText {#text} at (0,0) size 572x19
          text run at (0,0) width 572: "The letter A should be fully visible in each one of the eight boxes below."
layer at (28,101) size 150x50 clip at (28,101) size 150x35 scrollX 50 scrollWidth 200
  RenderBlock {DIV} at (20,93) size 150x50
    RenderBlock {DIV} at (0,0) size 200x19
      RenderText {#text} at (189,0) size 11x19
        text run at (189,0) width 11: "A"
layer at (28,171) size 160x50 clip at (38,171) size 150x35 scrollX 50 scrollWidth 200
  RenderBlock {DIV} at (20,163) size 160x50 [border: none (10px solid #000000)]
    RenderBlock {DIV} at (10,0) size 200x19
      RenderText {#text} at (189,0) size 11x19
        text run at (189,0) width 11: "A"
layer at (28,241) size 160x50 clip at (28,241) size 150x35 scrollX 50 scrollWidth 200
  RenderBlock {DIV} at (20,233) size 160x50 [border: none (10px solid #000000) none]
    RenderBlock {DIV} at (0,0) size 200x19
      RenderText {#text} at (189,0) size 11x19
        text run at (189,0) width 11: "A"
layer at (28,311) size 150x50 clip at (28,311) size 135x35 scrollX 65 scrollWidth 200
  RenderBlock {DIV} at (20,303) size 150x50
    RenderBlock {DIV} at (0,0) size 200x19
      RenderText {#text} at (189,0) size 11x19
        text run at (189,0) width 11: "A"
layer at (28,381) size 150x50 clip at (28,381) size 150x35 scrollWidth 200
  RenderBlock {DIV} at (20,373) size 150x50
    RenderBlock {DIV} at (0,0) size 200x19
      RenderText {#text} at (0,0) size 11x19
        text run at (0,0) width 11: "A"
layer at (28,451) size 160x50 clip at (38,451) size 150x35 scrollWidth 200
  RenderBlock {DIV} at (20,443) size 160x50 [border: none (10px solid #000000)]
    RenderBlock {DIV} at (10,0) size 200x19
      RenderText {#text} at (0,0) size 11x19
        text run at (0,0) width 11: "A"
layer at (28,521) size 160x50 clip at (28,521) size 150x35 scrollWidth 200
  RenderBlock {DIV} at (20,513) size 160x50 [border: none (10px solid #000000) none]
    RenderBlock {DIV} at (0,0) size 200x19
      RenderText {#text} at (0,0) size 11x19
        text run at (0,0) width 11: "A"
layer at (28,591) size 150x50 clip at (28,591) size 135x35 scrollWidth 200
  RenderBlock {DIV} at (20,583) size 150x50
    RenderBlock {DIV} at (0,0) size 200x19
      RenderText {#text} at (0,0) size 11x19
        text run at (0,0) width 11: "A"
