layer at (0,0) size 980x735
  RenderView at (0,0) size 980x735
layer at (0,0) size 980x735
  RenderBlock {HTML} at (0,0) size 980x735 [bgcolor=#00FFFF]
    RenderBody {BODY} at (25,25) size 930x685 [bgcolor=#008000]
      RenderBlock {P} at (0,0) size 930x19
        RenderText {#text} at (0,0) size 451x19
          text run at (0,0) width 451: "The style declarations which apply to the text below are:"
      RenderBlock {PRE} at (0,35) size 930x30
        RenderText {#text} at (0,0) size 483x30
          text run at (0,0) width 213: "HTML {background-color: aqua;}"
          text run at (213,0) width 0: " "
          text run at (0,15) width 483: "BODY {background-color: green; background-image: none; margin: 25px;}"
          text run at (483,15) width 0: " "
      RenderBlock {HR} at (0,78) size 930x2 [border: (1px inset #000000)]
      RenderBlock {P} at (0,96) size 930x57
        RenderText {#text} at (0,0) size 909x57
          text run at (0,0) width 492: "The body of this document should have a green background. "
          text run at (492,0) width 391: "It also has a margin of 25 pixels, so the light blue"
          text run at (0,19) width 530: "background set for the HTML element should surround the BODY. "
          text run at (530,19) width 379: "If the BODY content is significantly shorter than"
          text run at (0,38) width 666: "the browser's window height, then the bottom border may be larger than 25 pixels."
      RenderTable {TABLE} at (0,169) size 930x94 [border: (1px outset #808080)]
        RenderTableSection {TBODY} at (1,1) size 928x92
          RenderTableRow {TR} at (0,0) size 928x27
            RenderTableCell {TD} at (0,0) size 928x27 [bgcolor=#C0C0C0] [border: (1px inset #808080)] [r=0 c=0 rs=1 cs=2]
              RenderInline {STRONG} at (0,0) size 202x19
                RenderText {#text} at (4,4) size 202x19
                  text run at (4,4) width 202: "TABLE Testing Section"
          RenderTableRow {TR} at (0,27) size 928x65
            RenderTableCell {TD} at (0,46) size 13x27 [bgcolor=#C0C0C0] [border: (1px inset #808080)] [r=1 c=0 rs=1 cs=1]
              RenderText {#text} at (4,4) size 5x19
                text run at (4,4) width 5: " "
            RenderTableCell {TD} at (13,27) size 915x65 [border: (1px inset #808080)] [r=1 c=1 rs=1 cs=1]
              RenderBlock {P} at (4,4) size 907x57
                RenderText {#text} at (0,0) size 883x57
                  text run at (0,0) width 492: "The body of this document should have a green background. "
                  text run at (492,0) width 391: "It also has a margin of 25 pixels, so the light blue"
                  text run at (0,19) width 530: "background set for the HTML element should surround the BODY. "
                  text run at (530,19) width 338: "If the BODY content is significantly shorter"
                  text run at (0,38) width 707: "than the browser's window height, then the bottom border may be larger than 25 pixels."
