layer at (0,0) size 980x757
  RenderView at (0,0) size 980x735
layer at (0,0) size 980x757
  RenderBlock {HTML} at (0,0) size 980x757
    RenderBody {BODY} at (8,8) size 964x733 [bgcolor=#CCCCCC]
      RenderBlock {P} at (10,0) size 954x19
        RenderText {#text} at (0,0) size 364x19
          text run at (0,0) width 364: "This paragraph should be indented ten pixels."
      RenderBlock {DIV} at (10,35) size 954x19
        RenderBlock {P} at (10,0) size 944x19
          RenderText {#text} at (0,0) size 723x19
            text run at (0,0) width 723: "This paragraph should be indented twenty pixels, since horizontal margins do not collapse."
      RenderBlock {P} at (0,70) size 482x114 [bgcolor=#808080]
        RenderText {#text} at (0,0) size 473x114
          text run at (0,0) width 461: "This element has a width of 50%, and due to 'auto' values"
          text run at (0,19) width 434: "applied to the right margin, the element should be left"
          text run at (0,38) width 205: "justified within its parent. "
          text run at (205,38) width 209: "The gray rectangle should"
          text run at (0,57) width 468: "therefore appear on the left edge of the viewport (e.g. the"
          text run at (0,76) width 473: "browser window). The text inside the gray rectangle should"
          text run at (0,95) width 133: "not be centered."
      RenderBlock {P} at (241,200) size 482x114 [bgcolor=#808080]
        RenderText {#text} at (0,0) size 477x114
          text run at (0,0) width 461: "This element has a width of 50%, and due to 'auto' values"
          text run at (0,19) width 477: "applied to the left and right margins, the element should be"
          text run at (0,38) width 215: "centered within its parent. "
          text run at (215,38) width 209: "The gray rectangle should"
          text run at (0,57) width 445: "therefore appear in the middle of the viewport (e.g. the"
          text run at (0,76) width 473: "browser window). The text inside the gray rectangle should"
          text run at (0,95) width 133: "not be centered."
      RenderBlock {P} at (482,330) size 482x114 [bgcolor=#808080]
        RenderText {#text} at (0,0) size 479x114
          text run at (0,0) width 461: "This element has a width of 50%, and due to 'auto' values"
          text run at (0,19) width 434: "applied to the left margin, the element should be right"
          text run at (0,38) width 205: "justified within its parent. "
          text run at (205,38) width 209: "The gray rectangle should"
          text run at (0,57) width 479: "therefore appear on the right edge of the viewport (e.g. the"
          text run at (0,76) width 473: "browser window). The text inside the gray rectangle should"
          text run at (0,95) width 133: "not be centered."
      RenderBlock {P} at (0,460) size 964x38 [bgcolor=#808080]
        RenderText {#text} at (0,0) size 940x38
          text run at (0,0) width 940: "Since the width is \"auto,\" the margins that are set to \"auto\" become zero and this paragraph should have width 100%"
          text run at (0,19) width 282: "and the text should be left justified."
      RenderBlock {P} at (0,514) size 964x38 [bgcolor=#808080]
        RenderText {#text} at (0,0) size 940x38
          text run at (0,0) width 940: "Since the width is \"auto,\" the margins that are set to \"auto\" become zero and this paragraph should have width 100%"
          text run at (0,19) width 282: "and the text should be left justified."
      RenderBlock {P} at (0,568) size 964x38 [bgcolor=#808080]
        RenderText {#text} at (0,0) size 940x38
          text run at (0,0) width 940: "Since the width is \"auto,\" the margins that are set to \"auto\" become zero and this paragraph should have width 100%"
          text run at (0,19) width 282: "and the text should be left justified."
      RenderBlock {P} at (0,622) size 482x76 [bgcolor=#808080]
        RenderText {#text} at (0,0) size 468x38
          text run at (0,0) width 468: "Since auto is an invalid value for padding, the right-margin"
          text run at (0,19) width 292: "of this paragraph should be reset to "
        RenderInline {CODE} at (0,0) size 29x15
          RenderText {#text} at (292,22) size 29x15
            text run at (292,22) width 29: "auto"
        RenderText {#text} at (321,19) size 465x57
          text run at (321,19) width 99: " and thus be"
          text run at (0,38) width 465: "expanded to 50% and it should only occupy the left half of"
          text run at (0,57) width 105: "the viewport."
      RenderBlock {P} at (0,714) size 964x19 [bgcolor=#808080]
        RenderText {#text} at (0,0) size 816x19
          text run at (0,0) width 816: "Because this paragraph has width 100%, the auto margins become zero, so it should not be centered."
