layer at (0,0) size 980x2741
  RenderView at (0,0) size 980x735
layer at (0,0) size 980x2741
  RenderBlock {HTML} at (0,0) size 980x2741
    RenderBody {BODY} at (8,8) size 964x2725 [bgcolor=#CCCCCC]
      RenderBlock {P} at (0,0) size 964x19
        RenderText {#text} at (0,0) size 451x19
          text run at (0,0) width 451: "The style declarations which apply to the text below are:"
      RenderBlock {PRE} at (0,35) size 964x120
        RenderText {#text} at (0,0) size 373x120
          text run at (0,0) width 168: "IMG.one {display: inline;}"
          text run at (168,0) width 0: " "
          text run at (0,15) width 167: "IMG.two {display: block;}"
          text run at (167,15) width 0: " "
          text run at (0,30) width 169: "IMG.three {display: block;"
          text run at (169,30) width 0: " "
          text run at (0,45) width 373: "           margin-right: auto; margin-left: auto; width: auto;}"
          text run at (373,45) width 0: " "
          text run at (0,60) width 161: "IMG.four {display: block;"
          text run at (161,60) width 0: " "
          text run at (0,75) width 368: "          margin-right: auto; margin-left: auto; width: 50%;}"
          text run at (368,75) width 0: " "
          text run at (0,90) width 160: "IMG.five {display: block;"
          text run at (160,90) width 0: " "
          text run at (0,105) width 347: "          margin-right: 0; margin-left: auto; width: 50%;}"
          text run at (347,105) width 0: " "
      RenderBlock {HR} at (0,168) size 964x2 [border: (1px inset #000000)]
      RenderBlock {P} at (0,186) size 964x19
        RenderImage {IMG} at (0,0) size 15x15
        RenderText {#text} at (15,0) size 558x19
          text run at (15,0) width 558: "The image at the beginning of this sentence should be a 15px square."
      RenderImage {IMG} at (0,221) size 15x15
      RenderBlock {P} at (0,252) size 964x19
        RenderText {#text} at (0,0) size 631x19
          text run at (0,0) width 631: "The above image should be a 15px square with the same left edge as this text."
      RenderImage {IMG} at (474,287) size 15x15
      RenderBlock {P} at (0,318) size 964x19
        RenderText {#text} at (0,0) size 517x19
          text run at (0,0) width 517: "The above image should be a 15px square aligned at the center."
      RenderImage {IMG} at (241,353) size 482x482
      RenderBlock {P} at (0,851) size 964x38
        RenderText {#text} at (0,0) size 927x38
          text run at (0,0) width 927: "The above image should be a square resized so its width is 50% of the its parent element, and centered horizontally"
          text run at (0,19) width 217: "within the parent element: "
          text run at (217,19) width 510: "the document body in the first half, and the table in the second."
      RenderImage {IMG} at (482,905) size 482x482
      RenderBlock {P} at (0,1403) size 964x38
        RenderText {#text} at (0,0) size 945x38
          text run at (0,0) width 945: "The above image should be a square resized so its width is 50% of its parent element, and aligned at the right edge of"
          text run at (0,19) width 165: "the parent element: "
          text run at (165,19) width 510: "the document body in the first half, and the table in the second."
      RenderTable {TABLE} at (0,1457) size 964x1268 [border: (1px outset #808080)]
        RenderTableSection {TBODY} at (1,1) size 962x1266
          RenderTableRow {TR} at (0,0) size 962x27
            RenderTableCell {TD} at (0,0) size 962x27 [bgcolor=#C0C0C0] [border: (1px inset #808080)] [r=0 c=0 rs=1 cs=2]
              RenderInline {STRONG} at (0,0) size 202x19
                RenderText {#text} at (4,4) size 202x19
                  text run at (4,4) width 202: "TABLE Testing Section"
          RenderTableRow {TR} at (0,27) size 962x1239
            RenderTableCell {TD} at (0,633) size 13x27 [bgcolor=#C0C0C0] [border: (1px inset #808080)] [r=1 c=0 rs=1 cs=1]
              RenderText {#text} at (4,4) size 5x19
                text run at (4,4) width 5: " "
            RenderTableCell {TD} at (13,27) size 949x1239 [border: (1px inset #808080)] [r=1 c=1 rs=1 cs=1]
              RenderBlock {P} at (4,4) size 941x19
                RenderImage {IMG} at (0,0) size 15x15
                RenderText {#text} at (15,0) size 558x19
                  text run at (15,0) width 558: "The image at the beginning of this sentence should be a 15px square."
              RenderImage {IMG} at (4,39) size 15x15
              RenderBlock {P} at (4,70) size 941x19
                RenderText {#text} at (0,0) size 631x19
                  text run at (0,0) width 631: "The above image should be a 15px square with the same left edge as this text."
              RenderImage {IMG} at (467,105) size 15x15
              RenderBlock {P} at (4,136) size 941x19
                RenderText {#text} at (0,0) size 517x19
                  text run at (0,0) width 517: "The above image should be a 15px square aligned at the center."
              RenderImage {IMG} at (239,171) size 470x470
              RenderBlock {P} at (4,657) size 941x38
                RenderText {#text} at (0,0) size 927x38
                  text run at (0,0) width 927: "The above image should be a square resized so its width is 50% of the its parent element, and centered horizontally"
                  text run at (0,19) width 217: "within the parent element: "
                  text run at (217,19) width 510: "the document body in the first half, and the table in the second."
              RenderImage {IMG} at (475,711) size 470x470
              RenderBlock {P} at (4,1197) size 941x38
                RenderText {#text} at (0,0) size 924x38
                  text run at (0,0) width 924: "The above image should be a square resized so its width is 50% of its parent element, and aligned at the right edge"
                  text run at (0,19) width 186: "of the parent element: "
                  text run at (186,19) width 510: "the document body in the first half, and the table in the second."
