layer at (0,0) size 800x600
  RenderView at (0,0) size 800x600
layer at (0,0) size 800x120
  RenderBlock {HTML} at (0,0) size 800x120
    RenderBody {BODY} at (8,12) size 784x100
      RenderBlock {P} at (0,0) size 784x14
        RenderText {#text} at (0,0) size 260x14
          text run at (0,0) width 260: "All of the table rows and cells below should be rotated."
      RenderTable {TABLE} at (0,26) size 150x74
        RenderTableSection {TBODY} at (0,0) size 150x74
          RenderTableRow {TR} at (0,38) size 150x16
          RenderTableRow {TR} at (0,56) size 150x16
layer at (8,40) size 150x16
  RenderTableRow {TR} at (0,2) size 150x16
    RenderTableCell {TD} at (2,2) size 146x16 [r=0 c=0 rs=1 cs=1]
      RenderText {#text} at (1,1) size 83x14
        text run at (1,1) width 83: "Transformed row"
layer at (8,58) size 150x16
  RenderTableRow {TR} at (0,20) size 150x16
    RenderTableCell {TD} at (2,20) size 146x16 [r=1 c=0 rs=1 cs=1]
      RenderText {#text} at (1,1) size 144x14
        text run at (1,1) width 144: "Transformed row with opacity"
layer at (10,76) size 146x16
  RenderTableCell {TD} at (2,38) size 146x16 [r=2 c=0 rs=1 cs=1]
    RenderText {#text} at (1,1) size 80x14
      text run at (1,1) width 80: "Transformed cell"
layer at (10,94) size 146x16
  RenderTableCell {TD} at (2,56) size 146x16 [r=3 c=0 rs=1 cs=1]
    RenderText {#text} at (1,1) size 141x14
      text run at (1,1) width 141: "Transformed cell with opacity"
