layer at (0,0) size 800x600
  RenderView at (0,0) size 800x600
layer at (0,0) size 800x600
  RenderBlock {HTML} at (0,0) size 800x600
    RenderBody {BODY} at (0,0) size 800x588
      RenderBlock {P} at (0,212) size 800x14
        RenderText {#text} at (0,0) size 188x14
          text run at (0,0) width 188: "You should see one green square above"
layer at (50,50) size 100x100
  RenderBlock (positioned) {DIV} at (50,50) size 100x100 [bgcolor=#FF0000]
layer at (0,0) size 200x200
  RenderBlock {DIV} at (0,0) size 200x200 [bgcolor=#008000]
