layer at (0,0) size 800x600
  RenderView at (0,0) size 800x600
layer at (0,0) size 800x600
  RenderBlock {HTML} at (0,0) size 800x600
    RenderBody {BODY} at (0,0) size 800x586
      RenderBlock {P} at (0,0) size 800x16
        RenderInline {A} at (0,0) size 272x15 [color=#0000EE]
          RenderText {#text} at (0,0) size 272x15
            text run at (0,0) width 272: "https://bugs.webkit.org/show_bug.cgi?id=24784"
      RenderBlock {P} at (0,30) size 800x16
        RenderText {#text} at (0,0) size 476x15
          text run at (0,0) width 476: "Test transform lengths with zoom. You should see two green squares below, no red."
layer at (120,84) size 120x120
  RenderBlock (positioned) {DIV} at (120,84) size 120x120 [bgcolor=#FF0000]
layer at (300,84) size 120x120
  RenderBlock (positioned) {DIV} at (300,84) size 120x120 [bgcolor=#FF0000]
layer at (0,24) size 120x120
  RenderBlock (positioned) {DIV} at (0,24) size 120x120 [bgcolor=#008000]
layer at (0,24) size 120x120
  RenderBlock (positioned) {DIV} at (0,24) size 120x120 [bgcolor=#008000]
