layer at (0,0) size 1200x800
  RenderView at (0,0) size 800x600
layer at (0,0) size 800x800
  RenderBlock {HTML} at (0,0) size 800x800
    RenderFrameSet {FRAMESET} at (0,0) size 1200x800
      RenderFrame {FRAME} at (0,0) size 600x200
        layer at (0,0) size 600x200
          RenderView at (0,0) size 600x200
        layer at (0,0) size 600x200
          RenderBlock {HTML} at (0,0) size 600x200
            RenderBody {BODY} at (8,8) size 584x180 [bgcolor=#008000]
              RenderBlock {P} at (0,0) size 584x14
                RenderText {#text} at (0,0) size 333x14
                  text run at (0,0) width 333: "Test for frameset flattening. The flattening only works inside the DRT."
              RenderBlock {P} at (0,26) size 584x14
                RenderText {#text} at (0,0) size 397x14
                  text run at (0,0) width 397: "This frame should be 300px wide, 200px tall and not be scrollable (have scrollbars)."
        layer at (0,0) size 300x200
          RenderBlock (positioned) {DIV} at (0,0) size 300x200
      RenderFrame {FRAME} at (600,0) size 600x200
        layer at (0,0) size 600x200
          RenderView at (0,0) size 600x200
        layer at (0,0) size 600x200
          RenderBlock {HTML} at (0,0) size 600x200
            RenderBody {BODY} at (8,8) size 584x180 [bgcolor=#FF0000]
              RenderBlock {P} at (0,0) size 584x14
                RenderText {#text} at (0,0) size 397x14
                  text run at (0,0) width 397: "This frame should be 300px wide, 200px tall and not be scrollable (have scrollbars)."
        layer at (0,0) size 300x50
          RenderBlock (positioned) {DIV} at (0,0) size 300x50
      RenderFrame {FRAME} at (0,200) size 600x600
        layer at (0,0) size 600x600
          RenderView at (0,0) size 600x600
        layer at (0,0) size 600x600
          RenderBlock {HTML} at (0,0) size 600x600
            RenderBody {BODY} at (8,8) size 584x580 [bgcolor=#FFFF00]
              RenderBlock {P} at (0,0) size 584x14
                RenderText {#text} at (0,0) size 397x14
                  text run at (0,0) width 397: "This frame should be 600px wide, 600px tall and not be scrollable (have scrollbars)."
        layer at (0,0) size 600x600
          RenderBlock (positioned) {DIV} at (0,0) size 600x600
      RenderFrame {FRAME} at (600,200) size 600x600
        layer at (0,0) size 600x600
          RenderView at (0,0) size 600x600
        layer at (0,0) size 600x600
          RenderBlock {HTML} at (0,0) size 600x600
            RenderBody {BODY} at (8,8) size 584x580 [bgcolor=#0000FF]
              RenderBlock {P} at (0,0) size 584x14
                RenderText {#text} at (0,0) size 397x14
                  text run at (0,0) width 397: "This frame should be 600px wide, 600px tall and not be scrollable (have scrollbars)."
        layer at (0,0) size 600x600
          RenderBlock (positioned) {DIV} at (0,0) size 600x600
