layer at (0,0) size 1000x650
  RenderView at (0,0) size 800x600
layer at (0,0) size 800x650
  RenderBlock {HTML} at (0,0) size 800x650
    RenderFrameSet {FRAMESET} at (0,0) size 1000x650
      RenderFrame {FRAME} at (0,0) size 300x650
        layer at (0,0) size 300x650
          RenderView at (0,0) size 300x650
        layer at (0,0) size 300x650
          RenderBlock {HTML} at (0,0) size 300x650
            RenderBody {BODY} at (8,8) size 284x630 [bgcolor=#008000]
              RenderBlock {P} at (0,0) size 284x28
                RenderText {#text} at (0,0) size 255x28
                  text run at (0,0) width 255: "Test for frameset flattening. The flattening only works"
                  text run at (0,14) width 75: "inside the DRT."
              RenderBlock {P} at (0,40) size 284x28
                RenderText {#text} at (0,0) size 259x28
                  text run at (0,0) width 259: "This frame should be 300px wide and not be scrollable"
                  text run at (0,14) width 82: "(have scrollbars)."
        layer at (0,350) size 300x300
          RenderBlock (positioned) {DIV} at (0,350) size 300x300 [bgcolor=#0000FF]
      RenderFrame {FRAME} at (300,0) size 700x650
        layer at (0,0) size 700x650
          RenderView at (0,0) size 700x650
        layer at (0,0) size 700x650
          RenderBlock {HTML} at (0,0) size 700x650
            RenderBody {BODY} at (8,8) size 684x634
