layer at (0,0) size 1400x600
  RenderView at (0,0) size 800x600
layer at (0,0) size 800x600
  RenderBlock {HTML} at (0,0) size 800x600
    RenderBody {BODY} at (8,8) size 784x580
      RenderBlock {DIV} at (0,0) size 784x14
        RenderBlock {P} at (0,0) size 784x14
          RenderText {#text} at (0,0) size 600x14
            text run at (0,0) width 600: "Test that an iframe with negative coordinates is not flattened, but an iframe with positive coordinates is, even if it is out of view."
      RenderBlock {P} at (0,26) size 784x0
      RenderBlock {P} at (0,26) size 784x0
layer at (1200,0) size 200x200
  RenderPartObject {IFRAME} at (1200,0) size 200x200
    layer at (0,0) size 8000x800
      RenderView at (0,0) size 200x200
    layer at (0,0) size 200x200
      RenderBlock {HTML} at (0,0) size 200x200
        RenderBody {BODY} at (8,8) size 184x184 [bgcolor=#0000FF]
    layer at (0,0) size 8000x800
      RenderBlock (positioned) {DIV} at (0,0) size 8000x800
        RenderText {#text} at (0,0) size 333x14
          text run at (0,0) width 333: "You will not see me but you will see the horizontal scrollbar streching."
