layer at (0,0) size 980x735
  RenderView at (0,0) size 980x735
layer at (0,0) size 980x357
  RenderBlock {html} at (0,0) size 980x357
    RenderBody {body} at (8,8) size 964x341
      RenderBlock (anonymous) at (0,0) size 964x306
        RenderSVGRoot {svg} at (195,195) size 78x78
          RenderSVGEllipse {circle} at (196,196) size 76x76 [fill={[type=SOLID] [color=#FF0000]}] [cx=300.00] [cy=300.00] [r=50.00]
        RenderText {#text} at (302,287) size 5x19
          text run at (302,287) width 5: " "
        RenderBR {br} at (307,287) size 0x19
      RenderBlock {p} at (0,322) size 964x0
      RenderBlock {p} at (0,322) size 964x0
      RenderBlock (anonymous) at (0,322) size 964x19
        RenderText {#text} at (0,0) size 692x19
          text run at (0,0) width 692: "The circle should not be (partially or fully)visible at the original position after moving it."
