layer at (0,0) size 980x735
  RenderView at (0,0) size 980x735
layer at (0,0) size 980x735
  RenderBlock {HTML} at (0,0) size 980x735
    RenderBody {BODY} at (8,8) size 964x719
      RenderBlock {P} at (0,0) size 964x19
        RenderText {#text} at (0,0) size 669x19
          text run at (0,0) width 669: "Here is an html paragraph. And below is a svg drawing. You should see two ellipses."
      RenderBlock {DIV} at (0,35) size 964x400
        RenderSVGRoot {svg} at (47,232) size 222x42
          RenderSVGEllipse {ellipse} at (47,232) size 122x42 [stroke={[type=SOLID] [color=#000000]}] [fill={[type=SOLID] [color=#FF0000]}] [cx=50.00] [cy=50.00] [rx=30.00] [ry=10.00]
          RenderSVGEllipse {ellipse} at (147,232) size 122x42 [stroke={[type=SOLID] [color=#000000]}] [fill={[type=SOLID] [color=#FF0000]}] [cx=100.00] [cy=50.00] [rx=30.00] [ry=10.00]
