layer at (0,0) size 980x735
  RenderView at (0,0) size 980x735
layer at (0,0) size 980x735
  RenderBlock {HTML} at (0,0) size 980x735
    RenderBody {BODY} at (8,8) size 964x711
      RenderBlock (anonymous) at (0,0) size 964x19
        RenderBR {BR} at (0,0) size 0x19
      RenderBlock {DIV} at (0,35) size 964x19
        RenderBlock {P} at (0,0) size 964x19
          RenderText {#text} at (0,0) size 450x19
            text run at (0,0) width 450: "This test verifies correct paint of clipped, scaled images."
layer at (8,8) size 160x105 backgroundClip at (8,8) size 150x15 clip at (8,8) size 150x15 outlineClip at (8,8) size 150x15
  RenderBlock (positioned) {DIV} at (8,8) size 160x105
    RenderText {#text} at (0,0) size 0x0
    RenderText {#text} at (0,0) size 0x0
layer at (13,13) size 160x105 backgroundClip at (8,8) size 150x15 clip at (8,8) size 150x15 outlineClip at (8,8) size 150x15
  RenderImage {IMG} at (0,0) size 160x105
