layer at (0,0) size 980x735
  RenderView at (0,0) size 980x735
layer at (0,0) size 980x735
  RenderBlock {HTML} at (0,0) size 980x735
    RenderBody {BODY} at (8,8) size 964x711
      RenderBlock {P} at (0,0) size 964x19
        RenderText {#text} at (0,0) size 700x19
          text run at (0,0) width 700: "This test verifies correct repaint of scrolled/re-painted-after-uncovering, scaled images."
      RenderBlock {P} at (0,35) size 964x38
        RenderText {#text} at (0,0) size 964x38
          text run at (0,0) width 712: "If successful, the image below extends past the bottom of the window, with no white bar "
          text run at (712,0) width 252: "occluding the part of the image"
          text run at (0,19) width 306: "adjacent to the bottom of the window."
layer at (50,580) size 160x105
  RenderImage {IMG} at (50,580) size 160x105
layer at (0,600) size 300x10
  RenderBlock (positioned) {DIV} at (0,600) size 300x10 [bgcolor=#FFFFFF]
