layer at (0,0) size 800x600
  RenderView at (0,0) size 800x600
layer at (0,0) size 800x0
  RenderBlock {html} at (0,0) size 800x0
layer at (48,38) size 722x542 layerType: background only
layer at (49,39) size 720x540
  RenderSVGRoot {svg} at (49,39) size 720x540
    RenderSVGResourceLinearGradient {linearGradient} [id="gradient"] [gradientUnits=objectBoundingBox] [start=(0,0)] [end=(1,0)]
      RenderSVGGradientStop {stop} [offset=0.00] [color=#FFFF00]
      RenderSVGGradientStop {stop} [offset=1.00] [color=#008000]
    RenderSVGRect {rect} at (49,39) size 720x540 [fill={[type=LINEAR-GRADIENT] [id="gradient"]}] [x=0.00] [y=0.00] [width=100.00] [height=100.00]
    RenderSVGEllipse {circle} at (193,93) size 432x432 [fill={[type=LINEAR-GRADIENT] [id="gradient"]}] [cx=50.00] [cy=50.00] [r=30.00]
layer at (48,38) size 722x542 layerType: foreground only
  RenderBody {body} at (48,38) size 722x542 [border: (1px solid #000000)]
    RenderBlock {form} at (1,1) size 720x139
      RenderFieldSet {fieldset} at (2,0) size 716x139 [border: (2px groove #C0C0C0)]
        RenderBlock {legend} at (14,0) size 96x19
          RenderText {#text} at (2,0) size 92x19
            text run at (2,0) width 92: "HTML Form"
        RenderBlock {p} at (14,40) size 688x25
          RenderInline {label} at (0,0) size 137x19
            RenderText {#text} at (0,2) size 137x19
              text run at (0,2) width 137: "Enter something:"
          RenderText {#text} at (137,2) size 5x19
            text run at (137,2) width 5: " "
          RenderTextControl {input} at (144,2) size 170x21 [bgcolor=#FFFFFF] [border: (2px inset #000000)]
          RenderText {#text} at (0,0) size 0x0
        RenderBlock {p} at (14,81) size 688x30
          RenderButton {button} at (2,2) size 70x26 [bgcolor=#C0C0C0] [border: (2px outset #C0C0C0)]
            RenderBlock (anonymous) at (6,6) size 59x15
              RenderText {#text} at (0,0) size 59x15
                text run at (0,0) width 59: "Activate!"
layer at (212,84) size 164x15
  RenderBlock {div} at (3,3) size 164x15
