layer at (0,0) size 800x600
  RenderView at (0,0) size 800x600
layer at (0,0) size 800x70
  RenderBlock {html} at (0,0) size 800x70
    RenderBody {body} at (8,16) size 784x38
      RenderBlock {p} at (0,0) size 784x38
        RenderText {#text} at (0,0) size 763x38
          text run at (0,0) width 763: "In the div below the text is distributed over the whole SVG area. But when you scroll around the"
          text run at (0,19) width 343: "invisible text does not appear (Bug 12163)."
layer at (10,70) size 502x502 clip at (11,71) size 485x485 scrollY 550 scrollWidth 5000 scrollHeight 5004
  RenderBlock (positioned) {div} at (10,70) size 502x502 [border: (1px solid #AAAAAA)]
    RenderSVGRoot {svg} at (11,-478) size 5000x4924
      RenderSVGText {text} at (0,1) size 101x24 contains 1 chunk(s)
        RenderSVGInlineText {#text} at (0,0) size 101x24
          chunk 1 text run 1 at (0.00,20.00) startOffset 0 endOffset 11 width 101.00: "just a text"
      RenderSVGText {text} at (100,1) size 101x24 contains 1 chunk(s)
        RenderSVGInlineText {#text} at (0,0) size 101x24
          chunk 1 text run 1 at (100.00,20.00) startOffset 0 endOffset 11 width 101.00: "just a text"
      RenderSVGText {text} at (200,1) size 101x24 contains 1 chunk(s)
        RenderSVGInlineText {#text} at (0,0) size 101x24
          chunk 1 text run 1 at (200.00,20.00) startOffset 0 endOffset 11 width 101.00: "just a text"
      RenderSVGText {text} at (300,1) size 101x24 contains 1 chunk(s)
        RenderSVGInlineText {#text} at (0,0) size 101x24
          chunk 1 text run 1 at (300.00,20.00) startOffset 0 endOffset 11 width 101.00: "just a text"
      RenderSVGText {text} at (400,1) size 101x24 contains 1 chunk(s)
        RenderSVGInlineText {#text} at (0,0) size 101x24
          chunk 1 text run 1 at (400.00,20.00) startOffset 0 endOffset 11 width 101.00: "just a text"
      RenderSVGText {text} at (500,1) size 101x24 contains 1 chunk(s)
        RenderSVGInlineText {#text} at (0,0) size 101x24
          chunk 1 text run 1 at (500.00,20.00) startOffset 0 endOffset 11 width 101.00: "just a text"
      RenderSVGText {text} at (600,1) size 101x24 contains 1 chunk(s)
        RenderSVGInlineText {#text} at (0,0) size 101x24
          chunk 1 text run 1 at (600.00,20.00) startOffset 0 endOffset 11 width 101.00: "just a text"
      RenderSVGText {text} at (700,1) size 101x24 contains 1 chunk(s)
        RenderSVGInlineText {#text} at (0,0) size 101x24
          chunk 1 text run 1 at (700.00,20.00) startOffset 0 endOffset 11 width 101.00: "just a text"
      RenderSVGText {text} at (800,1) size 101x24 contains 1 chunk(s)
        RenderSVGInlineText {#text} at (0,0) size 101x24
          chunk 1 text run 1 at (800.00,20.00) startOffset 0 endOffset 11 width 101.00: "just a text"
      RenderSVGText {text} at (900,1) size 101x24 contains 1 chunk(s)
        RenderSVGInlineText {#text} at (0,0) size 101x24
          chunk 1 text run 1 at (900.00,20.00) startOffset 0 endOffset 11 width 101.00: "just a text"
      RenderSVGText {text} at (1000,1) size 101x24 contains 1 chunk(s)
        RenderSVGInlineText {#text} at (0,0) size 101x24
          chunk 1 text run 1 at (1000.00,20.00) startOffset 0 endOffset 11 width 101.00: "just a text"
      RenderSVGText {text} at (1100,1) size 101x24 contains 1 chunk(s)
        RenderSVGInlineText {#text} at (0,0) size 101x24
          chunk 1 text run 1 at (1100.00,20.00) startOffset 0 endOffset 11 width 101.00: "just a text"
      RenderSVGText {text} at (1200,1) size 101x24 contains 1 chunk(s)
        RenderSVGInlineText {#text} at (0,0) size 101x24
          chunk 1 text run 1 at (1200.00,20.00) startOffset 0 endOffset 11 width 101.00: "just a text"
      RenderSVGText {text} at (1300,1) size 101x24 contains 1 chunk(s)
        RenderSVGInlineText {#text} at (0,0) size 101x24
          chunk 1 text run 1 at (1300.00,20.00) startOffset 0 endOffset 11 width 101.00: "just a text"
      RenderSVGText {text} at (1400,1) size 101x24 contains 1 chunk(s)
        RenderSVGInlineText {#text} at (0,0) size 101x24
          chunk 1 text run 1 at (1400.00,20.00) startOffset 0 endOffset 11 width 101.00: "just a text"
      RenderSVGText {text} at (1500,1) size 101x24 contains 1 chunk(s)
        RenderSVGInlineText {#text} at (0,0) size 101x24
          chunk 1 text run 1 at (1500.00,20.00) startOffset 0 endOffset 11 width 101.00: "just a text"
      RenderSVGText {text} at (1600,1) size 101x24 contains 1 chunk(s)
        RenderSVGInlineText {#text} at (0,0) size 101x24
          chunk 1 text run 1 at (1600.00,20.00) startOffset 0 endOffset 11 width 101.00: "just a text"
      RenderSVGText {text} at (1700,1) size 101x24 contains 1 chunk(s)
        RenderSVGInlineText {#text} at (0,0) size 101x24
          chunk 1 text run 1 at (1700.00,20.00) startOffset 0 endOffset 11 width 101.00: "just a text"
      RenderSVGText {text} at (1800,1) size 101x24 contains 1 chunk(s)
        RenderSVGInlineText {#text} at (0,0) size 101x24
          chunk 1 text run 1 at (1800.00,20.00) startOffset 0 endOffset 11 width 101.00: "just a text"
      RenderSVGText {text} at (1900,1) size 101x24 contains 1 chunk(s)
        RenderSVGInlineText {#text} at (0,0) size 101x24
          chunk 1 text run 1 at (1900.00,20.00) startOffset 0 endOffset 11 width 101.00: "just a text"
      RenderSVGText {text} at (2000,1) size 101x24 contains 1 chunk(s)
        RenderSVGInlineText {#text} at (0,0) size 101x24
          chunk 1 text run 1 at (2000.00,20.00) startOffset 0 endOffset 11 width 101.00: "just a text"
      RenderSVGText {text} at (2100,1) size 101x24 contains 1 chunk(s)
        RenderSVGInlineText {#text} at (0,0) size 101x24
          chunk 1 text run 1 at (2100.00,20.00) startOffset 0 endOffset 11 width 101.00: "just a text"
      RenderSVGText {text} at (2200,1) size 101x24 contains 1 chunk(s)
        RenderSVGInlineText {#text} at (0,0) size 101x24
          chunk 1 text run 1 at (2200.00,20.00) startOffset 0 endOffset 11 width 101.00: "just a text"
      RenderSVGText {text} at (2300,1) size 101x24 contains 1 chunk(s)
        RenderSVGInlineText {#text} at (0,0) size 101x24
          chunk 1 text run 1 at (2300.00,20.00) startOffset 0 endOffset 11 width 101.00: "just a text"
      RenderSVGText {text} at (2400,1) size 101x24 contains 1 chunk(s)
        RenderSVGInlineText {#text} at (0,0) size 101x24
          chunk 1 text run 1 at (2400.00,20.00) startOffset 0 endOffset 11 width 101.00: "just a text"
      RenderSVGText {text} at (2500,1) size 101x24 contains 1 chunk(s)
        RenderSVGInlineText {#text} at (0,0) size 101x24
          chunk 1 text run 1 at (2500.00,20.00) startOffset 0 endOffset 11 width 101.00: "just a text"
      RenderSVGText {text} at (2600,1) size 101x24 contains 1 chunk(s)
        RenderSVGInlineText {#text} at (0,0) size 101x24
          chunk 1 text run 1 at (2600.00,20.00) startOffset 0 endOffset 11 width 101.00: "just a text"
      RenderSVGText {text} at (2700,1) size 101x24 contains 1 chunk(s)
        RenderSVGInlineText {#text} at (0,0) size 101x24
          chunk 1 text run 1 at (2700.00,20.00) startOffset 0 endOffset 11 width 101.00: "just a text"
      RenderSVGText {text} at (2800,1) size 101x24 contains 1 chunk(s)
        RenderSVGInlineText {#text} at (0,0) size 101x24
          chunk 1 text run 1 at (2800.00,20.00) startOffset 0 endOffset 11 width 101.00: "just a text"
      RenderSVGText {text} at (2900,1) size 101x24 contains 1 chunk(s)
        RenderSVGInlineText {#text} at (0,0) size 101x24
          chunk 1 text run 1 at (2900.00,20.00) startOffset 0 endOffset 11 width 101.00: "just a text"
      RenderSVGText {text} at (3000,1) size 101x24 contains 1 chunk(s)
        RenderSVGInlineText {#text} at (0,0) size 101x24
          chunk 1 text run 1 at (3000.00,20.00) startOffset 0 endOffset 11 width 101.00: "just a text"
      RenderSVGText {text} at (3100,1) size 101x24 contains 1 chunk(s)
        RenderSVGInlineText {#text} at (0,0) size 101x24
          chunk 1 text run 1 at (3100.00,20.00) startOffset 0 endOffset 11 width 101.00: "just a text"
      RenderSVGText {text} at (3200,1) size 101x24 contains 1 chunk(s)
        RenderSVGInlineText {#text} at (0,0) size 101x24
          chunk 1 text run 1 at (3200.00,20.00) startOffset 0 endOffset 11 width 101.00: "just a text"
      RenderSVGText {text} at (3300,1) size 101x24 contains 1 chunk(s)
        RenderSVGInlineText {#text} at (0,0) size 101x24
          chunk 1 text run 1 at (3300.00,20.00) startOffset 0 endOffset 11 width 101.00: "just a text"
      RenderSVGText {text} at (3400,1) size 101x24 contains 1 chunk(s)
        RenderSVGInlineText {#text} at (0,0) size 101x24
          chunk 1 text run 1 at (3400.00,20.00) startOffset 0 endOffset 11 width 101.00: "just a text"
      RenderSVGText {text} at (3500,1) size 101x24 contains 1 chunk(s)
        RenderSVGInlineText {#text} at (0,0) size 101x24
          chunk 1 text run 1 at (3500.00,20.00) startOffset 0 endOffset 11 width 101.00: "just a text"
      RenderSVGText {text} at (3600,1) size 101x24 contains 1 chunk(s)
        RenderSVGInlineText {#text} at (0,0) size 101x24
          chunk 1 text run 1 at (3600.00,20.00) startOffset 0 endOffset 11 width 101.00: "just a text"
      RenderSVGText {text} at (3700,1) size 101x24 contains 1 chunk(s)
        RenderSVGInlineText {#text} at (0,0) size 101x24
          chunk 1 text run 1 at (3700.00,20.00) startOffset 0 endOffset 11 width 101.00: "just a text"
      RenderSVGText {text} at (3800,1) size 101x24 contains 1 chunk(s)
        RenderSVGInlineText {#text} at (0,0) size 101x24
          chunk 1 text run 1 at (3800.00,20.00) startOffset 0 endOffset 11 width 101.00: "just a text"
      RenderSVGText {text} at (3900,1) size 101x24 contains 1 chunk(s)
        RenderSVGInlineText {#text} at (0,0) size 101x24
          chunk 1 text run 1 at (3900.00,20.00) startOffset 0 endOffset 11 width 101.00: "just a text"
      RenderSVGText {text} at (4000,1) size 101x24 contains 1 chunk(s)
        RenderSVGInlineText {#text} at (0,0) size 101x24
          chunk 1 text run 1 at (4000.00,20.00) startOffset 0 endOffset 11 width 101.00: "just a text"
      RenderSVGText {text} at (4100,1) size 101x24 contains 1 chunk(s)
        RenderSVGInlineText {#text} at (0,0) size 101x24
          chunk 1 text run 1 at (4100.00,20.00) startOffset 0 endOffset 11 width 101.00: "just a text"
      RenderSVGText {text} at (4200,1) size 101x24 contains 1 chunk(s)
        RenderSVGInlineText {#text} at (0,0) size 101x24
          chunk 1 text run 1 at (4200.00,20.00) startOffset 0 endOffset 11 width 101.00: "just a text"
      RenderSVGText {text} at (4300,1) size 101x24 contains 1 chunk(s)
        RenderSVGInlineText {#text} at (0,0) size 101x24
          chunk 1 text run 1 at (4300.00,20.00) startOffset 0 endOffset 11 width 101.00: "just a text"
      RenderSVGText {text} at (4400,1) size 101x24 contains 1 chunk(s)
        RenderSVGInlineText {#text} at (0,0) size 101x24
          chunk 1 text run 1 at (4400.00,20.00) startOffset 0 endOffset 11 width 101.00: "just a text"
      RenderSVGText {text} at (4500,1) size 101x24 contains 1 chunk(s)
        RenderSVGInlineText {#text} at (0,0) size 101x24
          chunk 1 text run 1 at (4500.00,20.00) startOffset 0 endOffset 11 width 101.00: "just a text"
      RenderSVGText {text} at (4600,1) size 101x24 contains 1 chunk(s)
        RenderSVGInlineText {#text} at (0,0) size 101x24
          chunk 1 text run 1 at (4600.00,20.00) startOffset 0 endOffset 11 width 101.00: "just a text"
      RenderSVGText {text} at (4700,1) size 101x24 contains 1 chunk(s)
        RenderSVGInlineText {#text} at (0,0) size 101x24
          chunk 1 text run 1 at (4700.00,20.00) startOffset 0 endOffset 11 width 101.00: "just a text"
      RenderSVGText {text} at (4800,1) size 101x24 contains 1 chunk(s)
        RenderSVGInlineText {#text} at (0,0) size 101x24
          chunk 1 text run 1 at (4800.00,20.00) startOffset 0 endOffset 11 width 101.00: "just a text"
      RenderSVGText {text} at (4900,1) size 101x24 contains 1 chunk(s)
        RenderSVGInlineText {#text} at (0,0) size 101x24
          chunk 1 text run 1 at (4900.00,20.00) startOffset 0 endOffset 11 width 101.00: "just a text"
      RenderSVGText {text} at (0,101) size 101x24 contains 1 chunk(s)
        RenderSVGInlineText {#text} at (0,0) size 101x24
          chunk 1 text run 1 at (0.00,120.00) startOffset 0 endOffset 11 width 101.00: "just a text"
      RenderSVGText {text} at (100,101) size 101x24 contains 1 chunk(s)
        RenderSVGInlineText {#text} at (0,0) size 101x24
          chunk 1 text run 1 at (100.00,120.00) startOffset 0 endOffset 11 width 101.00: "just a text"
      RenderSVGText {text} at (200,101) size 101x24 contains 1 chunk(s)
        RenderSVGInlineText {#text} at (0,0) size 101x24
          chunk 1 text run 1 at (200.00,120.00) startOffset 0 endOffset 11 width 101.00: "just a text"
      RenderSVGText {text} at (300,101) size 101x24 contains 1 chunk(s)
        RenderSVGInlineText {#text} at (0,0) size 101x24
          chunk 1 text run 1 at (300.00,120.00) startOffset 0 endOffset 11 width 101.00: "just a text"
      RenderSVGText {text} at (400,101) size 101x24 contains 1 chunk(s)
        RenderSVGInlineText {#text} at (0,0) size 101x24
          chunk 1 text run 1 at (400.00,120.00) startOffset 0 endOffset 11 width 101.00: "just a text"
      RenderSVGText {text} at (500,101) size 101x24 contains 1 chunk(s)
        RenderSVGInlineText {#text} at (0,0) size 101x24
          chunk 1 text run 1 at (500.00,120.00) startOffset 0 endOffset 11 width 101.00: "just a text"
      RenderSVGText {text} at (600,101) size 101x24 contains 1 chunk(s)
        RenderSVGInlineText {#text} at (0,0) size 101x24
          chunk 1 text run 1 at (600.00,120.00) startOffset 0 endOffset 11 width 101.00: "just a text"
      RenderSVGText {text} at (700,101) size 101x24 contains 1 chunk(s)
        RenderSVGInlineText {#text} at (0,0) size 101x24
          chunk 1 text run 1 at (700.00,120.00) startOffset 0 endOffset 11 width 101.00: "just a text"
      RenderSVGText {text} at (800,101) size 101x24 contains 1 chunk(s)
        RenderSVGInlineText {#text} at (0,0) size 101x24
          chunk 1 text run 1 at (800.00,120.00) startOffset 0 endOffset 11 width 101.00: "just a text"
      RenderSVGText {text} at (900,101) size 101x24 contains 1 chunk(s)
        RenderSVGInlineText {#text} at (0,0) size 101x24
          chunk 1 text run 1 at (900.00,120.00) startOffset 0 endOffset 11 width 101.00: "just a text"
      RenderSVGText {text} at (1000,101) size 101x24 contains 1 chunk(s)
        RenderSVGInlineText {#text} at (0,0) size 101x24
          chunk 1 text run 1 at (1000.00,120.00) startOffset 0 endOffset 11 width 101.00: "just a text"
      RenderSVGText {text} at (1100,101) size 101x24 contains 1 chunk(s)
        RenderSVGInlineText {#text} at (0,0) size 101x24
          chunk 1 text run 1 at (1100.00,120.00) startOffset 0 endOffset 11 width 101.00: "just a text"
      RenderSVGText {text} at (1200,101) size 101x24 contains 1 chunk(s)
        RenderSVGInlineText {#text} at (0,0) size 101x24
          chunk 1 text run 1 at (1200.00,120.00) startOffset 0 endOffset 11 width 101.00: "just a text"
      RenderSVGText {text} at (1300,101) size 101x24 contains 1 chunk(s)
        RenderSVGInlineText {#text} at (0,0) size 101x24
          chunk 1 text run 1 at (1300.00,120.00) startOffset 0 endOffset 11 width 101.00: "just a text"
      RenderSVGText {text} at (1400,101) size 101x24 contains 1 chunk(s)
        RenderSVGInlineText {#text} at (0,0) size 101x24
          chunk 1 text run 1 at (1400.00,120.00) startOffset 0 endOffset 11 width 101.00: "just a text"
      RenderSVGText {text} at (1500,101) size 101x24 contains 1 chunk(s)
        RenderSVGInlineText {#text} at (0,0) size 101x24
          chunk 1 text run 1 at (1500.00,120.00) startOffset 0 endOffset 11 width 101.00: "just a text"
      RenderSVGText {text} at (1600,101) size 101x24 contains 1 chunk(s)
        RenderSVGInlineText {#text} at (0,0) size 101x24
          chunk 1 text run 1 at (1600.00,120.00) startOffset 0 endOffset 11 width 101.00: "just a text"
      RenderSVGText {text} at (1700,101) size 101x24 contains 1 chunk(s)
        RenderSVGInlineText {#text} at (0,0) size 101x24
          chunk 1 text run 1 at (1700.00,120.00) startOffset 0 endOffset 11 width 101.00: "just a text"
      RenderSVGText {text} at (1800,101) size 101x24 contains 1 chunk(s)
        RenderSVGInlineText {#text} at (0,0) size 101x24
          chunk 1 text run 1 at (1800.00,120.00) startOffset 0 endOffset 11 width 101.00: "just a text"
      RenderSVGText {text} at (1900,101) size 101x24 contains 1 chunk(s)
        RenderSVGInlineText {#text} at (0,0) size 101x24
          chunk 1 text run 1 at (1900.00,120.00) startOffset 0 endOffset 11 width 101.00: "just a text"
      RenderSVGText {text} at (2000,101) size 101x24 contains 1 chunk(s)
        RenderSVGInlineText {#text} at (0,0) size 101x24
          chunk 1 text run 1 at (2000.00,120.00) startOffset 0 endOffset 11 width 101.00: "just a text"
      RenderSVGText {text} at (2100,101) size 101x24 contains 1 chunk(s)
        RenderSVGInlineText {#text} at (0,0) size 101x24
          chunk 1 text run 1 at (2100.00,120.00) startOffset 0 endOffset 11 width 101.00: "just a text"
      RenderSVGText {text} at (2200,101) size 101x24 contains 1 chunk(s)
        RenderSVGInlineText {#text} at (0,0) size 101x24
          chunk 1 text run 1 at (2200.00,120.00) startOffset 0 endOffset 11 width 101.00: "just a text"
      RenderSVGText {text} at (2300,101) size 101x24 contains 1 chunk(s)
        RenderSVGInlineText {#text} at (0,0) size 101x24
          chunk 1 text run 1 at (2300.00,120.00) startOffset 0 endOffset 11 width 101.00: "just a text"
      RenderSVGText {text} at (2400,101) size 101x24 contains 1 chunk(s)
        RenderSVGInlineText {#text} at (0,0) size 101x24
          chunk 1 text run 1 at (2400.00,120.00) startOffset 0 endOffset 11 width 101.00: "just a text"
      RenderSVGText {text} at (2500,101) size 101x24 contains 1 chunk(s)
        RenderSVGInlineText {#text} at (0,0) size 101x24
          chunk 1 text run 1 at (2500.00,120.00) startOffset 0 endOffset 11 width 101.00: "just a text"
      RenderSVGText {text} at (2600,101) size 101x24 contains 1 chunk(s)
        RenderSVGInlineText {#text} at (0,0) size 101x24
          chunk 1 text run 1 at (2600.00,120.00) startOffset 0 endOffset 11 width 101.00: "just a text"
      RenderSVGText {text} at (2700,101) size 101x24 contains 1 chunk(s)
        RenderSVGInlineText {#text} at (0,0) size 101x24
          chunk 1 text run 1 at (2700.00,120.00) startOffset 0 endOffset 11 width 101.00: "just a text"
      RenderSVGText {text} at (2800,101) size 101x24 contains 1 chunk(s)
        RenderSVGInlineText {#text} at (0,0) size 101x24
          chunk 1 text run 1 at (2800.00,120.00) startOffset 0 endOffset 11 width 101.00: "just a text"
      RenderSVGText {text} at (2900,101) size 101x24 contains 1 chunk(s)
        RenderSVGInlineText {#text} at (0,0) size 101x24
          chunk 1 text run 1 at (2900.00,120.00) startOffset 0 endOffset 11 width 101.00: "just a text"
      RenderSVGText {text} at (3000,101) size 101x24 contains 1 chunk(s)
        RenderSVGInlineText {#text} at (0,0) size 101x24
          chunk 1 text run 1 at (3000.00,120.00) startOffset 0 endOffset 11 width 101.00: "just a text"
      RenderSVGText {text} at (3100,101) size 101x24 contains 1 chunk(s)
        RenderSVGInlineText {#text} at (0,0) size 101x24
          chunk 1 text run 1 at (3100.00,120.00) startOffset 0 endOffset 11 width 101.00: "just a text"
      RenderSVGText {text} at (3200,101) size 101x24 contains 1 chunk(s)
        RenderSVGInlineText {#text} at (0,0) size 101x24
          chunk 1 text run 1 at (3200.00,120.00) startOffset 0 endOffset 11 width 101.00: "just a text"
      RenderSVGText {text} at (3300,101) size 101x24 contains 1 chunk(s)
        RenderSVGInlineText {#text} at (0,0) size 101x24
          chunk 1 text run 1 at (3300.00,120.00) startOffset 0 endOffset 11 width 101.00: "just a text"
      RenderSVGText {text} at (3400,101) size 101x24 contains 1 chunk(s)
        RenderSVGInlineText {#text} at (0,0) size 101x24
          chunk 1 text run 1 at (3400.00,120.00) startOffset 0 endOffset 11 width 101.00: "just a text"
      RenderSVGText {text} at (3500,101) size 101x24 contains 1 chunk(s)
        RenderSVGInlineText {#text} at (0,0) size 101x24
          chunk 1 text run 1 at (3500.00,120.00) startOffset 0 endOffset 11 width 101.00: "just a text"
      RenderSVGText {text} at (3600,101) size 101x24 contains 1 chunk(s)
        RenderSVGInlineText {#text} at (0,0) size 101x24
          chunk 1 text run 1 at (3600.00,120.00) startOffset 0 endOffset 11 width 101.00: "just a text"
      RenderSVGText {text} at (3700,101) size 101x24 contains 1 chunk(s)
        RenderSVGInlineText {#text} at (0,0) size 101x24
          chunk 1 text run 1 at (3700.00,120.00) startOffset 0 endOffset 11 width 101.00: "just a text"
      RenderSVGText {text} at (3800,101) size 101x24 contains 1 chunk(s)
        RenderSVGInlineText {#text} at (0,0) size 101x24
          chunk 1 text run 1 at (3800.00,120.00) startOffset 0 endOffset 11 width 101.00: "just a text"
      RenderSVGText {text} at (3900,101) size 101x24 contains 1 chunk(s)
        RenderSVGInlineText {#text} at (0,0) size 101x24
          chunk 1 text run 1 at (3900.00,120.00) startOffset 0 endOffset 11 width 101.00: "just a text"
      RenderSVGText {text} at (4000,101) size 101x24 contains 1 chunk(s)
        RenderSVGInlineText {#text} at (0,0) size 101x24
          chunk 1 text run 1 at (4000.00,120.00) startOffset 0 endOffset 11 width 101.00: "just a text"
      RenderSVGText {text} at (4100,101) size 101x24 contains 1 chunk(s)
        RenderSVGInlineText {#text} at (0,0) size 101x24
          chunk 1 text run 1 at (4100.00,120.00) startOffset 0 endOffset 11 width 101.00: "just a text"
      RenderSVGText {text} at (4200,101) size 101x24 contains 1 chunk(s)
        RenderSVGInlineText {#text} at (0,0) size 101x24
          chunk 1 text run 1 at (4200.00,120.00) startOffset 0 endOffset 11 width 101.00: "just a text"
      RenderSVGText {text} at (4300,101) size 101x24 contains 1 chunk(s)
        RenderSVGInlineText {#text} at (0,0) size 101x24
          chunk 1 text run 1 at (4300.00,120.00) startOffset 0 endOffset 11 width 101.00: "just a text"
      RenderSVGText {text} at (4400,101) size 101x24 contains 1 chunk(s)
        RenderSVGInlineText {#text} at (0,0) size 101x24
          chunk 1 text run 1 at (4400.00,120.00) startOffset 0 endOffset 11 width 101.00: "just a text"
      RenderSVGText {text} at (4500,101) size 101x24 contains 1 chunk(s)
        RenderSVGInlineText {#text} at (0,0) size 101x24
          chunk 1 text run 1 at (4500.00,120.00) startOffset 0 endOffset 11 width 101.00: "just a text"
      RenderSVGText {text} at (4600,101) size 101x24 contains 1 chunk(s)
        RenderSVGInlineText {#text} at (0,0) size 101x24
          chunk 1 text run 1 at (4600.00,120.00) startOffset 0 endOffset 11 width 101.00: "just a text"
      RenderSVGText {text} at (4700,101) size 101x24 contains 1 chunk(s)
        RenderSVGInlineText {#text} at (0,0) size 101x24
          chunk 1 text run 1 at (4700.00,120.00) startOffset 0 endOffset 11 width 101.00: "just a text"
      RenderSVGText {text} at (4800,101) size 101x24 contains 1 chunk(s)
        RenderSVGInlineText {#text} at (0,0) size 101x24
          chunk 1 text run 1 at (4800.00,120.00) startOffset 0 endOffset 11 width 101.00: "just a text"
      RenderSVGText {text} at (4900,101) size 101x24 contains 1 chunk(s)
        RenderSVGInlineText {#text} at (0,0) size 101x24
          chunk 1 text run 1 at (4900.00,120.00) startOffset 0 endOffset 11 width 101.00: "just a text"
      RenderSVGText {text} at (0,201) size 101x24 contains 1 chunk(s)
        RenderSVGInlineText {#text} at (0,0) size 101x24
          chunk 1 text run 1 at (0.00,220.00) startOffset 0 endOffset 11 width 101.00: "just a text"
      RenderSVGText {text} at (100,201) size 101x24 contains 1 chunk(s)
        RenderSVGInlineText {#text} at (0,0) size 101x24
          chunk 1 text run 1 at (100.00,220.00) startOffset 0 endOffset 11 width 101.00: "just a text"
      RenderSVGText {text} at (200,201) size 101x24 contains 1 chunk(s)
        RenderSVGInlineText {#text} at (0,0) size 101x24
          chunk 1 text run 1 at (200.00,220.00) startOffset 0 endOffset 11 width 101.00: "just a text"
      RenderSVGText {text} at (300,201) size 101x24 contains 1 chunk(s)
        RenderSVGInlineText {#text} at (0,0) size 101x24
          chunk 1 text run 1 at (300.00,220.00) startOffset 0 endOffset 11 width 101.00: "just a text"
      RenderSVGText {text} at (400,201) size 101x24 contains 1 chunk(s)
        RenderSVGInlineText {#text} at (0,0) size 101x24
          chunk 1 text run 1 at (400.00,220.00) startOffset 0 endOffset 11 width 101.00: "just a text"
      RenderSVGText {text} at (500,201) size 101x24 contains 1 chunk(s)
        RenderSVGInlineText {#text} at (0,0) size 101x24
          chunk 1 text run 1 at (500.00,220.00) startOffset 0 endOffset 11 width 101.00: "just a text"
      RenderSVGText {text} at (600,201) size 101x24 contains 1 chunk(s)
        RenderSVGInlineText {#text} at (0,0) size 101x24
          chunk 1 text run 1 at (600.00,220.00) startOffset 0 endOffset 11 width 101.00: "just a text"
      RenderSVGText {text} at (700,201) size 101x24 contains 1 chunk(s)
        RenderSVGInlineText {#text} at (0,0) size 101x24
          chunk 1 text run 1 at (700.00,220.00) startOffset 0 endOffset 11 width 101.00: "just a text"
      RenderSVGText {text} at (800,201) size 101x24 contains 1 chunk(s)
        RenderSVGInlineText {#text} at (0,0) size 101x24
          chunk 1 text run 1 at (800.00,220.00) startOffset 0 endOffset 11 width 101.00: "just a text"
      RenderSVGText {text} at (900,201) size 101x24 contains 1 chunk(s)
        RenderSVGInlineText {#text} at (0,0) size 101x24
          chunk 1 text run 1 at (900.00,220.00) startOffset 0 endOffset 11 width 101.00: "just a text"
      RenderSVGText {text} at (1000,201) size 101x24 contains 1 chunk(s)
        RenderSVGInlineText {#text} at (0,0) size 101x24
          chunk 1 text run 1 at (1000.00,220.00) startOffset 0 endOffset 11 width 101.00: "just a text"
      RenderSVGText {text} at (1100,201) size 101x24 contains 1 chunk(s)
        RenderSVGInlineText {#text} at (0,0) size 101x24
          chunk 1 text run 1 at (1100.00,220.00) startOffset 0 endOffset 11 width 101.00: "just a text"
      RenderSVGText {text} at (1200,201) size 101x24 contains 1 chunk(s)
        RenderSVGInlineText {#text} at (0,0) size 101x24
          chunk 1 text run 1 at (1200.00,220.00) startOffset 0 endOffset 11 width 101.00: "just a text"
      RenderSVGText {text} at (1300,201) size 101x24 contains 1 chunk(s)
        RenderSVGInlineText {#text} at (0,0) size 101x24
          chunk 1 text run 1 at (1300.00,220.00) startOffset 0 endOffset 11 width 101.00: "just a text"
      RenderSVGText {text} at (1400,201) size 101x24 contains 1 chunk(s)
        RenderSVGInlineText {#text} at (0,0) size 101x24
          chunk 1 text run 1 at (1400.00,220.00) startOffset 0 endOffset 11 width 101.00: "just a text"
      RenderSVGText {text} at (1500,201) size 101x24 contains 1 chunk(s)
        RenderSVGInlineText {#text} at (0,0) size 101x24
          chunk 1 text run 1 at (1500.00,220.00) startOffset 0 endOffset 11 width 101.00: "just a text"
      RenderSVGText {text} at (1600,201) size 101x24 contains 1 chunk(s)
        RenderSVGInlineText {#text} at (0,0) size 101x24
          chunk 1 text run 1 at (1600.00,220.00) startOffset 0 endOffset 11 width 101.00: "just a text"
      RenderSVGText {text} at (1700,201) size 101x24 contains 1 chunk(s)
        RenderSVGInlineText {#text} at (0,0) size 101x24
          chunk 1 text run 1 at (1700.00,220.00) startOffset 0 endOffset 11 width 101.00: "just a text"
      RenderSVGText {text} at (1800,201) size 101x24 contains 1 chunk(s)
        RenderSVGInlineText {#text} at (0,0) size 101x24
          chunk 1 text run 1 at (1800.00,220.00) startOffset 0 endOffset 11 width 101.00: "just a text"
      RenderSVGText {text} at (1900,201) size 101x24 contains 1 chunk(s)
        RenderSVGInlineText {#text} at (0,0) size 101x24
          chunk 1 text run 1 at (1900.00,220.00) startOffset 0 endOffset 11 width 101.00: "just a text"
      RenderSVGText {text} at (2000,201) size 101x24 contains 1 chunk(s)
        RenderSVGInlineText {#text} at (0,0) size 101x24
          chunk 1 text run 1 at (2000.00,220.00) startOffset 0 endOffset 11 width 101.00: "just a text"
      RenderSVGText {text} at (2100,201) size 101x24 contains 1 chunk(s)
        RenderSVGInlineText {#text} at (0,0) size 101x24
          chunk 1 text run 1 at (2100.00,220.00) startOffset 0 endOffset 11 width 101.00: "just a text"
      RenderSVGText {text} at (2200,201) size 101x24 contains 1 chunk(s)
        RenderSVGInlineText {#text} at (0,0) size 101x24
          chunk 1 text run 1 at (2200.00,220.00) startOffset 0 endOffset 11 width 101.00: "just a text"
      RenderSVGText {text} at (2300,201) size 101x24 contains 1 chunk(s)
        RenderSVGInlineText {#text} at (0,0) size 101x24
          chunk 1 text run 1 at (2300.00,220.00) startOffset 0 endOffset 11 width 101.00: "just a text"
      RenderSVGText {text} at (2400,201) size 101x24 contains 1 chunk(s)
        RenderSVGInlineText {#text} at (0,0) size 101x24
          chunk 1 text run 1 at (2400.00,220.00) startOffset 0 endOffset 11 width 101.00: "just a text"
      RenderSVGText {text} at (2500,201) size 101x24 contains 1 chunk(s)
        RenderSVGInlineText {#text} at (0,0) size 101x24
          chunk 1 text run 1 at (2500.00,220.00) startOffset 0 endOffset 11 width 101.00: "just a text"
      RenderSVGText {text} at (2600,201) size 101x24 contains 1 chunk(s)
        RenderSVGInlineText {#text} at (0,0) size 101x24
          chunk 1 text run 1 at (2600.00,220.00) startOffset 0 endOffset 11 width 101.00: "just a text"
      RenderSVGText {text} at (2700,201) size 101x24 contains 1 chunk(s)
        RenderSVGInlineText {#text} at (0,0) size 101x24
          chunk 1 text run 1 at (2700.00,220.00) startOffset 0 endOffset 11 width 101.00: "just a text"
      RenderSVGText {text} at (2800,201) size 101x24 contains 1 chunk(s)
        RenderSVGInlineText {#text} at (0,0) size 101x24
          chunk 1 text run 1 at (2800.00,220.00) startOffset 0 endOffset 11 width 101.00: "just a text"
      RenderSVGText {text} at (2900,201) size 101x24 contains 1 chunk(s)
        RenderSVGInlineText {#text} at (0,0) size 101x24
          chunk 1 text run 1 at (2900.00,220.00) startOffset 0 endOffset 11 width 101.00: "just a text"
      RenderSVGText {text} at (3000,201) size 101x24 contains 1 chunk(s)
        RenderSVGInlineText {#text} at (0,0) size 101x24
          chunk 1 text run 1 at (3000.00,220.00) startOffset 0 endOffset 11 width 101.00: "just a text"
      RenderSVGText {text} at (3100,201) size 101x24 contains 1 chunk(s)
        RenderSVGInlineText {#text} at (0,0) size 101x24
          chunk 1 text run 1 at (3100.00,220.00) startOffset 0 endOffset 11 width 101.00: "just a text"
      RenderSVGText {text} at (3200,201) size 101x24 contains 1 chunk(s)
        RenderSVGInlineText {#text} at (0,0) size 101x24
          chunk 1 text run 1 at (3200.00,220.00) startOffset 0 endOffset 11 width 101.00: "just a text"
      RenderSVGText {text} at (3300,201) size 101x24 contains 1 chunk(s)
        RenderSVGInlineText {#text} at (0,0) size 101x24
          chunk 1 text run 1 at (3300.00,220.00) startOffset 0 endOffset 11 width 101.00: "just a text"
      RenderSVGText {text} at (3400,201) size 101x24 contains 1 chunk(s)
        RenderSVGInlineText {#text} at (0,0) size 101x24
          chunk 1 text run 1 at (3400.00,220.00) startOffset 0 endOffset 11 width 101.00: "just a text"
      RenderSVGText {text} at (3500,201) size 101x24 contains 1 chunk(s)
        RenderSVGInlineText {#text} at (0,0) size 101x24
          chunk 1 text run 1 at (3500.00,220.00) startOffset 0 endOffset 11 width 101.00: "just a text"
      RenderSVGText {text} at (3600,201) size 101x24 contains 1 chunk(s)
        RenderSVGInlineText {#text} at (0,0) size 101x24
          chunk 1 text run 1 at (3600.00,220.00) startOffset 0 endOffset 11 width 101.00: "just a text"
      RenderSVGText {text} at (3700,201) size 101x24 contains 1 chunk(s)
        RenderSVGInlineText {#text} at (0,0) size 101x24
          chunk 1 text run 1 at (3700.00,220.00) startOffset 0 endOffset 11 width 101.00: "just a text"
      RenderSVGText {text} at (3800,201) size 101x24 contains 1 chunk(s)
        RenderSVGInlineText {#text} at (0,0) size 101x24
          chunk 1 text run 1 at (3800.00,220.00) startOffset 0 endOffset 11 width 101.00: "just a text"
      RenderSVGText {text} at (3900,201) size 101x24 contains 1 chunk(s)
        RenderSVGInlineText {#text} at (0,0) size 101x24
          chunk 1 text run 1 at (3900.00,220.00) startOffset 0 endOffset 11 width 101.00: "just a text"
      RenderSVGText {text} at (4000,201) size 101x24 contains 1 chunk(s)
        RenderSVGInlineText {#text} at (0,0) size 101x24
          chunk 1 text run 1 at (4000.00,220.00) startOffset 0 endOffset 11 width 101.00: "just a text"
      RenderSVGText {text} at (4100,201) size 101x24 contains 1 chunk(s)
        RenderSVGInlineText {#text} at (0,0) size 101x24
          chunk 1 text run 1 at (4100.00,220.00) startOffset 0 endOffset 11 width 101.00: "just a text"
      RenderSVGText {text} at (4200,201) size 101x24 contains 1 chunk(s)
        RenderSVGInlineText {#text} at (0,0) size 101x24
          chunk 1 text run 1 at (4200.00,220.00) startOffset 0 endOffset 11 width 101.00: "just a text"
      RenderSVGText {text} at (4300,201) size 101x24 contains 1 chunk(s)
        RenderSVGInlineText {#text} at (0,0) size 101x24
          chunk 1 text run 1 at (4300.00,220.00) startOffset 0 endOffset 11 width 101.00: "just a text"
      RenderSVGText {text} at (4400,201) size 101x24 contains 1 chunk(s)
        RenderSVGInlineText {#text} at (0,0) size 101x24
          chunk 1 text run 1 at (4400.00,220.00) startOffset 0 endOffset 11 width 101.00: "just a text"
      RenderSVGText {text} at (4500,201) size 101x24 contains 1 chunk(s)
        RenderSVGInlineText {#text} at (0,0) size 101x24
          chunk 1 text run 1 at (4500.00,220.00) startOffset 0 endOffset 11 width 101.00: "just a text"
      RenderSVGText {text} at (4600,201) size 101x24 contains 1 chunk(s)
        RenderSVGInlineText {#text} at (0,0) size 101x24
          chunk 1 text run 1 at (4600.00,220.00) startOffset 0 endOffset 11 width 101.00: "just a text"
      RenderSVGText {text} at (4700,201) size 101x24 contains 1 chunk(s)
        RenderSVGInlineText {#text} at (0,0) size 101x24
          chunk 1 text run 1 at (4700.00,220.00) startOffset 0 endOffset 11 width 101.00: "just a text"
      RenderSVGText {text} at (4800,201) size 101x24 contains 1 chunk(s)
        RenderSVGInlineText {#text} at (0,0) size 101x24
          chunk 1 text run 1 at (4800.00,220.00) startOffset 0 endOffset 11 width 101.00: "just a text"
      RenderSVGText {text} at (4900,201) size 101x24 contains 1 chunk(s)
        RenderSVGInlineText {#text} at (0,0) size 101x24
          chunk 1 text run 1 at (4900.00,220.00) startOffset 0 endOffset 11 width 101.00: "just a text"
      RenderSVGText {text} at (0,301) size 101x24 contains 1 chunk(s)
        RenderSVGInlineText {#text} at (0,0) size 101x24
          chunk 1 text run 1 at (0.00,320.00) startOffset 0 endOffset 11 width 101.00: "just a text"
      RenderSVGText {text} at (100,301) size 101x24 contains 1 chunk(s)
        RenderSVGInlineText {#text} at (0,0) size 101x24
          chunk 1 text run 1 at (100.00,320.00) startOffset 0 endOffset 11 width 101.00: "just a text"
      RenderSVGText {text} at (200,301) size 101x24 contains 1 chunk(s)
        RenderSVGInlineText {#text} at (0,0) size 101x24
          chunk 1 text run 1 at (200.00,320.00) startOffset 0 endOffset 11 width 101.00: "just a text"
      RenderSVGText {text} at (300,301) size 101x24 contains 1 chunk(s)
        RenderSVGInlineText {#text} at (0,0) size 101x24
          chunk 1 text run 1 at (300.00,320.00) startOffset 0 endOffset 11 width 101.00: "just a text"
      RenderSVGText {text} at (400,301) size 101x24 contains 1 chunk(s)
        RenderSVGInlineText {#text} at (0,0) size 101x24
          chunk 1 text run 1 at (400.00,320.00) startOffset 0 endOffset 11 width 101.00: "just a text"
      RenderSVGText {text} at (500,301) size 101x24 contains 1 chunk(s)
        RenderSVGInlineText {#text} at (0,0) size 101x24
          chunk 1 text run 1 at (500.00,320.00) startOffset 0 endOffset 11 width 101.00: "just a text"
      RenderSVGText {text} at (600,301) size 101x24 contains 1 chunk(s)
        RenderSVGInlineText {#text} at (0,0) size 101x24
          chunk 1 text run 1 at (600.00,320.00) startOffset 0 endOffset 11 width 101.00: "just a text"
      RenderSVGText {text} at (700,301) size 101x24 contains 1 chunk(s)
        RenderSVGInlineText {#text} at (0,0) size 101x24
          chunk 1 text run 1 at (700.00,320.00) startOffset 0 endOffset 11 width 101.00: "just a text"
      RenderSVGText {text} at (800,301) size 101x24 contains 1 chunk(s)
        RenderSVGInlineText {#text} at (0,0) size 101x24
          chunk 1 text run 1 at (800.00,320.00) startOffset 0 endOffset 11 width 101.00: "just a text"
      RenderSVGText {text} at (900,301) size 101x24 contains 1 chunk(s)
        RenderSVGInlineText {#text} at (0,0) size 101x24
          chunk 1 text run 1 at (900.00,320.00) startOffset 0 endOffset 11 width 101.00: "just a text"
      RenderSVGText {text} at (1000,301) size 101x24 contains 1 chunk(s)
        RenderSVGInlineText {#text} at (0,0) size 101x24
          chunk 1 text run 1 at (1000.00,320.00) startOffset 0 endOffset 11 width 101.00: "just a text"
      RenderSVGText {text} at (1100,301) size 101x24 contains 1 chunk(s)
        RenderSVGInlineText {#text} at (0,0) size 101x24
          chunk 1 text run 1 at (1100.00,320.00) startOffset 0 endOffset 11 width 101.00: "just a text"
      RenderSVGText {text} at (1200,301) size 101x24 contains 1 chunk(s)
        RenderSVGInlineText {#text} at (0,0) size 101x24
          chunk 1 text run 1 at (1200.00,320.00) startOffset 0 endOffset 11 width 101.00: "just a text"
      RenderSVGText {text} at (1300,301) size 101x24 contains 1 chunk(s)
        RenderSVGInlineText {#text} at (0,0) size 101x24
          chunk 1 text run 1 at (1300.00,320.00) startOffset 0 endOffset 11 width 101.00: "just a text"
      RenderSVGText {text} at (1400,301) size 101x24 contains 1 chunk(s)
        RenderSVGInlineText {#text} at (0,0) size 101x24
          chunk 1 text run 1 at (1400.00,320.00) startOffset 0 endOffset 11 width 101.00: "just a text"
      RenderSVGText {text} at (1500,301) size 101x24 contains 1 chunk(s)
        RenderSVGInlineText {#text} at (0,0) size 101x24
          chunk 1 text run 1 at (1500.00,320.00) startOffset 0 endOffset 11 width 101.00: "just a text"
      RenderSVGText {text} at (1600,301) size 101x24 contains 1 chunk(s)
        RenderSVGInlineText {#text} at (0,0) size 101x24
          chunk 1 text run 1 at (1600.00,320.00) startOffset 0 endOffset 11 width 101.00: "just a text"
      RenderSVGText {text} at (1700,301) size 101x24 contains 1 chunk(s)
        RenderSVGInlineText {#text} at (0,0) size 101x24
          chunk 1 text run 1 at (1700.00,320.00) startOffset 0 endOffset 11 width 101.00: "just a text"
      RenderSVGText {text} at (1800,301) size 101x24 contains 1 chunk(s)
        RenderSVGInlineText {#text} at (0,0) size 101x24
          chunk 1 text run 1 at (1800.00,320.00) startOffset 0 endOffset 11 width 101.00: "just a text"
      RenderSVGText {text} at (1900,301) size 101x24 contains 1 chunk(s)
        RenderSVGInlineText {#text} at (0,0) size 101x24
          chunk 1 text run 1 at (1900.00,320.00) startOffset 0 endOffset 11 width 101.00: "just a text"
      RenderSVGText {text} at (2000,301) size 101x24 contains 1 chunk(s)
        RenderSVGInlineText {#text} at (0,0) size 101x24
          chunk 1 text run 1 at (2000.00,320.00) startOffset 0 endOffset 11 width 101.00: "just a text"
      RenderSVGText {text} at (2100,301) size 101x24 contains 1 chunk(s)
        RenderSVGInlineText {#text} at (0,0) size 101x24
          chunk 1 text run 1 at (2100.00,320.00) startOffset 0 endOffset 11 width 101.00: "just a text"
      RenderSVGText {text} at (2200,301) size 101x24 contains 1 chunk(s)
        RenderSVGInlineText {#text} at (0,0) size 101x24
          chunk 1 text run 1 at (2200.00,320.00) startOffset 0 endOffset 11 width 101.00: "just a text"
      RenderSVGText {text} at (2300,301) size 101x24 contains 1 chunk(s)
        RenderSVGInlineText {#text} at (0,0) size 101x24
          chunk 1 text run 1 at (2300.00,320.00) startOffset 0 endOffset 11 width 101.00: "just a text"
      RenderSVGText {text} at (2400,301) size 101x24 contains 1 chunk(s)
        RenderSVGInlineText {#text} at (0,0) size 101x24
          chunk 1 text run 1 at (2400.00,320.00) startOffset 0 endOffset 11 width 101.00: "just a text"
      RenderSVGText {text} at (2500,301) size 101x24 contains 1 chunk(s)
        RenderSVGInlineText {#text} at (0,0) size 101x24
          chunk 1 text run 1 at (2500.00,320.00) startOffset 0 endOffset 11 width 101.00: "just a text"
      RenderSVGText {text} at (2600,301) size 101x24 contains 1 chunk(s)
        RenderSVGInlineText {#text} at (0,0) size 101x24
          chunk 1 text run 1 at (2600.00,320.00) startOffset 0 endOffset 11 width 101.00: "just a text"
      RenderSVGText {text} at (2700,301) size 101x24 contains 1 chunk(s)
        RenderSVGInlineText {#text} at (0,0) size 101x24
          chunk 1 text run 1 at (2700.00,320.00) startOffset 0 endOffset 11 width 101.00: "just a text"
      RenderSVGText {text} at (2800,301) size 101x24 contains 1 chunk(s)
        RenderSVGInlineText {#text} at (0,0) size 101x24
          chunk 1 text run 1 at (2800.00,320.00) startOffset 0 endOffset 11 width 101.00: "just a text"
      RenderSVGText {text} at (2900,301) size 101x24 contains 1 chunk(s)
        RenderSVGInlineText {#text} at (0,0) size 101x24
          chunk 1 text run 1 at (2900.00,320.00) startOffset 0 endOffset 11 width 101.00: "just a text"
      RenderSVGText {text} at (3000,301) size 101x24 contains 1 chunk(s)
        RenderSVGInlineText {#text} at (0,0) size 101x24
          chunk 1 text run 1 at (3000.00,320.00) startOffset 0 endOffset 11 width 101.00: "just a text"
      RenderSVGText {text} at (3100,301) size 101x24 contains 1 chunk(s)
        RenderSVGInlineText {#text} at (0,0) size 101x24
          chunk 1 text run 1 at (3100.00,320.00) startOffset 0 endOffset 11 width 101.00: "just a text"
      RenderSVGText {text} at (3200,301) size 101x24 contains 1 chunk(s)
        RenderSVGInlineText {#text} at (0,0) size 101x24
          chunk 1 text run 1 at (3200.00,320.00) startOffset 0 endOffset 11 width 101.00: "just a text"
      RenderSVGText {text} at (3300,301) size 101x24 contains 1 chunk(s)
        RenderSVGInlineText {#text} at (0,0) size 101x24
          chunk 1 text run 1 at (3300.00,320.00) startOffset 0 endOffset 11 width 101.00: "just a text"
      RenderSVGText {text} at (3400,301) size 101x24 contains 1 chunk(s)
        RenderSVGInlineText {#text} at (0,0) size 101x24
          chunk 1 text run 1 at (3400.00,320.00) startOffset 0 endOffset 11 width 101.00: "just a text"
      RenderSVGText {text} at (3500,301) size 101x24 contains 1 chunk(s)
        RenderSVGInlineText {#text} at (0,0) size 101x24
          chunk 1 text run 1 at (3500.00,320.00) startOffset 0 endOffset 11 width 101.00: "just a text"
      RenderSVGText {text} at (3600,301) size 101x24 contains 1 chunk(s)
        RenderSVGInlineText {#text} at (0,0) size 101x24
          chunk 1 text run 1 at (3600.00,320.00) startOffset 0 endOffset 11 width 101.00: "just a text"
      RenderSVGText {text} at (3700,301) size 101x24 contains 1 chunk(s)
        RenderSVGInlineText {#text} at (0,0) size 101x24
          chunk 1 text run 1 at (3700.00,320.00) startOffset 0 endOffset 11 width 101.00: "just a text"
      RenderSVGText {text} at (3800,301) size 101x24 contains 1 chunk(s)
        RenderSVGInlineText {#text} at (0,0) size 101x24
          chunk 1 text run 1 at (3800.00,320.00) startOffset 0 endOffset 11 width 101.00: "just a text"
      RenderSVGText {text} at (3900,301) size 101x24 contains 1 chunk(s)
        RenderSVGInlineText {#text} at (0,0) size 101x24
          chunk 1 text run 1 at (3900.00,320.00) startOffset 0 endOffset 11 width 101.00: "just a text"
      RenderSVGText {text} at (4000,301) size 101x24 contains 1 chunk(s)
        RenderSVGInlineText {#text} at (0,0) size 101x24
          chunk 1 text run 1 at (4000.00,320.00) startOffset 0 endOffset 11 width 101.00: "just a text"
      RenderSVGText {text} at (4100,301) size 101x24 contains 1 chunk(s)
        RenderSVGInlineText {#text} at (0,0) size 101x24
          chunk 1 text run 1 at (4100.00,320.00) startOffset 0 endOffset 11 width 101.00: "just a text"
      RenderSVGText {text} at (4200,301) size 101x24 contains 1 chunk(s)
        RenderSVGInlineText {#text} at (0,0) size 101x24
          chunk 1 text run 1 at (4200.00,320.00) startOffset 0 endOffset 11 width 101.00: "just a text"
      RenderSVGText {text} at (4300,301) size 101x24 contains 1 chunk(s)
        RenderSVGInlineText {#text} at (0,0) size 101x24
          chunk 1 text run 1 at (4300.00,320.00) startOffset 0 endOffset 11 width 101.00: "just a text"
      RenderSVGText {text} at (4400,301) size 101x24 contains 1 chunk(s)
        RenderSVGInlineText {#text} at (0,0) size 101x24
          chunk 1 text run 1 at (4400.00,320.00) startOffset 0 endOffset 11 width 101.00: "just a text"
      RenderSVGText {text} at (4500,301) size 101x24 contains 1 chunk(s)
        RenderSVGInlineText {#text} at (0,0) size 101x24
          chunk 1 text run 1 at (4500.00,320.00) startOffset 0 endOffset 11 width 101.00: "just a text"
      RenderSVGText {text} at (4600,301) size 101x24 contains 1 chunk(s)
        RenderSVGInlineText {#text} at (0,0) size 101x24
          chunk 1 text run 1 at (4600.00,320.00) startOffset 0 endOffset 11 width 101.00: "just a text"
      RenderSVGText {text} at (4700,301) size 101x24 contains 1 chunk(s)
        RenderSVGInlineText {#text} at (0,0) size 101x24
          chunk 1 text run 1 at (4700.00,320.00) startOffset 0 endOffset 11 width 101.00: "just a text"
      RenderSVGText {text} at (4800,301) size 101x24 contains 1 chunk(s)
        RenderSVGInlineText {#text} at (0,0) size 101x24
          chunk 1 text run 1 at (4800.00,320.00) startOffset 0 endOffset 11 width 101.00: "just a text"
      RenderSVGText {text} at (4900,301) size 101x24 contains 1 chunk(s)
        RenderSVGInlineText {#text} at (0,0) size 101x24
          chunk 1 text run 1 at (4900.00,320.00) startOffset 0 endOffset 11 width 101.00: "just a text"
      RenderSVGText {text} at (0,401) size 101x24 contains 1 chunk(s)
        RenderSVGInlineText {#text} at (0,0) size 101x24
          chunk 1 text run 1 at (0.00,420.00) startOffset 0 endOffset 11 width 101.00: "just a text"
      RenderSVGText {text} at (100,401) size 101x24 contains 1 chunk(s)
        RenderSVGInlineText {#text} at (0,0) size 101x24
          chunk 1 text run 1 at (100.00,420.00) startOffset 0 endOffset 11 width 101.00: "just a text"
      RenderSVGText {text} at (200,401) size 101x24 contains 1 chunk(s)
        RenderSVGInlineText {#text} at (0,0) size 101x24
          chunk 1 text run 1 at (200.00,420.00) startOffset 0 endOffset 11 width 101.00: "just a text"
      RenderSVGText {text} at (300,401) size 101x24 contains 1 chunk(s)
        RenderSVGInlineText {#text} at (0,0) size 101x24
          chunk 1 text run 1 at (300.00,420.00) startOffset 0 endOffset 11 width 101.00: "just a text"
      RenderSVGText {text} at (400,401) size 101x24 contains 1 chunk(s)
        RenderSVGInlineText {#text} at (0,0) size 101x24
          chunk 1 text run 1 at (400.00,420.00) startOffset 0 endOffset 11 width 101.00: "just a text"
      RenderSVGText {text} at (500,401) size 101x24 contains 1 chunk(s)
        RenderSVGInlineText {#text} at (0,0) size 101x24
          chunk 1 text run 1 at (500.00,420.00) startOffset 0 endOffset 11 width 101.00: "just a text"
      RenderSVGText {text} at (600,401) size 101x24 contains 1 chunk(s)
        RenderSVGInlineText {#text} at (0,0) size 101x24
          chunk 1 text run 1 at (600.00,420.00) startOffset 0 endOffset 11 width 101.00: "just a text"
      RenderSVGText {text} at (700,401) size 101x24 contains 1 chunk(s)
        RenderSVGInlineText {#text} at (0,0) size 101x24
          chunk 1 text run 1 at (700.00,420.00) startOffset 0 endOffset 11 width 101.00: "just a text"
      RenderSVGText {text} at (800,401) size 101x24 contains 1 chunk(s)
        RenderSVGInlineText {#text} at (0,0) size 101x24
          chunk 1 text run 1 at (800.00,420.00) startOffset 0 endOffset 11 width 101.00: "just a text"
      RenderSVGText {text} at (900,401) size 101x24 contains 1 chunk(s)
        RenderSVGInlineText {#text} at (0,0) size 101x24
          chunk 1 text run 1 at (900.00,420.00) startOffset 0 endOffset 11 width 101.00: "just a text"
      RenderSVGText {text} at (1000,401) size 101x24 contains 1 chunk(s)
        RenderSVGInlineText {#text} at (0,0) size 101x24
          chunk 1 text run 1 at (1000.00,420.00) startOffset 0 endOffset 11 width 101.00: "just a text"
      RenderSVGText {text} at (1100,401) size 101x24 contains 1 chunk(s)
        RenderSVGInlineText {#text} at (0,0) size 101x24
          chunk 1 text run 1 at (1100.00,420.00) startOffset 0 endOffset 11 width 101.00: "just a text"
      RenderSVGText {text} at (1200,401) size 101x24 contains 1 chunk(s)
        RenderSVGInlineText {#text} at (0,0) size 101x24
          chunk 1 text run 1 at (1200.00,420.00) startOffset 0 endOffset 11 width 101.00: "just a text"
      RenderSVGText {text} at (1300,401) size 101x24 contains 1 chunk(s)
        RenderSVGInlineText {#text} at (0,0) size 101x24
          chunk 1 text run 1 at (1300.00,420.00) startOffset 0 endOffset 11 width 101.00: "just a text"
      RenderSVGText {text} at (1400,401) size 101x24 contains 1 chunk(s)
        RenderSVGInlineText {#text} at (0,0) size 101x24
          chunk 1 text run 1 at (1400.00,420.00) startOffset 0 endOffset 11 width 101.00: "just a text"
      RenderSVGText {text} at (1500,401) size 101x24 contains 1 chunk(s)
        RenderSVGInlineText {#text} at (0,0) size 101x24
          chunk 1 text run 1 at (1500.00,420.00) startOffset 0 endOffset 11 width 101.00: "just a text"
      RenderSVGText {text} at (1600,401) size 101x24 contains 1 chunk(s)
        RenderSVGInlineText {#text} at (0,0) size 101x24
          chunk 1 text run 1 at (1600.00,420.00) startOffset 0 endOffset 11 width 101.00: "just a text"
      RenderSVGText {text} at (1700,401) size 101x24 contains 1 chunk(s)
        RenderSVGInlineText {#text} at (0,0) size 101x24
          chunk 1 text run 1 at (1700.00,420.00) startOffset 0 endOffset 11 width 101.00: "just a text"
      RenderSVGText {text} at (1800,401) size 101x24 contains 1 chunk(s)
        RenderSVGInlineText {#text} at (0,0) size 101x24
          chunk 1 text run 1 at (1800.00,420.00) startOffset 0 endOffset 11 width 101.00: "just a text"
      RenderSVGText {text} at (1900,401) size 101x24 contains 1 chunk(s)
        RenderSVGInlineText {#text} at (0,0) size 101x24
          chunk 1 text run 1 at (1900.00,420.00) startOffset 0 endOffset 11 width 101.00: "just a text"
      RenderSVGText {text} at (2000,401) size 101x24 contains 1 chunk(s)
        RenderSVGInlineText {#text} at (0,0) size 101x24
          chunk 1 text run 1 at (2000.00,420.00) startOffset 0 endOffset 11 width 101.00: "just a text"
      RenderSVGText {text} at (2100,401) size 101x24 contains 1 chunk(s)
        RenderSVGInlineText {#text} at (0,0) size 101x24
          chunk 1 text run 1 at (2100.00,420.00) startOffset 0 endOffset 11 width 101.00: "just a text"
      RenderSVGText {text} at (2200,401) size 101x24 contains 1 chunk(s)
        RenderSVGInlineText {#text} at (0,0) size 101x24
          chunk 1 text run 1 at (2200.00,420.00) startOffset 0 endOffset 11 width 101.00: "just a text"
      RenderSVGText {text} at (2300,401) size 101x24 contains 1 chunk(s)
        RenderSVGInlineText {#text} at (0,0) size 101x24
          chunk 1 text run 1 at (2300.00,420.00) startOffset 0 endOffset 11 width 101.00: "just a text"
      RenderSVGText {text} at (2400,401) size 101x24 contains 1 chunk(s)
        RenderSVGInlineText {#text} at (0,0) size 101x24
          chunk 1 text run 1 at (2400.00,420.00) startOffset 0 endOffset 11 width 101.00: "just a text"
      RenderSVGText {text} at (2500,401) size 101x24 contains 1 chunk(s)
        RenderSVGInlineText {#text} at (0,0) size 101x24
          chunk 1 text run 1 at (2500.00,420.00) startOffset 0 endOffset 11 width 101.00: "just a text"
      RenderSVGText {text} at (2600,401) size 101x24 contains 1 chunk(s)
        RenderSVGInlineText {#text} at (0,0) size 101x24
          chunk 1 text run 1 at (2600.00,420.00) startOffset 0 endOffset 11 width 101.00: "just a text"
      RenderSVGText {text} at (2700,401) size 101x24 contains 1 chunk(s)
        RenderSVGInlineText {#text} at (0,0) size 101x24
          chunk 1 text run 1 at (2700.00,420.00) startOffset 0 endOffset 11 width 101.00: "just a text"
      RenderSVGText {text} at (2800,401) size 101x24 contains 1 chunk(s)
        RenderSVGInlineText {#text} at (0,0) size 101x24
          chunk 1 text run 1 at (2800.00,420.00) startOffset 0 endOffset 11 width 101.00: "just a text"
      RenderSVGText {text} at (2900,401) size 101x24 contains 1 chunk(s)
        RenderSVGInlineText {#text} at (0,0) size 101x24
          chunk 1 text run 1 at (2900.00,420.00) startOffset 0 endOffset 11 width 101.00: "just a text"
      RenderSVGText {text} at (3000,401) size 101x24 contains 1 chunk(s)
        RenderSVGInlineText {#text} at (0,0) size 101x24
          chunk 1 text run 1 at (3000.00,420.00) startOffset 0 endOffset 11 width 101.00: "just a text"
      RenderSVGText {text} at (3100,401) size 101x24 contains 1 chunk(s)
        RenderSVGInlineText {#text} at (0,0) size 101x24
          chunk 1 text run 1 at (3100.00,420.00) startOffset 0 endOffset 11 width 101.00: "just a text"
      RenderSVGText {text} at (3200,401) size 101x24 contains 1 chunk(s)
        RenderSVGInlineText {#text} at (0,0) size 101x24
          chunk 1 text run 1 at (3200.00,420.00) startOffset 0 endOffset 11 width 101.00: "just a text"
      RenderSVGText {text} at (3300,401) size 101x24 contains 1 chunk(s)
        RenderSVGInlineText {#text} at (0,0) size 101x24
          chunk 1 text run 1 at (3300.00,420.00) startOffset 0 endOffset 11 width 101.00: "just a text"
      RenderSVGText {text} at (3400,401) size 101x24 contains 1 chunk(s)
        RenderSVGInlineText {#text} at (0,0) size 101x24
          chunk 1 text run 1 at (3400.00,420.00) startOffset 0 endOffset 11 width 101.00: "just a text"
      RenderSVGText {text} at (3500,401) size 101x24 contains 1 chunk(s)
        RenderSVGInlineText {#text} at (0,0) size 101x24
          chunk 1 text run 1 at (3500.00,420.00) startOffset 0 endOffset 11 width 101.00: "just a text"
      RenderSVGText {text} at (3600,401) size 101x24 contains 1 chunk(s)
        RenderSVGInlineText {#text} at (0,0) size 101x24
          chunk 1 text run 1 at (3600.00,420.00) startOffset 0 endOffset 11 width 101.00: "just a text"
      RenderSVGText {text} at (3700,401) size 101x24 contains 1 chunk(s)
        RenderSVGInlineText {#text} at (0,0) size 101x24
          chunk 1 text run 1 at (3700.00,420.00) startOffset 0 endOffset 11 width 101.00: "just a text"
      RenderSVGText {text} at (3800,401) size 101x24 contains 1 chunk(s)
        RenderSVGInlineText {#text} at (0,0) size 101x24
          chunk 1 text run 1 at (3800.00,420.00) startOffset 0 endOffset 11 width 101.00: "just a text"
      RenderSVGText {text} at (3900,401) size 101x24 contains 1 chunk(s)
        RenderSVGInlineText {#text} at (0,0) size 101x24
          chunk 1 text run 1 at (3900.00,420.00) startOffset 0 endOffset 11 width 101.00: "just a text"
      RenderSVGText {text} at (4000,401) size 101x24 contains 1 chunk(s)
        RenderSVGInlineText {#text} at (0,0) size 101x24
          chunk 1 text run 1 at (4000.00,420.00) startOffset 0 endOffset 11 width 101.00: "just a text"
      RenderSVGText {text} at (4100,401) size 101x24 contains 1 chunk(s)
        RenderSVGInlineText {#text} at (0,0) size 101x24
          chunk 1 text run 1 at (4100.00,420.00) startOffset 0 endOffset 11 width 101.00: "just a text"
      RenderSVGText {text} at (4200,401) size 101x24 contains 1 chunk(s)
        RenderSVGInlineText {#text} at (0,0) size 101x24
          chunk 1 text run 1 at (4200.00,420.00) startOffset 0 endOffset 11 width 101.00: "just a text"
      RenderSVGText {text} at (4300,401) size 101x24 contains 1 chunk(s)
        RenderSVGInlineText {#text} at (0,0) size 101x24
          chunk 1 text run 1 at (4300.00,420.00) startOffset 0 endOffset 11 width 101.00: "just a text"
      RenderSVGText {text} at (4400,401) size 101x24 contains 1 chunk(s)
        RenderSVGInlineText {#text} at (0,0) size 101x24
          chunk 1 text run 1 at (4400.00,420.00) startOffset 0 endOffset 11 width 101.00: "just a text"
      RenderSVGText {text} at (4500,401) size 101x24 contains 1 chunk(s)
        RenderSVGInlineText {#text} at (0,0) size 101x24
          chunk 1 text run 1 at (4500.00,420.00) startOffset 0 endOffset 11 width 101.00: "just a text"
      RenderSVGText {text} at (4600,401) size 101x24 contains 1 chunk(s)
        RenderSVGInlineText {#text} at (0,0) size 101x24
          chunk 1 text run 1 at (4600.00,420.00) startOffset 0 endOffset 11 width 101.00: "just a text"
      RenderSVGText {text} at (4700,401) size 101x24 contains 1 chunk(s)
        RenderSVGInlineText {#text} at (0,0) size 101x24
          chunk 1 text run 1 at (4700.00,420.00) startOffset 0 endOffset 11 width 101.00: "just a text"
      RenderSVGText {text} at (4800,401) size 101x24 contains 1 chunk(s)
        RenderSVGInlineText {#text} at (0,0) size 101x24
          chunk 1 text run 1 at (4800.00,420.00) startOffset 0 endOffset 11 width 101.00: "just a text"
      RenderSVGText {text} at (4900,401) size 101x24 contains 1 chunk(s)
        RenderSVGInlineText {#text} at (0,0) size 101x24
          chunk 1 text run 1 at (4900.00,420.00) startOffset 0 endOffset 11 width 101.00: "just a text"
      RenderSVGText {text} at (0,501) size 101x24 contains 1 chunk(s)
        RenderSVGInlineText {#text} at (0,0) size 101x24
          chunk 1 text run 1 at (0.00,520.00) startOffset 0 endOffset 11 width 101.00: "just a text"
      RenderSVGText {text} at (100,501) size 101x24 contains 1 chunk(s)
        RenderSVGInlineText {#text} at (0,0) size 101x24
          chunk 1 text run 1 at (100.00,520.00) startOffset 0 endOffset 11 width 101.00: "just a text"
      RenderSVGText {text} at (200,501) size 101x24 contains 1 chunk(s)
        RenderSVGInlineText {#text} at (0,0) size 101x24
          chunk 1 text run 1 at (200.00,520.00) startOffset 0 endOffset 11 width 101.00: "just a text"
      RenderSVGText {text} at (300,501) size 101x24 contains 1 chunk(s)
        RenderSVGInlineText {#text} at (0,0) size 101x24
          chunk 1 text run 1 at (300.00,520.00) startOffset 0 endOffset 11 width 101.00: "just a text"
      RenderSVGText {text} at (400,501) size 101x24 contains 1 chunk(s)
        RenderSVGInlineText {#text} at (0,0) size 101x24
          chunk 1 text run 1 at (400.00,520.00) startOffset 0 endOffset 11 width 101.00: "just a text"
      RenderSVGText {text} at (500,501) size 101x24 contains 1 chunk(s)
        RenderSVGInlineText {#text} at (0,0) size 101x24
          chunk 1 text run 1 at (500.00,520.00) startOffset 0 endOffset 11 width 101.00: "just a text"
      RenderSVGText {text} at (600,501) size 101x24 contains 1 chunk(s)
        RenderSVGInlineText {#text} at (0,0) size 101x24
          chunk 1 text run 1 at (600.00,520.00) startOffset 0 endOffset 11 width 101.00: "just a text"
      RenderSVGText {text} at (700,501) size 101x24 contains 1 chunk(s)
        RenderSVGInlineText {#text} at (0,0) size 101x24
          chunk 1 text run 1 at (700.00,520.00) startOffset 0 endOffset 11 width 101.00: "just a text"
      RenderSVGText {text} at (800,501) size 101x24 contains 1 chunk(s)
        RenderSVGInlineText {#text} at (0,0) size 101x24
          chunk 1 text run 1 at (800.00,520.00) startOffset 0 endOffset 11 width 101.00: "just a text"
      RenderSVGText {text} at (900,501) size 101x24 contains 1 chunk(s)
        RenderSVGInlineText {#text} at (0,0) size 101x24
          chunk 1 text run 1 at (900.00,520.00) startOffset 0 endOffset 11 width 101.00: "just a text"
      RenderSVGText {text} at (1000,501) size 101x24 contains 1 chunk(s)
        RenderSVGInlineText {#text} at (0,0) size 101x24
          chunk 1 text run 1 at (1000.00,520.00) startOffset 0 endOffset 11 width 101.00: "just a text"
      RenderSVGText {text} at (1100,501) size 101x24 contains 1 chunk(s)
        RenderSVGInlineText {#text} at (0,0) size 101x24
          chunk 1 text run 1 at (1100.00,520.00) startOffset 0 endOffset 11 width 101.00: "just a text"
      RenderSVGText {text} at (1200,501) size 101x24 contains 1 chunk(s)
        RenderSVGInlineText {#text} at (0,0) size 101x24
          chunk 1 text run 1 at (1200.00,520.00) startOffset 0 endOffset 11 width 101.00: "just a text"
      RenderSVGText {text} at (1300,501) size 101x24 contains 1 chunk(s)
        RenderSVGInlineText {#text} at (0,0) size 101x24
          chunk 1 text run 1 at (1300.00,520.00) startOffset 0 endOffset 11 width 101.00: "just a text"
      RenderSVGText {text} at (1400,501) size 101x24 contains 1 chunk(s)
        RenderSVGInlineText {#text} at (0,0) size 101x24
          chunk 1 text run 1 at (1400.00,520.00) startOffset 0 endOffset 11 width 101.00: "just a text"
      RenderSVGText {text} at (1500,501) size 101x24 contains 1 chunk(s)
        RenderSVGInlineText {#text} at (0,0) size 101x24
          chunk 1 text run 1 at (1500.00,520.00) startOffset 0 endOffset 11 width 101.00: "just a text"
      RenderSVGText {text} at (1600,501) size 101x24 contains 1 chunk(s)
        RenderSVGInlineText {#text} at (0,0) size 101x24
          chunk 1 text run 1 at (1600.00,520.00) startOffset 0 endOffset 11 width 101.00: "just a text"
      RenderSVGText {text} at (1700,501) size 101x24 contains 1 chunk(s)
        RenderSVGInlineText {#text} at (0,0) size 101x24
          chunk 1 text run 1 at (1700.00,520.00) startOffset 0 endOffset 11 width 101.00: "just a text"
      RenderSVGText {text} at (1800,501) size 101x24 contains 1 chunk(s)
        RenderSVGInlineText {#text} at (0,0) size 101x24
          chunk 1 text run 1 at (1800.00,520.00) startOffset 0 endOffset 11 width 101.00: "just a text"
      RenderSVGText {text} at (1900,501) size 101x24 contains 1 chunk(s)
        RenderSVGInlineText {#text} at (0,0) size 101x24
          chunk 1 text run 1 at (1900.00,520.00) startOffset 0 endOffset 11 width 101.00: "just a text"
      RenderSVGText {text} at (2000,501) size 101x24 contains 1 chunk(s)
        RenderSVGInlineText {#text} at (0,0) size 101x24
          chunk 1 text run 1 at (2000.00,520.00) startOffset 0 endOffset 11 width 101.00: "just a text"
      RenderSVGText {text} at (2100,501) size 101x24 contains 1 chunk(s)
        RenderSVGInlineText {#text} at (0,0) size 101x24
          chunk 1 text run 1 at (2100.00,520.00) startOffset 0 endOffset 11 width 101.00: "just a text"
      RenderSVGText {text} at (2200,501) size 101x24 contains 1 chunk(s)
        RenderSVGInlineText {#text} at (0,0) size 101x24
          chunk 1 text run 1 at (2200.00,520.00) startOffset 0 endOffset 11 width 101.00: "just a text"
      RenderSVGText {text} at (2300,501) size 101x24 contains 1 chunk(s)
        RenderSVGInlineText {#text} at (0,0) size 101x24
          chunk 1 text run 1 at (2300.00,520.00) startOffset 0 endOffset 11 width 101.00: "just a text"
      RenderSVGText {text} at (2400,501) size 101x24 contains 1 chunk(s)
        RenderSVGInlineText {#text} at (0,0) size 101x24
          chunk 1 text run 1 at (2400.00,520.00) startOffset 0 endOffset 11 width 101.00: "just a text"
      RenderSVGText {text} at (2500,501) size 101x24 contains 1 chunk(s)
        RenderSVGInlineText {#text} at (0,0) size 101x24
          chunk 1 text run 1 at (2500.00,520.00) startOffset 0 endOffset 11 width 101.00: "just a text"
      RenderSVGText {text} at (2600,501) size 101x24 contains 1 chunk(s)
        RenderSVGInlineText {#text} at (0,0) size 101x24
          chunk 1 text run 1 at (2600.00,520.00) startOffset 0 endOffset 11 width 101.00: "just a text"
      RenderSVGText {text} at (2700,501) size 101x24 contains 1 chunk(s)
        RenderSVGInlineText {#text} at (0,0) size 101x24
          chunk 1 text run 1 at (2700.00,520.00) startOffset 0 endOffset 11 width 101.00: "just a text"
      RenderSVGText {text} at (2800,501) size 101x24 contains 1 chunk(s)
        RenderSVGInlineText {#text} at (0,0) size 101x24
          chunk 1 text run 1 at (2800.00,520.00) startOffset 0 endOffset 11 width 101.00: "just a text"
      RenderSVGText {text} at (2900,501) size 101x24 contains 1 chunk(s)
        RenderSVGInlineText {#text} at (0,0) size 101x24
          chunk 1 text run 1 at (2900.00,520.00) startOffset 0 endOffset 11 width 101.00: "just a text"
      RenderSVGText {text} at (3000,501) size 101x24 contains 1 chunk(s)
        RenderSVGInlineText {#text} at (0,0) size 101x24
          chunk 1 text run 1 at (3000.00,520.00) startOffset 0 endOffset 11 width 101.00: "just a text"
      RenderSVGText {text} at (3100,501) size 101x24 contains 1 chunk(s)
        RenderSVGInlineText {#text} at (0,0) size 101x24
          chunk 1 text run 1 at (3100.00,520.00) startOffset 0 endOffset 11 width 101.00: "just a text"
      RenderSVGText {text} at (3200,501) size 101x24 contains 1 chunk(s)
        RenderSVGInlineText {#text} at (0,0) size 101x24
          chunk 1 text run 1 at (3200.00,520.00) startOffset 0 endOffset 11 width 101.00: "just a text"
      RenderSVGText {text} at (3300,501) size 101x24 contains 1 chunk(s)
        RenderSVGInlineText {#text} at (0,0) size 101x24
          chunk 1 text run 1 at (3300.00,520.00) startOffset 0 endOffset 11 width 101.00: "just a text"
      RenderSVGText {text} at (3400,501) size 101x24 contains 1 chunk(s)
        RenderSVGInlineText {#text} at (0,0) size 101x24
          chunk 1 text run 1 at (3400.00,520.00) startOffset 0 endOffset 11 width 101.00: "just a text"
      RenderSVGText {text} at (3500,501) size 101x24 contains 1 chunk(s)
        RenderSVGInlineText {#text} at (0,0) size 101x24
          chunk 1 text run 1 at (3500.00,520.00) startOffset 0 endOffset 11 width 101.00: "just a text"
      RenderSVGText {text} at (3600,501) size 101x24 contains 1 chunk(s)
        RenderSVGInlineText {#text} at (0,0) size 101x24
          chunk 1 text run 1 at (3600.00,520.00) startOffset 0 endOffset 11 width 101.00: "just a text"
      RenderSVGText {text} at (3700,501) size 101x24 contains 1 chunk(s)
        RenderSVGInlineText {#text} at (0,0) size 101x24
          chunk 1 text run 1 at (3700.00,520.00) startOffset 0 endOffset 11 width 101.00: "just a text"
      RenderSVGText {text} at (3800,501) size 101x24 contains 1 chunk(s)
        RenderSVGInlineText {#text} at (0,0) size 101x24
          chunk 1 text run 1 at (3800.00,520.00) startOffset 0 endOffset 11 width 101.00: "just a text"
      RenderSVGText {text} at (3900,501) size 101x24 contains 1 chunk(s)
        RenderSVGInlineText {#text} at (0,0) size 101x24
          chunk 1 text run 1 at (3900.00,520.00) startOffset 0 endOffset 11 width 101.00: "just a text"
      RenderSVGText {text} at (4000,501) size 101x24 contains 1 chunk(s)
        RenderSVGInlineText {#text} at (0,0) size 101x24
          chunk 1 text run 1 at (4000.00,520.00) startOffset 0 endOffset 11 width 101.00: "just a text"
      RenderSVGText {text} at (4100,501) size 101x24 contains 1 chunk(s)
        RenderSVGInlineText {#text} at (0,0) size 101x24
          chunk 1 text run 1 at (4100.00,520.00) startOffset 0 endOffset 11 width 101.00: "just a text"
      RenderSVGText {text} at (4200,501) size 101x24 contains 1 chunk(s)
        RenderSVGInlineText {#text} at (0,0) size 101x24
          chunk 1 text run 1 at (4200.00,520.00) startOffset 0 endOffset 11 width 101.00: "just a text"
      RenderSVGText {text} at (4300,501) size 101x24 contains 1 chunk(s)
        RenderSVGInlineText {#text} at (0,0) size 101x24
          chunk 1 text run 1 at (4300.00,520.00) startOffset 0 endOffset 11 width 101.00: "just a text"
      RenderSVGText {text} at (4400,501) size 101x24 contains 1 chunk(s)
        RenderSVGInlineText {#text} at (0,0) size 101x24
          chunk 1 text run 1 at (4400.00,520.00) startOffset 0 endOffset 11 width 101.00: "just a text"
      RenderSVGText {text} at (4500,501) size 101x24 contains 1 chunk(s)
        RenderSVGInlineText {#text} at (0,0) size 101x24
          chunk 1 text run 1 at (4500.00,520.00) startOffset 0 endOffset 11 width 101.00: "just a text"
      RenderSVGText {text} at (4600,501) size 101x24 contains 1 chunk(s)
        RenderSVGInlineText {#text} at (0,0) size 101x24
          chunk 1 text run 1 at (4600.00,520.00) startOffset 0 endOffset 11 width 101.00: "just a text"
      RenderSVGText {text} at (4700,501) size 101x24 contains 1 chunk(s)
        RenderSVGInlineText {#text} at (0,0) size 101x24
          chunk 1 text run 1 at (4700.00,520.00) startOffset 0 endOffset 11 width 101.00: "just a text"
      RenderSVGText {text} at (4800,501) size 101x24 contains 1 chunk(s)
        RenderSVGInlineText {#text} at (0,0) size 101x24
          chunk 1 text run 1 at (4800.00,520.00) startOffset 0 endOffset 11 width 101.00: "just a text"
      RenderSVGText {text} at (4900,501) size 101x24 contains 1 chunk(s)
        RenderSVGInlineText {#text} at (0,0) size 101x24
          chunk 1 text run 1 at (4900.00,520.00) startOffset 0 endOffset 11 width 101.00: "just a text"
      RenderSVGText {text} at (0,601) size 101x24 contains 1 chunk(s)
        RenderSVGInlineText {#text} at (0,0) size 101x24
          chunk 1 text run 1 at (0.00,620.00) startOffset 0 endOffset 11 width 101.00: "just a text"
      RenderSVGText {text} at (100,601) size 101x24 contains 1 chunk(s)
        RenderSVGInlineText {#text} at (0,0) size 101x24
          chunk 1 text run 1 at (100.00,620.00) startOffset 0 endOffset 11 width 101.00: "just a text"
      RenderSVGText {text} at (200,601) size 101x24 contains 1 chunk(s)
        RenderSVGInlineText {#text} at (0,0) size 101x24
          chunk 1 text run 1 at (200.00,620.00) startOffset 0 endOffset 11 width 101.00: "just a text"
      RenderSVGText {text} at (300,601) size 101x24 contains 1 chunk(s)
        RenderSVGInlineText {#text} at (0,0) size 101x24
          chunk 1 text run 1 at (300.00,620.00) startOffset 0 endOffset 11 width 101.00: "just a text"
      RenderSVGText {text} at (400,601) size 101x24 contains 1 chunk(s)
        RenderSVGInlineText {#text} at (0,0) size 101x24
          chunk 1 text run 1 at (400.00,620.00) startOffset 0 endOffset 11 width 101.00: "just a text"
      RenderSVGText {text} at (500,601) size 101x24 contains 1 chunk(s)
        RenderSVGInlineText {#text} at (0,0) size 101x24
          chunk 1 text run 1 at (500.00,620.00) startOffset 0 endOffset 11 width 101.00: "just a text"
      RenderSVGText {text} at (600,601) size 101x24 contains 1 chunk(s)
        RenderSVGInlineText {#text} at (0,0) size 101x24
          chunk 1 text run 1 at (600.00,620.00) startOffset 0 endOffset 11 width 101.00: "just a text"
      RenderSVGText {text} at (700,601) size 101x24 contains 1 chunk(s)
        RenderSVGInlineText {#text} at (0,0) size 101x24
          chunk 1 text run 1 at (700.00,620.00) startOffset 0 endOffset 11 width 101.00: "just a text"
      RenderSVGText {text} at (800,601) size 101x24 contains 1 chunk(s)
        RenderSVGInlineText {#text} at (0,0) size 101x24
          chunk 1 text run 1 at (800.00,620.00) startOffset 0 endOffset 11 width 101.00: "just a text"
      RenderSVGText {text} at (900,601) size 101x24 contains 1 chunk(s)
        RenderSVGInlineText {#text} at (0,0) size 101x24
          chunk 1 text run 1 at (900.00,620.00) startOffset 0 endOffset 11 width 101.00: "just a text"
      RenderSVGText {text} at (1000,601) size 101x24 contains 1 chunk(s)
        RenderSVGInlineText {#text} at (0,0) size 101x24
          chunk 1 text run 1 at (1000.00,620.00) startOffset 0 endOffset 11 width 101.00: "just a text"
      RenderSVGText {text} at (1100,601) size 101x24 contains 1 chunk(s)
        RenderSVGInlineText {#text} at (0,0) size 101x24
          chunk 1 text run 1 at (1100.00,620.00) startOffset 0 endOffset 11 width 101.00: "just a text"
      RenderSVGText {text} at (1200,601) size 101x24 contains 1 chunk(s)
        RenderSVGInlineText {#text} at (0,0) size 101x24
          chunk 1 text run 1 at (1200.00,620.00) startOffset 0 endOffset 11 width 101.00: "just a text"
      RenderSVGText {text} at (1300,601) size 101x24 contains 1 chunk(s)
        RenderSVGInlineText {#text} at (0,0) size 101x24
          chunk 1 text run 1 at (1300.00,620.00) startOffset 0 endOffset 11 width 101.00: "just a text"
      RenderSVGText {text} at (1400,601) size 101x24 contains 1 chunk(s)
        RenderSVGInlineText {#text} at (0,0) size 101x24
          chunk 1 text run 1 at (1400.00,620.00) startOffset 0 endOffset 11 width 101.00: "just a text"
      RenderSVGText {text} at (1500,601) size 101x24 contains 1 chunk(s)
        RenderSVGInlineText {#text} at (0,0) size 101x24
          chunk 1 text run 1 at (1500.00,620.00) startOffset 0 endOffset 11 width 101.00: "just a text"
      RenderSVGText {text} at (1600,601) size 101x24 contains 1 chunk(s)
        RenderSVGInlineText {#text} at (0,0) size 101x24
          chunk 1 text run 1 at (1600.00,620.00) startOffset 0 endOffset 11 width 101.00: "just a text"
      RenderSVGText {text} at (1700,601) size 101x24 contains 1 chunk(s)
        RenderSVGInlineText {#text} at (0,0) size 101x24
          chunk 1 text run 1 at (1700.00,620.00) startOffset 0 endOffset 11 width 101.00: "just a text"
      RenderSVGText {text} at (1800,601) size 101x24 contains 1 chunk(s)
        RenderSVGInlineText {#text} at (0,0) size 101x24
          chunk 1 text run 1 at (1800.00,620.00) startOffset 0 endOffset 11 width 101.00: "just a text"
      RenderSVGText {text} at (1900,601) size 101x24 contains 1 chunk(s)
        RenderSVGInlineText {#text} at (0,0) size 101x24
          chunk 1 text run 1 at (1900.00,620.00) startOffset 0 endOffset 11 width 101.00: "just a text"
      RenderSVGText {text} at (2000,601) size 101x24 contains 1 chunk(s)
        RenderSVGInlineText {#text} at (0,0) size 101x24
          chunk 1 text run 1 at (2000.00,620.00) startOffset 0 endOffset 11 width 101.00: "just a text"
      RenderSVGText {text} at (2100,601) size 101x24 contains 1 chunk(s)
        RenderSVGInlineText {#text} at (0,0) size 101x24
          chunk 1 text run 1 at (2100.00,620.00) startOffset 0 endOffset 11 width 101.00: "just a text"
      RenderSVGText {text} at (2200,601) size 101x24 contains 1 chunk(s)
        RenderSVGInlineText {#text} at (0,0) size 101x24
          chunk 1 text run 1 at (2200.00,620.00) startOffset 0 endOffset 11 width 101.00: "just a text"
      RenderSVGText {text} at (2300,601) size 101x24 contains 1 chunk(s)
        RenderSVGInlineText {#text} at (0,0) size 101x24
          chunk 1 text run 1 at (2300.00,620.00) startOffset 0 endOffset 11 width 101.00: "just a text"
      RenderSVGText {text} at (2400,601) size 101x24 contains 1 chunk(s)
        RenderSVGInlineText {#text} at (0,0) size 101x24
          chunk 1 text run 1 at (2400.00,620.00) startOffset 0 endOffset 11 width 101.00: "just a text"
      RenderSVGText {text} at (2500,601) size 101x24 contains 1 chunk(s)
        RenderSVGInlineText {#text} at (0,0) size 101x24
          chunk 1 text run 1 at (2500.00,620.00) startOffset 0 endOffset 11 width 101.00: "just a text"
      RenderSVGText {text} at (2600,601) size 101x24 contains 1 chunk(s)
        RenderSVGInlineText {#text} at (0,0) size 101x24
          chunk 1 text run 1 at (2600.00,620.00) startOffset 0 endOffset 11 width 101.00: "just a text"
      RenderSVGText {text} at (2700,601) size 101x24 contains 1 chunk(s)
        RenderSVGInlineText {#text} at (0,0) size 101x24
          chunk 1 text run 1 at (2700.00,620.00) startOffset 0 endOffset 11 width 101.00: "just a text"
      RenderSVGText {text} at (2800,601) size 101x24 contains 1 chunk(s)
        RenderSVGInlineText {#text} at (0,0) size 101x24
          chunk 1 text run 1 at (2800.00,620.00) startOffset 0 endOffset 11 width 101.00: "just a text"
      RenderSVGText {text} at (2900,601) size 101x24 contains 1 chunk(s)
        RenderSVGInlineText {#text} at (0,0) size 101x24
          chunk 1 text run 1 at (2900.00,620.00) startOffset 0 endOffset 11 width 101.00: "just a text"
      RenderSVGText {text} at (3000,601) size 101x24 contains 1 chunk(s)
        RenderSVGInlineText {#text} at (0,0) size 101x24
          chunk 1 text run 1 at (3000.00,620.00) startOffset 0 endOffset 11 width 101.00: "just a text"
      RenderSVGText {text} at (3100,601) size 101x24 contains 1 chunk(s)
        RenderSVGInlineText {#text} at (0,0) size 101x24
          chunk 1 text run 1 at (3100.00,620.00) startOffset 0 endOffset 11 width 101.00: "just a text"
      RenderSVGText {text} at (3200,601) size 101x24 contains 1 chunk(s)
        RenderSVGInlineText {#text} at (0,0) size 101x24
          chunk 1 text run 1 at (3200.00,620.00) startOffset 0 endOffset 11 width 101.00: "just a text"
      RenderSVGText {text} at (3300,601) size 101x24 contains 1 chunk(s)
        RenderSVGInlineText {#text} at (0,0) size 101x24
          chunk 1 text run 1 at (3300.00,620.00) startOffset 0 endOffset 11 width 101.00: "just a text"
      RenderSVGText {text} at (3400,601) size 101x24 contains 1 chunk(s)
        RenderSVGInlineText {#text} at (0,0) size 101x24
          chunk 1 text run 1 at (3400.00,620.00) startOffset 0 endOffset 11 width 101.00: "just a text"
      RenderSVGText {text} at (3500,601) size 101x24 contains 1 chunk(s)
        RenderSVGInlineText {#text} at (0,0) size 101x24
          chunk 1 text run 1 at (3500.00,620.00) startOffset 0 endOffset 11 width 101.00: "just a text"
      RenderSVGText {text} at (3600,601) size 101x24 contains 1 chunk(s)
        RenderSVGInlineText {#text} at (0,0) size 101x24
          chunk 1 text run 1 at (3600.00,620.00) startOffset 0 endOffset 11 width 101.00: "just a text"
      RenderSVGText {text} at (3700,601) size 101x24 contains 1 chunk(s)
        RenderSVGInlineText {#text} at (0,0) size 101x24
          chunk 1 text run 1 at (3700.00,620.00) startOffset 0 endOffset 11 width 101.00: "just a text"
      RenderSVGText {text} at (3800,601) size 101x24 contains 1 chunk(s)
        RenderSVGInlineText {#text} at (0,0) size 101x24
          chunk 1 text run 1 at (3800.00,620.00) startOffset 0 endOffset 11 width 101.00: "just a text"
      RenderSVGText {text} at (3900,601) size 101x24 contains 1 chunk(s)
        RenderSVGInlineText {#text} at (0,0) size 101x24
          chunk 1 text run 1 at (3900.00,620.00) startOffset 0 endOffset 11 width 101.00: "just a text"
      RenderSVGText {text} at (4000,601) size 101x24 contains 1 chunk(s)
        RenderSVGInlineText {#text} at (0,0) size 101x24
          chunk 1 text run 1 at (4000.00,620.00) startOffset 0 endOffset 11 width 101.00: "just a text"
      RenderSVGText {text} at (4100,601) size 101x24 contains 1 chunk(s)
        RenderSVGInlineText {#text} at (0,0) size 101x24
          chunk 1 text run 1 at (4100.00,620.00) startOffset 0 endOffset 11 width 101.00: "just a text"
      RenderSVGText {text} at (4200,601) size 101x24 contains 1 chunk(s)
        RenderSVGInlineText {#text} at (0,0) size 101x24
          chunk 1 text run 1 at (4200.00,620.00) startOffset 0 endOffset 11 width 101.00: "just a text"
      RenderSVGText {text} at (4300,601) size 101x24 contains 1 chunk(s)
        RenderSVGInlineText {#text} at (0,0) size 101x24
          chunk 1 text run 1 at (4300.00,620.00) startOffset 0 endOffset 11 width 101.00: "just a text"
      RenderSVGText {text} at (4400,601) size 101x24 contains 1 chunk(s)
        RenderSVGInlineText {#text} at (0,0) size 101x24
          chunk 1 text run 1 at (4400.00,620.00) startOffset 0 endOffset 11 width 101.00: "just a text"
      RenderSVGText {text} at (4500,601) size 101x24 contains 1 chunk(s)
        RenderSVGInlineText {#text} at (0,0) size 101x24
          chunk 1 text run 1 at (4500.00,620.00) startOffset 0 endOffset 11 width 101.00: "just a text"
      RenderSVGText {text} at (4600,601) size 101x24 contains 1 chunk(s)
        RenderSVGInlineText {#text} at (0,0) size 101x24
          chunk 1 text run 1 at (4600.00,620.00) startOffset 0 endOffset 11 width 101.00: "just a text"
      RenderSVGText {text} at (4700,601) size 101x24 contains 1 chunk(s)
        RenderSVGInlineText {#text} at (0,0) size 101x24
          chunk 1 text run 1 at (4700.00,620.00) startOffset 0 endOffset 11 width 101.00: "just a text"
      RenderSVGText {text} at (4800,601) size 101x24 contains 1 chunk(s)
        RenderSVGInlineText {#text} at (0,0) size 101x24
          chunk 1 text run 1 at (4800.00,620.00) startOffset 0 endOffset 11 width 101.00: "just a text"
      RenderSVGText {text} at (4900,601) size 101x24 contains 1 chunk(s)
        RenderSVGInlineText {#text} at (0,0) size 101x24
          chunk 1 text run 1 at (4900.00,620.00) startOffset 0 endOffset 11 width 101.00: "just a text"
      RenderSVGText {text} at (0,701) size 101x24 contains 1 chunk(s)
        RenderSVGInlineText {#text} at (0,0) size 101x24
          chunk 1 text run 1 at (0.00,720.00) startOffset 0 endOffset 11 width 101.00: "just a text"
      RenderSVGText {text} at (100,701) size 101x24 contains 1 chunk(s)
        RenderSVGInlineText {#text} at (0,0) size 101x24
          chunk 1 text run 1 at (100.00,720.00) startOffset 0 endOffset 11 width 101.00: "just a text"
      RenderSVGText {text} at (200,701) size 101x24 contains 1 chunk(s)
        RenderSVGInlineText {#text} at (0,0) size 101x24
          chunk 1 text run 1 at (200.00,720.00) startOffset 0 endOffset 11 width 101.00: "just a text"
      RenderSVGText {text} at (300,701) size 101x24 contains 1 chunk(s)
        RenderSVGInlineText {#text} at (0,0) size 101x24
          chunk 1 text run 1 at (300.00,720.00) startOffset 0 endOffset 11 width 101.00: "just a text"
      RenderSVGText {text} at (400,701) size 101x24 contains 1 chunk(s)
        RenderSVGInlineText {#text} at (0,0) size 101x24
          chunk 1 text run 1 at (400.00,720.00) startOffset 0 endOffset 11 width 101.00: "just a text"
      RenderSVGText {text} at (500,701) size 101x24 contains 1 chunk(s)
        RenderSVGInlineText {#text} at (0,0) size 101x24
          chunk 1 text run 1 at (500.00,720.00) startOffset 0 endOffset 11 width 101.00: "just a text"
      RenderSVGText {text} at (600,701) size 101x24 contains 1 chunk(s)
        RenderSVGInlineText {#text} at (0,0) size 101x24
          chunk 1 text run 1 at (600.00,720.00) startOffset 0 endOffset 11 width 101.00: "just a text"
      RenderSVGText {text} at (700,701) size 101x24 contains 1 chunk(s)
        RenderSVGInlineText {#text} at (0,0) size 101x24
          chunk 1 text run 1 at (700.00,720.00) startOffset 0 endOffset 11 width 101.00: "just a text"
      RenderSVGText {text} at (800,701) size 101x24 contains 1 chunk(s)
        RenderSVGInlineText {#text} at (0,0) size 101x24
          chunk 1 text run 1 at (800.00,720.00) startOffset 0 endOffset 11 width 101.00: "just a text"
      RenderSVGText {text} at (900,701) size 101x24 contains 1 chunk(s)
        RenderSVGInlineText {#text} at (0,0) size 101x24
          chunk 1 text run 1 at (900.00,720.00) startOffset 0 endOffset 11 width 101.00: "just a text"
      RenderSVGText {text} at (1000,701) size 101x24 contains 1 chunk(s)
        RenderSVGInlineText {#text} at (0,0) size 101x24
          chunk 1 text run 1 at (1000.00,720.00) startOffset 0 endOffset 11 width 101.00: "just a text"
      RenderSVGText {text} at (1100,701) size 101x24 contains 1 chunk(s)
        RenderSVGInlineText {#text} at (0,0) size 101x24
          chunk 1 text run 1 at (1100.00,720.00) startOffset 0 endOffset 11 width 101.00: "just a text"
      RenderSVGText {text} at (1200,701) size 101x24 contains 1 chunk(s)
        RenderSVGInlineText {#text} at (0,0) size 101x24
          chunk 1 text run 1 at (1200.00,720.00) startOffset 0 endOffset 11 width 101.00: "just a text"
      RenderSVGText {text} at (1300,701) size 101x24 contains 1 chunk(s)
        RenderSVGInlineText {#text} at (0,0) size 101x24
          chunk 1 text run 1 at (1300.00,720.00) startOffset 0 endOffset 11 width 101.00: "just a text"
      RenderSVGText {text} at (1400,701) size 101x24 contains 1 chunk(s)
        RenderSVGInlineText {#text} at (0,0) size 101x24
          chunk 1 text run 1 at (1400.00,720.00) startOffset 0 endOffset 11 width 101.00: "just a text"
      RenderSVGText {text} at (1500,701) size 101x24 contains 1 chunk(s)
        RenderSVGInlineText {#text} at (0,0) size 101x24
          chunk 1 text run 1 at (1500.00,720.00) startOffset 0 endOffset 11 width 101.00: "just a text"
      RenderSVGText {text} at (1600,701) size 101x24 contains 1 chunk(s)
        RenderSVGInlineText {#text} at (0,0) size 101x24
          chunk 1 text run 1 at (1600.00,720.00) startOffset 0 endOffset 11 width 101.00: "just a text"
      RenderSVGText {text} at (1700,701) size 101x24 contains 1 chunk(s)
        RenderSVGInlineText {#text} at (0,0) size 101x24
          chunk 1 text run 1 at (1700.00,720.00) startOffset 0 endOffset 11 width 101.00: "just a text"
      RenderSVGText {text} at (1800,701) size 101x24 contains 1 chunk(s)
        RenderSVGInlineText {#text} at (0,0) size 101x24
          chunk 1 text run 1 at (1800.00,720.00) startOffset 0 endOffset 11 width 101.00: "just a text"
      RenderSVGText {text} at (1900,701) size 101x24 contains 1 chunk(s)
        RenderSVGInlineText {#text} at (0,0) size 101x24
          chunk 1 text run 1 at (1900.00,720.00) startOffset 0 endOffset 11 width 101.00: "just a text"
      RenderSVGText {text} at (2000,701) size 101x24 contains 1 chunk(s)
        RenderSVGInlineText {#text} at (0,0) size 101x24
          chunk 1 text run 1 at (2000.00,720.00) startOffset 0 endOffset 11 width 101.00: "just a text"
      RenderSVGText {text} at (2100,701) size 101x24 contains 1 chunk(s)
        RenderSVGInlineText {#text} at (0,0) size 101x24
          chunk 1 text run 1 at (2100.00,720.00) startOffset 0 endOffset 11 width 101.00: "just a text"
      RenderSVGText {text} at (2200,701) size 101x24 contains 1 chunk(s)
        RenderSVGInlineText {#text} at (0,0) size 101x24
          chunk 1 text run 1 at (2200.00,720.00) startOffset 0 endOffset 11 width 101.00: "just a text"
      RenderSVGText {text} at (2300,701) size 101x24 contains 1 chunk(s)
        RenderSVGInlineText {#text} at (0,0) size 101x24
          chunk 1 text run 1 at (2300.00,720.00) startOffset 0 endOffset 11 width 101.00: "just a text"
      RenderSVGText {text} at (2400,701) size 101x24 contains 1 chunk(s)
        RenderSVGInlineText {#text} at (0,0) size 101x24
          chunk 1 text run 1 at (2400.00,720.00) startOffset 0 endOffset 11 width 101.00: "just a text"
      RenderSVGText {text} at (2500,701) size 101x24 contains 1 chunk(s)
        RenderSVGInlineText {#text} at (0,0) size 101x24
          chunk 1 text run 1 at (2500.00,720.00) startOffset 0 endOffset 11 width 101.00: "just a text"
      RenderSVGText {text} at (2600,701) size 101x24 contains 1 chunk(s)
        RenderSVGInlineText {#text} at (0,0) size 101x24
          chunk 1 text run 1 at (2600.00,720.00) startOffset 0 endOffset 11 width 101.00: "just a text"
      RenderSVGText {text} at (2700,701) size 101x24 contains 1 chunk(s)
        RenderSVGInlineText {#text} at (0,0) size 101x24
          chunk 1 text run 1 at (2700.00,720.00) startOffset 0 endOffset 11 width 101.00: "just a text"
      RenderSVGText {text} at (2800,701) size 101x24 contains 1 chunk(s)
        RenderSVGInlineText {#text} at (0,0) size 101x24
          chunk 1 text run 1 at (2800.00,720.00) startOffset 0 endOffset 11 width 101.00: "just a text"
      RenderSVGText {text} at (2900,701) size 101x24 contains 1 chunk(s)
        RenderSVGInlineText {#text} at (0,0) size 101x24
          chunk 1 text run 1 at (2900.00,720.00) startOffset 0 endOffset 11 width 101.00: "just a text"
      RenderSVGText {text} at (3000,701) size 101x24 contains 1 chunk(s)
        RenderSVGInlineText {#text} at (0,0) size 101x24
          chunk 1 text run 1 at (3000.00,720.00) startOffset 0 endOffset 11 width 101.00: "just a text"
      RenderSVGText {text} at (3100,701) size 101x24 contains 1 chunk(s)
        RenderSVGInlineText {#text} at (0,0) size 101x24
          chunk 1 text run 1 at (3100.00,720.00) startOffset 0 endOffset 11 width 101.00: "just a text"
      RenderSVGText {text} at (3200,701) size 101x24 contains 1 chunk(s)
        RenderSVGInlineText {#text} at (0,0) size 101x24
          chunk 1 text run 1 at (3200.00,720.00) startOffset 0 endOffset 11 width 101.00: "just a text"
      RenderSVGText {text} at (3300,701) size 101x24 contains 1 chunk(s)
        RenderSVGInlineText {#text} at (0,0) size 101x24
          chunk 1 text run 1 at (3300.00,720.00) startOffset 0 endOffset 11 width 101.00: "just a text"
      RenderSVGText {text} at (3400,701) size 101x24 contains 1 chunk(s)
        RenderSVGInlineText {#text} at (0,0) size 101x24
          chunk 1 text run 1 at (3400.00,720.00) startOffset 0 endOffset 11 width 101.00: "just a text"
      RenderSVGText {text} at (3500,701) size 101x24 contains 1 chunk(s)
        RenderSVGInlineText {#text} at (0,0) size 101x24
          chunk 1 text run 1 at (3500.00,720.00) startOffset 0 endOffset 11 width 101.00: "just a text"
      RenderSVGText {text} at (3600,701) size 101x24 contains 1 chunk(s)
        RenderSVGInlineText {#text} at (0,0) size 101x24
          chunk 1 text run 1 at (3600.00,720.00) startOffset 0 endOffset 11 width 101.00: "just a text"
      RenderSVGText {text} at (3700,701) size 101x24 contains 1 chunk(s)
        RenderSVGInlineText {#text} at (0,0) size 101x24
          chunk 1 text run 1 at (3700.00,720.00) startOffset 0 endOffset 11 width 101.00: "just a text"
      RenderSVGText {text} at (3800,701) size 101x24 contains 1 chunk(s)
        RenderSVGInlineText {#text} at (0,0) size 101x24
          chunk 1 text run 1 at (3800.00,720.00) startOffset 0 endOffset 11 width 101.00: "just a text"
      RenderSVGText {text} at (3900,701) size 101x24 contains 1 chunk(s)
        RenderSVGInlineText {#text} at (0,0) size 101x24
          chunk 1 text run 1 at (3900.00,720.00) startOffset 0 endOffset 11 width 101.00: "just a text"
      RenderSVGText {text} at (4000,701) size 101x24 contains 1 chunk(s)
        RenderSVGInlineText {#text} at (0,0) size 101x24
          chunk 1 text run 1 at (4000.00,720.00) startOffset 0 endOffset 11 width 101.00: "just a text"
      RenderSVGText {text} at (4100,701) size 101x24 contains 1 chunk(s)
        RenderSVGInlineText {#text} at (0,0) size 101x24
          chunk 1 text run 1 at (4100.00,720.00) startOffset 0 endOffset 11 width 101.00: "just a text"
      RenderSVGText {text} at (4200,701) size 101x24 contains 1 chunk(s)
        RenderSVGInlineText {#text} at (0,0) size 101x24
          chunk 1 text run 1 at (4200.00,720.00) startOffset 0 endOffset 11 width 101.00: "just a text"
      RenderSVGText {text} at (4300,701) size 101x24 contains 1 chunk(s)
        RenderSVGInlineText {#text} at (0,0) size 101x24
          chunk 1 text run 1 at (4300.00,720.00) startOffset 0 endOffset 11 width 101.00: "just a text"
      RenderSVGText {text} at (4400,701) size 101x24 contains 1 chunk(s)
        RenderSVGInlineText {#text} at (0,0) size 101x24
          chunk 1 text run 1 at (4400.00,720.00) startOffset 0 endOffset 11 width 101.00: "just a text"
      RenderSVGText {text} at (4500,701) size 101x24 contains 1 chunk(s)
        RenderSVGInlineText {#text} at (0,0) size 101x24
          chunk 1 text run 1 at (4500.00,720.00) startOffset 0 endOffset 11 width 101.00: "just a text"
      RenderSVGText {text} at (4600,701) size 101x24 contains 1 chunk(s)
        RenderSVGInlineText {#text} at (0,0) size 101x24
          chunk 1 text run 1 at (4600.00,720.00) startOffset 0 endOffset 11 width 101.00: "just a text"
      RenderSVGText {text} at (4700,701) size 101x24 contains 1 chunk(s)
        RenderSVGInlineText {#text} at (0,0) size 101x24
          chunk 1 text run 1 at (4700.00,720.00) startOffset 0 endOffset 11 width 101.00: "just a text"
      RenderSVGText {text} at (4800,701) size 101x24 contains 1 chunk(s)
        RenderSVGInlineText {#text} at (0,0) size 101x24
          chunk 1 text run 1 at (4800.00,720.00) startOffset 0 endOffset 11 width 101.00: "just a text"
      RenderSVGText {text} at (4900,701) size 101x24 contains 1 chunk(s)
        RenderSVGInlineText {#text} at (0,0) size 101x24
          chunk 1 text run 1 at (4900.00,720.00) startOffset 0 endOffset 11 width 101.00: "just a text"
      RenderSVGText {text} at (0,801) size 101x24 contains 1 chunk(s)
        RenderSVGInlineText {#text} at (0,0) size 101x24
          chunk 1 text run 1 at (0.00,820.00) startOffset 0 endOffset 11 width 101.00: "just a text"
      RenderSVGText {text} at (100,801) size 101x24 contains 1 chunk(s)
        RenderSVGInlineText {#text} at (0,0) size 101x24
          chunk 1 text run 1 at (100.00,820.00) startOffset 0 endOffset 11 width 101.00: "just a text"
      RenderSVGText {text} at (200,801) size 101x24 contains 1 chunk(s)
        RenderSVGInlineText {#text} at (0,0) size 101x24
          chunk 1 text run 1 at (200.00,820.00) startOffset 0 endOffset 11 width 101.00: "just a text"
      RenderSVGText {text} at (300,801) size 101x24 contains 1 chunk(s)
        RenderSVGInlineText {#text} at (0,0) size 101x24
          chunk 1 text run 1 at (300.00,820.00) startOffset 0 endOffset 11 width 101.00: "just a text"
      RenderSVGText {text} at (400,801) size 101x24 contains 1 chunk(s)
        RenderSVGInlineText {#text} at (0,0) size 101x24
          chunk 1 text run 1 at (400.00,820.00) startOffset 0 endOffset 11 width 101.00: "just a text"
      RenderSVGText {text} at (500,801) size 101x24 contains 1 chunk(s)
        RenderSVGInlineText {#text} at (0,0) size 101x24
          chunk 1 text run 1 at (500.00,820.00) startOffset 0 endOffset 11 width 101.00: "just a text"
      RenderSVGText {text} at (600,801) size 101x24 contains 1 chunk(s)
        RenderSVGInlineText {#text} at (0,0) size 101x24
          chunk 1 text run 1 at (600.00,820.00) startOffset 0 endOffset 11 width 101.00: "just a text"
      RenderSVGText {text} at (700,801) size 101x24 contains 1 chunk(s)
        RenderSVGInlineText {#text} at (0,0) size 101x24
          chunk 1 text run 1 at (700.00,820.00) startOffset 0 endOffset 11 width 101.00: "just a text"
      RenderSVGText {text} at (800,801) size 101x24 contains 1 chunk(s)
        RenderSVGInlineText {#text} at (0,0) size 101x24
          chunk 1 text run 1 at (800.00,820.00) startOffset 0 endOffset 11 width 101.00: "just a text"
      RenderSVGText {text} at (900,801) size 101x24 contains 1 chunk(s)
        RenderSVGInlineText {#text} at (0,0) size 101x24
          chunk 1 text run 1 at (900.00,820.00) startOffset 0 endOffset 11 width 101.00: "just a text"
      RenderSVGText {text} at (1000,801) size 101x24 contains 1 chunk(s)
        RenderSVGInlineText {#text} at (0,0) size 101x24
          chunk 1 text run 1 at (1000.00,820.00) startOffset 0 endOffset 11 width 101.00: "just a text"
      RenderSVGText {text} at (1100,801) size 101x24 contains 1 chunk(s)
        RenderSVGInlineText {#text} at (0,0) size 101x24
          chunk 1 text run 1 at (1100.00,820.00) startOffset 0 endOffset 11 width 101.00: "just a text"
      RenderSVGText {text} at (1200,801) size 101x24 contains 1 chunk(s)
        RenderSVGInlineText {#text} at (0,0) size 101x24
          chunk 1 text run 1 at (1200.00,820.00) startOffset 0 endOffset 11 width 101.00: "just a text"
      RenderSVGText {text} at (1300,801) size 101x24 contains 1 chunk(s)
        RenderSVGInlineText {#text} at (0,0) size 101x24
          chunk 1 text run 1 at (1300.00,820.00) startOffset 0 endOffset 11 width 101.00: "just a text"
      RenderSVGText {text} at (1400,801) size 101x24 contains 1 chunk(s)
        RenderSVGInlineText {#text} at (0,0) size 101x24
          chunk 1 text run 1 at (1400.00,820.00) startOffset 0 endOffset 11 width 101.00: "just a text"
      RenderSVGText {text} at (1500,801) size 101x24 contains 1 chunk(s)
        RenderSVGInlineText {#text} at (0,0) size 101x24
          chunk 1 text run 1 at (1500.00,820.00) startOffset 0 endOffset 11 width 101.00: "just a text"
      RenderSVGText {text} at (1600,801) size 101x24 contains 1 chunk(s)
        RenderSVGInlineText {#text} at (0,0) size 101x24
          chunk 1 text run 1 at (1600.00,820.00) startOffset 0 endOffset 11 width 101.00: "just a text"
      RenderSVGText {text} at (1700,801) size 101x24 contains 1 chunk(s)
        RenderSVGInlineText {#text} at (0,0) size 101x24
          chunk 1 text run 1 at (1700.00,820.00) startOffset 0 endOffset 11 width 101.00: "just a text"
      RenderSVGText {text} at (1800,801) size 101x24 contains 1 chunk(s)
        RenderSVGInlineText {#text} at (0,0) size 101x24
          chunk 1 text run 1 at (1800.00,820.00) startOffset 0 endOffset 11 width 101.00: "just a text"
      RenderSVGText {text} at (1900,801) size 101x24 contains 1 chunk(s)
        RenderSVGInlineText {#text} at (0,0) size 101x24
          chunk 1 text run 1 at (1900.00,820.00) startOffset 0 endOffset 11 width 101.00: "just a text"
      RenderSVGText {text} at (2000,801) size 101x24 contains 1 chunk(s)
        RenderSVGInlineText {#text} at (0,0) size 101x24
          chunk 1 text run 1 at (2000.00,820.00) startOffset 0 endOffset 11 width 101.00: "just a text"
      RenderSVGText {text} at (2100,801) size 101x24 contains 1 chunk(s)
        RenderSVGInlineText {#text} at (0,0) size 101x24
          chunk 1 text run 1 at (2100.00,820.00) startOffset 0 endOffset 11 width 101.00: "just a text"
      RenderSVGText {text} at (2200,801) size 101x24 contains 1 chunk(s)
        RenderSVGInlineText {#text} at (0,0) size 101x24
          chunk 1 text run 1 at (2200.00,820.00) startOffset 0 endOffset 11 width 101.00: "just a text"
      RenderSVGText {text} at (2300,801) size 101x24 contains 1 chunk(s)
        RenderSVGInlineText {#text} at (0,0) size 101x24
          chunk 1 text run 1 at (2300.00,820.00) startOffset 0 endOffset 11 width 101.00: "just a text"
      RenderSVGText {text} at (2400,801) size 101x24 contains 1 chunk(s)
        RenderSVGInlineText {#text} at (0,0) size 101x24
          chunk 1 text run 1 at (2400.00,820.00) startOffset 0 endOffset 11 width 101.00: "just a text"
      RenderSVGText {text} at (2500,801) size 101x24 contains 1 chunk(s)
        RenderSVGInlineText {#text} at (0,0) size 101x24
          chunk 1 text run 1 at (2500.00,820.00) startOffset 0 endOffset 11 width 101.00: "just a text"
      RenderSVGText {text} at (2600,801) size 101x24 contains 1 chunk(s)
        RenderSVGInlineText {#text} at (0,0) size 101x24
          chunk 1 text run 1 at (2600.00,820.00) startOffset 0 endOffset 11 width 101.00: "just a text"
      RenderSVGText {text} at (2700,801) size 101x24 contains 1 chunk(s)
        RenderSVGInlineText {#text} at (0,0) size 101x24
          chunk 1 text run 1 at (2700.00,820.00) startOffset 0 endOffset 11 width 101.00: "just a text"
      RenderSVGText {text} at (2800,801) size 101x24 contains 1 chunk(s)
        RenderSVGInlineText {#text} at (0,0) size 101x24
          chunk 1 text run 1 at (2800.00,820.00) startOffset 0 endOffset 11 width 101.00: "just a text"
      RenderSVGText {text} at (2900,801) size 101x24 contains 1 chunk(s)
        RenderSVGInlineText {#text} at (0,0) size 101x24
          chunk 1 text run 1 at (2900.00,820.00) startOffset 0 endOffset 11 width 101.00: "just a text"
      RenderSVGText {text} at (3000,801) size 101x24 contains 1 chunk(s)
        RenderSVGInlineText {#text} at (0,0) size 101x24
          chunk 1 text run 1 at (3000.00,820.00) startOffset 0 endOffset 11 width 101.00: "just a text"
      RenderSVGText {text} at (3100,801) size 101x24 contains 1 chunk(s)
        RenderSVGInlineText {#text} at (0,0) size 101x24
          chunk 1 text run 1 at (3100.00,820.00) startOffset 0 endOffset 11 width 101.00: "just a text"
      RenderSVGText {text} at (3200,801) size 101x24 contains 1 chunk(s)
        RenderSVGInlineText {#text} at (0,0) size 101x24
          chunk 1 text run 1 at (3200.00,820.00) startOffset 0 endOffset 11 width 101.00: "just a text"
      RenderSVGText {text} at (3300,801) size 101x24 contains 1 chunk(s)
        RenderSVGInlineText {#text} at (0,0) size 101x24
          chunk 1 text run 1 at (3300.00,820.00) startOffset 0 endOffset 11 width 101.00: "just a text"
      RenderSVGText {text} at (3400,801) size 101x24 contains 1 chunk(s)
        RenderSVGInlineText {#text} at (0,0) size 101x24
          chunk 1 text run 1 at (3400.00,820.00) startOffset 0 endOffset 11 width 101.00: "just a text"
      RenderSVGText {text} at (3500,801) size 101x24 contains 1 chunk(s)
        RenderSVGInlineText {#text} at (0,0) size 101x24
          chunk 1 text run 1 at (3500.00,820.00) startOffset 0 endOffset 11 width 101.00: "just a text"
      RenderSVGText {text} at (3600,801) size 101x24 contains 1 chunk(s)
        RenderSVGInlineText {#text} at (0,0) size 101x24
          chunk 1 text run 1 at (3600.00,820.00) startOffset 0 endOffset 11 width 101.00: "just a text"
      RenderSVGText {text} at (3700,801) size 101x24 contains 1 chunk(s)
        RenderSVGInlineText {#text} at (0,0) size 101x24
          chunk 1 text run 1 at (3700.00,820.00) startOffset 0 endOffset 11 width 101.00: "just a text"
      RenderSVGText {text} at (3800,801) size 101x24 contains 1 chunk(s)
        RenderSVGInlineText {#text} at (0,0) size 101x24
          chunk 1 text run 1 at (3800.00,820.00) startOffset 0 endOffset 11 width 101.00: "just a text"
      RenderSVGText {text} at (3900,801) size 101x24 contains 1 chunk(s)
        RenderSVGInlineText {#text} at (0,0) size 101x24
          chunk 1 text run 1 at (3900.00,820.00) startOffset 0 endOffset 11 width 101.00: "just a text"
      RenderSVGText {text} at (4000,801) size 101x24 contains 1 chunk(s)
        RenderSVGInlineText {#text} at (0,0) size 101x24
          chunk 1 text run 1 at (4000.00,820.00) startOffset 0 endOffset 11 width 101.00: "just a text"
      RenderSVGText {text} at (4100,801) size 101x24 contains 1 chunk(s)
        RenderSVGInlineText {#text} at (0,0) size 101x24
          chunk 1 text run 1 at (4100.00,820.00) startOffset 0 endOffset 11 width 101.00: "just a text"
      RenderSVGText {text} at (4200,801) size 101x24 contains 1 chunk(s)
        RenderSVGInlineText {#text} at (0,0) size 101x24
          chunk 1 text run 1 at (4200.00,820.00) startOffset 0 endOffset 11 width 101.00: "just a text"
      RenderSVGText {text} at (4300,801) size 101x24 contains 1 chunk(s)
        RenderSVGInlineText {#text} at (0,0) size 101x24
          chunk 1 text run 1 at (4300.00,820.00) startOffset 0 endOffset 11 width 101.00: "just a text"
      RenderSVGText {text} at (4400,801) size 101x24 contains 1 chunk(s)
        RenderSVGInlineText {#text} at (0,0) size 101x24
          chunk 1 text run 1 at (4400.00,820.00) startOffset 0 endOffset 11 width 101.00: "just a text"
      RenderSVGText {text} at (4500,801) size 101x24 contains 1 chunk(s)
        RenderSVGInlineText {#text} at (0,0) size 101x24
          chunk 1 text run 1 at (4500.00,820.00) startOffset 0 endOffset 11 width 101.00: "just a text"
      RenderSVGText {text} at (4600,801) size 101x24 contains 1 chunk(s)
        RenderSVGInlineText {#text} at (0,0) size 101x24
          chunk 1 text run 1 at (4600.00,820.00) startOffset 0 endOffset 11 width 101.00: "just a text"
      RenderSVGText {text} at (4700,801) size 101x24 contains 1 chunk(s)
        RenderSVGInlineText {#text} at (0,0) size 101x24
          chunk 1 text run 1 at (4700.00,820.00) startOffset 0 endOffset 11 width 101.00: "just a text"
      RenderSVGText {text} at (4800,801) size 101x24 contains 1 chunk(s)
        RenderSVGInlineText {#text} at (0,0) size 101x24
          chunk 1 text run 1 at (4800.00,820.00) startOffset 0 endOffset 11 width 101.00: "just a text"
      RenderSVGText {text} at (4900,801) size 101x24 contains 1 chunk(s)
        RenderSVGInlineText {#text} at (0,0) size 101x24
          chunk 1 text run 1 at (4900.00,820.00) startOffset 0 endOffset 11 width 101.00: "just a text"
      RenderSVGText {text} at (0,901) size 101x24 contains 1 chunk(s)
        RenderSVGInlineText {#text} at (0,0) size 101x24
          chunk 1 text run 1 at (0.00,920.00) startOffset 0 endOffset 11 width 101.00: "just a text"
      RenderSVGText {text} at (100,901) size 101x24 contains 1 chunk(s)
        RenderSVGInlineText {#text} at (0,0) size 101x24
          chunk 1 text run 1 at (100.00,920.00) startOffset 0 endOffset 11 width 101.00: "just a text"
      RenderSVGText {text} at (200,901) size 101x24 contains 1 chunk(s)
        RenderSVGInlineText {#text} at (0,0) size 101x24
          chunk 1 text run 1 at (200.00,920.00) startOffset 0 endOffset 11 width 101.00: "just a text"
      RenderSVGText {text} at (300,901) size 101x24 contains 1 chunk(s)
        RenderSVGInlineText {#text} at (0,0) size 101x24
          chunk 1 text run 1 at (300.00,920.00) startOffset 0 endOffset 11 width 101.00: "just a text"
      RenderSVGText {text} at (400,901) size 101x24 contains 1 chunk(s)
        RenderSVGInlineText {#text} at (0,0) size 101x24
          chunk 1 text run 1 at (400.00,920.00) startOffset 0 endOffset 11 width 101.00: "just a text"
      RenderSVGText {text} at (500,901) size 101x24 contains 1 chunk(s)
        RenderSVGInlineText {#text} at (0,0) size 101x24
          chunk 1 text run 1 at (500.00,920.00) startOffset 0 endOffset 11 width 101.00: "just a text"
      RenderSVGText {text} at (600,901) size 101x24 contains 1 chunk(s)
        RenderSVGInlineText {#text} at (0,0) size 101x24
          chunk 1 text run 1 at (600.00,920.00) startOffset 0 endOffset 11 width 101.00: "just a text"
      RenderSVGText {text} at (700,901) size 101x24 contains 1 chunk(s)
        RenderSVGInlineText {#text} at (0,0) size 101x24
          chunk 1 text run 1 at (700.00,920.00) startOffset 0 endOffset 11 width 101.00: "just a text"
      RenderSVGText {text} at (800,901) size 101x24 contains 1 chunk(s)
        RenderSVGInlineText {#text} at (0,0) size 101x24
          chunk 1 text run 1 at (800.00,920.00) startOffset 0 endOffset 11 width 101.00: "just a text"
      RenderSVGText {text} at (900,901) size 101x24 contains 1 chunk(s)
        RenderSVGInlineText {#text} at (0,0) size 101x24
          chunk 1 text run 1 at (900.00,920.00) startOffset 0 endOffset 11 width 101.00: "just a text"
      RenderSVGText {text} at (1000,901) size 101x24 contains 1 chunk(s)
        RenderSVGInlineText {#text} at (0,0) size 101x24
          chunk 1 text run 1 at (1000.00,920.00) startOffset 0 endOffset 11 width 101.00: "just a text"
      RenderSVGText {text} at (1100,901) size 101x24 contains 1 chunk(s)
        RenderSVGInlineText {#text} at (0,0) size 101x24
          chunk 1 text run 1 at (1100.00,920.00) startOffset 0 endOffset 11 width 101.00: "just a text"
      RenderSVGText {text} at (1200,901) size 101x24 contains 1 chunk(s)
        RenderSVGInlineText {#text} at (0,0) size 101x24
          chunk 1 text run 1 at (1200.00,920.00) startOffset 0 endOffset 11 width 101.00: "just a text"
      RenderSVGText {text} at (1300,901) size 101x24 contains 1 chunk(s)
        RenderSVGInlineText {#text} at (0,0) size 101x24
          chunk 1 text run 1 at (1300.00,920.00) startOffset 0 endOffset 11 width 101.00: "just a text"
      RenderSVGText {text} at (1400,901) size 101x24 contains 1 chunk(s)
        RenderSVGInlineText {#text} at (0,0) size 101x24
          chunk 1 text run 1 at (1400.00,920.00) startOffset 0 endOffset 11 width 101.00: "just a text"
      RenderSVGText {text} at (1500,901) size 101x24 contains 1 chunk(s)
        RenderSVGInlineText {#text} at (0,0) size 101x24
          chunk 1 text run 1 at (1500.00,920.00) startOffset 0 endOffset 11 width 101.00: "just a text"
      RenderSVGText {text} at (1600,901) size 101x24 contains 1 chunk(s)
        RenderSVGInlineText {#text} at (0,0) size 101x24
          chunk 1 text run 1 at (1600.00,920.00) startOffset 0 endOffset 11 width 101.00: "just a text"
      RenderSVGText {text} at (1700,901) size 101x24 contains 1 chunk(s)
        RenderSVGInlineText {#text} at (0,0) size 101x24
          chunk 1 text run 1 at (1700.00,920.00) startOffset 0 endOffset 11 width 101.00: "just a text"
      RenderSVGText {text} at (1800,901) size 101x24 contains 1 chunk(s)
        RenderSVGInlineText {#text} at (0,0) size 101x24
          chunk 1 text run 1 at (1800.00,920.00) startOffset 0 endOffset 11 width 101.00: "just a text"
      RenderSVGText {text} at (1900,901) size 101x24 contains 1 chunk(s)
        RenderSVGInlineText {#text} at (0,0) size 101x24
          chunk 1 text run 1 at (1900.00,920.00) startOffset 0 endOffset 11 width 101.00: "just a text"
      RenderSVGText {text} at (2000,901) size 101x24 contains 1 chunk(s)
        RenderSVGInlineText {#text} at (0,0) size 101x24
          chunk 1 text run 1 at (2000.00,920.00) startOffset 0 endOffset 11 width 101.00: "just a text"
      RenderSVGText {text} at (2100,901) size 101x24 contains 1 chunk(s)
        RenderSVGInlineText {#text} at (0,0) size 101x24
          chunk 1 text run 1 at (2100.00,920.00) startOffset 0 endOffset 11 width 101.00: "just a text"
      RenderSVGText {text} at (2200,901) size 101x24 contains 1 chunk(s)
        RenderSVGInlineText {#text} at (0,0) size 101x24
          chunk 1 text run 1 at (2200.00,920.00) startOffset 0 endOffset 11 width 101.00: "just a text"
      RenderSVGText {text} at (2300,901) size 101x24 contains 1 chunk(s)
        RenderSVGInlineText {#text} at (0,0) size 101x24
          chunk 1 text run 1 at (2300.00,920.00) startOffset 0 endOffset 11 width 101.00: "just a text"
      RenderSVGText {text} at (2400,901) size 101x24 contains 1 chunk(s)
        RenderSVGInlineText {#text} at (0,0) size 101x24
          chunk 1 text run 1 at (2400.00,920.00) startOffset 0 endOffset 11 width 101.00: "just a text"
      RenderSVGText {text} at (2500,901) size 101x24 contains 1 chunk(s)
        RenderSVGInlineText {#text} at (0,0) size 101x24
          chunk 1 text run 1 at (2500.00,920.00) startOffset 0 endOffset 11 width 101.00: "just a text"
      RenderSVGText {text} at (2600,901) size 101x24 contains 1 chunk(s)
        RenderSVGInlineText {#text} at (0,0) size 101x24
          chunk 1 text run 1 at (2600.00,920.00) startOffset 0 endOffset 11 width 101.00: "just a text"
      RenderSVGText {text} at (2700,901) size 101x24 contains 1 chunk(s)
        RenderSVGInlineText {#text} at (0,0) size 101x24
          chunk 1 text run 1 at (2700.00,920.00) startOffset 0 endOffset 11 width 101.00: "just a text"
      RenderSVGText {text} at (2800,901) size 101x24 contains 1 chunk(s)
        RenderSVGInlineText {#text} at (0,0) size 101x24
          chunk 1 text run 1 at (2800.00,920.00) startOffset 0 endOffset 11 width 101.00: "just a text"
      RenderSVGText {text} at (2900,901) size 101x24 contains 1 chunk(s)
        RenderSVGInlineText {#text} at (0,0) size 101x24
          chunk 1 text run 1 at (2900.00,920.00) startOffset 0 endOffset 11 width 101.00: "just a text"
      RenderSVGText {text} at (3000,901) size 101x24 contains 1 chunk(s)
        RenderSVGInlineText {#text} at (0,0) size 101x24
          chunk 1 text run 1 at (3000.00,920.00) startOffset 0 endOffset 11 width 101.00: "just a text"
      RenderSVGText {text} at (3100,901) size 101x24 contains 1 chunk(s)
        RenderSVGInlineText {#text} at (0,0) size 101x24
          chunk 1 text run 1 at (3100.00,920.00) startOffset 0 endOffset 11 width 101.00: "just a text"
      RenderSVGText {text} at (3200,901) size 101x24 contains 1 chunk(s)
        RenderSVGInlineText {#text} at (0,0) size 101x24
          chunk 1 text run 1 at (3200.00,920.00) startOffset 0 endOffset 11 width 101.00: "just a text"
      RenderSVGText {text} at (3300,901) size 101x24 contains 1 chunk(s)
        RenderSVGInlineText {#text} at (0,0) size 101x24
          chunk 1 text run 1 at (3300.00,920.00) startOffset 0 endOffset 11 width 101.00: "just a text"
      RenderSVGText {text} at (3400,901) size 101x24 contains 1 chunk(s)
        RenderSVGInlineText {#text} at (0,0) size 101x24
          chunk 1 text run 1 at (3400.00,920.00) startOffset 0 endOffset 11 width 101.00: "just a text"
      RenderSVGText {text} at (3500,901) size 101x24 contains 1 chunk(s)
        RenderSVGInlineText {#text} at (0,0) size 101x24
          chunk 1 text run 1 at (3500.00,920.00) startOffset 0 endOffset 11 width 101.00: "just a text"
      RenderSVGText {text} at (3600,901) size 101x24 contains 1 chunk(s)
        RenderSVGInlineText {#text} at (0,0) size 101x24
          chunk 1 text run 1 at (3600.00,920.00) startOffset 0 endOffset 11 width 101.00: "just a text"
      RenderSVGText {text} at (3700,901) size 101x24 contains 1 chunk(s)
        RenderSVGInlineText {#text} at (0,0) size 101x24
          chunk 1 text run 1 at (3700.00,920.00) startOffset 0 endOffset 11 width 101.00: "just a text"
      RenderSVGText {text} at (3800,901) size 101x24 contains 1 chunk(s)
        RenderSVGInlineText {#text} at (0,0) size 101x24
          chunk 1 text run 1 at (3800.00,920.00) startOffset 0 endOffset 11 width 101.00: "just a text"
      RenderSVGText {text} at (3900,901) size 101x24 contains 1 chunk(s)
        RenderSVGInlineText {#text} at (0,0) size 101x24
          chunk 1 text run 1 at (3900.00,920.00) startOffset 0 endOffset 11 width 101.00: "just a text"
      RenderSVGText {text} at (4000,901) size 101x24 contains 1 chunk(s)
        RenderSVGInlineText {#text} at (0,0) size 101x24
          chunk 1 text run 1 at (4000.00,920.00) startOffset 0 endOffset 11 width 101.00: "just a text"
      RenderSVGText {text} at (4100,901) size 101x24 contains 1 chunk(s)
        RenderSVGInlineText {#text} at (0,0) size 101x24
          chunk 1 text run 1 at (4100.00,920.00) startOffset 0 endOffset 11 width 101.00: "just a text"
      RenderSVGText {text} at (4200,901) size 101x24 contains 1 chunk(s)
        RenderSVGInlineText {#text} at (0,0) size 101x24
          chunk 1 text run 1 at (4200.00,920.00) startOffset 0 endOffset 11 width 101.00: "just a text"
      RenderSVGText {text} at (4300,901) size 101x24 contains 1 chunk(s)
        RenderSVGInlineText {#text} at (0,0) size 101x24
          chunk 1 text run 1 at (4300.00,920.00) startOffset 0 endOffset 11 width 101.00: "just a text"
      RenderSVGText {text} at (4400,901) size 101x24 contains 1 chunk(s)
        RenderSVGInlineText {#text} at (0,0) size 101x24
          chunk 1 text run 1 at (4400.00,920.00) startOffset 0 endOffset 11 width 101.00: "just a text"
      RenderSVGText {text} at (4500,901) size 101x24 contains 1 chunk(s)
        RenderSVGInlineText {#text} at (0,0) size 101x24
          chunk 1 text run 1 at (4500.00,920.00) startOffset 0 endOffset 11 width 101.00: "just a text"
      RenderSVGText {text} at (4600,901) size 101x24 contains 1 chunk(s)
        RenderSVGInlineText {#text} at (0,0) size 101x24
          chunk 1 text run 1 at (4600.00,920.00) startOffset 0 endOffset 11 width 101.00: "just a text"
      RenderSVGText {text} at (4700,901) size 101x24 contains 1 chunk(s)
        RenderSVGInlineText {#text} at (0,0) size 101x24
          chunk 1 text run 1 at (4700.00,920.00) startOffset 0 endOffset 11 width 101.00: "just a text"
      RenderSVGText {text} at (4800,901) size 101x24 contains 1 chunk(s)
        RenderSVGInlineText {#text} at (0,0) size 101x24
          chunk 1 text run 1 at (4800.00,920.00) startOffset 0 endOffset 11 width 101.00: "just a text"
      RenderSVGText {text} at (4900,901) size 101x24 contains 1 chunk(s)
        RenderSVGInlineText {#text} at (0,0) size 101x24
          chunk 1 text run 1 at (4900.00,920.00) startOffset 0 endOffset 11 width 101.00: "just a text"
      RenderSVGText {text} at (0,1001) size 101x24 contains 1 chunk(s)
        RenderSVGInlineText {#text} at (0,0) size 101x24
          chunk 1 text run 1 at (0.00,1020.00) startOffset 0 endOffset 11 width 101.00: "just a text"
      RenderSVGText {text} at (100,1001) size 101x24 contains 1 chunk(s)
        RenderSVGInlineText {#text} at (0,0) size 101x24
          chunk 1 text run 1 at (100.00,1020.00) startOffset 0 endOffset 11 width 101.00: "just a text"
      RenderSVGText {text} at (200,1001) size 101x24 contains 1 chunk(s)
        RenderSVGInlineText {#text} at (0,0) size 101x24
          chunk 1 text run 1 at (200.00,1020.00) startOffset 0 endOffset 11 width 101.00: "just a text"
      RenderSVGText {text} at (300,1001) size 101x24 contains 1 chunk(s)
        RenderSVGInlineText {#text} at (0,0) size 101x24
          chunk 1 text run 1 at (300.00,1020.00) startOffset 0 endOffset 11 width 101.00: "just a text"
      RenderSVGText {text} at (400,1001) size 101x24 contains 1 chunk(s)
        RenderSVGInlineText {#text} at (0,0) size 101x24
          chunk 1 text run 1 at (400.00,1020.00) startOffset 0 endOffset 11 width 101.00: "just a text"
      RenderSVGText {text} at (500,1001) size 101x24 contains 1 chunk(s)
        RenderSVGInlineText {#text} at (0,0) size 101x24
          chunk 1 text run 1 at (500.00,1020.00) startOffset 0 endOffset 11 width 101.00: "just a text"
      RenderSVGText {text} at (600,1001) size 101x24 contains 1 chunk(s)
        RenderSVGInlineText {#text} at (0,0) size 101x24
          chunk 1 text run 1 at (600.00,1020.00) startOffset 0 endOffset 11 width 101.00: "just a text"
      RenderSVGText {text} at (700,1001) size 101x24 contains 1 chunk(s)
        RenderSVGInlineText {#text} at (0,0) size 101x24
          chunk 1 text run 1 at (700.00,1020.00) startOffset 0 endOffset 11 width 101.00: "just a text"
      RenderSVGText {text} at (800,1001) size 101x24 contains 1 chunk(s)
        RenderSVGInlineText {#text} at (0,0) size 101x24
          chunk 1 text run 1 at (800.00,1020.00) startOffset 0 endOffset 11 width 101.00: "just a text"
      RenderSVGText {text} at (900,1001) size 101x24 contains 1 chunk(s)
        RenderSVGInlineText {#text} at (0,0) size 101x24
          chunk 1 text run 1 at (900.00,1020.00) startOffset 0 endOffset 11 width 101.00: "just a text"
      RenderSVGText {text} at (1000,1001) size 101x24 contains 1 chunk(s)
        RenderSVGInlineText {#text} at (0,0) size 101x24
          chunk 1 text run 1 at (1000.00,1020.00) startOffset 0 endOffset 11 width 101.00: "just a text"
      RenderSVGText {text} at (1100,1001) size 101x24 contains 1 chunk(s)
        RenderSVGInlineText {#text} at (0,0) size 101x24
          chunk 1 text run 1 at (1100.00,1020.00) startOffset 0 endOffset 11 width 101.00: "just a text"
      RenderSVGText {text} at (1200,1001) size 101x24 contains 1 chunk(s)
        RenderSVGInlineText {#text} at (0,0) size 101x24
          chunk 1 text run 1 at (1200.00,1020.00) startOffset 0 endOffset 11 width 101.00: "just a text"
      RenderSVGText {text} at (1300,1001) size 101x24 contains 1 chunk(s)
        RenderSVGInlineText {#text} at (0,0) size 101x24
          chunk 1 text run 1 at (1300.00,1020.00) startOffset 0 endOffset 11 width 101.00: "just a text"
      RenderSVGText {text} at (1400,1001) size 101x24 contains 1 chunk(s)
        RenderSVGInlineText {#text} at (0,0) size 101x24
          chunk 1 text run 1 at (1400.00,1020.00) startOffset 0 endOffset 11 width 101.00: "just a text"
      RenderSVGText {text} at (1500,1001) size 101x24 contains 1 chunk(s)
        RenderSVGInlineText {#text} at (0,0) size 101x24
          chunk 1 text run 1 at (1500.00,1020.00) startOffset 0 endOffset 11 width 101.00: "just a text"
      RenderSVGText {text} at (1600,1001) size 101x24 contains 1 chunk(s)
        RenderSVGInlineText {#text} at (0,0) size 101x24
          chunk 1 text run 1 at (1600.00,1020.00) startOffset 0 endOffset 11 width 101.00: "just a text"
      RenderSVGText {text} at (1700,1001) size 101x24 contains 1 chunk(s)
        RenderSVGInlineText {#text} at (0,0) size 101x24
          chunk 1 text run 1 at (1700.00,1020.00) startOffset 0 endOffset 11 width 101.00: "just a text"
      RenderSVGText {text} at (1800,1001) size 101x24 contains 1 chunk(s)
        RenderSVGInlineText {#text} at (0,0) size 101x24
          chunk 1 text run 1 at (1800.00,1020.00) startOffset 0 endOffset 11 width 101.00: "just a text"
      RenderSVGText {text} at (1900,1001) size 101x24 contains 1 chunk(s)
        RenderSVGInlineText {#text} at (0,0) size 101x24
          chunk 1 text run 1 at (1900.00,1020.00) startOffset 0 endOffset 11 width 101.00: "just a text"
      RenderSVGText {text} at (2000,1001) size 101x24 contains 1 chunk(s)
        RenderSVGInlineText {#text} at (0,0) size 101x24
          chunk 1 text run 1 at (2000.00,1020.00) startOffset 0 endOffset 11 width 101.00: "just a text"
      RenderSVGText {text} at (2100,1001) size 101x24 contains 1 chunk(s)
        RenderSVGInlineText {#text} at (0,0) size 101x24
          chunk 1 text run 1 at (2100.00,1020.00) startOffset 0 endOffset 11 width 101.00: "just a text"
      RenderSVGText {text} at (2200,1001) size 101x24 contains 1 chunk(s)
        RenderSVGInlineText {#text} at (0,0) size 101x24
          chunk 1 text run 1 at (2200.00,1020.00) startOffset 0 endOffset 11 width 101.00: "just a text"
      RenderSVGText {text} at (2300,1001) size 101x24 contains 1 chunk(s)
        RenderSVGInlineText {#text} at (0,0) size 101x24
          chunk 1 text run 1 at (2300.00,1020.00) startOffset 0 endOffset 11 width 101.00: "just a text"
      RenderSVGText {text} at (2400,1001) size 101x24 contains 1 chunk(s)
        RenderSVGInlineText {#text} at (0,0) size 101x24
          chunk 1 text run 1 at (2400.00,1020.00) startOffset 0 endOffset 11 width 101.00: "just a text"
      RenderSVGText {text} at (2500,1001) size 101x24 contains 1 chunk(s)
        RenderSVGInlineText {#text} at (0,0) size 101x24
          chunk 1 text run 1 at (2500.00,1020.00) startOffset 0 endOffset 11 width 101.00: "just a text"
      RenderSVGText {text} at (2600,1001) size 101x24 contains 1 chunk(s)
        RenderSVGInlineText {#text} at (0,0) size 101x24
          chunk 1 text run 1 at (2600.00,1020.00) startOffset 0 endOffset 11 width 101.00: "just a text"
      RenderSVGText {text} at (2700,1001) size 101x24 contains 1 chunk(s)
        RenderSVGInlineText {#text} at (0,0) size 101x24
          chunk 1 text run 1 at (2700.00,1020.00) startOffset 0 endOffset 11 width 101.00: "just a text"
      RenderSVGText {text} at (2800,1001) size 101x24 contains 1 chunk(s)
        RenderSVGInlineText {#text} at (0,0) size 101x24
          chunk 1 text run 1 at (2800.00,1020.00) startOffset 0 endOffset 11 width 101.00: "just a text"
      RenderSVGText {text} at (2900,1001) size 101x24 contains 1 chunk(s)
        RenderSVGInlineText {#text} at (0,0) size 101x24
          chunk 1 text run 1 at (2900.00,1020.00) startOffset 0 endOffset 11 width 101.00: "just a text"
      RenderSVGText {text} at (3000,1001) size 101x24 contains 1 chunk(s)
        RenderSVGInlineText {#text} at (0,0) size 101x24
          chunk 1 text run 1 at (3000.00,1020.00) startOffset 0 endOffset 11 width 101.00: "just a text"
      RenderSVGText {text} at (3100,1001) size 101x24 contains 1 chunk(s)
        RenderSVGInlineText {#text} at (0,0) size 101x24
          chunk 1 text run 1 at (3100.00,1020.00) startOffset 0 endOffset 11 width 101.00: "just a text"
      RenderSVGText {text} at (3200,1001) size 101x24 contains 1 chunk(s)
        RenderSVGInlineText {#text} at (0,0) size 101x24
          chunk 1 text run 1 at (3200.00,1020.00) startOffset 0 endOffset 11 width 101.00: "just a text"
      RenderSVGText {text} at (3300,1001) size 101x24 contains 1 chunk(s)
        RenderSVGInlineText {#text} at (0,0) size 101x24
          chunk 1 text run 1 at (3300.00,1020.00) startOffset 0 endOffset 11 width 101.00: "just a text"
      RenderSVGText {text} at (3400,1001) size 101x24 contains 1 chunk(s)
        RenderSVGInlineText {#text} at (0,0) size 101x24
          chunk 1 text run 1 at (3400.00,1020.00) startOffset 0 endOffset 11 width 101.00: "just a text"
      RenderSVGText {text} at (3500,1001) size 101x24 contains 1 chunk(s)
        RenderSVGInlineText {#text} at (0,0) size 101x24
          chunk 1 text run 1 at (3500.00,1020.00) startOffset 0 endOffset 11 width 101.00: "just a text"
      RenderSVGText {text} at (3600,1001) size 101x24 contains 1 chunk(s)
        RenderSVGInlineText {#text} at (0,0) size 101x24
          chunk 1 text run 1 at (3600.00,1020.00) startOffset 0 endOffset 11 width 101.00: "just a text"
      RenderSVGText {text} at (3700,1001) size 101x24 contains 1 chunk(s)
        RenderSVGInlineText {#text} at (0,0) size 101x24
          chunk 1 text run 1 at (3700.00,1020.00) startOffset 0 endOffset 11 width 101.00: "just a text"
      RenderSVGText {text} at (3800,1001) size 101x24 contains 1 chunk(s)
        RenderSVGInlineText {#text} at (0,0) size 101x24
          chunk 1 text run 1 at (3800.00,1020.00) startOffset 0 endOffset 11 width 101.00: "just a text"
      RenderSVGText {text} at (3900,1001) size 101x24 contains 1 chunk(s)
        RenderSVGInlineText {#text} at (0,0) size 101x24
          chunk 1 text run 1 at (3900.00,1020.00) startOffset 0 endOffset 11 width 101.00: "just a text"
      RenderSVGText {text} at (4000,1001) size 101x24 contains 1 chunk(s)
        RenderSVGInlineText {#text} at (0,0) size 101x24
          chunk 1 text run 1 at (4000.00,1020.00) startOffset 0 endOffset 11 width 101.00: "just a text"
      RenderSVGText {text} at (4100,1001) size 101x24 contains 1 chunk(s)
        RenderSVGInlineText {#text} at (0,0) size 101x24
          chunk 1 text run 1 at (4100.00,1020.00) startOffset 0 endOffset 11 width 101.00: "just a text"
      RenderSVGText {text} at (4200,1001) size 101x24 contains 1 chunk(s)
        RenderSVGInlineText {#text} at (0,0) size 101x24
          chunk 1 text run 1 at (4200.00,1020.00) startOffset 0 endOffset 11 width 101.00: "just a text"
      RenderSVGText {text} at (4300,1001) size 101x24 contains 1 chunk(s)
        RenderSVGInlineText {#text} at (0,0) size 101x24
          chunk 1 text run 1 at (4300.00,1020.00) startOffset 0 endOffset 11 width 101.00: "just a text"
      RenderSVGText {text} at (4400,1001) size 101x24 contains 1 chunk(s)
        RenderSVGInlineText {#text} at (0,0) size 101x24
          chunk 1 text run 1 at (4400.00,1020.00) startOffset 0 endOffset 11 width 101.00: "just a text"
      RenderSVGText {text} at (4500,1001) size 101x24 contains 1 chunk(s)
        RenderSVGInlineText {#text} at (0,0) size 101x24
          chunk 1 text run 1 at (4500.00,1020.00) startOffset 0 endOffset 11 width 101.00: "just a text"
      RenderSVGText {text} at (4600,1001) size 101x24 contains 1 chunk(s)
        RenderSVGInlineText {#text} at (0,0) size 101x24
          chunk 1 text run 1 at (4600.00,1020.00) startOffset 0 endOffset 11 width 101.00: "just a text"
      RenderSVGText {text} at (4700,1001) size 101x24 contains 1 chunk(s)
        RenderSVGInlineText {#text} at (0,0) size 101x24
          chunk 1 text run 1 at (4700.00,1020.00) startOffset 0 endOffset 11 width 101.00: "just a text"
      RenderSVGText {text} at (4800,1001) size 101x24 contains 1 chunk(s)
        RenderSVGInlineText {#text} at (0,0) size 101x24
          chunk 1 text run 1 at (4800.00,1020.00) startOffset 0 endOffset 11 width 101.00: "just a text"
      RenderSVGText {text} at (4900,1001) size 101x24 contains 1 chunk(s)
        RenderSVGInlineText {#text} at (0,0) size 101x24
          chunk 1 text run 1 at (4900.00,1020.00) startOffset 0 endOffset 11 width 101.00: "just a text"
      RenderSVGText {text} at (0,1101) size 101x24 contains 1 chunk(s)
        RenderSVGInlineText {#text} at (0,0) size 101x24
          chunk 1 text run 1 at (0.00,1120.00) startOffset 0 endOffset 11 width 101.00: "just a text"
      RenderSVGText {text} at (100,1101) size 101x24 contains 1 chunk(s)
        RenderSVGInlineText {#text} at (0,0) size 101x24
          chunk 1 text run 1 at (100.00,1120.00) startOffset 0 endOffset 11 width 101.00: "just a text"
      RenderSVGText {text} at (200,1101) size 101x24 contains 1 chunk(s)
        RenderSVGInlineText {#text} at (0,0) size 101x24
          chunk 1 text run 1 at (200.00,1120.00) startOffset 0 endOffset 11 width 101.00: "just a text"
      RenderSVGText {text} at (300,1101) size 101x24 contains 1 chunk(s)
        RenderSVGInlineText {#text} at (0,0) size 101x24
          chunk 1 text run 1 at (300.00,1120.00) startOffset 0 endOffset 11 width 101.00: "just a text"
      RenderSVGText {text} at (400,1101) size 101x24 contains 1 chunk(s)
        RenderSVGInlineText {#text} at (0,0) size 101x24
          chunk 1 text run 1 at (400.00,1120.00) startOffset 0 endOffset 11 width 101.00: "just a text"
      RenderSVGText {text} at (500,1101) size 101x24 contains 1 chunk(s)
        RenderSVGInlineText {#text} at (0,0) size 101x24
          chunk 1 text run 1 at (500.00,1120.00) startOffset 0 endOffset 11 width 101.00: "just a text"
      RenderSVGText {text} at (600,1101) size 101x24 contains 1 chunk(s)
        RenderSVGInlineText {#text} at (0,0) size 101x24
          chunk 1 text run 1 at (600.00,1120.00) startOffset 0 endOffset 11 width 101.00: "just a text"
      RenderSVGText {text} at (700,1101) size 101x24 contains 1 chunk(s)
        RenderSVGInlineText {#text} at (0,0) size 101x24
          chunk 1 text run 1 at (700.00,1120.00) startOffset 0 endOffset 11 width 101.00: "just a text"
      RenderSVGText {text} at (800,1101) size 101x24 contains 1 chunk(s)
        RenderSVGInlineText {#text} at (0,0) size 101x24
          chunk 1 text run 1 at (800.00,1120.00) startOffset 0 endOffset 11 width 101.00: "just a text"
      RenderSVGText {text} at (900,1101) size 101x24 contains 1 chunk(s)
        RenderSVGInlineText {#text} at (0,0) size 101x24
          chunk 1 text run 1 at (900.00,1120.00) startOffset 0 endOffset 11 width 101.00: "just a text"
      RenderSVGText {text} at (1000,1101) size 101x24 contains 1 chunk(s)
        RenderSVGInlineText {#text} at (0,0) size 101x24
          chunk 1 text run 1 at (1000.00,1120.00) startOffset 0 endOffset 11 width 101.00: "just a text"
      RenderSVGText {text} at (1100,1101) size 101x24 contains 1 chunk(s)
        RenderSVGInlineText {#text} at (0,0) size 101x24
          chunk 1 text run 1 at (1100.00,1120.00) startOffset 0 endOffset 11 width 101.00: "just a text"
      RenderSVGText {text} at (1200,1101) size 101x24 contains 1 chunk(s)
        RenderSVGInlineText {#text} at (0,0) size 101x24
          chunk 1 text run 1 at (1200.00,1120.00) startOffset 0 endOffset 11 width 101.00: "just a text"
      RenderSVGText {text} at (1300,1101) size 101x24 contains 1 chunk(s)
        RenderSVGInlineText {#text} at (0,0) size 101x24
          chunk 1 text run 1 at (1300.00,1120.00) startOffset 0 endOffset 11 width 101.00: "just a text"
      RenderSVGText {text} at (1400,1101) size 101x24 contains 1 chunk(s)
        RenderSVGInlineText {#text} at (0,0) size 101x24
          chunk 1 text run 1 at (1400.00,1120.00) startOffset 0 endOffset 11 width 101.00: "just a text"
      RenderSVGText {text} at (1500,1101) size 101x24 contains 1 chunk(s)
        RenderSVGInlineText {#text} at (0,0) size 101x24
          chunk 1 text run 1 at (1500.00,1120.00) startOffset 0 endOffset 11 width 101.00: "just a text"
      RenderSVGText {text} at (1600,1101) size 101x24 contains 1 chunk(s)
        RenderSVGInlineText {#text} at (0,0) size 101x24
          chunk 1 text run 1 at (1600.00,1120.00) startOffset 0 endOffset 11 width 101.00: "just a text"
      RenderSVGText {text} at (1700,1101) size 101x24 contains 1 chunk(s)
        RenderSVGInlineText {#text} at (0,0) size 101x24
          chunk 1 text run 1 at (1700.00,1120.00) startOffset 0 endOffset 11 width 101.00: "just a text"
      RenderSVGText {text} at (1800,1101) size 101x24 contains 1 chunk(s)
        RenderSVGInlineText {#text} at (0,0) size 101x24
          chunk 1 text run 1 at (1800.00,1120.00) startOffset 0 endOffset 11 width 101.00: "just a text"
      RenderSVGText {text} at (1900,1101) size 101x24 contains 1 chunk(s)
        RenderSVGInlineText {#text} at (0,0) size 101x24
          chunk 1 text run 1 at (1900.00,1120.00) startOffset 0 endOffset 11 width 101.00: "just a text"
      RenderSVGText {text} at (2000,1101) size 101x24 contains 1 chunk(s)
        RenderSVGInlineText {#text} at (0,0) size 101x24
          chunk 1 text run 1 at (2000.00,1120.00) startOffset 0 endOffset 11 width 101.00: "just a text"
      RenderSVGText {text} at (2100,1101) size 101x24 contains 1 chunk(s)
        RenderSVGInlineText {#text} at (0,0) size 101x24
          chunk 1 text run 1 at (2100.00,1120.00) startOffset 0 endOffset 11 width 101.00: "just a text"
      RenderSVGText {text} at (2200,1101) size 101x24 contains 1 chunk(s)
        RenderSVGInlineText {#text} at (0,0) size 101x24
          chunk 1 text run 1 at (2200.00,1120.00) startOffset 0 endOffset 11 width 101.00: "just a text"
      RenderSVGText {text} at (2300,1101) size 101x24 contains 1 chunk(s)
        RenderSVGInlineText {#text} at (0,0) size 101x24
          chunk 1 text run 1 at (2300.00,1120.00) startOffset 0 endOffset 11 width 101.00: "just a text"
      RenderSVGText {text} at (2400,1101) size 101x24 contains 1 chunk(s)
        RenderSVGInlineText {#text} at (0,0) size 101x24
          chunk 1 text run 1 at (2400.00,1120.00) startOffset 0 endOffset 11 width 101.00: "just a text"
      RenderSVGText {text} at (2500,1101) size 101x24 contains 1 chunk(s)
        RenderSVGInlineText {#text} at (0,0) size 101x24
          chunk 1 text run 1 at (2500.00,1120.00) startOffset 0 endOffset 11 width 101.00: "just a text"
      RenderSVGText {text} at (2600,1101) size 101x24 contains 1 chunk(s)
        RenderSVGInlineText {#text} at (0,0) size 101x24
          chunk 1 text run 1 at (2600.00,1120.00) startOffset 0 endOffset 11 width 101.00: "just a text"
      RenderSVGText {text} at (2700,1101) size 101x24 contains 1 chunk(s)
        RenderSVGInlineText {#text} at (0,0) size 101x24
          chunk 1 text run 1 at (2700.00,1120.00) startOffset 0 endOffset 11 width 101.00: "just a text"
      RenderSVGText {text} at (2800,1101) size 101x24 contains 1 chunk(s)
        RenderSVGInlineText {#text} at (0,0) size 101x24
          chunk 1 text run 1 at (2800.00,1120.00) startOffset 0 endOffset 11 width 101.00: "just a text"
      RenderSVGText {text} at (2900,1101) size 101x24 contains 1 chunk(s)
        RenderSVGInlineText {#text} at (0,0) size 101x24
          chunk 1 text run 1 at (2900.00,1120.00) startOffset 0 endOffset 11 width 101.00: "just a text"
      RenderSVGText {text} at (3000,1101) size 101x24 contains 1 chunk(s)
        RenderSVGInlineText {#text} at (0,0) size 101x24
          chunk 1 text run 1 at (3000.00,1120.00) startOffset 0 endOffset 11 width 101.00: "just a text"
      RenderSVGText {text} at (3100,1101) size 101x24 contains 1 chunk(s)
        RenderSVGInlineText {#text} at (0,0) size 101x24
          chunk 1 text run 1 at (3100.00,1120.00) startOffset 0 endOffset 11 width 101.00: "just a text"
      RenderSVGText {text} at (3200,1101) size 101x24 contains 1 chunk(s)
        RenderSVGInlineText {#text} at (0,0) size 101x24
          chunk 1 text run 1 at (3200.00,1120.00) startOffset 0 endOffset 11 width 101.00: "just a text"
      RenderSVGText {text} at (3300,1101) size 101x24 contains 1 chunk(s)
        RenderSVGInlineText {#text} at (0,0) size 101x24
          chunk 1 text run 1 at (3300.00,1120.00) startOffset 0 endOffset 11 width 101.00: "just a text"
      RenderSVGText {text} at (3400,1101) size 101x24 contains 1 chunk(s)
        RenderSVGInlineText {#text} at (0,0) size 101x24
          chunk 1 text run 1 at (3400.00,1120.00) startOffset 0 endOffset 11 width 101.00: "just a text"
      RenderSVGText {text} at (3500,1101) size 101x24 contains 1 chunk(s)
        RenderSVGInlineText {#text} at (0,0) size 101x24
          chunk 1 text run 1 at (3500.00,1120.00) startOffset 0 endOffset 11 width 101.00: "just a text"
      RenderSVGText {text} at (3600,1101) size 101x24 contains 1 chunk(s)
        RenderSVGInlineText {#text} at (0,0) size 101x24
          chunk 1 text run 1 at (3600.00,1120.00) startOffset 0 endOffset 11 width 101.00: "just a text"
      RenderSVGText {text} at (3700,1101) size 101x24 contains 1 chunk(s)
        RenderSVGInlineText {#text} at (0,0) size 101x24
          chunk 1 text run 1 at (3700.00,1120.00) startOffset 0 endOffset 11 width 101.00: "just a text"
      RenderSVGText {text} at (3800,1101) size 101x24 contains 1 chunk(s)
        RenderSVGInlineText {#text} at (0,0) size 101x24
          chunk 1 text run 1 at (3800.00,1120.00) startOffset 0 endOffset 11 width 101.00: "just a text"
      RenderSVGText {text} at (3900,1101) size 101x24 contains 1 chunk(s)
        RenderSVGInlineText {#text} at (0,0) size 101x24
          chunk 1 text run 1 at (3900.00,1120.00) startOffset 0 endOffset 11 width 101.00: "just a text"
      RenderSVGText {text} at (4000,1101) size 101x24 contains 1 chunk(s)
        RenderSVGInlineText {#text} at (0,0) size 101x24
          chunk 1 text run 1 at (4000.00,1120.00) startOffset 0 endOffset 11 width 101.00: "just a text"
      RenderSVGText {text} at (4100,1101) size 101x24 contains 1 chunk(s)
        RenderSVGInlineText {#text} at (0,0) size 101x24
          chunk 1 text run 1 at (4100.00,1120.00) startOffset 0 endOffset 11 width 101.00: "just a text"
      RenderSVGText {text} at (4200,1101) size 101x24 contains 1 chunk(s)
        RenderSVGInlineText {#text} at (0,0) size 101x24
          chunk 1 text run 1 at (4200.00,1120.00) startOffset 0 endOffset 11 width 101.00: "just a text"
      RenderSVGText {text} at (4300,1101) size 101x24 contains 1 chunk(s)
        RenderSVGInlineText {#text} at (0,0) size 101x24
          chunk 1 text run 1 at (4300.00,1120.00) startOffset 0 endOffset 11 width 101.00: "just a text"
      RenderSVGText {text} at (4400,1101) size 101x24 contains 1 chunk(s)
        RenderSVGInlineText {#text} at (0,0) size 101x24
          chunk 1 text run 1 at (4400.00,1120.00) startOffset 0 endOffset 11 width 101.00: "just a text"
      RenderSVGText {text} at (4500,1101) size 101x24 contains 1 chunk(s)
        RenderSVGInlineText {#text} at (0,0) size 101x24
          chunk 1 text run 1 at (4500.00,1120.00) startOffset 0 endOffset 11 width 101.00: "just a text"
      RenderSVGText {text} at (4600,1101) size 101x24 contains 1 chunk(s)
        RenderSVGInlineText {#text} at (0,0) size 101x24
          chunk 1 text run 1 at (4600.00,1120.00) startOffset 0 endOffset 11 width 101.00: "just a text"
      RenderSVGText {text} at (4700,1101) size 101x24 contains 1 chunk(s)
        RenderSVGInlineText {#text} at (0,0) size 101x24
          chunk 1 text run 1 at (4700.00,1120.00) startOffset 0 endOffset 11 width 101.00: "just a text"
      RenderSVGText {text} at (4800,1101) size 101x24 contains 1 chunk(s)
        RenderSVGInlineText {#text} at (0,0) size 101x24
          chunk 1 text run 1 at (4800.00,1120.00) startOffset 0 endOffset 11 width 101.00: "just a text"
      RenderSVGText {text} at (4900,1101) size 101x24 contains 1 chunk(s)
        RenderSVGInlineText {#text} at (0,0) size 101x24
          chunk 1 text run 1 at (4900.00,1120.00) startOffset 0 endOffset 11 width 101.00: "just a text"
      RenderSVGText {text} at (0,1201) size 101x24 contains 1 chunk(s)
        RenderSVGInlineText {#text} at (0,0) size 101x24
          chunk 1 text run 1 at (0.00,1220.00) startOffset 0 endOffset 11 width 101.00: "just a text"
      RenderSVGText {text} at (100,1201) size 101x24 contains 1 chunk(s)
        RenderSVGInlineText {#text} at (0,0) size 101x24
          chunk 1 text run 1 at (100.00,1220.00) startOffset 0 endOffset 11 width 101.00: "just a text"
      RenderSVGText {text} at (200,1201) size 101x24 contains 1 chunk(s)
        RenderSVGInlineText {#text} at (0,0) size 101x24
          chunk 1 text run 1 at (200.00,1220.00) startOffset 0 endOffset 11 width 101.00: "just a text"
      RenderSVGText {text} at (300,1201) size 101x24 contains 1 chunk(s)
        RenderSVGInlineText {#text} at (0,0) size 101x24
          chunk 1 text run 1 at (300.00,1220.00) startOffset 0 endOffset 11 width 101.00: "just a text"
      RenderSVGText {text} at (400,1201) size 101x24 contains 1 chunk(s)
        RenderSVGInlineText {#text} at (0,0) size 101x24
          chunk 1 text run 1 at (400.00,1220.00) startOffset 0 endOffset 11 width 101.00: "just a text"
      RenderSVGText {text} at (500,1201) size 101x24 contains 1 chunk(s)
        RenderSVGInlineText {#text} at (0,0) size 101x24
          chunk 1 text run 1 at (500.00,1220.00) startOffset 0 endOffset 11 width 101.00: "just a text"
      RenderSVGText {text} at (600,1201) size 101x24 contains 1 chunk(s)
        RenderSVGInlineText {#text} at (0,0) size 101x24
          chunk 1 text run 1 at (600.00,1220.00) startOffset 0 endOffset 11 width 101.00: "just a text"
      RenderSVGText {text} at (700,1201) size 101x24 contains 1 chunk(s)
        RenderSVGInlineText {#text} at (0,0) size 101x24
          chunk 1 text run 1 at (700.00,1220.00) startOffset 0 endOffset 11 width 101.00: "just a text"
      RenderSVGText {text} at (800,1201) size 101x24 contains 1 chunk(s)
        RenderSVGInlineText {#text} at (0,0) size 101x24
          chunk 1 text run 1 at (800.00,1220.00) startOffset 0 endOffset 11 width 101.00: "just a text"
      RenderSVGText {text} at (900,1201) size 101x24 contains 1 chunk(s)
        RenderSVGInlineText {#text} at (0,0) size 101x24
          chunk 1 text run 1 at (900.00,1220.00) startOffset 0 endOffset 11 width 101.00: "just a text"
      RenderSVGText {text} at (1000,1201) size 101x24 contains 1 chunk(s)
        RenderSVGInlineText {#text} at (0,0) size 101x24
          chunk 1 text run 1 at (1000.00,1220.00) startOffset 0 endOffset 11 width 101.00: "just a text"
      RenderSVGText {text} at (1100,1201) size 101x24 contains 1 chunk(s)
        RenderSVGInlineText {#text} at (0,0) size 101x24
          chunk 1 text run 1 at (1100.00,1220.00) startOffset 0 endOffset 11 width 101.00: "just a text"
      RenderSVGText {text} at (1200,1201) size 101x24 contains 1 chunk(s)
        RenderSVGInlineText {#text} at (0,0) size 101x24
          chunk 1 text run 1 at (1200.00,1220.00) startOffset 0 endOffset 11 width 101.00: "just a text"
      RenderSVGText {text} at (1300,1201) size 101x24 contains 1 chunk(s)
        RenderSVGInlineText {#text} at (0,0) size 101x24
          chunk 1 text run 1 at (1300.00,1220.00) startOffset 0 endOffset 11 width 101.00: "just a text"
      RenderSVGText {text} at (1400,1201) size 101x24 contains 1 chunk(s)
        RenderSVGInlineText {#text} at (0,0) size 101x24
          chunk 1 text run 1 at (1400.00,1220.00) startOffset 0 endOffset 11 width 101.00: "just a text"
      RenderSVGText {text} at (1500,1201) size 101x24 contains 1 chunk(s)
        RenderSVGInlineText {#text} at (0,0) size 101x24
          chunk 1 text run 1 at (1500.00,1220.00) startOffset 0 endOffset 11 width 101.00: "just a text"
      RenderSVGText {text} at (1600,1201) size 101x24 contains 1 chunk(s)
        RenderSVGInlineText {#text} at (0,0) size 101x24
          chunk 1 text run 1 at (1600.00,1220.00) startOffset 0 endOffset 11 width 101.00: "just a text"
      RenderSVGText {text} at (1700,1201) size 101x24 contains 1 chunk(s)
        RenderSVGInlineText {#text} at (0,0) size 101x24
          chunk 1 text run 1 at (1700.00,1220.00) startOffset 0 endOffset 11 width 101.00: "just a text"
      RenderSVGText {text} at (1800,1201) size 101x24 contains 1 chunk(s)
        RenderSVGInlineText {#text} at (0,0) size 101x24
          chunk 1 text run 1 at (1800.00,1220.00) startOffset 0 endOffset 11 width 101.00: "just a text"
      RenderSVGText {text} at (1900,1201) size 101x24 contains 1 chunk(s)
        RenderSVGInlineText {#text} at (0,0) size 101x24
          chunk 1 text run 1 at (1900.00,1220.00) startOffset 0 endOffset 11 width 101.00: "just a text"
      RenderSVGText {text} at (2000,1201) size 101x24 contains 1 chunk(s)
        RenderSVGInlineText {#text} at (0,0) size 101x24
          chunk 1 text run 1 at (2000.00,1220.00) startOffset 0 endOffset 11 width 101.00: "just a text"
      RenderSVGText {text} at (2100,1201) size 101x24 contains 1 chunk(s)
        RenderSVGInlineText {#text} at (0,0) size 101x24
          chunk 1 text run 1 at (2100.00,1220.00) startOffset 0 endOffset 11 width 101.00: "just a text"
      RenderSVGText {text} at (2200,1201) size 101x24 contains 1 chunk(s)
        RenderSVGInlineText {#text} at (0,0) size 101x24
          chunk 1 text run 1 at (2200.00,1220.00) startOffset 0 endOffset 11 width 101.00: "just a text"
      RenderSVGText {text} at (2300,1201) size 101x24 contains 1 chunk(s)
        RenderSVGInlineText {#text} at (0,0) size 101x24
          chunk 1 text run 1 at (2300.00,1220.00) startOffset 0 endOffset 11 width 101.00: "just a text"
      RenderSVGText {text} at (2400,1201) size 101x24 contains 1 chunk(s)
        RenderSVGInlineText {#text} at (0,0) size 101x24
          chunk 1 text run 1 at (2400.00,1220.00) startOffset 0 endOffset 11 width 101.00: "just a text"
      RenderSVGText {text} at (2500,1201) size 101x24 contains 1 chunk(s)
        RenderSVGInlineText {#text} at (0,0) size 101x24
          chunk 1 text run 1 at (2500.00,1220.00) startOffset 0 endOffset 11 width 101.00: "just a text"
      RenderSVGText {text} at (2600,1201) size 101x24 contains 1 chunk(s)
        RenderSVGInlineText {#text} at (0,0) size 101x24
          chunk 1 text run 1 at (2600.00,1220.00) startOffset 0 endOffset 11 width 101.00: "just a text"
      RenderSVGText {text} at (2700,1201) size 101x24 contains 1 chunk(s)
        RenderSVGInlineText {#text} at (0,0) size 101x24
          chunk 1 text run 1 at (2700.00,1220.00) startOffset 0 endOffset 11 width 101.00: "just a text"
      RenderSVGText {text} at (2800,1201) size 101x24 contains 1 chunk(s)
        RenderSVGInlineText {#text} at (0,0) size 101x24
          chunk 1 text run 1 at (2800.00,1220.00) startOffset 0 endOffset 11 width 101.00: "just a text"
      RenderSVGText {text} at (2900,1201) size 101x24 contains 1 chunk(s)
        RenderSVGInlineText {#text} at (0,0) size 101x24
          chunk 1 text run 1 at (2900.00,1220.00) startOffset 0 endOffset 11 width 101.00: "just a text"
      RenderSVGText {text} at (3000,1201) size 101x24 contains 1 chunk(s)
        RenderSVGInlineText {#text} at (0,0) size 101x24
          chunk 1 text run 1 at (3000.00,1220.00) startOffset 0 endOffset 11 width 101.00: "just a text"
      RenderSVGText {text} at (3100,1201) size 101x24 contains 1 chunk(s)
        RenderSVGInlineText {#text} at (0,0) size 101x24
          chunk 1 text run 1 at (3100.00,1220.00) startOffset 0 endOffset 11 width 101.00: "just a text"
      RenderSVGText {text} at (3200,1201) size 101x24 contains 1 chunk(s)
        RenderSVGInlineText {#text} at (0,0) size 101x24
          chunk 1 text run 1 at (3200.00,1220.00) startOffset 0 endOffset 11 width 101.00: "just a text"
      RenderSVGText {text} at (3300,1201) size 101x24 contains 1 chunk(s)
        RenderSVGInlineText {#text} at (0,0) size 101x24
          chunk 1 text run 1 at (3300.00,1220.00) startOffset 0 endOffset 11 width 101.00: "just a text"
      RenderSVGText {text} at (3400,1201) size 101x24 contains 1 chunk(s)
        RenderSVGInlineText {#text} at (0,0) size 101x24
          chunk 1 text run 1 at (3400.00,1220.00) startOffset 0 endOffset 11 width 101.00: "just a text"
      RenderSVGText {text} at (3500,1201) size 101x24 contains 1 chunk(s)
        RenderSVGInlineText {#text} at (0,0) size 101x24
          chunk 1 text run 1 at (3500.00,1220.00) startOffset 0 endOffset 11 width 101.00: "just a text"
      RenderSVGText {text} at (3600,1201) size 101x24 contains 1 chunk(s)
        RenderSVGInlineText {#text} at (0,0) size 101x24
          chunk 1 text run 1 at (3600.00,1220.00) startOffset 0 endOffset 11 width 101.00: "just a text"
      RenderSVGText {text} at (3700,1201) size 101x24 contains 1 chunk(s)
        RenderSVGInlineText {#text} at (0,0) size 101x24
          chunk 1 text run 1 at (3700.00,1220.00) startOffset 0 endOffset 11 width 101.00: "just a text"
      RenderSVGText {text} at (3800,1201) size 101x24 contains 1 chunk(s)
        RenderSVGInlineText {#text} at (0,0) size 101x24
          chunk 1 text run 1 at (3800.00,1220.00) startOffset 0 endOffset 11 width 101.00: "just a text"
      RenderSVGText {text} at (3900,1201) size 101x24 contains 1 chunk(s)
        RenderSVGInlineText {#text} at (0,0) size 101x24
          chunk 1 text run 1 at (3900.00,1220.00) startOffset 0 endOffset 11 width 101.00: "just a text"
      RenderSVGText {text} at (4000,1201) size 101x24 contains 1 chunk(s)
        RenderSVGInlineText {#text} at (0,0) size 101x24
          chunk 1 text run 1 at (4000.00,1220.00) startOffset 0 endOffset 11 width 101.00: "just a text"
      RenderSVGText {text} at (4100,1201) size 101x24 contains 1 chunk(s)
        RenderSVGInlineText {#text} at (0,0) size 101x24
          chunk 1 text run 1 at (4100.00,1220.00) startOffset 0 endOffset 11 width 101.00: "just a text"
      RenderSVGText {text} at (4200,1201) size 101x24 contains 1 chunk(s)
        RenderSVGInlineText {#text} at (0,0) size 101x24
          chunk 1 text run 1 at (4200.00,1220.00) startOffset 0 endOffset 11 width 101.00: "just a text"
      RenderSVGText {text} at (4300,1201) size 101x24 contains 1 chunk(s)
        RenderSVGInlineText {#text} at (0,0) size 101x24
          chunk 1 text run 1 at (4300.00,1220.00) startOffset 0 endOffset 11 width 101.00: "just a text"
      RenderSVGText {text} at (4400,1201) size 101x24 contains 1 chunk(s)
        RenderSVGInlineText {#text} at (0,0) size 101x24
          chunk 1 text run 1 at (4400.00,1220.00) startOffset 0 endOffset 11 width 101.00: "just a text"
      RenderSVGText {text} at (4500,1201) size 101x24 contains 1 chunk(s)
        RenderSVGInlineText {#text} at (0,0) size 101x24
          chunk 1 text run 1 at (4500.00,1220.00) startOffset 0 endOffset 11 width 101.00: "just a text"
      RenderSVGText {text} at (4600,1201) size 101x24 contains 1 chunk(s)
        RenderSVGInlineText {#text} at (0,0) size 101x24
          chunk 1 text run 1 at (4600.00,1220.00) startOffset 0 endOffset 11 width 101.00: "just a text"
      RenderSVGText {text} at (4700,1201) size 101x24 contains 1 chunk(s)
        RenderSVGInlineText {#text} at (0,0) size 101x24
          chunk 1 text run 1 at (4700.00,1220.00) startOffset 0 endOffset 11 width 101.00: "just a text"
      RenderSVGText {text} at (4800,1201) size 101x24 contains 1 chunk(s)
        RenderSVGInlineText {#text} at (0,0) size 101x24
          chunk 1 text run 1 at (4800.00,1220.00) startOffset 0 endOffset 11 width 101.00: "just a text"
      RenderSVGText {text} at (4900,1201) size 101x24 contains 1 chunk(s)
        RenderSVGInlineText {#text} at (0,0) size 101x24
          chunk 1 text run 1 at (4900.00,1220.00) startOffset 0 endOffset 11 width 101.00: "just a text"
      RenderSVGText {text} at (0,1301) size 101x24 contains 1 chunk(s)
        RenderSVGInlineText {#text} at (0,0) size 101x24
          chunk 1 text run 1 at (0.00,1320.00) startOffset 0 endOffset 11 width 101.00: "just a text"
      RenderSVGText {text} at (100,1301) size 101x24 contains 1 chunk(s)
        RenderSVGInlineText {#text} at (0,0) size 101x24
          chunk 1 text run 1 at (100.00,1320.00) startOffset 0 endOffset 11 width 101.00: "just a text"
      RenderSVGText {text} at (200,1301) size 101x24 contains 1 chunk(s)
        RenderSVGInlineText {#text} at (0,0) size 101x24
          chunk 1 text run 1 at (200.00,1320.00) startOffset 0 endOffset 11 width 101.00: "just a text"
      RenderSVGText {text} at (300,1301) size 101x24 contains 1 chunk(s)
        RenderSVGInlineText {#text} at (0,0) size 101x24
          chunk 1 text run 1 at (300.00,1320.00) startOffset 0 endOffset 11 width 101.00: "just a text"
      RenderSVGText {text} at (400,1301) size 101x24 contains 1 chunk(s)
        RenderSVGInlineText {#text} at (0,0) size 101x24
          chunk 1 text run 1 at (400.00,1320.00) startOffset 0 endOffset 11 width 101.00: "just a text"
      RenderSVGText {text} at (500,1301) size 101x24 contains 1 chunk(s)
        RenderSVGInlineText {#text} at (0,0) size 101x24
          chunk 1 text run 1 at (500.00,1320.00) startOffset 0 endOffset 11 width 101.00: "just a text"
      RenderSVGText {text} at (600,1301) size 101x24 contains 1 chunk(s)
        RenderSVGInlineText {#text} at (0,0) size 101x24
          chunk 1 text run 1 at (600.00,1320.00) startOffset 0 endOffset 11 width 101.00: "just a text"
      RenderSVGText {text} at (700,1301) size 101x24 contains 1 chunk(s)
        RenderSVGInlineText {#text} at (0,0) size 101x24
          chunk 1 text run 1 at (700.00,1320.00) startOffset 0 endOffset 11 width 101.00: "just a text"
      RenderSVGText {text} at (800,1301) size 101x24 contains 1 chunk(s)
        RenderSVGInlineText {#text} at (0,0) size 101x24
          chunk 1 text run 1 at (800.00,1320.00) startOffset 0 endOffset 11 width 101.00: "just a text"
      RenderSVGText {text} at (900,1301) size 101x24 contains 1 chunk(s)
        RenderSVGInlineText {#text} at (0,0) size 101x24
          chunk 1 text run 1 at (900.00,1320.00) startOffset 0 endOffset 11 width 101.00: "just a text"
      RenderSVGText {text} at (1000,1301) size 101x24 contains 1 chunk(s)
        RenderSVGInlineText {#text} at (0,0) size 101x24
          chunk 1 text run 1 at (1000.00,1320.00) startOffset 0 endOffset 11 width 101.00: "just a text"
      RenderSVGText {text} at (1100,1301) size 101x24 contains 1 chunk(s)
        RenderSVGInlineText {#text} at (0,0) size 101x24
          chunk 1 text run 1 at (1100.00,1320.00) startOffset 0 endOffset 11 width 101.00: "just a text"
      RenderSVGText {text} at (1200,1301) size 101x24 contains 1 chunk(s)
        RenderSVGInlineText {#text} at (0,0) size 101x24
          chunk 1 text run 1 at (1200.00,1320.00) startOffset 0 endOffset 11 width 101.00: "just a text"
      RenderSVGText {text} at (1300,1301) size 101x24 contains 1 chunk(s)
        RenderSVGInlineText {#text} at (0,0) size 101x24
          chunk 1 text run 1 at (1300.00,1320.00) startOffset 0 endOffset 11 width 101.00: "just a text"
      RenderSVGText {text} at (1400,1301) size 101x24 contains 1 chunk(s)
        RenderSVGInlineText {#text} at (0,0) size 101x24
          chunk 1 text run 1 at (1400.00,1320.00) startOffset 0 endOffset 11 width 101.00: "just a text"
      RenderSVGText {text} at (1500,1301) size 101x24 contains 1 chunk(s)
        RenderSVGInlineText {#text} at (0,0) size 101x24
          chunk 1 text run 1 at (1500.00,1320.00) startOffset 0 endOffset 11 width 101.00: "just a text"
      RenderSVGText {text} at (1600,1301) size 101x24 contains 1 chunk(s)
        RenderSVGInlineText {#text} at (0,0) size 101x24
          chunk 1 text run 1 at (1600.00,1320.00) startOffset 0 endOffset 11 width 101.00: "just a text"
      RenderSVGText {text} at (1700,1301) size 101x24 contains 1 chunk(s)
        RenderSVGInlineText {#text} at (0,0) size 101x24
          chunk 1 text run 1 at (1700.00,1320.00) startOffset 0 endOffset 11 width 101.00: "just a text"
      RenderSVGText {text} at (1800,1301) size 101x24 contains 1 chunk(s)
        RenderSVGInlineText {#text} at (0,0) size 101x24
          chunk 1 text run 1 at (1800.00,1320.00) startOffset 0 endOffset 11 width 101.00: "just a text"
      RenderSVGText {text} at (1900,1301) size 101x24 contains 1 chunk(s)
        RenderSVGInlineText {#text} at (0,0) size 101x24
          chunk 1 text run 1 at (1900.00,1320.00) startOffset 0 endOffset 11 width 101.00: "just a text"
      RenderSVGText {text} at (2000,1301) size 101x24 contains 1 chunk(s)
        RenderSVGInlineText {#text} at (0,0) size 101x24
          chunk 1 text run 1 at (2000.00,1320.00) startOffset 0 endOffset 11 width 101.00: "just a text"
      RenderSVGText {text} at (2100,1301) size 101x24 contains 1 chunk(s)
        RenderSVGInlineText {#text} at (0,0) size 101x24
          chunk 1 text run 1 at (2100.00,1320.00) startOffset 0 endOffset 11 width 101.00: "just a text"
      RenderSVGText {text} at (2200,1301) size 101x24 contains 1 chunk(s)
        RenderSVGInlineText {#text} at (0,0) size 101x24
          chunk 1 text run 1 at (2200.00,1320.00) startOffset 0 endOffset 11 width 101.00: "just a text"
      RenderSVGText {text} at (2300,1301) size 101x24 contains 1 chunk(s)
        RenderSVGInlineText {#text} at (0,0) size 101x24
          chunk 1 text run 1 at (2300.00,1320.00) startOffset 0 endOffset 11 width 101.00: "just a text"
      RenderSVGText {text} at (2400,1301) size 101x24 contains 1 chunk(s)
        RenderSVGInlineText {#text} at (0,0) size 101x24
          chunk 1 text run 1 at (2400.00,1320.00) startOffset 0 endOffset 11 width 101.00: "just a text"
      RenderSVGText {text} at (2500,1301) size 101x24 contains 1 chunk(s)
        RenderSVGInlineText {#text} at (0,0) size 101x24
          chunk 1 text run 1 at (2500.00,1320.00) startOffset 0 endOffset 11 width 101.00: "just a text"
      RenderSVGText {text} at (2600,1301) size 101x24 contains 1 chunk(s)
        RenderSVGInlineText {#text} at (0,0) size 101x24
          chunk 1 text run 1 at (2600.00,1320.00) startOffset 0 endOffset 11 width 101.00: "just a text"
      RenderSVGText {text} at (2700,1301) size 101x24 contains 1 chunk(s)
        RenderSVGInlineText {#text} at (0,0) size 101x24
          chunk 1 text run 1 at (2700.00,1320.00) startOffset 0 endOffset 11 width 101.00: "just a text"
      RenderSVGText {text} at (2800,1301) size 101x24 contains 1 chunk(s)
        RenderSVGInlineText {#text} at (0,0) size 101x24
          chunk 1 text run 1 at (2800.00,1320.00) startOffset 0 endOffset 11 width 101.00: "just a text"
      RenderSVGText {text} at (2900,1301) size 101x24 contains 1 chunk(s)
        RenderSVGInlineText {#text} at (0,0) size 101x24
          chunk 1 text run 1 at (2900.00,1320.00) startOffset 0 endOffset 11 width 101.00: "just a text"
      RenderSVGText {text} at (3000,1301) size 101x24 contains 1 chunk(s)
        RenderSVGInlineText {#text} at (0,0) size 101x24
          chunk 1 text run 1 at (3000.00,1320.00) startOffset 0 endOffset 11 width 101.00: "just a text"
      RenderSVGText {text} at (3100,1301) size 101x24 contains 1 chunk(s)
        RenderSVGInlineText {#text} at (0,0) size 101x24
          chunk 1 text run 1 at (3100.00,1320.00) startOffset 0 endOffset 11 width 101.00: "just a text"
      RenderSVGText {text} at (3200,1301) size 101x24 contains 1 chunk(s)
        RenderSVGInlineText {#text} at (0,0) size 101x24
          chunk 1 text run 1 at (3200.00,1320.00) startOffset 0 endOffset 11 width 101.00: "just a text"
      RenderSVGText {text} at (3300,1301) size 101x24 contains 1 chunk(s)
        RenderSVGInlineText {#text} at (0,0) size 101x24
          chunk 1 text run 1 at (3300.00,1320.00) startOffset 0 endOffset 11 width 101.00: "just a text"
      RenderSVGText {text} at (3400,1301) size 101x24 contains 1 chunk(s)
        RenderSVGInlineText {#text} at (0,0) size 101x24
          chunk 1 text run 1 at (3400.00,1320.00) startOffset 0 endOffset 11 width 101.00: "just a text"
      RenderSVGText {text} at (3500,1301) size 101x24 contains 1 chunk(s)
        RenderSVGInlineText {#text} at (0,0) size 101x24
          chunk 1 text run 1 at (3500.00,1320.00) startOffset 0 endOffset 11 width 101.00: "just a text"
      RenderSVGText {text} at (3600,1301) size 101x24 contains 1 chunk(s)
        RenderSVGInlineText {#text} at (0,0) size 101x24
          chunk 1 text run 1 at (3600.00,1320.00) startOffset 0 endOffset 11 width 101.00: "just a text"
      RenderSVGText {text} at (3700,1301) size 101x24 contains 1 chunk(s)
        RenderSVGInlineText {#text} at (0,0) size 101x24
          chunk 1 text run 1 at (3700.00,1320.00) startOffset 0 endOffset 11 width 101.00: "just a text"
      RenderSVGText {text} at (3800,1301) size 101x24 contains 1 chunk(s)
        RenderSVGInlineText {#text} at (0,0) size 101x24
          chunk 1 text run 1 at (3800.00,1320.00) startOffset 0 endOffset 11 width 101.00: "just a text"
      RenderSVGText {text} at (3900,1301) size 101x24 contains 1 chunk(s)
        RenderSVGInlineText {#text} at (0,0) size 101x24
          chunk 1 text run 1 at (3900.00,1320.00) startOffset 0 endOffset 11 width 101.00: "just a text"
      RenderSVGText {text} at (4000,1301) size 101x24 contains 1 chunk(s)
        RenderSVGInlineText {#text} at (0,0) size 101x24
          chunk 1 text run 1 at (4000.00,1320.00) startOffset 0 endOffset 11 width 101.00: "just a text"
      RenderSVGText {text} at (4100,1301) size 101x24 contains 1 chunk(s)
        RenderSVGInlineText {#text} at (0,0) size 101x24
          chunk 1 text run 1 at (4100.00,1320.00) startOffset 0 endOffset 11 width 101.00: "just a text"
      RenderSVGText {text} at (4200,1301) size 101x24 contains 1 chunk(s)
        RenderSVGInlineText {#text} at (0,0) size 101x24
          chunk 1 text run 1 at (4200.00,1320.00) startOffset 0 endOffset 11 width 101.00: "just a text"
      RenderSVGText {text} at (4300,1301) size 101x24 contains 1 chunk(s)
        RenderSVGInlineText {#text} at (0,0) size 101x24
          chunk 1 text run 1 at (4300.00,1320.00) startOffset 0 endOffset 11 width 101.00: "just a text"
      RenderSVGText {text} at (4400,1301) size 101x24 contains 1 chunk(s)
        RenderSVGInlineText {#text} at (0,0) size 101x24
          chunk 1 text run 1 at (4400.00,1320.00) startOffset 0 endOffset 11 width 101.00: "just a text"
      RenderSVGText {text} at (4500,1301) size 101x24 contains 1 chunk(s)
        RenderSVGInlineText {#text} at (0,0) size 101x24
          chunk 1 text run 1 at (4500.00,1320.00) startOffset 0 endOffset 11 width 101.00: "just a text"
      RenderSVGText {text} at (4600,1301) size 101x24 contains 1 chunk(s)
        RenderSVGInlineText {#text} at (0,0) size 101x24
          chunk 1 text run 1 at (4600.00,1320.00) startOffset 0 endOffset 11 width 101.00: "just a text"
      RenderSVGText {text} at (4700,1301) size 101x24 contains 1 chunk(s)
        RenderSVGInlineText {#text} at (0,0) size 101x24
          chunk 1 text run 1 at (4700.00,1320.00) startOffset 0 endOffset 11 width 101.00: "just a text"
      RenderSVGText {text} at (4800,1301) size 101x24 contains 1 chunk(s)
        RenderSVGInlineText {#text} at (0,0) size 101x24
          chunk 1 text run 1 at (4800.00,1320.00) startOffset 0 endOffset 11 width 101.00: "just a text"
      RenderSVGText {text} at (4900,1301) size 101x24 contains 1 chunk(s)
        RenderSVGInlineText {#text} at (0,0) size 101x24
          chunk 1 text run 1 at (4900.00,1320.00) startOffset 0 endOffset 11 width 101.00: "just a text"
      RenderSVGText {text} at (0,1401) size 101x24 contains 1 chunk(s)
        RenderSVGInlineText {#text} at (0,0) size 101x24
          chunk 1 text run 1 at (0.00,1420.00) startOffset 0 endOffset 11 width 101.00: "just a text"
      RenderSVGText {text} at (100,1401) size 101x24 contains 1 chunk(s)
        RenderSVGInlineText {#text} at (0,0) size 101x24
          chunk 1 text run 1 at (100.00,1420.00) startOffset 0 endOffset 11 width 101.00: "just a text"
      RenderSVGText {text} at (200,1401) size 101x24 contains 1 chunk(s)
        RenderSVGInlineText {#text} at (0,0) size 101x24
          chunk 1 text run 1 at (200.00,1420.00) startOffset 0 endOffset 11 width 101.00: "just a text"
      RenderSVGText {text} at (300,1401) size 101x24 contains 1 chunk(s)
        RenderSVGInlineText {#text} at (0,0) size 101x24
          chunk 1 text run 1 at (300.00,1420.00) startOffset 0 endOffset 11 width 101.00: "just a text"
      RenderSVGText {text} at (400,1401) size 101x24 contains 1 chunk(s)
        RenderSVGInlineText {#text} at (0,0) size 101x24
          chunk 1 text run 1 at (400.00,1420.00) startOffset 0 endOffset 11 width 101.00: "just a text"
      RenderSVGText {text} at (500,1401) size 101x24 contains 1 chunk(s)
        RenderSVGInlineText {#text} at (0,0) size 101x24
          chunk 1 text run 1 at (500.00,1420.00) startOffset 0 endOffset 11 width 101.00: "just a text"
      RenderSVGText {text} at (600,1401) size 101x24 contains 1 chunk(s)
        RenderSVGInlineText {#text} at (0,0) size 101x24
          chunk 1 text run 1 at (600.00,1420.00) startOffset 0 endOffset 11 width 101.00: "just a text"
      RenderSVGText {text} at (700,1401) size 101x24 contains 1 chunk(s)
        RenderSVGInlineText {#text} at (0,0) size 101x24
          chunk 1 text run 1 at (700.00,1420.00) startOffset 0 endOffset 11 width 101.00: "just a text"
      RenderSVGText {text} at (800,1401) size 101x24 contains 1 chunk(s)
        RenderSVGInlineText {#text} at (0,0) size 101x24
          chunk 1 text run 1 at (800.00,1420.00) startOffset 0 endOffset 11 width 101.00: "just a text"
      RenderSVGText {text} at (900,1401) size 101x24 contains 1 chunk(s)
        RenderSVGInlineText {#text} at (0,0) size 101x24
          chunk 1 text run 1 at (900.00,1420.00) startOffset 0 endOffset 11 width 101.00: "just a text"
      RenderSVGText {text} at (1000,1401) size 101x24 contains 1 chunk(s)
        RenderSVGInlineText {#text} at (0,0) size 101x24
          chunk 1 text run 1 at (1000.00,1420.00) startOffset 0 endOffset 11 width 101.00: "just a text"
      RenderSVGText {text} at (1100,1401) size 101x24 contains 1 chunk(s)
        RenderSVGInlineText {#text} at (0,0) size 101x24
          chunk 1 text run 1 at (1100.00,1420.00) startOffset 0 endOffset 11 width 101.00: "just a text"
      RenderSVGText {text} at (1200,1401) size 101x24 contains 1 chunk(s)
        RenderSVGInlineText {#text} at (0,0) size 101x24
          chunk 1 text run 1 at (1200.00,1420.00) startOffset 0 endOffset 11 width 101.00: "just a text"
      RenderSVGText {text} at (1300,1401) size 101x24 contains 1 chunk(s)
        RenderSVGInlineText {#text} at (0,0) size 101x24
          chunk 1 text run 1 at (1300.00,1420.00) startOffset 0 endOffset 11 width 101.00: "just a text"
      RenderSVGText {text} at (1400,1401) size 101x24 contains 1 chunk(s)
        RenderSVGInlineText {#text} at (0,0) size 101x24
          chunk 1 text run 1 at (1400.00,1420.00) startOffset 0 endOffset 11 width 101.00: "just a text"
      RenderSVGText {text} at (1500,1401) size 101x24 contains 1 chunk(s)
        RenderSVGInlineText {#text} at (0,0) size 101x24
          chunk 1 text run 1 at (1500.00,1420.00) startOffset 0 endOffset 11 width 101.00: "just a text"
      RenderSVGText {text} at (1600,1401) size 101x24 contains 1 chunk(s)
        RenderSVGInlineText {#text} at (0,0) size 101x24
          chunk 1 text run 1 at (1600.00,1420.00) startOffset 0 endOffset 11 width 101.00: "just a text"
      RenderSVGText {text} at (1700,1401) size 101x24 contains 1 chunk(s)
        RenderSVGInlineText {#text} at (0,0) size 101x24
          chunk 1 text run 1 at (1700.00,1420.00) startOffset 0 endOffset 11 width 101.00: "just a text"
      RenderSVGText {text} at (1800,1401) size 101x24 contains 1 chunk(s)
        RenderSVGInlineText {#text} at (0,0) size 101x24
          chunk 1 text run 1 at (1800.00,1420.00) startOffset 0 endOffset 11 width 101.00: "just a text"
      RenderSVGText {text} at (1900,1401) size 101x24 contains 1 chunk(s)
        RenderSVGInlineText {#text} at (0,0) size 101x24
          chunk 1 text run 1 at (1900.00,1420.00) startOffset 0 endOffset 11 width 101.00: "just a text"
      RenderSVGText {text} at (2000,1401) size 101x24 contains 1 chunk(s)
        RenderSVGInlineText {#text} at (0,0) size 101x24
          chunk 1 text run 1 at (2000.00,1420.00) startOffset 0 endOffset 11 width 101.00: "just a text"
      RenderSVGText {text} at (2100,1401) size 101x24 contains 1 chunk(s)
        RenderSVGInlineText {#text} at (0,0) size 101x24
          chunk 1 text run 1 at (2100.00,1420.00) startOffset 0 endOffset 11 width 101.00: "just a text"
      RenderSVGText {text} at (2200,1401) size 101x24 contains 1 chunk(s)
        RenderSVGInlineText {#text} at (0,0) size 101x24
          chunk 1 text run 1 at (2200.00,1420.00) startOffset 0 endOffset 11 width 101.00: "just a text"
      RenderSVGText {text} at (2300,1401) size 101x24 contains 1 chunk(s)
        RenderSVGInlineText {#text} at (0,0) size 101x24
          chunk 1 text run 1 at (2300.00,1420.00) startOffset 0 endOffset 11 width 101.00: "just a text"
      RenderSVGText {text} at (2400,1401) size 101x24 contains 1 chunk(s)
        RenderSVGInlineText {#text} at (0,0) size 101x24
          chunk 1 text run 1 at (2400.00,1420.00) startOffset 0 endOffset 11 width 101.00: "just a text"
      RenderSVGText {text} at (2500,1401) size 101x24 contains 1 chunk(s)
        RenderSVGInlineText {#text} at (0,0) size 101x24
          chunk 1 text run 1 at (2500.00,1420.00) startOffset 0 endOffset 11 width 101.00: "just a text"
      RenderSVGText {text} at (2600,1401) size 101x24 contains 1 chunk(s)
        RenderSVGInlineText {#text} at (0,0) size 101x24
          chunk 1 text run 1 at (2600.00,1420.00) startOffset 0 endOffset 11 width 101.00: "just a text"
      RenderSVGText {text} at (2700,1401) size 101x24 contains 1 chunk(s)
        RenderSVGInlineText {#text} at (0,0) size 101x24
          chunk 1 text run 1 at (2700.00,1420.00) startOffset 0 endOffset 11 width 101.00: "just a text"
      RenderSVGText {text} at (2800,1401) size 101x24 contains 1 chunk(s)
        RenderSVGInlineText {#text} at (0,0) size 101x24
          chunk 1 text run 1 at (2800.00,1420.00) startOffset 0 endOffset 11 width 101.00: "just a text"
      RenderSVGText {text} at (2900,1401) size 101x24 contains 1 chunk(s)
        RenderSVGInlineText {#text} at (0,0) size 101x24
          chunk 1 text run 1 at (2900.00,1420.00) startOffset 0 endOffset 11 width 101.00: "just a text"
      RenderSVGText {text} at (3000,1401) size 101x24 contains 1 chunk(s)
        RenderSVGInlineText {#text} at (0,0) size 101x24
          chunk 1 text run 1 at (3000.00,1420.00) startOffset 0 endOffset 11 width 101.00: "just a text"
      RenderSVGText {text} at (3100,1401) size 101x24 contains 1 chunk(s)
        RenderSVGInlineText {#text} at (0,0) size 101x24
          chunk 1 text run 1 at (3100.00,1420.00) startOffset 0 endOffset 11 width 101.00: "just a text"
      RenderSVGText {text} at (3200,1401) size 101x24 contains 1 chunk(s)
        RenderSVGInlineText {#text} at (0,0) size 101x24
          chunk 1 text run 1 at (3200.00,1420.00) startOffset 0 endOffset 11 width 101.00: "just a text"
      RenderSVGText {text} at (3300,1401) size 101x24 contains 1 chunk(s)
        RenderSVGInlineText {#text} at (0,0) size 101x24
          chunk 1 text run 1 at (3300.00,1420.00) startOffset 0 endOffset 11 width 101.00: "just a text"
      RenderSVGText {text} at (3400,1401) size 101x24 contains 1 chunk(s)
        RenderSVGInlineText {#text} at (0,0) size 101x24
          chunk 1 text run 1 at (3400.00,1420.00) startOffset 0 endOffset 11 width 101.00: "just a text"
      RenderSVGText {text} at (3500,1401) size 101x24 contains 1 chunk(s)
        RenderSVGInlineText {#text} at (0,0) size 101x24
          chunk 1 text run 1 at (3500.00,1420.00) startOffset 0 endOffset 11 width 101.00: "just a text"
      RenderSVGText {text} at (3600,1401) size 101x24 contains 1 chunk(s)
        RenderSVGInlineText {#text} at (0,0) size 101x24
          chunk 1 text run 1 at (3600.00,1420.00) startOffset 0 endOffset 11 width 101.00: "just a text"
      RenderSVGText {text} at (3700,1401) size 101x24 contains 1 chunk(s)
        RenderSVGInlineText {#text} at (0,0) size 101x24
          chunk 1 text run 1 at (3700.00,1420.00) startOffset 0 endOffset 11 width 101.00: "just a text"
      RenderSVGText {text} at (3800,1401) size 101x24 contains 1 chunk(s)
        RenderSVGInlineText {#text} at (0,0) size 101x24
          chunk 1 text run 1 at (3800.00,1420.00) startOffset 0 endOffset 11 width 101.00: "just a text"
      RenderSVGText {text} at (3900,1401) size 101x24 contains 1 chunk(s)
        RenderSVGInlineText {#text} at (0,0) size 101x24
          chunk 1 text run 1 at (3900.00,1420.00) startOffset 0 endOffset 11 width 101.00: "just a text"
      RenderSVGText {text} at (4000,1401) size 101x24 contains 1 chunk(s)
        RenderSVGInlineText {#text} at (0,0) size 101x24
          chunk 1 text run 1 at (4000.00,1420.00) startOffset 0 endOffset 11 width 101.00: "just a text"
      RenderSVGText {text} at (4100,1401) size 101x24 contains 1 chunk(s)
        RenderSVGInlineText {#text} at (0,0) size 101x24
          chunk 1 text run 1 at (4100.00,1420.00) startOffset 0 endOffset 11 width 101.00: "just a text"
      RenderSVGText {text} at (4200,1401) size 101x24 contains 1 chunk(s)
        RenderSVGInlineText {#text} at (0,0) size 101x24
          chunk 1 text run 1 at (4200.00,1420.00) startOffset 0 endOffset 11 width 101.00: "just a text"
      RenderSVGText {text} at (4300,1401) size 101x24 contains 1 chunk(s)
        RenderSVGInlineText {#text} at (0,0) size 101x24
          chunk 1 text run 1 at (4300.00,1420.00) startOffset 0 endOffset 11 width 101.00: "just a text"
      RenderSVGText {text} at (4400,1401) size 101x24 contains 1 chunk(s)
        RenderSVGInlineText {#text} at (0,0) size 101x24
          chunk 1 text run 1 at (4400.00,1420.00) startOffset 0 endOffset 11 width 101.00: "just a text"
      RenderSVGText {text} at (4500,1401) size 101x24 contains 1 chunk(s)
        RenderSVGInlineText {#text} at (0,0) size 101x24
          chunk 1 text run 1 at (4500.00,1420.00) startOffset 0 endOffset 11 width 101.00: "just a text"
      RenderSVGText {text} at (4600,1401) size 101x24 contains 1 chunk(s)
        RenderSVGInlineText {#text} at (0,0) size 101x24
          chunk 1 text run 1 at (4600.00,1420.00) startOffset 0 endOffset 11 width 101.00: "just a text"
      RenderSVGText {text} at (4700,1401) size 101x24 contains 1 chunk(s)
        RenderSVGInlineText {#text} at (0,0) size 101x24
          chunk 1 text run 1 at (4700.00,1420.00) startOffset 0 endOffset 11 width 101.00: "just a text"
      RenderSVGText {text} at (4800,1401) size 101x24 contains 1 chunk(s)
        RenderSVGInlineText {#text} at (0,0) size 101x24
          chunk 1 text run 1 at (4800.00,1420.00) startOffset 0 endOffset 11 width 101.00: "just a text"
      RenderSVGText {text} at (4900,1401) size 101x24 contains 1 chunk(s)
        RenderSVGInlineText {#text} at (0,0) size 101x24
          chunk 1 text run 1 at (4900.00,1420.00) startOffset 0 endOffset 11 width 101.00: "just a text"
      RenderSVGText {text} at (0,1501) size 101x24 contains 1 chunk(s)
        RenderSVGInlineText {#text} at (0,0) size 101x24
          chunk 1 text run 1 at (0.00,1520.00) startOffset 0 endOffset 11 width 101.00: "just a text"
      RenderSVGText {text} at (100,1501) size 101x24 contains 1 chunk(s)
        RenderSVGInlineText {#text} at (0,0) size 101x24
          chunk 1 text run 1 at (100.00,1520.00) startOffset 0 endOffset 11 width 101.00: "just a text"
      RenderSVGText {text} at (200,1501) size 101x24 contains 1 chunk(s)
        RenderSVGInlineText {#text} at (0,0) size 101x24
          chunk 1 text run 1 at (200.00,1520.00) startOffset 0 endOffset 11 width 101.00: "just a text"
      RenderSVGText {text} at (300,1501) size 101x24 contains 1 chunk(s)
        RenderSVGInlineText {#text} at (0,0) size 101x24
          chunk 1 text run 1 at (300.00,1520.00) startOffset 0 endOffset 11 width 101.00: "just a text"
      RenderSVGText {text} at (400,1501) size 101x24 contains 1 chunk(s)
        RenderSVGInlineText {#text} at (0,0) size 101x24
          chunk 1 text run 1 at (400.00,1520.00) startOffset 0 endOffset 11 width 101.00: "just a text"
      RenderSVGText {text} at (500,1501) size 101x24 contains 1 chunk(s)
        RenderSVGInlineText {#text} at (0,0) size 101x24
          chunk 1 text run 1 at (500.00,1520.00) startOffset 0 endOffset 11 width 101.00: "just a text"
      RenderSVGText {text} at (600,1501) size 101x24 contains 1 chunk(s)
        RenderSVGInlineText {#text} at (0,0) size 101x24
          chunk 1 text run 1 at (600.00,1520.00) startOffset 0 endOffset 11 width 101.00: "just a text"
      RenderSVGText {text} at (700,1501) size 101x24 contains 1 chunk(s)
        RenderSVGInlineText {#text} at (0,0) size 101x24
          chunk 1 text run 1 at (700.00,1520.00) startOffset 0 endOffset 11 width 101.00: "just a text"
      RenderSVGText {text} at (800,1501) size 101x24 contains 1 chunk(s)
        RenderSVGInlineText {#text} at (0,0) size 101x24
          chunk 1 text run 1 at (800.00,1520.00) startOffset 0 endOffset 11 width 101.00: "just a text"
      RenderSVGText {text} at (900,1501) size 101x24 contains 1 chunk(s)
        RenderSVGInlineText {#text} at (0,0) size 101x24
          chunk 1 text run 1 at (900.00,1520.00) startOffset 0 endOffset 11 width 101.00: "just a text"
      RenderSVGText {text} at (1000,1501) size 101x24 contains 1 chunk(s)
        RenderSVGInlineText {#text} at (0,0) size 101x24
          chunk 1 text run 1 at (1000.00,1520.00) startOffset 0 endOffset 11 width 101.00: "just a text"
      RenderSVGText {text} at (1100,1501) size 101x24 contains 1 chunk(s)
        RenderSVGInlineText {#text} at (0,0) size 101x24
          chunk 1 text run 1 at (1100.00,1520.00) startOffset 0 endOffset 11 width 101.00: "just a text"
      RenderSVGText {text} at (1200,1501) size 101x24 contains 1 chunk(s)
        RenderSVGInlineText {#text} at (0,0) size 101x24
          chunk 1 text run 1 at (1200.00,1520.00) startOffset 0 endOffset 11 width 101.00: "just a text"
      RenderSVGText {text} at (1300,1501) size 101x24 contains 1 chunk(s)
        RenderSVGInlineText {#text} at (0,0) size 101x24
          chunk 1 text run 1 at (1300.00,1520.00) startOffset 0 endOffset 11 width 101.00: "just a text"
      RenderSVGText {text} at (1400,1501) size 101x24 contains 1 chunk(s)
        RenderSVGInlineText {#text} at (0,0) size 101x24
          chunk 1 text run 1 at (1400.00,1520.00) startOffset 0 endOffset 11 width 101.00: "just a text"
      RenderSVGText {text} at (1500,1501) size 101x24 contains 1 chunk(s)
        RenderSVGInlineText {#text} at (0,0) size 101x24
          chunk 1 text run 1 at (1500.00,1520.00) startOffset 0 endOffset 11 width 101.00: "just a text"
      RenderSVGText {text} at (1600,1501) size 101x24 contains 1 chunk(s)
        RenderSVGInlineText {#text} at (0,0) size 101x24
          chunk 1 text run 1 at (1600.00,1520.00) startOffset 0 endOffset 11 width 101.00: "just a text"
      RenderSVGText {text} at (1700,1501) size 101x24 contains 1 chunk(s)
        RenderSVGInlineText {#text} at (0,0) size 101x24
          chunk 1 text run 1 at (1700.00,1520.00) startOffset 0 endOffset 11 width 101.00: "just a text"
      RenderSVGText {text} at (1800,1501) size 101x24 contains 1 chunk(s)
        RenderSVGInlineText {#text} at (0,0) size 101x24
          chunk 1 text run 1 at (1800.00,1520.00) startOffset 0 endOffset 11 width 101.00: "just a text"
      RenderSVGText {text} at (1900,1501) size 101x24 contains 1 chunk(s)
        RenderSVGInlineText {#text} at (0,0) size 101x24
          chunk 1 text run 1 at (1900.00,1520.00) startOffset 0 endOffset 11 width 101.00: "just a text"
      RenderSVGText {text} at (2000,1501) size 101x24 contains 1 chunk(s)
        RenderSVGInlineText {#text} at (0,0) size 101x24
          chunk 1 text run 1 at (2000.00,1520.00) startOffset 0 endOffset 11 width 101.00: "just a text"
      RenderSVGText {text} at (2100,1501) size 101x24 contains 1 chunk(s)
        RenderSVGInlineText {#text} at (0,0) size 101x24
          chunk 1 text run 1 at (2100.00,1520.00) startOffset 0 endOffset 11 width 101.00: "just a text"
      RenderSVGText {text} at (2200,1501) size 101x24 contains 1 chunk(s)
        RenderSVGInlineText {#text} at (0,0) size 101x24
          chunk 1 text run 1 at (2200.00,1520.00) startOffset 0 endOffset 11 width 101.00: "just a text"
      RenderSVGText {text} at (2300,1501) size 101x24 contains 1 chunk(s)
        RenderSVGInlineText {#text} at (0,0) size 101x24
          chunk 1 text run 1 at (2300.00,1520.00) startOffset 0 endOffset 11 width 101.00: "just a text"
      RenderSVGText {text} at (2400,1501) size 101x24 contains 1 chunk(s)
        RenderSVGInlineText {#text} at (0,0) size 101x24
          chunk 1 text run 1 at (2400.00,1520.00) startOffset 0 endOffset 11 width 101.00: "just a text"
      RenderSVGText {text} at (2500,1501) size 101x24 contains 1 chunk(s)
        RenderSVGInlineText {#text} at (0,0) size 101x24
          chunk 1 text run 1 at (2500.00,1520.00) startOffset 0 endOffset 11 width 101.00: "just a text"
      RenderSVGText {text} at (2600,1501) size 101x24 contains 1 chunk(s)
        RenderSVGInlineText {#text} at (0,0) size 101x24
          chunk 1 text run 1 at (2600.00,1520.00) startOffset 0 endOffset 11 width 101.00: "just a text"
      RenderSVGText {text} at (2700,1501) size 101x24 contains 1 chunk(s)
        RenderSVGInlineText {#text} at (0,0) size 101x24
          chunk 1 text run 1 at (2700.00,1520.00) startOffset 0 endOffset 11 width 101.00: "just a text"
      RenderSVGText {text} at (2800,1501) size 101x24 contains 1 chunk(s)
        RenderSVGInlineText {#text} at (0,0) size 101x24
          chunk 1 text run 1 at (2800.00,1520.00) startOffset 0 endOffset 11 width 101.00: "just a text"
      RenderSVGText {text} at (2900,1501) size 101x24 contains 1 chunk(s)
        RenderSVGInlineText {#text} at (0,0) size 101x24
          chunk 1 text run 1 at (2900.00,1520.00) startOffset 0 endOffset 11 width 101.00: "just a text"
      RenderSVGText {text} at (3000,1501) size 101x24 contains 1 chunk(s)
        RenderSVGInlineText {#text} at (0,0) size 101x24
          chunk 1 text run 1 at (3000.00,1520.00) startOffset 0 endOffset 11 width 101.00: "just a text"
      RenderSVGText {text} at (3100,1501) size 101x24 contains 1 chunk(s)
        RenderSVGInlineText {#text} at (0,0) size 101x24
          chunk 1 text run 1 at (3100.00,1520.00) startOffset 0 endOffset 11 width 101.00: "just a text"
      RenderSVGText {text} at (3200,1501) size 101x24 contains 1 chunk(s)
        RenderSVGInlineText {#text} at (0,0) size 101x24
          chunk 1 text run 1 at (3200.00,1520.00) startOffset 0 endOffset 11 width 101.00: "just a text"
      RenderSVGText {text} at (3300,1501) size 101x24 contains 1 chunk(s)
        RenderSVGInlineText {#text} at (0,0) size 101x24
          chunk 1 text run 1 at (3300.00,1520.00) startOffset 0 endOffset 11 width 101.00: "just a text"
      RenderSVGText {text} at (3400,1501) size 101x24 contains 1 chunk(s)
        RenderSVGInlineText {#text} at (0,0) size 101x24
          chunk 1 text run 1 at (3400.00,1520.00) startOffset 0 endOffset 11 width 101.00: "just a text"
      RenderSVGText {text} at (3500,1501) size 101x24 contains 1 chunk(s)
        RenderSVGInlineText {#text} at (0,0) size 101x24
          chunk 1 text run 1 at (3500.00,1520.00) startOffset 0 endOffset 11 width 101.00: "just a text"
      RenderSVGText {text} at (3600,1501) size 101x24 contains 1 chunk(s)
        RenderSVGInlineText {#text} at (0,0) size 101x24
          chunk 1 text run 1 at (3600.00,1520.00) startOffset 0 endOffset 11 width 101.00: "just a text"
      RenderSVGText {text} at (3700,1501) size 101x24 contains 1 chunk(s)
        RenderSVGInlineText {#text} at (0,0) size 101x24
          chunk 1 text run 1 at (3700.00,1520.00) startOffset 0 endOffset 11 width 101.00: "just a text"
      RenderSVGText {text} at (3800,1501) size 101x24 contains 1 chunk(s)
        RenderSVGInlineText {#text} at (0,0) size 101x24
          chunk 1 text run 1 at (3800.00,1520.00) startOffset 0 endOffset 11 width 101.00: "just a text"
      RenderSVGText {text} at (3900,1501) size 101x24 contains 1 chunk(s)
        RenderSVGInlineText {#text} at (0,0) size 101x24
          chunk 1 text run 1 at (3900.00,1520.00) startOffset 0 endOffset 11 width 101.00: "just a text"
      RenderSVGText {text} at (4000,1501) size 101x24 contains 1 chunk(s)
        RenderSVGInlineText {#text} at (0,0) size 101x24
          chunk 1 text run 1 at (4000.00,1520.00) startOffset 0 endOffset 11 width 101.00: "just a text"
      RenderSVGText {text} at (4100,1501) size 101x24 contains 1 chunk(s)
        RenderSVGInlineText {#text} at (0,0) size 101x24
          chunk 1 text run 1 at (4100.00,1520.00) startOffset 0 endOffset 11 width 101.00: "just a text"
      RenderSVGText {text} at (4200,1501) size 101x24 contains 1 chunk(s)
        RenderSVGInlineText {#text} at (0,0) size 101x24
          chunk 1 text run 1 at (4200.00,1520.00) startOffset 0 endOffset 11 width 101.00: "just a text"
      RenderSVGText {text} at (4300,1501) size 101x24 contains 1 chunk(s)
        RenderSVGInlineText {#text} at (0,0) size 101x24
          chunk 1 text run 1 at (4300.00,1520.00) startOffset 0 endOffset 11 width 101.00: "just a text"
      RenderSVGText {text} at (4400,1501) size 101x24 contains 1 chunk(s)
        RenderSVGInlineText {#text} at (0,0) size 101x24
          chunk 1 text run 1 at (4400.00,1520.00) startOffset 0 endOffset 11 width 101.00: "just a text"
      RenderSVGText {text} at (4500,1501) size 101x24 contains 1 chunk(s)
        RenderSVGInlineText {#text} at (0,0) size 101x24
          chunk 1 text run 1 at (4500.00,1520.00) startOffset 0 endOffset 11 width 101.00: "just a text"
      RenderSVGText {text} at (4600,1501) size 101x24 contains 1 chunk(s)
        RenderSVGInlineText {#text} at (0,0) size 101x24
          chunk 1 text run 1 at (4600.00,1520.00) startOffset 0 endOffset 11 width 101.00: "just a text"
      RenderSVGText {text} at (4700,1501) size 101x24 contains 1 chunk(s)
        RenderSVGInlineText {#text} at (0,0) size 101x24
          chunk 1 text run 1 at (4700.00,1520.00) startOffset 0 endOffset 11 width 101.00: "just a text"
      RenderSVGText {text} at (4800,1501) size 101x24 contains 1 chunk(s)
        RenderSVGInlineText {#text} at (0,0) size 101x24
          chunk 1 text run 1 at (4800.00,1520.00) startOffset 0 endOffset 11 width 101.00: "just a text"
      RenderSVGText {text} at (4900,1501) size 101x24 contains 1 chunk(s)
        RenderSVGInlineText {#text} at (0,0) size 101x24
          chunk 1 text run 1 at (4900.00,1520.00) startOffset 0 endOffset 11 width 101.00: "just a text"
      RenderSVGText {text} at (0,1601) size 101x24 contains 1 chunk(s)
        RenderSVGInlineText {#text} at (0,0) size 101x24
          chunk 1 text run 1 at (0.00,1620.00) startOffset 0 endOffset 11 width 101.00: "just a text"
      RenderSVGText {text} at (100,1601) size 101x24 contains 1 chunk(s)
        RenderSVGInlineText {#text} at (0,0) size 101x24
          chunk 1 text run 1 at (100.00,1620.00) startOffset 0 endOffset 11 width 101.00: "just a text"
      RenderSVGText {text} at (200,1601) size 101x24 contains 1 chunk(s)
        RenderSVGInlineText {#text} at (0,0) size 101x24
          chunk 1 text run 1 at (200.00,1620.00) startOffset 0 endOffset 11 width 101.00: "just a text"
      RenderSVGText {text} at (300,1601) size 101x24 contains 1 chunk(s)
        RenderSVGInlineText {#text} at (0,0) size 101x24
          chunk 1 text run 1 at (300.00,1620.00) startOffset 0 endOffset 11 width 101.00: "just a text"
      RenderSVGText {text} at (400,1601) size 101x24 contains 1 chunk(s)
        RenderSVGInlineText {#text} at (0,0) size 101x24
          chunk 1 text run 1 at (400.00,1620.00) startOffset 0 endOffset 11 width 101.00: "just a text"
      RenderSVGText {text} at (500,1601) size 101x24 contains 1 chunk(s)
        RenderSVGInlineText {#text} at (0,0) size 101x24
          chunk 1 text run 1 at (500.00,1620.00) startOffset 0 endOffset 11 width 101.00: "just a text"
      RenderSVGText {text} at (600,1601) size 101x24 contains 1 chunk(s)
        RenderSVGInlineText {#text} at (0,0) size 101x24
          chunk 1 text run 1 at (600.00,1620.00) startOffset 0 endOffset 11 width 101.00: "just a text"
      RenderSVGText {text} at (700,1601) size 101x24 contains 1 chunk(s)
        RenderSVGInlineText {#text} at (0,0) size 101x24
          chunk 1 text run 1 at (700.00,1620.00) startOffset 0 endOffset 11 width 101.00: "just a text"
      RenderSVGText {text} at (800,1601) size 101x24 contains 1 chunk(s)
        RenderSVGInlineText {#text} at (0,0) size 101x24
          chunk 1 text run 1 at (800.00,1620.00) startOffset 0 endOffset 11 width 101.00: "just a text"
      RenderSVGText {text} at (900,1601) size 101x24 contains 1 chunk(s)
        RenderSVGInlineText {#text} at (0,0) size 101x24
          chunk 1 text run 1 at (900.00,1620.00) startOffset 0 endOffset 11 width 101.00: "just a text"
      RenderSVGText {text} at (1000,1601) size 101x24 contains 1 chunk(s)
        RenderSVGInlineText {#text} at (0,0) size 101x24
          chunk 1 text run 1 at (1000.00,1620.00) startOffset 0 endOffset 11 width 101.00: "just a text"
      RenderSVGText {text} at (1100,1601) size 101x24 contains 1 chunk(s)
        RenderSVGInlineText {#text} at (0,0) size 101x24
          chunk 1 text run 1 at (1100.00,1620.00) startOffset 0 endOffset 11 width 101.00: "just a text"
      RenderSVGText {text} at (1200,1601) size 101x24 contains 1 chunk(s)
        RenderSVGInlineText {#text} at (0,0) size 101x24
          chunk 1 text run 1 at (1200.00,1620.00) startOffset 0 endOffset 11 width 101.00: "just a text"
      RenderSVGText {text} at (1300,1601) size 101x24 contains 1 chunk(s)
        RenderSVGInlineText {#text} at (0,0) size 101x24
          chunk 1 text run 1 at (1300.00,1620.00) startOffset 0 endOffset 11 width 101.00: "just a text"
      RenderSVGText {text} at (1400,1601) size 101x24 contains 1 chunk(s)
        RenderSVGInlineText {#text} at (0,0) size 101x24
          chunk 1 text run 1 at (1400.00,1620.00) startOffset 0 endOffset 11 width 101.00: "just a text"
      RenderSVGText {text} at (1500,1601) size 101x24 contains 1 chunk(s)
        RenderSVGInlineText {#text} at (0,0) size 101x24
          chunk 1 text run 1 at (1500.00,1620.00) startOffset 0 endOffset 11 width 101.00: "just a text"
      RenderSVGText {text} at (1600,1601) size 101x24 contains 1 chunk(s)
        RenderSVGInlineText {#text} at (0,0) size 101x24
          chunk 1 text run 1 at (1600.00,1620.00) startOffset 0 endOffset 11 width 101.00: "just a text"
      RenderSVGText {text} at (1700,1601) size 101x24 contains 1 chunk(s)
        RenderSVGInlineText {#text} at (0,0) size 101x24
          chunk 1 text run 1 at (1700.00,1620.00) startOffset 0 endOffset 11 width 101.00: "just a text"
      RenderSVGText {text} at (1800,1601) size 101x24 contains 1 chunk(s)
        RenderSVGInlineText {#text} at (0,0) size 101x24
          chunk 1 text run 1 at (1800.00,1620.00) startOffset 0 endOffset 11 width 101.00: "just a text"
      RenderSVGText {text} at (1900,1601) size 101x24 contains 1 chunk(s)
        RenderSVGInlineText {#text} at (0,0) size 101x24
          chunk 1 text run 1 at (1900.00,1620.00) startOffset 0 endOffset 11 width 101.00: "just a text"
      RenderSVGText {text} at (2000,1601) size 101x24 contains 1 chunk(s)
        RenderSVGInlineText {#text} at (0,0) size 101x24
          chunk 1 text run 1 at (2000.00,1620.00) startOffset 0 endOffset 11 width 101.00: "just a text"
      RenderSVGText {text} at (2100,1601) size 101x24 contains 1 chunk(s)
        RenderSVGInlineText {#text} at (0,0) size 101x24
          chunk 1 text run 1 at (2100.00,1620.00) startOffset 0 endOffset 11 width 101.00: "just a text"
      RenderSVGText {text} at (2200,1601) size 101x24 contains 1 chunk(s)
        RenderSVGInlineText {#text} at (0,0) size 101x24
          chunk 1 text run 1 at (2200.00,1620.00) startOffset 0 endOffset 11 width 101.00: "just a text"
      RenderSVGText {text} at (2300,1601) size 101x24 contains 1 chunk(s)
        RenderSVGInlineText {#text} at (0,0) size 101x24
          chunk 1 text run 1 at (2300.00,1620.00) startOffset 0 endOffset 11 width 101.00: "just a text"
      RenderSVGText {text} at (2400,1601) size 101x24 contains 1 chunk(s)
        RenderSVGInlineText {#text} at (0,0) size 101x24
          chunk 1 text run 1 at (2400.00,1620.00) startOffset 0 endOffset 11 width 101.00: "just a text"
      RenderSVGText {text} at (2500,1601) size 101x24 contains 1 chunk(s)
        RenderSVGInlineText {#text} at (0,0) size 101x24
          chunk 1 text run 1 at (2500.00,1620.00) startOffset 0 endOffset 11 width 101.00: "just a text"
      RenderSVGText {text} at (2600,1601) size 101x24 contains 1 chunk(s)
        RenderSVGInlineText {#text} at (0,0) size 101x24
          chunk 1 text run 1 at (2600.00,1620.00) startOffset 0 endOffset 11 width 101.00: "just a text"
      RenderSVGText {text} at (2700,1601) size 101x24 contains 1 chunk(s)
        RenderSVGInlineText {#text} at (0,0) size 101x24
          chunk 1 text run 1 at (2700.00,1620.00) startOffset 0 endOffset 11 width 101.00: "just a text"
      RenderSVGText {text} at (2800,1601) size 101x24 contains 1 chunk(s)
        RenderSVGInlineText {#text} at (0,0) size 101x24
          chunk 1 text run 1 at (2800.00,1620.00) startOffset 0 endOffset 11 width 101.00: "just a text"
      RenderSVGText {text} at (2900,1601) size 101x24 contains 1 chunk(s)
        RenderSVGInlineText {#text} at (0,0) size 101x24
          chunk 1 text run 1 at (2900.00,1620.00) startOffset 0 endOffset 11 width 101.00: "just a text"
      RenderSVGText {text} at (3000,1601) size 101x24 contains 1 chunk(s)
        RenderSVGInlineText {#text} at (0,0) size 101x24
          chunk 1 text run 1 at (3000.00,1620.00) startOffset 0 endOffset 11 width 101.00: "just a text"
      RenderSVGText {text} at (3100,1601) size 101x24 contains 1 chunk(s)
        RenderSVGInlineText {#text} at (0,0) size 101x24
          chunk 1 text run 1 at (3100.00,1620.00) startOffset 0 endOffset 11 width 101.00: "just a text"
      RenderSVGText {text} at (3200,1601) size 101x24 contains 1 chunk(s)
        RenderSVGInlineText {#text} at (0,0) size 101x24
          chunk 1 text run 1 at (3200.00,1620.00) startOffset 0 endOffset 11 width 101.00: "just a text"
      RenderSVGText {text} at (3300,1601) size 101x24 contains 1 chunk(s)
        RenderSVGInlineText {#text} at (0,0) size 101x24
          chunk 1 text run 1 at (3300.00,1620.00) startOffset 0 endOffset 11 width 101.00: "just a text"
      RenderSVGText {text} at (3400,1601) size 101x24 contains 1 chunk(s)
        RenderSVGInlineText {#text} at (0,0) size 101x24
          chunk 1 text run 1 at (3400.00,1620.00) startOffset 0 endOffset 11 width 101.00: "just a text"
      RenderSVGText {text} at (3500,1601) size 101x24 contains 1 chunk(s)
        RenderSVGInlineText {#text} at (0,0) size 101x24
          chunk 1 text run 1 at (3500.00,1620.00) startOffset 0 endOffset 11 width 101.00: "just a text"
      RenderSVGText {text} at (3600,1601) size 101x24 contains 1 chunk(s)
        RenderSVGInlineText {#text} at (0,0) size 101x24
          chunk 1 text run 1 at (3600.00,1620.00) startOffset 0 endOffset 11 width 101.00: "just a text"
      RenderSVGText {text} at (3700,1601) size 101x24 contains 1 chunk(s)
        RenderSVGInlineText {#text} at (0,0) size 101x24
          chunk 1 text run 1 at (3700.00,1620.00) startOffset 0 endOffset 11 width 101.00: "just a text"
      RenderSVGText {text} at (3800,1601) size 101x24 contains 1 chunk(s)
        RenderSVGInlineText {#text} at (0,0) size 101x24
          chunk 1 text run 1 at (3800.00,1620.00) startOffset 0 endOffset 11 width 101.00: "just a text"
      RenderSVGText {text} at (3900,1601) size 101x24 contains 1 chunk(s)
        RenderSVGInlineText {#text} at (0,0) size 101x24
          chunk 1 text run 1 at (3900.00,1620.00) startOffset 0 endOffset 11 width 101.00: "just a text"
      RenderSVGText {text} at (4000,1601) size 101x24 contains 1 chunk(s)
        RenderSVGInlineText {#text} at (0,0) size 101x24
          chunk 1 text run 1 at (4000.00,1620.00) startOffset 0 endOffset 11 width 101.00: "just a text"
      RenderSVGText {text} at (4100,1601) size 101x24 contains 1 chunk(s)
        RenderSVGInlineText {#text} at (0,0) size 101x24
          chunk 1 text run 1 at (4100.00,1620.00) startOffset 0 endOffset 11 width 101.00: "just a text"
      RenderSVGText {text} at (4200,1601) size 101x24 contains 1 chunk(s)
        RenderSVGInlineText {#text} at (0,0) size 101x24
          chunk 1 text run 1 at (4200.00,1620.00) startOffset 0 endOffset 11 width 101.00: "just a text"
      RenderSVGText {text} at (4300,1601) size 101x24 contains 1 chunk(s)
        RenderSVGInlineText {#text} at (0,0) size 101x24
          chunk 1 text run 1 at (4300.00,1620.00) startOffset 0 endOffset 11 width 101.00: "just a text"
      RenderSVGText {text} at (4400,1601) size 101x24 contains 1 chunk(s)
        RenderSVGInlineText {#text} at (0,0) size 101x24
          chunk 1 text run 1 at (4400.00,1620.00) startOffset 0 endOffset 11 width 101.00: "just a text"
      RenderSVGText {text} at (4500,1601) size 101x24 contains 1 chunk(s)
        RenderSVGInlineText {#text} at (0,0) size 101x24
          chunk 1 text run 1 at (4500.00,1620.00) startOffset 0 endOffset 11 width 101.00: "just a text"
      RenderSVGText {text} at (4600,1601) size 101x24 contains 1 chunk(s)
        RenderSVGInlineText {#text} at (0,0) size 101x24
          chunk 1 text run 1 at (4600.00,1620.00) startOffset 0 endOffset 11 width 101.00: "just a text"
      RenderSVGText {text} at (4700,1601) size 101x24 contains 1 chunk(s)
        RenderSVGInlineText {#text} at (0,0) size 101x24
          chunk 1 text run 1 at (4700.00,1620.00) startOffset 0 endOffset 11 width 101.00: "just a text"
      RenderSVGText {text} at (4800,1601) size 101x24 contains 1 chunk(s)
        RenderSVGInlineText {#text} at (0,0) size 101x24
          chunk 1 text run 1 at (4800.00,1620.00) startOffset 0 endOffset 11 width 101.00: "just a text"
      RenderSVGText {text} at (4900,1601) size 101x24 contains 1 chunk(s)
        RenderSVGInlineText {#text} at (0,0) size 101x24
          chunk 1 text run 1 at (4900.00,1620.00) startOffset 0 endOffset 11 width 101.00: "just a text"
      RenderSVGText {text} at (0,1701) size 101x24 contains 1 chunk(s)
        RenderSVGInlineText {#text} at (0,0) size 101x24
          chunk 1 text run 1 at (0.00,1720.00) startOffset 0 endOffset 11 width 101.00: "just a text"
      RenderSVGText {text} at (100,1701) size 101x24 contains 1 chunk(s)
        RenderSVGInlineText {#text} at (0,0) size 101x24
          chunk 1 text run 1 at (100.00,1720.00) startOffset 0 endOffset 11 width 101.00: "just a text"
      RenderSVGText {text} at (200,1701) size 101x24 contains 1 chunk(s)
        RenderSVGInlineText {#text} at (0,0) size 101x24
          chunk 1 text run 1 at (200.00,1720.00) startOffset 0 endOffset 11 width 101.00: "just a text"
      RenderSVGText {text} at (300,1701) size 101x24 contains 1 chunk(s)
        RenderSVGInlineText {#text} at (0,0) size 101x24
          chunk 1 text run 1 at (300.00,1720.00) startOffset 0 endOffset 11 width 101.00: "just a text"
      RenderSVGText {text} at (400,1701) size 101x24 contains 1 chunk(s)
        RenderSVGInlineText {#text} at (0,0) size 101x24
          chunk 1 text run 1 at (400.00,1720.00) startOffset 0 endOffset 11 width 101.00: "just a text"
      RenderSVGText {text} at (500,1701) size 101x24 contains 1 chunk(s)
        RenderSVGInlineText {#text} at (0,0) size 101x24
          chunk 1 text run 1 at (500.00,1720.00) startOffset 0 endOffset 11 width 101.00: "just a text"
      RenderSVGText {text} at (600,1701) size 101x24 contains 1 chunk(s)
        RenderSVGInlineText {#text} at (0,0) size 101x24
          chunk 1 text run 1 at (600.00,1720.00) startOffset 0 endOffset 11 width 101.00: "just a text"
      RenderSVGText {text} at (700,1701) size 101x24 contains 1 chunk(s)
        RenderSVGInlineText {#text} at (0,0) size 101x24
          chunk 1 text run 1 at (700.00,1720.00) startOffset 0 endOffset 11 width 101.00: "just a text"
      RenderSVGText {text} at (800,1701) size 101x24 contains 1 chunk(s)
        RenderSVGInlineText {#text} at (0,0) size 101x24
          chunk 1 text run 1 at (800.00,1720.00) startOffset 0 endOffset 11 width 101.00: "just a text"
      RenderSVGText {text} at (900,1701) size 101x24 contains 1 chunk(s)
        RenderSVGInlineText {#text} at (0,0) size 101x24
          chunk 1 text run 1 at (900.00,1720.00) startOffset 0 endOffset 11 width 101.00: "just a text"
      RenderSVGText {text} at (1000,1701) size 101x24 contains 1 chunk(s)
        RenderSVGInlineText {#text} at (0,0) size 101x24
          chunk 1 text run 1 at (1000.00,1720.00) startOffset 0 endOffset 11 width 101.00: "just a text"
      RenderSVGText {text} at (1100,1701) size 101x24 contains 1 chunk(s)
        RenderSVGInlineText {#text} at (0,0) size 101x24
          chunk 1 text run 1 at (1100.00,1720.00) startOffset 0 endOffset 11 width 101.00: "just a text"
      RenderSVGText {text} at (1200,1701) size 101x24 contains 1 chunk(s)
        RenderSVGInlineText {#text} at (0,0) size 101x24
          chunk 1 text run 1 at (1200.00,1720.00) startOffset 0 endOffset 11 width 101.00: "just a text"
      RenderSVGText {text} at (1300,1701) size 101x24 contains 1 chunk(s)
        RenderSVGInlineText {#text} at (0,0) size 101x24
          chunk 1 text run 1 at (1300.00,1720.00) startOffset 0 endOffset 11 width 101.00: "just a text"
      RenderSVGText {text} at (1400,1701) size 101x24 contains 1 chunk(s)
        RenderSVGInlineText {#text} at (0,0) size 101x24
          chunk 1 text run 1 at (1400.00,1720.00) startOffset 0 endOffset 11 width 101.00: "just a text"
      RenderSVGText {text} at (1500,1701) size 101x24 contains 1 chunk(s)
        RenderSVGInlineText {#text} at (0,0) size 101x24
          chunk 1 text run 1 at (1500.00,1720.00) startOffset 0 endOffset 11 width 101.00: "just a text"
      RenderSVGText {text} at (1600,1701) size 101x24 contains 1 chunk(s)
        RenderSVGInlineText {#text} at (0,0) size 101x24
          chunk 1 text run 1 at (1600.00,1720.00) startOffset 0 endOffset 11 width 101.00: "just a text"
      RenderSVGText {text} at (1700,1701) size 101x24 contains 1 chunk(s)
        RenderSVGInlineText {#text} at (0,0) size 101x24
          chunk 1 text run 1 at (1700.00,1720.00) startOffset 0 endOffset 11 width 101.00: "just a text"
      RenderSVGText {text} at (1800,1701) size 101x24 contains 1 chunk(s)
        RenderSVGInlineText {#text} at (0,0) size 101x24
          chunk 1 text run 1 at (1800.00,1720.00) startOffset 0 endOffset 11 width 101.00: "just a text"
      RenderSVGText {text} at (1900,1701) size 101x24 contains 1 chunk(s)
        RenderSVGInlineText {#text} at (0,0) size 101x24
          chunk 1 text run 1 at (1900.00,1720.00) startOffset 0 endOffset 11 width 101.00: "just a text"
      RenderSVGText {text} at (2000,1701) size 101x24 contains 1 chunk(s)
        RenderSVGInlineText {#text} at (0,0) size 101x24
          chunk 1 text run 1 at (2000.00,1720.00) startOffset 0 endOffset 11 width 101.00: "just a text"
      RenderSVGText {text} at (2100,1701) size 101x24 contains 1 chunk(s)
        RenderSVGInlineText {#text} at (0,0) size 101x24
          chunk 1 text run 1 at (2100.00,1720.00) startOffset 0 endOffset 11 width 101.00: "just a text"
      RenderSVGText {text} at (2200,1701) size 101x24 contains 1 chunk(s)
        RenderSVGInlineText {#text} at (0,0) size 101x24
          chunk 1 text run 1 at (2200.00,1720.00) startOffset 0 endOffset 11 width 101.00: "just a text"
      RenderSVGText {text} at (2300,1701) size 101x24 contains 1 chunk(s)
        RenderSVGInlineText {#text} at (0,0) size 101x24
          chunk 1 text run 1 at (2300.00,1720.00) startOffset 0 endOffset 11 width 101.00: "just a text"
      RenderSVGText {text} at (2400,1701) size 101x24 contains 1 chunk(s)
        RenderSVGInlineText {#text} at (0,0) size 101x24
          chunk 1 text run 1 at (2400.00,1720.00) startOffset 0 endOffset 11 width 101.00: "just a text"
      RenderSVGText {text} at (2500,1701) size 101x24 contains 1 chunk(s)
        RenderSVGInlineText {#text} at (0,0) size 101x24
          chunk 1 text run 1 at (2500.00,1720.00) startOffset 0 endOffset 11 width 101.00: "just a text"
      RenderSVGText {text} at (2600,1701) size 101x24 contains 1 chunk(s)
        RenderSVGInlineText {#text} at (0,0) size 101x24
          chunk 1 text run 1 at (2600.00,1720.00) startOffset 0 endOffset 11 width 101.00: "just a text"
      RenderSVGText {text} at (2700,1701) size 101x24 contains 1 chunk(s)
        RenderSVGInlineText {#text} at (0,0) size 101x24
          chunk 1 text run 1 at (2700.00,1720.00) startOffset 0 endOffset 11 width 101.00: "just a text"
      RenderSVGText {text} at (2800,1701) size 101x24 contains 1 chunk(s)
        RenderSVGInlineText {#text} at (0,0) size 101x24
          chunk 1 text run 1 at (2800.00,1720.00) startOffset 0 endOffset 11 width 101.00: "just a text"
      RenderSVGText {text} at (2900,1701) size 101x24 contains 1 chunk(s)
        RenderSVGInlineText {#text} at (0,0) size 101x24
          chunk 1 text run 1 at (2900.00,1720.00) startOffset 0 endOffset 11 width 101.00: "just a text"
      RenderSVGText {text} at (3000,1701) size 101x24 contains 1 chunk(s)
        RenderSVGInlineText {#text} at (0,0) size 101x24
          chunk 1 text run 1 at (3000.00,1720.00) startOffset 0 endOffset 11 width 101.00: "just a text"
      RenderSVGText {text} at (3100,1701) size 101x24 contains 1 chunk(s)
        RenderSVGInlineText {#text} at (0,0) size 101x24
          chunk 1 text run 1 at (3100.00,1720.00) startOffset 0 endOffset 11 width 101.00: "just a text"
      RenderSVGText {text} at (3200,1701) size 101x24 contains 1 chunk(s)
        RenderSVGInlineText {#text} at (0,0) size 101x24
          chunk 1 text run 1 at (3200.00,1720.00) startOffset 0 endOffset 11 width 101.00: "just a text"
      RenderSVGText {text} at (3300,1701) size 101x24 contains 1 chunk(s)
        RenderSVGInlineText {#text} at (0,0) size 101x24
          chunk 1 text run 1 at (3300.00,1720.00) startOffset 0 endOffset 11 width 101.00: "just a text"
      RenderSVGText {text} at (3400,1701) size 101x24 contains 1 chunk(s)
        RenderSVGInlineText {#text} at (0,0) size 101x24
          chunk 1 text run 1 at (3400.00,1720.00) startOffset 0 endOffset 11 width 101.00: "just a text"
      RenderSVGText {text} at (3500,1701) size 101x24 contains 1 chunk(s)
        RenderSVGInlineText {#text} at (0,0) size 101x24
          chunk 1 text run 1 at (3500.00,1720.00) startOffset 0 endOffset 11 width 101.00: "just a text"
      RenderSVGText {text} at (3600,1701) size 101x24 contains 1 chunk(s)
        RenderSVGInlineText {#text} at (0,0) size 101x24
          chunk 1 text run 1 at (3600.00,1720.00) startOffset 0 endOffset 11 width 101.00: "just a text"
      RenderSVGText {text} at (3700,1701) size 101x24 contains 1 chunk(s)
        RenderSVGInlineText {#text} at (0,0) size 101x24
          chunk 1 text run 1 at (3700.00,1720.00) startOffset 0 endOffset 11 width 101.00: "just a text"
      RenderSVGText {text} at (3800,1701) size 101x24 contains 1 chunk(s)
        RenderSVGInlineText {#text} at (0,0) size 101x24
          chunk 1 text run 1 at (3800.00,1720.00) startOffset 0 endOffset 11 width 101.00: "just a text"
      RenderSVGText {text} at (3900,1701) size 101x24 contains 1 chunk(s)
        RenderSVGInlineText {#text} at (0,0) size 101x24
          chunk 1 text run 1 at (3900.00,1720.00) startOffset 0 endOffset 11 width 101.00: "just a text"
      RenderSVGText {text} at (4000,1701) size 101x24 contains 1 chunk(s)
        RenderSVGInlineText {#text} at (0,0) size 101x24
          chunk 1 text run 1 at (4000.00,1720.00) startOffset 0 endOffset 11 width 101.00: "just a text"
      RenderSVGText {text} at (4100,1701) size 101x24 contains 1 chunk(s)
        RenderSVGInlineText {#text} at (0,0) size 101x24
          chunk 1 text run 1 at (4100.00,1720.00) startOffset 0 endOffset 11 width 101.00: "just a text"
      RenderSVGText {text} at (4200,1701) size 101x24 contains 1 chunk(s)
        RenderSVGInlineText {#text} at (0,0) size 101x24
          chunk 1 text run 1 at (4200.00,1720.00) startOffset 0 endOffset 11 width 101.00: "just a text"
      RenderSVGText {text} at (4300,1701) size 101x24 contains 1 chunk(s)
        RenderSVGInlineText {#text} at (0,0) size 101x24
          chunk 1 text run 1 at (4300.00,1720.00) startOffset 0 endOffset 11 width 101.00: "just a text"
      RenderSVGText {text} at (4400,1701) size 101x24 contains 1 chunk(s)
        RenderSVGInlineText {#text} at (0,0) size 101x24
          chunk 1 text run 1 at (4400.00,1720.00) startOffset 0 endOffset 11 width 101.00: "just a text"
      RenderSVGText {text} at (4500,1701) size 101x24 contains 1 chunk(s)
        RenderSVGInlineText {#text} at (0,0) size 101x24
          chunk 1 text run 1 at (4500.00,1720.00) startOffset 0 endOffset 11 width 101.00: "just a text"
      RenderSVGText {text} at (4600,1701) size 101x24 contains 1 chunk(s)
        RenderSVGInlineText {#text} at (0,0) size 101x24
          chunk 1 text run 1 at (4600.00,1720.00) startOffset 0 endOffset 11 width 101.00: "just a text"
      RenderSVGText {text} at (4700,1701) size 101x24 contains 1 chunk(s)
        RenderSVGInlineText {#text} at (0,0) size 101x24
          chunk 1 text run 1 at (4700.00,1720.00) startOffset 0 endOffset 11 width 101.00: "just a text"
      RenderSVGText {text} at (4800,1701) size 101x24 contains 1 chunk(s)
        RenderSVGInlineText {#text} at (0,0) size 101x24
          chunk 1 text run 1 at (4800.00,1720.00) startOffset 0 endOffset 11 width 101.00: "just a text"
      RenderSVGText {text} at (4900,1701) size 101x24 contains 1 chunk(s)
        RenderSVGInlineText {#text} at (0,0) size 101x24
          chunk 1 text run 1 at (4900.00,1720.00) startOffset 0 endOffset 11 width 101.00: "just a text"
      RenderSVGText {text} at (0,1801) size 101x24 contains 1 chunk(s)
        RenderSVGInlineText {#text} at (0,0) size 101x24
          chunk 1 text run 1 at (0.00,1820.00) startOffset 0 endOffset 11 width 101.00: "just a text"
      RenderSVGText {text} at (100,1801) size 101x24 contains 1 chunk(s)
        RenderSVGInlineText {#text} at (0,0) size 101x24
          chunk 1 text run 1 at (100.00,1820.00) startOffset 0 endOffset 11 width 101.00: "just a text"
      RenderSVGText {text} at (200,1801) size 101x24 contains 1 chunk(s)
        RenderSVGInlineText {#text} at (0,0) size 101x24
          chunk 1 text run 1 at (200.00,1820.00) startOffset 0 endOffset 11 width 101.00: "just a text"
      RenderSVGText {text} at (300,1801) size 101x24 contains 1 chunk(s)
        RenderSVGInlineText {#text} at (0,0) size 101x24
          chunk 1 text run 1 at (300.00,1820.00) startOffset 0 endOffset 11 width 101.00: "just a text"
      RenderSVGText {text} at (400,1801) size 101x24 contains 1 chunk(s)
        RenderSVGInlineText {#text} at (0,0) size 101x24
          chunk 1 text run 1 at (400.00,1820.00) startOffset 0 endOffset 11 width 101.00: "just a text"
      RenderSVGText {text} at (500,1801) size 101x24 contains 1 chunk(s)
        RenderSVGInlineText {#text} at (0,0) size 101x24
          chunk 1 text run 1 at (500.00,1820.00) startOffset 0 endOffset 11 width 101.00: "just a text"
      RenderSVGText {text} at (600,1801) size 101x24 contains 1 chunk(s)
        RenderSVGInlineText {#text} at (0,0) size 101x24
          chunk 1 text run 1 at (600.00,1820.00) startOffset 0 endOffset 11 width 101.00: "just a text"
      RenderSVGText {text} at (700,1801) size 101x24 contains 1 chunk(s)
        RenderSVGInlineText {#text} at (0,0) size 101x24
          chunk 1 text run 1 at (700.00,1820.00) startOffset 0 endOffset 11 width 101.00: "just a text"
      RenderSVGText {text} at (800,1801) size 101x24 contains 1 chunk(s)
        RenderSVGInlineText {#text} at (0,0) size 101x24
          chunk 1 text run 1 at (800.00,1820.00) startOffset 0 endOffset 11 width 101.00: "just a text"
      RenderSVGText {text} at (900,1801) size 101x24 contains 1 chunk(s)
        RenderSVGInlineText {#text} at (0,0) size 101x24
          chunk 1 text run 1 at (900.00,1820.00) startOffset 0 endOffset 11 width 101.00: "just a text"
      RenderSVGText {text} at (1000,1801) size 101x24 contains 1 chunk(s)
        RenderSVGInlineText {#text} at (0,0) size 101x24
          chunk 1 text run 1 at (1000.00,1820.00) startOffset 0 endOffset 11 width 101.00: "just a text"
      RenderSVGText {text} at (1100,1801) size 101x24 contains 1 chunk(s)
        RenderSVGInlineText {#text} at (0,0) size 101x24
          chunk 1 text run 1 at (1100.00,1820.00) startOffset 0 endOffset 11 width 101.00: "just a text"
      RenderSVGText {text} at (1200,1801) size 101x24 contains 1 chunk(s)
        RenderSVGInlineText {#text} at (0,0) size 101x24
          chunk 1 text run 1 at (1200.00,1820.00) startOffset 0 endOffset 11 width 101.00: "just a text"
      RenderSVGText {text} at (1300,1801) size 101x24 contains 1 chunk(s)
        RenderSVGInlineText {#text} at (0,0) size 101x24
          chunk 1 text run 1 at (1300.00,1820.00) startOffset 0 endOffset 11 width 101.00: "just a text"
      RenderSVGText {text} at (1400,1801) size 101x24 contains 1 chunk(s)
        RenderSVGInlineText {#text} at (0,0) size 101x24
          chunk 1 text run 1 at (1400.00,1820.00) startOffset 0 endOffset 11 width 101.00: "just a text"
      RenderSVGText {text} at (1500,1801) size 101x24 contains 1 chunk(s)
        RenderSVGInlineText {#text} at (0,0) size 101x24
          chunk 1 text run 1 at (1500.00,1820.00) startOffset 0 endOffset 11 width 101.00: "just a text"
      RenderSVGText {text} at (1600,1801) size 101x24 contains 1 chunk(s)
        RenderSVGInlineText {#text} at (0,0) size 101x24
          chunk 1 text run 1 at (1600.00,1820.00) startOffset 0 endOffset 11 width 101.00: "just a text"
      RenderSVGText {text} at (1700,1801) size 101x24 contains 1 chunk(s)
        RenderSVGInlineText {#text} at (0,0) size 101x24
          chunk 1 text run 1 at (1700.00,1820.00) startOffset 0 endOffset 11 width 101.00: "just a text"
      RenderSVGText {text} at (1800,1801) size 101x24 contains 1 chunk(s)
        RenderSVGInlineText {#text} at (0,0) size 101x24
          chunk 1 text run 1 at (1800.00,1820.00) startOffset 0 endOffset 11 width 101.00: "just a text"
      RenderSVGText {text} at (1900,1801) size 101x24 contains 1 chunk(s)
        RenderSVGInlineText {#text} at (0,0) size 101x24
          chunk 1 text run 1 at (1900.00,1820.00) startOffset 0 endOffset 11 width 101.00: "just a text"
      RenderSVGText {text} at (2000,1801) size 101x24 contains 1 chunk(s)
        RenderSVGInlineText {#text} at (0,0) size 101x24
          chunk 1 text run 1 at (2000.00,1820.00) startOffset 0 endOffset 11 width 101.00: "just a text"
      RenderSVGText {text} at (2100,1801) size 101x24 contains 1 chunk(s)
        RenderSVGInlineText {#text} at (0,0) size 101x24
          chunk 1 text run 1 at (2100.00,1820.00) startOffset 0 endOffset 11 width 101.00: "just a text"
      RenderSVGText {text} at (2200,1801) size 101x24 contains 1 chunk(s)
        RenderSVGInlineText {#text} at (0,0) size 101x24
          chunk 1 text run 1 at (2200.00,1820.00) startOffset 0 endOffset 11 width 101.00: "just a text"
      RenderSVGText {text} at (2300,1801) size 101x24 contains 1 chunk(s)
        RenderSVGInlineText {#text} at (0,0) size 101x24
          chunk 1 text run 1 at (2300.00,1820.00) startOffset 0 endOffset 11 width 101.00: "just a text"
      RenderSVGText {text} at (2400,1801) size 101x24 contains 1 chunk(s)
        RenderSVGInlineText {#text} at (0,0) size 101x24
          chunk 1 text run 1 at (2400.00,1820.00) startOffset 0 endOffset 11 width 101.00: "just a text"
      RenderSVGText {text} at (2500,1801) size 101x24 contains 1 chunk(s)
        RenderSVGInlineText {#text} at (0,0) size 101x24
          chunk 1 text run 1 at (2500.00,1820.00) startOffset 0 endOffset 11 width 101.00: "just a text"
      RenderSVGText {text} at (2600,1801) size 101x24 contains 1 chunk(s)
        RenderSVGInlineText {#text} at (0,0) size 101x24
          chunk 1 text run 1 at (2600.00,1820.00) startOffset 0 endOffset 11 width 101.00: "just a text"
      RenderSVGText {text} at (2700,1801) size 101x24 contains 1 chunk(s)
        RenderSVGInlineText {#text} at (0,0) size 101x24
          chunk 1 text run 1 at (2700.00,1820.00) startOffset 0 endOffset 11 width 101.00: "just a text"
      RenderSVGText {text} at (2800,1801) size 101x24 contains 1 chunk(s)
        RenderSVGInlineText {#text} at (0,0) size 101x24
          chunk 1 text run 1 at (2800.00,1820.00) startOffset 0 endOffset 11 width 101.00: "just a text"
      RenderSVGText {text} at (2900,1801) size 101x24 contains 1 chunk(s)
        RenderSVGInlineText {#text} at (0,0) size 101x24
          chunk 1 text run 1 at (2900.00,1820.00) startOffset 0 endOffset 11 width 101.00: "just a text"
      RenderSVGText {text} at (3000,1801) size 101x24 contains 1 chunk(s)
        RenderSVGInlineText {#text} at (0,0) size 101x24
          chunk 1 text run 1 at (3000.00,1820.00) startOffset 0 endOffset 11 width 101.00: "just a text"
      RenderSVGText {text} at (3100,1801) size 101x24 contains 1 chunk(s)
        RenderSVGInlineText {#text} at (0,0) size 101x24
          chunk 1 text run 1 at (3100.00,1820.00) startOffset 0 endOffset 11 width 101.00: "just a text"
      RenderSVGText {text} at (3200,1801) size 101x24 contains 1 chunk(s)
        RenderSVGInlineText {#text} at (0,0) size 101x24
          chunk 1 text run 1 at (3200.00,1820.00) startOffset 0 endOffset 11 width 101.00: "just a text"
      RenderSVGText {text} at (3300,1801) size 101x24 contains 1 chunk(s)
        RenderSVGInlineText {#text} at (0,0) size 101x24
          chunk 1 text run 1 at (3300.00,1820.00) startOffset 0 endOffset 11 width 101.00: "just a text"
      RenderSVGText {text} at (3400,1801) size 101x24 contains 1 chunk(s)
        RenderSVGInlineText {#text} at (0,0) size 101x24
          chunk 1 text run 1 at (3400.00,1820.00) startOffset 0 endOffset 11 width 101.00: "just a text"
      RenderSVGText {text} at (3500,1801) size 101x24 contains 1 chunk(s)
        RenderSVGInlineText {#text} at (0,0) size 101x24
          chunk 1 text run 1 at (3500.00,1820.00) startOffset 0 endOffset 11 width 101.00: "just a text"
      RenderSVGText {text} at (3600,1801) size 101x24 contains 1 chunk(s)
        RenderSVGInlineText {#text} at (0,0) size 101x24
          chunk 1 text run 1 at (3600.00,1820.00) startOffset 0 endOffset 11 width 101.00: "just a text"
      RenderSVGText {text} at (3700,1801) size 101x24 contains 1 chunk(s)
        RenderSVGInlineText {#text} at (0,0) size 101x24
          chunk 1 text run 1 at (3700.00,1820.00) startOffset 0 endOffset 11 width 101.00: "just a text"
      RenderSVGText {text} at (3800,1801) size 101x24 contains 1 chunk(s)
        RenderSVGInlineText {#text} at (0,0) size 101x24
          chunk 1 text run 1 at (3800.00,1820.00) startOffset 0 endOffset 11 width 101.00: "just a text"
      RenderSVGText {text} at (3900,1801) size 101x24 contains 1 chunk(s)
        RenderSVGInlineText {#text} at (0,0) size 101x24
          chunk 1 text run 1 at (3900.00,1820.00) startOffset 0 endOffset 11 width 101.00: "just a text"
      RenderSVGText {text} at (4000,1801) size 101x24 contains 1 chunk(s)
        RenderSVGInlineText {#text} at (0,0) size 101x24
          chunk 1 text run 1 at (4000.00,1820.00) startOffset 0 endOffset 11 width 101.00: "just a text"
      RenderSVGText {text} at (4100,1801) size 101x24 contains 1 chunk(s)
        RenderSVGInlineText {#text} at (0,0) size 101x24
          chunk 1 text run 1 at (4100.00,1820.00) startOffset 0 endOffset 11 width 101.00: "just a text"
      RenderSVGText {text} at (4200,1801) size 101x24 contains 1 chunk(s)
        RenderSVGInlineText {#text} at (0,0) size 101x24
          chunk 1 text run 1 at (4200.00,1820.00) startOffset 0 endOffset 11 width 101.00: "just a text"
      RenderSVGText {text} at (4300,1801) size 101x24 contains 1 chunk(s)
        RenderSVGInlineText {#text} at (0,0) size 101x24
          chunk 1 text run 1 at (4300.00,1820.00) startOffset 0 endOffset 11 width 101.00: "just a text"
      RenderSVGText {text} at (4400,1801) size 101x24 contains 1 chunk(s)
        RenderSVGInlineText {#text} at (0,0) size 101x24
          chunk 1 text run 1 at (4400.00,1820.00) startOffset 0 endOffset 11 width 101.00: "just a text"
      RenderSVGText {text} at (4500,1801) size 101x24 contains 1 chunk(s)
        RenderSVGInlineText {#text} at (0,0) size 101x24
          chunk 1 text run 1 at (4500.00,1820.00) startOffset 0 endOffset 11 width 101.00: "just a text"
      RenderSVGText {text} at (4600,1801) size 101x24 contains 1 chunk(s)
        RenderSVGInlineText {#text} at (0,0) size 101x24
          chunk 1 text run 1 at (4600.00,1820.00) startOffset 0 endOffset 11 width 101.00: "just a text"
      RenderSVGText {text} at (4700,1801) size 101x24 contains 1 chunk(s)
        RenderSVGInlineText {#text} at (0,0) size 101x24
          chunk 1 text run 1 at (4700.00,1820.00) startOffset 0 endOffset 11 width 101.00: "just a text"
      RenderSVGText {text} at (4800,1801) size 101x24 contains 1 chunk(s)
        RenderSVGInlineText {#text} at (0,0) size 101x24
          chunk 1 text run 1 at (4800.00,1820.00) startOffset 0 endOffset 11 width 101.00: "just a text"
      RenderSVGText {text} at (4900,1801) size 101x24 contains 1 chunk(s)
        RenderSVGInlineText {#text} at (0,0) size 101x24
          chunk 1 text run 1 at (4900.00,1820.00) startOffset 0 endOffset 11 width 101.00: "just a text"
      RenderSVGText {text} at (0,1901) size 101x24 contains 1 chunk(s)
        RenderSVGInlineText {#text} at (0,0) size 101x24
          chunk 1 text run 1 at (0.00,1920.00) startOffset 0 endOffset 11 width 101.00: "just a text"
      RenderSVGText {text} at (100,1901) size 101x24 contains 1 chunk(s)
        RenderSVGInlineText {#text} at (0,0) size 101x24
          chunk 1 text run 1 at (100.00,1920.00) startOffset 0 endOffset 11 width 101.00: "just a text"
      RenderSVGText {text} at (200,1901) size 101x24 contains 1 chunk(s)
        RenderSVGInlineText {#text} at (0,0) size 101x24
          chunk 1 text run 1 at (200.00,1920.00) startOffset 0 endOffset 11 width 101.00: "just a text"
      RenderSVGText {text} at (300,1901) size 101x24 contains 1 chunk(s)
        RenderSVGInlineText {#text} at (0,0) size 101x24
          chunk 1 text run 1 at (300.00,1920.00) startOffset 0 endOffset 11 width 101.00: "just a text"
      RenderSVGText {text} at (400,1901) size 101x24 contains 1 chunk(s)
        RenderSVGInlineText {#text} at (0,0) size 101x24
          chunk 1 text run 1 at (400.00,1920.00) startOffset 0 endOffset 11 width 101.00: "just a text"
      RenderSVGText {text} at (500,1901) size 101x24 contains 1 chunk(s)
        RenderSVGInlineText {#text} at (0,0) size 101x24
          chunk 1 text run 1 at (500.00,1920.00) startOffset 0 endOffset 11 width 101.00: "just a text"
      RenderSVGText {text} at (600,1901) size 101x24 contains 1 chunk(s)
        RenderSVGInlineText {#text} at (0,0) size 101x24
          chunk 1 text run 1 at (600.00,1920.00) startOffset 0 endOffset 11 width 101.00: "just a text"
      RenderSVGText {text} at (700,1901) size 101x24 contains 1 chunk(s)
        RenderSVGInlineText {#text} at (0,0) size 101x24
          chunk 1 text run 1 at (700.00,1920.00) startOffset 0 endOffset 11 width 101.00: "just a text"
      RenderSVGText {text} at (800,1901) size 101x24 contains 1 chunk(s)
        RenderSVGInlineText {#text} at (0,0) size 101x24
          chunk 1 text run 1 at (800.00,1920.00) startOffset 0 endOffset 11 width 101.00: "just a text"
      RenderSVGText {text} at (900,1901) size 101x24 contains 1 chunk(s)
        RenderSVGInlineText {#text} at (0,0) size 101x24
          chunk 1 text run 1 at (900.00,1920.00) startOffset 0 endOffset 11 width 101.00: "just a text"
      RenderSVGText {text} at (1000,1901) size 101x24 contains 1 chunk(s)
        RenderSVGInlineText {#text} at (0,0) size 101x24
          chunk 1 text run 1 at (1000.00,1920.00) startOffset 0 endOffset 11 width 101.00: "just a text"
      RenderSVGText {text} at (1100,1901) size 101x24 contains 1 chunk(s)
        RenderSVGInlineText {#text} at (0,0) size 101x24
          chunk 1 text run 1 at (1100.00,1920.00) startOffset 0 endOffset 11 width 101.00: "just a text"
      RenderSVGText {text} at (1200,1901) size 101x24 contains 1 chunk(s)
        RenderSVGInlineText {#text} at (0,0) size 101x24
          chunk 1 text run 1 at (1200.00,1920.00) startOffset 0 endOffset 11 width 101.00: "just a text"
      RenderSVGText {text} at (1300,1901) size 101x24 contains 1 chunk(s)
        RenderSVGInlineText {#text} at (0,0) size 101x24
          chunk 1 text run 1 at (1300.00,1920.00) startOffset 0 endOffset 11 width 101.00: "just a text"
      RenderSVGText {text} at (1400,1901) size 101x24 contains 1 chunk(s)
        RenderSVGInlineText {#text} at (0,0) size 101x24
          chunk 1 text run 1 at (1400.00,1920.00) startOffset 0 endOffset 11 width 101.00: "just a text"
      RenderSVGText {text} at (1500,1901) size 101x24 contains 1 chunk(s)
        RenderSVGInlineText {#text} at (0,0) size 101x24
          chunk 1 text run 1 at (1500.00,1920.00) startOffset 0 endOffset 11 width 101.00: "just a text"
      RenderSVGText {text} at (1600,1901) size 101x24 contains 1 chunk(s)
        RenderSVGInlineText {#text} at (0,0) size 101x24
          chunk 1 text run 1 at (1600.00,1920.00) startOffset 0 endOffset 11 width 101.00: "just a text"
      RenderSVGText {text} at (1700,1901) size 101x24 contains 1 chunk(s)
        RenderSVGInlineText {#text} at (0,0) size 101x24
          chunk 1 text run 1 at (1700.00,1920.00) startOffset 0 endOffset 11 width 101.00: "just a text"
      RenderSVGText {text} at (1800,1901) size 101x24 contains 1 chunk(s)
        RenderSVGInlineText {#text} at (0,0) size 101x24
          chunk 1 text run 1 at (1800.00,1920.00) startOffset 0 endOffset 11 width 101.00: "just a text"
      RenderSVGText {text} at (1900,1901) size 101x24 contains 1 chunk(s)
        RenderSVGInlineText {#text} at (0,0) size 101x24
          chunk 1 text run 1 at (1900.00,1920.00) startOffset 0 endOffset 11 width 101.00: "just a text"
      RenderSVGText {text} at (2000,1901) size 101x24 contains 1 chunk(s)
        RenderSVGInlineText {#text} at (0,0) size 101x24
          chunk 1 text run 1 at (2000.00,1920.00) startOffset 0 endOffset 11 width 101.00: "just a text"
      RenderSVGText {text} at (2100,1901) size 101x24 contains 1 chunk(s)
        RenderSVGInlineText {#text} at (0,0) size 101x24
          chunk 1 text run 1 at (2100.00,1920.00) startOffset 0 endOffset 11 width 101.00: "just a text"
      RenderSVGText {text} at (2200,1901) size 101x24 contains 1 chunk(s)
        RenderSVGInlineText {#text} at (0,0) size 101x24
          chunk 1 text run 1 at (2200.00,1920.00) startOffset 0 endOffset 11 width 101.00: "just a text"
      RenderSVGText {text} at (2300,1901) size 101x24 contains 1 chunk(s)
        RenderSVGInlineText {#text} at (0,0) size 101x24
          chunk 1 text run 1 at (2300.00,1920.00) startOffset 0 endOffset 11 width 101.00: "just a text"
      RenderSVGText {text} at (2400,1901) size 101x24 contains 1 chunk(s)
        RenderSVGInlineText {#text} at (0,0) size 101x24
          chunk 1 text run 1 at (2400.00,1920.00) startOffset 0 endOffset 11 width 101.00: "just a text"
      RenderSVGText {text} at (2500,1901) size 101x24 contains 1 chunk(s)
        RenderSVGInlineText {#text} at (0,0) size 101x24
          chunk 1 text run 1 at (2500.00,1920.00) startOffset 0 endOffset 11 width 101.00: "just a text"
      RenderSVGText {text} at (2600,1901) size 101x24 contains 1 chunk(s)
        RenderSVGInlineText {#text} at (0,0) size 101x24
          chunk 1 text run 1 at (2600.00,1920.00) startOffset 0 endOffset 11 width 101.00: "just a text"
      RenderSVGText {text} at (2700,1901) size 101x24 contains 1 chunk(s)
        RenderSVGInlineText {#text} at (0,0) size 101x24
          chunk 1 text run 1 at (2700.00,1920.00) startOffset 0 endOffset 11 width 101.00: "just a text"
      RenderSVGText {text} at (2800,1901) size 101x24 contains 1 chunk(s)
        RenderSVGInlineText {#text} at (0,0) size 101x24
          chunk 1 text run 1 at (2800.00,1920.00) startOffset 0 endOffset 11 width 101.00: "just a text"
      RenderSVGText {text} at (2900,1901) size 101x24 contains 1 chunk(s)
        RenderSVGInlineText {#text} at (0,0) size 101x24
          chunk 1 text run 1 at (2900.00,1920.00) startOffset 0 endOffset 11 width 101.00: "just a text"
      RenderSVGText {text} at (3000,1901) size 101x24 contains 1 chunk(s)
        RenderSVGInlineText {#text} at (0,0) size 101x24
          chunk 1 text run 1 at (3000.00,1920.00) startOffset 0 endOffset 11 width 101.00: "just a text"
      RenderSVGText {text} at (3100,1901) size 101x24 contains 1 chunk(s)
        RenderSVGInlineText {#text} at (0,0) size 101x24
          chunk 1 text run 1 at (3100.00,1920.00) startOffset 0 endOffset 11 width 101.00: "just a text"
      RenderSVGText {text} at (3200,1901) size 101x24 contains 1 chunk(s)
        RenderSVGInlineText {#text} at (0,0) size 101x24
          chunk 1 text run 1 at (3200.00,1920.00) startOffset 0 endOffset 11 width 101.00: "just a text"
      RenderSVGText {text} at (3300,1901) size 101x24 contains 1 chunk(s)
        RenderSVGInlineText {#text} at (0,0) size 101x24
          chunk 1 text run 1 at (3300.00,1920.00) startOffset 0 endOffset 11 width 101.00: "just a text"
      RenderSVGText {text} at (3400,1901) size 101x24 contains 1 chunk(s)
        RenderSVGInlineText {#text} at (0,0) size 101x24
          chunk 1 text run 1 at (3400.00,1920.00) startOffset 0 endOffset 11 width 101.00: "just a text"
      RenderSVGText {text} at (3500,1901) size 101x24 contains 1 chunk(s)
        RenderSVGInlineText {#text} at (0,0) size 101x24
          chunk 1 text run 1 at (3500.00,1920.00) startOffset 0 endOffset 11 width 101.00: "just a text"
      RenderSVGText {text} at (3600,1901) size 101x24 contains 1 chunk(s)
        RenderSVGInlineText {#text} at (0,0) size 101x24
          chunk 1 text run 1 at (3600.00,1920.00) startOffset 0 endOffset 11 width 101.00: "just a text"
      RenderSVGText {text} at (3700,1901) size 101x24 contains 1 chunk(s)
        RenderSVGInlineText {#text} at (0,0) size 101x24
          chunk 1 text run 1 at (3700.00,1920.00) startOffset 0 endOffset 11 width 101.00: "just a text"
      RenderSVGText {text} at (3800,1901) size 101x24 contains 1 chunk(s)
        RenderSVGInlineText {#text} at (0,0) size 101x24
          chunk 1 text run 1 at (3800.00,1920.00) startOffset 0 endOffset 11 width 101.00: "just a text"
      RenderSVGText {text} at (3900,1901) size 101x24 contains 1 chunk(s)
        RenderSVGInlineText {#text} at (0,0) size 101x24
          chunk 1 text run 1 at (3900.00,1920.00) startOffset 0 endOffset 11 width 101.00: "just a text"
      RenderSVGText {text} at (4000,1901) size 101x24 contains 1 chunk(s)
        RenderSVGInlineText {#text} at (0,0) size 101x24
          chunk 1 text run 1 at (4000.00,1920.00) startOffset 0 endOffset 11 width 101.00: "just a text"
      RenderSVGText {text} at (4100,1901) size 101x24 contains 1 chunk(s)
        RenderSVGInlineText {#text} at (0,0) size 101x24
          chunk 1 text run 1 at (4100.00,1920.00) startOffset 0 endOffset 11 width 101.00: "just a text"
      RenderSVGText {text} at (4200,1901) size 101x24 contains 1 chunk(s)
        RenderSVGInlineText {#text} at (0,0) size 101x24
          chunk 1 text run 1 at (4200.00,1920.00) startOffset 0 endOffset 11 width 101.00: "just a text"
      RenderSVGText {text} at (4300,1901) size 101x24 contains 1 chunk(s)
        RenderSVGInlineText {#text} at (0,0) size 101x24
          chunk 1 text run 1 at (4300.00,1920.00) startOffset 0 endOffset 11 width 101.00: "just a text"
      RenderSVGText {text} at (4400,1901) size 101x24 contains 1 chunk(s)
        RenderSVGInlineText {#text} at (0,0) size 101x24
          chunk 1 text run 1 at (4400.00,1920.00) startOffset 0 endOffset 11 width 101.00: "just a text"
      RenderSVGText {text} at (4500,1901) size 101x24 contains 1 chunk(s)
        RenderSVGInlineText {#text} at (0,0) size 101x24
          chunk 1 text run 1 at (4500.00,1920.00) startOffset 0 endOffset 11 width 101.00: "just a text"
      RenderSVGText {text} at (4600,1901) size 101x24 contains 1 chunk(s)
        RenderSVGInlineText {#text} at (0,0) size 101x24
          chunk 1 text run 1 at (4600.00,1920.00) startOffset 0 endOffset 11 width 101.00: "just a text"
      RenderSVGText {text} at (4700,1901) size 101x24 contains 1 chunk(s)
        RenderSVGInlineText {#text} at (0,0) size 101x24
          chunk 1 text run 1 at (4700.00,1920.00) startOffset 0 endOffset 11 width 101.00: "just a text"
      RenderSVGText {text} at (4800,1901) size 101x24 contains 1 chunk(s)
        RenderSVGInlineText {#text} at (0,0) size 101x24
          chunk 1 text run 1 at (4800.00,1920.00) startOffset 0 endOffset 11 width 101.00: "just a text"
      RenderSVGText {text} at (4900,1901) size 101x24 contains 1 chunk(s)
        RenderSVGInlineText {#text} at (0,0) size 101x24
          chunk 1 text run 1 at (4900.00,1920.00) startOffset 0 endOffset 11 width 101.00: "just a text"
      RenderSVGText {text} at (0,2001) size 101x24 contains 1 chunk(s)
        RenderSVGInlineText {#text} at (0,0) size 101x24
          chunk 1 text run 1 at (0.00,2020.00) startOffset 0 endOffset 11 width 101.00: "just a text"
      RenderSVGText {text} at (100,2001) size 101x24 contains 1 chunk(s)
        RenderSVGInlineText {#text} at (0,0) size 101x24
          chunk 1 text run 1 at (100.00,2020.00) startOffset 0 endOffset 11 width 101.00: "just a text"
      RenderSVGText {text} at (200,2001) size 101x24 contains 1 chunk(s)
        RenderSVGInlineText {#text} at (0,0) size 101x24
          chunk 1 text run 1 at (200.00,2020.00) startOffset 0 endOffset 11 width 101.00: "just a text"
      RenderSVGText {text} at (300,2001) size 101x24 contains 1 chunk(s)
        RenderSVGInlineText {#text} at (0,0) size 101x24
          chunk 1 text run 1 at (300.00,2020.00) startOffset 0 endOffset 11 width 101.00: "just a text"
      RenderSVGText {text} at (400,2001) size 101x24 contains 1 chunk(s)
        RenderSVGInlineText {#text} at (0,0) size 101x24
          chunk 1 text run 1 at (400.00,2020.00) startOffset 0 endOffset 11 width 101.00: "just a text"
      RenderSVGText {text} at (500,2001) size 101x24 contains 1 chunk(s)
        RenderSVGInlineText {#text} at (0,0) size 101x24
          chunk 1 text run 1 at (500.00,2020.00) startOffset 0 endOffset 11 width 101.00: "just a text"
      RenderSVGText {text} at (600,2001) size 101x24 contains 1 chunk(s)
        RenderSVGInlineText {#text} at (0,0) size 101x24
          chunk 1 text run 1 at (600.00,2020.00) startOffset 0 endOffset 11 width 101.00: "just a text"
      RenderSVGText {text} at (700,2001) size 101x24 contains 1 chunk(s)
        RenderSVGInlineText {#text} at (0,0) size 101x24
          chunk 1 text run 1 at (700.00,2020.00) startOffset 0 endOffset 11 width 101.00: "just a text"
      RenderSVGText {text} at (800,2001) size 101x24 contains 1 chunk(s)
        RenderSVGInlineText {#text} at (0,0) size 101x24
          chunk 1 text run 1 at (800.00,2020.00) startOffset 0 endOffset 11 width 101.00: "just a text"
      RenderSVGText {text} at (900,2001) size 101x24 contains 1 chunk(s)
        RenderSVGInlineText {#text} at (0,0) size 101x24
          chunk 1 text run 1 at (900.00,2020.00) startOffset 0 endOffset 11 width 101.00: "just a text"
      RenderSVGText {text} at (1000,2001) size 101x24 contains 1 chunk(s)
        RenderSVGInlineText {#text} at (0,0) size 101x24
          chunk 1 text run 1 at (1000.00,2020.00) startOffset 0 endOffset 11 width 101.00: "just a text"
      RenderSVGText {text} at (1100,2001) size 101x24 contains 1 chunk(s)
        RenderSVGInlineText {#text} at (0,0) size 101x24
          chunk 1 text run 1 at (1100.00,2020.00) startOffset 0 endOffset 11 width 101.00: "just a text"
      RenderSVGText {text} at (1200,2001) size 101x24 contains 1 chunk(s)
        RenderSVGInlineText {#text} at (0,0) size 101x24
          chunk 1 text run 1 at (1200.00,2020.00) startOffset 0 endOffset 11 width 101.00: "just a text"
      RenderSVGText {text} at (1300,2001) size 101x24 contains 1 chunk(s)
        RenderSVGInlineText {#text} at (0,0) size 101x24
          chunk 1 text run 1 at (1300.00,2020.00) startOffset 0 endOffset 11 width 101.00: "just a text"
      RenderSVGText {text} at (1400,2001) size 101x24 contains 1 chunk(s)
        RenderSVGInlineText {#text} at (0,0) size 101x24
          chunk 1 text run 1 at (1400.00,2020.00) startOffset 0 endOffset 11 width 101.00: "just a text"
      RenderSVGText {text} at (1500,2001) size 101x24 contains 1 chunk(s)
        RenderSVGInlineText {#text} at (0,0) size 101x24
          chunk 1 text run 1 at (1500.00,2020.00) startOffset 0 endOffset 11 width 101.00: "just a text"
      RenderSVGText {text} at (1600,2001) size 101x24 contains 1 chunk(s)
        RenderSVGInlineText {#text} at (0,0) size 101x24
          chunk 1 text run 1 at (1600.00,2020.00) startOffset 0 endOffset 11 width 101.00: "just a text"
      RenderSVGText {text} at (1700,2001) size 101x24 contains 1 chunk(s)
        RenderSVGInlineText {#text} at (0,0) size 101x24
          chunk 1 text run 1 at (1700.00,2020.00) startOffset 0 endOffset 11 width 101.00: "just a text"
      RenderSVGText {text} at (1800,2001) size 101x24 contains 1 chunk(s)
        RenderSVGInlineText {#text} at (0,0) size 101x24
          chunk 1 text run 1 at (1800.00,2020.00) startOffset 0 endOffset 11 width 101.00: "just a text"
      RenderSVGText {text} at (1900,2001) size 101x24 contains 1 chunk(s)
        RenderSVGInlineText {#text} at (0,0) size 101x24
          chunk 1 text run 1 at (1900.00,2020.00) startOffset 0 endOffset 11 width 101.00: "just a text"
      RenderSVGText {text} at (2000,2001) size 101x24 contains 1 chunk(s)
        RenderSVGInlineText {#text} at (0,0) size 101x24
          chunk 1 text run 1 at (2000.00,2020.00) startOffset 0 endOffset 11 width 101.00: "just a text"
      RenderSVGText {text} at (2100,2001) size 101x24 contains 1 chunk(s)
        RenderSVGInlineText {#text} at (0,0) size 101x24
          chunk 1 text run 1 at (2100.00,2020.00) startOffset 0 endOffset 11 width 101.00: "just a text"
      RenderSVGText {text} at (2200,2001) size 101x24 contains 1 chunk(s)
        RenderSVGInlineText {#text} at (0,0) size 101x24
          chunk 1 text run 1 at (2200.00,2020.00) startOffset 0 endOffset 11 width 101.00: "just a text"
      RenderSVGText {text} at (2300,2001) size 101x24 contains 1 chunk(s)
        RenderSVGInlineText {#text} at (0,0) size 101x24
          chunk 1 text run 1 at (2300.00,2020.00) startOffset 0 endOffset 11 width 101.00: "just a text"
      RenderSVGText {text} at (2400,2001) size 101x24 contains 1 chunk(s)
        RenderSVGInlineText {#text} at (0,0) size 101x24
          chunk 1 text run 1 at (2400.00,2020.00) startOffset 0 endOffset 11 width 101.00: "just a text"
      RenderSVGText {text} at (2500,2001) size 101x24 contains 1 chunk(s)
        RenderSVGInlineText {#text} at (0,0) size 101x24
          chunk 1 text run 1 at (2500.00,2020.00) startOffset 0 endOffset 11 width 101.00: "just a text"
      RenderSVGText {text} at (2600,2001) size 101x24 contains 1 chunk(s)
        RenderSVGInlineText {#text} at (0,0) size 101x24
          chunk 1 text run 1 at (2600.00,2020.00) startOffset 0 endOffset 11 width 101.00: "just a text"
      RenderSVGText {text} at (2700,2001) size 101x24 contains 1 chunk(s)
        RenderSVGInlineText {#text} at (0,0) size 101x24
          chunk 1 text run 1 at (2700.00,2020.00) startOffset 0 endOffset 11 width 101.00: "just a text"
      RenderSVGText {text} at (2800,2001) size 101x24 contains 1 chunk(s)
        RenderSVGInlineText {#text} at (0,0) size 101x24
          chunk 1 text run 1 at (2800.00,2020.00) startOffset 0 endOffset 11 width 101.00: "just a text"
      RenderSVGText {text} at (2900,2001) size 101x24 contains 1 chunk(s)
        RenderSVGInlineText {#text} at (0,0) size 101x24
          chunk 1 text run 1 at (2900.00,2020.00) startOffset 0 endOffset 11 width 101.00: "just a text"
      RenderSVGText {text} at (3000,2001) size 101x24 contains 1 chunk(s)
        RenderSVGInlineText {#text} at (0,0) size 101x24
          chunk 1 text run 1 at (3000.00,2020.00) startOffset 0 endOffset 11 width 101.00: "just a text"
      RenderSVGText {text} at (3100,2001) size 101x24 contains 1 chunk(s)
        RenderSVGInlineText {#text} at (0,0) size 101x24
          chunk 1 text run 1 at (3100.00,2020.00) startOffset 0 endOffset 11 width 101.00: "just a text"
      RenderSVGText {text} at (3200,2001) size 101x24 contains 1 chunk(s)
        RenderSVGInlineText {#text} at (0,0) size 101x24
          chunk 1 text run 1 at (3200.00,2020.00) startOffset 0 endOffset 11 width 101.00: "just a text"
      RenderSVGText {text} at (3300,2001) size 101x24 contains 1 chunk(s)
        RenderSVGInlineText {#text} at (0,0) size 101x24
          chunk 1 text run 1 at (3300.00,2020.00) startOffset 0 endOffset 11 width 101.00: "just a text"
      RenderSVGText {text} at (3400,2001) size 101x24 contains 1 chunk(s)
        RenderSVGInlineText {#text} at (0,0) size 101x24
          chunk 1 text run 1 at (3400.00,2020.00) startOffset 0 endOffset 11 width 101.00: "just a text"
      RenderSVGText {text} at (3500,2001) size 101x24 contains 1 chunk(s)
        RenderSVGInlineText {#text} at (0,0) size 101x24
          chunk 1 text run 1 at (3500.00,2020.00) startOffset 0 endOffset 11 width 101.00: "just a text"
      RenderSVGText {text} at (3600,2001) size 101x24 contains 1 chunk(s)
        RenderSVGInlineText {#text} at (0,0) size 101x24
          chunk 1 text run 1 at (3600.00,2020.00) startOffset 0 endOffset 11 width 101.00: "just a text"
      RenderSVGText {text} at (3700,2001) size 101x24 contains 1 chunk(s)
        RenderSVGInlineText {#text} at (0,0) size 101x24
          chunk 1 text run 1 at (3700.00,2020.00) startOffset 0 endOffset 11 width 101.00: "just a text"
      RenderSVGText {text} at (3800,2001) size 101x24 contains 1 chunk(s)
        RenderSVGInlineText {#text} at (0,0) size 101x24
          chunk 1 text run 1 at (3800.00,2020.00) startOffset 0 endOffset 11 width 101.00: "just a text"
      RenderSVGText {text} at (3900,2001) size 101x24 contains 1 chunk(s)
        RenderSVGInlineText {#text} at (0,0) size 101x24
          chunk 1 text run 1 at (3900.00,2020.00) startOffset 0 endOffset 11 width 101.00: "just a text"
      RenderSVGText {text} at (4000,2001) size 101x24 contains 1 chunk(s)
        RenderSVGInlineText {#text} at (0,0) size 101x24
          chunk 1 text run 1 at (4000.00,2020.00) startOffset 0 endOffset 11 width 101.00: "just a text"
      RenderSVGText {text} at (4100,2001) size 101x24 contains 1 chunk(s)
        RenderSVGInlineText {#text} at (0,0) size 101x24
          chunk 1 text run 1 at (4100.00,2020.00) startOffset 0 endOffset 11 width 101.00: "just a text"
      RenderSVGText {text} at (4200,2001) size 101x24 contains 1 chunk(s)
        RenderSVGInlineText {#text} at (0,0) size 101x24
          chunk 1 text run 1 at (4200.00,2020.00) startOffset 0 endOffset 11 width 101.00: "just a text"
      RenderSVGText {text} at (4300,2001) size 101x24 contains 1 chunk(s)
        RenderSVGInlineText {#text} at (0,0) size 101x24
          chunk 1 text run 1 at (4300.00,2020.00) startOffset 0 endOffset 11 width 101.00: "just a text"
      RenderSVGText {text} at (4400,2001) size 101x24 contains 1 chunk(s)
        RenderSVGInlineText {#text} at (0,0) size 101x24
          chunk 1 text run 1 at (4400.00,2020.00) startOffset 0 endOffset 11 width 101.00: "just a text"
      RenderSVGText {text} at (4500,2001) size 101x24 contains 1 chunk(s)
        RenderSVGInlineText {#text} at (0,0) size 101x24
          chunk 1 text run 1 at (4500.00,2020.00) startOffset 0 endOffset 11 width 101.00: "just a text"
      RenderSVGText {text} at (4600,2001) size 101x24 contains 1 chunk(s)
        RenderSVGInlineText {#text} at (0,0) size 101x24
          chunk 1 text run 1 at (4600.00,2020.00) startOffset 0 endOffset 11 width 101.00: "just a text"
      RenderSVGText {text} at (4700,2001) size 101x24 contains 1 chunk(s)
        RenderSVGInlineText {#text} at (0,0) size 101x24
          chunk 1 text run 1 at (4700.00,2020.00) startOffset 0 endOffset 11 width 101.00: "just a text"
      RenderSVGText {text} at (4800,2001) size 101x24 contains 1 chunk(s)
        RenderSVGInlineText {#text} at (0,0) size 101x24
          chunk 1 text run 1 at (4800.00,2020.00) startOffset 0 endOffset 11 width 101.00: "just a text"
      RenderSVGText {text} at (4900,2001) size 101x24 contains 1 chunk(s)
        RenderSVGInlineText {#text} at (0,0) size 101x24
          chunk 1 text run 1 at (4900.00,2020.00) startOffset 0 endOffset 11 width 101.00: "just a text"
      RenderSVGText {text} at (0,2101) size 101x24 contains 1 chunk(s)
        RenderSVGInlineText {#text} at (0,0) size 101x24
          chunk 1 text run 1 at (0.00,2120.00) startOffset 0 endOffset 11 width 101.00: "just a text"
      RenderSVGText {text} at (100,2101) size 101x24 contains 1 chunk(s)
        RenderSVGInlineText {#text} at (0,0) size 101x24
          chunk 1 text run 1 at (100.00,2120.00) startOffset 0 endOffset 11 width 101.00: "just a text"
      RenderSVGText {text} at (200,2101) size 101x24 contains 1 chunk(s)
        RenderSVGInlineText {#text} at (0,0) size 101x24
          chunk 1 text run 1 at (200.00,2120.00) startOffset 0 endOffset 11 width 101.00: "just a text"
      RenderSVGText {text} at (300,2101) size 101x24 contains 1 chunk(s)
        RenderSVGInlineText {#text} at (0,0) size 101x24
          chunk 1 text run 1 at (300.00,2120.00) startOffset 0 endOffset 11 width 101.00: "just a text"
      RenderSVGText {text} at (400,2101) size 101x24 contains 1 chunk(s)
        RenderSVGInlineText {#text} at (0,0) size 101x24
          chunk 1 text run 1 at (400.00,2120.00) startOffset 0 endOffset 11 width 101.00: "just a text"
      RenderSVGText {text} at (500,2101) size 101x24 contains 1 chunk(s)
        RenderSVGInlineText {#text} at (0,0) size 101x24
          chunk 1 text run 1 at (500.00,2120.00) startOffset 0 endOffset 11 width 101.00: "just a text"
      RenderSVGText {text} at (600,2101) size 101x24 contains 1 chunk(s)
        RenderSVGInlineText {#text} at (0,0) size 101x24
          chunk 1 text run 1 at (600.00,2120.00) startOffset 0 endOffset 11 width 101.00: "just a text"
      RenderSVGText {text} at (700,2101) size 101x24 contains 1 chunk(s)
        RenderSVGInlineText {#text} at (0,0) size 101x24
          chunk 1 text run 1 at (700.00,2120.00) startOffset 0 endOffset 11 width 101.00: "just a text"
      RenderSVGText {text} at (800,2101) size 101x24 contains 1 chunk(s)
        RenderSVGInlineText {#text} at (0,0) size 101x24
          chunk 1 text run 1 at (800.00,2120.00) startOffset 0 endOffset 11 width 101.00: "just a text"
      RenderSVGText {text} at (900,2101) size 101x24 contains 1 chunk(s)
        RenderSVGInlineText {#text} at (0,0) size 101x24
          chunk 1 text run 1 at (900.00,2120.00) startOffset 0 endOffset 11 width 101.00: "just a text"
      RenderSVGText {text} at (1000,2101) size 101x24 contains 1 chunk(s)
        RenderSVGInlineText {#text} at (0,0) size 101x24
          chunk 1 text run 1 at (1000.00,2120.00) startOffset 0 endOffset 11 width 101.00: "just a text"
      RenderSVGText {text} at (1100,2101) size 101x24 contains 1 chunk(s)
        RenderSVGInlineText {#text} at (0,0) size 101x24
          chunk 1 text run 1 at (1100.00,2120.00) startOffset 0 endOffset 11 width 101.00: "just a text"
      RenderSVGText {text} at (1200,2101) size 101x24 contains 1 chunk(s)
        RenderSVGInlineText {#text} at (0,0) size 101x24
          chunk 1 text run 1 at (1200.00,2120.00) startOffset 0 endOffset 11 width 101.00: "just a text"
      RenderSVGText {text} at (1300,2101) size 101x24 contains 1 chunk(s)
        RenderSVGInlineText {#text} at (0,0) size 101x24
          chunk 1 text run 1 at (1300.00,2120.00) startOffset 0 endOffset 11 width 101.00: "just a text"
      RenderSVGText {text} at (1400,2101) size 101x24 contains 1 chunk(s)
        RenderSVGInlineText {#text} at (0,0) size 101x24
          chunk 1 text run 1 at (1400.00,2120.00) startOffset 0 endOffset 11 width 101.00: "just a text"
      RenderSVGText {text} at (1500,2101) size 101x24 contains 1 chunk(s)
        RenderSVGInlineText {#text} at (0,0) size 101x24
          chunk 1 text run 1 at (1500.00,2120.00) startOffset 0 endOffset 11 width 101.00: "just a text"
      RenderSVGText {text} at (1600,2101) size 101x24 contains 1 chunk(s)
        RenderSVGInlineText {#text} at (0,0) size 101x24
          chunk 1 text run 1 at (1600.00,2120.00) startOffset 0 endOffset 11 width 101.00: "just a text"
      RenderSVGText {text} at (1700,2101) size 101x24 contains 1 chunk(s)
        RenderSVGInlineText {#text} at (0,0) size 101x24
          chunk 1 text run 1 at (1700.00,2120.00) startOffset 0 endOffset 11 width 101.00: "just a text"
      RenderSVGText {text} at (1800,2101) size 101x24 contains 1 chunk(s)
        RenderSVGInlineText {#text} at (0,0) size 101x24
          chunk 1 text run 1 at (1800.00,2120.00) startOffset 0 endOffset 11 width 101.00: "just a text"
      RenderSVGText {text} at (1900,2101) size 101x24 contains 1 chunk(s)
        RenderSVGInlineText {#text} at (0,0) size 101x24
          chunk 1 text run 1 at (1900.00,2120.00) startOffset 0 endOffset 11 width 101.00: "just a text"
      RenderSVGText {text} at (2000,2101) size 101x24 contains 1 chunk(s)
        RenderSVGInlineText {#text} at (0,0) size 101x24
          chunk 1 text run 1 at (2000.00,2120.00) startOffset 0 endOffset 11 width 101.00: "just a text"
      RenderSVGText {text} at (2100,2101) size 101x24 contains 1 chunk(s)
        RenderSVGInlineText {#text} at (0,0) size 101x24
          chunk 1 text run 1 at (2100.00,2120.00) startOffset 0 endOffset 11 width 101.00: "just a text"
      RenderSVGText {text} at (2200,2101) size 101x24 contains 1 chunk(s)
        RenderSVGInlineText {#text} at (0,0) size 101x24
          chunk 1 text run 1 at (2200.00,2120.00) startOffset 0 endOffset 11 width 101.00: "just a text"
      RenderSVGText {text} at (2300,2101) size 101x24 contains 1 chunk(s)
        RenderSVGInlineText {#text} at (0,0) size 101x24
          chunk 1 text run 1 at (2300.00,2120.00) startOffset 0 endOffset 11 width 101.00: "just a text"
      RenderSVGText {text} at (2400,2101) size 101x24 contains 1 chunk(s)
        RenderSVGInlineText {#text} at (0,0) size 101x24
          chunk 1 text run 1 at (2400.00,2120.00) startOffset 0 endOffset 11 width 101.00: "just a text"
      RenderSVGText {text} at (2500,2101) size 101x24 contains 1 chunk(s)
        RenderSVGInlineText {#text} at (0,0) size 101x24
          chunk 1 text run 1 at (2500.00,2120.00) startOffset 0 endOffset 11 width 101.00: "just a text"
      RenderSVGText {text} at (2600,2101) size 101x24 contains 1 chunk(s)
        RenderSVGInlineText {#text} at (0,0) size 101x24
          chunk 1 text run 1 at (2600.00,2120.00) startOffset 0 endOffset 11 width 101.00: "just a text"
      RenderSVGText {text} at (2700,2101) size 101x24 contains 1 chunk(s)
        RenderSVGInlineText {#text} at (0,0) size 101x24
          chunk 1 text run 1 at (2700.00,2120.00) startOffset 0 endOffset 11 width 101.00: "just a text"
      RenderSVGText {text} at (2800,2101) size 101x24 contains 1 chunk(s)
        RenderSVGInlineText {#text} at (0,0) size 101x24
          chunk 1 text run 1 at (2800.00,2120.00) startOffset 0 endOffset 11 width 101.00: "just a text"
      RenderSVGText {text} at (2900,2101) size 101x24 contains 1 chunk(s)
        RenderSVGInlineText {#text} at (0,0) size 101x24
          chunk 1 text run 1 at (2900.00,2120.00) startOffset 0 endOffset 11 width 101.00: "just a text"
      RenderSVGText {text} at (3000,2101) size 101x24 contains 1 chunk(s)
        RenderSVGInlineText {#text} at (0,0) size 101x24
          chunk 1 text run 1 at (3000.00,2120.00) startOffset 0 endOffset 11 width 101.00: "just a text"
      RenderSVGText {text} at (3100,2101) size 101x24 contains 1 chunk(s)
        RenderSVGInlineText {#text} at (0,0) size 101x24
          chunk 1 text run 1 at (3100.00,2120.00) startOffset 0 endOffset 11 width 101.00: "just a text"
      RenderSVGText {text} at (3200,2101) size 101x24 contains 1 chunk(s)
        RenderSVGInlineText {#text} at (0,0) size 101x24
          chunk 1 text run 1 at (3200.00,2120.00) startOffset 0 endOffset 11 width 101.00: "just a text"
      RenderSVGText {text} at (3300,2101) size 101x24 contains 1 chunk(s)
        RenderSVGInlineText {#text} at (0,0) size 101x24
          chunk 1 text run 1 at (3300.00,2120.00) startOffset 0 endOffset 11 width 101.00: "just a text"
      RenderSVGText {text} at (3400,2101) size 101x24 contains 1 chunk(s)
        RenderSVGInlineText {#text} at (0,0) size 101x24
          chunk 1 text run 1 at (3400.00,2120.00) startOffset 0 endOffset 11 width 101.00: "just a text"
      RenderSVGText {text} at (3500,2101) size 101x24 contains 1 chunk(s)
        RenderSVGInlineText {#text} at (0,0) size 101x24
          chunk 1 text run 1 at (3500.00,2120.00) startOffset 0 endOffset 11 width 101.00: "just a text"
      RenderSVGText {text} at (3600,2101) size 101x24 contains 1 chunk(s)
        RenderSVGInlineText {#text} at (0,0) size 101x24
          chunk 1 text run 1 at (3600.00,2120.00) startOffset 0 endOffset 11 width 101.00: "just a text"
      RenderSVGText {text} at (3700,2101) size 101x24 contains 1 chunk(s)
        RenderSVGInlineText {#text} at (0,0) size 101x24
          chunk 1 text run 1 at (3700.00,2120.00) startOffset 0 endOffset 11 width 101.00: "just a text"
      RenderSVGText {text} at (3800,2101) size 101x24 contains 1 chunk(s)
        RenderSVGInlineText {#text} at (0,0) size 101x24
          chunk 1 text run 1 at (3800.00,2120.00) startOffset 0 endOffset 11 width 101.00: "just a text"
      RenderSVGText {text} at (3900,2101) size 101x24 contains 1 chunk(s)
        RenderSVGInlineText {#text} at (0,0) size 101x24
          chunk 1 text run 1 at (3900.00,2120.00) startOffset 0 endOffset 11 width 101.00: "just a text"
      RenderSVGText {text} at (4000,2101) size 101x24 contains 1 chunk(s)
        RenderSVGInlineText {#text} at (0,0) size 101x24
          chunk 1 text run 1 at (4000.00,2120.00) startOffset 0 endOffset 11 width 101.00: "just a text"
      RenderSVGText {text} at (4100,2101) size 101x24 contains 1 chunk(s)
        RenderSVGInlineText {#text} at (0,0) size 101x24
          chunk 1 text run 1 at (4100.00,2120.00) startOffset 0 endOffset 11 width 101.00: "just a text"
      RenderSVGText {text} at (4200,2101) size 101x24 contains 1 chunk(s)
        RenderSVGInlineText {#text} at (0,0) size 101x24
          chunk 1 text run 1 at (4200.00,2120.00) startOffset 0 endOffset 11 width 101.00: "just a text"
      RenderSVGText {text} at (4300,2101) size 101x24 contains 1 chunk(s)
        RenderSVGInlineText {#text} at (0,0) size 101x24
          chunk 1 text run 1 at (4300.00,2120.00) startOffset 0 endOffset 11 width 101.00: "just a text"
      RenderSVGText {text} at (4400,2101) size 101x24 contains 1 chunk(s)
        RenderSVGInlineText {#text} at (0,0) size 101x24
          chunk 1 text run 1 at (4400.00,2120.00) startOffset 0 endOffset 11 width 101.00: "just a text"
      RenderSVGText {text} at (4500,2101) size 101x24 contains 1 chunk(s)
        RenderSVGInlineText {#text} at (0,0) size 101x24
          chunk 1 text run 1 at (4500.00,2120.00) startOffset 0 endOffset 11 width 101.00: "just a text"
      RenderSVGText {text} at (4600,2101) size 101x24 contains 1 chunk(s)
        RenderSVGInlineText {#text} at (0,0) size 101x24
          chunk 1 text run 1 at (4600.00,2120.00) startOffset 0 endOffset 11 width 101.00: "just a text"
      RenderSVGText {text} at (4700,2101) size 101x24 contains 1 chunk(s)
        RenderSVGInlineText {#text} at (0,0) size 101x24
          chunk 1 text run 1 at (4700.00,2120.00) startOffset 0 endOffset 11 width 101.00: "just a text"
      RenderSVGText {text} at (4800,2101) size 101x24 contains 1 chunk(s)
        RenderSVGInlineText {#text} at (0,0) size 101x24
          chunk 1 text run 1 at (4800.00,2120.00) startOffset 0 endOffset 11 width 101.00: "just a text"
      RenderSVGText {text} at (4900,2101) size 101x24 contains 1 chunk(s)
        RenderSVGInlineText {#text} at (0,0) size 101x24
          chunk 1 text run 1 at (4900.00,2120.00) startOffset 0 endOffset 11 width 101.00: "just a text"
      RenderSVGText {text} at (0,2201) size 101x24 contains 1 chunk(s)
        RenderSVGInlineText {#text} at (0,0) size 101x24
          chunk 1 text run 1 at (0.00,2220.00) startOffset 0 endOffset 11 width 101.00: "just a text"
      RenderSVGText {text} at (100,2201) size 101x24 contains 1 chunk(s)
        RenderSVGInlineText {#text} at (0,0) size 101x24
          chunk 1 text run 1 at (100.00,2220.00) startOffset 0 endOffset 11 width 101.00: "just a text"
      RenderSVGText {text} at (200,2201) size 101x24 contains 1 chunk(s)
        RenderSVGInlineText {#text} at (0,0) size 101x24
          chunk 1 text run 1 at (200.00,2220.00) startOffset 0 endOffset 11 width 101.00: "just a text"
      RenderSVGText {text} at (300,2201) size 101x24 contains 1 chunk(s)
        RenderSVGInlineText {#text} at (0,0) size 101x24
          chunk 1 text run 1 at (300.00,2220.00) startOffset 0 endOffset 11 width 101.00: "just a text"
      RenderSVGText {text} at (400,2201) size 101x24 contains 1 chunk(s)
        RenderSVGInlineText {#text} at (0,0) size 101x24
          chunk 1 text run 1 at (400.00,2220.00) startOffset 0 endOffset 11 width 101.00: "just a text"
      RenderSVGText {text} at (500,2201) size 101x24 contains 1 chunk(s)
        RenderSVGInlineText {#text} at (0,0) size 101x24
          chunk 1 text run 1 at (500.00,2220.00) startOffset 0 endOffset 11 width 101.00: "just a text"
      RenderSVGText {text} at (600,2201) size 101x24 contains 1 chunk(s)
        RenderSVGInlineText {#text} at (0,0) size 101x24
          chunk 1 text run 1 at (600.00,2220.00) startOffset 0 endOffset 11 width 101.00: "just a text"
      RenderSVGText {text} at (700,2201) size 101x24 contains 1 chunk(s)
        RenderSVGInlineText {#text} at (0,0) size 101x24
          chunk 1 text run 1 at (700.00,2220.00) startOffset 0 endOffset 11 width 101.00: "just a text"
      RenderSVGText {text} at (800,2201) size 101x24 contains 1 chunk(s)
        RenderSVGInlineText {#text} at (0,0) size 101x24
          chunk 1 text run 1 at (800.00,2220.00) startOffset 0 endOffset 11 width 101.00: "just a text"
      RenderSVGText {text} at (900,2201) size 101x24 contains 1 chunk(s)
        RenderSVGInlineText {#text} at (0,0) size 101x24
          chunk 1 text run 1 at (900.00,2220.00) startOffset 0 endOffset 11 width 101.00: "just a text"
      RenderSVGText {text} at (1000,2201) size 101x24 contains 1 chunk(s)
        RenderSVGInlineText {#text} at (0,0) size 101x24
          chunk 1 text run 1 at (1000.00,2220.00) startOffset 0 endOffset 11 width 101.00: "just a text"
      RenderSVGText {text} at (1100,2201) size 101x24 contains 1 chunk(s)
        RenderSVGInlineText {#text} at (0,0) size 101x24
          chunk 1 text run 1 at (1100.00,2220.00) startOffset 0 endOffset 11 width 101.00: "just a text"
      RenderSVGText {text} at (1200,2201) size 101x24 contains 1 chunk(s)
        RenderSVGInlineText {#text} at (0,0) size 101x24
          chunk 1 text run 1 at (1200.00,2220.00) startOffset 0 endOffset 11 width 101.00: "just a text"
      RenderSVGText {text} at (1300,2201) size 101x24 contains 1 chunk(s)
        RenderSVGInlineText {#text} at (0,0) size 101x24
          chunk 1 text run 1 at (1300.00,2220.00) startOffset 0 endOffset 11 width 101.00: "just a text"
      RenderSVGText {text} at (1400,2201) size 101x24 contains 1 chunk(s)
        RenderSVGInlineText {#text} at (0,0) size 101x24
          chunk 1 text run 1 at (1400.00,2220.00) startOffset 0 endOffset 11 width 101.00: "just a text"
      RenderSVGText {text} at (1500,2201) size 101x24 contains 1 chunk(s)
        RenderSVGInlineText {#text} at (0,0) size 101x24
          chunk 1 text run 1 at (1500.00,2220.00) startOffset 0 endOffset 11 width 101.00: "just a text"
      RenderSVGText {text} at (1600,2201) size 101x24 contains 1 chunk(s)
        RenderSVGInlineText {#text} at (0,0) size 101x24
          chunk 1 text run 1 at (1600.00,2220.00) startOffset 0 endOffset 11 width 101.00: "just a text"
      RenderSVGText {text} at (1700,2201) size 101x24 contains 1 chunk(s)
        RenderSVGInlineText {#text} at (0,0) size 101x24
          chunk 1 text run 1 at (1700.00,2220.00) startOffset 0 endOffset 11 width 101.00: "just a text"
      RenderSVGText {text} at (1800,2201) size 101x24 contains 1 chunk(s)
        RenderSVGInlineText {#text} at (0,0) size 101x24
          chunk 1 text run 1 at (1800.00,2220.00) startOffset 0 endOffset 11 width 101.00: "just a text"
      RenderSVGText {text} at (1900,2201) size 101x24 contains 1 chunk(s)
        RenderSVGInlineText {#text} at (0,0) size 101x24
          chunk 1 text run 1 at (1900.00,2220.00) startOffset 0 endOffset 11 width 101.00: "just a text"
      RenderSVGText {text} at (2000,2201) size 101x24 contains 1 chunk(s)
        RenderSVGInlineText {#text} at (0,0) size 101x24
          chunk 1 text run 1 at (2000.00,2220.00) startOffset 0 endOffset 11 width 101.00: "just a text"
      RenderSVGText {text} at (2100,2201) size 101x24 contains 1 chunk(s)
        RenderSVGInlineText {#text} at (0,0) size 101x24
          chunk 1 text run 1 at (2100.00,2220.00) startOffset 0 endOffset 11 width 101.00: "just a text"
      RenderSVGText {text} at (2200,2201) size 101x24 contains 1 chunk(s)
        RenderSVGInlineText {#text} at (0,0) size 101x24
          chunk 1 text run 1 at (2200.00,2220.00) startOffset 0 endOffset 11 width 101.00: "just a text"
      RenderSVGText {text} at (2300,2201) size 101x24 contains 1 chunk(s)
        RenderSVGInlineText {#text} at (0,0) size 101x24
          chunk 1 text run 1 at (2300.00,2220.00) startOffset 0 endOffset 11 width 101.00: "just a text"
      RenderSVGText {text} at (2400,2201) size 101x24 contains 1 chunk(s)
        RenderSVGInlineText {#text} at (0,0) size 101x24
          chunk 1 text run 1 at (2400.00,2220.00) startOffset 0 endOffset 11 width 101.00: "just a text"
      RenderSVGText {text} at (2500,2201) size 101x24 contains 1 chunk(s)
        RenderSVGInlineText {#text} at (0,0) size 101x24
          chunk 1 text run 1 at (2500.00,2220.00) startOffset 0 endOffset 11 width 101.00: "just a text"
      RenderSVGText {text} at (2600,2201) size 101x24 contains 1 chunk(s)
        RenderSVGInlineText {#text} at (0,0) size 101x24
          chunk 1 text run 1 at (2600.00,2220.00) startOffset 0 endOffset 11 width 101.00: "just a text"
      RenderSVGText {text} at (2700,2201) size 101x24 contains 1 chunk(s)
        RenderSVGInlineText {#text} at (0,0) size 101x24
          chunk 1 text run 1 at (2700.00,2220.00) startOffset 0 endOffset 11 width 101.00: "just a text"
      RenderSVGText {text} at (2800,2201) size 101x24 contains 1 chunk(s)
        RenderSVGInlineText {#text} at (0,0) size 101x24
          chunk 1 text run 1 at (2800.00,2220.00) startOffset 0 endOffset 11 width 101.00: "just a text"
      RenderSVGText {text} at (2900,2201) size 101x24 contains 1 chunk(s)
        RenderSVGInlineText {#text} at (0,0) size 101x24
          chunk 1 text run 1 at (2900.00,2220.00) startOffset 0 endOffset 11 width 101.00: "just a text"
      RenderSVGText {text} at (3000,2201) size 101x24 contains 1 chunk(s)
        RenderSVGInlineText {#text} at (0,0) size 101x24
          chunk 1 text run 1 at (3000.00,2220.00) startOffset 0 endOffset 11 width 101.00: "just a text"
      RenderSVGText {text} at (3100,2201) size 101x24 contains 1 chunk(s)
        RenderSVGInlineText {#text} at (0,0) size 101x24
          chunk 1 text run 1 at (3100.00,2220.00) startOffset 0 endOffset 11 width 101.00: "just a text"
      RenderSVGText {text} at (3200,2201) size 101x24 contains 1 chunk(s)
        RenderSVGInlineText {#text} at (0,0) size 101x24
          chunk 1 text run 1 at (3200.00,2220.00) startOffset 0 endOffset 11 width 101.00: "just a text"
      RenderSVGText {text} at (3300,2201) size 101x24 contains 1 chunk(s)
        RenderSVGInlineText {#text} at (0,0) size 101x24
          chunk 1 text run 1 at (3300.00,2220.00) startOffset 0 endOffset 11 width 101.00: "just a text"
      RenderSVGText {text} at (3400,2201) size 101x24 contains 1 chunk(s)
        RenderSVGInlineText {#text} at (0,0) size 101x24
          chunk 1 text run 1 at (3400.00,2220.00) startOffset 0 endOffset 11 width 101.00: "just a text"
      RenderSVGText {text} at (3500,2201) size 101x24 contains 1 chunk(s)
        RenderSVGInlineText {#text} at (0,0) size 101x24
          chunk 1 text run 1 at (3500.00,2220.00) startOffset 0 endOffset 11 width 101.00: "just a text"
      RenderSVGText {text} at (3600,2201) size 101x24 contains 1 chunk(s)
        RenderSVGInlineText {#text} at (0,0) size 101x24
          chunk 1 text run 1 at (3600.00,2220.00) startOffset 0 endOffset 11 width 101.00: "just a text"
      RenderSVGText {text} at (3700,2201) size 101x24 contains 1 chunk(s)
        RenderSVGInlineText {#text} at (0,0) size 101x24
          chunk 1 text run 1 at (3700.00,2220.00) startOffset 0 endOffset 11 width 101.00: "just a text"
      RenderSVGText {text} at (3800,2201) size 101x24 contains 1 chunk(s)
        RenderSVGInlineText {#text} at (0,0) size 101x24
          chunk 1 text run 1 at (3800.00,2220.00) startOffset 0 endOffset 11 width 101.00: "just a text"
      RenderSVGText {text} at (3900,2201) size 101x24 contains 1 chunk(s)
        RenderSVGInlineText {#text} at (0,0) size 101x24
          chunk 1 text run 1 at (3900.00,2220.00) startOffset 0 endOffset 11 width 101.00: "just a text"
      RenderSVGText {text} at (4000,2201) size 101x24 contains 1 chunk(s)
        RenderSVGInlineText {#text} at (0,0) size 101x24
          chunk 1 text run 1 at (4000.00,2220.00) startOffset 0 endOffset 11 width 101.00: "just a text"
      RenderSVGText {text} at (4100,2201) size 101x24 contains 1 chunk(s)
        RenderSVGInlineText {#text} at (0,0) size 101x24
          chunk 1 text run 1 at (4100.00,2220.00) startOffset 0 endOffset 11 width 101.00: "just a text"
      RenderSVGText {text} at (4200,2201) size 101x24 contains 1 chunk(s)
        RenderSVGInlineText {#text} at (0,0) size 101x24
          chunk 1 text run 1 at (4200.00,2220.00) startOffset 0 endOffset 11 width 101.00: "just a text"
      RenderSVGText {text} at (4300,2201) size 101x24 contains 1 chunk(s)
        RenderSVGInlineText {#text} at (0,0) size 101x24
          chunk 1 text run 1 at (4300.00,2220.00) startOffset 0 endOffset 11 width 101.00: "just a text"
      RenderSVGText {text} at (4400,2201) size 101x24 contains 1 chunk(s)
        RenderSVGInlineText {#text} at (0,0) size 101x24
          chunk 1 text run 1 at (4400.00,2220.00) startOffset 0 endOffset 11 width 101.00: "just a text"
      RenderSVGText {text} at (4500,2201) size 101x24 contains 1 chunk(s)
        RenderSVGInlineText {#text} at (0,0) size 101x24
          chunk 1 text run 1 at (4500.00,2220.00) startOffset 0 endOffset 11 width 101.00: "just a text"
      RenderSVGText {text} at (4600,2201) size 101x24 contains 1 chunk(s)
        RenderSVGInlineText {#text} at (0,0) size 101x24
          chunk 1 text run 1 at (4600.00,2220.00) startOffset 0 endOffset 11 width 101.00: "just a text"
      RenderSVGText {text} at (4700,2201) size 101x24 contains 1 chunk(s)
        RenderSVGInlineText {#text} at (0,0) size 101x24
          chunk 1 text run 1 at (4700.00,2220.00) startOffset 0 endOffset 11 width 101.00: "just a text"
      RenderSVGText {text} at (4800,2201) size 101x24 contains 1 chunk(s)
        RenderSVGInlineText {#text} at (0,0) size 101x24
          chunk 1 text run 1 at (4800.00,2220.00) startOffset 0 endOffset 11 width 101.00: "just a text"
      RenderSVGText {text} at (4900,2201) size 101x24 contains 1 chunk(s)
        RenderSVGInlineText {#text} at (0,0) size 101x24
          chunk 1 text run 1 at (4900.00,2220.00) startOffset 0 endOffset 11 width 101.00: "just a text"
      RenderSVGText {text} at (0,2301) size 101x24 contains 1 chunk(s)
        RenderSVGInlineText {#text} at (0,0) size 101x24
          chunk 1 text run 1 at (0.00,2320.00) startOffset 0 endOffset 11 width 101.00: "just a text"
      RenderSVGText {text} at (100,2301) size 101x24 contains 1 chunk(s)
        RenderSVGInlineText {#text} at (0,0) size 101x24
          chunk 1 text run 1 at (100.00,2320.00) startOffset 0 endOffset 11 width 101.00: "just a text"
      RenderSVGText {text} at (200,2301) size 101x24 contains 1 chunk(s)
        RenderSVGInlineText {#text} at (0,0) size 101x24
          chunk 1 text run 1 at (200.00,2320.00) startOffset 0 endOffset 11 width 101.00: "just a text"
      RenderSVGText {text} at (300,2301) size 101x24 contains 1 chunk(s)
        RenderSVGInlineText {#text} at (0,0) size 101x24
          chunk 1 text run 1 at (300.00,2320.00) startOffset 0 endOffset 11 width 101.00: "just a text"
      RenderSVGText {text} at (400,2301) size 101x24 contains 1 chunk(s)
        RenderSVGInlineText {#text} at (0,0) size 101x24
          chunk 1 text run 1 at (400.00,2320.00) startOffset 0 endOffset 11 width 101.00: "just a text"
      RenderSVGText {text} at (500,2301) size 101x24 contains 1 chunk(s)
        RenderSVGInlineText {#text} at (0,0) size 101x24
          chunk 1 text run 1 at (500.00,2320.00) startOffset 0 endOffset 11 width 101.00: "just a text"
      RenderSVGText {text} at (600,2301) size 101x24 contains 1 chunk(s)
        RenderSVGInlineText {#text} at (0,0) size 101x24
          chunk 1 text run 1 at (600.00,2320.00) startOffset 0 endOffset 11 width 101.00: "just a text"
      RenderSVGText {text} at (700,2301) size 101x24 contains 1 chunk(s)
        RenderSVGInlineText {#text} at (0,0) size 101x24
          chunk 1 text run 1 at (700.00,2320.00) startOffset 0 endOffset 11 width 101.00: "just a text"
      RenderSVGText {text} at (800,2301) size 101x24 contains 1 chunk(s)
        RenderSVGInlineText {#text} at (0,0) size 101x24
          chunk 1 text run 1 at (800.00,2320.00) startOffset 0 endOffset 11 width 101.00: "just a text"
      RenderSVGText {text} at (900,2301) size 101x24 contains 1 chunk(s)
        RenderSVGInlineText {#text} at (0,0) size 101x24
          chunk 1 text run 1 at (900.00,2320.00) startOffset 0 endOffset 11 width 101.00: "just a text"
      RenderSVGText {text} at (1000,2301) size 101x24 contains 1 chunk(s)
        RenderSVGInlineText {#text} at (0,0) size 101x24
          chunk 1 text run 1 at (1000.00,2320.00) startOffset 0 endOffset 11 width 101.00: "just a text"
      RenderSVGText {text} at (1100,2301) size 101x24 contains 1 chunk(s)
        RenderSVGInlineText {#text} at (0,0) size 101x24
          chunk 1 text run 1 at (1100.00,2320.00) startOffset 0 endOffset 11 width 101.00: "just a text"
      RenderSVGText {text} at (1200,2301) size 101x24 contains 1 chunk(s)
        RenderSVGInlineText {#text} at (0,0) size 101x24
          chunk 1 text run 1 at (1200.00,2320.00) startOffset 0 endOffset 11 width 101.00: "just a text"
      RenderSVGText {text} at (1300,2301) size 101x24 contains 1 chunk(s)
        RenderSVGInlineText {#text} at (0,0) size 101x24
          chunk 1 text run 1 at (1300.00,2320.00) startOffset 0 endOffset 11 width 101.00: "just a text"
      RenderSVGText {text} at (1400,2301) size 101x24 contains 1 chunk(s)
        RenderSVGInlineText {#text} at (0,0) size 101x24
          chunk 1 text run 1 at (1400.00,2320.00) startOffset 0 endOffset 11 width 101.00: "just a text"
      RenderSVGText {text} at (1500,2301) size 101x24 contains 1 chunk(s)
        RenderSVGInlineText {#text} at (0,0) size 101x24
          chunk 1 text run 1 at (1500.00,2320.00) startOffset 0 endOffset 11 width 101.00: "just a text"
      RenderSVGText {text} at (1600,2301) size 101x24 contains 1 chunk(s)
        RenderSVGInlineText {#text} at (0,0) size 101x24
          chunk 1 text run 1 at (1600.00,2320.00) startOffset 0 endOffset 11 width 101.00: "just a text"
      RenderSVGText {text} at (1700,2301) size 101x24 contains 1 chunk(s)
        RenderSVGInlineText {#text} at (0,0) size 101x24
          chunk 1 text run 1 at (1700.00,2320.00) startOffset 0 endOffset 11 width 101.00: "just a text"
      RenderSVGText {text} at (1800,2301) size 101x24 contains 1 chunk(s)
        RenderSVGInlineText {#text} at (0,0) size 101x24
          chunk 1 text run 1 at (1800.00,2320.00) startOffset 0 endOffset 11 width 101.00: "just a text"
      RenderSVGText {text} at (1900,2301) size 101x24 contains 1 chunk(s)
        RenderSVGInlineText {#text} at (0,0) size 101x24
          chunk 1 text run 1 at (1900.00,2320.00) startOffset 0 endOffset 11 width 101.00: "just a text"
      RenderSVGText {text} at (2000,2301) size 101x24 contains 1 chunk(s)
        RenderSVGInlineText {#text} at (0,0) size 101x24
          chunk 1 text run 1 at (2000.00,2320.00) startOffset 0 endOffset 11 width 101.00: "just a text"
      RenderSVGText {text} at (2100,2301) size 101x24 contains 1 chunk(s)
        RenderSVGInlineText {#text} at (0,0) size 101x24
          chunk 1 text run 1 at (2100.00,2320.00) startOffset 0 endOffset 11 width 101.00: "just a text"
      RenderSVGText {text} at (2200,2301) size 101x24 contains 1 chunk(s)
        RenderSVGInlineText {#text} at (0,0) size 101x24
          chunk 1 text run 1 at (2200.00,2320.00) startOffset 0 endOffset 11 width 101.00: "just a text"
      RenderSVGText {text} at (2300,2301) size 101x24 contains 1 chunk(s)
        RenderSVGInlineText {#text} at (0,0) size 101x24
          chunk 1 text run 1 at (2300.00,2320.00) startOffset 0 endOffset 11 width 101.00: "just a text"
      RenderSVGText {text} at (2400,2301) size 101x24 contains 1 chunk(s)
        RenderSVGInlineText {#text} at (0,0) size 101x24
          chunk 1 text run 1 at (2400.00,2320.00) startOffset 0 endOffset 11 width 101.00: "just a text"
      RenderSVGText {text} at (2500,2301) size 101x24 contains 1 chunk(s)
        RenderSVGInlineText {#text} at (0,0) size 101x24
          chunk 1 text run 1 at (2500.00,2320.00) startOffset 0 endOffset 11 width 101.00: "just a text"
      RenderSVGText {text} at (2600,2301) size 101x24 contains 1 chunk(s)
        RenderSVGInlineText {#text} at (0,0) size 101x24
          chunk 1 text run 1 at (2600.00,2320.00) startOffset 0 endOffset 11 width 101.00: "just a text"
      RenderSVGText {text} at (2700,2301) size 101x24 contains 1 chunk(s)
        RenderSVGInlineText {#text} at (0,0) size 101x24
          chunk 1 text run 1 at (2700.00,2320.00) startOffset 0 endOffset 11 width 101.00: "just a text"
      RenderSVGText {text} at (2800,2301) size 101x24 contains 1 chunk(s)
        RenderSVGInlineText {#text} at (0,0) size 101x24
          chunk 1 text run 1 at (2800.00,2320.00) startOffset 0 endOffset 11 width 101.00: "just a text"
      RenderSVGText {text} at (2900,2301) size 101x24 contains 1 chunk(s)
        RenderSVGInlineText {#text} at (0,0) size 101x24
          chunk 1 text run 1 at (2900.00,2320.00) startOffset 0 endOffset 11 width 101.00: "just a text"
      RenderSVGText {text} at (3000,2301) size 101x24 contains 1 chunk(s)
        RenderSVGInlineText {#text} at (0,0) size 101x24
          chunk 1 text run 1 at (3000.00,2320.00) startOffset 0 endOffset 11 width 101.00: "just a text"
      RenderSVGText {text} at (3100,2301) size 101x24 contains 1 chunk(s)
        RenderSVGInlineText {#text} at (0,0) size 101x24
          chunk 1 text run 1 at (3100.00,2320.00) startOffset 0 endOffset 11 width 101.00: "just a text"
      RenderSVGText {text} at (3200,2301) size 101x24 contains 1 chunk(s)
        RenderSVGInlineText {#text} at (0,0) size 101x24
          chunk 1 text run 1 at (3200.00,2320.00) startOffset 0 endOffset 11 width 101.00: "just a text"
      RenderSVGText {text} at (3300,2301) size 101x24 contains 1 chunk(s)
        RenderSVGInlineText {#text} at (0,0) size 101x24
          chunk 1 text run 1 at (3300.00,2320.00) startOffset 0 endOffset 11 width 101.00: "just a text"
      RenderSVGText {text} at (3400,2301) size 101x24 contains 1 chunk(s)
        RenderSVGInlineText {#text} at (0,0) size 101x24
          chunk 1 text run 1 at (3400.00,2320.00) startOffset 0 endOffset 11 width 101.00: "just a text"
      RenderSVGText {text} at (3500,2301) size 101x24 contains 1 chunk(s)
        RenderSVGInlineText {#text} at (0,0) size 101x24
          chunk 1 text run 1 at (3500.00,2320.00) startOffset 0 endOffset 11 width 101.00: "just a text"
      RenderSVGText {text} at (3600,2301) size 101x24 contains 1 chunk(s)
        RenderSVGInlineText {#text} at (0,0) size 101x24
          chunk 1 text run 1 at (3600.00,2320.00) startOffset 0 endOffset 11 width 101.00: "just a text"
      RenderSVGText {text} at (3700,2301) size 101x24 contains 1 chunk(s)
        RenderSVGInlineText {#text} at (0,0) size 101x24
          chunk 1 text run 1 at (3700.00,2320.00) startOffset 0 endOffset 11 width 101.00: "just a text"
      RenderSVGText {text} at (3800,2301) size 101x24 contains 1 chunk(s)
        RenderSVGInlineText {#text} at (0,0) size 101x24
          chunk 1 text run 1 at (3800.00,2320.00) startOffset 0 endOffset 11 width 101.00: "just a text"
      RenderSVGText {text} at (3900,2301) size 101x24 contains 1 chunk(s)
        RenderSVGInlineText {#text} at (0,0) size 101x24
          chunk 1 text run 1 at (3900.00,2320.00) startOffset 0 endOffset 11 width 101.00: "just a text"
      RenderSVGText {text} at (4000,2301) size 101x24 contains 1 chunk(s)
        RenderSVGInlineText {#text} at (0,0) size 101x24
          chunk 1 text run 1 at (4000.00,2320.00) startOffset 0 endOffset 11 width 101.00: "just a text"
      RenderSVGText {text} at (4100,2301) size 101x24 contains 1 chunk(s)
        RenderSVGInlineText {#text} at (0,0) size 101x24
          chunk 1 text run 1 at (4100.00,2320.00) startOffset 0 endOffset 11 width 101.00: "just a text"
      RenderSVGText {text} at (4200,2301) size 101x24 contains 1 chunk(s)
        RenderSVGInlineText {#text} at (0,0) size 101x24
          chunk 1 text run 1 at (4200.00,2320.00) startOffset 0 endOffset 11 width 101.00: "just a text"
      RenderSVGText {text} at (4300,2301) size 101x24 contains 1 chunk(s)
        RenderSVGInlineText {#text} at (0,0) size 101x24
          chunk 1 text run 1 at (4300.00,2320.00) startOffset 0 endOffset 11 width 101.00: "just a text"
      RenderSVGText {text} at (4400,2301) size 101x24 contains 1 chunk(s)
        RenderSVGInlineText {#text} at (0,0) size 101x24
          chunk 1 text run 1 at (4400.00,2320.00) startOffset 0 endOffset 11 width 101.00: "just a text"
      RenderSVGText {text} at (4500,2301) size 101x24 contains 1 chunk(s)
        RenderSVGInlineText {#text} at (0,0) size 101x24
          chunk 1 text run 1 at (4500.00,2320.00) startOffset 0 endOffset 11 width 101.00: "just a text"
      RenderSVGText {text} at (4600,2301) size 101x24 contains 1 chunk(s)
        RenderSVGInlineText {#text} at (0,0) size 101x24
          chunk 1 text run 1 at (4600.00,2320.00) startOffset 0 endOffset 11 width 101.00: "just a text"
      RenderSVGText {text} at (4700,2301) size 101x24 contains 1 chunk(s)
        RenderSVGInlineText {#text} at (0,0) size 101x24
          chunk 1 text run 1 at (4700.00,2320.00) startOffset 0 endOffset 11 width 101.00: "just a text"
      RenderSVGText {text} at (4800,2301) size 101x24 contains 1 chunk(s)
        RenderSVGInlineText {#text} at (0,0) size 101x24
          chunk 1 text run 1 at (4800.00,2320.00) startOffset 0 endOffset 11 width 101.00: "just a text"
      RenderSVGText {text} at (4900,2301) size 101x24 contains 1 chunk(s)
        RenderSVGInlineText {#text} at (0,0) size 101x24
          chunk 1 text run 1 at (4900.00,2320.00) startOffset 0 endOffset 11 width 101.00: "just a text"
      RenderSVGText {text} at (0,2401) size 101x24 contains 1 chunk(s)
        RenderSVGInlineText {#text} at (0,0) size 101x24
          chunk 1 text run 1 at (0.00,2420.00) startOffset 0 endOffset 11 width 101.00: "just a text"
      RenderSVGText {text} at (100,2401) size 101x24 contains 1 chunk(s)
        RenderSVGInlineText {#text} at (0,0) size 101x24
          chunk 1 text run 1 at (100.00,2420.00) startOffset 0 endOffset 11 width 101.00: "just a text"
      RenderSVGText {text} at (200,2401) size 101x24 contains 1 chunk(s)
        RenderSVGInlineText {#text} at (0,0) size 101x24
          chunk 1 text run 1 at (200.00,2420.00) startOffset 0 endOffset 11 width 101.00: "just a text"
      RenderSVGText {text} at (300,2401) size 101x24 contains 1 chunk(s)
        RenderSVGInlineText {#text} at (0,0) size 101x24
          chunk 1 text run 1 at (300.00,2420.00) startOffset 0 endOffset 11 width 101.00: "just a text"
      RenderSVGText {text} at (400,2401) size 101x24 contains 1 chunk(s)
        RenderSVGInlineText {#text} at (0,0) size 101x24
          chunk 1 text run 1 at (400.00,2420.00) startOffset 0 endOffset 11 width 101.00: "just a text"
      RenderSVGText {text} at (500,2401) size 101x24 contains 1 chunk(s)
        RenderSVGInlineText {#text} at (0,0) size 101x24
          chunk 1 text run 1 at (500.00,2420.00) startOffset 0 endOffset 11 width 101.00: "just a text"
      RenderSVGText {text} at (600,2401) size 101x24 contains 1 chunk(s)
        RenderSVGInlineText {#text} at (0,0) size 101x24
          chunk 1 text run 1 at (600.00,2420.00) startOffset 0 endOffset 11 width 101.00: "just a text"
      RenderSVGText {text} at (700,2401) size 101x24 contains 1 chunk(s)
        RenderSVGInlineText {#text} at (0,0) size 101x24
          chunk 1 text run 1 at (700.00,2420.00) startOffset 0 endOffset 11 width 101.00: "just a text"
      RenderSVGText {text} at (800,2401) size 101x24 contains 1 chunk(s)
        RenderSVGInlineText {#text} at (0,0) size 101x24
          chunk 1 text run 1 at (800.00,2420.00) startOffset 0 endOffset 11 width 101.00: "just a text"
      RenderSVGText {text} at (900,2401) size 101x24 contains 1 chunk(s)
        RenderSVGInlineText {#text} at (0,0) size 101x24
          chunk 1 text run 1 at (900.00,2420.00) startOffset 0 endOffset 11 width 101.00: "just a text"
      RenderSVGText {text} at (1000,2401) size 101x24 contains 1 chunk(s)
        RenderSVGInlineText {#text} at (0,0) size 101x24
          chunk 1 text run 1 at (1000.00,2420.00) startOffset 0 endOffset 11 width 101.00: "just a text"
      RenderSVGText {text} at (1100,2401) size 101x24 contains 1 chunk(s)
        RenderSVGInlineText {#text} at (0,0) size 101x24
          chunk 1 text run 1 at (1100.00,2420.00) startOffset 0 endOffset 11 width 101.00: "just a text"
      RenderSVGText {text} at (1200,2401) size 101x24 contains 1 chunk(s)
        RenderSVGInlineText {#text} at (0,0) size 101x24
          chunk 1 text run 1 at (1200.00,2420.00) startOffset 0 endOffset 11 width 101.00: "just a text"
      RenderSVGText {text} at (1300,2401) size 101x24 contains 1 chunk(s)
        RenderSVGInlineText {#text} at (0,0) size 101x24
          chunk 1 text run 1 at (1300.00,2420.00) startOffset 0 endOffset 11 width 101.00: "just a text"
      RenderSVGText {text} at (1400,2401) size 101x24 contains 1 chunk(s)
        RenderSVGInlineText {#text} at (0,0) size 101x24
          chunk 1 text run 1 at (1400.00,2420.00) startOffset 0 endOffset 11 width 101.00: "just a text"
      RenderSVGText {text} at (1500,2401) size 101x24 contains 1 chunk(s)
        RenderSVGInlineText {#text} at (0,0) size 101x24
          chunk 1 text run 1 at (1500.00,2420.00) startOffset 0 endOffset 11 width 101.00: "just a text"
      RenderSVGText {text} at (1600,2401) size 101x24 contains 1 chunk(s)
        RenderSVGInlineText {#text} at (0,0) size 101x24
          chunk 1 text run 1 at (1600.00,2420.00) startOffset 0 endOffset 11 width 101.00: "just a text"
      RenderSVGText {text} at (1700,2401) size 101x24 contains 1 chunk(s)
        RenderSVGInlineText {#text} at (0,0) size 101x24
          chunk 1 text run 1 at (1700.00,2420.00) startOffset 0 endOffset 11 width 101.00: "just a text"
      RenderSVGText {text} at (1800,2401) size 101x24 contains 1 chunk(s)
        RenderSVGInlineText {#text} at (0,0) size 101x24
          chunk 1 text run 1 at (1800.00,2420.00) startOffset 0 endOffset 11 width 101.00: "just a text"
      RenderSVGText {text} at (1900,2401) size 101x24 contains 1 chunk(s)
        RenderSVGInlineText {#text} at (0,0) size 101x24
          chunk 1 text run 1 at (1900.00,2420.00) startOffset 0 endOffset 11 width 101.00: "just a text"
      RenderSVGText {text} at (2000,2401) size 101x24 contains 1 chunk(s)
        RenderSVGInlineText {#text} at (0,0) size 101x24
          chunk 1 text run 1 at (2000.00,2420.00) startOffset 0 endOffset 11 width 101.00: "just a text"
      RenderSVGText {text} at (2100,2401) size 101x24 contains 1 chunk(s)
        RenderSVGInlineText {#text} at (0,0) size 101x24
          chunk 1 text run 1 at (2100.00,2420.00) startOffset 0 endOffset 11 width 101.00: "just a text"
      RenderSVGText {text} at (2200,2401) size 101x24 contains 1 chunk(s)
        RenderSVGInlineText {#text} at (0,0) size 101x24
          chunk 1 text run 1 at (2200.00,2420.00) startOffset 0 endOffset 11 width 101.00: "just a text"
      RenderSVGText {text} at (2300,2401) size 101x24 contains 1 chunk(s)
        RenderSVGInlineText {#text} at (0,0) size 101x24
          chunk 1 text run 1 at (2300.00,2420.00) startOffset 0 endOffset 11 width 101.00: "just a text"
      RenderSVGText {text} at (2400,2401) size 101x24 contains 1 chunk(s)
        RenderSVGInlineText {#text} at (0,0) size 101x24
          chunk 1 text run 1 at (2400.00,2420.00) startOffset 0 endOffset 11 width 101.00: "just a text"
      RenderSVGText {text} at (2500,2401) size 101x24 contains 1 chunk(s)
        RenderSVGInlineText {#text} at (0,0) size 101x24
          chunk 1 text run 1 at (2500.00,2420.00) startOffset 0 endOffset 11 width 101.00: "just a text"
      RenderSVGText {text} at (2600,2401) size 101x24 contains 1 chunk(s)
        RenderSVGInlineText {#text} at (0,0) size 101x24
          chunk 1 text run 1 at (2600.00,2420.00) startOffset 0 endOffset 11 width 101.00: "just a text"
      RenderSVGText {text} at (2700,2401) size 101x24 contains 1 chunk(s)
        RenderSVGInlineText {#text} at (0,0) size 101x24
          chunk 1 text run 1 at (2700.00,2420.00) startOffset 0 endOffset 11 width 101.00: "just a text"
      RenderSVGText {text} at (2800,2401) size 101x24 contains 1 chunk(s)
        RenderSVGInlineText {#text} at (0,0) size 101x24
          chunk 1 text run 1 at (2800.00,2420.00) startOffset 0 endOffset 11 width 101.00: "just a text"
      RenderSVGText {text} at (2900,2401) size 101x24 contains 1 chunk(s)
        RenderSVGInlineText {#text} at (0,0) size 101x24
          chunk 1 text run 1 at (2900.00,2420.00) startOffset 0 endOffset 11 width 101.00: "just a text"
      RenderSVGText {text} at (3000,2401) size 101x24 contains 1 chunk(s)
        RenderSVGInlineText {#text} at (0,0) size 101x24
          chunk 1 text run 1 at (3000.00,2420.00) startOffset 0 endOffset 11 width 101.00: "just a text"
      RenderSVGText {text} at (3100,2401) size 101x24 contains 1 chunk(s)
        RenderSVGInlineText {#text} at (0,0) size 101x24
          chunk 1 text run 1 at (3100.00,2420.00) startOffset 0 endOffset 11 width 101.00: "just a text"
      RenderSVGText {text} at (3200,2401) size 101x24 contains 1 chunk(s)
        RenderSVGInlineText {#text} at (0,0) size 101x24
          chunk 1 text run 1 at (3200.00,2420.00) startOffset 0 endOffset 11 width 101.00: "just a text"
      RenderSVGText {text} at (3300,2401) size 101x24 contains 1 chunk(s)
        RenderSVGInlineText {#text} at (0,0) size 101x24
          chunk 1 text run 1 at (3300.00,2420.00) startOffset 0 endOffset 11 width 101.00: "just a text"
      RenderSVGText {text} at (3400,2401) size 101x24 contains 1 chunk(s)
        RenderSVGInlineText {#text} at (0,0) size 101x24
          chunk 1 text run 1 at (3400.00,2420.00) startOffset 0 endOffset 11 width 101.00: "just a text"
      RenderSVGText {text} at (3500,2401) size 101x24 contains 1 chunk(s)
        RenderSVGInlineText {#text} at (0,0) size 101x24
          chunk 1 text run 1 at (3500.00,2420.00) startOffset 0 endOffset 11 width 101.00: "just a text"
      RenderSVGText {text} at (3600,2401) size 101x24 contains 1 chunk(s)
        RenderSVGInlineText {#text} at (0,0) size 101x24
          chunk 1 text run 1 at (3600.00,2420.00) startOffset 0 endOffset 11 width 101.00: "just a text"
      RenderSVGText {text} at (3700,2401) size 101x24 contains 1 chunk(s)
        RenderSVGInlineText {#text} at (0,0) size 101x24
          chunk 1 text run 1 at (3700.00,2420.00) startOffset 0 endOffset 11 width 101.00: "just a text"
      RenderSVGText {text} at (3800,2401) size 101x24 contains 1 chunk(s)
        RenderSVGInlineText {#text} at (0,0) size 101x24
          chunk 1 text run 1 at (3800.00,2420.00) startOffset 0 endOffset 11 width 101.00: "just a text"
      RenderSVGText {text} at (3900,2401) size 101x24 contains 1 chunk(s)
        RenderSVGInlineText {#text} at (0,0) size 101x24
          chunk 1 text run 1 at (3900.00,2420.00) startOffset 0 endOffset 11 width 101.00: "just a text"
      RenderSVGText {text} at (4000,2401) size 101x24 contains 1 chunk(s)
        RenderSVGInlineText {#text} at (0,0) size 101x24
          chunk 1 text run 1 at (4000.00,2420.00) startOffset 0 endOffset 11 width 101.00: "just a text"
      RenderSVGText {text} at (4100,2401) size 101x24 contains 1 chunk(s)
        RenderSVGInlineText {#text} at (0,0) size 101x24
          chunk 1 text run 1 at (4100.00,2420.00) startOffset 0 endOffset 11 width 101.00: "just a text"
      RenderSVGText {text} at (4200,2401) size 101x24 contains 1 chunk(s)
        RenderSVGInlineText {#text} at (0,0) size 101x24
          chunk 1 text run 1 at (4200.00,2420.00) startOffset 0 endOffset 11 width 101.00: "just a text"
      RenderSVGText {text} at (4300,2401) size 101x24 contains 1 chunk(s)
        RenderSVGInlineText {#text} at (0,0) size 101x24
          chunk 1 text run 1 at (4300.00,2420.00) startOffset 0 endOffset 11 width 101.00: "just a text"
      RenderSVGText {text} at (4400,2401) size 101x24 contains 1 chunk(s)
        RenderSVGInlineText {#text} at (0,0) size 101x24
          chunk 1 text run 1 at (4400.00,2420.00) startOffset 0 endOffset 11 width 101.00: "just a text"
      RenderSVGText {text} at (4500,2401) size 101x24 contains 1 chunk(s)
        RenderSVGInlineText {#text} at (0,0) size 101x24
          chunk 1 text run 1 at (4500.00,2420.00) startOffset 0 endOffset 11 width 101.00: "just a text"
      RenderSVGText {text} at (4600,2401) size 101x24 contains 1 chunk(s)
        RenderSVGInlineText {#text} at (0,0) size 101x24
          chunk 1 text run 1 at (4600.00,2420.00) startOffset 0 endOffset 11 width 101.00: "just a text"
      RenderSVGText {text} at (4700,2401) size 101x24 contains 1 chunk(s)
        RenderSVGInlineText {#text} at (0,0) size 101x24
          chunk 1 text run 1 at (4700.00,2420.00) startOffset 0 endOffset 11 width 101.00: "just a text"
      RenderSVGText {text} at (4800,2401) size 101x24 contains 1 chunk(s)
        RenderSVGInlineText {#text} at (0,0) size 101x24
          chunk 1 text run 1 at (4800.00,2420.00) startOffset 0 endOffset 11 width 101.00: "just a text"
      RenderSVGText {text} at (4900,2401) size 101x24 contains 1 chunk(s)
        RenderSVGInlineText {#text} at (0,0) size 101x24
          chunk 1 text run 1 at (4900.00,2420.00) startOffset 0 endOffset 11 width 101.00: "just a text"
      RenderSVGText {text} at (0,2501) size 101x24 contains 1 chunk(s)
        RenderSVGInlineText {#text} at (0,0) size 101x24
          chunk 1 text run 1 at (0.00,2520.00) startOffset 0 endOffset 11 width 101.00: "just a text"
      RenderSVGText {text} at (100,2501) size 101x24 contains 1 chunk(s)
        RenderSVGInlineText {#text} at (0,0) size 101x24
          chunk 1 text run 1 at (100.00,2520.00) startOffset 0 endOffset 11 width 101.00: "just a text"
      RenderSVGText {text} at (200,2501) size 101x24 contains 1 chunk(s)
        RenderSVGInlineText {#text} at (0,0) size 101x24
          chunk 1 text run 1 at (200.00,2520.00) startOffset 0 endOffset 11 width 101.00: "just a text"
      RenderSVGText {text} at (300,2501) size 101x24 contains 1 chunk(s)
        RenderSVGInlineText {#text} at (0,0) size 101x24
          chunk 1 text run 1 at (300.00,2520.00) startOffset 0 endOffset 11 width 101.00: "just a text"
      RenderSVGText {text} at (400,2501) size 101x24 contains 1 chunk(s)
        RenderSVGInlineText {#text} at (0,0) size 101x24
          chunk 1 text run 1 at (400.00,2520.00) startOffset 0 endOffset 11 width 101.00: "just a text"
      RenderSVGText {text} at (500,2501) size 101x24 contains 1 chunk(s)
        RenderSVGInlineText {#text} at (0,0) size 101x24
          chunk 1 text run 1 at (500.00,2520.00) startOffset 0 endOffset 11 width 101.00: "just a text"
      RenderSVGText {text} at (600,2501) size 101x24 contains 1 chunk(s)
        RenderSVGInlineText {#text} at (0,0) size 101x24
          chunk 1 text run 1 at (600.00,2520.00) startOffset 0 endOffset 11 width 101.00: "just a text"
      RenderSVGText {text} at (700,2501) size 101x24 contains 1 chunk(s)
        RenderSVGInlineText {#text} at (0,0) size 101x24
          chunk 1 text run 1 at (700.00,2520.00) startOffset 0 endOffset 11 width 101.00: "just a text"
      RenderSVGText {text} at (800,2501) size 101x24 contains 1 chunk(s)
        RenderSVGInlineText {#text} at (0,0) size 101x24
          chunk 1 text run 1 at (800.00,2520.00) startOffset 0 endOffset 11 width 101.00: "just a text"
      RenderSVGText {text} at (900,2501) size 101x24 contains 1 chunk(s)
        RenderSVGInlineText {#text} at (0,0) size 101x24
          chunk 1 text run 1 at (900.00,2520.00) startOffset 0 endOffset 11 width 101.00: "just a text"
      RenderSVGText {text} at (1000,2501) size 101x24 contains 1 chunk(s)
        RenderSVGInlineText {#text} at (0,0) size 101x24
          chunk 1 text run 1 at (1000.00,2520.00) startOffset 0 endOffset 11 width 101.00: "just a text"
      RenderSVGText {text} at (1100,2501) size 101x24 contains 1 chunk(s)
        RenderSVGInlineText {#text} at (0,0) size 101x24
          chunk 1 text run 1 at (1100.00,2520.00) startOffset 0 endOffset 11 width 101.00: "just a text"
      RenderSVGText {text} at (1200,2501) size 101x24 contains 1 chunk(s)
        RenderSVGInlineText {#text} at (0,0) size 101x24
          chunk 1 text run 1 at (1200.00,2520.00) startOffset 0 endOffset 11 width 101.00: "just a text"
      RenderSVGText {text} at (1300,2501) size 101x24 contains 1 chunk(s)
        RenderSVGInlineText {#text} at (0,0) size 101x24
          chunk 1 text run 1 at (1300.00,2520.00) startOffset 0 endOffset 11 width 101.00: "just a text"
      RenderSVGText {text} at (1400,2501) size 101x24 contains 1 chunk(s)
        RenderSVGInlineText {#text} at (0,0) size 101x24
          chunk 1 text run 1 at (1400.00,2520.00) startOffset 0 endOffset 11 width 101.00: "just a text"
      RenderSVGText {text} at (1500,2501) size 101x24 contains 1 chunk(s)
        RenderSVGInlineText {#text} at (0,0) size 101x24
          chunk 1 text run 1 at (1500.00,2520.00) startOffset 0 endOffset 11 width 101.00: "just a text"
      RenderSVGText {text} at (1600,2501) size 101x24 contains 1 chunk(s)
        RenderSVGInlineText {#text} at (0,0) size 101x24
          chunk 1 text run 1 at (1600.00,2520.00) startOffset 0 endOffset 11 width 101.00: "just a text"
      RenderSVGText {text} at (1700,2501) size 101x24 contains 1 chunk(s)
        RenderSVGInlineText {#text} at (0,0) size 101x24
          chunk 1 text run 1 at (1700.00,2520.00) startOffset 0 endOffset 11 width 101.00: "just a text"
      RenderSVGText {text} at (1800,2501) size 101x24 contains 1 chunk(s)
        RenderSVGInlineText {#text} at (0,0) size 101x24
          chunk 1 text run 1 at (1800.00,2520.00) startOffset 0 endOffset 11 width 101.00: "just a text"
      RenderSVGText {text} at (1900,2501) size 101x24 contains 1 chunk(s)
        RenderSVGInlineText {#text} at (0,0) size 101x24
          chunk 1 text run 1 at (1900.00,2520.00) startOffset 0 endOffset 11 width 101.00: "just a text"
      RenderSVGText {text} at (2000,2501) size 101x24 contains 1 chunk(s)
        RenderSVGInlineText {#text} at (0,0) size 101x24
          chunk 1 text run 1 at (2000.00,2520.00) startOffset 0 endOffset 11 width 101.00: "just a text"
      RenderSVGText {text} at (2100,2501) size 101x24 contains 1 chunk(s)
        RenderSVGInlineText {#text} at (0,0) size 101x24
          chunk 1 text run 1 at (2100.00,2520.00) startOffset 0 endOffset 11 width 101.00: "just a text"
      RenderSVGText {text} at (2200,2501) size 101x24 contains 1 chunk(s)
        RenderSVGInlineText {#text} at (0,0) size 101x24
          chunk 1 text run 1 at (2200.00,2520.00) startOffset 0 endOffset 11 width 101.00: "just a text"
      RenderSVGText {text} at (2300,2501) size 101x24 contains 1 chunk(s)
        RenderSVGInlineText {#text} at (0,0) size 101x24
          chunk 1 text run 1 at (2300.00,2520.00) startOffset 0 endOffset 11 width 101.00: "just a text"
      RenderSVGText {text} at (2400,2501) size 101x24 contains 1 chunk(s)
        RenderSVGInlineText {#text} at (0,0) size 101x24
          chunk 1 text run 1 at (2400.00,2520.00) startOffset 0 endOffset 11 width 101.00: "just a text"
      RenderSVGText {text} at (2500,2501) size 101x24 contains 1 chunk(s)
        RenderSVGInlineText {#text} at (0,0) size 101x24
          chunk 1 text run 1 at (2500.00,2520.00) startOffset 0 endOffset 11 width 101.00: "just a text"
      RenderSVGText {text} at (2600,2501) size 101x24 contains 1 chunk(s)
        RenderSVGInlineText {#text} at (0,0) size 101x24
          chunk 1 text run 1 at (2600.00,2520.00) startOffset 0 endOffset 11 width 101.00: "just a text"
      RenderSVGText {text} at (2700,2501) size 101x24 contains 1 chunk(s)
        RenderSVGInlineText {#text} at (0,0) size 101x24
          chunk 1 text run 1 at (2700.00,2520.00) startOffset 0 endOffset 11 width 101.00: "just a text"
      RenderSVGText {text} at (2800,2501) size 101x24 contains 1 chunk(s)
        RenderSVGInlineText {#text} at (0,0) size 101x24
          chunk 1 text run 1 at (2800.00,2520.00) startOffset 0 endOffset 11 width 101.00: "just a text"
      RenderSVGText {text} at (2900,2501) size 101x24 contains 1 chunk(s)
        RenderSVGInlineText {#text} at (0,0) size 101x24
          chunk 1 text run 1 at (2900.00,2520.00) startOffset 0 endOffset 11 width 101.00: "just a text"
      RenderSVGText {text} at (3000,2501) size 101x24 contains 1 chunk(s)
        RenderSVGInlineText {#text} at (0,0) size 101x24
          chunk 1 text run 1 at (3000.00,2520.00) startOffset 0 endOffset 11 width 101.00: "just a text"
      RenderSVGText {text} at (3100,2501) size 101x24 contains 1 chunk(s)
        RenderSVGInlineText {#text} at (0,0) size 101x24
          chunk 1 text run 1 at (3100.00,2520.00) startOffset 0 endOffset 11 width 101.00: "just a text"
      RenderSVGText {text} at (3200,2501) size 101x24 contains 1 chunk(s)
        RenderSVGInlineText {#text} at (0,0) size 101x24
          chunk 1 text run 1 at (3200.00,2520.00) startOffset 0 endOffset 11 width 101.00: "just a text"
      RenderSVGText {text} at (3300,2501) size 101x24 contains 1 chunk(s)
        RenderSVGInlineText {#text} at (0,0) size 101x24
          chunk 1 text run 1 at (3300.00,2520.00) startOffset 0 endOffset 11 width 101.00: "just a text"
      RenderSVGText {text} at (3400,2501) size 101x24 contains 1 chunk(s)
        RenderSVGInlineText {#text} at (0,0) size 101x24
          chunk 1 text run 1 at (3400.00,2520.00) startOffset 0 endOffset 11 width 101.00: "just a text"
      RenderSVGText {text} at (3500,2501) size 101x24 contains 1 chunk(s)
        RenderSVGInlineText {#text} at (0,0) size 101x24
          chunk 1 text run 1 at (3500.00,2520.00) startOffset 0 endOffset 11 width 101.00: "just a text"
      RenderSVGText {text} at (3600,2501) size 101x24 contains 1 chunk(s)
        RenderSVGInlineText {#text} at (0,0) size 101x24
          chunk 1 text run 1 at (3600.00,2520.00) startOffset 0 endOffset 11 width 101.00: "just a text"
      RenderSVGText {text} at (3700,2501) size 101x24 contains 1 chunk(s)
        RenderSVGInlineText {#text} at (0,0) size 101x24
          chunk 1 text run 1 at (3700.00,2520.00) startOffset 0 endOffset 11 width 101.00: "just a text"
      RenderSVGText {text} at (3800,2501) size 101x24 contains 1 chunk(s)
        RenderSVGInlineText {#text} at (0,0) size 101x24
          chunk 1 text run 1 at (3800.00,2520.00) startOffset 0 endOffset 11 width 101.00: "just a text"
      RenderSVGText {text} at (3900,2501) size 101x24 contains 1 chunk(s)
        RenderSVGInlineText {#text} at (0,0) size 101x24
          chunk 1 text run 1 at (3900.00,2520.00) startOffset 0 endOffset 11 width 101.00: "just a text"
      RenderSVGText {text} at (4000,2501) size 101x24 contains 1 chunk(s)
        RenderSVGInlineText {#text} at (0,0) size 101x24
          chunk 1 text run 1 at (4000.00,2520.00) startOffset 0 endOffset 11 width 101.00: "just a text"
      RenderSVGText {text} at (4100,2501) size 101x24 contains 1 chunk(s)
        RenderSVGInlineText {#text} at (0,0) size 101x24
          chunk 1 text run 1 at (4100.00,2520.00) startOffset 0 endOffset 11 width 101.00: "just a text"
      RenderSVGText {text} at (4200,2501) size 101x24 contains 1 chunk(s)
        RenderSVGInlineText {#text} at (0,0) size 101x24
          chunk 1 text run 1 at (4200.00,2520.00) startOffset 0 endOffset 11 width 101.00: "just a text"
      RenderSVGText {text} at (4300,2501) size 101x24 contains 1 chunk(s)
        RenderSVGInlineText {#text} at (0,0) size 101x24
          chunk 1 text run 1 at (4300.00,2520.00) startOffset 0 endOffset 11 width 101.00: "just a text"
      RenderSVGText {text} at (4400,2501) size 101x24 contains 1 chunk(s)
        RenderSVGInlineText {#text} at (0,0) size 101x24
          chunk 1 text run 1 at (4400.00,2520.00) startOffset 0 endOffset 11 width 101.00: "just a text"
      RenderSVGText {text} at (4500,2501) size 101x24 contains 1 chunk(s)
        RenderSVGInlineText {#text} at (0,0) size 101x24
          chunk 1 text run 1 at (4500.00,2520.00) startOffset 0 endOffset 11 width 101.00: "just a text"
      RenderSVGText {text} at (4600,2501) size 101x24 contains 1 chunk(s)
        RenderSVGInlineText {#text} at (0,0) size 101x24
          chunk 1 text run 1 at (4600.00,2520.00) startOffset 0 endOffset 11 width 101.00: "just a text"
      RenderSVGText {text} at (4700,2501) size 101x24 contains 1 chunk(s)
        RenderSVGInlineText {#text} at (0,0) size 101x24
          chunk 1 text run 1 at (4700.00,2520.00) startOffset 0 endOffset 11 width 101.00: "just a text"
      RenderSVGText {text} at (4800,2501) size 101x24 contains 1 chunk(s)
        RenderSVGInlineText {#text} at (0,0) size 101x24
          chunk 1 text run 1 at (4800.00,2520.00) startOffset 0 endOffset 11 width 101.00: "just a text"
      RenderSVGText {text} at (4900,2501) size 101x24 contains 1 chunk(s)
        RenderSVGInlineText {#text} at (0,0) size 101x24
          chunk 1 text run 1 at (4900.00,2520.00) startOffset 0 endOffset 11 width 101.00: "just a text"
      RenderSVGText {text} at (0,2601) size 101x24 contains 1 chunk(s)
        RenderSVGInlineText {#text} at (0,0) size 101x24
          chunk 1 text run 1 at (0.00,2620.00) startOffset 0 endOffset 11 width 101.00: "just a text"
      RenderSVGText {text} at (100,2601) size 101x24 contains 1 chunk(s)
        RenderSVGInlineText {#text} at (0,0) size 101x24
          chunk 1 text run 1 at (100.00,2620.00) startOffset 0 endOffset 11 width 101.00: "just a text"
      RenderSVGText {text} at (200,2601) size 101x24 contains 1 chunk(s)
        RenderSVGInlineText {#text} at (0,0) size 101x24
          chunk 1 text run 1 at (200.00,2620.00) startOffset 0 endOffset 11 width 101.00: "just a text"
      RenderSVGText {text} at (300,2601) size 101x24 contains 1 chunk(s)
        RenderSVGInlineText {#text} at (0,0) size 101x24
          chunk 1 text run 1 at (300.00,2620.00) startOffset 0 endOffset 11 width 101.00: "just a text"
      RenderSVGText {text} at (400,2601) size 101x24 contains 1 chunk(s)
        RenderSVGInlineText {#text} at (0,0) size 101x24
          chunk 1 text run 1 at (400.00,2620.00) startOffset 0 endOffset 11 width 101.00: "just a text"
      RenderSVGText {text} at (500,2601) size 101x24 contains 1 chunk(s)
        RenderSVGInlineText {#text} at (0,0) size 101x24
          chunk 1 text run 1 at (500.00,2620.00) startOffset 0 endOffset 11 width 101.00: "just a text"
      RenderSVGText {text} at (600,2601) size 101x24 contains 1 chunk(s)
        RenderSVGInlineText {#text} at (0,0) size 101x24
          chunk 1 text run 1 at (600.00,2620.00) startOffset 0 endOffset 11 width 101.00: "just a text"
      RenderSVGText {text} at (700,2601) size 101x24 contains 1 chunk(s)
        RenderSVGInlineText {#text} at (0,0) size 101x24
          chunk 1 text run 1 at (700.00,2620.00) startOffset 0 endOffset 11 width 101.00: "just a text"
      RenderSVGText {text} at (800,2601) size 101x24 contains 1 chunk(s)
        RenderSVGInlineText {#text} at (0,0) size 101x24
          chunk 1 text run 1 at (800.00,2620.00) startOffset 0 endOffset 11 width 101.00: "just a text"
      RenderSVGText {text} at (900,2601) size 101x24 contains 1 chunk(s)
        RenderSVGInlineText {#text} at (0,0) size 101x24
          chunk 1 text run 1 at (900.00,2620.00) startOffset 0 endOffset 11 width 101.00: "just a text"
      RenderSVGText {text} at (1000,2601) size 101x24 contains 1 chunk(s)
        RenderSVGInlineText {#text} at (0,0) size 101x24
          chunk 1 text run 1 at (1000.00,2620.00) startOffset 0 endOffset 11 width 101.00: "just a text"
      RenderSVGText {text} at (1100,2601) size 101x24 contains 1 chunk(s)
        RenderSVGInlineText {#text} at (0,0) size 101x24
          chunk 1 text run 1 at (1100.00,2620.00) startOffset 0 endOffset 11 width 101.00: "just a text"
      RenderSVGText {text} at (1200,2601) size 101x24 contains 1 chunk(s)
        RenderSVGInlineText {#text} at (0,0) size 101x24
          chunk 1 text run 1 at (1200.00,2620.00) startOffset 0 endOffset 11 width 101.00: "just a text"
      RenderSVGText {text} at (1300,2601) size 101x24 contains 1 chunk(s)
        RenderSVGInlineText {#text} at (0,0) size 101x24
          chunk 1 text run 1 at (1300.00,2620.00) startOffset 0 endOffset 11 width 101.00: "just a text"
      RenderSVGText {text} at (1400,2601) size 101x24 contains 1 chunk(s)
        RenderSVGInlineText {#text} at (0,0) size 101x24
          chunk 1 text run 1 at (1400.00,2620.00) startOffset 0 endOffset 11 width 101.00: "just a text"
      RenderSVGText {text} at (1500,2601) size 101x24 contains 1 chunk(s)
        RenderSVGInlineText {#text} at (0,0) size 101x24
          chunk 1 text run 1 at (1500.00,2620.00) startOffset 0 endOffset 11 width 101.00: "just a text"
      RenderSVGText {text} at (1600,2601) size 101x24 contains 1 chunk(s)
        RenderSVGInlineText {#text} at (0,0) size 101x24
          chunk 1 text run 1 at (1600.00,2620.00) startOffset 0 endOffset 11 width 101.00: "just a text"
      RenderSVGText {text} at (1700,2601) size 101x24 contains 1 chunk(s)
        RenderSVGInlineText {#text} at (0,0) size 101x24
          chunk 1 text run 1 at (1700.00,2620.00) startOffset 0 endOffset 11 width 101.00: "just a text"
      RenderSVGText {text} at (1800,2601) size 101x24 contains 1 chunk(s)
        RenderSVGInlineText {#text} at (0,0) size 101x24
          chunk 1 text run 1 at (1800.00,2620.00) startOffset 0 endOffset 11 width 101.00: "just a text"
      RenderSVGText {text} at (1900,2601) size 101x24 contains 1 chunk(s)
        RenderSVGInlineText {#text} at (0,0) size 101x24
          chunk 1 text run 1 at (1900.00,2620.00) startOffset 0 endOffset 11 width 101.00: "just a text"
      RenderSVGText {text} at (2000,2601) size 101x24 contains 1 chunk(s)
        RenderSVGInlineText {#text} at (0,0) size 101x24
          chunk 1 text run 1 at (2000.00,2620.00) startOffset 0 endOffset 11 width 101.00: "just a text"
      RenderSVGText {text} at (2100,2601) size 101x24 contains 1 chunk(s)
        RenderSVGInlineText {#text} at (0,0) size 101x24
          chunk 1 text run 1 at (2100.00,2620.00) startOffset 0 endOffset 11 width 101.00: "just a text"
      RenderSVGText {text} at (2200,2601) size 101x24 contains 1 chunk(s)
        RenderSVGInlineText {#text} at (0,0) size 101x24
          chunk 1 text run 1 at (2200.00,2620.00) startOffset 0 endOffset 11 width 101.00: "just a text"
      RenderSVGText {text} at (2300,2601) size 101x24 contains 1 chunk(s)
        RenderSVGInlineText {#text} at (0,0) size 101x24
          chunk 1 text run 1 at (2300.00,2620.00) startOffset 0 endOffset 11 width 101.00: "just a text"
      RenderSVGText {text} at (2400,2601) size 101x24 contains 1 chunk(s)
        RenderSVGInlineText {#text} at (0,0) size 101x24
          chunk 1 text run 1 at (2400.00,2620.00) startOffset 0 endOffset 11 width 101.00: "just a text"
      RenderSVGText {text} at (2500,2601) size 101x24 contains 1 chunk(s)
        RenderSVGInlineText {#text} at (0,0) size 101x24
          chunk 1 text run 1 at (2500.00,2620.00) startOffset 0 endOffset 11 width 101.00: "just a text"
      RenderSVGText {text} at (2600,2601) size 101x24 contains 1 chunk(s)
        RenderSVGInlineText {#text} at (0,0) size 101x24
          chunk 1 text run 1 at (2600.00,2620.00) startOffset 0 endOffset 11 width 101.00: "just a text"
      RenderSVGText {text} at (2700,2601) size 101x24 contains 1 chunk(s)
        RenderSVGInlineText {#text} at (0,0) size 101x24
          chunk 1 text run 1 at (2700.00,2620.00) startOffset 0 endOffset 11 width 101.00: "just a text"
      RenderSVGText {text} at (2800,2601) size 101x24 contains 1 chunk(s)
        RenderSVGInlineText {#text} at (0,0) size 101x24
          chunk 1 text run 1 at (2800.00,2620.00) startOffset 0 endOffset 11 width 101.00: "just a text"
      RenderSVGText {text} at (2900,2601) size 101x24 contains 1 chunk(s)
        RenderSVGInlineText {#text} at (0,0) size 101x24
          chunk 1 text run 1 at (2900.00,2620.00) startOffset 0 endOffset 11 width 101.00: "just a text"
      RenderSVGText {text} at (3000,2601) size 101x24 contains 1 chunk(s)
        RenderSVGInlineText {#text} at (0,0) size 101x24
          chunk 1 text run 1 at (3000.00,2620.00) startOffset 0 endOffset 11 width 101.00: "just a text"
      RenderSVGText {text} at (3100,2601) size 101x24 contains 1 chunk(s)
        RenderSVGInlineText {#text} at (0,0) size 101x24
          chunk 1 text run 1 at (3100.00,2620.00) startOffset 0 endOffset 11 width 101.00: "just a text"
      RenderSVGText {text} at (3200,2601) size 101x24 contains 1 chunk(s)
        RenderSVGInlineText {#text} at (0,0) size 101x24
          chunk 1 text run 1 at (3200.00,2620.00) startOffset 0 endOffset 11 width 101.00: "just a text"
      RenderSVGText {text} at (3300,2601) size 101x24 contains 1 chunk(s)
        RenderSVGInlineText {#text} at (0,0) size 101x24
          chunk 1 text run 1 at (3300.00,2620.00) startOffset 0 endOffset 11 width 101.00: "just a text"
      RenderSVGText {text} at (3400,2601) size 101x24 contains 1 chunk(s)
        RenderSVGInlineText {#text} at (0,0) size 101x24
          chunk 1 text run 1 at (3400.00,2620.00) startOffset 0 endOffset 11 width 101.00: "just a text"
      RenderSVGText {text} at (3500,2601) size 101x24 contains 1 chunk(s)
        RenderSVGInlineText {#text} at (0,0) size 101x24
          chunk 1 text run 1 at (3500.00,2620.00) startOffset 0 endOffset 11 width 101.00: "just a text"
      RenderSVGText {text} at (3600,2601) size 101x24 contains 1 chunk(s)
        RenderSVGInlineText {#text} at (0,0) size 101x24
          chunk 1 text run 1 at (3600.00,2620.00) startOffset 0 endOffset 11 width 101.00: "just a text"
      RenderSVGText {text} at (3700,2601) size 101x24 contains 1 chunk(s)
        RenderSVGInlineText {#text} at (0,0) size 101x24
          chunk 1 text run 1 at (3700.00,2620.00) startOffset 0 endOffset 11 width 101.00: "just a text"
      RenderSVGText {text} at (3800,2601) size 101x24 contains 1 chunk(s)
        RenderSVGInlineText {#text} at (0,0) size 101x24
          chunk 1 text run 1 at (3800.00,2620.00) startOffset 0 endOffset 11 width 101.00: "just a text"
      RenderSVGText {text} at (3900,2601) size 101x24 contains 1 chunk(s)
        RenderSVGInlineText {#text} at (0,0) size 101x24
          chunk 1 text run 1 at (3900.00,2620.00) startOffset 0 endOffset 11 width 101.00: "just a text"
      RenderSVGText {text} at (4000,2601) size 101x24 contains 1 chunk(s)
        RenderSVGInlineText {#text} at (0,0) size 101x24
          chunk 1 text run 1 at (4000.00,2620.00) startOffset 0 endOffset 11 width 101.00: "just a text"
      RenderSVGText {text} at (4100,2601) size 101x24 contains 1 chunk(s)
        RenderSVGInlineText {#text} at (0,0) size 101x24
          chunk 1 text run 1 at (4100.00,2620.00) startOffset 0 endOffset 11 width 101.00: "just a text"
      RenderSVGText {text} at (4200,2601) size 101x24 contains 1 chunk(s)
        RenderSVGInlineText {#text} at (0,0) size 101x24
          chunk 1 text run 1 at (4200.00,2620.00) startOffset 0 endOffset 11 width 101.00: "just a text"
      RenderSVGText {text} at (4300,2601) size 101x24 contains 1 chunk(s)
        RenderSVGInlineText {#text} at (0,0) size 101x24
          chunk 1 text run 1 at (4300.00,2620.00) startOffset 0 endOffset 11 width 101.00: "just a text"
      RenderSVGText {text} at (4400,2601) size 101x24 contains 1 chunk(s)
        RenderSVGInlineText {#text} at (0,0) size 101x24
          chunk 1 text run 1 at (4400.00,2620.00) startOffset 0 endOffset 11 width 101.00: "just a text"
      RenderSVGText {text} at (4500,2601) size 101x24 contains 1 chunk(s)
        RenderSVGInlineText {#text} at (0,0) size 101x24
          chunk 1 text run 1 at (4500.00,2620.00) startOffset 0 endOffset 11 width 101.00: "just a text"
      RenderSVGText {text} at (4600,2601) size 101x24 contains 1 chunk(s)
        RenderSVGInlineText {#text} at (0,0) size 101x24
          chunk 1 text run 1 at (4600.00,2620.00) startOffset 0 endOffset 11 width 101.00: "just a text"
      RenderSVGText {text} at (4700,2601) size 101x24 contains 1 chunk(s)
        RenderSVGInlineText {#text} at (0,0) size 101x24
          chunk 1 text run 1 at (4700.00,2620.00) startOffset 0 endOffset 11 width 101.00: "just a text"
      RenderSVGText {text} at (4800,2601) size 101x24 contains 1 chunk(s)
        RenderSVGInlineText {#text} at (0,0) size 101x24
          chunk 1 text run 1 at (4800.00,2620.00) startOffset 0 endOffset 11 width 101.00: "just a text"
      RenderSVGText {text} at (4900,2601) size 101x24 contains 1 chunk(s)
        RenderSVGInlineText {#text} at (0,0) size 101x24
          chunk 1 text run 1 at (4900.00,2620.00) startOffset 0 endOffset 11 width 101.00: "just a text"
      RenderSVGText {text} at (0,2701) size 101x24 contains 1 chunk(s)
        RenderSVGInlineText {#text} at (0,0) size 101x24
          chunk 1 text run 1 at (0.00,2720.00) startOffset 0 endOffset 11 width 101.00: "just a text"
      RenderSVGText {text} at (100,2701) size 101x24 contains 1 chunk(s)
        RenderSVGInlineText {#text} at (0,0) size 101x24
          chunk 1 text run 1 at (100.00,2720.00) startOffset 0 endOffset 11 width 101.00: "just a text"
      RenderSVGText {text} at (200,2701) size 101x24 contains 1 chunk(s)
        RenderSVGInlineText {#text} at (0,0) size 101x24
          chunk 1 text run 1 at (200.00,2720.00) startOffset 0 endOffset 11 width 101.00: "just a text"
      RenderSVGText {text} at (300,2701) size 101x24 contains 1 chunk(s)
        RenderSVGInlineText {#text} at (0,0) size 101x24
          chunk 1 text run 1 at (300.00,2720.00) startOffset 0 endOffset 11 width 101.00: "just a text"
      RenderSVGText {text} at (400,2701) size 101x24 contains 1 chunk(s)
        RenderSVGInlineText {#text} at (0,0) size 101x24
          chunk 1 text run 1 at (400.00,2720.00) startOffset 0 endOffset 11 width 101.00: "just a text"
      RenderSVGText {text} at (500,2701) size 101x24 contains 1 chunk(s)
        RenderSVGInlineText {#text} at (0,0) size 101x24
          chunk 1 text run 1 at (500.00,2720.00) startOffset 0 endOffset 11 width 101.00: "just a text"
      RenderSVGText {text} at (600,2701) size 101x24 contains 1 chunk(s)
        RenderSVGInlineText {#text} at (0,0) size 101x24
          chunk 1 text run 1 at (600.00,2720.00) startOffset 0 endOffset 11 width 101.00: "just a text"
      RenderSVGText {text} at (700,2701) size 101x24 contains 1 chunk(s)
        RenderSVGInlineText {#text} at (0,0) size 101x24
          chunk 1 text run 1 at (700.00,2720.00) startOffset 0 endOffset 11 width 101.00: "just a text"
      RenderSVGText {text} at (800,2701) size 101x24 contains 1 chunk(s)
        RenderSVGInlineText {#text} at (0,0) size 101x24
          chunk 1 text run 1 at (800.00,2720.00) startOffset 0 endOffset 11 width 101.00: "just a text"
      RenderSVGText {text} at (900,2701) size 101x24 contains 1 chunk(s)
        RenderSVGInlineText {#text} at (0,0) size 101x24
          chunk 1 text run 1 at (900.00,2720.00) startOffset 0 endOffset 11 width 101.00: "just a text"
      RenderSVGText {text} at (1000,2701) size 101x24 contains 1 chunk(s)
        RenderSVGInlineText {#text} at (0,0) size 101x24
          chunk 1 text run 1 at (1000.00,2720.00) startOffset 0 endOffset 11 width 101.00: "just a text"
      RenderSVGText {text} at (1100,2701) size 101x24 contains 1 chunk(s)
        RenderSVGInlineText {#text} at (0,0) size 101x24
          chunk 1 text run 1 at (1100.00,2720.00) startOffset 0 endOffset 11 width 101.00: "just a text"
      RenderSVGText {text} at (1200,2701) size 101x24 contains 1 chunk(s)
        RenderSVGInlineText {#text} at (0,0) size 101x24
          chunk 1 text run 1 at (1200.00,2720.00) startOffset 0 endOffset 11 width 101.00: "just a text"
      RenderSVGText {text} at (1300,2701) size 101x24 contains 1 chunk(s)
        RenderSVGInlineText {#text} at (0,0) size 101x24
          chunk 1 text run 1 at (1300.00,2720.00) startOffset 0 endOffset 11 width 101.00: "just a text"
      RenderSVGText {text} at (1400,2701) size 101x24 contains 1 chunk(s)
        RenderSVGInlineText {#text} at (0,0) size 101x24
          chunk 1 text run 1 at (1400.00,2720.00) startOffset 0 endOffset 11 width 101.00: "just a text"
      RenderSVGText {text} at (1500,2701) size 101x24 contains 1 chunk(s)
        RenderSVGInlineText {#text} at (0,0) size 101x24
          chunk 1 text run 1 at (1500.00,2720.00) startOffset 0 endOffset 11 width 101.00: "just a text"
      RenderSVGText {text} at (1600,2701) size 101x24 contains 1 chunk(s)
        RenderSVGInlineText {#text} at (0,0) size 101x24
          chunk 1 text run 1 at (1600.00,2720.00) startOffset 0 endOffset 11 width 101.00: "just a text"
      RenderSVGText {text} at (1700,2701) size 101x24 contains 1 chunk(s)
        RenderSVGInlineText {#text} at (0,0) size 101x24
          chunk 1 text run 1 at (1700.00,2720.00) startOffset 0 endOffset 11 width 101.00: "just a text"
      RenderSVGText {text} at (1800,2701) size 101x24 contains 1 chunk(s)
        RenderSVGInlineText {#text} at (0,0) size 101x24
          chunk 1 text run 1 at (1800.00,2720.00) startOffset 0 endOffset 11 width 101.00: "just a text"
      RenderSVGText {text} at (1900,2701) size 101x24 contains 1 chunk(s)
        RenderSVGInlineText {#text} at (0,0) size 101x24
          chunk 1 text run 1 at (1900.00,2720.00) startOffset 0 endOffset 11 width 101.00: "just a text"
      RenderSVGText {text} at (2000,2701) size 101x24 contains 1 chunk(s)
        RenderSVGInlineText {#text} at (0,0) size 101x24
          chunk 1 text run 1 at (2000.00,2720.00) startOffset 0 endOffset 11 width 101.00: "just a text"
      RenderSVGText {text} at (2100,2701) size 101x24 contains 1 chunk(s)
        RenderSVGInlineText {#text} at (0,0) size 101x24
          chunk 1 text run 1 at (2100.00,2720.00) startOffset 0 endOffset 11 width 101.00: "just a text"
      RenderSVGText {text} at (2200,2701) size 101x24 contains 1 chunk(s)
        RenderSVGInlineText {#text} at (0,0) size 101x24
          chunk 1 text run 1 at (2200.00,2720.00) startOffset 0 endOffset 11 width 101.00: "just a text"
      RenderSVGText {text} at (2300,2701) size 101x24 contains 1 chunk(s)
        RenderSVGInlineText {#text} at (0,0) size 101x24
          chunk 1 text run 1 at (2300.00,2720.00) startOffset 0 endOffset 11 width 101.00: "just a text"
      RenderSVGText {text} at (2400,2701) size 101x24 contains 1 chunk(s)
        RenderSVGInlineText {#text} at (0,0) size 101x24
          chunk 1 text run 1 at (2400.00,2720.00) startOffset 0 endOffset 11 width 101.00: "just a text"
      RenderSVGText {text} at (2500,2701) size 101x24 contains 1 chunk(s)
        RenderSVGInlineText {#text} at (0,0) size 101x24
          chunk 1 text run 1 at (2500.00,2720.00) startOffset 0 endOffset 11 width 101.00: "just a text"
      RenderSVGText {text} at (2600,2701) size 101x24 contains 1 chunk(s)
        RenderSVGInlineText {#text} at (0,0) size 101x24
          chunk 1 text run 1 at (2600.00,2720.00) startOffset 0 endOffset 11 width 101.00: "just a text"
      RenderSVGText {text} at (2700,2701) size 101x24 contains 1 chunk(s)
        RenderSVGInlineText {#text} at (0,0) size 101x24
          chunk 1 text run 1 at (2700.00,2720.00) startOffset 0 endOffset 11 width 101.00: "just a text"
      RenderSVGText {text} at (2800,2701) size 101x24 contains 1 chunk(s)
        RenderSVGInlineText {#text} at (0,0) size 101x24
          chunk 1 text run 1 at (2800.00,2720.00) startOffset 0 endOffset 11 width 101.00: "just a text"
      RenderSVGText {text} at (2900,2701) size 101x24 contains 1 chunk(s)
        RenderSVGInlineText {#text} at (0,0) size 101x24
          chunk 1 text run 1 at (2900.00,2720.00) startOffset 0 endOffset 11 width 101.00: "just a text"
      RenderSVGText {text} at (3000,2701) size 101x24 contains 1 chunk(s)
        RenderSVGInlineText {#text} at (0,0) size 101x24
          chunk 1 text run 1 at (3000.00,2720.00) startOffset 0 endOffset 11 width 101.00: "just a text"
      RenderSVGText {text} at (3100,2701) size 101x24 contains 1 chunk(s)
        RenderSVGInlineText {#text} at (0,0) size 101x24
          chunk 1 text run 1 at (3100.00,2720.00) startOffset 0 endOffset 11 width 101.00: "just a text"
      RenderSVGText {text} at (3200,2701) size 101x24 contains 1 chunk(s)
        RenderSVGInlineText {#text} at (0,0) size 101x24
          chunk 1 text run 1 at (3200.00,2720.00) startOffset 0 endOffset 11 width 101.00: "just a text"
      RenderSVGText {text} at (3300,2701) size 101x24 contains 1 chunk(s)
        RenderSVGInlineText {#text} at (0,0) size 101x24
          chunk 1 text run 1 at (3300.00,2720.00) startOffset 0 endOffset 11 width 101.00: "just a text"
      RenderSVGText {text} at (3400,2701) size 101x24 contains 1 chunk(s)
        RenderSVGInlineText {#text} at (0,0) size 101x24
          chunk 1 text run 1 at (3400.00,2720.00) startOffset 0 endOffset 11 width 101.00: "just a text"
      RenderSVGText {text} at (3500,2701) size 101x24 contains 1 chunk(s)
        RenderSVGInlineText {#text} at (0,0) size 101x24
          chunk 1 text run 1 at (3500.00,2720.00) startOffset 0 endOffset 11 width 101.00: "just a text"
      RenderSVGText {text} at (3600,2701) size 101x24 contains 1 chunk(s)
        RenderSVGInlineText {#text} at (0,0) size 101x24
          chunk 1 text run 1 at (3600.00,2720.00) startOffset 0 endOffset 11 width 101.00: "just a text"
      RenderSVGText {text} at (3700,2701) size 101x24 contains 1 chunk(s)
        RenderSVGInlineText {#text} at (0,0) size 101x24
          chunk 1 text run 1 at (3700.00,2720.00) startOffset 0 endOffset 11 width 101.00: "just a text"
      RenderSVGText {text} at (3800,2701) size 101x24 contains 1 chunk(s)
        RenderSVGInlineText {#text} at (0,0) size 101x24
          chunk 1 text run 1 at (3800.00,2720.00) startOffset 0 endOffset 11 width 101.00: "just a text"
      RenderSVGText {text} at (3900,2701) size 101x24 contains 1 chunk(s)
        RenderSVGInlineText {#text} at (0,0) size 101x24
          chunk 1 text run 1 at (3900.00,2720.00) startOffset 0 endOffset 11 width 101.00: "just a text"
      RenderSVGText {text} at (4000,2701) size 101x24 contains 1 chunk(s)
        RenderSVGInlineText {#text} at (0,0) size 101x24
          chunk 1 text run 1 at (4000.00,2720.00) startOffset 0 endOffset 11 width 101.00: "just a text"
      RenderSVGText {text} at (4100,2701) size 101x24 contains 1 chunk(s)
        RenderSVGInlineText {#text} at (0,0) size 101x24
          chunk 1 text run 1 at (4100.00,2720.00) startOffset 0 endOffset 11 width 101.00: "just a text"
      RenderSVGText {text} at (4200,2701) size 101x24 contains 1 chunk(s)
        RenderSVGInlineText {#text} at (0,0) size 101x24
          chunk 1 text run 1 at (4200.00,2720.00) startOffset 0 endOffset 11 width 101.00: "just a text"
      RenderSVGText {text} at (4300,2701) size 101x24 contains 1 chunk(s)
        RenderSVGInlineText {#text} at (0,0) size 101x24
          chunk 1 text run 1 at (4300.00,2720.00) startOffset 0 endOffset 11 width 101.00: "just a text"
      RenderSVGText {text} at (4400,2701) size 101x24 contains 1 chunk(s)
        RenderSVGInlineText {#text} at (0,0) size 101x24
          chunk 1 text run 1 at (4400.00,2720.00) startOffset 0 endOffset 11 width 101.00: "just a text"
      RenderSVGText {text} at (4500,2701) size 101x24 contains 1 chunk(s)
        RenderSVGInlineText {#text} at (0,0) size 101x24
          chunk 1 text run 1 at (4500.00,2720.00) startOffset 0 endOffset 11 width 101.00: "just a text"
      RenderSVGText {text} at (4600,2701) size 101x24 contains 1 chunk(s)
        RenderSVGInlineText {#text} at (0,0) size 101x24
          chunk 1 text run 1 at (4600.00,2720.00) startOffset 0 endOffset 11 width 101.00: "just a text"
      RenderSVGText {text} at (4700,2701) size 101x24 contains 1 chunk(s)
        RenderSVGInlineText {#text} at (0,0) size 101x24
          chunk 1 text run 1 at (4700.00,2720.00) startOffset 0 endOffset 11 width 101.00: "just a text"
      RenderSVGText {text} at (4800,2701) size 101x24 contains 1 chunk(s)
        RenderSVGInlineText {#text} at (0,0) size 101x24
          chunk 1 text run 1 at (4800.00,2720.00) startOffset 0 endOffset 11 width 101.00: "just a text"
      RenderSVGText {text} at (4900,2701) size 101x24 contains 1 chunk(s)
        RenderSVGInlineText {#text} at (0,0) size 101x24
          chunk 1 text run 1 at (4900.00,2720.00) startOffset 0 endOffset 11 width 101.00: "just a text"
      RenderSVGText {text} at (0,2801) size 101x24 contains 1 chunk(s)
        RenderSVGInlineText {#text} at (0,0) size 101x24
          chunk 1 text run 1 at (0.00,2820.00) startOffset 0 endOffset 11 width 101.00: "just a text"
      RenderSVGText {text} at (100,2801) size 101x24 contains 1 chunk(s)
        RenderSVGInlineText {#text} at (0,0) size 101x24
          chunk 1 text run 1 at (100.00,2820.00) startOffset 0 endOffset 11 width 101.00: "just a text"
      RenderSVGText {text} at (200,2801) size 101x24 contains 1 chunk(s)
        RenderSVGInlineText {#text} at (0,0) size 101x24
          chunk 1 text run 1 at (200.00,2820.00) startOffset 0 endOffset 11 width 101.00: "just a text"
      RenderSVGText {text} at (300,2801) size 101x24 contains 1 chunk(s)
        RenderSVGInlineText {#text} at (0,0) size 101x24
          chunk 1 text run 1 at (300.00,2820.00) startOffset 0 endOffset 11 width 101.00: "just a text"
      RenderSVGText {text} at (400,2801) size 101x24 contains 1 chunk(s)
        RenderSVGInlineText {#text} at (0,0) size 101x24
          chunk 1 text run 1 at (400.00,2820.00) startOffset 0 endOffset 11 width 101.00: "just a text"
      RenderSVGText {text} at (500,2801) size 101x24 contains 1 chunk(s)
        RenderSVGInlineText {#text} at (0,0) size 101x24
          chunk 1 text run 1 at (500.00,2820.00) startOffset 0 endOffset 11 width 101.00: "just a text"
      RenderSVGText {text} at (600,2801) size 101x24 contains 1 chunk(s)
        RenderSVGInlineText {#text} at (0,0) size 101x24
          chunk 1 text run 1 at (600.00,2820.00) startOffset 0 endOffset 11 width 101.00: "just a text"
      RenderSVGText {text} at (700,2801) size 101x24 contains 1 chunk(s)
        RenderSVGInlineText {#text} at (0,0) size 101x24
          chunk 1 text run 1 at (700.00,2820.00) startOffset 0 endOffset 11 width 101.00: "just a text"
      RenderSVGText {text} at (800,2801) size 101x24 contains 1 chunk(s)
        RenderSVGInlineText {#text} at (0,0) size 101x24
          chunk 1 text run 1 at (800.00,2820.00) startOffset 0 endOffset 11 width 101.00: "just a text"
      RenderSVGText {text} at (900,2801) size 101x24 contains 1 chunk(s)
        RenderSVGInlineText {#text} at (0,0) size 101x24
          chunk 1 text run 1 at (900.00,2820.00) startOffset 0 endOffset 11 width 101.00: "just a text"
      RenderSVGText {text} at (1000,2801) size 101x24 contains 1 chunk(s)
        RenderSVGInlineText {#text} at (0,0) size 101x24
          chunk 1 text run 1 at (1000.00,2820.00) startOffset 0 endOffset 11 width 101.00: "just a text"
      RenderSVGText {text} at (1100,2801) size 101x24 contains 1 chunk(s)
        RenderSVGInlineText {#text} at (0,0) size 101x24
          chunk 1 text run 1 at (1100.00,2820.00) startOffset 0 endOffset 11 width 101.00: "just a text"
      RenderSVGText {text} at (1200,2801) size 101x24 contains 1 chunk(s)
        RenderSVGInlineText {#text} at (0,0) size 101x24
          chunk 1 text run 1 at (1200.00,2820.00) startOffset 0 endOffset 11 width 101.00: "just a text"
      RenderSVGText {text} at (1300,2801) size 101x24 contains 1 chunk(s)
        RenderSVGInlineText {#text} at (0,0) size 101x24
          chunk 1 text run 1 at (1300.00,2820.00) startOffset 0 endOffset 11 width 101.00: "just a text"
      RenderSVGText {text} at (1400,2801) size 101x24 contains 1 chunk(s)
        RenderSVGInlineText {#text} at (0,0) size 101x24
          chunk 1 text run 1 at (1400.00,2820.00) startOffset 0 endOffset 11 width 101.00: "just a text"
      RenderSVGText {text} at (1500,2801) size 101x24 contains 1 chunk(s)
        RenderSVGInlineText {#text} at (0,0) size 101x24
          chunk 1 text run 1 at (1500.00,2820.00) startOffset 0 endOffset 11 width 101.00: "just a text"
      RenderSVGText {text} at (1600,2801) size 101x24 contains 1 chunk(s)
        RenderSVGInlineText {#text} at (0,0) size 101x24
          chunk 1 text run 1 at (1600.00,2820.00) startOffset 0 endOffset 11 width 101.00: "just a text"
      RenderSVGText {text} at (1700,2801) size 101x24 contains 1 chunk(s)
        RenderSVGInlineText {#text} at (0,0) size 101x24
          chunk 1 text run 1 at (1700.00,2820.00) startOffset 0 endOffset 11 width 101.00: "just a text"
      RenderSVGText {text} at (1800,2801) size 101x24 contains 1 chunk(s)
        RenderSVGInlineText {#text} at (0,0) size 101x24
          chunk 1 text run 1 at (1800.00,2820.00) startOffset 0 endOffset 11 width 101.00: "just a text"
      RenderSVGText {text} at (1900,2801) size 101x24 contains 1 chunk(s)
        RenderSVGInlineText {#text} at (0,0) size 101x24
          chunk 1 text run 1 at (1900.00,2820.00) startOffset 0 endOffset 11 width 101.00: "just a text"
      RenderSVGText {text} at (2000,2801) size 101x24 contains 1 chunk(s)
        RenderSVGInlineText {#text} at (0,0) size 101x24
          chunk 1 text run 1 at (2000.00,2820.00) startOffset 0 endOffset 11 width 101.00: "just a text"
      RenderSVGText {text} at (2100,2801) size 101x24 contains 1 chunk(s)
        RenderSVGInlineText {#text} at (0,0) size 101x24
          chunk 1 text run 1 at (2100.00,2820.00) startOffset 0 endOffset 11 width 101.00: "just a text"
      RenderSVGText {text} at (2200,2801) size 101x24 contains 1 chunk(s)
        RenderSVGInlineText {#text} at (0,0) size 101x24
          chunk 1 text run 1 at (2200.00,2820.00) startOffset 0 endOffset 11 width 101.00: "just a text"
      RenderSVGText {text} at (2300,2801) size 101x24 contains 1 chunk(s)
        RenderSVGInlineText {#text} at (0,0) size 101x24
          chunk 1 text run 1 at (2300.00,2820.00) startOffset 0 endOffset 11 width 101.00: "just a text"
      RenderSVGText {text} at (2400,2801) size 101x24 contains 1 chunk(s)
        RenderSVGInlineText {#text} at (0,0) size 101x24
          chunk 1 text run 1 at (2400.00,2820.00) startOffset 0 endOffset 11 width 101.00: "just a text"
      RenderSVGText {text} at (2500,2801) size 101x24 contains 1 chunk(s)
        RenderSVGInlineText {#text} at (0,0) size 101x24
          chunk 1 text run 1 at (2500.00,2820.00) startOffset 0 endOffset 11 width 101.00: "just a text"
      RenderSVGText {text} at (2600,2801) size 101x24 contains 1 chunk(s)
        RenderSVGInlineText {#text} at (0,0) size 101x24
          chunk 1 text run 1 at (2600.00,2820.00) startOffset 0 endOffset 11 width 101.00: "just a text"
      RenderSVGText {text} at (2700,2801) size 101x24 contains 1 chunk(s)
        RenderSVGInlineText {#text} at (0,0) size 101x24
          chunk 1 text run 1 at (2700.00,2820.00) startOffset 0 endOffset 11 width 101.00: "just a text"
      RenderSVGText {text} at (2800,2801) size 101x24 contains 1 chunk(s)
        RenderSVGInlineText {#text} at (0,0) size 101x24
          chunk 1 text run 1 at (2800.00,2820.00) startOffset 0 endOffset 11 width 101.00: "just a text"
      RenderSVGText {text} at (2900,2801) size 101x24 contains 1 chunk(s)
        RenderSVGInlineText {#text} at (0,0) size 101x24
          chunk 1 text run 1 at (2900.00,2820.00) startOffset 0 endOffset 11 width 101.00: "just a text"
      RenderSVGText {text} at (3000,2801) size 101x24 contains 1 chunk(s)
        RenderSVGInlineText {#text} at (0,0) size 101x24
          chunk 1 text run 1 at (3000.00,2820.00) startOffset 0 endOffset 11 width 101.00: "just a text"
      RenderSVGText {text} at (3100,2801) size 101x24 contains 1 chunk(s)
        RenderSVGInlineText {#text} at (0,0) size 101x24
          chunk 1 text run 1 at (3100.00,2820.00) startOffset 0 endOffset 11 width 101.00: "just a text"
      RenderSVGText {text} at (3200,2801) size 101x24 contains 1 chunk(s)
        RenderSVGInlineText {#text} at (0,0) size 101x24
          chunk 1 text run 1 at (3200.00,2820.00) startOffset 0 endOffset 11 width 101.00: "just a text"
      RenderSVGText {text} at (3300,2801) size 101x24 contains 1 chunk(s)
        RenderSVGInlineText {#text} at (0,0) size 101x24
          chunk 1 text run 1 at (3300.00,2820.00) startOffset 0 endOffset 11 width 101.00: "just a text"
      RenderSVGText {text} at (3400,2801) size 101x24 contains 1 chunk(s)
        RenderSVGInlineText {#text} at (0,0) size 101x24
          chunk 1 text run 1 at (3400.00,2820.00) startOffset 0 endOffset 11 width 101.00: "just a text"
      RenderSVGText {text} at (3500,2801) size 101x24 contains 1 chunk(s)
        RenderSVGInlineText {#text} at (0,0) size 101x24
          chunk 1 text run 1 at (3500.00,2820.00) startOffset 0 endOffset 11 width 101.00: "just a text"
      RenderSVGText {text} at (3600,2801) size 101x24 contains 1 chunk(s)
        RenderSVGInlineText {#text} at (0,0) size 101x24
          chunk 1 text run 1 at (3600.00,2820.00) startOffset 0 endOffset 11 width 101.00: "just a text"
      RenderSVGText {text} at (3700,2801) size 101x24 contains 1 chunk(s)
        RenderSVGInlineText {#text} at (0,0) size 101x24
          chunk 1 text run 1 at (3700.00,2820.00) startOffset 0 endOffset 11 width 101.00: "just a text"
      RenderSVGText {text} at (3800,2801) size 101x24 contains 1 chunk(s)
        RenderSVGInlineText {#text} at (0,0) size 101x24
          chunk 1 text run 1 at (3800.00,2820.00) startOffset 0 endOffset 11 width 101.00: "just a text"
      RenderSVGText {text} at (3900,2801) size 101x24 contains 1 chunk(s)
        RenderSVGInlineText {#text} at (0,0) size 101x24
          chunk 1 text run 1 at (3900.00,2820.00) startOffset 0 endOffset 11 width 101.00: "just a text"
      RenderSVGText {text} at (4000,2801) size 101x24 contains 1 chunk(s)
        RenderSVGInlineText {#text} at (0,0) size 101x24
          chunk 1 text run 1 at (4000.00,2820.00) startOffset 0 endOffset 11 width 101.00: "just a text"
      RenderSVGText {text} at (4100,2801) size 101x24 contains 1 chunk(s)
        RenderSVGInlineText {#text} at (0,0) size 101x24
          chunk 1 text run 1 at (4100.00,2820.00) startOffset 0 endOffset 11 width 101.00: "just a text"
      RenderSVGText {text} at (4200,2801) size 101x24 contains 1 chunk(s)
        RenderSVGInlineText {#text} at (0,0) size 101x24
          chunk 1 text run 1 at (4200.00,2820.00) startOffset 0 endOffset 11 width 101.00: "just a text"
      RenderSVGText {text} at (4300,2801) size 101x24 contains 1 chunk(s)
        RenderSVGInlineText {#text} at (0,0) size 101x24
          chunk 1 text run 1 at (4300.00,2820.00) startOffset 0 endOffset 11 width 101.00: "just a text"
      RenderSVGText {text} at (4400,2801) size 101x24 contains 1 chunk(s)
        RenderSVGInlineText {#text} at (0,0) size 101x24
          chunk 1 text run 1 at (4400.00,2820.00) startOffset 0 endOffset 11 width 101.00: "just a text"
      RenderSVGText {text} at (4500,2801) size 101x24 contains 1 chunk(s)
        RenderSVGInlineText {#text} at (0,0) size 101x24
          chunk 1 text run 1 at (4500.00,2820.00) startOffset 0 endOffset 11 width 101.00: "just a text"
      RenderSVGText {text} at (4600,2801) size 101x24 contains 1 chunk(s)
        RenderSVGInlineText {#text} at (0,0) size 101x24
          chunk 1 text run 1 at (4600.00,2820.00) startOffset 0 endOffset 11 width 101.00: "just a text"
      RenderSVGText {text} at (4700,2801) size 101x24 contains 1 chunk(s)
        RenderSVGInlineText {#text} at (0,0) size 101x24
          chunk 1 text run 1 at (4700.00,2820.00) startOffset 0 endOffset 11 width 101.00: "just a text"
      RenderSVGText {text} at (4800,2801) size 101x24 contains 1 chunk(s)
        RenderSVGInlineText {#text} at (0,0) size 101x24
          chunk 1 text run 1 at (4800.00,2820.00) startOffset 0 endOffset 11 width 101.00: "just a text"
      RenderSVGText {text} at (4900,2801) size 101x24 contains 1 chunk(s)
        RenderSVGInlineText {#text} at (0,0) size 101x24
          chunk 1 text run 1 at (4900.00,2820.00) startOffset 0 endOffset 11 width 101.00: "just a text"
      RenderSVGText {text} at (0,2901) size 101x24 contains 1 chunk(s)
        RenderSVGInlineText {#text} at (0,0) size 101x24
          chunk 1 text run 1 at (0.00,2920.00) startOffset 0 endOffset 11 width 101.00: "just a text"
      RenderSVGText {text} at (100,2901) size 101x24 contains 1 chunk(s)
        RenderSVGInlineText {#text} at (0,0) size 101x24
          chunk 1 text run 1 at (100.00,2920.00) startOffset 0 endOffset 11 width 101.00: "just a text"
      RenderSVGText {text} at (200,2901) size 101x24 contains 1 chunk(s)
        RenderSVGInlineText {#text} at (0,0) size 101x24
          chunk 1 text run 1 at (200.00,2920.00) startOffset 0 endOffset 11 width 101.00: "just a text"
      RenderSVGText {text} at (300,2901) size 101x24 contains 1 chunk(s)
        RenderSVGInlineText {#text} at (0,0) size 101x24
          chunk 1 text run 1 at (300.00,2920.00) startOffset 0 endOffset 11 width 101.00: "just a text"
      RenderSVGText {text} at (400,2901) size 101x24 contains 1 chunk(s)
        RenderSVGInlineText {#text} at (0,0) size 101x24
          chunk 1 text run 1 at (400.00,2920.00) startOffset 0 endOffset 11 width 101.00: "just a text"
      RenderSVGText {text} at (500,2901) size 101x24 contains 1 chunk(s)
        RenderSVGInlineText {#text} at (0,0) size 101x24
          chunk 1 text run 1 at (500.00,2920.00) startOffset 0 endOffset 11 width 101.00: "just a text"
      RenderSVGText {text} at (600,2901) size 101x24 contains 1 chunk(s)
        RenderSVGInlineText {#text} at (0,0) size 101x24
          chunk 1 text run 1 at (600.00,2920.00) startOffset 0 endOffset 11 width 101.00: "just a text"
      RenderSVGText {text} at (700,2901) size 101x24 contains 1 chunk(s)
        RenderSVGInlineText {#text} at (0,0) size 101x24
          chunk 1 text run 1 at (700.00,2920.00) startOffset 0 endOffset 11 width 101.00: "just a text"
      RenderSVGText {text} at (800,2901) size 101x24 contains 1 chunk(s)
        RenderSVGInlineText {#text} at (0,0) size 101x24
          chunk 1 text run 1 at (800.00,2920.00) startOffset 0 endOffset 11 width 101.00: "just a text"
      RenderSVGText {text} at (900,2901) size 101x24 contains 1 chunk(s)
        RenderSVGInlineText {#text} at (0,0) size 101x24
          chunk 1 text run 1 at (900.00,2920.00) startOffset 0 endOffset 11 width 101.00: "just a text"
      RenderSVGText {text} at (1000,2901) size 101x24 contains 1 chunk(s)
        RenderSVGInlineText {#text} at (0,0) size 101x24
          chunk 1 text run 1 at (1000.00,2920.00) startOffset 0 endOffset 11 width 101.00: "just a text"
      RenderSVGText {text} at (1100,2901) size 101x24 contains 1 chunk(s)
        RenderSVGInlineText {#text} at (0,0) size 101x24
          chunk 1 text run 1 at (1100.00,2920.00) startOffset 0 endOffset 11 width 101.00: "just a text"
      RenderSVGText {text} at (1200,2901) size 101x24 contains 1 chunk(s)
        RenderSVGInlineText {#text} at (0,0) size 101x24
          chunk 1 text run 1 at (1200.00,2920.00) startOffset 0 endOffset 11 width 101.00: "just a text"
      RenderSVGText {text} at (1300,2901) size 101x24 contains 1 chunk(s)
        RenderSVGInlineText {#text} at (0,0) size 101x24
          chunk 1 text run 1 at (1300.00,2920.00) startOffset 0 endOffset 11 width 101.00: "just a text"
      RenderSVGText {text} at (1400,2901) size 101x24 contains 1 chunk(s)
        RenderSVGInlineText {#text} at (0,0) size 101x24
          chunk 1 text run 1 at (1400.00,2920.00) startOffset 0 endOffset 11 width 101.00: "just a text"
      RenderSVGText {text} at (1500,2901) size 101x24 contains 1 chunk(s)
        RenderSVGInlineText {#text} at (0,0) size 101x24
          chunk 1 text run 1 at (1500.00,2920.00) startOffset 0 endOffset 11 width 101.00: "just a text"
      RenderSVGText {text} at (1600,2901) size 101x24 contains 1 chunk(s)
        RenderSVGInlineText {#text} at (0,0) size 101x24
          chunk 1 text run 1 at (1600.00,2920.00) startOffset 0 endOffset 11 width 101.00: "just a text"
      RenderSVGText {text} at (1700,2901) size 101x24 contains 1 chunk(s)
        RenderSVGInlineText {#text} at (0,0) size 101x24
          chunk 1 text run 1 at (1700.00,2920.00) startOffset 0 endOffset 11 width 101.00: "just a text"
      RenderSVGText {text} at (1800,2901) size 101x24 contains 1 chunk(s)
        RenderSVGInlineText {#text} at (0,0) size 101x24
          chunk 1 text run 1 at (1800.00,2920.00) startOffset 0 endOffset 11 width 101.00: "just a text"
      RenderSVGText {text} at (1900,2901) size 101x24 contains 1 chunk(s)
        RenderSVGInlineText {#text} at (0,0) size 101x24
          chunk 1 text run 1 at (1900.00,2920.00) startOffset 0 endOffset 11 width 101.00: "just a text"
      RenderSVGText {text} at (2000,2901) size 101x24 contains 1 chunk(s)
        RenderSVGInlineText {#text} at (0,0) size 101x24
          chunk 1 text run 1 at (2000.00,2920.00) startOffset 0 endOffset 11 width 101.00: "just a text"
      RenderSVGText {text} at (2100,2901) size 101x24 contains 1 chunk(s)
        RenderSVGInlineText {#text} at (0,0) size 101x24
          chunk 1 text run 1 at (2100.00,2920.00) startOffset 0 endOffset 11 width 101.00: "just a text"
      RenderSVGText {text} at (2200,2901) size 101x24 contains 1 chunk(s)
        RenderSVGInlineText {#text} at (0,0) size 101x24
          chunk 1 text run 1 at (2200.00,2920.00) startOffset 0 endOffset 11 width 101.00: "just a text"
      RenderSVGText {text} at (2300,2901) size 101x24 contains 1 chunk(s)
        RenderSVGInlineText {#text} at (0,0) size 101x24
          chunk 1 text run 1 at (2300.00,2920.00) startOffset 0 endOffset 11 width 101.00: "just a text"
      RenderSVGText {text} at (2400,2901) size 101x24 contains 1 chunk(s)
        RenderSVGInlineText {#text} at (0,0) size 101x24
          chunk 1 text run 1 at (2400.00,2920.00) startOffset 0 endOffset 11 width 101.00: "just a text"
      RenderSVGText {text} at (2500,2901) size 101x24 contains 1 chunk(s)
        RenderSVGInlineText {#text} at (0,0) size 101x24
          chunk 1 text run 1 at (2500.00,2920.00) startOffset 0 endOffset 11 width 101.00: "just a text"
      RenderSVGText {text} at (2600,2901) size 101x24 contains 1 chunk(s)
        RenderSVGInlineText {#text} at (0,0) size 101x24
          chunk 1 text run 1 at (2600.00,2920.00) startOffset 0 endOffset 11 width 101.00: "just a text"
      RenderSVGText {text} at (2700,2901) size 101x24 contains 1 chunk(s)
        RenderSVGInlineText {#text} at (0,0) size 101x24
          chunk 1 text run 1 at (2700.00,2920.00) startOffset 0 endOffset 11 width 101.00: "just a text"
      RenderSVGText {text} at (2800,2901) size 101x24 contains 1 chunk(s)
        RenderSVGInlineText {#text} at (0,0) size 101x24
          chunk 1 text run 1 at (2800.00,2920.00) startOffset 0 endOffset 11 width 101.00: "just a text"
      RenderSVGText {text} at (2900,2901) size 101x24 contains 1 chunk(s)
        RenderSVGInlineText {#text} at (0,0) size 101x24
          chunk 1 text run 1 at (2900.00,2920.00) startOffset 0 endOffset 11 width 101.00: "just a text"
      RenderSVGText {text} at (3000,2901) size 101x24 contains 1 chunk(s)
        RenderSVGInlineText {#text} at (0,0) size 101x24
          chunk 1 text run 1 at (3000.00,2920.00) startOffset 0 endOffset 11 width 101.00: "just a text"
      RenderSVGText {text} at (3100,2901) size 101x24 contains 1 chunk(s)
        RenderSVGInlineText {#text} at (0,0) size 101x24
          chunk 1 text run 1 at (3100.00,2920.00) startOffset 0 endOffset 11 width 101.00: "just a text"
      RenderSVGText {text} at (3200,2901) size 101x24 contains 1 chunk(s)
        RenderSVGInlineText {#text} at (0,0) size 101x24
          chunk 1 text run 1 at (3200.00,2920.00) startOffset 0 endOffset 11 width 101.00: "just a text"
      RenderSVGText {text} at (3300,2901) size 101x24 contains 1 chunk(s)
        RenderSVGInlineText {#text} at (0,0) size 101x24
          chunk 1 text run 1 at (3300.00,2920.00) startOffset 0 endOffset 11 width 101.00: "just a text"
      RenderSVGText {text} at (3400,2901) size 101x24 contains 1 chunk(s)
        RenderSVGInlineText {#text} at (0,0) size 101x24
          chunk 1 text run 1 at (3400.00,2920.00) startOffset 0 endOffset 11 width 101.00: "just a text"
      RenderSVGText {text} at (3500,2901) size 101x24 contains 1 chunk(s)
        RenderSVGInlineText {#text} at (0,0) size 101x24
          chunk 1 text run 1 at (3500.00,2920.00) startOffset 0 endOffset 11 width 101.00: "just a text"
      RenderSVGText {text} at (3600,2901) size 101x24 contains 1 chunk(s)
        RenderSVGInlineText {#text} at (0,0) size 101x24
          chunk 1 text run 1 at (3600.00,2920.00) startOffset 0 endOffset 11 width 101.00: "just a text"
      RenderSVGText {text} at (3700,2901) size 101x24 contains 1 chunk(s)
        RenderSVGInlineText {#text} at (0,0) size 101x24
          chunk 1 text run 1 at (3700.00,2920.00) startOffset 0 endOffset 11 width 101.00: "just a text"
      RenderSVGText {text} at (3800,2901) size 101x24 contains 1 chunk(s)
        RenderSVGInlineText {#text} at (0,0) size 101x24
          chunk 1 text run 1 at (3800.00,2920.00) startOffset 0 endOffset 11 width 101.00: "just a text"
      RenderSVGText {text} at (3900,2901) size 101x24 contains 1 chunk(s)
        RenderSVGInlineText {#text} at (0,0) size 101x24
          chunk 1 text run 1 at (3900.00,2920.00) startOffset 0 endOffset 11 width 101.00: "just a text"
      RenderSVGText {text} at (4000,2901) size 101x24 contains 1 chunk(s)
        RenderSVGInlineText {#text} at (0,0) size 101x24
          chunk 1 text run 1 at (4000.00,2920.00) startOffset 0 endOffset 11 width 101.00: "just a text"
      RenderSVGText {text} at (4100,2901) size 101x24 contains 1 chunk(s)
        RenderSVGInlineText {#text} at (0,0) size 101x24
          chunk 1 text run 1 at (4100.00,2920.00) startOffset 0 endOffset 11 width 101.00: "just a text"
      RenderSVGText {text} at (4200,2901) size 101x24 contains 1 chunk(s)
        RenderSVGInlineText {#text} at (0,0) size 101x24
          chunk 1 text run 1 at (4200.00,2920.00) startOffset 0 endOffset 11 width 101.00: "just a text"
      RenderSVGText {text} at (4300,2901) size 101x24 contains 1 chunk(s)
        RenderSVGInlineText {#text} at (0,0) size 101x24
          chunk 1 text run 1 at (4300.00,2920.00) startOffset 0 endOffset 11 width 101.00: "just a text"
      RenderSVGText {text} at (4400,2901) size 101x24 contains 1 chunk(s)
        RenderSVGInlineText {#text} at (0,0) size 101x24
          chunk 1 text run 1 at (4400.00,2920.00) startOffset 0 endOffset 11 width 101.00: "just a text"
      RenderSVGText {text} at (4500,2901) size 101x24 contains 1 chunk(s)
        RenderSVGInlineText {#text} at (0,0) size 101x24
          chunk 1 text run 1 at (4500.00,2920.00) startOffset 0 endOffset 11 width 101.00: "just a text"
      RenderSVGText {text} at (4600,2901) size 101x24 contains 1 chunk(s)
        RenderSVGInlineText {#text} at (0,0) size 101x24
          chunk 1 text run 1 at (4600.00,2920.00) startOffset 0 endOffset 11 width 101.00: "just a text"
      RenderSVGText {text} at (4700,2901) size 101x24 contains 1 chunk(s)
        RenderSVGInlineText {#text} at (0,0) size 101x24
          chunk 1 text run 1 at (4700.00,2920.00) startOffset 0 endOffset 11 width 101.00: "just a text"
      RenderSVGText {text} at (4800,2901) size 101x24 contains 1 chunk(s)
        RenderSVGInlineText {#text} at (0,0) size 101x24
          chunk 1 text run 1 at (4800.00,2920.00) startOffset 0 endOffset 11 width 101.00: "just a text"
      RenderSVGText {text} at (4900,2901) size 101x24 contains 1 chunk(s)
        RenderSVGInlineText {#text} at (0,0) size 101x24
          chunk 1 text run 1 at (4900.00,2920.00) startOffset 0 endOffset 11 width 101.00: "just a text"
      RenderSVGText {text} at (0,3001) size 101x24 contains 1 chunk(s)
        RenderSVGInlineText {#text} at (0,0) size 101x24
          chunk 1 text run 1 at (0.00,3020.00) startOffset 0 endOffset 11 width 101.00: "just a text"
      RenderSVGText {text} at (100,3001) size 101x24 contains 1 chunk(s)
        RenderSVGInlineText {#text} at (0,0) size 101x24
          chunk 1 text run 1 at (100.00,3020.00) startOffset 0 endOffset 11 width 101.00: "just a text"
      RenderSVGText {text} at (200,3001) size 101x24 contains 1 chunk(s)
        RenderSVGInlineText {#text} at (0,0) size 101x24
          chunk 1 text run 1 at (200.00,3020.00) startOffset 0 endOffset 11 width 101.00: "just a text"
      RenderSVGText {text} at (300,3001) size 101x24 contains 1 chunk(s)
        RenderSVGInlineText {#text} at (0,0) size 101x24
          chunk 1 text run 1 at (300.00,3020.00) startOffset 0 endOffset 11 width 101.00: "just a text"
      RenderSVGText {text} at (400,3001) size 101x24 contains 1 chunk(s)
        RenderSVGInlineText {#text} at (0,0) size 101x24
          chunk 1 text run 1 at (400.00,3020.00) startOffset 0 endOffset 11 width 101.00: "just a text"
      RenderSVGText {text} at (500,3001) size 101x24 contains 1 chunk(s)
        RenderSVGInlineText {#text} at (0,0) size 101x24
          chunk 1 text run 1 at (500.00,3020.00) startOffset 0 endOffset 11 width 101.00: "just a text"
      RenderSVGText {text} at (600,3001) size 101x24 contains 1 chunk(s)
        RenderSVGInlineText {#text} at (0,0) size 101x24
          chunk 1 text run 1 at (600.00,3020.00) startOffset 0 endOffset 11 width 101.00: "just a text"
      RenderSVGText {text} at (700,3001) size 101x24 contains 1 chunk(s)
        RenderSVGInlineText {#text} at (0,0) size 101x24
          chunk 1 text run 1 at (700.00,3020.00) startOffset 0 endOffset 11 width 101.00: "just a text"
      RenderSVGText {text} at (800,3001) size 101x24 contains 1 chunk(s)
        RenderSVGInlineText {#text} at (0,0) size 101x24
          chunk 1 text run 1 at (800.00,3020.00) startOffset 0 endOffset 11 width 101.00: "just a text"
      RenderSVGText {text} at (900,3001) size 101x24 contains 1 chunk(s)
        RenderSVGInlineText {#text} at (0,0) size 101x24
          chunk 1 text run 1 at (900.00,3020.00) startOffset 0 endOffset 11 width 101.00: "just a text"
      RenderSVGText {text} at (1000,3001) size 101x24 contains 1 chunk(s)
        RenderSVGInlineText {#text} at (0,0) size 101x24
          chunk 1 text run 1 at (1000.00,3020.00) startOffset 0 endOffset 11 width 101.00: "just a text"
      RenderSVGText {text} at (1100,3001) size 101x24 contains 1 chunk(s)
        RenderSVGInlineText {#text} at (0,0) size 101x24
          chunk 1 text run 1 at (1100.00,3020.00) startOffset 0 endOffset 11 width 101.00: "just a text"
      RenderSVGText {text} at (1200,3001) size 101x24 contains 1 chunk(s)
        RenderSVGInlineText {#text} at (0,0) size 101x24
          chunk 1 text run 1 at (1200.00,3020.00) startOffset 0 endOffset 11 width 101.00: "just a text"
      RenderSVGText {text} at (1300,3001) size 101x24 contains 1 chunk(s)
        RenderSVGInlineText {#text} at (0,0) size 101x24
          chunk 1 text run 1 at (1300.00,3020.00) startOffset 0 endOffset 11 width 101.00: "just a text"
      RenderSVGText {text} at (1400,3001) size 101x24 contains 1 chunk(s)
        RenderSVGInlineText {#text} at (0,0) size 101x24
          chunk 1 text run 1 at (1400.00,3020.00) startOffset 0 endOffset 11 width 101.00: "just a text"
      RenderSVGText {text} at (1500,3001) size 101x24 contains 1 chunk(s)
        RenderSVGInlineText {#text} at (0,0) size 101x24
          chunk 1 text run 1 at (1500.00,3020.00) startOffset 0 endOffset 11 width 101.00: "just a text"
      RenderSVGText {text} at (1600,3001) size 101x24 contains 1 chunk(s)
        RenderSVGInlineText {#text} at (0,0) size 101x24
          chunk 1 text run 1 at (1600.00,3020.00) startOffset 0 endOffset 11 width 101.00: "just a text"
      RenderSVGText {text} at (1700,3001) size 101x24 contains 1 chunk(s)
        RenderSVGInlineText {#text} at (0,0) size 101x24
          chunk 1 text run 1 at (1700.00,3020.00) startOffset 0 endOffset 11 width 101.00: "just a text"
      RenderSVGText {text} at (1800,3001) size 101x24 contains 1 chunk(s)
        RenderSVGInlineText {#text} at (0,0) size 101x24
          chunk 1 text run 1 at (1800.00,3020.00) startOffset 0 endOffset 11 width 101.00: "just a text"
      RenderSVGText {text} at (1900,3001) size 101x24 contains 1 chunk(s)
        RenderSVGInlineText {#text} at (0,0) size 101x24
          chunk 1 text run 1 at (1900.00,3020.00) startOffset 0 endOffset 11 width 101.00: "just a text"
      RenderSVGText {text} at (2000,3001) size 101x24 contains 1 chunk(s)
        RenderSVGInlineText {#text} at (0,0) size 101x24
          chunk 1 text run 1 at (2000.00,3020.00) startOffset 0 endOffset 11 width 101.00: "just a text"
      RenderSVGText {text} at (2100,3001) size 101x24 contains 1 chunk(s)
        RenderSVGInlineText {#text} at (0,0) size 101x24
          chunk 1 text run 1 at (2100.00,3020.00) startOffset 0 endOffset 11 width 101.00: "just a text"
      RenderSVGText {text} at (2200,3001) size 101x24 contains 1 chunk(s)
        RenderSVGInlineText {#text} at (0,0) size 101x24
          chunk 1 text run 1 at (2200.00,3020.00) startOffset 0 endOffset 11 width 101.00: "just a text"
      RenderSVGText {text} at (2300,3001) size 101x24 contains 1 chunk(s)
        RenderSVGInlineText {#text} at (0,0) size 101x24
          chunk 1 text run 1 at (2300.00,3020.00) startOffset 0 endOffset 11 width 101.00: "just a text"
      RenderSVGText {text} at (2400,3001) size 101x24 contains 1 chunk(s)
        RenderSVGInlineText {#text} at (0,0) size 101x24
          chunk 1 text run 1 at (2400.00,3020.00) startOffset 0 endOffset 11 width 101.00: "just a text"
      RenderSVGText {text} at (2500,3001) size 101x24 contains 1 chunk(s)
        RenderSVGInlineText {#text} at (0,0) size 101x24
          chunk 1 text run 1 at (2500.00,3020.00) startOffset 0 endOffset 11 width 101.00: "just a text"
      RenderSVGText {text} at (2600,3001) size 101x24 contains 1 chunk(s)
        RenderSVGInlineText {#text} at (0,0) size 101x24
          chunk 1 text run 1 at (2600.00,3020.00) startOffset 0 endOffset 11 width 101.00: "just a text"
      RenderSVGText {text} at (2700,3001) size 101x24 contains 1 chunk(s)
        RenderSVGInlineText {#text} at (0,0) size 101x24
          chunk 1 text run 1 at (2700.00,3020.00) startOffset 0 endOffset 11 width 101.00: "just a text"
      RenderSVGText {text} at (2800,3001) size 101x24 contains 1 chunk(s)
        RenderSVGInlineText {#text} at (0,0) size 101x24
          chunk 1 text run 1 at (2800.00,3020.00) startOffset 0 endOffset 11 width 101.00: "just a text"
      RenderSVGText {text} at (2900,3001) size 101x24 contains 1 chunk(s)
        RenderSVGInlineText {#text} at (0,0) size 101x24
          chunk 1 text run 1 at (2900.00,3020.00) startOffset 0 endOffset 11 width 101.00: "just a text"
      RenderSVGText {text} at (3000,3001) size 101x24 contains 1 chunk(s)
        RenderSVGInlineText {#text} at (0,0) size 101x24
          chunk 1 text run 1 at (3000.00,3020.00) startOffset 0 endOffset 11 width 101.00: "just a text"
      RenderSVGText {text} at (3100,3001) size 101x24 contains 1 chunk(s)
        RenderSVGInlineText {#text} at (0,0) size 101x24
          chunk 1 text run 1 at (3100.00,3020.00) startOffset 0 endOffset 11 width 101.00: "just a text"
      RenderSVGText {text} at (3200,3001) size 101x24 contains 1 chunk(s)
        RenderSVGInlineText {#text} at (0,0) size 101x24
          chunk 1 text run 1 at (3200.00,3020.00) startOffset 0 endOffset 11 width 101.00: "just a text"
      RenderSVGText {text} at (3300,3001) size 101x24 contains 1 chunk(s)
        RenderSVGInlineText {#text} at (0,0) size 101x24
          chunk 1 text run 1 at (3300.00,3020.00) startOffset 0 endOffset 11 width 101.00: "just a text"
      RenderSVGText {text} at (3400,3001) size 101x24 contains 1 chunk(s)
        RenderSVGInlineText {#text} at (0,0) size 101x24
          chunk 1 text run 1 at (3400.00,3020.00) startOffset 0 endOffset 11 width 101.00: "just a text"
      RenderSVGText {text} at (3500,3001) size 101x24 contains 1 chunk(s)
        RenderSVGInlineText {#text} at (0,0) size 101x24
          chunk 1 text run 1 at (3500.00,3020.00) startOffset 0 endOffset 11 width 101.00: "just a text"
      RenderSVGText {text} at (3600,3001) size 101x24 contains 1 chunk(s)
        RenderSVGInlineText {#text} at (0,0) size 101x24
          chunk 1 text run 1 at (3600.00,3020.00) startOffset 0 endOffset 11 width 101.00: "just a text"
      RenderSVGText {text} at (3700,3001) size 101x24 contains 1 chunk(s)
        RenderSVGInlineText {#text} at (0,0) size 101x24
          chunk 1 text run 1 at (3700.00,3020.00) startOffset 0 endOffset 11 width 101.00: "just a text"
      RenderSVGText {text} at (3800,3001) size 101x24 contains 1 chunk(s)
        RenderSVGInlineText {#text} at (0,0) size 101x24
          chunk 1 text run 1 at (3800.00,3020.00) startOffset 0 endOffset 11 width 101.00: "just a text"
      RenderSVGText {text} at (3900,3001) size 101x24 contains 1 chunk(s)
        RenderSVGInlineText {#text} at (0,0) size 101x24
          chunk 1 text run 1 at (3900.00,3020.00) startOffset 0 endOffset 11 width 101.00: "just a text"
      RenderSVGText {text} at (4000,3001) size 101x24 contains 1 chunk(s)
        RenderSVGInlineText {#text} at (0,0) size 101x24
          chunk 1 text run 1 at (4000.00,3020.00) startOffset 0 endOffset 11 width 101.00: "just a text"
      RenderSVGText {text} at (4100,3001) size 101x24 contains 1 chunk(s)
        RenderSVGInlineText {#text} at (0,0) size 101x24
          chunk 1 text run 1 at (4100.00,3020.00) startOffset 0 endOffset 11 width 101.00: "just a text"
      RenderSVGText {text} at (4200,3001) size 101x24 contains 1 chunk(s)
        RenderSVGInlineText {#text} at (0,0) size 101x24
          chunk 1 text run 1 at (4200.00,3020.00) startOffset 0 endOffset 11 width 101.00: "just a text"
      RenderSVGText {text} at (4300,3001) size 101x24 contains 1 chunk(s)
        RenderSVGInlineText {#text} at (0,0) size 101x24
          chunk 1 text run 1 at (4300.00,3020.00) startOffset 0 endOffset 11 width 101.00: "just a text"
      RenderSVGText {text} at (4400,3001) size 101x24 contains 1 chunk(s)
        RenderSVGInlineText {#text} at (0,0) size 101x24
          chunk 1 text run 1 at (4400.00,3020.00) startOffset 0 endOffset 11 width 101.00: "just a text"
      RenderSVGText {text} at (4500,3001) size 101x24 contains 1 chunk(s)
        RenderSVGInlineText {#text} at (0,0) size 101x24
          chunk 1 text run 1 at (4500.00,3020.00) startOffset 0 endOffset 11 width 101.00: "just a text"
      RenderSVGText {text} at (4600,3001) size 101x24 contains 1 chunk(s)
        RenderSVGInlineText {#text} at (0,0) size 101x24
          chunk 1 text run 1 at (4600.00,3020.00) startOffset 0 endOffset 11 width 101.00: "just a text"
      RenderSVGText {text} at (4700,3001) size 101x24 contains 1 chunk(s)
        RenderSVGInlineText {#text} at (0,0) size 101x24
          chunk 1 text run 1 at (4700.00,3020.00) startOffset 0 endOffset 11 width 101.00: "just a text"
      RenderSVGText {text} at (4800,3001) size 101x24 contains 1 chunk(s)
        RenderSVGInlineText {#text} at (0,0) size 101x24
          chunk 1 text run 1 at (4800.00,3020.00) startOffset 0 endOffset 11 width 101.00: "just a text"
      RenderSVGText {text} at (4900,3001) size 101x24 contains 1 chunk(s)
        RenderSVGInlineText {#text} at (0,0) size 101x24
          chunk 1 text run 1 at (4900.00,3020.00) startOffset 0 endOffset 11 width 101.00: "just a text"
      RenderSVGText {text} at (0,3101) size 101x24 contains 1 chunk(s)
        RenderSVGInlineText {#text} at (0,0) size 101x24
          chunk 1 text run 1 at (0.00,3120.00) startOffset 0 endOffset 11 width 101.00: "just a text"
      RenderSVGText {text} at (100,3101) size 101x24 contains 1 chunk(s)
        RenderSVGInlineText {#text} at (0,0) size 101x24
          chunk 1 text run 1 at (100.00,3120.00) startOffset 0 endOffset 11 width 101.00: "just a text"
      RenderSVGText {text} at (200,3101) size 101x24 contains 1 chunk(s)
        RenderSVGInlineText {#text} at (0,0) size 101x24
          chunk 1 text run 1 at (200.00,3120.00) startOffset 0 endOffset 11 width 101.00: "just a text"
      RenderSVGText {text} at (300,3101) size 101x24 contains 1 chunk(s)
        RenderSVGInlineText {#text} at (0,0) size 101x24
          chunk 1 text run 1 at (300.00,3120.00) startOffset 0 endOffset 11 width 101.00: "just a text"
      RenderSVGText {text} at (400,3101) size 101x24 contains 1 chunk(s)
        RenderSVGInlineText {#text} at (0,0) size 101x24
          chunk 1 text run 1 at (400.00,3120.00) startOffset 0 endOffset 11 width 101.00: "just a text"
      RenderSVGText {text} at (500,3101) size 101x24 contains 1 chunk(s)
        RenderSVGInlineText {#text} at (0,0) size 101x24
          chunk 1 text run 1 at (500.00,3120.00) startOffset 0 endOffset 11 width 101.00: "just a text"
      RenderSVGText {text} at (600,3101) size 101x24 contains 1 chunk(s)
        RenderSVGInlineText {#text} at (0,0) size 101x24
          chunk 1 text run 1 at (600.00,3120.00) startOffset 0 endOffset 11 width 101.00: "just a text"
      RenderSVGText {text} at (700,3101) size 101x24 contains 1 chunk(s)
        RenderSVGInlineText {#text} at (0,0) size 101x24
          chunk 1 text run 1 at (700.00,3120.00) startOffset 0 endOffset 11 width 101.00: "just a text"
      RenderSVGText {text} at (800,3101) size 101x24 contains 1 chunk(s)
        RenderSVGInlineText {#text} at (0,0) size 101x24
          chunk 1 text run 1 at (800.00,3120.00) startOffset 0 endOffset 11 width 101.00: "just a text"
      RenderSVGText {text} at (900,3101) size 101x24 contains 1 chunk(s)
        RenderSVGInlineText {#text} at (0,0) size 101x24
          chunk 1 text run 1 at (900.00,3120.00) startOffset 0 endOffset 11 width 101.00: "just a text"
      RenderSVGText {text} at (1000,3101) size 101x24 contains 1 chunk(s)
        RenderSVGInlineText {#text} at (0,0) size 101x24
          chunk 1 text run 1 at (1000.00,3120.00) startOffset 0 endOffset 11 width 101.00: "just a text"
      RenderSVGText {text} at (1100,3101) size 101x24 contains 1 chunk(s)
        RenderSVGInlineText {#text} at (0,0) size 101x24
          chunk 1 text run 1 at (1100.00,3120.00) startOffset 0 endOffset 11 width 101.00: "just a text"
      RenderSVGText {text} at (1200,3101) size 101x24 contains 1 chunk(s)
        RenderSVGInlineText {#text} at (0,0) size 101x24
          chunk 1 text run 1 at (1200.00,3120.00) startOffset 0 endOffset 11 width 101.00: "just a text"
      RenderSVGText {text} at (1300,3101) size 101x24 contains 1 chunk(s)
        RenderSVGInlineText {#text} at (0,0) size 101x24
          chunk 1 text run 1 at (1300.00,3120.00) startOffset 0 endOffset 11 width 101.00: "just a text"
      RenderSVGText {text} at (1400,3101) size 101x24 contains 1 chunk(s)
        RenderSVGInlineText {#text} at (0,0) size 101x24
          chunk 1 text run 1 at (1400.00,3120.00) startOffset 0 endOffset 11 width 101.00: "just a text"
      RenderSVGText {text} at (1500,3101) size 101x24 contains 1 chunk(s)
        RenderSVGInlineText {#text} at (0,0) size 101x24
          chunk 1 text run 1 at (1500.00,3120.00) startOffset 0 endOffset 11 width 101.00: "just a text"
      RenderSVGText {text} at (1600,3101) size 101x24 contains 1 chunk(s)
        RenderSVGInlineText {#text} at (0,0) size 101x24
          chunk 1 text run 1 at (1600.00,3120.00) startOffset 0 endOffset 11 width 101.00: "just a text"
      RenderSVGText {text} at (1700,3101) size 101x24 contains 1 chunk(s)
        RenderSVGInlineText {#text} at (0,0) size 101x24
          chunk 1 text run 1 at (1700.00,3120.00) startOffset 0 endOffset 11 width 101.00: "just a text"
      RenderSVGText {text} at (1800,3101) size 101x24 contains 1 chunk(s)
        RenderSVGInlineText {#text} at (0,0) size 101x24
          chunk 1 text run 1 at (1800.00,3120.00) startOffset 0 endOffset 11 width 101.00: "just a text"
      RenderSVGText {text} at (1900,3101) size 101x24 contains 1 chunk(s)
        RenderSVGInlineText {#text} at (0,0) size 101x24
          chunk 1 text run 1 at (1900.00,3120.00) startOffset 0 endOffset 11 width 101.00: "just a text"
      RenderSVGText {text} at (2000,3101) size 101x24 contains 1 chunk(s)
        RenderSVGInlineText {#text} at (0,0) size 101x24
          chunk 1 text run 1 at (2000.00,3120.00) startOffset 0 endOffset 11 width 101.00: "just a text"
      RenderSVGText {text} at (2100,3101) size 101x24 contains 1 chunk(s)
        RenderSVGInlineText {#text} at (0,0) size 101x24
          chunk 1 text run 1 at (2100.00,3120.00) startOffset 0 endOffset 11 width 101.00: "just a text"
      RenderSVGText {text} at (2200,3101) size 101x24 contains 1 chunk(s)
        RenderSVGInlineText {#text} at (0,0) size 101x24
          chunk 1 text run 1 at (2200.00,3120.00) startOffset 0 endOffset 11 width 101.00: "just a text"
      RenderSVGText {text} at (2300,3101) size 101x24 contains 1 chunk(s)
        RenderSVGInlineText {#text} at (0,0) size 101x24
          chunk 1 text run 1 at (2300.00,3120.00) startOffset 0 endOffset 11 width 101.00: "just a text"
      RenderSVGText {text} at (2400,3101) size 101x24 contains 1 chunk(s)
        RenderSVGInlineText {#text} at (0,0) size 101x24
          chunk 1 text run 1 at (2400.00,3120.00) startOffset 0 endOffset 11 width 101.00: "just a text"
      RenderSVGText {text} at (2500,3101) size 101x24 contains 1 chunk(s)
        RenderSVGInlineText {#text} at (0,0) size 101x24
          chunk 1 text run 1 at (2500.00,3120.00) startOffset 0 endOffset 11 width 101.00: "just a text"
      RenderSVGText {text} at (2600,3101) size 101x24 contains 1 chunk(s)
        RenderSVGInlineText {#text} at (0,0) size 101x24
          chunk 1 text run 1 at (2600.00,3120.00) startOffset 0 endOffset 11 width 101.00: "just a text"
      RenderSVGText {text} at (2700,3101) size 101x24 contains 1 chunk(s)
        RenderSVGInlineText {#text} at (0,0) size 101x24
          chunk 1 text run 1 at (2700.00,3120.00) startOffset 0 endOffset 11 width 101.00: "just a text"
      RenderSVGText {text} at (2800,3101) size 101x24 contains 1 chunk(s)
        RenderSVGInlineText {#text} at (0,0) size 101x24
          chunk 1 text run 1 at (2800.00,3120.00) startOffset 0 endOffset 11 width 101.00: "just a text"
      RenderSVGText {text} at (2900,3101) size 101x24 contains 1 chunk(s)
        RenderSVGInlineText {#text} at (0,0) size 101x24
          chunk 1 text run 1 at (2900.00,3120.00) startOffset 0 endOffset 11 width 101.00: "just a text"
      RenderSVGText {text} at (3000,3101) size 101x24 contains 1 chunk(s)
        RenderSVGInlineText {#text} at (0,0) size 101x24
          chunk 1 text run 1 at (3000.00,3120.00) startOffset 0 endOffset 11 width 101.00: "just a text"
      RenderSVGText {text} at (3100,3101) size 101x24 contains 1 chunk(s)
        RenderSVGInlineText {#text} at (0,0) size 101x24
          chunk 1 text run 1 at (3100.00,3120.00) startOffset 0 endOffset 11 width 101.00: "just a text"
      RenderSVGText {text} at (3200,3101) size 101x24 contains 1 chunk(s)
        RenderSVGInlineText {#text} at (0,0) size 101x24
          chunk 1 text run 1 at (3200.00,3120.00) startOffset 0 endOffset 11 width 101.00: "just a text"
      RenderSVGText {text} at (3300,3101) size 101x24 contains 1 chunk(s)
        RenderSVGInlineText {#text} at (0,0) size 101x24
          chunk 1 text run 1 at (3300.00,3120.00) startOffset 0 endOffset 11 width 101.00: "just a text"
      RenderSVGText {text} at (3400,3101) size 101x24 contains 1 chunk(s)
        RenderSVGInlineText {#text} at (0,0) size 101x24
          chunk 1 text run 1 at (3400.00,3120.00) startOffset 0 endOffset 11 width 101.00: "just a text"
      RenderSVGText {text} at (3500,3101) size 101x24 contains 1 chunk(s)
        RenderSVGInlineText {#text} at (0,0) size 101x24
          chunk 1 text run 1 at (3500.00,3120.00) startOffset 0 endOffset 11 width 101.00: "just a text"
      RenderSVGText {text} at (3600,3101) size 101x24 contains 1 chunk(s)
        RenderSVGInlineText {#text} at (0,0) size 101x24
          chunk 1 text run 1 at (3600.00,3120.00) startOffset 0 endOffset 11 width 101.00: "just a text"
      RenderSVGText {text} at (3700,3101) size 101x24 contains 1 chunk(s)
        RenderSVGInlineText {#text} at (0,0) size 101x24
          chunk 1 text run 1 at (3700.00,3120.00) startOffset 0 endOffset 11 width 101.00: "just a text"
      RenderSVGText {text} at (3800,3101) size 101x24 contains 1 chunk(s)
        RenderSVGInlineText {#text} at (0,0) size 101x24
          chunk 1 text run 1 at (3800.00,3120.00) startOffset 0 endOffset 11 width 101.00: "just a text"
      RenderSVGText {text} at (3900,3101) size 101x24 contains 1 chunk(s)
        RenderSVGInlineText {#text} at (0,0) size 101x24
          chunk 1 text run 1 at (3900.00,3120.00) startOffset 0 endOffset 11 width 101.00: "just a text"
      RenderSVGText {text} at (4000,3101) size 101x24 contains 1 chunk(s)
        RenderSVGInlineText {#text} at (0,0) size 101x24
          chunk 1 text run 1 at (4000.00,3120.00) startOffset 0 endOffset 11 width 101.00: "just a text"
      RenderSVGText {text} at (4100,3101) size 101x24 contains 1 chunk(s)
        RenderSVGInlineText {#text} at (0,0) size 101x24
          chunk 1 text run 1 at (4100.00,3120.00) startOffset 0 endOffset 11 width 101.00: "just a text"
      RenderSVGText {text} at (4200,3101) size 101x24 contains 1 chunk(s)
        RenderSVGInlineText {#text} at (0,0) size 101x24
          chunk 1 text run 1 at (4200.00,3120.00) startOffset 0 endOffset 11 width 101.00: "just a text"
      RenderSVGText {text} at (4300,3101) size 101x24 contains 1 chunk(s)
        RenderSVGInlineText {#text} at (0,0) size 101x24
          chunk 1 text run 1 at (4300.00,3120.00) startOffset 0 endOffset 11 width 101.00: "just a text"
      RenderSVGText {text} at (4400,3101) size 101x24 contains 1 chunk(s)
        RenderSVGInlineText {#text} at (0,0) size 101x24
          chunk 1 text run 1 at (4400.00,3120.00) startOffset 0 endOffset 11 width 101.00: "just a text"
      RenderSVGText {text} at (4500,3101) size 101x24 contains 1 chunk(s)
        RenderSVGInlineText {#text} at (0,0) size 101x24
          chunk 1 text run 1 at (4500.00,3120.00) startOffset 0 endOffset 11 width 101.00: "just a text"
      RenderSVGText {text} at (4600,3101) size 101x24 contains 1 chunk(s)
        RenderSVGInlineText {#text} at (0,0) size 101x24
          chunk 1 text run 1 at (4600.00,3120.00) startOffset 0 endOffset 11 width 101.00: "just a text"
      RenderSVGText {text} at (4700,3101) size 101x24 contains 1 chunk(s)
        RenderSVGInlineText {#text} at (0,0) size 101x24
          chunk 1 text run 1 at (4700.00,3120.00) startOffset 0 endOffset 11 width 101.00: "just a text"
      RenderSVGText {text} at (4800,3101) size 101x24 contains 1 chunk(s)
        RenderSVGInlineText {#text} at (0,0) size 101x24
          chunk 1 text run 1 at (4800.00,3120.00) startOffset 0 endOffset 11 width 101.00: "just a text"
      RenderSVGText {text} at (4900,3101) size 101x24 contains 1 chunk(s)
        RenderSVGInlineText {#text} at (0,0) size 101x24
          chunk 1 text run 1 at (4900.00,3120.00) startOffset 0 endOffset 11 width 101.00: "just a text"
      RenderSVGText {text} at (0,3201) size 101x24 contains 1 chunk(s)
        RenderSVGInlineText {#text} at (0,0) size 101x24
          chunk 1 text run 1 at (0.00,3220.00) startOffset 0 endOffset 11 width 101.00: "just a text"
      RenderSVGText {text} at (100,3201) size 101x24 contains 1 chunk(s)
        RenderSVGInlineText {#text} at (0,0) size 101x24
          chunk 1 text run 1 at (100.00,3220.00) startOffset 0 endOffset 11 width 101.00: "just a text"
      RenderSVGText {text} at (200,3201) size 101x24 contains 1 chunk(s)
        RenderSVGInlineText {#text} at (0,0) size 101x24
          chunk 1 text run 1 at (200.00,3220.00) startOffset 0 endOffset 11 width 101.00: "just a text"
      RenderSVGText {text} at (300,3201) size 101x24 contains 1 chunk(s)
        RenderSVGInlineText {#text} at (0,0) size 101x24
          chunk 1 text run 1 at (300.00,3220.00) startOffset 0 endOffset 11 width 101.00: "just a text"
      RenderSVGText {text} at (400,3201) size 101x24 contains 1 chunk(s)
        RenderSVGInlineText {#text} at (0,0) size 101x24
          chunk 1 text run 1 at (400.00,3220.00) startOffset 0 endOffset 11 width 101.00: "just a text"
      RenderSVGText {text} at (500,3201) size 101x24 contains 1 chunk(s)
        RenderSVGInlineText {#text} at (0,0) size 101x24
          chunk 1 text run 1 at (500.00,3220.00) startOffset 0 endOffset 11 width 101.00: "just a text"
      RenderSVGText {text} at (600,3201) size 101x24 contains 1 chunk(s)
        RenderSVGInlineText {#text} at (0,0) size 101x24
          chunk 1 text run 1 at (600.00,3220.00) startOffset 0 endOffset 11 width 101.00: "just a text"
      RenderSVGText {text} at (700,3201) size 101x24 contains 1 chunk(s)
        RenderSVGInlineText {#text} at (0,0) size 101x24
          chunk 1 text run 1 at (700.00,3220.00) startOffset 0 endOffset 11 width 101.00: "just a text"
      RenderSVGText {text} at (800,3201) size 101x24 contains 1 chunk(s)
        RenderSVGInlineText {#text} at (0,0) size 101x24
          chunk 1 text run 1 at (800.00,3220.00) startOffset 0 endOffset 11 width 101.00: "just a text"
      RenderSVGText {text} at (900,3201) size 101x24 contains 1 chunk(s)
        RenderSVGInlineText {#text} at (0,0) size 101x24
          chunk 1 text run 1 at (900.00,3220.00) startOffset 0 endOffset 11 width 101.00: "just a text"
      RenderSVGText {text} at (1000,3201) size 101x24 contains 1 chunk(s)
        RenderSVGInlineText {#text} at (0,0) size 101x24
          chunk 1 text run 1 at (1000.00,3220.00) startOffset 0 endOffset 11 width 101.00: "just a text"
      RenderSVGText {text} at (1100,3201) size 101x24 contains 1 chunk(s)
        RenderSVGInlineText {#text} at (0,0) size 101x24
          chunk 1 text run 1 at (1100.00,3220.00) startOffset 0 endOffset 11 width 101.00: "just a text"
      RenderSVGText {text} at (1200,3201) size 101x24 contains 1 chunk(s)
        RenderSVGInlineText {#text} at (0,0) size 101x24
          chunk 1 text run 1 at (1200.00,3220.00) startOffset 0 endOffset 11 width 101.00: "just a text"
      RenderSVGText {text} at (1300,3201) size 101x24 contains 1 chunk(s)
        RenderSVGInlineText {#text} at (0,0) size 101x24
          chunk 1 text run 1 at (1300.00,3220.00) startOffset 0 endOffset 11 width 101.00: "just a text"
      RenderSVGText {text} at (1400,3201) size 101x24 contains 1 chunk(s)
        RenderSVGInlineText {#text} at (0,0) size 101x24
          chunk 1 text run 1 at (1400.00,3220.00) startOffset 0 endOffset 11 width 101.00: "just a text"
      RenderSVGText {text} at (1500,3201) size 101x24 contains 1 chunk(s)
        RenderSVGInlineText {#text} at (0,0) size 101x24
          chunk 1 text run 1 at (1500.00,3220.00) startOffset 0 endOffset 11 width 101.00: "just a text"
      RenderSVGText {text} at (1600,3201) size 101x24 contains 1 chunk(s)
        RenderSVGInlineText {#text} at (0,0) size 101x24
          chunk 1 text run 1 at (1600.00,3220.00) startOffset 0 endOffset 11 width 101.00: "just a text"
      RenderSVGText {text} at (1700,3201) size 101x24 contains 1 chunk(s)
        RenderSVGInlineText {#text} at (0,0) size 101x24
          chunk 1 text run 1 at (1700.00,3220.00) startOffset 0 endOffset 11 width 101.00: "just a text"
      RenderSVGText {text} at (1800,3201) size 101x24 contains 1 chunk(s)
        RenderSVGInlineText {#text} at (0,0) size 101x24
          chunk 1 text run 1 at (1800.00,3220.00) startOffset 0 endOffset 11 width 101.00: "just a text"
      RenderSVGText {text} at (1900,3201) size 101x24 contains 1 chunk(s)
        RenderSVGInlineText {#text} at (0,0) size 101x24
          chunk 1 text run 1 at (1900.00,3220.00) startOffset 0 endOffset 11 width 101.00: "just a text"
      RenderSVGText {text} at (2000,3201) size 101x24 contains 1 chunk(s)
        RenderSVGInlineText {#text} at (0,0) size 101x24
          chunk 1 text run 1 at (2000.00,3220.00) startOffset 0 endOffset 11 width 101.00: "just a text"
      RenderSVGText {text} at (2100,3201) size 101x24 contains 1 chunk(s)
        RenderSVGInlineText {#text} at (0,0) size 101x24
          chunk 1 text run 1 at (2100.00,3220.00) startOffset 0 endOffset 11 width 101.00: "just a text"
      RenderSVGText {text} at (2200,3201) size 101x24 contains 1 chunk(s)
        RenderSVGInlineText {#text} at (0,0) size 101x24
          chunk 1 text run 1 at (2200.00,3220.00) startOffset 0 endOffset 11 width 101.00: "just a text"
      RenderSVGText {text} at (2300,3201) size 101x24 contains 1 chunk(s)
        RenderSVGInlineText {#text} at (0,0) size 101x24
          chunk 1 text run 1 at (2300.00,3220.00) startOffset 0 endOffset 11 width 101.00: "just a text"
      RenderSVGText {text} at (2400,3201) size 101x24 contains 1 chunk(s)
        RenderSVGInlineText {#text} at (0,0) size 101x24
          chunk 1 text run 1 at (2400.00,3220.00) startOffset 0 endOffset 11 width 101.00: "just a text"
      RenderSVGText {text} at (2500,3201) size 101x24 contains 1 chunk(s)
        RenderSVGInlineText {#text} at (0,0) size 101x24
          chunk 1 text run 1 at (2500.00,3220.00) startOffset 0 endOffset 11 width 101.00: "just a text"
      RenderSVGText {text} at (2600,3201) size 101x24 contains 1 chunk(s)
        RenderSVGInlineText {#text} at (0,0) size 101x24
          chunk 1 text run 1 at (2600.00,3220.00) startOffset 0 endOffset 11 width 101.00: "just a text"
      RenderSVGText {text} at (2700,3201) size 101x24 contains 1 chunk(s)
        RenderSVGInlineText {#text} at (0,0) size 101x24
          chunk 1 text run 1 at (2700.00,3220.00) startOffset 0 endOffset 11 width 101.00: "just a text"
      RenderSVGText {text} at (2800,3201) size 101x24 contains 1 chunk(s)
        RenderSVGInlineText {#text} at (0,0) size 101x24
          chunk 1 text run 1 at (2800.00,3220.00) startOffset 0 endOffset 11 width 101.00: "just a text"
      RenderSVGText {text} at (2900,3201) size 101x24 contains 1 chunk(s)
        RenderSVGInlineText {#text} at (0,0) size 101x24
          chunk 1 text run 1 at (2900.00,3220.00) startOffset 0 endOffset 11 width 101.00: "just a text"
      RenderSVGText {text} at (3000,3201) size 101x24 contains 1 chunk(s)
        RenderSVGInlineText {#text} at (0,0) size 101x24
          chunk 1 text run 1 at (3000.00,3220.00) startOffset 0 endOffset 11 width 101.00: "just a text"
      RenderSVGText {text} at (3100,3201) size 101x24 contains 1 chunk(s)
        RenderSVGInlineText {#text} at (0,0) size 101x24
          chunk 1 text run 1 at (3100.00,3220.00) startOffset 0 endOffset 11 width 101.00: "just a text"
      RenderSVGText {text} at (3200,3201) size 101x24 contains 1 chunk(s)
        RenderSVGInlineText {#text} at (0,0) size 101x24
          chunk 1 text run 1 at (3200.00,3220.00) startOffset 0 endOffset 11 width 101.00: "just a text"
      RenderSVGText {text} at (3300,3201) size 101x24 contains 1 chunk(s)
        RenderSVGInlineText {#text} at (0,0) size 101x24
          chunk 1 text run 1 at (3300.00,3220.00) startOffset 0 endOffset 11 width 101.00: "just a text"
      RenderSVGText {text} at (3400,3201) size 101x24 contains 1 chunk(s)
        RenderSVGInlineText {#text} at (0,0) size 101x24
          chunk 1 text run 1 at (3400.00,3220.00) startOffset 0 endOffset 11 width 101.00: "just a text"
      RenderSVGText {text} at (3500,3201) size 101x24 contains 1 chunk(s)
        RenderSVGInlineText {#text} at (0,0) size 101x24
          chunk 1 text run 1 at (3500.00,3220.00) startOffset 0 endOffset 11 width 101.00: "just a text"
      RenderSVGText {text} at (3600,3201) size 101x24 contains 1 chunk(s)
        RenderSVGInlineText {#text} at (0,0) size 101x24
          chunk 1 text run 1 at (3600.00,3220.00) startOffset 0 endOffset 11 width 101.00: "just a text"
      RenderSVGText {text} at (3700,3201) size 101x24 contains 1 chunk(s)
        RenderSVGInlineText {#text} at (0,0) size 101x24
          chunk 1 text run 1 at (3700.00,3220.00) startOffset 0 endOffset 11 width 101.00: "just a text"
      RenderSVGText {text} at (3800,3201) size 101x24 contains 1 chunk(s)
        RenderSVGInlineText {#text} at (0,0) size 101x24
          chunk 1 text run 1 at (3800.00,3220.00) startOffset 0 endOffset 11 width 101.00: "just a text"
      RenderSVGText {text} at (3900,3201) size 101x24 contains 1 chunk(s)
        RenderSVGInlineText {#text} at (0,0) size 101x24
          chunk 1 text run 1 at (3900.00,3220.00) startOffset 0 endOffset 11 width 101.00: "just a text"
      RenderSVGText {text} at (4000,3201) size 101x24 contains 1 chunk(s)
        RenderSVGInlineText {#text} at (0,0) size 101x24
          chunk 1 text run 1 at (4000.00,3220.00) startOffset 0 endOffset 11 width 101.00: "just a text"
      RenderSVGText {text} at (4100,3201) size 101x24 contains 1 chunk(s)
        RenderSVGInlineText {#text} at (0,0) size 101x24
          chunk 1 text run 1 at (4100.00,3220.00) startOffset 0 endOffset 11 width 101.00: "just a text"
      RenderSVGText {text} at (4200,3201) size 101x24 contains 1 chunk(s)
        RenderSVGInlineText {#text} at (0,0) size 101x24
          chunk 1 text run 1 at (4200.00,3220.00) startOffset 0 endOffset 11 width 101.00: "just a text"
      RenderSVGText {text} at (4300,3201) size 101x24 contains 1 chunk(s)
        RenderSVGInlineText {#text} at (0,0) size 101x24
          chunk 1 text run 1 at (4300.00,3220.00) startOffset 0 endOffset 11 width 101.00: "just a text"
      RenderSVGText {text} at (4400,3201) size 101x24 contains 1 chunk(s)
        RenderSVGInlineText {#text} at (0,0) size 101x24
          chunk 1 text run 1 at (4400.00,3220.00) startOffset 0 endOffset 11 width 101.00: "just a text"
      RenderSVGText {text} at (4500,3201) size 101x24 contains 1 chunk(s)
        RenderSVGInlineText {#text} at (0,0) size 101x24
          chunk 1 text run 1 at (4500.00,3220.00) startOffset 0 endOffset 11 width 101.00: "just a text"
      RenderSVGText {text} at (4600,3201) size 101x24 contains 1 chunk(s)
        RenderSVGInlineText {#text} at (0,0) size 101x24
          chunk 1 text run 1 at (4600.00,3220.00) startOffset 0 endOffset 11 width 101.00: "just a text"
      RenderSVGText {text} at (4700,3201) size 101x24 contains 1 chunk(s)
        RenderSVGInlineText {#text} at (0,0) size 101x24
          chunk 1 text run 1 at (4700.00,3220.00) startOffset 0 endOffset 11 width 101.00: "just a text"
      RenderSVGText {text} at (4800,3201) size 101x24 contains 1 chunk(s)
        RenderSVGInlineText {#text} at (0,0) size 101x24
          chunk 1 text run 1 at (4800.00,3220.00) startOffset 0 endOffset 11 width 101.00: "just a text"
      RenderSVGText {text} at (4900,3201) size 101x24 contains 1 chunk(s)
        RenderSVGInlineText {#text} at (0,0) size 101x24
          chunk 1 text run 1 at (4900.00,3220.00) startOffset 0 endOffset 11 width 101.00: "just a text"
      RenderSVGText {text} at (0,3301) size 101x24 contains 1 chunk(s)
        RenderSVGInlineText {#text} at (0,0) size 101x24
          chunk 1 text run 1 at (0.00,3320.00) startOffset 0 endOffset 11 width 101.00: "just a text"
      RenderSVGText {text} at (100,3301) size 101x24 contains 1 chunk(s)
        RenderSVGInlineText {#text} at (0,0) size 101x24
          chunk 1 text run 1 at (100.00,3320.00) startOffset 0 endOffset 11 width 101.00: "just a text"
      RenderSVGText {text} at (200,3301) size 101x24 contains 1 chunk(s)
        RenderSVGInlineText {#text} at (0,0) size 101x24
          chunk 1 text run 1 at (200.00,3320.00) startOffset 0 endOffset 11 width 101.00: "just a text"
      RenderSVGText {text} at (300,3301) size 101x24 contains 1 chunk(s)
        RenderSVGInlineText {#text} at (0,0) size 101x24
          chunk 1 text run 1 at (300.00,3320.00) startOffset 0 endOffset 11 width 101.00: "just a text"
      RenderSVGText {text} at (400,3301) size 101x24 contains 1 chunk(s)
        RenderSVGInlineText {#text} at (0,0) size 101x24
          chunk 1 text run 1 at (400.00,3320.00) startOffset 0 endOffset 11 width 101.00: "just a text"
      RenderSVGText {text} at (500,3301) size 101x24 contains 1 chunk(s)
        RenderSVGInlineText {#text} at (0,0) size 101x24
          chunk 1 text run 1 at (500.00,3320.00) startOffset 0 endOffset 11 width 101.00: "just a text"
      RenderSVGText {text} at (600,3301) size 101x24 contains 1 chunk(s)
        RenderSVGInlineText {#text} at (0,0) size 101x24
          chunk 1 text run 1 at (600.00,3320.00) startOffset 0 endOffset 11 width 101.00: "just a text"
      RenderSVGText {text} at (700,3301) size 101x24 contains 1 chunk(s)
        RenderSVGInlineText {#text} at (0,0) size 101x24
          chunk 1 text run 1 at (700.00,3320.00) startOffset 0 endOffset 11 width 101.00: "just a text"
      RenderSVGText {text} at (800,3301) size 101x24 contains 1 chunk(s)
        RenderSVGInlineText {#text} at (0,0) size 101x24
          chunk 1 text run 1 at (800.00,3320.00) startOffset 0 endOffset 11 width 101.00: "just a text"
      RenderSVGText {text} at (900,3301) size 101x24 contains 1 chunk(s)
        RenderSVGInlineText {#text} at (0,0) size 101x24
          chunk 1 text run 1 at (900.00,3320.00) startOffset 0 endOffset 11 width 101.00: "just a text"
      RenderSVGText {text} at (1000,3301) size 101x24 contains 1 chunk(s)
        RenderSVGInlineText {#text} at (0,0) size 101x24
          chunk 1 text run 1 at (1000.00,3320.00) startOffset 0 endOffset 11 width 101.00: "just a text"
      RenderSVGText {text} at (1100,3301) size 101x24 contains 1 chunk(s)
        RenderSVGInlineText {#text} at (0,0) size 101x24
          chunk 1 text run 1 at (1100.00,3320.00) startOffset 0 endOffset 11 width 101.00: "just a text"
      RenderSVGText {text} at (1200,3301) size 101x24 contains 1 chunk(s)
        RenderSVGInlineText {#text} at (0,0) size 101x24
          chunk 1 text run 1 at (1200.00,3320.00) startOffset 0 endOffset 11 width 101.00: "just a text"
      RenderSVGText {text} at (1300,3301) size 101x24 contains 1 chunk(s)
        RenderSVGInlineText {#text} at (0,0) size 101x24
          chunk 1 text run 1 at (1300.00,3320.00) startOffset 0 endOffset 11 width 101.00: "just a text"
      RenderSVGText {text} at (1400,3301) size 101x24 contains 1 chunk(s)
        RenderSVGInlineText {#text} at (0,0) size 101x24
          chunk 1 text run 1 at (1400.00,3320.00) startOffset 0 endOffset 11 width 101.00: "just a text"
      RenderSVGText {text} at (1500,3301) size 101x24 contains 1 chunk(s)
        RenderSVGInlineText {#text} at (0,0) size 101x24
          chunk 1 text run 1 at (1500.00,3320.00) startOffset 0 endOffset 11 width 101.00: "just a text"
      RenderSVGText {text} at (1600,3301) size 101x24 contains 1 chunk(s)
        RenderSVGInlineText {#text} at (0,0) size 101x24
          chunk 1 text run 1 at (1600.00,3320.00) startOffset 0 endOffset 11 width 101.00: "just a text"
      RenderSVGText {text} at (1700,3301) size 101x24 contains 1 chunk(s)
        RenderSVGInlineText {#text} at (0,0) size 101x24
          chunk 1 text run 1 at (1700.00,3320.00) startOffset 0 endOffset 11 width 101.00: "just a text"
      RenderSVGText {text} at (1800,3301) size 101x24 contains 1 chunk(s)
        RenderSVGInlineText {#text} at (0,0) size 101x24
          chunk 1 text run 1 at (1800.00,3320.00) startOffset 0 endOffset 11 width 101.00: "just a text"
      RenderSVGText {text} at (1900,3301) size 101x24 contains 1 chunk(s)
        RenderSVGInlineText {#text} at (0,0) size 101x24
          chunk 1 text run 1 at (1900.00,3320.00) startOffset 0 endOffset 11 width 101.00: "just a text"
      RenderSVGText {text} at (2000,3301) size 101x24 contains 1 chunk(s)
        RenderSVGInlineText {#text} at (0,0) size 101x24
          chunk 1 text run 1 at (2000.00,3320.00) startOffset 0 endOffset 11 width 101.00: "just a text"
      RenderSVGText {text} at (2100,3301) size 101x24 contains 1 chunk(s)
        RenderSVGInlineText {#text} at (0,0) size 101x24
          chunk 1 text run 1 at (2100.00,3320.00) startOffset 0 endOffset 11 width 101.00: "just a text"
      RenderSVGText {text} at (2200,3301) size 101x24 contains 1 chunk(s)
        RenderSVGInlineText {#text} at (0,0) size 101x24
          chunk 1 text run 1 at (2200.00,3320.00) startOffset 0 endOffset 11 width 101.00: "just a text"
      RenderSVGText {text} at (2300,3301) size 101x24 contains 1 chunk(s)
        RenderSVGInlineText {#text} at (0,0) size 101x24
          chunk 1 text run 1 at (2300.00,3320.00) startOffset 0 endOffset 11 width 101.00: "just a text"
      RenderSVGText {text} at (2400,3301) size 101x24 contains 1 chunk(s)
        RenderSVGInlineText {#text} at (0,0) size 101x24
          chunk 1 text run 1 at (2400.00,3320.00) startOffset 0 endOffset 11 width 101.00: "just a text"
      RenderSVGText {text} at (2500,3301) size 101x24 contains 1 chunk(s)
        RenderSVGInlineText {#text} at (0,0) size 101x24
          chunk 1 text run 1 at (2500.00,3320.00) startOffset 0 endOffset 11 width 101.00: "just a text"
      RenderSVGText {text} at (2600,3301) size 101x24 contains 1 chunk(s)
        RenderSVGInlineText {#text} at (0,0) size 101x24
          chunk 1 text run 1 at (2600.00,3320.00) startOffset 0 endOffset 11 width 101.00: "just a text"
      RenderSVGText {text} at (2700,3301) size 101x24 contains 1 chunk(s)
        RenderSVGInlineText {#text} at (0,0) size 101x24
          chunk 1 text run 1 at (2700.00,3320.00) startOffset 0 endOffset 11 width 101.00: "just a text"
      RenderSVGText {text} at (2800,3301) size 101x24 contains 1 chunk(s)
        RenderSVGInlineText {#text} at (0,0) size 101x24
          chunk 1 text run 1 at (2800.00,3320.00) startOffset 0 endOffset 11 width 101.00: "just a text"
      RenderSVGText {text} at (2900,3301) size 101x24 contains 1 chunk(s)
        RenderSVGInlineText {#text} at (0,0) size 101x24
          chunk 1 text run 1 at (2900.00,3320.00) startOffset 0 endOffset 11 width 101.00: "just a text"
      RenderSVGText {text} at (3000,3301) size 101x24 contains 1 chunk(s)
        RenderSVGInlineText {#text} at (0,0) size 101x24
          chunk 1 text run 1 at (3000.00,3320.00) startOffset 0 endOffset 11 width 101.00: "just a text"
      RenderSVGText {text} at (3100,3301) size 101x24 contains 1 chunk(s)
        RenderSVGInlineText {#text} at (0,0) size 101x24
          chunk 1 text run 1 at (3100.00,3320.00) startOffset 0 endOffset 11 width 101.00: "just a text"
      RenderSVGText {text} at (3200,3301) size 101x24 contains 1 chunk(s)
        RenderSVGInlineText {#text} at (0,0) size 101x24
          chunk 1 text run 1 at (3200.00,3320.00) startOffset 0 endOffset 11 width 101.00: "just a text"
      RenderSVGText {text} at (3300,3301) size 101x24 contains 1 chunk(s)
        RenderSVGInlineText {#text} at (0,0) size 101x24
          chunk 1 text run 1 at (3300.00,3320.00) startOffset 0 endOffset 11 width 101.00: "just a text"
      RenderSVGText {text} at (3400,3301) size 101x24 contains 1 chunk(s)
        RenderSVGInlineText {#text} at (0,0) size 101x24
          chunk 1 text run 1 at (3400.00,3320.00) startOffset 0 endOffset 11 width 101.00: "just a text"
      RenderSVGText {text} at (3500,3301) size 101x24 contains 1 chunk(s)
        RenderSVGInlineText {#text} at (0,0) size 101x24
          chunk 1 text run 1 at (3500.00,3320.00) startOffset 0 endOffset 11 width 101.00: "just a text"
      RenderSVGText {text} at (3600,3301) size 101x24 contains 1 chunk(s)
        RenderSVGInlineText {#text} at (0,0) size 101x24
          chunk 1 text run 1 at (3600.00,3320.00) startOffset 0 endOffset 11 width 101.00: "just a text"
      RenderSVGText {text} at (3700,3301) size 101x24 contains 1 chunk(s)
        RenderSVGInlineText {#text} at (0,0) size 101x24
          chunk 1 text run 1 at (3700.00,3320.00) startOffset 0 endOffset 11 width 101.00: "just a text"
      RenderSVGText {text} at (3800,3301) size 101x24 contains 1 chunk(s)
        RenderSVGInlineText {#text} at (0,0) size 101x24
          chunk 1 text run 1 at (3800.00,3320.00) startOffset 0 endOffset 11 width 101.00: "just a text"
      RenderSVGText {text} at (3900,3301) size 101x24 contains 1 chunk(s)
        RenderSVGInlineText {#text} at (0,0) size 101x24
          chunk 1 text run 1 at (3900.00,3320.00) startOffset 0 endOffset 11 width 101.00: "just a text"
      RenderSVGText {text} at (4000,3301) size 101x24 contains 1 chunk(s)
        RenderSVGInlineText {#text} at (0,0) size 101x24
          chunk 1 text run 1 at (4000.00,3320.00) startOffset 0 endOffset 11 width 101.00: "just a text"
      RenderSVGText {text} at (4100,3301) size 101x24 contains 1 chunk(s)
        RenderSVGInlineText {#text} at (0,0) size 101x24
          chunk 1 text run 1 at (4100.00,3320.00) startOffset 0 endOffset 11 width 101.00: "just a text"
      RenderSVGText {text} at (4200,3301) size 101x24 contains 1 chunk(s)
        RenderSVGInlineText {#text} at (0,0) size 101x24
          chunk 1 text run 1 at (4200.00,3320.00) startOffset 0 endOffset 11 width 101.00: "just a text"
      RenderSVGText {text} at (4300,3301) size 101x24 contains 1 chunk(s)
        RenderSVGInlineText {#text} at (0,0) size 101x24
          chunk 1 text run 1 at (4300.00,3320.00) startOffset 0 endOffset 11 width 101.00: "just a text"
      RenderSVGText {text} at (4400,3301) size 101x24 contains 1 chunk(s)
        RenderSVGInlineText {#text} at (0,0) size 101x24
          chunk 1 text run 1 at (4400.00,3320.00) startOffset 0 endOffset 11 width 101.00: "just a text"
      RenderSVGText {text} at (4500,3301) size 101x24 contains 1 chunk(s)
        RenderSVGInlineText {#text} at (0,0) size 101x24
          chunk 1 text run 1 at (4500.00,3320.00) startOffset 0 endOffset 11 width 101.00: "just a text"
      RenderSVGText {text} at (4600,3301) size 101x24 contains 1 chunk(s)
        RenderSVGInlineText {#text} at (0,0) size 101x24
          chunk 1 text run 1 at (4600.00,3320.00) startOffset 0 endOffset 11 width 101.00: "just a text"
      RenderSVGText {text} at (4700,3301) size 101x24 contains 1 chunk(s)
        RenderSVGInlineText {#text} at (0,0) size 101x24
          chunk 1 text run 1 at (4700.00,3320.00) startOffset 0 endOffset 11 width 101.00: "just a text"
      RenderSVGText {text} at (4800,3301) size 101x24 contains 1 chunk(s)
        RenderSVGInlineText {#text} at (0,0) size 101x24
          chunk 1 text run 1 at (4800.00,3320.00) startOffset 0 endOffset 11 width 101.00: "just a text"
      RenderSVGText {text} at (4900,3301) size 101x24 contains 1 chunk(s)
        RenderSVGInlineText {#text} at (0,0) size 101x24
          chunk 1 text run 1 at (4900.00,3320.00) startOffset 0 endOffset 11 width 101.00: "just a text"
      RenderSVGText {text} at (0,3401) size 101x24 contains 1 chunk(s)
        RenderSVGInlineText {#text} at (0,0) size 101x24
          chunk 1 text run 1 at (0.00,3420.00) startOffset 0 endOffset 11 width 101.00: "just a text"
      RenderSVGText {text} at (100,3401) size 101x24 contains 1 chunk(s)
        RenderSVGInlineText {#text} at (0,0) size 101x24
          chunk 1 text run 1 at (100.00,3420.00) startOffset 0 endOffset 11 width 101.00: "just a text"
      RenderSVGText {text} at (200,3401) size 101x24 contains 1 chunk(s)
        RenderSVGInlineText {#text} at (0,0) size 101x24
          chunk 1 text run 1 at (200.00,3420.00) startOffset 0 endOffset 11 width 101.00: "just a text"
      RenderSVGText {text} at (300,3401) size 101x24 contains 1 chunk(s)
        RenderSVGInlineText {#text} at (0,0) size 101x24
          chunk 1 text run 1 at (300.00,3420.00) startOffset 0 endOffset 11 width 101.00: "just a text"
      RenderSVGText {text} at (400,3401) size 101x24 contains 1 chunk(s)
        RenderSVGInlineText {#text} at (0,0) size 101x24
          chunk 1 text run 1 at (400.00,3420.00) startOffset 0 endOffset 11 width 101.00: "just a text"
      RenderSVGText {text} at (500,3401) size 101x24 contains 1 chunk(s)
        RenderSVGInlineText {#text} at (0,0) size 101x24
          chunk 1 text run 1 at (500.00,3420.00) startOffset 0 endOffset 11 width 101.00: "just a text"
      RenderSVGText {text} at (600,3401) size 101x24 contains 1 chunk(s)
        RenderSVGInlineText {#text} at (0,0) size 101x24
          chunk 1 text run 1 at (600.00,3420.00) startOffset 0 endOffset 11 width 101.00: "just a text"
      RenderSVGText {text} at (700,3401) size 101x24 contains 1 chunk(s)
        RenderSVGInlineText {#text} at (0,0) size 101x24
          chunk 1 text run 1 at (700.00,3420.00) startOffset 0 endOffset 11 width 101.00: "just a text"
      RenderSVGText {text} at (800,3401) size 101x24 contains 1 chunk(s)
        RenderSVGInlineText {#text} at (0,0) size 101x24
          chunk 1 text run 1 at (800.00,3420.00) startOffset 0 endOffset 11 width 101.00: "just a text"
      RenderSVGText {text} at (900,3401) size 101x24 contains 1 chunk(s)
        RenderSVGInlineText {#text} at (0,0) size 101x24
          chunk 1 text run 1 at (900.00,3420.00) startOffset 0 endOffset 11 width 101.00: "just a text"
      RenderSVGText {text} at (1000,3401) size 101x24 contains 1 chunk(s)
        RenderSVGInlineText {#text} at (0,0) size 101x24
          chunk 1 text run 1 at (1000.00,3420.00) startOffset 0 endOffset 11 width 101.00: "just a text"
      RenderSVGText {text} at (1100,3401) size 101x24 contains 1 chunk(s)
        RenderSVGInlineText {#text} at (0,0) size 101x24
          chunk 1 text run 1 at (1100.00,3420.00) startOffset 0 endOffset 11 width 101.00: "just a text"
      RenderSVGText {text} at (1200,3401) size 101x24 contains 1 chunk(s)
        RenderSVGInlineText {#text} at (0,0) size 101x24
          chunk 1 text run 1 at (1200.00,3420.00) startOffset 0 endOffset 11 width 101.00: "just a text"
      RenderSVGText {text} at (1300,3401) size 101x24 contains 1 chunk(s)
        RenderSVGInlineText {#text} at (0,0) size 101x24
          chunk 1 text run 1 at (1300.00,3420.00) startOffset 0 endOffset 11 width 101.00: "just a text"
      RenderSVGText {text} at (1400,3401) size 101x24 contains 1 chunk(s)
        RenderSVGInlineText {#text} at (0,0) size 101x24
          chunk 1 text run 1 at (1400.00,3420.00) startOffset 0 endOffset 11 width 101.00: "just a text"
      RenderSVGText {text} at (1500,3401) size 101x24 contains 1 chunk(s)
        RenderSVGInlineText {#text} at (0,0) size 101x24
          chunk 1 text run 1 at (1500.00,3420.00) startOffset 0 endOffset 11 width 101.00: "just a text"
      RenderSVGText {text} at (1600,3401) size 101x24 contains 1 chunk(s)
        RenderSVGInlineText {#text} at (0,0) size 101x24
          chunk 1 text run 1 at (1600.00,3420.00) startOffset 0 endOffset 11 width 101.00: "just a text"
      RenderSVGText {text} at (1700,3401) size 101x24 contains 1 chunk(s)
        RenderSVGInlineText {#text} at (0,0) size 101x24
          chunk 1 text run 1 at (1700.00,3420.00) startOffset 0 endOffset 11 width 101.00: "just a text"
      RenderSVGText {text} at (1800,3401) size 101x24 contains 1 chunk(s)
        RenderSVGInlineText {#text} at (0,0) size 101x24
          chunk 1 text run 1 at (1800.00,3420.00) startOffset 0 endOffset 11 width 101.00: "just a text"
      RenderSVGText {text} at (1900,3401) size 101x24 contains 1 chunk(s)
        RenderSVGInlineText {#text} at (0,0) size 101x24
          chunk 1 text run 1 at (1900.00,3420.00) startOffset 0 endOffset 11 width 101.00: "just a text"
      RenderSVGText {text} at (2000,3401) size 101x24 contains 1 chunk(s)
        RenderSVGInlineText {#text} at (0,0) size 101x24
          chunk 1 text run 1 at (2000.00,3420.00) startOffset 0 endOffset 11 width 101.00: "just a text"
      RenderSVGText {text} at (2100,3401) size 101x24 contains 1 chunk(s)
        RenderSVGInlineText {#text} at (0,0) size 101x24
          chunk 1 text run 1 at (2100.00,3420.00) startOffset 0 endOffset 11 width 101.00: "just a text"
      RenderSVGText {text} at (2200,3401) size 101x24 contains 1 chunk(s)
        RenderSVGInlineText {#text} at (0,0) size 101x24
          chunk 1 text run 1 at (2200.00,3420.00) startOffset 0 endOffset 11 width 101.00: "just a text"
      RenderSVGText {text} at (2300,3401) size 101x24 contains 1 chunk(s)
        RenderSVGInlineText {#text} at (0,0) size 101x24
          chunk 1 text run 1 at (2300.00,3420.00) startOffset 0 endOffset 11 width 101.00: "just a text"
      RenderSVGText {text} at (2400,3401) size 101x24 contains 1 chunk(s)
        RenderSVGInlineText {#text} at (0,0) size 101x24
          chunk 1 text run 1 at (2400.00,3420.00) startOffset 0 endOffset 11 width 101.00: "just a text"
      RenderSVGText {text} at (2500,3401) size 101x24 contains 1 chunk(s)
        RenderSVGInlineText {#text} at (0,0) size 101x24
          chunk 1 text run 1 at (2500.00,3420.00) startOffset 0 endOffset 11 width 101.00: "just a text"
      RenderSVGText {text} at (2600,3401) size 101x24 contains 1 chunk(s)
        RenderSVGInlineText {#text} at (0,0) size 101x24
          chunk 1 text run 1 at (2600.00,3420.00) startOffset 0 endOffset 11 width 101.00: "just a text"
      RenderSVGText {text} at (2700,3401) size 101x24 contains 1 chunk(s)
        RenderSVGInlineText {#text} at (0,0) size 101x24
          chunk 1 text run 1 at (2700.00,3420.00) startOffset 0 endOffset 11 width 101.00: "just a text"
      RenderSVGText {text} at (2800,3401) size 101x24 contains 1 chunk(s)
        RenderSVGInlineText {#text} at (0,0) size 101x24
          chunk 1 text run 1 at (2800.00,3420.00) startOffset 0 endOffset 11 width 101.00: "just a text"
      RenderSVGText {text} at (2900,3401) size 101x24 contains 1 chunk(s)
        RenderSVGInlineText {#text} at (0,0) size 101x24
          chunk 1 text run 1 at (2900.00,3420.00) startOffset 0 endOffset 11 width 101.00: "just a text"
      RenderSVGText {text} at (3000,3401) size 101x24 contains 1 chunk(s)
        RenderSVGInlineText {#text} at (0,0) size 101x24
          chunk 1 text run 1 at (3000.00,3420.00) startOffset 0 endOffset 11 width 101.00: "just a text"
      RenderSVGText {text} at (3100,3401) size 101x24 contains 1 chunk(s)
        RenderSVGInlineText {#text} at (0,0) size 101x24
          chunk 1 text run 1 at (3100.00,3420.00) startOffset 0 endOffset 11 width 101.00: "just a text"
      RenderSVGText {text} at (3200,3401) size 101x24 contains 1 chunk(s)
        RenderSVGInlineText {#text} at (0,0) size 101x24
          chunk 1 text run 1 at (3200.00,3420.00) startOffset 0 endOffset 11 width 101.00: "just a text"
      RenderSVGText {text} at (3300,3401) size 101x24 contains 1 chunk(s)
        RenderSVGInlineText {#text} at (0,0) size 101x24
          chunk 1 text run 1 at (3300.00,3420.00) startOffset 0 endOffset 11 width 101.00: "just a text"
      RenderSVGText {text} at (3400,3401) size 101x24 contains 1 chunk(s)
        RenderSVGInlineText {#text} at (0,0) size 101x24
          chunk 1 text run 1 at (3400.00,3420.00) startOffset 0 endOffset 11 width 101.00: "just a text"
      RenderSVGText {text} at (3500,3401) size 101x24 contains 1 chunk(s)
        RenderSVGInlineText {#text} at (0,0) size 101x24
          chunk 1 text run 1 at (3500.00,3420.00) startOffset 0 endOffset 11 width 101.00: "just a text"
      RenderSVGText {text} at (3600,3401) size 101x24 contains 1 chunk(s)
        RenderSVGInlineText {#text} at (0,0) size 101x24
          chunk 1 text run 1 at (3600.00,3420.00) startOffset 0 endOffset 11 width 101.00: "just a text"
      RenderSVGText {text} at (3700,3401) size 101x24 contains 1 chunk(s)
        RenderSVGInlineText {#text} at (0,0) size 101x24
          chunk 1 text run 1 at (3700.00,3420.00) startOffset 0 endOffset 11 width 101.00: "just a text"
      RenderSVGText {text} at (3800,3401) size 101x24 contains 1 chunk(s)
        RenderSVGInlineText {#text} at (0,0) size 101x24
          chunk 1 text run 1 at (3800.00,3420.00) startOffset 0 endOffset 11 width 101.00: "just a text"
      RenderSVGText {text} at (3900,3401) size 101x24 contains 1 chunk(s)
        RenderSVGInlineText {#text} at (0,0) size 101x24
          chunk 1 text run 1 at (3900.00,3420.00) startOffset 0 endOffset 11 width 101.00: "just a text"
      RenderSVGText {text} at (4000,3401) size 101x24 contains 1 chunk(s)
        RenderSVGInlineText {#text} at (0,0) size 101x24
          chunk 1 text run 1 at (4000.00,3420.00) startOffset 0 endOffset 11 width 101.00: "just a text"
      RenderSVGText {text} at (4100,3401) size 101x24 contains 1 chunk(s)
        RenderSVGInlineText {#text} at (0,0) size 101x24
          chunk 1 text run 1 at (4100.00,3420.00) startOffset 0 endOffset 11 width 101.00: "just a text"
      RenderSVGText {text} at (4200,3401) size 101x24 contains 1 chunk(s)
        RenderSVGInlineText {#text} at (0,0) size 101x24
          chunk 1 text run 1 at (4200.00,3420.00) startOffset 0 endOffset 11 width 101.00: "just a text"
      RenderSVGText {text} at (4300,3401) size 101x24 contains 1 chunk(s)
        RenderSVGInlineText {#text} at (0,0) size 101x24
          chunk 1 text run 1 at (4300.00,3420.00) startOffset 0 endOffset 11 width 101.00: "just a text"
      RenderSVGText {text} at (4400,3401) size 101x24 contains 1 chunk(s)
        RenderSVGInlineText {#text} at (0,0) size 101x24
          chunk 1 text run 1 at (4400.00,3420.00) startOffset 0 endOffset 11 width 101.00: "just a text"
      RenderSVGText {text} at (4500,3401) size 101x24 contains 1 chunk(s)
        RenderSVGInlineText {#text} at (0,0) size 101x24
          chunk 1 text run 1 at (4500.00,3420.00) startOffset 0 endOffset 11 width 101.00: "just a text"
      RenderSVGText {text} at (4600,3401) size 101x24 contains 1 chunk(s)
        RenderSVGInlineText {#text} at (0,0) size 101x24
          chunk 1 text run 1 at (4600.00,3420.00) startOffset 0 endOffset 11 width 101.00: "just a text"
      RenderSVGText {text} at (4700,3401) size 101x24 contains 1 chunk(s)
        RenderSVGInlineText {#text} at (0,0) size 101x24
          chunk 1 text run 1 at (4700.00,3420.00) startOffset 0 endOffset 11 width 101.00: "just a text"
      RenderSVGText {text} at (4800,3401) size 101x24 contains 1 chunk(s)
        RenderSVGInlineText {#text} at (0,0) size 101x24
          chunk 1 text run 1 at (4800.00,3420.00) startOffset 0 endOffset 11 width 101.00: "just a text"
      RenderSVGText {text} at (4900,3401) size 101x24 contains 1 chunk(s)
        RenderSVGInlineText {#text} at (0,0) size 101x24
          chunk 1 text run 1 at (4900.00,3420.00) startOffset 0 endOffset 11 width 101.00: "just a text"
      RenderSVGText {text} at (0,3501) size 101x24 contains 1 chunk(s)
        RenderSVGInlineText {#text} at (0,0) size 101x24
          chunk 1 text run 1 at (0.00,3520.00) startOffset 0 endOffset 11 width 101.00: "just a text"
      RenderSVGText {text} at (100,3501) size 101x24 contains 1 chunk(s)
        RenderSVGInlineText {#text} at (0,0) size 101x24
          chunk 1 text run 1 at (100.00,3520.00) startOffset 0 endOffset 11 width 101.00: "just a text"
      RenderSVGText {text} at (200,3501) size 101x24 contains 1 chunk(s)
        RenderSVGInlineText {#text} at (0,0) size 101x24
          chunk 1 text run 1 at (200.00,3520.00) startOffset 0 endOffset 11 width 101.00: "just a text"
      RenderSVGText {text} at (300,3501) size 101x24 contains 1 chunk(s)
        RenderSVGInlineText {#text} at (0,0) size 101x24
          chunk 1 text run 1 at (300.00,3520.00) startOffset 0 endOffset 11 width 101.00: "just a text"
      RenderSVGText {text} at (400,3501) size 101x24 contains 1 chunk(s)
        RenderSVGInlineText {#text} at (0,0) size 101x24
          chunk 1 text run 1 at (400.00,3520.00) startOffset 0 endOffset 11 width 101.00: "just a text"
      RenderSVGText {text} at (500,3501) size 101x24 contains 1 chunk(s)
        RenderSVGInlineText {#text} at (0,0) size 101x24
          chunk 1 text run 1 at (500.00,3520.00) startOffset 0 endOffset 11 width 101.00: "just a text"
      RenderSVGText {text} at (600,3501) size 101x24 contains 1 chunk(s)
        RenderSVGInlineText {#text} at (0,0) size 101x24
          chunk 1 text run 1 at (600.00,3520.00) startOffset 0 endOffset 11 width 101.00: "just a text"
      RenderSVGText {text} at (700,3501) size 101x24 contains 1 chunk(s)
        RenderSVGInlineText {#text} at (0,0) size 101x24
          chunk 1 text run 1 at (700.00,3520.00) startOffset 0 endOffset 11 width 101.00: "just a text"
      RenderSVGText {text} at (800,3501) size 101x24 contains 1 chunk(s)
        RenderSVGInlineText {#text} at (0,0) size 101x24
          chunk 1 text run 1 at (800.00,3520.00) startOffset 0 endOffset 11 width 101.00: "just a text"
      RenderSVGText {text} at (900,3501) size 101x24 contains 1 chunk(s)
        RenderSVGInlineText {#text} at (0,0) size 101x24
          chunk 1 text run 1 at (900.00,3520.00) startOffset 0 endOffset 11 width 101.00: "just a text"
      RenderSVGText {text} at (1000,3501) size 101x24 contains 1 chunk(s)
        RenderSVGInlineText {#text} at (0,0) size 101x24
          chunk 1 text run 1 at (1000.00,3520.00) startOffset 0 endOffset 11 width 101.00: "just a text"
      RenderSVGText {text} at (1100,3501) size 101x24 contains 1 chunk(s)
        RenderSVGInlineText {#text} at (0,0) size 101x24
          chunk 1 text run 1 at (1100.00,3520.00) startOffset 0 endOffset 11 width 101.00: "just a text"
      RenderSVGText {text} at (1200,3501) size 101x24 contains 1 chunk(s)
        RenderSVGInlineText {#text} at (0,0) size 101x24
          chunk 1 text run 1 at (1200.00,3520.00) startOffset 0 endOffset 11 width 101.00: "just a text"
      RenderSVGText {text} at (1300,3501) size 101x24 contains 1 chunk(s)
        RenderSVGInlineText {#text} at (0,0) size 101x24
          chunk 1 text run 1 at (1300.00,3520.00) startOffset 0 endOffset 11 width 101.00: "just a text"
      RenderSVGText {text} at (1400,3501) size 101x24 contains 1 chunk(s)
        RenderSVGInlineText {#text} at (0,0) size 101x24
          chunk 1 text run 1 at (1400.00,3520.00) startOffset 0 endOffset 11 width 101.00: "just a text"
      RenderSVGText {text} at (1500,3501) size 101x24 contains 1 chunk(s)
        RenderSVGInlineText {#text} at (0,0) size 101x24
          chunk 1 text run 1 at (1500.00,3520.00) startOffset 0 endOffset 11 width 101.00: "just a text"
      RenderSVGText {text} at (1600,3501) size 101x24 contains 1 chunk(s)
        RenderSVGInlineText {#text} at (0,0) size 101x24
          chunk 1 text run 1 at (1600.00,3520.00) startOffset 0 endOffset 11 width 101.00: "just a text"
      RenderSVGText {text} at (1700,3501) size 101x24 contains 1 chunk(s)
        RenderSVGInlineText {#text} at (0,0) size 101x24
          chunk 1 text run 1 at (1700.00,3520.00) startOffset 0 endOffset 11 width 101.00: "just a text"
      RenderSVGText {text} at (1800,3501) size 101x24 contains 1 chunk(s)
        RenderSVGInlineText {#text} at (0,0) size 101x24
          chunk 1 text run 1 at (1800.00,3520.00) startOffset 0 endOffset 11 width 101.00: "just a text"
      RenderSVGText {text} at (1900,3501) size 101x24 contains 1 chunk(s)
        RenderSVGInlineText {#text} at (0,0) size 101x24
          chunk 1 text run 1 at (1900.00,3520.00) startOffset 0 endOffset 11 width 101.00: "just a text"
      RenderSVGText {text} at (2000,3501) size 101x24 contains 1 chunk(s)
        RenderSVGInlineText {#text} at (0,0) size 101x24
          chunk 1 text run 1 at (2000.00,3520.00) startOffset 0 endOffset 11 width 101.00: "just a text"
      RenderSVGText {text} at (2100,3501) size 101x24 contains 1 chunk(s)
        RenderSVGInlineText {#text} at (0,0) size 101x24
          chunk 1 text run 1 at (2100.00,3520.00) startOffset 0 endOffset 11 width 101.00: "just a text"
      RenderSVGText {text} at (2200,3501) size 101x24 contains 1 chunk(s)
        RenderSVGInlineText {#text} at (0,0) size 101x24
          chunk 1 text run 1 at (2200.00,3520.00) startOffset 0 endOffset 11 width 101.00: "just a text"
      RenderSVGText {text} at (2300,3501) size 101x24 contains 1 chunk(s)
        RenderSVGInlineText {#text} at (0,0) size 101x24
          chunk 1 text run 1 at (2300.00,3520.00) startOffset 0 endOffset 11 width 101.00: "just a text"
      RenderSVGText {text} at (2400,3501) size 101x24 contains 1 chunk(s)
        RenderSVGInlineText {#text} at (0,0) size 101x24
          chunk 1 text run 1 at (2400.00,3520.00) startOffset 0 endOffset 11 width 101.00: "just a text"
      RenderSVGText {text} at (2500,3501) size 101x24 contains 1 chunk(s)
        RenderSVGInlineText {#text} at (0,0) size 101x24
          chunk 1 text run 1 at (2500.00,3520.00) startOffset 0 endOffset 11 width 101.00: "just a text"
      RenderSVGText {text} at (2600,3501) size 101x24 contains 1 chunk(s)
        RenderSVGInlineText {#text} at (0,0) size 101x24
          chunk 1 text run 1 at (2600.00,3520.00) startOffset 0 endOffset 11 width 101.00: "just a text"
      RenderSVGText {text} at (2700,3501) size 101x24 contains 1 chunk(s)
        RenderSVGInlineText {#text} at (0,0) size 101x24
          chunk 1 text run 1 at (2700.00,3520.00) startOffset 0 endOffset 11 width 101.00: "just a text"
      RenderSVGText {text} at (2800,3501) size 101x24 contains 1 chunk(s)
        RenderSVGInlineText {#text} at (0,0) size 101x24
          chunk 1 text run 1 at (2800.00,3520.00) startOffset 0 endOffset 11 width 101.00: "just a text"
      RenderSVGText {text} at (2900,3501) size 101x24 contains 1 chunk(s)
        RenderSVGInlineText {#text} at (0,0) size 101x24
          chunk 1 text run 1 at (2900.00,3520.00) startOffset 0 endOffset 11 width 101.00: "just a text"
      RenderSVGText {text} at (3000,3501) size 101x24 contains 1 chunk(s)
        RenderSVGInlineText {#text} at (0,0) size 101x24
          chunk 1 text run 1 at (3000.00,3520.00) startOffset 0 endOffset 11 width 101.00: "just a text"
      RenderSVGText {text} at (3100,3501) size 101x24 contains 1 chunk(s)
        RenderSVGInlineText {#text} at (0,0) size 101x24
          chunk 1 text run 1 at (3100.00,3520.00) startOffset 0 endOffset 11 width 101.00: "just a text"
      RenderSVGText {text} at (3200,3501) size 101x24 contains 1 chunk(s)
        RenderSVGInlineText {#text} at (0,0) size 101x24
          chunk 1 text run 1 at (3200.00,3520.00) startOffset 0 endOffset 11 width 101.00: "just a text"
      RenderSVGText {text} at (3300,3501) size 101x24 contains 1 chunk(s)
        RenderSVGInlineText {#text} at (0,0) size 101x24
          chunk 1 text run 1 at (3300.00,3520.00) startOffset 0 endOffset 11 width 101.00: "just a text"
      RenderSVGText {text} at (3400,3501) size 101x24 contains 1 chunk(s)
        RenderSVGInlineText {#text} at (0,0) size 101x24
          chunk 1 text run 1 at (3400.00,3520.00) startOffset 0 endOffset 11 width 101.00: "just a text"
      RenderSVGText {text} at (3500,3501) size 101x24 contains 1 chunk(s)
        RenderSVGInlineText {#text} at (0,0) size 101x24
          chunk 1 text run 1 at (3500.00,3520.00) startOffset 0 endOffset 11 width 101.00: "just a text"
      RenderSVGText {text} at (3600,3501) size 101x24 contains 1 chunk(s)
        RenderSVGInlineText {#text} at (0,0) size 101x24
          chunk 1 text run 1 at (3600.00,3520.00) startOffset 0 endOffset 11 width 101.00: "just a text"
      RenderSVGText {text} at (3700,3501) size 101x24 contains 1 chunk(s)
        RenderSVGInlineText {#text} at (0,0) size 101x24
          chunk 1 text run 1 at (3700.00,3520.00) startOffset 0 endOffset 11 width 101.00: "just a text"
      RenderSVGText {text} at (3800,3501) size 101x24 contains 1 chunk(s)
        RenderSVGInlineText {#text} at (0,0) size 101x24
          chunk 1 text run 1 at (3800.00,3520.00) startOffset 0 endOffset 11 width 101.00: "just a text"
      RenderSVGText {text} at (3900,3501) size 101x24 contains 1 chunk(s)
        RenderSVGInlineText {#text} at (0,0) size 101x24
          chunk 1 text run 1 at (3900.00,3520.00) startOffset 0 endOffset 11 width 101.00: "just a text"
      RenderSVGText {text} at (4000,3501) size 101x24 contains 1 chunk(s)
        RenderSVGInlineText {#text} at (0,0) size 101x24
          chunk 1 text run 1 at (4000.00,3520.00) startOffset 0 endOffset 11 width 101.00: "just a text"
      RenderSVGText {text} at (4100,3501) size 101x24 contains 1 chunk(s)
        RenderSVGInlineText {#text} at (0,0) size 101x24
          chunk 1 text run 1 at (4100.00,3520.00) startOffset 0 endOffset 11 width 101.00: "just a text"
      RenderSVGText {text} at (4200,3501) size 101x24 contains 1 chunk(s)
        RenderSVGInlineText {#text} at (0,0) size 101x24
          chunk 1 text run 1 at (4200.00,3520.00) startOffset 0 endOffset 11 width 101.00: "just a text"
      RenderSVGText {text} at (4300,3501) size 101x24 contains 1 chunk(s)
        RenderSVGInlineText {#text} at (0,0) size 101x24
          chunk 1 text run 1 at (4300.00,3520.00) startOffset 0 endOffset 11 width 101.00: "just a text"
      RenderSVGText {text} at (4400,3501) size 101x24 contains 1 chunk(s)
        RenderSVGInlineText {#text} at (0,0) size 101x24
          chunk 1 text run 1 at (4400.00,3520.00) startOffset 0 endOffset 11 width 101.00: "just a text"
      RenderSVGText {text} at (4500,3501) size 101x24 contains 1 chunk(s)
        RenderSVGInlineText {#text} at (0,0) size 101x24
          chunk 1 text run 1 at (4500.00,3520.00) startOffset 0 endOffset 11 width 101.00: "just a text"
      RenderSVGText {text} at (4600,3501) size 101x24 contains 1 chunk(s)
        RenderSVGInlineText {#text} at (0,0) size 101x24
          chunk 1 text run 1 at (4600.00,3520.00) startOffset 0 endOffset 11 width 101.00: "just a text"
      RenderSVGText {text} at (4700,3501) size 101x24 contains 1 chunk(s)
        RenderSVGInlineText {#text} at (0,0) size 101x24
          chunk 1 text run 1 at (4700.00,3520.00) startOffset 0 endOffset 11 width 101.00: "just a text"
      RenderSVGText {text} at (4800,3501) size 101x24 contains 1 chunk(s)
        RenderSVGInlineText {#text} at (0,0) size 101x24
          chunk 1 text run 1 at (4800.00,3520.00) startOffset 0 endOffset 11 width 101.00: "just a text"
      RenderSVGText {text} at (4900,3501) size 101x24 contains 1 chunk(s)
        RenderSVGInlineText {#text} at (0,0) size 101x24
          chunk 1 text run 1 at (4900.00,3520.00) startOffset 0 endOffset 11 width 101.00: "just a text"
      RenderSVGText {text} at (0,3601) size 101x24 contains 1 chunk(s)
        RenderSVGInlineText {#text} at (0,0) size 101x24
          chunk 1 text run 1 at (0.00,3620.00) startOffset 0 endOffset 11 width 101.00: "just a text"
      RenderSVGText {text} at (100,3601) size 101x24 contains 1 chunk(s)
        RenderSVGInlineText {#text} at (0,0) size 101x24
          chunk 1 text run 1 at (100.00,3620.00) startOffset 0 endOffset 11 width 101.00: "just a text"
      RenderSVGText {text} at (200,3601) size 101x24 contains 1 chunk(s)
        RenderSVGInlineText {#text} at (0,0) size 101x24
          chunk 1 text run 1 at (200.00,3620.00) startOffset 0 endOffset 11 width 101.00: "just a text"
      RenderSVGText {text} at (300,3601) size 101x24 contains 1 chunk(s)
        RenderSVGInlineText {#text} at (0,0) size 101x24
          chunk 1 text run 1 at (300.00,3620.00) startOffset 0 endOffset 11 width 101.00: "just a text"
      RenderSVGText {text} at (400,3601) size 101x24 contains 1 chunk(s)
        RenderSVGInlineText {#text} at (0,0) size 101x24
          chunk 1 text run 1 at (400.00,3620.00) startOffset 0 endOffset 11 width 101.00: "just a text"
      RenderSVGText {text} at (500,3601) size 101x24 contains 1 chunk(s)
        RenderSVGInlineText {#text} at (0,0) size 101x24
          chunk 1 text run 1 at (500.00,3620.00) startOffset 0 endOffset 11 width 101.00: "just a text"
      RenderSVGText {text} at (600,3601) size 101x24 contains 1 chunk(s)
        RenderSVGInlineText {#text} at (0,0) size 101x24
          chunk 1 text run 1 at (600.00,3620.00) startOffset 0 endOffset 11 width 101.00: "just a text"
      RenderSVGText {text} at (700,3601) size 101x24 contains 1 chunk(s)
        RenderSVGInlineText {#text} at (0,0) size 101x24
          chunk 1 text run 1 at (700.00,3620.00) startOffset 0 endOffset 11 width 101.00: "just a text"
      RenderSVGText {text} at (800,3601) size 101x24 contains 1 chunk(s)
        RenderSVGInlineText {#text} at (0,0) size 101x24
          chunk 1 text run 1 at (800.00,3620.00) startOffset 0 endOffset 11 width 101.00: "just a text"
      RenderSVGText {text} at (900,3601) size 101x24 contains 1 chunk(s)
        RenderSVGInlineText {#text} at (0,0) size 101x24
          chunk 1 text run 1 at (900.00,3620.00) startOffset 0 endOffset 11 width 101.00: "just a text"
      RenderSVGText {text} at (1000,3601) size 101x24 contains 1 chunk(s)
        RenderSVGInlineText {#text} at (0,0) size 101x24
          chunk 1 text run 1 at (1000.00,3620.00) startOffset 0 endOffset 11 width 101.00: "just a text"
      RenderSVGText {text} at (1100,3601) size 101x24 contains 1 chunk(s)
        RenderSVGInlineText {#text} at (0,0) size 101x24
          chunk 1 text run 1 at (1100.00,3620.00) startOffset 0 endOffset 11 width 101.00: "just a text"
      RenderSVGText {text} at (1200,3601) size 101x24 contains 1 chunk(s)
        RenderSVGInlineText {#text} at (0,0) size 101x24
          chunk 1 text run 1 at (1200.00,3620.00) startOffset 0 endOffset 11 width 101.00: "just a text"
      RenderSVGText {text} at (1300,3601) size 101x24 contains 1 chunk(s)
        RenderSVGInlineText {#text} at (0,0) size 101x24
          chunk 1 text run 1 at (1300.00,3620.00) startOffset 0 endOffset 11 width 101.00: "just a text"
      RenderSVGText {text} at (1400,3601) size 101x24 contains 1 chunk(s)
        RenderSVGInlineText {#text} at (0,0) size 101x24
          chunk 1 text run 1 at (1400.00,3620.00) startOffset 0 endOffset 11 width 101.00: "just a text"
      RenderSVGText {text} at (1500,3601) size 101x24 contains 1 chunk(s)
        RenderSVGInlineText {#text} at (0,0) size 101x24
          chunk 1 text run 1 at (1500.00,3620.00) startOffset 0 endOffset 11 width 101.00: "just a text"
      RenderSVGText {text} at (1600,3601) size 101x24 contains 1 chunk(s)
        RenderSVGInlineText {#text} at (0,0) size 101x24
          chunk 1 text run 1 at (1600.00,3620.00) startOffset 0 endOffset 11 width 101.00: "just a text"
      RenderSVGText {text} at (1700,3601) size 101x24 contains 1 chunk(s)
        RenderSVGInlineText {#text} at (0,0) size 101x24
          chunk 1 text run 1 at (1700.00,3620.00) startOffset 0 endOffset 11 width 101.00: "just a text"
      RenderSVGText {text} at (1800,3601) size 101x24 contains 1 chunk(s)
        RenderSVGInlineText {#text} at (0,0) size 101x24
          chunk 1 text run 1 at (1800.00,3620.00) startOffset 0 endOffset 11 width 101.00: "just a text"
      RenderSVGText {text} at (1900,3601) size 101x24 contains 1 chunk(s)
        RenderSVGInlineText {#text} at (0,0) size 101x24
          chunk 1 text run 1 at (1900.00,3620.00) startOffset 0 endOffset 11 width 101.00: "just a text"
      RenderSVGText {text} at (2000,3601) size 101x24 contains 1 chunk(s)
        RenderSVGInlineText {#text} at (0,0) size 101x24
          chunk 1 text run 1 at (2000.00,3620.00) startOffset 0 endOffset 11 width 101.00: "just a text"
      RenderSVGText {text} at (2100,3601) size 101x24 contains 1 chunk(s)
        RenderSVGInlineText {#text} at (0,0) size 101x24
          chunk 1 text run 1 at (2100.00,3620.00) startOffset 0 endOffset 11 width 101.00: "just a text"
      RenderSVGText {text} at (2200,3601) size 101x24 contains 1 chunk(s)
        RenderSVGInlineText {#text} at (0,0) size 101x24
          chunk 1 text run 1 at (2200.00,3620.00) startOffset 0 endOffset 11 width 101.00: "just a text"
      RenderSVGText {text} at (2300,3601) size 101x24 contains 1 chunk(s)
        RenderSVGInlineText {#text} at (0,0) size 101x24
          chunk 1 text run 1 at (2300.00,3620.00) startOffset 0 endOffset 11 width 101.00: "just a text"
      RenderSVGText {text} at (2400,3601) size 101x24 contains 1 chunk(s)
        RenderSVGInlineText {#text} at (0,0) size 101x24
          chunk 1 text run 1 at (2400.00,3620.00) startOffset 0 endOffset 11 width 101.00: "just a text"
      RenderSVGText {text} at (2500,3601) size 101x24 contains 1 chunk(s)
        RenderSVGInlineText {#text} at (0,0) size 101x24
          chunk 1 text run 1 at (2500.00,3620.00) startOffset 0 endOffset 11 width 101.00: "just a text"
      RenderSVGText {text} at (2600,3601) size 101x24 contains 1 chunk(s)
        RenderSVGInlineText {#text} at (0,0) size 101x24
          chunk 1 text run 1 at (2600.00,3620.00) startOffset 0 endOffset 11 width 101.00: "just a text"
      RenderSVGText {text} at (2700,3601) size 101x24 contains 1 chunk(s)
        RenderSVGInlineText {#text} at (0,0) size 101x24
          chunk 1 text run 1 at (2700.00,3620.00) startOffset 0 endOffset 11 width 101.00: "just a text"
      RenderSVGText {text} at (2800,3601) size 101x24 contains 1 chunk(s)
        RenderSVGInlineText {#text} at (0,0) size 101x24
          chunk 1 text run 1 at (2800.00,3620.00) startOffset 0 endOffset 11 width 101.00: "just a text"
      RenderSVGText {text} at (2900,3601) size 101x24 contains 1 chunk(s)
        RenderSVGInlineText {#text} at (0,0) size 101x24
          chunk 1 text run 1 at (2900.00,3620.00) startOffset 0 endOffset 11 width 101.00: "just a text"
      RenderSVGText {text} at (3000,3601) size 101x24 contains 1 chunk(s)
        RenderSVGInlineText {#text} at (0,0) size 101x24
          chunk 1 text run 1 at (3000.00,3620.00) startOffset 0 endOffset 11 width 101.00: "just a text"
      RenderSVGText {text} at (3100,3601) size 101x24 contains 1 chunk(s)
        RenderSVGInlineText {#text} at (0,0) size 101x24
          chunk 1 text run 1 at (3100.00,3620.00) startOffset 0 endOffset 11 width 101.00: "just a text"
      RenderSVGText {text} at (3200,3601) size 101x24 contains 1 chunk(s)
        RenderSVGInlineText {#text} at (0,0) size 101x24
          chunk 1 text run 1 at (3200.00,3620.00) startOffset 0 endOffset 11 width 101.00: "just a text"
      RenderSVGText {text} at (3300,3601) size 101x24 contains 1 chunk(s)
        RenderSVGInlineText {#text} at (0,0) size 101x24
          chunk 1 text run 1 at (3300.00,3620.00) startOffset 0 endOffset 11 width 101.00: "just a text"
      RenderSVGText {text} at (3400,3601) size 101x24 contains 1 chunk(s)
        RenderSVGInlineText {#text} at (0,0) size 101x24
          chunk 1 text run 1 at (3400.00,3620.00) startOffset 0 endOffset 11 width 101.00: "just a text"
      RenderSVGText {text} at (3500,3601) size 101x24 contains 1 chunk(s)
        RenderSVGInlineText {#text} at (0,0) size 101x24
          chunk 1 text run 1 at (3500.00,3620.00) startOffset 0 endOffset 11 width 101.00: "just a text"
      RenderSVGText {text} at (3600,3601) size 101x24 contains 1 chunk(s)
        RenderSVGInlineText {#text} at (0,0) size 101x24
          chunk 1 text run 1 at (3600.00,3620.00) startOffset 0 endOffset 11 width 101.00: "just a text"
      RenderSVGText {text} at (3700,3601) size 101x24 contains 1 chunk(s)
        RenderSVGInlineText {#text} at (0,0) size 101x24
          chunk 1 text run 1 at (3700.00,3620.00) startOffset 0 endOffset 11 width 101.00: "just a text"
      RenderSVGText {text} at (3800,3601) size 101x24 contains 1 chunk(s)
        RenderSVGInlineText {#text} at (0,0) size 101x24
          chunk 1 text run 1 at (3800.00,3620.00) startOffset 0 endOffset 11 width 101.00: "just a text"
      RenderSVGText {text} at (3900,3601) size 101x24 contains 1 chunk(s)
        RenderSVGInlineText {#text} at (0,0) size 101x24
          chunk 1 text run 1 at (3900.00,3620.00) startOffset 0 endOffset 11 width 101.00: "just a text"
      RenderSVGText {text} at (4000,3601) size 101x24 contains 1 chunk(s)
        RenderSVGInlineText {#text} at (0,0) size 101x24
          chunk 1 text run 1 at (4000.00,3620.00) startOffset 0 endOffset 11 width 101.00: "just a text"
      RenderSVGText {text} at (4100,3601) size 101x24 contains 1 chunk(s)
        RenderSVGInlineText {#text} at (0,0) size 101x24
          chunk 1 text run 1 at (4100.00,3620.00) startOffset 0 endOffset 11 width 101.00: "just a text"
      RenderSVGText {text} at (4200,3601) size 101x24 contains 1 chunk(s)
        RenderSVGInlineText {#text} at (0,0) size 101x24
          chunk 1 text run 1 at (4200.00,3620.00) startOffset 0 endOffset 11 width 101.00: "just a text"
      RenderSVGText {text} at (4300,3601) size 101x24 contains 1 chunk(s)
        RenderSVGInlineText {#text} at (0,0) size 101x24
          chunk 1 text run 1 at (4300.00,3620.00) startOffset 0 endOffset 11 width 101.00: "just a text"
      RenderSVGText {text} at (4400,3601) size 101x24 contains 1 chunk(s)
        RenderSVGInlineText {#text} at (0,0) size 101x24
          chunk 1 text run 1 at (4400.00,3620.00) startOffset 0 endOffset 11 width 101.00: "just a text"
      RenderSVGText {text} at (4500,3601) size 101x24 contains 1 chunk(s)
        RenderSVGInlineText {#text} at (0,0) size 101x24
          chunk 1 text run 1 at (4500.00,3620.00) startOffset 0 endOffset 11 width 101.00: "just a text"
      RenderSVGText {text} at (4600,3601) size 101x24 contains 1 chunk(s)
        RenderSVGInlineText {#text} at (0,0) size 101x24
          chunk 1 text run 1 at (4600.00,3620.00) startOffset 0 endOffset 11 width 101.00: "just a text"
      RenderSVGText {text} at (4700,3601) size 101x24 contains 1 chunk(s)
        RenderSVGInlineText {#text} at (0,0) size 101x24
          chunk 1 text run 1 at (4700.00,3620.00) startOffset 0 endOffset 11 width 101.00: "just a text"
      RenderSVGText {text} at (4800,3601) size 101x24 contains 1 chunk(s)
        RenderSVGInlineText {#text} at (0,0) size 101x24
          chunk 1 text run 1 at (4800.00,3620.00) startOffset 0 endOffset 11 width 101.00: "just a text"
      RenderSVGText {text} at (4900,3601) size 101x24 contains 1 chunk(s)
        RenderSVGInlineText {#text} at (0,0) size 101x24
          chunk 1 text run 1 at (4900.00,3620.00) startOffset 0 endOffset 11 width 101.00: "just a text"
      RenderSVGText {text} at (0,3701) size 101x24 contains 1 chunk(s)
        RenderSVGInlineText {#text} at (0,0) size 101x24
          chunk 1 text run 1 at (0.00,3720.00) startOffset 0 endOffset 11 width 101.00: "just a text"
      RenderSVGText {text} at (100,3701) size 101x24 contains 1 chunk(s)
        RenderSVGInlineText {#text} at (0,0) size 101x24
          chunk 1 text run 1 at (100.00,3720.00) startOffset 0 endOffset 11 width 101.00: "just a text"
      RenderSVGText {text} at (200,3701) size 101x24 contains 1 chunk(s)
        RenderSVGInlineText {#text} at (0,0) size 101x24
          chunk 1 text run 1 at (200.00,3720.00) startOffset 0 endOffset 11 width 101.00: "just a text"
      RenderSVGText {text} at (300,3701) size 101x24 contains 1 chunk(s)
        RenderSVGInlineText {#text} at (0,0) size 101x24
          chunk 1 text run 1 at (300.00,3720.00) startOffset 0 endOffset 11 width 101.00: "just a text"
      RenderSVGText {text} at (400,3701) size 101x24 contains 1 chunk(s)
        RenderSVGInlineText {#text} at (0,0) size 101x24
          chunk 1 text run 1 at (400.00,3720.00) startOffset 0 endOffset 11 width 101.00: "just a text"
      RenderSVGText {text} at (500,3701) size 101x24 contains 1 chunk(s)
        RenderSVGInlineText {#text} at (0,0) size 101x24
          chunk 1 text run 1 at (500.00,3720.00) startOffset 0 endOffset 11 width 101.00: "just a text"
      RenderSVGText {text} at (600,3701) size 101x24 contains 1 chunk(s)
        RenderSVGInlineText {#text} at (0,0) size 101x24
          chunk 1 text run 1 at (600.00,3720.00) startOffset 0 endOffset 11 width 101.00: "just a text"
      RenderSVGText {text} at (700,3701) size 101x24 contains 1 chunk(s)
        RenderSVGInlineText {#text} at (0,0) size 101x24
          chunk 1 text run 1 at (700.00,3720.00) startOffset 0 endOffset 11 width 101.00: "just a text"
      RenderSVGText {text} at (800,3701) size 101x24 contains 1 chunk(s)
        RenderSVGInlineText {#text} at (0,0) size 101x24
          chunk 1 text run 1 at (800.00,3720.00) startOffset 0 endOffset 11 width 101.00: "just a text"
      RenderSVGText {text} at (900,3701) size 101x24 contains 1 chunk(s)
        RenderSVGInlineText {#text} at (0,0) size 101x24
          chunk 1 text run 1 at (900.00,3720.00) startOffset 0 endOffset 11 width 101.00: "just a text"
      RenderSVGText {text} at (1000,3701) size 101x24 contains 1 chunk(s)
        RenderSVGInlineText {#text} at (0,0) size 101x24
          chunk 1 text run 1 at (1000.00,3720.00) startOffset 0 endOffset 11 width 101.00: "just a text"
      RenderSVGText {text} at (1100,3701) size 101x24 contains 1 chunk(s)
        RenderSVGInlineText {#text} at (0,0) size 101x24
          chunk 1 text run 1 at (1100.00,3720.00) startOffset 0 endOffset 11 width 101.00: "just a text"
      RenderSVGText {text} at (1200,3701) size 101x24 contains 1 chunk(s)
        RenderSVGInlineText {#text} at (0,0) size 101x24
          chunk 1 text run 1 at (1200.00,3720.00) startOffset 0 endOffset 11 width 101.00: "just a text"
      RenderSVGText {text} at (1300,3701) size 101x24 contains 1 chunk(s)
        RenderSVGInlineText {#text} at (0,0) size 101x24
          chunk 1 text run 1 at (1300.00,3720.00) startOffset 0 endOffset 11 width 101.00: "just a text"
      RenderSVGText {text} at (1400,3701) size 101x24 contains 1 chunk(s)
        RenderSVGInlineText {#text} at (0,0) size 101x24
          chunk 1 text run 1 at (1400.00,3720.00) startOffset 0 endOffset 11 width 101.00: "just a text"
      RenderSVGText {text} at (1500,3701) size 101x24 contains 1 chunk(s)
        RenderSVGInlineText {#text} at (0,0) size 101x24
          chunk 1 text run 1 at (1500.00,3720.00) startOffset 0 endOffset 11 width 101.00: "just a text"
      RenderSVGText {text} at (1600,3701) size 101x24 contains 1 chunk(s)
        RenderSVGInlineText {#text} at (0,0) size 101x24
          chunk 1 text run 1 at (1600.00,3720.00) startOffset 0 endOffset 11 width 101.00: "just a text"
      RenderSVGText {text} at (1700,3701) size 101x24 contains 1 chunk(s)
        RenderSVGInlineText {#text} at (0,0) size 101x24
          chunk 1 text run 1 at (1700.00,3720.00) startOffset 0 endOffset 11 width 101.00: "just a text"
      RenderSVGText {text} at (1800,3701) size 101x24 contains 1 chunk(s)
        RenderSVGInlineText {#text} at (0,0) size 101x24
          chunk 1 text run 1 at (1800.00,3720.00) startOffset 0 endOffset 11 width 101.00: "just a text"
      RenderSVGText {text} at (1900,3701) size 101x24 contains 1 chunk(s)
        RenderSVGInlineText {#text} at (0,0) size 101x24
          chunk 1 text run 1 at (1900.00,3720.00) startOffset 0 endOffset 11 width 101.00: "just a text"
      RenderSVGText {text} at (2000,3701) size 101x24 contains 1 chunk(s)
        RenderSVGInlineText {#text} at (0,0) size 101x24
          chunk 1 text run 1 at (2000.00,3720.00) startOffset 0 endOffset 11 width 101.00: "just a text"
      RenderSVGText {text} at (2100,3701) size 101x24 contains 1 chunk(s)
        RenderSVGInlineText {#text} at (0,0) size 101x24
          chunk 1 text run 1 at (2100.00,3720.00) startOffset 0 endOffset 11 width 101.00: "just a text"
      RenderSVGText {text} at (2200,3701) size 101x24 contains 1 chunk(s)
        RenderSVGInlineText {#text} at (0,0) size 101x24
          chunk 1 text run 1 at (2200.00,3720.00) startOffset 0 endOffset 11 width 101.00: "just a text"
      RenderSVGText {text} at (2300,3701) size 101x24 contains 1 chunk(s)
        RenderSVGInlineText {#text} at (0,0) size 101x24
          chunk 1 text run 1 at (2300.00,3720.00) startOffset 0 endOffset 11 width 101.00: "just a text"
      RenderSVGText {text} at (2400,3701) size 101x24 contains 1 chunk(s)
        RenderSVGInlineText {#text} at (0,0) size 101x24
          chunk 1 text run 1 at (2400.00,3720.00) startOffset 0 endOffset 11 width 101.00: "just a text"
      RenderSVGText {text} at (2500,3701) size 101x24 contains 1 chunk(s)
        RenderSVGInlineText {#text} at (0,0) size 101x24
          chunk 1 text run 1 at (2500.00,3720.00) startOffset 0 endOffset 11 width 101.00: "just a text"
      RenderSVGText {text} at (2600,3701) size 101x24 contains 1 chunk(s)
        RenderSVGInlineText {#text} at (0,0) size 101x24
          chunk 1 text run 1 at (2600.00,3720.00) startOffset 0 endOffset 11 width 101.00: "just a text"
      RenderSVGText {text} at (2700,3701) size 101x24 contains 1 chunk(s)
        RenderSVGInlineText {#text} at (0,0) size 101x24
          chunk 1 text run 1 at (2700.00,3720.00) startOffset 0 endOffset 11 width 101.00: "just a text"
      RenderSVGText {text} at (2800,3701) size 101x24 contains 1 chunk(s)
        RenderSVGInlineText {#text} at (0,0) size 101x24
          chunk 1 text run 1 at (2800.00,3720.00) startOffset 0 endOffset 11 width 101.00: "just a text"
      RenderSVGText {text} at (2900,3701) size 101x24 contains 1 chunk(s)
        RenderSVGInlineText {#text} at (0,0) size 101x24
          chunk 1 text run 1 at (2900.00,3720.00) startOffset 0 endOffset 11 width 101.00: "just a text"
      RenderSVGText {text} at (3000,3701) size 101x24 contains 1 chunk(s)
        RenderSVGInlineText {#text} at (0,0) size 101x24
          chunk 1 text run 1 at (3000.00,3720.00) startOffset 0 endOffset 11 width 101.00: "just a text"
      RenderSVGText {text} at (3100,3701) size 101x24 contains 1 chunk(s)
        RenderSVGInlineText {#text} at (0,0) size 101x24
          chunk 1 text run 1 at (3100.00,3720.00) startOffset 0 endOffset 11 width 101.00: "just a text"
      RenderSVGText {text} at (3200,3701) size 101x24 contains 1 chunk(s)
        RenderSVGInlineText {#text} at (0,0) size 101x24
          chunk 1 text run 1 at (3200.00,3720.00) startOffset 0 endOffset 11 width 101.00: "just a text"
      RenderSVGText {text} at (3300,3701) size 101x24 contains 1 chunk(s)
        RenderSVGInlineText {#text} at (0,0) size 101x24
          chunk 1 text run 1 at (3300.00,3720.00) startOffset 0 endOffset 11 width 101.00: "just a text"
      RenderSVGText {text} at (3400,3701) size 101x24 contains 1 chunk(s)
        RenderSVGInlineText {#text} at (0,0) size 101x24
          chunk 1 text run 1 at (3400.00,3720.00) startOffset 0 endOffset 11 width 101.00: "just a text"
      RenderSVGText {text} at (3500,3701) size 101x24 contains 1 chunk(s)
        RenderSVGInlineText {#text} at (0,0) size 101x24
          chunk 1 text run 1 at (3500.00,3720.00) startOffset 0 endOffset 11 width 101.00: "just a text"
      RenderSVGText {text} at (3600,3701) size 101x24 contains 1 chunk(s)
        RenderSVGInlineText {#text} at (0,0) size 101x24
          chunk 1 text run 1 at (3600.00,3720.00) startOffset 0 endOffset 11 width 101.00: "just a text"
      RenderSVGText {text} at (3700,3701) size 101x24 contains 1 chunk(s)
        RenderSVGInlineText {#text} at (0,0) size 101x24
          chunk 1 text run 1 at (3700.00,3720.00) startOffset 0 endOffset 11 width 101.00: "just a text"
      RenderSVGText {text} at (3800,3701) size 101x24 contains 1 chunk(s)
        RenderSVGInlineText {#text} at (0,0) size 101x24
          chunk 1 text run 1 at (3800.00,3720.00) startOffset 0 endOffset 11 width 101.00: "just a text"
      RenderSVGText {text} at (3900,3701) size 101x24 contains 1 chunk(s)
        RenderSVGInlineText {#text} at (0,0) size 101x24
          chunk 1 text run 1 at (3900.00,3720.00) startOffset 0 endOffset 11 width 101.00: "just a text"
      RenderSVGText {text} at (4000,3701) size 101x24 contains 1 chunk(s)
        RenderSVGInlineText {#text} at (0,0) size 101x24
          chunk 1 text run 1 at (4000.00,3720.00) startOffset 0 endOffset 11 width 101.00: "just a text"
      RenderSVGText {text} at (4100,3701) size 101x24 contains 1 chunk(s)
        RenderSVGInlineText {#text} at (0,0) size 101x24
          chunk 1 text run 1 at (4100.00,3720.00) startOffset 0 endOffset 11 width 101.00: "just a text"
      RenderSVGText {text} at (4200,3701) size 101x24 contains 1 chunk(s)
        RenderSVGInlineText {#text} at (0,0) size 101x24
          chunk 1 text run 1 at (4200.00,3720.00) startOffset 0 endOffset 11 width 101.00: "just a text"
      RenderSVGText {text} at (4300,3701) size 101x24 contains 1 chunk(s)
        RenderSVGInlineText {#text} at (0,0) size 101x24
          chunk 1 text run 1 at (4300.00,3720.00) startOffset 0 endOffset 11 width 101.00: "just a text"
      RenderSVGText {text} at (4400,3701) size 101x24 contains 1 chunk(s)
        RenderSVGInlineText {#text} at (0,0) size 101x24
          chunk 1 text run 1 at (4400.00,3720.00) startOffset 0 endOffset 11 width 101.00: "just a text"
      RenderSVGText {text} at (4500,3701) size 101x24 contains 1 chunk(s)
        RenderSVGInlineText {#text} at (0,0) size 101x24
          chunk 1 text run 1 at (4500.00,3720.00) startOffset 0 endOffset 11 width 101.00: "just a text"
      RenderSVGText {text} at (4600,3701) size 101x24 contains 1 chunk(s)
        RenderSVGInlineText {#text} at (0,0) size 101x24
          chunk 1 text run 1 at (4600.00,3720.00) startOffset 0 endOffset 11 width 101.00: "just a text"
      RenderSVGText {text} at (4700,3701) size 101x24 contains 1 chunk(s)
        RenderSVGInlineText {#text} at (0,0) size 101x24
          chunk 1 text run 1 at (4700.00,3720.00) startOffset 0 endOffset 11 width 101.00: "just a text"
      RenderSVGText {text} at (4800,3701) size 101x24 contains 1 chunk(s)
        RenderSVGInlineText {#text} at (0,0) size 101x24
          chunk 1 text run 1 at (4800.00,3720.00) startOffset 0 endOffset 11 width 101.00: "just a text"
      RenderSVGText {text} at (4900,3701) size 101x24 contains 1 chunk(s)
        RenderSVGInlineText {#text} at (0,0) size 101x24
          chunk 1 text run 1 at (4900.00,3720.00) startOffset 0 endOffset 11 width 101.00: "just a text"
      RenderSVGText {text} at (0,3801) size 101x24 contains 1 chunk(s)
        RenderSVGInlineText {#text} at (0,0) size 101x24
          chunk 1 text run 1 at (0.00,3820.00) startOffset 0 endOffset 11 width 101.00: "just a text"
      RenderSVGText {text} at (100,3801) size 101x24 contains 1 chunk(s)
        RenderSVGInlineText {#text} at (0,0) size 101x24
          chunk 1 text run 1 at (100.00,3820.00) startOffset 0 endOffset 11 width 101.00: "just a text"
      RenderSVGText {text} at (200,3801) size 101x24 contains 1 chunk(s)
        RenderSVGInlineText {#text} at (0,0) size 101x24
          chunk 1 text run 1 at (200.00,3820.00) startOffset 0 endOffset 11 width 101.00: "just a text"
      RenderSVGText {text} at (300,3801) size 101x24 contains 1 chunk(s)
        RenderSVGInlineText {#text} at (0,0) size 101x24
          chunk 1 text run 1 at (300.00,3820.00) startOffset 0 endOffset 11 width 101.00: "just a text"
      RenderSVGText {text} at (400,3801) size 101x24 contains 1 chunk(s)
        RenderSVGInlineText {#text} at (0,0) size 101x24
          chunk 1 text run 1 at (400.00,3820.00) startOffset 0 endOffset 11 width 101.00: "just a text"
      RenderSVGText {text} at (500,3801) size 101x24 contains 1 chunk(s)
        RenderSVGInlineText {#text} at (0,0) size 101x24
          chunk 1 text run 1 at (500.00,3820.00) startOffset 0 endOffset 11 width 101.00: "just a text"
      RenderSVGText {text} at (600,3801) size 101x24 contains 1 chunk(s)
        RenderSVGInlineText {#text} at (0,0) size 101x24
          chunk 1 text run 1 at (600.00,3820.00) startOffset 0 endOffset 11 width 101.00: "just a text"
      RenderSVGText {text} at (700,3801) size 101x24 contains 1 chunk(s)
        RenderSVGInlineText {#text} at (0,0) size 101x24
          chunk 1 text run 1 at (700.00,3820.00) startOffset 0 endOffset 11 width 101.00: "just a text"
      RenderSVGText {text} at (800,3801) size 101x24 contains 1 chunk(s)
        RenderSVGInlineText {#text} at (0,0) size 101x24
          chunk 1 text run 1 at (800.00,3820.00) startOffset 0 endOffset 11 width 101.00: "just a text"
      RenderSVGText {text} at (900,3801) size 101x24 contains 1 chunk(s)
        RenderSVGInlineText {#text} at (0,0) size 101x24
          chunk 1 text run 1 at (900.00,3820.00) startOffset 0 endOffset 11 width 101.00: "just a text"
      RenderSVGText {text} at (1000,3801) size 101x24 contains 1 chunk(s)
        RenderSVGInlineText {#text} at (0,0) size 101x24
          chunk 1 text run 1 at (1000.00,3820.00) startOffset 0 endOffset 11 width 101.00: "just a text"
      RenderSVGText {text} at (1100,3801) size 101x24 contains 1 chunk(s)
        RenderSVGInlineText {#text} at (0,0) size 101x24
          chunk 1 text run 1 at (1100.00,3820.00) startOffset 0 endOffset 11 width 101.00: "just a text"
      RenderSVGText {text} at (1200,3801) size 101x24 contains 1 chunk(s)
        RenderSVGInlineText {#text} at (0,0) size 101x24
          chunk 1 text run 1 at (1200.00,3820.00) startOffset 0 endOffset 11 width 101.00: "just a text"
      RenderSVGText {text} at (1300,3801) size 101x24 contains 1 chunk(s)
        RenderSVGInlineText {#text} at (0,0) size 101x24
          chunk 1 text run 1 at (1300.00,3820.00) startOffset 0 endOffset 11 width 101.00: "just a text"
      RenderSVGText {text} at (1400,3801) size 101x24 contains 1 chunk(s)
        RenderSVGInlineText {#text} at (0,0) size 101x24
          chunk 1 text run 1 at (1400.00,3820.00) startOffset 0 endOffset 11 width 101.00: "just a text"
      RenderSVGText {text} at (1500,3801) size 101x24 contains 1 chunk(s)
        RenderSVGInlineText {#text} at (0,0) size 101x24
          chunk 1 text run 1 at (1500.00,3820.00) startOffset 0 endOffset 11 width 101.00: "just a text"
      RenderSVGText {text} at (1600,3801) size 101x24 contains 1 chunk(s)
        RenderSVGInlineText {#text} at (0,0) size 101x24
          chunk 1 text run 1 at (1600.00,3820.00) startOffset 0 endOffset 11 width 101.00: "just a text"
      RenderSVGText {text} at (1700,3801) size 101x24 contains 1 chunk(s)
        RenderSVGInlineText {#text} at (0,0) size 101x24
          chunk 1 text run 1 at (1700.00,3820.00) startOffset 0 endOffset 11 width 101.00: "just a text"
      RenderSVGText {text} at (1800,3801) size 101x24 contains 1 chunk(s)
        RenderSVGInlineText {#text} at (0,0) size 101x24
          chunk 1 text run 1 at (1800.00,3820.00) startOffset 0 endOffset 11 width 101.00: "just a text"
      RenderSVGText {text} at (1900,3801) size 101x24 contains 1 chunk(s)
        RenderSVGInlineText {#text} at (0,0) size 101x24
          chunk 1 text run 1 at (1900.00,3820.00) startOffset 0 endOffset 11 width 101.00: "just a text"
      RenderSVGText {text} at (2000,3801) size 101x24 contains 1 chunk(s)
        RenderSVGInlineText {#text} at (0,0) size 101x24
          chunk 1 text run 1 at (2000.00,3820.00) startOffset 0 endOffset 11 width 101.00: "just a text"
      RenderSVGText {text} at (2100,3801) size 101x24 contains 1 chunk(s)
        RenderSVGInlineText {#text} at (0,0) size 101x24
          chunk 1 text run 1 at (2100.00,3820.00) startOffset 0 endOffset 11 width 101.00: "just a text"
      RenderSVGText {text} at (2200,3801) size 101x24 contains 1 chunk(s)
        RenderSVGInlineText {#text} at (0,0) size 101x24
          chunk 1 text run 1 at (2200.00,3820.00) startOffset 0 endOffset 11 width 101.00: "just a text"
      RenderSVGText {text} at (2300,3801) size 101x24 contains 1 chunk(s)
        RenderSVGInlineText {#text} at (0,0) size 101x24
          chunk 1 text run 1 at (2300.00,3820.00) startOffset 0 endOffset 11 width 101.00: "just a text"
      RenderSVGText {text} at (2400,3801) size 101x24 contains 1 chunk(s)
        RenderSVGInlineText {#text} at (0,0) size 101x24
          chunk 1 text run 1 at (2400.00,3820.00) startOffset 0 endOffset 11 width 101.00: "just a text"
      RenderSVGText {text} at (2500,3801) size 101x24 contains 1 chunk(s)
        RenderSVGInlineText {#text} at (0,0) size 101x24
          chunk 1 text run 1 at (2500.00,3820.00) startOffset 0 endOffset 11 width 101.00: "just a text"
      RenderSVGText {text} at (2600,3801) size 101x24 contains 1 chunk(s)
        RenderSVGInlineText {#text} at (0,0) size 101x24
          chunk 1 text run 1 at (2600.00,3820.00) startOffset 0 endOffset 11 width 101.00: "just a text"
      RenderSVGText {text} at (2700,3801) size 101x24 contains 1 chunk(s)
        RenderSVGInlineText {#text} at (0,0) size 101x24
          chunk 1 text run 1 at (2700.00,3820.00) startOffset 0 endOffset 11 width 101.00: "just a text"
      RenderSVGText {text} at (2800,3801) size 101x24 contains 1 chunk(s)
        RenderSVGInlineText {#text} at (0,0) size 101x24
          chunk 1 text run 1 at (2800.00,3820.00) startOffset 0 endOffset 11 width 101.00: "just a text"
      RenderSVGText {text} at (2900,3801) size 101x24 contains 1 chunk(s)
        RenderSVGInlineText {#text} at (0,0) size 101x24
          chunk 1 text run 1 at (2900.00,3820.00) startOffset 0 endOffset 11 width 101.00: "just a text"
      RenderSVGText {text} at (3000,3801) size 101x24 contains 1 chunk(s)
        RenderSVGInlineText {#text} at (0,0) size 101x24
          chunk 1 text run 1 at (3000.00,3820.00) startOffset 0 endOffset 11 width 101.00: "just a text"
      RenderSVGText {text} at (3100,3801) size 101x24 contains 1 chunk(s)
        RenderSVGInlineText {#text} at (0,0) size 101x24
          chunk 1 text run 1 at (3100.00,3820.00) startOffset 0 endOffset 11 width 101.00: "just a text"
      RenderSVGText {text} at (3200,3801) size 101x24 contains 1 chunk(s)
        RenderSVGInlineText {#text} at (0,0) size 101x24
          chunk 1 text run 1 at (3200.00,3820.00) startOffset 0 endOffset 11 width 101.00: "just a text"
      RenderSVGText {text} at (3300,3801) size 101x24 contains 1 chunk(s)
        RenderSVGInlineText {#text} at (0,0) size 101x24
          chunk 1 text run 1 at (3300.00,3820.00) startOffset 0 endOffset 11 width 101.00: "just a text"
      RenderSVGText {text} at (3400,3801) size 101x24 contains 1 chunk(s)
        RenderSVGInlineText {#text} at (0,0) size 101x24
          chunk 1 text run 1 at (3400.00,3820.00) startOffset 0 endOffset 11 width 101.00: "just a text"
      RenderSVGText {text} at (3500,3801) size 101x24 contains 1 chunk(s)
        RenderSVGInlineText {#text} at (0,0) size 101x24
          chunk 1 text run 1 at (3500.00,3820.00) startOffset 0 endOffset 11 width 101.00: "just a text"
      RenderSVGText {text} at (3600,3801) size 101x24 contains 1 chunk(s)
        RenderSVGInlineText {#text} at (0,0) size 101x24
          chunk 1 text run 1 at (3600.00,3820.00) startOffset 0 endOffset 11 width 101.00: "just a text"
      RenderSVGText {text} at (3700,3801) size 101x24 contains 1 chunk(s)
        RenderSVGInlineText {#text} at (0,0) size 101x24
          chunk 1 text run 1 at (3700.00,3820.00) startOffset 0 endOffset 11 width 101.00: "just a text"
      RenderSVGText {text} at (3800,3801) size 101x24 contains 1 chunk(s)
        RenderSVGInlineText {#text} at (0,0) size 101x24
          chunk 1 text run 1 at (3800.00,3820.00) startOffset 0 endOffset 11 width 101.00: "just a text"
      RenderSVGText {text} at (3900,3801) size 101x24 contains 1 chunk(s)
        RenderSVGInlineText {#text} at (0,0) size 101x24
          chunk 1 text run 1 at (3900.00,3820.00) startOffset 0 endOffset 11 width 101.00: "just a text"
      RenderSVGText {text} at (4000,3801) size 101x24 contains 1 chunk(s)
        RenderSVGInlineText {#text} at (0,0) size 101x24
          chunk 1 text run 1 at (4000.00,3820.00) startOffset 0 endOffset 11 width 101.00: "just a text"
      RenderSVGText {text} at (4100,3801) size 101x24 contains 1 chunk(s)
        RenderSVGInlineText {#text} at (0,0) size 101x24
          chunk 1 text run 1 at (4100.00,3820.00) startOffset 0 endOffset 11 width 101.00: "just a text"
      RenderSVGText {text} at (4200,3801) size 101x24 contains 1 chunk(s)
        RenderSVGInlineText {#text} at (0,0) size 101x24
          chunk 1 text run 1 at (4200.00,3820.00) startOffset 0 endOffset 11 width 101.00: "just a text"
      RenderSVGText {text} at (4300,3801) size 101x24 contains 1 chunk(s)
        RenderSVGInlineText {#text} at (0,0) size 101x24
          chunk 1 text run 1 at (4300.00,3820.00) startOffset 0 endOffset 11 width 101.00: "just a text"
      RenderSVGText {text} at (4400,3801) size 101x24 contains 1 chunk(s)
        RenderSVGInlineText {#text} at (0,0) size 101x24
          chunk 1 text run 1 at (4400.00,3820.00) startOffset 0 endOffset 11 width 101.00: "just a text"
      RenderSVGText {text} at (4500,3801) size 101x24 contains 1 chunk(s)
        RenderSVGInlineText {#text} at (0,0) size 101x24
          chunk 1 text run 1 at (4500.00,3820.00) startOffset 0 endOffset 11 width 101.00: "just a text"
      RenderSVGText {text} at (4600,3801) size 101x24 contains 1 chunk(s)
        RenderSVGInlineText {#text} at (0,0) size 101x24
          chunk 1 text run 1 at (4600.00,3820.00) startOffset 0 endOffset 11 width 101.00: "just a text"
      RenderSVGText {text} at (4700,3801) size 101x24 contains 1 chunk(s)
        RenderSVGInlineText {#text} at (0,0) size 101x24
          chunk 1 text run 1 at (4700.00,3820.00) startOffset 0 endOffset 11 width 101.00: "just a text"
      RenderSVGText {text} at (4800,3801) size 101x24 contains 1 chunk(s)
        RenderSVGInlineText {#text} at (0,0) size 101x24
          chunk 1 text run 1 at (4800.00,3820.00) startOffset 0 endOffset 11 width 101.00: "just a text"
      RenderSVGText {text} at (4900,3801) size 101x24 contains 1 chunk(s)
        RenderSVGInlineText {#text} at (0,0) size 101x24
          chunk 1 text run 1 at (4900.00,3820.00) startOffset 0 endOffset 11 width 101.00: "just a text"
      RenderSVGText {text} at (0,3901) size 101x24 contains 1 chunk(s)
        RenderSVGInlineText {#text} at (0,0) size 101x24
          chunk 1 text run 1 at (0.00,3920.00) startOffset 0 endOffset 11 width 101.00: "just a text"
      RenderSVGText {text} at (100,3901) size 101x24 contains 1 chunk(s)
        RenderSVGInlineText {#text} at (0,0) size 101x24
          chunk 1 text run 1 at (100.00,3920.00) startOffset 0 endOffset 11 width 101.00: "just a text"
      RenderSVGText {text} at (200,3901) size 101x24 contains 1 chunk(s)
        RenderSVGInlineText {#text} at (0,0) size 101x24
          chunk 1 text run 1 at (200.00,3920.00) startOffset 0 endOffset 11 width 101.00: "just a text"
      RenderSVGText {text} at (300,3901) size 101x24 contains 1 chunk(s)
        RenderSVGInlineText {#text} at (0,0) size 101x24
          chunk 1 text run 1 at (300.00,3920.00) startOffset 0 endOffset 11 width 101.00: "just a text"
      RenderSVGText {text} at (400,3901) size 101x24 contains 1 chunk(s)
        RenderSVGInlineText {#text} at (0,0) size 101x24
          chunk 1 text run 1 at (400.00,3920.00) startOffset 0 endOffset 11 width 101.00: "just a text"
      RenderSVGText {text} at (500,3901) size 101x24 contains 1 chunk(s)
        RenderSVGInlineText {#text} at (0,0) size 101x24
          chunk 1 text run 1 at (500.00,3920.00) startOffset 0 endOffset 11 width 101.00: "just a text"
      RenderSVGText {text} at (600,3901) size 101x24 contains 1 chunk(s)
        RenderSVGInlineText {#text} at (0,0) size 101x24
          chunk 1 text run 1 at (600.00,3920.00) startOffset 0 endOffset 11 width 101.00: "just a text"
      RenderSVGText {text} at (700,3901) size 101x24 contains 1 chunk(s)
        RenderSVGInlineText {#text} at (0,0) size 101x24
          chunk 1 text run 1 at (700.00,3920.00) startOffset 0 endOffset 11 width 101.00: "just a text"
      RenderSVGText {text} at (800,3901) size 101x24 contains 1 chunk(s)
        RenderSVGInlineText {#text} at (0,0) size 101x24
          chunk 1 text run 1 at (800.00,3920.00) startOffset 0 endOffset 11 width 101.00: "just a text"
      RenderSVGText {text} at (900,3901) size 101x24 contains 1 chunk(s)
        RenderSVGInlineText {#text} at (0,0) size 101x24
          chunk 1 text run 1 at (900.00,3920.00) startOffset 0 endOffset 11 width 101.00: "just a text"
      RenderSVGText {text} at (1000,3901) size 101x24 contains 1 chunk(s)
        RenderSVGInlineText {#text} at (0,0) size 101x24
          chunk 1 text run 1 at (1000.00,3920.00) startOffset 0 endOffset 11 width 101.00: "just a text"
      RenderSVGText {text} at (1100,3901) size 101x24 contains 1 chunk(s)
        RenderSVGInlineText {#text} at (0,0) size 101x24
          chunk 1 text run 1 at (1100.00,3920.00) startOffset 0 endOffset 11 width 101.00: "just a text"
      RenderSVGText {text} at (1200,3901) size 101x24 contains 1 chunk(s)
        RenderSVGInlineText {#text} at (0,0) size 101x24
          chunk 1 text run 1 at (1200.00,3920.00) startOffset 0 endOffset 11 width 101.00: "just a text"
      RenderSVGText {text} at (1300,3901) size 101x24 contains 1 chunk(s)
        RenderSVGInlineText {#text} at (0,0) size 101x24
          chunk 1 text run 1 at (1300.00,3920.00) startOffset 0 endOffset 11 width 101.00: "just a text"
      RenderSVGText {text} at (1400,3901) size 101x24 contains 1 chunk(s)
        RenderSVGInlineText {#text} at (0,0) size 101x24
          chunk 1 text run 1 at (1400.00,3920.00) startOffset 0 endOffset 11 width 101.00: "just a text"
      RenderSVGText {text} at (1500,3901) size 101x24 contains 1 chunk(s)
        RenderSVGInlineText {#text} at (0,0) size 101x24
          chunk 1 text run 1 at (1500.00,3920.00) startOffset 0 endOffset 11 width 101.00: "just a text"
      RenderSVGText {text} at (1600,3901) size 101x24 contains 1 chunk(s)
        RenderSVGInlineText {#text} at (0,0) size 101x24
          chunk 1 text run 1 at (1600.00,3920.00) startOffset 0 endOffset 11 width 101.00: "just a text"
      RenderSVGText {text} at (1700,3901) size 101x24 contains 1 chunk(s)
        RenderSVGInlineText {#text} at (0,0) size 101x24
          chunk 1 text run 1 at (1700.00,3920.00) startOffset 0 endOffset 11 width 101.00: "just a text"
      RenderSVGText {text} at (1800,3901) size 101x24 contains 1 chunk(s)
        RenderSVGInlineText {#text} at (0,0) size 101x24
          chunk 1 text run 1 at (1800.00,3920.00) startOffset 0 endOffset 11 width 101.00: "just a text"
      RenderSVGText {text} at (1900,3901) size 101x24 contains 1 chunk(s)
        RenderSVGInlineText {#text} at (0,0) size 101x24
          chunk 1 text run 1 at (1900.00,3920.00) startOffset 0 endOffset 11 width 101.00: "just a text"
      RenderSVGText {text} at (2000,3901) size 101x24 contains 1 chunk(s)
        RenderSVGInlineText {#text} at (0,0) size 101x24
          chunk 1 text run 1 at (2000.00,3920.00) startOffset 0 endOffset 11 width 101.00: "just a text"
      RenderSVGText {text} at (2100,3901) size 101x24 contains 1 chunk(s)
        RenderSVGInlineText {#text} at (0,0) size 101x24
          chunk 1 text run 1 at (2100.00,3920.00) startOffset 0 endOffset 11 width 101.00: "just a text"
      RenderSVGText {text} at (2200,3901) size 101x24 contains 1 chunk(s)
        RenderSVGInlineText {#text} at (0,0) size 101x24
          chunk 1 text run 1 at (2200.00,3920.00) startOffset 0 endOffset 11 width 101.00: "just a text"
      RenderSVGText {text} at (2300,3901) size 101x24 contains 1 chunk(s)
        RenderSVGInlineText {#text} at (0,0) size 101x24
          chunk 1 text run 1 at (2300.00,3920.00) startOffset 0 endOffset 11 width 101.00: "just a text"
      RenderSVGText {text} at (2400,3901) size 101x24 contains 1 chunk(s)
        RenderSVGInlineText {#text} at (0,0) size 101x24
          chunk 1 text run 1 at (2400.00,3920.00) startOffset 0 endOffset 11 width 101.00: "just a text"
      RenderSVGText {text} at (2500,3901) size 101x24 contains 1 chunk(s)
        RenderSVGInlineText {#text} at (0,0) size 101x24
          chunk 1 text run 1 at (2500.00,3920.00) startOffset 0 endOffset 11 width 101.00: "just a text"
      RenderSVGText {text} at (2600,3901) size 101x24 contains 1 chunk(s)
        RenderSVGInlineText {#text} at (0,0) size 101x24
          chunk 1 text run 1 at (2600.00,3920.00) startOffset 0 endOffset 11 width 101.00: "just a text"
      RenderSVGText {text} at (2700,3901) size 101x24 contains 1 chunk(s)
        RenderSVGInlineText {#text} at (0,0) size 101x24
          chunk 1 text run 1 at (2700.00,3920.00) startOffset 0 endOffset 11 width 101.00: "just a text"
      RenderSVGText {text} at (2800,3901) size 101x24 contains 1 chunk(s)
        RenderSVGInlineText {#text} at (0,0) size 101x24
          chunk 1 text run 1 at (2800.00,3920.00) startOffset 0 endOffset 11 width 101.00: "just a text"
      RenderSVGText {text} at (2900,3901) size 101x24 contains 1 chunk(s)
        RenderSVGInlineText {#text} at (0,0) size 101x24
          chunk 1 text run 1 at (2900.00,3920.00) startOffset 0 endOffset 11 width 101.00: "just a text"
      RenderSVGText {text} at (3000,3901) size 101x24 contains 1 chunk(s)
        RenderSVGInlineText {#text} at (0,0) size 101x24
          chunk 1 text run 1 at (3000.00,3920.00) startOffset 0 endOffset 11 width 101.00: "just a text"
      RenderSVGText {text} at (3100,3901) size 101x24 contains 1 chunk(s)
        RenderSVGInlineText {#text} at (0,0) size 101x24
          chunk 1 text run 1 at (3100.00,3920.00) startOffset 0 endOffset 11 width 101.00: "just a text"
      RenderSVGText {text} at (3200,3901) size 101x24 contains 1 chunk(s)
        RenderSVGInlineText {#text} at (0,0) size 101x24
          chunk 1 text run 1 at (3200.00,3920.00) startOffset 0 endOffset 11 width 101.00: "just a text"
      RenderSVGText {text} at (3300,3901) size 101x24 contains 1 chunk(s)
        RenderSVGInlineText {#text} at (0,0) size 101x24
          chunk 1 text run 1 at (3300.00,3920.00) startOffset 0 endOffset 11 width 101.00: "just a text"
      RenderSVGText {text} at (3400,3901) size 101x24 contains 1 chunk(s)
        RenderSVGInlineText {#text} at (0,0) size 101x24
          chunk 1 text run 1 at (3400.00,3920.00) startOffset 0 endOffset 11 width 101.00: "just a text"
      RenderSVGText {text} at (3500,3901) size 101x24 contains 1 chunk(s)
        RenderSVGInlineText {#text} at (0,0) size 101x24
          chunk 1 text run 1 at (3500.00,3920.00) startOffset 0 endOffset 11 width 101.00: "just a text"
      RenderSVGText {text} at (3600,3901) size 101x24 contains 1 chunk(s)
        RenderSVGInlineText {#text} at (0,0) size 101x24
          chunk 1 text run 1 at (3600.00,3920.00) startOffset 0 endOffset 11 width 101.00: "just a text"
      RenderSVGText {text} at (3700,3901) size 101x24 contains 1 chunk(s)
        RenderSVGInlineText {#text} at (0,0) size 101x24
          chunk 1 text run 1 at (3700.00,3920.00) startOffset 0 endOffset 11 width 101.00: "just a text"
      RenderSVGText {text} at (3800,3901) size 101x24 contains 1 chunk(s)
        RenderSVGInlineText {#text} at (0,0) size 101x24
          chunk 1 text run 1 at (3800.00,3920.00) startOffset 0 endOffset 11 width 101.00: "just a text"
      RenderSVGText {text} at (3900,3901) size 101x24 contains 1 chunk(s)
        RenderSVGInlineText {#text} at (0,0) size 101x24
          chunk 1 text run 1 at (3900.00,3920.00) startOffset 0 endOffset 11 width 101.00: "just a text"
      RenderSVGText {text} at (4000,3901) size 101x24 contains 1 chunk(s)
        RenderSVGInlineText {#text} at (0,0) size 101x24
          chunk 1 text run 1 at (4000.00,3920.00) startOffset 0 endOffset 11 width 101.00: "just a text"
      RenderSVGText {text} at (4100,3901) size 101x24 contains 1 chunk(s)
        RenderSVGInlineText {#text} at (0,0) size 101x24
          chunk 1 text run 1 at (4100.00,3920.00) startOffset 0 endOffset 11 width 101.00: "just a text"
      RenderSVGText {text} at (4200,3901) size 101x24 contains 1 chunk(s)
        RenderSVGInlineText {#text} at (0,0) size 101x24
          chunk 1 text run 1 at (4200.00,3920.00) startOffset 0 endOffset 11 width 101.00: "just a text"
      RenderSVGText {text} at (4300,3901) size 101x24 contains 1 chunk(s)
        RenderSVGInlineText {#text} at (0,0) size 101x24
          chunk 1 text run 1 at (4300.00,3920.00) startOffset 0 endOffset 11 width 101.00: "just a text"
      RenderSVGText {text} at (4400,3901) size 101x24 contains 1 chunk(s)
        RenderSVGInlineText {#text} at (0,0) size 101x24
          chunk 1 text run 1 at (4400.00,3920.00) startOffset 0 endOffset 11 width 101.00: "just a text"
      RenderSVGText {text} at (4500,3901) size 101x24 contains 1 chunk(s)
        RenderSVGInlineText {#text} at (0,0) size 101x24
          chunk 1 text run 1 at (4500.00,3920.00) startOffset 0 endOffset 11 width 101.00: "just a text"
      RenderSVGText {text} at (4600,3901) size 101x24 contains 1 chunk(s)
        RenderSVGInlineText {#text} at (0,0) size 101x24
          chunk 1 text run 1 at (4600.00,3920.00) startOffset 0 endOffset 11 width 101.00: "just a text"
      RenderSVGText {text} at (4700,3901) size 101x24 contains 1 chunk(s)
        RenderSVGInlineText {#text} at (0,0) size 101x24
          chunk 1 text run 1 at (4700.00,3920.00) startOffset 0 endOffset 11 width 101.00: "just a text"
      RenderSVGText {text} at (4800,3901) size 101x24 contains 1 chunk(s)
        RenderSVGInlineText {#text} at (0,0) size 101x24
          chunk 1 text run 1 at (4800.00,3920.00) startOffset 0 endOffset 11 width 101.00: "just a text"
      RenderSVGText {text} at (4900,3901) size 101x24 contains 1 chunk(s)
        RenderSVGInlineText {#text} at (0,0) size 101x24
          chunk 1 text run 1 at (4900.00,3920.00) startOffset 0 endOffset 11 width 101.00: "just a text"
      RenderSVGText {text} at (0,4001) size 101x24 contains 1 chunk(s)
        RenderSVGInlineText {#text} at (0,0) size 101x24
          chunk 1 text run 1 at (0.00,4020.00) startOffset 0 endOffset 11 width 101.00: "just a text"
      RenderSVGText {text} at (100,4001) size 101x24 contains 1 chunk(s)
        RenderSVGInlineText {#text} at (0,0) size 101x24
          chunk 1 text run 1 at (100.00,4020.00) startOffset 0 endOffset 11 width 101.00: "just a text"
      RenderSVGText {text} at (200,4001) size 101x24 contains 1 chunk(s)
        RenderSVGInlineText {#text} at (0,0) size 101x24
          chunk 1 text run 1 at (200.00,4020.00) startOffset 0 endOffset 11 width 101.00: "just a text"
      RenderSVGText {text} at (300,4001) size 101x24 contains 1 chunk(s)
        RenderSVGInlineText {#text} at (0,0) size 101x24
          chunk 1 text run 1 at (300.00,4020.00) startOffset 0 endOffset 11 width 101.00: "just a text"
      RenderSVGText {text} at (400,4001) size 101x24 contains 1 chunk(s)
        RenderSVGInlineText {#text} at (0,0) size 101x24
          chunk 1 text run 1 at (400.00,4020.00) startOffset 0 endOffset 11 width 101.00: "just a text"
      RenderSVGText {text} at (500,4001) size 101x24 contains 1 chunk(s)
        RenderSVGInlineText {#text} at (0,0) size 101x24
          chunk 1 text run 1 at (500.00,4020.00) startOffset 0 endOffset 11 width 101.00: "just a text"
      RenderSVGText {text} at (600,4001) size 101x24 contains 1 chunk(s)
        RenderSVGInlineText {#text} at (0,0) size 101x24
          chunk 1 text run 1 at (600.00,4020.00) startOffset 0 endOffset 11 width 101.00: "just a text"
      RenderSVGText {text} at (700,4001) size 101x24 contains 1 chunk(s)
        RenderSVGInlineText {#text} at (0,0) size 101x24
          chunk 1 text run 1 at (700.00,4020.00) startOffset 0 endOffset 11 width 101.00: "just a text"
      RenderSVGText {text} at (800,4001) size 101x24 contains 1 chunk(s)
        RenderSVGInlineText {#text} at (0,0) size 101x24
          chunk 1 text run 1 at (800.00,4020.00) startOffset 0 endOffset 11 width 101.00: "just a text"
      RenderSVGText {text} at (900,4001) size 101x24 contains 1 chunk(s)
        RenderSVGInlineText {#text} at (0,0) size 101x24
          chunk 1 text run 1 at (900.00,4020.00) startOffset 0 endOffset 11 width 101.00: "just a text"
      RenderSVGText {text} at (1000,4001) size 101x24 contains 1 chunk(s)
        RenderSVGInlineText {#text} at (0,0) size 101x24
          chunk 1 text run 1 at (1000.00,4020.00) startOffset 0 endOffset 11 width 101.00: "just a text"
      RenderSVGText {text} at (1100,4001) size 101x24 contains 1 chunk(s)
        RenderSVGInlineText {#text} at (0,0) size 101x24
          chunk 1 text run 1 at (1100.00,4020.00) startOffset 0 endOffset 11 width 101.00: "just a text"
      RenderSVGText {text} at (1200,4001) size 101x24 contains 1 chunk(s)
        RenderSVGInlineText {#text} at (0,0) size 101x24
          chunk 1 text run 1 at (1200.00,4020.00) startOffset 0 endOffset 11 width 101.00: "just a text"
      RenderSVGText {text} at (1300,4001) size 101x24 contains 1 chunk(s)
        RenderSVGInlineText {#text} at (0,0) size 101x24
          chunk 1 text run 1 at (1300.00,4020.00) startOffset 0 endOffset 11 width 101.00: "just a text"
      RenderSVGText {text} at (1400,4001) size 101x24 contains 1 chunk(s)
        RenderSVGInlineText {#text} at (0,0) size 101x24
          chunk 1 text run 1 at (1400.00,4020.00) startOffset 0 endOffset 11 width 101.00: "just a text"
      RenderSVGText {text} at (1500,4001) size 101x24 contains 1 chunk(s)
        RenderSVGInlineText {#text} at (0,0) size 101x24
          chunk 1 text run 1 at (1500.00,4020.00) startOffset 0 endOffset 11 width 101.00: "just a text"
      RenderSVGText {text} at (1600,4001) size 101x24 contains 1 chunk(s)
        RenderSVGInlineText {#text} at (0,0) size 101x24
          chunk 1 text run 1 at (1600.00,4020.00) startOffset 0 endOffset 11 width 101.00: "just a text"
      RenderSVGText {text} at (1700,4001) size 101x24 contains 1 chunk(s)
        RenderSVGInlineText {#text} at (0,0) size 101x24
          chunk 1 text run 1 at (1700.00,4020.00) startOffset 0 endOffset 11 width 101.00: "just a text"
      RenderSVGText {text} at (1800,4001) size 101x24 contains 1 chunk(s)
        RenderSVGInlineText {#text} at (0,0) size 101x24
          chunk 1 text run 1 at (1800.00,4020.00) startOffset 0 endOffset 11 width 101.00: "just a text"
      RenderSVGText {text} at (1900,4001) size 101x24 contains 1 chunk(s)
        RenderSVGInlineText {#text} at (0,0) size 101x24
          chunk 1 text run 1 at (1900.00,4020.00) startOffset 0 endOffset 11 width 101.00: "just a text"
      RenderSVGText {text} at (2000,4001) size 101x24 contains 1 chunk(s)
        RenderSVGInlineText {#text} at (0,0) size 101x24
          chunk 1 text run 1 at (2000.00,4020.00) startOffset 0 endOffset 11 width 101.00: "just a text"
      RenderSVGText {text} at (2100,4001) size 101x24 contains 1 chunk(s)
        RenderSVGInlineText {#text} at (0,0) size 101x24
          chunk 1 text run 1 at (2100.00,4020.00) startOffset 0 endOffset 11 width 101.00: "just a text"
      RenderSVGText {text} at (2200,4001) size 101x24 contains 1 chunk(s)
        RenderSVGInlineText {#text} at (0,0) size 101x24
          chunk 1 text run 1 at (2200.00,4020.00) startOffset 0 endOffset 11 width 101.00: "just a text"
      RenderSVGText {text} at (2300,4001) size 101x24 contains 1 chunk(s)
        RenderSVGInlineText {#text} at (0,0) size 101x24
          chunk 1 text run 1 at (2300.00,4020.00) startOffset 0 endOffset 11 width 101.00: "just a text"
      RenderSVGText {text} at (2400,4001) size 101x24 contains 1 chunk(s)
        RenderSVGInlineText {#text} at (0,0) size 101x24
          chunk 1 text run 1 at (2400.00,4020.00) startOffset 0 endOffset 11 width 101.00: "just a text"
      RenderSVGText {text} at (2500,4001) size 101x24 contains 1 chunk(s)
        RenderSVGInlineText {#text} at (0,0) size 101x24
          chunk 1 text run 1 at (2500.00,4020.00) startOffset 0 endOffset 11 width 101.00: "just a text"
      RenderSVGText {text} at (2600,4001) size 101x24 contains 1 chunk(s)
        RenderSVGInlineText {#text} at (0,0) size 101x24
          chunk 1 text run 1 at (2600.00,4020.00) startOffset 0 endOffset 11 width 101.00: "just a text"
      RenderSVGText {text} at (2700,4001) size 101x24 contains 1 chunk(s)
        RenderSVGInlineText {#text} at (0,0) size 101x24
          chunk 1 text run 1 at (2700.00,4020.00) startOffset 0 endOffset 11 width 101.00: "just a text"
      RenderSVGText {text} at (2800,4001) size 101x24 contains 1 chunk(s)
        RenderSVGInlineText {#text} at (0,0) size 101x24
          chunk 1 text run 1 at (2800.00,4020.00) startOffset 0 endOffset 11 width 101.00: "just a text"
      RenderSVGText {text} at (2900,4001) size 101x24 contains 1 chunk(s)
        RenderSVGInlineText {#text} at (0,0) size 101x24
          chunk 1 text run 1 at (2900.00,4020.00) startOffset 0 endOffset 11 width 101.00: "just a text"
      RenderSVGText {text} at (3000,4001) size 101x24 contains 1 chunk(s)
        RenderSVGInlineText {#text} at (0,0) size 101x24
          chunk 1 text run 1 at (3000.00,4020.00) startOffset 0 endOffset 11 width 101.00: "just a text"
      RenderSVGText {text} at (3100,4001) size 101x24 contains 1 chunk(s)
        RenderSVGInlineText {#text} at (0,0) size 101x24
          chunk 1 text run 1 at (3100.00,4020.00) startOffset 0 endOffset 11 width 101.00: "just a text"
      RenderSVGText {text} at (3200,4001) size 101x24 contains 1 chunk(s)
        RenderSVGInlineText {#text} at (0,0) size 101x24
          chunk 1 text run 1 at (3200.00,4020.00) startOffset 0 endOffset 11 width 101.00: "just a text"
      RenderSVGText {text} at (3300,4001) size 101x24 contains 1 chunk(s)
        RenderSVGInlineText {#text} at (0,0) size 101x24
          chunk 1 text run 1 at (3300.00,4020.00) startOffset 0 endOffset 11 width 101.00: "just a text"
      RenderSVGText {text} at (3400,4001) size 101x24 contains 1 chunk(s)
        RenderSVGInlineText {#text} at (0,0) size 101x24
          chunk 1 text run 1 at (3400.00,4020.00) startOffset 0 endOffset 11 width 101.00: "just a text"
      RenderSVGText {text} at (3500,4001) size 101x24 contains 1 chunk(s)
        RenderSVGInlineText {#text} at (0,0) size 101x24
          chunk 1 text run 1 at (3500.00,4020.00) startOffset 0 endOffset 11 width 101.00: "just a text"
      RenderSVGText {text} at (3600,4001) size 101x24 contains 1 chunk(s)
        RenderSVGInlineText {#text} at (0,0) size 101x24
          chunk 1 text run 1 at (3600.00,4020.00) startOffset 0 endOffset 11 width 101.00: "just a text"
      RenderSVGText {text} at (3700,4001) size 101x24 contains 1 chunk(s)
        RenderSVGInlineText {#text} at (0,0) size 101x24
          chunk 1 text run 1 at (3700.00,4020.00) startOffset 0 endOffset 11 width 101.00: "just a text"
      RenderSVGText {text} at (3800,4001) size 101x24 contains 1 chunk(s)
        RenderSVGInlineText {#text} at (0,0) size 101x24
          chunk 1 text run 1 at (3800.00,4020.00) startOffset 0 endOffset 11 width 101.00: "just a text"
      RenderSVGText {text} at (3900,4001) size 101x24 contains 1 chunk(s)
        RenderSVGInlineText {#text} at (0,0) size 101x24
          chunk 1 text run 1 at (3900.00,4020.00) startOffset 0 endOffset 11 width 101.00: "just a text"
      RenderSVGText {text} at (4000,4001) size 101x24 contains 1 chunk(s)
        RenderSVGInlineText {#text} at (0,0) size 101x24
          chunk 1 text run 1 at (4000.00,4020.00) startOffset 0 endOffset 11 width 101.00: "just a text"
      RenderSVGText {text} at (4100,4001) size 101x24 contains 1 chunk(s)
        RenderSVGInlineText {#text} at (0,0) size 101x24
          chunk 1 text run 1 at (4100.00,4020.00) startOffset 0 endOffset 11 width 101.00: "just a text"
      RenderSVGText {text} at (4200,4001) size 101x24 contains 1 chunk(s)
        RenderSVGInlineText {#text} at (0,0) size 101x24
          chunk 1 text run 1 at (4200.00,4020.00) startOffset 0 endOffset 11 width 101.00: "just a text"
      RenderSVGText {text} at (4300,4001) size 101x24 contains 1 chunk(s)
        RenderSVGInlineText {#text} at (0,0) size 101x24
          chunk 1 text run 1 at (4300.00,4020.00) startOffset 0 endOffset 11 width 101.00: "just a text"
      RenderSVGText {text} at (4400,4001) size 101x24 contains 1 chunk(s)
        RenderSVGInlineText {#text} at (0,0) size 101x24
          chunk 1 text run 1 at (4400.00,4020.00) startOffset 0 endOffset 11 width 101.00: "just a text"
      RenderSVGText {text} at (4500,4001) size 101x24 contains 1 chunk(s)
        RenderSVGInlineText {#text} at (0,0) size 101x24
          chunk 1 text run 1 at (4500.00,4020.00) startOffset 0 endOffset 11 width 101.00: "just a text"
      RenderSVGText {text} at (4600,4001) size 101x24 contains 1 chunk(s)
        RenderSVGInlineText {#text} at (0,0) size 101x24
          chunk 1 text run 1 at (4600.00,4020.00) startOffset 0 endOffset 11 width 101.00: "just a text"
      RenderSVGText {text} at (4700,4001) size 101x24 contains 1 chunk(s)
        RenderSVGInlineText {#text} at (0,0) size 101x24
          chunk 1 text run 1 at (4700.00,4020.00) startOffset 0 endOffset 11 width 101.00: "just a text"
      RenderSVGText {text} at (4800,4001) size 101x24 contains 1 chunk(s)
        RenderSVGInlineText {#text} at (0,0) size 101x24
          chunk 1 text run 1 at (4800.00,4020.00) startOffset 0 endOffset 11 width 101.00: "just a text"
      RenderSVGText {text} at (4900,4001) size 101x24 contains 1 chunk(s)
        RenderSVGInlineText {#text} at (0,0) size 101x24
          chunk 1 text run 1 at (4900.00,4020.00) startOffset 0 endOffset 11 width 101.00: "just a text"
      RenderSVGText {text} at (0,4101) size 101x24 contains 1 chunk(s)
        RenderSVGInlineText {#text} at (0,0) size 101x24
          chunk 1 text run 1 at (0.00,4120.00) startOffset 0 endOffset 11 width 101.00: "just a text"
      RenderSVGText {text} at (100,4101) size 101x24 contains 1 chunk(s)
        RenderSVGInlineText {#text} at (0,0) size 101x24
          chunk 1 text run 1 at (100.00,4120.00) startOffset 0 endOffset 11 width 101.00: "just a text"
      RenderSVGText {text} at (200,4101) size 101x24 contains 1 chunk(s)
        RenderSVGInlineText {#text} at (0,0) size 101x24
          chunk 1 text run 1 at (200.00,4120.00) startOffset 0 endOffset 11 width 101.00: "just a text"
      RenderSVGText {text} at (300,4101) size 101x24 contains 1 chunk(s)
        RenderSVGInlineText {#text} at (0,0) size 101x24
          chunk 1 text run 1 at (300.00,4120.00) startOffset 0 endOffset 11 width 101.00: "just a text"
      RenderSVGText {text} at (400,4101) size 101x24 contains 1 chunk(s)
        RenderSVGInlineText {#text} at (0,0) size 101x24
          chunk 1 text run 1 at (400.00,4120.00) startOffset 0 endOffset 11 width 101.00: "just a text"
      RenderSVGText {text} at (500,4101) size 101x24 contains 1 chunk(s)
        RenderSVGInlineText {#text} at (0,0) size 101x24
          chunk 1 text run 1 at (500.00,4120.00) startOffset 0 endOffset 11 width 101.00: "just a text"
      RenderSVGText {text} at (600,4101) size 101x24 contains 1 chunk(s)
        RenderSVGInlineText {#text} at (0,0) size 101x24
          chunk 1 text run 1 at (600.00,4120.00) startOffset 0 endOffset 11 width 101.00: "just a text"
      RenderSVGText {text} at (700,4101) size 101x24 contains 1 chunk(s)
        RenderSVGInlineText {#text} at (0,0) size 101x24
          chunk 1 text run 1 at (700.00,4120.00) startOffset 0 endOffset 11 width 101.00: "just a text"
      RenderSVGText {text} at (800,4101) size 101x24 contains 1 chunk(s)
        RenderSVGInlineText {#text} at (0,0) size 101x24
          chunk 1 text run 1 at (800.00,4120.00) startOffset 0 endOffset 11 width 101.00: "just a text"
      RenderSVGText {text} at (900,4101) size 101x24 contains 1 chunk(s)
        RenderSVGInlineText {#text} at (0,0) size 101x24
          chunk 1 text run 1 at (900.00,4120.00) startOffset 0 endOffset 11 width 101.00: "just a text"
      RenderSVGText {text} at (1000,4101) size 101x24 contains 1 chunk(s)
        RenderSVGInlineText {#text} at (0,0) size 101x24
          chunk 1 text run 1 at (1000.00,4120.00) startOffset 0 endOffset 11 width 101.00: "just a text"
      RenderSVGText {text} at (1100,4101) size 101x24 contains 1 chunk(s)
        RenderSVGInlineText {#text} at (0,0) size 101x24
          chunk 1 text run 1 at (1100.00,4120.00) startOffset 0 endOffset 11 width 101.00: "just a text"
      RenderSVGText {text} at (1200,4101) size 101x24 contains 1 chunk(s)
        RenderSVGInlineText {#text} at (0,0) size 101x24
          chunk 1 text run 1 at (1200.00,4120.00) startOffset 0 endOffset 11 width 101.00: "just a text"
      RenderSVGText {text} at (1300,4101) size 101x24 contains 1 chunk(s)
        RenderSVGInlineText {#text} at (0,0) size 101x24
          chunk 1 text run 1 at (1300.00,4120.00) startOffset 0 endOffset 11 width 101.00: "just a text"
      RenderSVGText {text} at (1400,4101) size 101x24 contains 1 chunk(s)
        RenderSVGInlineText {#text} at (0,0) size 101x24
          chunk 1 text run 1 at (1400.00,4120.00) startOffset 0 endOffset 11 width 101.00: "just a text"
      RenderSVGText {text} at (1500,4101) size 101x24 contains 1 chunk(s)
        RenderSVGInlineText {#text} at (0,0) size 101x24
          chunk 1 text run 1 at (1500.00,4120.00) startOffset 0 endOffset 11 width 101.00: "just a text"
      RenderSVGText {text} at (1600,4101) size 101x24 contains 1 chunk(s)
        RenderSVGInlineText {#text} at (0,0) size 101x24
          chunk 1 text run 1 at (1600.00,4120.00) startOffset 0 endOffset 11 width 101.00: "just a text"
      RenderSVGText {text} at (1700,4101) size 101x24 contains 1 chunk(s)
        RenderSVGInlineText {#text} at (0,0) size 101x24
          chunk 1 text run 1 at (1700.00,4120.00) startOffset 0 endOffset 11 width 101.00: "just a text"
      RenderSVGText {text} at (1800,4101) size 101x24 contains 1 chunk(s)
        RenderSVGInlineText {#text} at (0,0) size 101x24
          chunk 1 text run 1 at (1800.00,4120.00) startOffset 0 endOffset 11 width 101.00: "just a text"
      RenderSVGText {text} at (1900,4101) size 101x24 contains 1 chunk(s)
        RenderSVGInlineText {#text} at (0,0) size 101x24
          chunk 1 text run 1 at (1900.00,4120.00) startOffset 0 endOffset 11 width 101.00: "just a text"
      RenderSVGText {text} at (2000,4101) size 101x24 contains 1 chunk(s)
        RenderSVGInlineText {#text} at (0,0) size 101x24
          chunk 1 text run 1 at (2000.00,4120.00) startOffset 0 endOffset 11 width 101.00: "just a text"
      RenderSVGText {text} at (2100,4101) size 101x24 contains 1 chunk(s)
        RenderSVGInlineText {#text} at (0,0) size 101x24
          chunk 1 text run 1 at (2100.00,4120.00) startOffset 0 endOffset 11 width 101.00: "just a text"
      RenderSVGText {text} at (2200,4101) size 101x24 contains 1 chunk(s)
        RenderSVGInlineText {#text} at (0,0) size 101x24
          chunk 1 text run 1 at (2200.00,4120.00) startOffset 0 endOffset 11 width 101.00: "just a text"
      RenderSVGText {text} at (2300,4101) size 101x24 contains 1 chunk(s)
        RenderSVGInlineText {#text} at (0,0) size 101x24
          chunk 1 text run 1 at (2300.00,4120.00) startOffset 0 endOffset 11 width 101.00: "just a text"
      RenderSVGText {text} at (2400,4101) size 101x24 contains 1 chunk(s)
        RenderSVGInlineText {#text} at (0,0) size 101x24
          chunk 1 text run 1 at (2400.00,4120.00) startOffset 0 endOffset 11 width 101.00: "just a text"
      RenderSVGText {text} at (2500,4101) size 101x24 contains 1 chunk(s)
        RenderSVGInlineText {#text} at (0,0) size 101x24
          chunk 1 text run 1 at (2500.00,4120.00) startOffset 0 endOffset 11 width 101.00: "just a text"
      RenderSVGText {text} at (2600,4101) size 101x24 contains 1 chunk(s)
        RenderSVGInlineText {#text} at (0,0) size 101x24
          chunk 1 text run 1 at (2600.00,4120.00) startOffset 0 endOffset 11 width 101.00: "just a text"
      RenderSVGText {text} at (2700,4101) size 101x24 contains 1 chunk(s)
        RenderSVGInlineText {#text} at (0,0) size 101x24
          chunk 1 text run 1 at (2700.00,4120.00) startOffset 0 endOffset 11 width 101.00: "just a text"
      RenderSVGText {text} at (2800,4101) size 101x24 contains 1 chunk(s)
        RenderSVGInlineText {#text} at (0,0) size 101x24
          chunk 1 text run 1 at (2800.00,4120.00) startOffset 0 endOffset 11 width 101.00: "just a text"
      RenderSVGText {text} at (2900,4101) size 101x24 contains 1 chunk(s)
        RenderSVGInlineText {#text} at (0,0) size 101x24
          chunk 1 text run 1 at (2900.00,4120.00) startOffset 0 endOffset 11 width 101.00: "just a text"
      RenderSVGText {text} at (3000,4101) size 101x24 contains 1 chunk(s)
        RenderSVGInlineText {#text} at (0,0) size 101x24
          chunk 1 text run 1 at (3000.00,4120.00) startOffset 0 endOffset 11 width 101.00: "just a text"
      RenderSVGText {text} at (3100,4101) size 101x24 contains 1 chunk(s)
        RenderSVGInlineText {#text} at (0,0) size 101x24
          chunk 1 text run 1 at (3100.00,4120.00) startOffset 0 endOffset 11 width 101.00: "just a text"
      RenderSVGText {text} at (3200,4101) size 101x24 contains 1 chunk(s)
        RenderSVGInlineText {#text} at (0,0) size 101x24
          chunk 1 text run 1 at (3200.00,4120.00) startOffset 0 endOffset 11 width 101.00: "just a text"
      RenderSVGText {text} at (3300,4101) size 101x24 contains 1 chunk(s)
        RenderSVGInlineText {#text} at (0,0) size 101x24
          chunk 1 text run 1 at (3300.00,4120.00) startOffset 0 endOffset 11 width 101.00: "just a text"
      RenderSVGText {text} at (3400,4101) size 101x24 contains 1 chunk(s)
        RenderSVGInlineText {#text} at (0,0) size 101x24
          chunk 1 text run 1 at (3400.00,4120.00) startOffset 0 endOffset 11 width 101.00: "just a text"
      RenderSVGText {text} at (3500,4101) size 101x24 contains 1 chunk(s)
        RenderSVGInlineText {#text} at (0,0) size 101x24
          chunk 1 text run 1 at (3500.00,4120.00) startOffset 0 endOffset 11 width 101.00: "just a text"
      RenderSVGText {text} at (3600,4101) size 101x24 contains 1 chunk(s)
        RenderSVGInlineText {#text} at (0,0) size 101x24
          chunk 1 text run 1 at (3600.00,4120.00) startOffset 0 endOffset 11 width 101.00: "just a text"
      RenderSVGText {text} at (3700,4101) size 101x24 contains 1 chunk(s)
        RenderSVGInlineText {#text} at (0,0) size 101x24
          chunk 1 text run 1 at (3700.00,4120.00) startOffset 0 endOffset 11 width 101.00: "just a text"
      RenderSVGText {text} at (3800,4101) size 101x24 contains 1 chunk(s)
        RenderSVGInlineText {#text} at (0,0) size 101x24
          chunk 1 text run 1 at (3800.00,4120.00) startOffset 0 endOffset 11 width 101.00: "just a text"
      RenderSVGText {text} at (3900,4101) size 101x24 contains 1 chunk(s)
        RenderSVGInlineText {#text} at (0,0) size 101x24
          chunk 1 text run 1 at (3900.00,4120.00) startOffset 0 endOffset 11 width 101.00: "just a text"
      RenderSVGText {text} at (4000,4101) size 101x24 contains 1 chunk(s)
        RenderSVGInlineText {#text} at (0,0) size 101x24
          chunk 1 text run 1 at (4000.00,4120.00) startOffset 0 endOffset 11 width 101.00: "just a text"
      RenderSVGText {text} at (4100,4101) size 101x24 contains 1 chunk(s)
        RenderSVGInlineText {#text} at (0,0) size 101x24
          chunk 1 text run 1 at (4100.00,4120.00) startOffset 0 endOffset 11 width 101.00: "just a text"
      RenderSVGText {text} at (4200,4101) size 101x24 contains 1 chunk(s)
        RenderSVGInlineText {#text} at (0,0) size 101x24
          chunk 1 text run 1 at (4200.00,4120.00) startOffset 0 endOffset 11 width 101.00: "just a text"
      RenderSVGText {text} at (4300,4101) size 101x24 contains 1 chunk(s)
        RenderSVGInlineText {#text} at (0,0) size 101x24
          chunk 1 text run 1 at (4300.00,4120.00) startOffset 0 endOffset 11 width 101.00: "just a text"
      RenderSVGText {text} at (4400,4101) size 101x24 contains 1 chunk(s)
        RenderSVGInlineText {#text} at (0,0) size 101x24
          chunk 1 text run 1 at (4400.00,4120.00) startOffset 0 endOffset 11 width 101.00: "just a text"
      RenderSVGText {text} at (4500,4101) size 101x24 contains 1 chunk(s)
        RenderSVGInlineText {#text} at (0,0) size 101x24
          chunk 1 text run 1 at (4500.00,4120.00) startOffset 0 endOffset 11 width 101.00: "just a text"
      RenderSVGText {text} at (4600,4101) size 101x24 contains 1 chunk(s)
        RenderSVGInlineText {#text} at (0,0) size 101x24
          chunk 1 text run 1 at (4600.00,4120.00) startOffset 0 endOffset 11 width 101.00: "just a text"
      RenderSVGText {text} at (4700,4101) size 101x24 contains 1 chunk(s)
        RenderSVGInlineText {#text} at (0,0) size 101x24
          chunk 1 text run 1 at (4700.00,4120.00) startOffset 0 endOffset 11 width 101.00: "just a text"
      RenderSVGText {text} at (4800,4101) size 101x24 contains 1 chunk(s)
        RenderSVGInlineText {#text} at (0,0) size 101x24
          chunk 1 text run 1 at (4800.00,4120.00) startOffset 0 endOffset 11 width 101.00: "just a text"
      RenderSVGText {text} at (4900,4101) size 101x24 contains 1 chunk(s)
        RenderSVGInlineText {#text} at (0,0) size 101x24
          chunk 1 text run 1 at (4900.00,4120.00) startOffset 0 endOffset 11 width 101.00: "just a text"
      RenderSVGText {text} at (0,4201) size 101x24 contains 1 chunk(s)
        RenderSVGInlineText {#text} at (0,0) size 101x24
          chunk 1 text run 1 at (0.00,4220.00) startOffset 0 endOffset 11 width 101.00: "just a text"
      RenderSVGText {text} at (100,4201) size 101x24 contains 1 chunk(s)
        RenderSVGInlineText {#text} at (0,0) size 101x24
          chunk 1 text run 1 at (100.00,4220.00) startOffset 0 endOffset 11 width 101.00: "just a text"
      RenderSVGText {text} at (200,4201) size 101x24 contains 1 chunk(s)
        RenderSVGInlineText {#text} at (0,0) size 101x24
          chunk 1 text run 1 at (200.00,4220.00) startOffset 0 endOffset 11 width 101.00: "just a text"
      RenderSVGText {text} at (300,4201) size 101x24 contains 1 chunk(s)
        RenderSVGInlineText {#text} at (0,0) size 101x24
          chunk 1 text run 1 at (300.00,4220.00) startOffset 0 endOffset 11 width 101.00: "just a text"
      RenderSVGText {text} at (400,4201) size 101x24 contains 1 chunk(s)
        RenderSVGInlineText {#text} at (0,0) size 101x24
          chunk 1 text run 1 at (400.00,4220.00) startOffset 0 endOffset 11 width 101.00: "just a text"
      RenderSVGText {text} at (500,4201) size 101x24 contains 1 chunk(s)
        RenderSVGInlineText {#text} at (0,0) size 101x24
          chunk 1 text run 1 at (500.00,4220.00) startOffset 0 endOffset 11 width 101.00: "just a text"
      RenderSVGText {text} at (600,4201) size 101x24 contains 1 chunk(s)
        RenderSVGInlineText {#text} at (0,0) size 101x24
          chunk 1 text run 1 at (600.00,4220.00) startOffset 0 endOffset 11 width 101.00: "just a text"
      RenderSVGText {text} at (700,4201) size 101x24 contains 1 chunk(s)
        RenderSVGInlineText {#text} at (0,0) size 101x24
          chunk 1 text run 1 at (700.00,4220.00) startOffset 0 endOffset 11 width 101.00: "just a text"
      RenderSVGText {text} at (800,4201) size 101x24 contains 1 chunk(s)
        RenderSVGInlineText {#text} at (0,0) size 101x24
          chunk 1 text run 1 at (800.00,4220.00) startOffset 0 endOffset 11 width 101.00: "just a text"
      RenderSVGText {text} at (900,4201) size 101x24 contains 1 chunk(s)
        RenderSVGInlineText {#text} at (0,0) size 101x24
          chunk 1 text run 1 at (900.00,4220.00) startOffset 0 endOffset 11 width 101.00: "just a text"
      RenderSVGText {text} at (1000,4201) size 101x24 contains 1 chunk(s)
        RenderSVGInlineText {#text} at (0,0) size 101x24
          chunk 1 text run 1 at (1000.00,4220.00) startOffset 0 endOffset 11 width 101.00: "just a text"
      RenderSVGText {text} at (1100,4201) size 101x24 contains 1 chunk(s)
        RenderSVGInlineText {#text} at (0,0) size 101x24
          chunk 1 text run 1 at (1100.00,4220.00) startOffset 0 endOffset 11 width 101.00: "just a text"
      RenderSVGText {text} at (1200,4201) size 101x24 contains 1 chunk(s)
        RenderSVGInlineText {#text} at (0,0) size 101x24
          chunk 1 text run 1 at (1200.00,4220.00) startOffset 0 endOffset 11 width 101.00: "just a text"
      RenderSVGText {text} at (1300,4201) size 101x24 contains 1 chunk(s)
        RenderSVGInlineText {#text} at (0,0) size 101x24
          chunk 1 text run 1 at (1300.00,4220.00) startOffset 0 endOffset 11 width 101.00: "just a text"
      RenderSVGText {text} at (1400,4201) size 101x24 contains 1 chunk(s)
        RenderSVGInlineText {#text} at (0,0) size 101x24
          chunk 1 text run 1 at (1400.00,4220.00) startOffset 0 endOffset 11 width 101.00: "just a text"
      RenderSVGText {text} at (1500,4201) size 101x24 contains 1 chunk(s)
        RenderSVGInlineText {#text} at (0,0) size 101x24
          chunk 1 text run 1 at (1500.00,4220.00) startOffset 0 endOffset 11 width 101.00: "just a text"
      RenderSVGText {text} at (1600,4201) size 101x24 contains 1 chunk(s)
        RenderSVGInlineText {#text} at (0,0) size 101x24
          chunk 1 text run 1 at (1600.00,4220.00) startOffset 0 endOffset 11 width 101.00: "just a text"
      RenderSVGText {text} at (1700,4201) size 101x24 contains 1 chunk(s)
        RenderSVGInlineText {#text} at (0,0) size 101x24
          chunk 1 text run 1 at (1700.00,4220.00) startOffset 0 endOffset 11 width 101.00: "just a text"
      RenderSVGText {text} at (1800,4201) size 101x24 contains 1 chunk(s)
        RenderSVGInlineText {#text} at (0,0) size 101x24
          chunk 1 text run 1 at (1800.00,4220.00) startOffset 0 endOffset 11 width 101.00: "just a text"
      RenderSVGText {text} at (1900,4201) size 101x24 contains 1 chunk(s)
        RenderSVGInlineText {#text} at (0,0) size 101x24
          chunk 1 text run 1 at (1900.00,4220.00) startOffset 0 endOffset 11 width 101.00: "just a text"
      RenderSVGText {text} at (2000,4201) size 101x24 contains 1 chunk(s)
        RenderSVGInlineText {#text} at (0,0) size 101x24
          chunk 1 text run 1 at (2000.00,4220.00) startOffset 0 endOffset 11 width 101.00: "just a text"
      RenderSVGText {text} at (2100,4201) size 101x24 contains 1 chunk(s)
        RenderSVGInlineText {#text} at (0,0) size 101x24
          chunk 1 text run 1 at (2100.00,4220.00) startOffset 0 endOffset 11 width 101.00: "just a text"
      RenderSVGText {text} at (2200,4201) size 101x24 contains 1 chunk(s)
        RenderSVGInlineText {#text} at (0,0) size 101x24
          chunk 1 text run 1 at (2200.00,4220.00) startOffset 0 endOffset 11 width 101.00: "just a text"
      RenderSVGText {text} at (2300,4201) size 101x24 contains 1 chunk(s)
        RenderSVGInlineText {#text} at (0,0) size 101x24
          chunk 1 text run 1 at (2300.00,4220.00) startOffset 0 endOffset 11 width 101.00: "just a text"
      RenderSVGText {text} at (2400,4201) size 101x24 contains 1 chunk(s)
        RenderSVGInlineText {#text} at (0,0) size 101x24
          chunk 1 text run 1 at (2400.00,4220.00) startOffset 0 endOffset 11 width 101.00: "just a text"
      RenderSVGText {text} at (2500,4201) size 101x24 contains 1 chunk(s)
        RenderSVGInlineText {#text} at (0,0) size 101x24
          chunk 1 text run 1 at (2500.00,4220.00) startOffset 0 endOffset 11 width 101.00: "just a text"
      RenderSVGText {text} at (2600,4201) size 101x24 contains 1 chunk(s)
        RenderSVGInlineText {#text} at (0,0) size 101x24
          chunk 1 text run 1 at (2600.00,4220.00) startOffset 0 endOffset 11 width 101.00: "just a text"
      RenderSVGText {text} at (2700,4201) size 101x24 contains 1 chunk(s)
        RenderSVGInlineText {#text} at (0,0) size 101x24
          chunk 1 text run 1 at (2700.00,4220.00) startOffset 0 endOffset 11 width 101.00: "just a text"
      RenderSVGText {text} at (2800,4201) size 101x24 contains 1 chunk(s)
        RenderSVGInlineText {#text} at (0,0) size 101x24
          chunk 1 text run 1 at (2800.00,4220.00) startOffset 0 endOffset 11 width 101.00: "just a text"
      RenderSVGText {text} at (2900,4201) size 101x24 contains 1 chunk(s)
        RenderSVGInlineText {#text} at (0,0) size 101x24
          chunk 1 text run 1 at (2900.00,4220.00) startOffset 0 endOffset 11 width 101.00: "just a text"
      RenderSVGText {text} at (3000,4201) size 101x24 contains 1 chunk(s)
        RenderSVGInlineText {#text} at (0,0) size 101x24
          chunk 1 text run 1 at (3000.00,4220.00) startOffset 0 endOffset 11 width 101.00: "just a text"
      RenderSVGText {text} at (3100,4201) size 101x24 contains 1 chunk(s)
        RenderSVGInlineText {#text} at (0,0) size 101x24
          chunk 1 text run 1 at (3100.00,4220.00) startOffset 0 endOffset 11 width 101.00: "just a text"
      RenderSVGText {text} at (3200,4201) size 101x24 contains 1 chunk(s)
        RenderSVGInlineText {#text} at (0,0) size 101x24
          chunk 1 text run 1 at (3200.00,4220.00) startOffset 0 endOffset 11 width 101.00: "just a text"
      RenderSVGText {text} at (3300,4201) size 101x24 contains 1 chunk(s)
        RenderSVGInlineText {#text} at (0,0) size 101x24
          chunk 1 text run 1 at (3300.00,4220.00) startOffset 0 endOffset 11 width 101.00: "just a text"
      RenderSVGText {text} at (3400,4201) size 101x24 contains 1 chunk(s)
        RenderSVGInlineText {#text} at (0,0) size 101x24
          chunk 1 text run 1 at (3400.00,4220.00) startOffset 0 endOffset 11 width 101.00: "just a text"
      RenderSVGText {text} at (3500,4201) size 101x24 contains 1 chunk(s)
        RenderSVGInlineText {#text} at (0,0) size 101x24
          chunk 1 text run 1 at (3500.00,4220.00) startOffset 0 endOffset 11 width 101.00: "just a text"
      RenderSVGText {text} at (3600,4201) size 101x24 contains 1 chunk(s)
        RenderSVGInlineText {#text} at (0,0) size 101x24
          chunk 1 text run 1 at (3600.00,4220.00) startOffset 0 endOffset 11 width 101.00: "just a text"
      RenderSVGText {text} at (3700,4201) size 101x24 contains 1 chunk(s)
        RenderSVGInlineText {#text} at (0,0) size 101x24
          chunk 1 text run 1 at (3700.00,4220.00) startOffset 0 endOffset 11 width 101.00: "just a text"
      RenderSVGText {text} at (3800,4201) size 101x24 contains 1 chunk(s)
        RenderSVGInlineText {#text} at (0,0) size 101x24
          chunk 1 text run 1 at (3800.00,4220.00) startOffset 0 endOffset 11 width 101.00: "just a text"
      RenderSVGText {text} at (3900,4201) size 101x24 contains 1 chunk(s)
        RenderSVGInlineText {#text} at (0,0) size 101x24
          chunk 1 text run 1 at (3900.00,4220.00) startOffset 0 endOffset 11 width 101.00: "just a text"
      RenderSVGText {text} at (4000,4201) size 101x24 contains 1 chunk(s)
        RenderSVGInlineText {#text} at (0,0) size 101x24
          chunk 1 text run 1 at (4000.00,4220.00) startOffset 0 endOffset 11 width 101.00: "just a text"
      RenderSVGText {text} at (4100,4201) size 101x24 contains 1 chunk(s)
        RenderSVGInlineText {#text} at (0,0) size 101x24
          chunk 1 text run 1 at (4100.00,4220.00) startOffset 0 endOffset 11 width 101.00: "just a text"
      RenderSVGText {text} at (4200,4201) size 101x24 contains 1 chunk(s)
        RenderSVGInlineText {#text} at (0,0) size 101x24
          chunk 1 text run 1 at (4200.00,4220.00) startOffset 0 endOffset 11 width 101.00: "just a text"
      RenderSVGText {text} at (4300,4201) size 101x24 contains 1 chunk(s)
        RenderSVGInlineText {#text} at (0,0) size 101x24
          chunk 1 text run 1 at (4300.00,4220.00) startOffset 0 endOffset 11 width 101.00: "just a text"
      RenderSVGText {text} at (4400,4201) size 101x24 contains 1 chunk(s)
        RenderSVGInlineText {#text} at (0,0) size 101x24
          chunk 1 text run 1 at (4400.00,4220.00) startOffset 0 endOffset 11 width 101.00: "just a text"
      RenderSVGText {text} at (4500,4201) size 101x24 contains 1 chunk(s)
        RenderSVGInlineText {#text} at (0,0) size 101x24
          chunk 1 text run 1 at (4500.00,4220.00) startOffset 0 endOffset 11 width 101.00: "just a text"
      RenderSVGText {text} at (4600,4201) size 101x24 contains 1 chunk(s)
        RenderSVGInlineText {#text} at (0,0) size 101x24
          chunk 1 text run 1 at (4600.00,4220.00) startOffset 0 endOffset 11 width 101.00: "just a text"
      RenderSVGText {text} at (4700,4201) size 101x24 contains 1 chunk(s)
        RenderSVGInlineText {#text} at (0,0) size 101x24
          chunk 1 text run 1 at (4700.00,4220.00) startOffset 0 endOffset 11 width 101.00: "just a text"
      RenderSVGText {text} at (4800,4201) size 101x24 contains 1 chunk(s)
        RenderSVGInlineText {#text} at (0,0) size 101x24
          chunk 1 text run 1 at (4800.00,4220.00) startOffset 0 endOffset 11 width 101.00: "just a text"
      RenderSVGText {text} at (4900,4201) size 101x24 contains 1 chunk(s)
        RenderSVGInlineText {#text} at (0,0) size 101x24
          chunk 1 text run 1 at (4900.00,4220.00) startOffset 0 endOffset 11 width 101.00: "just a text"
      RenderSVGText {text} at (0,4301) size 101x24 contains 1 chunk(s)
        RenderSVGInlineText {#text} at (0,0) size 101x24
          chunk 1 text run 1 at (0.00,4320.00) startOffset 0 endOffset 11 width 101.00: "just a text"
      RenderSVGText {text} at (100,4301) size 101x24 contains 1 chunk(s)
        RenderSVGInlineText {#text} at (0,0) size 101x24
          chunk 1 text run 1 at (100.00,4320.00) startOffset 0 endOffset 11 width 101.00: "just a text"
      RenderSVGText {text} at (200,4301) size 101x24 contains 1 chunk(s)
        RenderSVGInlineText {#text} at (0,0) size 101x24
          chunk 1 text run 1 at (200.00,4320.00) startOffset 0 endOffset 11 width 101.00: "just a text"
      RenderSVGText {text} at (300,4301) size 101x24 contains 1 chunk(s)
        RenderSVGInlineText {#text} at (0,0) size 101x24
          chunk 1 text run 1 at (300.00,4320.00) startOffset 0 endOffset 11 width 101.00: "just a text"
      RenderSVGText {text} at (400,4301) size 101x24 contains 1 chunk(s)
        RenderSVGInlineText {#text} at (0,0) size 101x24
          chunk 1 text run 1 at (400.00,4320.00) startOffset 0 endOffset 11 width 101.00: "just a text"
      RenderSVGText {text} at (500,4301) size 101x24 contains 1 chunk(s)
        RenderSVGInlineText {#text} at (0,0) size 101x24
          chunk 1 text run 1 at (500.00,4320.00) startOffset 0 endOffset 11 width 101.00: "just a text"
      RenderSVGText {text} at (600,4301) size 101x24 contains 1 chunk(s)
        RenderSVGInlineText {#text} at (0,0) size 101x24
          chunk 1 text run 1 at (600.00,4320.00) startOffset 0 endOffset 11 width 101.00: "just a text"
      RenderSVGText {text} at (700,4301) size 101x24 contains 1 chunk(s)
        RenderSVGInlineText {#text} at (0,0) size 101x24
          chunk 1 text run 1 at (700.00,4320.00) startOffset 0 endOffset 11 width 101.00: "just a text"
      RenderSVGText {text} at (800,4301) size 101x24 contains 1 chunk(s)
        RenderSVGInlineText {#text} at (0,0) size 101x24
          chunk 1 text run 1 at (800.00,4320.00) startOffset 0 endOffset 11 width 101.00: "just a text"
      RenderSVGText {text} at (900,4301) size 101x24 contains 1 chunk(s)
        RenderSVGInlineText {#text} at (0,0) size 101x24
          chunk 1 text run 1 at (900.00,4320.00) startOffset 0 endOffset 11 width 101.00: "just a text"
      RenderSVGText {text} at (1000,4301) size 101x24 contains 1 chunk(s)
        RenderSVGInlineText {#text} at (0,0) size 101x24
          chunk 1 text run 1 at (1000.00,4320.00) startOffset 0 endOffset 11 width 101.00: "just a text"
      RenderSVGText {text} at (1100,4301) size 101x24 contains 1 chunk(s)
        RenderSVGInlineText {#text} at (0,0) size 101x24
          chunk 1 text run 1 at (1100.00,4320.00) startOffset 0 endOffset 11 width 101.00: "just a text"
      RenderSVGText {text} at (1200,4301) size 101x24 contains 1 chunk(s)
        RenderSVGInlineText {#text} at (0,0) size 101x24
          chunk 1 text run 1 at (1200.00,4320.00) startOffset 0 endOffset 11 width 101.00: "just a text"
      RenderSVGText {text} at (1300,4301) size 101x24 contains 1 chunk(s)
        RenderSVGInlineText {#text} at (0,0) size 101x24
          chunk 1 text run 1 at (1300.00,4320.00) startOffset 0 endOffset 11 width 101.00: "just a text"
      RenderSVGText {text} at (1400,4301) size 101x24 contains 1 chunk(s)
        RenderSVGInlineText {#text} at (0,0) size 101x24
          chunk 1 text run 1 at (1400.00,4320.00) startOffset 0 endOffset 11 width 101.00: "just a text"
      RenderSVGText {text} at (1500,4301) size 101x24 contains 1 chunk(s)
        RenderSVGInlineText {#text} at (0,0) size 101x24
          chunk 1 text run 1 at (1500.00,4320.00) startOffset 0 endOffset 11 width 101.00: "just a text"
      RenderSVGText {text} at (1600,4301) size 101x24 contains 1 chunk(s)
        RenderSVGInlineText {#text} at (0,0) size 101x24
          chunk 1 text run 1 at (1600.00,4320.00) startOffset 0 endOffset 11 width 101.00: "just a text"
      RenderSVGText {text} at (1700,4301) size 101x24 contains 1 chunk(s)
        RenderSVGInlineText {#text} at (0,0) size 101x24
          chunk 1 text run 1 at (1700.00,4320.00) startOffset 0 endOffset 11 width 101.00: "just a text"
      RenderSVGText {text} at (1800,4301) size 101x24 contains 1 chunk(s)
        RenderSVGInlineText {#text} at (0,0) size 101x24
          chunk 1 text run 1 at (1800.00,4320.00) startOffset 0 endOffset 11 width 101.00: "just a text"
      RenderSVGText {text} at (1900,4301) size 101x24 contains 1 chunk(s)
        RenderSVGInlineText {#text} at (0,0) size 101x24
          chunk 1 text run 1 at (1900.00,4320.00) startOffset 0 endOffset 11 width 101.00: "just a text"
      RenderSVGText {text} at (2000,4301) size 101x24 contains 1 chunk(s)
        RenderSVGInlineText {#text} at (0,0) size 101x24
          chunk 1 text run 1 at (2000.00,4320.00) startOffset 0 endOffset 11 width 101.00: "just a text"
      RenderSVGText {text} at (2100,4301) size 101x24 contains 1 chunk(s)
        RenderSVGInlineText {#text} at (0,0) size 101x24
          chunk 1 text run 1 at (2100.00,4320.00) startOffset 0 endOffset 11 width 101.00: "just a text"
      RenderSVGText {text} at (2200,4301) size 101x24 contains 1 chunk(s)
        RenderSVGInlineText {#text} at (0,0) size 101x24
          chunk 1 text run 1 at (2200.00,4320.00) startOffset 0 endOffset 11 width 101.00: "just a text"
      RenderSVGText {text} at (2300,4301) size 101x24 contains 1 chunk(s)
        RenderSVGInlineText {#text} at (0,0) size 101x24
          chunk 1 text run 1 at (2300.00,4320.00) startOffset 0 endOffset 11 width 101.00: "just a text"
      RenderSVGText {text} at (2400,4301) size 101x24 contains 1 chunk(s)
        RenderSVGInlineText {#text} at (0,0) size 101x24
          chunk 1 text run 1 at (2400.00,4320.00) startOffset 0 endOffset 11 width 101.00: "just a text"
      RenderSVGText {text} at (2500,4301) size 101x24 contains 1 chunk(s)
        RenderSVGInlineText {#text} at (0,0) size 101x24
          chunk 1 text run 1 at (2500.00,4320.00) startOffset 0 endOffset 11 width 101.00: "just a text"
      RenderSVGText {text} at (2600,4301) size 101x24 contains 1 chunk(s)
        RenderSVGInlineText {#text} at (0,0) size 101x24
          chunk 1 text run 1 at (2600.00,4320.00) startOffset 0 endOffset 11 width 101.00: "just a text"
      RenderSVGText {text} at (2700,4301) size 101x24 contains 1 chunk(s)
        RenderSVGInlineText {#text} at (0,0) size 101x24
          chunk 1 text run 1 at (2700.00,4320.00) startOffset 0 endOffset 11 width 101.00: "just a text"
      RenderSVGText {text} at (2800,4301) size 101x24 contains 1 chunk(s)
        RenderSVGInlineText {#text} at (0,0) size 101x24
          chunk 1 text run 1 at (2800.00,4320.00) startOffset 0 endOffset 11 width 101.00: "just a text"
      RenderSVGText {text} at (2900,4301) size 101x24 contains 1 chunk(s)
        RenderSVGInlineText {#text} at (0,0) size 101x24
          chunk 1 text run 1 at (2900.00,4320.00) startOffset 0 endOffset 11 width 101.00: "just a text"
      RenderSVGText {text} at (3000,4301) size 101x24 contains 1 chunk(s)
        RenderSVGInlineText {#text} at (0,0) size 101x24
          chunk 1 text run 1 at (3000.00,4320.00) startOffset 0 endOffset 11 width 101.00: "just a text"
      RenderSVGText {text} at (3100,4301) size 101x24 contains 1 chunk(s)
        RenderSVGInlineText {#text} at (0,0) size 101x24
          chunk 1 text run 1 at (3100.00,4320.00) startOffset 0 endOffset 11 width 101.00: "just a text"
      RenderSVGText {text} at (3200,4301) size 101x24 contains 1 chunk(s)
        RenderSVGInlineText {#text} at (0,0) size 101x24
          chunk 1 text run 1 at (3200.00,4320.00) startOffset 0 endOffset 11 width 101.00: "just a text"
      RenderSVGText {text} at (3300,4301) size 101x24 contains 1 chunk(s)
        RenderSVGInlineText {#text} at (0,0) size 101x24
          chunk 1 text run 1 at (3300.00,4320.00) startOffset 0 endOffset 11 width 101.00: "just a text"
      RenderSVGText {text} at (3400,4301) size 101x24 contains 1 chunk(s)
        RenderSVGInlineText {#text} at (0,0) size 101x24
          chunk 1 text run 1 at (3400.00,4320.00) startOffset 0 endOffset 11 width 101.00: "just a text"
      RenderSVGText {text} at (3500,4301) size 101x24 contains 1 chunk(s)
        RenderSVGInlineText {#text} at (0,0) size 101x24
          chunk 1 text run 1 at (3500.00,4320.00) startOffset 0 endOffset 11 width 101.00: "just a text"
      RenderSVGText {text} at (3600,4301) size 101x24 contains 1 chunk(s)
        RenderSVGInlineText {#text} at (0,0) size 101x24
          chunk 1 text run 1 at (3600.00,4320.00) startOffset 0 endOffset 11 width 101.00: "just a text"
      RenderSVGText {text} at (3700,4301) size 101x24 contains 1 chunk(s)
        RenderSVGInlineText {#text} at (0,0) size 101x24
          chunk 1 text run 1 at (3700.00,4320.00) startOffset 0 endOffset 11 width 101.00: "just a text"
      RenderSVGText {text} at (3800,4301) size 101x24 contains 1 chunk(s)
        RenderSVGInlineText {#text} at (0,0) size 101x24
          chunk 1 text run 1 at (3800.00,4320.00) startOffset 0 endOffset 11 width 101.00: "just a text"
      RenderSVGText {text} at (3900,4301) size 101x24 contains 1 chunk(s)
        RenderSVGInlineText {#text} at (0,0) size 101x24
          chunk 1 text run 1 at (3900.00,4320.00) startOffset 0 endOffset 11 width 101.00: "just a text"
      RenderSVGText {text} at (4000,4301) size 101x24 contains 1 chunk(s)
        RenderSVGInlineText {#text} at (0,0) size 101x24
          chunk 1 text run 1 at (4000.00,4320.00) startOffset 0 endOffset 11 width 101.00: "just a text"
      RenderSVGText {text} at (4100,4301) size 101x24 contains 1 chunk(s)
        RenderSVGInlineText {#text} at (0,0) size 101x24
          chunk 1 text run 1 at (4100.00,4320.00) startOffset 0 endOffset 11 width 101.00: "just a text"
      RenderSVGText {text} at (4200,4301) size 101x24 contains 1 chunk(s)
        RenderSVGInlineText {#text} at (0,0) size 101x24
          chunk 1 text run 1 at (4200.00,4320.00) startOffset 0 endOffset 11 width 101.00: "just a text"
      RenderSVGText {text} at (4300,4301) size 101x24 contains 1 chunk(s)
        RenderSVGInlineText {#text} at (0,0) size 101x24
          chunk 1 text run 1 at (4300.00,4320.00) startOffset 0 endOffset 11 width 101.00: "just a text"
      RenderSVGText {text} at (4400,4301) size 101x24 contains 1 chunk(s)
        RenderSVGInlineText {#text} at (0,0) size 101x24
          chunk 1 text run 1 at (4400.00,4320.00) startOffset 0 endOffset 11 width 101.00: "just a text"
      RenderSVGText {text} at (4500,4301) size 101x24 contains 1 chunk(s)
        RenderSVGInlineText {#text} at (0,0) size 101x24
          chunk 1 text run 1 at (4500.00,4320.00) startOffset 0 endOffset 11 width 101.00: "just a text"
      RenderSVGText {text} at (4600,4301) size 101x24 contains 1 chunk(s)
        RenderSVGInlineText {#text} at (0,0) size 101x24
          chunk 1 text run 1 at (4600.00,4320.00) startOffset 0 endOffset 11 width 101.00: "just a text"
      RenderSVGText {text} at (4700,4301) size 101x24 contains 1 chunk(s)
        RenderSVGInlineText {#text} at (0,0) size 101x24
          chunk 1 text run 1 at (4700.00,4320.00) startOffset 0 endOffset 11 width 101.00: "just a text"
      RenderSVGText {text} at (4800,4301) size 101x24 contains 1 chunk(s)
        RenderSVGInlineText {#text} at (0,0) size 101x24
          chunk 1 text run 1 at (4800.00,4320.00) startOffset 0 endOffset 11 width 101.00: "just a text"
      RenderSVGText {text} at (4900,4301) size 101x24 contains 1 chunk(s)
        RenderSVGInlineText {#text} at (0,0) size 101x24
          chunk 1 text run 1 at (4900.00,4320.00) startOffset 0 endOffset 11 width 101.00: "just a text"
      RenderSVGText {text} at (0,4401) size 101x24 contains 1 chunk(s)
        RenderSVGInlineText {#text} at (0,0) size 101x24
          chunk 1 text run 1 at (0.00,4420.00) startOffset 0 endOffset 11 width 101.00: "just a text"
      RenderSVGText {text} at (100,4401) size 101x24 contains 1 chunk(s)
        RenderSVGInlineText {#text} at (0,0) size 101x24
          chunk 1 text run 1 at (100.00,4420.00) startOffset 0 endOffset 11 width 101.00: "just a text"
      RenderSVGText {text} at (200,4401) size 101x24 contains 1 chunk(s)
        RenderSVGInlineText {#text} at (0,0) size 101x24
          chunk 1 text run 1 at (200.00,4420.00) startOffset 0 endOffset 11 width 101.00: "just a text"
      RenderSVGText {text} at (300,4401) size 101x24 contains 1 chunk(s)
        RenderSVGInlineText {#text} at (0,0) size 101x24
          chunk 1 text run 1 at (300.00,4420.00) startOffset 0 endOffset 11 width 101.00: "just a text"
      RenderSVGText {text} at (400,4401) size 101x24 contains 1 chunk(s)
        RenderSVGInlineText {#text} at (0,0) size 101x24
          chunk 1 text run 1 at (400.00,4420.00) startOffset 0 endOffset 11 width 101.00: "just a text"
      RenderSVGText {text} at (500,4401) size 101x24 contains 1 chunk(s)
        RenderSVGInlineText {#text} at (0,0) size 101x24
          chunk 1 text run 1 at (500.00,4420.00) startOffset 0 endOffset 11 width 101.00: "just a text"
      RenderSVGText {text} at (600,4401) size 101x24 contains 1 chunk(s)
        RenderSVGInlineText {#text} at (0,0) size 101x24
          chunk 1 text run 1 at (600.00,4420.00) startOffset 0 endOffset 11 width 101.00: "just a text"
      RenderSVGText {text} at (700,4401) size 101x24 contains 1 chunk(s)
        RenderSVGInlineText {#text} at (0,0) size 101x24
          chunk 1 text run 1 at (700.00,4420.00) startOffset 0 endOffset 11 width 101.00: "just a text"
      RenderSVGText {text} at (800,4401) size 101x24 contains 1 chunk(s)
        RenderSVGInlineText {#text} at (0,0) size 101x24
          chunk 1 text run 1 at (800.00,4420.00) startOffset 0 endOffset 11 width 101.00: "just a text"
      RenderSVGText {text} at (900,4401) size 101x24 contains 1 chunk(s)
        RenderSVGInlineText {#text} at (0,0) size 101x24
          chunk 1 text run 1 at (900.00,4420.00) startOffset 0 endOffset 11 width 101.00: "just a text"
      RenderSVGText {text} at (1000,4401) size 101x24 contains 1 chunk(s)
        RenderSVGInlineText {#text} at (0,0) size 101x24
          chunk 1 text run 1 at (1000.00,4420.00) startOffset 0 endOffset 11 width 101.00: "just a text"
      RenderSVGText {text} at (1100,4401) size 101x24 contains 1 chunk(s)
        RenderSVGInlineText {#text} at (0,0) size 101x24
          chunk 1 text run 1 at (1100.00,4420.00) startOffset 0 endOffset 11 width 101.00: "just a text"
      RenderSVGText {text} at (1200,4401) size 101x24 contains 1 chunk(s)
        RenderSVGInlineText {#text} at (0,0) size 101x24
          chunk 1 text run 1 at (1200.00,4420.00) startOffset 0 endOffset 11 width 101.00: "just a text"
      RenderSVGText {text} at (1300,4401) size 101x24 contains 1 chunk(s)
        RenderSVGInlineText {#text} at (0,0) size 101x24
          chunk 1 text run 1 at (1300.00,4420.00) startOffset 0 endOffset 11 width 101.00: "just a text"
      RenderSVGText {text} at (1400,4401) size 101x24 contains 1 chunk(s)
        RenderSVGInlineText {#text} at (0,0) size 101x24
          chunk 1 text run 1 at (1400.00,4420.00) startOffset 0 endOffset 11 width 101.00: "just a text"
      RenderSVGText {text} at (1500,4401) size 101x24 contains 1 chunk(s)
        RenderSVGInlineText {#text} at (0,0) size 101x24
          chunk 1 text run 1 at (1500.00,4420.00) startOffset 0 endOffset 11 width 101.00: "just a text"
      RenderSVGText {text} at (1600,4401) size 101x24 contains 1 chunk(s)
        RenderSVGInlineText {#text} at (0,0) size 101x24
          chunk 1 text run 1 at (1600.00,4420.00) startOffset 0 endOffset 11 width 101.00: "just a text"
      RenderSVGText {text} at (1700,4401) size 101x24 contains 1 chunk(s)
        RenderSVGInlineText {#text} at (0,0) size 101x24
          chunk 1 text run 1 at (1700.00,4420.00) startOffset 0 endOffset 11 width 101.00: "just a text"
      RenderSVGText {text} at (1800,4401) size 101x24 contains 1 chunk(s)
        RenderSVGInlineText {#text} at (0,0) size 101x24
          chunk 1 text run 1 at (1800.00,4420.00) startOffset 0 endOffset 11 width 101.00: "just a text"
      RenderSVGText {text} at (1900,4401) size 101x24 contains 1 chunk(s)
        RenderSVGInlineText {#text} at (0,0) size 101x24
          chunk 1 text run 1 at (1900.00,4420.00) startOffset 0 endOffset 11 width 101.00: "just a text"
      RenderSVGText {text} at (2000,4401) size 101x24 contains 1 chunk(s)
        RenderSVGInlineText {#text} at (0,0) size 101x24
          chunk 1 text run 1 at (2000.00,4420.00) startOffset 0 endOffset 11 width 101.00: "just a text"
      RenderSVGText {text} at (2100,4401) size 101x24 contains 1 chunk(s)
        RenderSVGInlineText {#text} at (0,0) size 101x24
          chunk 1 text run 1 at (2100.00,4420.00) startOffset 0 endOffset 11 width 101.00: "just a text"
      RenderSVGText {text} at (2200,4401) size 101x24 contains 1 chunk(s)
        RenderSVGInlineText {#text} at (0,0) size 101x24
          chunk 1 text run 1 at (2200.00,4420.00) startOffset 0 endOffset 11 width 101.00: "just a text"
      RenderSVGText {text} at (2300,4401) size 101x24 contains 1 chunk(s)
        RenderSVGInlineText {#text} at (0,0) size 101x24
          chunk 1 text run 1 at (2300.00,4420.00) startOffset 0 endOffset 11 width 101.00: "just a text"
      RenderSVGText {text} at (2400,4401) size 101x24 contains 1 chunk(s)
        RenderSVGInlineText {#text} at (0,0) size 101x24
          chunk 1 text run 1 at (2400.00,4420.00) startOffset 0 endOffset 11 width 101.00: "just a text"
      RenderSVGText {text} at (2500,4401) size 101x24 contains 1 chunk(s)
        RenderSVGInlineText {#text} at (0,0) size 101x24
          chunk 1 text run 1 at (2500.00,4420.00) startOffset 0 endOffset 11 width 101.00: "just a text"
      RenderSVGText {text} at (2600,4401) size 101x24 contains 1 chunk(s)
        RenderSVGInlineText {#text} at (0,0) size 101x24
          chunk 1 text run 1 at (2600.00,4420.00) startOffset 0 endOffset 11 width 101.00: "just a text"
      RenderSVGText {text} at (2700,4401) size 101x24 contains 1 chunk(s)
        RenderSVGInlineText {#text} at (0,0) size 101x24
          chunk 1 text run 1 at (2700.00,4420.00) startOffset 0 endOffset 11 width 101.00: "just a text"
      RenderSVGText {text} at (2800,4401) size 101x24 contains 1 chunk(s)
        RenderSVGInlineText {#text} at (0,0) size 101x24
          chunk 1 text run 1 at (2800.00,4420.00) startOffset 0 endOffset 11 width 101.00: "just a text"
      RenderSVGText {text} at (2900,4401) size 101x24 contains 1 chunk(s)
        RenderSVGInlineText {#text} at (0,0) size 101x24
          chunk 1 text run 1 at (2900.00,4420.00) startOffset 0 endOffset 11 width 101.00: "just a text"
      RenderSVGText {text} at (3000,4401) size 101x24 contains 1 chunk(s)
        RenderSVGInlineText {#text} at (0,0) size 101x24
          chunk 1 text run 1 at (3000.00,4420.00) startOffset 0 endOffset 11 width 101.00: "just a text"
      RenderSVGText {text} at (3100,4401) size 101x24 contains 1 chunk(s)
        RenderSVGInlineText {#text} at (0,0) size 101x24
          chunk 1 text run 1 at (3100.00,4420.00) startOffset 0 endOffset 11 width 101.00: "just a text"
      RenderSVGText {text} at (3200,4401) size 101x24 contains 1 chunk(s)
        RenderSVGInlineText {#text} at (0,0) size 101x24
          chunk 1 text run 1 at (3200.00,4420.00) startOffset 0 endOffset 11 width 101.00: "just a text"
      RenderSVGText {text} at (3300,4401) size 101x24 contains 1 chunk(s)
        RenderSVGInlineText {#text} at (0,0) size 101x24
          chunk 1 text run 1 at (3300.00,4420.00) startOffset 0 endOffset 11 width 101.00: "just a text"
      RenderSVGText {text} at (3400,4401) size 101x24 contains 1 chunk(s)
        RenderSVGInlineText {#text} at (0,0) size 101x24
          chunk 1 text run 1 at (3400.00,4420.00) startOffset 0 endOffset 11 width 101.00: "just a text"
      RenderSVGText {text} at (3500,4401) size 101x24 contains 1 chunk(s)
        RenderSVGInlineText {#text} at (0,0) size 101x24
          chunk 1 text run 1 at (3500.00,4420.00) startOffset 0 endOffset 11 width 101.00: "just a text"
      RenderSVGText {text} at (3600,4401) size 101x24 contains 1 chunk(s)
        RenderSVGInlineText {#text} at (0,0) size 101x24
          chunk 1 text run 1 at (3600.00,4420.00) startOffset 0 endOffset 11 width 101.00: "just a text"
      RenderSVGText {text} at (3700,4401) size 101x24 contains 1 chunk(s)
        RenderSVGInlineText {#text} at (0,0) size 101x24
          chunk 1 text run 1 at (3700.00,4420.00) startOffset 0 endOffset 11 width 101.00: "just a text"
      RenderSVGText {text} at (3800,4401) size 101x24 contains 1 chunk(s)
        RenderSVGInlineText {#text} at (0,0) size 101x24
          chunk 1 text run 1 at (3800.00,4420.00) startOffset 0 endOffset 11 width 101.00: "just a text"
      RenderSVGText {text} at (3900,4401) size 101x24 contains 1 chunk(s)
        RenderSVGInlineText {#text} at (0,0) size 101x24
          chunk 1 text run 1 at (3900.00,4420.00) startOffset 0 endOffset 11 width 101.00: "just a text"
      RenderSVGText {text} at (4000,4401) size 101x24 contains 1 chunk(s)
        RenderSVGInlineText {#text} at (0,0) size 101x24
          chunk 1 text run 1 at (4000.00,4420.00) startOffset 0 endOffset 11 width 101.00: "just a text"
      RenderSVGText {text} at (4100,4401) size 101x24 contains 1 chunk(s)
        RenderSVGInlineText {#text} at (0,0) size 101x24
          chunk 1 text run 1 at (4100.00,4420.00) startOffset 0 endOffset 11 width 101.00: "just a text"
      RenderSVGText {text} at (4200,4401) size 101x24 contains 1 chunk(s)
        RenderSVGInlineText {#text} at (0,0) size 101x24
          chunk 1 text run 1 at (4200.00,4420.00) startOffset 0 endOffset 11 width 101.00: "just a text"
      RenderSVGText {text} at (4300,4401) size 101x24 contains 1 chunk(s)
        RenderSVGInlineText {#text} at (0,0) size 101x24
          chunk 1 text run 1 at (4300.00,4420.00) startOffset 0 endOffset 11 width 101.00: "just a text"
      RenderSVGText {text} at (4400,4401) size 101x24 contains 1 chunk(s)
        RenderSVGInlineText {#text} at (0,0) size 101x24
          chunk 1 text run 1 at (4400.00,4420.00) startOffset 0 endOffset 11 width 101.00: "just a text"
      RenderSVGText {text} at (4500,4401) size 101x24 contains 1 chunk(s)
        RenderSVGInlineText {#text} at (0,0) size 101x24
          chunk 1 text run 1 at (4500.00,4420.00) startOffset 0 endOffset 11 width 101.00: "just a text"
      RenderSVGText {text} at (4600,4401) size 101x24 contains 1 chunk(s)
        RenderSVGInlineText {#text} at (0,0) size 101x24
          chunk 1 text run 1 at (4600.00,4420.00) startOffset 0 endOffset 11 width 101.00: "just a text"
      RenderSVGText {text} at (4700,4401) size 101x24 contains 1 chunk(s)
        RenderSVGInlineText {#text} at (0,0) size 101x24
          chunk 1 text run 1 at (4700.00,4420.00) startOffset 0 endOffset 11 width 101.00: "just a text"
      RenderSVGText {text} at (4800,4401) size 101x24 contains 1 chunk(s)
        RenderSVGInlineText {#text} at (0,0) size 101x24
          chunk 1 text run 1 at (4800.00,4420.00) startOffset 0 endOffset 11 width 101.00: "just a text"
      RenderSVGText {text} at (4900,4401) size 101x24 contains 1 chunk(s)
        RenderSVGInlineText {#text} at (0,0) size 101x24
          chunk 1 text run 1 at (4900.00,4420.00) startOffset 0 endOffset 11 width 101.00: "just a text"
      RenderSVGText {text} at (0,4501) size 101x24 contains 1 chunk(s)
        RenderSVGInlineText {#text} at (0,0) size 101x24
          chunk 1 text run 1 at (0.00,4520.00) startOffset 0 endOffset 11 width 101.00: "just a text"
      RenderSVGText {text} at (100,4501) size 101x24 contains 1 chunk(s)
        RenderSVGInlineText {#text} at (0,0) size 101x24
          chunk 1 text run 1 at (100.00,4520.00) startOffset 0 endOffset 11 width 101.00: "just a text"
      RenderSVGText {text} at (200,4501) size 101x24 contains 1 chunk(s)
        RenderSVGInlineText {#text} at (0,0) size 101x24
          chunk 1 text run 1 at (200.00,4520.00) startOffset 0 endOffset 11 width 101.00: "just a text"
      RenderSVGText {text} at (300,4501) size 101x24 contains 1 chunk(s)
        RenderSVGInlineText {#text} at (0,0) size 101x24
          chunk 1 text run 1 at (300.00,4520.00) startOffset 0 endOffset 11 width 101.00: "just a text"
      RenderSVGText {text} at (400,4501) size 101x24 contains 1 chunk(s)
        RenderSVGInlineText {#text} at (0,0) size 101x24
          chunk 1 text run 1 at (400.00,4520.00) startOffset 0 endOffset 11 width 101.00: "just a text"
      RenderSVGText {text} at (500,4501) size 101x24 contains 1 chunk(s)
        RenderSVGInlineText {#text} at (0,0) size 101x24
          chunk 1 text run 1 at (500.00,4520.00) startOffset 0 endOffset 11 width 101.00: "just a text"
      RenderSVGText {text} at (600,4501) size 101x24 contains 1 chunk(s)
        RenderSVGInlineText {#text} at (0,0) size 101x24
          chunk 1 text run 1 at (600.00,4520.00) startOffset 0 endOffset 11 width 101.00: "just a text"
      RenderSVGText {text} at (700,4501) size 101x24 contains 1 chunk(s)
        RenderSVGInlineText {#text} at (0,0) size 101x24
          chunk 1 text run 1 at (700.00,4520.00) startOffset 0 endOffset 11 width 101.00: "just a text"
      RenderSVGText {text} at (800,4501) size 101x24 contains 1 chunk(s)
        RenderSVGInlineText {#text} at (0,0) size 101x24
          chunk 1 text run 1 at (800.00,4520.00) startOffset 0 endOffset 11 width 101.00: "just a text"
      RenderSVGText {text} at (900,4501) size 101x24 contains 1 chunk(s)
        RenderSVGInlineText {#text} at (0,0) size 101x24
          chunk 1 text run 1 at (900.00,4520.00) startOffset 0 endOffset 11 width 101.00: "just a text"
      RenderSVGText {text} at (1000,4501) size 101x24 contains 1 chunk(s)
        RenderSVGInlineText {#text} at (0,0) size 101x24
          chunk 1 text run 1 at (1000.00,4520.00) startOffset 0 endOffset 11 width 101.00: "just a text"
      RenderSVGText {text} at (1100,4501) size 101x24 contains 1 chunk(s)
        RenderSVGInlineText {#text} at (0,0) size 101x24
          chunk 1 text run 1 at (1100.00,4520.00) startOffset 0 endOffset 11 width 101.00: "just a text"
      RenderSVGText {text} at (1200,4501) size 101x24 contains 1 chunk(s)
        RenderSVGInlineText {#text} at (0,0) size 101x24
          chunk 1 text run 1 at (1200.00,4520.00) startOffset 0 endOffset 11 width 101.00: "just a text"
      RenderSVGText {text} at (1300,4501) size 101x24 contains 1 chunk(s)
        RenderSVGInlineText {#text} at (0,0) size 101x24
          chunk 1 text run 1 at (1300.00,4520.00) startOffset 0 endOffset 11 width 101.00: "just a text"
      RenderSVGText {text} at (1400,4501) size 101x24 contains 1 chunk(s)
        RenderSVGInlineText {#text} at (0,0) size 101x24
          chunk 1 text run 1 at (1400.00,4520.00) startOffset 0 endOffset 11 width 101.00: "just a text"
      RenderSVGText {text} at (1500,4501) size 101x24 contains 1 chunk(s)
        RenderSVGInlineText {#text} at (0,0) size 101x24
          chunk 1 text run 1 at (1500.00,4520.00) startOffset 0 endOffset 11 width 101.00: "just a text"
      RenderSVGText {text} at (1600,4501) size 101x24 contains 1 chunk(s)
        RenderSVGInlineText {#text} at (0,0) size 101x24
          chunk 1 text run 1 at (1600.00,4520.00) startOffset 0 endOffset 11 width 101.00: "just a text"
      RenderSVGText {text} at (1700,4501) size 101x24 contains 1 chunk(s)
        RenderSVGInlineText {#text} at (0,0) size 101x24
          chunk 1 text run 1 at (1700.00,4520.00) startOffset 0 endOffset 11 width 101.00: "just a text"
      RenderSVGText {text} at (1800,4501) size 101x24 contains 1 chunk(s)
        RenderSVGInlineText {#text} at (0,0) size 101x24
          chunk 1 text run 1 at (1800.00,4520.00) startOffset 0 endOffset 11 width 101.00: "just a text"
      RenderSVGText {text} at (1900,4501) size 101x24 contains 1 chunk(s)
        RenderSVGInlineText {#text} at (0,0) size 101x24
          chunk 1 text run 1 at (1900.00,4520.00) startOffset 0 endOffset 11 width 101.00: "just a text"
      RenderSVGText {text} at (2000,4501) size 101x24 contains 1 chunk(s)
        RenderSVGInlineText {#text} at (0,0) size 101x24
          chunk 1 text run 1 at (2000.00,4520.00) startOffset 0 endOffset 11 width 101.00: "just a text"
      RenderSVGText {text} at (2100,4501) size 101x24 contains 1 chunk(s)
        RenderSVGInlineText {#text} at (0,0) size 101x24
          chunk 1 text run 1 at (2100.00,4520.00) startOffset 0 endOffset 11 width 101.00: "just a text"
      RenderSVGText {text} at (2200,4501) size 101x24 contains 1 chunk(s)
        RenderSVGInlineText {#text} at (0,0) size 101x24
          chunk 1 text run 1 at (2200.00,4520.00) startOffset 0 endOffset 11 width 101.00: "just a text"
      RenderSVGText {text} at (2300,4501) size 101x24 contains 1 chunk(s)
        RenderSVGInlineText {#text} at (0,0) size 101x24
          chunk 1 text run 1 at (2300.00,4520.00) startOffset 0 endOffset 11 width 101.00: "just a text"
      RenderSVGText {text} at (2400,4501) size 101x24 contains 1 chunk(s)
        RenderSVGInlineText {#text} at (0,0) size 101x24
          chunk 1 text run 1 at (2400.00,4520.00) startOffset 0 endOffset 11 width 101.00: "just a text"
      RenderSVGText {text} at (2500,4501) size 101x24 contains 1 chunk(s)
        RenderSVGInlineText {#text} at (0,0) size 101x24
          chunk 1 text run 1 at (2500.00,4520.00) startOffset 0 endOffset 11 width 101.00: "just a text"
      RenderSVGText {text} at (2600,4501) size 101x24 contains 1 chunk(s)
        RenderSVGInlineText {#text} at (0,0) size 101x24
          chunk 1 text run 1 at (2600.00,4520.00) startOffset 0 endOffset 11 width 101.00: "just a text"
      RenderSVGText {text} at (2700,4501) size 101x24 contains 1 chunk(s)
        RenderSVGInlineText {#text} at (0,0) size 101x24
          chunk 1 text run 1 at (2700.00,4520.00) startOffset 0 endOffset 11 width 101.00: "just a text"
      RenderSVGText {text} at (2800,4501) size 101x24 contains 1 chunk(s)
        RenderSVGInlineText {#text} at (0,0) size 101x24
          chunk 1 text run 1 at (2800.00,4520.00) startOffset 0 endOffset 11 width 101.00: "just a text"
      RenderSVGText {text} at (2900,4501) size 101x24 contains 1 chunk(s)
        RenderSVGInlineText {#text} at (0,0) size 101x24
          chunk 1 text run 1 at (2900.00,4520.00) startOffset 0 endOffset 11 width 101.00: "just a text"
      RenderSVGText {text} at (3000,4501) size 101x24 contains 1 chunk(s)
        RenderSVGInlineText {#text} at (0,0) size 101x24
          chunk 1 text run 1 at (3000.00,4520.00) startOffset 0 endOffset 11 width 101.00: "just a text"
      RenderSVGText {text} at (3100,4501) size 101x24 contains 1 chunk(s)
        RenderSVGInlineText {#text} at (0,0) size 101x24
          chunk 1 text run 1 at (3100.00,4520.00) startOffset 0 endOffset 11 width 101.00: "just a text"
      RenderSVGText {text} at (3200,4501) size 101x24 contains 1 chunk(s)
        RenderSVGInlineText {#text} at (0,0) size 101x24
          chunk 1 text run 1 at (3200.00,4520.00) startOffset 0 endOffset 11 width 101.00: "just a text"
      RenderSVGText {text} at (3300,4501) size 101x24 contains 1 chunk(s)
        RenderSVGInlineText {#text} at (0,0) size 101x24
          chunk 1 text run 1 at (3300.00,4520.00) startOffset 0 endOffset 11 width 101.00: "just a text"
      RenderSVGText {text} at (3400,4501) size 101x24 contains 1 chunk(s)
        RenderSVGInlineText {#text} at (0,0) size 101x24
          chunk 1 text run 1 at (3400.00,4520.00) startOffset 0 endOffset 11 width 101.00: "just a text"
      RenderSVGText {text} at (3500,4501) size 101x24 contains 1 chunk(s)
        RenderSVGInlineText {#text} at (0,0) size 101x24
          chunk 1 text run 1 at (3500.00,4520.00) startOffset 0 endOffset 11 width 101.00: "just a text"
      RenderSVGText {text} at (3600,4501) size 101x24 contains 1 chunk(s)
        RenderSVGInlineText {#text} at (0,0) size 101x24
          chunk 1 text run 1 at (3600.00,4520.00) startOffset 0 endOffset 11 width 101.00: "just a text"
      RenderSVGText {text} at (3700,4501) size 101x24 contains 1 chunk(s)
        RenderSVGInlineText {#text} at (0,0) size 101x24
          chunk 1 text run 1 at (3700.00,4520.00) startOffset 0 endOffset 11 width 101.00: "just a text"
      RenderSVGText {text} at (3800,4501) size 101x24 contains 1 chunk(s)
        RenderSVGInlineText {#text} at (0,0) size 101x24
          chunk 1 text run 1 at (3800.00,4520.00) startOffset 0 endOffset 11 width 101.00: "just a text"
      RenderSVGText {text} at (3900,4501) size 101x24 contains 1 chunk(s)
        RenderSVGInlineText {#text} at (0,0) size 101x24
          chunk 1 text run 1 at (3900.00,4520.00) startOffset 0 endOffset 11 width 101.00: "just a text"
      RenderSVGText {text} at (4000,4501) size 101x24 contains 1 chunk(s)
        RenderSVGInlineText {#text} at (0,0) size 101x24
          chunk 1 text run 1 at (4000.00,4520.00) startOffset 0 endOffset 11 width 101.00: "just a text"
      RenderSVGText {text} at (4100,4501) size 101x24 contains 1 chunk(s)
        RenderSVGInlineText {#text} at (0,0) size 101x24
          chunk 1 text run 1 at (4100.00,4520.00) startOffset 0 endOffset 11 width 101.00: "just a text"
      RenderSVGText {text} at (4200,4501) size 101x24 contains 1 chunk(s)
        RenderSVGInlineText {#text} at (0,0) size 101x24
          chunk 1 text run 1 at (4200.00,4520.00) startOffset 0 endOffset 11 width 101.00: "just a text"
      RenderSVGText {text} at (4300,4501) size 101x24 contains 1 chunk(s)
        RenderSVGInlineText {#text} at (0,0) size 101x24
          chunk 1 text run 1 at (4300.00,4520.00) startOffset 0 endOffset 11 width 101.00: "just a text"
      RenderSVGText {text} at (4400,4501) size 101x24 contains 1 chunk(s)
        RenderSVGInlineText {#text} at (0,0) size 101x24
          chunk 1 text run 1 at (4400.00,4520.00) startOffset 0 endOffset 11 width 101.00: "just a text"
      RenderSVGText {text} at (4500,4501) size 101x24 contains 1 chunk(s)
        RenderSVGInlineText {#text} at (0,0) size 101x24
          chunk 1 text run 1 at (4500.00,4520.00) startOffset 0 endOffset 11 width 101.00: "just a text"
      RenderSVGText {text} at (4600,4501) size 101x24 contains 1 chunk(s)
        RenderSVGInlineText {#text} at (0,0) size 101x24
          chunk 1 text run 1 at (4600.00,4520.00) startOffset 0 endOffset 11 width 101.00: "just a text"
      RenderSVGText {text} at (4700,4501) size 101x24 contains 1 chunk(s)
        RenderSVGInlineText {#text} at (0,0) size 101x24
          chunk 1 text run 1 at (4700.00,4520.00) startOffset 0 endOffset 11 width 101.00: "just a text"
      RenderSVGText {text} at (4800,4501) size 101x24 contains 1 chunk(s)
        RenderSVGInlineText {#text} at (0,0) size 101x24
          chunk 1 text run 1 at (4800.00,4520.00) startOffset 0 endOffset 11 width 101.00: "just a text"
      RenderSVGText {text} at (4900,4501) size 101x24 contains 1 chunk(s)
        RenderSVGInlineText {#text} at (0,0) size 101x24
          chunk 1 text run 1 at (4900.00,4520.00) startOffset 0 endOffset 11 width 101.00: "just a text"
      RenderSVGText {text} at (0,4601) size 101x24 contains 1 chunk(s)
        RenderSVGInlineText {#text} at (0,0) size 101x24
          chunk 1 text run 1 at (0.00,4620.00) startOffset 0 endOffset 11 width 101.00: "just a text"
      RenderSVGText {text} at (100,4601) size 101x24 contains 1 chunk(s)
        RenderSVGInlineText {#text} at (0,0) size 101x24
          chunk 1 text run 1 at (100.00,4620.00) startOffset 0 endOffset 11 width 101.00: "just a text"
      RenderSVGText {text} at (200,4601) size 101x24 contains 1 chunk(s)
        RenderSVGInlineText {#text} at (0,0) size 101x24
          chunk 1 text run 1 at (200.00,4620.00) startOffset 0 endOffset 11 width 101.00: "just a text"
      RenderSVGText {text} at (300,4601) size 101x24 contains 1 chunk(s)
        RenderSVGInlineText {#text} at (0,0) size 101x24
          chunk 1 text run 1 at (300.00,4620.00) startOffset 0 endOffset 11 width 101.00: "just a text"
      RenderSVGText {text} at (400,4601) size 101x24 contains 1 chunk(s)
        RenderSVGInlineText {#text} at (0,0) size 101x24
          chunk 1 text run 1 at (400.00,4620.00) startOffset 0 endOffset 11 width 101.00: "just a text"
      RenderSVGText {text} at (500,4601) size 101x24 contains 1 chunk(s)
        RenderSVGInlineText {#text} at (0,0) size 101x24
          chunk 1 text run 1 at (500.00,4620.00) startOffset 0 endOffset 11 width 101.00: "just a text"
      RenderSVGText {text} at (600,4601) size 101x24 contains 1 chunk(s)
        RenderSVGInlineText {#text} at (0,0) size 101x24
          chunk 1 text run 1 at (600.00,4620.00) startOffset 0 endOffset 11 width 101.00: "just a text"
      RenderSVGText {text} at (700,4601) size 101x24 contains 1 chunk(s)
        RenderSVGInlineText {#text} at (0,0) size 101x24
          chunk 1 text run 1 at (700.00,4620.00) startOffset 0 endOffset 11 width 101.00: "just a text"
      RenderSVGText {text} at (800,4601) size 101x24 contains 1 chunk(s)
        RenderSVGInlineText {#text} at (0,0) size 101x24
          chunk 1 text run 1 at (800.00,4620.00) startOffset 0 endOffset 11 width 101.00: "just a text"
      RenderSVGText {text} at (900,4601) size 101x24 contains 1 chunk(s)
        RenderSVGInlineText {#text} at (0,0) size 101x24
          chunk 1 text run 1 at (900.00,4620.00) startOffset 0 endOffset 11 width 101.00: "just a text"
      RenderSVGText {text} at (1000,4601) size 101x24 contains 1 chunk(s)
        RenderSVGInlineText {#text} at (0,0) size 101x24
          chunk 1 text run 1 at (1000.00,4620.00) startOffset 0 endOffset 11 width 101.00: "just a text"
      RenderSVGText {text} at (1100,4601) size 101x24 contains 1 chunk(s)
        RenderSVGInlineText {#text} at (0,0) size 101x24
          chunk 1 text run 1 at (1100.00,4620.00) startOffset 0 endOffset 11 width 101.00: "just a text"
      RenderSVGText {text} at (1200,4601) size 101x24 contains 1 chunk(s)
        RenderSVGInlineText {#text} at (0,0) size 101x24
          chunk 1 text run 1 at (1200.00,4620.00) startOffset 0 endOffset 11 width 101.00: "just a text"
      RenderSVGText {text} at (1300,4601) size 101x24 contains 1 chunk(s)
        RenderSVGInlineText {#text} at (0,0) size 101x24
          chunk 1 text run 1 at (1300.00,4620.00) startOffset 0 endOffset 11 width 101.00: "just a text"
      RenderSVGText {text} at (1400,4601) size 101x24 contains 1 chunk(s)
        RenderSVGInlineText {#text} at (0,0) size 101x24
          chunk 1 text run 1 at (1400.00,4620.00) startOffset 0 endOffset 11 width 101.00: "just a text"
      RenderSVGText {text} at (1500,4601) size 101x24 contains 1 chunk(s)
        RenderSVGInlineText {#text} at (0,0) size 101x24
          chunk 1 text run 1 at (1500.00,4620.00) startOffset 0 endOffset 11 width 101.00: "just a text"
      RenderSVGText {text} at (1600,4601) size 101x24 contains 1 chunk(s)
        RenderSVGInlineText {#text} at (0,0) size 101x24
          chunk 1 text run 1 at (1600.00,4620.00) startOffset 0 endOffset 11 width 101.00: "just a text"
      RenderSVGText {text} at (1700,4601) size 101x24 contains 1 chunk(s)
        RenderSVGInlineText {#text} at (0,0) size 101x24
          chunk 1 text run 1 at (1700.00,4620.00) startOffset 0 endOffset 11 width 101.00: "just a text"
      RenderSVGText {text} at (1800,4601) size 101x24 contains 1 chunk(s)
        RenderSVGInlineText {#text} at (0,0) size 101x24
          chunk 1 text run 1 at (1800.00,4620.00) startOffset 0 endOffset 11 width 101.00: "just a text"
      RenderSVGText {text} at (1900,4601) size 101x24 contains 1 chunk(s)
        RenderSVGInlineText {#text} at (0,0) size 101x24
          chunk 1 text run 1 at (1900.00,4620.00) startOffset 0 endOffset 11 width 101.00: "just a text"
      RenderSVGText {text} at (2000,4601) size 101x24 contains 1 chunk(s)
        RenderSVGInlineText {#text} at (0,0) size 101x24
          chunk 1 text run 1 at (2000.00,4620.00) startOffset 0 endOffset 11 width 101.00: "just a text"
      RenderSVGText {text} at (2100,4601) size 101x24 contains 1 chunk(s)
        RenderSVGInlineText {#text} at (0,0) size 101x24
          chunk 1 text run 1 at (2100.00,4620.00) startOffset 0 endOffset 11 width 101.00: "just a text"
      RenderSVGText {text} at (2200,4601) size 101x24 contains 1 chunk(s)
        RenderSVGInlineText {#text} at (0,0) size 101x24
          chunk 1 text run 1 at (2200.00,4620.00) startOffset 0 endOffset 11 width 101.00: "just a text"
      RenderSVGText {text} at (2300,4601) size 101x24 contains 1 chunk(s)
        RenderSVGInlineText {#text} at (0,0) size 101x24
          chunk 1 text run 1 at (2300.00,4620.00) startOffset 0 endOffset 11 width 101.00: "just a text"
      RenderSVGText {text} at (2400,4601) size 101x24 contains 1 chunk(s)
        RenderSVGInlineText {#text} at (0,0) size 101x24
          chunk 1 text run 1 at (2400.00,4620.00) startOffset 0 endOffset 11 width 101.00: "just a text"
      RenderSVGText {text} at (2500,4601) size 101x24 contains 1 chunk(s)
        RenderSVGInlineText {#text} at (0,0) size 101x24
          chunk 1 text run 1 at (2500.00,4620.00) startOffset 0 endOffset 11 width 101.00: "just a text"
      RenderSVGText {text} at (2600,4601) size 101x24 contains 1 chunk(s)
        RenderSVGInlineText {#text} at (0,0) size 101x24
          chunk 1 text run 1 at (2600.00,4620.00) startOffset 0 endOffset 11 width 101.00: "just a text"
      RenderSVGText {text} at (2700,4601) size 101x24 contains 1 chunk(s)
        RenderSVGInlineText {#text} at (0,0) size 101x24
          chunk 1 text run 1 at (2700.00,4620.00) startOffset 0 endOffset 11 width 101.00: "just a text"
      RenderSVGText {text} at (2800,4601) size 101x24 contains 1 chunk(s)
        RenderSVGInlineText {#text} at (0,0) size 101x24
          chunk 1 text run 1 at (2800.00,4620.00) startOffset 0 endOffset 11 width 101.00: "just a text"
      RenderSVGText {text} at (2900,4601) size 101x24 contains 1 chunk(s)
        RenderSVGInlineText {#text} at (0,0) size 101x24
          chunk 1 text run 1 at (2900.00,4620.00) startOffset 0 endOffset 11 width 101.00: "just a text"
      RenderSVGText {text} at (3000,4601) size 101x24 contains 1 chunk(s)
        RenderSVGInlineText {#text} at (0,0) size 101x24
          chunk 1 text run 1 at (3000.00,4620.00) startOffset 0 endOffset 11 width 101.00: "just a text"
      RenderSVGText {text} at (3100,4601) size 101x24 contains 1 chunk(s)
        RenderSVGInlineText {#text} at (0,0) size 101x24
          chunk 1 text run 1 at (3100.00,4620.00) startOffset 0 endOffset 11 width 101.00: "just a text"
      RenderSVGText {text} at (3200,4601) size 101x24 contains 1 chunk(s)
        RenderSVGInlineText {#text} at (0,0) size 101x24
          chunk 1 text run 1 at (3200.00,4620.00) startOffset 0 endOffset 11 width 101.00: "just a text"
      RenderSVGText {text} at (3300,4601) size 101x24 contains 1 chunk(s)
        RenderSVGInlineText {#text} at (0,0) size 101x24
          chunk 1 text run 1 at (3300.00,4620.00) startOffset 0 endOffset 11 width 101.00: "just a text"
      RenderSVGText {text} at (3400,4601) size 101x24 contains 1 chunk(s)
        RenderSVGInlineText {#text} at (0,0) size 101x24
          chunk 1 text run 1 at (3400.00,4620.00) startOffset 0 endOffset 11 width 101.00: "just a text"
      RenderSVGText {text} at (3500,4601) size 101x24 contains 1 chunk(s)
        RenderSVGInlineText {#text} at (0,0) size 101x24
          chunk 1 text run 1 at (3500.00,4620.00) startOffset 0 endOffset 11 width 101.00: "just a text"
      RenderSVGText {text} at (3600,4601) size 101x24 contains 1 chunk(s)
        RenderSVGInlineText {#text} at (0,0) size 101x24
          chunk 1 text run 1 at (3600.00,4620.00) startOffset 0 endOffset 11 width 101.00: "just a text"
      RenderSVGText {text} at (3700,4601) size 101x24 contains 1 chunk(s)
        RenderSVGInlineText {#text} at (0,0) size 101x24
          chunk 1 text run 1 at (3700.00,4620.00) startOffset 0 endOffset 11 width 101.00: "just a text"
      RenderSVGText {text} at (3800,4601) size 101x24 contains 1 chunk(s)
        RenderSVGInlineText {#text} at (0,0) size 101x24
          chunk 1 text run 1 at (3800.00,4620.00) startOffset 0 endOffset 11 width 101.00: "just a text"
      RenderSVGText {text} at (3900,4601) size 101x24 contains 1 chunk(s)
        RenderSVGInlineText {#text} at (0,0) size 101x24
          chunk 1 text run 1 at (3900.00,4620.00) startOffset 0 endOffset 11 width 101.00: "just a text"
      RenderSVGText {text} at (4000,4601) size 101x24 contains 1 chunk(s)
        RenderSVGInlineText {#text} at (0,0) size 101x24
          chunk 1 text run 1 at (4000.00,4620.00) startOffset 0 endOffset 11 width 101.00: "just a text"
      RenderSVGText {text} at (4100,4601) size 101x24 contains 1 chunk(s)
        RenderSVGInlineText {#text} at (0,0) size 101x24
          chunk 1 text run 1 at (4100.00,4620.00) startOffset 0 endOffset 11 width 101.00: "just a text"
      RenderSVGText {text} at (4200,4601) size 101x24 contains 1 chunk(s)
        RenderSVGInlineText {#text} at (0,0) size 101x24
          chunk 1 text run 1 at (4200.00,4620.00) startOffset 0 endOffset 11 width 101.00: "just a text"
      RenderSVGText {text} at (4300,4601) size 101x24 contains 1 chunk(s)
        RenderSVGInlineText {#text} at (0,0) size 101x24
          chunk 1 text run 1 at (4300.00,4620.00) startOffset 0 endOffset 11 width 101.00: "just a text"
      RenderSVGText {text} at (4400,4601) size 101x24 contains 1 chunk(s)
        RenderSVGInlineText {#text} at (0,0) size 101x24
          chunk 1 text run 1 at (4400.00,4620.00) startOffset 0 endOffset 11 width 101.00: "just a text"
      RenderSVGText {text} at (4500,4601) size 101x24 contains 1 chunk(s)
        RenderSVGInlineText {#text} at (0,0) size 101x24
          chunk 1 text run 1 at (4500.00,4620.00) startOffset 0 endOffset 11 width 101.00: "just a text"
      RenderSVGText {text} at (4600,4601) size 101x24 contains 1 chunk(s)
        RenderSVGInlineText {#text} at (0,0) size 101x24
          chunk 1 text run 1 at (4600.00,4620.00) startOffset 0 endOffset 11 width 101.00: "just a text"
      RenderSVGText {text} at (4700,4601) size 101x24 contains 1 chunk(s)
        RenderSVGInlineText {#text} at (0,0) size 101x24
          chunk 1 text run 1 at (4700.00,4620.00) startOffset 0 endOffset 11 width 101.00: "just a text"
      RenderSVGText {text} at (4800,4601) size 101x24 contains 1 chunk(s)
        RenderSVGInlineText {#text} at (0,0) size 101x24
          chunk 1 text run 1 at (4800.00,4620.00) startOffset 0 endOffset 11 width 101.00: "just a text"
      RenderSVGText {text} at (4900,4601) size 101x24 contains 1 chunk(s)
        RenderSVGInlineText {#text} at (0,0) size 101x24
          chunk 1 text run 1 at (4900.00,4620.00) startOffset 0 endOffset 11 width 101.00: "just a text"
      RenderSVGText {text} at (0,4701) size 101x24 contains 1 chunk(s)
        RenderSVGInlineText {#text} at (0,0) size 101x24
          chunk 1 text run 1 at (0.00,4720.00) startOffset 0 endOffset 11 width 101.00: "just a text"
      RenderSVGText {text} at (100,4701) size 101x24 contains 1 chunk(s)
        RenderSVGInlineText {#text} at (0,0) size 101x24
          chunk 1 text run 1 at (100.00,4720.00) startOffset 0 endOffset 11 width 101.00: "just a text"
      RenderSVGText {text} at (200,4701) size 101x24 contains 1 chunk(s)
        RenderSVGInlineText {#text} at (0,0) size 101x24
          chunk 1 text run 1 at (200.00,4720.00) startOffset 0 endOffset 11 width 101.00: "just a text"
      RenderSVGText {text} at (300,4701) size 101x24 contains 1 chunk(s)
        RenderSVGInlineText {#text} at (0,0) size 101x24
          chunk 1 text run 1 at (300.00,4720.00) startOffset 0 endOffset 11 width 101.00: "just a text"
      RenderSVGText {text} at (400,4701) size 101x24 contains 1 chunk(s)
        RenderSVGInlineText {#text} at (0,0) size 101x24
          chunk 1 text run 1 at (400.00,4720.00) startOffset 0 endOffset 11 width 101.00: "just a text"
      RenderSVGText {text} at (500,4701) size 101x24 contains 1 chunk(s)
        RenderSVGInlineText {#text} at (0,0) size 101x24
          chunk 1 text run 1 at (500.00,4720.00) startOffset 0 endOffset 11 width 101.00: "just a text"
      RenderSVGText {text} at (600,4701) size 101x24 contains 1 chunk(s)
        RenderSVGInlineText {#text} at (0,0) size 101x24
          chunk 1 text run 1 at (600.00,4720.00) startOffset 0 endOffset 11 width 101.00: "just a text"
      RenderSVGText {text} at (700,4701) size 101x24 contains 1 chunk(s)
        RenderSVGInlineText {#text} at (0,0) size 101x24
          chunk 1 text run 1 at (700.00,4720.00) startOffset 0 endOffset 11 width 101.00: "just a text"
      RenderSVGText {text} at (800,4701) size 101x24 contains 1 chunk(s)
        RenderSVGInlineText {#text} at (0,0) size 101x24
          chunk 1 text run 1 at (800.00,4720.00) startOffset 0 endOffset 11 width 101.00: "just a text"
      RenderSVGText {text} at (900,4701) size 101x24 contains 1 chunk(s)
        RenderSVGInlineText {#text} at (0,0) size 101x24
          chunk 1 text run 1 at (900.00,4720.00) startOffset 0 endOffset 11 width 101.00: "just a text"
      RenderSVGText {text} at (1000,4701) size 101x24 contains 1 chunk(s)
        RenderSVGInlineText {#text} at (0,0) size 101x24
          chunk 1 text run 1 at (1000.00,4720.00) startOffset 0 endOffset 11 width 101.00: "just a text"
      RenderSVGText {text} at (1100,4701) size 101x24 contains 1 chunk(s)
        RenderSVGInlineText {#text} at (0,0) size 101x24
          chunk 1 text run 1 at (1100.00,4720.00) startOffset 0 endOffset 11 width 101.00: "just a text"
      RenderSVGText {text} at (1200,4701) size 101x24 contains 1 chunk(s)
        RenderSVGInlineText {#text} at (0,0) size 101x24
          chunk 1 text run 1 at (1200.00,4720.00) startOffset 0 endOffset 11 width 101.00: "just a text"
      RenderSVGText {text} at (1300,4701) size 101x24 contains 1 chunk(s)
        RenderSVGInlineText {#text} at (0,0) size 101x24
          chunk 1 text run 1 at (1300.00,4720.00) startOffset 0 endOffset 11 width 101.00: "just a text"
      RenderSVGText {text} at (1400,4701) size 101x24 contains 1 chunk(s)
        RenderSVGInlineText {#text} at (0,0) size 101x24
          chunk 1 text run 1 at (1400.00,4720.00) startOffset 0 endOffset 11 width 101.00: "just a text"
      RenderSVGText {text} at (1500,4701) size 101x24 contains 1 chunk(s)
        RenderSVGInlineText {#text} at (0,0) size 101x24
          chunk 1 text run 1 at (1500.00,4720.00) startOffset 0 endOffset 11 width 101.00: "just a text"
      RenderSVGText {text} at (1600,4701) size 101x24 contains 1 chunk(s)
        RenderSVGInlineText {#text} at (0,0) size 101x24
          chunk 1 text run 1 at (1600.00,4720.00) startOffset 0 endOffset 11 width 101.00: "just a text"
      RenderSVGText {text} at (1700,4701) size 101x24 contains 1 chunk(s)
        RenderSVGInlineText {#text} at (0,0) size 101x24
          chunk 1 text run 1 at (1700.00,4720.00) startOffset 0 endOffset 11 width 101.00: "just a text"
      RenderSVGText {text} at (1800,4701) size 101x24 contains 1 chunk(s)
        RenderSVGInlineText {#text} at (0,0) size 101x24
          chunk 1 text run 1 at (1800.00,4720.00) startOffset 0 endOffset 11 width 101.00: "just a text"
      RenderSVGText {text} at (1900,4701) size 101x24 contains 1 chunk(s)
        RenderSVGInlineText {#text} at (0,0) size 101x24
          chunk 1 text run 1 at (1900.00,4720.00) startOffset 0 endOffset 11 width 101.00: "just a text"
      RenderSVGText {text} at (2000,4701) size 101x24 contains 1 chunk(s)
        RenderSVGInlineText {#text} at (0,0) size 101x24
          chunk 1 text run 1 at (2000.00,4720.00) startOffset 0 endOffset 11 width 101.00: "just a text"
      RenderSVGText {text} at (2100,4701) size 101x24 contains 1 chunk(s)
        RenderSVGInlineText {#text} at (0,0) size 101x24
          chunk 1 text run 1 at (2100.00,4720.00) startOffset 0 endOffset 11 width 101.00: "just a text"
      RenderSVGText {text} at (2200,4701) size 101x24 contains 1 chunk(s)
        RenderSVGInlineText {#text} at (0,0) size 101x24
          chunk 1 text run 1 at (2200.00,4720.00) startOffset 0 endOffset 11 width 101.00: "just a text"
      RenderSVGText {text} at (2300,4701) size 101x24 contains 1 chunk(s)
        RenderSVGInlineText {#text} at (0,0) size 101x24
          chunk 1 text run 1 at (2300.00,4720.00) startOffset 0 endOffset 11 width 101.00: "just a text"
      RenderSVGText {text} at (2400,4701) size 101x24 contains 1 chunk(s)
        RenderSVGInlineText {#text} at (0,0) size 101x24
          chunk 1 text run 1 at (2400.00,4720.00) startOffset 0 endOffset 11 width 101.00: "just a text"
      RenderSVGText {text} at (2500,4701) size 101x24 contains 1 chunk(s)
        RenderSVGInlineText {#text} at (0,0) size 101x24
          chunk 1 text run 1 at (2500.00,4720.00) startOffset 0 endOffset 11 width 101.00: "just a text"
      RenderSVGText {text} at (2600,4701) size 101x24 contains 1 chunk(s)
        RenderSVGInlineText {#text} at (0,0) size 101x24
          chunk 1 text run 1 at (2600.00,4720.00) startOffset 0 endOffset 11 width 101.00: "just a text"
      RenderSVGText {text} at (2700,4701) size 101x24 contains 1 chunk(s)
        RenderSVGInlineText {#text} at (0,0) size 101x24
          chunk 1 text run 1 at (2700.00,4720.00) startOffset 0 endOffset 11 width 101.00: "just a text"
      RenderSVGText {text} at (2800,4701) size 101x24 contains 1 chunk(s)
        RenderSVGInlineText {#text} at (0,0) size 101x24
          chunk 1 text run 1 at (2800.00,4720.00) startOffset 0 endOffset 11 width 101.00: "just a text"
      RenderSVGText {text} at (2900,4701) size 101x24 contains 1 chunk(s)
        RenderSVGInlineText {#text} at (0,0) size 101x24
          chunk 1 text run 1 at (2900.00,4720.00) startOffset 0 endOffset 11 width 101.00: "just a text"
      RenderSVGText {text} at (3000,4701) size 101x24 contains 1 chunk(s)
        RenderSVGInlineText {#text} at (0,0) size 101x24
          chunk 1 text run 1 at (3000.00,4720.00) startOffset 0 endOffset 11 width 101.00: "just a text"
      RenderSVGText {text} at (3100,4701) size 101x24 contains 1 chunk(s)
        RenderSVGInlineText {#text} at (0,0) size 101x24
          chunk 1 text run 1 at (3100.00,4720.00) startOffset 0 endOffset 11 width 101.00: "just a text"
      RenderSVGText {text} at (3200,4701) size 101x24 contains 1 chunk(s)
        RenderSVGInlineText {#text} at (0,0) size 101x24
          chunk 1 text run 1 at (3200.00,4720.00) startOffset 0 endOffset 11 width 101.00: "just a text"
      RenderSVGText {text} at (3300,4701) size 101x24 contains 1 chunk(s)
        RenderSVGInlineText {#text} at (0,0) size 101x24
          chunk 1 text run 1 at (3300.00,4720.00) startOffset 0 endOffset 11 width 101.00: "just a text"
      RenderSVGText {text} at (3400,4701) size 101x24 contains 1 chunk(s)
        RenderSVGInlineText {#text} at (0,0) size 101x24
          chunk 1 text run 1 at (3400.00,4720.00) startOffset 0 endOffset 11 width 101.00: "just a text"
      RenderSVGText {text} at (3500,4701) size 101x24 contains 1 chunk(s)
        RenderSVGInlineText {#text} at (0,0) size 101x24
          chunk 1 text run 1 at (3500.00,4720.00) startOffset 0 endOffset 11 width 101.00: "just a text"
      RenderSVGText {text} at (3600,4701) size 101x24 contains 1 chunk(s)
        RenderSVGInlineText {#text} at (0,0) size 101x24
          chunk 1 text run 1 at (3600.00,4720.00) startOffset 0 endOffset 11 width 101.00: "just a text"
      RenderSVGText {text} at (3700,4701) size 101x24 contains 1 chunk(s)
        RenderSVGInlineText {#text} at (0,0) size 101x24
          chunk 1 text run 1 at (3700.00,4720.00) startOffset 0 endOffset 11 width 101.00: "just a text"
      RenderSVGText {text} at (3800,4701) size 101x24 contains 1 chunk(s)
        RenderSVGInlineText {#text} at (0,0) size 101x24
          chunk 1 text run 1 at (3800.00,4720.00) startOffset 0 endOffset 11 width 101.00: "just a text"
      RenderSVGText {text} at (3900,4701) size 101x24 contains 1 chunk(s)
        RenderSVGInlineText {#text} at (0,0) size 101x24
          chunk 1 text run 1 at (3900.00,4720.00) startOffset 0 endOffset 11 width 101.00: "just a text"
      RenderSVGText {text} at (4000,4701) size 101x24 contains 1 chunk(s)
        RenderSVGInlineText {#text} at (0,0) size 101x24
          chunk 1 text run 1 at (4000.00,4720.00) startOffset 0 endOffset 11 width 101.00: "just a text"
      RenderSVGText {text} at (4100,4701) size 101x24 contains 1 chunk(s)
        RenderSVGInlineText {#text} at (0,0) size 101x24
          chunk 1 text run 1 at (4100.00,4720.00) startOffset 0 endOffset 11 width 101.00: "just a text"
      RenderSVGText {text} at (4200,4701) size 101x24 contains 1 chunk(s)
        RenderSVGInlineText {#text} at (0,0) size 101x24
          chunk 1 text run 1 at (4200.00,4720.00) startOffset 0 endOffset 11 width 101.00: "just a text"
      RenderSVGText {text} at (4300,4701) size 101x24 contains 1 chunk(s)
        RenderSVGInlineText {#text} at (0,0) size 101x24
          chunk 1 text run 1 at (4300.00,4720.00) startOffset 0 endOffset 11 width 101.00: "just a text"
      RenderSVGText {text} at (4400,4701) size 101x24 contains 1 chunk(s)
        RenderSVGInlineText {#text} at (0,0) size 101x24
          chunk 1 text run 1 at (4400.00,4720.00) startOffset 0 endOffset 11 width 101.00: "just a text"
      RenderSVGText {text} at (4500,4701) size 101x24 contains 1 chunk(s)
        RenderSVGInlineText {#text} at (0,0) size 101x24
          chunk 1 text run 1 at (4500.00,4720.00) startOffset 0 endOffset 11 width 101.00: "just a text"
      RenderSVGText {text} at (4600,4701) size 101x24 contains 1 chunk(s)
        RenderSVGInlineText {#text} at (0,0) size 101x24
          chunk 1 text run 1 at (4600.00,4720.00) startOffset 0 endOffset 11 width 101.00: "just a text"
      RenderSVGText {text} at (4700,4701) size 101x24 contains 1 chunk(s)
        RenderSVGInlineText {#text} at (0,0) size 101x24
          chunk 1 text run 1 at (4700.00,4720.00) startOffset 0 endOffset 11 width 101.00: "just a text"
      RenderSVGText {text} at (4800,4701) size 101x24 contains 1 chunk(s)
        RenderSVGInlineText {#text} at (0,0) size 101x24
          chunk 1 text run 1 at (4800.00,4720.00) startOffset 0 endOffset 11 width 101.00: "just a text"
      RenderSVGText {text} at (4900,4701) size 101x24 contains 1 chunk(s)
        RenderSVGInlineText {#text} at (0,0) size 101x24
          chunk 1 text run 1 at (4900.00,4720.00) startOffset 0 endOffset 11 width 101.00: "just a text"
      RenderSVGText {text} at (0,4801) size 101x24 contains 1 chunk(s)
        RenderSVGInlineText {#text} at (0,0) size 101x24
          chunk 1 text run 1 at (0.00,4820.00) startOffset 0 endOffset 11 width 101.00: "just a text"
      RenderSVGText {text} at (100,4801) size 101x24 contains 1 chunk(s)
        RenderSVGInlineText {#text} at (0,0) size 101x24
          chunk 1 text run 1 at (100.00,4820.00) startOffset 0 endOffset 11 width 101.00: "just a text"
      RenderSVGText {text} at (200,4801) size 101x24 contains 1 chunk(s)
        RenderSVGInlineText {#text} at (0,0) size 101x24
          chunk 1 text run 1 at (200.00,4820.00) startOffset 0 endOffset 11 width 101.00: "just a text"
      RenderSVGText {text} at (300,4801) size 101x24 contains 1 chunk(s)
        RenderSVGInlineText {#text} at (0,0) size 101x24
          chunk 1 text run 1 at (300.00,4820.00) startOffset 0 endOffset 11 width 101.00: "just a text"
      RenderSVGText {text} at (400,4801) size 101x24 contains 1 chunk(s)
        RenderSVGInlineText {#text} at (0,0) size 101x24
          chunk 1 text run 1 at (400.00,4820.00) startOffset 0 endOffset 11 width 101.00: "just a text"
      RenderSVGText {text} at (500,4801) size 101x24 contains 1 chunk(s)
        RenderSVGInlineText {#text} at (0,0) size 101x24
          chunk 1 text run 1 at (500.00,4820.00) startOffset 0 endOffset 11 width 101.00: "just a text"
      RenderSVGText {text} at (600,4801) size 101x24 contains 1 chunk(s)
        RenderSVGInlineText {#text} at (0,0) size 101x24
          chunk 1 text run 1 at (600.00,4820.00) startOffset 0 endOffset 11 width 101.00: "just a text"
      RenderSVGText {text} at (700,4801) size 101x24 contains 1 chunk(s)
        RenderSVGInlineText {#text} at (0,0) size 101x24
          chunk 1 text run 1 at (700.00,4820.00) startOffset 0 endOffset 11 width 101.00: "just a text"
      RenderSVGText {text} at (800,4801) size 101x24 contains 1 chunk(s)
        RenderSVGInlineText {#text} at (0,0) size 101x24
          chunk 1 text run 1 at (800.00,4820.00) startOffset 0 endOffset 11 width 101.00: "just a text"
      RenderSVGText {text} at (900,4801) size 101x24 contains 1 chunk(s)
        RenderSVGInlineText {#text} at (0,0) size 101x24
          chunk 1 text run 1 at (900.00,4820.00) startOffset 0 endOffset 11 width 101.00: "just a text"
      RenderSVGText {text} at (1000,4801) size 101x24 contains 1 chunk(s)
        RenderSVGInlineText {#text} at (0,0) size 101x24
          chunk 1 text run 1 at (1000.00,4820.00) startOffset 0 endOffset 11 width 101.00: "just a text"
      RenderSVGText {text} at (1100,4801) size 101x24 contains 1 chunk(s)
        RenderSVGInlineText {#text} at (0,0) size 101x24
          chunk 1 text run 1 at (1100.00,4820.00) startOffset 0 endOffset 11 width 101.00: "just a text"
      RenderSVGText {text} at (1200,4801) size 101x24 contains 1 chunk(s)
        RenderSVGInlineText {#text} at (0,0) size 101x24
          chunk 1 text run 1 at (1200.00,4820.00) startOffset 0 endOffset 11 width 101.00: "just a text"
      RenderSVGText {text} at (1300,4801) size 101x24 contains 1 chunk(s)
        RenderSVGInlineText {#text} at (0,0) size 101x24
          chunk 1 text run 1 at (1300.00,4820.00) startOffset 0 endOffset 11 width 101.00: "just a text"
      RenderSVGText {text} at (1400,4801) size 101x24 contains 1 chunk(s)
        RenderSVGInlineText {#text} at (0,0) size 101x24
          chunk 1 text run 1 at (1400.00,4820.00) startOffset 0 endOffset 11 width 101.00: "just a text"
      RenderSVGText {text} at (1500,4801) size 101x24 contains 1 chunk(s)
        RenderSVGInlineText {#text} at (0,0) size 101x24
          chunk 1 text run 1 at (1500.00,4820.00) startOffset 0 endOffset 11 width 101.00: "just a text"
      RenderSVGText {text} at (1600,4801) size 101x24 contains 1 chunk(s)
        RenderSVGInlineText {#text} at (0,0) size 101x24
          chunk 1 text run 1 at (1600.00,4820.00) startOffset 0 endOffset 11 width 101.00: "just a text"
      RenderSVGText {text} at (1700,4801) size 101x24 contains 1 chunk(s)
        RenderSVGInlineText {#text} at (0,0) size 101x24
          chunk 1 text run 1 at (1700.00,4820.00) startOffset 0 endOffset 11 width 101.00: "just a text"
      RenderSVGText {text} at (1800,4801) size 101x24 contains 1 chunk(s)
        RenderSVGInlineText {#text} at (0,0) size 101x24
          chunk 1 text run 1 at (1800.00,4820.00) startOffset 0 endOffset 11 width 101.00: "just a text"
      RenderSVGText {text} at (1900,4801) size 101x24 contains 1 chunk(s)
        RenderSVGInlineText {#text} at (0,0) size 101x24
          chunk 1 text run 1 at (1900.00,4820.00) startOffset 0 endOffset 11 width 101.00: "just a text"
      RenderSVGText {text} at (2000,4801) size 101x24 contains 1 chunk(s)
        RenderSVGInlineText {#text} at (0,0) size 101x24
          chunk 1 text run 1 at (2000.00,4820.00) startOffset 0 endOffset 11 width 101.00: "just a text"
      RenderSVGText {text} at (2100,4801) size 101x24 contains 1 chunk(s)
        RenderSVGInlineText {#text} at (0,0) size 101x24
          chunk 1 text run 1 at (2100.00,4820.00) startOffset 0 endOffset 11 width 101.00: "just a text"
      RenderSVGText {text} at (2200,4801) size 101x24 contains 1 chunk(s)
        RenderSVGInlineText {#text} at (0,0) size 101x24
          chunk 1 text run 1 at (2200.00,4820.00) startOffset 0 endOffset 11 width 101.00: "just a text"
      RenderSVGText {text} at (2300,4801) size 101x24 contains 1 chunk(s)
        RenderSVGInlineText {#text} at (0,0) size 101x24
          chunk 1 text run 1 at (2300.00,4820.00) startOffset 0 endOffset 11 width 101.00: "just a text"
      RenderSVGText {text} at (2400,4801) size 101x24 contains 1 chunk(s)
        RenderSVGInlineText {#text} at (0,0) size 101x24
          chunk 1 text run 1 at (2400.00,4820.00) startOffset 0 endOffset 11 width 101.00: "just a text"
      RenderSVGText {text} at (2500,4801) size 101x24 contains 1 chunk(s)
        RenderSVGInlineText {#text} at (0,0) size 101x24
          chunk 1 text run 1 at (2500.00,4820.00) startOffset 0 endOffset 11 width 101.00: "just a text"
      RenderSVGText {text} at (2600,4801) size 101x24 contains 1 chunk(s)
        RenderSVGInlineText {#text} at (0,0) size 101x24
          chunk 1 text run 1 at (2600.00,4820.00) startOffset 0 endOffset 11 width 101.00: "just a text"
      RenderSVGText {text} at (2700,4801) size 101x24 contains 1 chunk(s)
        RenderSVGInlineText {#text} at (0,0) size 101x24
          chunk 1 text run 1 at (2700.00,4820.00) startOffset 0 endOffset 11 width 101.00: "just a text"
      RenderSVGText {text} at (2800,4801) size 101x24 contains 1 chunk(s)
        RenderSVGInlineText {#text} at (0,0) size 101x24
          chunk 1 text run 1 at (2800.00,4820.00) startOffset 0 endOffset 11 width 101.00: "just a text"
      RenderSVGText {text} at (2900,4801) size 101x24 contains 1 chunk(s)
        RenderSVGInlineText {#text} at (0,0) size 101x24
          chunk 1 text run 1 at (2900.00,4820.00) startOffset 0 endOffset 11 width 101.00: "just a text"
      RenderSVGText {text} at (3000,4801) size 101x24 contains 1 chunk(s)
        RenderSVGInlineText {#text} at (0,0) size 101x24
          chunk 1 text run 1 at (3000.00,4820.00) startOffset 0 endOffset 11 width 101.00: "just a text"
      RenderSVGText {text} at (3100,4801) size 101x24 contains 1 chunk(s)
        RenderSVGInlineText {#text} at (0,0) size 101x24
          chunk 1 text run 1 at (3100.00,4820.00) startOffset 0 endOffset 11 width 101.00: "just a text"
      RenderSVGText {text} at (3200,4801) size 101x24 contains 1 chunk(s)
        RenderSVGInlineText {#text} at (0,0) size 101x24
          chunk 1 text run 1 at (3200.00,4820.00) startOffset 0 endOffset 11 width 101.00: "just a text"
      RenderSVGText {text} at (3300,4801) size 101x24 contains 1 chunk(s)
        RenderSVGInlineText {#text} at (0,0) size 101x24
          chunk 1 text run 1 at (3300.00,4820.00) startOffset 0 endOffset 11 width 101.00: "just a text"
      RenderSVGText {text} at (3400,4801) size 101x24 contains 1 chunk(s)
        RenderSVGInlineText {#text} at (0,0) size 101x24
          chunk 1 text run 1 at (3400.00,4820.00) startOffset 0 endOffset 11 width 101.00: "just a text"
      RenderSVGText {text} at (3500,4801) size 101x24 contains 1 chunk(s)
        RenderSVGInlineText {#text} at (0,0) size 101x24
          chunk 1 text run 1 at (3500.00,4820.00) startOffset 0 endOffset 11 width 101.00: "just a text"
      RenderSVGText {text} at (3600,4801) size 101x24 contains 1 chunk(s)
        RenderSVGInlineText {#text} at (0,0) size 101x24
          chunk 1 text run 1 at (3600.00,4820.00) startOffset 0 endOffset 11 width 101.00: "just a text"
      RenderSVGText {text} at (3700,4801) size 101x24 contains 1 chunk(s)
        RenderSVGInlineText {#text} at (0,0) size 101x24
          chunk 1 text run 1 at (3700.00,4820.00) startOffset 0 endOffset 11 width 101.00: "just a text"
      RenderSVGText {text} at (3800,4801) size 101x24 contains 1 chunk(s)
        RenderSVGInlineText {#text} at (0,0) size 101x24
          chunk 1 text run 1 at (3800.00,4820.00) startOffset 0 endOffset 11 width 101.00: "just a text"
      RenderSVGText {text} at (3900,4801) size 101x24 contains 1 chunk(s)
        RenderSVGInlineText {#text} at (0,0) size 101x24
          chunk 1 text run 1 at (3900.00,4820.00) startOffset 0 endOffset 11 width 101.00: "just a text"
      RenderSVGText {text} at (4000,4801) size 101x24 contains 1 chunk(s)
        RenderSVGInlineText {#text} at (0,0) size 101x24
          chunk 1 text run 1 at (4000.00,4820.00) startOffset 0 endOffset 11 width 101.00: "just a text"
      RenderSVGText {text} at (4100,4801) size 101x24 contains 1 chunk(s)
        RenderSVGInlineText {#text} at (0,0) size 101x24
          chunk 1 text run 1 at (4100.00,4820.00) startOffset 0 endOffset 11 width 101.00: "just a text"
      RenderSVGText {text} at (4200,4801) size 101x24 contains 1 chunk(s)
        RenderSVGInlineText {#text} at (0,0) size 101x24
          chunk 1 text run 1 at (4200.00,4820.00) startOffset 0 endOffset 11 width 101.00: "just a text"
      RenderSVGText {text} at (4300,4801) size 101x24 contains 1 chunk(s)
        RenderSVGInlineText {#text} at (0,0) size 101x24
          chunk 1 text run 1 at (4300.00,4820.00) startOffset 0 endOffset 11 width 101.00: "just a text"
      RenderSVGText {text} at (4400,4801) size 101x24 contains 1 chunk(s)
        RenderSVGInlineText {#text} at (0,0) size 101x24
          chunk 1 text run 1 at (4400.00,4820.00) startOffset 0 endOffset 11 width 101.00: "just a text"
      RenderSVGText {text} at (4500,4801) size 101x24 contains 1 chunk(s)
        RenderSVGInlineText {#text} at (0,0) size 101x24
          chunk 1 text run 1 at (4500.00,4820.00) startOffset 0 endOffset 11 width 101.00: "just a text"
      RenderSVGText {text} at (4600,4801) size 101x24 contains 1 chunk(s)
        RenderSVGInlineText {#text} at (0,0) size 101x24
          chunk 1 text run 1 at (4600.00,4820.00) startOffset 0 endOffset 11 width 101.00: "just a text"
      RenderSVGText {text} at (4700,4801) size 101x24 contains 1 chunk(s)
        RenderSVGInlineText {#text} at (0,0) size 101x24
          chunk 1 text run 1 at (4700.00,4820.00) startOffset 0 endOffset 11 width 101.00: "just a text"
      RenderSVGText {text} at (4800,4801) size 101x24 contains 1 chunk(s)
        RenderSVGInlineText {#text} at (0,0) size 101x24
          chunk 1 text run 1 at (4800.00,4820.00) startOffset 0 endOffset 11 width 101.00: "just a text"
      RenderSVGText {text} at (4900,4801) size 101x24 contains 1 chunk(s)
        RenderSVGInlineText {#text} at (0,0) size 101x24
          chunk 1 text run 1 at (4900.00,4820.00) startOffset 0 endOffset 11 width 101.00: "just a text"
      RenderSVGText {text} at (0,4901) size 101x24 contains 1 chunk(s)
        RenderSVGInlineText {#text} at (0,0) size 101x24
          chunk 1 text run 1 at (0.00,4920.00) startOffset 0 endOffset 11 width 101.00: "just a text"
      RenderSVGText {text} at (100,4901) size 101x24 contains 1 chunk(s)
        RenderSVGInlineText {#text} at (0,0) size 101x24
          chunk 1 text run 1 at (100.00,4920.00) startOffset 0 endOffset 11 width 101.00: "just a text"
      RenderSVGText {text} at (200,4901) size 101x24 contains 1 chunk(s)
        RenderSVGInlineText {#text} at (0,0) size 101x24
          chunk 1 text run 1 at (200.00,4920.00) startOffset 0 endOffset 11 width 101.00: "just a text"
      RenderSVGText {text} at (300,4901) size 101x24 contains 1 chunk(s)
        RenderSVGInlineText {#text} at (0,0) size 101x24
          chunk 1 text run 1 at (300.00,4920.00) startOffset 0 endOffset 11 width 101.00: "just a text"
      RenderSVGText {text} at (400,4901) size 101x24 contains 1 chunk(s)
        RenderSVGInlineText {#text} at (0,0) size 101x24
          chunk 1 text run 1 at (400.00,4920.00) startOffset 0 endOffset 11 width 101.00: "just a text"
      RenderSVGText {text} at (500,4901) size 101x24 contains 1 chunk(s)
        RenderSVGInlineText {#text} at (0,0) size 101x24
          chunk 1 text run 1 at (500.00,4920.00) startOffset 0 endOffset 11 width 101.00: "just a text"
      RenderSVGText {text} at (600,4901) size 101x24 contains 1 chunk(s)
        RenderSVGInlineText {#text} at (0,0) size 101x24
          chunk 1 text run 1 at (600.00,4920.00) startOffset 0 endOffset 11 width 101.00: "just a text"
      RenderSVGText {text} at (700,4901) size 101x24 contains 1 chunk(s)
        RenderSVGInlineText {#text} at (0,0) size 101x24
          chunk 1 text run 1 at (700.00,4920.00) startOffset 0 endOffset 11 width 101.00: "just a text"
      RenderSVGText {text} at (800,4901) size 101x24 contains 1 chunk(s)
        RenderSVGInlineText {#text} at (0,0) size 101x24
          chunk 1 text run 1 at (800.00,4920.00) startOffset 0 endOffset 11 width 101.00: "just a text"
      RenderSVGText {text} at (900,4901) size 101x24 contains 1 chunk(s)
        RenderSVGInlineText {#text} at (0,0) size 101x24
          chunk 1 text run 1 at (900.00,4920.00) startOffset 0 endOffset 11 width 101.00: "just a text"
      RenderSVGText {text} at (1000,4901) size 101x24 contains 1 chunk(s)
        RenderSVGInlineText {#text} at (0,0) size 101x24
          chunk 1 text run 1 at (1000.00,4920.00) startOffset 0 endOffset 11 width 101.00: "just a text"
      RenderSVGText {text} at (1100,4901) size 101x24 contains 1 chunk(s)
        RenderSVGInlineText {#text} at (0,0) size 101x24
          chunk 1 text run 1 at (1100.00,4920.00) startOffset 0 endOffset 11 width 101.00: "just a text"
      RenderSVGText {text} at (1200,4901) size 101x24 contains 1 chunk(s)
        RenderSVGInlineText {#text} at (0,0) size 101x24
          chunk 1 text run 1 at (1200.00,4920.00) startOffset 0 endOffset 11 width 101.00: "just a text"
      RenderSVGText {text} at (1300,4901) size 101x24 contains 1 chunk(s)
        RenderSVGInlineText {#text} at (0,0) size 101x24
          chunk 1 text run 1 at (1300.00,4920.00) startOffset 0 endOffset 11 width 101.00: "just a text"
      RenderSVGText {text} at (1400,4901) size 101x24 contains 1 chunk(s)
        RenderSVGInlineText {#text} at (0,0) size 101x24
          chunk 1 text run 1 at (1400.00,4920.00) startOffset 0 endOffset 11 width 101.00: "just a text"
      RenderSVGText {text} at (1500,4901) size 101x24 contains 1 chunk(s)
        RenderSVGInlineText {#text} at (0,0) size 101x24
          chunk 1 text run 1 at (1500.00,4920.00) startOffset 0 endOffset 11 width 101.00: "just a text"
      RenderSVGText {text} at (1600,4901) size 101x24 contains 1 chunk(s)
        RenderSVGInlineText {#text} at (0,0) size 101x24
          chunk 1 text run 1 at (1600.00,4920.00) startOffset 0 endOffset 11 width 101.00: "just a text"
      RenderSVGText {text} at (1700,4901) size 101x24 contains 1 chunk(s)
        RenderSVGInlineText {#text} at (0,0) size 101x24
          chunk 1 text run 1 at (1700.00,4920.00) startOffset 0 endOffset 11 width 101.00: "just a text"
      RenderSVGText {text} at (1800,4901) size 101x24 contains 1 chunk(s)
        RenderSVGInlineText {#text} at (0,0) size 101x24
          chunk 1 text run 1 at (1800.00,4920.00) startOffset 0 endOffset 11 width 101.00: "just a text"
      RenderSVGText {text} at (1900,4901) size 101x24 contains 1 chunk(s)
        RenderSVGInlineText {#text} at (0,0) size 101x24
          chunk 1 text run 1 at (1900.00,4920.00) startOffset 0 endOffset 11 width 101.00: "just a text"
      RenderSVGText {text} at (2000,4901) size 101x24 contains 1 chunk(s)
        RenderSVGInlineText {#text} at (0,0) size 101x24
          chunk 1 text run 1 at (2000.00,4920.00) startOffset 0 endOffset 11 width 101.00: "just a text"
      RenderSVGText {text} at (2100,4901) size 101x24 contains 1 chunk(s)
        RenderSVGInlineText {#text} at (0,0) size 101x24
          chunk 1 text run 1 at (2100.00,4920.00) startOffset 0 endOffset 11 width 101.00: "just a text"
      RenderSVGText {text} at (2200,4901) size 101x24 contains 1 chunk(s)
        RenderSVGInlineText {#text} at (0,0) size 101x24
          chunk 1 text run 1 at (2200.00,4920.00) startOffset 0 endOffset 11 width 101.00: "just a text"
      RenderSVGText {text} at (2300,4901) size 101x24 contains 1 chunk(s)
        RenderSVGInlineText {#text} at (0,0) size 101x24
          chunk 1 text run 1 at (2300.00,4920.00) startOffset 0 endOffset 11 width 101.00: "just a text"
      RenderSVGText {text} at (2400,4901) size 101x24 contains 1 chunk(s)
        RenderSVGInlineText {#text} at (0,0) size 101x24
          chunk 1 text run 1 at (2400.00,4920.00) startOffset 0 endOffset 11 width 101.00: "just a text"
      RenderSVGText {text} at (2500,4901) size 101x24 contains 1 chunk(s)
        RenderSVGInlineText {#text} at (0,0) size 101x24
          chunk 1 text run 1 at (2500.00,4920.00) startOffset 0 endOffset 11 width 101.00: "just a text"
      RenderSVGText {text} at (2600,4901) size 101x24 contains 1 chunk(s)
        RenderSVGInlineText {#text} at (0,0) size 101x24
          chunk 1 text run 1 at (2600.00,4920.00) startOffset 0 endOffset 11 width 101.00: "just a text"
      RenderSVGText {text} at (2700,4901) size 101x24 contains 1 chunk(s)
        RenderSVGInlineText {#text} at (0,0) size 101x24
          chunk 1 text run 1 at (2700.00,4920.00) startOffset 0 endOffset 11 width 101.00: "just a text"
      RenderSVGText {text} at (2800,4901) size 101x24 contains 1 chunk(s)
        RenderSVGInlineText {#text} at (0,0) size 101x24
          chunk 1 text run 1 at (2800.00,4920.00) startOffset 0 endOffset 11 width 101.00: "just a text"
      RenderSVGText {text} at (2900,4901) size 101x24 contains 1 chunk(s)
        RenderSVGInlineText {#text} at (0,0) size 101x24
          chunk 1 text run 1 at (2900.00,4920.00) startOffset 0 endOffset 11 width 101.00: "just a text"
      RenderSVGText {text} at (3000,4901) size 101x24 contains 1 chunk(s)
        RenderSVGInlineText {#text} at (0,0) size 101x24
          chunk 1 text run 1 at (3000.00,4920.00) startOffset 0 endOffset 11 width 101.00: "just a text"
      RenderSVGText {text} at (3100,4901) size 101x24 contains 1 chunk(s)
        RenderSVGInlineText {#text} at (0,0) size 101x24
          chunk 1 text run 1 at (3100.00,4920.00) startOffset 0 endOffset 11 width 101.00: "just a text"
      RenderSVGText {text} at (3200,4901) size 101x24 contains 1 chunk(s)
        RenderSVGInlineText {#text} at (0,0) size 101x24
          chunk 1 text run 1 at (3200.00,4920.00) startOffset 0 endOffset 11 width 101.00: "just a text"
      RenderSVGText {text} at (3300,4901) size 101x24 contains 1 chunk(s)
        RenderSVGInlineText {#text} at (0,0) size 101x24
          chunk 1 text run 1 at (3300.00,4920.00) startOffset 0 endOffset 11 width 101.00: "just a text"
      RenderSVGText {text} at (3400,4901) size 101x24 contains 1 chunk(s)
        RenderSVGInlineText {#text} at (0,0) size 101x24
          chunk 1 text run 1 at (3400.00,4920.00) startOffset 0 endOffset 11 width 101.00: "just a text"
      RenderSVGText {text} at (3500,4901) size 101x24 contains 1 chunk(s)
        RenderSVGInlineText {#text} at (0,0) size 101x24
          chunk 1 text run 1 at (3500.00,4920.00) startOffset 0 endOffset 11 width 101.00: "just a text"
      RenderSVGText {text} at (3600,4901) size 101x24 contains 1 chunk(s)
        RenderSVGInlineText {#text} at (0,0) size 101x24
          chunk 1 text run 1 at (3600.00,4920.00) startOffset 0 endOffset 11 width 101.00: "just a text"
      RenderSVGText {text} at (3700,4901) size 101x24 contains 1 chunk(s)
        RenderSVGInlineText {#text} at (0,0) size 101x24
          chunk 1 text run 1 at (3700.00,4920.00) startOffset 0 endOffset 11 width 101.00: "just a text"
      RenderSVGText {text} at (3800,4901) size 101x24 contains 1 chunk(s)
        RenderSVGInlineText {#text} at (0,0) size 101x24
          chunk 1 text run 1 at (3800.00,4920.00) startOffset 0 endOffset 11 width 101.00: "just a text"
      RenderSVGText {text} at (3900,4901) size 101x24 contains 1 chunk(s)
        RenderSVGInlineText {#text} at (0,0) size 101x24
          chunk 1 text run 1 at (3900.00,4920.00) startOffset 0 endOffset 11 width 101.00: "just a text"
      RenderSVGText {text} at (4000,4901) size 101x24 contains 1 chunk(s)
        RenderSVGInlineText {#text} at (0,0) size 101x24
          chunk 1 text run 1 at (4000.00,4920.00) startOffset 0 endOffset 11 width 101.00: "just a text"
      RenderSVGText {text} at (4100,4901) size 101x24 contains 1 chunk(s)
        RenderSVGInlineText {#text} at (0,0) size 101x24
          chunk 1 text run 1 at (4100.00,4920.00) startOffset 0 endOffset 11 width 101.00: "just a text"
      RenderSVGText {text} at (4200,4901) size 101x24 contains 1 chunk(s)
        RenderSVGInlineText {#text} at (0,0) size 101x24
          chunk 1 text run 1 at (4200.00,4920.00) startOffset 0 endOffset 11 width 101.00: "just a text"
      RenderSVGText {text} at (4300,4901) size 101x24 contains 1 chunk(s)
        RenderSVGInlineText {#text} at (0,0) size 101x24
          chunk 1 text run 1 at (4300.00,4920.00) startOffset 0 endOffset 11 width 101.00: "just a text"
      RenderSVGText {text} at (4400,4901) size 101x24 contains 1 chunk(s)
        RenderSVGInlineText {#text} at (0,0) size 101x24
          chunk 1 text run 1 at (4400.00,4920.00) startOffset 0 endOffset 11 width 101.00: "just a text"
      RenderSVGText {text} at (4500,4901) size 101x24 contains 1 chunk(s)
        RenderSVGInlineText {#text} at (0,0) size 101x24
          chunk 1 text run 1 at (4500.00,4920.00) startOffset 0 endOffset 11 width 101.00: "just a text"
      RenderSVGText {text} at (4600,4901) size 101x24 contains 1 chunk(s)
        RenderSVGInlineText {#text} at (0,0) size 101x24
          chunk 1 text run 1 at (4600.00,4920.00) startOffset 0 endOffset 11 width 101.00: "just a text"
      RenderSVGText {text} at (4700,4901) size 101x24 contains 1 chunk(s)
        RenderSVGInlineText {#text} at (0,0) size 101x24
          chunk 1 text run 1 at (4700.00,4920.00) startOffset 0 endOffset 11 width 101.00: "just a text"
      RenderSVGText {text} at (4800,4901) size 101x24 contains 1 chunk(s)
        RenderSVGInlineText {#text} at (0,0) size 101x24
          chunk 1 text run 1 at (4800.00,4920.00) startOffset 0 endOffset 11 width 101.00: "just a text"
      RenderSVGText {text} at (4900,4901) size 101x24 contains 1 chunk(s)
        RenderSVGInlineText {#text} at (0,0) size 101x24
          chunk 1 text run 1 at (4900.00,4920.00) startOffset 0 endOffset 11 width 101.00: "just a text"
    RenderText {#text} at (0,0) size 0x0
