layer at (0,0) size 980x735
  RenderView at (0,0) size 980x735
layer at (0,0) size 980x374
  RenderBlock {html} at (0,0) size 980x374
    RenderBody {body} at (8,8) size 964x358
      RenderEmbeddedObject {object} at (0,0) size 175x175
        layer at (0,0) size 175x175
          RenderView at (0,0) size 175x175
        layer at (0,0) size 175x175
          RenderSVGRoot {svg} at (0,0) size 175x175
            RenderSVGRect {rect} at (0,0) size 175x175 [fill={[type=SOLID] [color=#0000FF]}] [x=0.00] [y=0.00] [width=300.00] [height=300.00]
            RenderSVGEllipse {circle} at (70,70) size 35x35 [fill={[type=SOLID] [color=#008000]}] [cx=150.00] [cy=150.00] [r=30.00]
      RenderText {#text} at (175,160) size 5x19
        text run at (175,160) width 5: " "
      RenderEmbeddedObject {object} at (180,0) size 175x175
        layer at (0,0) size 175x175
          RenderView at (0,0) size 175x175
        layer at (0,0) size 175x175
          RenderSVGRoot {svg} at (0,0) size 175x175
            RenderSVGRect {rect} at (0,0) size 175x175 [fill={[type=SOLID] [color=#0000FF]}] [x=0.00] [y=0.00] [width=300.00] [height=300.00]
            RenderSVGEllipse {circle} at (70,70) size 35x35 [fill={[type=SOLID] [color=#008000]}] [cx=150.00] [cy=150.00] [r=30.00]
      RenderText {#text} at (355,160) size 5x19
        text run at (355,160) width 5: " "
      RenderEmbeddedObject {object} at (360,0) size 175x175
        layer at (0,0) size 175x175
          RenderView at (0,0) size 175x175
        layer at (0,0) size 175x175
          RenderSVGRoot {svg} at (0,0) size 175x175
            RenderSVGRect {rect} at (0,0) size 175x175 [fill={[type=SOLID] [color=#0000FF]}] [x=0.00] [y=0.00] [width=300.00] [height=300.00]
            RenderSVGEllipse {circle} at (70,70) size 35x35 [fill={[type=SOLID] [color=#008000]}] [cx=150.00] [cy=150.00] [r=30.00]
      RenderText {#text} at (535,160) size 5x19
        text run at (535,160) width 5: " "
      RenderEmbeddedObject {object} at (540,0) size 175x175
        layer at (0,0) size 175x175
          RenderView at (0,0) size 175x175
        layer at (0,0) size 175x175
          RenderSVGRoot {svg} at (0,0) size 175x175
            RenderSVGRect {rect} at (0,0) size 175x175 [fill={[type=SOLID] [color=#0000FF]}] [x=0.00] [y=0.00] [width=300.00] [height=300.00]
            RenderSVGEllipse {circle} at (70,70) size 35x35 [fill={[type=SOLID] [color=#008000]}] [cx=150.00] [cy=150.00] [r=30.00]
      RenderText {#text} at (715,160) size 5x19
        text run at (715,160) width 5: " "
      RenderEmbeddedObject {object} at (720,0) size 175x175
        layer at (0,0) size 175x175
          RenderView at (0,0) size 175x175
        layer at (0,0) size 175x175
          RenderSVGRoot {svg} at (0,0) size 175x175
            RenderSVGRect {rect} at (0,0) size 175x175 [fill={[type=SOLID] [color=#0000FF]}] [x=0.00] [y=0.00] [width=300.00] [height=300.00]
            RenderSVGEllipse {circle} at (70,70) size 35x35 [fill={[type=SOLID] [color=#008000]}] [cx=150.00] [cy=150.00] [r=30.00]
      RenderText {#text} at (0,0) size 0x0
      RenderEmbeddedObject {object} at (0,179) size 175x175
        layer at (0,0) size 175x175
          RenderView at (0,0) size 175x175
        layer at (0,0) size 175x175
          RenderSVGRoot {svg} at (0,0) size 175x175
            RenderSVGRect {rect} at (0,0) size 175x175 [fill={[type=SOLID] [color=#0000FF]}] [x=0.00] [y=0.00] [width=300.00] [height=300.00]
            RenderSVGEllipse {circle} at (70,70) size 35x35 [fill={[type=SOLID] [color=#008000]}] [cx=150.00] [cy=150.00] [r=30.00]
      RenderText {#text} at (175,339) size 5x19
        text run at (175,339) width 5: " "
      RenderEmbeddedObject {object} at (180,179) size 175x175
        layer at (0,0) size 175x175
          RenderView at (0,0) size 175x175
        layer at (0,0) size 175x175
          RenderSVGRoot {svg} at (0,0) size 175x175
            RenderSVGRect {rect} at (0,0) size 175x175 [fill={[type=SOLID] [color=#0000FF]}] [x=0.00] [y=0.00] [width=300.00] [height=300.00]
            RenderSVGEllipse {circle} at (70,70) size 35x35 [fill={[type=SOLID] [color=#008000]}] [cx=150.00] [cy=150.00] [r=30.00]
      RenderText {#text} at (355,339) size 5x19
        text run at (355,339) width 5: " "
      RenderEmbeddedObject {object} at (360,179) size 175x175
        layer at (0,0) size 175x175
          RenderView at (0,0) size 175x175
        layer at (0,0) size 175x175
          RenderSVGRoot {svg} at (0,0) size 175x175
            RenderSVGRect {rect} at (0,0) size 175x175 [fill={[type=SOLID] [color=#0000FF]}] [x=0.00] [y=0.00] [width=300.00] [height=300.00]
            RenderSVGEllipse {circle} at (70,70) size 35x35 [fill={[type=SOLID] [color=#008000]}] [cx=150.00] [cy=150.00] [r=30.00]
      RenderText {#text} at (0,0) size 0x0
