layer at (0,0) size 980x735
  RenderView at (0,0) size 980x735
layer at (0,0) size 980x295
  RenderBlock {html} at (0,0) size 980x295
    RenderBody {body} at (8,8) size 964x279
      RenderEmbeddedObject {object} at (0,0) size 175x275 [bgcolor=#FFA500]
        layer at (0,0) size 175x275
          RenderView at (0,0) size 175x275
        layer at (0,0) size 175x275
          RenderSVGRoot {svg} at (0,50) size 175x175
            RenderSVGRect {rect} at (0,50) size 175x175 [fill={[type=SOLID] [color=#0000FF]}] [x=0.00] [y=0.00] [width=300.00] [height=300.00]
            RenderSVGEllipse {circle} at (70,120) size 35x35 [fill={[type=SOLID] [color=#008000]}] [cx=150.00] [cy=150.00] [r=30.00]
      RenderText {#text} at (175,260) size 5x19
        text run at (175,260) width 5: " "
      RenderEmbeddedObject {object} at (180,0) size 175x275 [bgcolor=#FFA500]
        layer at (0,0) size 175x275
          RenderView at (0,0) size 175x275
        layer at (0,0) size 175x275
          RenderSVGRoot {svg} at (0,50) size 175x175
            RenderSVGRect {rect} at (0,50) size 175x175 [fill={[type=SOLID] [color=#0000FF]}] [x=0.00] [y=0.00] [width=300.00] [height=300.00]
            RenderSVGEllipse {circle} at (70,120) size 35x35 [fill={[type=SOLID] [color=#008000]}] [cx=150.00] [cy=150.00] [r=30.00]
      RenderText {#text} at (355,260) size 5x19
        text run at (355,260) width 5: " "
      RenderEmbeddedObject {object} at (360,0) size 175x275 [bgcolor=#FFA500]
        layer at (0,0) size 175x275
          RenderView at (0,0) size 175x275
        layer at (0,0) size 175x275
          RenderSVGRoot {svg} at (0,50) size 175x175
            RenderSVGRect {rect} at (0,50) size 175x175 [fill={[type=SOLID] [color=#0000FF]}] [x=0.00] [y=0.00] [width=300.00] [height=300.00]
            RenderSVGEllipse {circle} at (70,120) size 35x35 [fill={[type=SOLID] [color=#008000]}] [cx=150.00] [cy=150.00] [r=30.00]
      RenderText {#text} at (535,260) size 5x19
        text run at (535,260) width 5: " "
      RenderEmbeddedObject {object} at (540,0) size 175x275 [bgcolor=#FFA500]
        layer at (0,0) size 175x275
          RenderView at (0,0) size 175x275
        layer at (0,0) size 175x275
          RenderSVGRoot {svg} at (0,50) size 175x175
            RenderSVGRect {rect} at (0,50) size 175x175 [fill={[type=SOLID] [color=#0000FF]}] [x=0.00] [y=0.00] [width=300.00] [height=300.00]
            RenderSVGEllipse {circle} at (70,120) size 35x35 [fill={[type=SOLID] [color=#008000]}] [cx=150.00] [cy=150.00] [r=30.00]
      RenderText {#text} at (0,0) size 0x0
