layer at (0,0) size 980x778
  RenderView at (0,0) size 980x735
layer at (0,0) size 980x778
  RenderBlock {html} at (0,0) size 980x778
    RenderBody {body} at (8,16) size 964x754
      RenderBlock {parsererror} at (16,0) size 932x134 [bgcolor=#FFDDDD] [border: (2px solid #CC7777)]
        RenderBlock {h3} at (18,20) size 896x22
          RenderText {#text} at (0,0) size 435x22
            text run at (0,0) width 435: "This page contains the following errors:"
        RenderBlock {div} at (18,60) size 896x14
          RenderText {#text} at (0,0) size 387x14
            text run at (0,0) width 387: "error on line 9 at column 66: invalid character in attribute value"
            text run at (387,0) width 0: " "
        RenderBlock {h3} at (18,92) size 896x22
          RenderText {#text} at (0,0) size 581x22
            text run at (0,0) width 581: "Below is a rendering of the page up to the first error."
      RenderBlock (anonymous) at (0,150) size 964x604
        RenderSVGRoot {svg} at (8,166) size 200x200
          RenderSVGPath {path} at (8,166) size 200x200 [fill={[type=SOLID] [color=#008000]}] [data="M 0 0 L 200 0 L 200 200 L 0 200"]
