layer at (0,0) size 980x735
  RenderView at (0,0) size 980x735
layer at (0,0) size 980x278
  RenderBlock {html} at (0,0) size 980x278
    RenderBody {body} at (8,16) size 964x254
      RenderBlock {p} at (0,0) size 964x38
        RenderText {#text} at (0,0) size 938x38
          text run at (0,0) width 938: "Below there is a div with an embedded green svg in it. Since the dimensions of the svg are 100%/100% of the parent,"
          text run at (0,19) width 341: "the green should cover the red(Bug 9752)."
      RenderBlock {div} at (0,54) size 200x200 [bgcolor=#FF0000]
        RenderSVGRoot {svg} at (8,70) size 200x200
          RenderSVGRect {rect} at (8,70) size 200x200 [fill={[type=SOLID] [color=#008000]}] [x=0.00] [y=0.00] [width=200.00] [height=200.00]
        RenderText {#text} at (0,0) size 0x0
