layer at (0,0) size 1026x975
  RenderView at (0,0) size 980x735
layer at (0,0) size 980x975
  RenderBlock {HTML} at (0,0) size 980x975
    RenderBody {BODY} at (8,16) size 964x955
      RenderBlock {DIV} at (16,0) size 932x60
        RenderBlock {P} at (0,0) size 932x20
          RenderInline {A} at (0,0) size 91x19 [color=#0000EE]
            RenderText {#text} at (363,0) size 91x19
              text run at (363,0) width 91: "Full version"
          RenderText {#text} at (453,0) size 11x19
            text run at (453,0) width 11: ", "
          RenderInline {A} at (0,0) size 106x19 [color=#0000EE]
            RenderText {#text} at (463,0) size 106x19
              text run at (463,0) width 106: "Basic version"
        RenderBlock {P} at (0,20) size 932x20
          RenderText {#text} at (276,0) size 144x19
            text run at (276,0) width 144: "Specification link: "
          RenderInline {A} at (0,0) size 236x19 [color=#0000EE]
            RenderText {#text} at (420,0) size 236x19
              text run at (420,0) width 236: "3.4 How groups are rendered"
        RenderBlock {P} at (0,40) size 932x20
          RenderInline {A} at (0,0) size 195x19 [color=#0000EE]
            RenderText {#text} at (260,0) size 195x19
              text run at (260,0) width 195: "pservers-pattern-01-b \x{2190}"
          RenderText {#text} at (454,0) size 6x19
            text run at (454,0) width 6: " "
          RenderInline {A} at (0,0) size 44x19 [color=#0000EE]
            RenderText {#text} at (459,0) size 44x19
              text run at (459,0) width 44: "index"
          RenderText {#text} at (502,0) size 6x19
            text run at (502,0) width 6: " "
          RenderInline {A} at (0,0) size 165x19 [color=#0000EE]
            RenderText {#text} at (507,0) size 165x19
              text run at (507,0) width 165: "\x{2192} script-handle-01-b"
          RenderText {#text} at (0,0) size 0x0
      RenderTable {TABLE} at (0,64) size 1018x551
        RenderTableSection {TBODY} at (0,0) size 1018x551
          RenderTableRow {TR} at (0,0) size 1018x551
            RenderTableCell {TD} at (0,0) size 1018x551 [r=0 c=0 rs=1 cs=3]
              RenderTable {TABLE} at (10,10) size 998x531
                RenderTableSection {TBODY} at (0,0) size 998x531
                  RenderTableRow {TR} at (0,2) size 998x106
                    RenderTableCell {TD} at (2,2) size 994x106 [r=0 c=0 rs=1 cs=2]
                      RenderBlock {H1} at (8,29) size 978x48
                        RenderText {#text} at (312,5) size 354x38
                          text run at (312,5) width 354: "render-groups-01-b"
                  RenderTableRow {TR} at (0,110) size 998x36 [color=#FFFFFF] [bgcolor=#000000]
                    RenderTableCell {TD} at (2,110) size 496x36 [r=1 c=0 rs=1 cs=1]
                      RenderText {#text} at (198,8) size 100x19
                        text run at (198,8) width 100: "SVG Image"
                    RenderTableCell {TD} at (500,110) size 496x36 [r=1 c=1 rs=1 cs=1]
                      RenderText {#text} at (198,8) size 100x19
                        text run at (198,8) width 100: "PNG Image"
                  RenderTableRow {TR} at (0,148) size 998x381
                    RenderTableCell {TD} at (2,148) size 496x381 [r=2 c=0 rs=1 cs=1]
                      RenderEmbeddedObject {EMBED} at (8,8) size 480x360
                        layer at (0,0) size 480x360
                          RenderView at (0,0) size 480x360
                        layer at (0,0) size 480x360
                          RenderSVGRoot {svg} at (0,0) size 480x360
                            RenderSVGContainer {g} at (35,9) size 429x306
                              RenderSVGHiddenContainer {defs} at (0,0) size 0x0
                              RenderSVGContainer {g} at (35,9) size 429x306 [transform={m=((1.80,0.00)(0.00,1.80)) t=(0.00,0.00)}]
                                RenderSVGRect {rect} at (36,18) size 414x279 [fill={[type=SOLID] [color=#C0C0C0]}] [x=20.00] [y=10.00] [width=230.00] [height=155.00]
                                RenderSVGPath {line} at (58,18) size 28x297 [stroke={[type=SOLID] [color=#FFFFFF] [stroke width=15.00]}] [fill={[type=SOLID] [color=#000000]}] [x1=40.00] [y1=10.00] [x2=40.00] [y2=175.00]
                                RenderSVGPath {line} at (112,18) size 28x297 [stroke={[type=SOLID] [color=#FFFFFF] [stroke width=15.00]}] [fill={[type=SOLID] [color=#000000]}] [x1=70.00] [y1=10.00] [x2=70.00] [y2=175.00]
                                RenderSVGPath {line} at (166,18) size 28x297 [stroke={[type=SOLID] [color=#FFFFFF] [stroke width=15.00]}] [fill={[type=SOLID] [color=#000000]}] [x1=100.00] [y1=10.00] [x2=100.00] [y2=175.00]
                                RenderSVGPath {line} at (220,18) size 28x297 [stroke={[type=SOLID] [color=#FFFFFF] [stroke width=15.00]}] [fill={[type=SOLID] [color=#000000]}] [x1=130.00] [y1=10.00] [x2=130.00] [y2=175.00]
                                RenderSVGPath {line} at (274,18) size 28x297 [stroke={[type=SOLID] [color=#FFFFFF] [stroke width=15.00]}] [fill={[type=SOLID] [color=#000000]}] [x1=160.00] [y1=10.00] [x2=160.00] [y2=175.00]
                                RenderSVGPath {line} at (328,18) size 28x297 [stroke={[type=SOLID] [color=#FFFFFF] [stroke width=15.00]}] [fill={[type=SOLID] [color=#000000]}] [x1=190.00] [y1=10.00] [x2=190.00] [y2=175.00]
                                RenderSVGPath {line} at (382,18) size 28x297 [stroke={[type=SOLID] [color=#FFFFFF] [stroke width=15.00]}] [fill={[type=SOLID] [color=#000000]}] [x1=220.00] [y1=10.00] [x2=220.00] [y2=175.00]
                                RenderSVGPath {line} at (436,18) size 28x297 [stroke={[type=SOLID] [color=#FFFFFF] [stroke width=15.00]}] [fill={[type=SOLID] [color=#000000]}] [x1=250.00] [y1=10.00] [x2=250.00] [y2=175.00]
                                RenderSVGRect {rect} at (35,17) size 416x281 [stroke={[type=SOLID] [color=#000000]}] [x=20.00] [y=10.00] [width=230.00] [height=155.00]
                                RenderSVGContainer {g} at (54,9) size 382x270 [opacity=0.50]
                                  RenderSVGText {text} at (30,5) size 138x121 contains 1 chunk(s)
                                    RenderSVGInlineText {#text} at (0,0) size 138x121
                                      chunk 1 text run 1 at (30.00,90.00) startOffset 0 endOffset 2 width 88.32: "SV"
                                      chunk 1 text run 2 at (123.12,90.00) startOffset 2 endOffset 3 width 44.04: "G"
                                  RenderSVGRect {rect} at (126,99) size 234x126 [fill={[type=SOLID] [color=#820032]}] [x=70.00] [y=55.00] [width=130.00] [height=70.00]
                                  RenderSVGImage {image} at (291,135) size 145x144
                            RenderSVGText {text} at (10,303) size 321x46 contains 1 chunk(s)
                              RenderSVGInlineText {#text} at (0,0) size 321x46
                                chunk 1 text run 1 at (10.00,340.00) startOffset 0 endOffset 16 width 321.00: "$Revision: 1.6 $"
                            RenderSVGRect {rect} at (0,0) size 480x360 [stroke={[type=SOLID] [color=#000000]}] [x=1.00] [y=1.00] [width=478.00] [height=358.00]
                      RenderText {#text} at (0,0) size 0x0
                    RenderTableCell {TD} at (500,148) size 496x381 [r=2 c=1 rs=1 cs=1]
                      RenderImage {IMG} at (8,8) size 480x360
                      RenderText {#text} at (0,0) size 0x0
      RenderBlock {DIV} at (28,626) size 908x293
        RenderBlock {P} at (0,0) size 908x40
          RenderText {#text} at (0,0) size 867x39
            text run at (0,0) width 743: "Verifies implicit rendering order (paragraph 3.3) and grouping mechanism (paragraphs 3.4). "
            text run at (743,0) width 124: "It also validates"
            text run at (0,20) width 316: "basic Shape, Image and text rendering."
        RenderBlock {P} at (0,51) size 908x120
          RenderText {#text} at (0,0) size 906x119
            text run at (0,0) width 154: "This test renders 3 "
            text run at (154,0) width 283: "elements: a text string \"SVG\", then "
            text run at (437,0) width 458: "a shape, then an image. Because of their definition order"
            text run at (0,20) width 225: "and coordinates, the image "
            text run at (225,20) width 602: "should be on top of the rectangle and the rectangle on top of the text. The "
            text run at (827,20) width 30: "test"
            text run at (0,40) width 578: "validates that groups are conceptually rendered offscreen before being "
            text run at (578,40) width 319: "rendered on the canvas. This is done by"
            text run at (0,60) width 352: "grouping the same overlapping objects and "
            text run at (352,60) width 554: "rendering the group at half opacity. The background pattern (vertical"
            text run at (0,80) width 121: "stripes) should "
            text run at (121,80) width 714: "show throw all the group elements. However, none of the \"SVG\" should show through the"
            text run at (0,100) width 551: "rectangle and none of the rectangle should show through the image."
        RenderBlock {P} at (0,182) size 908x80
          RenderText {#text} at (0,0) size 857x79
            text run at (0,0) width 631: "Prerequisites: the test assumes proper handling of the fill stroke, stroke-width, "
            text run at (631,0) width 219: "opacity, font-size rendering"
            text run at (0,20) width 493: "properties. It uses the rect, line, text and image elements, as "
            text run at (493,20) width 354: "well as all the elements required for the test"
            text run at (0,40) width 338: "template. To ensure that the text string is "
            text run at (338,40) width 519: "overlapped by the other elements and to avoid a dependency on"
            text run at (0,60) width 272: "system fonts, an SVG font is used."
        RenderBlock {P} at (0,273) size 908x20
          RenderText {#text} at (0,0) size 514x19
            text run at (0,0) width 514: "The rendered image should match the reference image exactly."
      RenderBlock {DIV} at (16,935) size 932x20
        RenderBlock {P} at (0,0) size 932x20
          RenderInline {A} at (0,0) size 195x19 [color=#0000EE]
            RenderText {#text} at (260,0) size 195x19
              text run at (260,0) width 195: "pservers-pattern-01-b \x{2190}"
          RenderText {#text} at (454,0) size 6x19
            text run at (454,0) width 6: " "
          RenderInline {A} at (0,0) size 44x19 [color=#0000EE]
            RenderText {#text} at (459,0) size 44x19
              text run at (459,0) width 44: "index"
          RenderText {#text} at (502,0) size 6x19
            text run at (502,0) width 6: " "
          RenderInline {A} at (0,0) size 165x19 [color=#0000EE]
            RenderText {#text} at (507,0) size 165x19
              text run at (507,0) width 165: "\x{2192} script-handle-01-b"
          RenderText {#text} at (0,0) size 0x0
