layer at (0,0) size 980x735
  RenderView at (0,0) size 980x735
layer at (0,0) size 980x306
  RenderBlock {html} at (0,0) size 980x306
    RenderBody {body} at (8,16) size 964x274
      RenderBlock {p} at (0,0) size 964x19
        RenderText {#text} at (0,0) size 162x19
          text run at (0,0) width 162: "This is a test of CDF:"
      RenderBlock (anonymous) at (0,35) size 964x204
        RenderSVGRoot {svg} at (8,51) size 200x200
          RenderSVGRect {rect} at (8,51) size 200x200 [fill={[type=SOLID] [color=#0000FF]}] [x=0.00] [y=0.00] [width=200.00] [height=200.00]
        RenderText {#text} at (0,0) size 0x0
      RenderBlock {p} at (0,255) size 964x19
        RenderText {#text} at (0,0) size 331x19
          text run at (0,0) width 331: "You should see an SVG image above this!"
