layer at (0,0) size 980x735
  RenderView at (0,0) size 980x735
layer at (0,0) size 980x136
  RenderBlock {html} at (0,0) size 980x136
    RenderBody {body} at (8,40) size 964x56
      RenderBlock {p} at (0,0) size 964x56
        RenderText {#text} at (0,2) size 250x52
          text run at (0,2) width 250: "ABCdefoooO"
