layer at (0,0) size 980x735
  RenderView at (0,0) size 980x735
layer at (0,0) size 980x735
  RenderSVGRoot {svg} at (54,54) size 926x681
    RenderSVGForeignObject {foreignObject} at (10,10) size 480x360
      RenderBlock {xhtml:div} at (0,0) size 480x19
        RenderText {#text} at (0,0) size 292x19
          text run at (0,0) width 292: "You should only see this string ONCE"
    RenderSVGContainer {use} at (0,0) size 0x0 [transform={m=((0.71,0.71)(-0.71,0.71)) t=(250.00,-35.86)}]
