layer at (0,0) size 980x735
  RenderView at (0,0) size 980x735
layer at (0,0) size 980x735
  RenderSVGRoot {svg} at (54,54) size 926x681
    RenderSVGHiddenContainer {defs} at (0,0) size 0x0
      RenderSVGViewportContainer {svg} at (43,43) size 937x692
        RenderSVGForeignObject {foreignObject} at (10,10) size 580x380
          RenderBlock {xhtml:div} at (0,0) size 580x19
            RenderText {#text} at (0,0) size 292x19
              text run at (0,0) width 292: "You should only see this string ONCE"
    RenderSVGForeignObject {foreignObject} at (10,10) size 580x380
      RenderBlock {xhtml:div} at (0,0) size 580x19
        RenderText {#text} at (0,0) size 292x19
          text run at (0,0) width 292: "You should only see this string ONCE"
    RenderSVGContainer {use} at (0,0) size 0x0 [transform={m=((1.00,0.00)(0.00,1.00)) t=(25.00,25.00)}]
      RenderSVGViewportContainer {svg} at (0,0) size 0x0
    RenderSVGContainer {use} at (0,0) size 0x0 [transform={m=((1.00,0.00)(0.00,1.00)) t=(10.00,10.00)}]
      RenderSVGContainer {g} at (0,0) size 0x0 [transform={m=((1.00,0.00)(0.00,1.00)) t=(25.00,25.00)}]
        RenderSVGViewportContainer {svg} at (0,0) size 0x0
