layer at (0,0) size 800x600
  RenderView at (0,0) size 800x600
layer at (0,0) size 800x600
  RenderBlock {HTML} at (0,0) size 800x600
    RenderBody {BODY} at (8,8) size 784x584
      RenderTable {TABLE} at (0,0) size 784x110 [border: (1px outset #808080)]
        RenderTableSection {TBODY} at (1,1) size 782x108
          RenderTableRow {TR} at (0,2) size 782x104
            RenderTableCell {TD} at (2,2) size 56x104 [border: (1px inset #808080)] [r=0 c=0 rs=1 cs=1]
              RenderText {#text} at (2,2) size 52x56
                text run at (2,2) width 44: "check for"
                text run at (2,16) width 41: "handling"
                text run at (2,30) width 10: "of"
                text run at (2,44) width 52: "whitespace"
              RenderImage {IMG} at (2,58) size 20x16
              RenderText {#text} at (2,74) size 50x28
                text run at (2,74) width 50: "around the"
                text run at (2,88) width 28: "image"
            RenderTableCell {TD} at (60,45) size 720x18 [border: (1px inset #808080)] [r=0 c=1 rs=1 cs=1]
              RenderText {#text} at (2,2) size 9x14
                text run at (2,2) width 9: "X"
      RenderBlock {HR} at (0,116) size 77x2 [border: (1px inset #000000)]
      RenderTable {TABLE} at (0,124) size 784x124 [border: (1px outset #808080)]
        RenderTableSection {TBODY} at (1,1) size 782x122
          RenderTableRow {TR} at (0,2) size 782x118
            RenderTableCell {TD} at (2,2) size 24x118 [border: (1px inset #808080)] [r=0 c=0 rs=1 cs=1]
              RenderText {#text} at (2,2) size 12x56
                text run at (2,2) width 10: "aa"
                text run at (2,16) width 12: "bb"
                text run at (2,30) width 10: "cc"
                text run at (2,44) width 12: "dd"
              RenderImage {IMG} at (2,58) size 20x16
              RenderText {#text} at (2,74) size 12x42
                text run at (2,74) width 10: "ee"
                text run at (2,88) width 8: "ff"
                text run at (2,102) width 12: "gg"
            RenderTableCell {TD} at (28,52) size 752x18 [border: (1px inset #808080)] [r=0 c=1 rs=1 cs=1]
              RenderText {#text} at (2,2) size 9x14
                text run at (2,2) width 9: "X"
      RenderBlock {HR} at (0,254) size 77x2 [border: (1px inset #000000)]
      RenderTable {TABLE} at (0,262) size 784x43 [border: (1px outset #808080)]
        RenderTableSection {TBODY} at (1,1) size 782x41
          RenderTableRow {TR} at (0,2) size 782x37
            RenderTableCell {TD} at (2,2) size 160x37 [border: (1px inset #808080)] [r=0 c=0 rs=1 cs=1]
              RenderText {#text} at (2,2) size 156x14
                text run at (2,2) width 156: "checkforhandlingofnowhitespace"
              RenderImage {IMG} at (2,16) size 20x16
              RenderText {#text} at (22,21) size 78x14
                text run at (22,21) width 78: " aroundtheimage"
            RenderTableCell {TD} at (164,11) size 616x18 [border: (1px inset #808080)] [r=0 c=1 rs=1 cs=1]
              RenderText {#text} at (2,2) size 9x14
                text run at (2,2) width 9: "X"
      RenderBlock {HR} at (0,311) size 77x2 [border: (1px inset #000000)]
      RenderTable {TABLE} at (0,319) size 784x29 [border: (1px outset #808080)]
        RenderTableSection {TBODY} at (1,1) size 782x27
          RenderTableRow {TR} at (0,2) size 782x23
            RenderTableCell {TD} at (2,2) size 255x23 [border: (1px inset #808080)] [r=0 c=0 rs=1 cs=1]
              RenderText {#text} at (2,7) size 156x14
                text run at (2,7) width 156: "checkforhandlingofnowhitespace"
              RenderImage {IMG} at (158,2) size 20x16
              RenderText {#text} at (178,7) size 75x14
                text run at (178,7) width 75: "aroundtheimage"
            RenderTableCell {TD} at (259,4) size 521x18 [border: (1px inset #808080)] [r=0 c=1 rs=1 cs=1]
              RenderText {#text} at (2,2) size 9x14
                text run at (2,2) width 9: "X"
