layer at (0,0) size 800x600
  RenderView at (0,0) size 800x600
layer at (0,0) size 800x600
  RenderBlock {HTML} at (0,0) size 800x600
    RenderBody {BODY} at (8,8) size 784x584 [bgcolor=#FFFFFF]
      RenderTable {TABLE} at (0,0) size 598x581
        RenderTableSection {TBODY} at (0,0) size 598x581
          RenderTableRow {TR} at (0,0) size 598x234
            RenderTableCell {TD} at (0,0) size 152x14 [bgcolor=#CCCC9C] [r=0 c=0 rs=2 cs=1]
              RenderText {#text} at (0,0) size 72x14
                text run at (0,0) width 72: "xxxxxxxxxxxx"
              RenderBR {BR} at (72,11) size 0x0
            RenderTableCell {TD} at (152,0) size 3x28 [bgcolor=#D3D3D3] [r=0 c=1 rs=1 cs=1]
              RenderBlock {HR} at (0,6) size 3x2 [border: (1px inset #000000)]
              RenderBlock (anonymous) at (0,14) size 3x14
                RenderBR {BR} at (0,0) size 0x14
            RenderTableCell {TD} at (155,0) size 91x84 [bgcolor=#FFA500] [r=0 c=2 rs=1 cs=1]
              RenderBlock {HR} at (0,6) size 91x2 [border: (1px inset #000000)]
              RenderBlock (anonymous) at (0,14) size 91x14
                RenderBR {BR} at (0,0) size 0x14
              RenderBlock {HR} at (0,34) size 91x2 [border: (1px inset #000000)]
              RenderBlock (anonymous) at (0,42) size 91x14
                RenderBR {BR} at (0,0) size 0x14
              RenderBlock {HR} at (0,62) size 91x2 [border: (1px inset #000000)]
              RenderBlock (anonymous) at (0,70) size 91x14
                RenderBR {BR} at (0,0) size 0x14
          RenderTableRow {TR} at (0,234) size 598x56
            RenderTableCell {TD} at (152,234) size 446x56 [r=1 c=1 rs=1 cs=5]
              RenderImage {IMG} at (0,0) size 446x56
              RenderBR {BR} at (446,56) size 0x0
          RenderTableRow {TR} at (0,290) size 598x118
            RenderTableCell {TD} at (0,290) size 152x291 [r=2 c=0 rs=2 cs=1]
              RenderImage {IMG} at (0,0) size 152x291
              RenderBR {BR} at (152,291) size 0x0
            RenderTableCell {TD} at (152,290) size 446x118 [r=2 c=1 rs=1 cs=5]
              RenderImage {IMG} at (0,0) size 446x118
              RenderBR {BR} at (446,118) size 0x0
          RenderTableRow {TR} at (0,408) size 598x173
            RenderTableCell {TD} at (152,408) size 446x173 [r=3 c=1 rs=1 cs=5]
              RenderImage {IMG} at (0,0) size 446x173
              RenderBR {BR} at (446,173) size 0x0
