layer at (0,0) size 800x1300
  RenderView at (0,0) size 800x600
layer at (0,0) size 800x1300
  RenderBlock {HTML} at (0,0) size 800x1300
    RenderBody {BODY} at (8,8) size 784x1284
      RenderBlock {P} at (0,0) size 784x14
        RenderText {#text} at (0,0) size 261x14
          text run at (0,0) width 261: "100 percent height table inside 100 percent height table:"
      RenderTable {TABLE} at (0,26) size 784x584 [bgcolor=#808080] [border: (1px outset #808080)]
        RenderTableSection {TBODY} at (1,1) size 782x582
          RenderTableRow {TR} at (0,2) size 782x578
            RenderTableCell {TD} at (2,2) size 388x578 [border: (1px inset #808080)] [r=0 c=0 rs=1 cs=1]
              RenderTable {TABLE} at (2,2) size 384x574 [bgcolor=#FFFF00] [border: (1px outset #808080)]
                RenderTableSection {TBODY} at (1,1) size 382x572
                  RenderTableRow {TR} at (0,2) size 382x568
                    RenderTableCell {TD} at (2,277) size 188x18 [border: (1px inset #808080)] [r=0 c=0 rs=1 cs=1]
                      RenderText {#text} at (2,2) size 100x14
                        text run at (2,2) width 100: " Inner Table (yellow)"
                    RenderTableCell {TD} at (192,277) size 188x18 [border: (1px inset #808080)] [r=0 c=1 rs=1 cs=1]
                      RenderText {#text} at (2,2) size 3x14
                        text run at (2,2) width 3: " "
            RenderTableCell {TD} at (392,282) size 388x18 [border: (1px inset #808080)] [r=0 c=1 rs=1 cs=1]
              RenderText {#text} at (2,2) size 91x14
                text run at (2,2) width 91: " Outer Table (grey)"
      RenderBlock {P} at (0,622) size 784x14
        RenderText {#text} at (0,0) size 255x14
          text run at (0,0) width 255: "50 percent height table inside 100 percent height table:"
      RenderTable {TABLE} at (0,648) size 784x636 [bgcolor=#808080] [border: (1px outset #808080)]
        RenderTableSection {TBODY} at (1,1) size 782x634
          RenderTableRow {TR} at (0,2) size 782x630
            RenderTableCell {TD} at (2,158) size 388x317 [border: (1px inset #808080)] [r=0 c=0 rs=1 cs=1]
              RenderTable {TABLE} at (2,2) size 384x313 [bgcolor=#FFFF00] [border: (1px outset #808080)]
                RenderTableSection {TBODY} at (1,1) size 382x311
                  RenderTableRow {TR} at (0,2) size 382x307
                    RenderTableCell {TD} at (2,146) size 188x18 [border: (1px inset #808080)] [r=0 c=0 rs=1 cs=1]
                      RenderText {#text} at (2,2) size 100x14
                        text run at (2,2) width 100: " Inner Table (yellow)"
                    RenderTableCell {TD} at (192,146) size 188x18 [border: (1px inset #808080)] [r=0 c=1 rs=1 cs=1]
                      RenderText {#text} at (2,2) size 3x14
                        text run at (2,2) width 3: " "
            RenderTableCell {TD} at (392,308) size 388x18 [border: (1px inset #808080)] [r=0 c=1 rs=1 cs=1]
              RenderText {#text} at (2,2) size 91x14
                text run at (2,2) width 91: " Outer Table (grey)"
