layer at (0,0) size 800x600
  RenderView at (0,0) size 800x600
layer at (0,0) size 800x600
  RenderBlock {HTML} at (0,0) size 800x600
    RenderBody {BODY} at (8,8) size 784x584
      RenderTable {TABLE} at (0,0) size 466x26
        RenderTableSection {TBODY} at (0,0) size 466x26
          RenderTableRow {TR} at (0,2) size 466x22
            RenderTableCell {TD} at (2,2) size 462x22 [r=0 c=0 rs=1 cs=1]
              RenderTable {TABLE} at (1,1) size 460x20
                RenderTableSection {TBODY} at (0,0) size 460x20
                  RenderTableRow {TR} at (0,2) size 460x16
                    RenderTableCell {TD} at (2,2) size 27x16 [r=0 c=0 rs=1 cs=1]
                      RenderText {#text} at (1,1) size 25x14
                        text run at (1,1) width 25: "news"
                    RenderTableCell {TD} at (31,2) size 41x16 [r=0 c=1 rs=1 cs=1]
                      RenderText {#text} at (1,1) size 39x14
                        text run at (1,1) width 39: "archives"
                    RenderTableCell {TD} at (74,2) size 46x16 [r=0 c=2 rs=1 cs=1]
                      RenderText {#text} at (1,1) size 44x14
                        text run at (1,1) width 44: "hardware"
                    RenderTableCell {TD} at (122,2) size 27x16 [r=0 c=3 rs=1 cs=1]
                      RenderText {#text} at (1,1) size 25x14
                        text run at (1,1) width 25: "shots"
                    RenderTableCell {TD} at (151,2) size 32x16 [r=0 c=4 rs=1 cs=1]
                      RenderText {#text} at (1,1) size 30x14
                        text run at (1,1) width 30: "games"
                    RenderTableCell {TD} at (185,2) size 22x16 [r=0 c=5 rs=1 cs=1]
                      RenderText {#text} at (1,1) size 20x14
                        text run at (1,1) width 20: "files"
                    RenderTableCell {TD} at (209,2) size 55x16 [r=0 c=6 rs=1 cs=1]
                      RenderText {#text} at (1,1) size 53x14
                        text run at (1,1) width 53: "reviewseek"
                    RenderTableCell {TD} at (266,2) size 36x16 [r=0 c=7 rs=1 cs=1]
                      RenderText {#text} at (1,1) size 34x14
                        text run at (1,1) width 34: "forums"
                    RenderTableCell {TD} at (304,2) size 51x16 [r=0 c=8 rs=1 cs=1]
                      RenderText {#text} at (1,1) size 49x14
                        text run at (1,1) width 49: "interviews"
                    RenderTableCell {TD} at (357,2) size 28x16 [r=0 c=9 rs=1 cs=1]
                      RenderText {#text} at (1,1) size 26x14
                        text run at (1,1) width 26: "about"
                    RenderTableCell {TD} at (387,2) size 25x16 [r=0 c=10 rs=1 cs=1]
                      RenderText {#text} at (1,1) size 23x14
                        text run at (1,1) width 23: "links"
                    RenderTableCell {TD} at (414,2) size 44x16 [r=0 c=11 rs=1 cs=1]
                      RenderText {#text} at (1,1) size 42x14
                        text run at (1,1) width 42: "advertise"
