layer at (0,0) size 800x600
  RenderView at (0,0) size 800x600
layer at (0,0) size 800x600
  RenderBlock {HTML} at (0,0) size 800x600
    RenderBody {BODY} at (8,8) size 784x584 [bgcolor=#C0C0C0]
      RenderTable {TABLE} at (0,0) size 784x98 [border: (3px outset #808080)]
        RenderTableSection {TBODY} at (3,3) size 778x92
          RenderTableRow {TR} at (0,2) size 778x88
            RenderTableCell {TD} at (2,2) size 774x88 [border: (1px inset #808080)] [r=0 c=0 rs=1 cs=1]
              RenderTable {TABLE} at (2,2) size 385x84 [border: (3px outset #808080)]
                RenderTableSection {TBODY} at (3,3) size 379x78
                  RenderTableRow {TR} at (0,2) size 379x74
                    RenderTableCell {TD} at (2,2) size 375x74 [border: (1px inset #808080)] [r=0 c=0 rs=1 cs=1]
                      RenderText {#text} at (2,2) size 365x70
                        text run at (2,2) width 299: "blah blah blah blah blah blah blah blah blah blah blah blah blah "
                        text run at (301,2) width 66: "blah blah blah"
                        text run at (2,16) width 230: "blah blah blah blah blah blah blah blah blah blah "
                        text run at (232,16) width 135: "blah blah blah blah blah blah"
                        text run at (2,30) width 161: "blah blah blah blah blah blah blah "
                        text run at (163,30) width 204: "blah blah blah blah blah blah blah blah blah"
                        text run at (2,44) width 92: "blah blah blah blah "
                        text run at (94,44) width 273: "blah blah blah blah blah blah blah blah blah blah blah blah"
                        text run at (2,58) width 20: "blah"
      RenderBlock (anonymous) at (0,98) size 784x14
        RenderBR {BR} at (0,0) size 0x14
      RenderTable {TABLE} at (0,112) size 784x98 [border: (3px outset #808080)]
        RenderTableSection {TBODY} at (3,3) size 778x92
          RenderTableRow {TR} at (0,2) size 778x88
            RenderTableCell {TD} at (2,2) size 774x88 [border: (1px inset #808080)] [r=0 c=0 rs=1 cs=1]
              RenderText {#text} at (387,2) size 43x14
                text run at (387,2) width 43: "blah blah"
              RenderTable {TABLE} at (2,2) size 385x84 [border: (3px outset #808080)]
                RenderTableSection {TBODY} at (3,3) size 379x78
                  RenderTableRow {TR} at (0,2) size 379x74
                    RenderTableCell {TD} at (2,2) size 375x74 [border: (1px inset #808080)] [r=0 c=0 rs=1 cs=1]
                      RenderText {#text} at (2,2) size 365x70
                        text run at (2,2) width 299: "blah blah blah blah blah blah blah blah blah blah blah blah blah "
                        text run at (301,2) width 66: "blah blah blah"
                        text run at (2,16) width 230: "blah blah blah blah blah blah blah blah blah blah "
                        text run at (232,16) width 135: "blah blah blah blah blah blah"
                        text run at (2,30) width 161: "blah blah blah blah blah blah blah "
                        text run at (163,30) width 204: "blah blah blah blah blah blah blah blah blah"
                        text run at (2,44) width 92: "blah blah blah blah "
                        text run at (94,44) width 273: "blah blah blah blah blah blah blah blah blah blah blah blah"
                        text run at (2,58) width 20: "blah"
              RenderText {#text} at (0,0) size 0x0
      RenderBlock (anonymous) at (0,210) size 784x14
        RenderBR {BR} at (0,0) size 0x14
      RenderTable {TABLE} at (0,224) size 784x124 [border: (3px outset #808080)]
        RenderTableSection {TBODY} at (3,3) size 778x118
          RenderTableRow {TR} at (0,2) size 778x114
            RenderTableCell {TD} at (2,2) size 774x114 [border: (1px inset #808080)] [r=0 c=0 rs=1 cs=1]
              RenderBlock (anonymous) at (2,2) size 770x14
                RenderText {#text} at (0,0) size 43x14
                  text run at (0,0) width 43: "blah blah"
              RenderBlock {P} at (2,28) size 770x0
                RenderTable {TABLE} at (0,0) size 385x84 [border: (3px outset #808080)]
                  RenderTableSection {TBODY} at (3,3) size 379x78
                    RenderTableRow {TR} at (0,2) size 379x74
                      RenderTableCell {TD} at (2,2) size 375x74 [border: (1px inset #808080)] [r=0 c=0 rs=1 cs=1]
                        RenderText {#text} at (2,2) size 365x70
                          text run at (2,2) width 299: "blah blah blah blah blah blah blah blah blah blah blah blah blah "
                          text run at (301,2) width 66: "blah blah blah"
                          text run at (2,16) width 230: "blah blah blah blah blah blah blah blah blah blah "
                          text run at (232,16) width 135: "blah blah blah blah blah blah"
                          text run at (2,30) width 161: "blah blah blah blah blah blah blah "
                          text run at (163,30) width 204: "blah blah blah blah blah blah blah blah blah"
                          text run at (2,44) width 92: "blah blah blah blah "
                          text run at (94,44) width 273: "blah blah blah blah blah blah blah blah blah blah blah blah"
                          text run at (2,58) width 20: "blah"
