layer at (0,0) size 800x600
  RenderView at (0,0) size 800x600
layer at (0,0) size 30x20
  RenderTable {table} at (0,0) size 30x20
    RenderTableSection (anonymous) at (0,0) size 30x20
      RenderTableRow {tr} at (0,2) size 30x16
        RenderTableCell {td} at (2,2) size 26x16 [r=0 c=0 rs=1 cs=1]
          RenderText {#text} at (1,1) size 24x14
            text run at (1,1) width 24: "a test"
