layer at (0,0) size 800x1286
  RenderView at (0,0) size 800x600
layer at (0,0) size 800x1286
  RenderBlock {HTML} at (0,0) size 800x1286
    RenderBody {BODY} at (8,8) size 784x1270
      RenderTable {TABLE} at (0,0) size 784x238
        RenderTableSection {TBODY} at (0,0) size 784x238
          RenderTableRow {TR} at (0,0) size 784x238
            RenderTableCell {TD} at (0,0) size 36x238 [bgcolor=#0000FF] [r=0 c=0 rs=1 cs=1]
              RenderText {#text} at (0,0) size 36x238
                text run at (0,0) width 36: "XXXX"
                text run at (0,14) width 36: "XXXX"
                text run at (0,28) width 36: "XXXX"
                text run at (0,42) width 36: "XXXX"
                text run at (0,56) width 36: "XXXX"
                text run at (0,70) width 36: "XXXX"
                text run at (0,84) width 36: "XXXX"
                text run at (0,98) width 36: "XXXX"
                text run at (0,112) width 36: "XXXX"
                text run at (0,126) width 36: "XXXX"
                text run at (0,140) width 36: "XXXX"
                text run at (0,154) width 36: "XXXX"
                text run at (0,168) width 36: "XXXX"
                text run at (0,182) width 36: "XXXX"
                text run at (0,196) width 36: "XXXX"
                text run at (0,210) width 36: "XXXX"
                text run at (0,224) width 36: "XXXX"
            RenderTableCell {TD} at (36,119) size 748x0 [bgcolor=#008000] [r=0 c=1 rs=1 cs=1]
              RenderTable {TABLE} at (0,0) size 0x0 [bgcolor=#FFFF00]
      RenderBlock (anonymous) at (0,238) size 784x14
        RenderBR {BR} at (0,0) size 0x14
      RenderTable {TABLE} at (0,252) size 784x242 [border: (1px outset #808080)]
        RenderTableSection {TBODY} at (1,1) size 782x240
          RenderTableRow {TR} at (0,0) size 782x240
            RenderTableCell {TD} at (0,0) size 38x240 [bgcolor=#0000FF] [border: (1px inset #808080)] [r=0 c=0 rs=1 cs=1]
              RenderText {#text} at (1,1) size 36x238
                text run at (1,1) width 36: "XXXX"
                text run at (1,15) width 36: "XXXX"
                text run at (1,29) width 36: "XXXX"
                text run at (1,43) width 36: "XXXX"
                text run at (1,57) width 36: "XXXX"
                text run at (1,71) width 36: "XXXX"
                text run at (1,85) width 36: "XXXX"
                text run at (1,99) width 36: "XXXX"
                text run at (1,113) width 36: "XXXX"
                text run at (1,127) width 36: "XXXX"
                text run at (1,141) width 36: "XXXX"
                text run at (1,155) width 36: "XXXX"
                text run at (1,169) width 36: "XXXX"
                text run at (1,183) width 36: "XXXX"
                text run at (1,197) width 36: "XXXX"
                text run at (1,211) width 36: "XXXX"
                text run at (1,225) width 36: "XXXX"
            RenderTableCell {TD} at (38,119) size 744x2 [bgcolor=#008000] [border: (1px inset #808080)] [r=0 c=1 rs=1 cs=1]
              RenderTable {TABLE} at (1,1) size 0x0 [bgcolor=#FFFF00]
      RenderBlock (anonymous) at (0,494) size 784x14
        RenderBR {BR} at (0,0) size 0x14
      RenderTable {TABLE} at (0,508) size 784x244 [border: (1px outset #808080)]
        RenderTableSection {TBODY} at (1,1) size 782x242
          RenderTableRow {TR} at (0,0) size 782x242
            RenderTableCell {TD} at (0,0) size 40x242 [bgcolor=#0000FF] [border: (1px inset #808080)] [r=0 c=0 rs=1 cs=1]
              RenderText {#text} at (2,2) size 36x238
                text run at (2,2) width 36: "XXXX"
                text run at (2,16) width 36: "XXXX"
                text run at (2,30) width 36: "XXXX"
                text run at (2,44) width 36: "XXXX"
                text run at (2,58) width 36: "XXXX"
                text run at (2,72) width 36: "XXXX"
                text run at (2,86) width 36: "XXXX"
                text run at (2,100) width 36: "XXXX"
                text run at (2,114) width 36: "XXXX"
                text run at (2,128) width 36: "XXXX"
                text run at (2,142) width 36: "XXXX"
                text run at (2,156) width 36: "XXXX"
                text run at (2,170) width 36: "XXXX"
                text run at (2,184) width 36: "XXXX"
                text run at (2,198) width 36: "XXXX"
                text run at (2,212) width 36: "XXXX"
                text run at (2,226) width 36: "XXXX"
            RenderTableCell {TD} at (40,119) size 742x4 [bgcolor=#008000] [border: (1px inset #808080)] [r=0 c=1 rs=1 cs=1]
              RenderTable {TABLE} at (2,2) size 0x0 [bgcolor=#FFFF00]
      RenderBlock (anonymous) at (0,752) size 784x14
        RenderBR {BR} at (0,0) size 0x14
      RenderTable {TABLE} at (0,766) size 784x238
        RenderTableSection {TBODY} at (0,0) size 784x238
          RenderTableRow {TR} at (0,0) size 784x238
            RenderTableCell {TD} at (0,0) size 36x238 [bgcolor=#0000FF] [r=0 c=0 rs=1 cs=1]
              RenderText {#text} at (0,0) size 36x238
                text run at (0,0) width 36: "XXXX"
                text run at (0,14) width 36: "XXXX"
                text run at (0,28) width 36: "XXXX"
                text run at (0,42) width 36: "XXXX"
                text run at (0,56) width 36: "XXXX"
                text run at (0,70) width 36: "XXXX"
                text run at (0,84) width 36: "XXXX"
                text run at (0,98) width 36: "XXXX"
                text run at (0,112) width 36: "XXXX"
                text run at (0,126) width 36: "XXXX"
                text run at (0,140) width 36: "XXXX"
                text run at (0,154) width 36: "XXXX"
                text run at (0,168) width 36: "XXXX"
                text run at (0,182) width 36: "XXXX"
                text run at (0,196) width 36: "XXXX"
                text run at (0,210) width 36: "XXXX"
                text run at (0,224) width 36: "XXXX"
            RenderTableCell {TD} at (36,0) size 36x238 [bgcolor=#FFA500] [r=0 c=1 rs=1 cs=1]
              RenderText {#text} at (0,0) size 36x238
                text run at (0,0) width 36: "XXXX"
                text run at (0,14) width 36: "XXXX"
                text run at (0,28) width 36: "XXXX"
                text run at (0,42) width 36: "XXXX"
                text run at (0,56) width 36: "XXXX"
                text run at (0,70) width 36: "XXXX"
                text run at (0,84) width 36: "XXXX"
                text run at (0,98) width 36: "XXXX"
                text run at (0,112) width 36: "XXXX"
                text run at (0,126) width 36: "XXXX"
                text run at (0,140) width 36: "XXXX"
                text run at (0,154) width 36: "XXXX"
                text run at (0,168) width 36: "XXXX"
                text run at (0,182) width 36: "XXXX"
                text run at (0,196) width 36: "XXXX"
                text run at (0,210) width 36: "XXXX"
                text run at (0,224) width 36: "XXXX"
            RenderTableCell {TD} at (72,119) size 712x0 [bgcolor=#008000] [r=0 c=2 rs=1 cs=1]
              RenderTable {TABLE} at (0,0) size 0x0 [bgcolor=#FFFF00]
      RenderBlock (anonymous) at (0,1004) size 784x14
        RenderBR {BR} at (0,0) size 0x14
      RenderTable {TABLE} at (0,1018) size 784x238
        RenderTableSection {TBODY} at (0,0) size 784x238
          RenderTableRow {TR} at (0,0) size 784x238
            RenderTableCell {TD} at (0,0) size 36x238 [bgcolor=#0000FF] [r=0 c=0 rs=1 cs=1]
              RenderText {#text} at (0,0) size 36x238
                text run at (0,0) width 36: "XXXX"
                text run at (0,14) width 36: "XXXX"
                text run at (0,28) width 36: "XXXX"
                text run at (0,42) width 36: "XXXX"
                text run at (0,56) width 36: "XXXX"
                text run at (0,70) width 36: "XXXX"
                text run at (0,84) width 36: "XXXX"
                text run at (0,98) width 36: "XXXX"
                text run at (0,112) width 36: "XXXX"
                text run at (0,126) width 36: "XXXX"
                text run at (0,140) width 36: "XXXX"
                text run at (0,154) width 36: "XXXX"
                text run at (0,168) width 36: "XXXX"
                text run at (0,182) width 36: "XXXX"
                text run at (0,196) width 36: "XXXX"
                text run at (0,210) width 36: "XXXX"
                text run at (0,224) width 36: "XXXX"
            RenderTableCell {TD} at (36,112) size 748x14 [bgcolor=#008000] [r=0 c=1 rs=1 cs=1]
              RenderText {#text} at (0,0) size 6x14
                text run at (0,0) width 6: "x"
      RenderBlock (anonymous) at (0,1256) size 784x14
        RenderText {#text} at (0,0) size 15x14
          text run at (0,0) width 15: "-->"
