layer at (0,0) size 800x600
  RenderView at (0,0) size 800x600
layer at (0,0) size 800x600
  RenderBlock {HTML} at (0,0) size 800x600
    RenderBody {BODY} at (8,8) size 784x584
      RenderTable {TABLE} at (0,0) size 784x204 [border: (1px outset #808080)]
        RenderTableSection {TBODY} at (1,1) size 782x202
          RenderTableRow {TR} at (0,2) size 782x18
            RenderTableCell {TD} at (2,2) size 665x198 [border: (1px inset #808080)] [r=0 c=0 rs=2 cs=1]
              RenderBlock {UL} at (2,2) size 661x182
                RenderListItem {LI} at (40,0) size 621x14
                  RenderListMarker at (-15,0) size 6x14: bullet
                  RenderInline {A} at (0,0) size 133x14 [color=#0000EE]
                    RenderText {#text} at (0,0) size 133x14
                      text run at (0,0) width 133: "500 list items in a single UL"
                RenderListItem {LI} at (40,14) size 621x14
                  RenderListMarker at (-15,0) size 6x14: bullet
                  RenderInline {A} at (0,0) size 158x14 [color=#0000EE]
                    RenderText {#text} at (0,0) size 158x14
                      text run at (0,0) width 158: "500 list items in 25 top-level ULs"
                RenderListItem {LI} at (40,28) size 621x14
                  RenderListMarker at (-15,0) size 6x14: bullet
                  RenderInline {A} at (0,0) size 176x14 [color=#0000EE]
                    RenderText {#text} at (0,0) size 176x14
                      text run at (0,0) width 160: "500 list items in a 25-level nested "
                      text run at (160,0) width 16: "UL"
                RenderListItem {LI} at (40,42) size 621x14
                  RenderListMarker at (-15,0) size 6x14: bullet
                  RenderInline {A} at (0,0) size 120x14 [color=#0000EE]
                    RenderText {#text} at (0,0) size 120x14
                      text run at (0,0) width 120: "300 text input form fields"
                RenderListItem {LI} at (40,56) size 621x14
                  RenderListMarker at (-15,0) size 6x14: bullet
                  RenderInline {A} at (0,0) size 112x14 [color=#0000EE]
                    RenderText {#text} at (0,0) size 112x14
                      text run at (0,0) width 112: "Massively nested tables"
                RenderListItem {LI} at (40,70) size 621x14
                  RenderListMarker at (-15,0) size 6x14: bullet
                  RenderInline {A} at (0,0) size 236x14 [color=#0000EE]
                    RenderText {#text} at (0,0) size 236x14
                      text run at (0,0) width 200: "Massively nested DIVs with padding and "
                      text run at (200,0) width 36: "borders"
                RenderListItem {LI} at (40,84) size 621x14
                  RenderListMarker at (-15,0) size 6x14: bullet
                  RenderInline {A} at (0,0) size 239x14 [color=#0000EE]
                    RenderText {#text} at (0,0) size 239x14
                      text run at (0,0) width 239: "1000 OPTIONs in a single SELECT form element"
                RenderListItem {LI} at (40,98) size 621x14
                  RenderListMarker at (-15,0) size 6x14: bullet
                  RenderInline {A} at (0,0) size 176x14 [color=#0000EE]
                    RenderText {#text} at (0,0) size 176x14
                      text run at (0,0) width 176: "10,000 cell table with text in each cell"
                RenderListItem {LI} at (40,112) size 621x14
                  RenderListMarker at (-15,0) size 6x14: bullet
                  RenderInline {A} at (0,0) size 223x14 [color=#0000EE]
                    RenderText {#text} at (0,0) size 223x14
                      text run at (0,0) width 207: "10,000 cell table with text and color in each "
                      text run at (207,0) width 16: "cell"
                RenderListItem {LI} at (40,126) size 621x14
                  RenderListMarker at (-15,0) size 6x14: bullet
                  RenderInline {A} at (0,0) size 216x14 [color=#0000EE]
                    RenderText {#text} at (0,0) size 216x14
                      text run at (0,0) width 216: "A 713k HTML document packed full of links"
                RenderListItem {LI} at (40,140) size 621x14
                  RenderListMarker at (-15,0) size 6x14: bullet
                  RenderInline {A} at (0,0) size 230x14 [color=#0000EE]
                    RenderText {#text} at (0,0) size 230x14
                      text run at (0,0) width 204: "Extraordinarily long HTML doc (approx 1 "
                      text run at (204,0) width 26: "Meg)"
                RenderListItem {LI} at (40,154) size 621x14
                  RenderListMarker at (-15,0) size 6x14: bullet
                  RenderInline {A} at (0,0) size 207x14 [color=#0000EE]
                    RenderText {#text} at (0,0) size 207x14
                      text run at (0,0) width 207: "Another large HTML doc, with colored text"
                RenderListItem {LI} at (40,168) size 621x14
                  RenderListMarker at (-15,0) size 6x14: bullet
                  RenderInline {A} at (0,0) size 350x14 [color=#0000EE]
                    RenderText {#text} at (0,0) size 350x14
                      text run at (0,0) width 245: "A relatively large (150k) document with an average "
                      text run at (245,0) width 105: "mix of HTML content"
            RenderTableCell {TD} at (669,2) size 54x18 [border: (1px inset #808080)] [r=0 c=1 rs=1 cs=1]
              RenderText {#text} at (2,2) size 25x14
                text run at (2,2) width 25: "foo 1"
            RenderTableCell {TD} at (725,2) size 55x18 [border: (1px inset #808080)] [r=0 c=2 rs=1 cs=1]
              RenderText {#text} at (2,2) size 25x14
                text run at (2,2) width 25: "foo 2"
          RenderTableRow {TR} at (0,22) size 782x178
            RenderTableCell {TD} at (669,102) size 54x18 [border: (1px inset #808080)] [r=1 c=1 rs=1 cs=1]
              RenderText {#text} at (2,2) size 28x14
                text run at (2,2) width 28: "Foo 3"
            RenderTableCell {TD} at (725,102) size 55x18 [border: (1px inset #808080)] [r=1 c=2 rs=1 cs=1]
              RenderText {#text} at (2,2) size 28x14
                text run at (2,2) width 28: "Foo 4"
