layer at (0,0) size 800x600
  RenderView at (0,0) size 800x600
layer at (0,0) size 800x568
  RenderBlock {HTML} at (0,0) size 800x568
    RenderBody {BODY} at (8,16) size 784x544
      RenderBlock {H1} at (0,0) size 784x28
        RenderText {#text} at (0,1) size 325x26
          text run at (0,1) width 325: "caption element: align attribute"
      RenderTable {TABLE} at (0,44) size 60x128 [border: (1px outset #808080)]
        RenderBlock {CAPTION} at (0,0) size 58x84
          RenderText {#text} at (4,0) size 50x84
            text run at (4,0) width 50: "The table's"
            text run at (10,14) width 38: "caption,"
            text run at (11,28) width 36: "with no"
            text run at (16,42) width 26: "align."
            text run at (6,56) width 46: "Default is"
            text run at (15,70) width 28: "\"top\"."
        RenderTableSection {TBODY} at (1,85) size 58x42
          RenderTableRow {TR} at (0,2) size 58x18
            RenderTableCell {TD} at (2,2) size 26x18 [border: (1px inset #808080)] [r=0 c=0 rs=1 cs=1]
              RenderText {#text} at (2,2) size 22x14
                text run at (2,2) width 22: "Data"
            RenderTableCell {TD} at (30,2) size 26x18 [border: (1px inset #808080)] [r=0 c=1 rs=1 cs=1]
              RenderText {#text} at (2,2) size 22x14
                text run at (2,2) width 22: "Data"
          RenderTableRow {TR} at (0,22) size 58x18
            RenderTableCell {TD} at (2,22) size 26x18 [border: (1px inset #808080)] [r=1 c=0 rs=1 cs=1]
              RenderText {#text} at (2,2) size 22x14
                text run at (2,2) width 22: "Data"
            RenderTableCell {TD} at (30,22) size 26x18 [border: (1px inset #808080)] [r=1 c=1 rs=1 cs=1]
              RenderText {#text} at (2,2) size 22x14
                text run at (2,2) width 22: "Data"
      RenderTable {TABLE} at (0,172) size 60x100 [border: (1px outset #808080)]
        RenderBlock {CAPTION} at (0,0) size 58x56
          RenderText {#text} at (4,0) size 58x56
            text run at (4,0) width 50: "The table's"
            text run at (10,14) width 38: "caption,"
            text run at (18,28) width 22: "with"
            text run at (0,42) width 58: "align=\"top\"."
        RenderTableSection {TBODY} at (1,57) size 58x42
          RenderTableRow {TR} at (0,2) size 58x18
            RenderTableCell {TD} at (2,2) size 26x18 [border: (1px inset #808080)] [r=0 c=0 rs=1 cs=1]
              RenderText {#text} at (2,2) size 22x14
                text run at (2,2) width 22: "Data"
            RenderTableCell {TD} at (30,2) size 26x18 [border: (1px inset #808080)] [r=0 c=1 rs=1 cs=1]
              RenderText {#text} at (2,2) size 22x14
                text run at (2,2) width 22: "Data"
          RenderTableRow {TR} at (0,22) size 58x18
            RenderTableCell {TD} at (2,22) size 26x18 [border: (1px inset #808080)] [r=1 c=0 rs=1 cs=1]
              RenderText {#text} at (2,2) size 22x14
                text run at (2,2) width 22: "Data"
            RenderTableCell {TD} at (30,22) size 26x18 [border: (1px inset #808080)] [r=1 c=1 rs=1 cs=1]
              RenderText {#text} at (2,2) size 22x14
                text run at (2,2) width 22: "Data"
      RenderTable {TABLE} at (0,272) size 76x86 [border: (1px outset #808080)]
        RenderBlock {CAPTION} at (0,44) size 74x42
          RenderText {#text} at (12,0) size 76x42
            text run at (12,0) width 50: "The table's"
            text run at (6,14) width 62: "caption, with"
            text run at (0,28) width 76: "align=\"bottom\"."
        RenderTableSection {TBODY} at (1,1) size 74x42
          RenderTableRow {TR} at (0,2) size 74x18
            RenderTableCell {TD} at (2,2) size 34x18 [border: (1px inset #808080)] [r=0 c=0 rs=1 cs=1]
              RenderText {#text} at (2,2) size 22x14
                text run at (2,2) width 22: "Data"
            RenderTableCell {TD} at (38,2) size 34x18 [border: (1px inset #808080)] [r=0 c=1 rs=1 cs=1]
              RenderText {#text} at (2,2) size 22x14
                text run at (2,2) width 22: "Data"
          RenderTableRow {TR} at (0,22) size 74x18
            RenderTableCell {TD} at (2,22) size 34x18 [border: (1px inset #808080)] [r=1 c=0 rs=1 cs=1]
              RenderText {#text} at (2,2) size 22x14
                text run at (2,2) width 22: "Data"
            RenderTableCell {TD} at (38,22) size 34x18 [border: (1px inset #808080)] [r=1 c=1 rs=1 cs=1]
              RenderText {#text} at (2,2) size 22x14
                text run at (2,2) width 22: "Data"
      RenderTable {TABLE} at (0,358) size 60x100 [border: (1px outset #808080)]
        RenderBlock {CAPTION} at (0,0) size 58x56
          RenderText {#text} at (4,0) size 58x56
            text run at (4,0) width 50: "The table's"
            text run at (10,14) width 38: "caption,"
            text run at (18,28) width 22: "with"
            text run at (0,42) width 58: "align=\"left\"."
        RenderTableSection {TBODY} at (1,57) size 58x42
          RenderTableRow {TR} at (0,2) size 58x18
            RenderTableCell {TD} at (2,2) size 26x18 [border: (1px inset #808080)] [r=0 c=0 rs=1 cs=1]
              RenderText {#text} at (2,2) size 22x14
                text run at (2,2) width 22: "Data"
            RenderTableCell {TD} at (30,2) size 26x18 [border: (1px inset #808080)] [r=0 c=1 rs=1 cs=1]
              RenderText {#text} at (2,2) size 22x14
                text run at (2,2) width 22: "Data"
          RenderTableRow {TR} at (0,22) size 58x18
            RenderTableCell {TD} at (2,22) size 26x18 [border: (1px inset #808080)] [r=1 c=0 rs=1 cs=1]
              RenderText {#text} at (2,2) size 22x14
                text run at (2,2) width 22: "Data"
            RenderTableCell {TD} at (30,22) size 26x18 [border: (1px inset #808080)] [r=1 c=1 rs=1 cs=1]
              RenderText {#text} at (2,2) size 22x14
                text run at (2,2) width 22: "Data"
      RenderTable {TABLE} at (0,458) size 65x86 [border: (1px outset #808080)]
        RenderBlock {CAPTION} at (0,0) size 63x42
          RenderText {#text} at (6,0) size 65x42
            text run at (6,0) width 51: "The table's"
            text run at (1,14) width 61: "caption, with"
            text run at (0,28) width 65: "align=\"right\"."
        RenderTableSection {TBODY} at (1,43) size 63x42
          RenderTableRow {TR} at (0,2) size 63x18
            RenderTableCell {TD} at (2,2) size 28x18 [border: (1px inset #808080)] [r=0 c=0 rs=1 cs=1]
              RenderText {#text} at (2,2) size 22x14
                text run at (2,2) width 22: "Data"
            RenderTableCell {TD} at (32,2) size 29x18 [border: (1px inset #808080)] [r=0 c=1 rs=1 cs=1]
              RenderText {#text} at (2,2) size 22x14
                text run at (2,2) width 22: "Data"
          RenderTableRow {TR} at (0,22) size 63x18
            RenderTableCell {TD} at (2,22) size 28x18 [border: (1px inset #808080)] [r=1 c=0 rs=1 cs=1]
              RenderText {#text} at (2,2) size 22x14
                text run at (2,2) width 22: "Data"
            RenderTableCell {TD} at (32,22) size 29x18 [border: (1px inset #808080)] [r=1 c=1 rs=1 cs=1]
              RenderText {#text} at (2,2) size 22x14
                text run at (2,2) width 22: "Data"
