layer at (0,0) size 800x600
  RenderView at (0,0) size 800x600
layer at (0,0) size 800x600
  RenderBlock {HTML} at (0,0) size 800x600
    RenderBody {BODY} at (8,8) size 784x584
      RenderTable {TABLE} at (0,0) size 784x392
        RenderTableSection {TBODY} at (0,0) size 784x392
          RenderTableRow {TR} at (0,0) size 784x196
            RenderTableCell {TD} at (0,0) size 238x196 [r=0 c=0 rs=1 cs=1]
              RenderTable {TABLE} at (0,0) size 238x196
                RenderTableSection {THEAD} at (0,0) size 238x14
                  RenderTableRow {TR} at (0,0) size 238x14
                    RenderTableCell {TH} at (0,0) size 238x14 [r=0 c=0 rs=1 cs=1]
                      RenderText {#text} at (91,0) size 56x14
                        text run at (91,0) width 56: "Header 1/1"
                RenderTableSection {TBODY} at (0,14) size 238x182
                  RenderTableRow {TR} at (0,0) size 238x182
                    RenderTableCell {TD} at (0,0) size 238x182 [r=0 c=0 rs=1 cs=1]
                      RenderText {#text} at (0,0) size 235x182
                        text run at (0,0) width 234: "1 2 3 - - - - - - - - - - - - - - - - - - - - - - - - - - - - - -"
                        text run at (0,14) width 235: "- - - - - - - - - - - - - - - - - - - - - - - - - - - - - - - - - -"
                        text run at (0,28) width 235: "- - - - - - - - - - - - - - - - - - - - - - - - - - - - - - - - - -"
                        text run at (0,42) width 235: "- - - - - - - - - - - - - - - - - - - - - - - - - - - - - - - - - -"
                        text run at (0,56) width 235: "- - - - - - - - - - - - - - - - - - - - - - - - - - - - - - - - - -"
                        text run at (0,70) width 235: "- - - - - - - - - - - - - - - - - - - - - - - - - - - - - - - - - -"
                        text run at (0,84) width 49: "- - - - - - - "
                        text run at (49,84) width 186: "- - - - - - - - - - - - - - - - - - - - - - - - - - -"
                        text run at (0,98) width 235: "- - - - - - - - - - - - - - - - - - - - - - - - - - - - - - - - - -"
                        text run at (0,112) width 235: "- - - - - - - - - - - - - - - - - - - - - - - - - - - - - - - - - -"
                        text run at (0,126) width 235: "- - - - - - - - - - - - - - - - - - - - - - - - - - - - - - - - - -"
                        text run at (0,140) width 235: "- - - - - - - - - - - - - - - - - - - - - - - - - - - - - - - - - -"
                        text run at (0,154) width 235: "- - - - - - - - - - - - - - - - - - - - - - - - - - - - - - - - - -"
                        text run at (0,168) width 88: "- - - - - - - - - - - - -"
            RenderTableCell {TD} at (238,0) size 306x196 [r=0 c=1 rs=1 cs=1]
              RenderTable {TABLE} at (0,0) size 306x196
                RenderTableSection {THEAD} at (0,0) size 306x14
                  RenderTableRow {TR} at (0,0) size 306x14
                    RenderTableCell {TH} at (0,0) size 306x14 [r=0 c=0 rs=1 cs=1]
                      RenderText {#text} at (125,0) size 56x14
                        text run at (125,0) width 56: "Header 2/1"
                RenderTableSection {TBODY} at (0,14) size 306x182
                  RenderTableRow {TR} at (0,0) size 306x182
                    RenderTableCell {TD} at (0,0) size 306x182 [r=0 c=0 rs=1 cs=1]
                      RenderText {#text} at (0,0) size 303x182
                        text run at (0,0) width 303: "1 2 3 # # # # # # # # # # # # # # # # # # # # # # # # # # # # # # #"
                        text run at (0,14) width 303: "# # # # # # # # # # # # # # # # # # # # # # # # # # # # # # # # # #"
                        text run at (0,28) width 303: "# # # # # # # # # # # # # # # # # # # # # # # # # # # # # # # # # #"
                        text run at (0,42) width 303: "# # # # # # # # # # # # # # # # # # # # # # # # # # # # # # # # # #"
                        text run at (0,56) width 303: "# # # # # # # # # # # # # # # # # # # # # # # # # # # # # # # # # #"
                        text run at (0,70) width 303: "# # # # # # # # # # # # # # # # # # # # # # # # # # # # # # # # # #"
                        text run at (0,84) width 54: "# # # # # # "
                        text run at (54,84) width 249: "# # # # # # # # # # # # # # # # # # # # # # # # # # # #"
                        text run at (0,98) width 303: "# # # # # # # # # # # # # # # # # # # # # # # # # # # # # # # # # #"
                        text run at (0,112) width 303: "# # # # # # # # # # # # # # # # # # # # # # # # # # # # # # # # # #"
                        text run at (0,126) width 303: "# # # # # # # # # # # # # # # # # # # # # # # # # # # # # # # # # #"
                        text run at (0,140) width 303: "# # # # # # # # # # # # # # # # # # # # # # # # # # # # # # # # # #"
                        text run at (0,154) width 303: "# # # # # # # # # # # # # # # # # # # # # # # # # # # # # # # # # #"
                        text run at (0,168) width 105: "# # # # # # # # # # # #"
            RenderTableCell {TD} at (544,0) size 240x196 [r=0 c=2 rs=1 cs=1]
              RenderTable {TABLE} at (0,0) size 240x196
                RenderTableSection {THEAD} at (0,0) size 240x14
                  RenderTableRow {TR} at (0,0) size 240x14
                    RenderTableCell {TH} at (0,0) size 240x14 [r=0 c=0 rs=1 cs=1]
                      RenderText {#text} at (92,0) size 56x14
                        text run at (92,0) width 56: "Header 3/1"
                RenderTableSection {TBODY} at (0,14) size 240x182
                  RenderTableRow {TR} at (0,0) size 240x182
                    RenderTableCell {TD} at (0,0) size 240x182 [r=0 c=0 rs=1 cs=1]
                      RenderText {#text} at (0,0) size 235x182
                        text run at (0,0) width 234: "1 2 3 ! ! ! ! ! ! ! ! ! ! ! ! ! ! ! ! ! ! ! ! ! ! ! ! ! ! ! ! ! !"
                        text run at (0,14) width 235: "! ! ! ! ! ! ! ! ! ! ! ! ! ! ! ! ! ! ! ! ! ! ! ! ! ! ! ! ! ! ! ! ! !"
                        text run at (0,28) width 235: "! ! ! ! ! ! ! ! ! ! ! ! ! ! ! ! ! ! ! ! ! ! ! ! ! ! ! ! ! ! ! ! ! !"
                        text run at (0,42) width 235: "! ! ! ! ! ! ! ! ! ! ! ! ! ! ! ! ! ! ! ! ! ! ! ! ! ! ! ! ! ! ! ! ! !"
                        text run at (0,56) width 235: "! ! ! ! ! ! ! ! ! ! ! ! ! ! ! ! ! ! ! ! ! ! ! ! ! ! ! ! ! ! ! ! ! !"
                        text run at (0,70) width 235: "! ! ! ! ! ! ! ! ! ! ! ! ! ! ! ! ! ! ! ! ! ! ! ! ! ! ! ! ! ! ! ! ! !"
                        text run at (0,84) width 49: "! ! ! ! ! ! ! "
                        text run at (49,84) width 186: "! ! ! ! ! ! ! ! ! ! ! ! ! ! ! ! ! ! ! ! ! ! ! ! ! ! !"
                        text run at (0,98) width 235: "! ! ! ! ! ! ! ! ! ! ! ! ! ! ! ! ! ! ! ! ! ! ! ! ! ! ! ! ! ! ! ! ! !"
                        text run at (0,112) width 235: "! ! ! ! ! ! ! ! ! ! ! ! ! ! ! ! ! ! ! ! ! ! ! ! ! ! ! ! ! ! ! ! ! !"
                        text run at (0,126) width 235: "! ! ! ! ! ! ! ! ! ! ! ! ! ! ! ! ! ! ! ! ! ! ! ! ! ! ! ! ! ! ! ! ! !"
                        text run at (0,140) width 235: "! ! ! ! ! ! ! ! ! ! ! ! ! ! ! ! ! ! ! ! ! ! ! ! ! ! ! ! ! ! ! ! ! !"
                        text run at (0,154) width 235: "! ! ! ! ! ! ! ! ! ! ! ! ! ! ! ! ! ! ! ! ! ! ! ! ! ! ! ! ! ! ! ! ! !"
                        text run at (0,168) width 88: "! ! ! ! ! ! ! ! ! ! ! ! !"
            RenderTableCell {TD} at (784,0) size 0x0 [r=0 c=3 rs=1 cs=1]
          RenderTableRow {TR} at (0,196) size 784x196
            RenderTableCell {TD} at (0,196) size 238x196 [r=1 c=0 rs=1 cs=1]
              RenderTable {TABLE} at (0,0) size 238x196
                RenderTableSection {THEAD} at (0,0) size 238x14
                  RenderTableRow {TR} at (0,0) size 238x14
                    RenderTableCell {TH} at (0,0) size 238x14 [r=0 c=0 rs=1 cs=1]
                      RenderText {#text} at (91,0) size 56x14
                        text run at (91,0) width 56: "Header 1/2"
                RenderTableSection {TBODY} at (0,14) size 238x182
                  RenderTableRow {TR} at (0,0) size 238x182
                    RenderTableCell {TD} at (0,0) size 238x182 [r=0 c=0 rs=1 cs=1]
                      RenderText {#text} at (0,0) size 235x182
                        text run at (0,0) width 234: "1 2 3 - - - - - - - - - - - - - - - - - - - - - - - - - - - - - -"
                        text run at (0,14) width 235: "- - - - - - - - - - - - - - - - - - - - - - - - - - - - - - - - - -"
                        text run at (0,28) width 235: "- - - - - - - - - - - - - - - - - - - - - - - - - - - - - - - - - -"
                        text run at (0,42) width 235: "- - - - - - - - - - - - - - - - - - - - - - - - - - - - - - - - - -"
                        text run at (0,56) width 235: "- - - - - - - - - - - - - - - - - - - - - - - - - - - - - - - - - -"
                        text run at (0,70) width 235: "- - - - - - - - - - - - - - - - - - - - - - - - - - - - - - - - - -"
                        text run at (0,84) width 49: "- - - - - - - "
                        text run at (49,84) width 186: "- - - - - - - - - - - - - - - - - - - - - - - - - - -"
                        text run at (0,98) width 235: "- - - - - - - - - - - - - - - - - - - - - - - - - - - - - - - - - -"
                        text run at (0,112) width 235: "- - - - - - - - - - - - - - - - - - - - - - - - - - - - - - - - - -"
                        text run at (0,126) width 235: "- - - - - - - - - - - - - - - - - - - - - - - - - - - - - - - - - -"
                        text run at (0,140) width 235: "- - - - - - - - - - - - - - - - - - - - - - - - - - - - - - - - - -"
                        text run at (0,154) width 235: "- - - - - - - - - - - - - - - - - - - - - - - - - - - - - - - - - -"
                        text run at (0,168) width 88: "- - - - - - - - - - - - -"
            RenderTableCell {TD} at (238,196) size 306x196 [r=1 c=1 rs=1 cs=1]
              RenderTable {TABLE} at (0,0) size 306x196
                RenderTableSection {THEAD} at (0,0) size 306x14
                  RenderTableRow {TR} at (0,0) size 306x14
                    RenderTableCell {TH} at (0,0) size 306x14 [r=0 c=0 rs=1 cs=1]
                      RenderText {#text} at (125,0) size 56x14
                        text run at (125,0) width 56: "Header 2/2"
                RenderTableSection {TBODY} at (0,14) size 306x182
                  RenderTableRow {TR} at (0,0) size 306x182
                    RenderTableCell {TD} at (0,0) size 306x182 [r=0 c=0 rs=1 cs=1]
                      RenderText {#text} at (0,0) size 303x182
                        text run at (0,0) width 303: "1 2 3 # # # # # # # # # # # # # # # # # # # # # # # # # # # # # # #"
                        text run at (0,14) width 303: "# # # # # # # # # # # # # # # # # # # # # # # # # # # # # # # # # #"
                        text run at (0,28) width 303: "# # # # # # # # # # # # # # # # # # # # # # # # # # # # # # # # # #"
                        text run at (0,42) width 303: "# # # # # # # # # # # # # # # # # # # # # # # # # # # # # # # # # #"
                        text run at (0,56) width 303: "# # # # # # # # # # # # # # # # # # # # # # # # # # # # # # # # # #"
                        text run at (0,70) width 303: "# # # # # # # # # # # # # # # # # # # # # # # # # # # # # # # # # #"
                        text run at (0,84) width 54: "# # # # # # "
                        text run at (54,84) width 249: "# # # # # # # # # # # # # # # # # # # # # # # # # # # #"
                        text run at (0,98) width 303: "# # # # # # # # # # # # # # # # # # # # # # # # # # # # # # # # # #"
                        text run at (0,112) width 303: "# # # # # # # # # # # # # # # # # # # # # # # # # # # # # # # # # #"
                        text run at (0,126) width 303: "# # # # # # # # # # # # # # # # # # # # # # # # # # # # # # # # # #"
                        text run at (0,140) width 303: "# # # # # # # # # # # # # # # # # # # # # # # # # # # # # # # # # #"
                        text run at (0,154) width 303: "# # # # # # # # # # # # # # # # # # # # # # # # # # # # # # # # # #"
                        text run at (0,168) width 105: "# # # # # # # # # # # #"
            RenderTableCell {TD} at (544,196) size 240x196 [r=1 c=2 rs=1 cs=1]
              RenderTable {TABLE} at (0,0) size 240x196
                RenderTableSection {THEAD} at (0,0) size 240x14
                  RenderTableRow {TR} at (0,0) size 240x14
                    RenderTableCell {TH} at (0,0) size 240x14 [r=0 c=0 rs=1 cs=1]
                      RenderText {#text} at (92,0) size 56x14
                        text run at (92,0) width 56: "Header 3/2"
                RenderTableSection {TBODY} at (0,14) size 240x182
                  RenderTableRow {TR} at (0,0) size 240x182
                    RenderTableCell {TD} at (0,0) size 240x182 [r=0 c=0 rs=1 cs=1]
                      RenderText {#text} at (0,0) size 235x182
                        text run at (0,0) width 234: "1 2 3 ! ! ! ! ! ! ! ! ! ! ! ! ! ! ! ! ! ! ! ! ! ! ! ! ! ! ! ! ! !"
                        text run at (0,14) width 235: "! ! ! ! ! ! ! ! ! ! ! ! ! ! ! ! ! ! ! ! ! ! ! ! ! ! ! ! ! ! ! ! ! !"
                        text run at (0,28) width 235: "! ! ! ! ! ! ! ! ! ! ! ! ! ! ! ! ! ! ! ! ! ! ! ! ! ! ! ! ! ! ! ! ! !"
                        text run at (0,42) width 235: "! ! ! ! ! ! ! ! ! ! ! ! ! ! ! ! ! ! ! ! ! ! ! ! ! ! ! ! ! ! ! ! ! !"
                        text run at (0,56) width 235: "! ! ! ! ! ! ! ! ! ! ! ! ! ! ! ! ! ! ! ! ! ! ! ! ! ! ! ! ! ! ! ! ! !"
                        text run at (0,70) width 235: "! ! ! ! ! ! ! ! ! ! ! ! ! ! ! ! ! ! ! ! ! ! ! ! ! ! ! ! ! ! ! ! ! !"
                        text run at (0,84) width 49: "! ! ! ! ! ! ! "
                        text run at (49,84) width 186: "! ! ! ! ! ! ! ! ! ! ! ! ! ! ! ! ! ! ! ! ! ! ! ! ! ! !"
                        text run at (0,98) width 235: "! ! ! ! ! ! ! ! ! ! ! ! ! ! ! ! ! ! ! ! ! ! ! ! ! ! ! ! ! ! ! ! ! !"
                        text run at (0,112) width 235: "! ! ! ! ! ! ! ! ! ! ! ! ! ! ! ! ! ! ! ! ! ! ! ! ! ! ! ! ! ! ! ! ! !"
                        text run at (0,126) width 235: "! ! ! ! ! ! ! ! ! ! ! ! ! ! ! ! ! ! ! ! ! ! ! ! ! ! ! ! ! ! ! ! ! !"
                        text run at (0,140) width 235: "! ! ! ! ! ! ! ! ! ! ! ! ! ! ! ! ! ! ! ! ! ! ! ! ! ! ! ! ! ! ! ! ! !"
                        text run at (0,154) width 235: "! ! ! ! ! ! ! ! ! ! ! ! ! ! ! ! ! ! ! ! ! ! ! ! ! ! ! ! ! ! ! ! ! !"
                        text run at (0,168) width 88: "! ! ! ! ! ! ! ! ! ! ! ! !"
