layer at (0,0) size 800x600
  RenderView at (0,0) size 800x600
layer at (0,0) size 800x600
  RenderBlock {HTML} at (0,0) size 800x600
    RenderBody {BODY} at (8,8) size 784x584 [bgcolor=#C0C0C0]
      RenderTable {TABLE} at (0,0) size 102x68 [border: (10px outset #808080)]
        RenderTableSection {TBODY} at (10,10) size 82x48
          RenderTableRow {TR} at (0,10) size 82x18
            RenderTableCell {TD} at (10,15) size 26x18 [border: (1px inset #808080)] [r=0 c=0 rs=2 cs=1]
              RenderText {#text} at (2,2) size 22x14
                text run at (2,2) width 22: "cell1"
            RenderTableCell {TD} at (46,10) size 26x18 [border: (1px inset #808080)] [r=0 c=1 rs=1 cs=1]
              RenderText {#text} at (2,2) size 22x14
                text run at (2,2) width 22: "cell2"
          RenderTableRow {TR} at (0,38) size 82x0
      RenderBlock {P} at (0,80) size 784x14
        RenderText {#text} at (0,0) size 222x14
          text run at (0,0) width 222: "See the behaviour when there is one more row:"
      RenderTable {TABLE} at (0,106) size 102x96 [border: (10px outset #808080)]
        RenderTableSection {TBODY} at (10,10) size 82x76
          RenderTableRow {TR} at (0,10) size 82x18
            RenderTableCell {TD} at (10,15) size 26x18 [border: (1px inset #808080)] [r=0 c=0 rs=2 cs=1]
              RenderText {#text} at (2,2) size 22x14
                text run at (2,2) width 22: "cell1"
            RenderTableCell {TD} at (46,10) size 26x18 [border: (1px inset #808080)] [r=0 c=1 rs=1 cs=1]
              RenderText {#text} at (2,2) size 22x14
                text run at (2,2) width 22: "cell2"
          RenderTableRow {TR} at (0,38) size 82x0
          RenderTableRow {TR} at (0,48) size 82x18
            RenderTableCell {TD} at (10,48) size 26x18 [border: (1px inset #808080)] [r=2 c=0 rs=1 cs=1]
              RenderText {#text} at (2,2) size 22x14
                text run at (2,2) width 22: "cell3"
            RenderTableCell {TD} at (46,48) size 26x18 [border: (1px inset #808080)] [r=2 c=1 rs=1 cs=1]
              RenderText {#text} at (2,2) size 22x14
                text run at (2,2) width 22: "cell4"
      RenderBlock {P} at (0,214) size 784x14
        RenderText {#text} at (0,0) size 262x14
          text run at (0,0) width 262: "Now move the rowspan to cell2 to have even more fun:"
      RenderTable {TABLE} at (0,240) size 102x96 [border: (10px outset #808080)]
        RenderTableSection {TBODY} at (10,10) size 82x76
          RenderTableRow {TR} at (0,10) size 82x18
            RenderTableCell {TD} at (10,10) size 26x18 [border: (1px inset #808080)] [r=0 c=0 rs=1 cs=1]
              RenderText {#text} at (2,2) size 22x14
                text run at (2,2) width 22: "cell1"
            RenderTableCell {TD} at (46,15) size 26x18 [border: (1px inset #808080)] [r=0 c=1 rs=2 cs=1]
              RenderText {#text} at (2,2) size 22x14
                text run at (2,2) width 22: "cell2"
          RenderTableRow {TR} at (0,38) size 82x0
          RenderTableRow {TR} at (0,48) size 82x18
            RenderTableCell {TD} at (10,48) size 26x18 [border: (1px inset #808080)] [r=2 c=0 rs=1 cs=1]
              RenderText {#text} at (2,2) size 22x14
                text run at (2,2) width 22: "cell3"
            RenderTableCell {TD} at (46,48) size 26x18 [border: (1px inset #808080)] [r=2 c=1 rs=1 cs=1]
              RenderText {#text} at (2,2) size 22x14
                text run at (2,2) width 22: "cell4"
