layer at (0,0) size 800x600
  RenderView at (0,0) size 800x600
layer at (0,0) size 800x600
  RenderBlock {HTML} at (0,0) size 800x600
    RenderBody {BODY} at (8,8) size 784x580
      RenderBlock {P} at (0,0) size 784x126
        RenderBlock (anonymous) at (0,0) size 784x56
          RenderText {#text} at (0,0) size 251x14
            text run at (0,0) width 251: "In the yellow table the \"W\" is clipped on its left edge."
          RenderBR {BR} at (251,11) size 0x0
          RenderText {#text} at (0,14) size 126x14
            text run at (0,14) width 126: "The only difference is that:"
          RenderBR {BR} at (126,25) size 0x0
          RenderText {#text} at (0,28) size 187x14
            text run at (0,28) width 187: "yellow table has CELLPADDING=\"0\""
          RenderBR {BR} at (187,39) size 0x0
          RenderText {#text} at (0,42) size 179x14
            text run at (0,42) width 179: "grey table has CELLPADDING=\"1\"."
        RenderTable {TABLE} at (0,56) size 40x34 [bgcolor=#FFFF00]
          RenderTableSection {TBODY} at (0,0) size 40x34
            RenderTableRow {TR} at (0,2) size 40x30
              RenderTableCell {TD} at (2,2) size 36x30 [r=0 c=0 rs=1 cs=1]
                RenderInline {FONT} at (0,0) size 26x30
                  RenderText {#text} at (0,0) size 26x30
                    text run at (0,0) width 26: "Online"
                    text run at (0,10) width 22: "Web-"
                    text run at (0,20) width 22: "Store"
        RenderTable {TABLE} at (0,90) size 40x36 [bgcolor=#EEEEEE]
          RenderTableSection {TBODY} at (0,0) size 40x36
            RenderTableRow {TR} at (0,2) size 40x32
              RenderTableCell {TD} at (2,2) size 36x32 [r=0 c=0 rs=1 cs=1]
                RenderInline {FONT} at (0,0) size 26x30
                  RenderText {#text} at (1,1) size 26x30
                    text run at (1,1) width 26: "Online"
                    text run at (1,11) width 22: "Web-"
                    text run at (1,21) width 22: "Store"
