layer at (0,0) size 800x674
  RenderView at (0,0) size 800x600
layer at (0,0) size 800x674
  RenderBlock {HTML} at (0,0) size 800x674
    RenderBody {BODY} at (8,8) size 784x658
      RenderBlock {HR} at (0,0) size 784x2 [border: (1px inset #000000)]
      RenderBlock {H3} at (0,16) size 784x16
        RenderText {#text} at (0,0) size 45x15
          text run at (0,0) width 45: "Table 1"
      RenderBlock {PRE} at (0,46) size 784x44
        RenderText {#text} at (0,0) size 168x44
          text run at (0,0) width 168: "<TABLE width=\"500\" border=1>"
          text run at (168,0) width 0: " "
          text run at (0,11) width 60: "<COLGROUP>"
          text run at (60,11) width 0: " "
          text run at (0,22) width 60: "<COLGROUP>"
          text run at (60,22) width 0: " "
          text run at (0,33) width 126: "<COLGROUP width=\"0*\">"
          text run at (126,33) width 0: " "
      RenderTable {TABLE} at (0,100) size 500x64 [border: (1px outset #808080)]
        RenderTableCol {COLGROUP} at (0,0) size 0x0
        RenderTableCol {COLGROUP} at (0,0) size 0x0
        RenderTableCol {COLGROUP} at (0,0) size 0x0
        RenderTableSection {TBODY} at (1,1) size 498x62
          RenderTableRow {TR} at (0,2) size 498x18
            RenderTableCell {TD} at (2,2) size 164x18 [border: (1px inset #808080)] [r=0 c=0 rs=1 cs=1]
              RenderText {#text} at (2,2) size 31x14
                text run at (2,2) width 31: "Cell A"
            RenderTableCell {TD} at (168,2) size 165x18 [border: (1px inset #808080)] [r=0 c=1 rs=1 cs=1]
              RenderText {#text} at (2,2) size 30x14
                text run at (2,2) width 30: "Cell B"
            RenderTableCell {TD} at (335,2) size 161x18 [border: (1px inset #808080)] [r=0 c=2 rs=1 cs=1]
              RenderText {#text} at (2,2) size 30x14
                text run at (2,2) width 30: "Cell C"
          RenderTableRow {TR} at (0,22) size 498x18
            RenderTableCell {TD} at (2,22) size 164x18 [border: (1px inset #808080)] [r=1 c=0 rs=1 cs=1]
              RenderText {#text} at (2,2) size 31x14
                text run at (2,2) width 31: "Cell D"
            RenderTableCell {TD} at (168,22) size 165x18 [border: (1px inset #808080)] [r=1 c=1 rs=1 cs=1]
              RenderText {#text} at (2,2) size 29x14
                text run at (2,2) width 29: "Cell E"
            RenderTableCell {TD} at (335,22) size 161x18 [border: (1px inset #808080)] [r=1 c=2 rs=1 cs=1]
              RenderText {#text} at (2,2) size 29x14
                text run at (2,2) width 29: "Cell F"
          RenderTableRow {TR} at (0,42) size 498x18
            RenderTableCell {TD} at (2,42) size 164x18 [border: (1px inset #808080)] [r=2 c=0 rs=1 cs=1]
              RenderText {#text} at (2,2) size 31x14
                text run at (2,2) width 31: "Cell G"
            RenderTableCell {TD} at (168,42) size 165x18 [border: (1px inset #808080)] [r=2 c=1 rs=1 cs=1]
              RenderText {#text} at (2,2) size 31x14
                text run at (2,2) width 31: "Cell H"
            RenderTableCell {TD} at (335,42) size 161x18 [border: (1px inset #808080)] [r=2 c=2 rs=1 cs=1]
              RenderText {#text} at (2,2) size 26x14
                text run at (2,2) width 26: "Cell I"
      RenderBlock {HR} at (0,170) size 784x2 [border: (1px inset #000000)]
      RenderBlock {H3} at (0,186) size 784x16
        RenderText {#text} at (0,0) size 56x15
          text run at (0,0) width 56: "Table 2.1"
      RenderBlock {PRE} at (0,216) size 784x44
        RenderText {#text} at (0,0) size 168x44
          text run at (0,0) width 168: "<TABLE width=\"500\" border=1>"
          text run at (168,0) width 0: " "
          text run at (0,11) width 126: "<COLGROUP width=\"1*\">"
          text run at (126,11) width 0: " "
          text run at (0,22) width 126: "<COLGROUP width=\"1*\">"
          text run at (126,22) width 0: " "
          text run at (0,33) width 126: "<COLGROUP width=\"0*\">"
          text run at (126,33) width 0: " "
      RenderTable {TABLE} at (0,270) size 500x64 [border: (1px outset #808080)]
        RenderTableCol {COLGROUP} at (0,0) size 0x0
        RenderTableCol {COLGROUP} at (0,0) size 0x0
        RenderTableCol {COLGROUP} at (0,0) size 0x0
        RenderTableSection {TBODY} at (1,1) size 498x62
          RenderTableRow {TR} at (0,2) size 498x18
            RenderTableCell {TD} at (2,2) size 155x18 [border: (1px inset #808080)] [r=0 c=0 rs=1 cs=1]
              RenderText {#text} at (2,2) size 31x14
                text run at (2,2) width 31: "Cell A"
            RenderTableCell {TD} at (159,2) size 183x18 [border: (1px inset #808080)] [r=0 c=1 rs=1 cs=1]
              RenderText {#text} at (2,2) size 36x14
                text run at (2,2) width 36: "Cell_ B"
            RenderTableCell {TD} at (344,2) size 152x18 [border: (1px inset #808080)] [r=0 c=2 rs=1 cs=1]
              RenderText {#text} at (2,2) size 30x14
                text run at (2,2) width 30: "Cell C"
          RenderTableRow {TR} at (0,22) size 498x18
            RenderTableCell {TD} at (2,22) size 155x18 [border: (1px inset #808080)] [r=1 c=0 rs=1 cs=1]
              RenderText {#text} at (2,2) size 31x14
                text run at (2,2) width 31: "Cell D"
            RenderTableCell {TD} at (159,22) size 183x18 [border: (1px inset #808080)] [r=1 c=1 rs=1 cs=1]
              RenderText {#text} at (2,2) size 35x14
                text run at (2,2) width 35: "Cell_ E"
            RenderTableCell {TD} at (344,22) size 152x18 [border: (1px inset #808080)] [r=1 c=2 rs=1 cs=1]
              RenderText {#text} at (2,2) size 29x14
                text run at (2,2) width 29: "Cell F"
          RenderTableRow {TR} at (0,42) size 498x18
            RenderTableCell {TD} at (2,42) size 155x18 [border: (1px inset #808080)] [r=2 c=0 rs=1 cs=1]
              RenderText {#text} at (2,2) size 31x14
                text run at (2,2) width 31: "Cell G"
            RenderTableCell {TD} at (159,42) size 183x18 [border: (1px inset #808080)] [r=2 c=1 rs=1 cs=1]
              RenderText {#text} at (2,2) size 37x14
                text run at (2,2) width 37: "Cell_ H"
            RenderTableCell {TD} at (344,42) size 152x18 [border: (1px inset #808080)] [r=2 c=2 rs=1 cs=1]
              RenderText {#text} at (2,2) size 26x14
                text run at (2,2) width 26: "Cell I"
      RenderBlock {H3} at (0,348) size 784x16
        RenderText {#text} at (0,0) size 56x15
          text run at (0,0) width 56: "Table 2.2"
      RenderBlock {PRE} at (0,378) size 784x44
        RenderText {#text} at (0,0) size 168x44
          text run at (0,0) width 168: "<TABLE width=\"500\" border=1>"
          text run at (168,0) width 0: " "
          text run at (0,11) width 126: "<COLGROUP width=\"1*\">"
          text run at (126,11) width 0: " "
          text run at (0,22) width 126: "<COLGROUP width=\"2*\">"
          text run at (126,22) width 0: " "
          text run at (0,33) width 126: "<COLGROUP width=\"0*\">"
          text run at (126,33) width 0: " "
      RenderTable {TABLE} at (0,432) size 500x64 [border: (1px outset #808080)]
        RenderTableCol {COLGROUP} at (0,0) size 0x0
        RenderTableCol {COLGROUP} at (0,0) size 0x0
        RenderTableCol {COLGROUP} at (0,0) size 0x0
        RenderTableSection {TBODY} at (1,1) size 498x62
          RenderTableRow {TR} at (0,2) size 498x18
            RenderTableCell {TD} at (2,2) size 164x18 [border: (1px inset #808080)] [r=0 c=0 rs=1 cs=1]
              RenderText {#text} at (2,2) size 31x14
                text run at (2,2) width 31: "Cell A"
            RenderTableCell {TD} at (168,2) size 165x18 [border: (1px inset #808080)] [r=0 c=1 rs=1 cs=1]
              RenderText {#text} at (2,2) size 30x14
                text run at (2,2) width 30: "Cell B"
            RenderTableCell {TD} at (335,2) size 161x18 [border: (1px inset #808080)] [r=0 c=2 rs=1 cs=1]
              RenderText {#text} at (2,2) size 30x14
                text run at (2,2) width 30: "Cell C"
          RenderTableRow {TR} at (0,22) size 498x18
            RenderTableCell {TD} at (2,22) size 164x18 [border: (1px inset #808080)] [r=1 c=0 rs=1 cs=1]
              RenderText {#text} at (2,2) size 31x14
                text run at (2,2) width 31: "Cell D"
            RenderTableCell {TD} at (168,22) size 165x18 [border: (1px inset #808080)] [r=1 c=1 rs=1 cs=1]
              RenderText {#text} at (2,2) size 29x14
                text run at (2,2) width 29: "Cell E"
            RenderTableCell {TD} at (335,22) size 161x18 [border: (1px inset #808080)] [r=1 c=2 rs=1 cs=1]
              RenderText {#text} at (2,2) size 29x14
                text run at (2,2) width 29: "Cell F"
          RenderTableRow {TR} at (0,42) size 498x18
            RenderTableCell {TD} at (2,42) size 164x18 [border: (1px inset #808080)] [r=2 c=0 rs=1 cs=1]
              RenderText {#text} at (2,2) size 31x14
                text run at (2,2) width 31: "Cell G"
            RenderTableCell {TD} at (168,42) size 165x18 [border: (1px inset #808080)] [r=2 c=1 rs=1 cs=1]
              RenderText {#text} at (2,2) size 31x14
                text run at (2,2) width 31: "Cell H"
            RenderTableCell {TD} at (335,42) size 161x18 [border: (1px inset #808080)] [r=2 c=2 rs=1 cs=1]
              RenderText {#text} at (2,2) size 26x14
                text run at (2,2) width 26: "Cell I"
      RenderBlock {H3} at (0,510) size 784x16
        RenderText {#text} at (0,0) size 56x15
          text run at (0,0) width 56: "Table 3.1"
      RenderBlock {PRE} at (0,540) size 784x44
        RenderText {#text} at (0,0) size 168x44
          text run at (0,0) width 168: "<TABLE width=\"500\" border=1>"
          text run at (168,0) width 0: " "
          text run at (0,11) width 126: "<COLGROUP width=\"1*\">"
          text run at (126,11) width 0: " "
          text run at (0,22) width 132: "<COLGROUP width=\"100\">"
          text run at (132,22) width 0: " "
          text run at (0,33) width 126: "<COLGROUP width=\"0*\">"
          text run at (126,33) width 0: " "
      RenderTable {TABLE} at (0,594) size 500x64 [border: (1px outset #808080)]
        RenderTableCol {COLGROUP} at (0,0) size 0x0
        RenderTableCol {COLGROUP} at (0,0) size 0x0
        RenderTableCol {COLGROUP} at (0,0) size 0x0
        RenderTableSection {TBODY} at (1,1) size 498x62
          RenderTableRow {TR} at (0,2) size 498x18
            RenderTableCell {TD} at (2,2) size 197x18 [border: (1px inset #808080)] [r=0 c=0 rs=1 cs=1]
              RenderText {#text} at (2,2) size 31x14
                text run at (2,2) width 31: "Cell A"
            RenderTableCell {TD} at (201,2) size 100x18 [border: (1px inset #808080)] [r=0 c=1 rs=1 cs=1]
              RenderText {#text} at (2,2) size 30x14
                text run at (2,2) width 30: "Cell B"
            RenderTableCell {TD} at (303,2) size 193x18 [border: (1px inset #808080)] [r=0 c=2 rs=1 cs=1]
              RenderText {#text} at (2,2) size 30x14
                text run at (2,2) width 30: "Cell C"
          RenderTableRow {TR} at (0,22) size 498x18
            RenderTableCell {TD} at (2,22) size 197x18 [border: (1px inset #808080)] [r=1 c=0 rs=1 cs=1]
              RenderText {#text} at (2,2) size 31x14
                text run at (2,2) width 31: "Cell D"
            RenderTableCell {TD} at (201,22) size 100x18 [border: (1px inset #808080)] [r=1 c=1 rs=1 cs=1]
              RenderText {#text} at (2,2) size 29x14
                text run at (2,2) width 29: "Cell E"
            RenderTableCell {TD} at (303,22) size 193x18 [border: (1px inset #808080)] [r=1 c=2 rs=1 cs=1]
              RenderText {#text} at (2,2) size 29x14
                text run at (2,2) width 29: "Cell F"
          RenderTableRow {TR} at (0,42) size 498x18
            RenderTableCell {TD} at (2,42) size 197x18 [border: (1px inset #808080)] [r=2 c=0 rs=1 cs=1]
              RenderText {#text} at (2,2) size 31x14
                text run at (2,2) width 31: "Cell G"
            RenderTableCell {TD} at (201,42) size 100x18 [border: (1px inset #808080)] [r=2 c=1 rs=1 cs=1]
              RenderText {#text} at (2,2) size 31x14
                text run at (2,2) width 31: "Cell H"
            RenderTableCell {TD} at (303,42) size 193x18 [border: (1px inset #808080)] [r=2 c=2 rs=1 cs=1]
              RenderText {#text} at (2,2) size 26x14
                text run at (2,2) width 26: "Cell I"
