layer at (0,0) size 800x600
  RenderView at (0,0) size 800x600
layer at (0,0) size 800x600
  RenderBlock {HTML} at (0,0) size 800x600
    RenderBody {BODY} at (8,8) size 784x584
      RenderTable {TABLE} at (365,0) size 53x46 [border: (3px solid #008000)]
        RenderBlock {CAPTION} at (0,0) size 15x20 [border: (3px solid #FFA500)]
          RenderText {#text} at (3,3) size 16x14
            text run at (3,3) width 16: "cap"
        RenderTableSection {TBODY} at (3,23) size 47x20
          RenderTableRow {TR} at (0,2) size 47x16
            RenderTableCell {TD} at (2,2) size 43x16 [r=0 c=0 rs=1 cs=1]
              RenderText {#text} at (1,1) size 41x14
                text run at (1,1) width 41: "table cell"
