layer at (0,0) size 800x600
  RenderView at (0,0) size 800x600
layer at (0,0) size 800x600
  RenderBlock {HTML} at (0,0) size 800x600
    RenderBody {BODY} at (8,8) size 784x584 [bgcolor=#FFFFFF]
      RenderTable {TABLE} at (0,0) size 784x88 [border: (3px solid #008000)]
        RenderBlock {CAPTION} at (0,0) size 778x20 [border: (3px solid #FFA500)]
          RenderText {#text} at (362,3) size 54x14
            text run at (362,3) width 54: "caption text"
        RenderTableSection {TBODY} at (3,23) size 778x62
          RenderTableRow {TR} at (0,2) size 778x58
            RenderTableCell {TD} at (2,2) size 774x58 [r=0 c=0 rs=1 cs=1]
              RenderText {#text} at (1,1) size 769x56
                text run at (1,1) width 769: "table text which should wrap table text which should wrap table text which should wrap table text which should wrap table text which should wrap table text which"
                text run at (1,15) width 754: "should wrap table text which should wrap table text which should wrap table text which should wrap table text which should wrap table text which should wrap"
                text run at (1,29) width 769: "table text which should wrap table text which should wrap table text which should wrap table text which should wrap table text which should wrap table text which"
                text run at (1,43) width 615: "should wrap table text which should wrap table text which should wrap table text which should wrap table text which should wrap"
