layer at (0,0) size 800x600
  RenderView at (0,0) size 800x600
layer at (0,0) size 800x600
  RenderBlock {HTML} at (0,0) size 800x600
    RenderBody {BODY} at (8,8) size 784x584
      RenderBlock {P} at (0,0) size 784x14
        RenderText {#text} at (0,0) size 102x14
          text run at (0,0) width 102: "A paragraph of text"
      RenderTable {TABLE} at (0,26) size 216x286 [border: (1px outset #808080)]
        RenderTableSection {THEAD} at (1,1) size 214x22
          RenderTableRow {TR} at (0,2) size 214x18
            RenderTableCell {TH} at (2,2) size 51x18 [border: (1px inset #808080)] [r=0 c=0 rs=1 cs=1]
              RenderText {#text} at (2,2) size 47x14
                text run at (2,2) width 47: "column 1"
            RenderTableCell {TH} at (55,2) size 51x18 [border: (1px inset #808080)] [r=0 c=1 rs=1 cs=1]
              RenderText {#text} at (2,2) size 47x14
                text run at (2,2) width 47: "column 2"
            RenderTableCell {TH} at (108,2) size 51x18 [border: (1px inset #808080)] [r=0 c=2 rs=1 cs=1]
              RenderText {#text} at (2,2) size 47x14
                text run at (2,2) width 47: "column 3"
            RenderTableCell {TH} at (161,2) size 51x18 [border: (1px inset #808080)] [r=0 c=3 rs=1 cs=1]
              RenderText {#text} at (2,2) size 47x14
                text run at (2,2) width 47: "column 4"
        RenderTableSection {TBODY} at (1,23) size 214x262
          RenderTableRow {TR} at (0,2) size 214x18
            RenderTableCell {TD} at (2,2) size 51x18 [border: (1px inset #808080)] [r=0 c=0 rs=1 cs=1]
              RenderText {#text} at (2,2) size 17x14
                text run at (2,2) width 17: "one"
            RenderTableCell {TD} at (55,2) size 51x18 [border: (1px inset #808080)] [r=0 c=1 rs=1 cs=1]
              RenderText {#text} at (2,2) size 18x14
                text run at (2,2) width 18: "two"
            RenderTableCell {TD} at (108,2) size 51x18 [border: (1px inset #808080)] [r=0 c=2 rs=1 cs=1]
              RenderText {#text} at (2,2) size 23x14
                text run at (2,2) width 23: "three"
            RenderTableCell {TD} at (161,2) size 51x18 [border: (1px inset #808080)] [r=0 c=3 rs=1 cs=1]
              RenderText {#text} at (2,2) size 20x14
                text run at (2,2) width 20: "four"
          RenderTableRow {TR} at (0,22) size 214x18
            RenderTableCell {TD} at (2,22) size 51x18 [border: (1px inset #808080)] [r=1 c=0 rs=1 cs=1]
              RenderText {#text} at (2,2) size 17x14
                text run at (2,2) width 17: "one"
            RenderTableCell {TD} at (55,22) size 51x18 [border: (1px inset #808080)] [r=1 c=1 rs=1 cs=1]
              RenderText {#text} at (2,2) size 18x14
                text run at (2,2) width 18: "two"
            RenderTableCell {TD} at (108,22) size 51x18 [border: (1px inset #808080)] [r=1 c=2 rs=1 cs=1]
              RenderText {#text} at (2,2) size 23x14
                text run at (2,2) width 23: "three"
            RenderTableCell {TD} at (161,22) size 51x18 [border: (1px inset #808080)] [r=1 c=3 rs=1 cs=1]
              RenderText {#text} at (2,2) size 20x14
                text run at (2,2) width 20: "four"
          RenderTableRow {TR} at (0,42) size 214x18
            RenderTableCell {TD} at (2,42) size 51x18 [border: (1px inset #808080)] [r=2 c=0 rs=1 cs=1]
              RenderText {#text} at (2,2) size 17x14
                text run at (2,2) width 17: "one"
            RenderTableCell {TD} at (55,42) size 51x18 [border: (1px inset #808080)] [r=2 c=1 rs=1 cs=1]
              RenderText {#text} at (2,2) size 18x14
                text run at (2,2) width 18: "two"
            RenderTableCell {TD} at (108,42) size 51x18 [border: (1px inset #808080)] [r=2 c=2 rs=1 cs=1]
              RenderText {#text} at (2,2) size 23x14
                text run at (2,2) width 23: "three"
            RenderTableCell {TD} at (161,42) size 51x18 [border: (1px inset #808080)] [r=2 c=3 rs=1 cs=1]
              RenderText {#text} at (2,2) size 20x14
                text run at (2,2) width 20: "four"
          RenderTableRow {TR} at (0,62) size 214x18
            RenderTableCell {TD} at (2,62) size 51x18 [border: (1px inset #808080)] [r=3 c=0 rs=1 cs=1]
              RenderText {#text} at (2,2) size 17x14
                text run at (2,2) width 17: "one"
            RenderTableCell {TD} at (55,62) size 51x18 [border: (1px inset #808080)] [r=3 c=1 rs=1 cs=1]
              RenderText {#text} at (2,2) size 18x14
                text run at (2,2) width 18: "two"
            RenderTableCell {TD} at (108,62) size 51x18 [border: (1px inset #808080)] [r=3 c=2 rs=1 cs=1]
              RenderText {#text} at (2,2) size 23x14
                text run at (2,2) width 23: "three"
            RenderTableCell {TD} at (161,62) size 51x18 [border: (1px inset #808080)] [r=3 c=3 rs=1 cs=1]
              RenderText {#text} at (2,2) size 20x14
                text run at (2,2) width 20: "four"
          RenderTableRow {TR} at (0,82) size 214x18
            RenderTableCell {TD} at (2,82) size 51x18 [border: (1px inset #808080)] [r=4 c=0 rs=1 cs=1]
              RenderText {#text} at (2,2) size 17x14
                text run at (2,2) width 17: "one"
            RenderTableCell {TD} at (55,82) size 51x18 [border: (1px inset #808080)] [r=4 c=1 rs=1 cs=1]
              RenderText {#text} at (2,2) size 18x14
                text run at (2,2) width 18: "two"
            RenderTableCell {TD} at (108,82) size 51x18 [border: (1px inset #808080)] [r=4 c=2 rs=1 cs=1]
              RenderText {#text} at (2,2) size 23x14
                text run at (2,2) width 23: "three"
            RenderTableCell {TD} at (161,82) size 51x18 [border: (1px inset #808080)] [r=4 c=3 rs=1 cs=1]
              RenderText {#text} at (2,2) size 20x14
                text run at (2,2) width 20: "four"
          RenderTableRow {TR} at (0,102) size 214x18
            RenderTableCell {TD} at (2,102) size 51x18 [border: (1px inset #808080)] [r=5 c=0 rs=1 cs=1]
              RenderText {#text} at (2,2) size 17x14
                text run at (2,2) width 17: "one"
            RenderTableCell {TD} at (55,102) size 51x18 [border: (1px inset #808080)] [r=5 c=1 rs=1 cs=1]
              RenderText {#text} at (2,2) size 18x14
                text run at (2,2) width 18: "two"
            RenderTableCell {TD} at (108,102) size 51x18 [border: (1px inset #808080)] [r=5 c=2 rs=1 cs=1]
              RenderText {#text} at (2,2) size 23x14
                text run at (2,2) width 23: "three"
            RenderTableCell {TD} at (161,102) size 51x18 [border: (1px inset #808080)] [r=5 c=3 rs=1 cs=1]
              RenderText {#text} at (2,2) size 20x14
                text run at (2,2) width 20: "four"
          RenderTableRow {TR} at (0,122) size 214x18
            RenderTableCell {TD} at (2,122) size 51x18 [border: (1px inset #808080)] [r=6 c=0 rs=1 cs=1]
              RenderText {#text} at (2,2) size 17x14
                text run at (2,2) width 17: "one"
            RenderTableCell {TD} at (55,122) size 51x18 [border: (1px inset #808080)] [r=6 c=1 rs=1 cs=1]
              RenderText {#text} at (2,2) size 18x14
                text run at (2,2) width 18: "two"
            RenderTableCell {TD} at (108,122) size 51x18 [border: (1px inset #808080)] [r=6 c=2 rs=1 cs=1]
              RenderText {#text} at (2,2) size 23x14
                text run at (2,2) width 23: "three"
            RenderTableCell {TD} at (161,122) size 51x18 [border: (1px inset #808080)] [r=6 c=3 rs=1 cs=1]
              RenderText {#text} at (2,2) size 20x14
                text run at (2,2) width 20: "four"
          RenderTableRow {TR} at (0,142) size 214x18
            RenderTableCell {TD} at (2,142) size 51x18 [border: (1px inset #808080)] [r=7 c=0 rs=1 cs=1]
              RenderText {#text} at (2,2) size 17x14
                text run at (2,2) width 17: "one"
            RenderTableCell {TD} at (55,142) size 51x18 [border: (1px inset #808080)] [r=7 c=1 rs=1 cs=1]
              RenderText {#text} at (2,2) size 18x14
                text run at (2,2) width 18: "two"
            RenderTableCell {TD} at (108,142) size 51x18 [border: (1px inset #808080)] [r=7 c=2 rs=1 cs=1]
              RenderText {#text} at (2,2) size 23x14
                text run at (2,2) width 23: "three"
            RenderTableCell {TD} at (161,142) size 51x18 [border: (1px inset #808080)] [r=7 c=3 rs=1 cs=1]
              RenderText {#text} at (2,2) size 20x14
                text run at (2,2) width 20: "four"
          RenderTableRow {TR} at (0,162) size 214x18
            RenderTableCell {TD} at (2,162) size 51x18 [border: (1px inset #808080)] [r=8 c=0 rs=1 cs=1]
              RenderText {#text} at (2,2) size 17x14
                text run at (2,2) width 17: "one"
            RenderTableCell {TD} at (55,162) size 51x18 [border: (1px inset #808080)] [r=8 c=1 rs=1 cs=1]
              RenderText {#text} at (2,2) size 18x14
                text run at (2,2) width 18: "two"
            RenderTableCell {TD} at (108,162) size 51x18 [border: (1px inset #808080)] [r=8 c=2 rs=1 cs=1]
              RenderText {#text} at (2,2) size 23x14
                text run at (2,2) width 23: "three"
            RenderTableCell {TD} at (161,162) size 51x18 [border: (1px inset #808080)] [r=8 c=3 rs=1 cs=1]
              RenderText {#text} at (2,2) size 20x14
                text run at (2,2) width 20: "four"
          RenderTableRow {TR} at (0,182) size 214x18
            RenderTableCell {TD} at (2,182) size 51x18 [border: (1px inset #808080)] [r=9 c=0 rs=1 cs=1]
              RenderText {#text} at (2,2) size 17x14
                text run at (2,2) width 17: "one"
            RenderTableCell {TD} at (55,182) size 51x18 [border: (1px inset #808080)] [r=9 c=1 rs=1 cs=1]
              RenderText {#text} at (2,2) size 18x14
                text run at (2,2) width 18: "two"
            RenderTableCell {TD} at (108,182) size 51x18 [border: (1px inset #808080)] [r=9 c=2 rs=1 cs=1]
              RenderText {#text} at (2,2) size 23x14
                text run at (2,2) width 23: "three"
            RenderTableCell {TD} at (161,182) size 51x18 [border: (1px inset #808080)] [r=9 c=3 rs=1 cs=1]
              RenderText {#text} at (2,2) size 20x14
                text run at (2,2) width 20: "four"
          RenderTableRow {TR} at (0,202) size 214x18
            RenderTableCell {TD} at (2,202) size 51x18 [border: (1px inset #808080)] [r=10 c=0 rs=1 cs=1]
              RenderText {#text} at (2,2) size 17x14
                text run at (2,2) width 17: "one"
            RenderTableCell {TD} at (55,202) size 51x18 [border: (1px inset #808080)] [r=10 c=1 rs=1 cs=1]
              RenderText {#text} at (2,2) size 18x14
                text run at (2,2) width 18: "two"
            RenderTableCell {TD} at (108,202) size 51x18 [border: (1px inset #808080)] [r=10 c=2 rs=1 cs=1]
              RenderText {#text} at (2,2) size 23x14
                text run at (2,2) width 23: "three"
            RenderTableCell {TD} at (161,202) size 51x18 [border: (1px inset #808080)] [r=10 c=3 rs=1 cs=1]
              RenderText {#text} at (2,2) size 20x14
                text run at (2,2) width 20: "four"
          RenderTableRow {TR} at (0,222) size 214x18
            RenderTableCell {TD} at (2,222) size 51x18 [border: (1px inset #808080)] [r=11 c=0 rs=1 cs=1]
              RenderText {#text} at (2,2) size 17x14
                text run at (2,2) width 17: "one"
            RenderTableCell {TD} at (55,222) size 51x18 [border: (1px inset #808080)] [r=11 c=1 rs=1 cs=1]
              RenderText {#text} at (2,2) size 18x14
                text run at (2,2) width 18: "two"
            RenderTableCell {TD} at (108,222) size 51x18 [border: (1px inset #808080)] [r=11 c=2 rs=1 cs=1]
              RenderText {#text} at (2,2) size 23x14
                text run at (2,2) width 23: "three"
            RenderTableCell {TD} at (161,222) size 51x18 [border: (1px inset #808080)] [r=11 c=3 rs=1 cs=1]
              RenderText {#text} at (2,2) size 20x14
                text run at (2,2) width 20: "four"
          RenderTableRow {TR} at (0,242) size 214x18
            RenderTableCell {TD} at (2,242) size 51x18 [border: (1px inset #808080)] [r=12 c=0 rs=1 cs=1]
              RenderText {#text} at (2,2) size 17x14
                text run at (2,2) width 17: "one"
            RenderTableCell {TD} at (55,242) size 51x18 [border: (1px inset #808080)] [r=12 c=1 rs=1 cs=1]
              RenderText {#text} at (2,2) size 18x14
                text run at (2,2) width 18: "two"
            RenderTableCell {TD} at (108,242) size 51x18 [border: (1px inset #808080)] [r=12 c=2 rs=1 cs=1]
              RenderText {#text} at (2,2) size 23x14
                text run at (2,2) width 23: "three"
            RenderTableCell {TD} at (161,242) size 51x18 [border: (1px inset #808080)] [r=12 c=3 rs=1 cs=1]
              RenderText {#text} at (2,2) size 20x14
                text run at (2,2) width 20: "four"
