layer at (0,0) size 800x600
  RenderView at (0,0) size 800x600
layer at (0,0) size 800x66
  RenderBlock {HTML} at (0,0) size 800x66
    RenderBody {BODY} at (8,8) size 784x50
      RenderTable {TABLE} at (0,0) size 400x50 [border: (1px outset #808080)]
        RenderTableSection {TBODY} at (1,1) size 398x48
          RenderTableRow {TR} at (0,0) size 398x48
            RenderTableCell {TD} at (0,0) size 302x48 [border: (1px inset #808080)] [r=0 c=0 rs=1 cs=2]
              RenderTable {TABLE} at (1,1) size 300x46 [border: (1px outset #808080)]
                RenderTableSection {TBODY} at (1,1) size 298x44
                  RenderTableRow {TR} at (0,0) size 298x44
                    RenderTableCell {TD} at (0,0) size 298x44 [border: (1px inset #808080)] [r=0 c=0 rs=1 cs=1]
                      RenderText {#text} at (1,1) size 270x42
                        text run at (1,1) width 269: "Presidential candidates George W. Bush and Al Gore are"
                        text run at (1,15) width 270: "expected to show a kinder, gentler side Wednesday in the"
                        text run at (1,29) width 209: "second of three nationally televised debates. "
                      RenderBR {BR} at (210,40) size 0x0
            RenderTableCell {TD} at (302,2) size 96x44 [border: (1px inset #808080)] [r=0 c=2 rs=1 cs=1]
              RenderBlock (anonymous) at (1,1) size 94x42
                RenderInline {FONT} at (0,0) size 87x42 [color=#CC3333]
                  RenderText {#text} at (0,0) size 87x42
                    text run at (0,0) width 74: "Avon.com: Fall"
                    text run at (0,14) width 87: "makeup sale. Save"
                    text run at (0,28) width 52: "up to 47%."
              RenderBlock (anonymous) at (1,43) size 94x0 [color=#CC3333]
                RenderBlock {FORM} at (0,0) size 94x0
              RenderBlock (anonymous) at (1,43) size 94x0
                RenderInline {FONT} at (0,0) size 0x0 [color=#CC3333]
