layer at (0,0) size 800x600
  RenderView at (0,0) size 800x600
layer at (0,0) size 800x600
  RenderBlock {HTML} at (0,0) size 800x600
    RenderBody {BODY} at (8,8) size 784x584
      RenderTable {TABLE} at (0,0) size 372x62 [border: (1px outset #808080)]
        RenderTableSection {TBODY} at (1,1) size 370x60
          RenderTableRow {TR} at (0,2) size 370x56
            RenderTableCell {TD} at (2,2) size 227x56 [border: (1px inset #808080)] [r=0 c=0 rs=1 cs=1]
              RenderBlock (anonymous) at (2,2) size 223x14
                RenderText {#text} at (0,0) size 189x14
                  text run at (0,0) width 189: "some normal text before the nested table"
              RenderTable {TABLE} at (52,16) size 211x24 [border: (1px outset #808080)]
                RenderTableSection {TBODY} at (1,1) size 209x22
                  RenderTableRow {TR} at (0,2) size 209x18
                    RenderTableCell {TD} at (2,2) size 205x18 [border: (1px inset #808080)] [r=0 c=0 rs=1 cs=1]
                      RenderText {#text} at (2,2) size 163x14
                        text run at (2,2) width 163: "selection of words to pad table cell"
              RenderBlock (anonymous) at (2,40) size 223x14
                RenderText {#text} at (0,0) size 180x14
                  text run at (0,0) width 180: "some normal text after the nested table"
            RenderTableCell {TD} at (231,21) size 137x18 [border: (1px inset #808080)] [r=0 c=1 rs=1 cs=1]
              RenderText {#text} at (2,2) size 133x14
                text run at (2,2) width 133: "contents of table cell to right"
      RenderTable {TABLE} at (0,62) size 36x34 [border: (1px outset #808080)]
        RenderTableSection {TBODY} at (1,1) size 34x32
          RenderTableRow {TR} at (0,2) size 34x28
            RenderTableCell {TD} at (2,2) size 30x28 [border: (1px inset #808080)] [r=0 c=0 rs=1 cs=1]
              RenderTable {TABLE} at (2,2) size 31x24 [border: (1px outset #808080)]
                RenderTableSection {TBODY} at (1,1) size 29x22
                  RenderTableRow {TR} at (0,2) size 29x18
                    RenderTableCell {TD} at (2,2) size 25x18 [border: (1px inset #808080)] [r=0 c=0 rs=1 cs=1]
                      RenderText {#text} at (2,2) size 16x14
                        text run at (2,2) width 16: "foo"
