layer at (0,0) size 800x600
  RenderView at (0,0) size 800x600
layer at (0,0) size 800x600
  RenderBlock {HTML} at (0,0) size 800x600
    RenderBody {BODY} at (8,8) size 784x584
      RenderBlock {P} at (0,0) size 784x28
        RenderText {#text} at (0,0) size 769x28
          text run at (0,0) width 769: "This table contains an <applet> that will not load -- you can see the space get allocated and then reflow. Notice that the final table is clipped on the right hand side --"
          text run at (0,14) width 256: "try shrinking the window and notice how the clipping "
          text run at (256,14) width 355: "increases. (I couldn't really simplify this further without losing some of the "
          text run at (611,14) width 84: "original 'flavour'.)"
      RenderBlock (anonymous) at (0,40) size 784x14
        RenderBR {BR} at (0,0) size 0x14
      RenderTable {TABLE} at (0,54) size 705x120 [border: (1px outset #808080)]
        RenderTableSection {TBODY} at (1,1) size 703x118
          RenderTableRow {TR} at (0,2) size 703x114
            RenderTableCell {TD} at (2,2) size 699x114 [border: (1px inset #808080)] [r=0 c=0 rs=1 cs=1]
              RenderTable {TABLE} at (2,2) size 695x110 [border: (1px outset #808080)]
                RenderTableSection {TBODY} at (1,1) size 693x108
                  RenderTableRow {TR} at (0,2) size 693x56
                    RenderTableCell {TD} at (2,2) size 689x56 [border: (1px inset #808080)] [r=0 c=0 rs=1 cs=1]
                      RenderTable {TABLE} at (338,2) size 12x12 [border: (2px outset #808080)]
                        RenderTableSection {TBODY} at (2,2) size 8x8
                          RenderTableRow {TR} at (0,2) size 8x4
                            RenderTableCell {TD} at (2,2) size 4x4 [border: (1px inset #808080)] [r=0 c=0 rs=1 cs=1]
                              RenderInline {APPLET} at (0,0) size 0x0
                                RenderText {#text} at (0,0) size 0x0
                                RenderText {#text} at (0,0) size 0x0
                              RenderText {#text} at (0,0) size 0x0
                      RenderBlock {P} at (2,26) size 685x28
                        RenderText {#text} at (0,0) size 649x28
                          text run at (0,0) width 317: "The Porto Elounda Mare is built on the sea front, on a 110,000 m2 "
                          text run at (317,0) width 332: "plot of land with a 150 meter long private sandy beach. The view from"
                          text run at (0,14) width 285: "decorated with antique and contemporary furniture and rugs."
                  RenderTableRow {TR} at (0,60) size 693x46
                    RenderTableCell {TD} at (2,60) size 689x46 [border: (1px inset #808080)] [r=1 c=0 rs=1 cs=1]
                      RenderTable {TABLE} at (50,2) size 588x42 [border: (1px outset #808080)]
                        RenderTableSection {TBODY} at (1,1) size 586x40
                          RenderTableRow {TR} at (0,0) size 586x40
                            RenderTableCell {TD} at (0,7) size 233x26 [border: (1px inset #808080)] [r=0 c=0 rs=1 cs=1]
                              RenderText {#text} at (6,6) size 221x14
                                text run at (6,6) width 102: "99 Rates in Drahmas "
                                text run at (108,6) width 93: "Per Person on H/B "
                                text run at (201,6) width 26: "Basis"
                            RenderTableCell {TD} at (233,0) size 79x40 [border: (1px inset #808080)] [r=0 c=1 rs=1 cs=1]
                              RenderText {#text} at (6,6) size 67x14
                                text run at (6,6) width 67: "27/03 - 30/04 "
                              RenderBR {BR} at (73,17) size 0x0
                              RenderText {#text} at (6,20) size 64x14
                                text run at (6,20) width 64: "16/10 - 31/10"
                            RenderTableCell {TD} at (312,7) size 134x26 [border: (1px inset #808080)] [r=0 c=2 rs=1 cs=1]
                              RenderText {#text} at (6,6) size 122x14
                                text run at (6,6) width 122: "01/5- 21/5 & 2/10 - 15/10"
                            RenderTableCell {TD} at (446,0) size 70x40 [border: (1px inset #808080)] [r=0 c=3 rs=1 cs=1]
                              RenderText {#text} at (6,6) size 58x14
                                text run at (6,6) width 58: "22/5 - 16/07"
                              RenderBR {BR} at (64,17) size 0x0
                              RenderText {#text} at (6,20) size 58x14
                                text run at (6,20) width 58: "28/8 - 01/10"
                            RenderTableCell {TD} at (516,7) size 70x26 [border: (1px inset #808080)] [r=0 c=4 rs=1 cs=1]
                              RenderText {#text} at (6,6) size 58x14
                                text run at (6,6) width 58: "17/07 - 27/8"
      RenderBlock (anonymous) at (0,174) size 784x14
        RenderBR {BR} at (0,0) size 0x14
      RenderBlock {P} at (0,200) size 784x14
        RenderText {#text} at (0,0) size 400x14
          text run at (0,0) width 310: "This table repeats the previous table, but removes the 'bad applet'. "
          text run at (310,0) width 90: "Table lays out OK."
      RenderBlock (anonymous) at (0,226) size 784x14
        RenderBR {BR} at (0,0) size 0x14
      RenderTable {TABLE} at (0,240) size 705x134 [border: (1px outset #808080)]
        RenderTableSection {TBODY} at (1,1) size 703x132
          RenderTableRow {TR} at (0,2) size 703x128
            RenderTableCell {TD} at (2,2) size 699x128 [border: (1px inset #808080)] [r=0 c=0 rs=1 cs=1]
              RenderTable {TABLE} at (2,2) size 695x124 [border: (1px outset #808080)]
                RenderTableSection {TBODY} at (1,1) size 693x122
                  RenderTableRow {TR} at (0,2) size 693x70
                    RenderTableCell {TD} at (2,2) size 689x70 [border: (1px inset #808080)] [r=0 c=0 rs=1 cs=1]
                      RenderTable {TABLE} at (302,2) size 85x26 [border: (2px outset #808080)]
                        RenderTableSection {TBODY} at (2,2) size 81x22
                          RenderTableRow {TR} at (0,2) size 81x18
                            RenderTableCell {TD} at (2,2) size 77x18 [border: (1px inset #808080)] [r=0 c=0 rs=1 cs=1]
                              RenderText {#text} at (2,2) size 73x14
                                text run at (2,2) width 73: "applet was here"
                      RenderBlock {P} at (2,40) size 685x28
                        RenderText {#text} at (0,0) size 649x28
                          text run at (0,0) width 317: "The Porto Elounda Mare is built on the sea front, on a 110,000 m2 "
                          text run at (317,0) width 332: "plot of land with a 150 meter long private sandy beach. The view from"
                          text run at (0,14) width 285: "decorated with antique and contemporary furniture and rugs."
                  RenderTableRow {TR} at (0,74) size 693x46
                    RenderTableCell {TD} at (2,74) size 689x46 [border: (1px inset #808080)] [r=1 c=0 rs=1 cs=1]
                      RenderTable {TABLE} at (50,2) size 588x42 [border: (1px outset #808080)]
                        RenderTableSection {TBODY} at (1,1) size 586x40
                          RenderTableRow {TR} at (0,0) size 586x40
                            RenderTableCell {TD} at (0,7) size 233x26 [border: (1px inset #808080)] [r=0 c=0 rs=1 cs=1]
                              RenderText {#text} at (6,6) size 221x14
                                text run at (6,6) width 102: "99 Rates in Drahmas "
                                text run at (108,6) width 93: "Per Person on H/B "
                                text run at (201,6) width 26: "Basis"
                            RenderTableCell {TD} at (233,0) size 79x40 [border: (1px inset #808080)] [r=0 c=1 rs=1 cs=1]
                              RenderText {#text} at (6,6) size 67x14
                                text run at (6,6) width 67: "27/03 - 30/04 "
                              RenderBR {BR} at (73,17) size 0x0
                              RenderText {#text} at (6,20) size 64x14
                                text run at (6,20) width 64: "16/10 - 31/10"
                            RenderTableCell {TD} at (312,7) size 134x26 [border: (1px inset #808080)] [r=0 c=2 rs=1 cs=1]
                              RenderText {#text} at (6,6) size 122x14
                                text run at (6,6) width 122: "01/5- 21/5 & 2/10 - 15/10"
                            RenderTableCell {TD} at (446,0) size 70x40 [border: (1px inset #808080)] [r=0 c=3 rs=1 cs=1]
                              RenderText {#text} at (6,6) size 58x14
                                text run at (6,6) width 58: "22/5 - 16/07"
                              RenderBR {BR} at (64,17) size 0x0
                              RenderText {#text} at (6,20) size 58x14
                                text run at (6,20) width 58: "28/8 - 01/10"
                            RenderTableCell {TD} at (516,7) size 70x26 [border: (1px inset #808080)] [r=0 c=4 rs=1 cs=1]
                              RenderText {#text} at (6,6) size 58x14
                                text run at (6,6) width 58: "17/07 - 27/8"
