layer at (0,0) size 800x600
  RenderView at (0,0) size 800x600
layer at (0,0) size 800x600
  RenderBlock {HTML} at (0,0) size 800x600
    RenderBody {BODY} at (8,8) size 784x584
      RenderTable {TABLE} at (0,0) size 784x478 [border: (1px outset #808080)]
        RenderTableSection {TBODY} at (1,1) size 782x476
          RenderTableRow {TR} at (0,0) size 782x16
            RenderTableCell {TD} at (0,0) size 61x16 [border: (1px inset #808080)] [r=0 c=0 rs=1 cs=1]
              RenderText {#text} at (1,1) size 16x14
                text run at (1,1) width 16: "foo"
            RenderTableCell {TD} at (61,0) size 721x16 [border: (1px inset #808080)] [r=0 c=1 rs=1 cs=1]
              RenderText {#text} at (1,1) size 15x14
                text run at (1,1) width 15: "bar"
          RenderTableRow {TR} at (0,16) size 782x460
            RenderTableCell {TD} at (0,16) size 782x460 [border: (1px inset #808080)] [r=1 c=0 rs=1 cs=2]
              RenderTable {TABLE} at (1,1) size 780x458 [border: (1px outset #808080)]
                RenderTableSection {TBODY} at (1,1) size 778x456
                  RenderTableRow {TR} at (0,2) size 778x452
                    RenderTableCell {TD} at (2,2) size 774x452 [border: (1px inset #808080)] [r=0 c=0 rs=1 cs=1]
                      RenderText {#text} at (2,2) size 757x28
                        text run at (2,2) width 757: "When the Whiten house burned down in Renfrew Ontario, the insurer denied liability, asserting that the Plaintiff Daphne Whiten was the cause of the fire herself"
                        text run at (2,16) width 121: "and had committed arson."
                      RenderBR {BR} at (123,27) size 0x0
                      RenderBR {BR} at (2,30) size 0x14
                      RenderText {#text} at (2,44) size 767x42
                        text run at (2,44) width 753: "The insurance company had not only refused to pay, but had received opinions from its adjuster, its expert engineer and an investigative agency that the fire was"
                        text run at (2,58) width 767: "accidental. Its own adjuster had recommended the claim be paid. The defendant's counsel, as the court found, had pressured experts to provide opinions supporting"
                        text run at (2,72) width 644: "an arson defence and withheld relevant information from the experts and gave them misleading information to buttress the arson defence."
                      RenderBR {BR} at (646,83) size 0x0
                      RenderBR {BR} at (2,86) size 0x14
                      RenderText {#text} at (2,100) size 473x14
                        text run at (2,100) width 473: "After the fire the Plaintiff and her husband, Keith Whiten needed welfare assistance to support them."
                      RenderBR {BR} at (475,111) size 0x0
                      RenderBR {BR} at (2,114) size 0x14
                      RenderText {#text} at (2,128) size 749x28
                        text run at (2,128) width 749: "The jury, however, in a 4 week trial, disagreed with the position of the insurance company. It awarded not only the policy sum against the insurer, but also was"
                        text run at (2,142) width 519: "sufficiently annoyed with the conduct of the company to award a further punitive damage award of $1 million."
                      RenderBR {BR} at (521,153) size 0x0
                      RenderBR {BR} at (2,156) size 0x14
                      RenderText {#text} at (2,170) size 770x28
                        text run at (2,170) width 770: "The company appealed. At the time of the appeal, the company acknowledged that the fire was accidental. The Ontario Court of Appeal reversed the jury award and"
                        text run at (2,184) width 419: "in a 2-1 decision determined that there should be a cap on punitive damages of $100,000."
                      RenderBR {BR} at (421,195) size 0x0
                      RenderBR {BR} at (2,198) size 0x14
                      RenderText {#text} at (2,212) size 752x56
                        text run at (2,212) width 752: "Lawyers became hard pressed to reconcile this decision with a prior case, Hill vs. Church of Scientology. Hill, a Crown Attorney, had sued the Church for libel"
                        text run at (2,226) width 314: "due to statements made accusing him of breaching a judge's order. "
                        text run at (316,226) width 435: "He succeeded. The jury at trial, aside from awarding compensatory damages, also awarded a"
                        text run at (2,240) width 746: "punitive damage sum of $800,000. The decision was appealed without success to the Ontario Court of Appeal and again to the Supreme Court of Canada. The"
                        text run at (2,254) width 308: "award of punitive damages was sustained at both appellate levels."
                      RenderBR {BR} at (310,265) size 0x0
                      RenderBR {BR} at (2,268) size 0x14
                      RenderText {#text} at (2,282) size 736x28
                        text run at (2,282) width 736: "In the Whiten case, the insurance industry is mounting all its ammunition to maintain the notion of a cap on punitive damages. It is expected that the Court of"
                        text run at (2,296) width 495: "Appeal decision will receive a rough ride in the Supreme Court, given the Hill decision a few years prior."
                      RenderBR {BR} at (497,307) size 0x0
                      RenderBR {BR} at (2,310) size 0x14
                      RenderText {#text} at (2,324) size 748x42
                        text run at (2,324) width 748: "The concept of punitive damages is designed to act as civil penalty imposed on a wrong doer, which has conducted itself in a vindictive manner, which offends"
                        text run at (2,338) width 742: "one's sense of propriety - high handed shocking behaviour. Traditionally the financial abilities of the wrong doer are a factor - the deeper the pockets the more"
                        text run at (2,352) width 162: "substantial the sum to be awarded."
                      RenderBR {BR} at (164,363) size 0x0
                      RenderBR {BR} at (2,366) size 0x14
                      RenderText {#text} at (2,380) size 768x56
                        text run at (2,380) width 739: "Canadian courts have been reluctant to embrace the concept - awards such as Hill are rare. It is worthy of note that the dissenting reasons of Justice Laskin in"
                        text run at (2,394) width 754: "Whiten were much in favour of maintaining the trial award - a lucid and powerful dissent written by a much respected jurist. Much attention will be given to this"
                        text run at (2,408) width 768: "decision. Oral argument is set for the week of December 11th. A decision will likely be forthcoming in March to June time period. This decision will be no doubt a"
                        text run at (2,422) width 307: "much quoted decision for many years, regardless of the outcome."
                      RenderBR {BR} at (309,433) size 0x0
                      RenderBR {BR} at (2,436) size 0x14
