layer at (0,0) size 800x1467
  RenderView at (0,0) size 800x600
layer at (0,0) size 800x1467
  RenderBlock {HTML} at (0,0) size 800x1467 [border: (1px solid #000000)]
    RenderBody {BODY} at (9,9) size 782x1449 [bgcolor=#FFFFFF] [border: (1px solid #000000)]
      RenderBlock {H1} at (1,1) size 780x30 [border: (1px solid #000000)]
        RenderText {#text} at (1,2) size 216x26
          text run at (1,2) width 216: "Caption Margin Test"
      RenderBlock {DIV} at (1,47) size 102x16 [border: (1px solid #008000)]
        RenderText {#text} at (1,1) size 30x14
          text run at (1,1) width 30: "100px"
      RenderBlock {DIV} at (1,63) size 52x16 [border: (1px solid #FF0000)]
        RenderText {#text} at (1,1) size 24x14
          text run at (1,1) width 24: "50px"
      RenderBlock {H2} at (1,93) size 780x23 [border: (1px solid #000000)]
        RenderText {#text} at (1,1) size 60x20
          text run at (1,1) width 60: "Control"
      RenderTable {TABLE} at (1,130) size 130x40 [border: (1px solid #000000)]
        RenderBlock {CAPTION} at (0,0) size 128x16 [border: (1px solid #000000)]
          RenderText {#text} at (56,1) size 16x14
            text run at (56,1) width 16: "TA"
        RenderTableSection {TBODY} at (1,17) size 128x22 [border: (1px solid #000000)]
          RenderTableRow {TR} at (0,2) size 128x18 [border: (1px solid #000000)]
            RenderTableCell {TD} at (2,2) size 61x18 [border: (1px solid #000000)] [r=0 c=0 rs=1 cs=1]
              RenderText {#text} at (2,2) size 57x14
                text run at (2,2) width 57: "Table Cell 1"
            RenderTableCell {TD} at (65,2) size 61x18 [border: (1px solid #000000)] [r=0 c=1 rs=1 cs=1]
              RenderText {#text} at (2,2) size 57x14
                text run at (2,2) width 57: "Table Cell 2"
      RenderTable {TABLE} at (1,170) size 250x40 [border: (1px solid #000000)]
        RenderBlock {CAPTION} at (0,0) size 248x16 [border: (1px solid #000000)]
          RenderText {#text} at (116,1) size 16x14
            text run at (116,1) width 16: "TB"
        RenderTableSection {TBODY} at (1,17) size 248x22 [border: (1px solid #000000)]
          RenderTableRow {TR} at (0,2) size 248x18 [border: (1px solid #000000)]
            RenderTableCell {TD} at (2,2) size 121x18 [border: (1px solid #000000)] [r=0 c=0 rs=1 cs=1]
              RenderText {#text} at (2,2) size 117x14
                text run at (2,2) width 117: "Table Cell 1 Table Cell 1"
            RenderTableCell {TD} at (125,2) size 121x18 [border: (1px solid #000000)] [r=0 c=1 rs=1 cs=1]
              RenderText {#text} at (2,2) size 117x14
                text run at (2,2) width 117: "Table Cell 2 Table Cell 2"
      RenderBlock {H2} at (1,224) size 780x23 [border: (1px solid #000000)]
        RenderText {#text} at (1,1) size 218x20
          text run at (1,1) width 218: "Test 1 - \"margin-left: 50px\""
      RenderTable {TABLE} at (1,261) size 130x40 [border: (1px solid #000000)]
        RenderBlock {CAPTION} at (50,0) size 78x16 [border: (1px solid #000000)]
          RenderText {#text} at (31,1) size 16x14
            text run at (31,1) width 16: "TA"
        RenderTableSection {TBODY} at (1,17) size 128x22 [border: (1px solid #000000)]
          RenderTableRow {TR} at (0,2) size 128x18 [border: (1px solid #000000)]
            RenderTableCell {TD} at (2,2) size 61x18 [border: (1px solid #000000)] [r=0 c=0 rs=1 cs=1]
              RenderText {#text} at (2,2) size 57x14
                text run at (2,2) width 57: "Table Cell 1"
            RenderTableCell {TD} at (65,2) size 61x18 [border: (1px solid #000000)] [r=0 c=1 rs=1 cs=1]
              RenderText {#text} at (2,2) size 57x14
                text run at (2,2) width 57: "Table Cell 2"
      RenderTable {TABLE} at (1,301) size 250x40 [border: (1px solid #000000)]
        RenderBlock {CAPTION} at (50,0) size 198x16 [border: (1px solid #000000)]
          RenderText {#text} at (91,1) size 16x14
            text run at (91,1) width 16: "TB"
        RenderTableSection {TBODY} at (1,17) size 248x22 [border: (1px solid #000000)]
          RenderTableRow {TR} at (0,2) size 248x18 [border: (1px solid #000000)]
            RenderTableCell {TD} at (2,2) size 121x18 [border: (1px solid #000000)] [r=0 c=0 rs=1 cs=1]
              RenderText {#text} at (2,2) size 117x14
                text run at (2,2) width 117: "Table Cell 1 Table Cell 1"
            RenderTableCell {TD} at (125,2) size 121x18 [border: (1px solid #000000)] [r=0 c=1 rs=1 cs=1]
              RenderText {#text} at (2,2) size 117x14
                text run at (2,2) width 117: "Table Cell 2 Table Cell 2"
      RenderBlock {H2} at (1,355) size 780x23 [border: (1px solid #000000)]
        RenderText {#text} at (1,1) size 231x20
          text run at (1,1) width 231: "Test 2 - \"margin-right: 50px\""
      RenderTable {TABLE} at (1,392) size 130x40 [border: (1px solid #000000)]
        RenderBlock {CAPTION} at (0,0) size 78x16 [border: (1px solid #000000)]
          RenderText {#text} at (31,1) size 16x14
            text run at (31,1) width 16: "TA"
        RenderTableSection {TBODY} at (1,17) size 128x22 [border: (1px solid #000000)]
          RenderTableRow {TR} at (0,2) size 128x18 [border: (1px solid #000000)]
            RenderTableCell {TD} at (2,2) size 61x18 [border: (1px solid #000000)] [r=0 c=0 rs=1 cs=1]
              RenderText {#text} at (2,2) size 57x14
                text run at (2,2) width 57: "Table Cell 1"
            RenderTableCell {TD} at (65,2) size 61x18 [border: (1px solid #000000)] [r=0 c=1 rs=1 cs=1]
              RenderText {#text} at (2,2) size 57x14
                text run at (2,2) width 57: "Table Cell 2"
      RenderTable {TABLE} at (1,432) size 250x40 [border: (1px solid #000000)]
        RenderBlock {CAPTION} at (0,0) size 198x16 [border: (1px solid #000000)]
          RenderText {#text} at (91,1) size 16x14
            text run at (91,1) width 16: "TB"
        RenderTableSection {TBODY} at (1,17) size 248x22 [border: (1px solid #000000)]
          RenderTableRow {TR} at (0,2) size 248x18 [border: (1px solid #000000)]
            RenderTableCell {TD} at (2,2) size 121x18 [border: (1px solid #000000)] [r=0 c=0 rs=1 cs=1]
              RenderText {#text} at (2,2) size 117x14
                text run at (2,2) width 117: "Table Cell 1 Table Cell 1"
            RenderTableCell {TD} at (125,2) size 121x18 [border: (1px solid #000000)] [r=0 c=1 rs=1 cs=1]
              RenderText {#text} at (2,2) size 117x14
                text run at (2,2) width 117: "Table Cell 2 Table Cell 2"
      RenderBlock {H2} at (1,486) size 780x23 [border: (1px solid #000000)]
        RenderText {#text} at (1,1) size 187x20
          text run at (1,1) width 187: "Test 3 - \"margin: 50px\""
      RenderTable {TABLE} at (1,523) size 130x140 [border: (1px solid #000000)]
        RenderBlock {CAPTION} at (50,0) size 28x16 [border: (1px solid #000000)]
          RenderText {#text} at (6,1) size 16x14
            text run at (6,1) width 16: "TA"
        RenderTableSection {TBODY} at (1,117) size 128x22 [border: (1px solid #000000)]
          RenderTableRow {TR} at (0,2) size 128x18 [border: (1px solid #000000)]
            RenderTableCell {TD} at (2,2) size 61x18 [border: (1px solid #000000)] [r=0 c=0 rs=1 cs=1]
              RenderText {#text} at (2,2) size 57x14
                text run at (2,2) width 57: "Table Cell 1"
            RenderTableCell {TD} at (65,2) size 61x18 [border: (1px solid #000000)] [r=0 c=1 rs=1 cs=1]
              RenderText {#text} at (2,2) size 57x14
                text run at (2,2) width 57: "Table Cell 2"
      RenderTable {TABLE} at (1,663) size 250x140 [border: (1px solid #000000)]
        RenderBlock {CAPTION} at (50,0) size 148x16 [border: (1px solid #000000)]
          RenderText {#text} at (66,1) size 16x14
            text run at (66,1) width 16: "TB"
        RenderTableSection {TBODY} at (1,117) size 248x22 [border: (1px solid #000000)]
          RenderTableRow {TR} at (0,2) size 248x18 [border: (1px solid #000000)]
            RenderTableCell {TD} at (2,2) size 121x18 [border: (1px solid #000000)] [r=0 c=0 rs=1 cs=1]
              RenderText {#text} at (2,2) size 117x14
                text run at (2,2) width 117: "Table Cell 1 Table Cell 1"
            RenderTableCell {TD} at (125,2) size 121x18 [border: (1px solid #000000)] [r=0 c=1 rs=1 cs=1]
              RenderText {#text} at (2,2) size 117x14
                text run at (2,2) width 117: "Table Cell 2 Table Cell 2"
      RenderTable {TABLE} at (1,803) size 370x140 [border: (1px solid #000000)]
        RenderBlock {CAPTION} at (50,0) size 268x16 [border: (1px solid #000000)]
          RenderText {#text} at (126,1) size 16x14
            text run at (126,1) width 16: "TC"
        RenderTableSection {TBODY} at (1,117) size 368x22 [border: (1px solid #000000)]
          RenderTableRow {TR} at (0,2) size 368x18 [border: (1px solid #000000)]
            RenderTableCell {TD} at (2,2) size 181x18 [border: (1px solid #000000)] [r=0 c=0 rs=1 cs=1]
              RenderText {#text} at (2,2) size 177x14
                text run at (2,2) width 177: "Table Cell 1 Table Cell 1 Table Cell 1"
            RenderTableCell {TD} at (185,2) size 181x18 [border: (1px solid #000000)] [r=0 c=1 rs=1 cs=1]
              RenderText {#text} at (2,2) size 177x14
                text run at (2,2) width 177: "Table Cell 2 Table Cell 2 Table Cell 2"
      RenderBlock {H2} at (1,957) size 780x23 [border: (1px solid #000000)]
        RenderText {#text} at (1,1) size 208x20
          text run at (1,1) width 208: "Test 4 - \"margin-left: 5%\""
      RenderTable {TABLE} at (1,994) size 130x40 [border: (1px solid #000000)]
        RenderBlock {CAPTION} at (6,0) size 122x16 [border: (1px solid #000000)]
          RenderText {#text} at (53,1) size 16x14
            text run at (53,1) width 16: "TA"
        RenderTableSection {TBODY} at (1,17) size 128x22 [border: (1px solid #000000)]
          RenderTableRow {TR} at (0,2) size 128x18 [border: (1px solid #000000)]
            RenderTableCell {TD} at (2,2) size 61x18 [border: (1px solid #000000)] [r=0 c=0 rs=1 cs=1]
              RenderText {#text} at (2,2) size 57x14
                text run at (2,2) width 57: "Table Cell 1"
            RenderTableCell {TD} at (65,2) size 61x18 [border: (1px solid #000000)] [r=0 c=1 rs=1 cs=1]
              RenderText {#text} at (2,2) size 57x14
                text run at (2,2) width 57: "Table Cell 2"
      RenderTable {TABLE} at (1,1034) size 250x40 [border: (1px solid #000000)]
        RenderBlock {CAPTION} at (12,0) size 236x16 [border: (1px solid #000000)]
          RenderText {#text} at (110,1) size 16x14
            text run at (110,1) width 16: "TB"
        RenderTableSection {TBODY} at (1,17) size 248x22 [border: (1px solid #000000)]
          RenderTableRow {TR} at (0,2) size 248x18 [border: (1px solid #000000)]
            RenderTableCell {TD} at (2,2) size 121x18 [border: (1px solid #000000)] [r=0 c=0 rs=1 cs=1]
              RenderText {#text} at (2,2) size 117x14
                text run at (2,2) width 117: "Table Cell 1 Table Cell 1"
            RenderTableCell {TD} at (125,2) size 121x18 [border: (1px solid #000000)] [r=0 c=1 rs=1 cs=1]
              RenderText {#text} at (2,2) size 117x14
                text run at (2,2) width 117: "Table Cell 2 Table Cell 2"
      RenderBlock {H2} at (1,1088) size 780x23 [border: (1px solid #000000)]
        RenderText {#text} at (1,1) size 221x20
          text run at (1,1) width 221: "Test 5 - \"margin-right: 5%\""
      RenderTable {TABLE} at (1,1125) size 130x40 [border: (1px solid #000000)]
        RenderBlock {CAPTION} at (0,0) size 122x16 [border: (1px solid #000000)]
          RenderText {#text} at (53,1) size 16x14
            text run at (53,1) width 16: "TA"
        RenderTableSection {TBODY} at (1,17) size 128x22 [border: (1px solid #000000)]
          RenderTableRow {TR} at (0,2) size 128x18 [border: (1px solid #000000)]
            RenderTableCell {TD} at (2,2) size 61x18 [border: (1px solid #000000)] [r=0 c=0 rs=1 cs=1]
              RenderText {#text} at (2,2) size 57x14
                text run at (2,2) width 57: "Table Cell 1"
            RenderTableCell {TD} at (65,2) size 61x18 [border: (1px solid #000000)] [r=0 c=1 rs=1 cs=1]
              RenderText {#text} at (2,2) size 57x14
                text run at (2,2) width 57: "Table Cell 2"
      RenderTable {TABLE} at (1,1165) size 250x40 [border: (1px solid #000000)]
        RenderBlock {CAPTION} at (0,0) size 236x16 [border: (1px solid #000000)]
          RenderText {#text} at (110,1) size 16x14
            text run at (110,1) width 16: "TB"
        RenderTableSection {TBODY} at (1,17) size 248x22 [border: (1px solid #000000)]
          RenderTableRow {TR} at (0,2) size 248x18 [border: (1px solid #000000)]
            RenderTableCell {TD} at (2,2) size 121x18 [border: (1px solid #000000)] [r=0 c=0 rs=1 cs=1]
              RenderText {#text} at (2,2) size 117x14
                text run at (2,2) width 117: "Table Cell 1 Table Cell 1"
            RenderTableCell {TD} at (125,2) size 121x18 [border: (1px solid #000000)] [r=0 c=1 rs=1 cs=1]
              RenderText {#text} at (2,2) size 117x14
                text run at (2,2) width 117: "Table Cell 2 Table Cell 2"
      RenderBlock {H2} at (1,1219) size 780x23 [border: (1px solid #000000)]
        RenderText {#text} at (1,1) size 177x20
          text run at (1,1) width 177: "Test 6 - \"margin: 5%\""
      RenderTable {TABLE} at (1,1256) size 130x52 [border: (1px solid #000000)]
        RenderBlock {CAPTION} at (6,0) size 116x16 [border: (1px solid #000000)]
          RenderText {#text} at (50,1) size 16x14
            text run at (50,1) width 16: "TA"
        RenderTableSection {TBODY} at (1,29) size 128x22 [border: (1px solid #000000)]
          RenderTableRow {TR} at (0,2) size 128x18 [border: (1px solid #000000)]
            RenderTableCell {TD} at (2,2) size 61x18 [border: (1px solid #000000)] [r=0 c=0 rs=1 cs=1]
              RenderText {#text} at (2,2) size 57x14
                text run at (2,2) width 57: "Table Cell 1"
            RenderTableCell {TD} at (65,2) size 61x18 [border: (1px solid #000000)] [r=0 c=1 rs=1 cs=1]
              RenderText {#text} at (2,2) size 57x14
                text run at (2,2) width 57: "Table Cell 2"
      RenderTable {TABLE} at (1,1308) size 250x64 [border: (1px solid #000000)]
        RenderBlock {CAPTION} at (12,0) size 224x16 [border: (1px solid #000000)]
          RenderText {#text} at (104,1) size 16x14
            text run at (104,1) width 16: "TB"
        RenderTableSection {TBODY} at (1,41) size 248x22 [border: (1px solid #000000)]
          RenderTableRow {TR} at (0,2) size 248x18 [border: (1px solid #000000)]
            RenderTableCell {TD} at (2,2) size 121x18 [border: (1px solid #000000)] [r=0 c=0 rs=1 cs=1]
              RenderText {#text} at (2,2) size 117x14
                text run at (2,2) width 117: "Table Cell 1 Table Cell 1"
            RenderTableCell {TD} at (125,2) size 121x18 [border: (1px solid #000000)] [r=0 c=1 rs=1 cs=1]
              RenderText {#text} at (2,2) size 117x14
                text run at (2,2) width 117: "Table Cell 2 Table Cell 2"
      RenderTable {TABLE} at (1,1372) size 370x76 [border: (1px solid #000000)]
        RenderBlock {CAPTION} at (18,0) size 332x16 [border: (1px solid #000000)]
          RenderText {#text} at (158,1) size 16x14
            text run at (158,1) width 16: "TB"
        RenderTableSection {TBODY} at (1,53) size 368x22 [border: (1px solid #000000)]
          RenderTableRow {TR} at (0,2) size 368x18 [border: (1px solid #000000)]
            RenderTableCell {TD} at (2,2) size 181x18 [border: (1px solid #000000)] [r=0 c=0 rs=1 cs=1]
              RenderText {#text} at (2,2) size 177x14
                text run at (2,2) width 177: "Table Cell 1 Table Cell 1 Table Cell 1"
            RenderTableCell {TD} at (185,2) size 181x18 [border: (1px solid #000000)] [r=0 c=1 rs=1 cs=1]
              RenderText {#text} at (2,2) size 177x14
                text run at (2,2) width 177: "Table Cell 2 Table Cell 2 Table Cell 2"
