layer at (0,0) size 800x941
  RenderView at (0,0) size 800x600
layer at (0,0) size 800x941
  RenderBlock {HTML} at (0,0) size 800x941
    RenderBody {BODY} at (8,8) size 784x925 [bgcolor=#CCCCCC]
      RenderBlock {P} at (0,0) size 784x14
        RenderText {#text} at (0,0) size 264x14
          text run at (0,0) width 264: "The style declarations which apply to the text below are:"
      RenderBlock {PRE} at (0,26) size 784x99
        RenderText {#text} at (0,0) size 234x99
          text run at (0,0) width 162: "DIV.a {font-family: serif;}"
          text run at (162,0) width 0: " "
          text run at (0,11) width 186: "DIV.b {font-family: monospace;}"
          text run at (186,11) width 0: " "
          text run at (0,22) width 156: ".one {font-family: serif;}"
          text run at (156,22) width 0: " "
          text run at (0,33) width 186: ".two {font-family: sans-serif;}"
          text run at (186,33) width 0: " "
          text run at (0,44) width 180: ".three {font-family: cursive;}"
          text run at (180,44) width 0: " "
          text run at (0,55) width 174: ".four {font-family: fantasy;}"
          text run at (174,55) width 0: " "
          text run at (0,66) width 186: ".five {font-family: monospace;}"
          text run at (186,66) width 0: " "
          text run at (0,77) width 234: ".six {font-family: sans-serif,cursive;}"
          text run at (234,77) width 0: " "
          text run at (0,88) width 228: ".seven {font-family: monospace,serif;}"
          text run at (228,88) width 0: " "
      RenderBlock {HR} at (0,135) size 784x2 [border: (1px inset #000000)]
      RenderBlock {DIV} at (0,149) size 784x141
        RenderBlock {P} at (0,0) size 784x14
          RenderText {#text} at (0,0) size 481x14
            text run at (0,0) width 481: "This sentence is normal for the first division, which is the next five sentences; it should be a serif font."
        RenderBlock {P} at (0,26) size 784x14
          RenderText {#text} at (0,0) size 182x14
            text run at (0,0) width 182: "This sentence should be in a serif font."
        RenderBlock {P} at (0,52) size 784x14
          RenderText {#text} at (0,0) size 238x14
            text run at (0,0) width 238: "This sentence should be in a sans-serif font."
        RenderBlock {P} at (0,78) size 784x14
          RenderText {#text} at (0,0) size 195x14
            text run at (0,0) width 195: "This sentence should be in a cursive font."
        RenderBlock {P} at (0,104) size 784x14
          RenderText {#text} at (0,0) size 195x14
            text run at (0,0) width 195: "This sentence should be in a fantasy font."
        RenderBlock {P} at (0,130) size 784x11
          RenderText {#text} at (0,0) size 264x11
            text run at (0,0) width 264: "This sentence should be in a monospace font."
      RenderBlock {HR} at (0,300) size 784x2 [border: (1px inset #000000)]
      RenderBlock {P} at (0,314) size 784x14
        RenderText {#text} at (0,0) size 303x14
          text run at (0,0) width 303: "This sentence should be in a sans-serif font, not cursive."
      RenderBlock {P} at (0,340) size 784x14
        RenderText {#text} at (0,0) size 385x14
          text run at (0,0) width 385: "This sentence should be in a monospace font, not serif."
      RenderBlock {HR} at (0,366) size 784x2 [border: (1px inset #000000)]
      RenderBlock {DIV} at (0,378) size 784x138
        RenderBlock {P} at (0,0) size 784x11
          RenderText {#text} at (0,0) size 672x11
            text run at (0,0) width 672: "This sentence is normal for the first division, which is the next five sentences; it should be a monospace font."
        RenderBlock {P} at (0,23) size 784x14
          RenderText {#text} at (0,0) size 182x14
            text run at (0,0) width 182: "This sentence should be in a serif font."
        RenderBlock {P} at (0,49) size 784x14
          RenderText {#text} at (0,0) size 238x14
            text run at (0,0) width 238: "This sentence should be in a sans-serif font."
        RenderBlock {P} at (0,75) size 784x14
          RenderText {#text} at (0,0) size 195x14
            text run at (0,0) width 195: "This sentence should be in a cursive font."
        RenderBlock {P} at (0,101) size 784x14
          RenderText {#text} at (0,0) size 195x14
            text run at (0,0) width 195: "This sentence should be in a fantasy font."
        RenderBlock {P} at (0,127) size 784x11
          RenderText {#text} at (0,0) size 264x11
            text run at (0,0) width 264: "This sentence should be in a monospace font."
      RenderTable {TABLE} at (0,526) size 693x399 [border: (1px outset #808080)]
        RenderTableSection {TBODY} at (1,1) size 691x397
          RenderTableRow {TR} at (0,0) size 691x22
            RenderTableCell {TD} at (0,0) size 691x22 [bgcolor=#C0C0C0] [border: (1px inset #808080)] [r=0 c=0 rs=1 cs=2]
              RenderInline {STRONG} at (0,0) size 122x14
                RenderText {#text} at (4,4) size 122x14
                  text run at (4,4) width 122: "TABLE Testing Section"
          RenderTableRow {TR} at (0,22) size 691x375
            RenderTableCell {TD} at (0,198) size 11x22 [bgcolor=#C0C0C0] [border: (1px inset #808080)] [r=1 c=0 rs=1 cs=1]
              RenderText {#text} at (4,4) size 3x14
                text run at (4,4) width 3: " "
            RenderTableCell {TD} at (11,22) size 680x375 [border: (1px inset #808080)] [r=1 c=1 rs=1 cs=1]
              RenderBlock {DIV} at (4,4) size 672x141
                RenderBlock {P} at (0,0) size 672x14
                  RenderText {#text} at (0,0) size 481x14
                    text run at (0,0) width 481: "This sentence is normal for the first division, which is the next five sentences; it should be a serif font."
                RenderBlock {P} at (0,26) size 672x14
                  RenderText {#text} at (0,0) size 182x14
                    text run at (0,0) width 182: "This sentence should be in a serif font."
                RenderBlock {P} at (0,52) size 672x14
                  RenderText {#text} at (0,0) size 238x14
                    text run at (0,0) width 238: "This sentence should be in a sans-serif font."
                RenderBlock {P} at (0,78) size 672x14
                  RenderText {#text} at (0,0) size 195x14
                    text run at (0,0) width 195: "This sentence should be in a cursive font."
                RenderBlock {P} at (0,104) size 672x14
                  RenderText {#text} at (0,0) size 195x14
                    text run at (0,0) width 195: "This sentence should be in a fantasy font."
                RenderBlock {P} at (0,130) size 672x11
                  RenderText {#text} at (0,0) size 264x11
                    text run at (0,0) width 264: "This sentence should be in a monospace font."
              RenderBlock {HR} at (4,155) size 672x2 [border: (1px inset #000000)]
              RenderBlock {P} at (4,169) size 672x14
                RenderText {#text} at (0,0) size 303x14
                  text run at (0,0) width 303: "This sentence should be in a sans-serif font, not cursive."
              RenderBlock {P} at (4,195) size 672x14
                RenderText {#text} at (0,0) size 385x14
                  text run at (0,0) width 385: "This sentence should be in a monospace font, not serif."
              RenderBlock {HR} at (4,221) size 672x2 [border: (1px inset #000000)]
              RenderBlock {DIV} at (4,233) size 672x138
                RenderBlock {P} at (0,0) size 672x11
                  RenderText {#text} at (0,0) size 672x11
                    text run at (0,0) width 672: "This sentence is normal for the first division, which is the next five sentences; it should be a monospace font."
                RenderBlock {P} at (0,23) size 672x14
                  RenderText {#text} at (0,0) size 182x14
                    text run at (0,0) width 182: "This sentence should be in a serif font."
                RenderBlock {P} at (0,49) size 672x14
                  RenderText {#text} at (0,0) size 238x14
                    text run at (0,0) width 238: "This sentence should be in a sans-serif font."
                RenderBlock {P} at (0,75) size 672x14
                  RenderText {#text} at (0,0) size 195x14
                    text run at (0,0) width 195: "This sentence should be in a cursive font."
                RenderBlock {P} at (0,101) size 672x14
                  RenderText {#text} at (0,0) size 195x14
                    text run at (0,0) width 195: "This sentence should be in a fantasy font."
                RenderBlock {P} at (0,127) size 672x11
                  RenderText {#text} at (0,0) size 264x11
                    text run at (0,0) width 264: "This sentence should be in a monospace font."
