layer at (0,0) size 800x797
  RenderView at (0,0) size 800x600
layer at (0,0) size 800x797
  RenderBlock {HTML} at (0,0) size 800x797
    RenderBody {BODY} at (8,8) size 784x781 [bgcolor=#CCCCCC]
      RenderBlock {P} at (0,0) size 784x14
        RenderText {#text} at (0,0) size 264x14
          text run at (0,0) width 264: "The style declarations which apply to the text below are:"
      RenderBlock {PRE} at (0,26) size 784x121
        RenderText {#text} at (0,0) size 180x121
          text run at (0,0) width 150: ".one {font-weight: bold;}"
          text run at (150,0) width 0: " "
          text run at (0,11) width 162: ".two {font-weight: bolder;}"
          text run at (162,11) width 0: " "
          text run at (0,22) width 180: ".three {font-weight: lighter;}"
          text run at (180,22) width 0: " "
          text run at (0,33) width 150: ".four {font-weight: 100;}"
          text run at (150,33) width 0: " "
          text run at (0,44) width 150: ".five {font-weight: 300;}"
          text run at (150,44) width 0: " "
          text run at (0,55) width 144: ".six {font-weight: 500;}"
          text run at (144,55) width 0: " "
          text run at (0,66) width 156: ".seven {font-weight: 700;}"
          text run at (156,66) width 0: " "
          text run at (0,77) width 156: ".eight {font-weight: 900;}"
          text run at (156,77) width 0: " "
          text run at (0,88) width 168: ".nine {font-weight: normal;}"
          text run at (168,88) width 0: " "
          text run at (0,99) width 150: "B {font-weight: lighter;}"
          text run at (150,99) width 0: " "
          text run at (0,110) width 0: " "
      RenderBlock {HR} at (0,157) size 784x2 [border: (1px inset #000000)]
      RenderBlock {P} at (0,171) size 784x14
        RenderText {#text} at (0,0) size 151x14
          text run at (0,0) width 151: "This sentence should be bold."
      RenderBlock {P} at (0,197) size 784x14
        RenderText {#text} at (0,0) size 228x14
          text run at (0,0) width 228: "This sentence should be bolder than normal."
      RenderBlock {H4} at (0,226) size 784x14
        RenderText {#text} at (0,0) size 100x14
          text run at (0,0) width 100: "This is a heading-4."
      RenderBlock {H4} at (0,255) size 784x14
        RenderText {#text} at (0,0) size 136x14
          text run at (0,0) width 136: "This is a bolder heading-4."
      RenderBlock {P} at (0,284) size 784x14
        RenderInline {B} at (0,0) size 264x14
          RenderText {#text} at (0,0) size 264x14
            text run at (0,0) width 264: "This sentence should be normal (boldface made lighter)."
        RenderText {#text} at (0,0) size 0x0
      RenderBlock {P} at (0,310) size 784x14
        RenderText {#text} at (0,0) size 172x14
          text run at (0,0) width 172: "This sentence should be weight 100."
      RenderBlock {P} at (0,336) size 784x14
        RenderText {#text} at (0,0) size 172x14
          text run at (0,0) width 172: "This sentence should be weight 300."
      RenderBlock {P} at (0,362) size 784x14
        RenderText {#text} at (0,0) size 172x14
          text run at (0,0) width 172: "This sentence should be weight 500."
      RenderBlock {P} at (0,388) size 784x14
        RenderText {#text} at (0,0) size 183x14
          text run at (0,0) width 183: "This sentence should be weight 700."
      RenderBlock {P} at (0,414) size 784x14
        RenderText {#text} at (0,0) size 183x14
          text run at (0,0) width 183: "This sentence should be weight 900."
      RenderBlock {P} at (0,440) size 784x14
        RenderText {#text} at (0,0) size 376x14
          text run at (0,0) width 376: "This sentence should be bold, but the last word in the sentence should be "
        RenderInline {SPAN} at (0,0) size 33x14
          RenderText {#text} at (376,0) size 33x14
            text run at (376,0) width 33: "normal"
        RenderText {#text} at (409,0) size 3x14
          text run at (409,0) width 3: "."
      RenderTable {TABLE} at (0,466) size 433x315 [border: (1px outset #808080)]
        RenderTableSection {TBODY} at (1,1) size 431x313
          RenderTableRow {TR} at (0,0) size 431x22
            RenderTableCell {TD} at (0,0) size 431x22 [bgcolor=#C0C0C0] [border: (1px inset #808080)] [r=0 c=0 rs=1 cs=2]
              RenderInline {STRONG} at (0,0) size 122x14
                RenderText {#text} at (4,4) size 122x14
                  text run at (4,4) width 122: "TABLE Testing Section"
          RenderTableRow {TR} at (0,22) size 431x291
            RenderTableCell {TD} at (0,156) size 11x22 [bgcolor=#C0C0C0] [border: (1px inset #808080)] [r=1 c=0 rs=1 cs=1]
              RenderText {#text} at (4,4) size 3x14
                text run at (4,4) width 3: " "
            RenderTableCell {TD} at (11,22) size 420x291 [border: (1px inset #808080)] [r=1 c=1 rs=1 cs=1]
              RenderBlock {P} at (4,4) size 412x14
                RenderText {#text} at (0,0) size 151x14
                  text run at (0,0) width 151: "This sentence should be bold."
              RenderBlock {P} at (4,30) size 412x14
                RenderText {#text} at (0,0) size 228x14
                  text run at (0,0) width 228: "This sentence should be bolder than normal."
              RenderBlock {H4} at (4,59) size 412x14
                RenderText {#text} at (0,0) size 100x14
                  text run at (0,0) width 100: "This is a heading-4."
              RenderBlock {H4} at (4,88) size 412x14
                RenderText {#text} at (0,0) size 136x14
                  text run at (0,0) width 136: "This is a bolder heading-4."
              RenderBlock {P} at (4,117) size 412x14
                RenderInline {B} at (0,0) size 264x14
                  RenderText {#text} at (0,0) size 264x14
                    text run at (0,0) width 264: "This sentence should be normal (boldface made lighter)."
                RenderText {#text} at (0,0) size 0x0
              RenderBlock {P} at (4,143) size 412x14
                RenderText {#text} at (0,0) size 172x14
                  text run at (0,0) width 172: "This sentence should be weight 100."
              RenderBlock {P} at (4,169) size 412x14
                RenderText {#text} at (0,0) size 172x14
                  text run at (0,0) width 172: "This sentence should be weight 300."
              RenderBlock {P} at (4,195) size 412x14
                RenderText {#text} at (0,0) size 172x14
                  text run at (0,0) width 172: "This sentence should be weight 500."
              RenderBlock {P} at (4,221) size 412x14
                RenderText {#text} at (0,0) size 183x14
                  text run at (0,0) width 183: "This sentence should be weight 700."
              RenderBlock {P} at (4,247) size 412x14
                RenderText {#text} at (0,0) size 183x14
                  text run at (0,0) width 183: "This sentence should be weight 900."
              RenderBlock {P} at (4,273) size 412x14
                RenderText {#text} at (0,0) size 376x14
                  text run at (0,0) width 376: "This sentence should be bold, but the last word in the sentence should be "
                RenderInline {SPAN} at (0,0) size 33x14
                  RenderText {#text} at (376,0) size 33x14
                    text run at (376,0) width 33: "normal"
                RenderText {#text} at (409,0) size 3x14
                  text run at (409,0) width 3: "."
