layer at (0,0) size 800x600
  RenderView at (0,0) size 800x600
layer at (0,0) size 800x116
  RenderBlock {HTML} at (0,0) size 800x116
    RenderBody {BODY} at (8,8) size 784x100
      RenderBlock (anonymous) at (0,0) size 784x14
        RenderInline {DIV} at (0,0) size 396x12 [color=#FFFFFF] [bgcolor=#FF0000]
          RenderText {#text} at (0,1) size 396x12
            text run at (0,1) width 396: "Ahem_font_required_for_this_test."
        RenderText {#text} at (0,0) size 0x0
      RenderBlock {P} at (0,26) size 784x14
        RenderText {#text} at (0,0) size 258x14
          text run at (0,0) width 258: "There should be a single green rectangle square below."
      RenderBlock {DIV} at (0,52) size 48x48 [color=#008000] [bgcolor=#FF0000]
        RenderBlock {DIV} at (0,0) size 48x24
          RenderText {#text} at (0,0) size 24x24
            text run at (0,0) width 24: "X"
        RenderBlock {DIV} at (24,24) size 24x24
          RenderText {#text} at (0,0) size 24x24
            text run at (0,0) width 24: "X"
