layer at (0,0) size 800x600
  RenderView at (0,0) size 800x600
layer at (0,0) size 800x600
  RenderBlock {HTML} at (0,0) size 800x600
    RenderBody {BODY} at (8,8) size 784x580
      RenderBlock {DL} at (0,0) size 784x28
        RenderBlock {DT} at (0,0) size 784x14
          RenderText {#text} at (0,0) size 44x14
            text run at (0,0) width 44: "Line One"
        RenderBlock {DT} at (0,14) size 784x14
          RenderText {#text} at (0,0) size 24x14
            text run at (0,0) width 24: "Line "
          RenderInline {SPAN} at (0,0) size 22x14
            RenderText {#text} at (24,0) size 22x14
              text run at (24,0) width 22: "Two"
