layer at (0,0) size 800x600
  RenderView at (0,0) size 800x600
layer at (0,0) size 800x600
  RenderBlock {HTML} at (0,0) size 800x600
    RenderBody {BODY} at (8,8) size 784x580
      RenderBlock {P} at (0,0) size 784x14
        RenderInline (generated) at (0,0) size 40x14
          RenderInline (generated) at (0,0) size 7x14 [color=#FFD800]
            RenderText at (0,0) size 7x14
              text run at (0,0) width 7: "S"
          RenderText at (7,0) size 33x14
            text run at (7,0) width 33: "pecial: "
        RenderText {#text} at (40,0) size 443x14
          text run at (40,0) width 164: "The \"S\" to the left should be gold. "
          text run at (204,0) width 279: "This is testing :before used in conjunction with :first-letter. "
        RenderInline (generated) at (0,0) size 48x14
          RenderText at (483,0) size 48x14
            text run at (483,0) width 48: "[The End]"
