layer at (0,0) size 800x600
  RenderView at (0,0) size 800x600
layer at (0,0) size 800x600
  RenderBlock {HTML} at (0,0) size 800x600
    RenderBody {BODY} at (8,8) size 784x584
      RenderBlock (anonymous) at (0,0) size 784x14
        RenderInline {Q} at (0,0) size 120x14
          RenderInline (generated) at (0,0) size 5x14
            RenderQuote at (0,0) size 5x14
              text run at (0,0) width 5: "\""
          RenderText {#text} at (5,0) size 115x14
            text run at (5,0) width 115: "Quotes should surround"
      RenderBlock (anonymous) at (0,26) size 784x0
        RenderBlock {P} at (0,0) size 784x0
      RenderBlock (anonymous) at (0,26) size 784x14
        RenderInline {Q} at (0,0) size 45x14
          RenderText {#text} at (0,0) size 40x14
            text run at (0,0) width 40: "this text."
          RenderInline (generated) at (0,0) size 5x14
            RenderQuote at (40,0) size 5x14
              text run at (40,0) width 5: "\""
        RenderText {#text} at (0,0) size 0x0
