layer at (0,0) size 800x600
  RenderView at (0,0) size 800x600
layer at (0,0) size 800x600
  RenderBlock {HTML} at (0,0) size 800x600
    RenderBody {BODY} at (8,8) size 784x580
      RenderBlock {DIV} at (0,0) size 784x14
        RenderInline (generated) at (0,0) size 7x14
          RenderText {#text} at (0,0) size 7x14
            text run at (0,0) width 7: "T"
        RenderText {#text} at (7,0) size 199x14
          text run at (7,0) width 199: "HIS TEXT SHOULD BE UPPERCASE."
      RenderBlock {P} at (0,26) size 784x14
        RenderInline (generated) at (0,0) size 206x14
          RenderText at (0,0) size 206x14
            text run at (0,0) width 206: "THIS TEXT SHOULD BE UPPERCASE."
