layer at (0,0) size 800x600
  RenderView at (0,0) size 800x600
layer at (0,0) size 800x600
  RenderBlock {HTML} at (0,0) size 800x600
    RenderBody {BODY} at (8,8) size 784x584
      RenderBlock {P} at (0,0) size 784x14
        RenderText {#text} at (0,0) size 51x14
          text run at (0,0) width 51: "All of this "
        RenderInline {SPAN} at (0,0) size 66x14
          RenderText {#text} at (51,0) size 66x14
            text run at (51,0) width 66: "text should be"
        RenderText {#text} at (117,0) size 32x14
          text run at (117,0) width 32: " green."
      RenderBlock {UL} at (0,26) size 784x14
        RenderListItem {LI} at (40,0) size 744x14
          RenderListMarker at (-15,0) size 6x14: bullet
          RenderText {#text} at (0,0) size 279x14
            text run at (0,0) width 279: "All of this text should be green. The bullet should be black."
      RenderBlock {DIV} at (0,52) size 784x41 [color=#FF0000]
        RenderInline {SPAN} at (0,0) size 322x14 [color=#008000]
          RenderInline (generated) at (0,0) size 26x40
            RenderText {#text} at (0,0) size 26x40
              text run at (0,0) width 26: "A"
          RenderText {#text} at (26,21) size 296x14
            text run at (26,21) width 296: "ll of this text should be green, including the big \"A\" first-letter."
      RenderBlock {P} at (0,105) size 784x0
      RenderBlock {DIV} at (0,105) size 784x14
        RenderBlock {DIV} at (0,0) size 122x14 [color=#FF0000]
          RenderText {#text} at (0,0) size 122x14
            text run at (0,0) width 122: "This text should be green."
