layer at (0,0) size 800x600
  RenderView at (0,0) size 800x600
layer at (0,0) size 800x30
  RenderBlock {HTML} at (0,0) size 800x30
    RenderBody {BODY} at (8,8) size 784x14
      RenderInline {A} at (0,0) size 90x14 [color=#0000EE]
        RenderInline (generated) at (0,0) size 10x14
          RenderImage at (0,1) size 10x10
        RenderText {#text} at (10,0) size 80x14
          text run at (10,0) width 80: "What's going on."
      RenderText {#text} at (0,0) size 0x0
