layer at (0,0) size 800x600
  RenderView at (0,0) size 800x600
layer at (0,0) size 800x600
  RenderBlock {HTML} at (0,0) size 800x600
    RenderBody {BODY} at (8,8) size 784x584
      RenderBlock {H1} at (0,0) size 784x28
        RenderInline (generated) at (0,0) size 155x26
          RenderText at (0,1) size 155x26
            text run at (0,1) width 155: "First Chapter: "
        RenderText {#text} at (155,1) size 79x26
          text run at (155,1) width 79: "TEST 1"
      RenderBlock (anonymous) at (0,44) size 784x14
        RenderText {#text} at (0,0) size 178x14
          text run at (0,0) width 178: "Should read: \"First Chapter: TEST 1\""
      RenderBlock {H2} at (0,72) size 784x21
        RenderInline (generated) at (0,0) size 75x20
          RenderText at (0,0) size 75x20
            text run at (0,0) width 75: "Chapter: "
        RenderText {#text} at (75,0) size 60x20
          text run at (75,0) width 60: "TEST 2"
      RenderBlock (anonymous) at (0,107) size 784x14
        RenderText {#text} at (0,0) size 153x14
          text run at (0,0) width 153: "Should read: \"Chapter: TEST 2\""
      RenderBlock {H3} at (0,135) size 784x16
        RenderInline (generated) at (0,0) size 88x15
          RenderText at (0,0) size 88x15
            text run at (0,0) width 88: "Chapter One: "
        RenderText {#text} at (88,0) size 46x15
          text run at (88,0) width 46: "TEST 3"
      RenderBlock (anonymous) at (0,165) size 784x14
        RenderText {#text} at (0,0) size 176x14
          text run at (0,0) width 176: "Should read: \"Chapter One: TEST 3\""
      RenderBlock {H4} at (0,194) size 784x14
        RenderInline (generated) at (0,0) size 50x14
          RenderText at (0,0) size 50x14
            text run at (0,0) width 50: "Chapter: "
        RenderText {#text} at (50,0) size 40x14
          text run at (50,0) width 40: "TEST 4"
      RenderBlock (anonymous) at (0,223) size 784x14
        RenderText {#text} at (0,0) size 153x14
          text run at (0,0) width 153: "Should read: \"Chapter: TEST 4\""
