layer at (0,0) size 800x600
  RenderView at (0,0) size 800x600
layer at (0,0) size 800x600
  RenderBlock {HTML} at (0,0) size 800x600
    RenderBody {BODY} at (8,8) size 784x584
      RenderTable {DIV} at (0,0) size 230x44
        RenderTableSection (anonymous) at (0,0) size 230x44
          RenderTableRow (anonymous) at (0,0) size 230x44
            RenderTableCell (anonymous) at (0,0) size 230x44 [r=0 c=0 rs=1 cs=1]
              RenderBlock (anonymous) at (0,0) size 230x0
                RenderInline {FORM} at (0,0) size 0x0
                  RenderText {#text} at (0,0) size 0x0
              RenderBlock (anonymous) at (0,0) size 230x16
                RenderBlock {H3} at (0,0) size 230x16
                  RenderText {#text} at (0,0) size 230x15
                    text run at (0,0) width 230: "There should be a fourth dot bellow..."
              RenderBlock (anonymous) at (0,30) size 230x14
                RenderInline {FORM} at (0,0) size 0x0
                RenderInline (generated) at (0,0) size 3x14
                  RenderText at (0,0) size 3x14
                    text run at (0,0) width 3: "."
