layer at (0,0) size 800x600
  RenderView at (0,0) size 800x600
layer at (0,0) size 800x600
  RenderBlock {HTML} at (0,0) size 800x600
    RenderBody {BODY} at (8,8) size 784x584
      RenderBlock {P} at (0,0) size 784x14
        RenderText {#text} at (0,0) size 40x14
          text run at (0,0) width 40: "Test for "
        RenderInline {I} at (0,0) size 246x14
          RenderInline {A} at (0,0) size 117x14 [color=#0000EE]
            RenderText {#text} at (40,0) size 117x14
              text run at (40,0) width 117: "rdar://problem/7898436"
          RenderText {#text} at (157,0) size 129x14
            text run at (157,0) width 129: " :after content is duplicated"
        RenderText {#text} at (286,0) size 3x14
          text run at (286,0) width 3: "."
      RenderBlock {P} at (0,26) size 784x14
        RenderText {#text} at (0,0) size 379x14
          text run at (0,0) width 379: "The test passed if the word \x{201C}not\x{201D} appears exactly once in the following sentence:"
      RenderBlock {DIV} at (0,52) size 784x220
        RenderBlock (anonymous) at (0,0) size 784x110
          RenderText {#text} at (0,1) size 455x107
            text run at (0,1) width 455: "The test did"
          RenderInline {SPAN} at (0,0) size 0x0
            RenderInline {B} at (0,0) size 0x0
        RenderBlock (anonymous) at (0,110) size 784x0
          RenderBlock {DIV} at (0,0) size 784x0
        RenderBlock (anonymous) at (0,110) size 784x110
          RenderInline {SPAN} at (0,0) size 147x107
            RenderInline {B} at (0,0) size 0x0
            RenderInline (generated) at (0,0) size 147x107
              RenderText at (0,1) size 147x107
                text run at (0,1) width 147: "not "
          RenderText {#text} at (147,1) size 153x107
            text run at (147,1) width 153: "fail."
