layer at (0,0) size 800x600
  RenderView at (0,0) size 800x600
layer at (0,0) size 800x600
  RenderBlock {HTML} at (0,0) size 800x600
    RenderBody {BODY} at (8,8) size 784x584
      RenderBlock {H1} at (0,0) size 784x28
        RenderText {#text} at (0,1) size 68x26
          text run at (0,1) width 68: "Blocks"
      RenderBlock {DIV} at (0,44) size 784x14
        RenderInline (generated) at (0,0) size 26x14
          RenderText at (0,0) size 26x14
            text run at (0,0) width 26: "Test: "
        RenderText {#text} at (26,0) size 34x14
          text run at (26,0) width 34: "content"
      RenderBlock {DIV} at (0,58) size 784x14
        RenderBlock (generated) at (0,0) size 23x14
          RenderText at (0,0) size 23x14
            text run at (0,0) width 23: "Test:"
        RenderText {#text} at (23,0) size 34x14
          text run at (23,0) width 34: "content"
      RenderBlock {DIV} at (0,72) size 784x17
        RenderTable at (0,0) size 23x14
          RenderTableSection (anonymous) at (0,0) size 23x14
            RenderTableRow (anonymous) at (0,0) size 23x14
              RenderTableCell (anonymous) at (0,0) size 23x14 [r=0 c=0 rs=1 cs=1]
                RenderText at (0,0) size 23x14
                  text run at (0,0) width 23: "Test:"
        RenderText {#text} at (23,3) size 34x14
          text run at (23,3) width 34: "content"
      RenderBlock {H1} at (0,105) size 784x28
        RenderText {#text} at (0,1) size 69x26
          text run at (0,1) width 69: "Inlines"
      RenderBlock (anonymous) at (0,149) size 784x45
        RenderInline {SPAN} at (0,0) size 60x14
          RenderInline (generated) at (0,0) size 26x14
            RenderText at (0,0) size 26x14
              text run at (0,0) width 26: "Test: "
          RenderText {#text} at (26,0) size 34x14
            text run at (26,0) width 34: "content"
        RenderBR {BR} at (60,11) size 0x0
        RenderInline {SPAN} at (0,0) size 57x14
          RenderBlock (generated) at (0,14) size 23x14
            RenderText at (0,0) size 23x14
              text run at (0,0) width 23: "Test:"
          RenderText {#text} at (23,14) size 34x14
            text run at (23,14) width 34: "content"
        RenderBR {BR} at (57,25) size 0x0
        RenderInline {SPAN} at (0,0) size 57x14
          RenderTable at (0,28) size 23x14
            RenderTableSection (anonymous) at (0,0) size 23x14
              RenderTableRow (anonymous) at (0,0) size 23x14
                RenderTableCell (anonymous) at (0,0) size 23x14 [r=0 c=0 rs=1 cs=1]
                  RenderText at (0,0) size 23x14
                    text run at (0,0) width 23: "Test:"
          RenderText {#text} at (23,31) size 34x14
            text run at (23,31) width 34: "content"
        RenderBR {BR} at (57,42) size 0x0
