layer at (0,0) size 800x600
  RenderView at (0,0) size 800x600
layer at (0,0) size 800x600
  RenderBlock {HTML} at (0,0) size 800x600
    RenderBody {BODY} at (8,8) size 784x580
      RenderBlock (anonymous) at (0,0) size 784x14
        RenderInline {SPAN} at (0,0) size 480x14
          RenderText {#text} at (0,0) size 480x14
            text run at (0,0) width 480: "This test passes if it does not crash, and if we successfully destroy the table-section generated content."
        RenderText {#text} at (480,0) size 3x14
          text run at (480,0) width 3: " "
        RenderBR {BR} at (483,11) size 0x0
      RenderBlock {UL} at (0,26) size 784x28
        RenderListItem {LI} at (40,0) size 744x28
          RenderBlock (anonymous) at (0,0) size 744x14
            RenderListMarker at (-15,0) size 6x14: bullet
            RenderInline (generated) at (0,0) size 23x14
              RenderText at (0,0) size 23x14
                text run at (0,0) width 23: "hello"
          RenderTable at (0,14) size 0x0
          RenderBlock (anonymous) at (0,14) size 744x14
            RenderText {#text} at (0,0) size 16x14
              text run at (0,0) width 16: "test"
