layer at (0,0) size 800x600
  RenderView at (0,0) size 800x600
layer at (0,0) size 800x30
  RenderBlock {HTML} at (0,0) size 800x30
    RenderBody {BODY} at (8,8) size 784x14 [color=#0000FF]
      RenderBlock {DIV} at (0,0) size 784x14
        RenderTable at (0,0) size 212x14 [color=#000000]
          RenderTableSection (anonymous) at (0,0) size 212x14
            RenderTableRow (anonymous) at (0,0) size 212x14
              RenderTableCell (anonymous) at (0,0) size 153x14 [color=#0000FF] [r=0 c=0 rs=1 cs=1]
                RenderText at (0,0) size 153x14
                  text run at (0,0) width 153: "You should just see a single line"
              RenderTableCell {DIV} at (153,0) size 3x14 [color=#0000FF] [r=0 c=1 rs=1 cs=1]
                RenderText {#text} at (0,0) size 3x14
                  text run at (0,0) width 3: " "
              RenderTableCell (anonymous) at (156,0) size 56x14 [color=#0000FF] [r=0 c=2 rs=1 cs=1]
                RenderText at (0,0) size 56x14
                  text run at (0,0) width 56: "of blue text."
