layer at (0,0) size 800x600
  RenderView at (0,0) size 800x600
layer at (0,0) size 800x600
  RenderBlock {HTML} at (0,0) size 800x600
    RenderBody {BODY} at (8,8) size 784x584
      RenderInline {A} at (0,0) size 410x14
        RenderInline (generated) at (0,0) size 269x14
          RenderText at (0,0) size 269x14
            text run at (0,0) width 269: "This test passes if it does not crash, and this text appears."
        RenderText {#text} at (269,0) size 141x14
          text run at (269,0) width 141: "But it fails if this text appears."
      RenderText {#text} at (0,0) size 0x0
