layer at (0,0) size 800x600
  RenderView at (0,0) size 800x600
layer at (0,0) size 800x600
  RenderBlock {HTML} at (0,0) size 800x600
    RenderBody {BODY} at (8,8) size 784x584
      RenderBlock (anonymous) at (0,0) size 784x14
        RenderText {#text} at (0,0) size 140x14
          text run at (0,0) width 140: "You should not see any cyan."
      RenderBlock {DIV} at (0,14) size 202x27 [bgcolor=#00FFFF] [border: (1px solid #777777)]
        RenderBlock {A} at (1,1) size 200x25 [color=#0000EE] [bgcolor=#FFFFFF]
          RenderText {#text} at (0,5) size 16x14
            text run at (0,5) width 16: "foo"
          RenderWordBreak {WBR} at (0,0) size 0x0
          RenderText {#text} at (16,5) size 15x14
            text run at (16,5) width 15: "bar"
