layer at (0,0) size 980x1640
  RenderView at (0,0) size 980x735
layer at (0,0) size 980x735
  RenderBlock {HTML} at (0,0) size 980x735
    RenderBody {BODY} at (8,8) size 964x719
layer at (8,8) size 243x1632
  RenderBlock (positioned) {DIV} at (8,8) size 243x1632
    RenderBlock {P} at (0,72) size 243x84
      RenderInline {A} at (0,0) size 197x84 [color=#0000EE]
        RenderText {#text} at (0,0) size 197x84
          text run at (0,0) width 197: "link 1"
    RenderBlock {P} at (0,228) size 243x84
      RenderInline {A} at (0,0) size 197x84 [color=#0000EE]
        RenderText {#text} at (0,0) size 197x84
          text run at (0,0) width 197: "link 2"
    RenderBlock {P} at (0,384) size 243x84
      RenderInline {A} at (0,0) size 197x84 [color=#0000EE]
        RenderText {#text} at (0,0) size 197x84
          text run at (0,0) width 197: "link 3"
    RenderBlock {P} at (0,540) size 243x84
      RenderInline {A} at (0,0) size 197x84 [color=#0000EE]
        RenderText {#text} at (0,0) size 197x84
          text run at (0,0) width 197: "link 4"
    RenderBlock {P} at (0,696) size 243x84
      RenderInline {A} at (0,0) size 197x84 [color=#0000EE]
        RenderText {#text} at (0,0) size 197x84
          text run at (0,0) width 197: "link 5"
    RenderBlock {P} at (0,852) size 243x84
      RenderInline {A} at (0,0) size 197x84 [color=#0000EE]
        RenderText {#text} at (0,0) size 197x84
          text run at (0,0) width 197: "link 6"
    RenderBlock {P} at (0,1008) size 243x84
      RenderInline {A} at (0,0) size 197x84 [color=#0000EE]
        RenderText {#text} at (0,0) size 197x84
          text run at (0,0) width 197: "link 7"
    RenderBlock {P} at (0,1164) size 243x84
      RenderInline {A} at (0,0) size 197x84 [color=#0000EE]
        RenderText {#text} at (0,0) size 197x84
          text run at (0,0) width 197: "link 8"
    RenderBlock {P} at (0,1320) size 243x84
      RenderInline {A} at (0,0) size 197x84 [color=#0000EE]
        RenderText {#text} at (0,0) size 197x84
          text run at (0,0) width 197: "link 9"
    RenderBlock {P} at (0,1476) size 243x84
      RenderInline {A} at (0,0) size 243x84 [color=#0000EE]
        RenderText {#text} at (0,0) size 243x84
          text run at (0,0) width 243: "link 10"
