layer at (0,0) size 800x600
  RenderView at (0,0) size 800x600
layer at (0,0) size 800x244
  RenderBlock {HTML} at (0,0) size 800x244
    RenderBody {BODY} at (8,12) size 784x224
      RenderBlock {P} at (0,0) size 784x14
        RenderText {#text} at (0,0) size 602x14
          text run at (0,0) width 602: "Test passes if the blue and orange boxes below are the same width, and the boxes are horizontally centered inside the black box."
layer at (8,38) size 198x198
  RenderBlock (relative positioned) {DIV} at (0,26) size 198x198 [border: (3px solid #000000)]
    RenderBlock {DIV} at (51,99) size 96x96 [bgcolor=#FFA500]
layer at (59,41) size 96x96
  RenderImage {IMG} at (51,3) size 96x96
