layer at (0,0) size 800x600
  RenderView at (0,0) size 800x600
layer at (0,0) size 800x238
  RenderBlock {HTML} at (0,0) size 800x238
    RenderBody {BODY} at (8,12) size 784x218
      RenderBlock {P} at (0,0) size 784x14
        RenderText {#text} at (0,0) size 228x14
          text run at (0,0) width 228: "Test passes if there is no red visible on the page."
layer at (8,38) size 784x192
  RenderBlock (relative positioned) {DIV} at (0,26) size 784x192
layer at (8,134) size 306x102
  RenderPartObject {IFRAME} at (0,96) size 306x102 [border: (3px solid #FF0000)]
    layer at (0,0) size 300x96
      RenderView at (0,0) size 300x96
    layer at (0,0) size 300x96
      RenderBlock {HTML} at (0,0) size 300x96
        RenderBody {BODY} at (8,8) size 284x80
layer at (8,134) size 306x102
  RenderBlock (positioned) {DIV} at (0,96) size 306x102 [border: (3px solid #008000)]
