layer at (0,0) size 800x600
  RenderView at (0,0) size 800x600
layer at (0,0) size 800x91
  RenderBlock {HTML} at (0,0) size 800x91
    RenderBody {BODY} at (8,12) size 784x71
      RenderBlock {P} at (0,0) size 784x14
        RenderText {#text} at (0,0) size 103x14
          text run at (0,0) width 103: "There must be no red."
layer at (8,38) size 45x45
  RenderBlock (relative positioned) {DIV} at (0,26) size 45x45
    RenderBlock {DIV} at (0,0) size 45x15 [border: (15px solid #FF0000) none]
    RenderBlock {DIV} at (0,15) size 45x15 [border: (15px solid #FF0000)]
    RenderBlock {DIV} at (15,30) size 15x15 [bgcolor=#FF0000]
layer at (8,53) size 15x15
  RenderImage {IMG} at (0,15) size 15x15 [bgcolor=#FF0000]
layer at (23,68) size 15x15
  RenderImage {IMG} at (15,30) size 15x15 [bgcolor=#FF0000]
layer at (38,38) size 15x15
  RenderImage {IMG} at (30,0) size 15x15 [bgcolor=#FF0000]
