layer at (0,0) size 800x600
  RenderView at (0,0) size 800x600
layer at (0,0) size 800x49
  RenderBlock {HTML} at (0,0) size 800x49
    RenderBody {BODY} at (8,12) size 784x29
      RenderBlock {P} at (0,0) size 784x14
        RenderText {#text} at (0,0) size 385x14
          text run at (0,0) width 385: "Test passes if there is a single blue box below and it does not touch the black line."
layer at (8,38) size 784x3
  RenderBlock (relative positioned) {DIV} at (0,26) size 784x3 [border: (3px solid #000000) none]
layer at (8,137) size 15x15
  RenderImage {IMG} at (0,99) size 15x15
layer at (23,137) size 15x15
  RenderBlock (positioned) {DIV} at (15,99) size 15x15 [bgcolor=#0000FF]
