layer at (0,0) size 800x600
  RenderView at (0,0) size 800x600
layer at (0,0) size 800x38
  RenderBlock {HTML} at (0,0) size 800x38
    RenderBody {BODY} at (8,12) size 784x14
      RenderBlock {P} at (0,0) size 784x14
        RenderText {#text} at (0,0) size 318x14
          text run at (0,0) width 318: "Test passes if the orange and blue boxes below are the same height."
layer at (104,62) size 96x48
  RenderBlock (positioned) {DIV} at (96,24) size 96x48 [bgcolor=#0000FF]
layer at (8,62) size 96x48
  RenderBlock (positioned) {DIV} at (0,24) size 96x48 [bgcolor=#FFA500]
    RenderText {#text} at (0,0) size 96x96
      text run at (0,0) width 96: " "
