layer at (0,0) size 800x600
  RenderView at (0,0) size 800x600
layer at (0,0) size 800x52
  RenderBlock {HTML} at (0,0) size 800x52
    RenderBody {BODY} at (8,12) size 784x28
      RenderBlock {P} at (0,0) size 784x28
        RenderText {#text} at (0,0) size 735x28
          text run at (0,0) width 735: "Below, on the right edge of the page, there should be a green square. In the middle of such green square, a black horizontal stripe should be traversing it and"
          text run at (0,14) width 336: "protruding out of it toward the left. There should be no red in this page."
layer at (664,52) size 128x128
  RenderBlock (positioned) {DIV} at (664,52) size 128x128 [bgcolor=#FF0000]
    RenderBlock {DIV} at (0,0) size 128x128 [bgcolor=#008000]
      RenderText {#text} at (-128,48) size 256x32
        text run at (-128,48) width 256: "XXXXXXXX"
    RenderText {#text} at (0,0) size 0x0
