layer at (0,0) size 800x600
  RenderView at (0,0) size 800x600
layer at (0,0) size 800x340
  RenderBlock {HTML} at (0,0) size 800x340
    RenderBody {BODY} at (8,12) size 784x320
      RenderBlock {P} at (0,0) size 784x14
        RenderText {#text} at (0,0) size 305x14
          text run at (0,0) width 305: "Test passes if the blue box is vertically centered in the black box."
layer at (8,38) size 294x294
  RenderBlock (relative positioned) {DIV} at (0,26) size 294x294 [border: (3px solid #000000)]
layer at (11,161) size 288x48
  RenderBlock (positioned) {DIV} at (3,123) size 288x48 [bgcolor=#0000FF]
