layer at (0,0) size 800x600
  RenderView at (0,0) size 800x600
layer at (0,0) size 800x134
  RenderBlock {HTML} at (0,0) size 800x134
    RenderBody {BODY} at (8,12) size 784x14
      RenderBlock {P} at (0,0) size 784x14
        RenderText {#text} at (0,0) size 228x14
          text run at (0,0) width 228: "Test passes if there is no red visible on the page."
      RenderBlock {DIV} at (0,26) size 784x0 [bgcolor=#FF0000]
        RenderBlock (floating) {DIV} at (0,0) size 96x96
