layer at (0,0) size 800x600
  RenderView at (0,0) size 800x600
layer at (0,0) size 800x78
  RenderBlock {HTML} at (0,0) size 800x78
    RenderBody {BODY} at (0,12) size 800x66
      RenderBlock {P} at (0,0) size 800x14
        RenderText {#text} at (0,0) size 479x14
          text run at (0,0) width 479: "Test passes if the box below spans the entire width of the page and there is no red visible on the page."
      RenderBlock {DIV} at (0,26) size 800x40 [bgcolor=#FF0000]
        RenderBlock {DIV} at (0,0) size 800x40 [bgcolor=#008000]
