layer at (0,0) size 800x600
  RenderView at (0,0) size 800x600
layer at (0,0) size 800x54
  RenderBlock {HTML} at (0,0) size 800x54
layer at (8,8) size 784x38
  RenderBody {BODY} at (8,8) size 784x38
    RenderBlock {P} at (0,12) size 784x14
      RenderText {#text} at (0,0) size 228x14
        text run at (0,0) width 228: "Test passes if there is no red visible on the page."
    RenderBlock {DIV} at (0,38) size 784x0 [bgcolor=#FF0000]
layer at (8,46) size 96x96
  RenderBlock (positioned) {DIV} at (8,46) size 96x96
