layer at (0,0) size 800x600
  RenderView at (0,0) size 800x600
layer at (0,0) size 800x246
  RenderBlock {HTML} at (0,0) size 800x246
    RenderBody {BODY} at (8,12) size 784x226
      RenderBlock {P} at (0,0) size 784x14
        RenderText {#text} at (0,0) size 254x14
          text run at (0,0) width 254: "Test passes if there is a filled green square below and "
        RenderInline {STRONG} at (0,0) size 33x14
          RenderText {#text} at (254,0) size 33x14
            text run at (254,0) width 33: "no red"
        RenderText {#text} at (287,0) size 3x14
          text run at (287,0) width 3: "."
      RenderBlock {DIV} at (0,26) size 400x200 [border: (200px solid #FF0000) none]
        RenderBlock {DIV} at (0,0) size 200x200 [border: (200px solid #008000) none]
