layer at (0,0) size 800x600
  RenderView at (0,0) size 800x600
layer at (0,0) size 800x74
  RenderBlock {HTML} at (0,0) size 800x74
layer at (8,8) size 784x58
  RenderBody {BODY} at (8,8) size 784x58
    RenderBlock {P} at (0,12) size 784x14
      RenderText {#text} at (0,0) size 409x14
        text run at (0,0) width 409: "Test passes if there is no white space between the blue box below and the orange lines."
    RenderBlock {DIV} at (0,38) size 96x20 [border: (3px solid #FFA500) none (3px solid #FFA500) none]
      RenderBlock {DIV} at (0,3) size 96x14 [bgcolor=#0000FF]
        RenderText {#text} at (0,0) size 49x14
          text run at (0,0) width 49: "Filler Text"
