layer at (0,0) size 800x600
  RenderView at (0,0) size 800x600
layer at (0,0) size 800x238
  RenderBlock {HTML} at (0,0) size 800x238
    RenderBody {BODY} at (8,12) size 784x218
      RenderBlock {P} at (0,0) size 784x14
        RenderText {#text} at (0,0) size 318x14
          text run at (0,0) width 318: "Test passes if the blue and orange boxes below are the same height."
layer at (8,38) size 784x192
  RenderBlock (relative positioned) {DIV} at (0,26) size 784x192
layer at (8,38) size 96x192
  RenderBlock (relative positioned) {DIV} at (0,0) size 96x192
layer at (8,38) size 96x192
  RenderBlock (relative positioned) {DIV} at (0,0) size 96x192 [bgcolor=#0000FF]
layer at (104,38) size 96x192
  RenderBlock (positioned) {DIV} at (96,0) size 96x192 [bgcolor=#FFA500]
