layer at (0,0) size 800x600
  RenderView at (0,0) size 800x600
layer at (0,0) size 800x166
  RenderBlock {HTML} at (0,0) size 800x166
    RenderBody {BODY} at (8,12) size 784x14
      RenderBlock {P} at (0,0) size 784x14
        RenderText {#text} at (0,0) size 766x14
          text run at (0,0) width 766: "Below there should be a green square. In the middle of such green square, a black horizontal stripe should be traversing it and protruding out of it toward the right."
      RenderBlock (floating) {DIV} at (0,26) size 128x128 [bgcolor=#008000]
        RenderText {#text} at (0,48) size 256x32
          text run at (0,48) width 256: "XXXXXXXX"
