layer at (0,0) size 800x600
  RenderView at (0,0) size 800x600
layer at (0,0) size 800x202
  RenderBlock {HTML} at (0,0) size 800x202
    RenderBody {BODY} at (8,12) size 784x182
      RenderBlock {P} at (0,0) size 784x14
        RenderText {#text} at (0,0) size 228x14
          text run at (0,0) width 228: "Test passes if there is no red visible on the page."
layer at (8,38) size 784x156
  RenderBlock (relative positioned) {DIV} at (0,26) size 784x156
    RenderPartObject {IFRAME} at (0,0) size 306x156 [border: (3px solid #FF0000)]
      layer at (0,0) size 300x150
        RenderView at (0,0) size 300x150
      layer at (0,0) size 300x150
        RenderBlock {HTML} at (0,0) size 300x150
          RenderBody {BODY} at (8,8) size 284x134
    RenderText {#text} at (0,0) size 0x0
    RenderText {#text} at (0,0) size 0x0
layer at (8,38) size 306x156
  RenderBlock (positioned) {DIV} at (0,0) size 306x156 [border: (3px solid #008000)]
