layer at (0,0) size 800x600
  RenderView at (0,0) size 800x600
layer at (0,0) size 800x186
  RenderBlock {HTML} at (0,0) size 800x186
    RenderBody {BODY} at (8,8) size 784x170
      RenderBlock {DIV} at (0,0) size 784x14
        RenderText {#text} at (0,0) size 223x14
          text run at (0,0) width 223: "All twenty images should be identically square."
      RenderBlock (anonymous) at (0,14) size 784x156
        RenderInline {P} at (0,0) size 75x14
          RenderImage {IMG} at (0,0) size 75x75
        RenderText {#text} at (75,64) size 3x14
          text run at (75,64) width 3: " "
        RenderText {#text} at (0,0) size 0x0
        RenderInline {P} at (0,0) size 75x14
          RenderImage {IMG} at (78,0) size 75x75
        RenderText {#text} at (153,64) size 3x14
          text run at (153,64) width 3: " "
        RenderText {#text} at (0,0) size 0x0
        RenderInline {P} at (0,0) size 75x14
          RenderImage {IMG} at (156,0) size 75x75
        RenderText {#text} at (231,64) size 3x14
          text run at (231,64) width 3: " "
        RenderText {#text} at (0,0) size 0x0
        RenderInline {P} at (0,0) size 75x14
          RenderImage {IMG} at (234,0) size 75x75
        RenderText {#text} at (309,64) size 3x14
          text run at (309,64) width 3: " "
        RenderText {#text} at (0,0) size 0x0
        RenderInline {P} at (0,0) size 75x14
          RenderImage {IMG} at (312,0) size 75x75
        RenderText {#text} at (387,64) size 3x14
          text run at (387,64) width 3: " "
        RenderText {#text} at (0,0) size 0x0
        RenderInline {P} at (0,0) size 75x14
          RenderImage {IMG} at (390,0) size 75x75
        RenderText {#text} at (465,64) size 3x14
          text run at (465,64) width 3: " "
        RenderText {#text} at (0,0) size 0x0
        RenderInline {P} at (0,0) size 75x14
          RenderImage {IMG} at (468,0) size 75x75
        RenderText {#text} at (543,64) size 3x14
          text run at (543,64) width 3: " "
        RenderText {#text} at (0,0) size 0x0
        RenderInline {P} at (0,0) size 75x14
          RenderImage {IMG} at (546,0) size 75x75
        RenderText {#text} at (621,64) size 3x14
          text run at (621,64) width 3: " "
        RenderText {#text} at (0,0) size 0x0
        RenderInline {P} at (0,0) size 75x14
          RenderImage {IMG} at (624,0) size 75x75
        RenderText {#text} at (699,64) size 3x14
          text run at (699,64) width 3: " "
        RenderText {#text} at (0,0) size 0x0
        RenderInline {P} at (0,0) size 75x14
          RenderImage {IMG} at (702,0) size 75x75
        RenderText {#text} at (0,0) size 0x0
        RenderText {#text} at (0,0) size 0x0
        RenderInline {P} at (0,0) size 75x14
          RenderImage {IMG} at (0,78) size 75x75
        RenderText {#text} at (75,142) size 3x14
          text run at (75,142) width 3: " "
        RenderText {#text} at (0,0) size 0x0
        RenderInline {P} at (0,0) size 75x14
          RenderImage {IMG} at (78,78) size 75x75
        RenderText {#text} at (153,142) size 3x14
          text run at (153,142) width 3: " "
        RenderText {#text} at (0,0) size 0x0
        RenderInline {P} at (0,0) size 75x14
          RenderImage {IMG} at (156,78) size 75x75
        RenderText {#text} at (231,142) size 3x14
          text run at (231,142) width 3: " "
        RenderText {#text} at (0,0) size 0x0
        RenderInline {P} at (0,0) size 75x14
          RenderImage {IMG} at (234,78) size 75x75
        RenderText {#text} at (309,142) size 3x14
          text run at (309,142) width 3: " "
        RenderText {#text} at (0,0) size 0x0
        RenderInline {P} at (0,0) size 75x14
          RenderImage {IMG} at (312,78) size 75x75
        RenderText {#text} at (387,142) size 3x14
          text run at (387,142) width 3: " "
        RenderText {#text} at (0,0) size 0x0
        RenderInline {P} at (0,0) size 75x14
          RenderImage {IMG} at (390,78) size 75x75
        RenderText {#text} at (465,142) size 3x14
          text run at (465,142) width 3: " "
        RenderText {#text} at (0,0) size 0x0
        RenderInline {P} at (0,0) size 75x14
          RenderImage {IMG} at (468,78) size 75x75
        RenderText {#text} at (543,142) size 3x14
          text run at (543,142) width 3: " "
        RenderText {#text} at (0,0) size 0x0
        RenderInline {P} at (0,0) size 75x14
          RenderImage {IMG} at (546,78) size 75x75
        RenderText {#text} at (621,142) size 3x14
          text run at (621,142) width 3: " "
        RenderText {#text} at (0,0) size 0x0
        RenderInline {P} at (0,0) size 75x14
          RenderImage {IMG} at (624,78) size 75x75
        RenderText {#text} at (699,142) size 3x14
          text run at (699,142) width 3: " "
        RenderText {#text} at (0,0) size 0x0
        RenderInline {P} at (0,0) size 75x14
          RenderImage {IMG} at (702,78) size 75x75
        RenderText {#text} at (0,0) size 0x0
        RenderText {#text} at (0,0) size 0x0
