layer at (0,0) size 800x600
  RenderView at (0,0) size 800x600
layer at (8,8) size 150x195 layerType: background only
layer at (6,48) size 154x154
  RenderBlock (positioned) zI: -1 {P} at (6,48) size 154x154 [bgcolor=#FF0000] [border: (2px solid #00FF00)]
    RenderText zI: -1 {#text} at (2,2) size 147x28
      text run at (2,2) width 147: "FAIL (absolute positioning not"
      text run at (2,16) width 51: "supported)"
layer at (8,8) size 150x195 layerType: foreground only
  RenderBlock {HTML} at (8,8) size 150x195
    RenderBody {BODY} at (0,0) size 150x195
      RenderBlock {P} at (0,0) size 150x42
        RenderText {#text} at (0,0) size 147x42
          text run at (0,0) width 147: "There should be a green square"
          text run at (0,14) width 139: "below this line, exactly fitting"
          text run at (0,28) width 117: "inside a 2px lime border."
      RenderBlock {P} at (0,42) size 150x153
        RenderEmbeddedObject {OBJECT} at (0,0) size 150x150
          layer at (0,0) size 150x150
            RenderView at (0,0) size 150x150
          layer at (0,0) size 150x150
            RenderSVGRoot {svg} at (0,0) size 150x150
              RenderSVGPath {rect} at (0,0) size 150x150 [fill={[type=SOLID] [color=#008000]}] [x=0.00] [y=0.00] [width=300.00] [height=200.00]
