layer at (0,0) size 800x600
  RenderView at (0,0) size 800x600
layer at (0,0) size 800x148
  RenderBlock {HTML} at (0,0) size 800x148
    RenderBody {BODY} at (8,12) size 784x124
      RenderBlock {P} at (0,0) size 784x14
        RenderText {#text} at (0,0) size 447x14
          text run at (0,0) width 447: "Below, there should be 2 orange boxes horizontally centered within their respective green bars."
      RenderBlock {DIV} at (12,26) size 760x43 [bgcolor=#008000]
        RenderBlock (anonymous) at (0,0) size 760x14
          RenderText {#text} at (0,0) size 27x14
            text run at (0,0) width 27: "         "
        RenderButton {INPUT} at (0,16) size 16x27 [bgcolor=#FFA500] [border: (2px outset #C0C0C0)]
      RenderBlock {FORM} at (0,81) size 784x43
        RenderBlock {DIV} at (12,0) size 760x43 [bgcolor=#008000]
          RenderBlock (anonymous) at (0,0) size 760x14
            RenderText {#text} at (0,0) size 27x14
              text run at (0,0) width 27: "         "
          RenderButton {INPUT} at (0,16) size 16x27 [bgcolor=#FFA500] [border: (2px outset #C0C0C0)]
