layer at (0,0) size 800x600
  RenderView at (0,0) size 800x600
layer at (0,0) size 800x250
  RenderBlock {HTML} at (0,0) size 800x250 [color=#000080] [bgcolor=#FFFFFF]
    RenderBody {BODY} at (8,12) size 784x226
      RenderBlock {DIV} at (0,0) size 100x200
        RenderBlock {P} at (0,0) size 100x200
          RenderEmbeddedObject {OBJECT} at (0,0) size 200x200
            layer at (0,0) size 100x200
              RenderView at (0,0) size 100x200
            layer at (0,0) size 100x200
              RenderSVGRoot {svg} at (0,0) size 0x0
      RenderBlock {P} at (0,212) size 784x14
        RenderText {#text} at (0,0) size 320x14
          text run at (0,0) width 320: "There should be a complete unbroken yin-yang symbol (\x{E2}\x{2DC}\x{AF}) above."
