layer at (0,0) size 800x600
  RenderView at (0,0) size 800x600
layer at (0,0) size 800x61
  RenderBlock {HTML} at (0,0) size 800x61
    RenderBody {BODY} at (8,12) size 784x41
      RenderBlock {P} at (0,0) size 784x14
        RenderText {#text} at (0,0) size 369x14
          text run at (0,0) width 369: "Test passes if the blue square is the same size or larger than the orange square."
layer at (8,38) size 784x15
  RenderBlock (relative positioned) {DIV} at (0,26) size 784x15
layer at (8,38) size 15x15
  RenderBlock (relative positioned) {DIV} at (0,0) size 15x15 [bgcolor=#FFA500]
layer at (32,38) size 96x96
  RenderImage {IMG} at (24,0) size 96x96
