layer at (0,0) size 980x735
  RenderView at (0,0) size 980x735
layer at (0,0) size 980x735
  RenderBlock {HTML} at (0,0) size 980x735
    RenderBody {BODY} at (8,8) size 964x711
      RenderBlock {UL} at (0,0) size 964x38
        RenderListItem {LI} at (40,0) size 924x38
          RenderListMarker at (-1,0) size 7x19: bullet
          RenderText {#text} at (15,0) size 331x19
            text run at (15,0) width 331: "This list item should have an inside bullet."
          RenderBR {BR} at (346,15) size 0x0
          RenderText {#text} at (0,19) size 308x19
            text run at (0,19) width 308: "This line should begin under the bullet."
