layer at (0,0) size 980x752
  RenderView at (0,0) size 980x735
layer at (0,0) size 980x752
  RenderBlock {HTML} at (0,0) size 980x752
    RenderBody {BODY} at (8,21) size 964x715
      RenderBlock {H1} at (0,0) size 964x37
        RenderText {#text} at (0,0) size 492x38
          text run at (0,0) width 492: "Shorthand border property"
      RenderBlock {P} at (0,58) size 964x25 [color=#008000] [bgcolor=#FFFFFF] [border: (3px solid #008000)]
        RenderText {#text} at (3,3) size 465x19
          text run at (3,3) width 465: "This paragraph should have a medium solid green border."
      RenderBlock {P} at (0,99) size 964x25 [color=#008000] [bgcolor=#FFFFFF] [border: (3px solid #008000)]
        RenderText {#text} at (3,3) size 465x19
          text run at (3,3) width 465: "This paragraph should have a medium solid green border."
      RenderBlock {P} at (0,140) size 964x19 [bgcolor=#FFFFFF]
        RenderText {#text} at (0,0) size 332x19
          text run at (0,0) width 332: "This paragraph should not have a border."
      RenderBlock {P} at (0,175) size 964x25 [bgcolor=#FFFFFF] [border: (3px solid #000000)]
        RenderText {#text} at (3,3) size 354x19
          text run at (3,3) width 354: "This paragraph should have a medium solid "
        RenderInline {EM} at (0,0) size 42x19
          RenderText {#text} at (357,3) size 42x19
            text run at (357,3) width 42: "black"
        RenderText {#text} at (399,3) size 64x19
          text run at (399,3) width 64: " border."
      RenderBlock {P} at (0,216) size 964x19 [bgcolor=#FFFFFF]
        RenderText {#text} at (0,0) size 332x19
          text run at (0,0) width 332: "This paragraph should not have a border."
      RenderBlock {P} at (0,251) size 964x19 [bgcolor=#FFFFFF]
        RenderText {#text} at (0,0) size 332x19
          text run at (0,0) width 332: "This paragraph should not have a border."
      RenderBlock {P} at (0,286) size 964x25 [bgcolor=#FFFFFF] [border: (3px solid #000000)]
        RenderText {#text} at (3,3) size 354x19
          text run at (3,3) width 354: "This paragraph should have a medium solid "
        RenderInline {EM} at (0,0) size 42x19
          RenderText {#text} at (357,3) size 42x19
            text run at (357,3) width 42: "black"
        RenderText {#text} at (399,3) size 64x19
          text run at (399,3) width 64: " border."
      RenderBlock {P} at (0,327) size 964x25 [bgcolor=#FFFFFF] [border: (3px solid #000000)]
        RenderText {#text} at (3,3) size 354x19
          text run at (3,3) width 354: "This paragraph should have a medium solid "
        RenderInline {EM} at (0,0) size 42x19
          RenderText {#text} at (357,3) size 42x19
            text run at (357,3) width 42: "black"
        RenderText {#text} at (399,3) size 64x19
          text run at (399,3) width 64: " border."
      RenderBlock {P} at (0,368) size 964x25 [bgcolor=#FFFFFF] [border: (3px solid #008000)]
        RenderText {#text} at (3,3) size 465x19
          text run at (3,3) width 465: "This paragraph should have a medium solid green border."
      RenderBlock {P} at (0,409) size 964x25 [bgcolor=#FFFFFF] [border: (3px solid #008000)]
        RenderText {#text} at (3,3) size 465x19
          text run at (3,3) width 465: "This paragraph should have a medium solid green border."
      RenderBlock {P} at (0,450) size 964x19 [bgcolor=#FFFFFF]
        RenderText {#text} at (0,0) size 332x19
          text run at (0,0) width 332: "This paragraph should not have a border."
      RenderBlock {P} at (0,485) size 964x25 [bgcolor=#FFFFFF] [border: (3px solid #008000)]
        RenderText {#text} at (3,3) size 465x19
          text run at (3,3) width 465: "This paragraph should have a medium solid green border."
      RenderBlock {P} at (0,526) size 964x25 [bgcolor=#FFFFFF] [border: (3px solid #008000)]
        RenderText {#text} at (3,3) size 465x19
          text run at (3,3) width 465: "This paragraph should have a medium solid green border."
      RenderBlock {P} at (0,567) size 964x25 [bgcolor=#FFFFFF] [border: (3px solid #008000)]
        RenderText {#text} at (3,3) size 465x19
          text run at (3,3) width 465: "This paragraph should have a medium solid green border."
      RenderBlock {P} at (0,608) size 964x25 [bgcolor=#FFFFFF] [border: (3px solid #008000)]
        RenderText {#text} at (3,3) size 465x19
          text run at (3,3) width 465: "This paragraph should have a medium solid green border."
      RenderBlock {P} at (0,649) size 964x25 [bgcolor=#FFFFFF] [border: (3px solid #008000)]
        RenderText {#text} at (3,3) size 465x19
          text run at (3,3) width 465: "This paragraph should have a medium solid green border."
      RenderBlock {P} at (0,690) size 964x25 [bgcolor=#FFFFFF] [border: (3px solid #008000)]
        RenderText {#text} at (3,3) size 465x19
          text run at (3,3) width 465: "This paragraph should have a medium solid green border."
