layer at (0,0) size 980x735
  RenderView at (0,0) size 980x735
layer at (0,0) size 980x735
  RenderBlock {HTML} at (0,0) size 980x735
    RenderBody {BODY} at (8,8) size 964x719
      RenderBlock {DIV} at (0,0) size 964x48 [border: (10px solid #808000)]
        RenderText {#text} at (10,10) size 703x28
          text run at (10,10) width 703: "You should see 24px text inside a 10px solid olive border."
