layer at (0,0) size 980x735
  RenderView at (0,0) size 980x735
layer at (0,0) size 980x735
  RenderBlock {HTML} at (0,0) size 980x735
    RenderBody {BODY} at (8,8) size 964x711
      RenderBlock {P} at (0,0) size 964x57
        RenderText {#text} at (0,0) size 945x57
          text run at (0,0) width 638: "On the left, you should see three blocks that are aligned left within a black box. "
          text run at (638,0) width 101: "They should "
          text run at (739,0) width 202: "be stacked vertically with"
          text run at (0,19) width 343: "the green box in between two olive boxes. "
          text run at (343,19) width 247: "The olive boxes and the green "
          text run at (590,19) width 355: "box should be 100x100, and there should be"
          text run at (0,38) width 443: "100 pixels of padding on the right side of the box stack."
      RenderBlock {P} at (0,73) size 964x57
        RenderText {#text} at (0,0) size 952x57
          text run at (0,0) width 618: "On the right, you should see two blocks that are centered within a black box. "
          text run at (618,0) width 126: "They should be "
          text run at (744,0) width 208: "stacked vertically with the"
          text run at (0,19) width 570: "green box below the olive box. The olive box and the green box should "
          text run at (570,19) width 370: "be 100x100, and there should be 100 pixels of"
          text run at (0,38) width 316: "padding on either side of the box stack."
layer at (8,154) size 240x340
  RenderBlock (positioned) {DIV} at (8,154) size 240x340 [border: (20px solid #000000)]
    RenderTable {TABLE} at (20,20) size 100x100
      RenderTableSection {TBODY} at (0,0) size 100x100
        RenderTableRow {TR} at (0,0) size 100x100
          RenderTableCell {TD} at (0,0) size 100x100 [r=0 c=0 rs=1 cs=1]
            RenderBlock {DIV} at (0,0) size 100x100 [bgcolor=#808000]
layer at (28,274) size 100x100
  RenderBlock (positioned) {DIV} at (20,120) size 100x100 [bgcolor=#008000]
layer at (28,374) size 100x100
  RenderBlock (positioned) {DIV} at (20,220) size 100x100 [bgcolor=#808000]
layer at (300,154) size 340x240
  RenderBlock (positioned) {DIV} at (300,154) size 340x240 [border: (20px solid #000000)]
layer at (320,174) size 200x100
  RenderBlock (relative positioned) {DIV} at (20,20) size 200x100
    RenderBlock {DIV} at (100,0) size 100x100 [bgcolor=#808000]
layer at (420,274) size 100x100
  RenderBlock (positioned) {DIV} at (100,100) size 100x100 [bgcolor=#008000]
