layer at (0,0) size 980x752
  RenderView at (0,0) size 980x735
layer at (0,0) size 980x752
  RenderBlock {HTML} at (0,0) size 980x752
    RenderBody {BODY} at (8,8) size 964x736
      RenderBlock {P} at (0,0) size 964x19
        RenderText {#text} at (0,0) size 962x19
          text run at (0,0) width 962: "This tests use of the -apple-line-clamp function in a web page, from JavaScript, and using the \"apple\" prefix, not \"khtml\"."
      RenderBlock {P} at (0,35) size 964x19
        RenderText {#text} at (0,0) size 880x19
          text run at (0,0) width 880: "If it works properly, the article below should show only the first few lines. Otherwise, it might show many lines."
      RenderBlock {HR} at (0,70) size 964x2 [border: (1px inset #000000)]
layer at (8,88) size 964x656
  RenderDeprecatedFlexibleBox {DIV} at (0,80) size 964x656
    RenderBlock {DIV} at (0,0) size 964x638
      RenderBlock {P} at (0,0) size 964x57
        RenderText {#text} at (0,0) size 961x57
          text run at (0,0) width 961: "It was just last night, I think, that I was IM'ing with a friend and I said, \"Next week Simon starts going to school for 3 days"
          text run at (0,19) width 933: "extended (until 3pm) and Sophia starts swim camp! I won't know what to do with my free time! But I'm willing to find"
          text run at (0,38) width 38: "out.\""
      RenderBlock {P} at (0,73) size 964x19
        RenderText {#text} at (0,0) size 402x19
          text run at (0,0) width 402: "You know the old saying: \"Man plans, God laughs.\""
      RenderBlock {P} at (0,108) size 964x19
        RenderText {#text} at (0,0) size 646x19
          text run at (0,0) width 646: "Today I got a call from the preschool telling me that Sophia had broken her arm."
      RenderBlock {P} at (0,143) size 964x114
        RenderText {#text} at (0,0) size 952x57
          text run at (0,0) width 915: "It happened on the playground. I imagined she had fallen off the monkey bars or something, but no: she had been"
          text run at (0,19) width 952: "sitting at the Art Table, and as she was getting off the bench she slipped and fell on her arm. She was being very brave"
          text run at (0,38) width 685: "when I came to get her\x{D1}no tears, stoically holding her arm covered in ice packs. She "
        RenderInline {I} at (0,0) size 30x19
          RenderText {#text} at (685,38) size 30x19
            text run at (685,38) width 30: "had"
        RenderText {#text} at (715,38) size 945x76
          text run at (715,38) width 230: " cried, she told me. All of the"
          text run at (0,57) width 907: "teachers were quite amazed at how brave she was being. I took her to the doctor and from there to the pediatric"
          text run at (0,76) width 924: "orthopedic doctor. She started to lose her composure, though, after she had finally gotten the X-rays (\"Like Curious"
          text run at (0,95) width 649: "George got when he went to the hospital\") and we had to wait in the exam room."
      RenderBlock {P} at (0,273) size 964x19
        RenderText {#text} at (0,0) size 528x19
          text run at (0,0) width 528: "\"I want to go home now,\" she said. \"I wish I'd never hurt my arm.\""
      RenderBlock {P} at (0,308) size 964x76
        RenderText {#text} at (0,0) size 936x38
          text run at (0,0) width 936: "The ortho tech came in to give her a splint (she'll have a splint for a couple of days and then get a cast on Thursday),"
          text run at (0,19) width 550: "and can I tell you how worrisome it is to have an ortho tech who is a "
        RenderInline {B} at (0,0) size 104x19
          RenderText {#text} at (550,19) size 104x19
            text run at (550,19) width 104: "dead ringer"
        RenderText {#text} at (654,19) size 946x57
          text run at (654,19) width 284: " for Ian McShane as Al Swearengen"
          text run at (0,38) width 946: "wrapping up your daughter in gauze? (I'm totally serious. He didn't have grease in his hair, and he didn't have the little"
          text run at (0,57) width 361: "beard under his lip, but other than that: yup.)"
      RenderBlock {P} at (0,400) size 964x38
        RenderText {#text} at (0,0) size 935x38
          text run at (0,0) width 935: "So now she's on the couch, watching \"Dragontales\" with her arm propped up on a pillow (to keep it above the heart)."
          text run at (0,19) width 813: "She's eating a couple of cut-up apples and cheese sticks (\"because that's all I can eat now, Mommy\")."
      RenderBlock {P} at (0,454) size 964x57
        RenderText {#text} at (0,0) size 956x57
          text run at (0,0) width 956: "She's upset because she's not going to be able to do all the swimming she was planning. I'm upset because my little girl"
          text run at (0,19) width 912: "got hurt. I assume that after a day or so we'll adjust to the new regimen. Of course, she can't go to her last day of"
          text run at (0,38) width 657: "preschool tomorrow, because they're having \"Water Days,\" and she can't get wet."
      RenderBlock {P} at (0,527) size 964x38
        RenderText {#text} at (0,0) size 941x19
          text run at (0,0) width 941: "The weather's finally gotten extremely hot around here, and she can't get her splint (and in a few days, her cast) wet."
        RenderInline {I} at (0,0) size 43x19
          RenderText {#text} at (0,19) size 43x19
            text run at (0,19) width 43: "Neat."
      RenderBlock {P} at (0,581) size 964x57
        RenderText {#text} at (0,0) size 952x57
          text run at (0,0) width 845: "I've never broken anything (knock on nearest wood sprite)\x{D1}does it affect your outlook on life? She has an"
          text run at (0,19) width 952: "adventuresome spirit and I hope she's just as energetic after this little incident as she was before. At the moment she's"
          text run at (0,38) width 239: "even lost her sense of humor."
    RenderBlock {HR} at (0,646) size 964x2 [border: (1px inset #000000)]
