layer at (0,0) size 980x735
  RenderView at (0,0) size 980x735
layer at (0,0) size 980x38
  RenderBlock {book} at (0,0) size 980x38
    RenderBlock {xhtml:div} at (0,0) size 980x19
      RenderText {#text} at (0,0) size 871x19
        text run at (0,0) width 871: "This test checks whether CSS21 attribute selectors are re-evaluated after attribute changes in xml elements."
    RenderBlock {test} at (0,19) size 980x19 [color=#008000]
      RenderInline (generated) at (0,0) size 63x19
        RenderText at (0,0) size 63x19
          text run at (0,0) width 63: "PASSED"
