layer at (0,0) size 980x735
  RenderView at (0,0) size 980x735
layer at (0,0) size 980x186
  RenderBlock {HTML} at (0,0) size 980x186
    RenderBody {BODY} at (8,21) size 964x149
      RenderBlock {H1} at (0,0) size 964x37
        RenderText {#text} at (0,0) size 761x38
          text run at (0,0) width 761: "The background image should not repeat."
      RenderBlock {DIV} at (0,58) size 964x91
        RenderBlock {UL} at (0,0) size 964x91
          RenderListItem {LI} at (40,0) size 924x91 [border: (1px solid #FF0000)]
            RenderBlock {SPAN} at (1,1) size 304x89 [border: (2px solid #008000)]
              RenderListMarker at (-19,2) size 7x19: bullet
              RenderText {#text} at (2,2) size 5x19
                text run at (2,2) width 5: " "
