layer at (0,0) size 980x735
  RenderView at (0,0) size 980x735
layer at (0,0) size 980x735
  RenderBlock {HTML} at (0,0) size 980x735
    RenderBody {BODY} at (8,8) size 964x719
      RenderBlock {P} at (0,0) size 964x19
        RenderText {#text} at (0,0) size 899x19
          text run at (0,0) width 899: "The word \"PASSED\" should be shown below with a cirlce before and a square after. This is a test for WebKit bug "
        RenderInline {A} at (0,0) size 50x19 [color=#0000EE]
          RenderText {#text} at (899,0) size 50x19
            text run at (899,0) width 50: "11197"
        RenderText {#text} at (949,0) size 5x19
          text run at (949,0) width 5: "."
      RenderBlock (anonymous) at (0,35) size 964x15
        RenderInline {CODE} at (0,0) size 71x15
          RenderInline (generated) at (0,0) size 8x15
            RenderCounter at (0,0) size 8x15
              text run at (0,0) width 8: "\x{25E6}"
          RenderText {#text} at (8,0) size 51x15
            text run at (8,0) width 51: "PASSED"
          RenderInline (generated) at (0,0) size 12x15
            RenderCounter at (59,0) size 12x15
              text run at (59,0) width 12: "\x{25A0}"
        RenderText {#text} at (0,0) size 0x0
