layer at (0,0) size 980x1258
  RenderView at (0,0) size 980x735
layer at (0,0) size 980x1258
  RenderBlock {HTML} at (0,0) size 980x1258
    RenderBody {BODY} at (8,16) size 964x1234
      RenderBlock {P} at (0,0) size 964x19
        RenderText {#text} at (0,0) size 206x19
          text run at (0,0) width 206: "div, span, nested div/span"
      RenderBlock {P} at (0,35) size 964x19
        RenderText {#text} at (0,0) size 76x19
          text run at (0,0) width 76: "Single div"
      RenderBlock {DIV} at (1,70) size 962x21 [border: (1px solid #000000)]
        RenderText {#text} at (932,1) size 29x19
          text run at (932,1) width 29 RTL override: "abc"
      RenderBlock {P} at (0,107) size 964x19
        RenderText {#text} at (0,0) size 509x19
          text run at (0,0) width 509: "The following 2 lines should be identical, ignorning whitespaces:"
      RenderBlock {DIV} at (1,142) size 962x40 [border: (1px solid #000000)]
        RenderBlock (anonymous) at (1,1) size 960x19
          RenderText {#text} at (931,0) size 29x19
            text run at (931,0) width 29 RTL override: "abc"
        RenderBlock {DIV} at (1,20) size 960x19
          RenderText {#text} at (931,0) size 29x19
            text run at (931,0) width 29: "cba"
      RenderBlock {P} at (0,198) size 964x19
        RenderText {#text} at (0,0) size 522x19
          text run at (0,0) width 522: "The following 2 textes should be identical, ignorning whitespaces:"
      RenderBlock {DIV} at (1,233) size 962x21 [border: (1px solid #000000)]
        RenderText {#text} at (927,1) size 34x19
          text run at (927,1) width 34 RTL override: "abc "
        RenderInline {SPAN} at (0,0) size 29x19
          RenderText {#text} at (898,1) size 29x19
            text run at (898,1) width 29 RTL override: "abc"
      RenderBlock {P} at (0,270) size 964x19
        RenderText {#text} at (0,0) size 509x19
          text run at (0,0) width 509: "The following 2 lines should be identical, ignorning whitespaces:"
      RenderBlock {DIV} at (1,305) size 962x40 [border: (1px solid #000000)]
        RenderBlock {DIV} at (1,1) size 960x19
          RenderText {#text} at (931,0) size 29x19
            text run at (931,0) width 29: "cba"
        RenderBlock (anonymous) at (1,20) size 960x19
          RenderText {#text} at (931,0) size 29x19
            text run at (931,0) width 29 RTL override: "abc"
      RenderBlock {P} at (0,361) size 964x19
        RenderText {#text} at (0,0) size 522x19
          text run at (0,0) width 522: "The following 2 textes should be identical, ignorning whitespaces:"
      RenderBlock {DIV} at (1,396) size 962x21 [border: (1px solid #000000)]
        RenderInline {SPAN} at (0,0) size 34x19
          RenderText {#text} at (927,1) size 34x19
            text run at (927,1) width 34 RTL override: "abc "
        RenderText {#text} at (898,1) size 29x19
          text run at (898,1) width 29 RTL override: "abc"
      RenderBlock {P} at (0,433) size 964x19
        RenderText {#text} at (0,0) size 91x19
          text run at (0,0) width 91: "Single span"
      RenderBlock (anonymous) at (0,468) size 964x19
        RenderInline {SPAN} at (0,0) size 31x21 [border: (1px solid #000000)]
          RenderText {#text} at (2,0) size 29x19
            text run at (2,0) width 29 RTL override: "abc"
        RenderText {#text} at (0,0) size 0x0
      RenderBlock {P} at (0,503) size 964x19
        RenderText {#text} at (0,0) size 522x19
          text run at (0,0) width 522: "The following 2 textes should be identical, ignorning whitespaces:"
      RenderBlock (anonymous) at (0,538) size 964x19
        RenderInline {SPAN} at (0,0) size 65x21 [border: (1px solid #000000)]
          RenderText {#text} at (31,0) size 34x19
            text run at (31,0) width 34 RTL override: "abc "
          RenderInline {SPAN} at (0,0) size 29x19
            RenderText {#text} at (2,0) size 29x19
              text run at (2,0) width 29 RTL override: "abc"
        RenderText {#text} at (0,0) size 0x0
      RenderBlock {P} at (0,573) size 964x19
        RenderText {#text} at (0,0) size 522x19
          text run at (0,0) width 522: "The following 2 textes should be identical, ignorning whitespaces:"
      RenderBlock (anonymous) at (0,608) size 964x19
        RenderInline {SPAN} at (0,0) size 65x21 [border: (1px solid #000000)]
          RenderInline {SPAN} at (0,0) size 34x19
            RenderText {#text} at (31,0) size 34x19
              text run at (31,0) width 34 RTL override: "abc "
          RenderText {#text} at (2,0) size 29x19
            text run at (2,0) width 29 RTL override: "abc"
        RenderText {#text} at (0,0) size 0x0
      RenderBlock {P} at (0,643) size 964x19
        RenderText {#text} at (0,0) size 522x19
          text run at (0,0) width 522: "The following 2 textes should be identical, ignorning whitespaces:"
      RenderBlock (anonymous) at (0,678) size 964x19
        RenderInline {SPAN} at (0,0) size 30x21 [border: (1px solid #000000)]
          RenderText {#text} at (0,0) size 29x19
            text run at (0,0) width 29 RTL override: "abc"
      RenderBlock (anonymous) at (0,697) size 964x19
        RenderBlock {DIV} at (0,0) size 964x19
          RenderText {#text} at (935,0) size 29x19
            text run at (935,0) width 29: "cba"
      RenderBlock (anonymous) at (0,716) size 964x19
        RenderInline {SPAN} at (0,0) size 1x21 [border: (1px solid #000000)]
        RenderText {#text} at (0,0) size 0x0
      RenderBlock {P} at (0,751) size 964x19
        RenderText {#text} at (0,0) size 522x19
          text run at (0,0) width 522: "The following 2 textes should be identical, ignorning whitespaces:"
      RenderBlock (anonymous) at (0,786) size 964x19
        RenderInline {SPAN} at (0,0) size 1x21 [border: (1px solid #000000)]
      RenderBlock (anonymous) at (0,805) size 964x19
        RenderBlock {DIV} at (0,0) size 964x19
          RenderText {#text} at (935,0) size 29x19
            text run at (935,0) width 29: "cba"
      RenderBlock (anonymous) at (0,824) size 964x19
        RenderInline {SPAN} at (0,0) size 30x21 [border: (1px solid #000000)]
          RenderText {#text} at (2,0) size 29x19
            text run at (2,0) width 29 RTL override: "abc"
        RenderText {#text} at (0,0) size 0x0
      RenderBlock {P} at (0,859) size 964x19
        RenderText {#text} at (0,0) size 36x19
          text run at (0,0) width 36: "ruby"
      RenderBlock {DIV} at (0,894) size 964x31 [border: (1px solid #000000)]
        RenderRuby (inline) {RUBY} at (0,0) size 29x19
          RenderRubyRun (anonymous) at (230,11) size 29x19
            RenderRubyText {RT} at (0,-10) size 29x10
              RenderText {#text} at (7,0) size 15x10
                text run at (7,0) width 15: "def"
            RenderRubyBase (anonymous) at (0,0) size 29x19
              RenderText {#text} at (0,0) size 29x19
                text run at (0,0) width 29 RTL override: "abc"
        RenderText {#text} at (224,11) size 5x19
          text run at (224,11) width 5 RTL: " "
        RenderRuby (inline) {RUBY} at (0,0) size 29x19
          RenderRubyRun (anonymous) at (194,11) size 29x19
            RenderRubyText {RT} at (0,-10) size 29x10
              RenderText {#text} at (7,0) size 15x10
                text run at (7,0) width 15 RTL override: "def"
            RenderRubyBase (anonymous) at (0,0) size 29x19
              RenderText {#text} at (0,0) size 29x19
                text run at (0,0) width 29 RTL override: "abc"
        RenderText {#text} at (188,11) size 5x19
          text run at (188,11) width 5 RTL: " "
        RenderRuby (inline) {RUBY} at (0,0) size 29x19
          RenderRubyRun (anonymous) at (158,11) size 29x19
            RenderRubyBase (anonymous) at (0,0) size 29x19
              RenderText {#text} at (0,0) size 29x19
                text run at (0,0) width 29 RTL override: "abc"
        RenderText {#text} at (152,11) size 5x19
          text run at (152,11) width 5 RTL: " "
        RenderRuby (inline) {RUBY} at (0,0) size 15x19
          RenderRubyRun (anonymous) at (136,28) size 15x0
            RenderRubyText {RT} at (0,-10) size 15x10
              RenderText {#text} at (0,0) size 15x10
                text run at (0,0) width 15: "def"
        RenderText {#text} at (130,11) size 5x19
          text run at (130,11) width 5 RTL: " "
        RenderRuby (inline) {RUBY} at (0,0) size 29x19
          RenderRubyRun (anonymous) at (100,11) size 29x19
            RenderRubyBase (anonymous) at (0,0) size 29x19
              RenderInline {RB} at (0,0) size 29x19
                RenderText {#text} at (0,0) size 29x19
                  text run at (0,0) width 29 RTL override: "abc"
        RenderText {#text} at (94,11) size 5x19
          text run at (94,11) width 5 RTL: " "
        RenderRuby (inline) {RUBY} at (0,0) size 29x19
          RenderRubyRun (anonymous) at (64,11) size 29x19
            RenderRubyText {RT} at (0,-10) size 29x10
              RenderText {#text} at (7,0) size 15x10
                text run at (7,0) width 15: "def"
            RenderRubyBase (anonymous) at (0,0) size 29x19
              RenderInline {RB} at (0,0) size 29x19
                RenderText {#text} at (0,0) size 29x19
                  text run at (0,0) width 29 RTL override: "abc"
        RenderText {#text} at (58,11) size 5x19
          text run at (58,11) width 5 RTL: " "
        RenderRuby (inline) {RUBY} at (0,0) size 55x19
          RenderRubyRun (anonymous) at (2,11) size 55x19
            RenderRubyBase (anonymous) at (0,0) size 55x19
              RenderInline {RB} at (0,0) size 55x19
                RenderText {#text} at (26,0) size 29x19
                  text run at (26,0) width 29 RTL override: "abc"
                RenderInline {RT} at (0,0) size 26x19
                  RenderText {#text} at (0,0) size 26x19
                    text run at (0,0) width 26 RTL override: "def"
        RenderText {#text} at (0,0) size 0x0
      RenderBlock {P} at (0,941) size 964x19
        RenderText {#text} at (0,0) size 521x19
          text run at (0,0) width 521: "The following 2 tables should be identical, ignorning whitespaces:"
      RenderTable {TABLE} at (1,976) size 103x69 [border: (1px solid #808080)]
        RenderBlock {CAPTION} at (0,0) size 103x19
          RenderText {#text} at (0,0) size 103x19
            text run at (0,0) width 103: "NormalTable"
        RenderTableSection {TBODY} at (1,20) size 101x48
          RenderTableRow {TR} at (0,2) size 101x21
            RenderTableCell {TD} at (53,2) size 46x21 [r=0 c=0 rs=1 cs=1]
              RenderText {#text} at (16,1) size 29x19
                text run at (16,1) width 29: "abc"
            RenderTableCell {TD} at (2,2) size 49x21 [r=0 c=1 rs=1 cs=1]
              RenderText {#text} at (22,1) size 26x19
                text run at (22,1) width 26: "def"
          RenderTableRow {TR} at (0,25) size 101x21
            RenderTableCell {TD} at (53,25) size 46x21 [r=1 c=0 rs=1 cs=1]
              RenderText {#text} at (27,1) size 18x19
                text run at (27,1) width 18: "hij"
            RenderTableCell {TD} at (2,25) size 49x21 [r=1 c=1 rs=1 cs=1]
              RenderText {#text} at (18,1) size 30x19
                text run at (18,1) width 30: "opq"
      RenderTable {DIV} at (1,1046) size 172x59 [border: (1px solid #000000)]
        RenderBlock {DIV} at (0,0) size 172x19
          RenderText {#text} at (0,0) size 172x19
            text run at (0,0) width 172: "AnonymousTableRow"
        RenderTableSection (anonymous) at (1,20) size 170x38
          RenderTableRow {DIV} at (0,0) size 170x19
            RenderTableCell {DIV} at (87,0) size 83x19 [r=0 c=0 rs=1 cs=1]
              RenderText {#text} at (54,0) size 29x19
                text run at (54,0) width 29: "abc"
            RenderTableCell {DIV} at (0,0) size 87x19 [r=0 c=1 rs=1 cs=1]
              RenderText {#text} at (61,0) size 26x19
                text run at (61,0) width 26: "def"
          RenderTableRow {DIV} at (0,19) size 170x19
            RenderTableCell {DIV} at (87,19) size 83x19 [r=1 c=0 rs=1 cs=1]
              RenderText {#text} at (65,0) size 18x19
                text run at (65,0) width 18: "hij"
            RenderTableCell {DIV} at (0,19) size 87x19 [r=1 c=1 rs=1 cs=1]
              RenderText {#text} at (57,0) size 30x19
                text run at (57,0) width 30: "opq"
      RenderBlock {P} at (0,1121) size 964x19
        RenderText {#text} at (0,0) size 542x19
          text run at (0,0) width 542: "Anonymous TABLE, TABLE_ROW, TABLE_ROW_GROUP, TABLE_CELL"
      RenderBlock {DIV} at (0,1156) size 964x78 [border: (1px solid #000000)]
        RenderTable at (1,1) size 30x76
          RenderTableSection (anonymous) at (0,19) size 30x38
            RenderTableRow {DIV} at (0,0) size 30x19
              RenderTableCell (anonymous) at (0,0) size 30x19 [r=0 c=0 rs=1 cs=1]
                RenderText {#text} at (1,0) size 29x19
                  text run at (1,0) width 29 RTL override: "abc"
            RenderTableRow (anonymous) at (0,19) size 30x19
              RenderTableCell {DIV} at (0,19) size 30x19 [r=1 c=0 rs=1 cs=1]
                RenderText {#text} at (4,0) size 26x19
                  text run at (4,0) width 26 RTL override: "def"
          RenderBlock {DIV} at (0,0) size 30x19
            RenderText {#text} at (12,0) size 18x19
              text run at (12,0) width 18 RTL override: "hij"
          RenderTableSection {DIV} at (0,57) size 30x19
            RenderTableRow (anonymous) at (0,0) size 30x19
              RenderTableCell (anonymous) at (0,0) size 30x19 [r=0 c=0 rs=1 cs=1]
                RenderText {#text} at (0,0) size 30x19
                  text run at (0,0) width 30 RTL override: "opq"
