layer at (0,0) size 1936x735
  RenderView at (0,0) size 980x735
layer at (0,0) size 980x735
  RenderBlock {HTML} at (0,0) size 980x735
    RenderBody {BODY} at (8,8) size 964x719
layer at (8,8) size 964x19
  RenderBlock {DIV} at (0,0) size 964x19
    RenderInline {SPAN} at (0,0) size 278x19 [bgcolor=#FF0000]
      RenderText {#text} at (0,0) size 278x19
        text run at (0,0) width 278: "This text should be nice and sharp."
    RenderText {#text} at (0,0) size 0x0
