layer at (0,0) size 980x735
  RenderView at (0,0) size 980x735
layer at (0,0) size 980x735
  RenderBlock {HTML} at (0,0) size 980x735
    RenderBody {BODY} at (8,8) size 964x711
      RenderBlock {P} at (0,0) size 964x38
        RenderText {#text} at (0,0) size 964x38
          text run at (0,0) width 964: "The two squares below should not match each other. On the left is an uncorrected image and border, and on the right is"
          text run at (0,19) width 497: "the same image and same border color corrected from sRGB."
      RenderImage {IMG} at (0,54) size 140x140 [border: (20px solid #560063)]
      RenderImage {IMG} at (140,54) size 140x140 [border: (20px solid #560063)]
