layer at (0,0) size 980x735
  RenderView at (0,0) size 980x735
layer at (0,0) size 980x735
  RenderBlock {HTML} at (0,0) size 980x735
    RenderBody {BODY} at (8,8) size 964x711
      RenderBlock {P} at (0,0) size 964x38
        RenderText {#text} at (0,0) size 957x38
          text run at (0,0) width 957: "The two squares below should not match each other. On the left an uncorrected image is tiled as a background, and on"
          text run at (0,19) width 644: "the right the same image is tiled as a background, but it is corrected from sRGB."
      RenderBlock (floating) {DIV} at (0,54) size 400x400
      RenderBlock (floating) {DIV} at (400,54) size 400x400
