layer at (0,0) size 980x735
  RenderView at (0,0) size 980x735
layer at (0,0) size 980x735
  RenderBlock {HTML} at (0,0) size 980x735
    RenderBody {BODY} at (8,8) size 964x719
      RenderBlock {P} at (0,0) size 964x38
        RenderText {#text} at (0,0) size 944x38
          text run at (0,0) width 944: "This is subtle, but the shadow should match the color of the top H and not the color of the bottom H. The top H and its"
          text run at (0,19) width 359: "shadow are both color-corrected from sRGB."
      RenderBlock (anonymous) at (0,54) size 964x232
        RenderInline {SPAN} at (0,0) size 84x117 [color=#560063]
          RenderText {#text} at (0,0) size 84x117
            text run at (0,0) width 84: "H"
        RenderText {#text} at (84,78) size 5x19
          text run at (84,78) width 5: " "
        RenderBR {BR} at (89,93) size 0x0
        RenderInline {SPAN} at (0,0) size 84x117 [color=#560063]
          RenderText {#text} at (0,116) size 84x117
            text run at (0,116) width 84: "H"
        RenderText {#text} at (0,0) size 0x0
