layer at (0,0) size 980x735
  RenderView at (0,0) size 980x735
layer at (0,0) size 980x735
  RenderBlock {HTML} at (0,0) size 980x735
    RenderBody {BODY} at (8,8) size 964x719
      RenderBlock {P} at (0,0) size 964x19
        RenderText {#text} at (0,0) size 784x19
          text run at (0,0) width 784: "The distinction below is subtle, but the middle \"H\" is color-corrected, and the first and last are not."
      RenderBlock (anonymous) at (0,35) size 964x175
        RenderInline {SPAN} at (0,0) size 126x174 [color=#008000]
          RenderText {#text} at (0,0) size 126x174
            text run at (0,0) width 126: "H"
        RenderText {#text} at (126,124) size 5x19
          text run at (126,124) width 5: " "
        RenderInline {SPAN} at (0,0) size 126x174 [color=#008000]
          RenderText {#text} at (131,0) size 126x174
            text run at (131,0) width 126: "H"
        RenderText {#text} at (257,124) size 5x19
          text run at (257,124) width 5: " "
        RenderInline {SPAN} at (0,0) size 126x174 [color=#008000]
          RenderText {#text} at (262,0) size 126x174
            text run at (262,0) width 126: "H"
        RenderText {#text} at (0,0) size 0x0
