layer at (0,0) size 980x735
  RenderView at (0,0) size 980x735
layer at (0,0) size 980x735
  RenderBlock {HTML} at (0,0) size 980x735
    RenderBody {BODY} at (8,8) size 964x719
      RenderBlock {DIV} at (0,0) size 650x40 [border: (5px solid #0000FF) none (5px solid #000000E6) none]
        RenderText {#text} at (0,5) size 630x30
          text run at (0,5) width 630: "This should be black."
