layer at (0,0) size 980x735
  RenderView at (0,0) size 980x735
layer at (0,0) size 980x735
  RenderBlock {HTML} at (0,0) size 980x735
    RenderBody {BODY} at (8,8) size 964x719
      RenderBlock {P} at (0,0) size 964x19
        RenderText {#text} at (0,0) size 166x19
          text run at (0,0) width 166: "These should match:"
      RenderBlock (floating) {DIV} at (0,35) size 100x100 [bgcolor=#560063]
      RenderBlock (anonymous) at (0,35) size 964x104
        RenderImage {IMG} at (100,0) size 100x100
        RenderText {#text} at (200,85) size 5x19
          text run at (200,85) width 5: " "
        RenderBR {BR} at (0,0) size 0x0
      RenderBlock {P} at (0,155) size 964x19
        RenderText {#text} at (0,0) size 304x19
          text run at (0,0) width 304: "These should not match (at this time):"
      RenderBlock (floating) {DIV} at (0,190) size 100x100 [bgcolor=#560063]
      RenderBlock (anonymous) at (0,190) size 964x100
        RenderImage {IMG} at (100,0) size 100x100
        RenderText {#text} at (0,0) size 0x0
