layer at (0,0) size 980x735
  RenderView at (0,0) size 980x735
layer at (0,0) size 980x121
  RenderBlock {html} at (0,0) size 980x121
    RenderBody {body} at (8,16) size 964x89
      RenderBlock {p} at (0,0) size 964x19
        RenderText {#text} at (0,0) size 963x19
          text run at (0,0) width 963: "Below both lines should be centered. The first is static, the second is dynamically generated using javascript. Bug 14506."
      RenderBlock {p} at (0,35) size 964x19
        RenderText {#text} at (404,0) size 156x19
          text run at (404,0) width 156: "Should be centered"
      RenderBlock {p} at (0,70) size 964x19
        RenderText {#text} at (404,0) size 156x19
          text run at (404,0) width 156: "Should be centered"
