layer at (0,0) size 980x735
  RenderView at (0,0) size 980x735
layer at (0,0) size 980x735
  RenderBlock {HTML} at (0,0) size 980x735
    RenderBody {BODY} at (8,8) size 964x711
      RenderBlock {H1} at (0,0) size 964x37
        RenderText {#text} at (0,0) size 347x38
          text run at (0,0) width 347: "CSS2 System Fonts"
      RenderBlock {P} at (0,58) size 964x38
        RenderText {#text} at (0,0) size 488x19
          text run at (0,0) width 488: "The following should appear with the fonts specified, per the "
        RenderInline {A} at (0,0) size 91x19 [color=#0000EE]
          RenderText {#text} at (488,0) size 91x19
            text run at (488,0) width 91: "CSS2 specs"
        RenderText {#text} at (579,0) size 942x38
          text run at (579,0) width 363: ". If they appear in a monospace font, the test"
          text run at (0,19) width 82: "has failed."
      RenderBlock {UL} at (0,112) size 964x90
        RenderListItem {LI} at (40,0) size 924x15
          RenderListMarker at (-16,0) size 6x15: bullet
          RenderText {#text} at (0,0) size 340x15
            text run at (0,0) width 340: "Caption (on Mac will be Lucida Grande 13.0 Regular)"
        RenderListItem {LI} at (40,15) size 924x15
          RenderListMarker at (-16,0) size 6x15: bullet
          RenderText {#text} at (0,0) size 640x15
            text run at (0,0) width 640: "Icon (on Mac will be Lucida Grande 13.0 Regular for now, not sure how to get this info from Finder)"
        RenderListItem {LI} at (40,30) size 924x15
          RenderListMarker at (-16,0) size 6x15: bullet
          RenderText {#text} at (0,0) size 325x15
            text run at (0,0) width 325: "Menu (on Mac will be Lucida Grande 13.0 Regular)"
        RenderListItem {LI} at (40,45) size 924x15
          RenderListMarker at (-16,0) size 6x15: bullet
          RenderText {#text} at (0,0) size 377x15
            text run at (0,0) width 377: "Message-Box (on Mac will be Lucida Grande 13.0 Regular)"
        RenderListItem {LI} at (40,60) size 924x15
          RenderListMarker at (-16,0) size 6x15: bullet
          RenderText {#text} at (0,0) size 382x15
            text run at (0,0) width 382: "Small-Caption (on Mac will be Lucida Grande 11.0 Regular)"
        RenderListItem {LI} at (40,75) size 924x15
          RenderListMarker at (-16,0) size 6x15: bullet
          RenderText {#text} at (0,0) size 358x15
            text run at (0,0) width 358: "Status-Bar (on Mac will be Lucida Grande 10.0 Regular)"
      RenderBlock {P} at (0,218) size 964x19
        RenderInline {A} at (0,0) size 231x19 [color=#0000EE]
          RenderText {#text} at (0,0) size 231x19
            text run at (0,0) width 231: "\x{AB} Return to Safari Bugs page"
