layer at (0,0) size 980x735
  RenderView at (0,0) size 980x735
layer at (0,0) size 980x735
  RenderBlock {HTML} at (0,0) size 980x735
    RenderBody {BODY} at (8,8) size 964x719
      RenderBlock {DIV} at (0,0) size 964x19
        RenderText {#text} at (0,0) size 270x19
          text run at (0,0) width 270: "This text should be black, not red."
      RenderBlock {DIV} at (0,19) size 964x0
