layer at (0,0) size 980x735
  RenderView at (0,0) size 980x735
layer at (0,0) size 980x735 layerType: background only
layer at (8,8) size 964x80
  RenderBlock (positioned) zI: -1 {DIV} at (0,0) size 964x80 [bgcolor=#FF0000]
    RenderText zI: -1 {#text} at (0,32) size 16x16
      text run at (0,32) width 16: "X"
layer at (0,0) size 980x735 layerType: foreground only
  RenderBlock {HTML} at (0,0) size 980x735
    RenderBody {BODY} at (8,8) size 964x719
layer at (8,8) size 964x16
  RenderBlock (relative positioned) {DIV} at (0,0) size 964x16
    RenderBlock {DIV} at (0,0) size 964x16 [bgcolor=#00FF00]
      RenderInline {SPAN} at (0,0) size 0x0
      RenderText {#text} at (0,0) size 16x16
        text run at (0,0) width 16: "X"
