layer at (0,0) size 980x735
  RenderView at (0,0) size 980x735
layer at (0,0) size 980x35
  RenderBlock {HTML} at (0,0) size 980x35
    RenderBlock (anonymous) at (0,0) size 980x0
      RenderText {#text} at (0,0) size 0x0
    RenderBody {BODY} at (8,8) size 964x19
      RenderText {#text} at (0,0) size 263x19
        text run at (0,0) width 263: "This page intentionally left blank."
      RenderInline (generated) at (0,0) size 0x0
        RenderText at (0,0) size 0x0
    RenderBlock (anonymous) at (0,35) size 980x0
      RenderInline (generated) at (0,0) size 0x0
        RenderText at (0,0) size 0x0
