layer at (0,0) size 980x735
  RenderView at (0,0) size 980x735
layer at (0,0) size 980x735
  RenderBlock {HTML} at (0,0) size 980x735
    RenderBody {BODY} at (8,8) size 964x711
      RenderBlock {P} at (0,0) size 964x38
        RenderText {#text} at (0,0) size 63x19
          text run at (0,0) width 63: "test for "
        RenderInline {A} at (0,0) size 75x19 [color=#0000EE]
          RenderText {#text} at (63,0) size 75x19
            text run at (63,0) width 75: "bug 7157"
        RenderText {#text} at (138,0) size 808x38
          text run at (138,0) width 670: ": An asterisk in a CSS property name breaks CSS handling (Many layout problems at"
          text run at (0,19) width 158: "letras.terra.com.br)"
      RenderBlock {P} at (0,54) size 964x19 [color=#008000]
        RenderText {#text} at (0,0) size 209x19
          text run at (0,0) width 209: "Should be green on white."
      RenderBlock {P} at (0,89) size 964x19 [color=#008000]
        RenderText {#text} at (0,0) size 209x19
          text run at (0,0) width 209: "Should be green on white."
      RenderBlock {P} at (0,124) size 964x19 [color=#008000]
        RenderText {#text} at (0,0) size 209x19
          text run at (0,0) width 209: "Should be green on white."
