layer at (0,0) size 980x735
  RenderView at (0,0) size 980x735
layer at (0,0) size 980x735
  RenderBlock {HTML} at (0,0) size 980x735
    RenderBody {BODY} at (8,8) size 964x719
      RenderBlock {P} at (0,0) size 964x19
        RenderText {#text} at (0,0) size 67x19
          text run at (0,0) width 67: "Test for "
        RenderInline {I} at (0,0) size 849x19
          RenderInline {A} at (0,0) size 426x19 [color=#0000EE]
            RenderText {#text} at (67,0) size 426x19
              text run at (67,0) width 426: "http://bugzilla.opendarwin.org/show_bug.cgi?id=4227"
          RenderText {#text} at (493,0) size 423x19
            text run at (493,0) width 5: " "
            text run at (498,0) width 418: "The ex unit doesn't work for font-variant: small-caps"
        RenderText {#text} at (916,0) size 5x19
          text run at (916,0) width 5: "."
      RenderBlock {P} at (0,35) size 964x19
        RenderText {#text} at (0,0) size 313x19
          text run at (0,0) width 313: "There should be a green square below:"
      RenderBlock {DIV} at (0,70) size 180x180 [bgcolor=#008000]
