layer at (0,0) size 980x735
  RenderView at (0,0) size 980x735
layer at (0,0) size 980x735
  RenderBlock {HTML} at (0,0) size 980x735
    RenderBody {BODY} at (8,8) size 964x719
      RenderFieldSet {FIELDSET} at (2,0) size 960x38 [border: (2px groove #C0C0C0)]
        RenderText {#text} at (14,7) size 472x19
          text run at (14,7) width 472: "If you can see this fieldset without crashing, then all is well."
