layer at (0,0) size 980x735
  RenderView at (0,0) size 980x735
layer at (0,0) size 980x735
  RenderBlock {HTML} at (0,0) size 980x735
    RenderBody {BODY} at (8,8) size 964x719
      RenderBlock {P} at (0,0) size 964x38
        RenderText {#text} at (0,0) size 67x19
          text run at (0,0) width 67: "Test for "
        RenderInline {I} at (0,0) size 898x38
          RenderInline {A} at (0,0) size 426x19 [color=#0000EE]
            RenderText {#text} at (67,0) size 426x19
              text run at (67,0) width 426: "http://bugzilla.opendarwin.org/show_bug.cgi?id=9124"
          RenderText {#text} at (493,0) size 898x38
            text run at (493,0) width 5: " "
            text run at (498,0) width 400: "Drop shadow obscures \"add more stuff\" bubble at"
            text run at (0,19) width 67: "live.com"
        RenderText {#text} at (67,19) size 5x19
          text run at (67,19) width 5: "."
      RenderBlock {HR} at (0,54) size 964x2 [border: (1px inset #000000)]
layer at (8,72) size 100x100
  RenderBlock (positioned) {DIV} at (0,0) size 100x100 [bgcolor=#FF0000]
layer at (8,72) size 100x100
  RenderBlock (positioned) {DIV} at (0,0) size 100x100 [bgcolor=#008000]
