layer at (0,0) size 980x735
  RenderView at (0,0) size 980x735
layer at (0,0) size 980x735
  RenderBlock {HTML} at (0,0) size 980x735
    RenderBody {BODY} at (8,8) size 964x719
      RenderBlock {P} at (0,0) size 964x19
        RenderText {#text} at (0,0) size 67x19
          text run at (0,0) width 67: "Test for "
        RenderInline {A} at (0,0) size 367x19 [color=#0000EE]
          RenderText {#text} at (67,0) size 367x19
            text run at (67,0) width 367: "http://bugs.webkit.org/show_bug.cgi?id=4104 "
        RenderText {#text} at (434,0) size 317x19
          text run at (434,0) width 317: "first-letter not updating style with hover"
      RenderBlock {P} at (0,35) size 964x19
        RenderText {#text} at (0,0) size 495x19
          text run at (0,0) width 495: "The next line of text should turn green when we hover over it."
      RenderBlock {DIV} at (0,70) size 964x38
        RenderInline (generated) at (0,0) size 10x19 [color=#0000FF]
          RenderText {#text} at (0,0) size 10x19
            text run at (0,0) width 10: "T"
        RenderText {#text} at (10,0) size 885x38
          text run at (10,0) width 875: "he first letter of this paragraph should be larger than the rest. If you hover over this paragraph, all of the text"
          text run at (0,19) width 765: "(including the first letter) should turn green. If the first letter remains black, then there is a bug!"
