layer at (0,0) size 980x735
  RenderView at (0,0) size 980x735
layer at (0,0) size 980x735
  RenderBlock {HTML} at (0,0) size 980x735
    RenderBody {BODY} at (8,8) size 964x711
      RenderBlock {P} at (0,0) size 964x38
        RenderText {#text} at (0,0) size 67x19
          text run at (0,0) width 67: "Test for "
        RenderInline {I} at (0,0) size 956x38
          RenderInline {A} at (0,0) size 372x19 [color=#0000EE]
            RenderText {#text} at (67,0) size 372x19
              text run at (67,0) width 372: "http://bugs.webkit.org/show_bug.cgi?id=17834"
          RenderText {#text} at (439,0) size 956x38
            text run at (439,0) width 5: " "
            text run at (444,0) width 512: "REGRESSION: floated first-letter does not work when included in"
            text run at (0,19) width 40: "table"
        RenderText {#text} at (40,19) size 5x19
          text run at (40,19) width 5: "."
      RenderBlock {P} at (0,54) size 964x19
        RenderText {#text} at (0,0) size 335x19
          text run at (0,0) width 335: "The following three lines should look like \x{201C}"
        RenderInline {SPAN} at (0,0) size 11x19 [color=#008000]
          RenderText {#text} at (335,0) size 11x19
            text run at (335,0) width 11: "A"
        RenderText {#text} at (346,0) size 30x19
          text run at (346,0) width 30: "-Z\x{201D}."
      RenderTable {TABLE} at (0,89) size 34x25
        RenderTableSection {TBODY} at (0,0) size 34x25
          RenderTableRow {TR} at (0,2) size 34x21
            RenderTableCell {TD} at (2,2) size 30x21 [r=0 c=0 rs=1 cs=1]
              RenderBlock {DIV} at (1,1) size 28x19
                RenderBlock {P} at (0,0) size 28x19
                  RenderBlock (floating) at (0,0) size 11x19 [color=#008000]
                    RenderText {#text} at (0,0) size 11x19
                      text run at (0,0) width 11: "A"
                  RenderText {#text} at (11,0) size 17x19
                    text run at (11,0) width 17: "-Z"
      RenderTable {TABLE} at (0,114) size 34x25
        RenderTableSection {TBODY} at (0,0) size 34x25
          RenderTableRow {TR} at (0,2) size 34x21
            RenderTableCell {TD} at (2,2) size 30x21 [r=0 c=0 rs=1 cs=1]
              RenderBlock {P} at (1,1) size 28x19
                RenderBlock (floating) at (0,0) size 11x19 [color=#008000]
                  RenderText {#text} at (0,0) size 11x19
                    text run at (0,0) width 11: "A"
                RenderText {#text} at (11,0) size 17x19
                  text run at (11,0) width 17: "-Z"
      RenderBlock {P} at (0,155) size 964x19
        RenderBlock (floating) at (0,0) size 11x19 [color=#008000]
          RenderText {#text} at (0,0) size 11x19
            text run at (0,0) width 11: "A"
        RenderText {#text} at (11,0) size 17x19
          text run at (11,0) width 17: "-Z"
