layer at (0,0) size 980x2913
  RenderView at (0,0) size 980x735
layer at (0,0) size 980x2913
  RenderBlock {HTML} at (0,0) size 980x2913
    RenderBody {BODY} at (8,16) size 964x2849 [bgcolor=#FFFFFF]
      RenderBlock {P} at (0,0) size 964x19
        RenderText {#text} at (0,0) size 189x19
          text run at (0,0) width 189: "This page is part of the "
        RenderInline {A} at (0,0) size 76x19 [color=#0000EE]
          RenderText {#text} at (189,0) size 76x19
            text run at (189,0) width 76: "CSS3.info"
        RenderText {#text} at (265,0) size 5x19
          text run at (265,0) width 5: " "
        RenderInline {A} at (0,0) size 143x19 [color=#0000EE]
          RenderText {#text} at (270,0) size 143x19
            text run at (270,0) width 143: "CSS selectors test"
        RenderText {#text} at (413,0) size 153x19
          text run at (413,0) width 153: ". See more info on "
        RenderInline {A} at (0,0) size 118x19 [color=#0000EE]
          RenderText {#text} at (566,0) size 118x19
            text run at (566,0) width 118: "CSS3 selectors"
        RenderText {#text} at (684,0) size 5x19
          text run at (684,0) width 5: "."
      RenderBlock {DIV} at (0,35) size 964x0 [bgcolor=#009900]
      RenderBlock {OL} at (0,35) size 964x2814
        RenderListItem {LI} at (40,0) size 771x215 [bgcolor=#AAAAAA]
          RenderBlock {DIV} at (16,16) size 739x24 [bgcolor=#990000]
            RenderBlock {DIV} at (0,0) size 739x24 [bgcolor=#009900]
          RenderBlock {PRE} at (16,53) size 739x76 [bgcolor=#FFFFFF]
            RenderListMarker at (-41,6) size 20x19: "1"
            RenderText {#text} at (6,9) size 259x61
              text run at (6,9) width 114: "div:first-of-type {"
              text run at (120,9) width 0: " "
              text run at (6,25) width 8: "}"
              text run at (14,25) width 0: " "
              text run at (6,40) width 0: " "
              text run at (6,55) width 259: "<div>Does this element match?</div>"
          RenderBlock {P} at (16,145) size 739x38
            RenderText {#text} at (0,0) size 715x38
              text run at (0,0) width 715: "The CSS selector should match the marked div element, because it is the only element of"
              text run at (0,19) width 68: "this type"
        RenderListItem {LI} at (40,263) size 771x230 [bgcolor=#AAAAAA]
          RenderBlock {DIV} at (16,16) size 739x24 [bgcolor=#990000]
            RenderBlock {DIV} at (0,0) size 739x24 [bgcolor=#009900]
            RenderBlock {DIV} at (0,24) size 739x0
          RenderBlock {PRE} at (16,53) size 739x91 [bgcolor=#FFFFFF]
            RenderListMarker at (-41,6) size 20x19: "2"
            RenderText {#text} at (6,9) size 259x76
              text run at (6,9) width 114: "div:first-of-type {"
              text run at (120,9) width 0: " "
              text run at (6,25) width 8: "}"
              text run at (14,25) width 0: " "
              text run at (6,40) width 0: " "
              text run at (6,55) width 259: "<div>Does this element match?</div>"
              text run at (265,55) width 0: " "
              text run at (6,70) width 88: "<div></div>"
          RenderBlock {P} at (16,160) size 739x38
            RenderText {#text} at (0,0) size 713x38
              text run at (0,0) width 713: "The CSS selector should match the marked div element, because it is the first element of"
              text run at (0,19) width 68: "this type"
        RenderListItem {LI} at (40,541) size 771x230 [bgcolor=#AAAAAA]
          RenderBlock {DIV} at (16,16) size 739x24 [bgcolor=#990000]
            RenderBlock {BLOCKQUOTE} at (0,0) size 739x0 [bgcolor=#009900]
            RenderBlock {DIV} at (0,0) size 739x24 [bgcolor=#009900]
          RenderBlock {PRE} at (16,53) size 739x91 [bgcolor=#FFFFFF]
            RenderListMarker at (-41,6) size 20x19: "3"
            RenderText {#text} at (6,9) size 259x76
              text run at (6,9) width 114: "div:first-of-type {"
              text run at (120,9) width 0: " "
              text run at (6,25) width 8: "}"
              text run at (14,25) width 0: " "
              text run at (6,40) width 0: " "
              text run at (6,55) width 192: "<blockquote></blockquote>"
              text run at (198,55) width 0: " "
              text run at (6,70) width 259: "<div>Does this element match?</div>"
          RenderBlock {P} at (16,160) size 739x38
            RenderText {#text} at (0,0) size 713x38
              text run at (0,0) width 713: "The CSS selector should match the marked div element, because it is the first element of"
              text run at (0,19) width 68: "this type"
        RenderListItem {LI} at (40,819) size 771x260 [bgcolor=#AAAAAA]
          RenderBlock {DIV} at (16,16) size 739x24 [bgcolor=#990000]
            RenderBlock {DIV} at (0,0) size 739x0 [bgcolor=#009900]
            RenderBlock {BLOCKQUOTE} at (0,0) size 739x24 [bgcolor=#009900]
              RenderBlock {DIV} at (0,0) size 739x24
          RenderBlock {PRE} at (16,53) size 739x121 [bgcolor=#FFFFFF]
            RenderListMarker at (-41,6) size 20x19: "4"
            RenderText {#text} at (6,9) size 271x106
              text run at (6,9) width 114: "div:first-of-type {"
              text run at (120,9) width 0: " "
              text run at (6,25) width 8: "}"
              text run at (14,25) width 0: " "
              text run at (6,40) width 0: " "
              text run at (6,55) width 88: "<div></div>"
              text run at (94,55) width 0: " "
              text run at (6,70) width 94: "<blockquote>"
              text run at (100,70) width 0: " "
              text run at (6,85) width 271: "   <div>Does this element match?</div>"
              text run at (277,85) width 0: " "
              text run at (6,100) width 98: "</blockquote>"
          RenderBlock {P} at (16,190) size 739x38
            RenderText {#text} at (0,0) size 713x38
              text run at (0,0) width 713: "The CSS selector should match the marked div element, because it is the first element of"
              text run at (0,19) width 172: "this type in this scope"
        RenderListItem {LI} at (40,1127) size 771x245 [bgcolor=#AAAAAA]
          RenderBlock {DIV} at (16,16) size 739x24 [bgcolor=#990000]
            RenderBlock {DIV} at (0,0) size 739x24 [bgcolor=#009900]
              RenderBlock {DIV} at (0,0) size 739x24
          RenderBlock {PRE} at (16,53) size 739x106 [bgcolor=#FFFFFF]
            RenderListMarker at (-41,6) size 20x19: "5"
            RenderText {#text} at (6,9) size 271x91
              text run at (6,9) width 114: "div:first-of-type {"
              text run at (120,9) width 0: " "
              text run at (6,25) width 8: "}"
              text run at (14,25) width 0: " "
              text run at (6,40) width 0: " "
              text run at (6,55) width 42: "<div>"
              text run at (48,55) width 0: " "
              text run at (6,70) width 271: "   <div>Does this element match?</div>"
              text run at (277,70) width 0: " "
              text run at (6,85) width 46: "</div>"
          RenderBlock {P} at (16,175) size 739x38
            RenderText {#text} at (0,0) size 713x38
              text run at (0,0) width 713: "The CSS selector should match the marked div element, because it is the first element of"
              text run at (0,19) width 234: "this type in the current scope"
        RenderListItem {LI} at (40,1420) size 771x260 [bgcolor=#AAAAAA]
          RenderBlock {DIV} at (16,16) size 739x24 [bgcolor=#990000]
            RenderBlock {BLOCKQUOTE} at (0,0) size 739x0 [bgcolor=#009900]
              RenderBlock {DIV} at (0,0) size 739x0
            RenderBlock {DIV} at (0,0) size 739x24 [bgcolor=#009900]
          RenderBlock {PRE} at (16,53) size 739x121 [bgcolor=#FFFFFF]
            RenderListMarker at (-41,6) size 20x19: "6"
            RenderText {#text} at (6,9) size 259x106
              text run at (6,9) width 114: "div:first-of-type {"
              text run at (120,9) width 0: " "
              text run at (6,25) width 8: "}"
              text run at (14,25) width 0: " "
              text run at (6,40) width 0: " "
              text run at (6,55) width 94: "<blockquote>"
              text run at (100,55) width 0: " "
              text run at (6,70) width 100: "   <div></div>"
              text run at (106,70) width 0: " "
              text run at (6,85) width 98: "</blockquote>"
              text run at (104,85) width 0: " "
              text run at (6,100) width 259: "<div>Does this element match?</div>"
          RenderBlock {P} at (16,190) size 739x38
            RenderText {#text} at (0,0) size 713x38
              text run at (0,0) width 713: "The CSS selector should match the marked div element, because it is the first element of"
              text run at (0,19) width 234: "this type in the current scope"
        RenderListItem {LI} at (40,1728) size 771x230 [bgcolor=#AAAAAA]
          RenderBlock {DIV} at (16,16) size 739x24 [bgcolor=#009900]
            RenderBlock {DIV} at (0,0) size 739x0 [bgcolor=#990000]
            RenderBlock {DIV} at (0,0) size 739x24
          RenderBlock {PRE} at (16,53) size 739x91 [bgcolor=#FFFFFF]
            RenderListMarker at (-41,6) size 20x19: "7"
            RenderText {#text} at (6,9) size 259x76
              text run at (6,9) width 114: "div:first-of-type {"
              text run at (120,9) width 0: " "
              text run at (6,25) width 8: "}"
              text run at (14,25) width 0: " "
              text run at (6,40) width 0: " "
              text run at (6,55) width 88: "<div></div>"
              text run at (94,55) width 0: " "
              text run at (6,70) width 259: "<div>Does this element match?</div>"
          RenderBlock {P} at (16,160) size 739x38
            RenderText {#text} at (0,0) size 678x38
              text run at (0,0) width 678: "The CSS selector should not match the marked div element, because it is the second"
              text run at (0,19) width 160: "element of this type"
        RenderListItem {LI} at (40,2006) size 771x230 [bgcolor=#AAAAAA]
          RenderBlock {DIV} at (16,16) size 739x24 [bgcolor=#009900]
            RenderBlock {DIV} at (0,0) size 739x0 [bgcolor=#990000]
            RenderBlock {DIV} at (0,0) size 739x24
          RenderBlock {PRE} at (16,53) size 739x91 [bgcolor=#FFFFFF]
            RenderListMarker at (-41,6) size 20x19: "8"
            RenderText {#text} at (6,9) size 259x76
              text run at (6,9) width 114: "div:first-of-type {"
              text run at (120,9) width 0: " "
              text run at (6,25) width 8: "}"
              text run at (14,25) width 0: " "
              text run at (6,40) width 0: " "
              text run at (6,55) width 94: "<DIV></DIV>"
              text run at (100,55) width 0: " "
              text run at (6,70) width 259: "<div>Does this element match?</div>"
          RenderBlock {P} at (16,160) size 739x38
            RenderText {#text} at (0,0) size 678x38
              text run at (0,0) width 678: "The CSS selector should not match the marked div element, because it is the second"
              text run at (0,19) width 160: "element of this type"
        RenderListItem {LI} at (40,2284) size 771x241 [bgcolor=#AAAAAA]
          RenderBlock {DIV} at (16,16) size 739x24 [bgcolor=#990000]
            RenderBlock {DIV} at (0,0) size 739x24 [bgcolor=#009900]
            RenderBlock {DIV} at (0,24) size 739x0
          RenderBlock {PRE} at (16,53) size 739x121 [bgcolor=#FFFFFF]
            RenderListMarker at (-41,6) size 20x19: "9"
            RenderText {#text} at (6,9) size 436x106
              text run at (6,9) width 114: "div:first-of-type {"
              text run at (120,9) width 0: " "
              text run at (6,25) width 8: "}"
              text run at (14,25) width 0: " "
              text run at (6,40) width 0: " "
              text run at (6,55) width 203: "<div id='insertBefore'></div>"
              text run at (209,55) width 0: " "
              text run at (6,70) width 0: " "
              text run at (6,85) width 331: "var ib = document.getElementById('insertBefore');"
              text run at (337,85) width 0: " "
              text run at (6,100) width 436: "ib.parentElement.insertBefore(document.createElement(\"div\"), ib);"
          RenderBlock {P} at (16,190) size 739x19
            RenderText {#text} at (0,0) size 689x19
              text run at (0,0) width 689: "The CSS selector should match the div element that is inserted by the Javascript code."
        RenderListItem {LI} at (40,2573) size 771x241 [bgcolor=#AAAAAA]
          RenderBlock {DIV} at (16,16) size 739x24 [bgcolor=#009900]
            RenderBlock {DIV} at (0,0) size 739x0 [bgcolor=#990000]
            RenderBlock {DIV} at (0,0) size 739x24
          RenderBlock {PRE} at (16,53) size 739x121 [bgcolor=#FFFFFF]
            RenderListMarker at (-51,6) size 30x19: "10"
            RenderText {#text} at (6,9) size 436x106
              text run at (6,9) width 114: "div:first-of-type {"
              text run at (120,9) width 0: " "
              text run at (6,25) width 8: "}"
              text run at (14,25) width 0: " "
              text run at (6,40) width 0: " "
              text run at (6,55) width 203: "<div id='insertBefore'></div>"
              text run at (209,55) width 0: " "
              text run at (6,70) width 0: " "
              text run at (6,85) width 331: "var ib = document.getElementById('insertBefore');"
              text run at (337,85) width 0: " "
              text run at (6,100) width 436: "ib.parentElement.insertBefore(document.createElement(\"div\"), ib);"
          RenderBlock {P} at (16,190) size 739x19
            RenderText {#text} at (0,0) size 614x19
              text run at (0,0) width 614: "The original div element should not be a match for the :first-of-type selector."
