layer at (0,0) size 980x735
  RenderView at (0,0) size 980x735
layer at (0,0) size 980x735
  RenderBlock {HTML} at (0,0) size 980x735 [color=#FF0000]
    RenderBody {BODY} at (8,8) size 964x679
      RenderBlock {P} at (0,0) size 964x75
        RenderInline (generated) at (0,0) size 33x56 [color=#008000] [bgcolor=#FFC0CB]
          RenderText {#text} at (0,0) size 33x56
            text run at (0,0) width 33: "A"
        RenderText {#text} at (33,0) size 199x56
          text run at (33,0) width 199: "BCDEFG"
        RenderBR {BR} at (232,45) size 0x0
        RenderInline {SPAN} at (0,0) size 280x19 [color=#000000]
          RenderText {#text} at (0,56) size 280x19
            text run at (0,56) width 280: "Hover over \"A\". It must stay green."
        RenderText {#text} at (0,0) size 0x0
