layer at (0,0) size 980x735
  RenderView at (0,0) size 980x735
layer at (0,0) size 980x735
  RenderBlock {HTML} at (0,0) size 980x735
    RenderBody {BODY} at (8,8) size 964x719
      RenderBlock {DIV} at (0,0) size 160x160
        RenderText {#text} at (0,0) size 152x154
          text run at (0,0) width 152: "Assuming the port-"
          text run at (19,0) width 117: "specific theme"
          text run at (19,117) width 5: " "
          text run at (38,0) width 145: "draws focus rings,"
          text run at (38,145) width 5: " "
          text run at (57,0) width 116: "this test draws"
          text run at (57,116) width 5: " "
          text run at (76,0) width 149: "focus rings around"
          text run at (76,149) width 5: " "
          text run at (95,0) width 137: "editable multiline"
          text run at (95,137) width 5: " "
          text run at (114,0) width 114: "text in vertical"
          text run at (114,114) width 5: " "
          text run at (133,0) width 110: "writing mode."
caret: position 1 of child 0 {#text} of child 1 {DIV} of body
