layer at (0,0) size 980x735
  RenderView at (0,0) size 980x735
layer at (0,0) size 980x735
  RenderBlock {HTML} at (0,0) size 980x735
    RenderBody {BODY} at (8,8) size 964x719
      RenderBlock {DIV} at (0,0) size 964x10
        RenderText {#text} at (0,0) size 493x11
          text run at (0,0) width 493: "This should be fairly small text, rather than huge, it should also be set in sans-serif rather than serif."
