layer at (0,0) size 980x735
  RenderView at (0,0) size 980x735
layer at (0,0) size 980x735
  RenderBlock {HTML} at (0,0) size 980x735
    RenderBody {BODY} at (8,8) size 964x663
      RenderBlock {P} at (0,0) size 964x38
        RenderText {#text} at (0,0) size 922x38
          text run at (0,0) width 922: "This test tries to render the following text with Ahem, loaded from a WOFF file. The text below should be a series of"
          text run at (0,19) width 99: "black boxes."
      RenderBlock {P} at (0,102) size 964x64
        RenderText {#text} at (0,0) size 448x65
          text run at (0,0) width 448: "Failure"
