layer at (0,0) size 980x735
  RenderView at (0,0) size 980x735
layer at (0,0) size 980x735
  RenderBlock {HTML} at (0,0) size 980x735
    RenderBody {BODY} at (8,8) size 964x711
      RenderBlock {P} at (0,0) size 964x38
        RenderText {#text} at (0,0) size 712x19
          text run at (0,0) width 562: "This tests that locally-installed fonts are used for a family of the same "
          text run at (562,0) width 150: "name defined in a "
        RenderInline {TT} at (0,0) size 72x15
          RenderText {#text} at (712,3) size 72x15
            text run at (712,3) width 72: "@font-face"
        RenderText {#text} at (784,0) size 922x38
          text run at (784,0) width 138: " rule if they are a"
          text run at (0,19) width 151: "better match than "
          text run at (151,19) width 67: "the rule."
      RenderBlock {P} at (0,54) size 964x19
        RenderText {#text} at (0,0) size 240x19
          text run at (0,0) width 240: "This should be Lucida Grande "
        RenderInline {I} at (0,0) size 246x19
          RenderText {#text} at (240,0) size 246x19
            text run at (240,0) width 246: "and this should be Times Italic."
        RenderText {#text} at (0,0) size 0x0
      RenderBlock {P} at (0,89) size 964x19
        RenderText {#text} at (0,0) size 172x19
          text run at (0,0) width 172: "This should be Times "
        RenderInline {B} at (0,0) size 306x19
          RenderText {#text} at (172,0) size 306x19
            text run at (172,0) width 306: "and this should be Helvetica Bold."
        RenderText {#text} at (0,0) size 0x0
      RenderBlock {P} at (0,124) size 964x19
        RenderText {#text} at (0,0) size 530x19
          text run at (0,0) width 530: "UPPERCASE SHOULD BE MONACO and lowercase should be times."
