layer at (0,0) size 980x735
  RenderView at (0,0) size 980x735
layer at (0,0) size 980x735
  RenderBlock {HTML} at (0,0) size 980x735
    RenderBody {BODY} at (8,8) size 964x719
      RenderBlock {P} at (0,0) size 964x19
        RenderText {#text} at (0,0) size 225x19
          text run at (0,0) width 225: "Each font name in that font:"
      RenderBlock {DIV} at (4,35) size 956x21 [border: (1px solid #ADD8E6)]
        RenderInline {B} at (0,0) size 127x19
          RenderText {#text} at (1,1) size 127x19
            text run at (1,1) width 127: "Helvetica bold"
        RenderText {#text} at (128,1) size 84x19
          text run at (128,1) width 84: " Helvetica "
        RenderInline {I} at (0,0) size 395x19
          RenderText {#text} at (212,1) size 143x19
            text run at (212,1) width 143: "Courier syn. italic "
          RenderInline {B} at (0,0) size 252x19
            RenderText {#text} at (355,1) size 252x19
              text run at (355,1) width 252: "Papyrus syn. bold syn. italic"
        RenderText {#text} at (0,0) size 0x0
      RenderBlock {DIV} at (4,60) size 956x21 [border: (1px solid #ADD8E6)]
        RenderInline {SPAN} at (0,0) size 59x19
          RenderText {#text} at (1,1) size 59x19
            text run at (1,1) width 59: "Courier"
        RenderText {#text} at (60,1) size 5x19
          text run at (60,1) width 5: " "
        RenderInline {SPAN} at (0,0) size 59x19
          RenderText {#text} at (65,1) size 59x19
            text run at (65,1) width 59: "Courier"
        RenderText {#text} at (124,1) size 5x19
          text run at (124,1) width 5: " "
        RenderInline {SPAN} at (0,0) size 59x19
          RenderText {#text} at (129,1) size 59x19
            text run at (129,1) width 59: "Courier"
        RenderText {#text} at (188,1) size 5x19
          text run at (188,1) width 5: " "
        RenderInline {SPAN} at (0,0) size 59x19
          RenderText {#text} at (193,1) size 59x19
            text run at (193,1) width 59: "Courier"
        RenderText {#text} at (252,1) size 5x19
          text run at (252,1) width 5: " "
        RenderInline {SPAN} at (0,0) size 59x19
          RenderText {#text} at (257,1) size 59x19
            text run at (257,1) width 59: "Courier"
        RenderText {#text} at (316,1) size 5x19
          text run at (316,1) width 5: " "
        RenderInline {SPAN} at (0,0) size 128x19
          RenderText {#text} at (321,1) size 128x19
            text run at (321,1) width 128: "Helvetica Bold"
        RenderText {#text} at (449,1) size 5x19
          text run at (449,1) width 5: " "
        RenderInline {SPAN} at (0,0) size 128x19
          RenderText {#text} at (454,1) size 128x19
            text run at (454,1) width 128: "Helvetica Bold"
        RenderText {#text} at (582,1) size 5x19
          text run at (582,1) width 5: " "
        RenderInline {SPAN} at (0,0) size 160x19
          RenderText {#text} at (587,1) size 160x19
            text run at (587,1) width 160: "Papyrus syn. bold"
        RenderText {#text} at (747,1) size 5x19
          text run at (747,1) width 5: " "
        RenderInline {SPAN} at (0,0) size 160x19
          RenderText {#text} at (752,1) size 160x19
            text run at (752,1) width 160: "Papyrus syn. bold"
        RenderText {#text} at (0,0) size 0x0
      RenderBlock {DIV} at (4,85) size 956x21 [border: (1px solid #ADD8E6)]
        RenderInline {SPAN} at (0,0) size 59x19
          RenderText {#text} at (1,1) size 59x19
            text run at (1,1) width 59: "Courier"
        RenderText {#text} at (60,1) size 5x19
          text run at (60,1) width 5: " "
        RenderInline {SPAN} at (0,0) size 59x19
          RenderText {#text} at (65,1) size 59x19
            text run at (65,1) width 59: "Courier"
        RenderText {#text} at (124,1) size 5x19
          text run at (124,1) width 5: " "
        RenderInline {SPAN} at (0,0) size 59x19
          RenderText {#text} at (129,1) size 59x19
            text run at (129,1) width 59: "Courier"
        RenderText {#text} at (188,1) size 5x19
          text run at (188,1) width 5: " "
        RenderInline {SPAN} at (0,0) size 59x19
          RenderText {#text} at (193,1) size 59x19
            text run at (193,1) width 59: "Courier"
        RenderText {#text} at (252,1) size 5x19
          text run at (252,1) width 5: " "
        RenderInline {SPAN} at (0,0) size 59x19
          RenderText {#text} at (257,1) size 59x19
            text run at (257,1) width 59: "Courier"
        RenderText {#text} at (316,1) size 5x19
          text run at (316,1) width 5: " "
        RenderInline {SPAN} at (0,0) size 128x19
          RenderText {#text} at (321,1) size 128x19
            text run at (321,1) width 128: "Helvetica Bold"
        RenderText {#text} at (449,1) size 5x19
          text run at (449,1) width 5: " "
        RenderInline {SPAN} at (0,0) size 128x19
          RenderText {#text} at (454,1) size 128x19
            text run at (454,1) width 128: "Helvetica Bold"
        RenderText {#text} at (582,1) size 5x19
          text run at (582,1) width 5: " "
        RenderInline {SPAN} at (0,0) size 128x19
          RenderText {#text} at (587,1) size 128x19
            text run at (587,1) width 128: "Helvetica Bold"
        RenderText {#text} at (715,1) size 5x19
          text run at (715,1) width 5: " "
        RenderInline {SPAN} at (0,0) size 128x19
          RenderText {#text} at (720,1) size 128x19
            text run at (720,1) width 128: "Helvetica Bold"
        RenderText {#text} at (0,0) size 0x0
      RenderBlock {DIV} at (4,110) size 956x21 [border: (1px solid #ADD8E6)]
        RenderInline {SPAN} at (0,0) size 59x19
          RenderText {#text} at (1,1) size 59x19
            text run at (1,1) width 59: "Courier"
        RenderText {#text} at (60,1) size 5x19
          text run at (60,1) width 5: " "
        RenderInline {SPAN} at (0,0) size 59x19
          RenderText {#text} at (65,1) size 59x19
            text run at (65,1) width 59: "Courier"
        RenderText {#text} at (124,1) size 5x19
          text run at (124,1) width 5: " "
        RenderInline {SPAN} at (0,0) size 59x19
          RenderText {#text} at (129,1) size 59x19
            text run at (129,1) width 59: "Courier"
        RenderText {#text} at (188,1) size 5x19
          text run at (188,1) width 5: " "
        RenderInline {SPAN} at (0,0) size 59x19
          RenderText {#text} at (193,1) size 59x19
            text run at (193,1) width 59: "Courier"
        RenderText {#text} at (252,1) size 5x19
          text run at (252,1) width 5: " "
        RenderInline {SPAN} at (0,0) size 59x19
          RenderText {#text} at (257,1) size 59x19
            text run at (257,1) width 59: "Courier"
        RenderText {#text} at (316,1) size 5x19
          text run at (316,1) width 5: " "
        RenderInline {SPAN} at (0,0) size 128x19
          RenderText {#text} at (321,1) size 128x19
            text run at (321,1) width 128: "Helvetica Bold"
        RenderText {#text} at (449,1) size 5x19
          text run at (449,1) width 5: " "
        RenderInline {SPAN} at (0,0) size 128x19
          RenderText {#text} at (454,1) size 128x19
            text run at (454,1) width 128: "Helvetica Bold"
        RenderText {#text} at (582,1) size 5x19
          text run at (582,1) width 5: " "
        RenderInline {SPAN} at (0,0) size 128x19
          RenderText {#text} at (587,1) size 128x19
            text run at (587,1) width 128: "Helvetica Bold"
        RenderText {#text} at (715,1) size 5x19
          text run at (715,1) width 5: " "
        RenderInline {SPAN} at (0,0) size 128x19
          RenderText {#text} at (720,1) size 128x19
            text run at (720,1) width 128: "Helvetica Bold"
        RenderText {#text} at (0,0) size 0x0
      RenderBlock {P} at (0,147) size 964x19
        RenderText {#text} at (0,0) size 275x19
          text run at (0,0) width 275: "Times followed by Ahem (normal):"
      RenderBlock {DIV} at (4,182) size 956x21 [border: (1px solid #ADD8E6)]
        RenderText {#text} at (1,1) size 53x19
          text run at (1,1) width 53: "Times "
        RenderInline {I} at (0,0) size 64x16
          RenderText {#text} at (54,3) size 64x16
            text run at (54,3) width 64: "AHEM"
        RenderText {#text} at (0,0) size 0x0
      RenderBlock {P} at (0,219) size 964x19
        RenderText {#text} at (0,0) size 126x19
          text run at (0,0) width 126: "Ahem (normal):"
      RenderBlock {DIV} at (4,254) size 956x18 [border: (1px solid #ADD8E6)]
        RenderText {#text} at (1,1) size 80x16
          text run at (1,1) width 80: "AHEM "
        RenderInline {I} at (0,0) size 64x16
          RenderText {#text} at (81,1) size 64x16
            text run at (81,1) width 64: "AHEM"
        RenderText {#text} at (0,0) size 0x0
      RenderBlock {P} at (0,288) size 964x19
        RenderText {#text} at (0,0) size 402x19
          text run at (0,0) width 402: "Ahem (normal) followed by Ahem (synthetic bold):"
      RenderBlock {DIV} at (4,323) size 956x18 [border: (1px solid #ADD8E6)]
        RenderText {#text} at (1,1) size 80x16
          text run at (1,1) width 80: "AHEM "
        RenderInline {B} at (0,0) size 64x16
          RenderText {#text} at (81,1) size 64x16
            text run at (81,1) width 64: "AHEM"
        RenderText {#text} at (0,0) size 0x0
      RenderBlock {P} at (0,357) size 964x19
        RenderText {#text} at (0,0) size 413x19
          text run at (0,0) width 413: "Ahem (normal) followed by Ahem (synthetic italics):"
      RenderBlock {DIV} at (4,392) size 956x18 [border: (1px solid #ADD8E6)]
        RenderText {#text} at (1,1) size 80x16
          text run at (1,1) width 80: "AHEM "
        RenderInline {I} at (0,0) size 64x16
          RenderText {#text} at (81,1) size 64x16
            text run at (81,1) width 64: "AHEM"
        RenderText {#text} at (0,0) size 0x0
