layer at (0,0) size 800x600
  RenderView at (0,0) size 800x600
layer at (0,0) size 800x600
  RenderBlock {HTML} at (0,0) size 800x600
    RenderBody {BODY} at (8,8) size 784x584
      RenderBlock {P} at (0,0) size 784x19
        RenderText {#text} at (0,0) size 80x19
          text run at (0,0) width 80: "This tests "
        RenderInline {TT} at (0,0) size 72x15
          RenderText {#text} at (80,3) size 72x15
            text run at (80,3) width 72: "@font-face"
        RenderText {#text} at (152,0) size 441x19
          text run at (152,0) width 316: " rules with font descriptors that specify "
          text run at (468,0) width 125: "multiple values."
      RenderBlock {P} at (0,35) size 784x38
        RenderText {#text} at (0,0) size 777x38
          text run at (0,0) width 777: "Helvetica is assigned to weights 100 and 900 while courier is assigned to 400. Faces are assigned"
          text run at (0,19) width 673: "to other weights are according to the heuristic in the CSS3 Web Fonts working draft."
      RenderBlock {DIV} at (0,89) size 784x42
        RenderInline {SPAN} at (0,0) size 69x41
          RenderText {#text} at (0,0) size 69x41
            text run at (0,0) width 69: "100"
        RenderText {#text} at (69,0) size 11x41
          text run at (69,0) width 11: " "
        RenderInline {SPAN} at (0,0) size 69x41
          RenderText {#text} at (80,0) size 69x41
            text run at (80,0) width 69: "200"
        RenderText {#text} at (149,0) size 11x41
          text run at (149,0) width 11: " "
        RenderInline {SPAN} at (0,0) size 69x41
          RenderText {#text} at (160,0) size 69x41
            text run at (160,0) width 69: "300"
        RenderText {#text} at (229,0) size 11x41
          text run at (229,0) width 11: " "
        RenderInline {SPAN} at (0,0) size 69x41
          RenderText {#text} at (240,0) size 69x41
            text run at (240,0) width 69: "400"
        RenderText {#text} at (309,0) size 11x41
          text run at (309,0) width 11: " "
        RenderInline {SPAN} at (0,0) size 69x41
          RenderText {#text} at (320,0) size 69x41
            text run at (320,0) width 69: "500"
        RenderText {#text} at (389,0) size 11x41
          text run at (389,0) width 11: " "
        RenderInline {SPAN} at (0,0) size 75x41
          RenderText {#text} at (400,0) size 75x41
            text run at (400,0) width 75: "600"
        RenderText {#text} at (475,0) size 11x41
          text run at (475,0) width 11: " "
        RenderInline {SPAN} at (0,0) size 75x41
          RenderText {#text} at (486,0) size 75x41
            text run at (486,0) width 75: "700"
        RenderText {#text} at (561,0) size 11x41
          text run at (561,0) width 11: " "
        RenderInline {SPAN} at (0,0) size 75x41
          RenderText {#text} at (572,0) size 75x41
            text run at (572,0) width 75: "800"
        RenderText {#text} at (647,0) size 11x41
          text run at (647,0) width 11: " "
        RenderInline {SPAN} at (0,0) size 75x41
          RenderText {#text} at (658,0) size 75x41
            text run at (658,0) width 75: "900"
        RenderText {#text} at (0,0) size 0x0
