layer at (0,0) size 980x735
  RenderView at (0,0) size 980x735
layer at (0,0) size 980x735
  RenderBlock {HTML} at (0,0) size 980x735
    RenderBody {BODY} at (8,8) size 964x711
      RenderBlock {DIV} at (0,0) size 964x19
        RenderInline {SPAN} at (0,0) size 283x19
          RenderText {#text} at (0,0) size 283x19
            text run at (0,0) width 283: "This should turn red when hovered."
        RenderText {#text} at (0,0) size 0x0
      RenderBlock {HR} at (0,27) size 964x2 [border: (1px inset #000000)]
      RenderBlock {P} at (0,45) size 964x38
        RenderText {#text} at (0,0) size 67x19
          text run at (0,0) width 67: "Test for "
        RenderInline {I} at (0,0) size 952x38
          RenderInline {A} at (0,0) size 426x19 [color=#0000EE]
            RenderText {#text} at (67,0) size 426x19
              text run at (67,0) width 426: "http://bugzilla.opendarwin.org/show_bug.cgi?id=7327"
          RenderText {#text} at (493,0) size 952x38
            text run at (493,0) width 459: " REGRESSION (r12869): :hover subselector does not work"
            text run at (0,19) width 118: "in quirks mode"
        RenderText {#text} at (118,19) size 127x19
          text run at (118,19) width 127: ". This tests that "
        RenderInline {CODE} at (0,0) size 88x15
          RenderText {#text} at (245,22) size 88x15
            text run at (245,22) width 88: "span#t:hover"
        RenderText {#text} at (333,19) size 224x19
          text run at (333,19) width 224: " matches the hovered span."
