layer at (0,0) size 980x735
  RenderView at (0,0) size 980x735
layer at (0,0) size 980x735
  RenderBlock {HTML} at (0,0) size 980x735
    RenderBody {BODY} at (8,8) size 964x719
      RenderTextControl {INPUT} at (2,2) size 518x82 [bgcolor=#FFFFFF] [border: (2px inset #000000)]
        RenderDeprecatedFlexibleBox {DIV} at (3,3) size 512x47
          RenderBlock {DIV} at (0,23) size 0x0
          RenderBlock {DIV} at (0,0) size 491x47
          RenderBlock {DIV} at (491,13) size 21x21
      RenderBR {BR} at (522,42) size 0x0
      RenderTextControl {INPUT} at (2,88) size 519x57 [bgcolor=#FFFFFF]
      RenderBR {BR} at (523,131) size 0x0
      RenderTextControl {INPUT} at (2,147) size 273x25 [bgcolor=#FFFFFF]
        RenderDeprecatedFlexibleBox {DIV} at (4,2) size 266x23
          RenderBlock {DIV} at (0,11) size 0x0
          RenderBlock {DIV} at (0,0) size 246x23
          RenderBlock {DIV} at (246,1) size 20x20
layer at (13,13) size 491x47
  RenderBlock {DIV} at (0,0) size 491x47
    RenderText {#text} at (0,0) size 419x46
      text run at (0,0) width 419: "value jgq not clipped"
layer at (14,102) size 512x47
  RenderBlock {DIV} at (4,6) size 512x47
    RenderText {#text} at (0,0) size 419x46
      text run at (0,0) width 419: "value jgq not clipped"
layer at (14,157) size 246x23 scrollHeight 24
  RenderBlock {DIV} at (0,0) size 246x23
    RenderText {#text} at (0,0) size 134x24
      text run at (0,0) width 134: "Sample Input"
