layer at (0,0) size 980x735
  RenderView at (0,0) size 980x735
layer at (0,0) size 980x735
  RenderBlock {HTML} at (0,0) size 980x735
    RenderBody {BODY} at (8,8) size 964x719
      RenderBlock {DIV} at (0,0) size 964x19
        RenderText {#text} at (0,0) size 67x19
          text run at (0,0) width 67: "Test for "
        RenderInline {A} at (0,0) size 142x19 [color=#0000EE]
          RenderText {#text} at (67,0) size 142x19
            text run at (67,0) width 142: "Bugzilla Bug 9934"
        RenderText {#text} at (209,0) size 570x19
          text run at (209,0) width 570: " Selecting text in text field with {line-height:100%} causes it to bounce."
      RenderBlock {DIV} at (0,19) size 964x29
        RenderTextControl {INPUT} at (2,2) size 171x25 [bgcolor=#FFFFFF]
      RenderBlock {DIV} at (0,48) size 964x38
        RenderText {#text} at (0,0) size 941x38
          text run at (0,0) width 737: "Select the text in the text field using horizontal mouse movements, then drag up and down. "
          text run at (737,0) width 204: "The text should not move"
          text run at (0,19) width 77: "vertically."
layer at (14,35) size 164x15
  RenderBlock {DIV} at (4,6) size 164x15
    RenderText {#text} at (0,0) size 85x15
      text run at (0,0) width 85: "Lorem Ipsum"
