layer at (0,0) size 980x735
  RenderView at (0,0) size 980x735
layer at (0,0) size 980x270
  RenderBlock {HTML} at (0,0) size 980x270
    RenderBody {BODY} at (8,12) size 964x246
      RenderBlock {P} at (0,0) size 964x28
        RenderText {#text} at (0,0) size 964x28
          text run at (0,0) width 964: "This test verifies that line height is determined solely by a box's primary font, not by its fallback fonts. The following two lines should have a solid, unbroken red"
          text run at (0,14) width 100: "line below them:"
      RenderBlock {DIV} at (0,40) size 964x97
        RenderBlock {UL} at (0,0) size 567x97
          RenderBlock (floating) {LI} at (40,0) size 46x31 [border: none (1px solid #FF0000) none]
            RenderInline {A} at (0,0) size 24x16
              RenderText {#text} at (12,7) size 24x16
                text run at (12,7) width 24: "\x{6EE8}\x{5D0E}\x{6B65}"
          RenderBlock (floating) {LI} at (86,0) size 55x31 [border: none (1px solid #FF0000) none]
            RenderInline {A} at (0,0) size 33x21
              RenderText {#text} at (12,4) size 33x21
                text run at (12,4) width 33: "\x{8521}\x{4F9D}\x{6797}"
          RenderBlock (floating) {LI} at (141,0) size 64x31 [border: none (1px solid #FF0000) none]
            RenderInline {A} at (0,0) size 42x28
              RenderText {#text} at (12,1) size 42x28
                text run at (12,1) width 42: "\x{9648}\x{7EEE}\x{8D1E}"
          RenderBlock (floating) {LI} at (205,0) size 55x31 [border: none (1px solid #FF0000) none]
            RenderInline {A} at (0,0) size 33x21
              RenderText {#text} at (12,4) size 33x21
                text run at (12,4) width 33: "\x{9648}\x{5955}\x{8FC5}"
          RenderBlock (floating) {LI} at (260,0) size 43x31 [border: none (1px solid #FF0000) none]
            RenderInline {A} at (0,0) size 21x14
              RenderText {#text} at (12,8) size 21x14
                text run at (12,8) width 21: "\x{9ED1}\x{9E2D}\x{5B50}"
          RenderBlock (floating) {LI} at (303,0) size 46x31 [border: none (1px solid #FF0000) none]
            RenderInline {A} at (0,0) size 24x16
              RenderText {#text} at (12,7) size 24x16
                text run at (12,7) width 24: "\x{674E}\x{5B87}\x{6625}"
          RenderBlock (floating) {LI} at (349,0) size 46x31 [border: none (1px solid #FF0000) none]
            RenderInline {A} at (0,0) size 24x16
              RenderText {#text} at (12,7) size 24x16
                text run at (12,7) width 24: "\x{6881}\x{9759}\x{8339}"
      RenderBlock {DIV} at (0,149) size 964x97
        RenderBlock {UL} at (0,0) size 567x97
          RenderBlock (floating) {LI} at (40,0) size 46x31 [border: none (1px solid #FF0000) none]
            RenderText {#text} at (12,7) size 24x16
              text run at (12,7) width 24: "\x{6EE8}\x{5D0E}\x{6B65}"
          RenderBlock (floating) {LI} at (86,0) size 55x31 [border: none (1px solid #FF0000) none]
            RenderText {#text} at (12,4) size 33x21
              text run at (12,4) width 33: "\x{8521}\x{4F9D}\x{6797}"
          RenderBlock (floating) {LI} at (141,0) size 64x31 [border: none (1px solid #FF0000) none]
            RenderText {#text} at (12,1) size 42x28
              text run at (12,1) width 42: "\x{9648}\x{7EEE}\x{8D1E}"
          RenderBlock (floating) {LI} at (205,0) size 55x31 [border: none (1px solid #FF0000) none]
            RenderText {#text} at (12,4) size 33x21
              text run at (12,4) width 33: "\x{9648}\x{5955}\x{8FC5}"
          RenderBlock (floating) {LI} at (260,0) size 43x31 [border: none (1px solid #FF0000) none]
            RenderText {#text} at (12,8) size 21x14
              text run at (12,8) width 21: "\x{9ED1}\x{9E2D}\x{5B50}"
          RenderBlock (floating) {LI} at (303,0) size 46x31 [border: none (1px solid #FF0000) none]
            RenderText {#text} at (12,7) size 24x16
              text run at (12,7) width 24: "\x{674E}\x{5B87}\x{6625}"
          RenderBlock (floating) {LI} at (349,0) size 46x31 [border: none (1px solid #FF0000) none]
            RenderText {#text} at (12,7) size 24x16
              text run at (12,7) width 24: "\x{6881}\x{9759}\x{8339}"
