layer at (0,0) size 980x735
  RenderView at (0,0) size 980x735
layer at (0,0) size 980x735
  RenderBlock {HTML} at (0,0) size 980x735
    RenderBody {BODY} at (8,8) size 964x719
      RenderBlock {DIV} at (0,0) size 964x10
        RenderText {#text} at (0,0) size 243x11
          text run at (0,0) width 243: "This should be fairly small text, rather than huge."
layer at (8,34) size 200x48
  RenderBlock (positioned) {DIV} at (8,34) size 200x48 [bgcolor=#FF0000]
    RenderText {#text} at (0,14) size 5x19
      text run at (0,14) width 5: " "
layer at (8,34) size 200x96
  RenderBlock (positioned) {SPAN} at (0,0) size 200x96 [bgcolor=#008000]
    RenderText {#text} at (0,14) size 186x67
      text run at (0,14) width 186: "There should be no red"
      text run at (0,62) width 37: "here"
