layer at (0,0) size 980x32803
  RenderView at (0,0) size 980x735
layer at (0,0) size 980x32803
  RenderBlock {HTML} at (0,0) size 980x32803
    RenderBody {BODY} at (8,8) size 964x32787
      RenderBlock (anonymous) at (0,0) size 964x19
        RenderText {#text} at (0,0) size 699x19
          text run at (0,0) width 699: "You should see a large green block below that is 32,768px tall. No red should be visible."
        RenderBR {BR} at (699,15) size 0x0
      RenderBlock {DIV} at (0,19) size 964x32768 [bgcolor=#FF0000]
        RenderPartObject {IFRAME} at (0,0) size 964x32768 [bgcolor=#008000]
          layer at (0,0) size 964x32768
            RenderView at (0,0) size 964x32768
          layer at (0,0) size 964x32768
            RenderBlock {HTML} at (0,0) size 964x32768
              RenderBody {BODY} at (8,8) size 948x32752
        RenderText {#text} at (0,0) size 0x0
