layer at (0,0) size 980x819
  RenderView at (0,0) size 980x735
layer at (0,0) size 980x819
  RenderBlock {HTML} at (0,0) size 980x819
    RenderBody {BODY} at (8,8) size 964x803
      RenderBlock {P} at (0,0) size 964x19
        RenderText {#text} at (0,0) size 375x19
          text run at (0,0) width 375: "Tests: the height attribute for the marquee tag"
        RenderBR {BR} at (375,15) size 0x0
      RenderBlock {P} at (0,35) size 964x76
        RenderText {#text} at (0,0) size 88x19
          text run at (0,0) width 88: "Conditions:"
        RenderBR {BR} at (88,15) size 0x0
        RenderText {#text} at (0,19) size 961x57
          text run at (0,19) width 903: "Because marquee is a WinIE element, we are honoring their treatment of the heigh attribute by making sure it is"
          text run at (0,38) width 219: "overridden when the given "
          text run at (219,38) width 742: "height is smaller than the font height. We also make sure that the default height of a vertical"
          text run at (0,57) width 149: "marquee is 200px."
      RenderBlock {P} at (0,127) size 964x57
        RenderText {#text} at (0,0) size 945x57
          text run at (0,0) width 921: "If successful, in the horizontal group, the pink marquee should be large, and the others should all be the same size."
          text run at (0,19) width 135: "None of the text "
          text run at (135,19) width 810: "should be cut off. In the vertical group, the aqua marquee should be 200px, and the others should be"
          text run at (0,38) width 54: "100px."
      RenderBlock {HR} at (0,200) size 964x2 [border: (1px inset #000000)]
      RenderBlock (anonymous) at (0,210) size 964x593
        RenderText {#text} at (0,0) size 0x0
        RenderBR {BR} at (0,0) size 0x0
        RenderText {#text} at (0,0) size 0x0
        RenderBR {BR} at (0,0) size 0x0
        RenderText {#text} at (0,0) size 0x0
        RenderBR {BR} at (0,0) size 0x0
        RenderText {#text} at (0,0) size 0x0
        RenderText {#text} at (0,0) size 0x0
        RenderBR {BR} at (0,0) size 0x0
        RenderBR {BR} at (0,170) size 0x19
        RenderBR {BR} at (0,189) size 0x19
        RenderBlock {DIV} at (0,393) size 137x200 [bgcolor=#008000]
          RenderText {#text} at (0,0) size 137x19
            text run at (0,0) width 137: "This is 200px tall."
        RenderText {#text} at (137,393) size 5x19
          text run at (137,393) width 5: " "
        RenderText {#text} at (342,393) size 5x19
          text run at (342,393) width 5: " "
        RenderText {#text} at (547,393) size 5x19
          text run at (547,393) width 5: " "
        RenderText {#text} at (752,393) size 5x19
          text run at (752,393) width 5: " "
        RenderBlock {DIV} at (757,393) size 137x100 [bgcolor=#008000]
          RenderText {#text} at (0,0) size 137x19
            text run at (0,0) width 137: "This is 100px tall."
        RenderText {#text} at (0,0) size 0x0
layer at (8,218) size 964x16 scrollX -964 scrollWidth 2235 scrollHeight 19
  RenderBlock {MARQUEE} at (0,0) size 964x16 [bgcolor=#00FFFF]
    RenderInline {B} at (0,0) size 2235x19
      RenderText {#text} at (0,0) size 2235x19
        text run at (0,0) width 983: "Four Irish players have been named on the starting team for Saturday's Test game, with two on the bench. "
        text run at (983,0) width 148: "Paul O' Connell, "
        text run at (1131,0) width 1104: "Donncha O' Callaghan, Simon Easterby and Geordan Murphy all start with Ronan O' Gara and Shane Horgan on the bench."
    RenderText {#text} at (0,0) size 0x0
layer at (8,234) size 964x16 scrollX -964 scrollWidth 2235 scrollHeight 19
  RenderBlock {MARQUEE} at (0,16) size 964x16 [bgcolor=#FFFF00]
    RenderInline {B} at (0,0) size 2235x19
      RenderText {#text} at (0,0) size 2235x19
        text run at (0,0) width 983: "Four Irish players have been named on the starting team for Saturday's Test game, with two on the bench. "
        text run at (983,0) width 148: "Paul O' Connell, "
        text run at (1131,0) width 1104: "Donncha O' Callaghan, Simon Easterby and Geordan Murphy all start with Ronan O' Gara and Shane Horgan on the bench."
    RenderText {#text} at (0,0) size 0x0
layer at (8,250) size 964x19 scrollX -964 scrollWidth 2235
  RenderBlock {MARQUEE} at (0,32) size 964x19 [bgcolor=#FFA500]
    RenderInline {B} at (0,0) size 2235x19
      RenderText {#text} at (0,0) size 2235x19
        text run at (0,0) width 983: "Four Irish players have been named on the starting team for Saturday's Test game, with two on the bench. "
        text run at (983,0) width 148: "Paul O' Connell, "
        text run at (1131,0) width 1104: "Donncha O' Callaghan, Simon Easterby and Geordan Murphy all start with Ronan O' Gara and Shane Horgan on the bench."
    RenderText {#text} at (0,0) size 0x0
layer at (8,269) size 964x19 scrollX -964 scrollWidth 2235
  RenderBlock {MARQUEE} at (0,51) size 964x19 [bgcolor=#A52A2A]
    RenderInline {B} at (0,0) size 2235x19
      RenderText {#text} at (0,0) size 2235x19
        text run at (0,0) width 983: "Four Irish players have been named on the starting team for Saturday's Test game, with two on the bench. "
        text run at (983,0) width 148: "Paul O' Connell, "
        text run at (1131,0) width 1104: "Donncha O' Callaghan, Simon Easterby and Geordan Murphy all start with Ronan O' Gara and Shane Horgan on the bench."
    RenderText {#text} at (0,0) size 0x0
layer at (8,288) size 964x100 scrollX -964 scrollWidth 2235
  RenderBlock {MARQUEE} at (0,70) size 964x100 [bgcolor=#FFC0CB]
    RenderInline {B} at (0,0) size 2235x19
      RenderText {#text} at (0,0) size 2235x19
        text run at (0,0) width 983: "Four Irish players have been named on the starting team for Saturday's Test game, with two on the bench. "
        text run at (983,0) width 148: "Paul O' Connell, "
        text run at (1131,0) width 1104: "Donncha O' Callaghan, Simon Easterby and Geordan Murphy all start with Ronan O' Gara and Shane Horgan on the bench."
    RenderText {#text} at (0,0) size 0x0
layer at (150,426) size 200x200 scrollY -200 scrollHeight 475
  RenderBlock {MARQUEE} at (142,208) size 200x200 [bgcolor=#00FFFF]
    RenderText {#text} at (0,0) size 193x475
      text run at (0,0) width 174: "Lorem ipsum dolor sit"
      text run at (0,19) width 157: "amet, consectetuer"
      text run at (0,38) width 191: "adipiscing elit, sed diam"
      text run at (0,57) width 193: "nonummy nibh euismod"
      text run at (0,76) width 152: "tincidunt ut laoreet"
      text run at (0,95) width 181: "dolore magna aliquam"
      text run at (0,114) width 165: "erat volutpat. Ut wisi"
      text run at (0,133) width 189: "enim ad minim veniam,"
      text run at (0,152) width 152: "quis nostrud exerci"
      text run at (0,171) width 148: "tation ullamcorper"
      text run at (0,190) width 175: "suscipit lobortis nisl ut"
      text run at (0,209) width 187: "aliquip ex ea commodo"
      text run at (0,228) width 184: "consequat. Duis autem"
      text run at (0,247) width 176: "vel eum iriure dolor in"
      text run at (0,266) width 173: "hendrerit in vulputate"
      text run at (0,285) width 147: "velit esse molestie"
      text run at (0,304) width 159: "consequat, vel illum"
      text run at (0,323) width 180: "dolore eu feugiat nulla"
      text run at (0,342) width 180: "facilisis at vero eros et"
      text run at (0,361) width 185: "accumsan et iusto odio"
      text run at (0,380) width 162: "dignissim qui blandit"
      text run at (0,399) width 184: "praesent luptatum zzril"
      text run at (0,418) width 146: "delenit augue duis"
      text run at (0,437) width 176: "dolore te feugait nulla"
      text run at (0,456) width 54: "facilisi."
layer at (355,526) size 200x100 scrollY -100 scrollHeight 475
  RenderBlock {MARQUEE} at (347,308) size 200x100 [bgcolor=#FFFF00]
    RenderText {#text} at (0,0) size 193x475
      text run at (0,0) width 174: "Lorem ipsum dolor sit"
      text run at (0,19) width 157: "amet, consectetuer"
      text run at (0,38) width 191: "adipiscing elit, sed diam"
      text run at (0,57) width 193: "nonummy nibh euismod"
      text run at (0,76) width 152: "tincidunt ut laoreet"
      text run at (0,95) width 181: "dolore magna aliquam"
      text run at (0,114) width 165: "erat volutpat. Ut wisi"
      text run at (0,133) width 189: "enim ad minim veniam,"
      text run at (0,152) width 152: "quis nostrud exerci"
      text run at (0,171) width 148: "tation ullamcorper"
      text run at (0,190) width 175: "suscipit lobortis nisl ut"
      text run at (0,209) width 187: "aliquip ex ea commodo"
      text run at (0,228) width 184: "consequat. Duis autem"
      text run at (0,247) width 176: "vel eum iriure dolor in"
      text run at (0,266) width 173: "hendrerit in vulputate"
      text run at (0,285) width 147: "velit esse molestie"
      text run at (0,304) width 159: "consequat, vel illum"
      text run at (0,323) width 180: "dolore eu feugiat nulla"
      text run at (0,342) width 180: "facilisis at vero eros et"
      text run at (0,361) width 185: "accumsan et iusto odio"
      text run at (0,380) width 162: "dignissim qui blandit"
      text run at (0,399) width 184: "praesent luptatum zzril"
      text run at (0,418) width 146: "delenit augue duis"
      text run at (0,437) width 176: "dolore te feugait nulla"
      text run at (0,456) width 54: "facilisi."
layer at (560,526) size 200x100 scrollY -100 scrollHeight 475
  RenderBlock {MARQUEE} at (552,308) size 200x100 [bgcolor=#FF0000]
    RenderText {#text} at (0,0) size 193x475
      text run at (0,0) width 174: "Lorem ipsum dolor sit"
      text run at (0,19) width 157: "amet, consectetuer"
      text run at (0,38) width 191: "adipiscing elit, sed diam"
      text run at (0,57) width 193: "nonummy nibh euismod"
      text run at (0,76) width 152: "tincidunt ut laoreet"
      text run at (0,95) width 181: "dolore magna aliquam"
      text run at (0,114) width 165: "erat volutpat. Ut wisi"
      text run at (0,133) width 189: "enim ad minim veniam,"
      text run at (0,152) width 152: "quis nostrud exerci"
      text run at (0,171) width 148: "tation ullamcorper"
      text run at (0,190) width 175: "suscipit lobortis nisl ut"
      text run at (0,209) width 187: "aliquip ex ea commodo"
      text run at (0,228) width 184: "consequat. Duis autem"
      text run at (0,247) width 176: "vel eum iriure dolor in"
      text run at (0,266) width 173: "hendrerit in vulputate"
      text run at (0,285) width 147: "velit esse molestie"
      text run at (0,304) width 159: "consequat, vel illum"
      text run at (0,323) width 180: "dolore eu feugiat nulla"
      text run at (0,342) width 180: "facilisis at vero eros et"
      text run at (0,361) width 185: "accumsan et iusto odio"
      text run at (0,380) width 162: "dignissim qui blandit"
      text run at (0,399) width 184: "praesent luptatum zzril"
      text run at (0,418) width 146: "delenit augue duis"
      text run at (0,437) width 176: "dolore te feugait nulla"
      text run at (0,456) width 54: "facilisi."
