layer at (0,0) size 980x735
  RenderView at (0,0) size 980x735
layer at (0,0) size 980x735
  RenderBlock {HTML} at (0,0) size 980x735
    RenderBody {BODY} at (8,8) size 964x719
layer at (8,8) size 212x100
  RenderBlock (positioned) {DIV} at (8,8) size 212x100 [bgcolor=#FF0000]
    RenderText {#text} at (0,0) size 212x19
      text run at (0,0) width 212: "This should be 100px high."
