layer at (0,0) size 980x735
  RenderView at (0,0) size 980x735
layer at (0,0) size 980x201
  RenderBlock {HTML} at (0,0) size 980x201
    RenderBody {BODY} at (8,16) size 964x177
      RenderBlock {P} at (0,0) size 964x38
        RenderText {#text} at (0,0) size 952x38
          text run at (0,0) width 952: "The following two phrases should appear identical. The second line of text should overlap both the first line and the red"
          text run at (0,19) width 59: "border."
      RenderBlock {DIV} at (0,54) size 424x52 [border: (2px solid #FF0000)]
        RenderBlock {DIV} at (12,12) size 400x38
          RenderText {#text} at (0,-18) size 333x75
            text run at (0,-18) width 313: "Lorem ipsum"
            text run at (0,1) width 333: "dolor sit amet"
      RenderBlock (anonymous) at (0,106) size 964x19
        RenderBR {BR} at (0,0) size 0x19
      RenderBlock {DIV} at (0,125) size 424x52 [border: (2px solid #FF0000)]
        RenderBlock {DIV} at (12,12) size 400x38
          RenderText {#text} at (0,-18) size 333x75
            text run at (0,-18) width 313: "Lorem ipsum"
            text run at (0,1) width 333: "dolor sit amet"
