layer at (0,0) size 980x735
  RenderView at (0,0) size 980x735
layer at (0,0) size 980x735
  RenderBlock {HTML} at (0,0) size 980x735
    RenderBody {BODY} at (8,8) size 964x719
      RenderBlock {DIV} at (0,38) size 964x0
layer at (8,8) size 964x38
  RenderBlock {DIV} at (0,0) size 964x38
    RenderTable at (0,0) size 964x38
      RenderTableSection (anonymous) at (0,0) size 964x38
layer at (8,8) size 964x38
  RenderTableRow {DIV} at (0,0) size 964x38
    RenderTableCell (anonymous) at (0,0) size 964x38 [r=0 c=0 rs=1 cs=1]
      RenderText {#text} at (0,0) size 955x38
        text run at (0,0) width 955: "To test this manually, first make sure you can see this text at all, and then hover over it and make sure the background"
        text run at (0,19) width 85: "turns blue."
