layer at (0,0) size 1120x735
  RenderView at (0,0) size 980x735
layer at (0,0) size 980x735
  RenderBlock {HTML} at (0,0) size 980x735
    RenderBody {BODY} at (8,8) size 964x719
      RenderBlock {DIV} at (0,0) size 964x19
        RenderText {#text} at (0,0) size 489x19
          text run at (0,0) width 489: "The six boxes below should be centered in two rows of three."
layer at (490,27) size 630x420
  RenderBlock (floating) {DIV} at (0,19) size 630x420
    RenderBR {BR} at (630,0) size 0x19
    RenderText {#text} at (0,0) size 0x0
    RenderText {#text} at (0,0) size 0x0
    RenderText {#text} at (0,0) size 0x0
layer at (180,32) size 200x200
  RenderBlock (floating) {DIV} at (5,5) size 200x200 [bgcolor=#000000]
    RenderImage {IMG} at (0,0) size 200x200
layer at (390,32) size 200x200
  RenderBlock (floating) {DIV} at (215,5) size 200x200 [bgcolor=#000000]
    RenderImage {IMG} at (0,0) size 200x200
layer at (600,32) size 200x200
  RenderBlock (floating) {DIV} at (425,5) size 200x200 [bgcolor=#000000]
    RenderImage {IMG} at (0,0) size 200x200
layer at (180,242) size 200x200
  RenderBlock (floating) {DIV} at (5,215) size 200x200 [bgcolor=#000000]
    RenderImage {IMG} at (0,0) size 200x200
layer at (390,242) size 200x200
  RenderBlock (floating) {DIV} at (215,215) size 200x200 [bgcolor=#000000]
    RenderImage {IMG} at (0,0) size 200x200
layer at (600,242) size 200x200
  RenderBlock (floating) {DIV} at (425,215) size 200x200 [bgcolor=#000000]
    RenderImage {IMG} at (0,0) size 200x200
