layer at (0,0) size 980x735
  RenderView at (0,0) size 980x735
layer at (0,0) size 980x735
  RenderBlock {HTML} at (0,0) size 980x735
    RenderBody {BODY} at (8,8) size 964x711
      RenderBlock {P} at (0,0) size 964x0
        RenderInline {SPAN} at (0,0) size 0x0
        RenderText {#text} at (0,0) size 0x0
        RenderText {#text} at (0,0) size 0x0
      RenderBlock {P} at (0,0) size 964x133
        RenderInline {SPAN} at (0,0) size 0x19
          RenderBR {BR} at (0,0) size 0x19
        RenderText {#text} at (0,0) size 0x0
        RenderBR {BR} at (0,19) size 0x19
        RenderBR {BR} at (0,38) size 0x19
        RenderBR {BR} at (0,57) size 0x19
        RenderBR {BR} at (0,76) size 0x19
        RenderBR {BR} at (0,95) size 0x19
        RenderBR {BR} at (0,114) size 0x19
      RenderBlock {P} at (0,149) size 964x152
        RenderInline {SPAN} at (0,0) size 9x38
          RenderBR {BR} at (0,0) size 0x19
          RenderText {#text} at (0,19) size 9x19
            text run at (0,19) width 9: "x"
        RenderText {#text} at (9,19) size 5x19
          text run at (9,19) width 5: " "
        RenderBR {BR} at (14,34) size 0x0
        RenderBR {BR} at (0,38) size 0x19
        RenderBR {BR} at (0,57) size 0x19
        RenderBR {BR} at (0,76) size 0x19
        RenderBR {BR} at (0,95) size 0x19
        RenderBR {BR} at (0,114) size 0x19
        RenderBR {BR} at (0,133) size 0x19
      RenderBlock {P} at (0,317) size 964x38
        RenderInline {SPAN} at (0,0) size 9x38
          RenderText {#text} at (0,0) size 9x19
            text run at (0,0) width 9: "x"
          RenderBR {BR} at (9,15) size 0x0
          RenderBR {BR} at (0,19) size 0x19
        RenderText {#text} at (0,0) size 0x0
