layer at (0,0) size 980x735
  RenderView at (0,0) size 980x735
layer at (0,0) size 980x735
  RenderBlock {HTML} at (0,0) size 980x735
    RenderBody {BODY} at (8,8) size 964x719
      RenderBlock {DIV} at (0,0) size 964x719
layer at (8,375) size 964x19
  RenderBlock (relative positioned) {DIV} at (0,0) size 964x19
    RenderText {#text} at (0,0) size 515x19
      text run at (0,0) width 515: "This test passes if the text is rendered in the middle of the page."
