layer at (0,0) size 980x735
  RenderView at (0,0) size 980x735
layer at (0,0) size 980x735
  RenderBlock {HTML} at (0,0) size 980x735
    RenderBody {BODY} at (8,8) size 964x719
      RenderBlock {DIV} at (0,0) size 964x21 [border: (1px solid #FF0000)]
      RenderBlock {DIV} at (0,21) size 964x21 [border: (1px solid #FF0000)]
layer at (9,9) size 962x19
  RenderBlock (relative positioned) {DIV} at (1,1) size 962x19
    RenderText {#text} at (0,0) size 772x19
      text run at (0,0) width 772: "This text with top percent relative and containing block auto should appear inside the red border"
layer at (9,30) size 962x19
  RenderBlock (relative positioned) {DIV} at (1,1) size 962x19
    RenderText {#text} at (0,0) size 804x19
      text run at (0,0) width 804: "This text with bottom percent relative and containing block auto should appear inside the red border"
