layer at (0,0) size 980x735
  RenderView at (0,0) size 980x735
layer at (0,0) size 980x735
  RenderBlock {HTML} at (0,0) size 980x735
    RenderBody {BODY} at (8,8) size 964x719
      RenderBlock {DIV} at (0,0) size 964x30 [bgcolor=#F5F5DC]
layer at (8,14) size 708x19
  RenderBlock (positioned) {DIV} at (8,14) size 708x19
    RenderText {#text} at (0,0) size 708x19
      text run at (0,0) width 708: "This text should appear inside the beige bar, due the the element's negative margin-top."
