layer at (0,0) size 980x735
  RenderView at (0,0) size 980x735
layer at (0,0) size 980x735
  RenderBlock {HTML} at (0,0) size 980x735
    RenderBody {BODY} at (8,8) size 964x711
      RenderBlock {P} at (0,0) size 86x44 [border: (3px solid #0000FF)]
        RenderInline (generated) at (0,0) size 99x19
          RenderText at (3,3) size 99x19
            text run at (3,3) width 99: "AAAAAAAAA"
        RenderText {#text} at (102,3) size 121x38
          text run at (102,3) width 22: "AA"
          text run at (3,22) width 22: "BB"
      RenderBlock {P} at (0,60) size 86x25 [border: (3px solid #0000FF)]
        RenderInline (generated) at (0,0) size 99x19
          RenderText at (3,3) size 99x19
            text run at (3,3) width 99: "AAAAAAAAA"
        RenderText {#text} at (102,3) size 55x19
          text run at (102,3) width 55: "AAAAA"
      RenderBlock {P} at (0,101) size 86x44 [border: (3px solid #0000FF)]
        RenderInline (generated) at (0,0) size 44x38
          RenderText at (3,3) size 44x38
            text run at (3,3) width 44: "AAAA"
            text run at (3,22) width 44: "BBBB"
        RenderText {#text} at (47,22) size 55x19
          text run at (47,22) width 55: "BBBBB"
      RenderBlock {P} at (0,161) size 86x44 [border: (3px solid #0000FF)]
        RenderInline (generated) at (0,0) size 99x19
          RenderText at (3,3) size 99x19
            text run at (3,3) width 99: "AAAAAAAAA"
        RenderText {#text} at (102,3) size 121x38
          text run at (102,3) width 22: "AA"
          text run at (3,22) width 22: "ZZ"
        RenderInline (generated) at (0,0) size 99x19
          RenderText at (25,22) size 99x19
            text run at (25,22) width 99: "ZZZZZZZZZ"
      RenderBlock {P} at (0,221) size 86x25 [border: (3px solid #0000FF)]
        RenderInline (generated) at (0,0) size 99x19
          RenderText at (3,3) size 99x19
            text run at (3,3) width 99: "AAAAAAAAA"
        RenderText {#text} at (102,3) size 70x19
          text run at (102,3) width 70: "MMMMM"
        RenderInline (generated) at (0,0) size 99x19
          RenderText at (172,3) size 99x19
            text run at (172,3) width 99: "ZZZZZZZZZ"
      RenderBlock {P} at (0,262) size 86x44 [border: (3px solid #0000FF)]
        RenderText {#text} at (3,3) size 50x19
          text run at (3,3) width 50: "YYYYY"
        RenderInline (generated) at (0,0) size 90x38
          RenderText at (53,3) size 90x38
            text run at (53,3) width 40: "YYYY"
            text run at (3,22) width 44: "ZZZZ"
      RenderBlock {P} at (0,322) size 86x44 [border: (3px solid #0000FF)]
        RenderText {#text} at (3,3) size 22x38
          text run at (3,3) width 20: "YY"
          text run at (3,22) width 22: "ZZ"
        RenderInline (generated) at (0,0) size 99x19
          RenderText at (25,22) size 99x19
            text run at (25,22) width 99: "ZZZZZZZZZ"
      RenderBlock {P} at (0,382) size 86x25 [border: (3px solid #0000FF)]
        RenderText {#text} at (3,3) size 55x19
          text run at (3,3) width 55: "ZZZZZ"
        RenderInline (generated) at (0,0) size 99x19
          RenderText at (58,3) size 99x19
            text run at (58,3) width 99: "ZZZZZZZZZ"
