layer at (0,0) size 980x735
  RenderView at (0,0) size 980x735
layer at (0,0) size 980x735
  RenderBlock {HTML} at (0,0) size 980x735
    RenderBody {BODY} at (8,8) size 964x719
      RenderBlock {DIV} at (0,0) size 964x179 [border: (80px solid #FF0000)]
        RenderText {#text} at (80,80) size 262x19
          text run at (80,80) width 262: "This border should be 5em thick."
      RenderBlock {DIV} at (0,179) size 100x57 [bgcolor=#00FF00]
        RenderText {#text} at (0,0) size 96x57
          text run at (0,0) width 60: "This div"
          text run at (0,19) width 77: "should be"
          text run at (0,38) width 96: "100px wide."
