layer at (0,0) size 980x735
  RenderView at (0,0) size 980x735
layer at (0,0) size 980x735
  RenderBlock {HTML} at (0,0) size 980x735
    RenderBody {BODY} at (8,8) size 964x719
      RenderText {#text} at (0,0) size 867x75
        text run at (0,0) width 867: "This is a test to make sure rem units used on the root"
        text run at (0,37) width 751: "element are relative to the user agent default."
