layer at (0,0) size 980x735
  RenderView at (0,0) size 980x735
layer at (0,0) size 980x735
  RenderBlock {HTML} at (0,0) size 980x735
    RenderBody {BODY} at (8,8) size 964x677
      RenderBlock {HR} at (0,0) size 964x2 [border: (1px inset #000000)]
      RenderBlock {P} at (0,18) size 964x19
        RenderText {#text} at (0,0) size 67x19
          text run at (0,0) width 67: "Test for "
        RenderInline {I} at (0,0) size 817x19
          RenderInline {A} at (0,0) size 380x19 [color=#0000EE]
            RenderText {#text} at (67,0) size 380x19
              text run at (67,0) width 380: "https://bugs.webkit.org/show_bug.cgi?id=22118"
          RenderText {#text} at (447,0) size 437x19
            text run at (447,0) width 5: " "
            text run at (452,0) width 432: "Resize corner does not track in transformed elements"
        RenderText {#text} at (884,0) size 5x19
          text run at (884,0) width 5: "."
      RenderBlock {HR} at (0,53) size 964x2 [border: (1px inset #000000)]
layer at (58,113) size 163x129 clip at (60,115) size 159x125
  RenderBlock {DIV} at (50,105) size 163x129 [border: (2px solid #0000FF)]
