layer at (0,0) size 980x735
  RenderView at (0,0) size 980x735
layer at (0,0) size 980x735
  RenderBlock {HTML} at (0,0) size 980x735
    RenderBody {BODY} at (8,8) size 964x719
      RenderBlock {HR} at (0,0) size 964x2 [border: (1px inset #000000)]
      RenderBlock {P} at (0,18) size 964x19
        RenderText {#text} at (0,0) size 67x19
          text run at (0,0) width 67: "Test for "
        RenderInline {I} at (0,0) size 839x19
          RenderInline {A} at (0,0) size 426x19 [color=#0000EE]
            RenderText {#text} at (67,0) size 426x19
              text run at (67,0) width 426: "http://bugzilla.opendarwin.org/show_bug.cgi?id=9547"
          RenderText {#text} at (493,0) size 413x19
            text run at (493,0) width 5: " "
            text run at (498,0) width 408: "Resize corner does not track the mouse accurately"
        RenderText {#text} at (906,0) size 5x19
          text run at (906,0) width 5: "."
      RenderBlock {HR} at (0,53) size 964x2 [border: (1px inset #000000)]
      RenderBlock (anonymous) at (0,188) size 964x190
        RenderText {#text} at (169,106) size 5x19
          text run at (169,106) width 5: " "
        RenderBR {BR} at (0,0) size 0x0
        RenderText {#text} at (0,0) size 0x0
layer at (8,71) size 173x125 clip at (10,73) size 169x121
  RenderBlock {DIV} at (0,63) size 173x125 [border: (2px solid #0000FF)]
layer at (8,196) size 169x121 clip at (10,198) size 165x117
  RenderTextControl {TEXTAREA} at (0,0) size 169x121 [bgcolor=#FFFFFF] [border: (2px solid #0000FF)]
    RenderBlock {DIV} at (4,4) size 161x15
layer at (10,323) size 201x61
  RenderTextControl {TEXTAREA} at (2,127) size 201x61 [bgcolor=#FFFFFF]
    RenderBlock {DIV} at (4,6) size 194x15
