layer at (0,0) size 980x735
  RenderView at (0,0) size 980x735
layer at (0,0) size 980x137
  RenderBlock {HTML} at (0,0) size 980x137
    RenderBody {BODY} at (8,21) size 964x95 [color=#008000]
      RenderBlock {H1} at (0,0) size 964x37
        RenderText {#text} at (0,0) size 535x38
          text run at (0,0) width 535: "This should be green, not red"
      RenderBlock {H1} at (0,58) size 964x37
        RenderText {#text} at (0,0) size 553x38
          text run at (0,0) width 553: "This should be green, not blue"
