layer at (0,0) size 980x735
  RenderView at (0,0) size 980x735
layer at (876,0) size 104x104
  RenderBlock {HTML} at (876,0) size 104x104 [border: (2px solid #000000)]
    RenderBody {BODY} at (10,10) size 84x19
      RenderText {#text} at (8,0) size 76x19
        text run at (8,0) width 5 RTL: "."
        text run at (13,0) width 71: "This is rtl"
