layer at (0,0) size 980x735
  RenderView at (0,0) size 980x735
layer at (0,0) size 980x735
  RenderBlock {HTML} at (0,0) size 980x735
    RenderBody {BODY} at (8,8) size 964x719
      RenderBlock {DIV} at (0,0) size 964x19
        RenderText {#text} at (0,0) size 683x19
          text run at (0,0) width 683: "The text below should be left-justified since text-align does not inherit in quirks mode."
      RenderBlock {DIV} at (0,19) size 964x27
        RenderTable {TABLE} at (0,0) size 108x27 [border: (1px solid #000000)]
          RenderTableSection {TBODY} at (1,1) size 106x25
            RenderTableRow {TR} at (0,2) size 106x21
              RenderTableCell {TD} at (2,2) size 102x21 [r=0 c=0 rs=1 cs=1]
                RenderText {#text} at (1,1) size 43x19
                  text run at (1,1) width 43: "hello."
