layer at (0,0) size 980x735
  RenderView at (0,0) size 980x735
layer at (0,0) size 980x51
  RenderBlock {HTML} at (0,0) size 980x51
    RenderBody {BODY} at (8,16) size 964x19
      RenderBlock {DIV} at (0,0) size 964x19
        RenderBlock {P} at (0,0) size 964x19
          RenderText {#text} at (0,0) size 783x19
            text run at (0,0) width 783: "I should be highlighted first because of the anchor, and de-highlighted when there is no fragment."
