layer at (0,0) size 980x755
  RenderView at (0,0) size 980x735
layer at (0,0) size 980x755
  RenderBlock {HTML} at (0,0) size 980x755
    RenderBody {BODY} at (8,8) size 964x727
      RenderBlock (anonymous) at (0,0) size 964x95
        RenderText {#text} at (0,0) size 709x19
          text run at (0,0) width 709: "This tests checks that the text-overflow:ellipsis property is handled correctly for bidi text."
        RenderBR {BR} at (709,0) size 0x19
        RenderBR {BR} at (0,19) size 0x19
        RenderText {#text} at (0,38) size 953x19
          text run at (0,38) width 953: "Pass if the ellipsis do not overlap the text and the underlines for the links are placed under the text and not the ellipsis. "
        RenderBR {BR} at (953,38) size 0x19
        RenderBR {BR} at (0,57) size 0x19
        RenderText {#text} at (0,76) size 35x19
          text run at (0,76) width 35: "RTL:"
      RenderBlock (anonymous) at (0,137) size 964x19
        RenderText {#text} at (0,0) size 110x19
          text run at (0,0) width 110: "RTL Override:"
      RenderBlock (anonymous) at (0,198) size 964x19
        RenderText {#text} at (0,0) size 67x19
          text run at (0,0) width 67: "RTL link:"
      RenderBlock (anonymous) at (0,259) size 964x19
        RenderText {#text} at (0,0) size 161x19
          text run at (0,0) width 161: "RTL with ltr content:"
      RenderBlock (anonymous) at (0,320) size 964x19
        RenderText {#text} at (0,0) size 193x19
          text run at (0,0) width 193: "RTL link with ltr content:"
      RenderBlock (anonymous) at (0,381) size 964x19
        RenderText {#text} at (0,0) size 67x19
          text run at (0,0) width 67: "LTR link:"
      RenderBlock (anonymous) at (0,442) size 964x19
        RenderText {#text} at (0,0) size 35x19
          text run at (0,0) width 35: "LTR:"
      RenderBlock (anonymous) at (0,503) size 964x19
        RenderText {#text} at (0,0) size 161x19
          text run at (0,0) width 161: "LTR with rtl content:"
      RenderBlock (anonymous) at (0,564) size 964x19
        RenderText {#text} at (0,0) size 218x19
          text run at (0,0) width 218: "LTR with forced rtl content:"
      RenderBlock (anonymous) at (0,625) size 964x19
        RenderText {#text} at (0,0) size 193x19
          text run at (0,0) width 193: "LTR link with rtl content:"
      RenderBlock (anonymous) at (0,686) size 964x19
        RenderText {#text} at (0,0) size 250x19
          text run at (0,0) width 250: "LTR link with forced rtl content:"
layer at (8,103) size 182x22 clip at (9,104) size 180x20 scrollX 200 scrollWidth 380
  RenderBlock {DIV} at (0,95) size 182x22 [border: (1px solid #000000)]
    RenderText {#text} at (-199,1) size 380x19
      text run at (-199,1) width 380 RTL: "\x{5DB}\x{5E9}\x{5D4}\x{5D8}\x{5E7}\x{5E1}\x{5D8} \x{5E2}\x{5E8}\x{5D5}\x{5DA} \x{5DE}\x{5D3}\x{5D9} \x{5E0}\x{5E8}\x{5E6}\x{5D4} \x{5DC}\x{5D4}\x{5D5}\x{5E1}\x{5D9}\x{5E3} \x{5D0}\x{5DC}\x{5D9}\x{5E4}\x{5E1}\x{5D5}\x{5EA} \x{5D1}\x{5E1}\x{5D5}\x{5E3} \x{5E9}\x{5D5}\x{5E8}\x{5D4}"
layer at (8,164) size 182x22 clip at (9,165) size 180x20 scrollX 230 scrollWidth 410
  RenderBlock {DIV} at (0,156) size 182x22 [border: (1px solid #000000)]
    RenderText {#text} at (-229,1) size 410x19
      text run at (-229,1) width 410 RTL override: "Lorem ipsum dolor sit amet, consectetur adipiscing"
layer at (8,225) size 182x22 clip at (9,226) size 180x20 scrollX 230 scrollWidth 410
  RenderBlock {DIV} at (0,217) size 182x22 [border: (1px solid #000000)]
    RenderInline {A} at (0,0) size 410x19 [color=#0000EE]
      RenderText {#text} at (-229,1) size 410x19
        text run at (-229,1) width 410 RTL override: "Lorem ipsum dolor sit amet, consectetur adipiscing"
    RenderText {#text} at (0,0) size 0x0
layer at (8,286) size 182x22 clip at (9,287) size 180x20 scrollX 230 scrollWidth 410
  RenderBlock {DIV} at (0,278) size 182x22 [border: (1px solid #000000)]
    RenderText {#text} at (-229,1) size 410x19
      text run at (-229,1) width 410: "Lorem ipsum dolor sit amet, consectetur adipiscing"
layer at (8,347) size 182x22 clip at (9,348) size 180x20 scrollX 230 scrollWidth 410
  RenderBlock {DIV} at (0,339) size 182x22 [border: (1px solid #000000)]
    RenderInline {A} at (0,0) size 410x19 [color=#0000EE]
      RenderText {#text} at (-229,1) size 410x19
        text run at (-229,1) width 410: "Lorem ipsum dolor sit amet, consectetur adipiscing"
    RenderText {#text} at (0,0) size 0x0
layer at (8,408) size 182x22 clip at (9,409) size 180x20 scrollWidth 410
  RenderBlock {DIV} at (0,400) size 182x22 [border: (1px solid #000000)]
    RenderInline {A} at (0,0) size 410x19 [color=#0000EE]
      RenderText {#text} at (1,1) size 410x19
        text run at (1,1) width 410: "Lorem ipsum dolor sit amet, consectetur adipiscing"
    RenderText {#text} at (0,0) size 0x0
layer at (8,469) size 182x22 clip at (9,470) size 180x20 scrollWidth 410
  RenderBlock {DIV} at (0,461) size 182x22 [border: (1px solid #000000)]
    RenderText {#text} at (1,1) size 410x19
      text run at (1,1) width 410: "Lorem ipsum dolor sit amet, consectetur adipiscing"
layer at (8,530) size 182x22 clip at (9,531) size 180x20 scrollWidth 380
  RenderBlock {DIV} at (0,522) size 182x22 [border: (1px solid #000000)]
    RenderText {#text} at (1,1) size 380x19
      text run at (1,1) width 380 RTL: "\x{5DB}\x{5E9}\x{5D4}\x{5D8}\x{5E7}\x{5E1}\x{5D8} \x{5E2}\x{5E8}\x{5D5}\x{5DA} \x{5DE}\x{5D3}\x{5D9} \x{5E0}\x{5E8}\x{5E6}\x{5D4} \x{5DC}\x{5D4}\x{5D5}\x{5E1}\x{5D9}\x{5E3} \x{5D0}\x{5DC}\x{5D9}\x{5E4}\x{5E1}\x{5D5}\x{5EA} \x{5D1}\x{5E1}\x{5D5}\x{5E3} \x{5E9}\x{5D5}\x{5E8}\x{5D4}"
layer at (8,591) size 182x22 clip at (9,592) size 180x20 scrollWidth 410
  RenderBlock {DIV} at (0,583) size 182x22 [border: (1px solid #000000)]
    RenderInline {SPAN} at (0,0) size 410x19
      RenderText {#text} at (1,1) size 410x19
        text run at (1,1) width 410 RTL override: "Lorem ipsum dolor sit amet, consectetur adipiscing"
    RenderText {#text} at (0,0) size 0x0
layer at (8,652) size 182x22 clip at (9,653) size 180x20 scrollWidth 380
  RenderBlock {DIV} at (0,644) size 182x22 [border: (1px solid #000000)]
    RenderInline {A} at (0,0) size 380x19 [color=#0000EE]
      RenderText {#text} at (1,1) size 380x19
        text run at (1,1) width 380 RTL: "\x{5DB}\x{5E9}\x{5D4}\x{5D8}\x{5E7}\x{5E1}\x{5D8} \x{5E2}\x{5E8}\x{5D5}\x{5DA} \x{5DE}\x{5D3}\x{5D9} \x{5E0}\x{5E8}\x{5E6}\x{5D4} \x{5DC}\x{5D4}\x{5D5}\x{5E1}\x{5D9}\x{5E3} \x{5D0}\x{5DC}\x{5D9}\x{5E4}\x{5E1}\x{5D5}\x{5EA} \x{5D1}\x{5E1}\x{5D5}\x{5E3} \x{5E9}\x{5D5}\x{5E8}\x{5D4}"
    RenderText {#text} at (0,0) size 0x0
layer at (8,713) size 182x22 clip at (9,714) size 180x20 scrollWidth 410
  RenderBlock {DIV} at (0,705) size 182x22 [border: (1px solid #000000)]
    RenderInline {A} at (0,0) size 410x19 [color=#0000EE]
      RenderText {#text} at (0,0) size 0x0
      RenderInline {SPAN} at (0,0) size 410x19
        RenderText {#text} at (1,1) size 410x19
          text run at (1,1) width 410 RTL override: "Lorem ipsum dolor sit amet, consectetur adipiscing"
      RenderText {#text} at (0,0) size 0x0
    RenderText {#text} at (0,0) size 0x0
