layer at (0,0) size 980x735
  RenderView at (0,0) size 980x735
layer at (0,0) size 980x139
  RenderBlock {HTML} at (0,0) size 980x139
    RenderBody {BODY} at (8,16) size 964x115
      RenderBlock {P} at (0,0) size 964x19
        RenderText {#text} at (0,0) size 387x19
          text run at (0,0) width 387: "This test checks that text input fields handle the "
        RenderInline {CODE} at (0,0) size 141x15
          RenderText {#text} at (387,3) size 141x15
            text run at (387,3) width 141: "-webkit-border-radius"
        RenderText {#text} at (528,0) size 374x19
          text run at (528,0) width 374: " CSS property correctly, or degrade gracefully."
      RenderBlock {P} at (0,35) size 964x19
        RenderText {#text} at (0,0) size 782x19
          text run at (0,0) width 782: "If the test passes, you will see a text entry field containing \"default text\" inside the grey div below."
      RenderBlock {DIV} at (0,70) size 163x45 [bgcolor=#888888]
        RenderTextControl {INPUT} at (11,9) size 133x21 [bgcolor=#00FF00] [border: (2px inset #000000)]
          RenderDeprecatedFlexibleBox {DIV} at (3,3) size 127x15
            RenderBlock {DIV} at (0,7) size 0x0
            RenderBlock {DIV} at (0,0) size 114x15
            RenderBlock {DIV} at (114,1) size 13x13
        RenderText {#text} at (0,0) size 0x0
layer at (22,98) size 114x15
  RenderBlock {DIV} at (0,0) size 114x15
    RenderText {#text} at (0,0) size 76x15
      text run at (0,0) width 76: "default text"
