layer at (0,0) size 980x735
  RenderView at (0,0) size 980x735
layer at (0,0) size 980x735
  RenderBlock {HTML} at (0,0) size 980x735
    RenderBody {BODY} at (8,8) size 964x711
      RenderBlock {P} at (0,0) size 964x19
        RenderText {#text} at (0,0) size 63x19
          text run at (0,0) width 63: "Bullets: "
        RenderInline {SPAN} at (0,0) size 27x19
          RenderText {#text} at (63,0) size 27x19
            text run at (63,0) width 27: "\x{2022}\x{2022}\x{2022}"
        RenderText {#text} at (90,0) size 5x19
          text run at (90,0) width 5: "."
      RenderBlock {P} at (0,35) size 964x19
        RenderText {#text} at (0,0) size 75x19
          text run at (0,0) width 75: "Squares: "
        RenderInline {SPAN} at (0,0) size 45x19
          RenderText {#text} at (75,0) size 45x19
            text run at (75,0) width 45: "\x{25A0}\x{25A0}\x{25A0}"
        RenderText {#text} at (120,0) size 5x19
          text run at (120,0) width 5: "."
      RenderBlock {P} at (0,70) size 964x19
        RenderText {#text} at (0,0) size 63x19
          text run at (0,0) width 63: "Circles: "
        RenderInline {SPAN} at (0,0) size 27x19
          RenderText {#text} at (63,0) size 27x19
            text run at (63,0) width 27: "\x{25E6}\x{25E6}\x{25E6}"
        RenderText {#text} at (90,0) size 5x19
          text run at (90,0) width 5: "."
      RenderBlock {P} at (0,105) size 964x19
        RenderText {#text} at (0,0) size 104x19
          text run at (0,0) width 104: "Plain letters: "
        RenderInline {SPAN} at (0,0) size 27x19
          RenderText {#text} at (104,0) size 27x19
            text run at (104,0) width 27: "xxx"
        RenderText {#text} at (131,0) size 5x19
          text run at (131,0) width 5: "."
      RenderBlock {P} at (0,140) size 964x19
        RenderText {#text} at (0,0) size 131x19
          text run at (0,0) width 131: "Bullets (invalid): "
        RenderInline {SPAN} at (0,0) size 27x19
          RenderText {#text} at (131,0) size 27x19
            text run at (131,0) width 27: "\x{2022}\x{2022}\x{2022}"
        RenderText {#text} at (158,0) size 5x19
          text run at (158,0) width 5: "."
      RenderBlock {P} at (0,175) size 964x19
        RenderText {#text} at (0,0) size 148x19
          text run at (0,0) width 148: "Bullets (dynamic): "
        RenderInline {SPAN} at (0,0) size 27x19
          RenderText {#text} at (148,0) size 27x19
            text run at (148,0) width 27: "\x{2022}\x{2022}\x{2022}"
        RenderText {#text} at (175,0) size 5x19
          text run at (175,0) width 5: "."
