layer at (0,0) size 980x735
  RenderView at (0,0) size 980x735
layer at (0,0) size 980x735
  RenderBlock {HTML} at (0,0) size 980x735
    RenderBody {BODY} at (8,8) size 964x707
      RenderBlock {P} at (0,0) size 964x57
        RenderText {#text} at (0,0) size 928x57
          text run at (0,0) width 919: "This file tests capitalisation with all sorts of odd things. There is some RTL text, some text with an inlined-div placed"
          text run at (0,19) width 928: "inside a word, an image between words as well as a div between words. Each word below should be capitalised, and"
          text run at (0,38) width 400: "there should be no capitals n the middle of words."
      RenderBlock {DIV} at (20,77) size 924x117 [border: (5px solid #FF0000)]
        RenderBlock {DIV} at (25,25) size 874x19
          RenderText {#text} at (839,0) size 35x19
            text run at (839,0) width 35 RTL override: "Capi"
          RenderInline {SPAN} at (0,0) size 20x19
            RenderText {#text} at (819,0) size 20x19
              text run at (819,0) width 20 RTL override: "tal"
          RenderText {#text} at (797,0) size 22x19
            text run at (797,0) width 22 RTL override: "ise"
        RenderBlock {DIV} at (25,44) size 874x48
          RenderBlock (anonymous) at (0,0) size 874x29
            RenderText {#text} at (0,10) size 32x19
              text run at (0,10) width 32: "A W"
            RenderInline {DIV} at (0,0) size 17x19
              RenderText {#text} at (32,10) size 17x19
                text run at (32,10) width 17: "or"
            RenderText {#text} at (49,10) size 51x19
              text run at (49,10) width 51: "d With"
            RenderImage {IMG} at (100,0) size 25x25
            RenderText {#text} at (125,10) size 77x19
              text run at (125,10) width 77: "An Image"
          RenderBlock {DIV} at (0,29) size 874x0
          RenderBlock (anonymous) at (0,29) size 874x19
            RenderText {#text} at (0,0) size 41x19
              text run at (0,0) width 41: "In Be"
            RenderInline {SPAN} at (0,0) size 19x19
              RenderText {#text} at (41,0) size 19x19
                text run at (41,0) width 19: "tw"
            RenderText {#text} at (60,0) size 30x19
              text run at (60,0) width 30: "een"
