layer at (0,0) size 980x735
  RenderView at (0,0) size 980x735
layer at (0,0) size 980x330
  RenderBlock {HTML} at (0,0) size 980x330
    RenderBody {BODY} at (8,16) size 964x298
      RenderBlock {P} at (0,0) size 964x19
        RenderText {#text} at (0,0) size 388x19
          text run at (0,0) width 388: "This test is a basic check for using text-overflow."
      RenderBlock {P} at (0,35) size 964x77
        RenderText {#text} at (0,0) size 585x19
          text run at (0,0) width 585: "Apply \"text-overflow:clip\" to inputs. The following input should be clipped:"
        RenderBR {BR} at (585,0) size 0x19
        RenderTextControl {INPUT} at (2,21) size 171x25 [bgcolor=#FFFFFF]
        RenderText {#text} at (175,24) size 5x19
          text run at (175,24) width 5: " "
        RenderTextControl {INPUT} at (182,21) size 171x25 [bgcolor=#FFFFFF]
          RenderDeprecatedFlexibleBox {DIV} at (4,6) size 164x15
            RenderBlock {DIV} at (0,7) size 0x0
            RenderBlock {DIV} at (0,0) size 151x15
            RenderBlock {DIV} at (151,1) size 13x13
        RenderText {#text} at (355,24) size 5x19
          text run at (355,24) width 5: " "
        RenderTextControl {INPUT} at (362,21) size 171x25 [bgcolor=#FFFFFF]
        RenderText {#text} at (535,24) size 5x19
          text run at (535,24) width 5: " "
        RenderTextControl {INPUT} at (542,21) size 171x25 [bgcolor=#FFFFFF]
          RenderDeprecatedFlexibleBox {DIV} at (4,6) size 164x15
            RenderBlock {DIV} at (0,7) size 0x0
            RenderBlock {DIV} at (0,0) size 151x15
            RenderBlock {DIV} at (151,1) size 13x13
        RenderText {#text} at (715,24) size 5x19
          text run at (715,24) width 5: " "
        RenderTextControl {INPUT} at (722,21) size 171x25 [bgcolor=#FFFFFF]
        RenderBR {BR} at (895,24) size 0x19
        RenderTextControl {INPUT} at (2,50) size 171x25 [bgcolor=#FFFFFF]
        RenderText {#text} at (175,53) size 5x19
          text run at (175,53) width 5: " "
        RenderTextControl {INPUT} at (182,50) size 171x25 [bgcolor=#FFFFFF]
          RenderDeprecatedFlexibleBox {DIV} at (4,6) size 164x15
            RenderBlock {DIV} at (0,7) size 0x0
            RenderBlock {DIV} at (0,0) size 151x15
            RenderBlock {DIV} at (151,1) size 13x13
        RenderText {#text} at (355,53) size 5x19
          text run at (355,53) width 5: " "
        RenderTextControl {INPUT} at (362,50) size 171x25 [bgcolor=#FFFFFF]
        RenderText {#text} at (535,53) size 5x19
          text run at (535,53) width 5: " "
        RenderTextControl {INPUT} at (542,50) size 171x25 [bgcolor=#FFFFFF]
          RenderDeprecatedFlexibleBox {DIV} at (4,6) size 164x15
            RenderBlock {DIV} at (0,7) size 0x0
            RenderBlock {DIV} at (0,0) size 151x15
            RenderBlock {DIV} at (151,1) size 13x13
        RenderText {#text} at (715,53) size 5x19
          text run at (715,53) width 5: " "
        RenderTextControl {INPUT} at (722,50) size 171x25 [bgcolor=#FFFFFF]
        RenderText {#text} at (0,0) size 0x0
      RenderBlock {P} at (0,128) size 964x77
        RenderText {#text} at (0,0) size 651x19
          text run at (0,0) width 651: "Apply \"text-overflow:ellipsis\" to inputs. The following input should show an ellipsis:"
        RenderBR {BR} at (651,0) size 0x19
        RenderTextControl {INPUT} at (2,21) size 171x25 [bgcolor=#FFFFFF]
        RenderText {#text} at (175,24) size 5x19
          text run at (175,24) width 5: " "
        RenderTextControl {INPUT} at (182,21) size 171x25 [bgcolor=#FFFFFF]
          RenderDeprecatedFlexibleBox {DIV} at (4,6) size 164x15
            RenderBlock {DIV} at (0,7) size 0x0
            RenderBlock {DIV} at (0,0) size 151x15
            RenderBlock {DIV} at (151,1) size 13x13
        RenderText {#text} at (355,24) size 5x19
          text run at (355,24) width 5: " "
        RenderTextControl {INPUT} at (362,21) size 171x25 [bgcolor=#FFFFFF]
        RenderText {#text} at (535,24) size 5x19
          text run at (535,24) width 5: " "
        RenderTextControl {INPUT} at (542,21) size 171x25 [bgcolor=#FFFFFF]
          RenderDeprecatedFlexibleBox {DIV} at (4,6) size 164x15
            RenderBlock {DIV} at (0,7) size 0x0
            RenderBlock {DIV} at (0,0) size 151x15
            RenderBlock {DIV} at (151,1) size 13x13
        RenderText {#text} at (715,24) size 5x19
          text run at (715,24) width 5: " "
        RenderTextControl {INPUT} at (722,21) size 171x25 [bgcolor=#FFFFFF]
        RenderBR {BR} at (895,24) size 0x19
        RenderTextControl {INPUT} at (2,50) size 171x25 [bgcolor=#FFFFFF]
        RenderText {#text} at (175,53) size 5x19
          text run at (175,53) width 5: " "
        RenderTextControl {INPUT} at (182,50) size 171x25 [bgcolor=#FFFFFF]
          RenderDeprecatedFlexibleBox {DIV} at (4,6) size 164x15
            RenderBlock {DIV} at (0,7) size 0x0
            RenderBlock {DIV} at (0,0) size 151x15
            RenderBlock {DIV} at (151,1) size 13x13
        RenderText {#text} at (355,53) size 5x19
          text run at (355,53) width 5: " "
        RenderTextControl {INPUT} at (362,50) size 171x25 [bgcolor=#FFFFFF]
        RenderText {#text} at (535,53) size 5x19
          text run at (535,53) width 5: " "
        RenderTextControl {INPUT} at (542,50) size 171x25 [bgcolor=#FFFFFF]
          RenderDeprecatedFlexibleBox {DIV} at (4,6) size 164x15
            RenderBlock {DIV} at (0,7) size 0x0
            RenderBlock {DIV} at (0,0) size 151x15
            RenderBlock {DIV} at (151,1) size 13x13
        RenderText {#text} at (715,53) size 5x19
          text run at (715,53) width 5: " "
        RenderTextControl {INPUT} at (722,50) size 171x25 [bgcolor=#FFFFFF]
        RenderText {#text} at (0,0) size 0x0
      RenderBlock {P} at (0,221) size 964x77
        RenderText {#text} at (0,0) size 292x19
          text run at (0,0) width 292: "Dynamic style change text-overflow:"
        RenderBR {BR} at (292,0) size 0x19
        RenderText {#text} at (0,24) size 289x19
          text run at (0,24) width 289: "Clip to ellipsis (should show ellipsis): "
        RenderTextControl {INPUT} at (291,21) size 171x25 [bgcolor=#FFFFFF]
        RenderText {#text} at (464,24) size 5x19
          text run at (464,24) width 5: " "
        RenderTextControl {INPUT} at (471,21) size 171x25 [bgcolor=#FFFFFF]
        RenderText {#text} at (644,24) size 5x19
          text run at (644,24) width 5: " "
        RenderBR {BR} at (0,0) size 0x0
        RenderText {#text} at (0,53) size 318x19
          text run at (0,53) width 318: "Ellipsis to clip (should not show ellipsis): "
        RenderTextControl {INPUT} at (320,50) size 171x25 [bgcolor=#FFFFFF]
        RenderText {#text} at (493,53) size 5x19
          text run at (493,53) width 5: " "
        RenderTextControl {INPUT} at (500,50) size 171x25 [bgcolor=#FFFFFF]
        RenderText {#text} at (673,53) size 5x19
          text run at (673,53) width 5: " "
        RenderBR {BR} at (0,0) size 0x0
layer at (14,78) size 164x15 scrollWidth 359
  RenderBlock {DIV} at (4,6) size 164x15 [color=#A9A9A9]
    RenderText {#text} at (0,0) size 359x15
      text run at (0,0) width 359: "Lorem ipsum dolor sit amet, consectetur adipiscing elit"
layer at (14,78) size 164x15
  RenderBlock {DIV} at (4,6) size 164x15
layer at (194,78) size 151x15 scrollWidth 359
  RenderBlock {DIV} at (4,6) size 151x15 [color=#A9A9A9]
    RenderText {#text} at (0,0) size 359x15
      text run at (0,0) width 359: "Lorem ipsum dolor sit amet, consectetur adipiscing elit"
layer at (194,78) size 151x15
  RenderBlock {DIV} at (0,0) size 151x15
layer at (374,78) size 164x15 scrollWidth 360
  RenderBlock {DIV} at (4,6) size 164x15
    RenderText {#text} at (0,0) size 359x15
      text run at (0,0) width 359: "Lorem ipsum dolor sit amet, consectetur adipiscing elit"
layer at (554,78) size 151x15 scrollWidth 360
  RenderBlock {DIV} at (0,0) size 151x15
    RenderText {#text} at (0,0) size 359x15
      text run at (0,0) width 359: "Lorem ipsum dolor sit amet, consectetur adipiscing elit"
layer at (734,78) size 164x15 scrollWidth 441
  RenderBlock {DIV} at (4,6) size 164x15
    RenderText {#text} at (0,0) size 440x15
      text run at (0,0) width 440: "\x{2022}\x{2022}\x{2022}\x{2022}\x{2022}\x{2022}\x{2022}\x{2022}\x{2022}\x{2022}\x{2022}\x{2022}\x{2022}\x{2022}\x{2022}\x{2022}\x{2022}\x{2022}\x{2022}\x{2022}\x{2022}\x{2022}\x{2022}\x{2022}\x{2022}\x{2022}\x{2022}\x{2022}\x{2022}\x{2022}\x{2022}\x{2022}\x{2022}\x{2022}\x{2022}\x{2022}\x{2022}\x{2022}\x{2022}\x{2022}\x{2022}\x{2022}\x{2022}\x{2022}\x{2022}\x{2022}\x{2022}\x{2022}\x{2022}\x{2022}\x{2022}\x{2022}\x{2022}\x{2022}\x{2022}"
layer at (14,107) size 164x15 scrollX 195 scrollWidth 359
  RenderBlock {DIV} at (4,6) size 164x15 [color=#A9A9A9]
    RenderText {#text} at (-195,0) size 359x15
      text run at (-195,0) width 359: "Lorem ipsum dolor sit amet, consectetur adipiscing elit"
layer at (14,107) size 164x15
  RenderBlock {DIV} at (4,6) size 164x15
layer at (194,107) size 151x15 scrollX 208 scrollWidth 359
  RenderBlock {DIV} at (4,6) size 151x15 [color=#A9A9A9]
    RenderText {#text} at (-208,0) size 359x15
      text run at (-208,0) width 359: "Lorem ipsum dolor sit amet, consectetur adipiscing elit"
layer at (194,107) size 151x15
  RenderBlock {DIV} at (0,0) size 151x15
layer at (374,107) size 164x15 scrollX 195 scrollWidth 359
  RenderBlock {DIV} at (4,6) size 164x15
    RenderText {#text} at (-195,0) size 359x15
      text run at (-195,0) width 359: "Lorem ipsum dolor sit amet, consectetur adipiscing elit"
layer at (554,107) size 151x15 scrollX 208 scrollWidth 359
  RenderBlock {DIV} at (0,0) size 151x15
    RenderText {#text} at (-208,0) size 359x15
      text run at (-208,0) width 359: "Lorem ipsum dolor sit amet, consectetur adipiscing elit"
layer at (734,107) size 164x15 scrollX 276 scrollWidth 440
  RenderBlock {DIV} at (4,6) size 164x15
    RenderText {#text} at (-276,0) size 440x15
      text run at (-276,0) width 440 RTL: "\x{2022}\x{2022}\x{2022}\x{2022}\x{2022}\x{2022}\x{2022}\x{2022}\x{2022}\x{2022}\x{2022}\x{2022}\x{2022}\x{2022}\x{2022}\x{2022}\x{2022}\x{2022}\x{2022}\x{2022}\x{2022}\x{2022}\x{2022}\x{2022}\x{2022}\x{2022}\x{2022}\x{2022}\x{2022}\x{2022}\x{2022}\x{2022}\x{2022}\x{2022}\x{2022}\x{2022}\x{2022}\x{2022}\x{2022}\x{2022}\x{2022}\x{2022}\x{2022}\x{2022}\x{2022}\x{2022}\x{2022}\x{2022}\x{2022}\x{2022}\x{2022}\x{2022}\x{2022}\x{2022}\x{2022}"
layer at (14,171) size 164x15 scrollWidth 359
  RenderBlock {DIV} at (4,6) size 164x15 [color=#A9A9A9]
    RenderText {#text} at (0,0) size 359x15
      text run at (0,0) width 359: "Lorem ipsum dolor sit amet, consectetur adipiscing elit"
layer at (14,171) size 164x15
  RenderBlock {DIV} at (4,6) size 164x15
layer at (194,171) size 151x15 scrollWidth 359
  RenderBlock {DIV} at (4,6) size 151x15 [color=#A9A9A9]
    RenderText {#text} at (0,0) size 359x15
      text run at (0,0) width 359: "Lorem ipsum dolor sit amet, consectetur adipiscing elit"
layer at (194,171) size 151x15
  RenderBlock {DIV} at (0,0) size 151x15
layer at (374,171) size 164x15 scrollWidth 360
  RenderBlock {DIV} at (4,6) size 164x15
    RenderText {#text} at (0,0) size 359x15
      text run at (0,0) width 359: "Lorem ipsum dolor sit amet, consectetur adipiscing elit"
layer at (554,171) size 151x15 scrollWidth 360
  RenderBlock {DIV} at (0,0) size 151x15
    RenderText {#text} at (0,0) size 359x15
      text run at (0,0) width 359: "Lorem ipsum dolor sit amet, consectetur adipiscing elit"
layer at (734,171) size 164x15 scrollWidth 441
  RenderBlock {DIV} at (4,6) size 164x15
    RenderText {#text} at (0,0) size 440x15
      text run at (0,0) width 440: "\x{2022}\x{2022}\x{2022}\x{2022}\x{2022}\x{2022}\x{2022}\x{2022}\x{2022}\x{2022}\x{2022}\x{2022}\x{2022}\x{2022}\x{2022}\x{2022}\x{2022}\x{2022}\x{2022}\x{2022}\x{2022}\x{2022}\x{2022}\x{2022}\x{2022}\x{2022}\x{2022}\x{2022}\x{2022}\x{2022}\x{2022}\x{2022}\x{2022}\x{2022}\x{2022}\x{2022}\x{2022}\x{2022}\x{2022}\x{2022}\x{2022}\x{2022}\x{2022}\x{2022}\x{2022}\x{2022}\x{2022}\x{2022}\x{2022}\x{2022}\x{2022}\x{2022}\x{2022}\x{2022}\x{2022}"
layer at (14,200) size 164x15 scrollX 195 scrollWidth 359
  RenderBlock {DIV} at (4,6) size 164x15 [color=#A9A9A9]
    RenderText {#text} at (-195,0) size 359x15
      text run at (-195,0) width 359: "Lorem ipsum dolor sit amet, consectetur adipiscing elit"
layer at (14,200) size 164x15
  RenderBlock {DIV} at (4,6) size 164x15
layer at (194,200) size 151x15 scrollX 208 scrollWidth 359
  RenderBlock {DIV} at (4,6) size 151x15 [color=#A9A9A9]
    RenderText {#text} at (-208,0) size 359x15
      text run at (-208,0) width 359: "Lorem ipsum dolor sit amet, consectetur adipiscing elit"
layer at (194,200) size 151x15
  RenderBlock {DIV} at (0,0) size 151x15
layer at (374,200) size 164x15 scrollX 195 scrollWidth 359
  RenderBlock {DIV} at (4,6) size 164x15
    RenderText {#text} at (-195,0) size 359x15
      text run at (-195,0) width 359: "Lorem ipsum dolor sit amet, consectetur adipiscing elit"
layer at (554,200) size 151x15 scrollX 208 scrollWidth 359
  RenderBlock {DIV} at (0,0) size 151x15
    RenderText {#text} at (-208,0) size 359x15
      text run at (-208,0) width 359: "Lorem ipsum dolor sit amet, consectetur adipiscing elit"
layer at (734,200) size 164x15 scrollX 276 scrollWidth 440
  RenderBlock {DIV} at (4,6) size 164x15
    RenderText {#text} at (-276,0) size 440x15
      text run at (-276,0) width 440 RTL: "\x{2022}\x{2022}\x{2022}\x{2022}\x{2022}\x{2022}\x{2022}\x{2022}\x{2022}\x{2022}\x{2022}\x{2022}\x{2022}\x{2022}\x{2022}\x{2022}\x{2022}\x{2022}\x{2022}\x{2022}\x{2022}\x{2022}\x{2022}\x{2022}\x{2022}\x{2022}\x{2022}\x{2022}\x{2022}\x{2022}\x{2022}\x{2022}\x{2022}\x{2022}\x{2022}\x{2022}\x{2022}\x{2022}\x{2022}\x{2022}\x{2022}\x{2022}\x{2022}\x{2022}\x{2022}\x{2022}\x{2022}\x{2022}\x{2022}\x{2022}\x{2022}\x{2022}\x{2022}\x{2022}\x{2022}"
layer at (303,264) size 164x15 scrollWidth 359
  RenderBlock {DIV} at (4,6) size 164x15 [color=#A9A9A9]
    RenderText {#text} at (0,0) size 359x15
      text run at (0,0) width 359: "Lorem ipsum dolor sit amet, consectetur adipiscing elit"
layer at (303,264) size 164x15
  RenderBlock {DIV} at (4,6) size 164x15
layer at (483,264) size 164x15 scrollWidth 360
  RenderBlock {DIV} at (4,6) size 164x15
    RenderText {#text} at (0,0) size 359x15
      text run at (0,0) width 359: "Lorem ipsum dolor sit amet, consectetur adipiscing elit"
layer at (332,293) size 164x15 scrollWidth 359
  RenderBlock {DIV} at (4,6) size 164x15 [color=#A9A9A9]
    RenderText {#text} at (0,0) size 359x15
      text run at (0,0) width 359: "Lorem ipsum dolor sit amet, consectetur adipiscing elit"
layer at (332,293) size 164x15
  RenderBlock {DIV} at (4,6) size 164x15
layer at (512,293) size 164x15 scrollWidth 360
  RenderBlock {DIV} at (4,6) size 164x15
    RenderText {#text} at (0,0) size 359x15
      text run at (0,0) width 359: "Lorem ipsum dolor sit amet, consectetur adipiscing elit"
