layer at (0,0) size 980x735
  RenderView at (0,0) size 980x735
layer at (0,0) size 980x203
  RenderBlock {HTML} at (0,0) size 980x203
    RenderBody {BODY} at (8,16) size 964x179
      RenderBlock {P} at (0,0) size 964x19
        RenderText {#text} at (0,0) size 485x19
          text run at (0,0) width 485: "You should not see any pixel artifacts around the reflections."
      RenderBlock (anonymous) at (0,35) size 964x144
        RenderText {#text} at (140,125) size 5x19
          text run at (140,125) width 5: " "
        RenderText {#text} at (285,125) size 5x19
          text run at (285,125) width 5: " "
        RenderText {#text} at (0,0) size 0x0
layer at (28,71) size 100x100
  RenderBlock {DIV} at (20,20) size 100x100 [bgcolor=#000000]
layer at (173,71) size 100x100
  RenderBlock {DIV} at (165,20) size 100x100 [bgcolor=#000000]
layer at (318,71) size 100x100
  RenderBlock {DIV} at (310,20) size 100x100 [bgcolor=#000000]
