layer at (0,0) size 980x735
  RenderView at (0,0) size 980x735
layer at (0,0) size 980x735
  RenderBlock {HTML} at (0,0) size 980x735
    RenderBody {BODY} at (0,0) size 980x735
      RenderInline {A} at (0,0) size 300x19
        RenderImage {IMG} at (0,0) size 300x300
      RenderText {#text} at (300,285) size 5x19
        text run at (300,285) width 5: " "
      RenderText {#text} at (305,285) size 548x19
        text run at (305,285) width 443: "The element at position (100, 100) should be the body. "
        text run at (748,285) width 105: "Result: BODY"
