layer at (0,0) size 1876x2387
  RenderView at (0,0) size 980x735
layer at (0,0) size 980x2387
  RenderBlock {HTML} at (0,0) size 980x2387
    RenderBody {BODY} at (8,8) size 964x2371
      RenderBlock {H2} at (0,0) size 964x28
        RenderText {#text} at (0,0) size 180x28
          text run at (0,0) width 180: "word-spacing"
      RenderBlock (floating) {PRE} at (0,60) size 1091x167
        RenderBlock {H3} at (0,15) size 1091x17
          RenderText {#text} at (0,0) size 190x18
            text run at (0,0) width 190: "In a floated pre"
        RenderBlock (anonymous) at (0,47) size 1091x120
          RenderText {#text} at (0,0) size 189x30
            text run at (0,0) width 0: " "
            text run at (0,15) width 189: "Word   spacing test "
          RenderInline {EM} at (0,0) size 18x15
            RenderText {#text} at (189,15) size 18x15
              text run at (189,15) width 18: "for"
          RenderText {#text} at (227,15) size 4x15
            text run at (227,15) width 4: " "
          RenderInline {STRONG} at (0,0) size 68x15
            RenderText {#text} at (231,15) size 68x15
              text run at (231,15) width 68: "elements"
          RenderText {#text} at (319,15) size 4x15
            text run at (319,15) width 4: " "
          RenderInline {TT} at (0,0) size 40x15
            RenderText {#text} at (323,15) size 40x15
              text run at (323,15) width 40: "within"
          RenderText {#text} at (383,15) size 517x30
            text run at (383,15) width 114: " elements too."
            text run at (517,15) width 0: " "
            text run at (0,30) width 189: "Word   spacing test "
          RenderInline {EM} at (0,0) size 18x15
            RenderText {#text} at (189,30) size 18x15
              text run at (189,30) width 18: "for"
          RenderText {#text} at (227,30) size 4x15
            text run at (227,30) width 4: " "
          RenderInline {STRONG} at (0,0) size 68x15
            RenderText {#text} at (231,30) size 68x15
              text run at (231,30) width 68: "elements"
          RenderText {#text} at (319,30) size 4x15
            text run at (319,30) width 4: " "
          RenderInline {TT} at (0,0) size 40x15
            RenderText {#text} at (323,30) size 40x15
              text run at (323,30) width 40: "within"
          RenderText {#text} at (383,30) size 89x15
            text run at (383,30) width 89: " elements "
          RenderText {#text} at (472,30) size 927x30
            text run at (472,30) width 435: " too. (with comment between elements and too)"
            text run at (927,30) width 0: " "
            text run at (0,45) width 189: "Word   spacing test "
          RenderInline {EM} at (0,0) size 18x15
            RenderText {#text} at (189,45) size 18x15
              text run at (189,45) width 18: "for"
          RenderText {#text} at (227,45) size 4x15
            text run at (227,45) width 4: " "
          RenderInline {STRONG} at (0,0) size 68x15
            RenderText {#text} at (231,45) size 68x15
              text run at (231,45) width 68: "elements"
          RenderText {#text} at (319,45) size 4x15
            text run at (319,45) width 4: " "
          RenderInline {TT} at (0,0) size 40x15
            RenderText {#text} at (323,45) size 40x15
              text run at (323,45) width 40: "within"
          RenderText {#text} at (383,45) size 65x15
            text run at (383,45) width 65: " elements"
          RenderText {#text} at (468,45) size 1131x30
            text run at (468,45) width 643: " too. (with comment (no preceeding space) between elements and too)"
            text run at (1131,45) width 0: " "
            text run at (0,60) width 189: "Word   spacing test "
          RenderInline {EM} at (0,0) size 18x15
            RenderText {#text} at (189,60) size 18x15
              text run at (189,60) width 18: "for"
          RenderText {#text} at (227,60) size 4x15
            text run at (227,60) width 4: " "
          RenderInline {STRONG} at (0,0) size 68x15
            RenderText {#text} at (231,60) size 68x15
              text run at (231,60) width 68: "elements"
          RenderText {#text} at (319,60) size 4x15
            text run at (319,60) width 4: " "
          RenderInline {TT} at (0,0) size 40x15
            RenderText {#text} at (323,60) size 40x15
              text run at (323,60) width 40: "within"
          RenderText {#text} at (383,60) size 89x15
            text run at (383,60) width 89: " elements "
          RenderText {#text} at (472,60) size 633x15
            text run at (472,60) width 613: "too. (with comment (no trailing space) between elements and too)"
            text run at (1105,60) width 0: " "
          RenderInline {SPAN} at (0,0) size 299x15
            RenderText {#text} at (0,75) size 189x15
              text run at (0,75) width 189: "Word   spacing test "
            RenderInline {EM} at (0,0) size 18x15
              RenderText {#text} at (189,75) size 18x15
                text run at (189,75) width 18: "for"
            RenderText {#text} at (227,75) size 4x15
              text run at (227,75) width 4: " "
            RenderInline {STRONG} at (0,0) size 68x15
              RenderText {#text} at (231,75) size 68x15
                text run at (231,75) width 68: "elements"
          RenderText {#text} at (319,75) size 4x15
            text run at (319,75) width 4: " "
          RenderInline {TT} at (0,0) size 40x15
            RenderText {#text} at (323,75) size 40x15
              text run at (323,75) width 40: "within"
          RenderText {#text} at (383,75) size 963x30
            text run at (383,75) width 560: " elements too. (with monospace font from Word to elements)"
            text run at (963,75) width 0: " "
            text run at (0,90) width 189: "Word   spacing test "
          RenderInline {SPAN} at (0,0) size 174x15
            RenderInline {EM} at (0,0) size 18x15
              RenderText {#text} at (189,90) size 18x15
                text run at (189,90) width 18: "for"
            RenderText {#text} at (227,90) size 4x15
              text run at (227,90) width 4: " "
            RenderInline {STRONG} at (0,0) size 68x15
              RenderText {#text} at (231,90) size 68x15
                text run at (231,90) width 68: "elements"
            RenderText {#text} at (319,90) size 4x15
              text run at (319,90) width 4: " "
            RenderInline {TT} at (0,0) size 40x15
              RenderText {#text} at (323,90) size 40x15
                text run at (323,90) width 40: "within"
          RenderText {#text} at (383,90) size 926x30
            text run at (383,90) width 523: " elements too. (with monospace font from for to within)"
            text run at (926,90) width 0: " "
            text run at (0,105) width 189: "Word   spacing test "
          RenderInline {EM} at (0,0) size 18x15
            RenderText {#text} at (189,105) size 18x15
              text run at (189,105) width 18: "for"
          RenderText {#text} at (227,105) size 4x15
            text run at (227,105) width 4: " "
          RenderInline {STRONG} at (0,0) size 68x15
            RenderText {#text} at (231,105) size 68x15
              text run at (231,105) width 68: "elements"
          RenderText {#text} at (319,105) size 4x15
            text run at (319,105) width 4: " "
          RenderInline {SPAN} at (0,0) size 170x15
            RenderInline {TT} at (0,0) size 40x15
              RenderText {#text} at (323,105) size 40x15
                text run at (323,105) width 40: "within"
            RenderText {#text} at (383,105) size 110x15
              text run at (383,105) width 110: " elements too"
          RenderText {#text} at (493,105) size 457x15
            text run at (493,105) width 437: ". (with monospace font from elements to too)"
            text run at (950,105) width 0: " "
      RenderBlock (anonymous) at (0,47) size 964x193
        RenderBR {BR} at (1091,0) size 0x19
      RenderBlock {PRE} at (0,255) size 964x152
        RenderBlock {H3} at (0,0) size 964x17
          RenderText {#text} at (0,0) size 229x18
            text run at (0,0) width 229: "In an un-floated pre"
        RenderBlock (anonymous) at (0,32) size 964x120
          RenderText {#text} at (0,0) size 189x30
            text run at (0,0) width 0: " "
            text run at (0,15) width 189: "Word   spacing test "
          RenderInline {EM} at (0,0) size 18x15
            RenderText {#text} at (189,15) size 18x15
              text run at (189,15) width 18: "for"
          RenderText {#text} at (227,15) size 4x15
            text run at (227,15) width 4: " "
          RenderInline {STRONG} at (0,0) size 68x15
            RenderText {#text} at (231,15) size 68x15
              text run at (231,15) width 68: "elements"
          RenderText {#text} at (319,15) size 4x15
            text run at (319,15) width 4: " "
          RenderInline {TT} at (0,0) size 40x15
            RenderText {#text} at (323,15) size 40x15
              text run at (323,15) width 40: "within"
          RenderText {#text} at (383,15) size 517x30
            text run at (383,15) width 114: " elements too."
            text run at (517,15) width 0: " "
            text run at (0,30) width 189: "Word   spacing test "
          RenderInline {EM} at (0,0) size 18x15
            RenderText {#text} at (189,30) size 18x15
              text run at (189,30) width 18: "for"
          RenderText {#text} at (227,30) size 4x15
            text run at (227,30) width 4: " "
          RenderInline {STRONG} at (0,0) size 68x15
            RenderText {#text} at (231,30) size 68x15
              text run at (231,30) width 68: "elements"
          RenderText {#text} at (319,30) size 4x15
            text run at (319,30) width 4: " "
          RenderInline {TT} at (0,0) size 40x15
            RenderText {#text} at (323,30) size 40x15
              text run at (323,30) width 40: "within"
          RenderText {#text} at (383,30) size 89x15
            text run at (383,30) width 89: " elements "
          RenderText {#text} at (472,30) size 927x30
            text run at (472,30) width 435: " too. (with comment between elements and too)"
            text run at (927,30) width 0: " "
            text run at (0,45) width 189: "Word   spacing test "
          RenderInline {EM} at (0,0) size 18x15
            RenderText {#text} at (189,45) size 18x15
              text run at (189,45) width 18: "for"
          RenderText {#text} at (227,45) size 4x15
            text run at (227,45) width 4: " "
          RenderInline {STRONG} at (0,0) size 68x15
            RenderText {#text} at (231,45) size 68x15
              text run at (231,45) width 68: "elements"
          RenderText {#text} at (319,45) size 4x15
            text run at (319,45) width 4: " "
          RenderInline {TT} at (0,0) size 40x15
            RenderText {#text} at (323,45) size 40x15
              text run at (323,45) width 40: "within"
          RenderText {#text} at (383,45) size 65x15
            text run at (383,45) width 65: " elements"
          RenderText {#text} at (468,45) size 1131x30
            text run at (468,45) width 643: " too. (with comment (no preceeding space) between elements and too)"
            text run at (1131,45) width 0: " "
            text run at (0,60) width 189: "Word   spacing test "
          RenderInline {EM} at (0,0) size 18x15
            RenderText {#text} at (189,60) size 18x15
              text run at (189,60) width 18: "for"
          RenderText {#text} at (227,60) size 4x15
            text run at (227,60) width 4: " "
          RenderInline {STRONG} at (0,0) size 68x15
            RenderText {#text} at (231,60) size 68x15
              text run at (231,60) width 68: "elements"
          RenderText {#text} at (319,60) size 4x15
            text run at (319,60) width 4: " "
          RenderInline {TT} at (0,0) size 40x15
            RenderText {#text} at (323,60) size 40x15
              text run at (323,60) width 40: "within"
          RenderText {#text} at (383,60) size 89x15
            text run at (383,60) width 89: " elements "
          RenderText {#text} at (472,60) size 633x15
            text run at (472,60) width 613: "too. (with comment (no trailing space) between elements and too)"
            text run at (1105,60) width 0: " "
          RenderInline {SPAN} at (0,0) size 299x15
            RenderText {#text} at (0,75) size 189x15
              text run at (0,75) width 189: "Word   spacing test "
            RenderInline {EM} at (0,0) size 18x15
              RenderText {#text} at (189,75) size 18x15
                text run at (189,75) width 18: "for"
            RenderText {#text} at (227,75) size 4x15
              text run at (227,75) width 4: " "
            RenderInline {STRONG} at (0,0) size 68x15
              RenderText {#text} at (231,75) size 68x15
                text run at (231,75) width 68: "elements"
          RenderText {#text} at (319,75) size 4x15
            text run at (319,75) width 4: " "
          RenderInline {TT} at (0,0) size 40x15
            RenderText {#text} at (323,75) size 40x15
              text run at (323,75) width 40: "within"
          RenderText {#text} at (383,75) size 963x30
            text run at (383,75) width 560: " elements too. (with monospace font from Word to elements)"
            text run at (963,75) width 0: " "
            text run at (0,90) width 189: "Word   spacing test "
          RenderInline {SPAN} at (0,0) size 174x15
            RenderInline {EM} at (0,0) size 18x15
              RenderText {#text} at (189,90) size 18x15
                text run at (189,90) width 18: "for"
            RenderText {#text} at (227,90) size 4x15
              text run at (227,90) width 4: " "
            RenderInline {STRONG} at (0,0) size 68x15
              RenderText {#text} at (231,90) size 68x15
                text run at (231,90) width 68: "elements"
            RenderText {#text} at (319,90) size 4x15
              text run at (319,90) width 4: " "
            RenderInline {TT} at (0,0) size 40x15
              RenderText {#text} at (323,90) size 40x15
                text run at (323,90) width 40: "within"
          RenderText {#text} at (383,90) size 926x30
            text run at (383,90) width 523: " elements too. (with monospace font from for to within)"
            text run at (926,90) width 0: " "
            text run at (0,105) width 189: "Word   spacing test "
          RenderInline {EM} at (0,0) size 18x15
            RenderText {#text} at (189,105) size 18x15
              text run at (189,105) width 18: "for"
          RenderText {#text} at (227,105) size 4x15
            text run at (227,105) width 4: " "
          RenderInline {STRONG} at (0,0) size 68x15
            RenderText {#text} at (231,105) size 68x15
              text run at (231,105) width 68: "elements"
          RenderText {#text} at (319,105) size 4x15
            text run at (319,105) width 4: " "
          RenderInline {SPAN} at (0,0) size 170x15
            RenderInline {TT} at (0,0) size 40x15
              RenderText {#text} at (323,105) size 40x15
                text run at (323,105) width 40: "within"
            RenderText {#text} at (383,105) size 110x15
              text run at (383,105) width 110: " elements too"
          RenderText {#text} at (493,105) size 457x15
            text run at (493,105) width 437: ". (with monospace font from elements to too)"
            text run at (950,105) width 0: " "
      RenderBlock (anonymous) at (0,420) size 964x0
        RenderInline {SPAN} at (0,0) size 0x0
          RenderText {#text} at (0,0) size 0x0
      RenderBlock (anonymous) at (0,425) size 964x22
        RenderBlock {H3} at (0,0) size 964x22
          RenderText {#text} at (0,0) size 140x22
            text run at (0,0) width 140: "In a span"
      RenderBlock (anonymous) at (0,465) size 964x285
        RenderInline {SPAN} at (0,0) size 943x247
          RenderText {#text} at (0,0) size 209x19
            text run at (0,0) width 68: "Word "
            text run at (68,0) width 141: "spacing test "
          RenderInline {EM} at (0,0) size 23x19
            RenderText {#text} at (209,0) size 23x19
              text run at (209,0) width 23: "for"
          RenderText {#text} at (252,0) size 5x19
            text run at (252,0) width 5: " "
          RenderInline {STRONG} at (0,0) size 84x19
            RenderText {#text} at (257,0) size 84x19
              text run at (257,0) width 84: "elements"
          RenderText {#text} at (361,0) size 5x19
            text run at (361,0) width 5: " "
          RenderInline {TT} at (0,0) size 40x15
            RenderText {#text} at (366,3) size 40x15
              text run at (366,3) width 40: "within"
          RenderText {#text} at (426,0) size 135x19
            text run at (426,0) width 135: " elements too."
          RenderBR {BR} at (581,15) size 0x0
          RenderText {#text} at (0,19) size 209x19
            text run at (0,19) width 68: "Word "
            text run at (68,19) width 141: "spacing test "
          RenderInline {EM} at (0,0) size 23x19
            RenderText {#text} at (209,19) size 23x19
              text run at (209,19) width 23: "for"
          RenderText {#text} at (252,19) size 5x19
            text run at (252,19) width 5: " "
          RenderInline {STRONG} at (0,0) size 84x19
            RenderText {#text} at (257,19) size 84x19
              text run at (257,19) width 84: "elements"
          RenderText {#text} at (361,19) size 5x19
            text run at (361,19) width 5: " "
          RenderInline {TT} at (0,0) size 40x15
            RenderText {#text} at (366,22) size 40x15
              text run at (366,22) width 40: "within"
          RenderText {#text} at (426,19) size 104x19
            text run at (426,19) width 104: " elements "
          RenderText {#text} at (530,19) size 920x38
            text run at (530,19) width 390: "too. (with comment between elements"
            text run at (0,38) width 87: "and too)"
          RenderBR {BR} at (107,53) size 0x0
          RenderText {#text} at (0,57) size 209x19
            text run at (0,57) width 68: "Word "
            text run at (68,57) width 141: "spacing test "
          RenderInline {EM} at (0,0) size 23x19
            RenderText {#text} at (209,57) size 23x19
              text run at (209,57) width 23: "for"
          RenderText {#text} at (252,57) size 5x19
            text run at (252,57) width 5: " "
          RenderInline {STRONG} at (0,0) size 84x19
            RenderText {#text} at (257,57) size 84x19
              text run at (257,57) width 84: "elements"
          RenderText {#text} at (361,57) size 5x19
            text run at (361,57) width 5: " "
          RenderInline {TT} at (0,0) size 40x15
            RenderText {#text} at (366,60) size 40x15
              text run at (366,60) width 40: "within"
          RenderText {#text} at (426,57) size 79x19
            text run at (426,57) width 79: " elements"
          RenderText {#text} at (525,57) size 893x38
            text run at (525,57) width 368: " too. (with comment (no preceeding"
            text run at (0,76) width 358: "space) between elements and too)"
          RenderBR {BR} at (378,91) size 0x0
          RenderText {#text} at (0,95) size 209x19
            text run at (0,95) width 68: "Word "
            text run at (68,95) width 141: "spacing test "
          RenderInline {EM} at (0,0) size 23x19
            RenderText {#text} at (209,95) size 23x19
              text run at (209,95) width 23: "for"
          RenderText {#text} at (252,95) size 5x19
            text run at (252,95) width 5: " "
          RenderInline {STRONG} at (0,0) size 84x19
            RenderText {#text} at (257,95) size 84x19
              text run at (257,95) width 84: "elements"
          RenderText {#text} at (361,95) size 5x19
            text run at (361,95) width 5: " "
          RenderInline {TT} at (0,0) size 40x15
            RenderText {#text} at (366,98) size 40x15
              text run at (366,98) width 40: "within"
          RenderText {#text} at (426,95) size 104x19
            text run at (426,95) width 104: " elements "
          RenderText {#text} at (530,95) size 936x38
            text run at (530,95) width 406: "too. (with comment (no trailing space)"
            text run at (0,114) width 280: "between elements and too)"
          RenderBR {BR} at (300,129) size 0x0
          RenderInline {SPAN} at (0,0) size 291x15
            RenderText {#text} at (0,136) size 181x15
              text run at (0,136) width 58: "Word "
              text run at (58,136) width 123: "spacing test "
            RenderInline {EM} at (0,0) size 18x15
              RenderText {#text} at (181,136) size 18x15
                text run at (181,136) width 18: "for"
            RenderText {#text} at (219,136) size 4x15
              text run at (219,136) width 4: " "
            RenderInline {STRONG} at (0,0) size 68x15
              RenderText {#text} at (223,136) size 68x15
                text run at (223,136) width 68: "elements"
          RenderText {#text} at (311,133) size 5x19
            text run at (311,133) width 5: " "
          RenderInline {TT} at (0,0) size 40x15
            RenderText {#text} at (316,136) size 40x15
              text run at (316,136) width 40: "within"
          RenderText {#text} at (376,133) size 923x38
            text run at (376,133) width 547: " elements too. (with monospace font from Word to"
            text run at (0,152) width 80: "elements)"
          RenderBR {BR} at (100,167) size 0x0
          RenderText {#text} at (0,171) size 209x19
            text run at (0,171) width 68: "Word "
            text run at (68,171) width 141: "spacing test "
          RenderInline {SPAN} at (0,0) size 174x15
            RenderInline {EM} at (0,0) size 18x15
              RenderText {#text} at (209,174) size 18x15
                text run at (209,174) width 18: "for"
            RenderText {#text} at (247,174) size 4x15
              text run at (247,174) width 4: " "
            RenderInline {STRONG} at (0,0) size 68x15
              RenderText {#text} at (251,174) size 68x15
                text run at (251,174) width 68: "elements"
            RenderText {#text} at (339,174) size 4x15
              text run at (339,174) width 4: " "
            RenderInline {TT} at (0,0) size 40x15
              RenderText {#text} at (343,174) size 40x15
                text run at (343,174) width 40: "within"
          RenderText {#text} at (403,171) size 930x38
            text run at (403,171) width 527: " elements too. (with monospace font from for to"
            text run at (0,190) width 53: "within)"
          RenderBR {BR} at (73,205) size 0x0
          RenderText {#text} at (0,209) size 209x19
            text run at (0,209) width 68: "Word "
            text run at (68,209) width 141: "spacing test "
          RenderInline {EM} at (0,0) size 23x19
            RenderText {#text} at (209,209) size 23x19
              text run at (209,209) width 23: "for"
          RenderText {#text} at (252,209) size 5x19
            text run at (252,209) width 5: " "
          RenderInline {STRONG} at (0,0) size 84x19
            RenderText {#text} at (257,209) size 84x19
              text run at (257,209) width 84: "elements"
          RenderText {#text} at (361,209) size 5x19
            text run at (361,209) width 5: " "
          RenderInline {SPAN} at (0,0) size 170x15
            RenderInline {TT} at (0,0) size 40x15
              RenderText {#text} at (366,212) size 40x15
                text run at (366,212) width 40: "within"
            RenderText {#text} at (426,212) size 110x15
              text run at (426,212) width 110: " elements too"
          RenderText {#text} at (536,209) size 943x38
            text run at (536,209) width 407: ". (with monospace font from elements"
            text run at (0,228) width 98: "to too) "
        RenderText {#text} at (0,0) size 0x0
        RenderBR {BR} at (0,0) size 0x0
        RenderBR {BR} at (0,247) size 0x19
        RenderBR {BR} at (0,266) size 0x19
      RenderBlock {H2} at (0,769) size 964x28
        RenderText {#text} at (0,0) size 187x28
          text run at (0,0) width 187: "letter-spacing"
      RenderBlock (floating) {PRE} at (0,829) size 1380x167
        RenderBlock {H3} at (0,15) size 1380x17
          RenderText {#text} at (0,0) size 210x18
            text run at (0,0) width 210: "In a floated pre"
        RenderBlock (anonymous) at (0,47) size 1380x120
          RenderText {#text} at (0,0) size 243x30
            text run at (0,0) width 0: " "
            text run at (0,15) width 243: "Letter   spacing test "
          RenderInline {EM} at (0,0) size 33x15
            RenderText {#text} at (243,15) size 33x15
              text run at (243,15) width 33: "for"
          RenderText {#text} at (276,15) size 9x15
            text run at (276,15) width 9: " "
          RenderInline {STRONG} at (0,0) size 108x15
            RenderText {#text} at (285,15) size 108x15
              text run at (285,15) width 108: "elements"
          RenderText {#text} at (393,15) size 9x15
            text run at (393,15) width 9: " "
          RenderInline {TT} at (0,0) size 70x15
            RenderText {#text} at (402,15) size 70x15
              text run at (402,15) width 70: "within"
          RenderText {#text} at (472,15) size 636x30
            text run at (472,15) width 164: " elements too."
            text run at (636,15) width 0: " "
            text run at (0,30) width 243: "Letter   spacing test "
          RenderInline {EM} at (0,0) size 33x15
            RenderText {#text} at (243,30) size 33x15
              text run at (243,30) width 33: "for"
          RenderText {#text} at (276,30) size 9x15
            text run at (276,30) width 9: " "
          RenderInline {STRONG} at (0,0) size 108x15
            RenderText {#text} at (285,30) size 108x15
              text run at (285,30) width 108: "elements"
          RenderText {#text} at (393,30) size 9x15
            text run at (393,30) width 9: " "
          RenderInline {TT} at (0,0) size 70x15
            RenderText {#text} at (402,30) size 70x15
              text run at (402,30) width 70: "within"
          RenderText {#text} at (472,30) size 119x15
            text run at (472,30) width 119: " elements "
          RenderText {#text} at (591,30) size 1131x30
            text run at (591,30) width 540: " too. (with comment between elements and too)"
            text run at (1131,30) width 0: " "
            text run at (0,45) width 243: "Letter   spacing test "
          RenderInline {EM} at (0,0) size 33x15
            RenderText {#text} at (243,45) size 33x15
              text run at (243,45) width 33: "for"
          RenderText {#text} at (276,45) size 9x15
            text run at (276,45) width 9: " "
          RenderInline {STRONG} at (0,0) size 108x15
            RenderText {#text} at (285,45) size 108x15
              text run at (285,45) width 108: "elements"
          RenderText {#text} at (393,45) size 9x15
            text run at (393,45) width 9: " "
          RenderInline {TT} at (0,0) size 70x15
            RenderText {#text} at (402,45) size 70x15
              text run at (402,45) width 70: "within"
          RenderText {#text} at (472,45) size 110x15
            text run at (472,45) width 110: " elements"
          RenderText {#text} at (582,45) size 1380x30
            text run at (582,45) width 798: " too. (with comment (no preceeding space) between elements and too)"
            text run at (1380,45) width 0: " "
            text run at (0,60) width 243: "Letter   spacing test "
          RenderInline {EM} at (0,0) size 33x15
            RenderText {#text} at (243,60) size 33x15
              text run at (243,60) width 33: "for"
          RenderText {#text} at (276,60) size 9x15
            text run at (276,60) width 9: " "
          RenderInline {STRONG} at (0,0) size 108x15
            RenderText {#text} at (285,60) size 108x15
              text run at (285,60) width 108: "elements"
          RenderText {#text} at (393,60) size 9x15
            text run at (393,60) width 9: " "
          RenderInline {TT} at (0,0) size 70x15
            RenderText {#text} at (402,60) size 70x15
              text run at (402,60) width 70: "within"
          RenderText {#text} at (472,60) size 119x15
            text run at (472,60) width 119: " elements "
          RenderText {#text} at (591,60) size 753x15
            text run at (591,60) width 753: "too. (with comment (no trailing space) between elements and too)"
            text run at (1344,60) width 0: " "
          RenderInline {SPAN} at (0,0) size 393x15
            RenderText {#text} at (0,75) size 243x15
              text run at (0,75) width 243: "Letter   spacing test "
            RenderInline {EM} at (0,0) size 33x15
              RenderText {#text} at (243,75) size 33x15
                text run at (243,75) width 33: "for"
            RenderText {#text} at (276,75) size 9x15
              text run at (276,75) width 9: " "
            RenderInline {STRONG} at (0,0) size 108x15
              RenderText {#text} at (285,75) size 108x15
                text run at (285,75) width 108: "elements"
          RenderText {#text} at (393,75) size 9x15
            text run at (393,75) width 9: " "
          RenderInline {TT} at (0,0) size 70x15
            RenderText {#text} at (402,75) size 70x15
              text run at (402,75) width 70: "within"
          RenderText {#text} at (472,75) size 1176x30
            text run at (472,75) width 704: " elements too. (with monospace font from Letter to elements)"
            text run at (1176,75) width 0: " "
            text run at (0,90) width 243: "Letter   spacing test "
          RenderInline {SPAN} at (0,0) size 229x15
            RenderInline {EM} at (0,0) size 33x15
              RenderText {#text} at (243,90) size 33x15
                text run at (243,90) width 33: "for"
            RenderText {#text} at (276,90) size 9x15
              text run at (276,90) width 9: " "
            RenderInline {STRONG} at (0,0) size 108x15
              RenderText {#text} at (285,90) size 108x15
                text run at (285,90) width 108: "elements"
            RenderText {#text} at (393,90) size 9x15
              text run at (393,90) width 9: " "
            RenderInline {TT} at (0,0) size 70x15
              RenderText {#text} at (402,90) size 70x15
                text run at (402,90) width 70: "within"
          RenderText {#text} at (472,90) size 1110x30
            text run at (472,90) width 638: " elements too. (with monospace font from for to within)"
            text run at (1110,90) width 0: " "
            text run at (0,105) width 243: "Letter   spacing test "
          RenderInline {EM} at (0,0) size 33x15
            RenderText {#text} at (243,105) size 33x15
              text run at (243,105) width 33: "for"
          RenderText {#text} at (276,105) size 9x15
            text run at (276,105) width 9: " "
          RenderInline {STRONG} at (0,0) size 108x15
            RenderText {#text} at (285,105) size 108x15
              text run at (285,105) width 108: "elements"
          RenderText {#text} at (393,105) size 9x15
            text run at (393,105) width 9: " "
          RenderInline {SPAN} at (0,0) size 225x15
            RenderInline {TT} at (0,0) size 70x15
              RenderText {#text} at (402,105) size 70x15
                text run at (402,105) width 70: "within"
            RenderText {#text} at (472,105) size 155x15
              text run at (472,105) width 155: " elements too"
          RenderText {#text} at (627,105) size 517x15
            text run at (627,105) width 517: ". (with monospace font from elements to too)"
            text run at (1144,105) width 0: " "
      RenderBlock (anonymous) at (0,816) size 964x193
        RenderBR {BR} at (1380,0) size 0x19
      RenderBlock {PRE} at (0,1024) size 964x152
        RenderBlock {H3} at (0,0) size 964x17
          RenderText {#text} at (0,0) size 269x18
            text run at (0,0) width 269: "In an un-floated pre"
        RenderBlock (anonymous) at (0,32) size 964x120
          RenderText {#text} at (0,0) size 243x30
            text run at (0,0) width 0: " "
            text run at (0,15) width 243: "Letter   spacing test "
          RenderInline {EM} at (0,0) size 33x15
            RenderText {#text} at (243,15) size 33x15
              text run at (243,15) width 33: "for"
          RenderText {#text} at (276,15) size 9x15
            text run at (276,15) width 9: " "
          RenderInline {STRONG} at (0,0) size 108x15
            RenderText {#text} at (285,15) size 108x15
              text run at (285,15) width 108: "elements"
          RenderText {#text} at (393,15) size 9x15
            text run at (393,15) width 9: " "
          RenderInline {TT} at (0,0) size 70x15
            RenderText {#text} at (402,15) size 70x15
              text run at (402,15) width 70: "within"
          RenderText {#text} at (472,15) size 636x30
            text run at (472,15) width 164: " elements too."
            text run at (636,15) width 0: " "
            text run at (0,30) width 243: "Letter   spacing test "
          RenderInline {EM} at (0,0) size 33x15
            RenderText {#text} at (243,30) size 33x15
              text run at (243,30) width 33: "for"
          RenderText {#text} at (276,30) size 9x15
            text run at (276,30) width 9: " "
          RenderInline {STRONG} at (0,0) size 108x15
            RenderText {#text} at (285,30) size 108x15
              text run at (285,30) width 108: "elements"
          RenderText {#text} at (393,30) size 9x15
            text run at (393,30) width 9: " "
          RenderInline {TT} at (0,0) size 70x15
            RenderText {#text} at (402,30) size 70x15
              text run at (402,30) width 70: "within"
          RenderText {#text} at (472,30) size 119x15
            text run at (472,30) width 119: " elements "
          RenderText {#text} at (591,30) size 1131x30
            text run at (591,30) width 540: " too. (with comment between elements and too)"
            text run at (1131,30) width 0: " "
            text run at (0,45) width 243: "Letter   spacing test "
          RenderInline {EM} at (0,0) size 33x15
            RenderText {#text} at (243,45) size 33x15
              text run at (243,45) width 33: "for"
          RenderText {#text} at (276,45) size 9x15
            text run at (276,45) width 9: " "
          RenderInline {STRONG} at (0,0) size 108x15
            RenderText {#text} at (285,45) size 108x15
              text run at (285,45) width 108: "elements"
          RenderText {#text} at (393,45) size 9x15
            text run at (393,45) width 9: " "
          RenderInline {TT} at (0,0) size 70x15
            RenderText {#text} at (402,45) size 70x15
              text run at (402,45) width 70: "within"
          RenderText {#text} at (472,45) size 110x15
            text run at (472,45) width 110: " elements"
          RenderText {#text} at (582,45) size 1380x30
            text run at (582,45) width 798: " too. (with comment (no preceeding space) between elements and too)"
            text run at (1380,45) width 0: " "
            text run at (0,60) width 243: "Letter   spacing test "
          RenderInline {EM} at (0,0) size 33x15
            RenderText {#text} at (243,60) size 33x15
              text run at (243,60) width 33: "for"
          RenderText {#text} at (276,60) size 9x15
            text run at (276,60) width 9: " "
          RenderInline {STRONG} at (0,0) size 108x15
            RenderText {#text} at (285,60) size 108x15
              text run at (285,60) width 108: "elements"
          RenderText {#text} at (393,60) size 9x15
            text run at (393,60) width 9: " "
          RenderInline {TT} at (0,0) size 70x15
            RenderText {#text} at (402,60) size 70x15
              text run at (402,60) width 70: "within"
          RenderText {#text} at (472,60) size 119x15
            text run at (472,60) width 119: " elements "
          RenderText {#text} at (591,60) size 753x15
            text run at (591,60) width 753: "too. (with comment (no trailing space) between elements and too)"
            text run at (1344,60) width 0: " "
          RenderInline {SPAN} at (0,0) size 393x15
            RenderText {#text} at (0,75) size 243x15
              text run at (0,75) width 243: "Letter   spacing test "
            RenderInline {EM} at (0,0) size 33x15
              RenderText {#text} at (243,75) size 33x15
                text run at (243,75) width 33: "for"
            RenderText {#text} at (276,75) size 9x15
              text run at (276,75) width 9: " "
            RenderInline {STRONG} at (0,0) size 108x15
              RenderText {#text} at (285,75) size 108x15
                text run at (285,75) width 108: "elements"
          RenderText {#text} at (393,75) size 9x15
            text run at (393,75) width 9: " "
          RenderInline {TT} at (0,0) size 70x15
            RenderText {#text} at (402,75) size 70x15
              text run at (402,75) width 70: "within"
          RenderText {#text} at (472,75) size 1176x30
            text run at (472,75) width 704: " elements too. (with monospace font from Letter to elements)"
            text run at (1176,75) width 0: " "
            text run at (0,90) width 243: "Letter   spacing test "
          RenderInline {SPAN} at (0,0) size 229x15
            RenderInline {EM} at (0,0) size 33x15
              RenderText {#text} at (243,90) size 33x15
                text run at (243,90) width 33: "for"
            RenderText {#text} at (276,90) size 9x15
              text run at (276,90) width 9: " "
            RenderInline {STRONG} at (0,0) size 108x15
              RenderText {#text} at (285,90) size 108x15
                text run at (285,90) width 108: "elements"
            RenderText {#text} at (393,90) size 9x15
              text run at (393,90) width 9: " "
            RenderInline {TT} at (0,0) size 70x15
              RenderText {#text} at (402,90) size 70x15
                text run at (402,90) width 70: "within"
          RenderText {#text} at (472,90) size 1110x30
            text run at (472,90) width 638: " elements too. (with monospace font from for to within)"
            text run at (1110,90) width 0: " "
            text run at (0,105) width 243: "Letter   spacing test "
          RenderInline {EM} at (0,0) size 33x15
            RenderText {#text} at (243,105) size 33x15
              text run at (243,105) width 33: "for"
          RenderText {#text} at (276,105) size 9x15
            text run at (276,105) width 9: " "
          RenderInline {STRONG} at (0,0) size 108x15
            RenderText {#text} at (285,105) size 108x15
              text run at (285,105) width 108: "elements"
          RenderText {#text} at (393,105) size 9x15
            text run at (393,105) width 9: " "
          RenderInline {SPAN} at (0,0) size 225x15
            RenderInline {TT} at (0,0) size 70x15
              RenderText {#text} at (402,105) size 70x15
                text run at (402,105) width 70: "within"
            RenderText {#text} at (472,105) size 155x15
              text run at (472,105) width 155: " elements too"
          RenderText {#text} at (627,105) size 517x15
            text run at (627,105) width 517: ". (with monospace font from elements to too)"
            text run at (1144,105) width 0: " "
      RenderBlock (anonymous) at (0,1189) size 964x19
        RenderBR {BR} at (0,0) size 0x19
        RenderInline {SPAN} at (0,0) size 0x0
          RenderText {#text} at (0,0) size 0x0
      RenderBlock (anonymous) at (0,1226) size 964x22
        RenderBlock {H3} at (0,0) size 964x22
          RenderText {#text} at (0,0) size 145x22
            text run at (0,0) width 145: "In a span"
      RenderBlock (anonymous) at (0,1266) size 964x285
        RenderInline {SPAN} at (0,0) size 955x247
          RenderText {#text} at (0,0) size 254x19
            text run at (0,0) width 88: "Letter "
            text run at (88,0) width 166: "spacing test "
          RenderInline {EM} at (0,0) size 38x19
            RenderText {#text} at (254,0) size 38x19
              text run at (254,0) width 38: "for"
          RenderText {#text} at (292,0) size 10x19
            text run at (292,0) width 10: " "
          RenderInline {STRONG} at (0,0) size 124x19
            RenderText {#text} at (302,0) size 124x19
              text run at (302,0) width 124: "elements"
          RenderText {#text} at (426,0) size 10x19
            text run at (426,0) width 10: " "
          RenderInline {TT} at (0,0) size 70x15
            RenderText {#text} at (436,3) size 70x15
              text run at (436,3) width 70: "within"
          RenderText {#text} at (506,0) size 185x19
            text run at (506,0) width 185: " elements too."
          RenderBR {BR} at (691,15) size 0x0
          RenderText {#text} at (0,19) size 254x19
            text run at (0,19) width 88: "Letter "
            text run at (88,19) width 166: "spacing test "
          RenderInline {EM} at (0,0) size 38x19
            RenderText {#text} at (254,19) size 38x19
              text run at (254,19) width 38: "for"
          RenderText {#text} at (292,19) size 10x19
            text run at (292,19) width 10: " "
          RenderInline {STRONG} at (0,0) size 124x19
            RenderText {#text} at (302,19) size 124x19
              text run at (302,19) width 124: "elements"
          RenderText {#text} at (426,19) size 10x19
            text run at (426,19) width 10: " "
          RenderInline {TT} at (0,0) size 70x15
            RenderText {#text} at (436,22) size 70x15
              text run at (436,22) width 70: "within"
          RenderText {#text} at (506,19) size 134x19
            text run at (506,19) width 134: " elements "
          RenderText {#text} at (640,19) size 887x38
            text run at (640,19) width 247: "too. (with comment"
            text run at (0,38) width 345: "between elements and too)"
          RenderBR {BR} at (345,53) size 0x0
          RenderText {#text} at (0,57) size 254x19
            text run at (0,57) width 88: "Letter "
            text run at (88,57) width 166: "spacing test "
          RenderInline {EM} at (0,0) size 38x19
            RenderText {#text} at (254,57) size 38x19
              text run at (254,57) width 38: "for"
          RenderText {#text} at (292,57) size 10x19
            text run at (292,57) width 10: " "
          RenderInline {STRONG} at (0,0) size 124x19
            RenderText {#text} at (302,57) size 124x19
              text run at (302,57) width 124: "elements"
          RenderText {#text} at (426,57) size 10x19
            text run at (426,57) width 10: " "
          RenderInline {TT} at (0,0) size 70x15
            RenderText {#text} at (436,60) size 70x15
              text run at (436,60) width 70: "within"
          RenderText {#text} at (506,57) size 124x19
            text run at (506,57) width 124: " elements"
          RenderText {#text} at (630,57) size 938x38
            text run at (630,57) width 308: " too. (with comment (no"
            text run at (0,76) width 588: "preceeding space) between elements and too)"
          RenderBR {BR} at (588,91) size 0x0
          RenderText {#text} at (0,95) size 254x19
            text run at (0,95) width 88: "Letter "
            text run at (88,95) width 166: "spacing test "
          RenderInline {EM} at (0,0) size 38x19
            RenderText {#text} at (254,95) size 38x19
              text run at (254,95) width 38: "for"
          RenderText {#text} at (292,95) size 10x19
            text run at (292,95) width 10: " "
          RenderInline {STRONG} at (0,0) size 124x19
            RenderText {#text} at (302,95) size 124x19
              text run at (302,95) width 124: "elements"
          RenderText {#text} at (426,95) size 10x19
            text run at (426,95) width 10: " "
          RenderInline {TT} at (0,0) size 70x15
            RenderText {#text} at (436,98) size 70x15
              text run at (436,98) width 70: "within"
          RenderText {#text} at (506,95) size 134x19
            text run at (506,95) width 134: " elements "
          RenderText {#text} at (640,95) size 938x38
            text run at (640,95) width 298: "too. (with comment (no"
            text run at (0,114) width 543: "trailing space) between elements and too)"
          RenderBR {BR} at (543,129) size 0x0
          RenderInline {SPAN} at (0,0) size 375x15
            RenderText {#text} at (0,136) size 225x15
              text run at (0,136) width 77: "Letter "
              text run at (77,136) width 148: "spacing test "
            RenderInline {EM} at (0,0) size 33x15
              RenderText {#text} at (225,136) size 33x15
                text run at (225,136) width 33: "for"
            RenderText {#text} at (258,136) size 9x15
              text run at (258,136) width 9: " "
            RenderInline {STRONG} at (0,0) size 108x15
              RenderText {#text} at (267,136) size 108x15
                text run at (267,136) width 108: "elements"
          RenderText {#text} at (375,133) size 10x19
            text run at (375,133) width 10: " "
          RenderInline {TT} at (0,0) size 70x15
            RenderText {#text} at (385,136) size 70x15
              text run at (385,136) width 70: "within"
          RenderText {#text} at (455,133) size 924x38
            text run at (455,133) width 469: " elements too. (with monospace font"
            text run at (0,152) width 318: "from Letter to elements)"
          RenderBR {BR} at (318,167) size 0x0
          RenderText {#text} at (0,171) size 254x19
            text run at (0,171) width 88: "Letter "
            text run at (88,171) width 166: "spacing test "
          RenderInline {SPAN} at (0,0) size 229x15
            RenderInline {EM} at (0,0) size 33x15
              RenderText {#text} at (254,174) size 33x15
                text run at (254,174) width 33: "for"
            RenderText {#text} at (287,174) size 9x15
              text run at (287,174) width 9: " "
            RenderInline {STRONG} at (0,0) size 108x15
              RenderText {#text} at (296,174) size 108x15
                text run at (296,174) width 108: "elements"
            RenderText {#text} at (404,174) size 9x15
              text run at (404,174) width 9: " "
            RenderInline {TT} at (0,0) size 70x15
              RenderText {#text} at (413,174) size 70x15
                text run at (413,174) width 70: "within"
          RenderText {#text} at (483,171) size 952x38
            text run at (483,171) width 469: " elements too. (with monospace font"
            text run at (0,190) width 241: "from for to within)"
          RenderBR {BR} at (241,205) size 0x0
          RenderText {#text} at (0,209) size 254x19
            text run at (0,209) width 88: "Letter "
            text run at (88,209) width 166: "spacing test "
          RenderInline {EM} at (0,0) size 38x19
            RenderText {#text} at (254,209) size 38x19
              text run at (254,209) width 38: "for"
          RenderText {#text} at (292,209) size 10x19
            text run at (292,209) width 10: " "
          RenderInline {STRONG} at (0,0) size 124x19
            RenderText {#text} at (302,209) size 124x19
              text run at (302,209) width 124: "elements"
          RenderText {#text} at (426,209) size 10x19
            text run at (426,209) width 10: " "
          RenderInline {SPAN} at (0,0) size 225x15
            RenderInline {TT} at (0,0) size 70x15
              RenderText {#text} at (436,212) size 70x15
                text run at (436,212) width 70: "within"
            RenderText {#text} at (506,212) size 155x15
              text run at (506,212) width 155: " elements too"
          RenderText {#text} at (661,209) size 955x38
            text run at (661,209) width 294: ". (with monospace font"
            text run at (0,228) width 291: "from elements to too) "
        RenderText {#text} at (0,0) size 0x0
        RenderBR {BR} at (0,0) size 0x0
        RenderBR {BR} at (0,247) size 0x19
        RenderBR {BR} at (0,266) size 0x19
      RenderBlock {H2} at (0,1570) size 964x28
        RenderText {#text} at (0,0) size 174x28
          text run at (0,0) width 174: "both-spacing"
      RenderBlock (floating) {PRE} at (0,1630) size 1828x167
        RenderBlock {H3} at (0,15) size 1828x17
          RenderText {#text} at (0,0) size 270x18
            text run at (0,0) width 270: "In a floated pre"
        RenderBlock (anonymous) at (0,47) size 1828x120
          RenderText {#text} at (0,0) size 451x30
            text run at (0,0) width 0: " "
            text run at (0,15) width 451: "Word and letter   spacing test "
          RenderInline {EM} at (0,0) size 33x15
            RenderText {#text} at (451,15) size 33x15
              text run at (451,15) width 33: "for"
          RenderText {#text} at (504,15) size 9x15
            text run at (504,15) width 9: " "
          RenderInline {STRONG} at (0,0) size 108x15
            RenderText {#text} at (513,15) size 108x15
              text run at (513,15) width 108: "elements"
          RenderText {#text} at (641,15) size 9x15
            text run at (641,15) width 9: " "
          RenderInline {TT} at (0,0) size 70x15
            RenderText {#text} at (650,15) size 70x15
              text run at (650,15) width 70: "within"
          RenderText {#text} at (740,15) size 944x30
            text run at (740,15) width 184: " elements too."
            text run at (944,15) width 0: " "
            text run at (0,30) width 451: "Word and letter   spacing test "
          RenderInline {EM} at (0,0) size 33x15
            RenderText {#text} at (451,30) size 33x15
              text run at (451,30) width 33: "for"
          RenderText {#text} at (504,30) size 9x15
            text run at (504,30) width 9: " "
          RenderInline {STRONG} at (0,0) size 108x15
            RenderText {#text} at (513,30) size 108x15
              text run at (513,30) width 108: "elements"
          RenderText {#text} at (641,30) size 9x15
            text run at (641,30) width 9: " "
          RenderInline {TT} at (0,0) size 70x15
            RenderText {#text} at (650,30) size 70x15
              text run at (650,30) width 70: "within"
          RenderText {#text} at (740,30) size 139x15
            text run at (740,30) width 139: " elements "
          RenderText {#text} at (879,30) size 1559x30
            text run at (879,30) width 660: " too. (with comment between elements and too)"
            text run at (1559,30) width 0: " "
            text run at (0,45) width 451: "Word and letter   spacing test "
          RenderInline {EM} at (0,0) size 33x15
            RenderText {#text} at (451,45) size 33x15
              text run at (451,45) width 33: "for"
          RenderText {#text} at (504,45) size 9x15
            text run at (504,45) width 9: " "
          RenderInline {STRONG} at (0,0) size 108x15
            RenderText {#text} at (513,45) size 108x15
              text run at (513,45) width 108: "elements"
          RenderText {#text} at (641,45) size 9x15
            text run at (641,45) width 9: " "
          RenderInline {TT} at (0,0) size 70x15
            RenderText {#text} at (650,45) size 70x15
              text run at (650,45) width 70: "within"
          RenderText {#text} at (740,45) size 110x15
            text run at (740,45) width 110: " elements"
          RenderText {#text} at (870,45) size 1868x30
            text run at (870,45) width 978: " too. (with comment (no preceeding space) between elements and too)"
            text run at (1868,45) width 0: " "
            text run at (0,60) width 451: "Word and letter   spacing test "
          RenderInline {EM} at (0,0) size 33x15
            RenderText {#text} at (451,60) size 33x15
              text run at (451,60) width 33: "for"
          RenderText {#text} at (504,60) size 9x15
            text run at (504,60) width 9: " "
          RenderInline {STRONG} at (0,0) size 108x15
            RenderText {#text} at (513,60) size 108x15
              text run at (513,60) width 108: "elements"
          RenderText {#text} at (641,60) size 9x15
            text run at (641,60) width 9: " "
          RenderInline {TT} at (0,0) size 70x15
            RenderText {#text} at (650,60) size 70x15
              text run at (650,60) width 70: "within"
          RenderText {#text} at (740,60) size 139x15
            text run at (740,60) width 139: " elements "
          RenderText {#text} at (879,60) size 953x15
            text run at (879,60) width 933: "too. (with comment (no trailing space) between elements and too)"
            text run at (1832,60) width 0: " "
          RenderInline {SPAN} at (0,0) size 621x15
            RenderText {#text} at (0,75) size 451x15
              text run at (0,75) width 451: "Word and letter   spacing test "
            RenderInline {EM} at (0,0) size 33x15
              RenderText {#text} at (451,75) size 33x15
                text run at (451,75) width 33: "for"
            RenderText {#text} at (504,75) size 9x15
              text run at (504,75) width 9: " "
            RenderInline {STRONG} at (0,0) size 108x15
              RenderText {#text} at (513,75) size 108x15
                text run at (513,75) width 108: "elements"
          RenderText {#text} at (641,75) size 9x15
            text run at (641,75) width 9: " "
          RenderInline {TT} at (0,0) size 70x15
            RenderText {#text} at (650,75) size 70x15
              text run at (650,75) width 70: "within"
          RenderText {#text} at (740,75) size 1610x30
            text run at (740,75) width 850: " elements too. (with monospace font from Word to elements)"
            text run at (1610,75) width 0: " "
            text run at (0,90) width 451: "Word and letter   spacing test "
          RenderInline {SPAN} at (0,0) size 269x15
            RenderInline {EM} at (0,0) size 33x15
              RenderText {#text} at (451,90) size 33x15
                text run at (451,90) width 33: "for"
            RenderText {#text} at (504,90) size 9x15
              text run at (504,90) width 9: " "
            RenderInline {STRONG} at (0,0) size 108x15
              RenderText {#text} at (513,90) size 108x15
                text run at (513,90) width 108: "elements"
            RenderText {#text} at (641,90) size 9x15
              text run at (641,90) width 9: " "
            RenderInline {TT} at (0,0) size 70x15
              RenderText {#text} at (650,90) size 70x15
                text run at (650,90) width 70: "within"
          RenderText {#text} at (740,90) size 1558x30
            text run at (740,90) width 798: " elements too. (with monospace font from for to within)"
            text run at (1558,90) width 0: " "
            text run at (0,105) width 451: "Word and letter   spacing test "
          RenderInline {EM} at (0,0) size 33x15
            RenderText {#text} at (451,105) size 33x15
              text run at (451,105) width 33: "for"
          RenderText {#text} at (504,105) size 9x15
            text run at (504,105) width 9: " "
          RenderInline {STRONG} at (0,0) size 108x15
            RenderText {#text} at (513,105) size 108x15
              text run at (513,105) width 108: "elements"
          RenderText {#text} at (641,105) size 9x15
            text run at (641,105) width 9: " "
          RenderInline {SPAN} at (0,0) size 265x15
            RenderInline {TT} at (0,0) size 70x15
              RenderText {#text} at (650,105) size 70x15
                text run at (650,105) width 70: "within"
            RenderText {#text} at (740,105) size 175x15
              text run at (740,105) width 175: " elements too"
          RenderText {#text} at (915,105) size 677x15
            text run at (915,105) width 657: ". (with monospace font from elements to too)"
            text run at (1592,105) width 0: " "
      RenderBlock (anonymous) at (0,1617) size 964x193
        RenderBR {BR} at (1828,0) size 0x19
      RenderBlock {PRE} at (0,1825) size 964x152
        RenderBlock {H3} at (0,0) size 964x17
          RenderText {#text} at (0,0) size 329x18
            text run at (0,0) width 329: "In an un-floated pre"
        RenderBlock (anonymous) at (0,32) size 964x120
          RenderText {#text} at (0,0) size 451x30
            text run at (0,0) width 0: " "
            text run at (0,15) width 451: "Word and letter   spacing test "
          RenderInline {EM} at (0,0) size 33x15
            RenderText {#text} at (451,15) size 33x15
              text run at (451,15) width 33: "for"
          RenderText {#text} at (504,15) size 9x15
            text run at (504,15) width 9: " "
          RenderInline {STRONG} at (0,0) size 108x15
            RenderText {#text} at (513,15) size 108x15
              text run at (513,15) width 108: "elements"
          RenderText {#text} at (641,15) size 9x15
            text run at (641,15) width 9: " "
          RenderInline {TT} at (0,0) size 70x15
            RenderText {#text} at (650,15) size 70x15
              text run at (650,15) width 70: "within"
          RenderText {#text} at (740,15) size 944x30
            text run at (740,15) width 184: " elements too."
            text run at (944,15) width 0: " "
            text run at (0,30) width 451: "Word and letter   spacing test "
          RenderInline {EM} at (0,0) size 33x15
            RenderText {#text} at (451,30) size 33x15
              text run at (451,30) width 33: "for"
          RenderText {#text} at (504,30) size 9x15
            text run at (504,30) width 9: " "
          RenderInline {STRONG} at (0,0) size 108x15
            RenderText {#text} at (513,30) size 108x15
              text run at (513,30) width 108: "elements"
          RenderText {#text} at (641,30) size 9x15
            text run at (641,30) width 9: " "
          RenderInline {TT} at (0,0) size 70x15
            RenderText {#text} at (650,30) size 70x15
              text run at (650,30) width 70: "within"
          RenderText {#text} at (740,30) size 139x15
            text run at (740,30) width 139: " elements "
          RenderText {#text} at (879,30) size 1559x30
            text run at (879,30) width 660: " too. (with comment between elements and too)"
            text run at (1559,30) width 0: " "
            text run at (0,45) width 451: "Word and letter   spacing test "
          RenderInline {EM} at (0,0) size 33x15
            RenderText {#text} at (451,45) size 33x15
              text run at (451,45) width 33: "for"
          RenderText {#text} at (504,45) size 9x15
            text run at (504,45) width 9: " "
          RenderInline {STRONG} at (0,0) size 108x15
            RenderText {#text} at (513,45) size 108x15
              text run at (513,45) width 108: "elements"
          RenderText {#text} at (641,45) size 9x15
            text run at (641,45) width 9: " "
          RenderInline {TT} at (0,0) size 70x15
            RenderText {#text} at (650,45) size 70x15
              text run at (650,45) width 70: "within"
          RenderText {#text} at (740,45) size 110x15
            text run at (740,45) width 110: " elements"
          RenderText {#text} at (870,45) size 1868x30
            text run at (870,45) width 978: " too. (with comment (no preceeding space) between elements and too)"
            text run at (1868,45) width 0: " "
            text run at (0,60) width 451: "Word and letter   spacing test "
          RenderInline {EM} at (0,0) size 33x15
            RenderText {#text} at (451,60) size 33x15
              text run at (451,60) width 33: "for"
          RenderText {#text} at (504,60) size 9x15
            text run at (504,60) width 9: " "
          RenderInline {STRONG} at (0,0) size 108x15
            RenderText {#text} at (513,60) size 108x15
              text run at (513,60) width 108: "elements"
          RenderText {#text} at (641,60) size 9x15
            text run at (641,60) width 9: " "
          RenderInline {TT} at (0,0) size 70x15
            RenderText {#text} at (650,60) size 70x15
              text run at (650,60) width 70: "within"
          RenderText {#text} at (740,60) size 139x15
            text run at (740,60) width 139: " elements "
          RenderText {#text} at (879,60) size 953x15
            text run at (879,60) width 933: "too. (with comment (no trailing space) between elements and too)"
            text run at (1832,60) width 0: " "
          RenderInline {SPAN} at (0,0) size 621x15
            RenderText {#text} at (0,75) size 451x15
              text run at (0,75) width 451: "Word and letter   spacing test "
            RenderInline {EM} at (0,0) size 33x15
              RenderText {#text} at (451,75) size 33x15
                text run at (451,75) width 33: "for"
            RenderText {#text} at (504,75) size 9x15
              text run at (504,75) width 9: " "
            RenderInline {STRONG} at (0,0) size 108x15
              RenderText {#text} at (513,75) size 108x15
                text run at (513,75) width 108: "elements"
          RenderText {#text} at (641,75) size 9x15
            text run at (641,75) width 9: " "
          RenderInline {TT} at (0,0) size 70x15
            RenderText {#text} at (650,75) size 70x15
              text run at (650,75) width 70: "within"
          RenderText {#text} at (740,75) size 1610x30
            text run at (740,75) width 850: " elements too. (with monospace font from Word to elements)"
            text run at (1610,75) width 0: " "
            text run at (0,90) width 451: "Word and letter   spacing test "
          RenderInline {SPAN} at (0,0) size 269x15
            RenderInline {EM} at (0,0) size 33x15
              RenderText {#text} at (451,90) size 33x15
                text run at (451,90) width 33: "for"
            RenderText {#text} at (504,90) size 9x15
              text run at (504,90) width 9: " "
            RenderInline {STRONG} at (0,0) size 108x15
              RenderText {#text} at (513,90) size 108x15
                text run at (513,90) width 108: "elements"
            RenderText {#text} at (641,90) size 9x15
              text run at (641,90) width 9: " "
            RenderInline {TT} at (0,0) size 70x15
              RenderText {#text} at (650,90) size 70x15
                text run at (650,90) width 70: "within"
          RenderText {#text} at (740,90) size 1558x30
            text run at (740,90) width 798: " elements too. (with monospace font from for to within)"
            text run at (1558,90) width 0: " "
            text run at (0,105) width 451: "Word and letter   spacing test "
          RenderInline {EM} at (0,0) size 33x15
            RenderText {#text} at (451,105) size 33x15
              text run at (451,105) width 33: "for"
          RenderText {#text} at (504,105) size 9x15
            text run at (504,105) width 9: " "
          RenderInline {STRONG} at (0,0) size 108x15
            RenderText {#text} at (513,105) size 108x15
              text run at (513,105) width 108: "elements"
          RenderText {#text} at (641,105) size 9x15
            text run at (641,105) width 9: " "
          RenderInline {SPAN} at (0,0) size 265x15
            RenderInline {TT} at (0,0) size 70x15
              RenderText {#text} at (650,105) size 70x15
                text run at (650,105) width 70: "within"
            RenderText {#text} at (740,105) size 175x15
              text run at (740,105) width 175: " elements too"
          RenderText {#text} at (915,105) size 677x15
            text run at (915,105) width 657: ". (with monospace font from elements to too)"
            text run at (1592,105) width 0: " "
      RenderBlock (anonymous) at (0,1990) size 964x19
        RenderBR {BR} at (0,0) size 0x19
        RenderInline {SPAN} at (0,0) size 0x0
          RenderText {#text} at (0,0) size 0x0
      RenderBlock (anonymous) at (0,2027) size 964x22
        RenderBlock {H3} at (0,0) size 964x22
          RenderText {#text} at (0,0) size 185x22
            text run at (0,0) width 185: "In a span"
      RenderBlock (anonymous) at (0,2067) size 964x304
        RenderInline {SPAN} at (0,0) size 949x304
          RenderText {#text} at (0,0) size 477x19
            text run at (0,0) width 271: "Word and letter "
            text run at (271,0) width 206: "spacing test "
          RenderInline {EM} at (0,0) size 38x19
            RenderText {#text} at (477,0) size 38x19
              text run at (477,0) width 38: "for"
          RenderText {#text} at (535,0) size 10x19
            text run at (535,0) width 10: " "
          RenderInline {STRONG} at (0,0) size 124x19
            RenderText {#text} at (545,0) size 124x19
              text run at (545,0) width 124: "elements"
          RenderText {#text} at (689,0) size 10x19
            text run at (689,0) width 10: " "
          RenderInline {TT} at (0,0) size 70x15
            RenderText {#text} at (699,3) size 70x15
              text run at (699,3) width 70: "within"
          RenderText {#text} at (789,0) size 913x38
            text run at (789,0) width 124: " elements"
            text run at (0,19) width 51: "too."
          RenderBR {BR} at (71,34) size 0x0
          RenderText {#text} at (0,38) size 477x19
            text run at (0,38) width 271: "Word and letter "
            text run at (271,38) width 206: "spacing test "
          RenderInline {EM} at (0,0) size 38x19
            RenderText {#text} at (477,38) size 38x19
              text run at (477,38) width 38: "for"
          RenderText {#text} at (535,38) size 10x19
            text run at (535,38) width 10: " "
          RenderInline {STRONG} at (0,0) size 124x19
            RenderText {#text} at (545,38) size 124x19
              text run at (545,38) width 124: "elements"
          RenderText {#text} at (689,38) size 10x19
            text run at (689,38) width 10: " "
          RenderInline {TT} at (0,0) size 70x15
            RenderText {#text} at (699,41) size 70x15
              text run at (699,41) width 70: "within"
          RenderText {#text} at (789,38) size 124x19
            text run at (789,38) width 124: " elements"
          RenderText {#text} at (0,57) size 722x19
            text run at (0,57) width 722: "too. (with comment between elements and too)"
          RenderBR {BR} at (742,72) size 0x0
          RenderText {#text} at (0,76) size 477x19
            text run at (0,76) width 271: "Word and letter "
            text run at (271,76) width 206: "spacing test "
          RenderInline {EM} at (0,0) size 38x19
            RenderText {#text} at (477,76) size 38x19
              text run at (477,76) width 38: "for"
          RenderText {#text} at (535,76) size 10x19
            text run at (535,76) width 10: " "
          RenderInline {STRONG} at (0,0) size 124x19
            RenderText {#text} at (545,76) size 124x19
              text run at (545,76) width 124: "elements"
          RenderText {#text} at (689,76) size 10x19
            text run at (689,76) width 10: " "
          RenderInline {TT} at (0,0) size 70x15
            RenderText {#text} at (699,79) size 70x15
              text run at (699,79) width 70: "within"
          RenderText {#text} at (789,76) size 124x19
            text run at (789,76) width 124: " elements"
          RenderText {#text} at (0,95) size 919x38
            text run at (0,95) width 919: "too. (with comment (no preceeding space) between elements"
            text run at (0,114) width 127: "and too)"
          RenderBR {BR} at (147,129) size 0x0
          RenderText {#text} at (0,133) size 477x19
            text run at (0,133) width 271: "Word and letter "
            text run at (271,133) width 206: "spacing test "
          RenderInline {EM} at (0,0) size 38x19
            RenderText {#text} at (477,133) size 38x19
              text run at (477,133) width 38: "for"
          RenderText {#text} at (535,133) size 10x19
            text run at (535,133) width 10: " "
          RenderInline {STRONG} at (0,0) size 124x19
            RenderText {#text} at (545,133) size 124x19
              text run at (545,133) width 124: "elements"
          RenderText {#text} at (689,133) size 10x19
            text run at (689,133) width 10: " "
          RenderInline {TT} at (0,0) size 70x15
            RenderText {#text} at (699,136) size 70x15
              text run at (699,136) width 70: "within"
          RenderText {#text} at (789,133) size 124x19
            text run at (789,133) width 124: " elements"
          RenderText {#text} at (0,152) size 949x38
            text run at (0,152) width 949: "too. (with comment (no trailing space) between elements and"
            text run at (0,171) width 52: "too)"
          RenderBR {BR} at (72,186) size 0x0
          RenderInline {SPAN} at (0,0) size 603x15
            RenderText {#text} at (0,193) size 433x15
              text run at (0,193) width 245: "Word and letter "
              text run at (245,193) width 188: "spacing test "
            RenderInline {EM} at (0,0) size 33x15
              RenderText {#text} at (433,193) size 33x15
                text run at (433,193) width 33: "for"
            RenderText {#text} at (486,193) size 9x15
              text run at (486,193) width 9: " "
            RenderInline {STRONG} at (0,0) size 108x15
              RenderText {#text} at (495,193) size 108x15
                text run at (495,193) width 108: "elements"
          RenderText {#text} at (623,190) size 10x19
            text run at (623,190) width 10: " "
          RenderInline {TT} at (0,0) size 70x15
            RenderText {#text} at (633,193) size 70x15
              text run at (633,193) width 70: "within"
          RenderText {#text} at (723,190) size 928x38
            text run at (723,190) width 205: " elements too."
            text run at (0,209) width 707: "(with monospace font from Word to elements)"
          RenderBR {BR} at (727,224) size 0x0
          RenderText {#text} at (0,228) size 477x19
            text run at (0,228) width 271: "Word and letter "
            text run at (271,228) width 206: "spacing test "
          RenderInline {SPAN} at (0,0) size 269x15
            RenderInline {EM} at (0,0) size 33x15
              RenderText {#text} at (477,231) size 33x15
                text run at (477,231) width 33: "for"
            RenderText {#text} at (530,231) size 9x15
              text run at (530,231) width 9: " "
            RenderInline {STRONG} at (0,0) size 108x15
              RenderText {#text} at (539,231) size 108x15
                text run at (539,231) width 108: "elements"
            RenderText {#text} at (667,231) size 9x15
              text run at (667,231) width 9: " "
            RenderInline {TT} at (0,0) size 70x15
              RenderText {#text} at (676,231) size 70x15
                text run at (676,231) width 70: "within"
          RenderText {#text} at (766,228) size 890x38
            text run at (766,228) width 124: " elements"
            text run at (0,247) width 726: "too. (with monospace font from for to within)"
          RenderBR {BR} at (746,262) size 0x0
          RenderText {#text} at (0,266) size 477x19
            text run at (0,266) width 271: "Word and letter "
            text run at (271,266) width 206: "spacing test "
          RenderInline {EM} at (0,0) size 38x19
            RenderText {#text} at (477,266) size 38x19
              text run at (477,266) width 38: "for"
          RenderText {#text} at (535,266) size 10x19
            text run at (535,266) width 10: " "
          RenderInline {STRONG} at (0,0) size 124x19
            RenderText {#text} at (545,266) size 124x19
              text run at (545,266) width 124: "elements"
          RenderText {#text} at (689,266) size 10x19
            text run at (689,266) width 10: " "
          RenderInline {SPAN} at (0,0) size 899x34
            RenderInline {TT} at (0,0) size 70x15
              RenderText {#text} at (699,269) size 70x15
                text run at (699,269) width 70: "within"
            RenderText {#text} at (789,269) size 899x34
              text run at (789,269) width 110: " elements"
              text run at (0,288) width 36: "too"
          RenderText {#text} at (36,285) size 725x19
            text run at (36,285) width 725: ". (with monospace font from elements to too)"
        RenderText {#text} at (0,0) size 0x0
