layer at (0,0) size 980x735
  RenderView at (0,0) size 980x735
layer at (0,0) size 980x735
  RenderBlock {HTML} at (0,0) size 980x735
    RenderBody {BODY} at (8,8) size 956x719
      RenderBlock {P} at (0,0) size 57x719
        RenderText {#text} at (0,0) size 57x699
          text run at (0,0) width 647: "In this test, you should see three blocks that are aligned right within a black box. "
          text run at (0,647) width 39: "They"
          text run at (19,0) width 627: "should be stacked horizontally with the green box in between two olive boxes. "
          text run at (19,627) width 72: "The olive"
          text run at (38,0) width 360: "boxes and the green box should be 100x100."
layer at (559,8) size 340x240
  RenderBlock (positioned) {DIV} at (81,8) size 340x240 [border: (20px solid #000000)]
    RenderBlock {DIV} at (70,20) size 0x100
layer at (679,128) size 100x100
  RenderBlock (positioned) {DIV} at (120,120) size 100x100 [bgcolor=#008000]
layer at (779,128) size 100x100
  RenderBlock (positioned) {DIV} at (20,120) size 100x100 [bgcolor=#808000]
layer at (579,128) size 100x100
  RenderBlock (positioned) {DIV} at (220,120) size 100x100 [bgcolor=#808000]
