layer at (0,0) size 980x735
  RenderView at (0,0) size 980x735
layer at (0,0) size 980x735
  RenderBlock {HTML} at (0,0) size 980x735
    RenderBody {BODY} at (8,8) size 964x719
      RenderBlock {P} at (0,0) size 964x57
        RenderText {#text} at (0,0) size 930x38
          text run at (0,0) width 930: "This test checks the renderer's ability to layer multiple cells in a table on top of one another. This test has three cells"
          text run at (0,19) width 311: "that span multiple table grid slots. The "
        RenderInline {SPAN} at (0,0) size 30x19 [color=#FF0000]
          RenderText {#text} at (311,19) size 30x19
            text run at (311,19) width 30: "red"
        RenderText {#text} at (341,19) size 489x19
          text run at (341,19) width 489: " cell starts at row 1 and column 3 and spans three rows. The "
        RenderInline {SPAN} at (0,0) size 38x19 [color=#0000FF]
          RenderText {#text} at (830,19) size 38x19
            text run at (830,19) width 38: "blue"
        RenderText {#text} at (868,19) size 950x38
          text run at (868,19) width 82: " cell starts"
          text run at (0,38) width 539: "at row 2, and column 2, and spans two columns and two rows. The "
        RenderInline {SPAN} at (0,0) size 52x19 [color=#008000]
          RenderText {#text} at (539,38) size 52x19
            text run at (539,38) width 52: "green"
        RenderText {#text} at (591,38) size 246x19
          text run at (591,38) width 246: " cell spans 4 columns of row 3."
      RenderBlock {P} at (0,73) size 964x38
        RenderText {#text} at (0,0) size 950x38
          text run at (0,0) width 950: "If the test succeeds then you should see no text inside the table. If you see the text 'FAIL' inside the table, then the test"
          text run at (0,19) width 82: "has failed."
      RenderTable {TABLE} at (0,127) size 122x79 [border: (1px outset #808080)]
        RenderTableSection {TBODY} at (1,1) size 120x77
          RenderTableRow {TR} at (0,2) size 120x23
            RenderTableCell {TD} at (2,2) size 24x23 [border: (1px inset #808080)] [r=0 c=0 rs=1 cs=1]
              RenderText {#text} at (2,2) size 20x19
                text run at (2,2) width 20: "    "
            RenderTableCell {TD} at (28,2) size 24x23 [border: (1px inset #808080)] [r=0 c=1 rs=1 cs=1]
              RenderText {#text} at (2,2) size 20x19
                text run at (2,2) width 20: "    "
            RenderTableCell {TD} at (54,52) size 64x23 [bgcolor=#FF0000] [border: (1px inset #808080)] [r=0 c=2 rs=3 cs=1]
              RenderBlock {DIV} at (2,2) size 60x19
                RenderText {#text} at (0,0) size 60x19
                  text run at (0,0) width 60: "            "
          RenderTableRow {TR} at (0,27) size 120x23
            RenderTableCell {TD} at (2,27) size 24x23 [border: (1px inset #808080)] [r=1 c=0 rs=1 cs=1]
              RenderText {#text} at (2,2) size 20x19
                text run at (2,2) width 20: "    "
            RenderTableCell {TD} at (28,52) size 90x23 [bgcolor=#0000FF] [border: (1px inset #808080)] [r=1 c=1 rs=2 cs=2]
              RenderBlock {DIV} at (2,2) size 86x19 [color=#008000]
                RenderText {#text} at (27,0) size 59x19
                  text run at (27,0) width 59: "   FAIL  "
          RenderTableRow {TR} at (0,52) size 120x23
            RenderTableCell {TD} at (2,52) size 116x23 [bgcolor=#008000] [border: (1px inset #808080)] [r=2 c=0 rs=1 cs=3]
              RenderBlock {DIV} at (2,2) size 112x19
                RenderText {#text} at (102,0) size 10x19
                  text run at (102,0) width 10: "  "
