layer at (0,0) size 980x735
  RenderView at (0,0) size 980x735
layer at (0,0) size 980x735
  RenderBlock {HTML} at (0,0) size 980x735
    RenderBody {BODY} at (0,0) size 980x735
layer at (0,0) size 800x600
  RenderBlock {DIV} at (0,0) size 800x600 [bgcolor=#00FF00]
    RenderText {#text} at (0,0) size 5x19
      text run at (0,0) width 5: " "
