layer at (0,0) size 980x735
  RenderView at (0,0) size 980x735
layer at (0,0) size 980x735
  RenderBlock {HTML} at (0,0) size 980x735
    RenderBody {BODY} at (8,8) size 964x719
      RenderBlock {P} at (0,0) size 964x19
        RenderText {#text} at (0,0) size 760x19
          text run at (0,0) width 760: "Div background should animate between red and green. DRT should snapshot when it is green."
      RenderBlock {DIV} at (0,35) size 200x200 [bgcolor=#0000FF]
