layer at (0,0) size 980x855
  RenderView at (0,0) size 980x735
layer at (0,0) size 980x855
  RenderBlock {HTML} at (0,0) size 980x855
    RenderBody {BODY} at (8,8) size 964x839
      RenderBlock {DIV} at (0,0) size 964x148
        RenderBlock {DIV} at (10,10) size 269x128
          RenderBlock {DIV} at (12,12) size 110x100 [bgcolor=#000000] [border: (20px solid #FFFFFF)]
          RenderText {#text} at (132,107) size 5x19
            text run at (132,107) width 5: " "
          RenderBlock {DIV} at (147,12) size 110x100 [bgcolor=#000000] [border: (20px double #FFFFFF)]
          RenderText {#text} at (0,0) size 0x0
        RenderText {#text} at (289,117) size 5x19
          text run at (289,117) width 5: " "
        RenderBlock {DIV} at (304,10) size 269x128 [bgcolor=#808080]
          RenderBlock {DIV} at (12,12) size 110x100 [bgcolor=#FFFFFF] [border: (20px solid #0000FF7F)]
          RenderText {#text} at (132,107) size 5x19
            text run at (132,107) width 5: " "
          RenderBlock {DIV} at (147,12) size 110x100 [bgcolor=#FFFFFF] [border: (20px double #0000FF7F)]
          RenderText {#text} at (0,0) size 0x0
        RenderText {#text} at (0,0) size 0x0
layer at (8,156) size 964x148
  RenderBlock {DIV} at (0,148) size 964x148
    RenderBlock {DIV} at (10,10) size 269x128
      RenderBlock {DIV} at (12,12) size 110x100 [bgcolor=#000000] [border: (20px solid #FFFFFF)]
      RenderText {#text} at (132,107) size 5x19
        text run at (132,107) width 5: " "
      RenderBlock {DIV} at (147,12) size 110x100 [bgcolor=#000000] [border: (20px double #FFFFFF)]
      RenderText {#text} at (0,0) size 0x0
    RenderText {#text} at (289,117) size 5x19
      text run at (289,117) width 5: " "
    RenderBlock {DIV} at (304,10) size 269x128 [bgcolor=#808080]
      RenderBlock {DIV} at (12,12) size 110x100 [bgcolor=#FFFFFF] [border: (20px solid #0000FF7F)]
      RenderText {#text} at (132,107) size 5x19
        text run at (132,107) width 5: " "
      RenderBlock {DIV} at (147,12) size 110x100 [bgcolor=#FFFFFF] [border: (20px double #0000FF7F)]
      RenderText {#text} at (0,0) size 0x0
    RenderText {#text} at (0,0) size 0x0
layer at (8,304) size 158x543
  RenderBlock {DIV} at (0,296) size 158x543
    RenderBlock {DIV} at (10,10) size 138x249
      RenderBlock {DIV} at (16,12) size 110x100 [bgcolor=#000000] [border: (20px solid #FFFFFF)]
      RenderText {#text} at (2,122) size 19x5
        text run at (2,122) width 5: " "
      RenderBlock {DIV} at (16,137) size 110x100 [bgcolor=#000000] [border: (20px double #FFFFFF)]
      RenderText {#text} at (0,0) size 0x0
    RenderText {#text} at (127,269) size 19x5
      text run at (127,269) width 5: " "
    RenderBlock {DIV} at (10,284) size 138x249 [bgcolor=#808080]
      RenderBlock {DIV} at (16,12) size 110x100 [bgcolor=#FFFFFF] [border: (20px solid #0000FF7F)]
      RenderText {#text} at (2,122) size 19x5
        text run at (2,122) width 5: " "
      RenderBlock {DIV} at (16,137) size 110x100 [bgcolor=#FFFFFF] [border: (20px double #0000FF7F)]
      RenderText {#text} at (0,0) size 0x0
    RenderText {#text} at (0,0) size 0x0
