layer at (0,0) size 980x735
  RenderView at (0,0) size 980x735
layer at (0,0) size 980x280
  RenderBlock {HTML} at (0,0) size 980x280
    RenderBody {BODY} at (8,16) size 964x256
      RenderBlock {P} at (0,0) size 964x38
        RenderInline {A} at (0,0) size 380x19 [color=#0000EE]
          RenderText {#text} at (0,0) size 380x19
            text run at (0,0) width 380: "https://bugs.webkit.org/show_bug.cgi?id=25829"
        RenderBR {BR} at (380,15) size 0x0
        RenderText {#text} at (0,19) size 730x19
          text run at (0,19) width 730: "You should see no areas of read below. (This paragraph is required for the test to be valid.)"
      RenderBlock {DIV} at (0,54) size 502x202 [color=#008000] [bgcolor=#FF0000] [border: (1px solid #000000)]
        RenderText {#text} at (1,1) size 381x299
          text run at (1,1) width 131: "This"
          text run at (1,76) width 381: "background"
          text run at (1,151) width 354: "clips to the"
          text run at (1,226) width 147: "text."
