layer at (0,0) size 980x735
  RenderView at (0,0) size 980x735
layer at (0,0) size 980x159
  RenderBlock {HTML} at (0,0) size 980x159
    RenderBody {BODY} at (8,8) size 964x135
      RenderBlock {DIV} at (0,0) size 964x19
        RenderText {#text} at (0,0) size 243x19
          text run at (0,0) width 243: "There should be no red below."
layer at (8,43) size 100x100
  RenderBlock (relative positioned) {P} at (0,35) size 100x100
layer at (44,43) size 64x32
  RenderBlock (positioned) {SPAN} at (36,0) size 64x32 [bgcolor=#FFFFFF]
