layer at (0,0) size 980x735
  RenderView at (0,0) size 980x735
layer at (0,0) size 980x735
  RenderBlock {HTML} at (0,0) size 980x735
    RenderBody {BODY} at (8,8) size 964x719
      RenderBlock {DIV} at (0,0) size 228x452 [border: (1px solid #000000)]
        RenderInline {SPAN} at (0,0) size 226x421 [bgcolor=#808080] [border: (2px solid #000000)]
          RenderText {#text} at (3,17) size 64x117
            text run at (3,17) width 64: "  "
          RenderBR {BR} at (67,110) size 0x0
          RenderText {#text} at (1,167) size 160x117
            text run at (1,167) width 160: "     "
          RenderBR {BR} at (161,260) size 0x0
          RenderText {#text} at (1,317) size 224x117
            text run at (1,317) width 224: "       "
        RenderText {#text} at (0,0) size 0x0
      RenderText {#text} at (228,395) size 5x19
        text run at (228,395) width 5: " "
      RenderBlock {DIV} at (233,182) size 452x228 [border: (1px solid #000000)]
        RenderInline {SPAN} at (0,0) size 421x226 [bgcolor=#808080] [border: (2px solid #000000)]
          RenderText {#text} at (17,3) size 117x64
            text run at (17,3) width 64: "  "
          RenderBR {BR} at (110,67) size 0x0
          RenderText {#text} at (167,1) size 117x160
            text run at (167,1) width 160: "     "
          RenderBR {BR} at (260,161) size 0x0
          RenderText {#text} at (317,1) size 117x224
            text run at (317,1) width 224: "       "
        RenderText {#text} at (0,0) size 0x0
      RenderText {#text} at (0,0) size 0x0
