layer at (0,0) size 980x735
  RenderView at (0,0) size 980x735
layer at (0,0) size 980x735
  RenderBlock {HTML} at (0,0) size 980x735
    RenderBody {BODY} at (8,8) size 964x719
      RenderBlock (anonymous) at (0,0) size 964x19
        RenderText {#text} at (0,0) size 399x19
          text run at (0,0) width 399: "The lime div below should have a soft glow effect."
layer at (8,27) size 220x220
  RenderBlock {DIV} at (0,19) size 220x220 [bgcolor=#00FF00] [border: (10px solid #000000)]
