layer at (0,0) size 980x735
  RenderView at (0,0) size 980x735
layer at (0,0) size 980x138
  RenderBlock {HTML} at (0,0) size 980x138 [bgcolor=#008000]
    RenderBody {BODY} at (50,50) size 880x38 [bgcolor=#808080]
      RenderBlock {P} at (0,0) size 880x38
        RenderText {#text} at (0,0) size 858x38
          text run at (0,0) width 858: "The document background should be red, and the body gray. The rest of the viewport should be white. The"
          text run at (0,19) width 380: "document and body should have opacity of 0.3."
