layer at (0,0) size 980x735
  RenderView at (0,0) size 980x735
layer at (0,0) size 980x735
  RenderBlock {HTML} at (0,0) size 980x735
    RenderBody {BODY} at (8,8) size 964x719
      RenderBlock {P} at (0,0) size 964x19
        RenderText {#text} at (0,0) size 956x19
          text run at (0,0) width 575: "This tests that the graphics context is restored after painting solid color "
          text run at (575,0) width 381: "images. The highlight color should be light blue."
      RenderBlock {HR} at (0,35) size 964x2 [border: (1px inset #000000)]
      RenderBlock {DIV} at (0,45) size 964x19
        RenderText {#text} at (0,0) size 26x19
          text run at (0,0) width 26: "foo"
selection start: position 9 of child 0 {#text} of child 5 {DIV} of body
selection end:   position 12 of child 0 {#text} of child 5 {DIV} of body
