layer at (0,0) size 980x735
  RenderView at (0,0) size 980x735
layer at (0,0) size 980x735
  RenderBlock {HTML} at (0,0) size 980x735
    RenderBody {BODY} at (8,8) size 964x719 [bgcolor=#CCCCCC]
      RenderBlock {P} at (0,0) size 964x19
        RenderText {#text} at (0,0) size 451x19
          text run at (0,0) width 451: "The style declarations which apply to the text below are:"
      RenderBlock {PRE} at (0,35) size 964x60
        RenderText {#text} at (0,0) size 277x60
          text run at (0,0) width 168: "P:first-line {color: green;}"
          text run at (168,0) width 0: " "
          text run at (0,15) width 212: ".two:first-line {font-size: 200%;}"
          text run at (212,15) width 0: " "
          text run at (0,30) width 277: ".three:first-line {font-variant: small-caps;}"
          text run at (277,30) width 0: " "
          text run at (0,45) width 0: " "
      RenderBlock {HR} at (0,108) size 964x2 [border: (1px inset #000000)]
      RenderBlock {P} at (0,126) size 964x57
        RenderText {#text} at (0,0) size 953x57
          text run at (0,0) width 541: "The first line of this paragraph, and only that one, should be green. "
          text run at (541,0) width 412: "If this precise combination does not occur, then the"
          text run at (0,19) width 246: "user agent has failed this test. "
          text run at (246,19) width 706: "Remember that in order to ensure a complete test, the paragraph must be displayed on"
          text run at (0,38) width 157: "more than one line."
      RenderBlock {P} at (0,199) size 964x75
        RenderText {#text} at (0,0) size 962x75
          text run at (0,0) width 917: "The first line of this paragraph, and only that one, should"
          text run at (0,37) width 304: "be a larger font size as well as green. "
          text run at (304,37) width 658: "If this precise combination does not occur, then the user agent has failed this test."
          text run at (0,56) width 868: "Remember that in order to ensure a complete test, the paragraph must be displayed on more than one line."
      RenderBlock {P} at (0,290) size 964x76
        RenderText {#text} at (0,0) size 958x57
          text run at (0,0) width 633: "The first line of this paragraph, and only that one, should be displayed in small-caps style. "
          text run at (633,0) width 325: "Thus, if the first line is not in small-caps style,"
          text run at (0,19) width 950: "OR if the entire paragraph turns out in small-caps, then the user agent has failed this test (although the problem might"
          text run at (0,38) width 62: "be that "
        RenderInline {CODE} at (0,0) size 71x15
          RenderText {#text} at (62,41) size 71x15
            text run at (62,41) width 71: "small-caps"
        RenderText {#text} at (133,38) size 964x38
          text run at (133,38) width 285: " is not supported by your browser). "
          text run at (418,38) width 546: "This is extra text included for the purposes of making the paragraph"
          text run at (0,57) width 326: "long enough to have more than one line."
      RenderTable {TABLE} at (0,382) size 964x277 [border: (1px outset #808080)]
        RenderTableSection {TBODY} at (1,1) size 962x275
          RenderTableRow {TR} at (0,0) size 962x27
            RenderTableCell {TD} at (0,0) size 962x27 [bgcolor=#C0C0C0] [border: (1px inset #808080)] [r=0 c=0 rs=1 cs=2]
              RenderInline {STRONG} at (0,0) size 202x19
                RenderText {#text} at (4,4) size 202x19
                  text run at (4,4) width 202: "TABLE Testing Section"
          RenderTableRow {TR} at (0,27) size 962x248
            RenderTableCell {TD} at (0,137) size 13x27 [bgcolor=#C0C0C0] [border: (1px inset #808080)] [r=1 c=0 rs=1 cs=1]
              RenderText {#text} at (4,4) size 5x19
                text run at (4,4) width 5: " "
            RenderTableCell {TD} at (13,27) size 949x248 [border: (1px inset #808080)] [r=1 c=1 rs=1 cs=1]
              RenderBlock {P} at (4,4) size 941x57
                RenderText {#text} at (0,0) size 922x57
                  text run at (0,0) width 541: "The first line of this paragraph, and only that one, should be green. "
                  text run at (541,0) width 381: "If this precise combination does not occur, then"
                  text run at (0,19) width 277: "the user agent has failed this test. "
                  text run at (277,19) width 601: "Remember that in order to ensure a complete test, the paragraph must be"
                  text run at (0,38) width 262: "displayed on more than one line."
              RenderBlock {P} at (4,77) size 941x75
                RenderText {#text} at (0,0) size 922x75
                  text run at (0,0) width 917: "The first line of this paragraph, and only that one, should"
                  text run at (0,37) width 304: "be a larger font size as well as green. "
                  text run at (304,37) width 618: "If this precise combination does not occur, then the user agent has failed this"
                  text run at (0,56) width 40: "test. "
                  text run at (40,56) width 868: "Remember that in order to ensure a complete test, the paragraph must be displayed on more than one line."
              RenderBlock {P} at (4,168) size 941x76
                RenderText {#text} at (0,0) size 914x57
                  text run at (0,0) width 633: "The first line of this paragraph, and only that one, should be displayed in small-caps style. "
                  text run at (633,0) width 281: "Thus, if the first line is not in small-caps"
                  text run at (0,19) width 874: "style, OR if the entire paragraph turns out in small-caps, then the user agent has failed this test (although the"
                  text run at (0,38) width 185: "problem might be that "
                RenderInline {CODE} at (0,0) size 71x15
                  RenderText {#text} at (185,41) size 71x15
                    text run at (185,41) width 71: "small-caps"
                RenderText {#text} at (256,38) size 903x38
                  text run at (256,38) width 285: " is not supported by your browser). "
                  text run at (541,38) width 362: "This is extra text included for the purposes of"
                  text run at (0,57) width 510: "making the paragraph long enough to have more than one line."
