layer at (0,0) size 980x735
  RenderView at (0,0) size 980x735
layer at (0,0) size 980x735
  RenderBlock {HTML} at (0,0) size 980x735
    RenderBody {BODY} at (8,8) size 964x714
      RenderBlock {PRE} at (0,0) size 964x15
        RenderText {#text} at (0,0) size 69x15
          text run at (0,0) width 69: "text      col"
          text run at (69,0) width 0: " "
      RenderBlock {PRE} at (0,28) size 964x15
        RenderText {#text} at (0,0) size 59x15
          text run at (0,0) width 59: "          col"
          text run at (59,0) width 0: " "
      RenderBlock {PRE} at (0,56) size 964x15
        RenderText {#text} at (0,0) size 80x15
          text run at (0,0) width 80: "thistextiscol"
          text run at (80,0) width 0: " "
