layer at (0,0) size 980x735
  RenderView at (0,0) size 980x735
layer at (0,0) size 980x735
  RenderBlock {HTML} at (0,0) size 980x735
    RenderBody {BODY} at (8,8) size 964x714
      RenderBlock {PRE} at (0,0) size 964x15
        RenderText {#text} at (0,0) size 92x15
          text run at (0,0) width 92: "Some pre text"
