layer at (0,0) size 980x735
  RenderView at (0,0) size 980x735
layer at (0,0) size 980x735
  RenderBlock {HTML} at (0,0) size 980x735
    RenderBody {BODY} at (8,8) size 964x719
      RenderBlock {DIV} at (0,0) size 204x45 [border: (2px solid #FF0000)]
        RenderInline {FONT} at (0,0) size 224x38 [color=#996699]
          RenderText {#text} at (0,0) size 0x0
          RenderInline {NOBR} at (0,0) size 192x19
            RenderText {#text} at (2,2) size 14x19
              text run at (2,2) width 14: "\x{2022} "
            RenderInline {A} at (0,0) size 153x19 [color=#0000EE]
              RenderText {#text} at (16,2) size 153x19
                text run at (16,2) width 153: "Corporate Services"
            RenderText {#text} at (169,2) size 25x19
              text run at (169,2) width 25: "     "
          RenderText {#text} at (0,0) size 0x0
          RenderInline {NOBR} at (0,0) size 224x19
            RenderText {#text} at (2,21) size 14x19
              text run at (2,21) width 14: "\x{2022} "
            RenderInline {A} at (0,0) size 185x19 [color=#0000EE]
              RenderText {#text} at (16,21) size 165x19
                text run at (16,21) width 165: "1-800-las-flores.com"
              RenderInline {SUB} at (0,0) size 20x15
                RenderText {#text} at (181,28) size 20x15
                  text run at (181,28) width 20: "sm"
            RenderText {#text} at (201,21) size 25x19
              text run at (201,21) width 25: "     "
          RenderText {#text} at (0,0) size 0x0
      RenderBlock (anonymous) at (0,45) size 964x0
        RenderInline {FONT} at (0,0) size 0x0 [color=#996699]
          RenderText {#text} at (0,0) size 0x0
