layer at (0,0) size 980x735
  RenderView at (0,0) size 980x735
layer at (0,0) size 980x735
  RenderBlock {HTML} at (0,0) size 980x735
    RenderBody {BODY} at (8,8) size 964x719
      RenderTable {TABLE} at (0,0) size 450x63
        RenderTableSection {TBODY} at (0,0) size 450x63
          RenderTableRow {TR} at (0,2) size 450x59
            RenderTableCell {TD} at (2,2) size 446x59 [bgcolor=#CCCC44] [r=0 c=0 rs=1 cs=1]
              RenderText {#text} at (1,1) size 440x57
                text run at (1,1) width 440: "This stuff should all be within the table boundaries, and"
                text run at (1,20) width 139: "not off the edge. "
                text run at (140,20) width 280: "No way should it be off the edge of"
                text run at (1,39) width 132: "the damn table. "
              RenderInline {SPAN} at (0,0) size 242x19
                RenderImage {IMG} at (133,54) size 50x0
                RenderText {#text} at (183,39) size 192x19
                  text run at (183,39) width 192: "oh, no I fell off the edge"
              RenderText {#text} at (0,0) size 0x0
