layer at (0,0) size 980x735
  RenderView at (0,0) size 980x735
layer at (0,0) size 980x735
  RenderBlock {HTML} at (0,0) size 980x735
    RenderBody {BODY} at (8,8) size 964x701
      RenderBlock {PRE} at (0,0) size 964x60
        RenderText {#text} at (0,0) size 174x60
          text run at (0,0) width 172: "This is a test."
          text run at (172,0) width 0: " "
          text run at (0,30) width 174: "Big font size?"
          text run at (174,30) width 0: " "
