layer at (0,0) size 980x735
  RenderView at (0,0) size 980x735
layer at (0,0) size 980x735
  RenderBlock {HTML} at (0,0) size 980x735
    RenderBody {BODY} at (8,8) size 964x714
      RenderBlock {PRE} at (0,0) size 304x34 [border: (2px solid #008000)]
        RenderText {#text} at (2,2) size 74x30
          text run at (2,2) width 74: "This should"
          text run at (76,2) width 0: " "
          text run at (2,17) width 70: "not justify."
          text run at (72,17) width 0: " "
