layer at (0,0) size 980x1183
  RenderView at (0,0) size 980x735
layer at (0,0) size 980x1183
  RenderBlock {HTML} at (0,0) size 980x1183
    RenderBody {BODY} at (8,8) size 964x1167 [bgcolor=#FFFFFF]
      RenderBlock {H1} at (0,0) size 964x37
        RenderText {#text} at (0,0) size 449x38
          text run at (0,0) width 449: "Safari 1.0 PRE width bug"
      RenderBlock (anonymous) at (0,58) size 964x76
        RenderText {#text} at (0,0) size 124x19
          text run at (0,0) width 124: "As noted in my "
        RenderInline {A} at (0,0) size 34x19 [color=#0000EE]
          RenderText {#text} at (124,0) size 34x19
            text run at (124,0) width 34: "blog"
        RenderText {#text} at (158,0) size 956x76
          text run at (158,0) width 10: ", "
          text run at (168,0) width 544: "in certain cases Safari will miscalculate the width of a PRE element. "
          text run at (712,0) width 244: "I think I've found the trigger. If"
          text run at (0,19) width 348: "a nested container element is preceded by "
          text run at (348,19) width 572: "uncontained text and a blank line, and there are \"too many\" characters"
          text run at (0,38) width 517: "contained in the nested element, the PRE width will be too wide. "
          text run at (517,38) width 426: "In the examples below, the nested element is a SPAN"
          text run at (0,57) width 122: "whose content "
          text run at (122,57) width 281: "is the days-of-week line, as follows:"
      RenderBlock {PRE} at (0,147) size 964x15
        RenderText {#text} at (0,0) size 330x15
          text run at (0,0) width 330: "    <SPAN CLASS=dow> D  M  T  W  J  F  S</SPAN>"
          text run at (330,0) width 0: " "
      RenderBlock {H2} at (0,181) size 964x28
        RenderText {#text} at (0,0) size 138x28
          text run at (0,0) width 138: "Example 1"
      RenderTable {TABLE} at (0,228) size 964x170
        RenderTableSection {TBODY} at (0,0) size 964x170
          RenderTableRow {TR} at (0,2) size 964x166
            RenderTableCell {TD} at (2,2) size 152x166 [r=0 c=0 rs=1 cs=1]
              RenderBlock {PRE} at (1,1) size 150x164 [bgcolor=#CCCC99] [border: (1px solid #000000)]
                RenderText {#text} at (7,7) size 64x30
                  text run at (7,7) width 64: "        2003"
                  text run at (71,7) width 0: " "
                  text run at (7,22) width 0: " "
                RenderInline {SPAN} at (0,0) size 113x18 [border: (1px solid #000000) none (2px solid #000000) none]
                  RenderText {#text} at (7,37) size 113x15
                    text run at (7,37) width 113: " D  M  T  W  J  F  S"
                RenderText {#text} at (120,37) size 136x120
                  text run at (120,37) width 0: " "
                  text run at (7,52) width 0: " "
                  text run at (7,67) width 95: "      September"
                  text run at (102,67) width 0: " "
                  text run at (7,82) width 104: "    1  2  3  4  5  6"
                  text run at (111,82) width 0: " "
                  text run at (7,97) width 124: " 7  8  9 10 11 12 13"
                  text run at (131,97) width 0: " "
                  text run at (7,112) width 136: "14 15 16 17 18 19 20"
                  text run at (143,112) width 0: " "
                  text run at (7,127) width 136: "21 22 23 24 25 26 27"
                  text run at (143,127) width 0: " "
                  text run at (7,142) width 56: "28 29 30"
            RenderTableCell {TD} at (156,2) size 806x21 [r=0 c=1 rs=1 cs=1]
              RenderText {#text} at (1,1) size 620x19
                text run at (1,1) width 439: "The blank line between '2003' and the nested element "
                text run at (440,1) width 181: "triggers the width bug."
      RenderBlock (anonymous) at (0,398) size 964x19
        RenderBR {BR} at (0,0) size 0x19
      RenderBlock {H2} at (0,436) size 964x28
        RenderText {#text} at (0,0) size 138x28
          text run at (0,0) width 138: "Example 2"
      RenderTable {TABLE} at (0,483) size 964x170
        RenderTableSection {TBODY} at (0,0) size 964x170
          RenderTableRow {TR} at (0,2) size 964x166
            RenderTableCell {TD} at (2,2) size 152x166 [r=0 c=0 rs=1 cs=1]
              RenderBlock {PRE} at (1,1) size 150x164 [bgcolor=#CCCC99] [border: (1px solid #000000)]
                RenderText {#text} at (7,7) size 64x30
                  text run at (7,7) width 64: "        2003"
                  text run at (71,7) width 0: " "
                  text run at (7,22) width 0: " "
                RenderInline {SPAN} at (0,0) size 81x18 [border: (1px solid #000000) none (2px solid #000000) none]
                  RenderText {#text} at (7,37) size 81x15
                    text run at (7,37) width 81: " D  M  TWJFS"
                RenderText {#text} at (88,37) size 136x120
                  text run at (88,37) width 0: " "
                  text run at (7,52) width 0: " "
                  text run at (7,67) width 95: "      September"
                  text run at (102,67) width 0: " "
                  text run at (7,82) width 104: "    1  2  3  4  5  6"
                  text run at (111,82) width 0: " "
                  text run at (7,97) width 124: " 7  8  9 10 11 12 13"
                  text run at (131,97) width 0: " "
                  text run at (7,112) width 136: "14 15 16 17 18 19 20"
                  text run at (143,112) width 0: " "
                  text run at (7,127) width 136: "21 22 23 24 25 26 27"
                  text run at (143,127) width 0: " "
                  text run at (7,142) width 56: "28 29 30"
            RenderTableCell {TD} at (156,2) size 806x75 [r=0 c=1 rs=1 cs=1]
              RenderBlock (anonymous) at (1,1) size 804x19
                RenderText {#text} at (0,0) size 620x19
                  text run at (0,0) width 439: "The blank line between '2003' and the nested element "
                  text run at (439,0) width 181: "triggers the width bug."
              RenderBlock {P} at (1,36) size 804x38
                RenderText {#text} at (0,0) size 766x38
                  text run at (0,0) width 452: "Here, the excess whitespace is reduced by reducing the "
                  text run at (452,0) width 314: "number of characters contained by the"
                  text run at (0,19) width 130: "nested element."
      RenderBlock (anonymous) at (0,653) size 964x19
        RenderBR {BR} at (0,0) size 0x19
      RenderBlock {H2} at (0,691) size 964x28
        RenderText {#text} at (0,0) size 138x28
          text run at (0,0) width 138: "Example 3"
      RenderTable {TABLE} at (0,738) size 964x155
        RenderTableSection {TBODY} at (0,0) size 964x155
          RenderTableRow {TR} at (0,2) size 964x151
            RenderTableCell {TD} at (2,2) size 152x151 [r=0 c=0 rs=1 cs=1]
              RenderBlock {PRE} at (1,1) size 150x149 [bgcolor=#CCCC99] [border: (1px solid #000000)]
                RenderText {#text} at (7,7) size 64x15
                  text run at (7,7) width 64: "        2003"
                  text run at (71,7) width 0: " "
                RenderInline {SPAN} at (0,0) size 113x18 [border: (1px solid #000000) none (2px solid #000000) none]
                  RenderText {#text} at (7,22) size 113x15
                    text run at (7,22) width 113: " D  M  T  W  J  F  S"
                RenderText {#text} at (120,22) size 136x120
                  text run at (120,22) width 0: " "
                  text run at (7,37) width 0: " "
                  text run at (7,52) width 95: "      September"
                  text run at (102,52) width 0: " "
                  text run at (7,67) width 104: "    1  2  3  4  5  6"
                  text run at (111,67) width 0: " "
                  text run at (7,82) width 124: " 7  8  9 10 11 12 13"
                  text run at (131,82) width 0: " "
                  text run at (7,97) width 136: "14 15 16 17 18 19 20"
                  text run at (143,97) width 0: " "
                  text run at (7,112) width 136: "21 22 23 24 25 26 27"
                  text run at (143,112) width 0: " "
                  text run at (7,127) width 56: "28 29 30"
            RenderTableCell {TD} at (156,2) size 806x40 [r=0 c=1 rs=1 cs=1]
              RenderText {#text} at (1,1) size 731x38
                text run at (1,1) width 439: "The blank line between '2003' and the nested element "
                text run at (440,1) width 292: "has been removed, so the bug is not"
                text run at (1,20) width 79: "triggered."
      RenderBlock (anonymous) at (0,893) size 964x19
        RenderBR {BR} at (0,0) size 0x19
      RenderBlock {H2} at (0,931) size 964x28
        RenderText {#text} at (0,0) size 138x28
          text run at (0,0) width 138: "Example 4"
      RenderTable {TABLE} at (0,978) size 964x170
        RenderTableSection {TBODY} at (0,0) size 964x170
          RenderTableRow {TR} at (0,2) size 964x166
            RenderTableCell {TD} at (2,2) size 152x166 [r=0 c=0 rs=1 cs=1]
              RenderBlock {PRE} at (1,1) size 150x164 [bgcolor=#CCCC99] [border: (1px solid #000000)]
                RenderInline {SPAN} at (0,0) size 64x15
                  RenderText {#text} at (7,7) size 64x15
                    text run at (7,7) width 64: "        2003"
                RenderText {#text} at (71,7) size 64x30
                  text run at (71,7) width 0: " "
                  text run at (7,22) width 0: " "
                RenderInline {SPAN} at (0,0) size 113x18 [border: (1px solid #000000) none (2px solid #000000) none]
                  RenderText {#text} at (7,37) size 113x15
                    text run at (7,37) width 113: " D  M  T  W  J  F  S"
                RenderText {#text} at (120,37) size 136x120
                  text run at (120,37) width 0: " "
                  text run at (7,52) width 0: " "
                  text run at (7,67) width 95: "      September"
                  text run at (102,67) width 0: " "
                  text run at (7,82) width 104: "    1  2  3  4  5  6"
                  text run at (111,82) width 0: " "
                  text run at (7,97) width 124: " 7  8  9 10 11 12 13"
                  text run at (131,97) width 0: " "
                  text run at (7,112) width 136: "14 15 16 17 18 19 20"
                  text run at (143,112) width 0: " "
                  text run at (7,127) width 136: "21 22 23 24 25 26 27"
                  text run at (143,127) width 0: " "
                  text run at (7,142) width 56: "28 29 30"
            RenderTableCell {TD} at (156,2) size 806x40 [r=0 c=1 rs=1 cs=1]
              RenderText {#text} at (1,1) size 773x38
                text run at (1,1) width 439: "The blank line between '2003' and the nested element "
                text run at (440,1) width 334: "no longer triggers the width bug, because"
                text run at (1,20) width 290: "now the '2003' is itself contained by "
                text run at (291,20) width 372: "a nested element (in this case, another SPAN)."
      RenderBlock (anonymous) at (0,1148) size 964x19
        RenderBR {BR} at (0,0) size 0x19
