layer at (0,0) size 980x735
  RenderView at (0,0) size 980x735
layer at (0,0) size 980x735
  RenderBlock {HTML} at (0,0) size 980x735
    RenderBody {BODY} at (8,8) size 964x719
      RenderTable {TABLE} at (0,0) size 314x33
        RenderTableSection {TBODY} at (0,0) size 314x33
          RenderTableRow {TR} at (0,2) size 314x29
            RenderTableCell {TD} at (2,2) size 310x29 [border: (2px solid #0000FF)] [r=0 c=0 rs=1 cs=1]
              RenderBlock {DIV} at (3,3) size 304x23 [border: (2px solid #008000)]
                RenderInline {NOBR} at (0,0) size 801x19
                  RenderText {#text} at (2,2) size 801x19
                    text run at (2,2) width 276: "This text should be all on one line. "
                    text run at (278,2) width 362: "It should spill out of the 300 pixel wide green "
                    text run at (640,2) width 163: "and blue rectangles."
                RenderText {#text} at (0,0) size 0x0
