layer at (0,0) size 980x735
  RenderView at (0,0) size 980x735
layer at (0,0) size 980x735
  RenderBlock {HTML} at (0,0) size 980x735
    RenderBody {BODY} at (8,8) size 964x719
      RenderTable {TABLE} at (0,0) size 964x19
        RenderTableSection {TBODY} at (0,0) size 964x19
          RenderTableRow {TR} at (0,0) size 964x19
            RenderTableCell {TD} at (0,0) size 6x19 [r=0 c=0 rs=1 cs=1]
              RenderInline {B} at (0,0) size 6x19
                RenderText {#text} at (0,0) size 6x19
                  text run at (0,0) width 6: "\x{B7}"
            RenderTableCell {TD} at (6,0) size 958x19 [r=0 c=1 rs=1 cs=1]
              RenderText {#text} at (0,0) size 498x19
                text run at (0,0) width 498: "There should be space between the bullet and this line of text."
