layer at (0,0) size 980x735
  RenderView at (0,0) size 980x735
layer at (0,0) size 980x735
  RenderBlock {HTML} at (0,0) size 980x735
    RenderBody {BODY} at (8,8) size 964x714
      RenderBlock {PRE} at (0,0) size 964x45
        RenderText {#text} at (0,0) size 8x15
          text run at (0,0) width 8: "1"
        RenderBR {BR} at (8,12) size 0x0
        RenderText {#text} at (0,15) size 8x30
          text run at (0,15) width 0: " "
          text run at (0,30) width 8: "2"
