layer at (0,0) size 980x735
  RenderView at (0,0) size 980x735
layer at (0,0) size 980x95
  RenderBlock {HTML} at (0,0) size 980x95
    RenderBody {BODY} at (8,13) size 964x74
      RenderBlock {PRE} at (0,0) size 964x19 [border: (2px solid #008000)]
        RenderText {#text} at (2,2) size 109x15
          text run at (2,2) width 109: "I am on one line."
          text run at (111,2) width 0: " "
      RenderBlock {DIV} at (0,32) size 964x42 [border: (2px solid #008000)]
        RenderText {#text} at (2,2) size 952x38
          text run at (2,2) width 0: " "
          text run at (2,21) width 952: "This div is two lines.  The newline right after the tag opened is significant and is honored by Firefox and Opera (and us)."
          text run at (954,21) width 0: " "
