layer at (0,0) size 980x735
  RenderView at (0,0) size 980x735
layer at (0,0) size 980x735
  RenderBlock {HTML} at (0,0) size 980x735
    RenderBody {BODY} at (8,8) size 964x719
layer at (100,8) size 880x196
  RenderBlock (positioned) {DIV} at (100,8) size 880x196 [border: (2px solid #FF0000)]
    RenderText {#text} at (14,14) size 850x168
      text run at (14,14) width 826: "This div is absolutely positioned to the left. All the spaces in this div"
      text run at (14,42) width 816: "are replaced with non-breaking spaces, and the nbsp-mode for this"
      text run at (14,70) width 778: "div is 'space', so when calculating line breaks, the non-breaking"
      text run at (14,98) width 850: "spaces should be treated as normal spaces. If this isn't the case, then"
      text run at (14,126) width 793: "all the text for this paragraph will be rendered in two lines, and a"
      text run at (14,154) width 608: "horizontal scroll bar will appear along the bottom."
