layer at (0,0) size 980x735
  RenderView at (0,0) size 980x735
layer at (0,0) size 980x735
  RenderBlock {HTML} at (0,0) size 980x735
    RenderBody {BODY} at (8,8) size 964x719
      RenderFieldSet {FIELDSET} at (2,0) size 960x379 [border: (2px groove #C0C0C0)]
        RenderBlock {DIV} at (14,7) size 932x360
          RenderInline {DIV} at (0,0) size 134x19
            RenderInline {DIV} at (0,0) size 134x19
              RenderText {#text} at (0,0) size 0x0
              RenderInline {A} at (0,0) size 50x19 [color=#0000EE]
                RenderImage {IMG} at (0,0) size 50x34
              RenderText {#text} at (50,19) size 5x19
                text run at (50,19) width 5: " "
              RenderBlock {INPUT} at (59,25) size 12x12
              RenderInline {LABEL} at (0,0) size 54x19
                RenderText {#text} at (75,19) size 54x19
                  text run at (75,19) width 54: "Classic"
              RenderText {#text} at (129,19) size 5x19
                text run at (129,19) width 5: " "
          RenderText {#text} at (0,0) size 0x0
          RenderInline {DIV} at (0,0) size 127x19
            RenderInline {DIV} at (0,0) size 127x19
              RenderText {#text} at (0,0) size 0x0
              RenderInline {A} at (0,0) size 50x19 [color=#0000EE]
                RenderImage {IMG} at (134,0) size 50x34
              RenderText {#text} at (184,19) size 5x19
                text run at (184,19) width 5: " "
              RenderBlock {INPUT} at (193,25) size 12x12
              RenderInline {LABEL} at (0,0) size 47x19
                RenderText {#text} at (209,19) size 47x19
                  text run at (209,19) width 47: "Africa"
              RenderText {#text} at (256,19) size 5x19
                text run at (256,19) width 5: " "
          RenderText {#text} at (0,0) size 0x0
          RenderInline {DIV} at (0,0) size 235x19
            RenderInline {DIV} at (0,0) size 235x19
              RenderText {#text} at (0,0) size 0x0
              RenderInline {A} at (0,0) size 50x19 [color=#0000EE]
                RenderImage {IMG} at (261,0) size 50x34
              RenderText {#text} at (311,19) size 5x19
                text run at (311,19) width 5: " "
              RenderBlock {INPUT} at (320,25) size 12x12
              RenderInline {LABEL} at (0,0) size 155x19
                RenderText {#text} at (336,19) size 155x19
                  text run at (336,19) width 155: "Alexander's Empire"
              RenderText {#text} at (491,19) size 5x19
                text run at (491,19) width 5: " "
          RenderText {#text} at (0,0) size 0x0
          RenderInline {DIV} at (0,0) size 203x19
            RenderInline {DIV} at (0,0) size 203x19
              RenderText {#text} at (0,0) size 0x0
              RenderInline {A} at (0,0) size 50x19 [color=#0000EE]
                RenderImage {IMG} at (496,0) size 50x34
              RenderText {#text} at (546,19) size 5x19
                text run at (546,19) width 5: " "
              RenderBlock {INPUT} at (555,25) size 12x12
              RenderInline {LABEL} at (0,0) size 123x19
                RenderText {#text} at (571,19) size 123x19
                  text run at (571,19) width 123: "Ancient Greece"
              RenderText {#text} at (694,19) size 5x19
                text run at (694,19) width 5: " "
          RenderText {#text} at (0,0) size 0x0
          RenderInline {DIV} at (0,0) size 129x19
            RenderInline {DIV} at (0,0) size 129x19
              RenderText {#text} at (0,0) size 0x0
              RenderInline {A} at (0,0) size 50x19 [color=#0000EE]
                RenderImage {IMG} at (699,0) size 50x34
              RenderText {#text} at (749,19) size 5x19
                text run at (749,19) width 5: " "
              RenderBlock {INPUT} at (758,25) size 12x12
              RenderInline {LABEL} at (0,0) size 54x19
                RenderText {#text} at (774,19) size 54x19
                  text run at (774,19) width 54: "Classic"
              RenderText {#text} at (0,0) size 0x0
          RenderText {#text} at (0,0) size 0x0
          RenderInline {DIV} at (0,0) size 127x19
            RenderInline {DIV} at (0,0) size 127x19
              RenderText {#text} at (0,0) size 0x0
              RenderInline {A} at (0,0) size 50x19 [color=#0000EE]
                RenderImage {IMG} at (0,40) size 50x34
              RenderText {#text} at (50,59) size 5x19
                text run at (50,59) width 5: " "
              RenderBlock {INPUT} at (59,65) size 12x12
              RenderInline {LABEL} at (0,0) size 47x19
                RenderText {#text} at (75,59) size 47x19
                  text run at (75,59) width 47: "Africa"
              RenderText {#text} at (122,59) size 5x19
                text run at (122,59) width 5: " "
          RenderText {#text} at (0,0) size 0x0
          RenderInline {DIV} at (0,0) size 235x19
            RenderInline {DIV} at (0,0) size 235x19
              RenderText {#text} at (0,0) size 0x0
              RenderInline {A} at (0,0) size 50x19 [color=#0000EE]
                RenderImage {IMG} at (127,40) size 50x34
              RenderText {#text} at (177,59) size 5x19
                text run at (177,59) width 5: " "
              RenderBlock {INPUT} at (186,65) size 12x12
              RenderInline {LABEL} at (0,0) size 155x19
                RenderText {#text} at (202,59) size 155x19
                  text run at (202,59) width 155: "Alexander's Empire"
              RenderText {#text} at (357,59) size 5x19
                text run at (357,59) width 5: " "
          RenderText {#text} at (0,0) size 0x0
          RenderInline {DIV} at (0,0) size 203x19
            RenderInline {DIV} at (0,0) size 203x19
              RenderText {#text} at (0,0) size 0x0
              RenderInline {A} at (0,0) size 50x19 [color=#0000EE]
                RenderImage {IMG} at (362,40) size 50x34
              RenderText {#text} at (412,59) size 5x19
                text run at (412,59) width 5: " "
              RenderBlock {INPUT} at (421,65) size 12x12
              RenderInline {LABEL} at (0,0) size 123x19
                RenderText {#text} at (437,59) size 123x19
                  text run at (437,59) width 123: "Ancient Greece"
              RenderText {#text} at (560,59) size 5x19
                text run at (560,59) width 5: " "
          RenderText {#text} at (0,0) size 0x0
          RenderInline {DIV} at (0,0) size 134x19
            RenderInline {DIV} at (0,0) size 134x19
              RenderText {#text} at (0,0) size 0x0
              RenderInline {A} at (0,0) size 50x19 [color=#0000EE]
                RenderImage {IMG} at (565,40) size 50x34
              RenderText {#text} at (615,59) size 5x19
                text run at (615,59) width 5: " "
              RenderBlock {INPUT} at (624,65) size 12x12
              RenderInline {LABEL} at (0,0) size 54x19
                RenderText {#text} at (640,59) size 54x19
                  text run at (640,59) width 54: "Classic"
              RenderText {#text} at (694,59) size 5x19
                text run at (694,59) width 5: " "
          RenderText {#text} at (0,0) size 0x0
          RenderInline {DIV} at (0,0) size 122x19
            RenderInline {DIV} at (0,0) size 122x19
              RenderText {#text} at (0,0) size 0x0
              RenderInline {A} at (0,0) size 50x19 [color=#0000EE]
                RenderImage {IMG} at (699,40) size 50x34
              RenderText {#text} at (749,59) size 5x19
                text run at (749,59) width 5: " "
              RenderBlock {INPUT} at (758,65) size 12x12
              RenderInline {LABEL} at (0,0) size 47x19
                RenderText {#text} at (774,59) size 47x19
                  text run at (774,59) width 47: "Africa"
              RenderText {#text} at (0,0) size 0x0
          RenderText {#text} at (0,0) size 0x0
          RenderInline {DIV} at (0,0) size 235x19
            RenderInline {DIV} at (0,0) size 235x19
              RenderText {#text} at (0,0) size 0x0
              RenderInline {A} at (0,0) size 50x19 [color=#0000EE]
                RenderImage {IMG} at (0,80) size 50x34
              RenderText {#text} at (50,99) size 5x19
                text run at (50,99) width 5: " "
              RenderBlock {INPUT} at (59,105) size 12x12
              RenderInline {LABEL} at (0,0) size 155x19
                RenderText {#text} at (75,99) size 155x19
                  text run at (75,99) width 155: "Alexander's Empire"
              RenderText {#text} at (230,99) size 5x19
                text run at (230,99) width 5: " "
          RenderText {#text} at (0,0) size 0x0
          RenderInline {DIV} at (0,0) size 203x19
            RenderInline {DIV} at (0,0) size 203x19
              RenderText {#text} at (0,0) size 0x0
              RenderInline {A} at (0,0) size 50x19 [color=#0000EE]
                RenderImage {IMG} at (235,80) size 50x34
              RenderText {#text} at (285,99) size 5x19
                text run at (285,99) width 5: " "
              RenderBlock {INPUT} at (294,105) size 12x12
              RenderInline {LABEL} at (0,0) size 123x19
                RenderText {#text} at (310,99) size 123x19
                  text run at (310,99) width 123: "Ancient Greece"
              RenderText {#text} at (433,99) size 5x19
                text run at (433,99) width 5: " "
          RenderText {#text} at (0,0) size 0x0
          RenderInline {DIV} at (0,0) size 134x19
            RenderInline {DIV} at (0,0) size 134x19
              RenderText {#text} at (0,0) size 0x0
              RenderInline {A} at (0,0) size 50x19 [color=#0000EE]
                RenderImage {IMG} at (438,80) size 50x34
              RenderText {#text} at (488,99) size 5x19
                text run at (488,99) width 5: " "
              RenderBlock {INPUT} at (497,105) size 12x12
              RenderInline {LABEL} at (0,0) size 54x19
                RenderText {#text} at (513,99) size 54x19
                  text run at (513,99) width 54: "Classic"
              RenderText {#text} at (567,99) size 5x19
                text run at (567,99) width 5: " "
          RenderText {#text} at (0,0) size 0x0
          RenderInline {DIV} at (0,0) size 122x19
            RenderInline {DIV} at (0,0) size 122x19
              RenderText {#text} at (0,0) size 0x0
              RenderInline {A} at (0,0) size 50x19 [color=#0000EE]
                RenderImage {IMG} at (572,80) size 50x34
              RenderText {#text} at (622,99) size 5x19
                text run at (622,99) width 5: " "
              RenderBlock {INPUT} at (631,105) size 12x12
              RenderInline {LABEL} at (0,0) size 47x19
                RenderText {#text} at (647,99) size 47x19
                  text run at (647,99) width 47: "Africa"
              RenderText {#text} at (0,0) size 0x0
          RenderText {#text} at (0,0) size 0x0
          RenderInline {DIV} at (0,0) size 235x19
            RenderInline {DIV} at (0,0) size 235x19
              RenderText {#text} at (0,0) size 0x0
              RenderInline {A} at (0,0) size 50x19 [color=#0000EE]
                RenderImage {IMG} at (0,120) size 50x34
              RenderText {#text} at (50,139) size 5x19
                text run at (50,139) width 5: " "
              RenderBlock {INPUT} at (59,145) size 12x12
              RenderInline {LABEL} at (0,0) size 155x19
                RenderText {#text} at (75,139) size 155x19
                  text run at (75,139) width 155: "Alexander's Empire"
              RenderText {#text} at (230,139) size 5x19
                text run at (230,139) width 5: " "
          RenderText {#text} at (0,0) size 0x0
          RenderInline {DIV} at (0,0) size 203x19
            RenderInline {DIV} at (0,0) size 203x19
              RenderText {#text} at (0,0) size 0x0
              RenderInline {A} at (0,0) size 50x19 [color=#0000EE]
                RenderImage {IMG} at (235,120) size 50x34
              RenderText {#text} at (285,139) size 5x19
                text run at (285,139) width 5: " "
              RenderBlock {INPUT} at (294,145) size 12x12
              RenderInline {LABEL} at (0,0) size 123x19
                RenderText {#text} at (310,139) size 123x19
                  text run at (310,139) width 123: "Ancient Greece"
              RenderText {#text} at (433,139) size 5x19
                text run at (433,139) width 5: " "
          RenderText {#text} at (0,0) size 0x0
          RenderInline {DIV} at (0,0) size 134x19
            RenderInline {DIV} at (0,0) size 134x19
              RenderText {#text} at (0,0) size 0x0
              RenderInline {A} at (0,0) size 50x19 [color=#0000EE]
                RenderImage {IMG} at (438,120) size 50x34
              RenderText {#text} at (488,139) size 5x19
                text run at (488,139) width 5: " "
              RenderBlock {INPUT} at (497,145) size 12x12
              RenderInline {LABEL} at (0,0) size 54x19
                RenderText {#text} at (513,139) size 54x19
                  text run at (513,139) width 54: "Classic"
              RenderText {#text} at (567,139) size 5x19
                text run at (567,139) width 5: " "
          RenderText {#text} at (0,0) size 0x0
          RenderInline {DIV} at (0,0) size 122x19
            RenderInline {DIV} at (0,0) size 122x19
              RenderText {#text} at (0,0) size 0x0
              RenderInline {A} at (0,0) size 50x19 [color=#0000EE]
                RenderImage {IMG} at (572,120) size 50x34
              RenderText {#text} at (622,139) size 5x19
                text run at (622,139) width 5: " "
              RenderBlock {INPUT} at (631,145) size 12x12
              RenderInline {LABEL} at (0,0) size 47x19
                RenderText {#text} at (647,139) size 47x19
                  text run at (647,139) width 47: "Africa"
              RenderText {#text} at (0,0) size 0x0
          RenderText {#text} at (0,0) size 0x0
          RenderInline {DIV} at (0,0) size 235x19
            RenderInline {DIV} at (0,0) size 235x19
              RenderText {#text} at (0,0) size 0x0
              RenderInline {A} at (0,0) size 50x19 [color=#0000EE]
                RenderImage {IMG} at (0,160) size 50x34
              RenderText {#text} at (50,179) size 5x19
                text run at (50,179) width 5: " "
              RenderBlock {INPUT} at (59,185) size 12x12
              RenderInline {LABEL} at (0,0) size 155x19
                RenderText {#text} at (75,179) size 155x19
                  text run at (75,179) width 155: "Alexander's Empire"
              RenderText {#text} at (230,179) size 5x19
                text run at (230,179) width 5: " "
          RenderText {#text} at (0,0) size 0x0
          RenderInline {DIV} at (0,0) size 203x19
            RenderInline {DIV} at (0,0) size 203x19
              RenderText {#text} at (0,0) size 0x0
              RenderInline {A} at (0,0) size 50x19 [color=#0000EE]
                RenderImage {IMG} at (235,160) size 50x34
              RenderText {#text} at (285,179) size 5x19
                text run at (285,179) width 5: " "
              RenderBlock {INPUT} at (294,185) size 12x12
              RenderInline {LABEL} at (0,0) size 123x19
                RenderText {#text} at (310,179) size 123x19
                  text run at (310,179) width 123: "Ancient Greece"
              RenderText {#text} at (433,179) size 5x19
                text run at (433,179) width 5: " "
          RenderText {#text} at (0,0) size 0x0
          RenderInline {DIV} at (0,0) size 134x19
            RenderInline {DIV} at (0,0) size 134x19
              RenderText {#text} at (0,0) size 0x0
              RenderInline {A} at (0,0) size 50x19 [color=#0000EE]
                RenderImage {IMG} at (438,160) size 50x34
              RenderText {#text} at (488,179) size 5x19
                text run at (488,179) width 5: " "
              RenderBlock {INPUT} at (497,185) size 12x12
              RenderInline {LABEL} at (0,0) size 54x19
                RenderText {#text} at (513,179) size 54x19
                  text run at (513,179) width 54: "Classic"
              RenderText {#text} at (567,179) size 5x19
                text run at (567,179) width 5: " "
          RenderText {#text} at (0,0) size 0x0
          RenderInline {DIV} at (0,0) size 122x19
            RenderInline {DIV} at (0,0) size 122x19
              RenderText {#text} at (0,0) size 0x0
              RenderInline {A} at (0,0) size 50x19 [color=#0000EE]
                RenderImage {IMG} at (572,160) size 50x34
              RenderText {#text} at (622,179) size 5x19
                text run at (622,179) width 5: " "
              RenderBlock {INPUT} at (631,185) size 12x12
              RenderInline {LABEL} at (0,0) size 47x19
                RenderText {#text} at (647,179) size 47x19
                  text run at (647,179) width 47: "Africa"
              RenderText {#text} at (0,0) size 0x0
          RenderText {#text} at (0,0) size 0x0
          RenderInline {DIV} at (0,0) size 235x19
            RenderInline {DIV} at (0,0) size 235x19
              RenderText {#text} at (0,0) size 0x0
              RenderInline {A} at (0,0) size 50x19 [color=#0000EE]
                RenderImage {IMG} at (0,200) size 50x34
              RenderText {#text} at (50,219) size 5x19
                text run at (50,219) width 5: " "
              RenderBlock {INPUT} at (59,225) size 12x12
              RenderInline {LABEL} at (0,0) size 155x19
                RenderText {#text} at (75,219) size 155x19
                  text run at (75,219) width 155: "Alexander's Empire"
              RenderText {#text} at (230,219) size 5x19
                text run at (230,219) width 5: " "
          RenderText {#text} at (0,0) size 0x0
          RenderInline {DIV} at (0,0) size 203x19
            RenderInline {DIV} at (0,0) size 203x19
              RenderText {#text} at (0,0) size 0x0
              RenderInline {A} at (0,0) size 50x19 [color=#0000EE]
                RenderImage {IMG} at (235,200) size 50x34
              RenderText {#text} at (285,219) size 5x19
                text run at (285,219) width 5: " "
              RenderBlock {INPUT} at (294,225) size 12x12
              RenderInline {LABEL} at (0,0) size 123x19
                RenderText {#text} at (310,219) size 123x19
                  text run at (310,219) width 123: "Ancient Greece"
              RenderText {#text} at (433,219) size 5x19
                text run at (433,219) width 5: " "
          RenderText {#text} at (0,0) size 0x0
          RenderInline {DIV} at (0,0) size 134x19
            RenderInline {DIV} at (0,0) size 134x19
              RenderText {#text} at (0,0) size 0x0
              RenderInline {A} at (0,0) size 50x19 [color=#0000EE]
                RenderImage {IMG} at (438,200) size 50x34
              RenderText {#text} at (488,219) size 5x19
                text run at (488,219) width 5: " "
              RenderBlock {INPUT} at (497,225) size 12x12
              RenderInline {LABEL} at (0,0) size 54x19
                RenderText {#text} at (513,219) size 54x19
                  text run at (513,219) width 54: "Classic"
              RenderText {#text} at (567,219) size 5x19
                text run at (567,219) width 5: " "
          RenderText {#text} at (0,0) size 0x0
          RenderInline {DIV} at (0,0) size 122x19
            RenderInline {DIV} at (0,0) size 122x19
              RenderText {#text} at (0,0) size 0x0
              RenderInline {A} at (0,0) size 50x19 [color=#0000EE]
                RenderImage {IMG} at (572,200) size 50x34
              RenderText {#text} at (622,219) size 5x19
                text run at (622,219) width 5: " "
              RenderBlock {INPUT} at (631,225) size 12x12
              RenderInline {LABEL} at (0,0) size 47x19
                RenderText {#text} at (647,219) size 47x19
                  text run at (647,219) width 47: "Africa"
              RenderText {#text} at (0,0) size 0x0
          RenderText {#text} at (0,0) size 0x0
          RenderInline {DIV} at (0,0) size 235x19
            RenderInline {DIV} at (0,0) size 235x19
              RenderText {#text} at (0,0) size 0x0
              RenderInline {A} at (0,0) size 50x19 [color=#0000EE]
                RenderImage {IMG} at (0,240) size 50x34
              RenderText {#text} at (50,259) size 5x19
                text run at (50,259) width 5: " "
              RenderBlock {INPUT} at (59,265) size 12x12
              RenderInline {LABEL} at (0,0) size 155x19
                RenderText {#text} at (75,259) size 155x19
                  text run at (75,259) width 155: "Alexander's Empire"
              RenderText {#text} at (230,259) size 5x19
                text run at (230,259) width 5: " "
          RenderText {#text} at (0,0) size 0x0
          RenderInline {DIV} at (0,0) size 203x19
            RenderInline {DIV} at (0,0) size 203x19
              RenderText {#text} at (0,0) size 0x0
              RenderInline {A} at (0,0) size 50x19 [color=#0000EE]
                RenderImage {IMG} at (235,240) size 50x34
              RenderText {#text} at (285,259) size 5x19
                text run at (285,259) width 5: " "
              RenderBlock {INPUT} at (294,265) size 12x12
              RenderInline {LABEL} at (0,0) size 123x19
                RenderText {#text} at (310,259) size 123x19
                  text run at (310,259) width 123: "Ancient Greece"
              RenderText {#text} at (433,259) size 5x19
                text run at (433,259) width 5: " "
          RenderText {#text} at (0,0) size 0x0
          RenderInline {DIV} at (0,0) size 134x19
            RenderInline {DIV} at (0,0) size 134x19
              RenderText {#text} at (0,0) size 0x0
              RenderInline {A} at (0,0) size 50x19 [color=#0000EE]
                RenderImage {IMG} at (438,240) size 50x34
              RenderText {#text} at (488,259) size 5x19
                text run at (488,259) width 5: " "
              RenderBlock {INPUT} at (497,265) size 12x12
              RenderInline {LABEL} at (0,0) size 54x19
                RenderText {#text} at (513,259) size 54x19
                  text run at (513,259) width 54: "Classic"
              RenderText {#text} at (567,259) size 5x19
                text run at (567,259) width 5: " "
          RenderText {#text} at (0,0) size 0x0
          RenderInline {DIV} at (0,0) size 122x19
            RenderInline {DIV} at (0,0) size 122x19
              RenderText {#text} at (0,0) size 0x0
              RenderInline {A} at (0,0) size 50x19 [color=#0000EE]
                RenderImage {IMG} at (572,240) size 50x34
              RenderText {#text} at (622,259) size 5x19
                text run at (622,259) width 5: " "
              RenderBlock {INPUT} at (631,265) size 12x12
              RenderInline {LABEL} at (0,0) size 47x19
                RenderText {#text} at (647,259) size 47x19
                  text run at (647,259) width 47: "Africa"
              RenderText {#text} at (0,0) size 0x0
          RenderText {#text} at (0,0) size 0x0
          RenderInline {DIV} at (0,0) size 235x19
            RenderInline {DIV} at (0,0) size 235x19
              RenderText {#text} at (0,0) size 0x0
              RenderInline {A} at (0,0) size 50x19 [color=#0000EE]
                RenderImage {IMG} at (0,280) size 50x34
              RenderText {#text} at (50,299) size 5x19
                text run at (50,299) width 5: " "
              RenderBlock {INPUT} at (59,305) size 12x12
              RenderInline {LABEL} at (0,0) size 155x19
                RenderText {#text} at (75,299) size 155x19
                  text run at (75,299) width 155: "Alexander's Empire"
              RenderText {#text} at (230,299) size 5x19
                text run at (230,299) width 5: " "
          RenderText {#text} at (0,0) size 0x0
          RenderInline {DIV} at (0,0) size 203x19
            RenderInline {DIV} at (0,0) size 203x19
              RenderText {#text} at (0,0) size 0x0
              RenderInline {A} at (0,0) size 50x19 [color=#0000EE]
                RenderImage {IMG} at (235,280) size 50x34
              RenderText {#text} at (285,299) size 5x19
                text run at (285,299) width 5: " "
              RenderBlock {INPUT} at (294,305) size 12x12
              RenderInline {LABEL} at (0,0) size 123x19
                RenderText {#text} at (310,299) size 123x19
                  text run at (310,299) width 123: "Ancient Greece"
              RenderText {#text} at (433,299) size 5x19
                text run at (433,299) width 5: " "
          RenderText {#text} at (0,0) size 0x0
          RenderInline {DIV} at (0,0) size 134x19
            RenderInline {DIV} at (0,0) size 134x19
              RenderText {#text} at (0,0) size 0x0
              RenderInline {A} at (0,0) size 50x19 [color=#0000EE]
                RenderImage {IMG} at (438,280) size 50x34
              RenderText {#text} at (488,299) size 5x19
                text run at (488,299) width 5: " "
              RenderBlock {INPUT} at (497,305) size 12x12
              RenderInline {LABEL} at (0,0) size 54x19
                RenderText {#text} at (513,299) size 54x19
                  text run at (513,299) width 54: "Classic"
              RenderText {#text} at (567,299) size 5x19
                text run at (567,299) width 5: " "
          RenderText {#text} at (0,0) size 0x0
          RenderInline {DIV} at (0,0) size 122x19
            RenderInline {DIV} at (0,0) size 122x19
              RenderText {#text} at (0,0) size 0x0
              RenderInline {A} at (0,0) size 50x19 [color=#0000EE]
                RenderImage {IMG} at (572,280) size 50x34
              RenderText {#text} at (622,299) size 5x19
                text run at (622,299) width 5: " "
              RenderBlock {INPUT} at (631,305) size 12x12
              RenderInline {LABEL} at (0,0) size 47x19
                RenderText {#text} at (647,299) size 47x19
                  text run at (647,299) width 47: "Africa"
              RenderText {#text} at (0,0) size 0x0
          RenderText {#text} at (0,0) size 0x0
          RenderInline {DIV} at (0,0) size 235x19
            RenderInline {DIV} at (0,0) size 235x19
              RenderText {#text} at (0,0) size 0x0
              RenderInline {A} at (0,0) size 50x19 [color=#0000EE]
                RenderImage {IMG} at (0,320) size 50x34
              RenderText {#text} at (50,339) size 5x19
                text run at (50,339) width 5: " "
              RenderBlock {INPUT} at (59,345) size 12x12
              RenderInline {LABEL} at (0,0) size 155x19
                RenderText {#text} at (75,339) size 155x19
                  text run at (75,339) width 155: "Alexander's Empire"
              RenderText {#text} at (230,339) size 5x19
                text run at (230,339) width 5: " "
          RenderText {#text} at (0,0) size 0x0
          RenderInline {DIV} at (0,0) size 198x19
            RenderInline {DIV} at (0,0) size 198x19
              RenderText {#text} at (0,0) size 0x0
              RenderInline {A} at (0,0) size 50x19 [color=#0000EE]
                RenderImage {IMG} at (235,320) size 50x34
              RenderText {#text} at (285,339) size 5x19
                text run at (285,339) width 5: " "
              RenderBlock {INPUT} at (294,345) size 12x12
              RenderInline {LABEL} at (0,0) size 123x19
                RenderText {#text} at (310,339) size 123x19
                  text run at (310,339) width 123: "Ancient Greece"
              RenderText {#text} at (0,0) size 0x0
          RenderText {#text} at (0,0) size 0x0
