layer at (0,0) size 980x735
  RenderView at (0,0) size 980x735
layer at (0,0) size 980x735
  RenderBlock {HTML} at (0,0) size 980x735
    RenderBody {BODY} at (8,8) size 964x719
      RenderBlock {DIV} at (0,0) size 154x156 [border: (2px solid #FF0000)]
        RenderText {#text} at (2,2) size 149x152
          text run at (2,2) width 148: "Even though this d"
          text run at (2,21) width 146: "iv is white-space p"
          text run at (2,40) width 145: "re, the text inside "
          text run at (2,59) width 149: "should still wrap to"
          text run at (2,78) width 144: " multiple lines bec"
          text run at (2,97) width 141: "ause of the word-"
          text run at (2,116) width 142: "wrap:break-word "
          text run at (2,135) width 110: "CSS property."
