layer at (0,0) size 980x735
  RenderView at (0,0) size 980x735
layer at (0,0) size 980x735
  RenderBlock {HTML} at (0,0) size 980x735
    RenderBody {BODY} at (8,8) size 964x714
      RenderBlock {P} at (0,0) size 964x38
        RenderText {#text} at (0,0) size 327x19
          text run at (0,0) width 327: "This test checks for a regression against "
        RenderInline {I} at (0,0) size 915x38
          RenderInline {A} at (0,0) size 426x19 [color=#0000EE]
            RenderText {#text} at (327,0) size 426x19
              text run at (327,0) width 426: "http://bugzilla.opendarwin.org/show_bug.cgi?id=5619"
          RenderText {#text} at (753,0) size 915x38
            text run at (753,0) width 162: " CSS2: pre-wrap has"
            text run at (0,19) width 225: "overflow/selection problems"
        RenderText {#text} at (225,19) size 5x19
          text run at (225,19) width 5: "."
      RenderBlock {P} at (0,54) size 964x19
        RenderText {#text} at (0,0) size 875x19
          text run at (0,0) width 875: "Both boxes should not have scroll bars. The selection should not spill out of the blue box to the right of \x{201C}text\x{201D}."
      RenderBlock {HR} at (0,89) size 964x2 [border: (1px inset #000000)]
      RenderBlock {HR} at (0,200) size 964x2 [border: (1px inset #000000)]
      RenderBlock {PRE} at (0,215) size 108x83 [border: (4px solid #0000FF)]
        RenderText {#text} at (4,4) size 85x75
          text run at (4,4) width 65: "This   text"
          text run at (69,4) width 20: "     "
          text run at (4,19) width 59: "will wrap"
          text run at (63,19) width 0: " "
          text run at (4,34) width 50: "and   fit"
          text run at (54,34) width 12: "   "
          text run at (4,49) width 65: "within the"
          text run at (69,49) width 0: " "
          text run at (4,64) width 28: "box."
          text run at (32,64) width 0: " "
layer at (8,112) size 108x83 clip at (12,116) size 100x75
  RenderBlock {PRE} at (0,104) size 108x83 [border: (4px solid #A52A2A)]
    RenderText {#text} at (4,4) size 85x75
      text run at (4,4) width 65: "This   text"
      text run at (69,4) width 20: "     "
      text run at (4,19) width 59: "will wrap"
      text run at (63,19) width 0: " "
      text run at (4,34) width 50: "and   fit"
      text run at (54,34) width 12: "   "
      text run at (4,49) width 65: "within the"
      text run at (69,49) width 0: " "
      text run at (4,64) width 28: "box."
      text run at (32,64) width 0: " "
selection start: position 7 of child 0 {#text} of child 7 {PRE} of body
selection end:   position 15 of child 0 {#text} of child 11 {PRE} of body
