layer at (0,0) size 980x735
  RenderView at (0,0) size 980x735
layer at (0,0) size 980x735
  RenderBlock {HTML} at (0,0) size 980x735
    RenderBody {BODY} at (8,8) size 964x719
      RenderBlock {P} at (0,0) size 964x38
        RenderText {#text} at (0,0) size 67x19
          text run at (0,0) width 67: "Test for "
        RenderInline {I} at (0,0) size 961x38
          RenderInline {A} at (0,0) size 372x19 [color=#0000EE]
            RenderText {#text} at (67,0) size 372x19
              text run at (67,0) width 372: "http://bugs.webkit.org/show_bug.cgi?id=13072"
          RenderText {#text} at (439,0) size 961x38
            text run at (439,0) width 5: " "
            text run at (444,0) width 517: "REGRESSION (r15617): white-space: pre-wrap breaks off the last"
            text run at (0,19) width 201: "character of a wide word"
        RenderText {#text} at (201,19) size 5x19
          text run at (201,19) width 5: "."
      RenderBlock {P} at (0,54) size 964x19
        RenderText {#text} at (0,0) size 277x19
          text run at (0,0) width 277: "The following line should not wrap."
      RenderBlock {DIV} at (0,89) size 150x19 [bgcolor=#D3D3D3]
        RenderText {#text} at (0,0) size 231x19
          text run at (0,0) width 231: "abcdefghijklmnopqrstuvwxyz"
