layer at (0,0) size 980x735
  RenderView at (0,0) size 980x735
layer at (0,0) size 980x735
  RenderBlock {HTML} at (0,0) size 980x735
    RenderBody {BODY} at (8,8) size 964x714
      RenderBlock {PRE} at (0,0) size 964x168
        RenderText {#text} at (0,55) size 26x15
          text run at (0,55) width 26: "One"
        RenderInline {SPAN} at (0,0) size 147x168
          RenderText {#text} at (26,0) size 147x168
            text run at (26,0) width 0: " "
            text run at (0,84) width 147: "Two"
