layer at (0,0) size 980x735
  RenderView at (0,0) size 980x735
layer at (0,0) size 980x735
  RenderBlock {HTML} at (0,0) size 980x735
    RenderBody {BODY} at (8,8) size 964x719
      RenderTable {TABLE} at (0,0) size 964x63
        RenderTableSection {TBODY} at (0,0) size 964x63
          RenderTableRow {TR} at (0,2) size 964x59
            RenderTableCell {TD} at (2,2) size 960x59 [r=0 c=0 rs=1 cs=1]
              RenderBlock {DIV} at (1,1) size 958x57
                RenderText {#text} at (0,0) size 957x57
                  text run at (0,0) width 952: "Three cheers    for OldVet and the letter he wrote to Senator Dodd (see above Comment).  We all need to be proactive"
                  text run at (952,0) width 5: " "
                  text run at (0,19) width 934: "and contact our senators and representatives to let them know our strong feelings on this subject.  I would lose what"
                  text run at (934,19) width 5: " "
                  text run at (0,38) width 630: "little faith I have left in our government if they engineered a tax payer bailout. "
                  text run at (630,38) width 0: " "
