layer at (0,0) size 787x1412
  RenderView at (0,0) size 787x600
layer at (0,0) size 787x1412
  RenderBlock {HTML} at (0,0) size 787x1412
    RenderBody {BODY} at (8,8) size 771x1391
      RenderBlock {H2} at (0,0) size 771x56
        RenderText {#text} at (0,0) size 756x56
          text run at (0,0) width 756: "It's OK if nothing drawn for a scrollbar (for an outermost"
          text run at (0,28) width 486: "frame and an element with overlow)"
      RenderBlock {P} at (0,75) size 771x19
        RenderText {#text} at (0,0) size 740x19
          text run at (0,0) width 740: "Note that Safari doesn't allow to customize the outermost scdrollbars and just show Cocoa's."
      RenderBlock {PRE} at (0,223) size 771x1168 [bgcolor=#008000]
      RenderBlock {PRE} at (0,1404) size 1542x0 [bgcolor=#008000]
layer at (8,118) size 100x100 clip at (8,118) size 87x87 scrollWidth 1200 scrollHeight 105
  RenderBlock {PRE} at (0,110) size 100x100 [bgcolor=#008000]
    RenderText {#text} at (0,0) size 1200x105
      text run at (0,0) width 1200: "The quick brown fox jumps over the lazy dog. The quick brown fox jumps over the lazy dog. The quick brown fox jumps over the lazy dog. The quick brown fox jumps over the lazy dog."
      text run at (1200,0) width 0: " "
      text run at (0,15) width 1200: "The quick brown fox jumps over the lazy dog. The quick brown fox jumps over the lazy dog. The quick brown fox jumps over the lazy dog. The quick brown fox jumps over the lazy dog."
      text run at (1200,15) width 0: " "
      text run at (0,30) width 1200: "The quick brown fox jumps over the lazy dog. The quick brown fox jumps over the lazy dog. The quick brown fox jumps over the lazy dog. The quick brown fox jumps over the lazy dog."
      text run at (1200,30) width 0: " "
      text run at (0,45) width 1200: "The quick brown fox jumps over the lazy dog. The quick brown fox jumps over the lazy dog. The quick brown fox jumps over the lazy dog. The quick brown fox jumps over the lazy dog."
      text run at (1200,45) width 0: " "
      text run at (0,60) width 1200: "The quick brown fox jumps over the lazy dog. The quick brown fox jumps over the lazy dog. The quick brown fox jumps over the lazy dog. The quick brown fox jumps over the lazy dog."
      text run at (1200,60) width 0: " "
      text run at (0,75) width 1200: "The quick brown fox jumps over the lazy dog. The quick brown fox jumps over the lazy dog. The quick brown fox jumps over the lazy dog. The quick brown fox jumps over the lazy dog."
      text run at (1200,75) width 0: " "
      text run at (0,90) width 1200: "The quick brown fox jumps over the lazy dog. The quick brown fox jumps over the lazy dog. The quick brown fox jumps over the lazy dog. The quick brown fox jumps over the lazy dog."
      text run at (1200,90) width 0: " "
