layer at (0,0) size 980x735
  RenderView at (0,0) size 980x735
layer at (0,0) size 980x735
  RenderBlock {HTML} at (0,0) size 980x735
    RenderBody {BODY} at (8,8) size 964x719
      RenderMenuList {SELECT} at (20,20) size 125x100 [color=#DCDCDC] [bgcolor=#718D93]
        RenderBlock (anonymous) at (6,5) size 97x14
          RenderBR at (0,0) size 0x14 [bgcolor=#718D93]
      RenderText {#text} at (165,0) size 5x19
        text run at (165,0) width 5: " "
      RenderMenuList {SELECT} at (190,20) size 125x100 [color=#DCDCDC] [bgcolor=#718D93]
        RenderBlock (anonymous) at (6,5) size 97x14
          RenderBR at (0,0) size 0x14 [bgcolor=#718D93]
      RenderText {#text} at (335,0) size 5x19
        text run at (335,0) width 5: " "
      RenderMenuList {SELECT} at (360,20) size 125x100 [color=#DCDCDC] [bgcolor=#718D93]
        RenderBlock (anonymous) at (6,5) size 97x14
          RenderBR at (0,0) size 0x14 [bgcolor=#718D93]
      RenderText {#text} at (505,0) size 5x19
        text run at (505,0) width 5: " "
      RenderMenuList {SELECT} at (530,20) size 125x100 [color=#DCDCDC] [bgcolor=#718D93]
        RenderBlock (anonymous) at (6,5) size 97x14
          RenderBR at (0,0) size 0x14 [bgcolor=#718D93]
      RenderText {#text} at (675,0) size 5x19
        text run at (675,0) width 5: " "
      RenderMenuList {SELECT} at (700,20) size 125x100 [color=#DCDCDC] [bgcolor=#718D93]
        RenderBlock (anonymous) at (6,5) size 97x14
          RenderBR at (0,0) size 0x14 [bgcolor=#718D93]
      RenderText {#text} at (0,0) size 0x0
      RenderMenuList {SELECT} at (20,160) size 125x100 [color=#DCDCDC] [bgcolor=#718D93]
        RenderBlock (anonymous) at (6,5) size 97x14
          RenderBR at (0,0) size 0x14 [bgcolor=#718D93]
      RenderText {#text} at (165,140) size 5x19
        text run at (165,140) width 5: " "
      RenderMenuList {SELECT} at (190,160) size 125x100 [color=#DCDCDC] [bgcolor=#718D93]
        RenderBlock (anonymous) at (6,5) size 97x14
          RenderBR at (0,0) size 0x14 [bgcolor=#718D93]
      RenderText {#text} at (0,0) size 0x0
