layer at (0,0) size 980x735
  RenderView at (0,0) size 980x735
layer at (0,0) size 980x735
  RenderBlock {HTML} at (0,0) size 980x735
    RenderBody {BODY} at (8,8) size 964x719
      RenderText {#text} at (165,0) size 5x19
        text run at (165,0) width 5: " "
      RenderText {#text} at (335,0) size 5x19
        text run at (335,0) width 5: " "
      RenderText {#text} at (505,0) size 5x19
        text run at (505,0) width 5: " "
      RenderText {#text} at (675,0) size 5x19
        text run at (675,0) width 5: " "
      RenderText {#text} at (0,0) size 0x0
      RenderText {#text} at (165,140) size 5x19
        text run at (165,140) width 5: " "
      RenderText {#text} at (335,140) size 5x19
        text run at (335,140) width 5: " "
      RenderText {#text} at (505,140) size 5x19
        text run at (505,140) width 5: " "
      RenderText {#text} at (675,140) size 5x19
        text run at (675,140) width 5: " "
      RenderText {#text} at (0,0) size 0x0
      RenderText {#text} at (165,280) size 5x19
        text run at (165,280) width 5: " "
      RenderText {#text} at (335,280) size 5x19
        text run at (335,280) width 5: " "
      RenderText {#text} at (505,280) size 5x19
        text run at (505,280) width 5: " "
      RenderText {#text} at (675,280) size 5x19
        text run at (675,280) width 5: " "
      RenderText {#text} at (0,0) size 0x0
layer at (28,28) size 125x100 clip at (29,29) size 110x85 scrollHeight 1924
  RenderBlock {DIV} at (20,20) size 125x100 [color=#DCDCDC] [bgcolor=#718D93] [border: (1px solid #D3D3D3)]
    RenderText {#text} at (11,11) size 90x728
      text run at (11,11) width 79: "Lorem ipsum"
      text run at (11,25) width 87: "dolor sit amet,"
      text run at (11,39) width 79: "consectetuer"
      text run at (11,53) width 87: "adipiscing elit."
      text run at (11,67) width 90: "Morbi et nisi ut"
      text run at (11,81) width 80: "est venenatis"
      text run at (11,95) width 45: "viverra."
      text run at (11,109) width 79: "Aenean pede"
      text run at (11,123) width 72: "orci, blandit"
      text run at (11,137) width 84: "quis, faucibus"
      text run at (11,151) width 79: "quis, egestas"
      text run at (11,165) width 40: "ut, mi."
      text run at (11,179) width 76: "Pellentesque"
      text run at (11,193) width 73: "enim purus,"
      text run at (11,207) width 58: "venenatis"
      text run at (11,221) width 61: "dignissim,"
      text run at (11,235) width 70: "tincidunt a,"
      text run at (11,249) width 72: "ullamcorper"
      text run at (11,263) width 66: "eget, nibh."
      text run at (11,277) width 88: "Nullam ut sem"
      text run at (11,291) width 87: "adipiscing orci"
      text run at (11,305) width 50: "vehicula"
      text run at (11,319) width 60: "interdum."
      text run at (11,333) width 79: "Proin a enim."
      text run at (11,347) width 55: "Phasellus"
      text run at (11,361) width 68: "sollicitudin,"
      text run at (11,375) width 75: "magna vitae"
      text run at (11,389) width 67: "vestibulum"
      text run at (11,403) width 82: "facilisis, tellus"
      text run at (11,417) width 72: "nunc iaculis"
      text run at (11,431) width 46: "arcu, in"
      text run at (11,445) width 79: "molestie sem"
      text run at (11,459) width 75: "velit tempus"
      text run at (11,473) width 89: "est. In eleifend"
      text run at (11,487) width 70: "velit at sem"
      text run at (11,501) width 61: "adipiscing"
      text run at (11,515) width 84: "sodales. Nunc"
      text run at (11,529) width 70: "sapien felis,"
      text run at (11,543) width 68: "aliquam et,"
      text run at (11,557) width 50: "volutpat"
      text run at (11,571) width 53: "rhoncus,"
      text run at (11,585) width 85: "condimentum"
      text run at (11,599) width 59: "ut, tortor."
      text run at (11,613) width 70: "Integer est."
      text run at (11,627) width 49: "Quisque"
      text run at (11,641) width 45: "viverra."
      text run at (11,655) width 77: "Praesent sed"
      text run at (11,669) width 31: "arcu."
      text run at (11,683) width 74: "Maecenas id"
      text run at (11,697) width 66: "lorem a leo"
      text run at (11,711) width 44: "lobortis"
      text run at (11,725) width 89: "condimentum."
    RenderBR {BR} at (0,0) size 0x0
    RenderBR {BR} at (11,739) size 0x14
    RenderText {#text} at (11,753) size 90x658
      text run at (11,753) width 90: "Cras commodo"
      text run at (11,767) width 89: "rutrum augue."
      text run at (11,781) width 51: "Vivamus"
      text run at (11,795) width 87: "iaculis. Nullam"
      text run at (11,809) width 85: "est. Maecenas"
      text run at (11,823) width 67: "consequat."
      text run at (11,837) width 65: "Sed id dui."
      text run at (11,851) width 90: "Vivamus a nisl."
      text run at (11,865) width 90: "Donec pretium"
      text run at (11,879) width 77: "sapien. Proin"
      text run at (11,893) width 64: "et ligula et"
      text run at (11,907) width 85: "ligula placerat"
      text run at (11,921) width 53: "pulvinar."
      text run at (11,935) width 77: "Aliquam erat"
      text run at (11,949) width 88: "volutpat. Proin"
      text run at (11,963) width 37: "id est."
      text run at (11,977) width 75: "Suspendisse"
      text run at (11,991) width 90: "cursus, magna"
      text run at (11,1005) width 72: "at hendrerit"
      text run at (11,1019) width 67: "consequat,"
      text run at (11,1033) width 63: "mauris est"
      text run at (11,1047) width 58: "imperdiet"
      text run at (11,1061) width 53: "neque, a"
      text run at (11,1075) width 75: "ultrices arcu"
      text run at (11,1089) width 55: "urna non"
      text run at (11,1103) width 88: "nunc. Quisque"
      text run at (11,1117) width 70: "tellus. Nulla"
      text run at (11,1131) width 66: "nulla justo,"
      text run at (11,1145) width 80: "vehicula nec,"
      text run at (11,1159) width 77: "pellentesque"
      text run at (11,1173) width 80: "eu, iaculis et,"
      text run at (11,1187) width 36: "ligula."
      text run at (11,1201) width 52: "Praesent"
      text run at (11,1215) width 90: "mattis ante vel"
      text run at (11,1229) width 29: "sem."
      text run at (11,1243) width 75: "Suspendisse"
      text run at (11,1257) width 85: "porta rhoncus"
      text run at (11,1271) width 32: "urna."
      text run at (11,1285) width 86: "Phasellus felis."
      text run at (11,1299) width 52: "Praesent"
      text run at (11,1313) width 41: "viverra"
      text run at (11,1327) width 51: "convallis"
      text run at (11,1341) width 37: "libero."
      text run at (11,1355) width 86: "Maecenas non"
      text run at (11,1369) width 84: "augue. Donec"
      text run at (11,1383) width 56: "hendrerit"
      text run at (11,1397) width 89: "lectus id enim."
    RenderBR {BR} at (0,0) size 0x0
    RenderBR {BR} at (11,1411) size 0x14
    RenderText {#text} at (11,1425) size 90x490
      text run at (11,1425) width 66: "Nulla ligula"
      text run at (11,1439) width 78: "dui, euismod"
      text run at (11,1453) width 64: "et, sodales"
      text run at (11,1467) width 29: "quis,"
      text run at (11,1481) width 64: "sollicitudin"
      text run at (11,1495) width 71: "quis, elit. In"
      text run at (11,1509) width 83: "adipiscing est"
      text run at (11,1523) width 59: "sed enim."
      text run at (11,1537) width 51: "Fusce at"
      text run at (11,1551) width 71: "massa vitae"
      text run at (11,1565) width 87: "metus semper"
      text run at (11,1579) width 60: "hendrerit."
      text run at (11,1593) width 77: "Integer vitae"
      text run at (11,1607) width 66: "urna. Nulla"
      text run at (11,1621) width 67: "eget ligula."
      text run at (11,1635) width 76: "Etiam libero."
      text run at (11,1649) width 83: "Maecenas nisi"
      text run at (11,1663) width 86: "nibh, convallis"
      text run at (11,1677) width 57: "a, feugiat"
      text run at (11,1691) width 86: "vitae, pulvinar"
      text run at (11,1705) width 39: "et, mi."
      text run at (11,1719) width 88: "Curabitur arcu"
      text run at (11,1733) width 34: "pede,"
      text run at (11,1747) width 90: "adipiscing sed,"
      text run at (11,1761) width 76: "egestas nec,"
      text run at (11,1775) width 79: "commodo in,"
      text run at (11,1789) width 56: "elit. Nulla"
      text run at (11,1803) width 74: "facilisi. Proin"
      text run at (11,1817) width 86: "varius pede et"
      text run at (11,1831) width 61: "dui lacinia"
      text run at (11,1845) width 89: "dapibus. Morbi"
      text run at (11,1859) width 68: "nec augue."
      text run at (11,1873) width 30: "Proin"
      text run at (11,1887) width 58: "imperdiet"
      text run at (11,1901) width 90: "lacus eu tellus."
layer at (198,28) size 125x100 clip at (199,29) size 110x98 scrollHeight 1924
  RenderBlock {DIV} at (190,20) size 125x100 [color=#DCDCDC] [bgcolor=#718D93] [border: (1px solid #D3D3D3)]
    RenderText {#text} at (11,11) size 90x728
      text run at (11,11) width 79: "Lorem ipsum"
      text run at (11,25) width 87: "dolor sit amet,"
      text run at (11,39) width 79: "consectetuer"
      text run at (11,53) width 87: "adipiscing elit."
      text run at (11,67) width 90: "Morbi et nisi ut"
      text run at (11,81) width 80: "est venenatis"
      text run at (11,95) width 45: "viverra."
      text run at (11,109) width 79: "Aenean pede"
      text run at (11,123) width 72: "orci, blandit"
      text run at (11,137) width 84: "quis, faucibus"
      text run at (11,151) width 79: "quis, egestas"
      text run at (11,165) width 40: "ut, mi."
      text run at (11,179) width 76: "Pellentesque"
      text run at (11,193) width 73: "enim purus,"
      text run at (11,207) width 58: "venenatis"
      text run at (11,221) width 61: "dignissim,"
      text run at (11,235) width 70: "tincidunt a,"
      text run at (11,249) width 72: "ullamcorper"
      text run at (11,263) width 66: "eget, nibh."
      text run at (11,277) width 88: "Nullam ut sem"
      text run at (11,291) width 87: "adipiscing orci"
      text run at (11,305) width 50: "vehicula"
      text run at (11,319) width 60: "interdum."
      text run at (11,333) width 79: "Proin a enim."
      text run at (11,347) width 55: "Phasellus"
      text run at (11,361) width 68: "sollicitudin,"
      text run at (11,375) width 75: "magna vitae"
      text run at (11,389) width 67: "vestibulum"
      text run at (11,403) width 82: "facilisis, tellus"
      text run at (11,417) width 72: "nunc iaculis"
      text run at (11,431) width 46: "arcu, in"
      text run at (11,445) width 79: "molestie sem"
      text run at (11,459) width 75: "velit tempus"
      text run at (11,473) width 89: "est. In eleifend"
      text run at (11,487) width 70: "velit at sem"
      text run at (11,501) width 61: "adipiscing"
      text run at (11,515) width 84: "sodales. Nunc"
      text run at (11,529) width 70: "sapien felis,"
      text run at (11,543) width 68: "aliquam et,"
      text run at (11,557) width 50: "volutpat"
      text run at (11,571) width 53: "rhoncus,"
      text run at (11,585) width 85: "condimentum"
      text run at (11,599) width 59: "ut, tortor."
      text run at (11,613) width 70: "Integer est."
      text run at (11,627) width 49: "Quisque"
      text run at (11,641) width 45: "viverra."
      text run at (11,655) width 77: "Praesent sed"
      text run at (11,669) width 31: "arcu."
      text run at (11,683) width 74: "Maecenas id"
      text run at (11,697) width 66: "lorem a leo"
      text run at (11,711) width 44: "lobortis"
      text run at (11,725) width 89: "condimentum."
    RenderBR {BR} at (0,0) size 0x0
    RenderBR {BR} at (11,739) size 0x14
    RenderText {#text} at (11,753) size 90x658
      text run at (11,753) width 90: "Cras commodo"
      text run at (11,767) width 89: "rutrum augue."
      text run at (11,781) width 51: "Vivamus"
      text run at (11,795) width 87: "iaculis. Nullam"
      text run at (11,809) width 85: "est. Maecenas"
      text run at (11,823) width 67: "consequat."
      text run at (11,837) width 65: "Sed id dui."
      text run at (11,851) width 90: "Vivamus a nisl."
      text run at (11,865) width 90: "Donec pretium"
      text run at (11,879) width 77: "sapien. Proin"
      text run at (11,893) width 64: "et ligula et"
      text run at (11,907) width 85: "ligula placerat"
      text run at (11,921) width 53: "pulvinar."
      text run at (11,935) width 77: "Aliquam erat"
      text run at (11,949) width 88: "volutpat. Proin"
      text run at (11,963) width 37: "id est."
      text run at (11,977) width 75: "Suspendisse"
      text run at (11,991) width 90: "cursus, magna"
      text run at (11,1005) width 72: "at hendrerit"
      text run at (11,1019) width 67: "consequat,"
      text run at (11,1033) width 63: "mauris est"
      text run at (11,1047) width 58: "imperdiet"
      text run at (11,1061) width 53: "neque, a"
      text run at (11,1075) width 75: "ultrices arcu"
      text run at (11,1089) width 55: "urna non"
      text run at (11,1103) width 88: "nunc. Quisque"
      text run at (11,1117) width 70: "tellus. Nulla"
      text run at (11,1131) width 66: "nulla justo,"
      text run at (11,1145) width 80: "vehicula nec,"
      text run at (11,1159) width 77: "pellentesque"
      text run at (11,1173) width 80: "eu, iaculis et,"
      text run at (11,1187) width 36: "ligula."
      text run at (11,1201) width 52: "Praesent"
      text run at (11,1215) width 90: "mattis ante vel"
      text run at (11,1229) width 29: "sem."
      text run at (11,1243) width 75: "Suspendisse"
      text run at (11,1257) width 85: "porta rhoncus"
      text run at (11,1271) width 32: "urna."
      text run at (11,1285) width 86: "Phasellus felis."
      text run at (11,1299) width 52: "Praesent"
      text run at (11,1313) width 41: "viverra"
      text run at (11,1327) width 51: "convallis"
      text run at (11,1341) width 37: "libero."
      text run at (11,1355) width 86: "Maecenas non"
      text run at (11,1369) width 84: "augue. Donec"
      text run at (11,1383) width 56: "hendrerit"
      text run at (11,1397) width 89: "lectus id enim."
    RenderBR {BR} at (0,0) size 0x0
    RenderBR {BR} at (11,1411) size 0x14
    RenderText {#text} at (11,1425) size 90x490
      text run at (11,1425) width 66: "Nulla ligula"
      text run at (11,1439) width 78: "dui, euismod"
      text run at (11,1453) width 64: "et, sodales"
      text run at (11,1467) width 29: "quis,"
      text run at (11,1481) width 64: "sollicitudin"
      text run at (11,1495) width 71: "quis, elit. In"
      text run at (11,1509) width 83: "adipiscing est"
      text run at (11,1523) width 59: "sed enim."
      text run at (11,1537) width 51: "Fusce at"
      text run at (11,1551) width 71: "massa vitae"
      text run at (11,1565) width 87: "metus semper"
      text run at (11,1579) width 60: "hendrerit."
      text run at (11,1593) width 77: "Integer vitae"
      text run at (11,1607) width 66: "urna. Nulla"
      text run at (11,1621) width 67: "eget ligula."
      text run at (11,1635) width 76: "Etiam libero."
      text run at (11,1649) width 83: "Maecenas nisi"
      text run at (11,1663) width 86: "nibh, convallis"
      text run at (11,1677) width 57: "a, feugiat"
      text run at (11,1691) width 86: "vitae, pulvinar"
      text run at (11,1705) width 39: "et, mi."
      text run at (11,1719) width 88: "Curabitur arcu"
      text run at (11,1733) width 34: "pede,"
      text run at (11,1747) width 90: "adipiscing sed,"
      text run at (11,1761) width 76: "egestas nec,"
      text run at (11,1775) width 79: "commodo in,"
      text run at (11,1789) width 56: "elit. Nulla"
      text run at (11,1803) width 74: "facilisi. Proin"
      text run at (11,1817) width 86: "varius pede et"
      text run at (11,1831) width 61: "dui lacinia"
      text run at (11,1845) width 89: "dapibus. Morbi"
      text run at (11,1859) width 68: "nec augue."
      text run at (11,1873) width 30: "Proin"
      text run at (11,1887) width 58: "imperdiet"
      text run at (11,1901) width 90: "lacus eu tellus."
layer at (368,28) size 125x100 clip at (369,29) size 110x85 scrollWidth 420 scrollHeight 426
  RenderBlock {DIV} at (360,20) size 125x100 [color=#DCDCDC] [bgcolor=#718D93] [border: (1px solid #D3D3D3)]
    RenderBlock {DIV} at (1,1) size 420x426
      RenderText {#text} at (10,10) size 397x154
        text run at (10,10) width 397: "Lorem ipsum dolor sit amet, consectetuer adipiscing elit. Morbi et"
        text run at (10,24) width 362: "nisi ut est venenatis viverra. Aenean pede orci, blandit quis,"
        text run at (10,38) width 397: "faucibus quis, egestas ut, mi. Pellentesque enim purus, venenatis"
        text run at (10,52) width 373: "dignissim, tincidunt a, ullamcorper eget, nibh. Nullam ut sem"
        text run at (10,66) width 347: "adipiscing orci vehicula interdum. Proin a enim. Phasellus"
        text run at (10,80) width 380: "sollicitudin, magna vitae vestibulum facilisis, tellus nunc iaculis"
        text run at (10,94) width 375: "arcu, in molestie sem velit tempus est. In eleifend velit at sem"
        text run at (10,108) width 349: "adipiscing sodales. Nunc sapien felis, aliquam et, volutpat"
        text run at (10,122) width 381: "rhoncus, condimentum ut, tortor. Integer est. Quisque viverra."
        text run at (10,136) width 308: "Praesent sed arcu. Maecenas id lorem a leo lobortis"
        text run at (10,150) width 93: "condimentum. "
      RenderBR {BR} at (103,161) size 0x0
      RenderBR {BR} at (10,164) size 0x14
      RenderText {#text} at (10,178) size 397x126
        text run at (10,178) width 355: "Cras commodo rutrum augue. Vivamus iaculis. Nullam est."
        text run at (10,192) width 387: "Maecenas consequat. Sed id dui. Vivamus a nisl. Donec pretium"
        text run at (10,206) width 372: "sapien. Proin et ligula et ligula placerat pulvinar. Aliquam erat"
        text run at (10,220) width 378: "volutpat. Proin id est. Suspendisse cursus, magna at hendrerit"
        text run at (10,234) width 391: "consequat, mauris est imperdiet neque, a ultrices arcu urna non"
        text run at (10,248) width 397: "nunc. Quisque tellus. Nulla nulla justo, vehicula nec, pellentesque"
        text run at (10,262) width 382: "eu, iaculis et, ligula. Praesent mattis ante vel sem. Suspendisse"
        text run at (10,276) width 367: "porta rhoncus urna. Phasellus felis. Praesent viverra convallis"
        text run at (10,290) width 372: "libero. Maecenas non augue. Donec hendrerit lectus id enim. "
      RenderBR {BR} at (382,301) size 0x0
      RenderBR {BR} at (10,304) size 0x14
      RenderText {#text} at (10,318) size 392x98
        text run at (10,318) width 392: "Nulla ligula dui, euismod et, sodales quis, sollicitudin quis, elit. In"
        text run at (10,332) width 367: "adipiscing est sed enim. Fusce at massa vitae metus semper"
        text run at (10,346) width 362: "hendrerit. Integer vitae urna. Nulla eget ligula. Etiam libero."
        text run at (10,360) width 367: "Maecenas nisi nibh, convallis a, feugiat vitae, pulvinar et, mi."
        text run at (10,374) width 383: "Curabitur arcu pede, adipiscing sed, egestas nec, commodo in,"
        text run at (10,388) width 382: "elit. Nulla facilisi. Proin varius pede et dui lacinia dapibus. Morbi"
        text run at (10,402) width 258: "nec augue. Proin imperdiet lacus eu tellus."
layer at (538,28) size 125x100 clip at (539,29) size 110x85 scrollHeight 1924
  RenderBlock {DIV} at (530,20) size 125x100 [color=#DCDCDC] [bgcolor=#718D93] [border: (1px solid #D3D3D3)]
    RenderText {#text} at (11,11) size 90x728
      text run at (11,11) width 79: "Lorem ipsum"
      text run at (11,25) width 87: "dolor sit amet,"
      text run at (11,39) width 79: "consectetuer"
      text run at (11,53) width 87: "adipiscing elit."
      text run at (11,67) width 90: "Morbi et nisi ut"
      text run at (11,81) width 80: "est venenatis"
      text run at (11,95) width 45: "viverra."
      text run at (11,109) width 79: "Aenean pede"
      text run at (11,123) width 72: "orci, blandit"
      text run at (11,137) width 84: "quis, faucibus"
      text run at (11,151) width 79: "quis, egestas"
      text run at (11,165) width 40: "ut, mi."
      text run at (11,179) width 76: "Pellentesque"
      text run at (11,193) width 73: "enim purus,"
      text run at (11,207) width 58: "venenatis"
      text run at (11,221) width 61: "dignissim,"
      text run at (11,235) width 70: "tincidunt a,"
      text run at (11,249) width 72: "ullamcorper"
      text run at (11,263) width 66: "eget, nibh."
      text run at (11,277) width 88: "Nullam ut sem"
      text run at (11,291) width 87: "adipiscing orci"
      text run at (11,305) width 50: "vehicula"
      text run at (11,319) width 60: "interdum."
      text run at (11,333) width 79: "Proin a enim."
      text run at (11,347) width 55: "Phasellus"
      text run at (11,361) width 68: "sollicitudin,"
      text run at (11,375) width 75: "magna vitae"
      text run at (11,389) width 67: "vestibulum"
      text run at (11,403) width 82: "facilisis, tellus"
      text run at (11,417) width 72: "nunc iaculis"
      text run at (11,431) width 46: "arcu, in"
      text run at (11,445) width 79: "molestie sem"
      text run at (11,459) width 75: "velit tempus"
      text run at (11,473) width 89: "est. In eleifend"
      text run at (11,487) width 70: "velit at sem"
      text run at (11,501) width 61: "adipiscing"
      text run at (11,515) width 84: "sodales. Nunc"
      text run at (11,529) width 70: "sapien felis,"
      text run at (11,543) width 68: "aliquam et,"
      text run at (11,557) width 50: "volutpat"
      text run at (11,571) width 53: "rhoncus,"
      text run at (11,585) width 85: "condimentum"
      text run at (11,599) width 59: "ut, tortor."
      text run at (11,613) width 70: "Integer est."
      text run at (11,627) width 49: "Quisque"
      text run at (11,641) width 45: "viverra."
      text run at (11,655) width 77: "Praesent sed"
      text run at (11,669) width 31: "arcu."
      text run at (11,683) width 74: "Maecenas id"
      text run at (11,697) width 66: "lorem a leo"
      text run at (11,711) width 44: "lobortis"
      text run at (11,725) width 89: "condimentum."
    RenderBR {BR} at (0,0) size 0x0
    RenderBR {BR} at (11,739) size 0x14
    RenderText {#text} at (11,753) size 90x658
      text run at (11,753) width 90: "Cras commodo"
      text run at (11,767) width 89: "rutrum augue."
      text run at (11,781) width 51: "Vivamus"
      text run at (11,795) width 87: "iaculis. Nullam"
      text run at (11,809) width 85: "est. Maecenas"
      text run at (11,823) width 67: "consequat."
      text run at (11,837) width 65: "Sed id dui."
      text run at (11,851) width 90: "Vivamus a nisl."
      text run at (11,865) width 90: "Donec pretium"
      text run at (11,879) width 77: "sapien. Proin"
      text run at (11,893) width 64: "et ligula et"
      text run at (11,907) width 85: "ligula placerat"
      text run at (11,921) width 53: "pulvinar."
      text run at (11,935) width 77: "Aliquam erat"
      text run at (11,949) width 88: "volutpat. Proin"
      text run at (11,963) width 37: "id est."
      text run at (11,977) width 75: "Suspendisse"
      text run at (11,991) width 90: "cursus, magna"
      text run at (11,1005) width 72: "at hendrerit"
      text run at (11,1019) width 67: "consequat,"
      text run at (11,1033) width 63: "mauris est"
      text run at (11,1047) width 58: "imperdiet"
      text run at (11,1061) width 53: "neque, a"
      text run at (11,1075) width 75: "ultrices arcu"
      text run at (11,1089) width 55: "urna non"
      text run at (11,1103) width 88: "nunc. Quisque"
      text run at (11,1117) width 70: "tellus. Nulla"
      text run at (11,1131) width 66: "nulla justo,"
      text run at (11,1145) width 80: "vehicula nec,"
      text run at (11,1159) width 77: "pellentesque"
      text run at (11,1173) width 80: "eu, iaculis et,"
      text run at (11,1187) width 36: "ligula."
      text run at (11,1201) width 52: "Praesent"
      text run at (11,1215) width 90: "mattis ante vel"
      text run at (11,1229) width 29: "sem."
      text run at (11,1243) width 75: "Suspendisse"
      text run at (11,1257) width 85: "porta rhoncus"
      text run at (11,1271) width 32: "urna."
      text run at (11,1285) width 86: "Phasellus felis."
      text run at (11,1299) width 52: "Praesent"
      text run at (11,1313) width 41: "viverra"
      text run at (11,1327) width 51: "convallis"
      text run at (11,1341) width 37: "libero."
      text run at (11,1355) width 86: "Maecenas non"
      text run at (11,1369) width 84: "augue. Donec"
      text run at (11,1383) width 56: "hendrerit"
      text run at (11,1397) width 89: "lectus id enim."
    RenderBR {BR} at (0,0) size 0x0
    RenderBR {BR} at (11,1411) size 0x14
    RenderText {#text} at (11,1425) size 90x490
      text run at (11,1425) width 66: "Nulla ligula"
      text run at (11,1439) width 78: "dui, euismod"
      text run at (11,1453) width 64: "et, sodales"
      text run at (11,1467) width 29: "quis,"
      text run at (11,1481) width 64: "sollicitudin"
      text run at (11,1495) width 71: "quis, elit. In"
      text run at (11,1509) width 83: "adipiscing est"
      text run at (11,1523) width 59: "sed enim."
      text run at (11,1537) width 51: "Fusce at"
      text run at (11,1551) width 71: "massa vitae"
      text run at (11,1565) width 87: "metus semper"
      text run at (11,1579) width 60: "hendrerit."
      text run at (11,1593) width 77: "Integer vitae"
      text run at (11,1607) width 66: "urna. Nulla"
      text run at (11,1621) width 67: "eget ligula."
      text run at (11,1635) width 76: "Etiam libero."
      text run at (11,1649) width 83: "Maecenas nisi"
      text run at (11,1663) width 86: "nibh, convallis"
      text run at (11,1677) width 57: "a, feugiat"
      text run at (11,1691) width 86: "vitae, pulvinar"
      text run at (11,1705) width 39: "et, mi."
      text run at (11,1719) width 88: "Curabitur arcu"
      text run at (11,1733) width 34: "pede,"
      text run at (11,1747) width 90: "adipiscing sed,"
      text run at (11,1761) width 76: "egestas nec,"
      text run at (11,1775) width 79: "commodo in,"
      text run at (11,1789) width 56: "elit. Nulla"
      text run at (11,1803) width 74: "facilisi. Proin"
      text run at (11,1817) width 86: "varius pede et"
      text run at (11,1831) width 61: "dui lacinia"
      text run at (11,1845) width 89: "dapibus. Morbi"
      text run at (11,1859) width 68: "nec augue."
      text run at (11,1873) width 30: "Proin"
      text run at (11,1887) width 58: "imperdiet"
      text run at (11,1901) width 90: "lacus eu tellus."
layer at (708,28) size 125x100 clip at (709,29) size 110x98 scrollHeight 1924
  RenderBlock {DIV} at (700,20) size 125x100 [color=#DCDCDC] [bgcolor=#718D93] [border: (1px solid #D3D3D3)]
    RenderText {#text} at (11,11) size 90x728
      text run at (11,11) width 79: "Lorem ipsum"
      text run at (11,25) width 87: "dolor sit amet,"
      text run at (11,39) width 79: "consectetuer"
      text run at (11,53) width 87: "adipiscing elit."
      text run at (11,67) width 90: "Morbi et nisi ut"
      text run at (11,81) width 80: "est venenatis"
      text run at (11,95) width 45: "viverra."
      text run at (11,109) width 79: "Aenean pede"
      text run at (11,123) width 72: "orci, blandit"
      text run at (11,137) width 84: "quis, faucibus"
      text run at (11,151) width 79: "quis, egestas"
      text run at (11,165) width 40: "ut, mi."
      text run at (11,179) width 76: "Pellentesque"
      text run at (11,193) width 73: "enim purus,"
      text run at (11,207) width 58: "venenatis"
      text run at (11,221) width 61: "dignissim,"
      text run at (11,235) width 70: "tincidunt a,"
      text run at (11,249) width 72: "ullamcorper"
      text run at (11,263) width 66: "eget, nibh."
      text run at (11,277) width 88: "Nullam ut sem"
      text run at (11,291) width 87: "adipiscing orci"
      text run at (11,305) width 50: "vehicula"
      text run at (11,319) width 60: "interdum."
      text run at (11,333) width 79: "Proin a enim."
      text run at (11,347) width 55: "Phasellus"
      text run at (11,361) width 68: "sollicitudin,"
      text run at (11,375) width 75: "magna vitae"
      text run at (11,389) width 67: "vestibulum"
      text run at (11,403) width 82: "facilisis, tellus"
      text run at (11,417) width 72: "nunc iaculis"
      text run at (11,431) width 46: "arcu, in"
      text run at (11,445) width 79: "molestie sem"
      text run at (11,459) width 75: "velit tempus"
      text run at (11,473) width 89: "est. In eleifend"
      text run at (11,487) width 70: "velit at sem"
      text run at (11,501) width 61: "adipiscing"
      text run at (11,515) width 84: "sodales. Nunc"
      text run at (11,529) width 70: "sapien felis,"
      text run at (11,543) width 68: "aliquam et,"
      text run at (11,557) width 50: "volutpat"
      text run at (11,571) width 53: "rhoncus,"
      text run at (11,585) width 85: "condimentum"
      text run at (11,599) width 59: "ut, tortor."
      text run at (11,613) width 70: "Integer est."
      text run at (11,627) width 49: "Quisque"
      text run at (11,641) width 45: "viverra."
      text run at (11,655) width 77: "Praesent sed"
      text run at (11,669) width 31: "arcu."
      text run at (11,683) width 74: "Maecenas id"
      text run at (11,697) width 66: "lorem a leo"
      text run at (11,711) width 44: "lobortis"
      text run at (11,725) width 89: "condimentum."
    RenderBR {BR} at (0,0) size 0x0
    RenderBR {BR} at (11,739) size 0x14
    RenderText {#text} at (11,753) size 90x658
      text run at (11,753) width 90: "Cras commodo"
      text run at (11,767) width 89: "rutrum augue."
      text run at (11,781) width 51: "Vivamus"
      text run at (11,795) width 87: "iaculis. Nullam"
      text run at (11,809) width 85: "est. Maecenas"
      text run at (11,823) width 67: "consequat."
      text run at (11,837) width 65: "Sed id dui."
      text run at (11,851) width 90: "Vivamus a nisl."
      text run at (11,865) width 90: "Donec pretium"
      text run at (11,879) width 77: "sapien. Proin"
      text run at (11,893) width 64: "et ligula et"
      text run at (11,907) width 85: "ligula placerat"
      text run at (11,921) width 53: "pulvinar."
      text run at (11,935) width 77: "Aliquam erat"
      text run at (11,949) width 88: "volutpat. Proin"
      text run at (11,963) width 37: "id est."
      text run at (11,977) width 75: "Suspendisse"
      text run at (11,991) width 90: "cursus, magna"
      text run at (11,1005) width 72: "at hendrerit"
      text run at (11,1019) width 67: "consequat,"
      text run at (11,1033) width 63: "mauris est"
      text run at (11,1047) width 58: "imperdiet"
      text run at (11,1061) width 53: "neque, a"
      text run at (11,1075) width 75: "ultrices arcu"
      text run at (11,1089) width 55: "urna non"
      text run at (11,1103) width 88: "nunc. Quisque"
      text run at (11,1117) width 70: "tellus. Nulla"
      text run at (11,1131) width 66: "nulla justo,"
      text run at (11,1145) width 80: "vehicula nec,"
      text run at (11,1159) width 77: "pellentesque"
      text run at (11,1173) width 80: "eu, iaculis et,"
      text run at (11,1187) width 36: "ligula."
      text run at (11,1201) width 52: "Praesent"
      text run at (11,1215) width 90: "mattis ante vel"
      text run at (11,1229) width 29: "sem."
      text run at (11,1243) width 75: "Suspendisse"
      text run at (11,1257) width 85: "porta rhoncus"
      text run at (11,1271) width 32: "urna."
      text run at (11,1285) width 86: "Phasellus felis."
      text run at (11,1299) width 52: "Praesent"
      text run at (11,1313) width 41: "viverra"
      text run at (11,1327) width 51: "convallis"
      text run at (11,1341) width 37: "libero."
      text run at (11,1355) width 86: "Maecenas non"
      text run at (11,1369) width 84: "augue. Donec"
      text run at (11,1383) width 56: "hendrerit"
      text run at (11,1397) width 89: "lectus id enim."
    RenderBR {BR} at (0,0) size 0x0
    RenderBR {BR} at (11,1411) size 0x14
    RenderText {#text} at (11,1425) size 90x490
      text run at (11,1425) width 66: "Nulla ligula"
      text run at (11,1439) width 78: "dui, euismod"
      text run at (11,1453) width 64: "et, sodales"
      text run at (11,1467) width 29: "quis,"
      text run at (11,1481) width 64: "sollicitudin"
      text run at (11,1495) width 71: "quis, elit. In"
      text run at (11,1509) width 83: "adipiscing est"
      text run at (11,1523) width 59: "sed enim."
      text run at (11,1537) width 51: "Fusce at"
      text run at (11,1551) width 71: "massa vitae"
      text run at (11,1565) width 87: "metus semper"
      text run at (11,1579) width 60: "hendrerit."
      text run at (11,1593) width 77: "Integer vitae"
      text run at (11,1607) width 66: "urna. Nulla"
      text run at (11,1621) width 67: "eget ligula."
      text run at (11,1635) width 76: "Etiam libero."
      text run at (11,1649) width 83: "Maecenas nisi"
      text run at (11,1663) width 86: "nibh, convallis"
      text run at (11,1677) width 57: "a, feugiat"
      text run at (11,1691) width 86: "vitae, pulvinar"
      text run at (11,1705) width 39: "et, mi."
      text run at (11,1719) width 88: "Curabitur arcu"
      text run at (11,1733) width 34: "pede,"
      text run at (11,1747) width 90: "adipiscing sed,"
      text run at (11,1761) width 76: "egestas nec,"
      text run at (11,1775) width 79: "commodo in,"
      text run at (11,1789) width 56: "elit. Nulla"
      text run at (11,1803) width 74: "facilisi. Proin"
      text run at (11,1817) width 86: "varius pede et"
      text run at (11,1831) width 61: "dui lacinia"
      text run at (11,1845) width 89: "dapibus. Morbi"
      text run at (11,1859) width 68: "nec augue."
      text run at (11,1873) width 30: "Proin"
      text run at (11,1887) width 58: "imperdiet"
      text run at (11,1901) width 90: "lacus eu tellus."
layer at (28,168) size 125x100 clip at (29,169) size 110x85 scrollWidth 420 scrollHeight 426
  RenderBlock {DIV} at (20,160) size 125x100 [color=#DCDCDC] [bgcolor=#718D93] [border: (1px solid #D3D3D3)]
    RenderBlock {DIV} at (1,1) size 420x426
      RenderText {#text} at (10,10) size 397x154
        text run at (10,10) width 397: "Lorem ipsum dolor sit amet, consectetuer adipiscing elit. Morbi et"
        text run at (10,24) width 362: "nisi ut est venenatis viverra. Aenean pede orci, blandit quis,"
        text run at (10,38) width 397: "faucibus quis, egestas ut, mi. Pellentesque enim purus, venenatis"
        text run at (10,52) width 373: "dignissim, tincidunt a, ullamcorper eget, nibh. Nullam ut sem"
        text run at (10,66) width 347: "adipiscing orci vehicula interdum. Proin a enim. Phasellus"
        text run at (10,80) width 380: "sollicitudin, magna vitae vestibulum facilisis, tellus nunc iaculis"
        text run at (10,94) width 375: "arcu, in molestie sem velit tempus est. In eleifend velit at sem"
        text run at (10,108) width 349: "adipiscing sodales. Nunc sapien felis, aliquam et, volutpat"
        text run at (10,122) width 381: "rhoncus, condimentum ut, tortor. Integer est. Quisque viverra."
        text run at (10,136) width 308: "Praesent sed arcu. Maecenas id lorem a leo lobortis"
        text run at (10,150) width 93: "condimentum. "
      RenderBR {BR} at (103,161) size 0x0
      RenderBR {BR} at (10,164) size 0x14
      RenderText {#text} at (10,178) size 397x126
        text run at (10,178) width 355: "Cras commodo rutrum augue. Vivamus iaculis. Nullam est."
        text run at (10,192) width 387: "Maecenas consequat. Sed id dui. Vivamus a nisl. Donec pretium"
        text run at (10,206) width 372: "sapien. Proin et ligula et ligula placerat pulvinar. Aliquam erat"
        text run at (10,220) width 378: "volutpat. Proin id est. Suspendisse cursus, magna at hendrerit"
        text run at (10,234) width 391: "consequat, mauris est imperdiet neque, a ultrices arcu urna non"
        text run at (10,248) width 397: "nunc. Quisque tellus. Nulla nulla justo, vehicula nec, pellentesque"
        text run at (10,262) width 382: "eu, iaculis et, ligula. Praesent mattis ante vel sem. Suspendisse"
        text run at (10,276) width 367: "porta rhoncus urna. Phasellus felis. Praesent viverra convallis"
        text run at (10,290) width 372: "libero. Maecenas non augue. Donec hendrerit lectus id enim. "
      RenderBR {BR} at (382,301) size 0x0
      RenderBR {BR} at (10,304) size 0x14
      RenderText {#text} at (10,318) size 392x98
        text run at (10,318) width 392: "Nulla ligula dui, euismod et, sodales quis, sollicitudin quis, elit. In"
        text run at (10,332) width 367: "adipiscing est sed enim. Fusce at massa vitae metus semper"
        text run at (10,346) width 362: "hendrerit. Integer vitae urna. Nulla eget ligula. Etiam libero."
        text run at (10,360) width 367: "Maecenas nisi nibh, convallis a, feugiat vitae, pulvinar et, mi."
        text run at (10,374) width 383: "Curabitur arcu pede, adipiscing sed, egestas nec, commodo in,"
        text run at (10,388) width 382: "elit. Nulla facilisi. Proin varius pede et dui lacinia dapibus. Morbi"
        text run at (10,402) width 258: "nec augue. Proin imperdiet lacus eu tellus."
layer at (198,168) size 125x100 clip at (199,169) size 110x98 scrollHeight 1924
  RenderBlock {DIV} at (190,160) size 125x100 [color=#DCDCDC] [bgcolor=#718D93] [border: (1px solid #D3D3D3)]
    RenderText {#text} at (11,11) size 90x728
      text run at (11,11) width 79: "Lorem ipsum"
      text run at (11,25) width 87: "dolor sit amet,"
      text run at (11,39) width 79: "consectetuer"
      text run at (11,53) width 87: "adipiscing elit."
      text run at (11,67) width 90: "Morbi et nisi ut"
      text run at (11,81) width 80: "est venenatis"
      text run at (11,95) width 45: "viverra."
      text run at (11,109) width 79: "Aenean pede"
      text run at (11,123) width 72: "orci, blandit"
      text run at (11,137) width 84: "quis, faucibus"
      text run at (11,151) width 79: "quis, egestas"
      text run at (11,165) width 40: "ut, mi."
      text run at (11,179) width 76: "Pellentesque"
      text run at (11,193) width 73: "enim purus,"
      text run at (11,207) width 58: "venenatis"
      text run at (11,221) width 61: "dignissim,"
      text run at (11,235) width 70: "tincidunt a,"
      text run at (11,249) width 72: "ullamcorper"
      text run at (11,263) width 66: "eget, nibh."
      text run at (11,277) width 88: "Nullam ut sem"
      text run at (11,291) width 87: "adipiscing orci"
      text run at (11,305) width 50: "vehicula"
      text run at (11,319) width 60: "interdum."
      text run at (11,333) width 79: "Proin a enim."
      text run at (11,347) width 55: "Phasellus"
      text run at (11,361) width 68: "sollicitudin,"
      text run at (11,375) width 75: "magna vitae"
      text run at (11,389) width 67: "vestibulum"
      text run at (11,403) width 82: "facilisis, tellus"
      text run at (11,417) width 72: "nunc iaculis"
      text run at (11,431) width 46: "arcu, in"
      text run at (11,445) width 79: "molestie sem"
      text run at (11,459) width 75: "velit tempus"
      text run at (11,473) width 89: "est. In eleifend"
      text run at (11,487) width 70: "velit at sem"
      text run at (11,501) width 61: "adipiscing"
      text run at (11,515) width 84: "sodales. Nunc"
      text run at (11,529) width 70: "sapien felis,"
      text run at (11,543) width 68: "aliquam et,"
      text run at (11,557) width 50: "volutpat"
      text run at (11,571) width 53: "rhoncus,"
      text run at (11,585) width 85: "condimentum"
      text run at (11,599) width 59: "ut, tortor."
      text run at (11,613) width 70: "Integer est."
      text run at (11,627) width 49: "Quisque"
      text run at (11,641) width 45: "viverra."
      text run at (11,655) width 77: "Praesent sed"
      text run at (11,669) width 31: "arcu."
      text run at (11,683) width 74: "Maecenas id"
      text run at (11,697) width 66: "lorem a leo"
      text run at (11,711) width 44: "lobortis"
      text run at (11,725) width 89: "condimentum."
    RenderBR {BR} at (0,0) size 0x0
    RenderBR {BR} at (11,739) size 0x14
    RenderText {#text} at (11,753) size 90x658
      text run at (11,753) width 90: "Cras commodo"
      text run at (11,767) width 89: "rutrum augue."
      text run at (11,781) width 51: "Vivamus"
      text run at (11,795) width 87: "iaculis. Nullam"
      text run at (11,809) width 85: "est. Maecenas"
      text run at (11,823) width 67: "consequat."
      text run at (11,837) width 65: "Sed id dui."
      text run at (11,851) width 90: "Vivamus a nisl."
      text run at (11,865) width 90: "Donec pretium"
      text run at (11,879) width 77: "sapien. Proin"
      text run at (11,893) width 64: "et ligula et"
      text run at (11,907) width 85: "ligula placerat"
      text run at (11,921) width 53: "pulvinar."
      text run at (11,935) width 77: "Aliquam erat"
      text run at (11,949) width 88: "volutpat. Proin"
      text run at (11,963) width 37: "id est."
      text run at (11,977) width 75: "Suspendisse"
      text run at (11,991) width 90: "cursus, magna"
      text run at (11,1005) width 72: "at hendrerit"
      text run at (11,1019) width 67: "consequat,"
      text run at (11,1033) width 63: "mauris est"
      text run at (11,1047) width 58: "imperdiet"
      text run at (11,1061) width 53: "neque, a"
      text run at (11,1075) width 75: "ultrices arcu"
      text run at (11,1089) width 55: "urna non"
      text run at (11,1103) width 88: "nunc. Quisque"
      text run at (11,1117) width 70: "tellus. Nulla"
      text run at (11,1131) width 66: "nulla justo,"
      text run at (11,1145) width 80: "vehicula nec,"
      text run at (11,1159) width 77: "pellentesque"
      text run at (11,1173) width 80: "eu, iaculis et,"
      text run at (11,1187) width 36: "ligula."
      text run at (11,1201) width 52: "Praesent"
      text run at (11,1215) width 90: "mattis ante vel"
      text run at (11,1229) width 29: "sem."
      text run at (11,1243) width 75: "Suspendisse"
      text run at (11,1257) width 85: "porta rhoncus"
      text run at (11,1271) width 32: "urna."
      text run at (11,1285) width 86: "Phasellus felis."
      text run at (11,1299) width 52: "Praesent"
      text run at (11,1313) width 41: "viverra"
      text run at (11,1327) width 51: "convallis"
      text run at (11,1341) width 37: "libero."
      text run at (11,1355) width 86: "Maecenas non"
      text run at (11,1369) width 84: "augue. Donec"
      text run at (11,1383) width 56: "hendrerit"
      text run at (11,1397) width 89: "lectus id enim."
    RenderBR {BR} at (0,0) size 0x0
    RenderBR {BR} at (11,1411) size 0x14
    RenderText {#text} at (11,1425) size 90x490
      text run at (11,1425) width 66: "Nulla ligula"
      text run at (11,1439) width 78: "dui, euismod"
      text run at (11,1453) width 64: "et, sodales"
      text run at (11,1467) width 29: "quis,"
      text run at (11,1481) width 64: "sollicitudin"
      text run at (11,1495) width 71: "quis, elit. In"
      text run at (11,1509) width 83: "adipiscing est"
      text run at (11,1523) width 59: "sed enim."
      text run at (11,1537) width 51: "Fusce at"
      text run at (11,1551) width 71: "massa vitae"
      text run at (11,1565) width 87: "metus semper"
      text run at (11,1579) width 60: "hendrerit."
      text run at (11,1593) width 77: "Integer vitae"
      text run at (11,1607) width 66: "urna. Nulla"
      text run at (11,1621) width 67: "eget ligula."
      text run at (11,1635) width 76: "Etiam libero."
      text run at (11,1649) width 83: "Maecenas nisi"
      text run at (11,1663) width 86: "nibh, convallis"
      text run at (11,1677) width 57: "a, feugiat"
      text run at (11,1691) width 86: "vitae, pulvinar"
      text run at (11,1705) width 39: "et, mi."
      text run at (11,1719) width 88: "Curabitur arcu"
      text run at (11,1733) width 34: "pede,"
      text run at (11,1747) width 90: "adipiscing sed,"
      text run at (11,1761) width 76: "egestas nec,"
      text run at (11,1775) width 79: "commodo in,"
      text run at (11,1789) width 56: "elit. Nulla"
      text run at (11,1803) width 74: "facilisi. Proin"
      text run at (11,1817) width 86: "varius pede et"
      text run at (11,1831) width 61: "dui lacinia"
      text run at (11,1845) width 89: "dapibus. Morbi"
      text run at (11,1859) width 68: "nec augue."
      text run at (11,1873) width 30: "Proin"
      text run at (11,1887) width 58: "imperdiet"
      text run at (11,1901) width 90: "lacus eu tellus."
layer at (368,168) size 125x100 clip at (369,169) size 123x85 scrollWidth 420 scrollHeight 174
  RenderBlock {DIV} at (360,160) size 125x100 [color=#DCDCDC] [bgcolor=#718D93] [border: (1px solid #D3D3D3)]
    RenderBlock {DIV} at (1,1) size 420x174
      RenderText {#text} at (10,10) size 397x154
        text run at (10,10) width 397: "Lorem ipsum dolor sit amet, consectetuer adipiscing elit. Morbi et"
        text run at (10,24) width 362: "nisi ut est venenatis viverra. Aenean pede orci, blandit quis,"
        text run at (10,38) width 397: "faucibus quis, egestas ut, mi. Pellentesque enim purus, venenatis"
        text run at (10,52) width 373: "dignissim, tincidunt a, ullamcorper eget, nibh. Nullam ut sem"
        text run at (10,66) width 347: "adipiscing orci vehicula interdum. Proin a enim. Phasellus"
        text run at (10,80) width 380: "sollicitudin, magna vitae vestibulum facilisis, tellus nunc iaculis"
        text run at (10,94) width 375: "arcu, in molestie sem velit tempus est. In eleifend velit at sem"
        text run at (10,108) width 349: "adipiscing sodales. Nunc sapien felis, aliquam et, volutpat"
        text run at (10,122) width 381: "rhoncus, condimentum ut, tortor. Integer est. Quisque viverra."
        text run at (10,136) width 308: "Praesent sed arcu. Maecenas id lorem a leo lobortis"
        text run at (10,150) width 89: "condimentum."
layer at (538,168) size 125x100 clip at (539,169) size 110x98 scrollHeight 1924
  RenderBlock {DIV} at (530,160) size 125x100 [color=#DCDCDC] [bgcolor=#718D93] [border: (1px solid #D3D3D3)]
    RenderText {#text} at (11,11) size 90x728
      text run at (11,11) width 79: "Lorem ipsum"
      text run at (11,25) width 87: "dolor sit amet,"
      text run at (11,39) width 79: "consectetuer"
      text run at (11,53) width 87: "adipiscing elit."
      text run at (11,67) width 90: "Morbi et nisi ut"
      text run at (11,81) width 80: "est venenatis"
      text run at (11,95) width 45: "viverra."
      text run at (11,109) width 79: "Aenean pede"
      text run at (11,123) width 72: "orci, blandit"
      text run at (11,137) width 84: "quis, faucibus"
      text run at (11,151) width 79: "quis, egestas"
      text run at (11,165) width 40: "ut, mi."
      text run at (11,179) width 76: "Pellentesque"
      text run at (11,193) width 73: "enim purus,"
      text run at (11,207) width 58: "venenatis"
      text run at (11,221) width 61: "dignissim,"
      text run at (11,235) width 70: "tincidunt a,"
      text run at (11,249) width 72: "ullamcorper"
      text run at (11,263) width 66: "eget, nibh."
      text run at (11,277) width 88: "Nullam ut sem"
      text run at (11,291) width 87: "adipiscing orci"
      text run at (11,305) width 50: "vehicula"
      text run at (11,319) width 60: "interdum."
      text run at (11,333) width 79: "Proin a enim."
      text run at (11,347) width 55: "Phasellus"
      text run at (11,361) width 68: "sollicitudin,"
      text run at (11,375) width 75: "magna vitae"
      text run at (11,389) width 67: "vestibulum"
      text run at (11,403) width 82: "facilisis, tellus"
      text run at (11,417) width 72: "nunc iaculis"
      text run at (11,431) width 46: "arcu, in"
      text run at (11,445) width 79: "molestie sem"
      text run at (11,459) width 75: "velit tempus"
      text run at (11,473) width 89: "est. In eleifend"
      text run at (11,487) width 70: "velit at sem"
      text run at (11,501) width 61: "adipiscing"
      text run at (11,515) width 84: "sodales. Nunc"
      text run at (11,529) width 70: "sapien felis,"
      text run at (11,543) width 68: "aliquam et,"
      text run at (11,557) width 50: "volutpat"
      text run at (11,571) width 53: "rhoncus,"
      text run at (11,585) width 85: "condimentum"
      text run at (11,599) width 59: "ut, tortor."
      text run at (11,613) width 70: "Integer est."
      text run at (11,627) width 49: "Quisque"
      text run at (11,641) width 45: "viverra."
      text run at (11,655) width 77: "Praesent sed"
      text run at (11,669) width 31: "arcu."
      text run at (11,683) width 74: "Maecenas id"
      text run at (11,697) width 66: "lorem a leo"
      text run at (11,711) width 44: "lobortis"
      text run at (11,725) width 89: "condimentum."
    RenderBR {BR} at (0,0) size 0x0
    RenderBR {BR} at (11,739) size 0x14
    RenderText {#text} at (11,753) size 90x658
      text run at (11,753) width 90: "Cras commodo"
      text run at (11,767) width 89: "rutrum augue."
      text run at (11,781) width 51: "Vivamus"
      text run at (11,795) width 87: "iaculis. Nullam"
      text run at (11,809) width 85: "est. Maecenas"
      text run at (11,823) width 67: "consequat."
      text run at (11,837) width 65: "Sed id dui."
      text run at (11,851) width 90: "Vivamus a nisl."
      text run at (11,865) width 90: "Donec pretium"
      text run at (11,879) width 77: "sapien. Proin"
      text run at (11,893) width 64: "et ligula et"
      text run at (11,907) width 85: "ligula placerat"
      text run at (11,921) width 53: "pulvinar."
      text run at (11,935) width 77: "Aliquam erat"
      text run at (11,949) width 88: "volutpat. Proin"
      text run at (11,963) width 37: "id est."
      text run at (11,977) width 75: "Suspendisse"
      text run at (11,991) width 90: "cursus, magna"
      text run at (11,1005) width 72: "at hendrerit"
      text run at (11,1019) width 67: "consequat,"
      text run at (11,1033) width 63: "mauris est"
      text run at (11,1047) width 58: "imperdiet"
      text run at (11,1061) width 53: "neque, a"
      text run at (11,1075) width 75: "ultrices arcu"
      text run at (11,1089) width 55: "urna non"
      text run at (11,1103) width 88: "nunc. Quisque"
      text run at (11,1117) width 70: "tellus. Nulla"
      text run at (11,1131) width 66: "nulla justo,"
      text run at (11,1145) width 80: "vehicula nec,"
      text run at (11,1159) width 77: "pellentesque"
      text run at (11,1173) width 80: "eu, iaculis et,"
      text run at (11,1187) width 36: "ligula."
      text run at (11,1201) width 52: "Praesent"
      text run at (11,1215) width 90: "mattis ante vel"
      text run at (11,1229) width 29: "sem."
      text run at (11,1243) width 75: "Suspendisse"
      text run at (11,1257) width 85: "porta rhoncus"
      text run at (11,1271) width 32: "urna."
      text run at (11,1285) width 86: "Phasellus felis."
      text run at (11,1299) width 52: "Praesent"
      text run at (11,1313) width 41: "viverra"
      text run at (11,1327) width 51: "convallis"
      text run at (11,1341) width 37: "libero."
      text run at (11,1355) width 86: "Maecenas non"
      text run at (11,1369) width 84: "augue. Donec"
      text run at (11,1383) width 56: "hendrerit"
      text run at (11,1397) width 89: "lectus id enim."
    RenderBR {BR} at (0,0) size 0x0
    RenderBR {BR} at (11,1411) size 0x14
    RenderText {#text} at (11,1425) size 90x490
      text run at (11,1425) width 66: "Nulla ligula"
      text run at (11,1439) width 78: "dui, euismod"
      text run at (11,1453) width 64: "et, sodales"
      text run at (11,1467) width 29: "quis,"
      text run at (11,1481) width 64: "sollicitudin"
      text run at (11,1495) width 71: "quis, elit. In"
      text run at (11,1509) width 83: "adipiscing est"
      text run at (11,1523) width 59: "sed enim."
      text run at (11,1537) width 51: "Fusce at"
      text run at (11,1551) width 71: "massa vitae"
      text run at (11,1565) width 87: "metus semper"
      text run at (11,1579) width 60: "hendrerit."
      text run at (11,1593) width 77: "Integer vitae"
      text run at (11,1607) width 66: "urna. Nulla"
      text run at (11,1621) width 67: "eget ligula."
      text run at (11,1635) width 76: "Etiam libero."
      text run at (11,1649) width 83: "Maecenas nisi"
      text run at (11,1663) width 86: "nibh, convallis"
      text run at (11,1677) width 57: "a, feugiat"
      text run at (11,1691) width 86: "vitae, pulvinar"
      text run at (11,1705) width 39: "et, mi."
      text run at (11,1719) width 88: "Curabitur arcu"
      text run at (11,1733) width 34: "pede,"
      text run at (11,1747) width 90: "adipiscing sed,"
      text run at (11,1761) width 76: "egestas nec,"
      text run at (11,1775) width 79: "commodo in,"
      text run at (11,1789) width 56: "elit. Nulla"
      text run at (11,1803) width 74: "facilisi. Proin"
      text run at (11,1817) width 86: "varius pede et"
      text run at (11,1831) width 61: "dui lacinia"
      text run at (11,1845) width 89: "dapibus. Morbi"
      text run at (11,1859) width 68: "nec augue."
      text run at (11,1873) width 30: "Proin"
      text run at (11,1887) width 58: "imperdiet"
      text run at (11,1901) width 90: "lacus eu tellus."
layer at (708,168) size 125x100 clip at (709,169) size 123x85 scrollWidth 420 scrollHeight 174
  RenderBlock {DIV} at (700,160) size 125x100 [color=#DCDCDC] [bgcolor=#718D93] [border: (1px solid #D3D3D3)]
    RenderBlock {DIV} at (1,1) size 420x174
      RenderText {#text} at (10,10) size 397x154
        text run at (10,10) width 397: "Lorem ipsum dolor sit amet, consectetuer adipiscing elit. Morbi et"
        text run at (10,24) width 362: "nisi ut est venenatis viverra. Aenean pede orci, blandit quis,"
        text run at (10,38) width 397: "faucibus quis, egestas ut, mi. Pellentesque enim purus, venenatis"
        text run at (10,52) width 373: "dignissim, tincidunt a, ullamcorper eget, nibh. Nullam ut sem"
        text run at (10,66) width 347: "adipiscing orci vehicula interdum. Proin a enim. Phasellus"
        text run at (10,80) width 380: "sollicitudin, magna vitae vestibulum facilisis, tellus nunc iaculis"
        text run at (10,94) width 375: "arcu, in molestie sem velit tempus est. In eleifend velit at sem"
        text run at (10,108) width 349: "adipiscing sodales. Nunc sapien felis, aliquam et, volutpat"
        text run at (10,122) width 381: "rhoncus, condimentum ut, tortor. Integer est. Quisque viverra."
        text run at (10,136) width 308: "Praesent sed arcu. Maecenas id lorem a leo lobortis"
        text run at (10,150) width 89: "condimentum."
layer at (28,308) size 125x100 clip at (29,309) size 110x85 scrollWidth 420 scrollHeight 426
  RenderBlock {DIV} at (20,300) size 125x100 [color=#DCDCDC] [bgcolor=#718D93] [border: (1px solid #D3D3D3)]
    RenderBlock {DIV} at (1,1) size 420x426
      RenderText {#text} at (10,10) size 397x154
        text run at (10,10) width 397: "Lorem ipsum dolor sit amet, consectetuer adipiscing elit. Morbi et"
        text run at (10,24) width 362: "nisi ut est venenatis viverra. Aenean pede orci, blandit quis,"
        text run at (10,38) width 397: "faucibus quis, egestas ut, mi. Pellentesque enim purus, venenatis"
        text run at (10,52) width 373: "dignissim, tincidunt a, ullamcorper eget, nibh. Nullam ut sem"
        text run at (10,66) width 347: "adipiscing orci vehicula interdum. Proin a enim. Phasellus"
        text run at (10,80) width 380: "sollicitudin, magna vitae vestibulum facilisis, tellus nunc iaculis"
        text run at (10,94) width 375: "arcu, in molestie sem velit tempus est. In eleifend velit at sem"
        text run at (10,108) width 349: "adipiscing sodales. Nunc sapien felis, aliquam et, volutpat"
        text run at (10,122) width 381: "rhoncus, condimentum ut, tortor. Integer est. Quisque viverra."
        text run at (10,136) width 308: "Praesent sed arcu. Maecenas id lorem a leo lobortis"
        text run at (10,150) width 93: "condimentum. "
      RenderBR {BR} at (103,161) size 0x0
      RenderBR {BR} at (10,164) size 0x14
      RenderText {#text} at (10,178) size 397x126
        text run at (10,178) width 355: "Cras commodo rutrum augue. Vivamus iaculis. Nullam est."
        text run at (10,192) width 387: "Maecenas consequat. Sed id dui. Vivamus a nisl. Donec pretium"
        text run at (10,206) width 372: "sapien. Proin et ligula et ligula placerat pulvinar. Aliquam erat"
        text run at (10,220) width 378: "volutpat. Proin id est. Suspendisse cursus, magna at hendrerit"
        text run at (10,234) width 391: "consequat, mauris est imperdiet neque, a ultrices arcu urna non"
        text run at (10,248) width 397: "nunc. Quisque tellus. Nulla nulla justo, vehicula nec, pellentesque"
        text run at (10,262) width 382: "eu, iaculis et, ligula. Praesent mattis ante vel sem. Suspendisse"
        text run at (10,276) width 367: "porta rhoncus urna. Phasellus felis. Praesent viverra convallis"
        text run at (10,290) width 372: "libero. Maecenas non augue. Donec hendrerit lectus id enim. "
      RenderBR {BR} at (382,301) size 0x0
      RenderBR {BR} at (10,304) size 0x14
      RenderText {#text} at (10,318) size 392x98
        text run at (10,318) width 392: "Nulla ligula dui, euismod et, sodales quis, sollicitudin quis, elit. In"
        text run at (10,332) width 367: "adipiscing est sed enim. Fusce at massa vitae metus semper"
        text run at (10,346) width 362: "hendrerit. Integer vitae urna. Nulla eget ligula. Etiam libero."
        text run at (10,360) width 367: "Maecenas nisi nibh, convallis a, feugiat vitae, pulvinar et, mi."
        text run at (10,374) width 383: "Curabitur arcu pede, adipiscing sed, egestas nec, commodo in,"
        text run at (10,388) width 382: "elit. Nulla facilisi. Proin varius pede et dui lacinia dapibus. Morbi"
        text run at (10,402) width 258: "nec augue. Proin imperdiet lacus eu tellus."
layer at (198,308) size 125x100 clip at (199,309) size 110x85 scrollWidth 420 scrollHeight 426
  RenderBlock {DIV} at (190,300) size 125x100 [color=#DCDCDC] [bgcolor=#718D93] [border: (1px solid #D3D3D3)]
    RenderBlock {DIV} at (1,1) size 420x426
      RenderText {#text} at (10,10) size 397x154
        text run at (10,10) width 397: "Lorem ipsum dolor sit amet, consectetuer adipiscing elit. Morbi et"
        text run at (10,24) width 362: "nisi ut est venenatis viverra. Aenean pede orci, blandit quis,"
        text run at (10,38) width 397: "faucibus quis, egestas ut, mi. Pellentesque enim purus, venenatis"
        text run at (10,52) width 373: "dignissim, tincidunt a, ullamcorper eget, nibh. Nullam ut sem"
        text run at (10,66) width 347: "adipiscing orci vehicula interdum. Proin a enim. Phasellus"
        text run at (10,80) width 380: "sollicitudin, magna vitae vestibulum facilisis, tellus nunc iaculis"
        text run at (10,94) width 375: "arcu, in molestie sem velit tempus est. In eleifend velit at sem"
        text run at (10,108) width 349: "adipiscing sodales. Nunc sapien felis, aliquam et, volutpat"
        text run at (10,122) width 381: "rhoncus, condimentum ut, tortor. Integer est. Quisque viverra."
        text run at (10,136) width 308: "Praesent sed arcu. Maecenas id lorem a leo lobortis"
        text run at (10,150) width 93: "condimentum. "
      RenderBR {BR} at (103,161) size 0x0
      RenderBR {BR} at (10,164) size 0x14
      RenderText {#text} at (10,178) size 397x126
        text run at (10,178) width 355: "Cras commodo rutrum augue. Vivamus iaculis. Nullam est."
        text run at (10,192) width 387: "Maecenas consequat. Sed id dui. Vivamus a nisl. Donec pretium"
        text run at (10,206) width 372: "sapien. Proin et ligula et ligula placerat pulvinar. Aliquam erat"
        text run at (10,220) width 378: "volutpat. Proin id est. Suspendisse cursus, magna at hendrerit"
        text run at (10,234) width 391: "consequat, mauris est imperdiet neque, a ultrices arcu urna non"
        text run at (10,248) width 397: "nunc. Quisque tellus. Nulla nulla justo, vehicula nec, pellentesque"
        text run at (10,262) width 382: "eu, iaculis et, ligula. Praesent mattis ante vel sem. Suspendisse"
        text run at (10,276) width 367: "porta rhoncus urna. Phasellus felis. Praesent viverra convallis"
        text run at (10,290) width 372: "libero. Maecenas non augue. Donec hendrerit lectus id enim. "
      RenderBR {BR} at (382,301) size 0x0
      RenderBR {BR} at (10,304) size 0x14
      RenderText {#text} at (10,318) size 392x98
        text run at (10,318) width 392: "Nulla ligula dui, euismod et, sodales quis, sollicitudin quis, elit. In"
        text run at (10,332) width 367: "adipiscing est sed enim. Fusce at massa vitae metus semper"
        text run at (10,346) width 362: "hendrerit. Integer vitae urna. Nulla eget ligula. Etiam libero."
        text run at (10,360) width 367: "Maecenas nisi nibh, convallis a, feugiat vitae, pulvinar et, mi."
        text run at (10,374) width 383: "Curabitur arcu pede, adipiscing sed, egestas nec, commodo in,"
        text run at (10,388) width 382: "elit. Nulla facilisi. Proin varius pede et dui lacinia dapibus. Morbi"
        text run at (10,402) width 258: "nec augue. Proin imperdiet lacus eu tellus."
layer at (368,308) size 125x100 clip at (369,309) size 110x85 scrollWidth 420 scrollHeight 426
  RenderBlock {DIV} at (360,300) size 125x100 [color=#DCDCDC] [bgcolor=#718D93] [border: (1px solid #D3D3D3)]
    RenderBlock {DIV} at (1,1) size 420x426
      RenderText {#text} at (10,10) size 397x154
        text run at (10,10) width 397: "Lorem ipsum dolor sit amet, consectetuer adipiscing elit. Morbi et"
        text run at (10,24) width 362: "nisi ut est venenatis viverra. Aenean pede orci, blandit quis,"
        text run at (10,38) width 397: "faucibus quis, egestas ut, mi. Pellentesque enim purus, venenatis"
        text run at (10,52) width 373: "dignissim, tincidunt a, ullamcorper eget, nibh. Nullam ut sem"
        text run at (10,66) width 347: "adipiscing orci vehicula interdum. Proin a enim. Phasellus"
        text run at (10,80) width 380: "sollicitudin, magna vitae vestibulum facilisis, tellus nunc iaculis"
        text run at (10,94) width 375: "arcu, in molestie sem velit tempus est. In eleifend velit at sem"
        text run at (10,108) width 349: "adipiscing sodales. Nunc sapien felis, aliquam et, volutpat"
        text run at (10,122) width 381: "rhoncus, condimentum ut, tortor. Integer est. Quisque viverra."
        text run at (10,136) width 308: "Praesent sed arcu. Maecenas id lorem a leo lobortis"
        text run at (10,150) width 93: "condimentum. "
      RenderBR {BR} at (103,161) size 0x0
      RenderBR {BR} at (10,164) size 0x14
      RenderText {#text} at (10,178) size 397x126
        text run at (10,178) width 355: "Cras commodo rutrum augue. Vivamus iaculis. Nullam est."
        text run at (10,192) width 387: "Maecenas consequat. Sed id dui. Vivamus a nisl. Donec pretium"
        text run at (10,206) width 372: "sapien. Proin et ligula et ligula placerat pulvinar. Aliquam erat"
        text run at (10,220) width 378: "volutpat. Proin id est. Suspendisse cursus, magna at hendrerit"
        text run at (10,234) width 391: "consequat, mauris est imperdiet neque, a ultrices arcu urna non"
        text run at (10,248) width 397: "nunc. Quisque tellus. Nulla nulla justo, vehicula nec, pellentesque"
        text run at (10,262) width 382: "eu, iaculis et, ligula. Praesent mattis ante vel sem. Suspendisse"
        text run at (10,276) width 367: "porta rhoncus urna. Phasellus felis. Praesent viverra convallis"
        text run at (10,290) width 372: "libero. Maecenas non augue. Donec hendrerit lectus id enim. "
      RenderBR {BR} at (382,301) size 0x0
      RenderBR {BR} at (10,304) size 0x14
      RenderText {#text} at (10,318) size 392x98
        text run at (10,318) width 392: "Nulla ligula dui, euismod et, sodales quis, sollicitudin quis, elit. In"
        text run at (10,332) width 367: "adipiscing est sed enim. Fusce at massa vitae metus semper"
        text run at (10,346) width 362: "hendrerit. Integer vitae urna. Nulla eget ligula. Etiam libero."
        text run at (10,360) width 367: "Maecenas nisi nibh, convallis a, feugiat vitae, pulvinar et, mi."
        text run at (10,374) width 383: "Curabitur arcu pede, adipiscing sed, egestas nec, commodo in,"
        text run at (10,388) width 382: "elit. Nulla facilisi. Proin varius pede et dui lacinia dapibus. Morbi"
        text run at (10,402) width 258: "nec augue. Proin imperdiet lacus eu tellus."
layer at (538,308) size 125x100 clip at (539,309) size 110x85 scrollWidth 420 scrollHeight 426
  RenderBlock {DIV} at (530,300) size 125x100 [color=#DCDCDC] [bgcolor=#718D93] [border: (1px solid #D3D3D3)]
    RenderBlock {DIV} at (1,1) size 420x426
      RenderText {#text} at (10,10) size 397x154
        text run at (10,10) width 397: "Lorem ipsum dolor sit amet, consectetuer adipiscing elit. Morbi et"
        text run at (10,24) width 362: "nisi ut est venenatis viverra. Aenean pede orci, blandit quis,"
        text run at (10,38) width 397: "faucibus quis, egestas ut, mi. Pellentesque enim purus, venenatis"
        text run at (10,52) width 373: "dignissim, tincidunt a, ullamcorper eget, nibh. Nullam ut sem"
        text run at (10,66) width 347: "adipiscing orci vehicula interdum. Proin a enim. Phasellus"
        text run at (10,80) width 380: "sollicitudin, magna vitae vestibulum facilisis, tellus nunc iaculis"
        text run at (10,94) width 375: "arcu, in molestie sem velit tempus est. In eleifend velit at sem"
        text run at (10,108) width 349: "adipiscing sodales. Nunc sapien felis, aliquam et, volutpat"
        text run at (10,122) width 381: "rhoncus, condimentum ut, tortor. Integer est. Quisque viverra."
        text run at (10,136) width 308: "Praesent sed arcu. Maecenas id lorem a leo lobortis"
        text run at (10,150) width 93: "condimentum. "
      RenderBR {BR} at (103,161) size 0x0
      RenderBR {BR} at (10,164) size 0x14
      RenderText {#text} at (10,178) size 397x126
        text run at (10,178) width 355: "Cras commodo rutrum augue. Vivamus iaculis. Nullam est."
        text run at (10,192) width 387: "Maecenas consequat. Sed id dui. Vivamus a nisl. Donec pretium"
        text run at (10,206) width 372: "sapien. Proin et ligula et ligula placerat pulvinar. Aliquam erat"
        text run at (10,220) width 378: "volutpat. Proin id est. Suspendisse cursus, magna at hendrerit"
        text run at (10,234) width 391: "consequat, mauris est imperdiet neque, a ultrices arcu urna non"
        text run at (10,248) width 397: "nunc. Quisque tellus. Nulla nulla justo, vehicula nec, pellentesque"
        text run at (10,262) width 382: "eu, iaculis et, ligula. Praesent mattis ante vel sem. Suspendisse"
        text run at (10,276) width 367: "porta rhoncus urna. Phasellus felis. Praesent viverra convallis"
        text run at (10,290) width 372: "libero. Maecenas non augue. Donec hendrerit lectus id enim. "
      RenderBR {BR} at (382,301) size 0x0
      RenderBR {BR} at (10,304) size 0x14
      RenderText {#text} at (10,318) size 392x98
        text run at (10,318) width 392: "Nulla ligula dui, euismod et, sodales quis, sollicitudin quis, elit. In"
        text run at (10,332) width 367: "adipiscing est sed enim. Fusce at massa vitae metus semper"
        text run at (10,346) width 362: "hendrerit. Integer vitae urna. Nulla eget ligula. Etiam libero."
        text run at (10,360) width 367: "Maecenas nisi nibh, convallis a, feugiat vitae, pulvinar et, mi."
        text run at (10,374) width 383: "Curabitur arcu pede, adipiscing sed, egestas nec, commodo in,"
        text run at (10,388) width 382: "elit. Nulla facilisi. Proin varius pede et dui lacinia dapibus. Morbi"
        text run at (10,402) width 258: "nec augue. Proin imperdiet lacus eu tellus."
layer at (708,308) size 125x100 clip at (709,309) size 110x85 scrollWidth 420 scrollHeight 426
  RenderBlock {DIV} at (700,300) size 125x100 [color=#DCDCDC] [bgcolor=#718D93] [border: (1px solid #D3D3D3)]
    RenderBlock {DIV} at (1,1) size 420x426
      RenderText {#text} at (10,10) size 397x154
        text run at (10,10) width 397: "Lorem ipsum dolor sit amet, consectetuer adipiscing elit. Morbi et"
        text run at (10,24) width 362: "nisi ut est venenatis viverra. Aenean pede orci, blandit quis,"
        text run at (10,38) width 397: "faucibus quis, egestas ut, mi. Pellentesque enim purus, venenatis"
        text run at (10,52) width 373: "dignissim, tincidunt a, ullamcorper eget, nibh. Nullam ut sem"
        text run at (10,66) width 347: "adipiscing orci vehicula interdum. Proin a enim. Phasellus"
        text run at (10,80) width 380: "sollicitudin, magna vitae vestibulum facilisis, tellus nunc iaculis"
        text run at (10,94) width 375: "arcu, in molestie sem velit tempus est. In eleifend velit at sem"
        text run at (10,108) width 349: "adipiscing sodales. Nunc sapien felis, aliquam et, volutpat"
        text run at (10,122) width 381: "rhoncus, condimentum ut, tortor. Integer est. Quisque viverra."
        text run at (10,136) width 308: "Praesent sed arcu. Maecenas id lorem a leo lobortis"
        text run at (10,150) width 93: "condimentum. "
      RenderBR {BR} at (103,161) size 0x0
      RenderBR {BR} at (10,164) size 0x14
      RenderText {#text} at (10,178) size 397x126
        text run at (10,178) width 355: "Cras commodo rutrum augue. Vivamus iaculis. Nullam est."
        text run at (10,192) width 387: "Maecenas consequat. Sed id dui. Vivamus a nisl. Donec pretium"
        text run at (10,206) width 372: "sapien. Proin et ligula et ligula placerat pulvinar. Aliquam erat"
        text run at (10,220) width 378: "volutpat. Proin id est. Suspendisse cursus, magna at hendrerit"
        text run at (10,234) width 391: "consequat, mauris est imperdiet neque, a ultrices arcu urna non"
        text run at (10,248) width 397: "nunc. Quisque tellus. Nulla nulla justo, vehicula nec, pellentesque"
        text run at (10,262) width 382: "eu, iaculis et, ligula. Praesent mattis ante vel sem. Suspendisse"
        text run at (10,276) width 367: "porta rhoncus urna. Phasellus felis. Praesent viverra convallis"
        text run at (10,290) width 372: "libero. Maecenas non augue. Donec hendrerit lectus id enim. "
      RenderBR {BR} at (382,301) size 0x0
      RenderBR {BR} at (10,304) size 0x14
      RenderText {#text} at (10,318) size 392x98
        text run at (10,318) width 392: "Nulla ligula dui, euismod et, sodales quis, sollicitudin quis, elit. In"
        text run at (10,332) width 367: "adipiscing est sed enim. Fusce at massa vitae metus semper"
        text run at (10,346) width 362: "hendrerit. Integer vitae urna. Nulla eget ligula. Etiam libero."
        text run at (10,360) width 367: "Maecenas nisi nibh, convallis a, feugiat vitae, pulvinar et, mi."
        text run at (10,374) width 383: "Curabitur arcu pede, adipiscing sed, egestas nec, commodo in,"
        text run at (10,388) width 382: "elit. Nulla facilisi. Proin varius pede et dui lacinia dapibus. Morbi"
        text run at (10,402) width 258: "nec augue. Proin imperdiet lacus eu tellus."
