layer at (0,0) size 980x735
  RenderView at (0,0) size 980x735
layer at (0,0) size 980x735
  RenderBlock {HTML} at (0,0) size 980x735
    RenderBody {BODY} at (8,8) size 964x719
layer at (8,8) size 200x200 clip at (8,8) size 183x183 scrollWidth 389 scrollHeight 836
  RenderBlock {DIV} at (0,0) size 200x200
    RenderText {#text} at (0,0) size 40x19
      text run at (0,0) width 40: "Hello"
    RenderBR {BR} at (40,15) size 0x0
    RenderText {#text} at (0,19) size 40x19
      text run at (0,19) width 40: "Hello"
    RenderBR {BR} at (40,34) size 0x0
    RenderText {#text} at (0,38) size 40x19
      text run at (0,38) width 40: "Hello"
    RenderBR {BR} at (40,53) size 0x0
    RenderText {#text} at (0,57) size 40x19
      text run at (0,57) width 40: "Hello"
    RenderBR {BR} at (40,72) size 0x0
    RenderText {#text} at (0,76) size 40x19
      text run at (0,76) width 40: "Hello"
    RenderBR {BR} at (40,91) size 0x0
    RenderText {#text} at (0,95) size 40x19
      text run at (0,95) width 40: "Hello"
    RenderBR {BR} at (40,110) size 0x0
    RenderText {#text} at (0,114) size 40x19
      text run at (0,114) width 40: "Hello"
    RenderBR {BR} at (40,129) size 0x0
    RenderText {#text} at (0,133) size 40x19
      text run at (0,133) width 40: "Hello"
    RenderBR {BR} at (40,148) size 0x0
    RenderText {#text} at (0,152) size 40x19
      text run at (0,152) width 40: "Hello"
    RenderBR {BR} at (40,167) size 0x0
    RenderText {#text} at (0,171) size 40x19
      text run at (0,171) width 40: "Hello"
    RenderBR {BR} at (40,186) size 0x0
    RenderText {#text} at (0,190) size 40x19
      text run at (0,190) width 40: "Hello"
    RenderBR {BR} at (40,205) size 0x0
    RenderText {#text} at (0,209) size 40x19
      text run at (0,209) width 40: "Hello"
    RenderBR {BR} at (40,224) size 0x0
    RenderText {#text} at (0,228) size 40x19
      text run at (0,228) width 40: "Hello"
    RenderBR {BR} at (40,243) size 0x0
    RenderText {#text} at (0,247) size 40x19
      text run at (0,247) width 40: "Hello"
    RenderBR {BR} at (40,262) size 0x0
    RenderText {#text} at (0,266) size 40x19
      text run at (0,266) width 40: "Hello"
    RenderBR {BR} at (40,281) size 0x0
    RenderText {#text} at (0,285) size 40x19
      text run at (0,285) width 40: "Hello"
    RenderBR {BR} at (40,300) size 0x0
    RenderInline {SPAN} at (0,0) size 389x19
      RenderText {#text} at (0,304) size 389x19
        text run at (0,304) width 389: "Hello world this is a long string and will not wrap."
    RenderText {#text} at (0,323) size 40x19
      text run at (0,323) width 40: "Hello"
    RenderBR {BR} at (40,338) size 0x0
    RenderText {#text} at (0,342) size 40x19
      text run at (0,342) width 40: "Hello"
    RenderBR {BR} at (40,357) size 0x0
    RenderText {#text} at (0,361) size 40x19
      text run at (0,361) width 40: "Hello"
    RenderBR {BR} at (40,376) size 0x0
    RenderText {#text} at (0,380) size 40x19
      text run at (0,380) width 40: "Hello"
    RenderBR {BR} at (40,395) size 0x0
    RenderText {#text} at (0,399) size 40x19
      text run at (0,399) width 40: "Hello"
    RenderBR {BR} at (40,414) size 0x0
    RenderText {#text} at (0,418) size 40x19
      text run at (0,418) width 40: "Hello"
    RenderBR {BR} at (40,433) size 0x0
    RenderText {#text} at (0,437) size 40x19
      text run at (0,437) width 40: "Hello"
    RenderBR {BR} at (40,452) size 0x0
    RenderText {#text} at (0,456) size 40x19
      text run at (0,456) width 40: "Hello"
    RenderBR {BR} at (40,471) size 0x0
    RenderText {#text} at (0,475) size 40x19
      text run at (0,475) width 40: "Hello"
    RenderBR {BR} at (40,490) size 0x0
    RenderText {#text} at (0,494) size 40x19
      text run at (0,494) width 40: "Hello"
    RenderBR {BR} at (40,509) size 0x0
    RenderText {#text} at (0,513) size 40x19
      text run at (0,513) width 40: "Hello"
    RenderBR {BR} at (40,528) size 0x0
    RenderText {#text} at (0,532) size 40x19
      text run at (0,532) width 40: "Hello"
    RenderBR {BR} at (40,547) size 0x0
    RenderText {#text} at (0,551) size 40x19
      text run at (0,551) width 40: "Hello"
    RenderBR {BR} at (40,566) size 0x0
    RenderText {#text} at (0,570) size 40x19
      text run at (0,570) width 40: "Hello"
    RenderBR {BR} at (40,585) size 0x0
    RenderText {#text} at (0,589) size 40x19
      text run at (0,589) width 40: "Hello"
    RenderBR {BR} at (40,604) size 0x0
    RenderText {#text} at (0,608) size 40x19
      text run at (0,608) width 40: "Hello"
    RenderBR {BR} at (40,623) size 0x0
    RenderText {#text} at (0,627) size 40x19
      text run at (0,627) width 40: "Hello"
    RenderBR {BR} at (40,642) size 0x0
    RenderText {#text} at (0,646) size 40x19
      text run at (0,646) width 40: "Hello"
    RenderBR {BR} at (40,661) size 0x0
    RenderText {#text} at (0,665) size 40x19
      text run at (0,665) width 40: "Hello"
    RenderBR {BR} at (40,680) size 0x0
    RenderText {#text} at (0,684) size 40x19
      text run at (0,684) width 40: "Hello"
    RenderBR {BR} at (40,699) size 0x0
    RenderText {#text} at (0,703) size 40x19
      text run at (0,703) width 40: "Hello"
    RenderBR {BR} at (40,718) size 0x0
    RenderText {#text} at (0,722) size 40x19
      text run at (0,722) width 40: "Hello"
    RenderBR {BR} at (40,737) size 0x0
    RenderText {#text} at (0,741) size 40x19
      text run at (0,741) width 40: "Hello"
    RenderBR {BR} at (40,756) size 0x0
    RenderText {#text} at (0,760) size 40x19
      text run at (0,760) width 40: "Hello"
    RenderBR {BR} at (40,775) size 0x0
    RenderText {#text} at (0,779) size 40x19
      text run at (0,779) width 40: "Hello"
    RenderBR {BR} at (40,794) size 0x0
    RenderText {#text} at (0,798) size 40x19
      text run at (0,798) width 40: "Hello"
    RenderBR {BR} at (40,813) size 0x0
    RenderText {#text} at (0,817) size 40x19
      text run at (0,817) width 40: "Hello"
    RenderBR {BR} at (40,832) size 0x0
