layer at (0,0) size 980x735
  RenderView at (0,0) size 980x735
layer at (0,0) size 980x735
  RenderBlock {HTML} at (0,0) size 980x735
    RenderBody {BODY} at (8,8) size 964x719
      RenderBlock (floating) {DIV} at (0,1) size 100x100 [bgcolor=#008000]
        RenderInline {A} at (0,0) size 34x19 [color=#0000EE]
          RenderText {#text} at (0,0) size 34x19
            text run at (0,0) width 34: "Test"
      RenderText {#text} at (100,0) size 40x19
        text run at (100,0) width 40: "Hello"
