layer at (0,0) size 980x735
  RenderView at (0,0) size 980x735
layer at (0,0) size 980x735
  RenderBlock {HTML} at (0,0) size 980x735
    RenderBody {BODY} at (8,8) size 964x719
      RenderImage {IMG} at (823,10) size 121x84
      RenderInline {A} at (0,0) size 468x19 [color=#0000EE]
        RenderText {#text} at (0,0) size 468x19
          text run at (0,0) width 468: "http://www.apple.com/pr/library/2003/jan/02ical_isync.html"
      RenderBR {BR} at (468,15) size 0x0
      RenderInline {A} at (0,0) size 212x19 [color=#0000EE]
        RenderText {#text} at (0,19) size 212x19
          text run at (0,19) width 212: "http://www.apple.com/ical/"
      RenderBR {BR} at (212,34) size 0x0
      RenderInline {A} at (0,0) size 225x19 [color=#0000EE]
        RenderText {#text} at (0,38) size 225x19
          text run at (0,38) width 225: "http://www.apple.com/isync/"
