layer at (0,0) size 980x735
  RenderView at (0,0) size 980x735
layer at (0,0) size 980x735
  RenderBlock {HTML} at (0,0) size 980x735
    RenderBody {BODY} at (8,8) size 964x711
      RenderBlock (floating) {DIV} at (844,0) size 120x200 [bgcolor=#FF0000]
      RenderBlock {OL} at (0,0) size 964x0
      RenderBlock {P} at (0,0) size 964x114
        RenderText {#text} at (0,0) size 840x114
          text run at (0,0) width 840: "Vatican approves policy on sex abuse in clergy. The Vatican gave its approval Monday to the revised U.S."
          text run at (0,19) width 773: "bishops' policy to combat sex abuse in the clergy, declaring the need to restore the image of the"
          text run at (0,38) width 839: "priesthood in a scandal that has rocked the Roman Catholic Church. The policy allows bishops to conduct"
          text run at (0,57) width 838: "a confidential, preliminary inquiry when a molestation claim is made to determine whether it is plausible."
          text run at (0,76) width 823: "If it is, the accused priest is to be put on leave and then must go before a clerical tribunal to determine"
          text run at (0,95) width 175: "his guilt or innocence."
