layer at (0,0) size 980x735
  RenderView at (0,0) size 980x735
layer at (0,0) size 980x234
  RenderBlock {HTML} at (0,0) size 980x234
    RenderBody {BODY} at (8,8) size 964x194
      RenderBlock (anonymous) at (0,0) size 964x19
        RenderInline {P} at (0,0) size 608x16 [color=#FFFFFF] [bgcolor=#FF0000]
          RenderText {#text} at (0,2) size 608x16
            text run at (0,2) width 608: "Ahem_font_would_be_nice_for_this_test."
        RenderText {#text} at (0,0) size 0x0
      RenderBlock {P} at (0,35) size 964x19
        RenderText {#text} at (0,0) size 364x19
          text run at (0,0) width 364: "The following two boxes should look identical."
      RenderBlock {DIV} at (32,86) size 102x38 [bgcolor=#FFFFFF] [border: (3px solid #000000)]
        RenderBlock (floating) {DIV} at (3,3) size 96x32 [color=#008000]
          RenderText {#text} at (0,0) size 96x32
            text run at (0,0) width 96: "x x"
      RenderBlock {DIV} at (32,156) size 102x38 [bgcolor=#FFFFFF] [border: (3px solid #000000)]
        RenderBlock (floating) {DIV} at (3,3) size 96x32 [color=#008000]
          RenderText {#text} at (0,0) size 96x32
            text run at (0,0) width 96: "x x"
