layer at (0,0) size 980x735
  RenderView at (0,0) size 980x735
layer at (0,0) size 980x735
  RenderBlock {HTML} at (0,0) size 980x735
    RenderBody {BODY} at (8,8) size 964x719
      RenderBlock (floating) {DIV} at (0,8) size 402x21 [border: (1px solid #000000)]
        RenderText {#text} at (1,1) size 219x19
          text run at (1,1) width 219: "this div disappears in Safari"
