layer at (0,0) size 980x735
  RenderView at (0,0) size 980x735
layer at (0,0) size 980x735
  RenderBlock {HTML} at (0,0) size 980x735
    RenderBody {BODY} at (8,8) size 964x719
      RenderTable {TABLE} at (0,0) size 639x31
        RenderTableSection {TBODY} at (0,0) size 639x31
          RenderTableRow {TR} at (0,2) size 639x27
            RenderTableCell {TD} at (2,2) size 331x27 [r=0 c=0 rs=1 cs=1]
              RenderTable {TABLE} at (1,1) size 329x25
                RenderTableSection {TBODY} at (0,0) size 329x25
                  RenderTableRow {TR} at (0,2) size 329x21
                    RenderTableCell {TD} at (2,2) size 325x21 [r=0 c=0 rs=1 cs=1]
                      RenderText {#text} at (1,1) size 323x19
                        text run at (1,1) width 323: "Look at me contributing some minwidth."
            RenderTableCell {TD} at (335,14) size 302x2 [bgcolor=#FF0000] [r=0 c=1 rs=1 cs=1]
