layer at (0,0) size 988x735
  RenderView at (0,0) size 980x735
layer at (0,0) size 980x8
  RenderBlock {HTML} at (0,0) size 980x8
    RenderBody {BODY} at (8,8) size 964x0
layer at (8,64) size 980x108
  RenderBlock (positioned) {DIV} at (8,64) size 980x108 [bgcolor=#0000FF]
    RenderBlock {DIV} at (128,8) size 723x57 [bgcolor=#008000] [border: none (2px solid #888878) none]
      RenderText {#text} at (0,0) size 238x19
        text run at (0,0) width 238: "some other macromedia logo"
    RenderBlock (floating) {DIV} at (0,65) size 132x51 [bgcolor=#FFFF00]
      RenderText {#text} at (51,16) size 30x19
        text run at (51,16) width 30: "Feh"
layer at (575,122) size 205x169
  RenderBlock (positioned) {DIV} at (567,58) size 205x169 [bgcolor=#FF0000]
    RenderText {#text} at (0,8) size 205x19
      text run at (0,8) width 205: "this is the pseudorNav div"
