layer at (0,0) size 980x735
  RenderView at (0,0) size 980x735
layer at (0,0) size 980x150
  RenderBlock {HTML} at (0,0) size 980x150
    RenderBody {BODY} at (8,8) size 964x126
      RenderBlock {DIV} at (0,0) size 964x126
        RenderBlock {DIV} at (0,0) size 964x2
        RenderBlock (floating) {DIV} at (0,2) size 60x45
          RenderImage {IMG} at (0,0) size 60x45
        RenderBlock {UL} at (15,47) size 949x79 [bgcolor=#FF0000]
          RenderListItem {LI} at (0,8) size 949x19
            RenderListMarker at (-18,0) size 7x19: bullet
            RenderText {#text} at (0,0) size 154x19
              text run at (0,0) width 154: "Classroom Training"
          RenderListItem {LI} at (0,43) size 949x19
            RenderListMarker at (-18,0) size 7x19: bullet
            RenderText {#text} at (0,0) size 94x19
              text run at (0,0) width 94: "Find a Class"
