layer at (0,0) size 980x735
  RenderView at (0,0) size 980x735
layer at (0,0) size 980x510
  RenderBlock {HTML} at (0,0) size 980x510
    RenderBody {BODY} at (8,8) size 964x486
      RenderBlock {UL} at (276,0) size 412x192
        RenderListItem {LI} at (0,48) size 283x71
          RenderBlock {A} at (123,0) size 160x138 [color=#CCCCCC]
            RenderBlock {B} at (0,0) size 160x70 [border: none (40px solid #00000000) (69px solid #CCCCCC) (40px solid #00000000)]
            RenderBlock {B} at (0,70) size 160x70 [border: (69px solid #CCCCCC) (40px solid #00000000) none (40px solid #00000000)]
            RenderBlock {SPAN} at (8,61) size 144x19 [color=#000000]
              RenderInline {ABBR} at (0,0) size 32x19
                RenderText {#text} at (15,0) size 32x19
                  text run at (15,0) width 32: "CSS"
              RenderText {#text} at (46,0) size 83x19
                text run at (46,0) width 83: " examples"
        RenderListItem {LI} at (0,119) size 246x71
          RenderBlock {A} at (0,0) size 160x138 [color=#CCCCCC]
            RenderBlock {B} at (0,0) size 160x70 [border: none (40px solid #00000000) (69px solid #CCCCCC) (40px solid #00000000)]
            RenderBlock {B} at (0,70) size 160x70 [border: (69px solid #CCCCCC) (40px solid #00000000) none (40px solid #00000000)]
            RenderBlock {SPAN} at (8,61) size 144x19 [color=#000000]
              RenderText {#text} at (39,0) size 66x19
                text run at (39,0) width 66: "Favelets"
        RenderListItem {LI} at (246,119) size 160x71
          RenderBlock {A} at (0,0) size 160x138 [color=#CCCCCC]
            RenderBlock {B} at (0,0) size 160x70 [border: none (40px solid #00000000) (69px solid #CCCCCC) (40px solid #00000000)]
            RenderBlock {B} at (0,70) size 160x70 [border: (69px solid #CCCCCC) (40px solid #00000000) none (40px solid #00000000)]
            RenderBlock {SPAN} at (8,61) size 144x19 [color=#000000]
              RenderInline {ABBR} at (0,0) size 22x19
                RenderText {#text} at (61,0) size 22x19
                  text run at (61,0) width 22: "CV"
        RenderListItem {LI} at (0,190) size 283x71
          RenderBlock {A} at (123,0) size 160x138 [color=#CCCCCC]
            RenderBlock {B} at (0,0) size 160x70 [border: none (40px solid #00000000) (69px solid #CCCCCC) (40px solid #00000000)]
            RenderBlock {B} at (0,70) size 160x70 [border: (69px solid #CCCCCC) (40px solid #00000000) none (40px solid #00000000)]
            RenderBlock {SPAN} at (8,61) size 144x19 [color=#000000]
              RenderText {#text} at (60,0) size 24x19
                text run at (60,0) width 24: "log"
        RenderListItem {LI} at (0,261) size 246x71
          RenderBlock {A} at (0,0) size 160x138 [color=#CCCCCC]
            RenderBlock {B} at (0,0) size 160x70 [border: none (40px solid #00000000) (69px solid #CCCCCC) (40px solid #00000000)]
            RenderBlock {B} at (0,70) size 160x70 [border: (69px solid #CCCCCC) (40px solid #00000000) none (40px solid #00000000)]
            RenderBlock {SPAN} at (8,61) size 144x38 [color=#000000]
              RenderText {#text} at (15,0) size 58x19
                text run at (15,0) width 58: "simple "
              RenderInline {ABBR} at (0,0) size 57x19
                RenderText {#text} at (72,0) size 57x19
                  text run at (72,0) width 57: "XHTML"
              RenderText {#text} at (53,19) size 38x19
                text run at (53,19) width 38: "tests"
        RenderListItem {LI} at (246,261) size 160x71
          RenderBlock {A} at (0,0) size 160x138 [color=#CCCCCC]
            RenderBlock {B} at (0,0) size 160x70 [border: none (40px solid #00000000) (69px solid #CCCCCC) (40px solid #00000000)]
            RenderBlock {B} at (0,70) size 160x70 [border: (69px solid #CCCCCC) (40px solid #00000000) none (40px solid #00000000)]
            RenderBlock {SPAN} at (8,61) size 144x19 [color=#000000]
              RenderText {#text} at (32,0) size 80x19
                text run at (32,0) width 80: "entrances"
        RenderListItem {LI} at (0,332) size 283x71
          RenderBlock {A} at (123,0) size 160x138 [color=#CCCCCC]
            RenderBlock {B} at (0,0) size 160x70 [border: none (40px solid #00000000) (69px solid #CCCCCC) (40px solid #00000000)]
            RenderBlock {B} at (0,70) size 160x70 [border: (69px solid #CCCCCC) (40px solid #00000000) none (40px solid #00000000)]
            RenderBlock {SPAN} at (8,61) size 144x19 [color=#000000]
              RenderText {#text} at (57,0) size 30x19
                text run at (57,0) width 30: "exit"
      RenderBlock {P} at (0,403) size 964x83
        RenderText {#text} at (401,32) size 162x19
          text run at (401,32) width 162: "Ceci n'est pas Flash."
