layer at (0,0) size 980x735
  RenderView at (0,0) size 980x735
layer at (0,0) size 980x735
  RenderBlock {HTML} at (0,0) size 980x735
    RenderBody {BODY} at (8,8) size 964x711
      RenderBlock {P} at (0,0) size 964x95
        RenderText {#text} at (0,0) size 953x95
          text run at (0,0) width 935: "P1: This represents the header and should be flush-left. Lorem ipsum dolor sit amet, consectetuer adipiscing elit, sed"
          text run at (0,19) width 945: "diam nonummy nibh euismod tincidunt ut laoreet dolore magna aliquam erat volutpat. Ut wisi enim ad minim veniam,"
          text run at (0,38) width 935: "quis nostrud exerci tation ullamcorper suscipit lobortis nisl ut aliquip ex ea commodo consequat. Duis autem vel eum"
          text run at (0,57) width 950: "iriure dolor in hendrerit in vulputate velit esse molestie consequat, vel illum dolore eu feugiat nulla facilisis at vero eros"
          text run at (0,76) width 953: "et accumsan et iusto odio dignissim qui blandit praesent luptatum zzril delenit augue duis dolore te feugait nulla facilisi."
      RenderBlock {DIV} at (0,111) size 964x279
        RenderBlock (floating) {H2} at (0,0) size 112x57
          RenderText {#text} at (39,0) size 107x57
            text run at (39,0) width 73: "H2: This"
            text run at (5,19) width 107: "should float"
            text run at (81,38) width 31: "left"
        RenderBlock {DIV} at (0,0) size 964x279
          RenderBlock {H3} at (128,0) size 836x19
            RenderText {#text} at (0,0) size 344x19
              text run at (0,0) width 344: "H3: This should be indented and inline"
          RenderBlock {P} at (128,35) size 836x114
            RenderText {#text} at (0,0) size 821x114
              text run at (0,0) width 798: "P2: This should be indented and inline. Lorem ipsum dolor sit amet, consectetuer adipiscing elit, sed"
              text run at (0,19) width 821: "diam nonummy nibh euismod tincidunt ut laoreet dolore magna aliquam erat volutpat. Ut wisi enim ad"
              text run at (0,38) width 801: "minim veniam, quis nostrud exerci tation ullamcorper suscipit lobortis nisl ut aliquip ex ea commodo"
              text run at (0,57) width 816: "consequat. Duis autem vel eum iriure dolor in hendrerit in vulputate velit esse molestie consequat, vel"
              text run at (0,76) width 765: "illum dolore eu feugiat nulla facilisis at vero eros et accumsan et iusto odio dignissim qui blandit"
              text run at (0,95) width 575: "praesent luptatum zzril delenit augue duis dolore te feugait nulla facilisi."
          RenderBlock {P} at (128,165) size 836x114
            RenderText {#text} at (0,0) size 830x114
              text run at (0,0) width 765: "P3: This should be indented and inline. Ut wisi enim ad minim veniam, quis nostrud exerci tation"
              text run at (0,19) width 820: "ullamcorper suscipit lobortis nisl ut aliquip ex ea commodo consequat. Duis autem vel eum iriure dolor"
              text run at (0,38) width 817: "in hendrerit in vulputate velit esse molestie consequat, vel illum dolore eu feugiat nulla facilisis at vero"
              text run at (0,57) width 830: "eros et accumsan et iusto odio dignissim qui blandit praesent luptatum zzril delenit augue duis dolore te"
              text run at (0,76) width 820: "feugait nulla facilisi. Lorem ipsum dolor sit amet, consectetuer adipiscing elit, sed diam nonummy nibh"
              text run at (0,95) width 524: "euismod tincidunt ut laoreet dolore magna aliquam erat volutpat."
      RenderBlock {P} at (0,406) size 964x114
        RenderText {#text} at (0,0) size 955x114
          text run at (0,0) width 928: "P4: This represents the footer and should be flush-left. Duis autem vel eum iriure dolor in hendrerit in vulputate velit"
          text run at (0,19) width 941: "esse molestie consequat, vel illum dolore eu feugiat nulla facilisis at vero eros et accumsan et iusto odio dignissim qui"
          text run at (0,38) width 865: "blandit praesent luptatum zzril delenit augue duis dolore te feugait nulla facilisi. Lorem ipsum dolor sit amet,"
          text run at (0,57) width 955: "consectetuer adipiscing elit, sed diam nonummy nibh euismod tincidunt ut laoreet dolore magna aliquam erat volutpat."
          text run at (0,76) width 928: "Ut wisi enim ad minim veniam, quis nostrud exerci tation ullamcorper suscipit lobortis nisl ut aliquip ex ea commodo"
          text run at (0,95) width 88: "consequat."
