layer at (0,0) size 1518x3169
  RenderView at (0,0) size 980x735
layer at (0,0) size 980x3169
  RenderBlock {HTML} at (0,0) size 980x3169
    RenderBody {BODY} at (8,8) size 964x3145
      RenderBlock (anonymous) at (0,0) size 964x38
        RenderText {#text} at (0,0) size 952x38
          text run at (0,0) width 952: "In all of the examples, you should be able to see blue and green rectangles that spill way out of their containing blocks."
          text run at (0,19) width 762: "They should be 100px tall and not overlap one another at all. They should be stacked vertically."
      RenderBlock {DIV} at (0,54) size 720x240 [border: (10px solid #000000)]
        RenderText {#text} at (10,10) size 392x19
          text run at (10,10) width 392: "You should see blue and green rectangles below."
        RenderBR {BR} at (402,25) size 0x0
        RenderBlock (floating) {DIV} at (10,29) size 1500x100 [bgcolor=#0000FF]
        RenderText {#text} at (0,0) size 0x0
        RenderBlock (floating) {DIV} at (10,129) size 1500x100 [bgcolor=#008000]
        RenderText {#text} at (0,0) size 0x0
      RenderBlock {DIV} at (0,310) size 720x240 [border: (10px solid #000000)]
        RenderText {#text} at (10,10) size 199x19
          text run at (10,10) width 199: "You should see blue and "
        RenderBlock (floating) {DIV} at (10,29) size 1500x100 [bgcolor=#0000FF]
        RenderText {#text} at (0,0) size 0x0
        RenderBlock (floating) {DIV} at (10,129) size 1500x100 [bgcolor=#008000]
        RenderText {#text} at (209,10) size 193x19
          text run at (209,10) width 193: "green rectangles below."
      RenderBlock {DIV} at (0,566) size 720x240 [border: (10px solid #000000)]
        RenderBlock (floating) {DIV} at (10,10) size 1500x100 [bgcolor=#0000FF]
        RenderBlock (floating) {DIV} at (10,110) size 1500x100 [bgcolor=#008000]
        RenderBR {BR} at (1510,10) size 0x19
        RenderText {#text} at (10,210) size 394x19
          text run at (10,210) width 394: "You should see blue and green rectangles above."
      RenderBlock {DIV} at (0,822) size 720x240 [border: (10px solid #000000)]
        RenderBlock (floating) {DIV} at (10,10) size 1500x100 [bgcolor=#0000FF]
        RenderBlock (floating) {DIV} at (10,110) size 1500x100 [bgcolor=#008000]
        RenderText {#text} at (10,210) size 394x19
          text run at (10,210) width 394: "You should see blue and green rectangles above."
      RenderBlock {DIV} at (0,1078) size 720x240 [border: (10px solid #000000)]
        RenderBlock (floating) {DIV} at (10,10) size 1500x100 [bgcolor=#0000FF]
        RenderText {#text} at (10,110) size 357x19
          text run at (10,110) width 357: "You should see blue above and green below."
        RenderBlock (floating) {DIV} at (10,129) size 1500x100 [bgcolor=#008000]
        RenderText {#text} at (0,0) size 0x0
      RenderBlock {DIV} at (0,1334) size 720x240 [border: (10px solid #000000)]
        RenderBlock (floating) {DIV} at (10,10) size 1500x100 [bgcolor=#0000FF]
        RenderText {#text} at (10,110) size 357x19
          text run at (10,110) width 357: "You should see blue above and green below."
        RenderBR {BR} at (367,125) size 0x0
        RenderBlock (floating) {DIV} at (10,129) size 1500x100 [bgcolor=#008000]
        RenderText {#text} at (0,0) size 0x0
      RenderBlock (anonymous) at (0,1590) size 964x19
        RenderText {#text} at (0,0) size 741x19
          text run at (0,0) width 741: "The next examples should have blue and green rectangles that snugly fit without spilling out."
      RenderBlock {DIV} at (0,1625) size 720x240 [border: (10px solid #000000)]
        RenderText {#text} at (10,10) size 392x19
          text run at (10,10) width 392: "You should see blue and green rectangles below."
        RenderBR {BR} at (402,25) size 0x0
        RenderBlock (floating) {DIV} at (10,29) size 698x100 [bgcolor=#0000FF]
        RenderText {#text} at (0,0) size 0x0
        RenderBlock (floating) {DIV} at (10,129) size 698x100 [bgcolor=#008000]
        RenderText {#text} at (0,0) size 0x0
      RenderBlock {DIV} at (0,1881) size 720x240 [border: (10px solid #000000)]
        RenderText {#text} at (10,10) size 392x19
          text run at (10,10) width 392: "You should see blue and green rectangles below."
        RenderBlock (floating) {DIV} at (10,29) size 698x100 [bgcolor=#0000FF]
        RenderText {#text} at (0,0) size 0x0
        RenderBlock (floating) {DIV} at (10,129) size 698x100 [bgcolor=#008000]
        RenderText {#text} at (0,0) size 0x0
      RenderBlock {DIV} at (0,2137) size 720x240 [border: (10px solid #000000)]
        RenderBlock (floating) {DIV} at (10,10) size 698x100 [bgcolor=#0000FF]
        RenderBlock (floating) {DIV} at (10,110) size 698x100 [bgcolor=#008000]
        RenderBR {BR} at (708,10) size 0x19
        RenderText {#text} at (10,210) size 394x19
          text run at (10,210) width 394: "You should see blue and green rectangles above."
      RenderBlock {DIV} at (0,2393) size 720x240 [border: (10px solid #000000)]
        RenderBlock (floating) {DIV} at (10,10) size 698x100 [bgcolor=#0000FF]
        RenderBlock (floating) {DIV} at (10,110) size 698x100 [bgcolor=#008000]
        RenderText {#text} at (10,210) size 394x19
          text run at (10,210) width 394: "You should see blue and green rectangles above."
      RenderBlock {DIV} at (0,2649) size 720x240 [border: (10px solid #000000)]
        RenderBlock (floating) {DIV} at (10,10) size 698x100 [bgcolor=#0000FF]
        RenderText {#text} at (10,110) size 357x19
          text run at (10,110) width 357: "You should see blue above and green below."
        RenderBlock (floating) {DIV} at (10,129) size 698x100 [bgcolor=#008000]
        RenderText {#text} at (0,0) size 0x0
      RenderBlock {DIV} at (0,2905) size 720x240 [border: (10px solid #000000)]
        RenderBlock (floating) {DIV} at (10,10) size 698x100 [bgcolor=#0000FF]
        RenderText {#text} at (10,110) size 357x19
          text run at (10,110) width 357: "You should see blue above and green below."
        RenderBR {BR} at (367,125) size 0x0
        RenderBlock (floating) {DIV} at (10,129) size 698x100 [bgcolor=#008000]
        RenderText {#text} at (0,0) size 0x0
