layer at (0,0) size 980x1432
  RenderView at (0,0) size 980x735
layer at (0,0) size 980x1432
  RenderBlock {HTML} at (0,0) size 980x1432
    RenderBody {BODY} at (8,8) size 964x1416
      RenderBlock {DIV} at (0,0) size 964x200
        RenderBlock (floating) {DIV} at (0,0) size 200x200 [bgcolor=#FF0000]
        RenderTable {TABLE} at (200,0) size 764x48 [border: (2px solid #008000)]
          RenderTableSection {TBODY} at (2,2) size 760x44
            RenderTableRow {TR} at (0,2) size 760x40
              RenderTableCell {TD} at (2,2) size 756x40 [r=0 c=0 rs=1 cs=1]
                RenderText {#text} at (1,1) size 736x38
                  text run at (1,1) width 736: "This is a table. It should sit on the same line as the float and wrap as needed to fit within the"
                  text run at (1,20) width 167: "remaining line width."
      RenderBlock {DIV} at (0,200) size 964x200
        RenderBlock (floating) {DIV} at (0,0) size 200x200 [bgcolor=#FF0000]
      RenderBlock {DIV} at (0,408) size 964x200
        RenderBlock (floating) {DIV} at (0,0) size 200x200 [bgcolor=#FF0000]
        RenderBlock {HR} at (200,0) size 764x2 [border: (1px inset #000000)]
      RenderBlock {DIV} at (0,608) size 964x200
        RenderBlock (floating) {DIV} at (0,0) size 200x200 [bgcolor=#FF0000]
        RenderTable {TABLE} at (200,0) size 482x48 [border: (2px solid #008000)]
          RenderTableSection {TBODY} at (2,2) size 478x44
            RenderTableRow {TR} at (0,2) size 478x40
              RenderTableCell {TD} at (2,2) size 474x40 [r=0 c=0 rs=1 cs=1]
                RenderText {#text} at (1,1) size 460x38
                  text run at (1,1) width 443: "This is a table. It should sit on the same line as the float"
                  text run at (1,20) width 460: "and wrap as needed to fit within the remaining line width."
      RenderBlock {DIV} at (0,808) size 964x200
        RenderBlock (floating) {DIV} at (0,0) size 200x200 [bgcolor=#FF0000]
      RenderBlock {DIV} at (0,1016) size 964x200
        RenderBlock (floating) {DIV} at (0,0) size 200x200 [bgcolor=#FF0000]
        RenderBlock {HR} at (200,0) size 484x2 [border: (1px inset #000000)]
      RenderBlock {DIV} at (0,1216) size 964x200
        RenderBlock (floating) {DIV} at (0,0) size 200x200 [bgcolor=#FF0000]
        RenderImage {IMG} at (200,0) size 482x50 [bgcolor=#008000]
layer at (208,208) size 764x57 clip at (210,210) size 745x38
  RenderBlock {DIV} at (200,0) size 764x57 [border: (2px solid #0000FF)]
    RenderText {#text} at (2,2) size 688x38
      text run at (2,2) width 688: "This is an overflow:scroll region. It should sit on the same line as the float and wrap as"
      text run at (2,21) width 357: "needed to fit within the remaining line width."
layer at (208,816) size 486x76 clip at (210,818) size 467x57
  RenderBlock {DIV} at (200,0) size 486x76 [border: (2px solid #0000FF)]
    RenderText {#text} at (2,2) size 457x57
      text run at (2,2) width 457: "This is an overflow:scroll region. It should sit on the same"
      text run at (2,21) width 416: "line as the float and wrap as needed to fit within the"
      text run at (2,40) width 167: "remaining line width."
