layer at (0,0) size 980x735
  RenderView at (0,0) size 980x735
layer at (0,0) size 980x342
  RenderBlock {HTML} at (0,0) size 980x342
    RenderBody {BODY} at (8,8) size 964x292
      RenderBlock {P} at (0,0) size 964x51
        RenderText {#text} at (16,16) size 419x19
          text run at (16,16) width 419: "\"ONE\" and \"TWO\" below should be on the same line."
      RenderBlock (floating) {UL} at (0,51) size 186x23 [border: (2px solid #0000FF)]
        RenderBlock (floating) {LI} at (2,2) size 91x19
          RenderBlock {SPAN} at (0,0) size 91x19 [bgcolor=#EEEEEE]
            RenderText {#text} at (0,0) size 35x19
              text run at (0,0) width 35: "ONE"
        RenderBlock (floating) {LI} at (93,2) size 91x19
          RenderBlock {SPAN} at (0,0) size 91x19 [bgcolor=#EEEEEE]
            RenderText {#text} at (0,0) size 39x19
              text run at (0,0) width 39: "TWO"
        RenderBlock {DIV} at (2,2) size 182x0
      RenderBlock {P} at (0,74) size 964x51
        RenderText {#text} at (16,16) size 421x19
          text run at (16,16) width 421: "\"ONE\" and \"TWO\" below should be on different lines."
      RenderBlock (floating) {UL} at (0,125) size 95x42 [border: (2px solid #0000FF)]
        RenderBlock (floating) {LI} at (2,2) size 91x19
          RenderBlock {SPAN} at (0,0) size 91x19 [bgcolor=#EEEEEE]
            RenderText {#text} at (0,0) size 35x19
              text run at (0,0) width 35: "ONE"
        RenderBlock (floating) {LI} at (2,21) size 91x19
          RenderBlock {SPAN} at (0,0) size 91x19 [bgcolor=#EEEEEE]
            RenderText {#text} at (0,0) size 39x19
              text run at (0,0) width 39: "TWO"
        RenderBlock {DIV} at (2,2) size 91x0
      RenderBlock {P} at (0,167) size 964x51
        RenderText {#text} at (16,16) size 419x19
          text run at (16,16) width 419: "\"ONE\" and \"TWO\" below should be on the same line."
      RenderBlock (floating) {UL} at (0,218) size 186x23 [border: (2px solid #0000FF)]
        RenderBlock (floating) {LI} at (2,2) size 91x19
          RenderBlock {SPAN} at (0,0) size 91x19 [bgcolor=#EEEEEE]
            RenderText {#text} at (0,0) size 35x19
              text run at (0,0) width 35: "ONE"
        RenderBlock (floating) {LI} at (93,2) size 91x19
          RenderBlock {SPAN} at (0,0) size 91x19 [bgcolor=#EEEEEE]
            RenderText {#text} at (0,0) size 39x19
              text run at (0,0) width 39: "TWO"
      RenderBlock {P} at (0,241) size 964x51
        RenderText {#text} at (16,16) size 421x19
          text run at (16,16) width 421: "\"ONE\" and \"TWO\" below should be on different lines."
      RenderBlock (floating) {UL} at (0,292) size 95x42 [border: (2px solid #0000FF)]
        RenderBlock (floating) {LI} at (2,2) size 91x19
          RenderBlock {SPAN} at (0,0) size 91x19 [bgcolor=#EEEEEE]
            RenderText {#text} at (0,0) size 35x19
              text run at (0,0) width 35: "ONE"
        RenderBlock (floating) {LI} at (2,21) size 91x19
          RenderBlock {SPAN} at (0,0) size 91x19 [bgcolor=#EEEEEE]
            RenderText {#text} at (0,0) size 39x19
              text run at (0,0) width 39: "TWO"
