layer at (0,0) size 980x735
  RenderView at (0,0) size 980x735
layer at (0,0) size 980x735
  RenderBlock {HTML} at (0,0) size 980x735
    RenderBody {BODY} at (8,8) size 964x719
      RenderBlock {DIV} at (0,0) size 964x431
        RenderBlock (floating) {DIV} at (0,0) size 554x23 [border: (2px solid #FF0000)]
          RenderText {#text} at (2,2) size 390x19
            text run at (2,2) width 390: "There should be a green border table below this:"
        RenderTable {TABLE} at (0,23) size 964x408 [border: (2px solid #008000)]
          RenderTableSection {TBODY} at (2,2) size 960x404
            RenderTableRow {TR} at (0,2) size 960x400
              RenderTableCell {TD} at (2,201) size 956x2 [r=0 c=0 rs=1 cs=1]
