layer at (0,0) size 980x735
  RenderView at (0,0) size 980x735
layer at (0,0) size 980x735
  RenderBlock {HTML} at (0,0) size 980x735
    RenderBody {BODY} at (8,8) size 964x719
      RenderBlock {DIV} at (0,0) size 100x100 [bgcolor=#FF0000]
        RenderBlock {DIV} at (0,0) size 100x100 [bgcolor=#008000]
          RenderBlock (floating) {SPAN} at (0,0) size 10x100
            RenderText {#text} at (0,0) size 5x19
              text run at (0,0) width 5: " "
          RenderBR {BR} at (10,0) size 0x19
