layer at (0,0) size 980x735
  RenderView at (0,0) size 980x735
layer at (0,0) size 980x646
  RenderBlock {HTML} at (0,0) size 980x646
    RenderBody {BODY} at (8,21) size 964x607
      RenderBlock {H1} at (0,0) size 964x74
        RenderText {#text} at (0,0) size 715x38
          text run at (0,0) width 715: "Margins and block formating contexts ("
        RenderInline {A} at (0,0) size 898x75 [color=#0000EE]
          RenderText {#text} at (715,0) size 898x75
            text run at (715,0) width 183: "additional"
            text run at (0,37) width 426: "tests from Alan Gresley"
        RenderText {#text} at (426,37) size 15x38
          text run at (426,37) width 15: ")"
      RenderBlock {H3} at (0,95) size 964x66
        RenderText {#text} at (0,0) size 927x22
          text run at (0,0) width 927: "The orange stripe has 'overflow: auto', 'margin-left: 100px' and 'margin-right: 100px'"
        RenderBR {BR} at (927,0) size 0x22
        RenderText {#text} at (0,22) size 896x22
          text run at (0,22) width 896: "The lime stripes are floats with various width (topmost is 0, bottommost is 150px)"
        RenderBR {BR} at (896,22) size 0x22
        RenderText {#text} at (0,44) size 536x22
          text run at (0,44) width 536: "The wrapping container has a solid silver border."
      RenderBlock {DIV} at (16,179) size 650x29 [border: (5px solid #C0C0C0)]
        RenderBlock (floating) {DIV} at (5,5) size 0x16 [bgcolor=#00FF00]
          RenderText {#text} at (0,0) size 45x19
            text run at (0,0) width 45: "floatL"
      RenderBlock {DIV} at (16,224) size 650x29 [border: (5px solid #C0C0C0)]
        RenderBlock (floating) {DIV} at (5,5) size 50x16 [bgcolor=#00FF00]
          RenderText {#text} at (0,0) size 45x19
            text run at (0,0) width 45: "floatL"
      RenderBlock {DIV} at (16,269) size 650x29 [border: (5px solid #C0C0C0)]
        RenderBlock (floating) {DIV} at (5,5) size 100x16 [bgcolor=#00FF00]
          RenderText {#text} at (0,0) size 45x19
            text run at (0,0) width 45: "floatL"
      RenderBlock {DIV} at (16,314) size 650x29 [border: (5px solid #C0C0C0)]
        RenderBlock (floating) {DIV} at (5,5) size 150x16 [bgcolor=#00FF00]
          RenderText {#text} at (0,0) size 99x19
            text run at (0,0) width 99: "floatL 150px"
      RenderBlock {DIV} at (16,359) size 650x29 [border: (5px solid #C0C0C0)]
        RenderBlock (floating) {DIV} at (645,5) size 0x16 [bgcolor=#00FF00]
          RenderText {#text} at (0,0) size 47x19
            text run at (0,0) width 47: "floatR"
      RenderBlock {DIV} at (16,404) size 650x29 [border: (5px solid #C0C0C0)]
        RenderBlock (floating) {DIV} at (595,5) size 50x16 [bgcolor=#00FF00]
          RenderText {#text} at (0,0) size 47x19
            text run at (0,0) width 47: "floatR"
      RenderBlock {DIV} at (16,449) size 650x29 [border: (5px solid #C0C0C0)]
        RenderBlock (floating) {DIV} at (545,5) size 100x16 [bgcolor=#00FF00]
          RenderText {#text} at (0,0) size 47x19
            text run at (0,0) width 47: "floatR"
      RenderBlock {DIV} at (16,494) size 650x29 [border: (5px solid #C0C0C0)]
        RenderBlock (floating) {DIV} at (495,5) size 150x16 [bgcolor=#00FF00]
          RenderText {#text} at (0,0) size 101x19
            text run at (0,0) width 101: "floatR 150px"
      RenderBlock {H3} at (0,541) size 964x66
        RenderText {#text} at (0,0) size 895x22
          text run at (0,0) width 895: "The orange stripe has 'overflow: auto', 'margin-left: auto' and 'margin-right: auto'"
        RenderBR {BR} at (895,0) size 0x22
        RenderText {#text} at (0,22) size 896x22
          text run at (0,22) width 896: "The lime stripes are floats with various width (topmost is 0, bottommost is 150px)"
        RenderBR {BR} at (896,22) size 0x22
        RenderText {#text} at (0,44) size 536x22
          text run at (0,44) width 536: "The wrapping container has a solid silver border."
layer at (129,205) size 440x19
  RenderBlock {DIV} at (105,5) size 440x19 [bgcolor=#FFA500]
    RenderText {#text} at (0,0) size 215x19
      text run at (0,0) width 215: "<div> with 'overflow: auto'"
layer at (129,250) size 440x19
  RenderBlock {DIV} at (105,5) size 440x19 [bgcolor=#FFA500]
    RenderText {#text} at (0,0) size 215x19
      text run at (0,0) width 215: "<div> with 'overflow: auto'"
layer at (129,295) size 440x19
  RenderBlock {DIV} at (105,5) size 440x19 [bgcolor=#FFA500]
    RenderText {#text} at (0,0) size 215x19
      text run at (0,0) width 215: "<div> with 'overflow: auto'"
layer at (179,340) size 390x19
  RenderBlock {DIV} at (155,5) size 390x19 [bgcolor=#FFA500]
    RenderText {#text} at (0,0) size 215x19
      text run at (0,0) width 215: "<div> with 'overflow: auto'"
layer at (129,385) size 440x19
  RenderBlock {DIV} at (105,5) size 440x19 [bgcolor=#FFA500]
    RenderText {#text} at (0,0) size 215x19
      text run at (0,0) width 215: "<div> with 'overflow: auto'"
layer at (129,430) size 440x19
  RenderBlock {DIV} at (105,5) size 440x19 [bgcolor=#FFA500]
    RenderText {#text} at (0,0) size 215x19
      text run at (0,0) width 215: "<div> with 'overflow: auto'"
layer at (129,475) size 440x19
  RenderBlock {DIV} at (105,5) size 440x19 [bgcolor=#FFA500]
    RenderText {#text} at (0,0) size 215x19
      text run at (0,0) width 215: "<div> with 'overflow: auto'"
layer at (129,520) size 390x19
  RenderBlock {DIV} at (105,5) size 390x19 [bgcolor=#FFA500]
    RenderText {#text} at (0,0) size 215x19
      text run at (0,0) width 215: "<div> with 'overflow: auto'"
