layer at (0,0) size 980x735
  RenderView at (0,0) size 980x735
layer at (0,0) size 980x108
  RenderBlock {HTML} at (0,0) size 980x108
    RenderBody {BODY} at (8,8) size 964x0
      RenderBlock (floating) {DIV} at (-4036,0) size 5000x100 [bgcolor=#66EEAA]
        RenderText {#text} at (4640,0) size 360x19
          text run at (4640,0) width 360: "Element floated right with a width of 5000px."
