layer at (0,0) size 980x735
  RenderView at (0,0) size 980x735
layer at (0,0) size 980x735
  RenderBlock {HTML} at (0,0) size 980x735
    RenderBody {BODY} at (8,8) size 964x719
layer at (8,8) size 41x46
  RenderBlock (positioned) {DIV} at (8,8) size 41x46 [border: (2px solid #0000FF)]
    RenderBlock {DIV} at (2,2) size 37x23 [border: (2px solid #FFA500)]
      RenderText {#text} at (2,2) size 33x19
        text run at (2,2) width 33: "One"
    RenderBlock (floating) {DIV} at (2,25) size 33x19
      RenderText {#text} at (0,0) size 33x19
        text run at (0,0) width 33: "Two"
