layer at (0,0) size 980x735
  RenderView at (0,0) size 980x735
layer at (0,0) size 980x735
  RenderBlock {HTML} at (0,0) size 980x735
    RenderBody {BODY} at (8,8) size 964x719
      RenderBlock {P} at (0,0) size 964x19
        RenderText {#text} at (0,0) size 323x19
          text run at (0,0) width 323: "Text should not overlap the blue square."
      RenderBlock {DIV} at (0,35) size 406x257 [border: (3px solid #800000)]
        RenderText {#text} at (5,5) size 387x114
          text run at (5,5) width 382: "Fusce at ante. In hac habitasse platea dictumst."
          text run at (387,5) width 5: " "
          text run at (5,24) width 375: "Maecenas iaculis nonummy magna. Vivamus a"
          text run at (380,24) width 5: " "
          text run at (5,43) width 366: "tortor vitae enim ornare consectetuer. Lorem"
          text run at (371,43) width 5: " "
          text run at (5,62) width 363: "ipsum dolor sit amet, consectetuer adipiscing"
          text run at (368,62) width 5: " "
          text run at (5,81) width 378: "elit. Etiam et ipsum. Nam consectetuer mi eget"
          text run at (383,81) width 5: " "
          text run at (5,100) width 43: "velit. "
        RenderBlock (floating) {DIV} at (337,100) size 64x64 [bgcolor=#ADD8E6]
        RenderText {#text} at (48,100) size 385x152
          text run at (48,100) width 244: "Sed nec risus vitae felis auctor"
          text run at (292,100) width 5: " "
          text run at (5,119) width 308: "ultricies. Pellentesque aliquet quam ac"
          text run at (313,119) width 5: " "
          text run at (5,138) width 289: "lorem. Duis interdum, elit in ultricies"
          text run at (294,138) width 5: " "
          text run at (5,157) width 318: "auctor, erat pede sollicitudin libero, non"
          text run at (323,157) width 5: " "
          text run at (5,176) width 380: "ultrices odio elit in augue. Ut egestas bibendum"
          text run at (385,176) width 5: " "
          text run at (5,195) width 344: "lectus. Class aptent taciti sociosqu ad litora"
          text run at (349,195) width 5: " "
          text run at (5,214) width 334: "torquent per conubia nostra, per inceptos"
          text run at (339,214) width 5: " "
          text run at (5,233) width 98: "hymenaeos."
