layer at (0,0) size 980x735
  RenderView at (0,0) size 980x735
layer at (0,0) size 980x264
  RenderBlock {HTML} at (0,0) size 980x264
    RenderBody {BODY} at (8,8) size 964x248
      RenderBlock {DIV} at (0,0) size 202x124 [border: (1px solid #000000)]
        RenderBlock (floating) {DIV} at (1,1) size 100x50 [bgcolor=#008000]
        RenderBlock (floating) {DIV} at (201,1) size 0x30
        RenderBlock (floating) {DIV} at (181,31) size 20x50 [bgcolor=#008000]
        RenderBlock {DIV} at (1,1) size 200x122
          RenderBlock {DIV} at (30,50) size 101x30 [bgcolor=#00FFFF]
          RenderText {#text} at (0,0) size 0x0
          RenderText {#text} at (0,0) size 0x0
          RenderBlock (floating) {DIV} at (0,50) size 30x30 [bgcolor=#0000FF]
          RenderText {#text} at (0,84) size 176x38
            text run at (0,84) width 176: "Some text that should"
            text run at (0,103) width 176: "not overlap the floats."
      RenderBlock {DIV} at (0,124) size 202x124 [border: (1px solid #000000)]
        RenderBlock (floating) {DIV} at (101,1) size 100x50 [bgcolor=#008000]
        RenderBlock (floating) {DIV} at (1,1) size 0x30
        RenderBlock (floating) {DIV} at (1,31) size 20x50 [bgcolor=#008000]
        RenderBlock {DIV} at (1,1) size 200x122
          RenderBlock {DIV} at (20,50) size 101x30 [bgcolor=#00FFFF]
          RenderText {#text} at (0,0) size 0x0
          RenderText {#text} at (0,0) size 0x0
          RenderBlock (floating) {DIV} at (170,50) size 30x30 [bgcolor=#0000FF]
          RenderText {#text} at (0,84) size 176x38
            text run at (0,84) width 176: "Some text that should"
            text run at (0,103) width 176: "not overlap the floats."
