layer at (0,0) size 980x735
  RenderView at (0,0) size 980x735
layer at (0,0) size 980x735
  RenderBlock {HTML} at (0,0) size 980x735
    RenderBody {BODY} at (8,8) size 964x719
      RenderBlock {DIV} at (0,0) size 964x100
        RenderText {#text} at (0,0) size 320x19
          text run at (0,0) width 320: "This test checks for regressions against "
        RenderInline {A} at (0,0) size 954x38 [color=#0000EE]
          RenderText {#text} at (320,0) size 954x38
            text run at (320,0) width 634: "Radar 4279765: REGRESSION: \"More...\" links on flickr groups pages have hover"
            text run at (0,19) width 144: "issues (flickr.com)"
        RenderText {#text} at (144,19) size 476x19
          text run at (144,19) width 476: ". Click on the word TEST below and it should turn into PASS."
      RenderBlock {DIV} at (0,100) size 964x200
        RenderBlock (floating) {DIV} at (0,0) size 294x200
          RenderImage {IMG} at (0,0) size 100x100
          RenderText {#text} at (100,85) size 5x19
            text run at (100,85) width 5: " "
          RenderBR {BR} at (0,0) size 0x0
          RenderBlock (floating) {H1} at (0,171) size 294x116
            RenderInline {A} at (0,0) size 294x117 [color=#0000EE]
              RenderText {#text} at (0,0) size 294x117
                text run at (0,0) width 294: "PASS"
          RenderText {#text} at (0,0) size 0x0
        RenderBR {BR} at (294,0) size 0x19
