layer at (0,0) size 980x2728
  RenderView at (0,0) size 980x735
layer at (0,0) size 980x2728
  RenderBlock {HTML} at (0,0) size 980x2728
    RenderBody {BODY} at (8,8) size 964x2712
      RenderBlock (anonymous) at (0,0) size 964x38
        RenderText {#text} at (0,0) size 947x38
          text run at (0,0) width 691: "Test of objects that avoid floats to see what they do with percentage and auto widths. "
          text run at (691,0) width 256: "This test is designed to illustrate"
          text run at (0,19) width 597: "that we have removed the WinIE quirk and are behaving more like Firefox."
      RenderBlock {HR} at (0,46) size 964x2 [border: (1px inset #000000)]
      RenderBlock (anonymous) at (0,56) size 964x19
        RenderText {#text} at (0,0) size 635x19
          text run at (0,0) width 635: "The inline-level button should be below the select and fill the width of the block."
      RenderBlock {P} at (0,91) size 220x95 [border: (10px solid #FF0000)]
        RenderText {#text} at (10,10) size 71x19
          text run at (10,10) width 71: "Line One"
        RenderBR {BR} at (81,25) size 0x0
        RenderMenuList {SELECT} at (10,31) size 100x25 [bgcolor=#FFFFFF]
          RenderBlock (anonymous) at (6,5) size 72x15
            RenderText at (0,0) size 26x15
              text run at (0,0) width 26: "One"
        RenderText {#text} at (0,0) size 0x0
        RenderButton {INPUT} at (10,60) size 200x23 [bgcolor=#C0C0C0] [border: (2px outset #C0C0C0)]
          RenderBlock (anonymous) at (5,5) size 192x15
            RenderText at (89,0) size 14x15
              text run at (89,0) width 14: "Hi"
        RenderText {#text} at (0,0) size 0x0
      RenderBlock (anonymous) at (0,202) size 964x19
        RenderText {#text} at (0,0) size 602x19
          text run at (0,0) width 602: "The floating button with a percentage width should be even with the select."
      RenderBlock {P} at (0,237) size 220x68 [border: (10px solid #FF0000)]
        RenderText {#text} at (10,10) size 71x19
          text run at (10,10) width 71: "Line One"
        RenderBR {BR} at (81,25) size 0x0
        RenderMenuList {SELECT} at (10,31) size 100x25 [bgcolor=#FFFFFF]
          RenderBlock (anonymous) at (6,5) size 72x15
            RenderText at (0,0) size 26x15
              text run at (0,0) width 26: "One"
        RenderText {#text} at (0,0) size 0x0
        RenderButton {INPUT} at (110,31) size 100x23 [bgcolor=#C0C0C0] [border: (2px outset #C0C0C0)]
          RenderBlock (anonymous) at (5,5) size 92x15
            RenderText at (39,0) size 14x15
              text run at (39,0) width 14: "Hi"
        RenderText {#text} at (0,0) size 0x0
        RenderBR {BR} at (210,29) size 0x19
      RenderBlock (anonymous) at (0,321) size 964x19
        RenderText {#text} at (0,0) size 581x19
          text run at (0,0) width 581: "The block-level button with an auto width should be even with the select."
      RenderBlock {P} at (0,356) size 220x85 [border: (10px solid #FF0000)]
        RenderBlock (anonymous) at (10,10) size 200x19
          RenderText {#text} at (0,0) size 71x19
            text run at (0,0) width 71: "Line One"
          RenderBR {BR} at (71,15) size 0x0
          RenderMenuList {SELECT} at (0,21) size 100x25 [bgcolor=#FFFFFF]
            RenderBlock (anonymous) at (6,5) size 72x15
              RenderText at (0,0) size 26x15
                text run at (0,0) width 26: "One"
          RenderText {#text} at (0,0) size 0x0
        RenderButton {INPUT} at (110,31) size 22x23 [bgcolor=#C0C0C0] [border: (2px outset #C0C0C0)]
          RenderBlock (anonymous) at (5,5) size 14x15
            RenderText at (0,0) size 14x15
              text run at (0,0) width 14: "Hi"
        RenderBlock (anonymous) at (10,56) size 200x19
          RenderBR {BR} at (100,0) size 0x19
      RenderBlock (anonymous) at (0,457) size 964x19
        RenderText {#text} at (0,0) size 627x19
          text run at (0,0) width 627: "The block-level button with a percentage width should be even with the select."
      RenderBlock {P} at (0,492) size 220x85 [border: (10px solid #FF0000)]
        RenderBlock (anonymous) at (10,10) size 200x19
          RenderText {#text} at (0,0) size 71x19
            text run at (0,0) width 71: "Line One"
          RenderBR {BR} at (71,15) size 0x0
          RenderMenuList {SELECT} at (0,21) size 100x25 [bgcolor=#FFFFFF]
            RenderBlock (anonymous) at (6,5) size 72x15
              RenderText at (0,0) size 26x15
                text run at (0,0) width 26: "One"
          RenderText {#text} at (0,0) size 0x0
        RenderButton {INPUT} at (110,31) size 100x23 [bgcolor=#C0C0C0] [border: (2px outset #C0C0C0)]
          RenderBlock (anonymous) at (5,5) size 92x15
            RenderText at (39,0) size 14x15
              text run at (39,0) width 14: "Hi"
        RenderBlock (anonymous) at (10,56) size 200x19
          RenderBR {BR} at (100,0) size 0x19
      RenderBlock (anonymous) at (0,593) size 964x19
        RenderText {#text} at (0,0) size 590x19
          text run at (0,0) width 590: "The floating table with a percentage width should be even with the select."
      RenderBlock {P} at (0,628) size 220x70 [border: (10px solid #FF0000)]
        RenderText {#text} at (10,10) size 71x19
          text run at (10,10) width 71: "Line One"
        RenderBR {BR} at (81,25) size 0x0
        RenderMenuList {SELECT} at (10,31) size 100x25 [bgcolor=#FFFFFF]
          RenderBlock (anonymous) at (6,5) size 72x15
            RenderText at (0,0) size 26x15
              text run at (0,0) width 26: "One"
        RenderText {#text} at (0,0) size 0x0
        RenderTable {TABLE} at (110,29) size 100x31 [border: (2px outset #808080)]
          RenderTableSection {TBODY} at (2,2) size 96x27
            RenderTableRow {TR} at (0,2) size 96x23
              RenderTableCell {TD} at (2,2) size 92x23 [border: (1px inset #808080)] [r=0 c=0 rs=1 cs=1]
                RenderText {#text} at (2,2) size 44x19
                  text run at (2,2) width 44: "Table"
        RenderText {#text} at (0,0) size 0x0
        RenderBR {BR} at (210,29) size 0x19
      RenderBlock (anonymous) at (0,714) size 964x38
        RenderText {#text} at (0,0) size 944x38
          text run at (0,0) width 944: "The floating table with an auto width should be even with the select and shrinks to use the available line width. THIS IS"
          text run at (0,19) width 163: "CURRENTLY BUGGY."
      RenderBlock {P} at (0,768) size 220x156 [border: (10px solid #FF0000)]
        RenderText {#text} at (10,10) size 71x19
          text run at (10,10) width 71: "Line One"
        RenderBR {BR} at (81,25) size 0x0
        RenderMenuList {SELECT} at (10,31) size 100x25 [bgcolor=#FFFFFF]
          RenderBlock (anonymous) at (6,5) size 72x15
            RenderText at (0,0) size 26x15
              text run at (0,0) width 26: "One"
        RenderText {#text} at (0,0) size 0x0
        RenderTable {TABLE} at (10,58) size 200x88 [border: (2px outset #808080)]
          RenderTableSection {TBODY} at (2,2) size 196x84
            RenderTableRow {TR} at (0,2) size 196x80
              RenderTableCell {TD} at (2,2) size 192x80 [border: (1px inset #808080)] [r=0 c=0 rs=1 cs=1]
                RenderText {#text} at (2,2) size 177x76
                  text run at (2,2) width 145: "Floating table that"
                  text run at (2,21) width 177: "should shrink so it can"
                  text run at (2,40) width 154: "be next to previous"
                  text run at (2,59) width 41: "float."
        RenderText {#text} at (0,0) size 0x0
        RenderBR {BR} at (110,29) size 0x19
      RenderBlock (anonymous) at (0,940) size 964x19
        RenderText {#text} at (0,0) size 922x19
          text run at (0,0) width 733: "The block-level table below has a percentage width and should still be even with the select. "
          text run at (733,0) width 189: "It spills out of the block."
      RenderBlock {P} at (0,975) size 220x175 [border: (10px solid #FF0000)]
        RenderBlock (anonymous) at (10,10) size 200x19
          RenderText {#text} at (0,0) size 71x19
            text run at (0,0) width 71: "Line One"
          RenderBR {BR} at (71,15) size 0x0
          RenderMenuList {SELECT} at (0,21) size 100x25 [bgcolor=#FFFFFF]
            RenderBlock (anonymous) at (6,5) size 72x15
              RenderText at (0,0) size 26x15
                text run at (0,0) width 26: "One"
          RenderText {#text} at (0,0) size 0x0
        RenderTable {TABLE} at (10,58) size 200x88 [border: (2px outset #808080)]
          RenderTableSection {TBODY} at (2,2) size 196x84
            RenderTableRow {TR} at (0,2) size 196x80
              RenderTableCell {TD} at (2,2) size 192x80 [border: (1px inset #808080)] [r=0 c=0 rs=1 cs=1]
                RenderText {#text} at (2,2) size 177x76
                  text run at (2,2) width 145: "Floating table that"
                  text run at (2,21) width 177: "should shrink so it can"
                  text run at (2,40) width 154: "be next to previous"
                  text run at (2,59) width 41: "float."
        RenderBlock (anonymous) at (10,146) size 200x19
          RenderBR {BR} at (0,0) size 0x19
      RenderBlock (anonymous) at (0,1166) size 964x19
        RenderText {#text} at (0,0) size 935x19
          text run at (0,0) width 687: "The block-level table below has an auto width and should still be even with the select. "
          text run at (687,0) width 248: "It shrinks to fit inside the block."
      RenderBlock {P} at (0,1201) size 220x222 [border: (10px solid #FF0000)]
        RenderBlock (anonymous) at (10,10) size 200x19
          RenderText {#text} at (0,0) size 71x19
            text run at (0,0) width 71: "Line One"
          RenderBR {BR} at (71,15) size 0x0
          RenderMenuList {SELECT} at (0,21) size 100x25 [bgcolor=#FFFFFF]
            RenderBlock (anonymous) at (6,5) size 72x15
              RenderText at (0,0) size 26x15
                text run at (0,0) width 26: "One"
          RenderText {#text} at (0,0) size 0x0
        RenderTable {TABLE} at (110,29) size 100x164 [border: (2px outset #808080)]
          RenderTableSection {TBODY} at (2,2) size 96x160
            RenderTableRow {TR} at (0,2) size 96x156
              RenderTableCell {TD} at (2,2) size 92x156 [border: (1px inset #808080)] [r=0 c=0 rs=1 cs=1]
                RenderText {#text} at (2,2) size 86x152
                  text run at (2,2) width 63: "Floating"
                  text run at (2,21) width 77: "table that"
                  text run at (2,40) width 52: "should"
                  text run at (2,59) width 86: "shrink so it"
                  text run at (2,78) width 54: "can be"
                  text run at (2,97) width 56: "next to"
                  text run at (2,116) width 68: "previous"
                  text run at (2,135) width 41: "float."
        RenderBlock (anonymous) at (10,193) size 200x19
          RenderBR {BR} at (0,0) size 0x19
      RenderBlock (anonymous) at (0,1439) size 964x19
        RenderText {#text} at (0,0) size 681x19
          text run at (0,0) width 681: "The floating overflow section with a percentage width should be even with the select."
      RenderBlock {DIV} at (0,1458) size 220x191 [border: (10px solid #FF0000)]
        RenderText {#text} at (10,10) size 71x19
          text run at (10,10) width 71: "Line One"
        RenderBR {BR} at (81,25) size 0x0
        RenderMenuList {SELECT} at (10,31) size 100x25 [bgcolor=#FFFFFF]
          RenderBlock (anonymous) at (6,5) size 72x15
            RenderText at (0,0) size 26x15
              text run at (0,0) width 26: "One"
        RenderText {#text} at (0,0) size 0x0
        RenderText {#text} at (0,0) size 0x0
        RenderBR {BR} at (210,29) size 0x19
      RenderBlock (anonymous) at (0,1649) size 964x38
        RenderText {#text} at (0,0) size 920x38
          text run at (0,0) width 920: "The floating overflow section with an auto width should be even with the select and shrinks to use the available line"
          text run at (0,19) width 278: "width. THIS IS CURRENTLY BUGGY."
      RenderBlock {DIV} at (0,1687) size 220x144 [border: (10px solid #FF0000)]
        RenderText {#text} at (10,10) size 71x19
          text run at (10,10) width 71: "Line One"
        RenderBR {BR} at (81,25) size 0x0
        RenderMenuList {SELECT} at (10,31) size 100x25 [bgcolor=#FFFFFF]
          RenderBlock (anonymous) at (6,5) size 72x15
            RenderText at (0,0) size 26x15
              text run at (0,0) width 26: "One"
        RenderText {#text} at (0,0) size 0x0
        RenderText {#text} at (0,0) size 0x0
        RenderBR {BR} at (110,29) size 0x19
      RenderBlock (anonymous) at (0,1831) size 964x19
        RenderText {#text} at (0,0) size 819x19
          text run at (0,0) width 819: "The block-level overflow section below has a percentage width and should still be even with the select."
      RenderBlock {DIV} at (0,1850) size 220x210 [border: (10px solid #FF0000)]
        RenderBlock (anonymous) at (10,10) size 200x19
          RenderText {#text} at (0,0) size 71x19
            text run at (0,0) width 71: "Line One"
          RenderBR {BR} at (71,15) size 0x0
          RenderMenuList {SELECT} at (0,21) size 100x25 [bgcolor=#FFFFFF]
            RenderBlock (anonymous) at (6,5) size 72x15
              RenderText at (0,0) size 26x15
                text run at (0,0) width 26: "One"
          RenderText {#text} at (0,0) size 0x0
        RenderBlock (anonymous) at (10,181) size 200x19
          RenderBR {BR} at (0,0) size 0x19
      RenderBlock (anonymous) at (0,2060) size 964x38
        RenderText {#text} at (0,0) size 943x38
          text run at (0,0) width 778: "The block-level overflow section below has an auto width and should still be even with the select. "
          text run at (778,0) width 165: "It shrinks to fit inside"
          text run at (0,19) width 78: "the block."
      RenderBlock {DIV} at (0,2098) size 220x210 [border: (10px solid #FF0000)]
        RenderBlock (anonymous) at (10,10) size 200x19
          RenderText {#text} at (0,0) size 71x19
            text run at (0,0) width 71: "Line One"
          RenderBR {BR} at (71,15) size 0x0
          RenderMenuList {SELECT} at (0,21) size 100x25 [bgcolor=#FFFFFF]
            RenderBlock (anonymous) at (6,5) size 72x15
              RenderText at (0,0) size 26x15
                text run at (0,0) width 26: "One"
          RenderText {#text} at (0,0) size 0x0
        RenderBlock (anonymous) at (10,181) size 200x19
          RenderBR {BR} at (0,0) size 0x19
      RenderBlock (anonymous) at (0,2308) size 964x19
        RenderText {#text} at (0,0) size 567x19
          text run at (0,0) width 567: "The floating hr with a percentage width should be even with the select."
      RenderBlock {DIV} at (0,2327) size 220x68 [border: (10px solid #FF0000)]
        RenderText {#text} at (10,10) size 71x19
          text run at (10,10) width 71: "Line One"
        RenderBR {BR} at (81,25) size 0x0
        RenderMenuList {SELECT} at (10,31) size 100x25 [bgcolor=#FFFFFF]
          RenderBlock (anonymous) at (6,5) size 72x15
            RenderText at (0,0) size 26x15
              text run at (0,0) width 26: "One"
        RenderText {#text} at (0,0) size 0x0
        RenderBlock (floating) {HR} at (112,31) size 82x2 [border: (1px inset #000000)]
        RenderText {#text} at (0,0) size 0x0
        RenderBR {BR} at (196,29) size 0x19
      RenderBlock (anonymous) at (0,2395) size 964x38
        RenderText {#text} at (0,0) size 935x38
          text run at (0,0) width 935: "The floating hr below should still be even with the select and shrinks to use its intrinsic width (which is basically like 1-"
          text run at (0,19) width 40: "2px)."
      RenderBlock {DIV} at (0,2433) size 220x68 [border: (10px solid #FF0000)]
        RenderText {#text} at (10,10) size 71x19
          text run at (10,10) width 71: "Line One"
        RenderBR {BR} at (81,25) size 0x0
        RenderMenuList {SELECT} at (10,31) size 100x25 [bgcolor=#FFFFFF]
          RenderBlock (anonymous) at (6,5) size 72x15
            RenderText at (0,0) size 26x15
              text run at (0,0) width 26: "One"
        RenderText {#text} at (0,0) size 0x0
        RenderBlock (floating) {HR} at (112,31) size 2x2 [border: (1px inset #000000)]
        RenderText {#text} at (0,0) size 0x0
        RenderBR {BR} at (116,29) size 0x19
      RenderBlock (anonymous) at (0,2501) size 964x19
        RenderText {#text} at (0,0) size 705x19
          text run at (0,0) width 705: "The block-level hr below has a percentage width and should still be even with the select."
      RenderBlock {DIV} at (0,2520) size 220x97 [border: (10px solid #FF0000)]
        RenderBlock (anonymous) at (10,10) size 200x19
          RenderText {#text} at (0,0) size 71x19
            text run at (0,0) width 71: "Line One"
          RenderBR {BR} at (71,15) size 0x0
          RenderMenuList {SELECT} at (0,21) size 100x25 [bgcolor=#FFFFFF]
            RenderBlock (anonymous) at (6,5) size 72x15
              RenderText at (0,0) size 26x15
                text run at (0,0) width 26: "One"
          RenderText {#text} at (0,0) size 0x0
        RenderBlock {HR} at (10,58) size 202x2 [border: (1px inset #000000)]
        RenderBlock (anonymous) at (10,68) size 200x19
          RenderBR {BR} at (0,0) size 0x19
      RenderBlock (anonymous) at (0,2617) size 964x19
        RenderText {#text} at (0,0) size 783x19
          text run at (0,0) width 664: "The block-level hr below has an auto width and should still be even with the select. "
          text run at (664,0) width 119: "It shrinks to fit."
      RenderBlock {DIV} at (0,2636) size 220x76 [border: (10px solid #FF0000)]
        RenderBlock (anonymous) at (10,10) size 200x19
          RenderText {#text} at (0,0) size 71x19
            text run at (0,0) width 71: "Line One"
          RenderBR {BR} at (71,15) size 0x0
          RenderMenuList {SELECT} at (0,21) size 100x25 [bgcolor=#FFFFFF]
            RenderBlock (anonymous) at (6,5) size 72x15
              RenderText at (0,0) size 26x15
                text run at (0,0) width 26: "One"
          RenderText {#text} at (0,0) size 0x0
        RenderBlock {HR} at (110,37) size 100x2 [border: (1px inset #000000)]
        RenderBlock (anonymous) at (10,47) size 200x19
          RenderBR {BR} at (100,0) size 0x19
layer at (118,1495) size 100x152
  RenderBlock (floating) {DIV} at (110,29) size 100x152
    RenderText {#text} at (0,0) size 96x152
      text run at (0,0) width 74: "This is an"
      text run at (0,19) width 69: "overflow"
      text run at (0,38) width 95: "section with"
      text run at (0,57) width 96: "enough text"
      text run at (0,76) width 81: "to have to"
      text run at (0,95) width 61: "wrap to"
      text run at (0,114) width 64: "multiple"
      text run at (0,133) width 41: "lines."
layer at (18,1753) size 200x76
  RenderBlock (floating) {DIV} at (10,58) size 200x76
    RenderText {#text} at (0,0) size 196x76
      text run at (0,0) width 148: "This is an overflow"
      text run at (0,19) width 196: "section with enough text"
      text run at (0,38) width 147: "to have to wrap to"
      text run at (0,57) width 110: "multiple lines."
layer at (118,1887) size 100x152
  RenderBlock {DIV} at (110,29) size 100x152
    RenderText {#text} at (0,0) size 96x152
      text run at (0,0) width 74: "This is an"
      text run at (0,19) width 69: "overflow"
      text run at (0,38) width 95: "section with"
      text run at (0,57) width 96: "enough text"
      text run at (0,76) width 81: "to have to"
      text run at (0,95) width 61: "wrap to"
      text run at (0,114) width 64: "multiple"
      text run at (0,133) width 41: "lines."
layer at (118,2135) size 100x152
  RenderBlock {DIV} at (110,29) size 100x152
    RenderText {#text} at (0,0) size 96x152
      text run at (0,0) width 74: "This is an"
      text run at (0,19) width 69: "overflow"
      text run at (0,38) width 95: "section with"
      text run at (0,57) width 96: "enough text"
      text run at (0,76) width 81: "to have to"
      text run at (0,95) width 61: "wrap to"
      text run at (0,114) width 64: "multiple"
      text run at (0,133) width 41: "lines."
