layer at (0,0) size 980x735
  RenderView at (0,0) size 980x735
layer at (0,0) size 980x735
  RenderBlock {HTML} at (0,0) size 980x735
    RenderBody {BODY} at (8,8) size 964x719
      RenderBlock {DIV} at (0,0) size 964x38
        RenderBlock (anonymous) at (0,0) size 964x38
          RenderText {#text} at (0,0) size 916x38
            text run at (0,0) width 916: "Test anonymous boxes removal on style change. This should not crash or hang. Render tree dump should not gain"
            text run at (0,19) width 233: "additional anonymous boxes."
        RenderBlock {DIV} at (0,38) size 964x0
        RenderBlock {DIV} at (0,38) size 964x0
