layer at (0,0) size 980x735
  RenderView at (0,0) size 980x735
layer at (0,0) size 980x735
  RenderBlock {HTML} at (0,0) size 980x735
    RenderBody {BODY} at (8,8) size 964x719
      RenderBlock {P} at (0,0) size 964x38
        RenderText {#text} at (0,0) size 174x19
          text run at (0,0) width 174: "This is a pixel test for "
        RenderInline {I} at (0,0) size 925x38
          RenderInline {A} at (0,0) size 426x19 [color=#0000EE]
            RenderText {#text} at (174,0) size 426x19
              text run at (174,0) width 426: "http://bugzilla.opendarwin.org/show_bug.cgi?id=4334"
          RenderText {#text} at (600,0) size 925x38
            text run at (600,0) width 5: " "
            text run at (605,0) width 320: "REGRESSION: Flickering when css-hover"
            text run at (0,19) width 348: "should change opacity on floating elements"
        RenderText {#text} at (348,19) size 5x19
          text run at (348,19) width 5: "."
      RenderBlock {P} at (0,54) size 964x19
        RenderText {#text} at (0,0) size 354x19
          text run at (0,0) width 354: "There should be a solid green square below."
      RenderBlock {HR} at (0,89) size 964x2 [border: (1px inset #000000)]
      RenderBlock (floating) {DIV} at (0,99) size 100x100 [bgcolor=#008000]
