layer at (0,0) size 980x735
  RenderView at (0,0) size 980x735
layer at (0,0) size 980x735
  RenderBlock {HTML} at (0,0) size 980x735
    RenderBody {BODY} at (8,8) size 964x719
      RenderBlock {DIV} at (0,0) size 964x20
        RenderBlock {DIV} at (0,0) size 964x40 [bgcolor=#808080]
      RenderBlock {DIV} at (0,20) size 964x80 [bgcolor=#C0C0C0]
        RenderBlock {DIV} at (0,0) size 964x0
      RenderBlock {DIV} at (0,100) size 964x20
        RenderBlock {DIV} at (0,0) size 964x40 [bgcolor=#808080]
      RenderBlock {DIV} at (0,120) size 964x80 [bgcolor=#C0C0C0]
        RenderBlock {DIV} at (0,0) size 964x19
          RenderText {#text} at (0,0) size 314x19
            text run at (0,0) width 314: "This line should start at the left margin."
      RenderBlock {DIV} at (0,200) size 964x20
        RenderBlock {DIV} at (0,0) size 964x40 [bgcolor=#808080]
          RenderBlock (floating) {DIV} at (0,0) size 100x30 [bgcolor=#0000FF]
      RenderBlock {DIV} at (0,220) size 964x80 [bgcolor=#C0C0C0]
        RenderText {#text} at (100,0) size 327x19
          text run at (100,0) width 327: "This line should not overlap the blue box."
