layer at (0,0) size 980x735
  RenderView at (0,0) size 980x735
layer at (0,0) size 980x735
  RenderBlock {HTML} at (0,0) size 980x735
    RenderBody {BODY} at (8,8) size 964x719
      RenderBlock (anonymous) at (0,0) size 964x19
        RenderText {#text} at (0,0) size 297x19
          text run at (0,0) width 297: "There should be no red visible below."
      RenderBlock {DIV} at (0,19) size 520x0
        RenderBlock (floating) {DIV} at (0,0) size 520x356 [bgcolor=#FF0000]
layer at (8,27) size 520x356
  RenderBlock (floating) {DIV} at (0,0) size 520x356 [bgcolor=#008000]
