layer at (0,0) size 980x2054
  RenderView at (0,0) size 980x735
layer at (0,0) size 980x2054
  RenderBlock {HTML} at (0,0) size 980x2054
    RenderBody {BODY} at (8,19) size 964x2019
      RenderBlock {H2} at (0,0) size 964x28
        RenderText {#text} at (0,0) size 198x28
          text run at (0,0) width 198: "Test 1 (1 float)"
      RenderBlock {HR} at (48,295) size 868x2 [border: (1px inset #000000)]
      RenderBlock {H2} at (0,345) size 964x28
        RenderText {#text} at (0,0) size 198x28
          text run at (0,0) width 198: "Test 2 (1 float)"
      RenderBlock {HR} at (48,640) size 868x2 [border: (1px inset #000000)]
      RenderBlock {H2} at (0,690) size 964x28
        RenderText {#text} at (0,0) size 198x28
          text run at (0,0) width 198: "Test 3 (1 float)"
      RenderBlock {HR} at (48,985) size 868x2 [border: (1px inset #000000)]
      RenderBlock {H2} at (0,1035) size 964x28
        RenderText {#text} at (0,0) size 212x28
          text run at (0,0) width 212: "Test 4 (2 floats)"
      RenderBlock {HR} at (48,1330) size 868x2 [border: (1px inset #000000)]
      RenderBlock {H2} at (0,1380) size 964x28
        RenderText {#text} at (0,0) size 212x28
          text run at (0,0) width 212: "Test 5 (2 floats)"
      RenderBlock {HR} at (48,1675) size 868x2 [border: (1px inset #000000)]
      RenderBlock {H2} at (0,1725) size 964x28
        RenderText {#text} at (0,0) size 212x28
          text run at (0,0) width 212: "Test 6 (2 floats)"
layer at (8,66) size 964x200
  RenderBlock {DIV} at (0,47) size 964x200 [bgcolor=#C0C0C0]
    RenderBlock (floating) {DIV} at (0,0) size 200x200 [bgcolor=#FFFF00] [border: (4px solid #008000)]
      RenderText {#text} at (36,36) size 122x95
        text run at (36,36) width 87: "This yellow"
        text run at (36,55) width 72: "square is"
        text run at (36,74) width 122: "floated left and"
        text run at (36,93) width 68: "it has no"
        text run at (36,112) width 62: "margin."
layer at (208,66) size 664x171
  RenderBlock {DIV} at (200,0) size 664x171 [bgcolor=#FFA500]
    RenderText {#text} at (0,0) size 180x19
      text run at (0,0) width 180: "This orange rectangle:"
    RenderBR {BR} at (180,0) size 0x19
    RenderText {#text} at (0,19) size 121x19
      text run at (0,19) width 121: "\x{2013} establishes a "
    RenderInline {STRONG} at (0,0) size 259x19
      RenderText {#text} at (121,19) size 259x19
        text run at (121,19) width 259: "new block formating context"
    RenderText {#text} at (380,19) size 241x19
      text run at (380,19) width 241: " thanks to the CSS declaration"
    RenderInline {CODE} at (0,0) size 109x15
      RenderText {#text} at (0,41) size 109x15
        text run at (0,41) width 109: "overflow: hidden"
    RenderText {#text} at (109,38) size 5x19
      text run at (109,38) width 5: ";"
    RenderBR {BR} at (114,38) size 0x19
    RenderText {#text} at (0,57) size 416x19
      text run at (0,57) width 416: "\x{2013} has a 100px left margin and a 100px right margin;"
    RenderBR {BR} at (416,57) size 0x19
    RenderBR {BR} at (0,76) size 0x19
    RenderText {#text} at (0,95) size 180x19
      text run at (0,95) width 180: "This orange rectangle:"
    RenderBR {BR} at (180,95) size 0x19
    RenderText {#text} at (0,114) size 121x19
      text run at (0,114) width 121: "\x{2013} establishes a "
    RenderInline {STRONG} at (0,0) size 259x19
      RenderText {#text} at (121,114) size 259x19
        text run at (121,114) width 259: "new block formating context"
    RenderText {#text} at (380,114) size 241x19
      text run at (380,114) width 241: " thanks to the CSS declaration"
    RenderInline {CODE} at (0,0) size 109x15
      RenderText {#text} at (0,136) size 109x15
        text run at (0,136) width 109: "overflow: hidden"
    RenderText {#text} at (109,133) size 5x19
      text run at (109,133) width 5: ";"
    RenderBR {BR} at (114,133) size 0x19
    RenderText {#text} at (0,152) size 416x19
      text run at (0,152) width 416: "\x{2013} has a 100px left margin and a 100px right margin;"
layer at (8,411) size 964x200
  RenderBlock {DIV} at (0,392) size 964x200 [bgcolor=#C0C0C0]
    RenderBlock (floating) {DIV} at (0,0) size 200x200 [bgcolor=#FFFF00] [border: (4px solid #008000)]
      RenderText {#text} at (36,36) size 122x95
        text run at (36,36) width 87: "This yellow"
        text run at (36,55) width 72: "square is"
        text run at (36,74) width 122: "floated left and"
        text run at (36,93) width 68: "it has no"
        text run at (36,112) width 62: "margin."
layer at (208,411) size 764x133
  RenderBlock {DIV} at (200,0) size 764x133 [bgcolor=#FFA500]
    RenderText {#text} at (0,0) size 180x19
      text run at (0,0) width 180: "This orange rectangle:"
    RenderBR {BR} at (180,0) size 0x19
    RenderText {#text} at (0,19) size 121x19
      text run at (0,19) width 121: "\x{2013} establishes a "
    RenderInline {STRONG} at (0,0) size 259x19
      RenderText {#text} at (121,19) size 259x19
        text run at (121,19) width 259: "new block formating context"
    RenderText {#text} at (380,19) size 246x19
      text run at (380,19) width 246: " thanks to the CSS declaration "
    RenderInline {CODE} at (0,0) size 109x15
      RenderText {#text} at (626,22) size 109x15
        text run at (626,22) width 109: "overflow: hidden"
    RenderText {#text} at (735,19) size 5x19
      text run at (735,19) width 5: ";"
    RenderBR {BR} at (740,19) size 0x19
    RenderText {#text} at (0,38) size 208x19
      text run at (0,38) width 208: "\x{2013} has a 200px left margin;"
    RenderBR {BR} at (208,38) size 0x19
    RenderBR {BR} at (0,57) size 0x19
    RenderText {#text} at (0,76) size 180x19
      text run at (0,76) width 180: "This orange rectangle:"
    RenderBR {BR} at (180,76) size 0x19
    RenderText {#text} at (0,95) size 121x19
      text run at (0,95) width 121: "\x{2013} establishes a "
    RenderInline {STRONG} at (0,0) size 259x19
      RenderText {#text} at (121,95) size 259x19
        text run at (121,95) width 259: "new block formating context"
    RenderText {#text} at (380,95) size 246x19
      text run at (380,95) width 246: " thanks to the CSS declaration "
    RenderInline {CODE} at (0,0) size 109x15
      RenderText {#text} at (626,98) size 109x15
        text run at (626,98) width 109: "overflow: hidden"
    RenderText {#text} at (735,95) size 5x19
      text run at (735,95) width 5: ";"
    RenderBR {BR} at (740,95) size 0x19
    RenderText {#text} at (0,114) size 208x19
      text run at (0,114) width 208: "\x{2013} has a 200px left margin;"
layer at (8,756) size 964x200
  RenderBlock {DIV} at (0,737) size 964x200 [bgcolor=#C0C0C0]
    RenderBlock (floating) {DIV} at (0,0) size 200x200 [bgcolor=#FFFF00] [border: (4px solid #008000)]
      RenderText {#text} at (36,36) size 122x114
        text run at (36,36) width 87: "This yellow"
        text run at (36,55) width 87: "square is a"
        text run at (36,74) width 122: "floated left and"
        text run at (36,93) width 100: "it has a right"
        text run at (36,112) width 78: "margin of"
        text run at (36,131) width 54: "100px."
layer at (308,756) size 564x171
  RenderBlock {DIV} at (300,0) size 564x171 [bgcolor=#FFA500]
    RenderText {#text} at (0,0) size 180x19
      text run at (0,0) width 180: "This orange rectangle:"
    RenderBR {BR} at (180,0) size 0x19
    RenderText {#text} at (0,19) size 121x19
      text run at (0,19) width 121: "\x{2013} establishes a "
    RenderInline {STRONG} at (0,0) size 259x19
      RenderText {#text} at (121,19) size 259x19
        text run at (121,19) width 259: "new block formating context"
    RenderText {#text} at (380,19) size 526x38
      text run at (380,19) width 146: " thanks to the CSS"
      text run at (0,38) width 95: "declaration "
    RenderInline {CODE} at (0,0) size 109x15
      RenderText {#text} at (95,41) size 109x15
        text run at (95,41) width 109: "overflow: hidden"
    RenderText {#text} at (204,38) size 5x19
      text run at (204,38) width 5: ";"
    RenderBR {BR} at (209,38) size 0x19
    RenderText {#text} at (0,57) size 396x19
      text run at (0,57) width 396: "\x{2013} has a 0px left margin and a 100px right margin;"
    RenderBR {BR} at (396,57) size 0x19
    RenderBR {BR} at (0,76) size 0x19
    RenderText {#text} at (0,95) size 180x19
      text run at (0,95) width 180: "This orange rectangle:"
    RenderBR {BR} at (180,95) size 0x19
    RenderText {#text} at (0,114) size 121x19
      text run at (0,114) width 121: "\x{2013} establishes a "
    RenderInline {STRONG} at (0,0) size 259x19
      RenderText {#text} at (121,114) size 259x19
        text run at (121,114) width 259: "new block formating context"
    RenderText {#text} at (380,114) size 526x38
      text run at (380,114) width 146: " thanks to the CSS"
      text run at (0,133) width 95: "declaration "
    RenderInline {CODE} at (0,0) size 109x15
      RenderText {#text} at (95,136) size 109x15
        text run at (95,136) width 109: "overflow: hidden"
    RenderText {#text} at (204,133) size 5x19
      text run at (204,133) width 5: ";"
    RenderBR {BR} at (209,133) size 0x19
    RenderText {#text} at (0,152) size 396x19
      text run at (0,152) width 396: "\x{2013} has a 0px left margin and a 100px right margin;"
layer at (8,1101) size 964x200
  RenderBlock {DIV} at (0,1082) size 964x200 [bgcolor=#C0C0C0]
    RenderBlock (floating) {DIV} at (0,0) size 200x200 [bgcolor=#FFFF00] [border: (4px solid #008000)]
      RenderText {#text} at (36,36) size 122x95
        text run at (36,36) width 87: "This yellow"
        text run at (36,55) width 72: "square is"
        text run at (36,74) width 122: "floated left and"
        text run at (36,93) width 68: "it has no"
        text run at (36,112) width 62: "margin."
    RenderBlock (floating) {DIV} at (764,0) size 200x200 [bgcolor=#FFFF00] [border: (4px solid #008000)]
      RenderText {#text} at (36,36) size 103x95
        text run at (36,36) width 87: "This yellow"
        text run at (36,55) width 87: "square is a"
        text run at (36,74) width 98: "floated right"
        text run at (36,93) width 103: "and it has no"
        text run at (36,112) width 62: "margin."
layer at (208,1101) size 564x171
  RenderBlock {DIV} at (200,0) size 564x171 [bgcolor=#FFA500]
    RenderText {#text} at (0,0) size 180x19
      text run at (0,0) width 180: "This orange rectangle:"
    RenderBR {BR} at (180,0) size 0x19
    RenderText {#text} at (0,19) size 121x19
      text run at (0,19) width 121: "\x{2013} establishes a "
    RenderInline {STRONG} at (0,0) size 259x19
      RenderText {#text} at (121,19) size 259x19
        text run at (121,19) width 259: "new block formating context"
    RenderText {#text} at (380,19) size 526x38
      text run at (380,19) width 146: " thanks to the CSS"
      text run at (0,38) width 95: "declaration "
    RenderInline {CODE} at (0,0) size 109x15
      RenderText {#text} at (95,41) size 109x15
        text run at (95,41) width 109: "overflow: hidden"
    RenderText {#text} at (204,38) size 5x19
      text run at (204,38) width 5: ";"
    RenderBR {BR} at (209,38) size 0x19
    RenderText {#text} at (0,57) size 416x19
      text run at (0,57) width 416: "\x{2013} has a 100px left margin and a 100px right margin;"
    RenderBR {BR} at (416,57) size 0x19
    RenderBR {BR} at (0,76) size 0x19
    RenderText {#text} at (0,95) size 180x19
      text run at (0,95) width 180: "This orange rectangle:"
    RenderBR {BR} at (180,95) size 0x19
    RenderText {#text} at (0,114) size 121x19
      text run at (0,114) width 121: "\x{2013} establishes a "
    RenderInline {STRONG} at (0,0) size 259x19
      RenderText {#text} at (121,114) size 259x19
        text run at (121,114) width 259: "new block formating context"
    RenderText {#text} at (380,114) size 526x38
      text run at (380,114) width 146: " thanks to the CSS"
      text run at (0,133) width 95: "declaration "
    RenderInline {CODE} at (0,0) size 109x15
      RenderText {#text} at (95,136) size 109x15
        text run at (95,136) width 109: "overflow: hidden"
    RenderText {#text} at (204,133) size 5x19
      text run at (204,133) width 5: ";"
    RenderBR {BR} at (209,133) size 0x19
    RenderText {#text} at (0,152) size 416x19
      text run at (0,152) width 416: "\x{2013} has a 100px left margin and a 100px right margin;"
layer at (8,1446) size 964x200
  RenderBlock {DIV} at (0,1427) size 964x200 [bgcolor=#C0C0C0]
    RenderBlock (floating) {DIV} at (0,0) size 200x200 [bgcolor=#FFFF00] [border: (4px solid #008000)]
      RenderText {#text} at (36,36) size 122x95
        text run at (36,36) width 87: "This yellow"
        text run at (36,55) width 72: "square is"
        text run at (36,74) width 122: "floated left and"
        text run at (36,93) width 68: "it has no"
        text run at (36,112) width 62: "margin."
    RenderBlock (floating) {DIV} at (764,0) size 200x200 [bgcolor=#FFFF00] [border: (4px solid #008000)]
      RenderText {#text} at (36,36) size 103x95
        text run at (36,36) width 87: "This yellow"
        text run at (36,55) width 87: "square is a"
        text run at (36,74) width 98: "floated right"
        text run at (36,93) width 103: "and it has no"
        text run at (36,112) width 62: "margin."
layer at (208,1446) size 564x171
  RenderBlock {DIV} at (200,0) size 564x171 [bgcolor=#FFA500]
    RenderText {#text} at (0,0) size 180x19
      text run at (0,0) width 180: "This orange rectangle:"
    RenderBR {BR} at (180,0) size 0x19
    RenderText {#text} at (0,19) size 121x19
      text run at (0,19) width 121: "\x{2013} establishes a "
    RenderInline {STRONG} at (0,0) size 259x19
      RenderText {#text} at (121,19) size 259x19
        text run at (121,19) width 259: "new block formating context"
    RenderText {#text} at (380,19) size 526x38
      text run at (380,19) width 146: " thanks to the CSS"
      text run at (0,38) width 95: "declaration "
    RenderInline {CODE} at (0,0) size 109x15
      RenderText {#text} at (95,41) size 109x15
        text run at (95,41) width 109: "overflow: hidden"
    RenderText {#text} at (204,38) size 5x19
      text run at (204,38) width 5: ";"
    RenderBR {BR} at (209,38) size 0x19
    RenderText {#text} at (0,57) size 219x19
      text run at (0,57) width 219: "\x{2013} has a 200px right margin;"
    RenderBR {BR} at (219,57) size 0x19
    RenderBR {BR} at (0,76) size 0x19
    RenderText {#text} at (0,95) size 180x19
      text run at (0,95) width 180: "This orange rectangle:"
    RenderBR {BR} at (180,95) size 0x19
    RenderText {#text} at (0,114) size 121x19
      text run at (0,114) width 121: "\x{2013} establishes a "
    RenderInline {STRONG} at (0,0) size 259x19
      RenderText {#text} at (121,114) size 259x19
        text run at (121,114) width 259: "new block formating context"
    RenderText {#text} at (380,114) size 526x38
      text run at (380,114) width 146: " thanks to the CSS"
      text run at (0,133) width 95: "declaration "
    RenderInline {CODE} at (0,0) size 109x15
      RenderText {#text} at (95,136) size 109x15
        text run at (95,136) width 109: "overflow: hidden"
    RenderText {#text} at (204,133) size 5x19
      text run at (204,133) width 5: ";"
    RenderBR {BR} at (209,133) size 0x19
    RenderText {#text} at (0,152) size 219x19
      text run at (0,152) width 219: "\x{2013} has a 200px right margin;"
layer at (8,1791) size 964x247
  RenderBlock {DIV} at (0,1772) size 964x247 [bgcolor=#C0C0C0]
    RenderBlock (floating) {DIV} at (0,0) size 200x200 [bgcolor=#FFFF00] [border: (4px solid #008000)]
      RenderText {#text} at (36,36) size 122x114
        text run at (36,36) width 87: "This yellow"
        text run at (36,55) width 72: "square is"
        text run at (36,74) width 122: "floated left and"
        text run at (36,93) width 100: "it has a right"
        text run at (36,112) width 78: "margin of"
        text run at (36,131) width 54: "100px."
    RenderBlock (floating) {DIV} at (764,0) size 200x200 [bgcolor=#FFFF00] [border: (4px solid #008000)]
      RenderText {#text} at (36,36) size 124x114
        text run at (36,36) width 87: "This yellow"
        text run at (36,55) width 72: "square is"
        text run at (36,74) width 98: "floated right"
        text run at (36,93) width 124: "and it has a left"
        text run at (36,112) width 78: "margin of"
        text run at (36,131) width 54: "100px."
layer at (308,1791) size 364x247
  RenderBlock {DIV} at (300,0) size 364x247 [bgcolor=#FFA500]
    RenderText {#text} at (0,0) size 180x19
      text run at (0,0) width 180: "This orange rectangle:"
    RenderBR {BR} at (180,0) size 0x19
    RenderText {#text} at (0,19) size 121x19
      text run at (0,19) width 121: "\x{2013} establishes a "
    RenderInline {STRONG} at (0,0) size 306x38
      RenderText {#text} at (121,19) size 306x38
        text run at (121,19) width 185: "new block formating"
        text run at (0,38) width 68: "context"
    RenderText {#text} at (68,38) size 241x19
      text run at (68,38) width 241: " thanks to the CSS declaration"
    RenderInline {CODE} at (0,0) size 109x15
      RenderText {#text} at (0,60) size 109x15
        text run at (0,60) width 109: "overflow: hidden"
    RenderText {#text} at (109,57) size 5x19
      text run at (109,57) width 5: ";"
    RenderBR {BR} at (114,57) size 0x19
    RenderText {#text} at (0,76) size 309x38
      text run at (0,76) width 309: "\x{2013} has a 0px left margin and a 0px right"
      text run at (0,95) width 62: "margin;"
    RenderBR {BR} at (62,95) size 0x19
    RenderBR {BR} at (0,114) size 0x19
    RenderText {#text} at (0,133) size 180x19
      text run at (0,133) width 180: "This orange rectangle:"
    RenderBR {BR} at (180,133) size 0x19
    RenderText {#text} at (0,152) size 121x19
      text run at (0,152) width 121: "\x{2013} establishes a "
    RenderInline {STRONG} at (0,0) size 306x38
      RenderText {#text} at (121,152) size 306x38
        text run at (121,152) width 185: "new block formating"
        text run at (0,171) width 68: "context"
    RenderText {#text} at (68,171) size 241x19
      text run at (68,171) width 241: " thanks to the CSS declaration"
    RenderInline {CODE} at (0,0) size 109x15
      RenderText {#text} at (0,193) size 109x15
        text run at (0,193) width 109: "overflow: hidden"
    RenderText {#text} at (109,190) size 5x19
      text run at (109,190) width 5: ";"
    RenderBR {BR} at (114,190) size 0x19
    RenderText {#text} at (0,209) size 309x38
      text run at (0,209) width 309: "\x{2013} has a 0px left margin and a 0px right"
      text run at (0,228) width 62: "margin;"
