layer at (0,0) size 980x735
  RenderView at (0,0) size 980x735
layer at (0,0) size 980x735
  RenderBlock {HTML} at (0,0) size 980x735
    RenderBody {BODY} at (8,8) size 964x719
      RenderBlock {P} at (0,0) size 964x38
        RenderText {#text} at (0,0) size 221x19
          text run at (0,0) width 221: "This is a regression test for "
        RenderInline {I} at (0,0) size 928x38
          RenderInline {A} at (0,0) size 426x19 [color=#0000EE]
            RenderText {#text} at (221,0) size 426x19
              text run at (221,0) width 426: "http://bugzilla.opendarwin.org/show_bug.cgi?id=7395"
          RenderText {#text} at (647,0) size 928x38
            text run at (647,0) width 5: " "
            text run at (652,0) width 276: "Table not properly re-flowed when"
            text run at (0,19) width 259: "floated div removed from layout"
        RenderText {#text} at (259,19) size 5x19
          text run at (259,19) width 5: "."
      RenderBlock {P} at (0,54) size 964x19
        RenderText {#text} at (0,0) size 327x19
          text run at (0,0) width 327: "The two boxes below should be identical."
      RenderBlock {HR} at (0,89) size 964x2 [border: (1px inset #000000)]
      RenderBlock {DIV} at (0,99) size 200x82 [bgcolor=#C0C0C0]
        RenderTable {TABLE} at (0,0) size 200x82
          RenderTableSection {TBODY} at (0,0) size 200x82
            RenderTableRow {TR} at (0,2) size 200x78
              RenderTableCell {TD} at (2,2) size 196x78 [r=0 c=0 rs=1 cs=1]
                RenderText {#text} at (1,1) size 174x76
                  text run at (1,1) width 174: "Lorem ipsum dolor sit"
                  text run at (1,20) width 157: "amet, consectetuer"
                  text run at (1,39) width 159: "adipiscing elit. Nunc"
                  text run at (1,58) width 55: "neque."
      RenderBlock (anonymous) at (0,181) size 964x19
        RenderBR {BR} at (0,0) size 0x19
      RenderBlock {DIV} at (0,200) size 200x82 [bgcolor=#C0C0C0]
        RenderTable {TABLE} at (0,0) size 200x82
          RenderTableSection {TBODY} at (0,0) size 200x82
            RenderTableRow {TR} at (0,2) size 200x78
              RenderTableCell {TD} at (2,2) size 196x78 [r=0 c=0 rs=1 cs=1]
                RenderText {#text} at (1,1) size 174x76
                  text run at (1,1) width 174: "Lorem ipsum dolor sit"
                  text run at (1,20) width 157: "amet, consectetuer"
                  text run at (1,39) width 159: "adipiscing elit. Nunc"
                  text run at (1,58) width 55: "neque."
