layer at (0,0) size 980x735
  RenderView at (0,0) size 980x735
layer at (0,0) size 980x735
  RenderBlock {HTML} at (0,0) size 980x735
    RenderBody {BODY} at (8,8) size 964x719
      RenderBlock (floating) {P} at (284,16) size 680x19
        RenderText {#text} at (0,0) size 680x19
          text run at (0,0) width 680: "The 'hr' below should span the width of the page, not just to the left edge of this text."
      RenderBlock {HR} at (0,51) size 964x2 [border: (1px inset #000000)]
      RenderBlock (floating) {P} at (269,77) size 695x19
        RenderText {#text} at (0,0) size 695x19
          text run at (0,0) width 695: "The table below should span the width of the page, not just to the left edge of this text."
      RenderTable {TABLE} at (0,112) size 964x66 [border: (10px outset #808080)]
        RenderTableSection {TBODY} at (10,10) size 944x46
          RenderTableRow {TR} at (0,2) size 944x42
            RenderTableCell {TD} at (2,2) size 940x42 [border: (1px inset #808080)] [r=0 c=0 rs=1 cs=1]
              RenderText {#text} at (2,2) size 921x38
                text run at (2,2) width 464: "This is a table that should fill the entire width of the page. "
                text run at (466,2) width 457: "It should clear the float and then take up the width of the"
                text run at (2,21) width 262: "page. If it doesn't then it's a bug."
      RenderBlock (floating) {P} at (424,194) size 540x19
        RenderText {#text} at (0,0) size 540x19
          text run at (0,0) width 540: "The overflow auto section below should span the width of the page."
layer at (8,237) size 964x38
  RenderBlock {DIV} at (0,229) size 964x38
    RenderText {#text} at (0,0) size 954x38
      text run at (0,0) width 447: "This is a div that should fill the entire width of the page. "
      text run at (447,0) width 507: "It should clear the float and then take up the width of the page."
      text run at (0,19) width 212: "If it doesn't then it's a bug."
