layer at (0,0) size 800x600
  RenderView at (0,0) size 800x600
layer at (0,0) size 800x600
  RenderBlock {HTML} at (0,0) size 800x600
    RenderBody {BODY} at (8,8) size 784x584
      RenderBlock (floating) {P} at (0,12) size 554x18 [border: (2px solid #008000)]
        RenderText {#text} at (2,2) size 550x14
          text run at (2,2) width 550: "There should be 30px of word spacing between each word."
      RenderBlock {DIV} at (0,0) size 784x100
      RenderTable {TABLE} at (0,100) size 100x74
        RenderTableSection {TBODY} at (0,0) size 100x74
          RenderTableRow {TR} at (0,0) size 100x74
            RenderTableCell {TD} at (0,0) size 100x74 [r=0 c=0 rs=1 cs=1]
              RenderBlock {P} at (0,0) size 100x74 [border: (2px solid #008000)]
                RenderText {#text} at (2,2) size 81x70
                  text run at (2,2) width 77: "There should"
                  text run at (2,16) width 81: "be 15px of"
                  text run at (2,30) width 79: "word spacing"
                  text run at (2,44) width 78: "between each"
                  text run at (2,58) width 28: "word."
