layer at (0,0) size 800x600
  RenderView at (0,0) size 800x600
layer at (0,0) size 800x112
  RenderBlock {HTML} at (0,0) size 800x112
    RenderBody {BODY} at (8,8) size 784x96
      RenderBlock {DIV} at (0,0) size 784x28
        RenderText {#text} at (0,0) size 74x14
          text run at (0,0) width 74: "Select this text. "
        RenderInline {FONT} at (0,0) size 781x24
          RenderText {#text} at (74,3) size 781x24
            text run at (74,3) width 77: "I am teeny and tiny. "
            text run at (151,3) width 279: "I am going to have lots of text but each line should retain the big height. "
            text run at (430,3) width 351: "If the lines shrink, it means that the root line box's height is not being considered and that's"
            text run at (0,17) width 27: "wrong."
        RenderText {#text} at (0,0) size 0x0
      RenderBlock {P} at (0,40) size 784x0
      RenderBlock {DIV} at (0,40) size 784x56
        RenderInline {FONT} at (0,0) size 761x54
          RenderText {#text} at (0,1) size 327x26
            text run at (0,1) width 327: "This text is absolutely enormous. "
          RenderInline {FONT} at (0,0) size 761x38
            RenderText {#text} at (327,14) size 761x38
              text run at (327,14) width 77: "I am teeny and tiny. "
              text run at (404,14) width 279: "I am going to have lots of text but each line should retain the big height. "
              text run at (683,14) width 78: "If the lines shrink, it"
              text run at (0,42) width 308: "means that the span's line box's height is not being considered and that's wrong."
          RenderText {#text} at (0,0) size 0x0
