layer at (0,0) size 800x600
  RenderView at (0,0) size 800x600
layer at (0,0) size 800x600
  RenderBlock {HTML} at (0,0) size 800x600
    RenderBody {BODY} at (8,8) size 784x580
      RenderBlock {P} at (0,0) size 784x103
        RenderText {#text} at (0,89) size 72x14
          text run at (0,89) width 72: "Layout test for "
        RenderInline {A} at (0,0) size 30x14 [color=#0000EE]
          RenderText {#text} at (72,89) size 30x14
            text run at (72,89) width 30: "11760"
        RenderText {#text} at (102,89) size 151x14
          text run at (102,89) width 6: ". "
          text run at (108,89) width 145: "If it doesn't crash, we're good. "
        RenderImage {IMG} at (253,0) size 100x100
        RenderText {#text} at (0,0) size 0x0
