layer at (0,0) size 800x600
  RenderView at (0,0) size 800x600
layer at (0,0) size 800x296
  RenderBlock {HTML} at (0,0) size 800x296
    RenderBody {BODY} at (8,12) size 784x276
      RenderBlock {P} at (0,0) size 784x12
        RenderText {#text} at (0,0) size 267x11
          text run at (0,0) width 267: "Left and right sides should look the same."
      RenderBlock (anonymous) at (0,24) size 784x252
        RenderBlock {DIV} at (50,50) size 202x152 [border: (1px solid #000000)]
        RenderText {#text} at (302,143) size 6x11
          text run at (302,143) width 6: " "
        RenderText {#text} at (0,0) size 0x0
layer at (59,124) size 200x74
  RenderBlock {P} at (1,38) size 200x74 [color=#0000FF]
    RenderText {#text} at (4,1) size 192x72
      text run at (4,1) width 192: "Shadowed"
      text run at (62,38) width 76: "text"
layer at (366,86) size 202x152
  RenderBlock {DIV} at (358,50) size 202x152 [border: (1px solid #000000)]
layer at (367,124) size 200x74
  RenderBlock {P} at (1,38) size 200x74 [color=#0000FF]
    RenderText {#text} at (4,1) size 192x72
      text run at (4,1) width 192: "Shadowed"
      text run at (62,38) width 76: "text"
