layer at (0,0) size 980x735
  RenderView at (0,0) size 980x735
layer at (10,10) size 960x302
  RenderBlock {fake} at (10,10) size 960x302 [bgcolor=#FFFF00]
layer at (10,10) size 282x302 clip at (11,11) size 265x300 scrollHeight 1261
  RenderBlock {channel} at (0,0) size 282x302 [bgcolor=#EEEEEE] [border: (1px solid #000000)]
    RenderBlock {title} at (11,11) size 255x19
      RenderText {#text} at (0,0) size 156x19
        text run at (0,0) width 156: "scottandrew.com"
    RenderBlock {description} at (11,40) size 255x12
      RenderText {#text} at (0,0) size 191x11
        text run at (0,0) width 191: "DHTML, DOM and JavaScript News"
    RenderBlock {item} at (1,62) size 265x92 [bgcolor=#FFFFFF] [border: (1px solid #CCCCCC) none (1px solid #CCCCCC) none]
      RenderInline {title} at (0,0) size 236x14
        RenderText {#text} at (10,11) size 236x14
          text run at (10,11) width 236: "DHTML Animation Array Generator"
      RenderText {#text} at (0,0) size 0x0
      RenderInline {description} at (0,0) size 235x56
        RenderText {#text} at (10,25) size 235x56
          text run at (10,25) width 235: "Robert points us to the first third-party"
          text run at (10,39) width 212: "tool for the DomAPI: The Animation"
          text run at (10,53) width 195: "Array Generator, a visual tool for"
          text run at (10,67) width 62: "creating..."
      RenderText {#text} at (0,0) size 0x0
      RenderText {#text} at (0,0) size 0x0
    RenderBlock {item} at (1,164) size 265x92 [bgcolor=#FFFFFF] [border: (1px solid #CCCCCC) none (1px solid #CCCCCC) none]
      RenderInline {title} at (0,0) size 183x14
        RenderText {#text} at (10,11) size 183x14
          text run at (10,11) width 183: "DOM and Extended Entries"
      RenderText {#text} at (0,0) size 0x0
      RenderInline {description} at (0,0) size 229x56
        RenderText {#text} at (10,25) size 229x56
          text run at (10,25) width 207: "Aarondot: A Better Way To Display"
          text run at (10,39) width 229: "Extended Entries. Very cool, and uses"
          text run at (10,53) width 224: "the DOM and JavaScript to reveal the"
          text run at (10,67) width 69: "extended..."
      RenderText {#text} at (0,0) size 0x0
      RenderText {#text} at (0,0) size 0x0
    RenderBlock {item} at (1,266) size 265x78 [bgcolor=#FFFFFF] [border: (1px solid #CCCCCC) none (1px solid #CCCCCC) none]
      RenderInline {title} at (0,0) size 169x14
        RenderText {#text} at (10,11) size 169x14
          text run at (10,11) width 169: "cellspacing and the DOM"
      RenderText {#text} at (179,11) size 4x14
        text run at (179,11) width 4: " "
      RenderInline {description} at (0,0) size 244x56
        RenderText {#text} at (183,11) size 244x56
          text run at (183,11) width 71: "By the way,"
          text run at (10,25) width 215: "if you're using the DOM to generate"
          text run at (10,39) width 201: "TABLE elements, you have to use"
          text run at (10,53) width 156: "setAttribute() to set the..."
      RenderText {#text} at (0,0) size 0x0
      RenderText {#text} at (0,0) size 0x0
    RenderBlock {item} at (1,354) size 265x92 [bgcolor=#FFFFFF] [border: (1px solid #CCCCCC) none (1px solid #CCCCCC) none]
      RenderInline {title} at (0,0) size 183x14
        RenderText {#text} at (10,11) size 183x14
          text run at (10,11) width 183: "contenteditable for Mozilla"
      RenderText {#text} at (193,11) size 4x14
        text run at (193,11) width 4: " "
      RenderInline {description} at (0,0) size 240x70
        RenderText {#text} at (197,11) size 240x70
          text run at (197,11) width 53: "The folks"
          text run at (10,25) width 213: "art Q42, creator of Quek (cute little"
          text run at (10,39) width 239: "avatar/chat) and Xopus (browser-based"
          text run at (10,53) width 219: "WYSIWYG XML-editor) have released"
          text run at (10,67) width 131: "code that simulates..."
      RenderText {#text} at (0,0) size 0x0
      RenderText {#text} at (0,0) size 0x0
    RenderBlock {item} at (1,456) size 265x78 [bgcolor=#FFFFFF] [border: (1px solid #CCCCCC) none (1px solid #CCCCCC) none]
      RenderInline {title} at (0,0) size 179x28
        RenderText {#text} at (10,11) size 179x28
          text run at (10,11) width 179: "DHTML Timeline/Keyframe"
          text run at (10,25) width 70: "Animation"
      RenderText {#text} at (80,25) size 4x14
        text run at (80,25) width 4: " "
      RenderInline {description} at (0,0) size 240x42
        RenderText {#text} at (84,25) size 240x42
          text run at (84,25) width 166: "Tim Morgan is working on a"
          text run at (10,39) width 229: "Flash-like timeline/keyframe extension"
          text run at (10,53) width 143: "for his DHTML toolset...."
      RenderText {#text} at (0,0) size 0x0
      RenderText {#text} at (0,0) size 0x0
    RenderBlock {item} at (1,544) size 265x92 [bgcolor=#FFFFFF] [border: (1px solid #CCCCCC) none (1px solid #CCCCCC) none]
      RenderInline {title} at (0,0) size 155x28
        RenderText {#text} at (10,11) size 155x28
          text run at (10,11) width 155: "DynAPI 2.9 and Mozilla"
          text run at (10,25) width 130: "compatibility ports"
      RenderText {#text} at (140,25) size 4x14
        text run at (140,25) width 4: " "
      RenderInline {description} at (0,0) size 238x56
        RenderText {#text} at (144,25) size 238x56
          text run at (144,25) width 104: "DynAPI 2.9 is the"
          text run at (10,39) width 207: "latest release of the popular cross-"
          text run at (10,53) width 236: "browser DHTML library, and is available"
          text run at (10,67) width 200: "at Dan Steinman's original site...."
      RenderText {#text} at (0,0) size 0x0
      RenderText {#text} at (0,0) size 0x0
    RenderBlock {item} at (1,646) size 265x64 [bgcolor=#FFFFFF] [border: (1px solid #CCCCCC) none (1px solid #CCCCCC) none]
      RenderInline {title} at (0,0) size 155x14
        RenderText {#text} at (10,11) size 155x14
          text run at (10,11) width 155: "!lineDraw bookmarklet"
      RenderText {#text} at (165,11) size 4x14
        text run at (165,11) width 4: " "
      RenderInline {description} at (0,0) size 215x42
        RenderText {#text} at (169,11) size 215x42
          text run at (169,11) width 39: "Milov's"
          text run at (10,25) width 215: "!lineDraw bookmarklet is in fact the"
          text run at (10,39) width 169: "Coolest Bookmarklet Ever...."
      RenderText {#text} at (0,0) size 0x0
      RenderText {#text} at (0,0) size 0x0
    RenderBlock {item} at (1,720) size 265x92 [bgcolor=#FFFFFF] [border: (1px solid #CCCCCC) none (1px solid #CCCCCC) none]
      RenderInline {title} at (0,0) size 206x14
        RenderText {#text} at (10,11) size 206x14
          text run at (10,11) width 206: "Mozilla, DHTML and DOM links"
      RenderText {#text} at (216,11) size 4x14
        text run at (216,11) width 4: " "
      RenderInline {description} at (0,0) size 237x70
        RenderText {#text} at (220,11) size 237x70
          text run at (220,11) width 27: "Why"
          text run at (10,25) width 208: "Mozilla Rules (Link via Dean) Steve"
          text run at (10,39) width 235: "Champeon: Why DHTML Will Win. Glish"
          text run at (10,53) width 195: "finds a not-quite-DOM-compliant"
          text run at (10,67) width 193: "replacement for innerHTML. It..."
      RenderText {#text} at (0,0) size 0x0
      RenderText {#text} at (0,0) size 0x0
    RenderBlock {item} at (1,822) size 265x64 [bgcolor=#FFFFFF] [border: (1px solid #CCCCCC) none (1px solid #CCCCCC) none]
      RenderInline {title} at (0,0) size 102x14
        RenderText {#text} at (10,11) size 102x14
          text run at (10,11) width 102: "Mozilla 1.0 RC2"
      RenderText {#text} at (112,11) size 4x14
        text run at (112,11) width 4: " "
      RenderInline {description} at (0,0) size 233x42
        RenderText {#text} at (116,11) size 233x42
          text run at (116,11) width 127: "I'm late for this train:"
          text run at (10,25) width 231: "Mozilla 1.0 Release Candidate 2 is now"
          text run at (10,39) width 68: "available...."
      RenderText {#text} at (0,0) size 0x0
      RenderText {#text} at (0,0) size 0x0
    RenderBlock {item} at (1,896) size 265x92 [bgcolor=#FFFFFF] [border: (1px solid #CCCCCC) none (1px solid #CCCCCC) none]
      RenderInline {title} at (0,0) size 243x28
        RenderText {#text} at (10,11) size 243x28
          text run at (10,11) width 243: "javascript: is deprecated. Don't use"
          text run at (10,25) width 15: "it."
      RenderText {#text} at (25,25) size 4x14
        text run at (25,25) width 4: " "
      RenderInline {description} at (0,0) size 229x56
        RenderText {#text} at (29,25) size 229x56
          text run at (29,25) width 180: "Repeat after me: javascript: is"
          text run at (10,39) width 229: "deprecated. Don't use it. javascript: is"
          text run at (10,53) width 229: "deprecated. Don't use it. javascript: is"
          text run at (10,67) width 146: "deprecated. Don't use..."
      RenderText {#text} at (0,0) size 0x0
      RenderText {#text} at (0,0) size 0x0
    RenderBlock {item} at (1,998) size 265x64 [bgcolor=#FFFFFF] [border: (1px solid #CCCCCC) none (1px solid #CCCCCC) none]
      RenderInline {title} at (0,0) size 182x14
        RenderText {#text} at (10,11) size 182x14
          text run at (10,11) width 182: "Conditional Script Loading"
      RenderText {#text} at (0,0) size 0x0
      RenderInline {description} at (0,0) size 231x28
        RenderText {#text} at (10,25) size 231x28
          text run at (10,25) width 231: "Webreference: DOM-Based Conditional"
          text run at (10,39) width 180: "Script Loading in JavaScript..."
      RenderText {#text} at (0,0) size 0x0
      RenderText {#text} at (0,0) size 0x0
    RenderBlock {item} at (1,1072) size 265x78 [bgcolor=#FFFFFF] [border: (1px solid #CCCCCC) none (1px solid #CCCCCC) none]
      RenderInline {title} at (0,0) size 117x14
        RenderText {#text} at (10,11) size 117x14
          text run at (10,11) width 117: "Stories and Tools"
      RenderText {#text} at (127,11) size 4x14
        text run at (127,11) width 4: " "
      RenderInline {description} at (0,0) size 243x56
        RenderText {#text} at (131,11) size 243x56
          text run at (131,11) width 88: "Anil Dash talks"
          text run at (10,25) width 198: "about Stories and Tools, drawing"
          text run at (10,39) width 243: "comparisons between the Web as a text"
          text run at (10,53) width 161: "medium and the Web as..."
      RenderText {#text} at (0,0) size 0x0
      RenderText {#text} at (0,0) size 0x0
    RenderBlock {item} at (1,1160) size 265x92 [bgcolor=#FFFFFF] [border: (1px solid #CCCCCC) none (1px solid #CCCCCC) none]
      RenderInline {title} at (0,0) size 167x14
        RenderText {#text} at (10,11) size 167x14
          text run at (10,11) width 167: "Whole Lotto Gecko Links"
      RenderText {#text} at (177,11) size 4x14
        text run at (177,11) width 4: " "
      RenderInline {description} at (0,0) size 243x70
        RenderText {#text} at (181,11) size 243x70
          text run at (181,11) width 65: "AOL Gecko"
          text run at (10,25) width 215: "Browser Detection Tips Establishing"
          text run at (10,39) width 195: "Dreamweaver compatibility with"
          text run at (10,53) width 243: "Netscape 6 Stylesheets and MIME Types"
          text run at (10,67) width 64: "in Gecko..."
      RenderText {#text} at (0,0) size 0x0
      RenderText {#text} at (0,0) size 0x0
