layer at (0,0) size 980x735
  RenderView at (0,0) size 980x735
layer at (0,0) size 980x735
  RenderBlock {HTML} at (0,0) size 980x735
    RenderBody {BODY} at (8,8) size 964x714
layer at (8,8) size 300x30
  RenderBlock {PRE} at (0,0) size 300x30
    RenderText {#text} at (0,0) size 242x30
      text run at (0,0) width 242: "This is a test to see if this messes up"
      text run at (242,0) width 0: " "
      text run at (0,15) width 182: "the way I think it's going to."
