layer at (0,0) size 980x1045
  RenderView at (0,0) size 980x735
layer at (0,0) size 980x735
  RenderBlock {HTML} at (0,0) size 980x735
    RenderBody {BODY} at (0,0) size 980x735
      RenderText {#text} at (0,0) size 504x19
        text run at (0,0) width 504: "ffffffffffffffffffffffffffffffffffffffffffffffffffffffffffffffffffffffffffffffffffff"
      RenderBR {BR} at (504,15) size 0x0
      RenderText {#text} at (0,19) size 504x19
        text run at (0,19) width 504: "ffffffffffffffffffffffffffffffffffffffffffffffffffffffffffffffffffffffffffffffffffff"
      RenderBR {BR} at (504,34) size 0x0
      RenderText {#text} at (0,38) size 504x19
        text run at (0,38) width 504: "ffffffffffffffffffffffffffffffffffffffffffffffffffffffffffffffffffffffffffffffffffff"
      RenderBR {BR} at (504,53) size 0x0
      RenderText {#text} at (0,57) size 504x19
        text run at (0,57) width 504: "ffffffffffffffffffffffffffffffffffffffffffffffffffffffffffffffffffffffffffffffffffff"
      RenderBR {BR} at (504,72) size 0x0
      RenderText {#text} at (0,76) size 504x19
        text run at (0,76) width 504: "ffffffffffffffffffffffffffffffffffffffffffffffffffffffffffffffffffffffffffffffffffff"
      RenderBR {BR} at (504,91) size 0x0
      RenderText {#text} at (0,95) size 504x19
        text run at (0,95) width 504: "ffffffffffffffffffffffffffffffffffffffffffffffffffffffffffffffffffffffffffffffffffff"
      RenderBR {BR} at (504,110) size 0x0
      RenderText {#text} at (0,114) size 504x19
        text run at (0,114) width 504: "ffffffffffffffffffffffffffffffffffffffffffffffffffffffffffffffffffffffffffffffffffff"
      RenderBR {BR} at (504,129) size 0x0
      RenderText {#text} at (0,133) size 504x19
        text run at (0,133) width 504: "ffffffffffffffffffffffffffffffffffffffffffffffffffffffffffffffffffffffffffffffffffff"
      RenderBR {BR} at (504,148) size 0x0
      RenderText {#text} at (0,152) size 504x19
        text run at (0,152) width 504: "ffffffffffffffffffffffffffffffffffffffffffffffffffffffffffffffffffffffffffffffffffff"
      RenderBR {BR} at (504,167) size 0x0
      RenderText {#text} at (0,171) size 504x19
        text run at (0,171) width 504: "ffffffffffffffffffffffffffffffffffffffffffffffffffffffffffffffffffffffffffffffffffff"
      RenderBR {BR} at (504,186) size 0x0
      RenderText {#text} at (0,190) size 504x19
        text run at (0,190) width 504: "ffffffffffffffffffffffffffffffffffffffffffffffffffffffffffffffffffffffffffffffffffff"
      RenderBR {BR} at (504,205) size 0x0
      RenderText {#text} at (0,209) size 504x19
        text run at (0,209) width 504: "ffffffffffffffffffffffffffffffffffffffffffffffffffffffffffffffffffffffffffffffffffff"
      RenderBR {BR} at (504,224) size 0x0
      RenderText {#text} at (0,228) size 504x19
        text run at (0,228) width 504: "ffffffffffffffffffffffffffffffffffffffffffffffffffffffffffffffffffffffffffffffffffff"
      RenderBR {BR} at (504,243) size 0x0
      RenderText {#text} at (0,247) size 504x19
        text run at (0,247) width 504: "ffffffffffffffffffffffffffffffffffffffffffffffffffffffffffffffffffffffffffffffffffff"
      RenderBR {BR} at (504,262) size 0x0
      RenderText {#text} at (0,266) size 504x19
        text run at (0,266) width 504: "ffffffffffffffffffffffffffffffffffffffffffffffffffffffffffffffffffffffffffffffffffff"
      RenderBR {BR} at (504,281) size 0x0
      RenderText {#text} at (0,285) size 504x19
        text run at (0,285) width 504: "ffffffffffffffffffffffffffffffffffffffffffffffffffffffffffffffffffffffffffffffffffff"
      RenderBR {BR} at (504,300) size 0x0
      RenderText {#text} at (0,304) size 504x19
        text run at (0,304) width 504: "ffffffffffffffffffffffffffffffffffffffffffffffffffffffffffffffffffffffffffffffffffff"
      RenderBR {BR} at (504,319) size 0x0
      RenderText {#text} at (0,323) size 504x19
        text run at (0,323) width 504: "ffffffffffffffffffffffffffffffffffffffffffffffffffffffffffffffffffffffffffffffffffff"
      RenderBR {BR} at (504,338) size 0x0
      RenderText {#text} at (0,342) size 504x19
        text run at (0,342) width 504: "ffffffffffffffffffffffffffffffffffffffffffffffffffffffffffffffffffffffffffffffffffff"
      RenderBR {BR} at (504,357) size 0x0
      RenderText {#text} at (0,361) size 504x19
        text run at (0,361) width 504: "ffffffffffffffffffffffffffffffffffffffffffffffffffffffffffffffffffffffffffffffffffff"
      RenderBR {BR} at (504,376) size 0x0
      RenderText {#text} at (0,380) size 504x19
        text run at (0,380) width 504: "ffffffffffffffffffffffffffffffffffffffffffffffffffffffffffffffffffffffffffffffffffff"
      RenderBR {BR} at (504,395) size 0x0
      RenderText {#text} at (0,399) size 504x19
        text run at (0,399) width 504: "ffffffffffffffffffffffffffffffffffffffffffffffffffffffffffffffffffffffffffffffffffff"
      RenderBR {BR} at (504,414) size 0x0
      RenderText {#text} at (0,418) size 504x19
        text run at (0,418) width 504: "ffffffffffffffffffffffffffffffffffffffffffffffffffffffffffffffffffffffffffffffffffff"
      RenderBR {BR} at (504,433) size 0x0
      RenderText {#text} at (0,437) size 504x19
        text run at (0,437) width 504: "ffffffffffffffffffffffffffffffffffffffffffffffffffffffffffffffffffffffffffffffffffff"
      RenderBR {BR} at (504,452) size 0x0
      RenderText {#text} at (0,456) size 504x19
        text run at (0,456) width 504: "ffffffffffffffffffffffffffffffffffffffffffffffffffffffffffffffffffffffffffffffffffff"
      RenderBR {BR} at (504,471) size 0x0
      RenderText {#text} at (0,475) size 504x19
        text run at (0,475) width 504: "ffffffffffffffffffffffffffffffffffffffffffffffffffffffffffffffffffffffffffffffffffff"
      RenderBR {BR} at (504,490) size 0x0
      RenderText {#text} at (0,494) size 504x19
        text run at (0,494) width 504: "ffffffffffffffffffffffffffffffffffffffffffffffffffffffffffffffffffffffffffffffffffff"
      RenderBR {BR} at (504,509) size 0x0
      RenderText {#text} at (0,513) size 504x19
        text run at (0,513) width 504: "ffffffffffffffffffffffffffffffffffffffffffffffffffffffffffffffffffffffffffffffffffff"
      RenderBR {BR} at (504,528) size 0x0
      RenderText {#text} at (0,532) size 504x19
        text run at (0,532) width 504: "ffffffffffffffffffffffffffffffffffffffffffffffffffffffffffffffffffffffffffffffffffff"
      RenderBR {BR} at (504,547) size 0x0
      RenderText {#text} at (0,551) size 504x19
        text run at (0,551) width 504: "ffffffffffffffffffffffffffffffffffffffffffffffffffffffffffffffffffffffffffffffffffff"
      RenderBR {BR} at (504,566) size 0x0
      RenderText {#text} at (0,570) size 504x19
        text run at (0,570) width 504: "ffffffffffffffffffffffffffffffffffffffffffffffffffffffffffffffffffffffffffffffffffff"
      RenderBR {BR} at (504,585) size 0x0
      RenderText {#text} at (0,589) size 504x19
        text run at (0,589) width 504: "ffffffffffffffffffffffffffffffffffffffffffffffffffffffffffffffffffffffffffffffffffff"
      RenderBR {BR} at (504,604) size 0x0
      RenderText {#text} at (0,608) size 504x19
        text run at (0,608) width 504: "ffffffffffffffffffffffffffffffffffffffffffffffffffffffffffffffffffffffffffffffffffff"
      RenderBR {BR} at (504,623) size 0x0
      RenderText {#text} at (0,627) size 504x19
        text run at (0,627) width 504: "ffffffffffffffffffffffffffffffffffffffffffffffffffffffffffffffffffffffffffffffffffff"
      RenderBR {BR} at (504,642) size 0x0
      RenderText {#text} at (0,646) size 504x19
        text run at (0,646) width 504: "ffffffffffffffffffffffffffffffffffffffffffffffffffffffffffffffffffffffffffffffffffff"
      RenderBR {BR} at (504,661) size 0x0
      RenderText {#text} at (0,665) size 504x19
        text run at (0,665) width 504: "ffffffffffffffffffffffffffffffffffffffffffffffffffffffffffffffffffffffffffffffffffff"
      RenderBR {BR} at (504,680) size 0x0
      RenderText {#text} at (0,684) size 504x19
        text run at (0,684) width 504: "ffffffffffffffffffffffffffffffffffffffffffffffffffffffffffffffffffffffffffffffffffff"
      RenderBR {BR} at (504,699) size 0x0
      RenderText {#text} at (0,703) size 504x19
        text run at (0,703) width 504: "ffffffffffffffffffffffffffffffffffffffffffffffffffffffffffffffffffffffffffffffffffff"
      RenderBR {BR} at (504,718) size 0x0
      RenderText {#text} at (0,722) size 504x19
        text run at (0,722) width 504: "ffffffffffffffffffffffffffffffffffffffffffffffffffffffffffffffffffffffffffffffffffff"
      RenderBR {BR} at (504,737) size 0x0
      RenderText {#text} at (0,741) size 504x19
        text run at (0,741) width 504: "ffffffffffffffffffffffffffffffffffffffffffffffffffffffffffffffffffffffffffffffffffff"
      RenderBR {BR} at (504,756) size 0x0
      RenderText {#text} at (0,760) size 504x19
        text run at (0,760) width 504: "ffffffffffffffffffffffffffffffffffffffffffffffffffffffffffffffffffffffffffffffffffff"
      RenderBR {BR} at (504,775) size 0x0
      RenderText {#text} at (0,779) size 504x19
        text run at (0,779) width 504: "ffffffffffffffffffffffffffffffffffffffffffffffffffffffffffffffffffffffffffffffffffff"
      RenderBR {BR} at (504,794) size 0x0
      RenderText {#text} at (0,798) size 504x19
        text run at (0,798) width 504: "ffffffffffffffffffffffffffffffffffffffffffffffffffffffffffffffffffffffffffffffffffff"
      RenderBR {BR} at (504,813) size 0x0
      RenderText {#text} at (0,817) size 504x19
        text run at (0,817) width 504: "ffffffffffffffffffffffffffffffffffffffffffffffffffffffffffffffffffffffffffffffffffff"
      RenderBR {BR} at (504,832) size 0x0
      RenderText {#text} at (0,836) size 504x19
        text run at (0,836) width 504: "ffffffffffffffffffffffffffffffffffffffffffffffffffffffffffffffffffffffffffffffffffff"
      RenderBR {BR} at (504,851) size 0x0
      RenderText {#text} at (0,855) size 504x19
        text run at (0,855) width 504: "ffffffffffffffffffffffffffffffffffffffffffffffffffffffffffffffffffffffffffffffffffff"
      RenderBR {BR} at (504,870) size 0x0
      RenderText {#text} at (0,874) size 504x19
        text run at (0,874) width 504: "ffffffffffffffffffffffffffffffffffffffffffffffffffffffffffffffffffffffffffffffffffff"
      RenderBR {BR} at (504,889) size 0x0
      RenderText {#text} at (0,893) size 504x19
        text run at (0,893) width 504: "ffffffffffffffffffffffffffffffffffffffffffffffffffffffffffffffffffffffffffffffffffff"
      RenderBR {BR} at (504,908) size 0x0
      RenderText {#text} at (0,912) size 504x19
        text run at (0,912) width 504: "ffffffffffffffffffffffffffffffffffffffffffffffffffffffffffffffffffffffffffffffffffff"
      RenderBR {BR} at (504,927) size 0x0
      RenderText {#text} at (0,931) size 504x19
        text run at (0,931) width 504: "ffffffffffffffffffffffffffffffffffffffffffffffffffffffffffffffffffffffffffffffffffff"
      RenderBR {BR} at (504,946) size 0x0
      RenderText {#text} at (0,950) size 504x19
        text run at (0,950) width 504: "ffffffffffffffffffffffffffffffffffffffffffffffffffffffffffffffffffffffffffffffffffff"
      RenderBR {BR} at (504,965) size 0x0
      RenderText {#text} at (0,969) size 504x19
        text run at (0,969) width 504: "ffffffffffffffffffffffffffffffffffffffffffffffffffffffffffffffffffffffffffffffffffff"
      RenderBR {BR} at (504,984) size 0x0
      RenderText {#text} at (0,988) size 504x19
        text run at (0,988) width 504: "ffffffffffffffffffffffffffffffffffffffffffffffffffffffffffffffffffffffffffffffffffff"
      RenderBR {BR} at (504,1003) size 0x0
      RenderText {#text} at (0,1007) size 504x19
        text run at (0,1007) width 504: "ffffffffffffffffffffffffffffffffffffffffffffffffffffffffffffffffffffffffffffffffffff"
      RenderBR {BR} at (504,1022) size 0x0
      RenderText {#text} at (0,1026) size 504x19
        text run at (0,1026) width 504: "ffffffffffffffffffffffffffffffffffffffffffffffffffffffffffffffffffffffffffffffffffff"
      RenderBR {BR} at (504,1041) size 0x0
