layer at (0,0) size 980x735
  RenderView at (0,0) size 980x735
layer at (0,0) size 980x388
  RenderBlock {HTML} at (0,0) size 980x388
    RenderBody {BODY} at (32,32) size 916x324 [bgcolor=#CCCCCC]
layer at (233,32) size 514x146 clip at (234,33) size 497x144 scrollHeight 361
  RenderBlock {DIV} at (201,0) size 514x146 [bgcolor=#FFFFFF] [border: (1px solid #999999)]
    RenderBlock {P} at (17,17) size 465x76
      RenderText {#text} at (0,0) size 282x19
        text run at (0,0) width 282: "This page is to test the behavior of "
      RenderInline {CODE} at (0,0) size 112x15
        RenderText {#text} at (282,3) size 112x15
          text run at (282,3) width 112: "position:absolute"
      RenderText {#text} at (394,0) size 460x38
        text run at (394,0) width 66: " content"
        text run at (0,19) width 410: "which is a child of an overflowed parent object with"
      RenderInline {CODE} at (0,0) size 90x15
        RenderText {#text} at (0,41) size 90x15
          text run at (0,41) width 90: "overflow:auto"
      RenderText {#text} at (90,38) size 276x19
        text run at (90,38) width 276: ", both when the parent element is "
      RenderInline {CODE} at (0,0) size 92x15
        RenderText {#text} at (366,41) size 92x15
          text run at (366,41) width 92: "position:static"
      RenderText {#text} at (0,57) size 120x19
        text run at (0,57) width 120: "(top case) and "
      RenderInline {CODE} at (0,0) size 106x15
        RenderText {#text} at (120,60) size 106x15
          text run at (120,60) width 106: "position:relative"
      RenderText {#text} at (226,57) size 122x19
        text run at (226,57) width 122: " (bottom case)."
    RenderBlock {P} at (17,109) size 465x225 [color=#999999]
      RenderText {#text} at (0,0) size 464x225
        text run at (0,0) width 458: "Following extra content exists to ensure that the parent box overflows"
        text run at (0,15) width 464: "properly. Sed ut perspiciatis unde omnis iste natus error sit voluptatem"
        text run at (0,30) width 457: "accusantium doloremque laudantium, totam rem aperiam, eaque ipsa"
        text run at (0,45) width 447: "quae ab illo inventore veritatis et quasi architecto beatae vitae dicta"
        text run at (0,60) width 414: "sunt explicabo. Nemo enim ipsam voluptatem quia voluptas sit"
        text run at (0,75) width 462: "aspernatur aut odit aut fugit, sed quia consequuntur magni dolores eos"
        text run at (0,90) width 455: "qui ratione voluptatem sequi nesciunt. Neque porro quisquam est, qui"
        text run at (0,105) width 463: "dolorem ipsum quia dolor sit amet, consectetur, adipisci velit, sed quia"
        text run at (0,120) width 463: "non numquam eius modi tempora incidunt ut labore et dolore magnam"
        text run at (0,135) width 408: "aliquam quaerat voluptatem. Ut enim ad minima veniam, quis"
        text run at (0,150) width 433: "nostrum exercitationem ullam corporis suscipit laboriosam, nisi ut"
        text run at (0,165) width 405: "aliquid ex ea commodi consequatur? Quis autem vel eum iure"
        text run at (0,180) width 423: "reprehenderit qui in ea voluptate velit esse quam nihil molestiae"
        text run at (0,195) width 426: "consequatur, vel illum qui dolorem eum fugiat quo voluptas nulla"
        text run at (0,210) width 58: "pariatur?"
layer at (0,0) size 45x35
  RenderBlock (positioned) {P} at (0,0) size 45x35 [bgcolor=#FF0000]
    RenderText {#text} at (8,8) size 29x19
      text run at (8,8) width 29: "hi 1"
layer at (233,210) size 514x146 clip at (234,211) size 497x144 scrollHeight 434
  RenderBlock (relative positioned) {DIV} at (201,178) size 514x146 [bgcolor=#FFFFFF] [border: (1px solid #999999)]
    RenderBlock {P} at (17,17) size 465x57
      RenderText {#text} at (0,0) size 456x57
        text run at (0,0) width 418: "Safari v1.2.2 incorrectly scrolls the 'hi 1' div when its"
        text run at (0,19) width 456: "parent is scrolled. If you resize the page even a little, this"
        text run at (0,38) width 120: "bug fixes itself."
    RenderBlock {P} at (17,90) size 465x76
      RenderText {#text} at (0,0) size 439x38
        text run at (0,0) width 439: "Safari v1.2.2 also (really odd) causes the entire second"
        text run at (0,19) width 74: "div to be "
      RenderInline {CODE} at (0,0) size 72x15
        RenderText {#text} at (74,22) size 72x15
          text run at (74,22) width 72: "opacity:0.5"
      RenderText {#text} at (146,19) size 445x57
        text run at (146,19) width 296: ", despite the fact that this property is"
        text run at (0,38) width 445: "only applied to the child item. This problem fixes itself if"
        text run at (0,57) width 364: "you resize the window and then scroll the div."
    RenderBlock {P} at (17,182) size 465x225 [color=#999999]
      RenderText {#text} at (0,0) size 464x225
        text run at (0,0) width 458: "Following extra content exists to ensure that the parent box overflows"
        text run at (0,15) width 464: "properly. Sed ut perspiciatis unde omnis iste natus error sit voluptatem"
        text run at (0,30) width 457: "accusantium doloremque laudantium, totam rem aperiam, eaque ipsa"
        text run at (0,45) width 447: "quae ab illo inventore veritatis et quasi architecto beatae vitae dicta"
        text run at (0,60) width 414: "sunt explicabo. Nemo enim ipsam voluptatem quia voluptas sit"
        text run at (0,75) width 462: "aspernatur aut odit aut fugit, sed quia consequuntur magni dolores eos"
        text run at (0,90) width 455: "qui ratione voluptatem sequi nesciunt. Neque porro quisquam est, qui"
        text run at (0,105) width 463: "dolorem ipsum quia dolor sit amet, consectetur, adipisci velit, sed quia"
        text run at (0,120) width 463: "non numquam eius modi tempora incidunt ut labore et dolore magnam"
        text run at (0,135) width 408: "aliquam quaerat voluptatem. Ut enim ad minima veniam, quis"
        text run at (0,150) width 433: "nostrum exercitationem ullam corporis suscipit laboriosam, nisi ut"
        text run at (0,165) width 405: "aliquid ex ea commodi consequatur? Quis autem vel eum iure"
        text run at (0,180) width 423: "reprehenderit qui in ea voluptate velit esse quam nihil molestiae"
        text run at (0,195) width 426: "consequatur, vel illum qui dolorem eum fugiat quo voluptas nulla"
        text run at (0,210) width 58: "pariatur?"
layer at (234,211) size 45x35
  RenderBlock (positioned) {P} at (1,1) size 45x35 [bgcolor=#FF0000]
    RenderText {#text} at (8,8) size 29x19
      text run at (8,8) width 29: "hi 2"
