layer at (0,0) size 980x735
  RenderView at (0,0) size 980x735
layer at (0,0) size 980x8
  RenderBlock {HTML} at (0,0) size 980x8
    RenderBody {BODY} at (8,8) size 964x0
layer at (8,8) size 300x300 scrollHeight 988
  RenderBlock (positioned) {DIV} at (8,8) size 300x300
    RenderText {#text} at (0,0) size 299x988
      text run at (0,0) width 226: "Lorem ipsum dolor sit amet,"
      text run at (0,19) width 275: "consectetur adipisicing elit, sed do"
      text run at (0,38) width 291: "eiusmod tempor incididunt ut labore"
      text run at (0,57) width 284: "et dolore magna aliqua. Ut enim ad"
      text run at (0,76) width 222: "minim veniam, quis nostrud"
      text run at (0,95) width 273: "exercitation ullamco laboris nisi ut"
      text run at (0,114) width 280: "aliquip ex ea commodo consequat."
      text run at (0,133) width 299: "Duis aute irure dolor in reprehenderit"
      text run at (0,152) width 281: "in voluptate velit esse cillum dolore"
      text run at (0,171) width 274: "eu fugiat nulla pariatur. Excepteur"
      text run at (0,190) width 298: "sint occaecat cupidatat non proident,"
      text run at (0,209) width 260: "sunt in culpa qui officia deserunt"
      text run at (0,228) width 271: "mollit anim id est laborum. Lorem"
      text run at (0,247) width 269: "ipsum dolor sit amet, consectetur"
      text run at (0,266) width 248: "adipisicing elit, sed do eiusmod"
      text run at (0,285) width 295: "tempor incididunt ut labore et dolore"
      text run at (0,304) width 262: "magna aliqua. Ut enim ad minim"
      text run at (0,323) width 267: "veniam, quis nostrud exercitation"
      text run at (0,342) width 279: "ullamco laboris nisi ut aliquip ex ea"
      text run at (0,361) width 297: "commodo consequat. Duis aute irure"
      text run at (0,380) width 275: "dolor in reprehenderit in voluptate"
      text run at (0,399) width 258: "velit esse cillum dolore eu fugiat"
      text run at (0,418) width 231: "nulla pariatur. Excepteur sint"
      text run at (0,437) width 265: "occaecat cupidatat non proident,"
      text run at (0,456) width 260: "sunt in culpa qui officia deserunt"
      text run at (0,475) width 271: "mollit anim id est laborum. Lorem"
      text run at (0,494) width 269: "ipsum dolor sit amet, consectetur"
      text run at (0,513) width 248: "adipisicing elit, sed do eiusmod"
      text run at (0,532) width 295: "tempor incididunt ut labore et dolore"
      text run at (0,551) width 262: "magna aliqua. Ut enim ad minim"
      text run at (0,570) width 267: "veniam, quis nostrud exercitation"
      text run at (0,589) width 279: "ullamco laboris nisi ut aliquip ex ea"
      text run at (0,608) width 297: "commodo consequat. Duis aute irure"
      text run at (0,627) width 275: "dolor in reprehenderit in voluptate"
      text run at (0,646) width 258: "velit esse cillum dolore eu fugiat"
      text run at (0,665) width 231: "nulla pariatur. Excepteur sint"
      text run at (0,684) width 265: "occaecat cupidatat non proident,"
      text run at (0,703) width 260: "sunt in culpa qui officia deserunt"
      text run at (0,722) width 266: "mollit anim id est laborum.Lorem"
      text run at (0,741) width 269: "ipsum dolor sit amet, consectetur"
      text run at (0,760) width 248: "adipisicing elit, sed do eiusmod"
      text run at (0,779) width 295: "tempor incididunt ut labore et dolore"
      text run at (0,798) width 262: "magna aliqua. Ut enim ad minim"
      text run at (0,817) width 267: "veniam, quis nostrud exercitation"
      text run at (0,836) width 279: "ullamco laboris nisi ut aliquip ex ea"
      text run at (0,855) width 297: "commodo consequat. Duis aute irure"
      text run at (0,874) width 275: "dolor in reprehenderit in voluptate"
      text run at (0,893) width 258: "velit esse cillum dolore eu fugiat"
      text run at (0,912) width 231: "nulla pariatur. Excepteur sint"
      text run at (0,931) width 265: "occaecat cupidatat non proident,"
      text run at (0,950) width 260: "sunt in culpa qui officia deserunt"
      text run at (0,969) width 214: "mollit anim id est laborum."
