layer at (0,0) size 980x735
  RenderView at (0,0) size 980x735
layer at (0,0) size 980x735
  RenderBlock {HTML} at (0,0) size 980x735
    RenderBody {BODY} at (8,8) size 964x717
      RenderBlock {P} at (0,0) size 964x19
        RenderText {#text} at (0,0) size 67x19
          text run at (0,0) width 67: "Test for "
        RenderInline {I} at (0,0) size 798x19
          RenderInline {A} at (0,0) size 191x19 [color=#0000EE]
            RenderText {#text} at (67,0) size 191x19
              text run at (67,0) width 191: "rdar://problem/6059648"
          RenderText {#text} at (258,0) size 607x19
            text run at (258,0) width 5: " "
            text run at (263,0) width 602: "Some content not visible when the window is short at courtneyalbright.com"
        RenderText {#text} at (865,0) size 5x19
          text run at (865,0) width 5: "."
      RenderBlock {P} at (0,35) size 964x19
        RenderText {#text} at (0,0) size 799x19
          text run at (0,0) width 593: "Each black box below should have a scroll bar allowing the blue square to "
          text run at (593,0) width 206: "be scrolled fully into view."
layer at (18,78) size 102x102 clip at (19,79) size 100x85 scrollWidth 125
  RenderBlock {DIV} at (10,70) size 102x102 [border: (1px solid #000000)]
layer at (18,190) size 102x102 clip at (19,191) size 85x100 scrollHeight 125
  RenderBlock {DIV} at (10,182) size 102x102 [border: (1px solid #000000)]
layer at (18,302) size 102x102 clip at (19,303) size 100x85 scrollWidth 125
  RenderBlock {DIV} at (10,294) size 102x102 [border: (1px solid #000000)]
layer at (18,414) size 102x102 clip at (19,415) size 85x100 scrollHeight 125
  RenderBlock {DIV} at (10,406) size 102x102 [border: (1px solid #000000)]
layer at (69,79) size 25x25
  RenderBlock (relative positioned) {DIV} at (1,1) size 25x25 [bgcolor=#000000]
    RenderBlock (floating) {DIV} at (0,0) size 75x75 [bgcolor=#0000FF7F]
layer at (19,241) size 25x25
  RenderBlock (relative positioned) {DIV} at (1,1) size 25x25 [bgcolor=#000000]
    RenderBlock (floating) {DIV} at (0,0) size 75x75 [bgcolor=#0000FF7F]
layer at (69,303) size 25x25
  RenderBlock (relative positioned) {DIV} at (1,1) size 25x25 [bgcolor=#000000]
layer at (69,303) size 75x75 backgroundClip at (19,303) size 100x85 clip at (19,303) size 100x85 outlineClip at (19,303) size 100x85
  RenderBlock (positioned) {DIV} at (0,0) size 75x75 [bgcolor=#0000FF7F]
layer at (19,465) size 25x25
  RenderBlock (relative positioned) {DIV} at (1,1) size 25x25 [bgcolor=#000000]
layer at (19,465) size 75x75 backgroundClip at (19,415) size 85x100 clip at (19,415) size 85x100 outlineClip at (19,415) size 85x100
  RenderBlock (positioned) {DIV} at (0,0) size 75x75 [bgcolor=#0000FF7F]
