layer at (0,0) size 980x735
  RenderView at (0,0) size 980x735
layer at (0,0) size 980x735
  RenderBlock {HTML} at (0,0) size 980x735
    RenderBody {BODY} at (8,8) size 964x719
      RenderBlock {P} at (0,0) size 964x38
        RenderText {#text} at (0,0) size 275x19
          text run at (0,0) width 275: "This tests for a regression against "
        RenderInline {I} at (0,0) size 962x38
          RenderInline {A} at (0,0) size 426x19 [color=#0000EE]
            RenderText {#text} at (275,0) size 426x19
              text run at (275,0) width 426: "http://bugzilla.opendarwin.org/show_bug.cgi?id=6673"
          RenderText {#text} at (701,0) size 962x38
            text run at (701,0) width 5: " "
            text run at (706,0) width 256: "Selection highlight doesn't scroll"
            text run at (0,19) width 458: "along with an image contained in an overflow:scroll block"
        RenderText {#text} at (458,19) size 5x19
          text run at (458,19) width 5: "."
      RenderBlock {P} at (0,54) size 964x38
        RenderText {#text} at (0,0) size 946x38
          text run at (0,0) width 516: "There should be one contiguous highlight from \x{201C}elit\x{201D} to \x{201C}Etiam\x{201D}, "
          text run at (516,0) width 430: "including the orange square, and no other highlighted"
          text run at (0,19) width 50: "areas."
      RenderBlock {HR} at (0,108) size 964x2 [border: (1px inset #000000)]
layer at (8,126) size 100x200 clip at (8,126) size 85x185 scrollY 40 scrollWidth 105 scrollHeight 361
  RenderBlock {DIV} at (0,118) size 100x200
    RenderText {#text} at (0,0) size 105x133
      text run at (0,0) width 52: "Lorem"
      text run at (0,19) width 48: "ipsum"
      text run at (0,38) width 64: "dolor sit"
      text run at (0,57) width 47: "amet,"
      text run at (0,76) width 105: "consectetuer"
      text run at (0,95) width 79: "adipiscing"
      text run at (0,114) width 34: "elit. "
    RenderImage {IMG} at (34,119) size 10x10
    RenderText {#text} at (0,133) size 105x228
      text run at (0,133) width 67: "Etiam et"
      text run at (0,152) width 53: "ipsum."
      text run at (0,171) width 38: "Nam"
      text run at (0,190) width 105: "consectetuer"
      text run at (0,209) width 61: "mi eget"
      text run at (0,228) width 43: "velit. "
      text run at (43,228) width 30: "Sed"
      text run at (0,247) width 71: "nec risus"
      text run at (0,266) width 76: "vitae felis"
      text run at (0,285) width 52: "auctor"
      text run at (0,304) width 67: "ultricies."
      text run at (0,323) width 102: "Pellentesque"
      text run at (0,342) width 69: "aliquet..."
selection start: position 58 of child 0 {#text} of child 7 {DIV} of body
selection end:   position 11 of child 2 {#text} of child 7 {DIV} of body
