layer at (0,0) size 980x735
  RenderView at (0,0) size 980x735
layer at (0,0) size 980x735
  RenderBlock {HTML} at (0,0) size 980x735
    RenderBody {BODY} at (8,8) size 964x719
layer at (8,8) size 53x38 scrollWidth 38
  RenderBlock (floating) {DIV} at (0,0) size 53x38
    RenderBlock (floating) {LABEL} at (0,0) size 26x19
      RenderText {#text} at (0,0) size 26x20
        text run at (0,0) width 26: "foo"
    RenderInline {SPAN} at (0,0) size 27x19
      RenderText {#text} at (0,19) size 27x19
        text run at (0,19) width 27: "bar"
    RenderText {#text} at (0,0) size 0x0
