layer at (0,0) size 980x735
  RenderView at (0,0) size 980x735
layer at (0,0) size 980x295
  RenderBlock {HTML} at (0,0) size 980x295
    RenderBody {BODY} at (8,16) size 964x271
      RenderBlock {UL} at (0,0) size 964x57 [color=#000080]
        RenderListItem {LI} at (40,0) size 924x19
          RenderListMarker at (-18,0) size 7x19: bullet
          RenderText {#text} at (0,0) size 429x19
            text run at (0,0) width 429: "You should not see the background under the border."
        RenderListItem {LI} at (40,19) size 924x19
          RenderListMarker at (-18,0) size 7x19: bullet
          RenderText {#text} at (0,0) size 435x19
            text run at (0,0) width 435: "As you scroll the element below the cats should move."
        RenderListItem {LI} at (40,38) size 924x19
          RenderListMarker at (-18,0) size 7x19: bullet
          RenderText {#text} at (0,0) size 375x19
            text run at (0,0) width 375: "The cats should be on a light grey background."
layer at (8,89) size 390x198 clip at (38,119) size 315x138 scrollHeight 380
  RenderBlock {DIV} at (0,73) size 390x198 [bgcolor=#C0C0C0] [border: (30px dotted #000000)]
    RenderText {#text} at (30,30) size 40x380
      text run at (30,30) width 25: "   1"
      text run at (55,30) width 0: " "
      text run at (30,49) width 25: "   2"
      text run at (55,49) width 0: " "
      text run at (30,68) width 25: "   3"
      text run at (55,68) width 0: " "
      text run at (30,87) width 25: "   4"
      text run at (55,87) width 0: " "
      text run at (30,106) width 25: "   5"
      text run at (55,106) width 0: " "
      text run at (30,125) width 25: "   6"
      text run at (55,125) width 0: " "
      text run at (30,144) width 25: "   7"
      text run at (55,144) width 0: " "
      text run at (30,163) width 25: "   8"
      text run at (55,163) width 0: " "
      text run at (30,182) width 25: "   9"
      text run at (55,182) width 0: " "
      text run at (30,201) width 30: "  10"
      text run at (60,201) width 0: " "
      text run at (30,220) width 30: "  11"
      text run at (60,220) width 0: " "
      text run at (30,239) width 30: "  12"
      text run at (60,239) width 0: " "
      text run at (30,258) width 30: "  13"
      text run at (60,258) width 0: " "
      text run at (30,277) width 30: "  14"
      text run at (60,277) width 0: " "
      text run at (30,296) width 30: "  15"
      text run at (60,296) width 0: " "
      text run at (30,315) width 30: "  16"
      text run at (60,315) width 0: " "
      text run at (30,334) width 30: "  17"
      text run at (60,334) width 0: " "
      text run at (30,353) width 30: "  18"
      text run at (60,353) width 0: " "
      text run at (30,372) width 30: "  19"
      text run at (60,372) width 0: " "
      text run at (30,391) width 40: "  20  "
