layer at (0,0) size 980x735
  RenderView at (0,0) size 980x735
layer at (0,0) size 370x735
  RenderBlock {HTML} at (0,0) size 370x735
    RenderBody {BODY} at (16,8) size 346x719
      RenderBlock {P} at (0,0) size 38x719
        RenderText {#text} at (0,0) size 19x174
          text run at (0,0) width 174: "This is a test case for "
        RenderInline {I} at (0,0) size 38x694
          RenderText {#text} at (0,174) size 38x694
            text run at (0,174) width 520: "http://bugzilla.opendarwin.org/show_bug.cgi?id=5826 Blocks with"
            text run at (19,0) width 514: "direction:rtl and overflow:auto or scroll have incorrect scrollbars"
        RenderText {#text} at (19,514) size 19x5
          text run at (19,514) width 5: "."
      RenderBlock (anonymous) at (54,0) size 19x719
        RenderText {#text} at (0,0) size 19x584
          text run at (0,0) width 584: "The right column should be a mirror-image of the left column in terms of"
      RenderBlock {UL} at (89,0) size 57x719
        RenderListItem {LI} at (0,40) size 19x679
          RenderListMarker at (0,-18) size 19x7: bullet
          RenderText {#text} at (0,0) size 19x215
            text run at (0,0) width 215: "the presence of a scrollbar"
        RenderListItem {LI} at (19,40) size 19x679
          RenderListMarker at (0,-18) size 19x7: bullet
          RenderText {#text} at (0,0) size 19x296
            text run at (0,0) width 296: "the initial position of the scroll thumb"
        RenderListItem {LI} at (38,40) size 19x679
          RenderListMarker at (0,-18) size 19x7: bullet
          RenderText {#text} at (0,0) size 19x412
            text run at (0,0) width 412: "which letters are visible initially and when you scroll"
      RenderTable {TABLE} at (162,0) size 184x256
        RenderTableSection {TBODY} at (0,0) size 184x256
          RenderTableRow {TR} at (0,2) size 180x256
            RenderTableCell {TD} at (2,2) size 180x125 [r=0 c=0 rs=1 cs=1]
            RenderTableCell {TD} at (2,129) size 180x125 [r=0 c=1 rs=1 cs=1]
layer at (185,15) size 54x115 clip at (185,25) size 39x100 scrollHeight 231
  RenderBlock {DIV} at (5,5) size 54x115 [bgcolor=#FFFF00] [border: (10px solid #FF0000) none (5px solid #008000) none]
    RenderText {#text} at (0,10) size 19x231
      text run at (0,10) width 231: "abcdefghijklmnopqrstuvwxyz"
layer at (243,15) size 54x115 clip at (243,25) size 54x100
  RenderBlock {DIV} at (63,5) size 54x115 [bgcolor=#FFFF00] [border: (10px solid #FF0000) none (5px solid #008000) none]
    RenderBlock {DIV} at (0,10) size 19x100 [bgcolor=#D3D3D3]
      RenderText {#text} at (0,-131) size 19x231
        text run at (0,-131) width 231: "abcdefghijklmnopqrstuvwxyz"
layer at (301,15) size 54x115 clip at (301,25) size 39x100 scrollHeight 231
  RenderBlock {DIV} at (121,5) size 54x115 [bgcolor=#FFFF00] [border: (10px solid #FF0000) none (5px solid #008000) none]
    RenderBlock {DIV} at (0,10) size 19x100 [bgcolor=#D3D3D3]
      RenderText {#text} at (0,0) size 19x231
        text run at (0,0) width 231: "abcdefghijklmnopqrstuvwxyz"
layer at (185,142) size 54x115 clip at (185,147) size 39x100 scrollY 131 scrollHeight 231
  RenderBlock {DIV} at (5,5) size 54x115 [bgcolor=#FFFF00] [border: (5px solid #008000) none (10px solid #FF0000) none]
    RenderText {#text} at (0,-126) size 19x231
      text run at (0,-126) width 231: "zyxwvutsrqponmlkjihgfedcba"
layer at (243,142) size 54x115 clip at (243,147) size 54x100
  RenderBlock {DIV} at (63,5) size 54x115 [bgcolor=#FFFF00] [border: (5px solid #008000) none (10px solid #FF0000) none]
    RenderBlock {DIV} at (0,5) size 19x100 [bgcolor=#D3D3D3]
      RenderText {#text} at (0,0) size 19x231
        text run at (0,0) width 231: "zyxwvutsrqponmlkjihgfedcba"
layer at (301,142) size 54x115 clip at (301,147) size 39x100 scrollY 131 scrollHeight 231
  RenderBlock {DIV} at (121,5) size 54x115 [bgcolor=#FFFF00] [border: (5px solid #008000) none (10px solid #FF0000) none]
    RenderBlock {DIV} at (0,5) size 19x100 [bgcolor=#D3D3D3]
      RenderText {#text} at (0,-131) size 19x231
        text run at (0,-131) width 231: "zyxwvutsrqponmlkjihgfedcba"
