layer at (0,0) size 980x735
  RenderView at (0,0) size 980x735
layer at (0,0) size 980x735
  RenderBlock {HTML} at (0,0) size 980x735
    RenderBody {BODY} at (8,8) size 964x719
      RenderBlock {P} at (0,0) size 964x38
        RenderText {#text} at (0,0) size 275x19
          text run at (0,0) width 275: "This tests for a regression against "
        RenderInline {I} at (0,0) size 888x38
          RenderInline {A} at (0,0) size 426x19 [color=#0000EE]
            RenderText {#text} at (275,0) size 426x19
              text run at (275,0) width 426: "http://bugzilla.opendarwin.org/show_bug.cgi?id=6618"
          RenderText {#text} at (701,0) size 888x38
            text run at (701,0) width 5: " "
            text run at (706,0) width 182: "Inline in RTL block with"
            text run at (0,19) width 434: "overflow:auto and left border makes scroll bar appear"
        RenderText {#text} at (434,19) size 5x19
          text run at (434,19) width 5: "."
      RenderBlock {HR} at (0,54) size 964x2 [border: (1px inset #000000)]
layer at (8,72) size 964x19 clip at (18,72) size 954x19
  RenderBlock {DIV} at (0,64) size 964x19 [border: none (10px solid #0000FF)]
    RenderText {#text} at (570,0) size 394x19
      text run at (570,0) width 141: "This block should "
      text run at (959,0) width 5 RTL: "."
    RenderInline {EM} at (0,0) size 26x19
      RenderText {#text} at (711,0) size 26x19
        text run at (711,0) width 26: "not"
    RenderText {#text} at (737,0) size 222x19
      text run at (737,0) width 222: " have a horizontal scroll bar"
