layer at (0,0) size 980x735
  RenderView at (0,0) size 980x735
layer at (0,0) size 980x735
  RenderBlock {HTML} at (0,0) size 980x735
    RenderBody {BODY} at (8,8) size 964x719
      RenderBlock (anonymous) at (0,0) size 964x19
        RenderText {#text} at (0,0) size 392x19
          text run at (0,0) width 392: "The body should always have a vertical scrollbar."
      RenderBlock (anonymous) at (0,219) size 964x59
        RenderText {#text} at (185,40) size 5x19
          text run at (185,40) width 5: " "
        RenderText {#text} at (0,0) size 0x0
layer at (8,27) size 300x100 clip at (8,27) size 285x100 scrollHeight 342
  RenderBlock {DIV} at (0,19) size 300x100
    RenderText {#text} at (0,0) size 57x19
      text run at (0,0) width 57: "Y scroll"
    RenderBR {BR} at (57,15) size 0x0
    RenderText {#text} at (0,19) size 57x19
      text run at (0,19) width 57: "Y scroll"
    RenderBR {BR} at (57,34) size 0x0
    RenderText {#text} at (0,38) size 57x19
      text run at (0,38) width 57: "Y scroll"
    RenderBR {BR} at (57,53) size 0x0
    RenderText {#text} at (0,57) size 57x19
      text run at (0,57) width 57: "Y scroll"
    RenderBR {BR} at (57,72) size 0x0
    RenderText {#text} at (0,76) size 57x19
      text run at (0,76) width 57: "Y scroll"
    RenderBR {BR} at (57,91) size 0x0
    RenderText {#text} at (0,95) size 57x19
      text run at (0,95) width 57: "Y scroll"
    RenderBR {BR} at (57,110) size 0x0
    RenderText {#text} at (0,114) size 57x19
      text run at (0,114) width 57: "Y scroll"
    RenderBR {BR} at (57,129) size 0x0
    RenderText {#text} at (0,133) size 57x19
      text run at (0,133) width 57: "Y scroll"
    RenderBR {BR} at (57,148) size 0x0
    RenderText {#text} at (0,152) size 57x19
      text run at (0,152) width 57: "Y scroll"
    RenderBR {BR} at (57,167) size 0x0
    RenderText {#text} at (0,171) size 57x19
      text run at (0,171) width 57: "Y scroll"
    RenderBR {BR} at (57,186) size 0x0
    RenderText {#text} at (0,190) size 57x19
      text run at (0,190) width 57: "Y scroll"
    RenderBR {BR} at (57,205) size 0x0
    RenderText {#text} at (0,209) size 57x19
      text run at (0,209) width 57: "Y scroll"
    RenderBR {BR} at (57,224) size 0x0
    RenderText {#text} at (0,228) size 57x19
      text run at (0,228) width 57: "Y scroll"
    RenderBR {BR} at (57,243) size 0x0
    RenderText {#text} at (0,247) size 57x19
      text run at (0,247) width 57: "Y scroll"
    RenderBR {BR} at (57,262) size 0x0
    RenderText {#text} at (0,266) size 57x19
      text run at (0,266) width 57: "Y scroll"
    RenderBR {BR} at (57,281) size 0x0
    RenderText {#text} at (0,285) size 57x19
      text run at (0,285) width 57: "Y scroll"
    RenderBR {BR} at (57,300) size 0x0
    RenderText {#text} at (0,304) size 57x19
      text run at (0,304) width 57: "Y scroll"
    RenderBR {BR} at (57,319) size 0x0
    RenderText {#text} at (0,323) size 57x19
      text run at (0,323) width 57: "Y scroll"
    RenderBR {BR} at (57,338) size 0x0
layer at (8,127) size 300x100 clip at (8,127) size 300x85 scrollWidth 1381
  RenderBlock {DIV} at (0,119) size 300x100
    RenderText {#text} at (0,0) size 1381x19
      text run at (0,0) width 567: "X scroll X scroll X scroll X scroll X scroll X scroll X scroll X scroll X scroll "
      text run at (567,0) width 378: "X scroll X scroll X scroll X scroll X scroll X scroll "
      text run at (945,0) width 436: "X scroll X scroll X scroll X scroll X scroll X scroll X scroll"
layer at (10,244) size 181x36 clip at (11,245) size 164x34
  RenderTextControl {TEXTAREA} at (2,17) size 181x36 [bgcolor=#FFFFFF] [border: (1px solid #000000)]
    RenderBlock {DIV} at (3,3) size 160x15
      RenderText {#text} at (0,0) size 110x15
        text run at (0,0) width 110: "Textarea y-scroll"
layer at (200,229) size 181x51 clip at (201,230) size 179x34
  RenderTextControl {TEXTAREA} at (192,2) size 181x51 [bgcolor=#FFFFFF] [border: (1px solid #000000)]
    RenderBlock {DIV} at (3,3) size 175x15
      RenderText {#text} at (0,0) size 110x15
        text run at (0,0) width 110: "Textarea x-scroll"
