layer at (0,0) size 980x735
  RenderView at (0,0) size 980x735
layer at (0,0) size 980x735
  RenderBlock {HTML} at (0,0) size 980x735
    RenderBody {BODY} at (8,8) size 964x719
      RenderText {#text} at (0,0) size 863x19
        text run at (0,0) width 863: "Make sure that floating overflow:auto/hidden/scroll blocks stack properly with other floats at the same level."
      RenderText {#text} at (0,0) size 0x0
      RenderBlock (floating) {DIV} at (250,19) size 300x300 [bgcolor=#FFFF00]
        RenderText {#text} at (0,0) size 299x280
          text run at (0,0) width 238: "This block"
          text run at (0,56) width 232: "should be"
          text run at (0,112) width 213: "on top of"
          text run at (0,168) width 299: "the overflow"
          text run at (0,224) width 141: "block."
layer at (8,27) size 300x300 clip at (8,27) size 285x300 scrollHeight 893
  RenderBlock (floating) {DIV} at (0,19) size 300x300 [bgcolor=#00FF00]
    RenderText {#text} at (0,0) size 89x19
      text run at (0,0) width 89: "Hello world"
    RenderBR {BR} at (89,15) size 0x0
    RenderText {#text} at (0,19) size 89x19
      text run at (0,19) width 89: "Hello world"
    RenderBR {BR} at (89,34) size 0x0
    RenderText {#text} at (0,38) size 89x19
      text run at (0,38) width 89: "Hello world"
    RenderBR {BR} at (89,53) size 0x0
    RenderText {#text} at (0,57) size 89x19
      text run at (0,57) width 89: "Hello world"
    RenderBR {BR} at (89,72) size 0x0
    RenderText {#text} at (0,76) size 89x19
      text run at (0,76) width 89: "Hello world"
    RenderBR {BR} at (89,91) size 0x0
    RenderText {#text} at (0,95) size 89x19
      text run at (0,95) width 89: "Hello world"
    RenderBR {BR} at (89,110) size 0x0
    RenderText {#text} at (0,114) size 89x19
      text run at (0,114) width 89: "Hello world"
    RenderBR {BR} at (89,129) size 0x0
    RenderText {#text} at (0,133) size 89x19
      text run at (0,133) width 89: "Hello world"
    RenderBR {BR} at (89,148) size 0x0
    RenderText {#text} at (0,152) size 89x19
      text run at (0,152) width 89: "Hello world"
    RenderBR {BR} at (89,167) size 0x0
    RenderText {#text} at (0,171) size 89x19
      text run at (0,171) width 89: "Hello world"
    RenderBR {BR} at (89,186) size 0x0
    RenderText {#text} at (0,190) size 89x19
      text run at (0,190) width 89: "Hello world"
    RenderBR {BR} at (89,205) size 0x0
    RenderText {#text} at (0,209) size 89x19
      text run at (0,209) width 89: "Hello world"
    RenderBR {BR} at (89,224) size 0x0
    RenderText {#text} at (0,228) size 89x19
      text run at (0,228) width 89: "Hello world"
    RenderBR {BR} at (89,243) size 0x0
    RenderText {#text} at (0,247) size 89x19
      text run at (0,247) width 89: "Hello world"
    RenderBR {BR} at (89,262) size 0x0
    RenderText {#text} at (0,266) size 89x19
      text run at (0,266) width 89: "Hello world"
    RenderBR {BR} at (89,281) size 0x0
    RenderText {#text} at (0,285) size 89x19
      text run at (0,285) width 89: "Hello world"
    RenderBR {BR} at (89,300) size 0x0
    RenderText {#text} at (0,304) size 89x19
      text run at (0,304) width 89: "Hello world"
    RenderBR {BR} at (89,319) size 0x0
    RenderText {#text} at (0,323) size 89x19
      text run at (0,323) width 89: "Hello world"
    RenderBR {BR} at (89,338) size 0x0
    RenderText {#text} at (0,342) size 89x19
      text run at (0,342) width 89: "Hello world"
    RenderBR {BR} at (89,357) size 0x0
    RenderText {#text} at (0,361) size 89x19
      text run at (0,361) width 89: "Hello world"
    RenderBR {BR} at (89,376) size 0x0
    RenderText {#text} at (0,380) size 89x19
      text run at (0,380) width 89: "Hello world"
    RenderBR {BR} at (89,395) size 0x0
    RenderText {#text} at (0,399) size 89x19
      text run at (0,399) width 89: "Hello world"
    RenderBR {BR} at (89,414) size 0x0
    RenderText {#text} at (0,418) size 89x19
      text run at (0,418) width 89: "Hello world"
    RenderBR {BR} at (89,433) size 0x0
    RenderText {#text} at (0,437) size 89x19
      text run at (0,437) width 89: "Hello world"
    RenderBR {BR} at (89,452) size 0x0
    RenderText {#text} at (0,456) size 89x19
      text run at (0,456) width 89: "Hello world"
    RenderBR {BR} at (89,471) size 0x0
    RenderText {#text} at (0,475) size 89x19
      text run at (0,475) width 89: "Hello world"
    RenderBR {BR} at (89,490) size 0x0
    RenderText {#text} at (0,494) size 89x19
      text run at (0,494) width 89: "Hello world"
    RenderBR {BR} at (89,509) size 0x0
    RenderText {#text} at (0,513) size 89x19
      text run at (0,513) width 89: "Hello world"
    RenderBR {BR} at (89,528) size 0x0
    RenderText {#text} at (0,532) size 89x19
      text run at (0,532) width 89: "Hello world"
    RenderBR {BR} at (89,547) size 0x0
    RenderText {#text} at (0,551) size 89x19
      text run at (0,551) width 89: "Hello world"
    RenderBR {BR} at (89,566) size 0x0
    RenderText {#text} at (0,570) size 89x19
      text run at (0,570) width 89: "Hello world"
    RenderBR {BR} at (89,585) size 0x0
    RenderText {#text} at (0,589) size 89x19
      text run at (0,589) width 89: "Hello world"
    RenderBR {BR} at (89,604) size 0x0
    RenderText {#text} at (0,608) size 89x19
      text run at (0,608) width 89: "Hello world"
    RenderBR {BR} at (89,623) size 0x0
    RenderText {#text} at (0,627) size 89x19
      text run at (0,627) width 89: "Hello world"
    RenderBR {BR} at (89,642) size 0x0
    RenderText {#text} at (0,646) size 89x19
      text run at (0,646) width 89: "Hello world"
    RenderBR {BR} at (89,661) size 0x0
    RenderText {#text} at (0,665) size 89x19
      text run at (0,665) width 89: "Hello world"
    RenderBR {BR} at (89,680) size 0x0
    RenderText {#text} at (0,684) size 89x19
      text run at (0,684) width 89: "Hello world"
    RenderBR {BR} at (89,699) size 0x0
    RenderText {#text} at (0,703) size 89x19
      text run at (0,703) width 89: "Hello world"
    RenderBR {BR} at (89,718) size 0x0
    RenderText {#text} at (0,722) size 89x19
      text run at (0,722) width 89: "Hello world"
    RenderBR {BR} at (89,737) size 0x0
    RenderText {#text} at (0,741) size 89x19
      text run at (0,741) width 89: "Hello world"
    RenderBR {BR} at (89,756) size 0x0
    RenderText {#text} at (0,760) size 89x19
      text run at (0,760) width 89: "Hello world"
    RenderBR {BR} at (89,775) size 0x0
    RenderText {#text} at (0,779) size 89x19
      text run at (0,779) width 89: "Hello world"
    RenderBR {BR} at (89,794) size 0x0
    RenderText {#text} at (0,798) size 89x19
      text run at (0,798) width 89: "Hello world"
    RenderBR {BR} at (89,813) size 0x0
    RenderText {#text} at (0,817) size 89x19
      text run at (0,817) width 89: "Hello world"
    RenderBR {BR} at (89,832) size 0x0
    RenderText {#text} at (0,836) size 89x19
      text run at (0,836) width 89: "Hello world"
    RenderBR {BR} at (89,851) size 0x0
    RenderText {#text} at (0,855) size 89x19
      text run at (0,855) width 89: "Hello world"
    RenderBR {BR} at (89,870) size 0x0
    RenderText {#text} at (0,874) size 89x19
      text run at (0,874) width 89: "Hello world"
    RenderBR {BR} at (89,889) size 0x0
