layer at (0,0) size 980x735
  RenderView at (0,0) size 980x735
layer at (0,0) size 980x735
  RenderBlock {HTML} at (0,0) size 980x735
    RenderBody {BODY} at (8,8) size 964x719
layer at (0,42) size 980x693 clip at (0,42) size 965x693 scrollY 153 scrollHeight 846
  RenderBlock (positioned) {DIV} at (0,42) size 980x693
layer at (0,-111) size 711x846 backgroundClip at (0,42) size 965x693 clip at (0,42) size 965x693 outlineClip at (0,42) size 965x693
  RenderBlock (positioned) {DIV} at (0,0) size 711x846
    RenderBlock (anonymous) at (0,0) size 711x19
      RenderText {#text} at (0,0) size 711x19
        text run at (0,0) width 711: "This tests that we can scroll to reveal something in a nested positioned block in overflow."
    RenderBlock {DIV} at (0,19) size 711x800
    RenderBlock (anonymous) at (0,819) size 711x27
      RenderButton {INPUT} at (2,2) size 237x23 [bgcolor=#C0C0C0] [border: (2px outset #C0C0C0)]
        RenderBlock (anonymous) at (5,5) size 229x15
          RenderText at (0,0) size 229x15
            text run at (0,0) width 229: "If you can see this, test has passed"
      RenderText {#text} at (0,0) size 0x0
