layer at (0,0) size 980x735
  RenderView at (0,0) size 980x735
layer at (0,0) size 980x735
  RenderBlock {HTML} at (0,0) size 980x735
    RenderBody {BODY} at (8,8) size 964x719
      RenderTable {TABLE} at (0,0) size 106x106
        RenderTableSection {TBODY} at (0,0) size 106x106
          RenderTableRow {TR} at (0,2) size 106x102
            RenderTableCell {TD} at (2,2) size 102x102 [bgcolor=#CCCCCC] [r=0 c=0 rs=1 cs=1]
      RenderBlock (anonymous) at (0,106) size 964x133
        RenderText {#text} at (0,0) size 954x38
          text run at (0,0) width 954: "Here it is: a gray, one-cell, no-width-specified table, with a 100x100 scrolling (overflow:auto) div inside. In this div, there"
          text run at (0,19) width 471: "are floating (float: left) span tags with content inside (text)."
        RenderBR {BR} at (471,34) size 0x0
        RenderBR {BR} at (0,38) size 0x19
        RenderText {#text} at (0,57) size 941x38
          text run at (0,57) width 941: "You would expect that the table would expand to fit the defined width of the div tag. But in Safari and Shiira, the table"
          text run at (0,76) width 252: "expands to fit the height of the "
        RenderInline {I} at (0,0) size 171x19
          RenderText {#text} at (252,76) size 171x19
            text run at (252,76) width 171: "content inside the div"
        RenderText {#text} at (423,76) size 912x38
          text run at (423,76) width 489: ", not the height of the div. This behavior does not occur if the"
          text run at (0,95) width 175: "content is not floated."
        RenderBR {BR} at (175,110) size 0x0
        RenderBR {BR} at (0,114) size 0x19
layer at (11,11) size 100x100 clip at (11,11) size 85x100 scrollHeight 323
  RenderBlock {DIV} at (1,1) size 100x100
    RenderBlock (floating) {SPAN} at (0,0) size 36x19
      RenderText {#text} at (0,0) size 36x19
        text run at (0,0) width 36: "stuff"
    RenderBlock (floating) {SPAN} at (36,0) size 36x19
      RenderText {#text} at (0,0) size 36x19
        text run at (0,0) width 36: "stuff"
    RenderBlock (floating) {SPAN} at (0,19) size 36x19
      RenderText {#text} at (0,0) size 36x19
        text run at (0,0) width 36: "stuff"
    RenderBlock (floating) {SPAN} at (36,19) size 36x19
      RenderText {#text} at (0,0) size 36x19
        text run at (0,0) width 36: "stuff"
    RenderBlock (floating) {SPAN} at (0,38) size 36x19
      RenderText {#text} at (0,0) size 36x19
        text run at (0,0) width 36: "stuff"
    RenderBlock (floating) {SPAN} at (36,38) size 36x19
      RenderText {#text} at (0,0) size 36x19
        text run at (0,0) width 36: "stuff"
    RenderBlock (floating) {SPAN} at (0,57) size 36x19
      RenderText {#text} at (0,0) size 36x19
        text run at (0,0) width 36: "stuff"
    RenderBlock (floating) {SPAN} at (36,57) size 36x19
      RenderText {#text} at (0,0) size 36x19
        text run at (0,0) width 36: "stuff"
    RenderBlock (floating) {SPAN} at (0,76) size 36x19
      RenderText {#text} at (0,0) size 36x19
        text run at (0,0) width 36: "stuff"
    RenderBlock (floating) {SPAN} at (36,76) size 36x19
      RenderText {#text} at (0,0) size 36x19
        text run at (0,0) width 36: "stuff"
    RenderBlock (floating) {SPAN} at (0,95) size 36x19
      RenderText {#text} at (0,0) size 36x19
        text run at (0,0) width 36: "stuff"
    RenderBlock (floating) {SPAN} at (36,95) size 36x19
      RenderText {#text} at (0,0) size 36x19
        text run at (0,0) width 36: "stuff"
    RenderBlock (floating) {SPAN} at (0,114) size 36x19
      RenderText {#text} at (0,0) size 36x19
        text run at (0,0) width 36: "stuff"
    RenderBlock (floating) {SPAN} at (36,114) size 36x19
      RenderText {#text} at (0,0) size 36x19
        text run at (0,0) width 36: "stuff"
    RenderBlock (floating) {SPAN} at (0,133) size 36x19
      RenderText {#text} at (0,0) size 36x19
        text run at (0,0) width 36: "stuff"
    RenderBlock (floating) {SPAN} at (36,133) size 36x19
      RenderText {#text} at (0,0) size 36x19
        text run at (0,0) width 36: "stuff"
    RenderBlock (floating) {SPAN} at (0,152) size 36x19
      RenderText {#text} at (0,0) size 36x19
        text run at (0,0) width 36: "stuff"
    RenderBlock (floating) {SPAN} at (36,152) size 36x19
      RenderText {#text} at (0,0) size 36x19
        text run at (0,0) width 36: "stuff"
    RenderBlock (floating) {SPAN} at (0,171) size 36x19
      RenderText {#text} at (0,0) size 36x19
        text run at (0,0) width 36: "stuff"
    RenderBlock (floating) {SPAN} at (36,171) size 36x19
      RenderText {#text} at (0,0) size 36x19
        text run at (0,0) width 36: "stuff"
    RenderBlock (floating) {SPAN} at (0,190) size 36x19
      RenderText {#text} at (0,0) size 36x19
        text run at (0,0) width 36: "stuff"
    RenderBlock (floating) {SPAN} at (36,190) size 36x19
      RenderText {#text} at (0,0) size 36x19
        text run at (0,0) width 36: "stuff"
    RenderBlock (floating) {SPAN} at (0,209) size 36x19
      RenderText {#text} at (0,0) size 36x19
        text run at (0,0) width 36: "stuff"
    RenderBlock (floating) {SPAN} at (36,209) size 36x19
      RenderText {#text} at (0,0) size 36x19
        text run at (0,0) width 36: "stuff"
    RenderBlock (floating) {SPAN} at (0,228) size 36x19
      RenderText {#text} at (0,0) size 36x19
        text run at (0,0) width 36: "stuff"
    RenderBlock (floating) {SPAN} at (36,228) size 36x19
      RenderText {#text} at (0,0) size 36x19
        text run at (0,0) width 36: "stuff"
    RenderBlock (floating) {SPAN} at (0,247) size 36x19
      RenderText {#text} at (0,0) size 36x19
        text run at (0,0) width 36: "stuff"
    RenderBlock (floating) {SPAN} at (36,247) size 36x19
      RenderText {#text} at (0,0) size 36x19
        text run at (0,0) width 36: "stuff"
    RenderBlock (floating) {SPAN} at (0,266) size 36x19
      RenderText {#text} at (0,0) size 36x19
        text run at (0,0) width 36: "stuff"
    RenderBlock (floating) {SPAN} at (36,266) size 36x19
      RenderText {#text} at (0,0) size 36x19
        text run at (0,0) width 36: "stuff"
    RenderBlock (floating) {SPAN} at (0,285) size 36x19
      RenderText {#text} at (0,0) size 36x19
        text run at (0,0) width 36: "stuff"
    RenderBlock (floating) {SPAN} at (36,285) size 36x19
      RenderText {#text} at (0,0) size 36x19
        text run at (0,0) width 36: "stuff"
    RenderBlock (floating) {SPAN} at (0,304) size 36x19
      RenderText {#text} at (0,0) size 36x19
        text run at (0,0) width 36: "stuff"
    RenderBlock (floating) {SPAN} at (36,304) size 36x19
      RenderText {#text} at (0,0) size 36x19
        text run at (0,0) width 36: "stuff"
