layer at (0,0) size 980x735
  RenderView at (0,0) size 980x735
layer at (0,0) size 980x35
  RenderBlock {html} at (0,0) size 980x35
    RenderBody {body} at (8,8) size 964x19
      RenderBlock {address} at (0,0) size 964x16 [bgcolor=#00FF00]
        RenderInline {span} at (0,0) size 0x0
      RenderBlock {div} at (0,0) size 964x19
        RenderText {#text} at (0,0) size 338x19
          text run at (0,0) width 338: "This line should have a green background."
