layer at (0,0) size 980x735
  RenderView at (0,0) size 980x735
layer at (0,0) size 980x156
  RenderBlock {html} at (0,0) size 980x156
    RenderBody {body} at (8,16) size 964x124
      RenderBlock {p} at (0,0) size 964x19 [bgcolor=#00FF00]
        RenderText {#text} at (0,0) size 389x19
          text run at (0,0) width 389: "This paragraph should have a green background"
      RenderBlock {q} at (0,35) size 964x19
        RenderText {#text} at (0,0) size 280x19
          text run at (0,0) width 280: "This paragraph should be unstyled."
      RenderBlock {r} at (0,70) size 964x19 [bgcolor=#00FF00]
        RenderText {#text} at (0,0) size 394x19
          text run at (0,0) width 394: "This paragraph should have a green background."
      RenderBlock {s} at (0,105) size 964x19
        RenderText {#text} at (0,0) size 280x19
          text run at (0,0) width 280: "This paragraph should be unstyled."
