layer at (0,0) size 980x735
  RenderView at (0,0) size 980x735
layer at (0,0) size 980x35
  RenderBlock {html} at (0,0) size 980x35
    RenderBody {body} at (8,8) size 964x19
      RenderInline {testa} at (0,0) size 389x19 [bgcolor=#00FF00]
        RenderText {#text} at (0,0) size 389x19
          text run at (0,0) width 389: "This paragraph should have a green background"
      RenderText {#text} at (0,0) size 0x0
