layer at (0,0) size 980x735
  RenderView at (0,0) size 980x735
layer at (0,0) size 980x51
  RenderBlock {html} at (0,0) size 980x51
    RenderBody {body} at (8,16) size 964x19
      RenderBlock {p} at (0,0) size 964x19 [bgcolor=#00FF00]
        RenderText {#text} at (0,0) size 260x19
          text run at (0,0) width 260: "This paragraph should be green."
