layer at (0,0) size 980x735
  RenderView at (0,0) size 980x735
layer at (0,0) size 980x400
  RenderBlock {html} at (0,0) size 980x400
    RenderBody {body} at (8,16) size 964x368
      RenderBlock {p} at (0,0) size 964x19
        RenderText {#text} at (0,0) size 408x19
          text run at (0,0) width 408: "This paragraph is here only to fill space in the DOM"
      RenderBlock {address} at (0,35) size 964x19
        RenderText {#text} at (0,0) size 173x19
          text run at (0,0) width 173: "And this address too.."
      RenderBlock {p} at (0,70) size 964x19
        RenderText {#text} at (0,0) size 196x19
          text run at (0,0) width 196: "So does this paragraph !"
      RenderBlock {p} at (0,105) size 964x19 [bgcolor=#00FF00]
        RenderText {#text} at (0,0) size 348x19
          text run at (0,0) width 348: "But this one should have green background"
      RenderBlock {dl} at (0,140) size 964x228
        RenderBlock {dt} at (0,0) size 964x19 [bgcolor=#00FF00]
          RenderText {#text} at (0,0) size 447x19
            text run at (0,0) width 447: "First definition term that should have green background"
        RenderBlock {dd} at (40,19) size 924x19 [bgcolor=#00FF00]
          RenderText {#text} at (0,0) size 403x19
            text run at (0,0) width 403: "First definition that should have green background"
        RenderBlock {dt} at (0,38) size 964x19
          RenderText {#text} at (0,0) size 182x19
            text run at (0,0) width 182: "Second definition term"
        RenderBlock {dd} at (40,57) size 924x19
          RenderText {#text} at (0,0) size 138x19
            text run at (0,0) width 138: "Second definition"
        RenderBlock {dt} at (0,76) size 964x19
          RenderText {#text} at (0,0) size 164x19
            text run at (0,0) width 164: "Third definition term"
        RenderBlock {dd} at (40,95) size 924x19
          RenderText {#text} at (0,0) size 120x19
            text run at (0,0) width 120: "Third definition"
        RenderBlock {dt} at (0,114) size 964x19 [bgcolor=#00FF00]
          RenderText {#text} at (0,0) size 465x19
            text run at (0,0) width 465: "Fourth definition term that should have green background"
        RenderBlock {dd} at (40,133) size 924x19 [bgcolor=#00FF00]
          RenderText {#text} at (0,0) size 421x19
            text run at (0,0) width 421: "Fourth definition that should have green background"
        RenderBlock {dt} at (0,152) size 964x19
          RenderText {#text} at (0,0) size 158x19
            text run at (0,0) width 158: "Fifth definition term"
        RenderBlock {dd} at (40,171) size 924x19
          RenderText {#text} at (0,0) size 114x19
            text run at (0,0) width 114: "Fifth definition"
        RenderBlock {dt} at (0,190) size 964x19
          RenderText {#text} at (0,0) size 162x19
            text run at (0,0) width 162: "Sixth definition term"
        RenderBlock {dd} at (40,209) size 924x19
          RenderText {#text} at (0,0) size 118x19
            text run at (0,0) width 118: "Sixth definition"
