layer at (0,0) size 980x735
  RenderView at (0,0) size 980x735
layer at (0,0) size 980x121
  RenderBlock {html} at (0,0) size 980x121
    RenderBody {body} at (8,16) size 964x89
      RenderBlock {div} at (0,0) size 964x89
        RenderBlock {div} at (0,0) size 964x89
          RenderBlock {p} at (0,0) size 964x19 [bgcolor=#FF0000]
            RenderText {#text} at (0,0) size 251x19
              text run at (0,0) width 251: "This line should be unstyled. (2)"
          RenderBlock {p} at (0,35) size 964x19
            RenderText {#text} at (0,0) size 365x19
              text run at (0,0) width 365: "This line should have a green background. (3)"
          RenderBlock {p} at (0,70) size 964x19
            RenderText {#text} at (0,0) size 351x19
              text run at (0,0) width 351: "This line should be unstyled. (4 moving to 1)"
