layer at (0,0) size 980x735
  RenderView at (0,0) size 980x735
layer at (0,0) size 980x51
  RenderBlock {html} at (0,0) size 980x51
    RenderBody {body} at (8,16) size 964x19
      RenderBlock {p} at (0,0) size 964x19
        RenderInline {a} at (0,0) size 483x19 [color=#551A8B] [bgcolor=#00FF00]
          RenderText {#text} at (0,0) size 483x19
            text run at (0,0) width 483: "You should see a green background assigned by the anchor."
        RenderText {#text} at (0,0) size 0x0
