layer at (0,0) size 980x735
  RenderView at (0,0) size 980x735
layer at (0,0) size 980x51
  RenderBlock {html} at (0,0) size 980x51
    RenderBody {body} at (8,16) size 964x19
      RenderBlock {p} at (0,0) size 964x19
        RenderInline {a} at (0,0) size 489x19 [color=#000080]
          RenderText {#text} at (0,0) size 53x19
            text run at (0,0) width 53: "Hover "
          RenderInline {strong} at (0,0) size 41x19
            RenderText {#text} at (53,0) size 41x19
              text run at (53,0) width 41: "here"
          RenderText {#text} at (94,0) size 192x19
            text run at (94,0) width 192: " and the background of "
          RenderInline {span} at (0,0) size 198x19
            RenderText {#text} at (286,0) size 198x19
              text run at (286,0) width 198: "this text should go green"
          RenderText {#text} at (484,0) size 5x19
            text run at (484,0) width 5: "."
