layer at (0,0) size 980x735
  RenderView at (0,0) size 980x735
layer at (0,0) size 980x43
  RenderBlock {html} at (0,0) size 980x43
    RenderBody {body} at (8,8) size 964x19
      RenderBlock {div} at (0,0) size 964x19
        RenderBlock {t} at (0,0) size 964x19 [color=#008000]
          RenderText {#text} at (0,0) size 370x19
            text run at (0,0) width 370: "This paragraph should be in green characters."
