layer at (0,0) size 980x735
  RenderView at (0,0) size 980x735
layer at (0,0) size 980x533
  RenderBlock {html} at (0,0) size 980x533
    RenderBody {body} at (8,16) size 964x509
      RenderBlock {ul} at (0,0) size 964x114
        RenderListItem {li} at (40,0) size 924x19
          RenderListMarker at (-18,0) size 7x19: bullet
          RenderText {#text} at (0,0) size 102x19
            text run at (0,0) width 102: "First list item"
        RenderListItem {li} at (40,19) size 924x19 [bgcolor=#00FF00]
          RenderListMarker at (-18,0) size 7x19: bullet
          RenderText {#text} at (0,0) size 430x19
            text run at (0,0) width 430: "This second list item should have a green background"
        RenderListItem {li} at (40,38) size 924x19
          RenderListMarker at (-18,0) size 7x19: bullet
          RenderText {#text} at (0,0) size 68x19
            text run at (0,0) width 68: "Third list"
        RenderListItem {li} at (40,57) size 924x19 [bgcolor=#00FF00]
          RenderListMarker at (-18,0) size 7x19: bullet
          RenderText {#text} at (0,0) size 422x19
            text run at (0,0) width 422: "This fourth list item should have a green background"
        RenderListItem {li} at (40,76) size 924x19
          RenderListMarker at (-18,0) size 7x19: bullet
          RenderText {#text} at (0,0) size 103x19
            text run at (0,0) width 103: "Fifth list item"
        RenderListItem {li} at (40,95) size 924x19 [bgcolor=#00FF00]
          RenderListMarker at (-18,0) size 7x19: bullet
          RenderText {#text} at (0,0) size 410x19
            text run at (0,0) width 410: "This sixth list item should have a green background"
      RenderBlock {ol} at (0,130) size 964x114
        RenderListItem {li} at (40,0) size 924x19 [bgcolor=#00FF00]
          RenderListMarker at (-25,0) size 20x19: "1"
          RenderText {#text} at (0,0) size 404x19
            text run at (0,0) width 404: "This first list item should have a green background"
        RenderListItem {li} at (40,19) size 924x19
          RenderListMarker at (-25,0) size 20x19: "2"
          RenderText {#text} at (0,0) size 127x19
            text run at (0,0) width 127: "Second list item"
        RenderListItem {li} at (40,38) size 924x19 [bgcolor=#00FF00]
          RenderListMarker at (-25,0) size 20x19: "3"
          RenderText {#text} at (0,0) size 410x19
            text run at (0,0) width 410: "This third list item should have a green background"
        RenderListItem {li} at (40,57) size 924x19
          RenderListMarker at (-25,0) size 20x19: "4"
          RenderText {#text} at (0,0) size 120x19
            text run at (0,0) width 120: "Fourth list item"
        RenderListItem {li} at (40,76) size 924x19 [bgcolor=#00FF00]
          RenderListMarker at (-25,0) size 20x19: "5"
          RenderText {#text} at (0,0) size 405x19
            text run at (0,0) width 405: "This fifth list item should have a green background"
        RenderListItem {li} at (40,95) size 924x19
          RenderListMarker at (-25,0) size 20x19: "6"
          RenderText {#text} at (0,0) size 107x19
            text run at (0,0) width 107: "Sixth list item"
      RenderBlock {div} at (0,260) size 964x249
        RenderTable {table} at (0,0) size 196x154 [border: (1px outset #808080)]
          RenderTableSection (anonymous) at (1,1) size 194x152
            RenderTableRow {tr} at (0,2) size 194x23
              RenderTableCell {td} at (2,2) size 128x23 [border: (1px solid #000000)] [r=0 c=0 rs=1 cs=1]
                RenderText {#text} at (2,2) size 25x19
                  text run at (2,2) width 25: "1.1"
              RenderTableCell {td} at (132,2) size 29x23 [border: (1px solid #000000)] [r=0 c=1 rs=1 cs=1]
                RenderText {#text} at (2,2) size 25x19
                  text run at (2,2) width 25: "1.2"
              RenderTableCell {td} at (163,2) size 29x23 [border: (1px solid #000000)] [r=0 c=2 rs=1 cs=1]
                RenderText {#text} at (2,2) size 25x19
                  text run at (2,2) width 25: "1.3"
            RenderTableRow {tr} at (0,27) size 194x23
              RenderTableCell {td} at (2,27) size 128x23 [border: (1px solid #000000)] [r=1 c=0 rs=1 cs=1]
                RenderText {#text} at (2,2) size 25x19
                  text run at (2,2) width 25: "2.1"
              RenderTableCell {td} at (132,27) size 29x23 [border: (1px solid #000000)] [r=1 c=1 rs=1 cs=1]
                RenderText {#text} at (2,2) size 25x19
                  text run at (2,2) width 25: "2.2"
              RenderTableCell {td} at (163,27) size 29x23 [border: (1px solid #000000)] [r=1 c=2 rs=1 cs=1]
                RenderText {#text} at (2,2) size 25x19
                  text run at (2,2) width 25: "2.3"
            RenderTableRow {tr} at (0,52) size 194x23
              RenderTableCell {td} at (2,52) size 128x23 [border: (1px solid #000000)] [r=2 c=0 rs=1 cs=1]
                RenderText {#text} at (2,2) size 25x19
                  text run at (2,2) width 25: "3.1"
              RenderTableCell {td} at (132,52) size 29x23 [border: (1px solid #000000)] [r=2 c=1 rs=1 cs=1]
                RenderText {#text} at (2,2) size 25x19
                  text run at (2,2) width 25: "3.2"
              RenderTableCell {td} at (163,52) size 29x23 [border: (1px solid #000000)] [r=2 c=2 rs=1 cs=1]
                RenderText {#text} at (2,2) size 25x19
                  text run at (2,2) width 25: "3.3"
            RenderTableRow {tr} at (0,77) size 194x23
              RenderTableCell {td} at (2,77) size 128x23 [border: (1px solid #000000)] [r=3 c=0 rs=1 cs=1]
                RenderText {#text} at (2,2) size 25x19
                  text run at (2,2) width 25: "4.1"
              RenderTableCell {td} at (132,77) size 29x23 [border: (1px solid #000000)] [r=3 c=1 rs=1 cs=1]
                RenderText {#text} at (2,2) size 25x19
                  text run at (2,2) width 25: "4.2"
              RenderTableCell {td} at (163,77) size 29x23 [border: (1px solid #000000)] [r=3 c=2 rs=1 cs=1]
                RenderText {#text} at (2,2) size 25x19
                  text run at (2,2) width 25: "4.3"
            RenderTableRow {tr} at (0,102) size 194x23 [bgcolor=#00FF00]
              RenderTableCell {td} at (2,102) size 128x23 [border: (1px solid #000000)] [r=4 c=0 rs=1 cs=1]
                RenderText {#text} at (2,2) size 124x19
                  text run at (2,2) width 124: "Green row : 5.1"
              RenderTableCell {td} at (132,102) size 29x23 [border: (1px solid #000000)] [r=4 c=1 rs=1 cs=1]
                RenderText {#text} at (2,2) size 25x19
                  text run at (2,2) width 25: "5.2"
              RenderTableCell {td} at (163,102) size 29x23 [border: (1px solid #000000)] [r=4 c=2 rs=1 cs=1]
                RenderText {#text} at (2,2) size 25x19
                  text run at (2,2) width 25: "5.3"
            RenderTableRow {tr} at (0,127) size 194x23 [bgcolor=#00FF00]
              RenderTableCell {td} at (2,127) size 128x23 [border: (1px solid #000000)] [r=5 c=0 rs=1 cs=1]
                RenderText {#text} at (2,2) size 124x19
                  text run at (2,2) width 124: "Green row : 6.1"
              RenderTableCell {td} at (132,127) size 29x23 [border: (1px solid #000000)] [r=5 c=1 rs=1 cs=1]
                RenderText {#text} at (2,2) size 25x19
                  text run at (2,2) width 25: "6.2"
              RenderTableCell {td} at (163,127) size 29x23 [border: (1px solid #000000)] [r=5 c=2 rs=1 cs=1]
                RenderText {#text} at (2,2) size 25x19
                  text run at (2,2) width 25: "6.3"
        RenderBlock {p} at (0,170) size 964x0
        RenderTable {table} at (0,170) size 522x79 [border: (1px outset #808080)]
          RenderTableSection (anonymous) at (1,1) size 520x77
            RenderTableRow {tr} at (0,2) size 520x23
              RenderTableCell {td} at (2,2) size 29x23 [border: (1px solid #000000)] [r=0 c=0 rs=1 cs=1]
                RenderText {#text} at (2,2) size 25x19
                  text run at (2,2) width 25: "1.1"
              RenderTableCell {td} at (33,2) size 83x23 [bgcolor=#00FF00] [border: (1px solid #000000)] [r=0 c=1 rs=1 cs=1]
                RenderText {#text} at (2,2) size 79x19
                  text run at (2,2) width 79: "green cell"
              RenderTableCell {td} at (118,2) size 83x23 [bgcolor=#00FF00] [border: (1px solid #000000)] [r=0 c=2 rs=1 cs=1]
                RenderText {#text} at (2,2) size 79x19
                  text run at (2,2) width 79: "green cell"
              RenderTableCell {td} at (203,2) size 29x23 [border: (1px solid #000000)] [r=0 c=3 rs=1 cs=1]
                RenderText {#text} at (2,2) size 25x19
                  text run at (2,2) width 25: "1.4"
              RenderTableCell {td} at (234,2) size 83x23 [bgcolor=#00FF00] [border: (1px solid #000000)] [r=0 c=4 rs=1 cs=1]
                RenderText {#text} at (2,2) size 79x19
                  text run at (2,2) width 79: "green cell"
              RenderTableCell {td} at (319,2) size 83x23 [bgcolor=#00FF00] [border: (1px solid #000000)] [r=0 c=5 rs=1 cs=1]
                RenderText {#text} at (2,2) size 79x19
                  text run at (2,2) width 79: "green cell"
              RenderTableCell {td} at (404,2) size 29x23 [border: (1px solid #000000)] [r=0 c=6 rs=1 cs=1]
                RenderText {#text} at (2,2) size 25x19
                  text run at (2,2) width 25: "1.7"
              RenderTableCell {td} at (435,2) size 83x23 [bgcolor=#00FF00] [border: (1px solid #000000)] [r=0 c=7 rs=1 cs=1]
                RenderText {#text} at (2,2) size 79x19
                  text run at (2,2) width 79: "green cell"
            RenderTableRow {tr} at (0,27) size 520x23
              RenderTableCell {td} at (2,27) size 29x23 [border: (1px solid #000000)] [r=1 c=0 rs=1 cs=1]
                RenderText {#text} at (2,2) size 25x19
                  text run at (2,2) width 25: "2.1"
              RenderTableCell {td} at (33,27) size 83x23 [bgcolor=#00FF00] [border: (1px solid #000000)] [r=1 c=1 rs=1 cs=1]
                RenderText {#text} at (2,2) size 79x19
                  text run at (2,2) width 79: "green cell"
              RenderTableCell {td} at (118,27) size 83x23 [bgcolor=#00FF00] [border: (1px solid #000000)] [r=1 c=2 rs=1 cs=1]
                RenderText {#text} at (2,2) size 79x19
                  text run at (2,2) width 79: "green cell"
              RenderTableCell {td} at (203,27) size 29x23 [border: (1px solid #000000)] [r=1 c=3 rs=1 cs=1]
                RenderText {#text} at (2,2) size 25x19
                  text run at (2,2) width 25: "2.4"
              RenderTableCell {td} at (234,27) size 83x23 [bgcolor=#00FF00] [border: (1px solid #000000)] [r=1 c=4 rs=1 cs=1]
                RenderText {#text} at (2,2) size 79x19
                  text run at (2,2) width 79: "green cell"
              RenderTableCell {td} at (319,27) size 83x23 [bgcolor=#00FF00] [border: (1px solid #000000)] [r=1 c=5 rs=1 cs=1]
                RenderText {#text} at (2,2) size 79x19
                  text run at (2,2) width 79: "green cell"
              RenderTableCell {td} at (404,27) size 29x23 [border: (1px solid #000000)] [r=1 c=6 rs=1 cs=1]
                RenderText {#text} at (2,2) size 25x19
                  text run at (2,2) width 25: "2.7"
              RenderTableCell {td} at (435,27) size 83x23 [bgcolor=#00FF00] [border: (1px solid #000000)] [r=1 c=7 rs=1 cs=1]
                RenderText {#text} at (2,2) size 79x19
                  text run at (2,2) width 79: "green cell"
            RenderTableRow {tr} at (0,52) size 520x23
              RenderTableCell {td} at (2,52) size 29x23 [border: (1px solid #000000)] [r=2 c=0 rs=1 cs=1]
                RenderText {#text} at (2,2) size 25x19
                  text run at (2,2) width 25: "3.1"
              RenderTableCell {td} at (33,52) size 83x23 [bgcolor=#00FF00] [border: (1px solid #000000)] [r=2 c=1 rs=1 cs=1]
                RenderText {#text} at (2,2) size 79x19
                  text run at (2,2) width 79: "green cell"
              RenderTableCell {td} at (118,52) size 83x23 [bgcolor=#00FF00] [border: (1px solid #000000)] [r=2 c=2 rs=1 cs=1]
                RenderText {#text} at (2,2) size 79x19
                  text run at (2,2) width 79: "green cell"
              RenderTableCell {td} at (203,52) size 29x23 [border: (1px solid #000000)] [r=2 c=3 rs=1 cs=1]
                RenderText {#text} at (2,2) size 25x19
                  text run at (2,2) width 25: "3.4"
              RenderTableCell {td} at (234,52) size 83x23 [bgcolor=#00FF00] [border: (1px solid #000000)] [r=2 c=4 rs=1 cs=1]
                RenderText {#text} at (2,2) size 79x19
                  text run at (2,2) width 79: "green cell"
              RenderTableCell {td} at (319,52) size 83x23 [bgcolor=#00FF00] [border: (1px solid #000000)] [r=2 c=5 rs=1 cs=1]
                RenderText {#text} at (2,2) size 79x19
                  text run at (2,2) width 79: "green cell"
              RenderTableCell {td} at (404,52) size 29x23 [border: (1px solid #000000)] [r=2 c=6 rs=1 cs=1]
                RenderText {#text} at (2,2) size 25x19
                  text run at (2,2) width 25: "3.7"
              RenderTableCell {td} at (435,52) size 83x23 [bgcolor=#00FF00] [border: (1px solid #000000)] [r=2 c=7 rs=1 cs=1]
                RenderText {#text} at (2,2) size 79x19
                  text run at (2,2) width 79: "green cell"
