layer at (0,0) size 980x735
  RenderView at (0,0) size 980x735
layer at (0,0) size 980x78
  RenderBlock {html} at (0,0) size 980x78
    RenderBody {body} at (8,8) size 964x54
      RenderBlock {div} at (0,0) size 964x54
        RenderBlock {q} at (0,0) size 964x19 [color=#FF0000]
          RenderBlock {r} at (0,0) size 964x19 [color=#00FF00]
            RenderText {#text} at (0,0) size 312x19
              text run at (0,0) width 312: "This text should be in green characters"
        RenderBlock {s} at (0,35) size 964x19 [color=#00FF00]
          RenderText {#text} at (0,0) size 312x19
            text run at (0,0) width 312: "This text should be in green characters"
