layer at (0,0) size 980x735
  RenderView at (0,0) size 980x735
layer at (0,0) size 980x70
  RenderBlock {html} at (0,0) size 980x70
    RenderBody {body} at (8,16) size 964x38
      RenderBlock {p} at (0,0) size 964x38 [color=#008000]
        RenderBR {br} at (0,0) size 0x19
        RenderText {#text} at (0,19) size 204x19
          text run at (0,19) width 204: "This line should be green."
