layer at (0,0) size 980x735
  RenderView at (0,0) size 980x735
layer at (0,0) size 980x191
  RenderBlock {html} at (0,0) size 980x191
    RenderBody {body} at (8,16) size 964x159
      RenderBlock {div} at (0,0) size 964x159
        RenderBlock {p} at (0,0) size 964x19
          RenderText {#text} at (0,0) size 280x19
            text run at (0,0) width 280: "This paragraph should be unstyled."
        RenderBlock {p} at (0,35) size 964x19 [bgcolor=#00FF00]
          RenderText {#text} at (0,0) size 368x19
            text run at (0,0) width 368: "But this one should have a green background."
        RenderBlock {p} at (0,70) size 964x19 [bgcolor=#00FF00]
          RenderText {#text} at (0,0) size 409x19
            text run at (0,0) width 409: "And this one should also have a green background."
        RenderBlock {address} at (0,105) size 964x19
          RenderText {#text} at (0,0) size 552x19
            text run at (0,0) width 552: "This address is only here to fill some space between two paragraphs."
        RenderBlock {p} at (0,140) size 964x19
          RenderText {#text} at (0,0) size 280x19
            text run at (0,0) width 280: "This paragraph should be unstyled."
