layer at (0,0) size 980x735
  RenderView at (0,0) size 980x735
layer at (0,0) size 980x70
  RenderBlock {html} at (0,0) size 980x70
    RenderBody {body} at (8,16) size 964x38
      RenderBlock {p} at (0,0) size 964x38 [bgcolor=#00FF00]
        RenderText {#text} at (0,0) size 389x19
          text run at (0,0) width 389: "This paragraph should have a green background"
        RenderBR {br} at (389,0) size 0x19
        RenderText {#text} at (0,19) size 339x19
          text run at (0,19) width 339: "because its title attribute begins with \"foo\""
