layer at (0,0) size 980x735
  RenderView at (0,0) size 980x735
layer at (0,0) size 980x400
  RenderBlock {HTML} at (0,0) size 980x400
    RenderBody {BODY} at (0,0) size 980x400
      RenderBlock {DIV} at (0,0) size 400x400 [bgcolor=#00FF00]
        RenderEmbeddedObject {OBJECT} at (0,50) size 50x50
          layer at (0,0) size 50x50
            RenderView at (0,0) size 50x50
          layer at (0,0) size 50x50
            RenderSVGRoot {svg} at (0,0) size 0x0
        RenderText {#text} at (50,85) size 5x19
          text run at (50,85) width 5: " "
        RenderEmbeddedObject {EMBED} at (55,50) size 50x50
          layer at (0,0) size 50x50
            RenderView at (0,0) size 50x50
          layer at (0,0) size 50x50
            RenderSVGRoot {svg} at (0,0) size 0x0
        RenderText {#text} at (105,85) size 5x19
          text run at (105,85) width 5: " "
        RenderPartObject {IFRAME} at (110,0) size 100x100
          layer at (0,0) size 100x100
            RenderView at (0,0) size 100x100
          layer at (0,0) size 100x100
            RenderSVGRoot {svg} at (0,0) size 0x0
        RenderText {#text} at (210,85) size 5x19
          text run at (210,85) width 5: " "
        RenderEmbeddedObject {OBJECT} at (215,50) size 50x50
          layer at (0,0) size 50x50
            RenderView at (0,0) size 50x50
          layer at (0,0) size 50x50
            RenderSVGRoot {svg} at (0,0) size 0x0
        RenderText {#text} at (265,85) size 5x19
          text run at (265,85) width 5: " "
        RenderEmbeddedObject {OBJECT} at (270,50) size 50x50
          layer at (0,0) size 50x50
            RenderView at (0,0) size 50x50
          layer at (0,0) size 50x50
            RenderSVGRoot {svg} at (0,0) size 0x0
