layer at (0,0) size 980x798
  RenderView at (0,0) size 980x735
layer at (0,0) size 980x798
  RenderBlock {HTML} at (0,0) size 980x798
    RenderBody {BODY} at (8,16) size 964x774
      RenderBlock {P} at (0,0) size 964x19
        RenderText {#text} at (0,0) size 223x19
          text run at (0,0) width 223: "This circle is drawn via SVG."
      RenderBlock (anonymous) at (0,35) size 964x739
        RenderSVGRoot {svg} at (8,51) size 40x40
          RenderSVGEllipse {circle} at (8,51) size 40x40 [fill={[type=SOLID] [color=#008000]}] [cx=20.00] [cy=20.00] [r=20.00]
        RenderText {#text} at (0,0) size 0x0
