layer at (0,0) size 800x600
  RenderView at (0,0) size 800x600
layer at (0,0) size 800x600
  RenderBlock {HTML} at (0,0) size 800x600
    RenderBody {BODY} at (8,8) size 784x584
      RenderText {#text} at (0,0) size 22x14
        text run at (0,0) width 22: "Foo "
      RenderText {#text} at (22,0) size 57x14
        text run at (22,0) width 57: "Hello world"
