layer at (0,0) size 800x600
  RenderView at (0,0) size 800x600
layer at (0,0) size 800x600
  RenderBlock {HTML} at (0,0) size 800x600
    RenderBody {BODY} at (8,8) size 784x584
      RenderText {#text} at (0,0) size 17x14
        text run at (0,0) width 17: "text"
      RenderText {#text} at (17,0) size 19x14
        text run at (17,0) width 3: " "
        text run at (20,0) width 16: "test"
