layer at (0,0) size 980x735
  RenderView at (0,0) size 980x735
layer at (0,0) size 980x735
  RenderBlock {HTML} at (0,0) size 980x735
    RenderBody {BODY} at (0,0) size 980x719
      RenderBlock {P} at (0,0) size 980x19
        RenderText {#text} at (0,0) size 36x19
          text run at (0,0) width 36: "Bug "
        RenderInline {A} at (0,0) size 50x19 [color=#0000EE]
          RenderText {#text} at (36,0) size 50x19
            text run at (36,0) width 50: "29495"
        RenderText {#text} at (86,0) size 408x19
          text run at (86,0) width 408: ". You should see one green box below, with no red."
layer at (10,60) size 50x50
  RenderBlock (positioned) {DIV} at (10,60) size 50x50 [bgcolor=#FF0000]
layer at (10,10) size 100x100
  RenderBlock (positioned) {DIV} at (0,0) size 100x100 [bgcolor=#008000]
