layer at (0,0) size 800x678
  RenderView at (0,0) size 800x600
layer at (0,0) size 800x678
  RenderBlock {HTML} at (0,0) size 800x678
    RenderBody {BODY} at (8,8) size 784x660
      RenderBlock {P} at (0,0) size 784x28
        RenderText {#text} at (0,14) size 316x14
          text run at (0,14) width 316: "The blue borders should coincide with light blue squares, like this: "
        RenderBlock {SPAN} at (316,0) size 25x25 [bgcolor=#ADD8E6] [border: (3px solid #0000FF7F)]
        RenderText {#text} at (341,14) size 147x14
          text run at (341,14) width 6: ". "
          text run at (347,14) width 141: "There should be none of this: "
        RenderBlock {SPAN} at (488,0) size 25x25 [bgcolor=#ADD8E6]
        RenderText {#text} at (513,14) size 39x14
          text run at (513,14) width 3: " "
          text run at (516,14) width 36: "or this: "
        RenderBlock {SPAN} at (552,0) size 25x25 [border: (3px solid #0000FF7F)]
        RenderText {#text} at (577,14) size 3x14
          text run at (577,14) width 3: "."
      RenderBlock {P} at (0,558) size 784x14
        RenderText {#text} at (0,0) size 473x14
          text run at (0,0) width 473: "Except here, where the blue border should be around the bigger slice of the blue square, on the right."
layer at (8,48) size 136x76
  RenderBlock {DIV} at (0,40) size 136x76 [color=#ADD8E6] [border: (3px solid #000000)]
    RenderBR {BR} at (13,13) size 0x25
    RenderText {#text} at (13,38) size 25x75
      text run at (13,38) width 25: "x"
      text run at (13,63) width 25: "y"
      text run at (13,88) width 25: "z"
layer at (8,134) size 136x76
  RenderBlock {DIV} at (0,126) size 136x76 [color=#ADD8E6] [border: (3px solid #000000)]
    RenderBR {BR} at (13,13) size 0x25
    RenderInline {SPAN} at (0,0) size 25x75
      RenderText {#text} at (13,38) size 25x75
        text run at (13,38) width 25: "x"
        text run at (13,63) width 25: "y"
        text run at (13,88) width 25: "z"
    RenderText {#text} at (0,0) size 0x0
layer at (8,220) size 136x76
  RenderBlock {DIV} at (0,212) size 136x76 [color=#ADD8E6] [border: (3px solid #000000)]
    RenderBlock (anonymous) at (13,13) size 50x25
      RenderBR {BR} at (0,0) size 0x25
    RenderBlock {DIV} at (13,38) size 50x75
      RenderText {#text} at (0,0) size 25x75
        text run at (0,0) width 25: "x"
        text run at (0,25) width 25: "y"
        text run at (0,50) width 25: "z"
layer at (8,306) size 136x76
  RenderBlock {DIV} at (0,298) size 136x76 [color=#ADD8E6] [border: (3px solid #000000)]
    RenderBlock (anonymous) at (13,13) size 50x25
      RenderBR {BR} at (0,0) size 0x25
    RenderBlock {DIV} at (13,38) size 50x75
      RenderBR {BR} at (0,0) size 0x25
      RenderText {#text} at (0,25) size 25x50
        text run at (0,25) width 25: "y"
        text run at (0,50) width 25: "z"
layer at (8,392) size 136x76
  RenderBlock {DIV} at (0,384) size 136x76 [color=#ADD8E6] [border: (3px solid #000000)]
    RenderBlock (anonymous) at (13,13) size 50x25
      RenderBR {BR} at (0,0) size 0x25
    RenderBlock {DIV} at (13,38) size 50x54
      RenderBR {BR} at (0,0) size 0x25
      RenderSlider {INPUT} at (2,27) size 25x25 [color=#000000] [bgcolor=#ADD8E6]
        RenderDeprecatedFlexibleBox {DIV} at (0,0) size 25x25
          RenderBlock {DIV} at (0,12) size 25x0
          RenderBlock {DIV} at (25,12) size 0x0
layer at (8,478) size 136x76
  RenderBlock {DIV} at (0,470) size 136x76 [color=#ADD8E6] [border: (3px solid #000000)]
    RenderBlock (anonymous) at (13,13) size 50x25
      RenderBR {BR} at (0,0) size 0x25
    RenderBlock {DIV} at (13,38) size 50x50
      RenderBR {BR} at (0,0) size 0x25
      RenderImage {IMG} at (0,25) size 25x25 [bgcolor=#ADD8E6]
layer at (8,592) size 136x76
  RenderBlock {DIV} at (0,584) size 136x76 [color=#ADD8E6] [border: (3px solid #000000)]
    RenderBlock {DIV} at (13,53) size 25x25 [bgcolor=#ADD8E6]
layer at (21,86) size 25x25
  RenderBlock (positioned) {DIV} at (21,86) size 25x25 [border: (3px solid #0000FF7F)]
layer at (81,61) size 25x25
  RenderBlock (positioned) {DIV} at (81,61) size 25x25 [border: (3px solid #0000FF7F)]
layer at (81,86) size 25x25
  RenderBlock (positioned) {DIV} at (81,86) size 25x25 [border: (3px solid #0000FF7F)]
layer at (21,172) size 25x25
  RenderBlock (positioned) {DIV} at (21,172) size 25x25 [border: (3px solid #0000FF7F)]
layer at (81,147) size 25x25
  RenderBlock (positioned) {DIV} at (81,147) size 25x25 [border: (3px solid #0000FF7F)]
layer at (81,172) size 25x25
  RenderBlock (positioned) {DIV} at (81,172) size 25x25 [border: (3px solid #0000FF7F)]
layer at (21,258) size 25x25
  RenderBlock (positioned) {DIV} at (21,258) size 25x25 [border: (3px solid #0000FF7F)]
layer at (81,233) size 25x25
  RenderBlock (positioned) {DIV} at (81,233) size 25x25 [border: (3px solid #0000FF7F)]
layer at (81,258) size 25x25
  RenderBlock (positioned) {DIV} at (81,258) size 25x25 [border: (3px solid #0000FF7F)]
layer at (81,319) size 25x25
  RenderBlock (positioned) {DIV} at (81,319) size 25x25 [border: (3px solid #0000FF7F)]
layer at (81,344) size 25x25
  RenderBlock (positioned) {DIV} at (81,344) size 25x25 [border: (3px solid #0000FF7F)]
layer at (83,407) size 25x25
  RenderBlock (positioned) {DIV} at (83,407) size 25x25 [border: (3px solid #0000FF7F)]
layer at (81,491) size 25x25
  RenderBlock (positioned) {DIV} at (81,491) size 25x25 [border: (3px solid #0000FF7F)]
layer at (81,595) size 25x25
  RenderBlock (positioned) {DIV} at (81,595) size 25x25 [border: (3px solid #0000FF7F)]
