layer at (0,0) size 800x600
  RenderView at (0,0) size 800x600
layer at (0,0) size 800x600
  RenderBlock {HTML} at (0,0) size 800x600
    RenderBody {BODY} at (8,8) size 784x580
layer at (8,8) size 784x160
  RenderBlock {P} at (0,0) size 784x160 [border: (10px solid #800000)]
    RenderText {#text} at (30,30) size 121x14
      text run at (30,30) width 121: "This is some column text."
    RenderBR {BR} at (151,41) size 0x0
    RenderText {#text} at (30,44) size 121x14
      text run at (30,44) width 121: "This is some column text."
    RenderBR {BR} at (151,55) size 0x0
    RenderText {#text} at (30,58) size 121x14
      text run at (30,58) width 121: "This is some column text."
    RenderBR {BR} at (151,69) size 0x0
    RenderText {#text} at (30,72) size 121x14
      text run at (30,72) width 121: "This is some column text."
    RenderBR {BR} at (151,83) size 0x0
    RenderText {#text} at (30,86) size 121x14
      text run at (30,86) width 121: "This is some column text."
    RenderBR {BR} at (151,97) size 0x0
    RenderText {#text} at (30,100) size 121x14
      text run at (30,100) width 121: "This is some column text."
    RenderBR {BR} at (151,111) size 0x0
    RenderText {#text} at (30,114) size 121x14
      text run at (30,114) width 121: "This is some column text."
    RenderBR {BR} at (151,125) size 0x0
    RenderText {#text} at (30,130) size 121x14
      text run at (30,130) width 121: "This is some column text."
    RenderBR {BR} at (151,141) size 0x0
    RenderText {#text} at (30,144) size 121x14
      text run at (30,144) width 121: "This is some column text."
    RenderBR {BR} at (151,155) size 0x0
    RenderText {#text} at (30,158) size 121x14
      text run at (30,158) width 121: "This is some column text."
    RenderBR {BR} at (151,169) size 0x0
    RenderText {#text} at (30,172) size 121x14
      text run at (30,172) width 121: "This is some column text."
    RenderBR {BR} at (151,183) size 0x0
    RenderText {#text} at (30,186) size 121x14
      text run at (30,186) width 121: "This is some column text."
    RenderBR {BR} at (151,197) size 0x0
    RenderText {#text} at (30,200) size 121x14
      text run at (30,200) width 121: "This is some column text."
    RenderBR {BR} at (151,211) size 0x0
layer at (8,180) size 784x160
  RenderBlock {P} at (0,172) size 784x160 [border: (10px solid #800000)]
    RenderText {#text} at (142,30) size 121x14
      text run at (142,30) width 3 RTL: "."
      text run at (145,30) width 118: "This is some column text"
    RenderBR {BR} at (142,41) size 0x0
    RenderText {#text} at (142,44) size 121x14
      text run at (142,44) width 3 RTL: "."
      text run at (145,44) width 118: "This is some column text"
    RenderBR {BR} at (142,55) size 0x0
    RenderText {#text} at (142,58) size 121x14
      text run at (142,58) width 3 RTL: "."
      text run at (145,58) width 118: "This is some column text"
    RenderBR {BR} at (142,69) size 0x0
    RenderText {#text} at (142,72) size 121x14
      text run at (142,72) width 3 RTL: "."
      text run at (145,72) width 118: "This is some column text"
    RenderBR {BR} at (142,83) size 0x0
    RenderText {#text} at (142,86) size 121x14
      text run at (142,86) width 3 RTL: "."
      text run at (145,86) width 118: "This is some column text"
    RenderBR {BR} at (142,97) size 0x0
    RenderText {#text} at (142,100) size 121x14
      text run at (142,100) width 3 RTL: "."
      text run at (145,100) width 118: "This is some column text"
    RenderBR {BR} at (142,111) size 0x0
    RenderText {#text} at (142,114) size 121x14
      text run at (142,114) width 3 RTL: "."
      text run at (145,114) width 118: "This is some column text"
    RenderBR {BR} at (142,125) size 0x0
    RenderText {#text} at (142,130) size 121x14
      text run at (142,130) width 3 RTL: "."
      text run at (145,130) width 118: "This is some column text"
    RenderBR {BR} at (142,141) size 0x0
    RenderText {#text} at (142,144) size 121x14
      text run at (142,144) width 3 RTL: "."
      text run at (145,144) width 118: "This is some column text"
    RenderBR {BR} at (142,155) size 0x0
    RenderText {#text} at (142,158) size 121x14
      text run at (142,158) width 3 RTL: "."
      text run at (145,158) width 118: "This is some column text"
    RenderBR {BR} at (142,169) size 0x0
    RenderText {#text} at (142,172) size 121x14
      text run at (142,172) width 3 RTL: "."
      text run at (145,172) width 118: "This is some column text"
    RenderBR {BR} at (142,183) size 0x0
    RenderText {#text} at (142,186) size 121x14
      text run at (142,186) width 3 RTL: "."
      text run at (145,186) width 118: "This is some column text"
    RenderBR {BR} at (142,197) size 0x0
    RenderText {#text} at (142,200) size 121x14
      text run at (142,200) width 3 RTL: "."
      text run at (145,200) width 118: "This is some column text"
    RenderBR {BR} at (142,211) size 0x0
