layer at (0,0) size 800x600
  RenderView at (0,0) size 800x600
layer at (0,0) size 800x600
  RenderBlock {HTML} at (0,0) size 800x600
    RenderBody {BODY} at (8,8) size 784x584
layer at (8,8) size 784x310
  RenderBlock {DIV} at (0,0) size 784x310 [border: (5px solid #000000)]
    RenderText {#text} at (15,5) size 243x880
      text run at (15,5) width 194: "Lorem ipsum dolor sit amet, consectetuer"
      text run at (15,19) width 234: "adipiscing elit. Nulla varius enim ac mi. Curabitur"
      text run at (15,33) width 225: "sollicitudin felis quis lectus. Quisque adipiscing"
      text run at (15,47) width 217: "rhoncus sem. Proin nulla purus, vulputate vel,"
      text run at (15,61) width 231: "varius ut, euismod et, nisi. Sed vitae felis vel orci"
      text run at (15,75) width 222: "sagittis aliquam. Cras convallis adipiscing sem."
      text run at (15,89) width 230: "Nam nonummy enim. Nullam bibendum lobortis"
      text run at (15,103) width 219: "neque. Vestibulum velit orci, tempus euismod,"
      text run at (15,117) width 234: "pretium quis, interdum vitae, nulla. Phasellus eget"
      text run at (15,131) width 184: "ante et tortor condimentum vestibulum."
      text run at (15,145) width 231: "Suspendisse hendrerit quam nec felis. Sed varius"
      text run at (15,159) width 216: "turpis vitae pede. Lorem ipsum dolor sit amet,"
      text run at (15,173) width 234: "consectetuer adipiscing elit. Proin bibendum justo"
      text run at (15,187) width 210: "ac enim. Class aptent taciti sociosqu ad litora"
      text run at (15,201) width 192: "torquent per conubia nostra, per inceptos"
      text run at (15,215) width 225: "hymenaeos. Sed leo nulla, rutrum eu, dictum ut,"
      text run at (15,229) width 199: "posuere vel, arcu. Nam libero. Morbi orci."
      text run at (15,243) width 202: "Maecenas pellentesque. Curabitur erat erat,"
      text run at (15,257) width 217: "ullamcorper at, gravida vitae, iaculis vitae, elit."
      text run at (15,271) width 240: "Nullam quam. Quisque orci lectus, ullamcorper eu,"
      text run at (15,285) width 236: "imperdiet sed, accumsan et, ligula. Duis diam nisl,"
      text run at (15,305) width 216: "sagittis a, blandit volutpat, interdum sed, velit."
      text run at (15,319) width 242: "Vestibulum quam. Nulla a purus. Phasellus semper"
      text run at (15,333) width 203: "semper lectus. Nulla porttitor, dolor dictum"
      text run at (15,347) width 231: "scelerisque luctus, velit ipsum lobortis mauris, ac"
      text run at (15,361) width 228: "pretium enim nunc vel risus. Proin gravida mi ut"
      text run at (15,375) width 229: "sem cursus mattis. Fusce laoreet, nisi quis luctus"
      text run at (15,389) width 233: "volutpat, arcu pede tincidunt enim, nec malesuada"
      text run at (15,403) width 239: "urna nisl eu enim. Vivamus varius augue ac purus."
      text run at (15,417) width 235: "Vestibulum vestibulum. Phasellus et est vitae ante"
      text run at (15,431) width 205: "accumsan rhoncus. Morbi convallis, arcu at"
      text run at (15,445) width 228: "hendrerit gravida, sem diam dignissim risus, sed"
      text run at (15,459) width 241: "aliquet erat mi ut mi. Nunc cursus lacinia elit. Nunc"
      text run at (15,473) width 219: "nisi. Quisque at erat. Vestibulum dictum quam"
      text run at (15,487) width 215: "vitae nibh. Nunc vitae ante non odio interdum"
      text run at (15,501) width 243: "blandit. Curabitur leo quam, fermentum sed, feugiat"
      text run at (15,515) width 234: "in, ullamcorper id, nibh. Suspendisse ac turpis. In"
      text run at (15,529) width 225: "iaculis sollicitudin dui. Aenean vitae lectus vitae"
      text run at (15,543) width 209: "nulla pellentesque sollicitudin. Nunc gravida"
      text run at (15,557) width 214: "pharetra lectus. Etiam lacus ligula, placerat ut,"
      text run at (15,571) width 215: "dictum vitae, tempus vel, risus. Cras rhoncus."
      text run at (15,585) width 235: "Praesent varius ultricies orci. Donec mattis, neque"
      text run at (15,605) width 213: "ut ornare fringilla, ante urna placerat eros, vel"
      text run at (15,619) width 234: "commodo nisi tortor ut mauris. Morbi magna dui,"
      text run at (15,633) width 212: "sagittis sit amet, tincidunt et, elementum eget,"
      text run at (15,647) width 236: "quam. Fusce molestie nisl vitae nisi. Vestibulum a"
      text run at (15,661) width 233: "sapien. Phasellus ante lacus, vehicula non, cursus"
      text run at (15,675) width 227: "a, tempor ut, magna. Suspendisse potenti. Fusce"
      text run at (15,689) width 228: "aliquet, odio viverra vulputate dictum, enim odio"
      text run at (15,703) width 223: "luctus purus, ut scelerisque quam nulla non est."
      text run at (15,717) width 208: "Donec eros lacus, egestas vitae, lacinia quis,"
      text run at (15,731) width 212: "tempor quis, pede. Morbi orci erat, iaculis id,"
      text run at (15,745) width 239: "ornare ac, elementum at, sem. Nunc ornare sodales"
      text run at (15,759) width 224: "nisi. Morbi interdum commodo nisl. Fusce eget"
      text run at (15,773) width 236: "eros non nisi ornare facilisis. Sed placerat, est non"
      text run at (15,787) width 222: "posuere posuere, purus sem dignissim libero, a"
      text run at (15,801) width 228: "viverra tellus dolor vel lorem. Cras augue. Etiam"
      text run at (15,815) width 227: "ultricies consequat odio. Mauris ac libero. Etiam"
      text run at (15,829) width 220: "posuere, libero vitae euismod gravida, urna elit"
      text run at (15,843) width 231: "imperdiet magna, vel cursus elit felis non mauris."
      text run at (15,857) width 221: "Donec orci erat, porta id, dignissim ut, posuere"
      text run at (15,871) width 238: "dictum, leo. Suspendisse scelerisque egestas nulla."
