layer at (0,0) size 800x636
  RenderView at (0,0) size 800x600
layer at (0,0) size 800x636
  RenderBlock {HTML} at (0,0) size 800x636
    RenderBody {BODY} at (8,8) size 784x620
layer at (8,8) size 784x304
  RenderBlock {DIV} at (0,0) size 784x304 [border: (5px solid #0000FF)]
    RenderBlock (anonymous) at (5,5) size 381x294
      RenderText {#text} at (0,0) size 83x14
        text run at (0,0) width 83: "This is some text."
      RenderBR {BR} at (83,11) size 0x0
      RenderText {#text} at (0,14) size 83x14
        text run at (0,14) width 83: "This is some text."
      RenderBR {BR} at (83,25) size 0x0
      RenderText {#text} at (0,28) size 83x14
        text run at (0,28) width 83: "This is some text."
      RenderBR {BR} at (83,39) size 0x0
      RenderText {#text} at (0,42) size 83x14
        text run at (0,42) width 83: "This is some text."
      RenderBR {BR} at (83,53) size 0x0
      RenderText {#text} at (0,56) size 83x14
        text run at (0,56) width 83: "This is some text."
      RenderBR {BR} at (83,67) size 0x0
      RenderText {#text} at (0,70) size 83x14
        text run at (0,70) width 83: "This is some text."
      RenderBR {BR} at (83,81) size 0x0
      RenderText {#text} at (0,84) size 83x14
        text run at (0,84) width 83: "This is some text."
      RenderBR {BR} at (83,95) size 0x0
      RenderText {#text} at (0,98) size 83x14
        text run at (0,98) width 83: "This is some text."
      RenderBR {BR} at (83,109) size 0x0
      RenderText {#text} at (0,112) size 83x14
        text run at (0,112) width 83: "This is some text."
      RenderBR {BR} at (83,123) size 0x0
      RenderText {#text} at (0,126) size 83x14
        text run at (0,126) width 83: "This is some text."
      RenderBR {BR} at (83,137) size 0x0
      RenderText {#text} at (0,140) size 83x14
        text run at (0,140) width 83: "This is some text."
      RenderBR {BR} at (83,151) size 0x0
      RenderText {#text} at (0,154) size 83x14
        text run at (0,154) width 83: "This is some text."
      RenderBR {BR} at (83,165) size 0x0
      RenderText {#text} at (0,168) size 83x14
        text run at (0,168) width 83: "This is some text."
      RenderBR {BR} at (83,179) size 0x0
      RenderText {#text} at (0,182) size 83x14
        text run at (0,182) width 83: "This is some text."
      RenderBR {BR} at (83,193) size 0x0
      RenderText {#text} at (0,196) size 83x14
        text run at (0,196) width 83: "This is some text."
      RenderBR {BR} at (83,207) size 0x0
      RenderText {#text} at (0,210) size 83x14
        text run at (0,210) width 83: "This is some text."
      RenderBR {BR} at (83,221) size 0x0
      RenderText {#text} at (0,224) size 83x14
        text run at (0,224) width 83: "This is some text."
      RenderBR {BR} at (83,235) size 0x0
      RenderText {#text} at (0,238) size 83x14
        text run at (0,238) width 83: "This is some text."
      RenderBR {BR} at (83,249) size 0x0
      RenderText {#text} at (0,252) size 83x14
        text run at (0,252) width 83: "This is some text."
      RenderBR {BR} at (83,263) size 0x0
      RenderText {#text} at (0,266) size 83x14
        text run at (0,266) width 83: "This is some text."
      RenderBR {BR} at (83,277) size 0x0
      RenderText {#text} at (0,280) size 83x14
        text run at (0,280) width 83: "This is some text."
      RenderBR {BR} at (83,291) size 0x0
    RenderBlock {DIV} at (5,299) size 381x56
      RenderText {#text} at (0,0) size 196x14
        text run at (0,0) width 196: "This text should be in the second column."
      RenderBR {BR} at (196,11) size 0x0
      RenderText {#text} at (0,14) size 196x14
        text run at (0,14) width 196: "This text should be in the second column."
      RenderBR {BR} at (196,25) size 0x0
      RenderText {#text} at (0,28) size 196x14
        text run at (0,28) width 196: "This text should be in the second column."
      RenderBR {BR} at (196,39) size 0x0
      RenderText {#text} at (0,42) size 196x14
        text run at (0,42) width 196: "This text should be in the second column."
      RenderBR {BR} at (196,53) size 0x0
layer at (8,324) size 784x304
  RenderBlock {DIV} at (0,316) size 784x304 [border: (5px solid #0000FF)]
    RenderBlock (anonymous) at (5,5) size 381x56
      RenderText {#text} at (0,0) size 182x14
        text run at (0,0) width 182: "This text should be in the first column."
      RenderBR {BR} at (182,11) size 0x0
      RenderText {#text} at (0,14) size 182x14
        text run at (0,14) width 182: "This text should be in the first column."
      RenderBR {BR} at (182,25) size 0x0
      RenderText {#text} at (0,28) size 182x14
        text run at (0,28) width 182: "This text should be in the first column."
      RenderBR {BR} at (182,39) size 0x0
      RenderText {#text} at (0,42) size 182x14
        text run at (0,42) width 182: "This text should be in the first column."
      RenderBR {BR} at (182,53) size 0x0
    RenderBlock {DIV} at (5,299) size 381x294
      RenderText {#text} at (0,0) size 83x14
        text run at (0,0) width 83: "This is some text."
      RenderBR {BR} at (83,11) size 0x0
      RenderText {#text} at (0,14) size 83x14
        text run at (0,14) width 83: "This is some text."
      RenderBR {BR} at (83,25) size 0x0
      RenderText {#text} at (0,28) size 83x14
        text run at (0,28) width 83: "This is some text."
      RenderBR {BR} at (83,39) size 0x0
      RenderText {#text} at (0,42) size 83x14
        text run at (0,42) width 83: "This is some text."
      RenderBR {BR} at (83,53) size 0x0
      RenderText {#text} at (0,56) size 83x14
        text run at (0,56) width 83: "This is some text."
      RenderBR {BR} at (83,67) size 0x0
      RenderText {#text} at (0,70) size 83x14
        text run at (0,70) width 83: "This is some text."
      RenderBR {BR} at (83,81) size 0x0
      RenderText {#text} at (0,84) size 83x14
        text run at (0,84) width 83: "This is some text."
      RenderBR {BR} at (83,95) size 0x0
      RenderText {#text} at (0,98) size 83x14
        text run at (0,98) width 83: "This is some text."
      RenderBR {BR} at (83,109) size 0x0
      RenderText {#text} at (0,112) size 83x14
        text run at (0,112) width 83: "This is some text."
      RenderBR {BR} at (83,123) size 0x0
      RenderText {#text} at (0,126) size 83x14
        text run at (0,126) width 83: "This is some text."
      RenderBR {BR} at (83,137) size 0x0
      RenderText {#text} at (0,140) size 83x14
        text run at (0,140) width 83: "This is some text."
      RenderBR {BR} at (83,151) size 0x0
      RenderText {#text} at (0,154) size 83x14
        text run at (0,154) width 83: "This is some text."
      RenderBR {BR} at (83,165) size 0x0
      RenderText {#text} at (0,168) size 83x14
        text run at (0,168) width 83: "This is some text."
      RenderBR {BR} at (83,179) size 0x0
      RenderText {#text} at (0,182) size 83x14
        text run at (0,182) width 83: "This is some text."
      RenderBR {BR} at (83,193) size 0x0
      RenderText {#text} at (0,196) size 83x14
        text run at (0,196) width 83: "This is some text."
      RenderBR {BR} at (83,207) size 0x0
      RenderText {#text} at (0,210) size 83x14
        text run at (0,210) width 83: "This is some text."
      RenderBR {BR} at (83,221) size 0x0
      RenderText {#text} at (0,224) size 83x14
        text run at (0,224) width 83: "This is some text."
      RenderBR {BR} at (83,235) size 0x0
      RenderText {#text} at (0,238) size 83x14
        text run at (0,238) width 83: "This is some text."
      RenderBR {BR} at (83,249) size 0x0
      RenderText {#text} at (0,252) size 83x14
        text run at (0,252) width 83: "This is some text."
      RenderBR {BR} at (83,263) size 0x0
      RenderText {#text} at (0,266) size 83x14
        text run at (0,266) width 83: "This is some text."
      RenderBR {BR} at (83,277) size 0x0
      RenderText {#text} at (0,280) size 83x14
        text run at (0,280) width 83: "This is some text."
      RenderBR {BR} at (83,291) size 0x0
