layer at (0,0) size 1186x600
  RenderView at (0,0) size 800x600
layer at (0,0) size 800x600
  RenderBlock {HTML} at (0,0) size 800x600
    RenderBody {BODY} at (8,8) size 784x584
layer at (8,8) size 784x404
  RenderBlock {DIV} at (0,0) size 784x404 [border: (2px solid #000000)]
    RenderText {#text} at (2,2) size 83x14
      text run at (2,2) width 83: "This is some text."
    RenderBR {BR} at (85,13) size 0x0
    RenderText {#text} at (2,16) size 83x14
      text run at (2,16) width 83: "This is some text."
    RenderBR {BR} at (85,27) size 0x0
    RenderText {#text} at (2,30) size 83x14
      text run at (2,30) width 83: "This is some text."
    RenderBR {BR} at (85,41) size 0x0
    RenderText {#text} at (2,44) size 83x14
      text run at (2,44) width 83: "This is some text."
    RenderBR {BR} at (85,55) size 0x0
    RenderText {#text} at (2,58) size 83x14
      text run at (2,58) width 83: "This is some text."
    RenderBR {BR} at (85,69) size 0x0
    RenderText {#text} at (2,72) size 83x14
      text run at (2,72) width 83: "This is some text."
    RenderBR {BR} at (85,83) size 0x0
    RenderText {#text} at (2,86) size 83x14
      text run at (2,86) width 83: "This is some text."
    RenderBR {BR} at (85,97) size 0x0
    RenderText {#text} at (2,100) size 83x14
      text run at (2,100) width 83: "This is some text."
    RenderBR {BR} at (85,111) size 0x0
    RenderText {#text} at (2,114) size 83x14
      text run at (2,114) width 83: "This is some text."
    RenderBR {BR} at (85,125) size 0x0
    RenderText {#text} at (2,128) size 83x14
      text run at (2,128) width 83: "This is some text."
    RenderBR {BR} at (85,139) size 0x0
    RenderImage {IMG} at (2,402) size 250x300 [bgcolor=#008000]
    RenderText {#text} at (252,402) size 83x14
      text run at (252,402) width 83: "This is some text."
    RenderBR {BR} at (335,413) size 0x0
    RenderText {#text} at (252,416) size 83x14
      text run at (252,416) width 83: "This is some text."
    RenderBR {BR} at (335,427) size 0x0
    RenderText {#text} at (252,430) size 83x14
      text run at (252,430) width 83: "This is some text."
    RenderBR {BR} at (335,441) size 0x0
    RenderText {#text} at (252,444) size 83x14
      text run at (252,444) width 83: "This is some text."
    RenderBR {BR} at (335,455) size 0x0
    RenderText {#text} at (252,458) size 83x14
      text run at (252,458) width 83: "This is some text."
    RenderBR {BR} at (335,469) size 0x0
    RenderText {#text} at (252,472) size 83x14
      text run at (252,472) width 83: "This is some text."
    RenderBR {BR} at (335,483) size 0x0
    RenderText {#text} at (252,486) size 83x14
      text run at (252,486) width 83: "This is some text."
    RenderBR {BR} at (335,497) size 0x0
    RenderText {#text} at (252,500) size 83x14
      text run at (252,500) width 83: "This is some text."
    RenderBR {BR} at (335,511) size 0x0
    RenderText {#text} at (252,514) size 83x14
      text run at (252,514) width 83: "This is some text."
    RenderBR {BR} at (335,525) size 0x0
    RenderText {#text} at (252,528) size 83x14
      text run at (252,528) width 83: "This is some text."
    RenderBR {BR} at (335,539) size 0x0
    RenderText {#text} at (252,542) size 83x14
      text run at (252,542) width 83: "This is some text."
    RenderBR {BR} at (335,553) size 0x0
    RenderText {#text} at (252,556) size 83x14
      text run at (252,556) width 83: "This is some text."
    RenderBR {BR} at (335,567) size 0x0
    RenderText {#text} at (252,570) size 83x14
      text run at (252,570) width 83: "This is some text."
    RenderBR {BR} at (335,581) size 0x0
    RenderText {#text} at (252,584) size 83x14
      text run at (252,584) width 83: "This is some text."
    RenderBR {BR} at (335,595) size 0x0
    RenderText {#text} at (252,598) size 83x14
      text run at (252,598) width 83: "This is some text."
    RenderBR {BR} at (335,609) size 0x0
    RenderText {#text} at (252,612) size 83x14
      text run at (252,612) width 83: "This is some text."
    RenderBR {BR} at (335,623) size 0x0
    RenderText {#text} at (252,626) size 83x14
      text run at (252,626) width 83: "This is some text."
    RenderBR {BR} at (335,637) size 0x0
    RenderText {#text} at (252,640) size 83x14
      text run at (252,640) width 83: "This is some text."
    RenderBR {BR} at (335,651) size 0x0
    RenderText {#text} at (252,654) size 83x14
      text run at (252,654) width 83: "This is some text."
    RenderBR {BR} at (335,665) size 0x0
    RenderText {#text} at (252,668) size 83x14
      text run at (252,668) width 83: "This is some text."
    RenderBR {BR} at (335,679) size 0x0
    RenderText {#text} at (252,682) size 83x14
      text run at (252,682) width 83: "This is some text."
    RenderBR {BR} at (335,693) size 0x0
    RenderText {#text} at (252,696) size 83x14
      text run at (252,696) width 83: "This is some text."
    RenderBR {BR} at (335,707) size 0x0
    RenderText {#text} at (2,710) size 83x14
      text run at (2,710) width 83: "This is some text."
    RenderBR {BR} at (85,721) size 0x0
    RenderText {#text} at (2,724) size 83x14
      text run at (2,724) width 83: "This is some text."
    RenderBR {BR} at (85,735) size 0x0
    RenderText {#text} at (2,738) size 83x14
      text run at (2,738) width 83: "This is some text."
    RenderBR {BR} at (85,749) size 0x0
    RenderText {#text} at (2,752) size 83x14
      text run at (2,752) width 83: "This is some text."
    RenderBR {BR} at (85,763) size 0x0
    RenderText {#text} at (2,766) size 83x14
      text run at (2,766) width 83: "This is some text."
    RenderBR {BR} at (85,777) size 0x0
    RenderText {#text} at (2,780) size 83x14
      text run at (2,780) width 83: "This is some text."
    RenderBR {BR} at (85,791) size 0x0
    RenderText {#text} at (2,802) size 83x14
      text run at (2,802) width 83: "This is some text."
    RenderBR {BR} at (85,813) size 0x0
    RenderText {#text} at (2,816) size 83x14
      text run at (2,816) width 83: "This is some text."
    RenderBR {BR} at (85,827) size 0x0
