layer at (0,0) size 800x600
  RenderView at (0,0) size 800x600
layer at (0,0) size 800x396
  RenderBlock {HTML} at (0,0) size 800x396
layer at (8,8) size 784x380
  RenderBody {BODY} at (8,8) size 784x380
    RenderBlock {DIV} at (0,14) size 380x42 [bgcolor=#00FFFF]
      RenderBlock (floating) {DIV} at (3,3) size 190x415 [bgcolor=#FFFF00]
        RenderImage {IMG} at (0,0) size 133x70
        RenderText {#text} at (133,0) size 187x140
          text run at (133,0) width 34: "You've"
          text run at (133,14) width 34: "already"
          text run at (0,70) width 187: "downloaded a build. All you have to do"
          text run at (0,84) width 182: "is use it as your everyday browser and"
          text run at (0,98) width 184: "mail/news reader. If you downloaded a"
          text run at (0,112) width 175: "build with Talkback, please turn it on"
          text run at (0,126) width 65: "when it asks. "
        RenderBlock (floating) {DIV} at (129,126) size 61x289 [bgcolor=#FF0000]
          RenderBlock {P} at (0,12) size 61x14
            RenderText {#text} at (0,0) size 55x14
              text run at (0,0) width 55: "Hola hola 1"
          RenderBlock {P} at (0,38) size 61x14
            RenderText {#text} at (0,0) size 55x14
              text run at (0,0) width 55: "Hola hola 2"
          RenderBlock {P} at (0,64) size 61x14
            RenderText {#text} at (0,0) size 55x14
              text run at (0,0) width 55: "Hola hola 3"
          RenderBlock {P} at (0,90) size 61x14
            RenderText {#text} at (0,0) size 55x14
              text run at (0,0) width 55: "Hola hola 4"
          RenderBlock {P} at (0,116) size 61x14
            RenderText {#text} at (0,0) size 55x14
              text run at (0,0) width 55: "Hola hola 5"
          RenderBlock {P} at (0,142) size 61x14
            RenderText {#text} at (0,0) size 55x14
              text run at (0,0) width 55: "Hola hola 6"
          RenderBlock {P} at (0,168) size 61x14
            RenderText {#text} at (0,0) size 55x14
              text run at (0,0) width 55: "Hola hola 7"
          RenderBlock {P} at (0,194) size 61x14
            RenderText {#text} at (0,0) size 55x14
              text run at (0,0) width 55: "Hola hola 8"
          RenderBlock {P} at (0,220) size 61x14
            RenderText {#text} at (0,0) size 55x14
              text run at (0,0) width 55: "Hola hola 9"
          RenderBlock {P} at (0,237) size 61x14
            RenderText {#text} at (0,0) size 61x14
              text run at (0,0) width 61: "Hola hola 10"
          RenderBlock {P} at (0,263) size 61x14
            RenderText {#text} at (0,0) size 61x14
              text run at (0,0) width 61: "Hola hola 11"
        RenderText {#text} at (65,126) size 112x98
          text run at (65,126) width 43: "Talkback"
          text run at (0,140) width 99: "reports give us really"
          text run at (0,154) width 108: "valuable data on which"
          text run at (0,168) width 95: "crashes are the most"
          text run at (0,182) width 108: "serious, and how often"
          text run at (0,196) width 112: "people are encountering"
          text run at (0,210) width 26: "them."
      RenderBlock (floating) {DIV} at (318,0) size 62x246 [bgcolor=#FF00FF]
        RenderBlock {P} at (0,12) size 62x14
          RenderText {#text} at (0,0) size 62x14
            text run at (0,0) width 62: "Hello Kitty 1"
        RenderBlock {P} at (0,38) size 62x14
          RenderText {#text} at (0,0) size 62x14
            text run at (0,0) width 62: "Hello Kitty 2"
        RenderBlock {P} at (0,64) size 62x14
          RenderText {#text} at (0,0) size 62x14
            text run at (0,0) width 62: "Hello Kitty 3"
        RenderBlock {P} at (0,90) size 62x14
          RenderText {#text} at (0,0) size 62x14
            text run at (0,0) width 62: "Hello Kitty 4"
        RenderBlock {P} at (0,116) size 62x14
          RenderText {#text} at (0,0) size 62x14
            text run at (0,0) width 62: "Hello Kitty 5"
        RenderBlock {P} at (0,142) size 62x14
          RenderText {#text} at (0,0) size 62x14
            text run at (0,0) width 62: "Hello Kitty 6"
        RenderBlock {P} at (0,168) size 62x14
          RenderText {#text} at (0,0) size 62x14
            text run at (0,0) width 62: "Hello Kitty 7"
        RenderBlock {P} at (0,194) size 62x14
          RenderText {#text} at (0,0) size 62x14
            text run at (0,0) width 62: "Hello Kitty 8"
        RenderBlock {P} at (0,220) size 62x14
          RenderText {#text} at (0,0) size 62x14
            text run at (0,0) width 62: "Hello Kitty 9"
      RenderBlock {H2} at (0,0) size 380x42
        RenderText {#text} at (196,0) size 120x42
          text run at (196,0) width 120: "What Needs To"
          text run at (196,21) width 74: "Be Done?"
    RenderBlock (floating) {DIV} at (196,70) size 61x298 [bgcolor=#808080]
      RenderBlock {P} at (0,12) size 61x14
        RenderText {#text} at (0,0) size 55x14
          text run at (0,0) width 55: "Hola hola 1"
      RenderBlock {P} at (0,38) size 61x14
        RenderText {#text} at (0,0) size 55x14
          text run at (0,0) width 55: "Hola hola 2"
      RenderBlock {P} at (0,64) size 61x14
        RenderText {#text} at (0,0) size 55x14
          text run at (0,0) width 55: "Hola hola 3"
      RenderBlock {P} at (0,90) size 61x14
        RenderText {#text} at (0,0) size 55x14
          text run at (0,0) width 55: "Hola hola 4"
      RenderBlock {P} at (0,116) size 61x14
        RenderText {#text} at (0,0) size 55x14
          text run at (0,0) width 55: "Hola hola 5"
      RenderBlock {P} at (0,142) size 61x14
        RenderText {#text} at (0,0) size 55x14
          text run at (0,0) width 55: "Hola hola 6"
      RenderBlock {P} at (0,168) size 61x14
        RenderText {#text} at (0,0) size 55x14
          text run at (0,0) width 55: "Hola hola 7"
      RenderBlock {P} at (0,194) size 61x14
        RenderText {#text} at (0,0) size 55x14
          text run at (0,0) width 55: "Hola hola 8"
      RenderBlock {P} at (0,220) size 61x14
        RenderText {#text} at (0,0) size 55x14
          text run at (0,0) width 55: "Hola hola 9"
      RenderBlock {P} at (0,246) size 61x14
        RenderText {#text} at (0,0) size 61x14
          text run at (0,0) width 61: "Hola hola 10"
      RenderBlock {P} at (0,272) size 61x14
        RenderText {#text} at (0,0) size 61x14
          text run at (0,0) width 61: "Hola hola 11"
    RenderBlock {DL} at (0,70) size 380x502
      RenderBlock {DT} at (0,0) size 380x14
        RenderText {#text} at (257,0) size 60x14
          text run at (257,0) width 60: "Report Bugs"
      RenderBlock {DD} at (40,26) size 340x354
        RenderBlock {P} at (0,0) size 340x354
          RenderText {#text} at (217,0) size 117x196
            text run at (217,0) width 34: "You've"
            text run at (217,14) width 34: "already"
            text run at (217,28) width 58: "downloaded"
            text run at (217,42) width 53: "a build. All"
            text run at (217,56) width 55: "you have to"
            text run at (217,70) width 51: "do is use it"
            text run at (217,84) width 13: "as "
            text run at (230,84) width 22: "your"
            text run at (217,98) width 43: "everyday"
            text run at (217,112) width 59: "browser and"
            text run at (217,126) width 48: "mail/news"
            text run at (217,140) width 43: "reader. If"
            text run at (217,154) width 18: "you"
            text run at (217,168) width 117: "downloaded a build with"
            text run at (217,182) width 49: "Talkback, "
          RenderInline {EM} at (0,0) size 111x28
            RenderText {#text} at (266,182) size 111x28
              text run at (266,182) width 33: "please "
              text run at (299,182) width 29: "turn it"
              text run at (217,196) width 12: "on"
          RenderText {#text} at (229,196) size 184x144
            text run at (229,196) width 111: " when it asks. Talkback"
            text run at (217,210) width 59: "reports give "
            text run at (276,210) width 40: "us really"
            text run at (217,224) width 64: "valuable data "
            text run at (281,224) width 44: "on which"
            text run at (217,238) width 95: "crashes are the most"
            text run at (217,252) width 84: "serious, and how "
            text run at (301,252) width 24: "often"
            text run at (217,266) width 112: "people are encountering"
            text run at (156,284) width 173: "them. And all you have to do is click"
            text run at (156,298) width 34: "\"OK\". "
            text run at (190,298) width 124: "If you find something you"
            text run at (156,312) width 171: "think is a bug, check to see if it's not"
            text run at (156,326) width 37: "already "
          RenderInline {A} at (0,0) size 62x14 [color=#0000EE]
            RenderText {#text} at (193,326) size 62x14
              text run at (193,326) width 62: "known about"
          RenderText {#text} at (255,326) size 333x28
            text run at (255,326) width 78: ", and then please"
            text run at (0,340) width 51: "follow the "
          RenderInline {A} at (0,0) size 125x14 [color=#0000EE]
            RenderText {#text} at (51,340) size 125x14
              text run at (51,340) width 125: "bug submission procedure"
          RenderText {#text} at (176,340) size 3x14
            text run at (176,340) width 3: "."
      RenderBlock (floating) {DIV} at (0,392) size 61x298 [bgcolor=#008000]
        RenderBlock {P} at (0,12) size 61x14
          RenderText {#text} at (0,0) size 55x14
            text run at (0,0) width 55: "Hola hola 1"
        RenderBlock {P} at (0,38) size 61x14
          RenderText {#text} at (0,0) size 55x14
            text run at (0,0) width 55: "Hola hola 2"
        RenderBlock {P} at (0,64) size 61x14
          RenderText {#text} at (0,0) size 55x14
            text run at (0,0) width 55: "Hola hola 3"
        RenderBlock {P} at (0,90) size 61x14
          RenderText {#text} at (0,0) size 55x14
            text run at (0,0) width 55: "Hola hola 4"
        RenderBlock {P} at (0,116) size 61x14
          RenderText {#text} at (0,0) size 55x14
            text run at (0,0) width 55: "Hola hola 5"
        RenderBlock {P} at (0,142) size 61x14
          RenderText {#text} at (0,0) size 55x14
            text run at (0,0) width 55: "Hola hola 6"
        RenderBlock {P} at (0,168) size 61x14
          RenderText {#text} at (0,0) size 55x14
            text run at (0,0) width 55: "Hola hola 7"
        RenderBlock {P} at (0,194) size 61x14
          RenderText {#text} at (0,0) size 55x14
            text run at (0,0) width 55: "Hola hola 8"
        RenderBlock {P} at (0,220) size 61x14
          RenderText {#text} at (0,0) size 55x14
            text run at (0,0) width 55: "Hola hola 9"
        RenderBlock {P} at (0,246) size 61x14
          RenderText {#text} at (0,0) size 61x14
            text run at (0,0) width 61: "Hola hola 10"
        RenderBlock {P} at (0,272) size 61x14
          RenderText {#text} at (0,0) size 61x14
            text run at (0,0) width 61: "Hola hola 11"
      RenderBlock {DT} at (0,392) size 380x14
        RenderText {#text} at (61,0) size 88x14
          text run at (61,0) width 88: "Quality Assurance"
      RenderBlock {DD} at (40,418) size 340x84
        RenderBlock {P} at (0,0) size 340x84
          RenderInline {A} at (0,0) size 57x14 [color=#0000EE]
            RenderText {#text} at (21,0) size 57x14
              text run at (21,0) width 57: "Mozilla QA"
          RenderText {#text} at (78,0) size 30x14
            text run at (78,0) width 3: " "
            text run at (81,0) width 27: "has a "
          RenderInline {A} at (0,0) size 22x14 [color=#0000EE]
            RenderText {#text} at (108,0) size 22x14
              text run at (108,0) width 22: "page"
          RenderText {#text} at (130,0) size 306x84
            text run at (130,0) width 3: " "
            text run at (133,0) width 181: "dedicated to ways to get involved with"
            text run at (21,14) width 139: "helping. This doesn't involve "
            text run at (160,14) width 158: "knowing how to code, although a"
            text run at (21,28) width 209: "little knowledge of HTML is helpful. Being "
            text run at (230,28) width 97: "involved with QA is"
            text run at (21,42) width 238: "good for people wanting to get more familiar with "
            text run at (259,42) width 59: "Mozilla, and"
            text run at (21,56) width 277: "there's a strong community. A particularly good way to get"
            text run at (21,70) width 44: "involved "
            text run at (65,70) width 61: "is to join the "
          RenderInline {A} at (0,0) size 54x14 [color=#0000EE]
            RenderText {#text} at (126,70) size 54x14
              text run at (126,70) width 54: "BugAThon"
          RenderText {#text} at (180,70) size 3x14
            text run at (180,70) width 3: "."
