layer at (0,0) size 800x1668
  RenderView at (0,0) size 800x600
layer at (0,0) size 800x1668
  RenderBlock {HTML} at (0,0) size 800x1668
    RenderBody {BODY} at (8,8) size 784x1652
layer at (8,8) size 784x404
  RenderBlock {DIV} at (0,0) size 784x404 [border: (2px solid #000000)]
    RenderBlock (anonymous) at (2,2) size 384x196
      RenderText {#text} at (0,0) size 83x14
        text run at (0,0) width 83: "This is some text."
      RenderBR {BR} at (83,11) size 0x0
      RenderText {#text} at (0,14) size 83x14
        text run at (0,14) width 83: "This is some text."
      RenderBR {BR} at (83,25) size 0x0
      RenderText {#text} at (0,28) size 83x14
        text run at (0,28) width 83: "This is some text."
      RenderBR {BR} at (83,39) size 0x0
      RenderText {#text} at (0,42) size 83x14
        text run at (0,42) width 83: "This is some text."
      RenderBR {BR} at (83,53) size 0x0
      RenderText {#text} at (0,56) size 83x14
        text run at (0,56) width 83: "This is some text."
      RenderBR {BR} at (83,67) size 0x0
      RenderText {#text} at (0,70) size 83x14
        text run at (0,70) width 83: "This is some text."
      RenderBR {BR} at (83,81) size 0x0
      RenderText {#text} at (0,84) size 83x14
        text run at (0,84) width 83: "This is some text."
      RenderBR {BR} at (83,95) size 0x0
      RenderText {#text} at (0,98) size 83x14
        text run at (0,98) width 83: "This is some text."
      RenderBR {BR} at (83,109) size 0x0
      RenderText {#text} at (0,112) size 83x14
        text run at (0,112) width 83: "This is some text."
      RenderBR {BR} at (83,123) size 0x0
      RenderText {#text} at (0,126) size 83x14
        text run at (0,126) width 83: "This is some text."
      RenderBR {BR} at (83,137) size 0x0
      RenderText {#text} at (0,140) size 83x14
        text run at (0,140) width 83: "This is some text."
      RenderBR {BR} at (83,151) size 0x0
      RenderText {#text} at (0,154) size 83x14
        text run at (0,154) width 83: "This is some text."
      RenderBR {BR} at (83,165) size 0x0
      RenderText {#text} at (0,168) size 83x14
        text run at (0,168) width 83: "This is some text."
      RenderBR {BR} at (83,179) size 0x0
      RenderText {#text} at (0,182) size 83x14
        text run at (0,182) width 83: "This is some text."
      RenderBR {BR} at (83,193) size 0x0
    RenderBlock {P} at (2,210) size 384x374
      RenderBlock (floating) {SPAN} at (0,0) size 78x147
        RenderText {#text} at (0,2) size 78x143
          text run at (0,2) width 78: "T"
      RenderText {#text} at (78,0) size 76x14
        text run at (78,0) width 76: "his is some text."
      RenderBR {BR} at (154,11) size 0x0
      RenderText {#text} at (78,14) size 83x14
        text run at (78,14) width 83: "This is some text."
      RenderBR {BR} at (161,25) size 0x0
      RenderText {#text} at (78,28) size 83x14
        text run at (78,28) width 83: "This is some text."
      RenderBR {BR} at (161,39) size 0x0
      RenderText {#text} at (78,42) size 83x14
        text run at (78,42) width 83: "This is some text."
      RenderBR {BR} at (161,53) size 0x0
      RenderText {#text} at (78,56) size 83x14
        text run at (78,56) width 83: "This is some text."
      RenderBR {BR} at (161,67) size 0x0
      RenderText {#text} at (78,70) size 83x14
        text run at (78,70) width 83: "This is some text."
      RenderBR {BR} at (161,81) size 0x0
      RenderText {#text} at (78,84) size 83x14
        text run at (78,84) width 83: "This is some text."
      RenderBR {BR} at (161,95) size 0x0
      RenderText {#text} at (78,98) size 83x14
        text run at (78,98) width 83: "This is some text."
      RenderBR {BR} at (161,109) size 0x0
      RenderText {#text} at (78,112) size 83x14
        text run at (78,112) width 83: "This is some text."
      RenderBR {BR} at (161,123) size 0x0
      RenderText {#text} at (78,126) size 83x14
        text run at (78,126) width 83: "This is some text."
      RenderBR {BR} at (161,137) size 0x0
      RenderText {#text} at (78,140) size 83x14
        text run at (78,140) width 83: "This is some text."
      RenderBR {BR} at (161,151) size 0x0
      RenderText {#text} at (0,154) size 83x14
        text run at (0,154) width 83: "This is some text."
      RenderBR {BR} at (83,165) size 0x0
      RenderText {#text} at (0,168) size 83x14
        text run at (0,168) width 83: "This is some text."
      RenderBR {BR} at (83,179) size 0x0
      RenderText {#text} at (0,192) size 83x14
        text run at (0,192) width 83: "This is some text."
      RenderBR {BR} at (83,203) size 0x0
      RenderText {#text} at (0,206) size 83x14
        text run at (0,206) width 83: "This is some text."
      RenderBR {BR} at (83,217) size 0x0
      RenderText {#text} at (0,220) size 83x14
        text run at (0,220) width 83: "This is some text."
      RenderBR {BR} at (83,231) size 0x0
      RenderText {#text} at (0,234) size 83x14
        text run at (0,234) width 83: "This is some text."
      RenderBR {BR} at (83,245) size 0x0
      RenderText {#text} at (0,248) size 83x14
        text run at (0,248) width 83: "This is some text."
      RenderBR {BR} at (83,259) size 0x0
      RenderText {#text} at (0,262) size 83x14
        text run at (0,262) width 83: "This is some text."
      RenderBR {BR} at (83,273) size 0x0
      RenderText {#text} at (0,276) size 83x14
        text run at (0,276) width 83: "This is some text."
      RenderBR {BR} at (83,287) size 0x0
      RenderText {#text} at (0,290) size 83x14
        text run at (0,290) width 83: "This is some text."
      RenderBR {BR} at (83,301) size 0x0
      RenderText {#text} at (0,304) size 83x14
        text run at (0,304) width 83: "This is some text."
      RenderBR {BR} at (83,315) size 0x0
      RenderText {#text} at (0,318) size 83x14
        text run at (0,318) width 83: "This is some text."
      RenderBR {BR} at (83,329) size 0x0
      RenderText {#text} at (0,332) size 83x14
        text run at (0,332) width 83: "This is some text."
      RenderBR {BR} at (83,343) size 0x0
      RenderText {#text} at (0,346) size 83x14
        text run at (0,346) width 83: "This is some text."
      RenderBR {BR} at (83,357) size 0x0
      RenderText {#text} at (0,360) size 83x14
        text run at (0,360) width 83: "This is some text."
      RenderBR {BR} at (83,371) size 0x0
layer at (8,424) size 784x404
  RenderBlock {DIV} at (0,416) size 784x404 [border: (2px solid #000000)]
    RenderBlock (anonymous) at (2,2) size 384x196
      RenderText {#text} at (0,0) size 83x14
        text run at (0,0) width 83: "This is some text."
      RenderBR {BR} at (83,11) size 0x0
      RenderText {#text} at (0,14) size 83x14
        text run at (0,14) width 83: "This is some text."
      RenderBR {BR} at (83,25) size 0x0
      RenderText {#text} at (0,28) size 83x14
        text run at (0,28) width 83: "This is some text."
      RenderBR {BR} at (83,39) size 0x0
      RenderText {#text} at (0,42) size 83x14
        text run at (0,42) width 83: "This is some text."
      RenderBR {BR} at (83,53) size 0x0
      RenderText {#text} at (0,56) size 83x14
        text run at (0,56) width 83: "This is some text."
      RenderBR {BR} at (83,67) size 0x0
      RenderText {#text} at (0,70) size 83x14
        text run at (0,70) width 83: "This is some text."
      RenderBR {BR} at (83,81) size 0x0
      RenderText {#text} at (0,84) size 83x14
        text run at (0,84) width 83: "This is some text."
      RenderBR {BR} at (83,95) size 0x0
      RenderText {#text} at (0,98) size 83x14
        text run at (0,98) width 83: "This is some text."
      RenderBR {BR} at (83,109) size 0x0
      RenderText {#text} at (0,112) size 83x14
        text run at (0,112) width 83: "This is some text."
      RenderBR {BR} at (83,123) size 0x0
      RenderText {#text} at (0,126) size 83x14
        text run at (0,126) width 83: "This is some text."
      RenderBR {BR} at (83,137) size 0x0
      RenderText {#text} at (0,140) size 83x14
        text run at (0,140) width 83: "This is some text."
      RenderBR {BR} at (83,151) size 0x0
      RenderText {#text} at (0,154) size 83x14
        text run at (0,154) width 83: "This is some text."
      RenderBR {BR} at (83,165) size 0x0
      RenderText {#text} at (0,168) size 83x14
        text run at (0,168) width 83: "This is some text."
      RenderBR {BR} at (83,179) size 0x0
      RenderText {#text} at (0,182) size 83x14
        text run at (0,182) width 83: "This is some text."
      RenderBR {BR} at (83,193) size 0x0
    RenderBlock {P} at (2,210) size 384x556
      RenderImage {IMG} at (0,192) size 100x100 [bgcolor=#008000]
      RenderImage {IMG} at (284,192) size 100x200 [bgcolor=#008000]
      RenderText {#text} at (100,192) size 80x14
        text run at (100,192) width 80: "This is some text"
      RenderBR {BR} at (180,203) size 0x0
      RenderText {#text} at (100,206) size 83x14
        text run at (100,206) width 83: "This is some text."
      RenderBR {BR} at (183,217) size 0x0
      RenderText {#text} at (100,220) size 83x14
        text run at (100,220) width 83: "This is some text."
      RenderBR {BR} at (183,231) size 0x0
      RenderText {#text} at (100,234) size 83x14
        text run at (100,234) width 83: "This is some text."
      RenderBR {BR} at (183,245) size 0x0
      RenderText {#text} at (100,248) size 83x14
        text run at (100,248) width 83: "This is some text."
      RenderBR {BR} at (183,259) size 0x0
      RenderText {#text} at (100,262) size 83x14
        text run at (100,262) width 83: "This is some text."
      RenderBR {BR} at (183,273) size 0x0
      RenderText {#text} at (100,276) size 83x14
        text run at (100,276) width 83: "This is some text."
      RenderBR {BR} at (183,287) size 0x0
      RenderText {#text} at (100,290) size 83x14
        text run at (100,290) width 83: "This is some text."
      RenderBR {BR} at (183,301) size 0x0
      RenderText {#text} at (0,304) size 83x14
        text run at (0,304) width 83: "This is some text."
      RenderBR {BR} at (83,315) size 0x0
      RenderText {#text} at (0,318) size 83x14
        text run at (0,318) width 83: "This is some text."
      RenderBR {BR} at (83,329) size 0x0
      RenderText {#text} at (0,332) size 83x14
        text run at (0,332) width 83: "This is some text."
      RenderBR {BR} at (83,343) size 0x0
      RenderText {#text} at (0,346) size 83x14
        text run at (0,346) width 83: "This is some text."
      RenderBR {BR} at (83,357) size 0x0
      RenderText {#text} at (0,360) size 83x14
        text run at (0,360) width 83: "This is some text."
      RenderBR {BR} at (83,371) size 0x0
      RenderText {#text} at (0,374) size 83x14
        text run at (0,374) width 83: "This is some text."
      RenderBR {BR} at (83,385) size 0x0
      RenderText {#text} at (0,388) size 83x14
        text run at (0,388) width 83: "This is some text."
      RenderBR {BR} at (83,399) size 0x0
      RenderText {#text} at (0,402) size 83x14
        text run at (0,402) width 83: "This is some text."
      RenderBR {BR} at (83,413) size 0x0
      RenderText {#text} at (0,416) size 83x14
        text run at (0,416) width 83: "This is some text."
      RenderBR {BR} at (83,427) size 0x0
      RenderText {#text} at (0,430) size 83x14
        text run at (0,430) width 83: "This is some text."
      RenderBR {BR} at (83,441) size 0x0
      RenderText {#text} at (0,444) size 83x14
        text run at (0,444) width 83: "This is some text."
      RenderBR {BR} at (83,455) size 0x0
      RenderText {#text} at (0,458) size 83x14
        text run at (0,458) width 83: "This is some text."
      RenderBR {BR} at (83,469) size 0x0
      RenderText {#text} at (0,472) size 83x14
        text run at (0,472) width 83: "This is some text."
      RenderBR {BR} at (83,483) size 0x0
      RenderText {#text} at (0,486) size 83x14
        text run at (0,486) width 83: "This is some text."
      RenderBR {BR} at (83,497) size 0x0
      RenderText {#text} at (0,500) size 83x14
        text run at (0,500) width 83: "This is some text."
      RenderBR {BR} at (83,511) size 0x0
      RenderText {#text} at (0,514) size 83x14
        text run at (0,514) width 83: "This is some text."
      RenderBR {BR} at (83,525) size 0x0
      RenderText {#text} at (0,528) size 83x14
        text run at (0,528) width 83: "This is some text."
      RenderBR {BR} at (83,539) size 0x0
      RenderText {#text} at (0,542) size 83x14
        text run at (0,542) width 83: "This is some text."
      RenderBR {BR} at (83,553) size 0x0
layer at (8,840) size 784x404
  RenderBlock {DIV} at (0,832) size 784x404 [border: (2px solid #000000)]
    RenderImage {IMG} at (2,2) size 300x390 [bgcolor=#008000]
    RenderText {#text} at (302,2) size 81x294
      text run at (302,2) width 54: "Longer text"
      text run at (302,16) width 73: "designed to test"
      text run at (302,30) width 41: "float and"
      text run at (302,44) width 45: "wrapping"
      text run at (302,58) width 81: "behavior. Longer"
      text run at (302,72) width 74: "text designed to"
      text run at (302,86) width 60: "test float and"
      text run at (302,100) width 45: "wrapping"
      text run at (302,114) width 81: "behavior. Longer"
      text run at (302,128) width 74: "text designed to"
      text run at (302,142) width 60: "test float and"
      text run at (302,156) width 45: "wrapping"
      text run at (302,170) width 81: "behavior. Longer"
      text run at (302,184) width 74: "text designed to"
      text run at (302,198) width 60: "test float and"
      text run at (302,212) width 45: "wrapping"
      text run at (302,226) width 81: "behavior. Longer"
      text run at (302,240) width 74: "text designed to"
      text run at (302,254) width 60: "test float and"
      text run at (302,268) width 45: "wrapping"
      text run at (302,282) width 44: "behavior."
layer at (8,1256) size 784x404
  RenderBlock {DIV} at (0,1248) size 784x404 [border: (2px solid #000000)]
    RenderImage {IMG} at (2,2) size 384x380 [bgcolor=#0000FF]
    RenderInline {SPAN} at (0,0) size 383x252
      RenderImage {IMG} at (2,402) size 100x20 [bgcolor=#008000]
      RenderText {#text} at (102,402) size 211x28
        text run at (102,402) width 211: "Longer text designed "
      RenderImage {IMG} at (286,430) size 100x20 [bgcolor=#008000]
      RenderText {#text} at (313,402) size 383x252
        text run at (313,402) width 59: "to test"
        text run at (2,430) width 280: "float and wrapping behavior."
        text run at (2,458) width 362: "Longer text designed to test float and"
        text run at (2,486) width 307: "wrapping behavior. Longer text"
        text run at (2,514) width 340: "designed to test float and wrapping"
        text run at (2,542) width 367: "behavior. Longer text designed to test"
        text run at (2,570) width 356: "float and wrapping behavior. Longer"
        text run at (2,598) width 383: "text designed to test float and wrapping"
        text run at (2,626) width 91: "behavior."
    RenderText {#text} at (0,0) size 0x0
