layer at (0,0) size 1049x664
  RenderView at (0,0) size 800x600
layer at (0,0) size 800x664
  RenderBlock {HTML} at (0,0) size 800x664
    RenderBody {BODY} at (8,8) size 784x648
      RenderBlock (anonymous) at (0,0) size 784x14
        RenderText {#text} at (0,0) size 66x14
          text run at (0,0) width 66: "LTR Version:"
      RenderBlock (anonymous) at (0,324) size 784x14
        RenderText {#text} at (0,0) size 66x14
          text run at (0,0) width 66: "RTL Version:"
layer at (8,22) size 784x310
  RenderBlock {DIV} at (0,14) size 784x310 [border: (5px solid #800000)]
    RenderBlock (anonymous) at (5,5) size 250x182
      RenderText {#text} at (0,0) size 80x14
        text run at (0,0) width 80: "This is some text"
      RenderBR {BR} at (80,11) size 0x0
      RenderText {#text} at (0,14) size 80x14
        text run at (0,14) width 80: "This is some text"
      RenderBR {BR} at (80,25) size 0x0
      RenderText {#text} at (0,28) size 80x14
        text run at (0,28) width 80: "This is some text"
      RenderBR {BR} at (80,39) size 0x0
      RenderText {#text} at (0,42) size 80x14
        text run at (0,42) width 80: "This is some text"
      RenderBR {BR} at (80,53) size 0x0
      RenderText {#text} at (0,56) size 80x14
        text run at (0,56) width 80: "This is some text"
      RenderBR {BR} at (80,67) size 0x0
      RenderText {#text} at (0,70) size 80x14
        text run at (0,70) width 80: "This is some text"
      RenderBR {BR} at (80,81) size 0x0
      RenderText {#text} at (0,84) size 80x14
        text run at (0,84) width 80: "This is some text"
      RenderBR {BR} at (80,95) size 0x0
      RenderText {#text} at (0,98) size 80x14
        text run at (0,98) width 80: "This is some text"
      RenderBR {BR} at (80,109) size 0x0
      RenderText {#text} at (0,112) size 80x14
        text run at (0,112) width 80: "This is some text"
      RenderBR {BR} at (80,123) size 0x0
      RenderText {#text} at (0,126) size 80x14
        text run at (0,126) width 80: "This is some text"
      RenderBR {BR} at (80,137) size 0x0
      RenderText {#text} at (0,140) size 80x14
        text run at (0,140) width 80: "This is some text"
      RenderBR {BR} at (80,151) size 0x0
      RenderText {#text} at (0,154) size 80x14
        text run at (0,154) width 80: "This is some text"
      RenderBR {BR} at (80,165) size 0x0
      RenderText {#text} at (0,168) size 80x14
        text run at (0,168) width 80: "This is some text"
      RenderBR {BR} at (80,179) size 0x0
    RenderBlock {DIV} at (5,305) size 250x270
      RenderText {#text} at (0,0) size 0x0
    RenderBlock (anonymous) at (5,575) size 250x400
      RenderText {#text} at (0,0) size 80x14
        text run at (0,0) width 80: "This is some text"
      RenderBR {BR} at (80,11) size 0x0
      RenderText {#text} at (0,14) size 80x14
        text run at (0,14) width 80: "This is some text"
      RenderBR {BR} at (80,25) size 0x0
      RenderText {#text} at (0,30) size 80x14
        text run at (0,30) width 80: "This is some text"
      RenderBR {BR} at (80,41) size 0x0
      RenderText {#text} at (0,44) size 80x14
        text run at (0,44) width 80: "This is some text"
      RenderBR {BR} at (80,55) size 0x0
      RenderText {#text} at (0,58) size 80x14
        text run at (0,58) width 80: "This is some text"
      RenderBR {BR} at (80,69) size 0x0
      RenderText {#text} at (0,72) size 80x14
        text run at (0,72) width 80: "This is some text"
      RenderBR {BR} at (80,83) size 0x0
      RenderText {#text} at (0,86) size 80x14
        text run at (0,86) width 80: "This is some text"
      RenderBR {BR} at (80,97) size 0x0
      RenderText {#text} at (0,100) size 80x14
        text run at (0,100) width 80: "This is some text"
      RenderBR {BR} at (80,111) size 0x0
      RenderText {#text} at (0,114) size 80x14
        text run at (0,114) width 80: "This is some text"
      RenderBR {BR} at (80,125) size 0x0
      RenderText {#text} at (0,128) size 80x14
        text run at (0,128) width 80: "This is some text"
      RenderBR {BR} at (80,139) size 0x0
      RenderText {#text} at (0,142) size 80x14
        text run at (0,142) width 80: "This is some text"
      RenderBR {BR} at (80,153) size 0x0
      RenderText {#text} at (0,156) size 80x14
        text run at (0,156) width 80: "This is some text"
      RenderBR {BR} at (80,167) size 0x0
      RenderText {#text} at (0,170) size 80x14
        text run at (0,170) width 80: "This is some text"
      RenderBR {BR} at (80,181) size 0x0
      RenderText {#text} at (0,184) size 80x14
        text run at (0,184) width 80: "This is some text"
      RenderBR {BR} at (80,195) size 0x0
      RenderText {#text} at (0,198) size 80x14
        text run at (0,198) width 80: "This is some text"
      RenderBR {BR} at (80,209) size 0x0
      RenderText {#text} at (0,212) size 80x14
        text run at (0,212) width 80: "This is some text"
      RenderBR {BR} at (80,223) size 0x0
      RenderText {#text} at (0,226) size 80x14
        text run at (0,226) width 80: "This is some text"
      RenderBR {BR} at (80,237) size 0x0
      RenderText {#text} at (0,240) size 80x14
        text run at (0,240) width 80: "This is some text"
      RenderBR {BR} at (80,251) size 0x0
      RenderText {#text} at (0,254) size 80x14
        text run at (0,254) width 80: "This is some text"
      RenderBR {BR} at (80,265) size 0x0
      RenderText {#text} at (0,268) size 80x14
        text run at (0,268) width 80: "This is some text"
      RenderBR {BR} at (80,279) size 0x0
      RenderText {#text} at (0,282) size 80x14
        text run at (0,282) width 80: "This is some text"
      RenderBR {BR} at (80,293) size 0x0
      RenderText {#text} at (0,296) size 80x14
        text run at (0,296) width 80: "This is some text"
      RenderBR {BR} at (80,307) size 0x0
      RenderText {#text} at (0,310) size 80x14
        text run at (0,310) width 80: "This is some text"
      RenderBR {BR} at (80,321) size 0x0
      RenderText {#text} at (0,330) size 80x14
        text run at (0,330) width 80: "This is some text"
      RenderBR {BR} at (80,341) size 0x0
      RenderText {#text} at (0,344) size 80x14
        text run at (0,344) width 80: "This is some text"
      RenderBR {BR} at (80,355) size 0x0
      RenderText {#text} at (0,358) size 80x14
        text run at (0,358) width 80: "This is some text"
      RenderBR {BR} at (80,369) size 0x0
      RenderText {#text} at (0,372) size 80x14
        text run at (0,372) width 80: "This is some text"
      RenderBR {BR} at (80,383) size 0x0
      RenderText {#text} at (0,0) size 0x0
    RenderBlock (anonymous) at (5,989) size 250x196
      RenderText {#text} at (0,0) size 80x14
        text run at (0,0) width 80: "This is some text"
      RenderBR {BR} at (80,11) size 0x0
      RenderText {#text} at (0,14) size 80x14
        text run at (0,14) width 80: "This is some text"
      RenderBR {BR} at (80,25) size 0x0
      RenderText {#text} at (0,28) size 80x14
        text run at (0,28) width 80: "This is some text"
      RenderBR {BR} at (80,39) size 0x0
      RenderText {#text} at (0,42) size 80x14
        text run at (0,42) width 80: "This is some text"
      RenderBR {BR} at (80,53) size 0x0
      RenderText {#text} at (0,56) size 80x14
        text run at (0,56) width 80: "This is some text"
      RenderBR {BR} at (80,67) size 0x0
      RenderText {#text} at (0,70) size 80x14
        text run at (0,70) width 80: "This is some text"
      RenderBR {BR} at (80,81) size 0x0
      RenderText {#text} at (0,84) size 80x14
        text run at (0,84) width 80: "This is some text"
      RenderBR {BR} at (80,95) size 0x0
      RenderText {#text} at (0,98) size 80x14
        text run at (0,98) width 80: "This is some text"
      RenderBR {BR} at (80,109) size 0x0
      RenderText {#text} at (0,112) size 80x14
        text run at (0,112) width 80: "This is some text"
      RenderBR {BR} at (80,123) size 0x0
      RenderText {#text} at (0,126) size 80x14
        text run at (0,126) width 80: "This is some text"
      RenderBR {BR} at (80,137) size 0x0
      RenderText {#text} at (0,140) size 80x14
        text run at (0,140) width 80: "This is some text"
      RenderBR {BR} at (80,151) size 0x0
      RenderText {#text} at (0,154) size 80x14
        text run at (0,154) width 80: "This is some text"
      RenderBR {BR} at (80,165) size 0x0
      RenderText {#text} at (0,168) size 80x14
        text run at (0,168) width 80: "This is some text"
      RenderBR {BR} at (80,179) size 0x0
      RenderText {#text} at (0,182) size 80x14
        text run at (0,182) width 80: "This is some text"
      RenderBR {BR} at (80,193) size 0x0
layer at (8,346) size 784x310
  RenderBlock {DIV} at (0,338) size 784x310 [border: (5px solid #800000)]
    RenderBlock (anonymous) at (5,5) size 250x182
      RenderText {#text} at (170,0) size 80x14
        text run at (170,0) width 80: "This is some text"
      RenderBR {BR} at (170,11) size 0x0
      RenderText {#text} at (170,14) size 80x14
        text run at (170,14) width 80: "This is some text"
      RenderBR {BR} at (170,25) size 0x0
      RenderText {#text} at (170,28) size 80x14
        text run at (170,28) width 80: "This is some text"
      RenderBR {BR} at (170,39) size 0x0
      RenderText {#text} at (170,42) size 80x14
        text run at (170,42) width 80: "This is some text"
      RenderBR {BR} at (170,53) size 0x0
      RenderText {#text} at (170,56) size 80x14
        text run at (170,56) width 80: "This is some text"
      RenderBR {BR} at (170,67) size 0x0
      RenderText {#text} at (170,70) size 80x14
        text run at (170,70) width 80: "This is some text"
      RenderBR {BR} at (170,81) size 0x0
      RenderText {#text} at (170,84) size 80x14
        text run at (170,84) width 80: "This is some text"
      RenderBR {BR} at (170,95) size 0x0
      RenderText {#text} at (170,98) size 80x14
        text run at (170,98) width 80: "This is some text"
      RenderBR {BR} at (170,109) size 0x0
      RenderText {#text} at (170,112) size 80x14
        text run at (170,112) width 80: "This is some text"
      RenderBR {BR} at (170,123) size 0x0
      RenderText {#text} at (170,126) size 80x14
        text run at (170,126) width 80: "This is some text"
      RenderBR {BR} at (170,137) size 0x0
      RenderText {#text} at (170,140) size 80x14
        text run at (170,140) width 80: "This is some text"
      RenderBR {BR} at (170,151) size 0x0
      RenderText {#text} at (170,154) size 80x14
        text run at (170,154) width 80: "This is some text"
      RenderBR {BR} at (170,165) size 0x0
      RenderText {#text} at (170,168) size 80x14
        text run at (170,168) width 80: "This is some text"
      RenderBR {BR} at (170,179) size 0x0
    RenderBlock {DIV} at (5,305) size 250x270
      RenderText {#text} at (0,0) size 0x0
    RenderBlock (anonymous) at (5,575) size 250x400
      RenderText {#text} at (170,0) size 80x14
        text run at (170,0) width 80: "This is some text"
      RenderBR {BR} at (170,11) size 0x0
      RenderText {#text} at (170,14) size 80x14
        text run at (170,14) width 80: "This is some text"
      RenderBR {BR} at (170,25) size 0x0
      RenderText {#text} at (170,30) size 80x14
        text run at (170,30) width 80: "This is some text"
      RenderBR {BR} at (170,41) size 0x0
      RenderText {#text} at (170,44) size 80x14
        text run at (170,44) width 80: "This is some text"
      RenderBR {BR} at (170,55) size 0x0
      RenderText {#text} at (170,58) size 80x14
        text run at (170,58) width 80: "This is some text"
      RenderBR {BR} at (170,69) size 0x0
      RenderText {#text} at (170,72) size 80x14
        text run at (170,72) width 80: "This is some text"
      RenderBR {BR} at (170,83) size 0x0
      RenderText {#text} at (170,86) size 80x14
        text run at (170,86) width 80: "This is some text"
      RenderBR {BR} at (170,97) size 0x0
      RenderText {#text} at (170,100) size 80x14
        text run at (170,100) width 80: "This is some text"
      RenderBR {BR} at (170,111) size 0x0
      RenderText {#text} at (170,114) size 80x14
        text run at (170,114) width 80: "This is some text"
      RenderBR {BR} at (170,125) size 0x0
      RenderText {#text} at (170,128) size 80x14
        text run at (170,128) width 80: "This is some text"
      RenderBR {BR} at (170,139) size 0x0
      RenderText {#text} at (170,142) size 80x14
        text run at (170,142) width 80: "This is some text"
      RenderBR {BR} at (170,153) size 0x0
      RenderText {#text} at (170,156) size 80x14
        text run at (170,156) width 80: "This is some text"
      RenderBR {BR} at (170,167) size 0x0
      RenderText {#text} at (170,170) size 80x14
        text run at (170,170) width 80: "This is some text"
      RenderBR {BR} at (170,181) size 0x0
      RenderText {#text} at (170,184) size 80x14
        text run at (170,184) width 80: "This is some text"
      RenderBR {BR} at (170,195) size 0x0
      RenderText {#text} at (170,198) size 80x14
        text run at (170,198) width 80: "This is some text"
      RenderBR {BR} at (170,209) size 0x0
      RenderText {#text} at (170,212) size 80x14
        text run at (170,212) width 80: "This is some text"
      RenderBR {BR} at (170,223) size 0x0
      RenderText {#text} at (170,226) size 80x14
        text run at (170,226) width 80: "This is some text"
      RenderBR {BR} at (170,237) size 0x0
      RenderText {#text} at (170,240) size 80x14
        text run at (170,240) width 80: "This is some text"
      RenderBR {BR} at (170,251) size 0x0
      RenderText {#text} at (170,254) size 80x14
        text run at (170,254) width 80: "This is some text"
      RenderBR {BR} at (170,265) size 0x0
      RenderText {#text} at (170,268) size 80x14
        text run at (170,268) width 80: "This is some text"
      RenderBR {BR} at (170,279) size 0x0
      RenderText {#text} at (170,282) size 80x14
        text run at (170,282) width 80: "This is some text"
      RenderBR {BR} at (170,293) size 0x0
      RenderText {#text} at (170,296) size 80x14
        text run at (170,296) width 80: "This is some text"
      RenderBR {BR} at (170,307) size 0x0
      RenderText {#text} at (170,310) size 80x14
        text run at (170,310) width 80: "This is some text"
      RenderBR {BR} at (170,321) size 0x0
      RenderText {#text} at (170,330) size 80x14
        text run at (170,330) width 80: "This is some text"
      RenderBR {BR} at (170,341) size 0x0
      RenderText {#text} at (170,344) size 80x14
        text run at (170,344) width 80: "This is some text"
      RenderBR {BR} at (170,355) size 0x0
      RenderText {#text} at (170,358) size 80x14
        text run at (170,358) width 80: "This is some text"
      RenderBR {BR} at (170,369) size 0x0
      RenderText {#text} at (170,372) size 80x14
        text run at (170,372) width 80: "This is some text"
      RenderBR {BR} at (170,383) size 0x0
      RenderText {#text} at (0,0) size 0x0
    RenderBlock (anonymous) at (5,989) size 250x196
      RenderText {#text} at (170,0) size 80x14
        text run at (170,0) width 80: "This is some text"
      RenderBR {BR} at (170,11) size 0x0
      RenderText {#text} at (170,14) size 80x14
        text run at (170,14) width 80: "This is some text"
      RenderBR {BR} at (170,25) size 0x0
      RenderText {#text} at (170,28) size 80x14
        text run at (170,28) width 80: "This is some text"
      RenderBR {BR} at (170,39) size 0x0
      RenderText {#text} at (170,42) size 80x14
        text run at (170,42) width 80: "This is some text"
      RenderBR {BR} at (170,53) size 0x0
      RenderText {#text} at (170,56) size 80x14
        text run at (170,56) width 80: "This is some text"
      RenderBR {BR} at (170,67) size 0x0
      RenderText {#text} at (170,70) size 80x14
        text run at (170,70) width 80: "This is some text"
      RenderBR {BR} at (170,81) size 0x0
      RenderText {#text} at (170,84) size 80x14
        text run at (170,84) width 80: "This is some text"
      RenderBR {BR} at (170,95) size 0x0
      RenderText {#text} at (170,98) size 80x14
        text run at (170,98) width 80: "This is some text"
      RenderBR {BR} at (170,109) size 0x0
      RenderText {#text} at (170,112) size 80x14
        text run at (170,112) width 80: "This is some text"
      RenderBR {BR} at (170,123) size 0x0
      RenderText {#text} at (170,126) size 80x14
        text run at (170,126) width 80: "This is some text"
      RenderBR {BR} at (170,137) size 0x0
      RenderText {#text} at (170,140) size 80x14
        text run at (170,140) width 80: "This is some text"
      RenderBR {BR} at (170,151) size 0x0
      RenderText {#text} at (170,154) size 80x14
        text run at (170,154) width 80: "This is some text"
      RenderBR {BR} at (170,165) size 0x0
      RenderText {#text} at (170,168) size 80x14
        text run at (170,168) width 80: "This is some text"
      RenderBR {BR} at (170,179) size 0x0
      RenderText {#text} at (170,182) size 80x14
        text run at (170,182) width 80: "This is some text"
      RenderBR {BR} at (170,193) size 0x0
layer at (13,327) size 100x270
  RenderBlock (relative positioned) {DIV} at (0,0) size 100x270 [bgcolor=#008000]
layer at (163,651) size 100x270 backgroundClip at (0,0) size 1049x664 clip at (0,0) size 1049x664 outlineClip at (0,0) size 1049x664
  RenderBlock (relative positioned) {DIV} at (150,0) size 100x270 [bgcolor=#008000]
