layer at (0,0) size 800x667
  RenderView at (0,0) size 800x600
layer at (0,0) size 800x667
  RenderBlock {HTML} at (0,0) size 800x667
    RenderBody {BODY} at (8,8) size 784x651
      RenderBlock {DIV} at (0,0) size 220x324
        RenderBlock (anonymous) at (0,0) size 220x14
          RenderText {#text} at (0,0) size 49x14
            text run at (0,0) width 49: "Overflow:"
      RenderText {#text} at (220,313) size 3x14
        text run at (220,313) width 3: " "
      RenderBlock {DIV} at (223,0) size 220x324
        RenderBlock (anonymous) at (0,0) size 220x14
          RenderText {#text} at (0,0) size 58x14
            text run at (0,0) width 58: "Transforms:"
      RenderText {#text} at (443,313) size 3x14
        text run at (443,313) width 3: " "
      RenderBlock {DIV} at (446,0) size 220x324
        RenderBlock (anonymous) at (0,0) size 220x14
          RenderText {#text} at (0,0) size 98x14
            text run at (0,0) width 98: "Relative Positioning:"
      RenderText {#text} at (0,0) size 0x0
      RenderBlock {DIV} at (0,327) size 220x324
        RenderBlock (anonymous) at (0,0) size 220x14
          RenderText {#text} at (0,0) size 40x14
            text run at (0,0) width 40: "Opacity:"
layer at (8,22) size 220x310
  RenderBlock {DIV} at (0,14) size 220x310 [border: (5px solid #000000)]
    RenderBlock (anonymous) at (5,5) size 100x100
      RenderBlock {DIV} at (0,0) size 100x100 [bgcolor=#000000]
      RenderText {#text} at (0,0) size 0x0
    RenderBlock (anonymous) at (5,505) size 100x100
      RenderBlock {DIV} at (0,0) size 100x100 [bgcolor=#000000]
      RenderText {#text} at (0,0) size 0x0
layer at (13,127) size 100x400
  RenderBlock {DIV} at (5,105) size 100x400
    RenderBlock {DIV} at (0,0) size 100x100 [bgcolor=#0000F0]
    RenderBlock {DIV} at (0,100) size 100x100 [bgcolor=#0000D0]
    RenderBlock {DIV} at (0,200) size 100x100 [bgcolor=#0000B0]
    RenderBlock {DIV} at (0,300) size 100x100 [bgcolor=#000090]
layer at (231,22) size 220x310
  RenderBlock {DIV} at (0,14) size 220x310 [border: (5px solid #000000)]
    RenderBlock (anonymous) at (5,5) size 100x100
      RenderBlock {DIV} at (0,0) size 100x100 [bgcolor=#000000]
      RenderText {#text} at (0,0) size 0x0
    RenderBlock (anonymous) at (5,505) size 100x100
      RenderBlock {DIV} at (0,0) size 100x100 [bgcolor=#000000]
      RenderText {#text} at (0,0) size 0x0
layer at (454,22) size 220x310
  RenderBlock {DIV} at (0,14) size 220x310 [border: (5px solid #000000)]
    RenderBlock (anonymous) at (5,5) size 100x100
      RenderBlock {DIV} at (0,0) size 100x100 [bgcolor=#000000]
      RenderText {#text} at (0,0) size 0x0
    RenderBlock (anonymous) at (5,505) size 100x100
      RenderBlock {DIV} at (0,0) size 100x100 [bgcolor=#000000]
      RenderText {#text} at (0,0) size 0x0
layer at (8,349) size 220x310
  RenderBlock {DIV} at (0,14) size 220x310 [border: (5px solid #000000)]
    RenderBlock (anonymous) at (5,5) size 100x100
      RenderBlock {DIV} at (0,0) size 100x100 [bgcolor=#000000]
      RenderText {#text} at (0,0) size 0x0
    RenderBlock (anonymous) at (5,505) size 100x100
      RenderBlock {DIV} at (0,0) size 100x100 [bgcolor=#000000]
      RenderText {#text} at (0,0) size 0x0
layer at (136,127) size 100x400
  RenderBlock {DIV} at (-95,105) size 100x400
    RenderBlock {DIV} at (0,0) size 100x100 [bgcolor=#0000F0]
    RenderBlock {DIV} at (0,100) size 100x100 [bgcolor=#0000D0]
    RenderBlock {DIV} at (0,200) size 100x100 [bgcolor=#0000B0]
    RenderBlock {DIV} at (0,300) size 100x100 [bgcolor=#000090]
layer at (459,127) size 100x400
  RenderBlock (relative positioned) {DIV} at (-95,105) size 100x400
    RenderBlock {DIV} at (0,0) size 100x100 [bgcolor=#0000F0]
    RenderBlock {DIV} at (0,100) size 100x100 [bgcolor=#0000D0]
    RenderBlock {DIV} at (0,200) size 100x100 [bgcolor=#0000B0]
    RenderBlock {DIV} at (0,300) size 100x100 [bgcolor=#000090]
layer at (13,454) size 100x400 backgroundClip at (0,0) size 800x667 clip at (0,0) size 800x667 outlineClip at (0,0) size 800x667
  RenderBlock {DIV} at (5,105) size 100x400
    RenderBlock {DIV} at (0,0) size 100x100 [bgcolor=#0000F0]
    RenderBlock {DIV} at (0,100) size 100x100 [bgcolor=#0000D0]
    RenderBlock {DIV} at (0,200) size 100x100 [bgcolor=#0000B0]
    RenderBlock {DIV} at (0,300) size 100x100 [bgcolor=#000090]
