layer at (0,0) size 800x600
  RenderView at (0,0) size 800x600
layer at (0,0) size 800x600
  RenderBlock {HTML} at (0,0) size 800x600
    RenderBody {BODY} at (8,8) size 784x584
      RenderBlock (anonymous) at (0,0) size 784x14
        RenderText {#text} at (0,0) size 608x14
          text run at (0,0) width 359: "The two purple rectangles below should both be at the top of their columns. "
          text run at (359,0) width 249: "If one is lower than the other, than the test has failed."
layer at (8,22) size 784x304
  RenderBlock {DIV} at (0,14) size 784x304 [border: (2px solid #000000)]
    RenderBlock {DIV} at (2,2) size 384x200 [bgcolor=#800080]
    RenderBlock {DIV} at (2,302) size 384x200 [bgcolor=#800080]
