layer at (0,0) size 800x600
  RenderView at (0,0) size 800x600
layer at (0,0) size 800x600
  RenderBlock {HTML} at (0,0) size 800x600
layer at (8,8) size 750x500
  RenderBody {BODY} at (8,8) size 750x500
    RenderBlock {H1} at (0,0) size 369x28
      RenderText {#text} at (0,1) size 126x26
        text run at (0,1) width 126: "Header One"
    RenderBlock (anonymous) at (0,44) size 369x112
      RenderText {#text} at (0,0) size 365x112
        text run at (0,0) width 365: "Lorem ipsum dolor sit amet, consectetuer adipiscing elit. Nulla varius enim ac"
        text run at (0,14) width 357: "mi. Curabitur sollicitudin felis quis lectus. Quisque adipiscing rhoncus sem."
        text run at (0,28) width 364: "Proin nulla purus, vulputate vel, varius ut, euismod et, nisi. Sed vitae felis vel"
        text run at (0,42) width 349: "orci sagittis aliquam. Cras convallis adipiscing sem. Nam nonummy enim."
        text run at (0,56) width 346: "Nullam bibendum lobortis neque. Vestibulum velit orci, tempus euismod,"
        text run at (0,70) width 363: "pretium quis, interdum vitae, nulla. Phasellus eget ante et tortor condimentum"
        text run at (0,84) width 344: "vestibulum. Suspendisse hendrerit quam nec felis. Sed varius turpis vitae"
        text run at (0,98) width 293: "pede. Lorem ipsum dolor sit amet, consectetuer adipiscing elit."
    RenderBlock {H1} at (0,172) size 369x28
      RenderText {#text} at (0,1) size 128x26
        text run at (0,1) width 128: "Header Two"
    RenderBlock (anonymous) at (0,216) size 369x112
      RenderText {#text} at (0,0) size 365x112
        text run at (0,0) width 365: "Lorem ipsum dolor sit amet, consectetuer adipiscing elit. Nulla varius enim ac"
        text run at (0,14) width 357: "mi. Curabitur sollicitudin felis quis lectus. Quisque adipiscing rhoncus sem."
        text run at (0,28) width 364: "Proin nulla purus, vulputate vel, varius ut, euismod et, nisi. Sed vitae felis vel"
        text run at (0,42) width 349: "orci sagittis aliquam. Cras convallis adipiscing sem. Nam nonummy enim."
        text run at (0,56) width 346: "Nullam bibendum lobortis neque. Vestibulum velit orci, tempus euismod,"
        text run at (0,70) width 363: "pretium quis, interdum vitae, nulla. Phasellus eget ante et tortor condimentum"
        text run at (0,84) width 344: "vestibulum. Suspendisse hendrerit quam nec felis. Sed varius turpis vitae"
        text run at (0,98) width 293: "pede. Lorem ipsum dolor sit amet, consectetuer adipiscing elit."
    RenderBlock {H1} at (0,344) size 369x28
      RenderText {#text} at (0,1) size 145x26
        text run at (0,1) width 145: "Header Three"
    RenderBlock {H1} at (0,530) size 369x28
      RenderText {#text} at (0,1) size 134x26
        text run at (0,1) width 134: "Header Four"
    RenderBlock (anonymous) at (0,574) size 369x28
      RenderText {#text} at (0,0) size 365x28
        text run at (0,0) width 365: "Lorem ipsum dolor sit amet, consectetuer adipiscing elit. Nulla varius enim ac"
        text run at (0,14) width 15: "mi."
layer at (8,396) size 369x126
  RenderBlock {DIV} at (0,388) size 369x126
    RenderText {#text} at (0,0) size 178x224
      text run at (0,0) width 133: "Lorem ipsum dolor sit amet,"
      text run at (0,14) width 158: "consectetuer adipiscing elit. Nulla"
      text run at (0,28) width 134: "varius enim ac mi. Curabitur"
      text run at (0,42) width 174: "sollicitudin felis quis lectus. Quisque"
      text run at (0,56) width 169: "adipiscing rhoncus sem. Proin nulla"
      text run at (0,70) width 143: "purus, vulputate vel, varius ut,"
      text run at (0,84) width 163: "euismod et, nisi. Sed vitae felis vel"
      text run at (0,98) width 167: "orci sagittis aliquam. Cras convallis"
      text run at (0,112) width 150: "adipiscing sem. Nam nonummy"
      text run at (0,126) width 153: "enim. Nullam bibendum lobortis"
      text run at (0,140) width 173: "neque. Vestibulum velit orci, tempus"
      text run at (0,154) width 153: "euismod, pretium quis, interdum"
      text run at (0,168) width 157: "vitae, nulla. Phasellus eget ante et"
      text run at (0,182) width 151: "tortor condimentum vestibulum."
      text run at (0,196) width 178: "Suspendisse hendrerit quam nec felis."
      text run at (0,210) width 136: "Sed varius turpis vitae pede. "
    RenderText {#text} at (0,0) size 0x0
