layer at (0,0) size 1186x600
  RenderView at (0,0) size 800x600
layer at (0,0) size 800x600
  RenderBlock {HTML} at (0,0) size 800x600
    RenderBody {BODY} at (8,8) size 784x584
layer at (8,8) size 784x404
  RenderBlock {DIV} at (0,0) size 784x404 [border: (2px solid #000000)]
    RenderBlock (anonymous) at (2,2) size 384x140
      RenderText {#text} at (0,0) size 83x14
        text run at (0,0) width 83: "This is some text."
      RenderBR {BR} at (83,11) size 0x0
      RenderText {#text} at (0,14) size 83x14
        text run at (0,14) width 83: "This is some text."
      RenderBR {BR} at (83,25) size 0x0
      RenderText {#text} at (0,28) size 83x14
        text run at (0,28) width 83: "This is some text."
      RenderBR {BR} at (83,39) size 0x0
      RenderText {#text} at (0,42) size 83x14
        text run at (0,42) width 83: "This is some text."
      RenderBR {BR} at (83,53) size 0x0
      RenderText {#text} at (0,56) size 83x14
        text run at (0,56) width 83: "This is some text."
      RenderBR {BR} at (83,67) size 0x0
      RenderText {#text} at (0,70) size 83x14
        text run at (0,70) width 83: "This is some text."
      RenderBR {BR} at (83,81) size 0x0
      RenderText {#text} at (0,84) size 83x14
        text run at (0,84) width 83: "This is some text."
      RenderBR {BR} at (83,95) size 0x0
      RenderText {#text} at (0,98) size 83x14
        text run at (0,98) width 83: "This is some text."
      RenderBR {BR} at (83,109) size 0x0
      RenderText {#text} at (0,112) size 83x14
        text run at (0,112) width 83: "This is some text."
      RenderBR {BR} at (83,123) size 0x0
      RenderText {#text} at (0,126) size 83x14
        text run at (0,126) width 83: "This is some text."
      RenderBR {BR} at (83,137) size 0x0
    RenderImage {IMG} at (2,402) size 250x300 [bgcolor=#008000]
    RenderBlock (anonymous) at (2,702) size 384x422
      RenderText {#text} at (0,0) size 83x14
        text run at (0,0) width 83: "This is some text."
      RenderBR {BR} at (83,11) size 0x0
      RenderText {#text} at (0,14) size 83x14
        text run at (0,14) width 83: "This is some text."
      RenderBR {BR} at (83,25) size 0x0
      RenderText {#text} at (0,28) size 83x14
        text run at (0,28) width 83: "This is some text."
      RenderBR {BR} at (83,39) size 0x0
      RenderText {#text} at (0,42) size 83x14
        text run at (0,42) width 83: "This is some text."
      RenderBR {BR} at (83,53) size 0x0
      RenderText {#text} at (0,56) size 83x14
        text run at (0,56) width 83: "This is some text."
      RenderBR {BR} at (83,67) size 0x0
      RenderText {#text} at (0,70) size 83x14
        text run at (0,70) width 83: "This is some text."
      RenderBR {BR} at (83,81) size 0x0
      RenderText {#text} at (0,84) size 83x14
        text run at (0,84) width 83: "This is some text."
      RenderBR {BR} at (83,95) size 0x0
      RenderText {#text} at (0,100) size 83x14
        text run at (0,100) width 83: "This is some text."
      RenderBR {BR} at (83,111) size 0x0
      RenderText {#text} at (0,114) size 83x14
        text run at (0,114) width 83: "This is some text."
      RenderBR {BR} at (83,125) size 0x0
      RenderText {#text} at (0,128) size 83x14
        text run at (0,128) width 83: "This is some text."
      RenderBR {BR} at (83,139) size 0x0
      RenderText {#text} at (0,142) size 83x14
        text run at (0,142) width 83: "This is some text."
      RenderBR {BR} at (83,153) size 0x0
      RenderText {#text} at (0,156) size 83x14
        text run at (0,156) width 83: "This is some text."
      RenderBR {BR} at (83,167) size 0x0
      RenderText {#text} at (0,170) size 83x14
        text run at (0,170) width 83: "This is some text."
      RenderBR {BR} at (83,181) size 0x0
      RenderText {#text} at (0,184) size 83x14
        text run at (0,184) width 83: "This is some text."
      RenderBR {BR} at (83,195) size 0x0
      RenderText {#text} at (0,198) size 83x14
        text run at (0,198) width 83: "This is some text."
      RenderBR {BR} at (83,209) size 0x0
      RenderText {#text} at (0,212) size 83x14
        text run at (0,212) width 83: "This is some text."
      RenderBR {BR} at (83,223) size 0x0
      RenderText {#text} at (0,226) size 83x14
        text run at (0,226) width 83: "This is some text."
      RenderBR {BR} at (83,237) size 0x0
      RenderText {#text} at (0,240) size 83x14
        text run at (0,240) width 83: "This is some text."
      RenderBR {BR} at (83,251) size 0x0
      RenderText {#text} at (0,254) size 83x14
        text run at (0,254) width 83: "This is some text."
      RenderBR {BR} at (83,265) size 0x0
      RenderText {#text} at (0,268) size 83x14
        text run at (0,268) width 83: "This is some text."
      RenderBR {BR} at (83,279) size 0x0
      RenderText {#text} at (0,282) size 83x14
        text run at (0,282) width 83: "This is some text."
      RenderBR {BR} at (83,293) size 0x0
      RenderText {#text} at (0,296) size 83x14
        text run at (0,296) width 83: "This is some text."
      RenderBR {BR} at (83,307) size 0x0
      RenderText {#text} at (0,310) size 83x14
        text run at (0,310) width 83: "This is some text."
      RenderBR {BR} at (83,321) size 0x0
      RenderText {#text} at (0,324) size 83x14
        text run at (0,324) width 83: "This is some text."
      RenderBR {BR} at (83,335) size 0x0
      RenderText {#text} at (0,338) size 83x14
        text run at (0,338) width 83: "This is some text."
      RenderBR {BR} at (83,349) size 0x0
      RenderText {#text} at (0,352) size 83x14
        text run at (0,352) width 83: "This is some text."
      RenderBR {BR} at (83,363) size 0x0
      RenderText {#text} at (0,366) size 83x14
        text run at (0,366) width 83: "This is some text."
      RenderBR {BR} at (83,377) size 0x0
      RenderText {#text} at (0,380) size 83x14
        text run at (0,380) width 83: "This is some text."
      RenderBR {BR} at (83,391) size 0x0
      RenderText {#text} at (0,394) size 83x14
        text run at (0,394) width 83: "This is some text."
      RenderBR {BR} at (83,405) size 0x0
      RenderText {#text} at (0,408) size 83x14
        text run at (0,408) width 83: "This is some text."
      RenderBR {BR} at (83,419) size 0x0
