layer at (0,0) size 800x600
  RenderView at (0,0) size 800x600
layer at (0,0) size 800x600
  RenderBlock {HTML} at (0,0) size 800x600
    RenderBody {BODY} at (8,8) size 784x584
layer at (8,8) size 80x300
  RenderBlock (positioned) {DIV} at (8,8) size 80x300 [bgcolor=#00FF00]
    RenderText {#text} at (0,0) size 80x14
      text run at (0,0) width 80: "This is some text"
    RenderBR {BR} at (80,11) size 0x0
    RenderText {#text} at (0,14) size 80x14
      text run at (0,14) width 80: "This is some text"
    RenderBR {BR} at (80,25) size 0x0
    RenderText {#text} at (0,28) size 80x14
      text run at (0,28) width 80: "This is some text"
    RenderBR {BR} at (80,39) size 0x0
    RenderText {#text} at (0,42) size 80x14
      text run at (0,42) width 80: "This is some text"
    RenderBR {BR} at (80,53) size 0x0
    RenderText {#text} at (0,56) size 80x14
      text run at (0,56) width 80: "This is some text"
    RenderBR {BR} at (80,67) size 0x0
    RenderText {#text} at (0,70) size 80x14
      text run at (0,70) width 80: "This is some text"
    RenderBR {BR} at (80,81) size 0x0
    RenderText {#text} at (0,84) size 80x14
      text run at (0,84) width 80: "This is some text"
    RenderBR {BR} at (80,95) size 0x0
    RenderText {#text} at (0,98) size 80x14
      text run at (0,98) width 80: "This is some text"
    RenderBR {BR} at (80,109) size 0x0
    RenderText {#text} at (0,112) size 80x14
      text run at (0,112) width 80: "This is some text"
    RenderBR {BR} at (80,123) size 0x0
    RenderText {#text} at (0,126) size 80x14
      text run at (0,126) width 80: "This is some text"
    RenderBR {BR} at (80,137) size 0x0
    RenderText {#text} at (0,140) size 80x14
      text run at (0,140) width 80: "This is some text"
    RenderBR {BR} at (80,151) size 0x0
    RenderText {#text} at (0,154) size 80x14
      text run at (0,154) width 80: "This is some text"
    RenderBR {BR} at (80,165) size 0x0
    RenderText {#text} at (0,168) size 80x14
      text run at (0,168) width 80: "This is some text"
    RenderBR {BR} at (80,179) size 0x0
    RenderText {#text} at (0,182) size 80x14
      text run at (0,182) width 80: "This is some text"
    RenderBR {BR} at (80,193) size 0x0
    RenderText {#text} at (0,196) size 80x14
      text run at (0,196) width 80: "This is some text"
    RenderBR {BR} at (80,207) size 0x0
    RenderText {#text} at (0,210) size 80x14
      text run at (0,210) width 80: "This is some text"
    RenderBR {BR} at (80,221) size 0x0
    RenderText {#text} at (0,224) size 80x14
      text run at (0,224) width 80: "This is some text"
    RenderBR {BR} at (80,235) size 0x0
    RenderText {#text} at (0,238) size 80x14
      text run at (0,238) width 80: "This is some text"
    RenderBR {BR} at (80,249) size 0x0
    RenderText {#text} at (0,252) size 80x14
      text run at (0,252) width 80: "This is some text"
    RenderBR {BR} at (80,263) size 0x0
    RenderText {#text} at (0,266) size 80x14
      text run at (0,266) width 80: "This is some text"
    RenderBR {BR} at (80,277) size 0x0
    RenderText {#text} at (0,280) size 80x14
      text run at (0,280) width 80: "This is some text"
    RenderBR {BR} at (80,291) size 0x0
    RenderText {#text} at (0,300) size 80x14
      text run at (0,300) width 80: "This is some text"
    RenderBR {BR} at (80,311) size 0x0
    RenderText {#text} at (0,314) size 80x14
      text run at (0,314) width 80: "This is some text"
    RenderBR {BR} at (80,325) size 0x0
    RenderText {#text} at (0,328) size 80x14
      text run at (0,328) width 80: "This is some text"
    RenderBR {BR} at (80,339) size 0x0
    RenderText {#text} at (0,342) size 80x14
      text run at (0,342) width 80: "This is some text"
    RenderBR {BR} at (80,353) size 0x0
    RenderText {#text} at (0,356) size 80x14
      text run at (0,356) width 80: "This is some text"
    RenderBR {BR} at (80,367) size 0x0
    RenderText {#text} at (0,370) size 80x14
      text run at (0,370) width 80: "This is some text"
    RenderBR {BR} at (80,381) size 0x0
    RenderText {#text} at (0,384) size 80x14
      text run at (0,384) width 80: "This is some text"
    RenderBR {BR} at (80,395) size 0x0
    RenderText {#text} at (0,398) size 80x14
      text run at (0,398) width 80: "This is some text"
    RenderBR {BR} at (80,409) size 0x0
    RenderText {#text} at (0,412) size 80x14
      text run at (0,412) width 80: "This is some text"
    RenderBR {BR} at (80,423) size 0x0
    RenderText {#text} at (0,426) size 80x14
      text run at (0,426) width 80: "This is some text"
    RenderBR {BR} at (80,437) size 0x0
    RenderText {#text} at (0,440) size 80x14
      text run at (0,440) width 80: "This is some text"
    RenderBR {BR} at (80,451) size 0x0
    RenderText {#text} at (0,454) size 80x14
      text run at (0,454) width 80: "This is some text"
    RenderBR {BR} at (80,465) size 0x0
    RenderText {#text} at (0,468) size 80x14
      text run at (0,468) width 80: "This is some text"
    RenderBR {BR} at (80,479) size 0x0
    RenderText {#text} at (0,482) size 80x14
      text run at (0,482) width 80: "This is some text"
    RenderBR {BR} at (80,493) size 0x0
    RenderText {#text} at (0,496) size 80x14
      text run at (0,496) width 80: "This is some text"
    RenderBR {BR} at (80,507) size 0x0
    RenderText {#text} at (0,510) size 80x14
      text run at (0,510) width 80: "This is some text"
    RenderBR {BR} at (80,521) size 0x0
    RenderText {#text} at (0,524) size 80x14
      text run at (0,524) width 80: "This is some text"
    RenderBR {BR} at (80,535) size 0x0
    RenderText {#text} at (0,538) size 80x14
      text run at (0,538) width 80: "This is some text"
    RenderBR {BR} at (80,549) size 0x0
    RenderText {#text} at (0,552) size 80x14
      text run at (0,552) width 80: "This is some text"
    RenderBR {BR} at (80,563) size 0x0
    RenderText {#text} at (0,566) size 80x14
      text run at (0,566) width 80: "This is some text"
    RenderBR {BR} at (80,577) size 0x0
    RenderText {#text} at (0,580) size 80x14
      text run at (0,580) width 80: "This is some text"
    RenderBR {BR} at (80,591) size 0x0
    RenderText {#text} at (0,600) size 80x14
      text run at (0,600) width 80: "This is some text"
    RenderBR {BR} at (80,611) size 0x0
    RenderText {#text} at (0,614) size 80x14
      text run at (0,614) width 80: "This is some text"
    RenderBR {BR} at (80,625) size 0x0
    RenderText {#text} at (0,628) size 80x14
      text run at (0,628) width 80: "This is some text"
    RenderBR {BR} at (80,639) size 0x0
    RenderText {#text} at (0,642) size 80x14
      text run at (0,642) width 80: "This is some text"
    RenderBR {BR} at (80,653) size 0x0
    RenderText {#text} at (0,656) size 80x14
      text run at (0,656) width 80: "This is some text"
    RenderBR {BR} at (80,667) size 0x0
    RenderText {#text} at (0,670) size 80x14
      text run at (0,670) width 80: "This is some text"
    RenderBR {BR} at (80,681) size 0x0
    RenderText {#text} at (0,684) size 80x14
      text run at (0,684) width 80: "This is some text"
    RenderBR {BR} at (80,695) size 0x0
    RenderText {#text} at (0,698) size 80x14
      text run at (0,698) width 80: "This is some text"
    RenderBR {BR} at (80,709) size 0x0
    RenderText {#text} at (0,712) size 80x14
      text run at (0,712) width 80: "This is some text"
    RenderBR {BR} at (80,723) size 0x0
    RenderText {#text} at (0,726) size 80x14
      text run at (0,726) width 80: "This is some text"
    RenderBR {BR} at (80,737) size 0x0
    RenderText {#text} at (0,740) size 80x14
      text run at (0,740) width 80: "This is some text"
    RenderBR {BR} at (80,751) size 0x0
    RenderText {#text} at (0,754) size 80x14
      text run at (0,754) width 80: "This is some text"
    RenderBR {BR} at (80,765) size 0x0
    RenderText {#text} at (0,768) size 80x14
      text run at (0,768) width 80: "This is some text"
    RenderBR {BR} at (80,779) size 0x0
    RenderText {#text} at (0,782) size 80x14
      text run at (0,782) width 80: "This is some text"
    RenderBR {BR} at (80,793) size 0x0
    RenderText {#text} at (0,796) size 80x14
      text run at (0,796) width 80: "This is some text"
    RenderBR {BR} at (80,807) size 0x0
    RenderText {#text} at (0,810) size 80x14
      text run at (0,810) width 80: "This is some text"
    RenderBR {BR} at (80,821) size 0x0
    RenderText {#text} at (0,824) size 80x14
      text run at (0,824) width 80: "This is some text"
    RenderBR {BR} at (80,835) size 0x0
    RenderText {#text} at (0,838) size 80x14
      text run at (0,838) width 80: "This is some text"
    RenderBR {BR} at (80,849) size 0x0
    RenderText {#text} at (0,852) size 80x14
      text run at (0,852) width 80: "This is some text"
    RenderBR {BR} at (80,863) size 0x0
    RenderText {#text} at (0,866) size 80x14
      text run at (0,866) width 80: "This is some text"
    RenderBR {BR} at (80,877) size 0x0
    RenderText {#text} at (0,880) size 80x14
      text run at (0,880) width 80: "This is some text"
    RenderBR {BR} at (80,891) size 0x0
    RenderText {#text} at (0,900) size 80x14
      text run at (0,900) width 80: "This is some text"
    RenderBR {BR} at (80,911) size 0x0
    RenderText {#text} at (0,914) size 80x14
      text run at (0,914) width 80: "This is some text"
    RenderBR {BR} at (80,925) size 0x0
    RenderText {#text} at (0,928) size 80x14
      text run at (0,928) width 80: "This is some text"
    RenderBR {BR} at (80,939) size 0x0
    RenderText {#text} at (0,942) size 80x14
      text run at (0,942) width 80: "This is some text"
    RenderBR {BR} at (80,953) size 0x0
    RenderText {#text} at (0,956) size 80x14
      text run at (0,956) width 80: "This is some text"
    RenderBR {BR} at (80,967) size 0x0
    RenderText {#text} at (0,970) size 80x14
      text run at (0,970) width 80: "This is some text"
    RenderBR {BR} at (80,981) size 0x0
    RenderText {#text} at (0,984) size 80x14
      text run at (0,984) width 80: "This is some text"
    RenderBR {BR} at (80,995) size 0x0
    RenderText {#text} at (0,998) size 80x14
      text run at (0,998) width 80: "This is some text"
    RenderBR {BR} at (80,1009) size 0x0
    RenderText {#text} at (0,1012) size 80x14
      text run at (0,1012) width 80: "This is some text"
    RenderBR {BR} at (80,1023) size 0x0
    RenderText {#text} at (0,1026) size 80x14
      text run at (0,1026) width 80: "This is some text"
    RenderBR {BR} at (80,1037) size 0x0
    RenderText {#text} at (0,1040) size 80x14
      text run at (0,1040) width 80: "This is some text"
    RenderBR {BR} at (80,1051) size 0x0
    RenderText {#text} at (0,1054) size 80x14
      text run at (0,1054) width 80: "This is some text"
    RenderBR {BR} at (80,1065) size 0x0
    RenderText {#text} at (0,1068) size 80x14
      text run at (0,1068) width 80: "This is some text"
    RenderBR {BR} at (80,1079) size 0x0
    RenderText {#text} at (0,1082) size 80x14
      text run at (0,1082) width 80: "This is some text"
    RenderBR {BR} at (80,1093) size 0x0
    RenderText {#text} at (0,1096) size 80x14
      text run at (0,1096) width 80: "This is some text"
    RenderBR {BR} at (80,1107) size 0x0
    RenderText {#text} at (0,1110) size 80x14
      text run at (0,1110) width 80: "This is some text"
    RenderBR {BR} at (80,1121) size 0x0
    RenderText {#text} at (0,1124) size 80x14
      text run at (0,1124) width 80: "This is some text"
    RenderBR {BR} at (80,1135) size 0x0
    RenderText {#text} at (0,1138) size 80x14
      text run at (0,1138) width 80: "This is some text"
    RenderBR {BR} at (80,1149) size 0x0
    RenderText {#text} at (0,1152) size 80x14
      text run at (0,1152) width 80: "This is some text"
    RenderBR {BR} at (80,1163) size 0x0
    RenderText {#text} at (0,1166) size 80x14
      text run at (0,1166) width 80: "This is some text"
    RenderBR {BR} at (80,1177) size 0x0
    RenderText {#text} at (0,1180) size 80x14
      text run at (0,1180) width 80: "This is some text"
    RenderBR {BR} at (80,1191) size 0x0
    RenderText {#text} at (0,1200) size 80x14
      text run at (0,1200) width 80: "This is some text"
    RenderBR {BR} at (80,1211) size 0x0
    RenderText {#text} at (0,1214) size 80x14
      text run at (0,1214) width 80: "This is some text"
    RenderBR {BR} at (80,1225) size 0x0
    RenderText {#text} at (0,1228) size 80x14
      text run at (0,1228) width 80: "This is some text"
    RenderBR {BR} at (80,1239) size 0x0
    RenderText {#text} at (0,1242) size 80x14
      text run at (0,1242) width 80: "This is some text"
    RenderBR {BR} at (80,1253) size 0x0
    RenderText {#text} at (0,1256) size 80x14
      text run at (0,1256) width 80: "This is some text"
    RenderBR {BR} at (80,1267) size 0x0
    RenderText {#text} at (0,1270) size 80x14
      text run at (0,1270) width 80: "This is some text"
    RenderBR {BR} at (80,1281) size 0x0
    RenderText {#text} at (0,1284) size 80x14
      text run at (0,1284) width 80: "This is some text"
    RenderBR {BR} at (80,1295) size 0x0
    RenderText {#text} at (0,1298) size 80x14
      text run at (0,1298) width 80: "This is some text"
    RenderBR {BR} at (80,1309) size 0x0
    RenderText {#text} at (0,1312) size 80x14
      text run at (0,1312) width 80: "This is some text"
    RenderBR {BR} at (80,1323) size 0x0
    RenderText {#text} at (0,1326) size 80x14
      text run at (0,1326) width 80: "This is some text"
    RenderBR {BR} at (80,1337) size 0x0
    RenderText {#text} at (0,1340) size 80x14
      text run at (0,1340) width 80: "This is some text"
    RenderBR {BR} at (80,1351) size 0x0
    RenderText {#text} at (0,1354) size 80x14
      text run at (0,1354) width 80: "This is some text"
    RenderBR {BR} at (80,1365) size 0x0
    RenderText {#text} at (0,1368) size 80x14
      text run at (0,1368) width 80: "This is some text"
    RenderBR {BR} at (80,1379) size 0x0
    RenderText {#text} at (0,1382) size 80x14
      text run at (0,1382) width 80: "This is some text"
    RenderBR {BR} at (80,1393) size 0x0
    RenderText {#text} at (0,1396) size 80x14
      text run at (0,1396) width 80: "This is some text"
    RenderBR {BR} at (80,1407) size 0x0
    RenderText {#text} at (0,1410) size 80x14
      text run at (0,1410) width 80: "This is some text"
    RenderBR {BR} at (80,1421) size 0x0
    RenderText {#text} at (0,1424) size 80x14
      text run at (0,1424) width 80: "This is some text"
    RenderBR {BR} at (80,1435) size 0x0
    RenderText {#text} at (0,1438) size 80x14
      text run at (0,1438) width 80: "This is some text"
    RenderBR {BR} at (80,1449) size 0x0
    RenderText {#text} at (0,1452) size 80x14
      text run at (0,1452) width 80: "This is some text"
    RenderBR {BR} at (80,1463) size 0x0
    RenderText {#text} at (0,1466) size 80x14
      text run at (0,1466) width 80: "This is some text"
    RenderBR {BR} at (80,1477) size 0x0
    RenderText {#text} at (0,1480) size 80x14
      text run at (0,1480) width 80: "This is some text"
    RenderBR {BR} at (80,1491) size 0x0
    RenderText {#text} at (0,1500) size 80x14
      text run at (0,1500) width 80: "This is some text"
    RenderBR {BR} at (80,1511) size 0x0
    RenderText {#text} at (0,1514) size 80x14
      text run at (0,1514) width 80: "This is some text"
    RenderBR {BR} at (80,1525) size 0x0
    RenderText {#text} at (0,1528) size 80x14
      text run at (0,1528) width 80: "This is some text"
    RenderBR {BR} at (80,1539) size 0x0
    RenderText {#text} at (0,1542) size 80x14
      text run at (0,1542) width 80: "This is some text"
    RenderBR {BR} at (80,1553) size 0x0
    RenderText {#text} at (0,1556) size 80x14
      text run at (0,1556) width 80: "This is some text"
    RenderBR {BR} at (80,1567) size 0x0
    RenderText {#text} at (0,1570) size 80x14
      text run at (0,1570) width 80: "This is some text"
    RenderBR {BR} at (80,1581) size 0x0
    RenderText {#text} at (0,1584) size 80x14
      text run at (0,1584) width 80: "This is some text"
    RenderBR {BR} at (80,1595) size 0x0
    RenderText {#text} at (0,1598) size 80x14
      text run at (0,1598) width 80: "This is some text"
    RenderBR {BR} at (80,1609) size 0x0
    RenderText {#text} at (0,1612) size 80x14
      text run at (0,1612) width 80: "This is some text"
    RenderBR {BR} at (80,1623) size 0x0
    RenderText {#text} at (0,1626) size 80x14
      text run at (0,1626) width 80: "This is some text"
    RenderBR {BR} at (80,1637) size 0x0
    RenderText {#text} at (0,1640) size 80x14
      text run at (0,1640) width 80: "This is some text"
    RenderBR {BR} at (80,1651) size 0x0
    RenderText {#text} at (0,1654) size 80x14
      text run at (0,1654) width 80: "This is some text"
    RenderBR {BR} at (80,1665) size 0x0
    RenderText {#text} at (0,1668) size 80x14
      text run at (0,1668) width 80: "This is some text"
    RenderBR {BR} at (80,1679) size 0x0
    RenderText {#text} at (0,1682) size 80x14
      text run at (0,1682) width 80: "This is some text"
    RenderBR {BR} at (80,1693) size 0x0
    RenderText {#text} at (0,1696) size 80x14
      text run at (0,1696) width 80: "This is some text"
    RenderBR {BR} at (80,1707) size 0x0
    RenderText {#text} at (0,1710) size 80x14
      text run at (0,1710) width 80: "This is some text"
    RenderBR {BR} at (80,1721) size 0x0
    RenderText {#text} at (0,1724) size 80x14
      text run at (0,1724) width 80: "This is some text"
    RenderBR {BR} at (80,1735) size 0x0
    RenderText {#text} at (0,1738) size 80x14
      text run at (0,1738) width 80: "This is some text"
    RenderBR {BR} at (80,1749) size 0x0
    RenderText {#text} at (0,1752) size 80x14
      text run at (0,1752) width 80: "This is some text"
    RenderBR {BR} at (80,1763) size 0x0
    RenderText {#text} at (0,1766) size 80x14
      text run at (0,1766) width 80: "This is some text"
    RenderBR {BR} at (80,1777) size 0x0
    RenderText {#text} at (0,1780) size 80x14
      text run at (0,1780) width 80: "This is some text"
    RenderBR {BR} at (80,1791) size 0x0
    RenderText {#text} at (0,1800) size 80x14
      text run at (0,1800) width 80: "This is some text"
    RenderBR {BR} at (80,1811) size 0x0
    RenderText {#text} at (0,1814) size 80x14
      text run at (0,1814) width 80: "This is some text"
    RenderBR {BR} at (80,1825) size 0x0
    RenderText {#text} at (0,1828) size 80x14
      text run at (0,1828) width 80: "This is some text"
    RenderBR {BR} at (80,1839) size 0x0
    RenderText {#text} at (0,1842) size 80x14
      text run at (0,1842) width 80: "This is some text"
    RenderBR {BR} at (80,1853) size 0x0
    RenderText {#text} at (0,1856) size 80x14
      text run at (0,1856) width 80: "This is some text"
    RenderBR {BR} at (80,1867) size 0x0
    RenderText {#text} at (0,1870) size 80x14
      text run at (0,1870) width 80: "This is some text"
    RenderBR {BR} at (80,1881) size 0x0
    RenderText {#text} at (0,1884) size 80x14
      text run at (0,1884) width 80: "This is some text"
    RenderBR {BR} at (80,1895) size 0x0
    RenderText {#text} at (0,1898) size 80x14
      text run at (0,1898) width 80: "This is some text"
    RenderBR {BR} at (80,1909) size 0x0
    RenderText {#text} at (0,1912) size 80x14
      text run at (0,1912) width 80: "This is some text"
    RenderBR {BR} at (80,1923) size 0x0
