layer at (0,0) size 2646x600
  RenderView at (0,0) size 800x600
layer at (0,0) size 800x316
  RenderBlock {HTML} at (0,0) size 800x316
    RenderBody {BODY} at (8,8) size 784x300
layer at (8,8) size 784x300
  RenderBlock {DIV} at (0,0) size 784x300
    RenderBlock {P} at (0,12) size 253x316
      RenderText {#text} at (0,0) size 251x316
        text run at (0,0) width 240: "Lorem ipsum dolor sit amet, consectetur adipiscing"
        text run at (0,14) width 221: "elit. Donec posuere ligula et neque ullamcorper"
        text run at (0,28) width 240: "consectetur. Duis nec viverra magna. Nullam tellus"
        text run at (0,42) width 239: "diam, auctor et auctor at, fermentum quis mi. Nulla"
        text run at (0,56) width 228: "rhoncus porttitor ultrices. Nunc gravida, nisi nec"
        text run at (0,70) width 238: "consequat scelerisque, lectus eros sagittis erat, non"
        text run at (0,84) width 247: "ultrices ipsum nibh in quam. Donec dignissim, lacus"
        text run at (0,98) width 225: "sed cursus commodo, nibh enim sodales metus,"
        text run at (0,112) width 244: "lacinia dictum felis est tincidunt orci. Morbi pretium"
        text run at (0,126) width 243: "volutpat ante, ut ultricies nulla pharetra sed. Duis ac"
        text run at (0,140) width 235: "felis quis justo ullamcorper semper. Integer augue"
        text run at (0,154) width 242: "lacus, imperdiet eu euismod ut, vulputate vel purus."
        text run at (0,168) width 207: "Donec bibendum felis id nisl auctor sit amet"
        text run at (0,182) width 237: "imperdiet quam mollis. Duis aliquam tellus odio, a"
        text run at (0,196) width 231: "varius lectus. Nunc a tortor augue, eu sollicitudin"
        text run at (0,210) width 242: "nibh. Phasellus ultricies, lacus eget tincidunt mattis,"
        text run at (0,224) width 241: "velit erat facilisis lacus, quis luctus arcu erat ut erat."
        text run at (0,238) width 229: "Duis feugiat eros eu ligula ultricies non tincidunt"
        text run at (0,252) width 240: "tellus viverra. Donec ut eros augue, nec elementum"
        text run at (0,266) width 251: "elit. Pellentesque massa lectus, vulputate sed vehicula"
        text run at (0,288) width 245: "eget, volutpat eu augue. Cras fermentum turpis vitae"
        text run at (0,302) width 163: "erat vehicula et lacinia mi molestie."
    RenderBlock {P} at (0,340) size 253x252
      RenderText {#text} at (0,0) size 250x252
        text run at (0,0) width 249: "Curabitur ac porttitor leo. Class aptent taciti sociosqu"
        text run at (0,14) width 233: "ad litora torquent per conubia nostra, per inceptos"
        text run at (0,28) width 195: "himenaeos. Quisque eget mauris id turpis"
        text run at (0,42) width 218: "ullamcorper blandit quis eget turpis. Nullam et"
        text run at (0,56) width 249: "molestie elit. Curabitur urna arcu, luctus a suscipit et,"
        text run at (0,70) width 237: "viverra vel orci. Morbi scelerisque erat quis massa"
        text run at (0,84) width 230: "blandit molestie. Fusce vitae velit a lacus suscipit"
        text run at (0,98) width 228: "tempus. In vitae nisl orci, vel ultrices diam. Duis"
        text run at (0,112) width 230: "pellentesque, massa sit amet eleifend sollicitudin,"
        text run at (0,126) width 250: "dolor orci semper urna, eget euismod tortor massa sit"
        text run at (0,140) width 250: "amet ante. Quisque sed varius lectus. Mauris facilisis"
        text run at (0,154) width 221: "blandit mattis. Ut id tortor ante, ac eleifend dui."
        text run at (0,168) width 238: "Donec sit amet arcu quis neque aliquam euismod a"
        text run at (0,182) width 235: "tincidunt justo. Integer sagittis, neque sed aliquam"
        text run at (0,196) width 233: "bibendum, est ante vulputate lectus, in elementum"
        text run at (0,210) width 223: "felis tellus et nibh. Aliquam id ultrices nisl. Sed"
        text run at (0,224) width 249: "sodales lacinia interdum. Aenean pharetra tellus ante,"
        text run at (0,238) width 125: "aliquam consectetur ligula."
    RenderBlock {P} at (0,600) size 253x314
      RenderText {#text} at (0,0) size 251x314
        text run at (0,0) width 240: "Lorem ipsum dolor sit amet, consectetur adipiscing"
        text run at (0,14) width 221: "elit. Donec posuere ligula et neque ullamcorper"
        text run at (0,28) width 240: "consectetur. Duis nec viverra magna. Nullam tellus"
        text run at (0,42) width 239: "diam, auctor et auctor at, fermentum quis mi. Nulla"
        text run at (0,56) width 228: "rhoncus porttitor ultrices. Nunc gravida, nisi nec"
        text run at (0,70) width 238: "consequat scelerisque, lectus eros sagittis erat, non"
        text run at (0,84) width 247: "ultrices ipsum nibh in quam. Donec dignissim, lacus"
        text run at (0,98) width 225: "sed cursus commodo, nibh enim sodales metus,"
        text run at (0,112) width 244: "lacinia dictum felis est tincidunt orci. Morbi pretium"
        text run at (0,126) width 243: "volutpat ante, ut ultricies nulla pharetra sed. Duis ac"
        text run at (0,140) width 235: "felis quis justo ullamcorper semper. Integer augue"
        text run at (0,154) width 242: "lacus, imperdiet eu euismod ut, vulputate vel purus."
        text run at (0,168) width 207: "Donec bibendum felis id nisl auctor sit amet"
        text run at (0,182) width 237: "imperdiet quam mollis. Duis aliquam tellus odio, a"
        text run at (0,196) width 231: "varius lectus. Nunc a tortor augue, eu sollicitudin"
        text run at (0,210) width 242: "nibh. Phasellus ultricies, lacus eget tincidunt mattis,"
        text run at (0,224) width 241: "velit erat facilisis lacus, quis luctus arcu erat ut erat."
        text run at (0,238) width 229: "Duis feugiat eros eu ligula ultricies non tincidunt"
        text run at (0,252) width 240: "tellus viverra. Donec ut eros augue, nec elementum"
        text run at (0,266) width 251: "elit. Pellentesque massa lectus, vulputate sed vehicula"
        text run at (0,280) width 245: "eget, volutpat eu augue. Cras fermentum turpis vitae"
        text run at (0,300) width 163: "erat vehicula et lacinia mi molestie."
    RenderBlock {P} at (0,926) size 253x252
      RenderText {#text} at (0,0) size 250x252
        text run at (0,0) width 249: "Curabitur ac porttitor leo. Class aptent taciti sociosqu"
        text run at (0,14) width 233: "ad litora torquent per conubia nostra, per inceptos"
        text run at (0,28) width 195: "himenaeos. Quisque eget mauris id turpis"
        text run at (0,42) width 218: "ullamcorper blandit quis eget turpis. Nullam et"
        text run at (0,56) width 249: "molestie elit. Curabitur urna arcu, luctus a suscipit et,"
        text run at (0,70) width 237: "viverra vel orci. Morbi scelerisque erat quis massa"
        text run at (0,84) width 230: "blandit molestie. Fusce vitae velit a lacus suscipit"
        text run at (0,98) width 228: "tempus. In vitae nisl orci, vel ultrices diam. Duis"
        text run at (0,112) width 230: "pellentesque, massa sit amet eleifend sollicitudin,"
        text run at (0,126) width 250: "dolor orci semper urna, eget euismod tortor massa sit"
        text run at (0,140) width 250: "amet ante. Quisque sed varius lectus. Mauris facilisis"
        text run at (0,154) width 221: "blandit mattis. Ut id tortor ante, ac eleifend dui."
        text run at (0,168) width 238: "Donec sit amet arcu quis neque aliquam euismod a"
        text run at (0,182) width 235: "tincidunt justo. Integer sagittis, neque sed aliquam"
        text run at (0,196) width 233: "bibendum, est ante vulputate lectus, in elementum"
        text run at (0,210) width 223: "felis tellus et nibh. Aliquam id ultrices nisl. Sed"
        text run at (0,224) width 249: "sodales lacinia interdum. Aenean pharetra tellus ante,"
        text run at (0,238) width 125: "aliquam consectetur ligula."
    RenderBlock {P} at (0,1200) size 253x314
      RenderText {#text} at (0,0) size 251x314
        text run at (0,0) width 240: "Lorem ipsum dolor sit amet, consectetur adipiscing"
        text run at (0,14) width 221: "elit. Donec posuere ligula et neque ullamcorper"
        text run at (0,28) width 240: "consectetur. Duis nec viverra magna. Nullam tellus"
        text run at (0,42) width 239: "diam, auctor et auctor at, fermentum quis mi. Nulla"
        text run at (0,56) width 228: "rhoncus porttitor ultrices. Nunc gravida, nisi nec"
        text run at (0,70) width 238: "consequat scelerisque, lectus eros sagittis erat, non"
        text run at (0,84) width 247: "ultrices ipsum nibh in quam. Donec dignissim, lacus"
        text run at (0,98) width 225: "sed cursus commodo, nibh enim sodales metus,"
        text run at (0,112) width 244: "lacinia dictum felis est tincidunt orci. Morbi pretium"
        text run at (0,126) width 243: "volutpat ante, ut ultricies nulla pharetra sed. Duis ac"
        text run at (0,140) width 235: "felis quis justo ullamcorper semper. Integer augue"
        text run at (0,154) width 242: "lacus, imperdiet eu euismod ut, vulputate vel purus."
        text run at (0,168) width 207: "Donec bibendum felis id nisl auctor sit amet"
        text run at (0,182) width 237: "imperdiet quam mollis. Duis aliquam tellus odio, a"
        text run at (0,196) width 231: "varius lectus. Nunc a tortor augue, eu sollicitudin"
        text run at (0,210) width 242: "nibh. Phasellus ultricies, lacus eget tincidunt mattis,"
        text run at (0,224) width 241: "velit erat facilisis lacus, quis luctus arcu erat ut erat."
        text run at (0,238) width 229: "Duis feugiat eros eu ligula ultricies non tincidunt"
        text run at (0,252) width 240: "tellus viverra. Donec ut eros augue, nec elementum"
        text run at (0,266) width 251: "elit. Pellentesque massa lectus, vulputate sed vehicula"
        text run at (0,280) width 245: "eget, volutpat eu augue. Cras fermentum turpis vitae"
        text run at (0,300) width 163: "erat vehicula et lacinia mi molestie."
    RenderBlock {P} at (0,1526) size 253x252
      RenderText {#text} at (0,0) size 250x252
        text run at (0,0) width 249: "Curabitur ac porttitor leo. Class aptent taciti sociosqu"
        text run at (0,14) width 233: "ad litora torquent per conubia nostra, per inceptos"
        text run at (0,28) width 195: "himenaeos. Quisque eget mauris id turpis"
        text run at (0,42) width 218: "ullamcorper blandit quis eget turpis. Nullam et"
        text run at (0,56) width 249: "molestie elit. Curabitur urna arcu, luctus a suscipit et,"
        text run at (0,70) width 237: "viverra vel orci. Morbi scelerisque erat quis massa"
        text run at (0,84) width 230: "blandit molestie. Fusce vitae velit a lacus suscipit"
        text run at (0,98) width 228: "tempus. In vitae nisl orci, vel ultrices diam. Duis"
        text run at (0,112) width 230: "pellentesque, massa sit amet eleifend sollicitudin,"
        text run at (0,126) width 250: "dolor orci semper urna, eget euismod tortor massa sit"
        text run at (0,140) width 250: "amet ante. Quisque sed varius lectus. Mauris facilisis"
        text run at (0,154) width 221: "blandit mattis. Ut id tortor ante, ac eleifend dui."
        text run at (0,168) width 238: "Donec sit amet arcu quis neque aliquam euismod a"
        text run at (0,182) width 235: "tincidunt justo. Integer sagittis, neque sed aliquam"
        text run at (0,196) width 233: "bibendum, est ante vulputate lectus, in elementum"
        text run at (0,210) width 223: "felis tellus et nibh. Aliquam id ultrices nisl. Sed"
        text run at (0,224) width 249: "sodales lacinia interdum. Aenean pharetra tellus ante,"
        text run at (0,238) width 125: "aliquam consectetur ligula."
    RenderBlock {P} at (0,1800) size 253x314
      RenderText {#text} at (0,0) size 251x314
        text run at (0,0) width 240: "Lorem ipsum dolor sit amet, consectetur adipiscing"
        text run at (0,14) width 221: "elit. Donec posuere ligula et neque ullamcorper"
        text run at (0,28) width 240: "consectetur. Duis nec viverra magna. Nullam tellus"
        text run at (0,42) width 239: "diam, auctor et auctor at, fermentum quis mi. Nulla"
        text run at (0,56) width 228: "rhoncus porttitor ultrices. Nunc gravida, nisi nec"
        text run at (0,70) width 238: "consequat scelerisque, lectus eros sagittis erat, non"
        text run at (0,84) width 247: "ultrices ipsum nibh in quam. Donec dignissim, lacus"
        text run at (0,98) width 225: "sed cursus commodo, nibh enim sodales metus,"
        text run at (0,112) width 244: "lacinia dictum felis est tincidunt orci. Morbi pretium"
        text run at (0,126) width 243: "volutpat ante, ut ultricies nulla pharetra sed. Duis ac"
        text run at (0,140) width 235: "felis quis justo ullamcorper semper. Integer augue"
        text run at (0,154) width 242: "lacus, imperdiet eu euismod ut, vulputate vel purus."
        text run at (0,168) width 207: "Donec bibendum felis id nisl auctor sit amet"
        text run at (0,182) width 237: "imperdiet quam mollis. Duis aliquam tellus odio, a"
        text run at (0,196) width 231: "varius lectus. Nunc a tortor augue, eu sollicitudin"
        text run at (0,210) width 242: "nibh. Phasellus ultricies, lacus eget tincidunt mattis,"
        text run at (0,224) width 241: "velit erat facilisis lacus, quis luctus arcu erat ut erat."
        text run at (0,238) width 229: "Duis feugiat eros eu ligula ultricies non tincidunt"
        text run at (0,252) width 240: "tellus viverra. Donec ut eros augue, nec elementum"
        text run at (0,266) width 251: "elit. Pellentesque massa lectus, vulputate sed vehicula"
        text run at (0,280) width 245: "eget, volutpat eu augue. Cras fermentum turpis vitae"
        text run at (0,300) width 163: "erat vehicula et lacinia mi molestie."
    RenderBlock {P} at (0,2126) size 253x252
      RenderText {#text} at (0,0) size 250x252
        text run at (0,0) width 249: "Curabitur ac porttitor leo. Class aptent taciti sociosqu"
        text run at (0,14) width 233: "ad litora torquent per conubia nostra, per inceptos"
        text run at (0,28) width 195: "himenaeos. Quisque eget mauris id turpis"
        text run at (0,42) width 218: "ullamcorper blandit quis eget turpis. Nullam et"
        text run at (0,56) width 249: "molestie elit. Curabitur urna arcu, luctus a suscipit et,"
        text run at (0,70) width 237: "viverra vel orci. Morbi scelerisque erat quis massa"
        text run at (0,84) width 230: "blandit molestie. Fusce vitae velit a lacus suscipit"
        text run at (0,98) width 228: "tempus. In vitae nisl orci, vel ultrices diam. Duis"
        text run at (0,112) width 230: "pellentesque, massa sit amet eleifend sollicitudin,"
        text run at (0,126) width 250: "dolor orci semper urna, eget euismod tortor massa sit"
        text run at (0,140) width 250: "amet ante. Quisque sed varius lectus. Mauris facilisis"
        text run at (0,154) width 221: "blandit mattis. Ut id tortor ante, ac eleifend dui."
        text run at (0,168) width 238: "Donec sit amet arcu quis neque aliquam euismod a"
        text run at (0,182) width 235: "tincidunt justo. Integer sagittis, neque sed aliquam"
        text run at (0,196) width 233: "bibendum, est ante vulputate lectus, in elementum"
        text run at (0,210) width 223: "felis tellus et nibh. Aliquam id ultrices nisl. Sed"
        text run at (0,224) width 249: "sodales lacinia interdum. Aenean pharetra tellus ante,"
        text run at (0,238) width 125: "aliquam consectetur ligula."
    RenderBlock {P} at (0,2400) size 253x314
      RenderText {#text} at (0,0) size 251x314
        text run at (0,0) width 240: "Lorem ipsum dolor sit amet, consectetur adipiscing"
        text run at (0,14) width 221: "elit. Donec posuere ligula et neque ullamcorper"
        text run at (0,28) width 240: "consectetur. Duis nec viverra magna. Nullam tellus"
        text run at (0,42) width 239: "diam, auctor et auctor at, fermentum quis mi. Nulla"
        text run at (0,56) width 228: "rhoncus porttitor ultrices. Nunc gravida, nisi nec"
        text run at (0,70) width 238: "consequat scelerisque, lectus eros sagittis erat, non"
        text run at (0,84) width 247: "ultrices ipsum nibh in quam. Donec dignissim, lacus"
        text run at (0,98) width 225: "sed cursus commodo, nibh enim sodales metus,"
        text run at (0,112) width 244: "lacinia dictum felis est tincidunt orci. Morbi pretium"
        text run at (0,126) width 243: "volutpat ante, ut ultricies nulla pharetra sed. Duis ac"
        text run at (0,140) width 235: "felis quis justo ullamcorper semper. Integer augue"
        text run at (0,154) width 242: "lacus, imperdiet eu euismod ut, vulputate vel purus."
        text run at (0,168) width 207: "Donec bibendum felis id nisl auctor sit amet"
        text run at (0,182) width 237: "imperdiet quam mollis. Duis aliquam tellus odio, a"
        text run at (0,196) width 231: "varius lectus. Nunc a tortor augue, eu sollicitudin"
        text run at (0,210) width 242: "nibh. Phasellus ultricies, lacus eget tincidunt mattis,"
        text run at (0,224) width 241: "velit erat facilisis lacus, quis luctus arcu erat ut erat."
        text run at (0,238) width 229: "Duis feugiat eros eu ligula ultricies non tincidunt"
        text run at (0,252) width 240: "tellus viverra. Donec ut eros augue, nec elementum"
        text run at (0,266) width 251: "elit. Pellentesque massa lectus, vulputate sed vehicula"
        text run at (0,280) width 245: "eget, volutpat eu augue. Cras fermentum turpis vitae"
        text run at (0,300) width 163: "erat vehicula et lacinia mi molestie."
    RenderBlock {P} at (0,2726) size 253x252
      RenderText {#text} at (0,0) size 250x252
        text run at (0,0) width 249: "Curabitur ac porttitor leo. Class aptent taciti sociosqu"
        text run at (0,14) width 233: "ad litora torquent per conubia nostra, per inceptos"
        text run at (0,28) width 195: "himenaeos. Quisque eget mauris id turpis"
        text run at (0,42) width 218: "ullamcorper blandit quis eget turpis. Nullam et"
        text run at (0,56) width 249: "molestie elit. Curabitur urna arcu, luctus a suscipit et,"
        text run at (0,70) width 237: "viverra vel orci. Morbi scelerisque erat quis massa"
        text run at (0,84) width 230: "blandit molestie. Fusce vitae velit a lacus suscipit"
        text run at (0,98) width 228: "tempus. In vitae nisl orci, vel ultrices diam. Duis"
        text run at (0,112) width 230: "pellentesque, massa sit amet eleifend sollicitudin,"
        text run at (0,126) width 250: "dolor orci semper urna, eget euismod tortor massa sit"
        text run at (0,140) width 250: "amet ante. Quisque sed varius lectus. Mauris facilisis"
        text run at (0,154) width 221: "blandit mattis. Ut id tortor ante, ac eleifend dui."
        text run at (0,168) width 238: "Donec sit amet arcu quis neque aliquam euismod a"
        text run at (0,182) width 235: "tincidunt justo. Integer sagittis, neque sed aliquam"
        text run at (0,196) width 233: "bibendum, est ante vulputate lectus, in elementum"
        text run at (0,210) width 223: "felis tellus et nibh. Aliquam id ultrices nisl. Sed"
        text run at (0,224) width 249: "sodales lacinia interdum. Aenean pharetra tellus ante,"
        text run at (0,238) width 125: "aliquam consectetur ligula."
