layer at (0,0) size 1190x1000
  RenderView at (0,0) size 800x600
layer at (0,0) size 800x1000
  RenderBlock {HTML} at (0,0) size 800x1000
    RenderBody {BODY} at (8,8) size 784x984
      RenderBlock {HR} at (0,356) size 784x2 [border: (1px inset #000000)]
      RenderBlock {HR} at (0,670) size 784x2 [border: (1px inset #000000)]
layer at (8,8) size 784x350
  RenderBlock {DIV} at (0,0) size 784x350
    RenderTable {TABLE} at (0,0) size 386x915 [border: (1px outset #808080)]
      RenderTableSection {TBODY} at (1,1) size 384x913
        RenderTableRow {TR} at (0,0) size 384x913
          RenderTableCell {TD} at (0,48) size 122x865 [border: (1px inset #808080)] [r=0 c=0 rs=1 cs=1]
            RenderText {#text} at (11,11) size 92x28
              text run at (11,11) width 92: "This cell has lots of"
              text run at (11,25) width 20: "text."
            RenderBR {BR} at (31,36) size 0x0
            RenderText {#text} at (11,39) size 92x28
              text run at (11,39) width 92: "This cell has lots of"
              text run at (11,53) width 20: "text."
            RenderBR {BR} at (31,64) size 0x0
            RenderText {#text} at (11,67) size 92x28
              text run at (11,67) width 92: "This cell has lots of"
              text run at (11,81) width 20: "text."
            RenderBR {BR} at (31,92) size 0x0
            RenderText {#text} at (11,95) size 92x28
              text run at (11,95) width 92: "This cell has lots of"
              text run at (11,109) width 20: "text."
            RenderBR {BR} at (31,120) size 0x0
            RenderText {#text} at (11,123) size 92x28
              text run at (11,123) width 92: "This cell has lots of"
              text run at (11,137) width 20: "text."
            RenderBR {BR} at (31,148) size 0x0
            RenderText {#text} at (11,151) size 92x28
              text run at (11,151) width 92: "This cell has lots of"
              text run at (11,165) width 20: "text."
            RenderBR {BR} at (31,176) size 0x0
            RenderText {#text} at (11,179) size 92x28
              text run at (11,179) width 92: "This cell has lots of"
              text run at (11,193) width 20: "text."
            RenderBR {BR} at (31,204) size 0x0
            RenderText {#text} at (11,207) size 92x28
              text run at (11,207) width 92: "This cell has lots of"
              text run at (11,221) width 20: "text."
            RenderBR {BR} at (31,232) size 0x0
            RenderText {#text} at (11,235) size 92x28
              text run at (11,235) width 92: "This cell has lots of"
              text run at (11,249) width 20: "text."
            RenderBR {BR} at (31,260) size 0x0
            RenderText {#text} at (11,263) size 92x28
              text run at (11,263) width 92: "This cell has lots of"
              text run at (11,277) width 20: "text."
            RenderBR {BR} at (31,288) size 0x0
            RenderText {#text} at (11,302) size 92x28
              text run at (11,302) width 92: "This cell has lots of"
              text run at (11,316) width 20: "text."
            RenderBR {BR} at (31,327) size 0x0
            RenderText {#text} at (11,330) size 92x28
              text run at (11,330) width 92: "This cell has lots of"
              text run at (11,344) width 20: "text."
            RenderBR {BR} at (31,355) size 0x0
            RenderText {#text} at (11,358) size 92x28
              text run at (11,358) width 92: "This cell has lots of"
              text run at (11,372) width 20: "text."
            RenderBR {BR} at (31,383) size 0x0
            RenderText {#text} at (11,386) size 92x28
              text run at (11,386) width 92: "This cell has lots of"
              text run at (11,400) width 20: "text."
            RenderBR {BR} at (31,411) size 0x0
            RenderText {#text} at (11,414) size 92x28
              text run at (11,414) width 92: "This cell has lots of"
              text run at (11,428) width 20: "text."
            RenderBR {BR} at (31,439) size 0x0
            RenderText {#text} at (11,442) size 92x28
              text run at (11,442) width 92: "This cell has lots of"
              text run at (11,456) width 20: "text."
            RenderBR {BR} at (31,467) size 0x0
            RenderText {#text} at (11,470) size 92x28
              text run at (11,470) width 92: "This cell has lots of"
              text run at (11,484) width 20: "text."
            RenderBR {BR} at (31,495) size 0x0
            RenderText {#text} at (11,498) size 92x28
              text run at (11,498) width 92: "This cell has lots of"
              text run at (11,512) width 20: "text."
            RenderBR {BR} at (31,523) size 0x0
            RenderText {#text} at (11,526) size 92x28
              text run at (11,526) width 92: "This cell has lots of"
              text run at (11,540) width 20: "text."
            RenderBR {BR} at (31,551) size 0x0
            RenderText {#text} at (11,554) size 92x28
              text run at (11,554) width 92: "This cell has lots of"
              text run at (11,568) width 20: "text."
            RenderBR {BR} at (31,579) size 0x0
            RenderText {#text} at (11,582) size 92x28
              text run at (11,582) width 92: "This cell has lots of"
              text run at (11,596) width 20: "text."
            RenderBR {BR} at (31,607) size 0x0
            RenderText {#text} at (11,610) size 92x28
              text run at (11,610) width 92: "This cell has lots of"
              text run at (11,624) width 20: "text."
            RenderBR {BR} at (31,635) size 0x0
            RenderText {#text} at (11,638) size 92x28
              text run at (11,638) width 92: "This cell has lots of"
              text run at (11,652) width 20: "text."
            RenderBR {BR} at (31,663) size 0x0
            RenderText {#text} at (11,666) size 92x28
              text run at (11,666) width 92: "This cell has lots of"
              text run at (11,680) width 20: "text."
            RenderBR {BR} at (31,691) size 0x0
            RenderText {#text} at (11,694) size 92x28
              text run at (11,694) width 92: "This cell has lots of"
              text run at (11,708) width 20: "text."
            RenderBR {BR} at (31,719) size 0x0
            RenderText {#text} at (11,722) size 92x28
              text run at (11,722) width 92: "This cell has lots of"
              text run at (11,736) width 20: "text."
            RenderBR {BR} at (31,747) size 0x0
            RenderText {#text} at (11,750) size 92x28
              text run at (11,750) width 92: "This cell has lots of"
              text run at (11,764) width 20: "text."
            RenderBR {BR} at (31,775) size 0x0
            RenderText {#text} at (11,778) size 92x28
              text run at (11,778) width 92: "This cell has lots of"
              text run at (11,792) width 20: "text."
            RenderBR {BR} at (31,803) size 0x0
            RenderText {#text} at (11,806) size 92x28
              text run at (11,806) width 92: "This cell has lots of"
              text run at (11,820) width 20: "text."
            RenderBR {BR} at (31,831) size 0x0
            RenderText {#text} at (11,834) size 92x28
              text run at (11,834) width 92: "This cell has lots of"
              text run at (11,848) width 20: "text."
            RenderBR {BR} at (31,859) size 0x0
          RenderTableCell {TD} at (122,0) size 262x170 [border: (1px inset #808080)] [r=0 c=1 rs=1 cs=1]
            RenderInline {SPAN} at (0,0) size 145x146
              RenderText {#text} at (11,12) size 145x146
                text run at (11,12) width 145: "Other"
                text run at (11,86) width 108: "cell."
layer at (8,372) size 784x300
  RenderBlock {DIV} at (0,364) size 784x300
    RenderTable {TABLE} at (0,0) size 386x879 [border: (1px outset #808080)]
      RenderTableSection {TBODY} at (1,1) size 384x877
        RenderTableRow {TR} at (0,0) size 384x877
          RenderTableCell {TD} at (0,0) size 122x877 [border: (1px inset #808080)] [r=0 c=0 rs=1 cs=1]
            RenderText {#text} at (11,11) size 92x28
              text run at (11,11) width 92: "This cell has lots of"
              text run at (11,25) width 20: "text."
            RenderBR {BR} at (31,36) size 0x0
            RenderText {#text} at (11,39) size 92x28
              text run at (11,39) width 92: "This cell has lots of"
              text run at (11,53) width 20: "text."
            RenderBR {BR} at (31,64) size 0x0
            RenderText {#text} at (11,67) size 92x28
              text run at (11,67) width 92: "This cell has lots of"
              text run at (11,81) width 20: "text."
            RenderBR {BR} at (31,92) size 0x0
            RenderText {#text} at (11,95) size 92x28
              text run at (11,95) width 92: "This cell has lots of"
              text run at (11,109) width 20: "text."
            RenderBR {BR} at (31,120) size 0x0
            RenderText {#text} at (11,123) size 92x28
              text run at (11,123) width 92: "This cell has lots of"
              text run at (11,137) width 20: "text."
            RenderBR {BR} at (31,148) size 0x0
            RenderText {#text} at (11,151) size 92x28
              text run at (11,151) width 92: "This cell has lots of"
              text run at (11,165) width 20: "text."
            RenderBR {BR} at (31,176) size 0x0
            RenderText {#text} at (11,179) size 92x28
              text run at (11,179) width 92: "This cell has lots of"
              text run at (11,193) width 20: "text."
            RenderBR {BR} at (31,204) size 0x0
            RenderText {#text} at (11,207) size 92x28
              text run at (11,207) width 92: "This cell has lots of"
              text run at (11,221) width 20: "text."
            RenderBR {BR} at (31,232) size 0x0
            RenderText {#text} at (11,235) size 92x28
              text run at (11,235) width 92: "This cell has lots of"
              text run at (11,249) width 20: "text."
            RenderBR {BR} at (31,260) size 0x0
            RenderText {#text} at (11,263) size 92x28
              text run at (11,263) width 92: "This cell has lots of"
              text run at (11,277) width 20: "text."
            RenderBR {BR} at (31,288) size 0x0
            RenderText {#text} at (11,300) size 92x28
              text run at (11,300) width 92: "This cell has lots of"
              text run at (11,314) width 20: "text."
            RenderBR {BR} at (31,325) size 0x0
            RenderText {#text} at (11,328) size 92x28
              text run at (11,328) width 92: "This cell has lots of"
              text run at (11,342) width 20: "text."
            RenderBR {BR} at (31,353) size 0x0
            RenderText {#text} at (11,356) size 92x28
              text run at (11,356) width 92: "This cell has lots of"
              text run at (11,370) width 20: "text."
            RenderBR {BR} at (31,381) size 0x0
            RenderText {#text} at (11,384) size 92x28
              text run at (11,384) width 92: "This cell has lots of"
              text run at (11,398) width 20: "text."
            RenderBR {BR} at (31,409) size 0x0
            RenderText {#text} at (11,412) size 92x28
              text run at (11,412) width 92: "This cell has lots of"
              text run at (11,426) width 20: "text."
            RenderBR {BR} at (31,437) size 0x0
            RenderText {#text} at (11,440) size 92x28
              text run at (11,440) width 92: "This cell has lots of"
              text run at (11,454) width 20: "text."
            RenderBR {BR} at (31,465) size 0x0
            RenderText {#text} at (11,468) size 92x28
              text run at (11,468) width 92: "This cell has lots of"
              text run at (11,482) width 20: "text."
            RenderBR {BR} at (31,493) size 0x0
            RenderText {#text} at (11,496) size 92x28
              text run at (11,496) width 92: "This cell has lots of"
              text run at (11,510) width 20: "text."
            RenderBR {BR} at (31,521) size 0x0
            RenderText {#text} at (11,524) size 92x28
              text run at (11,524) width 92: "This cell has lots of"
              text run at (11,538) width 20: "text."
            RenderBR {BR} at (31,549) size 0x0
            RenderText {#text} at (11,552) size 92x28
              text run at (11,552) width 92: "This cell has lots of"
              text run at (11,566) width 20: "text."
            RenderBR {BR} at (31,577) size 0x0
            RenderText {#text} at (11,580) size 92x34
              text run at (11,580) width 92: "This cell has lots of"
              text run at (11,600) width 20: "text."
            RenderBR {BR} at (31,611) size 0x0
            RenderText {#text} at (11,614) size 92x28
              text run at (11,614) width 92: "This cell has lots of"
              text run at (11,628) width 20: "text."
            RenderBR {BR} at (31,639) size 0x0
            RenderText {#text} at (11,642) size 92x28
              text run at (11,642) width 92: "This cell has lots of"
              text run at (11,656) width 20: "text."
            RenderBR {BR} at (31,667) size 0x0
            RenderText {#text} at (11,670) size 92x28
              text run at (11,670) width 92: "This cell has lots of"
              text run at (11,684) width 20: "text."
            RenderBR {BR} at (31,695) size 0x0
            RenderText {#text} at (11,698) size 92x28
              text run at (11,698) width 92: "This cell has lots of"
              text run at (11,712) width 20: "text."
            RenderBR {BR} at (31,723) size 0x0
            RenderText {#text} at (11,726) size 92x28
              text run at (11,726) width 92: "This cell has lots of"
              text run at (11,740) width 20: "text."
            RenderBR {BR} at (31,751) size 0x0
            RenderText {#text} at (11,754) size 92x28
              text run at (11,754) width 92: "This cell has lots of"
              text run at (11,768) width 20: "text."
            RenderBR {BR} at (31,779) size 0x0
            RenderText {#text} at (11,782) size 92x28
              text run at (11,782) width 92: "This cell has lots of"
              text run at (11,796) width 20: "text."
            RenderBR {BR} at (31,807) size 0x0
            RenderText {#text} at (11,810) size 92x28
              text run at (11,810) width 92: "This cell has lots of"
              text run at (11,824) width 20: "text."
            RenderBR {BR} at (31,835) size 0x0
            RenderText {#text} at (11,838) size 92x28
              text run at (11,838) width 92: "This cell has lots of"
              text run at (11,852) width 20: "text."
            RenderBR {BR} at (31,863) size 0x0
          RenderTableCell {TD} at (122,353) size 262x170 [border: (1px inset #808080)] [r=0 c=1 rs=1 cs=1]
            RenderInline {SPAN} at (0,0) size 145x146
              RenderText {#text} at (11,12) size 145x146
                text run at (11,12) width 145: "Other"
                text run at (11,86) width 108: "cell."
layer at (8,692) size 784x300
  RenderBlock {DIV} at (0,684) size 784x300
    RenderTable {TABLE} at (0,0) size 386x879 [border: (1px outset #808080)]
      RenderTableSection {TBODY} at (1,1) size 384x877
        RenderTableRow {TR} at (0,0) size 384x877
          RenderTableCell {TD} at (0,0) size 122x877 [border: (1px inset #808080)] [r=0 c=0 rs=1 cs=1]
            RenderText {#text} at (11,11) size 92x28
              text run at (11,11) width 92: "This cell has lots of"
              text run at (11,25) width 20: "text."
            RenderBR {BR} at (31,36) size 0x0
            RenderText {#text} at (11,39) size 92x28
              text run at (11,39) width 92: "This cell has lots of"
              text run at (11,53) width 20: "text."
            RenderBR {BR} at (31,64) size 0x0
            RenderText {#text} at (11,67) size 92x28
              text run at (11,67) width 92: "This cell has lots of"
              text run at (11,81) width 20: "text."
            RenderBR {BR} at (31,92) size 0x0
            RenderText {#text} at (11,95) size 92x28
              text run at (11,95) width 92: "This cell has lots of"
              text run at (11,109) width 20: "text."
            RenderBR {BR} at (31,120) size 0x0
            RenderText {#text} at (11,123) size 92x28
              text run at (11,123) width 92: "This cell has lots of"
              text run at (11,137) width 20: "text."
            RenderBR {BR} at (31,148) size 0x0
            RenderText {#text} at (11,151) size 92x28
              text run at (11,151) width 92: "This cell has lots of"
              text run at (11,165) width 20: "text."
            RenderBR {BR} at (31,176) size 0x0
            RenderText {#text} at (11,179) size 92x28
              text run at (11,179) width 92: "This cell has lots of"
              text run at (11,193) width 20: "text."
            RenderBR {BR} at (31,204) size 0x0
            RenderText {#text} at (11,207) size 92x28
              text run at (11,207) width 92: "This cell has lots of"
              text run at (11,221) width 20: "text."
            RenderBR {BR} at (31,232) size 0x0
            RenderText {#text} at (11,235) size 92x28
              text run at (11,235) width 92: "This cell has lots of"
              text run at (11,249) width 20: "text."
            RenderBR {BR} at (31,260) size 0x0
            RenderText {#text} at (11,263) size 92x28
              text run at (11,263) width 92: "This cell has lots of"
              text run at (11,277) width 20: "text."
            RenderBR {BR} at (31,288) size 0x0
            RenderText {#text} at (11,300) size 92x28
              text run at (11,300) width 92: "This cell has lots of"
              text run at (11,314) width 20: "text."
            RenderBR {BR} at (31,325) size 0x0
            RenderText {#text} at (11,328) size 92x28
              text run at (11,328) width 92: "This cell has lots of"
              text run at (11,342) width 20: "text."
            RenderBR {BR} at (31,353) size 0x0
            RenderText {#text} at (11,356) size 92x28
              text run at (11,356) width 92: "This cell has lots of"
              text run at (11,370) width 20: "text."
            RenderBR {BR} at (31,381) size 0x0
            RenderText {#text} at (11,384) size 92x28
              text run at (11,384) width 92: "This cell has lots of"
              text run at (11,398) width 20: "text."
            RenderBR {BR} at (31,409) size 0x0
            RenderText {#text} at (11,412) size 92x28
              text run at (11,412) width 92: "This cell has lots of"
              text run at (11,426) width 20: "text."
            RenderBR {BR} at (31,437) size 0x0
            RenderText {#text} at (11,440) size 92x28
              text run at (11,440) width 92: "This cell has lots of"
              text run at (11,454) width 20: "text."
            RenderBR {BR} at (31,465) size 0x0
            RenderText {#text} at (11,468) size 92x28
              text run at (11,468) width 92: "This cell has lots of"
              text run at (11,482) width 20: "text."
            RenderBR {BR} at (31,493) size 0x0
            RenderText {#text} at (11,496) size 92x28
              text run at (11,496) width 92: "This cell has lots of"
              text run at (11,510) width 20: "text."
            RenderBR {BR} at (31,521) size 0x0
            RenderText {#text} at (11,524) size 92x28
              text run at (11,524) width 92: "This cell has lots of"
              text run at (11,538) width 20: "text."
            RenderBR {BR} at (31,549) size 0x0
            RenderText {#text} at (11,552) size 92x28
              text run at (11,552) width 92: "This cell has lots of"
              text run at (11,566) width 20: "text."
            RenderBR {BR} at (31,577) size 0x0
            RenderText {#text} at (11,580) size 92x34
              text run at (11,580) width 92: "This cell has lots of"
              text run at (11,600) width 20: "text."
            RenderBR {BR} at (31,611) size 0x0
            RenderText {#text} at (11,614) size 92x28
              text run at (11,614) width 92: "This cell has lots of"
              text run at (11,628) width 20: "text."
            RenderBR {BR} at (31,639) size 0x0
            RenderText {#text} at (11,642) size 92x28
              text run at (11,642) width 92: "This cell has lots of"
              text run at (11,656) width 20: "text."
            RenderBR {BR} at (31,667) size 0x0
            RenderText {#text} at (11,670) size 92x28
              text run at (11,670) width 92: "This cell has lots of"
              text run at (11,684) width 20: "text."
            RenderBR {BR} at (31,695) size 0x0
            RenderText {#text} at (11,698) size 92x28
              text run at (11,698) width 92: "This cell has lots of"
              text run at (11,712) width 20: "text."
            RenderBR {BR} at (31,723) size 0x0
            RenderText {#text} at (11,726) size 92x28
              text run at (11,726) width 92: "This cell has lots of"
              text run at (11,740) width 20: "text."
            RenderBR {BR} at (31,751) size 0x0
            RenderText {#text} at (11,754) size 92x28
              text run at (11,754) width 92: "This cell has lots of"
              text run at (11,768) width 20: "text."
            RenderBR {BR} at (31,779) size 0x0
            RenderText {#text} at (11,782) size 92x28
              text run at (11,782) width 92: "This cell has lots of"
              text run at (11,796) width 20: "text."
            RenderBR {BR} at (31,807) size 0x0
            RenderText {#text} at (11,810) size 92x28
              text run at (11,810) width 92: "This cell has lots of"
              text run at (11,824) width 20: "text."
            RenderBR {BR} at (31,835) size 0x0
            RenderText {#text} at (11,838) size 92x28
              text run at (11,838) width 92: "This cell has lots of"
              text run at (11,852) width 20: "text."
            RenderBR {BR} at (31,863) size 0x0
          RenderTableCell {TD} at (122,707) size 262x170 [border: (1px inset #808080)] [r=0 c=1 rs=1 cs=1]
            RenderInline {SPAN} at (0,0) size 145x146
              RenderText {#text} at (11,12) size 145x146
                text run at (11,12) width 145: "Other"
                text run at (11,86) width 108: "cell."
