layer at (0,0) size 800x600
  RenderView at (0,0) size 800x600
layer at (0,0) size 800x600
  RenderBlock {HTML} at (0,0) size 800x600
    RenderBody {BODY} at (8,8) size 784x584
      RenderBlock (anonymous) at (0,0) size 784x28
        RenderText {#text} at (0,0) size 773x28
          text run at (0,0) width 328: "The four rectangles below should both be at the top of their columns. "
          text run at (328,0) width 252: "If one is lower than the other, than the test has failed. "
          text run at (580,0) width 193: "The pattern in each column should be the"
          text run at (0,14) width 105: "same (orange/yellow)."
layer at (8,36) size 784x304
  RenderBlock {DIV} at (0,28) size 784x304 [border: (2px solid #000000)]
    RenderTable {TABLE} at (2,2) size 384x500
      RenderTableSection {TBODY} at (0,0) size 384x500
        RenderTableRow {TR} at (0,0) size 384x500
          RenderTableCell {TD} at (0,0) size 192x500 [r=0 c=0 rs=1 cs=1]
            RenderBlock {DIV} at (0,0) size 192x200 [bgcolor=#FFA500]
            RenderBlock {DIV} at (0,300) size 192x200 [bgcolor=#FFA500]
          RenderTableCell {TD} at (192,0) size 192x500 [r=0 c=1 rs=1 cs=1]
            RenderBlock {DIV} at (0,0) size 192x200 [bgcolor=#FFFF00]
            RenderBlock {DIV} at (0,300) size 192x200 [bgcolor=#FFFF00]
