layer at (0,0) size 980x735
  RenderView at (0,0) size 980x735
layer at (0,0) size 980x735
  RenderBlock {HTML} at (0,0) size 980x735
    RenderBody {BODY} at (8,8) size 964x719
      RenderTable {TABLE} at (0,0) size 100x112 [bgcolor=#0000FF] [border: (20px solid #000000)]
        RenderTableSection {TBODY} at (30,30) size 40x52
          RenderTableRow {TR} at (0,2) size 40x23
            RenderTableCell {TD} at (2,2) size 36x23 [border: (1px inset #000000)] [r=0 c=0 rs=1 cs=1]
              RenderText {#text} at (2,2) size 26x19
                text run at (2,2) width 26: "foo"
          RenderTableRow {TR} at (0,27) size 40x23
            RenderTableCell {TD} at (2,27) size 36x23 [border: (1px inset #000000)] [r=1 c=0 rs=1 cs=1]
              RenderText {#text} at (2,2) size 27x19
                text run at (2,2) width 27: "bar"
      RenderBlock (anonymous) at (0,112) size 964x19
        RenderBR {BR} at (0,0) size 0x19
      RenderTable {TABLE} at (0,131) size 100x112 [bgcolor=#0000FF] [border: (20px solid #000000)]
        RenderTableSection {TBODY} at (30,30) size 40x52
          RenderTableRow {TR} at (0,2) size 40x23
            RenderTableCell {TD} at (2,2) size 36x23 [border: (1px inset #000000)] [r=0 c=0 rs=1 cs=1]
              RenderText {#text} at (2,2) size 26x19
                text run at (2,2) width 26: "foo"
          RenderTableRow {TR} at (0,27) size 40x23
            RenderTableCell {TD} at (2,27) size 36x23 [border: (1px inset #000000)] [r=1 c=0 rs=1 cs=1]
              RenderText {#text} at (2,2) size 27x19
                text run at (2,2) width 27: "bar"
      RenderBlock (anonymous) at (0,243) size 964x19
        RenderBR {BR} at (0,0) size 0x19
      RenderTable {TABLE} at (0,262) size 100x112 [bgcolor=#0000FF] [border: (20px solid #000000)]
        RenderTableSection {TBODY} at (30,30) size 40x52
          RenderTableRow {TR} at (0,2) size 40x23
            RenderTableCell {TD} at (2,2) size 36x23 [border: (1px inset #000000)] [r=0 c=0 rs=1 cs=1]
              RenderText {#text} at (2,2) size 26x19
                text run at (2,2) width 26: "foo"
          RenderTableRow {TR} at (0,27) size 40x23
            RenderTableCell {TD} at (2,27) size 36x23 [border: (1px inset #000000)] [r=1 c=0 rs=1 cs=1]
              RenderText {#text} at (2,2) size 27x19
                text run at (2,2) width 27: "bar"
