layer at (0,0) size 980x1242
  RenderView at (0,0) size 980x735
layer at (0,0) size 980x1242
  RenderBlock {HTML} at (0,0) size 980x1242
    RenderBody {BODY} at (8,8) size 964x1226
      RenderTable {TABLE} at (0,0) size 964x738 [border: (1px outset #808080)]
        RenderBlock {CAPTION} at (0,0) size 964x19
          RenderInline {NOBR} at (0,0) size 774x19
            RenderText {#text} at (95,0) size 774x19
              text run at (95,0) width 445: "caption is considered part of % width, not so in Nav4.6, "
              text run at (540,0) width 329: "caption is not considered part of %height"
          RenderText {#text} at (0,0) size 0x0
        RenderTableSection {TBODY} at (1,20) size 962x717
          RenderTableRow {TR} at (0,2) size 962x713
            RenderTableCell {TD} at (2,338) size 958x41 [border: (1px inset #808080)] [r=0 c=0 rs=1 cs=1]
              RenderText {#text} at (11,11) size 35x19
                text run at (11,11) width 35: "FOO"
      RenderBlock (anonymous) at (0,738) size 964x19
        RenderBR {BR} at (0,0) size 0x19
      RenderTable {TABLE} at (0,757) size 565x48 [border: (1px outset #808080)]
        RenderBlock {CAPTION} at (0,0) size 565x19
          RenderText {#text} at (241,0) size 83x19
            text run at (241,0) width 83: "top center"
        RenderTableSection {TBODY} at (1,20) size 563x27
          RenderTableRow {TR} at (0,2) size 563x23
            RenderTableCell {TD} at (2,2) size 559x23 [border: (1px inset #808080)] [r=0 c=0 rs=1 cs=1]
              RenderText {#text} at (2,2) size 555x19
                text run at (2,2) width 555: "FOO FOO FOO FOO FOO FOO FOO FOO FOO FOO FOO FOO FOO FOO"
      RenderBlock (anonymous) at (0,805) size 964x19
        RenderBR {BR} at (0,0) size 0x19
      RenderTable {TABLE} at (0,824) size 565x48 [border: (1px outset #808080)]
        RenderBlock {CAPTION} at (0,0) size 565x19
          RenderText {#text} at (497,0) size 68x19
            text run at (497,0) width 68: "top right"
        RenderTableSection {TBODY} at (1,20) size 563x27
          RenderTableRow {TR} at (0,2) size 563x23
            RenderTableCell {TD} at (2,2) size 559x23 [border: (1px inset #808080)] [r=0 c=0 rs=1 cs=1]
              RenderText {#text} at (2,2) size 555x19
                text run at (2,2) width 555: "FOO FOO FOO FOO FOO FOO FOO FOO FOO FOO FOO FOO FOO FOO"
      RenderBlock (anonymous) at (0,872) size 964x19
        RenderBR {BR} at (0,0) size 0x19
      RenderTable {TABLE} at (0,891) size 565x48 [border: (1px outset #808080)]
        RenderBlock {CAPTION} at (0,29) size 565x19
          RenderText {#text} at (225,0) size 115x19
            text run at (225,0) width 115: "bottom center"
        RenderTableSection {TBODY} at (1,1) size 563x27
          RenderTableRow {TR} at (0,2) size 563x23
            RenderTableCell {TD} at (2,2) size 559x23 [border: (1px inset #808080)] [r=0 c=0 rs=1 cs=1]
              RenderText {#text} at (2,2) size 555x19
                text run at (2,2) width 555: "FOO FOO FOO FOO FOO FOO FOO FOO FOO FOO FOO FOO FOO FOO"
      RenderBlock (anonymous) at (0,939) size 964x19
        RenderBR {BR} at (0,0) size 0x19
      RenderTable {TABLE} at (0,958) size 565x48 [border: (1px outset #808080)]
        RenderBlock {CAPTION} at (0,29) size 565x19
          RenderText {#text} at (0,0) size 89x19
            text run at (0,0) width 89: "bottom left"
        RenderTableSection {TBODY} at (1,1) size 563x27
          RenderTableRow {TR} at (0,2) size 563x23
            RenderTableCell {TD} at (2,2) size 559x23 [border: (1px inset #808080)] [r=0 c=0 rs=1 cs=1]
              RenderText {#text} at (2,2) size 555x19
                text run at (2,2) width 555: "FOO FOO FOO FOO FOO FOO FOO FOO FOO FOO FOO FOO FOO FOO"
      RenderBlock (anonymous) at (0,1006) size 964x19
        RenderBR {BR} at (0,0) size 0x19
      RenderTable {TABLE} at (0,1025) size 565x48 [border: (1px outset #808080)]
        RenderBlock {CAPTION} at (0,0) size 565x19
          RenderText {#text} at (241,0) size 83x19
            text run at (241,0) width 83: "top center"
        RenderTableSection {TBODY} at (1,20) size 563x27
          RenderTableRow {TR} at (0,2) size 563x23
            RenderTableCell {TD} at (2,2) size 559x23 [border: (1px inset #808080)] [r=0 c=0 rs=1 cs=1]
              RenderText {#text} at (2,2) size 555x19
                text run at (2,2) width 555: "FOO FOO FOO FOO FOO FOO FOO FOO FOO FOO FOO FOO FOO FOO"
      RenderBlock (anonymous) at (0,1073) size 964x19
        RenderBR {BR} at (0,0) size 0x19
      RenderTable {TABLE} at (0,1092) size 565x48 [border: (1px outset #808080)]
        RenderBlock {CAPTION} at (0,29) size 565x19
          RenderText {#text} at (225,0) size 115x19
            text run at (225,0) width 115: "bottom center"
        RenderTableSection {TBODY} at (1,1) size 563x27
          RenderTableRow {TR} at (0,2) size 563x23
            RenderTableCell {TD} at (2,2) size 559x23 [border: (1px inset #808080)] [r=0 c=0 rs=1 cs=1]
              RenderText {#text} at (2,2) size 555x19
                text run at (2,2) width 555: "FOO FOO FOO FOO FOO FOO FOO FOO FOO FOO FOO FOO FOO FOO"
      RenderBlock (anonymous) at (0,1140) size 964x19
        RenderBR {BR} at (0,0) size 0x19
      RenderTable {TABLE} at (0,1159) size 565x48 [border: (1px outset #808080)]
        RenderBlock {CAPTION} at (0,0) size 565x19
          RenderText {#text} at (241,0) size 83x19
            text run at (241,0) width 83: "top center"
        RenderTableSection {TBODY} at (1,20) size 563x27
          RenderTableRow {TR} at (0,2) size 563x23
            RenderTableCell {TD} at (2,2) size 559x23 [border: (1px inset #808080)] [r=0 c=0 rs=1 cs=1]
              RenderText {#text} at (2,2) size 555x19
                text run at (2,2) width 555: "FOO FOO FOO FOO FOO FOO FOO FOO FOO FOO FOO FOO FOO FOO"
      RenderBlock (anonymous) at (0,1207) size 964x19
        RenderBR {BR} at (0,0) size 0x19
