layer at (0,0) size 980x735
  RenderView at (0,0) size 980x735
layer at (0,0) size 980x735
  RenderBlock {HTML} at (0,0) size 980x735
    RenderBody {BODY} at (8,8) size 964x719
      RenderBlock (anonymous) at (0,0) size 964x19
        RenderText {#text} at (0,0) size 417x19
          text run at (0,0) width 417: "fixed table - percentage width cell is honored to min"
      RenderTable {TABLE} at (0,19) size 300x29 [border: (1px outset #808080)]
        RenderTableSection {TBODY} at (1,1) size 298x27
          RenderTableRow {TR} at (0,2) size 298x23
            RenderTableCell {TD} at (2,2) size 146x23 [border: (1px inset #808080)] [r=0 c=0 rs=1 cs=1]
              RenderText {#text} at (2,2) size 26x19
                text run at (2,2) width 26: "foo"
            RenderTableCell {TD} at (150,2) size 146x23 [border: (1px inset #808080)] [r=0 c=1 rs=1 cs=1]
              RenderText {#text} at (2,2) size 26x19
                text run at (2,2) width 26: "foo"
      RenderBlock (anonymous) at (0,48) size 964x19
        RenderBR {BR} at (0,0) size 0x19
      RenderTable {TABLE} at (0,67) size 500x29 [border: (1px outset #808080)]
        RenderTableSection {TBODY} at (1,1) size 498x27
          RenderTableRow {TR} at (0,2) size 498x23
            RenderTableCell {TD} at (2,2) size 180x23 [bgcolor=#FF0000] [border: (1px inset #808080)] [r=0 c=0 rs=1 cs=1]
              RenderText {#text} at (2,2) size 96x19
                text run at (2,2) width 96: "fooooooooo"
            RenderTableCell {TD} at (184,2) size 180x23 [bgcolor=#008000] [border: (1px inset #808080)] [r=0 c=1 rs=1 cs=1]
              RenderText {#text} at (2,2) size 96x19
                text run at (2,2) width 96: "fooooooooo"
            RenderTableCell {TD} at (366,2) size 130x23 [bgcolor=#FFA500] [border: (1px inset #808080)] [r=0 c=2 rs=1 cs=1]
              RenderText {#text} at (2,2) size 119x19
                text run at (2,2) width 119: "foo foo foo foo"
      RenderBlock (anonymous) at (0,96) size 964x19
        RenderBR {BR} at (0,0) size 0x19
      RenderTable {TABLE} at (0,115) size 500x86 [border: (1px outset #808080)]
        RenderTableSection {TBODY} at (1,1) size 498x84
          RenderTableRow {TR} at (0,2) size 498x80
            RenderTableCell {TD} at (2,30) size 230x23 [bgcolor=#FF0000] [border: (1px inset #808080)] [r=0 c=0 rs=1 cs=1]
              RenderText {#text} at (2,2) size 96x19
                text run at (2,2) width 96: "fooooooooo"
            RenderTableCell {TD} at (234,30) size 230x23 [bgcolor=#008000] [border: (1px inset #808080)] [r=0 c=1 rs=1 cs=1]
              RenderText {#text} at (2,2) size 96x19
                text run at (2,2) width 96: "fooooooooo"
            RenderTableCell {TD} at (466,2) size 30x80 [bgcolor=#FFA500] [border: (1px inset #808080)] [r=0 c=2 rs=1 cs=1]
              RenderText {#text} at (2,2) size 26x76
                text run at (2,2) width 26: "foo"
                text run at (2,21) width 26: "foo"
                text run at (2,40) width 26: "foo"
                text run at (2,59) width 26: "foo"
      RenderBlock (anonymous) at (0,201) size 964x19
        RenderBR {BR} at (0,0) size 0x19
      RenderTable {TABLE} at (0,220) size 964x29 [border: (1px outset #808080)]
        RenderTableSection {TBODY} at (1,1) size 962x27
          RenderTableRow {TR} at (0,2) size 962x23
            RenderTableCell {TD} at (2,2) size 191x23 [bgcolor=#FFA500] [border: (1px inset #808080)] [r=0 c=0 rs=1 cs=1]
              RenderText {#text} at (2,2) size 119x19
                text run at (2,2) width 119: "foo foo foo foo"
            RenderTableCell {TD} at (195,2) size 190x23 [bgcolor=#0000FF] [border: (1px inset #808080)] [r=0 c=1 rs=1 cs=1]
              RenderText {#text} at (2,2) size 119x19
                text run at (2,2) width 119: "foo foo foo foo"
            RenderTableCell {TD} at (387,2) size 573x23 [bgcolor=#008000] [border: (1px inset #808080)] [r=0 c=2 rs=1 cs=1]
              RenderText {#text} at (452,2) size 119x19
                text run at (452,2) width 119: "foo foo foo foo"
      RenderBlock (anonymous) at (0,249) size 964x19
        RenderBR {BR} at (0,0) size 0x19
