layer at (0,0) size 980x753
  RenderView at (0,0) size 980x735
layer at (0,0) size 980x753
  RenderBlock {HTML} at (0,0) size 980x753
    RenderBody {BODY} at (8,8) size 964x737
      RenderTable {TABLE} at (0,0) size 150x29 [bgcolor=#00FF00] [border: (1px outset #808080)]
        RenderTableSection {TBODY} at (1,1) size 148x27
          RenderTableRow {TR} at (0,2) size 148x23
            RenderTableCell {TD} at (2,2) size 57x23 [border: (1px inset #808080)] [r=0 c=0 rs=1 cs=1]
              RenderText {#text} at (2,2) size 30x19
                text run at (2,2) width 30: "200"
            RenderTableCell {TD} at (61,2) size 85x23 [border: (1px inset #808080)] [r=0 c=1 rs=1 cs=1]
              RenderText {#text} at (2,2) size 78x19
                text run at (2,2) width 78: "one_hund"
      RenderBlock (anonymous) at (0,29) size 964x19
        RenderBR {BR} at (0,0) size 0x19
      RenderTable {TABLE} at (0,48) size 500x29 [border: (1px outset #808080)]
        RenderTableSection {TBODY} at (1,1) size 498x27
          RenderTableRow {TR} at (0,2) size 498x23
            RenderTableCell {TD} at (2,2) size 177x23 [bgcolor=#FF0000] [border: (1px inset #808080)] [r=0 c=0 rs=1 cs=1]
              RenderText {#text} at (2,2) size 96x19
                text run at (2,2) width 96: "fooooooooo"
            RenderTableCell {TD} at (181,2) size 178x23 [bgcolor=#008000] [border: (1px inset #808080)] [r=0 c=1 rs=1 cs=1]
              RenderText {#text} at (2,2) size 96x19
                text run at (2,2) width 96: "fooooooooo"
            RenderTableCell {TD} at (361,2) size 135x23 [bgcolor=#FFA500] [border: (1px inset #808080)] [r=0 c=2 rs=1 cs=1]
              RenderText {#text} at (2,2) size 119x19
                text run at (2,2) width 119: "foo foo foo foo"
      RenderBlock (anonymous) at (0,77) size 964x38
        RenderBR {BR} at (0,0) size 0x19
        RenderText {#text} at (0,19) size 464x19
          text run at (0,19) width 464: "fixed table - fixed cells are increased based on fixed width"
      RenderTable {TABLE} at (0,115) size 400x48 [border: (1px outset #808080)]
        RenderTableSection {TBODY} at (1,1) size 398x46
          RenderTableRow {TR} at (0,2) size 398x42
            RenderTableCell {TD} at (2,11) size 259x23 [border: (1px inset #808080)] [r=0 c=0 rs=1 cs=1]
              RenderText {#text} at (2,2) size 26x19
                text run at (2,2) width 26: "foo"
            RenderTableCell {TD} at (263,2) size 133x42 [border: (1px inset #808080)] [r=0 c=1 rs=1 cs=1]
              RenderText {#text} at (2,2) size 119x38
                text run at (2,2) width 119: "foo foo foo foo"
                text run at (2,21) width 119: "foo foo foo foo"
      RenderBlock (anonymous) at (0,163) size 964x57
        RenderBR {BR} at (0,0) size 0x19
        RenderBR {BR} at (0,19) size 0x19
        RenderText {#text} at (0,38) size 477x19
          text run at (0,38) width 477: "excess above min allocated based on fixed widths (not min)"
      RenderTable {TABLE} at (0,220) size 100x48 [border: (1px outset #808080)]
        RenderTableSection {TBODY} at (1,1) size 98x46
          RenderTableRow {TR} at (0,2) size 98x42
            RenderTableCell {TD} at (2,2) size 36x42 [border: (1px inset #808080)] [r=0 c=0 rs=1 cs=1]
              RenderText {#text} at (2,2) size 26x38
                text run at (2,2) width 26: "foo"
                text run at (2,21) width 26: "foo"
            RenderTableCell {TD} at (40,11) size 56x23 [border: (1px inset #808080)] [r=0 c=1 rs=1 cs=1]
              RenderText {#text} at (2,2) size 26x19
                text run at (2,2) width 26: "foo"
      RenderBlock (anonymous) at (0,268) size 964x38
        RenderBR {BR} at (0,0) size 0x19
        RenderText {#text} at (0,19) size 477x19
          text run at (0,19) width 477: "excess above min allocated based on fixed widths (not min)"
      RenderTable {TABLE} at (0,306) size 100x48 [border: (1px outset #808080)]
        RenderTableSection {TBODY} at (1,1) size 98x46
          RenderTableRow {TR} at (0,2) size 98x42
            RenderTableCell {TD} at (2,2) size 30x42 [border: (1px inset #808080)] [r=0 c=0 rs=1 cs=1]
              RenderText {#text} at (2,2) size 26x38
                text run at (2,2) width 26: "foo"
                text run at (2,21) width 26: "foo"
            RenderTableCell {TD} at (34,11) size 62x23 [border: (1px inset #808080)] [r=0 c=1 rs=1 cs=1]
              RenderText {#text} at (2,2) size 26x19
                text run at (2,2) width 26: "foo"
      RenderBlock (anonymous) at (0,354) size 964x19
        RenderBR {BR} at (0,0) size 0x19
      RenderTable {TABLE} at (0,373) size 600x29 [border: (1px outset #808080)]
        RenderTableSection {TBODY} at (1,1) size 598x27
          RenderTableRow {TR} at (0,2) size 598x23
            RenderTableCell {TD} at (2,2) size 30x23 [border: (1px inset #808080)] [r=0 c=0 rs=1 cs=1]
              RenderText {#text} at (2,2) size 26x19
                text run at (2,2) width 26: "foo"
            RenderTableCell {TD} at (34,2) size 562x23 [border: (1px inset #808080)] [r=0 c=1 rs=1 cs=1]
              RenderText {#text} at (2,2) size 26x19
                text run at (2,2) width 26: "foo"
      RenderBlock (anonymous) at (0,402) size 964x19
        RenderBR {BR} at (0,0) size 0x19
      RenderTable {TABLE} at (0,421) size 40x29 [border: (1px outset #808080)]
        RenderTableSection {TBODY} at (1,1) size 38x27
          RenderTableRow {TR} at (0,2) size 38x23
            RenderTableCell {TD} at (2,2) size 34x23 [border: (1px inset #808080)] [r=0 c=0 rs=1 cs=1]
              RenderText {#text} at (2,2) size 26x19
                text run at (2,2) width 26: "foo"
      RenderBlock (anonymous) at (0,450) size 964x38
        RenderBR {BR} at (0,0) size 0x19
        RenderText {#text} at (0,19) size 427x19
          text run at (0,19) width 427: "auto table - fixed width cell does not exceed viewport"
      RenderTable {TABLE} at (0,488) size 964x29 [border: (1px outset #808080)]
        RenderTableSection {TBODY} at (1,1) size 962x27
          RenderTableRow {TR} at (0,2) size 962x23
            RenderTableCell {TD} at (2,2) size 958x23 [border: (1px inset #808080)] [r=0 c=0 rs=1 cs=1]
              RenderText {#text} at (2,2) size 26x19
                text run at (2,2) width 26: "foo"
      RenderBlock (anonymous) at (0,517) size 964x38
        RenderBR {BR} at (0,0) size 0x19
        RenderText {#text} at (0,19) size 373x19
          text run at (0,19) width 373: "auto table - fixed cells cannot exceed viewport"
      RenderTable {TABLE} at (0,555) size 964x29 [border: (1px outset #808080)]
        RenderTableSection {TBODY} at (1,1) size 962x27
          RenderTableRow {TR} at (0,2) size 962x23
            RenderTableCell {TD} at (2,2) size 190x23 [border: (1px inset #808080)] [r=0 c=0 rs=1 cs=1]
              RenderText {#text} at (2,2) size 49x19
                text run at (2,2) width 49: "200px"
            RenderTableCell {TD} at (194,2) size 190x23 [border: (1px inset #808080)] [r=0 c=1 rs=1 cs=1]
              RenderText {#text} at (2,2) size 49x19
                text run at (2,2) width 49: "200px"
            RenderTableCell {TD} at (386,2) size 190x23 [border: (1px inset #808080)] [r=0 c=2 rs=1 cs=1]
              RenderText {#text} at (2,2) size 49x19
                text run at (2,2) width 49: "200px"
            RenderTableCell {TD} at (578,2) size 190x23 [border: (1px inset #808080)] [r=0 c=3 rs=1 cs=1]
              RenderText {#text} at (2,2) size 49x19
                text run at (2,2) width 49: "200px"
            RenderTableCell {TD} at (770,2) size 190x23 [border: (1px inset #808080)] [r=0 c=4 rs=1 cs=1]
              RenderText {#text} at (2,2) size 49x19
                text run at (2,2) width 49: "200px"
      RenderBlock (anonymous) at (0,584) size 964x38
        RenderBR {BR} at (0,0) size 0x19
        RenderText {#text} at (0,19) size 377x19
          text run at (0,19) width 377: "auto table - cell width does not include padding"
      RenderTable {TABLE} at (0,622) size 148x67 [border: (1px outset #808080)]
        RenderTableSection {TBODY} at (1,1) size 146x65
          RenderTableRow {TR} at (0,2) size 146x61
            RenderTableCell {TD} at (2,2) size 142x61 [border: (1px inset #808080)] [r=0 c=0 rs=1 cs=1]
              RenderText {#text} at (21,21) size 89x19
                text run at (21,21) width 89: "cell=100px"
      RenderBlock (anonymous) at (0,689) size 964x19
        RenderBR {BR} at (0,0) size 0x19
      RenderTable {TABLE} at (0,708) size 110x29 [border: (1px outset #808080)]
        RenderTableSection {TBODY} at (1,1) size 108x27
          RenderTableRow {TR} at (0,2) size 108x23
            RenderTableCell {TD} at (2,2) size 104x23 [border: (1px inset #808080)] [r=0 c=0 rs=1 cs=1]
              RenderText {#text} at (2,2) size 89x19
                text run at (2,2) width 89: "cell=100px"
