layer at (0,0) size 980x735
  RenderView at (0,0) size 980x735
layer at (0,0) size 980x735
  RenderBlock {HTML} at (0,0) size 980x735
    RenderBody {BODY} at (8,8) size 964x719
      RenderBlock (anonymous) at (0,0) size 964x19
        RenderText {#text} at (0,0) size 468x19
          text run at (0,0) width 468: "auto table - % width single cell has no effect (not so in IE5)"
      RenderTable {TABLE} at (0,19) size 812x45 [border: (1px outset #808080)]
        RenderTableSection {TBODY} at (1,1) size 810x43
          RenderTableRow {TR} at (0,10) size 810x23
            RenderTableCell {TD} at (10,10) size 790x23 [border: (1px inset #808080)] [r=0 c=0 rs=1 cs=1]
              RenderText {#text} at (2,2) size 75x19
                text run at (2,2) width 75: "10% 10%"
      RenderBlock (anonymous) at (0,64) size 964x57
        RenderBR {BR} at (0,0) size 0x19
        RenderText {#text} at (0,19) size 923x38
          text run at (0,19) width 923: "auto table - % width cell increases table width based on % cell which makes it largest. Nav4.x does not increase the"
          text run at (0,38) width 297: "table too much if the only cells are %"
      RenderTable {TABLE} at (0,121) size 964x45 [border: (1px outset #808080)]
        RenderTableSection {TBODY} at (1,1) size 962x43
          RenderTableRow {TR} at (0,10) size 962x23
            RenderTableCell {TD} at (10,10) size 102x23 [border: (1px inset #808080)] [r=0 c=0 rs=1 cs=1]
              RenderText {#text} at (2,2) size 25x19
                text run at (2,2) width 25: "1%"
            RenderTableCell {TD} at (122,10) size 830x23 [border: (1px inset #808080)] [r=0 c=1 rs=1 cs=1]
              RenderText {#text} at (2,2) size 35x19
                text run at (2,2) width 35: "10%"
      RenderBlock (anonymous) at (0,166) size 964x19
        RenderBR {BR} at (0,0) size 0x19
