layer at (0,0) size 980x735
  RenderView at (0,0) size 980x735
layer at (0,0) size 980x735
  RenderBlock {HTML} at (0,0) size 980x735
    RenderBody {BODY} at (8,8) size 964x719
      RenderTable {TABLE} at (0,0) size 298x29 [border: (1px outset #808080)]
        RenderTableSection {TBODY} at (1,1) size 296x27
          RenderTableRow {TR} at (0,2) size 296x23
            RenderTableCell {TD} at (2,2) size 203x23 [border: (1px inset #808080)] [r=0 c=0 rs=1 cs=1]
              RenderText {#text} at (2,2) size 30x19
                text run at (2,2) width 30: "100"
            RenderTableCell {TD} at (207,2) size 87x23 [border: (1px inset #808080)] [r=0 c=1 rs=1 cs=1]
              RenderText {#text} at (2,2) size 83x19
                text run at (2,2) width 83: "30% width"
      RenderBlock (anonymous) at (0,29) size 964x19
        RenderBR {BR} at (0,0) size 0x19
      RenderTable {TABLE} at (0,48) size 216x48 [border: (1px outset #808080)]
        RenderTableSection {TBODY} at (1,1) size 214x46
          RenderTableRow {TR} at (0,2) size 214x42
            RenderTableCell {TD} at (2,2) size 104x42 [border: (1px inset #808080)] [r=0 c=0 rs=1 cs=1]
              RenderText {#text} at (2,2) size 100x38
                text run at (2,2) width 100: "100 100 100"
                text run at (2,21) width 100: "100 100 100"
            RenderTableCell {TD} at (108,11) size 104x23 [border: (1px inset #808080)] [r=0 c=1 rs=1 cs=1]
              RenderText {#text} at (2,2) size 83x19
                text run at (2,2) width 83: "50% width"
      RenderBlock (anonymous) at (0,96) size 964x19
        RenderBR {BR} at (0,0) size 0x19
      RenderTable {TABLE} at (0,115) size 524x54 [border: (1px outset #808080)]
        RenderTableSection {TBODY} at (1,1) size 522x52
          RenderTableRow {TR} at (0,2) size 522x23
            RenderTableCell {TD} at (2,2) size 104x23 [border: (1px inset #808080)] [r=0 c=0 rs=1 cs=1]
              RenderText {#text} at (2,2) size 30x19
                text run at (2,2) width 30: "100"
            RenderTableCell {TD} at (108,2) size 256x23 [border: (1px inset #808080)] [r=0 c=1 rs=1 cs=1]
              RenderText {#text} at (2,2) size 116x19
                text run at (2,2) width 116: "no width given"
            RenderTableCell {TD} at (366,2) size 154x23 [border: (1px inset #808080)] [r=0 c=2 rs=1 cs=1]
              RenderText {#text} at (2,2) size 83x19
                text run at (2,2) width 83: "30% width"
          RenderTableRow {TR} at (0,27) size 522x23
            RenderTableCell {TD} at (2,27) size 518x23 [border: (1px inset #808080)] [r=1 c=0 rs=1 cs=3]
              RenderText {#text} at (2,2) size 119x19
                text run at (2,2) width 119: "500 colspan=3"
      RenderBlock (anonymous) at (0,169) size 964x19
        RenderBR {BR} at (0,0) size 0x19
      RenderTable {TABLE} at (0,188) size 433x79 [border: (1px outset #808080)]
        RenderTableSection {TBODY} at (1,1) size 431x77
          RenderTableRow {TR} at (0,2) size 431x23
            RenderTableCell {TD} at (2,2) size 104x23 [border: (1px inset #808080)] [r=0 c=0 rs=1 cs=1]
              RenderText {#text} at (2,2) size 26x19
                text run at (2,2) width 26: "foo"
            RenderTableCell {TD} at (108,2) size 193x23 [border: (1px inset #808080)] [r=0 c=1 rs=1 cs=1]
              RenderText {#text} at (2,2) size 116x19
                text run at (2,2) width 116: "no width given"
            RenderTableCell {TD} at (303,2) size 126x23 [border: (1px inset #808080)] [r=0 c=2 rs=1 cs=1]
              RenderText {#text} at (2,2) size 83x19
                text run at (2,2) width 83: "30% width"
          RenderTableRow {TR} at (0,27) size 431x23
            RenderTableCell {TD} at (2,27) size 299x23 [border: (1px inset #808080)] [r=1 c=0 rs=1 cs=2]
              RenderText {#text} at (2,2) size 140x19
                text run at (2,2) width 140: "200 spans col 1-2"
            RenderTableCell {TD} at (303,27) size 126x23 [border: (1px inset #808080)] [r=1 c=2 rs=1 cs=1]
              RenderText {#text} at (2,2) size 60x19
                text run at (2,2) width 60: "last cell"
          RenderTableRow {TR} at (0,52) size 431x23
            RenderTableCell {TD} at (2,52) size 104x23 [border: (1px inset #808080)] [r=2 c=0 rs=1 cs=1]
              RenderText {#text} at (2,2) size 63x19
                text run at (2,2) width 63: "first cell"
            RenderTableCell {TD} at (108,52) size 321x23 [border: (1px inset #808080)] [r=2 c=1 rs=1 cs=2]
              RenderText {#text} at (2,2) size 140x19
                text run at (2,2) width 140: "300 spans col 2-3"
      RenderBlock (anonymous) at (0,267) size 964x19
        RenderBR {BR} at (0,0) size 0x19
      RenderTable {TABLE} at (0,286) size 700x105 [border: (1px outset #808080)]
        RenderTableSection {TBODY} at (1,1) size 698x103
          RenderTableRow {TR} at (0,2) size 698x99
            RenderTableCell {TD} at (2,2) size 104x99 [border: (1px inset #808080)] [r=0 c=0 rs=1 cs=1]
              RenderText {#text} at (2,2) size 60x95
                text run at (2,2) width 56: "fooooo"
                text run at (2,21) width 60: "oooooo"
                text run at (2,40) width 60: "oooooo"
                text run at (2,59) width 60: "oooooo"
                text run at (2,78) width 60: "oooooo"
            RenderTableCell {TD} at (108,40) size 588x23 [border: (1px inset #808080)] [r=0 c=1 rs=1 cs=1]
              RenderText {#text} at (2,2) size 27x19
                text run at (2,2) width 27: "bar"
      RenderBlock (anonymous) at (0,391) size 964x19
        RenderBR {BR} at (0,0) size 0x19
      RenderTable {TABLE} at (0,410) size 400x94 [border: (1px outset #808080)]
        RenderTableSection {TBODY} at (1,1) size 398x92
          RenderTableRow {TR} at (0,0) size 398x46
            RenderTableCell {TD} at (0,0) size 123x46 [border: (1px inset #808080)] [r=0 c=0 rs=1 cs=2]
              RenderBlock {P} at (4,4) size 115x38
                RenderInline {B} at (0,0) size 92x38
                  RenderText {#text} at (0,0) size 92x38
                    text run at (0,0) width 58: "This is"
                    text run at (0,19) width 92: "colspan=2"
            RenderTableCell {TD} at (123,0) size 275x46 [border: (1px inset #808080)] [r=0 c=2 rs=1 cs=1]
              RenderText {#text} at (4,4) size 235x38
                text run at (4,4) width 235: "Blah Blah Blah Blah Blah Blah"
                text run at (4,23) width 115: "Blah Blah Blah"
          RenderTableRow {TR} at (0,46) size 398x46
            RenderTableCell {TD} at (0,46) size 398x46 [border: (1px inset #808080)] [r=1 c=0 rs=1 cs=3]
              RenderBlock {P} at (4,4) size 390x38
                RenderInline {B} at (0,0) size 156x19
                  RenderText {#text} at (0,0) size 156x19
                    text run at (0,0) width 156: "This is colspan=3"
                RenderText {#text} at (156,0) size 390x38
                  text run at (156,0) width 200: " blah blah blah blah blah "
                  text run at (356,0) width 34: "blah"
                  text run at (0,19) width 346: "blah blah blah blah blah blah blah blah blah"
      RenderBlock (anonymous) at (0,504) size 964x38
        RenderBR {BR} at (0,0) size 0x19
        RenderBR {BR} at (0,19) size 0x19
      RenderTable {TABLE} at (0,542) size 400x94 [border: (1px outset #808080)]
        RenderTableSection {TBODY} at (1,1) size 398x92
          RenderTableRow {TR} at (0,0) size 398x46
            RenderTableCell {TD} at (0,0) size 172x46 [border: (1px inset #808080)] [r=0 c=0 rs=1 cs=1]
              RenderBlock {P} at (4,4) size 164x38
                RenderInline {B} at (0,0) size 96x38
                  RenderText {#text} at (0,0) size 96x38
                    text run at (0,0) width 96: "no colspan"
                    text run at (0,19) width 77: "declared"
            RenderTableCell {TD} at (172,0) size 226x46 [border: (1px inset #808080)] [r=0 c=1 rs=1 cs=1]
              RenderText {#text} at (4,4) size 195x38
                text run at (4,4) width 195: "Blah Blah Blah Blah Blah"
                text run at (4,23) width 35: "Blah"
          RenderTableRow {TR} at (0,46) size 398x46
            RenderTableCell {TD} at (0,46) size 398x46 [border: (1px inset #808080)] [r=1 c=0 rs=1 cs=2]
              RenderBlock {P} at (4,4) size 390x38
                RenderInline {B} at (0,0) size 156x19
                  RenderText {#text} at (0,0) size 156x19
                    text run at (0,0) width 156: "This is colspan=2"
                RenderText {#text} at (156,0) size 390x38
                  text run at (156,0) width 200: " blah blah blah blah blah "
                  text run at (356,0) width 34: "blah"
                  text run at (0,19) width 346: "blah blah blah blah blah blah blah blah blah"
