layer at (0,0) size 980x735
  RenderView at (0,0) size 980x735
layer at (0,0) size 980x735
  RenderBlock {HTML} at (0,0) size 980x735
    RenderBody {BODY} at (8,8) size 964x719
      RenderBlock (anonymous) at (0,0) size 964x19
        RenderText {#text} at (0,0) size 81x19
          text run at (0,0) width 81: "auto table"
      RenderTable {TABLE} at (0,19) size 107x29 [border: (1px outset #808080)]
        RenderTableSection {TBODY} at (1,1) size 105x27
          RenderTableRow {TR} at (0,2) size 105x23
            RenderTableCell {TD} at (2,2) size 59x23 [border: (1px inset #808080)] [r=0 c=0 rs=1 cs=1]
              RenderText {#text} at (2,2) size 55x19
                text run at (2,2) width 55: "0 0 0 0"
            RenderTableCell {TD} at (63,2) size 40x23 [border: (1px inset #808080)] [r=0 c=1 rs=1 cs=1]
              RenderText {#text} at (2,2) size 36x19
                text run at (2,2) width 36: "auto"
      RenderBlock (anonymous) at (0,48) size 964x38
        RenderBR {BR} at (0,0) size 0x19
        RenderText {#text} at (0,19) size 248x19
          text run at (0,19) width 248: "auto table - fixed cells honored"
      RenderTable {TABLE} at (0,86) size 152x48 [border: (1px outset #808080)]
        RenderTableSection {TBODY} at (1,1) size 150x46
          RenderTableRow {TR} at (0,2) size 150x42
            RenderTableCell {TD} at (2,2) size 104x42 [border: (1px inset #808080)] [r=0 c=0 rs=1 cs=1]
              RenderText {#text} at (2,2) size 49x38
                text run at (2,2) width 49: "100px"
                text run at (2,21) width 49: "100px"
            RenderTableCell {TD} at (108,11) size 40x23 [border: (1px inset #808080)] [r=0 c=1 rs=1 cs=1]
              RenderText {#text} at (2,2) size 36x19
                text run at (2,2) width 36: "auto"
      RenderBlock (anonymous) at (0,134) size 964x38
        RenderBR {BR} at (0,0) size 0x19
        RenderText {#text} at (0,19) size 91x19
          text run at (0,19) width 91: "COLSPANS "
        RenderBR {BR} at (91,34) size 0x0
      RenderTable {TABLE} at (0,172) size 643x135 [border: (1px outset #808080)]
        RenderTableSection {TBODY} at (1,1) size 641x133
          RenderTableRow {TR} at (0,2) size 641x104
            RenderTableCell {TD} at (2,2) size 604x104 [border: (1px inset #808080)] [r=0 c=0 rs=1 cs=3]
              RenderImage {IMG} at (2,2) size 600x100
            RenderTableCell {TD} at (608,42) size 31x23 [border: (1px inset #808080)] [r=0 c=3 rs=1 cs=1]
              RenderText {#text} at (2,2) size 26x19
                text run at (2,2) width 26: "foo"
          RenderTableRow {TR} at (0,108) size 641x23
            RenderTableCell {TD} at (2,108) size 30x23 [border: (1px inset #808080)] [r=1 c=0 rs=1 cs=1]
              RenderText {#text} at (2,2) size 26x19
                text run at (2,2) width 26: "foo"
            RenderTableCell {TD} at (34,108) size 31x23 [border: (1px inset #808080)] [r=1 c=1 rs=1 cs=1]
              RenderText {#text} at (2,2) size 27x19
                text run at (2,2) width 27: "bar"
            RenderTableCell {TD} at (67,108) size 539x23 [border: (1px inset #808080)] [r=1 c=2 rs=1 cs=1]
              RenderText {#text} at (2,2) size 26x19
                text run at (2,2) width 26: "foo"
            RenderTableCell {TD} at (608,108) size 31x23 [border: (1px inset #808080)] [r=1 c=3 rs=1 cs=1]
              RenderText {#text} at (2,2) size 27x19
                text run at (2,2) width 27: "bar"
      RenderBlock (anonymous) at (0,307) size 964x19
        RenderBR {BR} at (0,0) size 0x19
      RenderTable {TABLE} at (0,326) size 534x63 [border: (1px outset #808080)]
        RenderTableSection {TBODY} at (1,1) size 532x61
          RenderTableRow {TR} at (0,5) size 532x23
            RenderTableCell {TD} at (5,5) size 413x23 [border: (1px inset #808080)] [r=0 c=0 rs=1 cs=2]
              RenderText {#text} at (2,2) size 36x19
                text run at (2,2) width 36: "auto"
            RenderTableCell {TD} at (423,5) size 104x23 [border: (1px inset #808080)] [r=0 c=2 rs=1 cs=1]
              RenderText {#text} at (2,2) size 30x19
                text run at (2,2) width 30: "100"
          RenderTableRow {TR} at (0,33) size 532x23
            RenderTableCell {TD} at (5,33) size 104x23 [border: (1px inset #808080)] [r=1 c=0 rs=1 cs=1]
              RenderText {#text} at (2,2) size 30x19
                text run at (2,2) width 30: "100"
            RenderTableCell {TD} at (114,33) size 304x23 [border: (1px inset #808080)] [r=1 c=1 rs=1 cs=1]
              RenderText {#text} at (2,2) size 30x19
                text run at (2,2) width 30: "300"
            RenderTableCell {TD} at (423,33) size 104x23 [border: (1px inset #808080)] [r=1 c=2 rs=1 cs=1]
              RenderText {#text} at (2,2) size 36x19
                text run at (2,2) width 36: "auto"
