layer at (0,0) size 980x735
  RenderView at (0,0) size 980x735
layer at (0,0) size 980x735
  RenderBlock {HTML} at (0,0) size 980x735
    RenderBody {BODY} at (8,8) size 964x719
      RenderBlock (anonymous) at (0,0) size 964x19
        RenderText {#text} at (0,0) size 553x19
          text run at (0,0) width 553: "fixed table - fixed cells get expanded in Quirks mode, not in Standard"
      RenderTable {TABLE} at (0,19) size 200x67 [border: (1px outset #808080)]
        RenderTableSection {TBODY} at (1,1) size 198x65
          RenderTableRow {TR} at (0,2) size 198x61
            RenderTableCell {TD} at (2,2) size 104x61 [border: (1px inset #808080)] [r=0 c=0 rs=1 cs=1]
              RenderText {#text} at (2,2) size 49x57
                text run at (2,2) width 49: "100px"
                text run at (2,21) width 49: "100px"
                text run at (2,40) width 49: "100px"
            RenderTableCell {TD} at (108,21) size 88x23 [border: (1px inset #808080)] [r=0 c=1 rs=1 cs=1]
              RenderText {#text} at (2,2) size 77x19
                text run at (2,2) width 77: "auto auto"
      RenderBlock (anonymous) at (0,86) size 964x19
        RenderBR {BR} at (0,0) size 0x19
      RenderBlock {HR} at (0,113) size 102x2 [border: (1px inset #000000)]
      RenderBlock (anonymous) at (0,123) size 964x19
        RenderText {#text} at (0,0) size 400x19
          text run at (0,0) width 400: "table fixed at 600, 1st 2 cells fixed at 100, 2nd not"
      RenderTable {TABLE} at (0,142) size 600x29 [border: (1px outset #808080)]
        RenderTableSection {TBODY} at (1,1) size 598x27
          RenderTableRow {TR} at (0,2) size 598x23
            RenderTableCell {TD} at (2,2) size 104x23 [border: (1px inset #808080)] [r=0 c=0 rs=1 cs=1]
              RenderText {#text} at (2,2) size 26x19
                text run at (2,2) width 26: "foo"
            RenderTableCell {TD} at (108,2) size 104x23 [border: (1px inset #808080)] [r=0 c=1 rs=1 cs=1]
              RenderText {#text} at (2,2) size 27x19
                text run at (2,2) width 27: "bar"
            RenderTableCell {TD} at (214,2) size 382x23 [border: (1px inset #808080)] [r=0 c=2 rs=1 cs=1]
              RenderText {#text} at (2,2) size 26x19
                text run at (2,2) width 26: "foo"
      RenderBlock (anonymous) at (0,171) size 964x38
        RenderBR {BR} at (0,0) size 0x19
        RenderText {#text} at (0,19) size 400x19
          text run at (0,19) width 400: "table fixed at 600, 1st 2 cells fixed at 100, 2nd not"
      RenderTable {TABLE} at (0,209) size 600x29 [border: (1px outset #808080)]
        RenderTableSection {TBODY} at (1,1) size 598x27
          RenderTableRow {TR} at (0,2) size 598x23
            RenderTableCell {TD} at (2,2) size 104x23 [border: (1px inset #808080)] [r=0 c=0 rs=1 cs=1]
              RenderText {#text} at (2,2) size 26x19
                text run at (2,2) width 26: "foo"
            RenderTableCell {TD} at (108,2) size 104x23 [border: (1px inset #808080)] [r=0 c=1 rs=1 cs=1]
              RenderText {#text} at (2,2) size 27x19
                text run at (2,2) width 27: "bar"
            RenderTableCell {TD} at (214,2) size 382x23 [border: (1px inset #808080)] [r=0 c=2 rs=1 cs=1]
              RenderText {#text} at (2,2) size 26x19
                text run at (2,2) width 26: "foo"
      RenderBlock (anonymous) at (0,238) size 964x38
        RenderBR {BR} at (0,0) size 0x19
        RenderText {#text} at (0,19) size 390x19
          text run at (0,19) width 390: "table fixed at 600, 1st 2 cells fixed at 50, 2nd not"
      RenderTable {TABLE} at (0,276) size 600x29 [border: (1px outset #808080)]
        RenderTableSection {TBODY} at (1,1) size 598x27
          RenderTableRow {TR} at (0,2) size 598x23
            RenderTableCell {TD} at (2,2) size 54x23 [border: (1px inset #808080)] [r=0 c=0 rs=1 cs=1]
              RenderText {#text} at (2,2) size 26x19
                text run at (2,2) width 26: "foo"
            RenderTableCell {TD} at (58,2) size 54x23 [border: (1px inset #808080)] [r=0 c=1 rs=1 cs=1]
              RenderText {#text} at (2,2) size 27x19
                text run at (2,2) width 27: "bar"
            RenderTableCell {TD} at (114,2) size 482x23 [border: (1px inset #808080)] [r=0 c=2 rs=1 cs=1]
              RenderText {#text} at (2,2) size 26x19
                text run at (2,2) width 26: "foo"
      RenderBlock (anonymous) at (0,305) size 964x38
        RenderBR {BR} at (0,0) size 0x19
        RenderText {#text} at (0,19) size 410x19
          text run at (0,19) width 410: "table fixed at 600, 1st 2 cells fixed at 1000, 2nd not"
      RenderTable {TABLE} at (0,343) size 600x29 [border: (1px outset #808080)]
        RenderTableSection {TBODY} at (1,1) size 598x27
          RenderTableRow {TR} at (0,2) size 598x23
            RenderTableCell {TD} at (2,2) size 279x23 [border: (1px inset #808080)] [r=0 c=0 rs=1 cs=1]
              RenderText {#text} at (2,2) size 26x19
                text run at (2,2) width 26: "foo"
            RenderTableCell {TD} at (283,2) size 281x23 [border: (1px inset #808080)] [r=0 c=1 rs=1 cs=1]
              RenderText {#text} at (2,2) size 27x19
                text run at (2,2) width 27: "bar"
            RenderTableCell {TD} at (566,2) size 30x23 [border: (1px inset #808080)] [r=0 c=2 rs=1 cs=1]
              RenderText {#text} at (2,2) size 26x19
                text run at (2,2) width 26: "foo"
      RenderBlock (anonymous) at (0,372) size 964x38
        RenderBR {BR} at (0,0) size 0x19
        RenderText {#text} at (0,19) size 380x19
          text run at (0,19) width 380: "table fixed at 600, 1st 2 cells fixed at 5, 2nd not"
      RenderTable {TABLE} at (0,410) size 600x29 [border: (1px outset #808080)]
        RenderTableSection {TBODY} at (1,1) size 598x27
          RenderTableRow {TR} at (0,2) size 598x23
            RenderTableCell {TD} at (2,2) size 30x23 [border: (1px inset #808080)] [r=0 c=0 rs=1 cs=1]
              RenderText {#text} at (2,2) size 26x19
                text run at (2,2) width 26: "foo"
            RenderTableCell {TD} at (34,2) size 31x23 [border: (1px inset #808080)] [r=0 c=1 rs=1 cs=1]
              RenderText {#text} at (2,2) size 27x19
                text run at (2,2) width 27: "bar"
            RenderTableCell {TD} at (67,2) size 529x23 [border: (1px inset #808080)] [r=0 c=2 rs=1 cs=1]
              RenderText {#text} at (2,2) size 26x19
                text run at (2,2) width 26: "foo"
      RenderBlock (anonymous) at (0,439) size 964x19
        RenderBR {BR} at (0,0) size 0x19
