layer at (0,0) size 980x735
  RenderView at (0,0) size 980x735
layer at (0,0) size 980x735
  RenderBlock {HTML} at (0,0) size 980x735
    RenderBody {BODY} at (8,8) size 964x719
      RenderTable {TABLE} at (0,0) size 170x29 [border: (1px outset #808080)]
        RenderTableSection {TBODY} at (1,1) size 168x27
          RenderTableRow {TR} at (0,2) size 168x23
            RenderTableCell {TD} at (2,2) size 122x23 [border: (1px inset #808080)] [r=0 c=0 rs=1 cs=1]
              RenderText {#text} at (2,2) size 118x19
                text run at (2,2) width 118: "auto auto auto"
            RenderTableCell {TD} at (126,2) size 40x23 [border: (1px inset #808080)] [r=0 c=1 rs=1 cs=1]
              RenderText {#text} at (2,2) size 36x19
                text run at (2,2) width 36: "auto"
