layer at (0,0) size 980x735
  RenderView at (0,0) size 980x735
layer at (0,0) size 980x735
  RenderBlock {HTML} at (0,0) size 980x735
    RenderBody {BODY} at (8,8) size 964x719
      RenderTable {TABLE} at (0,0) size 241x35 [border: (1px outset #808080)]
        RenderTableSection {TBODY} at (1,1) size 239x33
          RenderTableRow {TR} at (0,2) size 239x29
            RenderTableCell {TD} at (2,2) size 235x29 [border: (1px inset #808080)] [r=0 c=0 rs=1 cs=1]
              RenderTable {TABLE} at (2,2) size 231x25 [bgcolor=#FFA500]
                RenderTableSection {TBODY} at (0,0) size 231x25
                  RenderTableRow {TR} at (0,2) size 231x21
                    RenderTableCell {TD} at (2,2) size 227x21 [r=0 c=0 rs=1 cs=1]
                      RenderText {#text} at (1,1) size 225x19
                        text run at (1,1) width 225: "nested in auto, width=100%"
      RenderBlock (anonymous) at (0,35) size 964x19
        RenderBR {BR} at (0,0) size 0x19
      RenderTable {TABLE} at (0,54) size 200x54 [border: (1px outset #808080)]
        RenderTableSection {TBODY} at (1,1) size 198x52
          RenderTableRow {TR} at (0,2) size 198x48
            RenderTableCell {TD} at (2,2) size 194x48 [border: (1px inset #808080)] [r=0 c=0 rs=1 cs=1]
              RenderTable {TABLE} at (2,2) size 190x44 [bgcolor=#00FF00]
                RenderTableSection {TBODY} at (0,0) size 190x44
                  RenderTableRow {TR} at (0,2) size 190x40
                    RenderTableCell {TD} at (2,2) size 186x40 [r=0 c=0 rs=1 cs=1]
                      RenderText {#text} at (1,1) size 122x38
                        text run at (1,1) width 122: "nested in fixed,"
                        text run at (1,20) width 101: "width=100%"
      RenderBlock (anonymous) at (0,108) size 964x19
        RenderBR {BR} at (0,0) size 0x19
      RenderTable {TABLE} at (0,127) size 800x35 [border: (1px outset #808080)]
        RenderTableSection {TBODY} at (1,1) size 798x33
          RenderTableRow {TR} at (0,2) size 798x29
            RenderTableCell {TD} at (2,2) size 794x29 [border: (1px inset #808080)] [r=0 c=0 rs=1 cs=1]
              RenderTable {TABLE} at (2,2) size 790x25 [bgcolor=#00FF00]
                RenderTableSection {TBODY} at (0,0) size 790x25
                  RenderTableRow {TR} at (0,2) size 790x21
                    RenderTableCell {TD} at (2,2) size 786x21 [r=0 c=0 rs=1 cs=1]
                      RenderText {#text} at (1,1) size 228x19
                        text run at (1,1) width 228: "nested in fixed, width=100%"
      RenderBlock (anonymous) at (0,162) size 964x19
        RenderBR {BR} at (0,0) size 0x19
      RenderTable {TABLE} at (0,181) size 283x35 [border: (1px outset #808080)]
        RenderTableSection {TBODY} at (1,1) size 281x33
          RenderTableRow {TR} at (0,2) size 281x29
            RenderTableCell {TD} at (2,2) size 235x29 [border: (1px inset #808080)] [r=0 c=0 rs=1 cs=1]
              RenderTable {TABLE} at (2,2) size 231x25
                RenderTableSection {TBODY} at (0,0) size 231x25
                  RenderTableRow {TR} at (0,2) size 231x21
                    RenderTableCell {TD} at (2,2) size 227x21 [r=0 c=0 rs=1 cs=1]
                      RenderText {#text} at (1,1) size 225x19
                        text run at (1,1) width 225: "nested in auto, width=100%"
            RenderTableCell {TD} at (239,5) size 40x23 [border: (1px inset #808080)] [r=0 c=1 rs=1 cs=1]
              RenderText {#text} at (2,2) size 36x19
                text run at (2,2) width 36: "auto"
      RenderBlock (anonymous) at (0,216) size 964x19
        RenderBR {BR} at (0,0) size 0x19
      RenderTable {TABLE} at (0,235) size 964x35 [border: (1px outset #808080)]
        RenderTableSection {TBODY} at (1,1) size 962x33
          RenderTableRow {TR} at (0,2) size 962x29
            RenderTableCell {TD} at (2,2) size 847x29 [border: (1px inset #808080)] [r=0 c=0 rs=1 cs=1]
              RenderTable {TABLE} at (2,2) size 421x25 [bgcolor=#00FF00]
                RenderTableSection {TBODY} at (0,0) size 421x25
                  RenderTableRow {TR} at (0,2) size 421x21
                    RenderTableCell {TD} at (2,2) size 417x21 [r=0 c=0 rs=1 cs=1]
                      RenderText {#text} at (1,1) size 224x19
                        text run at (1,1) width 224: "nested in 100%, width=50%"
            RenderTableCell {TD} at (851,5) size 109x23 [border: (1px inset #808080)] [r=0 c=1 rs=1 cs=1]
              RenderText {#text} at (2,2) size 26x19
                text run at (2,2) width 26: "foo"
      RenderBlock (anonymous) at (0,270) size 964x19
        RenderBR {BR} at (0,0) size 0x19
      RenderTable {TABLE} at (0,289) size 964x41 [border: (1px outset #808080)]
        RenderTableSection {TBODY} at (1,1) size 962x39
          RenderTableRow {TR} at (0,2) size 962x35
            RenderTableCell {TD} at (2,2) size 672x35 [border: (1px inset #808080)] [r=0 c=0 rs=1 cs=1]
              RenderTable {TABLE} at (2,2) size 334x31 [bgcolor=#00FF00]
                RenderTableSection {TBODY} at (0,0) size 334x31
                  RenderTableRow {TR} at (0,2) size 334x27
                    RenderTableCell {TD} at (2,2) size 330x27 [r=0 c=0 rs=1 cs=1]
                      RenderTable {TABLE} at (1,1) size 164x25 [bgcolor=#FF0000]
                        RenderTableSection {TBODY} at (0,0) size 164x25
                          RenderTableRow {TR} at (0,2) size 164x21
                            RenderTableCell {TD} at (2,2) size 160x21 [r=0 c=0 rs=1 cs=1]
                              RenderText {#text} at (1,1) size 55x19
                                text run at (1,1) width 55: "2n50%"
            RenderTableCell {TD} at (676,8) size 284x23 [border: (1px inset #808080)] [r=0 c=1 rs=1 cs=1]
              RenderText {#text} at (2,2) size 26x19
                text run at (2,2) width 26: "foo"
