layer at (0,0) size 980x735
  RenderView at (0,0) size 980x735
layer at (0,0) size 980x735
  RenderBlock {HTML} at (0,0) size 980x735
    RenderBody {BODY} at (8,8) size 964x719
      RenderTable {TABLE} at (0,0) size 85x44 [border: none]
        RenderTableSection {TBODY} at (0,0) size 84x43
          RenderTableRow {TR} at (0,0) size 84x22
            RenderTableCell {TD} at (0,0) size 42x22 [border: (1px none #000000)] [r=0 c=0 rs=1 cs=1]
              RenderText {#text} at (2,2) size 39x19
                text run at (2,2) width 39: "rules"
            RenderTableCell {TD} at (42,0) size 42x22 [border: (1px none #000000)] [r=0 c=1 rs=1 cs=1]
              RenderText {#text} at (1,2) size 40x19
                text run at (1,2) width 40: "none"
          RenderTableRow {TR} at (0,22) size 84x21
            RenderTableCell {TD} at (0,22) size 42x21 [border: none] [r=1 c=0 rs=1 cs=1]
              RenderText {#text} at (2,1) size 39x19
                text run at (2,1) width 39: "rules"
            RenderTableCell {TD} at (42,22) size 42x21 [r=1 c=1 rs=1 cs=1]
              RenderText {#text} at (1,1) size 40x19
                text run at (1,1) width 40: "none"
      RenderBlock (anonymous) at (0,44) size 964x19
        RenderBR {BR} at (0,0) size 0x19
      RenderTable {TABLE} at (0,63) size 142x87 [border: none]
        RenderTableSection {TBODY} at (0,0) size 141x43 [border: (1px solid #808080) none (1px solid #808080) none]
          RenderTableRow {TR} at (0,0) size 141x22
            RenderTableCell {TD} at (0,0) size 42x22 [border: (1px none #000000)] [r=0 c=0 rs=1 cs=1]
              RenderText {#text} at (2,2) size 39x19
                text run at (2,2) width 39: "rules"
            RenderTableCell {TD} at (42,0) size 99x22 [border: (1px none #000000)] [r=0 c=1 rs=1 cs=1]
              RenderText {#text} at (1,2) size 97x19
                text run at (1,2) width 97: "row group 1"
          RenderTableRow {TR} at (0,22) size 141x21
            RenderTableCell {TD} at (0,22) size 42x21 [border: none] [r=1 c=0 rs=1 cs=1]
              RenderText {#text} at (2,1) size 39x19
                text run at (2,1) width 39: "rules"
            RenderTableCell {TD} at (42,22) size 99x21 [r=1 c=1 rs=1 cs=1]
              RenderText {#text} at (1,1) size 97x19
                text run at (1,1) width 97: "row group 1"
        RenderTableSection {TBODY} at (0,43) size 141x43 [border: (1px solid #808080) none (1px solid #808080) none]
          RenderTableRow {TR} at (0,0) size 141x22
            RenderTableCell {TD} at (0,0) size 42x22 [border: (1px none #000000)] [r=0 c=0 rs=1 cs=1]
              RenderText {#text} at (2,2) size 39x19
                text run at (2,2) width 39: "rules"
            RenderTableCell {TD} at (42,0) size 99x22 [border: (1px none #000000)] [r=0 c=1 rs=1 cs=1]
              RenderText {#text} at (1,2) size 97x19
                text run at (1,2) width 97: "row group 2"
          RenderTableRow {TR} at (0,22) size 141x21
            RenderTableCell {TD} at (0,22) size 42x21 [border: none] [r=1 c=0 rs=1 cs=1]
              RenderText {#text} at (2,1) size 39x19
                text run at (2,1) width 39: "rules"
            RenderTableCell {TD} at (42,22) size 99x21 [r=1 c=1 rs=1 cs=1]
              RenderText {#text} at (1,1) size 97x19
                text run at (1,1) width 97: "row group 2"
      RenderBlock (anonymous) at (0,150) size 964x19
        RenderBR {BR} at (0,0) size 0x19
      RenderTable {TABLE} at (0,169) size 269x44 [border: none]
        RenderTableCol {COLGROUP} at (0,0) size 0x0 [border: none (1px solid #000000) none (1px solid #000000)]
          RenderTableCol {COL} at (0,0) size 0x0
          RenderTableCol {COL} at (0,0) size 0x0
        RenderTableCol {COLGROUP} at (0,0) size 0x0 [border: none (1px solid #000000) none (1px solid #000000)]
          RenderTableCol {COL} at (0,0) size 0x0
          RenderTableCol {COL} at (0,0) size 0x0
        RenderTableSection {TBODY} at (0,0) size 268x43 [border: (1px solid #808080) none (1px solid #808080) none]
          RenderTableRow {TR} at (0,0) size 268x22
            RenderTableCell {TD} at (0,0) size 42x22 [border: (1px none #000000)] [r=0 c=0 rs=1 cs=1]
              RenderText {#text} at (2,2) size 39x19
                text run at (2,2) width 39: "rules"
            RenderTableCell {TD} at (42,0) size 92x22 [border: (1px none #000000)] [r=0 c=1 rs=1 cs=1]
              RenderText {#text} at (1,2) size 90x19
                text run at (1,2) width 90: "col group 1"
            RenderTableCell {TD} at (134,0) size 42x22 [border: (1px none #000000)] [r=0 c=2 rs=1 cs=1]
              RenderText {#text} at (2,2) size 39x19
                text run at (2,2) width 39: "rules"
            RenderTableCell {TD} at (176,0) size 92x22 [border: (1px none #000000)] [r=0 c=3 rs=1 cs=1]
              RenderText {#text} at (1,2) size 90x19
                text run at (1,2) width 90: "col group 2"
          RenderTableRow {TR} at (0,22) size 268x21
            RenderTableCell {TD} at (0,22) size 42x21 [border: none] [r=1 c=0 rs=1 cs=1]
              RenderText {#text} at (2,1) size 39x19
                text run at (2,1) width 39: "rules"
            RenderTableCell {TD} at (42,22) size 92x21 [r=1 c=1 rs=1 cs=1]
              RenderText {#text} at (1,1) size 90x19
                text run at (1,1) width 90: "col group 1"
            RenderTableCell {TD} at (134,22) size 42x21 [border: none] [r=1 c=2 rs=1 cs=1]
              RenderText {#text} at (2,1) size 39x19
                text run at (2,1) width 39: "rules"
            RenderTableCell {TD} at (176,22) size 92x21 [r=1 c=3 rs=1 cs=1]
              RenderText {#text} at (1,1) size 90x19
                text run at (1,1) width 90: "col group 2"
      RenderBlock (anonymous) at (0,213) size 964x19
        RenderBR {BR} at (0,0) size 0x19
      RenderTable {TABLE} at (0,232) size 83x45 [border: none]
        RenderTableSection {TBODY} at (0,0) size 82x44
          RenderTableRow {TR} at (0,0) size 82x22
            RenderTableCell {TD} at (0,0) size 42x22 [border: (1px solid #808080) none none (1px none #808080)] [r=0 c=0 rs=1 cs=1]
              RenderText {#text} at (2,2) size 39x19
                text run at (2,2) width 39: "rules"
            RenderTableCell {TD} at (42,0) size 40x22 [border: (1px solid #808080) none none none] [r=0 c=1 rs=1 cs=1]
              RenderText {#text} at (1,2) size 38x19
                text run at (1,2) width 38: "rows"
          RenderTableRow {TR} at (0,22) size 82x22
            RenderTableCell {TD} at (0,22) size 42x22 [border: (1px solid #808080) none none (1px none #808080)] [r=1 c=0 rs=1 cs=1]
              RenderText {#text} at (2,2) size 39x19
                text run at (2,2) width 39: "rules"
            RenderTableCell {TD} at (42,22) size 40x22 [border: (1px solid #808080) none none none] [r=1 c=1 rs=1 cs=1]
              RenderText {#text} at (1,2) size 38x19
                text run at (1,2) width 38: "rows"
      RenderBlock (anonymous) at (0,277) size 964x19
        RenderBR {BR} at (0,0) size 0x19
      RenderTable {TABLE} at (0,296) size 77x44 [border: none]
        RenderTableSection {TBODY} at (0,0) size 76x43
          RenderTableRow {TR} at (0,0) size 76x22
            RenderTableCell {TD} at (0,0) size 42x22 [border: (1px none #808080) none none (1px solid #808080)] [r=0 c=0 rs=1 cs=1]
              RenderText {#text} at (2,2) size 39x19
                text run at (2,2) width 39: "rules"
            RenderTableCell {TD} at (42,0) size 34x22 [border: (1px none #808080) none none (1px solid #808080)] [r=0 c=1 rs=1 cs=1]
              RenderText {#text} at (2,2) size 31x19
                text run at (2,2) width 31: "cols"
          RenderTableRow {TR} at (0,22) size 76x21
            RenderTableCell {TD} at (0,22) size 42x21 [border: none none none (1px solid #808080)] [r=1 c=0 rs=1 cs=1]
              RenderText {#text} at (2,1) size 39x19
                text run at (2,1) width 39: "rules"
            RenderTableCell {TD} at (42,22) size 34x21 [border: none none none (1px solid #808080)] [r=1 c=1 rs=1 cs=1]
              RenderText {#text} at (2,1) size 31x19
                text run at (2,1) width 31: "cols"
      RenderBlock (anonymous) at (0,340) size 964x19
        RenderBR {BR} at (0,0) size 0x19
      RenderTable {TABLE} at (0,359) size 64x45 [border: none]
        RenderTableSection {TBODY} at (0,0) size 63x44
          RenderTableRow {TR} at (0,0) size 63x22
            RenderTableCell {TD} at (0,0) size 42x22 [border: (1px solid #808080)] [r=0 c=0 rs=1 cs=1]
              RenderText {#text} at (2,2) size 39x19
                text run at (2,2) width 39: "rules"
            RenderTableCell {TD} at (42,0) size 21x22 [border: (1px solid #808080)] [r=0 c=1 rs=1 cs=1]
              RenderText {#text} at (2,2) size 18x19
                text run at (2,2) width 18: "all"
          RenderTableRow {TR} at (0,22) size 63x22
            RenderTableCell {TD} at (0,22) size 42x22 [border: (1px solid #808080)] [r=1 c=0 rs=1 cs=1]
              RenderText {#text} at (2,2) size 39x19
                text run at (2,2) width 39: "rules"
            RenderTableCell {TD} at (42,22) size 21x22 [border: (1px solid #808080)] [r=1 c=1 rs=1 cs=1]
              RenderText {#text} at (2,2) size 18x19
                text run at (2,2) width 18: "all"
      RenderBlock (anonymous) at (0,404) size 964x19
        RenderBR {BR} at (0,0) size 0x19
