layer at (0,0) size 980x735
  RenderView at (0,0) size 980x735
layer at (0,0) size 980x735
  RenderBlock {HTML} at (0,0) size 980x735 [border: (2px solid #FF0000)]
    RenderBody {BODY} at (22,22) size 936x691
      RenderTable {TABLE} at (0,0) size 936x691 [border: (1px outset #808080)]
        RenderTableSection {TBODY} at (1,1) size 934x689
          RenderTableRow {TR} at (0,2) size 934x685
            RenderTableCell {TD} at (2,333) size 476x23 [border: (1px inset #808080)] [r=0 c=0 rs=1 cs=1]
              RenderText {#text} at (2,2) size 35x19
                text run at (2,2) width 35: "FOO"
            RenderTableCell {TD} at (480,333) size 452x23 [border: (1px inset #808080)] [r=0 c=1 rs=1 cs=1]
              RenderText {#text} at (2,2) size 33x19
                text run at (2,2) width 33: "BAR"
