layer at (0,0) size 980x802
  RenderView at (0,0) size 980x735
layer at (0,0) size 980x735
  RenderBlock {HTML} at (0,0) size 980x735
    RenderBody {BODY} at (0,0) size 980x735 [border: (1px solid #000000)]
      RenderBlock {DIV} at (21,21) size 402x402 [border: (1px solid #000000)]
      RenderText {#text} at (0,0) size 0x0
      RenderText {#text} at (0,0) size 0x0
      RenderText {#text} at (0,0) size 0x0
layer at (42,42) size 340x340
  RenderBlock {DIV} at (21,21) size 340x340 [bgcolor=#DDDDDD] [border: (1px solid #000000)]
layer at (63,63) size 300x300
  RenderBlock {DIV} at (21,21) size 300x300 [bgcolor=#81AA8A] [border: (1px solid #000000)]
layer at (104,104) size 300x300
  RenderBlock {DIV} at (41,41) size 300x300 [border: (1px solid #000000)]
layer at (145,145) size 300x300
  RenderBlock {DIV} at (41,41) size 300x300 [bgcolor=#AA7994] [border: (1px solid #000000)]
layer at (186,186) size 300x300
  RenderBlock {DIV} at (41,41) size 300x300 [border: (1px solid #000000)]
layer at (227,227) size 300x300
  RenderBlock {DIV} at (41,41) size 300x300 [bgcolor=#81AA8A] [border: (1px solid #000000)]
layer at (268,268) size 300x300
  RenderBlock {DIV} at (41,41) size 300x300 [border: (1px solid #000000)]
    RenderBlock {DIV} at (61,61) size 90x90 [bgcolor=#0000FF]
layer at (30,650) size 662x152
  RenderBlock (positioned) {DIV} at (30,650) size 662x152
    RenderInline {SPAN} at (0,0) size 372x19 [color=#008000]
      RenderText {#text} at (0,0) size 372x19
        text run at (0,0) width 372: "PASS: event at (45, 45) hit box1 at offset (3, 3)"
    RenderBR {BR} at (372,15) size 0x0
    RenderInline {SPAN} at (0,0) size 592x19 [color=#FF0000]
      RenderText {#text} at (0,19) size 592x19
        text run at (0,19) width 592: "FAIL: event at (54, 44) expected to hit box2 at (2, 2) but hit box1 at (12, 2)"
    RenderBR {BR} at (592,34) size 0x0
    RenderInline {SPAN} at (0,0) size 612x19 [color=#FF0000]
      RenderText {#text} at (0,38) size 612x19
        text run at (0,38) width 612: "FAIL: event at (104, 93) expected to hit box3 at (2, 2) but hit box2 at (34, 30)"
    RenderBR {BR} at (612,53) size 0x0
    RenderInline {SPAN} at (0,0) size 622x19 [color=#FF0000]
      RenderText {#text} at (0,57) size 622x19
        text run at (0,57) width 622: "FAIL: event at (175, 137) expected to hit box4 at (2, 2) but hit box3 at (69, 31)"
    RenderBR {BR} at (622,72) size 0x0
    RenderInline {SPAN} at (0,0) size 618x19 [color=#FF0000]
      RenderText {#text} at (0,76) size 618x19
        text run at (0,76) width 515: "FAIL: event at (167, 528) expected to hit box4 at (2, 296) but hit "
        text run at (515,76) width 103: "at (167, 528)"
    RenderBR {BR} at (618,91) size 0x0
    RenderInline {SPAN} at (0,0) size 622x19 [color=#FF0000]
      RenderText {#text} at (0,95) size 622x19
        text run at (0,95) width 622: "FAIL: event at (227, 197) expected to hit box5 at (2, 2) but hit box4 at (83, 27)"
    RenderBR {BR} at (622,110) size 0x0
    RenderInline {SPAN} at (0,0) size 638x19 [color=#FF0000]
      RenderText {#text} at (0,114) size 638x19
        text run at (0,114) width 535: "FAIL: event at (539, 569) expected to hit box7 at (296, 296) but hit "
        text run at (535,114) width 103: "at (539, 569)"
    RenderBR {BR} at (638,129) size 0x0
    RenderInline {SPAN} at (0,0) size 662x19 [color=#FF0000]
      RenderText {#text} at (0,133) size 662x19
        text run at (0,133) width 662: "FAIL: event at (431, 441) expected to hit box8 at (85, 85) but hit box7 at (185, 160)"
    RenderBR {BR} at (662,148) size 0x0
