layer at (0,0) size 980x735
  RenderView at (0,0) size 980x735
layer at (0,0) size 980x735
  RenderBlock {HTML} at (0,0) size 980x735
    RenderBody {BODY} at (8,8) size 964x719
layer at (30,500) size 686x76
  RenderBlock (positioned) {DIV} at (30,500) size 686x76
    RenderInline {SPAN} at (0,0) size 646x19 [color=#FF0000]
      RenderText {#text} at (0,0) size 646x19
        text run at (0,0) width 646: "FAIL: event at (158, 83) expected to hit card at (2, 2) but hit container at (99, 24)"
    RenderBR {BR} at (646,15) size 0x0
    RenderInline {SPAN} at (0,0) size 636x19 [color=#FF0000]
      RenderText {#text} at (0,19) size 636x19
        text run at (0,19) width 636: "FAIL: event at (309, 112) expected to hit card at (198, 2) but hit card at (199, 2)"
    RenderBR {BR} at (636,34) size 0x0
    RenderInline {SPAN} at (0,0) size 686x19 [color=#FF0000]
      RenderText {#text} at (0,38) size 686x19
        text run at (0,38) width 686: "FAIL: event at (158, 338) expected to hit card at (2, 198) but hit container at (99, 279)"
    RenderBR {BR} at (686,53) size 0x0
    RenderInline {SPAN} at (0,0) size 676x19 [color=#FF0000]
      RenderText {#text} at (0,57) size 676x19
        text run at (0,57) width 676: "FAIL: event at (309, 308) expected to hit card at (198, 198) but hit card at (199, 198)"
    RenderBR {BR} at (676,72) size 0x0
layer at (8,8) size 402x402
  RenderBlock (positioned) {DIV} at (8,8) size 402x402 [border: (1px solid #000000)]
layer at (59,59) size 302x302
  RenderBlock (positioned) {DIV} at (51,51) size 302x302 [border: (1px solid #0000FF)]
layer at (110,110) size 200x200
  RenderBlock (positioned) {DIV} at (51,51) size 200x200 [bgcolor=#81AA8A]
