layer at (0,0) size 980x735
  RenderView at (0,0) size 980x735
layer at (0,0) size 980x735
  RenderBlock {HTML} at (0,0) size 980x735
    RenderBody {BODY} at (0,0) size 980x735 [border: (1px solid #000000)]
      RenderBlock (anonymous) at (1,1) size 978x342
        RenderText {#text} at (0,0) size 0x0
      RenderBlock {P} at (1,359) size 978x19
        RenderText {#text} at (0,0) size 765x19
          text run at (0,0) width 765: "The green overlay is translated in Z by 100px, so should hit test in front relative to the blue box."
layer at (30,400) size 642x76
  RenderBlock (positioned) {DIV} at (30,400) size 642x76
    RenderInline {SPAN} at (0,0) size 632x19 [color=#FF0000]
      RenderText {#text} at (0,0) size 632x19
        text run at (0,0) width 632: "FAIL: event at (285, 50) expected to hit box2 at (198, 2) but hit box1 at (243, 8)"
    RenderBR {BR} at (632,15) size 0x0
    RenderInline {SPAN} at (0,0) size 642x19 [color=#FF0000]
      RenderText {#text} at (0,19) size 642x19
        text run at (0,19) width 642: "FAIL: event at (174, 108) expected to hit box3 at (50, 2) but hit box2 at (101, 45)"
    RenderBR {BR} at (642,34) size 0x0
    RenderInline {SPAN} at (0,0) size 412x19 [color=#008000]
      RenderText {#text} at (0,38) size 412x19
        text run at (0,38) width 412: "PASS: event at (61, 50) hit overlay at offset (39, 28)"
    RenderBR {BR} at (412,53) size 0x0
    RenderInline {SPAN} at (0,0) size 432x19 [color=#008000]
      RenderText {#text} at (0,57) size 432x19
        text run at (0,57) width 432: "PASS: event at (119, 108) hit overlay at offset (97, 86)"
    RenderBR {BR} at (432,72) size 0x0
layer at (21,21) size 302x302
  RenderBlock (relative positioned) {DIV} at (20,20) size 302x302 [border: (1px solid #000000)]
layer at (42,42) size 260x260
  RenderBlock (positioned) {DIV} at (21,21) size 260x260 [bgcolor=#DDDDDD] [border: (1px solid #000000)]
layer at (73,63) size 200x200
  RenderBlock (positioned) {DIV} at (31,21) size 200x200 [bgcolor=#AAAAAA] [border: (1px solid #000000)]
layer at (124,114) size 100x100
  RenderBlock (relative positioned) {DIV} at (51,51) size 100x100 [bgcolor=#0000FF]
layer at (22,22) size 150x300
  RenderBlock (positioned) {DIV} at (1,1) size 150x300 [bgcolor=#0080004C]
