layer at (0,0) size 980x823
  RenderView at (0,0) size 980x735
layer at (0,0) size 980x735
  RenderBlock {HTML} at (0,0) size 980x735
    RenderBody {BODY} at (0,0) size 980x735 [border: (1px solid #000000)]
layer at (30,500) size 662x323
  RenderBlock (positioned) {DIV} at (30,500) size 662x323
    RenderInline {SPAN} at (0,0) size 372x19 [color=#008000]
      RenderText {#text} at (0,0) size 372x19
        text run at (0,0) width 372: "PASS: event at (44, 44) hit box1 at offset (2, 2)"
    RenderBR {BR} at (372,15) size 0x0
    RenderInline {SPAN} at (0,0) size 582x19 [color=#FF0000]
      RenderText {#text} at (0,19) size 582x19
        text run at (0,19) width 582: "FAIL: event at (74, 68) expected to hit box2 at (2, 2) but hit box2 at (5, 5)"
    RenderBR {BR} at (582,34) size 0x0
    RenderInline {SPAN} at (0,0) size 662x19 [color=#FF0000]
      RenderText {#text} at (0,38) size 662x19
        text run at (0,38) width 662: "FAIL: event at (157, 164) expected to hit box2 at (98, 98) but hit box1 at (115, 122)"
    RenderBR {BR} at (662,53) size 0x0
    RenderInline {SPAN} at (0,0) size 592x19 [color=#FF0000]
      RenderText {#text} at (0,57) size 592x19
        text run at (0,57) width 592: "FAIL: event at (320, 68) expected to hit box4 at (2, 2) but hit box4 at (5, 5)"
    RenderBR {BR} at (592,72) size 0x0
    RenderInline {SPAN} at (0,0) size 592x19 [color=#FF0000]
      RenderText {#text} at (0,76) size 592x19
        text run at (0,76) width 592: "FAIL: event at (336, 87) expected to hit box5 at (2, 2) but hit box5 at (2, 3)"
    RenderBR {BR} at (592,91) size 0x0
    RenderInline {SPAN} at (0,0) size 592x19 [color=#FF0000]
      RenderText {#text} at (0,95) size 592x19
        text run at (0,95) width 592: "FAIL: event at (582, 87) expected to hit box8 at (2, 2) but hit box8 at (2, 3)"
    RenderBR {BR} at (592,110) size 0x0
    RenderInline {SPAN} at (0,0) size 662x19 [color=#FF0000]
      RenderText {#text} at (0,114) size 662x19
        text run at (0,114) width 662: "FAIL: event at (658, 174) expected to hit box8 at (86, 86) but hit box6 at (124, 132)"
    RenderBR {BR} at (662,129) size 0x0
    RenderInline {SPAN} at (0,0) size 612x19 [color=#FF0000]
      RenderText {#text} at (0,133) size 612x19
        text run at (0,133) width 612: "FAIL: event at (74, 314) expected to hit box10 at (2, 2) but hit box10 at (5, 5)"
    RenderBR {BR} at (612,148) size 0x0
    RenderInline {SPAN} at (0,0) size 632x19 [color=#FF0000]
      RenderText {#text} at (0,152) size 632x19
        text run at (0,152) width 632: "FAIL: event at (91, 351) expected to hit box11 at (2, 2) but hit box10 at (25, 42)"
    RenderBR {BR} at (632,167) size 0x0
    RenderInline {SPAN} at (0,0) size 622x19 [color=#FF0000]
      RenderText {#text} at (0,171) size 622x19
        text run at (0,171) width 622: "FAIL: event at (320, 314) expected to hit box13 at (2, 2) but hit box13 at (5, 5)"
    RenderBR {BR} at (622,186) size 0x0
    RenderInline {SPAN} at (0,0) size 642x19 [color=#FF0000]
      RenderText {#text} at (0,190) size 642x19
        text run at (0,190) width 642: "FAIL: event at (343, 351) expected to hit box14 at (2, 2) but hit box13 at (32, 42)"
    RenderBR {BR} at (642,205) size 0x0
    RenderInline {SPAN} at (0,0) size 642x19 [color=#FF0000]
      RenderText {#text} at (0,209) size 642x19
        text run at (0,209) width 642: "FAIL: event at (365, 375) expected to hit box15 at (2, 2) but hit box13 at (57, 66)"
    RenderBR {BR} at (642,224) size 0x0
    RenderInline {SPAN} at (0,0) size 622x19 [color=#FF0000]
      RenderText {#text} at (0,228) size 622x19
        text run at (0,228) width 622: "FAIL: event at (566, 314) expected to hit box17 at (2, 2) but hit box17 at (5, 5)"
    RenderBR {BR} at (622,243) size 0x0
    RenderInline {SPAN} at (0,0) size 642x19 [color=#FF0000]
      RenderText {#text} at (0,247) size 642x19
        text run at (0,247) width 642: "FAIL: event at (587, 352) expected to hit box18 at (2, 2) but hit box17 at (29, 43)"
    RenderBR {BR} at (642,262) size 0x0
    RenderInline {SPAN} at (0,0) size 642x19 [color=#FF0000]
      RenderText {#text} at (0,266) size 642x19
        text run at (0,266) width 642: "FAIL: event at (629, 401) expected to hit box19 at (2, 2) but hit box18 at (36, 51)"
    RenderBR {BR} at (642,281) size 0x0
    RenderInline {SPAN} at (0,0) size 622x19 [color=#FF0000]
      RenderText {#text} at (0,285) size 622x19
        text run at (0,285) width 622: "FAIL: event at (653, 422) expected to hit box20 at (2, 2) but hit box20 at (3, 9)"
    RenderBR {BR} at (622,300) size 0x0
    RenderInline {SPAN} at (0,0) size 628x19 [color=#FF0000]
      RenderText {#text} at (0,304) size 628x19
        text run at (0,304) width 525: "FAIL: event at (745, 505) expected to hit box20 at (86, 87) but hit "
        text run at (525,304) width 103: "at (745, 505)"
    RenderBR {BR} at (628,319) size 0x0
layer at (21,21) size 202x202
  RenderBlock (positioned) {DIV} at (21,21) size 202x202 [border: (1px solid #000000)]
layer at (42,42) size 140x140
  RenderBlock {DIV} at (21,21) size 140x140 [bgcolor=#DDDDDD] [border: (1px solid #000000)]
layer at (63,63) size 100x100
  RenderBlock (relative positioned) {DIV} at (21,21) size 100x100 [bgcolor=#81AA8A] [border: (1px solid #000000)]
layer at (267,21) size 202x202
  RenderBlock (positioned) {DIV} at (267,21) size 202x202 [border: (1px solid #000000)]
layer at (288,42) size 140x140
  RenderBlock {DIV} at (21,21) size 140x140 [bgcolor=#DDDDDD] [border: (1px solid #000000)]
layer at (309,63) size 100x100
  RenderBlock (relative positioned) {DIV} at (21,21) size 100x100 [bgcolor=#81AA8A] [border: (1px solid #000000)]
    RenderBlock {DIV} at (21,21) size 90x90 [bgcolor=#0000FF] [border: (1px solid #000000)]
layer at (513,21) size 202x202
  RenderBlock (positioned) {DIV} at (513,21) size 202x202 [border: (1px solid #000000)]
layer at (534,42) size 140x140
  RenderBlock {DIV} at (21,21) size 140x140 [bgcolor=#DDDDDD] [border: (1px solid #000000)]
layer at (555,63) size 100x100
  RenderBlock (relative positioned) {DIV} at (21,21) size 100x100 [bgcolor=#81AA8A] [border: (1px solid #000000)]
layer at (576,84) size 90x90
  RenderBlock (relative positioned) {DIV} at (21,21) size 90x90 [bgcolor=#0000FF] [border: (1px solid #000000)]
layer at (21,267) size 202x202
  RenderBlock (positioned) {DIV} at (21,267) size 202x202 [border: (1px solid #000000)]
layer at (42,288) size 140x140
  RenderBlock {DIV} at (21,21) size 140x140 [bgcolor=#DDDDDD] [border: (1px solid #000000)]
layer at (63,309) size 100x100
  RenderBlock (relative positioned) {DIV} at (21,21) size 100x100 [bgcolor=#81AA8A] [border: (1px solid #000000)]
layer at (104,350) size 100x100
  RenderBlock (relative positioned) {DIV} at (41,41) size 100x100 [border: (1px solid #000000)]
layer at (267,267) size 202x202
  RenderBlock (positioned) {DIV} at (267,267) size 202x202 [border: (1px solid #000000)]
layer at (288,288) size 140x140
  RenderBlock {DIV} at (21,21) size 140x140 [bgcolor=#DDDDDD] [border: (1px solid #000000)]
layer at (309,309) size 100x100
  RenderBlock (relative positioned) {DIV} at (21,21) size 100x100 [bgcolor=#81AA8A] [border: (1px solid #000000)]
layer at (350,350) size 100x100
  RenderBlock (relative positioned) {DIV} at (41,41) size 100x100 [border: (1px solid #000000)]
    RenderBlock {DIV} at (21,21) size 90x90 [bgcolor=#0000FF] [border: (1px solid #000000)]
layer at (513,267) size 202x202
  RenderBlock (positioned) {DIV} at (513,267) size 202x202 [border: (1px solid #000000)]
layer at (534,288) size 140x140
  RenderBlock {DIV} at (21,21) size 140x140 [bgcolor=#DDDDDD] [border: (1px solid #000000)]
layer at (555,309) size 100x100
  RenderBlock (relative positioned) {DIV} at (21,21) size 100x100 [bgcolor=#81AA8A] [border: (1px solid #000000)]
layer at (596,350) size 100x100
  RenderBlock (relative positioned) {DIV} at (41,41) size 100x100 [border: (1px solid #000000)]
layer at (637,391) size 100x100
  RenderBlock (relative positioned) {DIV} at (41,41) size 100x100 [bgcolor=#AA7994] [border: (1px solid #000000)]
    RenderBlock {DIV} at (21,21) size 90x90 [bgcolor=#0000FF] [border: (1px solid #000000)]
