layer at (0,0) size 800x600
  RenderView at (0,0) size 800x600
layer at (0,0) size 800x600
  RenderBlock {HTML} at (0,0) size 800x600
    RenderBody {BODY} at (8,8) size 784x584 [bgcolor=#CCCCCC]
      RenderBlock {P} at (0,0) size 784x14
        RenderText {#text} at (0,0) size 264x14
          text run at (0,0) width 264: "The style declarations which apply to the text below are:"
      RenderBlock {PRE} at (0,26) size 784x60
        RenderText {#text} at (0,0) size 426x60
          text run at (0,0) width 132: ".one {display: block;}"
          text run at (132,0) width 0: " "
          text run at (0,12) width 138: ".two {display: inline;}"
          text run at (138,12) width 0: " "
          text run at (0,24) width 426: ".three {display: list-item; list-style-type: square; margin-left: 3em;}"
          text run at (426,24) width 0: " "
          text run at (0,36) width 204: ".four {display: none; color: red;}"
          text run at (204,36) width 0: " "
          text run at (0,48) width 114: "I {display: block;}"
          text run at (114,48) width 0: " "
      RenderBlock {HR} at (0,96) size 784x2 [border: (1px inset #000000)]
      RenderBlock {P} at (0,110) size 784x14
        RenderText {#text} at (0,0) size 218x14
          text run at (0,0) width 218: "This sentence should be a block-level element."
      RenderBlock (anonymous) at (0,136) size 784x28
        RenderInline {P} at (0,0) size 334x14
          RenderText {#text} at (0,0) size 334x14
            text run at (0,0) width 334: "This sentence should be part of an inline element, as are the next three. "
        RenderInline {P} at (0,0) size 752x28
          RenderText {#text} at (334,0) size 752x28
            text run at (334,0) width 314: "This sentence and the next two are part of a second inline element. "
            text run at (648,0) width 104: "They should therefore"
            text run at (0,14) width 435: "appear, along with the sentence above, to be all one paragraph which is four sentences long. "
            text run at (435,14) width 188: "If this is not the case, then the keyword "
          RenderInline {CODE} at (0,0) size 36x12
            RenderText {#text} at (623,16) size 36x12
              text run at (623,16) width 36: "inline"
          RenderText {#text} at (659,14) size 82x14
            text run at (659,14) width 82: " is being ignored."
        RenderText {#text} at (0,0) size 0x0
      RenderListItem {P} at (36,176) size 748x28
        RenderListMarker at (-15,0) size 6x14: black square
        RenderText {#text} at (0,0) size 554x14
          text run at (0,0) width 554: "This sentence should be treated as a list-item, and therefore be rendered however this user agent displays list items (if "
        RenderInline {CODE} at (0,0) size 90x12
          RenderText {#text} at (554,2) size 90x12
            text run at (554,2) width 90: "list-style-type"
        RenderText {#text} at (644,0) size 734x28
          text run at (644,0) width 90: " is supported, there"
          text run at (0,14) width 177: "will be a square for the item marker). "
          text run at (177,14) width 453: "A 3em left margin has been applied in order to ensure that there is space for the list-item marker."
      RenderBlock {P} at (0,216) size 784x14
        RenderText {#text} at (0,0) size 342x14
          text run at (0,0) width 342: "The next paragraph should be invisible (if it's visible, you'll see red text)."
      RenderBlock {P} at (0,242) size 784x14
        RenderText {#text} at (0,0) size 184x14
          text run at (0,0) width 184: "There should be no text after the colon:"
        RenderText {#text} at (0,0) size 0x0
      RenderBlock {P} at (0,268) size 784x42
        RenderBlock (anonymous) at (0,0) size 784x14
          RenderText {#text} at (0,0) size 82x14
            text run at (0,0) width 82: "The italicized text"
        RenderBlock {I} at (0,14) size 784x14
          RenderText {#text} at (0,0) size 84x14
            text run at (0,0) width 84: "in this paragraph"
        RenderBlock (anonymous) at (0,28) size 784x14
          RenderText {#text} at (0,0) size 151x14
            text run at (0,0) width 151: "should be a block-level element."
      RenderTable {TABLE} at (0,322) size 784x244 [border: (1px outset #808080)]
        RenderTableSection {TBODY} at (1,1) size 782x242
          RenderTableRow {TR} at (0,0) size 782x22
            RenderTableCell {TD} at (0,0) size 782x22 [bgcolor=#C0C0C0] [border: (1px inset #808080)] [r=0 c=0 rs=1 cs=2]
              RenderInline {STRONG} at (0,0) size 122x14
                RenderText {#text} at (4,4) size 122x14
                  text run at (4,4) width 122: "TABLE Testing Section"
          RenderTableRow {TR} at (0,22) size 782x220
            RenderTableCell {TD} at (0,121) size 11x22 [bgcolor=#C0C0C0] [border: (1px inset #808080)] [r=1 c=0 rs=1 cs=1]
              RenderText {#text} at (4,4) size 3x14
                text run at (4,4) width 3: " "
            RenderTableCell {TD} at (11,22) size 771x220 [border: (1px inset #808080)] [r=1 c=1 rs=1 cs=1]
              RenderBlock {P} at (4,4) size 763x14
                RenderText {#text} at (0,0) size 218x14
                  text run at (0,0) width 218: "This sentence should be a block-level element."
              RenderBlock (anonymous) at (4,30) size 763x28
                RenderInline {P} at (0,0) size 334x14
                  RenderText {#text} at (0,0) size 334x14
                    text run at (0,0) width 334: "This sentence should be part of an inline element, as are the next three. "
                RenderInline {P} at (0,0) size 752x28
                  RenderText {#text} at (334,0) size 752x28
                    text run at (334,0) width 314: "This sentence and the next two are part of a second inline element. "
                    text run at (648,0) width 104: "They should therefore"
                    text run at (0,14) width 435: "appear, along with the sentence above, to be all one paragraph which is four sentences long. "
                    text run at (435,14) width 188: "If this is not the case, then the keyword "
                  RenderInline {CODE} at (0,0) size 36x12
                    RenderText {#text} at (623,16) size 36x12
                      text run at (623,16) width 36: "inline"
                  RenderText {#text} at (659,14) size 82x14
                    text run at (659,14) width 82: " is being ignored."
                RenderText {#text} at (0,0) size 0x0
              RenderListItem {P} at (40,70) size 727x28
                RenderListMarker at (-15,0) size 6x14: black square
                RenderText {#text} at (0,0) size 554x14
                  text run at (0,0) width 554: "This sentence should be treated as a list-item, and therefore be rendered however this user agent displays list items (if "
                RenderInline {CODE} at (0,0) size 90x12
                  RenderText {#text} at (554,2) size 90x12
                    text run at (554,2) width 90: "list-style-type"
                RenderText {#text} at (644,0) size 708x28
                  text run at (644,0) width 64: " is supported,"
                  text run at (0,14) width 203: "there will be a square for the item marker). "
                  text run at (203,14) width 453: "A 3em left margin has been applied in order to ensure that there is space for the list-item marker."
              RenderBlock {P} at (4,110) size 763x14
                RenderText {#text} at (0,0) size 342x14
                  text run at (0,0) width 342: "The next paragraph should be invisible (if it's visible, you'll see red text)."
              RenderBlock {P} at (4,136) size 763x14
                RenderText {#text} at (0,0) size 184x14
                  text run at (0,0) width 184: "There should be no text after the colon:"
                RenderText {#text} at (0,0) size 0x0
              RenderBlock {P} at (4,162) size 763x42
                RenderBlock (anonymous) at (0,0) size 763x14
                  RenderText {#text} at (0,0) size 82x14
                    text run at (0,0) width 82: "The italicized text"
                RenderBlock {I} at (0,14) size 763x14
                  RenderText {#text} at (0,0) size 84x14
                    text run at (0,0) width 84: "in this paragraph"
                RenderBlock (anonymous) at (0,28) size 763x14
                  RenderText {#text} at (0,0) size 151x14
                    text run at (0,0) width 151: "should be a block-level element."
