layer at (0,0) size 800x600
  RenderView at (0,0) size 800x600
layer at (0,0) size 800x600
  RenderBlock {HTML} at (0,0) size 800x600
    RenderBody {BODY} at (8,8) size 784x584 [bgcolor=#CCCCCC]
      RenderBlock {P} at (0,0) size 784x14
        RenderText {#text} at (0,0) size 264x14
          text run at (0,0) width 264: "The style declarations which apply to the text below are:"
      RenderBlock {PRE} at (0,26) size 784x24
        RenderText {#text} at (0,0) size 372x24
          text run at (0,0) width 228: ".one {list-style: upper-alpha inside;}"
          text run at (228,0) width 0: " "
          text run at (0,12) width 372: ".two {list-style: url(../resources/oransqr.gif) disc outside;}"
          text run at (372,12) width 0: " "
      RenderBlock {HR} at (0,60) size 784x2 [border: (1px inset #000000)]
      RenderBlock {UL} at (0,74) size 784x28
        RenderListItem {LI} at (40,0) size 744x28
          RenderListMarker at (0,0) size 15x14: "A"
          RenderText {#text} at (15,0) size 712x28
            text run at (15,0) width 697: "The text in this item should not behave as expected; that is, it should line up with the capital-A on the left margin, leaving no blank space beneath the"
            text run at (0,14) width 46: "capital-A."
      RenderBlock {UL} at (0,114) size 784x32
        RenderListItem {LI} at (40,0) size 744x32
          RenderListMarker at (-22,0) size 15x15
          RenderText {#text} at (0,4) size 702x28
            text run at (0,4) width 356: "The text in this item have an orange square for its bullet; failing that, a disc. "
            text run at (356,4) width 346: "Also, the bullet should be outside the text block, as the list has been set to"
            text run at (0,18) width 41: "'outside'."
      RenderTable {TABLE} at (0,158) size 784x116 [border: (1px outset #808080)]
        RenderTableSection {TBODY} at (1,1) size 782x114
          RenderTableRow {TR} at (0,0) size 782x22
            RenderTableCell {TD} at (0,0) size 782x22 [bgcolor=#C0C0C0] [border: (1px inset #808080)] [r=0 c=0 rs=1 cs=2]
              RenderInline {STRONG} at (0,0) size 122x14
                RenderText {#text} at (4,4) size 122x14
                  text run at (4,4) width 122: "TABLE Testing Section"
          RenderTableRow {TR} at (0,22) size 782x92
            RenderTableCell {TD} at (0,57) size 11x22 [bgcolor=#C0C0C0] [border: (1px inset #808080)] [r=1 c=0 rs=1 cs=1]
              RenderText {#text} at (4,4) size 3x14
                text run at (4,4) width 3: " "
            RenderTableCell {TD} at (11,22) size 771x92 [border: (1px inset #808080)] [r=1 c=1 rs=1 cs=1]
              RenderBlock {UL} at (4,4) size 763x28
                RenderListItem {LI} at (40,0) size 723x28
                  RenderListMarker at (0,0) size 15x14: "A"
                  RenderText {#text} at (15,0) size 712x28
                    text run at (15,0) width 697: "The text in this item should not behave as expected; that is, it should line up with the capital-A on the left margin, leaving no blank space beneath the"
                    text run at (0,14) width 46: "capital-A."
              RenderBlock {UL} at (4,44) size 763x32
                RenderListItem {LI} at (40,0) size 723x32
                  RenderListMarker at (-22,0) size 15x15
                  RenderText {#text} at (0,4) size 702x28
                    text run at (0,4) width 356: "The text in this item have an orange square for its bullet; failing that, a disc. "
                    text run at (356,4) width 346: "Also, the bullet should be outside the text block, as the list has been set to"
                    text run at (0,18) width 41: "'outside'."
