layer at (0,0) size 800x600
  RenderView at (0,0) size 800x600
layer at (0,0) size 800x600
  RenderBlock {HTML} at (0,0) size 800x600
    RenderBody {BODY} at (8,8) size 784x584 [bgcolor=#CCCCCC]
      RenderBlock {P} at (0,0) size 784x14
        RenderText {#text} at (0,0) size 264x14
          text run at (0,0) width 264: "The style declarations which apply to the text below are:"
      RenderBlock {PRE} at (0,26) size 784x33
        RenderText {#text} at (0,0) size 216x33
          text run at (0,0) width 216: ".one {list-style-position: outside;}"
          text run at (216,0) width 0: " "
          text run at (0,11) width 210: ".two {list-style-position: inside;}"
          text run at (210,11) width 0: " "
          text run at (0,22) width 0: " "
      RenderBlock {HR} at (0,69) size 784x2 [border: (1px inset #000000)]
      RenderBlock {UL} at (0,83) size 784x14
        RenderListItem {LI} at (40,0) size 744x14
          RenderListMarker at (-15,0) size 6x14: bullet
          RenderText {#text} at (0,0) size 659x14
            text run at (0,0) width 659: "The text in this item should behave as expected; that is, it should line up with itself on the left margin, leaving blank space beneath the bullet."
      RenderBlock {UL} at (0,109) size 784x14
        RenderListItem {LI} at (40,0) size 744x14
          RenderListMarker at (-1,0) size 6x14: bullet
          RenderText {#text} at (11,0) size 712x14
            text run at (11,0) width 712: "The text in this item should not behave as expected; that is, it should line up with the bullet on the left margin, leaving no blank space beneath the bullet."
      RenderTable {TABLE} at (0,135) size 784x84 [border: (1px outset #808080)]
        RenderTableSection {TBODY} at (1,1) size 782x82
          RenderTableRow {TR} at (0,0) size 782x22
            RenderTableCell {TD} at (0,0) size 782x22 [bgcolor=#C0C0C0] [border: (1px inset #808080)] [r=0 c=0 rs=1 cs=2]
              RenderInline {STRONG} at (0,0) size 122x14
                RenderText {#text} at (4,4) size 122x14
                  text run at (4,4) width 122: "TABLE Testing Section"
          RenderTableRow {TR} at (0,22) size 782x60
            RenderTableCell {TD} at (0,41) size 11x22 [bgcolor=#C0C0C0] [border: (1px inset #808080)] [r=1 c=0 rs=1 cs=1]
              RenderText {#text} at (4,4) size 3x14
                text run at (4,4) width 3: " "
            RenderTableCell {TD} at (11,22) size 771x60 [border: (1px inset #808080)] [r=1 c=1 rs=1 cs=1]
              RenderBlock {UL} at (4,4) size 763x14
                RenderListItem {LI} at (40,0) size 723x14
                  RenderListMarker at (-15,0) size 6x14: bullet
                  RenderText {#text} at (0,0) size 659x14
                    text run at (0,0) width 659: "The text in this item should behave as expected; that is, it should line up with itself on the left margin, leaving blank space beneath the bullet."
              RenderBlock {UL} at (4,30) size 763x14
                RenderListItem {LI} at (40,0) size 723x14
                  RenderListMarker at (-1,0) size 6x14: bullet
                  RenderText {#text} at (11,0) size 712x14
                    text run at (11,0) width 712: "The text in this item should not behave as expected; that is, it should line up with the bullet on the left margin, leaving no blank space beneath the bullet."
