layer at (0,0) size 800x925
  RenderView at (0,0) size 800x600
layer at (0,0) size 800x925
  RenderBlock {HTML} at (0,0) size 800x925
    RenderBody {BODY} at (8,8) size 784x904 [bgcolor=#EEEEEE]
      RenderBlock (anonymous) at (0,0) size 784x16
        RenderInline {SPAN} at (0,0) size 146x15
          RenderText {#text} at (0,0) size 0x0
          RenderInline {SPAN} at (0,0) size 146x15
            RenderText {#text} at (0,0) size 0x0
            RenderTable {TABLE} at (0,0) size 146x16
              RenderTableSection {TBODY} at (0,0) size 146x16
                RenderTableRow {TR} at (0,0) size 146x16
                  RenderTableCell {TD} at (0,0) size 89x16 [r=0 c=0 rs=1 cs=1]
                    RenderText {#text} at (1,1) size 87x14
                      text run at (1,1) width 87: "Record Locator:"
                  RenderTableCell {TD} at (89,0) size 57x16 [r=0 c=1 rs=1 cs=1]
                    RenderInline {B} at (0,0) size 55x14
                      RenderText {#text} at (1,1) size 55x14
                        text run at (1,1) width 55: "WHGNSO"
                    RenderText {#text} at (0,0) size 0x0
            RenderText {#text} at (0,0) size 0x0
          RenderText {#text} at (0,0) size 0x0
      RenderBlock (anonymous) at (0,22) size 784x2
        RenderBlock {HR} at (0,0) size 784x2 [border: (1px inset #000000)]
      RenderBlock (anonymous) at (0,30) size 784x34
        RenderInline {SPAN} at (0,0) size 110x32
          RenderInline {SPAN} at (0,0) size 110x32
            RenderText {#text} at (0,0) size 0x0
            RenderInline {SPAN} at (0,0) size 110x17
              RenderText {#text} at (0,0) size 0x0
              RenderImage {IMG} at (0,2) size 53x17
              RenderText {#text} at (53,0) size 57x17
                text run at (53,0) width 4: " "
                text run at (57,0) width 53: "Names"
              RenderBR {BR} at (110,14) size 0x0
            RenderText {#text} at (0,0) size 0x0
            RenderInline {SPAN} at (0,0) size 88x15
              RenderText {#text} at (0,0) size 0x0
              RenderText {#text} at (0,0) size 0x0
            RenderText {#text} at (0,0) size 0x0
          RenderText {#text} at (0,0) size 0x0
      RenderBlock (anonymous) at (0,70) size 784x2
        RenderBlock {HR} at (0,0) size 784x2 [border: (1px inset #000000)]
      RenderBlock (anonymous) at (0,78) size 784x49
        RenderInline {SPAN} at (0,0) size 576x47
          RenderInline {SPAN} at (0,0) size 576x47
            RenderText {#text} at (0,0) size 0x0
            RenderImage {IMG} at (0,4) size 62x15
            RenderText {#text} at (62,2) size 4x15
              text run at (62,2) width 4: " "
            RenderInline {SPAN} at (0,0) size 83x17
              RenderText {#text} at (66,0) size 83x17
                text run at (66,0) width 83: "Addresses"
              RenderBR {BR} at (149,14) size 0x0
            RenderText {#text} at (0,0) size 0x0
            RenderText {#text} at (0,0) size 0x0
          RenderText {#text} at (0,0) size 0x0
      RenderBlock (anonymous) at (0,133) size 784x2
        RenderBlock {HR} at (0,0) size 784x2 [border: (1px inset #000000)]
      RenderBlock (anonymous) at (0,141) size 784x23
        RenderInline {SPAN} at (0,0) size 126x24
          RenderInline {SPAN} at (0,0) size 126x24
            RenderText {#text} at (0,0) size 0x0
            RenderInline {SPAN} at (0,0) size 126x17
              RenderText {#text} at (0,0) size 0x0
              RenderImage {IMG} at (0,2) size 59x17
              RenderText {#text} at (59,0) size 67x17
                text run at (59,0) width 4: " "
                text run at (63,0) width 63: "Phones "
              RenderBR {BR} at (126,14) size 0x0
            RenderText {#text} at (0,0) size 0x0
      RenderBlock (anonymous) at (0,164) size 784x52
      RenderBlock (anonymous) at (0,216) size 784x0
        RenderInline {SPAN} at (0,0) size 0x0
          RenderInline {SPAN} at (0,0) size 0x0
            RenderText {#text} at (0,0) size 0x0
          RenderText {#text} at (0,0) size 0x0
      RenderBlock (anonymous) at (0,222) size 784x2
        RenderBlock {HR} at (0,0) size 784x2 [border: (1px inset #000000)]
      RenderBlock (anonymous) at (0,230) size 784x19
        RenderInline {SPAN} at (0,0) size 128x15
          RenderInline {SPAN} at (0,0) size 128x15
            RenderText {#text} at (0,0) size 0x0
            RenderInline {SPAN} at (0,0) size 128x17
              RenderText {#text} at (0,0) size 0x0
              RenderImage {IMG} at (0,2) size 62x17
              RenderText {#text} at (62,0) size 66x17
                text run at (62,0) width 4: " "
                text run at (66,0) width 62: "Itinerary"
            RenderText {#text} at (0,0) size 0x0
            RenderInline {SPAN} at (0,0) size 0x0
              RenderText {#text} at (0,0) size 0x0
              RenderInline {SPAN} at (0,0) size 0x0
                RenderText {#text} at (0,0) size 0x0
      RenderBlock (anonymous) at (0,249) size 784x48
        RenderTable {TABLE} at (0,0) size 441x48
          RenderTableSection {TBODY} at (0,0) size 441x48
            RenderTableRow {TR} at (0,2) size 441x44
              RenderTableCell {TD} at (2,23) size 2x2 [r=0 c=0 rs=1 cs=1]
              RenderTableCell {TD} at (6,2) size 2x2 [r=0 c=1 rs=1 cs=1]
              RenderTableCell {TD} at (10,16) size 113x16 [r=0 c=2 rs=1 cs=1]
                RenderImage {IMG} at (1,1) size 111x14
                RenderText {#text} at (0,0) size 0x0
              RenderTableCell {TD} at (125,2) size 314x44 [r=0 c=3 rs=1 cs=1]
                RenderText {#text} at (1,1) size 111x14
                  text run at (1,1) width 111: "TUR - Tour Package"
                RenderBR {BR} at (112,12) size 0x0
                RenderText {#text} at (1,15) size 175x14
                  text run at (1,15) width 175: "Date: Sunday, January 12, 2003"
                RenderBR {BR} at (176,26) size 0x0
                RenderText {#text} at (1,29) size 312x14
                  text run at (1,29) width 312: "Comments: -** TICKETLESS CONF CODE IS WHGNSO**"
      RenderBlock (anonymous) at (0,297) size 784x0
        RenderInline {SPAN} at (0,0) size 0x0
          RenderInline {SPAN} at (0,0) size 0x0
            RenderInline {SPAN} at (0,0) size 0x0
              RenderInline {SPAN} at (0,0) size 0x0
              RenderText {#text} at (0,0) size 0x0
      RenderBlock (anonymous) at (0,303) size 784x2
        RenderBlock {HR} at (0,0) size 784x2 [border: (1px inset #000000)]
      RenderBlock (anonymous) at (0,311) size 784x0
        RenderInline {SPAN} at (0,0) size 0x0
          RenderInline {SPAN} at (0,0) size 0x0
            RenderInline {SPAN} at (0,0) size 0x0
              RenderInline {SPAN} at (0,0) size 0x0
                RenderText {#text} at (0,0) size 0x0
      RenderBlock (anonymous) at (0,311) size 784x156
        RenderTable {TABLE} at (0,0) size 549x156
          RenderTableSection {TBODY} at (0,0) size 549x156
            RenderTableRow {TR} at (0,2) size 549x152
              RenderTableCell {TD} at (2,77) size 2x2 [r=0 c=0 rs=1 cs=1]
              RenderTableCell {TD} at (6,2) size 2x2 [r=0 c=1 rs=1 cs=1]
              RenderTableCell {TD} at (10,70) size 69x16 [r=0 c=2 rs=1 cs=1]
                RenderImage {IMG} at (1,1) size 67x14
                RenderText {#text} at (0,0) size 0x0
              RenderTableCell {TD} at (81,2) size 466x152 [r=0 c=3 rs=1 cs=1]
                RenderBlock (anonymous) at (1,1) size 464x98
                  RenderText {#text} at (0,0) size 18x14
                    text run at (0,0) width 18: "Air "
                  RenderBR {BR} at (0,0) size 0x0
                  RenderText {#text} at (0,14) size 372x14
                    text run at (0,14) width 39: "United "
                    text run at (39,14) width 64: "Flight 1187 "
                    text run at (103,14) width 94: "Booking Code:M "
                    text run at (197,14) width 175: "Date: Sunday, January 12, 2003"
                  RenderBR {BR} at (372,25) size 0x0
                  RenderText {#text} at (0,28) size 293x14
                    text run at (0,28) width 293: "From: San Francisco Intl Arpt, San Francisco CA - U.S."
                  RenderBR {BR} at (293,39) size 0x0
                  RenderText {#text} at (0,42) size 308x14
                    text run at (0,42) width 20: "To: "
                    text run at (20,42) width 288: "Burbank Glendale Pasadena Arpt, Burbank CA - U.S."
                  RenderBR {BR} at (308,53) size 0x0
                  RenderText {#text} at (0,56) size 186x14
                    text run at (0,56) width 97: "Departs: 6:05 PM "
                    text run at (97,56) width 89: "Arrives: 7:10 PM"
                  RenderBR {BR} at (186,67) size 0x0
                  RenderText {#text} at (0,70) size 37x14
                    text run at (0,70) width 37: "Status:"
                  RenderInline {SPACE} at (0,0) size 97x28
                    RenderText {#text} at (37,70) size 57x14
                      text run at (37,70) width 57: " confirmed"
                    RenderInline {SPACE} at (0,0) size 97x28
                      RenderText {#text} at (94,70) size 3x14
                        text run at (94,70) width 3: " "
                      RenderBR {BR} at (0,0) size 0x0
                      RenderText {#text} at (0,84) size 34x14
                        text run at (0,84) width 34: "Seats:"
                      RenderBR {BR} at (34,95) size 0x0
                RenderBlock (anonymous) at (1,99) size 464x38
                  RenderTable {TABLE} at (0,0) size 464x38 [border: (1px outset #808080)]
                    RenderTableSection {TBODY} at (1,1) size 462x36
                      RenderTableRow {TR} at (0,0) size 462x18 [bgcolor=#E0E0E0]
                        RenderTableCell {TD} at (0,0) size 73x18 [border: (1px inset #808080)] [r=0 c=0 rs=1 cs=1]
                          RenderText {#text} at (2,2) size 33x14
                            text run at (2,2) width 33: "Name"
                        RenderTableCell {TD} at (73,0) size 29x18 [border: (1px inset #808080)] [r=0 c=1 rs=1 cs=1]
                          RenderText {#text} at (2,2) size 25x14
                            text run at (2,2) width 25: "Seat"
                        RenderTableCell {TD} at (102,0) size 61x18 [border: (1px inset #808080)] [r=0 c=2 rs=1 cs=1]
                          RenderText {#text} at (2,2) size 34x14
                            text run at (2,2) width 34: "Status"
                        RenderTableCell {TD} at (163,0) size 242x18 [border: (1px inset #808080)] [r=0 c=3 rs=1 cs=1]
                          RenderText {#text} at (2,2) size 27x14
                            text run at (2,2) width 27: "Type"
                        RenderTableCell {TD} at (405,0) size 57x18 [border: (1px inset #808080)] [r=0 c=4 rs=1 cs=1]
                          RenderText {#text} at (2,2) size 53x14
                            text run at (2,2) width 53: "Comment"
                      RenderTableRow {TR} at (0,18) size 462x18
                        RenderTableCell {TD} at (0,18) size 73x18 [border: (1px inset #808080)] [r=1 c=0 rs=1 cs=1]
                          RenderText {#text} at (2,2) size 69x14
                            text run at (2,2) width 69: "HAO,SCOTT"
                        RenderTableCell {TD} at (73,18) size 29x18 [border: (1px inset #808080)] [r=1 c=1 rs=1 cs=1]
                          RenderText {#text} at (2,2) size 22x14
                            text run at (2,2) width 22: "08A"
                        RenderTableCell {TD} at (102,18) size 61x18 [border: (1px inset #808080)] [r=1 c=2 rs=1 cs=1]
                          RenderText {#text} at (2,2) size 57x14
                            text run at (2,2) width 57: "confirmed "
                        RenderTableCell {TD} at (163,18) size 242x18 [border: (1px inset #808080)] [r=1 c=3 rs=1 cs=1]
                          RenderText {#text} at (2,2) size 238x14
                            text run at (2,2) width 238: "Non-Smoking, Window Seat, Preferred Seat"
                        RenderTableCell {TD} at (405,18) size 57x18 [border: (1px inset #808080)] [r=1 c=4 rs=1 cs=1]
                          RenderText {#text} at (2,2) size 3x14
                            text run at (2,2) width 3: " "
                RenderBlock (anonymous) at (1,137) size 464x14
                  RenderInline {SPACE} at (0,0) size 0x14
                    RenderInline {SPACE} at (0,0) size 0x14
                      RenderBR {BR} at (0,0) size 0x14
      RenderBlock (anonymous) at (0,467) size 784x0
        RenderInline {SPAN} at (0,0) size 0x0
          RenderInline {SPAN} at (0,0) size 0x0
            RenderInline {SPAN} at (0,0) size 0x0
              RenderInline {SPAN} at (0,0) size 0x0
              RenderText {#text} at (0,0) size 0x0
      RenderBlock (anonymous) at (0,473) size 784x2
        RenderBlock {HR} at (0,0) size 784x2 [border: (1px inset #000000)]
      RenderBlock (anonymous) at (0,481) size 784x0
        RenderInline {SPAN} at (0,0) size 0x0
          RenderInline {SPAN} at (0,0) size 0x0
            RenderInline {SPAN} at (0,0) size 0x0
              RenderInline {SPAN} at (0,0) size 0x0
                RenderText {#text} at (0,0) size 0x0
      RenderBlock (anonymous) at (0,481) size 784x156
        RenderTable {TABLE} at (0,0) size 464x156
          RenderTableSection {TBODY} at (0,0) size 464x156
            RenderTableRow {TR} at (0,2) size 464x152
              RenderTableCell {TD} at (2,77) size 2x2 [r=0 c=0 rs=1 cs=1]
              RenderTableCell {TD} at (6,2) size 2x2 [r=0 c=1 rs=1 cs=1]
              RenderTableCell {TD} at (10,70) size 69x16 [r=0 c=2 rs=1 cs=1]
                RenderImage {IMG} at (1,1) size 67x14
                RenderText {#text} at (0,0) size 0x0
              RenderTableCell {TD} at (81,2) size 381x152 [r=0 c=3 rs=1 cs=1]
                RenderBlock (anonymous) at (1,1) size 379x98
                  RenderText {#text} at (0,0) size 18x14
                    text run at (0,0) width 18: "Air "
                  RenderBR {BR} at (0,0) size 0x0
                  RenderText {#text} at (0,14) size 356x14
                    text run at (0,14) width 39: "United "
                    text run at (39,14) width 57: "Flight 480 "
                    text run at (96,14) width 93: "Booking Code:Q "
                    text run at (189,14) width 167: "Date: Friday, January 24, 2003"
                  RenderBR {BR} at (356,25) size 0x0
                  RenderText {#text} at (0,28) size 322x14
                    text run at (0,28) width 322: "From: Burbank Glendale Pasadena Arpt, Burbank CA - U.S."
                  RenderBR {BR} at (322,39) size 0x0
                  RenderText {#text} at (0,42) size 279x14
                    text run at (0,42) width 20: "To: "
                    text run at (20,42) width 259: "San Francisco Intl Arpt, San Francisco CA - U.S."
                  RenderBR {BR} at (279,53) size 0x0
                  RenderText {#text} at (0,56) size 186x14
                    text run at (0,56) width 97: "Departs: 1:40 PM "
                    text run at (97,56) width 89: "Arrives: 2:50 PM"
                  RenderBR {BR} at (186,67) size 0x0
                  RenderText {#text} at (0,70) size 37x14
                    text run at (0,70) width 37: "Status:"
                  RenderInline {SPACE} at (0,0) size 97x28
                    RenderText {#text} at (37,70) size 57x14
                      text run at (37,70) width 57: " confirmed"
                    RenderInline {SPACE} at (0,0) size 97x28
                      RenderText {#text} at (94,70) size 3x14
                        text run at (94,70) width 3: " "
                      RenderBR {BR} at (0,0) size 0x0
                      RenderText {#text} at (0,84) size 34x14
                        text run at (0,84) width 34: "Seats:"
                      RenderBR {BR} at (34,95) size 0x0
                RenderBlock (anonymous) at (1,99) size 379x38
                  RenderTable {TABLE} at (0,0) size 379x38 [border: (1px outset #808080)]
                    RenderTableSection {TBODY} at (1,1) size 377x36
                      RenderTableRow {TR} at (0,0) size 377x18 [bgcolor=#E0E0E0]
                        RenderTableCell {TD} at (0,0) size 73x18 [border: (1px inset #808080)] [r=0 c=0 rs=1 cs=1]
                          RenderText {#text} at (2,2) size 33x14
                            text run at (2,2) width 33: "Name"
                        RenderTableCell {TD} at (73,0) size 29x18 [border: (1px inset #808080)] [r=0 c=1 rs=1 cs=1]
                          RenderText {#text} at (2,2) size 25x14
                            text run at (2,2) width 25: "Seat"
                        RenderTableCell {TD} at (102,0) size 61x18 [border: (1px inset #808080)] [r=0 c=2 rs=1 cs=1]
                          RenderText {#text} at (2,2) size 34x14
                            text run at (2,2) width 34: "Status"
                        RenderTableCell {TD} at (163,0) size 157x18 [border: (1px inset #808080)] [r=0 c=3 rs=1 cs=1]
                          RenderText {#text} at (2,2) size 27x14
                            text run at (2,2) width 27: "Type"
                        RenderTableCell {TD} at (320,0) size 57x18 [border: (1px inset #808080)] [r=0 c=4 rs=1 cs=1]
                          RenderText {#text} at (2,2) size 53x14
                            text run at (2,2) width 53: "Comment"
                      RenderTableRow {TR} at (0,18) size 377x18
                        RenderTableCell {TD} at (0,18) size 73x18 [border: (1px inset #808080)] [r=1 c=0 rs=1 cs=1]
                          RenderText {#text} at (2,2) size 69x14
                            text run at (2,2) width 69: "HAO,SCOTT"
                        RenderTableCell {TD} at (73,18) size 29x18 [border: (1px inset #808080)] [r=1 c=1 rs=1 cs=1]
                          RenderText {#text} at (2,2) size 21x14
                            text run at (2,2) width 21: "13F"
                        RenderTableCell {TD} at (102,18) size 61x18 [border: (1px inset #808080)] [r=1 c=2 rs=1 cs=1]
                          RenderText {#text} at (2,2) size 57x14
                            text run at (2,2) width 57: "confirmed "
                        RenderTableCell {TD} at (163,18) size 157x18 [border: (1px inset #808080)] [r=1 c=3 rs=1 cs=1]
                          RenderText {#text} at (2,2) size 153x14
                            text run at (2,2) width 153: "Non-Smoking, Window Seat"
                        RenderTableCell {TD} at (320,18) size 57x18 [border: (1px inset #808080)] [r=1 c=4 rs=1 cs=1]
                          RenderText {#text} at (2,2) size 3x14
                            text run at (2,2) width 3: " "
                RenderBlock (anonymous) at (1,137) size 379x14
                  RenderInline {SPACE} at (0,0) size 0x14
                    RenderInline {SPACE} at (0,0) size 0x14
                      RenderBR {BR} at (0,0) size 0x14
      RenderBlock (anonymous) at (0,637) size 784x0
        RenderInline {SPAN} at (0,0) size 0x0
          RenderInline {SPAN} at (0,0) size 0x0
            RenderInline {SPAN} at (0,0) size 0x0
              RenderInline {SPAN} at (0,0) size 0x0
              RenderText {#text} at (0,0) size 0x0
      RenderBlock (anonymous) at (0,643) size 784x2
        RenderBlock {HR} at (0,0) size 784x2 [border: (1px inset #000000)]
      RenderBlock (anonymous) at (0,651) size 784x0
        RenderInline {SPAN} at (0,0) size 0x0
          RenderInline {SPAN} at (0,0) size 0x0
            RenderInline {SPAN} at (0,0) size 0x0
              RenderInline {SPAN} at (0,0) size 0x0
                RenderText {#text} at (0,0) size 0x0
      RenderBlock (anonymous) at (0,651) size 784x90
        RenderTable {TABLE} at (0,0) size 471x90
          RenderTableSection {TBODY} at (0,0) size 471x90
            RenderTableRow {TR} at (0,2) size 471x86
              RenderTableCell {TD} at (2,44) size 2x2 [r=0 c=0 rs=1 cs=1]
              RenderTableCell {TD} at (6,2) size 2x2 [r=0 c=1 rs=1 cs=1]
              RenderTableCell {TD} at (10,37) size 69x16 [r=0 c=2 rs=1 cs=1]
                RenderImage {IMG} at (1,1) size 67x14
                RenderText {#text} at (0,0) size 0x0
              RenderTableCell {TD} at (81,2) size 388x86 [r=0 c=3 rs=1 cs=1]
                RenderText {#text} at (1,1) size 18x14
                  text run at (1,1) width 18: "Air "
                RenderBR {BR} at (0,0) size 0x0
                RenderText {#text} at (1,15) size 386x14
                  text run at (1,15) width 67: "UNKNOWN "
                  text run at (68,15) width 57: "Flight 123 "
                  text run at (125,15) width 92: "Booking Code:Y "
                  text run at (217,15) width 170: "Date: Tuesday, March 25, 2003"
                RenderBR {BR} at (387,26) size 0x0
                RenderText {#text} at (1,29) size 293x14
                  text run at (1,29) width 293: "From: San Francisco Intl Arpt, San Francisco CA - U.S."
                RenderBR {BR} at (294,40) size 0x0
                RenderText {#text} at (1,43) size 279x14
                  text run at (1,43) width 20: "To: "
                  text run at (21,43) width 259: "San Francisco Intl Arpt, San Francisco CA - U.S."
                RenderBR {BR} at (280,54) size 0x0
                RenderText {#text} at (1,57) size 130x14
                  text run at (1,57) width 69: "Departs: n/a "
                  text run at (70,57) width 61: "Arrives: n/a"
                RenderBR {BR} at (131,68) size 0x0
                RenderText {#text} at (1,71) size 37x14
                  text run at (1,71) width 37: "Status:"
                RenderInline {SPACE} at (0,0) size 150x14
                  RenderText {#text} at (38,71) size 147x14
                    text run at (38,71) width 147: " requested, await response"
                  RenderInline {SPACE} at (0,0) size 3x14
                    RenderText {#text} at (185,71) size 3x14
                      text run at (185,71) width 3: " "
                    RenderBR {BR} at (188,82) size 0x0
      RenderBlock (anonymous) at (0,741) size 784x0
        RenderInline {SPAN} at (0,0) size 0x0
          RenderInline {SPAN} at (0,0) size 0x0
            RenderInline {SPAN} at (0,0) size 0x0
              RenderInline {SPAN} at (0,0) size 0x0
              RenderText {#text} at (0,0) size 0x0
      RenderBlock (anonymous) at (0,747) size 784x2
        RenderBlock {HR} at (0,0) size 784x2 [border: (1px inset #000000)]
      RenderBlock (anonymous) at (0,755) size 784x48
        RenderInline {SPAN} at (0,0) size 196x46
          RenderInline {SPAN} at (0,0) size 0x0
            RenderInline {SPAN} at (0,0) size 0x0
            RenderText {#text} at (0,0) size 0x0
          RenderText {#text} at (0,0) size 0x0
          RenderInline {SPAN} at (0,0) size 81x17
            RenderText {#text} at (0,0) size 0x0
            RenderImage {IMG} at (0,8) size 4x4
            RenderText {#text} at (4,0) size 77x17
              text run at (4,0) width 4: " "
              text run at (8,0) width 73: "Remarks:"
            RenderBR {BR} at (81,14) size 0x0
          RenderText {#text} at (0,0) size 0x0
          RenderBR {BR} at (0,18) size 0x15
          RenderInline {SPAN} at (0,0) size 196x15
            RenderText {#text} at (0,33) size 196x15
              text run at (0,33) width 126: "SERVICE FEE MCO "
              text run at (126,33) width 70: "8103220490"
            RenderBR {BR} at (196,45) size 0x0
          RenderText {#text} at (0,0) size 0x0
      RenderBlock (anonymous) at (0,809) size 784x2
        RenderBlock {HR} at (0,0) size 784x2 [border: (1px inset #000000)]
      RenderBlock (anonymous) at (0,817) size 784x19
        RenderInline {SPAN} at (0,0) size 182x15
          RenderInline {SPAN} at (0,0) size 182x17
            RenderText {#text} at (0,0) size 0x0
            RenderImage {IMG} at (0,2) size 62x17
            RenderText {#text} at (62,0) size 4x17
              text run at (62,0) width 4: " "
            RenderInline {B} at (0,0) size 112x17
              RenderText {#text} at (66,0) size 112x17
                text run at (66,0) width 112: "Web Bookings"
            RenderText {#text} at (178,0) size 4x17
              text run at (178,0) width 4: " "
            RenderInline {SPAN} at (0,0) size 0x17
              RenderBR {BR} at (182,14) size 0x0
              RenderInline {SPAN} at (0,0) size 0x0
            RenderText {#text} at (0,0) size 0x0
          RenderText {#text} at (0,0) size 0x0
      RenderBlock (anonymous) at (0,842) size 784x2
        RenderBlock {HR} at (0,0) size 784x2 [border: (1px inset #000000)]
      RenderBlock (anonymous) at (0,850) size 784x18
        RenderInline {SPAN} at (0,0) size 261x15
          RenderInline {SPAN} at (0,0) size 261x15
            RenderText {#text} at (0,0) size 0x0
            RenderInline {SPAN} at (0,0) size 261x17
              RenderText {#text} at (0,0) size 0x0
              RenderImage {IMG} at (0,8) size 4x4
              RenderText {#text} at (4,0) size 257x17
                text run at (4,0) width 4: " "
                text run at (8,0) width 253: "Remarks and Service Information"
              RenderBR {BR} at (261,14) size 0x0
            RenderText {#text} at (0,0) size 0x0
            RenderText {#text} at (0,0) size 0x0
      RenderBlock (anonymous) at (0,874) size 784x30
        RenderBlock {HR} at (0,0) size 784x2 [border: (1px inset #000000)]
        RenderBlock {P} at (0,15) size 784x15
          RenderText {#text} at (0,0) size 204x15
            text run at (0,0) width 204: "This itinerary is subject to change. "
          RenderInline {A} at (0,0) size 163x15 [color=#0000EE]
            RenderText {#text} at (204,0) size 163x15
              text run at (204,0) width 163: "Click here for latest updates"
          RenderText {#text} at (0,0) size 0x0
      RenderBlock (anonymous) at (0,917) size 784x0
        RenderInline {SPAN} at (0,0) size 0x0
          RenderInline {SPAN} at (0,0) size 0x0
          RenderText {#text} at (0,0) size 0x0
layer at (23,38) size 88x15
  RenderInline (relative positioned) {SPAN} at (0,0) size 88x15
    RenderText {#text} at (0,0) size 0x0
    RenderInline {SPAN} at (0,0) size 88x15
      RenderText {#text} at (0,0) size 0x0
      RenderImage {IMG} at (0,27) size 4x4
      RenderText {#text} at (4,19) size 4x15
        text run at (4,19) width 4: " "
      RenderInline {SPAN} at (0,0) size 80x15
        RenderText {#text} at (8,19) size 80x15
          text run at (8,19) width 80: "HAO, SCOTT"
        RenderBR {BR} at (88,31) size 0x0
        RenderText {#text} at (0,0) size 0x0
      RenderText {#text} at (0,0) size 0x0
    RenderText {#text} at (0,0) size 0x0
layer at (23,86) size 576x30
  RenderInline (relative positioned) {SPAN} at (0,0) size 576x30
    RenderText {#text} at (0,0) size 0x0
    RenderImage {IMG} at (0,27) size 4x4
    RenderText {#text} at (4,19) size 572x15
      text run at (4,19) width 4: " "
      text run at (8,19) width 56: "Address: "
      text run at (64,19) width 512: "ST. JUDE MEDICAL, 21700 OXNARD ST SUITE 800, WOODLAND HILLS CA Z/91367 "
    RenderBR {BR} at (576,31) size 0x0
    RenderImage {IMG} at (0,42) size 4x4
    RenderText {#text} at (4,34) size 409x15
      text run at (4,34) width 4: " "
      text run at (8,34) width 48: "Deliver: "
      text run at (56,34) width 104: "DEBI STANGEL, "
      text run at (160,34) width 117: "119 GLEN COURT, "
      text run at (277,34) width 136: "DANVILLE CA Z/94526"
layer at (23,149) size 4x15
  RenderInline (relative positioned) {SPAN} at (0,0) size 4x15
    RenderText {#text} at (0,0) size 0x0
    RenderImage {IMG} at (0,19) size 4x4
    RenderText {#text} at (0,0) size 0x0
layer at (28,157) size 407x52
  RenderTable {TABLE} at (0,0) size 407x52 [border: (1px outset #808080)]
    RenderTableSection {TBODY} at (1,1) size 405x50
      RenderTableRow {TR} at (0,2) size 405x18 [bgcolor=#E0E0E0]
        RenderTableCell {TD} at (2,2) size 73x18 [border: (1px inset #808080)] [r=0 c=0 rs=1 cs=1]
          RenderText {#text} at (2,2) size 27x14
            text run at (2,2) width 27: "Type"
        RenderTableCell {TD} at (77,2) size 35x18 [border: (1px inset #808080)] [r=0 c=1 rs=1 cs=1]
          RenderText {#text} at (2,2) size 21x14
            text run at (2,2) width 21: "City"
        RenderTableCell {TD} at (114,2) size 289x18 [border: (1px inset #808080)] [r=0 c=2 rs=1 cs=1]
          RenderText {#text} at (2,2) size 36x14
            text run at (2,2) width 36: "Phone"
      RenderTableRow {TR} at (0,22) size 405x0
      RenderTableRow {TR} at (0,24) size 405x18
        RenderTableCell {TD} at (2,24) size 73x18 [border: (1px inset #808080)] [r=2 c=0 rs=1 cs=1]
          RenderText {#text} at (2,2) size 69x14
            text run at (2,2) width 69: "Travel Agent"
        RenderTableCell {TD} at (77,24) size 35x18 [border: (1px inset #808080)] [r=2 c=1 rs=1 cs=1]
          RenderText {#text} at (2,2) size 31x14
            text run at (2,2) width 31: "(LAX)"
        RenderTableCell {TD} at (114,24) size 289x18 [border: (1px inset #808080)] [r=2 c=2 rs=1 cs=1]
          RenderText {#text} at (2,2) size 285x14
            text run at (2,2) width 285: "RQ0/818 990-4053-PLAZA TRAVEL - 05838276-RC"
      RenderTableRow {TR} at (0,44) size 405x0
      RenderTableRow {TR} at (0,46) size 405x0
      RenderTableRow {TR} at (0,48) size 405x0
