layer at (0,0) size 800x600
  RenderView at (0,0) size 800x600
layer at (0,0) size 800x38
  RenderBlock {html} at (0,0) size 800x38
    RenderBody {body} at (8,12) size 784x14
      RenderBlock {p} at (0,0) size 784x14
        RenderInline {a} at (0,0) size 284x14 [color=#0000EE] [bgcolor=#FF0000]
          RenderText {#text} at (0,0) size 284x14
            text run at (0,0) width 284: "You should see a green background assigned by the anchor."
        RenderText {#text} at (284,0) size 354x14
          text run at (284,0) width 354: " (Note: You must have visited http://www.w3.org/ for this test to be valid.)"
