layer at (0,0) size 800x600
  RenderView at (0,0) size 800x600
layer at (0,0) size 800x34
  RenderBlock {html} at (0,0) size 800x34
    RenderBody {body} at (8,8) size 784x14
      RenderBlock {div} at (0,0) size 784x14
        RenderBlock {t} at (0,0) size 784x14 [color=#008000]
          RenderText {#text} at (0,0) size 214x14
            text run at (0,0) width 214: "This paragraph should be in green characters."
