layer at (0,0) size 800x600
  RenderView at (0,0) size 800x600
layer at (0,0) size 800x112
  RenderBlock {html} at (0,0) size 800x112
    RenderBody {body} at (8,8) size 784x92
      RenderBlock {div} at (0,0) size 784x92
        RenderBlock {address} at (0,0) size 784x14 [bgcolor=#00FF00]
          RenderText {#text} at (0,0) size 221x14
            text run at (0,0) width 221: "This address should have a green background"
        RenderBlock {s} at (0,26) size 784x14 [bgcolor=#00FF00]
          RenderText {#text} at (0,0) size 227x14
            text run at (0,0) width 227: "This paragraph should have a green background"
        RenderBlock {t} at (0,52) size 784x14 [bgcolor=#00FF00]
          RenderText {#text} at (0,0) size 227x14
            text run at (0,0) width 227: "This paragraph should have a green background"
        RenderBlock {u} at (0,78) size 784x14 [bgcolor=#00FF00]
          RenderText {#text} at (0,0) size 227x14
            text run at (0,0) width 227: "This paragraph should have a green background"
