layer at (0,0) size 800x600
  RenderView at (0,0) size 800x600
layer at (0,0) size 800x90
  RenderBlock {html} at (0,0) size 800x90
    RenderBody {body} at (8,12) size 784x66
      RenderBlock {div} at (0,0) size 784x66
        RenderBlock {div} at (0,0) size 784x66
          RenderBlock {p} at (0,0) size 784x14 [bgcolor=#FF0000]
            RenderText {#text} at (0,0) size 153x14
              text run at (0,0) width 153: "This line should be unstyled. (2)"
          RenderBlock {p} at (0,26) size 784x14
            RenderText {#text} at (0,0) size 217x14
              text run at (0,0) width 217: "This line should have a green background. (3)"
          RenderBlock {p} at (0,52) size 784x14
            RenderText {#text} at (0,0) size 213x14
              text run at (0,0) width 213: "This line should be unstyled. (4 moving to 1)"
