layer at (0,0) size 800x600
  RenderView at (0,0) size 800x600
layer at (0,0) size 800x38
  RenderBlock {html} at (0,0) size 800x38
    RenderBody {body} at (8,12) size 784x14
      RenderBlock {p} at (0,0) size 784x14 [color=#008000]
        RenderText {#text} at (0,0) size 298x14
          text run at (0,0) width 298: "This line should be green (there should be no red on this page)."
