layer at (0,0) size 800x600
  RenderView at (0,0) size 800x600
layer at (0,0) size 800x142
  RenderBlock {html} at (0,0) size 800x142
    RenderBody {body} at (8,12) size 784x118
      RenderBlock {p} at (0,0) size 784x14
        RenderText {#text} at (0,0) size 136x14
          text run at (0,0) width 136: "This line should be unstyled."
      RenderBlock {p} at (0,26) size 784x14 [bgcolor=#00FF00]
        RenderText {#text} at (0,0) size 200x14
          text run at (0,0) width 200: "This line should have a green background."
      RenderBlock {q} at (0,52) size 784x14 [bgcolor=#00FF00]
        RenderText {#text} at (0,0) size 200x14
          text run at (0,0) width 200: "This line should have a green background."
      RenderBlock {p} at (0,78) size 784x14
        RenderText {#text} at (0,0) size 136x14
          text run at (0,0) width 136: "This line should be unstyled."
      RenderBlock {p} at (0,104) size 784x14 [bgcolor=#00FF00]
        RenderText {#text} at (0,0) size 200x14
          text run at (0,0) width 200: "This line should have a green background."
