layer at (0,0) size 800x600
  RenderView at (0,0) size 800x600
layer at (0,0) size 800x86
  RenderBlock {html} at (0,0) size 800x86 [color=#00FF00]
    RenderBody {body} at (8,12) size 784x66
      RenderBlock {p} at (0,0) size 784x14 [color=#FF0000]
        RenderInline {span} at (0,0) size 346x14 [color=#00FF00]
          RenderText {#text} at (0,0) size 346x14
            text run at (0,0) width 268: "This paragraph, and all textual contents in the document, "
            text run at (268,0) width 78: "should be green."
        RenderText {#text} at (0,0) size 0x0
      RenderBlock {ul} at (0,26) size 784x14 [color=#FF0000]
        RenderListItem {li} at (40,0) size 744x14 [color=#00FF00]
          RenderListMarker at (-15,0) size 6x14: bullet
          RenderText {#text} at (0,0) size 125x14
            text run at (0,0) width 125: "This item should be green."
      RenderBlock (anonymous) at (0,52) size 784x14
        RenderInline {foo} at (0,0) size 337x14
          RenderText {#text} at (0,0) size 337x14
            text run at (0,0) width 244: "And this element, part of a non-HTML namespace, "
            text run at (244,0) width 93: "should be green too"
        RenderText {#text} at (0,0) size 0x0
