layer at (0,0) size 800x600
  RenderView at (0,0) size 800x600
layer at (0,0) size 800x64
  RenderBlock {html} at (0,0) size 800x64
    RenderBody {body} at (8,12) size 784x40
      RenderBlock {blockquote} at (40,0) size 704x14
        RenderBlock {div} at (0,0) size 704x14
          RenderText {#text} at (0,0) size 136x14
            text run at (0,0) width 136: "This text should be unstyled."
      RenderBlock {div} at (0,26) size 784x14
        RenderBlock {div} at (0,0) size 784x14
          RenderBlock {p} at (0,0) size 784x14 [color=#008000]
            RenderText {#text} at (0,0) size 122x14
              text run at (0,0) width 122: "This text should be green."
