layer at (0,0) size 800x600
  RenderView at (0,0) size 800x600
layer at (0,0) size 800x220
  RenderBlock {html} at (0,0) size 800x220
    RenderBody {body} at (8,12) size 784x196
      RenderBlock {div} at (0,0) size 784x196
        RenderBlock {div} at (0,0) size 784x92
          RenderBlock {p} at (0,0) size 784x14 [bgcolor=#00FF00]
            RenderText {#text} at (0,0) size 230x14
              text run at (0,0) width 230: "This paragraph should have a green background."
          RenderBlock {p} at (0,26) size 784x14 [bgcolor=#00FF00]
            RenderText {#text} at (0,0) size 230x14
              text run at (0,0) width 230: "This paragraph should have a green background."
          RenderBlock {p} at (0,52) size 784x14 [bgcolor=#00FF00]
            RenderText {#text} at (0,0) size 230x14
              text run at (0,0) width 230: "This paragraph should have a green background."
          RenderBlock {p} at (0,78) size 784x14 [bgcolor=#00FF00]
            RenderText {#text} at (0,0) size 230x14
              text run at (0,0) width 230: "This paragraph should have a green background."
        RenderBlock {address} at (0,104) size 784x14 [bgcolor=#00FF00]
          RenderText {#text} at (0,0) size 224x14
            text run at (0,0) width 224: "This address should have a green background."
        RenderBlock {s} at (0,130) size 784x14 [bgcolor=#00FF00]
          RenderText {#text} at (0,0) size 230x14
            text run at (0,0) width 230: "This paragraph should have a green background."
        RenderBlock {t} at (0,156) size 784x14 [bgcolor=#00FF00]
          RenderText {#text} at (0,0) size 230x14
            text run at (0,0) width 230: "This paragraph should have a green background."
        RenderBlock {u} at (0,182) size 784x14 [bgcolor=#00FF00]
          RenderText {#text} at (0,0) size 230x14
            text run at (0,0) width 230: "This paragraph should have a green background."
