layer at (0,0) size 800x600
  RenderView at (0,0) size 800x600
layer at (0,0) size 800x44
  RenderBlock {html} at (0,0) size 800x44
    RenderBody {body} at (8,8) size 784x28
      RenderBlock {tests} at (0,0) size 784x28 [color=#FF0000]
        RenderBlock {testA} at (0,0) size 784x14 [color=#008000]
          RenderText {#text} at (0,0) size 102x14
            text run at (0,0) width 102: "This should be green."
        RenderBlock {testB} at (0,14) size 784x14 [color=#008000]
          RenderText {#text} at (0,0) size 102x14
            text run at (0,0) width 102: "This should be green."
