layer at (0,0) size 800x600
  RenderView at (0,0) size 800x600
layer at (0,0) size 800x164
  RenderBlock {html} at (0,0) size 800x164
    RenderBody {body} at (8,12) size 784x140
      RenderBlock {p} at (0,0) size 784x140
        RenderInline (generated) at (0,0) size 15x26 [bgcolor=#00FF00]
          RenderText {#text} at (0,1) size 15x26
            text run at (0,1) width 15: "T"
        RenderText {#text} at (15,11) size 784x129
          text run at (15,11) width 382: "his very long paragraph should have a big first letter T with a green background. "
          text run at (397,11) width 387: "Dummy text. Dummy text. Dummy text. Dummy text. Dummy text. Dummy text."
          text run at (0,28) width 777: "Dummy text. Dummy text. Dummy text. Dummy text. Dummy text. Dummy text. Dummy text. Dummy text. Dummy text. Dummy text. Dummy text. Dummy text."
          text run at (0,42) width 777: "Dummy text. Dummy text. Dummy text. Dummy text. Dummy text. Dummy text. Dummy text. Dummy text. Dummy text. Dummy text. Dummy text. Dummy text."
          text run at (0,56) width 777: "Dummy text. Dummy text. Dummy text. Dummy text. Dummy text. Dummy text. Dummy text. Dummy text. Dummy text. Dummy text. Dummy text. Dummy text."
          text run at (0,70) width 777: "Dummy text. Dummy text. Dummy text. Dummy text. Dummy text. Dummy text. Dummy text. Dummy text. Dummy text. Dummy text. Dummy text. Dummy text."
          text run at (0,84) width 777: "Dummy text. Dummy text. Dummy text. Dummy text. Dummy text. Dummy text. Dummy text. Dummy text. Dummy text. Dummy text. Dummy text. Dummy text."
          text run at (0,98) width 777: "Dummy text. Dummy text. Dummy text. Dummy text. Dummy text. Dummy text. Dummy text. Dummy text. Dummy text. Dummy text. Dummy text. Dummy text."
          text run at (0,112) width 777: "Dummy text. Dummy text. Dummy text. Dummy text. Dummy text. Dummy text. Dummy text. Dummy text. Dummy text. Dummy text. Dummy text. Dummy text."
          text run at (0,126) width 322: "Dummy text. Dummy text. Dummy text. Dummy text. Dummy text."
