layer at (0,0) size 800x600
  RenderView at (0,0) size 800x600
layer at (0,0) size 800x310
  RenderBlock {html} at (0,0) size 800x310
    RenderBody {body} at (8,8) size 784x294
      RenderBlock (anonymous) at (0,0) size 784x0
        RenderInline {test} at (0,0) size 0x0
          RenderText {#text} at (0,0) size 0x0
      RenderBlock (anonymous) at (0,0) size 784x294
        RenderBlock {line} at (0,0) size 784x14
          RenderText {#text} at (0,0) size 136x14
            text run at (0,0) width 136: "This line should be unstyled."
        RenderBlock {line} at (0,14) size 784x14 [bgcolor=#00FF00]
          RenderText {#text} at (0,0) size 122x14
            text run at (0,0) width 122: "This line should be green."
        RenderBlock {line} at (0,28) size 784x14
          RenderText {#text} at (0,0) size 136x14
            text run at (0,0) width 136: "This line should be unstyled."
        RenderBlock {line} at (0,42) size 784x14
          RenderText {#text} at (0,0) size 136x14
            text run at (0,0) width 136: "This line should be unstyled."
        RenderBlock {line} at (0,56) size 784x14 [bgcolor=#00FF00]
          RenderText {#text} at (0,0) size 122x14
            text run at (0,0) width 122: "This line should be green."
        RenderBlock {line} at (0,70) size 784x14
          RenderText {#text} at (0,0) size 136x14
            text run at (0,0) width 136: "This line should be unstyled."
        RenderBlock {line} at (0,84) size 784x14
          RenderText {#text} at (0,0) size 136x14
            text run at (0,0) width 136: "This line should be unstyled."
        RenderBlock {line} at (0,98) size 784x14 [bgcolor=#00FF00]
          RenderText {#text} at (0,0) size 122x14
            text run at (0,0) width 122: "This line should be green."
        RenderBlock {line} at (0,112) size 784x14
          RenderText {#text} at (0,0) size 136x14
            text run at (0,0) width 136: "This line should be unstyled."
        RenderBlock {line} at (0,126) size 784x14
          RenderText {#text} at (0,0) size 136x14
            text run at (0,0) width 136: "This line should be unstyled."
        RenderBlock {line} at (0,140) size 784x14 [bgcolor=#00FF00]
          RenderText {#text} at (0,0) size 122x14
            text run at (0,0) width 122: "This line should be green."
        RenderBlock {line} at (0,154) size 784x14
          RenderText {#text} at (0,0) size 136x14
            text run at (0,0) width 136: "This line should be unstyled."
        RenderBlock {line} at (0,168) size 784x14
          RenderText {#text} at (0,0) size 136x14
            text run at (0,0) width 136: "This line should be unstyled."
        RenderBlock {line} at (0,182) size 784x14 [bgcolor=#00FF00]
          RenderText {#text} at (0,0) size 122x14
            text run at (0,0) width 122: "This line should be green."
        RenderBlock {line} at (0,196) size 784x14
          RenderText {#text} at (0,0) size 136x14
            text run at (0,0) width 136: "This line should be unstyled."
        RenderBlock {line} at (0,210) size 784x14
          RenderText {#text} at (0,0) size 136x14
            text run at (0,0) width 136: "This line should be unstyled."
        RenderBlock {line} at (0,224) size 784x14 [bgcolor=#00FF00]
          RenderText {#text} at (0,0) size 122x14
            text run at (0,0) width 122: "This line should be green."
        RenderBlock {line} at (0,238) size 784x14
          RenderText {#text} at (0,0) size 136x14
            text run at (0,0) width 136: "This line should be unstyled."
        RenderBlock {line} at (0,252) size 784x14
          RenderText {#text} at (0,0) size 136x14
            text run at (0,0) width 136: "This line should be unstyled."
        RenderBlock {line} at (0,266) size 784x14 [bgcolor=#00FF00]
          RenderText {#text} at (0,0) size 122x14
            text run at (0,0) width 122: "This line should be green."
        RenderBlock {line} at (0,280) size 784x14
          RenderText {#text} at (0,0) size 136x14
            text run at (0,0) width 136: "This line should be unstyled."
      RenderBlock (anonymous) at (0,294) size 784x0
        RenderInline {test} at (0,0) size 0x0
        RenderText {#text} at (0,0) size 0x0
