layer at (0,0) size 800x600
  RenderView at (0,0) size 800x600
layer at (0,0) size 800x114
  RenderBlock {html} at (0,0) size 800x114
    RenderBody {body} at (8,8) size 784x98
      RenderBlock {tests} at (0,0) size 784x98 [color=#FF0000]
        RenderBlock {testA} at (0,0) size 784x14 [color=#008000]
          RenderText {#text} at (0,0) size 102x14
            text run at (0,0) width 102: "This should be green."
        RenderBlock {testB} at (0,14) size 784x14 [color=#008000]
          RenderText {#text} at (0,0) size 102x14
            text run at (0,0) width 102: "This should be green."
        RenderBlock {testC} at (0,28) size 784x14 [color=#008000]
          RenderText {#text} at (0,0) size 102x14
            text run at (0,0) width 102: "This should be green."
        RenderBlock {testD} at (0,42) size 784x14 [color=#008000]
          RenderText {#text} at (0,0) size 102x14
            text run at (0,0) width 102: "This should be green."
        RenderBlock {testE} at (0,56) size 784x14 [color=#008000]
          RenderText {#text} at (0,0) size 102x14
            text run at (0,0) width 102: "This should be green."
        RenderBlock {testF} at (0,70) size 784x14 [color=#008000]
          RenderText {#text} at (0,0) size 102x14
            text run at (0,0) width 102: "This should be green."
        RenderBlock {testG} at (0,84) size 784x14 [color=#008000]
          RenderText {#text} at (0,0) size 102x14
            text run at (0,0) width 102: "This should be green."
