layer at (0,0) size 800x600
  RenderView at (0,0) size 800x600
layer at (0,0) size 800x70
  RenderBlock {html} at (0,0) size 800x70
    RenderBody {body} at (8,12) size 784x50
      RenderBlock {div} at (0,0) size 784x50
        RenderBlock {p} at (0,0) size 784x14
          RenderText {#text} at (0,0) size 166x14
            text run at (0,0) width 166: "The following bar should be green."
        RenderBlock {div} at (0,26) size 784x0
        RenderBlock {div} at (0,26) size 784x0
        RenderBlock {div} at (0,26) size 784x24
          RenderBlock {div} at (0,0) size 784x24
            RenderBlock {div} at (0,0) size 784x24
              RenderBlock {div} at (0,0) size 784x24 [bgcolor=#FF0000]
