layer at (0,0) size 800x600
  RenderView at (0,0) size 800x600
layer at (0,0) size 800x38
  RenderBlock {html} at (0,0) size 800x38
    RenderBody {body} at (8,12) size 784x14
      RenderBlock {p} at (0,0) size 784x14 [bgcolor=#00FF00]
        RenderText {#text} at (0,0) size 152x14
          text run at (0,0) width 152: "This paragraph should be green."
