layer at (0,0) size 800x600
  RenderView at (0,0) size 800x600
layer at (0,0) size 800x90
  RenderBlock {html} at (0,0) size 800x90
    RenderBody {body} at (8,12) size 784x66
      RenderBlock {div} at (0,0) size 784x66
        RenderBlock {p} at (0,0) size 784x14 [bgcolor=#00FF00]
          RenderText {#text} at (0,0) size 222x14
            text run at (0,0) width 222: "This paragraph should have green background."
        RenderBlock {address} at (0,26) size 784x14
          RenderText {#text} at (0,0) size 171x14
            text run at (0,0) width 171: "But this address should be unstyled."
        RenderBlock {p} at (0,52) size 784x14 [bgcolor=#00FF00]
          RenderText {#text} at (0,0) size 222x14
            text run at (0,0) width 222: "This paragraph should have green background."
