layer at (0,0) size 980x735
  RenderView at (0,0) size 980x735
layer at (0,0) size 980x735
  RenderBlock {HTML} at (0,0) size 980x735
    RenderBody {BODY} at (8,8) size 964x711
      RenderBlock {DL} at (0,0) size 964x38
        RenderBlock {DT} at (0,0) size 964x19
          RenderText {#text} at (0,0) size 71x19
            text run at (0,0) width 71: "Line One"
        RenderBlock {DT} at (0,19) size 964x19
          RenderText {#text} at (0,0) size 38x19
            text run at (0,0) width 38: "Line "
          RenderInline {SPAN} at (0,0) size 33x19
            RenderText {#text} at (38,0) size 33x19
              text run at (38,0) width 33: "Two"
