layer at (0,0) size 800x600
  RenderView at (0,0) size 800x600
layer at (0,0) size 800x600
  RenderBlock {HTML} at (0,0) size 800x600
    RenderBody {BODY} at (8,8) size 784x584
      RenderBlock {DIV} at (0,0) size 784x57 [border: (2px solid #FF0000)]
        RenderText {#text} at (2,41) size 118x14
          text run at (2,41) width 118: "This image has a margin "
        RenderImage {IMG} at (170,2) size 50x50 [bgcolor=#008000]
        RenderText {#text} at (270,41) size 27x14
          text run at (270,41) width 27: " on it."
