layer at (0,0) size 800x600
  RenderView at (0,0) size 800x600
layer at (0,0) size 800x600
  RenderBlock {HTML} at (0,0) size 800x600
    RenderBody {BODY} at (8,8) size 784x584
      RenderText {#text} at (0,0) size 33x14
        text run at (0,0) width 33: "Line 1 "
      RenderInline {SPAN} at (0,0) size 33x14
        RenderText {#text} at (0,0) size 0x0
        RenderInline {SPAN} at (0,0) size 30x14
          RenderText {#text} at (33,1) size 30x14
            text run at (33,1) width 30: "Line 2"
        RenderText {#text} at (63,0) size 3x14
          text run at (63,0) width 3: " "
      RenderText {#text} at (66,0) size 30x14
        text run at (66,0) width 30: "Line 3"
