layer at (0,0) size 800x600
  RenderView at (0,0) size 800x600
layer at (0,0) size 800x600
  RenderBlock {HTML} at (0,0) size 800x600
    RenderBody {BODY} at (8,8) size 784x584
      RenderBlock {DIV} at (0,0) size 784x28
        RenderText {#text} at (0,0) size 763x28
          text run at (0,0) width 763: "This tests for a bug (https://bugs.webkit.org/show_bug.cgi?id=25277) where a caret at the end of a non-wrapping line that extends outside of the containing block"
          text run at (0,14) width 186: "would paint over part of the focus halo."
      RenderBlock {DIV} at (0,28) size 50x14
        RenderText {#text} at (0,0) size 196x14
          text run at (0,0) width 196: "The caret should be at the end of this line."
caret: position 44 of child 0 {#text} of child 2 {DIV} of body
