layer at (0,0) size 800x600
  RenderView at (0,0) size 800x600
layer at (0,0) size 800x78
  RenderBlock {HTML} at (0,0) size 800x78
    RenderBody {BODY} at (8,12) size 784x54
      RenderBlock {P} at (0,0) size 784x28
        RenderInline {SPAN} at (0,0) size 348x28
          RenderBR {BR} at (0,0) size 0x14
          RenderText {#text} at (0,14) size 348x14
            text run at (0,14) width 348: "There shouldn\x{2019}t be a black dot or line above the first letter of this sentence"
        RenderText {#text} at (348,14) size 3x14
          text run at (348,14) width 3: "."
      RenderBlock {P} at (0,40) size 784x14
        RenderText {#text} at (0,0) size 40x14
          text run at (0,0) width 40: "Test for "
        RenderInline {I} at (0,0) size 489x14
          RenderInline {A} at (0,0) size 226x14 [color=#0000EE]
            RenderText {#text} at (40,0) size 226x14
              text run at (40,0) width 226: "http://bugs.webkit.org/show_bug.cgi?id=14245"
          RenderText {#text} at (266,0) size 263x14
            text run at (266,0) width 3: " "
            text run at (269,0) width 260: "Underline painted under <br>, not repainted properly"
        RenderText {#text} at (529,0) size 3x14
          text run at (529,0) width 3: "."
