layer at (0,0) size 800x600
  RenderView at (0,0) size 800x600
layer at (0,0) size 800x600
  RenderBlock {HTML} at (0,0) size 800x600
    RenderBody {BODY} at (8,12) size 784x574
      RenderBlock {DIV} at (0,0) size 784x14
        RenderText {#text} at (0,0) size 120x14
          text run at (0,0) width 120: "Outline ring painting test."
      RenderBlock {DIV} at (0,26) size 784x72
        RenderBlock (anonymous) at (0,0) size 784x14
          RenderInline {SPAN} at (0,0) size 73x14
            RenderText {#text} at (0,0) size 73x14
              text run at (0,0) width 73: "Content before."
        RenderBlock (anonymous) at (0,28) size 784x16
          RenderBlock {H3} at (0,0) size 784x16
            RenderText {#text} at (0,0) size 111x15
              text run at (0,0) width 111: "Bold with margin."
        RenderBlock (anonymous) at (0,58) size 784x14
          RenderInline {SPAN} at (0,0) size 61x14
            RenderText {#text} at (0,0) size 61x14
              text run at (0,0) width 61: "Content after"
      RenderBlock {DIV} at (0,112) size 784x44
        RenderBlock (anonymous) at (0,0) size 784x0
          RenderInline {SPAN} at (0,0) size 0x0
        RenderBlock (anonymous) at (0,0) size 784x16
          RenderBlock {H3} at (0,0) size 784x16
            RenderText {#text} at (0,0) size 112x15
              text run at (0,0) width 112: "No content before."
        RenderBlock (anonymous) at (0,30) size 784x14
          RenderInline {SPAN} at (0,0) size 64x14
            RenderText {#text} at (0,0) size 64x14
              text run at (0,0) width 64: "Content after."
      RenderBlock {DIV} at (0,168) size 784x44
        RenderBlock (anonymous) at (0,0) size 784x14
          RenderInline {SPAN} at (0,0) size 70x14
            RenderText {#text} at (0,0) size 70x14
              text run at (0,0) width 70: "Content before"
        RenderBlock (anonymous) at (0,28) size 784x16
          RenderBlock {H3} at (0,0) size 784x16
            RenderText {#text} at (0,0) size 132x15
              text run at (0,0) width 132: "But No Content After"
        RenderBlock (anonymous) at (0,58) size 784x0
          RenderInline {SPAN} at (0,0) size 0x0
      RenderBlock {DIV} at (0,226) size 784x16
        RenderBlock (anonymous) at (0,0) size 784x0
          RenderInline {SPAN} at (0,0) size 0x0
        RenderBlock (anonymous) at (0,0) size 784x16
          RenderBlock {H3} at (0,0) size 784x16
            RenderText {#text} at (0,0) size 162x15
              text run at (0,0) width 162: "No content before or after."
        RenderBlock (anonymous) at (0,30) size 784x0
          RenderInline {SPAN} at (0,0) size 0x0
