layer at (0,0) size 800x600
  RenderView at (0,0) size 800x600
layer at (0,0) size 800x600
  RenderBlock {HTML} at (0,0) size 800x600
    RenderBody {BODY} at (8,8) size 784x580
      RenderBlock {DIV} at (0,0) size 784x14
        RenderText {#text} at (0,0) size 415x14
          text run at (0,0) width 415: "This test verifies that we draw borders and and backgrounds for inlines without content."
      RenderBlock (anonymous) at (0,14) size 784x14
        RenderBR {BR} at (0,0) size 0x14
      RenderBlock {DIV} at (0,28) size 784x14
        RenderText {#text} at (0,0) size 186x14
          text run at (0,0) width 186: "There should be two blue boxes below:"
      RenderBlock (anonymous) at (0,42) size 784x98
        RenderInline {A} at (0,0) size 15x20 [color=#0000EE] [border: (3px solid #0000EE)]
        RenderText {#text} at (0,0) size 0x0
        RenderInline {A} at (0,0) size 24x20 [color=#0000EE] [border: (3px solid #0000EE)]
          RenderText {#text} at (23,0) size 9x14
            text run at (23,0) width 9: "A"
        RenderText {#text} at (39,0) size 3x14
          text run at (39,0) width 3: " "
        RenderBR {BR} at (0,0) size 0x0
        RenderBR {BR} at (0,14) size 0x14
        RenderText {#text} at (0,28) size 195x14
          text run at (0,28) width 195: "There should be a blue box after this text:"
        RenderInline {A} at (0,0) size 10x24 [bgcolor=#0000FF]
        RenderText {#text} at (205,28) size 3x14
          text run at (205,28) width 3: " "
        RenderBR {BR} at (208,39) size 0x0
        RenderInline {A} at (0,0) size 10x24 [bgcolor=#0000FF]
        RenderText {#text} at (10,42) size 207x14
          text run at (10,42) width 207: "There should be a blue box before this text. "
        RenderBR {BR} at (0,0) size 0x0
        RenderBR {BR} at (0,56) size 0x14
        RenderInline {A} at (0,0) size 10x24
        RenderText {#text} at (10,70) size 242x14
          text run at (10,70) width 242: "There should be 10px of space left before this text. "
        RenderBR {BR} at (0,0) size 0x0
        RenderBR {BR} at (0,84) size 0x14
      RenderBlock {P} at (0,152) size 784x28
        RenderText {#text} at (0,0) size 143x14
          text run at (0,0) width 143: "This text is before the anchor. "
        RenderInline {A} at (0,0) size 0x0
        RenderText {#text} at (143,0) size 770x28
          text run at (143,0) width 307: "This text is after the anchor, but should be flush with the anchor. "
          text run at (450,0) width 320: "There should be no spaces in between the anchor and this following"
          text run at (0,14) width 20: "text."
      RenderBlock {P} at (0,192) size 784x14
        RenderInline {A} at (0,0) size 539x14
          RenderText {#text} at (0,0) size 539x14
            text run at (0,0) width 539: "This text should be flush with the anchor. There should not be a space between the anchor and the text on this line."
        RenderInline {A} at (0,0) size 0x0
          RenderText {#text} at (0,0) size 0x0
