layer at (0,0) size 800x600
  RenderView at (0,0) size 800x600
layer at (0,0) size 800x600
  RenderBlock {HTML} at (0,0) size 800x600
    RenderBody {BODY} at (8,8) size 784x580
      RenderBlock {DIV} at (0,0) size 784x14
        RenderText {#text} at (0,0) size 342x14
          text run at (0,0) width 342: "This test demonstrates our behavior regarding empty inlines in list items."
      RenderBlock {UL} at (0,26) size 784x70
        RenderListItem {LI} at (40,0) size 744x14
          RenderListMarker at (-15,0) size 6x14: bullet
          RenderInline {SPAN} at (0,0) size 4x18 [border: (2px solid #FF0000)]
        RenderListItem {LI} at (40,14) size 744x14
          RenderListMarker at (-15,0) size 6x14: bullet
          RenderInline {SPAN} at (0,0) size 8x22 [border: (2px solid #FF0000)]
          RenderText {#text} at (8,0) size 21x14
            text run at (8,0) width 21: "Text"
        RenderListItem {LI} at (40,28) size 744x14
          RenderListMarker at (-15,0) size 6x14: bullet
          RenderText {#text} at (0,0) size 66x14
            text run at (0,0) width 66: "TextTextText "
          RenderInline {SPAN} at (0,0) size 8x22 [border: (2px solid #FF0000)]
        RenderBlock (anonymous) at (40,42) size 744x14
          RenderInline {SPAN} at (0,0) size 8x22 [border: (2px solid #FF0000)]
        RenderListItem {LI} at (40,56) size 744x14
          RenderListMarker at (-15,0) size 6x14: bullet
          RenderText {#text} at (0,0) size 21x14
            text run at (0,0) width 21: "Text"
