layer at (0,0) size 800x600
  RenderView at (0,0) size 800x600
layer at (0,0) size 800x32
  RenderBlock {HTML} at (0,0) size 800x32
    RenderBody {BODY} at (8,8) size 784x16
      RenderBlock {DIV} at (0,0) size 322x16 [border: (1px solid #FF0000)]
        RenderInline {SPAN} at (0,0) size 278x16 [border: (1px solid #008000)]
          RenderText {#text} at (2,1) size 11x14
            text run at (2,1) width 11: "-- "
          RenderInline {SPAN} at (0,0) size 250x14
            RenderText {#text} at (13,1) size 11x14
              text run at (13,1) width 11: "-- "
            RenderInline {SPAN} at (0,0) size 239x14
              RenderText {#text} at (24,1) size 11x14
                text run at (24,1) width 11: "-- "
              RenderInline {SPAN} at (0,0) size 228x14
                RenderText {#text} at (35,1) size 11x14
                  text run at (35,1) width 11: "-- "
                RenderInline {SPAN} at (0,0) size 217x14
                  RenderText {#text} at (46,1) size 11x14
                    text run at (46,1) width 11: "-- "
                  RenderInline {SPAN} at (0,0) size 206x14
                    RenderText {#text} at (57,1) size 11x14
                      text run at (57,1) width 11: "-- "
                    RenderInline {SPAN} at (0,0) size 195x14
                      RenderText {#text} at (68,1) size 11x14
                        text run at (68,1) width 11: "-- "
                      RenderInline {SPAN} at (0,0) size 184x14
                        RenderText {#text} at (79,1) size 11x14
                          text run at (79,1) width 11: "-- "
                        RenderInline {SPAN} at (0,0) size 173x14
                          RenderText {#text} at (90,1) size 11x14
                            text run at (90,1) width 11: "-- "
                          RenderInline {SPAN} at (0,0) size 162x14
                            RenderText {#text} at (101,1) size 11x14
                              text run at (101,1) width 11: "-- "
                            RenderInline {SPAN} at (0,0) size 151x14
                              RenderText {#text} at (112,1) size 11x14
                                text run at (112,1) width 11: "-- "
                              RenderInline {SPAN} at (0,0) size 140x14
                                RenderText {#text} at (123,1) size 11x14
                                  text run at (123,1) width 11: "-- "
                                RenderInline {SPAN} at (0,0) size 129x14
                                  RenderText {#text} at (134,1) size 11x14
                                    text run at (134,1) width 11: "-- "
                                  RenderInline {SPAN} at (0,0) size 118x14
                                    RenderText {#text} at (145,1) size 11x14
                                      text run at (145,1) width 11: "-- "
                                    RenderInline {SPAN} at (0,0) size 107x14
                                      RenderText {#text} at (156,1) size 11x14
                                        text run at (156,1) width 11: "-- "
                                      RenderInline {SPAN} at (0,0) size 96x14
                                        RenderText {#text} at (167,1) size 11x14
                                          text run at (167,1) width 11: "-- "
                                        RenderInline {SPAN} at (0,0) size 85x14
                                          RenderText {#text} at (178,1) size 11x14
                                            text run at (178,1) width 11: "-- "
                                          RenderInline {SPAN} at (0,0) size 74x14
                                            RenderText {#text} at (189,1) size 11x14
                                              text run at (189,1) width 11: "-- "
                                            RenderInline {SPAN} at (0,0) size 63x14
                                              RenderText {#text} at (200,1) size 11x14
                                                text run at (200,1) width 11: "-- "
                                              RenderInline {SPAN} at (0,0) size 52x14
                                                RenderText {#text} at (211,1) size 11x14
                                                  text run at (211,1) width 11: "-- "
                                                RenderInline {SPAN} at (0,0) size 41x14
                                                  RenderText {#text} at (222,1) size 11x14
                                                    text run at (222,1) width 11: "-- "
                                                  RenderInline {SPAN} at (0,0) size 30x14
                                                    RenderText {#text} at (233,1) size 11x14
                                                      text run at (233,1) width 11: "-- "
                                                    RenderInline {SPAN} at (0,0) size 19x14
                                                      RenderText {#text} at (244,1) size 11x14
                                                        text run at (244,1) width 11: "-- "
                                                      RenderInline {SPAN} at (0,0) size 8x14
                                                        RenderText {#text} at (255,1) size 8x14
                                                          text run at (255,1) width 8: "--"
        RenderText {#text} at (0,0) size 0x0
