layer at (0,0) size 800x600
  RenderView at (0,0) size 800x600
layer at (0,0) size 800x600
  RenderBlock {HTML} at (0,0) size 800x600
    RenderBody {BODY} at (8,8) size 784x584
      RenderInline {SPAN} at (0,0) size 200x14
        RenderText {#text} at (196,0) size 200x14
          text run at (196,0) width 200: "This span has 25% margins on either side."
      RenderText {#text} at (592,0) size 22x14
        text run at (592,0) width 22: "See?"
