layer at (0,0) size 800x600
  RenderView at (0,0) size 800x600
layer at (0,0) size 800x301
  RenderBlock {HTML} at (0,0) size 800x301
    RenderBody {BODY} at (8,8) size 784x285
      RenderBlock {DIV} at (0,0) size 784x34 [bgcolor=#CCCCCC]
        RenderInline {SPAN} at (0,0) size 45x16 [bgcolor=#FF0000]
          RenderText {#text} at (0,17) size 45x16
            text run at (0,17) width 45: "small"
        RenderText {#text} at (45,20) size 7x14
          text run at (45,20) width 7: " "
        RenderInline {SPAN} at (0,0) size 54x34 [bgcolor=#FF0000]
          RenderText {#text} at (52,0) size 54x34
            text run at (52,0) width 54: "BIG"
        RenderText {#text} at (0,0) size 0x0
      RenderBlock {DIV} at (0,38) size 784x143 [bgcolor=#CCCCCC]
        RenderInline {SPAN} at (0,0) size 45x16 [bgcolor=#FF0000]
          RenderText {#text} at (0,42) size 45x16
            text run at (0,42) width 45: "small"
        RenderText {#text} at (45,86) size 7x14
          text run at (45,86) width 7: " "
        RenderInline {SPAN} at (0,0) size 54x34 [bgcolor=#FF0000]
          RenderText {#text} at (52,33) size 54x34
            text run at (52,33) width 54: "BIG"
        RenderText {#text} at (0,0) size 0x0
      RenderBlock {DIV} at (0,185) size 784x100 [bgcolor=#CCCCCC]
        RenderInline {SPAN} at (0,0) size 45x16 [bgcolor=#FF0000]
          RenderText {#text} at (0,17) size 45x16
            text run at (0,17) width 45: "small"
        RenderText {#text} at (45,20) size 7x14
          text run at (45,20) width 7: " "
        RenderInline {SPAN} at (0,0) size 54x34 [bgcolor=#FF0000]
          RenderText {#text} at (52,0) size 54x34
            text run at (52,0) width 54: "BIG"
        RenderText {#text} at (0,0) size 0x0
