layer at (0,0) size 980x735
  RenderView at (0,0) size 980x735
layer at (0,0) size 980x735
  RenderBlock {HTML} at (0,0) size 980x735
    RenderBody {BODY} at (8,8) size 956x719
layer at (812,8) size 160x719
  RenderBlock {P} at (0,0) size 160x719 [border: (10px solid #800000)]
    RenderText {#text} at (30,30) size 19x203
      text run at (30,30) width 203: "This is some column text."
    RenderBR {BR} at (45,233) size 0x0
    RenderText {#text} at (49,30) size 19x203
      text run at (49,30) width 203: "This is some column text."
    RenderBR {BR} at (64,233) size 0x0
    RenderText {#text} at (68,30) size 19x203
      text run at (68,30) width 203: "This is some column text."
    RenderBR {BR} at (83,233) size 0x0
    RenderText {#text} at (87,30) size 19x203
      text run at (87,30) width 203: "This is some column text."
    RenderBR {BR} at (102,233) size 0x0
    RenderText {#text} at (106,30) size 19x203
      text run at (106,30) width 203: "This is some column text."
    RenderBR {BR} at (121,233) size 0x0
    RenderText {#text} at (130,30) size 19x203
      text run at (130,30) width 203: "This is some column text."
    RenderBR {BR} at (145,233) size 0x0
    RenderText {#text} at (149,30) size 19x203
      text run at (149,30) width 203: "This is some column text."
    RenderBR {BR} at (164,233) size 0x0
    RenderText {#text} at (168,30) size 19x203
      text run at (168,30) width 203: "This is some column text."
    RenderBR {BR} at (183,233) size 0x0
    RenderText {#text} at (187,30) size 19x203
      text run at (187,30) width 203: "This is some column text."
    RenderBR {BR} at (202,233) size 0x0
    RenderText {#text} at (206,30) size 19x203
      text run at (206,30) width 203: "This is some column text."
    RenderBR {BR} at (221,233) size 0x0
    RenderText {#text} at (230,30) size 19x203
      text run at (230,30) width 203: "This is some column text."
    RenderBR {BR} at (245,233) size 0x0
    RenderText {#text} at (249,30) size 19x203
      text run at (249,30) width 203: "This is some column text."
    RenderBR {BR} at (264,233) size 0x0
    RenderText {#text} at (268,30) size 19x203
      text run at (268,30) width 203: "This is some column text."
    RenderBR {BR} at (283,233) size 0x0
layer at (636,8) size 160x719
  RenderBlock {P} at (176,0) size 160x719 [border: (10px solid #800000)]
    RenderText {#text} at (30,36) size 19x203
      text run at (30,36) width 5 RTL: "."
      text run at (30,41) width 198: "This is some column text"
    RenderBR {BR} at (45,36) size 0x0
    RenderText {#text} at (49,36) size 19x203
      text run at (49,36) width 5 RTL: "."
      text run at (49,41) width 198: "This is some column text"
    RenderBR {BR} at (64,36) size 0x0
    RenderText {#text} at (68,36) size 19x203
      text run at (68,36) width 5 RTL: "."
      text run at (68,41) width 198: "This is some column text"
    RenderBR {BR} at (83,36) size 0x0
    RenderText {#text} at (87,36) size 19x203
      text run at (87,36) width 5 RTL: "."
      text run at (87,41) width 198: "This is some column text"
    RenderBR {BR} at (102,36) size 0x0
    RenderText {#text} at (106,36) size 19x203
      text run at (106,36) width 5 RTL: "."
      text run at (106,41) width 198: "This is some column text"
    RenderBR {BR} at (121,36) size 0x0
    RenderText {#text} at (130,36) size 19x203
      text run at (130,36) width 5 RTL: "."
      text run at (130,41) width 198: "This is some column text"
    RenderBR {BR} at (145,36) size 0x0
    RenderText {#text} at (149,36) size 19x203
      text run at (149,36) width 5 RTL: "."
      text run at (149,41) width 198: "This is some column text"
    RenderBR {BR} at (164,36) size 0x0
    RenderText {#text} at (168,36) size 19x203
      text run at (168,36) width 5 RTL: "."
      text run at (168,41) width 198: "This is some column text"
    RenderBR {BR} at (183,36) size 0x0
    RenderText {#text} at (187,36) size 19x203
      text run at (187,36) width 5 RTL: "."
      text run at (187,41) width 198: "This is some column text"
    RenderBR {BR} at (202,36) size 0x0
    RenderText {#text} at (206,36) size 19x203
      text run at (206,36) width 5 RTL: "."
      text run at (206,41) width 198: "This is some column text"
    RenderBR {BR} at (221,36) size 0x0
    RenderText {#text} at (230,36) size 19x203
      text run at (230,36) width 5 RTL: "."
      text run at (230,41) width 198: "This is some column text"
    RenderBR {BR} at (245,36) size 0x0
    RenderText {#text} at (249,36) size 19x203
      text run at (249,36) width 5 RTL: "."
      text run at (249,41) width 198: "This is some column text"
    RenderBR {BR} at (264,36) size 0x0
    RenderText {#text} at (268,36) size 19x203
      text run at (268,36) width 5 RTL: "."
      text run at (268,41) width 198: "This is some column text"
    RenderBR {BR} at (283,36) size 0x0
