layer at (0,0) size 980x1208
  RenderView at (0,0) size 980x735
layer at (0,0) size 980x735
  RenderBlock {HTML} at (0,0) size 980x735
    RenderBody {BODY} at (8,8) size 964x1200
layer at (568,8) size 404x1200
  RenderBlock {DIV} at (0,0) size 404x1200 [border: (2px solid #000000)]
    RenderText {#text} at (2,2) size 19x139
      text run at (2,2) width 139: "This is some text."
    RenderBR {BR} at (17,141) size 0x0
    RenderText {#text} at (21,2) size 19x139
      text run at (21,2) width 139: "This is some text."
    RenderBR {BR} at (36,141) size 0x0
    RenderText {#text} at (40,2) size 19x139
      text run at (40,2) width 139: "This is some text."
    RenderBR {BR} at (55,141) size 0x0
    RenderText {#text} at (59,2) size 19x139
      text run at (59,2) width 139: "This is some text."
    RenderBR {BR} at (74,141) size 0x0
    RenderText {#text} at (78,2) size 19x139
      text run at (78,2) width 139: "This is some text."
    RenderBR {BR} at (93,141) size 0x0
    RenderText {#text} at (97,2) size 19x139
      text run at (97,2) width 139: "This is some text."
    RenderBR {BR} at (112,141) size 0x0
    RenderText {#text} at (116,2) size 19x139
      text run at (116,2) width 139: "This is some text."
    RenderBR {BR} at (131,141) size 0x0
    RenderText {#text} at (135,2) size 19x139
      text run at (135,2) width 139: "This is some text."
    RenderBR {BR} at (150,141) size 0x0
    RenderText {#text} at (154,2) size 19x139
      text run at (154,2) width 139: "This is some text."
    RenderBR {BR} at (169,141) size 0x0
    RenderText {#text} at (173,2) size 19x139
      text run at (173,2) width 139: "This is some text."
    RenderBR {BR} at (188,141) size 0x0
    RenderImage {IMG} at (402,2) size 300x250 [bgcolor=#008000]
    RenderText {#text} at (402,252) size 38x98
      text run at (402,252) width 98: "This is some"
      text run at (421,252) width 36: "text."
    RenderBR {BR} at (436,288) size 0x0
    RenderText {#text} at (440,252) size 38x98
      text run at (440,252) width 98: "This is some"
      text run at (459,252) width 36: "text."
    RenderBR {BR} at (474,288) size 0x0
    RenderText {#text} at (478,252) size 38x98
      text run at (478,252) width 98: "This is some"
      text run at (497,252) width 36: "text."
    RenderBR {BR} at (512,288) size 0x0
    RenderText {#text} at (516,252) size 38x98
      text run at (516,252) width 98: "This is some"
      text run at (535,252) width 36: "text."
    RenderBR {BR} at (550,288) size 0x0
    RenderText {#text} at (554,252) size 38x98
      text run at (554,252) width 98: "This is some"
      text run at (573,252) width 36: "text."
    RenderBR {BR} at (588,288) size 0x0
    RenderText {#text} at (592,252) size 38x98
      text run at (592,252) width 98: "This is some"
      text run at (611,252) width 36: "text."
    RenderBR {BR} at (626,288) size 0x0
    RenderText {#text} at (630,252) size 38x98
      text run at (630,252) width 98: "This is some"
      text run at (649,252) width 36: "text."
    RenderBR {BR} at (664,288) size 0x0
    RenderText {#text} at (668,252) size 38x98
      text run at (668,252) width 98: "This is some"
      text run at (687,252) width 36: "text."
    RenderBR {BR} at (702,288) size 0x0
    RenderText {#text} at (706,2) size 19x139
      text run at (706,2) width 139: "This is some text."
    RenderBR {BR} at (721,141) size 0x0
    RenderText {#text} at (725,2) size 19x139
      text run at (725,2) width 139: "This is some text."
    RenderBR {BR} at (740,141) size 0x0
    RenderText {#text} at (744,2) size 19x139
      text run at (744,2) width 139: "This is some text."
    RenderBR {BR} at (759,141) size 0x0
    RenderText {#text} at (763,2) size 19x139
      text run at (763,2) width 139: "This is some text."
    RenderBR {BR} at (778,141) size 0x0
    RenderText {#text} at (782,2) size 19x139
      text run at (782,2) width 139: "This is some text."
    RenderBR {BR} at (797,141) size 0x0
    RenderText {#text} at (802,2) size 19x139
      text run at (802,2) width 139: "This is some text."
    RenderBR {BR} at (817,141) size 0x0
    RenderText {#text} at (821,2) size 19x139
      text run at (821,2) width 139: "This is some text."
    RenderBR {BR} at (836,141) size 0x0
    RenderText {#text} at (840,2) size 19x139
      text run at (840,2) width 139: "This is some text."
    RenderBR {BR} at (855,141) size 0x0
    RenderText {#text} at (859,2) size 19x139
      text run at (859,2) width 139: "This is some text."
    RenderBR {BR} at (874,141) size 0x0
    RenderText {#text} at (878,2) size 19x139
      text run at (878,2) width 139: "This is some text."
    RenderBR {BR} at (893,141) size 0x0
    RenderText {#text} at (897,2) size 19x139
      text run at (897,2) width 139: "This is some text."
    RenderBR {BR} at (912,141) size 0x0
    RenderText {#text} at (916,2) size 19x139
      text run at (916,2) width 139: "This is some text."
    RenderBR {BR} at (931,141) size 0x0
    RenderText {#text} at (935,2) size 19x139
      text run at (935,2) width 139: "This is some text."
    RenderBR {BR} at (950,141) size 0x0
    RenderText {#text} at (954,2) size 19x139
      text run at (954,2) width 139: "This is some text."
    RenderBR {BR} at (969,141) size 0x0
    RenderText {#text} at (973,2) size 19x139
      text run at (973,2) width 139: "This is some text."
    RenderBR {BR} at (988,141) size 0x0
    RenderText {#text} at (992,2) size 19x139
      text run at (992,2) width 139: "This is some text."
    RenderBR {BR} at (1007,141) size 0x0
    RenderText {#text} at (1011,2) size 19x139
      text run at (1011,2) width 139: "This is some text."
    RenderBR {BR} at (1026,141) size 0x0
    RenderText {#text} at (1030,2) size 19x139
      text run at (1030,2) width 139: "This is some text."
    RenderBR {BR} at (1045,141) size 0x0
    RenderText {#text} at (1049,2) size 19x139
      text run at (1049,2) width 139: "This is some text."
    RenderBR {BR} at (1064,141) size 0x0
    RenderText {#text} at (1068,2) size 19x139
      text run at (1068,2) width 139: "This is some text."
    RenderBR {BR} at (1083,141) size 0x0
    RenderText {#text} at (1087,2) size 19x139
      text run at (1087,2) width 139: "This is some text."
    RenderBR {BR} at (1102,141) size 0x0
    RenderText {#text} at (1106,2) size 19x139
      text run at (1106,2) width 139: "This is some text."
    RenderBR {BR} at (1121,141) size 0x0
