layer at (0,0) size 980x735
  RenderView at (0,0) size 980x735
layer at (0,0) size 980x735
  RenderBlock {HTML} at (0,0) size 980x735
    RenderBody {BODY} at (8,8) size 964x719
      RenderBlock {P} at (0,0) size 964x19
        RenderText {#text} at (0,0) size 331x19
          text run at (0,0) width 331: "Tests: the TABLE.createCaption() method"
        RenderBR {BR} at (331,15) size 0x0
      RenderBlock {P} at (0,35) size 964x57
        RenderText {#text} at (0,0) size 88x19
          text run at (0,0) width 88: "Conditions:"
        RenderBR {BR} at (88,15) size 0x0
        RenderText {#text} at (0,19) size 908x38
          text run at (0,19) width 882: "If no caption exists, the method should create an empty caption, add it to the table, and return a pointer to it. "
          text run at (882,19) width 26: "If a"
          text run at (0,38) width 477: "caption does exist, the method should return a pointer to it."
      RenderBlock {P} at (0,108) size 964x38
        RenderText {#text} at (0,0) size 416x19
          text run at (0,0) width 416: "If successful, the first table should have the caption "
        RenderInline {B} at (0,0) size 53x19
          RenderText {#text} at (416,0) size 53x19
            text run at (416,0) width 53: "Fruity"
        RenderText {#text} at (469,0) size 379x19
          text run at (469,0) width 379: ", and the second table should have the caption "
        RenderInline {B} at (0,0) size 101x19
          RenderText {#text} at (848,0) size 101x19
            text run at (848,0) width 101: "Vegetabley"
        RenderText {#text} at (949,0) size 954x38
          text run at (949,0) width 5: "."
          text run at (0,19) width 787: "Upon failure, the first table will have no caption, and the second table will have the caption Things."
      RenderBlock {HR} at (0,162) size 964x2 [border: (1px inset #000000)]
      RenderTable {TABLE} at (0,172) size 128x98 [border: (1px outset #808080)]
        RenderBlock {CAPTION} at (0,0) size 128x19
          RenderInline {B} at (0,0) size 54x19
            RenderText {#text} at (37,0) size 54x19
              text run at (37,0) width 54: "Fruity"
        RenderTableSection {TBODY} at (1,20) size 126x77
          RenderTableRow {TR} at (0,2) size 126x23
            RenderTableCell {TH} at (2,2) size 65x23 [border: (1px inset #808080)] [r=0 c=0 rs=1 cs=1]
              RenderText {#text} at (11,2) size 43x19
                text run at (11,2) width 43: "Fruit"
            RenderTableCell {TH} at (69,2) size 55x23 [border: (1px inset #808080)] [r=0 c=1 rs=1 cs=1]
              RenderText {#text} at (4,2) size 47x19
                text run at (4,2) width 47: "Color"
          RenderTableRow {TR} at (0,27) size 126x23
            RenderTableCell {TD} at (2,27) size 65x23 [border: (1px inset #808080)] [r=1 c=0 rs=1 cs=1]
              RenderText {#text} at (2,2) size 61x19
                text run at (2,2) width 61: "Banana"
            RenderTableCell {TD} at (69,27) size 55x23 [border: (1px inset #808080)] [r=1 c=1 rs=1 cs=1]
              RenderText {#text} at (2,2) size 51x19
                text run at (2,2) width 51: "Yellow"
          RenderTableRow {TR} at (0,52) size 126x23
            RenderTableCell {TD} at (2,52) size 65x23 [border: (1px inset #808080)] [r=2 c=0 rs=1 cs=1]
              RenderText {#text} at (2,2) size 49x19
                text run at (2,2) width 49: "Grape"
            RenderTableCell {TD} at (69,52) size 55x23 [border: (1px inset #808080)] [r=2 c=1 rs=1 cs=1]
              RenderText {#text} at (2,2) size 51x19
                text run at (2,2) width 51: "Purple"
      RenderBlock (anonymous) at (0,270) size 964x19
        RenderBR {BR} at (0,0) size 0x19
      RenderTable {TABLE} at (0,289) size 167x98 [border: (1px outset #808080)]
        RenderBlock {CAPTION} at (0,0) size 167x19
          RenderInline {B} at (0,0) size 101x19
            RenderText {#text} at (33,0) size 101x19
              text run at (33,0) width 101: "Vegetabley"
        RenderTableSection {TBODY} at (1,20) size 165x77
          RenderTableRow {TR} at (0,2) size 165x23
            RenderTableCell {TH} at (2,2) size 95x23 [border: (1px inset #808080)] [r=0 c=0 rs=1 cs=1]
              RenderText {#text} at (2,2) size 91x19
                text run at (2,2) width 91: "Vegetable"
            RenderTableCell {TH} at (99,2) size 64x23 [border: (1px inset #808080)] [r=0 c=1 rs=1 cs=1]
              RenderText {#text} at (8,2) size 48x19
                text run at (8,2) width 48: "Color"
          RenderTableRow {TR} at (0,27) size 165x23
            RenderTableCell {TD} at (2,27) size 95x23 [border: (1px inset #808080)] [r=1 c=0 rs=1 cs=1]
              RenderText {#text} at (2,2) size 51x19
                text run at (2,2) width 51: "Carrot"
            RenderTableCell {TD} at (99,27) size 64x23 [border: (1px inset #808080)] [r=1 c=1 rs=1 cs=1]
              RenderText {#text} at (2,2) size 60x19
                text run at (2,2) width 60: "Orange"
          RenderTableRow {TR} at (0,52) size 165x23
            RenderTableCell {TD} at (2,52) size 95x23 [border: (1px inset #808080)] [r=2 c=0 rs=1 cs=1]
              RenderText {#text} at (2,2) size 83x19
                text run at (2,2) width 83: "Cucumber"
            RenderTableCell {TD} at (99,52) size 64x23 [border: (1px inset #808080)] [r=2 c=1 rs=1 cs=1]
              RenderText {#text} at (2,2) size 49x19
                text run at (2,2) width 49: "Green"
