layer at (0,0) size 980x735
  RenderView at (0,0) size 980x735
layer at (0,0) size 980x154
  RenderBlock {HTML} at (0,0) size 980x154
    RenderBody {BODY} at (8,8) size 964x138
      RenderBlock (anonymous) at (0,0) size 964x38
        RenderText {#text} at (0,0) size 961x38
          text run at (0,0) width 383: "You should see a 100x100 green square below. "
          text run at (383,0) width 307: "If you see any red, the test has failed. "
          text run at (690,0) width 271: "This test is checking to make sure"
          text run at (0,19) width 183: "overflow is done using "
          text run at (183,19) width 205: "a containing block model."
layer at (8,46) size 100x100 scrollWidth 200 scrollHeight 400
  RenderBlock (relative positioned) {DIV} at (0,38) size 100x100 [bgcolor=#008000]
    RenderBlock {DIV} at (100,100) size 100x100 [bgcolor=#FF0000]
