layer at (0,0) size 980x735
  RenderView at (0,0) size 980x735
layer at (0,0) size 980x73
  RenderBlock {HTML} at (0,0) size 980x73
    RenderBody {BODY} at (8,8) size 964x57
      RenderText {#text} at (0,0) size 940x57
        text run at (0,0) width 383: "You should see a 100x100 green square below. "
        text run at (383,0) width 471: "If you see nothing at all or see any red, the test has failed. "
        text run at (854,0) width 84: "This test is"
        text run at (0,19) width 370: "checking to make sure overflow is done using "
        text run at (370,19) width 570: "a containing block model, and that a fixed positioned element inside an"
        text run at (0,38) width 446: "absolute positioned element is not considered overflow."
      RenderText {#text} at (0,0) size 0x0
layer at (8,65) size 100x100
  RenderBlock (positioned) {DIV} at (8,65) size 100x100
layer at (100,100) size 100x100
  RenderBlock (positioned) {DIV} at (100,100) size 100x100
layer at (200,200) size 100x100
  RenderBlock {DIV} at (100,100) size 100x100 [bgcolor=#008000]
