layer at (0,0) size 980x735
  RenderView at (0,0) size 980x735
layer at (0,0) size 980x54
  RenderBlock {HTML} at (0,0) size 980x54
    RenderBody {BODY} at (8,8) size 964x38
      RenderText {#text} at (0,0) size 961x38
        text run at (0,0) width 383: "You should see a 100x100 green square below. "
        text run at (383,0) width 307: "If you see any red, the test has failed. "
        text run at (690,0) width 271: "This test is checking to make sure"
        text run at (0,19) width 523: "clip applies to the element itself and starts from the border edge."
      RenderText {#text} at (0,0) size 0x0
layer at (8,46) size 120x120 backgroundClip at (18,56) size 100x100 clip at (18,56) size 100x100 outlineClip at (18,56) size 100x100
  RenderBlock (positioned) {DIV} at (8,46) size 120x120 [bgcolor=#008000] [border: (10px solid #FF0000)]
