layer at (0,0) size 980x735
  RenderView at (0,0) size 980x735
layer at (0,0) size 980x735
  RenderBlock {HTML} at (0,0) size 980x735
    RenderBody {BODY} at (8,8) size 964x719
      RenderBlock (anonymous) at (0,0) size 964x19
        RenderText {#text} at (0,0) size 768x19
          text run at (0,0) width 768: "The div below should be rounded. You should see a rounded green square or the test has failed."
        RenderText {#text} at (0,0) size 0x0
      RenderBlock {P} at (0,149) size 964x19
        RenderText {#text} at (0,0) size 718x19
          text run at (0,0) width 718: "This div should not be rounded. You should see a solid green square or the test has failed."
      RenderBlock {P} at (0,300) size 964x19
        RenderText {#text} at (0,0) size 718x19
          text run at (0,0) width 718: "This div should be rounded. You should see a rounded green square or the test has failed."
layer at (8,192) size 100x100
  RenderBlock {DIV} at (0,184) size 100x100
layer at (8,27) size 100x100
  RenderBlock (positioned) {DIV} at (8,27) size 100x100
layer at (8,27) size 100x100
  RenderBlock (relative positioned) {DIV} at (0,0) size 100x100 [bgcolor=#008000]
layer at (8,192) size 100x100
  RenderBlock (positioned) {DIV} at (8,192) size 100x100 [bgcolor=#008000]
layer at (8,343) size 100x100
  RenderBlock (relative positioned) {DIV} at (0,335) size 100x100
layer at (8,343) size 100x100
  RenderBlock {DIV} at (0,0) size 100x100
layer at (8,343) size 100x100
  RenderBlock (positioned) {DIV} at (0,0) size 100x100 [bgcolor=#008000]
