layer at (0,0) size 980x735
  RenderView at (0,0) size 980x735
layer at (0,0) size 980x735
  RenderBlock {HTML} at (0,0) size 980x735
    RenderBody {BODY} at (8,8) size 964x719
      RenderText {#text} at (0,0) size 586x19
        text run at (0,0) width 586: "The white text and grey backgrounds should all clip to the border-radius. "
      RenderBR {BR} at (586,15) size 0x0
      RenderText {#text} at (240,39) size 5x19
        text run at (240,39) width 5: " "
      RenderText {#text} at (485,39) size 5x19
        text run at (485,39) width 5: " "
      RenderText {#text} at (0,0) size 0x0
      RenderText {#text} at (0,0) size 0x0
      RenderText {#text} at (240,179) size 5x19
        text run at (240,179) width 5: " "
      RenderBR {BR} at (245,194) size 0x0
      RenderText {#text} at (0,0) size 0x0
layer at (18,37) size 220x120 clip at (28,47) size 200x100
  RenderBlock {DIV} at (10,29) size 220x120 [border: (10px solid #000000)]
    RenderBlock {DIV} at (10,10) size 200x100 [color=#FFFFFF] [bgcolor=#808080]
      RenderText {#text} at (0,0) size 109x19
        text run at (0,0) width 109: "static > static"
layer at (263,37) size 220x120 clip at (273,47) size 200x100
  RenderBlock {DIV} at (255,29) size 220x120 [border: (10px solid #000000)]
layer at (273,47) size 200x100
  RenderBlock (relative positioned) {DIV} at (10,10) size 200x100 [color=#FFFFFF] [bgcolor=#808080]
    RenderText {#text} at (0,0) size 126x19
      text run at (0,0) width 126: "static > relative"
layer at (508,37) size 220x120 clip at (518,47) size 200x100
  RenderBlock (relative positioned) {DIV} at (500,29) size 220x120 [border: (10px solid #000000)]
    RenderBlock {DIV} at (10,10) size 200x100 [color=#FFFFFF] [bgcolor=#808080]
      RenderText {#text} at (0,0) size 126x19
        text run at (0,0) width 126: "relative > static"
layer at (18,177) size 220x120 clip at (28,187) size 200x100
  RenderBlock (relative positioned) {DIV} at (10,169) size 220x120 [border: (10px solid #000000)]
layer at (28,187) size 200x100
  RenderBlock (relative positioned) {DIV} at (10,10) size 200x100 [color=#FFFFFF] [bgcolor=#808080]
    RenderText {#text} at (0,0) size 143x19
      text run at (0,0) width 143: "relative > relative"
layer at (18,317) size 220x120 clip at (28,327) size 200x100
  RenderBlock (relative positioned) {DIV} at (10,309) size 220x120 [border: (10px solid #000000)]
layer at (28,327) size 200x100
  RenderBlock (positioned) {DIV} at (10,10) size 200x100 [color=#FFFFFF] [bgcolor=#808080]
    RenderText {#text} at (0,0) size 151x19
      text run at (0,0) width 151: "relative > absolute"
