layer at (0,0) size 800x600
  RenderView at (0,0) size 800x600
layer at (0,0) size 800x600
  RenderBlock {HTML} at (0,0) size 800x600
    RenderBody {BODY} at (8,8) size 784x584
      RenderBlock {P} at (0,0) size 784x28
        RenderText {#text} at (0,0) size 725x14
          text run at (0,0) width 725: "This test checks the renderer's ability to layer multiple cells in a table on top of one another. This test has three cells that span multiple table grid slots. The "
        RenderInline {SPAN} at (0,0) size 17x14 [color=#FF0000]
          RenderText {#text} at (725,0) size 17x14
            text run at (725,0) width 17: "red"
        RenderText {#text} at (742,0) size 761x28
          text run at (742,0) width 19: " cell"
          text run at (0,14) width 261: "starts at row 1 and column 4 and spans four rows. The "
        RenderInline {SPAN} at (0,0) size 22x14 [color=#0000FF]
          RenderText {#text} at (261,14) size 22x14
            text run at (261,14) width 22: "blue"
        RenderText {#text} at (283,14) size 305x14
          text run at (283,14) width 305: " cell starts at row 2, and column 1, and spans four columns. The "
        RenderInline {SPAN} at (0,0) size 28x14 [color=#008000]
          RenderText {#text} at (588,14) size 28x14
            text run at (588,14) width 28: "green"
        RenderText {#text} at (616,14) size 148x14
          text run at (616,14) width 148: " cell spans 4 columns of row 4."
      RenderBlock {P} at (0,40) size 784x14
        RenderText {#text} at (0,0) size 604x14
          text run at (0,0) width 604: "If the test succeeds then you should see no text inside the table. If you see the text 'FAIL' inside the table, then the test has failed."
      RenderTable {TABLE} at (0,66) size 148x84 [border: (1px outset #808080)]
        RenderTableSection {TBODY} at (1,1) size 146x82
          RenderTableRow {TR} at (0,2) size 146x18
            RenderTableCell {TD} at (2,2) size 34x18 [border: (1px inset #808080)] [r=0 c=0 rs=1 cs=1]
              RenderText {#text} at (2,2) size 12x14
                text run at (2,2) width 12: "    "
            RenderTableCell {TD} at (38,2) size 34x18 [border: (1px inset #808080)] [r=0 c=1 rs=1 cs=1]
              RenderText {#text} at (2,2) size 12x14
                text run at (2,2) width 12: "    "
            RenderTableCell {TD} at (74,2) size 34x18 [border: (1px inset #808080)] [r=0 c=2 rs=1 cs=1]
              RenderText {#text} at (2,2) size 12x14
                text run at (2,2) width 12: "    "
            RenderTableCell {TD} at (110,32) size 34x18 [bgcolor=#FF0000] [border: (1px inset #808080)] [r=0 c=3 rs=4 cs=1]
              RenderBlock {DIV} at (2,2) size 30x14
                RenderText {#text} at (0,0) size 30x14
                  text run at (0,0) width 30: "          "
          RenderTableRow {TR} at (0,22) size 146x18
            RenderTableCell {TD} at (2,22) size 142x18 [bgcolor=#0000FF] [border: (1px inset #808080)] [r=1 c=0 rs=1 cs=4]
              RenderBlock {DIV} at (2,2) size 138x14
                RenderText {#text} at (108,0) size 30x14
                  text run at (108,0) width 30: "          "
          RenderTableRow {TR} at (0,42) size 146x18
            RenderTableCell {TD} at (2,42) size 34x18 [border: (1px inset #808080)] [r=2 c=0 rs=1 cs=1]
              RenderText {#text} at (2,2) size 30x14
                text run at (2,2) width 30: "          "
            RenderTableCell {TD} at (38,42) size 34x18 [border: (1px inset #808080)] [r=2 c=1 rs=1 cs=1]
              RenderText {#text} at (2,2) size 30x14
                text run at (2,2) width 30: "          "
            RenderTableCell {TD} at (74,42) size 34x18 [border: (1px inset #808080)] [r=2 c=2 rs=1 cs=1]
              RenderText {#text} at (2,2) size 30x14
                text run at (2,2) width 30: "          "
          RenderTableRow {TR} at (0,62) size 146x18
            RenderTableCell {TD} at (2,62) size 142x18 [bgcolor=#008000] [border: (1px inset #808080)] [r=3 c=0 rs=1 cs=4]
              RenderBlock {DIV} at (2,2) size 138x14 [color=#008000]
                RenderText {#text} at (108,0) size 30x14
                  text run at (108,0) width 30: "FAIL "
