layer at (0,0) size 980x735
  RenderView at (0,0) size 980x735
layer at (0,0) size 980x482
  RenderBlock {HTML} at (0,0) size 980x482
    RenderBody {BODY} at (8,16) size 964x450
      RenderBlock {P} at (0,0) size 964x19
        RenderText {#text} at (0,0) size 625x19
          text run at (0,0) width 625: "The following two columns should be pixel perfect identical with no red visible."
      RenderTable {TABLE} at (0,35) size 76x380 [border: (3px solid #000000)]
        RenderTableSection {TBODY} at (3,3) size 70x374
          RenderTableRow {TR} at (0,0) size 70x374
            RenderTableCell {TD} at (0,0) size 35x374 [bgcolor=#FFA500] [r=0 c=0 rs=1 cs=1]
              RenderBlock (anonymous) at (0,0) size 35x0
                RenderInline {SPAN} at (0,0) size 0x0
              RenderBlock (anonymous) at (0,50) size 35x274
                RenderBlock {DIV} at (0,0) size 35x274 [bgcolor=#0000FF]
                  RenderBlock (anonymous) at (0,0) size 35x0
                    RenderInline {SPAN} at (0,0) size 0x0
                  RenderBlock (anonymous) at (0,0) size 35x58
                    RenderBlock {DIV} at (0,0) size 35x58 [bgcolor=#FF0000]
                      RenderBlock (anonymous) at (0,0) size 35x0
                        RenderInline {SPAN} at (0,0) size 0x0
                      RenderBlock (anonymous) at (0,0) size 35x58
                        RenderBlock {DIV} at (0,0) size 35x58 [bgcolor=#FF0000]
                          RenderBlock (anonymous) at (0,0) size 35x0
                            RenderInline {SPAN} at (0,0) size 0x0
                          RenderBlock (anonymous) at (0,0) size 35x58
                            RenderBlock {DIV} at (0,0) size 35x58 [bgcolor=#FFFF00]
                              RenderText {#text} at (0,0) size 34x58
                                text run at (0,0) width 34: "A"
                          RenderBlock (anonymous) at (0,108) size 35x0
                            RenderInline {SPAN} at (0,0) size 0x0
                      RenderBlock (anonymous) at (0,108) size 35x0
                        RenderInline {SPAN} at (0,0) size 0x0
                          RenderInline {SPAN} at (0,0) size 0x0
                      RenderBlock (anonymous) at (0,108) size 35x0
                        RenderBlock {DIV} at (0,0) size 35x0 [bgcolor=#FF0000]
                      RenderBlock (anonymous) at (0,108) size 35x0
                        RenderInline {SPAN} at (0,0) size 0x0
                          RenderInline {SPAN} at (0,0) size 0x0
                  RenderBlock (anonymous) at (0,108) size 35x0
                    RenderInline {SPAN} at (0,0) size 0x0
                    RenderText {#text} at (0,0) size 0x0
                    RenderInline {SPAN} at (0,0) size 0x0
                  RenderBlock (anonymous) at (0,108) size 35x0
                    RenderBlock {DIV} at (0,0) size 35x0 [bgcolor=#FF0000]
                  RenderBlock (anonymous) at (0,108) size 35x0
                    RenderInline {SPAN} at (0,0) size 0x0
                    RenderText {#text} at (0,0) size 0x0
                    RenderInline {SPAN} at (0,0) size 0x0
                  RenderBlock (anonymous) at (0,108) size 35x0
                    RenderBlock {DIV} at (0,0) size 35x0 [bgcolor=#FF0000]
                      RenderBlock (anonymous) at (0,0) size 35x0
                        RenderInline {SPAN} at (0,0) size 0x0
                      RenderBlock (anonymous) at (0,0) size 35x0
                        RenderBlock {DIV} at (0,0) size 35x0 [bgcolor=#FF0000]
                      RenderBlock (anonymous) at (0,0) size 35x0
                        RenderInline {SPAN} at (0,0) size 0x0
                  RenderBlock (anonymous) at (0,108) size 35x0
                    RenderInline {SPAN} at (0,0) size 0x0
                    RenderText {#text} at (0,0) size 0x0
                    RenderInline {SPAN} at (0,0) size 0x0
                  RenderBlock (anonymous) at (0,108) size 35x58
                    RenderBlock {DIV} at (0,0) size 35x58 [bgcolor=#FF0000]
                      RenderBlock (anonymous) at (0,0) size 35x0
                        RenderInline {SPAN} at (0,0) size 0x0
                      RenderBlock (anonymous) at (0,0) size 35x58
                        RenderBlock {DIV} at (0,0) size 35x58 [bgcolor=#00FF00]
                          RenderBlock (anonymous) at (0,0) size 35x0
                            RenderInline {SPAN} at (0,0) size 0x0
                          RenderBlock (anonymous) at (0,0) size 35x0
                            RenderBlock {DIV} at (0,0) size 35x0 [bgcolor=#FF0000]
                          RenderBlock (anonymous) at (0,0) size 35x58
                            RenderInline {SPAN} at (0,0) size 0x0
                            RenderText {#text} at (0,0) size 34x58
                              text run at (0,0) width 34: "B"
                      RenderBlock (anonymous) at (0,108) size 35x0
                        RenderInline {SPAN} at (0,0) size 0x0
                  RenderBlock (anonymous) at (0,216) size 35x0
                    RenderInline {SPAN} at (0,0) size 0x0
                    RenderText {#text} at (0,0) size 0x0
                    RenderInline {SPAN} at (0,0) size 0x0
                  RenderBlock (anonymous) at (0,216) size 35x58
                    RenderBlock {DIV} at (0,0) size 35x58 [bgcolor=#00FFFF]
                      RenderText {#text} at (0,0) size 35x58
                        text run at (0,0) width 35: "C"
                  RenderBlock (anonymous) at (0,324) size 35x0
                    RenderInline {SPAN} at (0,0) size 0x0
                    RenderText {#text} at (0,0) size 0x0
              RenderBlock (anonymous) at (0,374) size 35x0
                RenderInline {SPAN} at (0,0) size 0x0
                RenderText {#text} at (0,0) size 0x0
            RenderTableCell {TD} at (35,0) size 35x374 [bgcolor=#FFA500] [r=0 c=1 rs=1 cs=1]
              RenderBlock {DIV} at (0,50) size 35x274 [bgcolor=#0000FF]
                RenderBlock {DIV} at (0,0) size 35x58 [bgcolor=#FFFF00]
                  RenderText {#text} at (0,0) size 34x58
                    text run at (0,0) width 34: "A"
                RenderBlock {DIV} at (0,108) size 35x58 [bgcolor=#00FF00]
                  RenderText {#text} at (0,0) size 34x58
                    text run at (0,0) width 34: "B"
                RenderBlock {DIV} at (0,216) size 35x58 [bgcolor=#00FFFF]
                  RenderText {#text} at (0,0) size 35x58
                    text run at (0,0) width 35: "C"
      RenderBlock {P} at (0,431) size 964x19
        RenderText {#text} at (0,0) size 329x19
          text run at (0,0) width 329: "This test is meaningless if you don't pass "
        RenderInline {A} at (0,0) size 65x19 [color=#0000EE]
          RenderText {#text} at (329,0) size 65x19
            text run at (329,0) width 65: "test 006"
        RenderText {#text} at (394,0) size 5x19
          text run at (394,0) width 5: "."
