layer at (0,0) size 980x735
  RenderView at (0,0) size 980x735
layer at (0,0) size 980x358
  RenderBlock {HTML} at (0,0) size 980x358
    RenderBody {BODY} at (8,16) size 964x326
      RenderBlock {P} at (0,0) size 964x19
        RenderText {#text} at (0,0) size 736x19
          text run at (0,0) width 736: "The square should consist of exactly five equal bands, orange, lime, orange, yellow, orange."
      RenderTable {TABLE} at (0,35) size 256x256 [bgcolor=#FFA500] [border: (3px solid #000000)]
        RenderTableSection {TBODY} at (3,3) size 250x250
          RenderTableRow {TR} at (0,0) size 250x250
            RenderTableCell {TD} at (0,0) size 50x250 [r=0 c=0 rs=1 cs=1]
              RenderBlock (anonymous) at (0,0) size 50x0
                RenderInline {SPAN} at (0,0) size 0x0
              RenderBlock (anonymous) at (0,50) size 50x50
                RenderBlock {DIV} at (0,0) size 50x50 [bgcolor=#00FF00]
              RenderBlock (anonymous) at (0,150) size 50x0
                RenderInline {SPAN} at (0,0) size 0x0
                RenderText {#text} at (0,0) size 0x0
                RenderInline {SPAN} at (0,0) size 0x0
              RenderBlock (anonymous) at (0,150) size 50x0
                RenderBlock {DIV} at (0,0) size 50x0 [bgcolor=#FF0000]
              RenderBlock (anonymous) at (0,150) size 50x0
                RenderInline {SPAN} at (0,0) size 0x0
                RenderText {#text} at (0,0) size 0x0
                RenderInline {SPAN} at (0,0) size 0x0
              RenderBlock (anonymous) at (0,150) size 50x50
                RenderBlock {DIV} at (0,0) size 50x50 [bgcolor=#FFFF00]
              RenderBlock (anonymous) at (0,250) size 50x0
                RenderInline {SPAN} at (0,0) size 0x0
                RenderText {#text} at (0,0) size 0x0
            RenderTableCell {TD} at (50,0) size 50x250 [r=0 c=1 rs=1 cs=1]
              RenderBlock (anonymous) at (0,0) size 50x0
                RenderInline {SPAN} at (0,0) size 0x0
              RenderBlock (anonymous) at (0,50) size 50x50
                RenderBlock {DIV} at (0,0) size 50x50 [bgcolor=#00FF00]
              RenderBlock (anonymous) at (0,150) size 50x0
                RenderInline {SPAN} at (0,0) size 0x0
                RenderText {#text} at (0,0) size 0x0
                RenderInline {SPAN} at (0,0) size 0x0
              RenderBlock (anonymous) at (0,150) size 50x0
                RenderBlock {DIV} at (0,0) size 50x0 [bgcolor=#FF0000]
              RenderBlock (anonymous) at (0,150) size 50x0
                RenderInline {SPAN} at (0,0) size 0x0
                RenderText {#text} at (0,0) size 0x0
                RenderInline {SPAN} at (0,0) size 0x0
              RenderBlock (anonymous) at (0,150) size 50x50
                RenderBlock {DIV} at (0,0) size 50x50 [bgcolor=#FFFF00]
              RenderBlock (anonymous) at (0,250) size 50x0
                RenderInline {SPAN} at (0,0) size 0x0
                RenderText {#text} at (0,0) size 0x0
            RenderTableCell {TD} at (100,0) size 50x250 [r=0 c=2 rs=1 cs=1]
              RenderBlock (anonymous) at (0,0) size 50x0
                RenderInline {SPAN} at (0,0) size 0x0
              RenderBlock (anonymous) at (0,50) size 50x50
                RenderBlock {DIV} at (0,0) size 50x50 [bgcolor=#00FF00]
              RenderBlock (anonymous) at (0,100) size 50x0
                RenderInline {SPAN} at (0,0) size 0x0
                RenderText {#text} at (0,0) size 0x0
                RenderInline {SPAN} at (0,0) size 0x0
              RenderBlock (anonymous) at (0,150) size 50x0
                RenderBlock {DIV} at (0,0) size 50x0 [bgcolor=#FF0000]
              RenderBlock (anonymous) at (0,150) size 50x0
                RenderInline {SPAN} at (0,0) size 0x0
                RenderText {#text} at (0,0) size 0x0
                RenderInline {SPAN} at (0,0) size 0x0
              RenderBlock (anonymous) at (0,150) size 50x50
                RenderBlock {DIV} at (0,0) size 50x50 [bgcolor=#FFFF00]
              RenderBlock (anonymous) at (0,250) size 50x0
                RenderInline {SPAN} at (0,0) size 0x0
                RenderText {#text} at (0,0) size 0x0
            RenderTableCell {TD} at (150,0) size 50x250 [r=0 c=3 rs=1 cs=1]
              RenderBlock (anonymous) at (0,0) size 50x0
                RenderInline {SPAN} at (0,0) size 0x0
              RenderBlock (anonymous) at (0,50) size 50x50
                RenderBlock {DIV} at (0,0) size 50x50 [bgcolor=#00FF00]
              RenderBlock (anonymous) at (0,200) size 50x0
                RenderInline {SPAN} at (0,0) size 0x0
                RenderText {#text} at (0,0) size 0x0
                RenderInline {SPAN} at (0,0) size 0x0
              RenderBlock (anonymous) at (0,200) size 50x0
                RenderBlock {DIV} at (0,0) size 50x0 [bgcolor=#FF0000]
              RenderBlock (anonymous) at (0,200) size 50x0
                RenderInline {SPAN} at (0,0) size 0x0
                RenderText {#text} at (0,0) size 0x0
                RenderInline {SPAN} at (0,0) size 0x0
              RenderBlock (anonymous) at (0,150) size 50x50
                RenderBlock {DIV} at (0,0) size 50x50 [bgcolor=#FFFF00]
              RenderBlock (anonymous) at (0,250) size 50x0
                RenderInline {SPAN} at (0,0) size 0x0
                RenderText {#text} at (0,0) size 0x0
            RenderTableCell {TD} at (200,0) size 50x250 [r=0 c=4 rs=1 cs=1]
              RenderBlock (anonymous) at (0,0) size 50x0
                RenderInline {SPAN} at (0,0) size 0x0
              RenderBlock (anonymous) at (0,50) size 50x50
                RenderBlock {DIV} at (0,0) size 50x50 [bgcolor=#00FF00]
              RenderBlock (anonymous) at (0,50) size 50x0
                RenderInline {SPAN} at (0,0) size 0x0
                RenderText {#text} at (0,0) size 0x0
                RenderInline {SPAN} at (0,0) size 0x0
              RenderBlock (anonymous) at (0,100) size 50x0
                RenderBlock {DIV} at (0,0) size 50x0 [bgcolor=#FF0000]
              RenderBlock (anonymous) at (0,100) size 50x0
                RenderInline {SPAN} at (0,0) size 0x0
                RenderText {#text} at (0,0) size 0x0
                RenderInline {SPAN} at (0,0) size 0x0
              RenderBlock (anonymous) at (0,150) size 50x50
                RenderBlock {DIV} at (0,0) size 50x50 [bgcolor=#FFFF00]
              RenderBlock (anonymous) at (0,250) size 50x0
                RenderInline {SPAN} at (0,0) size 0x0
                RenderText {#text} at (0,0) size 0x0
      RenderBlock {P} at (0,307) size 964x19
        RenderText {#text} at (0,0) size 329x19
          text run at (0,0) width 329: "This test is meaningless if you don't pass "
        RenderInline {A} at (0,0) size 65x19 [color=#0000EE]
          RenderText {#text} at (329,0) size 65x19
            text run at (329,0) width 65: "test 006"
        RenderText {#text} at (394,0) size 5x19
          text run at (394,0) width 5: "."
