layer at (0,0) size 800x600
  RenderView at (0,0) size 800x600
layer at (0,0) size 800x600
  RenderBlock {HTML} at (0,0) size 800x600
    RenderBody {BODY} at (8,8) size 784x584
      RenderBlock (anonymous) at (0,0) size 784x14
        RenderInline {FONT} at (0,0) size 66x14 [color=#FF0000]
          RenderInline {I} at (0,0) size 66x14
            RenderText {#text} at (0,0) size 66x14
              text run at (0,0) width 66: "Italic and Red"
      RenderBlock (anonymous) at (0,14) size 784x0 [color=#FF0000]
      RenderBlock (anonymous) at (0,14) size 784x0
        RenderInline {FONT} at (0,0) size 0x0 [color=#FF0000]
          RenderInline {I} at (0,0) size 0x0
        RenderInline {I} at (0,0) size 0x0
      RenderBlock (anonymous) at (0,26) size 784x14
        RenderBlock {P} at (0,0) size 784x14
          RenderInline {FONT} at (0,0) size 69x14 [color=#FF0000]
            RenderText {#text} at (0,0) size 69x14
              text run at (0,0) width 69: "Italic and Red "
          RenderText {#text} at (69,0) size 48x14
            text run at (69,0) width 48: "Just italic."
      RenderBlock (anonymous) at (0,52) size 784x14
        RenderInline {I} at (0,0) size 50x14
          RenderText {#text} at (0,0) size 50x14
            text run at (0,0) width 50: "Italic only."
        RenderText {#text} at (50,0) size 27x14
          text run at (50,0) width 27: " Plain"
      RenderBlock {P} at (0,78) size 784x14
        RenderText {#text} at (0,0) size 95x14
          text run at (0,0) width 95: "I should not be red. "
        RenderInline {FONT} at (0,0) size 92x14 [color=#FF0000]
          RenderText {#text} at (95,0) size 25x14
            text run at (95,0) width 25: "Red. "
          RenderInline {I} at (0,0) size 67x14
            RenderText {#text} at (120,0) size 67x14
              text run at (120,0) width 67: "Italic and red."
      RenderBlock (anonymous) at (0,104) size 784x0
        RenderInline {FONT} at (0,0) size 0x0 [color=#FF0000]
          RenderInline {I} at (0,0) size 0x0
            RenderText {#text} at (0,0) size 0x0
      RenderBlock (anonymous) at (0,104) size 784x0 [color=#FF0000]
      RenderBlock (anonymous) at (0,104) size 784x0
        RenderInline {FONT} at (0,0) size 0x0 [color=#FF0000]
          RenderInline {I} at (0,0) size 0x0
      RenderBlock {P} at (0,104) size 784x14
        RenderInline {FONT} at (0,0) size 92x14 [color=#FF0000]
          RenderInline {I} at (0,0) size 70x14
            RenderText {#text} at (0,0) size 70x14
              text run at (0,0) width 70: "Italic and red. "
          RenderText {#text} at (70,0) size 22x14
            text run at (70,0) width 22: "Red."
        RenderText {#text} at (92,0) size 95x14
          text run at (92,0) width 95: " I should not be red."
      RenderBlock (anonymous) at (0,130) size 784x14
        RenderText {#text} at (0,0) size 0x0
        RenderInline {B} at (0,0) size 98x14
          RenderText {#text} at (0,0) size 27x14
            text run at (0,0) width 27: "Bold "
          RenderInline {I} at (0,0) size 71x14
            RenderText {#text} at (27,0) size 71x14
              text run at (27,0) width 71: "Bold and italic"
        RenderInline {I} at (0,0) size 56x14
          RenderText {#text} at (98,0) size 56x14
            text run at (98,0) width 56: " Only Italic "
        RenderText {#text} at (154,0) size 24x14
          text run at (154,0) width 24: "Plain"
