layer at (0,0) size 800x600
  RenderView at (0,0) size 800x600
layer at (0,0) size 800x600
  RenderBlock {HTML} at (0,0) size 800x600
    RenderBody {BODY} at (8,8) size 784x580
      RenderBlock {P} at (0,0) size 784x43
        RenderInline {FONT} at (0,0) size 233x41
          RenderText {#text} at (0,1) size 233x41
            text run at (0,1) width 233: "First paragraph."
      RenderBlock (anonymous) at (0,55) size 784x0
        RenderInline {FONT} at (0,0) size 0x0
          RenderText {#text} at (0,0) size 0x0
      RenderBlock (anonymous) at (0,80) size 784x43
        RenderBlock {P} at (0,0) size 784x43
          RenderText {#text} at (0,1) size 276x41
            text run at (0,1) width 276: "Second paragraph."
      RenderBlock (anonymous) at (0,160) size 784x0
        RenderInline {FONT} at (0,0) size 0x0
        RenderText {#text} at (0,0) size 0x0
        RenderInline {B} at (0,0) size 0x0
      RenderBlock (anonymous) at (0,160) size 784x0
      RenderBlock (anonymous) at (0,160) size 784x0
        RenderInline {B} at (0,0) size 0x0
      RenderBlock {P} at (0,160) size 784x14
        RenderInline {B} at (0,0) size 73x14
          RenderInline {I} at (0,0) size 73x14
            RenderText {#text} at (0,0) size 73x14
              text run at (0,0) width 73: "Bold and Italic"
        RenderInline {I} at (0,0) size 27x14
          RenderText {#text} at (73,0) size 27x14
            text run at (73,0) width 27: " Italic"
