layer at (0,0) size 800x600
  RenderView at (0,0) size 800x600
layer at (0,0) size 800x600
  RenderBlock {HTML} at (0,0) size 800x600
    RenderBody {BODY} at (8,8) size 784x580
      RenderBlock {DL} at (0,0) size 784x28
        RenderBlock {DT} at (0,0) size 784x14
          RenderInline {B} at (0,0) size 20x14
            RenderText {#text} at (0,0) size 20x14
              text run at (0,0) width 20: "Boo"
        RenderBlock {DD} at (40,14) size 744x14
          RenderInline {B} at (0,0) size 27x14
            RenderText {#text} at (0,0) size 27x14
              text run at (0,0) width 27: "Goo?"
      RenderBlock (anonymous) at (0,40) size 784x0
        RenderInline {B} at (0,0) size 0x0
          RenderText {#text} at (0,0) size 0x0
