layer at (0,0) size 800x600
  RenderView at (0,0) size 800x600
layer at (0,0) size 800x600
  RenderBlock {HTML} at (0,0) size 800x600
    RenderBody {BODY} at (8,8) size 784x584
      RenderBlock (anonymous) at (0,0) size 784x0
        RenderInline {LABEL} at (0,0) size 0x0
          RenderInline {A} at (0,0) size 0x0
      RenderBlock (anonymous) at (0,0) size 784x0
      RenderBlock (anonymous) at (0,0) size 784x0
        RenderInline {LABEL} at (0,0) size 0x0
          RenderInline {A} at (0,0) size 0x0
      RenderBlock (anonymous) at (0,0) size 784x28
        RenderBlock {DIV} at (0,0) size 784x28
          RenderBlock (anonymous) at (0,0) size 784x14
            RenderInline {A} at (0,0) size 26x14
              RenderText {#text} at (0,0) size 26x14
                text run at (0,0) width 26: "Hello"
          RenderBlock (anonymous) at (0,14) size 784x14
            RenderBlock {DIV} at (0,0) size 784x14
              RenderText {#text} at (0,0) size 30x14
                text run at (0,0) width 30: "World"
          RenderBlock (anonymous) at (0,28) size 784x0
            RenderInline {A} at (0,0) size 0x0
            RenderText {#text} at (0,0) size 0x0
      RenderBlock (anonymous) at (0,28) size 784x0
        RenderInline {LABEL} at (0,0) size 0x0
