layer at (0,0) size 800x600
  RenderView at (0,0) size 800x600
layer at (0,0) size 800x600
  RenderBlock {HTML} at (0,0) size 800x600
    RenderBody {BODY} at (8,8) size 784x584
      RenderBlock (anonymous) at (0,0) size 784x14
        RenderText {#text} at (0,0) size 250x14
          text run at (0,0) width 250: "The style rule on this page should be totally ignored. "
        RenderInline {A} at (0,0) size 60x14
          RenderText {#text} at (250,0) size 60x14
            text run at (250,0) width 60: "here is a link"
        RenderText {#text} at (0,0) size 0x0
      RenderBlock {H1} at (0,30) size 784x28
        RenderText {#text} at (0,0) size 81x28
          text run at (0,0) width 81: "heading"
      RenderBlock (anonymous) at (0,74) size 784x70
        RenderInline {SPAN} at (0,0) size 24x14
          RenderText {#text} at (0,0) size 24x14
            text run at (0,0) width 24: "issue"
        RenderBR {BR} at (24,11) size 0x0
        RenderInline {SPAN} at (0,0) size 15x14
          RenderText {#text} at (0,14) size 15x14
            text run at (0,14) width 15: "fail"
        RenderBR {BR} at (15,25) size 0x0
        RenderInline {A} at (0,0) size 90x14
          RenderText {#text} at (0,28) size 90x14
            text run at (0,28) width 90: "here is another link"
        RenderBR {BR} at (90,39) size 0x0
        RenderInline {SPAN} at (0,0) size 14x14
          RenderText {#text} at (0,42) size 14x14
            text run at (0,42) width 14: "n/a"
        RenderBR {BR} at (14,53) size 0x0
        RenderInline {SPAN} at (0,0) size 21x14
          RenderText {#text} at (0,56) size 21x14
            text run at (0,56) width 21: "pass"
        RenderBR {BR} at (21,67) size 0x0
      RenderBlock {H1} at (0,160) size 784x28
        RenderText {#text} at (0,0) size 167x28
          text run at (0,0) width 167: "another heading"
      RenderBlock (anonymous) at (0,204) size 784x14
        RenderInline {SPAN} at (0,0) size 14x14
          RenderText {#text} at (0,0) size 14x14
            text run at (0,0) width 14: "n/a"
        RenderBR {BR} at (14,11) size 0x0
