layer at (0,0) size 800x600
  RenderView at (0,0) size 800x600
layer at (0,0) size 800x600
  RenderBlock {HTML} at (0,0) size 800x600
    RenderBody {BODY} at (8,8) size 784x582
      RenderBlock (anonymous) at (0,0) size 784x0
        RenderInline {B} at (0,0) size 0x0
          RenderInline {NOBR} at (0,0) size 0x0
      RenderBlock (anonymous) at (0,0) size 784x0
      RenderBlock (anonymous) at (0,0) size 784x0
        RenderInline {B} at (0,0) size 0x0
          RenderInline {NOBR} at (0,0) size 0x0
      RenderBlock {DIV} at (0,0) size 784x35
        RenderBlock (anonymous) at (0,0) size 784x14
          RenderInline {B} at (0,0) size 676x14
            RenderInline {NOBR} at (0,0) size 167x14
              RenderText {#text} at (0,0) size 167x14
                text run at (0,0) width 167: "This text is in a div inside a nobr"
            RenderText {#text} at (167,0) size 509x14
              text run at (167,0) width 509: "More text that should not be in the nobr, i.e., the nobr should have closed the div inside it implicitly."
        RenderBlock {PRE} at (0,24) size 784x11
          RenderText {#text} at (0,0) size 204x11
            text run at (0,0) width 204: "A pre tag outside everything else."
