layer at (0,0) size 800x600
  RenderView at (0,0) size 800x600
layer at (0,0) size 800x30
  RenderBlock {html} at (0,0) size 800x30
    RenderBody {body} at (8,8) size 784x14
      RenderBlock (anonymous) at (0,0) size 784x14
        RenderText {#text} at (0,0) size 21x14
          text run at (0,0) width 21: "Text"
      RenderTable {table} at (0,14) size 4x0
      RenderTable at (0,14) size 0x0
        RenderTableCol {colgroup} at (0,0) size 0x0
