layer at (0,0) size 800x600
  RenderView at (0,0) size 800x600
layer at (0,0) size 800x130
  RenderBlock {html} at (0,0) size 800x130
    RenderBody {body} at (8,12) size 784x106
      RenderBlock {parsererror} at (12,0) size 760x106 [bgcolor=#FFDDDD] [border: (2px solid #CC7777)]
        RenderBlock {h3} at (14,16) size 732x16
          RenderText {#text} at (0,0) size 240x15
            text run at (0,0) width 240: "This page contains the following errors:"
        RenderBlock {div} at (14,46) size 732x14
          RenderText {#text} at (0,0) size 483x14
            text run at (0,0) width 483: "error on line 1 at column 1: Extra content at the end of the document"
            text run at (483,0) width 0: " "
        RenderBlock {h3} at (14,74) size 732x16
          RenderText {#text} at (0,0) size 321x15
            text run at (0,0) width 321: "Below is a rendering of the page up to the first error."
