layer at (0,0) size 800x600
  RenderView at (0,0) size 800x600
layer at (0,0) size 800x600
  RenderBlock {HTML} at (0,0) size 800x600
    RenderBody {BODY} at (8,8) size 784x580
      RenderBlock {DIV} at (0,0) size 784x14
        RenderText {#text} at (0,0) size 40x14
          text run at (0,0) width 40: "Test for "
        RenderInline {A} at (0,0) size 89x14 [color=#0000EE]
          RenderText {#text} at (40,0) size 89x14
            text run at (40,0) width 89: "Bugzilla Bug 7724"
        RenderText {#text} at (129,0) size 356x14
          text run at (129,0) width 356: " Minor refactoring to HTMLParser::handleError() to remove duplicate code"
      RenderBlock {DL} at (0,26) size 784x14
        RenderText {#text} at (0,0) size 16x14
          text run at (0,0) width 16: "dltr"
