layer at (0,0) size 800x2732
  RenderView at (0,0) size 800x600
layer at (0,0) size 800x2732
  RenderBlock {HTML} at (0,0) size 800x2732
    RenderBody {BODY} at (8,16) size 784x2708
      RenderBlock {H1} at (0,0) size 784x28
        RenderText {#text} at (0,0) size 377x28
          text run at (0,0) width 377: "The Residual Style Master Test Case"
      RenderBlock (anonymous) at (0,44) size 784x14
        RenderText {#text} at (0,0) size 556x14
          text run at (0,0) width 274: "This test case illustrates some residual style tag examples. "
          text run at (274,0) width 282: "Unless otherwise noted, the behavior should match Firefox."
      RenderBlock {H2} at (0,72) size 784x21
        RenderText {#text} at (0,0) size 100x21
          text run at (0,0) width 100: "Passing Tags"
      RenderBlock {HR} at (0,107) size 784x2 [border: (1px inset #000000)]
      RenderBlock (anonymous) at (0,115) size 784x14
        RenderText {#text} at (0,0) size 15x14
          text run at (0,0) width 15: "A: "
        RenderInline {A} at (0,0) size 48x14
          RenderInline {FONT} at (0,0) size 48x14 [color=#008000]
            RenderText {#text} at (15,0) size 48x14
              text run at (15,0) width 48: "All of this"
        RenderInline {FONT} at (0,0) size 78x14 [color=#008000]
          RenderText {#text} at (63,0) size 78x14
            text run at (63,0) width 78: " should be green"
        RenderText {#text} at (0,0) size 0x0
      RenderBlock {HR} at (0,135) size 784x2 [border: (1px inset #000000)]
      RenderBlock (anonymous) at (0,143) size 784x14
        RenderText {#text} at (0,0) size 39x14
          text run at (0,0) width 39: "ABBR: "
        RenderInline {ABBR} at (0,0) size 48x14
          RenderInline {FONT} at (0,0) size 48x14 [color=#008000]
            RenderText {#text} at (39,0) size 48x14
              text run at (39,0) width 48: "All of this"
        RenderInline {FONT} at (0,0) size 78x14 [color=#008000]
          RenderText {#text} at (87,0) size 78x14
            text run at (87,0) width 78: " should be green"
        RenderText {#text} at (0,0) size 0x0
      RenderBlock {HR} at (0,163) size 784x2 [border: (1px inset #000000)]
      RenderBlock (anonymous) at (0,171) size 784x14
        RenderText {#text} at (0,0) size 69x14
          text run at (0,0) width 69: "ACRONYM: "
        RenderInline {ACRONYM} at (0,0) size 48x14
          RenderInline {FONT} at (0,0) size 48x14 [color=#008000]
            RenderText {#text} at (69,0) size 48x14
              text run at (69,0) width 48: "All of this"
        RenderInline {FONT} at (0,0) size 78x14 [color=#008000]
          RenderText {#text} at (117,0) size 78x14
            text run at (117,0) width 78: " should be green"
        RenderText {#text} at (0,0) size 0x0
      RenderBlock {HR} at (0,191) size 784x2 [border: (1px inset #000000)]
      RenderBlock (anonymous) at (0,199) size 784x14
        RenderText {#text} at (0,0) size 62x14
          text run at (0,0) width 62: "ADDRESS: "
        RenderInline {ADDRESS} at (0,0) size 48x14
          RenderInline {FONT} at (0,0) size 48x14 [color=#008000]
            RenderText {#text} at (62,0) size 48x14
              text run at (62,0) width 48: "All of this"
        RenderInline {FONT} at (0,0) size 78x14 [color=#008000]
          RenderText {#text} at (110,0) size 78x14
            text run at (110,0) width 78: " should be green"
        RenderText {#text} at (0,0) size 0x0
      RenderBlock {HR} at (0,219) size 784x2 [border: (1px inset #000000)]
      RenderBlock (anonymous) at (0,227) size 784x14
        RenderText {#text} at (0,0) size 50x14
          text run at (0,0) width 50: "APPLET: "
        RenderText {#text} at (50,0) size 129x14
          text run at (50,0) width 129: "All of this should be green."
      RenderBlock {HR} at (0,247) size 784x2 [border: (1px inset #000000)]
      RenderBlock (anonymous) at (0,255) size 784x14
        RenderText {#text} at (0,0) size 39x14
          text run at (0,0) width 39: "AREA: "
        RenderInline {MAP} at (0,0) size 0x14
          RenderInline {FONT} at (0,0) size 0x14 [color=#008000]
        RenderInline {FONT} at (0,0) size 129x14 [color=#008000]
          RenderText {#text} at (39,0) size 129x14
            text run at (39,0) width 129: "All of this should be green."
        RenderText {#text} at (0,0) size 0x0
      RenderBlock {HR} at (0,275) size 784x2 [border: (1px inset #000000)]
      RenderBlock (anonymous) at (0,283) size 784x14
        RenderText {#text} at (0,0) size 14x14
          text run at (0,0) width 14: "B: "
        RenderInline {B} at (0,0) size 0x14
          RenderInline {FONT} at (0,0) size 0x14 [color=#008000]
        RenderInline {FONT} at (0,0) size 129x14 [color=#008000]
          RenderText {#text} at (14,0) size 129x14
            text run at (14,0) width 129: "All of this should be green."
        RenderText {#text} at (0,0) size 0x0
      RenderBlock {HR} at (0,303) size 784x2 [border: (1px inset #000000)]
      RenderBlock (anonymous) at (0,311) size 784x14
        RenderText {#text} at (0,0) size 32x14
          text run at (0,0) width 32: "BDO: "
        RenderInline {BDO} at (0,0) size 0x14
          RenderInline {FONT} at (0,0) size 0x14 [color=#008000]
        RenderInline {FONT} at (0,0) size 129x14 [color=#008000]
          RenderText {#text} at (32,0) size 129x14
            text run at (32,0) width 129: "All of this should be green."
        RenderText {#text} at (0,0) size 0x0
      RenderBlock {HR} at (0,331) size 784x2 [border: (1px inset #000000)]
      RenderBlock (anonymous) at (0,339) size 784x17
        RenderText {#text} at (0,2) size 27x14
          text run at (0,2) width 27: "BIG: "
        RenderInline {BIG} at (0,0) size 0x17
          RenderInline {FONT} at (0,0) size 0x17 [color=#008000]
        RenderInline {FONT} at (0,0) size 129x14 [color=#008000]
          RenderText {#text} at (27,2) size 129x14
            text run at (27,2) width 129: "All of this should be green."
        RenderText {#text} at (0,0) size 0x0
      RenderBlock {HR} at (0,362) size 784x2 [border: (1px inset #000000)]
      RenderBlock (anonymous) at (0,370) size 784x14
        RenderText {#text} at (0,0) size 88x14
          text run at (0,0) width 88: "BLOCKQUOTE: "
        RenderInline {BLOCKQUOTE} at (0,0) size 0x14
          RenderInline {FONT} at (0,0) size 0x14 [color=#008000]
        RenderInline {FONT} at (0,0) size 129x14 [color=#008000]
          RenderText {#text} at (88,0) size 129x14
            text run at (88,0) width 129: "All of this should be green."
        RenderText {#text} at (0,0) size 0x0
      RenderBlock {HR} at (0,390) size 784x2 [border: (1px inset #000000)]
      RenderBlock (anonymous) at (0,398) size 784x18
        RenderText {#text} at (0,4) size 55x14
          text run at (0,4) width 55: "BUTTON: "
        RenderButton {BUTTON} at (55,2) size 11x11 [bgcolor=#C0C0C0] [border: (2px outset #C0C0C0)]
          RenderBlock (anonymous) at (6,6) size 0x0
            RenderInline {FONT} at (0,0) size 0x0 [color=#008000]
        RenderInline {FONT} at (0,0) size 129x14 [color=#008000]
          RenderText {#text} at (66,4) size 129x14
            text run at (66,4) width 129: "All of this should be green."
        RenderText {#text} at (0,0) size 0x0
      RenderBlock {HR} at (0,422) size 784x2 [border: (1px inset #000000)]
      RenderBlock (anonymous) at (0,430) size 784x14
        RenderText {#text} at (0,0) size 57x14
          text run at (0,0) width 57: "CANVAS: "
        RenderHTMLCanvas {CANVAS} at (57,11) size 0x0
        RenderInline {FONT} at (0,0) size 129x14 [color=#008000]
          RenderText {#text} at (57,0) size 129x14
            text run at (57,0) width 129: "All of this should be green."
        RenderText {#text} at (0,0) size 0x0
      RenderBlock {HR} at (0,450) size 784x2 [border: (1px inset #000000)]
      RenderBlock (anonymous) at (0,458) size 784x14
        RenderText {#text} at (0,0) size 59x14
          text run at (0,0) width 59: "CAPTION: "
        RenderInline {FONT} at (0,0) size 133x14 [color=#008000]
          RenderTable {TABLE} at (59,11) size 4x0
            RenderBlock {CAPTION} at (0,0) size 4x0
              RenderInline {FONT} at (0,0) size 0x0 [color=#FF0000]
          RenderText {#text} at (63,0) size 129x14
            text run at (63,0) width 129: "All of this should be green."
        RenderText {#text} at (0,0) size 0x0
      RenderBlock {HR} at (0,478) size 784x2 [border: (1px inset #000000)]
      RenderBlock (anonymous) at (0,486) size 784x14
        RenderText {#text} at (0,0) size 52x14
          text run at (0,0) width 52: "CENTER: "
        RenderInline {CENTER} at (0,0) size 0x14
          RenderInline {FONT} at (0,0) size 0x14 [color=#008000]
        RenderInline {FONT} at (0,0) size 129x14 [color=#008000]
          RenderText {#text} at (52,0) size 129x14
            text run at (52,0) width 129: "All of this should be green."
        RenderText {#text} at (0,0) size 0x0
      RenderBlock {HR} at (0,506) size 784x2 [border: (1px inset #000000)]
      RenderBlock (anonymous) at (0,514) size 784x14
        RenderText {#text} at (0,0) size 32x14
          text run at (0,0) width 32: "CITE: "
        RenderInline {CITE} at (0,0) size 0x14
          RenderInline {FONT} at (0,0) size 0x14 [color=#008000]
        RenderInline {FONT} at (0,0) size 129x14 [color=#008000]
          RenderText {#text} at (32,0) size 129x14
            text run at (32,0) width 129: "All of this should be green."
        RenderText {#text} at (0,0) size 0x0
      RenderBlock {HR} at (0,534) size 784x2 [border: (1px inset #000000)]
      RenderBlock (anonymous) at (0,542) size 784x14
        RenderText {#text} at (0,0) size 39x14
          text run at (0,0) width 39: "CODE: "
        RenderInline {CODE} at (0,0) size 0x12
          RenderInline {FONT} at (0,0) size 0x12 [color=#008000]
        RenderInline {FONT} at (0,0) size 129x14 [color=#008000]
          RenderText {#text} at (39,0) size 129x14
            text run at (39,0) width 129: "All of this should be green."
        RenderText {#text} at (0,0) size 0x0
      RenderBlock {HR} at (0,562) size 784x2 [border: (1px inset #000000)]
      RenderBlock (anonymous) at (0,570) size 784x14
        RenderText {#text} at (0,0) size 30x14
          text run at (0,0) width 30: "COL: "
        RenderInline {FONT} at (0,0) size 133x14 [color=#008000]
          RenderInline {FONT} at (0,0) size 0x14 [color=#FF0000]
          RenderTable {TABLE} at (30,11) size 4x0
            RenderTableCol {COLGROUP} at (0,0) size 0x0
              RenderTableCol {COL} at (0,0) size 0x0
          RenderInline {FONT} at (0,0) size 129x14 [color=#FF0000]
            RenderText {#text} at (34,0) size 129x14
              text run at (34,0) width 129: "All of this should be green."
        RenderText {#text} at (0,0) size 0x0
      RenderBlock {HR} at (0,590) size 784x2 [border: (1px inset #000000)]
      RenderBlock (anonymous) at (0,598) size 784x14
        RenderText {#text} at (0,0) size 72x14
          text run at (0,0) width 72: "COLGROUP: "
        RenderInline {FONT} at (0,0) size 133x14 [color=#008000]
          RenderInline {FONT} at (0,0) size 0x14 [color=#FF0000]
          RenderTable {TABLE} at (72,11) size 4x0
            RenderTableCol {COLGROUP} at (0,0) size 0x0
          RenderInline {FONT} at (0,0) size 129x14 [color=#FF0000]
            RenderText {#text} at (76,0) size 129x14
              text run at (76,0) width 129: "All of this should be green."
        RenderText {#text} at (0,0) size 0x0
      RenderBlock {HR} at (0,618) size 784x2 [border: (1px inset #000000)]
      RenderBlock (anonymous) at (0,626) size 784x14
        RenderText {#text} at (0,0) size 24x14
          text run at (0,0) width 24: "DD: "
        RenderInline {DL} at (0,0) size 0x14
          RenderInline {DD} at (0,0) size 0x14
            RenderInline {FONT} at (0,0) size 0x14 [color=#008000]
        RenderInline {FONT} at (0,0) size 129x14 [color=#008000]
          RenderText {#text} at (24,0) size 129x14
            text run at (24,0) width 129: "All of this should be green."
        RenderText {#text} at (0,0) size 0x0
      RenderBlock {HR} at (0,646) size 784x2 [border: (1px inset #000000)]
      RenderBlock (anonymous) at (0,654) size 784x14
        RenderText {#text} at (0,0) size 29x14
          text run at (0,0) width 29: "DEL: "
        RenderInline {DEL} at (0,0) size 0x14
          RenderInline {FONT} at (0,0) size 0x14 [color=#008000]
        RenderInline {FONT} at (0,0) size 129x14 [color=#008000]
          RenderText {#text} at (29,0) size 129x14
            text run at (29,0) width 129: "All of this should be green."
        RenderText {#text} at (0,0) size 0x0
      RenderBlock {HR} at (0,674) size 784x2 [border: (1px inset #000000)]
      RenderBlock (anonymous) at (0,682) size 784x14
        RenderText {#text} at (0,0) size 31x14
          text run at (0,0) width 31: "DFN: "
        RenderInline {DFN} at (0,0) size 0x14
          RenderInline {FONT} at (0,0) size 0x14 [color=#008000]
        RenderInline {FONT} at (0,0) size 129x14 [color=#008000]
          RenderText {#text} at (31,0) size 129x14
            text run at (31,0) width 129: "All of this should be green."
        RenderText {#text} at (0,0) size 0x0
      RenderBlock {HR} at (0,702) size 784x2 [border: (1px inset #000000)]
      RenderBlock (anonymous) at (0,710) size 784x14
        RenderText {#text} at (0,0) size 27x14
          text run at (0,0) width 27: "DIR: "
        RenderInline {DIR} at (0,0) size 0x14
          RenderInline {FONT} at (0,0) size 0x14 [color=#008000]
        RenderInline {FONT} at (0,0) size 129x14 [color=#008000]
          RenderText {#text} at (27,0) size 129x14
            text run at (27,0) width 129: "All of this should be green."
        RenderText {#text} at (0,0) size 0x0
      RenderBlock {HR} at (0,730) size 784x2 [border: (1px inset #000000)]
      RenderBlock (anonymous) at (0,738) size 784x14
        RenderText {#text} at (0,0) size 28x14
          text run at (0,0) width 28: "DIV: "
        RenderInline {DIV} at (0,0) size 0x14
          RenderInline {FONT} at (0,0) size 0x14 [color=#008000]
        RenderInline {FONT} at (0,0) size 129x14 [color=#008000]
          RenderText {#text} at (28,0) size 129x14
            text run at (28,0) width 129: "All of this should be green."
        RenderText {#text} at (0,0) size 0x0
      RenderBlock {HR} at (0,758) size 784x2 [border: (1px inset #000000)]
      RenderBlock (anonymous) at (0,766) size 784x14
        RenderText {#text} at (0,0) size 22x14
          text run at (0,0) width 22: "DL: "
        RenderInline {DL} at (0,0) size 0x14
          RenderInline {FONT} at (0,0) size 0x14 [color=#008000]
        RenderInline {FONT} at (0,0) size 129x14 [color=#008000]
          RenderText {#text} at (22,0) size 129x14
            text run at (22,0) width 129: "All of this should be green."
        RenderText {#text} at (0,0) size 0x0
      RenderBlock {HR} at (0,786) size 784x2 [border: (1px inset #000000)]
      RenderBlock (anonymous) at (0,794) size 784x14
        RenderText {#text} at (0,0) size 22x14
          text run at (0,0) width 22: "DT: "
        RenderInline {DL} at (0,0) size 0x14
          RenderInline {DT} at (0,0) size 0x14
            RenderInline {FONT} at (0,0) size 0x14 [color=#008000]
        RenderInline {FONT} at (0,0) size 129x14 [color=#008000]
          RenderText {#text} at (22,0) size 129x14
            text run at (22,0) width 129: "All of this should be green."
        RenderText {#text} at (0,0) size 0x0
      RenderBlock {HR} at (0,814) size 784x2 [border: (1px inset #000000)]
      RenderBlock (anonymous) at (0,822) size 784x14
        RenderText {#text} at (0,0) size 24x14
          text run at (0,0) width 24: "EM: "
        RenderInline {EM} at (0,0) size 0x14
          RenderInline {FONT} at (0,0) size 0x14 [color=#008000]
        RenderInline {FONT} at (0,0) size 129x14 [color=#008000]
          RenderText {#text} at (24,0) size 129x14
            text run at (24,0) width 129: "All of this should be green."
        RenderText {#text} at (0,0) size 0x0
      RenderBlock {HR} at (0,842) size 784x2 [border: (1px inset #000000)]
      RenderBlock (anonymous) at (0,850) size 784x14
        RenderText {#text} at (0,0) size 48x14
          text run at (0,0) width 48: "EMBED: "
        RenderEmbeddedObject {EMBED} at (48,11) size 0x0
        RenderInline {FONT} at (0,0) size 129x14 [color=#008000]
          RenderText {#text} at (48,0) size 129x14
            text run at (48,0) width 129: "All of this should be green."
        RenderText {#text} at (0,0) size 0x0
      RenderBlock {HR} at (0,870) size 784x2 [border: (1px inset #000000)]
      RenderBlock (anonymous) at (0,878) size 784x14
        RenderText {#text} at (0,0) size 61x14
          text run at (0,0) width 61: "FIELDSET: "
        RenderFieldSet {FIELDSET} at (61,11) size 0x0
          RenderInline {FONT} at (0,0) size 0x0 [color=#008000]
        RenderInline {FONT} at (0,0) size 129x14 [color=#008000]
          RenderText {#text} at (61,0) size 129x14
            text run at (61,0) width 129: "All of this should be green."
        RenderText {#text} at (0,0) size 0x0
      RenderBlock {HR} at (0,898) size 784x2 [border: (1px inset #000000)]
      RenderBlock (anonymous) at (0,906) size 784x14
        RenderText {#text} at (0,0) size 38x14
          text run at (0,0) width 38: "FONT: "
        RenderInline {FONT} at (0,0) size 0x14 [color=#008000]
          RenderInline {I} at (0,0) size 0x14
        RenderInline {I} at (0,0) size 129x14 [color=#008000]
          RenderText {#text} at (38,0) size 129x14
            text run at (38,0) width 129: "All of this should be green."
        RenderText {#text} at (0,0) size 0x0
      RenderBlock {HR} at (0,926) size 784x2 [border: (1px inset #000000)]
      RenderBlock (anonymous) at (0,934) size 784x14
        RenderText {#text} at (0,0) size 41x14
          text run at (0,0) width 41: "FORM: "
        RenderInline {FORM} at (0,0) size 129x14
          RenderInline {FONT} at (0,0) size 129x14 [color=#008000]
            RenderText {#text} at (41,0) size 129x14
              text run at (41,0) width 129: "All of this should be green."
        RenderText {#text} at (0,0) size 0x0
      RenderBlock {HR} at (0,954) size 784x2 [border: (1px inset #000000)]
      RenderBlock (anonymous) at (0,962) size 784x14
        RenderText {#text} at (0,0) size 18x14
          text run at (0,0) width 18: "H1:"
      RenderBlock {H1} at (0,992) size 784x0
        RenderInline {FONT} at (0,0) size 0x0 [color=#008000]
      RenderBlock (anonymous) at (0,992) size 784x14
        RenderInline {FONT} at (0,0) size 129x14 [color=#008000]
          RenderText {#text} at (0,0) size 129x14
            text run at (0,0) width 129: "All of this should be green."
        RenderText {#text} at (0,0) size 0x0
      RenderBlock {HR} at (0,1012) size 784x2 [border: (1px inset #000000)]
      RenderBlock (anonymous) at (0,1020) size 784x14
        RenderText {#text} at (0,0) size 18x14
          text run at (0,0) width 18: "H2:"
      RenderBlock {H2} at (0,1048) size 784x0
        RenderInline {FONT} at (0,0) size 0x0 [color=#008000]
      RenderBlock (anonymous) at (0,1048) size 784x14
        RenderInline {FONT} at (0,0) size 129x14 [color=#008000]
          RenderText {#text} at (0,0) size 129x14
            text run at (0,0) width 129: "All of this should be green."
        RenderText {#text} at (0,0) size 0x0
      RenderBlock {HR} at (0,1068) size 784x2 [border: (1px inset #000000)]
      RenderBlock (anonymous) at (0,1076) size 784x14
        RenderText {#text} at (0,0) size 18x14
          text run at (0,0) width 18: "H3:"
      RenderBlock {H3} at (0,1104) size 784x0
        RenderInline {FONT} at (0,0) size 0x0 [color=#008000]
      RenderBlock (anonymous) at (0,1104) size 784x14
        RenderInline {FONT} at (0,0) size 129x14 [color=#008000]
          RenderText {#text} at (0,0) size 129x14
            text run at (0,0) width 129: "All of this should be green."
        RenderText {#text} at (0,0) size 0x0
      RenderBlock {HR} at (0,1124) size 784x2 [border: (1px inset #000000)]
      RenderBlock (anonymous) at (0,1132) size 784x14
        RenderText {#text} at (0,0) size 18x14
          text run at (0,0) width 18: "H4:"
      RenderBlock {H4} at (0,1161) size 784x0
        RenderInline {FONT} at (0,0) size 0x0 [color=#008000]
      RenderBlock (anonymous) at (0,1161) size 784x14
        RenderInline {FONT} at (0,0) size 129x14 [color=#008000]
          RenderText {#text} at (0,0) size 129x14
            text run at (0,0) width 129: "All of this should be green."
        RenderText {#text} at (0,0) size 0x0
      RenderBlock {HR} at (0,1181) size 784x2 [border: (1px inset #000000)]
      RenderBlock (anonymous) at (0,1189) size 784x14
        RenderText {#text} at (0,0) size 18x14
          text run at (0,0) width 18: "H5:"
      RenderBlock {H5} at (0,1219) size 784x0
        RenderInline {FONT} at (0,0) size 0x0 [color=#008000]
      RenderBlock (anonymous) at (0,1219) size 784x14
        RenderInline {FONT} at (0,0) size 129x14 [color=#008000]
          RenderText {#text} at (0,0) size 129x14
            text run at (0,0) width 129: "All of this should be green."
        RenderText {#text} at (0,0) size 0x0
      RenderBlock {HR} at (0,1239) size 784x2 [border: (1px inset #000000)]
      RenderBlock (anonymous) at (0,1247) size 784x14
        RenderText {#text} at (0,0) size 18x14
          text run at (0,0) width 18: "H6:"
      RenderBlock {H6} at (0,1279) size 784x0
        RenderInline {FONT} at (0,0) size 0x0 [color=#008000]
      RenderBlock (anonymous) at (0,1279) size 784x14
        RenderInline {FONT} at (0,0) size 129x14 [color=#008000]
          RenderText {#text} at (0,0) size 129x14
            text run at (0,0) width 129: "All of this should be green."
        RenderText {#text} at (0,0) size 0x0
      RenderBlock {HR} at (0,1299) size 784x2 [border: (1px inset #000000)]
      RenderBlock (anonymous) at (0,1307) size 784x14
        RenderText {#text} at (0,0) size 10x14
          text run at (0,0) width 10: "I: "
        RenderInline {I} at (0,0) size 0x14
          RenderInline {FONT} at (0,0) size 0x14 [color=#008000]
        RenderInline {FONT} at (0,0) size 129x14 [color=#008000]
          RenderText {#text} at (10,0) size 129x14
            text run at (10,0) width 129: "All of this should be green."
        RenderText {#text} at (0,0) size 0x0
      RenderBlock {HR} at (0,1327) size 784x2 [border: (1px inset #000000)]
      RenderBlock (anonymous) at (0,1335) size 784x14
        RenderText {#text} at (0,0) size 26x14
          text run at (0,0) width 26: "INS: "
        RenderInline {INS} at (0,0) size 0x14
          RenderInline {FONT} at (0,0) size 0x14 [color=#008000]
        RenderInline {FONT} at (0,0) size 129x14 [color=#008000]
          RenderText {#text} at (26,0) size 129x14
            text run at (26,0) width 129: "All of this should be green."
        RenderText {#text} at (0,0) size 0x0
      RenderBlock {HR} at (0,1355) size 784x2 [border: (1px inset #000000)]
      RenderBlock (anonymous) at (0,1363) size 784x14
        RenderText {#text} at (0,0) size 52x14
          text run at (0,0) width 52: "ISINDEX:"
        RenderInline {FORM} at (0,0) size 0x0
      RenderBlock (anonymous) at (0,1383) size 784x2
        RenderBlock {HR} at (0,0) size 784x2 [border: (1px inset #000000)]
      RenderBlock (anonymous) at (0,1391) size 784x33
        RenderInline {FORM} at (0,0) size 440x14
          RenderInline {LABEL} at (0,0) size 440x14
            RenderText {#text} at (0,12) size 241x14
              text run at (0,12) width 241: "This is a searchable index. Enter search keywords: "
            RenderTextControl {INPUT} at (243,2) size 195x29 [color=#202020]
      RenderBlock (anonymous) at (0,1430) size 784x2
        RenderBlock {HR} at (0,0) size 784x2 [border: (1px inset #000000)]
      RenderBlock (anonymous) at (0,1438) size 784x14
        RenderInline {FORM} at (0,0) size 0x0
        RenderInline {FONT} at (0,0) size 129x14 [color=#008000]
          RenderText {#text} at (0,0) size 129x14
            text run at (0,0) width 129: "All of this should be green."
        RenderText {#text} at (0,0) size 0x0
      RenderBlock {HR} at (0,1458) size 784x2 [border: (1px inset #000000)]
      RenderBlock (anonymous) at (0,1466) size 784x14
        RenderText {#text} at (0,0) size 32x14
          text run at (0,0) width 32: "KBD: "
        RenderInline {KBD} at (0,0) size 0x12
          RenderInline {FONT} at (0,0) size 0x12 [color=#008000]
        RenderInline {FONT} at (0,0) size 129x14 [color=#008000]
          RenderText {#text} at (32,0) size 129x14
            text run at (32,0) width 129: "All of this should be green."
        RenderText {#text} at (0,0) size 0x0
      RenderBlock {HR} at (0,1486) size 784x2 [border: (1px inset #000000)]
      RenderBlock (anonymous) at (0,1494) size 784x29
        RenderText {#text} at (0,8) size 56x14
          text run at (0,8) width 56: "KEYGEN: "
        RenderBlock {KEYGEN} at (58,2) size 25x25
          RenderMenuList {SELECT} at (0,0) size 25x25 [color=#202020]
            RenderBlock (anonymous) at (5,2) size 0x19
              RenderBR at (0,0) size 0x19
        RenderInline {FONT} at (0,0) size 129x14 [color=#008000]
          RenderText {#text} at (85,8) size 129x14
            text run at (85,8) width 129: "All of this should be green."
        RenderText {#text} at (0,0) size 0x0
      RenderBlock {HR} at (0,1529) size 784x2 [border: (1px inset #000000)]
      RenderBlock (anonymous) at (0,1537) size 784x14
        RenderText {#text} at (0,0) size 44x14
          text run at (0,0) width 44: "LABEL: "
        RenderInline {LABEL} at (0,0) size 0x14
          RenderInline {FONT} at (0,0) size 0x14 [color=#008000]
        RenderInline {FONT} at (0,0) size 129x14 [color=#008000]
          RenderText {#text} at (44,0) size 129x14
            text run at (44,0) width 129: "All of this should be green."
        RenderText {#text} at (0,0) size 0x0
      RenderBlock {HR} at (0,1557) size 784x2 [border: (1px inset #000000)]
      RenderBlock (anonymous) at (0,1565) size 784x14
        RenderText {#text} at (0,0) size 54x14
          text run at (0,0) width 54: "LEGEND: "
        RenderFieldSet {FIELDSET} at (54,11) size 4x0
          RenderBlock {LEGEND} at (0,0) size 4x0
            RenderInline {FONT} at (0,0) size 0x0 [color=#008000]
        RenderInline {FONT} at (0,0) size 129x14 [color=#008000]
          RenderText {#text} at (58,0) size 129x14
            text run at (58,0) width 129: "All of this should be green."
        RenderText {#text} at (0,0) size 0x0
      RenderBlock {HR} at (0,1585) size 784x2 [border: (1px inset #000000)]
      RenderBlock (anonymous) at (0,1593) size 784x14
        RenderText {#text} at (0,0) size 17x14
          text run at (0,0) width 17: "LI: "
        RenderInline {LI} at (0,0) size 0x14
          RenderInline {FONT} at (0,0) size 0x14 [color=#008000]
        RenderInline {FONT} at (0,0) size 129x14 [color=#008000]
          RenderText {#text} at (17,0) size 129x14
            text run at (17,0) width 129: "All of this should be green."
        RenderText {#text} at (0,0) size 0x0
      RenderBlock {HR} at (0,1613) size 784x2 [border: (1px inset #000000)]
      RenderBlock (anonymous) at (0,1621) size 784x14
        RenderText {#text} at (0,0) size 50x14
          text run at (0,0) width 50: "LISTING:"
      RenderBlock {LISTING} at (0,1645) size 784x0
        RenderInline {FONT} at (0,0) size 0x0 [color=#008000]
      RenderBlock (anonymous) at (0,1645) size 784x14
        RenderInline {FONT} at (0,0) size 129x14 [color=#008000]
          RenderText {#text} at (0,0) size 129x14
            text run at (0,0) width 129: "All of this should be green."
        RenderText {#text} at (0,0) size 0x0
      RenderBlock {HR} at (0,1665) size 784x2 [border: (1px inset #000000)]
      RenderBlock (anonymous) at (0,1673) size 784x14
        RenderText {#text} at (0,0) size 33x14
          text run at (0,0) width 33: "MAP: "
        RenderInline {MAP} at (0,0) size 0x14
          RenderInline {FONT} at (0,0) size 0x14 [color=#008000]
        RenderInline {FONT} at (0,0) size 129x14 [color=#008000]
          RenderText {#text} at (33,0) size 129x14
            text run at (33,0) width 129: "All of this should be green."
        RenderText {#text} at (0,0) size 0x0
      RenderBlock {HR} at (0,1693) size 784x2 [border: (1px inset #000000)]
      RenderBlock (anonymous) at (0,1701) size 784x42
        RenderText {#text} at (0,0) size 66x14
          text run at (0,0) width 66: "MARQUEE: "
        RenderText {#text} at (0,28) size 129x14
          text run at (0,28) width 129: "All of this should be green."
      RenderBlock {HR} at (0,1749) size 784x2 [border: (1px inset #000000)]
      RenderBlock (anonymous) at (0,1757) size 784x14
        RenderText {#text} at (0,0) size 39x14
          text run at (0,0) width 39: "MENU:"
      RenderBlock {MENU} at (0,1783) size 784x0
        RenderInline {FONT} at (0,0) size 0x0 [color=#008000]
      RenderBlock (anonymous) at (0,1783) size 784x14
        RenderInline {FONT} at (0,0) size 129x14 [color=#008000]
          RenderText {#text} at (0,0) size 129x14
            text run at (0,0) width 129: "All of this should be green."
        RenderText {#text} at (0,0) size 0x0
      RenderBlock {HR} at (0,1803) size 784x2 [border: (1px inset #000000)]
      RenderBlock (anonymous) at (0,1811) size 784x14
        RenderText {#text} at (0,0) size 40x14
          text run at (0,0) width 40: "NOBR: "
        RenderInline {NOBR} at (0,0) size 0x14
          RenderInline {FONT} at (0,0) size 0x14 [color=#008000]
        RenderInline {FONT} at (0,0) size 129x14 [color=#008000]
          RenderText {#text} at (40,0) size 129x14
            text run at (40,0) width 129: "All of this should be green."
        RenderText {#text} at (0,0) size 0x0
      RenderBlock {HR} at (0,1831) size 784x2 [border: (1px inset #000000)]
      RenderBlock (anonymous) at (0,1839) size 784x14
        RenderText {#text} at (0,0) size 50x14
          text run at (0,0) width 50: "OBJECT: "
        RenderInline {FONT} at (0,0) size 129x14 [color=#008000]
          RenderInline {OBJECT} at (0,0) size 0x14
            RenderInline {FONT} at (0,0) size 0x14 [color=#FF0000]
          RenderText {#text} at (50,0) size 129x14
            text run at (50,0) width 129: "All of this should be green."
        RenderText {#text} at (0,0) size 0x0
      RenderBlock {HR} at (0,1859) size 784x2 [border: (1px inset #000000)]
      RenderBlock (anonymous) at (0,1867) size 784x14
        RenderText {#text} at (0,0) size 19x14
          text run at (0,0) width 19: "OL:"
      RenderBlock {OL} at (0,1893) size 784x0
        RenderInline {FONT} at (0,0) size 0x0 [color=#008000]
      RenderBlock (anonymous) at (0,1893) size 784x14
        RenderInline {FONT} at (0,0) size 129x14 [color=#008000]
          RenderText {#text} at (0,0) size 129x14
            text run at (0,0) width 129: "All of this should be green."
        RenderText {#text} at (0,0) size 0x0
      RenderBlock {HR} at (0,1913) size 784x2 [border: (1px inset #000000)]
      RenderBlock (anonymous) at (0,1921) size 784x29
        RenderText {#text} at (0,8) size 71x14
          text run at (0,8) width 71: "OPTGROUP: "
        RenderInline {FONT} at (0,0) size 191x14 [color=#008000]
          RenderMenuList {SELECT} at (73,2) size 55x25 [color=#202020]
            RenderBlock (anonymous) at (5,2) size 30x19
              RenderText at (0,0) size 30x19
                text run at (0,0) width 30: "One"
          RenderText {#text} at (130,8) size 132x14
            text run at (130,8) width 132: " All of this should be green."
        RenderText {#text} at (0,0) size 0x0
      RenderBlock {HR} at (0,1956) size 784x2 [border: (1px inset #000000)]
      RenderBlock (anonymous) at (0,1964) size 784x29
        RenderText {#text} at (0,8) size 51x14
          text run at (0,8) width 51: "OPTION: "
        RenderInline {FONT} at (0,0) size 192x14 [color=#008000]
          RenderMenuList {SELECT} at (53,2) size 56x25 [color=#202020]
            RenderBlock (anonymous) at (5,2) size 31x19
              RenderText at (0,0) size 30x19
                text run at (0,0) width 30: "One"
          RenderText {#text} at (111,8) size 132x14
            text run at (111,8) width 132: " All of this should be green."
        RenderText {#text} at (0,0) size 0x0
      RenderBlock {HR} at (0,1999) size 784x2 [border: (1px inset #000000)]
      RenderBlock (anonymous) at (0,2007) size 784x14
        RenderText {#text} at (0,0) size 13x14
          text run at (0,0) width 13: "P: "
        RenderInline {P} at (0,0) size 0x14
          RenderInline {FONT} at (0,0) size 0x14 [color=#008000]
        RenderInline {FONT} at (0,0) size 129x14 [color=#008000]
          RenderText {#text} at (13,0) size 129x14
            text run at (13,0) width 129: "All of this should be green."
        RenderText {#text} at (0,0) size 0x0
      RenderBlock {HR} at (0,2027) size 784x2 [border: (1px inset #000000)]
      RenderBlock (anonymous) at (0,2035) size 784x14
        RenderText {#text} at (0,0) size 50x14
          text run at (0,0) width 50: "PARAM: "
        RenderInline {FONT} at (0,0) size 129x14 [color=#008000]
          RenderInline {OBJECT} at (0,0) size 0x14
            RenderInline {FONT} at (0,0) size 0x14 [color=#FF0000]
          RenderText {#text} at (50,0) size 129x14
            text run at (50,0) width 129: "All of this should be green."
        RenderText {#text} at (0,0) size 0x0
      RenderBlock {HR} at (0,2055) size 784x2 [border: (1px inset #000000)]
      RenderBlock (anonymous) at (0,2063) size 784x14
        RenderText {#text} at (0,0) size 25x14
          text run at (0,0) width 25: "PRE:"
      RenderBlock {PRE} at (0,2087) size 784x0
        RenderInline {FONT} at (0,0) size 0x0 [color=#008000]
      RenderBlock (anonymous) at (0,2087) size 784x14
        RenderInline {FONT} at (0,0) size 129x14 [color=#008000]
          RenderText {#text} at (0,0) size 129x14
            text run at (0,0) width 129: "All of this should be green."
        RenderText {#text} at (0,0) size 0x0
      RenderBlock {HR} at (0,2107) size 784x2 [border: (1px inset #000000)]
      RenderBlock (anonymous) at (0,2115) size 784x14
        RenderText {#text} at (0,0) size 15x14
          text run at (0,0) width 15: "Q: "
        RenderInline {Q} at (0,0) size 10x14
          RenderInline (generated) at (0,0) size 5x14
            RenderQuote at (15,0) size 5x14
              text run at (15,0) width 5: "\""
          RenderInline {FONT} at (0,0) size 0x14 [color=#008000]
          RenderInline (generated) at (0,0) size 5x14
            RenderQuote at (20,0) size 5x14
              text run at (20,0) width 5: "\""
        RenderInline {FONT} at (0,0) size 129x14 [color=#008000]
          RenderText {#text} at (25,0) size 129x14
            text run at (25,0) width 129: "All of this should be green."
        RenderText {#text} at (0,0) size 0x0
      RenderBlock {HR} at (0,2135) size 784x2 [border: (1px inset #000000)]
      RenderBlock (anonymous) at (0,2143) size 784x14
        RenderText {#text} at (0,0) size 13x14
          text run at (0,0) width 13: "S: "
        RenderInline {S} at (0,0) size 0x14
          RenderInline {FONT} at (0,0) size 0x14 [color=#008000]
        RenderInline {FONT} at (0,0) size 129x14 [color=#008000]
          RenderText {#text} at (13,0) size 129x14
            text run at (13,0) width 129: "All of this should be green."
        RenderText {#text} at (0,0) size 0x0
      RenderBlock {HR} at (0,2163) size 784x2 [border: (1px inset #000000)]
      RenderBlock (anonymous) at (0,2171) size 784x14
        RenderText {#text} at (0,0) size 40x14
          text run at (0,0) width 40: "SAMP: "
        RenderInline {SAMP} at (0,0) size 0x12
          RenderInline {FONT} at (0,0) size 0x12 [color=#008000]
        RenderInline {FONT} at (0,0) size 129x14 [color=#008000]
          RenderText {#text} at (40,0) size 129x14
            text run at (40,0) width 129: "All of this should be green."
        RenderText {#text} at (0,0) size 0x0
      RenderBlock {HR} at (0,2191) size 784x2 [border: (1px inset #000000)]
      RenderBlock (anonymous) at (0,2199) size 784x29
        RenderText {#text} at (0,8) size 49x14
          text run at (0,8) width 49: "SELECT: "
        RenderInline {FONT} at (0,0) size 158x14 [color=#008000]
          RenderMenuList {SELECT} at (51,2) size 25x25 [color=#202020]
            RenderBlock (anonymous) at (5,2) size 0x19
              RenderBR at (0,0) size 0x19
          RenderText {#text} at (78,8) size 129x14
            text run at (78,8) width 129: "All of this should be green."
        RenderText {#text} at (0,0) size 0x0
      RenderBlock {HR} at (0,2234) size 784x2 [border: (1px inset #000000)]
      RenderBlock (anonymous) at (0,2242) size 784x14
        RenderText {#text} at (0,0) size 47x14
          text run at (0,0) width 47: "SMALL: "
        RenderInline {SMALL} at (0,0) size 0x12
          RenderInline {FONT} at (0,0) size 0x12 [color=#008000]
        RenderInline {FONT} at (0,0) size 129x14 [color=#008000]
          RenderText {#text} at (47,0) size 129x14
            text run at (47,0) width 129: "All of this should be green."
        RenderText {#text} at (0,0) size 0x0
      RenderBlock {HR} at (0,2262) size 784x2 [border: (1px inset #000000)]
      RenderBlock (anonymous) at (0,2270) size 784x14
        RenderText {#text} at (0,0) size 38x14
          text run at (0,0) width 38: "SPAN: "
        RenderInline {SPAN} at (0,0) size 0x14
          RenderInline {FONT} at (0,0) size 0x14 [color=#008000]
        RenderInline {FONT} at (0,0) size 129x14 [color=#008000]
          RenderText {#text} at (38,0) size 129x14
            text run at (38,0) width 129: "All of this should be green."
        RenderText {#text} at (0,0) size 0x0
      RenderBlock {HR} at (0,2290) size 784x2 [border: (1px inset #000000)]
      RenderBlock (anonymous) at (0,2298) size 784x14
        RenderText {#text} at (0,0) size 48x14
          text run at (0,0) width 48: "STRIKE: "
        RenderInline {STRIKE} at (0,0) size 0x14
          RenderInline {FONT} at (0,0) size 0x14 [color=#008000]
        RenderInline {FONT} at (0,0) size 129x14 [color=#008000]
          RenderText {#text} at (48,0) size 129x14
            text run at (48,0) width 129: "All of this should be green."
        RenderText {#text} at (0,0) size 0x0
      RenderBlock {HR} at (0,2318) size 784x2 [border: (1px inset #000000)]
      RenderBlock (anonymous) at (0,2326) size 784x14
        RenderText {#text} at (0,0) size 55x14
          text run at (0,0) width 55: "STRONG: "
        RenderInline {STRONG} at (0,0) size 0x14
          RenderInline {FONT} at (0,0) size 0x14 [color=#008000]
        RenderInline {FONT} at (0,0) size 129x14 [color=#008000]
          RenderText {#text} at (55,0) size 129x14
            text run at (55,0) width 129: "All of this should be green."
        RenderText {#text} at (0,0) size 0x0
      RenderBlock {HR} at (0,2346) size 784x2 [border: (1px inset #000000)]
      RenderBlock (anonymous) at (0,2354) size 784x17
        RenderText {#text} at (0,0) size 30x14
          text run at (0,0) width 30: "SUB: "
        RenderInline {SUB} at (0,0) size 0x12
          RenderInline {FONT} at (0,0) size 0x12 [color=#008000]
        RenderInline {FONT} at (0,0) size 129x14 [color=#008000]
          RenderText {#text} at (30,0) size 129x14
            text run at (30,0) width 129: "All of this should be green."
        RenderText {#text} at (0,0) size 0x0
      RenderBlock {HR} at (0,2377) size 784x2 [border: (1px inset #000000)]
      RenderBlock (anonymous) at (0,2385) size 784x17
        RenderText {#text} at (0,3) size 29x14
          text run at (0,3) width 29: "SUP: "
        RenderInline {SUP} at (0,0) size 0x12
          RenderInline {FONT} at (0,0) size 0x12 [color=#008000]
        RenderInline {FONT} at (0,0) size 129x14 [color=#008000]
          RenderText {#text} at (29,3) size 129x14
            text run at (29,3) width 129: "All of this should be green."
        RenderText {#text} at (0,0) size 0x0
      RenderBlock {HR} at (0,2408) size 784x2 [border: (1px inset #000000)]
      RenderBlock (anonymous) at (0,2416) size 784x14
        RenderText {#text} at (0,0) size 44x14
          text run at (0,0) width 44: "TABLE: "
        RenderInline {FONT} at (0,0) size 133x14 [color=#008000]
          RenderInline {FONT} at (0,0) size 0x14 [color=#FF0000]
          RenderTable {TABLE} at (44,11) size 4x0
          RenderInline {FONT} at (0,0) size 129x14 [color=#FF0000]
            RenderText {#text} at (48,0) size 129x14
              text run at (48,0) width 129: "All of this should be green."
          RenderText {#text} at (0,0) size 0x0
      RenderBlock (anonymous) at (0,2436) size 784x2 [color=#008000]
        RenderBlock {HR} at (0,0) size 784x2 [border: (1px inset #008000)]
      RenderBlock (anonymous) at (0,2444) size 784x14
        RenderInline {FONT} at (0,0) size 181x14 [color=#008000]
          RenderText {#text} at (0,0) size 48x14
            text run at (0,0) width 48: "TBODY: "
          RenderInline {FONT} at (0,0) size 133x14
            RenderInline {FONT} at (0,0) size 0x14
            RenderTable {TABLE} at (48,9) size 4x2
              RenderTableSection {TBODY} at (0,0) size 4x2
            RenderInline {FONT} at (0,0) size 129x14
              RenderText {#text} at (52,0) size 129x14
                text run at (52,0) width 129: "All of this should be green."
            RenderText {#text} at (0,0) size 0x0
      RenderBlock (anonymous) at (0,2464) size 784x2 [color=#008000]
        RenderBlock {HR} at (0,0) size 784x2 [border: (1px inset #008000)]
      RenderBlock (anonymous) at (0,2472) size 784x14
        RenderInline {FONT} at (0,0) size 157x14 [color=#008000]
          RenderInline {FONT} at (0,0) size 157x14
            RenderText {#text} at (0,0) size 22x14
              text run at (0,0) width 22: "TD: "
            RenderInline {FONT} at (0,0) size 135x14
              RenderTable {TABLE} at (22,5) size 6x6
                RenderTableSection {TBODY} at (0,0) size 6x6
                  RenderTableRow {TR} at (0,2) size 6x2
                    RenderTableCell {TD} at (2,2) size 2x2 [r=0 c=0 rs=1 cs=1]
                      RenderInline {FONT} at (0,0) size 0x0 [color=#FF0000]
              RenderText {#text} at (28,0) size 129x14
                text run at (28,0) width 129: "All of this should be green."
            RenderText {#text} at (0,0) size 0x0
      RenderBlock (anonymous) at (0,2492) size 784x2 [color=#008000]
        RenderBlock {HR} at (0,0) size 784x2 [border: (1px inset #008000)]
      RenderBlock (anonymous) at (0,2500) size 784x14
        RenderInline {FONT} at (0,0) size 178x14 [color=#008000]
          RenderInline {FONT} at (0,0) size 178x14
            RenderText {#text} at (0,0) size 45x14
              text run at (0,0) width 45: "TFOOT: "
            RenderInline {FONT} at (0,0) size 133x14
              RenderInline {FONT} at (0,0) size 0x14
              RenderTable {TABLE} at (45,9) size 4x2
                RenderTableSection {TFOOT} at (0,0) size 4x2
              RenderInline {FONT} at (0,0) size 129x14
                RenderText {#text} at (49,0) size 129x14
                  text run at (49,0) width 129: "All of this should be green."
              RenderText {#text} at (0,0) size 0x0
      RenderBlock (anonymous) at (0,2520) size 784x2 [color=#008000]
        RenderBlock {HR} at (0,0) size 784x2 [border: (1px inset #008000)]
      RenderBlock (anonymous) at (0,2528) size 784x14
        RenderInline {FONT} at (0,0) size 180x14 [color=#008000]
          RenderInline {FONT} at (0,0) size 180x14
            RenderInline {FONT} at (0,0) size 180x14
              RenderText {#text} at (0,0) size 47x14
                text run at (0,0) width 47: "THEAD: "
              RenderInline {FONT} at (0,0) size 133x14
                RenderInline {FONT} at (0,0) size 0x14
                RenderTable {TABLE} at (47,9) size 4x2
                  RenderTableSection {THEAD} at (0,0) size 4x2
                RenderInline {FONT} at (0,0) size 129x14
                  RenderText {#text} at (51,0) size 129x14
                    text run at (51,0) width 129: "All of this should be green."
                RenderText {#text} at (0,0) size 0x0
      RenderBlock (anonymous) at (0,2548) size 784x2 [color=#008000]
        RenderBlock {HR} at (0,0) size 784x2 [border: (1px inset #008000)]
      RenderBlock (anonymous) at (0,2556) size 784x14
        RenderInline {FONT} at (0,0) size 154x14 [color=#008000]
          RenderInline {FONT} at (0,0) size 154x14
            RenderInline {FONT} at (0,0) size 154x14
              RenderInline {FONT} at (0,0) size 154x14
                RenderText {#text} at (0,0) size 21x14
                  text run at (0,0) width 21: "TR: "
                RenderInline {FONT} at (0,0) size 133x14
                  RenderInline {FONT} at (0,0) size 0x14
                  RenderTable {TABLE} at (21,7) size 4x4
                    RenderTableSection {TBODY} at (0,0) size 4x4
                      RenderTableRow {TR} at (0,2) size 4x0
                  RenderInline {FONT} at (0,0) size 129x14
                    RenderText {#text} at (25,0) size 129x14
                      text run at (25,0) width 129: "All of this should be green."
                  RenderText {#text} at (0,0) size 0x0
      RenderBlock (anonymous) at (0,2576) size 784x2 [color=#008000]
        RenderBlock {HR} at (0,0) size 784x2 [border: (1px inset #008000)]
      RenderBlock (anonymous) at (0,2584) size 784x14
        RenderInline {FONT} at (0,0) size 149x14 [color=#008000]
          RenderInline {FONT} at (0,0) size 149x14
            RenderInline {FONT} at (0,0) size 149x14
              RenderInline {FONT} at (0,0) size 149x14
                RenderInline {FONT} at (0,0) size 149x14
                  RenderText {#text} at (0,0) size 20x14
                    text run at (0,0) width 20: "TT: "
                  RenderInline {TT} at (0,0) size 0x12
                    RenderInline {FONT} at (0,0) size 0x12
                  RenderInline {FONT} at (0,0) size 129x14
                    RenderText {#text} at (20,0) size 129x14
                      text run at (20,0) width 129: "All of this should be green."
                  RenderText {#text} at (0,0) size 0x0
      RenderBlock (anonymous) at (0,2604) size 784x2 [color=#008000]
        RenderBlock {HR} at (0,0) size 784x2 [border: (1px inset #008000)]
      RenderBlock (anonymous) at (0,2612) size 784x14
        RenderInline {FONT} at (0,0) size 144x14 [color=#008000]
          RenderInline {FONT} at (0,0) size 144x14
            RenderInline {FONT} at (0,0) size 144x14
              RenderInline {FONT} at (0,0) size 144x14
                RenderInline {FONT} at (0,0) size 144x14
                  RenderText {#text} at (0,0) size 15x14
                    text run at (0,0) width 15: "U: "
                  RenderInline {U} at (0,0) size 0x14
                    RenderInline {FONT} at (0,0) size 0x14
                  RenderInline {FONT} at (0,0) size 129x14
                    RenderText {#text} at (15,0) size 129x14
                      text run at (15,0) width 129: "All of this should be green."
                  RenderText {#text} at (0,0) size 0x0
      RenderBlock (anonymous) at (0,2632) size 784x2 [color=#008000]
        RenderBlock {HR} at (0,0) size 784x2 [border: (1px inset #008000)]
      RenderBlock (anonymous) at (0,2640) size 784x14
        RenderInline {FONT} at (0,0) size 19x14 [color=#008000]
          RenderInline {FONT} at (0,0) size 19x14
            RenderInline {FONT} at (0,0) size 19x14
              RenderInline {FONT} at (0,0) size 19x14
                RenderInline {FONT} at (0,0) size 19x14
                  RenderText {#text} at (0,0) size 19x14
                    text run at (0,0) width 19: "UL:"
      RenderBlock (anonymous) at (0,2666) size 784x0 [color=#008000]
        RenderBlock {UL} at (0,0) size 784x0
          RenderInline {FONT} at (0,0) size 0x0
      RenderBlock (anonymous) at (0,2666) size 784x14
        RenderInline {FONT} at (0,0) size 129x14 [color=#008000]
          RenderInline {FONT} at (0,0) size 129x14
            RenderInline {FONT} at (0,0) size 129x14
              RenderInline {FONT} at (0,0) size 129x14
                RenderInline {FONT} at (0,0) size 129x14
                  RenderInline {FONT} at (0,0) size 129x14
                    RenderText {#text} at (0,0) size 129x14
                      text run at (0,0) width 129: "All of this should be green."
                  RenderText {#text} at (0,0) size 0x0
      RenderBlock (anonymous) at (0,2686) size 784x2 [color=#008000]
        RenderBlock {HR} at (0,0) size 784x2 [border: (1px inset #008000)]
      RenderBlock (anonymous) at (0,2694) size 784x14
        RenderInline {FONT} at (0,0) size 161x14 [color=#008000]
          RenderInline {FONT} at (0,0) size 161x14
            RenderInline {FONT} at (0,0) size 161x14
              RenderInline {FONT} at (0,0) size 161x14
                RenderInline {FONT} at (0,0) size 161x14
                  RenderText {#text} at (0,0) size 32x14
                    text run at (0,0) width 32: "VAR: "
                  RenderInline {VAR} at (0,0) size 0x14
                    RenderInline {FONT} at (0,0) size 0x14
                  RenderInline {FONT} at (0,0) size 129x14
                    RenderText {#text} at (32,0) size 129x14
                      text run at (32,0) width 129: "All of this should be green."
                  RenderText {#text} at (0,0) size 0x0
layer at (255,1415) size 188x19
  RenderBlock {DIV} at (4,6) size 188x19
