layer at (0,0) size 800x600
  RenderView at (0,0) size 800x600
layer at (0,0) size 800x600
  RenderBlock {HTML} at (0,0) size 800x600
    RenderBody {BODY} at (8,8) size 784x580
      RenderBlock {P} at (0,0) size 784x14
        RenderText {#text} at (0,0) size 154x14
          text run at (0,0) width 154: "Should say \"SUCCESS\" below:"
      RenderBlock {DIV} at (0,26) size 784x80 [border: (2px solid #FF0000)]
        RenderBlock {DIV} at (2,2) size 780x50 [border: (10px solid #008000)]
          RenderBlock {DIV} at (10,10) size 760x14 [border: (2px solid #0000FF)]
        RenderTable {TABLE} at (2,52) size 4x0
        RenderTable {TABLE} at (2,52) size 38x26 [border: (2px outset #808080)]
          RenderTableSection {TBODY} at (2,2) size 34x22
            RenderTableRow {TR} at (0,2) size 34x18
              RenderTableCell {TD} at (2,2) size 30x18 [border: (1px inset #808080)] [r=0 c=0 rs=1 cs=1]
                RenderText {#text} at (2,2) size 26x14
                  text run at (2,2) width 26: "Table"
      RenderBlock {P} at (0,118) size 784x14
        RenderText {#text} at (0,0) size 53x14
          text run at (0,0) width 53: "SUCCESS"
