layer at (0,0) size 800x1218
  RenderView at (0,0) size 800x600
layer at (0,0) size 800x1218
  RenderBlock {HTML} at (0,0) size 800x1218
    RenderBody {BODY} at (8,8) size 784x1202 [bgcolor=#CCCCCC]
      RenderBlock {P} at (0,0) size 784x14
        RenderText {#text} at (0,0) size 264x14
          text run at (0,0) width 264: "The style declarations which apply to the text below are:"
      RenderBlock {PRE} at (0,26) size 784x144
        RenderText {#text} at (0,0) size 216x144
          text run at (0,0) width 120: "BODY {color: black;}"
          text run at (120,0) width 0: " "
          text run at (0,12) width 114: ".one {color: #080;}"
          text run at (114,12) width 0: " "
          text run at (0,24) width 132: ".two {color: #008000;}"
          text run at (132,24) width 0: " "
          text run at (0,36) width 174: ".three {color: rgb(0,128,0);}"
          text run at (174,36) width 0: " "
          text run at (0,48) width 180: ".four {color: rgb(0%,50%,0%);}"
          text run at (180,48) width 0: " "
          text run at (0,60) width 216: ".five {color: rgb(0.0%,50.0%,0.0%);}"
          text run at (216,60) width 0: " "
          text run at (0,72) width 120: ".six {color: green;}"
          text run at (120,72) width 0: " "
          text run at (0,84) width 174: ".seven {color: invalidValue;}"
          text run at (174,84) width 0: " "
          text run at (0,96) width 192: ".eight {color: rgb(0,128,1280);}"
          text run at (192,96) width 0: " "
          text run at (0,108) width 180: ".nine {color: rgb(0,128,255);}"
          text run at (180,108) width 0: " "
          text run at (0,120) width 198: ".ten {color: rgb(50%,-500%,60%);}"
          text run at (198,120) width 0: " "
          text run at (0,132) width 198: ".eleven {color: rgb(50%,0%,60%);}"
          text run at (198,132) width 0: " "
      RenderBlock {HR} at (0,180) size 784x2 [border: (1px inset #000000)]
      RenderBlock {P} at (0,194) size 784x14
        RenderText {#text} at (0,0) size 144x14
          text run at (0,0) width 144: "This sentence should be black."
      RenderBlock {P} at (0,220) size 784x14 [color=#008800]
        RenderText {#text} at (0,0) size 381x14
          text run at (0,0) width 381: "This sentence should be green, although slightly different from those that follow."
      RenderBlock {P} at (0,246) size 784x14 [color=#008000]
        RenderText {#text} at (0,0) size 145x14
          text run at (0,0) width 145: "This sentence should be green."
      RenderBlock {P} at (0,272) size 784x14 [color=#008000]
        RenderText {#text} at (0,0) size 145x14
          text run at (0,0) width 145: "This sentence should be green."
      RenderBlock {P} at (0,298) size 784x14 [color=#008000]
        RenderText {#text} at (0,0) size 145x14
          text run at (0,0) width 145: "This sentence should be green."
      RenderBlock {P} at (0,324) size 784x14 [color=#008000]
        RenderText {#text} at (0,0) size 145x14
          text run at (0,0) width 145: "This sentence should be green."
      RenderBlock {P} at (0,350) size 784x14 [color=#008000]
        RenderText {#text} at (0,0) size 145x14
          text run at (0,0) width 145: "This sentence should be green."
      RenderBlock {P} at (0,376) size 784x14
        RenderText {#text} at (0,0) size 304x14
          text run at (0,0) width 304: "This sentence should be black, because the value given for class "
        RenderInline {CODE} at (0,0) size 36x12
          RenderText {#text} at (304,2) size 36x12
            text run at (304,2) width 36: ".seven"
        RenderText {#text} at (340,0) size 49x14
          text run at (340,0) width 49: " is invalid."
      RenderBlock {P} at (0,402) size 784x14 [color=#0080FF]
        RenderText {#text} at (0,0) size 594x14
          text run at (0,0) width 594: "This sentence should be a shade of blue-green which, on a typical RGB computer display, exactly matches the next paragraph."
      RenderBlock {P} at (0,428) size 784x14 [color=#0080FF]
        RenderText {#text} at (0,0) size 615x14
          text run at (0,0) width 615: "This sentence should be a shade of blue-green which, on a typical RGB computer display, exactly matches the previous paragraph."
      RenderBlock {P} at (0,454) size 784x14 [color=#800099]
        RenderText {#text} at (0,0) size 574x14
          text run at (0,0) width 574: "This sentence should be a shade of purple which, on a typical RGB computer display, exactly matches the next paragraph."
      RenderBlock {P} at (0,480) size 784x14 [color=#800099]
        RenderText {#text} at (0,0) size 595x14
          text run at (0,0) width 595: "This sentence should be a shade of purple which, on a typical RGB computer display, exactly matches the previous paragraph."
      RenderBlock {P} at (0,506) size 784x14
        RenderText {#text} at (0,0) size 144x14
          text run at (0,0) width 144: "This sentence should be black."
      RenderBlock {P} at (0,532) size 784x14 [color=#008800]
        RenderText {#text} at (0,0) size 299x14
          text run at (0,0) width 299: "This sentence should be a slightly different green, and used the "
        RenderInline {TT} at (0,0) size 30x12
          RenderText {#text} at (299,2) size 30x12
            text run at (299,2) width 30: "style"
        RenderText {#text} at (329,0) size 44x14
          text run at (329,0) width 44: " attribute."
      RenderBlock {P} at (0,558) size 784x14 [color=#008000]
        RenderText {#text} at (0,0) size 210x14
          text run at (0,0) width 210: "This sentence should be green, and used the "
        RenderInline {TT} at (0,0) size 30x12
          RenderText {#text} at (210,2) size 30x12
            text run at (210,2) width 30: "style"
        RenderText {#text} at (240,0) size 44x14
          text run at (240,0) width 44: " attribute."
      RenderBlock {P} at (0,584) size 784x14 [color=#008000]
        RenderText {#text} at (0,0) size 210x14
          text run at (0,0) width 210: "This sentence should be green, and used the "
        RenderInline {TT} at (0,0) size 30x12
          RenderText {#text} at (210,2) size 30x12
            text run at (210,2) width 30: "style"
        RenderText {#text} at (240,0) size 44x14
          text run at (240,0) width 44: " attribute."
      RenderBlock {P} at (0,610) size 784x14 [color=#008000]
        RenderText {#text} at (0,0) size 210x14
          text run at (0,0) width 210: "This sentence should be green, and used the "
        RenderInline {TT} at (0,0) size 30x12
          RenderText {#text} at (210,2) size 30x12
            text run at (210,2) width 30: "style"
        RenderText {#text} at (240,0) size 44x14
          text run at (240,0) width 44: " attribute."
      RenderBlock {P} at (0,636) size 784x14 [color=#008000]
        RenderText {#text} at (0,0) size 210x14
          text run at (0,0) width 210: "This sentence should be green, and used the "
        RenderInline {TT} at (0,0) size 30x12
          RenderText {#text} at (210,2) size 30x12
            text run at (210,2) width 30: "style"
        RenderText {#text} at (240,0) size 44x14
          text run at (240,0) width 44: " attribute."
      RenderBlock {P} at (0,662) size 784x14 [color=#008000]
        RenderText {#text} at (0,0) size 210x14
          text run at (0,0) width 210: "This sentence should be green, and used the "
        RenderInline {TT} at (0,0) size 30x12
          RenderText {#text} at (210,2) size 30x12
            text run at (210,2) width 30: "style"
        RenderText {#text} at (240,0) size 44x14
          text run at (240,0) width 44: " attribute."
      RenderTable {TABLE} at (0,688) size 636x514 [border: (1px outset #808080)]
        RenderTableSection {TBODY} at (1,1) size 634x512
          RenderTableRow {TR} at (0,0) size 634x22
            RenderTableCell {TD} at (0,0) size 634x22 [bgcolor=#C0C0C0] [border: (1px inset #808080)] [r=0 c=0 rs=1 cs=2]
              RenderInline {STRONG} at (0,0) size 122x14
                RenderText {#text} at (4,4) size 122x14
                  text run at (4,4) width 122: "TABLE Testing Section"
          RenderTableRow {TR} at (0,22) size 634x490
            RenderTableCell {TD} at (0,256) size 11x22 [bgcolor=#C0C0C0] [border: (1px inset #808080)] [r=1 c=0 rs=1 cs=1]
              RenderText {#text} at (4,4) size 3x14
                text run at (4,4) width 3: " "
            RenderTableCell {TD} at (11,22) size 623x490 [border: (1px inset #808080)] [r=1 c=1 rs=1 cs=1]
              RenderBlock {P} at (4,4) size 615x14
                RenderText {#text} at (0,0) size 144x14
                  text run at (0,0) width 144: "This sentence should be black."
              RenderBlock {P} at (4,30) size 615x14 [color=#008800]
                RenderText {#text} at (0,0) size 381x14
                  text run at (0,0) width 381: "This sentence should be green, although slightly different from those that follow."
              RenderBlock {P} at (4,56) size 615x14 [color=#008000]
                RenderText {#text} at (0,0) size 145x14
                  text run at (0,0) width 145: "This sentence should be green."
              RenderBlock {P} at (4,82) size 615x14 [color=#008000]
                RenderText {#text} at (0,0) size 145x14
                  text run at (0,0) width 145: "This sentence should be green."
              RenderBlock {P} at (4,108) size 615x14 [color=#008000]
                RenderText {#text} at (0,0) size 145x14
                  text run at (0,0) width 145: "This sentence should be green."
              RenderBlock {P} at (4,134) size 615x14 [color=#008000]
                RenderText {#text} at (0,0) size 145x14
                  text run at (0,0) width 145: "This sentence should be green."
              RenderBlock {P} at (4,160) size 615x14 [color=#008000]
                RenderText {#text} at (0,0) size 145x14
                  text run at (0,0) width 145: "This sentence should be green."
              RenderBlock {P} at (4,186) size 615x14
                RenderText {#text} at (0,0) size 304x14
                  text run at (0,0) width 304: "This sentence should be black, because the value given for class "
                RenderInline {CODE} at (0,0) size 36x12
                  RenderText {#text} at (304,2) size 36x12
                    text run at (304,2) width 36: ".seven"
                RenderText {#text} at (340,0) size 49x14
                  text run at (340,0) width 49: " is invalid."
              RenderBlock {P} at (4,212) size 615x14 [color=#0080FF]
                RenderText {#text} at (0,0) size 594x14
                  text run at (0,0) width 594: "This sentence should be a shade of blue-green which, on a typical RGB computer display, exactly matches the next paragraph."
              RenderBlock {P} at (4,238) size 615x14 [color=#0080FF]
                RenderText {#text} at (0,0) size 615x14
                  text run at (0,0) width 615: "This sentence should be a shade of blue-green which, on a typical RGB computer display, exactly matches the previous paragraph."
              RenderBlock {P} at (4,264) size 615x14 [color=#800099]
                RenderText {#text} at (0,0) size 574x14
                  text run at (0,0) width 574: "This sentence should be a shade of purple which, on a typical RGB computer display, exactly matches the next paragraph."
              RenderBlock {P} at (4,290) size 615x14 [color=#800099]
                RenderText {#text} at (0,0) size 595x14
                  text run at (0,0) width 595: "This sentence should be a shade of purple which, on a typical RGB computer display, exactly matches the previous paragraph."
              RenderBlock {P} at (4,316) size 615x14
                RenderText {#text} at (0,0) size 144x14
                  text run at (0,0) width 144: "This sentence should be black."
              RenderBlock {P} at (4,342) size 615x14 [color=#008800]
                RenderText {#text} at (0,0) size 299x14
                  text run at (0,0) width 299: "This sentence should be a slightly different green, and used the "
                RenderInline {TT} at (0,0) size 30x12
                  RenderText {#text} at (299,2) size 30x12
                    text run at (299,2) width 30: "style"
                RenderText {#text} at (329,0) size 44x14
                  text run at (329,0) width 44: " attribute."
              RenderBlock {P} at (4,368) size 615x14 [color=#008000]
                RenderText {#text} at (0,0) size 210x14
                  text run at (0,0) width 210: "This sentence should be green, and used the "
                RenderInline {TT} at (0,0) size 30x12
                  RenderText {#text} at (210,2) size 30x12
                    text run at (210,2) width 30: "style"
                RenderText {#text} at (240,0) size 44x14
                  text run at (240,0) width 44: " attribute."
              RenderBlock {P} at (4,394) size 615x14 [color=#008000]
                RenderText {#text} at (0,0) size 210x14
                  text run at (0,0) width 210: "This sentence should be green, and used the "
                RenderInline {TT} at (0,0) size 30x12
                  RenderText {#text} at (210,2) size 30x12
                    text run at (210,2) width 30: "style"
                RenderText {#text} at (240,0) size 44x14
                  text run at (240,0) width 44: " attribute."
              RenderBlock {P} at (4,420) size 615x14 [color=#008000]
                RenderText {#text} at (0,0) size 210x14
                  text run at (0,0) width 210: "This sentence should be green, and used the "
                RenderInline {TT} at (0,0) size 30x12
                  RenderText {#text} at (210,2) size 30x12
                    text run at (210,2) width 30: "style"
                RenderText {#text} at (240,0) size 44x14
                  text run at (240,0) width 44: " attribute."
              RenderBlock {P} at (4,446) size 615x14 [color=#008000]
                RenderText {#text} at (0,0) size 210x14
                  text run at (0,0) width 210: "This sentence should be green, and used the "
                RenderInline {TT} at (0,0) size 30x12
                  RenderText {#text} at (210,2) size 30x12
                    text run at (210,2) width 30: "style"
                RenderText {#text} at (240,0) size 44x14
                  text run at (240,0) width 44: " attribute."
              RenderBlock {P} at (4,472) size 615x14 [color=#008000]
                RenderText {#text} at (0,0) size 210x14
                  text run at (0,0) width 210: "This sentence should be green, and used the "
                RenderInline {TT} at (0,0) size 30x12
                  RenderText {#text} at (210,2) size 30x12
                    text run at (210,2) width 30: "style"
                RenderText {#text} at (240,0) size 44x14
                  text run at (240,0) width 44: " attribute."
