layer at (0,0) size 800x1346
  RenderView at (0,0) size 800x600
layer at (0,0) size 800x1346
  RenderBlock {HTML} at (0,0) size 800x1346
    RenderBody {BODY} at (8,8) size 784x1330 [bgcolor=#CCCCCC]
      RenderBlock {P} at (0,0) size 784x14
        RenderText {#text} at (0,0) size 264x14
          text run at (0,0) width 264: "The style declarations which apply to the text below are:"
      RenderBlock {PRE} at (0,26) size 784x132
        RenderText {#text} at (0,0) size 468x132
          text run at (0,0) width 138: ".zero {margin-left: 0;}"
          text run at (138,0) width 0: " "
          text run at (0,12) width 144: ".one {margin-left: 3em;}"
          text run at (144,12) width 0: " "
          text run at (0,24) width 144: ".two {margin-left: 3ex;}"
          text run at (144,24) width 0: " "
          text run at (0,36) width 162: ".three {margin-left: 36px;}"
          text run at (162,36) width 0: " "
          text run at (0,48) width 162: ".four {margin-left: 0.5in;}"
          text run at (162,48) width 0: " "
          text run at (0,60) width 168: ".five {margin-left: 1.27cm;}"
          text run at (168,60) width 0: " "
          text run at (0,72) width 162: ".six {margin-left: 12.7mm;}"
          text run at (162,72) width 0: " "
          text run at (0,84) width 162: ".seven {margin-left: 36pt;}"
          text run at (162,84) width 0: " "
          text run at (0,96) width 156: ".eight {margin-left: 3pc;}"
          text run at (156,96) width 0: " "
          text run at (0,108) width 156: ".nine {margin-left: +3pc;}"
          text run at (156,108) width 0: " "
          text run at (0,120) width 468: ".ten {font-size: 40px; border-left: 1ex solid purple; background-color: aqua;}"
          text run at (468,120) width 0: " "
      RenderBlock {HR} at (0,168) size 784x2 [border: (1px inset #000000)]
      RenderBlock {P} at (0,182) size 784x28
        RenderText {#text} at (0,0) size 775x28
          text run at (0,0) width 775: "This paragraph has no left margin. The following paragraphs have all been given a left margin and their left (outer) edges should therefore be appropriately shifted to"
          text run at (0,14) width 55: "the right of "
        RenderInline {EM} at (0,0) size 17x14
          RenderText {#text} at (55,14) size 17x14
            text run at (55,14) width 17: "this"
        RenderText {#text} at (72,14) size 103x14
          text run at (72,14) width 103: " paragraph's left edge."
      RenderBlock {P} at (36,222) size 748x14
        RenderText {#text} at (0,0) size 232x14
          text run at (0,0) width 232: "This paragraph should have a left margin of 3em."
      RenderBlock {P} at (18,248) size 766x14
        RenderText {#text} at (0,0) size 229x14
          text run at (0,0) width 229: "This paragraph should have a left margin of 3ex."
      RenderBlock {P} at (36,274) size 748x14
        RenderText {#text} at (0,0) size 255x14
          text run at (0,0) width 255: "This paragraph should have a left margin of 36 pixels."
      RenderBlock {P} at (48,300) size 736x14
        RenderText {#text} at (0,0) size 267x14
          text run at (0,0) width 267: "This paragraph should have a left margin of half an inch."
      RenderBlock {P} at (48,326) size 736x14
        RenderText {#text} at (0,0) size 247x14
          text run at (0,0) width 247: "This paragraph should have a left margin of 1.27cm."
      RenderBlock {P} at (48,352) size 736x14
        RenderText {#text} at (0,0) size 251x14
          text run at (0,0) width 251: "This paragraph should have a left margin of 12.7mm."
      RenderBlock {P} at (48,378) size 736x14
        RenderText {#text} at (0,0) size 256x14
          text run at (0,0) width 256: "This paragraph should have a left margin of 36 points."
      RenderBlock {P} at (48,404) size 736x14
        RenderText {#text} at (0,0) size 245x14
          text run at (0,0) width 245: "This paragraph should have a left margin of 3 picas."
      RenderBlock {P} at (48,430) size 736x14
        RenderText {#text} at (0,0) size 444x14
          text run at (0,0) width 444: "This paragraph should have a left margin of 3 picas (the plus sign should make no difference)."
      RenderBlock {P} at (0,484) size 784x236 [bgcolor=#00FFFF] [border: (19px solid #800080)]
        RenderText {#text} at (19,0) size 310x45
          text run at (19,0) width 310: "This element has a "
        RenderInline {CODE} at (0,0) size 216x47
          RenderText {#text} at (329,2) size 216x47
            text run at (329,2) width 216: "font-size"
        RenderText {#text} at (545,0) size 53x45
          text run at (545,0) width 53: " of "
        RenderInline {CODE} at (0,0) size 96x47
          RenderText {#text} at (598,2) size 96x47
            text run at (598,2) width 96: "40px"
        RenderText {#text} at (694,0) size 743x94
          text run at (694,0) width 68: " and"
          text run at (19,49) width 28: "a "
        RenderInline {CODE} at (0,0) size 264x47
          RenderText {#text} at (47,51) size 264x47
            text run at (47,51) width 264: "border-left"
        RenderText {#text} at (311,49) size 53x45
          text run at (311,49) width 53: " of "
        RenderInline {CODE} at (0,0) size 384x47
          RenderText {#text} at (364,51) size 384x47
            text run at (364,51) width 384: "1ex solid purple"
        RenderText {#text} at (748,49) size 739x186
          text run at (748,49) width 10: "."
          text run at (19,98) width 673: "This should make the left border the same"
          text run at (19,144) width 711: "number of pixels as the lower-case 'x' in this"
          text run at (19,190) width 611: "element's font, as well as solid purple."
      RenderTable {TABLE} at (0,760) size 784x570 [border: (1px outset #808080)]
        RenderTableSection {TBODY} at (1,1) size 782x568
          RenderTableRow {TR} at (0,0) size 782x22
            RenderTableCell {TD} at (0,0) size 782x22 [bgcolor=#C0C0C0] [border: (1px inset #808080)] [r=0 c=0 rs=1 cs=2]
              RenderInline {STRONG} at (0,0) size 122x14
                RenderText {#text} at (4,4) size 122x14
                  text run at (4,4) width 122: "TABLE Testing Section"
          RenderTableRow {TR} at (0,22) size 782x546
            RenderTableCell {TD} at (0,284) size 11x22 [bgcolor=#C0C0C0] [border: (1px inset #808080)] [r=1 c=0 rs=1 cs=1]
              RenderText {#text} at (4,4) size 3x14
                text run at (4,4) width 3: " "
            RenderTableCell {TD} at (11,22) size 771x546 [border: (1px inset #808080)] [r=1 c=1 rs=1 cs=1]
              RenderBlock {P} at (4,4) size 763x28
                RenderText {#text} at (0,0) size 763x28
                  text run at (0,0) width 763: "This paragraph has no left margin. The following paragraphs have all been given a left margin and their left (outer) edges should therefore be appropriately shifted"
                  text run at (0,14) width 67: "to the right of "
                RenderInline {EM} at (0,0) size 17x14
                  RenderText {#text} at (67,14) size 17x14
                    text run at (67,14) width 17: "this"
                RenderText {#text} at (84,14) size 103x14
                  text run at (84,14) width 103: " paragraph's left edge."
              RenderBlock {P} at (40,44) size 727x14
                RenderText {#text} at (0,0) size 232x14
                  text run at (0,0) width 232: "This paragraph should have a left margin of 3em."
              RenderBlock {P} at (22,70) size 745x14
                RenderText {#text} at (0,0) size 229x14
                  text run at (0,0) width 229: "This paragraph should have a left margin of 3ex."
              RenderBlock {P} at (40,96) size 727x14
                RenderText {#text} at (0,0) size 255x14
                  text run at (0,0) width 255: "This paragraph should have a left margin of 36 pixels."
              RenderBlock {P} at (52,122) size 715x14
                RenderText {#text} at (0,0) size 267x14
                  text run at (0,0) width 267: "This paragraph should have a left margin of half an inch."
              RenderBlock {P} at (52,148) size 715x14
                RenderText {#text} at (0,0) size 247x14
                  text run at (0,0) width 247: "This paragraph should have a left margin of 1.27cm."
              RenderBlock {P} at (52,174) size 715x14
                RenderText {#text} at (0,0) size 251x14
                  text run at (0,0) width 251: "This paragraph should have a left margin of 12.7mm."
              RenderBlock {P} at (52,200) size 715x14
                RenderText {#text} at (0,0) size 256x14
                  text run at (0,0) width 256: "This paragraph should have a left margin of 36 points."
              RenderBlock {P} at (52,226) size 715x14
                RenderText {#text} at (0,0) size 245x14
                  text run at (0,0) width 245: "This paragraph should have a left margin of 3 picas."
              RenderBlock {P} at (52,252) size 715x14
                RenderText {#text} at (0,0) size 444x14
                  text run at (0,0) width 444: "This paragraph should have a left margin of 3 picas (the plus sign should make no difference)."
              RenderBlock {P} at (4,306) size 763x236 [bgcolor=#00FFFF] [border: (19px solid #800080)]
                RenderText {#text} at (19,0) size 310x45
                  text run at (19,0) width 310: "This element has a "
                RenderInline {CODE} at (0,0) size 216x47
                  RenderText {#text} at (329,2) size 216x47
                    text run at (329,2) width 216: "font-size"
                RenderText {#text} at (545,0) size 53x45
                  text run at (545,0) width 53: " of "
                RenderInline {CODE} at (0,0) size 96x47
                  RenderText {#text} at (598,2) size 96x47
                    text run at (598,2) width 96: "40px"
                RenderText {#text} at (694,0) size 743x94
                  text run at (694,0) width 68: " and"
                  text run at (19,49) width 28: "a "
                RenderInline {CODE} at (0,0) size 264x47
                  RenderText {#text} at (47,51) size 264x47
                    text run at (47,51) width 264: "border-left"
                RenderText {#text} at (311,49) size 53x45
                  text run at (311,49) width 53: " of "
                RenderInline {CODE} at (0,0) size 384x47
                  RenderText {#text} at (364,51) size 384x47
                    text run at (364,51) width 384: "1ex solid purple"
                RenderText {#text} at (748,49) size 739x186
                  text run at (748,49) width 10: "."
                  text run at (19,98) width 673: "This should make the left border the same"
                  text run at (19,144) width 711: "number of pixels as the lower-case 'x' in this"
                  text run at (19,190) width 611: "element's font, as well as solid purple."
