layer at (0,0) size 800x600
  RenderView at (0,0) size 800x600
layer at (0,0) size 800x600
  RenderBlock {HTML} at (0,0) size 800x600
    RenderBody {BODY} at (8,8) size 784x584
      RenderBlock {P} at (0,0) size 784x14
        RenderText {#text} at (0,0) size 264x14
          text run at (0,0) width 264: "The style declarations which apply to the text below are:"
      RenderBlock {PRE} at (0,26) size 784x44
        RenderText {#text} at (0,0) size 486x44
          text run at (0,0) width 486: "<LINK rel=\"stylesheet\" type=\"text/css\" media=\"screen\" href=\"../resources/bg.gif\">"
          text run at (486,0) width 0: " "
          text run at (0,11) width 222: "@import url(../resources/sec642.css);"
          text run at (222,11) width 0: " "
          text run at (0,22) width 264: "BODY {background: url(../resources/bg.gif);}"
          text run at (264,22) width 0: " "
          text run at (0,33) width 0: " "
      RenderBlock {HR} at (0,80) size 784x2 [border: (1px inset #000000)]
      RenderBlock {P} at (0,94) size 784x14
        RenderText {#text} at (0,0) size 289x14
          text run at (0,0) width 289: "This page should have a green grid pattern as its background."
      RenderBlock {P} at (0,120) size 784x28 [bgcolor=#FFFFFF]
        RenderText {#text} at (0,0) size 777x28
          text run at (0,0) width 463: "This paragraph should have a white background, but NO image should appear in the background. "
          text run at (463,0) width 314: "If an image, in this case a red square-- or, indeed, any red at all-- is"
          text run at (0,14) width 578: "seen there, then the browser has incorrectly interpreted a URL in relation to the document's URL, not the stylesheet's URL."
      RenderBlock {P} at (0,160) size 784x28 [bgcolor=#FFFFFF]
        RenderText {#text} at (0,0) size 777x28
          text run at (0,0) width 463: "This paragraph should have a white background, but NO image should appear in the background. "
          text run at (463,0) width 314: "If an image, in this case a red square-- or, indeed, any red at all-- is"
          text run at (0,14) width 578: "seen there, then the browser has incorrectly interpreted a URL in relation to the document's URL, not the stylesheet's URL."
      RenderTable {TABLE} at (0,200) size 784x126 [border: (1px outset #808080)]
        RenderTableSection {TBODY} at (1,1) size 782x124
          RenderTableRow {TR} at (0,0) size 782x22
            RenderTableCell {TD} at (0,0) size 782x22 [bgcolor=#C0C0C0] [border: (1px inset #808080)] [r=0 c=0 rs=1 cs=2]
              RenderInline {STRONG} at (0,0) size 122x14
                RenderText {#text} at (4,4) size 122x14
                  text run at (4,4) width 122: "TABLE Testing Section"
          RenderTableRow {TR} at (0,22) size 782x102
            RenderTableCell {TD} at (0,62) size 11x22 [bgcolor=#C0C0C0] [border: (1px inset #808080)] [r=1 c=0 rs=1 cs=1]
              RenderText {#text} at (4,4) size 3x14
                text run at (4,4) width 3: " "
            RenderTableCell {TD} at (11,22) size 771x102 [border: (1px inset #808080)] [r=1 c=1 rs=1 cs=1]
              RenderBlock {P} at (4,4) size 763x14
                RenderText {#text} at (0,0) size 289x14
                  text run at (0,0) width 289: "This page should have a green grid pattern as its background."
              RenderBlock {P} at (4,30) size 763x28 [bgcolor=#FFFFFF]
                RenderText {#text} at (0,0) size 762x28
                  text run at (0,0) width 463: "This paragraph should have a white background, but NO image should appear in the background. "
                  text run at (463,0) width 299: "If an image, in this case a red square-- or, indeed, any red at all-"
                  text run at (0,14) width 596: "- is seen there, then the browser has incorrectly interpreted a URL in relation to the document's URL, not the stylesheet's URL."
              RenderBlock {P} at (4,70) size 763x28 [bgcolor=#FFFFFF]
                RenderText {#text} at (0,0) size 762x28
                  text run at (0,0) width 463: "This paragraph should have a white background, but NO image should appear in the background. "
                  text run at (463,0) width 299: "If an image, in this case a red square-- or, indeed, any red at all-"
                  text run at (0,14) width 596: "- is seen there, then the browser has incorrectly interpreted a URL in relation to the document's URL, not the stylesheet's URL."
