layer at (0,0) size 980x735
  RenderView at (0,0) size 980x735
layer at (0,0) size 980x735
  RenderBlock {HTML} at (0,0) size 980x735
    RenderBody {BODY} at (8,8) size 964x719
      RenderBlock {P} at (0,0) size 964x19
        RenderText {#text} at (0,0) size 627x19
          text run at (0,0) width 627: "In the pixel result, the green boxes should be coincident with the black outline."
      RenderBlock {DIV} at (0,35) size 202x202 [border: (1px solid #EEEEEE)]
      RenderBlock {DIV} at (0,237) size 202x202 [border: (1px solid #EEEEEE)]
      RenderBlock {DIV} at (0,439) size 964x38
        RenderText {#text} at (0,0) size 759x19
          text run at (0,0) width 759: "PASS - \"-webkit-transform.0\" property for \"inner1\" element at 0.5s saw something close to: 1.5"
        RenderBR {BR} at (759,15) size 0x0
        RenderText {#text} at (0,19) size 759x19
          text run at (0,19) width 759: "PASS - \"-webkit-transform.0\" property for \"inner2\" element at 0.5s saw something close to: 1.5"
        RenderBR {BR} at (759,34) size 0x0
layer at (34,69) size 150x150
  RenderBlock (positioned) {DIV} at (34,69) size 150x150 [border: (1px solid #000000)]
layer at (59,94) size 100x100
  RenderBlock {DIV} at (51,51) size 100x100 [bgcolor=#008000]
layer at (34,271) size 150x150
  RenderBlock (positioned) {DIV} at (34,271) size 150x150 [border: (1px solid #000000)]
layer at (59,296) size 100x100
  RenderBlock {DIV} at (51,51) size 100x100 [bgcolor=#008000]
