layer at (0,0) size 980x735
  RenderView at (0,0) size 980x735
layer at (0,0) size 980x735
  RenderBlock {HTML} at (0,0) size 980x735
    RenderBody {BODY} at (8,8) size 964x719
      RenderBlock {P} at (0,0) size 964x19
        RenderText {#text} at (0,0) size 776x19
          text run at (0,0) width 776: "Check the pixel result to make sure that the gray square is half way through the scale animation."
      RenderBlock {DIV} at (0,35) size 202x202 [border: (1px solid #000000)]
      RenderBlock {DIV} at (0,237) size 964x19
        RenderText {#text} at (0,0) size 749x19
          text run at (0,0) width 749: "PASS - \"-webkit-transform.0\" property for \"inner\" element at 0.5s saw something close to: 0.5"
        RenderBR {BR} at (749,15) size 0x0
layer at (9,44) size 200x200
  RenderBlock {DIV} at (1,1) size 200x200 [bgcolor=#808080]
