layer at (0,0) size 800x600
  RenderView at (0,0) size 800x600
layer at (0,0) size 800x600
  RenderBlock {HTML} at (0,0) size 800x600
    RenderBody {BODY} at (8,8) size 784x584
      RenderText {#text} at (0,135) size 391x14
        text run at (0,135) width 391: "This test checks to make sure the border-image is not clipped by the border radius. "
      RenderBlock {DIV} at (401,10) size 126x126 [border: (21px none #000000) (30px none #000000) (21px none #000000)]
      RenderText {#text} at (537,135) size 3x14
        text run at (537,135) width 3: " "
      RenderBlock {DIV} at (550,10) size 126x126 [border: (21px none #000000) (30px none #000000) (21px none #000000)]
      RenderText {#text} at (686,135) size 3x14
        text run at (686,135) width 3: " "
      RenderBR {BR} at (0,0) size 0x0
      RenderBlock {DIV} at (10,159) size 126x126 [border: (21px none #000000) (30px none #000000) (21px none #000000)]
      RenderText {#text} at (146,284) size 3x14
        text run at (146,284) width 3: " "
      RenderBlock {DIV} at (159,159) size 126x126 [border: (21px none #000000) (30px none #000000) (21px none #000000)]
      RenderText {#text} at (0,0) size 0x0
