layer at (0,0) size 800x600
  RenderView at (0,0) size 800x600
layer at (0,0) size 800x600
  RenderBlock {HTML} at (0,0) size 800x600
    RenderBody {BODY} at (8,8) size 784x584
      RenderInline {SPAN} at (0,0) size 764x64 [border: (5px solid #000000)]
        RenderText {#text} at (7,11) size 764x50
          text run at (7,11) width 309: "This is a span that crosses multiple lines and has a border-radius. "
          text run at (316,11) width 448: "The border-radius should only apply at the endpoints of the span, and the edges that are \"open\""
          text run at (0,47) width 336: "should just be solid right up to the edge (with no rounding or clipping)."
      RenderText {#text} at (0,0) size 0x0
