layer at (0,0) size 800x600
  RenderView at (0,0) size 800x600
layer at (0,0) size 800x425
  RenderBlock {HTML} at (0,0) size 800x425
    RenderBody {BODY} at (8,20) size 784x395
layer at (18,20) size 764x395
  RenderBlock {DIV} at (10,0) size 764x395
    RenderTable {TABLE} at (20,0) size 131x53 [border: none]
      RenderTableSection {TBODY} at (0,0) size 130x52
        RenderTableRow {TR} at (0,0) size 130x13
          RenderTableCell {TD} at (0,5) size 13x3 [border: (1px solid #000000)] [r=0 c=0 rs=1 cs=1]
          RenderTableCell {TD} at (13,5) size 13x3 [border: (1px solid #000000)] [r=0 c=1 rs=1 cs=1]
          RenderTableCell {TD} at (26,5) size 13x3 [border: (1px solid #000000)] [r=0 c=2 rs=1 cs=1]
          RenderTableCell {TD} at (39,5) size 13x3 [border: (1px solid #000000)] [r=0 c=3 rs=1 cs=1]
          RenderTableCell {TD} at (52,5) size 13x3 [border: (1px solid #000000)] [r=0 c=4 rs=1 cs=1]
          RenderTableCell {TD} at (65,5) size 13x3 [border: (1px solid #000000)] [r=0 c=5 rs=1 cs=1]
          RenderTableCell {TD} at (78,5) size 13x3 [border: (1px solid #000000)] [r=0 c=6 rs=1 cs=1]
          RenderTableCell {TD} at (91,5) size 13x3 [border: (1px solid #000000)] [r=0 c=7 rs=1 cs=1]
          RenderTableCell {TD} at (104,5) size 13x3 [border: (1px solid #000000)] [r=0 c=8 rs=1 cs=1]
          RenderTableCell {TD} at (117,5) size 13x3 [border: (1px solid #000000)] [r=0 c=9 rs=1 cs=1]
        RenderTableRow {TR} at (0,13) size 130x13
          RenderTableCell {TD} at (0,18) size 13x3 [border: (1px solid #000000)] [r=1 c=0 rs=1 cs=1]
          RenderTableCell {TD} at (13,18) size 13x3 [border: (1px solid #000000)] [r=1 c=1 rs=1 cs=1]
          RenderTableCell {TD} at (26,18) size 13x3 [border: (1px solid #000000)] [r=1 c=2 rs=1 cs=1]
          RenderTableCell {TD} at (39,18) size 13x3 [border: (1px solid #000000)] [r=1 c=3 rs=1 cs=1]
          RenderTableCell {TD} at (52,18) size 13x3 [border: (1px solid #000000)] [r=1 c=4 rs=1 cs=1]
          RenderTableCell {TD} at (65,18) size 13x3 [border: (1px solid #000000)] [r=1 c=5 rs=1 cs=1]
          RenderTableCell {TD} at (78,18) size 13x3 [border: (1px solid #000000)] [r=1 c=6 rs=1 cs=1]
          RenderTableCell {TD} at (91,18) size 13x3 [border: (1px solid #000000)] [r=1 c=7 rs=1 cs=1]
          RenderTableCell {TD} at (104,18) size 13x3 [border: (1px solid #000000)] [r=1 c=8 rs=1 cs=1]
          RenderTableCell {TD} at (117,18) size 13x3 [border: (1px solid #000000)] [r=1 c=9 rs=1 cs=1]
        RenderTableRow {TR} at (0,26) size 130x13
          RenderTableCell {TD} at (0,31) size 13x3 [border: (1px solid #000000)] [r=2 c=0 rs=1 cs=1]
          RenderTableCell {TD} at (13,31) size 13x3 [border: (1px solid #000000)] [r=2 c=1 rs=1 cs=1]
          RenderTableCell {TD} at (26,31) size 13x3 [border: (1px solid #000000)] [r=2 c=2 rs=1 cs=1]
          RenderTableCell {TD} at (39,31) size 13x3 [border: (1px solid #000000)] [r=2 c=3 rs=1 cs=1]
          RenderTableCell {TD} at (52,31) size 13x3 [border: (1px solid #000000)] [r=2 c=4 rs=1 cs=1]
          RenderTableCell {TD} at (65,31) size 13x3 [border: (1px solid #000000)] [r=2 c=5 rs=1 cs=1]
          RenderTableCell {TD} at (78,31) size 13x3 [border: (1px solid #000000)] [r=2 c=6 rs=1 cs=1]
          RenderTableCell {TD} at (91,31) size 13x3 [border: (1px solid #000000)] [r=2 c=7 rs=1 cs=1]
          RenderTableCell {TD} at (104,31) size 13x3 [border: (1px solid #000000)] [r=2 c=8 rs=1 cs=1]
          RenderTableCell {TD} at (117,31) size 13x3 [border: (1px solid #000000)] [r=2 c=9 rs=1 cs=1]
        RenderTableRow {TR} at (0,39) size 130x13
          RenderTableCell {TD} at (0,44) size 13x3 [border: (1px solid #000000)] [r=3 c=0 rs=1 cs=1]
          RenderTableCell {TD} at (13,44) size 13x3 [border: (1px solid #000000)] [r=3 c=1 rs=1 cs=1]
          RenderTableCell {TD} at (26,44) size 13x3 [border: (1px solid #000000)] [r=3 c=2 rs=1 cs=1]
          RenderTableCell {TD} at (39,44) size 13x3 [border: (1px solid #000000)] [r=3 c=3 rs=1 cs=1]
          RenderTableCell {TD} at (52,44) size 13x3 [border: (1px solid #000000)] [r=3 c=4 rs=1 cs=1]
          RenderTableCell {TD} at (65,44) size 13x3 [border: (1px solid #000000)] [r=3 c=5 rs=1 cs=1]
          RenderTableCell {TD} at (78,44) size 13x3 [border: (1px solid #000000)] [r=3 c=6 rs=1 cs=1]
          RenderTableCell {TD} at (91,44) size 13x3 [border: (1px solid #000000)] [r=3 c=7 rs=1 cs=1]
          RenderTableCell {TD} at (104,44) size 13x3 [border: (1px solid #000000)] [r=3 c=8 rs=1 cs=1]
          RenderTableCell {TD} at (117,44) size 13x3 [border: (1px solid #000000)] [r=3 c=9 rs=1 cs=1]
    RenderTable {TABLE} at (20,73) size 162x66
      RenderTableSection {TBODY} at (0,0) size 162x66
        RenderTableRow {TR} at (0,2) size 162x14
          RenderTableCell {TD} at (2,7) size 14x4 [border: (1px solid #000000)] [r=0 c=0 rs=1 cs=1]
          RenderTableCell {TD} at (18,7) size 14x4 [border: (1px solid #000000)] [r=0 c=1 rs=1 cs=1]
          RenderTableCell {TD} at (34,7) size 14x4 [border: (1px solid #000000)] [r=0 c=2 rs=1 cs=1]
          RenderTableCell {TD} at (50,7) size 14x4 [border: (1px solid #000000)] [r=0 c=3 rs=1 cs=1]
          RenderTableCell {TD} at (66,7) size 14x4 [border: (1px solid #000000)] [r=0 c=4 rs=1 cs=1]
          RenderTableCell {TD} at (82,7) size 14x4 [border: (1px solid #000000)] [r=0 c=5 rs=1 cs=1]
          RenderTableCell {TD} at (98,7) size 14x4 [border: (1px solid #000000)] [r=0 c=6 rs=1 cs=1]
          RenderTableCell {TD} at (114,7) size 14x4 [border: (1px solid #000000)] [r=0 c=7 rs=1 cs=1]
          RenderTableCell {TD} at (130,7) size 14x4 [border: (1px solid #000000)] [r=0 c=8 rs=1 cs=1]
          RenderTableCell {TD} at (146,7) size 14x4 [border: (1px solid #000000)] [r=0 c=9 rs=1 cs=1]
        RenderTableRow {TR} at (0,18) size 162x14
          RenderTableCell {TD} at (2,23) size 14x4 [border: (1px solid #000000)] [r=1 c=0 rs=1 cs=1]
          RenderTableCell {TD} at (18,23) size 14x4 [border: (1px solid #000000)] [r=1 c=1 rs=1 cs=1]
          RenderTableCell {TD} at (34,23) size 14x4 [border: (1px solid #000000)] [r=1 c=2 rs=1 cs=1]
          RenderTableCell {TD} at (50,23) size 14x4 [border: (1px solid #000000)] [r=1 c=3 rs=1 cs=1]
          RenderTableCell {TD} at (66,23) size 14x4 [border: (1px solid #000000)] [r=1 c=4 rs=1 cs=1]
          RenderTableCell {TD} at (82,23) size 14x4 [border: (1px solid #000000)] [r=1 c=5 rs=1 cs=1]
          RenderTableCell {TD} at (98,23) size 14x4 [border: (1px solid #000000)] [r=1 c=6 rs=1 cs=1]
          RenderTableCell {TD} at (114,23) size 14x4 [border: (1px solid #000000)] [r=1 c=7 rs=1 cs=1]
          RenderTableCell {TD} at (130,23) size 14x4 [border: (1px solid #000000)] [r=1 c=8 rs=1 cs=1]
          RenderTableCell {TD} at (146,23) size 14x4 [border: (1px solid #000000)] [r=1 c=9 rs=1 cs=1]
        RenderTableRow {TR} at (0,34) size 162x14
          RenderTableCell {TD} at (2,39) size 14x4 [border: (1px solid #000000)] [r=2 c=0 rs=1 cs=1]
          RenderTableCell {TD} at (18,39) size 14x4 [border: (1px solid #000000)] [r=2 c=1 rs=1 cs=1]
          RenderTableCell {TD} at (34,39) size 14x4 [border: (1px solid #000000)] [r=2 c=2 rs=1 cs=1]
          RenderTableCell {TD} at (50,39) size 14x4 [border: (1px solid #000000)] [r=2 c=3 rs=1 cs=1]
          RenderTableCell {TD} at (66,39) size 14x4 [border: (1px solid #000000)] [r=2 c=4 rs=1 cs=1]
          RenderTableCell {TD} at (82,39) size 14x4 [border: (1px solid #000000)] [r=2 c=5 rs=1 cs=1]
          RenderTableCell {TD} at (98,39) size 14x4 [border: (1px solid #000000)] [r=2 c=6 rs=1 cs=1]
          RenderTableCell {TD} at (114,39) size 14x4 [border: (1px solid #000000)] [r=2 c=7 rs=1 cs=1]
          RenderTableCell {TD} at (130,39) size 14x4 [border: (1px solid #000000)] [r=2 c=8 rs=1 cs=1]
          RenderTableCell {TD} at (146,39) size 14x4 [border: (1px solid #000000)] [r=2 c=9 rs=1 cs=1]
        RenderTableRow {TR} at (0,50) size 162x14
          RenderTableCell {TD} at (2,55) size 14x4 [border: (1px solid #000000)] [r=3 c=0 rs=1 cs=1]
          RenderTableCell {TD} at (18,55) size 14x4 [border: (1px solid #000000)] [r=3 c=1 rs=1 cs=1]
          RenderTableCell {TD} at (34,55) size 14x4 [border: (1px solid #000000)] [r=3 c=2 rs=1 cs=1]
          RenderTableCell {TD} at (50,55) size 14x4 [border: (1px solid #000000)] [r=3 c=3 rs=1 cs=1]
          RenderTableCell {TD} at (66,55) size 14x4 [border: (1px solid #000000)] [r=3 c=4 rs=1 cs=1]
          RenderTableCell {TD} at (82,55) size 14x4 [border: (1px solid #000000)] [r=3 c=5 rs=1 cs=1]
          RenderTableCell {TD} at (98,55) size 14x4 [border: (1px solid #000000)] [r=3 c=6 rs=1 cs=1]
          RenderTableCell {TD} at (114,55) size 14x4 [border: (1px solid #000000)] [r=3 c=7 rs=1 cs=1]
          RenderTableCell {TD} at (130,55) size 14x4 [border: (1px solid #000000)] [r=3 c=8 rs=1 cs=1]
          RenderTableCell {TD} at (146,55) size 14x4 [border: (1px solid #000000)] [r=3 c=9 rs=1 cs=1]
    RenderBlock {DIV} at (10,269) size 744x126
      RenderInline {SPAN} at (0,0) size 60x32
        RenderText {#text} at (6,0) size 54x14
          text run at (6,0) width 54: "I am a span"
        RenderBR {BR} at (60,0) size 0x14
        RenderText {#text} at (0,14) size 21x14
          text run at (0,14) width 21: "I am"
      RenderText {#text} at (27,14) size 3x14
        text run at (27,14) width 3: " "
      RenderInline {SPAN} at (0,0) size 57x32
        RenderText {#text} at (36,14) size 21x14
          text run at (36,14) width 21: "I am"
        RenderBR {BR} at (57,14) size 0x14
        RenderText {#text} at (0,28) size 54x14
          text run at (0,28) width 54: "a span I am"
      RenderText {#text} at (60,28) size 3x14
        text run at (60,28) width 3: " "
      RenderInline {SPAN} at (0,0) size 123x32
        RenderText {#text} at (69,28) size 54x14
          text run at (69,28) width 54: "I am a span"
        RenderBR {BR} at (123,28) size 0x14
        RenderText {#text} at (0,42) size 21x14
          text run at (0,42) width 21: "I am"
      RenderText {#text} at (27,42) size 3x14
        text run at (27,42) width 3: " "
      RenderInline {SPAN} at (0,0) size 57x32
        RenderText {#text} at (36,42) size 21x14
          text run at (36,42) width 21: "I am"
        RenderBR {BR} at (57,42) size 0x14
        RenderText {#text} at (0,56) size 54x14
          text run at (0,56) width 54: "a span I am"
      RenderText {#text} at (60,56) size 3x14
        text run at (60,56) width 3: " "
      RenderInline {SPAN} at (0,0) size 123x32
        RenderText {#text} at (69,56) size 54x14
          text run at (69,56) width 54: "I am a span"
        RenderBR {BR} at (123,56) size 0x14
        RenderText {#text} at (0,70) size 21x14
          text run at (0,70) width 21: "I am"
      RenderText {#text} at (27,70) size 3x14
        text run at (27,70) width 3: " "
      RenderInline {SPAN} at (0,0) size 57x32
        RenderText {#text} at (36,70) size 21x14
          text run at (36,70) width 21: "I am"
        RenderBR {BR} at (57,70) size 0x14
        RenderText {#text} at (0,84) size 54x14
          text run at (0,84) width 54: "a span I am"
      RenderText {#text} at (60,84) size 3x14
        text run at (60,84) width 3: " "
      RenderInline {SPAN} at (0,0) size 123x32
        RenderText {#text} at (69,84) size 54x14
          text run at (69,84) width 54: "I am a span"
        RenderBR {BR} at (123,84) size 0x14
        RenderText {#text} at (0,98) size 21x14
          text run at (0,98) width 21: "I am"
      RenderText {#text} at (27,98) size 3x14
        text run at (27,98) width 3: " "
      RenderInline {SPAN} at (0,0) size 57x32
        RenderText {#text} at (36,98) size 21x14
          text run at (36,98) width 21: "I am"
        RenderBR {BR} at (57,98) size 0x14
        RenderText {#text} at (0,112) size 54x14
          text run at (0,112) width 54: "a span I am"
      RenderText {#text} at (0,0) size 0x0
layer at (28,179) size 600x100
  RenderBlock {DIV} at (10,159) size 600x100
    RenderText {#text} at (0,0) size 6x856
      text run at (0,0) width 6: "_"
      text run at (0,14) width 6: "_"
      text run at (0,28) width 6: "_"
      text run at (0,42) width 6: "_"
      text run at (0,56) width 6: "_"
      text run at (0,70) width 6: "_"
      text run at (0,84) width 6: "_"
      text run at (0,100) width 6: "_"
      text run at (0,114) width 6: "_"
      text run at (0,128) width 6: "_"
      text run at (0,142) width 6: "_"
      text run at (0,156) width 6: "_"
      text run at (0,170) width 6: "_"
      text run at (0,184) width 6: "_"
      text run at (0,200) width 6: "_"
      text run at (0,214) width 6: "_"
      text run at (0,228) width 6: "_"
      text run at (0,242) width 6: "_"
      text run at (0,256) width 6: "_"
      text run at (0,270) width 6: "_"
      text run at (0,284) width 6: "_"
      text run at (0,300) width 6: "_"
      text run at (0,314) width 6: "_"
      text run at (0,328) width 6: "_"
      text run at (0,342) width 6: "_"
      text run at (0,356) width 6: "_"
      text run at (0,370) width 6: "_"
      text run at (0,384) width 6: "_"
      text run at (0,400) width 6: "_"
      text run at (0,414) width 6: "_"
      text run at (0,428) width 6: "_"
      text run at (0,442) width 6: "_"
      text run at (0,456) width 6: "_"
      text run at (0,470) width 6: "_"
      text run at (0,484) width 6: "_"
      text run at (0,500) width 6: "_"
      text run at (0,514) width 6: "_"
      text run at (0,528) width 6: "_"
      text run at (0,542) width 6: "_"
      text run at (0,556) width 6: "_"
      text run at (0,570) width 6: "_"
      text run at (0,584) width 6: "_"
      text run at (0,600) width 6: "_"
      text run at (0,614) width 6: "_"
      text run at (0,628) width 6: "_"
      text run at (0,642) width 6: "_"
      text run at (0,656) width 6: "_"
      text run at (0,670) width 6: "_"
      text run at (0,684) width 6: "_"
      text run at (0,700) width 6: "_"
      text run at (0,714) width 6: "_"
      text run at (0,728) width 6: "_"
      text run at (0,742) width 6: "_"
      text run at (0,756) width 6: "_"
      text run at (0,770) width 6: "_"
      text run at (0,784) width 6: "_"
      text run at (0,800) width 6: "_"
      text run at (0,814) width 6: "_"
      text run at (0,828) width 6: "_"
      text run at (0,842) width 6: "_"
