layer at (0,0) size 800x600
  RenderView at (0,0) size 800x600
layer at (0,0) size 800x600
  RenderBlock {HTML} at (0,0) size 800x600
    RenderBody {BODY} at (8,8) size 784x584
      RenderBlock {DIV} at (0,0) size 784x131
        RenderBlock {SPAN} at (4,4) size 120x120 [border: (40px ridge #FF0000)]
        RenderText {#text} at (128,117) size 3x14
          text run at (128,117) width 3: " "
        RenderBlock {SPAN} at (135,4) size 120x120 [border: (40px ridge #FF0000)]
        RenderText {#text} at (259,117) size 3x14
          text run at (259,117) width 3: " "
        RenderBlock {SPAN} at (266,4) size 120x120 [border: (40px ridge #FF0000)]
        RenderText {#text} at (390,117) size 3x14
          text run at (390,117) width 3: " "
        RenderBlock {SPAN} at (397,4) size 120x120 [border: (40px ridge #FF0000)]
        RenderText {#text} at (521,117) size 3x14
          text run at (521,117) width 3: " "
        RenderBlock {SPAN} at (528,4) size 120x120 [border: (40px ridge #FF0000)]
        RenderText {#text} at (0,0) size 0x0
      RenderBlock {DIV} at (0,131) size 784x131
        RenderBlock {SPAN} at (4,4) size 120x120 [border: (40px outset #FF0000)]
        RenderText {#text} at (128,117) size 3x14
          text run at (128,117) width 3: " "
        RenderBlock {SPAN} at (135,4) size 120x120 [border: (40px outset #FF0000)]
        RenderText {#text} at (259,117) size 3x14
          text run at (259,117) width 3: " "
        RenderBlock {SPAN} at (266,4) size 120x120 [border: (40px outset #FF0000)]
        RenderText {#text} at (390,117) size 3x14
          text run at (390,117) width 3: " "
        RenderBlock {SPAN} at (397,4) size 120x120 [border: (40px outset #FF0000)]
        RenderText {#text} at (521,117) size 3x14
          text run at (521,117) width 3: " "
        RenderBlock {SPAN} at (528,4) size 120x120 [border: (40px outset #FF0000)]
        RenderText {#text} at (0,0) size 0x0
