layer at (0,0) size 800x1626
  RenderView at (0,0) size 800x600
layer at (0,0) size 800x1626
  RenderBlock {HTML} at (0,0) size 800x1626
    RenderBody {BODY} at (8,8) size 784x1610
      RenderText {#text} at (0,0) size 0x0
layer at (8,8) size 773x1601
  RenderInline {SPAN} at (0,0) size 773x1601 [bgcolor=#800000]
    RenderText {#text} at (0,4) size 773x1601
      text run at (0,4) width 356: "This"
      text run at (0,234) width 590: "content"
      text run at (0,464) width 773: "should be"
      text run at (0,694) width 612: "masked"
      text run at (0,924) width 495: "with a"
      text run at (0,1154) width 301: "soft"
      text run at (0,1384) width 450: "glow."
