layer at (0,0) size 800x600
  RenderView at (0,0) size 800x600
layer at (0,0) size 800x535
  RenderBlock {HTML} at (0,0) size 800x535
    RenderBody {BODY} at (8,8) size 784x519
      RenderBlock {DIV} at (10,10) size 150x150 [border: (50px solid #0000007F)]
      RenderText {#text} at (170,159) size 3x14
        text run at (170,159) width 3: " "
      RenderBlock {DIV} at (183,10) size 150x150 [border: (50px solid #0000007F) (50px double #0000007F) (50px solid #0000007F)]
      RenderText {#text} at (343,159) size 3x14
        text run at (343,159) width 3: " "
      RenderBlock {DIV} at (356,10) size 150x150 [border: (50px solid #0000007F) none (50px solid #0000007F)]
      RenderText {#text} at (516,159) size 3x14
        text run at (516,159) width 3: " "
      RenderBlock {DIV} at (529,10) size 150x150 [border: (50px solid #0000007F) (50px solid #00000000) (50px solid #0000007F)]
      RenderText {#text} at (689,159) size 3x14
        text run at (689,159) width 3: " "
      RenderBR {BR} at (0,0) size 0x0
      RenderBlock {DIV} at (10,183) size 150x150 [border: (50px solid #0000007F) none (50px solid #0000007F)]
      RenderText {#text} at (170,332) size 3x14
        text run at (170,332) width 3: " "
      RenderBlock {DIV} at (183,183) size 150x150 [border: (50px solid #0000007F) none (50px solid #00000000) (50px solid #0000007F)]
      RenderText {#text} at (343,332) size 3x14
        text run at (343,332) width 3: " "
      RenderBlock {DIV} at (356,183) size 150x150 [border: (50px solid #0000007F) none (50px solid #0000007F)]
      RenderText {#text} at (516,332) size 3x14
        text run at (516,332) width 3: " "
      RenderBlock {DIV} at (529,183) size 150x150 [border: (50px solid #0000007F) none (50px groove #0000007F) (50px solid #0000007F)]
      RenderText {#text} at (689,332) size 3x14
        text run at (689,332) width 3: " "
      RenderBR {BR} at (0,0) size 0x0
      RenderBlock {DIV} at (10,356) size 150x150 [border: (50px solid #0000007F) (50px double #0000007F) (50px solid #0000007F)]
      RenderText {#text} at (170,505) size 3x14
        text run at (170,505) width 3: " "
      RenderBlock {DIV} at (183,356) size 150x150 [border: (50px solid #0000007F) none (50px double #0000007F) (50px solid #0000007F)]
      RenderText {#text} at (343,505) size 3x14
        text run at (343,505) width 3: " "
      RenderBlock {DIV} at (356,356) size 150x150 [border: (50px solid #0000007F) (50px solid #0080007F) (50px solid #0000007F)]
      RenderText {#text} at (516,505) size 3x14
        text run at (516,505) width 3: " "
      RenderBlock {DIV} at (529,356) size 150x150 [border: (50px solid #0000007F) (50px solid #0080007F) (50px solid #0000007F) (50px solid #0080007F)]
      RenderText {#text} at (0,0) size 0x0
