layer at (0,0) size 800x600
  RenderView at (0,0) size 800x600
layer at (0,0) size 800x382
  RenderBlock {HTML} at (0,0) size 800x382
    RenderBody {BODY} at (8,12) size 784x362
      RenderBlock {P} at (0,0) size 784x14
        RenderText {#text} at (0,0) size 712x14
          text run at (0,0) width 712: "Test that when we have images sprinkled within a span, borders, paddings and margins are still calculated correctly ."
      RenderBlock {DIV} at (0,26) size 212x168 [border: (1px solid #000000)]
        RenderBlock {P} at (6,18) size 200x96
          RenderText {#text} at (0,5) size 170x38
            text run at (0,5) width 147: "aaa bbb ccc ddd eee fff "
            text run at (147,5) width 23 RTL: "\x{5DC}\x{5DE}\x{5D4}"
            text run at (0,29) width 55 RTL: "\x{5E2}\x{5E9}\x{5D9}\x{5EA}\x{5D9} \x{5D6}\x{5D0}\x{5EA}"
            text run at (55,29) width 4: " "
            text run at (59,29) width 16: "gg"
          RenderInline {SPAN} at (0,0) size 168x40 [border: (1px solid #0000FF) (10px solid #FFA500) (1px solid #0000FF) (10px solid #008000)]
            RenderText {#text} at (120,29) size 42x14
              text run at (120,29) width 42: " dgnjk "
            RenderImage {IMG} at (162,34) size 6x6 [border: (1px solid #0000FF)]
            RenderText {#text} at (0,53) size 38x14
              text run at (0,53) width 38: "njkng "
          RenderText {#text} at (83,53) size 193x38
            text run at (83,53) width 110 RTL: "\x{5D6}\x{5D0}\x{5EA} \x{2013} \x{5D0}\x{5D9}\x{5E0}\x{5D9} \x{5D9}\x{5D5}\x{5D3}\x{5E2} \x{5D1}\x{5E2}\x{5E6}\x{5DE}"
            text run at (0,77) width 137: "qqq rrr sss ttt uuu vvv"
        RenderBlock {P} at (6,126) size 200x24
          RenderInline {SPAN} at (0,0) size 138x16 [border: (1px solid #0000FF) (10px solid #FFA500) (1px solid #0000FF) (10px solid #008000)]
            RenderText {#text} at (45,5) size 79x14
              text run at (45,5) width 79: "Some fill text"
            RenderImage {IMG} at (124,12) size 4x4
      RenderBlock {DIV} at (0,194) size 212x168 [border: (1px solid #000000)]
        RenderBlock {P} at (6,18) size 200x96
          RenderText {#text} at (30,5) size 170x38
            text run at (30,5) width 27 RTL: " \x{5DC}\x{5DE}\x{5D4}"
            text run at (57,5) width 143: "aaa bbb ccc ddd eee fff"
            text run at (32,29) width 16: "gg"
            text run at (141,29) width 59 RTL: "\x{5E2}\x{5E9}\x{5D9}\x{5EA}\x{5D9} \x{5D6}\x{5D0}\x{5EA} "
          RenderInline {SPAN} at (0,0) size 152x40 [border: (1px solid #0000FF) (10px solid #FFA500) (1px solid #0000FF) (10px solid #008000)]
            RenderText {#text} at (48,29) size 42x14
              text run at (48,29) width 42: " dgnjk "
            RenderImage {IMG} at (90,34) size 6x6 [border: (1px solid #0000FF)]
            RenderText {#text} at (162,53) size 38x14
              text run at (162,53) width 4 RTL: " "
              text run at (166,53) width 34: "njkng"
          RenderText {#text} at (7,53) size 193x38
            text run at (7,53) width 110 RTL: "\x{5D6}\x{5D0}\x{5EA} \x{2013} \x{5D0}\x{5D9}\x{5E0}\x{5D9} \x{5D9}\x{5D5}\x{5D3}\x{5E2} \x{5D1}\x{5E2}\x{5E6}\x{5DE}"
            text run at (63,77) width 137: "qqq rrr sss ttt uuu vvv"
        RenderBlock {P} at (6,126) size 200x24
          RenderInline {SPAN} at (0,0) size 138x16 [border: (1px solid #0000FF) (10px solid #FFA500) (1px solid #0000FF) (10px solid #008000)]
            RenderText {#text} at (76,5) size 79x14
              text run at (76,5) width 79: "Some fill text"
            RenderImage {IMG} at (72,12) size 4x4
