layer at (0,0) size 800x600
  RenderView at (0,0) size 800x600
layer at (0,0) size 800x600
  RenderBlock {HTML} at (0,0) size 800x600
    RenderFrameSet {FRAMESET} at (0,0) size 800x600
      RenderFrame {FRAME} at (0,0) size 800x600
        layer at (0,0) size 800x600
          RenderView at (0,0) size 800x600
        layer at (0,0) size 800x600
          RenderBlock {HTML} at (0,0) size 800x600
            RenderBody {BODY} at (8,8) size 784x582
              RenderBlock {PRE} at (0,0) size 784x44
                RenderText {#text} at (0,0) size 780x44
                  text run at (0,0) width 312: "This line should wrap with no horizontal scroll bar:"
                  text run at (312,0) width 0: " "
                  text run at (0,11) width 0: " "
                  text run at (0,22) width 780: "abcdefghijklmnopqrstuvwxyzabcdefghijklmnopqrstuvwxyzabcdefghijklmnopqrstuvwxyzabcdefghijklmnopqrstuvwxyzabcdefghijklmnopqrstuvwxyz"
                  text run at (0,33) width 780: "abcdefghijklmnopqrstuvwxyzabcdefghijklmnopqrstuvwxyzabcdefghijklmnopqrstuvwxyzabcdefghijklmnopqrstuvwxyzabcdefghijklmnopqrstuvwxyz"
                  text run at (780,33) width 0: " "
