layer at (0,0) size 800x600
  RenderView at (0,0) size 800x600
layer at (0,0) size 800x600
  RenderBlock {HTML} at (0,0) size 800x600
    RenderBody {BODY} at (8,8) size 784x580
      RenderBlock {UL} at (0,0) size 784x28
        RenderListItem {LI} at (40,0) size 744x28
          RenderListMarker at (-1,0) size 6x14: bullet
          RenderText {#text} at (11,0) size 198x14
            text run at (11,0) width 198: "This list item should have an inside bullet."
          RenderBR {BR} at (209,11) size 0x0
          RenderText {#text} at (0,14) size 184x14
            text run at (0,14) width 184: "This line should begin under the bullet."
