layer at (0,0) size 800x600
  RenderView at (0,0) size 800x600
layer at (0,0) size 800x600
  RenderBlock {HTML} at (0,0) size 800x600
    RenderBody {BODY} at (8,8) size 784x568
      RenderBlock (anonymous) at (0,0) size 784x58
        RenderText {#text} at (0,0) size 680x58
          text run at (0,0) width 497: "These two lines should both be Verdana. "
          text run at (497,0) width 183: "They should be"
          text run at (0,29) width 110: "identical."
      RenderBlock {P} at (0,82) size 784x58
        RenderText {#text} at (0,0) size 680x58
          text run at (0,0) width 497: "These two lines should both be Verdana. "
          text run at (497,0) width 183: "They should be"
          text run at (0,29) width 110: "identical."
