layer at (0,0) size 800x600
  RenderView at (0,0) size 800x600
layer at (0,0) size 800x214
  RenderBlock {HTML} at (0,0) size 800x214
    RenderBody {BODY} at (8,16) size 784x186
      RenderBlock {H1} at (0,0) size 784x28
        RenderText {#text} at (0,1) size 315x26
          text run at (0,1) width 315: "Shorthand border properties 2"
      RenderBlock {P} at (0,44) size 784x14
        RenderText {#text} at (0,0) size 375x14
          text run at (0,0) width 301: "This test was written to test a point I mentioned to Tantek \x{C7}elik "
          text run at (301,0) width 74: "on 2000-07-13."
      RenderBlock {P} at (0,70) size 784x20 [color=#008000] [border: (3px solid #008000)]
        RenderText {#text} at (3,3) size 205x14
          text run at (3,3) width 205: "This paragraph should have a green border."
      RenderBlock {P} at (0,102) size 784x20 [color=#008000] [border: (3px solid #008000)]
        RenderText {#text} at (3,3) size 205x14
          text run at (3,3) width 205: "This paragraph should have a green border."
      RenderBlock {P} at (0,134) size 784x20 [color=#008000] [border: (3px solid #008000)]
        RenderText {#text} at (3,3) size 205x14
          text run at (3,3) width 205: "This paragraph should have a green border."
      RenderBlock {P} at (0,166) size 784x20 [color=#008000] [border: (3px solid #008000)]
        RenderText {#text} at (3,3) size 205x14
          text run at (3,3) width 205: "This paragraph should have a green border."
