layer at (0,0) size 800x600
  RenderView at (0,0) size 800x600
layer at (0,0) size 800x580
  RenderBlock {HTML} at (0,0) size 800x580
    RenderBody {BODY} at (8,16) size 784x552
      RenderBlock {H1} at (0,0) size 784x28
        RenderText {#text} at (0,1) size 282x26
          text run at (0,1) width 282: "Shorthand border property"
      RenderBlock {P} at (0,44) size 784x20 [color=#008000] [bgcolor=#FFFFFF] [border: (3px solid #008000)]
        RenderText {#text} at (3,3) size 272x14
          text run at (3,3) width 272: "This paragraph should have a medium solid green border."
      RenderBlock {P} at (0,76) size 784x20 [color=#008000] [bgcolor=#FFFFFF] [border: (3px solid #008000)]
        RenderText {#text} at (3,3) size 272x14
          text run at (3,3) width 272: "This paragraph should have a medium solid green border."
      RenderBlock {P} at (0,108) size 784x14 [bgcolor=#FFFFFF]
        RenderText {#text} at (0,0) size 194x14
          text run at (0,0) width 194: "This paragraph should not have a border."
      RenderBlock {P} at (0,134) size 784x20 [bgcolor=#FFFFFF] [border: (3px solid #000000)]
        RenderText {#text} at (3,3) size 209x14
          text run at (3,3) width 209: "This paragraph should have a medium solid "
        RenderInline {EM} at (0,0) size 25x14
          RenderText {#text} at (212,3) size 25x14
            text run at (212,3) width 25: "black"
        RenderText {#text} at (237,3) size 37x14
          text run at (237,3) width 37: " border."
      RenderBlock {P} at (0,166) size 784x14 [bgcolor=#FFFFFF]
        RenderText {#text} at (0,0) size 194x14
          text run at (0,0) width 194: "This paragraph should not have a border."
      RenderBlock {P} at (0,192) size 784x14 [bgcolor=#FFFFFF]
        RenderText {#text} at (0,0) size 194x14
          text run at (0,0) width 194: "This paragraph should not have a border."
      RenderBlock {P} at (0,218) size 784x20 [bgcolor=#FFFFFF] [border: (3px solid #000000)]
        RenderText {#text} at (3,3) size 209x14
          text run at (3,3) width 209: "This paragraph should have a medium solid "
        RenderInline {EM} at (0,0) size 25x14
          RenderText {#text} at (212,3) size 25x14
            text run at (212,3) width 25: "black"
        RenderText {#text} at (237,3) size 37x14
          text run at (237,3) width 37: " border."
      RenderBlock {P} at (0,250) size 784x20 [bgcolor=#FFFFFF] [border: (3px solid #000000)]
        RenderText {#text} at (3,3) size 209x14
          text run at (3,3) width 209: "This paragraph should have a medium solid "
        RenderInline {EM} at (0,0) size 25x14
          RenderText {#text} at (212,3) size 25x14
            text run at (212,3) width 25: "black"
        RenderText {#text} at (237,3) size 37x14
          text run at (237,3) width 37: " border."
      RenderBlock {P} at (0,282) size 784x20 [bgcolor=#FFFFFF] [border: (3px solid #008000)]
        RenderText {#text} at (3,3) size 272x14
          text run at (3,3) width 272: "This paragraph should have a medium solid green border."
      RenderBlock {P} at (0,314) size 784x20 [bgcolor=#FFFFFF] [border: (3px solid #008000)]
        RenderText {#text} at (3,3) size 272x14
          text run at (3,3) width 272: "This paragraph should have a medium solid green border."
      RenderBlock {P} at (0,346) size 784x14 [bgcolor=#FFFFFF]
        RenderText {#text} at (0,0) size 194x14
          text run at (0,0) width 194: "This paragraph should not have a border."
      RenderBlock {P} at (0,372) size 784x20 [bgcolor=#FFFFFF] [border: (3px solid #008000)]
        RenderText {#text} at (3,3) size 272x14
          text run at (3,3) width 272: "This paragraph should have a medium solid green border."
      RenderBlock {P} at (0,404) size 784x20 [bgcolor=#FFFFFF] [border: (3px solid #008000)]
        RenderText {#text} at (3,3) size 272x14
          text run at (3,3) width 272: "This paragraph should have a medium solid green border."
      RenderBlock {P} at (0,436) size 784x20 [bgcolor=#FFFFFF] [border: (3px solid #008000)]
        RenderText {#text} at (3,3) size 272x14
          text run at (3,3) width 272: "This paragraph should have a medium solid green border."
      RenderBlock {P} at (0,468) size 784x20 [bgcolor=#FFFFFF] [border: (3px solid #008000)]
        RenderText {#text} at (3,3) size 272x14
          text run at (3,3) width 272: "This paragraph should have a medium solid green border."
      RenderBlock {P} at (0,500) size 784x20 [bgcolor=#FFFFFF] [border: (3px solid #008000)]
        RenderText {#text} at (3,3) size 272x14
          text run at (3,3) width 272: "This paragraph should have a medium solid green border."
      RenderBlock {P} at (0,532) size 784x20 [bgcolor=#FFFFFF] [border: (3px solid #008000)]
        RenderText {#text} at (3,3) size 272x14
          text run at (3,3) width 272: "This paragraph should have a medium solid green border."
