layer at (0,0) size 800x600
  RenderView at (0,0) size 800x600
layer at (0,0) size 800x600
  RenderBlock {HTML} at (0,0) size 800x600
    RenderBody {BODY} at (8,8) size 784x580
      RenderBlock {P} at (0,0) size 784x28
        RenderText {#text} at (0,0) size 779x28
          text run at (0,0) width 375: "On the left, you should see three blocks that are aligned left within a black box. "
          text run at (375,0) width 62: "They should "
          text run at (437,0) width 324: "be stacked vertically with the green box in between two olive boxes. "
          text run at (761,0) width 18: "The"
          text run at (0,14) width 123: "olive boxes and the green "
          text run at (123,14) width 476: "box should be 100x100, and there should be 100 pixels of padding on the right side of the box stack."
      RenderBlock {P} at (0,40) size 784x28
        RenderText {#text} at (0,0) size 779x28
          text run at (0,0) width 364: "On the right, you should see two blocks that are centered within a black box. "
          text run at (364,0) width 76: "They should be "
          text run at (440,0) width 339: "stacked vertically with the green box below the olive box. The olive box"
          text run at (0,14) width 122: "and the green box should "
          text run at (122,14) width 407: "be 100x100, and there should be 100 pixels of padding on either side of the box stack."
layer at (8,88) size 240x340
  RenderBlock (positioned) {DIV} at (8,88) size 240x340 [border: (20px solid #000000)]
    RenderTable {TABLE} at (20,20) size 100x100
      RenderTableSection {TBODY} at (0,0) size 100x100
        RenderTableRow {TR} at (0,0) size 100x100
          RenderTableCell {TD} at (0,0) size 100x100 [r=0 c=0 rs=1 cs=1]
            RenderBlock {DIV} at (0,0) size 100x100 [bgcolor=#808000]
layer at (28,208) size 100x100
  RenderBlock (positioned) {DIV} at (20,120) size 100x100 [bgcolor=#008000]
layer at (28,308) size 100x100
  RenderBlock (positioned) {DIV} at (20,220) size 100x100 [bgcolor=#808000]
layer at (300,88) size 340x240
  RenderBlock (positioned) {DIV} at (300,88) size 340x240 [border: (20px solid #000000)]
layer at (320,108) size 200x100
  RenderBlock (relative positioned) {DIV} at (20,20) size 200x100
    RenderBlock {DIV} at (100,0) size 100x100 [bgcolor=#808000]
layer at (420,208) size 100x100
  RenderBlock (positioned) {DIV} at (100,100) size 100x100 [bgcolor=#008000]
