layer at (0,0) size 800x600
  RenderView at (0,0) size 800x600
layer at (0,0) size 800x600
  RenderBlock {HTML} at (0,0) size 800x600
    RenderBody {BODY} at (8,8) size 784x584
      RenderBlock {P} at (0,0) size 784x14
        RenderText {#text} at (0,0) size 572x14
          text run at (0,0) width 572: "This tests use of the -apple-line-clamp function in a web page, from JavaScript, and using the \"apple\" prefix, not \"khtml\"."
      RenderBlock {P} at (0,26) size 784x14
        RenderText {#text} at (0,0) size 532x14
          text run at (0,0) width 532: "If it works properly, the article below should show only the first few lines. Otherwise, it might show many lines."
      RenderBlock {HR} at (0,52) size 784x2 [border: (1px inset #000000)]
layer at (8,68) size 784x42 scrollHeight 374
  RenderDeprecatedFlexibleBox {DIV} at (0,60) size 784x42
    RenderBlock {DIV} at (0,0) size 784x28
      RenderBlock {P} at (0,0) size 784x28
        RenderText {#text} at (0,0) size 767x28
          text run at (0,0) width 767: "It was just last night, I think, that I was IM'ing with a friend and I said, \"Next week Simon starts going to school for 3 days extended (until 3pm) and Sophia starts"
          text run at (0,14) width 401: "swim camp! I won't know what to do with my free time! But I'm willing to find out.\""
      RenderBlock {P} at (0,40) size 784x14
        RenderText {#text} at (0,0) size 250x14
          text run at (0,0) width 250: "You know the old saying: \"Man plans, God laughs.\""
      RenderBlock {P} at (0,66) size 784x14
        RenderText {#text} at (0,0) size 377x14
          text run at (0,0) width 377: "Today I got a call from the preschool telling me that Sophia had broken her arm."
      RenderBlock {P} at (0,92) size 784x56
        RenderText {#text} at (0,0) size 771x28
          text run at (0,0) width 771: "It happened on the playground. I imagined she had fallen off the monkey bars or something, but no: she had been sitting at the Art Table, and as she was getting off"
          text run at (0,14) width 725: "the bench she slipped and fell on her arm. She was being very brave when I came to get her\x{D1}no tears, stoically holding her arm covered in ice packs. She "
        RenderInline {I} at (0,0) size 18x14
          RenderText {#text} at (725,14) size 18x14
            text run at (725,14) width 18: "had"
        RenderText {#text} at (743,14) size 784x42
          text run at (743,14) width 29: " cried,"
          text run at (0,28) width 784: "she told me. All of the teachers were quite amazed at how brave she was being. I took her to the doctor and from there to the pediatric orthopedic doctor. She started to"
          text run at (0,42) width 772: "lose her composure, though, after she had finally gotten the X-rays (\"Like Curious George got when he went to the hospital\") and we had to wait in the exam room."
      RenderBlock {P} at (0,160) size 784x14
        RenderText {#text} at (0,0) size 318x14
          text run at (0,0) width 318: "\"I want to go home now,\" she said. \"I wish I'd never hurt my arm.\""
      RenderBlock {P} at (0,186) size 784x42
        RenderText {#text} at (0,0) size 779x28
          text run at (0,0) width 779: "The ortho tech came in to give her a splint (she'll have a splint for a couple of days and then get a cast on Thursday), and can I tell you how worrisome it is to have an"
          text run at (0,14) width 93: "ortho tech who is a "
        RenderInline {B} at (0,0) size 59x14
          RenderText {#text} at (93,14) size 59x14
            text run at (93,14) width 59: "dead ringer"
        RenderText {#text} at (152,14) size 774x28
          text run at (152,14) width 622: " for Ian McShane as Al Swearengen wrapping up your daughter in gauze? (I'm totally serious. He didn't have grease in his hair, and"
          text run at (0,28) width 318: "he didn't have the little beard under his lip, but other than that: yup.)"
      RenderBlock {P} at (0,240) size 784x28
        RenderText {#text} at (0,0) size 752x28
          text run at (0,0) width 752: "So now she's on the couch, watching \"Dragontales\" with her arm propped up on a pillow (to keep it above the heart). She's eating a couple of cut-up apples and"
          text run at (0,14) width 276: "cheese sticks (\"because that's all I can eat now, Mommy\")."
      RenderBlock {P} at (0,280) size 784x28
        RenderText {#text} at (0,0) size 772x28
          text run at (0,0) width 772: "She's upset because she's not going to be able to do all the swimming she was planning. I'm upset because my little girl got hurt. I assume that after a day or so we'll"
          text run at (0,14) width 703: "adjust to the new regimen. Of course, she can't go to her last day of preschool tomorrow, because they're having \"Water Days,\" and she can't get wet."
      RenderBlock {P} at (0,320) size 784x14
        RenderText {#text} at (0,0) size 548x14
          text run at (0,0) width 548: "The weather's finally gotten extremely hot around here, and she can't get her splint (and in a few days, her cast) wet. "
        RenderInline {I} at (0,0) size 25x14
          RenderText {#text} at (548,0) size 25x14
            text run at (548,0) width 25: "Neat."
      RenderBlock {P} at (0,346) size 784x28
        RenderText {#text} at (0,0) size 783x28
          text run at (0,0) width 783: "I've never broken anything (knock on nearest wood sprite)\x{D1}does it affect your outlook on life? She has an adventuresome spirit and I hope she's just as energetic after"
          text run at (0,14) width 411: "this little incident as she was before. At the moment she's even lost her sense of humor."
    RenderBlock {HR} at (0,34) size 784x2 [border: (1px inset #000000)]
