layer at (0,0) size 800x600
  RenderView at (0,0) size 800x600
layer at (0,0) size 800x28
  RenderBlock {book} at (0,0) size 800x28
    RenderBlock {xhtml:div} at (0,0) size 800x14
      RenderText {#text} at (0,0) size 501x14
        text run at (0,0) width 501: "This test checks whether CSS21 attribute selectors are re-evaluated after attribute changes in xml elements."
    RenderBlock {test} at (0,14) size 800x14 [color=#008000]
      RenderInline (generated) at (0,0) size 46x14
        RenderText at (0,0) size 46x14
          text run at (0,0) width 46: "PASSED"
