layer at (0,0) size 800x4143
  RenderView at (0,0) size 800x600
layer at (0,0) size 800x4143
  RenderBlock {HTML} at (0,0) size 800x4143
    RenderBody {BODY} at (8,12) size 784x4123
      RenderBlock {P} at (0,0) size 784x14
        RenderText {#text} at (0,0) size 639x14
          text run at (0,0) width 639: "The very tall div below (> 4095 pixels) should have a 1-pixel dotted border on the right and bottom and a wider solid border on the left."
      RenderBlock {DIV} at (0,26) size 505x4097 [border: (1px dotted #000000) (4px solid #8394B2)]
