layer at (0,0) size 800x600
  RenderView at (0,0) size 800x600
layer at (0,0) size 800x600
  RenderBlock {HTML} at (0,0) size 800x600
    RenderBody {BODY} at (8,8) size 784x580
      RenderBlock {P} at (0,0) size 784x14
        RenderText {#text} at (0,0) size 40x14
          text run at (0,0) width 40: "Test for "
        RenderInline {I} at (0,0) size 466x14
          RenderInline {A} at (0,0) size 226x14 [color=#0000EE]
            RenderText {#text} at (40,0) size 226x14
              text run at (40,0) width 226: "http://bugs.webkit.org/show_bug.cgi?id=11930"
          RenderText {#text} at (266,0) size 240x14
            text run at (266,0) width 3: " "
            text run at (269,0) width 237: "Specifying border-radius makes the outline shrink"
        RenderText {#text} at (506,0) size 3x14
          text run at (506,0) width 3: "."
      RenderBlock {P} at (0,26) size 784x14
        RenderText {#text} at (0,0) size 205x14
          text run at (0,0) width 205: "These two squares should be the same size:"
      RenderBlock (anonymous) at (0,52) size 784x14
        RenderBlock {DIV} at (0,1) size 10x10
        RenderText {#text} at (10,0) size 3x14
          text run at (10,0) width 3: " "
        RenderBlock {DIV} at (13,1) size 10x10
        RenderText {#text} at (0,0) size 0x0
      RenderBlock {P} at (0,78) size 784x0
