layer at (0,0) size 800x600
  RenderView at (0,0) size 800x600
layer at (0,0) size 800x96
  RenderBlock {HTML} at (0,0) size 800x96
    RenderBody {BODY} at (0,18) size 800x60
      RenderBlock {P} at (0,0) size 800x21
        RenderInline {A} at (0,0) size 350x20 [color=#0000EE]
          RenderText {#text} at (0,0) size 350x20
            text run at (0,0) width 350: "https://bugs.webkit.org/show_bug.cgi?id=24753"
      RenderBlock {P} at (0,39) size 800x21
        RenderText {#text} at (0,0) size 463x20
          text run at (0,0) width 463: "Test CSS clip with zooming. You should not see any red below"
layer at (75,150) size 150x150
  RenderBlock (positioned) {DIV} at (75,150) size 150x150 [bgcolor=#FF0000]
layer at (0,75) size 300x300 backgroundClip at (75,150) size 150x150 clip at (75,150) size 150x150 outlineClip at (75,150) size 150x150
  RenderBlock (positioned) {DIV} at (0,75) size 300x300 [bgcolor=#008000]
