layer at (0,0) size 800x600
  RenderView at (0,0) size 800x600
layer at (0,0) size 800x70
  RenderBlock {HTML} at (0,0) size 800x70
    RenderBody {BODY} at (8,12) size 784x50
      RenderBlock {P} at (0,0) size 784x14
        RenderText {#text} at (0,0) size 175x14
          text run at (0,0) width 175: "There should be no RED on the page"
      RenderBlock {DIV} at (0,26) size 784x24
