layer at (0,0) size 800x600
  RenderView at (0,0) size 800x600
layer at (0,0) size 800x600
  RenderBlock {HTML} at (0,0) size 800x600
    RenderBody {BODY} at (8,8) size 784x580
      RenderBlock {P} at (0,0) size 784x14
        RenderText {#text} at (0,0) size 36x14
          text run at (0,0) width 36: "test for "
        RenderInline {A} at (0,0) size 45x14 [color=#0000EE]
          RenderText {#text} at (36,0) size 45x14
            text run at (36,0) width 45: "bug 7157"
        RenderText {#text} at (81,0) size 496x14
          text run at (81,0) width 496: ": An asterisk in a CSS property name breaks CSS handling (Many layout problems at letras.terra.com.br)"
      RenderBlock {P} at (0,26) size 784x14 [color=#008000]
        RenderText {#text} at (0,0) size 124x14
          text run at (0,0) width 124: "Should be green on white."
      RenderBlock {P} at (0,52) size 784x14 [color=#008000]
        RenderText {#text} at (0,0) size 124x14
          text run at (0,0) width 124: "Should be green on white."
      RenderBlock {P} at (0,78) size 784x14 [color=#008000]
        RenderText {#text} at (0,0) size 124x14
          text run at (0,0) width 124: "Should be green on white."
