layer at (0,0) size 800x600
  RenderView at (0,0) size 800x600
layer at (0,0) size 800x600
  RenderBlock {HTML} at (0,0) size 800x600
    RenderBody {BODY} at (8,8) size 784x584
      RenderBlock {P} at (0,0) size 784x14
        RenderText {#text} at (0,0) size 40x14
          text run at (0,0) width 40: "Test for "
        RenderInline {I} at (0,0) size 516x14
          RenderInline {A} at (0,0) size 262x14 [color=#0000EE]
            RenderText {#text} at (40,0) size 262x14
              text run at (40,0) width 262: "http://bugzilla.opendarwin.org/show_bug.cgi?id=4227"
          RenderText {#text} at (302,0) size 254x14
            text run at (302,0) width 3: " "
            text run at (305,0) width 251: "The ex unit doesn't work for font-variant: small-caps"
        RenderText {#text} at (556,0) size 3x14
          text run at (556,0) width 3: "."
      RenderBlock {P} at (0,26) size 784x14
        RenderText {#text} at (0,0) size 182x14
          text run at (0,0) width 182: "There should be a green square below:"
      RenderBlock {DIV} at (0,52) size 120x120 [bgcolor=#008000]
