layer at (0,0) size 800x600
  RenderView at (0,0) size 800x600
layer at (0,0) size 800x600
  RenderBlock {HTML} at (0,0) size 800x600
    RenderBody {BODY} at (8,8) size 784x584
      RenderBlock {P} at (0,0) size 784x14
        RenderText {#text} at (0,0) size 322x14
          text run at (0,0) width 322: "All the X\x{2019}s below should be green. All other letters should be black."
      RenderBlock {DIV} at (0,26) size 784x14
        RenderInline (generated) at (0,0) size 9x14 [color=#008000]
          RenderText {#text} at (0,0) size 9x14
            text run at (0,0) width 9: "X"
        RenderText {#text} at (9,0) size 9x14
          text run at (9,0) width 9: "Y"
      RenderBlock {DIV} at (0,40) size 784x14
        RenderImage {IMG} at (0,11) size 0x0
        RenderText {#text} at (0,0) size 16x14
          text run at (0,0) width 16: "YZ"
      RenderBlock {DIV} at (0,54) size 784x14
        RenderImage {IMG} at (0,0) size 0x0
        RenderInline (generated) at (0,0) size 9x14 [color=#008000]
          RenderText {#text} at (0,0) size 9x14
            text run at (0,0) width 9: "X"
        RenderText {#text} at (9,0) size 9x14
          text run at (9,0) width 9: "Y"
      RenderBlock {DIV} at (0,68) size 784x14
        RenderInline (generated) at (0,0) size 9x14 [color=#008000]
          RenderText {#text} at (0,0) size 9x14
            text run at (0,0) width 9: "X"
        RenderText {#text} at (9,0) size 9x14
          text run at (9,0) width 9: "Y"
      RenderBlock {DIV} at (0,82) size 784x14
        RenderBlock {DIV} at (0,0) size 784x14
          RenderInline (generated) at (0,0) size 9x14 [color=#008000]
            RenderText {#text} at (0,0) size 9x14
              text run at (0,0) width 9: "X"
          RenderText {#text} at (9,0) size 9x14
            text run at (9,0) width 9: "Y"
      RenderBlock {DIV} at (0,96) size 784x14
        RenderBlock {DIV} at (0,0) size 784x14
          RenderImage {IMG} at (0,11) size 0x0
          RenderText {#text} at (0,0) size 3x14
            text run at (0,0) width 3: " "
          RenderText {#text} at (3,0) size 16x14
            text run at (3,0) width 16: "YZ"
layer at (100,76) size 20x14
  RenderBlock (positioned) {DIV} at (100,76) size 20x14
    RenderText {#text} at (0,0) size 20x14
      text run at (0,0) width 20: "VW"
layer at (100,90) size 20x14
  RenderBlock (positioned) {DIV} at (100,90) size 20x14
    RenderText {#text} at (0,0) size 20x14
      text run at (0,0) width 20: "VW"
layer at (100,118) size 20x14
  RenderBlock (positioned) {DIV} at (100,118) size 20x14
    RenderText {#text} at (0,0) size 20x14
      text run at (0,0) width 20: "VW"
