layer at (0,0) size 800x600
  RenderView at (0,0) size 800x600
layer at (0,0) size 800x600
  RenderBlock {HTML} at (0,0) size 800x600
    RenderBody {BODY} at (8,8) size 784x584
      RenderBlock {P} at (0,0) size 784x14
        RenderText {#text} at (0,0) size 40x14
          text run at (0,0) width 40: "Test for "
        RenderInline {A} at (0,0) size 228x14 [color=#0000EE]
          RenderText {#text} at (40,0) size 228x14
            text run at (40,0) width 228: "http://bugs.webkit.org/show_bug.cgi?id=13169 "
        RenderText {#text} at (268,0) size 224x14
          text run at (268,0) width 224: "css-formatted first letter won't hide dynamically"
      RenderBlock {P} at (0,26) size 784x14
        RenderText {#text} at (0,0) size 312x14
          text run at (0,0) width 312: "The next line of text should become invisible, including first letter."
      RenderBlock {DIV} at (0,52) size 784x14
        RenderInline (generated) at (0,0) size 8x14 [color=#0000FF]
          RenderText {#text} at (0,0) size 8x14
            text run at (0,0) width 8: "C"
        RenderText {#text} at (8,0) size 52x14
          text run at (8,0) width 52: "lick to hide"
