layer at (0,0) size 800x600
  RenderView at (0,0) size 800x600
layer at (0,0) size 800x600
  RenderBlock {HTML} at (0,0) size 800x600
    RenderBody {BODY} at (8,8) size 784x580
      RenderBlock {P} at (0,0) size 784x14
        RenderText {#text} at (0,0) size 40x14
          text run at (0,0) width 40: "Test for "
        RenderInline {I} at (0,0) size 567x14
          RenderInline {A} at (0,0) size 226x14 [color=#0000EE]
            RenderText {#text} at (40,0) size 226x14
              text run at (40,0) width 226: "http://bugs.webkit.org/show_bug.cgi?id=17834"
          RenderText {#text} at (266,0) size 341x14
            text run at (266,0) width 3: " "
            text run at (269,0) width 338: "REGRESSION: floated first-letter does not work when included in table"
        RenderText {#text} at (607,0) size 3x14
          text run at (607,0) width 3: "."
      RenderBlock {P} at (0,26) size 784x14
        RenderText {#text} at (0,0) size 205x14
          text run at (0,0) width 205: "The following three lines should look like \x{201C}"
        RenderInline {SPAN} at (0,0) size 9x14 [color=#008000]
          RenderText {#text} at (205,0) size 9x14
            text run at (205,0) width 9: "A"
        RenderText {#text} at (214,0) size 19x14
          text run at (214,0) width 19: "-Z\x{201D}."
      RenderTable {TABLE} at (0,52) size 26x20
        RenderTableSection {TBODY} at (0,0) size 26x20
          RenderTableRow {TR} at (0,2) size 26x16
            RenderTableCell {TD} at (2,2) size 22x16 [r=0 c=0 rs=1 cs=1]
              RenderBlock {DIV} at (1,1) size 20x14
                RenderBlock {P} at (0,0) size 20x14
                  RenderBlock (floating) at (0,0) size 9x14 [color=#008000]
                    RenderText {#text} at (0,0) size 9x14
                      text run at (0,0) width 9: "A"
                  RenderText {#text} at (9,0) size 11x14
                    text run at (9,0) width 11: "-Z"
      RenderTable {TABLE} at (0,72) size 26x20
        RenderTableSection {TBODY} at (0,0) size 26x20
          RenderTableRow {TR} at (0,2) size 26x16
            RenderTableCell {TD} at (2,2) size 22x16 [r=0 c=0 rs=1 cs=1]
              RenderBlock {P} at (1,1) size 20x14
                RenderBlock (floating) at (0,0) size 9x14 [color=#008000]
                  RenderText {#text} at (0,0) size 9x14
                    text run at (0,0) width 9: "A"
                RenderText {#text} at (9,0) size 11x14
                  text run at (9,0) width 11: "-Z"
      RenderBlock {P} at (0,104) size 784x14
        RenderBlock (floating) at (0,0) size 9x14 [color=#008000]
          RenderText {#text} at (0,0) size 9x14
            text run at (0,0) width 9: "A"
        RenderText {#text} at (9,0) size 11x14
          text run at (9,0) width 11: "-Z"
