layer at (0,0) size 800x600
  RenderView at (0,0) size 800x600
layer at (0,0) size 800x600
  RenderBlock {HTML} at (0,0) size 800x600
    RenderBody {BODY} at (8,8) size 784x580
      RenderBlock {P} at (0,0) size 784x14
        RenderText {#text} at (0,0) size 40x14
          text run at (0,0) width 40: "Test for "
        RenderInline {I} at (0,0) size 704x14
          RenderInline {A} at (0,0) size 226x14 [color=#0000EE]
            RenderText {#text} at (40,0) size 226x14
              text run at (40,0) width 226: "http://bugs.webkit.org/show_bug.cgi?id=14545"
          RenderText {#text} at (266,0) size 478x14
            text run at (266,0) width 3: " "
            text run at (269,0) width 475: "REGRESSION (r21854-r21869): Repro crash in RenderBlock::updateFirstLetter @ nola.com/rose/"
        RenderText {#text} at (744,0) size 3x14
          text run at (744,0) width 3: "."
      RenderBlock {P} at (0,26) size 784x14
        RenderText {#text} at (0,0) size 186x14
          text run at (0,0) width 186: "The following lines should be identical:"
      RenderBlock {DIV} at (0,52) size 784x14
        RenderInline (generated) at (0,0) size 7x14 [color=#008000]
          RenderText {#text} at (0,0) size 7x14
            text run at (0,0) width 7: "L"
        RenderText {#text} at (7,0) size 57x14
          text run at (7,0) width 57: "orem Ipsum"
      RenderBlock {P} at (0,78) size 784x14
        RenderInline {SPAN} at (0,0) size 7x14 [color=#008000]
          RenderText {#text} at (0,0) size 7x14
            text run at (0,0) width 7: "L"
        RenderText {#text} at (7,0) size 57x14
          text run at (7,0) width 57: "orem Ipsum"
