layer at (0,0) size 800x600
  RenderView at (0,0) size 800x600
layer at (0,0) size 800x600
  RenderBlock {HTML} at (0,0) size 800x600
    RenderBody {BODY} at (8,8) size 784x584
      RenderBlock {P} at (0,0) size 784x14
        RenderText {#text} at (0,0) size 40x14
          text run at (0,0) width 40: "Test for "
        RenderInline {A} at (0,0) size 222x14 [color=#0000EE]
          RenderText {#text} at (40,0) size 222x14
            text run at (40,0) width 222: "http://bugs.webkit.org/show_bug.cgi?id=4104 "
        RenderText {#text} at (262,0) size 187x14
          text run at (262,0) width 187: "first-letter not updating style with hover"
      RenderBlock {P} at (0,26) size 784x14
        RenderText {#text} at (0,0) size 292x14
          text run at (0,0) width 292: "The next line of text should turn green when we hover over it."
      RenderBlock {DIV} at (0,52) size 784x28
        RenderInline (generated) at (0,0) size 7x14 [color=#0000FF]
          RenderText {#text} at (0,0) size 7x14
            text run at (0,0) width 7: "T"
        RenderText {#text} at (7,0) size 773x28
          text run at (7,0) width 766: "he first letter of this paragraph should be larger than the rest. If you hover over this paragraph, all of the text (including the first letter) should turn green. If the first"
          text run at (0,14) width 187: "letter remains black, then there is a bug!"
