layer at (0,0) size 800x600
  RenderView at (0,0) size 800x600
layer at (0,0) size 800x600
  RenderBlock {HTML} at (0,0) size 800x600
    RenderBody {BODY} at (8,8) size 784x544
      RenderBlock {P} at (0,0) size 784x14
        RenderText {#text} at (0,0) size 614x14
          text run at (0,0) width 614: "This test tries to render the following text with Ahem, loaded from a WOFF file. The text below should be a series of black boxes."
      RenderBlock {P} at (0,62) size 784x55
        RenderText {#text} at (0,0) size 135x54
          text run at (0,0) width 135: "Failure"
