layer at (0,0) size 800x600
  RenderView at (0,0) size 800x600
layer at (0,0) size 800x600
  RenderBlock {HTML} at (0,0) size 800x600
    RenderBody {BODY} at (8,8) size 784x584
      RenderBlock {P} at (0,0) size 784x28
        RenderText {#text} at (0,0) size 753x28
          text run at (0,0) width 360: "This tests that when @font-face rules with unicode-range are specified for a "
          text run at (360,0) width 335: "font that exists on the system, the system font is used for all characters "
          text run at (695,0) width 58: "not explictly"
          text run at (0,14) width 54: "overridden."
      RenderBlock {P} at (0,40) size 784x14
        RenderText {#text} at (0,0) size 384x14
          text run at (0,0) width 333: "In the next line, the digits should be in Times, but the letters should be "
          text run at (333,0) width 51: "in Courier."
      RenderBlock (anonymous) at (0,66) size 784x28
        RenderInline {SPAN} at (0,0) size 279x26
          RenderText {#text} at (0,1) size 279x26
            text run at (0,1) width 279: "ABCDEFGHIJ 1234567890"
        RenderText {#text} at (0,0) size 0x0
