layer at (0,0) size 800x600
  RenderView at (0,0) size 800x600
layer at (0,0) size 800x316
  RenderBlock {HTML} at (0,0) size 800x316
    RenderBody {BODY} at (8,12) size 784x142
      RenderBlock {P} at (0,0) size 784x14
        RenderText {#text} at (0,0) size 329x14
          text run at (0,0) width 329: "For each of pairs, the first one and the second one should be identical."
        RenderText {#text} at (0,0) size 0x0
      RenderTable {TABLE} at (0,26) size 116x278
        RenderTableSection {TBODY} at (0,0) size 116x278
          RenderTableRow {TR} at (0,2) size 116x57
            RenderTableCell {TD} at (2,2) size 55x57 [r=0 c=0 rs=1 cs=1]
              RenderBlock {SECTION} at (1,1) size 53x55
                RenderBlock {HR} at (0,0) size 53x2 [border: (1px inset #000000)]
                RenderBlock {H1} at (0,16) size 53x23 [border: (1px solid #00FF00)]
                  RenderText {#text} at (1,1) size 51x20
                    text run at (1,1) width 51: "MMM"
                RenderBlock {HR} at (0,53) size 53x2 [border: (1px inset #000000)]
            RenderTableCell {TD} at (59,2) size 55x57 [r=0 c=1 rs=1 cs=1]
              RenderBlock {HR} at (1,1) size 53x2 [border: (1px inset #000000)]
              RenderBlock {H2} at (1,17) size 53x23 [border: (1px solid #00FF00)]
                RenderText {#text} at (1,1) size 51x20
                  text run at (1,1) width 51: "MMM"
              RenderBlock {HR} at (1,54) size 53x2 [border: (1px inset #000000)]
          RenderTableRow {TR} at (0,61) size 116x52
            RenderTableCell {TD} at (2,61) size 55x52 [r=1 c=0 rs=1 cs=1]
              RenderBlock {ARTICLE} at (1,1) size 53x50
                RenderBlock {SECTION} at (0,0) size 53x50
                  RenderBlock {HR} at (0,0) size 53x2 [border: (1px inset #000000)]
                  RenderBlock {H1} at (0,16) size 53x18 [border: (1px solid #00FF00)]
                    RenderText {#text} at (1,1) size 39x15
                      text run at (1,1) width 39: "MMM"
                  RenderBlock {HR} at (0,48) size 53x2 [border: (1px inset #000000)]
            RenderTableCell {TD} at (59,61) size 55x52 [r=1 c=1 rs=1 cs=1]
              RenderBlock {HR} at (1,1) size 53x2 [border: (1px inset #000000)]
              RenderBlock {H3} at (1,17) size 53x18 [border: (1px solid #00FF00)]
                RenderText {#text} at (1,1) size 39x15
                  text run at (1,1) width 39: "MMM"
              RenderBlock {HR} at (1,49) size 53x2 [border: (1px inset #000000)]
          RenderTableRow {TR} at (0,115) size 116x52
            RenderTableCell {TD} at (2,115) size 55x52 [r=2 c=0 rs=1 cs=1]
              RenderBlock {NAV} at (1,1) size 53x50
                RenderBlock {ARTICLE} at (0,0) size 53x50
                  RenderBlock {SECTION} at (0,0) size 53x50
                    RenderBlock {HR} at (0,0) size 53x2 [border: (1px inset #000000)]
                    RenderBlock {H1} at (0,17) size 53x16 [border: (1px solid #00FF00)]
                      RenderText {#text} at (1,1) size 33x14
                        text run at (1,1) width 33: "MMM"
                    RenderBlock {HR} at (0,48) size 53x2 [border: (1px inset #000000)]
            RenderTableCell {TD} at (59,115) size 55x52 [r=2 c=1 rs=1 cs=1]
              RenderBlock {HR} at (1,1) size 53x2 [border: (1px inset #000000)]
              RenderBlock {H4} at (1,18) size 53x16 [border: (1px solid #00FF00)]
                RenderText {#text} at (1,1) size 33x14
                  text run at (1,1) width 33: "MMM"
              RenderBlock {HR} at (1,49) size 53x2 [border: (1px inset #000000)]
          RenderTableRow {TR} at (0,169) size 116x52
            RenderTableCell {TD} at (2,169) size 55x52 [r=3 c=0 rs=1 cs=1]
              RenderBlock {NAV} at (1,1) size 53x50
                RenderBlock {ASIDE} at (0,0) size 53x50
                  RenderBlock {ARTICLE} at (0,0) size 53x50
                    RenderBlock {SECTION} at (0,0) size 53x50
                      RenderBlock {HR} at (0,0) size 53x2 [border: (1px inset #000000)]
                      RenderBlock {H1} at (0,18) size 53x14 [border: (1px solid #00FF00)]
                        RenderText {#text} at (1,1) size 27x11
                          text run at (1,1) width 27: "MMM"
                      RenderBlock {HR} at (0,48) size 53x2 [border: (1px inset #000000)]
            RenderTableCell {TD} at (59,169) size 55x52 [r=3 c=1 rs=1 cs=1]
              RenderBlock {HR} at (1,1) size 53x2 [border: (1px inset #000000)]
              RenderBlock {H5} at (1,19) size 53x14 [border: (1px solid #00FF00)]
                RenderText {#text} at (1,1) size 27x11
                  text run at (1,1) width 27: "MMM"
              RenderBlock {HR} at (1,49) size 53x2 [border: (1px inset #000000)]
          RenderTableRow {TR} at (0,223) size 116x53
            RenderTableCell {TD} at (2,223) size 55x53 [r=4 c=0 rs=1 cs=1]
              RenderBlock {SECTION} at (1,1) size 53x51
                RenderBlock {DIV} at (0,0) size 53x51
                  RenderBlock {NAV} at (0,0) size 53x51
                    RenderBlock {ASIDE} at (0,0) size 53x51
                      RenderBlock {ARTICLE} at (0,0) size 53x51
                        RenderBlock {SECTION} at (0,0) size 53x51
                          RenderBlock {HR} at (0,0) size 53x2 [border: (1px inset #000000)]
                          RenderBlock {H1} at (0,20) size 53x11 [border: (1px solid #00FF00)]
                            RenderText {#text} at (1,1) size 24x9
                              text run at (1,1) width 24: "MMM"
                          RenderBlock {HR} at (0,49) size 53x2 [border: (1px inset #000000)]
                  RenderBlock {DIV} at (0,51) size 53x0
            RenderTableCell {TD} at (59,223) size 55x53 [r=4 c=1 rs=1 cs=1]
              RenderBlock {HR} at (1,1) size 53x2 [border: (1px inset #000000)]
              RenderBlock {H6} at (1,21) size 53x11 [border: (1px solid #00FF00)]
                RenderText {#text} at (1,1) size 24x9
                  text run at (1,1) width 24: "MMM"
              RenderBlock {HR} at (1,50) size 53x2 [border: (1px inset #000000)]
      RenderTable {TABLE} at (116,26) size 278x116
        RenderTableSection {TBODY} at (0,0) size 278x116
          RenderTableRow {TR} at (0,2) size 57x116
            RenderTableCell {TD} at (2,2) size 57x55 [r=0 c=0 rs=1 cs=1]
              RenderBlock {SECTION} at (1,1) size 55x53
                RenderBlock {HR} at (0,0) size 2x53 [border: (1px inset #000000)]
                RenderBlock {H1} at (16,0) size 23x53 [border: (1px solid #00FF00)]
                  RenderText {#text} at (1,1) size 20x51
                    text run at (1,1) width 51: "MMM"
                RenderBlock {HR} at (53,0) size 2x53 [border: (1px inset #000000)]
            RenderTableCell {TD} at (2,59) size 57x55 [r=0 c=1 rs=1 cs=1]
              RenderBlock {HR} at (1,1) size 2x53 [border: (1px inset #000000)]
              RenderBlock {H2} at (17,1) size 23x53 [border: (1px solid #00FF00)]
                RenderText {#text} at (1,1) size 20x51
                  text run at (1,1) width 51: "MMM"
              RenderBlock {HR} at (54,1) size 2x53 [border: (1px inset #000000)]
          RenderTableRow {TR} at (0,61) size 52x116
            RenderTableCell {TD} at (61,2) size 52x55 [r=1 c=0 rs=1 cs=1]
              RenderBlock {ARTICLE} at (1,1) size 50x53
                RenderBlock {SECTION} at (0,0) size 50x53
                  RenderBlock {HR} at (0,0) size 2x53 [border: (1px inset #000000)]
                  RenderBlock {H1} at (16,0) size 18x53 [border: (1px solid #00FF00)]
                    RenderText {#text} at (1,1) size 15x39
                      text run at (1,1) width 39: "MMM"
                  RenderBlock {HR} at (48,0) size 2x53 [border: (1px inset #000000)]
            RenderTableCell {TD} at (61,59) size 52x55 [r=1 c=1 rs=1 cs=1]
              RenderBlock {HR} at (1,1) size 2x53 [border: (1px inset #000000)]
              RenderBlock {H3} at (17,1) size 18x53 [border: (1px solid #00FF00)]
                RenderText {#text} at (1,1) size 15x39
                  text run at (1,1) width 39: "MMM"
              RenderBlock {HR} at (49,1) size 2x53 [border: (1px inset #000000)]
          RenderTableRow {TR} at (0,115) size 52x116
            RenderTableCell {TD} at (115,2) size 52x55 [r=2 c=0 rs=1 cs=1]
              RenderBlock {NAV} at (1,1) size 50x53
                RenderBlock {ARTICLE} at (0,0) size 50x53
                  RenderBlock {SECTION} at (0,0) size 50x53
                    RenderBlock {HR} at (0,0) size 2x53 [border: (1px inset #000000)]
                    RenderBlock {H1} at (17,0) size 16x53 [border: (1px solid #00FF00)]
                      RenderText {#text} at (1,1) size 14x33
                        text run at (1,1) width 33: "MMM"
                    RenderBlock {HR} at (48,0) size 2x53 [border: (1px inset #000000)]
            RenderTableCell {TD} at (115,59) size 52x55 [r=2 c=1 rs=1 cs=1]
              RenderBlock {HR} at (1,1) size 2x53 [border: (1px inset #000000)]
              RenderBlock {H4} at (18,1) size 16x53 [border: (1px solid #00FF00)]
                RenderText {#text} at (1,1) size 14x33
                  text run at (1,1) width 33: "MMM"
              RenderBlock {HR} at (49,1) size 2x53 [border: (1px inset #000000)]
          RenderTableRow {TR} at (0,169) size 52x116
            RenderTableCell {TD} at (169,2) size 52x55 [r=3 c=0 rs=1 cs=1]
              RenderBlock {NAV} at (1,1) size 50x53
                RenderBlock {ASIDE} at (0,0) size 50x53
                  RenderBlock {ARTICLE} at (0,0) size 50x53
                    RenderBlock {SECTION} at (0,0) size 50x53
                      RenderBlock {HR} at (0,0) size 2x53 [border: (1px inset #000000)]
                      RenderBlock {H1} at (18,0) size 14x53 [border: (1px solid #00FF00)]
                        RenderText {#text} at (1,1) size 11x27
                          text run at (1,1) width 27: "MMM"
                      RenderBlock {HR} at (48,0) size 2x53 [border: (1px inset #000000)]
            RenderTableCell {TD} at (169,59) size 52x55 [r=3 c=1 rs=1 cs=1]
              RenderBlock {HR} at (1,1) size 2x53 [border: (1px inset #000000)]
              RenderBlock {H5} at (19,1) size 14x53 [border: (1px solid #00FF00)]
                RenderText {#text} at (1,1) size 11x27
                  text run at (1,1) width 27: "MMM"
              RenderBlock {HR} at (49,1) size 2x53 [border: (1px inset #000000)]
          RenderTableRow {TR} at (0,223) size 53x116
            RenderTableCell {TD} at (223,2) size 53x55 [r=4 c=0 rs=1 cs=1]
              RenderBlock {SECTION} at (1,1) size 51x53
                RenderBlock {DIV} at (0,0) size 51x53
                  RenderBlock {NAV} at (0,0) size 51x53
                    RenderBlock {ASIDE} at (0,0) size 51x53
                      RenderBlock {ARTICLE} at (0,0) size 51x53
                        RenderBlock {SECTION} at (0,0) size 51x53
                          RenderBlock {HR} at (0,0) size 2x53 [border: (1px inset #000000)]
                          RenderBlock {H1} at (20,0) size 11x53 [border: (1px solid #00FF00)]
                            RenderText {#text} at (1,1) size 9x24
                              text run at (1,1) width 24: "MMM"
                          RenderBlock {HR} at (49,0) size 2x53 [border: (1px inset #000000)]
                  RenderBlock {DIV} at (51,0) size 0x53
            RenderTableCell {TD} at (223,59) size 53x55 [r=4 c=1 rs=1 cs=1]
              RenderBlock {HR} at (1,1) size 2x53 [border: (1px inset #000000)]
              RenderBlock {H6} at (21,1) size 11x53 [border: (1px solid #00FF00)]
                RenderText {#text} at (1,1) size 9x24
                  text run at (1,1) width 24: "MMM"
              RenderBlock {HR} at (50,1) size 2x53 [border: (1px inset #000000)]
