layer at (0,0) size 800x1022
  RenderView at (0,0) size 800x600
layer at (0,0) size 800x1022
  RenderBlock {HTML} at (0,0) size 800x1022
    RenderBody {BODY} at (8,8) size 784x998
      RenderBlock {H1} at (0,0) size 784x28 [color=#FF0000]
        RenderText {#text} at (0,1) size 392x26
          text run at (0,1) width 392: "This should be red: hsl(0, 100%, 50%)"
      RenderBlock {H1} at (0,44) size 784x28 [color=#00FF00]
        RenderText {#text} at (0,1) size 439x26
          text run at (0,1) width 439: "This should be green: hsl(120, 100%, 50%)"
      RenderBlock {H1} at (0,88) size 784x28 [color=#00FFFF]
        RenderText {#text} at (0,1) size 431x26
          text run at (0,1) width 431: "This should be aqua: hsl(180, 100%, 50%)"
      RenderBlock {H1} at (0,132) size 784x28 [color=#0000FF]
        RenderText {#text} at (0,1) size 425x26
          text run at (0,1) width 425: "This should be blue: hsl(240, 100%, 50%)"
      RenderBlock {H1} at (0,176) size 784x28 [color=#7FFF7F]
        RenderText {#text} at (0,1) size 492x26
          text run at (0,1) width 492: "This should be light green: hsl(120, 100%, 75%)"
      RenderBlock {H1} at (0,220) size 784x28 [color=#007F00]
        RenderText {#text} at (0,1) size 494x26
          text run at (0,1) width 494: "This should be dark green: hsl(120, 100%, 25%)"
      RenderBlock {H1} at (0,264) size 784x28 [color=#3FBF3F]
        RenderText {#text} at (0,1) size 493x26
          text run at (0,1) width 493: "This should be pastel green: hsl(120, 50%, 50%)"
      RenderBlock (anonymous) at (0,308) size 784x28
        RenderInline {B} at (0,0) size 108x14
          RenderText {#text} at (0,0) size 108x14
            text run at (0,0) width 108: "Out of bounds cases:"
        RenderBR {BR} at (108,11) size 0x0
        RenderText {#text} at (0,14) size 302x14
          text run at (0,14) width 302: "Check percentages larger than 100%, should be limited to 100%"
      RenderBlock {H1} at (0,352) size 784x28 [color=#00FF00]
        RenderText {#text} at (0,1) size 439x26
          text run at (0,1) width 439: "This should be green: hsl(120, 100%, 50%)"
      RenderBlock {H1} at (0,396) size 784x28 [color=#00FF00]
        RenderText {#text} at (0,1) size 477x26
          text run at (0,1) width 477: "This should be green too: hsl(120, 200%, 50%)"
      RenderBlock (anonymous) at (0,440) size 784x14
        RenderText {#text} at (0,0) size 352x14
          text run at (0,0) width 352: "Check percentages less than 0% (negative values), should be limited to 0%"
      RenderBlock {H1} at (0,470) size 784x28 [color=#7F7F7F]
        RenderText {#text} at (0,1) size 403x26
          text run at (0,1) width 403: "This should be grey: hsl(120, 0%, 50%)"
      RenderBlock {H1} at (0,514) size 784x28 [color=#7F7F7F]
        RenderText {#text} at (0,1) size 479x26
          text run at (0,1) width 479: "This should be grey, too: hsl(120, -100%, 50%)"
      RenderBlock (anonymous) at (0,558) size 784x28
        RenderText {#text} at (0,0) size 738x28
          text run at (0,0) width 738: "Check Hue values that are larger than 360, should be normalized back to a value between 0 and 360. As Hue values are in degrees, there is no maximum like"
          text run at (0,14) width 161: "percentages, they are loop around."
      RenderBlock {H1} at (0,602) size 784x28 [color=#007F00]
        RenderText {#text} at (0,1) size 494x26
          text run at (0,1) width 494: "This should be dark green: hsl(120, 100%, 25%)"
      RenderBlock {H1} at (0,646) size 784x28 [color=#007F00]
        RenderText {#text} at (0,1) size 538x26
          text run at (0,1) width 538: "This should be dark green, too: hsl(480, 100%, 25%)"
      RenderBlock (anonymous) at (0,690) size 784x14
        RenderText {#text} at (0,0) size 191x14
          text run at (0,0) width 191: "Check Hue values with a negative angle."
      RenderBlock {H1} at (0,720) size 784x28 [color=#7FFF7F]
        RenderText {#text} at (0,1) size 492x26
          text run at (0,1) width 492: "This should be light green: hsl(120, 100%, 75%)"
      RenderBlock {H1} at (0,764) size 784x28 [color=#7FFF7F]
        RenderText {#text} at (0,1) size 544x26
          text run at (0,1) width 544: "This should be light green, too: hsl(-240, 100%, 75%)"
      RenderBlock {H1} at (0,808) size 784x28 [color=#7FFF7F]
        RenderText {#text} at (0,1) size 544x26
          text run at (0,1) width 544: "This should be light green, too: hsl(-600, 100%, 75%)"
      RenderBlock (anonymous) at (0,852) size 784x14
        RenderText {#text} at (0,0) size 220x14
          text run at (0,0) width 220: "Check Hues values with a floating point angle."
      RenderBlock {H1} at (0,882) size 784x28 [color=#FF0000]
        RenderText {#text} at (0,1) size 410x26
          text run at (0,1) width 410: "This should be red: hsl(0.0, 100%, 50%)"
      RenderBlock {H1} at (0,926) size 784x28 [color=#00FF00]
        RenderText {#text} at (0,1) size 469x26
          text run at (0,1) width 469: "This should be green: hsl(120.00, 100%, 50%)"
      RenderBlock {H1} at (0,970) size 784x28 [color=#0000FF]
        RenderText {#text} at (0,1) size 467x26
          text run at (0,1) width 467: "This should be blue: hsl(240.000, 100%, 50%)"
