layer at (0,0) size 800x600
  RenderView at (0,0) size 800x600
layer at (0,0) size 800x600
  RenderBlock {HTML} at (0,0) size 800x600
    RenderBody {BODY} at (8,8) size 784x576 [bgcolor=#FFFF00]
      RenderBlock {H1} at (0,0) size 784x28 [color=#FF00007F]
        RenderText {#text} at (0,1) size 294x26
          text run at (0,1) width 294: "This should be red, alpha 0.5"
      RenderBlock {H1} at (0,44) size 784x28 [color=#FF00007F]
        RenderText {#text} at (0,1) size 340x26
          text run at (0,1) width 340: "This should also be red, alpha 0.5"
      RenderBlock {H1} at (0,88) size 784x28 [color=#00FF0000]
        RenderText {#text} at (0,1) size 317x26
          text run at (0,1) width 317: "This should be green, alpha 0.0"
      RenderBlock {H1} at (0,132) size 784x28 [color=#00FF0000]
        RenderText {#text} at (0,1) size 363x26
          text run at (0,1) width 363: "This should also be green, alpha 0.0"
      RenderBlock {H1} at (0,176) size 784x28 [color=#00FF00]
        RenderText {#text} at (0,1) size 317x26
          text run at (0,1) width 317: "This should be green, alpha 1.0"
      RenderBlock {H1} at (0,220) size 784x28 [color=#00FF00]
        RenderText {#text} at (0,1) size 363x26
          text run at (0,1) width 363: "This should also be green, alpha 1.0"
