layer at (0,0) size 800x600
  RenderView at (0,0) size 800x600
layer at (0,0) size 800x600
  RenderBlock {HTML} at (0,0) size 800x600
    RenderBody {BODY} at (8,8) size 784x580
      RenderBlock {P} at (0,0) size 66x34 [border: (3px solid #0000FF)]
        RenderInline {SPAN} at (0,0) size 81x14
          RenderText {#text} at (3,3) size 81x14
            text run at (3,3) width 81: "AAAAAAAAA"
        RenderText {#text} at (84,3) size 99x28
          text run at (84,3) width 18: "AA"
          text run at (3,17) width 16: "BB"
      RenderBlock {P} at (0,46) size 66x20 [border: (3px solid #0000FF)]
        RenderInline {SPAN} at (0,0) size 81x14
          RenderText {#text} at (3,3) size 81x14
            text run at (3,3) width 81: "AAAAAAAAA"
        RenderText {#text} at (84,3) size 45x14
          text run at (84,3) width 45: "AAAAA"
      RenderBlock {P} at (0,78) size 66x34 [border: (3px solid #0000FF)]
        RenderInline {SPAN} at (0,0) size 36x14
          RenderText {#text} at (3,3) size 36x14
            text run at (3,3) width 36: "AAAA"
        RenderText {#text} at (0,0) size 0x0
        RenderInline {SPAN} at (0,0) size 32x14
          RenderText {#text} at (3,17) size 32x14
            text run at (3,17) width 32: "BBBB"
        RenderText {#text} at (35,17) size 40x14
          text run at (35,17) width 40: "BBBBB"
      RenderBlock {P} at (0,124) size 66x34 [border: (3px solid #0000FF)]
        RenderInline {SPAN} at (0,0) size 81x14
          RenderText {#text} at (3,3) size 81x14
            text run at (3,3) width 81: "AAAAAAAAA"
        RenderText {#text} at (84,3) size 99x28
          text run at (84,3) width 18: "AA"
          text run at (3,17) width 14: "ZZ"
        RenderInline {SPAN} at (0,0) size 63x14
          RenderText {#text} at (17,17) size 63x14
            text run at (17,17) width 63: "ZZZZZZZZZ"
      RenderBlock {P} at (0,170) size 66x20 [border: (3px solid #0000FF)]
        RenderInline {SPAN} at (0,0) size 81x14
          RenderText {#text} at (3,3) size 81x14
            text run at (3,3) width 81: "AAAAAAAAA"
        RenderText {#text} at (84,3) size 55x14
          text run at (84,3) width 55: "MMMMM"
        RenderInline {SPAN} at (0,0) size 63x14
          RenderText {#text} at (139,3) size 63x14
            text run at (139,3) width 63: "ZZZZZZZZZ"
      RenderBlock {P} at (0,202) size 66x34 [border: (3px solid #0000FF)]
        RenderText {#text} at (3,3) size 45x14
          text run at (3,3) width 45: "YYYYY"
        RenderInline {SPAN} at (0,0) size 36x14
          RenderText {#text} at (48,3) size 36x14
            text run at (48,3) width 36: "YYYY"
        RenderText {#text} at (0,0) size 0x0
        RenderInline {SPAN} at (0,0) size 28x14
          RenderText {#text} at (3,17) size 28x14
            text run at (3,17) width 28: "ZZZZ"
      RenderBlock {P} at (0,248) size 66x34 [border: (3px solid #0000FF)]
        RenderText {#text} at (3,3) size 18x28
          text run at (3,3) width 18: "YY"
          text run at (3,17) width 14: "ZZ"
        RenderInline {SPAN} at (0,0) size 63x14
          RenderText {#text} at (17,17) size 63x14
            text run at (17,17) width 63: "ZZZZZZZZZ"
      RenderBlock {P} at (0,294) size 66x20 [border: (3px solid #0000FF)]
        RenderText {#text} at (3,3) size 35x14
          text run at (3,3) width 35: "ZZZZZ"
        RenderInline {SPAN} at (0,0) size 63x14
          RenderText {#text} at (38,3) size 63x14
            text run at (38,3) width 63: "ZZZZZZZZZ"
