layer at (0,0) size 800x600
  RenderView at (0,0) size 800x600
layer at (0,0) size 800x600
  RenderBlock {HTML} at (0,0) size 800x600
    RenderBody {BODY} at (8,8) size 784x578
      RenderBlock {P} at (0,0) size 784x14
        RenderText {#text} at (0,0) size 40x14
          text run at (0,0) width 40: "Test for "
        RenderInline {A} at (0,0) size 225x14 [color=#0000EE]
          RenderText {#text} at (40,0) size 225x14
            text run at (40,0) width 225: "http://bugs.webkit.org/show_bug.cgi?id=15260"
        RenderText {#text} at (265,0) size 116x14
          text run at (265,0) width 116: "Any styles defined after "
        RenderInline {ELEMENT} at (0,0) size 152x14
          RenderText {#text} at (381,0) size 6x14
            text run at (381,0) width 6: "{"
          RenderInline {PROPERTY} at (0,0) size 146x14
            RenderText {#text} at (387,0) size 146x14
              text run at (387,0) width 146: ":%} style are ignored by Safari"
      RenderBlock {H3} at (0,28) size 784x16 [color=#008000]
        RenderText {#text} at (0,0) size 188x15
          text run at (0,0) width 188: "This text should show in green."
