layer at (0,0) size 800x600
  RenderView at (0,0) size 800x600
layer at (0,0) size 800x600
  RenderBlock {HTML} at (0,0) size 800x600
    RenderBody {BODY} at (8,8) size 784x542
      RenderBlock {P} at (0,0) size 784x14
        RenderInline {A} at (0,0) size 45x14 [color=#0000EE]
          RenderText {#text} at (0,0) size 45x14
            text run at (0,0) width 45: "bug 7118"
        RenderText {#text} at (45,0) size 266x14
          text run at (45,0) width 266: ": Wrong property values do not get invalidated correctly."
      RenderBlock {P} at (0,26) size 784x14
        RenderText {#text} at (0,0) size 284x14
          text run at (0,0) width 284: "The two words \"test\" should look the same, with no outline:"
      RenderBlock {DIV} at (0,90) size 784x58
        RenderBlock {P} at (0,0) size 100x58
          RenderText {#text} at (0,1) size 69x56
            text run at (0,1) width 69: "test"
      RenderBlock {P} at (0,198) size 784x58
        RenderText {#text} at (0,1) size 69x56
          text run at (0,1) width 69: "test"
