layer at (0,0) size 800x600
  RenderView at (0,0) size 800x600
layer at (0,0) size 800x600
  RenderBlock {HTML} at (0,0) size 800x600
    RenderBody {BODY} at (8,8) size 784x584
      RenderBlock {DIV} at (0,0) size 784x10
        RenderText {#text} at (0,0) size 225x11
          text run at (0,0) width 225: "This should be fairly small text, rather than huge."
layer at (8,30) size 200x36
  RenderBlock (positioned) {DIV} at (8,30) size 200x36 [bgcolor=#FF0000]
    RenderText {#text} at (0,11) size 3x14
      text run at (0,11) width 3: " "
layer at (8,30) size 200x36
  RenderBlock (positioned) {SPAN} at (0,0) size 200x36 [bgcolor=#008000]
    RenderText {#text} at (0,11) size 132x14
      text run at (0,11) width 132: "There should be no red here"
