layer at (0,0) size 800x600
  RenderView at (0,0) size 800x600
layer at (0,0) size 800x600
  RenderBlock {HTML} at (0,0) size 800x600
    RenderBody {BODY} at (8,8) size 784x584
      RenderBlock {DIV} at (0,0) size 784x14
        RenderText {#text} at (0,0) size 40x14
          text run at (0,0) width 40: "Test for "
        RenderInline {A} at (0,0) size 89x14 [color=#0000EE]
          RenderText {#text} at (40,0) size 89x14
            text run at (40,0) width 89: "Bugzilla Bug 9934"
        RenderText {#text} at (129,0) size 337x14
          text run at (129,0) width 337: " Selecting text in text field with {line-height:100%} causes it to bounce."
      RenderBlock {DIV} at (0,14) size 784x32
        RenderTextControl {INPUT} at (2,2) size 194x28 [color=#202020]
      RenderBlock {DIV} at (0,46) size 784x14
        RenderText {#text} at (0,0) size 598x14
          text run at (0,0) width 429: "Select the text in the text field using horizontal mouse movements, then drag up and down. "
          text run at (429,0) width 169: "The text should not move vertically."
layer at (14,30) size 187x18
  RenderBlock {DIV} at (4,6) size 187x18
    RenderText {#text} at (1,0) size 92x17
      text run at (1,0) width 92: "Lorem Ipsum"
