layer at (0,0) size 800x600
  RenderView at (0,0) size 800x600
layer at (0,0) size 800x600
  RenderBlock {HTML} at (0,0) size 800x600
    RenderBody {BODY} at (8,8) size 784x584
      RenderBlock {DIV} at (0,14) size 784x14
        RenderText {#text} at (0,0) size 166x14
          text run at (0,0) width 166: "PASSED: The hover effect works!"
layer at (8,8) size 784x14
  RenderBlock {DIV} at (0,0) size 784x14
    RenderTable at (0,0) size 606x14
      RenderTableSection (anonymous) at (0,0) size 606x14
layer at (8,8) size 606x14
  RenderTableRow {DIV} at (0,0) size 606x14 [bgcolor=#0000FF]
    RenderTableCell (anonymous) at (0,0) size 606x14 [r=0 c=0 rs=1 cs=1]
      RenderText {#text} at (0,0) size 606x14
        text run at (0,0) width 606: "To test this manually, first make sure you can see this text at all, and then hover over it and make sure the background turns blue."
