layer at (0,0) size 800x600
  RenderView at (0,0) size 800x600
layer at (0,0) size 800x600
  RenderBlock {HTML} at (0,0) size 800x600
    RenderBody {BODY} at (8,8) size 784x584
      RenderText {#text} at (0,39) size 217x14
        text run at (0,39) width 217: "The following inputs should not be stretched. "
      RenderBlock {INPUT} at (221,3) size 12x50
      RenderText {#text} at (237,39) size 3x14
        text run at (237,39) width 3: " "
      RenderBlock {INPUT} at (244,3) size 12x50
      RenderText {#text} at (0,0) size 0x0
