layer at (0,0) size 800x600
  RenderView at (0,0) size 800x600
layer at (0,0) size 800x600
  RenderBlock {HTML} at (0,0) size 800x600
    RenderBody {BODY} at (8,8) size 784x582
      RenderBlock {P} at (0,0) size 784x14
        RenderText {#text} at (0,0) size 243x14
          text run at (0,0) width 243: "Test :nth-child() when dynamically adding siblings."
      RenderBlock {P} at (0,26) size 784x14
        RenderInline {A} at (0,0) size 230x14 [color=#0000EE]
          RenderText {#text} at (0,0) size 230x14
            text run at (0,0) width 230: "https://bugs.webkit.org/show_bug.cgi?id=26362"
      RenderBlock {DIV} at (10,52) size 764x166 [border: (1px solid #000000)]
        RenderBlock {P} at (11,6) size 747x14 [color=#FF0000]
          RenderText {#text} at (0,0) size 45x14
            text run at (0,0) width 10: "P "
            text run at (10,0) width 35: "red text"
        RenderBlock {DIV} at (6,20) size 752x14
          RenderText {#text} at (0,0) size 22x14
            text run at (0,0) width 22: "DIV"
        RenderBlock {P} at (11,34) size 747x14
          RenderText {#text} at (0,0) size 7x14
            text run at (0,0) width 7: "P"
        RenderBlock {DIV} at (6,48) size 752x14 [color=#FF0000] [bgcolor=#9999FF]
          RenderText {#text} at (0,0) size 98x14
            text run at (0,0) width 25: "DIV "
            text run at (25,0) width 38: "red text "
            text run at (63,0) width 35: "blue bg"
        RenderBlock {P} at (11,62) size 747x14
          RenderText {#text} at (0,0) size 7x14
            text run at (0,0) width 7: "P"
        RenderBlock {DIV} at (6,76) size 752x14
          RenderText {#text} at (0,0) size 22x14
            text run at (0,0) width 22: "DIV"
        RenderBlock {P} at (11,90) size 747x14 [color=#FF0000]
          RenderText {#text} at (0,0) size 45x14
            text run at (0,0) width 10: "P "
            text run at (10,0) width 35: "red text"
        RenderBlock {DIV} at (6,104) size 752x14
          RenderText {#text} at (0,0) size 22x14
            text run at (0,0) width 22: "DIV"
        RenderBlock {P} at (11,118) size 747x14
          RenderText {#text} at (0,0) size 7x14
            text run at (0,0) width 7: "P"
        RenderBlock {DIV} at (6,132) size 752x14 [color=#FF0000]
          RenderText {#text} at (0,0) size 60x14
            text run at (0,0) width 25: "DIV "
            text run at (25,0) width 35: "red text"
        RenderBlock {P} at (11,146) size 747x14
          RenderText {#text} at (0,0) size 7x14
            text run at (0,0) width 7: "P"
      RenderBlock {DIV} at (10,228) size 764x180 [border: (1px solid #000000)]
        RenderText {#text} at (6,6) size 198x14
          text run at (6,6) width 198: "child 0: PASS: found color rgb(255, 0, 0)"
        RenderBR {BR} at (204,17) size 0x0
        RenderText {#text} at (6,20) size 186x14
          text run at (6,20) width 186: "child 1: PASS: found color rgb(0, 0, 0)"
        RenderBR {BR} at (192,31) size 0x0
        RenderText {#text} at (6,34) size 186x14
          text run at (6,34) width 186: "child 2: PASS: found color rgb(0, 0, 0)"
        RenderBR {BR} at (192,45) size 0x0
        RenderText {#text} at (6,48) size 198x14
          text run at (6,48) width 198: "child 3: PASS: found color rgb(255, 0, 0)"
        RenderBR {BR} at (204,59) size 0x0
        RenderText {#text} at (6,62) size 186x14
          text run at (6,62) width 186: "child 4: PASS: found color rgb(0, 0, 0)"
        RenderBR {BR} at (192,73) size 0x0
        RenderText {#text} at (6,76) size 186x14
          text run at (6,76) width 186: "child 5: PASS: found color rgb(0, 0, 0)"
        RenderBR {BR} at (192,87) size 0x0
        RenderText {#text} at (6,90) size 198x14
          text run at (6,90) width 198: "child 6: PASS: found color rgb(255, 0, 0)"
        RenderBR {BR} at (204,101) size 0x0
        RenderText {#text} at (6,104) size 186x14
          text run at (6,104) width 186: "child 7: PASS: found color rgb(0, 0, 0)"
        RenderBR {BR} at (192,115) size 0x0
        RenderText {#text} at (6,118) size 186x14
          text run at (6,118) width 186: "child 8: PASS: found color rgb(0, 0, 0)"
        RenderBR {BR} at (192,129) size 0x0
        RenderText {#text} at (6,132) size 198x14
          text run at (6,132) width 198: "child 9: PASS: found color rgb(255, 0, 0)"
        RenderBR {BR} at (204,143) size 0x0
        RenderText {#text} at (6,146) size 192x14
          text run at (6,146) width 192: "child 10: PASS: found color rgb(0, 0, 0)"
        RenderBR {BR} at (198,157) size 0x0
        RenderText {#text} at (6,160) size 214x14
          text run at (6,160) width 214: "div 1: PASS: found color rgb(153, 153, 255)"
        RenderBR {BR} at (220,171) size 0x0
