layer at (0,0) size 800x1092
  RenderView at (0,0) size 800x600
layer at (0,0) size 800x1092
  RenderBlock {HTML} at (0,0) size 800x1092
    RenderBody {BODY} at (8,12) size 784x1044 [bgcolor=#FFFFFF]
      RenderBlock {P} at (0,0) size 784x14
        RenderText {#text} at (0,0) size 126x14
          text run at (0,0) width 126: "This page is part of the "
        RenderInline {A} at (0,0) size 55x14 [color=#0000EE]
          RenderText {#text} at (126,0) size 55x14
            text run at (126,0) width 55: "CSS3.info"
        RenderText {#text} at (181,0) size 3x14
          text run at (181,0) width 3: " "
        RenderInline {A} at (0,0) size 99x14 [color=#0000EE]
          RenderText {#text} at (184,0) size 99x14
            text run at (184,0) width 99: "CSS selectors test"
        RenderText {#text} at (283,0) size 102x14
          text run at (283,0) width 102: ". See more info on "
        RenderInline {A} at (0,0) size 84x14 [color=#0000EE]
          RenderText {#text} at (385,0) size 84x14
            text run at (385,0) width 84: "CSS3 selectors"
        RenderText {#text} at (469,0) size 3x14
          text run at (469,0) width 3: "."
      RenderBlock {DIV} at (0,26) size 784x0 [bgcolor=#009900]
      RenderBlock {OL} at (0,26) size 784x1018
        RenderListItem {LI} at (40,0) size 619x150 [bgcolor=#AAAAAA]
          RenderBlock {DIV} at (12,12) size 595x18 [bgcolor=#990000]
            RenderBlock {DIV} at (0,0) size 595x18 [bgcolor=#009900]
          RenderBlock {PRE} at (12,40) size 595x60 [bgcolor=#FFFFFF]
            RenderListMarker at (-28,5) size 13x14: "1"
            RenderText {#text} at (5,7) size 210x48
              text run at (5,7) width 108: "div:only-of-type {"
              text run at (113,7) width 0: " "
              text run at (5,19) width 6: "}"
              text run at (11,19) width 0: " "
              text run at (5,31) width 0: " "
              text run at (5,43) width 210: "<div>Does this element match?</div>"
          RenderBlock {P} at (12,112) size 595x14
            RenderText {#text} at (0,0) size 529x14
              text run at (0,0) width 529: "The CSS selector should match the marked div element, because it is the only element of this type"
        RenderListItem {LI} at (40,186) size 619x162 [bgcolor=#AAAAAA]
          RenderBlock {DIV} at (12,12) size 595x18 [bgcolor=#990000]
            RenderBlock {DIV} at (0,0) size 595x18 [bgcolor=#009900]
            RenderBlock {BLOCKQUOTE} at (0,18) size 595x0 [bgcolor=#009900]
          RenderBlock {PRE} at (12,40) size 595x72 [bgcolor=#FFFFFF]
            RenderListMarker at (-28,5) size 13x14: "2"
            RenderText {#text} at (5,7) size 210x60
              text run at (5,7) width 108: "div:only-of-type {"
              text run at (113,7) width 0: " "
              text run at (5,19) width 6: "}"
              text run at (11,19) width 0: " "
              text run at (5,31) width 0: " "
              text run at (5,43) width 210: "<div>Does this element match?</div>"
              text run at (215,43) width 0: " "
              text run at (5,55) width 150: "<blockquote></blockquote>"
          RenderBlock {P} at (12,124) size 595x14
            RenderText {#text} at (0,0) size 529x14
              text run at (0,0) width 529: "The CSS selector should match the marked div element, because it is the only element of this type"
        RenderListItem {LI} at (40,384) size 619x200 [bgcolor=#AAAAAA]
          RenderBlock {DIV} at (12,12) size 595x18 [bgcolor=#990000]
            RenderBlock {DIV} at (0,0) size 595x18 [bgcolor=#009900]
            RenderBlock {BLOCKQUOTE} at (0,18) size 595x0 [bgcolor=#009900]
              RenderBlock {DIV} at (0,0) size 595x0
          RenderBlock {PRE} at (12,40) size 595x96 [bgcolor=#FFFFFF]
            RenderListMarker at (-28,5) size 13x14: "3"
            RenderText {#text} at (5,7) size 210x84
              text run at (5,7) width 108: "div:only-of-type {"
              text run at (113,7) width 0: " "
              text run at (5,19) width 6: "}"
              text run at (11,19) width 0: " "
              text run at (5,31) width 0: " "
              text run at (5,43) width 210: "<div>Does this element match?</div>"
              text run at (215,43) width 0: " "
              text run at (5,55) width 72: "<blockquote>"
              text run at (77,55) width 0: " "
              text run at (5,67) width 84: "   <div></div>"
              text run at (89,67) width 0: " "
              text run at (5,79) width 78: "</blockquote>"
          RenderBlock {P} at (12,148) size 595x28
            RenderText {#text} at (0,0) size 564x28
              text run at (0,0) width 564: "The CSS selector should match the marked div element, because it is the only element of this type in this"
              text run at (0,14) width 33: "scope"
        RenderListItem {LI} at (40,620) size 619x162 [bgcolor=#AAAAAA]
          RenderBlock {DIV} at (12,12) size 595x18 [bgcolor=#009900]
            RenderBlock {DIV} at (0,0) size 595x18
            RenderBlock {DIV} at (0,18) size 595x0
          RenderBlock {PRE} at (12,40) size 595x72 [bgcolor=#FFFFFF]
            RenderListMarker at (-28,5) size 13x14: "4"
            RenderText {#text} at (5,7) size 210x60
              text run at (5,7) width 108: "div:only-of-type {"
              text run at (113,7) width 0: " "
              text run at (5,19) width 6: "}"
              text run at (11,19) width 0: " "
              text run at (5,31) width 0: " "
              text run at (5,43) width 210: "<div>Does this element match?</div>"
              text run at (215,43) width 0: " "
              text run at (5,55) width 66: "<div></div>"
          RenderBlock {P} at (12,124) size 595x14
            RenderText {#text} at (0,0) size 569x14
              text run at (0,0) width 569: "The CSS selector should not match the marked div element, because it is not the only element of this type"
        RenderListItem {LI} at (40,818) size 619x200 [bgcolor=#AAAAAA]
          RenderBlock {DIV} at (12,12) size 595x18 [bgcolor=#009900]
            RenderBlock {DIV} at (0,0) size 595x18
            RenderBlock {DIV} at (0,18) size 595x0
          RenderBlock {PRE} at (12,40) size 595x96 [bgcolor=#FFFFFF]
            RenderListMarker at (-28,5) size 13x14: "5"
            RenderText {#text} at (5,7) size 360x84
              text run at (5,7) width 108: "div:only-of-type {"
              text run at (113,7) width 0: " "
              text run at (5,19) width 6: "}"
              text run at (11,19) width 0: " "
              text run at (5,31) width 0: " "
              text run at (5,43) width 168: "<div id='appendChild'></div>"
              text run at (173,43) width 0: " "
              text run at (5,55) width 0: " "
              text run at (5,67) width 288: "var ib = document.getElementById('appendChild');"
              text run at (293,67) width 0: " "
              text run at (5,79) width 360: "ib.parentElement.appendChild(document.createElement(\"div\"));"
          RenderBlock {P} at (12,148) size 595x28
            RenderText {#text} at (0,0) size 593x28
              text run at (0,0) width 398: "The CSS selector should not match the original div element, because it is "
              text run at (398,0) width 195: "not the only of its type anymore after"
              text run at (0,14) width 235: "another child with the same type is append "
              text run at (235,14) width 124: "by the Javascript code."
