layer at (0,0) size 800x600
  RenderView at (0,0) size 800x600
layer at (0,0) size 800x600
  RenderBlock {HTML} at (0,0) size 800x600
    RenderBody {BODY} at (8,8) size 784x584
      RenderBlock {DIV} at (0,0) size 784x28
        RenderInline (generated) at (0,0) size 15x26
          RenderText {#text} at (0,1) size 15x26
            text run at (0,1) width 15: "T"
        RenderText {#text} at (15,11) size 276x14
          text run at (15,11) width 276: "he first letter in this sentence should be larger than the rest."
      RenderBlock {DIV} at (0,28) size 784x28
        RenderText {#text} at (0,1) size 407x26
          text run at (0,1) width 407: "This sentence should be extra-extra-large."
      RenderBlock (anonymous) at (0,56) size 784x32
        RenderTextControl {INPUT} at (2,2) size 194x28 [color=#202020]
          RenderDeprecatedFlexibleBox {DIV} at (4,6) size 187x18
            RenderBlock {DIV} at (0,9) size 0x0
            RenderBlock {DIV} at (0,0) size 187x18
            RenderBlock {DIV} at (187,9) size 0x0
        RenderText {#text} at (0,0) size 0x0
        RenderText {#text} at (0,0) size 0x0
layer at (14,72) size 187x18
  RenderBlock {DIV} at (0,0) size 187x18
layer at (14,72) size 187x18
  RenderBlock (relative positioned) {DIV} at (4,6) size 187x18 [color=#008000]
    RenderText {#text} at (1,0) size 150x17
      text run at (1,0) width 150: "This should be green"
