layer at (0,0) size 800x600
  RenderView at (0,0) size 800x600
layer at (0,0) size 800x600
  RenderBlock {HTML} at (0,0) size 800x600
    RenderBody {BODY} at (8,8) size 784x584
      RenderBlock {DIV} at (0,0) size 784x134 [border: (60px solid #FF0000)]
        RenderText {#text} at (60,60) size 156x14
          text run at (60,60) width 156: "This border should be 5em thick."
      RenderBlock {DIV} at (0,134) size 100x28 [bgcolor=#00FF00]
        RenderText {#text} at (0,0) size 88x28
          text run at (0,0) width 88: "This div should be"
          text run at (0,14) width 59: "100px wide."
