layer at (0,0) size 800x600
  RenderView at (0,0) size 800x600
layer at (0,0) size 800x600
  RenderBlock {HTML} at (0,0) size 800x600
    RenderBody {BODY} at (8,8) size 784x542
      RenderBlock {HR} at (0,0) size 784x2 [border: (1px inset #000000)]
      RenderBlock {P} at (0,14) size 784x14
        RenderText {#text} at (0,0) size 40x14
          text run at (0,0) width 40: "Test for "
        RenderInline {I} at (0,0) size 487x14
          RenderInline {A} at (0,0) size 231x14 [color=#0000EE]
            RenderText {#text} at (40,0) size 231x14
              text run at (40,0) width 231: "https://bugs.webkit.org/show_bug.cgi?id=22118"
          RenderText {#text} at (271,0) size 256x14
            text run at (271,0) width 3: " "
            text run at (274,0) width 253: "Resize corner does not track in transformed elements"
        RenderText {#text} at (527,0) size 3x14
          text run at (527,0) width 3: "."
      RenderBlock {HR} at (0,40) size 784x2 [border: (1px inset #000000)]
layer at (58,100) size 154x104 clip at (60,102) size 150x100
  RenderBlock {DIV} at (50,92) size 154x104 [border: (2px solid #0000FF)]
caret: position 0 of child 7 {DIV} of body
