layer at (0,0) size 800x600
  RenderView at (0,0) size 800x600
layer at (0,0) size 800x104
  RenderBlock {HTML} at (0,0) size 800x104
    RenderBody {BODY} at (8,16) size 784x72 [color=#008000]
      RenderBlock {H1} at (0,0) size 784x28
        RenderText {#text} at (0,1) size 298x26
          text run at (0,1) width 298: "This should be green, not red"
      RenderBlock {H1} at (0,44) size 784x28
        RenderText {#text} at (0,1) size 307x26
          text run at (0,1) width 307: "This should be green, not blue"
