layer at (0,0) size 800x600
  RenderView at (0,0) size 800x600
layer at (696,0) size 104x104
  RenderBlock {HTML} at (696,0) size 104x104 [border: (2px solid #000000)]
    RenderBody {BODY} at (10,10) size 84x14
      RenderText {#text} at (36,0) size 48x14
        text run at (36,0) width 3 RTL: "."
        text run at (39,0) width 45: "This is rtl"
