layer at (0,0) size 800x600
  RenderView at (0,0) size 800x600
layer at (0,0) size 800x600
  RenderBlock {HTML} at (0,0) size 800x600
    RenderBody {BODY} at (8,8) size 784x584
      RenderBlock {DIV} at (0,0) size 784x14
        RenderText {#text} at (0,0) size 406x14
          text run at (0,0) width 406: "The text below should be left-justified since text-align does not inherit in quirks mode."
      RenderBlock {DIV} at (0,14) size 784x22
        RenderTable {TABLE} at (0,0) size 108x22 [border: (1px solid #000000)]
          RenderTableSection {TBODY} at (1,1) size 106x20
            RenderTableRow {TR} at (0,2) size 106x16
              RenderTableCell {TD} at (2,2) size 102x16 [r=0 c=0 rs=1 cs=1]
                RenderText {#text} at (1,1) size 26x14
                  text run at (1,1) width 26: "hello."
