layer at (0,0) size 800x600
  RenderView at (0,0) size 800x600
layer at (0,0) size 800x86
  RenderBlock {HTML} at (0,0) size 800x86
    RenderBody {BODY} at (8,16) size 784x58
      RenderBlock {H1} at (0,0) size 784x28
        RenderText {#text} at (0,0) size 366x28
          text run at (0,0) width 366: "Testing default translate parameter"
      RenderBlock {P} at (0,44) size 784x14
        RenderText {#text} at (0,0) size 433x14
          text run at (0,0) width 433: "There should be blue and green boxes shown. If there is a red box visible, the test has failed"
layer at (500,100) size 300x100
  RenderBlock (positioned) {DIV} at (500,100) size 300x100 [bgcolor=#FF0000]
    RenderText {#text} at (0,0) size 220x14
      text run at (0,0) width 220: "If you can see this box, then the test has failed."
layer at (100,100) size 300x100
  RenderBlock (positioned) {DIV} at (100,100) size 300x100 [bgcolor=#0000FF]
    RenderText {#text} at (0,0) size 204x14
      text run at (0,0) width 204: "This box should be visible (it is translated)."
layer at (500,500) size 300x100
  RenderBlock (positioned) {DIV} at (500,500) size 300x100 [bgcolor=#008000]
    RenderText {#text} at (0,0) size 128x14
      text run at (0,0) width 128: "This box should be visible."
