layer at (0,0) size 800x600
  RenderView at (0,0) size 800x600
layer at (0,0) size 800x189
  RenderBlock {HTML} at (0,0) size 800x189
    RenderBody {BODY} at (8,12) size 784x169
      RenderBlock {P} at (0,0) size 784x14
        RenderText {#text} at (0,0) size 286x14
          text run at (0,0) width 286: "You should not see any pixel artifacts around the reflections."
      RenderBlock (anonymous) at (0,26) size 784x143
        RenderText {#text} at (140,129) size 3x14
          text run at (140,129) width 3: " "
        RenderText {#text} at (283,129) size 3x14
          text run at (283,129) width 3: " "
        RenderText {#text} at (0,0) size 0x0
layer at (28,58) size 100x100
  RenderBlock {DIV} at (20,20) size 100x100 [bgcolor=#000000]
layer at (171,58) size 100x100
  RenderBlock {DIV} at (163,20) size 100x100 [bgcolor=#000000]
layer at (314,58) size 100x100
  RenderBlock {DIV} at (306,20) size 100x100 [bgcolor=#000000]
