layer at (0,0) size 800x600
  RenderView at (0,0) size 800x600
layer at (0,0) size 800x600
  RenderBlock {HTML} at (0,0) size 800x600
    RenderBody {BODY} at (8,8) size 784x580
      RenderBlock {DIV} at (0,0) size 784x14
        RenderInline {SPAN} at (0,0) size 187x14
          RenderText {#text} at (0,0) size 187x14
            text run at (0,0) width 187: "This should not turn red when hovered."
        RenderText {#text} at (0,0) size 0x0
      RenderBlock {HR} at (0,20) size 784x2 [border: (1px inset #000000)]
      RenderBlock {P} at (0,34) size 784x14
        RenderText {#text} at (0,0) size 40x14
          text run at (0,0) width 40: "Test for "
        RenderInline {I} at (0,0) size 412x14
          RenderInline {A} at (0,0) size 262x14 [color=#0000EE]
            RenderText {#text} at (40,0) size 262x14
              text run at (40,0) width 262: "http://bugzilla.opendarwin.org/show_bug.cgi?id=7218"
          RenderText {#text} at (302,0) size 150x14
            text run at (302,0) width 150: " Text underlined on mouse over"
        RenderText {#text} at (452,0) size 74x14
          text run at (452,0) width 74: ". This tests that "
        RenderInline {CODE} at (0,0) size 42x11
          RenderText {#text} at (526,3) size 42x11
            text run at (526,3) width 42: "*:hover"
        RenderText {#text} at (568,0) size 195x14
          text run at (568,0) width 195: " does not match anything in quirks mode."
caret: position 1 of child 0 {#text} of child 1 {SPAN} of child 1 {DIV} of body
