layer at (0,0) size 800x600
  RenderView at (0,0) size 800x600
layer at (0,0) size 800x600
  RenderBlock {HTML} at (0,0) size 800x600
    RenderBody {BODY} at (8,8) size 784x584
      RenderInline {B} at (0,0) size 72x14
        RenderText {#text} at (0,29) size 18x14
          text run at (0,29) width 18: "___"
        RenderInline {B} at (0,0) size 54x14
          RenderText {#text} at (18,69) size 18x14
            text run at (18,69) width 18: "___"
          RenderInline {B} at (0,0) size 36x14
            RenderText {#text} at (36,109) size 18x14
              text run at (36,109) width 18: "___"
            RenderInline {B} at (0,0) size 18x14
              RenderText {#text} at (54,149) size 18x14
                text run at (54,149) width 18: "___"
