layer at (0,0) size 980x1765
  RenderView at (0,0) size 980x735
layer at (0,0) size 980x1765
  RenderBlock {HTML} at (0,0) size 980x1765
    RenderBody {BODY} at (8,8) size 964x1749 [bgcolor=#CCCCCC]
      RenderBlock {P} at (0,0) size 964x19
        RenderText {#text} at (0,0) size 451x19
          text run at (0,0) width 451: "The style declarations which apply to the text below are:"
      RenderBlock {PRE} at (0,35) size 964x180
        RenderText {#text} at (0,0) size 236x180
          text run at (0,0) width 136: "BODY {color: black;}"
          text run at (136,0) width 0: " "
          text run at (0,15) width 127: ".one {color: #080;}"
          text run at (127,15) width 0: " "
          text run at (0,30) width 151: ".two {color: #008000;}"
          text run at (151,30) width 0: " "
          text run at (0,45) width 181: ".three {color: rgb(0,128,0);}"
          text run at (181,45) width 0: " "
          text run at (0,60) width 201: ".four {color: rgb(0%,50%,0%);}"
          text run at (201,60) width 0: " "
          text run at (0,75) width 236: ".five {color: rgb(0.0%,50.0%,0.0%);}"
          text run at (236,75) width 0: " "
          text run at (0,90) width 124: ".six {color: green;}"
          text run at (124,90) width 0: " "
          text run at (0,105) width 188: ".seven {color: invalidValue;}"
          text run at (188,105) width 0: " "
          text run at (0,120) width 204: ".eight {color: rgb(0,128,1280);}"
          text run at (204,120) width 0: " "
          text run at (0,135) width 191: ".nine {color: rgb(0,128,255);}"
          text run at (191,135) width 0: " "
          text run at (0,150) width 225: ".ten {color: rgb(50%,-500%,60%);}"
          text run at (225,150) width 0: " "
          text run at (0,165) width 227: ".eleven {color: rgb(50%,0%,60%);}"
          text run at (227,165) width 0: " "
      RenderBlock {HR} at (0,228) size 964x2 [border: (1px inset #000000)]
      RenderBlock {P} at (0,246) size 964x19
        RenderText {#text} at (0,0) size 244x19
          text run at (0,0) width 244: "This sentence should be black."
      RenderBlock {P} at (0,281) size 964x19 [color=#008800]
        RenderText {#text} at (0,0) size 645x19
          text run at (0,0) width 645: "This sentence should be green, although slightly different from those that follow."
      RenderBlock {P} at (0,316) size 964x19 [color=#008000]
        RenderText {#text} at (0,0) size 249x19
          text run at (0,0) width 249: "This sentence should be green."
      RenderBlock {P} at (0,351) size 964x19 [color=#008000]
        RenderText {#text} at (0,0) size 249x19
          text run at (0,0) width 249: "This sentence should be green."
      RenderBlock {P} at (0,386) size 964x19 [color=#008000]
        RenderText {#text} at (0,0) size 249x19
          text run at (0,0) width 249: "This sentence should be green."
      RenderBlock {P} at (0,421) size 964x19 [color=#008000]
        RenderText {#text} at (0,0) size 249x19
          text run at (0,0) width 249: "This sentence should be green."
      RenderBlock {P} at (0,456) size 964x19 [color=#008000]
        RenderText {#text} at (0,0) size 249x19
          text run at (0,0) width 249: "This sentence should be green."
      RenderBlock {P} at (0,491) size 964x19
        RenderText {#text} at (0,0) size 520x19
          text run at (0,0) width 520: "This sentence should be black, because the value given for class "
        RenderInline {CODE} at (0,0) size 43x15
          RenderText {#text} at (520,3) size 43x15
            text run at (520,3) width 43: ".seven"
        RenderText {#text} at (563,0) size 78x19
          text run at (563,0) width 78: " is invalid."
      RenderBlock {P} at (0,526) size 964x38 [color=#0080FF]
        RenderText {#text} at (0,0) size 920x38
          text run at (0,0) width 920: "This sentence should be a shade of blue-green which, on a typical RGB computer display, exactly matches the next"
          text run at (0,19) width 89: "paragraph."
      RenderBlock {P} at (0,580) size 964x38 [color=#0080FF]
        RenderText {#text} at (0,0) size 953x38
          text run at (0,0) width 953: "This sentence should be a shade of blue-green which, on a typical RGB computer display, exactly matches the previous"
          text run at (0,19) width 89: "paragraph."
      RenderBlock {P} at (0,634) size 964x38 [color=#800099]
        RenderText {#text} at (0,0) size 884x38
          text run at (0,0) width 884: "This sentence should be a shade of purple which, on a typical RGB computer display, exactly matches the next"
          text run at (0,19) width 89: "paragraph."
      RenderBlock {P} at (0,688) size 964x38 [color=#800099]
        RenderText {#text} at (0,0) size 917x38
          text run at (0,0) width 917: "This sentence should be a shade of purple which, on a typical RGB computer display, exactly matches the previous"
          text run at (0,19) width 89: "paragraph."
      RenderBlock {P} at (0,742) size 964x19
        RenderText {#text} at (0,0) size 244x19
          text run at (0,0) width 244: "This sentence should be black."
      RenderBlock {P} at (0,777) size 964x19 [color=#008800]
        RenderText {#text} at (0,0) size 512x19
          text run at (0,0) width 512: "This sentence should be a slightly different green, and used the "
        RenderInline {TT} at (0,0) size 32x15
          RenderText {#text} at (512,3) size 32x15
            text run at (512,3) width 32: "style"
        RenderText {#text} at (544,0) size 79x19
          text run at (544,0) width 79: " attribute."
      RenderBlock {P} at (0,812) size 964x19 [color=#008000]
        RenderText {#text} at (0,0) size 363x19
          text run at (0,0) width 363: "This sentence should be green, and used the "
        RenderInline {TT} at (0,0) size 32x15
          RenderText {#text} at (363,3) size 32x15
            text run at (363,3) width 32: "style"
        RenderText {#text} at (395,0) size 79x19
          text run at (395,0) width 79: " attribute."
      RenderBlock {P} at (0,847) size 964x19 [color=#008000]
        RenderText {#text} at (0,0) size 363x19
          text run at (0,0) width 363: "This sentence should be green, and used the "
        RenderInline {TT} at (0,0) size 32x15
          RenderText {#text} at (363,3) size 32x15
            text run at (363,3) width 32: "style"
        RenderText {#text} at (395,0) size 79x19
          text run at (395,0) width 79: " attribute."
      RenderBlock {P} at (0,882) size 964x19 [color=#008000]
        RenderText {#text} at (0,0) size 363x19
          text run at (0,0) width 363: "This sentence should be green, and used the "
        RenderInline {TT} at (0,0) size 32x15
          RenderText {#text} at (363,3) size 32x15
            text run at (363,3) width 32: "style"
        RenderText {#text} at (395,0) size 79x19
          text run at (395,0) width 79: " attribute."
      RenderBlock {P} at (0,917) size 964x19 [color=#008000]
        RenderText {#text} at (0,0) size 363x19
          text run at (0,0) width 363: "This sentence should be green, and used the "
        RenderInline {TT} at (0,0) size 32x15
          RenderText {#text} at (363,3) size 32x15
            text run at (363,3) width 32: "style"
        RenderText {#text} at (395,0) size 79x19
          text run at (395,0) width 79: " attribute."
      RenderBlock {P} at (0,952) size 964x19 [color=#008000]
        RenderText {#text} at (0,0) size 363x19
          text run at (0,0) width 363: "This sentence should be green, and used the "
        RenderInline {TT} at (0,0) size 32x15
          RenderText {#text} at (363,3) size 32x15
            text run at (363,3) width 32: "style"
        RenderText {#text} at (395,0) size 79x19
          text run at (395,0) width 79: " attribute."
      RenderTable {TABLE} at (0,987) size 964x762 [border: (1px outset #808080)]
        RenderTableSection {TBODY} at (1,1) size 962x760
          RenderTableRow {TR} at (0,0) size 962x27
            RenderTableCell {TD} at (0,0) size 962x27 [bgcolor=#C0C0C0] [border: (1px inset #808080)] [r=0 c=0 rs=1 cs=2]
              RenderInline {STRONG} at (0,0) size 202x19
                RenderText {#text} at (4,4) size 202x19
                  text run at (4,4) width 202: "TABLE Testing Section"
          RenderTableRow {TR} at (0,27) size 962x733
            RenderTableCell {TD} at (0,380) size 13x27 [bgcolor=#C0C0C0] [border: (1px inset #808080)] [r=1 c=0 rs=1 cs=1]
              RenderText {#text} at (4,4) size 5x19
                text run at (4,4) width 5: " "
            RenderTableCell {TD} at (13,27) size 949x733 [border: (1px inset #808080)] [r=1 c=1 rs=1 cs=1]
              RenderBlock {P} at (4,4) size 941x19
                RenderText {#text} at (0,0) size 244x19
                  text run at (0,0) width 244: "This sentence should be black."
              RenderBlock {P} at (4,39) size 941x19 [color=#008800]
                RenderText {#text} at (0,0) size 645x19
                  text run at (0,0) width 645: "This sentence should be green, although slightly different from those that follow."
              RenderBlock {P} at (4,74) size 941x19 [color=#008000]
                RenderText {#text} at (0,0) size 249x19
                  text run at (0,0) width 249: "This sentence should be green."
              RenderBlock {P} at (4,109) size 941x19 [color=#008000]
                RenderText {#text} at (0,0) size 249x19
                  text run at (0,0) width 249: "This sentence should be green."
              RenderBlock {P} at (4,144) size 941x19 [color=#008000]
                RenderText {#text} at (0,0) size 249x19
                  text run at (0,0) width 249: "This sentence should be green."
              RenderBlock {P} at (4,179) size 941x19 [color=#008000]
                RenderText {#text} at (0,0) size 249x19
                  text run at (0,0) width 249: "This sentence should be green."
              RenderBlock {P} at (4,214) size 941x19 [color=#008000]
                RenderText {#text} at (0,0) size 249x19
                  text run at (0,0) width 249: "This sentence should be green."
              RenderBlock {P} at (4,249) size 941x19
                RenderText {#text} at (0,0) size 520x19
                  text run at (0,0) width 520: "This sentence should be black, because the value given for class "
                RenderInline {CODE} at (0,0) size 43x15
                  RenderText {#text} at (520,3) size 43x15
                    text run at (520,3) width 43: ".seven"
                RenderText {#text} at (563,0) size 78x19
                  text run at (563,0) width 78: " is invalid."
              RenderBlock {P} at (4,284) size 941x38 [color=#0080FF]
                RenderText {#text} at (0,0) size 920x38
                  text run at (0,0) width 920: "This sentence should be a shade of blue-green which, on a typical RGB computer display, exactly matches the next"
                  text run at (0,19) width 89: "paragraph."
              RenderBlock {P} at (4,338) size 941x38 [color=#0080FF]
                RenderText {#text} at (0,0) size 880x38
                  text run at (0,0) width 880: "This sentence should be a shade of blue-green which, on a typical RGB computer display, exactly matches the"
                  text run at (0,19) width 162: "previous paragraph."
              RenderBlock {P} at (4,392) size 941x38 [color=#800099]
                RenderText {#text} at (0,0) size 884x38
                  text run at (0,0) width 884: "This sentence should be a shade of purple which, on a typical RGB computer display, exactly matches the next"
                  text run at (0,19) width 89: "paragraph."
              RenderBlock {P} at (4,446) size 941x38 [color=#800099]
                RenderText {#text} at (0,0) size 917x38
                  text run at (0,0) width 917: "This sentence should be a shade of purple which, on a typical RGB computer display, exactly matches the previous"
                  text run at (0,19) width 89: "paragraph."
              RenderBlock {P} at (4,500) size 941x19
                RenderText {#text} at (0,0) size 244x19
                  text run at (0,0) width 244: "This sentence should be black."
              RenderBlock {P} at (4,535) size 941x19 [color=#008800]
                RenderText {#text} at (0,0) size 512x19
                  text run at (0,0) width 512: "This sentence should be a slightly different green, and used the "
                RenderInline {TT} at (0,0) size 32x15
                  RenderText {#text} at (512,3) size 32x15
                    text run at (512,3) width 32: "style"
                RenderText {#text} at (544,0) size 79x19
                  text run at (544,0) width 79: " attribute."
              RenderBlock {P} at (4,570) size 941x19 [color=#008000]
                RenderText {#text} at (0,0) size 363x19
                  text run at (0,0) width 363: "This sentence should be green, and used the "
                RenderInline {TT} at (0,0) size 32x15
                  RenderText {#text} at (363,3) size 32x15
                    text run at (363,3) width 32: "style"
                RenderText {#text} at (395,0) size 79x19
                  text run at (395,0) width 79: " attribute."
              RenderBlock {P} at (4,605) size 941x19 [color=#008000]
                RenderText {#text} at (0,0) size 363x19
                  text run at (0,0) width 363: "This sentence should be green, and used the "
                RenderInline {TT} at (0,0) size 32x15
                  RenderText {#text} at (363,3) size 32x15
                    text run at (363,3) width 32: "style"
                RenderText {#text} at (395,0) size 79x19
                  text run at (395,0) width 79: " attribute."
              RenderBlock {P} at (4,640) size 941x19 [color=#008000]
                RenderText {#text} at (0,0) size 363x19
                  text run at (0,0) width 363: "This sentence should be green, and used the "
                RenderInline {TT} at (0,0) size 32x15
                  RenderText {#text} at (363,3) size 32x15
                    text run at (363,3) width 32: "style"
                RenderText {#text} at (395,0) size 79x19
                  text run at (395,0) width 79: " attribute."
              RenderBlock {P} at (4,675) size 941x19 [color=#008000]
                RenderText {#text} at (0,0) size 363x19
                  text run at (0,0) width 363: "This sentence should be green, and used the "
                RenderInline {TT} at (0,0) size 32x15
                  RenderText {#text} at (363,3) size 32x15
                    text run at (363,3) width 32: "style"
                RenderText {#text} at (395,0) size 79x19
                  text run at (395,0) width 79: " attribute."
              RenderBlock {P} at (4,710) size 941x19 [color=#008000]
                RenderText {#text} at (0,0) size 363x19
                  text run at (0,0) width 363: "This sentence should be green, and used the "
                RenderInline {TT} at (0,0) size 32x15
                  RenderText {#text} at (363,3) size 32x15
                    text run at (363,3) width 32: "style"
                RenderText {#text} at (395,0) size 79x19
                  text run at (395,0) width 79: " attribute."
