layer at (0,0) size 980x735
  RenderView at (0,0) size 980x735
layer at (0,0) size 980x735
  RenderBlock {HTML} at (0,0) size 980x735
    RenderBody {BODY} at (8,8) size 964x719
      RenderBlock {P} at (0,0) size 964x19
        RenderText {#text} at (0,0) size 451x19
          text run at (0,0) width 451: "The style declarations which apply to the text below are:"
      RenderBlock {PRE} at (0,35) size 964x60
        RenderText {#text} at (0,0) size 551x60
          text run at (0,0) width 551: "<LINK rel=\"stylesheet\" type=\"text/css\" media=\"screen\" href=\"../resources/bg.gif\">"
          text run at (551,0) width 0: " "
          text run at (0,15) width 241: "@import url(../resources/sec642.css);"
          text run at (241,15) width 0: " "
          text run at (0,30) width 288: "BODY {background: url(../resources/bg.gif);}"
          text run at (288,30) width 0: " "
          text run at (0,45) width 0: " "
      RenderBlock {HR} at (0,108) size 964x2 [border: (1px inset #000000)]
      RenderBlock {P} at (0,126) size 964x19
        RenderText {#text} at (0,0) size 496x19
          text run at (0,0) width 496: "This page should have a green grid pattern as its background."
      RenderBlock {P} at (0,161) size 964x57 [bgcolor=#FFFFFF]
        RenderText {#text} at (0,0) size 933x57
          text run at (0,0) width 785: "This paragraph should have a white background, but NO image should appear in the background. "
          text run at (785,0) width 148: "If an image, in this"
          text run at (0,19) width 913: "case a red square-- or, indeed, any red at all-- is seen there, then the browser has incorrectly interpreted a URL in"
          text run at (0,38) width 455: "relation to the document's URL, not the stylesheet's URL."
      RenderBlock {P} at (0,234) size 964x57 [bgcolor=#FFFFFF]
        RenderText {#text} at (0,0) size 933x57
          text run at (0,0) width 785: "This paragraph should have a white background, but NO image should appear in the background. "
          text run at (785,0) width 148: "If an image, in this"
          text run at (0,19) width 913: "case a red square-- or, indeed, any red at all-- is seen there, then the browser has incorrectly interpreted a URL in"
          text run at (0,38) width 455: "relation to the document's URL, not the stylesheet's URL."
      RenderTable {TABLE} at (0,307) size 964x202 [border: (1px outset #808080)]
        RenderTableSection {TBODY} at (1,1) size 962x200
          RenderTableRow {TR} at (0,0) size 962x27
            RenderTableCell {TD} at (0,0) size 962x27 [bgcolor=#C0C0C0] [border: (1px inset #808080)] [r=0 c=0 rs=1 cs=2]
              RenderInline {STRONG} at (0,0) size 202x19
                RenderText {#text} at (4,4) size 202x19
                  text run at (4,4) width 202: "TABLE Testing Section"
          RenderTableRow {TR} at (0,27) size 962x173
            RenderTableCell {TD} at (0,100) size 13x27 [bgcolor=#C0C0C0] [border: (1px inset #808080)] [r=1 c=0 rs=1 cs=1]
              RenderText {#text} at (4,4) size 5x19
                text run at (4,4) width 5: " "
            RenderTableCell {TD} at (13,27) size 949x173 [border: (1px inset #808080)] [r=1 c=1 rs=1 cs=1]
              RenderBlock {P} at (4,4) size 941x19
                RenderText {#text} at (0,0) size 496x19
                  text run at (0,0) width 496: "This page should have a green grid pattern as its background."
              RenderBlock {P} at (4,39) size 941x57 [bgcolor=#FFFFFF]
                RenderText {#text} at (0,0) size 933x57
                  text run at (0,0) width 785: "This paragraph should have a white background, but NO image should appear in the background. "
                  text run at (785,0) width 148: "If an image, in this"
                  text run at (0,19) width 913: "case a red square-- or, indeed, any red at all-- is seen there, then the browser has incorrectly interpreted a URL in"
                  text run at (0,38) width 455: "relation to the document's URL, not the stylesheet's URL."
              RenderBlock {P} at (4,112) size 941x57 [bgcolor=#FFFFFF]
                RenderText {#text} at (0,0) size 933x57
                  text run at (0,0) width 785: "This paragraph should have a white background, but NO image should appear in the background. "
                  text run at (785,0) width 148: "If an image, in this"
                  text run at (0,19) width 913: "case a red square-- or, indeed, any red at all-- is seen there, then the browser has incorrectly interpreted a URL in"
                  text run at (0,38) width 455: "relation to the document's URL, not the stylesheet's URL."
