layer at (0,0) size 980x735
  RenderView at (0,0) size 980x735
layer at (0,0) size 980x735
  RenderBlock {HTML} at (0,0) size 980x735
    RenderBody {BODY} at (8,8) size 964x711
      RenderBlock {H1} at (0,0) size 964x37
        RenderText {#text} at (0,0) size 551x38
          text run at (0,0) width 551: "Meters with various optimums"
      RenderBlock {P} at (0,58) size 964x19
        RenderText {#text} at (0,0) size 330x19
          text run at (0,0) width 330: "(min=0, max=1000, low=300, high=600)"
      RenderBlock {H2} at (0,96) size 964x28
        RenderText {#text} at (0,0) size 190x28
          text run at (0,0) width 190: "optimum=450"
      RenderBlock {UL} at (0,143) size 964x95
        RenderListItem {LI} at (40,0) size 924x19
          RenderListMarker at (-18,0) size 7x19: bullet
          RenderText {#text} at (0,0) size 96x19
            text run at (0,0) width 96: "value=150: "
          RenderMeter {METER} at (96,2) size 80x16
            RenderBlock {DIV} at (0,0) size 80x16
              RenderBlock {DIV} at (0,0) size 20x16
        RenderListItem {LI} at (40,19) size 924x19
          RenderListMarker at (-18,0) size 7x19: bullet
          RenderText {#text} at (0,0) size 96x19
            text run at (0,0) width 96: "value=450: "
          RenderMeter {METER} at (96,2) size 80x16
            RenderBlock {DIV} at (0,0) size 80x16
              RenderBlock {DIV} at (0,0) size 36x16
        RenderListItem {LI} at (40,38) size 924x19
          RenderListMarker at (-18,0) size 7x19: bullet
          RenderText {#text} at (0,0) size 96x19
            text run at (0,0) width 96: "value=750: "
          RenderMeter {METER} at (96,2) size 80x16
            RenderBlock {DIV} at (0,0) size 80x16
              RenderBlock {DIV} at (0,0) size 60x16
        RenderListItem {LI} at (40,57) size 924x19
          RenderListMarker at (-18,0) size 7x19: bullet
          RenderText {#text} at (0,0) size 76x19
            text run at (0,0) width 76: "value=0: "
          RenderMeter {METER} at (76,2) size 80x16
            RenderBlock {DIV} at (0,0) size 80x16
              RenderBlock {DIV} at (0,0) size 0x16
        RenderListItem {LI} at (40,76) size 924x19
          RenderListMarker at (-18,0) size 7x19: bullet
          RenderText {#text} at (0,0) size 106x19
            text run at (0,0) width 106: "value=1000: "
          RenderMeter {METER} at (106,2) size 80x16
            RenderBlock {DIV} at (0,0) size 80x16
              RenderBlock {DIV} at (0,0) size 80x16
      RenderBlock {H2} at (0,257) size 964x28
        RenderText {#text} at (0,0) size 190x28
          text run at (0,0) width 190: "optimum=150"
      RenderBlock {UL} at (0,304) size 964x95
        RenderListItem {LI} at (40,0) size 924x19
          RenderListMarker at (-18,0) size 7x19: bullet
          RenderText {#text} at (0,0) size 96x19
            text run at (0,0) width 96: "value=150: "
          RenderMeter {METER} at (96,2) size 80x16
            RenderBlock {DIV} at (0,0) size 80x16
              RenderBlock {DIV} at (0,0) size 20x16
        RenderListItem {LI} at (40,19) size 924x19
          RenderListMarker at (-18,0) size 7x19: bullet
          RenderText {#text} at (0,0) size 96x19
            text run at (0,0) width 96: "value=450: "
          RenderMeter {METER} at (96,2) size 80x16
            RenderBlock {DIV} at (0,0) size 80x16
              RenderBlock {DIV} at (0,0) size 36x16
        RenderListItem {LI} at (40,38) size 924x19
          RenderListMarker at (-18,0) size 7x19: bullet
          RenderText {#text} at (0,0) size 96x19
            text run at (0,0) width 96: "value=750: "
          RenderMeter {METER} at (96,2) size 80x16
            RenderBlock {DIV} at (0,0) size 80x16
              RenderBlock {DIV} at (0,0) size 60x16
        RenderListItem {LI} at (40,57) size 924x19
          RenderListMarker at (-18,0) size 7x19: bullet
          RenderText {#text} at (0,0) size 76x19
            text run at (0,0) width 76: "value=0: "
          RenderMeter {METER} at (76,2) size 80x16
            RenderBlock {DIV} at (0,0) size 80x16
              RenderBlock {DIV} at (0,0) size 0x16
        RenderListItem {LI} at (40,76) size 924x19
          RenderListMarker at (-18,0) size 7x19: bullet
          RenderText {#text} at (0,0) size 106x19
            text run at (0,0) width 106: "value=1000: "
          RenderMeter {METER} at (106,2) size 80x16
            RenderBlock {DIV} at (0,0) size 80x16
              RenderBlock {DIV} at (0,0) size 80x16
      RenderBlock {H2} at (0,418) size 964x28
        RenderText {#text} at (0,0) size 190x28
          text run at (0,0) width 190: "optimum=750"
      RenderBlock {UL} at (0,465) size 964x95
        RenderListItem {LI} at (40,0) size 924x19
          RenderListMarker at (-18,0) size 7x19: bullet
          RenderText {#text} at (0,0) size 96x19
            text run at (0,0) width 96: "value=150: "
          RenderMeter {METER} at (96,2) size 80x16
            RenderBlock {DIV} at (0,0) size 80x16
              RenderBlock {DIV} at (0,0) size 20x16
        RenderListItem {LI} at (40,19) size 924x19
          RenderListMarker at (-18,0) size 7x19: bullet
          RenderText {#text} at (0,0) size 96x19
            text run at (0,0) width 96: "value=450: "
          RenderMeter {METER} at (96,2) size 80x16
            RenderBlock {DIV} at (0,0) size 80x16
              RenderBlock {DIV} at (0,0) size 36x16
        RenderListItem {LI} at (40,38) size 924x19
          RenderListMarker at (-18,0) size 7x19: bullet
          RenderText {#text} at (0,0) size 96x19
            text run at (0,0) width 96: "value=750: "
          RenderMeter {METER} at (96,2) size 80x16
            RenderBlock {DIV} at (0,0) size 80x16
              RenderBlock {DIV} at (0,0) size 60x16
        RenderListItem {LI} at (40,57) size 924x19
          RenderListMarker at (-18,0) size 7x19: bullet
          RenderText {#text} at (0,0) size 76x19
            text run at (0,0) width 76: "value=0: "
          RenderMeter {METER} at (76,2) size 80x16
            RenderBlock {DIV} at (0,0) size 80x16
              RenderBlock {DIV} at (0,0) size 0x16
        RenderListItem {LI} at (40,76) size 924x19
          RenderListMarker at (-18,0) size 7x19: bullet
          RenderText {#text} at (0,0) size 106x19
            text run at (0,0) width 106: "value=1000: "
          RenderMeter {METER} at (106,2) size 80x16
            RenderBlock {DIV} at (0,0) size 80x16
              RenderBlock {DIV} at (0,0) size 80x16
