layer at (0,0) size 980x735
  RenderView at (0,0) size 980x735
layer at (0,0) size 980x735
  RenderBlock {HTML} at (0,0) size 980x735
    RenderBody {BODY} at (8,8) size 964x719
      RenderMeter {METER} at (0,0) size 50x50 [bgcolor=#FF0000]
        RenderBlock {DIV} at (0,0) size 50x50
          RenderBlock {DIV} at (0,0) size 15x50
      RenderText {#text} at (50,32) size 5x19
        text run at (50,32) width 5: " "
      RenderMeter {METER} at (55,0) size 50x50 [bgcolor=#FF0000]
        RenderBlock {DIV} at (0,0) size 50x50
          RenderBlock {DIV} at (0,0) size 15x50
      RenderText {#text} at (105,32) size 5x19
        text run at (105,32) width 5: " "
      RenderMeter {METER} at (110,0) size 50x50 [bgcolor=#FF0000]
        RenderBlock {DIV} at (0,0) size 50x50
          RenderBlock {DIV} at (0,0) size 15x50
      RenderText {#text} at (160,32) size 5x19
        text run at (160,32) width 5: " "
      RenderMeter {METER} at (165,0) size 50x50 [bgcolor=#FF0000]
        RenderBlock {DIV} at (0,0) size 50x50
          RenderBlock {DIV} at (0,0) size 15x50
      RenderText {#text} at (0,0) size 0x0
