layer at (0,0) size 980x735
  RenderView at (0,0) size 980x735
layer at (0,0) size 980x735
  RenderBlock {HTML} at (0,0) size 980x735
    RenderBody {BODY} at (8,8) size 964x719
      RenderBlock {H1} at (0,0) size 964x37
        RenderText {#text} at (0,0) size 684x38
          text run at (0,0) width 684: "Dynamically changing pseudo classes"
      RenderBlock {P} at (0,58) size 964x19
        RenderText {#text} at (0,0) size 821x19
          text run at (0,0) width 821: "Following meter gauge should be solid green - Changing the paseudo class by changing value attribute"
      RenderBlock (anonymous) at (0,93) size 964x16
        RenderMeter {METER} at (0,0) size 80x16
          RenderBlock {DIV} at (0,0) size 80x16 [bgcolor=#808080]
            RenderBlock {DIV} at (0,0) size 72x16 [bgcolor=#008000]
        RenderText {#text} at (0,0) size 0x0
