layer at (0,0) size 800x600
  RenderView at (0,0) size 800x600
layer at (0,0) size 800x600
  RenderBlock {HTML} at (0,0) size 800x600
    RenderBody {BODY} at (8,8) size 504x584 [border: (2px solid #000000)]
      RenderBlock {DIV} at (14,2) size 204x580 [border: (2px solid #800000)]
        RenderBlock (floating) {DIV} at (2,478) size 100x100 [bgcolor=#00FF00]
        RenderText {#text} at (2,2) size 14x372
          text run at (2,2) width 210: "Here is some text in a vertical-rl block flow. "
          text run at (2,212) width 162: "The block direction is right-to-left."
        RenderBR {BR} at (13,374) size 0x0
        RenderText {#text} at (16,2) size 14x152
          text run at (16,2) width 152: "This line should also be vertical."
