layer at (0,0) size 800x854
  RenderView at (0,0) size 800x600
layer at (0,0) size 800x854
  RenderBlock {HTML} at (0,0) size 800x854
    RenderBody {BODY} at (8,8) size 784x838
      RenderText {#text} at (0,0) size 210x14
        text run at (0,0) width 210: "LTR fieldset with left/center/right text-align: "
      RenderBR {BR} at (210,11) size 0x0
      RenderFieldSet {FIELDSET} at (12,26) size 222x115 [border: (2px groove #C0C0C0)]
        RenderBlock {LEGEND} at (31,0) size 104x25
          RenderBlock {DIV} at (2,0) size 100x25 [bgcolor=#FFA500]
      RenderText {#text} at (246,142) size 3x14
        text run at (246,142) width 3: " "
      RenderFieldSet {FIELDSET} at (261,26) size 222x115 [border: (2px groove #C0C0C0)]
        RenderBlock {LEGEND} at (107,0) size 104x25
          RenderBlock {DIV} at (2,0) size 100x25 [bgcolor=#FFA500]
      RenderText {#text} at (495,142) size 3x14
        text run at (495,142) width 3: " "
      RenderFieldSet {FIELDSET} at (510,26) size 222x115 [border: (2px groove #C0C0C0)]
        RenderBlock {LEGEND} at (59,0) size 104x25
          RenderBlock {DIV} at (2,0) size 100x25 [bgcolor=#FFA500]
      RenderText {#text} at (744,142) size 3x14
        text run at (744,142) width 3: " "
      RenderBR {BR} at (0,0) size 0x0
      RenderText {#text} at (0,156) size 210x14
        text run at (0,156) width 210: "RTL fieldset with left/center/right text-align: "
      RenderBR {BR} at (210,167) size 0x0
      RenderFieldSet {FIELDSET} at (12,182) size 222x115 [border: (2px groove #C0C0C0)]
        RenderBlock {LEGEND} at (11,0) size 104x25
          RenderBlock {DIV} at (2,0) size 100x25 [bgcolor=#FFA500]
      RenderText {#text} at (246,298) size 3x14
        text run at (246,298) width 3: " "
      RenderFieldSet {FIELDSET} at (261,182) size 222x115 [border: (2px groove #C0C0C0)]
        RenderBlock {LEGEND} at (87,0) size 104x25
          RenderBlock {DIV} at (2,0) size 100x25 [bgcolor=#FFA500]
      RenderText {#text} at (495,298) size 3x14
        text run at (495,298) width 3: " "
      RenderFieldSet {FIELDSET} at (510,182) size 222x115 [border: (2px groove #C0C0C0)]
        RenderBlock {LEGEND} at (59,0) size 104x25
          RenderBlock {DIV} at (2,0) size 100x25 [bgcolor=#FFA500]
      RenderText {#text} at (744,298) size 3x14
        text run at (744,298) width 3: " "
      RenderBR {BR} at (0,0) size 0x0
      RenderText {#text} at (0,312) size 250x14
        text run at (0,312) width 250: "Vertical LTR fieldset with left/center/right text-align: "
      RenderBR {BR} at (250,323) size 0x0
      RenderFieldSet {FIELDSET} at (12,338) size 115x222 [border: (2px groove #C0C0C0)]
        RenderBlock {LEGEND} at (0,31) size 25x104
          RenderBlock {DIV} at (0,2) size 25x100 [bgcolor=#FFA500]
      RenderText {#text} at (139,561) size 3x14
        text run at (139,561) width 3: " "
      RenderFieldSet {FIELDSET} at (154,338) size 115x222 [border: (2px groove #C0C0C0)]
        RenderBlock {LEGEND} at (0,107) size 25x104
          RenderBlock {DIV} at (0,2) size 25x100 [bgcolor=#FFA500]
      RenderText {#text} at (281,561) size 3x14
        text run at (281,561) width 3: " "
      RenderFieldSet {FIELDSET} at (296,338) size 115x222 [border: (2px groove #C0C0C0)]
        RenderBlock {LEGEND} at (0,59) size 25x104
          RenderBlock {DIV} at (0,2) size 25x100 [bgcolor=#FFA500]
      RenderText {#text} at (423,561) size 3x14
        text run at (423,561) width 3: " "
      RenderBR {BR} at (0,0) size 0x0
      RenderText {#text} at (0,575) size 250x14
        text run at (0,575) width 250: "Vertical RTL fieldset with left/center/right text-align: "
      RenderBR {BR} at (250,586) size 0x0
      RenderFieldSet {FIELDSET} at (12,601) size 115x222 [border: (2px groove #C0C0C0)]
        RenderBlock {LEGEND} at (0,11) size 25x104
          RenderBlock {DIV} at (0,2) size 25x100 [bgcolor=#FFA500]
      RenderText {#text} at (139,824) size 3x14
        text run at (139,824) width 3: " "
      RenderFieldSet {FIELDSET} at (154,601) size 115x222 [border: (2px groove #C0C0C0)]
        RenderBlock {LEGEND} at (0,87) size 25x104
          RenderBlock {DIV} at (0,2) size 25x100 [bgcolor=#FFA500]
      RenderText {#text} at (281,824) size 3x14
        text run at (281,824) width 3: " "
      RenderFieldSet {FIELDSET} at (296,601) size 115x222 [border: (2px groove #C0C0C0)]
        RenderBlock {LEGEND} at (0,59) size 25x104
          RenderBlock {DIV} at (0,2) size 25x100 [bgcolor=#FFA500]
      RenderText {#text} at (0,0) size 0x0
