layer at (0,0) size 800x600
  RenderView at (0,0) size 800x600
layer at (696,0) size 104x600
  RenderBlock {HTML} at (0,0) size 104x600 [border: (10px solid #800000)]
    RenderBody {BODY} at (18,18) size 68x564
      RenderText {#text} at (22,0) size 45x170
        text run at (22,0) width 170: "\x{653B}\x{6BBB} \x{6A5F}\x{52D5}\x{968A} "
      RenderRuby (inline) {RUBY} at (0,0) size 45x150
        RenderRubyRun (anonymous) at (22,170) size 46x60
          RenderRubyText {RT} at (-22,0) size 23x60
            RenderText {#text} at (0,0) size 22x60
              text run at (0,0) width 60: "\x{3053}\x{3046}\x{304B}\x{304F}"
          RenderRubyBase (anonymous) at (0,0) size 46x60
            RenderText {#text} at (0,0) size 45x60
              text run at (0,0) width 60: "\x{653B}\x{6BBB}"
        RenderRubyRun (anonymous) at (22,230) size 46x90
          RenderRubyText {RT} at (-22,0) size 23x90
            RenderText {#text} at (0,7) size 22x76
              text run at (0,7) width 75: "\x{304D}\x{3069}\x{3046}\x{305F}\x{3044}"
          RenderRubyBase (anonymous) at (0,0) size 46x90
            RenderText {#text} at (0,0) size 45x90
              text run at (0,0) width 90: "\x{6A5F}\x{52D5}\x{968A}"
      RenderText {#text} at (0,0) size 0x0
