layer at (0,0) size 1843x600
  RenderView at (0,0) size 800x600
layer at (-1043,0) size 1843x600 backgroundClip at (0,0) size 1843x600 clip at (0,0) size 1843x600 outlineClip at (0,0) size 1843x600
  RenderBlock {HTML} at (0,0) size 1843x600
    RenderBody {BODY} at (60,48) size 1723x504
      RenderBlock {H1} at (0,0) size 36x504
        RenderText {#text} at (4,0) size 28x28
          text run at (4,0) width 28: "\x{8349}\x{6795}"
      RenderBlock {H2} at (52,0) size 27x504
        RenderText {#text} at (3,0) size 21x44
          text run at (3,0) width 44: "\x{590F}\x{76EE}\x{6F31}\x{77F3}"
      RenderBlock {DIV} at (93,0) size 1630x504
        RenderBlock (anonymous) at (0,0) size 896x504
          RenderBR {BR} at (0,0) size 14x0
          RenderBR {BR} at (14,0) size 14x0
          RenderBR {BR} at (28,0) size 14x0
          RenderText {#text} at (42,0) size 14x63
            text run at (42,0) width 63: "\x{3000}\x{3000}\x{3000}\x{3000}\x{3000}\x{3000}\x{3000}\x{3000}\x{4E00}"
          RenderBR {BR} at (42,63) size 14x0
          RenderBR {BR} at (56,0) size 14x0
          RenderText {#text} at (78,0) size 14x7
            text run at (78,0) width 7: "\x{3000}"
          RenderRuby (inline) {RUBY} at (0,0) size 14x14
            RenderRubyRun (anonymous) at (78,6) size 14x16
              RenderRubyText {RT} at (-8,0) size 8x16
                RenderText {#text} at (0,0) size 8x16
                  text run at (0,0) width 16: "\x{3084}\x{307E}\x{307F}\x{3061}"
              RenderRubyBase (anonymous) at (0,0) size 14x16
                RenderInline {RB} at (0,0) size 14x14
                  RenderText {#text} at (0,1) size 14x14
                    text run at (0,1) width 14: "\x{5C71}\x{8DEF}"
          RenderText {#text} at (78,21) size 14x91
            text run at (78,21) width 91: "\x{3092}\x{767B}\x{308A}\x{306A}\x{304C}\x{3089}\x{3001}\x{3053}\x{3046}\x{8003}\x{3048}\x{305F}\x{3002}"
          RenderBR {BR} at (78,112) size 14x0
          RenderText {#text} at (100,0) size 14x7
            text run at (100,0) width 7: "\x{3000}"
          RenderRuby (inline) {RUBY} at (0,0) size 14x7
            RenderRubyRun (anonymous) at (100,7) size 14x7
              RenderRubyText {RT} at (-8,0) size 8x7
                RenderText {#text} at (0,1) size 8x5
                  text run at (0,1) width 4: "\x{3061}"
              RenderRubyBase (anonymous) at (0,0) size 14x7
                RenderInline {RB} at (0,0) size 14x7
                  RenderText {#text} at (0,0) size 14x7
                    text run at (0,0) width 7: "\x{667A}"
          RenderText {#text} at (100,14) size 14x28
            text run at (100,14) width 28: "\x{306B}\x{50CD}\x{3051}\x{3070}"
          RenderRuby (inline) {RUBY} at (0,0) size 14x8
            RenderRubyRun (anonymous) at (100,42) size 14x8
              RenderRubyText {RT} at (-8,0) size 8x8
                RenderText {#text} at (0,0) size 8x8
                  text run at (0,0) width 8: "\x{304B}\x{3069}"
              RenderRubyBase (anonymous) at (0,0) size 14x8
                RenderInline {RB} at (0,0) size 14x8
                  RenderText {#text} at (0,0) size 14x8
                    text run at (0,0) width 7: "\x{89D2}"
          RenderText {#text} at (100,50) size 14x28
            text run at (100,50) width 28: "\x{304C}\x{7ACB}\x{3064}\x{3002}"
          RenderRuby (inline) {RUBY} at (0,0) size 14x8
            RenderRubyRun (anonymous) at (100,76) size 14x12
              RenderRubyText {RT} at (-8,0) size 8x12
                RenderText {#text} at (0,0) size 8x12
                  text run at (0,0) width 12: "\x{3058}\x{3087}\x{3046}"
              RenderRubyBase (anonymous) at (0,0) size 14x12
                RenderInline {RB} at (0,0) size 14x8
                  RenderText {#text} at (0,2) size 14x8
                    text run at (0,2) width 7: "\x{60C5}"
          RenderText {#text} at (100,86) size 14x7
            text run at (100,86) width 7: "\x{306B}"
          RenderRuby (inline) {RUBY} at (0,0) size 14x8
            RenderRubyRun (anonymous) at (100,93) size 14x8
              RenderRubyText {RT} at (-8,0) size 8x8
                RenderText {#text} at (0,0) size 8x8
                  text run at (0,0) width 8: "\x{3055}\x{304A}"
              RenderRubyBase (anonymous) at (0,0) size 14x8
                RenderInline {RB} at (0,0) size 14x8
                  RenderText {#text} at (0,0) size 14x8
                    text run at (0,0) width 7: "\x{68F9}"
          RenderText {#text} at (100,101) size 14x77
            text run at (100,101) width 77: "\x{3055}\x{305B}\x{3070}\x{6D41}\x{3055}\x{308C}\x{308B}\x{3002}\x{610F}\x{5730}\x{3092}"
          RenderRuby (inline) {RUBY} at (0,0) size 14x8
            RenderRubyRun (anonymous) at (100,178) size 14x8
              RenderRubyText {RT} at (-8,0) size 8x8
                RenderText {#text} at (0,0) size 8x8
                  text run at (0,0) width 8: "\x{3068}\x{304A}"
              RenderRubyBase (anonymous) at (0,0) size 14x8
                RenderInline {RB} at (0,0) size 14x8
                  RenderText {#text} at (0,0) size 14x8
                    text run at (0,0) width 7: "\x{901A}"
          RenderText {#text} at (100,186) size 14x14
            text run at (100,186) width 14: "\x{305B}\x{3070}"
          RenderRuby (inline) {RUBY} at (0,0) size 14x14
            RenderRubyRun (anonymous) at (100,197) size 14x20
              RenderRubyText {RT} at (-8,0) size 8x20
                RenderText {#text} at (0,0) size 8x20
                  text run at (0,0) width 20: "\x{304D}\x{3085}\x{3046}\x{304F}\x{3064}"
              RenderRubyBase (anonymous) at (0,0) size 14x20
                RenderInline {RB} at (0,0) size 14x14
                  RenderText {#text} at (0,3) size 14x14
                    text run at (0,3) width 14: "\x{7AAE}\x{5C48}"
          RenderText {#text} at (100,214) size 14x112
            text run at (100,214) width 112: "\x{3060}\x{3002}\x{3068}\x{304B}\x{304F}\x{306B}\x{4EBA}\x{306E}\x{4E16}\x{306F}\x{4F4F}\x{307F}\x{306B}\x{304F}\x{3044}\x{3002}"
          RenderBR {BR} at (100,326) size 14x0
          RenderText {#text} at (122,0) size 14x49
            text run at (122,0) width 49: "\x{3000}\x{4F4F}\x{307F}\x{306B}\x{304F}\x{3055}\x{304C}"
          RenderRuby (inline) {RUBY} at (0,0) size 14x8
            RenderRubyRun (anonymous) at (122,49) size 14x8
              RenderRubyText {RT} at (-8,0) size 8x8
                RenderText {#text} at (0,0) size 8x8
                  text run at (0,0) width 8: "\x{3053}\x{3046}"
              RenderRubyBase (anonymous) at (0,0) size 14x8
                RenderInline {RB} at (0,0) size 14x8
                  RenderText {#text} at (0,0) size 14x8
                    text run at (0,0) width 7: "\x{9AD8}"
          RenderText {#text} at (122,57) size 14x210
            text run at (122,57) width 210: "\x{3058}\x{308B}\x{3068}\x{3001}\x{5B89}\x{3044}\x{6240}\x{3078}\x{5F15}\x{304D}\x{8D8A}\x{3057}\x{305F}\x{304F}\x{306A}\x{308B}\x{3002}\x{3069}\x{3053}\x{3078}\x{8D8A}\x{3057}\x{3066}\x{3082}\x{4F4F}\x{307F}\x{306B}\x{304F}\x{3044}\x{3068}"
          RenderRuby (inline) {RUBY} at (0,0) size 14x8
            RenderRubyRun (anonymous) at (122,267) size 14x8
              RenderRubyText {RT} at (-8,0) size 8x8
                RenderText {#text} at (0,0) size 8x8
                  text run at (0,0) width 8: "\x{3055}\x{3068}"
              RenderRubyBase (anonymous) at (0,0) size 14x8
                RenderInline {RB} at (0,0) size 14x8
                  RenderText {#text} at (0,0) size 14x8
                    text run at (0,0) width 7: "\x{609F}"
          RenderText {#text} at (122,275) size 14x70
            text run at (122,275) width 70: "\x{3063}\x{305F}\x{6642}\x{3001}\x{8A69}\x{304C}\x{751F}\x{308C}\x{3066}\x{3001}"
          RenderRuby (inline) {RUBY} at (0,0) size 14x7
            RenderRubyRun (anonymous) at (122,345) size 14x7
              RenderRubyText {RT} at (-8,0) size 8x7
                RenderText {#text} at (0,1) size 8x5
                  text run at (0,1) width 4: "\x{3048}"
              RenderRubyBase (anonymous) at (0,0) size 14x7
                RenderInline {RB} at (0,0) size 14x7
                  RenderText {#text} at (0,0) size 14x7
                    text run at (0,0) width 7: "\x{753B}"
          RenderText {#text} at (122,352) size 14x35
            text run at (122,352) width 35: "\x{304C}\x{51FA}\x{6765}\x{308B}\x{3002}"
          RenderBR {BR} at (122,387) size 14x0
          RenderText {#text} at (144,0) size 14x7
            text run at (144,0) width 7: "\x{3000}"
          RenderInline {STRONG} at (0,0) size 14x21
            RenderText {#text} at (144,7) size 14x21
              text run at (144,7) width 21: "\x{4EBA}\x{306E}\x{4E16}"
          RenderText {#text} at (144,28) size 14x189
            text run at (144,28) width 189: "\x{3092}\x{4F5C}\x{3063}\x{305F}\x{3082}\x{306E}\x{306F}\x{795E}\x{3067}\x{3082}\x{306A}\x{3051}\x{308C}\x{3070}\x{9B3C}\x{3067}\x{3082}\x{306A}\x{3044}\x{3002}\x{3084}\x{306F}\x{308A}\x{5411}\x{3046}\x{4E09}\x{8ED2}"
          RenderRuby (inline) {RUBY} at (0,0) size 14x14
            RenderRubyRun (anonymous) at (144,214) size 14x20
              RenderRubyText {RT} at (-8,0) size 8x20
                RenderText {#text} at (0,0) size 8x20
                  text run at (0,0) width 20: "\x{308A}\x{3087}\x{3046}\x{3069}\x{306A}"
              RenderRubyBase (anonymous) at (0,0) size 14x20
                RenderInline {RB} at (0,0) size 14x14
                  RenderText {#text} at (0,3) size 14x14
                    text run at (0,3) width 14: "\x{4E21}\x{96A3}"
          RenderText {#text} at (144,231) size 14x168
            text run at (144,231) width 168: "\x{308A}\x{306B}\x{3061}\x{3089}\x{3061}\x{3089}\x{3059}\x{308B}\x{305F}\x{3060}\x{306E}\x{4EBA}\x{3067}\x{3042}\x{308B}\x{3002}\x{305F}\x{3060}\x{306E}\x{4EBA}\x{304C}\x{4F5C}\x{3063}\x{305F}"
          RenderInline {STRONG} at (0,0) size 14x21
            RenderText {#text} at (144,399) size 14x21
              text run at (144,399) width 21: "\x{4EBA}\x{306E}\x{4E16}"
          RenderText {#text} at (144,420) size 28x504
            text run at (144,420) width 84: "\x{304C}\x{4F4F}\x{307F}\x{306B}\x{304F}\x{3044}\x{304B}\x{3089}\x{3068}\x{3066}\x{3001}\x{8D8A}"
            text run at (158,0) width 77: "\x{3059}\x{56FD}\x{306F}\x{3042}\x{308B}\x{307E}\x{3044}\x{3002}\x{3042}\x{308C}\x{3070}"
          RenderInline {STRONG} at (0,0) size 14x28
            RenderText {#text} at (158,77) size 14x28
              text run at (158,77) width 28: "\x{4EBA}\x{3067}\x{306A}\x{3057}"
          RenderText {#text} at (158,105) size 14x70
            text run at (158,105) width 70: "\x{306E}\x{56FD}\x{3078}\x{884C}\x{304F}\x{3070}\x{304B}\x{308A}\x{3060}\x{3002}"
          RenderInline {STRONG} at (0,0) size 14x28
            RenderText {#text} at (158,175) size 14x28
              text run at (158,175) width 28: "\x{4EBA}\x{3067}\x{306A}\x{3057}"
          RenderText {#text} at (158,203) size 14x21
            text run at (158,203) width 21: "\x{306E}\x{56FD}\x{306F}"
          RenderInline {STRONG} at (0,0) size 14x21
            RenderText {#text} at (158,224) size 14x21
              text run at (158,224) width 21: "\x{4EBA}\x{306E}\x{4E16}"
          RenderText {#text} at (158,245) size 14x91
            text run at (158,245) width 91: "\x{3088}\x{308A}\x{3082}\x{306A}\x{304A}\x{4F4F}\x{307F}\x{306B}\x{304F}\x{304B}\x{308D}\x{3046}\x{3002}"
          RenderBR {BR} at (158,336) size 14x0
          RenderText {#text} at (180,0) size 14x217
            text run at (180,0) width 217: "\x{3000}\x{8D8A}\x{3059}\x{4E8B}\x{306E}\x{306A}\x{3089}\x{306C}\x{4E16}\x{304C}\x{4F4F}\x{307F}\x{306B}\x{304F}\x{3051}\x{308C}\x{3070}\x{3001}\x{4F4F}\x{307F}\x{306B}\x{304F}\x{3044}\x{6240}\x{3092}\x{3069}\x{308C}\x{307B}\x{3069}\x{304B}\x{3001}"
          RenderRuby (inline) {RUBY} at (0,0) size 14x14
            RenderRubyRun (anonymous) at (180,216) size 14x16
              RenderRubyText {RT} at (-8,0) size 8x16
                RenderText {#text} at (0,0) size 8x16
                  text run at (0,0) width 16: "\x{304F}\x{3064}\x{308D}\x{3052}"
              RenderRubyBase (anonymous) at (0,0) size 14x16
                RenderInline {RB} at (0,0) size 14x14
                  RenderText {#text} at (0,1) size 14x14
                    text run at (0,1) width 14: "\x{5BDB}\x{5BB9}"
          RenderText {#text} at (180,231) size 14x14
            text run at (180,231) width 14: "\x{3066}\x{3001}"
          RenderRuby (inline) {RUBY} at (0,0) size 14x8
            RenderRubyRun (anonymous) at (180,245) size 14x8
              RenderRubyText {RT} at (-8,0) size 8x8
                RenderText {#text} at (0,0) size 8x8
                  text run at (0,0) width 8: "\x{3064}\x{304B}"
              RenderRubyBase (anonymous) at (0,0) size 14x8
                RenderInline {RB} at (0,0) size 14x8
                  RenderText {#text} at (0,0) size 14x8
                    text run at (0,0) width 7: "\x{675F}"
          RenderText {#text} at (180,253) size 14x7
            text run at (180,253) width 7: "\x{306E}"
          RenderRuby (inline) {RUBY} at (0,0) size 14x7
            RenderRubyRun (anonymous) at (180,260) size 14x7
              RenderRubyText {RT} at (-8,0) size 8x7
                RenderText {#text} at (0,1) size 8x5
                  text run at (0,1) width 4: "\x{307E}"
              RenderRubyBase (anonymous) at (0,0) size 14x7
                RenderInline {RB} at (0,0) size 14x7
                  RenderText {#text} at (0,0) size 14x7
                    text run at (0,0) width 7: "\x{9593}"
          RenderText {#text} at (180,267) size 36x498
            text run at (180,267) width 231: "\x{306E}\x{547D}\x{3092}\x{3001}\x{675F}\x{306E}\x{9593}\x{3067}\x{3082}\x{4F4F}\x{307F}\x{3088}\x{304F}\x{305B}\x{306D}\x{3070}\x{306A}\x{3089}\x{306C}\x{3002}\x{3053}\x{3053}\x{306B}\x{8A69}\x{4EBA}\x{3068}\x{3044}\x{3046}\x{5929}\x{8077}\x{304C}\x{51FA}\x{6765}"
            text run at (202,0) width 91: "\x{3066}\x{3001}\x{3053}\x{3053}\x{306B}\x{753B}\x{5BB6}\x{3068}\x{3044}\x{3046}\x{4F7F}\x{547D}\x{304C}"
          RenderRuby (inline) {RUBY} at (0,0) size 14x8
            RenderRubyRun (anonymous) at (202,91) size 14x8
              RenderRubyText {RT} at (-8,0) size 8x8
                RenderText {#text} at (0,0) size 8x8
                  text run at (0,0) width 8: "\x{304F}\x{3060}"
              RenderRubyBase (anonymous) at (0,0) size 14x8
                RenderInline {RB} at (0,0) size 14x8
                  RenderText {#text} at (0,0) size 14x8
                    text run at (0,0) width 7: "\x{964D}"
          RenderText {#text} at (202,99) size 14x105
            text run at (202,99) width 105: "\x{308B}\x{3002}\x{3042}\x{3089}\x{3086}\x{308B}\x{82B8}\x{8853}\x{306E}\x{58EB}\x{306F}\x{4EBA}\x{306E}\x{4E16}\x{3092}"
          RenderRuby (inline) {RUBY} at (0,0) size 14x14
            RenderRubyRun (anonymous) at (202,204) size 14x14
              RenderRubyText {RT} at (-8,0) size 8x14
                RenderText {#text} at (0,1) size 8x12
                  text run at (0,1) width 12: "\x{306E}\x{3069}\x{304B}"
              RenderRubyBase (anonymous) at (0,0) size 14x14
                RenderInline {RB} at (0,0) size 14x14
                  RenderText {#text} at (0,0) size 14x14
                    text run at (0,0) width 14: "\x{9577}\x{9591}"
          RenderText {#text} at (202,218) size 14x91
            text run at (202,218) width 91: "\x{306B}\x{3057}\x{3001}\x{4EBA}\x{306E}\x{5FC3}\x{3092}\x{8C4A}\x{304B}\x{306B}\x{3059}\x{308B}\x{304C}"
          RenderRuby (inline) {RUBY} at (0,0) size 14x8
            RenderRubyRun (anonymous) at (202,309) size 14x8
              RenderRubyText {RT} at (-8,0) size 8x8
                RenderText {#text} at (0,0) size 8x8
                  text run at (0,0) width 8: "\x{3086}\x{3048}"
              RenderRubyBase (anonymous) at (0,0) size 14x8
                RenderInline {RB} at (0,0) size 14x8
                  RenderText {#text} at (0,0) size 14x8
                    text run at (0,0) width 7: "\x{6545}"
          RenderText {#text} at (202,317) size 14x7
            text run at (202,317) width 7: "\x{306B}"
          RenderRuby (inline) {RUBY} at (0,0) size 14x8
            RenderRubyRun (anonymous) at (202,324) size 14x8
              RenderRubyText {RT} at (-8,0) size 8x8
                RenderText {#text} at (0,0) size 8x8
                  text run at (0,0) width 8: "\x{305F}\x{3063}"
              RenderRubyBase (anonymous) at (0,0) size 14x8
                RenderInline {RB} at (0,0) size 14x8
                  RenderText {#text} at (0,0) size 14x8
                    text run at (0,0) width 7: "\x{5C0A}"
          RenderText {#text} at (202,332) size 14x21
            text run at (202,332) width 21: "\x{3068}\x{3044}\x{3002}"
          RenderBR {BR} at (202,353) size 14x0
          RenderText {#text} at (224,0) size 14x105
            text run at (224,0) width 105: "\x{3000}\x{4F4F}\x{307F}\x{306B}\x{304F}\x{304D}\x{4E16}\x{304B}\x{3089}\x{3001}\x{4F4F}\x{307F}\x{306B}\x{304F}\x{304D}"
          RenderRuby (inline) {RUBY} at (0,0) size 14x8
            RenderRubyRun (anonymous) at (224,103) size 14x12
              RenderRubyText {RT} at (-8,0) size 8x12
                RenderText {#text} at (0,0) size 8x12
                  text run at (0,0) width 12: "\x{308F}\x{305A}\x{3089}"
              RenderRubyBase (anonymous) at (0,0) size 14x12
                RenderInline {RB} at (0,0) size 14x8
                  RenderText {#text} at (0,2) size 14x8
                    text run at (0,2) width 7: "\x{7169}"
          RenderText {#text} at (224,113) size 14x217
            text run at (224,113) width 217: "\x{3044}\x{3092}\x{5F15}\x{304D}\x{629C}\x{3044}\x{3066}\x{3001}\x{3042}\x{308A}\x{304C}\x{305F}\x{3044}\x{4E16}\x{754C}\x{3092}\x{307E}\x{306E}\x{3042}\x{305F}\x{308A}\x{306B}\x{5199}\x{3059}\x{306E}\x{304C}\x{8A69}\x{3067}\x{3042}\x{308B}\x{3001}"
          RenderRuby (inline) {RUBY} at (0,0) size 14x7
            RenderRubyRun (anonymous) at (224,330) size 14x7
              RenderRubyText {RT} at (-8,0) size 8x7
                RenderText {#text} at (0,1) size 8x5
                  text run at (0,1) width 4: "\x{3048}"
              RenderRubyBase (anonymous) at (0,0) size 14x7
                RenderInline {RB} at (0,0) size 14x7
                  RenderText {#text} at (0,0) size 14x7
                    text run at (0,0) width 7: "\x{753B}"
          RenderText {#text} at (224,337) size 14x140
            text run at (224,337) width 140: "\x{3067}\x{3042}\x{308B}\x{3002}\x{3042}\x{308B}\x{306F}\x{97F3}\x{697D}\x{3068}\x{5F6B}\x{523B}\x{3067}\x{3042}\x{308B}\x{3002}\x{3053}\x{307E}\x{304B}\x{306B}"
          RenderRuby (inline) {RUBY} at (0,0) size 14x7
            RenderRubyRun (anonymous) at (224,477) size 14x7
              RenderRubyText {RT} at (-8,0) size 8x7
                RenderText {#text} at (0,1) size 8x5
                  text run at (0,1) width 4: "\x{3044}"
              RenderRubyBase (anonymous) at (0,0) size 14x7
                RenderInline {RB} at (0,0) size 14x7
                  RenderText {#text} at (0,0) size 14x7
                    text run at (0,0) width 7: "\x{4E91}"
          RenderText {#text} at (224,484) size 36x498
            text run at (224,484) width 14: "\x{3048}\x{3070}"
            text run at (246,0) width 217: "\x{5199}\x{3055}\x{306A}\x{3044}\x{3067}\x{3082}\x{3088}\x{3044}\x{3002}\x{305F}\x{3060}\x{307E}\x{306E}\x{3042}\x{305F}\x{308A}\x{306B}\x{898B}\x{308C}\x{3070}\x{3001}\x{305D}\x{3053}\x{306B}\x{8A69}\x{3082}\x{751F}\x{304D}\x{3001}\x{6B4C}\x{3082}"
          RenderRuby (inline) {RUBY} at (0,0) size 14x7
            RenderRubyRun (anonymous) at (246,217) size 14x7
              RenderRubyText {RT} at (-8,0) size 8x7
                RenderText {#text} at (0,1) size 8x5
                  text run at (0,1) width 4: "\x{308F}"
              RenderRubyBase (anonymous) at (0,0) size 14x7
                RenderInline {RB} at (0,0) size 14x7
                  RenderText {#text} at (0,0) size 14x7
                    text run at (0,0) width 7: "\x{6E67}"
          RenderText {#text} at (246,224) size 14x84
            text run at (246,224) width 84: "\x{304F}\x{3002}\x{7740}\x{60F3}\x{3092}\x{7D19}\x{306B}\x{843D}\x{3055}\x{306C}\x{3068}\x{3082}"
          RenderRuby (inline) {RUBY} at (0,0) size 14x14
            RenderRubyRun (anonymous) at (246,305) size 14x20
              RenderRubyText {RT} at (-8,0) size 8x20
                RenderText {#text} at (0,0) size 8x20
                  text run at (0,0) width 20: "\x{304D}\x{3085}\x{3046}\x{305D}\x{3046}"
              RenderRubyBase (anonymous) at (0,0) size 14x20
                RenderInline {RB} at (0,0) size 14x14
                  RenderText {#text} at (0,3) size 14x7
                    text run at (0,3) width 7: "\x{7486}"
                  RenderText {#text} at (0,10) size 14x7
                    text run at (0,10) width 7: "\x{93D8}"
          RenderText {#text} at (246,322) size 14x7
            text run at (246,322) width 7: "\x{306E}"
          RenderRuby (inline) {RUBY} at (0,0) size 14x8
            RenderRubyRun (anonymous) at (246,329) size 14x8
              RenderRubyText {RT} at (-8,0) size 8x8
                RenderText {#text} at (0,0) size 8x8
                  text run at (0,0) width 8: "\x{304A}\x{3093}"
              RenderRubyBase (anonymous) at (0,0) size 14x8
                RenderInline {RB} at (0,0) size 14x8
                  RenderText {#text} at (0,0) size 14x8
                    text run at (0,0) width 7: "\x{97F3}"
          RenderText {#text} at (246,337) size 14x7
            text run at (246,337) width 7: "\x{306F}"
          RenderRuby (inline) {RUBY} at (0,0) size 14x14
            RenderRubyRun (anonymous) at (246,343) size 14x16
              RenderRubyText {RT} at (-8,0) size 8x16
                RenderText {#text} at (0,0) size 8x16
                  text run at (0,0) width 16: "\x{304D}\x{3087}\x{3046}\x{308A}"
              RenderRubyBase (anonymous) at (0,0) size 14x16
                RenderInline {RB} at (0,0) size 14x14
                  RenderText {#text} at (0,1) size 14x14
                    text run at (0,1) width 14: "\x{80F8}\x{88CF}"
          RenderText {#text} at (246,358) size 14x7
            text run at (246,358) width 7: "\x{306B}"
          RenderRuby (inline) {RUBY} at (0,0) size 14x8
            RenderRubyRun (anonymous) at (246,365) size 14x8
              RenderRubyText {RT} at (-8,0) size 8x8
                RenderText {#text} at (0,0) size 8x8
                  text run at (0,0) width 8: "\x{304A}\x{3053}"
              RenderRubyBase (anonymous) at (0,0) size 14x8
                RenderInline {RB} at (0,0) size 14x8
                  RenderText {#text} at (0,0) size 14x8
                    text run at (0,0) width 7: "\x{8D77}"
          RenderText {#text} at (246,373) size 14x14
            text run at (246,373) width 14: "\x{308B}\x{3002}"
          RenderRuby (inline) {RUBY} at (0,0) size 14x14
            RenderRubyRun (anonymous) at (246,386) size 14x16
              RenderRubyText {RT} at (-8,0) size 8x16
                RenderText {#text} at (0,0) size 8x16
                  text run at (0,0) width 16: "\x{305F}\x{3093}\x{305B}\x{3044}"
              RenderRubyBase (anonymous) at (0,0) size 14x16
                RenderInline {RB} at (0,0) size 14x14
                  RenderText {#text} at (0,1) size 14x14
                    text run at (0,1) width 14: "\x{4E39}\x{9752}"
          RenderText {#text} at (246,401) size 14x7
            text run at (246,401) width 7: "\x{306F}"
          RenderRuby (inline) {RUBY} at (0,0) size 14x14
            RenderRubyRun (anonymous) at (246,408) size 14x14
              RenderRubyText {RT} at (-8,0) size 8x14
                RenderText {#text} at (0,3) size 8x8
                  text run at (0,3) width 8: "\x{304C}\x{304B}"
              RenderRubyBase (anonymous) at (0,0) size 14x14
                RenderInline {RB} at (0,0) size 14x14
                  RenderText {#text} at (0,0) size 14x14
                    text run at (0,0) width 14: "\x{753B}\x{67B6}"
          RenderText {#text} at (246,422) size 14x28
            text run at (246,422) width 28: "\x{306B}\x{5411}\x{3063}\x{3066}"
          RenderRuby (inline) {RUBY} at (0,0) size 14x14
            RenderRubyRun (anonymous) at (246,450) size 14x14
              RenderRubyText {RT} at (-8,0) size 8x14
                RenderText {#text} at (0,1) size 8x12
                  text run at (0,1) width 12: "\x{3068}\x{307E}\x{3064}"
              RenderRubyBase (anonymous) at (0,0) size 14x14
                RenderInline {RB} at (0,0) size 14x14
                  RenderText {#text} at (0,0) size 14x14
                    text run at (0,0) width 14: "\x{5857}\x{62B9}"
          RenderText {#text} at (246,464) size 14x28
            text run at (246,464) width 28: "\x{305B}\x{3093}\x{3067}\x{3082}"
          RenderRuby (inline) {RUBY} at (0,0) size 14x14
            RenderRubyRun (anonymous) at (268,0) size 14x14
              RenderRubyText {RT} at (-8,0) size 8x14
                RenderText {#text} at (0,1) size 8x12
                  text run at (0,1) width 12: "\x{3054}\x{3055}\x{3044}"
              RenderRubyBase (anonymous) at (0,0) size 14x14
                RenderInline {RB} at (0,0) size 14x14
                  RenderText {#text} at (0,0) size 14x14
                    text run at (0,0) width 14: "\x{4E94}\x{5F69}"
          RenderText {#text} at (268,14) size 14x7
            text run at (268,14) width 7: "\x{306E}"
          RenderRuby (inline) {RUBY} at (0,0) size 14x14
            RenderRubyRun (anonymous) at (268,20) size 14x16
              RenderRubyText {RT} at (-8,0) size 8x16
                RenderText {#text} at (0,0) size 8x16
                  text run at (0,0) width 16: "\x{3051}\x{3093}\x{3089}\x{3093}"
              RenderRubyBase (anonymous) at (0,0) size 14x16
                RenderInline {RB} at (0,0) size 14x14
                  RenderText {#text} at (0,1) size 14x14
                    text run at (0,1) width 14: "\x{7D62}\x{721B}"
          RenderText {#text} at (268,35) size 14x7
            text run at (268,35) width 7: "\x{306F}"
          RenderRuby (inline) {RUBY} at (0,0) size 14x8
            RenderRubyRun (anonymous) at (268,40) size 14x12
              RenderRubyText {RT} at (-8,0) size 8x12
                RenderText {#text} at (0,0) size 8x12
                  text run at (0,0) width 12: "\x{304A}\x{306E}\x{305A}"
              RenderRubyBase (anonymous) at (0,0) size 14x12
                RenderInline {RB} at (0,0) size 14x8
                  RenderText {#text} at (0,2) size 14x8
                    text run at (0,2) width 7: "\x{81EA}"
          RenderText {#text} at (268,50) size 14x14
            text run at (268,50) width 14: "\x{304B}\x{3089}"
          RenderRuby (inline) {RUBY} at (0,0) size 14x14
            RenderRubyRun (anonymous) at (268,63) size 14x16
              RenderRubyText {RT} at (-8,0) size 8x16
                RenderText {#text} at (0,0) size 8x16
                  text run at (0,0) width 16: "\x{3057}\x{3093}\x{304C}\x{3093}"
              RenderRubyBase (anonymous) at (0,0) size 14x16
                RenderInline {RB} at (0,0) size 14x14
                  RenderText {#text} at (0,1) size 14x14
                    text run at (0,1) width 14: "\x{5FC3}\x{773C}"
          RenderText {#text} at (268,78) size 14x112
            text run at (268,78) width 112: "\x{306B}\x{6620}\x{308B}\x{3002}\x{305F}\x{3060}\x{304A}\x{306E}\x{304C}\x{4F4F}\x{3080}\x{4E16}\x{3092}\x{3001}\x{304B}\x{304F}"
          RenderRuby (inline) {RUBY} at (0,0) size 14x8
            RenderRubyRun (anonymous) at (268,190) size 14x8
              RenderRubyText {RT} at (-8,0) size 8x8
                RenderText {#text} at (0,0) size 8x8
                  text run at (0,0) width 8: "\x{304B}\x{3093}"
              RenderRubyBase (anonymous) at (0,0) size 14x8
                RenderInline {RB} at (0,0) size 14x8
                  RenderText {#text} at (0,0) size 14x8
                    text run at (0,0) width 7: "\x{89B3}"
          RenderText {#text} at (268,198) size 14x28
            text run at (268,198) width 28: "\x{3058}\x{5F97}\x{3066}\x{3001}"
          RenderRuby (inline) {RUBY} at (0,0) size 14x28
            RenderRubyRun (anonymous) at (268,224) size 14x32
              RenderRubyText {RT} at (-8,0) size 8x32
                RenderText {#text} at (0,0) size 8x32
                  text run at (0,0) width 32: "\x{308C}\x{3044}\x{3060}\x{3044}\x{307B}\x{3046}\x{3059}\x{3093}"
              RenderRubyBase (anonymous) at (0,0) size 14x32
                RenderInline {RB} at (0,0) size 14x28
                  RenderText {#text} at (0,2) size 14x28
                    text run at (0,2) width 28: "\x{970A}\x{53F0}\x{65B9}\x{5BF8}"
          RenderText {#text} at (268,254) size 14x35
            text run at (268,254) width 35: "\x{306E}\x{30AB}\x{30E1}\x{30E9}\x{306B}"
          RenderRuby (inline) {RUBY} at (0,0) size 14x28
            RenderRubyRun (anonymous) at (268,287) size 14x32
              RenderRubyText {RT} at (-8,0) size 8x32
                RenderText {#text} at (0,0) size 8x32
                  text run at (0,0) width 32: "\x{304E}\x{3087}\x{3046}\x{304D}\x{3053}\x{3093}\x{3060}\x{304F}"
              RenderRubyBase (anonymous) at (0,0) size 14x32
                RenderInline {RB} at (0,0) size 14x28
                  RenderText {#text} at (0,2) size 14x28
                    text run at (0,2) width 28: "\x{6F86}\x{5B63}\x{6EB7}\x{6FC1}"
          RenderText {#text} at (268,317) size 14x91
            text run at (268,317) width 91: "\x{306E}\x{4FD7}\x{754C}\x{3092}\x{6E05}\x{304F}\x{3046}\x{3089}\x{3089}\x{304B}\x{306B}\x{53CE}\x{3081}"
          RenderRuby (inline) {RUBY} at (0,0) size 14x7
            RenderRubyRun (anonymous) at (268,408) size 14x7
              RenderRubyText {RT} at (-8,0) size 8x7
                RenderText {#text} at (0,1) size 8x5
                  text run at (0,1) width 4: "\x{3046}"
              RenderRubyBase (anonymous) at (0,0) size 14x7
                RenderInline {RB} at (0,0) size 14x7
                  RenderText {#text} at (0,0) size 14x7
                    text run at (0,0) width 7: "\x{5F97}"
          RenderText {#text} at (268,415) size 14x14
            text run at (268,415) width 14: "\x{308C}\x{3070}"
          RenderRuby (inline) {RUBY} at (0,0) size 14x7
            RenderRubyRun (anonymous) at (268,429) size 14x7
              RenderRubyText {RT} at (-8,0) size 8x7
                RenderText {#text} at (0,1) size 8x5
                  text run at (0,1) width 4: "\x{305F}"
              RenderRubyBase (anonymous) at (0,0) size 14x7
                RenderInline {RB} at (0,0) size 14x7
                  RenderText {#text} at (0,0) size 14x7
                    text run at (0,0) width 7: "\x{8DB3}"
          RenderText {#text} at (268,436) size 14x42
            text run at (268,436) width 42: "\x{308B}\x{3002}\x{3053}\x{306E}\x{6545}\x{306B}"
          RenderRuby (inline) {RUBY} at (0,0) size 14x14
            RenderRubyRun (anonymous) at (268,478) size 14x14
              RenderRubyText {RT} at (-8,0) size 8x14
                RenderText {#text} at (0,1) size 8x12
                  text run at (0,1) width 12: "\x{3080}\x{305B}\x{3044}"
              RenderRubyBase (anonymous) at (0,0) size 14x14
                RenderInline {RB} at (0,0) size 14x14
                  RenderText {#text} at (0,0) size 14x14
                    text run at (0,0) width 14: "\x{7121}\x{58F0}"
          RenderText {#text} at (268,492) size 36x499
            text run at (268,492) width 7: "\x{306E}"
            text run at (290,0) width 63: "\x{8A69}\x{4EBA}\x{306B}\x{306F}\x{4E00}\x{53E5}\x{306A}\x{304F}\x{3001}"
          RenderRuby (inline) {RUBY} at (0,0) size 14x14
            RenderRubyRun (anonymous) at (290,62) size 14x16
              RenderRubyText {RT} at (-8,0) size 8x16
                RenderText {#text} at (0,0) size 8x16
                  text run at (0,0) width 16: "\x{3080}\x{3057}\x{3087}\x{304F}"
              RenderRubyBase (anonymous) at (0,0) size 14x16
                RenderInline {RB} at (0,0) size 14x14
                  RenderText {#text} at (0,1) size 14x14
                    text run at (0,1) width 14: "\x{7121}\x{8272}"
          RenderText {#text} at (290,77) size 14x35
            text run at (290,77) width 35: "\x{306E}\x{753B}\x{5BB6}\x{306B}\x{306F}"
          RenderRuby (inline) {RUBY} at (0,0) size 14x14
            RenderRubyRun (anonymous) at (290,111) size 14x16
              RenderRubyText {RT} at (-8,0) size 8x16
                RenderText {#text} at (0,0) size 8x16
                  text run at (0,0) width 16: "\x{305B}\x{3063}\x{3051}\x{3093}"
              RenderRubyBase (anonymous) at (0,0) size 14x16
                RenderInline {RB} at (0,0) size 14x14
                  RenderText {#text} at (0,1) size 14x14
                    text run at (0,1) width 14: "\x{5C3A}\x{7E11}"
          RenderText {#text} at (290,126) size 14x42
            text run at (290,126) width 42: "\x{306A}\x{304D}\x{3082}\x{3001}\x{304B}\x{304F}"
          RenderRuby (inline) {RUBY} at (0,0) size 14x14
            RenderRubyRun (anonymous) at (290,167) size 14x16
              RenderRubyText {RT} at (-8,0) size 8x16
                RenderText {#text} at (0,0) size 8x16
                  text run at (0,0) width 16: "\x{3058}\x{3093}\x{305B}\x{3044}"
              RenderRubyBase (anonymous) at (0,0) size 14x16
                RenderInline {RB} at (0,0) size 14x14
                  RenderText {#text} at (0,1) size 14x14
                    text run at (0,1) width 14: "\x{4EBA}\x{4E16}"
          RenderText {#text} at (290,182) size 14x98
            text run at (290,182) width 98: "\x{3092}\x{89B3}\x{3058}\x{5F97}\x{308B}\x{306E}\x{70B9}\x{306B}\x{304A}\x{3044}\x{3066}\x{3001}\x{304B}\x{304F}"
          RenderRuby (inline) {RUBY} at (0,0) size 14x14
            RenderRubyRun (anonymous) at (290,279) size 14x16
              RenderRubyText {RT} at (-8,0) size 8x16
                RenderText {#text} at (0,0) size 8x16
                  text run at (0,0) width 16: "\x{307C}\x{3093}\x{306E}\x{3046}"
              RenderRubyBase (anonymous) at (0,0) size 14x16
                RenderInline {RB} at (0,0) size 14x14
                  RenderText {#text} at (0,1) size 14x14
                    text run at (0,1) width 14: "\x{7169}\x{60A9}"
          RenderText {#text} at (290,294) size 14x7
            text run at (290,294) width 7: "\x{3092}"
          RenderRuby (inline) {RUBY} at (0,0) size 14x14
            RenderRubyRun (anonymous) at (290,301) size 14x14
              RenderRubyText {RT} at (-8,0) size 8x14
                RenderText {#text} at (0,1) size 8x12
                  text run at (0,1) width 12: "\x{3052}\x{3060}\x{3064}"
              RenderRubyBase (anonymous) at (0,0) size 14x14
                RenderInline {RB} at (0,0) size 14x14
                  RenderText {#text} at (0,0) size 14x14
                    text run at (0,0) width 14: "\x{89E3}\x{8131}"
          RenderText {#text} at (290,315) size 14x77
            text run at (290,315) width 77: "\x{3059}\x{308B}\x{306E}\x{70B9}\x{306B}\x{304A}\x{3044}\x{3066}\x{3001}\x{304B}\x{304F}"
          RenderRuby (inline) {RUBY} at (0,0) size 14x26
            RenderRubyRun (anonymous) at (290,389) size 14x32
              RenderRubyText {RT} at (-8,0) size 8x32
                RenderText {#text} at (0,0) size 8x32
                  text run at (0,0) width 32: "\x{3057}\x{3087}\x{3046}\x{3058}\x{3087}\x{3046}\x{304B}\x{3044}"
              RenderRubyBase (anonymous) at (0,0) size 14x32
                RenderInline {RB} at (0,0) size 14x22
                  RenderText {#text} at (0,5) size 14x22
                    text run at (0,5) width 21: "\x{6E05}\x{6D44}\x{754C}"
          RenderText {#text} at (290,418) size 14x7
            text run at (290,418) width 7: "\x{306B}"
          RenderRuby (inline) {RUBY} at (0,0) size 14x18
            RenderRubyRun (anonymous) at (290,422) size 14x24
              RenderRubyText {RT} at (-8,0) size 8x24
                RenderText {#text} at (0,0) size 8x24
                  text run at (0,0) width 24: "\x{3057}\x{3085}\x{3064}\x{306B}\x{3085}\x{3046}"
              RenderRubyBase (anonymous) at (0,0) size 14x24
                RenderInline {RB} at (0,0) size 14x14
                  RenderText {#text} at (0,5) size 14x14
                    text run at (0,5) width 14: "\x{51FA}\x{5165}"
          RenderText {#text} at (290,443) size 36x499
            text run at (290,443) width 56: "\x{3057}\x{5F97}\x{308B}\x{306E}\x{70B9}\x{306B}\x{304A}\x{3044}"
            text run at (312,0) width 42: "\x{3066}\x{3001}\x{307E}\x{305F}\x{3053}\x{306E}"
          RenderRuby (inline) {RUBY} at (0,0) size 14x28
            RenderRubyRun (anonymous) at (312,42) size 14x28
              RenderRubyText {RT} at (-8,0) size 8x28
                RenderText {#text} at (0,4) size 8x20
                  text run at (0,4) width 20: "\x{3075}\x{3069}\x{3046}\x{3075}\x{3058}"
              RenderRubyBase (anonymous) at (0,0) size 14x28
                RenderInline {RB} at (0,0) size 14x28
                  RenderText {#text} at (0,0) size 14x28
                    text run at (0,0) width 28: "\x{4E0D}\x{540C}\x{4E0D}\x{4E8C}"
          RenderText {#text} at (312,70) size 14x7
            text run at (312,70) width 7: "\x{306E}"
          RenderRuby (inline) {RUBY} at (0,0) size 14x14
            RenderRubyRun (anonymous) at (312,76) size 14x16
              RenderRubyText {RT} at (-8,0) size 8x16
                RenderText {#text} at (0,0) size 8x16
                  text run at (0,0) width 16: "\x{3051}\x{3093}\x{3053}\x{3093}"
              RenderRubyBase (anonymous) at (0,0) size 14x16
                RenderInline {RB} at (0,0) size 14x14
                  RenderText {#text} at (0,1) size 14x14
                    text run at (0,1) width 14: "\x{4E7E}\x{5764}"
          RenderText {#text} at (312,91) size 14x7
            text run at (312,91) width 7: "\x{3092}"
          RenderRuby (inline) {RUBY} at (0,0) size 14x14
            RenderRubyRun (anonymous) at (312,95) size 14x20
              RenderRubyText {RT} at (-8,0) size 8x20
                RenderText {#text} at (0,0) size 8x20
                  text run at (0,0) width 20: "\x{3053}\x{3093}\x{308A}\x{3085}\x{3046}"
              RenderRubyBase (anonymous) at (0,0) size 14x20
                RenderInline {RB} at (0,0) size 14x14
                  RenderText {#text} at (0,3) size 14x14
                    text run at (0,3) width 14: "\x{5EFA}\x{7ACB}"
          RenderText {#text} at (312,112) size 14x70
            text run at (312,112) width 70: "\x{3057}\x{5F97}\x{308B}\x{306E}\x{70B9}\x{306B}\x{304A}\x{3044}\x{3066}\x{3001}"
          RenderRuby (inline) {RUBY} at (0,0) size 14x28
            RenderRubyRun (anonymous) at (312,182) size 14x28
              RenderRubyText {RT} at (-8,0) size 8x28
                RenderText {#text} at (0,4) size 8x20
                  text run at (0,4) width 20: "\x{304C}\x{308A}\x{3057}\x{3088}\x{304F}"
              RenderRubyBase (anonymous) at (0,0) size 14x28
                RenderInline {RB} at (0,0) size 14x28
                  RenderText {#text} at (0,0) size 14x28
                    text run at (0,0) width 28: "\x{6211}\x{5229}\x{79C1}\x{617E}"
          RenderText {#text} at (312,210) size 14x7
            text run at (312,210) width 7: "\x{306E}"
          RenderRuby (inline) {RUBY} at (0,0) size 14x14
            RenderRubyRun (anonymous) at (312,217) size 14x14
              RenderRubyText {RT} at (-8,0) size 8x14
                RenderText {#text} at (0,1) size 8x12
                  text run at (0,1) width 12: "\x{304D}\x{306F}\x{3093}"
              RenderRubyBase (anonymous) at (0,0) size 14x14
                RenderInline {RB} at (0,0) size 14x14
                  RenderText {#text} at (0,0) size 14x14
                    text run at (0,0) width 14: "\x{898A}\x{7D46}"
          RenderText {#text} at (312,231) size 14x7
            text run at (312,231) width 7: "\x{3092}"
          RenderRuby (inline) {RUBY} at (0,0) size 14x14
            RenderRubyRun (anonymous) at (312,237) size 14x16
              RenderRubyText {RT} at (-8,0) size 8x16
                RenderText {#text} at (0,0) size 8x16
                  text run at (0,0) width 16: "\x{305D}\x{3046}\x{3068}\x{3046}"
              RenderRubyBase (anonymous) at (0,0) size 14x16
                RenderInline {RB} at (0,0) size 14x14
                  RenderText {#text} at (0,1) size 14x14
                    text run at (0,1) width 14: "\x{6383}\x{8569}"
          RenderText {#text} at (312,252) size 14x87
            text run at (312,252) width 87: "\x{3059}\x{308B}\x{306E}\x{70B9}\x{306B}\x{304A}\x{3044}\x{3066}\x{3001}\x{2015}\x{2015}"
          RenderRuby (inline) {RUBY} at (0,0) size 14x14
            RenderRubyRun (anonymous) at (312,338) size 14x16
              RenderRubyText {RT} at (-8,0) size 8x16
                RenderText {#text} at (0,0) size 8x16
                  text run at (0,0) width 16: "\x{305B}\x{3093}\x{304D}\x{3093}"
              RenderRubyBase (anonymous) at (0,0) size 14x16
                RenderInline {RB} at (0,0) size 14x14
                  RenderText {#text} at (0,1) size 14x14
                    text run at (0,1) width 14: "\x{5343}\x{91D1}"
          RenderText {#text} at (312,353) size 14x42
            text run at (312,353) width 42: "\x{306E}\x{5B50}\x{3088}\x{308A}\x{3082}\x{3001}"
          RenderRuby (inline) {RUBY} at (0,0) size 14x14
            RenderRubyRun (anonymous) at (312,392) size 14x20
              RenderRubyText {RT} at (-8,0) size 8x20
                RenderText {#text} at (0,0) size 8x20
                  text run at (0,0) width 20: "\x{3070}\x{3093}\x{3058}\x{3087}\x{3046}"
              RenderRubyBase (anonymous) at (0,0) size 14x20
                RenderInline {RB} at (0,0) size 14x14
                  RenderText {#text} at (0,3) size 14x14
                    text run at (0,3) width 14: "\x{4E07}\x{4E57}"
          RenderText {#text} at (312,409) size 14x91
            text run at (312,409) width 91: "\x{306E}\x{541B}\x{3088}\x{308A}\x{3082}\x{3001}\x{3042}\x{3089}\x{3086}\x{308B}\x{4FD7}\x{754C}\x{306E}"
          RenderRuby (inline) {RUBY} at (0,0) size 14x15
            RenderRubyRun (anonymous) at (334,0) size 14x16
              RenderRubyText {RT} at (-8,0) size 8x16
                RenderText {#text} at (0,0) size 8x16
                  text run at (0,0) width 16: "\x{3061}\x{3087}\x{3046}\x{3058}"
              RenderRubyBase (anonymous) at (0,0) size 14x16
                RenderInline {RB} at (0,0) size 14x14
                  RenderText {#text} at (0,1) size 14x14
                    text run at (0,1) width 14: "\x{5BF5}\x{5150}"
          RenderText {#text} at (334,15) size 14x63
            text run at (334,15) width 63: "\x{3088}\x{308A}\x{3082}\x{5E78}\x{798F}\x{3067}\x{3042}\x{308B}\x{3002}"
          RenderBR {BR} at (334,78) size 14x0
          RenderText {#text} at (356,0) size 14x119
            text run at (356,0) width 119: "\x{3000}\x{4E16}\x{306B}\x{4F4F}\x{3080}\x{3053}\x{3068}\x{4E8C}\x{5341}\x{5E74}\x{306B}\x{3057}\x{3066}\x{3001}\x{4F4F}\x{3080}\x{306B}"
          RenderRuby (inline) {RUBY} at (0,0) size 14x14
            RenderRubyRun (anonymous) at (356,119) size 14x14
              RenderRubyText {RT} at (-8,0) size 8x14
                RenderText {#text} at (0,3) size 8x8
                  text run at (0,3) width 8: "\x{304B}\x{3044}"
              RenderRubyBase (anonymous) at (0,0) size 14x14
                RenderInline {RB} at (0,0) size 14x14
                  RenderText {#text} at (0,0) size 14x14
                    text run at (0,0) width 14: "\x{7532}\x{6590}"
          RenderText {#text} at (356,133) size 14x126
            text run at (356,133) width 126: "\x{3042}\x{308B}\x{4E16}\x{3068}\x{77E5}\x{3063}\x{305F}\x{3002}\x{4E8C}\x{5341}\x{4E94}\x{5E74}\x{306B}\x{3057}\x{3066}\x{660E}\x{6697}\x{306F}"
          RenderRuby (inline) {RUBY} at (0,0) size 14x14
            RenderRubyRun (anonymous) at (356,258) size 14x16
              RenderRubyText {RT} at (-8,0) size 8x16
                RenderText {#text} at (0,0) size 8x16
                  text run at (0,0) width 16: "\x{3072}\x{3087}\x{3046}\x{308A}"
              RenderRubyBase (anonymous) at (0,0) size 14x16
                RenderInline {RB} at (0,0) size 14x14
                  RenderText {#text} at (0,1) size 14x14
                    text run at (0,1) width 14: "\x{8868}\x{88CF}"
          RenderText {#text} at (356,273) size 14x196
            text run at (356,273) width 196: "\x{306E}\x{3054}\x{3068}\x{304F}\x{3001}\x{65E5}\x{306E}\x{3042}\x{305F}\x{308B}\x{6240}\x{306B}\x{306F}\x{304D}\x{3063}\x{3068}\x{5F71}\x{304C}\x{3055}\x{3059}\x{3068}\x{609F}\x{3063}\x{305F}\x{3002}\x{4E09}\x{5341}\x{306E}"
          RenderRuby (inline) {RUBY} at (0,0) size 14x14
            RenderRubyRun (anonymous) at (356,468) size 14x16
              RenderRubyText {RT} at (-8,0) size 8x16
                RenderText {#text} at (0,0) size 8x16
                  text run at (0,0) width 16: "\x{3053}\x{3093}\x{306B}\x{3061}"
              RenderRubyBase (anonymous) at (0,0) size 14x16
                RenderInline {RB} at (0,0) size 14x14
                  RenderText {#text} at (0,1) size 14x14
                    text run at (0,1) width 14: "\x{4ECA}\x{65E5}"
          RenderText {#text} at (356,483) size 36x504
            text run at (356,483) width 21: "\x{306F}\x{3053}\x{3046}"
            text run at (378,0) width 115: "\x{601D}\x{3046}\x{3066}\x{3044}\x{308B}\x{3002}\x{2015}\x{2015}\x{559C}\x{3073}\x{306E}\x{6DF1}\x{304D}\x{3068}\x{304D}"
          RenderRuby (inline) {RUBY} at (0,0) size 14x8
            RenderRubyRun (anonymous) at (378,113) size 14x12
              RenderRubyText {RT} at (-8,0) size 8x12
                RenderText {#text} at (0,0) size 8x12
                  text run at (0,0) width 12: "\x{3046}\x{308C}\x{3044}"
              RenderRubyBase (anonymous) at (0,0) size 14x12
                RenderInline {RB} at (0,0) size 14x8
                  RenderText {#text} at (0,2) size 14x8
                    text run at (0,2) width 7: "\x{6182}"
          RenderText {#text} at (378,123) size 14x49
            text run at (378,123) width 49: "\x{3044}\x{3088}\x{3044}\x{3088}\x{6DF1}\x{304F}\x{3001}"
          RenderRuby (inline) {RUBY} at (0,0) size 14x8
            RenderRubyRun (anonymous) at (378,170) size 14x12
              RenderRubyText {RT} at (-8,0) size 8x12
                RenderText {#text} at (0,0) size 8x12
                  text run at (0,0) width 12: "\x{305F}\x{306E}\x{3057}"
              RenderRubyBase (anonymous) at (0,0) size 14x12
                RenderInline {RB} at (0,0) size 14x8
                  RenderText {#text} at (0,2) size 14x8
                    text run at (0,2) width 7: "\x{697D}"
          RenderText {#text} at (378,180) size 14x238
            text run at (378,180) width 238: "\x{307F}\x{306E}\x{5927}\x{3044}\x{306A}\x{308B}\x{307B}\x{3069}\x{82E6}\x{3057}\x{307F}\x{3082}\x{5927}\x{304D}\x{3044}\x{3002}\x{3053}\x{308C}\x{3092}\x{5207}\x{308A}\x{653E}\x{305D}\x{3046}\x{3068}\x{3059}\x{308B}\x{3068}\x{8EAB}\x{304C}\x{6301}\x{3066}\x{306C}\x{3002}"
          RenderRuby (inline) {RUBY} at (0,0) size 14x8
            RenderRubyRun (anonymous) at (378,418) size 14x8
              RenderRubyText {RT} at (-8,0) size 8x8
                RenderText {#text} at (0,0) size 8x8
                  text run at (0,0) width 8: "\x{304B}\x{305F}"
              RenderRubyBase (anonymous) at (0,0) size 14x8
                RenderInline {RB} at (0,0) size 14x8
                  RenderText {#text} at (0,0) size 14x8
                    text run at (0,0) width 7: "\x{7247}"
          RenderText {#text} at (378,426) size 36x503
            text run at (378,426) width 77: "\x{3065}\x{3051}\x{3088}\x{3046}\x{3068}\x{3059}\x{308C}\x{3070}\x{4E16}\x{304C}\x{7ACB}"
            text run at (400,0) width 105: "\x{305F}\x{306C}\x{3002}\x{91D1}\x{306F}\x{5927}\x{4E8B}\x{3060}\x{3001}\x{5927}\x{4E8B}\x{306A}\x{3082}\x{306E}\x{304C}"
          RenderRuby (inline) {RUBY} at (0,0) size 14x7
            RenderRubyRun (anonymous) at (400,105) size 14x7
              RenderRubyText {RT} at (-8,0) size 8x7
                RenderText {#text} at (0,1) size 8x5
                  text run at (0,1) width 4: "\x{3075}"
              RenderRubyBase (anonymous) at (0,0) size 14x7
                RenderInline {RB} at (0,0) size 14x7
                  RenderText {#text} at (0,0) size 14x7
                    text run at (0,0) width 7: "\x{6B96}"
          RenderText {#text} at (400,112) size 14x21
            text run at (400,112) width 21: "\x{3048}\x{308C}\x{3070}"
          RenderRuby (inline) {RUBY} at (0,0) size 14x7
            RenderRubyRun (anonymous) at (400,133) size 14x7
              RenderRubyText {RT} at (-8,0) size 8x7
                RenderText {#text} at (0,1) size 8x5
                  text run at (0,1) width 4: "\x{306D}"
              RenderRubyBase (anonymous) at (0,0) size 14x7
                RenderInline {RB} at (0,0) size 14x7
                  RenderText {#text} at (0,0) size 14x7
                    text run at (0,0) width 7: "\x{5BDD}"
          RenderText {#text} at (400,140) size 14x7
            text run at (400,140) width 7: "\x{308B}"
          RenderRuby (inline) {RUBY} at (0,0) size 14x7
            RenderRubyRun (anonymous) at (400,147) size 14x7
              RenderRubyText {RT} at (-8,0) size 8x7
                RenderText {#text} at (0,1) size 8x5
                  text run at (0,1) width 4: "\x{307E}"
              RenderRubyBase (anonymous) at (0,0) size 14x7
                RenderInline {RB} at (0,0) size 14x7
                  RenderText {#text} at (0,0) size 14x7
                    text run at (0,0) width 7: "\x{9593}"
          RenderText {#text} at (400,154) size 36x504
            text run at (400,154) width 350: "\x{3082}\x{5FC3}\x{914D}\x{3060}\x{308D}\x{3046}\x{3002}\x{604B}\x{306F}\x{3046}\x{308C}\x{3057}\x{3044}\x{3001}\x{5B09}\x{3057}\x{3044}\x{604B}\x{304C}\x{7A4D}\x{3082}\x{308C}\x{3070}\x{3001}\x{604B}\x{3092}\x{305B}\x{306C}\x{6614}\x{304C}\x{304B}\x{3048}\x{3063}\x{3066}\x{604B}\x{3057}\x{304B}\x{308D}\x{3002}\x{95A3}\x{50DA}\x{306E}\x{80A9}\x{306F}\x{6570}\x{767E}\x{4E07}\x{4EBA}\x{306E}\x{8DB3}"
            text run at (422,0) width 7: "\x{3092}"
          RenderRuby (inline) {RUBY} at (0,0) size 14x8
            RenderRubyRun (anonymous) at (422,7) size 14x8
              RenderRubyText {RT} at (-8,0) size 8x8
                RenderText {#text} at (0,0) size 8x8
                  text run at (0,0) width 8: "\x{3055}\x{3055}"
              RenderRubyBase (anonymous) at (0,0) size 14x8
                RenderInline {RB} at (0,0) size 14x8
                  RenderText {#text} at (0,0) size 14x8
                    text run at (0,0) width 7: "\x{652F}"
          RenderText {#text} at (422,15) size 14x35
            text run at (422,15) width 35: "\x{3048}\x{3066}\x{3044}\x{308B}\x{3002}"
          RenderRuby (inline) {RUBY} at (0,0) size 14x14
            RenderRubyRun (anonymous) at (422,50) size 14x14
              RenderRubyText {RT} at (-8,0) size 8x14
                RenderText {#text} at (0,1) size 8x12
                  text run at (0,1) width 12: "\x{305B}\x{306A}\x{304B}"
              RenderRubyBase (anonymous) at (0,0) size 14x14
                RenderInline {RB} at (0,0) size 14x14
                  RenderText {#text} at (0,0) size 14x14
                    text run at (0,0) width 14: "\x{80CC}\x{4E2D}"
          RenderText {#text} at (422,64) size 14x231
            text run at (422,64) width 231: "\x{306B}\x{306F}\x{91CD}\x{3044}\x{5929}\x{4E0B}\x{304C}\x{304A}\x{3076}\x{3055}\x{3063}\x{3066}\x{3044}\x{308B}\x{3002}\x{3046}\x{307E}\x{3044}\x{7269}\x{3082}\x{98DF}\x{308F}\x{306D}\x{3070}\x{60DC}\x{3057}\x{3044}\x{3002}\x{5C11}\x{3057}\x{98DF}\x{3048}\x{3070}"
          RenderRuby (inline) {RUBY} at (0,0) size 14x7
            RenderRubyRun (anonymous) at (422,295) size 14x7
              RenderRubyText {RT} at (-8,0) size 8x7
                RenderText {#text} at (0,1) size 8x5
                  text run at (0,1) width 4: "\x{3042}"
              RenderRubyBase (anonymous) at (0,0) size 14x7
                RenderInline {RB} at (0,0) size 14x7
                  RenderText {#text} at (0,0) size 14x7
                    text run at (0,0) width 7: "\x{98FD}"
          RenderText {#text} at (422,302) size 14x7
            text run at (422,302) width 7: "\x{304D}"
          RenderRuby (inline) {RUBY} at (0,0) size 14x7
            RenderRubyRun (anonymous) at (422,309) size 14x7
              RenderRubyText {RT} at (-8,0) size 8x7
                RenderText {#text} at (0,1) size 8x5
                  text run at (0,1) width 4: "\x{305F}"
              RenderRubyBase (anonymous) at (0,0) size 14x7
                RenderInline {RB} at (0,0) size 14x7
                  RenderText {#text} at (0,0) size 14x7
                    text run at (0,0) width 7: "\x{8DB3}"
          RenderText {#text} at (422,316) size 14x136
            text run at (422,316) width 136: "\x{3089}\x{306C}\x{3002}\x{5B58}\x{5206}\x{98DF}\x{3048}\x{3070}\x{3042}\x{3068}\x{304C}\x{4E0D}\x{6109}\x{5FEB}\x{3060}\x{3002}\x{2026}\x{2026}"
          RenderBR {BR} at (422,452) size 14x0
          RenderText {#text} at (444,0) size 14x7
            text run at (444,0) width 7: "\x{3000}"
          RenderRuby (inline) {RUBY} at (0,0) size 14x7
            RenderRubyRun (anonymous) at (444,7) size 14x7
              RenderRubyText {RT} at (-8,0) size 8x7
                RenderText {#text} at (0,1) size 8x5
                  text run at (0,1) width 4: "\x{3088}"
              RenderRubyBase (anonymous) at (0,0) size 14x7
                RenderInline {RB} at (0,0) size 14x7
                  RenderText {#text} at (0,0) size 14x7
                    text run at (0,0) width 7: "\x{4F59}"
          RenderText {#text} at (444,14) size 14x7
            text run at (444,14) width 7: "\x{306E}"
          RenderRuby (inline) {RUBY} at (0,0) size 14x10
            RenderRubyRun (anonymous) at (444,18) size 14x16
              RenderRubyText {RT} at (-8,0) size 8x16
                RenderText {#text} at (0,0) size 8x16
                  text run at (0,0) width 16: "\x{304B}\x{3093}\x{304C}\x{3048}"
              RenderRubyBase (anonymous) at (0,0) size 14x16
                RenderInline {RB} at (0,0) size 14x8
                  RenderText {#text} at (0,4) size 14x8
                    text run at (0,4) width 7: "\x{8003}"
          RenderText {#text} at (444,31) size 14x112
            text run at (444,31) width 112: "\x{304C}\x{3053}\x{3053}\x{307E}\x{3067}\x{6F02}\x{6D41}\x{3057}\x{3066}\x{6765}\x{305F}\x{6642}\x{306B}\x{3001}\x{4F59}\x{306E}"
          RenderRuby (inline) {RUBY} at (0,0) size 14x14
            RenderRubyRun (anonymous) at (444,143) size 14x14
              RenderRubyText {RT} at (-8,0) size 8x14
                RenderText {#text} at (0,1) size 8x12
                  text run at (0,1) width 12: "\x{3046}\x{305D}\x{304F}"
              RenderRubyBase (anonymous) at (0,0) size 14x14
                RenderInline {RB} at (0,0) size 14x14
                  RenderText {#text} at (0,0) size 14x14
                    text run at (0,0) width 14: "\x{53F3}\x{8DB3}"
          RenderText {#text} at (444,157) size 14x21
            text run at (444,157) width 21: "\x{306F}\x{7A81}\x{7136}"
          RenderRuby (inline) {RUBY} at (0,0) size 14x8
            RenderRubyRun (anonymous) at (444,178) size 14x8
              RenderRubyText {RT} at (-8,0) size 8x8
                RenderText {#text} at (0,0) size 8x8
                  text run at (0,0) width 8: "\x{3059}\x{308F}"
              RenderRubyBase (anonymous) at (0,0) size 14x8
                RenderInline {RB} at (0,0) size 14x8
                  RenderText {#text} at (0,0) size 14x8
                    text run at (0,0) width 7: "\x{5750}"
          RenderText {#text} at (444,186) size 14x35
            text run at (444,186) width 35: "\x{308A}\x{306E}\x{308F}\x{308B}\x{3044}"
          RenderRuby (inline) {RUBY} at (0,0) size 14x14
            RenderRubyRun (anonymous) at (444,220) size 14x16
              RenderRubyText {RT} at (-8,0) size 8x16
                RenderText {#text} at (0,0) size 8x16
                  text run at (0,0) width 16: "\x{304B}\x{304F}\x{3044}\x{3057}"
              RenderRubyBase (anonymous) at (0,0) size 14x16
                RenderInline {RB} at (0,0) size 14x14
                  RenderText {#text} at (0,1) size 14x14
                    text run at (0,1) width 14: "\x{89D2}\x{77F3}"
          RenderText {#text} at (444,235) size 14x7
            text run at (444,235) width 7: "\x{306E}"
          RenderRuby (inline) {RUBY} at (0,0) size 14x8
            RenderRubyRun (anonymous) at (444,242) size 14x8
              RenderRubyText {RT} at (-8,0) size 8x8
                RenderText {#text} at (0,0) size 8x8
                  text run at (0,0) width 8: "\x{306F}\x{3057}"
              RenderRubyBase (anonymous) at (0,0) size 14x8
                RenderInline {RB} at (0,0) size 14x8
                  RenderText {#text} at (0,0) size 14x8
                    text run at (0,0) width 7: "\x{7AEF}"
          RenderText {#text} at (444,250) size 14x21
            text run at (444,250) width 21: "\x{3092}\x{8E0F}\x{307F}"
          RenderRuby (inline) {RUBY} at (0,0) size 14x7
            RenderRubyRun (anonymous) at (444,271) size 14x7
              RenderRubyText {RT} at (-8,0) size 8x7
                RenderText {#text} at (0,1) size 8x5
                  text run at (0,1) width 4: "\x{305D}"
              RenderRubyBase (anonymous) at (0,0) size 14x7
                RenderInline {RB} at (0,0) size 14x7
                  RenderText {#text} at (0,0) size 14x7
                    text run at (0,0) width 7: "\x{640D}"
          RenderText {#text} at (444,278) size 14x35
            text run at (444,278) width 35: "\x{304F}\x{306A}\x{3063}\x{305F}\x{3002}"
          RenderRuby (inline) {RUBY} at (0,0) size 14x14
            RenderRubyRun (anonymous) at (444,312) size 14x16
              RenderRubyText {RT} at (-8,0) size 8x16
                RenderText {#text} at (0,0) size 8x16
                  text run at (0,0) width 16: "\x{3078}\x{3044}\x{3053}\x{3046}"
              RenderRubyBase (anonymous) at (0,0) size 14x16
                RenderInline {RB} at (0,0) size 14x14
                  RenderText {#text} at (0,1) size 14x14
                    text run at (0,1) width 14: "\x{5E73}\x{8861}"
          RenderText {#text} at (444,327) size 14x126
            text run at (444,327) width 126: "\x{3092}\x{4FDD}\x{3064}\x{305F}\x{3081}\x{306B}\x{3001}\x{3059}\x{308F}\x{3084}\x{3068}\x{524D}\x{306B}\x{98DB}\x{3073}\x{51FA}\x{3057}\x{305F}"
          RenderRuby (inline) {RUBY} at (0,0) size 14x14
            RenderRubyRun (anonymous) at (444,453) size 14x14
              RenderRubyText {RT} at (-8,0) size 8x14
                RenderText {#text} at (0,1) size 8x12
                  text run at (0,1) width 12: "\x{3055}\x{305D}\x{304F}"
              RenderRubyBase (anonymous) at (0,0) size 14x14
                RenderInline {RB} at (0,0) size 14x14
                  RenderText {#text} at (0,0) size 14x14
                    text run at (0,0) width 14: "\x{5DE6}\x{8DB3}"
          RenderText {#text} at (444,467) size 14x14
            text run at (444,467) width 14: "\x{304C}\x{3001}"
          RenderRuby (inline) {RUBY} at (0,0) size 14x14
            RenderRubyRun (anonymous) at (444,481) size 14x14
              RenderRubyText {RT} at (-8,0) size 8x14
                RenderText {#text} at (0,1) size 8x12
                  text run at (0,1) width 12: "\x{3057}\x{305D}\x{3093}"
              RenderRubyBase (anonymous) at (0,0) size 14x14
                RenderInline {RB} at (0,0) size 14x14
                  RenderText {#text} at (0,0) size 14x14
                    text run at (0,0) width 14: "\x{4ED5}\x{640D}"
          RenderText {#text} at (444,495) size 36x502
            text run at (444,495) width 7: "\x{3058}"
            text run at (466,0) width 7: "\x{306E}"
          RenderRuby (inline) {RUBY} at (0,0) size 14x7
            RenderRubyRun (anonymous) at (466,7) size 14x7
              RenderRubyText {RT} at (-8,0) size 8x7
                RenderText {#text} at (0,1) size 8x5
                  text run at (0,1) width 4: "\x{3046}"
              RenderRubyBase (anonymous) at (0,0) size 14x7
                RenderInline {RB} at (0,0) size 14x7
                  RenderText {#text} at (0,0) size 14x7
                    text run at (0,0) width 7: "\x{57CB}"
          RenderText {#text} at (466,14) size 14x7
            text run at (466,14) width 7: "\x{3081}"
          RenderRuby (inline) {RUBY} at (0,0) size 14x8
            RenderRubyRun (anonymous) at (466,21) size 14x8
              RenderRubyText {RT} at (-8,0) size 8x8
                RenderText {#text} at (0,0) size 8x8
                  text run at (0,0) width 8: "\x{3042}\x{308F}"
              RenderRubyBase (anonymous) at (0,0) size 14x8
                RenderInline {RB} at (0,0) size 14x8
                  RenderText {#text} at (0,0) size 14x8
                    text run at (0,0) width 7: "\x{5408}"
          RenderText {#text} at (466,29) size 14x112
            text run at (466,29) width 112: "\x{305B}\x{3092}\x{3059}\x{308B}\x{3068}\x{5171}\x{306B}\x{3001}\x{4F59}\x{306E}\x{8170}\x{306F}\x{5177}\x{5408}\x{3088}\x{304F}"
          RenderRuby (inline) {RUBY} at (0,0) size 14x8
            RenderRubyRun (anonymous) at (466,141) size 14x8
              RenderRubyText {RT} at (-8,0) size 8x8
                RenderText {#text} at (0,0) size 8x8
                  text run at (0,0) width 8: "\x{307B}\x{3046}"
              RenderRubyBase (anonymous) at (0,0) size 14x8
                RenderInline {RB} at (0,0) size 14x8
                  RenderText {#text} at (0,0) size 14x8
                    text run at (0,0) width 7: "\x{65B9}"
          RenderText {#text} at (466,149) size 14x63
            text run at (466,149) width 63: "\x{4E09}\x{5C3A}\x{307B}\x{3069}\x{306A}\x{5CA9}\x{306E}\x{4E0A}\x{306B}"
          RenderRuby (inline) {RUBY} at (0,0) size 14x7
            RenderRubyRun (anonymous) at (466,212) size 14x7
              RenderRubyText {RT} at (-8,0) size 8x7
                RenderText {#text} at (0,1) size 8x5
                  text run at (0,1) width 4: "\x{304A}"
              RenderRubyBase (anonymous) at (0,0) size 14x7
                RenderInline {RB} at (0,0) size 14x7
                  RenderText {#text} at (0,0) size 14x7
                    text run at (0,0) width 7: "\x{5378}"
          RenderText {#text} at (466,219) size 14x91
            text run at (466,219) width 91: "\x{308A}\x{305F}\x{3002}\x{80A9}\x{306B}\x{304B}\x{3051}\x{305F}\x{7D75}\x{306E}\x{5177}\x{7BB1}\x{304C}"
          RenderRuby (inline) {RUBY} at (0,0) size 14x8
            RenderRubyRun (anonymous) at (466,310) size 14x8
              RenderRubyText {RT} at (-8,0) size 8x8
                RenderText {#text} at (0,0) size 8x8
                  text run at (0,0) width 8: "\x{308F}\x{304D}"
              RenderRubyBase (anonymous) at (0,0) size 14x8
                RenderInline {RB} at (0,0) size 14x8
                  RenderText {#text} at (0,0) size 14x8
                    text run at (0,0) width 7: "\x{814B}"
          RenderText {#text} at (466,318) size 14x28
            text run at (466,318) width 28: "\x{306E}\x{4E0B}\x{304B}\x{3089}"
          RenderRuby (inline) {RUBY} at (0,0) size 14x8
            RenderRubyRun (anonymous) at (466,346) size 14x8
              RenderRubyText {RT} at (-8,0) size 8x8
                RenderText {#text} at (0,0) size 8x8
                  text run at (0,0) width 8: "\x{304A}\x{3069}"
              RenderRubyBase (anonymous) at (0,0) size 14x8
                RenderInline {RB} at (0,0) size 14x8
                  RenderText {#text} at (0,0) size 14x8
                    text run at (0,0) width 7: "\x{8E8D}"
          RenderText {#text} at (466,354) size 14x77
            text run at (466,354) width 77: "\x{308A}\x{51FA}\x{3057}\x{305F}\x{3060}\x{3051}\x{3067}\x{3001}\x{5E78}\x{3044}\x{3068}"
          RenderRuby (inline) {RUBY} at (0,0) size 14x8
            RenderRubyRun (anonymous) at (466,431) size 14x8
              RenderRubyText {RT} at (-8,0) size 8x8
                RenderText {#text} at (0,0) size 8x8
                  text run at (0,0) width 8: "\x{306A}\x{3093}"
              RenderRubyBase (anonymous) at (0,0) size 14x8
                RenderInline {RB} at (0,0) size 14x8
                  RenderText {#text} at (0,0) size 14x8
                    text run at (0,0) width 7: "\x{4F55}"
          RenderText {#text} at (466,439) size 14x56
            text run at (466,439) width 56: "\x{306E}\x{4E8B}\x{3082}\x{306A}\x{304B}\x{3063}\x{305F}\x{3002}"
          RenderBR {BR} at (466,495) size 14x0
          RenderText {#text} at (488,0) size 14x105
            text run at (488,0) width 105: "\x{3000}\x{7ACB}\x{3061}\x{4E0A}\x{304C}\x{308B}\x{6642}\x{306B}\x{5411}\x{3046}\x{3092}\x{898B}\x{308B}\x{3068}\x{3001}"
          RenderRuby (inline) {RUBY} at (0,0) size 14x8
            RenderRubyRun (anonymous) at (488,105) size 14x8
              RenderRubyText {RT} at (-8,0) size 8x8
                RenderText {#text} at (0,0) size 8x8
                  text run at (0,0) width 8: "\x{307F}\x{3061}"
              RenderRubyBase (anonymous) at (0,0) size 14x8
                RenderInline {RB} at (0,0) size 14x8
                  RenderText {#text} at (0,0) size 14x8
                    text run at (0,0) width 7: "\x{8DEF}"
          RenderText {#text} at (488,113) size 14x126
            text run at (488,113) width 126: "\x{304B}\x{3089}\x{5DE6}\x{306E}\x{65B9}\x{306B}\x{30D0}\x{30B1}\x{30C4}\x{3092}\x{4F0F}\x{305B}\x{305F}\x{3088}\x{3046}\x{306A}\x{5CF0}\x{304C}"
          RenderRuby (inline) {RUBY} at (0,0) size 14x8
            RenderRubyRun (anonymous) at (488,239) size 14x8
              RenderRubyText {RT} at (-8,0) size 8x8
                RenderText {#text} at (0,0) size 8x8
                  text run at (0,0) width 8: "\x{305D}\x{3073}"
              RenderRubyBase (anonymous) at (0,0) size 14x8
                RenderInline {RB} at (0,0) size 14x8
                  RenderText {#text} at (0,0) size 14x8
                    text run at (0,0) width 7: "\x{8073}"
          RenderText {#text} at (488,247) size 14x49
            text run at (488,247) width 49: "\x{3048}\x{3066}\x{3044}\x{308B}\x{3002}\x{6749}\x{304B}"
          RenderRuby (inline) {RUBY} at (0,0) size 14x8
            RenderRubyRun (anonymous) at (488,294) size 14x12
              RenderRubyText {RT} at (-8,0) size 8x12
                RenderText {#text} at (0,0) size 8x12
                  text run at (0,0) width 12: "\x{3072}\x{306E}\x{304D}"
              RenderRubyBase (anonymous) at (0,0) size 14x12
                RenderInline {RB} at (0,0) size 14x8
                  RenderText {#text} at (0,2) size 14x8
                    text run at (0,2) width 7: "\x{6A9C}"
          RenderText {#text} at (488,304) size 14x49
            text run at (488,304) width 49: "\x{304B}\x{5206}\x{304B}\x{3089}\x{306A}\x{3044}\x{304C}"
          RenderRuby (inline) {RUBY} at (0,0) size 14x14
            RenderRubyRun (anonymous) at (488,353) size 14x14
              RenderRubyText {RT} at (-8,0) size 8x14
                RenderText {#text} at (0,1) size 8x12
                  text run at (0,1) width 12: "\x{306D}\x{3082}\x{3068}"
              RenderRubyBase (anonymous) at (0,0) size 14x14
                RenderInline {RB} at (0,0) size 14x14
                  RenderText {#text} at (0,0) size 14x14
                    text run at (0,0) width 14: "\x{6839}\x{5143}"
          RenderText {#text} at (488,367) size 14x14
            text run at (488,367) width 14: "\x{304B}\x{3089}"
          RenderRuby (inline) {RUBY} at (0,0) size 14x8
            RenderRubyRun (anonymous) at (488,379) size 14x12
              RenderRubyText {RT} at (-8,0) size 8x12
                RenderText {#text} at (0,0) size 8x12
                  text run at (0,0) width 12: "\x{3044}\x{305F}\x{3060}"
              RenderRubyBase (anonymous) at (0,0) size 14x12
                RenderInline {RB} at (0,0) size 14x8
                  RenderText {#text} at (0,2) size 14x8
                    text run at (0,2) width 7: "\x{9802}"
          RenderText {#text} at (488,389) size 14x56
            text run at (488,389) width 56: "\x{304D}\x{307E}\x{3067}\x{3053}\x{3068}\x{3054}\x{3068}\x{304F}"
          RenderRuby (inline) {RUBY} at (0,0) size 14x14
            RenderRubyRun (anonymous) at (488,444) size 14x16
              RenderRubyText {RT} at (-8,0) size 8x16
                RenderText {#text} at (0,0) size 8x16
                  text run at (0,0) width 16: "\x{3042}\x{304A}\x{3050}\x{308D}"
              RenderRubyBase (anonymous) at (0,0) size 14x16
                RenderInline {RB} at (0,0) size 14x14
                  RenderText {#text} at (0,1) size 14x14
                    text run at (0,1) width 14: "\x{84BC}\x{9ED2}"
          RenderText {#text} at (488,459) size 36x501
            text run at (488,459) width 42: "\x{3044}\x{4E2D}\x{306B}\x{3001}\x{5C71}\x{685C}"
            text run at (510,0) width 63: "\x{304C}\x{8584}\x{8D64}\x{304F}\x{3060}\x{3093}\x{3060}\x{3089}\x{306B}"
          RenderRuby (inline) {RUBY} at (0,0) size 14x14
            RenderRubyRun (anonymous) at (510,63) size 14x14
              RenderRubyText {RT} at (-8,0) size 8x14
                RenderText {#text} at (0,1) size 8x12
                  text run at (0,1) width 12: "\x{305F}\x{306A}\x{3073}"
              RenderRubyBase (anonymous) at (0,0) size 14x14
                RenderInline {RB} at (0,0) size 14x14
                  RenderText {#text} at (0,0) size 14x14
                    text run at (0,0) width 14: "\x{68DA}\x{5F15}"
          RenderText {#text} at (510,77) size 14x21
            text run at (510,77) width 21: "\x{3044}\x{3066}\x{3001}"
          RenderRuby (inline) {RUBY} at (0,0) size 14x7
            RenderRubyRun (anonymous) at (510,98) size 14x7
              RenderRubyText {RT} at (-8,0) size 8x7
                RenderText {#text} at (0,1) size 8x5
                  text run at (0,1) width 4: "\x{3064}"
              RenderRubyBase (anonymous) at (0,0) size 14x7
                RenderInline {RB} at (0,0) size 14x7
                  RenderText {#text} at (0,0) size 14x7
                    text run at (0,0) width 7: "\x{7D9A}"
          RenderText {#text} at (510,105) size 14x7
            text run at (510,105) width 7: "\x{304E}"
          RenderRuby (inline) {RUBY} at (0,0) size 14x7
            RenderRubyRun (anonymous) at (510,112) size 14x7
              RenderRubyText {RT} at (-8,0) size 8x7
                RenderText {#text} at (0,1) size 8x5
                  text run at (0,1) width 4: "\x{3081}"
              RenderRubyBase (anonymous) at (0,0) size 14x7
                RenderInline {RB} at (0,0) size 14x7
                  RenderText {#text} at (0,0) size 14x7
                    text run at (0,0) width 7: "\x{76EE}"
          RenderText {#text} at (510,119) size 14x7
            text run at (510,119) width 7: "\x{304C}"
          RenderRuby (inline) {RUBY} at (0,0) size 14x8
            RenderRubyRun (anonymous) at (510,126) size 14x8
              RenderRubyText {RT} at (-8,0) size 8x8
                RenderText {#text} at (0,0) size 8x8
                  text run at (0,0) width 8: "\x{3057}\x{304B}"
              RenderRubyBase (anonymous) at (0,0) size 14x8
                RenderInline {RB} at (0,0) size 14x8
                  RenderText {#text} at (0,0) size 14x8
                    text run at (0,0) width 7: "\x{78BA}"
          RenderText {#text} at (510,134) size 14x49
            text run at (510,134) width 49: "\x{3068}\x{898B}\x{3048}\x{306C}\x{304F}\x{3089}\x{3044}"
          RenderRuby (inline) {RUBY} at (0,0) size 14x8
            RenderRubyRun (anonymous) at (510,183) size 14x8
              RenderRubyText {RT} at (-8,0) size 8x8
                RenderText {#text} at (0,0) size 8x8
                  text run at (0,0) width 8: "\x{3082}\x{3084}"
              RenderRubyBase (anonymous) at (0,0) size 14x8
                RenderInline {RB} at (0,0) size 14x8
                  RenderText {#text} at (0,0) size 14x8
                    text run at (0,0) width 7: "\x{9744}"
          RenderText {#text} at (510,191) size 14x63
            text run at (510,191) width 63: "\x{304C}\x{6FC3}\x{3044}\x{3002}\x{5C11}\x{3057}\x{624B}\x{524D}\x{306B}"
          RenderRuby (inline) {RUBY} at (0,0) size 14x14
            RenderRubyRun (anonymous) at (510,253) size 14x16
              RenderRubyText {RT} at (-8,0) size 8x16
                RenderText {#text} at (0,0) size 8x16
                  text run at (0,0) width 16: "\x{306F}\x{3052}\x{3084}\x{307E}"
              RenderRubyBase (anonymous) at (0,0) size 14x16
                RenderInline {RB} at (0,0) size 14x14
                  RenderText {#text} at (0,1) size 14x14
                    text run at (0,1) width 14: "\x{79BF}\x{5C71}"
          RenderText {#text} at (510,268) size 14x28
            text run at (510,268) width 28: "\x{304C}\x{4E00}\x{3064}\x{3001}"
          RenderRuby (inline) {RUBY} at (0,0) size 14x8
            RenderRubyRun (anonymous) at (510,296) size 14x8
              RenderRubyText {RT} at (-8,0) size 8x8
                RenderText {#text} at (0,0) size 8x8
                  text run at (0,0) width 8: "\x{3050}\x{3093}"
              RenderRubyBase (anonymous) at (0,0) size 14x8
                RenderInline {RB} at (0,0) size 14x8
                  RenderText {#text} at (0,0) size 14x8
                    text run at (0,0) width 7: "\x{7FA4}"
          RenderText {#text} at (510,304) size 14x42
            text run at (510,304) width 42: "\x{3092}\x{306C}\x{304D}\x{3093}\x{3067}\x{3066}"
          RenderRuby (inline) {RUBY} at (0,0) size 14x8
            RenderRubyRun (anonymous) at (510,346) size 14x8
              RenderRubyText {RT} at (-8,0) size 8x8
                RenderText {#text} at (0,0) size 8x8
                  text run at (0,0) width 8: "\x{307E}\x{3086}"
              RenderRubyBase (anonymous) at (0,0) size 14x8
                RenderInline {RB} at (0,0) size 14x8
                  RenderText {#text} at (0,0) size 14x8
                    text run at (0,0) width 7: "\x{7709}"
          RenderText {#text} at (510,354) size 14x7
            text run at (510,354) width 7: "\x{306B}"
          RenderRuby (inline) {RUBY} at (0,0) size 14x8
            RenderRubyRun (anonymous) at (510,361) size 14x8
              RenderRubyText {RT} at (-8,0) size 8x8
                RenderText {#text} at (0,0) size 8x8
                  text run at (0,0) width 8: "\x{305B}\x{307E}"
              RenderRubyBase (anonymous) at (0,0) size 14x8
                RenderInline {RB} at (0,0) size 14x8
                  RenderText {#text} at (0,0) size 14x8
                    text run at (0,0) width 7: "\x{903C}"
          RenderText {#text} at (510,369) size 14x14
            text run at (510,369) width 14: "\x{308B}\x{3002}"
          RenderRuby (inline) {RUBY} at (0,0) size 14x7
            RenderRubyRun (anonymous) at (510,383) size 14x7
              RenderRubyText {RT} at (-8,0) size 8x7
                RenderText {#text} at (0,1) size 8x5
                  text run at (0,1) width 4: "\x{306F}"
              RenderRubyBase (anonymous) at (0,0) size 14x7
                RenderInline {RB} at (0,0) size 14x7
                  RenderText {#text} at (0,0) size 14x7
                    text run at (0,0) width 7: "\x{79BF}"
          RenderText {#text} at (510,390) size 14x56
            text run at (510,390) width 56: "\x{3052}\x{305F}\x{5074}\x{9762}\x{306F}\x{5DE8}\x{4EBA}\x{306E}"
          RenderRuby (inline) {RUBY} at (0,0) size 14x8
            RenderRubyRun (anonymous) at (510,446) size 14x8
              RenderRubyText {RT} at (-8,0) size 8x8
                RenderText {#text} at (0,0) size 8x8
                  text run at (0,0) width 8: "\x{304A}\x{306E}"
              RenderRubyBase (anonymous) at (0,0) size 14x8
                RenderInline {RB} at (0,0) size 14x8
                  RenderText {#text} at (0,0) size 14x8
                    text run at (0,0) width 7: "\x{65A7}"
          RenderText {#text} at (510,454) size 14x7
            text run at (510,454) width 7: "\x{3067}"
          RenderRuby (inline) {RUBY} at (0,0) size 14x8
            RenderRubyRun (anonymous) at (510,461) size 14x8
              RenderRubyText {RT} at (-8,0) size 8x8
                RenderText {#text} at (0,0) size 8x8
                  text run at (0,0) width 8: "\x{3051}\x{305A}"
              RenderRubyBase (anonymous) at (0,0) size 14x8
                RenderInline {RB} at (0,0) size 14x8
                  RenderText {#text} at (0,0) size 14x8
                    text run at (0,0) width 7: "\x{524A}"
          RenderText {#text} at (510,469) size 36x497
            text run at (510,469) width 28: "\x{308A}\x{53BB}\x{3063}\x{305F}"
            text run at (532,0) width 105: "\x{304B}\x{3001}\x{92ED}\x{3069}\x{304D}\x{5E73}\x{9762}\x{3092}\x{3084}\x{3051}\x{306B}\x{8C37}\x{306E}\x{5E95}\x{306B}"
          RenderRuby (inline) {RUBY} at (0,0) size 14x8
            RenderRubyRun (anonymous) at (532,105) size 14x8
              RenderRubyText {RT} at (-8,0) size 8x8
                RenderText {#text} at (0,0) size 8x8
                  text run at (0,0) width 8: "\x{3046}\x{305A}"
              RenderRubyBase (anonymous) at (0,0) size 14x8
                RenderInline {RB} at (0,0) size 14x8
                  RenderText {#text} at (0,0) size 14x8
                    text run at (0,0) width 7: "\x{57CB}"
          RenderText {#text} at (532,113) size 14x35
            text run at (532,113) width 35: "\x{3081}\x{3066}\x{3044}\x{308B}\x{3002}"
          RenderRuby (inline) {RUBY} at (0,0) size 14x14
            RenderRubyRun (anonymous) at (532,147) size 14x16
              RenderRubyText {RT} at (-8,0) size 8x16
                RenderText {#text} at (0,0) size 8x16
                  text run at (0,0) width 16: "\x{3066}\x{3063}\x{307A}\x{3093}"
              RenderRubyBase (anonymous) at (0,0) size 14x16
                RenderInline {RB} at (0,0) size 14x14
                  RenderText {#text} at (0,1) size 14x14
                    text run at (0,1) width 14: "\x{5929}\x{8FBA}"
          RenderText {#text} at (532,162) size 14x147
            text run at (532,162) width 147: "\x{306B}\x{4E00}\x{672C}\x{898B}\x{3048}\x{308B}\x{306E}\x{306F}\x{8D64}\x{677E}\x{3060}\x{308D}\x{3046}\x{3002}\x{679D}\x{306E}\x{9593}\x{306E}\x{7A7A}\x{3055}\x{3048}"
          RenderRuby (inline) {RUBY} at (0,0) size 14x14
            RenderRubyRun (anonymous) at (532,308) size 14x16
              RenderRubyText {RT} at (-8,0) size 8x16
                RenderText {#text} at (0,0) size 8x16
                  text run at (0,0) width 16: "\x{306F}\x{3063}\x{304D}\x{308A}"
              RenderRubyBase (anonymous) at (0,0) size 14x16
                RenderInline {RB} at (0,0) size 14x14
                  RenderText {#text} at (0,1) size 14x14
                    text run at (0,1) width 14: "\x{5224}\x{7136}"
          RenderText {#text} at (532,323) size 36x498
            text run at (532,323) width 175: "\x{3057}\x{3066}\x{3044}\x{308B}\x{3002}\x{884C}\x{304F}\x{624B}\x{306F}\x{4E8C}\x{4E01}\x{307B}\x{3069}\x{3067}\x{5207}\x{308C}\x{3066}\x{3044}\x{308B}\x{304C}\x{3001}\x{9AD8}\x{3044}\x{6240}\x{304B}"
            text run at (554,0) width 21: "\x{3089}\x{8D64}\x{3044}"
          RenderRuby (inline) {RUBY} at (0,0) size 14x14
            RenderRubyRun (anonymous) at (554,21) size 14x14
              RenderRubyText {RT} at (-8,0) size 8x14
                RenderText {#text} at (0,1) size 8x12
                  text run at (0,1) width 12: "\x{3051}\x{3063}\x{3068}"
              RenderRubyBase (anonymous) at (0,0) size 14x14
                RenderInline {RB} at (0,0) size 14x14
                  RenderText {#text} at (0,0) size 14x14
                    text run at (0,0) width 14: "\x{6BDB}\x{5E03}"
          RenderText {#text} at (554,35) size 14x224
            text run at (554,35) width 224: "\x{304C}\x{52D5}\x{3044}\x{3066}\x{6765}\x{308B}\x{306E}\x{3092}\x{898B}\x{308B}\x{3068}\x{3001}\x{767B}\x{308C}\x{3070}\x{3042}\x{3059}\x{3053}\x{3078}\x{51FA}\x{308B}\x{306E}\x{3060}\x{308D}\x{3046}\x{3002}\x{8DEF}\x{306F}\x{3059}\x{3053}\x{3076}\x{308B}"
          RenderRuby (inline) {RUBY} at (0,0) size 14x14
            RenderRubyRun (anonymous) at (554,259) size 14x14
              RenderRubyText {RT} at (-8,0) size 8x14
                RenderText {#text} at (0,1) size 8x12
                  text run at (0,1) width 12: "\x{306A}\x{3093}\x{304E}"
              RenderRubyBase (anonymous) at (0,0) size 14x14
                RenderInline {RB} at (0,0) size 14x14
                  RenderText {#text} at (0,0) size 14x14
                    text run at (0,0) width 14: "\x{96E3}\x{7FA9}"
          RenderText {#text} at (554,273) size 14x14
            text run at (554,273) width 14: "\x{3060}\x{3002}"
          RenderBR {BR} at (554,287) size 14x0
          RenderText {#text} at (576,0) size 14x91
            text run at (576,0) width 91: "\x{3000}\x{571F}\x{3092}\x{306A}\x{3089}\x{3059}\x{3060}\x{3051}\x{306A}\x{3089}\x{3055}\x{307B}\x{3069}"
          RenderRuby (inline) {RUBY} at (0,0) size 14x14
            RenderRubyRun (anonymous) at (576,91) size 14x14
              RenderRubyText {RT} at (-8,0) size 8x14
                RenderText {#text} at (0,3) size 8x8
                  text run at (0,3) width 8: "\x{3066}\x{307E}"
              RenderRubyBase (anonymous) at (0,0) size 14x14
                RenderInline {RB} at (0,0) size 14x14
                  RenderText {#text} at (0,0) size 14x14
                    text run at (0,0) width 14: "\x{624B}\x{9593}"
          RenderText {#text} at (576,105) size 14x7
            text run at (576,105) width 7: "\x{3082}"
          RenderRuby (inline) {RUBY} at (0,0) size 14x7
            RenderRubyRun (anonymous) at (576,112) size 14x7
              RenderRubyText {RT} at (-8,0) size 8x7
                RenderText {#text} at (0,1) size 8x5
                  text run at (0,1) width 4: "\x{3044}"
              RenderRubyBase (anonymous) at (0,0) size 14x7
                RenderInline {RB} at (0,0) size 14x7
                  RenderText {#text} at (0,0) size 14x7
                    text run at (0,0) width 7: "\x{5165}"
          RenderText {#text} at (576,119) size 14x140
            text run at (576,119) width 140: "\x{308B}\x{307E}\x{3044}\x{304C}\x{3001}\x{571F}\x{306E}\x{4E2D}\x{306B}\x{306F}\x{5927}\x{304D}\x{306A}\x{77F3}\x{304C}\x{3042}\x{308B}\x{3002}\x{571F}\x{306F}"
          RenderRuby (inline) {RUBY} at (0,0) size 14x8
            RenderRubyRun (anonymous) at (576,259) size 14x8
              RenderRubyText {RT} at (-8,0) size 8x8
                RenderText {#text} at (0,0) size 8x8
                  text run at (0,0) width 8: "\x{305F}\x{3044}"
              RenderRubyBase (anonymous) at (0,0) size 14x8
                RenderInline {RB} at (0,0) size 14x8
                  RenderText {#text} at (0,0) size 14x8
                    text run at (0,0) width 7: "\x{5E73}"
          RenderText {#text} at (576,267) size 14x224
            text run at (576,267) width 224: "\x{3089}\x{306B}\x{3057}\x{3066}\x{3082}\x{77F3}\x{306F}\x{5E73}\x{3089}\x{306B}\x{306A}\x{3089}\x{306C}\x{3002}\x{77F3}\x{306F}\x{5207}\x{308A}\x{7815}\x{3044}\x{3066}\x{3082}\x{3001}\x{5CA9}\x{306F}\x{59CB}\x{672B}\x{304C}\x{3064}\x{304B}\x{306C}\x{3002}"
          RenderRuby (inline) {RUBY} at (0,0) size 14x15
            RenderRubyRun (anonymous) at (598,0) size 14x16
              RenderRubyText {RT} at (-8,0) size 8x16
                RenderText {#text} at (0,0) size 8x16
                  text run at (0,0) width 16: "\x{307B}\x{308A}\x{304F}\x{305A}"
              RenderRubyBase (anonymous) at (0,0) size 14x16
                RenderInline {RB} at (0,0) size 14x14
                  RenderText {#text} at (0,1) size 14x14
                    text run at (0,1) width 14: "\x{6398}\x{5D29}"
          RenderText {#text} at (598,15) size 14x42
            text run at (598,15) width 42: "\x{3057}\x{305F}\x{571F}\x{306E}\x{4E0A}\x{306B}"
          RenderRuby (inline) {RUBY} at (0,0) size 14x14
            RenderRubyRun (anonymous) at (598,56) size 14x16
              RenderRubyText {RT} at (-8,0) size 8x16
                RenderText {#text} at (0,0) size 8x16
                  text run at (0,0) width 16: "\x{3086}\x{3046}\x{305C}\x{3093}"
              RenderRubyBase (anonymous) at (0,0) size 14x16
                RenderInline {RB} at (0,0) size 14x14
                  RenderText {#text} at (0,1) size 14x14
                    text run at (0,1) width 14: "\x{60A0}\x{7136}"
          RenderText {#text} at (598,71) size 14x7
            text run at (598,71) width 7: "\x{3068}"
          RenderRuby (inline) {RUBY} at (0,0) size 14x8
            RenderRubyRun (anonymous) at (598,76) size 14x12
              RenderRubyText {RT} at (-8,0) size 8x12
                RenderText {#text} at (0,0) size 8x12
                  text run at (0,0) width 12: "\x{305D}\x{3070}\x{3060}"
              RenderRubyBase (anonymous) at (0,0) size 14x12
                RenderInline {RB} at (0,0) size 14x8
                  RenderText {#text} at (0,2) size 14x8
                    text run at (0,2) width 7: "\x{5CD9}"
          RenderText {#text} at (598,86) size 14x91
            text run at (598,86) width 91: "\x{3063}\x{3066}\x{3001}\x{543E}\x{3089}\x{306E}\x{305F}\x{3081}\x{306B}\x{9053}\x{3092}\x{8B72}\x{308B}"
          RenderRuby (inline) {RUBY} at (0,0) size 14x14
            RenderRubyRun (anonymous) at (598,177) size 14x14
              RenderRubyText {RT} at (-8,0) size 8x14
                RenderText {#text} at (0,1) size 8x12
                  text run at (0,1) width 12: "\x{3051}\x{3057}\x{304D}"
              RenderRubyBase (anonymous) at (0,0) size 14x14
                RenderInline {RB} at (0,0) size 14x14
                  RenderText {#text} at (0,0) size 14x14
                    text run at (0,0) width 14: "\x{666F}\x{8272}"
          RenderText {#text} at (598,191) size 14x196
            text run at (598,191) width 196: "\x{306F}\x{306A}\x{3044}\x{3002}\x{5411}\x{3046}\x{3067}\x{805E}\x{304B}\x{306C}\x{4E0A}\x{306F}\x{4E57}\x{308A}\x{8D8A}\x{3059}\x{304B}\x{3001}\x{5EFB}\x{3089}\x{306A}\x{3051}\x{308C}\x{3070}\x{306A}\x{3089}\x{3093}\x{3002}"
          RenderRuby (inline) {RUBY} at (0,0) size 14x8
            RenderRubyRun (anonymous) at (598,387) size 14x8
              RenderRubyText {RT} at (-8,0) size 8x8
                RenderText {#text} at (0,0) size 8x8
                  text run at (0,0) width 8: "\x{3044}\x{308F}"
              RenderRubyBase (anonymous) at (0,0) size 14x8
                RenderInline {RB} at (0,0) size 14x8
                  RenderText {#text} at (0,0) size 14x8
                    text run at (0,0) width 7: "\x{5DCC}"
          RenderText {#text} at (598,395) size 14x49
            text run at (598,395) width 49: "\x{306E}\x{306A}\x{3044}\x{6240}\x{3067}\x{3055}\x{3048}"
          RenderRuby (inline) {RUBY} at (0,0) size 14x7
            RenderRubyRun (anonymous) at (598,444) size 14x7
              RenderRubyText {RT} at (-8,0) size 8x7
                RenderText {#text} at (0,1) size 8x5
                  text run at (0,1) width 4: "\x{3042}"
              RenderRubyBase (anonymous) at (0,0) size 14x7
                RenderInline {RB} at (0,0) size 14x7
                  RenderText {#text} at (0,0) size 14x7
                    text run at (0,0) width 7: "\x{6B69}"
          RenderText {#text} at (598,451) size 36x493
            text run at (598,451) width 42: "\x{308B}\x{304D}\x{3088}\x{304F}\x{306F}\x{306A}"
            text run at (620,0) width 91: "\x{3044}\x{3002}\x{5DE6}\x{53F3}\x{304C}\x{9AD8}\x{304F}\x{3063}\x{3066}\x{3001}\x{4E2D}\x{5FC3}\x{304C}"
          RenderRuby (inline) {RUBY} at (0,0) size 14x8
            RenderRubyRun (anonymous) at (620,91) size 14x8
              RenderRubyText {RT} at (-8,0) size 8x8
                RenderText {#text} at (0,0) size 8x8
                  text run at (0,0) width 8: "\x{304F}\x{307C}"
              RenderRubyBase (anonymous) at (0,0) size 14x8
                RenderInline {RB} at (0,0) size 14x8
                  RenderText {#text} at (0,0) size 14x8
                    text run at (0,0) width 7: "\x{7AAA}"
          RenderText {#text} at (620,99) size 14x56
            text run at (620,99) width 56: "\x{3093}\x{3067}\x{3001}\x{307E}\x{308B}\x{3067}\x{4E00}\x{9593}"
          RenderRuby (inline) {RUBY} at (0,0) size 14x8
            RenderRubyRun (anonymous) at (620,155) size 14x8
              RenderRubyText {RT} at (-8,0) size 8x8
                RenderText {#text} at (0,0) size 8x8
                  text run at (0,0) width 8: "\x{306F}\x{3070}"
              RenderRubyBase (anonymous) at (0,0) size 14x8
                RenderInline {RB} at (0,0) size 14x8
                  RenderText {#text} at (0,0) size 14x8
                    text run at (0,0) width 7: "\x{5E45}"
          RenderText {#text} at (620,163) size 14x28
            text run at (620,163) width 28: "\x{3092}\x{4E09}\x{89D2}\x{306B}"
          RenderRuby (inline) {RUBY} at (0,0) size 14x7
            RenderRubyRun (anonymous) at (620,191) size 14x7
              RenderRubyText {RT} at (-8,0) size 8x7
                RenderText {#text} at (0,1) size 8x5
                  text run at (0,1) width 4: "\x{304F}"
              RenderRubyBase (anonymous) at (0,0) size 14x7
                RenderInline {RB} at (0,0) size 14x7
                  RenderText {#text} at (0,0) size 14x7
                    text run at (0,0) width 7: "\x{7A7F}"
          RenderText {#text} at (620,198) size 14x56
            text run at (620,198) width 56: "\x{3063}\x{3066}\x{3001}\x{305D}\x{306E}\x{9802}\x{70B9}\x{304C}"
          RenderRuby (inline) {RUBY} at (0,0) size 14x14
            RenderRubyRun (anonymous) at (620,253) size 14x16
              RenderRubyText {RT} at (-8,0) size 8x16
                RenderText {#text} at (0,0) size 8x16
                  text run at (0,0) width 16: "\x{307E}\x{3093}\x{306A}\x{304B}"
              RenderRubyBase (anonymous) at (0,0) size 14x16
                RenderInline {RB} at (0,0) size 14x14
                  RenderText {#text} at (0,1) size 14x14
                    text run at (0,1) width 14: "\x{771F}\x{4E2D}"
          RenderText {#text} at (620,268) size 14x7
            text run at (620,268) width 7: "\x{3092}"
          RenderRuby (inline) {RUBY} at (0,0) size 14x8
            RenderRubyRun (anonymous) at (620,273) size 14x12
              RenderRubyText {RT} at (-8,0) size 8x12
                RenderText {#text} at (0,0) size 8x12
                  text run at (0,0) width 12: "\x{3064}\x{3089}\x{306C}"
              RenderRubyBase (anonymous) at (0,0) size 14x12
                RenderInline {RB} at (0,0) size 14x8
                  RenderText {#text} at (0,2) size 14x8
                    text run at (0,2) width 7: "\x{8CAB}"
          RenderText {#text} at (620,283) size 14x175
            text run at (620,283) width 175: "\x{3044}\x{3066}\x{3044}\x{308B}\x{3068}\x{8A55}\x{3057}\x{3066}\x{3082}\x{3088}\x{3044}\x{3002}\x{8DEF}\x{3092}\x{884C}\x{304F}\x{3068}\x{4E91}\x{308F}\x{3093}\x{3088}\x{308A}\x{5DDD}\x{5E95}\x{3092}"
          RenderRuby (inline) {RUBY} at (0,0) size 14x8
            RenderRubyRun (anonymous) at (620,458) size 14x8
              RenderRubyText {RT} at (-8,0) size 8x8
                RenderText {#text} at (0,0) size 8x8
                  text run at (0,0) width 8: "\x{308F}\x{305F}"
              RenderRubyBase (anonymous) at (0,0) size 14x8
                RenderInline {RB} at (0,0) size 14x8
                  RenderText {#text} at (0,0) size 14x8
                    text run at (0,0) width 7: "\x{6E09}"
          RenderText {#text} at (620,466) size 36x501
            text run at (620,466) width 35: "\x{308B}\x{3068}\x{4E91}\x{3046}\x{65B9}"
            text run at (642,0) width 35: "\x{304C}\x{9069}\x{5F53}\x{3060}\x{3002}"
          RenderRuby (inline) {RUBY} at (0,0) size 14x8
            RenderRubyRun (anonymous) at (642,35) size 14x8
              RenderRubyText {RT} at (-8,0) size 8x8
                RenderText {#text} at (0,0) size 8x8
                  text run at (0,0) width 8: "\x{3082}\x{3068}"
              RenderRubyBase (anonymous) at (0,0) size 14x8
                RenderInline {RB} at (0,0) size 14x8
                  RenderText {#text} at (0,0) size 14x8
                    text run at (0,0) width 7: "\x{56FA}"
          RenderText {#text} at (642,43) size 14x112
            text run at (642,43) width 112: "\x{3088}\x{308A}\x{6025}\x{3050}\x{65C5}\x{3067}\x{306A}\x{3044}\x{304B}\x{3089}\x{3001}\x{3076}\x{3089}\x{3076}\x{3089}\x{3068}"
          RenderRuby (inline) {RUBY} at (0,0) size 14x14
            RenderRubyRun (anonymous) at (642,154) size 14x16
              RenderRubyText {RT} at (-8,0) size 8x16
                RenderText {#text} at (0,0) size 8x16
                  text run at (0,0) width 16: "\x{306A}\x{306A}\x{307E}\x{304C}"
              RenderRubyBase (anonymous) at (0,0) size 14x16
                RenderInline {RB} at (0,0) size 14x14
                  RenderText {#text} at (0,1) size 14x14
                    text run at (0,1) width 14: "\x{4E03}\x{66F2}"
          RenderText {#text} at (642,169) size 14x42
            text run at (642,169) width 42: "\x{308A}\x{3078}\x{304B}\x{304B}\x{308B}\x{3002}"
          RenderBR {BR} at (642,211) size 14x0
          RenderText {#text} at (664,0) size 14x63
            text run at (664,0) width 63: "\x{3000}\x{305F}\x{3061}\x{307E}\x{3061}\x{8DB3}\x{306E}\x{4E0B}\x{3067}"
          RenderRuby (inline) {RUBY} at (0,0) size 14x14
            RenderRubyRun (anonymous) at (664,63) size 14x14
              RenderRubyText {RT} at (-8,0) size 8x14
                RenderText {#text} at (0,1) size 8x12
                  text run at (0,1) width 12: "\x{3072}\x{3070}\x{308A}"
              RenderRubyBase (anonymous) at (0,0) size 14x14
                RenderInline {RB} at (0,0) size 14x14
                  RenderText {#text} at (0,0) size 14x14
                    text run at (0,0) width 14: "\x{96F2}\x{96C0}"
          RenderText {#text} at (664,77) size 14x70
            text run at (664,77) width 70: "\x{306E}\x{58F0}\x{304C}\x{3057}\x{51FA}\x{3057}\x{305F}\x{3002}\x{8C37}\x{3092}"
          RenderRuby (inline) {RUBY} at (0,0) size 14x14
            RenderRubyRun (anonymous) at (664,147) size 14x14
              RenderRubyText {RT} at (-8,0) size 8x14
                RenderText {#text} at (0,1) size 8x12
                  text run at (0,1) width 12: "\x{307F}\x{304A}\x{308D}"
              RenderRubyBase (anonymous) at (0,0) size 14x14
                RenderInline {RB} at (0,0) size 14x14
                  RenderText {#text} at (0,0) size 14x14
                    text run at (0,0) width 14: "\x{898B}\x{4E0B}"
          RenderText {#text} at (664,161) size 14x266
            text run at (664,161) width 266: "\x{3057}\x{305F}\x{304C}\x{3001}\x{3069}\x{3053}\x{3067}\x{9CF4}\x{3044}\x{3066}\x{308B}\x{304B}\x{5F71}\x{3082}\x{5F62}\x{3082}\x{898B}\x{3048}\x{306C}\x{3002}\x{305F}\x{3060}\x{58F0}\x{3060}\x{3051}\x{304C}\x{660E}\x{3089}\x{304B}\x{306B}\x{805E}\x{3048}\x{308B}\x{3002}\x{305B}\x{3063}\x{305B}\x{3068}"
          RenderRuby (inline) {RUBY} at (0,0) size 14x8
            RenderRubyRun (anonymous) at (664,427) size 14x8
              RenderRubyText {RT} at (-8,0) size 8x8
                RenderText {#text} at (0,0) size 8x8
                  text run at (0,0) width 8: "\x{305B}\x{308F}"
              RenderRubyBase (anonymous) at (0,0) size 14x8
                RenderInline {RB} at (0,0) size 14x8
                  RenderText {#text} at (0,0) size 14x8
                    text run at (0,0) width 7: "\x{5FD9}"
          RenderText {#text} at (664,435) size 14x21
            text run at (664,435) width 21: "\x{3057}\x{304F}\x{3001}"
          RenderRuby (inline) {RUBY} at (0,0) size 14x14
            RenderRubyRun (anonymous) at (664,456) size 14x14
              RenderRubyText {RT} at (-8,0) size 8x14
                RenderText {#text} at (0,1) size 8x12
                  text run at (0,1) width 12: "\x{305F}\x{3048}\x{307E}"
              RenderRubyBase (anonymous) at (0,0) size 14x14
                RenderInline {RB} at (0,0) size 14x14
                  RenderText {#text} at (0,0) size 14x14
                    text run at (0,0) width 14: "\x{7D76}\x{9593}"
          RenderText {#text} at (664,470) size 36x498
            text run at (664,470) width 28: "\x{306A}\x{304F}\x{9CF4}\x{3044}"
            text run at (686,0) width 28: "\x{3066}\x{3044}\x{308B}\x{3002}"
          RenderRuby (inline) {RUBY} at (0,0) size 14x21
            RenderRubyRun (anonymous) at (686,28) size 14x21
              RenderRubyText {RT} at (-8,0) size 8x21
                RenderText {#text} at (0,0) size 8x21
                  text run at (0,0) width 20: "\x{307B}\x{3046}\x{3044}\x{304F}\x{308A}"
              RenderRubyBase (anonymous) at (0,0) size 14x21
                RenderInline {RB} at (0,0) size 14x21
                  RenderText {#text} at (0,0) size 14x21
                    text run at (0,0) width 21: "\x{65B9}\x{5E7E}\x{91CC}"
          RenderText {#text} at (686,49) size 14x49
            text run at (686,49) width 49: "\x{306E}\x{7A7A}\x{6C17}\x{304C}\x{4E00}\x{9762}\x{306B}"
          RenderRuby (inline) {RUBY} at (0,0) size 14x8
            RenderRubyRun (anonymous) at (686,98) size 14x8
              RenderRubyText {RT} at (-8,0) size 8x8
                RenderText {#text} at (0,0) size 8x8
                  text run at (0,0) width 8: "\x{306E}\x{307F}"
              RenderRubyBase (anonymous) at (0,0) size 14x8
                RenderInline {RB} at (0,0) size 14x8
                  RenderText {#text} at (0,0) size 14x8
                    text run at (0,0) width 7: "\x{86A4}"
          RenderText {#text} at (686,106) size 14x182
            text run at (686,106) width 182: "\x{306B}\x{523A}\x{3055}\x{308C}\x{3066}\x{3044}\x{305F}\x{305F}\x{307E}\x{308C}\x{306A}\x{3044}\x{3088}\x{3046}\x{306A}\x{6C17}\x{304C}\x{3059}\x{308B}\x{3002}\x{3042}\x{306E}\x{9CE5}\x{306E}\x{9CF4}\x{304F}"
          RenderRuby (inline) {RUBY} at (0,0) size 14x7
            RenderRubyRun (anonymous) at (686,288) size 14x7
              RenderRubyText {RT} at (-8,0) size 8x7
                RenderText {#text} at (0,1) size 8x5
                  text run at (0,1) width 4: "\x{306D}"
              RenderRubyBase (anonymous) at (0,0) size 14x7
                RenderInline {RB} at (0,0) size 14x7
                  RenderText {#text} at (0,0) size 14x7
                    text run at (0,0) width 7: "\x{97F3}"
          RenderText {#text} at (686,295) size 28x498
            text run at (686,295) width 203: "\x{306B}\x{306F}\x{77AC}\x{6642}\x{306E}\x{4F59}\x{88D5}\x{3082}\x{306A}\x{3044}\x{3002}\x{306E}\x{3069}\x{304B}\x{306A}\x{6625}\x{306E}\x{65E5}\x{3092}\x{9CF4}\x{304D}\x{5C3D}\x{304F}\x{3057}\x{3001}\x{9CF4}\x{304D}\x{3042}\x{304B}"
            text run at (700,0) width 497: "\x{3057}\x{3001}\x{307E}\x{305F}\x{9CF4}\x{304D}\x{66AE}\x{3089}\x{3055}\x{306A}\x{3051}\x{308C}\x{3070}\x{6C17}\x{304C}\x{6E08}\x{307E}\x{3093}\x{3068}\x{898B}\x{3048}\x{308B}\x{3002}\x{305D}\x{306E}\x{4E0A}\x{3069}\x{3053}\x{307E}\x{3067}\x{3082}\x{767B}\x{3063}\x{3066}\x{884C}\x{304F}\x{3001}\x{3044}\x{3064}\x{307E}\x{3067}\x{3082}\x{767B}\x{3063}\x{3066}\x{884C}\x{304F}\x{3002}\x{96F2}\x{96C0}\x{306F}\x{304D}\x{3063}\x{3068}\x{96F2}\x{306E}\x{4E2D}\x{3067}\x{6B7B}\x{306C}\x{306B}\x{76F8}\x{9055}\x{306A}\x{3044}\x{3002}\x{767B}\x{308A}\x{8A70}\x{3081}\x{305F}"
          RenderRuby (inline) {RUBY} at (0,0) size 14x14
            RenderRubyRun (anonymous) at (722,0) size 14x14
              RenderRubyText {RT} at (-8,0) size 8x14
                RenderText {#text} at (0,1) size 8x12
                  text run at (0,1) width 12: "\x{3042}\x{3052}\x{304F}"
              RenderRubyBase (anonymous) at (0,0) size 14x14
                RenderInline {RB} at (0,0) size 14x14
                  RenderText {#text} at (0,0) size 14x14
                    text run at (0,0) width 14: "\x{63DA}\x{53E5}"
          RenderText {#text} at (722,14) size 14x49
            text run at (722,14) width 49: "\x{306F}\x{3001}\x{6D41}\x{308C}\x{3066}\x{96F2}\x{306B}"
          RenderRuby (inline) {RUBY} at (0,0) size 14x7
            RenderRubyRun (anonymous) at (722,63) size 14x7
              RenderRubyText {RT} at (-8,0) size 8x7
                RenderText {#text} at (0,1) size 8x5
                  text run at (0,1) width 4: "\x{3044}"
              RenderRubyBase (anonymous) at (0,0) size 14x7
                RenderInline {RB} at (0,0) size 14x7
                  RenderText {#text} at (0,0) size 14x7
                    text run at (0,0) width 7: "\x{5165}"
          RenderText {#text} at (722,70) size 14x21
            text run at (722,70) width 21: "\x{3063}\x{3066}\x{3001}"
          RenderRuby (inline) {RUBY} at (0,0) size 14x8
            RenderRubyRun (anonymous) at (722,89) size 14x12
              RenderRubyText {RT} at (-8,0) size 8x12
                RenderText {#text} at (0,0) size 8x12
                  text run at (0,0) width 12: "\x{305F}\x{3060}\x{3088}"
              RenderRubyBase (anonymous) at (0,0) size 14x12
                RenderInline {RB} at (0,0) size 14x8
                  RenderText {#text} at (0,2) size 14x8
                    text run at (0,2) width 7: "\x{6F02}"
          RenderText {#text} at (722,99) size 14x182
            text run at (722,99) width 182: "\x{3046}\x{3066}\x{3044}\x{308B}\x{3046}\x{3061}\x{306B}\x{5F62}\x{306F}\x{6D88}\x{3048}\x{3066}\x{306A}\x{304F}\x{306A}\x{3063}\x{3066}\x{3001}\x{305F}\x{3060}\x{58F0}\x{3060}\x{3051}\x{304C}\x{7A7A}\x{306E}"
          RenderRuby (inline) {RUBY} at (0,0) size 14x8
            RenderRubyRun (anonymous) at (722,281) size 14x8
              RenderRubyText {RT} at (-8,0) size 8x8
                RenderText {#text} at (0,0) size 8x8
                  text run at (0,0) width 8: "\x{3046}\x{3061}"
              RenderRubyBase (anonymous) at (0,0) size 14x8
                RenderInline {RB} at (0,0) size 14x8
                  RenderText {#text} at (0,0) size 14x8
                    text run at (0,0) width 7: "\x{88E1}"
          RenderText {#text} at (722,289) size 14x77
            text run at (722,289) width 77: "\x{306B}\x{6B8B}\x{308B}\x{306E}\x{304B}\x{3082}\x{77E5}\x{308C}\x{306A}\x{3044}\x{3002}"
          RenderBR {BR} at (722,366) size 14x0
          RenderText {#text} at (744,0) size 14x7
            text run at (744,0) width 7: "\x{3000}"
          RenderRuby (inline) {RUBY} at (0,0) size 14x14
            RenderRubyRun (anonymous) at (744,6) size 14x16
              RenderRubyText {RT} at (-8,0) size 8x16
                RenderText {#text} at (0,0) size 8x16
                  text run at (0,0) width 16: "\x{3044}\x{308F}\x{304B}\x{3069}"
              RenderRubyBase (anonymous) at (0,0) size 14x16
                RenderInline {RB} at (0,0) size 14x14
                  RenderText {#text} at (0,1) size 14x14
                    text run at (0,1) width 14: "\x{5DCC}\x{89D2}"
          RenderText {#text} at (744,21) size 14x56
            text run at (744,21) width 56: "\x{3092}\x{92ED}\x{3069}\x{304F}\x{5EFB}\x{3063}\x{3066}\x{3001}"
          RenderRuby (inline) {RUBY} at (0,0) size 14x14
            RenderRubyRun (anonymous) at (744,77) size 14x14
              RenderRubyText {RT} at (-8,0) size 8x14
                RenderText {#text} at (0,1) size 8x12
                  text run at (0,1) width 12: "\x{3042}\x{3093}\x{307E}"
              RenderRubyBase (anonymous) at (0,0) size 14x14
                RenderInline {RB} at (0,0) size 14x14
                  RenderText {#text} at (0,0) size 14x14
                    text run at (0,0) width 14: "\x{6309}\x{6469}"
          RenderText {#text} at (744,91) size 14x14
            text run at (744,91) width 14: "\x{306A}\x{3089}"
          RenderRuby (inline) {RUBY} at (0,0) size 14x22
            RenderRubyRun (anonymous) at (744,104) size 14x24
              RenderRubyText {RT} at (-8,0) size 8x24
                RenderText {#text} at (0,0) size 8x24
                  text run at (0,0) width 24: "\x{307E}\x{3063}\x{3055}\x{304B}\x{3055}\x{307E}"
              RenderRubyBase (anonymous) at (0,0) size 14x24
                RenderInline {RB} at (0,0) size 14x22
                  RenderText {#text} at (0,1) size 14x22
                    text run at (0,1) width 21: "\x{771F}\x{9006}\x{69D8}"
          RenderText {#text} at (744,127) size 14x63
            text run at (744,127) width 63: "\x{306B}\x{843D}\x{3064}\x{308B}\x{3068}\x{3053}\x{308D}\x{3092}\x{3001}"
          RenderRuby (inline) {RUBY} at (0,0) size 14x8
            RenderRubyRun (anonymous) at (744,190) size 14x8
              RenderRubyText {RT} at (-8,0) size 8x8
                RenderText {#text} at (0,0) size 8x8
                  text run at (0,0) width 8: "\x{304D}\x{308F}"
              RenderRubyBase (anonymous) at (0,0) size 14x8
                RenderInline {RB} at (0,0) size 14x8
                  RenderText {#text} at (0,0) size 14x8
                    text run at (0,0) width 7: "\x{969B}"
          RenderText {#text} at (744,198) size 14x70
            text run at (744,198) width 70: "\x{3069}\x{304F}\x{53F3}\x{3078}\x{5207}\x{308C}\x{3066}\x{3001}\x{6A2A}\x{306B}"
          RenderRuby (inline) {RUBY} at (0,0) size 14x14
            RenderRubyRun (anonymous) at (744,268) size 14x14
              RenderRubyText {RT} at (-8,0) size 8x14
                RenderText {#text} at (0,1) size 8x12
                  text run at (0,1) width 12: "\x{307F}\x{304A}\x{308D}"
              RenderRubyBase (anonymous) at (0,0) size 14x14
                RenderInline {RB} at (0,0) size 14x14
                  RenderText {#text} at (0,0) size 14x14
                    text run at (0,0) width 14: "\x{898B}\x{4E0B}"
          RenderText {#text} at (744,282) size 14x21
            text run at (744,282) width 21: "\x{3059}\x{3068}\x{3001}"
          RenderRuby (inline) {RUBY} at (0,0) size 14x7
            RenderRubyRun (anonymous) at (744,303) size 14x7
              RenderRubyText {RT} at (-8,0) size 8x7
                RenderText {#text} at (0,1) size 8x5
                  text run at (0,1) width 4: "\x{306A}"
              RenderRubyBase (anonymous) at (0,0) size 14x7
                RenderInline {RB} at (0,0) size 14x7
                  RenderText {#text} at (0,0) size 14x7
                    text run at (0,0) width 7: "\x{83DC}"
          RenderText {#text} at (744,310) size 36x499
            text run at (744,310) width 189: "\x{306E}\x{82B1}\x{304C}\x{4E00}\x{9762}\x{306B}\x{898B}\x{3048}\x{308B}\x{3002}\x{96F2}\x{96C0}\x{306F}\x{3042}\x{3059}\x{3053}\x{3078}\x{843D}\x{3061}\x{308B}\x{306E}\x{304B}\x{3068}\x{601D}\x{3063}\x{305F}\x{3002}"
            text run at (766,0) width 42: "\x{3044}\x{3044}\x{3084}\x{3001}\x{3042}\x{306E}"
          RenderRuby (inline) {RUBY} at (0,0) size 14x14
            RenderRubyRun (anonymous) at (766,42) size 14x14
              RenderRubyText {RT} at (-8,0) size 8x14
                RenderText {#text} at (0,1) size 8x12
                  text run at (0,1) width 12: "\x{3053}\x{304C}\x{306D}"
              RenderRubyBase (anonymous) at (0,0) size 14x14
                RenderInline {RB} at (0,0) size 14x14
                  RenderText {#text} at (0,0) size 14x14
                    text run at (0,0) width 14: "\x{9EC4}\x{91D1}"
          RenderText {#text} at (766,56) size 14x203
            text run at (766,56) width 203: "\x{306E}\x{539F}\x{304B}\x{3089}\x{98DB}\x{3073}\x{4E0A}\x{304C}\x{3063}\x{3066}\x{304F}\x{308B}\x{306E}\x{304B}\x{3068}\x{601D}\x{3063}\x{305F}\x{3002}\x{6B21}\x{306B}\x{306F}\x{843D}\x{3061}\x{308B}\x{96F2}\x{96C0}\x{3068}\x{3001}"
          RenderRuby (inline) {RUBY} at (0,0) size 14x8
            RenderRubyRun (anonymous) at (766,259) size 14x8
              RenderRubyText {RT} at (-8,0) size 8x8
                RenderText {#text} at (0,0) size 8x8
                  text run at (0,0) width 8: "\x{3042}\x{304C}"
              RenderRubyBase (anonymous) at (0,0) size 14x8
                RenderInline {RB} at (0,0) size 14x8
                  RenderText {#text} at (0,0) size 14x8
                    text run at (0,0) width 7: "\x{4E0A}"
          RenderText {#text} at (766,267) size 14x7
            text run at (766,267) width 7: "\x{308B}"
          RenderRuby (inline) {RUBY} at (0,0) size 14x14
            RenderRubyRun (anonymous) at (766,274) size 14x14
              RenderRubyText {RT} at (-8,0) size 8x14
                RenderText {#text} at (0,1) size 8x12
                  text run at (0,1) width 12: "\x{3072}\x{3070}\x{308A}"
              RenderRubyBase (anonymous) at (0,0) size 14x14
                RenderInline {RB} at (0,0) size 14x14
                  RenderText {#text} at (0,0) size 14x14
                    text run at (0,0) width 14: "\x{96F2}\x{96C0}"
          RenderText {#text} at (766,288) size 36x491
            text run at (766,288) width 203: "\x{304C}\x{5341}\x{6587}\x{5B57}\x{306B}\x{3059}\x{308C}\x{9055}\x{3046}\x{306E}\x{304B}\x{3068}\x{601D}\x{3063}\x{305F}\x{3002}\x{6700}\x{5F8C}\x{306B}\x{3001}\x{843D}\x{3061}\x{308B}\x{6642}\x{3082}\x{3001}\x{4E0A}\x{308B}\x{6642}"
            text run at (788,0) width 56: "\x{3082}\x{3001}\x{307E}\x{305F}\x{5341}\x{6587}\x{5B57}\x{306B}"
          RenderRuby (inline) {RUBY} at (0,0) size 14x7
            RenderRubyRun (anonymous) at (788,56) size 14x7
              RenderRubyText {RT} at (-8,0) size 8x7
                RenderText {#text} at (0,1) size 8x5
                  text run at (0,1) width 4: "\x{3059}"
              RenderRubyBase (anonymous) at (0,0) size 14x7
                RenderInline {RB} at (0,0) size 14x7
                  RenderText {#text} at (0,0) size 14x7
                    text run at (0,0) width 7: "\x{64E6}"
          RenderText {#text} at (788,63) size 14x175
            text run at (788,63) width 175: "\x{308C}\x{9055}\x{3046}\x{3068}\x{304D}\x{306B}\x{3082}\x{5143}\x{6C17}\x{3088}\x{304F}\x{9CF4}\x{304D}\x{3064}\x{3065}\x{3051}\x{308B}\x{3060}\x{308D}\x{3046}\x{3068}\x{601D}\x{3063}\x{305F}\x{3002}"
          RenderBR {BR} at (788,238) size 14x0
          RenderText {#text} at (810,0) size 14x84
            text run at (810,0) width 84: "\x{3000}\x{6625}\x{306F}\x{7720}\x{304F}\x{306A}\x{308B}\x{3002}\x{732B}\x{306F}\x{9F20}\x{3092}"
          RenderRuby (inline) {RUBY} at (0,0) size 14x7
            RenderRubyRun (anonymous) at (810,84) size 14x7
              RenderRubyText {RT} at (-8,0) size 8x7
                RenderText {#text} at (0,1) size 8x5
                  text run at (0,1) width 4: "\x{3068}"
              RenderRubyBase (anonymous) at (0,0) size 14x7
                RenderInline {RB} at (0,0) size 14x7
                  RenderText {#text} at (0,0) size 14x7
                    text run at (0,0) width 7: "\x{6355}"
          RenderText {#text} at (810,91) size 14x182
            text run at (810,91) width 182: "\x{308B}\x{4E8B}\x{3092}\x{5FD8}\x{308C}\x{3001}\x{4EBA}\x{9593}\x{306F}\x{501F}\x{91D1}\x{306E}\x{3042}\x{308B}\x{4E8B}\x{3092}\x{5FD8}\x{308C}\x{308B}\x{3002}\x{6642}\x{306B}\x{306F}\x{81EA}\x{5206}\x{306E}"
          RenderRuby (inline) {RUBY} at (0,0) size 14x10
            RenderRubyRun (anonymous) at (810,270) size 14x16
              RenderRubyText {RT} at (-8,0) size 8x16
                RenderText {#text} at (0,0) size 8x16
                  text run at (0,0) width 16: "\x{305F}\x{307E}\x{3057}\x{3044}"
              RenderRubyBase (anonymous) at (0,0) size 14x16
                RenderInline {RB} at (0,0) size 14x8
                  RenderText {#text} at (0,4) size 14x8
                    text run at (0,4) width 7: "\x{9B42}"
          RenderText {#text} at (810,283) size 14x7
            text run at (810,283) width 7: "\x{306E}"
          RenderRuby (inline) {RUBY} at (0,0) size 14x14
            RenderRubyRun (anonymous) at (810,289) size 14x16
              RenderRubyText {RT} at (-8,0) size 8x16
                RenderText {#text} at (0,0) size 8x16
                  text run at (0,0) width 16: "\x{3044}\x{3069}\x{3053}\x{308D}"
              RenderRubyBase (anonymous) at (0,0) size 14x16
                RenderInline {RB} at (0,0) size 14x14
                  RenderText {#text} at (0,1) size 14x14
                    text run at (0,1) width 14: "\x{5C45}\x{6240}"
          RenderText {#text} at (810,304) size 14x196
            text run at (810,304) width 196: "\x{3055}\x{3048}\x{5FD8}\x{308C}\x{3066}\x{6B63}\x{4F53}\x{306A}\x{304F}\x{306A}\x{308B}\x{3002}\x{305F}\x{3060}\x{83DC}\x{306E}\x{82B1}\x{3092}\x{9060}\x{304F}\x{671B}\x{3093}\x{3060}\x{3068}\x{304D}\x{306B}\x{773C}\x{304C}"
          RenderRuby (inline) {RUBY} at (0,0) size 14x7
            RenderRubyRun (anonymous) at (832,0) size 14x7
              RenderRubyText {RT} at (-8,0) size 8x7
                RenderText {#text} at (0,1) size 8x5
                  text run at (0,1) width 4: "\x{3055}"
              RenderRubyBase (anonymous) at (0,0) size 14x7
                RenderInline {RB} at (0,0) size 14x7
                  RenderText {#text} at (0,0) size 14x7
                    text run at (0,0) width 7: "\x{9192}"
          RenderText {#text} at (832,7) size 14x140
            text run at (832,7) width 140: "\x{3081}\x{308B}\x{3002}\x{96F2}\x{96C0}\x{306E}\x{58F0}\x{3092}\x{805E}\x{3044}\x{305F}\x{3068}\x{304D}\x{306B}\x{9B42}\x{306E}\x{3042}\x{308A}\x{304B}\x{304C}"
          RenderRuby (inline) {RUBY} at (0,0) size 14x14
            RenderRubyRun (anonymous) at (832,146) size 14x16
              RenderRubyText {RT} at (-8,0) size 8x16
                RenderText {#text} at (0,0) size 8x16
                  text run at (0,0) width 16: "\x{306F}\x{3093}\x{305C}\x{3093}"
              RenderRubyBase (anonymous) at (0,0) size 14x16
                RenderInline {RB} at (0,0) size 14x14
                  RenderText {#text} at (0,1) size 14x14
                    text run at (0,1) width 14: "\x{5224}\x{7136}"
          RenderText {#text} at (832,161) size 28x504
            text run at (832,161) width 343: "\x{3059}\x{308B}\x{3002}\x{96F2}\x{96C0}\x{306E}\x{9CF4}\x{304F}\x{306E}\x{306F}\x{53E3}\x{3067}\x{9CF4}\x{304F}\x{306E}\x{3067}\x{306F}\x{306A}\x{3044}\x{3001}\x{9B42}\x{5168}\x{4F53}\x{304C}\x{9CF4}\x{304F}\x{306E}\x{3060}\x{3002}\x{9B42}\x{306E}\x{6D3B}\x{52D5}\x{304C}\x{58F0}\x{306B}\x{3042}\x{3089}\x{308F}\x{308C}\x{305F}\x{3082}\x{306E}\x{306E}\x{3046}\x{3061}\x{3067}\x{3001}\x{3042}"
            text run at (846,0) width 280: "\x{308C}\x{307B}\x{3069}\x{5143}\x{6C17}\x{306E}\x{3042}\x{308B}\x{3082}\x{306E}\x{306F}\x{306A}\x{3044}\x{3002}\x{3042}\x{3042}\x{6109}\x{5FEB}\x{3060}\x{3002}\x{3053}\x{3046}\x{601D}\x{3063}\x{3066}\x{3001}\x{3053}\x{3046}\x{6109}\x{5FEB}\x{306B}\x{306A}\x{308B}\x{306E}\x{304C}\x{8A69}\x{3067}\x{3042}\x{308B}\x{3002}"
          RenderBR {BR} at (846,280) size 14x0
          RenderText {#text} at (868,0) size 14x238
            text run at (868,0) width 238: "\x{3000}\x{305F}\x{3061}\x{307E}\x{3061}\x{30B7}\x{30A7}\x{30EC}\x{30FC}\x{306E}\x{96F2}\x{96C0}\x{306E}\x{8A69}\x{3092}\x{601D}\x{3044}\x{51FA}\x{3057}\x{3066}\x{3001}\x{53E3}\x{306E}\x{3046}\x{3061}\x{3067}\x{899A}\x{3048}\x{305F}\x{3068}\x{3053}\x{308D}\x{3060}\x{3051}"
          RenderRuby (inline) {RUBY} at (0,0) size 14x14
            RenderRubyRun (anonymous) at (868,235) size 14x20
              RenderRubyText {RT} at (-8,0) size 8x20
                RenderText {#text} at (0,0) size 8x20
                  text run at (0,0) width 20: "\x{3042}\x{3093}\x{3057}\x{3087}\x{3046}"
              RenderRubyBase (anonymous) at (0,0) size 14x20
                RenderInline {RB} at (0,0) size 14x14
                  RenderText {#text} at (0,3) size 14x14
                    text run at (0,3) width 14: "\x{6697}\x{8AA6}"
          RenderText {#text} at (868,252) size 28x504
            text run at (868,252) width 252: "\x{3057}\x{3066}\x{898B}\x{305F}\x{304C}\x{3001}\x{899A}\x{3048}\x{3066}\x{3044}\x{308B}\x{3068}\x{3053}\x{308D}\x{306F}\x{4E8C}\x{4E09}\x{53E5}\x{3057}\x{304B}\x{306A}\x{304B}\x{3063}\x{305F}\x{3002}\x{305D}\x{306E}\x{4E8C}\x{4E09}\x{53E5}\x{306E}\x{306A}\x{304B}\x{306B}\x{3053}\x{3093}"
            text run at (882,0) width 42: "\x{306A}\x{306E}\x{304C}\x{3042}\x{308B}\x{3002}"
          RenderBR {BR} at (882,42) size 14x0
        RenderBlock {DIV} at (896,24) size 70x480
          RenderText {#text} at (0,0) size 14x131
            text run at (0,0) width 131: "\x{3000}\x{3000}We look before and after"
          RenderBR {BR} at (0,131) size 14x0
          RenderText {#text} at (14,0) size 14x147
            text run at (14,0) width 147: "\x{3000}\x{3000}\x{3000}\x{3000}And pine for what is not:"
          RenderBR {BR} at (14,147) size 14x0
          RenderText {#text} at (28,0) size 14x118
            text run at (28,0) width 118: "\x{3000}\x{3000}Our sincerest laughter"
          RenderBR {BR} at (28,118) size 14x0
          RenderText {#text} at (42,0) size 14x153
            text run at (42,0) width 153: "\x{3000}\x{3000}\x{3000}\x{3000}With some pain is fraught;"
          RenderBR {BR} at (42,153) size 14x0
          RenderText {#text} at (56,0) size 14x268
            text run at (56,0) width 268: "Our sweetest songs are those that tell of saddest thought."
          RenderBR {BR} at (56,268) size 14x0
        RenderBlock (anonymous) at (966,0) size 664x504
          RenderText {#text} at (8,0) size 14x49
            text run at (8,0) width 49: "\x{300C}\x{524D}\x{3092}\x{307F}\x{3066}\x{306F}\x{3001}"
          RenderRuby (inline) {RUBY} at (0,0) size 14x8
            RenderRubyRun (anonymous) at (8,49) size 14x8
              RenderRubyText {RT} at (-8,0) size 8x8
                RenderText {#text} at (0,0) size 8x8
                  text run at (0,0) width 8: "\x{3057}\x{308A}"
              RenderRubyBase (anonymous) at (0,0) size 14x8
                RenderInline {RB} at (0,0) size 14x8
                  RenderText {#text} at (0,0) size 14x8
                    text run at (0,0) width 7: "\x{5F8C}"
          RenderText {#text} at (8,57) size 14x42
            text run at (8,57) width 42: "\x{3048}\x{3092}\x{898B}\x{3066}\x{306F}\x{3001}"
          RenderRuby (inline) {RUBY} at (0,0) size 14x14
            RenderRubyRun (anonymous) at (8,99) size 14x14
              RenderRubyText {RT} at (-8,0) size 8x14
                RenderText {#text} at (0,1) size 8x12
                  text run at (0,1) width 12: "\x{3082}\x{306E}\x{307B}"
              RenderRubyBase (anonymous) at (0,0) size 14x14
                RenderInline {RB} at (0,0) size 14x14
                  RenderText {#text} at (0,0) size 14x14
                    text run at (0,0) width 14: "\x{7269}\x{6B32}"
          RenderText {#text} at (8,113) size 14x301
            text run at (8,113) width 301: "\x{3057}\x{3068}\x{3001}\x{3042}\x{3053}\x{304C}\x{308B}\x{308B}\x{304B}\x{306A}\x{308F}\x{308C}\x{3002}\x{8179}\x{304B}\x{3089}\x{306E}\x{3001}\x{7B11}\x{3068}\x{3044}\x{3048}\x{3069}\x{3001}\x{82E6}\x{3057}\x{307F}\x{306E}\x{3001}\x{305D}\x{3053}\x{306B}\x{3042}\x{308B}\x{3079}\x{3057}\x{3002}\x{3046}\x{3064}\x{304F}\x{3057}\x{304D}\x{3001}"
          RenderRuby (inline) {RUBY} at (0,0) size 14x8
            RenderRubyRun (anonymous) at (8,414) size 14x8
              RenderRubyText {RT} at (-8,0) size 8x8
                RenderText {#text} at (0,0) size 8x8
                  text run at (0,0) width 8: "\x{304D}\x{308F}"
              RenderRubyBase (anonymous) at (0,0) size 14x8
                RenderInline {RB} at (0,0) size 14x8
                  RenderText {#text} at (0,0) size 14x8
                    text run at (0,0) width 7: "\x{6975}"
          RenderText {#text} at (8,422) size 36x499
            text run at (8,422) width 77: "\x{307F}\x{306E}\x{6B4C}\x{306B}\x{3001}\x{60B2}\x{3057}\x{3055}\x{306E}\x{3001}\x{6975}"
            text run at (30,0) width 14: "\x{307F}\x{306E}"
          RenderRuby (inline) {RUBY} at (0,0) size 14x8
            RenderRubyRun (anonymous) at (30,12) size 14x12
              RenderRubyText {RT} at (-8,0) size 8x12
                RenderText {#text} at (0,0) size 8x12
                  text run at (0,0) width 12: "\x{304A}\x{3082}\x{3044}"
              RenderRubyBase (anonymous) at (0,0) size 14x12
                RenderInline {RB} at (0,0) size 14x8
                  RenderText {#text} at (0,2) size 14x8
                    text run at (0,2) width 7: "\x{60F3}"
          RenderText {#text} at (30,22) size 14x7
            text run at (30,22) width 7: "\x{3001}"
          RenderRuby (inline) {RUBY} at (0,0) size 14x8
            RenderRubyRun (anonymous) at (30,29) size 14x8
              RenderRubyText {RT} at (-8,0) size 8x8
                RenderText {#text} at (0,0) size 8x8
                  text run at (0,0) width 8: "\x{3053}\x{3082}"
              RenderRubyBase (anonymous) at (0,0) size 14x8
                RenderInline {RB} at (0,0) size 14x8
                  RenderText {#text} at (0,0) size 14x8
                    text run at (0,0) width 7: "\x{7C60}"
          RenderText {#text} at (30,37) size 14x42
            text run at (30,37) width 42: "\x{308B}\x{3068}\x{305E}\x{77E5}\x{308C}\x{300D}"
          RenderBR {BR} at (30,79) size 14x0
          RenderText {#text} at (52,0) size 14x357
            text run at (52,0) width 357: "\x{3000}\x{306A}\x{308B}\x{307B}\x{3069}\x{3044}\x{304F}\x{3089}\x{8A69}\x{4EBA}\x{304C}\x{5E78}\x{798F}\x{3067}\x{3082}\x{3001}\x{3042}\x{306E}\x{96F2}\x{96C0}\x{306E}\x{3088}\x{3046}\x{306B}\x{601D}\x{3044}\x{5207}\x{3063}\x{3066}\x{3001}\x{4E00}\x{5FC3}\x{4E0D}\x{4E71}\x{306B}\x{3001}\x{524D}\x{5F8C}\x{3092}\x{5FD8}\x{5374}\x{3057}\x{3066}\x{3001}\x{308F}\x{304C}\x{559C}\x{3073}\x{3092}\x{6B4C}\x{3046}"
          RenderRuby (inline) {RUBY} at (0,0) size 14x8
            RenderRubyRun (anonymous) at (52,357) size 14x8
              RenderRubyText {RT} at (-8,0) size 8x8
                RenderText {#text} at (0,0) size 8x8
                  text run at (0,0) width 8: "\x{308F}\x{3051}"
              RenderRubyBase (anonymous) at (0,0) size 14x8
                RenderInline {RB} at (0,0) size 14x8
                  RenderText {#text} at (0,0) size 14x8
                    text run at (0,0) width 7: "\x{8A33}"
          RenderText {#text} at (52,365) size 36x498
            text run at (52,365) width 133: "\x{306B}\x{306F}\x{884C}\x{304F}\x{307E}\x{3044}\x{3002}\x{897F}\x{6D0B}\x{306E}\x{8A69}\x{306F}\x{7121}\x{8AD6}\x{306E}\x{4E8B}\x{3001}\x{652F}\x{90A3}"
            text run at (74,0) width 49: "\x{306E}\x{8A69}\x{306B}\x{3082}\x{3001}\x{3088}\x{304F}"
          RenderRuby (inline) {RUBY} at (0,0) size 14x14
            RenderRubyRun (anonymous) at (74,48) size 14x16
              RenderRubyText {RT} at (-8,0) size 8x16
                RenderText {#text} at (0,0) size 8x16
                  text run at (0,0) width 16: "\x{3070}\x{3093}\x{3053}\x{304F}"
              RenderRubyBase (anonymous) at (0,0) size 14x16
                RenderInline {RB} at (0,0) size 14x14
                  RenderText {#text} at (0,1) size 14x14
                    text run at (0,1) width 14: "\x{4E07}\x{659B}"
          RenderText {#text} at (74,63) size 14x7
            text run at (74,63) width 7: "\x{306E}"
          RenderRuby (inline) {RUBY} at (0,0) size 14x8
            RenderRubyRun (anonymous) at (74,68) size 14x12
              RenderRubyText {RT} at (-8,0) size 8x12
                RenderText {#text} at (0,0) size 8x12
                  text run at (0,0) width 12: "\x{3046}\x{308C}\x{3044}"
              RenderRubyBase (anonymous) at (0,0) size 14x12
                RenderInline {RB} at (0,0) size 14x8
                  RenderText {#text} at (0,2) size 14x8
                    text run at (0,2) width 7: "\x{6101}"
          RenderText {#text} at (74,78) size 14x126
            text run at (74,78) width 126: "\x{306A}\x{3069}\x{3068}\x{4E91}\x{3046}\x{5B57}\x{304C}\x{3042}\x{308B}\x{3002}\x{8A69}\x{4EBA}\x{3060}\x{304B}\x{3089}\x{4E07}\x{659B}\x{3067}"
          RenderRuby (inline) {RUBY} at (0,0) size 14x14
            RenderRubyRun (anonymous) at (74,203) size 14x16
              RenderRubyText {RT} at (-8,0) size 8x16
                RenderText {#text} at (0,0) size 8x16
                  text run at (0,0) width 16: "\x{3057}\x{308D}\x{3046}\x{3068}"
              RenderRubyBase (anonymous) at (0,0) size 14x16
                RenderInline {RB} at (0,0) size 14x14
                  RenderText {#text} at (0,1) size 14x14
                    text run at (0,1) width 14: "\x{7D20}\x{4EBA}"
          RenderText {#text} at (74,218) size 14x21
            text run at (74,218) width 21: "\x{306A}\x{3089}\x{4E00}"
          RenderRuby (inline) {RUBY} at (0,0) size 14x8
            RenderRubyRun (anonymous) at (74,239) size 14x8
              RenderRubyText {RT} at (-8,0) size 8x8
                RenderText {#text} at (0,0) size 8x8
                  text run at (0,0) width 8: "\x{3054}\x{3046}"
              RenderRubyBase (anonymous) at (0,0) size 14x8
                RenderInline {RB} at (0,0) size 14x8
                  RenderText {#text} at (0,0) size 14x8
                    text run at (0,0) width 7: "\x{5408}"
          RenderText {#text} at (74,247) size 14x196
            text run at (74,247) width 196: "\x{3067}\x{6E08}\x{3080}\x{304B}\x{3082}\x{77E5}\x{308C}\x{306C}\x{3002}\x{3057}\x{3066}\x{898B}\x{308B}\x{3068}\x{8A69}\x{4EBA}\x{306F}\x{5E38}\x{306E}\x{4EBA}\x{3088}\x{308A}\x{3082}\x{82E6}\x{52B4}\x{6027}\x{3067}\x{3001}"
          RenderRuby (inline) {RUBY} at (0,0) size 14x14
            RenderRubyRun (anonymous) at (74,442) size 14x16
              RenderRubyText {RT} at (-8,0) size 8x16
                RenderText {#text} at (0,0) size 8x16
                  text run at (0,0) width 16: "\x{307C}\x{3093}\x{3053}\x{3064}"
              RenderRubyBase (anonymous) at (0,0) size 14x16
                RenderInline {RB} at (0,0) size 14x14
                  RenderText {#text} at (0,1) size 14x14
                    text run at (0,1) width 14: "\x{51E1}\x{9AA8}"
          RenderText {#text} at (74,457) size 36x499
            text run at (74,457) width 42: "\x{306E}\x{500D}\x{4EE5}\x{4E0A}\x{306B}\x{795E}"
            text run at (96,0) width 182: "\x{7D4C}\x{304C}\x{92ED}\x{654F}\x{306A}\x{306E}\x{304B}\x{3082}\x{77E5}\x{308C}\x{3093}\x{3002}\x{8D85}\x{4FD7}\x{306E}\x{559C}\x{3073}\x{3082}\x{3042}\x{308D}\x{3046}\x{304C}\x{3001}\x{7121}\x{91CF}\x{306E}"
          RenderRuby (inline) {RUBY} at (0,0) size 14x10
            RenderRubyRun (anonymous) at (96,179) size 14x16
              RenderRubyText {RT} at (-8,0) size 8x16
                RenderText {#text} at (0,0) size 8x16
                  text run at (0,0) width 16: "\x{304B}\x{306A}\x{3057}\x{307F}"
              RenderRubyBase (anonymous) at (0,0) size 14x16
                RenderInline {RB} at (0,0) size 14x8
                  RenderText {#text} at (0,4) size 14x8
                    text run at (0,4) width 7: "\x{60B2}"
          RenderText {#text} at (96,192) size 14x161
            text run at (96,192) width 161: "\x{3082}\x{591A}\x{304B}\x{308D}\x{3046}\x{3002}\x{305D}\x{3093}\x{306A}\x{3089}\x{3070}\x{8A69}\x{4EBA}\x{306B}\x{306A}\x{308B}\x{306E}\x{3082}\x{8003}\x{3048}\x{7269}\x{3060}\x{3002}"
          RenderBR {BR} at (96,353) size 14x0
          RenderText {#text} at (118,0) size 14x56
            text run at (118,0) width 56: "\x{3000}\x{3057}\x{3070}\x{3089}\x{304F}\x{306F}\x{8DEF}\x{304C}"
          RenderRuby (inline) {RUBY} at (0,0) size 14x8
            RenderRubyRun (anonymous) at (118,54) size 14x12
              RenderRubyText {RT} at (-8,0) size 8x12
                RenderText {#text} at (0,0) size 8x12
                  text run at (0,0) width 12: "\x{305F}\x{3044}\x{3089}"
              RenderRubyBase (anonymous) at (0,0) size 14x12
                RenderInline {RB} at (0,0) size 14x8
                  RenderText {#text} at (0,2) size 14x8
                    text run at (0,2) width 7: "\x{5E73}"
          RenderText {#text} at (118,64) size 14x28
            text run at (118,64) width 28: "\x{3067}\x{3001}\x{53F3}\x{306F}"
          RenderRuby (inline) {RUBY} at (0,0) size 14x21
            RenderRubyRun (anonymous) at (118,92) size 14x21
              RenderRubyText {RT} at (-8,0) size 8x21
                RenderText {#text} at (0,0) size 8x21
                  text run at (0,0) width 20: "\x{305E}\x{3046}\x{304D}\x{3084}\x{307E}"
              RenderRubyBase (anonymous) at (0,0) size 14x21
                RenderInline {RB} at (0,0) size 14x21
                  RenderText {#text} at (0,0) size 14x21
                    text run at (0,0) width 21: "\x{96D1}\x{6728}\x{5C71}"
          RenderText {#text} at (118,113) size 14x147
            text run at (118,113) width 147: "\x{3001}\x{5DE6}\x{306F}\x{83DC}\x{306E}\x{82B1}\x{306E}\x{898B}\x{3064}\x{3065}\x{3051}\x{3067}\x{3042}\x{308B}\x{3002}\x{8DB3}\x{306E}\x{4E0B}\x{306B}\x{6642}\x{3005}"
          RenderRuby (inline) {RUBY} at (0,0) size 14x21
            RenderRubyRun (anonymous) at (118,260) size 14x21
              RenderRubyText {RT} at (-8,0) size 8x21
                RenderText {#text} at (0,2) size 8x17
                  text run at (0,2) width 16: "\x{305F}\x{3093}\x{307D}\x{307D}"
              RenderRubyBase (anonymous) at (0,0) size 14x21
                RenderInline {RB} at (0,0) size 14x21
                  RenderText {#text} at (0,0) size 14x21
                    text run at (0,0) width 21: "\x{84B2}\x{516C}\x{82F1}"
          RenderText {#text} at (118,281) size 14x49
            text run at (118,281) width 49: "\x{3092}\x{8E0F}\x{307F}\x{3064}\x{3051}\x{308B}\x{3002}"
          RenderRuby (inline) {RUBY} at (0,0) size 14x10
            RenderRubyRun (anonymous) at (118,327) size 14x16
              RenderRubyText {RT} at (-8,0) size 8x16
                RenderText {#text} at (0,0) size 8x16
                  text run at (0,0) width 16: "\x{306E}\x{3053}\x{304E}\x{308A}"
              RenderRubyBase (anonymous) at (0,0) size 14x16
                RenderInline {RB} at (0,0) size 14x8
                  RenderText {#text} at (0,4) size 14x8
                    text run at (0,4) width 7: "\x{92F8}"
          RenderText {#text} at (118,340) size 14x154
            text run at (118,340) width 154: "\x{306E}\x{3088}\x{3046}\x{306A}\x{8449}\x{304C}\x{9060}\x{616E}\x{306A}\x{304F}\x{56DB}\x{65B9}\x{3078}\x{306E}\x{3057}\x{3066}\x{771F}\x{4E2D}\x{306B}\x{9EC4}\x{8272}\x{306A}"
          RenderRuby (inline) {RUBY} at (0,0) size 14x8
            RenderRubyRun (anonymous) at (118,494) size 14x8
              RenderRubyText {RT} at (-8,0) size 8x8
                RenderText {#text} at (0,0) size 8x8
                  text run at (0,0) width 8: "\x{305F}\x{307E}"
              RenderRubyBase (anonymous) at (0,0) size 14x8
                RenderInline {RB} at (0,0) size 14x8
                  RenderText {#text} at (0,0) size 14x8
                    text run at (0,0) width 7: "\x{73E0}"
          RenderText {#text} at (140,0) size 14x434
            text run at (140,0) width 434: "\x{3092}\x{64C1}\x{8B77}\x{3057}\x{3066}\x{3044}\x{308B}\x{3002}\x{83DC}\x{306E}\x{82B1}\x{306B}\x{6C17}\x{3092}\x{3068}\x{3089}\x{308C}\x{3066}\x{3001}\x{8E0F}\x{307F}\x{3064}\x{3051}\x{305F}\x{3042}\x{3068}\x{3067}\x{3001}\x{6C17}\x{306E}\x{6BD2}\x{306A}\x{4E8B}\x{3092}\x{3057}\x{305F}\x{3068}\x{3001}\x{632F}\x{308A}\x{5411}\x{3044}\x{3066}\x{898B}\x{308B}\x{3068}\x{3001}\x{9EC4}\x{8272}\x{306A}\x{73E0}\x{306F}\x{4F9D}\x{7136}\x{3068}\x{3057}\x{3066}\x{92F8}\x{306E}\x{306A}\x{304B}\x{306B}"
          RenderRuby (inline) {RUBY} at (0,0) size 14x14
            RenderRubyRun (anonymous) at (140,434) size 14x14
              RenderRubyText {RT} at (-8,0) size 8x14
                RenderText {#text} at (0,1) size 8x12
                  text run at (0,1) width 12: "\x{3061}\x{3093}\x{3056}"
              RenderRubyBase (anonymous) at (0,0) size 14x14
                RenderInline {RB} at (0,0) size 14x14
                  RenderText {#text} at (0,0) size 14x14
                    text run at (0,0) width 14: "\x{93AE}\x{5EA7}"
          RenderText {#text} at (140,448) size 14x35
            text run at (140,448) width 35: "\x{3057}\x{3066}\x{3044}\x{308B}\x{3002}"
          RenderRuby (inline) {RUBY} at (0,0) size 14x14
            RenderRubyRun (anonymous) at (140,483) size 14x14
              RenderRubyText {RT} at (-8,0) size 8x14
                RenderText {#text} at (0,1) size 8x12
                  text run at (0,1) width 12: "\x{306E}\x{3093}\x{304D}"
              RenderRubyBase (anonymous) at (0,0) size 14x14
                RenderInline {RB} at (0,0) size 14x14
                  RenderText {#text} at (0,0) size 14x14
                    text run at (0,0) width 14: "\x{5451}\x{6C17}"
          RenderText {#text} at (140,497) size 28x504
            text run at (140,497) width 7: "\x{306A}"
            text run at (154,0) width 98: "\x{3082}\x{306E}\x{3060}\x{3002}\x{307E}\x{305F}\x{8003}\x{3048}\x{3092}\x{3064}\x{3065}\x{3051}\x{308B}\x{3002}"
          RenderBR {BR} at (154,98) size 14x0
          RenderText {#text} at (176,0) size 14x28
            text run at (176,0) width 28: "\x{3000}\x{8A69}\x{4EBA}\x{306B}"
          RenderRuby (inline) {RUBY} at (0,0) size 14x8
            RenderRubyRun (anonymous) at (176,26) size 14x12
              RenderRubyText {RT} at (-8,0) size 8x12
                RenderText {#text} at (0,0) size 8x12
                  text run at (0,0) width 12: "\x{3046}\x{308C}\x{3044}"
              RenderRubyBase (anonymous) at (0,0) size 14x12
                RenderInline {RB} at (0,0) size 14x8
                  RenderText {#text} at (0,2) size 14x8
                    text run at (0,2) width 7: "\x{6182}"
          RenderText {#text} at (176,36) size 14x105
            text run at (176,36) width 105: "\x{306F}\x{3064}\x{304D}\x{3082}\x{306E}\x{304B}\x{3082}\x{77E5}\x{308C}\x{306A}\x{3044}\x{304C}\x{3001}\x{3042}\x{306E}"
          RenderRuby (inline) {RUBY} at (0,0) size 14x14
            RenderRubyRun (anonymous) at (176,141) size 14x14
              RenderRubyText {RT} at (-8,0) size 8x14
                RenderText {#text} at (0,1) size 8x12
                  text run at (0,1) width 12: "\x{3072}\x{3070}\x{308A}"
              RenderRubyBase (anonymous) at (0,0) size 14x14
                RenderInline {RB} at (0,0) size 14x14
                  RenderText {#text} at (0,0) size 14x14
                    text run at (0,0) width 14: "\x{96F2}\x{96C0}"
          RenderText {#text} at (176,155) size 14x63
            text run at (176,155) width 63: "\x{3092}\x{805E}\x{304F}\x{5FC3}\x{6301}\x{306B}\x{306A}\x{308C}\x{3070}"
          RenderRuby (inline) {RUBY} at (0,0) size 14x14
            RenderRubyRun (anonymous) at (176,218) size 14x14
              RenderRubyText {RT} at (-8,0) size 8x14
                RenderText {#text} at (0,1) size 8x12
                  text run at (0,1) width 12: "\x{307F}\x{3058}\x{3093}"
              RenderRubyBase (anonymous) at (0,0) size 14x14
                RenderInline {RB} at (0,0) size 14x14
                  RenderText {#text} at (0,0) size 14x14
                    text run at (0,0) width 14: "\x{5FAE}\x{5875}"
          RenderText {#text} at (176,232) size 14x7
            text run at (176,232) width 7: "\x{306E}"
          RenderRuby (inline) {RUBY} at (0,0) size 14x7
            RenderRubyRun (anonymous) at (176,239) size 14x7
              RenderRubyText {RT} at (-8,0) size 8x7
                RenderText {#text} at (0,1) size 8x5
                  text run at (0,1) width 4: "\x{304F}"
              RenderRubyBase (anonymous) at (0,0) size 14x7
                RenderInline {RB} at (0,0) size 14x7
                  RenderText {#text} at (0,0) size 14x7
                    text run at (0,0) width 7: "\x{82E6}"
          RenderText {#text} at (176,246) size 14x147
            text run at (176,246) width 147: "\x{3082}\x{306A}\x{3044}\x{3002}\x{83DC}\x{306E}\x{82B1}\x{3092}\x{898B}\x{3066}\x{3082}\x{3001}\x{305F}\x{3060}\x{3046}\x{308C}\x{3057}\x{304F}\x{3066}\x{80F8}\x{304C}"
          RenderRuby (inline) {RUBY} at (0,0) size 14x8
            RenderRubyRun (anonymous) at (176,393) size 14x8
              RenderRubyText {RT} at (-8,0) size 8x8
                RenderText {#text} at (0,0) size 8x8
                  text run at (0,0) width 8: "\x{304A}\x{3069}"
              RenderRubyBase (anonymous) at (0,0) size 14x8
                RenderInline {RB} at (0,0) size 14x8
                  RenderText {#text} at (0,0) size 14x8
                    text run at (0,0) width 7: "\x{8E8D}"
          RenderText {#text} at (176,401) size 36x492
            text run at (176,401) width 91: "\x{308B}\x{3070}\x{304B}\x{308A}\x{3060}\x{3002}\x{84B2}\x{516C}\x{82F1}\x{3082}\x{305D}\x{306E}\x{901A}"
            text run at (198,0) width 220: "\x{308A}\x{3001}\x{685C}\x{3082}\x{2015}\x{2015}\x{685C}\x{306F}\x{3044}\x{3064}\x{304B}\x{898B}\x{3048}\x{306A}\x{304F}\x{306A}\x{3063}\x{305F}\x{3002}\x{3053}\x{3046}\x{5C71}\x{306E}\x{4E2D}\x{3078}\x{6765}\x{3066}\x{81EA}\x{7136}\x{306E}"
          RenderRuby (inline) {RUBY} at (0,0) size 14x14
            RenderRubyRun (anonymous) at (198,219) size 14x16
              RenderRubyText {RT} at (-8,0) size 8x16
                RenderText {#text} at (0,0) size 8x16
                  text run at (0,0) width 16: "\x{3051}\x{3044}\x{3076}\x{3064}"
              RenderRubyBase (anonymous) at (0,0) size 14x16
                RenderInline {RB} at (0,0) size 14x14
                  RenderText {#text} at (0,1) size 14x14
                    text run at (0,1) width 14: "\x{666F}\x{7269}"
          RenderText {#text} at (198,234) size 36x500
            text run at (198,234) width 266: "\x{306B}\x{63A5}\x{3059}\x{308C}\x{3070}\x{3001}\x{898B}\x{308B}\x{3082}\x{306E}\x{3082}\x{805E}\x{304F}\x{3082}\x{306E}\x{3082}\x{9762}\x{767D}\x{3044}\x{3002}\x{9762}\x{767D}\x{3044}\x{3060}\x{3051}\x{3067}\x{5225}\x{6BB5}\x{306E}\x{82E6}\x{3057}\x{307F}\x{3082}\x{8D77}\x{3089}\x{306C}\x{3002}\x{8D77}"
            text run at (220,0) width 49: "\x{308B}\x{3068}\x{3059}\x{308C}\x{3070}\x{8DB3}\x{304C}"
          RenderRuby (inline) {RUBY} at (0,0) size 14x14
            RenderRubyRun (anonymous) at (220,49) size 14x14
              RenderRubyText {RT} at (-8,0) size 8x14
                RenderText {#text} at (0,1) size 8x12
                  text run at (0,1) width 12: "\x{304F}\x{305F}\x{3073}"
              RenderRubyBase (anonymous) at (0,0) size 14x14
                RenderInline {RB} at (0,0) size 14x14
                  RenderText {#text} at (0,0) size 14x14
                    text run at (0,0) width 14: "\x{8349}\x{81E5}"
          RenderText {#text} at (220,63) size 14x21
            text run at (220,63) width 21: "\x{308C}\x{3066}\x{3001}"
          RenderRuby (inline) {RUBY} at (0,0) size 14x8
            RenderRubyRun (anonymous) at (220,84) size 14x8
              RenderRubyText {RT} at (-8,0) size 8x8
                RenderText {#text} at (0,0) size 8x8
                  text run at (0,0) width 8: "\x{3046}\x{307E}"
              RenderRubyBase (anonymous) at (0,0) size 14x8
                RenderInline {RB} at (0,0) size 14x8
                  RenderText {#text} at (0,0) size 14x8
                    text run at (0,0) width 7: "\x{65E8}"
          RenderText {#text} at (220,92) size 14x126
            text run at (220,92) width 126: "\x{3044}\x{3082}\x{306E}\x{304C}\x{98DF}\x{3079}\x{3089}\x{308C}\x{306C}\x{304F}\x{3089}\x{3044}\x{306E}\x{4E8B}\x{3060}\x{308D}\x{3046}\x{3002}"
          RenderBR {BR} at (220,218) size 14x0
          RenderText {#text} at (242,0) size 14x182
            text run at (242,0) width 182: "\x{3000}\x{3057}\x{304B}\x{3057}\x{82E6}\x{3057}\x{307F}\x{306E}\x{306A}\x{3044}\x{306E}\x{306F}\x{306A}\x{305C}\x{3060}\x{308D}\x{3046}\x{3002}\x{305F}\x{3060}\x{3053}\x{306E}\x{666F}\x{8272}\x{3092}\x{4E00}"
          RenderRuby (inline) {RUBY} at (0,0) size 14x8
            RenderRubyRun (anonymous) at (242,182) size 14x8
              RenderRubyText {RT} at (-8,0) size 8x8
                RenderText {#text} at (0,0) size 8x8
                  text run at (0,0) width 8: "\x{3077}\x{304F}"
              RenderRubyBase (anonymous) at (0,0) size 14x8
                RenderInline {RB} at (0,0) size 14x8
                  RenderText {#text} at (0,0) size 14x8
                    text run at (0,0) width 7: "\x{5E45}"
          RenderText {#text} at (242,190) size 14x7
            text run at (242,190) width 7: "\x{306E}"
          RenderRuby (inline) {RUBY} at (0,0) size 14x7
            RenderRubyRun (anonymous) at (242,197) size 14x7
              RenderRubyText {RT} at (-8,0) size 8x7
                RenderText {#text} at (0,1) size 8x5
                  text run at (0,1) width 4: "\x{3048}"
              RenderRubyBase (anonymous) at (0,0) size 14x7
                RenderInline {RB} at (0,0) size 14x7
                  RenderText {#text} at (0,0) size 14x7
                    text run at (0,0) width 7: "\x{753B}"
          RenderText {#text} at (242,204) size 14x21
            text run at (242,204) width 21: "\x{3068}\x{3057}\x{3066}"
          RenderRuby (inline) {RUBY} at (0,0) size 14x7
            RenderRubyRun (anonymous) at (242,225) size 14x7
              RenderRubyText {RT} at (-8,0) size 8x7
                RenderText {#text} at (0,1) size 8x5
                  text run at (0,1) width 4: "\x{307F}"
              RenderRubyBase (anonymous) at (0,0) size 14x7
                RenderInline {RB} at (0,0) size 14x7
                  RenderText {#text} at (0,0) size 14x7
                    text run at (0,0) width 7: "\x{89B3}"
          RenderText {#text} at (242,232) size 14x14
            text run at (242,232) width 14: "\x{3001}\x{4E00}"
          RenderRuby (inline) {RUBY} at (0,0) size 14x8
            RenderRubyRun (anonymous) at (242,246) size 14x8
              RenderRubyText {RT} at (-8,0) size 8x8
                RenderText {#text} at (0,0) size 8x8
                  text run at (0,0) width 8: "\x{304B}\x{3093}"
              RenderRubyBase (anonymous) at (0,0) size 14x8
                RenderInline {RB} at (0,0) size 14x8
                  RenderText {#text} at (0,0) size 14x8
                    text run at (0,0) width 7: "\x{5DFB}"
          RenderText {#text} at (242,254) size 14x91
            text run at (242,254) width 91: "\x{306E}\x{8A69}\x{3068}\x{3057}\x{3066}\x{8AAD}\x{3080}\x{304B}\x{3089}\x{3067}\x{3042}\x{308B}\x{3002}"
          RenderRuby (inline) {RUBY} at (0,0) size 14x7
            RenderRubyRun (anonymous) at (242,345) size 14x7
              RenderRubyText {RT} at (-8,0) size 8x7
                RenderText {#text} at (0,1) size 8x5
                  text run at (0,1) width 4: "\x{304C}"
              RenderRubyBase (anonymous) at (0,0) size 14x7
                RenderInline {RB} at (0,0) size 14x7
                  RenderText {#text} at (0,0) size 14x7
                    text run at (0,0) width 7: "\x{753B}"
          RenderText {#text} at (242,352) size 14x70
            text run at (242,352) width 70: "\x{3067}\x{3042}\x{308A}\x{8A69}\x{3067}\x{3042}\x{308B}\x{4EE5}\x{4E0A}\x{306F}"
          RenderRuby (inline) {RUBY} at (0,0) size 14x14
            RenderRubyRun (anonymous) at (242,422) size 14x14
              RenderRubyText {RT} at (-8,0) size 8x14
                RenderText {#text} at (0,1) size 8x12
                  text run at (0,1) width 12: "\x{3058}\x{3081}\x{3093}"
              RenderRubyBase (anonymous) at (0,0) size 14x14
                RenderInline {RB} at (0,0) size 14x14
                  RenderText {#text} at (0,0) size 14x14
                    text run at (0,0) width 14: "\x{5730}\x{9762}"
          RenderText {#text} at (242,436) size 36x499
            text run at (242,436) width 63: "\x{3092}\x{8CB0}\x{3063}\x{3066}\x{3001}\x{958B}\x{62D3}\x{3059}\x{308B}"
            text run at (264,0) width 98: "\x{6C17}\x{306B}\x{3082}\x{306A}\x{3089}\x{306D}\x{3070}\x{3001}\x{9244}\x{9053}\x{3092}\x{304B}\x{3051}\x{3066}"
          RenderRuby (inline) {RUBY} at (0,0) size 14x14
            RenderRubyRun (anonymous) at (264,97) size 14x16
              RenderRubyText {RT} at (-8,0) size 8x16
                RenderText {#text} at (0,0) size 8x16
                  text run at (0,0) width 16: "\x{3072}\x{3068}\x{3082}\x{3046}"
              RenderRubyBase (anonymous) at (0,0) size 14x16
                RenderInline {RB} at (0,0) size 14x14
                  RenderText {#text} at (0,1) size 14x14
                    text run at (0,1) width 14: "\x{4E00}\x{5132}"
          RenderText {#text} at (264,112) size 14x21
            text run at (264,112) width 21: "\x{3051}\x{3059}\x{308B}"
          RenderRuby (inline) {RUBY} at (0,0) size 14x14
            RenderRubyRun (anonymous) at (264,130) size 14x20
              RenderRubyText {RT} at (-8,0) size 8x20
                RenderText {#text} at (0,0) size 8x20
                  text run at (0,0) width 20: "\x{308A}\x{3087}\x{3046}\x{3051}\x{3093}"
              RenderRubyBase (anonymous) at (0,0) size 14x20
                RenderInline {RB} at (0,0) size 14x14
                  RenderText {#text} at (0,3) size 14x14
                    text run at (0,3) width 14: "\x{4E86}\x{898B}"
          RenderText {#text} at (264,147) size 14x122
            text run at (264,147) width 122: "\x{3082}\x{8D77}\x{3089}\x{306C}\x{3002}\x{305F}\x{3060}\x{3053}\x{306E}\x{666F}\x{8272}\x{304C}\x{2015}\x{2015}\x{8179}\x{306E}"
          RenderRuby (inline) {RUBY} at (0,0) size 14x7
            RenderRubyRun (anonymous) at (264,269) size 14x7
              RenderRubyText {RT} at (-8,0) size 8x7
                RenderText {#text} at (0,1) size 8x5
                  text run at (0,1) width 4: "\x{305F}"
              RenderRubyBase (anonymous) at (0,0) size 14x7
                RenderInline {RB} at (0,0) size 14x7
                  RenderText {#text} at (0,0) size 14x7
                    text run at (0,0) width 7: "\x{8DB3}"
          RenderText {#text} at (264,276) size 36x500
            text run at (264,276) width 224: "\x{3057}\x{306B}\x{3082}\x{306A}\x{3089}\x{306C}\x{3001}\x{6708}\x{7D66}\x{306E}\x{88DC}\x{3044}\x{306B}\x{3082}\x{306A}\x{3089}\x{306C}\x{3053}\x{306E}\x{666F}\x{8272}\x{304C}\x{666F}\x{8272}\x{3068}\x{3057}\x{3066}\x{306E}\x{307F}\x{3001}\x{4F59}\x{304C}"
            text run at (286,0) width 119: "\x{5FC3}\x{3092}\x{697D}\x{307E}\x{305B}\x{3064}\x{3064}\x{3042}\x{308B}\x{304B}\x{3089}\x{82E6}\x{52B4}\x{3082}\x{5FC3}\x{914D}\x{3082}"
          RenderRuby (inline) {RUBY} at (0,0) size 14x8
            RenderRubyRun (anonymous) at (286,117) size 14x12
              RenderRubyText {RT} at (-8,0) size 8x12
                RenderText {#text} at (0,0) size 8x12
                  text run at (0,0) width 12: "\x{3068}\x{3082}\x{306A}"
              RenderRubyBase (anonymous) at (0,0) size 14x12
                RenderInline {RB} at (0,0) size 14x8
                  RenderText {#text} at (0,2) size 14x8
                    text run at (0,2) width 7: "\x{4F34}"
          RenderText {#text} at (286,127) size 14x126
            text run at (286,127) width 126: "\x{308F}\x{306C}\x{306E}\x{3060}\x{308D}\x{3046}\x{3002}\x{81EA}\x{7136}\x{306E}\x{529B}\x{306F}\x{3053}\x{3053}\x{306B}\x{304A}\x{3044}\x{3066}"
          RenderRuby (inline) {RUBY} at (0,0) size 14x8
            RenderRubyRun (anonymous) at (286,253) size 14x8
              RenderRubyText {RT} at (-8,0) size 8x8
                RenderText {#text} at (0,0) size 8x8
                  text run at (0,0) width 8: "\x{305F}\x{3063}"
              RenderRubyBase (anonymous) at (0,0) size 14x8
                RenderInline {RB} at (0,0) size 14x8
                  RenderText {#text} at (0,0) size 14x8
                    text run at (0,0) width 7: "\x{5C0A}"
          RenderText {#text} at (286,261) size 14x84
            text run at (286,261) width 84: "\x{3068}\x{3044}\x{3002}\x{543E}\x{4EBA}\x{306E}\x{6027}\x{60C5}\x{3092}\x{77AC}\x{523B}\x{306B}"
          RenderRuby (inline) {RUBY} at (0,0) size 14x14
            RenderRubyRun (anonymous) at (286,345) size 14x14
              RenderRubyText {RT} at (-8,0) size 8x14
                RenderText {#text} at (0,1) size 8x12
                  text run at (0,1) width 12: "\x{3068}\x{3046}\x{3084}"
              RenderRubyBase (anonymous) at (0,0) size 14x14
                RenderInline {RB} at (0,0) size 14x14
                  RenderText {#text} at (0,0) size 14x14
                    text run at (0,0) width 14: "\x{9676}\x{51B6}"
          RenderText {#text} at (286,359) size 14x14
            text run at (286,359) width 14: "\x{3057}\x{3066}"
          RenderRuby (inline) {RUBY} at (0,0) size 14x14
            RenderRubyRun (anonymous) at (286,372) size 14x16
              RenderRubyText {RT} at (-8,0) size 8x16
                RenderText {#text} at (0,0) size 8x16
                  text run at (0,0) width 16: "\x{3058}\x{3085}\x{3093}\x{3053}"
              RenderRubyBase (anonymous) at (0,0) size 14x16
                RenderInline {RB} at (0,0) size 14x14
                  RenderText {#text} at (0,1) size 14x14
                    text run at (0,1) width 14: "\x{9187}\x{4E4E}"
          RenderText {#text} at (286,387) size 28x499
            text run at (286,387) width 112: "\x{3068}\x{3057}\x{3066}\x{9187}\x{306A}\x{308B}\x{8A69}\x{5883}\x{306B}\x{5165}\x{3089}\x{3057}\x{3080}\x{308B}\x{306E}\x{306F}"
            text run at (300,0) width 42: "\x{81EA}\x{7136}\x{3067}\x{3042}\x{308B}\x{3002}"
          RenderBR {BR} at (300,42) size 14x0
          RenderText {#text} at (322,0) size 14x266
            text run at (322,0) width 266: "\x{3000}\x{604B}\x{306F}\x{3046}\x{3064}\x{304F}\x{3057}\x{304B}\x{308D}\x{3001}\x{5B5D}\x{3082}\x{3046}\x{3064}\x{304F}\x{3057}\x{304B}\x{308D}\x{3001}\x{5FE0}\x{541B}\x{611B}\x{56FD}\x{3082}\x{7D50}\x{69CB}\x{3060}\x{308D}\x{3046}\x{3002}\x{3057}\x{304B}\x{3057}\x{81EA}\x{8EAB}\x{304C}\x{305D}\x{306E}"
          RenderRuby (inline) {RUBY} at (0,0) size 14x8
            RenderRubyRun (anonymous) at (322,264) size 14x12
              RenderRubyText {RT} at (-8,0) size 8x12
                RenderText {#text} at (0,0) size 8x12
                  text run at (0,0) width 12: "\x{304D}\x{3087}\x{304F}"
              RenderRubyBase (anonymous) at (0,0) size 14x12
                RenderInline {RB} at (0,0) size 14x8
                  RenderText {#text} at (0,2) size 14x8
                    text run at (0,2) width 7: "\x{5C40}"
          RenderText {#text} at (322,274) size 14x49
            text run at (322,274) width 49: "\x{306B}\x{5F53}\x{308C}\x{3070}\x{5229}\x{5BB3}\x{306E}"
          RenderRuby (inline) {RUBY} at (0,0) size 14x14
            RenderRubyRun (anonymous) at (322,323) size 14x14
              RenderRubyText {RT} at (-8,0) size 8x14
                RenderText {#text} at (0,1) size 8x12
                  text run at (0,1) width 12: "\x{3064}\x{3080}\x{3058}"
              RenderRubyBase (anonymous) at (0,0) size 14x14
                RenderInline {RB} at (0,0) size 14x14
                  RenderText {#text} at (0,0) size 14x14
                    text run at (0,0) width 14: "\x{65CB}\x{98A8}"
          RenderText {#text} at (322,337) size 14x7
            text run at (322,337) width 7: "\x{306B}"
          RenderRuby (inline) {RUBY} at (0,0) size 14x7
            RenderRubyRun (anonymous) at (322,344) size 14x7
              RenderRubyText {RT} at (-8,0) size 8x7
                RenderText {#text} at (0,1) size 8x5
                  text run at (0,1) width 4: "\x{307E}"
              RenderRubyBase (anonymous) at (0,0) size 14x7
                RenderInline {RB} at (0,0) size 14x7
                  RenderText {#text} at (0,0) size 14x7
                    text run at (0,0) width 7: "\x{6372}"
          RenderText {#text} at (322,351) size 36x491
            text run at (322,351) width 140: "\x{304D}\x{8FBC}\x{307E}\x{308C}\x{3066}\x{3001}\x{3046}\x{3064}\x{304F}\x{3057}\x{304D}\x{4E8B}\x{306B}\x{3082}\x{3001}\x{7D50}\x{69CB}\x{306A}\x{4E8B}\x{306B}"
            text run at (344,0) width 28: "\x{3082}\x{3001}\x{76EE}\x{306F}"
          RenderRuby (inline) {RUBY} at (0,0) size 14x8
            RenderRubyRun (anonymous) at (344,28) size 14x8
              RenderRubyText {RT} at (-8,0) size 8x8
                RenderText {#text} at (0,0) size 8x8
                  text run at (0,0) width 8: "\x{304F}\x{3089}"
              RenderRubyBase (anonymous) at (0,0) size 14x8
                RenderInline {RB} at (0,0) size 14x8
                  RenderText {#text} at (0,0) size 14x8
                    text run at (0,0) width 7: "\x{7729}"
          RenderText {#text} at (344,36) size 14x161
            text run at (344,36) width 161: "\x{3093}\x{3067}\x{3057}\x{307E}\x{3046}\x{3002}\x{3057}\x{305F}\x{304C}\x{3063}\x{3066}\x{3069}\x{3053}\x{306B}\x{8A69}\x{304C}\x{3042}\x{308B}\x{304B}\x{81EA}\x{8EAB}\x{306B}\x{306F}"
          RenderRuby (inline) {RUBY} at (0,0) size 14x7
            RenderRubyRun (anonymous) at (344,197) size 14x7
              RenderRubyText {RT} at (-8,0) size 8x7
                RenderText {#text} at (0,1) size 8x5
                  text run at (0,1) width 4: "\x{3052}"
              RenderRubyBase (anonymous) at (0,0) size 14x7
                RenderInline {RB} at (0,0) size 14x7
                  RenderText {#text} at (0,0) size 14x7
                    text run at (0,0) width 7: "\x{89E3}"
          RenderText {#text} at (344,204) size 14x35
            text run at (344,204) width 35: "\x{3057}\x{304B}\x{306D}\x{308B}\x{3002}"
          RenderBR {BR} at (344,239) size 14x0
          RenderText {#text} at (366,0) size 14x364
            text run at (366,0) width 364: "\x{3000}\x{3053}\x{308C}\x{304C}\x{308F}\x{304B}\x{308B}\x{305F}\x{3081}\x{306B}\x{306F}\x{3001}\x{308F}\x{304B}\x{308B}\x{3060}\x{3051}\x{306E}\x{4F59}\x{88D5}\x{306E}\x{3042}\x{308B}\x{7B2C}\x{4E09}\x{8005}\x{306E}\x{5730}\x{4F4D}\x{306B}\x{7ACB}\x{305F}\x{306D}\x{3070}\x{306A}\x{3089}\x{306C}\x{3002}\x{4E09}\x{8005}\x{306E}\x{5730}\x{4F4D}\x{306B}\x{7ACB}\x{3066}\x{3070}\x{3053}\x{305D}\x{829D}\x{5C45}\x{306F}"
          RenderRuby (inline) {RUBY} at (0,0) size 14x7
            RenderRubyRun (anonymous) at (366,364) size 14x7
              RenderRubyText {RT} at (-8,0) size 8x7
                RenderText {#text} at (0,1) size 8x5
                  text run at (0,1) width 4: "\x{307F}"
              RenderRubyBase (anonymous) at (0,0) size 14x7
                RenderInline {RB} at (0,0) size 14x7
                  RenderText {#text} at (0,0) size 14x7
                    text run at (0,0) width 7: "\x{89B3}"
          RenderText {#text} at (366,371) size 36x504
            text run at (366,371) width 133: "\x{3066}\x{9762}\x{767D}\x{3044}\x{3002}\x{5C0F}\x{8AAC}\x{3082}\x{898B}\x{3066}\x{9762}\x{767D}\x{3044}\x{3002}\x{829D}\x{5C45}\x{3092}\x{898B}\x{3066}"
            text run at (388,0) width 168: "\x{9762}\x{767D}\x{3044}\x{4EBA}\x{3082}\x{3001}\x{5C0F}\x{8AAC}\x{3092}\x{8AAD}\x{3093}\x{3067}\x{9762}\x{767D}\x{3044}\x{4EBA}\x{3082}\x{3001}\x{81EA}\x{5DF1}\x{306E}\x{5229}\x{5BB3}\x{306F}"
          RenderRuby (inline) {RUBY} at (0,0) size 14x8
            RenderRubyRun (anonymous) at (388,168) size 14x8
              RenderRubyText {RT} at (-8,0) size 8x8
                RenderText {#text} at (0,0) size 8x8
                  text run at (0,0) width 8: "\x{305F}\x{306A}"
              RenderRubyBase (anonymous) at (0,0) size 14x8
                RenderInline {RB} at (0,0) size 14x8
                  RenderText {#text} at (0,0) size 14x8
                    text run at (0,0) width 7: "\x{68DA}"
          RenderText {#text} at (388,176) size 14x182
            text run at (388,176) width 182: "\x{3078}\x{4E0A}\x{3052}\x{3066}\x{3044}\x{308B}\x{3002}\x{898B}\x{305F}\x{308A}\x{8AAD}\x{3093}\x{3060}\x{308A}\x{3059}\x{308B}\x{9593}\x{3060}\x{3051}\x{306F}\x{8A69}\x{4EBA}\x{3067}\x{3042}\x{308B}\x{3002}"
          RenderBR {BR} at (388,358) size 14x0
          RenderText {#text} at (410,0) size 14x133
            text run at (410,0) width 133: "\x{3000}\x{305D}\x{308C}\x{3059}\x{3089}\x{3001}\x{666E}\x{901A}\x{306E}\x{829D}\x{5C45}\x{3084}\x{5C0F}\x{8AAC}\x{3067}\x{306F}\x{4EBA}\x{60C5}\x{3092}"
          RenderRuby (inline) {RUBY} at (0,0) size 14x8
            RenderRubyRun (anonymous) at (410,133) size 14x8
              RenderRubyText {RT} at (-8,0) size 8x8
                RenderText {#text} at (0,0) size 8x8
                  text run at (0,0) width 8: "\x{307E}\x{306C}"
              RenderRubyBase (anonymous) at (0,0) size 14x8
                RenderInline {RB} at (0,0) size 14x8
                  RenderText {#text} at (0,0) size 14x8
                    text run at (0,0) width 7: "\x{514D}"
          RenderText {#text} at (410,141) size 36x498
            text run at (410,141) width 357: "\x{304B}\x{308C}\x{306C}\x{3002}\x{82E6}\x{3057}\x{3093}\x{3060}\x{308A}\x{3001}\x{6012}\x{3063}\x{305F}\x{308A}\x{3001}\x{9A12}\x{3044}\x{3060}\x{308A}\x{3001}\x{6CE3}\x{3044}\x{305F}\x{308A}\x{3059}\x{308B}\x{3002}\x{898B}\x{308B}\x{3082}\x{306E}\x{3082}\x{3044}\x{3064}\x{304B}\x{305D}\x{306E}\x{4E2D}\x{306B}\x{540C}\x{5316}\x{3057}\x{3066}\x{82E6}\x{3057}\x{3093}\x{3060}\x{308A}\x{3001}\x{6012}\x{3063}"
            text run at (432,0) width 105: "\x{305F}\x{308A}\x{3001}\x{9A12}\x{3044}\x{3060}\x{308A}\x{3001}\x{6CE3}\x{3044}\x{305F}\x{308A}\x{3059}\x{308B}\x{3002}"
          RenderRuby (inline) {RUBY} at (0,0) size 14x14
            RenderRubyRun (anonymous) at (432,105) size 14x14
              RenderRubyText {RT} at (-8,0) size 8x14
                RenderText {#text} at (0,1) size 8x12
                  text run at (0,1) width 12: "\x{3068}\x{308A}\x{3048}"
              RenderRubyBase (anonymous) at (0,0) size 14x14
                RenderInline {RB} at (0,0) size 14x14
                  RenderText {#text} at (0,0) size 14x14
                    text run at (0,0) width 14: "\x{53D6}\x{67C4}"
          RenderText {#text} at (432,119) size 14x28
            text run at (432,119) width 28: "\x{306F}\x{5229}\x{617E}\x{304C}"
          RenderRuby (inline) {RUBY} at (0,0) size 14x8
            RenderRubyRun (anonymous) at (432,147) size 14x8
              RenderRubyText {RT} at (-8,0) size 8x8
                RenderText {#text} at (0,0) size 8x8
                  text run at (0,0) width 8: "\x{307E}\x{3058}"
              RenderRubyBase (anonymous) at (0,0) size 14x8
                RenderInline {RB} at (0,0) size 14x8
                  RenderText {#text} at (0,0) size 14x8
                    text run at (0,0) width 7: "\x{4EA4}"
          RenderText {#text} at (432,155) size 14x49
            text run at (432,155) width 49: "\x{3089}\x{306C}\x{3068}\x{4E91}\x{3046}\x{70B9}\x{306B}"
          RenderRuby (inline) {RUBY} at (0,0) size 14x8
            RenderRubyRun (anonymous) at (432,204) size 14x8
              RenderRubyText {RT} at (-8,0) size 8x8
                RenderText {#text} at (0,0) size 8x8
                  text run at (0,0) width 8: "\x{305D}\x{3093}"
              RenderRubyBase (anonymous) at (0,0) size 14x8
                RenderInline {RB} at (0,0) size 14x8
                  RenderText {#text} at (0,0) size 14x8
                    text run at (0,0) width 7: "\x{5B58}"
          RenderText {#text} at (432,212) size 14x133
            text run at (432,212) width 133: "\x{3059}\x{308B}\x{304B}\x{3082}\x{77E5}\x{308C}\x{306C}\x{304C}\x{3001}\x{4EA4}\x{3089}\x{306C}\x{3060}\x{3051}\x{306B}\x{305D}\x{306E}\x{4ED6}\x{306E}"
          RenderRuby (inline) {RUBY} at (0,0) size 14x14
            RenderRubyRun (anonymous) at (432,342) size 14x20
              RenderRubyText {RT} at (-8,0) size 8x20
                RenderText {#text} at (0,0) size 8x20
                  text run at (0,0) width 20: "\x{3058}\x{3087}\x{3046}\x{3057}\x{3087}"
              RenderRubyBase (anonymous) at (0,0) size 14x20
                RenderInline {RB} at (0,0) size 14x14
                  RenderText {#text} at (0,3) size 14x14
                    text run at (0,3) width 14: "\x{60C5}\x{7DD2}"
          RenderText {#text} at (432,359) size 14x133
            text run at (432,359) width 133: "\x{306F}\x{5E38}\x{3088}\x{308A}\x{306F}\x{4F59}\x{8A08}\x{306B}\x{6D3B}\x{52D5}\x{3059}\x{308B}\x{3060}\x{308D}\x{3046}\x{3002}\x{305D}\x{308C}\x{304C}"
          RenderRuby (inline) {RUBY} at (0,0) size 14x8
            RenderRubyRun (anonymous) at (432,492) size 14x8
              RenderRubyText {RT} at (-8,0) size 8x8
                RenderText {#text} at (0,0) size 8x8
                  text run at (0,0) width 8: "\x{3044}\x{3084}"
              RenderRubyBase (anonymous) at (0,0) size 14x8
                RenderInline {RB} at (0,0) size 14x8
                  RenderText {#text} at (0,0) size 14x8
                    text run at (0,0) width 7: "\x{5ACC}"
          RenderText {#text} at (446,0) size 14x14
            text run at (446,0) width 14: "\x{3060}\x{3002}"
          RenderBR {BR} at (446,14) size 14x0
          RenderText {#text} at (468,0) size 14x294
            text run at (468,0) width 294: "\x{3000}\x{82E6}\x{3057}\x{3093}\x{3060}\x{308A}\x{3001}\x{6012}\x{3063}\x{305F}\x{308A}\x{3001}\x{9A12}\x{3044}\x{3060}\x{308A}\x{3001}\x{6CE3}\x{3044}\x{305F}\x{308A}\x{306F}\x{4EBA}\x{306E}\x{4E16}\x{306B}\x{3064}\x{304D}\x{3082}\x{306E}\x{3060}\x{3002}\x{4F59}\x{3082}\x{4E09}\x{5341}\x{5E74}\x{306E}\x{9593}\x{305D}\x{308C}\x{3092}"
          RenderRuby (inline) {RUBY} at (0,0) size 14x14
            RenderRubyRun (anonymous) at (468,294) size 14x14
              RenderRubyText {RT} at (-8,0) size 8x14
                RenderText {#text} at (0,1) size 8x12
                  text run at (0,1) width 12: "\x{3057}\x{3068}\x{304A}"
              RenderRubyBase (anonymous) at (0,0) size 14x14
                RenderInline {RB} at (0,0) size 14x14
                  RenderText {#text} at (0,0) size 14x14
                    text run at (0,0) width 14: "\x{4ED5}\x{901A}"
          RenderText {#text} at (468,308) size 14x21
            text run at (468,308) width 21: "\x{3057}\x{3066}\x{3001}"
          RenderRuby (inline) {RUBY} at (0,0) size 14x14
            RenderRubyRun (anonymous) at (468,328) size 14x16
              RenderRubyText {RT} at (-8,0) size 8x16
                RenderText {#text} at (0,0) size 8x16
                  text run at (0,0) width 16: "\x{3042}\x{304D}\x{3042}\x{304D}"
              RenderRubyBase (anonymous) at (0,0) size 14x16
                RenderInline {RB} at (0,0) size 14x14
                  RenderText {#text} at (0,1) size 14x14
                    text run at (0,1) width 14: "\x{98FD}\x{3005}"
          RenderText {#text} at (468,343) size 14x21
            text run at (468,343) width 21: "\x{3057}\x{305F}\x{3002}"
          RenderRuby (inline) {RUBY} at (0,0) size 14x7
            RenderRubyRun (anonymous) at (468,364) size 14x7
              RenderRubyText {RT} at (-8,0) size 8x7
                RenderText {#text} at (0,1) size 8x5
                  text run at (0,1) width 4: "\x{3042}"
              RenderRubyBase (anonymous) at (0,0) size 14x7
                RenderInline {RB} at (0,0) size 14x7
                  RenderText {#text} at (0,0) size 14x7
                    text run at (0,0) width 7: "\x{98FD}"
          RenderText {#text} at (468,371) size 36x504
            text run at (468,371) width 133: "\x{304D}\x{98FD}\x{304D}\x{3057}\x{305F}\x{4E0A}\x{306B}\x{829D}\x{5C45}\x{3084}\x{5C0F}\x{8AAC}\x{3067}\x{540C}\x{3058}\x{523A}\x{6FC0}\x{3092}\x{7E70}"
            text run at (490,0) width 182: "\x{308A}\x{8FD4}\x{3057}\x{3066}\x{306F}\x{5927}\x{5909}\x{3060}\x{3002}\x{4F59}\x{304C}\x{6B32}\x{3059}\x{308B}\x{8A69}\x{306F}\x{305D}\x{3093}\x{306A}\x{4E16}\x{9593}\x{7684}\x{306E}\x{4EBA}\x{60C5}\x{3092}"
          RenderRuby (inline) {RUBY} at (0,0) size 14x14
            RenderRubyRun (anonymous) at (490,182) size 14x14
              RenderRubyText {RT} at (-8,0) size 8x14
                RenderText {#text} at (0,3) size 8x8
                  text run at (0,3) width 8: "\x{3053}\x{3076}"
              RenderRubyBase (anonymous) at (0,0) size 14x14
                RenderInline {RB} at (0,0) size 14x14
                  RenderText {#text} at (0,0) size 14x14
                    text run at (0,0) width 14: "\x{9F13}\x{821E}"
          RenderText {#text} at (490,196) size 14x182
            text run at (490,196) width 182: "\x{3059}\x{308B}\x{3088}\x{3046}\x{306A}\x{3082}\x{306E}\x{3067}\x{306F}\x{306A}\x{3044}\x{3002}\x{4FD7}\x{5FF5}\x{3092}\x{653E}\x{68C4}\x{3057}\x{3066}\x{3001}\x{3057}\x{3070}\x{3089}\x{304F}\x{3067}\x{3082}"
          RenderRuby (inline) {RUBY} at (0,0) size 14x14
            RenderRubyRun (anonymous) at (490,377) size 14x16
              RenderRubyText {RT} at (-8,0) size 8x16
                RenderText {#text} at (0,0) size 8x16
                  text run at (0,0) width 16: "\x{3058}\x{3093}\x{304B}\x{3044}"
              RenderRubyBase (anonymous) at (0,0) size 14x16
                RenderInline {RB} at (0,0) size 14x14
                  RenderText {#text} at (0,1) size 14x14
                    text run at (0,1) width 14: "\x{5875}\x{754C}"
          RenderText {#text} at (490,392) size 50x504
            text run at (490,392) width 112: "\x{3092}\x{96E2}\x{308C}\x{305F}\x{5FC3}\x{6301}\x{3061}\x{306B}\x{306A}\x{308C}\x{308B}\x{8A69}\x{3067}\x{3042}\x{308B}\x{3002}"
            text run at (504,0) width 504: "\x{3044}\x{304F}\x{3089}\x{5091}\x{4F5C}\x{3067}\x{3082}\x{4EBA}\x{60C5}\x{3092}\x{96E2}\x{308C}\x{305F}\x{829D}\x{5C45}\x{306F}\x{306A}\x{3044}\x{3001}\x{7406}\x{975E}\x{3092}\x{7D76}\x{3057}\x{305F}\x{5C0F}\x{8AAC}\x{306F}\x{5C11}\x{304B}\x{308D}\x{3046}\x{3002}\x{3069}\x{3053}\x{307E}\x{3067}\x{3082}\x{4E16}\x{9593}\x{3092}\x{51FA}\x{308B}\x{4E8B}\x{304C}\x{51FA}\x{6765}\x{306C}\x{306E}\x{304C}\x{5F7C}\x{3089}\x{306E}\x{7279}\x{8272}\x{3067}\x{3042}\x{308B}\x{3002}\x{3053}\x{3068}\x{306B}\x{897F}\x{6D0B}\x{306E}\x{8A69}\x{306B}\x{306A}\x{308B}\x{3068}\x{3001}\x{4EBA}"
            text run at (526,0) width 91: "\x{4E8B}\x{304C}\x{6839}\x{672C}\x{306B}\x{306A}\x{308B}\x{304B}\x{3089}\x{3044}\x{308F}\x{3086}\x{308B}"
          RenderRuby (inline) {RUBY} at (0,0) size 14x14
            RenderRubyRun (anonymous) at (526,91) size 14x14
              RenderRubyText {RT} at (-8,0) size 8x14
                RenderText {#text} at (0,1) size 8x12
                  text run at (0,1) width 12: "\x{3057}\x{3044}\x{304B}"
              RenderRubyBase (anonymous) at (0,0) size 14x14
                RenderInline {RB} at (0,0) size 14x14
                  RenderText {#text} at (0,0) size 14x14
                    text run at (0,0) width 14: "\x{8A69}\x{6B4C}"
          RenderText {#text} at (526,105) size 14x70
            text run at (526,105) width 70: "\x{306E}\x{7D14}\x{7C8B}\x{306A}\x{308B}\x{3082}\x{306E}\x{3082}\x{3053}\x{306E}"
          RenderRuby (inline) {RUBY} at (0,0) size 14x8
            RenderRubyRun (anonymous) at (526,173) size 14x12
              RenderRubyText {RT} at (-8,0) size 8x12
                RenderText {#text} at (0,0) size 8x12
                  text run at (0,0) width 12: "\x{304D}\x{3087}\x{3046}"
              RenderRubyBase (anonymous) at (0,0) size 14x12
                RenderInline {RB} at (0,0) size 14x8
                  RenderText {#text} at (0,2) size 14x8
                    text run at (0,2) width 7: "\x{5883}"
          RenderText {#text} at (526,183) size 14x7
            text run at (526,183) width 7: "\x{3092}"
          RenderRuby (inline) {RUBY} at (0,0) size 14x14
            RenderRubyRun (anonymous) at (526,190) size 14x14
              RenderRubyText {RT} at (-8,0) size 8x14
                RenderText {#text} at (0,1) size 8x12
                  text run at (0,1) width 12: "\x{3052}\x{3060}\x{3064}"
              RenderRubyBase (anonymous) at (0,0) size 14x14
                RenderInline {RB} at (0,0) size 14x14
                  RenderText {#text} at (0,0) size 14x14
                    text run at (0,0) width 14: "\x{89E3}\x{8131}"
          RenderText {#text} at (526,204) size 14x252
            text run at (526,204) width 252: "\x{3059}\x{308B}\x{4E8B}\x{3092}\x{77E5}\x{3089}\x{306C}\x{3002}\x{3069}\x{3053}\x{307E}\x{3067}\x{3082}\x{540C}\x{60C5}\x{3060}\x{3068}\x{304B}\x{3001}\x{611B}\x{3060}\x{3068}\x{304B}\x{3001}\x{6B63}\x{7FA9}\x{3060}\x{3068}\x{304B}\x{3001}\x{81EA}\x{7531}\x{3060}\x{3068}\x{304B}\x{3001}"
          RenderRuby (inline) {RUBY} at (0,0) size 14x14
            RenderRubyRun (anonymous) at (526,456) size 14x14
              RenderRubyText {RT} at (-8,0) size 8x14
                RenderText {#text} at (0,1) size 8x12
                  text run at (0,1) width 12: "\x{3046}\x{304D}\x{3088}"
              RenderRubyBase (anonymous) at (0,0) size 14x14
                RenderInline {RB} at (0,0) size 14x14
                  RenderText {#text} at (0,0) size 14x14
                    text run at (0,0) width 14: "\x{6D6E}\x{4E16}"
          RenderText {#text} at (526,470) size 14x7
            text run at (526,470) width 7: "\x{306E}"
          RenderRuby (inline) {RUBY} at (0,0) size 14x21
            RenderRubyRun (anonymous) at (526,477) size 14x21
              RenderRubyText {RT} at (-8,0) size 8x21
                RenderText {#text} at (0,0) size 8x21
                  text run at (0,0) width 20: "\x{304B}\x{3093}\x{3053}\x{3046}\x{3070}"
              RenderRubyBase (anonymous) at (0,0) size 14x21
                RenderInline {RB} at (0,0) size 14x21
                  RenderText {#text} at (0,0) size 14x21
                    text run at (0,0) width 21: "\x{52E7}\x{5DE5}\x{5834}"
          RenderText {#text} at (548,0) size 14x70
            text run at (548,0) width 70: "\x{306B}\x{3042}\x{308B}\x{3082}\x{306E}\x{3060}\x{3051}\x{3067}\x{7528}\x{3092}"
          RenderRuby (inline) {RUBY} at (0,0) size 14x8
            RenderRubyRun (anonymous) at (548,70) size 14x8
              RenderRubyText {RT} at (-8,0) size 8x8
                RenderText {#text} at (0,0) size 8x8
                  text run at (0,0) width 8: "\x{3079}\x{3093}"
              RenderRubyBase (anonymous) at (0,0) size 14x8
                RenderInline {RB} at (0,0) size 14x8
                  RenderText {#text} at (0,0) size 14x8
                    text run at (0,0) width 7: "\x{5F01}"
          RenderText {#text} at (548,78) size 14x140
            text run at (548,78) width 140: "\x{3058}\x{3066}\x{3044}\x{308B}\x{3002}\x{3044}\x{304F}\x{3089}\x{8A69}\x{7684}\x{306B}\x{306A}\x{3063}\x{3066}\x{3082}\x{5730}\x{9762}\x{306E}\x{4E0A}\x{3092}"
          RenderRuby (inline) {RUBY} at (0,0) size 14x7
            RenderRubyRun (anonymous) at (548,218) size 14x7
              RenderRubyText {RT} at (-8,0) size 8x7
                RenderText {#text} at (0,1) size 8x5
                  text run at (0,1) width 4: "\x{304B}"
              RenderRubyBase (anonymous) at (0,0) size 14x7
                RenderInline {RB} at (0,0) size 14x7
                  RenderText {#text} at (0,0) size 14x7
                    text run at (0,0) width 7: "\x{99B3}"
          RenderText {#text} at (548,225) size 14x49
            text run at (548,225) width 49: "\x{3051}\x{3066}\x{3042}\x{308B}\x{3044}\x{3066}\x{3001}"
          RenderRuby (inline) {RUBY} at (0,0) size 14x8
            RenderRubyRun (anonymous) at (548,274) size 14x8
              RenderRubyText {RT} at (-8,0) size 8x8
                RenderText {#text} at (0,0) size 8x8
                  text run at (0,0) width 8: "\x{305C}\x{306B}"
              RenderRubyBase (anonymous) at (0,0) size 14x8
                RenderInline {RB} at (0,0) size 14x8
                  RenderText {#text} at (0,0) size 14x8
                    text run at (0,0) width 7: "\x{92AD}"
          RenderText {#text} at (548,282) size 14x126
            text run at (548,282) width 126: "\x{306E}\x{52D8}\x{5B9A}\x{3092}\x{5FD8}\x{308C}\x{308B}\x{3072}\x{307E}\x{304C}\x{306A}\x{3044}\x{3002}\x{30B7}\x{30A7}\x{30EC}\x{30FC}\x{304C}"
          RenderRuby (inline) {RUBY} at (0,0) size 14x14
            RenderRubyRun (anonymous) at (548,408) size 14x14
              RenderRubyText {RT} at (-8,0) size 8x14
                RenderText {#text} at (0,1) size 8x12
                  text run at (0,1) width 12: "\x{3072}\x{3070}\x{308A}"
              RenderRubyBase (anonymous) at (0,0) size 14x14
                RenderInline {RB} at (0,0) size 14x14
                  RenderText {#text} at (0,0) size 14x14
                    text run at (0,0) width 14: "\x{96F2}\x{96C0}"
          RenderText {#text} at (548,422) size 28x499
            text run at (548,422) width 77: "\x{3092}\x{805E}\x{3044}\x{3066}\x{5606}\x{606F}\x{3057}\x{305F}\x{306E}\x{3082}\x{7121}"
            text run at (562,0) width 35: "\x{7406}\x{306F}\x{306A}\x{3044}\x{3002}"
          RenderBR {BR} at (562,35) size 14x0
          RenderText {#text} at (584,0) size 14x70
            text run at (584,0) width 70: "\x{3000}\x{3046}\x{308C}\x{3057}\x{3044}\x{4E8B}\x{306B}\x{6771}\x{6D0B}\x{306E}"
          RenderRuby (inline) {RUBY} at (0,0) size 14x14
            RenderRubyRun (anonymous) at (584,70) size 14x14
              RenderRubyText {RT} at (-8,0) size 8x14
                RenderText {#text} at (0,1) size 8x12
                  text run at (0,1) width 12: "\x{3057}\x{3044}\x{304B}"
              RenderRubyBase (anonymous) at (0,0) size 14x14
                RenderInline {RB} at (0,0) size 14x14
                  RenderText {#text} at (0,0) size 14x14
                    text run at (0,0) width 14: "\x{8A69}\x{6B4C}"
          RenderText {#text} at (584,84) size 14x28
            text run at (584,84) width 28: "\x{306F}\x{305D}\x{3053}\x{3092}"
          RenderRuby (inline) {RUBY} at (0,0) size 14x14
            RenderRubyRun (anonymous) at (584,112) size 14x14
              RenderRubyText {RT} at (-8,0) size 8x14
                RenderText {#text} at (0,1) size 8x12
                  text run at (0,1) width 12: "\x{3052}\x{3060}\x{3064}"
              RenderRubyBase (anonymous) at (0,0) size 14x14
                RenderInline {RB} at (0,0) size 14x14
                  RenderText {#text} at (0,0) size 14x14
                    text run at (0,0) width 14: "\x{89E3}\x{8131}"
          RenderText {#text} at (584,126) size 14x49
            text run at (584,126) width 49: "\x{3057}\x{305F}\x{306E}\x{304C}\x{3042}\x{308B}\x{3002}"
          RenderRuby (inline) {RUBY} at (0,0) size 14x17
            RenderRubyRun (anonymous) at (584,172) size 14x20
              RenderRubyText {RT} at (-8,0) size 8x20
                RenderText {#text} at (0,0) size 8x20
                  text run at (0,0) width 20: "\x{304D}\x{304F}\x{3092}\x{3068}\x{308B}"
              RenderRubyBase (anonymous) at (0,0) size 14x20
                RenderInline {RB} at (0,0) size 14x14
                  RenderText {#text} at (0,3) size 14x14
                    text run at (0,3) width 14: "\x{63A1}\x{83CA}"
          RenderRuby (inline) {RUBY} at (0,0) size 14x23
            RenderRubyRun (anonymous) at (584,192) size 14x24
              RenderRubyText {RT} at (-8,0) size 8x24
                RenderText {#text} at (0,0) size 8x24
                  text run at (0,0) width 24: "\x{3068}\x{3046}\x{308A}\x{306E}\x{3082}\x{3068}"
              RenderRubyBase (anonymous) at (0,0) size 14x24
                RenderInline {RB} at (0,0) size 14x22
                  RenderText {#text} at (0,1) size 14x22
                    text run at (0,1) width 21: "\x{6771}\x{7C6C}\x{4E0B}"
          RenderText {#text} at (584,215) size 14x7
            text run at (584,215) width 7: "\x{3001}"
          RenderRuby (inline) {RUBY} at (0,0) size 14x25
            RenderRubyRun (anonymous) at (584,219) size 14x28
              RenderRubyText {RT} at (-8,0) size 8x28
                RenderText {#text} at (0,0) size 8x28
                  text run at (0,0) width 28: "\x{3086}\x{3046}\x{305C}\x{3093}\x{3068}\x{3057}\x{3066}"
              RenderRubyBase (anonymous) at (0,0) size 14x28
                RenderInline {RB} at (0,0) size 14x14
                  RenderText {#text} at (0,7) size 14x14
                    text run at (0,7) width 14: "\x{60A0}\x{7136}"
          RenderRuby (inline) {RUBY} at (0,0) size 14x25
            RenderRubyRun (anonymous) at (584,247) size 14x28
              RenderRubyText {RT} at (-8,0) size 8x28
                RenderText {#text} at (0,0) size 8x28
                  text run at (0,0) width 28: "\x{306A}\x{3093}\x{3056}\x{3093}\x{3092}\x{307F}\x{308B}"
              RenderRubyBase (anonymous) at (0,0) size 14x28
                RenderInline {RB} at (0,0) size 14x22
                  RenderText {#text} at (0,3) size 14x22
                    text run at (0,3) width 21: "\x{898B}\x{5357}\x{5C71}"
          RenderText {#text} at (584,272) size 14x56
            text run at (584,272) width 56: "\x{3002}\x{305F}\x{3060}\x{305D}\x{308C}\x{304E}\x{308A}\x{306E}"
          RenderRuby (inline) {RUBY} at (0,0) size 14x8
            RenderRubyRun (anonymous) at (584,328) size 14x8
              RenderRubyText {RT} at (-8,0) size 8x8
                RenderText {#text} at (0,0) size 8x8
                  text run at (0,0) width 8: "\x{3046}\x{3061}"
              RenderRubyBase (anonymous) at (0,0) size 14x8
                RenderInline {RB} at (0,0) size 14x8
                  RenderText {#text} at (0,0) size 14x8
                    text run at (0,0) width 7: "\x{88CF}"
          RenderText {#text} at (584,336) size 36x504
            text run at (584,336) width 168: "\x{306B}\x{6691}\x{82E6}\x{3057}\x{3044}\x{4E16}\x{306E}\x{4E2D}\x{3092}\x{307E}\x{308B}\x{3067}\x{5FD8}\x{308C}\x{305F}\x{5149}\x{666F}\x{304C}\x{51FA}\x{3066}\x{304F}\x{308B}\x{3002}\x{57A3}"
            text run at (606,0) width 63: "\x{306E}\x{5411}\x{3046}\x{306B}\x{96A3}\x{308A}\x{306E}\x{5A18}\x{304C}"
          RenderRuby (inline) {RUBY} at (0,0) size 14x8
            RenderRubyRun (anonymous) at (606,63) size 14x8
              RenderRubyText {RT} at (-8,0) size 8x8
                RenderText {#text} at (0,0) size 8x8
                  text run at (0,0) width 8: "\x{306E}\x{305E}"
              RenderRubyBase (anonymous) at (0,0) size 14x8
                RenderInline {RB} at (0,0) size 14x8
                  RenderText {#text} at (0,0) size 14x8
                    text run at (0,0) width 7: "\x{8997}"
          RenderText {#text} at (606,71) size 14x77
            text run at (606,71) width 77: "\x{3044}\x{3066}\x{308B}\x{8A33}\x{3067}\x{3082}\x{306A}\x{3051}\x{308C}\x{3070}\x{3001}"
          RenderRuby (inline) {RUBY} at (0,0) size 14x14
            RenderRubyRun (anonymous) at (606,147) size 14x16
              RenderRubyText {RT} at (-8,0) size 8x16
                RenderText {#text} at (0,0) size 8x16
                  text run at (0,0) width 16: "\x{306A}\x{3093}\x{3056}\x{3093}"
              RenderRubyBase (anonymous) at (0,0) size 14x16
                RenderInline {RB} at (0,0) size 14x14
                  RenderText {#text} at (0,1) size 14x14
                    text run at (0,1) width 14: "\x{5357}\x{5C71}"
          RenderText {#text} at (606,162) size 14x140
            text run at (606,162) width 140: "\x{306B}\x{89AA}\x{53CB}\x{304C}\x{5949}\x{8077}\x{3057}\x{3066}\x{3044}\x{308B}\x{6B21}\x{7B2C}\x{3067}\x{3082}\x{306A}\x{3044}\x{3002}\x{8D85}\x{7136}\x{3068}"
          RenderRuby (inline) {RUBY} at (0,0) size 14x28
            RenderRubyRun (anonymous) at (606,300) size 14x32
              RenderRubyText {RT} at (-8,0) size 8x32
                RenderText {#text} at (0,0) size 8x32
                  text run at (0,0) width 32: "\x{3057}\x{3085}\x{3063}\x{305B}\x{3051}\x{3093}\x{3066}\x{304D}"
              RenderRubyBase (anonymous) at (0,0) size 14x32
                RenderInline {RB} at (0,0) size 14x28
                  RenderText {#text} at (0,2) size 14x28
                    text run at (0,2) width 28: "\x{51FA}\x{4E16}\x{9593}\x{7684}"
          RenderText {#text} at (606,330) size 14x147
            text run at (606,330) width 147: "\x{306B}\x{5229}\x{5BB3}\x{640D}\x{5F97}\x{306E}\x{6C57}\x{3092}\x{6D41}\x{3057}\x{53BB}\x{3063}\x{305F}\x{5FC3}\x{6301}\x{3061}\x{306B}\x{306A}\x{308C}\x{308B}\x{3002}"
          RenderRuby (inline) {RUBY} at (0,0) size 14x10
            RenderRubyRun (anonymous) at (606,475) size 14x12
              RenderRubyText {RT} at (-8,0) size 8x12
                RenderText {#text} at (0,0) size 8x12
                  text run at (0,0) width 12: "\x{3072}\x{3068}\x{308A}"
              RenderRubyBase (anonymous) at (0,0) size 14x12
                RenderInline {RB} at (0,0) size 14x8
                  RenderText {#text} at (0,2) size 14x8
                    text run at (0,2) width 7: "\x{72EC}"
          RenderRuby (inline) {RUBY} at (0,0) size 14x37
            RenderRubyRun (anonymous) at (628,0) size 14x40
              RenderRubyText {RT} at (-8,0) size 8x40
                RenderText {#text} at (0,0) size 8x40
                  text run at (0,0) width 40: "\x{3086}\x{3046}\x{3053}\x{3046}\x{306E}\x{3046}\x{3061}\x{306B}\x{3056}\x{3057}"
              RenderRubyBase (anonymous) at (0,0) size 14x40
                RenderInline {RB} at (0,0) size 14x28
                  RenderText {#text} at (0,6) size 14x28
                    text run at (0,6) width 28: "\x{5750}\x{5E7D}\x{7BC1}\x{88CF}"
          RenderText {#text} at (628,37) size 14x7
            text run at (628,37) width 7: "\x{3001}"
          RenderRuby (inline) {RUBY} at (0,0) size 14x25
            RenderRubyRun (anonymous) at (628,41) size 14x28
              RenderRubyText {RT} at (-8,0) size 8x28
                RenderText {#text} at (0,0) size 8x28
                  text run at (0,0) width 28: "\x{304D}\x{3093}\x{3092}\x{3060}\x{3093}\x{3058}\x{3066}"
              RenderRubyBase (anonymous) at (0,0) size 14x28
                RenderInline {RB} at (0,0) size 14x14
                  RenderText {#text} at (0,7) size 14x14
                    text run at (0,7) width 14: "\x{5F3E}\x{7434}"
          RenderRuby (inline) {RUBY} at (0,0) size 14x33
            RenderRubyRun (anonymous) at (628,69) size 14x36
              RenderRubyText {RT} at (-8,0) size 8x36
                RenderText {#text} at (0,0) size 8x36
                  text run at (0,0) width 36: "\x{307E}\x{305F}\x{3061}\x{3087}\x{3046}\x{3057}\x{3087}\x{3046}\x{3059}"
              RenderRubyBase (anonymous) at (0,0) size 14x36
                RenderInline {RB} at (0,0) size 14x22
                  RenderText {#text} at (0,7) size 14x22
                    text run at (0,7) width 21: "\x{5FA9}\x{9577}\x{562F}"
          RenderText {#text} at (628,102) size 14x7
            text run at (628,102) width 7: "\x{3001}"
          RenderRuby (inline) {RUBY} at (0,0) size 14x15
            RenderRubyRun (anonymous) at (628,108) size 14x16
              RenderRubyText {RT} at (-8,0) size 8x16
                RenderText {#text} at (0,0) size 8x16
                  text run at (0,0) width 16: "\x{3057}\x{3093}\x{308A}\x{3093}"
              RenderRubyBase (anonymous) at (0,0) size 14x16
                RenderInline {RB} at (0,0) size 14x14
                  RenderText {#text} at (0,1) size 14x14
                    text run at (0,1) width 14: "\x{6DF1}\x{6797}"
          RenderRuby (inline) {RUBY} at (0,0) size 14x21
            RenderRubyRun (anonymous) at (628,124) size 14x21
              RenderRubyText {RT} at (-8,0) size 8x21
                RenderText {#text} at (0,0) size 8x21
                  text run at (0,0) width 20: "\x{3072}\x{3068}\x{3057}\x{3089}\x{305A}"
              RenderRubyBase (anonymous) at (0,0) size 14x21
                RenderInline {RB} at (0,0) size 14x21
                  RenderText {#text} at (0,0) size 14x21
                    text run at (0,0) width 21: "\x{4EBA}\x{4E0D}\x{77E5}"
          RenderText {#text} at (628,145) size 14x7
            text run at (628,145) width 7: "\x{3001}"
          RenderRuby (inline) {RUBY} at (0,0) size 14x29
            RenderRubyRun (anonymous) at (628,149) size 14x32
              RenderRubyText {RT} at (-8,0) size 8x32
                RenderText {#text} at (0,0) size 8x32
                  text run at (0,0) width 32: "\x{3081}\x{3044}\x{3052}\x{3064}\x{304D}\x{305F}\x{308A}\x{3066}"
              RenderRubyBase (anonymous) at (0,0) size 14x32
                RenderInline {RB} at (0,0) size 14x22
                  RenderText {#text} at (0,5) size 14x22
                    text run at (0,5) width 21: "\x{660E}\x{6708}\x{6765}"
          RenderRuby (inline) {RUBY} at (0,0) size 14x17
            RenderRubyRun (anonymous) at (628,181) size 14x20
              RenderRubyText {RT} at (-8,0) size 8x20
                RenderText {#text} at (0,0) size 8x20
                  text run at (0,0) width 20: "\x{3042}\x{3044}\x{3066}\x{3089}\x{3059}"
              RenderRubyBase (anonymous) at (0,0) size 14x20
                RenderInline {RB} at (0,0) size 14x14
                  RenderText {#text} at (0,3) size 14x14
                    text run at (0,3) width 14: "\x{76F8}\x{7167}"
          RenderText {#text} at (628,198) size 14x70
            text run at (628,198) width 70: "\x{3002}\x{305F}\x{3060}\x{4E8C}\x{5341}\x{5B57}\x{306E}\x{3046}\x{3061}\x{306B}"
          RenderRuby (inline) {RUBY} at (0,0) size 14x8
            RenderRubyRun (anonymous) at (628,268) size 14x8
              RenderRubyText {RT} at (-8,0) size 8x8
                RenderText {#text} at (0,0) size 8x8
                  text run at (0,0) width 8: "\x{3086}\x{3046}"
              RenderRubyBase (anonymous) at (0,0) size 14x8
                RenderInline {RB} at (0,0) size 14x8
                  RenderText {#text} at (0,0) size 14x8
                    text run at (0,0) width 7: "\x{512A}"
          RenderText {#text} at (628,276) size 14x7
            text run at (628,276) width 7: "\x{306B}"
          RenderRuby (inline) {RUBY} at (0,0) size 14x22
            RenderRubyRun (anonymous) at (628,282) size 14x24
              RenderRubyText {RT} at (-8,0) size 8x24
                RenderText {#text} at (0,0) size 8x24
                  text run at (0,0) width 24: "\x{3079}\x{3064}\x{3051}\x{3093}\x{3053}\x{3093}"
              RenderRubyBase (anonymous) at (0,0) size 14x24
                RenderInline {RB} at (0,0) size 14x22
                  RenderText {#text} at (0,1) size 14x22
                    text run at (0,1) width 21: "\x{5225}\x{4E7E}\x{5764}"
          RenderText {#text} at (628,305) size 14x7
            text run at (628,305) width 7: "\x{3092}"
          RenderRuby (inline) {RUBY} at (0,0) size 14x14
            RenderRubyRun (anonymous) at (628,309) size 14x20
              RenderRubyText {RT} at (-8,0) size 8x20
                RenderText {#text} at (0,0) size 8x20
                  text run at (0,0) width 20: "\x{3053}\x{3093}\x{308A}\x{3085}\x{3046}"
              RenderRubyBase (anonymous) at (0,0) size 14x20
                RenderInline {RB} at (0,0) size 14x14
                  RenderText {#text} at (0,3) size 14x14
                    text run at (0,3) width 14: "\x{5EFA}\x{7ACB}"
          RenderText {#text} at (628,326) size 14x70
            text run at (628,326) width 70: "\x{3057}\x{3066}\x{3044}\x{308B}\x{3002}\x{3053}\x{306E}\x{4E7E}\x{5764}\x{306E}"
          RenderRuby (inline) {RUBY} at (0,0) size 14x14
            RenderRubyRun (anonymous) at (628,396) size 14x14
              RenderRubyText {RT} at (-8,0) size 8x14
                RenderText {#text} at (0,1) size 8x12
                  text run at (0,1) width 12: "\x{304F}\x{3069}\x{304F}"
              RenderRubyBase (anonymous) at (0,0) size 14x14
                RenderInline {RB} at (0,0) size 14x14
                  RenderText {#text} at (0,0) size 14x14
                    text run at (0,0) width 14: "\x{529F}\x{5FB3}"
          RenderText {#text} at (628,410) size 14x14
            text run at (628,410) width 14: "\x{306F}\x{300C}"
          RenderRuby (inline) {RUBY} at (0,0) size 14x21
            RenderRubyRun (anonymous) at (628,424) size 14x21
              RenderRubyText {RT} at (-8,0) size 8x21
                RenderText {#text} at (0,0) size 8x21
                  text run at (0,0) width 20: "\x{307B}\x{3068}\x{3068}\x{304E}\x{3059}"
              RenderRubyBase (anonymous) at (0,0) size 14x21
                RenderInline {RB} at (0,0) size 14x21
                  RenderText {#text} at (0,0) size 14x21
                    text run at (0,0) width 21: "\x{4E0D}\x{5982}\x{5E30}"
          RenderText {#text} at (628,445) size 14x21
            text run at (628,445) width 21: "\x{300D}\x{3084}\x{300C}"
          RenderRuby (inline) {RUBY} at (0,0) size 14x28
            RenderRubyRun (anonymous) at (628,466) size 14x28
              RenderRubyText {RT} at (-8,0) size 8x28
                RenderText {#text} at (0,0) size 8x28
                  text run at (0,0) width 28: "\x{3053}\x{3093}\x{3058}\x{304D}\x{3084}\x{3057}\x{3083}"
              RenderRubyBase (anonymous) at (0,0) size 14x28
                RenderInline {RB} at (0,0) size 14x28
                  RenderText {#text} at (0,0) size 14x28
                    text run at (0,0) width 28: "\x{91D1}\x{8272}\x{591C}\x{53C9}"
          RenderText {#text} at (628,494) size 36x501
            text run at (628,494) width 7: "\x{300D}"
            text run at (650,0) width 217: "\x{306E}\x{529F}\x{5FB3}\x{3067}\x{306F}\x{306A}\x{3044}\x{3002}\x{6C7D}\x{8239}\x{3001}\x{6C7D}\x{8ECA}\x{3001}\x{6A29}\x{5229}\x{3001}\x{7FA9}\x{52D9}\x{3001}\x{9053}\x{5FB3}\x{3001}\x{793C}\x{7FA9}\x{3067}\x{75B2}\x{308C}\x{679C}\x{3066}\x{305F}"
          RenderRuby (inline) {RUBY} at (0,0) size 14x8
            RenderRubyRun (anonymous) at (650,217) size 14x8
              RenderRubyText {RT} at (-8,0) size 8x8
                RenderText {#text} at (0,0) size 8x8
                  text run at (0,0) width 8: "\x{306E}\x{3061}"
              RenderRubyBase (anonymous) at (0,0) size 14x8
                RenderInline {RB} at (0,0) size 14x8
                  RenderText {#text} at (0,0) size 14x8
                    text run at (0,0) width 7: "\x{5F8C}"
          RenderText {#text} at (650,225) size 14x182
            text run at (650,225) width 182: "\x{306B}\x{3001}\x{3059}\x{3079}\x{3066}\x{3092}\x{5FD8}\x{5374}\x{3057}\x{3066}\x{3050}\x{3063}\x{3059}\x{308A}\x{5BDD}\x{8FBC}\x{3080}\x{3088}\x{3046}\x{306A}\x{529F}\x{5FB3}\x{3067}\x{3042}\x{308B}\x{3002}"
          RenderBR {BR} at (650,407) size 14x0
