layer at (0,0) size 800x600
  RenderView at (0,0) size 800x600
layer at (0,0) size 800x600
  RenderBlock {HTML} at (0,0) size 800x600
    RenderBody {BODY} at (0,0) size 800x600
      RenderBlock {P} at (0,0) size 800x14
        RenderText {#text} at (0,0) size 167x14
          text run at (0,0) width 167: "This is a test for regression against "
        RenderInline {A} at (0,0) size 230x14 [color=#0000EE]
          RenderText {#text} at (167,0) size 230x14
            text run at (167,0) width 230: "https://bugs.webkit.org/show_bug.cgi?id=40142"
      RenderBlock {DIV} at (0,26) size 800x152
        RenderBlock {DIV} at (0,0) size 402x152 [border: (1px solid #DDDDDD)]
          RenderImage {IMG} at (155,1) size 92x100
