layer at (0,0) size 800x600
  RenderView at (0,0) size 800x600
layer at (0,0) size 800x224
  RenderBlock {HTML} at (0,0) size 800x224
    RenderBody {BODY} at (8,12) size 784x204
      RenderBlock {P} at (0,0) size 784x14
        RenderInline {B} at (0,0) size 47x14
          RenderText {#text} at (0,0) size 47x14
            text run at (0,0) width 47: "BUG ID:"
        RenderText {#text} at (47,0) size 3x14
          text run at (47,0) width 3: " "
        RenderInline {A} at (0,0) size 87x14 [color=#0000EE]
          RenderText {#text} at (50,0) size 87x14
            text run at (50,0) width 87: "Bugzilla bug 6388"
        RenderText {#text} at (137,0) size 366x14
          text run at (137,0) width 366: " REGRESSION: Incomplete repaint when dragging the map on Google maps"
      RenderBlock {P} at (0,26) size 784x20 [bgcolor=#98FB98]
        RenderInline {B} at (0,0) size 68x14
          RenderText {#text} at (3,3) size 68x14
            text run at (3,3) width 68: "TEST PASS:"
        RenderText {#text} at (71,3) size 179x14
          text run at (71,3) width 3: " "
          text run at (74,3) width 176: "The blue square will change to green."
      RenderBlock {P} at (0,58) size 784x20 [bgcolor=#FF3300]
        RenderInline {B} at (0,0) size 67x14
          RenderText {#text} at (3,3) size 67x14
            text run at (3,3) width 67: "TEST FAIL:"
        RenderText {#text} at (70,3) size 207x14
          text run at (70,3) width 3: " "
          text run at (73,3) width 204: "The blue square will NOT change to green."
      RenderBlock (anonymous) at (0,190) size 784x14
        RenderBR {BR} at (0,0) size 0x14
layer at (8,102) size 100x100
  RenderBlock (relative positioned) {DIV} at (0,90) size 100x100
layer at (-92,102) size 200x100 backgroundClip at (8,102) size 100x100 clip at (8,102) size 100x100 outlineClip at (8,102) size 100x100
  RenderBlock (positioned) {DIV} at (0,0) size 200x100 [bgcolor=#008000]
    RenderBlock {DIV} at (0,0) size 100x100 [bgcolor=#0000FF]
