layer at (0,0) size 800x600
  RenderView at (0,0) size 800x600
layer at (0,0) size 800x164
  RenderBlock {HTML} at (0,0) size 800x164
    RenderBody {BODY} at (8,12) size 784x140
      RenderBlock {P} at (0,0) size 784x14
        RenderInline {B} at (0,0) size 47x14
          RenderText {#text} at (0,0) size 47x14
            text run at (0,0) width 47: "BUG ID:"
        RenderText {#text} at (47,0) size 3x14
          text run at (47,0) width 3: " "
        RenderInline {A} at (0,0) size 87x14 [color=#0000EE]
          RenderText {#text} at (50,0) size 87x14
            text run at (50,0) width 87: "Bugzilla bug 5699"
        RenderText {#text} at (137,0) size 170x14
          text run at (137,0) width 170: " REGRESSION: incomplete repaint"
      RenderBlock {P} at (0,26) size 784x20 [bgcolor=#98FB98]
        RenderInline {B} at (0,0) size 68x14
          RenderText {#text} at (3,3) size 68x14
            text run at (3,3) width 68: "TEST PASS:"
        RenderText {#text} at (71,3) size 171x14
          text run at (71,3) width 3: " "
          text run at (74,3) width 168: "The word \x{201C}Hello\x{201D} will move down."
      RenderBlock {P} at (0,58) size 784x20 [bgcolor=#FF3300]
        RenderInline {B} at (0,0) size 67x14
          RenderText {#text} at (3,3) size 67x14
            text run at (3,3) width 67: "TEST FAIL:"
        RenderText {#text} at (70,3) size 223x14
          text run at (70,3) width 3: " "
          text run at (73,3) width 220: "Another copy of the word \x{201C}Hello\x{201D} will appear."
      RenderBlock {P} at (0,90) size 784x50
        RenderInline {SPAN} at (0,0) size 3x14
          RenderText {#text} at (0,11) size 3x14
            text run at (0,11) width 3: " "
        RenderBR {BR} at (3,11) size 0x14
        RenderText {#text} at (0,36) size 26x14
          text run at (0,36) width 26: "Hello"
        RenderBR {BR} at (26,36) size 0x14
