layer at (0,0) size 800x600
  RenderView at (0,0) size 800x600
layer at (0,0) size 800x224
  RenderBlock {HTML} at (0,0) size 800x224
    RenderBody {BODY} at (8,12) size 784x204
      RenderBlock {P} at (0,0) size 784x14
        RenderInline {B} at (0,0) size 47x14
          RenderText {#text} at (0,0) size 47x14
            text run at (0,0) width 47: "BUG ID:"
        RenderText {#text} at (47,0) size 3x14
          text run at (47,0) width 3: " "
        RenderInline {A} at (0,0) size 87x14 [color=#0000EE]
          RenderText {#text} at (50,0) size 87x14
            text run at (50,0) width 87: "Bugzilla bug 7235"
        RenderText {#text} at (137,0) size 297x14
          text run at (137,0) width 297: " Pure CSS Tooltips method renders wrong and creates artifacts"
      RenderBlock {P} at (0,26) size 784x20 [bgcolor=#98FB98]
        RenderInline {B} at (0,0) size 68x14
          RenderText {#text} at (3,3) size 68x14
            text run at (3,3) width 68: "TEST PASS:"
        RenderText {#text} at (71,3) size 196x14
          text run at (71,3) width 3: " "
          text run at (74,3) width 193: "The square should change to solid green."
      RenderBlock {P} at (0,58) size 784x20 [bgcolor=#FF3300]
        RenderInline {B} at (0,0) size 67x14
          RenderText {#text} at (3,3) size 67x14
            text run at (3,3) width 67: "TEST FAIL:"
        RenderText {#text} at (70,3) size 560x14
          text run at (70,3) width 3: " "
          text run at (73,3) width 557: "The square will remain red and will only change to green when the window is resized, scrolled or otherwise repainted."
      RenderBlock {P} at (0,90) size 784x0
      RenderBlock (anonymous) at (0,90) size 784x14
        RenderText {#text} at (0,0) size 0x0
      RenderBlock {DIV} at (0,104) size 100x100 [bgcolor=#FF0000]
layer at (-92,102) size 3x14 backgroundClip at (0,0) size 800x600 clip at (0,0) size 800x600 outlineClip at (0,0) size 800x600
  RenderInline (relative positioned) {SPAN} at (0,0) size 3x14
    RenderText {#text} at (100,0) size 3x14
      text run at (100,0) width 3: " "
layer at (8,116) size 100x100
  RenderBlock (positioned) {DIV} at (0,14) size 100x100 [bgcolor=#008000]
