layer at (0,0) size 800x600
  RenderView at (0,0) size 800x600
layer at (0,0) size 800x116
  RenderBlock {HTML} at (0,0) size 800x116
    RenderBody {BODY} at (8,12) size 784x84
      RenderBlock {P} at (0,0) size 784x14
        RenderText {#text} at (0,0) size 133x14
          text run at (0,0) width 133: "If you see red, the test failed"
layer at (28,46) size 250x50
  RenderBlock {DIV} at (20,34) size 250x50 [bgcolor=#008000]
