layer at (0,0) size 808x600
  RenderView at (0,0) size 800x600
layer at (0,0) size 800x152
  RenderBlock {HTML} at (0,0) size 800x152
    RenderBody {BODY} at (8,12) size 784x132
      RenderBlock {P} at (0,0) size 784x14
        RenderText {#text} at (0,0) size 75x14
          text run at (0,0) width 75: "Repaint test for "
        RenderInline {I} at (0,0) size 93x14
          RenderInline {A} at (0,0) size 93x14 [color=#0000EE]
            RenderText {#text} at (75,0) size 93x14
              text run at (75,0) width 93: "Bugzilla bug 23524"
        RenderText {#text} at (168,0) size 498x14
          text run at (168,0) width 3: " "
          text run at (171,0) width 495: "Make sure that a table section doesn't stop painting when vertical alignment of cells dynamically changes."
      RenderBlock {DIV} at (0,26) size 800x106
        RenderTable {TABLE} at (0,0) size 110x106
          RenderTableSection {TBODY} at (0,0) size 110x106
            RenderTableRow {TR} at (0,2) size 110x102
              RenderTableCell {TD} at (2,2) size 102x102 [r=0 c=0 rs=1 cs=1]
                RenderBlock (floating) {DIV} at (1,1) size 100x100 [bgcolor=#008000]
              RenderTableCell {TD} at (106,2) size 2x3 [r=0 c=1 rs=1 cs=1]
                RenderBlock {DIV} at (1,1) size 0x0
                RenderBlock {DIV} at (1,2) size 0x0
                RenderBlock {DIV} at (1,2) size 0x0
