layer at (0,0) size 800x600
  RenderView at (0,0) size 800x600
layer at (0,0) size 800x600
  RenderBlock {HTML} at (0,0) size 800x600
    RenderBody {BODY} at (0,0) size 800x600
      RenderPartObject {IFRAME} at (0,0) size 500x600
        layer at (0,0) size 500x600
          RenderView at (0,0) size 500x600
        layer at (0,0) size 500x600
          RenderBlock {HTML} at (0,0) size 500x600
            RenderBody {BODY} at (8,8) size 484x580
              RenderBlock {DIV} at (0,0) size 450x50
                RenderBlock (floating) {DIV} at (370,10) size 70x150 [bgcolor=#FFC0CB]
              RenderBlock {P} at (0,62) size 418x306 [border: (3px solid #800000)]
                RenderText {#text} at (6,6) size 354x70
                  text run at (6,6) width 289: "The chief difficulty Alice found at first was in managing her "
                  text run at (295,6) width 65: "flamingo: she"
                  text run at (6,20) width 206: "succeeded in getting its body tucked away, "
                  text run at (212,20) width 148: "comfortably enough, under her"
                  text run at (6,34) width 159: "arm, with its legs hanging down, "
                  text run at (165,34) width 195: "but generally, just as she had got its neck"
                  text run at (6,48) width 93: "nicely straightened "
                  text run at (99,48) width 261: "out, and was going to give the hedgehog a blow with"
                  text run at (6,62) width 55: "its head, it "
                RenderInline {I} at (0,0) size 29x14
                  RenderText {#text} at (61,62) size 29x14
                    text run at (61,62) width 29: "would"
                RenderText {#text} at (90,62) size 354x42
                  text run at (90,62) width 238: " twist itself round and look up in her face, with "
                  text run at (328,62) width 32: "such a"
                  text run at (6,76) width 287: "puzzled expression that she could not help bursting out "
                  text run at (293,76) width 67: "laughing: and"
                  text run at (6,90) width 248: "when she had got its head down, and was going to "
                RenderBlock (floating) {SPAN} at (324,92) size 36x36 [bgcolor=#FFFFE0]
                RenderText {#text} at (254,90) size 406x84
                  text run at (254,90) width 68: "begin again, it"
                  text run at (6,104) width 247: "was very provoking to find that the hedgehog had "
                  text run at (253,104) width 69: "unrolled itself,"
                  text run at (6,118) width 244: "and was in the act of crawling away: besides all "
                  text run at (250,118) width 72: "this, there was"
                  text run at (6,132) width 232: "generally a ridge or furrow in the way wherever "
                  text run at (238,132) width 174: "she wanted to send the hedgehog to,"
                  text run at (6,146) width 111: "and, as the doubled-up "
                  text run at (117,146) width 295: "soldiers were always getting up and walking off to other parts"
                  text run at (44,160) width 14: "of "
                  text run at (58,160) width 317: "the ground, Alice soon came to the conclusion that it was a very "
                RenderBlock (floating) {SPAN} at (6,162) size 36x48 [bgcolor=#ADD8E6]
                RenderText {#text} at (375,160) size 368x28
                  text run at (375,160) width 37: "difficult"
                  text run at (44,174) width 65: "game indeed. "
                RenderBR {BR} at (0,0) size 0x0
                RenderText {#text} at (44,188) size 229x14
                  text run at (44,188) width 229: "The players all played at once without waiting "
                RenderBlock (floating) {SPAN} at (376,190) size 36x60 [bgcolor=#90EE90]
                RenderText {#text} at (273,188) size 330x28
                  text run at (273,188) width 50: "for turns, "
                  text run at (323,188) width 51: "quarrelling"
                  text run at (44,202) width 249: "all the while, and fighting for the hedgehogs; and in "
                  text run at (293,202) width 81: "a very short time"
                RenderInline {SPAN} at (0,0) size 48x14
                  RenderText {#text} at (6,216) size 48x14
                    text run at (6,216) width 48: "the Queen"
                RenderText {#text} at (54,216) size 368x28
                  text run at (54,216) width 178: " was in a furious passion, and went "
                  text run at (232,216) width 142: "stamping about, and shouting"
                  text run at (6,230) width 159: "\x{2018}Off with his head!\x{2019} or \x{2018}Off with "
                  text run at (165,230) width 163: "her head!\x{2019} about once in a minute. "
                RenderBR {BR} at (0,0) size 0x0
                RenderText {#text} at (6,244) size 406x56
                  text run at (6,244) width 276: "Alice began to feel very uneasy: to be sure, she had not as "
                  text run at (282,244) width 92: "yet had any dispute"
                  text run at (6,258) width 214: "with the Queen, but she knew that it might "
                  text run at (220,258) width 192: "happen any minute, \x{2018}and then,\x{2019} thought"
                  text run at (6,272) width 141: "she, \x{2018}what would become of "
                  text run at (147,272) width 265: "me? They\x{2019}re dreadfully fond of beheading people here;"
                  text run at (6,286) width 43: "the great "
                  text run at (49,286) width 196: "wonder is, that there\x{2018}s any one left alive!\x{2019}"
      RenderText {#text} at (0,0) size 0x0
