layer at (0,0) size 800x600
  RenderView at (0,0) size 800x600
layer at (0,0) size 800x254
  RenderBlock {HTML} at (0,0) size 800x254
    RenderBody {BODY} at (8,12) size 784x234
      RenderBlock {P} at (0,0) size 784x14
        RenderText {#text} at (0,0) size 79x14
          text run at (0,0) width 79: "This is a test for "
        RenderInline {I} at (0,0) size 517x14
          RenderInline {A} at (0,0) size 262x14 [color=#0000EE]
            RenderText {#text} at (79,0) size 262x14
              text run at (79,0) width 262: "http://bugzilla.opendarwin.org/show_bug.cgi?id=9669"
          RenderText {#text} at (341,0) size 255x14
            text run at (341,0) width 3: " "
            text run at (344,0) width 252: "Incomplete repaint when changing an inline's border"
        RenderText {#text} at (596,0) size 3x14
          text run at (596,0) width 3: "."
      RenderBlock {HR} at (0,26) size 784x2 [border: (1px inset #000000)]
      RenderBlock {DIV} at (0,34) size 200x200
        RenderText {#text} at (0,0) size 189x28
          text run at (0,0) width 189: "Cras faucibus. Nunc adipiscing, enim in"
          text run at (0,14) width 103: "scelerisque convallis, "
          text run at (103,14) width 31: "augue "
        RenderInline {SPAN} at (0,0) size 27x44 [border: (30px solid #0000FF) none]
          RenderText {#text} at (134,14) size 27x14
            text run at (134,14) width 27: "purus"
        RenderText {#text} at (0,28) size 196x42
          text run at (0,28) width 196: "eleifend lacus, at sagittis eros leo pulvinar"
          text run at (0,42) width 170: "velit. Integer sollicitudin nisi ut urna"
          text run at (0,56) width 80: "blandit convallis."
