layer at (0,0) size 800x600
  RenderView at (0,0) size 800x600
layer at (0,0) size 800x600
  RenderBlock {HTML} at (0,0) size 800x600
    RenderBody {BODY} at (8,8) size 784x580
      RenderBlock {P} at (0,0) size 784x28
        RenderText {#text} at (0,0) size 40x14
          text run at (0,0) width 40: "Test for "
        RenderInline {I} at (0,0) size 777x28
          RenderInline {A} at (0,0) size 226x14 [color=#0000EE]
            RenderText {#text} at (40,0) size 226x14
              text run at (40,0) width 226: "http://bugs.webkit.org/show_bug.cgi?id=12910"
          RenderText {#text} at (266,0) size 777x28
            text run at (266,0) width 3: " "
            text run at (269,0) width 508: "REGRESSION (r18756-r18765): list-bullet doesn't redraw properly when changing the list's content using"
            text run at (0,14) width 50: "JavaScript"
        RenderText {#text} at (50,14) size 3x14
          text run at (50,14) width 3: "."
      RenderBlock {UL} at (0,40) size 784x14
        RenderListItem {LI} at (40,0) size 744x14
          RenderBlock (anonymous) at (0,0) size 744x14
            RenderListMarker at (-15,0) size 6x14: bullet
            RenderText {#text} at (0,0) size 16x14
              text run at (0,0) width 16: "foo"
          RenderBlock {DIV} at (10,24) size 724x0
      RenderBlock {UL} at (0,66) size 784x14
        RenderListItem {LI} at (40,0) size 744x14
          RenderBlock (anonymous) at (0,0) size 744x14
            RenderListMarker at (-1,0) size 6x14: bullet
            RenderText {#text} at (11,0) size 15x14
              text run at (11,0) width 15: "bar"
          RenderBlock {DIV} at (10,24) size 724x0
      RenderBlock {UL} at (0,92) size 784x14
        RenderListItem {LI} at (0,0) size 744x14
          RenderBlock (anonymous) at (0,0) size 744x14
            RenderListMarker at (753,0) size 6x14: bullet
            RenderText {#text} at (728,0) size 16x14
              text run at (728,0) width 16: "foo"
          RenderBlock {DIV} at (10,24) size 724x0
      RenderBlock {UL} at (0,118) size 784x14
        RenderListItem {LI} at (0,0) size 744x14
          RenderBlock (anonymous) at (0,0) size 744x14
            RenderListMarker at (739,0) size 6x14: bullet
            RenderText {#text} at (718,0) size 15x14
              text run at (718,0) width 15: "bar"
          RenderBlock {DIV} at (10,24) size 724x0
