layer at (0,0) size 800x600
  RenderView at (0,0) size 800x600
layer at (0,0) size 800x600
  RenderBlock {HTML} at (0,0) size 800x600
    RenderBody {BODY} at (8,8) size 784x580
      RenderBlock {P} at (0,0) size 784x28
        RenderText {#text} at (0,0) size 75x14
          text run at (0,0) width 75: "Repaint test for "
        RenderInline {RDAR} at (0,0) size 772x28
          RenderText {#text} at (75,0) size 772x28
            text run at (75,0) width 365: "REGRESSION (r41203): Facebook friend suggestions disappear on update. "
            text run at (440,0) width 332: "Make sure when a layer switches from being self-painting to non-self-"
            text run at (0,14) width 303: "painting that a layout happens to fix up the floating objects lists. "
            text run at (303,14) width 403: "You should see a 100x100 green square below. If you see any red, the test has failed."
layer at (8,48) size 100x100
  RenderBlock (floating) {DIV} at (0,40) size 100x100 [bgcolor=#FF0000]
layer at (8,48) size 100x100
  RenderBlock (floating) {DIV} at (0,0) size 100x100 [bgcolor=#008000]
