layer at (0,0) size 800x600
  RenderView at (0,0) size 800x600
layer at (0,0) size 800x448
  RenderBlock {HTML} at (0,0) size 800x448
    RenderBody {BODY} at (8,12) size 784x428
      RenderBlock {P} at (0,0) size 784x14
        RenderInline {B} at (0,0) size 47x14
          RenderText {#text} at (0,0) size 47x14
            text run at (0,0) width 47: "BUG ID:"
        RenderText {#text} at (47,0) size 3x14
          text run at (47,0) width 3: " "
        RenderInline {A} at (0,0) size 87x14 [color=#0000EE]
          RenderText {#text} at (50,0) size 87x14
            text run at (50,0) width 87: "Bugzilla bug 8032"
        RenderText {#text} at (137,0) size 390x14
          text run at (137,0) width 390: " REGRESSION: Focus ring not completely redrawn after a Delete changes its size"
      RenderBlock {P} at (0,26) size 784x14
        RenderText {#text} at (0,0) size 279x14
          text run at (0,0) width 279: "Note that this bug (and the test) are just outline versions of "
        RenderInline {A} at (0,0) size 87x14 [color=#0000EE]
          RenderText {#text} at (279,0) size 87x14
            text run at (279,0) width 87: "Bugzilla bug 6301"
        RenderText {#text} at (366,0) size 42x14
          text run at (366,0) width 42: " and test "
        RenderInline {A} at (0,0) size 121x14 [color=#0000EE]
          RenderText {#text} at (408,0) size 121x14
            text run at (408,0) width 121: "border-repaint-glitch.html"
        RenderText {#text} at (0,0) size 0x0
      RenderBlock {P} at (0,52) size 784x20 [bgcolor=#98FB98]
        RenderInline {B} at (0,0) size 68x14
          RenderText {#text} at (3,3) size 68x14
            text run at (3,3) width 68: "TEST PASS:"
        RenderText {#text} at (71,3) size 330x14
          text run at (71,3) width 3: " "
          text run at (74,3) width 327: "The boxes will resize, maintaining their solid red rectangular outlines."
      RenderBlock {P} at (0,84) size 784x34 [bgcolor=#FF3300]
        RenderInline {B} at (0,0) size 67x14
          RenderText {#text} at (3,3) size 67x14
            text run at (3,3) width 67: "TEST FAIL:"
        RenderText {#text} at (70,3) size 771x28
          text run at (70,3) width 3: " "
          text run at (73,3) width 701: "The boxes will resize, but the outlines will break. The first box will be missing small segments from either side of its bottom outline. The second box"
          text run at (3,17) width 603: "will have small red horizontal segments protruding inwards from both sides of the outline, where the bottom outline was before."
      RenderBlock {DIV} at (0,130) size 222x142 [border: (1px solid #0000FF)]
        RenderBlock {DIV} at (11,21) size 200x40 [bgcolor=#008080]
          RenderBlock {DIV} at (10,0) size 180x40 [bgcolor=#C0C0C0]
      RenderBlock (anonymous) at (0,272) size 784x14
        RenderBR {BR} at (0,0) size 0x14
      RenderBlock {DIV} at (0,286) size 222x142 [border: (1px solid #0000FF)]
        RenderBlock {DIV} at (11,21) size 200x60 [bgcolor=#008080]
          RenderBlock {DIV} at (10,0) size 180x60 [bgcolor=#C0C0C0]
