layer at (0,0) size 800x600
  RenderView at (0,0) size 800x600
layer at (0,0) size 800x600
  RenderBlock {HTML} at (0,0) size 800x600
    RenderBody {BODY} at (8,8) size 784x584
      RenderBlock {P} at (0,0) size 784x42
        RenderText {#text} at (0,0) size 114x14
          text run at (0,0) width 114: "This is a repaint test for "
        RenderInline {I} at (0,0) size 549x14
          RenderInline {A} at (0,0) size 226x14 [color=#0000EE]
            RenderText {#text} at (114,0) size 226x14
              text run at (114,0) width 226: "http://bugs.webkit.org/show_bug.cgi?id=11277"
          RenderText {#text} at (340,0) size 323x14
            text run at (340,0) width 3: " "
            text run at (343,0) width 320: "REGRESSION: Incomplete repaint of overflow areas when deleting"
        RenderText {#text} at (663,0) size 761x42
          text run at (663,0) width 6: ". "
          text run at (669,0) width 92: "This shows that the"
          text run at (0,14) width 237: "repaint rect doesn't account for scrolling. You can "
          text run at (237,14) width 442: "use Quartz Debug to see that changing the text repaints a rect where the text would have been "
          text run at (679,14) width 72: "if it hadn't been"
          text run at (0,28) width 40: "scrolled."
layer at (8,62) size 80x69 scrollY 71 scrollHeight 140
  RenderBlock {DIV} at (0,54) size 80x69
    RenderBR {BR} at (0,0) size 0x14
    RenderBR {BR} at (0,14) size 0x14
    RenderBR {BR} at (0,28) size 0x14
    RenderBR {BR} at (0,42) size 0x14
    RenderBR {BR} at (0,56) size 0x14
    RenderBR {BR} at (0,70) size 0x14
    RenderBR {BR} at (0,84) size 0x14
    RenderBR {BR} at (0,98) size 0x14
    RenderBR {BR} at (0,112) size 0x14
    RenderText {#text} at (0,126) size 56x14
      text run at (0,126) width 56: "Passed Test"
