layer at (0,0) size 2008x2072
  RenderView at (0,0) size 800x600
layer at (0,0) size 800x2072
  RenderBlock {HTML} at (0,0) size 800x2072
    RenderBody {BODY} at (8,12) size 784x2052
      RenderBlock {P} at (0,0) size 784x14
        RenderText {#text} at (0,0) size 257x14
          text run at (0,0) width 257: "You should see both vertical and horizontal scrollbars."
      RenderBlock {P} at (0,26) size 784x14
        RenderText {#text} at (0,0) size 88x14
          text run at (0,0) width 88: "This is the test for "
        RenderInline {A} at (0,0) size 287x14 [color=#0000EE]
          RenderText {#text} at (88,0) size 287x14
            text run at (88,0) width 287: "Bug 36461 - No vertical scrollbar after the CSS class change"
        RenderText {#text} at (375,0) size 3x14
          text run at (375,0) width 3: "."
      RenderBlock {DIV} at (0,52) size 2000x2000
