layer at (0,0) size 800x600
  RenderView at (0,0) size 800x600
layer at (0,0) size 800x600
  RenderBlock {HTML} at (0,0) size 800x600
    RenderBody {BODY} at (8,8) size 784x584
      RenderBlock (anonymous) at (0,0) size 784x28
        RenderText {#text} at (0,0) size 762x28
          text run at (0,0) width 435: "If the red outline at the bottom of the div extends all the way to the scrollbar, the test passes. "
          text run at (435,0) width 327: "If it stops short, then the test has failed, and an incomplete repaint has"
          text run at (0,14) width 44: "occurred."
layer at (8,36) size 80x69 scrollY 71 scrollHeight 140
  RenderBlock {DIV} at (0,28) size 80x69
    RenderBR {BR} at (0,0) size 0x14
    RenderBR {BR} at (0,14) size 0x14
    RenderBR {BR} at (0,28) size 0x14
    RenderBR {BR} at (0,42) size 0x14
    RenderBR {BR} at (0,56) size 0x14
    RenderBR {BR} at (0,70) size 0x14
    RenderBR {BR} at (0,84) size 0x14
    RenderBR {BR} at (0,98) size 0x14
    RenderBR {BR} at (0,112) size 0x14
    RenderInline {SPAN} at (0,0) size 70x14
      RenderText {#text} at (0,126) size 70x14
        text run at (0,126) width 70: "Excellent! Test"
    RenderText {#text} at (0,0) size 0x0
