layer at (0,0) size 800x600
  RenderView at (0,0) size 800x600
layer at (100,100) size 333x38
  RenderBlock (positioned) {HTML} at (100,100) size 333x38 [bgcolor=#008000]
    RenderBody {BODY} at (8,12) size 317x14
      RenderBlock {P} at (0,0) size 317x14
        RenderText {#text} at (0,0) size 317x14
          text run at (0,0) width 317: "Tests that the entire viewport is painted with a floated html element."
