layer at (0,0) size 800x600
  RenderView at (0,0) size 800x600
layer at (0,0) size 800x218
  RenderBlock {HTML} at (0,0) size 800x218
    RenderBody {BODY} at (8,12) size 784x198
      RenderBlock {P} at (0,0) size 784x14
        RenderInline {B} at (0,0) size 47x14
          RenderText {#text} at (0,0) size 47x14
            text run at (0,0) width 47: "BUG ID:"
        RenderText {#text} at (47,0) size 3x14
          text run at (47,0) width 3: " "
        RenderInline {A} at (0,0) size 87x14 [color=#0000EE]
          RenderText {#text} at (50,0) size 87x14
            text run at (50,0) width 87: "Bugzilla bug 6770"
        RenderText {#text} at (137,0) size 327x14
          text run at (137,0) width 327: " REGRESSION: Incomplete repaint when block with clipping grows"
      RenderBlock {P} at (0,26) size 784x20 [bgcolor=#98FB98]
        RenderInline {B} at (0,0) size 68x14
          RenderText {#text} at (3,3) size 68x14
            text run at (3,3) width 68: "TEST PASS:"
        RenderText {#text} at (71,3) size 528x14
          text run at (71,3) width 3: " "
          text run at (74,3) width 525: "There should be a white square with a blue border below, and no line running through the middle of the square."
      RenderBlock {P} at (0,58) size 784x20 [bgcolor=#FF3300]
        RenderInline {B} at (0,0) size 67x14
          RenderText {#text} at (3,3) size 67x14
            text run at (3,3) width 67: "TEST FAIL:"
        RenderText {#text} at (70,3) size 448x14
          text run at (70,3) width 3: " "
          text run at (73,3) width 445: "The white square will have a blue border and a blue horizontal line running through its middle."
layer at (8,102) size 784x108
  RenderBlock {DIV} at (0,90) size 784x108
    RenderBlock {DIV} at (0,0) size 108x108 [border: (4px solid #0000FF)]
      RenderBlock {DIV} at (124,4) size 10x100
