layer at (0,0) size 800x600
  RenderView at (0,0) size 800x600
layer at (0,0) size 800x600
  RenderBlock {HTML} at (0,0) size 800x600
    RenderBody {BODY} at (8,8) size 784x562
      RenderBlock {P} at (0,0) size 784x14
        RenderText {#text} at (0,0) size 746x14
          text run at (0,0) width 487: "This tests to see if selection gaps are invalidated properly when content inside the selection is removed. "
          text run at (487,0) width 259: "Only 'hello world' should have a selecton tint behind it."
      RenderBlock {DIV} at (30,44) size 152x16 [border: (1px solid #FF0000)]
        RenderText {#text} at (1,1) size 26x14
          text run at (1,1) width 26: "hello "
        RenderText {#text} at (27,1) size 28x14
          text run at (27,1) width 28: "world"
        RenderBR {BR} at (55,12) size 0x0
selection start: position 0 of child 0 {#text} of child 3 {DIV} of body
selection end:   position 6 of child 1 {#text} of child 3 {DIV} of body
