layer at (0,0) size 800x600
  RenderView at (0,0) size 800x600
layer at (0,0) size 800x281
  RenderBlock {HTML} at (0,0) size 800x281
    RenderBody {BODY} at (8,12) size 784x261
      RenderBlock {P} at (0,0) size 784x14
        RenderText {#text} at (0,0) size 40x14
          text run at (0,0) width 40: "Test for "
        RenderInline {A} at (0,0) size 230x14 [color=#0000EE]
          RenderText {#text} at (40,0) size 230x14
            text run at (40,0) width 230: "https://bugs.webkit.org/show_bug.cgi?id=22472"
        RenderText {#text} at (270,0) size 3x14
          text run at (270,0) width 3: " "
        RenderInline {I} at (0,0) size 312x14
          RenderText {#text} at (273,0) size 312x14
            text run at (273,0) width 312: "Selection is not completely erased when a replaced element moves"
        RenderText {#text} at (0,0) size 0x0
      RenderBlock (anonymous) at (0,26) size 784x235
        RenderText {#text} at (0,0) size 0x0
layer at (8,38) size 214x232
  RenderImage {IMG} at (0,0) size 214x232
selection start: position 0 of child 3 {IMG} of body
selection end:   position 1 of child 3 {IMG} of body
