layer at (0,0) size 800x600
  RenderView at (0,0) size 800x600
layer at (0,0) size 800x454
  RenderBlock {HTML} at (0,0) size 800x454
    RenderBody {BODY} at (8,12) size 784x434
      RenderBlock {P} at (0,0) size 784x14
        RenderText {#text} at (0,0) size 75x14
          text run at (0,0) width 75: "Repaint test for "
        RenderInline {I} at (0,0) size 621x14
          RenderInline {A} at (0,0) size 262x14 [color=#0000EE]
            RenderText {#text} at (75,0) size 262x14
              text run at (75,0) width 262: "http://bugzilla.opendarwin.org/show_bug.cgi?id=9334"
          RenderText {#text} at (337,0) size 359x14
            text run at (337,0) width 3: " "
            text run at (340,0) width 356: "Incomplete repaint when changing block from non-positioned to positioned"
        RenderText {#text} at (696,0) size 3x14
          text run at (696,0) width 3: "."
      RenderBlock {HR} at (0,26) size 784x2 [border: (1px inset #000000)]
layer at (8,46) size 784x200
  RenderBlock (relative positioned) {DIV} at (0,34) size 784x200
layer at (8,96) size 100x100
  RenderBlock (relative positioned) {DIV} at (0,0) size 100x100 [bgcolor=#0000FF]
layer at (8,246) size 784x200
  RenderBlock (relative positioned) {DIV} at (0,234) size 784x200
    RenderBlock {DIV} at (0,50) size 784x150
layer at (8,246) size 100x100
  RenderBlock (positioned) {DIV} at (0,0) size 100x100 [bgcolor=#0000FF]
