layer at (0,0) size 800x600
  RenderView at (0,0) size 800x600
layer at (0,0) size 800x600
  RenderBlock {HTML} at (0,0) size 800x600
    RenderBody {BODY} at (8,10) size 784x580
      RenderTable {TABLE} at (0,0) size 77x64 [border: (4px solid #008000)]
        RenderTableSection {TBODY} at (4,4) size 69x56
          RenderTableRow {TR} at (0,0) size 69x20
            RenderTableCell {TD} at (0,7) size 6x6 [border: (4px none #000000)] [r=0 c=0 rs=1 cs=1]
            RenderTableCell {TD} at (6,0) size 63x20 [border: (4px none #000000)] [r=0 c=1 rs=1 cs=1]
              RenderText {#text} at (1,5) size 31x14
                text run at (1,5) width 31: "Lorem"
          RenderTableRow {TR} at (0,20) size 69x16
            RenderTableCell {TD} at (0,27) size 6x2 [border: none] [r=1 c=0 rs=1 cs=1]
            RenderTableCell {TD} at (6,20) size 63x16 [border: none] [r=1 c=1 rs=1 cs=1]
              RenderText {#text} at (1,1) size 57x14
                text run at (1,1) width 57: "ipsum dolor"
          RenderTableRow {TR} at (0,36) size 69x20
            RenderTableCell {TD} at (0,43) size 6x6 [border: none] [r=2 c=0 rs=1 cs=1]
            RenderTableCell {TD} at (6,36) size 63x20 [border: none] [r=2 c=1 rs=1 cs=1]
              RenderText {#text} at (1,1) size 36x14
                text run at (1,1) width 36: "sit amet"
      RenderTable {TABLE} at (0,74) size 59x64 [border: (4px solid #000000)]
        RenderTableSection {TBODY} at (4,4) size 51x56
          RenderTableRow {TR} at (0,0) size 51x20
            RenderTableCell {TD} at (0,7) size 9x6 [border: (4px none #000000)] [r=0 c=0 rs=1 cs=1]
            RenderTableCell {TD} at (9,0) size 42x20 [border: (4px none #000000)] [r=0 c=1 rs=1 cs=1]
              RenderText {#text} at (1,5) size 31x14
                text run at (1,5) width 31: "Lorem"
          RenderTableRow {TR} at (0,20) size 51x16
            RenderTableCell {TD} at (0,20) size 9x16 [border: none] [r=1 c=0 rs=1 cs=1]
              RenderText {#text} at (5,1) size 3x14
                text run at (5,1) width 3: " "
          RenderTableRow {TR} at (0,36) size 51x20
            RenderTableCell {TD} at (0,43) size 9x6 [border: none] [r=2 c=0 rs=1 cs=1]
            RenderTableCell {TD} at (9,36) size 42x20 [border: none] [r=2 c=1 rs=1 cs=1]
              RenderText {#text} at (1,1) size 36x14
                text run at (1,1) width 36: "sit amet"
      RenderTable {TABLE} at (0,148) size 86x64 [border: (4px solid #000000)]
        RenderTableSection {TBODY} at (4,4) size 78x56
          RenderTableRow {TR} at (0,0) size 78x20
            RenderTableCell {TD} at (0,7) size 9x6 [border: (4px none #000000)] [r=0 c=0 rs=1 cs=1]
            RenderTableCell {TD} at (9,0) size 69x20 [border: (4px none #000000)] [r=0 c=1 rs=1 cs=1]
              RenderText {#text} at (1,5) size 63x14
                text run at (1,5) width 63: "Lorem ipsum"
          RenderTableRow {TR} at (0,20) size 78x16
            RenderTableCell {TD} at (0,20) size 9x16 [border: none] [r=1 c=0 rs=1 cs=1]
              RenderText {#text} at (5,1) size 3x14
                text run at (5,1) width 3: " "
          RenderTableRow {TR} at (0,36) size 78x20
            RenderTableCell {TD} at (0,43) size 9x6 [border: none] [r=2 c=0 rs=1 cs=1]
            RenderTableCell {TD} at (9,36) size 69x20 [border: none] [r=2 c=1 rs=1 cs=1]
              RenderText {#text} at (1,1) size 36x14
                text run at (1,1) width 36: "sit amet"
      RenderTable {TABLE} at (0,222) size 80x64 [border: (4px solid #000000)]
        RenderTableSection {TBODY} at (4,4) size 72x56
          RenderTableRow {TR} at (0,0) size 72x20
            RenderTableCell {TD} at (0,7) size 9x6 [border: (4px none #000000)] [r=0 c=0 rs=1 cs=1]
            RenderTableCell {TD} at (9,0) size 63x20 [border: (4px none #000000)] [r=0 c=1 rs=1 cs=1]
              RenderText {#text} at (1,5) size 31x14
                text run at (1,5) width 31: "Lorem"
          RenderTableRow {TR} at (0,20) size 72x16
            RenderTableCell {TD} at (0,20) size 9x16 [border: none] [r=1 c=0 rs=1 cs=1]
              RenderText {#text} at (5,1) size 3x14
                text run at (5,1) width 3: " "
            RenderTableCell {TD} at (9,20) size 63x16 [border: none] [r=1 c=1 rs=1 cs=1]
              RenderText {#text} at (1,1) size 57x14
                text run at (1,1) width 57: "ipsum dolor"
          RenderTableRow {TR} at (0,36) size 72x20
            RenderTableCell {TD} at (0,43) size 9x6 [border: none] [r=2 c=0 rs=1 cs=1]
            RenderTableCell {TD} at (9,36) size 63x20 [border: none] [r=2 c=1 rs=1 cs=1]
              RenderText {#text} at (1,1) size 36x14
                text run at (1,1) width 36: "sit amet"
