layer at (0,0) size 800x600
  RenderView at (0,0) size 800x600
layer at (0,0) size 800x116
  RenderBlock {HTML} at (0,0) size 800x116
    RenderBody {BODY} at (8,8) size 784x100
layer at (8,8) size 784x100 scrollY 26 scrollHeight 126
  RenderBlock {DIV} at (0,0) size 784x100
    RenderBR {BR} at (0,0) size 0x14
    RenderBR {BR} at (0,14) size 0x14
    RenderBR {BR} at (0,28) size 0x14
    RenderBR {BR} at (0,42) size 0x14
    RenderInline {SPAN} at (0,0) size 147x14 [bgcolor=#008000]
      RenderText {#text} at (0,56) size 147x14
        text run at (0,56) width 147: "Should have green background"
    RenderBR {BR} at (147,56) size 0x14
    RenderBR {BR} at (0,70) size 0x14
    RenderBR {BR} at (0,84) size 0x14
    RenderBR {BR} at (0,98) size 0x14
    RenderBR {BR} at (0,112) size 0x14
