layer at (0,0) size 800x600
  RenderView at (0,0) size 800x600
layer at (0,0) size 800x173
  RenderBlock {HTML} at (0,0) size 800x173
    RenderBody {BODY} at (8,8) size 784x157
      RenderPartObject {IFRAME} at (0,0) size 304x154 [border: (2px inset #000000)]
        layer at (0,0) size 300x150
          RenderView at (0,0) size 300x150
        layer at (0,0) size 300x150
          RenderBlock {HTML} at (0,0) size 300x150
            RenderBody {BODY} at (8,8) size 284x134
        layer at (8,8) size 284x100 scrollY 26 scrollHeight 126
          RenderBlock {DIV} at (0,0) size 284x100
            RenderBR {BR} at (0,0) size 0x14
            RenderBR {BR} at (0,14) size 0x14
            RenderBR {BR} at (0,28) size 0x14
            RenderBR {BR} at (0,42) size 0x14
            RenderText {#text} at (0,56) size 175x14
              text run at (0,56) width 175: "Should have blue, not gray, highlight"
            RenderBR {BR} at (175,67) size 0x0
            RenderBR {BR} at (0,70) size 0x14
            RenderBR {BR} at (0,84) size 0x14
            RenderBR {BR} at (0,98) size 0x14
            RenderBR {BR} at (0,112) size 0x14
      RenderText {#text} at (0,0) size 0x0
