layer at (0,0) size 800x600
  RenderView at (0,0) size 800x600
layer at (0,0) size 800x276
  RenderBlock {HTML} at (0,0) size 800x276
    RenderBody {BODY} at (8,12) size 784x256
      RenderBlock {P} at (0,0) size 784x14
        RenderText {#text} at (0,0) size 40x14
          text run at (0,0) width 40: "Test for "
        RenderInline {A} at (0,0) size 230x14 [color=#0000EE]
          RenderText {#text} at (40,0) size 230x14
            text run at (40,0) width 230: "https://bugs.webkit.org/show_bug.cgi?id=17840"
        RenderText {#text} at (270,0) size 218x14
          text run at (270,0) width 218: ". The rotated box should be correctly redrawn."
      RenderBlock (anonymous) at (0,26) size 784x14
      RenderBlock (anonymous) at (0,40) size 784x202
      RenderBlock (anonymous) at (0,242) size 784x14
        RenderText {#text} at (0,0) size 0x0
layer at (18,98) size 66x54
  RenderInline (relative positioned) {SPAN} at (0,0) size 66x54 [bgcolor=#DDDDDD]
    RenderText {#text} at (20,0) size 46x14
      text run at (20,0) width 46: "Container"
layer at (108,152) size 202x202
  RenderBlock (relative positioned) {DIV} at (0,0) size 202x202 [bgcolor=#CCCCCC] [border: (1px solid #000000)]
layer at (18,314) size 20x54
  RenderInline (relative positioned) {SPAN} at (0,0) size 20x54 [bgcolor=#DDDDDD]
