layer at (0,0) size 800x600
  RenderView at (0,0) size 800x600
layer at (0,0) size 800x248
  RenderBlock {HTML} at (0,0) size 800x248
    RenderBody {BODY} at (8,12) size 784x228
      RenderBlock {P} at (0,0) size 784x14
        RenderText {#text} at (0,0) size 40x14
          text run at (0,0) width 40: "Test for "
        RenderInline {A} at (0,0) size 230x14 [color=#0000EE]
          RenderText {#text} at (40,0) size 230x14
            text run at (40,0) width 230: "https://bugs.webkit.org/show_bug.cgi?id=22088"
        RenderText {#text} at (270,0) size 218x14
          text run at (270,0) width 218: ". The rotated box should be correctly redrawn."
layer at (108,138) size 202x202
  RenderBlock (relative positioned) {DIV} at (0,26) size 202x202 [bgcolor=#CCCCCC] [border: (1px solid #000000)]
layer at (184,214) size 400x50
  RenderBlock (positioned) {DIV} at (76,76) size 400x50 [bgcolor=#555555]
