layer at (0,0) size 987x1141
  RenderView at (0,0) size 980x735
layer at (0,0) size 980x1141
  RenderBlock {HTML} at (0,0) size 980x1141
    RenderBody {BODY} at (8,8) size 964x1120 [bgcolor=#EEEEEE]
      RenderBlock (anonymous) at (0,0) size 964x21
        RenderInline {SPAN} at (0,0) size 215x15
          RenderText {#text} at (0,0) size 0x0
          RenderInline {SPAN} at (0,0) size 215x15
            RenderText {#text} at (0,0) size 0x0
            RenderTable {TABLE} at (0,0) size 215x21
              RenderTableSection {TBODY} at (0,0) size 215x21
                RenderTableRow {TR} at (0,0) size 215x21
                  RenderTableCell {TD} at (0,0) size 130x21 [r=0 c=0 rs=1 cs=1]
                    RenderText {#text} at (1,1) size 128x19
                      text run at (1,1) width 128: "Record Locator:"
                  RenderTableCell {TD} at (130,0) size 85x21 [r=0 c=1 rs=1 cs=1]
                    RenderInline {B} at (0,0) size 83x19
                      RenderText {#text} at (1,1) size 83x19
                        text run at (1,1) width 83: "WHGNSO"
                    RenderText {#text} at (0,0) size 0x0
            RenderText {#text} at (0,0) size 0x0
          RenderText {#text} at (0,0) size 0x0
      RenderBlock (anonymous) at (0,27) size 964x2
        RenderBlock {HR} at (0,0) size 964x2 [border: (1px inset #000000)]
      RenderBlock (anonymous) at (0,35) size 964x44
        RenderInline {SPAN} at (0,0) size 130x41
          RenderInline {SPAN} at (0,0) size 130x41
            RenderText {#text} at (0,0) size 0x0
            RenderInline {SPAN} at (0,0) size 130x19
              RenderText {#text} at (0,0) size 0x0
              RenderImage {IMG} at (0,1) size 62x20
              RenderText {#text} at (62,0) size 68x19
                text run at (62,0) width 6: " "
                text run at (68,0) width 62: "Names"
              RenderBR {BR} at (130,15) size 0x0
            RenderText {#text} at (0,0) size 0x0
            RenderInline {SPAN} at (0,0) size 104x15
              RenderText {#text} at (0,0) size 0x0
              RenderText {#text} at (0,0) size 0x0
            RenderText {#text} at (0,0) size 0x0
          RenderText {#text} at (0,0) size 0x0
      RenderBlock (anonymous) at (0,85) size 964x2
        RenderBlock {HR} at (0,0) size 964x2 [border: (1px inset #000000)]
      RenderBlock (anonymous) at (0,93) size 964x67
        RenderInline {SPAN} at (0,0) size 611x64
          RenderInline {SPAN} at (0,0) size 611x64
            RenderText {#text} at (0,0) size 0x0
            RenderImage {IMG} at (0,1) size 67x20
            RenderText {#text} at (67,3) size 4x15
              text run at (67,3) width 4: " "
            RenderInline {SPAN} at (0,0) size 94x19
              RenderText {#text} at (71,0) size 94x19
                text run at (71,0) width 94: "Addresses"
              RenderBR {BR} at (165,15) size 0x0
            RenderText {#text} at (0,0) size 0x0
            RenderText {#text} at (0,0) size 0x0
          RenderText {#text} at (0,0) size 0x0
      RenderBlock (anonymous) at (0,166) size 964x2
        RenderBlock {HR} at (0,0) size 964x2 [border: (1px inset #000000)]
      RenderBlock (anonymous) at (0,174) size 964x41
        RenderInline {SPAN} at (0,0) size 144x41
          RenderInline {SPAN} at (0,0) size 144x41
            RenderText {#text} at (0,0) size 0x0
            RenderInline {SPAN} at (0,0) size 144x19
              RenderText {#text} at (0,0) size 0x0
              RenderImage {IMG} at (0,1) size 66x20
              RenderText {#text} at (66,0) size 78x19
                text run at (66,0) width 6: " "
                text run at (72,0) width 72: "Phones "
              RenderBR {BR} at (144,15) size 0x0
            RenderText {#text} at (0,0) size 0x0
      RenderBlock (anonymous) at (0,277) size 964x0
        RenderInline {SPAN} at (0,0) size 0x0
          RenderInline {SPAN} at (0,0) size 0x0
            RenderText {#text} at (0,0) size 0x0
          RenderText {#text} at (0,0) size 0x0
      RenderBlock (anonymous) at (0,283) size 964x2
        RenderBlock {HR} at (0,0) size 964x2 [border: (1px inset #000000)]
      RenderBlock (anonymous) at (0,291) size 964x21
        RenderInline {SPAN} at (0,0) size 162x15
          RenderInline {SPAN} at (0,0) size 162x15
            RenderText {#text} at (0,0) size 0x0
            RenderInline {SPAN} at (0,0) size 162x19
              RenderText {#text} at (0,0) size 0x0
              RenderImage {IMG} at (0,1) size 78x20
              RenderText {#text} at (78,0) size 84x19
                text run at (78,0) width 6: " "
                text run at (84,0) width 78: "Itinerary"
            RenderText {#text} at (0,0) size 0x0
            RenderInline {SPAN} at (0,0) size 0x0
              RenderText {#text} at (0,0) size 0x0
              RenderInline {SPAN} at (0,0) size 0x0
                RenderText {#text} at (0,0) size 0x0
      RenderBlock (anonymous) at (0,312) size 964x63
        RenderTable {TABLE} at (0,0) size 614x63
          RenderTableSection {TBODY} at (0,0) size 614x63
            RenderTableRow {TR} at (0,2) size 614x59
              RenderTableCell {TD} at (2,30) size 2x2 [r=0 c=0 rs=1 cs=1]
              RenderTableCell {TD} at (6,2) size 2x2 [r=0 c=1 rs=1 cs=1]
              RenderTableCell {TD} at (10,20) size 161x22 [r=0 c=2 rs=1 cs=1]
                RenderImage {IMG} at (1,1) size 159x20
                RenderText {#text} at (0,0) size 0x0
              RenderTableCell {TD} at (173,2) size 439x59 [r=0 c=3 rs=1 cs=1]
                RenderText {#text} at (1,1) size 159x19
                  text run at (1,1) width 159: "TUR - Tour Package"
                RenderBR {BR} at (160,16) size 0x0
                RenderText {#text} at (1,20) size 253x19
                  text run at (1,20) width 253: "Date: Sunday, January 12, 2003"
                RenderBR {BR} at (254,35) size 0x0
                RenderText {#text} at (1,39) size 437x19
                  text run at (1,39) width 437: "Comments: -** TICKETLESS CONF CODE IS WHGNSO**"
      RenderBlock (anonymous) at (0,375) size 964x0
        RenderInline {SPAN} at (0,0) size 0x0
          RenderInline {SPAN} at (0,0) size 0x0
            RenderInline {SPAN} at (0,0) size 0x0
              RenderInline {SPAN} at (0,0) size 0x0
              RenderText {#text} at (0,0) size 0x0
      RenderBlock (anonymous) at (0,381) size 964x2
        RenderBlock {HR} at (0,0) size 964x2 [border: (1px inset #000000)]
      RenderBlock (anonymous) at (0,389) size 964x0
        RenderInline {SPAN} at (0,0) size 0x0
          RenderInline {SPAN} at (0,0) size 0x0
            RenderInline {SPAN} at (0,0) size 0x0
              RenderInline {SPAN} at (0,0) size 0x0
                RenderText {#text} at (0,0) size 0x0
      RenderBlock (anonymous) at (0,389) size 964x206
        RenderTable {TABLE} at (0,0) size 785x206
          RenderTableSection {TBODY} at (0,0) size 785x206
            RenderTableRow {TR} at (0,2) size 785x202
              RenderTableCell {TD} at (2,102) size 2x2 [r=0 c=0 rs=1 cs=1]
              RenderTableCell {TD} at (6,2) size 2x2 [r=0 c=1 rs=1 cs=1]
              RenderTableCell {TD} at (10,92) size 101x22 [r=0 c=2 rs=1 cs=1]
                RenderImage {IMG} at (1,1) size 99x20
                RenderText {#text} at (0,0) size 0x0
              RenderTableCell {TD} at (113,2) size 670x202 [r=0 c=3 rs=1 cs=1]
                RenderBlock (anonymous) at (1,1) size 668x133
                  RenderText {#text} at (0,0) size 27x19
                    text run at (0,0) width 27: "Air "
                  RenderBR {BR} at (0,0) size 0x0
                  RenderText {#text} at (0,19) size 537x19
                    text run at (0,19) width 57: "United "
                    text run at (57,19) width 93: "Flight 1187 "
                    text run at (150,19) width 134: "Booking Code:M "
                    text run at (284,19) width 253: "Date: Sunday, January 12, 2003"
                  RenderBR {BR} at (537,34) size 0x0
                  RenderText {#text} at (0,38) size 428x19
                    text run at (0,38) width 428: "From: San Francisco Intl Arpt, San Francisco CA - U.S."
                  RenderBR {BR} at (428,53) size 0x0
                  RenderText {#text} at (0,57) size 446x19
                    text run at (0,57) width 30: "To: "
                    text run at (30,57) width 416: "Burbank Glendale Pasadena Arpt, Burbank CA - U.S."
                  RenderBR {BR} at (446,72) size 0x0
                  RenderText {#text} at (0,76) size 272x19
                    text run at (0,76) width 142: "Departs: 6:05 PM "
                    text run at (142,76) width 130: "Arrives: 7:10 PM"
                  RenderBR {BR} at (272,91) size 0x0
                  RenderText {#text} at (0,95) size 55x19
                    text run at (0,95) width 55: "Status:"
                  RenderInline {SPACE} at (0,0) size 147x38
                    RenderText {#text} at (55,95) size 87x19
                      text run at (55,95) width 87: " confirmed"
                    RenderInline {SPACE} at (0,0) size 147x38
                      RenderText {#text} at (142,95) size 5x19
                        text run at (142,95) width 5: " "
                      RenderBR {BR} at (0,0) size 0x0
                      RenderText {#text} at (0,114) size 49x19
                        text run at (0,114) width 49: "Seats:"
                      RenderBR {BR} at (49,129) size 0x0
                RenderBlock (anonymous) at (1,134) size 668x48
                  RenderTable {TABLE} at (0,0) size 668x48 [border: (1px outset #808080)]
                    RenderTableSection {TBODY} at (1,1) size 666x46
                      RenderTableRow {TR} at (0,0) size 666x23 [bgcolor=#E0E0E0]
                        RenderTableCell {TD} at (0,0) size 99x23 [border: (1px inset #808080)] [r=0 c=0 rs=1 cs=1]
                          RenderText {#text} at (2,2) size 48x19
                            text run at (2,2) width 48: "Name"
                        RenderTableCell {TD} at (99,0) size 40x23 [border: (1px inset #808080)] [r=0 c=1 rs=1 cs=1]
                          RenderText {#text} at (2,2) size 36x19
                            text run at (2,2) width 36: "Seat"
                        RenderTableCell {TD} at (139,0) size 91x23 [border: (1px inset #808080)] [r=0 c=2 rs=1 cs=1]
                          RenderText {#text} at (2,2) size 50x19
                            text run at (2,2) width 50: "Status"
                        RenderTableCell {TD} at (230,0) size 353x23 [border: (1px inset #808080)] [r=0 c=3 rs=1 cs=1]
                          RenderText {#text} at (2,2) size 39x19
                            text run at (2,2) width 39: "Type"
                        RenderTableCell {TD} at (583,0) size 83x23 [border: (1px inset #808080)] [r=0 c=4 rs=1 cs=1]
                          RenderText {#text} at (2,2) size 79x19
                            text run at (2,2) width 79: "Comment"
                      RenderTableRow {TR} at (0,23) size 666x23
                        RenderTableCell {TD} at (0,23) size 99x23 [border: (1px inset #808080)] [r=1 c=0 rs=1 cs=1]
                          RenderText {#text} at (2,2) size 95x19
                            text run at (2,2) width 95: "HAO,SCOTT"
                        RenderTableCell {TD} at (99,23) size 40x23 [border: (1px inset #808080)] [r=1 c=1 rs=1 cs=1]
                          RenderText {#text} at (2,2) size 31x19
                            text run at (2,2) width 31: "08A"
                        RenderTableCell {TD} at (139,23) size 91x23 [border: (1px inset #808080)] [r=1 c=2 rs=1 cs=1]
                          RenderText {#text} at (2,2) size 87x19
                            text run at (2,2) width 87: "confirmed "
                        RenderTableCell {TD} at (230,23) size 353x23 [border: (1px inset #808080)] [r=1 c=3 rs=1 cs=1]
                          RenderText {#text} at (2,2) size 349x19
                            text run at (2,2) width 349: "Non-Smoking, Window Seat, Preferred Seat"
                        RenderTableCell {TD} at (583,23) size 83x23 [border: (1px inset #808080)] [r=1 c=4 rs=1 cs=1]
                          RenderText {#text} at (2,2) size 5x19
                            text run at (2,2) width 5: " "
                RenderBlock (anonymous) at (1,182) size 668x19
                  RenderInline {SPACE} at (0,0) size 0x19
                    RenderInline {SPACE} at (0,0) size 0x19
                      RenderBR {BR} at (0,0) size 0x19
      RenderBlock (anonymous) at (0,595) size 964x0
        RenderInline {SPAN} at (0,0) size 0x0
          RenderInline {SPAN} at (0,0) size 0x0
            RenderInline {SPAN} at (0,0) size 0x0
              RenderInline {SPAN} at (0,0) size 0x0
              RenderText {#text} at (0,0) size 0x0
      RenderBlock (anonymous) at (0,601) size 964x2
        RenderBlock {HR} at (0,0) size 964x2 [border: (1px inset #000000)]
      RenderBlock (anonymous) at (0,609) size 964x0
        RenderInline {SPAN} at (0,0) size 0x0
          RenderInline {SPAN} at (0,0) size 0x0
            RenderInline {SPAN} at (0,0) size 0x0
              RenderInline {SPAN} at (0,0) size 0x0
                RenderText {#text} at (0,0) size 0x0
      RenderBlock (anonymous) at (0,609) size 964x206
        RenderTable {TABLE} at (0,0) size 657x206
          RenderTableSection {TBODY} at (0,0) size 657x206
            RenderTableRow {TR} at (0,2) size 657x202
              RenderTableCell {TD} at (2,102) size 2x2 [r=0 c=0 rs=1 cs=1]
              RenderTableCell {TD} at (6,2) size 2x2 [r=0 c=1 rs=1 cs=1]
              RenderTableCell {TD} at (10,92) size 101x22 [r=0 c=2 rs=1 cs=1]
                RenderImage {IMG} at (1,1) size 99x20
                RenderText {#text} at (0,0) size 0x0
              RenderTableCell {TD} at (113,2) size 542x202 [r=0 c=3 rs=1 cs=1]
                RenderBlock (anonymous) at (1,1) size 540x133
                  RenderText {#text} at (0,0) size 27x19
                    text run at (0,0) width 27: "Air "
                  RenderBR {BR} at (0,0) size 0x0
                  RenderText {#text} at (0,19) size 516x19
                    text run at (0,19) width 57: "United "
                    text run at (57,19) width 83: "Flight 480 "
                    text run at (140,19) width 133: "Booking Code:Q "
                    text run at (273,19) width 243: "Date: Friday, January 24, 2003"
                  RenderBR {BR} at (516,34) size 0x0
                  RenderText {#text} at (0,38) size 468x19
                    text run at (0,38) width 468: "From: Burbank Glendale Pasadena Arpt, Burbank CA - U.S."
                  RenderBR {BR} at (468,53) size 0x0
                  RenderText {#text} at (0,57) size 406x19
                    text run at (0,57) width 30: "To: "
                    text run at (30,57) width 376: "San Francisco Intl Arpt, San Francisco CA - U.S."
                  RenderBR {BR} at (406,72) size 0x0
                  RenderText {#text} at (0,76) size 272x19
                    text run at (0,76) width 142: "Departs: 1:40 PM "
                    text run at (142,76) width 130: "Arrives: 2:50 PM"
                  RenderBR {BR} at (272,91) size 0x0
                  RenderText {#text} at (0,95) size 55x19
                    text run at (0,95) width 55: "Status:"
                  RenderInline {SPACE} at (0,0) size 147x38
                    RenderText {#text} at (55,95) size 87x19
                      text run at (55,95) width 87: " confirmed"
                    RenderInline {SPACE} at (0,0) size 147x38
                      RenderText {#text} at (142,95) size 5x19
                        text run at (142,95) width 5: " "
                      RenderBR {BR} at (0,0) size 0x0
                      RenderText {#text} at (0,114) size 49x19
                        text run at (0,114) width 49: "Seats:"
                      RenderBR {BR} at (49,129) size 0x0
                RenderBlock (anonymous) at (1,134) size 540x48
                  RenderTable {TABLE} at (0,0) size 540x48 [border: (1px outset #808080)]
                    RenderTableSection {TBODY} at (1,1) size 538x46
                      RenderTableRow {TR} at (0,0) size 538x23 [bgcolor=#E0E0E0]
                        RenderTableCell {TD} at (0,0) size 99x23 [border: (1px inset #808080)] [r=0 c=0 rs=1 cs=1]
                          RenderText {#text} at (2,2) size 48x19
                            text run at (2,2) width 48: "Name"
                        RenderTableCell {TD} at (99,0) size 40x23 [border: (1px inset #808080)] [r=0 c=1 rs=1 cs=1]
                          RenderText {#text} at (2,2) size 36x19
                            text run at (2,2) width 36: "Seat"
                        RenderTableCell {TD} at (139,0) size 91x23 [border: (1px inset #808080)] [r=0 c=2 rs=1 cs=1]
                          RenderText {#text} at (2,2) size 50x19
                            text run at (2,2) width 50: "Status"
                        RenderTableCell {TD} at (230,0) size 225x23 [border: (1px inset #808080)] [r=0 c=3 rs=1 cs=1]
                          RenderText {#text} at (2,2) size 39x19
                            text run at (2,2) width 39: "Type"
                        RenderTableCell {TD} at (455,0) size 83x23 [border: (1px inset #808080)] [r=0 c=4 rs=1 cs=1]
                          RenderText {#text} at (2,2) size 79x19
                            text run at (2,2) width 79: "Comment"
                      RenderTableRow {TR} at (0,23) size 538x23
                        RenderTableCell {TD} at (0,23) size 99x23 [border: (1px inset #808080)] [r=1 c=0 rs=1 cs=1]
                          RenderText {#text} at (2,2) size 95x19
                            text run at (2,2) width 95: "HAO,SCOTT"
                        RenderTableCell {TD} at (99,23) size 40x23 [border: (1px inset #808080)] [r=1 c=1 rs=1 cs=1]
                          RenderText {#text} at (2,2) size 29x19
                            text run at (2,2) width 29: "13F"
                        RenderTableCell {TD} at (139,23) size 91x23 [border: (1px inset #808080)] [r=1 c=2 rs=1 cs=1]
                          RenderText {#text} at (2,2) size 87x19
                            text run at (2,2) width 87: "confirmed "
                        RenderTableCell {TD} at (230,23) size 225x23 [border: (1px inset #808080)] [r=1 c=3 rs=1 cs=1]
                          RenderText {#text} at (2,2) size 221x19
                            text run at (2,2) width 221: "Non-Smoking, Window Seat"
                        RenderTableCell {TD} at (455,23) size 83x23 [border: (1px inset #808080)] [r=1 c=4 rs=1 cs=1]
                          RenderText {#text} at (2,2) size 5x19
                            text run at (2,2) width 5: " "
                RenderBlock (anonymous) at (1,182) size 540x19
                  RenderInline {SPACE} at (0,0) size 0x19
                    RenderInline {SPACE} at (0,0) size 0x19
                      RenderBR {BR} at (0,0) size 0x19
      RenderBlock (anonymous) at (0,815) size 964x0
        RenderInline {SPAN} at (0,0) size 0x0
          RenderInline {SPAN} at (0,0) size 0x0
            RenderInline {SPAN} at (0,0) size 0x0
              RenderInline {SPAN} at (0,0) size 0x0
              RenderText {#text} at (0,0) size 0x0
      RenderBlock (anonymous) at (0,821) size 964x2
        RenderBlock {HR} at (0,0) size 964x2 [border: (1px inset #000000)]
      RenderBlock (anonymous) at (0,829) size 964x0
        RenderInline {SPAN} at (0,0) size 0x0
          RenderInline {SPAN} at (0,0) size 0x0
            RenderInline {SPAN} at (0,0) size 0x0
              RenderInline {SPAN} at (0,0) size 0x0
                RenderText {#text} at (0,0) size 0x0
      RenderBlock (anonymous) at (0,829) size 964x120
        RenderTable {TABLE} at (0,0) size 673x120
          RenderTableSection {TBODY} at (0,0) size 673x120
            RenderTableRow {TR} at (0,2) size 673x116
              RenderTableCell {TD} at (2,59) size 2x2 [r=0 c=0 rs=1 cs=1]
              RenderTableCell {TD} at (6,2) size 2x2 [r=0 c=1 rs=1 cs=1]
              RenderTableCell {TD} at (10,49) size 101x22 [r=0 c=2 rs=1 cs=1]
                RenderImage {IMG} at (1,1) size 99x20
                RenderText {#text} at (0,0) size 0x0
              RenderTableCell {TD} at (113,2) size 558x116 [r=0 c=3 rs=1 cs=1]
                RenderText {#text} at (1,1) size 27x19
                  text run at (1,1) width 27: "Air "
                RenderBR {BR} at (0,0) size 0x0
                RenderText {#text} at (1,20) size 556x19
                  text run at (1,20) width 93: "UNKNOWN "
                  text run at (94,20) width 83: "Flight 123 "
                  text run at (177,20) width 130: "Booking Code:Y "
                  text run at (307,20) width 250: "Date: Tuesday, March 25, 2003"
                RenderBR {BR} at (557,35) size 0x0
                RenderText {#text} at (1,39) size 428x19
                  text run at (1,39) width 428: "From: San Francisco Intl Arpt, San Francisco CA - U.S."
                RenderBR {BR} at (429,54) size 0x0
                RenderText {#text} at (1,58) size 406x19
                  text run at (1,58) width 30: "To: "
                  text run at (31,58) width 376: "San Francisco Intl Arpt, San Francisco CA - U.S."
                RenderBR {BR} at (407,73) size 0x0
                RenderText {#text} at (1,77) size 194x19
                  text run at (1,77) width 103: "Departs: n/a "
                  text run at (104,77) width 91: "Arrives: n/a"
                RenderBR {BR} at (195,92) size 0x0
                RenderText {#text} at (1,96) size 55x19
                  text run at (1,96) width 55: "Status:"
                RenderInline {SPACE} at (0,0) size 222x19
                  RenderText {#text} at (56,96) size 217x19
                    text run at (56,96) width 217: " requested, await response"
                  RenderInline {SPACE} at (0,0) size 5x19
                    RenderText {#text} at (273,96) size 5x19
                      text run at (273,96) width 5: " "
                    RenderBR {BR} at (278,111) size 0x0
      RenderBlock (anonymous) at (0,949) size 964x0
        RenderInline {SPAN} at (0,0) size 0x0
          RenderInline {SPAN} at (0,0) size 0x0
            RenderInline {SPAN} at (0,0) size 0x0
              RenderInline {SPAN} at (0,0) size 0x0
              RenderText {#text} at (0,0) size 0x0
      RenderBlock (anonymous) at (0,955) size 964x2
        RenderBlock {HR} at (0,0) size 964x2 [border: (1px inset #000000)]
      RenderBlock (anonymous) at (0,963) size 964x51
        RenderInline {SPAN} at (0,0) size 200x48
          RenderInline {SPAN} at (0,0) size 0x0
            RenderInline {SPAN} at (0,0) size 0x0
            RenderText {#text} at (0,0) size 0x0
          RenderText {#text} at (0,0) size 0x0
          RenderInline {SPAN} at (0,0) size 112x19
            RenderText {#text} at (0,0) size 0x0
            RenderImage {IMG} at (0,1) size 20x20
            RenderText {#text} at (20,0) size 92x19
              text run at (20,0) width 6: " "
              text run at (26,0) width 86: "Remarks:"
            RenderBR {BR} at (112,15) size 0x0
          RenderText {#text} at (0,0) size 0x0
          RenderBR {BR} at (0,21) size 0x15
          RenderInline {SPAN} at (0,0) size 200x15
            RenderText {#text} at (0,36) size 200x15
              text run at (0,36) width 120: "SERVICE FEE MCO "
              text run at (120,36) width 80: "8103220490"
            RenderBR {BR} at (200,48) size 0x0
          RenderText {#text} at (0,0) size 0x0
      RenderBlock (anonymous) at (0,1020) size 964x2
        RenderBlock {HR} at (0,0) size 964x2 [border: (1px inset #000000)]
      RenderBlock (anonymous) at (0,1028) size 964x21
        RenderInline {SPAN} at (0,0) size 218x15
          RenderInline {SPAN} at (0,0) size 218x19
            RenderText {#text} at (0,0) size 0x0
            RenderImage {IMG} at (0,1) size 78x20
            RenderText {#text} at (78,0) size 6x19
              text run at (78,0) width 6: " "
            RenderInline {B} at (0,0) size 128x19
              RenderText {#text} at (84,0) size 128x19
                text run at (84,0) width 128: "Web Bookings"
            RenderText {#text} at (212,0) size 6x19
              text run at (212,0) width 6: " "
            RenderInline {SPAN} at (0,0) size 0x19
              RenderBR {BR} at (218,15) size 0x0
              RenderInline {SPAN} at (0,0) size 0x0
            RenderText {#text} at (0,0) size 0x0
          RenderText {#text} at (0,0) size 0x0
      RenderBlock (anonymous) at (0,1055) size 964x2
        RenderBlock {HR} at (0,0) size 964x2 [border: (1px inset #000000)]
      RenderBlock (anonymous) at (0,1063) size 964x21
        RenderInline {SPAN} at (0,0) size 329x15
          RenderInline {SPAN} at (0,0) size 329x15
            RenderText {#text} at (0,0) size 0x0
            RenderInline {SPAN} at (0,0) size 329x19
              RenderText {#text} at (0,0) size 0x0
              RenderImage {IMG} at (0,1) size 20x20
              RenderText {#text} at (20,0) size 309x19
                text run at (20,0) width 6: " "
                text run at (26,0) width 303: "Remarks and Service Information"
              RenderBR {BR} at (329,15) size 0x0
            RenderText {#text} at (0,0) size 0x0
            RenderText {#text} at (0,0) size 0x0
      RenderBlock (anonymous) at (0,1090) size 964x30
        RenderBlock {HR} at (0,0) size 964x2 [border: (1px inset #000000)]
        RenderBlock {P} at (0,15) size 964x15
          RenderText {#text} at (0,0) size 228x15
            text run at (0,0) width 228: "This itinerary is subject to change. "
          RenderInline {A} at (0,0) size 184x15 [color=#0000EE]
            RenderText {#text} at (228,0) size 184x15
              text run at (228,0) width 184: "Click here for latest updates"
          RenderText {#text} at (0,0) size 0x0
      RenderBlock (anonymous) at (0,1133) size 964x0
        RenderInline {SPAN} at (0,0) size 0x0
          RenderInline {SPAN} at (0,0) size 0x0
          RenderText {#text} at (0,0) size 0x0
layer at (23,43) size 104x15
  RenderInline (relative positioned) {SPAN} at (0,0) size 104x15
    RenderText {#text} at (0,0) size 0x0
    RenderInline {SPAN} at (0,0) size 104x15
      RenderText {#text} at (0,0) size 0x0
      RenderImage {IMG} at (0,21) size 20x20
      RenderText {#text} at (20,29) size 4x15
        text run at (20,29) width 4: " "
      RenderInline {SPAN} at (0,0) size 80x15
        RenderText {#text} at (24,29) size 80x15
          text run at (24,29) width 80: "HAO, SCOTT"
        RenderBR {BR} at (104,41) size 0x0
        RenderText {#text} at (0,0) size 0x0
      RenderText {#text} at (0,0) size 0x0
    RenderText {#text} at (0,0) size 0x0
layer at (23,101) size 611x38
  RenderInline (relative positioned) {SPAN} at (0,0) size 611x38
    RenderText {#text} at (0,0) size 0x0
    RenderImage {IMG} at (0,21) size 20x20
    RenderText {#text} at (20,29) size 591x15
      text run at (20,29) width 4: " "
      text run at (24,29) width 60: "Address: "
      text run at (84,29) width 527: "ST. JUDE MEDICAL, 21700 OXNARD ST SUITE 800, WOODLAND HILLS CA Z/91367 "
    RenderBR {BR} at (611,41) size 0x0
    RenderImage {IMG} at (0,44) size 20x20
    RenderText {#text} at (20,52) size 426x15
      text run at (20,52) width 4: " "
      text run at (24,52) width 55: "Deliver: "
      text run at (79,52) width 103: "DEBI STANGEL, "
      text run at (182,52) width 121: "119 GLEN COURT, "
      text run at (303,52) width 143: "DANVILLE CA Z/94526"
layer at (23,182) size 20x15
  RenderInline (relative positioned) {SPAN} at (0,0) size 20x15
    RenderText {#text} at (0,0) size 0x0
    RenderImage {IMG} at (0,21) size 20x20
    RenderText {#text} at (0,0) size 0x0
layer at (23,223) size 964x62
  RenderBlock (anonymous) at (0,215) size 964x62
layer at (43,208) size 566x62
  RenderTable {TABLE} at (0,0) size 566x62 [border: (1px outset #808080)]
    RenderTableSection {TBODY} at (1,1) size 564x60
      RenderTableRow {TR} at (0,2) size 564x23 [bgcolor=#E0E0E0]
        RenderTableCell {TD} at (2,2) size 106x23 [border: (1px inset #808080)] [r=0 c=0 rs=1 cs=1]
          RenderText {#text} at (2,2) size 39x19
            text run at (2,2) width 39: "Type"
        RenderTableCell {TD} at (110,2) size 47x23 [border: (1px inset #808080)] [r=0 c=1 rs=1 cs=1]
          RenderText {#text} at (2,2) size 30x19
            text run at (2,2) width 30: "City"
        RenderTableCell {TD} at (159,2) size 403x23 [border: (1px inset #808080)] [r=0 c=2 rs=1 cs=1]
          RenderText {#text} at (2,2) size 50x19
            text run at (2,2) width 50: "Phone"
      RenderTableRow {TR} at (0,27) size 564x0
      RenderTableRow {TR} at (0,29) size 564x23
        RenderTableCell {TD} at (2,29) size 106x23 [border: (1px inset #808080)] [r=2 c=0 rs=1 cs=1]
          RenderText {#text} at (2,2) size 102x19
            text run at (2,2) width 102: "Travel Agent"
        RenderTableCell {TD} at (110,29) size 47x23 [border: (1px inset #808080)] [r=2 c=1 rs=1 cs=1]
          RenderText {#text} at (2,2) size 43x19
            text run at (2,2) width 43: "(LAX)"
        RenderTableCell {TD} at (159,29) size 403x23 [border: (1px inset #808080)] [r=2 c=2 rs=1 cs=1]
          RenderText {#text} at (2,2) size 399x19
            text run at (2,2) width 399: "RQ0/818 990-4053-PLAZA TRAVEL - 05838276-RC"
      RenderTableRow {TR} at (0,54) size 564x0
      RenderTableRow {TR} at (0,56) size 564x0
      RenderTableRow {TR} at (0,58) size 564x0
