layer at (0,0) size 980x2845
  RenderView at (0,0) size 980x735
layer at (0,0) size 980x2845
  RenderBlock {HTML} at (0,0) size 980x2845
    RenderBody {BODY} at (8,8) size 964x2829 [bgcolor=#CCCCCC]
      RenderBlock {P} at (0,0) size 964x19
        RenderText {#text} at (0,0) size 451x19
          text run at (0,0) width 451: "The style declarations which apply to the text below are:"
      RenderBlock {PRE} at (0,35) size 964x300
        RenderText {#text} at (0,0) size 176x300
          text run at (0,0) width 171: ".one {font-size: medium;}"
          text run at (171,0) width 0: " "
          text run at (0,15) width 155: ".two {font-size: larger;}"
          text run at (155,15) width 0: " "
          text run at (0,30) width 176: ".three {font-size: smaller;}"
          text run at (176,30) width 0: " "
          text run at (0,45) width 176: ".four {font-size: xx-small;}"
          text run at (176,45) width 0: " "
          text run at (0,60) width 167: ".five {font-size: x-small;}"
          text run at (167,60) width 0: " "
          text run at (0,75) width 148: ".six {font-size: small;}"
          text run at (148,75) width 0: " "
          text run at (0,90) width 165: ".seven {font-size: large;}"
          text run at (165,90) width 0: " "
          text run at (0,105) width 172: ".eight {font-size: x-large;}"
          text run at (172,105) width 0: " "
          text run at (0,120) width 175: ".nine {font-size: xx-large;}"
          text run at (175,120) width 0: " "
          text run at (0,135) width 133: ".a {font-size: 0.5in;}"
          text run at (133,135) width 0: " "
          text run at (0,150) width 129: ".b {font-size: 1cm;}"
          text run at (129,150) width 0: " "
          text run at (0,165) width 142: ".c {font-size: 10mm;}"
          text run at (142,165) width 0: " "
          text run at (0,180) width 130: ".d {font-size: 18pt;}"
          text run at (130,180) width 0: " "
          text run at (0,195) width 136: ".e {font-size: 1.5pc;}"
          text run at (136,195) width 0: " "
          text run at (0,210) width 127: ".f {font-size: 2em;}"
          text run at (127,210) width 0: " "
          text run at (0,225) width 125: ".g {font-size: 3ex;}"
          text run at (125,225) width 0: " "
          text run at (0,240) width 133: ".h {font-size: 25px;}"
          text run at (133,240) width 0: " "
          text run at (0,255) width 133: ".i {font-size: 200%;}"
          text run at (133,255) width 0: " "
          text run at (0,270) width 134: ".j {font-size: -0.5in;}"
          text run at (134,270) width 0: " "
          text run at (0,285) width 0: " "
      RenderBlock {HR} at (0,348) size 964x2 [border: (1px inset #000000)]
      RenderBlock {P} at (0,366) size 964x19
        RenderText {#text} at (0,0) size 888x19
          text run at (0,0) width 888: "This paragraph element is unstyled, so the size of the font in this element is the default size for this user agent."
      RenderBlock {P} at (0,401) size 964x19
        RenderText {#text} at (0,0) size 243x19
          text run at (0,0) width 243: "This sentence has been set to "
        RenderInline {CODE} at (0,0) size 54x15
          RenderText {#text} at (243,3) size 54x15
            text run at (243,3) width 54: "medium"
        RenderText {#text} at (297,0) size 465x19
          text run at (297,0) width 465: ", which may or may not be the same size as unstyled text."
      RenderBlock {P} at (0,439) size 964x22
        RenderText {#text} at (0,0) size 479x22
          text run at (0,0) width 479: "This sentence should be larger than unstyled text."
      RenderBlock {P} at (0,480) size 964x15
        RenderText {#text} at (0,0) size 337x15
          text run at (0,0) width 337: "This sentence should be smaller than unstyled text."
      RenderBlock {P} at (0,508) size 964x19
        RenderText {#text} at (0,7) size 388x10
          text run at (0,7) width 388: "This sentence should be very small, but the last word in the sentence should be "
        RenderInline {SPAN} at (0,0) size 66x19
          RenderText {#text} at (388,0) size 66x19
            text run at (388,0) width 66: "medium"
        RenderText {#text} at (454,7) size 3x10
          text run at (454,7) width 3: "."
      RenderBlock {P} at (0,537) size 964x19
        RenderText {#text} at (0,6) size 402x11
          text run at (0,6) width 402: "This sentence should be rather small, but the last word in the sentence should be "
        RenderInline {SPAN} at (0,0) size 66x19
          RenderText {#text} at (402,0) size 66x19
            text run at (402,0) width 66: "medium"
        RenderText {#text} at (468,6) size 3x11
          text run at (468,6) width 3: "."
      RenderBlock {P} at (0,569) size 964x19
        RenderText {#text} at (0,3) size 490x15
          text run at (0,3) width 490: "This sentence should be small, but the last word in the sentence should be "
        RenderInline {SPAN} at (0,0) size 66x19
          RenderText {#text} at (490,0) size 66x19
            text run at (490,0) width 66: "medium"
        RenderText {#text} at (556,3) size 4x15
          text run at (556,3) width 4: "."
      RenderBlock {P} at (0,606) size 964x21
        RenderText {#text} at (0,0) size 672x21
          text run at (0,0) width 672: "This sentence should be large, but the last word in the sentence should be "
        RenderInline {SPAN} at (0,0) size 66x19
          RenderText {#text} at (672,2) size 66x19
            text run at (672,2) width 66: "medium"
        RenderText {#text} at (738,0) size 6x21
          text run at (738,0) width 6: "."
      RenderBlock {P} at (0,651) size 964x56
        RenderText {#text} at (0,0) size 951x56
          text run at (0,0) width 951: "This sentence should be rather large, but the last word in the sentence should"
          text run at (0,28) width 38: "be "
        RenderInline {SPAN} at (0,0) size 66x19
          RenderText {#text} at (38,35) size 66x19
            text run at (38,35) width 66: "medium"
        RenderText {#text} at (104,28) size 8x28
          text run at (104,28) width 8: "."
      RenderBlock {P} at (0,739) size 964x74
        RenderText {#text} at (0,0) size 959x75
          text run at (0,0) width 959: "This sentence should be very large, but the last word in the"
          text run at (0,37) width 324: "sentence should be "
        RenderInline {SPAN} at (0,0) size 66x19
          RenderText {#text} at (324,52) size 66x19
            text run at (324,52) width 66: "medium"
        RenderText {#text} at (390,37) size 10x38
          text run at (390,37) width 10: "."
      RenderBlock {P} at (0,861) size 964x112
        RenderText {#text} at (0,0) size 871x112
          text run at (0,0) width 871: "This sentence should be half an inch"
          text run at (0,56) width 89: "tall."
      RenderBlock {P} at (0,1021) size 964x44
        RenderText {#text} at (0,0) size 846x44
          text run at (0,0) width 846: "This sentence should be one centimeter tall."
      RenderBlock {P} at (0,1102) size 964x44
        RenderText {#text} at (0,0) size 845x44
          text run at (0,0) width 845: "This sentence should be ten millimeters tall."
      RenderBlock {P} at (0,1183) size 964x28
        RenderText {#text} at (0,0) size 544x28
          text run at (0,0) width 544: "This sentence should be eighteen points tall."
      RenderBlock {P} at (0,1235) size 964x28
        RenderText {#text} at (0,0) size 631x28
          text run at (0,0) width 631: "This sentence should be one and one half picas tall."
      RenderBlock {P} at (0,1295) size 964x37
        RenderText {#text} at (0,0) size 591x38
          text run at (0,0) width 591: "This sentence should be two em tall."
      RenderBlock {P} at (0,1364) size 964x31
        RenderText {#text} at (0,0) size 518x31
          text run at (0,0) width 518: "This sentence should be three ex tall."
      RenderBlock {P} at (0,1422) size 964x29
        RenderText {#text} at (0,0) size 588x29
          text run at (0,0) width 588: "This sentence should be twenty-five pixels tall."
      RenderBlock {P} at (0,1483) size 964x37
        RenderText {#text} at (0,0) size 692x38
          text run at (0,0) width 692: "This sentence should be twice normal size."
      RenderBlock {P} at (0,1552) size 964x19
        RenderText {#text} at (0,0) size 862x19
          text run at (0,0) width 862: "This sentence should be normal size, since no negative values are allowed and therefore should be ignored."
      RenderTable {TABLE} at (0,1587) size 964x1242 [border: (1px outset #808080)]
        RenderTableSection {TBODY} at (1,1) size 962x1240
          RenderTableRow {TR} at (0,0) size 962x27
            RenderTableCell {TD} at (0,0) size 962x27 [bgcolor=#C0C0C0] [border: (1px inset #808080)] [r=0 c=0 rs=1 cs=2]
              RenderInline {STRONG} at (0,0) size 202x19
                RenderText {#text} at (4,4) size 202x19
                  text run at (4,4) width 202: "TABLE Testing Section"
          RenderTableRow {TR} at (0,27) size 962x1213
            RenderTableCell {TD} at (0,620) size 13x27 [bgcolor=#C0C0C0] [border: (1px inset #808080)] [r=1 c=0 rs=1 cs=1]
              RenderText {#text} at (4,4) size 5x19
                text run at (4,4) width 5: " "
            RenderTableCell {TD} at (13,27) size 949x1213 [border: (1px inset #808080)] [r=1 c=1 rs=1 cs=1]
              RenderBlock {P} at (4,4) size 941x19
                RenderText {#text} at (0,0) size 888x19
                  text run at (0,0) width 888: "This paragraph element is unstyled, so the size of the font in this element is the default size for this user agent."
              RenderBlock {P} at (4,39) size 941x19
                RenderText {#text} at (0,0) size 243x19
                  text run at (0,0) width 243: "This sentence has been set to "
                RenderInline {CODE} at (0,0) size 54x15
                  RenderText {#text} at (243,3) size 54x15
                    text run at (243,3) width 54: "medium"
                RenderText {#text} at (297,0) size 465x19
                  text run at (297,0) width 465: ", which may or may not be the same size as unstyled text."
              RenderBlock {P} at (4,77) size 941x22
                RenderText {#text} at (0,0) size 479x22
                  text run at (0,0) width 479: "This sentence should be larger than unstyled text."
              RenderBlock {P} at (4,118) size 941x15
                RenderText {#text} at (0,0) size 337x15
                  text run at (0,0) width 337: "This sentence should be smaller than unstyled text."
              RenderBlock {P} at (4,146) size 941x19
                RenderText {#text} at (0,7) size 388x10
                  text run at (0,7) width 388: "This sentence should be very small, but the last word in the sentence should be "
                RenderInline {SPAN} at (0,0) size 66x19
                  RenderText {#text} at (388,0) size 66x19
                    text run at (388,0) width 66: "medium"
                RenderText {#text} at (454,7) size 3x10
                  text run at (454,7) width 3: "."
              RenderBlock {P} at (4,175) size 941x19
                RenderText {#text} at (0,6) size 402x11
                  text run at (0,6) width 402: "This sentence should be rather small, but the last word in the sentence should be "
                RenderInline {SPAN} at (0,0) size 66x19
                  RenderText {#text} at (402,0) size 66x19
                    text run at (402,0) width 66: "medium"
                RenderText {#text} at (468,6) size 3x11
                  text run at (468,6) width 3: "."
              RenderBlock {P} at (4,207) size 941x19
                RenderText {#text} at (0,3) size 490x15
                  text run at (0,3) width 490: "This sentence should be small, but the last word in the sentence should be "
                RenderInline {SPAN} at (0,0) size 66x19
                  RenderText {#text} at (490,0) size 66x19
                    text run at (490,0) width 66: "medium"
                RenderText {#text} at (556,3) size 4x15
                  text run at (556,3) width 4: "."
              RenderBlock {P} at (4,244) size 941x21
                RenderText {#text} at (0,0) size 672x21
                  text run at (0,0) width 672: "This sentence should be large, but the last word in the sentence should be "
                RenderInline {SPAN} at (0,0) size 66x19
                  RenderText {#text} at (672,2) size 66x19
                    text run at (672,2) width 66: "medium"
                RenderText {#text} at (738,0) size 6x21
                  text run at (738,0) width 6: "."
              RenderBlock {P} at (4,289) size 941x56
                RenderText {#text} at (0,0) size 863x56
                  text run at (0,0) width 863: "This sentence should be rather large, but the last word in the sentence"
                  text run at (0,28) width 126: "should be "
                RenderInline {SPAN} at (0,0) size 66x19
                  RenderText {#text} at (126,35) size 66x19
                    text run at (126,35) width 66: "medium"
                RenderText {#text} at (192,28) size 8x28
                  text run at (192,28) width 8: "."
              RenderBlock {P} at (4,377) size 941x74
                RenderText {#text} at (0,0) size 896x75
                  text run at (0,0) width 896: "This sentence should be very large, but the last word in"
                  text run at (0,37) width 387: "the sentence should be "
                RenderInline {SPAN} at (0,0) size 66x19
                  RenderText {#text} at (387,52) size 66x19
                    text run at (387,52) width 66: "medium"
                RenderText {#text} at (453,37) size 10x38
                  text run at (453,37) width 10: "."
              RenderBlock {P} at (4,499) size 941x112
                RenderText {#text} at (0,0) size 871x112
                  text run at (0,0) width 871: "This sentence should be half an inch"
                  text run at (0,56) width 89: "tall."
              RenderBlock {P} at (4,659) size 941x44
                RenderText {#text} at (0,0) size 846x44
                  text run at (0,0) width 846: "This sentence should be one centimeter tall."
              RenderBlock {P} at (4,740) size 941x44
                RenderText {#text} at (0,0) size 845x44
                  text run at (0,0) width 845: "This sentence should be ten millimeters tall."
              RenderBlock {P} at (4,821) size 941x28
                RenderText {#text} at (0,0) size 544x28
                  text run at (0,0) width 544: "This sentence should be eighteen points tall."
              RenderBlock {P} at (4,873) size 941x28
                RenderText {#text} at (0,0) size 631x28
                  text run at (0,0) width 631: "This sentence should be one and one half picas tall."
              RenderBlock {P} at (4,933) size 941x37
                RenderText {#text} at (0,0) size 591x38
                  text run at (0,0) width 591: "This sentence should be two em tall."
              RenderBlock {P} at (4,1002) size 941x31
                RenderText {#text} at (0,0) size 518x31
                  text run at (0,0) width 518: "This sentence should be three ex tall."
              RenderBlock {P} at (4,1060) size 941x29
                RenderText {#text} at (0,0) size 588x29
                  text run at (0,0) width 588: "This sentence should be twenty-five pixels tall."
              RenderBlock {P} at (4,1121) size 941x37
                RenderText {#text} at (0,0) size 692x38
                  text run at (0,0) width 692: "This sentence should be twice normal size."
              RenderBlock {P} at (4,1190) size 941x19
                RenderText {#text} at (0,0) size 862x19
                  text run at (0,0) width 862: "This sentence should be normal size, since no negative values are allowed and therefore should be ignored."
