layer at (0,0) size 980x1251
  RenderView at (0,0) size 980x735
layer at (0,0) size 980x1251
  RenderBlock {HTML} at (0,0) size 980x1251
    RenderBody {BODY} at (8,8) size 964x1235 [bgcolor=#CCCCCC]
      RenderBlock {P} at (0,0) size 964x19
        RenderText {#text} at (0,0) size 451x19
          text run at (0,0) width 451: "The style declarations which apply to the text below are:"
      RenderBlock {PRE} at (0,35) size 964x135
        RenderText {#text} at (0,0) size 256x135
          text run at (0,0) width 169: "DIV.a {font-family: serif;}"
          text run at (169,0) width 0: " "
          text run at (0,15) width 215: "DIV.b {font-family: monospace;}"
          text run at (215,15) width 0: " "
          text run at (0,30) width 162: ".one {font-family: serif;}"
          text run at (162,30) width 0: " "
          text run at (0,45) width 197: ".two {font-family: sans-serif;}"
          text run at (197,45) width 0: " "
          text run at (0,60) width 190: ".three {font-family: cursive;}"
          text run at (190,60) width 0: " "
          text run at (0,75) width 184: ".four {font-family: fantasy;}"
          text run at (184,75) width 0: " "
          text run at (0,90) width 209: ".five {font-family: monospace;}"
          text run at (209,90) width 0: " "
          text run at (0,105) width 243: ".six {font-family: sans-serif,cursive;}"
          text run at (243,105) width 0: " "
          text run at (0,120) width 256: ".seven {font-family: monospace,serif;}"
          text run at (256,120) width 0: " "
      RenderBlock {HR} at (0,183) size 964x2 [border: (1px inset #000000)]
      RenderBlock {DIV} at (0,201) size 964x190
        RenderBlock {P} at (0,0) size 964x19
          RenderText {#text} at (0,0) size 811x19
            text run at (0,0) width 811: "This sentence is normal for the first division, which is the next five sentences; it should be a serif font."
        RenderBlock {P} at (0,35) size 964x19
          RenderText {#text} at (0,0) size 308x19
            text run at (0,0) width 308: "This sentence should be in a serif font."
        RenderBlock {P} at (0,70) size 964x19
          RenderText {#text} at (0,0) size 350x19
            text run at (0,0) width 350: "This sentence should be in a sans-serif font."
        RenderBlock {P} at (0,105) size 964x19
          RenderText {#text} at (0,0) size 330x19
            text run at (0,0) width 330: "This sentence should be in a cursive font."
        RenderBlock {P} at (0,140) size 964x19
          RenderText {#text} at (0,0) size 332x19
            text run at (0,0) width 332: "This sentence should be in a fantasy font."
        RenderBlock {P} at (0,175) size 964x15
          RenderText {#text} at (0,0) size 298x15
            text run at (0,0) width 298: "This sentence should be in a monospace font."
      RenderBlock {HR} at (0,404) size 964x2 [border: (1px inset #000000)]
      RenderBlock {P} at (0,422) size 964x19
        RenderText {#text} at (0,0) size 448x19
          text run at (0,0) width 448: "This sentence should be in a sans-serif font, not cursive."
      RenderBlock {P} at (0,457) size 964x19
        RenderText {#text} at (0,0) size 442x19
          text run at (0,0) width 442: "This sentence should be in a monospace font, not serif."
      RenderBlock {HR} at (0,492) size 964x2 [border: (1px inset #000000)]
      RenderBlock {DIV} at (0,507) size 964x186
        RenderBlock {P} at (0,0) size 964x15
          RenderText {#text} at (0,0) size 714x15
            text run at (0,0) width 714: "This sentence is normal for the first division, which is the next five sentences; it should be a monospace font."
        RenderBlock {P} at (0,31) size 964x19
          RenderText {#text} at (0,0) size 308x19
            text run at (0,0) width 308: "This sentence should be in a serif font."
        RenderBlock {P} at (0,66) size 964x19
          RenderText {#text} at (0,0) size 350x19
            text run at (0,0) width 350: "This sentence should be in a sans-serif font."
        RenderBlock {P} at (0,101) size 964x19
          RenderText {#text} at (0,0) size 330x19
            text run at (0,0) width 330: "This sentence should be in a cursive font."
        RenderBlock {P} at (0,136) size 964x19
          RenderText {#text} at (0,0) size 332x19
            text run at (0,0) width 332: "This sentence should be in a fantasy font."
        RenderBlock {P} at (0,171) size 964x15
          RenderText {#text} at (0,0) size 298x15
            text run at (0,0) width 298: "This sentence should be in a monospace font."
      RenderTable {TABLE} at (0,706) size 834x529 [border: (1px outset #808080)]
        RenderTableSection {TBODY} at (1,1) size 832x527
          RenderTableRow {TR} at (0,0) size 832x27
            RenderTableCell {TD} at (0,0) size 832x27 [bgcolor=#C0C0C0] [border: (1px inset #808080)] [r=0 c=0 rs=1 cs=2]
              RenderInline {STRONG} at (0,0) size 202x19
                RenderText {#text} at (4,4) size 202x19
                  text run at (4,4) width 202: "TABLE Testing Section"
          RenderTableRow {TR} at (0,27) size 832x500
            RenderTableCell {TD} at (0,263) size 13x27 [bgcolor=#C0C0C0] [border: (1px inset #808080)] [r=1 c=0 rs=1 cs=1]
              RenderText {#text} at (4,4) size 5x19
                text run at (4,4) width 5: " "
            RenderTableCell {TD} at (13,27) size 819x500 [border: (1px inset #808080)] [r=1 c=1 rs=1 cs=1]
              RenderBlock {DIV} at (4,4) size 811x190
                RenderBlock {P} at (0,0) size 811x19
                  RenderText {#text} at (0,0) size 811x19
                    text run at (0,0) width 811: "This sentence is normal for the first division, which is the next five sentences; it should be a serif font."
                RenderBlock {P} at (0,35) size 811x19
                  RenderText {#text} at (0,0) size 308x19
                    text run at (0,0) width 308: "This sentence should be in a serif font."
                RenderBlock {P} at (0,70) size 811x19
                  RenderText {#text} at (0,0) size 350x19
                    text run at (0,0) width 350: "This sentence should be in a sans-serif font."
                RenderBlock {P} at (0,105) size 811x19
                  RenderText {#text} at (0,0) size 330x19
                    text run at (0,0) width 330: "This sentence should be in a cursive font."
                RenderBlock {P} at (0,140) size 811x19
                  RenderText {#text} at (0,0) size 332x19
                    text run at (0,0) width 332: "This sentence should be in a fantasy font."
                RenderBlock {P} at (0,175) size 811x15
                  RenderText {#text} at (0,0) size 298x15
                    text run at (0,0) width 298: "This sentence should be in a monospace font."
              RenderBlock {HR} at (4,207) size 811x2 [border: (1px inset #000000)]
              RenderBlock {P} at (4,225) size 811x19
                RenderText {#text} at (0,0) size 448x19
                  text run at (0,0) width 448: "This sentence should be in a sans-serif font, not cursive."
              RenderBlock {P} at (4,260) size 811x19
                RenderText {#text} at (0,0) size 442x19
                  text run at (0,0) width 442: "This sentence should be in a monospace font, not serif."
              RenderBlock {HR} at (4,295) size 811x2 [border: (1px inset #000000)]
              RenderBlock {DIV} at (4,310) size 811x186
                RenderBlock {P} at (0,0) size 811x15
                  RenderText {#text} at (0,0) size 714x15
                    text run at (0,0) width 714: "This sentence is normal for the first division, which is the next five sentences; it should be a monospace font."
                RenderBlock {P} at (0,31) size 811x19
                  RenderText {#text} at (0,0) size 308x19
                    text run at (0,0) width 308: "This sentence should be in a serif font."
                RenderBlock {P} at (0,66) size 811x19
                  RenderText {#text} at (0,0) size 350x19
                    text run at (0,0) width 350: "This sentence should be in a sans-serif font."
                RenderBlock {P} at (0,101) size 811x19
                  RenderText {#text} at (0,0) size 330x19
                    text run at (0,0) width 330: "This sentence should be in a cursive font."
                RenderBlock {P} at (0,136) size 811x19
                  RenderText {#text} at (0,0) size 332x19
                    text run at (0,0) width 332: "This sentence should be in a fantasy font."
                RenderBlock {P} at (0,171) size 811x15
                  RenderText {#text} at (0,0) size 298x15
                    text run at (0,0) width 298: "This sentence should be in a monospace font."
