layer at (0,0) size 980x3860
  RenderView at (0,0) size 980x735
layer at (0,0) size 980x3860
  RenderBlock {HTML} at (0,0) size 980x3860
    RenderBody {BODY} at (8,8) size 964x3844 [bgcolor=#CCCCCC]
      RenderBlock {P} at (0,0) size 964x14
        RenderText {#text} at (0,0) size 342x14
          text run at (0,0) width 342: "The style declarations which apply to the text below are:"
      RenderBlock {PRE} at (0,26) size 964x168
        RenderText {#text} at (0,0) size 361x168
          text run at (0,0) width 146: "BODY {font-size: 12px;}"
          text run at (146,0) width 0: " "
          text run at (0,14) width 269: ".one {font: italic small-caps 13pt Helvetica;}"
          text run at (269,14) width 0: " "
          text run at (0,28) width 185: ".two {font: 150%/150% serif;}"
          text run at (185,28) width 0: " "
          text run at (0,42) width 226: ".three {font: 150%/150% sans-serif;}"
          text run at (226,42) width 0: " "
          text run at (0,56) width 201: ".four {font: small/200% cursive;}"
          text run at (201,56) width 0: " "
          text run at (0,70) width 342: ".five {font: italic small-caps 900 150%/150% sans-serif;}"
          text run at (342,70) width 0: " "
          text run at (0,84) width 337: ".six {font: italic small-caps 100 150%/300% sans-serif;}"
          text run at (337,84) width 0: " "
          text run at (0,98) width 361: ".seven {font: italic small-caps 900 150%/2em monospace;}"
          text run at (361,98) width 0: " "
          text run at (0,112) width 336: ".eight {font: italic small-caps 500 150%/1in sans-serif;}"
          text run at (336,112) width 0: " "
          text run at (0,126) width 338: ".nine {font: oblique normal 700 18px/200% sans-serif;}"
          text run at (338,126) width 0: " "
          text run at (0,140) width 265: ".ten {font: normal 400 80%/2.5 sans-serif;}"
          text run at (265,140) width 0: " "
          text run at (0,154) width 234: "SPAN.color {background-color: silver;}"
          text run at (234,154) width 0: " "
      RenderBlock {HR} at (0,206) size 964x2 [border: (1px inset #000000)]
      RenderBlock {P} at (0,220) size 964x14
        RenderText {#text} at (0,0) size 893x14
          text run at (0,0) width 533: "This element is unstyled, and should inherit a font-size of 12px from the BODY element. "
          text run at (533,0) width 360: "This is the \"base font size\" referred to in the following tests."
      RenderBlock {P} at (0,251) size 964x20
        RenderText {#text} at (0,0) size 504x20
          text run at (0,0) width 504: "This element should be 13pt. Helvetica which is in small-cap italics."
      RenderBlock {P} at (0,289) size 964x81
        RenderText {#text} at (0,3) size 951x75
          text run at (0,3) width 344: "This element should be in a serif font. "
          text run at (344,3) width 588: "Its font-size should be 150% the base font size, and its line-height"
          text run at (0,30) width 520: "should 150% of that value (18px and 27px, respectively). "
          text run at (520,30) width 431: "Extra text is included for the purposes of testing"
          text run at (0,57) width 191: "this more effectively."
      RenderBlock {P} at (0,388) size 964x81
        RenderText {#text} at (0,3) size 946x75
          text run at (0,3) width 391: "This element should be in a sans-serif font. "
          text run at (391,3) width 532: "Its font-size should be 150% the base font size, and its line-"
          text run at (0,30) width 582: "height should 150% of that value (18px and 27px, respectively). "
          text run at (582,30) width 364: "Extra text is included for the purposes of"
          text run at (0,57) width 258: "testing this more effectively."
      RenderBlock {P} at (0,487) size 964x79
        RenderText {#text} at (0,5) size 940x41
          text run at (0,5) width 756: "This element should be in a cursive font, 'small' in size, with a line-height 200% the height of the text's actual size. "
          text run at (756,5) width 184: "For example, if the font-size"
          text run at (0,31) width 40: "value "
        RenderInline {CODE} at (0,0) size 27x11
          RenderText {#text} at (40,34) size 27x11
            text run at (40,34) width 27: "small"
        RenderText {#text} at (67,31) size 944x42
          text run at (67,31) width 386: " is calculated at 10px, then the line-height should be 20px. "
          text run at (453,31) width 331: "The actual value of the font-size is UA-dependent. "
          text run at (784,31) width 160: "Extra text is included for"
          text run at (0,58) width 294: "the purposes of testing this more effectively."
      RenderBlock {P} at (0,584) size 964x81
        RenderText {#text} at (0,3) size 939x75
          text run at (0,3) width 829: "This element should be in a sans-serif font, italicized and small caps, with a weight of 900. "
          text run at (829,3) width 110: "Its font-size"
          text run at (0,30) width 925: "should be 150% the base font size, and its line-height should be 150% of that value (18px and 27px,"
          text run at (0,57) width 128: "respectively). "
          text run at (128,57) width 645: "Extra text is included for the purposes of testing this more effectively."
      RenderBlock {P} at (0,683) size 964x162
        RenderText {#text} at (0,16) size 952x129
          text run at (0,16) width 745: "This element should be in a sans-serif font, italicized and small caps, with a weight of 100. "
          text run at (745,16) width 182: "Its font-size should be"
          text run at (0,70) width 867: "150% the base font size, and its line-height should be 300% of that value (18px and 54px, respectively). "
          text run at (867,70) width 85: "Extra text"
          text run at (0,124) width 485: "is included for the purposes of testing this more effectively."
      RenderBlock {P} at (0,863) size 964x108
        RenderText {#text} at (0,7) size 945x93
          text run at (0,7) width 835: "This element should be in a monospace font, italicized and small caps, with a weight of 900. "
          text run at (835,7) width 110: "Its font-size"
          text run at (0,43) width 916: "should be 150% the base font size, and its line-height should be 2em, or twice the element's font size"
          text run at (0,79) width 285: "(18px and 36px, respectively). "
          text run at (285,79) width 645: "Extra text is included for the purposes of testing this more effectively."
      RenderBlock {P} at (0,989) size 964x288
        RenderText {#text} at (0,37) size 961x213
          text run at (0,37) width 745: "This element should be in a sans-serif font, italicized and small caps, with a weight of 500. "
          text run at (745,37) width 182: "Its font-size should be"
          text run at (0,133) width 560: "150% the base font size, or 18px, and its line-height should be 1in. "
          text run at (560,133) width 401: "Extra text is included for the purposes of testing"
          text run at (0,229) width 169: "this more effectively."
      RenderBlock {P} at (0,1295) size 964x108
        RenderText {#text} at (0,7) size 955x93
          text run at (0,7) width 949: "This element should be in a sans-serif font, oblique and not small-caps, with a weight of 700."
          text run at (0,43) width 955: "Its font-size should be 18 pixels, and its line-height should be 36px (200% this element's font"
          text run at (0,79) width 60: "size). "
          text run at (60,79) width 722: "Extra text is included for the purposes of testing this more effectively."
      RenderBlock {P} at (0,1421) size 964x50
        RenderText {#text} at (0,7) size 944x36
          text run at (0,7) width 321: "This element should be in a sans-serif font, with a weight of 400. "
          text run at (321,7) width 482: "Its font-size should be 80% of 12px, or 9.6px, and its line-height shoud be 2.5 times that, or 24px. "
          text run at (803,7) width 141: "Extra text is included for the"
          text run at (0,32) width 204: "purposes of testing this more effectively."
      RenderBlock {P} at (0,1489) size 964x216
        RenderInline {SPAN} at (0,0) size 947x183 [bgcolor=#C0C0C0]
          RenderText {#text} at (0,16) size 947x183
            text run at (0,16) width 745: "This element should be in a sans-serif font, italicized and small caps, with a weight of 100. "
            text run at (745,16) width 182: "Its font-size should be"
            text run at (0,70) width 935: "150% the base font size, and its line-height should be 300% of that value (18px and 54px, respectively). The text"
            text run at (0,124) width 947: "should have a silver background. The background color has been set on an inline element and should therefore only"
            text run at (0,178) width 332: "cover the text, not the interline spacing."
        RenderText {#text} at (0,0) size 0x0
      RenderTable {TABLE} at (0,1723) size 964x2121 [border: (1px outset #808080)]
        RenderTableSection {TBODY} at (1,1) size 962x2119
          RenderTableRow {TR} at (0,0) size 962x27
            RenderTableCell {TD} at (0,0) size 962x27 [bgcolor=#C0C0C0] [border: (1px inset #808080)] [r=0 c=0 rs=1 cs=2]
              RenderInline {STRONG} at (0,0) size 202x19
                RenderText {#text} at (4,4) size 202x19
                  text run at (4,4) width 202: "TABLE Testing Section"
          RenderTableRow {TR} at (0,27) size 962x2092
            RenderTableCell {TD} at (0,1059) size 13x27 [bgcolor=#C0C0C0] [border: (1px inset #808080)] [r=1 c=0 rs=1 cs=1]
              RenderText {#text} at (4,4) size 5x19
                text run at (4,4) width 5: " "
            RenderTableCell {TD} at (13,27) size 949x2092 [border: (1px inset #808080)] [r=1 c=1 rs=1 cs=1]
              RenderBlock {P} at (4,4) size 941x38
                RenderText {#text} at (0,0) size 914x38
                  text run at (0,0) width 705: "This element is unstyled, and should inherit a font-size of 12px from the BODY element. "
                  text run at (705,0) width 209: "This is the \"base font size\""
                  text run at (0,19) width 262: "referred to in the following tests."
              RenderBlock {P} at (4,59) size 941x20
                RenderText {#text} at (0,0) size 504x20
                  text run at (0,0) width 504: "This element should be 13pt. Helvetica which is in small-cap italics."
              RenderBlock {P} at (4,103) size 941x144
                RenderText {#text} at (0,4) size 924x136
                  text run at (0,4) width 468: "This element should be in a serif font. "
                  text run at (468,4) width 456: "Its font-size should be 150% the base"
                  text run at (0,40) width 867: "font size, and its line-height should 150% of that value (18px and 27px,"
                  text run at (0,76) width 172: "respectively). "
                  text run at (172,76) width 708: "Extra text is included for the purposes of testing this more"
                  text run at (0,112) width 133: "effectively."
              RenderBlock {P} at (4,271) size 941x144
                RenderText {#text} at (0,4) size 933x136
                  text run at (0,4) width 533: "This element should be in a sans-serif font. "
                  text run at (533,4) width 390: "Its font-size should be 150% the"
                  text run at (0,40) width 933: "base font size, and its line-height should 150% of that value (18px and 27px,"
                  text run at (0,76) width 172: "respectively). "
                  text run at (172,76) width 708: "Extra text is included for the purposes of testing this more"
                  text run at (0,112) width 133: "effectively."
              RenderBlock {P} at (4,439) size 941x79
                RenderText {#text} at (0,5) size 940x41
                  text run at (0,5) width 756: "This element should be in a cursive font, 'small' in size, with a line-height 200% the height of the text's actual size. "
                  text run at (756,5) width 184: "For example, if the font-size"
                  text run at (0,31) width 40: "value "
                RenderInline {CODE} at (0,0) size 27x11
                  RenderText {#text} at (40,34) size 27x11
                    text run at (40,34) width 27: "small"
                RenderText {#text} at (67,31) size 922x42
                  text run at (67,31) width 386: " is calculated at 10px, then the line-height should be 20px. "
                  text run at (453,31) width 331: "The actual value of the font-size is UA-dependent. "
                  text run at (784,31) width 138: "Extra text is included"
                  text run at (0,58) width 316: "for the purposes of testing this more effectively."
              RenderBlock {P} at (4,542) size 941x144
                RenderText {#text} at (0,4) size 941x136
                  text run at (0,4) width 887: "This element should be in a sans-serif font, italicized and small caps, with a"
                  text run at (0,40) width 187: "weight of 900. "
                  text run at (187,40) width 719: "Its font-size should be 150% the base font size, and its line-"
                  text run at (0,76) width 817: "height should be 150% of that value (18px and 27px, respectively). "
                  text run at (817,76) width 124: "Extra text"
                  text run at (0,112) width 708: "is included for the purposes of testing this more effectively."
              RenderBlock {P} at (4,710) size 941x288
                RenderText {#text} at (0,22) size 917x244
                  text run at (0,22) width 917: "This element should be in a sans-serif font, italicized and small caps, with a weight of"
                  text run at (0,94) width 61: "100. "
                  text run at (61,94) width 831: "Its font-size should be 150% the base font size, and its line-height should be"
                  text run at (0,166) width 556: "300% of that value (18px and 54px, respectively). "
                  text run at (556,166) width 317: "Extra text is included for the"
                  text run at (0,238) width 435: "purposes of testing this more effectively."
              RenderBlock {P} at (4,1022) size 941x156
                RenderText {#text} at (0,7) size 926x141
                  text run at (0,7) width 908: "This element should be in a monospace font, italicized and small caps, with a weight of 900."
                  text run at (0,46) width 906: "Its font-size should be 150% the base font size, and its line-height should be 2em, or twice"
                  text run at (0,85) width 541: "the element's font size (18px and 36px, respectively). "
                  text run at (541,85) width 385: "Extra text is included for the purposes"
                  text run at (0,124) width 315: "of testing this more effectively."
              RenderBlock {P} at (4,1202) size 941x288
                RenderText {#text} at (0,34) size 919x220
                  text run at (0,34) width 917: "This element should be in a sans-serif font, italicized and small caps, with a weight of"
                  text run at (0,130) width 61: "500. "
                  text run at (61,130) width 822: "Its font-size should be 150% the base font size, or 18px, and its line-height"
                  text run at (0,226) width 159: "should be 1in. "
                  text run at (159,226) width 760: "Extra text is included for the purposes of testing this more effectively."
              RenderBlock {P} at (4,1514) size 941x108
                RenderText {#text} at (0,7) size 936x93
                  text run at (0,7) width 897: "This element should be in a sans-serif font, oblique and not small-caps, with a weight of"
                  text run at (0,43) width 52: "700. "
                  text run at (52,43) width 801: "Its font-size should be 18 pixels, and its line-height should be 36px (200% this"
                  text run at (0,79) width 214: "element's font size). "
                  text run at (214,79) width 722: "Extra text is included for the purposes of testing this more effectively."
              RenderBlock {P} at (4,1640) size 941x64
                RenderText {#text} at (0,8) size 930x47
                  text run at (0,8) width 427: "This element should be in a sans-serif font, with a weight of 400. "
                  text run at (427,8) width 503: "Its font-size should be 80% of 12px, or 9.6px, and its line-height shoud be 2.5"
                  text run at (0,40) width 132: "times that, or 24px. "
                  text run at (132,40) width 458: "Extra text is included for the purposes of testing this more effectively."
              RenderBlock {P} at (4,1728) size 941x360
                RenderInline {SPAN} at (0,0) size 917x316 [bgcolor=#C0C0C0]
                  RenderText {#text} at (0,22) size 917x316
                    text run at (0,22) width 917: "This element should be in a sans-serif font, italicized and small caps, with a weight of"
                    text run at (0,94) width 61: "100. "
                    text run at (61,94) width 831: "Its font-size should be 150% the base font size, and its line-height should be"
                    text run at (0,166) width 869: "300% of that value (18px and 54px, respectively). The text should have a silver"
                    text run at (0,238) width 859: "background. The background color has been set on an inline element and should"
                    text run at (0,310) width 600: "therefore only cover the text, not the interline spacing."
                RenderText {#text} at (0,0) size 0x0
