layer at (0,0) size 800x600
  RenderView at (0,0) size 800x600
layer at (0,0) size 800x38
  RenderBlock {HTML} at (0,0) size 800x38
    RenderBody {BODY} at (8,12) size 784x14
      RenderBlock {FORM} at (0,0) size 784x14 [bgcolor=#00FF00]
        RenderBlock {P} at (0,0) size 784x14
          RenderText {#text} at (0,0) size 264x14
            text run at (0,0) width 152: "The content of this form should "
            text run at (152,0) width 112: "have a lime background"
