layer at (0,0) size 800x600
  RenderView at (0,0) size 800x600
layer at (0,0) size 800x233
  RenderBlock {HTML} at (0,0) size 800x233
    RenderBody {BODY} at (8,12) size 784x213
      RenderBlock {P} at (0,0) size 784x14
        RenderText {#text} at (0,0) size 506x14
          text run at (0,0) width 317: "The background color of this paragraph should turn to green when "
          text run at (317,0) width 189: "the mouse pointer hovers either its text ("
        RenderInline {STRONG} at (0,0) size 22x14
          RenderText {#text} at (506,0) size 22x14
            text run at (506,0) width 22: "here"
        RenderText {#text} at (528,0) size 151x14
          text run at (528,0) width 151: ") or its whitespace background, "
        RenderInline {STRONG} at (0,0) size 22x14
          RenderText {#text} at (679,0) size 22x14
            text run at (679,0) width 22: "here"
        RenderText {#text} at (701,0) size 3x14
          text run at (701,0) width 3: ":"
      RenderBlock {ADDRESS} at (0,26) size 784x14
        RenderText {#text} at (0,0) size 121x14
          text run at (0,0) width 121: "The background color of "
        RenderInline {A} at (0,0) size 87x14 [color=#0000EE]
          RenderText {#text} at (121,0) size 61x14
            text run at (121,0) width 61: "this anchor ("
          RenderInline {STRONG} at (0,0) size 22x14
            RenderText {#text} at (182,0) size 22x14
              text run at (182,0) width 22: "here"
          RenderText {#text} at (204,0) size 4x14
            text run at (204,0) width 4: ")"
        RenderText {#text} at (208,0) size 290x14
          text run at (208,0) width 290: " should turn to green when the pointing device hovers over it."
      RenderTable {TABLE} at (0,40) size 236x173
        RenderTableSection {TBODY} at (0,0) size 236x173
          RenderTableRow {TR} at (0,5) size 236x16
            RenderTableCell {TD} at (5,5) size 75x16 [r=0 c=0 rs=1 cs=1]
              RenderText {#text} at (1,1) size 54x14
                text run at (1,1) width 54: "The cells in"
            RenderTableCell {TD} at (85,5) size 67x16 [r=0 c=1 rs=1 cs=1]
              RenderText {#text} at (1,1) size 42x14
                text run at (1,1) width 42: "this table"
            RenderTableCell {TD} at (157,5) size 74x16 [r=0 c=2 rs=1 cs=1]
              RenderText {#text} at (1,1) size 47x14
                text run at (1,1) width 47: "should go"
          RenderTableRow {TR} at (0,26) size 236x16
            RenderTableCell {TD} at (5,26) size 75x16 [r=1 c=0 rs=1 cs=1]
              RenderText {#text} at (1,1) size 55x14
                text run at (1,1) width 55: "green when"
            RenderTableCell {TD} at (85,26) size 67x16 [r=1 c=1 rs=1 cs=1]
              RenderText {#text} at (1,1) size 48x14
                text run at (1,1) width 48: "you hover"
            RenderTableCell {TD} at (157,26) size 74x16 [r=1 c=2 rs=1 cs=1]
              RenderText {#text} at (1,1) size 56x14
                text run at (1,1) width 56: "the pointing"
          RenderTableRow {TR} at (0,47) size 236x16
            RenderTableCell {TD} at (5,47) size 75x16 [r=2 c=0 rs=1 cs=1]
              RenderText {#text} at (1,1) size 54x14
                text run at (1,1) width 54: "device over"
            RenderTableCell {TD} at (85,47) size 67x16 [r=2 c=1 rs=1 cs=1]
              RenderText {#text} at (1,1) size 30x14
                text run at (1,1) width 30: "them ("
              RenderInline {STRONG} at (0,0) size 22x14
                RenderText {#text} at (31,1) size 22x14
                  text run at (31,1) width 22: "here"
              RenderText {#text} at (53,1) size 7x14
                text run at (53,1) width 7: ")."
            RenderTableCell {TD} at (157,54) size 74x2 [r=2 c=2 rs=1 cs=1]
          RenderTableRow {TR} at (0,68) size 236x16
            RenderTableCell {TD} at (5,68) size 75x16 [r=3 c=0 rs=1 cs=1]
              RenderText {#text} at (1,1) size 57x14
                text run at (1,1) width 57: "The rows in"
            RenderTableCell {TD} at (85,68) size 67x16 [r=3 c=1 rs=1 cs=1]
              RenderText {#text} at (1,1) size 42x14
                text run at (1,1) width 42: "this table"
            RenderTableCell {TD} at (157,68) size 74x16 [r=3 c=2 rs=1 cs=1]
              RenderText {#text} at (1,1) size 47x14
                text run at (1,1) width 47: "should go"
          RenderTableRow {TR} at (0,89) size 236x16
            RenderTableCell {TD} at (5,89) size 75x16 [r=4 c=0 rs=1 cs=1]
              RenderText {#text} at (1,1) size 50x14
                text run at (1,1) width 50: "dark green"
            RenderTableCell {TD} at (85,89) size 67x16 [r=4 c=1 rs=1 cs=1]
              RenderText {#text} at (1,1) size 43x14
                text run at (1,1) width 43: "when the"
            RenderTableCell {TD} at (157,89) size 74x16 [r=4 c=2 rs=1 cs=1]
              RenderText {#text} at (1,1) size 72x14
                text run at (1,1) width 72: "pointing device"
          RenderTableRow {TR} at (0,110) size 236x16
            RenderTableCell {TD} at (5,110) size 75x16 [r=5 c=0 rs=1 cs=1]
              RenderText {#text} at (1,1) size 49x14
                text run at (1,1) width 49: "is over the"
            RenderTableCell {TD} at (85,110) size 67x16 [r=5 c=1 rs=1 cs=1]
              RenderText {#text} at (1,1) size 44x14
                text run at (1,1) width 44: "five pixel"
            RenderTableCell {TD} at (157,110) size 74x16 [r=5 c=2 rs=1 cs=1]
              RenderText {#text} at (1,1) size 70x14
                text run at (1,1) width 70: "border spacing"
          RenderTableRow {TR} at (0,131) size 236x16
            RenderTableCell {TD} at (5,131) size 75x16 [r=6 c=0 rs=1 cs=1]
              RenderText {#text} at (1,1) size 66x14
                text run at (1,1) width 66: "and when it is"
            RenderTableCell {TD} at (85,131) size 67x16 [r=6 c=1 rs=1 cs=1]
              RenderText {#text} at (1,1) size 65x14
                text run at (1,1) width 65: "over the cells."
            RenderTableCell {TD} at (157,138) size 74x2 [r=6 c=2 rs=1 cs=1]
          RenderTableRow {TR} at (0,152) size 236x16
            RenderTableCell {TD} at (5,152) size 75x16 [r=7 c=0 rs=1 cs=1]
              RenderText {#text} at (1,1) size 48x14
                text run at (1,1) width 48: "Including "
              RenderInline {STRONG} at (0,0) size 22x14
                RenderText {#text} at (49,1) size 22x14
                  text run at (49,1) width 22: "here"
              RenderText {#text} at (71,1) size 3x14
                text run at (71,1) width 3: ","
            RenderTableCell {TD} at (85,159) size 67x2 [r=7 c=1 rs=1 cs=1]
            RenderTableCell {TD} at (157,152) size 74x16 [r=7 c=2 rs=1 cs=1]
              RenderText {#text} at (1,1) size 53x14
                text run at (1,1) width 53: "blank cells."
