layer at (0,0) size 800x600
  RenderView at (0,0) size 800x600
layer at (0,0) size 800x118
  RenderBlock {HTML} at (0,0) size 800x118
    RenderBody {BODY} at (8,12) size 784x94
      RenderBlock {P} at (0,0) size 784x14
        RenderText {#text} at (0,0) size 565x14
          text run at (0,0) width 169: "This paragraph should be unstyled. "
          text run at (169,0) width 341: "The background of the following paragraph should become green when "
          text run at (510,0) width 55: "you follow "
        RenderInline {A} at (0,0) size 38x14 [color=#0000EE]
          RenderText {#text} at (565,0) size 38x14
            text run at (565,0) width 38: "this link"
        RenderText {#text} at (603,0) size 3x14
          text run at (603,0) width 3: "."
      RenderBlock {P} at (0,26) size 784x28
        RenderText {#text} at (0,0) size 552x14
          text run at (0,0) width 207: "This paragraph should initially be unstyled. "
          text run at (207,0) width 345: "It should become green when you select the link above. When you select "
        RenderInline {A} at (0,0) size 38x14 [color=#0000EE]
          RenderText {#text} at (552,0) size 38x14
            text run at (552,0) width 38: "this link"
        RenderText {#text} at (590,0) size 772x28
          text run at (590,0) width 182: ", it should return to being unstyled and"
          text run at (0,14) width 17: "the "
          text run at (17,14) width 274: "background of the paragraph below should become green."
      RenderBlock {P} at (0,66) size 784x28
        RenderText {#text} at (0,0) size 557x14
          text run at (0,0) width 207: "This paragraph should initially be unstyled. "
          text run at (207,0) width 350: "It should become green when you select the link above. When you follow "
        RenderInline {A} at (0,0) size 38x14 [color=#0000EE]
          RenderText {#text} at (557,0) size 38x14
            text run at (557,0) width 38: "this link"
        RenderText {#text} at (595,0) size 776x28
          text run at (595,0) width 104: ", the three paragraphs "
          text run at (699,0) width 77: "should all return"
          text run at (0,14) width 84: "to being unstyled."
