layer at (0,0) size 800x600
  RenderView at (0,0) size 800x600
layer at (0,0) size 800x38
  RenderBlock {HTML} at (0,0) size 800x38 [bgcolor=#00FF00]
    RenderBody {BODY} at (8,12) size 784x14
      RenderBlock {P} at (0,0) size 784x14
        RenderText {#text} at (0,0) size 234x14
          text run at (0,0) width 234: "The background of the document should be green"
