layer at (0,0) size 800x600
  RenderView at (0,0) size 800x600
layer at (0,0) size 800x52
  RenderBlock {HTML} at (0,0) size 800x52
    RenderBody {BODY} at (8,12) size 784x28
      RenderBlock {P} at (0,0) size 784x28
        RenderText {#text} at (0,0) size 773x28
          text run at (0,0) width 773: "Any textual selection in this long paragraph should have green background. Any textual selection in this long paragraph should have green background. Any textual"
          text run at (0,14) width 298: "selection in this long paragraph should have green background."
