layer at (0,0) size 800x600
  RenderView at (0,0) size 800x600
layer at (0,0) size 800x94
  RenderBlock {HTML} at (0,0) size 800x94
    RenderBody {BODY} at (8,12) size 784x70
      RenderBlock {DIV} at (0,0) size 784x70
        RenderBlock {P} at (0,0) size 784x14 [color=#00FF00]
          RenderInline {A} at (0,0) size 209x14 [color=#000000]
            RenderText {#text} at (0,0) size 209x14
              text run at (0,0) width 209: "This text should turn green while it is active."
          RenderText {#text} at (0,0) size 0x0
        RenderBlock {P} at (0,26) size 784x44 [color=#00FF00]
          RenderButton {BUTTON} at (2,2) size 342x40 [color=#000000] [bgcolor=#C0C0C0] [border: (2px outset #C0C0C0)]
            RenderBlock (anonymous) at (17,10) size 308x18
              RenderText {#text} at (0,0) size 308x17
                text run at (0,0) width 308: "This text should turn green while it is active."
          RenderText {#text} at (0,0) size 0x0
