layer at (0,0) size 800x2574
  RenderView at (0,0) size 800x600
layer at (0,0) size 800x2574
  RenderBlock {HTML} at (0,0) size 800x2574
    RenderBody {BODY} at (8,16) size 784x2546
      RenderBlock {H1} at (0,0) size 784x28
        RenderText {#text} at (0,0) size 188x28
          text run at (0,0) width 188: "HTML Test Index"
      RenderBlock {P} at (0,44) size 784x14
        RenderText {#text} at (0,0) size 231x14
          text run at (0,0) width 231: "The HTML tests are available in several variants."
      RenderBlock {H2} at (0,72) size 784x21
        RenderText {#text} at (0,0) size 213x21
          text run at (0,0) width 213: "Tests With Navigation Aids"
      RenderBlock {P} at (0,107) size 784x28
        RenderText {#text} at (0,0) size 757x28
          text run at (0,0) width 757: "Each category of test is available using several different harnesses. The name of the harness describes how the test markup is contained within it, for example the"
          text run at (0,14) width 313: "Xlink embed case uses an XLink with the show axis set to embed."
      RenderBlock {UL} at (0,147) size 784x140
        RenderListItem {LI} at (40,0) size 744x28
          RenderListMarker at (-15,0) size 6x14: bullet
          RenderInline {A} at (0,0) size 16x14 [color=#0000EE]
            RenderText {#text} at (0,0) size 16x14
              text run at (0,0) width 16: "full"
          RenderText {#text} at (16,0) size 6x14
            text run at (16,0) width 6: ": "
          RenderInline {A} at (0,0) size 70x14 [color=#0000EE]
            RenderText {#text} at (22,0) size 70x14
              text run at (22,0) width 70: "Self Contained"
          RenderText {#text} at (92,0) size 6x14
            text run at (92,0) width 6: ", "
          RenderInline {A} at (0,0) size 90x14 [color=#0000EE]
            RenderText {#text} at (98,0) size 90x14
              text run at (98,0) width 90: "XHTML <iframe>"
          RenderText {#text} at (188,0) size 6x14
            text run at (188,0) width 6: ", "
          RenderInline {A} at (0,0) size 88x14 [color=#0000EE]
            RenderText {#text} at (194,0) size 88x14
              text run at (194,0) width 88: "XHTML <object>"
          RenderText {#text} at (282,0) size 6x14
            text run at (282,0) width 6: ", "
          RenderInline {A} at (0,0) size 87x14 [color=#0000EE]
            RenderText {#text} at (288,0) size 87x14
              text run at (288,0) width 87: "XHTML <frame>"
          RenderText {#text} at (375,0) size 6x14
            text run at (375,0) width 6: ", "
          RenderInline {A} at (0,0) size 81x14 [color=#0000EE]
            RenderText {#text} at (381,0) size 81x14
              text run at (381,0) width 81: "HTML <iframe>"
          RenderText {#text} at (462,0) size 6x14
            text run at (462,0) width 6: ", "
          RenderInline {A} at (0,0) size 79x14 [color=#0000EE]
            RenderText {#text} at (468,0) size 79x14
              text run at (468,0) width 79: "HTML <object>"
          RenderText {#text} at (547,0) size 6x14
            text run at (547,0) width 6: ", "
          RenderInline {A} at (0,0) size 78x14 [color=#0000EE]
            RenderText {#text} at (553,0) size 78x14
              text run at (553,0) width 78: "HTML <frame>"
          RenderText {#text} at (631,0) size 6x14
            text run at (631,0) width 6: ", "
          RenderInline {A} at (0,0) size 65x14 [color=#0000EE]
            RenderText {#text} at (637,0) size 65x14
              text run at (637,0) width 65: "XLink embed"
          RenderText {#text} at (702,0) size 6x14
            text run at (702,0) width 6: ", "
          RenderInline {A} at (0,0) size 733x28 [color=#0000EE]
            RenderText {#text} at (708,0) size 733x28
              text run at (708,0) width 25: "TNG"
              text run at (0,14) width 34: "Format"
        RenderListItem {LI} at (40,28) size 744x28
          RenderListMarker at (-15,0) size 6x14: bullet
          RenderInline {A} at (0,0) size 24x14 [color=#0000EE]
            RenderText {#text} at (0,0) size 24x14
              text run at (0,0) width 24: "static"
          RenderText {#text} at (24,0) size 6x14
            text run at (24,0) width 6: ": "
          RenderInline {A} at (0,0) size 70x14 [color=#0000EE]
            RenderText {#text} at (30,0) size 70x14
              text run at (30,0) width 70: "Self Contained"
          RenderText {#text} at (100,0) size 6x14
            text run at (100,0) width 6: ", "
          RenderInline {A} at (0,0) size 90x14 [color=#0000EE]
            RenderText {#text} at (106,0) size 90x14
              text run at (106,0) width 90: "XHTML <iframe>"
          RenderText {#text} at (196,0) size 6x14
            text run at (196,0) width 6: ", "
          RenderInline {A} at (0,0) size 88x14 [color=#0000EE]
            RenderText {#text} at (202,0) size 88x14
              text run at (202,0) width 88: "XHTML <object>"
          RenderText {#text} at (290,0) size 6x14
            text run at (290,0) width 6: ", "
          RenderInline {A} at (0,0) size 87x14 [color=#0000EE]
            RenderText {#text} at (296,0) size 87x14
              text run at (296,0) width 87: "XHTML <frame>"
          RenderText {#text} at (383,0) size 6x14
            text run at (383,0) width 6: ", "
          RenderInline {A} at (0,0) size 81x14 [color=#0000EE]
            RenderText {#text} at (389,0) size 81x14
              text run at (389,0) width 81: "HTML <iframe>"
          RenderText {#text} at (470,0) size 6x14
            text run at (470,0) width 6: ", "
          RenderInline {A} at (0,0) size 79x14 [color=#0000EE]
            RenderText {#text} at (476,0) size 79x14
              text run at (476,0) width 79: "HTML <object>"
          RenderText {#text} at (555,0) size 6x14
            text run at (555,0) width 6: ", "
          RenderInline {A} at (0,0) size 78x14 [color=#0000EE]
            RenderText {#text} at (561,0) size 78x14
              text run at (561,0) width 78: "HTML <frame>"
          RenderText {#text} at (639,0) size 6x14
            text run at (639,0) width 6: ", "
          RenderInline {A} at (0,0) size 65x14 [color=#0000EE]
            RenderText {#text} at (645,0) size 65x14
              text run at (645,0) width 65: "XLink embed"
          RenderText {#text} at (710,0) size 6x14
            text run at (710,0) width 6: ", "
          RenderInline {A} at (0,0) size 741x28 [color=#0000EE]
            RenderText {#text} at (716,0) size 741x28
              text run at (716,0) width 25: "TNG"
              text run at (0,14) width 34: "Format"
        RenderListItem {LI} at (40,56) size 744x28
          RenderListMarker at (-15,0) size 6x14: bullet
          RenderInline {A} at (0,0) size 68x14 [color=#0000EE]
            RenderText {#text} at (0,0) size 68x14
              text run at (0,0) width 68: "history-related"
          RenderText {#text} at (68,0) size 6x14
            text run at (68,0) width 6: ": "
          RenderInline {A} at (0,0) size 70x14 [color=#0000EE]
            RenderText {#text} at (74,0) size 70x14
              text run at (74,0) width 70: "Self Contained"
          RenderText {#text} at (144,0) size 6x14
            text run at (144,0) width 6: ", "
          RenderInline {A} at (0,0) size 90x14 [color=#0000EE]
            RenderText {#text} at (150,0) size 90x14
              text run at (150,0) width 90: "XHTML <iframe>"
          RenderText {#text} at (240,0) size 6x14
            text run at (240,0) width 6: ", "
          RenderInline {A} at (0,0) size 88x14 [color=#0000EE]
            RenderText {#text} at (246,0) size 88x14
              text run at (246,0) width 88: "XHTML <object>"
          RenderText {#text} at (334,0) size 6x14
            text run at (334,0) width 6: ", "
          RenderInline {A} at (0,0) size 87x14 [color=#0000EE]
            RenderText {#text} at (340,0) size 87x14
              text run at (340,0) width 87: "XHTML <frame>"
          RenderText {#text} at (427,0) size 6x14
            text run at (427,0) width 6: ", "
          RenderInline {A} at (0,0) size 81x14 [color=#0000EE]
            RenderText {#text} at (433,0) size 81x14
              text run at (433,0) width 81: "HTML <iframe>"
          RenderText {#text} at (514,0) size 6x14
            text run at (514,0) width 6: ", "
          RenderInline {A} at (0,0) size 79x14 [color=#0000EE]
            RenderText {#text} at (520,0) size 79x14
              text run at (520,0) width 79: "HTML <object>"
          RenderText {#text} at (599,0) size 6x14
            text run at (599,0) width 6: ", "
          RenderInline {A} at (0,0) size 78x14 [color=#0000EE]
            RenderText {#text} at (605,0) size 78x14
              text run at (605,0) width 78: "HTML <frame>"
          RenderText {#text} at (683,0) size 6x14
            text run at (683,0) width 6: ", "
          RenderInline {A} at (0,0) size 720x28 [color=#0000EE]
            RenderText {#text} at (689,0) size 720x28
              text run at (689,0) width 31: "XLink"
              text run at (0,14) width 31: "embed"
          RenderText {#text} at (31,14) size 6x14
            text run at (31,14) width 6: ", "
          RenderInline {A} at (0,0) size 62x14 [color=#0000EE]
            RenderText {#text} at (37,14) size 62x14
              text run at (37,14) width 62: "TNG Format"
        RenderListItem {LI} at (40,84) size 744x28
          RenderListMarker at (-15,0) size 6x14: bullet
          RenderInline {A} at (0,0) size 48x14 [color=#0000EE]
            RenderText {#text} at (0,0) size 48x14
              text run at (0,0) width 48: "interactive"
          RenderText {#text} at (48,0) size 6x14
            text run at (48,0) width 6: ": "
          RenderInline {A} at (0,0) size 70x14 [color=#0000EE]
            RenderText {#text} at (54,0) size 70x14
              text run at (54,0) width 70: "Self Contained"
          RenderText {#text} at (124,0) size 6x14
            text run at (124,0) width 6: ", "
          RenderInline {A} at (0,0) size 90x14 [color=#0000EE]
            RenderText {#text} at (130,0) size 90x14
              text run at (130,0) width 90: "XHTML <iframe>"
          RenderText {#text} at (220,0) size 6x14
            text run at (220,0) width 6: ", "
          RenderInline {A} at (0,0) size 88x14 [color=#0000EE]
            RenderText {#text} at (226,0) size 88x14
              text run at (226,0) width 88: "XHTML <object>"
          RenderText {#text} at (314,0) size 6x14
            text run at (314,0) width 6: ", "
          RenderInline {A} at (0,0) size 87x14 [color=#0000EE]
            RenderText {#text} at (320,0) size 87x14
              text run at (320,0) width 87: "XHTML <frame>"
          RenderText {#text} at (407,0) size 6x14
            text run at (407,0) width 6: ", "
          RenderInline {A} at (0,0) size 81x14 [color=#0000EE]
            RenderText {#text} at (413,0) size 81x14
              text run at (413,0) width 81: "HTML <iframe>"
          RenderText {#text} at (494,0) size 6x14
            text run at (494,0) width 6: ", "
          RenderInline {A} at (0,0) size 79x14 [color=#0000EE]
            RenderText {#text} at (500,0) size 79x14
              text run at (500,0) width 79: "HTML <object>"
          RenderText {#text} at (579,0) size 6x14
            text run at (579,0) width 6: ", "
          RenderInline {A} at (0,0) size 78x14 [color=#0000EE]
            RenderText {#text} at (585,0) size 78x14
              text run at (585,0) width 78: "HTML <frame>"
          RenderText {#text} at (663,0) size 6x14
            text run at (663,0) width 6: ", "
          RenderInline {A} at (0,0) size 65x14 [color=#0000EE]
            RenderText {#text} at (669,0) size 65x14
              text run at (669,0) width 65: "XLink embed"
          RenderText {#text} at (734,0) size 3x14
            text run at (734,0) width 3: ","
          RenderInline {A} at (0,0) size 62x14 [color=#0000EE]
            RenderText {#text} at (0,14) size 62x14
              text run at (0,14) width 62: "TNG Format"
        RenderListItem {LI} at (40,112) size 744x28
          RenderListMarker at (-15,0) size 6x14: bullet
          RenderInline {A} at (0,0) size 40x14 [color=#0000EE]
            RenderText {#text} at (0,0) size 40x14
              text run at (0,0) width 40: "dynamic"
          RenderText {#text} at (40,0) size 6x14
            text run at (40,0) width 6: ": "
          RenderInline {A} at (0,0) size 70x14 [color=#0000EE]
            RenderText {#text} at (46,0) size 70x14
              text run at (46,0) width 70: "Self Contained"
          RenderText {#text} at (116,0) size 6x14
            text run at (116,0) width 6: ", "
          RenderInline {A} at (0,0) size 90x14 [color=#0000EE]
            RenderText {#text} at (122,0) size 90x14
              text run at (122,0) width 90: "XHTML <iframe>"
          RenderText {#text} at (212,0) size 6x14
            text run at (212,0) width 6: ", "
          RenderInline {A} at (0,0) size 88x14 [color=#0000EE]
            RenderText {#text} at (218,0) size 88x14
              text run at (218,0) width 88: "XHTML <object>"
          RenderText {#text} at (306,0) size 6x14
            text run at (306,0) width 6: ", "
          RenderInline {A} at (0,0) size 87x14 [color=#0000EE]
            RenderText {#text} at (312,0) size 87x14
              text run at (312,0) width 87: "XHTML <frame>"
          RenderText {#text} at (399,0) size 6x14
            text run at (399,0) width 6: ", "
          RenderInline {A} at (0,0) size 81x14 [color=#0000EE]
            RenderText {#text} at (405,0) size 81x14
              text run at (405,0) width 81: "HTML <iframe>"
          RenderText {#text} at (486,0) size 6x14
            text run at (486,0) width 6: ", "
          RenderInline {A} at (0,0) size 79x14 [color=#0000EE]
            RenderText {#text} at (492,0) size 79x14
              text run at (492,0) width 79: "HTML <object>"
          RenderText {#text} at (571,0) size 6x14
            text run at (571,0) width 6: ", "
          RenderInline {A} at (0,0) size 78x14 [color=#0000EE]
            RenderText {#text} at (577,0) size 78x14
              text run at (577,0) width 78: "HTML <frame>"
          RenderText {#text} at (655,0) size 6x14
            text run at (655,0) width 6: ", "
          RenderInline {A} at (0,0) size 65x14 [color=#0000EE]
            RenderText {#text} at (661,0) size 65x14
              text run at (661,0) width 65: "XLink embed"
          RenderText {#text} at (726,0) size 3x14
            text run at (726,0) width 3: ","
          RenderInline {A} at (0,0) size 62x14 [color=#0000EE]
            RenderText {#text} at (0,14) size 62x14
              text run at (0,14) width 62: "TNG Format"
      RenderBlock {H2} at (0,301) size 784x21
        RenderText {#text} at (0,0) size 132x21
          text run at (0,0) width 132: "Unadorned Tests"
      RenderBlock {UL} at (0,336) size 784x2184
        RenderListItem {LI} at (40,0) size 744x14
          RenderListMarker at (-15,0) size 6x14: bullet
          RenderInline {A} at (0,0) size 93x14 [color=#0000EE]
            RenderText {#text} at (0,0) size 93x14
              text run at (0,0) width 93: "Groups of selectors"
          RenderText {#text} at (93,0) size 23x14
            text run at (93,0) width 23: " (#1)"
        RenderListItem {LI} at (40,14) size 744x14
          RenderListMarker at (-15,0) size 6x14: bullet
          RenderInline {A} at (0,0) size 107x14 [color=#0000EE]
            RenderText {#text} at (0,0) size 107x14
              text run at (0,0) width 107: "Type element selectors"
          RenderText {#text} at (107,0) size 23x14
            text run at (107,0) width 23: " (#2)"
        RenderListItem {LI} at (40,28) size 744x14
          RenderListMarker at (-15,0) size 6x14: bullet
          RenderInline {A} at (0,0) size 123x14 [color=#0000EE]
            RenderText {#text} at (0,0) size 123x14
              text run at (0,0) width 123: "Omitted universal selector"
          RenderText {#text} at (123,0) size 23x14
            text run at (123,0) width 23: " (#4)"
        RenderListItem {LI} at (40,42) size 744x14
          RenderListMarker at (-15,0) size 6x14: bullet
          RenderInline {A} at (0,0) size 127x14 [color=#0000EE]
            RenderText {#text} at (0,0) size 127x14
              text run at (0,0) width 127: "Attribute existence selector"
          RenderText {#text} at (127,0) size 23x14
            text run at (127,0) width 23: " (#5)"
        RenderListItem {LI} at (40,56) size 744x14
          RenderListMarker at (-15,0) size 6x14: bullet
          RenderInline {A} at (0,0) size 109x14 [color=#0000EE]
            RenderText {#text} at (0,0) size 109x14
              text run at (0,0) width 109: "Attribute value selector"
          RenderText {#text} at (109,0) size 23x14
            text run at (109,0) width 23: " (#6)"
        RenderListItem {LI} at (40,70) size 744x14
          RenderListMarker at (-15,0) size 6x14: bullet
          RenderInline {A} at (0,0) size 133x14 [color=#0000EE]
            RenderText {#text} at (0,0) size 133x14
              text run at (0,0) width 133: "Attribute multivalue selector"
          RenderText {#text} at (133,0) size 23x14
            text run at (133,0) width 23: " (#7)"
        RenderListItem {LI} at (40,84) size 744x14
          RenderListMarker at (-15,0) size 6x14: bullet
          RenderInline {A} at (0,0) size 133x14 [color=#0000EE]
            RenderText {#text} at (0,0) size 133x14
              text run at (0,0) width 133: "Attribute multivalue selector"
          RenderText {#text} at (133,0) size 29x14
            text run at (133,0) width 29: " (#7b)"
        RenderListItem {LI} at (40,98) size 744x14
          RenderListMarker at (-15,0) size 6x14: bullet
          RenderInline {A} at (0,0) size 254x14 [color=#0000EE]
            RenderText {#text} at (0,0) size 254x14
              text run at (0,0) width 254: "Attribute value selectors (hyphen-separated attributes)"
          RenderText {#text} at (254,0) size 23x14
            text run at (254,0) width 23: " (#8)"
        RenderListItem {LI} at (40,112) size 744x14
          RenderListMarker at (-15,0) size 6x14: bullet
          RenderInline {A} at (0,0) size 230x14 [color=#0000EE]
            RenderText {#text} at (0,0) size 230x14
              text run at (0,0) width 230: "Substring matching attribute selector (beginning)"
          RenderText {#text} at (230,0) size 23x14
            text run at (230,0) width 23: " (#9)"
        RenderListItem {LI} at (40,126) size 744x14
          RenderListMarker at (-15,0) size 6x14: bullet
          RenderInline {A} at (0,0) size 200x14 [color=#0000EE]
            RenderText {#text} at (0,0) size 200x14
              text run at (0,0) width 200: "Substring matching attribute selector (end)"
          RenderText {#text} at (200,0) size 29x14
            text run at (200,0) width 29: " (#10)"
        RenderListItem {LI} at (40,140) size 744x14
          RenderListMarker at (-15,0) size 6x14: bullet
          RenderInline {A} at (0,0) size 222x14 [color=#0000EE]
            RenderText {#text} at (0,0) size 222x14
              text run at (0,0) width 222: "Substring matching attribute selector (contains)"
          RenderText {#text} at (222,0) size 29x14
            text run at (222,0) width 29: " (#11)"
        RenderListItem {LI} at (40,154) size 744x14
          RenderListMarker at (-15,0) size 6x14: bullet
          RenderInline {A} at (0,0) size 104x14 [color=#0000EE]
            RenderText {#text} at (0,0) size 104x14
              text run at (0,0) width 104: "Default attribute value"
          RenderText {#text} at (104,0) size 29x14
            text run at (104,0) width 29: " (#12)"
        RenderListItem {LI} at (40,168) size 744x14
          RenderListMarker at (-15,0) size 6x14: bullet
          RenderInline {A} at (0,0) size 70x14 [color=#0000EE]
            RenderText {#text} at (0,0) size 70x14
              text run at (0,0) width 70: "Class selectors"
          RenderText {#text} at (70,0) size 29x14
            text run at (70,0) width 29: " (#13)"
        RenderListItem {LI} at (40,182) size 744x14
          RenderListMarker at (-15,0) size 6x14: bullet
          RenderInline {A} at (0,0) size 134x14 [color=#0000EE]
            RenderText {#text} at (0,0) size 134x14
              text run at (0,0) width 134: "More than one class selector"
          RenderText {#text} at (134,0) size 29x14
            text run at (134,0) width 29: " (#14)"
        RenderListItem {LI} at (40,196) size 744x14
          RenderListMarker at (-15,0) size 6x14: bullet
          RenderInline {A} at (0,0) size 57x14 [color=#0000EE]
            RenderText {#text} at (0,0) size 57x14
              text run at (0,0) width 57: "ID selectors"
          RenderText {#text} at (57,0) size 29x14
            text run at (57,0) width 29: " (#15)"
        RenderListItem {LI} at (40,210) size 744x14
          RenderListMarker at (-15,0) size 6x14: bullet
          RenderInline {A} at (0,0) size 85x14 [color=#0000EE]
            RenderText {#text} at (0,0) size 85x14
              text run at (0,0) width 85: ":link pseudo-class"
          RenderText {#text} at (85,0) size 29x14
            text run at (85,0) width 29: " (#16)"
        RenderListItem {LI} at (40,224) size 744x14
          RenderListMarker at (-15,0) size 6x14: bullet
          RenderInline {A} at (0,0) size 98x14 [color=#0000EE]
            RenderText {#text} at (0,0) size 98x14
              text run at (0,0) width 98: ":visited pseudo-class"
          RenderText {#text} at (98,0) size 29x14
            text run at (98,0) width 29: " (#17)"
        RenderListItem {LI} at (40,238) size 744x14
          RenderListMarker at (-15,0) size 6x14: bullet
          RenderInline {A} at (0,0) size 94x14 [color=#0000EE]
            RenderText {#text} at (0,0) size 94x14
              text run at (0,0) width 94: ":hover pseudo-class"
          RenderText {#text} at (94,0) size 29x14
            text run at (94,0) width 29: " (#18)"
        RenderListItem {LI} at (40,252) size 744x14
          RenderListMarker at (-15,0) size 6x14: bullet
          RenderInline {A} at (0,0) size 94x14 [color=#0000EE]
            RenderText {#text} at (0,0) size 94x14
              text run at (0,0) width 94: ":hover pseudo-class"
          RenderText {#text} at (94,0) size 35x14
            text run at (94,0) width 35: " (#18b)"
        RenderListItem {LI} at (40,266) size 744x14
          RenderListMarker at (-15,0) size 6x14: bullet
          RenderInline {A} at (0,0) size 94x14 [color=#0000EE]
            RenderText {#text} at (0,0) size 94x14
              text run at (0,0) width 94: ":active pseudo-class"
          RenderText {#text} at (94,0) size 29x14
            text run at (94,0) width 29: " (#19)"
        RenderListItem {LI} at (40,280) size 744x14
          RenderListMarker at (-15,0) size 6x14: bullet
          RenderInline {A} at (0,0) size 93x14 [color=#0000EE]
            RenderText {#text} at (0,0) size 93x14
              text run at (0,0) width 93: ":focus pseudo-class"
          RenderText {#text} at (93,0) size 29x14
            text run at (93,0) width 29: " (#20)"
        RenderListItem {LI} at (40,294) size 744x14
          RenderListMarker at (-15,0) size 6x14: bullet
          RenderInline {A} at (0,0) size 93x14 [color=#0000EE]
            RenderText {#text} at (0,0) size 93x14
              text run at (0,0) width 93: ":target pseudo-class"
          RenderText {#text} at (93,0) size 29x14
            text run at (93,0) width 29: " (#21)"
        RenderListItem {LI} at (40,308) size 744x14
          RenderListMarker at (-15,0) size 6x14: bullet
          RenderInline {A} at (0,0) size 93x14 [color=#0000EE]
            RenderText {#text} at (0,0) size 93x14
              text run at (0,0) width 93: ":target pseudo-class"
          RenderText {#text} at (93,0) size 35x14
            text run at (93,0) width 35: " (#21b)"
        RenderListItem {LI} at (40,322) size 744x14
          RenderListMarker at (-15,0) size 6x14: bullet
          RenderInline {A} at (0,0) size 93x14 [color=#0000EE]
            RenderText {#text} at (0,0) size 93x14
              text run at (0,0) width 93: ":target pseudo-class"
          RenderText {#text} at (93,0) size 34x14
            text run at (93,0) width 34: " (#21c)"
        RenderListItem {LI} at (40,336) size 744x14
          RenderListMarker at (-15,0) size 6x14: bullet
          RenderInline {A} at (0,0) size 95x14 [color=#0000EE]
            RenderText {#text} at (0,0) size 95x14
              text run at (0,0) width 95: ":lang() pseudo-class"
          RenderText {#text} at (95,0) size 29x14
            text run at (95,0) width 29: " (#22)"
        RenderListItem {LI} at (40,350) size 744x14
          RenderListMarker at (-15,0) size 6x14: bullet
          RenderInline {A} at (0,0) size 103x14 [color=#0000EE]
            RenderText {#text} at (0,0) size 103x14
              text run at (0,0) width 103: ":enabled pseudo-class"
          RenderText {#text} at (103,0) size 29x14
            text run at (103,0) width 29: " (#23)"
        RenderListItem {LI} at (40,364) size 744x14
          RenderListMarker at (-15,0) size 6x14: bullet
          RenderInline {A} at (0,0) size 106x14 [color=#0000EE]
            RenderText {#text} at (0,0) size 106x14
              text run at (0,0) width 106: ":disabled pseudo-class"
          RenderText {#text} at (106,0) size 29x14
            text run at (106,0) width 29: " (#24)"
        RenderListItem {LI} at (40,378) size 744x14
          RenderListMarker at (-15,0) size 6x14: bullet
          RenderInline {A} at (0,0) size 105x14 [color=#0000EE]
            RenderText {#text} at (0,0) size 105x14
              text run at (0,0) width 105: ":checked pseudo-class"
          RenderText {#text} at (105,0) size 29x14
            text run at (105,0) width 29: " (#25)"
        RenderListItem {LI} at (40,392) size 744x14
          RenderListMarker at (-15,0) size 6x14: bullet
          RenderInline {A} at (0,0) size 86x14 [color=#0000EE]
            RenderText {#text} at (0,0) size 86x14
              text run at (0,0) width 86: ":root pseudo-class"
          RenderText {#text} at (86,0) size 29x14
            text run at (86,0) width 29: " (#27)"
        RenderListItem {LI} at (40,406) size 744x14
          RenderListMarker at (-15,0) size 6x14: bullet
          RenderInline {A} at (0,0) size 117x14 [color=#0000EE]
            RenderText {#text} at (0,0) size 117x14
              text run at (0,0) width 117: ":nth-child() pseudo-class"
          RenderText {#text} at (117,0) size 29x14
            text run at (117,0) width 29: " (#28)"
        RenderListItem {LI} at (40,420) size 744x14
          RenderListMarker at (-15,0) size 6x14: bullet
          RenderInline {A} at (0,0) size 117x14 [color=#0000EE]
            RenderText {#text} at (0,0) size 117x14
              text run at (0,0) width 117: ":nth-child() pseudo-class"
          RenderText {#text} at (117,0) size 35x14
            text run at (117,0) width 35: " (#28b)"
        RenderListItem {LI} at (40,434) size 744x14
          RenderListMarker at (-15,0) size 6x14: bullet
          RenderInline {A} at (0,0) size 137x14 [color=#0000EE]
            RenderText {#text} at (0,0) size 137x14
              text run at (0,0) width 137: ":nth-last-child() pseudo-class"
          RenderText {#text} at (137,0) size 29x14
            text run at (137,0) width 29: " (#29)"
        RenderListItem {LI} at (40,448) size 744x14
          RenderListMarker at (-15,0) size 6x14: bullet
          RenderInline {A} at (0,0) size 137x14 [color=#0000EE]
            RenderText {#text} at (0,0) size 137x14
              text run at (0,0) width 137: ":nth-last-child() pseudo-class"
          RenderText {#text} at (137,0) size 35x14
            text run at (137,0) width 35: " (#29b)"
        RenderListItem {LI} at (40,462) size 744x14
          RenderListMarker at (-15,0) size 6x14: bullet
          RenderInline {A} at (0,0) size 128x14 [color=#0000EE]
            RenderText {#text} at (0,0) size 128x14
              text run at (0,0) width 128: ":nth-of-type() pseudo-class"
          RenderText {#text} at (128,0) size 29x14
            text run at (128,0) width 29: " (#30)"
        RenderListItem {LI} at (40,476) size 744x14
          RenderListMarker at (-15,0) size 6x14: bullet
          RenderInline {A} at (0,0) size 148x14 [color=#0000EE]
            RenderText {#text} at (0,0) size 148x14
              text run at (0,0) width 148: ":nth-last-of-type() pseudo-class"
          RenderText {#text} at (148,0) size 29x14
            text run at (148,0) width 29: " (#31)"
        RenderListItem {LI} at (40,490) size 744x14
          RenderListMarker at (-15,0) size 6x14: bullet
          RenderInline {A} at (0,0) size 113x14 [color=#0000EE]
            RenderText {#text} at (0,0) size 113x14
              text run at (0,0) width 113: ":first-child pseudo-class"
          RenderText {#text} at (113,0) size 29x14
            text run at (113,0) width 29: " (#32)"
        RenderListItem {LI} at (40,504) size 744x14
          RenderListMarker at (-15,0) size 6x14: bullet
          RenderInline {A} at (0,0) size 110x14 [color=#0000EE]
            RenderText {#text} at (0,0) size 110x14
              text run at (0,0) width 110: ":last-child pseudo-class"
          RenderText {#text} at (110,0) size 29x14
            text run at (110,0) width 29: " (#33)"
        RenderListItem {LI} at (40,518) size 744x14
          RenderListMarker at (-15,0) size 6x14: bullet
          RenderInline {A} at (0,0) size 124x14 [color=#0000EE]
            RenderText {#text} at (0,0) size 124x14
              text run at (0,0) width 124: ":first-of-type pseudo-class"
          RenderText {#text} at (124,0) size 29x14
            text run at (124,0) width 29: " (#34)"
        RenderListItem {LI} at (40,532) size 744x14
          RenderListMarker at (-15,0) size 6x14: bullet
          RenderInline {A} at (0,0) size 121x14 [color=#0000EE]
            RenderText {#text} at (0,0) size 121x14
              text run at (0,0) width 121: ":last-of-type pseudo-class"
          RenderText {#text} at (121,0) size 29x14
            text run at (121,0) width 29: " (#35)"
        RenderListItem {LI} at (40,546) size 744x14
          RenderListMarker at (-15,0) size 6x14: bullet
          RenderInline {A} at (0,0) size 115x14 [color=#0000EE]
            RenderText {#text} at (0,0) size 115x14
              text run at (0,0) width 115: ":only-child pseudo-class"
          RenderText {#text} at (115,0) size 29x14
            text run at (115,0) width 29: " (#36)"
        RenderListItem {LI} at (40,560) size 744x14
          RenderListMarker at (-15,0) size 6x14: bullet
          RenderInline {A} at (0,0) size 126x14 [color=#0000EE]
            RenderText {#text} at (0,0) size 126x14
              text run at (0,0) width 126: ":only-of-type pseudo-class"
          RenderText {#text} at (126,0) size 29x14
            text run at (126,0) width 29: " (#37)"
        RenderListItem {LI} at (40,574) size 744x14
          RenderListMarker at (-15,0) size 6x14: bullet
          RenderInline {A} at (0,0) size 123x14 [color=#0000EE]
            RenderText {#text} at (0,0) size 123x14
              text run at (0,0) width 123: "::first-line pseudo-element"
          RenderText {#text} at (123,0) size 29x14
            text run at (123,0) width 29: " (#38)"
        RenderListItem {LI} at (40,588) size 744x14
          RenderListMarker at (-15,0) size 6x14: bullet
          RenderInline {A} at (0,0) size 129x14 [color=#0000EE]
            RenderText {#text} at (0,0) size 129x14
              text run at (0,0) width 129: "::first-letter pseudo-element"
          RenderText {#text} at (129,0) size 29x14
            text run at (129,0) width 29: " (#39)"
        RenderListItem {LI} at (40,602) size 744x14
          RenderListMarker at (-15,0) size 6x14: bullet
          RenderInline {A} at (0,0) size 269x14 [color=#0000EE]
            RenderText {#text} at (0,0) size 269x14
              text run at (0,0) width 269: "::first-letter pseudo-element with ::before pseudo-element"
          RenderText {#text} at (269,0) size 34x14
            text run at (269,0) width 34: " (#39a)"
        RenderListItem {LI} at (40,616) size 744x14
          RenderListMarker at (-15,0) size 6x14: bullet
          RenderInline {A} at (0,0) size 269x14 [color=#0000EE]
            RenderText {#text} at (0,0) size 269x14
              text run at (0,0) width 269: "::first-letter pseudo-element with ::before pseudo-element"
          RenderText {#text} at (269,0) size 34x14
            text run at (269,0) width 34: " (#39a)"
        RenderListItem {LI} at (40,630) size 744x14
          RenderListMarker at (-15,0) size 6x14: bullet
          RenderInline {A} at (0,0) size 129x14 [color=#0000EE]
            RenderText {#text} at (0,0) size 129x14
              text run at (0,0) width 129: "::first-letter pseudo-element"
          RenderText {#text} at (129,0) size 35x14
            text run at (129,0) width 35: " (#39b)"
        RenderListItem {LI} at (40,644) size 744x14
          RenderListMarker at (-15,0) size 6x14: bullet
          RenderInline {A} at (0,0) size 124x14 [color=#0000EE]
            RenderText {#text} at (0,0) size 124x14
              text run at (0,0) width 124: "::selection pseudo-element"
          RenderText {#text} at (124,0) size 29x14
            text run at (124,0) width 29: " (#40)"
        RenderListItem {LI} at (40,658) size 744x14
          RenderListMarker at (-15,0) size 6x14: bullet
          RenderInline {A} at (0,0) size 113x14 [color=#0000EE]
            RenderText {#text} at (0,0) size 113x14
              text run at (0,0) width 113: "::before pseudo-element"
          RenderText {#text} at (113,0) size 29x14
            text run at (113,0) width 29: " (#41)"
        RenderListItem {LI} at (40,672) size 744x14
          RenderListMarker at (-15,0) size 6x14: bullet
          RenderInline {A} at (0,0) size 104x14 [color=#0000EE]
            RenderText {#text} at (0,0) size 104x14
              text run at (0,0) width 104: "::after pseudo-element"
          RenderText {#text} at (104,0) size 29x14
            text run at (104,0) width 29: " (#42)"
        RenderListItem {LI} at (40,686) size 744x14
          RenderListMarker at (-15,0) size 6x14: bullet
          RenderInline {A} at (0,0) size 111x14 [color=#0000EE]
            RenderText {#text} at (0,0) size 111x14
              text run at (0,0) width 111: "Descendant combinator"
          RenderText {#text} at (111,0) size 29x14
            text run at (111,0) width 29: " (#43)"
        RenderListItem {LI} at (40,700) size 744x14
          RenderListMarker at (-15,0) size 6x14: bullet
          RenderInline {A} at (0,0) size 111x14 [color=#0000EE]
            RenderText {#text} at (0,0) size 111x14
              text run at (0,0) width 111: "Descendant combinator"
          RenderText {#text} at (111,0) size 35x14
            text run at (111,0) width 35: " (#43b)"
        RenderListItem {LI} at (40,714) size 744x14
          RenderListMarker at (-15,0) size 6x14: bullet
          RenderInline {A} at (0,0) size 82x14 [color=#0000EE]
            RenderText {#text} at (0,0) size 82x14
              text run at (0,0) width 82: "Child combinator"
          RenderText {#text} at (82,0) size 29x14
            text run at (82,0) width 29: " (#44)"
        RenderListItem {LI} at (40,728) size 744x14
          RenderListMarker at (-15,0) size 6x14: bullet
          RenderInline {A} at (0,0) size 82x14 [color=#0000EE]
            RenderText {#text} at (0,0) size 82x14
              text run at (0,0) width 82: "Child combinator"
          RenderText {#text} at (82,0) size 35x14
            text run at (82,0) width 35: " (#44b)"
        RenderListItem {LI} at (40,742) size 744x14
          RenderListMarker at (-15,0) size 6x14: bullet
          RenderInline {A} at (0,0) size 138x14 [color=#0000EE]
            RenderText {#text} at (0,0) size 138x14
              text run at (0,0) width 138: "Child combinator and classes"
          RenderText {#text} at (138,0) size 34x14
            text run at (138,0) width 34: " (#44c)"
        RenderListItem {LI} at (40,756) size 744x14
          RenderListMarker at (-15,0) size 6x14: bullet
          RenderInline {A} at (0,0) size 126x14 [color=#0000EE]
            RenderText {#text} at (0,0) size 126x14
              text run at (0,0) width 126: "Child combinatior and IDs"
          RenderText {#text} at (126,0) size 35x14
            text run at (126,0) width 35: " (#44d)"
        RenderListItem {LI} at (40,770) size 744x14
          RenderListMarker at (-15,0) size 6x14: bullet
          RenderInline {A} at (0,0) size 126x14 [color=#0000EE]
            RenderText {#text} at (0,0) size 126x14
              text run at (0,0) width 126: "Direct adjacent combinator"
          RenderText {#text} at (126,0) size 29x14
            text run at (126,0) width 29: " (#45)"
        RenderListItem {LI} at (40,784) size 744x14
          RenderListMarker at (-15,0) size 6x14: bullet
          RenderInline {A} at (0,0) size 126x14 [color=#0000EE]
            RenderText {#text} at (0,0) size 126x14
              text run at (0,0) width 126: "Direct adjacent combinator"
          RenderText {#text} at (126,0) size 35x14
            text run at (126,0) width 35: " (#45b)"
        RenderListItem {LI} at (40,798) size 744x14
          RenderListMarker at (-15,0) size 6x14: bullet
          RenderInline {A} at (0,0) size 182x14 [color=#0000EE]
            RenderText {#text} at (0,0) size 182x14
              text run at (0,0) width 182: "Direct adjacent combinator and classes"
          RenderText {#text} at (182,0) size 34x14
            text run at (182,0) width 34: " (#45c)"
        RenderListItem {LI} at (40,812) size 744x14
          RenderListMarker at (-15,0) size 6x14: bullet
          RenderInline {A} at (0,0) size 133x14 [color=#0000EE]
            RenderText {#text} at (0,0) size 133x14
              text run at (0,0) width 133: "Indirect adjacent combinator"
          RenderText {#text} at (133,0) size 29x14
            text run at (133,0) width 29: " (#46)"
        RenderListItem {LI} at (40,826) size 744x14
          RenderListMarker at (-15,0) size 6x14: bullet
          RenderInline {A} at (0,0) size 133x14 [color=#0000EE]
            RenderText {#text} at (0,0) size 133x14
              text run at (0,0) width 133: "Indirect adjacent combinator"
          RenderText {#text} at (133,0) size 35x14
            text run at (133,0) width 35: " (#46b)"
        RenderListItem {LI} at (40,840) size 744x14
          RenderListMarker at (-15,0) size 6x14: bullet
          RenderInline {A} at (0,0) size 295x14 [color=#0000EE]
            RenderText {#text} at (0,0) size 295x14
              text run at (0,0) width 295: "NEGATED substring matching attribute selector on beginning"
          RenderText {#text} at (295,0) size 29x14
            text run at (295,0) width 29: " (#54)"
        RenderListItem {LI} at (40,854) size 744x14
          RenderListMarker at (-15,0) size 6x14: bullet
          RenderInline {A} at (0,0) size 265x14 [color=#0000EE]
            RenderText {#text} at (0,0) size 265x14
              text run at (0,0) width 265: "NEGATED substring matching attribute selector on end"
          RenderText {#text} at (265,0) size 29x14
            text run at (265,0) width 29: " (#55)"
        RenderListItem {LI} at (40,868) size 744x14
          RenderListMarker at (-15,0) size 6x14: bullet
          RenderInline {A} at (0,0) size 280x14 [color=#0000EE]
            RenderText {#text} at (0,0) size 280x14
              text run at (0,0) width 280: "NEGATED substring matching attribute selector on middle"
          RenderText {#text} at (280,0) size 29x14
            text run at (280,0) width 29: " (#56)"
        RenderListItem {LI} at (40,882) size 744x14
          RenderListMarker at (-15,0) size 6x14: bullet
          RenderInline {A} at (0,0) size 231x14 [color=#0000EE]
            RenderText {#text} at (0,0) size 231x14
              text run at (0,0) width 231: "Default attribute value and negation pseudo-class"
          RenderText {#text} at (231,0) size 29x14
            text run at (231,0) width 29: " (#58)"
        RenderListItem {LI} at (40,896) size 744x14
          RenderListMarker at (-15,0) size 6x14: bullet
          RenderInline {A} at (0,0) size 122x14 [color=#0000EE]
            RenderText {#text} at (0,0) size 122x14
              text run at (0,0) width 122: "NEGATED class selector"
          RenderText {#text} at (122,0) size 29x14
            text run at (122,0) width 29: " (#59)"
        RenderListItem {LI} at (40,910) size 744x14
          RenderListMarker at (-15,0) size 6x14: bullet
          RenderInline {A} at (0,0) size 112x14 [color=#0000EE]
            RenderText {#text} at (0,0) size 112x14
              text run at (0,0) width 112: "NEGATED ID selector"
          RenderText {#text} at (112,0) size 29x14
            text run at (112,0) width 29: " (#60)"
        RenderListItem {LI} at (40,924) size 744x14
          RenderListMarker at (-15,0) size 6x14: bullet
          RenderInline {A} at (0,0) size 145x14 [color=#0000EE]
            RenderText {#text} at (0,0) size 145x14
              text run at (0,0) width 145: "NEGATED :link pseudo-class"
          RenderText {#text} at (145,0) size 29x14
            text run at (145,0) width 29: " (#61)"
        RenderListItem {LI} at (40,938) size 744x14
          RenderListMarker at (-15,0) size 6x14: bullet
          RenderInline {A} at (0,0) size 158x14 [color=#0000EE]
            RenderText {#text} at (0,0) size 158x14
              text run at (0,0) width 158: "NEGATED :visited pseudo-class"
          RenderText {#text} at (158,0) size 29x14
            text run at (158,0) width 29: " (#62)"
        RenderListItem {LI} at (40,952) size 744x14
          RenderListMarker at (-15,0) size 6x14: bullet
          RenderInline {A} at (0,0) size 154x14 [color=#0000EE]
            RenderText {#text} at (0,0) size 154x14
              text run at (0,0) width 154: "NEGATED :hover pseudo-class"
          RenderText {#text} at (154,0) size 29x14
            text run at (154,0) width 29: " (#63)"
        RenderListItem {LI} at (40,966) size 744x14
          RenderListMarker at (-15,0) size 6x14: bullet
          RenderInline {A} at (0,0) size 154x14 [color=#0000EE]
            RenderText {#text} at (0,0) size 154x14
              text run at (0,0) width 154: "NEGATED :active pseudo-class"
          RenderText {#text} at (154,0) size 29x14
            text run at (154,0) width 29: " (#64)"
        RenderListItem {LI} at (40,980) size 744x14
          RenderListMarker at (-15,0) size 6x14: bullet
          RenderInline {A} at (0,0) size 153x14 [color=#0000EE]
            RenderText {#text} at (0,0) size 153x14
              text run at (0,0) width 153: "NEGATED :focus pseudo-class"
          RenderText {#text} at (153,0) size 29x14
            text run at (153,0) width 29: " (#65)"
        RenderListItem {LI} at (40,994) size 744x14
          RenderListMarker at (-15,0) size 6x14: bullet
          RenderInline {A} at (0,0) size 153x14 [color=#0000EE]
            RenderText {#text} at (0,0) size 153x14
              text run at (0,0) width 153: "NEGATED :target pseudo-class"
          RenderText {#text} at (153,0) size 29x14
            text run at (153,0) width 29: " (#66)"
        RenderListItem {LI} at (40,1008) size 744x14
          RenderListMarker at (-15,0) size 6x14: bullet
          RenderInline {A} at (0,0) size 153x14 [color=#0000EE]
            RenderText {#text} at (0,0) size 153x14
              text run at (0,0) width 153: "NEGATED :target pseudo-class"
          RenderText {#text} at (153,0) size 35x14
            text run at (153,0) width 35: " (#66b)"
        RenderListItem {LI} at (40,1022) size 744x14
          RenderListMarker at (-15,0) size 6x14: bullet
          RenderInline {A} at (0,0) size 155x14 [color=#0000EE]
            RenderText {#text} at (0,0) size 155x14
              text run at (0,0) width 155: "NEGATED :lang() pseudo-class"
          RenderText {#text} at (155,0) size 29x14
            text run at (155,0) width 29: " (#67)"
        RenderListItem {LI} at (40,1036) size 744x14
          RenderListMarker at (-15,0) size 6x14: bullet
          RenderInline {A} at (0,0) size 165x14 [color=#0000EE]
            RenderText {#text} at (0,0) size 165x14
              text run at (0,0) width 165: "NEGATED :checked pseudo-class"
          RenderText {#text} at (165,0) size 29x14
            text run at (165,0) width 29: " (#70)"
        RenderListItem {LI} at (40,1050) size 744x14
          RenderListMarker at (-15,0) size 6x14: bullet
          RenderInline {A} at (0,0) size 146x14 [color=#0000EE]
            RenderText {#text} at (0,0) size 146x14
              text run at (0,0) width 146: "NEGATED :root pseudo-class"
          RenderText {#text} at (146,0) size 29x14
            text run at (146,0) width 29: " (#72)"
        RenderListItem {LI} at (40,1064) size 744x14
          RenderListMarker at (-15,0) size 6x14: bullet
          RenderInline {A} at (0,0) size 146x14 [color=#0000EE]
            RenderText {#text} at (0,0) size 146x14
              text run at (0,0) width 146: "NEGATED :root pseudo-class"
          RenderText {#text} at (146,0) size 35x14
            text run at (146,0) width 35: " (#72b)"
        RenderListItem {LI} at (40,1078) size 744x14
          RenderListMarker at (-15,0) size 6x14: bullet
          RenderInline {A} at (0,0) size 177x14 [color=#0000EE]
            RenderText {#text} at (0,0) size 177x14
              text run at (0,0) width 177: "NEGATED :nth-child() pseudo-class"
          RenderText {#text} at (177,0) size 29x14
            text run at (177,0) width 29: " (#73)"
        RenderListItem {LI} at (40,1092) size 744x14
          RenderListMarker at (-15,0) size 6x14: bullet
          RenderInline {A} at (0,0) size 177x14 [color=#0000EE]
            RenderText {#text} at (0,0) size 177x14
              text run at (0,0) width 177: "NEGATED :nth-child() pseudo-class"
          RenderText {#text} at (177,0) size 35x14
            text run at (177,0) width 35: " (#73b)"
        RenderListItem {LI} at (40,1106) size 744x14
          RenderListMarker at (-15,0) size 6x14: bullet
          RenderInline {A} at (0,0) size 197x14 [color=#0000EE]
            RenderText {#text} at (0,0) size 197x14
              text run at (0,0) width 197: "NEGATED :nth-last-child() pseudo-class"
          RenderText {#text} at (197,0) size 29x14
            text run at (197,0) width 29: " (#74)"
        RenderListItem {LI} at (40,1120) size 744x14
          RenderListMarker at (-15,0) size 6x14: bullet
          RenderInline {A} at (0,0) size 197x14 [color=#0000EE]
            RenderText {#text} at (0,0) size 197x14
              text run at (0,0) width 197: "NEGATED :nth-last-child() pseudo-class"
          RenderText {#text} at (197,0) size 35x14
            text run at (197,0) width 35: " (#74b)"
        RenderListItem {LI} at (40,1134) size 744x14
          RenderListMarker at (-15,0) size 6x14: bullet
          RenderInline {A} at (0,0) size 188x14 [color=#0000EE]
            RenderText {#text} at (0,0) size 188x14
              text run at (0,0) width 188: "NEGATED :nth-of-type() pseudo-class"
          RenderText {#text} at (188,0) size 29x14
            text run at (188,0) width 29: " (#75)"
        RenderListItem {LI} at (40,1148) size 744x14
          RenderListMarker at (-15,0) size 6x14: bullet
          RenderInline {A} at (0,0) size 188x14 [color=#0000EE]
            RenderText {#text} at (0,0) size 188x14
              text run at (0,0) width 188: "NEGATED :nth-of-type() pseudo-class"
          RenderText {#text} at (188,0) size 35x14
            text run at (188,0) width 35: " (#75b)"
        RenderListItem {LI} at (40,1162) size 744x14
          RenderListMarker at (-15,0) size 6x14: bullet
          RenderInline {A} at (0,0) size 208x14 [color=#0000EE]
            RenderText {#text} at (0,0) size 208x14
              text run at (0,0) width 208: "NEGATED :nth-last-of-type() pseudo-class"
          RenderText {#text} at (208,0) size 29x14
            text run at (208,0) width 29: " (#76)"
        RenderListItem {LI} at (40,1176) size 744x14
          RenderListMarker at (-15,0) size 6x14: bullet
          RenderInline {A} at (0,0) size 208x14 [color=#0000EE]
            RenderText {#text} at (0,0) size 208x14
              text run at (0,0) width 208: "NEGATED :nth-last-of-type() pseudo-class"
          RenderText {#text} at (208,0) size 35x14
            text run at (208,0) width 35: " (#76b)"
        RenderListItem {LI} at (40,1190) size 744x14
          RenderListMarker at (-15,0) size 6x14: bullet
          RenderInline {A} at (0,0) size 173x14 [color=#0000EE]
            RenderText {#text} at (0,0) size 173x14
              text run at (0,0) width 173: "NEGATED :first-child pseudo-class"
          RenderText {#text} at (173,0) size 29x14
            text run at (173,0) width 29: " (#77)"
        RenderListItem {LI} at (40,1204) size 744x14
          RenderListMarker at (-15,0) size 6x14: bullet
          RenderInline {A} at (0,0) size 173x14 [color=#0000EE]
            RenderText {#text} at (0,0) size 173x14
              text run at (0,0) width 173: "NEGATED :first-child pseudo-class"
          RenderText {#text} at (173,0) size 35x14
            text run at (173,0) width 35: " (#77b)"
        RenderListItem {LI} at (40,1218) size 744x14
          RenderListMarker at (-15,0) size 6x14: bullet
          RenderInline {A} at (0,0) size 170x14 [color=#0000EE]
            RenderText {#text} at (0,0) size 170x14
              text run at (0,0) width 170: "NEGATED :last-child pseudo-class"
          RenderText {#text} at (170,0) size 29x14
            text run at (170,0) width 29: " (#78)"
        RenderListItem {LI} at (40,1232) size 744x14
          RenderListMarker at (-15,0) size 6x14: bullet
          RenderInline {A} at (0,0) size 170x14 [color=#0000EE]
            RenderText {#text} at (0,0) size 170x14
              text run at (0,0) width 170: "NEGATED :last-child pseudo-class"
          RenderText {#text} at (170,0) size 35x14
            text run at (170,0) width 35: " (#78b)"
        RenderListItem {LI} at (40,1246) size 744x14
          RenderListMarker at (-15,0) size 6x14: bullet
          RenderInline {A} at (0,0) size 184x14 [color=#0000EE]
            RenderText {#text} at (0,0) size 184x14
              text run at (0,0) width 184: "NEGATED :first-of-type pseudo-class"
          RenderText {#text} at (184,0) size 29x14
            text run at (184,0) width 29: " (#79)"
        RenderListItem {LI} at (40,1260) size 744x14
          RenderListMarker at (-15,0) size 6x14: bullet
          RenderInline {A} at (0,0) size 181x14 [color=#0000EE]
            RenderText {#text} at (0,0) size 181x14
              text run at (0,0) width 181: "NEGATED :last-of-type pseudo-class"
          RenderText {#text} at (181,0) size 29x14
            text run at (181,0) width 29: " (#80)"
        RenderListItem {LI} at (40,1274) size 744x14
          RenderListMarker at (-15,0) size 6x14: bullet
          RenderInline {A} at (0,0) size 175x14 [color=#0000EE]
            RenderText {#text} at (0,0) size 175x14
              text run at (0,0) width 175: "NEGATED :only-child pseudo-class"
          RenderText {#text} at (175,0) size 29x14
            text run at (175,0) width 29: " (#81)"
        RenderListItem {LI} at (40,1288) size 744x14
          RenderListMarker at (-15,0) size 6x14: bullet
          RenderInline {A} at (0,0) size 175x14 [color=#0000EE]
            RenderText {#text} at (0,0) size 175x14
              text run at (0,0) width 175: "NEGATED :only-child pseudo-class"
          RenderText {#text} at (175,0) size 35x14
            text run at (175,0) width 35: " (#81b)"
        RenderListItem {LI} at (40,1302) size 744x14
          RenderListMarker at (-15,0) size 6x14: bullet
          RenderInline {A} at (0,0) size 186x14 [color=#0000EE]
            RenderText {#text} at (0,0) size 186x14
              text run at (0,0) width 186: "NEGATED :only-of-type pseudo-class"
          RenderText {#text} at (186,0) size 29x14
            text run at (186,0) width 29: " (#82)"
        RenderListItem {LI} at (40,1316) size 744x14
          RenderListMarker at (-15,0) size 6x14: bullet
          RenderInline {A} at (0,0) size 186x14 [color=#0000EE]
            RenderText {#text} at (0,0) size 186x14
              text run at (0,0) width 186: "NEGATED :only-of-type pseudo-class"
          RenderText {#text} at (186,0) size 35x14
            text run at (186,0) width 35: " (#82b)"
        RenderListItem {LI} at (40,1330) size 744x14
          RenderListMarker at (-15,0) size 6x14: bullet
          RenderInline {A} at (0,0) size 255x14 [color=#0000EE]
            RenderText {#text} at (0,0) size 255x14
              text run at (0,0) width 255: "Negation pseudo-class cannot be an argument of itself"
          RenderText {#text} at (255,0) size 29x14
            text run at (255,0) width 29: " (#83)"
        RenderListItem {LI} at (40,1344) size 744x14
          RenderListMarker at (-15,0) size 6x14: bullet
          RenderInline {A} at (0,0) size 114x14 [color=#0000EE]
            RenderText {#text} at (0,0) size 114x14
              text run at (0,0) width 114: ":contains() pseudo-class"
          RenderText {#text} at (114,0) size 29x14
            text run at (114,0) width 29: " (#84)"
        RenderListItem {LI} at (40,1358) size 744x14
          RenderListMarker at (-15,0) size 6x14: bullet
          RenderInline {A} at (0,0) size 114x14 [color=#0000EE]
            RenderText {#text} at (0,0) size 114x14
              text run at (0,0) width 114: ":contains() pseudo-class"
          RenderText {#text} at (114,0) size 35x14
            text run at (114,0) width 35: " (#84b)"
        RenderListItem {LI} at (40,1372) size 744x14
          RenderListMarker at (-15,0) size 6x14: bullet
          RenderInline {A} at (0,0) size 174x14 [color=#0000EE]
            RenderText {#text} at (0,0) size 174x14
              text run at (0,0) width 174: "NEGATED :contains() pseudo-class"
          RenderText {#text} at (174,0) size 29x14
            text run at (174,0) width 29: " (#85)"
        RenderListItem {LI} at (40,1386) size 744x14
          RenderListMarker at (-15,0) size 6x14: bullet
          RenderInline {A} at (0,0) size 329x14 [color=#0000EE]
            RenderText {#text} at (0,0) size 329x14
              text run at (0,0) width 329: "Nondeterministic matching of direct and indirect adjacent combinators"
          RenderText {#text} at (329,0) size 29x14
            text run at (329,0) width 29: " (#87)"
        RenderListItem {LI} at (40,1400) size 744x14
          RenderListMarker at (-15,0) size 6x14: bullet
          RenderInline {A} at (0,0) size 329x14 [color=#0000EE]
            RenderText {#text} at (0,0) size 329x14
              text run at (0,0) width 329: "Nondeterministic matching of direct and indirect adjacent combinators"
          RenderText {#text} at (329,0) size 35x14
            text run at (329,0) width 35: " (#87b)"
        RenderListItem {LI} at (40,1414) size 744x14
          RenderListMarker at (-15,0) size 6x14: bullet
          RenderInline {A} at (0,0) size 346x14 [color=#0000EE]
            RenderText {#text} at (0,0) size 346x14
              text run at (0,0) width 346: "Nondeterministic matching of descendant and direct adjacent combinators"
          RenderText {#text} at (346,0) size 29x14
            text run at (346,0) width 29: " (#88)"
        RenderListItem {LI} at (40,1428) size 744x14
          RenderListMarker at (-15,0) size 6x14: bullet
          RenderInline {A} at (0,0) size 346x14 [color=#0000EE]
            RenderText {#text} at (0,0) size 346x14
              text run at (0,0) width 346: "Nondeterministic matching of descendant and direct adjacent combinators"
          RenderText {#text} at (346,0) size 35x14
            text run at (346,0) width 35: " (#88b)"
        RenderListItem {LI} at (40,1442) size 744x14
          RenderListMarker at (-15,0) size 6x14: bullet
          RenderInline {A} at (0,0) size 269x14 [color=#0000EE]
            RenderText {#text} at (0,0) size 269x14
              text run at (0,0) width 269: "Simple combination of descendant and child combinators"
          RenderText {#text} at (269,0) size 29x14
            text run at (269,0) width 29: " (#89)"
        RenderListItem {LI} at (40,1456) size 744x14
          RenderListMarker at (-15,0) size 6x14: bullet
          RenderInline {A} at (0,0) size 296x14 [color=#0000EE]
            RenderText {#text} at (0,0) size 296x14
              text run at (0,0) width 296: "Simple combination of direct and indirect adjacent combinators"
          RenderText {#text} at (296,0) size 29x14
            text run at (296,0) width 29: " (#90)"
        RenderListItem {LI} at (40,1470) size 744x14
          RenderListMarker at (-15,0) size 6x14: bullet
          RenderInline {A} at (0,0) size 296x14 [color=#0000EE]
            RenderText {#text} at (0,0) size 296x14
              text run at (0,0) width 296: "Simple combination of direct and indirect adjacent combinators"
          RenderText {#text} at (296,0) size 35x14
            text run at (296,0) width 35: " (#90b)"
        RenderListItem {LI} at (40,1484) size 744x14
          RenderListMarker at (-15,0) size 6x14: bullet
          RenderInline {A} at (0,0) size 215x14 [color=#0000EE]
            RenderText {#text} at (0,0) size 215x14
              text run at (0,0) width 215: "NEGATED :enabled:disabled pseudo-classes"
          RenderText {#text} at (215,0) size 35x14
            text run at (215,0) width 35: " (#144)"
        RenderListItem {LI} at (40,1498) size 744x14
          RenderListMarker at (-15,0) size 6x14: bullet
          RenderInline {A} at (0,0) size 136x14 [color=#0000EE]
            RenderText {#text} at (0,0) size 136x14
              text run at (0,0) width 136: ":empty pseudo-class and text"
          RenderText {#text} at (136,0) size 35x14
            text run at (136,0) width 35: " (#148)"
        RenderListItem {LI} at (40,1512) size 744x14
          RenderListMarker at (-15,0) size 6x14: bullet
          RenderInline {A} at (0,0) size 192x14 [color=#0000EE]
            RenderText {#text} at (0,0) size 192x14
              text run at (0,0) width 192: ":empty pseudo-class and empty elements"
          RenderText {#text} at (192,0) size 35x14
            text run at (192,0) width 35: " (#149)"
        RenderListItem {LI} at (40,1526) size 744x14
          RenderListMarker at (-15,0) size 6x14: bullet
          RenderInline {A} at (0,0) size 192x14 [color=#0000EE]
            RenderText {#text} at (0,0) size 192x14
              text run at (0,0) width 192: ":empty pseudo-class and empty elements"
          RenderText {#text} at (192,0) size 41x14
            text run at (192,0) width 41: " (#149b)"
        RenderListItem {LI} at (40,1540) size 744x14
          RenderListMarker at (-15,0) size 6x14: bullet
          RenderInline {A} at (0,0) size 171x14 [color=#0000EE]
            RenderText {#text} at (0,0) size 171x14
              text run at (0,0) width 171: ":empty pseudo-class and whitespace"
          RenderText {#text} at (171,0) size 35x14
            text run at (171,0) width 35: " (#151)"
        RenderListItem {LI} at (40,1554) size 744x14
          RenderListMarker at (-15,0) size 6x14: bullet
          RenderInline {A} at (0,0) size 160x14 [color=#0000EE]
            RenderText {#text} at (0,0) size 160x14
              text run at (0,0) width 160: ":empty pseudo-class and elements"
          RenderText {#text} at (160,0) size 35x14
            text run at (160,0) width 35: " (#152)"
        RenderListItem {LI} at (40,1568) size 744x14
          RenderListMarker at (-15,0) size 6x14: bullet
          RenderInline {A} at (0,0) size 91x14 [color=#0000EE]
            RenderText {#text} at (0,0) size 91x14
              text run at (0,0) width 91: "Syntax and parsing"
          RenderText {#text} at (91,0) size 35x14
            text run at (91,0) width 35: " (#154)"
        RenderListItem {LI} at (40,1582) size 744x14
          RenderListMarker at (-15,0) size 6x14: bullet
          RenderInline {A} at (0,0) size 91x14 [color=#0000EE]
            RenderText {#text} at (0,0) size 91x14
              text run at (0,0) width 91: "Syntax and parsing"
          RenderText {#text} at (91,0) size 35x14
            text run at (91,0) width 35: " (#155)"
        RenderListItem {LI} at (40,1596) size 744x14
          RenderListMarker at (-15,0) size 6x14: bullet
          RenderInline {A} at (0,0) size 91x14 [color=#0000EE]
            RenderText {#text} at (0,0) size 91x14
              text run at (0,0) width 91: "Syntax and parsing"
          RenderText {#text} at (91,0) size 40x14
            text run at (91,0) width 40: " (#155a)"
        RenderListItem {LI} at (40,1610) size 744x14
          RenderListMarker at (-15,0) size 6x14: bullet
          RenderInline {A} at (0,0) size 91x14 [color=#0000EE]
            RenderText {#text} at (0,0) size 91x14
              text run at (0,0) width 91: "Syntax and parsing"
          RenderText {#text} at (91,0) size 41x14
            text run at (91,0) width 41: " (#155b)"
        RenderListItem {LI} at (40,1624) size 744x14
          RenderListMarker at (-15,0) size 6x14: bullet
          RenderInline {A} at (0,0) size 91x14 [color=#0000EE]
            RenderText {#text} at (0,0) size 91x14
              text run at (0,0) width 91: "Syntax and parsing"
          RenderText {#text} at (91,0) size 40x14
            text run at (91,0) width 40: " (#155c)"
        RenderListItem {LI} at (40,1638) size 744x14
          RenderListMarker at (-15,0) size 6x14: bullet
          RenderInline {A} at (0,0) size 91x14 [color=#0000EE]
            RenderText {#text} at (0,0) size 91x14
              text run at (0,0) width 91: "Syntax and parsing"
          RenderText {#text} at (91,0) size 41x14
            text run at (91,0) width 41: " (#155d)"
        RenderListItem {LI} at (40,1652) size 744x14
          RenderListMarker at (-15,0) size 6x14: bullet
          RenderInline {A} at (0,0) size 91x14 [color=#0000EE]
            RenderText {#text} at (0,0) size 91x14
              text run at (0,0) width 91: "Syntax and parsing"
          RenderText {#text} at (91,0) size 35x14
            text run at (91,0) width 35: " (#156)"
        RenderListItem {LI} at (40,1666) size 744x14
          RenderListMarker at (-15,0) size 6x14: bullet
          RenderInline {A} at (0,0) size 91x14 [color=#0000EE]
            RenderText {#text} at (0,0) size 91x14
              text run at (0,0) width 91: "Syntax and parsing"
          RenderText {#text} at (91,0) size 41x14
            text run at (91,0) width 41: " (#156b)"
        RenderListItem {LI} at (40,1680) size 744x14
          RenderListMarker at (-15,0) size 6x14: bullet
          RenderInline {A} at (0,0) size 91x14 [color=#0000EE]
            RenderText {#text} at (0,0) size 91x14
              text run at (0,0) width 91: "Syntax and parsing"
          RenderText {#text} at (91,0) size 40x14
            text run at (91,0) width 40: " (#156c)"
        RenderListItem {LI} at (40,1694) size 744x14
          RenderListMarker at (-15,0) size 6x14: bullet
          RenderInline {A} at (0,0) size 91x14 [color=#0000EE]
            RenderText {#text} at (0,0) size 91x14
              text run at (0,0) width 91: "Syntax and parsing"
          RenderText {#text} at (91,0) size 35x14
            text run at (91,0) width 35: " (#157)"
        RenderListItem {LI} at (40,1708) size 744x14
          RenderListMarker at (-15,0) size 6x14: bullet
          RenderInline {A} at (0,0) size 91x14 [color=#0000EE]
            RenderText {#text} at (0,0) size 91x14
              text run at (0,0) width 91: "Syntax and parsing"
          RenderText {#text} at (91,0) size 35x14
            text run at (91,0) width 35: " (#158)"
        RenderListItem {LI} at (40,1722) size 744x14
          RenderListMarker at (-15,0) size 6x14: bullet
          RenderInline {A} at (0,0) size 209x14 [color=#0000EE]
            RenderText {#text} at (0,0) size 209x14
              text run at (0,0) width 209: "Syntax and parsing of new pseudo-elements"
          RenderText {#text} at (209,0) size 35x14
            text run at (209,0) width 35: " (#159)"
        RenderListItem {LI} at (40,1736) size 744x14
          RenderListMarker at (-15,0) size 6x14: bullet
          RenderInline {A} at (0,0) size 226x14 [color=#0000EE]
            RenderText {#text} at (0,0) size 226x14
              text run at (0,0) width 226: "Syntax and parsing of unknown psuedo-classes"
          RenderText {#text} at (226,0) size 35x14
            text run at (226,0) width 35: " (#160)"
        RenderListItem {LI} at (40,1750) size 744x14
          RenderListMarker at (-15,0) size 6x14: bullet
          RenderInline {A} at (0,0) size 328x14 [color=#0000EE]
            RenderText {#text} at (0,0) size 328x14
              text run at (0,0) width 328: "Syntax and parsing of unknown psuedo-classes and pseudo-elements"
          RenderText {#text} at (328,0) size 35x14
            text run at (328,0) width 35: " (#161)"
        RenderListItem {LI} at (40,1764) size 744x14
          RenderListMarker at (-15,0) size 6x14: bullet
          RenderInline {A} at (0,0) size 101x14 [color=#0000EE]
            RenderText {#text} at (0,0) size 101x14
              text run at (0,0) width 101: "Contextual ::selection"
          RenderText {#text} at (101,0) size 35x14
            text run at (101,0) width 35: " (#162)"
        RenderListItem {LI} at (40,1778) size 744x14
          RenderListMarker at (-15,0) size 6x14: bullet
          RenderInline {A} at (0,0) size 96x14 [color=#0000EE]
            RenderText {#text} at (0,0) size 96x14
              text run at (0,0) width 96: "Contextual :contains"
          RenderText {#text} at (96,0) size 35x14
            text run at (96,0) width 35: " (#163)"
        RenderListItem {LI} at (40,1792) size 744x14
          RenderListMarker at (-15,0) size 6x14: bullet
          RenderInline {A} at (0,0) size 103x14 [color=#0000EE]
            RenderText {#text} at (0,0) size 103x14
              text run at (0,0) width 103: ":focus with ::selection"
          RenderText {#text} at (103,0) size 35x14
            text run at (103,0) width 35: " (#164)"
        RenderListItem {LI} at (40,1806) size 744x14
          RenderListMarker at (-15,0) size 6x14: bullet
          RenderInline {A} at (0,0) size 104x14 [color=#0000EE]
            RenderText {#text} at (0,0) size 104x14
              text run at (0,0) width 104: ":hover with ::selection"
          RenderText {#text} at (104,0) size 35x14
            text run at (104,0) width 35: " (#165)"
        RenderListItem {LI} at (40,1820) size 744x14
          RenderListMarker at (-15,0) size 6x14: bullet
          RenderInline {A} at (0,0) size 128x14 [color=#0000EE]
            RenderText {#text} at (0,0) size 128x14
              text run at (0,0) width 128: ":first-letter with ::first-letter"
          RenderText {#text} at (128,0) size 35x14
            text run at (128,0) width 35: " (#166)"
        RenderListItem {LI} at (40,1834) size 744x14
          RenderListMarker at (-15,0) size 6x14: bullet
          RenderInline {A} at (0,0) size 128x14 [color=#0000EE]
            RenderText {#text} at (0,0) size 128x14
              text run at (0,0) width 128: ":first-letter with ::first-letter"
          RenderText {#text} at (128,0) size 40x14
            text run at (128,0) width 40: " (#166a)"
        RenderListItem {LI} at (40,1848) size 744x14
          RenderListMarker at (-15,0) size 6x14: bullet
          RenderInline {A} at (0,0) size 116x14 [color=#0000EE]
            RenderText {#text} at (0,0) size 116x14
              text run at (0,0) width 116: ":first-line with ::first-line"
          RenderText {#text} at (116,0) size 35x14
            text run at (116,0) width 35: " (#167)"
        RenderListItem {LI} at (40,1862) size 744x14
          RenderListMarker at (-15,0) size 6x14: bullet
          RenderInline {A} at (0,0) size 116x14 [color=#0000EE]
            RenderText {#text} at (0,0) size 116x14
              text run at (0,0) width 116: ":first-line with ::first-line"
          RenderText {#text} at (116,0) size 40x14
            text run at (116,0) width 40: " (#167a)"
        RenderListItem {LI} at (40,1876) size 744x14
          RenderListMarker at (-15,0) size 6x14: bullet
          RenderInline {A} at (0,0) size 96x14 [color=#0000EE]
            RenderText {#text} at (0,0) size 96x14
              text run at (0,0) width 96: ":before with ::before"
          RenderText {#text} at (96,0) size 35x14
            text run at (96,0) width 35: " (#168)"
        RenderListItem {LI} at (40,1890) size 744x14
          RenderListMarker at (-15,0) size 6x14: bullet
          RenderInline {A} at (0,0) size 96x14 [color=#0000EE]
            RenderText {#text} at (0,0) size 96x14
              text run at (0,0) width 96: ":before with ::before"
          RenderText {#text} at (96,0) size 40x14
            text run at (96,0) width 40: " (#168a)"
        RenderListItem {LI} at (40,1904) size 744x14
          RenderListMarker at (-15,0) size 6x14: bullet
          RenderInline {A} at (0,0) size 78x14 [color=#0000EE]
            RenderText {#text} at (0,0) size 78x14
              text run at (0,0) width 78: ":after with ::after"
          RenderText {#text} at (78,0) size 35x14
            text run at (78,0) width 35: " (#169)"
        RenderListItem {LI} at (40,1918) size 744x14
          RenderListMarker at (-15,0) size 6x14: bullet
          RenderInline {A} at (0,0) size 78x14 [color=#0000EE]
            RenderText {#text} at (0,0) size 78x14
              text run at (0,0) width 78: ":after with ::after"
          RenderText {#text} at (78,0) size 40x14
            text run at (78,0) width 40: " (#169a)"
        RenderListItem {LI} at (40,1932) size 744x14
          RenderListMarker at (-15,0) size 6x14: bullet
          RenderInline {A} at (0,0) size 115x14 [color=#0000EE]
            RenderText {#text} at (0,0) size 115x14
              text run at (0,0) width 115: "Long chains of selectors"
          RenderText {#text} at (115,0) size 35x14
            text run at (115,0) width 35: " (#170)"
        RenderListItem {LI} at (40,1946) size 744x14
          RenderListMarker at (-15,0) size 6x14: bullet
          RenderInline {A} at (0,0) size 115x14 [color=#0000EE]
            RenderText {#text} at (0,0) size 115x14
              text run at (0,0) width 115: "Long chains of selectors"
          RenderText {#text} at (115,0) size 40x14
            text run at (115,0) width 40: " (#170a)"
        RenderListItem {LI} at (40,1960) size 744x14
          RenderListMarker at (-15,0) size 6x14: bullet
          RenderInline {A} at (0,0) size 115x14 [color=#0000EE]
            RenderText {#text} at (0,0) size 115x14
              text run at (0,0) width 115: "Long chains of selectors"
          RenderText {#text} at (115,0) size 41x14
            text run at (115,0) width 41: " (#170b)"
        RenderListItem {LI} at (40,1974) size 744x14
          RenderListMarker at (-15,0) size 6x14: bullet
          RenderInline {A} at (0,0) size 115x14 [color=#0000EE]
            RenderText {#text} at (0,0) size 115x14
              text run at (0,0) width 115: "Long chains of selectors"
          RenderText {#text} at (115,0) size 40x14
            text run at (115,0) width 40: " (#170c)"
        RenderListItem {LI} at (40,1988) size 744x14
          RenderListMarker at (-15,0) size 6x14: bullet
          RenderInline {A} at (0,0) size 115x14 [color=#0000EE]
            RenderText {#text} at (0,0) size 115x14
              text run at (0,0) width 115: "Long chains of selectors"
          RenderText {#text} at (115,0) size 41x14
            text run at (115,0) width 41: " (#170d)"
        RenderListItem {LI} at (40,2002) size 744x14
          RenderListMarker at (-15,0) size 6x14: bullet
          RenderInline {A} at (0,0) size 134x14 [color=#0000EE]
            RenderText {#text} at (0,0) size 134x14
              text run at (0,0) width 134: "Parsing: Numbers in classes"
          RenderText {#text} at (134,0) size 40x14
            text run at (134,0) width 40: " (#175a)"
        RenderListItem {LI} at (40,2016) size 744x14
          RenderListMarker at (-15,0) size 6x14: bullet
          RenderInline {A} at (0,0) size 134x14 [color=#0000EE]
            RenderText {#text} at (0,0) size 134x14
              text run at (0,0) width 134: "Parsing: Numbers in classes"
          RenderText {#text} at (134,0) size 41x14
            text run at (134,0) width 41: " (#175b)"
        RenderListItem {LI} at (40,2030) size 744x14
          RenderListMarker at (-15,0) size 6x14: bullet
          RenderInline {A} at (0,0) size 134x14 [color=#0000EE]
            RenderText {#text} at (0,0) size 134x14
              text run at (0,0) width 134: "Parsing: Numbers in classes"
          RenderText {#text} at (134,0) size 40x14
            text run at (134,0) width 40: " (#175c)"
        RenderListItem {LI} at (40,2044) size 744x14
          RenderListMarker at (-15,0) size 6x14: bullet
          RenderInline {A} at (0,0) size 195x14 [color=#0000EE]
            RenderText {#text} at (0,0) size 195x14
              text run at (0,0) width 195: "NEGATED Dynamic handling of :empty"
          RenderText {#text} at (195,0) size 29x14
            text run at (195,0) width 29: " (#d1)"
        RenderListItem {LI} at (40,2058) size 744x14
          RenderListMarker at (-15,0) size 6x14: bullet
          RenderInline {A} at (0,0) size 195x14 [color=#0000EE]
            RenderText {#text} at (0,0) size 195x14
              text run at (0,0) width 195: "NEGATED Dynamic handling of :empty"
          RenderText {#text} at (195,0) size 35x14
            text run at (195,0) width 35: " (#d1b)"
        RenderListItem {LI} at (40,2072) size 744x14
          RenderListMarker at (-15,0) size 6x14: bullet
          RenderInline {A} at (0,0) size 161x14 [color=#0000EE]
            RenderText {#text} at (0,0) size 161x14
              text run at (0,0) width 161: "Dynamic handling of combinators"
          RenderText {#text} at (161,0) size 29x14
            text run at (161,0) width 29: " (#d2)"
        RenderListItem {LI} at (40,2086) size 744x14
          RenderListMarker at (-15,0) size 6x14: bullet
          RenderInline {A} at (0,0) size 221x14 [color=#0000EE]
            RenderText {#text} at (0,0) size 221x14
              text run at (0,0) width 221: "Dynamic updating of :first-child and :last-child"
          RenderText {#text} at (221,0) size 29x14
            text run at (221,0) width 29: " (#d4)"
        RenderListItem {LI} at (40,2100) size 744x14
          RenderListMarker at (-15,0) size 6x14: bullet
          RenderInline {A} at (0,0) size 66x14 [color=#0000EE]
            RenderText {#text} at (0,0) size 66x14
              text run at (0,0) width 66: ":indeterminate"
          RenderText {#text} at (66,0) size 29x14
            text run at (66,0) width 29: " (#d5)"
        RenderListItem {LI} at (40,2114) size 744x14
          RenderListMarker at (-15,0) size 6x14: bullet
          RenderInline {A} at (0,0) size 130x14 [color=#0000EE]
            RenderText {#text} at (0,0) size 130x14
              text run at (0,0) width 130: ":indeterminate and :checked"
          RenderText {#text} at (130,0) size 34x14
            text run at (130,0) width 34: " (#d5a)"
        RenderListItem {LI} at (40,2128) size 744x14
          RenderListMarker at (-15,0) size 6x14: bullet
          RenderInline {A} at (0,0) size 190x14 [color=#0000EE]
            RenderText {#text} at (0,0) size 190x14
              text run at (0,0) width 190: "NEGATED :indeterminate and :checked"
          RenderText {#text} at (190,0) size 35x14
            text run at (190,0) width 35: " (#d5b)"
        RenderListItem {LI} at (40,2142) size 744x14
          RenderListMarker at (-15,0) size 6x14: bullet
          RenderInline {A} at (0,0) size 130x14 [color=#0000EE]
            RenderText {#text} at (0,0) size 130x14
              text run at (0,0) width 130: ":indeterminate and :checked"
          RenderText {#text} at (130,0) size 34x14
            text run at (130,0) width 34: " (#d5c)"
        RenderListItem {LI} at (40,2156) size 744x14
          RenderListMarker at (-15,0) size 6x14: bullet
          RenderInline {A} at (0,0) size 134x14 [color=#0000EE]
            RenderText {#text} at (0,0) size 134x14
              text run at (0,0) width 134: ":indeterminate with :checked"
          RenderText {#text} at (134,0) size 35x14
            text run at (134,0) width 35: " (#d5d)"
        RenderListItem {LI} at (40,2170) size 744x14
          RenderListMarker at (-15,0) size 6x14: bullet
          RenderInline {A} at (0,0) size 194x14 [color=#0000EE]
            RenderText {#text} at (0,0) size 194x14
              text run at (0,0) width 194: "NEGATED :indeterminate with :checked"
          RenderText {#text} at (194,0) size 34x14
            text run at (194,0) width 34: " (#d5e)"
      RenderBlock {P} at (0,2532) size 784x14
        RenderText {#text} at (0,0) size 45x14
          text run at (0,0) width 45: "See also: "
        RenderInline {A} at (0,0) size 27x14 [color=#0000EE]
          RenderText {#text} at (45,0) size 27x14
            text run at (45,0) width 27: "Index"
        RenderText {#text} at (72,0) size 6x14
          text run at (72,0) width 6: ", "
        RenderInline {A} at (0,0) size 43x14 [color=#0000EE]
          RenderText {#text} at (78,0) size 43x14
            text run at (78,0) width 43: "XHTML"
        RenderText {#text} at (121,0) size 6x14
          text run at (121,0) width 6: ", "
        RenderInline {A} at (0,0) size 27x14 [color=#0000EE]
          RenderText {#text} at (127,0) size 27x14
            text run at (127,0) width 27: "XML"
