layer at (0,0) size 800x600
  RenderView at (0,0) size 800x600
layer at (0,0) size 800x600
  RenderBlock {HTML} at (0,0) size 800x600
    RenderBody {BODY} at (8,8) size 784x580
      RenderBlock {H3} at (0,0) size 784x16
        RenderText {#text} at (0,0) size 348x15
          text run at (0,0) width 348: "Test of unqualifed :hover selector in quirks parsing mode"
      RenderBlock {P} at (0,30) size 784x14
        RenderText {#text} at (0,0) size 461x14
          text run at (0,0) width 461: "Moving the mouse anywhere over the document should result no change to the background color."
