layer at (0,0) size 800x600
  RenderView at (0,0) size 800x600
layer at (0,0) size 800x70
  RenderBlock {HTML} at (0,0) size 800x70
    RenderBody {BODY} at (8,14) size 784x44
      RenderBlock {H3} at (0,0) size 784x16
        RenderText {#text} at (0,0) size 340x15
          text run at (0,0) width 340: "Test of unqualifed :hover selector in strict parsing mode"
      RenderBlock {P} at (0,30) size 784x14
        RenderText {#text} at (0,0) size 517x14
          text run at (0,0) width 517: "Moving the mouse anywhere over the document should result in the background color being changed to grey."
