layer at (0,0) size 980x735
  RenderView at (0,0) size 980x735
layer at (0,0) size 980x735
  RenderBlock {HTML} at (0,0) size 980x735
    RenderBody {BODY} at (8,8) size 964x719
      RenderBlock {P} at (0,0) size 964x38
        RenderText {#text} at (0,0) size 931x38
          text run at (0,0) width 316: "Test for font-feature-settings property. "
          text run at (316,0) width 615: "The first word of the following three words should be displayed like \"WebKit\","
          text run at (0,19) width 386: "while others should be displayed as black boxes."
      RenderBlock {DIV} at (0,54) size 964x17
        RenderText {#text} at (0,0) size 30x16
          text run at (0,0) width 30: "WebKit"
      RenderBlock {DIV} at (0,71) size 964x17
        RenderText {#text} at (0,0) size 96x16
          text run at (0,0) width 96: "WebKit"
      RenderBlock {DIV} at (0,88) size 964x17
        RenderText {#text} at (0,0) size 96x16
          text run at (0,0) width 96: "WebKit"
