layer at (0,0) size 980x735
  RenderView at (0,0) size 980x735
layer at (0,0) size 980x73
  RenderBlock {HTML} at (0,0) size 980x73
    RenderBody {BODY} at (8,8) size 964x57
      RenderBlock {DIV} at (0,0) size 964x57
        RenderText {#text} at (0,0) size 916x57
          text run at (0,0) width 886: "This table shows unicode-bidi: isolate behavior (in red) with display: inline-block behavior overlapping in green. "
          text run at (886,0) width 30: "You"
          text run at (0,19) width 240: "should see no red in this test! "
          text run at (240,19) width 663: "Behavior between these two methods should be identical for non-wrapping strings,"
          text run at (0,38) width 578: "assuming unicode-bidi: isolate is implemented and functioning correctly."
layer at (8,65) size 33x400
  RenderBlock (positioned) {DIV} at (0,0) size 33x400 [color=#FF0000]
    RenderBlock {DIV} at (0,0) size 33x19
      RenderText {#text} at (0,0) size 7x19
        text run at (0,0) width 7: "\""
      RenderInline {SPAN} at (0,0) size 6x19
        RenderText {#text} at (7,0) size 6x19
          text run at (7,0) width 6: ")"
      RenderText {#text} at (13,0) size 6x19
        text run at (13,0) width 6: "("
    RenderBlock {DIV} at (0,19) size 33x19
      RenderText {#text} at (0,0) size 7x19
        text run at (0,0) width 7: "\""
      RenderInline {SPAN} at (0,0) size 6x19
        RenderText {#text} at (7,0) size 6x19
          text run at (7,0) width 6: ")"
      RenderText {#text} at (13,0) size 10x19
        text run at (13,0) width 10 RTL: "\x{5D1}"
    RenderBlock {DIV} at (0,38) size 33x19
      RenderText {#text} at (0,0) size 7x19
        text run at (0,0) width 7: "\""
      RenderInline {SPAN} at (0,0) size 6x19
        RenderText {#text} at (7,0) size 6x19
          text run at (7,0) width 6: ")"
      RenderText {#text} at (13,0) size 9x19
        text run at (13,0) width 9: "c"
    RenderBlock {DIV} at (0,57) size 33x19
      RenderText {#text} at (0,0) size 7x19
        text run at (0,0) width 7: "\""
      RenderInline {SPAN} at (0,0) size 7x19
        RenderText {#text} at (7,0) size 7x19
          text run at (7,0) width 7 RTL: "\x{5E0}"
      RenderText {#text} at (14,0) size 6x19
        text run at (14,0) width 6: "("
    RenderBlock {DIV} at (0,76) size 33x19
      RenderText {#text} at (0,0) size 7x19
        text run at (0,0) width 7: "\""
      RenderInline {SPAN} at (0,0) size 7x19
        RenderText {#text} at (7,0) size 7x19
          text run at (7,0) width 7 RTL: "\x{5E0}"
      RenderText {#text} at (14,0) size 10x19
        text run at (14,0) width 10 RTL: "\x{5D1}"
    RenderBlock {DIV} at (0,95) size 33x19
      RenderText {#text} at (0,0) size 7x19
        text run at (0,0) width 7: "\""
      RenderInline {SPAN} at (0,0) size 7x19
        RenderText {#text} at (7,0) size 7x19
          text run at (7,0) width 7 RTL: "\x{5E0}"
      RenderText {#text} at (14,0) size 9x19
        text run at (14,0) width 9: "c"
    RenderBlock {DIV} at (0,114) size 33x19
      RenderText {#text} at (0,0) size 7x19
        text run at (0,0) width 7: "\""
      RenderInline {SPAN} at (0,0) size 10x19
        RenderText {#text} at (7,0) size 10x19
          text run at (7,0) width 10: "b"
      RenderText {#text} at (17,0) size 6x19
        text run at (17,0) width 6: "("
    RenderBlock {DIV} at (0,133) size 33x19
      RenderText {#text} at (0,0) size 7x19
        text run at (0,0) width 7: "\""
      RenderInline {SPAN} at (0,0) size 10x19
        RenderText {#text} at (7,0) size 10x19
          text run at (7,0) width 10: "b"
      RenderText {#text} at (17,0) size 10x19
        text run at (17,0) width 10 RTL: "\x{5D1}"
    RenderBlock {DIV} at (0,152) size 33x19
      RenderText {#text} at (0,0) size 7x19
        text run at (0,0) width 7: "\""
      RenderInline {SPAN} at (0,0) size 10x19
        RenderText {#text} at (7,0) size 10x19
          text run at (7,0) width 10: "b"
      RenderText {#text} at (17,0) size 9x19
        text run at (17,0) width 9: "c"
    RenderBlock {DIV} at (0,171) size 33x19
      RenderText {#text} at (0,0) size 7x19
        text run at (0,0) width 7: "\""
      RenderInline {SPAN} at (0,0) size 6x19
        RenderText {#text} at (7,0) size 6x19
          text run at (7,0) width 6 RTL: ")"
      RenderText {#text} at (13,0) size 6x19
        text run at (13,0) width 6: "("
    RenderBlock {DIV} at (0,190) size 33x19
      RenderText {#text} at (0,0) size 7x19
        text run at (0,0) width 7: "\""
      RenderInline {SPAN} at (0,0) size 6x19
        RenderText {#text} at (7,0) size 6x19
          text run at (7,0) width 6 RTL: ")"
      RenderText {#text} at (13,0) size 10x19
        text run at (13,0) width 10 RTL: "\x{5D1}"
    RenderBlock {DIV} at (0,209) size 33x19
      RenderText {#text} at (0,0) size 7x19
        text run at (0,0) width 7: "\""
      RenderInline {SPAN} at (0,0) size 6x19
        RenderText {#text} at (7,0) size 6x19
          text run at (7,0) width 6 RTL: ")"
      RenderText {#text} at (13,0) size 9x19
        text run at (13,0) width 9: "c"
    RenderBlock {DIV} at (0,228) size 33x19
      RenderText {#text} at (0,0) size 7x19
        text run at (0,0) width 7: "\""
      RenderInline {SPAN} at (0,0) size 7x19
        RenderText {#text} at (7,0) size 7x19
          text run at (7,0) width 7 RTL: "\x{5E0}"
      RenderText {#text} at (14,0) size 6x19
        text run at (14,0) width 6: "("
    RenderBlock {DIV} at (0,247) size 33x19
      RenderText {#text} at (0,0) size 7x19
        text run at (0,0) width 7: "\""
      RenderInline {SPAN} at (0,0) size 7x19
        RenderText {#text} at (7,0) size 7x19
          text run at (7,0) width 7 RTL: "\x{5E0}"
      RenderText {#text} at (14,0) size 10x19
        text run at (14,0) width 10 RTL: "\x{5D1}"
    RenderBlock {DIV} at (0,266) size 33x19
      RenderText {#text} at (0,0) size 7x19
        text run at (0,0) width 7: "\""
      RenderInline {SPAN} at (0,0) size 7x19
        RenderText {#text} at (7,0) size 7x19
          text run at (7,0) width 7 RTL: "\x{5E0}"
      RenderText {#text} at (14,0) size 9x19
        text run at (14,0) width 9: "c"
    RenderBlock {DIV} at (0,285) size 33x19
      RenderText {#text} at (0,0) size 7x19
        text run at (0,0) width 7: "\""
      RenderInline {SPAN} at (0,0) size 10x19
        RenderText {#text} at (7,0) size 10x19
          text run at (7,0) width 10: "b"
      RenderText {#text} at (17,0) size 6x19
        text run at (17,0) width 6: "("
    RenderBlock {DIV} at (0,304) size 33x19
      RenderText {#text} at (0,0) size 7x19
        text run at (0,0) width 7: "\""
      RenderInline {SPAN} at (0,0) size 10x19
        RenderText {#text} at (7,0) size 10x19
          text run at (7,0) width 10: "b"
      RenderText {#text} at (17,0) size 10x19
        text run at (17,0) width 10 RTL: "\x{5D1}"
    RenderBlock {DIV} at (0,323) size 33x19
      RenderText {#text} at (0,0) size 7x19
        text run at (0,0) width 7: "\""
      RenderInline {SPAN} at (0,0) size 10x19
        RenderText {#text} at (7,0) size 10x19
          text run at (7,0) width 10: "b"
      RenderText {#text} at (17,0) size 9x19
        text run at (17,0) width 9: "c"
    RenderBlock {DIV} at (0,342) size 33x19
      RenderText {#text} at (0,0) size 13x19
        text run at (0,0) width 13 RTL: "\x{5E9}"
      RenderInline {SPAN} at (0,0) size 6x19
        RenderText {#text} at (13,0) size 6x19
          text run at (13,0) width 6: ")"
      RenderText {#text} at (19,0) size 6x19
        text run at (19,0) width 6: "("
    RenderBlock {DIV} at (0,361) size 33x19
      RenderText {#text} at (16,0) size 13x19
        text run at (16,0) width 13 RTL: "\x{5E9}"
      RenderInline {SPAN} at (0,0) size 6x19
        RenderText {#text} at (10,0) size 6x19
          text run at (10,0) width 6: ")"
      RenderText {#text} at (0,0) size 10x19
        text run at (0,0) width 10 RTL: "\x{5D1}"
    RenderBlock {DIV} at (0,380) size 33x19
      RenderText {#text} at (0,0) size 13x19
        text run at (0,0) width 13 RTL: "\x{5E9}"
      RenderInline {SPAN} at (0,0) size 6x19
        RenderText {#text} at (13,0) size 6x19
          text run at (13,0) width 6: ")"
      RenderText {#text} at (19,0) size 9x19
        text run at (19,0) width 9: "c"
    RenderBlock {DIV} at (0,400) size 33x19
      RenderText {#text} at (0,0) size 13x19
        text run at (0,0) width 13 RTL: "\x{5E9}"
      RenderInline {SPAN} at (0,0) size 7x19
        RenderText {#text} at (13,0) size 7x19
          text run at (13,0) width 7 RTL: "\x{5E0}"
      RenderText {#text} at (20,0) size 6x19
        text run at (20,0) width 6: "("
    RenderBlock {DIV} at (0,419) size 33x19
      RenderText {#text} at (17,0) size 13x19
        text run at (17,0) width 13 RTL: "\x{5E9}"
      RenderInline {SPAN} at (0,0) size 7x19
        RenderText {#text} at (10,0) size 7x19
          text run at (10,0) width 7 RTL: "\x{5E0}"
      RenderText {#text} at (0,0) size 10x19
        text run at (0,0) width 10 RTL: "\x{5D1}"
    RenderBlock {DIV} at (0,438) size 33x19
      RenderText {#text} at (0,0) size 13x19
        text run at (0,0) width 13 RTL: "\x{5E9}"
      RenderInline {SPAN} at (0,0) size 7x19
        RenderText {#text} at (13,0) size 7x19
          text run at (13,0) width 7 RTL: "\x{5E0}"
      RenderText {#text} at (20,0) size 9x19
        text run at (20,0) width 9: "c"
    RenderBlock {DIV} at (0,457) size 33x19
      RenderText {#text} at (0,0) size 13x19
        text run at (0,0) width 13 RTL: "\x{5E9}"
      RenderInline {SPAN} at (0,0) size 10x19
        RenderText {#text} at (13,0) size 10x19
          text run at (13,0) width 10: "b"
      RenderText {#text} at (23,0) size 6x19
        text run at (23,0) width 6: "("
    RenderBlock {DIV} at (0,476) size 33x19
      RenderText {#text} at (20,0) size 13x19
        text run at (20,0) width 13 RTL: "\x{5E9}"
      RenderInline {SPAN} at (0,0) size 10x19
        RenderText {#text} at (10,0) size 10x19
          text run at (10,0) width 10: "b"
      RenderText {#text} at (0,0) size 10x19
        text run at (0,0) width 10 RTL: "\x{5D1}"
    RenderBlock {DIV} at (0,495) size 33x19
      RenderText {#text} at (0,0) size 13x19
        text run at (0,0) width 13 RTL: "\x{5E9}"
      RenderInline {SPAN} at (0,0) size 10x19
        RenderText {#text} at (13,0) size 10x19
          text run at (13,0) width 10: "b"
      RenderText {#text} at (23,0) size 9x19
        text run at (23,0) width 9: "c"
    RenderBlock {DIV} at (0,514) size 33x19
      RenderText {#text} at (0,0) size 13x19
        text run at (0,0) width 13 RTL: "\x{5E9}"
      RenderInline {SPAN} at (0,0) size 6x19
        RenderText {#text} at (13,0) size 6x19
          text run at (13,0) width 6 RTL: ")"
      RenderText {#text} at (19,0) size 6x19
        text run at (19,0) width 6: "("
    RenderBlock {DIV} at (0,533) size 33x19
      RenderText {#text} at (16,0) size 13x19
        text run at (16,0) width 13 RTL: "\x{5E9}"
      RenderInline {SPAN} at (0,0) size 6x19
        RenderText {#text} at (10,0) size 6x19
          text run at (10,0) width 6 RTL: ")"
      RenderText {#text} at (0,0) size 10x19
        text run at (0,0) width 10 RTL: "\x{5D1}"
    RenderBlock {DIV} at (0,552) size 33x19
      RenderText {#text} at (0,0) size 13x19
        text run at (0,0) width 13 RTL: "\x{5E9}"
      RenderInline {SPAN} at (0,0) size 6x19
        RenderText {#text} at (13,0) size 6x19
          text run at (13,0) width 6 RTL: ")"
      RenderText {#text} at (19,0) size 9x19
        text run at (19,0) width 9: "c"
    RenderBlock {DIV} at (0,571) size 33x19
      RenderText {#text} at (0,0) size 13x19
        text run at (0,0) width 13 RTL: "\x{5E9}"
      RenderInline {SPAN} at (0,0) size 7x19
        RenderText {#text} at (13,0) size 7x19
          text run at (13,0) width 7 RTL: "\x{5E0}"
      RenderText {#text} at (20,0) size 6x19
        text run at (20,0) width 6: "("
    RenderBlock {DIV} at (0,590) size 33x19
      RenderText {#text} at (17,0) size 13x19
        text run at (17,0) width 13 RTL: "\x{5E9}"
      RenderInline {SPAN} at (0,0) size 7x19
        RenderText {#text} at (10,0) size 7x19
          text run at (10,0) width 7 RTL: "\x{5E0}"
      RenderText {#text} at (0,0) size 10x19
        text run at (0,0) width 10 RTL: "\x{5D1}"
    RenderBlock {DIV} at (0,609) size 33x19
      RenderText {#text} at (0,0) size 13x19
        text run at (0,0) width 13 RTL: "\x{5E9}"
      RenderInline {SPAN} at (0,0) size 7x19
        RenderText {#text} at (13,0) size 7x19
          text run at (13,0) width 7 RTL: "\x{5E0}"
      RenderText {#text} at (20,0) size 9x19
        text run at (20,0) width 9: "c"
    RenderBlock {DIV} at (0,628) size 33x19
      RenderText {#text} at (0,0) size 13x19
        text run at (0,0) width 13 RTL: "\x{5E9}"
      RenderInline {SPAN} at (0,0) size 10x19
        RenderText {#text} at (13,0) size 10x19
          text run at (13,0) width 10: "b"
      RenderText {#text} at (23,0) size 6x19
        text run at (23,0) width 6: "("
    RenderBlock {DIV} at (0,647) size 33x19
      RenderText {#text} at (20,0) size 13x19
        text run at (20,0) width 13 RTL: "\x{5E9}"
      RenderInline {SPAN} at (0,0) size 10x19
        RenderText {#text} at (10,0) size 10x19
          text run at (10,0) width 10: "b"
      RenderText {#text} at (0,0) size 10x19
        text run at (0,0) width 10 RTL: "\x{5D1}"
    RenderBlock {DIV} at (0,666) size 33x19
      RenderText {#text} at (0,0) size 13x19
        text run at (0,0) width 13 RTL: "\x{5E9}"
      RenderInline {SPAN} at (0,0) size 10x19
        RenderText {#text} at (13,0) size 10x19
          text run at (13,0) width 10: "b"
      RenderText {#text} at (23,0) size 9x19
        text run at (23,0) width 9: "c"
    RenderBlock {DIV} at (0,685) size 33x19
      RenderText {#text} at (0,0) size 10x19
        text run at (0,0) width 10: "a"
      RenderInline {SPAN} at (0,0) size 6x19
        RenderText {#text} at (10,0) size 6x19
          text run at (10,0) width 6: ")"
      RenderText {#text} at (16,0) size 6x19
        text run at (16,0) width 6: "("
    RenderBlock {DIV} at (0,704) size 33x19
      RenderText {#text} at (0,0) size 10x19
        text run at (0,0) width 10: "a"
      RenderInline {SPAN} at (0,0) size 6x19
        RenderText {#text} at (10,0) size 6x19
          text run at (10,0) width 6: ")"
      RenderText {#text} at (16,0) size 10x19
        text run at (16,0) width 10 RTL: "\x{5D1}"
    RenderBlock {DIV} at (0,723) size 33x19
      RenderText {#text} at (0,0) size 10x19
        text run at (0,0) width 10: "a"
      RenderInline {SPAN} at (0,0) size 6x19
        RenderText {#text} at (10,0) size 6x19
          text run at (10,0) width 6: ")"
      RenderText {#text} at (16,0) size 9x19
        text run at (16,0) width 9: "c"
    RenderBlock {DIV} at (0,742) size 33x19
      RenderText {#text} at (0,0) size 10x19
        text run at (0,0) width 10: "a"
      RenderInline {SPAN} at (0,0) size 7x19
        RenderText {#text} at (10,0) size 7x19
          text run at (10,0) width 7 RTL: "\x{5E0}"
      RenderText {#text} at (17,0) size 6x19
        text run at (17,0) width 6: "("
    RenderBlock {DIV} at (0,761) size 33x19
      RenderText {#text} at (0,0) size 10x19
        text run at (0,0) width 10: "a"
      RenderInline {SPAN} at (0,0) size 7x19
        RenderText {#text} at (10,0) size 7x19
          text run at (10,0) width 7 RTL: "\x{5E0}"
      RenderText {#text} at (17,0) size 10x19
        text run at (17,0) width 10 RTL: "\x{5D1}"
    RenderBlock {DIV} at (0,780) size 33x19
      RenderText {#text} at (0,0) size 10x19
        text run at (0,0) width 10: "a"
      RenderInline {SPAN} at (0,0) size 7x19
        RenderText {#text} at (10,0) size 7x19
          text run at (10,0) width 7 RTL: "\x{5E0}"
      RenderText {#text} at (17,0) size 9x19
        text run at (17,0) width 9: "c"
    RenderBlock {DIV} at (0,800) size 33x19
      RenderText {#text} at (0,0) size 10x19
        text run at (0,0) width 10: "a"
      RenderInline {SPAN} at (0,0) size 10x19
        RenderText {#text} at (10,0) size 10x19
          text run at (10,0) width 10: "b"
      RenderText {#text} at (20,0) size 6x19
        text run at (20,0) width 6: "("
    RenderBlock {DIV} at (0,819) size 33x19
      RenderText {#text} at (0,0) size 10x19
        text run at (0,0) width 10: "a"
      RenderInline {SPAN} at (0,0) size 10x19
        RenderText {#text} at (10,0) size 10x19
          text run at (10,0) width 10: "b"
      RenderText {#text} at (20,0) size 10x19
        text run at (20,0) width 10 RTL: "\x{5D1}"
    RenderBlock {DIV} at (0,838) size 33x19
      RenderText {#text} at (0,0) size 10x19
        text run at (0,0) width 10: "a"
      RenderInline {SPAN} at (0,0) size 10x19
        RenderText {#text} at (10,0) size 10x19
          text run at (10,0) width 10: "b"
      RenderText {#text} at (20,0) size 9x19
        text run at (20,0) width 9: "c"
    RenderBlock {DIV} at (0,857) size 33x19
      RenderText {#text} at (0,0) size 10x19
        text run at (0,0) width 10: "a"
      RenderInline {SPAN} at (0,0) size 6x19
        RenderText {#text} at (10,0) size 6x19
          text run at (10,0) width 6 RTL: ")"
      RenderText {#text} at (16,0) size 6x19
        text run at (16,0) width 6: "("
    RenderBlock {DIV} at (0,876) size 33x19
      RenderText {#text} at (0,0) size 10x19
        text run at (0,0) width 10: "a"
      RenderInline {SPAN} at (0,0) size 6x19
        RenderText {#text} at (10,0) size 6x19
          text run at (10,0) width 6 RTL: ")"
      RenderText {#text} at (16,0) size 10x19
        text run at (16,0) width 10 RTL: "\x{5D1}"
    RenderBlock {DIV} at (0,895) size 33x19
      RenderText {#text} at (0,0) size 10x19
        text run at (0,0) width 10: "a"
      RenderInline {SPAN} at (0,0) size 6x19
        RenderText {#text} at (10,0) size 6x19
          text run at (10,0) width 6 RTL: ")"
      RenderText {#text} at (16,0) size 9x19
        text run at (16,0) width 9: "c"
    RenderBlock {DIV} at (0,914) size 33x19
      RenderText {#text} at (0,0) size 10x19
        text run at (0,0) width 10: "a"
      RenderInline {SPAN} at (0,0) size 7x19
        RenderText {#text} at (10,0) size 7x19
          text run at (10,0) width 7 RTL: "\x{5E0}"
      RenderText {#text} at (17,0) size 6x19
        text run at (17,0) width 6: "("
    RenderBlock {DIV} at (0,933) size 33x19
      RenderText {#text} at (0,0) size 10x19
        text run at (0,0) width 10: "a"
      RenderInline {SPAN} at (0,0) size 7x19
        RenderText {#text} at (10,0) size 7x19
          text run at (10,0) width 7 RTL: "\x{5E0}"
      RenderText {#text} at (17,0) size 10x19
        text run at (17,0) width 10 RTL: "\x{5D1}"
    RenderBlock {DIV} at (0,952) size 33x19
      RenderText {#text} at (0,0) size 10x19
        text run at (0,0) width 10: "a"
      RenderInline {SPAN} at (0,0) size 7x19
        RenderText {#text} at (10,0) size 7x19
          text run at (10,0) width 7 RTL: "\x{5E0}"
      RenderText {#text} at (17,0) size 9x19
        text run at (17,0) width 9: "c"
    RenderBlock {DIV} at (0,971) size 33x19
      RenderText {#text} at (0,0) size 10x19
        text run at (0,0) width 10: "a"
      RenderInline {SPAN} at (0,0) size 10x19
        RenderText {#text} at (10,0) size 10x19
          text run at (10,0) width 10: "b"
      RenderText {#text} at (20,0) size 6x19
        text run at (20,0) width 6: "("
    RenderBlock {DIV} at (0,990) size 33x19
      RenderText {#text} at (0,0) size 10x19
        text run at (0,0) width 10: "a"
      RenderInline {SPAN} at (0,0) size 10x19
        RenderText {#text} at (10,0) size 10x19
          text run at (10,0) width 10: "b"
      RenderText {#text} at (20,0) size 10x19
        text run at (20,0) width 10 RTL: "\x{5D1}"
    RenderBlock {DIV} at (0,1009) size 33x19
      RenderText {#text} at (0,0) size 10x19
        text run at (0,0) width 10: "a"
      RenderInline {SPAN} at (0,0) size 10x19
        RenderText {#text} at (10,0) size 10x19
          text run at (10,0) width 10: "b"
      RenderText {#text} at (20,0) size 9x19
        text run at (20,0) width 9: "c"
    RenderBlock {DIV} at (0,1028) size 33x19
      RenderText {#text} at (26,0) size 7x19
        text run at (26,0) width 7 RTL: "\""
      RenderInline {SPAN} at (0,0) size 6x19
        RenderText {#text} at (20,0) size 6x19
          text run at (20,0) width 6: ")"
      RenderText {#text} at (14,0) size 6x19
        text run at (14,0) width 6 RTL: "("
    RenderBlock {DIV} at (0,1047) size 33x19
      RenderText {#text} at (26,0) size 7x19
        text run at (26,0) width 7 RTL: "\""
      RenderInline {SPAN} at (0,0) size 6x19
        RenderText {#text} at (20,0) size 6x19
          text run at (20,0) width 6: ")"
      RenderText {#text} at (10,0) size 10x19
        text run at (10,0) width 10 RTL: "\x{5D1}"
    RenderBlock {DIV} at (0,1066) size 33x19
      RenderText {#text} at (26,0) size 7x19
        text run at (26,0) width 7 RTL: "\""
      RenderInline {SPAN} at (0,0) size 6x19
        RenderText {#text} at (20,0) size 6x19
          text run at (20,0) width 6: ")"
      RenderText {#text} at (11,0) size 9x19
        text run at (11,0) width 9: "c"
    RenderBlock {DIV} at (0,1085) size 33x19
      RenderText {#text} at (26,0) size 7x19
        text run at (26,0) width 7 RTL: "\""
      RenderInline {SPAN} at (0,0) size 7x19
        RenderText {#text} at (19,0) size 7x19
          text run at (19,0) width 7 RTL: "\x{5E0}"
      RenderText {#text} at (13,0) size 6x19
        text run at (13,0) width 6 RTL: "("
    RenderBlock {DIV} at (0,1104) size 33x19
      RenderText {#text} at (26,0) size 7x19
        text run at (26,0) width 7 RTL: "\""
      RenderInline {SPAN} at (0,0) size 7x19
        RenderText {#text} at (19,0) size 7x19
          text run at (19,0) width 7 RTL: "\x{5E0}"
      RenderText {#text} at (9,0) size 10x19
        text run at (9,0) width 10 RTL: "\x{5D1}"
    RenderBlock {DIV} at (0,1123) size 33x19
      RenderText {#text} at (26,0) size 7x19
        text run at (26,0) width 7 RTL: "\""
      RenderInline {SPAN} at (0,0) size 7x19
        RenderText {#text} at (19,0) size 7x19
          text run at (19,0) width 7 RTL: "\x{5E0}"
      RenderText {#text} at (10,0) size 9x19
        text run at (10,0) width 9: "c"
    RenderBlock {DIV} at (0,1142) size 33x19
      RenderText {#text} at (26,0) size 7x19
        text run at (26,0) width 7 RTL: "\""
      RenderInline {SPAN} at (0,0) size 10x19
        RenderText {#text} at (16,0) size 10x19
          text run at (16,0) width 10: "b"
      RenderText {#text} at (10,0) size 6x19
        text run at (10,0) width 6 RTL: "("
    RenderBlock {DIV} at (0,1161) size 33x19
      RenderText {#text} at (26,0) size 7x19
        text run at (26,0) width 7 RTL: "\""
      RenderInline {SPAN} at (0,0) size 10x19
        RenderText {#text} at (16,0) size 10x19
          text run at (16,0) width 10: "b"
      RenderText {#text} at (6,0) size 10x19
        text run at (6,0) width 10 RTL: "\x{5D1}"
    RenderBlock {DIV} at (0,1180) size 33x19
      RenderText {#text} at (26,0) size 7x19
        text run at (26,0) width 7 RTL: "\""
      RenderInline {SPAN} at (0,0) size 10x19
        RenderText {#text} at (16,0) size 10x19
          text run at (16,0) width 10: "b"
      RenderText {#text} at (7,0) size 9x19
        text run at (7,0) width 9: "c"
    RenderBlock {DIV} at (0,1200) size 33x19
      RenderText {#text} at (26,0) size 7x19
        text run at (26,0) width 7 RTL: "\""
      RenderInline {SPAN} at (0,0) size 6x19
        RenderText {#text} at (20,0) size 6x19
          text run at (20,0) width 6 RTL: ")"
      RenderText {#text} at (14,0) size 6x19
        text run at (14,0) width 6 RTL: "("
    RenderBlock {DIV} at (0,1219) size 33x19
      RenderText {#text} at (26,0) size 7x19
        text run at (26,0) width 7 RTL: "\""
      RenderInline {SPAN} at (0,0) size 6x19
        RenderText {#text} at (20,0) size 6x19
          text run at (20,0) width 6 RTL: ")"
      RenderText {#text} at (10,0) size 10x19
        text run at (10,0) width 10 RTL: "\x{5D1}"
    RenderBlock {DIV} at (0,1238) size 33x19
      RenderText {#text} at (26,0) size 7x19
        text run at (26,0) width 7 RTL: "\""
      RenderInline {SPAN} at (0,0) size 6x19
        RenderText {#text} at (20,0) size 6x19
          text run at (20,0) width 6 RTL: ")"
      RenderText {#text} at (11,0) size 9x19
        text run at (11,0) width 9: "c"
    RenderBlock {DIV} at (0,1257) size 33x19
      RenderText {#text} at (26,0) size 7x19
        text run at (26,0) width 7 RTL: "\""
      RenderInline {SPAN} at (0,0) size 7x19
        RenderText {#text} at (19,0) size 7x19
          text run at (19,0) width 7 RTL: "\x{5E0}"
      RenderText {#text} at (13,0) size 6x19
        text run at (13,0) width 6 RTL: "("
    RenderBlock {DIV} at (0,1276) size 33x19
      RenderText {#text} at (26,0) size 7x19
        text run at (26,0) width 7 RTL: "\""
      RenderInline {SPAN} at (0,0) size 7x19
        RenderText {#text} at (19,0) size 7x19
          text run at (19,0) width 7 RTL: "\x{5E0}"
      RenderText {#text} at (9,0) size 10x19
        text run at (9,0) width 10 RTL: "\x{5D1}"
    RenderBlock {DIV} at (0,1295) size 33x19
      RenderText {#text} at (26,0) size 7x19
        text run at (26,0) width 7 RTL: "\""
      RenderInline {SPAN} at (0,0) size 7x19
        RenderText {#text} at (19,0) size 7x19
          text run at (19,0) width 7 RTL: "\x{5E0}"
      RenderText {#text} at (10,0) size 9x19
        text run at (10,0) width 9: "c"
    RenderBlock {DIV} at (0,1314) size 33x19
      RenderText {#text} at (26,0) size 7x19
        text run at (26,0) width 7 RTL: "\""
      RenderInline {SPAN} at (0,0) size 10x19
        RenderText {#text} at (16,0) size 10x19
          text run at (16,0) width 10: "b"
      RenderText {#text} at (10,0) size 6x19
        text run at (10,0) width 6 RTL: "("
    RenderBlock {DIV} at (0,1333) size 33x19
      RenderText {#text} at (26,0) size 7x19
        text run at (26,0) width 7 RTL: "\""
      RenderInline {SPAN} at (0,0) size 10x19
        RenderText {#text} at (16,0) size 10x19
          text run at (16,0) width 10: "b"
      RenderText {#text} at (6,0) size 10x19
        text run at (6,0) width 10 RTL: "\x{5D1}"
    RenderBlock {DIV} at (0,1352) size 33x19
      RenderText {#text} at (26,0) size 7x19
        text run at (26,0) width 7 RTL: "\""
      RenderInline {SPAN} at (0,0) size 10x19
        RenderText {#text} at (16,0) size 10x19
          text run at (16,0) width 10: "b"
      RenderText {#text} at (7,0) size 9x19
        text run at (7,0) width 9: "c"
    RenderBlock {DIV} at (0,1371) size 33x19
      RenderText {#text} at (20,0) size 13x19
        text run at (20,0) width 13 RTL: "\x{5E9}"
      RenderInline {SPAN} at (0,0) size 6x19
        RenderText {#text} at (14,0) size 6x19
          text run at (14,0) width 6: ")"
      RenderText {#text} at (8,0) size 6x19
        text run at (8,0) width 6 RTL: "("
    RenderBlock {DIV} at (0,1390) size 33x19
      RenderText {#text} at (20,0) size 13x19
        text run at (20,0) width 13 RTL: "\x{5E9}"
      RenderInline {SPAN} at (0,0) size 6x19
        RenderText {#text} at (14,0) size 6x19
          text run at (14,0) width 6: ")"
      RenderText {#text} at (4,0) size 10x19
        text run at (4,0) width 10 RTL: "\x{5D1}"
    RenderBlock {DIV} at (0,1409) size 33x19
      RenderText {#text} at (20,0) size 13x19
        text run at (20,0) width 13 RTL: "\x{5E9}"
      RenderInline {SPAN} at (0,0) size 6x19
        RenderText {#text} at (14,0) size 6x19
          text run at (14,0) width 6: ")"
      RenderText {#text} at (5,0) size 9x19
        text run at (5,0) width 9: "c"
    RenderBlock {DIV} at (0,1428) size 33x19
      RenderText {#text} at (20,0) size 13x19
        text run at (20,0) width 13 RTL: "\x{5E9}"
      RenderInline {SPAN} at (0,0) size 7x19
        RenderText {#text} at (13,0) size 7x19
          text run at (13,0) width 7 RTL: "\x{5E0}"
      RenderText {#text} at (7,0) size 6x19
        text run at (7,0) width 6 RTL: "("
    RenderBlock {DIV} at (0,1447) size 33x19
      RenderText {#text} at (20,0) size 13x19
        text run at (20,0) width 13 RTL: "\x{5E9}"
      RenderInline {SPAN} at (0,0) size 7x19
        RenderText {#text} at (13,0) size 7x19
          text run at (13,0) width 7 RTL: "\x{5E0}"
      RenderText {#text} at (3,0) size 10x19
        text run at (3,0) width 10 RTL: "\x{5D1}"
    RenderBlock {DIV} at (0,1466) size 33x19
      RenderText {#text} at (20,0) size 13x19
        text run at (20,0) width 13 RTL: "\x{5E9}"
      RenderInline {SPAN} at (0,0) size 7x19
        RenderText {#text} at (13,0) size 7x19
          text run at (13,0) width 7 RTL: "\x{5E0}"
      RenderText {#text} at (4,0) size 9x19
        text run at (4,0) width 9: "c"
    RenderBlock {DIV} at (0,1485) size 33x19
      RenderText {#text} at (20,0) size 13x19
        text run at (20,0) width 13 RTL: "\x{5E9}"
      RenderInline {SPAN} at (0,0) size 10x19
        RenderText {#text} at (10,0) size 10x19
          text run at (10,0) width 10: "b"
      RenderText {#text} at (4,0) size 6x19
        text run at (4,0) width 6 RTL: "("
    RenderBlock {DIV} at (0,1504) size 33x19
      RenderText {#text} at (20,0) size 13x19
        text run at (20,0) width 13 RTL: "\x{5E9}"
      RenderInline {SPAN} at (0,0) size 10x19
        RenderText {#text} at (10,0) size 10x19
          text run at (10,0) width 10: "b"
      RenderText {#text} at (0,0) size 10x19
        text run at (0,0) width 10 RTL: "\x{5D1}"
    RenderBlock {DIV} at (0,1523) size 33x19
      RenderText {#text} at (20,0) size 13x19
        text run at (20,0) width 13 RTL: "\x{5E9}"
      RenderInline {SPAN} at (0,0) size 10x19
        RenderText {#text} at (10,0) size 10x19
          text run at (10,0) width 10: "b"
      RenderText {#text} at (1,0) size 9x19
        text run at (1,0) width 9: "c"
    RenderBlock {DIV} at (0,1542) size 33x19
      RenderText {#text} at (20,0) size 13x19
        text run at (20,0) width 13 RTL: "\x{5E9}"
      RenderInline {SPAN} at (0,0) size 6x19
        RenderText {#text} at (14,0) size 6x19
          text run at (14,0) width 6 RTL: ")"
      RenderText {#text} at (8,0) size 6x19
        text run at (8,0) width 6 RTL: "("
    RenderBlock {DIV} at (0,1561) size 33x19
      RenderText {#text} at (20,0) size 13x19
        text run at (20,0) width 13 RTL: "\x{5E9}"
      RenderInline {SPAN} at (0,0) size 6x19
        RenderText {#text} at (14,0) size 6x19
          text run at (14,0) width 6 RTL: ")"
      RenderText {#text} at (4,0) size 10x19
        text run at (4,0) width 10 RTL: "\x{5D1}"
    RenderBlock {DIV} at (0,1580) size 33x19
      RenderText {#text} at (20,0) size 13x19
        text run at (20,0) width 13 RTL: "\x{5E9}"
      RenderInline {SPAN} at (0,0) size 6x19
        RenderText {#text} at (14,0) size 6x19
          text run at (14,0) width 6 RTL: ")"
      RenderText {#text} at (5,0) size 9x19
        text run at (5,0) width 9: "c"
    RenderBlock {DIV} at (0,1600) size 33x19
      RenderText {#text} at (20,0) size 13x19
        text run at (20,0) width 13 RTL: "\x{5E9}"
      RenderInline {SPAN} at (0,0) size 7x19
        RenderText {#text} at (13,0) size 7x19
          text run at (13,0) width 7 RTL: "\x{5E0}"
      RenderText {#text} at (7,0) size 6x19
        text run at (7,0) width 6 RTL: "("
    RenderBlock {DIV} at (0,1619) size 33x19
      RenderText {#text} at (20,0) size 13x19
        text run at (20,0) width 13 RTL: "\x{5E9}"
      RenderInline {SPAN} at (0,0) size 7x19
        RenderText {#text} at (13,0) size 7x19
          text run at (13,0) width 7 RTL: "\x{5E0}"
      RenderText {#text} at (3,0) size 10x19
        text run at (3,0) width 10 RTL: "\x{5D1}"
    RenderBlock {DIV} at (0,1638) size 33x19
      RenderText {#text} at (20,0) size 13x19
        text run at (20,0) width 13 RTL: "\x{5E9}"
      RenderInline {SPAN} at (0,0) size 7x19
        RenderText {#text} at (13,0) size 7x19
          text run at (13,0) width 7 RTL: "\x{5E0}"
      RenderText {#text} at (4,0) size 9x19
        text run at (4,0) width 9: "c"
    RenderBlock {DIV} at (0,1657) size 33x19
      RenderText {#text} at (20,0) size 13x19
        text run at (20,0) width 13 RTL: "\x{5E9}"
      RenderInline {SPAN} at (0,0) size 10x19
        RenderText {#text} at (10,0) size 10x19
          text run at (10,0) width 10: "b"
      RenderText {#text} at (4,0) size 6x19
        text run at (4,0) width 6 RTL: "("
    RenderBlock {DIV} at (0,1676) size 33x19
      RenderText {#text} at (20,0) size 13x19
        text run at (20,0) width 13 RTL: "\x{5E9}"
      RenderInline {SPAN} at (0,0) size 10x19
        RenderText {#text} at (10,0) size 10x19
          text run at (10,0) width 10: "b"
      RenderText {#text} at (0,0) size 10x19
        text run at (0,0) width 10 RTL: "\x{5D1}"
    RenderBlock {DIV} at (0,1695) size 33x19
      RenderText {#text} at (20,0) size 13x19
        text run at (20,0) width 13 RTL: "\x{5E9}"
      RenderInline {SPAN} at (0,0) size 10x19
        RenderText {#text} at (10,0) size 10x19
          text run at (10,0) width 10: "b"
      RenderText {#text} at (1,0) size 9x19
        text run at (1,0) width 9: "c"
    RenderBlock {DIV} at (0,1714) size 33x19
      RenderText {#text} at (23,0) size 10x19
        text run at (23,0) width 10: "a"
      RenderInline {SPAN} at (0,0) size 6x19
        RenderText {#text} at (17,0) size 6x19
          text run at (17,0) width 6: ")"
      RenderText {#text} at (11,0) size 6x19
        text run at (11,0) width 6 RTL: "("
    RenderBlock {DIV} at (0,1733) size 33x19
      RenderText {#text} at (23,0) size 10x19
        text run at (23,0) width 10: "a"
      RenderInline {SPAN} at (0,0) size 6x19
        RenderText {#text} at (17,0) size 6x19
          text run at (17,0) width 6: ")"
      RenderText {#text} at (7,0) size 10x19
        text run at (7,0) width 10 RTL: "\x{5D1}"
    RenderBlock {DIV} at (0,1752) size 33x19
      RenderText {#text} at (8,0) size 10x19
        text run at (8,0) width 10: "a"
      RenderInline {SPAN} at (0,0) size 6x19
        RenderText {#text} at (18,0) size 6x19
          text run at (18,0) width 6: ")"
      RenderText {#text} at (24,0) size 9x19
        text run at (24,0) width 9: "c"
    RenderBlock {DIV} at (0,1771) size 33x19
      RenderText {#text} at (23,0) size 10x19
        text run at (23,0) width 10: "a"
      RenderInline {SPAN} at (0,0) size 7x19
        RenderText {#text} at (16,0) size 7x19
          text run at (16,0) width 7 RTL: "\x{5E0}"
      RenderText {#text} at (10,0) size 6x19
        text run at (10,0) width 6 RTL: "("
    RenderBlock {DIV} at (0,1790) size 33x19
      RenderText {#text} at (23,0) size 10x19
        text run at (23,0) width 10: "a"
      RenderInline {SPAN} at (0,0) size 7x19
        RenderText {#text} at (16,0) size 7x19
          text run at (16,0) width 7 RTL: "\x{5E0}"
      RenderText {#text} at (6,0) size 10x19
        text run at (6,0) width 10 RTL: "\x{5D1}"
    RenderBlock {DIV} at (0,1809) size 33x19
      RenderText {#text} at (7,0) size 10x19
        text run at (7,0) width 10: "a"
      RenderInline {SPAN} at (0,0) size 7x19
        RenderText {#text} at (17,0) size 7x19
          text run at (17,0) width 7 RTL: "\x{5E0}"
      RenderText {#text} at (24,0) size 9x19
        text run at (24,0) width 9: "c"
    RenderBlock {DIV} at (0,1828) size 33x19
      RenderText {#text} at (23,0) size 10x19
        text run at (23,0) width 10: "a"
      RenderInline {SPAN} at (0,0) size 10x19
        RenderText {#text} at (13,0) size 10x19
          text run at (13,0) width 10: "b"
      RenderText {#text} at (7,0) size 6x19
        text run at (7,0) width 6 RTL: "("
    RenderBlock {DIV} at (0,1847) size 33x19
      RenderText {#text} at (23,0) size 10x19
        text run at (23,0) width 10: "a"
      RenderInline {SPAN} at (0,0) size 10x19
        RenderText {#text} at (13,0) size 10x19
          text run at (13,0) width 10: "b"
      RenderText {#text} at (3,0) size 10x19
        text run at (3,0) width 10 RTL: "\x{5D1}"
    RenderBlock {DIV} at (0,1866) size 33x19
      RenderText {#text} at (4,0) size 10x19
        text run at (4,0) width 10: "a"
      RenderInline {SPAN} at (0,0) size 10x19
        RenderText {#text} at (14,0) size 10x19
          text run at (14,0) width 10: "b"
      RenderText {#text} at (24,0) size 9x19
        text run at (24,0) width 9: "c"
    RenderBlock {DIV} at (0,1885) size 33x19
      RenderText {#text} at (23,0) size 10x19
        text run at (23,0) width 10: "a"
      RenderInline {SPAN} at (0,0) size 6x19
        RenderText {#text} at (17,0) size 6x19
          text run at (17,0) width 6 RTL: ")"
      RenderText {#text} at (11,0) size 6x19
        text run at (11,0) width 6 RTL: "("
    RenderBlock {DIV} at (0,1904) size 33x19
      RenderText {#text} at (23,0) size 10x19
        text run at (23,0) width 10: "a"
      RenderInline {SPAN} at (0,0) size 6x19
        RenderText {#text} at (17,0) size 6x19
          text run at (17,0) width 6 RTL: ")"
      RenderText {#text} at (7,0) size 10x19
        text run at (7,0) width 10 RTL: "\x{5D1}"
    RenderBlock {DIV} at (0,1923) size 33x19
      RenderText {#text} at (8,0) size 10x19
        text run at (8,0) width 10: "a"
      RenderInline {SPAN} at (0,0) size 6x19
        RenderText {#text} at (18,0) size 6x19
          text run at (18,0) width 6 RTL: ")"
      RenderText {#text} at (24,0) size 9x19
        text run at (24,0) width 9: "c"
    RenderBlock {DIV} at (0,1942) size 33x19
      RenderText {#text} at (23,0) size 10x19
        text run at (23,0) width 10: "a"
      RenderInline {SPAN} at (0,0) size 7x19
        RenderText {#text} at (16,0) size 7x19
          text run at (16,0) width 7 RTL: "\x{5E0}"
      RenderText {#text} at (10,0) size 6x19
        text run at (10,0) width 6 RTL: "("
    RenderBlock {DIV} at (0,1961) size 33x19
      RenderText {#text} at (23,0) size 10x19
        text run at (23,0) width 10: "a"
      RenderInline {SPAN} at (0,0) size 7x19
        RenderText {#text} at (16,0) size 7x19
          text run at (16,0) width 7 RTL: "\x{5E0}"
      RenderText {#text} at (6,0) size 10x19
        text run at (6,0) width 10 RTL: "\x{5D1}"
    RenderBlock {DIV} at (0,1980) size 33x19
      RenderText {#text} at (7,0) size 10x19
        text run at (7,0) width 10: "a"
      RenderInline {SPAN} at (0,0) size 7x19
        RenderText {#text} at (17,0) size 7x19
          text run at (17,0) width 7 RTL: "\x{5E0}"
      RenderText {#text} at (24,0) size 9x19
        text run at (24,0) width 9: "c"
    RenderBlock {DIV} at (0,2000) size 33x19
      RenderText {#text} at (23,0) size 10x19
        text run at (23,0) width 10: "a"
      RenderInline {SPAN} at (0,0) size 10x19
        RenderText {#text} at (13,0) size 10x19
          text run at (13,0) width 10: "b"
      RenderText {#text} at (7,0) size 6x19
        text run at (7,0) width 6 RTL: "("
    RenderBlock {DIV} at (0,2019) size 33x19
      RenderText {#text} at (23,0) size 10x19
        text run at (23,0) width 10: "a"
      RenderInline {SPAN} at (0,0) size 10x19
        RenderText {#text} at (13,0) size 10x19
          text run at (13,0) width 10: "b"
      RenderText {#text} at (3,0) size 10x19
        text run at (3,0) width 10 RTL: "\x{5D1}"
    RenderBlock {DIV} at (0,2038) size 33x19
      RenderText {#text} at (4,0) size 10x19
        text run at (4,0) width 10: "a"
      RenderInline {SPAN} at (0,0) size 10x19
        RenderText {#text} at (14,0) size 10x19
          text run at (14,0) width 10: "b"
      RenderText {#text} at (24,0) size 9x19
        text run at (24,0) width 9: "c"
layer at (8,65) size 33x400
  RenderBlock (positioned) {DIV} at (0,0) size 33x400 [color=#008000]
    RenderBlock {DIV} at (0,0) size 33x19
      RenderText {#text} at (0,0) size 7x19
        text run at (0,0) width 7: "\""
      RenderBlock {SPAN} at (7,0) size 6x19
        RenderText {#text} at (0,0) size 6x19
          text run at (0,0) width 6: ")"
      RenderText {#text} at (13,0) size 6x19
        text run at (13,0) width 6: "("
    RenderBlock {DIV} at (0,19) size 33x19
      RenderText {#text} at (0,0) size 7x19
        text run at (0,0) width 7: "\""
      RenderBlock {SPAN} at (7,0) size 6x19
        RenderText {#text} at (0,0) size 6x19
          text run at (0,0) width 6: ")"
      RenderText {#text} at (13,0) size 10x19
        text run at (13,0) width 10 RTL: "\x{5D1}"
    RenderBlock {DIV} at (0,38) size 33x19
      RenderText {#text} at (0,0) size 7x19
        text run at (0,0) width 7: "\""
      RenderBlock {SPAN} at (7,0) size 6x19
        RenderText {#text} at (0,0) size 6x19
          text run at (0,0) width 6: ")"
      RenderText {#text} at (13,0) size 9x19
        text run at (13,0) width 9: "c"
    RenderBlock {DIV} at (0,57) size 33x19
      RenderText {#text} at (0,0) size 7x19
        text run at (0,0) width 7: "\""
      RenderBlock {SPAN} at (7,0) size 7x19
        RenderText {#text} at (0,0) size 7x19
          text run at (0,0) width 7 RTL: "\x{5E0}"
      RenderText {#text} at (14,0) size 6x19
        text run at (14,0) width 6: "("
    RenderBlock {DIV} at (0,76) size 33x19
      RenderText {#text} at (0,0) size 7x19
        text run at (0,0) width 7: "\""
      RenderBlock {SPAN} at (7,0) size 7x19
        RenderText {#text} at (0,0) size 7x19
          text run at (0,0) width 7 RTL: "\x{5E0}"
      RenderText {#text} at (14,0) size 10x19
        text run at (14,0) width 10 RTL: "\x{5D1}"
    RenderBlock {DIV} at (0,95) size 33x19
      RenderText {#text} at (0,0) size 7x19
        text run at (0,0) width 7: "\""
      RenderBlock {SPAN} at (7,0) size 7x19
        RenderText {#text} at (0,0) size 7x19
          text run at (0,0) width 7 RTL: "\x{5E0}"
      RenderText {#text} at (14,0) size 9x19
        text run at (14,0) width 9: "c"
    RenderBlock {DIV} at (0,114) size 33x19
      RenderText {#text} at (0,0) size 7x19
        text run at (0,0) width 7: "\""
      RenderBlock {SPAN} at (7,0) size 10x19
        RenderText {#text} at (0,0) size 10x19
          text run at (0,0) width 10: "b"
      RenderText {#text} at (17,0) size 6x19
        text run at (17,0) width 6: "("
    RenderBlock {DIV} at (0,133) size 33x19
      RenderText {#text} at (0,0) size 7x19
        text run at (0,0) width 7: "\""
      RenderBlock {SPAN} at (7,0) size 10x19
        RenderText {#text} at (0,0) size 10x19
          text run at (0,0) width 10: "b"
      RenderText {#text} at (17,0) size 10x19
        text run at (17,0) width 10 RTL: "\x{5D1}"
    RenderBlock {DIV} at (0,152) size 33x19
      RenderText {#text} at (0,0) size 7x19
        text run at (0,0) width 7: "\""
      RenderBlock {SPAN} at (7,0) size 10x19
        RenderText {#text} at (0,0) size 10x19
          text run at (0,0) width 10: "b"
      RenderText {#text} at (17,0) size 9x19
        text run at (17,0) width 9: "c"
    RenderBlock {DIV} at (0,171) size 33x19
      RenderText {#text} at (0,0) size 7x19
        text run at (0,0) width 7: "\""
      RenderBlock {SPAN} at (7,0) size 6x19
        RenderText {#text} at (0,0) size 6x19
          text run at (0,0) width 6 RTL: ")"
      RenderText {#text} at (13,0) size 6x19
        text run at (13,0) width 6: "("
    RenderBlock {DIV} at (0,190) size 33x19
      RenderText {#text} at (0,0) size 7x19
        text run at (0,0) width 7: "\""
      RenderBlock {SPAN} at (7,0) size 6x19
        RenderText {#text} at (0,0) size 6x19
          text run at (0,0) width 6 RTL: ")"
      RenderText {#text} at (13,0) size 10x19
        text run at (13,0) width 10 RTL: "\x{5D1}"
    RenderBlock {DIV} at (0,209) size 33x19
      RenderText {#text} at (0,0) size 7x19
        text run at (0,0) width 7: "\""
      RenderBlock {SPAN} at (7,0) size 6x19
        RenderText {#text} at (0,0) size 6x19
          text run at (0,0) width 6 RTL: ")"
      RenderText {#text} at (13,0) size 9x19
        text run at (13,0) width 9: "c"
    RenderBlock {DIV} at (0,228) size 33x19
      RenderText {#text} at (0,0) size 7x19
        text run at (0,0) width 7: "\""
      RenderBlock {SPAN} at (7,0) size 7x19
        RenderText {#text} at (0,0) size 7x19
          text run at (0,0) width 7 RTL: "\x{5E0}"
      RenderText {#text} at (14,0) size 6x19
        text run at (14,0) width 6: "("
    RenderBlock {DIV} at (0,247) size 33x19
      RenderText {#text} at (0,0) size 7x19
        text run at (0,0) width 7: "\""
      RenderBlock {SPAN} at (7,0) size 7x19
        RenderText {#text} at (0,0) size 7x19
          text run at (0,0) width 7 RTL: "\x{5E0}"
      RenderText {#text} at (14,0) size 10x19
        text run at (14,0) width 10 RTL: "\x{5D1}"
    RenderBlock {DIV} at (0,266) size 33x19
      RenderText {#text} at (0,0) size 7x19
        text run at (0,0) width 7: "\""
      RenderBlock {SPAN} at (7,0) size 7x19
        RenderText {#text} at (0,0) size 7x19
          text run at (0,0) width 7 RTL: "\x{5E0}"
      RenderText {#text} at (14,0) size 9x19
        text run at (14,0) width 9: "c"
    RenderBlock {DIV} at (0,285) size 33x19
      RenderText {#text} at (0,0) size 7x19
        text run at (0,0) width 7: "\""
      RenderBlock {SPAN} at (7,0) size 10x19
        RenderText {#text} at (0,0) size 10x19
          text run at (0,0) width 10: "b"
      RenderText {#text} at (17,0) size 6x19
        text run at (17,0) width 6: "("
    RenderBlock {DIV} at (0,304) size 33x19
      RenderText {#text} at (0,0) size 7x19
        text run at (0,0) width 7: "\""
      RenderBlock {SPAN} at (7,0) size 10x19
        RenderText {#text} at (0,0) size 10x19
          text run at (0,0) width 10: "b"
      RenderText {#text} at (17,0) size 10x19
        text run at (17,0) width 10 RTL: "\x{5D1}"
    RenderBlock {DIV} at (0,323) size 33x19
      RenderText {#text} at (0,0) size 7x19
        text run at (0,0) width 7: "\""
      RenderBlock {SPAN} at (7,0) size 10x19
        RenderText {#text} at (0,0) size 10x19
          text run at (0,0) width 10: "b"
      RenderText {#text} at (17,0) size 9x19
        text run at (17,0) width 9: "c"
    RenderBlock {DIV} at (0,342) size 33x19
      RenderText {#text} at (0,0) size 13x19
        text run at (0,0) width 13 RTL: "\x{5E9}"
      RenderBlock {SPAN} at (13,0) size 6x19
        RenderText {#text} at (0,0) size 6x19
          text run at (0,0) width 6: ")"
      RenderText {#text} at (19,0) size 6x19
        text run at (19,0) width 6: "("
    RenderBlock {DIV} at (0,361) size 33x19
      RenderText {#text} at (16,0) size 13x19
        text run at (16,0) width 13 RTL: "\x{5E9}"
      RenderBlock {SPAN} at (10,0) size 6x19
        RenderText {#text} at (0,0) size 6x19
          text run at (0,0) width 6: ")"
      RenderText {#text} at (0,0) size 10x19
        text run at (0,0) width 10 RTL: "\x{5D1}"
    RenderBlock {DIV} at (0,380) size 33x19
      RenderText {#text} at (0,0) size 13x19
        text run at (0,0) width 13 RTL: "\x{5E9}"
      RenderBlock {SPAN} at (13,0) size 6x19
        RenderText {#text} at (0,0) size 6x19
          text run at (0,0) width 6: ")"
      RenderText {#text} at (19,0) size 9x19
        text run at (19,0) width 9: "c"
    RenderBlock {DIV} at (0,400) size 33x19
      RenderText {#text} at (0,0) size 13x19
        text run at (0,0) width 13 RTL: "\x{5E9}"
      RenderBlock {SPAN} at (13,0) size 7x19
        RenderText {#text} at (0,0) size 7x19
          text run at (0,0) width 7 RTL: "\x{5E0}"
      RenderText {#text} at (20,0) size 6x19
        text run at (20,0) width 6: "("
    RenderBlock {DIV} at (0,419) size 33x19
      RenderText {#text} at (17,0) size 13x19
        text run at (17,0) width 13 RTL: "\x{5E9}"
      RenderBlock {SPAN} at (10,0) size 7x19
        RenderText {#text} at (0,0) size 7x19
          text run at (0,0) width 7 RTL: "\x{5E0}"
      RenderText {#text} at (0,0) size 10x19
        text run at (0,0) width 10 RTL: "\x{5D1}"
    RenderBlock {DIV} at (0,438) size 33x19
      RenderText {#text} at (0,0) size 13x19
        text run at (0,0) width 13 RTL: "\x{5E9}"
      RenderBlock {SPAN} at (13,0) size 7x19
        RenderText {#text} at (0,0) size 7x19
          text run at (0,0) width 7 RTL: "\x{5E0}"
      RenderText {#text} at (20,0) size 9x19
        text run at (20,0) width 9: "c"
    RenderBlock {DIV} at (0,457) size 33x19
      RenderText {#text} at (0,0) size 13x19
        text run at (0,0) width 13 RTL: "\x{5E9}"
      RenderBlock {SPAN} at (13,0) size 10x19
        RenderText {#text} at (0,0) size 10x19
          text run at (0,0) width 10: "b"
      RenderText {#text} at (23,0) size 6x19
        text run at (23,0) width 6: "("
    RenderBlock {DIV} at (0,476) size 33x19
      RenderText {#text} at (20,0) size 13x19
        text run at (20,0) width 13 RTL: "\x{5E9}"
      RenderBlock {SPAN} at (10,0) size 10x19
        RenderText {#text} at (0,0) size 10x19
          text run at (0,0) width 10: "b"
      RenderText {#text} at (0,0) size 10x19
        text run at (0,0) width 10 RTL: "\x{5D1}"
    RenderBlock {DIV} at (0,495) size 33x19
      RenderText {#text} at (0,0) size 13x19
        text run at (0,0) width 13 RTL: "\x{5E9}"
      RenderBlock {SPAN} at (13,0) size 10x19
        RenderText {#text} at (0,0) size 10x19
          text run at (0,0) width 10: "b"
      RenderText {#text} at (23,0) size 9x19
        text run at (23,0) width 9: "c"
    RenderBlock {DIV} at (0,514) size 33x19
      RenderText {#text} at (0,0) size 13x19
        text run at (0,0) width 13 RTL: "\x{5E9}"
      RenderBlock {SPAN} at (13,0) size 6x19
        RenderText {#text} at (0,0) size 6x19
          text run at (0,0) width 6 RTL: ")"
      RenderText {#text} at (19,0) size 6x19
        text run at (19,0) width 6: "("
    RenderBlock {DIV} at (0,533) size 33x19
      RenderText {#text} at (16,0) size 13x19
        text run at (16,0) width 13 RTL: "\x{5E9}"
      RenderBlock {SPAN} at (10,0) size 6x19
        RenderText {#text} at (0,0) size 6x19
          text run at (0,0) width 6 RTL: ")"
      RenderText {#text} at (0,0) size 10x19
        text run at (0,0) width 10 RTL: "\x{5D1}"
    RenderBlock {DIV} at (0,552) size 33x19
      RenderText {#text} at (0,0) size 13x19
        text run at (0,0) width 13 RTL: "\x{5E9}"
      RenderBlock {SPAN} at (13,0) size 6x19
        RenderText {#text} at (0,0) size 6x19
          text run at (0,0) width 6 RTL: ")"
      RenderText {#text} at (19,0) size 9x19
        text run at (19,0) width 9: "c"
    RenderBlock {DIV} at (0,571) size 33x19
      RenderText {#text} at (0,0) size 13x19
        text run at (0,0) width 13 RTL: "\x{5E9}"
      RenderBlock {SPAN} at (13,0) size 7x19
        RenderText {#text} at (0,0) size 7x19
          text run at (0,0) width 7 RTL: "\x{5E0}"
      RenderText {#text} at (20,0) size 6x19
        text run at (20,0) width 6: "("
    RenderBlock {DIV} at (0,590) size 33x19
      RenderText {#text} at (17,0) size 13x19
        text run at (17,0) width 13 RTL: "\x{5E9}"
      RenderBlock {SPAN} at (10,0) size 7x19
        RenderText {#text} at (0,0) size 7x19
          text run at (0,0) width 7 RTL: "\x{5E0}"
      RenderText {#text} at (0,0) size 10x19
        text run at (0,0) width 10 RTL: "\x{5D1}"
    RenderBlock {DIV} at (0,609) size 33x19
      RenderText {#text} at (0,0) size 13x19
        text run at (0,0) width 13 RTL: "\x{5E9}"
      RenderBlock {SPAN} at (13,0) size 7x19
        RenderText {#text} at (0,0) size 7x19
          text run at (0,0) width 7 RTL: "\x{5E0}"
      RenderText {#text} at (20,0) size 9x19
        text run at (20,0) width 9: "c"
    RenderBlock {DIV} at (0,628) size 33x19
      RenderText {#text} at (0,0) size 13x19
        text run at (0,0) width 13 RTL: "\x{5E9}"
      RenderBlock {SPAN} at (13,0) size 10x19
        RenderText {#text} at (0,0) size 10x19
          text run at (0,0) width 10: "b"
      RenderText {#text} at (23,0) size 6x19
        text run at (23,0) width 6: "("
    RenderBlock {DIV} at (0,647) size 33x19
      RenderText {#text} at (20,0) size 13x19
        text run at (20,0) width 13 RTL: "\x{5E9}"
      RenderBlock {SPAN} at (10,0) size 10x19
        RenderText {#text} at (0,0) size 10x19
          text run at (0,0) width 10: "b"
      RenderText {#text} at (0,0) size 10x19
        text run at (0,0) width 10 RTL: "\x{5D1}"
    RenderBlock {DIV} at (0,666) size 33x19
      RenderText {#text} at (0,0) size 13x19
        text run at (0,0) width 13 RTL: "\x{5E9}"
      RenderBlock {SPAN} at (13,0) size 10x19
        RenderText {#text} at (0,0) size 10x19
          text run at (0,0) width 10: "b"
      RenderText {#text} at (23,0) size 9x19
        text run at (23,0) width 9: "c"
    RenderBlock {DIV} at (0,685) size 33x19
      RenderText {#text} at (0,0) size 10x19
        text run at (0,0) width 10: "a"
      RenderBlock {SPAN} at (10,0) size 6x19
        RenderText {#text} at (0,0) size 6x19
          text run at (0,0) width 6: ")"
      RenderText {#text} at (16,0) size 6x19
        text run at (16,0) width 6: "("
    RenderBlock {DIV} at (0,704) size 33x19
      RenderText {#text} at (0,0) size 10x19
        text run at (0,0) width 10: "a"
      RenderBlock {SPAN} at (10,0) size 6x19
        RenderText {#text} at (0,0) size 6x19
          text run at (0,0) width 6: ")"
      RenderText {#text} at (16,0) size 10x19
        text run at (16,0) width 10 RTL: "\x{5D1}"
    RenderBlock {DIV} at (0,723) size 33x19
      RenderText {#text} at (0,0) size 10x19
        text run at (0,0) width 10: "a"
      RenderBlock {SPAN} at (10,0) size 6x19
        RenderText {#text} at (0,0) size 6x19
          text run at (0,0) width 6: ")"
      RenderText {#text} at (16,0) size 9x19
        text run at (16,0) width 9: "c"
    RenderBlock {DIV} at (0,742) size 33x19
      RenderText {#text} at (0,0) size 10x19
        text run at (0,0) width 10: "a"
      RenderBlock {SPAN} at (10,0) size 7x19
        RenderText {#text} at (0,0) size 7x19
          text run at (0,0) width 7 RTL: "\x{5E0}"
      RenderText {#text} at (17,0) size 6x19
        text run at (17,0) width 6: "("
    RenderBlock {DIV} at (0,761) size 33x19
      RenderText {#text} at (0,0) size 10x19
        text run at (0,0) width 10: "a"
      RenderBlock {SPAN} at (10,0) size 7x19
        RenderText {#text} at (0,0) size 7x19
          text run at (0,0) width 7 RTL: "\x{5E0}"
      RenderText {#text} at (17,0) size 10x19
        text run at (17,0) width 10 RTL: "\x{5D1}"
    RenderBlock {DIV} at (0,780) size 33x19
      RenderText {#text} at (0,0) size 10x19
        text run at (0,0) width 10: "a"
      RenderBlock {SPAN} at (10,0) size 7x19
        RenderText {#text} at (0,0) size 7x19
          text run at (0,0) width 7 RTL: "\x{5E0}"
      RenderText {#text} at (17,0) size 9x19
        text run at (17,0) width 9: "c"
    RenderBlock {DIV} at (0,800) size 33x19
      RenderText {#text} at (0,0) size 10x19
        text run at (0,0) width 10: "a"
      RenderBlock {SPAN} at (10,0) size 10x19
        RenderText {#text} at (0,0) size 10x19
          text run at (0,0) width 10: "b"
      RenderText {#text} at (20,0) size 6x19
        text run at (20,0) width 6: "("
    RenderBlock {DIV} at (0,819) size 33x19
      RenderText {#text} at (0,0) size 10x19
        text run at (0,0) width 10: "a"
      RenderBlock {SPAN} at (10,0) size 10x19
        RenderText {#text} at (0,0) size 10x19
          text run at (0,0) width 10: "b"
      RenderText {#text} at (20,0) size 10x19
        text run at (20,0) width 10 RTL: "\x{5D1}"
    RenderBlock {DIV} at (0,838) size 33x19
      RenderText {#text} at (0,0) size 10x19
        text run at (0,0) width 10: "a"
      RenderBlock {SPAN} at (10,0) size 10x19
        RenderText {#text} at (0,0) size 10x19
          text run at (0,0) width 10: "b"
      RenderText {#text} at (20,0) size 9x19
        text run at (20,0) width 9: "c"
    RenderBlock {DIV} at (0,857) size 33x19
      RenderText {#text} at (0,0) size 10x19
        text run at (0,0) width 10: "a"
      RenderBlock {SPAN} at (10,0) size 6x19
        RenderText {#text} at (0,0) size 6x19
          text run at (0,0) width 6 RTL: ")"
      RenderText {#text} at (16,0) size 6x19
        text run at (16,0) width 6: "("
    RenderBlock {DIV} at (0,876) size 33x19
      RenderText {#text} at (0,0) size 10x19
        text run at (0,0) width 10: "a"
      RenderBlock {SPAN} at (10,0) size 6x19
        RenderText {#text} at (0,0) size 6x19
          text run at (0,0) width 6 RTL: ")"
      RenderText {#text} at (16,0) size 10x19
        text run at (16,0) width 10 RTL: "\x{5D1}"
    RenderBlock {DIV} at (0,895) size 33x19
      RenderText {#text} at (0,0) size 10x19
        text run at (0,0) width 10: "a"
      RenderBlock {SPAN} at (10,0) size 6x19
        RenderText {#text} at (0,0) size 6x19
          text run at (0,0) width 6 RTL: ")"
      RenderText {#text} at (16,0) size 9x19
        text run at (16,0) width 9: "c"
    RenderBlock {DIV} at (0,914) size 33x19
      RenderText {#text} at (0,0) size 10x19
        text run at (0,0) width 10: "a"
      RenderBlock {SPAN} at (10,0) size 7x19
        RenderText {#text} at (0,0) size 7x19
          text run at (0,0) width 7 RTL: "\x{5E0}"
      RenderText {#text} at (17,0) size 6x19
        text run at (17,0) width 6: "("
    RenderBlock {DIV} at (0,933) size 33x19
      RenderText {#text} at (0,0) size 10x19
        text run at (0,0) width 10: "a"
      RenderBlock {SPAN} at (10,0) size 7x19
        RenderText {#text} at (0,0) size 7x19
          text run at (0,0) width 7 RTL: "\x{5E0}"
      RenderText {#text} at (17,0) size 10x19
        text run at (17,0) width 10 RTL: "\x{5D1}"
    RenderBlock {DIV} at (0,952) size 33x19
      RenderText {#text} at (0,0) size 10x19
        text run at (0,0) width 10: "a"
      RenderBlock {SPAN} at (10,0) size 7x19
        RenderText {#text} at (0,0) size 7x19
          text run at (0,0) width 7 RTL: "\x{5E0}"
      RenderText {#text} at (17,0) size 9x19
        text run at (17,0) width 9: "c"
    RenderBlock {DIV} at (0,971) size 33x19
      RenderText {#text} at (0,0) size 10x19
        text run at (0,0) width 10: "a"
      RenderBlock {SPAN} at (10,0) size 10x19
        RenderText {#text} at (0,0) size 10x19
          text run at (0,0) width 10: "b"
      RenderText {#text} at (20,0) size 6x19
        text run at (20,0) width 6: "("
    RenderBlock {DIV} at (0,990) size 33x19
      RenderText {#text} at (0,0) size 10x19
        text run at (0,0) width 10: "a"
      RenderBlock {SPAN} at (10,0) size 10x19
        RenderText {#text} at (0,0) size 10x19
          text run at (0,0) width 10: "b"
      RenderText {#text} at (20,0) size 10x19
        text run at (20,0) width 10 RTL: "\x{5D1}"
    RenderBlock {DIV} at (0,1009) size 33x19
      RenderText {#text} at (0,0) size 10x19
        text run at (0,0) width 10: "a"
      RenderBlock {SPAN} at (10,0) size 10x19
        RenderText {#text} at (0,0) size 10x19
          text run at (0,0) width 10: "b"
      RenderText {#text} at (20,0) size 9x19
        text run at (20,0) width 9: "c"
    RenderBlock {DIV} at (0,1028) size 33x19
      RenderText {#text} at (26,0) size 7x19
        text run at (26,0) width 7 RTL: "\""
      RenderBlock {SPAN} at (20,0) size 6x19
        RenderText {#text} at (0,0) size 6x19
          text run at (0,0) width 6: ")"
      RenderText {#text} at (14,0) size 6x19
        text run at (14,0) width 6 RTL: "("
    RenderBlock {DIV} at (0,1047) size 33x19
      RenderText {#text} at (26,0) size 7x19
        text run at (26,0) width 7 RTL: "\""
      RenderBlock {SPAN} at (20,0) size 6x19
        RenderText {#text} at (0,0) size 6x19
          text run at (0,0) width 6: ")"
      RenderText {#text} at (10,0) size 10x19
        text run at (10,0) width 10 RTL: "\x{5D1}"
    RenderBlock {DIV} at (0,1066) size 33x19
      RenderText {#text} at (26,0) size 7x19
        text run at (26,0) width 7 RTL: "\""
      RenderBlock {SPAN} at (20,0) size 6x19
        RenderText {#text} at (0,0) size 6x19
          text run at (0,0) width 6: ")"
      RenderText {#text} at (11,0) size 9x19
        text run at (11,0) width 9: "c"
    RenderBlock {DIV} at (0,1085) size 33x19
      RenderText {#text} at (26,0) size 7x19
        text run at (26,0) width 7 RTL: "\""
      RenderBlock {SPAN} at (19,0) size 7x19
        RenderText {#text} at (0,0) size 7x19
          text run at (0,0) width 7 RTL: "\x{5E0}"
      RenderText {#text} at (13,0) size 6x19
        text run at (13,0) width 6 RTL: "("
    RenderBlock {DIV} at (0,1104) size 33x19
      RenderText {#text} at (26,0) size 7x19
        text run at (26,0) width 7 RTL: "\""
      RenderBlock {SPAN} at (19,0) size 7x19
        RenderText {#text} at (0,0) size 7x19
          text run at (0,0) width 7 RTL: "\x{5E0}"
      RenderText {#text} at (9,0) size 10x19
        text run at (9,0) width 10 RTL: "\x{5D1}"
    RenderBlock {DIV} at (0,1123) size 33x19
      RenderText {#text} at (26,0) size 7x19
        text run at (26,0) width 7 RTL: "\""
      RenderBlock {SPAN} at (19,0) size 7x19
        RenderText {#text} at (0,0) size 7x19
          text run at (0,0) width 7 RTL: "\x{5E0}"
      RenderText {#text} at (10,0) size 9x19
        text run at (10,0) width 9: "c"
    RenderBlock {DIV} at (0,1142) size 33x19
      RenderText {#text} at (26,0) size 7x19
        text run at (26,0) width 7 RTL: "\""
      RenderBlock {SPAN} at (16,0) size 10x19
        RenderText {#text} at (0,0) size 10x19
          text run at (0,0) width 10: "b"
      RenderText {#text} at (10,0) size 6x19
        text run at (10,0) width 6 RTL: "("
    RenderBlock {DIV} at (0,1161) size 33x19
      RenderText {#text} at (26,0) size 7x19
        text run at (26,0) width 7 RTL: "\""
      RenderBlock {SPAN} at (16,0) size 10x19
        RenderText {#text} at (0,0) size 10x19
          text run at (0,0) width 10: "b"
      RenderText {#text} at (6,0) size 10x19
        text run at (6,0) width 10 RTL: "\x{5D1}"
    RenderBlock {DIV} at (0,1180) size 33x19
      RenderText {#text} at (26,0) size 7x19
        text run at (26,0) width 7 RTL: "\""
      RenderBlock {SPAN} at (16,0) size 10x19
        RenderText {#text} at (0,0) size 10x19
          text run at (0,0) width 10: "b"
      RenderText {#text} at (7,0) size 9x19
        text run at (7,0) width 9: "c"
    RenderBlock {DIV} at (0,1200) size 33x19
      RenderText {#text} at (26,0) size 7x19
        text run at (26,0) width 7 RTL: "\""
      RenderBlock {SPAN} at (20,0) size 6x19
        RenderText {#text} at (0,0) size 6x19
          text run at (0,0) width 6 RTL: ")"
      RenderText {#text} at (14,0) size 6x19
        text run at (14,0) width 6 RTL: "("
    RenderBlock {DIV} at (0,1219) size 33x19
      RenderText {#text} at (26,0) size 7x19
        text run at (26,0) width 7 RTL: "\""
      RenderBlock {SPAN} at (20,0) size 6x19
        RenderText {#text} at (0,0) size 6x19
          text run at (0,0) width 6 RTL: ")"
      RenderText {#text} at (10,0) size 10x19
        text run at (10,0) width 10 RTL: "\x{5D1}"
    RenderBlock {DIV} at (0,1238) size 33x19
      RenderText {#text} at (26,0) size 7x19
        text run at (26,0) width 7 RTL: "\""
      RenderBlock {SPAN} at (20,0) size 6x19
        RenderText {#text} at (0,0) size 6x19
          text run at (0,0) width 6 RTL: ")"
      RenderText {#text} at (11,0) size 9x19
        text run at (11,0) width 9: "c"
    RenderBlock {DIV} at (0,1257) size 33x19
      RenderText {#text} at (26,0) size 7x19
        text run at (26,0) width 7 RTL: "\""
      RenderBlock {SPAN} at (19,0) size 7x19
        RenderText {#text} at (0,0) size 7x19
          text run at (0,0) width 7 RTL: "\x{5E0}"
      RenderText {#text} at (13,0) size 6x19
        text run at (13,0) width 6 RTL: "("
    RenderBlock {DIV} at (0,1276) size 33x19
      RenderText {#text} at (26,0) size 7x19
        text run at (26,0) width 7 RTL: "\""
      RenderBlock {SPAN} at (19,0) size 7x19
        RenderText {#text} at (0,0) size 7x19
          text run at (0,0) width 7 RTL: "\x{5E0}"
      RenderText {#text} at (9,0) size 10x19
        text run at (9,0) width 10 RTL: "\x{5D1}"
    RenderBlock {DIV} at (0,1295) size 33x19
      RenderText {#text} at (26,0) size 7x19
        text run at (26,0) width 7 RTL: "\""
      RenderBlock {SPAN} at (19,0) size 7x19
        RenderText {#text} at (0,0) size 7x19
          text run at (0,0) width 7 RTL: "\x{5E0}"
      RenderText {#text} at (10,0) size 9x19
        text run at (10,0) width 9: "c"
    RenderBlock {DIV} at (0,1314) size 33x19
      RenderText {#text} at (26,0) size 7x19
        text run at (26,0) width 7 RTL: "\""
      RenderBlock {SPAN} at (16,0) size 10x19
        RenderText {#text} at (0,0) size 10x19
          text run at (0,0) width 10: "b"
      RenderText {#text} at (10,0) size 6x19
        text run at (10,0) width 6 RTL: "("
    RenderBlock {DIV} at (0,1333) size 33x19
      RenderText {#text} at (26,0) size 7x19
        text run at (26,0) width 7 RTL: "\""
      RenderBlock {SPAN} at (16,0) size 10x19
        RenderText {#text} at (0,0) size 10x19
          text run at (0,0) width 10: "b"
      RenderText {#text} at (6,0) size 10x19
        text run at (6,0) width 10 RTL: "\x{5D1}"
    RenderBlock {DIV} at (0,1352) size 33x19
      RenderText {#text} at (26,0) size 7x19
        text run at (26,0) width 7 RTL: "\""
      RenderBlock {SPAN} at (16,0) size 10x19
        RenderText {#text} at (0,0) size 10x19
          text run at (0,0) width 10: "b"
      RenderText {#text} at (7,0) size 9x19
        text run at (7,0) width 9: "c"
    RenderBlock {DIV} at (0,1371) size 33x19
      RenderText {#text} at (20,0) size 13x19
        text run at (20,0) width 13 RTL: "\x{5E9}"
      RenderBlock {SPAN} at (14,0) size 6x19
        RenderText {#text} at (0,0) size 6x19
          text run at (0,0) width 6: ")"
      RenderText {#text} at (8,0) size 6x19
        text run at (8,0) width 6 RTL: "("
    RenderBlock {DIV} at (0,1390) size 33x19
      RenderText {#text} at (20,0) size 13x19
        text run at (20,0) width 13 RTL: "\x{5E9}"
      RenderBlock {SPAN} at (14,0) size 6x19
        RenderText {#text} at (0,0) size 6x19
          text run at (0,0) width 6: ")"
      RenderText {#text} at (4,0) size 10x19
        text run at (4,0) width 10 RTL: "\x{5D1}"
    RenderBlock {DIV} at (0,1409) size 33x19
      RenderText {#text} at (20,0) size 13x19
        text run at (20,0) width 13 RTL: "\x{5E9}"
      RenderBlock {SPAN} at (14,0) size 6x19
        RenderText {#text} at (0,0) size 6x19
          text run at (0,0) width 6: ")"
      RenderText {#text} at (5,0) size 9x19
        text run at (5,0) width 9: "c"
    RenderBlock {DIV} at (0,1428) size 33x19
      RenderText {#text} at (20,0) size 13x19
        text run at (20,0) width 13 RTL: "\x{5E9}"
      RenderBlock {SPAN} at (13,0) size 7x19
        RenderText {#text} at (0,0) size 7x19
          text run at (0,0) width 7 RTL: "\x{5E0}"
      RenderText {#text} at (7,0) size 6x19
        text run at (7,0) width 6 RTL: "("
    RenderBlock {DIV} at (0,1447) size 33x19
      RenderText {#text} at (20,0) size 13x19
        text run at (20,0) width 13 RTL: "\x{5E9}"
      RenderBlock {SPAN} at (13,0) size 7x19
        RenderText {#text} at (0,0) size 7x19
          text run at (0,0) width 7 RTL: "\x{5E0}"
      RenderText {#text} at (3,0) size 10x19
        text run at (3,0) width 10 RTL: "\x{5D1}"
    RenderBlock {DIV} at (0,1466) size 33x19
      RenderText {#text} at (20,0) size 13x19
        text run at (20,0) width 13 RTL: "\x{5E9}"
      RenderBlock {SPAN} at (13,0) size 7x19
        RenderText {#text} at (0,0) size 7x19
          text run at (0,0) width 7 RTL: "\x{5E0}"
      RenderText {#text} at (4,0) size 9x19
        text run at (4,0) width 9: "c"
    RenderBlock {DIV} at (0,1485) size 33x19
      RenderText {#text} at (20,0) size 13x19
        text run at (20,0) width 13 RTL: "\x{5E9}"
      RenderBlock {SPAN} at (10,0) size 10x19
        RenderText {#text} at (0,0) size 10x19
          text run at (0,0) width 10: "b"
      RenderText {#text} at (4,0) size 6x19
        text run at (4,0) width 6 RTL: "("
    RenderBlock {DIV} at (0,1504) size 33x19
      RenderText {#text} at (20,0) size 13x19
        text run at (20,0) width 13 RTL: "\x{5E9}"
      RenderBlock {SPAN} at (10,0) size 10x19
        RenderText {#text} at (0,0) size 10x19
          text run at (0,0) width 10: "b"
      RenderText {#text} at (0,0) size 10x19
        text run at (0,0) width 10 RTL: "\x{5D1}"
    RenderBlock {DIV} at (0,1523) size 33x19
      RenderText {#text} at (20,0) size 13x19
        text run at (20,0) width 13 RTL: "\x{5E9}"
      RenderBlock {SPAN} at (10,0) size 10x19
        RenderText {#text} at (0,0) size 10x19
          text run at (0,0) width 10: "b"
      RenderText {#text} at (1,0) size 9x19
        text run at (1,0) width 9: "c"
    RenderBlock {DIV} at (0,1542) size 33x19
      RenderText {#text} at (20,0) size 13x19
        text run at (20,0) width 13 RTL: "\x{5E9}"
      RenderBlock {SPAN} at (14,0) size 6x19
        RenderText {#text} at (0,0) size 6x19
          text run at (0,0) width 6 RTL: ")"
      RenderText {#text} at (8,0) size 6x19
        text run at (8,0) width 6 RTL: "("
    RenderBlock {DIV} at (0,1561) size 33x19
      RenderText {#text} at (20,0) size 13x19
        text run at (20,0) width 13 RTL: "\x{5E9}"
      RenderBlock {SPAN} at (14,0) size 6x19
        RenderText {#text} at (0,0) size 6x19
          text run at (0,0) width 6 RTL: ")"
      RenderText {#text} at (4,0) size 10x19
        text run at (4,0) width 10 RTL: "\x{5D1}"
    RenderBlock {DIV} at (0,1580) size 33x19
      RenderText {#text} at (20,0) size 13x19
        text run at (20,0) width 13 RTL: "\x{5E9}"
      RenderBlock {SPAN} at (14,0) size 6x19
        RenderText {#text} at (0,0) size 6x19
          text run at (0,0) width 6 RTL: ")"
      RenderText {#text} at (5,0) size 9x19
        text run at (5,0) width 9: "c"
    RenderBlock {DIV} at (0,1600) size 33x19
      RenderText {#text} at (20,0) size 13x19
        text run at (20,0) width 13 RTL: "\x{5E9}"
      RenderBlock {SPAN} at (13,0) size 7x19
        RenderText {#text} at (0,0) size 7x19
          text run at (0,0) width 7 RTL: "\x{5E0}"
      RenderText {#text} at (7,0) size 6x19
        text run at (7,0) width 6 RTL: "("
    RenderBlock {DIV} at (0,1619) size 33x19
      RenderText {#text} at (20,0) size 13x19
        text run at (20,0) width 13 RTL: "\x{5E9}"
      RenderBlock {SPAN} at (13,0) size 7x19
        RenderText {#text} at (0,0) size 7x19
          text run at (0,0) width 7 RTL: "\x{5E0}"
      RenderText {#text} at (3,0) size 10x19
        text run at (3,0) width 10 RTL: "\x{5D1}"
    RenderBlock {DIV} at (0,1638) size 33x19
      RenderText {#text} at (20,0) size 13x19
        text run at (20,0) width 13 RTL: "\x{5E9}"
      RenderBlock {SPAN} at (13,0) size 7x19
        RenderText {#text} at (0,0) size 7x19
          text run at (0,0) width 7 RTL: "\x{5E0}"
      RenderText {#text} at (4,0) size 9x19
        text run at (4,0) width 9: "c"
    RenderBlock {DIV} at (0,1657) size 33x19
      RenderText {#text} at (20,0) size 13x19
        text run at (20,0) width 13 RTL: "\x{5E9}"
      RenderBlock {SPAN} at (10,0) size 10x19
        RenderText {#text} at (0,0) size 10x19
          text run at (0,0) width 10: "b"
      RenderText {#text} at (4,0) size 6x19
        text run at (4,0) width 6 RTL: "("
    RenderBlock {DIV} at (0,1676) size 33x19
      RenderText {#text} at (20,0) size 13x19
        text run at (20,0) width 13 RTL: "\x{5E9}"
      RenderBlock {SPAN} at (10,0) size 10x19
        RenderText {#text} at (0,0) size 10x19
          text run at (0,0) width 10: "b"
      RenderText {#text} at (0,0) size 10x19
        text run at (0,0) width 10 RTL: "\x{5D1}"
    RenderBlock {DIV} at (0,1695) size 33x19
      RenderText {#text} at (20,0) size 13x19
        text run at (20,0) width 13 RTL: "\x{5E9}"
      RenderBlock {SPAN} at (10,0) size 10x19
        RenderText {#text} at (0,0) size 10x19
          text run at (0,0) width 10: "b"
      RenderText {#text} at (1,0) size 9x19
        text run at (1,0) width 9: "c"
    RenderBlock {DIV} at (0,1714) size 33x19
      RenderText {#text} at (23,0) size 10x19
        text run at (23,0) width 10: "a"
      RenderBlock {SPAN} at (17,0) size 6x19
        RenderText {#text} at (0,0) size 6x19
          text run at (0,0) width 6: ")"
      RenderText {#text} at (11,0) size 6x19
        text run at (11,0) width 6 RTL: "("
    RenderBlock {DIV} at (0,1733) size 33x19
      RenderText {#text} at (23,0) size 10x19
        text run at (23,0) width 10: "a"
      RenderBlock {SPAN} at (17,0) size 6x19
        RenderText {#text} at (0,0) size 6x19
          text run at (0,0) width 6: ")"
      RenderText {#text} at (7,0) size 10x19
        text run at (7,0) width 10 RTL: "\x{5D1}"
    RenderBlock {DIV} at (0,1752) size 33x19
      RenderText {#text} at (8,0) size 10x19
        text run at (8,0) width 10: "a"
      RenderBlock {SPAN} at (18,0) size 6x19
        RenderText {#text} at (0,0) size 6x19
          text run at (0,0) width 6: ")"
      RenderText {#text} at (24,0) size 9x19
        text run at (24,0) width 9: "c"
    RenderBlock {DIV} at (0,1771) size 33x19
      RenderText {#text} at (23,0) size 10x19
        text run at (23,0) width 10: "a"
      RenderBlock {SPAN} at (16,0) size 7x19
        RenderText {#text} at (0,0) size 7x19
          text run at (0,0) width 7 RTL: "\x{5E0}"
      RenderText {#text} at (10,0) size 6x19
        text run at (10,0) width 6 RTL: "("
    RenderBlock {DIV} at (0,1790) size 33x19
      RenderText {#text} at (23,0) size 10x19
        text run at (23,0) width 10: "a"
      RenderBlock {SPAN} at (16,0) size 7x19
        RenderText {#text} at (0,0) size 7x19
          text run at (0,0) width 7 RTL: "\x{5E0}"
      RenderText {#text} at (6,0) size 10x19
        text run at (6,0) width 10 RTL: "\x{5D1}"
    RenderBlock {DIV} at (0,1809) size 33x19
      RenderText {#text} at (7,0) size 10x19
        text run at (7,0) width 10: "a"
      RenderBlock {SPAN} at (17,0) size 7x19
        RenderText {#text} at (0,0) size 7x19
          text run at (0,0) width 7 RTL: "\x{5E0}"
      RenderText {#text} at (24,0) size 9x19
        text run at (24,0) width 9: "c"
    RenderBlock {DIV} at (0,1828) size 33x19
      RenderText {#text} at (23,0) size 10x19
        text run at (23,0) width 10: "a"
      RenderBlock {SPAN} at (13,0) size 10x19
        RenderText {#text} at (0,0) size 10x19
          text run at (0,0) width 10: "b"
      RenderText {#text} at (7,0) size 6x19
        text run at (7,0) width 6 RTL: "("
    RenderBlock {DIV} at (0,1847) size 33x19
      RenderText {#text} at (23,0) size 10x19
        text run at (23,0) width 10: "a"
      RenderBlock {SPAN} at (13,0) size 10x19
        RenderText {#text} at (0,0) size 10x19
          text run at (0,0) width 10: "b"
      RenderText {#text} at (3,0) size 10x19
        text run at (3,0) width 10 RTL: "\x{5D1}"
    RenderBlock {DIV} at (0,1866) size 33x19
      RenderText {#text} at (4,0) size 10x19
        text run at (4,0) width 10: "a"
      RenderBlock {SPAN} at (14,0) size 10x19
        RenderText {#text} at (0,0) size 10x19
          text run at (0,0) width 10: "b"
      RenderText {#text} at (24,0) size 9x19
        text run at (24,0) width 9: "c"
    RenderBlock {DIV} at (0,1885) size 33x19
      RenderText {#text} at (23,0) size 10x19
        text run at (23,0) width 10: "a"
      RenderBlock {SPAN} at (17,0) size 6x19
        RenderText {#text} at (0,0) size 6x19
          text run at (0,0) width 6 RTL: ")"
      RenderText {#text} at (11,0) size 6x19
        text run at (11,0) width 6 RTL: "("
    RenderBlock {DIV} at (0,1904) size 33x19
      RenderText {#text} at (23,0) size 10x19
        text run at (23,0) width 10: "a"
      RenderBlock {SPAN} at (17,0) size 6x19
        RenderText {#text} at (0,0) size 6x19
          text run at (0,0) width 6 RTL: ")"
      RenderText {#text} at (7,0) size 10x19
        text run at (7,0) width 10 RTL: "\x{5D1}"
    RenderBlock {DIV} at (0,1923) size 33x19
      RenderText {#text} at (8,0) size 10x19
        text run at (8,0) width 10: "a"
      RenderBlock {SPAN} at (18,0) size 6x19
        RenderText {#text} at (0,0) size 6x19
          text run at (0,0) width 6 RTL: ")"
      RenderText {#text} at (24,0) size 9x19
        text run at (24,0) width 9: "c"
    RenderBlock {DIV} at (0,1942) size 33x19
      RenderText {#text} at (23,0) size 10x19
        text run at (23,0) width 10: "a"
      RenderBlock {SPAN} at (16,0) size 7x19
        RenderText {#text} at (0,0) size 7x19
          text run at (0,0) width 7 RTL: "\x{5E0}"
      RenderText {#text} at (10,0) size 6x19
        text run at (10,0) width 6 RTL: "("
    RenderBlock {DIV} at (0,1961) size 33x19
      RenderText {#text} at (23,0) size 10x19
        text run at (23,0) width 10: "a"
      RenderBlock {SPAN} at (16,0) size 7x19
        RenderText {#text} at (0,0) size 7x19
          text run at (0,0) width 7 RTL: "\x{5E0}"
      RenderText {#text} at (6,0) size 10x19
        text run at (6,0) width 10 RTL: "\x{5D1}"
    RenderBlock {DIV} at (0,1980) size 33x19
      RenderText {#text} at (7,0) size 10x19
        text run at (7,0) width 10: "a"
      RenderBlock {SPAN} at (17,0) size 7x19
        RenderText {#text} at (0,0) size 7x19
          text run at (0,0) width 7 RTL: "\x{5E0}"
      RenderText {#text} at (24,0) size 9x19
        text run at (24,0) width 9: "c"
    RenderBlock {DIV} at (0,2000) size 33x19
      RenderText {#text} at (23,0) size 10x19
        text run at (23,0) width 10: "a"
      RenderBlock {SPAN} at (13,0) size 10x19
        RenderText {#text} at (0,0) size 10x19
          text run at (0,0) width 10: "b"
      RenderText {#text} at (7,0) size 6x19
        text run at (7,0) width 6 RTL: "("
    RenderBlock {DIV} at (0,2019) size 33x19
      RenderText {#text} at (23,0) size 10x19
        text run at (23,0) width 10: "a"
      RenderBlock {SPAN} at (13,0) size 10x19
        RenderText {#text} at (0,0) size 10x19
          text run at (0,0) width 10: "b"
      RenderText {#text} at (3,0) size 10x19
        text run at (3,0) width 10 RTL: "\x{5D1}"
    RenderBlock {DIV} at (0,2038) size 33x19
      RenderText {#text} at (4,0) size 10x19
        text run at (4,0) width 10: "a"
      RenderBlock {SPAN} at (14,0) size 10x19
        RenderText {#text} at (0,0) size 10x19
          text run at (0,0) width 10: "b"
      RenderText {#text} at (24,0) size 9x19
        text run at (24,0) width 9: "c"
