layer at (0,0) size 980x735
  RenderView at (0,0) size 980x735
layer at (0,0) size 980x735
  RenderBlock {HTML} at (0,0) size 980x735
    RenderBody {BODY} at (8,8) size 964x711
      RenderBlock {BLOCKQUOTE} at (40,0) size 884x126
        RenderBlock {CENTER} at (0,0) size 884x126
          RenderTable {TABLE} at (379,0) size 126x83 [border: (2px none #808080)]
            RenderTableSection {TBODY} at (2,2) size 121x78
              RenderTableRow {TR} at (0,0) size 121x26
                RenderTableCell {TD} at (0,0) size 38x26 [border: (3px groove #0000FF)] [r=0 c=0 rs=1 cs=1]
                  RenderText {#text} at (4,4) size 30x19
                    text run at (4,4) width 30: "EST"
                RenderTableCell {TD} at (38,0) size 83x26 [border: (3px groove #0000FF)] [r=0 c=1 rs=1 cs=1]
                  RenderText {#text} at (4,4) size 76x19
                    text run at (4,4) width 76: "9:00 a.m."
              RenderTableRow {TR} at (0,26) size 121x26
                RenderTableCell {TD} at (0,26) size 38x26 [border: (3px groove #0000FF)] [r=1 c=0 rs=1 cs=1]
                  RenderText {#text} at (4,4) size 31x19
                    text run at (4,4) width 31: "CST"
                RenderTableCell {TD} at (38,26) size 83x26 [border: (3px groove #0000FF)] [r=1 c=1 rs=1 cs=1]
                  RenderText {#text} at (4,4) size 76x19
                    text run at (4,4) width 76: "8:00 a.m."
              RenderTableRow {TR} at (0,52) size 121x26
                RenderTableCell {TD} at (0,52) size 38x26 [border: (3px groove #0000FF)] [r=2 c=0 rs=1 cs=1]
                  RenderText {#text} at (4,4) size 30x19
                    text run at (4,4) width 30: "PST"
                RenderTableCell {TD} at (38,52) size 83x26 [border: (3px groove #0000FF)] [r=2 c=1 rs=1 cs=1]
                  RenderText {#text} at (4,4) size 76x19
                    text run at (4,4) width 76: "6:00 a.m."
          RenderBlock {P} at (0,99) size 884x27
            RenderButton {INPUT} at (374,2) size 65x23 [bgcolor=#C0C0C0] [border: (2px outset #C0C0C0)]
              RenderBlock (anonymous) at (5,5) size 57x15
                RenderText at (0,0) size 57x15
                  text run at (0,0) width 57: "separate"
            RenderText {#text} at (441,4) size 5x19
              text run at (441,4) width 5: " "
            RenderButton {INPUT} at (448,2) size 62x23 [bgcolor=#C0C0C0] [border: (2px outset #C0C0C0)]
              RenderBlock (anonymous) at (5,5) size 54x15
                RenderText at (0,0) size 54x15
                  text run at (0,0) width 54: "collapse"
