layer at (0,0) size 800x600
  RenderView at (0,0) size 800x600
layer at (0,0) size 800x296
  RenderBlock {HTML} at (0,0) size 800x296
    RenderBody {BODY} at (8,12) size 784x254
      RenderBlock {P} at (0,0) size 784x0
      RenderBlock {P} at (0,0) size 784x14
        RenderText {#text} at (0,0) size 501x14
          text run at (0,0) width 501: "Top box should have gray part extending outside the black outline. Lower box should lie inside the outline"
      RenderBlock {DIV} at (30,44) size 400x210
layer at (38,56) size 250x100
  RenderBlock {DIV} at (0,0) size 250x100 [bgcolor=#008000] [border: (50px solid #808080) none]
    RenderText {#text} at (0,0) size 76x14
      text run at (0,0) width 76: "box-sizing: auto"
layer at (38,166) size 200x100
  RenderBlock {DIV} at (0,110) size 200x100 [bgcolor=#008000] [border: (50px solid #808080) none]
    RenderText {#text} at (0,0) size 109x14
      text run at (0,0) width 109: "box-sizing: border-box"
