layer at (0,0) size 800x600
  RenderView at (0,0) size 800x600
layer at (0,0) size 800x516
  RenderBlock {HTML} at (0,0) size 800x516
    RenderBody {BODY} at (8,12) size 784x474
      RenderBlock {P} at (0,0) size 784x14
        RenderText {#text} at (0,0) size 411x14
          text run at (0,0) width 411: "Tests that origin of rotation is the center of the border box, with and without box-sizing"
      RenderBlock {DIV} at (30,44) size 200x200 [bgcolor=#FF0000]
      RenderBlock {DIV} at (30,274) size 200x200 [bgcolor=#FF0000]
layer at (38,56) size 200x200
  RenderBlock {DIV} at (0,0) size 200x200 [bgcolor=#008000] [border: (100px solid #808080) none]
    RenderText {#text} at (0,0) size 76x14
      text run at (0,0) width 76: "box-sizing: auto"
layer at (38,286) size 200x200
  RenderBlock {DIV} at (0,0) size 200x200 [bgcolor=#008000] [border: (100px solid #808080) none]
    RenderText {#text} at (0,0) size 76x14
      text run at (0,0) width 76: "box-sizing: auto"
