layer at (0,0) size 980x735
  RenderView at (0,0) size 980x735
layer at (0,0) size 980x105
  RenderBlock {HTML} at (0,0) size 980x105
    RenderBody {BODY} at (8,16) size 964x73
      RenderBlock {UL} at (0,0) size 964x38
        RenderListItem {LI} at (40,0) size 924x19 [bgcolor=#00FF00]
          RenderListMarker at (-18,0) size 7x19: bullet
          RenderText {#text} at (0,0) size 386x19
            text run at (0,0) width 386: "The background of this list item should be green"
        RenderListItem {LI} at (40,19) size 924x19 [bgcolor=#00FF00]
          RenderListMarker at (-18,0) size 7x19: bullet
          RenderText {#text} at (0,0) size 485x19
            text run at (0,0) width 485: "The background of this second list item should be also green"
      RenderBlock {P} at (0,54) size 964x19 [bgcolor=#00FF00]
        RenderText {#text} at (0,0) size 412x19
          text run at (0,0) width 412: "The background of this paragraph should be green."
