layer at (0,0) size 980x735
  RenderView at (0,0) size 980x735
layer at (0,0) size 980x94
  RenderBlock {HTML} at (0,0) size 980x94
    RenderBody {BODY} at (8,16) size 964x62
      RenderBlock {DIV} at (0,0) size 964x62
        RenderBlock {P} at (0,0) size 964x19 [color=#00FF00]
          RenderInline {A} at (0,0) size 351x19 [color=#000000]
            RenderText {#text} at (0,0) size 351x19
              text run at (0,0) width 351: "This text should turn green while it is active."
          RenderText {#text} at (0,0) size 0x0
        RenderBlock {P} at (0,35) size 964x27 [color=#00FF00]
          RenderButton {BUTTON} at (2,2) size 298x23 [color=#000000] [bgcolor=#C0C0C0] [border: (2px outset #C0C0C0)]
            RenderBlock (anonymous) at (5,5) size 290x15
              RenderText {#text} at (0,0) size 290x15
                text run at (0,0) width 290: "This text should turn green while it is active."
          RenderText {#text} at (0,0) size 0x0
