layer at (0,0) size 980x735
  RenderView at (0,0) size 980x735
layer at (0,0) size 980x121
  RenderBlock {HTML} at (0,0) size 980x121
    RenderBody {BODY} at (8,16) size 964x89
      RenderBlock {P} at (0,0) size 964x19 [bgcolor=#00FF00]
        RenderText {#text} at (0,0) size 394x19
          text run at (0,0) width 394: "This paragraph should have a green background."
      RenderBlock {DIV} at (0,35) size 964x54
        RenderBlock (anonymous) at (0,0) size 964x19
          RenderText {#text} at (0,0) size 299x19
            text run at (0,0) width 299: "This div contains only one paragraph."
        RenderBlock {P} at (0,35) size 964x19
          RenderText {#text} at (0,0) size 280x19
            text run at (0,0) width 280: "This paragraph should be unstyled."
