layer at (0,0) size 980x735
  RenderView at (0,0) size 980x735
layer at (0,0) size 980x299
  RenderBlock {HTML} at (0,0) size 980x299
    RenderBody {BODY} at (8,16) size 964x267
      RenderBlock {DIV} at (0,0) size 964x267
        RenderBlock {P} at (0,0) size 964x38
          RenderText {#text} at (0,0) size 953x19
            text run at (0,0) width 953: "The background color of this paragraph should turn to green when the mouse pointer hovers over any of the following:"
          RenderBR {BR} at (953,0) size 0x19
          RenderInline {STRONG} at (0,0) size 86x19
            RenderText {#text} at (0,19) size 86x19
              text run at (0,19) width 86: "This text."
        RenderBlock {P} at (0,54) size 964x19
          RenderText {#text} at (0,0) size 73x19
            text run at (0,0) width 73: "This text."
        RenderTable {TABLE} at (0,89) size 125x105
          RenderTableSection {TBODY} at (0,0) size 125x105
            RenderTableRow {TR} at (0,2) size 125x78
              RenderTableCell {TD} at (2,2) size 121x78 [r=0 c=0 rs=1 cs=1]
                RenderTable {TABLE} at (1,1) size 119x76
                  RenderTableSection {TBODY} at (0,0) size 119x76
                    RenderTableRow {TR} at (0,2) size 119x72
                      RenderTableCell {TD} at (2,2) size 115x72 [r=0 c=0 rs=1 cs=1]
                        RenderBlock {DL} at (1,17) size 113x38
                          RenderBlock {DT} at (0,0) size 113x19
                            RenderText {#text} at (0,0) size 73x19
                              text run at (0,0) width 73: "This text."
                          RenderBlock {DD} at (40,19) size 73x19
                            RenderText {#text} at (0,0) size 73x19
                              text run at (0,0) width 73: "This text."
            RenderTableRow {TR} at (0,82) size 125x21
              RenderTableCell {TD} at (2,82) size 121x21 [r=1 c=0 rs=1 cs=1]
                RenderText {#text} at (1,1) size 73x19
                  text run at (1,1) width 73: "This text."
        RenderBlock {P} at (0,210) size 964x22
          RenderInline {SUB} at (0,0) size 61x15
            RenderText {#text} at (0,7) size 61x15
              text run at (0,7) width 61: "This text."
        RenderBlock {P} at (0,248) size 964x19
          RenderText {#text} at (0,0) size 746x19
            text run at (0,0) width 746: "...and anything else between the top of the first paragraph and the bottom of this paragraph."
