layer at (0,0) size 980x735
  RenderView at (0,0) size 980x735
layer at (0,0) size 980x51
  RenderBlock {HTML} at (0,0) size 980x51
    RenderBody {BODY} at (8,16) size 964x19
      RenderBlock {P} at (0,0) size 964x19
        RenderInline {A} at (0,0) size 322x19 [color=#0000EE] [bgcolor=#00FF00]
          RenderText {#text} at (0,0) size 322x19
            text run at (0,0) width 322: "This link should have green background."
        RenderText {#text} at (322,0) size 181x19
          text run at (322,0) width 181: " (Don't follow this link.)"
