layer at (0,0) size 980x735
  RenderView at (0,0) size 980x735
layer at (0,0) size 980x278
  RenderBlock {HTML} at (0,0) size 980x278
    RenderBody {BODY} at (8,16) size 964x246
      RenderBlock {P} at (0,0) size 964x246
        RenderInline (generated) at (0,0) size 20x38 [bgcolor=#00FF00]
          RenderText {#text} at (0,0) size 20x38
            text run at (0,0) width 20: "T"
        RenderText {#text} at (20,15) size 950x231
          text run at (20,15) width 649: "his very long paragraph should have a big first letter T with a green background. "
          text run at (669,15) width 281: "Dummy text. Dummy text. Dummy"
          text run at (0,37) width 908: "text. Dummy text. Dummy text. Dummy text. Dummy text. Dummy text. Dummy text. Dummy text. Dummy text."
          text run at (0,56) width 935: "Dummy text. Dummy text. Dummy text. Dummy text. Dummy text. Dummy text. Dummy text. Dummy text. Dummy"
          text run at (0,75) width 908: "text. Dummy text. Dummy text. Dummy text. Dummy text. Dummy text. Dummy text. Dummy text. Dummy text."
          text run at (0,94) width 935: "Dummy text. Dummy text. Dummy text. Dummy text. Dummy text. Dummy text. Dummy text. Dummy text. Dummy"
          text run at (0,113) width 908: "text. Dummy text. Dummy text. Dummy text. Dummy text. Dummy text. Dummy text. Dummy text. Dummy text."
          text run at (0,132) width 935: "Dummy text. Dummy text. Dummy text. Dummy text. Dummy text. Dummy text. Dummy text. Dummy text. Dummy"
          text run at (0,151) width 908: "text. Dummy text. Dummy text. Dummy text. Dummy text. Dummy text. Dummy text. Dummy text. Dummy text."
          text run at (0,170) width 935: "Dummy text. Dummy text. Dummy text. Dummy text. Dummy text. Dummy text. Dummy text. Dummy text. Dummy"
          text run at (0,189) width 908: "text. Dummy text. Dummy text. Dummy text. Dummy text. Dummy text. Dummy text. Dummy text. Dummy text."
          text run at (0,208) width 935: "Dummy text. Dummy text. Dummy text. Dummy text. Dummy text. Dummy text. Dummy text. Dummy text. Dummy"
          text run at (0,227) width 799: "text. Dummy text. Dummy text. Dummy text. Dummy text. Dummy text. Dummy text. Dummy text."
