layer at (0,0) size 980x735
  RenderView at (0,0) size 980x735
layer at (0,0) size 980x121
  RenderBlock {HTML} at (0,0) size 980x121
    RenderBody {BODY} at (8,16) size 964x89
      RenderBlock {DIV} at (0,0) size 964x89
        RenderBlock {P} at (0,0) size 964x19 [bgcolor=#008000]
          RenderText {#text} at (0,0) size 702x19
            text run at (0,0) width 497: "This paragraph should have a green background because the "
            text run at (497,0) width 205: "enclosing div is in english."
        RenderBlock {P} at (0,35) size 964x19 [bgcolor=#008000]
          RenderText {#text} at (0,0) size 578x19
            text run at (0,0) width 466: "This paragraph should have a green background because "
            text run at (466,0) width 112: "it is in english."
        RenderBlock {DIV} at (0,70) size 964x19 [bgcolor=#FF0000]
          RenderBlock {P} at (0,0) size 964x19 [bgcolor=#008000]
            RenderText {#text} at (0,0) size 578x19
              text run at (0,0) width 394: "This paragraph should have a green background "
              text run at (394,0) width 184: "because it is in english."
