layer at (0,0) size 980x735
  RenderView at (0,0) size 980x735
layer at (0,0) size 980x35
  RenderBlock {HTML} at (0,0) size 980x35
    RenderBody {BODY} at (8,8) size 964x19
      RenderBlock {ADDRESS} at (0,0) size 964x16 [bgcolor=#00FF00]
        RenderInline {SPAN} at (0,0) size 0x0
      RenderBlock {DIV} at (0,0) size 964x19
        RenderText {#text} at (0,0) size 338x19
          text run at (0,0) width 338: "This line should have a green background."
