layer at (0,0) size 980x735
  RenderView at (0,0) size 980x735
layer at (0,0) size 980x53
  RenderBlock {HTML} at (0,0) size 980x53
    RenderBody {BODY} at (8,16) size 964x21
      RenderBlock {P} at (0,0) size 964x21
        RenderBlock {INPUT} at (4,6) size 12x12 [bgcolor=#00FF00]
        RenderText {#text} at (20,0) size 5x19
          text run at (20,0) width 5: " "
        RenderInline {SPAN} at (0,0) size 494x19 [bgcolor=#00FF00]
          RenderText {#text} at (25,0) size 494x19
            text run at (25,0) width 494: "Everything in this paragraph should have a green background"
