layer at (0,0) size 980x735
  RenderView at (0,0) size 980x735
layer at (0,0) size 980x85
  RenderBlock {HTML} at (0,0) size 980x85
    RenderBody {BODY} at (8,16) size 964x53
      RenderBlock {P} at (0,0) size 964x53
        RenderButton {BUTTON} at (2,2) size 290x24 [bgcolor=#00FF00] [border: (2px outset #C0C0C0)]
          RenderBlock (anonymous) at (8,4) size 274x15
            RenderText {#text} at (0,0) size 274x15
              text run at (0,0) width 274: "A button (enabled) with green background"
        RenderText {#text} at (294,3) size 5x19
          text run at (294,3) width 5: " "
        RenderBR {BR} at (0,0) size 0x0
        RenderTextControl {INPUT} at (2,30) size 298x21 [bgcolor=#00FF00] [border: (2px inset #000000)]
        RenderText {#text} at (0,0) size 0x0
layer at (13,49) size 292x15
  RenderBlock {DIV} at (3,3) size 292x15
    RenderText {#text} at (0,0) size 290x15
      text run at (0,0) width 290: "a text area (enabled) with green background"
