layer at (0,0) size 980x735
  RenderView at (0,0) size 980x735
layer at (0,0) size 980x59
  RenderBlock {HTML} at (0,0) size 980x59
    RenderBody {BODY} at (8,16) size 964x27
      RenderBlock {P} at (0,0) size 964x27
        RenderButton {BUTTON} at (2,2) size 582x23 [bgcolor=#C0C0C0] [border: (2px outset #C0C0C0)]
          RenderBlock (anonymous) at (5,5) size 574x15
            RenderText {#text} at (0,0) size 574x15
              text run at (0,0) width 574: "Activating (e.g. holding the mouse button down on) this button should make it go green."
