layer at (0,0) size 980x735
  RenderView at (0,0) size 980x735
layer at (0,0) size 980x51
  RenderBlock {HTML} at (0,0) size 980x51
    RenderBody {BODY} at (8,16) size 964x19
      RenderBlock {P} at (0,0) size 964x19
        RenderText {#text} at (0,0) size 749x19
          text run at (0,0) width 749: "You should see after this paragraph the words GENERATED CONTENT over green background"
        RenderInline (generated) at (0,0) size 181x19 [bgcolor=#00FF00]
          RenderText at (749,0) size 181x19
            text run at (749,0) width 181: "GENERATED CONTENT"
