layer at (0,0) size 980x735
  RenderView at (0,0) size 980x735
layer at (0,0) size 980x140
  RenderBlock {HTML} at (0,0) size 980x140
    RenderBody {BODY} at (8,8) size 964x124
      RenderBlock {DIV} at (0,0) size 964x124
        RenderBlock {ADDRESS} at (16,0) size 948x19
          RenderText {#text} at (0,0) size 315x19
            text run at (0,0) width 315: "A first address with normal background"
        RenderBlock {ADDRESS} at (16,35) size 948x19
          RenderText {#text} at (0,0) size 341x19
            text run at (0,0) width 341: "A second address with normal background"
        RenderBlock {ADDRESS} at (16,70) size 948x19 [bgcolor=#00FF00]
          RenderText {#text} at (0,0) size 426x19
            text run at (0,0) width 426: "A third address that should have a green background"
        RenderBlock (anonymous) at (0,105) size 964x19
          RenderText {#text} at (0,0) size 403x19
            text run at (0,0) width 403: "This div contains 3 addresses above this sentence."
