layer at (0,0) size 980x735
  RenderView at (0,0) size 980x735
layer at (0,0) size 980x121
  RenderBlock {HTML} at (0,0) size 980x121
    RenderBody {BODY} at (8,16) size 964x89
      RenderBlock {DIV} at (0,0) size 964x89
        RenderBlock {P} at (0,0) size 964x19
          RenderText {#text} at (0,0) size 384x19
            text run at (0,0) width 384: "This paragraph should have normal background"
        RenderBlock {ADDRESS} at (0,35) size 964x19 [bgcolor=#00FF00]
          RenderText {#text} at (0,0) size 381x19
            text run at (0,0) width 381: "But this address should have green background"
        RenderBlock {P} at (0,70) size 964x19
          RenderText {#text} at (0,0) size 384x19
            text run at (0,0) width 384: "This paragraph should have normal background"
