layer at (0,0) size 800x600
  RenderView at (0,0) size 800x600
layer at (0,0) size 800x532
  RenderBlock {HTML} at (0,0) size 800x532
    RenderBody {BODY} at (8,12) size 784x512
      RenderBlock {P} at (0,0) size 784x14
        RenderText {#text} at (0,0) size 535x14
          text run at (0,0) width 535: "Test that setting currentTime is frame-accurate. The three videos below should be showing frames 12, 13, and 14."
      RenderBlock (anonymous) at (0,26) size 784x486
        RenderText {#text} at (320,229) size 3x14
          text run at (320,229) width 3: " "
        RenderText {#text} at (0,0) size 0x0
        RenderText {#text} at (0,0) size 0x0
layer at (8,38) size 320x240
  RenderVideo {VIDEO} at (0,0) size 320x240
layer at (331,38) size 320x240
  RenderVideo {VIDEO} at (323,0) size 320x240
layer at (8,281) size 320x240
  RenderVideo {VIDEO} at (0,243) size 320x240
