layer at (0,0) size 800x600
  RenderView at (0,0) size 800x600
layer at (0,0) size 800x600
  RenderBlock {HTML} at (0,0) size 800x600
    RenderBody {BODY} at (8,8) size 784x584
      RenderBlock {P} at (0,0) size 784x14
        RenderText {#text} at (0,0) size 468x14
          text run at (0,0) width 468: "Test video sizing. You should see one bigger image (paused video) and 7 small ones of 1/4 its size."
      RenderBlock (anonymous) at (0,26) size 784x480
        RenderBR {BR} at (320,240) size 0x0
        RenderBlock {DIV} at (160,240) size 320x120
          RenderText {#text} at (0,0) size 0x0
        RenderBlock {DIV} at (0,360) size 320x120
          RenderText {#text} at (0,0) size 0x0
        RenderText {#text} at (0,0) size 0x0
layer at (8,34) size 320x240
  RenderVideo {VIDEO} at (0,0) size 320x240
layer at (8,274) size 160x120
  RenderVideo {VIDEO} at (0,240) size 160x120
layer at (168,274) size 160x120
  RenderVideo {VIDEO} at (0,0) size 160x120
layer at (328,274) size 160x120
  RenderVideo {VIDEO} at (160,0) size 160x120
layer at (8,394) size 160x120
  RenderVideo {VIDEO} at (0,0) size 160x120
layer at (168,394) size 160x120
  RenderVideo {VIDEO} at (160,0) size 160x120
layer at (328,394) size 320x120
  RenderBlock (relative positioned) {DIV} at (320,360) size 320x120
layer at (328,394) size 160x120
  RenderVideo {VIDEO} at (0,0) size 160x120
layer at (488,394) size 160x120
  RenderVideo {VIDEO} at (160,0) size 160x120
