layer at (0,0) size 800x600
  RenderView at (0,0) size 800x600
layer at (0,0) size 800x600
  RenderBlock {HTML} at (0,0) size 800x600
    RenderBody {BODY} at (8,8) size 784x584
      RenderBlock {P} at (0,0) size 784x14
        RenderText {#text} at (0,0) size 269x14
          text run at (0,0) width 269: "Test dynamic removal of transformed and reflected video"
      RenderBlock (anonymous) at (0,26) size 784x332
        RenderText {#text} at (0,0) size 3x14
          text run at (0,0) width 3: " "
        RenderBR {BR} at (3,11) size 0x0
        RenderText {#text} at (0,159) size 3x14
          text run at (0,159) width 3: " "
        RenderBR {BR} at (209,170) size 0x0
        RenderText {#text} at (0,318) size 3x14
          text run at (0,318) width 3: " "
        RenderBR {BR} at (209,329) size 0x0
layer at (11,48) size 206x156
  RenderVideo {VIDEO} at (3,14) size 206x156 [border: (3px solid #FF0000)]
layer at (11,207) size 206x156
  RenderVideo {VIDEO} at (3,173) size 206x156 [border: (3px solid #FF0000)]
