layer at (0,0) size 800x822
  RenderView at (0,0) size 800x600
layer at (0,0) size 800x822
  RenderBlock {HTML} at (0,0) size 800x822
    RenderBody {BODY} at (8,8) size 784x806
      RenderBlock {P} at (0,0) size 784x14
        RenderText {#text} at (0,0) size 212x14
          text run at (0,0) width 212: "150% zoom, with width and height attributes"
      RenderBlock (anonymous) at (0,26) size 784x371
        RenderText {#text} at (0,357) size 3x14
          text run at (0,357) width 3: " "
        RenderBR {BR} at (491,368) size 0x0
      RenderBlock {P} at (0,409) size 784x14
        RenderText {#text} at (0,0) size 227x14
          text run at (0,0) width 227: "150% zoom, without width and height attributes"
      RenderBlock (anonymous) at (0,435) size 784x371
        RenderText {#text} at (0,357) size 3x14
          text run at (0,357) width 3: " "
        RenderBR {BR} at (491,368) size 0x0
layer at (11,34) size 488x368
  RenderVideo {VIDEO} at (3,0) size 488x368 [border: (4px solid #FF0000)]
layer at (11,443) size 488x368
  RenderVideo {VIDEO} at (3,0) size 488x368 [border: (4px solid #FF0000)]
