layer at (0,0) size 800x600
  RenderView at (0,0) size 800x600
layer at (0,0) size 800x0
  RenderBlock {html} at (0,0) size 800x0
layer at (0,0) size 800x15
  RenderBlock (positioned) {head} at (0,0) size 800x15 [bgcolor=#FFFF00]
layer at (0,0) size 800x15
  RenderBody {body} at (0,0) size 800x15 [color=#000080] [bgcolor=#FFFFFF]
    RenderBlock {p} at (0,0) size 800x14
      RenderText {#text} at (0,0) size 206x14
        text run at (0,0) width 206: "This line should have a yellow background."
