layer at (0,0) size 980x735
  RenderView at (0,0) size 980x735
layer at (0,0) size 980x735
  RenderBlock {HTML} at (0,0) size 980x735
    RenderBody {BODY} at (8,8) size 964x711
      RenderBlock {P} at (0,0) size 964x19
        RenderText {#text} at (0,0) size 836x19
          text run at (0,0) width 836: "This tests the xslt document() function. If this test is successful, there should be three paragraphs below."
      RenderBlock {P} at (0,35) size 964x19
        RenderText {#text} at (0,0) size 153x19
          text run at (0,0) width 153: "This is a paragraph"
      RenderBlock {P} at (0,70) size 964x19
        RenderText {#text} at (0,0) size 206x19
          text run at (0,0) width 206: "This is another paragraph"
      RenderBlock {P} at (0,105) size 964x19
        RenderText {#text} at (0,0) size 200x19
          text run at (0,0) width 200: "This is a third paragraph."
