layer at (0,0) size 980x735
  RenderView at (0,0) size 980x735
layer at (0,0) size 980x19
  RenderBlock {P} at (0,0) size 980x19
    RenderText {#text} at (0,0) size 172x19
      text run at (0,0) width 172: "Hello World, Success!"
