layer at (0,0) size 980x735
  RenderView at (0,0) size 980x735
layer at (0,0) size 980x255
  RenderBlock {html} at (0,0) size 980x255
    RenderBlock {parsererror} at (16,16) size 948x188 [bgcolor=#FFDDDD] [border: (2px solid #CC7777)]
      RenderBlock {h3} at (18,20) size 912x22
        RenderText {#text} at (0,0) size 435x22
          text run at (0,0) width 435: "This page contains the following errors:"
      RenderBlock {div} at (18,60) size 912x14
        RenderText {#text} at (0,0) size 433x14
          text run at (0,0) width 433: "error on line 1 at column 76: Extra content at the end of the document"
          text run at (433,0) width 0: " "
      RenderBlock {h3} at (18,92) size 912x22
        RenderText {#text} at (0,0) size 581x22
          text run at (0,0) width 581: "Below is a rendering of the page up to the first error."
      RenderBlock {p} at (18,132) size 912x38
        RenderText {#text} at (0,0) size 903x38
          text run at (0,0) width 903: "This document was created as the result of an XSL transformation. The line and column numbers given are from"
          text run at (0,19) width 186: "the transformed result."
    RenderBody {body} at (8,220) size 964x19
      RenderBlock {p} at (0,0) size 964x19
        RenderText {#text} at (0,0) size 289x19
          text run at (0,0) width 289: "You should see error text above this"
