layer at (0,0) size 980x735
  RenderView at (0,0) size 980x735
layer at (0,0) size 980x735
  RenderBlock {HTML} at (0,0) size 980x735
    RenderBody {BODY} at (8,8) size 964x711
      RenderBlock {P} at (0,0) size 964x19
        RenderText {#text} at (0,0) size 648x19
          text run at (0,0) width 648: "Here is an attempt to extract the string \"Hello, Webkit!\" from the file findme.xml:"
      RenderBlock {P} at (0,35) size 964x19
        RenderText {#text} at (0,0) size 472x19
          text run at (0,0) width 361: "using document('file:resources/findme.xml'): "
          text run at (361,0) width 111: "Hello, Webkit!"
      RenderBlock {P} at (0,70) size 964x19
        RenderText {#text} at (0,0) size 443x19
          text run at (0,0) width 332: "using document('resources/findme.xml'): "
          text run at (332,0) width 111: "Hello, Webkit!"
