CONSOLE MESSAGE: line 8: Namespace prefix foo on bar is not defined

layer at (0,0) size 980x735
  RenderView at (0,0) size 980x735
layer at (0,0) size 980x86
  RenderBlock {html} at (0,0) size 980x86
    RenderBody {body} at (8,16) size 964x54
      RenderBlock {p} at (0,0) size 964x19
        RenderText {#text} at (0,0) size 289x19
          text run at (0,0) width 289: "You should see error text above this"
      RenderBlock (anonymous) at (0,35) size 964x0
        RenderInline {bar} at (0,0) size 0x0
      RenderBlock {p} at (0,35) size 964x19
        RenderText {#text} at (0,0) size 431x19
          text run at (0,0) width 431: "ERROR? this, and nothing below it should be rendered"
