layer at (0,0) size 800x600
  RenderView at (0,0) size 800x600
layer at (0,0) size 800x150
  RenderBlock {HTML} at (0,0) size 800x150
    RenderBody {BODY} at (8,12) size 784x126
      RenderBlock {P} at (0,0) size 784x14
        RenderText {#text} at (0,0) size 144x14
          text run at (0,0) width 144: "There should be no red below."
      RenderBlock {DIV} at (0,26) size 784x100 [bgcolor=#FF0000]
        RenderBlock {P} at (0,0) size 784x100
          RenderImage {IMG} at (0,0) size 784x100
