layer at (0,0) size 800x600
  RenderView at (0,0) size 800x600
layer at (0,0) size 800x38
  RenderBlock {HTML} at (0,0) size 800x38
    RenderBody {BODY} at (8,12) size 784x14
      RenderBlock {P} at (0,0) size 784x14
        RenderText {#text} at (0,0) size 390x14
          text run at (0,0) width 390: "Should not see the applet below (it has display:none). Java must be on for this test."
