layer at (0,0) size 800x600
  RenderView at (0,0) size 800x600
layer at (0,0) size 800x600
  RenderBlock {HTML} at (0,0) size 800x600
    RenderBody {BODY} at (8,8) size 784x584
      RenderBlock {P} at (0,0) size 784x14
        RenderText {#text} at (0,0) size 40x14
          text run at (0,0) width 40: "Test for "
        RenderInline {A} at (0,0) size 257x14 [color=#0000EE]
          RenderText {#text} at (40,0) size 257x14
            text run at (40,0) width 257: "http://bugzilla.opendarwin.org/show_bug.cgi?id=7281"
      RenderBlock {P} at (0,26) size 784x14
        RenderText {#text} at (0,0) size 687x14
          text run at (0,0) width 687: "This tests rendering of an applet element with Java disabled. If Java is disabled and Safari shows the content in the applet tag, then the test passed."
      RenderBlock (anonymous) at (0,52) size 784x14
        RenderInline {APPLET} at (0,0) size 53x14
          RenderText {#text} at (0,0) size 53x14
            text run at (0,0) width 53: "SUCCESS"
        RenderText {#text} at (0,0) size 0x0
