layer at (0,0) size 800x600
  RenderView at (0,0) size 800x600
layer at (0,0) size 800x600
  RenderBlock {HTML} at (0,0) size 800x600
    RenderBody {BODY} at (8,8) size 784x584
      RenderBlock {P} at (0,0) size 784x14
        RenderText {#text} at (0,0) size 40x14
          text run at (0,0) width 40: "Test for "
        RenderInline {I} at (0,0) size 399x14
          RenderInline {A} at (0,0) size 220x14 [color=#0000EE]
            RenderText {#text} at (40,0) size 220x14
              text run at (40,0) width 220: "http://bugs.webkit.org/show_bug.cgi?id=9276"
          RenderText {#text} at (260,0) size 179x14
            text run at (260,0) width 3: " "
            text run at (263,0) width 176: "Quirksmode: Image swap resize bug"
        RenderText {#text} at (439,0) size 3x14
          text run at (439,0) width 3: "."
      RenderBlock {P} at (0,26) size 784x14
        RenderText {#text} at (0,0) size 215x14
          text run at (0,0) width 215: "This should be a blue 100\x{D7}100 pixels square."
      RenderBlock (anonymous) at (0,52) size 784x100
        RenderImage {IMG} at (0,0) size 100x100
        RenderText {#text} at (0,0) size 0x0
