layer at (0,0) size 800x600
  RenderView at (0,0) size 800x600
layer at (0,0) size 800x275
  RenderBlock {HTML} at (0,0) size 800x275
    RenderBody {BODY} at (8,12) size 784x251
      RenderBlock {P} at (0,0) size 784x14
        RenderText {#text} at (0,0) size 294x14
          text run at (0,0) width 294: "These images should all look the same, square not rectangular."
      RenderBlock {P} at (0,26) size 784x67
        RenderImage {IMG} at (0,0) size 64x64
      RenderBlock {P} at (0,105) size 784x67
        RenderImage {IMG} at (0,0) size 64x64
      RenderBlock {P} at (0,184) size 784x67
        RenderImage {IMG} at (0,0) size 64x64
