layer at (0,0) size 800x600
  RenderView at (0,0) size 800x600
layer at (0,0) size 800x175
  RenderBlock {HTML} at (0,0) size 800x175
    RenderBody {BODY} at (8,12) size 784x155
      RenderBlock {P} at (0,0) size 784x14
        RenderText {#text} at (0,0) size 40x14
          text run at (0,0) width 40: "Test for "
        RenderInline {I} at (0,0) size 616x14
          RenderInline {A} at (0,0) size 117x14 [color=#0000EE]
            RenderText {#text} at (40,0) size 117x14
              text run at (40,0) width 117: "rdar://problem/5862634"
          RenderText {#text} at (157,0) size 499x14
            text run at (157,0) width 3: " "
            text run at (160,0) width 496: "REGRESSION (3.1.1): In iChat, inline image not resizable past current size after another IM is received"
        RenderText {#text} at (656,0) size 3x14
          text run at (656,0) width 3: "."
      RenderBlock {P} at (0,26) size 784x14
        RenderText {#text} at (0,0) size 236x14
          text run at (0,0) width 236: "The blue square below should be 100\x{D7}100 pixels."
      RenderBlock {DIV} at (0,52) size 200x103
        RenderBlock {DIV} at (0,0) size 100x103
          RenderImage {IMG} at (0,0) size 100x100
          RenderText {#text} at (0,0) size 0x0
        RenderText {#text} at (0,0) size 0x0
