layer at (0,0) size 800x600
  RenderView at (0,0) size 800x600
layer at (0,0) size 800x600
  RenderBlock {HTML} at (0,0) size 800x600
    RenderBody {BODY} at (8,8) size 784x584
      RenderBlock {P} at (0,0) size 784x14
        RenderText {#text} at (0,0) size 347x14
          text run at (0,0) width 347: "In this test you should see two identical blue squares, each 50px by 50px."
      RenderBlock (anonymous) at (0,26) size 784x53
        RenderImage {IMG} at (0,0) size 50x50
        RenderText {#text} at (50,39) size 3x14
          text run at (50,39) width 3: " "
        RenderImage {IMG} at (53,0) size 50x50
        RenderText {#text} at (0,0) size 0x0
