layer at (0,0) size 800x600
  RenderView at (0,0) size 800x600
layer at (0,0) size 800x600
  RenderBlock {HTML} at (0,0) size 800x600
    RenderBody {BODY} at (8,8) size 784x584
      RenderBlock {P} at (0,0) size 784x14
        RenderText {#text} at (0,0) size 594x14
          text run at (0,0) width 343: "This tests for a crash when removing a widget whose height is specified "
          text run at (343,0) width 251: "as a percentage of a non-immediate ancestor\x{2019}s height."
      RenderBlock {DIV} at (0,26) size 100x50 [bgcolor=#0000FF]
        RenderBlock {DIV} at (0,0) size 100x0
        RenderBlock (anonymous) at (0,0) size 100x0
          RenderText {#text} at (0,0) size 0x0
