layer at (0,0) size 800x722
  RenderView at (0,0) size 800x600
layer at (0,0) size 800x722
  RenderBlock {HTML} at (0,0) size 800x722
    RenderBody {BODY} at (8,8) size 784x706
      RenderBlock {DIV} at (0,0) size 32x706 [border: (1px solid #FF0000)]
        RenderTextControl {INPUT} at (3,3) size 194x28 [color=#202020]
        RenderTextControl {INPUT} at (3,35) size 194x28 [color=#202020]
        RenderText {#text} at (0,0) size 0x0
        RenderImage {IMG} at (1,65) size 27x27 [border: (1px solid #000000)]
        RenderImage {IMG} at (1,92) size 27x27 [border: (1px solid #000000)]
        RenderText {#text} at (0,0) size 0x0
        RenderButton {INPUT} at (3,121) size 65x36 [color=#202020]
          RenderBlock (anonymous) at (15,8) size 35x18
            RenderText at (0,0) size 35x17
              text run at (0,0) width 35: "input"
        RenderButton {INPUT} at (3,161) size 65x36 [color=#202020]
          RenderBlock (anonymous) at (15,8) size 35x18
            RenderText at (0,0) size 35x17
              text run at (0,0) width 35: "input"
        RenderText {#text} at (0,0) size 0x0
        RenderButton {BUTTON} at (3,201) size 78x40 [bgcolor=#C0C0C0] [border: (2px outset #C0C0C0)]
          RenderBlock (anonymous) at (17,10) size 44x18
            RenderText {#text} at (0,0) size 44x17
              text run at (0,0) width 44: "button"
        RenderButton {BUTTON} at (3,245) size 78x40 [bgcolor=#C0C0C0] [border: (2px outset #C0C0C0)]
          RenderBlock (anonymous) at (17,10) size 44x18
            RenderText {#text} at (0,0) size 44x17
              text run at (0,0) width 44: "button"
        RenderText {#text} at (0,0) size 0x0
        RenderMenuList {SELECT} at (3,289) size 98x38 [color=#202020]
          RenderBlock (anonymous) at (15,10) size 42x18
            RenderText at (0,0) size 42x17
              text run at (0,0) width 42: "select"
        RenderMenuList {SELECT} at (3,331) size 98x38 [color=#202020]
          RenderBlock (anonymous) at (15,10) size 42x18
            RenderText at (0,0) size 42x17
              text run at (0,0) width 42: "select"
        RenderText {#text} at (0,0) size 0x0
        RenderListBox {SELECT} at (3,373) size 48x73 [bgcolor=#FFFFFF] [border: (1px inset #808080)]
        RenderListBox {SELECT} at (3,450) size 48x73 [bgcolor=#FFFFFF] [border: (1px inset #808080)]
        RenderText {#text} at (0,0) size 0x0
        RenderBlock {INPUT} at (5,528) size 12x12
        RenderBlock {INPUT} at (5,546) size 12x12
        RenderText {#text} at (0,0) size 0x0
        RenderBlock {INPUT} at (5,564) size 12x12
        RenderBlock {INPUT} at (5,582) size 12x12
        RenderText {#text} at (0,0) size 0x0
        RenderPartObject {IFRAME} at (1,597) size 27x27 [border: (1px solid #000000)]
          layer at (0,0) size 25x25
            RenderView at (0,0) size 25x25
          layer at (0,0) size 25x25
            RenderBlock {HTML} at (0,0) size 25x25
              RenderBody {BODY} at (8,8) size 9x9
        RenderPartObject {IFRAME} at (1,624) size 27x27 [border: (1px solid #000000)]
          layer at (0,0) size 25x25
            RenderView at (0,0) size 25x25
          layer at (0,0) size 25x25
            RenderBlock {HTML} at (0,0) size 25x25
              RenderBody {BODY} at (8,8) size 9x9
        RenderText {#text} at (0,0) size 0x0
        RenderEmbeddedObject {EMBED} at (1,651) size 27x27 [border: (1px solid #000000)]
        RenderEmbeddedObject {EMBED} at (1,678) size 27x27 [border: (1px solid #000000)]
        RenderText {#text} at (0,0) size 0x0
layer at (15,17) size 187x18
  RenderBlock {DIV} at (4,6) size 187x18
layer at (15,49) size 187x18
  RenderBlock {DIV} at (4,6) size 187x18
