layer at (0,0) size 800x600
  RenderView at (0,0) size 800x600
layer at (0,0) size 800x600
  RenderBlock {HTML} at (0,0) size 800x600
    RenderBody {BODY} at (8,8) size 784x584
      RenderBlock (anonymous) at (0,0) size 784x14
        RenderText {#text} at (0,0) size 188x14
          text run at (0,0) width 188: "The textareas below should not overlap."
      RenderTable {TABLE} at (0,14) size 784x54
        RenderTableSection {TBODY} at (0,0) size 784x54
          RenderTableRow {TR} at (0,1) size 784x52
            RenderTableCell {TD} at (1,1) size 189x52 [r=0 c=0 rs=1 cs=1]
            RenderTableCell {TD} at (191,1) size 9x52 [r=0 c=1 rs=1 cs=1]
            RenderTableCell {TD} at (201,1) size 9x52 [r=0 c=2 rs=1 cs=1]
            RenderTableCell {TD} at (211,19) size 572x16 [r=0 c=3 rs=1 cs=1]
              RenderText {#text} at (1,1) size 3x14
                text run at (1,1) width 3: " "
      RenderBlock (anonymous) at (0,68) size 784x28
        RenderBR {BR} at (0,0) size 0x14
        RenderBR {BR} at (0,14) size 0x14
      RenderTable {TABLE} at (0,96) size 784x54
        RenderTableSection {TBODY} at (0,0) size 784x54
          RenderTableRow {TR} at (0,1) size 784x52
            RenderTableCell {TD} at (1,1) size 279x52 [r=0 c=0 rs=1 cs=1]
            RenderTableCell {TD} at (281,1) size 9x52 [r=0 c=1 rs=1 cs=1]
            RenderTableCell {TD} at (291,1) size 9x52 [r=0 c=2 rs=1 cs=1]
            RenderTableCell {TD} at (301,19) size 482x16 [r=0 c=3 rs=1 cs=1]
              RenderText {#text} at (1,1) size 3x14
                text run at (1,1) width 3: " "
layer at (10,26) size 187x46
  RenderTextControl {TEXTAREA} at (1,3) size 187x46 [color=#202020]
    RenderBlock {DIV} at (4,6) size 180x18
      RenderText {#text} at (0,0) size 27x17
        text run at (0,0) width 27: "one"
layer at (200,26) size 7x46 scrollWidth 16 scrollHeight 64
  RenderTextControl {TEXTAREA} at (1,3) size 7x46 [color=#202020]
    RenderBlock {DIV} at (4,6) size 0x54
      RenderText {#text} at (0,0) size 12x53
        text run at (0,0) width 4: "t"
        text run at (0,18) width 12: "w"
        text run at (0,36) width 9: "o"
layer at (210,26) size 7x46 scrollWidth 13 scrollHeight 100
  RenderTextControl {TEXTAREA} at (1,3) size 7x46 [color=#202020]
    RenderBlock {DIV} at (4,6) size 0x90
      RenderText {#text} at (0,0) size 9x89
        text run at (0,0) width 4: "t"
        text run at (0,18) width 9: "h"
        text run at (0,36) width 5: "r"
        text run at (0,54) width 9: "e"
        text run at (0,72) width 9: "e"
layer at (10,108) size 277x46
  RenderTextControl {TEXTAREA} at (1,3) size 277x46 [color=#202020]
    RenderBlock {DIV} at (4,6) size 270x18
      RenderText {#text} at (0,0) size 96x17
        text run at (0,0) width 96: "one two three"
layer at (290,108) size 7x46 scrollWidth 16 scrollHeight 64
  RenderTextControl {TEXTAREA} at (1,3) size 7x46 [color=#202020]
    RenderBlock {DIV} at (4,6) size 0x54
      RenderText {#text} at (0,0) size 12x53
        text run at (0,0) width 4: "t"
        text run at (0,18) width 12: "w"
        text run at (0,36) width 9: "o"
layer at (300,108) size 7x46 scrollWidth 13 scrollHeight 100
  RenderTextControl {TEXTAREA} at (1,3) size 7x46 [color=#202020]
    RenderBlock {DIV} at (4,6) size 0x90
      RenderText {#text} at (0,0) size 9x89
        text run at (0,0) width 4: "t"
        text run at (0,18) width 9: "h"
        text run at (0,36) width 5: "r"
        text run at (0,54) width 9: "e"
        text run at (0,72) width 9: "e"
