layer at (0,0) size 800x616
  RenderView at (0,0) size 800x600
layer at (0,0) size 800x616
  RenderBlock {HTML} at (0,0) size 800x616
    RenderBody {BODY} at (8,8) size 784x600
      RenderBlock (anonymous) at (0,0) size 784x14
        RenderText {#text} at (0,0) size 749x14
          text run at (0,0) width 538: "The following elements behave differently in different browsers. Our current behavior will cause them to overlap, "
          text run at (538,0) width 211: "but we may need to change this in the future."
      RenderTable {TABLE} at (0,14) size 784x279
        RenderTableSection {TBODY} at (0,0) size 784x279
          RenderTableRow {TR} at (0,1) size 784x277
            RenderTableCell {TD} at (1,1) size 216x277 [r=0 c=0 rs=1 cs=1]
              RenderImage {IMG} at (1,1) size 214x275
            RenderTableCell {TD} at (218,1) size 2x277 [r=0 c=1 rs=1 cs=1]
              RenderImage {IMG} at (1,1) size 214x275
            RenderTableCell {TD} at (221,1) size 2x277 [r=0 c=2 rs=1 cs=1]
              RenderImage {IMG} at (1,1) size 214x275
            RenderTableCell {TD} at (224,131) size 559x16 [r=0 c=3 rs=1 cs=1]
              RenderText {#text} at (1,1) size 3x14
                text run at (1,1) width 3: " "
      RenderBlock (anonymous) at (0,293) size 784x28
        RenderBR {BR} at (0,0) size 0x14
        RenderBR {BR} at (0,14) size 0x14
      RenderTable {TABLE} at (0,321) size 784x279
        RenderTableSection {TBODY} at (0,0) size 784x279
          RenderTableRow {TR} at (0,1) size 784x277
            RenderTableCell {TD} at (1,1) size 216x277 [r=0 c=0 rs=1 cs=1]
              RenderImage {IMG} at (1,1) size 214x275
            RenderTableCell {TD} at (218,1) size 2x277 [r=0 c=1 rs=1 cs=1]
              RenderImage {IMG} at (1,1) size 214x275
            RenderTableCell {TD} at (221,1) size 2x277 [r=0 c=2 rs=1 cs=1]
              RenderImage {IMG} at (1,1) size 214x275
            RenderTableCell {TD} at (224,131) size 559x16 [r=0 c=3 rs=1 cs=1]
              RenderText {#text} at (1,1) size 3x14
                text run at (1,1) width 3: " "
