layer at (0,0) size 980x735
  RenderView at (0,0) size 980x735
layer at (0,0) size 980x35
  RenderBlock {HTML} at (0,0) size 980x35
    RenderBody {BODY} at (8,8) size 964x19
      RenderBlock {ADDRESS} at (0,0) size 964x19 [bgcolor=#00FF00]
        RenderInline {SPAN} at (0,0) size 162x19
          RenderText {#text} at (0,0) size 162x19
            text run at (0,0) width 162: "This address should "
        RenderText {#text} at (0,0) size 0x0
        RenderInline {SPAN} at (0,0) size 716x19
          RenderText {#text} at (162,0) size 716x19
            text run at (162,0) width 314: "have a green background because the "
            text run at (476,0) width 402: "selector in last rule does not apply to inner SPANs."
        RenderText {#text} at (0,0) size 0x0
