layer at (0,0) size 980x735
  RenderView at (0,0) size 980x735
layer at (0,0) size 980x127
  RenderBlock {HTML} at (0,0) size 980x127
    RenderBody {BODY} at (8,16) size 964x95
      RenderBlock {P} at (0,0) size 964x95
        RenderText {#text} at (0,0) size 947x95
          text run at (0,0) width 321: "This very long paragraph should have a "
          text run at (321,0) width 616: "first line with green background. This very long paragraph should have a first"
          text run at (0,19) width 228: "line with green background. "
          text run at (228,19) width 390: "This very long paragraph should have a first line "
          text run at (618,19) width 306: "with green background. This very long"
          text run at (0,38) width 312: "paragraph should have a first line with "
          text run at (312,38) width 632: "green background. This very long paragraph should have a first line with green"
          text run at (0,57) width 690: "background. This very long paragraph should have a first line with green background. "
          text run at (690,57) width 257: "This very long paragraph should"
          text run at (0,76) width 318: "have a first line with green background."
