layer at (0,0) size 980x735
  RenderView at (0,0) size 980x735
layer at (0,0) size 980x70
  RenderBlock {HTML} at (0,0) size 980x70
    RenderBody {BODY} at (8,16) size 964x38
      RenderBlock {P} at (0,0) size 964x38
        RenderText {#text} at (0,0) size 955x38
          text run at (0,0) width 955: "Any textual selection in this long paragraph should have green background. Any textual selection in this long paragraph"
          text run at (0,19) width 862: "should have green background. Any textual selection in this long paragraph should have green background."
