layer at (0,0) size 980x735
  RenderView at (0,0) size 980x735
layer at (0,0) size 980x138
  RenderBlock {HTML} at (0,0) size 980x138
    RenderBody {BODY} at (8,8) size 964x114
      RenderBlock {DIV} at (0,0) size 964x79
        RenderTable {TABLE} at (379,0) size 205x79 [border: (1px outset #808080)]
          RenderTableSection {TBODY} at (1,1) size 203x77
            RenderTableRow {TR} at (0,2) size 203x23
              RenderTableCell {TD} at (2,2) size 83x23 [bgcolor=#00FF00] [border: (1px solid #000000)] [r=0 c=0 rs=1 cs=1]
                RenderText {#text} at (2,2) size 79x19
                  text run at (2,2) width 79: "green cell"
              RenderTableCell {TD} at (87,2) size 83x23 [bgcolor=#00FF00] [border: (1px solid #000000)] [r=0 c=1 rs=1 cs=1]
                RenderText {#text} at (2,2) size 79x19
                  text run at (2,2) width 79: "green cell"
              RenderTableCell {TD} at (172,2) size 29x23 [border: (1px solid #000000)] [r=0 c=2 rs=1 cs=1]
                RenderText {#text} at (2,2) size 25x19
                  text run at (2,2) width 25: "1.3"
            RenderTableRow {TR} at (0,27) size 203x23
              RenderTableCell {TD} at (2,27) size 83x23 [bgcolor=#00FF00] [border: (1px solid #000000)] [r=1 c=0 rs=1 cs=1]
                RenderText {#text} at (2,2) size 79x19
                  text run at (2,2) width 79: "green cell"
              RenderTableCell {TD} at (87,27) size 83x23 [bgcolor=#00FF00] [border: (1px solid #000000)] [r=1 c=1 rs=1 cs=1]
                RenderText {#text} at (2,2) size 79x19
                  text run at (2,2) width 79: "green cell"
              RenderTableCell {TD} at (172,27) size 29x23 [border: (1px solid #000000)] [r=1 c=2 rs=1 cs=1]
                RenderText {#text} at (2,2) size 25x19
                  text run at (2,2) width 25: "2.3"
            RenderTableRow {TR} at (0,52) size 203x23
              RenderTableCell {TD} at (2,52) size 83x23 [bgcolor=#00FF00] [border: (1px solid #000000)] [r=2 c=0 rs=1 cs=1]
                RenderText {#text} at (2,2) size 79x19
                  text run at (2,2) width 79: "green cell"
              RenderTableCell {TD} at (87,52) size 83x23 [bgcolor=#00FF00] [border: (1px solid #000000)] [r=2 c=1 rs=1 cs=1]
                RenderText {#text} at (2,2) size 79x19
                  text run at (2,2) width 79: "green cell"
              RenderTableCell {TD} at (172,52) size 29x23 [border: (1px solid #000000)] [r=2 c=2 rs=1 cs=1]
                RenderText {#text} at (2,2) size 25x19
                  text run at (2,2) width 25: "3.3"
      RenderBlock {P} at (0,95) size 964x19
        RenderText {#text} at (0,0) size 37x19
          text run at (0,0) width 37: "This "
        RenderInline {SPAN} at (0,0) size 141x19
          RenderText {#text} at (37,0) size 141x19
            text run at (37,0) width 141: "paragraph should"
        RenderText {#text} at (178,0) size 102x19
          text run at (178,0) width 102: " be unstyled."
