layer at (0,0) size 980x735
  RenderView at (0,0) size 980x735
layer at (0,0) size 980x86
  RenderBlock {HTML} at (0,0) size 980x86
    RenderBody {BODY} at (8,16) size 964x54
      RenderBlock {P} at (0,0) size 964x19
        RenderText {#text} at (0,0) size 105x19
          text run at (0,0) width 105: "This test has "
        RenderInline {SPAN} at (0,0) size 63x19
          RenderInline (generated) at (0,0) size 63x19 [bgcolor=#00FF00]
            RenderText at (105,0) size 63x19
              text run at (105,0) width 63: "PASSED"
        RenderText {#text} at (168,0) size 5x19
          text run at (168,0) width 5: "."
      RenderBlock {P} at (0,35) size 964x19
        RenderText {#text} at (0,0) size 568x19
          text run at (0,0) width 568: "(If the previous line just reads \"This test has .\" then this test has failed.)"
