layer at (0,0) size 980x735
  RenderView at (0,0) size 980x735
layer at (0,0) size 980x86
  RenderBlock {html} at (0,0) size 980x86
    RenderBlock {div} at (0,16) size 980x54
      RenderBlock {p} at (0,0) size 980x19 [bgcolor=#008000]
        RenderText {#text} at (0,0) size 338x19
          text run at (0,0) width 338: "This line should have a green background."
      RenderBlock {p} at (0,35) size 980x19 [bgcolor=#0000FF]
        RenderText {#text} at (0,0) size 378x19
          text run at (0,0) width 378: "This line should NOT have a green background."
