layer at (0,0) size 980x735
  RenderView at (0,0) size 980x735
layer at (0,0) size 980x735
  RenderBlock {HTML} at (0,0) size 980x735
    RenderBody {BODY} at (8,8) size 964x711
      RenderBlock {DIV} at (0,0) size 964x54
        RenderBlock {P} at (0,0) size 964x19 [bgcolor=#008000]
          RenderText {#text} at (0,0) size 338x19
            text run at (0,0) width 338: "This line should have a green background."
        RenderBlock {P} at (0,35) size 964x19 [bgcolor=#0000FF]
          RenderText {#text} at (0,0) size 378x19
            text run at (0,0) width 378: "This line should NOT have a green background."
