layer at (0,0) size 800x600
  RenderView at (0,0) size 800x600
layer at (0,0) size 800x600
  RenderBlock {HTML} at (0,0) size 800x600
    RenderBody {BODY} at (8,8) size 784x580
      RenderBlock {P} at (0,0) size 784x45 [border: (2px solid #0000FF)]
        RenderInline (generated) at (0,0) size 32x40 [color=#800000]
          RenderText {#text} at (2,2) size 32x40
            text run at (2,2) width 32: "M"
        RenderText {#text} at (34,23) size 134x14
          text run at (34,23) width 134: "aroon on the first letter only."
