layer at (0,0) size 980x735
  RenderView at (0,0) size 980x735
layer at (0,0) size 980x735
  RenderBlock {HTML} at (0,0) size 980x735
    RenderBody {BODY} at (8,8) size 964x711
      RenderBlock {P} at (0,0) size 964x19 [color=#008000]
        RenderText {#text} at (0,0) size 474x19
          text run at (0,0) width 474: "This text should be green if viewing device is bitmap device"
