layer at (0,0) size 980x735
  RenderView at (0,0) size 980x735
layer at (0,0) size 980x735
  RenderBlock {HTML} at (0,0) size 980x735
    RenderBody {BODY} at (8,8) size 964x711
      RenderBlock {P} at (0,0) size 964x19
        RenderText {#text} at (0,0) size 305x19
          text run at (0,0) width 305: "The text below should read \"Success.\""
      RenderBlock {P} at (0,35) size 964x19 [color=#008000]
        RenderText {#text} at (0,0) size 69x19
          text run at (0,0) width 69: "Success."
      RenderBlock {P} at (0,70) size 964x19
        RenderText {#text} at (0,0) size 579x19
          text run at (0,0) width 579: "Following exception was caught: Error: NotFoundError: DOM Exception 8"
