layer at (0,0) size 980x735
  RenderView at (0,0) size 980x735
layer at (0,0) size 980x735
  RenderBlock {HTML} at (0,0) size 980x735
    RenderBody {BODY} at (8,8) size 964x711
      RenderBlock {P} at (0,0) size 964x19
        RenderText {#text} at (0,0) size 774x19
          text run at (0,0) width 774: "The text below should be green and contain \"braille, media, screen and (color) and (grid: 0), tty\"."
      RenderBlock {P} at (0,35) size 964x19 [color=#008000]
        RenderText {#text} at (0,0) size 399x19
          text run at (0,0) width 399: "braille, media, screen and (color) and (grid: 0), tty"
