layer at (0,0) size 980x735
  RenderView at (0,0) size 980x735
layer at (0,0) size 980x735
  RenderBlock {HTML} at (0,0) size 980x735
    RenderBody {BODY} at (8,8) size 964x711
      RenderBlock {P} at (0,0) size 964x19
        RenderText {#text} at (0,0) size 409x19
          text run at (0,0) width 409: "This text should be green if the viewport is portrait."
      RenderBlock {P} at (0,35) size 964x19 [color=#008000]
        RenderText {#text} at (0,0) size 430x19
          text run at (0,0) width 430: "This text should be green if the viewport is landscape."
      RenderBlock {P} at (0,70) size 964x19
        RenderText {#text} at (0,0) size 597x19
          text run at (0,0) width 597: "Obviously, at least one should be green, but never both. Square is portrait."
