layer at (0,0) size 980x735
  RenderView at (0,0) size 980x735
layer at (0,0) size 980x735
  RenderBlock {HTML} at (0,0) size 980x735
    RenderBody {BODY} at (8,8) size 964x711
      RenderBlock {P} at (0,0) size 964x38 [color=#FF0000]
        RenderText {#text} at (0,0) size 955x38
          text run at (0,0) width 955: "This text should be green if the resolution scaling factor is 1.0, purple if the scaling factor is 1.5, red if the scaling factor"
          text run at (0,19) width 217: "is 2.0, and black otherwise."
