layer at (0,0) size 980x735
  RenderView at (0,0) size 980x735
layer at (0,0) size 980x735
  RenderBlock {HTML} at (0,0) size 980x735
    RenderBody {BODY} at (8,8) size 964x711
      RenderBlock {P} at (0,0) size 964x19 [color=#008000]
        RenderText {#text} at (0,0) size 407x19
          text run at (0,0) width 407: "This text should be green if height is at least 30ex ."
      RenderBlock (floating) {DIV} at (0,35) size 143x270 [bgcolor=#ADD8E6]
        RenderText {#text} at (0,0) size 143x19
          text run at (0,0) width 143: "div of height 30ex"
      RenderBlock (floating) {DIV} at (143,35) size 153x600 [bgcolor=#ADD8E6]
        RenderText {#text} at (0,0) size 153x19
          text run at (0,0) width 153: "div of height 600px"
