layer at (0,0) size 980x735
  RenderView at (0,0) size 980x735
layer at (0,0) size 980x735
  RenderBlock {HTML} at (0,0) size 980x735
    RenderBody {BODY} at (8,8) size 964x711
      RenderBlock {P} at (0,0) size 964x38 [color=#008000]
        RenderText {#text} at (0,0) size 909x38
          text run at (0,0) width 909: "This text should be green. It tests if 3d transforms are available while 2d transforms are not. This should never be"
          text run at (0,19) width 69: "possible."
