layer at (0,0) size 980x735
  RenderView at (0,0) size 980x735
layer at (0,0) size 980x735
  RenderBlock {HTML} at (0,0) size 980x735
    RenderBody {BODY} at (8,8) size 964x711
      RenderBlock {P} at (0,0) size 964x38 [color=#008000]
        RenderText {#text} at (0,0) size 911x38
          text run at (0,0) width 911: "This text should be green. If running in a build of WebKit with 3d transforms, it will appear red (and this should not"
          text run at (0,19) width 271: "happen while 3d is not supported)"
