layer at (0,0) size 980x735
  RenderView at (0,0) size 980x735
layer at (0,0) size 980x735
  RenderBlock {HTML} at (0,0) size 980x735
    RenderBody {BODY} at (8,8) size 964x711
      RenderBlock {P} at (0,0) size 964x19 [color=#008000]
        RenderText {#text} at (0,0) size 785x19
          text run at (0,0) width 785: "This text should be green if running in a build of WebKit with support for 2d but not 3d transforms."
