layer at (0,0) size 980x735
  RenderView at (0,0) size 980x735
layer at (0,0) size 980x735
  RenderBlock {HTML} at (0,0) size 980x735
    RenderBody {BODY} at (8,8) size 964x719
      RenderBlock {P} at (0,0) size 964x19
        RenderText {#text} at (0,0) size 475x19
          text run at (0,0) width 475: "This text should be green if viewport is at most 800px wide."
      RenderBlock {DIV} at (0,35) size 800x19 [bgcolor=#ADD8E6]
        RenderText {#text} at (0,0) size 146x19
          text run at (0,0) width 146: "div of width 800px"
