layer at (0,0) size 980x735
  RenderView at (0,0) size 980x735
layer at (0,0) size 980x270
  RenderBlock {HTML} at (0,0) size 980x270
    RenderBody {BODY} at (8,8) size 964x254
      RenderBlock (anonymous) at (0,0) size 964x216
        RenderInline {MAP} at (0,0) size 0x0
          RenderText {#text} at (0,0) size 0x0
          RenderText {#text} at (0,0) size 0x0
        RenderText {#text} at (0,0) size 0x0
        RenderImage {IMG} at (0,0) size 104x104 [border: (2px solid #000000)]
        RenderText {#text} at (104,89) size 5x19
          text run at (104,89) width 5: " "
        RenderBR {BR} at (0,0) size 0x0
        RenderInline {MAP} at (0,0) size 0x0
          RenderText {#text} at (0,0) size 0x0
          RenderText {#text} at (0,0) size 0x0
        RenderText {#text} at (0,0) size 0x0
        RenderImage {IMG} at (0,108) size 104x104 [border: (2px solid #000000)]
        RenderText {#text} at (0,0) size 0x0
      RenderBlock {DIV} at (0,216) size 964x19
        RenderText {#text} at (0,0) size 62x19
          text run at (0,0) width 62: "success"
      RenderBlock {DIV} at (0,235) size 964x19
        RenderText {#text} at (0,0) size 62x19
          text run at (0,0) width 62: "success"
