layer at (0,0) size 980x735
  RenderView at (0,0) size 980x735
layer at (0,0) size 980x735
  RenderBlock {HTML} at (0,0) size 980x735
    RenderBody {BODY} at (8,8) size 964x719
      RenderBlock {P} at (0,0) size 964x38
        RenderText {#text} at (0,0) size 931x38
          text run at (0,0) width 931: "Assuming the port-specific theme draws focus rings, this test can be used to ensure that a focus ring is drawn for an"
          text run at (0,19) width 883: "<area>. This test PASSED if a green-colored focus ring is drawn around the <area> in the imagemap (below)."
      RenderBlock (anonymous) at (0,54) size 964x128
        RenderInline {MAP} at (0,0) size 0x0
          RenderText {#text} at (0,0) size 0x0
          RenderText {#text} at (0,0) size 0x0
        RenderText {#text} at (0,0) size 0x0
        RenderImage {IMG} at (0,0) size 128x128
        RenderText {#text} at (0,0) size 0x0
