layer at (0,0) size 980x735
  RenderView at (0,0) size 980x735
layer at (0,0) size 980x735
  RenderBlock {HTML} at (0,0) size 980x735
    RenderBody {BODY} at (8,8) size 964x711
      RenderBlock (anonymous) at (0,0) size 964x19
        RenderText {#text} at (0,0) size 851x19
          text run at (0,0) width 450: "This test that we correctly orient landscape pdf images. "
          text run at (450,0) width 401: "The green rectangle should be wider than it is tall."
      RenderBlock {P} at (0,35) size 964x20
        RenderImage {IMG} at (0,0) size 20x20
        RenderText {#text} at (0,0) size 0x0
