layer at (0,0) size 800x600
  RenderView at (0,0) size 800x600
layer at (0,0) size 800x131
  RenderBlock {HTML} at (0,0) size 800x131
    RenderBody {BODY} at (8,10) size 784x113
      RenderBlock {PRE} at (0,0) size 784x33
        RenderText {#text} at (0,0) size 126x33
          text run at (0,0) width 90: "table width=50%"
          text run at (90,0) width 0: " "
          text run at (0,11) width 72: "  td nowrap "
          text run at (72,11) width 0: " "
          text run at (0,22) width 126: "    input width=100% "
          text run at (126,22) width 0: " "
      RenderTable {TABLE} at (0,43) size 392x56 [bgcolor=#C0C0C0] [border: (1px outset #808080)]
        RenderTableSection {TBODY} at (1,1) size 390x54
          RenderTableRow {TR} at (0,2) size 390x50
            RenderTableCell {TD} at (2,2) size 386x50 [bgcolor=#AABBFF] [border: (1px inset #808080)] [r=0 c=0 rs=1 cs=1]
              RenderTextControl {INPUT} at (9,11) size 375x28 [color=#202020]
              RenderText {#text} at (0,0) size 0x0
      RenderBlock (anonymous) at (0,99) size 784x14
        RenderBR {BR} at (0,0) size 0x14
layer at (24,73) size 368x18
  RenderBlock {DIV} at (4,6) size 368x18
