layer at (0,0) size 800x600
  RenderView at (0,0) size 800x600
layer at (0,0) size 800x600
  RenderBlock {HTML} at (0,0) size 800x600
    RenderBody {BODY} at (8,8) size 784x584
      RenderBlock (anonymous) at (0,0) size 784x14
        RenderText {#text} at (0,0) size 168x14
          text run at (0,0) width 168: "the lower left cell should be colored"
      RenderTable {TABLE} at (0,14) size 27x44 [border: (1px outset #808080)]
        RenderTableSection {TBODY} at (1,1) size 25x42
          RenderTableRow {TR} at (0,2) size 25x18
            RenderTableCell {TD} at (2,2) size 9x18 [bgcolor=#FFFF00] [border: (1px inset #808080)] [r=0 c=0 rs=1 cs=1]
              RenderText {#text} at (2,2) size 5x14
                text run at (2,2) width 5: "a"
            RenderTableCell {TD} at (13,2) size 10x18 [bgcolor=#00FFFF] [border: (1px inset #808080)] [r=0 c=1 rs=1 cs=1]
              RenderText {#text} at (2,2) size 6x14
                text run at (2,2) width 6: "b"
          RenderTableRow {TR} at (0,22) size 25x18
            RenderTableCell {TD} at (2,22) size 9x18 [bgcolor=#FF00FF] [border: (1px inset #808080)] [r=1 c=0 rs=1 cs=1]
              RenderBR {BR} at (2,2) size 0x14
            RenderTableCell {TD} at (13,22) size 10x18 [bgcolor=#088880] [border: (1px inset #808080)] [r=1 c=1 rs=1 cs=1]
              RenderText {#text} at (2,2) size 5x14
                text run at (2,2) width 5: "c"
