layer at (0,0) size 800x600
  RenderView at (0,0) size 800x600
layer at (0,0) size 800x600
  RenderBlock {HTML} at (0,0) size 800x600
    RenderBody {BODY} at (8,8) size 784x584
      RenderBlock {H3} at (0,0) size 784x16
        RenderText {#text} at (0,0) size 118x15
          text run at (0,0) width 118: "Thead/Tfoot/Tbody"
      RenderBlock {PRE} at (0,30) size 784x99
        RenderInline {FONT} at (0,0) size 265x99
          RenderText {#text} at (0,0) size 5x11
            text run at (0,0) width 5: " "
            text run at (5,0) width 0: " "
          RenderInline {B} at (0,0) size 25x11
            RenderText {#text} at (0,11) size 25x11
              text run at (0,11) width 25: "thead"
          RenderText {#text} at (25,11) size 265x22
            text run at (25,11) width 65: " Row 1;      "
            text run at (90,11) width 0: " "
            text run at (0,22) width 265: "      background-color: cyan;     text-align: center;"
          RenderBR {BR} at (265,30) size 0x0
          RenderText {#text} at (0,33) size 0x11
            text run at (0,33) width 0: " "
          RenderInline {B} at (0,0) size 25x11
            RenderText {#text} at (0,44) size 25x11
              text run at (0,44) width 25: "tbody"
          RenderText {#text} at (25,44) size 260x22
            text run at (25,44) width 65: " Rows 2,3,4; "
            text run at (90,44) width 0: " "
            text run at (0,55) width 260: "      background-color: #9999ff;  text-align: right;"
          RenderBR {BR} at (260,63) size 0x0
          RenderText {#text} at (0,66) size 0x11
            text run at (0,66) width 0: " "
          RenderInline {B} at (0,0) size 25x11
            RenderText {#text} at (0,77) size 25x11
              text run at (0,77) width 25: "tfoot"
          RenderText {#text} at (25,77) size 265x22
            text run at (25,77) width 65: " Rows 5, 6;  "
            text run at (90,77) width 0: " "
            text run at (0,88) width 265: "      background-color: #ff99ff;  text-align: center;"
            text run at (265,88) width 0: " "
      RenderTable {TABLE} at (0,139) size 784x194 [border: (1px outset #808080)]
        RenderTableSection {THEAD} at (1,1) size 782x34 [bgcolor=#00FFFF]
          RenderTableRow {TR} at (0,4) size 782x26
            RenderTableCell {TD} at (4,4) size 137x26 [border: (1px inset #808080)] [r=0 c=0 rs=1 cs=1]
              RenderText {#text} at (6,6) size 28x14
                text run at (6,6) width 28: "R1C1"
            RenderTableCell {TD} at (145,4) size 138x26 [border: (1px inset #808080)] [r=0 c=1 rs=1 cs=1]
              RenderText {#text} at (6,6) size 28x14
                text run at (6,6) width 28: "R1C2"
            RenderTableCell {TD} at (287,4) size 172x26 [border: (1px inset #808080)] [r=0 c=2 rs=1 cs=1]
              RenderText {#text} at (6,6) size 28x14
                text run at (6,6) width 28: "R1C3"
            RenderTableCell {TD} at (463,4) size 172x26 [border: (1px inset #808080)] [r=0 c=3 rs=2 cs=1]
              RenderText {#text} at (6,6) size 38x14
                text run at (6,6) width 38: "R1-2C4"
            RenderTableCell {TD} at (639,4) size 139x26 [border: (1px inset #808080)] [r=0 c=4 rs=1 cs=1]
              RenderText {#text} at (6,6) size 28x14
                text run at (6,6) width 28: "R1C5"
        RenderTableSection {TBODY} at (1,35) size 782x94 [bgcolor=#9999FF]
          RenderTableRow {TR} at (0,4) size 782x26
            RenderTableCell {TD} at (4,4) size 137x26 [border: (1px inset #808080)] [r=0 c=0 rs=1 cs=1]
              RenderText {#text} at (6,6) size 28x14
                text run at (6,6) width 28: "R2C1"
            RenderTableCell {TD} at (145,4) size 138x26 [border: (1px inset #808080)] [r=0 c=1 rs=1 cs=1]
              RenderText {#text} at (6,6) size 28x14
                text run at (6,6) width 28: "R2C3"
            RenderTableCell {TD} at (287,4) size 172x26 [border: (1px inset #808080)] [r=0 c=2 rs=1 cs=1]
              RenderText {#text} at (6,6) size 28x14
                text run at (6,6) width 28: "R2C3"
            RenderTableCell {TD} at (463,4) size 172x26 [border: (1px inset #808080)] [r=0 c=3 rs=1 cs=1]
              RenderText {#text} at (6,6) size 28x14
                text run at (6,6) width 28: "R2C5"
          RenderTableRow {TR} at (0,34) size 782x26
            RenderTableCell {TD} at (4,34) size 137x26 [border: (1px inset #808080)] [r=1 c=0 rs=1 cs=1]
              RenderText {#text} at (6,6) size 28x14
                text run at (6,6) width 28: "R3C1"
            RenderTableCell {TD} at (145,34) size 138x26 [border: (1px inset #808080)] [r=1 c=1 rs=1 cs=1]
              RenderText {#text} at (6,6) size 28x14
                text run at (6,6) width 28: "R3C2"
            RenderTableCell {TD} at (287,34) size 491x26 [border: (1px inset #808080)] [r=1 c=2 rs=1 cs=3]
              RenderText {#text} at (6,6) size 38x14
                text run at (6,6) width 38: "R3C3-5"
          RenderTableRow {TR} at (0,64) size 782x26
            RenderTableCell {TD} at (4,64) size 455x26 [border: (1px inset #808080)] [r=2 c=0 rs=1 cs=3]
              RenderText {#text} at (6,6) size 38x14
                text run at (6,6) width 38: "R4C1-3"
            RenderTableCell {TD} at (463,64) size 172x26 [border: (1px inset #808080)] [r=2 c=3 rs=3 cs=1]
              RenderText {#text} at (6,6) size 38x14
                text run at (6,6) width 38: "R4-6C4"
            RenderTableCell {TD} at (639,64) size 139x26 [border: (1px inset #808080)] [r=2 c=4 rs=1 cs=1]
              RenderText {#text} at (6,6) size 28x14
                text run at (6,6) width 28: "R4C5"
        RenderTableSection {TFOOT} at (1,129) size 782x64 [bgcolor=#FF99FF]
          RenderTableRow {TR} at (0,4) size 782x26
            RenderTableCell {TD} at (4,4) size 137x26 [border: (1px inset #808080)] [r=0 c=0 rs=1 cs=1]
              RenderText {#text} at (6,6) size 28x14
                text run at (6,6) width 28: "R5C1"
            RenderTableCell {TD} at (145,4) size 138x26 [border: (1px inset #808080)] [r=0 c=1 rs=1 cs=1]
              RenderText {#text} at (6,6) size 28x14
                text run at (6,6) width 28: "R5C2"
            RenderTableCell {TD} at (287,19) size 172x26 [border: (1px inset #808080)] [r=0 c=2 rs=2 cs=1]
              RenderText {#text} at (6,6) size 38x14
                text run at (6,6) width 38: "R5-6C3"
            RenderTableCell {TD} at (463,4) size 172x26 [border: (1px inset #808080)] [r=0 c=3 rs=1 cs=1]
              RenderText {#text} at (6,6) size 28x14
                text run at (6,6) width 28: "R5C5"
          RenderTableRow {TR} at (0,34) size 782x26
            RenderTableCell {TD} at (4,34) size 137x26 [border: (1px inset #808080)] [r=1 c=0 rs=1 cs=1]
              RenderText {#text} at (6,6) size 28x14
                text run at (6,6) width 28: "R6C1"
            RenderTableCell {TD} at (145,34) size 138x26 [border: (1px inset #808080)] [r=1 c=1 rs=1 cs=1]
              RenderText {#text} at (6,6) size 28x14
                text run at (6,6) width 28: "R6C2"
            RenderTableCell {TD} at (463,34) size 172x26 [border: (1px inset #808080)] [r=1 c=3 rs=1 cs=1]
              RenderText {#text} at (6,6) size 28x14
                text run at (6,6) width 28: "R6C5"
