layer at (0,0) size 800x686
  RenderView at (0,0) size 800x600
layer at (0,0) size 800x686
  RenderBlock {HTML} at (0,0) size 800x686
    RenderBody {BODY} at (8,8) size 784x670
      RenderBlock {DIV} at (0,0) size 784x142
        RenderBlock {HR} at (0,0) size 784x2 [border: (1px inset #000000)]
        RenderBlock {P} at (0,14) size 784x14
          RenderInline {B} at (0,0) size 254x14
            RenderText {#text} at (265,0) size 254x14
              text run at (265,0) width 254: "Tables I, II, III, IV (cellpadding=0 cellspacing=5)"
        RenderTable {TABLE} at (143,40) size 497x102 [bgcolor=#FFCC00] [border: (1px outset #808080)]
          RenderTableSection {TBODY} at (1,1) size 495x100
            RenderTableRow {TR} at (0,2) size 495x96
              RenderTableCell {TD} at (2,2) size 129x96 [border: (1px inset #808080)] [r=0 c=0 rs=1 cs=1]
                RenderTable {TABLE} at (6,6) size 117x84 [bgcolor=#FFFFFF] [border: (1px outset #808080)]
                  RenderBlock {CAPTION} at (0,0) size 115x14
                    RenderInline {NOBR} at (0,0) size 33x14
                      RenderText {#text} at (41,0) size 33x14
                        text run at (41,0) width 33: "Table I"
                  RenderTableSection {TBODY} at (1,15) size 115x68
                    RenderTableRow {TR} at (0,5) size 115x16
                      RenderTableCell {TD} at (5,5) size 17x16 [border: (1px inset #808080)] [r=0 c=0 rs=1 cs=1]
                        RenderText {#text} at (1,1) size 15x14
                          text run at (1,1) width 15: "1,1"
                      RenderTableCell {TD} at (27,5) size 17x16 [border: (1px inset #808080)] [r=0 c=1 rs=1 cs=1]
                        RenderText {#text} at (1,1) size 15x14
                          text run at (1,1) width 15: "1,2"
                      RenderTableCell {TD} at (49,5) size 17x16 [border: (1px inset #808080)] [r=0 c=2 rs=1 cs=1]
                        RenderText {#text} at (1,1) size 15x14
                          text run at (1,1) width 15: "1,3"
                      RenderTableCell {TD} at (71,5) size 17x16 [border: (1px inset #808080)] [r=0 c=3 rs=1 cs=1]
                        RenderText {#text} at (1,1) size 15x14
                          text run at (1,1) width 15: "1,4"
                      RenderTableCell {TD} at (93,5) size 17x16 [border: (1px inset #808080)] [r=0 c=4 rs=1 cs=1]
                        RenderText {#text} at (1,1) size 15x14
                          text run at (1,1) width 15: "1,5"
                    RenderTableRow {TR} at (0,26) size 115x16
                      RenderTableCell {TD} at (5,26) size 17x16 [border: (1px inset #808080)] [r=1 c=0 rs=1 cs=1]
                        RenderText {#text} at (1,1) size 15x14
                          text run at (1,1) width 15: "2,1"
                      RenderTableCell {TD} at (27,26) size 17x16 [border: (1px inset #808080)] [r=1 c=1 rs=1 cs=1]
                        RenderText {#text} at (1,1) size 15x14
                          text run at (1,1) width 15: "2,2"
                      RenderTableCell {TD} at (49,26) size 17x16 [border: (1px inset #808080)] [r=1 c=2 rs=1 cs=1]
                        RenderText {#text} at (1,1) size 15x14
                          text run at (1,1) width 15: "2,3"
                      RenderTableCell {TD} at (71,26) size 17x16 [border: (1px inset #808080)] [r=1 c=3 rs=1 cs=1]
                        RenderText {#text} at (1,1) size 15x14
                          text run at (1,1) width 15: "2,4"
                      RenderTableCell {TD} at (93,26) size 17x16 [border: (1px inset #808080)] [r=1 c=4 rs=1 cs=1]
                        RenderText {#text} at (1,1) size 15x14
                          text run at (1,1) width 15: "2,5"
                    RenderTableRow {TR} at (0,47) size 115x16
                      RenderTableCell {TD} at (5,47) size 17x16 [border: (1px inset #808080)] [r=2 c=0 rs=1 cs=1]
                        RenderText {#text} at (1,1) size 15x14
                          text run at (1,1) width 15: "3,1"
                      RenderTableCell {TD} at (27,47) size 17x16 [bgcolor=#FFFF66] [border: (1px inset #808080)] [r=2 c=1 rs=1 cs=1]
                        RenderText {#text} at (1,1) size 15x14
                          text run at (1,1) width 15: "3,2"
                      RenderTableCell {TD} at (49,47) size 17x16 [bgcolor=#FFFF66] [border: (1px inset #808080)] [r=2 c=2 rs=1 cs=1]
                        RenderText {#text} at (1,1) size 15x14
                          text run at (1,1) width 15: "3,3"
                      RenderTableCell {TD} at (71,47) size 17x16 [bgcolor=#FFFF66] [border: (1px inset #808080)] [r=2 c=3 rs=1 cs=1]
                        RenderText {#text} at (1,1) size 15x14
                          text run at (1,1) width 15: "3,4"
                      RenderTableCell {TD} at (93,47) size 17x16 [border: (1px inset #808080)] [r=2 c=4 rs=1 cs=1]
                        RenderText {#text} at (1,1) size 15x14
                          text run at (1,1) width 15: "3,5"
              RenderTableCell {TD} at (133,2) size 129x96 [border: (1px inset #808080)] [r=0 c=1 rs=1 cs=1]
                RenderTable {TABLE} at (6,6) size 117x84 [bgcolor=#FFFFFF] [border: (1px outset #808080)]
                  RenderBlock {CAPTION} at (0,0) size 115x14
                    RenderInline {NOBR} at (0,0) size 37x14
                      RenderText {#text} at (39,0) size 37x14
                        text run at (39,0) width 37: "Table II"
                  RenderTableSection {TBODY} at (1,15) size 115x68
                    RenderTableRow {TR} at (0,5) size 115x16
                      RenderTableCell {TD} at (5,5) size 17x16 [border: (1px inset #808080)] [r=0 c=0 rs=1 cs=1]
                        RenderText {#text} at (1,1) size 15x14
                          text run at (1,1) width 15: "1,1"
                      RenderTableCell {TD} at (27,5) size 39x16 [border: (1px inset #808080)] [r=0 c=1 rs=1 cs=2]
                        RenderText {#text} at (1,1) size 15x14
                          text run at (1,1) width 15: "1,2"
                      RenderTableCell {TD} at (71,5) size 17x16 [border: (1px inset #808080)] [r=0 c=3 rs=1 cs=1]
                        RenderText {#text} at (1,1) size 15x14
                          text run at (1,1) width 15: "1,4"
                      RenderTableCell {TD} at (93,5) size 17x16 [border: (1px inset #808080)] [r=0 c=4 rs=1 cs=1]
                        RenderText {#text} at (1,1) size 15x14
                          text run at (1,1) width 15: "1,5"
                    RenderTableRow {TR} at (0,26) size 115x16
                      RenderTableCell {TD} at (5,26) size 17x16 [border: (1px inset #808080)] [r=1 c=0 rs=1 cs=1]
                        RenderText {#text} at (1,1) size 15x14
                          text run at (1,1) width 15: "2,1"
                      RenderTableCell {TD} at (27,26) size 17x16 [border: (1px inset #808080)] [r=1 c=1 rs=1 cs=1]
                        RenderText {#text} at (1,1) size 15x14
                          text run at (1,1) width 15: "2,2"
                      RenderTableCell {TD} at (49,26) size 39x16 [border: (1px inset #808080)] [r=1 c=2 rs=1 cs=2]
                        RenderText {#text} at (1,1) size 15x14
                          text run at (1,1) width 15: "2,3"
                      RenderTableCell {TD} at (93,26) size 17x16 [border: (1px inset #808080)] [r=1 c=4 rs=1 cs=1]
                        RenderText {#text} at (1,1) size 15x14
                          text run at (1,1) width 15: "2,5"
                    RenderTableRow {TR} at (0,47) size 115x16
                      RenderTableCell {TD} at (5,47) size 17x16 [border: (1px inset #808080)] [r=2 c=0 rs=1 cs=1]
                        RenderText {#text} at (1,1) size 15x14
                          text run at (1,1) width 15: "3,1"
                      RenderTableCell {TD} at (27,47) size 17x16 [bgcolor=#FFFF66] [border: (1px inset #808080)] [r=2 c=1 rs=1 cs=1]
                        RenderText {#text} at (1,1) size 15x14
                          text run at (1,1) width 15: "3,2"
                      RenderTableCell {TD} at (49,47) size 17x16 [bgcolor=#FFFF66] [border: (1px inset #808080)] [r=2 c=2 rs=1 cs=1]
                        RenderText {#text} at (1,1) size 15x14
                          text run at (1,1) width 15: "3,3"
                      RenderTableCell {TD} at (71,47) size 17x16 [bgcolor=#FFFF66] [border: (1px inset #808080)] [r=2 c=3 rs=1 cs=1]
                        RenderText {#text} at (1,1) size 15x14
                          text run at (1,1) width 15: "3,4"
                      RenderTableCell {TD} at (93,47) size 17x16 [border: (1px inset #808080)] [r=2 c=4 rs=1 cs=1]
                        RenderText {#text} at (1,1) size 15x14
                          text run at (1,1) width 15: "3,5"
              RenderTableCell {TD} at (264,2) size 114x96 [border: (1px inset #808080)] [r=0 c=2 rs=1 cs=1]
                RenderTable {TABLE} at (6,6) size 102x84 [bgcolor=#FFFFFF] [border: (1px outset #808080)]
                  RenderBlock {CAPTION} at (0,0) size 100x14
                    RenderInline {NOBR} at (0,0) size 42x14
                      RenderText {#text} at (29,0) size 42x14
                        text run at (29,0) width 42: "Table III"
                  RenderTableSection {TBODY} at (1,15) size 100x68
                    RenderTableRow {TR} at (0,5) size 100x16
                      RenderTableCell {TD} at (5,5) size 17x16 [border: (1px inset #808080)] [r=0 c=0 rs=1 cs=1]
                        RenderText {#text} at (1,1) size 15x14
                          text run at (1,1) width 15: "1,1"
                      RenderTableCell {TD} at (27,5) size 24x16 [border: (1px inset #808080)] [r=0 c=1 rs=1 cs=2]
                        RenderText {#text} at (1,1) size 15x14
                          text run at (1,1) width 15: "1,2"
                      RenderTableCell {TD} at (56,5) size 17x16 [border: (1px inset #808080)] [r=0 c=3 rs=1 cs=1]
                        RenderText {#text} at (1,1) size 15x14
                          text run at (1,1) width 15: "1,4"
                      RenderTableCell {TD} at (78,5) size 17x16 [border: (1px inset #808080)] [r=0 c=4 rs=1 cs=1]
                        RenderText {#text} at (1,1) size 15x14
                          text run at (1,1) width 15: "1,5"
                    RenderTableRow {TR} at (0,26) size 100x16
                      RenderTableCell {TD} at (5,26) size 17x16 [border: (1px inset #808080)] [r=1 c=0 rs=1 cs=1]
                        RenderText {#text} at (1,1) size 15x14
                          text run at (1,1) width 15: "2,1"
                      RenderTableCell {TD} at (27,26) size 17x16 [border: (1px inset #808080)] [r=1 c=1 rs=1 cs=1]
                        RenderText {#text} at (1,1) size 15x14
                          text run at (1,1) width 15: "2,2"
                      RenderTableCell {TD} at (49,26) size 24x16 [border: (1px inset #808080)] [r=1 c=2 rs=1 cs=2]
                        RenderText {#text} at (1,1) size 15x14
                          text run at (1,1) width 15: "2,3"
                      RenderTableCell {TD} at (78,26) size 17x16 [border: (1px inset #808080)] [r=1 c=4 rs=1 cs=1]
                        RenderText {#text} at (1,1) size 15x14
                          text run at (1,1) width 15: "2,5"
                    RenderTableRow {TR} at (0,47) size 100x16
                      RenderTableCell {TD} at (5,47) size 17x16 [border: (1px inset #808080)] [r=2 c=0 rs=1 cs=1]
                        RenderText {#text} at (1,1) size 15x14
                          text run at (1,1) width 15: "3,1"
                      RenderTableCell {TD} at (27,54) size 17x2 [bgcolor=#FFFF66] [border: (1px inset #808080)] [r=2 c=1 rs=1 cs=1]
                      RenderTableCell {TD} at (49,54) size 2x2 [bgcolor=#FFFF66] [border: (1px inset #808080)] [r=2 c=2 rs=1 cs=1]
                      RenderTableCell {TD} at (56,54) size 17x2 [bgcolor=#FFFF66] [border: (1px inset #808080)] [r=2 c=3 rs=1 cs=1]
                      RenderTableCell {TD} at (78,47) size 17x16 [border: (1px inset #808080)] [r=2 c=4 rs=1 cs=1]
                        RenderText {#text} at (1,1) size 15x14
                          text run at (1,1) width 15: "3,5"
              RenderTableCell {TD} at (380,2) size 113x75 [border: (1px inset #808080)] [r=0 c=3 rs=1 cs=1]
                RenderTable {TABLE} at (6,6) size 101x63 [bgcolor=#FFFFFF] [border: (1px outset #808080)]
                  RenderBlock {CAPTION} at (0,0) size 99x14
                    RenderInline {NOBR} at (0,0) size 43x14
                      RenderText {#text} at (28,0) size 43x14
                        text run at (28,0) width 43: "Table IV"
                  RenderTableSection {TBODY} at (1,15) size 99x47
                    RenderTableRow {TR} at (0,5) size 99x16
                      RenderTableCell {TD} at (5,5) size 17x16 [border: (1px inset #808080)] [r=0 c=0 rs=1 cs=1]
                        RenderText {#text} at (1,1) size 15x14
                          text run at (1,1) width 15: "1,1"
                      RenderTableCell {TD} at (27,5) size 23x16 [border: (1px inset #808080)] [r=0 c=1 rs=1 cs=2]
                        RenderText {#text} at (1,1) size 15x14
                          text run at (1,1) width 15: "1,2"
                      RenderTableCell {TD} at (55,5) size 17x16 [border: (1px inset #808080)] [r=0 c=3 rs=1 cs=1]
                        RenderText {#text} at (1,1) size 15x14
                          text run at (1,1) width 15: "1,4"
                      RenderTableCell {TD} at (77,5) size 17x16 [border: (1px inset #808080)] [r=0 c=4 rs=1 cs=1]
                        RenderText {#text} at (1,1) size 15x14
                          text run at (1,1) width 15: "1,5"
                    RenderTableRow {TR} at (0,26) size 99x16
                      RenderTableCell {TD} at (5,26) size 17x16 [border: (1px inset #808080)] [r=1 c=0 rs=1 cs=1]
                        RenderText {#text} at (1,1) size 15x14
                          text run at (1,1) width 15: "2,1"
                      RenderTableCell {TD} at (27,26) size 17x16 [border: (1px inset #808080)] [r=1 c=1 rs=1 cs=1]
                        RenderText {#text} at (1,1) size 15x14
                          text run at (1,1) width 15: "2,2"
                      RenderTableCell {TD} at (49,26) size 23x16 [border: (1px inset #808080)] [r=1 c=2 rs=1 cs=2]
                        RenderText {#text} at (1,1) size 15x14
                          text run at (1,1) width 15: "2,3"
                      RenderTableCell {TD} at (77,26) size 17x16 [border: (1px inset #808080)] [r=1 c=4 rs=1 cs=1]
                        RenderText {#text} at (1,1) size 15x14
                          text run at (1,1) width 15: "2,5"
      RenderBlock (anonymous) at (0,142) size 784x14
        RenderBR {BR} at (0,0) size 0x14
      RenderBlock {P} at (0,168) size 784x56
        RenderText {#text} at (0,0) size 778x56
          text run at (0,0) width 240: "This is a table colspan counting problem (IMHO). "
          text run at (240,0) width 538: "The oversize <TABLE> has two rows: one has *two* <TD> \"requesting\" total of 3 columns to span; second row"
          text run at (0,14) width 730: "has *one* <TD> \"requesting\" total of 3 columns to span. In other words, it's asking for one more column than the max number of 'real' elements in a row. "
          text run at (730,14) width 47: "Here's the"
          text run at (0,28) width 296: "simple case (first one shows the problem; the other adjusts the "
          text run at (296,28) width 354: "colspan values and it works) (Dec 19 Nightly Win 95): All the elements in "
          text run at (650,28) width 114: "the two tables below are"
          text run at (0,42) width 216: "width=auto (i.e., no width attribute specified)."
      RenderBlock (anonymous) at (0,236) size 784x14
        RenderBR {BR} at (0,0) size 0x14
      RenderTable {TABLE} at (0,250) size 489x46 [border: (1px outset #808080)]
        RenderTableSection {TBODY} at (1,1) size 487x44
          RenderTableRow {TR} at (0,0) size 487x22
            RenderTableCell {TD} at (0,0) size 187x22 [border: (1px inset #808080)] [r=0 c=0 rs=1 cs=2]
              RenderBlock {P} at (4,4) size 179x14
                RenderInline {B} at (0,0) size 89x14
                  RenderText {#text} at (0,0) size 89x14
                    text run at (0,0) width 89: "This is colspan=2"
            RenderTableCell {TD} at (187,0) size 300x22 [border: (1px inset #808080)] [r=0 c=2 rs=1 cs=1]
              RenderText {#text} at (4,4) size 147x14
                text run at (4,4) width 147: "Blah Blah Blah Blah Blah Blah"
          RenderTableRow {TR} at (0,22) size 487x22
            RenderTableCell {TD} at (0,22) size 487x22 [border: (1px inset #808080)] [r=1 c=0 rs=1 cs=3]
              RenderBlock {P} at (4,4) size 479x14
                RenderInline {B} at (0,0) size 89x14
                  RenderText {#text} at (0,0) size 89x14
                    text run at (0,0) width 89: "This is colspan=3"
                RenderText {#text} at (89,0) size 390x14
                  text run at (89,0) width 118: " blah blah blah blah blah "
                  text run at (207,0) width 272: "--- why doesn't this cell span the table (5.0 win95 jun17)?"
      RenderBlock (anonymous) at (0,296) size 784x28
        RenderBR {BR} at (0,0) size 0x14
        RenderBR {BR} at (0,14) size 0x14
      RenderTable {TABLE} at (0,324) size 387x46 [border: (1px outset #808080)]
        RenderTableSection {TBODY} at (1,1) size 385x44
          RenderTableRow {TR} at (0,0) size 385x22
            RenderTableCell {TD} at (0,0) size 148x22 [border: (1px inset #808080)] [r=0 c=0 rs=1 cs=1]
              RenderBlock {P} at (4,4) size 140x14
                RenderInline {B} at (0,0) size 89x14
                  RenderText {#text} at (0,0) size 89x14
                    text run at (0,0) width 89: "This is colspan=1"
            RenderTableCell {TD} at (148,0) size 237x22 [border: (1px inset #808080)] [r=0 c=1 rs=1 cs=1]
              RenderText {#text} at (4,4) size 147x14
                text run at (4,4) width 147: "Blah Blah Blah Blah Blah Blah"
          RenderTableRow {TR} at (0,22) size 385x22
            RenderTableCell {TD} at (0,22) size 385x22 [border: (1px inset #808080)] [r=1 c=0 rs=1 cs=2]
              RenderBlock {P} at (4,4) size 377x14
                RenderInline {B} at (0,0) size 89x14
                  RenderText {#text} at (0,0) size 89x14
                    text run at (0,0) width 89: "This is colspan=2"
                RenderText {#text} at (89,0) size 288x14
                  text run at (89,0) width 118: " blah blah blah blah blah "
                  text run at (207,0) width 170: "--- this cell spans the table correctly."
      RenderBlock (anonymous) at (0,370) size 784x14
        RenderBR {BR} at (0,0) size 0x14
      RenderBlock {P} at (0,396) size 784x14
        RenderText {#text} at (0,0) size 172x14
          text run at (0,0) width 172: "Here's the test case from bug #2645."
      RenderBlock {P} at (0,422) size 784x28
        RenderText {#text} at (0,0) size 779x28
          text run at (0,0) width 407: "This test case (below) is derived from home.netscape.com (although not much is left). "
          text run at (407,0) width 372: "[This was the table structure for \"Autos ... Local ...\" and the right-hand column"
          text run at (0,14) width 499: "(\"ABCNews.com...\"); added an extra column to differentiate this example a bit more from the one above]."
      RenderBlock {P} at (0,462) size 784x42
        RenderText {#text} at (0,0) size 762x42
          text run at (0,0) width 363: "The basic problem is \"competing colspan requests\". The table has two rows, "
          text run at (363,0) width 399: "both of which have COLSPAN requests. They are both asking for one more column"
          text run at (0,14) width 743: "than the max number of 'real' elements in either row (i.e., both ask for total of 5 but the maximum number of TD in either row is 4). This seems to confuse the"
          text run at (0,28) width 540: "algorithm. ;) (Note: all the column elements in these two tables are width=fixed except the TD with colspan=(4|3))."
      RenderTable {TABLE} at (0,516) size 680x44 [border: (1px outset #808080)]
        RenderTableSection {TBODY} at (1,1) size 678x42
          RenderTableRow {TR} at (0,2) size 678x18
            RenderTableCell {TD} at (2,2) size 84x18 [border: (1px inset #808080)] [r=0 c=0 rs=1 cs=1]
              RenderText {#text} at (2,2) size 6x14
                text run at (2,2) width 6: "x"
            RenderTableCell {TD} at (88,2) size 358x18 [border: (1px inset #808080)] [r=0 c=1 rs=1 cs=2]
              RenderText {#text} at (2,2) size 77x14
                text run at (2,2) width 77: "this (colspan=2)"
            RenderTableCell {TD} at (448,2) size 24x18 [bgcolor=#99CCCC] [border: (1px inset #808080)] [r=0 c=3 rs=1 cs=1]
              RenderText {#text} at (2,2) size 20x14
                text run at (2,2) width 20: "blue"
            RenderTableCell {TD} at (474,2) size 202x18 [border: (1px inset #808080)] [r=0 c=4 rs=1 cs=1]
              RenderText {#text} at (2,2) size 17x14
                text run at (2,2) width 17: "that"
          RenderTableRow {TR} at (0,22) size 678x18
            RenderTableCell {TD} at (2,22) size 84x18 [border: (1px inset #808080)] [r=1 c=0 rs=1 cs=1]
              RenderText {#text} at (2,2) size 6x14
                text run at (2,2) width 6: "x"
            RenderTableCell {TD} at (88,22) size 588x18 [bgcolor=#99CCCC] [border: (1px inset #808080)] [r=1 c=1 rs=1 cs=4]
              RenderText {#text} at (2,2) size 245x14
                text run at (2,2) width 245: "blue (colspan=4) --- doesn't span (5.0 win95 jun17)"
      RenderBlock (anonymous) at (0,560) size 784x14
        RenderBR {BR} at (0,0) size 0x14
      RenderBlock {P} at (0,586) size 784x14
        RenderText {#text} at (0,0) size 318x14
          text run at (0,0) width 318: "Here's the same table but the 'colspan' values have been normalized."
      RenderTable {TABLE} at (0,612) size 680x44 [border: (1px outset #808080)]
        RenderTableSection {TBODY} at (1,1) size 678x42
          RenderTableRow {TR} at (0,2) size 678x18
            RenderTableCell {TD} at (2,2) size 78x18 [border: (1px inset #808080)] [r=0 c=0 rs=1 cs=1]
              RenderText {#text} at (2,2) size 6x14
                text run at (2,2) width 6: "x"
            RenderTableCell {TD} at (82,2) size 377x18 [border: (1px inset #808080)] [r=0 c=1 rs=1 cs=1]
              RenderText {#text} at (2,2) size 77x14
                text run at (2,2) width 77: "this (colspan=1)"
            RenderTableCell {TD} at (461,2) size 24x18 [bgcolor=#99CCCC] [border: (1px inset #808080)] [r=0 c=2 rs=1 cs=1]
              RenderText {#text} at (2,2) size 20x14
                text run at (2,2) width 20: "blue"
            RenderTableCell {TD} at (487,2) size 189x18 [border: (1px inset #808080)] [r=0 c=3 rs=1 cs=1]
              RenderText {#text} at (2,2) size 17x14
                text run at (2,2) width 17: "that"
          RenderTableRow {TR} at (0,22) size 678x18
            RenderTableCell {TD} at (2,22) size 78x18 [border: (1px inset #808080)] [r=1 c=0 rs=1 cs=1]
              RenderText {#text} at (2,2) size 6x14
                text run at (2,2) width 6: "x"
            RenderTableCell {TD} at (82,22) size 594x18 [bgcolor=#99CCCC] [border: (1px inset #808080)] [r=1 c=1 rs=1 cs=3]
              RenderText {#text} at (2,2) size 169x14
                text run at (2,2) width 169: "blue (colspan=3) --- spans correctly"
      RenderBlock (anonymous) at (0,656) size 784x14
        RenderBR {BR} at (0,0) size 0x14
