layer at (0,0) size 800x600
  RenderView at (0,0) size 800x600
layer at (0,0) size 800x280
  RenderBlock {HTML} at (0,0) size 800x280
    RenderBody {BODY} at (8,15) size 784x253
      RenderBlock {H4} at (0,0) size 784x14
        RenderText {#text} at (0,0) size 34x14
          text run at (0,0) width 34: "table 1"
      RenderTable {TABLE} at (0,29) size 130x64 [border: (1px outset #808080)]
        RenderTableSection {TBODY} at (1,1) size 128x62
          RenderTableRow {TR} at (0,2) size 128x18
            RenderTableCell {TD} at (2,2) size 19x18 [border: (1px inset #808080)] [r=0 c=0 rs=1 cs=1]
              RenderText {#text} at (2,2) size 15x14
                text run at (2,2) width 15: "1.1"
            RenderTableCell {TD} at (23,12) size 19x18 [border: (1px inset #808080)] [r=0 c=1 rs=2 cs=1]
              RenderText {#text} at (2,2) size 15x14
                text run at (2,2) width 15: "1.2"
            RenderTableCell {TD} at (44,2) size 19x18 [border: (1px inset #808080)] [r=0 c=2 rs=1 cs=1]
              RenderText {#text} at (2,2) size 15x14
                text run at (2,2) width 15: "1.3"
            RenderTableCell {TD} at (65,2) size 19x18 [border: (1px inset #808080)] [r=0 c=3 rs=1 cs=1]
              RenderText {#text} at (2,2) size 15x14
                text run at (2,2) width 15: "1.4"
            RenderTableCell {TD} at (86,12) size 19x18 [border: (1px inset #808080)] [r=0 c=4 rs=2 cs=1]
              RenderText {#text} at (2,2) size 15x14
                text run at (2,2) width 15: "1.5"
            RenderTableCell {TD} at (107,12) size 19x18 [border: (1px inset #808080)] [r=0 c=5 rs=2 cs=1]
              RenderText {#text} at (2,2) size 15x14
                text run at (2,2) width 15: "1.6"
          RenderTableRow {TR} at (0,22) size 128x18
            RenderTableCell {TD} at (2,22) size 103x18 [border: (1px inset #808080)] [r=1 c=0 rs=1 cs=5]
              RenderText {#text} at (44,2) size 15x14
                text run at (44,2) width 15: "2.1"
          RenderTableRow {TR} at (0,42) size 128x18
            RenderTableCell {TD} at (2,42) size 19x18 [border: (1px inset #808080)] [r=2 c=0 rs=1 cs=1]
              RenderText {#text} at (2,2) size 15x14
                text run at (2,2) width 15: "3.1"
            RenderTableCell {TD} at (23,42) size 19x18 [border: (1px inset #808080)] [r=2 c=1 rs=1 cs=1]
              RenderText {#text} at (2,2) size 15x14
                text run at (2,2) width 15: "3.2"
            RenderTableCell {TD} at (44,42) size 19x18 [border: (1px inset #808080)] [r=2 c=2 rs=1 cs=1]
              RenderText {#text} at (2,2) size 15x14
                text run at (2,2) width 15: "3.3"
            RenderTableCell {TD} at (65,42) size 19x18 [border: (1px inset #808080)] [r=2 c=3 rs=1 cs=1]
              RenderText {#text} at (2,2) size 15x14
                text run at (2,2) width 15: "3.4"
            RenderTableCell {TD} at (86,42) size 19x18 [border: (1px inset #808080)] [r=2 c=4 rs=1 cs=1]
              RenderText {#text} at (2,2) size 15x14
                text run at (2,2) width 15: "3.5"
            RenderTableCell {TD} at (107,42) size 19x18 [border: (1px inset #808080)] [r=2 c=5 rs=1 cs=1]
              RenderText {#text} at (2,2) size 15x14
                text run at (2,2) width 15: "3.6"
      RenderBlock {P} at (0,105) size 784x14
        RenderText {#text} at (0,0) size 120x14
          text run at (0,0) width 120: "cell 1.5 has rowspan=\"2\""
      RenderBlock {H4} at (0,134) size 784x14
        RenderText {#text} at (0,0) size 34x14
          text run at (0,0) width 34: "table 2"
      RenderTable {TABLE} at (0,163) size 130x64 [border: (1px outset #808080)]
        RenderTableSection {TBODY} at (1,1) size 128x62
          RenderTableRow {TR} at (0,2) size 128x18
            RenderTableCell {TD} at (2,2) size 19x18 [border: (1px inset #808080)] [r=0 c=0 rs=1 cs=1]
              RenderText {#text} at (2,2) size 15x14
                text run at (2,2) width 15: "1.1"
            RenderTableCell {TD} at (23,12) size 19x18 [border: (1px inset #808080)] [r=0 c=1 rs=2 cs=1]
              RenderText {#text} at (2,2) size 15x14
                text run at (2,2) width 15: "1.2"
            RenderTableCell {TD} at (44,2) size 19x18 [border: (1px inset #808080)] [r=0 c=2 rs=1 cs=1]
              RenderText {#text} at (2,2) size 15x14
                text run at (2,2) width 15: "1.3"
            RenderTableCell {TD} at (65,2) size 19x18 [border: (1px inset #808080)] [r=0 c=3 rs=1 cs=1]
              RenderText {#text} at (2,2) size 15x14
                text run at (2,2) width 15: "1.4"
            RenderTableCell {TD} at (86,12) size 40x18 [border: (1px inset #808080)] [r=0 c=4 rs=2 cs=2]
              RenderText {#text} at (12,2) size 16x14
                text run at (12,2) width 16: "1.5"
          RenderTableRow {TR} at (0,22) size 128x18
            RenderTableCell {TD} at (2,22) size 103x18 [border: (1px inset #808080)] [r=1 c=0 rs=1 cs=5]
              RenderText {#text} at (44,2) size 15x14
                text run at (44,2) width 15: "2.1"
          RenderTableRow {TR} at (0,42) size 128x18
            RenderTableCell {TD} at (2,42) size 19x18 [border: (1px inset #808080)] [r=2 c=0 rs=1 cs=1]
              RenderText {#text} at (2,2) size 15x14
                text run at (2,2) width 15: "3.1"
            RenderTableCell {TD} at (23,42) size 19x18 [border: (1px inset #808080)] [r=2 c=1 rs=1 cs=1]
              RenderText {#text} at (2,2) size 15x14
                text run at (2,2) width 15: "3.2"
            RenderTableCell {TD} at (44,42) size 19x18 [border: (1px inset #808080)] [r=2 c=2 rs=1 cs=1]
              RenderText {#text} at (2,2) size 15x14
                text run at (2,2) width 15: "3.3"
            RenderTableCell {TD} at (65,42) size 19x18 [border: (1px inset #808080)] [r=2 c=3 rs=1 cs=1]
              RenderText {#text} at (2,2) size 15x14
                text run at (2,2) width 15: "3.4"
            RenderTableCell {TD} at (86,42) size 19x18 [border: (1px inset #808080)] [r=2 c=4 rs=1 cs=1]
              RenderText {#text} at (2,2) size 15x14
                text run at (2,2) width 15: "3.5"
            RenderTableCell {TD} at (107,42) size 19x18 [border: (1px inset #808080)] [r=2 c=5 rs=1 cs=1]
              RenderText {#text} at (2,2) size 15x14
                text run at (2,2) width 15: "3.6"
      RenderBlock {P} at (0,239) size 784x14
        RenderText {#text} at (0,0) size 182x14
          text run at (0,0) width 182: "cell 1.5 has colspan=\"2\" rowspan=\"2\""
