layer at (0,0) size 800x600
  RenderView at (0,0) size 800x600
layer at (0,0) size 800x600
  RenderBlock {HTML} at (0,0) size 800x600
    RenderBody {BODY} at (8,8) size 784x584
      RenderTable {TABLE} at (0,0) size 115x62 [border: (1px outset #808080)]
        RenderTableSection {TBODY} at (1,1) size 113x60
          RenderTableRow {TR} at (0,2) size 113x18
            RenderTableCell {TD} at (2,2) size 109x18 [border: (1px inset #808080)] [r=0 c=0 rs=1 cs=1]
              RenderText {#text} at (2,2) size 81x14
                text run at (2,2) width 81: "cell of outer table"
          RenderTableRow {TR} at (0,22) size 113x36
            RenderTableCell {TD} at (2,22) size 109x36 [border: (1px inset #808080)] [r=1 c=0 rs=1 cs=1]
              RenderTable {TABLE} at (2,2) size 105x32 [border: (5px outset #808080)]
                RenderTableSection {TBODY} at (5,5) size 95x22
                  RenderTableRow {TR} at (0,2) size 95x18
                    RenderTableCell {TD} at (2,2) size 91x18 [border: (1px inset #808080)] [r=0 c=0 rs=1 cs=1]
                      RenderText {#text} at (2,2) size 87x14
                        text run at (2,2) width 87: "cell of nested table"
      RenderBlock (anonymous) at (0,62) size 784x14
        RenderBR {BR} at (0,0) size 0x14
      RenderBlock {HR} at (0,82) size 202x2 [border: (1px inset #000000)]
      RenderBlock (anonymous) at (0,90) size 784x14
        RenderText {#text} at (0,0) size 161x14
          text run at (0,0) width 161: "nested table width includes border"
      RenderTable {TABLE} at (0,104) size 204x46 [border: (1px outset #808080)]
        RenderTableSection {TBODY} at (1,1) size 202x44
          RenderTableRow {TR} at (0,0) size 202x44
            RenderTableCell {TD} at (0,0) size 202x44 [border: (1px inset #808080)] [r=0 c=0 rs=1 cs=1]
              RenderTable {TABLE} at (1,1) size 200x42 [border: (10px outset #808080)]
                RenderTableSection {TBODY} at (10,10) size 180x22
                  RenderTableRow {TR} at (0,2) size 180x18
                    RenderTableCell {TD} at (2,2) size 176x18 [border: (1px inset #808080)] [r=0 c=0 rs=1 cs=1]
                      RenderText {#text} at (2,2) size 76x14
                        text run at (2,2) width 76: "200 nested table"
      RenderBlock (anonymous) at (0,150) size 784x28
        RenderBR {BR} at (0,0) size 0x14
        RenderText {#text} at (0,14) size 161x14
          text run at (0,14) width 161: "nested table width includes border"
      RenderTable {TABLE} at (0,178) size 110x46 [border: (1px outset #808080)]
        RenderTableSection {TBODY} at (1,1) size 108x44
          RenderTableRow {TR} at (0,0) size 108x44
            RenderTableCell {TD} at (0,0) size 108x44 [border: (1px inset #808080)] [r=0 c=0 rs=1 cs=1]
              RenderTable {TABLE} at (1,1) size 106x42 [border: (10px outset #808080)]
                RenderTableSection {TBODY} at (10,10) size 86x22
                  RenderTableRow {TR} at (0,2) size 86x18
                    RenderTableCell {TD} at (2,2) size 82x18 [border: (1px inset #808080)] [r=0 c=0 rs=1 cs=1]
                      RenderText {#text} at (2,2) size 78x14
                        text run at (2,2) width 78: "auto nested table"
      RenderBlock (anonymous) at (0,224) size 784x28
        RenderBR {BR} at (0,0) size 0x14
        RenderText {#text} at (0,14) size 161x14
          text run at (0,14) width 161: "nested table width includes border"
      RenderTable {TABLE} at (0,252) size 784x26 [border: (5px outset #808080)]
        RenderTableSection {TBODY} at (5,5) size 774x16
          RenderTableRow {TR} at (0,0) size 774x16
            RenderTableCell {TD} at (0,0) size 774x16 [border: (1px inset #808080)] [r=0 c=0 rs=1 cs=1]
              RenderText {#text} at (1,1) size 83x14
                text run at (1,1) width 83: "100% width table"
      RenderBlock (anonymous) at (0,278) size 784x28
        RenderBR {BR} at (0,0) size 0x14
        RenderText {#text} at (0,14) size 161x14
          text run at (0,14) width 161: "nested table width includes border"
      RenderTable {TABLE} at (0,306) size 118x46 [border: (1px outset #808080)]
        RenderTableSection {TBODY} at (1,1) size 116x44
          RenderTableRow {TR} at (0,0) size 116x44
            RenderTableCell {TD} at (0,0) size 116x44 [border: (1px inset #808080)] [r=0 c=0 rs=1 cs=1]
              RenderTable {TABLE} at (1,1) size 114x42 [border: (10px outset #808080)]
                RenderTableSection {TBODY} at (10,10) size 94x22
                  RenderTableRow {TR} at (0,2) size 94x18
                    RenderTableCell {TD} at (2,2) size 90x18 [border: (1px inset #808080)] [r=0 c=0 rs=1 cs=1]
                      RenderText {#text} at (2,2) size 86x14
                        text run at (2,2) width 86: "100% nested table"
