layer at (0,0) size 800x600
  RenderView at (0,0) size 800x600
layer at (0,0) size 800x92
  RenderBlock {HTML} at (0,0) size 800x92
    RenderBody {BODY} at (8,16) size 784x68
      RenderBlock {H1} at (0,0) size 784x28
        RenderText {#text} at (208,1) size 368x26
          text run at (208,1) width 368: "<BODY style=\"text-align: center\">"
      RenderTable {TABLE} at (0,44) size 627x24 [border: (1px outset #808080)]
        RenderTableSection {TBODY} at (1,1) size 625x22
          RenderTableRow {TR} at (0,2) size 625x18
            RenderTableCell {TD} at (2,2) size 621x18 [border: (1px inset #808080)] [r=0 c=0 rs=1 cs=1]
              RenderText {#text} at (202,2) size 217x14
                text run at (202,2) width 217: "The text should be center-aligned not the table"
