layer at (0,0) size 800x600
  RenderView at (0,0) size 800x600
layer at (0,0) size 800x344
  RenderBlock {HTML} at (0,0) size 800x344
    RenderBody {BODY} at (8,8) size 784x328
      RenderBlock (anonymous) at (0,0) size 784x14
        RenderText {#text} at (0,0) size 223x14
          text run at (0,0) width 223: "Table 1: border=1 cellspacing=0 cellpadding=0"
      RenderTable {TABLE} at (0,14) size 52x18 [border: (1px outset #808080)]
        RenderTableSection {TBODY} at (1,1) size 50x16
          RenderTableRow {TR} at (0,0) size 50x0
            RenderTableCell {TD} at (0,0) size 50x16 [border: (1px inset #808080)] [r=0 c=0 rs=2 cs=1]
              RenderText {#text} at (1,1) size 48x14
                text run at (1,1) width 48: "First Row"
          RenderTableRow {TR} at (0,0) size 50x16
      RenderBlock (anonymous) at (0,32) size 784x14
        RenderText {#text} at (0,0) size 223x14
          text run at (0,0) width 223: "Table 2: border=1 cellspacing=1 cellpadding=0"
      RenderTable {TABLE} at (0,46) size 54x20 [border: (1px outset #808080)]
        RenderTableSection {TBODY} at (1,1) size 52x18
          RenderTableRow {TR} at (0,1) size 52x0
            RenderTableCell {TD} at (1,1) size 50x16 [border: (1px inset #808080)] [r=0 c=0 rs=2 cs=1]
              RenderText {#text} at (1,1) size 48x14
                text run at (1,1) width 48: "First Row"
          RenderTableRow {TR} at (0,2) size 52x15
      RenderBlock (anonymous) at (0,66) size 784x14
        RenderText {#text} at (0,0) size 223x14
          text run at (0,0) width 223: "Table 3: border=1 cellspacing=0 cellpadding=1"
      RenderTable {TABLE} at (0,80) size 54x20 [border: (1px outset #808080)]
        RenderTableSection {TBODY} at (1,1) size 52x18
          RenderTableRow {TR} at (0,0) size 52x0
            RenderTableCell {TD} at (0,0) size 52x18 [border: (1px inset #808080)] [r=0 c=0 rs=2 cs=1]
              RenderText {#text} at (2,2) size 48x14
                text run at (2,2) width 48: "First Row"
          RenderTableRow {TR} at (0,0) size 52x18
      RenderBlock (anonymous) at (0,100) size 784x14
        RenderText {#text} at (0,0) size 223x14
          text run at (0,0) width 223: "Table 4: border=1 cellspacing=1 cellpadding=1"
      RenderTable {TABLE} at (0,114) size 56x22 [border: (1px outset #808080)]
        RenderTableSection {TBODY} at (1,1) size 54x20
          RenderTableRow {TR} at (0,1) size 54x0
            RenderTableCell {TD} at (1,1) size 52x18 [border: (1px inset #808080)] [r=0 c=0 rs=2 cs=1]
              RenderText {#text} at (2,2) size 48x14
                text run at (2,2) width 48: "First Row"
          RenderTableRow {TR} at (0,2) size 54x17
      RenderBlock (anonymous) at (0,136) size 784x70
        RenderBR {BR} at (0,0) size 0x14
        RenderBR {BR} at (0,14) size 0x14
        RenderText {#text} at (0,28) size 341x14
          text run at (0,28) width 341: "Same tables as above but removing height=\"50%\" from the second row:"
        RenderBR {BR} at (341,28) size 0x14
        RenderBR {BR} at (0,42) size 0x14
        RenderText {#text} at (0,56) size 223x14
          text run at (0,56) width 223: "Table 5: border=1 cellspacing=0 cellpadding=0"
      RenderTable {TABLE} at (0,206) size 52x18 [border: (1px outset #808080)]
        RenderTableSection {TBODY} at (1,1) size 50x16
          RenderTableRow {TR} at (0,0) size 50x0
            RenderTableCell {TD} at (0,0) size 50x16 [border: (1px inset #808080)] [r=0 c=0 rs=2 cs=1]
              RenderText {#text} at (1,1) size 48x14
                text run at (1,1) width 48: "First Row"
          RenderTableRow {TR} at (0,0) size 50x16
      RenderBlock (anonymous) at (0,224) size 784x14
        RenderText {#text} at (0,0) size 223x14
          text run at (0,0) width 223: "Table 6: border=1 cellspacing=1 cellpadding=0"
      RenderTable {TABLE} at (0,238) size 54x20 [border: (1px outset #808080)]
        RenderTableSection {TBODY} at (1,1) size 52x18
          RenderTableRow {TR} at (0,1) size 52x0
            RenderTableCell {TD} at (1,1) size 50x16 [border: (1px inset #808080)] [r=0 c=0 rs=2 cs=1]
              RenderText {#text} at (1,1) size 48x14
                text run at (1,1) width 48: "First Row"
          RenderTableRow {TR} at (0,2) size 52x15
      RenderBlock (anonymous) at (0,258) size 784x14
        RenderText {#text} at (0,0) size 223x14
          text run at (0,0) width 223: "Table 7: border=1 cellspacing=0 cellpadding=1"
      RenderTable {TABLE} at (0,272) size 54x20 [border: (1px outset #808080)]
        RenderTableSection {TBODY} at (1,1) size 52x18
          RenderTableRow {TR} at (0,0) size 52x0
            RenderTableCell {TD} at (0,0) size 52x18 [border: (1px inset #808080)] [r=0 c=0 rs=2 cs=1]
              RenderText {#text} at (2,2) size 48x14
                text run at (2,2) width 48: "First Row"
          RenderTableRow {TR} at (0,0) size 52x18
      RenderBlock (anonymous) at (0,292) size 784x14
        RenderText {#text} at (0,0) size 223x14
          text run at (0,0) width 223: "Table 8: border=1 cellspacing=1 cellpadding=1"
      RenderTable {TABLE} at (0,306) size 56x22 [border: (1px outset #808080)]
        RenderTableSection {TBODY} at (1,1) size 54x20
          RenderTableRow {TR} at (0,1) size 54x0
            RenderTableCell {TD} at (1,1) size 52x18 [border: (1px inset #808080)] [r=0 c=0 rs=2 cs=1]
              RenderText {#text} at (2,2) size 48x14
                text run at (2,2) width 48: "First Row"
          RenderTableRow {TR} at (0,2) size 54x17
