layer at (0,0) size 800x1416
  RenderView at (0,0) size 800x600
layer at (0,0) size 800x1416
  RenderBlock {HTML} at (0,0) size 800x1416
    RenderBody {BODY} at (0,0) size 800x1416 [bgcolor=#53799F]
      RenderBlock {CENTER} at (0,0) size 800x1416
        RenderBlock (anonymous) at (0,0) size 800x14
          RenderBR {BR} at (400,0) size 0x14
        RenderTable {TABLE} at (20,14) size 760x1388 [border: (1px solid #000000)]
          RenderTableSection {TBODY} at (1,1) size 758x1386
            RenderTableRow {TR} at (0,0) size 758x16
              RenderTableCell {TD} at (0,0) size 758x16 [bgcolor=#3F5694] [border: (1px solid #000000)] [r=0 c=0 rs=1 cs=1]
                RenderText {#text} at (365,1) size 28x14
                  text run at (365,1) width 28: "News"
            RenderTableRow {TR} at (0,16) size 758x30
              RenderTableCell {TD} at (0,16) size 758x30 [border: (1px solid #000000)] [r=1 c=0 rs=1 cs=1]
                RenderInline {B} at (0,0) size 72x14
                  RenderText {#text} at (343,1) size 72x14
                    text run at (343,1) width 72: "11. M\x{E4}rz 2002"
                RenderBR {BR} at (415,12) size 0x0
                RenderText {#text} at (144,15) size 470x14
                  text run at (144,15) width 369: "nun gibt es auch eine kommerzielle Version vom PopUp-Manager, mehr Info "
                  text run at (513,15) width 101: "unter komerz. Scripte"
            RenderTableRow {TR} at (0,46) size 758x30
              RenderTableCell {TD} at (0,46) size 758x30 [border: (1px solid #000000)] [r=2 c=0 rs=1 cs=1]
                RenderInline {B} at (0,0) size 70x14
                  RenderText {#text} at (344,1) size 70x14
                    text run at (344,1) width 70: "09.M\x{E4}rz 2002"
                  RenderBR {BR} at (413,12) size 1x0
                RenderText {#text} at (226,15) size 306x14
                  text run at (226,15) width 306: "neues Script ist online, PopUp-Manager, mehr Info unter Scripte"
            RenderTableRow {TR} at (0,76) size 758x30
              RenderTableCell {TD} at (0,76) size 758x30 [border: (1px solid #000000)] [r=3 c=0 rs=1 cs=1]
                RenderText {#text} at (331,1) size 96x14
                  text run at (331,1) width 96: "17. November 2001"
                RenderBR {BR} at (426,12) size 1x0
                RenderText {#text} at (317,15) size 124x14
                  text run at (317,15) width 124: "Endlich wieder Online! :-)"
            RenderTableRow {TR} at (0,106) size 758x114
              RenderTableCell {TD} at (0,106) size 758x114 [border: (1px solid #000000)] [r=4 c=0 rs=1 cs=1]
                RenderText {#text} at (307,1) size 144x14
                  text run at (307,1) width 144: "23. Oktober 2001 (21:00 Uhr)"
                RenderBR {BR} at (451,12) size 0x0
                RenderText {#text} at (337,15) size 84x14
                  text run at (337,15) width 84: "Es ist vollbracht! "
                RenderBR {BR} at (420,26) size 1x0
                RenderText {#text} at (260,29) size 238x14
                  text run at (260,29) width 238: "Ich habe nun den .htaccess-BUG bei den Scripten:"
                RenderBR {BR} at (498,40) size 0x0
                RenderText {#text} at (182,43) size 394x14
                  text run at (182,43) width 394: "The Real Topsites, Sponsor Manager, Download Manager und Password Manager"
                RenderBR {BR} at (575,54) size 1x0
                RenderText {#text} at (197,57) size 364x14
                  text run at (197,57) width 319: "abgeschafft, brauchte 2 Tage daf\x{FC}r, dabei lag der Fehler vor meiner "
                  text run at (516,57) width 45: "Nase ! :-)"
                RenderBR {BR} at (561,68) size 0x0
                RenderText {#text} at (6,71) size 746x42
                  text run at (6,71) width 282: "F\x{FC}r Euch hei\x{DF}t es, wenn Ihr eines der Scripte benutzt, ladet "
                  text run at (287,71) width 347: "Euch die admin.cgi runter und vereinbart unbedingt ein neues Password! "
                  text run at (633,71) width 119: "Au\x{DF}erdem wurde bei der"
                  text run at (13,85) width 217: "Toplist die Sache mit dem Button Load/Klick "
                  text run at (229,85) width 351: "um programmiert, f\x{FC}r die Leute die den Button Load/Klick Modus haben, "
                  text run at (579,85) width 166: "Ihr m\x{FC}st Euch auch die topsites.cgi"
                  text run at (178,99) width 166: "laden und im Admin Bereich unter "
                  text run at (344,99) width 236: "Modus unten die URL zu Eurem Button angeben!"
            RenderTableRow {TR} at (0,220) size 758x30
              RenderTableCell {TD} at (0,220) size 758x30 [border: (1px solid #000000)] [r=5 c=0 rs=1 cs=1]
                RenderText {#text} at (337,1) size 84x14
                  text run at (337,1) width 84: "22. Oktober 2001"
                RenderBR {BR} at (421,12) size 0x0
                RenderText {#text} at (200,15) size 358x14
                  text run at (200,15) width 323: "Download-Bereich ist vorrerst geschlo\x{DF}en, kommen Sie bitte sp\x{E4}ter "
                  text run at (522,15) width 36: "wieder."
            RenderTableRow {TR} at (0,250) size 758x44
              RenderTableCell {TD} at (0,250) size 758x44 [border: (1px solid #000000)] [r=6 c=0 rs=1 cs=1]
                RenderText {#text} at (307,1) size 144x14
                  text run at (307,1) width 144: "21. Oktober 2001 (22:45 Uhr)"
                RenderBR {BR} at (451,12) size 0x0
                RenderText {#text} at (2,15) size 754x28
                  text run at (2,15) width 309: "OK, sorry f\x{FC}r die Unannehmlichkeiten, aber Ihr m\x{FC}sst Euch nun "
                  text run at (310,15) width 350: "noch mal die Scripte runter laden und die admin.cgi erneuern, hier kommt "
                  text run at (659,15) width 97: "noch das Password-"
                  text run at (261,29) width 236: "Manager-Script dazu, sollte jetzt alles sicher sein! "
                RenderBR {BR} at (0,0) size 0x0
            RenderTableRow {TR} at (0,294) size 758x86
              RenderTableCell {TD} at (0,294) size 758x86 [border: (1px solid #000000)] [r=7 c=0 rs=1 cs=1]
                RenderText {#text} at (307,1) size 144x14
                  text run at (307,1) width 144: "21. Oktober 2001 (20:50 Uhr)"
                RenderBR {BR} at (451,12) size 0x0
                RenderText {#text} at (235,15) size 288x14
                  text run at (235,15) width 288: "An alle Leute die follgende Scripte von G5-Scripts benutzen:"
                RenderBR {BR} at (522,26) size 1x0
                RenderText {#text} at (242,29) size 274x14
                  text run at (242,29) width 274: "The Real Topsites, Download Counter, Sponsor Manager"
                RenderBR {BR} at (515,40) size 1x0
                RenderText {#text} at (128,43) size 502x14
                  text run at (128,43) width 348: "bitte noch ein mal runter laden und die admin.cgi erneuern, beim Sponsor "
                  text run at (476,43) width 154: "Manager kommt noch eine Datei"
                RenderBR {BR} at (630,54) size 0x0
                RenderText {#text} at (336,57) size 86x14
                  text run at (336,57) width 86: "'variable.pl' dazu!!"
                RenderBR {BR} at (422,68) size 0x0
                RenderText {#text} at (162,71) size 434x14
                  text run at (162,71) width 356: "Der Grund : man hat festgestellt das .htaccess Password Schutz doch nicht "
                  text run at (517,71) width 79: "das sicherste ist!"
            RenderTableRow {TR} at (0,380) size 758x126
              RenderTableCell {TD} at (0,380) size 758x126 [border: (1px solid #000000)] [r=8 c=0 rs=1 cs=1]
                RenderBlock {P} at (1,1) size 756x84
                  RenderText {#text} at (336,0) size 84x14
                    text run at (336,0) width 84: "13. Oktober 2001"
                  RenderBR {BR} at (420,11) size 0x0
                  RenderText {#text} at (167,14) size 422x14
                    text run at (167,14) width 363: "Ich habe es nun endlich geschafft das Gateway bei der Toplist mit IP-Sperre "
                    text run at (529,14) width 60: "zu versehen,"
                  RenderBR {BR} at (588,25) size 1x0
                  RenderText {#text} at (110,28) size 536x14
                    text run at (110,28) width 330: "dabei war der Fehler den ich vorher nicht verstand eine simple Sache, "
                    text run at (440,28) width 206: "h\x{E4}tte ich doch ein wenig mehr nachgedacht!"
                  RenderBR {BR} at (646,39) size 0x0
                  RenderText {#text} at (21,42) size 726x42
                    text run at (21,42) width 322: "Des weiteren habe ich noch die Datensicherung umgeschrieben, f\x{FC}r "
                    text run at (342,42) width 321: "alle die Listen deren Hits ab und zu mal auf 0 gesetzt werden, sollte "
                    text run at (662,42) width 73: "jetzt nicht mehr"
                    text run at (15,56) width 266: "passieren und ich habe noch den Mail Versand aus dem "
                    text run at (281,56) width 337: "Admin-Bereich umgeschrieben und zwar wurde fr\x{FC}her der Text immer "
                    text run at (618,56) width 123: "zusammen gequetscht, die"
                    text run at (252,70) width 198: "Enters wurden so zu sagen ignoriert, jetzt "
                    text run at (450,70) width 54: "nicht mehr!"
                RenderBlock {P} at (1,97) size 756x28
                  RenderText {#text} at (1,0) size 754x28
                    text run at (1,0) width 281: ">> F\x{FC}r alle die das Script vor dem 11.10.01 runter geladen "
                    text run at (281,0) width 355: "haben, Ihr solltet es Euch noch mal runter laden und die folgenden Dateien "
                    text run at (635,0) width 120: "durch die neuen ersetzen:"
                    text run at (313,14) width 130: "topsites.cgi und admin.cgi ."
            RenderTableRow {TR} at (0,506) size 758x30
              RenderTableCell {TD} at (0,506) size 758x30 [border: (1px solid #000000)] [r=9 c=0 rs=1 cs=1]
                RenderText {#text} at (337,1) size 84x14
                  text run at (337,1) width 84: "11. Oktober 2001"
                RenderBR {BR} at (421,12) size 0x0
                RenderText {#text} at (196,15) size 366x14
                  text run at (196,15) width 366: "neues Script ist online, .htaccess-Password-Manager, mehr Info unter Scripte"
            RenderTableRow {TR} at (0,536) size 758x30
              RenderTableCell {TD} at (0,536) size 758x30 [border: (1px solid #000000)] [r=10 c=0 rs=1 cs=1]
                RenderText {#text} at (331,1) size 96x14
                  text run at (331,1) width 96: "08. September 2001"
                RenderBR {BR} at (426,12) size 1x0
                RenderText {#text} at (254,15) size 250x14
                  text run at (254,15) width 250: "Eine neu Version des Download Counters ist online!"
            RenderTableRow {TR} at (0,566) size 758x44
              RenderTableCell {TD} at (0,566) size 758x44 [border: (1px solid #000000)] [r=11 c=0 rs=1 cs=1]
                RenderText {#text} at (339,1) size 80x14
                  text run at (339,1) width 80: "11. August 2001"
                RenderBR {BR} at (419,12) size 0x0
                RenderText {#text} at (129,15) size 500x14
                  text run at (129,15) width 334: "Ich habe so eben eine random.cgi f\x{FC}r den Topsites Script geschrieben. "
                  text run at (462,15) width 167: "Die random.cgi f\x{FC}hrt den Besucher"
                RenderBR {BR} at (628,26) size 1x0
                RenderText {#text} at (296,29) size 166x14
                  text run at (296,29) width 166: "auf eine zuf\x{E4}llig ausgew\x{E4}hlte Seite."
            RenderTableRow {TR} at (0,610) size 758x44
              RenderTableCell {TD} at (0,610) size 758x44 [border: (1px solid #000000)] [r=12 c=0 rs=1 cs=1]
                RenderText {#text} at (339,1) size 80x14
                  text run at (339,1) width 80: "08. August 2001"
                RenderBR {BR} at (419,12) size 0x0
                RenderText {#text} at (178,15) size 402x14
                  text run at (178,15) width 346: "Ich schreibe gerade eine neue Version von dem Download Counter, bitte "
                  text run at (524,15) width 56: "schreibt mir"
                RenderBR {BR} at (580,26) size 0x0
                RenderText {#text} at (245,29) size 268x14
                  text run at (245,29) width 268: "ins Forum was Ihr da alles haben wollt, wer das benutzt!"
            RenderTableRow {TR} at (0,654) size 758x44
              RenderTableCell {TD} at (0,654) size 758x44 [border: (1px solid #000000)] [r=13 c=0 rs=1 cs=1]
                RenderText {#text} at (348,1) size 62x14
                  text run at (348,1) width 62: "09. Juli 2001"
                RenderBR {BR} at (410,12) size 0x0
                RenderText {#text} at (18,15) size 722x28
                  text run at (18,15) width 337: "eine kleiner Bug in der Topsites.cgi wurde behoben! Wer m\x{F6}chte kann "
                  text run at (354,15) width 316: "sich die jetzige Zip runter laden und die topsites.cgi auktualisieren, "
                  text run at (669,15) width 71: "mu\x{DF} aber nicht"
                  text run at (342,29) width 74: "unbedingt sein!"
            RenderTableRow {TR} at (0,698) size 758x44
              RenderTableCell {TD} at (0,698) size 758x44 [border: (1px solid #000000)] [r=14 c=0 rs=1 cs=1]
                RenderText {#text} at (348,1) size 62x14
                  text run at (348,1) width 62: "01. Juli 2001"
                RenderBR {BR} at (410,12) size 0x0
                RenderText {#text} at (168,15) size 422x14
                  text run at (168,15) width 374: "Jetzt haben wir einen Support Forum, postet Eure Fragen da rein und versuche "
                  text run at (542,15) width 48: "Sie alle zu"
                RenderBR {BR} at (590,26) size 0x0
                RenderText {#text} at (149,29) size 460x14
                  text run at (149,29) width 294: "beantworten! Au\x{DF}erdem k\x{F6}nnt Ihr dort auch Eure Vorschl\x{E4}ge "
                  text run at (443,29) width 166: "zu den einzelnen Scripten abgeben!"
            RenderTableRow {TR} at (0,742) size 758x44
              RenderTableCell {TD} at (0,742) size 758x44 [border: (1px solid #000000)] [r=15 c=0 rs=1 cs=1]
                RenderText {#text} at (348,1) size 62x14
                  text run at (348,1) width 62: "01. Juli 2001"
                RenderBR {BR} at (410,12) size 0x0
                RenderText {#text} at (188,15) size 382x14
                  text run at (188,15) width 363: "Und wieder eine neue Version von The Real Topsites ist online, die Version "
                  text run at (551,15) width 19: "3.4!"
                RenderBR {BR} at (570,26) size 0x0
                RenderText {#text} at (214,29) size 330x14
                  text run at (214,29) width 330: "Es gibt einige neue Funktionen und es wurde auch einiges verbessert!"
            RenderTableRow {TR} at (0,786) size 758x44
              RenderTableCell {TD} at (0,786) size 758x44 [border: (1px solid #000000)] [r=16 c=0 rs=1 cs=1]
                RenderText {#text} at (346,1) size 66x14
                  text run at (346,1) width 66: "20. Juni 2001"
                RenderBR {BR} at (411,12) size 1x0
                RenderText {#text} at (199,15) size 360x14
                  text run at (199,15) width 337: "unser Hoster hat ein paar kleine Probleme also sollte irgend was an der "
                  text run at (536,15) width 23: "Seite"
                RenderBR {BR} at (559,26) size 0x0
                RenderText {#text} at (287,29) size 184x14
                  text run at (287,29) width 184: "nicht gehen, einfach wieder versuchen!"
            RenderTableRow {TR} at (0,830) size 758x72
              RenderTableCell {TD} at (0,830) size 758x72 [border: (1px solid #000000)] [r=17 c=0 rs=1 cs=1]
                RenderText {#text} at (346,1) size 66x14
                  text run at (346,1) width 66: "09. Juni 2001"
                RenderBR {BR} at (411,12) size 1x0
                RenderText {#text} at (170,15) size 418x14
                  text run at (170,15) width 336: "Die neue Version (3.3) von The Real Topsites ist online, es gibt einige "
                  text run at (505,15) width 83: "neue Funktionen "
                RenderBR {BR} at (587,26) size 1x0
                RenderText {#text} at (291,29) size 176x14
                  text run at (291,29) width 176: "und es wurde auch einiges ver\x{E4}ndert!"
                RenderBR {BR} at (467,40) size 0x0
                RenderText {#text} at (281,43) size 196x14
                  text run at (281,43) width 196: "Mehr Info unter \"Perl Scripte\" im Men\x{FC}. "
                RenderBR {BR} at (477,54) size 0x0
                RenderText {#text} at (219,57) size 320x14
                  text run at (219,57) width 320: "P.S. den Umstieg auf die Version3.3 kann ich Euch nur empfehlen!"
            RenderTableRow {TR} at (0,902) size 758x58
              RenderTableCell {TD} at (0,902) size 758x58 [border: (1px solid #000000)] [r=18 c=0 rs=1 cs=1]
                RenderText {#text} at (346,1) size 66x14
                  text run at (346,1) width 66: "04. Juni 2001"
                RenderBR {BR} at (411,12) size 1x0
                RenderText {#text} at (207,15) size 344x14
                  text run at (207,15) width 344: "Ein kleiner Bug bei Topsites Script wurde gefunden und sofort behoben!"
                RenderBR {BR} at (551,26) size 0x0
                RenderText {#text} at (212,29) size 334x14
                  text run at (212,29) width 334: "Bug: es wurde immer wieder die selbe Site Of The Moment angezeigt!"
                RenderBR {BR} at (545,40) size 1x0
                RenderText {#text} at (215,43) size 328x14
                  text run at (215,43) width 324: "Ladet Euch die jetzige Version runter und ersetzt nur die topsites.cgi "
                  text run at (539,43) width 4: "!"
            RenderTableRow {TR} at (0,960) size 758x44
              RenderTableCell {TD} at (0,960) size 758x44 [border: (1px solid #000000)] [r=19 c=0 rs=1 cs=1]
                RenderText {#text} at (346,1) size 66x14
                  text run at (346,1) width 66: "01. Juni 2001"
                RenderBR {BR} at (411,12) size 1x0
                RenderText {#text} at (264,15) size 230x14
                  text run at (264,15) width 230: "Ein neues Script ist online! G5-ICQ Newsletter. "
                RenderBR {BR} at (494,26) size 0x0
                RenderText {#text} at (282,29) size 194x14
                  text run at (282,29) width 194: "Mehr Info unter \"Perl Scripte\" im Men\x{FC}."
            RenderTableRow {TR} at (0,1004) size 758x44
              RenderTableCell {TD} at (0,1004) size 758x44 [border: (1px solid #000000)] [r=20 c=0 rs=1 cs=1]
                RenderText {#text} at (347,1) size 64x14
                  text run at (347,1) width 64: "31. Mai 2001"
                RenderBR {BR} at (411,12) size 0x0
                RenderText {#text} at (223,15) size 312x14
                  text run at (223,15) width 312: "Ich habe einen ICQ-Newsletter Script installiert, unter dem Men\x{FC}."
                RenderBR {BR} at (534,26) size 1x0
                RenderText {#text} at (238,29) size 282x14
                  text run at (238,29) width 282: "Tragt Euch ein, dann seit Ihr immer auf dem neusten Stand!"
            RenderTableRow {TR} at (0,1048) size 758x30
              RenderTableCell {TD} at (0,1048) size 758x30 [border: (1px solid #000000)] [r=21 c=0 rs=1 cs=1]
                RenderText {#text} at (347,1) size 64x14
                  text run at (347,1) width 64: "26. Mai 2001"
                RenderBR {BR} at (411,12) size 0x0
                RenderText {#text} at (299,15) size 160x14
                  text run at (299,15) width 160: "The Real Topsites v3.0 ist online!"
            RenderTableRow {TR} at (0,1078) size 758x44
              RenderTableCell {TD} at (0,1078) size 758x44 [border: (1px solid #000000)] [r=22 c=0 rs=1 cs=1]
                RenderText {#text} at (347,1) size 64x14
                  text run at (347,1) width 64: "25. Mai 2001"
                RenderBR {BR} at (411,12) size 0x0
                RenderText {#text} at (257,15) size 244x14
                  text run at (257,15) width 244: "Ein neues Script ist online! G5-Download Counter."
                RenderBR {BR} at (500,26) size 1x0
                RenderText {#text} at (282,29) size 194x14
                  text run at (282,29) width 194: "Mehr Info unter \"Perl Scripte\" im Men\x{FC}."
            RenderTableRow {TR} at (0,1122) size 758x72
              RenderTableCell {TD} at (0,1122) size 758x72 [border: (1px solid #000000)] [r=23 c=0 rs=1 cs=1]
                RenderText {#text} at (347,1) size 64x14
                  text run at (347,1) width 64: "24. Mai 2001"
                RenderBR {BR} at (411,12) size 0x0
                RenderText {#text} at (193,15) size 372x14
                  text run at (193,15) width 317: "Ich habe es mir sehr lange \x{FC}berlegt, die Entscheidung war wirklich "
                  text run at (510,15) width 55: "nicht leicht!"
                RenderBR {BR} at (565,26) size 0x0
                RenderText {#text} at (174,29) size 410x14
                  text run at (174,29) width 299: "Ich habe mich entschieden den Script \"The Real Topsites\" zum "
                  text run at (473,29) width 111: "Download freizugeben."
                RenderBR {BR} at (584,40) size 0x0
                RenderText {#text} at (270,43) size 218x14
                  text run at (270,43) width 218: "Ihr k\x{F6}nnt es Euch jetzt kostenlos runter laden!"
                RenderBR {BR} at (487,54) size 1x0
                RenderText {#text} at (339,57) size 80x14
                  text run at (339,57) width 80: "Viel Spa\x{DF} damit!"
            RenderTableRow {TR} at (0,1194) size 758x44
              RenderTableCell {TD} at (0,1194) size 758x44 [border: (1px solid #000000)] [r=24 c=0 rs=1 cs=1]
                RenderText {#text} at (347,1) size 64x14
                  text run at (347,1) width 64: "13. Mai 2001"
                RenderBR {BR} at (411,12) size 0x0
                RenderText {#text} at (8,15) size 742x28
                  text run at (8,15) width 349: "Es gab nur eine kleine Ver\x{E4}nderung bei G5-Sponsor-Manager, man kann "
                  text run at (357,15) width 325: "den Script jetzt auch via Java aufrufen, so das Euer Server jetzt nicht "
                  text run at (682,15) width 68: "unbedingt SSI"
                  text run at (251,29) width 203: "unterst\x{FC}tzen mu\x{DF} um den Script ausf\x{FC}hren "
                  text run at (454,29) width 53: "zu k\x{F6}nnen!"
            RenderTableRow {TR} at (0,1238) size 758x44
              RenderTableCell {TD} at (0,1238) size 758x44 [border: (1px solid #000000)] [r=25 c=0 rs=1 cs=1]
                RenderText {#text} at (344,1) size 70x14
                  text run at (344,1) width 70: "22. April 2001"
                RenderBR {BR} at (414,12) size 0x0
                RenderText {#text} at (260,15) size 238x14
                  text run at (260,15) width 238: "Ein neues Script ist online! G5-Sponsor-Manager."
                RenderBR {BR} at (498,26) size 0x0
                RenderText {#text} at (282,29) size 194x14
                  text run at (282,29) width 194: "Mehr Info unter \"Perl Scripte\" im Men\x{FC}."
            RenderTableRow {TR} at (0,1282) size 758x58
              RenderTableCell {TD} at (0,1282) size 758x58 [border: (1px solid #000000)] [r=26 c=0 rs=1 cs=1]
                RenderText {#text} at (344,1) size 70x14
                  text run at (344,1) width 70: "20. April 2001"
                RenderBR {BR} at (414,12) size 0x0
                RenderText {#text} at (249,15) size 260x14
                  text run at (249,15) width 260: "Auf einige Anfragen habe ich eine Demonstration von "
                RenderBR {BR} at (508,26) size 1x0
                RenderText {#text} at (259,29) size 240x14
                  text run at (259,29) width 240: "\"The Real Topsites\" (Toplist Script) ver\x{F6}ffentlicht!"
                RenderBR {BR} at (499,40) size 0x0
                RenderText {#text} at (282,43) size 194x14
                  text run at (282,43) width 194: "Mehr Info unter \"Perl Scripte\" im Men\x{FC}."
            RenderTableRow {TR} at (0,1340) size 758x30
              RenderTableCell {TD} at (0,1340) size 758x30 [border: (1px solid #000000)] [r=27 c=0 rs=1 cs=1]
                RenderText {#text} at (344,1) size 70x14
                  text run at (344,1) width 70: "13. M\x{E4}rz 2001"
                RenderBR {BR} at (414,12) size 0x0
                RenderText {#text} at (272,15) size 214x14
                  text run at (272,15) width 214: "An diesem Tag ging die G5-Script.de online!"
            RenderTableRow {TR} at (0,1370) size 758x16
              RenderTableCell {TD} at (0,1370) size 758x16 [border: (1px solid #000000)] [r=28 c=0 rs=1 cs=1]
                RenderText {#text} at (377,1) size 4x14
                  text run at (377,1) width 4: " "
        RenderBlock (anonymous) at (0,1402) size 800x14
          RenderBR {BR} at (400,0) size 0x14
