layer at (0,0) size 800x600
  RenderView at (0,0) size 800x600
layer at (0,0) size 800x600
  RenderBlock {HTML} at (0,0) size 800x600
    RenderBody {BODY} at (8,8) size 784x584
      RenderTable {TABLE} at (0,0) size 600x355
        RenderTableSection {TBODY} at (0,0) size 600x355
          RenderTableRow {TR} at (0,0) size 600x355
            RenderTableCell {TD} at (0,0) size 600x355 [r=0 c=0 rs=1 cs=1]
              RenderBlock (anonymous) at (0,0) size 600x1
                RenderImage {IMG} at (0,0) size 600x1
                RenderText {#text} at (0,0) size 0x0
              RenderBlock {BLOCKQUOTE} at (40,13) size 520x330
                RenderBlock {BLOCKQUOTE} at (40,0) size 440x330
                  RenderBlock (anonymous) at (0,0) size 440x126
                    RenderTable {TABLE} at (180,0) size 260x275
                      RenderTableSection {TBODY} at (0,0) size 260x275
                        RenderTableRow {TR} at (0,0) size 260x18
                          RenderTableCell {TD} at (0,0) size 6x18 [bgcolor=#FFFFFF] [r=0 c=0 rs=1 cs=1]
                            RenderBR {BR} at (2,2) size 0x14
                          RenderTableCell {TD} at (6,0) size 254x17 [bgcolor=#CCCCDD] [r=0 c=1 rs=1 cs=1]
                            RenderInline {FONT} at (0,0) size 189x13
                              RenderInline {B} at (0,0) size 189x13
                                RenderText {#text} at (2,2) size 189x13
                                  text run at (2,2) width 189: "CHAMBERLAIN'S CAREER STATISTICS"
                        RenderTableRow {TR} at (0,18) size 260x257
                          RenderTableCell {TD} at (0,137) size 6x18 [bgcolor=#FFFFFF] [r=1 c=0 rs=1 cs=1]
                            RenderBR {BR} at (2,2) size 0x14
                          RenderTableCell {TD} at (6,18) size 254x257 [r=1 c=1 rs=1 cs=1]
                            RenderTable {TABLE} at (2,2) size 250x240
                              RenderTableSection {TBODY} at (0,0) size 250x240
                                RenderTableRow {TR} at (0,0) size 250x15 [bgcolor=#EEEEEE]
                                  RenderTableCell {TD} at (0,0) size 30x15 [r=0 c=0 rs=1 cs=1]
                                    RenderInline {FONT} at (0,0) size 19x11
                                      RenderText {#text} at (2,2) size 19x11
                                        text run at (2,2) width 19: "Year"
                                  RenderTableCell {TD} at (30,0) size 72x15 [r=0 c=1 rs=1 cs=1]
                                    RenderInline {FONT} at (0,0) size 24x11
                                      RenderText {#text} at (2,2) size 24x11
                                        text run at (2,2) width 24: "Team"
                                  RenderTableCell {TD} at (102,0) size 27x15 [r=0 c=2 rs=1 cs=1]
                                    RenderInline {FONT} at (0,0) size 13x11
                                      RenderText {#text} at (12,2) size 13x11
                                        text run at (12,2) width 13: "GP"
                                  RenderTableCell {TD} at (129,0) size 33x15 [r=0 c=3 rs=1 cs=1]
                                    RenderInline {FONT} at (0,0) size 17x11
                                      RenderText {#text} at (14,2) size 17x11
                                        text run at (14,2) width 17: "Reb"
                                  RenderTableCell {TD} at (162,0) size 27x15 [r=0 c=4 rs=1 cs=1]
                                    RenderInline {FONT} at (0,0) size 20x11
                                      RenderText {#text} at (5,2) size 20x11
                                        text run at (5,2) width 20: "RPG"
                                  RenderTableCell {TD} at (189,0) size 34x15 [r=0 c=5 rs=1 cs=1]
                                    RenderInline {FONT} at (0,0) size 14x11
                                      RenderText {#text} at (18,2) size 14x11
                                        text run at (18,2) width 14: "Pts"
                                  RenderTableCell {TD} at (223,0) size 27x15 [r=0 c=6 rs=1 cs=1]
                                    RenderInline {FONT} at (0,0) size 19x11
                                      RenderText {#text} at (6,2) size 19x11
                                        text run at (6,2) width 19: "PPG"
                                RenderTableRow {TR} at (0,15) size 250x15 [bgcolor=#FFFFFF]
                                  RenderTableCell {TD} at (0,15) size 30x15 [r=1 c=0 rs=1 cs=1]
                                    RenderInline {FONT} at (0,0) size 23x11
                                      RenderText {#text} at (2,2) size 23x11
                                        text run at (2,2) width 23: "59-60"
                                  RenderTableCell {TD} at (30,15) size 72x15 [r=1 c=1 rs=1 cs=1]
                                    RenderInline {FONT} at (0,0) size 49x11
                                      RenderText {#text} at (2,2) size 49x11
                                        text run at (2,2) width 49: "Philadelphia"
                                  RenderTableCell {TD} at (102,15) size 27x15 [r=1 c=2 rs=1 cs=1]
                                    RenderInline {FONT} at (0,0) size 10x11
                                      RenderText {#text} at (15,2) size 10x11
                                        text run at (15,2) width 10: "72"
                                  RenderTableCell {TD} at (129,15) size 33x15 [r=1 c=3 rs=1 cs=1]
                                    RenderInline {FONT} at (0,0) size 20x11
                                      RenderText {#text} at (11,2) size 20x11
                                        text run at (11,2) width 20: "1941"
                                  RenderTableCell {TD} at (162,15) size 27x15 [r=1 c=4 rs=1 cs=1]
                                    RenderInline {FONT} at (0,0) size 18x11
                                      RenderText {#text} at (7,2) size 18x11
                                        text run at (7,2) width 18: "27.0"
                                  RenderTableCell {TD} at (189,15) size 34x15 [r=1 c=5 rs=1 cs=1]
                                    RenderInline {FONT} at (0,0) size 20x11
                                      RenderText {#text} at (12,2) size 20x11
                                        text run at (12,2) width 20: "2707"
                                  RenderTableCell {TD} at (223,15) size 27x15 [r=1 c=6 rs=1 cs=1]
                                    RenderInline {FONT} at (0,0) size 18x11
                                      RenderText {#text} at (7,2) size 18x11
                                        text run at (7,2) width 18: "37.6"
                                RenderTableRow {TR} at (0,30) size 250x15 [bgcolor=#FFFFFF]
                                  RenderTableCell {TD} at (0,30) size 30x15 [r=2 c=0 rs=1 cs=1]
                                    RenderInline {FONT} at (0,0) size 23x11
                                      RenderText {#text} at (2,2) size 23x11
                                        text run at (2,2) width 23: "60-61"
                                  RenderTableCell {TD} at (30,30) size 72x15 [r=2 c=1 rs=1 cs=1]
                                    RenderInline {FONT} at (0,0) size 49x11
                                      RenderText {#text} at (2,2) size 49x11
                                        text run at (2,2) width 49: "Philadelphia"
                                  RenderTableCell {TD} at (102,30) size 27x15 [r=2 c=2 rs=1 cs=1]
                                    RenderInline {FONT} at (0,0) size 10x11
                                      RenderText {#text} at (15,2) size 10x11
                                        text run at (15,2) width 10: "79"
                                  RenderTableCell {TD} at (129,30) size 33x15 [r=2 c=3 rs=1 cs=1]
                                    RenderInline {FONT} at (0,0) size 20x11
                                      RenderText {#text} at (11,2) size 20x11
                                        text run at (11,2) width 20: "2149"
                                  RenderTableCell {TD} at (162,30) size 27x15 [r=2 c=4 rs=1 cs=1]
                                    RenderInline {FONT} at (0,0) size 18x11
                                      RenderText {#text} at (7,2) size 18x11
                                        text run at (7,2) width 18: "27.2"
                                  RenderTableCell {TD} at (189,30) size 34x15 [r=2 c=5 rs=1 cs=1]
                                    RenderInline {FONT} at (0,0) size 20x11
                                      RenderText {#text} at (12,2) size 20x11
                                        text run at (12,2) width 20: "3033"
                                  RenderTableCell {TD} at (223,30) size 27x15 [r=2 c=6 rs=1 cs=1]
                                    RenderInline {FONT} at (0,0) size 18x11
                                      RenderText {#text} at (7,2) size 18x11
                                        text run at (7,2) width 18: "38.4"
                                RenderTableRow {TR} at (0,45) size 250x15 [bgcolor=#FFFFFF]
                                  RenderTableCell {TD} at (0,45) size 30x15 [r=3 c=0 rs=1 cs=1]
                                    RenderInline {FONT} at (0,0) size 23x11
                                      RenderText {#text} at (2,2) size 23x11
                                        text run at (2,2) width 23: "61-62"
                                  RenderTableCell {TD} at (30,45) size 72x15 [r=3 c=1 rs=1 cs=1]
                                    RenderInline {FONT} at (0,0) size 49x11
                                      RenderText {#text} at (2,2) size 49x11
                                        text run at (2,2) width 49: "Philadelphia"
                                  RenderTableCell {TD} at (102,45) size 27x15 [r=3 c=2 rs=1 cs=1]
                                    RenderInline {FONT} at (0,0) size 10x11
                                      RenderText {#text} at (15,2) size 10x11
                                        text run at (15,2) width 10: "80"
                                  RenderTableCell {TD} at (129,45) size 33x15 [r=3 c=3 rs=1 cs=1]
                                    RenderInline {FONT} at (0,0) size 20x11
                                      RenderText {#text} at (11,2) size 20x11
                                        text run at (11,2) width 20: "2052"
                                  RenderTableCell {TD} at (162,45) size 27x15 [r=3 c=4 rs=1 cs=1]
                                    RenderInline {FONT} at (0,0) size 18x11
                                      RenderText {#text} at (7,2) size 18x11
                                        text run at (7,2) width 18: "25.7"
                                  RenderTableCell {TD} at (189,45) size 34x15 [r=3 c=5 rs=1 cs=1]
                                    RenderInline {FONT} at (0,0) size 20x11
                                      RenderText {#text} at (12,2) size 20x11
                                        text run at (12,2) width 20: "4029"
                                  RenderTableCell {TD} at (223,45) size 27x15 [r=3 c=6 rs=1 cs=1]
                                    RenderInline {FONT} at (0,0) size 18x11
                                      RenderText {#text} at (7,2) size 18x11
                                        text run at (7,2) width 18: "50.4"
                                RenderTableRow {TR} at (0,60) size 250x15 [bgcolor=#FFFFFF]
                                  RenderTableCell {TD} at (0,60) size 30x15 [r=4 c=0 rs=1 cs=1]
                                    RenderInline {FONT} at (0,0) size 23x11
                                      RenderText {#text} at (2,2) size 23x11
                                        text run at (2,2) width 23: "62-63"
                                  RenderTableCell {TD} at (30,60) size 72x15 [r=4 c=1 rs=1 cs=1]
                                    RenderInline {FONT} at (0,0) size 60x11
                                      RenderText {#text} at (2,2) size 60x11
                                        text run at (2,2) width 60: "San Francisco"
                                  RenderTableCell {TD} at (102,60) size 27x15 [r=4 c=2 rs=1 cs=1]
                                    RenderInline {FONT} at (0,0) size 10x11
                                      RenderText {#text} at (15,2) size 10x11
                                        text run at (15,2) width 10: "80"
                                  RenderTableCell {TD} at (129,60) size 33x15 [r=4 c=3 rs=1 cs=1]
                                    RenderInline {FONT} at (0,0) size 20x11
                                      RenderText {#text} at (11,2) size 20x11
                                        text run at (11,2) width 20: "1946"
                                  RenderTableCell {TD} at (162,60) size 27x15 [r=4 c=4 rs=1 cs=1]
                                    RenderInline {FONT} at (0,0) size 18x11
                                      RenderText {#text} at (7,2) size 18x11
                                        text run at (7,2) width 18: "24.3"
                                  RenderTableCell {TD} at (189,60) size 34x15 [r=4 c=5 rs=1 cs=1]
                                    RenderInline {FONT} at (0,0) size 20x11
                                      RenderText {#text} at (12,2) size 20x11
                                        text run at (12,2) width 20: "3806"
                                  RenderTableCell {TD} at (223,60) size 27x15 [r=4 c=6 rs=1 cs=1]
                                    RenderInline {FONT} at (0,0) size 18x11
                                      RenderText {#text} at (7,2) size 18x11
                                        text run at (7,2) width 18: "44.8"
                                RenderTableRow {TR} at (0,75) size 250x15 [bgcolor=#FFFFFF]
                                  RenderTableCell {TD} at (0,75) size 30x15 [r=5 c=0 rs=1 cs=1]
                                    RenderInline {FONT} at (0,0) size 23x11
                                      RenderText {#text} at (2,2) size 23x11
                                        text run at (2,2) width 23: "63-64"
                                  RenderTableCell {TD} at (30,75) size 72x15 [r=5 c=1 rs=1 cs=1]
                                    RenderInline {FONT} at (0,0) size 60x11
                                      RenderText {#text} at (2,2) size 60x11
                                        text run at (2,2) width 60: "San Francisco"
                                  RenderTableCell {TD} at (102,75) size 27x15 [r=5 c=2 rs=1 cs=1]
                                    RenderInline {FONT} at (0,0) size 10x11
                                      RenderText {#text} at (15,2) size 10x11
                                        text run at (15,2) width 10: "80"
                                  RenderTableCell {TD} at (129,75) size 33x15 [r=5 c=3 rs=1 cs=1]
                                    RenderInline {FONT} at (0,0) size 20x11
                                      RenderText {#text} at (11,2) size 20x11
                                        text run at (11,2) width 20: "1787"
                                  RenderTableCell {TD} at (162,75) size 27x15 [r=5 c=4 rs=1 cs=1]
                                    RenderInline {FONT} at (0,0) size 18x11
                                      RenderText {#text} at (7,2) size 18x11
                                        text run at (7,2) width 18: "22.3"
                                  RenderTableCell {TD} at (189,75) size 34x15 [r=5 c=5 rs=1 cs=1]
                                    RenderInline {FONT} at (0,0) size 20x11
                                      RenderText {#text} at (12,2) size 20x11
                                        text run at (12,2) width 20: "2948"
                                  RenderTableCell {TD} at (223,75) size 27x15 [r=5 c=6 rs=1 cs=1]
                                    RenderInline {FONT} at (0,0) size 18x11
                                      RenderText {#text} at (7,2) size 18x11
                                        text run at (7,2) width 18: "36.9"
                                RenderTableRow {TR} at (0,90) size 250x15 [bgcolor=#FFFFFF]
                                  RenderTableCell {TD} at (0,90) size 30x15 [r=6 c=0 rs=1 cs=1]
                                    RenderInline {FONT} at (0,0) size 23x11
                                      RenderText {#text} at (2,2) size 23x11
                                        text run at (2,2) width 23: "64-65"
                                  RenderTableCell {TD} at (30,90) size 72x15 [r=6 c=1 rs=1 cs=1]
                                    RenderInline {FONT} at (0,0) size 41x11
                                      RenderText {#text} at (2,2) size 41x11
                                        text run at (2,2) width 41: "S.F.-Phila"
                                  RenderTableCell {TD} at (102,90) size 27x15 [r=6 c=2 rs=1 cs=1]
                                    RenderInline {FONT} at (0,0) size 10x11
                                      RenderText {#text} at (15,2) size 10x11
                                        text run at (15,2) width 10: "73"
                                  RenderTableCell {TD} at (129,90) size 33x15 [r=6 c=3 rs=1 cs=1]
                                    RenderInline {FONT} at (0,0) size 20x11
                                      RenderText {#text} at (11,2) size 20x11
                                        text run at (11,2) width 20: "1673"
                                  RenderTableCell {TD} at (162,90) size 27x15 [r=6 c=4 rs=1 cs=1]
                                    RenderInline {FONT} at (0,0) size 18x11
                                      RenderText {#text} at (7,2) size 18x11
                                        text run at (7,2) width 18: "22.9"
                                  RenderTableCell {TD} at (189,90) size 34x15 [r=6 c=5 rs=1 cs=1]
                                    RenderInline {FONT} at (0,0) size 20x11
                                      RenderText {#text} at (12,2) size 20x11
                                        text run at (12,2) width 20: "2534"
                                  RenderTableCell {TD} at (223,90) size 27x15 [r=6 c=6 rs=1 cs=1]
                                    RenderInline {FONT} at (0,0) size 18x11
                                      RenderText {#text} at (7,2) size 18x11
                                        text run at (7,2) width 18: "34.7"
                                RenderTableRow {TR} at (0,105) size 250x15 [bgcolor=#FFFFFF]
                                  RenderTableCell {TD} at (0,105) size 30x15 [r=7 c=0 rs=1 cs=1]
                                    RenderInline {FONT} at (0,0) size 23x11
                                      RenderText {#text} at (2,2) size 23x11
                                        text run at (2,2) width 23: "65-66"
                                  RenderTableCell {TD} at (30,105) size 72x15 [r=7 c=1 rs=1 cs=1]
                                    RenderInline {FONT} at (0,0) size 49x11
                                      RenderText {#text} at (2,2) size 49x11
                                        text run at (2,2) width 49: "Philadelphia"
                                  RenderTableCell {TD} at (102,105) size 27x15 [r=7 c=2 rs=1 cs=1]
                                    RenderInline {FONT} at (0,0) size 10x11
                                      RenderText {#text} at (15,2) size 10x11
                                        text run at (15,2) width 10: "79"
                                  RenderTableCell {TD} at (129,105) size 33x15 [r=7 c=3 rs=1 cs=1]
                                    RenderInline {FONT} at (0,0) size 20x11
                                      RenderText {#text} at (11,2) size 20x11
                                        text run at (11,2) width 20: "1943"
                                  RenderTableCell {TD} at (162,105) size 27x15 [r=7 c=4 rs=1 cs=1]
                                    RenderInline {FONT} at (0,0) size 18x11
                                      RenderText {#text} at (7,2) size 18x11
                                        text run at (7,2) width 18: "24.6"
                                  RenderTableCell {TD} at (189,105) size 34x15 [r=7 c=5 rs=1 cs=1]
                                    RenderInline {FONT} at (0,0) size 20x11
                                      RenderText {#text} at (12,2) size 20x11
                                        text run at (12,2) width 20: "2649"
                                  RenderTableCell {TD} at (223,105) size 27x15 [r=7 c=6 rs=1 cs=1]
                                    RenderInline {FONT} at (0,0) size 18x11
                                      RenderText {#text} at (7,2) size 18x11
                                        text run at (7,2) width 18: "33.5"
                                RenderTableRow {TR} at (0,120) size 250x15 [bgcolor=#FFFFFF]
                                  RenderTableCell {TD} at (0,120) size 30x15 [r=8 c=0 rs=1 cs=1]
                                    RenderInline {FONT} at (0,0) size 23x11
                                      RenderText {#text} at (2,2) size 23x11
                                        text run at (2,2) width 23: "66-67"
                                  RenderTableCell {TD} at (30,120) size 72x15 [r=8 c=1 rs=1 cs=1]
                                    RenderInline {FONT} at (0,0) size 49x11
                                      RenderText {#text} at (2,2) size 49x11
                                        text run at (2,2) width 49: "Philadelphia"
                                  RenderTableCell {TD} at (102,120) size 27x15 [r=8 c=2 rs=1 cs=1]
                                    RenderInline {FONT} at (0,0) size 10x11
                                      RenderText {#text} at (15,2) size 10x11
                                        text run at (15,2) width 10: "81"
                                  RenderTableCell {TD} at (129,120) size 33x15 [r=8 c=3 rs=1 cs=1]
                                    RenderInline {FONT} at (0,0) size 20x11
                                      RenderText {#text} at (11,2) size 20x11
                                        text run at (11,2) width 20: "1957"
                                  RenderTableCell {TD} at (162,120) size 27x15 [r=8 c=4 rs=1 cs=1]
                                    RenderInline {FONT} at (0,0) size 18x11
                                      RenderText {#text} at (7,2) size 18x11
                                        text run at (7,2) width 18: "24.2"
                                  RenderTableCell {TD} at (189,120) size 34x15 [r=8 c=5 rs=1 cs=1]
                                    RenderInline {FONT} at (0,0) size 20x11
                                      RenderText {#text} at (12,2) size 20x11
                                        text run at (12,2) width 20: "1956"
                                  RenderTableCell {TD} at (223,120) size 27x15 [r=8 c=6 rs=1 cs=1]
                                    RenderInline {FONT} at (0,0) size 18x11
                                      RenderText {#text} at (7,2) size 18x11
                                        text run at (7,2) width 18: "24.1"
                                RenderTableRow {TR} at (0,135) size 250x15 [bgcolor=#FFFFFF]
                                  RenderTableCell {TD} at (0,135) size 30x15 [r=9 c=0 rs=1 cs=1]
                                    RenderInline {FONT} at (0,0) size 23x11
                                      RenderText {#text} at (2,2) size 23x11
                                        text run at (2,2) width 23: "67-68"
                                  RenderTableCell {TD} at (30,135) size 72x15 [r=9 c=1 rs=1 cs=1]
                                    RenderInline {FONT} at (0,0) size 49x11
                                      RenderText {#text} at (2,2) size 49x11
                                        text run at (2,2) width 49: "Philadelphia"
                                  RenderTableCell {TD} at (102,135) size 27x15 [r=9 c=2 rs=1 cs=1]
                                    RenderInline {FONT} at (0,0) size 10x11
                                      RenderText {#text} at (15,2) size 10x11
                                        text run at (15,2) width 10: "82"
                                  RenderTableCell {TD} at (129,135) size 33x15 [r=9 c=3 rs=1 cs=1]
                                    RenderInline {FONT} at (0,0) size 20x11
                                      RenderText {#text} at (11,2) size 20x11
                                        text run at (11,2) width 20: "1952"
                                  RenderTableCell {TD} at (162,135) size 27x15 [r=9 c=4 rs=1 cs=1]
                                    RenderInline {FONT} at (0,0) size 18x11
                                      RenderText {#text} at (7,2) size 18x11
                                        text run at (7,2) width 18: "23.8"
                                  RenderTableCell {TD} at (189,135) size 34x15 [r=9 c=5 rs=1 cs=1]
                                    RenderInline {FONT} at (0,0) size 20x11
                                      RenderText {#text} at (12,2) size 20x11
                                        text run at (12,2) width 20: "1992"
                                  RenderTableCell {TD} at (223,135) size 27x15 [r=9 c=6 rs=1 cs=1]
                                    RenderInline {FONT} at (0,0) size 18x11
                                      RenderText {#text} at (7,2) size 18x11
                                        text run at (7,2) width 18: "24.3"
                                RenderTableRow {TR} at (0,150) size 250x15 [bgcolor=#FFFFFF]
                                  RenderTableCell {TD} at (0,150) size 30x15 [r=10 c=0 rs=1 cs=1]
                                    RenderInline {FONT} at (0,0) size 23x11
                                      RenderText {#text} at (2,2) size 23x11
                                        text run at (2,2) width 23: "68-69"
                                  RenderTableCell {TD} at (30,150) size 72x15 [r=10 c=1 rs=1 cs=1]
                                    RenderInline {FONT} at (0,0) size 48x11
                                      RenderText {#text} at (2,2) size 48x11
                                        text run at (2,2) width 48: "L.A. Lakers"
                                  RenderTableCell {TD} at (102,150) size 27x15 [r=10 c=2 rs=1 cs=1]
                                    RenderInline {FONT} at (0,0) size 10x11
                                      RenderText {#text} at (15,2) size 10x11
                                        text run at (15,2) width 10: "81"
                                  RenderTableCell {TD} at (129,150) size 33x15 [r=10 c=3 rs=1 cs=1]
                                    RenderInline {FONT} at (0,0) size 20x11
                                      RenderText {#text} at (11,2) size 20x11
                                        text run at (11,2) width 20: "1712"
                                  RenderTableCell {TD} at (162,150) size 27x15 [r=10 c=4 rs=1 cs=1]
                                    RenderInline {FONT} at (0,0) size 18x11
                                      RenderText {#text} at (7,2) size 18x11
                                        text run at (7,2) width 18: "21.1"
                                  RenderTableCell {TD} at (189,150) size 34x15 [r=10 c=5 rs=1 cs=1]
                                    RenderInline {FONT} at (0,0) size 20x11
                                      RenderText {#text} at (12,2) size 20x11
                                        text run at (12,2) width 20: "1664"
                                  RenderTableCell {TD} at (223,150) size 27x15 [r=10 c=6 rs=1 cs=1]
                                    RenderInline {FONT} at (0,0) size 18x11
                                      RenderText {#text} at (7,2) size 18x11
                                        text run at (7,2) width 18: "20.5"
                                RenderTableRow {TR} at (0,165) size 250x15 [bgcolor=#FFFFFF]
                                  RenderTableCell {TD} at (0,165) size 30x15 [r=11 c=0 rs=1 cs=1]
                                    RenderInline {FONT} at (0,0) size 23x11
                                      RenderText {#text} at (2,2) size 23x11
                                        text run at (2,2) width 23: "69-70"
                                  RenderTableCell {TD} at (30,165) size 72x15 [r=11 c=1 rs=1 cs=1]
                                    RenderInline {FONT} at (0,0) size 48x11
                                      RenderText {#text} at (2,2) size 48x11
                                        text run at (2,2) width 48: "L.A. Lakers"
                                  RenderTableCell {TD} at (102,165) size 27x15 [r=11 c=2 rs=1 cs=1]
                                    RenderInline {FONT} at (0,0) size 10x11
                                      RenderText {#text} at (15,2) size 10x11
                                        text run at (15,2) width 10: "12"
                                  RenderTableCell {TD} at (129,165) size 33x15 [r=11 c=3 rs=1 cs=1]
                                    RenderInline {FONT} at (0,0) size 15x11
                                      RenderText {#text} at (16,2) size 15x11
                                        text run at (16,2) width 15: "221"
                                  RenderTableCell {TD} at (162,165) size 27x15 [r=11 c=4 rs=1 cs=1]
                                    RenderInline {FONT} at (0,0) size 18x11
                                      RenderText {#text} at (7,2) size 18x11
                                        text run at (7,2) width 18: "18.4"
                                  RenderTableCell {TD} at (189,165) size 34x15 [r=11 c=5 rs=1 cs=1]
                                    RenderInline {FONT} at (0,0) size 15x11
                                      RenderText {#text} at (17,2) size 15x11
                                        text run at (17,2) width 15: "328"
                                  RenderTableCell {TD} at (223,165) size 27x15 [r=11 c=6 rs=1 cs=1]
                                    RenderInline {FONT} at (0,0) size 18x11
                                      RenderText {#text} at (7,2) size 18x11
                                        text run at (7,2) width 18: "27.3"
                                RenderTableRow {TR} at (0,180) size 250x15 [bgcolor=#FFFFFF]
                                  RenderTableCell {TD} at (0,180) size 30x15 [r=12 c=0 rs=1 cs=1]
                                    RenderInline {FONT} at (0,0) size 23x11
                                      RenderText {#text} at (2,2) size 23x11
                                        text run at (2,2) width 23: "70-71"
                                  RenderTableCell {TD} at (30,180) size 72x15 [r=12 c=1 rs=1 cs=1]
                                    RenderInline {FONT} at (0,0) size 48x11
                                      RenderText {#text} at (2,2) size 48x11
                                        text run at (2,2) width 48: "L.A. Lakers"
                                  RenderTableCell {TD} at (102,180) size 27x15 [r=12 c=2 rs=1 cs=1]
                                    RenderInline {FONT} at (0,0) size 10x11
                                      RenderText {#text} at (15,2) size 10x11
                                        text run at (15,2) width 10: "82"
                                  RenderTableCell {TD} at (129,180) size 33x15 [r=12 c=3 rs=1 cs=1]
                                    RenderInline {FONT} at (0,0) size 20x11
                                      RenderText {#text} at (11,2) size 20x11
                                        text run at (11,2) width 20: "1493"
                                  RenderTableCell {TD} at (162,180) size 27x15 [r=12 c=4 rs=1 cs=1]
                                    RenderInline {FONT} at (0,0) size 18x11
                                      RenderText {#text} at (7,2) size 18x11
                                        text run at (7,2) width 18: "18.2"
                                  RenderTableCell {TD} at (189,180) size 34x15 [r=12 c=5 rs=1 cs=1]
                                    RenderInline {FONT} at (0,0) size 20x11
                                      RenderText {#text} at (12,2) size 20x11
                                        text run at (12,2) width 20: "1696"
                                  RenderTableCell {TD} at (223,180) size 27x15 [r=12 c=6 rs=1 cs=1]
                                    RenderInline {FONT} at (0,0) size 18x11
                                      RenderText {#text} at (7,2) size 18x11
                                        text run at (7,2) width 18: "20.7"
                                RenderTableRow {TR} at (0,195) size 250x15 [bgcolor=#FFFFFF]
                                  RenderTableCell {TD} at (0,195) size 30x15 [r=13 c=0 rs=1 cs=1]
                                    RenderInline {FONT} at (0,0) size 23x11
                                      RenderText {#text} at (2,2) size 23x11
                                        text run at (2,2) width 23: "71-72"
                                  RenderTableCell {TD} at (30,195) size 72x15 [r=13 c=1 rs=1 cs=1]
                                    RenderInline {FONT} at (0,0) size 48x11
                                      RenderText {#text} at (2,2) size 48x11
                                        text run at (2,2) width 48: "L.A. Lakers"
                                  RenderTableCell {TD} at (102,195) size 27x15 [r=13 c=2 rs=1 cs=1]
                                    RenderInline {FONT} at (0,0) size 10x11
                                      RenderText {#text} at (15,2) size 10x11
                                        text run at (15,2) width 10: "82"
                                  RenderTableCell {TD} at (129,195) size 33x15 [r=13 c=3 rs=1 cs=1]
                                    RenderInline {FONT} at (0,0) size 20x11
                                      RenderText {#text} at (11,2) size 20x11
                                        text run at (11,2) width 20: "1572"
                                  RenderTableCell {TD} at (162,195) size 27x15 [r=13 c=4 rs=1 cs=1]
                                    RenderInline {FONT} at (0,0) size 18x11
                                      RenderText {#text} at (7,2) size 18x11
                                        text run at (7,2) width 18: "19.2"
                                  RenderTableCell {TD} at (189,195) size 34x15 [r=13 c=5 rs=1 cs=1]
                                    RenderInline {FONT} at (0,0) size 20x11
                                      RenderText {#text} at (12,2) size 20x11
                                        text run at (12,2) width 20: "1213"
                                  RenderTableCell {TD} at (223,195) size 27x15 [r=13 c=6 rs=1 cs=1]
                                    RenderInline {FONT} at (0,0) size 18x11
                                      RenderText {#text} at (7,2) size 18x11
                                        text run at (7,2) width 18: "14.8"
                                RenderTableRow {TR} at (0,210) size 250x15 [bgcolor=#FFFFFF]
                                  RenderTableCell {TD} at (0,210) size 30x15 [r=14 c=0 rs=1 cs=1]
                                    RenderInline {FONT} at (0,0) size 23x11
                                      RenderText {#text} at (2,2) size 23x11
                                        text run at (2,2) width 23: "72-73"
                                  RenderTableCell {TD} at (30,210) size 72x15 [r=14 c=1 rs=1 cs=1]
                                    RenderInline {FONT} at (0,0) size 48x11
                                      RenderText {#text} at (2,2) size 48x11
                                        text run at (2,2) width 48: "L.A. Lakers"
                                  RenderTableCell {TD} at (102,210) size 27x15 [r=14 c=2 rs=1 cs=1]
                                    RenderInline {FONT} at (0,0) size 10x11
                                      RenderText {#text} at (15,2) size 10x11
                                        text run at (15,2) width 10: "82"
                                  RenderTableCell {TD} at (129,210) size 33x15 [r=14 c=3 rs=1 cs=1]
                                    RenderInline {FONT} at (0,0) size 20x11
                                      RenderText {#text} at (11,2) size 20x11
                                        text run at (11,2) width 20: "1526"
                                  RenderTableCell {TD} at (162,210) size 27x15 [r=14 c=4 rs=1 cs=1]
                                    RenderInline {FONT} at (0,0) size 18x11
                                      RenderText {#text} at (7,2) size 18x11
                                        text run at (7,2) width 18: "18.6"
                                  RenderTableCell {TD} at (189,210) size 34x15 [r=14 c=5 rs=1 cs=1]
                                    RenderInline {FONT} at (0,0) size 20x11
                                      RenderText {#text} at (12,2) size 20x11
                                        text run at (12,2) width 20: "1084"
                                  RenderTableCell {TD} at (223,210) size 27x15 [r=14 c=6 rs=1 cs=1]
                                    RenderInline {FONT} at (0,0) size 18x11
                                      RenderText {#text} at (7,2) size 18x11
                                        text run at (7,2) width 18: "13.2"
                                RenderTableRow {TR} at (0,225) size 250x15 [bgcolor=#FFFFFF]
                                  RenderTableCell {TD} at (0,225) size 102x15 [r=15 c=0 rs=1 cs=2]
                                    RenderInline {FONT} at (0,0) size 26x11
                                      RenderText {#text} at (2,2) size 26x11
                                        text run at (2,2) width 26: "Totals"
                                  RenderTableCell {TD} at (102,225) size 27x15 [r=15 c=2 rs=1 cs=1]
                                    RenderInline {FONT} at (0,0) size 20x11
                                      RenderText {#text} at (5,2) size 20x11
                                        text run at (5,2) width 20: "1045"
                                  RenderTableCell {TD} at (129,225) size 33x15 [r=15 c=3 rs=1 cs=1]
                                    RenderInline {FONT} at (0,0) size 25x11
                                      RenderText {#text} at (6,2) size 25x11
                                        text run at (6,2) width 25: "23924"
                                  RenderTableCell {TD} at (162,225) size 27x15 [r=15 c=4 rs=1 cs=1]
                                    RenderInline {FONT} at (0,0) size 18x11
                                      RenderText {#text} at (7,2) size 18x11
                                        text run at (7,2) width 18: "22.9"
                                  RenderTableCell {TD} at (189,225) size 34x15 [r=15 c=5 rs=1 cs=1]
                                    RenderInline {FONT} at (0,0) size 25x11
                                      RenderText {#text} at (7,2) size 25x11
                                        text run at (7,2) width 25: "31419"
                                  RenderTableCell {TD} at (223,225) size 27x15 [r=15 c=6 rs=1 cs=1]
                                    RenderInline {FONT} at (0,0) size 18x11
                                      RenderText {#text} at (7,2) size 18x11
                                        text run at (7,2) width 18: "30.1"
                            RenderBlock {HR} at (2,248) size 250x1 [border: (1px inset #000000) none (1px inset #000000)]
                    RenderText {#text} at (0,0) size 172x126
                      text run at (0,0) width 172: "Known as ``Wilt the Stilt'' and ``The"
                      text run at (0,14) width 119: "Big Dipper,'' the 7-foot-1"
                      text run at (0,28) width 158: "Chamberlain dominated the NBA"
                      text run at (0,42) width 163: "from 1959 through 1973, when he"
                      text run at (0,56) width 170: "played for the Philadelphia (later the"
                      text run at (0,70) width 165: "San Francisco) Warriors, the 76ers"
                      text run at (0,84) width 159: "and the Lakers. He scored 31,419"
                      text run at (0,98) width 163: "points during his career, averaging"
                      text run at (0,112) width 121: "30.1 points for his career."
                  RenderBlock {P} at (0,138) size 440x28
                    RenderText {#text} at (0,0) size 146x28
                      text run at (0,0) width 146: "He also led the league in career"
                      text run at (0,14) width 117: "rebounding with 23,924."
                  RenderBlock {P} at (0,178) size 440x98
                    RenderText {#text} at (0,0) size 174x98
                      text run at (0,0) width 165: "One of only two men named MVP"
                      text run at (0,14) width 159: "and rookie of the year in the same"
                      text run at (0,28) width 170: "season (1959), he was also MVP in"
                      text run at (0,42) width 174: "1966 through 1968. He led the NBA"
                      text run at (0,56) width 158: "in scoring seven straight seasons,"
                      text run at (0,70) width 165: "1960 to 1966, and led the league in"
                      text run at (0,84) width 157: "rebounding 11 of his 14 seasons."
                  RenderBlock {P} at (0,288) size 440x42
                    RenderText {#text} at (0,0) size 403x42
                      text run at (0,0) width 389: "One of his most famous records is the 100 points he scored in a single game in the"
                      text run at (0,14) width 403: "Philadelphia Warriors' 169-147 defeat of the New York Knicks on March 2, 1962, in"
                      text run at (0,28) width 61: "Hershey, Pa."
