layer at (0,0) size 800x600
  RenderView at (0,0) size 800x600
layer at (0,0) size 800x600
  RenderBlock {HTML} at (0,0) size 800x600
    RenderBody {BODY} at (8,8) size 784x584
      RenderTable {TABLE} at (0,0) size 55x74 [border: (1px outset #808080)]
        RenderBlock {CAPTION} at (0,0) size 53x28 [color=#008000] [bgcolor=#FFFFE0]
          RenderText {#text} at (5,0) size 45x28
            text run at (5,0) width 43: "Where is"
            text run at (4,14) width 45: "the table?"
        RenderTableSection {THEAD} at (1,29) size 53x22
          RenderTableRow {TR} at (0,2) size 53x18
            RenderTableCell {TD} at (2,2) size 49x18 [border: (1px inset #808080)] [r=0 c=0 rs=1 cs=1]
              RenderText {#text} at (2,2) size 34x14
                text run at (2,2) width 34: "Header"
        RenderTableSection {TBODY} at (1,51) size 53x22
          RenderTableRow {TR} at (0,2) size 53x18
            RenderTableCell {TD} at (2,2) size 49x18 [border: (1px inset #808080)] [r=0 c=0 rs=1 cs=1]
              RenderText {#text} at (2,2) size 45x14
                text run at (2,2) width 45: "Kibology"
      RenderBlock {HR} at (0,80) size 784x2 [border: (1px inset #000000)]
      RenderTable {TABLE} at (0,88) size 55x46 [border: (1px outset #808080)]
        RenderTableSection {THEAD} at (1,1) size 53x22
          RenderTableRow {TR} at (0,2) size 53x18
            RenderTableCell {TD} at (2,2) size 49x18 [border: (1px inset #808080)] [r=0 c=0 rs=1 cs=1]
              RenderText {#text} at (2,2) size 34x14
                text run at (2,2) width 34: "Header"
        RenderTableSection {TBODY} at (1,23) size 53x22
          RenderTableRow {TR} at (0,2) size 53x18
            RenderTableCell {TD} at (2,2) size 49x18 [border: (1px inset #808080)] [r=0 c=0 rs=1 cs=1]
              RenderText {#text} at (2,2) size 45x14
                text run at (2,2) width 45: "Kibology"
      RenderBlock {HR} at (0,140) size 784x2 [border: (1px inset #000000)]
      RenderTable {TABLE} at (0,148) size 55x74 [border: (1px outset #808080)]
        RenderBlock {CAPTION} at (0,0) size 53x28 [color=#008000] [bgcolor=#FFFFE0]
          RenderText {#text} at (1,0) size 51x28
            text run at (1,0) width 51: "Here is the"
            text run at (15,14) width 23: "table"
        RenderTableSection {THEAD} at (1,29) size 53x22
          RenderTableRow {TR} at (0,2) size 53x18
            RenderTableCell {TD} at (2,2) size 49x18 [border: (1px inset #808080)] [r=0 c=0 rs=1 cs=1]
              RenderText {#text} at (2,2) size 34x14
                text run at (2,2) width 34: "Header"
        RenderTableSection {TBODY} at (1,51) size 53x22
          RenderTableRow {TR} at (0,2) size 53x18
            RenderTableCell {TD} at (2,2) size 49x18 [border: (1px inset #808080)] [r=0 c=0 rs=1 cs=1]
              RenderText {#text} at (2,2) size 45x14
                text run at (2,2) width 45: "Kibology"
      RenderTable {TABLE} at (0,222) size 55x74 [border: (1px outset #808080)]
        RenderTableSection {THEAD} at (1,29) size 53x22
          RenderTableRow {TR} at (0,2) size 53x18
            RenderTableCell {TD} at (2,2) size 49x18 [border: (1px inset #808080)] [r=0 c=0 rs=1 cs=1]
              RenderText {#text} at (2,2) size 34x14
                text run at (2,2) width 34: "Header"
        RenderBlock {CAPTION} at (0,0) size 53x28 [color=#008000] [bgcolor=#FFFFE0]
          RenderText {#text} at (5,0) size 45x28
            text run at (5,0) width 43: "Where is"
            text run at (4,14) width 45: "the table?"
        RenderTableSection {TBODY} at (1,51) size 53x22
          RenderTableRow {TR} at (0,2) size 53x18
            RenderTableCell {TD} at (2,2) size 49x18 [border: (1px inset #808080)] [r=0 c=0 rs=1 cs=1]
              RenderText {#text} at (2,2) size 45x14
                text run at (2,2) width 45: "Kibology"
      RenderBlock {HR} at (0,302) size 784x2 [border: (1px inset #000000)]
      RenderTable {TABLE} at (0,310) size 55x46 [border: (1px outset #808080)]
        RenderTableSection {THEAD} at (1,1) size 53x22
          RenderTableRow {TR} at (0,2) size 53x18
            RenderTableCell {TD} at (2,2) size 49x18 [border: (1px inset #808080)] [r=0 c=0 rs=1 cs=1]
              RenderText {#text} at (2,2) size 34x14
                text run at (2,2) width 34: "Header"
        RenderTableSection {TBODY} at (1,23) size 53x22
          RenderTableRow {TR} at (0,2) size 53x18
            RenderTableCell {TD} at (2,2) size 49x18 [border: (1px inset #808080)] [r=0 c=0 rs=1 cs=1]
              RenderText {#text} at (2,2) size 45x14
                text run at (2,2) width 45: "Kibology"
      RenderBlock {HR} at (0,362) size 784x2 [border: (1px inset #000000)]
      RenderTable {TABLE} at (0,370) size 55x74 [border: (1px outset #808080)]
        RenderTableSection {THEAD} at (1,29) size 53x22
          RenderTableRow {TR} at (0,2) size 53x18
            RenderTableCell {TD} at (2,2) size 49x18 [border: (1px inset #808080)] [r=0 c=0 rs=1 cs=1]
              RenderText {#text} at (2,2) size 34x14
                text run at (2,2) width 34: "Header"
        RenderBlock {CAPTION} at (0,0) size 53x28 [color=#008000] [bgcolor=#FFFFE0]
          RenderText {#text} at (1,0) size 51x28
            text run at (1,0) width 51: "Here is the"
            text run at (15,14) width 23: "table"
        RenderTableSection {TBODY} at (1,51) size 53x22
          RenderTableRow {TR} at (0,2) size 53x18
            RenderTableCell {TD} at (2,2) size 49x18 [border: (1px inset #808080)] [r=0 c=0 rs=1 cs=1]
              RenderText {#text} at (2,2) size 45x14
                text run at (2,2) width 45: "Kibology"
