layer at (0,0) size 800x600
  RenderView at (0,0) size 800x600
layer at (0,0) size 800x600
  RenderBlock {HTML} at (0,0) size 800x600
    RenderBody {BODY} at (8,8) size 784x584 [bgcolor=#FFFFFF]
      RenderTable {TABLE} at (0,0) size 606x166 [border: (1px outset #808080)]
        RenderTableSection {TBODY} at (1,1) size 604x164
          RenderTableRow {TR} at (0,0) size 604x62
            RenderTableCell {TD} at (0,0) size 114x136 [border: (1px inset #808080)] [r=0 c=0 rs=3 cs=1]
              RenderImage {IMG} at (1,1) size 112x134
            RenderTableCell {TD} at (114,0) size 490x62 [border: (1px inset #808080)] [r=0 c=1 rs=1 cs=2]
              RenderImage {IMG} at (21,1) size 468x60
          RenderTableRow {TR} at (0,62) size 604x16
            RenderTableCell {TD} at (114,62) size 490x16 [border: (1px inset #808080)] [r=1 c=1 rs=1 cs=2]
              RenderTable {TABLE} at (1,1) size 488x14
                RenderTableSection {TBODY} at (0,0) size 488x14
                  RenderTableRow {TR} at (0,0) size 488x14
                    RenderTableCell {TD} at (0,0) size 488x14 [r=0 c=0 rs=1 cs=1]
                      RenderText {#text} at (0,0) size 62x14
                        text run at (0,0) width 62: "Top Nav Bar"
          RenderTableRow {TR} at (0,78) size 604x86
            RenderTableCell {TD} at (114,120) size 337x2 [border: (1px inset #808080)] [r=2 c=1 rs=1 cs=1]
            RenderTableCell {TD} at (451,78) size 153x86 [border: (1px inset #808080)] [r=2 c=2 rs=1 cs=1]
              RenderInline {B} at (0,0) size 149x84
                RenderText {#text} at (1,1) size 149x84
                  text run at (1,1) width 144: "\"Freakish animal-things, all"
                  text run at (1,15) width 129: "sporting maniacal smiles,"
                  text run at (1,29) width 135: "race around a series of ice-"
                  text run at (1,43) width 149: "themed tracks, showing their"
                  text run at (1,57) width 59: "malformed "
                  text run at (60,57) width 90: "asses to the entire"
                  text run at (1,71) width 43: "world. \""
              RenderText {#text} at (0,0) size 0x0
