layer at (0,0) size 800x600
  RenderView at (0,0) size 800x600
layer at (0,0) size 800x600
  RenderBlock {HTML} at (0,0) size 800x600
    RenderBody {BODY} at (8,8) size 784x584
      RenderTable {TABLE} at (0,0) size 784x38 [bgcolor=#E2BF81] [border: (1px outset #808080)]
        RenderTableSection {TBODY} at (1,1) size 782x36
          RenderTableRow {TR} at (0,2) size 782x32
            RenderTableCell {TD} at (2,9) size 27x18 [border: (1px inset #808080)] [r=0 c=0 rs=1 cs=1]
              RenderText {#text} at (2,2) size 23x14
                text run at (2,2) width 23: "<td>"
            RenderTableCell {TD} at (31,9) size 664x18 [border: (1px inset #808080)] [r=0 c=1 rs=1 cs=1]
              RenderText {#text} at (2,2) size 98x14
                text run at (2,2) width 98: "<td width=\"100%\">"
            RenderTableCell {TD} at (697,2) size 83x32 [border: (1px inset #808080)] [r=0 c=2 rs=1 cs=1]
              RenderText {#text} at (2,2) size 79x28
                text run at (2,2) width 16: "<td"
                text run at (2,16) width 79: "width=\"100%\">"
