layer at (0,0) size 800x600
  RenderView at (0,0) size 800x600
layer at (0,0) size 800x600
  RenderBlock {HTML} at (0,0) size 800x600
    RenderBody {BODY} at (8,8) size 784x584 [bgcolor=#C0C0C0]
      RenderTable {TABLE} at (0,0) size 784x72 [border: (4px outset #808080)]
        RenderTableSection {TBODY} at (4,4) size 776x64
          RenderTableRow {TR} at (0,2) size 776x60
            RenderTableCell {TD} at (2,14) size 734x36 [border: (1px inset #808080)] [r=0 c=0 rs=1 cs=1]
              RenderTable {TABLE} at (2,2) size 78x32 [border: (5px outset #808080)]
                RenderTableSection {TBODY} at (5,5) size 68x22
                  RenderTableRow {TR} at (0,2) size 68x18
                    RenderTableCell {TD} at (2,2) size 64x18 [border: (1px inset #808080)] [r=0 c=0 rs=1 cs=1]
                      RenderText {#text} at (2,2) size 35x14
                        text run at (2,2) width 35: "This is "
                      RenderText {#text} at (37,2) size 25x14
                        text run at (37,2) width 25: "cell 1"
            RenderTableCell {TD} at (738,2) size 36x60 [border: (1px inset #808080)] [r=0 c=1 rs=1 cs=1]
              RenderText {#text} at (2,2) size 32x56
                text run at (2,2) width 26: "Hello"
                text run at (2,16) width 32: "world!"
                text run at (2,30) width 26: "Hello"
                text run at (2,44) width 32: "world!"
