layer at (0,0) size 800x600
  RenderView at (0,0) size 800x600
layer at (0,0) size 800x202
  RenderBlock {HTML} at (0,0) size 800x202
    RenderBody {BODY} at (8,12) size 784x178
      RenderTable {TABLE} at (0,0) size 200x26 [border: (2px solid #000000)]
        RenderTableSection {TBODY} at (2,2) size 196x22
          RenderTableRow {TR} at (0,2) size 196x18
            RenderTableCell {TD} at (2,2) size 192x18 [bgcolor=#EEFFEE] [border: (1px solid #808080)] [r=0 c=0 rs=1 cs=1]
              RenderText {#text} at (2,2) size 91x14
                text run at (2,2) width 91: "no cols or colspans"
      RenderTable {TABLE} at (0,38) size 200x26 [border: (2px solid #000000)]
        RenderTableSection {TBODY} at (2,2) size 196x22
          RenderTableRow {TR} at (0,2) size 196x18
            RenderTableCell {TD} at (2,2) size 192x18 [bgcolor=#EEFFEE] [border: (1px solid #808080)] [r=0 c=0 rs=1 cs=1]
              RenderText {#text} at (2,2) size 32x14
                text run at (2,2) width 32: "cols=4"
      RenderTable {TABLE} at (0,76) size 200x26 [border: (2px solid #000000)]
        RenderTableSection {TBODY} at (2,2) size 196x22
          RenderTableRow {TR} at (0,2) size 196x18
            RenderTableCell {TD} at (2,2) size 192x18 [bgcolor=#EEFFEE] [border: (1px solid #808080)] [r=0 c=0 rs=1 cs=4]
              RenderText {#text} at (2,2) size 49x14
                text run at (2,2) width 49: "colspan=4"
      RenderTable {TABLE} at (0,114) size 200x26 [border: (2px solid #000000)]
        RenderTableSection {TBODY} at (2,2) size 196x22
          RenderTableRow {TR} at (0,2) size 196x18
            RenderTableCell {TD} at (2,2) size 192x18 [bgcolor=#EEFFEE] [border: (1px solid #808080)] [r=0 c=0 rs=1 cs=4]
              RenderText {#text} at (2,2) size 87x14
                text run at (2,2) width 87: "cols=4, colspan=4"
      RenderTable {TABLE} at (0,152) size 200x26 [border: (2px solid #000000)]
        RenderTableSection {TBODY} at (2,2) size 196x22
          RenderTableRow {TR} at (0,2) size 196x18
            RenderTableCell {TD} at (2,2) size 192x18 [bgcolor=#EEFFEE] [border: (1px solid #808080)] [r=0 c=0 rs=1 cs=4]
              RenderText {#text} at (2,2) size 59x14
                text run at (2,2) width 59: "see previous"
