layer at (0,0) size 800x600
  RenderView at (0,0) size 800x600
layer at (0,0) size 800x600
  RenderBlock {HTML} at (0,0) size 800x600
    RenderBody {BODY} at (8,8) size 784x584 [bgcolor=#FFFFFF]
      RenderTable {TABLE} at (0,0) size 468x76
        RenderTableSection {TBODY} at (0,0) size 468x76
          RenderTableRow {TR} at (0,0) size 468x1
            RenderTableCell {TD} at (0,0) size 18x0 [r=0 c=0 rs=1 cs=3]
            RenderTableCell {TD} at (18,0) size 187x1 [r=0 c=3 rs=1 cs=1]
              RenderImage {IMG} at (0,0) size 187x1
            RenderTableCell {TD} at (205,0) size 20x1 [r=0 c=4 rs=1 cs=1]
              RenderImage {IMG} at (0,0) size 20x1
            RenderTableCell {TD} at (225,0) size 18x1 [r=0 c=5 rs=1 cs=1]
              RenderImage {IMG} at (0,0) size 18x1
            RenderTableCell {TD} at (243,0) size 18x0 [r=0 c=6 rs=1 cs=3]
            RenderTableCell {TD} at (261,0) size 187x1 [r=0 c=9 rs=1 cs=1]
              RenderImage {IMG} at (0,0) size 187x1
            RenderTableCell {TD} at (448,0) size 20x1 [r=0 c=10 rs=1 cs=1]
              RenderImage {IMG} at (0,0) size 20x1
          RenderTableRow {TR} at (0,1) size 468x22
            RenderTableCell {TD} at (0,1) size 18x22 [r=1 c=0 rs=1 cs=3]
              RenderImage {IMG} at (0,0) size 18x22
            RenderTableCell {TD} at (18,5) size 187x14 [bgcolor=#FFCC00] [r=1 c=3 rs=1 cs=1]
              RenderInline {A} at (0,0) size 91x14 [color=#0000EE]
                RenderInline {B} at (0,0) size 91x14
                  RenderInline {FONT} at (0,0) size 91x14
                    RenderText {#text} at (48,0) size 91x14
                      text run at (48,0) width 91: "Detailed Search"
              RenderText {#text} at (0,0) size 0x0
            RenderTableCell {TD} at (205,1) size 20x22 [r=1 c=4 rs=1 cs=1]
              RenderImage {IMG} at (0,0) size 20x22
            RenderTableCell {TD} at (225,5) size 18x14 [r=1 c=5 rs=1 cs=1]
              RenderText {#text} at (0,0) size 3x14
                text run at (0,0) width 3: " "
            RenderTableCell {TD} at (243,1) size 18x22 [r=1 c=6 rs=1 cs=3]
              RenderImage {IMG} at (0,0) size 18x22
            RenderTableCell {TD} at (261,5) size 187x14 [bgcolor=#FFCC00] [r=1 c=9 rs=1 cs=1]
              RenderInline {A} at (0,0) size 115x14 [color=#0000EE]
                RenderInline {B} at (0,0) size 115x14
                  RenderInline {FONT} at (0,0) size 115x14
                    RenderText {#text} at (36,0) size 115x14
                      text run at (36,0) width 115: "Search By Distance"
              RenderText {#text} at (0,0) size 0x0
            RenderTableCell {TD} at (448,1) size 20x22 [r=1 c=10 rs=1 cs=1]
              RenderImage {IMG} at (0,0) size 20x22
          RenderTableRow {TR} at (0,23) size 468x53
            RenderTableCell {TD} at (0,42) size 6x14 [r=2 c=0 rs=1 cs=1]
              RenderText {#text} at (0,0) size 3x14
                text run at (0,0) width 3: " "
            RenderTableCell {TD} at (6,42) size 7x14 [bgcolor=#EBEBE4] [r=2 c=1 rs=1 cs=1]
              RenderText {#text} at (0,0) size 3x14
                text run at (0,0) width 3: " "
            RenderTableCell {TD} at (13,23) size 212x53 [bgcolor=#EBEBE4] [r=2 c=2 rs=1 cs=3]
              RenderBlock {P} at (0,0) size 212x53
                RenderImage {IMG} at (0,0) size 1x5
                RenderBR {BR} at (1,5) size 0x0
                RenderInline {FONT} at (0,0) size 212x35
                  RenderText {#text} at (0,5) size 212x35
                    text run at (0,5) width 97: "Search using almost "
                    text run at (97,5) width 88: "any combination of"
                    text run at (0,17) width 212: "business name, category, street address, city,"
                    text run at (0,29) width 134: "state, ZIP, or phone number."
                RenderInline {FONT} at (0,0) size 134x23
                  RenderBR {BR} at (134,38) size 0x0
                  RenderText {#text} at (0,41) size 3x11
                    text run at (0,41) width 3: " "
            RenderTableCell {TD} at (225,42) size 18x14 [r=2 c=5 rs=1 cs=1]
              RenderText {#text} at (0,0) size 3x14
                text run at (0,0) width 3: " "
            RenderTableCell {TD} at (243,42) size 7x14 [r=2 c=6 rs=1 cs=1]
              RenderText {#text} at (0,0) size 3x14
                text run at (0,0) width 3: " "
            RenderTableCell {TD} at (250,42) size 8x14 [bgcolor=#EBEBE4] [r=2 c=7 rs=1 cs=1]
              RenderText {#text} at (0,0) size 3x14
                text run at (0,0) width 3: " "
            RenderTableCell {TD} at (258,23) size 210x29 [bgcolor=#EBEBE4] [r=2 c=8 rs=1 cs=3]
              RenderInline {FONT} at (0,0) size 175x32
                RenderImage {IMG} at (0,0) size 1x5
                RenderBR {BR} at (1,5) size 0x0
                RenderText {#text} at (0,5) size 175x23
                  text run at (0,5) width 175: "Search for businesses within a certain"
                  text run at (0,17) width 168: "distance from a location you specify."
