layer at (0,0) size 800x600
  RenderView at (0,0) size 800x600
layer at (0,0) size 800x36
  RenderBlock {HTML} at (0,0) size 800x36
    RenderBody {BODY} at (8,8) size 784x20
      RenderTable {TABLE} at (0,0) size 83x20
        RenderTableSection {TBODY} at (0,0) size 83x20
          RenderTableRow {TR} at (0,2) size 83x16
            RenderTableCell {TD} at (2,2) size 22x16 [r=0 c=0 rs=1 cs=1]
              RenderText {#text} at (1,1) size 20x14
                text run at (1,1) width 20: "One"
            RenderTableCell {TD} at (26,2) size 24x16 [r=0 c=1 rs=1 cs=1]
              RenderText {#text} at (1,1) size 22x14
                text run at (1,1) width 22: "Two"
            RenderTableCell {TD} at (52,2) size 29x16 [r=0 c=2 rs=1 cs=1]
              RenderText {#text} at (1,1) size 27x14
                text run at (1,1) width 27: "Three"
