layer at (0,0) size 800x600
  RenderView at (0,0) size 800x600
layer at (0,0) size 800x600
  RenderBlock {HTML} at (0,0) size 800x600
    RenderBody {BODY} at (8,8) size 784x584 [bgcolor=#C0C0C0]
      RenderTable {TABLE} at (0,0) size 784x46 [border: (5px outset #808080)]
        RenderTableSection {TBODY} at (5,5) size 774x36
          RenderTableRow {TR} at (0,2) size 774x32
            RenderTableCell {TD} at (2,2) size 709x32 [border: (1px inset #808080)] [r=0 c=0 rs=1 cs=1]
              RenderTable {TABLE} at (2,2) size 705x28 [border: (3px outset #808080)]
                RenderTableSection {TBODY} at (3,3) size 699x22
                  RenderTableRow {TR} at (0,2) size 699x18
                    RenderTableCell {TD} at (2,2) size 695x18 [border: (1px inset #808080)] [r=0 c=0 rs=1 cs=1]
                      RenderText {#text} at (2,2) size 3x14
                        text run at (2,2) width 3: " "
            RenderTableCell {TD} at (713,2) size 59x32 [border: (1px inset #808080)] [r=0 c=1 rs=1 cs=1]
              RenderText {#text} at (2,2) size 45x28
                text run at (2,2) width 32: "This is"
                text run at (2,16) width 45: "some text"
      RenderBlock (anonymous) at (0,46) size 784x14
        RenderBR {BR} at (0,0) size 0x14
      RenderTable {TABLE} at (0,60) size 784x46 [border: (5px outset #808080)]
        RenderTableSection {TBODY} at (5,5) size 774x36
          RenderTableRow {TR} at (0,2) size 774x32
            RenderTableCell {TD} at (2,2) size 709x32 [border: (1px inset #808080)] [r=0 c=0 rs=1 cs=1]
              RenderTable {TABLE} at (2,2) size 705x28 [border: (3px outset #808080)]
                RenderTableSection {TBODY} at (3,3) size 699x22
                  RenderTableRow {TR} at (0,2) size 699x18
                    RenderTableCell {TD} at (2,2) size 695x18 [border: (1px inset #808080)] [r=0 c=0 rs=1 cs=1]
                      RenderText {#text} at (2,2) size 3x14
                        text run at (2,2) width 3: " "
            RenderTableCell {TD} at (713,2) size 59x32 [border: (1px inset #808080)] [r=0 c=1 rs=1 cs=1]
              RenderText {#text} at (2,2) size 45x28
                text run at (2,2) width 32: "This is"
                text run at (2,16) width 45: "some text"
