layer at (0,0) size 800x600
  RenderView at (0,0) size 800x600
layer at (0,0) size 800x600
  RenderBlock {HTML} at (0,0) size 800x600
    RenderBody {BODY} at (8,8) size 784x584
      RenderBlock (anonymous) at (0,0) size 784x14
        RenderText {#text} at (0,0) size 3x14
          text run at (0,0) width 3: " "
      RenderTable {TABLE} at (0,14) size 168x76 [border: (3px solid #0000BB)]
        RenderBlock {CAPTION} at (0,0) size 162x28
          RenderText {#text} at (0,0) size 162x28
            text run at (0,0) width 162: "Testing BORDERCOLOR tag the"
            text run at (29,14) width 104: "border shood be blue."
        RenderTableSection {TBODY} at (3,31) size 162x42
          RenderTableRow {TR} at (0,2) size 162x18
            RenderTableCell {TD} at (2,2) size 27x18 [border: (1px solid #0000BB)] [r=0 c=0 rs=1 cs=1]
              RenderText {#text} at (2,2) size 23x14
                text run at (2,2) width 23: "mike"
            RenderTableCell {TD} at (31,2) size 23x18 [border: (1px solid #0000BB)] [r=0 c=1 rs=1 cs=1]
              RenderText {#text} at (2,2) size 19x14
                text run at (2,2) width 19: "was"
            RenderTableCell {TD} at (56,2) size 24x18 [border: (1px solid #0000BB)] [r=0 c=2 rs=1 cs=1]
              RenderText {#text} at (2,2) size 20x14
                text run at (2,2) width 20: "here"
            RenderTableCell {TD} at (82,2) size 27x18 [border: (1px solid #0000BB)] [r=0 c=3 rs=1 cs=1]
              RenderText {#text} at (2,2) size 23x14
                text run at (2,2) width 23: "mike"
            RenderTableCell {TD} at (111,2) size 23x18 [border: (1px solid #0000BB)] [r=0 c=4 rs=1 cs=1]
              RenderText {#text} at (2,2) size 19x14
                text run at (2,2) width 19: "was"
            RenderTableCell {TD} at (136,2) size 24x18 [border: (1px solid #0000BB)] [r=0 c=5 rs=1 cs=1]
              RenderText {#text} at (2,2) size 20x14
                text run at (2,2) width 20: "here"
          RenderTableRow {TR} at (0,22) size 162x18
            RenderTableCell {TD} at (2,22) size 27x18 [border: (1px solid #0000BB)] [r=1 c=0 rs=1 cs=1]
              RenderText {#text} at (2,2) size 23x14
                text run at (2,2) width 23: "mike"
            RenderTableCell {TD} at (31,22) size 23x18 [border: (1px solid #0000BB)] [r=1 c=1 rs=1 cs=1]
              RenderText {#text} at (2,2) size 19x14
                text run at (2,2) width 19: "was"
            RenderTableCell {TD} at (56,22) size 24x18 [border: (1px solid #0000BB)] [r=1 c=2 rs=1 cs=1]
              RenderText {#text} at (2,2) size 20x14
                text run at (2,2) width 20: "here"
            RenderTableCell {TD} at (82,22) size 27x18 [border: (1px solid #0000BB)] [r=1 c=3 rs=1 cs=1]
              RenderText {#text} at (2,2) size 23x14
                text run at (2,2) width 23: "mike"
            RenderTableCell {TD} at (111,22) size 23x18 [border: (1px solid #0000BB)] [r=1 c=4 rs=1 cs=1]
              RenderText {#text} at (2,2) size 19x14
                text run at (2,2) width 19: "was"
            RenderTableCell {TD} at (136,22) size 24x18 [border: (1px solid #0000BB)] [r=1 c=5 rs=1 cs=1]
              RenderText {#text} at (2,2) size 20x14
                text run at (2,2) width 20: "here"
