layer at (0,0) size 800x600
  RenderView at (0,0) size 800x600
layer at (0,0) size 800x600
  RenderBlock {HTML} at (0,0) size 800x600
    RenderBody {BODY} at (8,8) size 784x584
      RenderTable {TABLE} at (0,0) size 26x584 [border: (1px outset #808080)]
        RenderTableSection {TBODY} at (1,1) size 24x582
          RenderTableRow {TR} at (0,2) size 24x578
            RenderTableCell {TD} at (2,145) size 20x291 [border: (1px inset #808080)] [r=0 c=0 rs=1 cs=1]
              RenderTable {TABLE} at (2,2) size 16x287 [border: (1px outset #808080)]
                RenderTableSection {TBODY} at (1,1) size 14x285
                  RenderTableRow {TR} at (0,2) size 14x281
                    RenderTableCell {TD} at (2,133) size 10x18 [border: (1px inset #808080)] [r=0 c=0 rs=1 cs=1]
                      RenderText {#text} at (2,2) size 6x14
                        text run at (2,2) width 6: "x"
