layer at (0,0) size 800x1542
  RenderView at (0,0) size 800x600
layer at (0,0) size 800x1542
  RenderBlock {HTML} at (0,0) size 800x1542
    RenderBody {BODY} at (8,8) size 784x1526
      RenderTable {TABLE} at (0,0) size 784x74 [border: (1px solid #000000)]
        RenderTableSection {TBODY} at (1,1) size 782x72
          RenderTableRow {TR} at (0,2) size 782x68
            RenderTableCell {TD} at (2,2) size 444x68 [border: (1px solid #000000)] [r=0 c=0 rs=1 cs=1]
              RenderImage {IMG} at (2,2) size 88x64
              RenderImage {IMG} at (90,2) size 88x64
              RenderImage {IMG} at (178,2) size 88x64
              RenderImage {IMG} at (266,2) size 88x64
              RenderImage {IMG} at (354,2) size 88x64
            RenderTableCell {TD} at (448,27) size 332x18 [border: (1px solid #000000)] [r=0 c=1 rs=1 cs=1]
              RenderText {#text} at (2,2) size 117x14
                text run at (2,2) width 117: "Nothing between images"
      RenderTable {TABLE} at (0,74) size 784x330 [border: (1px solid #000000)]
        RenderTableSection {TBODY} at (1,1) size 782x328
          RenderTableRow {TR} at (0,2) size 782x324
            RenderTableCell {TD} at (2,2) size 92x324 [border: (1px solid #000000)] [r=0 c=0 rs=1 cs=1]
              RenderImage {IMG} at (2,2) size 88x64
              RenderText {#text} at (0,0) size 0x0
              RenderImage {IMG} at (2,66) size 88x64
              RenderText {#text} at (0,0) size 0x0
              RenderImage {IMG} at (2,130) size 88x64
              RenderText {#text} at (0,0) size 0x0
              RenderImage {IMG} at (2,194) size 88x64
              RenderText {#text} at (0,0) size 0x0
              RenderImage {IMG} at (2,258) size 88x64
            RenderTableCell {TD} at (96,155) size 684x18 [border: (1px solid #000000)] [r=0 c=1 rs=1 cs=1]
              RenderText {#text} at (2,2) size 111x14
                text run at (2,2) width 111: "Spaces between images"
      RenderTable {TABLE} at (0,404) size 784x330 [border: (1px solid #000000)]
        RenderTableSection {TBODY} at (1,1) size 782x328
          RenderTableRow {TR} at (0,2) size 782x324
            RenderTableCell {TD} at (2,2) size 92x324 [border: (1px solid #000000)] [r=0 c=0 rs=1 cs=1]
              RenderImage {IMG} at (2,2) size 88x64
              RenderText {#text} at (0,0) size 0x0
              RenderImage {IMG} at (2,66) size 88x64
              RenderText {#text} at (0,0) size 0x0
              RenderImage {IMG} at (2,130) size 88x64
              RenderText {#text} at (0,0) size 0x0
              RenderImage {IMG} at (2,194) size 88x64
              RenderText {#text} at (0,0) size 0x0
              RenderImage {IMG} at (2,258) size 88x64
            RenderTableCell {TD} at (96,155) size 684x18 [border: (1px solid #000000)] [r=0 c=1 rs=1 cs=1]
              RenderText {#text} at (2,2) size 123x14
                text run at (2,2) width 123: "Newlines between images"
      RenderTable {TABLE} at (0,734) size 784x77 [border: (1px solid #000000)]
        RenderTableSection {TBODY} at (1,1) size 782x75
          RenderTableRow {TR} at (0,2) size 782x71
            RenderTableCell {TD} at (2,2) size 557x71 [border: (1px solid #000000)] [r=0 c=0 rs=1 cs=1]
              RenderText {#text} at (2,55) size 20x14
                text run at (2,55) width 20: "One"
              RenderImage {IMG} at (22,2) size 88x64
              RenderText {#text} at (110,55) size 22x14
                text run at (110,55) width 22: "Two"
              RenderImage {IMG} at (132,2) size 88x64
              RenderText {#text} at (220,55) size 27x14
                text run at (220,55) width 27: "Three"
              RenderImage {IMG} at (247,2) size 88x64
              RenderText {#text} at (335,55) size 23x14
                text run at (335,55) width 23: "Four"
              RenderImage {IMG} at (358,2) size 88x64
              RenderText {#text} at (446,55) size 21x14
                text run at (446,55) width 21: "Five"
              RenderImage {IMG} at (467,2) size 88x64
            RenderTableCell {TD} at (561,28) size 219x18 [border: (1px solid #000000)] [r=0 c=1 rs=1 cs=1]
              RenderText {#text} at (2,2) size 99x14
                text run at (2,2) width 99: "Text between images"
      RenderTable {TABLE} at (0,811) size 784x356 [border: (1px solid #000000)]
        RenderTableSection {TBODY} at (1,1) size 782x354
          RenderTableRow {TR} at (0,2) size 782x350
            RenderTableCell {TD} at (2,2) size 119x350 [border: (1px solid #000000)] [r=0 c=0 rs=1 cs=1]
              RenderText {#text} at (2,2) size 20x14
                text run at (2,2) width 20: "One"
              RenderImage {IMG} at (2,16) size 88x64
              RenderText {#text} at (90,69) size 22x14
                text run at (90,69) width 22: "Two"
              RenderImage {IMG} at (2,83) size 88x64
              RenderText {#text} at (90,136) size 27x14
                text run at (90,136) width 27: "Three"
              RenderImage {IMG} at (2,150) size 88x64
              RenderText {#text} at (90,203) size 23x14
                text run at (90,203) width 23: "Four"
              RenderImage {IMG} at (2,217) size 88x64
              RenderText {#text} at (90,270) size 21x14
                text run at (90,270) width 21: "Five"
              RenderImage {IMG} at (2,284) size 88x64
            RenderTableCell {TD} at (123,168) size 657x18 [border: (1px solid #000000)] [r=0 c=1 rs=1 cs=1]
              RenderText {#text} at (2,2) size 157x14
                text run at (2,2) width 157: "Text with spaces between images"
      RenderTable {TABLE} at (0,1167) size 784x359 [border: (1px solid #000000)]
        RenderTableSection {TBODY} at (1,1) size 782x357
          RenderTableRow {TR} at (0,2) size 782x353
            RenderTableCell {TD} at (2,2) size 125x353 [border: (1px solid #000000)] [r=0 c=0 rs=1 cs=1]
              RenderText {#text} at (2,2) size 20x81
                text run at (2,2) width 20: "One"
                text run at (2,69) width 9: "A"
              RenderImage {IMG} at (11,16) size 88x64
              RenderText {#text} at (99,69) size 119x81
                text run at (99,69) width 22: "Two"
                text run at (2,136) width 6: "b"
              RenderImage {IMG} at (8,83) size 88x64
              RenderText {#text} at (96,136) size 121x81
                text run at (96,136) width 27: "Three"
                text run at (2,203) width 5: "c"
              RenderImage {IMG} at (7,150) size 88x64
              RenderText {#text} at (95,203) size 116x81
                text run at (95,203) width 23: "Four"
                text run at (2,270) width 6: "d"
              RenderImage {IMG} at (8,217) size 88x64
              RenderText {#text} at (96,270) size 115x81
                text run at (96,270) width 21: "Five"
                text run at (2,337) width 5: "e"
              RenderImage {IMG} at (7,284) size 88x64
            RenderTableCell {TD} at (129,169) size 651x18 [border: (1px solid #000000)] [r=0 c=1 rs=1 cs=1]
              RenderText {#text} at (2,2) size 224x14
                text run at (2,2) width 224: "Text with spaces and more text between images"
