layer at (0,0) size 800x600
  RenderView at (0,0) size 800x600
layer at (0,0) size 800x600
  RenderBlock {HTML} at (0,0) size 800x600
    RenderBody {BODY} at (8,8) size 784x584 [bgcolor=#FFFFFF]
      RenderBlock {H4} at (0,0) size 784x14
        RenderText {#text} at (0,0) size 117x14
          text run at (0,0) width 117: "Testcase distilled from "
        RenderInline {A} at (0,0) size 383x14 [color=#0000EE]
          RenderText {#text} at (117,0) size 383x14
            text run at (117,0) width 383: "http://www.download.com/pc/list/0,339,0-b-0-0-a-1,00.html?st.dl.fd.ag.new"
      RenderBlock {H4} at (0,29) size 784x14
        RenderText {#text} at (0,0) size 390x14
          text run at (0,0) width 390: "Resize the width of the window and watch the Buy and Pick columns below."
      RenderTable {TABLE} at (0,58) size 784x38
        RenderTableSection {TBODY} at (0,0) size 784x38
          RenderTableRow {TR} at (0,2) size 784x16 [bgcolor=#CCCCCC]
            RenderTableCell {TD} at (2,2) size 721x16 [r=0 c=0 rs=1 cs=1]
              RenderText {#text} at (1,1) size 74x14
                text run at (1,1) width 74: "Re-sort by Title"
            RenderTableCell {TD} at (725,2) size 25x16 [r=0 c=1 rs=1 cs=1]
              RenderInline {SPAN} at (0,0) size 20x14
                RenderText {#text} at (1,1) size 20x14
                  text run at (1,1) width 20: "Buy"
              RenderText {#text} at (21,1) size 3x14
                text run at (21,1) width 3: " "
            RenderTableCell {TD} at (752,2) size 30x16 [r=0 c=2 rs=1 cs=1]
              RenderText {#text} at (1,1) size 3x14
                text run at (1,1) width 3: " "
              RenderInline {SPAN} at (0,0) size 21x14
                RenderText {#text} at (4,1) size 21x14
                  text run at (4,1) width 21: "Pick"
              RenderText {#text} at (25,1) size 3x14
                text run at (25,1) width 3: " "
          RenderTableRow {TR} at (0,20) size 784x16
            RenderTableCell {TD} at (2,20) size 721x16 [r=1 c=0 rs=1 cs=1]
              RenderText {#text} at (1,1) size 710x14
                text run at (1,1) width 335: "Norton AntiVirus Definitions Update 10/21/99 Update your NAV for "
                text run at (336,1) width 375: "Windows 95/98/NT, Lotus Notes, or Exchange with the latest virus definitions."
            RenderTableCell {TD} at (725,20) size 25x16 [r=1 c=1 rs=1 cs=1]
              RenderText {#text} at (1,1) size 3x14
                text run at (1,1) width 3: " "
            RenderTableCell {TD} at (752,20) size 30x16 [r=1 c=2 rs=1 cs=1]
              RenderText {#text} at (1,1) size 3x14
                text run at (1,1) width 3: " "
      RenderBlock (anonymous) at (0,96) size 784x14
        RenderBR {BR} at (0,0) size 0x14
      RenderBlock {H4} at (0,125) size 784x14
        RenderText {#text} at (0,0) size 365x14
          text run at (0,0) width 365: "This is the same table as above but with all <SPAN> elements removed."
      RenderTable {TABLE} at (0,154) size 784x38
        RenderTableSection {TBODY} at (0,0) size 784x38
          RenderTableRow {TR} at (0,2) size 784x16 [bgcolor=#CCCCCC]
            RenderTableCell {TD} at (2,2) size 721x16 [r=0 c=0 rs=1 cs=1]
              RenderText {#text} at (1,1) size 74x14
                text run at (1,1) width 74: "Re-sort by Title"
            RenderTableCell {TD} at (725,2) size 25x16 [r=0 c=1 rs=1 cs=1]
              RenderText {#text} at (1,1) size 23x14
                text run at (1,1) width 23: "Buy "
            RenderTableCell {TD} at (752,2) size 30x16 [r=0 c=2 rs=1 cs=1]
              RenderText {#text} at (1,1) size 27x14
                text run at (1,1) width 27: " Pick "
          RenderTableRow {TR} at (0,20) size 784x16
            RenderTableCell {TD} at (2,20) size 721x16 [r=1 c=0 rs=1 cs=1]
              RenderText {#text} at (1,1) size 710x14
                text run at (1,1) width 335: "Norton AntiVirus Definitions Update 10/21/99 Update your NAV for "
                text run at (336,1) width 375: "Windows 95/98/NT, Lotus Notes, or Exchange with the latest virus definitions."
            RenderTableCell {TD} at (725,20) size 25x16 [r=1 c=1 rs=1 cs=1]
              RenderText {#text} at (1,1) size 3x14
                text run at (1,1) width 3: " "
            RenderTableCell {TD} at (752,20) size 30x16 [r=1 c=2 rs=1 cs=1]
              RenderText {#text} at (1,1) size 3x14
                text run at (1,1) width 3: " "
