layer at (0,0) size 800x600
  RenderView at (0,0) size 800x600
layer at (0,0) size 800x600
  RenderBlock {HTML} at (0,0) size 800x600
    RenderBody {BODY} at (8,8) size 784x584
      RenderBlock {P} at (0,0) size 784x28
        RenderInline {B} at (0,0) size 748x28
          RenderText {#text} at (0,0) size 748x28
            text run at (0,0) width 748: "original page, stripped down to the problem table (pattern: auto width table with first row has specified width and colspan=2, second row has two"
            text run at (0,14) width 127: "specified width columns)"
      RenderTable {TABLE} at (0,40) size 506x114 [border: (1px outset #808080)]
        RenderTableSection {TBODY} at (1,1) size 504x112
          RenderTableRow {TR} at (0,2) size 504x60
            RenderTableCell {TD} at (2,2) size 500x60 [border: (1px inset #808080)] [r=0 c=0 rs=1 cs=2]
              RenderText {#text} at (2,2) size 489x56
                text run at (2,2) width 326: "Cons For Pokemon \"They're Pokemon card sharks out there. This is "
                text run at (328,2) width 163: "worse than the Cabbage Patch Kid"
                text run at (2,16) width 171: "craze because now it's the kids who "
                text run at (173,16) width 278: "are actually fighting each other instead of just the parents.\" "
                text run at (451,16) width 8: "--"
                text run at (2,30) width 298: "Children are doing anything, including breaking the law, to get "
                text run at (300,30) width 168: "their grubby hands on some trading"
                text run at (2,44) width 102: "cards, observe police."
          RenderTableRow {TR} at (0,64) size 504x46
            RenderTableCell {TD} at (2,64) size 272x18 [border: (1px inset #808080)] [r=1 c=0 rs=1 cs=1]
              RenderText {#text} at (2,2) size 32x14
                text run at (2,2) width 32: "ASDF"
            RenderTableCell {TD} at (276,64) size 226x46 [border: (1px inset #808080)] [r=1 c=1 rs=1 cs=1]
              RenderText {#text} at (2,2) size 219x42
                text run at (2,2) width 24: "Sat., "
                text run at (26,2) width 67: "Dec 11, 1999 "
                text run at (93,2) width 128: "Gay Union Kibosh Hawaii"
                text run at (2,16) width 122: "Supreme Court slams the "
                text run at (124,16) width 84: "door on same-sex"
                text run at (2,30) width 175: "marriages. All eyes look to Vermont."
      RenderBlock (anonymous) at (0,154) size 784x14
        RenderBR {BR} at (0,0) size 0x14
      RenderBlock {P} at (0,180) size 784x14
        RenderInline {B} at (0,0) size 257x14
          RenderText {#text} at (0,0) size 257x14
            text run at (0,0) width 257: "same table, but less content (text) in the first cell ..."
      RenderTable {TABLE} at (0,206) size 506x72 [border: (1px outset #808080)]
        RenderTableSection {TBODY} at (1,1) size 504x70
          RenderTableRow {TR} at (0,2) size 504x18
            RenderTableCell {TD} at (2,2) size 500x18 [border: (1px inset #808080)] [r=0 c=0 rs=1 cs=2]
              RenderText {#text} at (2,2) size 323x14
                text run at (2,2) width 323: "Cons For Pokemon \"They're Pokemon card sharks out there. This is"
          RenderTableRow {TR} at (0,22) size 504x46
            RenderTableCell {TD} at (2,22) size 272x18 [border: (1px inset #808080)] [r=1 c=0 rs=1 cs=1]
              RenderText {#text} at (2,2) size 32x14
                text run at (2,2) width 32: "ASDF"
            RenderTableCell {TD} at (276,22) size 226x46 [border: (1px inset #808080)] [r=1 c=1 rs=1 cs=1]
              RenderText {#text} at (2,2) size 219x42
                text run at (2,2) width 24: "Sat., "
                text run at (26,2) width 67: "Dec 11, 1999 "
                text run at (93,2) width 128: "Gay Union Kibosh Hawaii"
                text run at (2,16) width 122: "Supreme Court slams the "
                text run at (124,16) width 84: "door on same-sex"
                text run at (2,30) width 175: "marriages. All eyes look to Vermont."
