layer at (0,0) size 800x600
  RenderView at (0,0) size 800x600
layer at (0,0) size 800x600
  RenderBlock {HTML} at (0,0) size 800x600
    RenderBody {BODY} at (8,8) size 784x580
      RenderBlock {P} at (0,0) size 784x31
        RenderBlock (anonymous) at (0,0) size 784x11
          RenderInline {CODE} at (0,0) size 186x11
            RenderText {#text} at (0,0) size 186x11
              text run at (0,0) width 186: "<TABLE border=\"0\" frame=\"void\">"
          RenderText {#text} at (0,0) size 0x0
        RenderTable {TABLE} at (0,11) size 55x20
          RenderTableSection {TBODY} at (0,0) size 55x20
            RenderTableRow {TR} at (0,2) size 55x16
              RenderTableCell {TD} at (2,2) size 21x16 [r=0 c=0 rs=1 cs=1]
                RenderText {#text} at (1,1) size 19x14
                  text run at (1,1) width 19: "Left"
              RenderTableCell {TD} at (25,2) size 28x16 [r=0 c=1 rs=1 cs=1]
                RenderText {#text} at (1,1) size 26x14
                  text run at (1,1) width 26: "Right"
