layer at (0,0) size 808x600
  RenderView at (0,0) size 800x600
layer at (0,0) size 800x600
  RenderBlock {HTML} at (0,0) size 800x600
    RenderBody {BODY} at (8,8) size 784x584
      RenderTable {TABLE} at (0,0) size 800x584 [border: (1px outset #808080)]
        RenderTableSection {TBODY} at (1,1) size 798x582
          RenderTableRow {TR} at (0,2) size 798x578
            RenderTableCell {TD} at (2,2) size 794x578 [border: (1px inset #808080)] [r=0 c=0 rs=1 cs=1]
              RenderTable {TABLE} at (2,2) size 790x574 [border: (1px outset #808080)]
                RenderTableSection {TBODY} at (1,1) size 788x572
                  RenderTableRow {TR} at (0,2) size 788x568
                    RenderTableCell {TD} at (2,4) size 784x564 [border: (1px inset #808080)] [r=0 c=0 rs=1 cs=1]
                      RenderPartObject {IFRAME} at (2,2) size 790x560 [border: (5px solid #0000FF)]
                        layer at (0,0) size 780x1416
                          RenderView at (0,0) size 780x550
                        layer at (0,0) size 780x1416
                          RenderBlock {HTML} at (0,0) size 780x1416
                            RenderBody {BODY} at (0,0) size 780x1416 [bgcolor=#53799F]
                              RenderBlock {CENTER} at (0,0) size 780x1416
                                RenderBlock (anonymous) at (0,0) size 780x14
                                  RenderBR {BR} at (390,0) size 0x14
                                RenderTable {TABLE} at (19,14) size 741x1388 [border: (1px solid #000000)]
                                  RenderTableSection {TBODY} at (1,1) size 739x1386
                                    RenderTableRow {TR} at (0,0) size 739x16
                                      RenderTableCell {TD} at (0,0) size 739x16 [bgcolor=#3F5694] [border: (1px solid #000000)] [r=0 c=0 rs=1 cs=1]
                                        RenderText {#text} at (355,1) size 29x14
                                          text run at (355,1) width 29: "News"
                                    RenderTableRow {TR} at (0,16) size 739x30
                                      RenderTableCell {TD} at (0,16) size 739x30 [border: (1px solid #000000)] [r=1 c=0 rs=1 cs=1]
                                        RenderInline {B} at (0,0) size 73x14
                                          RenderText {#text} at (333,1) size 73x14
                                            text run at (333,1) width 73: "11. M\x{E4}rz 2002"
                                        RenderBR {BR} at (405,12) size 1x0
                                        RenderText {#text} at (134,15) size 471x14
                                          text run at (134,15) width 370: "nun gibt es auch eine kommerzielle Version vom PopUp-Manager, mehr Info "
                                          text run at (503,15) width 102: "unter komerz. Scripte"
                                    RenderTableRow {TR} at (0,46) size 739x30
                                      RenderTableCell {TD} at (0,46) size 739x30 [border: (1px solid #000000)] [r=2 c=0 rs=1 cs=1]
                                        RenderInline {B} at (0,0) size 69x14
                                          RenderText {#text} at (335,1) size 69x14
                                            text run at (335,1) width 69: "09.M\x{E4}rz 2002"
                                          RenderBR {BR} at (404,12) size 0x0
                                        RenderText {#text} at (216,15) size 307x14
                                          text run at (216,15) width 307: "neues Script ist online, PopUp-Manager, mehr Info unter Scripte"
                                    RenderTableRow {TR} at (0,76) size 739x30
                                      RenderTableCell {TD} at (0,76) size 739x30 [border: (1px solid #000000)] [r=3 c=0 rs=1 cs=1]
                                        RenderText {#text} at (322,1) size 95x14
                                          text run at (322,1) width 95: "17. November 2001"
                                        RenderBR {BR} at (417,12) size 0x0
                                        RenderText {#text} at (307,15) size 125x14
                                          text run at (307,15) width 125: "Endlich wieder Online! :-)"
                                    RenderTableRow {TR} at (0,106) size 739x114
                                      RenderTableCell {TD} at (0,106) size 739x114 [border: (1px solid #000000)] [r=4 c=0 rs=1 cs=1]
                                        RenderText {#text} at (297,1) size 145x14
                                          text run at (297,1) width 145: "23. Oktober 2001 (21:00 Uhr)"
                                        RenderBR {BR} at (441,12) size 1x0
                                        RenderText {#text} at (328,15) size 83x14
                                          text run at (328,15) width 83: "Es ist vollbracht! "
                                        RenderBR {BR} at (411,26) size 0x0
                                        RenderText {#text} at (250,29) size 239x14
                                          text run at (250,29) width 239: "Ich habe nun den .htaccess-BUG bei den Scripten:"
                                        RenderBR {BR} at (488,40) size 1x0
                                        RenderText {#text} at (173,43) size 393x14
                                          text run at (173,43) width 393: "The Real Topsites, Sponsor Manager, Download Manager und Password Manager"
                                        RenderBR {BR} at (566,54) size 0x0
                                        RenderText {#text} at (187,57) size 365x14
                                          text run at (187,57) width 320: "abgeschafft, brauchte 2 Tage daf\x{FC}r, dabei lag der Fehler vor meiner "
                                          text run at (506,57) width 46: "Nase ! :-)"
                                        RenderBR {BR} at (551,68) size 1x0
                                        RenderText {#text} at (6,71) size 727x42
                                          text run at (6,71) width 281: "F\x{FC}r Euch hei\x{DF}t es, wenn Ihr eines der Scripte benutzt, ladet "
                                          text run at (287,71) width 346: "Euch die admin.cgi runter und vereinbart unbedingt ein neues Password! "
                                          text run at (633,71) width 100: "Au\x{DF}erdem wurde bei"
                                          text run at (23,85) width 234: "der Toplist die Sache mit dem Button Load/Klick "
                                          text run at (257,85) width 350: "um programmiert, f\x{FC}r die Leute die den Button Load/Klick Modus haben, "
                                          text run at (607,85) width 109: "Ihr m\x{FC}st Euch auch die"
                                          text run at (140,99) width 223: "topsites.cgi laden und im Admin Bereich unter "
                                          text run at (362,99) width 237: "Modus unten die URL zu Eurem Button angeben!"
                                    RenderTableRow {TR} at (0,220) size 739x30
                                      RenderTableCell {TD} at (0,220) size 739x30 [border: (1px solid #000000)] [r=5 c=0 rs=1 cs=1]
                                        RenderText {#text} at (327,1) size 85x14
                                          text run at (327,1) width 85: "22. Oktober 2001"
                                        RenderBR {BR} at (411,12) size 1x0
                                        RenderText {#text} at (191,15) size 357x14
                                          text run at (191,15) width 322: "Download-Bereich ist vorrerst geschlo\x{DF}en, kommen Sie bitte sp\x{E4}ter "
                                          text run at (513,15) width 35: "wieder."
                                    RenderTableRow {TR} at (0,250) size 739x44
                                      RenderTableCell {TD} at (0,250) size 739x44 [border: (1px solid #000000)] [r=6 c=0 rs=1 cs=1]
                                        RenderText {#text} at (297,1) size 145x14
                                          text run at (297,1) width 145: "21. Oktober 2001 (22:45 Uhr)"
                                        RenderBR {BR} at (441,12) size 1x0
                                        RenderText {#text} at (20,15) size 699x28
                                          text run at (20,15) width 308: "OK, sorry f\x{FC}r die Unannehmlichkeiten, aber Ihr m\x{FC}sst Euch nun "
                                          text run at (328,15) width 349: "noch mal die Scripte runter laden und die admin.cgi erneuern, hier kommt "
                                          text run at (677,15) width 42: "noch das"
                                          text run at (226,29) width 287: "Password-Manager-Script dazu, sollte jetzt alles sicher sein! "
                                        RenderBR {BR} at (0,0) size 0x0
                                    RenderTableRow {TR} at (0,294) size 739x86
                                      RenderTableCell {TD} at (0,294) size 739x86 [border: (1px solid #000000)] [r=7 c=0 rs=1 cs=1]
                                        RenderText {#text} at (297,1) size 145x14
                                          text run at (297,1) width 145: "21. Oktober 2001 (20:50 Uhr)"
                                        RenderBR {BR} at (441,12) size 1x0
                                        RenderText {#text} at (226,15) size 287x14
                                          text run at (226,15) width 287: "An alle Leute die follgende Scripte von G5-Scripts benutzen:"
                                        RenderBR {BR} at (513,26) size 0x0
                                        RenderText {#text} at (233,29) size 273x14
                                          text run at (233,29) width 273: "The Real Topsites, Download Counter, Sponsor Manager"
                                        RenderBR {BR} at (506,40) size 0x0
                                        RenderText {#text} at (118,43) size 503x14
                                          text run at (118,43) width 349: "bitte noch ein mal runter laden und die admin.cgi erneuern, beim Sponsor "
                                          text run at (466,43) width 155: "Manager kommt noch eine Datei"
                                        RenderBR {BR} at (620,54) size 1x0
                                        RenderText {#text} at (326,57) size 87x14
                                          text run at (326,57) width 87: "'variable.pl' dazu!!"
                                        RenderBR {BR} at (412,68) size 1x0
                                        RenderText {#text} at (153,71) size 433x14
                                          text run at (153,71) width 355: "Der Grund : man hat festgestellt das .htaccess Password Schutz doch nicht "
                                          text run at (508,71) width 78: "das sicherste ist!"
                                    RenderTableRow {TR} at (0,380) size 739x126
                                      RenderTableCell {TD} at (0,380) size 739x126 [border: (1px solid #000000)] [r=8 c=0 rs=1 cs=1]
                                        RenderBlock {P} at (1,1) size 737x84
                                          RenderText {#text} at (326,0) size 85x14
                                            text run at (326,0) width 85: "13. Oktober 2001"
                                          RenderBR {BR} at (410,11) size 1x0
                                          RenderText {#text} at (158,14) size 421x14
                                            text run at (158,14) width 362: "Ich habe es nun endlich geschafft das Gateway bei der Toplist mit IP-Sperre "
                                            text run at (520,14) width 59: "zu versehen,"
                                          RenderBR {BR} at (579,25) size 0x0
                                          RenderText {#text} at (100,28) size 537x14
                                            text run at (100,28) width 331: "dabei war der Fehler den ich vorher nicht verstand eine simple Sache, "
                                            text run at (430,28) width 207: "h\x{E4}tte ich doch ein wenig mehr nachgedacht!"
                                          RenderBR {BR} at (636,39) size 1x0
                                          RenderText {#text} at (12,42) size 727x42
                                            text run at (12,42) width 321: "Des weiteren habe ich noch die Datensicherung umgeschrieben, f\x{FC}r "
                                            text run at (333,42) width 320: "alle die Listen deren Hits ab und zu mal auf 0 gesetzt werden, sollte "
                                            text run at (653,42) width 72: "jetzt nicht mehr"
                                            text run at (5,56) width 267: "passieren und ich habe noch den Mail Versand aus dem "
                                            text run at (271,56) width 338: "Admin-Bereich umgeschrieben und zwar wurde fr\x{FC}her der Text immer "
                                            text run at (608,56) width 124: "zusammen gequetscht, die"
                                            text run at (242,70) width 199: "Enters wurden so zu sagen ignoriert, jetzt "
                                            text run at (440,70) width 55: "nicht mehr!"
                                        RenderBlock {P} at (1,97) size 737x28
                                          RenderText {#text} at (14,0) size 709x28
                                            text run at (14,0) width 280: ">> F\x{FC}r alle die das Script vor dem 11.10.01 runter geladen "
                                            text run at (294,0) width 354: "haben, Ihr solltet es Euch noch mal runter laden und die folgenden Dateien "
                                            text run at (648,0) width 75: "durch die neuen"
                                            text run at (282,14) width 173: "ersetzen: topsites.cgi und admin.cgi ."
                                    RenderTableRow {TR} at (0,506) size 739x30
                                      RenderTableCell {TD} at (0,506) size 739x30 [border: (1px solid #000000)] [r=9 c=0 rs=1 cs=1]
                                        RenderText {#text} at (327,1) size 85x14
                                          text run at (327,1) width 85: "11. Oktober 2001"
                                        RenderBR {BR} at (411,12) size 1x0
                                        RenderText {#text} at (187,15) size 365x14
                                          text run at (187,15) width 365: "neues Script ist online, .htaccess-Password-Manager, mehr Info unter Scripte"
                                    RenderTableRow {TR} at (0,536) size 739x30
                                      RenderTableCell {TD} at (0,536) size 739x30 [border: (1px solid #000000)] [r=10 c=0 rs=1 cs=1]
                                        RenderText {#text} at (322,1) size 95x14
                                          text run at (322,1) width 95: "08. September 2001"
                                        RenderBR {BR} at (417,12) size 0x0
                                        RenderText {#text} at (244,15) size 251x14
                                          text run at (244,15) width 251: "Eine neu Version des Download Counters ist online!"
                                    RenderTableRow {TR} at (0,566) size 739x44
                                      RenderTableCell {TD} at (0,566) size 739x44 [border: (1px solid #000000)] [r=11 c=0 rs=1 cs=1]
                                        RenderText {#text} at (329,1) size 81x14
                                          text run at (329,1) width 81: "11. August 2001"
                                        RenderBR {BR} at (409,12) size 1x0
                                        RenderText {#text} at (120,15) size 499x14
                                          text run at (120,15) width 333: "Ich habe so eben eine random.cgi f\x{FC}r den Topsites Script geschrieben. "
                                          text run at (453,15) width 166: "Die random.cgi f\x{FC}hrt den Besucher"
                                        RenderBR {BR} at (619,26) size 0x0
                                        RenderText {#text} at (287,29) size 165x14
                                          text run at (287,29) width 165: "auf eine zuf\x{E4}llig ausgew\x{E4}hlte Seite."
                                    RenderTableRow {TR} at (0,610) size 739x44
                                      RenderTableCell {TD} at (0,610) size 739x44 [border: (1px solid #000000)] [r=12 c=0 rs=1 cs=1]
                                        RenderText {#text} at (329,1) size 81x14
                                          text run at (329,1) width 81: "08. August 2001"
                                        RenderBR {BR} at (409,12) size 1x0
                                        RenderText {#text} at (168,15) size 403x14
                                          text run at (168,15) width 347: "Ich schreibe gerade eine neue Version von dem Download Counter, bitte "
                                          text run at (514,15) width 57: "schreibt mir"
                                        RenderBR {BR} at (570,26) size 1x0
                                        RenderText {#text} at (235,29) size 269x14
                                          text run at (235,29) width 269: "ins Forum was Ihr da alles haben wollt, wer das benutzt!"
                                    RenderTableRow {TR} at (0,654) size 739x44
                                      RenderTableCell {TD} at (0,654) size 739x44 [border: (1px solid #000000)] [r=13 c=0 rs=1 cs=1]
                                        RenderText {#text} at (338,1) size 63x14
                                          text run at (338,1) width 63: "09. Juli 2001"
                                        RenderBR {BR} at (400,12) size 1x0
                                        RenderText {#text} at (9,15) size 721x28
                                          text run at (9,15) width 336: "eine kleiner Bug in der Topsites.cgi wurde behoben! Wer m\x{F6}chte kann "
                                          text run at (345,15) width 315: "sich die jetzige Zip runter laden und die topsites.cgi auktualisieren, "
                                          text run at (660,15) width 70: "mu\x{DF} aber nicht"
                                          text run at (333,29) width 73: "unbedingt sein!"
                                    RenderTableRow {TR} at (0,698) size 739x44
                                      RenderTableCell {TD} at (0,698) size 739x44 [border: (1px solid #000000)] [r=14 c=0 rs=1 cs=1]
                                        RenderText {#text} at (338,1) size 63x14
                                          text run at (338,1) width 63: "01. Juli 2001"
                                        RenderBR {BR} at (400,12) size 1x0
                                        RenderText {#text} at (158,15) size 423x14
                                          text run at (158,15) width 375: "Jetzt haben wir einen Support Forum, postet Eure Fragen da rein und versuche "
                                          text run at (532,15) width 49: "Sie alle zu"
                                        RenderBR {BR} at (580,26) size 1x0
                                        RenderText {#text} at (139,29) size 461x14
                                          text run at (139,29) width 295: "beantworten! Au\x{DF}erdem k\x{F6}nnt Ihr dort auch Eure Vorschl\x{E4}ge "
                                          text run at (433,29) width 167: "zu den einzelnen Scripten abgeben!"
                                    RenderTableRow {TR} at (0,742) size 739x44
                                      RenderTableCell {TD} at (0,742) size 739x44 [border: (1px solid #000000)] [r=15 c=0 rs=1 cs=1]
                                        RenderText {#text} at (338,1) size 63x14
                                          text run at (338,1) width 63: "01. Juli 2001"
                                        RenderBR {BR} at (400,12) size 1x0
                                        RenderText {#text} at (178,15) size 383x14
                                          text run at (178,15) width 364: "Und wieder eine neue Version von The Real Topsites ist online, die Version "
                                          text run at (541,15) width 20: "3.4!"
                                        RenderBR {BR} at (560,26) size 1x0
                                        RenderText {#text} at (205,29) size 329x14
                                          text run at (205,29) width 329: "Es gibt einige neue Funktionen und es wurde auch einiges verbessert!"
                                    RenderTableRow {TR} at (0,786) size 739x44
                                      RenderTableCell {TD} at (0,786) size 739x44 [border: (1px solid #000000)] [r=16 c=0 rs=1 cs=1]
                                        RenderText {#text} at (337,1) size 65x14
                                          text run at (337,1) width 65: "20. Juni 2001"
                                        RenderBR {BR} at (402,12) size 0x0
                                        RenderText {#text} at (189,15) size 361x14
                                          text run at (189,15) width 338: "unser Hoster hat ein paar kleine Probleme also sollte irgend was an der "
                                          text run at (526,15) width 24: "Seite"
                                        RenderBR {BR} at (549,26) size 1x0
                                        RenderText {#text} at (277,29) size 185x14
                                          text run at (277,29) width 185: "nicht gehen, einfach wieder versuchen!"
                                    RenderTableRow {TR} at (0,830) size 739x72
                                      RenderTableCell {TD} at (0,830) size 739x72 [border: (1px solid #000000)] [r=17 c=0 rs=1 cs=1]
                                        RenderText {#text} at (337,1) size 65x14
                                          text run at (337,1) width 65: "09. Juni 2001"
                                        RenderBR {BR} at (402,12) size 0x0
                                        RenderText {#text} at (161,15) size 417x14
                                          text run at (161,15) width 335: "Die neue Version (3.3) von The Real Topsites ist online, es gibt einige "
                                          text run at (496,15) width 82: "neue Funktionen "
                                        RenderBR {BR} at (578,26) size 0x0
                                        RenderText {#text} at (281,29) size 177x14
                                          text run at (281,29) width 177: "und es wurde auch einiges ver\x{E4}ndert!"
                                        RenderBR {BR} at (457,40) size 1x0
                                        RenderText {#text} at (271,43) size 197x14
                                          text run at (271,43) width 197: "Mehr Info unter \"Perl Scripte\" im Men\x{FC}. "
                                        RenderBR {BR} at (467,54) size 1x0
                                        RenderText {#text} at (210,57) size 319x14
                                          text run at (210,57) width 319: "P.S. den Umstieg auf die Version3.3 kann ich Euch nur empfehlen!"
                                    RenderTableRow {TR} at (0,902) size 739x58
                                      RenderTableCell {TD} at (0,902) size 739x58 [border: (1px solid #000000)] [r=18 c=0 rs=1 cs=1]
                                        RenderText {#text} at (337,1) size 65x14
                                          text run at (337,1) width 65: "04. Juni 2001"
                                        RenderBR {BR} at (402,12) size 0x0
                                        RenderText {#text} at (197,15) size 345x14
                                          text run at (197,15) width 345: "Ein kleiner Bug bei Topsites Script wurde gefunden und sofort behoben!"
                                        RenderBR {BR} at (541,26) size 1x0
                                        RenderText {#text} at (203,29) size 333x14
                                          text run at (203,29) width 333: "Bug: es wurde immer wieder die selbe Site Of The Moment angezeigt!"
                                        RenderBR {BR} at (536,40) size 0x0
                                        RenderText {#text} at (205,43) size 329x14
                                          text run at (205,43) width 325: "Ladet Euch die jetzige Version runter und ersetzt nur die topsites.cgi "
                                          text run at (529,43) width 5: "!"
                                    RenderTableRow {TR} at (0,960) size 739x44
                                      RenderTableCell {TD} at (0,960) size 739x44 [border: (1px solid #000000)] [r=19 c=0 rs=1 cs=1]
                                        RenderText {#text} at (337,1) size 65x14
                                          text run at (337,1) width 65: "01. Juni 2001"
                                        RenderBR {BR} at (402,12) size 0x0
                                        RenderText {#text} at (254,15) size 231x14
                                          text run at (254,15) width 231: "Ein neues Script ist online! G5-ICQ Newsletter. "
                                        RenderBR {BR} at (484,26) size 1x0
                                        RenderText {#text} at (273,29) size 193x14
                                          text run at (273,29) width 193: "Mehr Info unter \"Perl Scripte\" im Men\x{FC}."
                                    RenderTableRow {TR} at (0,1004) size 739x44
                                      RenderTableCell {TD} at (0,1004) size 739x44 [border: (1px solid #000000)] [r=20 c=0 rs=1 cs=1]
                                        RenderText {#text} at (337,1) size 65x14
                                          text run at (337,1) width 65: "31. Mai 2001"
                                        RenderBR {BR} at (401,12) size 1x0
                                        RenderText {#text} at (214,15) size 311x14
                                          text run at (214,15) width 311: "Ich habe einen ICQ-Newsletter Script installiert, unter dem Men\x{FC}."
                                        RenderBR {BR} at (525,26) size 0x0
                                        RenderText {#text} at (229,29) size 281x14
                                          text run at (229,29) width 281: "Tragt Euch ein, dann seit Ihr immer auf dem neusten Stand!"
                                    RenderTableRow {TR} at (0,1048) size 739x30
                                      RenderTableCell {TD} at (0,1048) size 739x30 [border: (1px solid #000000)] [r=21 c=0 rs=1 cs=1]
                                        RenderText {#text} at (337,1) size 65x14
                                          text run at (337,1) width 65: "26. Mai 2001"
                                        RenderBR {BR} at (401,12) size 1x0
                                        RenderText {#text} at (290,15) size 159x14
                                          text run at (290,15) width 159: "The Real Topsites v3.0 ist online!"
                                    RenderTableRow {TR} at (0,1078) size 739x44
                                      RenderTableCell {TD} at (0,1078) size 739x44 [border: (1px solid #000000)] [r=22 c=0 rs=1 cs=1]
                                        RenderText {#text} at (337,1) size 65x14
                                          text run at (337,1) width 65: "25. Mai 2001"
                                        RenderBR {BR} at (401,12) size 1x0
                                        RenderText {#text} at (248,15) size 243x14
                                          text run at (248,15) width 243: "Ein neues Script ist online! G5-Download Counter."
                                        RenderBR {BR} at (491,26) size 0x0
                                        RenderText {#text} at (273,29) size 193x14
                                          text run at (273,29) width 193: "Mehr Info unter \"Perl Scripte\" im Men\x{FC}."
                                    RenderTableRow {TR} at (0,1122) size 739x72
                                      RenderTableCell {TD} at (0,1122) size 739x72 [border: (1px solid #000000)] [r=23 c=0 rs=1 cs=1]
                                        RenderText {#text} at (337,1) size 65x14
                                          text run at (337,1) width 65: "24. Mai 2001"
                                        RenderBR {BR} at (401,12) size 1x0
                                        RenderText {#text} at (183,15) size 373x14
                                          text run at (183,15) width 318: "Ich habe es mir sehr lange \x{FC}berlegt, die Entscheidung war wirklich "
                                          text run at (500,15) width 56: "nicht leicht!"
                                        RenderBR {BR} at (555,26) size 1x0
                                        RenderText {#text} at (164,29) size 411x14
                                          text run at (164,29) width 300: "Ich habe mich entschieden den Script \"The Real Topsites\" zum "
                                          text run at (463,29) width 112: "Download freizugeben."
                                        RenderBR {BR} at (574,40) size 1x0
                                        RenderText {#text} at (261,43) size 217x14
                                          text run at (261,43) width 217: "Ihr k\x{F6}nnt es Euch jetzt kostenlos runter laden!"
                                        RenderBR {BR} at (478,54) size 0x0
                                        RenderText {#text} at (329,57) size 81x14
                                          text run at (329,57) width 81: "Viel Spa\x{DF} damit!"
                                    RenderTableRow {TR} at (0,1194) size 739x44
                                      RenderTableCell {TD} at (0,1194) size 739x44 [border: (1px solid #000000)] [r=24 c=0 rs=1 cs=1]
                                        RenderText {#text} at (337,1) size 65x14
                                          text run at (337,1) width 65: "13. Mai 2001"
                                        RenderBR {BR} at (401,12) size 1x0
                                        RenderText {#text} at (9,15) size 721x28
                                          text run at (9,15) width 349: "Es gab nur eine kleine Ver\x{E4}nderung bei G5-Sponsor-Manager, man kann "
                                          text run at (358,15) width 325: "den Script jetzt auch via Java aufrufen, so das Euer Server jetzt nicht "
                                          text run at (683,15) width 47: "unbedingt"
                                          text run at (231,29) width 224: "SSI unterst\x{FC}tzen mu\x{DF} um den Script ausf\x{FC}hren "
                                          text run at (455,29) width 53: "zu k\x{F6}nnen!"
                                    RenderTableRow {TR} at (0,1238) size 739x44
                                      RenderTableCell {TD} at (0,1238) size 739x44 [border: (1px solid #000000)] [r=25 c=0 rs=1 cs=1]
                                        RenderText {#text} at (334,1) size 71x14
                                          text run at (334,1) width 71: "22. April 2001"
                                        RenderBR {BR} at (404,12) size 1x0
                                        RenderText {#text} at (250,15) size 239x14
                                          text run at (250,15) width 239: "Ein neues Script ist online! G5-Sponsor-Manager."
                                        RenderBR {BR} at (488,26) size 1x0
                                        RenderText {#text} at (273,29) size 193x14
                                          text run at (273,29) width 193: "Mehr Info unter \"Perl Scripte\" im Men\x{FC}."
                                    RenderTableRow {TR} at (0,1282) size 739x58
                                      RenderTableCell {TD} at (0,1282) size 739x58 [border: (1px solid #000000)] [r=26 c=0 rs=1 cs=1]
                                        RenderText {#text} at (334,1) size 71x14
                                          text run at (334,1) width 71: "20. April 2001"
                                        RenderBR {BR} at (404,12) size 1x0
                                        RenderText {#text} at (240,15) size 259x14
                                          text run at (240,15) width 259: "Auf einige Anfragen habe ich eine Demonstration von "
                                        RenderBR {BR} at (499,26) size 0x0
                                        RenderText {#text} at (249,29) size 241x14
                                          text run at (249,29) width 241: "\"The Real Topsites\" (Toplist Script) ver\x{F6}ffentlicht!"
                                        RenderBR {BR} at (489,40) size 1x0
                                        RenderText {#text} at (273,43) size 193x14
                                          text run at (273,43) width 193: "Mehr Info unter \"Perl Scripte\" im Men\x{FC}."
                                    RenderTableRow {TR} at (0,1340) size 739x30
                                      RenderTableCell {TD} at (0,1340) size 739x30 [border: (1px solid #000000)] [r=27 c=0 rs=1 cs=1]
                                        RenderText {#text} at (334,1) size 71x14
                                          text run at (334,1) width 71: "13. M\x{E4}rz 2001"
                                        RenderBR {BR} at (404,12) size 1x0
                                        RenderText {#text} at (263,15) size 213x14
                                          text run at (263,15) width 213: "An diesem Tag ging die G5-Script.de online!"
                                    RenderTableRow {TR} at (0,1370) size 739x16
                                      RenderTableCell {TD} at (0,1370) size 739x16 [border: (1px solid #000000)] [r=28 c=0 rs=1 cs=1]
                                        RenderText {#text} at (368,1) size 3x14
                                          text run at (368,1) width 3: " "
                                RenderBlock (anonymous) at (0,1402) size 780x14
                                  RenderBR {BR} at (390,0) size 0x14
