layer at (0,0) size 800x600
  RenderView at (0,0) size 800x600
layer at (0,0) size 800x600
  RenderBlock {HTML} at (0,0) size 800x600
    RenderBody {BODY} at (8,8) size 784x580
      RenderBlock {H2} at (0,0) size 784x21
        RenderText {#text} at (0,0) size 274x20
          text run at (0,0) width 274: "SeaMonkey XPInstall Trigger Page"
      RenderBlock {HR} at (0,35) size 784x2 [border: (1px inset #000000)]
      RenderBlock {FORM} at (0,43) size 784x92
        RenderTable {TABLE} at (0,0) size 784x92
          RenderTableSection {TBODY} at (0,0) size 784x92
            RenderTableRow {TR} at (0,2) size 784x42
              RenderTableCell {TD} at (2,8) size 46x30 [r=0 c=0 rs=1 cs=1]
                RenderInline {B} at (0,0) size 38x28
                  RenderText {#text} at (1,1) size 38x28
                    text run at (1,1) width 38: "Trigger"
                    text run at (1,15) width 30: "URL:"
              RenderTableCell {TD} at (50,6) size 605x34 [r=0 c=1 rs=1 cs=1]
                RenderTextControl {INPUT} at (3,3) size 599x28 [color=#202020]
              RenderTableCell {TD} at (657,2) size 125x42 [r=0 c=2 rs=1 cs=1]
                RenderButton {INPUT} at (3,3) size 81x36 [color=#202020]
                  RenderBlock (anonymous) at (15,8) size 51x18
                    RenderText at (0,0) size 51x17
                      text run at (0,0) width 51: "Trigger"
            RenderTableRow {TR} at (0,46) size 784x44
              RenderTableCell {TD} at (2,46) size 46x44 [r=1 c=0 rs=1 cs=1]
                RenderInline {B} at (0,0) size 29x42
                  RenderText {#text} at (1,1) size 29x42
                    text run at (1,1) width 23: "Run"
                    text run at (1,15) width 22: "Test"
                    text run at (1,29) width 29: "Case:"
              RenderTableCell {TD} at (50,46) size 605x44 [r=1 c=1 rs=1 cs=1]
                RenderMenuList {SELECT} at (3,3) size 369x38 [color=#202020]
                  RenderBlock (anonymous) at (15,10) size 313x18
                    RenderText at (0,0) size 96x17
                      text run at (0,0) width 96: "a_abortinstall"
                RenderText {#text} at (0,0) size 0x0
              RenderTableCell {TD} at (657,47) size 125x42 [r=1 c=2 rs=1 cs=1]
                RenderButton {INPUT} at (3,3) size 119x36 [color=#202020]
                  RenderBlock (anonymous) at (15,8) size 89x18
                    RenderText at (0,0) size 89x17
                      text run at (0,0) width 89: "Trigger case"
layer at (65,66) size 592x18
  RenderBlock {DIV} at (4,6) size 592x18
    RenderText {#text} at (1,0) size 120x17
      text run at (1,0) width 120: "http://jimbob/jars/"
