layer at (0,0) size 800x794
  RenderView at (0,0) size 800x600
layer at (0,0) size 800x794
  RenderBlock {HTML} at (0,0) size 800x794
    RenderBody {BODY} at (8,8) size 784x778
      RenderBlock (anonymous) at (0,0) size 784x14
        RenderInline {FONT} at (0,0) size 81x14
          RenderText {#text} at (0,0) size 72x14
            text run at (0,0) width 72: "same line as X "
          RenderInline {A} at (0,0) size 9x14
            RenderText {#text} at (72,0) size 9x14
              text run at (72,0) width 9: "X"
      RenderBlock (anonymous) at (0,14) size 784x24
        RenderTable {TABLE} at (0,0) size 42x24 [border: (1px outset #808080)]
          RenderTableSection {TBODY} at (1,1) size 40x22
            RenderTableRow {TR} at (0,2) size 40x18
              RenderTableCell {TD} at (2,2) size 36x18 [border: (1px inset #808080)] [r=0 c=0 rs=1 cs=1]
                RenderText {#text} at (2,2) size 32x14
                  text run at (2,2) width 32: "table-1"
      RenderBlock (anonymous) at (0,38) size 784x14
        RenderInline {FONT} at (0,0) size 7x14
          RenderInline {A} at (0,0) size 7x14
            RenderText {#text} at (0,0) size 7x14
              text run at (0,0) width 7: "Z"
          RenderInline {FONT} at (0,0) size 0x0
            RenderText {#text} at (0,0) size 0x0
      RenderBlock (anonymous) at (0,58) size 784x2
        RenderBlock {HR} at (0,0) size 784x2 [border: (1px inset #000000)]
      RenderBlock (anonymous) at (0,66) size 784x14
        RenderInline {FONT} at (0,0) size 81x14
          RenderInline {FONT} at (0,0) size 81x14
            RenderInline {FONT} at (0,0) size 81x14
              RenderInline {A} at (0,0) size 9x14
                RenderText {#text} at (0,0) size 9x14
                  text run at (0,0) width 9: "X"
              RenderText {#text} at (9,0) size 72x14
                text run at (9,0) width 72: " same line as X"
      RenderBlock (anonymous) at (0,80) size 784x24
        RenderTable {TABLE} at (0,0) size 42x24 [border: (1px outset #808080)]
          RenderTableSection {TBODY} at (1,1) size 40x22
            RenderTableRow {TR} at (0,2) size 40x18
              RenderTableCell {TD} at (2,2) size 36x18 [border: (1px inset #808080)] [r=0 c=0 rs=1 cs=1]
                RenderText {#text} at (2,2) size 32x14
                  text run at (2,2) width 32: "table-2"
      RenderBlock (anonymous) at (0,104) size 784x14
        RenderInline {FONT} at (0,0) size 7x14
          RenderInline {FONT} at (0,0) size 7x14
            RenderInline {FONT} at (0,0) size 7x14
              RenderInline {A} at (0,0) size 7x14
                RenderText {#text} at (0,0) size 7x14
                  text run at (0,0) width 7: "Z"
              RenderInline {FONT} at (0,0) size 0x0
                RenderText {#text} at (0,0) size 0x0
      RenderBlock (anonymous) at (0,124) size 784x2
        RenderBlock {HR} at (0,0) size 784x2 [border: (1px inset #000000)]
      RenderBlock (anonymous) at (0,132) size 784x14
        RenderInline {FONT} at (0,0) size 9x14
          RenderInline {FONT} at (0,0) size 9x14
            RenderInline {FONT} at (0,0) size 9x14
              RenderInline {FONT} at (0,0) size 9x14
                RenderInline {FONT} at (0,0) size 9x14
                  RenderInline {A} at (0,0) size 9x14
                    RenderText {#text} at (0,0) size 9x14
                      text run at (0,0) width 9: "X"
      RenderBlock (anonymous) at (0,146) size 784x24
        RenderTable {TABLE} at (0,0) size 42x24 [border: (1px outset #808080)]
          RenderTableSection {TBODY} at (1,1) size 40x22
            RenderTableRow {TR} at (0,2) size 40x18
              RenderTableCell {TD} at (2,2) size 36x18 [border: (1px inset #808080)] [r=0 c=0 rs=1 cs=1]
                RenderText {#text} at (2,2) size 32x14
                  text run at (2,2) width 32: "table-3"
      RenderBlock (anonymous) at (0,170) size 784x14
        RenderInline {FONT} at (0,0) size 77x14
          RenderInline {FONT} at (0,0) size 77x14
            RenderInline {FONT} at (0,0) size 77x14
              RenderInline {FONT} at (0,0) size 77x14
                RenderInline {FONT} at (0,0) size 77x14
                  RenderText {#text} at (0,0) size 70x14
                    text run at (0,0) width 70: "same line as Z "
                  RenderInline {A} at (0,0) size 7x14
                    RenderText {#text} at (70,0) size 7x14
                      text run at (70,0) width 7: "Z"
                  RenderInline {FONT} at (0,0) size 0x0
                    RenderText {#text} at (0,0) size 0x0
      RenderBlock (anonymous) at (0,190) size 784x2
        RenderBlock {HR} at (0,0) size 784x2 [border: (1px inset #000000)]
      RenderBlock (anonymous) at (0,198) size 784x14
        RenderInline {FONT} at (0,0) size 75x14
          RenderInline {FONT} at (0,0) size 75x14
            RenderInline {FONT} at (0,0) size 75x14
              RenderInline {FONT} at (0,0) size 75x14
                RenderInline {FONT} at (0,0) size 75x14
                  RenderInline {FONT} at (0,0) size 75x14
                    RenderInline {FONT} at (0,0) size 75x14
                      RenderText {#text} at (0,0) size 75x14
                        text run at (0,0) width 75: "line before table"
      RenderBlock (anonymous) at (0,212) size 784x24
        RenderTable {TABLE} at (0,0) size 42x24 [border: (1px outset #808080)]
          RenderTableSection {TBODY} at (1,1) size 40x22
            RenderTableRow {TR} at (0,2) size 40x18
              RenderTableCell {TD} at (2,2) size 36x18 [border: (1px inset #808080)] [r=0 c=0 rs=1 cs=1]
                RenderText {#text} at (2,2) size 32x14
                  text run at (2,2) width 32: "table-4"
      RenderBlock (anonymous) at (0,236) size 784x14
        RenderInline {FONT} at (0,0) size 7x14
          RenderInline {FONT} at (0,0) size 7x14
            RenderInline {FONT} at (0,0) size 7x14
              RenderInline {FONT} at (0,0) size 7x14
                RenderInline {FONT} at (0,0) size 7x14
                  RenderInline {FONT} at (0,0) size 7x14
                    RenderInline {FONT} at (0,0) size 7x14
                      RenderInline {A} at (0,0) size 7x14
                        RenderText {#text} at (0,0) size 7x14
                          text run at (0,0) width 7: "Z"
                      RenderInline {FONT} at (0,0) size 0x0
                        RenderText {#text} at (0,0) size 0x0
      RenderBlock (anonymous) at (0,256) size 784x2
        RenderBlock {HR} at (0,0) size 784x2 [border: (1px inset #000000)]
      RenderBlock (anonymous) at (0,264) size 784x0
        RenderInline {FONT} at (0,0) size 0x0
          RenderInline {FONT} at (0,0) size 0x0
            RenderInline {FONT} at (0,0) size 0x0
              RenderInline {FONT} at (0,0) size 0x0
                RenderInline {FONT} at (0,0) size 0x0
                  RenderInline {FONT} at (0,0) size 0x0
                    RenderInline {FONT} at (0,0) size 0x0
                      RenderInline {FONT} at (0,0) size 0x0
                        RenderInline {FONT} at (0,0) size 0x0
      RenderBlock (anonymous) at (0,264) size 784x24
        RenderTable {TABLE} at (0,0) size 42x24 [border: (1px outset #808080)]
          RenderTableSection {TBODY} at (1,1) size 40x22
            RenderTableRow {TR} at (0,2) size 40x18
              RenderTableCell {TD} at (2,2) size 36x18 [border: (1px inset #808080)] [r=0 c=0 rs=1 cs=1]
                RenderText {#text} at (2,2) size 32x14
                  text run at (2,2) width 32: "table-5"
      RenderBlock (anonymous) at (0,288) size 784x14
        RenderInline {FONT} at (0,0) size 76x14
          RenderInline {FONT} at (0,0) size 76x14
            RenderInline {FONT} at (0,0) size 76x14
              RenderInline {FONT} at (0,0) size 76x14
                RenderInline {FONT} at (0,0) size 76x14
                  RenderInline {FONT} at (0,0) size 76x14
                    RenderInline {FONT} at (0,0) size 76x14
                      RenderInline {FONT} at (0,0) size 76x14
                        RenderInline {FONT} at (0,0) size 76x14
                          RenderText {#text} at (0,0) size 69x14
                            text run at (0,0) width 69: "line after table "
                          RenderInline {A} at (0,0) size 7x14
                            RenderText {#text} at (69,0) size 7x14
                              text run at (69,0) width 7: "Z"
                          RenderInline {FONT} at (0,0) size 0x0
                            RenderText {#text} at (0,0) size 0x0
      RenderBlock (anonymous) at (0,308) size 784x2
        RenderBlock {HR} at (0,0) size 784x2 [border: (1px inset #000000)]
      RenderBlock (anonymous) at (0,316) size 784x14
        RenderInline {FONT} at (0,0) size 75x14
          RenderInline {FONT} at (0,0) size 75x14
            RenderInline {FONT} at (0,0) size 75x14
              RenderInline {FONT} at (0,0) size 75x14
                RenderInline {FONT} at (0,0) size 75x14
                  RenderInline {FONT} at (0,0) size 75x14
                    RenderInline {FONT} at (0,0) size 75x14
                      RenderInline {FONT} at (0,0) size 75x14
                        RenderInline {FONT} at (0,0) size 75x14
                          RenderInline {FONT} at (0,0) size 75x14
                            RenderInline {FONT} at (0,0) size 75x14
                              RenderText {#text} at (0,0) size 75x14
                                text run at (0,0) width 75: "line before table"
      RenderBlock (anonymous) at (0,330) size 784x24
        RenderTable {TABLE} at (0,0) size 42x24 [border: (1px outset #808080)]
          RenderTableSection {TBODY} at (1,1) size 40x22
            RenderTableRow {TR} at (0,2) size 40x18
              RenderTableCell {TD} at (2,2) size 36x18 [border: (1px inset #808080)] [r=0 c=0 rs=1 cs=1]
                RenderText {#text} at (2,2) size 32x14
                  text run at (2,2) width 32: "table-6"
      RenderBlock (anonymous) at (0,354) size 784x0
        RenderInline {FONT} at (0,0) size 0x0
          RenderInline {FONT} at (0,0) size 0x0
            RenderInline {FONT} at (0,0) size 0x0
              RenderInline {FONT} at (0,0) size 0x0
                RenderInline {FONT} at (0,0) size 0x0
                  RenderInline {FONT} at (0,0) size 0x0
                    RenderInline {FONT} at (0,0) size 0x0
                      RenderInline {FONT} at (0,0) size 0x0
                        RenderInline {FONT} at (0,0) size 0x0
                          RenderInline {FONT} at (0,0) size 0x0
                            RenderInline {FONT} at (0,0) size 0x0
                              RenderInline {FONT} at (0,0) size 0x0
                                RenderText {#text} at (0,0) size 0x0
      RenderBlock (anonymous) at (0,360) size 784x2
        RenderBlock {HR} at (0,0) size 784x2 [border: (1px inset #000000)]
      RenderBlock (anonymous) at (0,368) size 784x0
        RenderInline {FONT} at (0,0) size 0x0
          RenderInline {FONT} at (0,0) size 0x0
            RenderInline {FONT} at (0,0) size 0x0
              RenderInline {FONT} at (0,0) size 0x0
                RenderInline {FONT} at (0,0) size 0x0
                  RenderInline {FONT} at (0,0) size 0x0
                    RenderInline {FONT} at (0,0) size 0x0
                      RenderInline {FONT} at (0,0) size 0x0
                        RenderInline {FONT} at (0,0) size 0x0
                          RenderInline {FONT} at (0,0) size 0x0
                            RenderInline {FONT} at (0,0) size 0x0
                              RenderInline {FONT} at (0,0) size 0x0
                                RenderInline {FONT} at (0,0) size 0x0
      RenderBlock (anonymous) at (0,368) size 784x14
        RenderBlock {DIV} at (0,0) size 784x14
          RenderText {#text} at (0,0) size 60x14
            text run at (0,0) width 60: "div before X"
      RenderBlock (anonymous) at (0,382) size 784x14
        RenderInline {FONT} at (0,0) size 9x14
          RenderInline {FONT} at (0,0) size 9x14
            RenderInline {FONT} at (0,0) size 9x14
              RenderInline {FONT} at (0,0) size 9x14
                RenderInline {FONT} at (0,0) size 9x14
                  RenderInline {FONT} at (0,0) size 9x14
                    RenderInline {FONT} at (0,0) size 9x14
                      RenderInline {FONT} at (0,0) size 9x14
                        RenderInline {FONT} at (0,0) size 9x14
                          RenderInline {FONT} at (0,0) size 9x14
                            RenderInline {FONT} at (0,0) size 9x14
                              RenderInline {FONT} at (0,0) size 9x14
                                RenderInline {FONT} at (0,0) size 9x14
                                  RenderInline {A} at (0,0) size 9x14
                                    RenderText {#text} at (0,0) size 9x14
                                      text run at (0,0) width 9: "X"
      RenderBlock (anonymous) at (0,396) size 784x24
        RenderTable {TABLE} at (0,0) size 42x24 [border: (1px outset #808080)]
          RenderTableSection {TBODY} at (1,1) size 40x22
            RenderTableRow {TR} at (0,2) size 40x18
              RenderTableCell {TD} at (2,2) size 36x18 [border: (1px inset #808080)] [r=0 c=0 rs=1 cs=1]
                RenderText {#text} at (2,2) size 32x14
                  text run at (2,2) width 32: "table-7"
      RenderBlock (anonymous) at (0,420) size 784x14
        RenderInline {FONT} at (0,0) size 7x14
          RenderInline {FONT} at (0,0) size 7x14
            RenderInline {FONT} at (0,0) size 7x14
              RenderInline {FONT} at (0,0) size 7x14
                RenderInline {FONT} at (0,0) size 7x14
                  RenderInline {FONT} at (0,0) size 7x14
                    RenderInline {FONT} at (0,0) size 7x14
                      RenderInline {FONT} at (0,0) size 7x14
                        RenderInline {FONT} at (0,0) size 7x14
                          RenderInline {FONT} at (0,0) size 7x14
                            RenderInline {FONT} at (0,0) size 7x14
                              RenderInline {FONT} at (0,0) size 7x14
                                RenderInline {FONT} at (0,0) size 7x14
                                  RenderInline {A} at (0,0) size 7x14
                                    RenderText {#text} at (0,0) size 7x14
                                      text run at (0,0) width 7: "Z"
                                  RenderInline {FONT} at (0,0) size 0x0
                                    RenderText {#text} at (0,0) size 0x0
      RenderBlock (anonymous) at (0,440) size 784x2
        RenderBlock {HR} at (0,0) size 784x2 [border: (1px inset #000000)]
      RenderBlock (anonymous) at (0,448) size 784x14
        RenderInline {FONT} at (0,0) size 9x14
          RenderInline {FONT} at (0,0) size 9x14
            RenderInline {FONT} at (0,0) size 9x14
              RenderInline {FONT} at (0,0) size 9x14
                RenderInline {FONT} at (0,0) size 9x14
                  RenderInline {FONT} at (0,0) size 9x14
                    RenderInline {FONT} at (0,0) size 9x14
                      RenderInline {FONT} at (0,0) size 9x14
                        RenderInline {FONT} at (0,0) size 9x14
                          RenderInline {FONT} at (0,0) size 9x14
                            RenderInline {FONT} at (0,0) size 9x14
                              RenderInline {FONT} at (0,0) size 9x14
                                RenderInline {FONT} at (0,0) size 9x14
                                  RenderInline {FONT} at (0,0) size 9x14
                                    RenderInline {FONT} at (0,0) size 9x14
                                      RenderInline {A} at (0,0) size 9x14
                                        RenderText {#text} at (0,0) size 9x14
                                          text run at (0,0) width 9: "X"
      RenderBlock (anonymous) at (0,462) size 784x38
        RenderBlock {DIV} at (0,0) size 784x14
          RenderText {#text} at (0,0) size 73x14
            text run at (0,0) width 73: "div before table"
        RenderTable {TABLE} at (0,14) size 42x24 [border: (1px outset #808080)]
          RenderTableSection {TBODY} at (1,1) size 40x22
            RenderTableRow {TR} at (0,2) size 40x18
              RenderTableCell {TD} at (2,2) size 36x18 [border: (1px inset #808080)] [r=0 c=0 rs=1 cs=1]
                RenderText {#text} at (2,2) size 32x14
                  text run at (2,2) width 32: "table-8"
      RenderBlock (anonymous) at (0,500) size 784x14
        RenderInline {FONT} at (0,0) size 7x14
          RenderInline {FONT} at (0,0) size 7x14
            RenderInline {FONT} at (0,0) size 7x14
              RenderInline {FONT} at (0,0) size 7x14
                RenderInline {FONT} at (0,0) size 7x14
                  RenderInline {FONT} at (0,0) size 7x14
                    RenderInline {FONT} at (0,0) size 7x14
                      RenderInline {FONT} at (0,0) size 7x14
                        RenderInline {FONT} at (0,0) size 7x14
                          RenderInline {FONT} at (0,0) size 7x14
                            RenderInline {FONT} at (0,0) size 7x14
                              RenderInline {FONT} at (0,0) size 7x14
                                RenderInline {FONT} at (0,0) size 7x14
                                  RenderInline {FONT} at (0,0) size 7x14
                                    RenderInline {FONT} at (0,0) size 7x14
                                      RenderInline {A} at (0,0) size 7x14
                                        RenderText {#text} at (0,0) size 7x14
                                          text run at (0,0) width 7: "Z"
                                      RenderInline {FONT} at (0,0) size 0x0
                                        RenderText {#text} at (0,0) size 0x0
      RenderBlock (anonymous) at (0,520) size 784x2
        RenderBlock {HR} at (0,0) size 784x2 [border: (1px inset #000000)]
      RenderBlock (anonymous) at (0,528) size 784x14
        RenderInline {FONT} at (0,0) size 9x14
          RenderInline {FONT} at (0,0) size 9x14
            RenderInline {FONT} at (0,0) size 9x14
              RenderInline {FONT} at (0,0) size 9x14
                RenderInline {FONT} at (0,0) size 9x14
                  RenderInline {FONT} at (0,0) size 9x14
                    RenderInline {FONT} at (0,0) size 9x14
                      RenderInline {FONT} at (0,0) size 9x14
                        RenderInline {FONT} at (0,0) size 9x14
                          RenderInline {FONT} at (0,0) size 9x14
                            RenderInline {FONT} at (0,0) size 9x14
                              RenderInline {FONT} at (0,0) size 9x14
                                RenderInline {FONT} at (0,0) size 9x14
                                  RenderInline {FONT} at (0,0) size 9x14
                                    RenderInline {FONT} at (0,0) size 9x14
                                      RenderInline {FONT} at (0,0) size 9x14
                                        RenderInline {FONT} at (0,0) size 9x14
                                          RenderInline {A} at (0,0) size 9x14
                                            RenderText {#text} at (0,0) size 9x14
                                              text run at (0,0) width 9: "X"
      RenderBlock (anonymous) at (0,542) size 784x38
        RenderTable {TABLE} at (0,0) size 42x24 [border: (1px outset #808080)]
          RenderTableSection {TBODY} at (1,1) size 40x22
            RenderTableRow {TR} at (0,2) size 40x18
              RenderTableCell {TD} at (2,2) size 36x18 [border: (1px inset #808080)] [r=0 c=0 rs=1 cs=1]
                RenderText {#text} at (2,2) size 32x14
                  text run at (2,2) width 32: "table-9"
        RenderBlock {DIV} at (0,24) size 784x14
          RenderText {#text} at (0,0) size 64x14
            text run at (0,0) width 64: "div after table"
      RenderBlock (anonymous) at (0,580) size 784x14
        RenderInline {FONT} at (0,0) size 7x14
          RenderInline {FONT} at (0,0) size 7x14
            RenderInline {FONT} at (0,0) size 7x14
              RenderInline {FONT} at (0,0) size 7x14
                RenderInline {FONT} at (0,0) size 7x14
                  RenderInline {FONT} at (0,0) size 7x14
                    RenderInline {FONT} at (0,0) size 7x14
                      RenderInline {FONT} at (0,0) size 7x14
                        RenderInline {FONT} at (0,0) size 7x14
                          RenderInline {FONT} at (0,0) size 7x14
                            RenderInline {FONT} at (0,0) size 7x14
                              RenderInline {FONT} at (0,0) size 7x14
                                RenderInline {FONT} at (0,0) size 7x14
                                  RenderInline {FONT} at (0,0) size 7x14
                                    RenderInline {FONT} at (0,0) size 7x14
                                      RenderInline {FONT} at (0,0) size 7x14
                                        RenderInline {FONT} at (0,0) size 7x14
                                          RenderInline {A} at (0,0) size 7x14
                                            RenderText {#text} at (0,0) size 7x14
                                              text run at (0,0) width 7: "Z"
                                          RenderInline {FONT} at (0,0) size 0x0
                                            RenderText {#text} at (0,0) size 0x0
      RenderBlock (anonymous) at (0,600) size 784x2
        RenderBlock {HR} at (0,0) size 784x2 [border: (1px inset #000000)]
      RenderBlock (anonymous) at (0,608) size 784x0
        RenderInline {FONT} at (0,0) size 0x0
          RenderInline {FONT} at (0,0) size 0x0
            RenderInline {FONT} at (0,0) size 0x0
              RenderInline {FONT} at (0,0) size 0x0
                RenderInline {FONT} at (0,0) size 0x0
                  RenderInline {FONT} at (0,0) size 0x0
                    RenderInline {FONT} at (0,0) size 0x0
                      RenderInline {FONT} at (0,0) size 0x0
                        RenderInline {FONT} at (0,0) size 0x0
                          RenderInline {FONT} at (0,0) size 0x0
                            RenderInline {FONT} at (0,0) size 0x0
                              RenderInline {FONT} at (0,0) size 0x0
                                RenderInline {FONT} at (0,0) size 0x0
                                  RenderInline {FONT} at (0,0) size 0x0
                                    RenderInline {FONT} at (0,0) size 0x0
                                      RenderInline {FONT} at (0,0) size 0x0
                                        RenderInline {FONT} at (0,0) size 0x0
                                          RenderInline {FONT} at (0,0) size 0x0
                                            RenderInline {FONT} at (0,0) size 0x0
      RenderBlock (anonymous) at (0,608) size 784x38
        RenderBlock {DIV} at (0,0) size 784x14
          RenderText {#text} at (0,0) size 73x14
            text run at (0,0) width 73: "div before table"
        RenderTable {TABLE} at (0,14) size 48x24 [border: (1px outset #808080)]
          RenderTableSection {TBODY} at (1,1) size 46x22
            RenderTableRow {TR} at (0,2) size 46x18
              RenderTableCell {TD} at (2,2) size 42x18 [border: (1px inset #808080)] [r=0 c=0 rs=1 cs=1]
                RenderText {#text} at (2,2) size 38x14
                  text run at (2,2) width 38: "table-10"
      RenderBlock (anonymous) at (0,646) size 784x14
        RenderInline {FONT} at (0,0) size 7x14
          RenderInline {FONT} at (0,0) size 7x14
            RenderInline {FONT} at (0,0) size 7x14
              RenderInline {FONT} at (0,0) size 7x14
                RenderInline {FONT} at (0,0) size 7x14
                  RenderInline {FONT} at (0,0) size 7x14
                    RenderInline {FONT} at (0,0) size 7x14
                      RenderInline {FONT} at (0,0) size 7x14
                        RenderInline {FONT} at (0,0) size 7x14
                          RenderInline {FONT} at (0,0) size 7x14
                            RenderInline {FONT} at (0,0) size 7x14
                              RenderInline {FONT} at (0,0) size 7x14
                                RenderInline {FONT} at (0,0) size 7x14
                                  RenderInline {FONT} at (0,0) size 7x14
                                    RenderInline {FONT} at (0,0) size 7x14
                                      RenderInline {FONT} at (0,0) size 7x14
                                        RenderInline {FONT} at (0,0) size 7x14
                                          RenderInline {FONT} at (0,0) size 7x14
                                            RenderInline {FONT} at (0,0) size 7x14
                                              RenderInline {A} at (0,0) size 7x14
                                                RenderText {#text} at (0,0) size 7x14
                                                  text run at (0,0) width 7: "Z"
                                              RenderInline {FONT} at (0,0) size 0x0
                                                RenderText {#text} at (0,0) size 0x0
      RenderBlock (anonymous) at (0,666) size 784x2
        RenderBlock {HR} at (0,0) size 784x2 [border: (1px inset #000000)]
      RenderBlock (anonymous) at (0,674) size 784x0
        RenderInline {FONT} at (0,0) size 0x0
          RenderInline {FONT} at (0,0) size 0x0
            RenderInline {FONT} at (0,0) size 0x0
              RenderInline {FONT} at (0,0) size 0x0
                RenderInline {FONT} at (0,0) size 0x0
                  RenderInline {FONT} at (0,0) size 0x0
                    RenderInline {FONT} at (0,0) size 0x0
                      RenderInline {FONT} at (0,0) size 0x0
                        RenderInline {FONT} at (0,0) size 0x0
                          RenderInline {FONT} at (0,0) size 0x0
                            RenderInline {FONT} at (0,0) size 0x0
                              RenderInline {FONT} at (0,0) size 0x0
                                RenderInline {FONT} at (0,0) size 0x0
                                  RenderInline {FONT} at (0,0) size 0x0
                                    RenderInline {FONT} at (0,0) size 0x0
                                      RenderInline {FONT} at (0,0) size 0x0
                                        RenderInline {FONT} at (0,0) size 0x0
                                          RenderInline {FONT} at (0,0) size 0x0
                                            RenderInline {FONT} at (0,0) size 0x0
                                              RenderInline {FONT} at (0,0) size 0x0
                                                RenderInline {FONT} at (0,0) size 0x0
      RenderBlock (anonymous) at (0,674) size 784x38
        RenderTable {TABLE} at (0,0) size 48x24 [border: (1px outset #808080)]
          RenderTableSection {TBODY} at (1,1) size 46x22
            RenderTableRow {TR} at (0,2) size 46x18
              RenderTableCell {TD} at (2,2) size 42x18 [border: (1px inset #808080)] [r=0 c=0 rs=1 cs=1]
                RenderText {#text} at (2,2) size 38x14
                  text run at (2,2) width 38: "table-11"
        RenderBlock {DIV} at (0,24) size 784x14
          RenderText {#text} at (0,0) size 64x14
            text run at (0,0) width 64: "div after table"
      RenderBlock (anonymous) at (0,712) size 784x14
        RenderInline {FONT} at (0,0) size 7x14
          RenderInline {FONT} at (0,0) size 7x14
            RenderInline {FONT} at (0,0) size 7x14
              RenderInline {FONT} at (0,0) size 7x14
                RenderInline {FONT} at (0,0) size 7x14
                  RenderInline {FONT} at (0,0) size 7x14
                    RenderInline {FONT} at (0,0) size 7x14
                      RenderInline {FONT} at (0,0) size 7x14
                        RenderInline {FONT} at (0,0) size 7x14
                          RenderInline {FONT} at (0,0) size 7x14
                            RenderInline {FONT} at (0,0) size 7x14
                              RenderInline {FONT} at (0,0) size 7x14
                                RenderInline {FONT} at (0,0) size 7x14
                                  RenderInline {FONT} at (0,0) size 7x14
                                    RenderInline {FONT} at (0,0) size 7x14
                                      RenderInline {FONT} at (0,0) size 7x14
                                        RenderInline {FONT} at (0,0) size 7x14
                                          RenderInline {FONT} at (0,0) size 7x14
                                            RenderInline {FONT} at (0,0) size 7x14
                                              RenderInline {FONT} at (0,0) size 7x14
                                                RenderInline {FONT} at (0,0) size 7x14
                                                  RenderInline {A} at (0,0) size 7x14
                                                    RenderText {#text} at (0,0) size 7x14
                                                      text run at (0,0) width 7: "Z"
                                                  RenderInline {FONT} at (0,0) size 0x0
                                                    RenderText {#text} at (0,0) size 0x0
      RenderBlock (anonymous) at (0,732) size 784x2
        RenderBlock {HR} at (0,0) size 784x2 [border: (1px inset #000000)]
      RenderBlock (anonymous) at (0,740) size 784x0
        RenderInline {FONT} at (0,0) size 0x0
          RenderInline {FONT} at (0,0) size 0x0
            RenderInline {FONT} at (0,0) size 0x0
              RenderInline {FONT} at (0,0) size 0x0
                RenderInline {FONT} at (0,0) size 0x0
                  RenderInline {FONT} at (0,0) size 0x0
                    RenderInline {FONT} at (0,0) size 0x0
                      RenderInline {FONT} at (0,0) size 0x0
                        RenderInline {FONT} at (0,0) size 0x0
                          RenderInline {FONT} at (0,0) size 0x0
                            RenderInline {FONT} at (0,0) size 0x0
                              RenderInline {FONT} at (0,0) size 0x0
                                RenderInline {FONT} at (0,0) size 0x0
                                  RenderInline {FONT} at (0,0) size 0x0
                                    RenderInline {FONT} at (0,0) size 0x0
                                      RenderInline {FONT} at (0,0) size 0x0
                                        RenderInline {FONT} at (0,0) size 0x0
                                          RenderInline {FONT} at (0,0) size 0x0
                                            RenderInline {FONT} at (0,0) size 0x0
                                              RenderInline {FONT} at (0,0) size 0x0
                                                RenderInline {FONT} at (0,0) size 0x0
                                                  RenderInline {FONT} at (0,0) size 0x0
                                                    RenderInline {FONT} at (0,0) size 0x0
      RenderBlock (anonymous) at (0,740) size 784x38
        RenderBlock {DIV} at (0,0) size 784x14
          RenderText {#text} at (0,0) size 73x14
            text run at (0,0) width 73: "div before table"
        RenderTable {TABLE} at (0,14) size 48x24 [border: (1px outset #808080)]
          RenderTableSection {TBODY} at (1,1) size 46x22
            RenderTableRow {TR} at (0,2) size 46x18
              RenderTableCell {TD} at (2,2) size 42x18 [border: (1px inset #808080)] [r=0 c=0 rs=1 cs=1]
                RenderText {#text} at (2,2) size 38x14
                  text run at (2,2) width 38: "table-12"
      RenderBlock (anonymous) at (0,778) size 784x0
        RenderInline {FONT} at (0,0) size 0x0
          RenderInline {FONT} at (0,0) size 0x0
            RenderInline {FONT} at (0,0) size 0x0
              RenderInline {FONT} at (0,0) size 0x0
                RenderInline {FONT} at (0,0) size 0x0
                  RenderInline {FONT} at (0,0) size 0x0
                    RenderInline {FONT} at (0,0) size 0x0
                      RenderInline {FONT} at (0,0) size 0x0
                        RenderInline {FONT} at (0,0) size 0x0
                          RenderInline {FONT} at (0,0) size 0x0
                            RenderInline {FONT} at (0,0) size 0x0
                              RenderInline {FONT} at (0,0) size 0x0
                                RenderInline {FONT} at (0,0) size 0x0
                                  RenderInline {FONT} at (0,0) size 0x0
                                    RenderInline {FONT} at (0,0) size 0x0
                                      RenderInline {FONT} at (0,0) size 0x0
                                        RenderInline {FONT} at (0,0) size 0x0
                                          RenderInline {FONT} at (0,0) size 0x0
                                            RenderInline {FONT} at (0,0) size 0x0
                                              RenderInline {FONT} at (0,0) size 0x0
                                                RenderInline {FONT} at (0,0) size 0x0
                                                  RenderInline {FONT} at (0,0) size 0x0
                                                    RenderInline {FONT} at (0,0) size 0x0
                                                      RenderInline {FONT} at (0,0) size 0x0
                                                        RenderText {#text} at (0,0) size 0x0
