layer at (0,0) size 800x9842
  RenderView at (0,0) size 800x600
layer at (0,0) size 800x9842
  RenderBlock {HTML} at (0,0) size 800x9842
    RenderBody {BODY} at (8,8) size 784x9826
      RenderTable {TABLE} at (0,0) size 592x9826 [border: (1px outset #808080)]
        RenderTableSection {TBODY} at (1,1) size 590x9824
          RenderTableRow {TR} at (0,2) size 590x9820
            RenderTableCell {TD} at (2,2) size 10x18 [border: (1px inset #808080)] [r=0 c=0 rs=1 cs=1]
              RenderText {#text} at (2,2) size 6x14
                text run at (2,2) width 6: "x"
            RenderTableCell {TD} at (14,2) size 574x9820 [border: (1px inset #808080)] [r=0 c=1 rs=1 cs=1]
              RenderBlock (anonymous) at (2,2) size 570x0
                RenderInline {FONT} at (0,0) size 0x0
                  RenderText {#text} at (0,0) size 0x0
              RenderBlock (anonymous) at (2,2) size 570x9816
                RenderTable {TABLE} at (0,0) size 541x44 [border: (1px outset #808080)]
                  RenderTableSection {TBODY} at (1,1) size 539x42
                    RenderTableRow {TR} at (0,2) size 539x18
                      RenderTableCell {TD} at (2,2) size 86x18 [border: (1px inset #808080)] [r=0 c=0 rs=1 cs=1]
                        RenderText {#text} at (2,2) size 3x14
                          text run at (2,2) width 3: " "
                      RenderTableCell {TD} at (90,2) size 447x4 [border: (1px inset #808080)] [r=0 c=1 rs=1 cs=1]
                    RenderTableRow {TR} at (0,22) size 539x18
                      RenderTableCell {TD} at (2,22) size 86x18 [border: (1px inset #808080)] [r=1 c=0 rs=1 cs=1]
                        RenderText {#text} at (2,2) size 82x14
                          text run at (2,2) width 82: "Search again..."
                RenderBlock (anonymous) at (0,44) size 570x13
                  RenderText {#text} at (0,0) size 570x13
                    text run at (0,0) width 263: "This text node only exists once in the original document! "
                    text run at (263,0) width 245: "If it were a large collection of inlines, the page would "
                    text run at (508,0) width 62: "hang forever."
                  RenderInline {A} at (0,0) size 0x0
                RenderBlock {H2} at (0,69) size 570x18
                  RenderInline {A} at (0,0) size 124x18
                    RenderText {#text} at (0,0) size 124x18
                      text run at (0,0) width 124: "Table of Contents"
                RenderBlock {P} at (0,99) size 570x130
                  RenderInline {B} at (0,0) size 58x13
                    RenderInline {A} at (0,0) size 58x13 [color=#0000EE]
                      RenderText {#text} at (0,0) size 58x13
                        text run at (0,0) width 58: "Introduction"
                  RenderBR {BR} at (58,10) size 0x0
                  RenderBR {BR} at (0,13) size 0x13
                  RenderInline {A} at (0,0) size 127x13 [color=#0000EE]
                    RenderText {#text} at (0,26) size 127x13
                      text run at (0,26) width 127: "Who Should Use This Book"
                  RenderText {#text} at (127,26) size 3x13
                    text run at (127,26) width 3: " "
                  RenderBR {BR} at (130,36) size 0x0
                  RenderInline {A} at (0,0) size 105x13 [color=#0000EE]
                    RenderText {#text} at (0,39) size 105x13
                      text run at (0,39) width 105: "How To Use This Book"
                  RenderText {#text} at (105,39) size 3x13
                    text run at (105,39) width 3: " "
                  RenderBR {BR} at (108,49) size 0x0
                  RenderInline {A} at (0,0) size 130x13 [color=#0000EE]
                    RenderText {#text} at (0,52) size 130x13
                      text run at (0,52) width 130: "How This Book is Structured"
                  RenderText {#text} at (130,52) size 3x13
                    text run at (130,52) width 3: " "
                  RenderBR {BR} at (133,62) size 0x0
                  RenderInline {A} at (0,0) size 159x13 [color=#0000EE]
                    RenderText {#text} at (0,65) size 159x13
                      text run at (0,65) width 159: "How to Read the Syntax Diagrams"
                  RenderText {#text} at (159,65) size 3x13
                    text run at (159,65) width 3: " "
                  RenderBR {BR} at (162,75) size 0x0
                  RenderInline {A} at (0,0) size 155x13 [color=#0000EE]
                    RenderText {#text} at (0,78) size 155x13
                      text run at (0,78) width 155: "Conventions Used in This Manual"
                  RenderText {#text} at (155,78) size 3x13
                    text run at (155,78) width 3: " "
                  RenderBR {BR} at (158,88) size 0x0
                  RenderInline {A} at (0,0) size 74x13 [color=#0000EE]
                    RenderText {#text} at (0,91) size 74x13
                      text run at (0,91) width 74: "Error Conditions"
                  RenderText {#text} at (74,91) size 3x13
                    text run at (74,91) width 3: " "
                  RenderBR {BR} at (77,101) size 0x0
                  RenderInline {A} at (0,0) size 115x13 [color=#0000EE]
                    RenderText {#text} at (0,104) size 115x13
                      text run at (0,104) width 115: "Highlighting Conventions"
                  RenderText {#text} at (115,104) size 3x13
                    text run at (115,104) width 3: " "
                  RenderBR {BR} at (118,114) size 0x0
                  RenderInline {A} at (0,0) size 173x13 [color=#0000EE]
                    RenderText {#text} at (0,117) size 173x13
                      text run at (0,117) width 173: "Related Documentation for This Book"
                  RenderText {#text} at (0,0) size 0x0
                RenderBlock {P} at (0,239) size 570x858
                  RenderInline {B} at (0,0) size 46x13
                    RenderInline {A} at (0,0) size 46x13 [color=#0000EE]
                      RenderText {#text} at (0,0) size 46x13
                        text run at (0,0) width 46: "Concepts"
                  RenderBR {BR} at (46,10) size 0x0
                  RenderBR {BR} at (0,13) size 0x13
                  RenderInline {A} at (0,0) size 94x13 [color=#0000EE]
                    RenderText {#text} at (0,26) size 94x13
                      text run at (0,26) width 94: "Relational Database"
                  RenderText {#text} at (94,26) size 3x13
                    text run at (94,26) width 3: " "
                  RenderBR {BR} at (97,36) size 0x0
                  RenderInline {A} at (0,0) size 160x13 [color=#0000EE]
                    RenderText {#text} at (0,39) size 160x13
                      text run at (0,39) width 160: "Structured Query Language (SQL)"
                  RenderText {#text} at (160,39) size 3x13
                    text run at (160,39) width 3: " "
                  RenderBR {BR} at (163,49) size 0x0
                  RenderInline {A} at (0,0) size 75x13 [color=#0000EE]
                    RenderText {#text} at (0,52) size 75x13
                      text run at (0,52) width 75: "Embedded SQL"
                  RenderText {#text} at (75,52) size 3x13
                    text run at (75,52) width 3: " "
                  RenderBR {BR} at (78,62) size 0x0
                  RenderInline {A} at (0,0) size 50x13 [color=#0000EE]
                    RenderText {#text} at (0,65) size 50x13
                      text run at (0,65) width 50: "Static SQL"
                  RenderText {#text} at (50,65) size 3x13
                    text run at (50,65) width 3: " "
                  RenderBR {BR} at (53,75) size 0x0
                  RenderInline {A} at (0,0) size 63x13 [color=#0000EE]
                    RenderText {#text} at (0,78) size 63x13
                      text run at (0,78) width 63: "Dynamic SQL"
                  RenderText {#text} at (63,78) size 3x13
                    text run at (63,78) width 3: " "
                  RenderBR {BR} at (66,88) size 0x0
                  RenderInline {A} at (0,0) size 321x13 [color=#0000EE]
                    RenderText {#text} at (0,91) size 321x13
                      text run at (0,91) width 321: "DB2 Call Level Interface (CLI) & Open Database Connectivity (ODBC)"
                  RenderText {#text} at (321,91) size 3x13
                    text run at (321,91) width 3: " "
                  RenderBR {BR} at (324,101) size 0x0
                  RenderInline {A} at (0,0) size 385x13 [color=#0000EE]
                    RenderText {#text} at (0,104) size 385x13
                      text run at (0,104) width 385: "Java Database Connectivity (JDBC) and Embedded SQL for Java (SQLJ) Programs"
                  RenderText {#text} at (385,104) size 3x13
                    text run at (385,104) width 3: " "
                  RenderBR {BR} at (388,114) size 0x0
                  RenderInline {A} at (0,0) size 72x13 [color=#0000EE]
                    RenderText {#text} at (0,117) size 72x13
                      text run at (0,117) width 72: "Interactive SQL"
                  RenderText {#text} at (72,117) size 3x13
                    text run at (72,117) width 3: " "
                  RenderBR {BR} at (75,127) size 0x0
                  RenderInline {A} at (0,0) size 43x13 [color=#0000EE]
                    RenderText {#text} at (0,130) size 43x13
                      text run at (0,130) width 43: "Schemas"
                  RenderText {#text} at (43,130) size 3x13
                    text run at (43,130) width 3: " "
                  RenderBR {BR} at (46,140) size 0x0
                  RenderInline {A} at (0,0) size 128x13 [color=#0000EE]
                    RenderText {#text} at (0,143) size 128x13
                      text run at (0,143) width 128: "Controlling Use of Schemas"
                  RenderText {#text} at (128,143) size 3x13
                    text run at (128,143) width 3: " "
                  RenderBR {BR} at (131,153) size 0x0
                  RenderInline {A} at (0,0) size 31x13 [color=#0000EE]
                    RenderText {#text} at (0,156) size 31x13
                      text run at (0,156) width 31: "Tables"
                  RenderText {#text} at (31,156) size 3x13
                    text run at (31,156) width 3: " "
                  RenderBR {BR} at (34,166) size 0x0
                  RenderInline {A} at (0,0) size 27x13 [color=#0000EE]
                    RenderText {#text} at (0,169) size 27x13
                      text run at (0,169) width 27: "Views"
                  RenderText {#text} at (27,169) size 3x13
                    text run at (27,169) width 3: " "
                  RenderBR {BR} at (30,179) size 0x0
                  RenderInline {A} at (0,0) size 33x13 [color=#0000EE]
                    RenderText {#text} at (0,182) size 33x13
                      text run at (0,182) width 33: "Aliases"
                  RenderText {#text} at (33,182) size 3x13
                    text run at (33,182) width 3: " "
                  RenderBR {BR} at (36,192) size 0x0
                  RenderInline {A} at (0,0) size 37x13 [color=#0000EE]
                    RenderText {#text} at (0,195) size 37x13
                      text run at (0,195) width 37: "Indexes"
                  RenderText {#text} at (37,195) size 3x13
                    text run at (37,195) width 3: " "
                  RenderBR {BR} at (40,205) size 0x0
                  RenderInline {A} at (0,0) size 23x13 [color=#0000EE]
                    RenderText {#text} at (0,208) size 23x13
                      text run at (0,208) width 23: "Keys"
                  RenderText {#text} at (23,208) size 3x13
                    text run at (23,208) width 3: " "
                  RenderBR {BR} at (26,218) size 0x0
                  RenderInline {A} at (0,0) size 59x13 [color=#0000EE]
                    RenderText {#text} at (0,221) size 59x13
                      text run at (0,221) width 59: "Unique Keys"
                  RenderText {#text} at (59,221) size 3x13
                    text run at (59,221) width 3: " "
                  RenderBR {BR} at (62,231) size 0x0
                  RenderInline {A} at (0,0) size 60x13 [color=#0000EE]
                    RenderText {#text} at (0,234) size 60x13
                      text run at (0,234) width 60: "Primary Keys"
                  RenderText {#text} at (60,234) size 3x13
                    text run at (60,234) width 3: " "
                  RenderBR {BR} at (63,244) size 0x0
                  RenderInline {A} at (0,0) size 61x13 [color=#0000EE]
                    RenderText {#text} at (0,247) size 61x13
                      text run at (0,247) width 61: "Foreign Keys"
                  RenderText {#text} at (61,247) size 3x13
                    text run at (61,247) width 3: " "
                  RenderBR {BR} at (64,257) size 0x0
                  RenderInline {A} at (0,0) size 78x13 [color=#0000EE]
                    RenderText {#text} at (0,260) size 78x13
                      text run at (0,260) width 78: "Partitioning Keys"
                  RenderText {#text} at (78,260) size 3x13
                    text run at (78,260) width 3: " "
                  RenderBR {BR} at (81,270) size 0x0
                  RenderInline {A} at (0,0) size 52x13 [color=#0000EE]
                    RenderText {#text} at (0,273) size 52x13
                      text run at (0,273) width 52: "Constraints"
                  RenderText {#text} at (52,273) size 3x13
                    text run at (52,273) width 3: " "
                  RenderBR {BR} at (55,283) size 0x0
                  RenderInline {A} at (0,0) size 88x13 [color=#0000EE]
                    RenderText {#text} at (0,286) size 88x13
                      text run at (0,286) width 88: "Unique Constraints"
                  RenderText {#text} at (88,286) size 3x13
                    text run at (88,286) width 3: " "
                  RenderBR {BR} at (91,296) size 0x0
                  RenderInline {A} at (0,0) size 105x13 [color=#0000EE]
                    RenderText {#text} at (0,299) size 105x13
                      text run at (0,299) width 105: "Referential Constraints"
                  RenderText {#text} at (105,299) size 3x13
                    text run at (105,299) width 3: " "
                  RenderBR {BR} at (108,309) size 0x0
                  RenderInline {A} at (0,0) size 113x13 [color=#0000EE]
                    RenderText {#text} at (0,312) size 113x13
                      text run at (0,312) width 113: "Table Check Constraints"
                  RenderText {#text} at (113,312) size 3x13
                    text run at (113,312) width 3: " "
                  RenderBR {BR} at (116,322) size 0x0
                  RenderInline {A} at (0,0) size 37x13 [color=#0000EE]
                    RenderText {#text} at (0,325) size 37x13
                      text run at (0,325) width 37: "Triggers"
                  RenderText {#text} at (37,325) size 3x13
                    text run at (37,325) width 3: " "
                  RenderBR {BR} at (40,335) size 0x0
                  RenderInline {A} at (0,0) size 69x13 [color=#0000EE]
                    RenderText {#text} at (0,338) size 69x13
                      text run at (0,338) width 69: "Event Monitors"
                  RenderText {#text} at (69,338) size 3x13
                    text run at (69,338) width 3: " "
                  RenderBR {BR} at (72,348) size 0x0
                  RenderInline {A} at (0,0) size 36x13 [color=#0000EE]
                    RenderText {#text} at (0,351) size 36x13
                      text run at (0,351) width 36: "Queries"
                  RenderText {#text} at (36,351) size 3x13
                    text run at (36,351) width 3: " "
                  RenderBR {BR} at (39,361) size 0x0
                  RenderInline {A} at (0,0) size 85x13 [color=#0000EE]
                    RenderText {#text} at (0,364) size 85x13
                      text run at (0,364) width 85: "Table Expressions"
                  RenderText {#text} at (85,364) size 3x13
                    text run at (85,364) width 3: " "
                  RenderBR {BR} at (88,374) size 0x0
                  RenderInline {A} at (0,0) size 129x13 [color=#0000EE]
                    RenderText {#text} at (0,377) size 129x13
                      text run at (0,377) width 129: "Common Table Expressions"
                  RenderText {#text} at (129,377) size 3x13
                    text run at (129,377) width 3: " "
                  RenderBR {BR} at (132,387) size 0x0
                  RenderInline {A} at (0,0) size 46x13 [color=#0000EE]
                    RenderText {#text} at (0,390) size 46x13
                      text run at (0,390) width 46: "Packages"
                  RenderText {#text} at (46,390) size 3x13
                    text run at (46,390) width 3: " "
                  RenderBR {BR} at (49,400) size 0x0
                  RenderInline {A} at (0,0) size 66x13 [color=#0000EE]
                    RenderText {#text} at (0,403) size 66x13
                      text run at (0,403) width 66: "Catalog Views"
                  RenderText {#text} at (66,403) size 3x13
                    text run at (66,403) width 3: " "
                  RenderBR {BR} at (69,413) size 0x0
                  RenderInline {A} at (0,0) size 236x13 [color=#0000EE]
                    RenderText {#text} at (0,416) size 236x13
                      text run at (0,416) width 236: "Application Processes, Concurrency, and Recovery"
                  RenderText {#text} at (236,416) size 3x13
                    text run at (236,416) width 3: " "
                  RenderBR {BR} at (239,426) size 0x0
                  RenderInline {A} at (0,0) size 67x13 [color=#0000EE]
                    RenderText {#text} at (0,429) size 67x13
                      text run at (0,429) width 67: "Isolation Level"
                  RenderText {#text} at (67,429) size 3x13
                    text run at (67,429) width 3: " "
                  RenderBR {BR} at (70,439) size 0x0
                  RenderInline {A} at (0,0) size 105x13 [color=#0000EE]
                    RenderText {#text} at (0,442) size 105x13
                      text run at (0,442) width 105: "Repeatable Read (RR)"
                  RenderText {#text} at (105,442) size 3x13
                    text run at (105,442) width 3: " "
                  RenderBR {BR} at (108,452) size 0x0
                  RenderInline {A} at (0,0) size 87x13 [color=#0000EE]
                    RenderText {#text} at (0,455) size 87x13
                      text run at (0,455) width 87: "Read Stability (RS)"
                  RenderText {#text} at (87,455) size 3x13
                    text run at (87,455) width 3: " "
                  RenderBR {BR} at (90,465) size 0x0
                  RenderInline {A} at (0,0) size 92x13 [color=#0000EE]
                    RenderText {#text} at (0,468) size 92x13
                      text run at (0,468) width 92: "Cursor Stability (CS)"
                  RenderText {#text} at (92,468) size 3x13
                    text run at (92,468) width 3: " "
                  RenderBR {BR} at (95,478) size 0x0
                  RenderInline {A} at (0,0) size 111x13 [color=#0000EE]
                    RenderText {#text} at (0,481) size 111x13
                      text run at (0,481) width 111: "Uncommitted Read (UR)"
                  RenderText {#text} at (111,481) size 3x13
                    text run at (111,481) width 3: " "
                  RenderBR {BR} at (114,491) size 0x0
                  RenderInline {A} at (0,0) size 142x13 [color=#0000EE]
                    RenderText {#text} at (0,494) size 142x13
                      text run at (0,494) width 142: "Comparison of Isolation Levels"
                  RenderText {#text} at (142,494) size 3x13
                    text run at (142,494) width 3: " "
                  RenderBR {BR} at (145,504) size 0x0
                  RenderInline {A} at (0,0) size 146x13 [color=#0000EE]
                    RenderText {#text} at (0,507) size 146x13
                      text run at (0,507) width 146: "Distributed Relational Database"
                  RenderText {#text} at (146,507) size 3x13
                    text run at (146,507) width 3: " "
                  RenderBR {BR} at (149,517) size 0x0
                  RenderInline {A} at (0,0) size 89x13 [color=#0000EE]
                    RenderText {#text} at (0,520) size 89x13
                      text run at (0,520) width 89: "Application Servers"
                  RenderText {#text} at (89,520) size 3x13
                    text run at (89,520) width 3: " "
                  RenderBR {BR} at (92,530) size 0x0
                  RenderInline {A} at (0,0) size 204x13 [color=#0000EE]
                    RenderText {#text} at (0,533) size 204x13
                      text run at (0,533) width 204: "CONNECT (Type 1) and CONNECT (Type 2)"
                  RenderText {#text} at (204,533) size 3x13
                    text run at (204,533) width 3: " "
                  RenderBR {BR} at (207,543) size 0x0
                  RenderInline {A} at (0,0) size 95x13 [color=#0000EE]
                    RenderText {#text} at (0,546) size 95x13
                      text run at (0,546) width 95: "Remote Unit of Work"
                  RenderText {#text} at (95,546) size 3x13
                    text run at (95,546) width 3: " "
                  RenderBR {BR} at (98,556) size 0x0
                  RenderInline {A} at (0,0) size 203x13 [color=#0000EE]
                    RenderText {#text} at (0,559) size 203x13
                      text run at (0,559) width 203: "Application-Directed Distributed Unit of Work"
                  RenderText {#text} at (203,559) size 3x13
                    text run at (203,559) width 3: " "
                  RenderBR {BR} at (206,569) size 0x0
                  RenderInline {A} at (0,0) size 168x13 [color=#0000EE]
                    RenderText {#text} at (0,572) size 168x13
                      text run at (0,572) width 168: "Data Representation Considerations"
                  RenderText {#text} at (168,572) size 3x13
                    text run at (168,572) width 3: " "
                  RenderBR {BR} at (171,582) size 0x0
                  RenderInline {A} at (0,0) size 113x13 [color=#0000EE]
                    RenderText {#text} at (0,585) size 113x13
                      text run at (0,585) width 113: "DB2 Federated Systems"
                  RenderText {#text} at (113,585) size 3x13
                    text run at (113,585) width 3: " "
                  RenderBR {BR} at (116,595) size 0x0
                  RenderInline {A} at (0,0) size 294x13 [color=#0000EE]
                    RenderText {#text} at (0,598) size 294x13
                      text run at (0,598) width 294: "The Federated Server, Federated Database, and Data Sources"
                  RenderText {#text} at (294,598) size 3x13
                    text run at (294,598) width 3: " "
                  RenderBR {BR} at (297,608) size 0x0
                  RenderInline {A} at (0,0) size 209x13 [color=#0000EE]
                    RenderText {#text} at (0,611) size 209x13
                      text run at (0,611) width 209: "Tasks to Perform in a DB2 Federated System"
                  RenderText {#text} at (209,611) size 3x13
                    text run at (209,611) width 3: " "
                  RenderBR {BR} at (212,621) size 0x0
                  RenderInline {A} at (0,0) size 149x13 [color=#0000EE]
                    RenderText {#text} at (0,624) size 149x13
                      text run at (0,624) width 149: "Wrappers and Wrapper Modules"
                  RenderText {#text} at (149,624) size 3x13
                    text run at (149,624) width 3: " "
                  RenderBR {BR} at (152,634) size 0x0
                  RenderInline {A} at (0,0) size 174x13 [color=#0000EE]
                    RenderText {#text} at (0,637) size 174x13
                      text run at (0,637) width 174: "Server Definitions and Server Options"
                  RenderText {#text} at (174,637) size 3x13
                    text run at (174,637) width 3: " "
                  RenderBR {BR} at (177,647) size 0x0
                  RenderInline {A} at (0,0) size 153x13 [color=#0000EE]
                    RenderText {#text} at (0,650) size 153x13
                      text run at (0,650) width 153: "User Mappings and User Options"
                  RenderText {#text} at (153,650) size 3x13
                    text run at (153,650) width 3: " "
                  RenderBR {BR} at (156,660) size 0x0
                  RenderInline {A} at (0,0) size 96x13 [color=#0000EE]
                    RenderText {#text} at (0,663) size 96x13
                      text run at (0,663) width 96: "Data Type Mappings"
                  RenderText {#text} at (96,663) size 3x13
                    text run at (96,663) width 3: " "
                  RenderBR {BR} at (99,673) size 0x0
                  RenderInline {A} at (0,0) size 334x13 [color=#0000EE]
                    RenderText {#text} at (0,676) size 334x13
                      text run at (0,676) width 334: "Function Mappings, Function Templates, and Function Mapping Options"
                  RenderText {#text} at (334,676) size 3x13
                    text run at (334,676) width 3: " "
                  RenderBR {BR} at (337,686) size 0x0
                  RenderInline {A} at (0,0) size 148x13 [color=#0000EE]
                    RenderText {#text} at (0,689) size 148x13
                      text run at (0,689) width 148: "Nicknames and Column Options"
                  RenderText {#text} at (148,689) size 3x13
                    text run at (148,689) width 3: " "
                  RenderBR {BR} at (151,699) size 0x0
                  RenderInline {A} at (0,0) size 93x13 [color=#0000EE]
                    RenderText {#text} at (0,702) size 93x13
                      text run at (0,702) width 93: "Index Specifications"
                  RenderText {#text} at (93,702) size 3x13
                    text run at (93,702) width 3: " "
                  RenderBR {BR} at (96,712) size 0x0
                  RenderInline {A} at (0,0) size 96x13 [color=#0000EE]
                    RenderText {#text} at (0,715) size 96x13
                      text run at (0,715) width 96: "Distributed Requests"
                  RenderText {#text} at (96,715) size 3x13
                    text run at (96,715) width 3: " "
                  RenderBR {BR} at (99,725) size 0x0
                  RenderInline {A} at (0,0) size 67x13 [color=#0000EE]
                    RenderText {#text} at (0,728) size 67x13
                      text run at (0,728) width 67: "Compensation"
                  RenderText {#text} at (67,728) size 3x13
                    text run at (67,728) width 3: " "
                  RenderBR {BR} at (70,738) size 0x0
                  RenderInline {A} at (0,0) size 65x13 [color=#0000EE]
                    RenderText {#text} at (0,741) size 65x13
                      text run at (0,741) width 65: "Pass-Through"
                  RenderText {#text} at (65,741) size 3x13
                    text run at (65,741) width 3: " "
                  RenderBR {BR} at (68,751) size 0x0
                  RenderInline {A} at (0,0) size 100x13 [color=#0000EE]
                    RenderText {#text} at (0,754) size 100x13
                      text run at (0,754) width 100: "Character Conversion"
                  RenderText {#text} at (100,754) size 3x13
                    text run at (100,754) width 3: " "
                  RenderBR {BR} at (103,764) size 0x0
                  RenderInline {A} at (0,0) size 151x13 [color=#0000EE]
                    RenderText {#text} at (0,767) size 151x13
                      text run at (0,767) width 151: "Character Sets and Code Pages"
                  RenderText {#text} at (151,767) size 3x13
                    text run at (151,767) width 3: " "
                  RenderBR {BR} at (154,777) size 0x0
                  RenderInline {A} at (0,0) size 100x13 [color=#0000EE]
                    RenderText {#text} at (0,780) size 100x13
                      text run at (0,780) width 100: "Code Page Attributes"
                  RenderText {#text} at (100,780) size 3x13
                    text run at (100,780) width 3: " "
                  RenderBR {BR} at (103,790) size 0x0
                  RenderInline {A} at (0,0) size 129x13 [color=#0000EE]
                    RenderText {#text} at (0,793) size 129x13
                      text run at (0,793) width 129: "Authorization and Privileges"
                  RenderText {#text} at (129,793) size 3x13
                    text run at (129,793) width 3: " "
                  RenderBR {BR} at (132,803) size 0x0
                  RenderInline {A} at (0,0) size 204x13 [color=#0000EE]
                    RenderText {#text} at (0,806) size 204x13
                      text run at (0,806) width 204: "Table Spaces and Other Storage Structures"
                  RenderText {#text} at (204,806) size 3x13
                    text run at (204,806) width 3: " "
                  RenderBR {BR} at (207,816) size 0x0
                  RenderInline {A} at (0,0) size 195x13 [color=#0000EE]
                    RenderText {#text} at (0,819) size 195x13
                      text run at (0,819) width 195: "Data Partitioning Across Multiple Partitions"
                  RenderText {#text} at (195,819) size 3x13
                    text run at (195,819) width 3: " "
                  RenderBR {BR} at (198,829) size 0x0
                  RenderInline {A} at (0,0) size 80x13 [color=#0000EE]
                    RenderText {#text} at (0,832) size 80x13
                      text run at (0,832) width 80: "Partitioning Maps"
                  RenderText {#text} at (80,832) size 3x13
                    text run at (80,832) width 3: " "
                  RenderBR {BR} at (83,842) size 0x0
                  RenderInline {A} at (0,0) size 80x13 [color=#0000EE]
                    RenderText {#text} at (0,845) size 80x13
                      text run at (0,845) width 80: "Table Collocation"
                  RenderText {#text} at (0,0) size 0x0
                RenderBlock {P} at (0,1107) size 570x1729
                  RenderInline {B} at (0,0) size 97x13
                    RenderInline {A} at (0,0) size 97x13 [color=#0000EE]
                      RenderText {#text} at (0,0) size 97x13
                        text run at (0,0) width 97: "Language Elements"
                  RenderBR {BR} at (97,10) size 0x0
                  RenderBR {BR} at (0,13) size 0x13
                  RenderInline {A} at (0,0) size 50x13 [color=#0000EE]
                    RenderText {#text} at (0,26) size 50x13
                      text run at (0,26) width 50: "Characters"
                  RenderText {#text} at (50,26) size 3x13
                    text run at (50,26) width 3: " "
                  RenderBR {BR} at (53,36) size 0x0
                  RenderInline {A} at (0,0) size 101x13 [color=#0000EE]
                    RenderText {#text} at (0,39) size 101x13
                      text run at (0,39) width 101: "MBCS Considerations"
                  RenderText {#text} at (101,39) size 3x13
                    text run at (101,39) width 3: " "
                  RenderBR {BR} at (104,49) size 0x0
                  RenderInline {A} at (0,0) size 34x13 [color=#0000EE]
                    RenderText {#text} at (0,52) size 34x13
                      text run at (0,52) width 34: "Tokens"
                  RenderText {#text} at (34,52) size 3x13
                    text run at (34,52) width 3: " "
                  RenderBR {BR} at (37,62) size 0x0
                  RenderInline {A} at (0,0) size 101x13 [color=#0000EE]
                    RenderText {#text} at (0,65) size 101x13
                      text run at (0,65) width 101: "MBCS Considerations"
                  RenderText {#text} at (101,65) size 3x13
                    text run at (101,65) width 3: " "
                  RenderBR {BR} at (104,75) size 0x0
                  RenderInline {A} at (0,0) size 45x13 [color=#0000EE]
                    RenderText {#text} at (0,78) size 45x13
                      text run at (0,78) width 45: "Identifiers"
                  RenderText {#text} at (45,78) size 3x13
                    text run at (45,78) width 3: " "
                  RenderBR {BR} at (48,88) size 0x0
                  RenderInline {A} at (0,0) size 69x13 [color=#0000EE]
                    RenderText {#text} at (0,91) size 69x13
                      text run at (0,91) width 69: "SQL Identifiers"
                  RenderText {#text} at (69,91) size 3x13
                    text run at (69,91) width 3: " "
                  RenderBR {BR} at (72,101) size 0x0
                  RenderInline {A} at (0,0) size 69x13 [color=#0000EE]
                    RenderText {#text} at (0,104) size 69x13
                      text run at (0,104) width 69: "Host Identifiers"
                  RenderText {#text} at (69,104) size 3x13
                    text run at (69,104) width 3: " "
                  RenderBR {BR} at (72,114) size 0x0
                  RenderInline {A} at (0,0) size 279x13 [color=#0000EE]
                    RenderText {#text} at (0,117) size 279x13
                      text run at (0,117) width 279: "Naming Conventions and Implicit Object Name Qualifications"
                  RenderText {#text} at (279,117) size 3x13
                    text run at (279,117) width 3: " "
                  RenderBR {BR} at (282,127) size 0x0
                  RenderInline {A} at (0,0) size 33x13 [color=#0000EE]
                    RenderText {#text} at (0,130) size 33x13
                      text run at (0,130) width 33: "Aliases"
                  RenderText {#text} at (33,130) size 3x13
                    text run at (33,130) width 3: " "
                  RenderBR {BR} at (36,140) size 0x0
                  RenderInline {A} at (0,0) size 197x13 [color=#0000EE]
                    RenderText {#text} at (0,143) size 197x13
                      text run at (0,143) width 197: "Authorization IDs and authorization-names"
                  RenderText {#text} at (197,143) size 3x13
                    text run at (197,143) width 3: " "
                  RenderBR {BR} at (200,153) size 0x0
                  RenderInline {A} at (0,0) size 185x13 [color=#0000EE]
                    RenderText {#text} at (0,156) size 185x13
                      text run at (0,156) width 185: "Dynamic SQL Characteristics at run-time"
                  RenderText {#text} at (185,156) size 3x13
                    text run at (185,156) width 3: " "
                  RenderBR {BR} at (188,166) size 0x0
                  RenderInline {A} at (0,0) size 208x13 [color=#0000EE]
                    RenderText {#text} at (0,169) size 208x13
                      text run at (0,169) width 208: "Authorization IDs and Statement Preparation"
                  RenderText {#text} at (208,169) size 3x13
                    text run at (208,169) width 3: " "
                  RenderBR {BR} at (211,179) size 0x0
                  RenderInline {A} at (0,0) size 53x13 [color=#0000EE]
                    RenderText {#text} at (0,182) size 53x13
                      text run at (0,182) width 53: "Data Types"
                  RenderText {#text} at (53,182) size 3x13
                    text run at (53,182) width 3: " "
                  RenderBR {BR} at (56,192) size 0x0
                  RenderInline {A} at (0,0) size 22x13 [color=#0000EE]
                    RenderText {#text} at (0,195) size 22x13
                      text run at (0,195) width 22: "Nulls"
                  RenderText {#text} at (22,195) size 3x13
                    text run at (22,195) width 3: " "
                  RenderBR {BR} at (25,205) size 0x0
                  RenderInline {A} at (0,0) size 100x13 [color=#0000EE]
                    RenderText {#text} at (0,208) size 100x13
                      text run at (0,208) width 100: "Large Objects (LOBs)"
                  RenderText {#text} at (100,208) size 3x13
                    text run at (100,208) width 3: " "
                  RenderBR {BR} at (103,218) size 0x0
                  RenderInline {A} at (0,0) size 80x13 [color=#0000EE]
                    RenderText {#text} at (0,221) size 80x13
                      text run at (0,221) width 80: "Character Strings"
                  RenderText {#text} at (80,221) size 3x13
                    text run at (80,221) width 3: " "
                  RenderBR {BR} at (83,231) size 0x0
                  RenderInline {A} at (0,0) size 71x13 [color=#0000EE]
                    RenderText {#text} at (0,234) size 71x13
                      text run at (0,234) width 71: "Graphic Strings"
                  RenderText {#text} at (71,234) size 3x13
                    text run at (71,234) width 3: " "
                  RenderBR {BR} at (74,244) size 0x0
                  RenderInline {A} at (0,0) size 59x13 [color=#0000EE]
                    RenderText {#text} at (0,247) size 59x13
                      text run at (0,247) width 59: "Binary String"
                  RenderText {#text} at (59,247) size 3x13
                    text run at (59,247) width 3: " "
                  RenderBR {BR} at (62,257) size 0x0
                  RenderInline {A} at (0,0) size 41x13 [color=#0000EE]
                    RenderText {#text} at (0,260) size 41x13
                      text run at (0,260) width 41: "Numbers"
                  RenderText {#text} at (41,260) size 3x13
                    text run at (41,260) width 3: " "
                  RenderBR {BR} at (44,270) size 0x0
                  RenderInline {A} at (0,0) size 76x13 [color=#0000EE]
                    RenderText {#text} at (0,273) size 76x13
                      text run at (0,273) width 76: "Datetime Values"
                  RenderText {#text} at (76,273) size 3x13
                    text run at (76,273) width 3: " "
                  RenderBR {BR} at (79,283) size 0x0
                  RenderInline {A} at (0,0) size 85x13 [color=#0000EE]
                    RenderText {#text} at (0,286) size 85x13
                      text run at (0,286) width 85: "DATALINK Values"
                  RenderText {#text} at (85,286) size 3x13
                    text run at (85,286) width 3: " "
                  RenderBR {BR} at (88,296) size 0x0
                  RenderInline {A} at (0,0) size 91x13 [color=#0000EE]
                    RenderText {#text} at (0,299) size 91x13
                      text run at (0,299) width 91: "User Defined Types"
                  RenderText {#text} at (91,299) size 3x13
                    text run at (91,299) width 3: " "
                  RenderBR {BR} at (94,309) size 0x0
                  RenderInline {A} at (0,0) size 115x13 [color=#0000EE]
                    RenderText {#text} at (0,312) size 115x13
                      text run at (0,312) width 115: "Promotion of Data Types"
                  RenderText {#text} at (115,312) size 3x13
                    text run at (115,312) width 3: " "
                  RenderBR {BR} at (118,322) size 0x0
                  RenderInline {A} at (0,0) size 135x13 [color=#0000EE]
                    RenderText {#text} at (0,325) size 135x13
                      text run at (0,325) width 135: "Casting Between Data Types"
                  RenderText {#text} at (135,325) size 3x13
                    text run at (135,325) width 3: " "
                  RenderBR {BR} at (138,335) size 0x0
                  RenderInline {A} at (0,0) size 143x13 [color=#0000EE]
                    RenderText {#text} at (0,338) size 143x13
                      text run at (0,338) width 143: "Assignments and Comparisons"
                  RenderText {#text} at (143,338) size 3x13
                    text run at (143,338) width 3: " "
                  RenderBR {BR} at (146,348) size 0x0
                  RenderInline {A} at (0,0) size 99x13 [color=#0000EE]
                    RenderText {#text} at (0,351) size 99x13
                      text run at (0,351) width 99: "Numeric Assignments"
                  RenderText {#text} at (99,351) size 3x13
                    text run at (99,351) width 3: " "
                  RenderBR {BR} at (102,361) size 0x0
                  RenderInline {A} at (0,0) size 89x13 [color=#0000EE]
                    RenderText {#text} at (0,364) size 89x13
                      text run at (0,364) width 89: "String Assignments"
                  RenderText {#text} at (89,364) size 3x13
                    text run at (89,364) width 3: " "
                  RenderBR {BR} at (92,374) size 0x0
                  RenderInline {A} at (0,0) size 103x13 [color=#0000EE]
                    RenderText {#text} at (0,377) size 103x13
                      text run at (0,377) width 103: "Datetime Assignments"
                  RenderText {#text} at (103,377) size 3x13
                    text run at (103,377) width 3: " "
                  RenderBR {BR} at (106,387) size 0x0
                  RenderInline {A} at (0,0) size 112x13 [color=#0000EE]
                    RenderText {#text} at (0,390) size 112x13
                      text run at (0,390) width 112: "DATALINK Assignments"
                  RenderText {#text} at (112,390) size 3x13
                    text run at (112,390) width 3: " "
                  RenderBR {BR} at (115,400) size 0x0
                  RenderInline {A} at (0,0) size 147x13 [color=#0000EE]
                    RenderText {#text} at (0,403) size 147x13
                      text run at (0,403) width 147: "User-defined Type Assignments"
                  RenderText {#text} at (147,403) size 3x13
                    text run at (147,403) width 3: " "
                  RenderBR {BR} at (150,413) size 0x0
                  RenderInline {A} at (0,0) size 136x13 [color=#0000EE]
                    RenderText {#text} at (0,416) size 136x13
                      text run at (0,416) width 136: "Reference Type Assignments"
                  RenderText {#text} at (136,416) size 3x13
                    text run at (136,416) width 3: " "
                  RenderBR {BR} at (139,426) size 0x0
                  RenderInline {A} at (0,0) size 100x13 [color=#0000EE]
                    RenderText {#text} at (0,429) size 100x13
                      text run at (0,429) width 100: "Numeric Comparisons"
                  RenderText {#text} at (100,429) size 3x13
                    text run at (100,429) width 3: " "
                  RenderBR {BR} at (103,439) size 0x0
                  RenderInline {A} at (0,0) size 90x13 [color=#0000EE]
                    RenderText {#text} at (0,442) size 90x13
                      text run at (0,442) width 90: "String Comparisons"
                  RenderText {#text} at (90,442) size 3x13
                    text run at (90,442) width 3: " "
                  RenderBR {BR} at (93,452) size 0x0
                  RenderInline {A} at (0,0) size 104x13 [color=#0000EE]
                    RenderText {#text} at (0,455) size 104x13
                      text run at (0,455) width 104: "Datetime Comparisons"
                  RenderText {#text} at (104,455) size 3x13
                    text run at (104,455) width 3: " "
                  RenderBR {BR} at (107,465) size 0x0
                  RenderInline {A} at (0,0) size 148x13 [color=#0000EE]
                    RenderText {#text} at (0,468) size 148x13
                      text run at (0,468) width 148: "User-defined Type Comparisons"
                  RenderText {#text} at (148,468) size 3x13
                    text run at (148,468) width 3: " "
                  RenderBR {BR} at (151,478) size 0x0
                  RenderInline {A} at (0,0) size 137x13 [color=#0000EE]
                    RenderText {#text} at (0,481) size 137x13
                      text run at (0,481) width 137: "Reference Type Comparisons"
                  RenderText {#text} at (137,481) size 3x13
                    text run at (137,481) width 3: " "
                  RenderBR {BR} at (140,491) size 0x0
                  RenderInline {A} at (0,0) size 129x13 [color=#0000EE]
                    RenderText {#text} at (0,494) size 129x13
                      text run at (0,494) width 129: "Rules for Result Data Types"
                  RenderText {#text} at (129,494) size 3x13
                    text run at (129,494) width 3: " "
                  RenderBR {BR} at (132,504) size 0x0
                  RenderInline {A} at (0,0) size 80x13 [color=#0000EE]
                    RenderText {#text} at (0,507) size 80x13
                      text run at (0,507) width 80: "Character Strings"
                  RenderText {#text} at (80,507) size 3x13
                    text run at (80,507) width 3: " "
                  RenderBR {BR} at (83,517) size 0x0
                  RenderInline {A} at (0,0) size 71x13 [color=#0000EE]
                    RenderText {#text} at (0,520) size 71x13
                      text run at (0,520) width 71: "Graphic Strings"
                  RenderText {#text} at (71,520) size 3x13
                    text run at (71,520) width 3: " "
                  RenderBR {BR} at (74,530) size 0x0
                  RenderInline {A} at (0,0) size 129x13 [color=#0000EE]
                    RenderText {#text} at (0,533) size 129x13
                      text run at (0,533) width 129: "Binary Large Object (BLOB)"
                  RenderText {#text} at (129,533) size 3x13
                    text run at (129,533) width 3: " "
                  RenderBR {BR} at (132,543) size 0x0
                  RenderInline {A} at (0,0) size 37x13 [color=#0000EE]
                    RenderText {#text} at (0,546) size 37x13
                      text run at (0,546) width 37: "Numeric"
                  RenderText {#text} at (37,546) size 3x13
                    text run at (37,546) width 3: " "
                  RenderBR {BR} at (40,556) size 0x0
                  RenderInline {A} at (0,0) size 27x13 [color=#0000EE]
                    RenderText {#text} at (0,559) size 27x13
                      text run at (0,559) width 27: "DATE"
                  RenderText {#text} at (27,559) size 3x13
                    text run at (27,559) width 3: " "
                  RenderBR {BR} at (30,569) size 0x0
                  RenderInline {A} at (0,0) size 24x13 [color=#0000EE]
                    RenderText {#text} at (0,572) size 24x13
                      text run at (0,572) width 24: "TIME"
                  RenderText {#text} at (24,572) size 3x13
                    text run at (24,572) width 3: " "
                  RenderBR {BR} at (27,582) size 0x0
                  RenderInline {A} at (0,0) size 59x13 [color=#0000EE]
                    RenderText {#text} at (0,585) size 59x13
                      text run at (0,585) width 59: "TIMESTAMP"
                  RenderText {#text} at (59,585) size 3x13
                    text run at (59,585) width 3: " "
                  RenderBR {BR} at (62,595) size 0x0
                  RenderInline {A} at (0,0) size 50x13 [color=#0000EE]
                    RenderText {#text} at (0,598) size 50x13
                      text run at (0,598) width 50: "DATALINK"
                  RenderText {#text} at (50,598) size 3x13
                    text run at (50,598) width 3: " "
                  RenderBR {BR} at (53,608) size 0x0
                  RenderInline {A} at (0,0) size 90x13 [color=#0000EE]
                    RenderText {#text} at (0,611) size 90x13
                      text run at (0,611) width 90: "User-defined Types"
                  RenderText {#text} at (90,611) size 3x13
                    text run at (90,611) width 3: " "
                  RenderBR {BR} at (93,621) size 0x0
                  RenderInline {A} at (0,0) size 123x13 [color=#0000EE]
                    RenderText {#text} at (0,624) size 123x13
                      text run at (0,624) width 123: "Nullable Attribute of Result"
                  RenderText {#text} at (123,624) size 3x13
                    text run at (123,624) width 3: " "
                  RenderBR {BR} at (126,634) size 0x0
                  RenderInline {A} at (0,0) size 131x13 [color=#0000EE]
                    RenderText {#text} at (0,637) size 131x13
                      text run at (0,637) width 131: "Rules for String Conversions"
                  RenderText {#text} at (131,637) size 3x13
                    text run at (131,637) width 3: " "
                  RenderBR {BR} at (134,647) size 0x0
                  RenderInline {A} at (0,0) size 99x13 [color=#0000EE]
                    RenderText {#text} at (0,650) size 99x13
                      text run at (0,650) width 99: "Partition Compatibility"
                  RenderText {#text} at (99,650) size 3x13
                    text run at (99,650) width 3: " "
                  RenderBR {BR} at (102,660) size 0x0
                  RenderInline {A} at (0,0) size 47x13 [color=#0000EE]
                    RenderText {#text} at (0,663) size 47x13
                      text run at (0,663) width 47: "Constants"
                  RenderText {#text} at (47,663) size 3x13
                    text run at (47,663) width 3: " "
                  RenderBR {BR} at (50,673) size 0x0
                  RenderInline {A} at (0,0) size 83x13 [color=#0000EE]
                    RenderText {#text} at (0,676) size 83x13
                      text run at (0,676) width 83: "Integer Constants"
                  RenderText {#text} at (83,676) size 3x13
                    text run at (83,676) width 3: " "
                  RenderBR {BR} at (86,686) size 0x0
                  RenderInline {A} at (0,0) size 114x13 [color=#0000EE]
                    RenderText {#text} at (0,689) size 114x13
                      text run at (0,689) width 114: "Floating-Point Constants"
                  RenderText {#text} at (114,689) size 3x13
                    text run at (114,689) width 3: " "
                  RenderBR {BR} at (117,699) size 0x0
                  RenderInline {A} at (0,0) size 86x13 [color=#0000EE]
                    RenderText {#text} at (0,702) size 86x13
                      text run at (0,702) width 86: "Decimal Constants"
                  RenderText {#text} at (86,702) size 3x13
                    text run at (86,702) width 3: " "
                  RenderBR {BR} at (89,712) size 0x0
                  RenderInline {A} at (0,0) size 125x13 [color=#0000EE]
                    RenderText {#text} at (0,715) size 125x13
                      text run at (0,715) width 125: "Character String Constants"
                  RenderText {#text} at (125,715) size 3x13
                    text run at (125,715) width 3: " "
                  RenderBR {BR} at (128,725) size 0x0
                  RenderInline {A} at (0,0) size 109x13 [color=#0000EE]
                    RenderText {#text} at (0,728) size 109x13
                      text run at (0,728) width 109: "Hexadecimal Constants"
                  RenderText {#text} at (109,728) size 3x13
                    text run at (109,728) width 3: " "
                  RenderBR {BR} at (112,738) size 0x0
                  RenderInline {A} at (0,0) size 116x13 [color=#0000EE]
                    RenderText {#text} at (0,741) size 116x13
                      text run at (0,741) width 116: "Graphic String Constants"
                  RenderText {#text} at (116,741) size 3x13
                    text run at (116,741) width 3: " "
                  RenderBR {BR} at (119,751) size 0x0
                  RenderInline {A} at (0,0) size 190x13 [color=#0000EE]
                    RenderText {#text} at (0,754) size 190x13
                      text run at (0,754) width 190: "Using Constants with User-defined Types"
                  RenderText {#text} at (190,754) size 3x13
                    text run at (190,754) width 3: " "
                  RenderBR {BR} at (193,764) size 0x0
                  RenderInline {A} at (0,0) size 80x13 [color=#0000EE]
                    RenderText {#text} at (0,767) size 80x13
                      text run at (0,767) width 80: "Special Registers"
                  RenderText {#text} at (80,767) size 3x13
                    text run at (80,767) width 3: " "
                  RenderBR {BR} at (83,777) size 0x0
                  RenderInline {A} at (0,0) size 78x13 [color=#0000EE]
                    RenderText {#text} at (0,780) size 78x13
                      text run at (0,780) width 78: "CURRENT DATE"
                  RenderText {#text} at (78,780) size 3x13
                    text run at (78,780) width 3: " "
                  RenderBR {BR} at (81,790) size 0x0
                  RenderInline {A} at (0,0) size 203x13 [color=#0000EE]
                    RenderText {#text} at (0,793) size 203x13
                      text run at (0,793) width 203: "CURRENT DEFAULT TRANSFORM GROUP"
                  RenderText {#text} at (203,793) size 3x13
                    text run at (203,793) width 3: " "
                  RenderBR {BR} at (206,803) size 0x0
                  RenderInline {A} at (0,0) size 94x13 [color=#0000EE]
                    RenderText {#text} at (0,806) size 94x13
                      text run at (0,806) width 94: "CURRENT DEGREE"
                  RenderText {#text} at (94,806) size 3x13
                    text run at (94,806) width 3: " "
                  RenderBR {BR} at (97,816) size 0x0
                  RenderInline {A} at (0,0) size 128x13 [color=#0000EE]
                    RenderText {#text} at (0,819) size 128x13
                      text run at (0,819) width 128: "CURRENT EXPLAIN MODE"
                  RenderText {#text} at (128,819) size 3x13
                    text run at (128,819) width 3: " "
                  RenderBR {BR} at (131,829) size 0x0
                  RenderInline {A} at (0,0) size 154x13 [color=#0000EE]
                    RenderText {#text} at (0,832) size 154x13
                      text run at (0,832) width 154: "CURRENT EXPLAIN SNAPSHOT"
                  RenderText {#text} at (154,832) size 3x13
                    text run at (154,832) width 3: " "
                  RenderBR {BR} at (157,842) size 0x0
                  RenderInline {A} at (0,0) size 80x13 [color=#0000EE]
                    RenderText {#text} at (0,845) size 80x13
                      text run at (0,845) width 80: "CURRENT NODE"
                  RenderText {#text} at (80,845) size 3x13
                    text run at (80,845) width 3: " "
                  RenderBR {BR} at (83,855) size 0x0
                  RenderInline {A} at (0,0) size 78x13 [color=#0000EE]
                    RenderText {#text} at (0,858) size 78x13
                      text run at (0,858) width 78: "CURRENT PATH"
                  RenderText {#text} at (78,858) size 3x13
                    text run at (78,858) width 3: " "
                  RenderBR {BR} at (81,868) size 0x0
                  RenderInline {A} at (0,0) size 162x13 [color=#0000EE]
                    RenderText {#text} at (0,871) size 162x13
                      text run at (0,871) width 162: "CURRENT QUERY OPTIMIZATION"
                  RenderText {#text} at (162,871) size 3x13
                    text run at (162,871) width 3: " "
                  RenderBR {BR} at (165,881) size 0x0
                  RenderInline {A} at (0,0) size 124x13 [color=#0000EE]
                    RenderText {#text} at (0,884) size 124x13
                      text run at (0,884) width 124: "CURRENT REFRESH AGE"
                  RenderText {#text} at (124,884) size 3x13
                    text run at (124,884) width 3: " "
                  RenderBR {BR} at (127,894) size 0x0
                  RenderInline {A} at (0,0) size 94x13 [color=#0000EE]
                    RenderText {#text} at (0,897) size 94x13
                      text run at (0,897) width 94: "CURRENT SCHEMA"
                  RenderText {#text} at (94,897) size 3x13
                    text run at (94,897) width 3: " "
                  RenderBR {BR} at (97,907) size 0x0
                  RenderInline {A} at (0,0) size 93x13 [color=#0000EE]
                    RenderText {#text} at (0,910) size 93x13
                      text run at (0,910) width 93: "CURRENT SERVER"
                  RenderText {#text} at (93,910) size 3x13
                    text run at (93,910) width 3: " "
                  RenderBR {BR} at (96,920) size 0x0
                  RenderInline {A} at (0,0) size 75x13 [color=#0000EE]
                    RenderText {#text} at (0,923) size 75x13
                      text run at (0,923) width 75: "CURRENT TIME"
                  RenderText {#text} at (75,923) size 3x13
                    text run at (75,923) width 3: " "
                  RenderBR {BR} at (78,933) size 0x0
                  RenderInline {A} at (0,0) size 110x13 [color=#0000EE]
                    RenderText {#text} at (0,936) size 110x13
                      text run at (0,936) width 110: "CURRENT TIMESTAMP"
                  RenderText {#text} at (110,936) size 3x13
                    text run at (110,936) width 3: " "
                  RenderBR {BR} at (113,946) size 0x0
                  RenderInline {A} at (0,0) size 103x13 [color=#0000EE]
                    RenderText {#text} at (0,949) size 103x13
                      text run at (0,949) width 103: "CURRENT TIMEZONE"
                  RenderText {#text} at (103,949) size 3x13
                    text run at (103,949) width 3: " "
                  RenderBR {BR} at (106,959) size 0x0
                  RenderInline {A} at (0,0) size 28x13 [color=#0000EE]
                    RenderText {#text} at (0,962) size 28x13
                      text run at (0,962) width 28: "USER"
                  RenderText {#text} at (28,962) size 3x13
                    text run at (28,962) width 3: " "
                  RenderBR {BR} at (31,972) size 0x0
                  RenderInline {A} at (0,0) size 70x13 [color=#0000EE]
                    RenderText {#text} at (0,975) size 70x13
                      text run at (0,975) width 70: "Column Names"
                  RenderText {#text} at (70,975) size 3x13
                    text run at (70,975) width 3: " "
                  RenderBR {BR} at (73,985) size 0x0
                  RenderInline {A} at (0,0) size 114x13 [color=#0000EE]
                    RenderText {#text} at (0,988) size 114x13
                      text run at (0,988) width 114: "Qualified Column Names"
                  RenderText {#text} at (114,988) size 3x13
                    text run at (114,988) width 3: " "
                  RenderBR {BR} at (117,998) size 0x0
                  RenderInline {A} at (0,0) size 85x13 [color=#0000EE]
                    RenderText {#text} at (0,1001) size 85x13
                      text run at (0,1001) width 85: "Correlation Names"
                  RenderText {#text} at (85,1001) size 3x13
                    text run at (85,1001) width 3: " "
                  RenderBR {BR} at (88,1011) size 0x0
                  RenderInline {A} at (0,0) size 200x13 [color=#0000EE]
                    RenderText {#text} at (0,1014) size 200x13
                      text run at (0,1014) width 200: "Column Name Qualifiers to Avoid Ambiguity"
                  RenderText {#text} at (200,1014) size 3x13
                    text run at (200,1014) width 3: " "
                  RenderBR {BR} at (203,1024) size 0x0
                  RenderInline {A} at (0,0) size 229x13 [color=#0000EE]
                    RenderText {#text} at (0,1027) size 229x13
                      text run at (0,1027) width 229: "Column Name Qualifiers in Correlated References"
                  RenderText {#text} at (229,1027) size 3x13
                    text run at (229,1027) width 3: " "
                  RenderBR {BR} at (232,1037) size 0x0
                  RenderInline {A} at (0,0) size 135x13 [color=#0000EE]
                    RenderText {#text} at (0,1040) size 135x13
                      text run at (0,1040) width 135: "References to Host Variables"
                  RenderText {#text} at (135,1040) size 3x13
                    text run at (135,1040) width 3: " "
                  RenderBR {BR} at (138,1050) size 0x0
                  RenderInline {A} at (0,0) size 144x13 [color=#0000EE]
                    RenderText {#text} at (0,1053) size 144x13
                      text run at (0,1053) width 144: "Host Variables in Dynamic SQL"
                  RenderText {#text} at (144,1053) size 3x13
                    text run at (144,1053) width 3: " "
                  RenderBR {BR} at (147,1063) size 0x0
                  RenderInline {A} at (0,0) size 269x13 [color=#0000EE]
                    RenderText {#text} at (0,1066) size 269x13
                      text run at (0,1066) width 269: "References to BLOB, CLOB, and DBCLOB Host Variables"
                  RenderText {#text} at (269,1066) size 3x13
                    text run at (269,1066) width 3: " "
                  RenderBR {BR} at (272,1076) size 0x0
                  RenderInline {A} at (0,0) size 149x13 [color=#0000EE]
                    RenderText {#text} at (0,1079) size 149x13
                      text run at (0,1079) width 149: "References to Locator Variables"
                  RenderText {#text} at (149,1079) size 3x13
                    text run at (149,1079) width 3: " "
                  RenderBR {BR} at (152,1089) size 0x0
                  RenderInline {A} at (0,0) size 315x13 [color=#0000EE]
                    RenderText {#text} at (0,1092) size 315x13
                      text run at (0,1092) width 315: "References to BLOB, CLOB, and DBCLOB File Reference Variables"
                  RenderText {#text} at (315,1092) size 3x13
                    text run at (315,1092) width 3: " "
                  RenderBR {BR} at (318,1102) size 0x0
                  RenderInline {A} at (0,0) size 212x13 [color=#0000EE]
                    RenderText {#text} at (0,1105) size 212x13
                      text run at (0,1105) width 212: "References to Structured Type Host Variables"
                  RenderText {#text} at (212,1105) size 3x13
                    text run at (212,1105) width 3: " "
                  RenderBR {BR} at (215,1115) size 0x0
                  RenderInline {A} at (0,0) size 45x13 [color=#0000EE]
                    RenderText {#text} at (0,1118) size 45x13
                      text run at (0,1118) width 45: "Functions"
                  RenderText {#text} at (45,1118) size 3x13
                    text run at (45,1118) width 3: " "
                  RenderBR {BR} at (48,1128) size 0x0
                  RenderInline {A} at (0,0) size 239x13 [color=#0000EE]
                    RenderText {#text} at (0,1131) size 239x13
                      text run at (0,1131) width 239: "External, SQL and Sourced User-Defined Functions"
                  RenderText {#text} at (239,1131) size 3x13
                    text run at (239,1131) width 3: " "
                  RenderBR {BR} at (242,1141) size 0x0
                  RenderInline {A} at (0,0) size 257x13 [color=#0000EE]
                    RenderText {#text} at (0,1144) size 257x13
                      text run at (0,1144) width 257: "Scalar, Column, Row and Table User-Defined Functions"
                  RenderText {#text} at (257,1144) size 3x13
                    text run at (257,1144) width 3: " "
                  RenderBR {BR} at (260,1154) size 0x0
                  RenderInline {A} at (0,0) size 91x13 [color=#0000EE]
                    RenderText {#text} at (0,1157) size 91x13
                      text run at (0,1157) width 91: "Function signatures"
                  RenderText {#text} at (91,1157) size 3x13
                    text run at (91,1157) width 3: " "
                  RenderBR {BR} at (94,1167) size 0x0
                  RenderInline {A} at (0,0) size 46x13 [color=#0000EE]
                    RenderText {#text} at (0,1170) size 46x13
                      text run at (0,1170) width 46: "SQL Path"
                  RenderText {#text} at (46,1170) size 3x13
                    text run at (46,1170) width 3: " "
                  RenderBR {BR} at (49,1180) size 0x0
                  RenderInline {A} at (0,0) size 92x13 [color=#0000EE]
                    RenderText {#text} at (0,1183) size 92x13
                      text run at (0,1183) width 92: "Function Resolution"
                  RenderText {#text} at (92,1183) size 3x13
                    text run at (92,1183) width 3: " "
                  RenderBR {BR} at (95,1193) size 0x0
                  RenderInline {A} at (0,0) size 91x13 [color=#0000EE]
                    RenderText {#text} at (0,1196) size 91x13
                      text run at (0,1196) width 91: "Function Invocation"
                  RenderText {#text} at (91,1196) size 3x13
                    text run at (91,1196) width 3: " "
                  RenderBR {BR} at (94,1206) size 0x0
                  RenderInline {A} at (0,0) size 40x13 [color=#0000EE]
                    RenderText {#text} at (0,1209) size 40x13
                      text run at (0,1209) width 40: "Methods"
                  RenderText {#text} at (40,1209) size 3x13
                    text run at (40,1209) width 3: " "
                  RenderBR {BR} at (43,1219) size 0x0
                  RenderInline {A} at (0,0) size 189x13 [color=#0000EE]
                    RenderText {#text} at (0,1222) size 189x13
                      text run at (0,1222) width 189: "External and SQL User-Defined Methods"
                  RenderText {#text} at (189,1222) size 3x13
                    text run at (189,1222) width 3: " "
                  RenderBR {BR} at (192,1232) size 0x0
                  RenderInline {A} at (0,0) size 88x13 [color=#0000EE]
                    RenderText {#text} at (0,1235) size 88x13
                      text run at (0,1235) width 88: "Method Signatures"
                  RenderText {#text} at (88,1235) size 3x13
                    text run at (88,1235) width 3: " "
                  RenderBR {BR} at (91,1245) size 0x0
                  RenderInline {A} at (0,0) size 86x13 [color=#0000EE]
                    RenderText {#text} at (0,1248) size 86x13
                      text run at (0,1248) width 86: "Method Invocation"
                  RenderText {#text} at (86,1248) size 3x13
                    text run at (86,1248) width 3: " "
                  RenderBR {BR} at (89,1258) size 0x0
                  RenderInline {A} at (0,0) size 87x13 [color=#0000EE]
                    RenderText {#text} at (0,1261) size 87x13
                      text run at (0,1261) width 87: "Method Resolution"
                  RenderText {#text} at (87,1261) size 3x13
                    text run at (87,1261) width 3: " "
                  RenderBR {BR} at (90,1271) size 0x0
                  RenderInline {A} at (0,0) size 150x13 [color=#0000EE]
                    RenderText {#text} at (0,1274) size 150x13
                      text run at (0,1274) width 150: "Method of Choosing the Best Fit"
                  RenderText {#text} at (150,1274) size 3x13
                    text run at (150,1274) width 3: " "
                  RenderBR {BR} at (153,1284) size 0x0
                  RenderInline {A} at (0,0) size 142x13 [color=#0000EE]
                    RenderText {#text} at (0,1287) size 142x13
                      text run at (0,1287) width 142: "Example of Method Resolution"
                  RenderText {#text} at (142,1287) size 3x13
                    text run at (142,1287) width 3: " "
                  RenderBR {BR} at (145,1297) size 0x0
                  RenderInline {A} at (0,0) size 86x13 [color=#0000EE]
                    RenderText {#text} at (0,1300) size 86x13
                      text run at (0,1300) width 86: "Method Invocation"
                  RenderText {#text} at (86,1300) size 3x13
                    text run at (86,1300) width 3: " "
                  RenderBR {BR} at (89,1310) size 0x0
                  RenderInline {A} at (0,0) size 149x13 [color=#0000EE]
                    RenderText {#text} at (0,1313) size 149x13
                      text run at (0,1313) width 149: "Conservative Binding Semantics"
                  RenderText {#text} at (149,1313) size 3x13
                    text run at (149,1313) width 3: " "
                  RenderBR {BR} at (152,1323) size 0x0
                  RenderInline {A} at (0,0) size 56x13 [color=#0000EE]
                    RenderText {#text} at (0,1326) size 56x13
                      text run at (0,1326) width 56: "Expressions"
                  RenderText {#text} at (56,1326) size 3x13
                    text run at (56,1326) width 3: " "
                  RenderBR {BR} at (59,1336) size 0x0
                  RenderInline {A} at (0,0) size 84x13 [color=#0000EE]
                    RenderText {#text} at (0,1339) size 84x13
                      text run at (0,1339) width 84: "Without Operators"
                  RenderText {#text} at (84,1339) size 3x13
                    text run at (84,1339) width 3: " "
                  RenderBR {BR} at (87,1349) size 0x0
                  RenderInline {A} at (0,0) size 153x13 [color=#0000EE]
                    RenderText {#text} at (0,1352) size 153x13
                      text run at (0,1352) width 153: "With the Concatenation Operator"
                  RenderText {#text} at (153,1352) size 3x13
                    text run at (153,1352) width 3: " "
                  RenderBR {BR} at (156,1362) size 0x0
                  RenderInline {A} at (0,0) size 117x13 [color=#0000EE]
                    RenderText {#text} at (0,1365) size 117x13
                      text run at (0,1365) width 117: "With Arithmetic Operators"
                  RenderText {#text} at (117,1365) size 3x13
                    text run at (117,1365) width 3: " "
                  RenderBR {BR} at (120,1375) size 0x0
                  RenderInline {A} at (0,0) size 104x13 [color=#0000EE]
                    RenderText {#text} at (0,1378) size 104x13
                      text run at (0,1378) width 104: "Two Integer Operands"
                  RenderText {#text} at (104,1378) size 3x13
                    text run at (104,1378) width 3: " "
                  RenderBR {BR} at (107,1388) size 0x0
                  RenderInline {A} at (0,0) size 142x13 [color=#0000EE]
                    RenderText {#text} at (0,1391) size 142x13
                      text run at (0,1391) width 142: "Integer and Decimal Operands"
                  RenderText {#text} at (142,1391) size 3x13
                    text run at (142,1391) width 3: " "
                  RenderBR {BR} at (145,1401) size 0x0
                  RenderInline {A} at (0,0) size 107x13 [color=#0000EE]
                    RenderText {#text} at (0,1404) size 107x13
                      text run at (0,1404) width 107: "Two Decimal Operands"
                  RenderText {#text} at (107,1404) size 3x13
                    text run at (107,1404) width 3: " "
                  RenderBR {BR} at (110,1414) size 0x0
                  RenderInline {A} at (0,0) size 119x13 [color=#0000EE]
                    RenderText {#text} at (0,1417) size 119x13
                      text run at (0,1417) width 119: "Decimal Arithmetic in SQL"
                  RenderText {#text} at (119,1417) size 3x13
                    text run at (119,1417) width 3: " "
                  RenderBR {BR} at (122,1427) size 0x0
                  RenderInline {A} at (0,0) size 113x13 [color=#0000EE]
                    RenderText {#text} at (0,1430) size 113x13
                      text run at (0,1430) width 113: "Floating-Point Operands"
                  RenderText {#text} at (113,1430) size 3x13
                    text run at (113,1430) width 3: " "
                  RenderBR {BR} at (116,1440) size 0x0
                  RenderInline {A} at (0,0) size 153x13 [color=#0000EE]
                    RenderText {#text} at (0,1443) size 153x13
                      text run at (0,1443) width 153: "User-defined Types as Operands"
                  RenderText {#text} at (153,1443) size 3x13
                    text run at (153,1443) width 3: " "
                  RenderBR {BR} at (156,1453) size 0x0
                  RenderInline {A} at (0,0) size 75x13 [color=#0000EE]
                    RenderText {#text} at (0,1456) size 75x13
                      text run at (0,1456) width 75: "Scalar Fullselect"
                  RenderText {#text} at (75,1456) size 3x13
                    text run at (75,1456) width 3: " "
                  RenderBR {BR} at (78,1466) size 0x0
                  RenderInline {A} at (0,0) size 163x13 [color=#0000EE]
                    RenderText {#text} at (0,1469) size 163x13
                      text run at (0,1469) width 163: "Datetime Operations and Durations"
                  RenderText {#text} at (163,1469) size 3x13
                    text run at (163,1469) width 3: " "
                  RenderBR {BR} at (166,1479) size 0x0
                  RenderInline {A} at (0,0) size 124x13 [color=#0000EE]
                    RenderText {#text} at (0,1482) size 124x13
                      text run at (0,1482) width 124: "Datetime Arithmetic in SQL"
                  RenderText {#text} at (124,1482) size 3x13
                    text run at (124,1482) width 3: " "
                  RenderBR {BR} at (127,1492) size 0x0
                  RenderInline {A} at (0,0) size 122x13 [color=#0000EE]
                    RenderText {#text} at (0,1495) size 122x13
                      text run at (0,1495) width 122: "Precedence of Operations"
                  RenderText {#text} at (122,1495) size 3x13
                    text run at (122,1495) width 3: " "
                  RenderBR {BR} at (125,1505) size 0x0
                  RenderInline {A} at (0,0) size 87x13 [color=#0000EE]
                    RenderText {#text} at (0,1508) size 87x13
                      text run at (0,1508) width 87: "CASE Expressions"
                  RenderText {#text} at (87,1508) size 3x13
                    text run at (87,1508) width 3: " "
                  RenderBR {BR} at (90,1518) size 0x0
                  RenderInline {A} at (0,0) size 94x13 [color=#0000EE]
                    RenderText {#text} at (0,1521) size 94x13
                      text run at (0,1521) width 94: "CAST Specifications"
                  RenderText {#text} at (94,1521) size 3x13
                    text run at (94,1521) width 3: " "
                  RenderBR {BR} at (97,1531) size 0x0
                  RenderInline {A} at (0,0) size 111x13 [color=#0000EE]
                    RenderText {#text} at (0,1534) size 111x13
                      text run at (0,1534) width 111: "Dereference Operations"
                  RenderText {#text} at (111,1534) size 3x13
                    text run at (111,1534) width 3: " "
                  RenderBR {BR} at (114,1544) size 0x0
                  RenderInline {A} at (0,0) size 76x13 [color=#0000EE]
                    RenderText {#text} at (0,1547) size 76x13
                      text run at (0,1547) width 76: "OLAP Functions"
                  RenderText {#text} at (76,1547) size 3x13
                    text run at (76,1547) width 3: " "
                  RenderBR {BR} at (79,1557) size 0x0
                  RenderInline {A} at (0,0) size 86x13 [color=#0000EE]
                    RenderText {#text} at (0,1560) size 86x13
                      text run at (0,1560) width 86: "Method Invocation"
                  RenderText {#text} at (86,1560) size 3x13
                    text run at (86,1560) width 3: " "
                  RenderBR {BR} at (89,1570) size 0x0
                  RenderInline {A} at (0,0) size 89x13 [color=#0000EE]
                    RenderText {#text} at (0,1573) size 89x13
                      text run at (0,1573) width 89: "Subtype Treatment"
                  RenderText {#text} at (89,1573) size 3x13
                    text run at (89,1573) width 3: " "
                  RenderBR {BR} at (92,1583) size 0x0
                  RenderInline {A} at (0,0) size 49x13 [color=#0000EE]
                    RenderText {#text} at (0,1586) size 49x13
                      text run at (0,1586) width 49: "Predicates"
                  RenderText {#text} at (49,1586) size 3x13
                    text run at (49,1586) width 3: " "
                  RenderBR {BR} at (52,1596) size 0x0
                  RenderInline {A} at (0,0) size 72x13 [color=#0000EE]
                    RenderText {#text} at (0,1599) size 72x13
                      text run at (0,1599) width 72: "Basic Predicate"
                  RenderText {#text} at (72,1599) size 3x13
                    text run at (72,1599) width 3: " "
                  RenderBR {BR} at (75,1609) size 0x0
                  RenderInline {A} at (0,0) size 95x13 [color=#0000EE]
                    RenderText {#text} at (0,1612) size 95x13
                      text run at (0,1612) width 95: "Quantified Predicate"
                  RenderText {#text} at (95,1612) size 3x13
                    text run at (95,1612) width 3: " "
                  RenderBR {BR} at (98,1622) size 0x0
                  RenderInline {A} at (0,0) size 97x13 [color=#0000EE]
                    RenderText {#text} at (0,1625) size 97x13
                      text run at (0,1625) width 97: "BETWEEN Predicate"
                  RenderText {#text} at (97,1625) size 3x13
                    text run at (97,1625) width 3: " "
                  RenderBR {BR} at (100,1635) size 0x0
                  RenderInline {A} at (0,0) size 84x13 [color=#0000EE]
                    RenderText {#text} at (0,1638) size 84x13
                      text run at (0,1638) width 84: "EXISTS Predicate"
                  RenderText {#text} at (84,1638) size 3x13
                    text run at (84,1638) width 3: " "
                  RenderBR {BR} at (87,1648) size 0x0
                  RenderInline {A} at (0,0) size 57x13 [color=#0000EE]
                    RenderText {#text} at (0,1651) size 57x13
                      text run at (0,1651) width 57: "IN Predicate"
                  RenderText {#text} at (57,1651) size 3x13
                    text run at (57,1651) width 3: " "
                  RenderBR {BR} at (60,1661) size 0x0
                  RenderInline {A} at (0,0) size 70x13 [color=#0000EE]
                    RenderText {#text} at (0,1664) size 70x13
                      text run at (0,1664) width 70: "LIKE Predicate"
                  RenderText {#text} at (70,1664) size 3x13
                    text run at (70,1664) width 3: " "
                  RenderBR {BR} at (73,1674) size 0x0
                  RenderInline {A} at (0,0) size 73x13 [color=#0000EE]
                    RenderText {#text} at (0,1677) size 73x13
                      text run at (0,1677) width 73: "NULL Predicate"
                  RenderText {#text} at (73,1677) size 3x13
                    text run at (73,1677) width 3: " "
                  RenderBR {BR} at (76,1687) size 0x0
                  RenderInline {A} at (0,0) size 74x13 [color=#0000EE]
                    RenderText {#text} at (0,1690) size 74x13
                      text run at (0,1690) width 74: "TYPE Predicate"
                  RenderText {#text} at (74,1690) size 3x13
                    text run at (74,1690) width 3: " "
                  RenderBR {BR} at (77,1700) size 0x0
                  RenderInline {A} at (0,0) size 85x13 [color=#0000EE]
                    RenderText {#text} at (0,1703) size 85x13
                      text run at (0,1703) width 85: "Search Conditions"
                  RenderText {#text} at (85,1703) size 3x13
                    text run at (85,1703) width 3: " "
                  RenderBR {BR} at (88,1713) size 0x0
                  RenderInline {A} at (0,0) size 45x13 [color=#0000EE]
                    RenderText {#text} at (0,1716) size 45x13
                      text run at (0,1716) width 45: "Examples"
                  RenderText {#text} at (0,0) size 0x0
                RenderBlock {P} at (0,2846) size 570x1677
                  RenderInline {B} at (0,0) size 48x13
                    RenderInline {A} at (0,0) size 48x13 [color=#0000EE]
                      RenderText {#text} at (0,0) size 48x13
                        text run at (0,0) width 48: "Functions"
                  RenderBR {BR} at (48,10) size 0x0
                  RenderBR {BR} at (0,13) size 0x13
                  RenderInline {A} at (0,0) size 83x13 [color=#0000EE]
                    RenderText {#text} at (0,26) size 83x13
                      text run at (0,26) width 83: "Column Functions"
                  RenderText {#text} at (83,26) size 3x13
                    text run at (83,26) width 3: " "
                  RenderBR {BR} at (86,36) size 0x0
                  RenderInline {A} at (0,0) size 22x13 [color=#0000EE]
                    RenderText {#text} at (0,39) size 22x13
                      text run at (0,39) width 22: "AVG"
                  RenderText {#text} at (22,39) size 3x13
                    text run at (22,39) width 3: " "
                  RenderBR {BR} at (25,49) size 0x0
                  RenderInline {A} at (0,0) size 73x13 [color=#0000EE]
                    RenderText {#text} at (0,52) size 73x13
                      text run at (0,52) width 73: "CORRELATION"
                  RenderText {#text} at (73,52) size 3x13
                    text run at (73,52) width 3: " "
                  RenderBR {BR} at (76,62) size 0x0
                  RenderInline {A} at (0,0) size 35x13 [color=#0000EE]
                    RenderText {#text} at (0,65) size 35x13
                      text run at (0,65) width 35: "COUNT"
                  RenderText {#text} at (35,65) size 3x13
                    text run at (35,65) width 3: " "
                  RenderBR {BR} at (38,75) size 0x0
                  RenderInline {A} at (0,0) size 59x13 [color=#0000EE]
                    RenderText {#text} at (0,78) size 59x13
                      text run at (0,78) width 59: "COUNT_BIG"
                  RenderText {#text} at (59,78) size 3x13
                    text run at (59,78) width 3: " "
                  RenderBR {BR} at (62,88) size 0x0
                  RenderInline {A} at (0,0) size 67x13 [color=#0000EE]
                    RenderText {#text} at (0,91) size 67x13
                      text run at (0,91) width 67: "COVARIANCE"
                  RenderText {#text} at (67,91) size 3x13
                    text run at (67,91) width 3: " "
                  RenderBR {BR} at (70,101) size 0x0
                  RenderInline {A} at (0,0) size 55x13 [color=#0000EE]
                    RenderText {#text} at (0,104) size 55x13
                      text run at (0,104) width 55: "GROUPING"
                  RenderText {#text} at (55,104) size 3x13
                    text run at (55,104) width 3: " "
                  RenderBR {BR} at (58,114) size 0x0
                  RenderInline {A} at (0,0) size 22x13 [color=#0000EE]
                    RenderText {#text} at (0,117) size 22x13
                      text run at (0,117) width 22: "MAX"
                  RenderText {#text} at (22,117) size 3x13
                    text run at (22,117) width 3: " "
                  RenderBR {BR} at (25,127) size 0x0
                  RenderInline {A} at (0,0) size 18x13 [color=#0000EE]
                    RenderText {#text} at (0,130) size 18x13
                      text run at (0,130) width 18: "MIN"
                  RenderText {#text} at (18,130) size 3x13
                    text run at (18,130) width 3: " "
                  RenderBR {BR} at (21,140) size 0x0
                  RenderInline {A} at (0,0) size 116x13 [color=#0000EE]
                    RenderText {#text} at (0,143) size 116x13
                      text run at (0,143) width 116: "REGRESSION Functions"
                  RenderText {#text} at (116,143) size 3x13
                    text run at (116,143) width 3: " "
                  RenderBR {BR} at (119,153) size 0x0
                  RenderInline {A} at (0,0) size 41x13 [color=#0000EE]
                    RenderText {#text} at (0,156) size 41x13
                      text run at (0,156) width 41: "STDDEV"
                  RenderText {#text} at (41,156) size 3x13
                    text run at (41,156) width 3: " "
                  RenderBR {BR} at (44,166) size 0x0
                  RenderInline {A} at (0,0) size 22x13 [color=#0000EE]
                    RenderText {#text} at (0,169) size 22x13
                      text run at (0,169) width 22: "SUM"
                  RenderText {#text} at (22,169) size 3x13
                    text run at (22,169) width 3: " "
                  RenderBR {BR} at (25,179) size 0x0
                  RenderInline {A} at (0,0) size 52x13 [color=#0000EE]
                    RenderText {#text} at (0,182) size 52x13
                      text run at (0,182) width 52: "VARIANCE"
                  RenderText {#text} at (52,182) size 3x13
                    text run at (52,182) width 3: " "
                  RenderBR {BR} at (55,192) size 0x0
                  RenderInline {A} at (0,0) size 77x13 [color=#0000EE]
                    RenderText {#text} at (0,195) size 77x13
                      text run at (0,195) width 77: "Scalar Functions"
                  RenderText {#text} at (77,195) size 3x13
                    text run at (77,195) width 3: " "
                  RenderBR {BR} at (80,205) size 0x0
                  RenderInline {A} at (0,0) size 77x13 [color=#0000EE]
                    RenderText {#text} at (0,208) size 77x13
                      text run at (0,208) width 77: "ABS or ABSVAL"
                  RenderText {#text} at (77,208) size 3x13
                    text run at (77,208) width 3: " "
                  RenderBR {BR} at (80,218) size 0x0
                  RenderInline {A} at (0,0) size 29x13 [color=#0000EE]
                    RenderText {#text} at (0,221) size 29x13
                      text run at (0,221) width 29: "ACOS"
                  RenderText {#text} at (29,221) size 3x13
                    text run at (29,221) width 3: " "
                  RenderBR {BR} at (32,231) size 0x0
                  RenderInline {A} at (0,0) size 27x13 [color=#0000EE]
                    RenderText {#text} at (0,234) size 27x13
                      text run at (0,234) width 27: "ASCII"
                  RenderText {#text} at (27,234) size 3x13
                    text run at (27,234) width 3: " "
                  RenderBR {BR} at (30,244) size 0x0
                  RenderInline {A} at (0,0) size 24x13 [color=#0000EE]
                    RenderText {#text} at (0,247) size 24x13
                      text run at (0,247) width 24: "ASIN"
                  RenderText {#text} at (24,247) size 3x13
                    text run at (24,247) width 3: " "
                  RenderBR {BR} at (27,257) size 0x0
                  RenderInline {A} at (0,0) size 27x13 [color=#0000EE]
                    RenderText {#text} at (0,260) size 27x13
                      text run at (0,260) width 27: "ATAN"
                  RenderText {#text} at (27,260) size 3x13
                    text run at (27,260) width 3: " "
                  RenderBR {BR} at (30,270) size 0x0
                  RenderInline {A} at (0,0) size 33x13 [color=#0000EE]
                    RenderText {#text} at (0,273) size 33x13
                      text run at (0,273) width 33: "ATAN2"
                  RenderText {#text} at (33,273) size 3x13
                    text run at (33,273) width 3: " "
                  RenderBR {BR} at (36,283) size 0x0
                  RenderInline {A} at (0,0) size 34x13 [color=#0000EE]
                    RenderText {#text} at (0,286) size 34x13
                      text run at (0,286) width 34: "BIGINT"
                  RenderText {#text} at (34,286) size 3x13
                    text run at (34,286) width 3: " "
                  RenderBR {BR} at (37,296) size 0x0
                  RenderInline {A} at (0,0) size 28x13 [color=#0000EE]
                    RenderText {#text} at (0,299) size 28x13
                      text run at (0,299) width 28: "BLOB"
                  RenderText {#text} at (28,299) size 3x13
                    text run at (28,299) width 3: " "
                  RenderBR {BR} at (31,309) size 0x0
                  RenderInline {A} at (0,0) size 79x13 [color=#0000EE]
                    RenderText {#text} at (0,312) size 79x13
                      text run at (0,312) width 79: "CEILING or CEIL"
                  RenderText {#text} at (79,312) size 3x13
                    text run at (79,312) width 3: " "
                  RenderBR {BR} at (82,322) size 0x0
                  RenderInline {A} at (0,0) size 28x13 [color=#0000EE]
                    RenderText {#text} at (0,325) size 28x13
                      text run at (0,325) width 28: "CHAR"
                  RenderText {#text} at (28,325) size 3x13
                    text run at (28,325) width 3: " "
                  RenderBR {BR} at (31,335) size 0x0
                  RenderInline {A} at (0,0) size 21x13 [color=#0000EE]
                    RenderText {#text} at (0,338) size 21x13
                      text run at (0,338) width 21: "CHR"
                  RenderText {#text} at (21,338) size 3x13
                    text run at (21,338) width 3: " "
                  RenderBR {BR} at (24,348) size 0x0
                  RenderInline {A} at (0,0) size 28x13 [color=#0000EE]
                    RenderText {#text} at (0,351) size 28x13
                      text run at (0,351) width 28: "CLOB"
                  RenderText {#text} at (28,351) size 3x13
                    text run at (28,351) width 3: " "
                  RenderBR {BR} at (31,361) size 0x0
                  RenderInline {A} at (0,0) size 56x13 [color=#0000EE]
                    RenderText {#text} at (0,364) size 56x13
                      text run at (0,364) width 56: "COALESCE"
                  RenderText {#text} at (56,364) size 3x13
                    text run at (56,364) width 3: " "
                  RenderBR {BR} at (59,374) size 0x0
                  RenderInline {A} at (0,0) size 42x13 [color=#0000EE]
                    RenderText {#text} at (0,377) size 42x13
                      text run at (0,377) width 42: "CONCAT"
                  RenderText {#text} at (42,377) size 3x13
                    text run at (42,377) width 3: " "
                  RenderBR {BR} at (45,387) size 0x0
                  RenderInline {A} at (0,0) size 22x13 [color=#0000EE]
                    RenderText {#text} at (0,390) size 22x13
                      text run at (0,390) width 22: "COS"
                  RenderText {#text} at (22,390) size 3x13
                    text run at (22,390) width 3: " "
                  RenderBR {BR} at (25,400) size 0x0
                  RenderInline {A} at (0,0) size 21x13 [color=#0000EE]
                    RenderText {#text} at (0,403) size 21x13
                      text run at (0,403) width 21: "COT"
                  RenderText {#text} at (21,403) size 3x13
                    text run at (21,403) width 3: " "
                  RenderBR {BR} at (24,413) size 0x0
                  RenderInline {A} at (0,0) size 27x13 [color=#0000EE]
                    RenderText {#text} at (0,416) size 27x13
                      text run at (0,416) width 27: "DATE"
                  RenderText {#text} at (27,416) size 3x13
                    text run at (27,416) width 3: " "
                  RenderBR {BR} at (30,426) size 0x0
                  RenderInline {A} at (0,0) size 21x13 [color=#0000EE]
                    RenderText {#text} at (0,429) size 21x13
                      text run at (0,429) width 21: "DAY"
                  RenderText {#text} at (21,429) size 3x13
                    text run at (21,429) width 3: " "
                  RenderBR {BR} at (24,439) size 0x0
                  RenderInline {A} at (0,0) size 50x13 [color=#0000EE]
                    RenderText {#text} at (0,442) size 50x13
                      text run at (0,442) width 50: "DAYNAME"
                  RenderText {#text} at (50,442) size 3x13
                    text run at (50,442) width 3: " "
                  RenderBR {BR} at (53,452) size 0x0
                  RenderInline {A} at (0,0) size 65x13 [color=#0000EE]
                    RenderText {#text} at (0,455) size 65x13
                      text run at (0,455) width 65: "DAYOFWEEK"
                  RenderText {#text} at (65,455) size 3x13
                    text run at (65,455) width 3: " "
                  RenderBR {BR} at (68,465) size 0x0
                  RenderInline {A} at (0,0) size 89x13 [color=#0000EE]
                    RenderText {#text} at (0,468) size 89x13
                      text run at (0,468) width 89: "DAYOFWEEK_ISO"
                  RenderText {#text} at (89,468) size 3x13
                    text run at (89,468) width 3: " "
                  RenderBR {BR} at (92,478) size 0x0
                  RenderInline {A} at (0,0) size 63x13 [color=#0000EE]
                    RenderText {#text} at (0,481) size 63x13
                      text run at (0,481) width 63: "DAYOFYEAR"
                  RenderText {#text} at (63,481) size 3x13
                    text run at (63,481) width 3: " "
                  RenderBR {BR} at (66,491) size 0x0
                  RenderInline {A} at (0,0) size 28x13 [color=#0000EE]
                    RenderText {#text} at (0,494) size 28x13
                      text run at (0,494) width 28: "DAYS"
                  RenderText {#text} at (28,494) size 3x13
                    text run at (28,494) width 3: " "
                  RenderBR {BR} at (31,504) size 0x0
                  RenderInline {A} at (0,0) size 42x13 [color=#0000EE]
                    RenderText {#text} at (0,507) size 42x13
                      text run at (0,507) width 42: "DBCLOB"
                  RenderText {#text} at (42,507) size 3x13
                    text run at (42,507) width 3: " "
                  RenderBR {BR} at (45,517) size 0x0
                  RenderInline {A} at (0,0) size 45x13 [color=#0000EE]
                    RenderText {#text} at (0,520) size 45x13
                      text run at (0,520) width 45: "DECIMAL"
                  RenderText {#text} at (45,520) size 3x13
                    text run at (45,520) width 3: " "
                  RenderBR {BR} at (48,530) size 0x0
                  RenderInline {A} at (0,0) size 50x13 [color=#0000EE]
                    RenderText {#text} at (0,533) size 50x13
                      text run at (0,533) width 50: "DEGREES"
                  RenderText {#text} at (50,533) size 3x13
                    text run at (50,533) width 3: " "
                  RenderBR {BR} at (53,543) size 0x0
                  RenderInline {A} at (0,0) size 34x13 [color=#0000EE]
                    RenderText {#text} at (0,546) size 34x13
                      text run at (0,546) width 34: "DEREF"
                  RenderText {#text} at (34,546) size 3x13
                    text run at (34,546) width 3: " "
                  RenderBR {BR} at (37,556) size 0x0
                  RenderInline {A} at (0,0) size 64x13 [color=#0000EE]
                    RenderText {#text} at (0,559) size 64x13
                      text run at (0,559) width 64: "DIFFERENCE"
                  RenderText {#text} at (64,559) size 3x13
                    text run at (64,559) width 3: " "
                  RenderBR {BR} at (67,569) size 0x0
                  RenderInline {A} at (0,0) size 34x13 [color=#0000EE]
                    RenderText {#text} at (0,572) size 34x13
                      text run at (0,572) width 34: "DIGITS"
                  RenderText {#text} at (34,572) size 3x13
                    text run at (34,572) width 3: " "
                  RenderBR {BR} at (37,582) size 0x0
                  RenderInline {A} at (0,0) size 64x13 [color=#0000EE]
                    RenderText {#text} at (0,585) size 64x13
                      text run at (0,585) width 64: "DLCOMMENT"
                  RenderText {#text} at (64,585) size 3x13
                    text run at (64,585) width 3: " "
                  RenderBR {BR} at (67,595) size 0x0
                  RenderInline {A} at (0,0) size 63x13 [color=#0000EE]
                    RenderText {#text} at (0,598) size 63x13
                      text run at (0,598) width 63: "DLLINKTYPE"
                  RenderText {#text} at (63,598) size 3x13
                    text run at (63,598) width 3: " "
                  RenderBR {BR} at (66,608) size 0x0
                  RenderInline {A} at (0,0) size 89x13 [color=#0000EE]
                    RenderText {#text} at (0,611) size 89x13
                      text run at (0,611) width 89: "DLURLCOMPLETE"
                  RenderText {#text} at (89,611) size 3x13
                    text run at (89,611) width 3: " "
                  RenderBR {BR} at (92,621) size 0x0
                  RenderInline {A} at (0,0) size 60x13 [color=#0000EE]
                    RenderText {#text} at (0,624) size 60x13
                      text run at (0,624) width 60: "DLURLPATH"
                  RenderText {#text} at (60,624) size 3x13
                    text run at (60,624) width 3: " "
                  RenderBR {BR} at (63,634) size 0x0
                  RenderInline {A} at (0,0) size 88x13 [color=#0000EE]
                    RenderText {#text} at (0,637) size 88x13
                      text run at (0,637) width 88: "DLURLPATHONLY"
                  RenderText {#text} at (88,637) size 3x13
                    text run at (88,637) width 3: " "
                  RenderBR {BR} at (91,647) size 0x0
                  RenderInline {A} at (0,0) size 76x13 [color=#0000EE]
                    RenderText {#text} at (0,650) size 76x13
                      text run at (0,650) width 76: "DLURLSCHEME"
                  RenderText {#text} at (76,650) size 3x13
                    text run at (76,650) width 3: " "
                  RenderBR {BR} at (79,660) size 0x0
                  RenderInline {A} at (0,0) size 75x13 [color=#0000EE]
                    RenderText {#text} at (0,663) size 75x13
                      text run at (0,663) width 75: "DLURLSERVER"
                  RenderText {#text} at (75,663) size 3x13
                    text run at (75,663) width 3: " "
                  RenderBR {BR} at (78,673) size 0x0
                  RenderInline {A} at (0,0) size 47x13 [color=#0000EE]
                    RenderText {#text} at (0,676) size 47x13
                      text run at (0,676) width 47: "DLVALUE"
                  RenderText {#text} at (47,676) size 3x13
                    text run at (47,676) width 3: " "
                  RenderBR {BR} at (50,686) size 0x0
                  RenderInline {A} at (0,0) size 42x13 [color=#0000EE]
                    RenderText {#text} at (0,689) size 42x13
                      text run at (0,689) width 42: "DOUBLE"
                  RenderText {#text} at (42,689) size 3x13
                    text run at (42,689) width 3: " "
                  RenderBR {BR} at (45,699) size 0x0
                  RenderInline {A} at (0,0) size 102x13 [color=#0000EE]
                    RenderText {#text} at (0,702) size 102x13
                      text run at (0,702) width 102: "EVENT_MON_STATE"
                  RenderText {#text} at (102,702) size 3x13
                    text run at (102,702) width 3: " "
                  RenderBR {BR} at (105,712) size 0x0
                  RenderInline {A} at (0,0) size 21x13 [color=#0000EE]
                    RenderText {#text} at (0,715) size 21x13
                      text run at (0,715) width 21: "EXP"
                  RenderText {#text} at (21,715) size 3x13
                    text run at (21,715) width 3: " "
                  RenderBR {BR} at (24,725) size 0x0
                  RenderInline {A} at (0,0) size 33x13 [color=#0000EE]
                    RenderText {#text} at (0,728) size 33x13
                      text run at (0,728) width 33: "FLOAT"
                  RenderText {#text} at (33,728) size 3x13
                    text run at (33,728) width 3: " "
                  RenderBR {BR} at (36,738) size 0x0
                  RenderInline {A} at (0,0) size 35x13 [color=#0000EE]
                    RenderText {#text} at (0,741) size 35x13
                      text run at (0,741) width 35: "FLOOR"
                  RenderText {#text} at (35,741) size 3x13
                    text run at (35,741) width 3: " "
                  RenderBR {BR} at (38,751) size 0x0
                  RenderInline {A} at (0,0) size 101x13 [color=#0000EE]
                    RenderText {#text} at (0,754) size 101x13
                      text run at (0,754) width 101: "GENERATE_UNIQUE"
                  RenderText {#text} at (101,754) size 3x13
                    text run at (101,754) width 3: " "
                  RenderBR {BR} at (104,764) size 0x0
                  RenderInline {A} at (0,0) size 46x13 [color=#0000EE]
                    RenderText {#text} at (0,767) size 46x13
                      text run at (0,767) width 46: "GRAPHIC"
                  RenderText {#text} at (46,767) size 3x13
                    text run at (46,767) width 3: " "
                  RenderBR {BR} at (49,777) size 0x0
                  RenderInline {A} at (0,0) size 21x13 [color=#0000EE]
                    RenderText {#text} at (0,780) size 21x13
                      text run at (0,780) width 21: "HEX"
                  RenderText {#text} at (21,780) size 3x13
                    text run at (21,780) width 3: " "
                  RenderBR {BR} at (24,790) size 0x0
                  RenderInline {A} at (0,0) size 29x13 [color=#0000EE]
                    RenderText {#text} at (0,793) size 29x13
                      text run at (0,793) width 29: "HOUR"
                  RenderText {#text} at (29,793) size 3x13
                    text run at (29,793) width 3: " "
                  RenderBR {BR} at (32,803) size 0x0
                  RenderInline {A} at (0,0) size 37x13 [color=#0000EE]
                    RenderText {#text} at (0,806) size 37x13
                      text run at (0,806) width 37: "INSERT"
                  RenderText {#text} at (37,806) size 3x13
                    text run at (37,806) width 3: " "
                  RenderBR {BR} at (40,816) size 0x0
                  RenderInline {A} at (0,0) size 45x13 [color=#0000EE]
                    RenderText {#text} at (0,819) size 45x13
                      text run at (0,819) width 45: "INTEGER"
                  RenderText {#text} at (45,819) size 3x13
                    text run at (45,819) width 3: " "
                  RenderBR {BR} at (48,829) size 0x0
                  RenderInline {A} at (0,0) size 62x13 [color=#0000EE]
                    RenderText {#text} at (0,832) size 62x13
                      text run at (0,832) width 62: "JULIAN_DAY"
                  RenderText {#text} at (62,832) size 3x13
                    text run at (62,832) width 3: " "
                  RenderBR {BR} at (65,842) size 0x0
                  RenderInline {A} at (0,0) size 86x13 [color=#0000EE]
                    RenderText {#text} at (0,845) size 86x13
                      text run at (0,845) width 86: "LCASE or LOWER"
                  RenderText {#text} at (86,845) size 3x13
                    text run at (86,845) width 3: " "
                  RenderBR {BR} at (89,855) size 0x0
                  RenderInline {A} at (0,0) size 123x13 [color=#0000EE]
                    RenderText {#text} at (0,858) size 123x13
                      text run at (0,858) width 123: "LCASE (SYSFUN schema)"
                  RenderText {#text} at (123,858) size 3x13
                    text run at (123,858) width 3: " "
                  RenderBR {BR} at (126,868) size 0x0
                  RenderInline {A} at (0,0) size 25x13 [color=#0000EE]
                    RenderText {#text} at (0,871) size 25x13
                      text run at (0,871) width 25: "LEFT"
                  RenderText {#text} at (25,871) size 3x13
                    text run at (25,871) width 3: " "
                  RenderBR {BR} at (28,881) size 0x0
                  RenderInline {A} at (0,0) size 41x13 [color=#0000EE]
                    RenderText {#text} at (0,884) size 41x13
                      text run at (0,884) width 41: "LENGTH"
                  RenderText {#text} at (41,884) size 3x13
                    text run at (41,884) width 3: " "
                  RenderBR {BR} at (44,894) size 0x0
                  RenderInline {A} at (0,0) size 13x13 [color=#0000EE]
                    RenderText {#text} at (0,897) size 13x13
                      text run at (0,897) width 13: "LN"
                  RenderText {#text} at (13,897) size 3x13
                    text run at (13,897) width 3: " "
                  RenderBR {BR} at (16,907) size 0x0
                  RenderInline {A} at (0,0) size 41x13 [color=#0000EE]
                    RenderText {#text} at (0,910) size 41x13
                      text run at (0,910) width 41: "LOCATE"
                  RenderText {#text} at (41,910) size 3x13
                    text run at (41,910) width 3: " "
                  RenderBR {BR} at (44,920) size 0x0
                  RenderInline {A} at (0,0) size 22x13 [color=#0000EE]
                    RenderText {#text} at (0,923) size 22x13
                      text run at (0,923) width 22: "LOG"
                  RenderText {#text} at (22,923) size 3x13
                    text run at (22,923) width 3: " "
                  RenderBR {BR} at (25,933) size 0x0
                  RenderInline {A} at (0,0) size 34x13 [color=#0000EE]
                    RenderText {#text} at (0,936) size 34x13
                      text run at (0,936) width 34: "LOG10"
                  RenderText {#text} at (34,936) size 3x13
                    text run at (34,936) width 3: " "
                  RenderBR {BR} at (37,946) size 0x0
                  RenderInline {A} at (0,0) size 84x13 [color=#0000EE]
                    RenderText {#text} at (0,949) size 84x13
                      text run at (0,949) width 84: "LONG_VARCHAR"
                  RenderText {#text} at (84,949) size 3x13
                    text run at (84,949) width 3: " "
                  RenderBR {BR} at (87,959) size 0x0
                  RenderInline {A} at (0,0) size 102x13 [color=#0000EE]
                    RenderText {#text} at (0,962) size 102x13
                      text run at (0,962) width 102: "LONG_VARGRAPHIC"
                  RenderText {#text} at (102,962) size 3x13
                    text run at (102,962) width 3: " "
                  RenderBR {BR} at (105,972) size 0x0
                  RenderInline {A} at (0,0) size 30x13 [color=#0000EE]
                    RenderText {#text} at (0,975) size 30x13
                      text run at (0,975) width 30: "LTRIM"
                  RenderText {#text} at (30,975) size 3x13
                    text run at (30,975) width 3: " "
                  RenderBR {BR} at (33,985) size 0x0
                  RenderInline {A} at (0,0) size 119x13 [color=#0000EE]
                    RenderText {#text} at (0,988) size 119x13
                      text run at (0,988) width 119: "LTRIM (SYSFUN schema)"
                  RenderText {#text} at (119,988) size 3x13
                    text run at (119,988) width 3: " "
                  RenderBR {BR} at (122,998) size 0x0
                  RenderInline {A} at (0,0) size 76x13 [color=#0000EE]
                    RenderText {#text} at (0,1001) size 76x13
                      text run at (0,1001) width 76: "MICROSECOND"
                  RenderText {#text} at (76,1001) size 3x13
                    text run at (76,1001) width 3: " "
                  RenderBR {BR} at (79,1011) size 0x0
                  RenderInline {A} at (0,0) size 105x13 [color=#0000EE]
                    RenderText {#text} at (0,1014) size 105x13
                      text run at (0,1014) width 105: "MIDNIGHT_SECONDS"
                  RenderText {#text} at (105,1014) size 3x13
                    text run at (105,1014) width 3: " "
                  RenderBR {BR} at (108,1024) size 0x0
                  RenderInline {A} at (0,0) size 38x13 [color=#0000EE]
                    RenderText {#text} at (0,1027) size 38x13
                      text run at (0,1027) width 38: "MINUTE"
                  RenderText {#text} at (38,1027) size 3x13
                    text run at (38,1027) width 3: " "
                  RenderBR {BR} at (41,1037) size 0x0
                  RenderInline {A} at (0,0) size 23x13 [color=#0000EE]
                    RenderText {#text} at (0,1040) size 23x13
                      text run at (0,1040) width 23: "MOD"
                  RenderText {#text} at (23,1040) size 3x13
                    text run at (23,1040) width 3: " "
                  RenderBR {BR} at (26,1050) size 0x0
                  RenderInline {A} at (0,0) size 36x13 [color=#0000EE]
                    RenderText {#text} at (0,1053) size 36x13
                      text run at (0,1053) width 36: "MONTH"
                  RenderText {#text} at (36,1053) size 3x13
                    text run at (36,1053) width 3: " "
                  RenderBR {BR} at (39,1063) size 0x0
                  RenderInline {A} at (0,0) size 65x13 [color=#0000EE]
                    RenderText {#text} at (0,1066) size 65x13
                      text run at (0,1066) width 65: "MONTHNAME"
                  RenderText {#text} at (65,1066) size 3x13
                    text run at (65,1066) width 3: " "
                  RenderBR {BR} at (68,1076) size 0x0
                  RenderInline {A} at (0,0) size 72x13 [color=#0000EE]
                    RenderText {#text} at (0,1079) size 72x13
                      text run at (0,1079) width 72: "NODENUMBER"
                  RenderText {#text} at (72,1079) size 3x13
                    text run at (72,1079) width 3: " "
                  RenderBR {BR} at (75,1089) size 0x0
                  RenderInline {A} at (0,0) size 35x13 [color=#0000EE]
                    RenderText {#text} at (0,1092) size 35x13
                      text run at (0,1092) width 35: "NULLIF"
                  RenderText {#text} at (35,1092) size 3x13
                    text run at (35,1092) width 3: " "
                  RenderBR {BR} at (38,1102) size 0x0
                  RenderInline {A} at (0,0) size 54x13 [color=#0000EE]
                    RenderText {#text} at (0,1105) size 54x13
                      text run at (0,1105) width 54: "PARTITION"
                  RenderText {#text} at (54,1105) size 3x13
                    text run at (54,1105) width 3: " "
                  RenderBR {BR} at (57,1115) size 0x0
                  RenderInline {A} at (0,0) size 42x13 [color=#0000EE]
                    RenderText {#text} at (0,1118) size 42x13
                      text run at (0,1118) width 42: "POSSTR"
                  RenderText {#text} at (42,1118) size 3x13
                    text run at (42,1118) width 3: " "
                  RenderBR {BR} at (45,1128) size 0x0
                  RenderInline {A} at (0,0) size 38x13 [color=#0000EE]
                    RenderText {#text} at (0,1131) size 38x13
                      text run at (0,1131) width 38: "POWER"
                  RenderText {#text} at (38,1131) size 3x13
                    text run at (38,1131) width 3: " "
                  RenderBR {BR} at (41,1141) size 0x0
                  RenderInline {A} at (0,0) size 49x13 [color=#0000EE]
                    RenderText {#text} at (0,1144) size 49x13
                      text run at (0,1144) width 49: "QUARTER"
                  RenderText {#text} at (49,1144) size 3x13
                    text run at (49,1144) width 3: " "
                  RenderBR {BR} at (52,1154) size 0x0
                  RenderInline {A} at (0,0) size 45x13 [color=#0000EE]
                    RenderText {#text} at (0,1157) size 45x13
                      text run at (0,1157) width 45: "RADIANS"
                  RenderText {#text} at (45,1157) size 3x13
                    text run at (45,1157) width 3: " "
                  RenderBR {BR} at (48,1167) size 0x0
                  RenderInline {A} at (0,0) size 73x13 [color=#0000EE]
                    RenderText {#text} at (0,1170) size 73x13
                      text run at (0,1170) width 73: "RAISE_ERROR"
                  RenderText {#text} at (73,1170) size 3x13
                    text run at (73,1170) width 3: " "
                  RenderBR {BR} at (76,1180) size 0x0
                  RenderInline {A} at (0,0) size 28x13 [color=#0000EE]
                    RenderText {#text} at (0,1183) size 28x13
                      text run at (0,1183) width 28: "RAND"
                  RenderText {#text} at (28,1183) size 3x13
                    text run at (28,1183) width 3: " "
                  RenderBR {BR} at (31,1193) size 0x0
                  RenderInline {A} at (0,0) size 27x13 [color=#0000EE]
                    RenderText {#text} at (0,1196) size 27x13
                      text run at (0,1196) width 27: "REAL"
                  RenderText {#text} at (27,1196) size 3x13
                    text run at (27,1196) width 3: " "
                  RenderBR {BR} at (30,1206) size 0x0
                  RenderInline {A} at (0,0) size 41x13 [color=#0000EE]
                    RenderText {#text} at (0,1209) size 41x13
                      text run at (0,1209) width 41: "REPEAT"
                  RenderText {#text} at (41,1209) size 3x13
                    text run at (41,1209) width 3: " "
                  RenderBR {BR} at (44,1219) size 0x0
                  RenderInline {A} at (0,0) size 48x13 [color=#0000EE]
                    RenderText {#text} at (0,1222) size 48x13
                      text run at (0,1222) width 48: "REPLACE"
                  RenderText {#text} at (48,1222) size 3x13
                    text run at (48,1222) width 3: " "
                  RenderBR {BR} at (51,1232) size 0x0
                  RenderInline {A} at (0,0) size 31x13 [color=#0000EE]
                    RenderText {#text} at (0,1235) size 31x13
                      text run at (0,1235) width 31: "RIGHT"
                  RenderText {#text} at (31,1235) size 3x13
                    text run at (31,1235) width 3: " "
                  RenderBR {BR} at (34,1245) size 0x0
                  RenderInline {A} at (0,0) size 36x13 [color=#0000EE]
                    RenderText {#text} at (0,1248) size 36x13
                      text run at (0,1248) width 36: "ROUND"
                  RenderText {#text} at (36,1248) size 3x13
                    text run at (36,1248) width 3: " "
                  RenderBR {BR} at (39,1258) size 0x0
                  RenderInline {A} at (0,0) size 31x13 [color=#0000EE]
                    RenderText {#text} at (0,1261) size 31x13
                      text run at (0,1261) width 31: "RTRIM"
                  RenderText {#text} at (31,1261) size 3x13
                    text run at (31,1261) width 3: " "
                  RenderBR {BR} at (34,1271) size 0x0
                  RenderInline {A} at (0,0) size 120x13 [color=#0000EE]
                    RenderText {#text} at (0,1274) size 120x13
                      text run at (0,1274) width 120: "RTRIM (SYSFUN schema)"
                  RenderText {#text} at (120,1274) size 3x13
                    text run at (120,1274) width 3: " "
                  RenderBR {BR} at (123,1284) size 0x0
                  RenderInline {A} at (0,0) size 43x13 [color=#0000EE]
                    RenderText {#text} at (0,1287) size 43x13
                      text run at (0,1287) width 43: "SECOND"
                  RenderText {#text} at (43,1287) size 3x13
                    text run at (43,1287) width 3: " "
                  RenderBR {BR} at (46,1297) size 0x0
                  RenderInline {A} at (0,0) size 25x13 [color=#0000EE]
                    RenderText {#text} at (0,1300) size 25x13
                      text run at (0,1300) width 25: "SIGN"
                  RenderText {#text} at (25,1300) size 3x13
                    text run at (25,1300) width 3: " "
                  RenderBR {BR} at (28,1310) size 0x0
                  RenderInline {A} at (0,0) size 17x13 [color=#0000EE]
                    RenderText {#text} at (0,1313) size 17x13
                      text run at (0,1313) width 17: "SIN"
                  RenderText {#text} at (17,1313) size 3x13
                    text run at (17,1313) width 3: " "
                  RenderBR {BR} at (20,1323) size 0x0
                  RenderInline {A} at (0,0) size 50x13 [color=#0000EE]
                    RenderText {#text} at (0,1326) size 50x13
                      text run at (0,1326) width 50: "SMALLINT"
                  RenderText {#text} at (50,1326) size 3x13
                    text run at (50,1326) width 3: " "
                  RenderBR {BR} at (53,1336) size 0x0
                  RenderInline {A} at (0,0) size 50x13 [color=#0000EE]
                    RenderText {#text} at (0,1339) size 50x13
                      text run at (0,1339) width 50: "SOUNDEX"
                  RenderText {#text} at (50,1339) size 3x13
                    text run at (50,1339) width 3: " "
                  RenderBR {BR} at (53,1349) size 0x0
                  RenderInline {A} at (0,0) size 35x13 [color=#0000EE]
                    RenderText {#text} at (0,1352) size 35x13
                      text run at (0,1352) width 35: "SPACE"
                  RenderText {#text} at (35,1352) size 3x13
                    text run at (35,1352) width 3: " "
                  RenderBR {BR} at (38,1362) size 0x0
                  RenderInline {A} at (0,0) size 28x13 [color=#0000EE]
                    RenderText {#text} at (0,1365) size 28x13
                      text run at (0,1365) width 28: "SQRT"
                  RenderText {#text} at (28,1365) size 3x13
                    text run at (28,1365) width 3: " "
                  RenderBR {BR} at (31,1375) size 0x0
                  RenderInline {A} at (0,0) size 41x13 [color=#0000EE]
                    RenderText {#text} at (0,1378) size 41x13
                      text run at (0,1378) width 41: "SUBSTR"
                  RenderText {#text} at (41,1378) size 3x13
                    text run at (41,1378) width 3: " "
                  RenderBR {BR} at (44,1388) size 0x0
                  RenderInline {A} at (0,0) size 68x13 [color=#0000EE]
                    RenderText {#text} at (0,1391) size 68x13
                      text run at (0,1391) width 68: "TABLE_NAME"
                  RenderText {#text} at (68,1391) size 3x13
                    text run at (68,1391) width 3: " "
                  RenderBR {BR} at (71,1401) size 0x0
                  RenderInline {A} at (0,0) size 82x13 [color=#0000EE]
                    RenderText {#text} at (0,1404) size 82x13
                      text run at (0,1404) width 82: "TABLE_SCHEMA"
                  RenderText {#text} at (82,1404) size 3x13
                    text run at (82,1404) width 3: " "
                  RenderBR {BR} at (85,1414) size 0x0
                  RenderInline {A} at (0,0) size 20x13 [color=#0000EE]
                    RenderText {#text} at (0,1417) size 20x13
                      text run at (0,1417) width 20: "TAN"
                  RenderText {#text} at (20,1417) size 3x13
                    text run at (20,1417) width 3: " "
                  RenderBR {BR} at (23,1427) size 0x0
                  RenderInline {A} at (0,0) size 24x13 [color=#0000EE]
                    RenderText {#text} at (0,1430) size 24x13
                      text run at (0,1430) width 24: "TIME"
                  RenderText {#text} at (24,1430) size 3x13
                    text run at (24,1430) width 3: " "
                  RenderBR {BR} at (27,1440) size 0x0
                  RenderInline {A} at (0,0) size 59x13 [color=#0000EE]
                    RenderText {#text} at (0,1443) size 59x13
                      text run at (0,1443) width 59: "TIMESTAMP"
                  RenderText {#text} at (59,1443) size 3x13
                    text run at (59,1443) width 3: " "
                  RenderBR {BR} at (62,1453) size 0x0
                  RenderInline {A} at (0,0) size 83x13 [color=#0000EE]
                    RenderText {#text} at (0,1456) size 83x13
                      text run at (0,1456) width 83: "TIMESTAMP_ISO"
                  RenderText {#text} at (83,1456) size 3x13
                    text run at (83,1456) width 3: " "
                  RenderBR {BR} at (86,1466) size 0x0
                  RenderInline {A} at (0,0) size 81x13 [color=#0000EE]
                    RenderText {#text} at (0,1469) size 81x13
                      text run at (0,1469) width 81: "TIMESTAMPDIFF"
                  RenderText {#text} at (81,1469) size 3x13
                    text run at (81,1469) width 3: " "
                  RenderBR {BR} at (84,1479) size 0x0
                  RenderInline {A} at (0,0) size 60x13 [color=#0000EE]
                    RenderText {#text} at (0,1482) size 60x13
                      text run at (0,1482) width 60: "TRANSLATE"
                  RenderText {#text} at (60,1482) size 3x13
                    text run at (60,1482) width 3: " "
                  RenderBR {BR} at (63,1492) size 0x0
                  RenderInline {A} at (0,0) size 103x13 [color=#0000EE]
                    RenderText {#text} at (0,1495) size 103x13
                      text run at (0,1495) width 103: "TRUNCATE or TRUNC"
                  RenderText {#text} at (103,1495) size 3x13
                    text run at (103,1495) width 3: " "
                  RenderBR {BR} at (106,1505) size 0x0
                  RenderInline {A} at (0,0) size 43x13 [color=#0000EE]
                    RenderText {#text} at (0,1508) size 43x13
                      text run at (0,1508) width 43: "TYPE_ID"
                  RenderText {#text} at (43,1508) size 3x13
                    text run at (43,1508) width 3: " "
                  RenderBR {BR} at (46,1518) size 0x0
                  RenderInline {A} at (0,0) size 62x13 [color=#0000EE]
                    RenderText {#text} at (0,1521) size 62x13
                      text run at (0,1521) width 62: "TYPE_NAME"
                  RenderText {#text} at (62,1521) size 3x13
                    text run at (62,1521) width 3: " "
                  RenderBR {BR} at (65,1531) size 0x0
                  RenderInline {A} at (0,0) size 76x13 [color=#0000EE]
                    RenderText {#text} at (0,1534) size 76x13
                      text run at (0,1534) width 76: "TYPE_SCHEMA"
                  RenderText {#text} at (76,1534) size 3x13
                    text run at (76,1534) width 3: " "
                  RenderBR {BR} at (79,1544) size 0x0
                  RenderInline {A} at (0,0) size 85x13 [color=#0000EE]
                    RenderText {#text} at (0,1547) size 85x13
                      text run at (0,1547) width 85: "UCASE or UPPER"
                  RenderText {#text} at (85,1547) size 3x13
                    text run at (85,1547) width 3: " "
                  RenderBR {BR} at (88,1557) size 0x0
                  RenderInline {A} at (0,0) size 34x13 [color=#0000EE]
                    RenderText {#text} at (0,1560) size 34x13
                      text run at (0,1560) width 34: "VALUE"
                  RenderText {#text} at (34,1560) size 3x13
                    text run at (34,1560) width 3: " "
                  RenderBR {BR} at (37,1570) size 0x0
                  RenderInline {A} at (0,0) size 49x13 [color=#0000EE]
                    RenderText {#text} at (0,1573) size 49x13
                      text run at (0,1573) width 49: "VARCHAR"
                  RenderText {#text} at (49,1573) size 3x13
                    text run at (49,1573) width 3: " "
                  RenderBR {BR} at (52,1583) size 0x0
                  RenderInline {A} at (0,0) size 67x13 [color=#0000EE]
                    RenderText {#text} at (0,1586) size 67x13
                      text run at (0,1586) width 67: "VARGRAPHIC"
                  RenderText {#text} at (67,1586) size 3x13
                    text run at (67,1586) width 3: " "
                  RenderBR {BR} at (70,1596) size 0x0
                  RenderInline {A} at (0,0) size 30x13 [color=#0000EE]
                    RenderText {#text} at (0,1599) size 30x13
                      text run at (0,1599) width 30: "WEEK"
                  RenderText {#text} at (30,1599) size 3x13
                    text run at (30,1599) width 3: " "
                  RenderBR {BR} at (33,1609) size 0x0
                  RenderInline {A} at (0,0) size 54x13 [color=#0000EE]
                    RenderText {#text} at (0,1612) size 54x13
                      text run at (0,1612) width 54: "WEEK_ISO"
                  RenderText {#text} at (54,1612) size 3x13
                    text run at (54,1612) width 3: " "
                  RenderBR {BR} at (57,1622) size 0x0
                  RenderInline {A} at (0,0) size 28x13 [color=#0000EE]
                    RenderText {#text} at (0,1625) size 28x13
                      text run at (0,1625) width 28: "YEAR"
                  RenderText {#text} at (28,1625) size 3x13
                    text run at (28,1625) width 3: " "
                  RenderBR {BR} at (31,1635) size 0x0
                  RenderInline {A} at (0,0) size 74x13 [color=#0000EE]
                    RenderText {#text} at (0,1638) size 74x13
                      text run at (0,1638) width 74: "Table Functions"
                  RenderText {#text} at (74,1638) size 3x13
                    text run at (74,1638) width 3: " "
                  RenderBR {BR} at (77,1648) size 0x0
                  RenderInline {A} at (0,0) size 118x13 [color=#0000EE]
                    RenderText {#text} at (0,1651) size 118x13
                      text run at (0,1651) width 118: "SQLCACHE_SNAPSHOT"
                  RenderText {#text} at (118,1651) size 3x13
                    text run at (118,1651) width 3: " "
                  RenderBR {BR} at (121,1661) size 0x0
                  RenderInline {A} at (0,0) size 108x13 [color=#0000EE]
                    RenderText {#text} at (0,1664) size 108x13
                      text run at (0,1664) width 108: "User-Defined Functions"
                  RenderText {#text} at (0,0) size 0x0
                RenderBlock {P} at (0,4533) size 570x299
                  RenderInline {B} at (0,0) size 39x13
                    RenderInline {A} at (0,0) size 39x13 [color=#0000EE]
                      RenderText {#text} at (0,0) size 39x13
                        text run at (0,0) width 39: "Queries"
                  RenderBR {BR} at (39,10) size 0x0
                  RenderBR {BR} at (0,13) size 0x13
                  RenderInline {A} at (0,0) size 44x13 [color=#0000EE]
                    RenderText {#text} at (0,26) size 44x13
                      text run at (0,26) width 44: "subselect"
                  RenderText {#text} at (44,26) size 3x13
                    text run at (44,26) width 3: " "
                  RenderBR {BR} at (47,36) size 0x0
                  RenderInline {A} at (0,0) size 60x13 [color=#0000EE]
                    RenderText {#text} at (0,39) size 60x13
                      text run at (0,39) width 60: "select-clause"
                  RenderText {#text} at (60,39) size 3x13
                    text run at (60,39) width 3: " "
                  RenderBR {BR} at (63,49) size 0x0
                  RenderInline {A} at (0,0) size 53x13 [color=#0000EE]
                    RenderText {#text} at (0,52) size 53x13
                      text run at (0,52) width 53: "from-clause"
                  RenderText {#text} at (53,52) size 3x13
                    text run at (53,52) width 3: " "
                  RenderBR {BR} at (56,62) size 0x0
                  RenderInline {A} at (0,0) size 70x13 [color=#0000EE]
                    RenderText {#text} at (0,65) size 70x13
                      text run at (0,65) width 70: "table-reference"
                  RenderText {#text} at (70,65) size 3x13
                    text run at (70,65) width 3: " "
                  RenderBR {BR} at (73,75) size 0x0
                  RenderInline {A} at (0,0) size 54x13 [color=#0000EE]
                    RenderText {#text} at (0,78) size 54x13
                      text run at (0,78) width 54: "joined-table"
                  RenderText {#text} at (54,78) size 3x13
                    text run at (54,78) width 3: " "
                  RenderBR {BR} at (57,88) size 0x0
                  RenderInline {A} at (0,0) size 61x13 [color=#0000EE]
                    RenderText {#text} at (0,91) size 61x13
                      text run at (0,91) width 61: "where-clause"
                  RenderText {#text} at (61,91) size 3x13
                    text run at (61,91) width 3: " "
                  RenderBR {BR} at (64,101) size 0x0
                  RenderInline {A} at (0,0) size 74x13 [color=#0000EE]
                    RenderText {#text} at (0,104) size 74x13
                      text run at (0,104) width 74: "group-by-clause"
                  RenderText {#text} at (74,104) size 3x13
                    text run at (74,104) width 3: " "
                  RenderBR {BR} at (77,114) size 0x0
                  RenderInline {A} at (0,0) size 64x13 [color=#0000EE]
                    RenderText {#text} at (0,117) size 64x13
                      text run at (0,117) width 64: "having-clause"
                  RenderText {#text} at (64,117) size 3x13
                    text run at (64,117) width 3: " "
                  RenderBR {BR} at (67,127) size 0x0
                  RenderInline {A} at (0,0) size 109x13 [color=#0000EE]
                    RenderText {#text} at (0,130) size 109x13
                      text run at (0,130) width 109: "Examples of subselects"
                  RenderText {#text} at (109,130) size 3x13
                    text run at (109,130) width 3: " "
                  RenderBR {BR} at (112,140) size 0x0
                  RenderInline {A} at (0,0) size 84x13 [color=#0000EE]
                    RenderText {#text} at (0,143) size 84x13
                      text run at (0,143) width 84: "Examples of Joins"
                  RenderText {#text} at (84,143) size 3x13
                    text run at (84,143) width 3: " "
                  RenderBR {BR} at (87,153) size 0x0
                  RenderInline {A} at (0,0) size 214x13 [color=#0000EE]
                    RenderText {#text} at (0,156) size 214x13
                      text run at (0,156) width 214: "Examples of Grouping Sets, Cube, and Rollup"
                  RenderText {#text} at (214,156) size 3x13
                    text run at (214,156) width 3: " "
                  RenderBR {BR} at (217,166) size 0x0
                  RenderInline {A} at (0,0) size 40x13 [color=#0000EE]
                    RenderText {#text} at (0,169) size 40x13
                      text run at (0,169) width 40: "fullselect"
                  RenderText {#text} at (40,169) size 3x13
                    text run at (40,169) width 3: " "
                  RenderBR {BR} at (43,179) size 0x0
                  RenderInline {A} at (0,0) size 109x13 [color=#0000EE]
                    RenderText {#text} at (0,182) size 109x13
                      text run at (0,182) width 109: "Examples of a fullselect"
                  RenderText {#text} at (109,182) size 3x13
                    text run at (109,182) width 3: " "
                  RenderBR {BR} at (112,192) size 0x0
                  RenderInline {A} at (0,0) size 76x13 [color=#0000EE]
                    RenderText {#text} at (0,195) size 76x13
                      text run at (0,195) width 76: "select-statement"
                  RenderText {#text} at (76,195) size 3x13
                    text run at (76,195) width 3: " "
                  RenderBR {BR} at (79,205) size 0x0
                  RenderInline {A} at (0,0) size 118x13 [color=#0000EE]
                    RenderText {#text} at (0,208) size 118x13
                      text run at (0,208) width 118: "common-table-expression"
                  RenderText {#text} at (118,208) size 3x13
                    text run at (118,208) width 3: " "
                  RenderBR {BR} at (121,218) size 0x0
                  RenderInline {A} at (0,0) size 71x13 [color=#0000EE]
                    RenderText {#text} at (0,221) size 71x13
                      text run at (0,221) width 71: "order-by-clause"
                  RenderText {#text} at (71,221) size 3x13
                    text run at (71,221) width 3: " "
                  RenderBR {BR} at (74,231) size 0x0
                  RenderInline {A} at (0,0) size 66x13 [color=#0000EE]
                    RenderText {#text} at (0,234) size 66x13
                      text run at (0,234) width 66: "update-clause"
                  RenderText {#text} at (66,234) size 3x13
                    text run at (66,234) width 3: " "
                  RenderBR {BR} at (69,244) size 0x0
                  RenderInline {A} at (0,0) size 76x13 [color=#0000EE]
                    RenderText {#text} at (0,247) size 76x13
                      text run at (0,247) width 76: "read-only-clause"
                  RenderText {#text} at (76,247) size 3x13
                    text run at (76,247) width 3: " "
                  RenderBR {BR} at (79,257) size 0x0
                  RenderInline {A} at (0,0) size 75x13 [color=#0000EE]
                    RenderText {#text} at (0,260) size 75x13
                      text run at (0,260) width 75: "fetch-first-clause"
                  RenderText {#text} at (75,260) size 3x13
                    text run at (75,260) width 3: " "
                  RenderBR {BR} at (78,270) size 0x0
                  RenderInline {A} at (0,0) size 86x13 [color=#0000EE]
                    RenderText {#text} at (0,273) size 86x13
                      text run at (0,273) width 86: "optimize-for-clause"
                  RenderText {#text} at (86,273) size 3x13
                    text run at (86,273) width 3: " "
                  RenderBR {BR} at (89,283) size 0x0
                  RenderInline {A} at (0,0) size 145x13 [color=#0000EE]
                    RenderText {#text} at (0,286) size 145x13
                      text run at (0,286) width 145: "Examples of a select-statement"
                  RenderText {#text} at (0,0) size 0x0
                RenderBlock {P} at (0,4842) size 570x1534
                  RenderInline {B} at (0,0) size 79x13
                    RenderInline {A} at (0,0) size 79x13 [color=#0000EE]
                      RenderText {#text} at (0,0) size 79x13
                        text run at (0,0) width 79: "SQL Statements"
                  RenderBR {BR} at (79,10) size 0x0
                  RenderBR {BR} at (0,13) size 0x13
                  RenderInline {A} at (0,0) size 159x13 [color=#0000EE]
                    RenderText {#text} at (0,26) size 159x13
                      text run at (0,26) width 159: "How SQL Statements Are Invoked"
                  RenderText {#text} at (159,26) size 3x13
                    text run at (159,26) width 3: " "
                  RenderBR {BR} at (162,36) size 0x0
                  RenderInline {A} at (0,0) size 235x13 [color=#0000EE]
                    RenderText {#text} at (0,39) size 235x13
                      text run at (0,39) width 235: "Embedding a Statement in an Application Program"
                  RenderText {#text} at (235,39) size 3x13
                    text run at (235,39) width 3: " "
                  RenderBR {BR} at (238,49) size 0x0
                  RenderInline {A} at (0,0) size 166x13 [color=#0000EE]
                    RenderText {#text} at (0,52) size 166x13
                      text run at (0,52) width 166: "Dynamic Preparation and Execution"
                  RenderText {#text} at (166,52) size 3x13
                    text run at (166,52) width 3: " "
                  RenderBR {BR} at (169,62) size 0x0
                  RenderInline {A} at (0,0) size 177x13 [color=#0000EE]
                    RenderText {#text} at (0,65) size 177x13
                      text run at (0,65) width 177: "Static Invocation of a select-statement"
                  RenderText {#text} at (177,65) size 3x13
                    text run at (177,65) width 3: " "
                  RenderBR {BR} at (180,75) size 0x0
                  RenderInline {A} at (0,0) size 190x13 [color=#0000EE]
                    RenderText {#text} at (0,78) size 190x13
                      text run at (0,78) width 190: "Dynamic Invocation of a select-statement"
                  RenderText {#text} at (190,78) size 3x13
                    text run at (190,78) width 3: " "
                  RenderBR {BR} at (193,88) size 0x0
                  RenderInline {A} at (0,0) size 99x13 [color=#0000EE]
                    RenderText {#text} at (0,91) size 99x13
                      text run at (0,91) width 99: "Interactive Invocation"
                  RenderText {#text} at (99,91) size 3x13
                    text run at (99,91) width 3: " "
                  RenderBR {BR} at (102,101) size 0x0
                  RenderInline {A} at (0,0) size 88x13 [color=#0000EE]
                    RenderText {#text} at (0,104) size 88x13
                      text run at (0,104) width 88: "SQL Return Codes"
                  RenderText {#text} at (88,104) size 3x13
                    text run at (88,104) width 3: " "
                  RenderBR {BR} at (91,114) size 0x0
                  RenderInline {A} at (0,0) size 50x13 [color=#0000EE]
                    RenderText {#text} at (0,117) size 50x13
                      text run at (0,117) width 50: "SQLCODE"
                  RenderText {#text} at (50,117) size 3x13
                    text run at (50,117) width 3: " "
                  RenderBR {BR} at (53,127) size 0x0
                  RenderInline {A} at (0,0) size 54x13 [color=#0000EE]
                    RenderText {#text} at (0,130) size 54x13
                      text run at (0,130) width 54: "SQLSTATE"
                  RenderText {#text} at (54,130) size 3x13
                    text run at (54,130) width 3: " "
                  RenderBR {BR} at (57,140) size 0x0
                  RenderInline {A} at (0,0) size 73x13 [color=#0000EE]
                    RenderText {#text} at (0,143) size 73x13
                      text run at (0,143) width 73: "SQL Comments"
                  RenderText {#text} at (73,143) size 3x13
                    text run at (73,143) width 3: " "
                  RenderBR {BR} at (76,153) size 0x0
                  RenderInline {A} at (0,0) size 105x13 [color=#0000EE]
                    RenderText {#text} at (0,156) size 105x13
                      text run at (0,156) width 105: "ALTER BUFFERPOOL"
                  RenderText {#text} at (105,156) size 3x13
                    text run at (105,156) width 3: " "
                  RenderBR {BR} at (108,166) size 0x0
                  RenderInline {A} at (0,0) size 89x13 [color=#0000EE]
                    RenderText {#text} at (0,169) size 89x13
                      text run at (0,169) width 89: "ALTER NICKNAME"
                  RenderText {#text} at (89,169) size 3x13
                    text run at (89,169) width 3: " "
                  RenderBR {BR} at (92,179) size 0x0
                  RenderInline {A} at (0,0) size 102x13 [color=#0000EE]
                    RenderText {#text} at (0,182) size 102x13
                      text run at (0,182) width 102: "ALTER NODEGROUP"
                  RenderText {#text} at (102,182) size 3x13
                    text run at (102,182) width 3: " "
                  RenderBR {BR} at (105,192) size 0x0
                  RenderInline {A} at (0,0) size 78x13 [color=#0000EE]
                    RenderText {#text} at (0,195) size 78x13
                      text run at (0,195) width 78: "ALTER SERVER"
                  RenderText {#text} at (78,195) size 3x13
                    text run at (78,195) width 3: " "
                  RenderBR {BR} at (81,205) size 0x0
                  RenderInline {A} at (0,0) size 69x13 [color=#0000EE]
                    RenderText {#text} at (0,208) size 69x13
                      text run at (0,208) width 69: "ALTER TABLE"
                  RenderText {#text} at (69,208) size 3x13
                    text run at (69,208) width 3: " "
                  RenderBR {BR} at (72,218) size 0x0
                  RenderInline {A} at (0,0) size 104x13 [color=#0000EE]
                    RenderText {#text} at (0,221) size 104x13
                      text run at (0,221) width 104: "ALTER TABLESPACE"
                  RenderText {#text} at (104,221) size 3x13
                    text run at (104,221) width 3: " "
                  RenderBR {BR} at (107,231) size 0x0
                  RenderInline {A} at (0,0) size 120x13 [color=#0000EE]
                    RenderText {#text} at (0,234) size 120x13
                      text run at (0,234) width 120: "ALTER TYPE (Structured)"
                  RenderText {#text} at (120,234) size 3x13
                    text run at (120,234) width 3: " "
                  RenderBR {BR} at (123,244) size 0x0
                  RenderInline {A} at (0,0) size 114x13 [color=#0000EE]
                    RenderText {#text} at (0,247) size 114x13
                      text run at (0,247) width 114: "ALTER USER MAPPING"
                  RenderText {#text} at (114,247) size 3x13
                    text run at (114,247) width 3: " "
                  RenderBR {BR} at (117,257) size 0x0
                  RenderInline {A} at (0,0) size 62x13 [color=#0000EE]
                    RenderText {#text} at (0,260) size 62x13
                      text run at (0,260) width 62: "ALTER VIEW"
                  RenderText {#text} at (62,260) size 3x13
                    text run at (62,260) width 3: " "
                  RenderBR {BR} at (65,270) size 0x0
                  RenderInline {A} at (0,0) size 131x13 [color=#0000EE]
                    RenderText {#text} at (0,273) size 131x13
                      text run at (0,273) width 131: "BEGIN DECLARE SECTION"
                  RenderText {#text} at (131,273) size 3x13
                    text run at (131,273) width 3: " "
                  RenderBR {BR} at (134,283) size 0x0
                  RenderInline {A} at (0,0) size 26x13 [color=#0000EE]
                    RenderText {#text} at (0,286) size 26x13
                      text run at (0,286) width 26: "CALL"
                  RenderText {#text} at (26,286) size 3x13
                    text run at (26,286) width 3: " "
                  RenderBR {BR} at (29,296) size 0x0
                  RenderInline {A} at (0,0) size 35x13 [color=#0000EE]
                    RenderText {#text} at (0,299) size 35x13
                      text run at (0,299) width 35: "CLOSE"
                  RenderText {#text} at (35,299) size 3x13
                    text run at (35,299) width 3: " "
                  RenderBR {BR} at (38,309) size 0x0
                  RenderInline {A} at (0,0) size 69x13 [color=#0000EE]
                    RenderText {#text} at (0,312) size 69x13
                      text run at (0,312) width 69: "COMMENT ON"
                  RenderText {#text} at (69,312) size 3x13
                    text run at (69,312) width 3: " "
                  RenderBR {BR} at (72,322) size 0x0
                  RenderInline {A} at (0,0) size 40x13 [color=#0000EE]
                    RenderText {#text} at (0,325) size 40x13
                      text run at (0,325) width 40: "COMMIT"
                  RenderText {#text} at (40,325) size 3x13
                    text run at (40,325) width 3: " "
                  RenderBR {BR} at (43,335) size 0x0
                  RenderInline {A} at (0,0) size 135x13 [color=#0000EE]
                    RenderText {#text} at (0,338) size 135x13
                      text run at (0,338) width 135: "Compound SQL (Embedded)"
                  RenderText {#text} at (135,338) size 3x13
                    text run at (135,338) width 3: " "
                  RenderBR {BR} at (138,348) size 0x0
                  RenderInline {A} at (0,0) size 90x13 [color=#0000EE]
                    RenderText {#text} at (0,351) size 90x13
                      text run at (0,351) width 90: "CONNECT (Type 1)"
                  RenderText {#text} at (90,351) size 3x13
                    text run at (90,351) width 3: " "
                  RenderBR {BR} at (93,361) size 0x0
                  RenderInline {A} at (0,0) size 90x13 [color=#0000EE]
                    RenderText {#text} at (0,364) size 90x13
                      text run at (0,364) width 90: "CONNECT (Type 2)"
                  RenderText {#text} at (90,364) size 3x13
                    text run at (90,364) width 3: " "
                  RenderBR {BR} at (93,374) size 0x0
                  RenderInline {A} at (0,0) size 74x13 [color=#0000EE]
                    RenderText {#text} at (0,377) size 74x13
                      text run at (0,377) width 74: "CREATE ALIAS"
                  RenderText {#text} at (74,377) size 3x13
                    text run at (74,377) width 3: " "
                  RenderBR {BR} at (77,387) size 0x0
                  RenderInline {A} at (0,0) size 113x13 [color=#0000EE]
                    RenderText {#text} at (0,390) size 113x13
                      text run at (0,390) width 113: "CREATE BUFFERPOOL"
                  RenderText {#text} at (113,390) size 3x13
                    text run at (113,390) width 3: " "
                  RenderBR {BR} at (116,400) size 0x0
                  RenderInline {A} at (0,0) size 120x13 [color=#0000EE]
                    RenderText {#text} at (0,403) size 120x13
                      text run at (0,403) width 120: "CREATE DISTINCT TYPE"
                  RenderText {#text} at (120,403) size 3x13
                    text run at (120,403) width 3: " "
                  RenderBR {BR} at (123,413) size 0x0
                  RenderInline {A} at (0,0) size 128x13 [color=#0000EE]
                    RenderText {#text} at (0,416) size 128x13
                      text run at (0,416) width 128: "CREATE EVENT MONITOR"
                  RenderText {#text} at (128,416) size 3x13
                    text run at (128,416) width 3: " "
                  RenderBR {BR} at (131,426) size 0x0
                  RenderInline {A} at (0,0) size 95x13 [color=#0000EE]
                    RenderText {#text} at (0,429) size 95x13
                      text run at (0,429) width 95: "CREATE FUNCTION"
                  RenderText {#text} at (95,429) size 3x13
                    text run at (95,429) width 3: " "
                  RenderBR {BR} at (98,439) size 0x0
                  RenderInline {A} at (0,0) size 174x13 [color=#0000EE]
                    RenderText {#text} at (0,442) size 174x13
                      text run at (0,442) width 174: "CREATE FUNCTION (External Scalar)"
                  RenderText {#text} at (174,442) size 3x13
                    text run at (174,442) width 3: " "
                  RenderBR {BR} at (177,452) size 0x0
                  RenderInline {A} at (0,0) size 171x13 [color=#0000EE]
                    RenderText {#text} at (0,455) size 171x13
                      text run at (0,455) width 171: "CREATE FUNCTION (External Table)"
                  RenderText {#text} at (171,455) size 3x13
                    text run at (171,455) width 3: " "
                  RenderBR {BR} at (174,465) size 0x0
                  RenderInline {A} at (0,0) size 212x13 [color=#0000EE]
                    RenderText {#text} at (0,468) size 212x13
                      text run at (0,468) width 212: "CREATE FUNCTION (OLE DB External Table)"
                  RenderText {#text} at (212,468) size 3x13
                    text run at (212,468) width 3: " "
                  RenderBR {BR} at (215,478) size 0x0
                  RenderInline {A} at (0,0) size 195x13 [color=#0000EE]
                    RenderText {#text} at (0,481) size 195x13
                      text run at (0,481) width 195: "CREATE FUNCTION (Source or Template)"
                  RenderText {#text} at (195,481) size 3x13
                    text run at (195,481) width 3: " "
                  RenderBR {BR} at (198,491) size 0x0
                  RenderInline {A} at (0,0) size 224x13 [color=#0000EE]
                    RenderText {#text} at (0,494) size 224x13
                      text run at (0,494) width 224: "CREATE FUNCTION (SQL Scalar, Table or Row)"
                  RenderText {#text} at (224,494) size 3x13
                    text run at (224,494) width 3: " "
                  RenderBR {BR} at (227,504) size 0x0
                  RenderInline {A} at (0,0) size 145x13 [color=#0000EE]
                    RenderText {#text} at (0,507) size 145x13
                      text run at (0,507) width 145: "CREATE FUNCTION MAPPING"
                  RenderText {#text} at (145,507) size 3x13
                    text run at (145,507) width 3: " "
                  RenderBR {BR} at (148,517) size 0x0
                  RenderInline {A} at (0,0) size 75x13 [color=#0000EE]
                    RenderText {#text} at (0,520) size 75x13
                      text run at (0,520) width 75: "CREATE INDEX"
                  RenderText {#text} at (75,520) size 3x13
                    text run at (75,520) width 3: " "
                  RenderBR {BR} at (78,530) size 0x0
                  RenderInline {A} at (0,0) size 137x13 [color=#0000EE]
                    RenderText {#text} at (0,533) size 137x13
                      text run at (0,533) width 137: "CREATE INDEX EXTENSION"
                  RenderText {#text} at (137,533) size 3x13
                    text run at (137,533) width 3: " "
                  RenderBR {BR} at (140,543) size 0x0
                  RenderInline {A} at (0,0) size 87x13 [color=#0000EE]
                    RenderText {#text} at (0,546) size 87x13
                      text run at (0,546) width 87: "CREATE METHOD"
                  RenderText {#text} at (87,546) size 3x13
                    text run at (87,546) width 3: " "
                  RenderBR {BR} at (90,556) size 0x0
                  RenderInline {A} at (0,0) size 97x13 [color=#0000EE]
                    RenderText {#text} at (0,559) size 97x13
                      text run at (0,559) width 97: "CREATE NICKNAME"
                  RenderText {#text} at (97,559) size 3x13
                    text run at (97,559) width 3: " "
                  RenderBR {BR} at (100,569) size 0x0
                  RenderInline {A} at (0,0) size 110x13 [color=#0000EE]
                    RenderText {#text} at (0,572) size 110x13
                      text run at (0,572) width 110: "CREATE NODEGROUP"
                  RenderText {#text} at (110,572) size 3x13
                    text run at (110,572) width 3: " "
                  RenderBR {BR} at (113,582) size 0x0
                  RenderInline {A} at (0,0) size 108x13 [color=#0000EE]
                    RenderText {#text} at (0,585) size 108x13
                      text run at (0,585) width 108: "CREATE PROCEDURE"
                  RenderText {#text} at (108,585) size 3x13
                    text run at (108,585) width 3: " "
                  RenderBR {BR} at (111,595) size 0x0
                  RenderInline {A} at (0,0) size 87x13 [color=#0000EE]
                    RenderText {#text} at (0,598) size 87x13
                      text run at (0,598) width 87: "CREATE SCHEMA"
                  RenderText {#text} at (87,598) size 3x13
                    text run at (87,598) width 3: " "
                  RenderBR {BR} at (90,608) size 0x0
                  RenderInline {A} at (0,0) size 86x13 [color=#0000EE]
                    RenderText {#text} at (0,611) size 86x13
                      text run at (0,611) width 86: "CREATE SERVER"
                  RenderText {#text} at (86,611) size 3x13
                    text run at (86,611) width 3: " "
                  RenderBR {BR} at (89,621) size 0x0
                  RenderInline {A} at (0,0) size 77x13 [color=#0000EE]
                    RenderText {#text} at (0,624) size 77x13
                      text run at (0,624) width 77: "CREATE TABLE"
                  RenderText {#text} at (77,624) size 3x13
                    text run at (77,624) width 3: " "
                  RenderBR {BR} at (80,634) size 0x0
                  RenderInline {A} at (0,0) size 112x13 [color=#0000EE]
                    RenderText {#text} at (0,637) size 112x13
                      text run at (0,637) width 112: "CREATE TABLESPACE"
                  RenderText {#text} at (112,637) size 3x13
                    text run at (112,637) width 3: " "
                  RenderBR {BR} at (115,647) size 0x0
                  RenderInline {A} at (0,0) size 107x13 [color=#0000EE]
                    RenderText {#text} at (0,650) size 107x13
                      text run at (0,650) width 107: "CREATE TRANSFORM"
                  RenderText {#text} at (107,650) size 3x13
                    text run at (107,650) width 3: " "
                  RenderBR {BR} at (110,660) size 0x0
                  RenderInline {A} at (0,0) size 90x13 [color=#0000EE]
                    RenderText {#text} at (0,663) size 90x13
                      text run at (0,663) width 90: "CREATE TRIGGER"
                  RenderText {#text} at (90,663) size 3x13
                    text run at (90,663) width 3: " "
                  RenderBR {BR} at (93,673) size 0x0
                  RenderInline {A} at (0,0) size 128x13 [color=#0000EE]
                    RenderText {#text} at (0,676) size 128x13
                      text run at (0,676) width 128: "CREATE TYPE (Structured)"
                  RenderText {#text} at (128,676) size 3x13
                    text run at (128,676) width 3: " "
                  RenderBR {BR} at (131,686) size 0x0
                  RenderInline {A} at (0,0) size 121x13 [color=#0000EE]
                    RenderText {#text} at (0,689) size 121x13
                      text run at (0,689) width 121: "CREATE TYPE MAPPING"
                  RenderText {#text} at (121,689) size 3x13
                    text run at (121,689) width 3: " "
                  RenderBR {BR} at (124,699) size 0x0
                  RenderInline {A} at (0,0) size 122x13 [color=#0000EE]
                    RenderText {#text} at (0,702) size 122x13
                      text run at (0,702) width 122: "CREATE USER MAPPING"
                  RenderText {#text} at (122,702) size 3x13
                    text run at (122,702) width 3: " "
                  RenderBR {BR} at (125,712) size 0x0
                  RenderInline {A} at (0,0) size 70x13 [color=#0000EE]
                    RenderText {#text} at (0,715) size 70x13
                      text run at (0,715) width 70: "CREATE VIEW"
                  RenderText {#text} at (70,715) size 3x13
                    text run at (70,715) width 3: " "
                  RenderBR {BR} at (73,725) size 0x0
                  RenderInline {A} at (0,0) size 95x13 [color=#0000EE]
                    RenderText {#text} at (0,728) size 95x13
                      text run at (0,728) width 95: "CREATE WRAPPER"
                  RenderText {#text} at (95,728) size 3x13
                    text run at (95,728) width 3: " "
                  RenderBR {BR} at (98,738) size 0x0
                  RenderInline {A} at (0,0) size 94x13 [color=#0000EE]
                    RenderText {#text} at (0,741) size 94x13
                      text run at (0,741) width 94: "DECLARE CURSOR"
                  RenderText {#text} at (94,741) size 3x13
                    text run at (94,741) width 3: " "
                  RenderBR {BR} at (97,751) size 0x0
                  RenderInline {A} at (0,0) size 196x13 [color=#0000EE]
                    RenderText {#text} at (0,754) size 196x13
                      text run at (0,754) width 196: "DECLARE GLOBAL TEMPORARY TABLE"
                  RenderText {#text} at (196,754) size 3x13
                    text run at (196,754) width 3: " "
                  RenderBR {BR} at (199,764) size 0x0
                  RenderInline {A} at (0,0) size 40x13 [color=#0000EE]
                    RenderText {#text} at (0,767) size 40x13
                      text run at (0,767) width 40: "DELETE"
                  RenderText {#text} at (40,767) size 3x13
                    text run at (40,767) width 3: " "
                  RenderBR {BR} at (43,777) size 0x0
                  RenderInline {A} at (0,0) size 52x13 [color=#0000EE]
                    RenderText {#text} at (0,780) size 52x13
                      text run at (0,780) width 52: "DESCRIBE"
                  RenderText {#text} at (52,780) size 3x13
                    text run at (52,780) width 3: " "
                  RenderBR {BR} at (55,790) size 0x0
                  RenderInline {A} at (0,0) size 66x13 [color=#0000EE]
                    RenderText {#text} at (0,793) size 66x13
                      text run at (0,793) width 66: "DISCONNECT"
                  RenderText {#text} at (66,793) size 3x13
                    text run at (66,793) width 3: " "
                  RenderBR {BR} at (69,803) size 0x0
                  RenderInline {A} at (0,0) size 29x13 [color=#0000EE]
                    RenderText {#text} at (0,806) size 29x13
                      text run at (0,806) width 29: "DROP"
                  RenderText {#text} at (29,806) size 3x13
                    text run at (29,806) width 3: " "
                  RenderBR {BR} at (32,816) size 0x0
                  RenderInline {A} at (0,0) size 120x13 [color=#0000EE]
                    RenderText {#text} at (0,819) size 120x13
                      text run at (0,819) width 120: "END DECLARE SECTION"
                  RenderText {#text} at (120,819) size 3x13
                    text run at (120,819) width 3: " "
                  RenderBR {BR} at (123,829) size 0x0
                  RenderInline {A} at (0,0) size 48x13 [color=#0000EE]
                    RenderText {#text} at (0,832) size 48x13
                      text run at (0,832) width 48: "EXECUTE"
                  RenderText {#text} at (48,832) size 3x13
                    text run at (48,832) width 3: " "
                  RenderBR {BR} at (51,842) size 0x0
                  RenderInline {A} at (0,0) size 107x13 [color=#0000EE]
                    RenderText {#text} at (0,845) size 107x13
                      text run at (0,845) width 107: "EXECUTE IMMEDIATE"
                  RenderText {#text} at (107,845) size 3x13
                    text run at (107,845) width 3: " "
                  RenderBR {BR} at (110,855) size 0x0
                  RenderInline {A} at (0,0) size 44x13 [color=#0000EE]
                    RenderText {#text} at (0,858) size 44x13
                      text run at (0,858) width 44: "EXPLAIN"
                  RenderText {#text} at (44,858) size 3x13
                    text run at (44,858) width 3: " "
                  RenderBR {BR} at (47,868) size 0x0
                  RenderInline {A} at (0,0) size 33x13 [color=#0000EE]
                    RenderText {#text} at (0,871) size 33x13
                      text run at (0,871) width 33: "FETCH"
                  RenderText {#text} at (33,871) size 3x13
                    text run at (33,871) width 3: " "
                  RenderBR {BR} at (36,881) size 0x0
                  RenderInline {A} at (0,0) size 120x13 [color=#0000EE]
                    RenderText {#text} at (0,884) size 120x13
                      text run at (0,884) width 120: "FLUSH EVENT MONITOR"
                  RenderText {#text} at (120,884) size 3x13
                    text run at (120,884) width 3: " "
                  RenderBR {BR} at (123,894) size 0x0
                  RenderInline {A} at (0,0) size 79x13 [color=#0000EE]
                    RenderText {#text} at (0,897) size 79x13
                      text run at (0,897) width 79: "FREE LOCATOR"
                  RenderText {#text} at (79,897) size 3x13
                    text run at (79,897) width 3: " "
                  RenderBR {BR} at (82,907) size 0x0
                  RenderInline {A} at (0,0) size 141x13 [color=#0000EE]
                    RenderText {#text} at (0,910) size 141x13
                      text run at (0,910) width 141: "GRANT (Database Authorities)"
                  RenderText {#text} at (141,910) size 3x13
                    text run at (141,910) width 3: " "
                  RenderBR {BR} at (144,920) size 0x0
                  RenderInline {A} at (0,0) size 117x13 [color=#0000EE]
                    RenderText {#text} at (0,923) size 117x13
                      text run at (0,923) width 117: "GRANT (Index Privileges)"
                  RenderText {#text} at (117,923) size 3x13
                    text run at (117,923) width 3: " "
                  RenderBR {BR} at (120,933) size 0x0
                  RenderInline {A} at (0,0) size 132x13 [color=#0000EE]
                    RenderText {#text} at (0,936) size 132x13
                      text run at (0,936) width 132: "GRANT (Package Privileges)"
                  RenderText {#text} at (132,936) size 3x13
                    text run at (132,936) width 3: " "
                  RenderBR {BR} at (135,946) size 0x0
                  RenderInline {A} at (0,0) size 129x13 [color=#0000EE]
                    RenderText {#text} at (0,949) size 129x13
                      text run at (0,949) width 129: "GRANT (Schema Privileges)"
                  RenderText {#text} at (129,949) size 3x13
                    text run at (129,949) width 3: " "
                  RenderBR {BR} at (132,959) size 0x0
                  RenderInline {A} at (0,0) size 121x13 [color=#0000EE]
                    RenderText {#text} at (0,962) size 121x13
                      text run at (0,962) width 121: "GRANT (Server Privileges)"
                  RenderText {#text} at (121,962) size 3x13
                    text run at (121,962) width 3: " "
                  RenderBR {BR} at (124,972) size 0x0
                  RenderInline {A} at (0,0) size 208x13 [color=#0000EE]
                    RenderText {#text} at (0,975) size 208x13
                      text run at (0,975) width 208: "GRANT (Table, View, or Nickname Privileges)"
                  RenderText {#text} at (208,975) size 3x13
                    text run at (208,975) width 3: " "
                  RenderBR {BR} at (211,985) size 0x0
                  RenderInline {A} at (0,0) size 150x13 [color=#0000EE]
                    RenderText {#text} at (0,988) size 150x13
                      text run at (0,988) width 150: "GRANT (Table Space Privileges)"
                  RenderText {#text} at (150,988) size 3x13
                    text run at (150,988) width 3: " "
                  RenderBR {BR} at (153,998) size 0x0
                  RenderInline {A} at (0,0) size 44x13 [color=#0000EE]
                    RenderText {#text} at (0,1001) size 44x13
                      text run at (0,1001) width 44: "INCLUDE"
                  RenderText {#text} at (44,1001) size 3x13
                    text run at (44,1001) width 3: " "
                  RenderBR {BR} at (47,1011) size 0x0
                  RenderInline {A} at (0,0) size 37x13 [color=#0000EE]
                    RenderText {#text} at (0,1014) size 37x13
                      text run at (0,1014) width 37: "INSERT"
                  RenderText {#text} at (37,1014) size 3x13
                    text run at (37,1014) width 3: " "
                  RenderBR {BR} at (40,1024) size 0x0
                  RenderInline {A} at (0,0) size 64x13 [color=#0000EE]
                    RenderText {#text} at (0,1027) size 64x13
                      text run at (0,1027) width 64: "LOCK TABLE"
                  RenderText {#text} at (64,1027) size 3x13
                    text run at (64,1027) width 3: " "
                  RenderBR {BR} at (67,1037) size 0x0
                  RenderInline {A} at (0,0) size 29x13 [color=#0000EE]
                    RenderText {#text} at (0,1040) size 29x13
                      text run at (0,1040) width 29: "OPEN"
                  RenderText {#text} at (29,1040) size 3x13
                    text run at (29,1040) width 3: " "
                  RenderBR {BR} at (32,1050) size 0x0
                  RenderInline {A} at (0,0) size 49x13 [color=#0000EE]
                    RenderText {#text} at (0,1053) size 49x13
                      text run at (0,1053) width 49: "PREPARE"
                  RenderText {#text} at (49,1053) size 3x13
                    text run at (49,1053) width 3: " "
                  RenderBR {BR} at (52,1063) size 0x0
                  RenderInline {A} at (0,0) size 84x13 [color=#0000EE]
                    RenderText {#text} at (0,1066) size 84x13
                      text run at (0,1066) width 84: "REFRESH TABLE"
                  RenderText {#text} at (84,1066) size 3x13
                    text run at (84,1066) width 3: " "
                  RenderBR {BR} at (87,1076) size 0x0
                  RenderInline {A} at (0,0) size 110x13 [color=#0000EE]
                    RenderText {#text} at (0,1079) size 110x13
                      text run at (0,1079) width 110: "RELEASE (Connection)"
                  RenderText {#text} at (110,1079) size 3x13
                    text run at (110,1079) width 3: " "
                  RenderBR {BR} at (113,1089) size 0x0
                  RenderInline {A} at (0,0) size 110x13 [color=#0000EE]
                    RenderText {#text} at (0,1092) size 110x13
                      text run at (0,1092) width 110: "RELEASE SAVEPOINT"
                  RenderText {#text} at (110,1092) size 3x13
                    text run at (110,1092) width 3: " "
                  RenderBR {BR} at (113,1102) size 0x0
                  RenderInline {A} at (0,0) size 79x13 [color=#0000EE]
                    RenderText {#text} at (0,1105) size 79x13
                      text run at (0,1105) width 79: "RENAME TABLE"
                  RenderText {#text} at (79,1105) size 3x13
                    text run at (79,1105) width 3: " "
                  RenderBR {BR} at (82,1115) size 0x0
                  RenderInline {A} at (0,0) size 114x13 [color=#0000EE]
                    RenderText {#text} at (0,1118) size 114x13
                      text run at (0,1118) width 114: "RENAME TABLESPACE"
                  RenderText {#text} at (114,1118) size 3x13
                    text run at (114,1118) width 3: " "
                  RenderBR {BR} at (117,1128) size 0x0
                  RenderInline {A} at (0,0) size 149x13 [color=#0000EE]
                    RenderText {#text} at (0,1131) size 149x13
                      text run at (0,1131) width 149: "REVOKE (Database Authorities)"
                  RenderText {#text} at (149,1131) size 3x13
                    text run at (149,1131) width 3: " "
                  RenderBR {BR} at (152,1141) size 0x0
                  RenderInline {A} at (0,0) size 125x13 [color=#0000EE]
                    RenderText {#text} at (0,1144) size 125x13
                      text run at (0,1144) width 125: "REVOKE (Index Privileges)"
                  RenderText {#text} at (125,1144) size 3x13
                    text run at (125,1144) width 3: " "
                  RenderBR {BR} at (128,1154) size 0x0
                  RenderInline {A} at (0,0) size 140x13 [color=#0000EE]
                    RenderText {#text} at (0,1157) size 140x13
                      text run at (0,1157) width 140: "REVOKE (Package Privileges)"
                  RenderText {#text} at (140,1157) size 3x13
                    text run at (140,1157) width 3: " "
                  RenderBR {BR} at (143,1167) size 0x0
                  RenderInline {A} at (0,0) size 137x13 [color=#0000EE]
                    RenderText {#text} at (0,1170) size 137x13
                      text run at (0,1170) width 137: "REVOKE (Schema Privileges)"
                  RenderText {#text} at (137,1170) size 3x13
                    text run at (137,1170) width 3: " "
                  RenderBR {BR} at (140,1180) size 0x0
                  RenderInline {A} at (0,0) size 129x13 [color=#0000EE]
                    RenderText {#text} at (0,1183) size 129x13
                      text run at (0,1183) width 129: "REVOKE (Server Privileges)"
                  RenderText {#text} at (129,1183) size 3x13
                    text run at (129,1183) width 3: " "
                  RenderBR {BR} at (132,1193) size 0x0
                  RenderInline {A} at (0,0) size 216x13 [color=#0000EE]
                    RenderText {#text} at (0,1196) size 216x13
                      text run at (0,1196) width 216: "REVOKE (Table, View, or Nickname Privileges)"
                  RenderText {#text} at (216,1196) size 3x13
                    text run at (216,1196) width 3: " "
                  RenderBR {BR} at (219,1206) size 0x0
                  RenderInline {A} at (0,0) size 158x13 [color=#0000EE]
                    RenderText {#text} at (0,1209) size 158x13
                      text run at (0,1209) width 158: "REVOKE (Table Space Privileges)"
                  RenderText {#text} at (158,1209) size 3x13
                    text run at (158,1209) width 3: " "
                  RenderBR {BR} at (161,1219) size 0x0
                  RenderInline {A} at (0,0) size 55x13 [color=#0000EE]
                    RenderText {#text} at (0,1222) size 55x13
                      text run at (0,1222) width 55: "ROLLBACK"
                  RenderText {#text} at (55,1222) size 3x13
                    text run at (55,1222) width 3: " "
                  RenderBR {BR} at (58,1232) size 0x0
                  RenderInline {A} at (0,0) size 59x13 [color=#0000EE]
                    RenderText {#text} at (0,1235) size 59x13
                      text run at (0,1235) width 59: "SAVEPOINT"
                  RenderText {#text} at (59,1235) size 3x13
                    text run at (59,1235) width 3: " "
                  RenderBR {BR} at (62,1245) size 0x0
                  RenderInline {A} at (0,0) size 40x13 [color=#0000EE]
                    RenderText {#text} at (0,1248) size 40x13
                      text run at (0,1248) width 40: "SELECT"
                  RenderText {#text} at (40,1248) size 3x13
                    text run at (40,1248) width 3: " "
                  RenderBR {BR} at (43,1258) size 0x0
                  RenderInline {A} at (0,0) size 67x13 [color=#0000EE]
                    RenderText {#text} at (0,1261) size 67x13
                      text run at (0,1261) width 67: "SELECT INTO"
                  RenderText {#text} at (67,1261) size 3x13
                    text run at (67,1261) width 3: " "
                  RenderBR {BR} at (70,1271) size 0x0
                  RenderInline {A} at (0,0) size 90x13 [color=#0000EE]
                    RenderText {#text} at (0,1274) size 90x13
                      text run at (0,1274) width 90: "SET CONNECTION"
                  RenderText {#text} at (90,1274) size 3x13
                    text run at (90,1274) width 3: " "
                  RenderBR {BR} at (93,1284) size 0x0
                  RenderInline {A} at (0,0) size 226x13 [color=#0000EE]
                    RenderText {#text} at (0,1287) size 226x13
                      text run at (0,1287) width 226: "SET CURRENT DEFAULT TRANSFORM GROUP"
                  RenderText {#text} at (226,1287) size 3x13
                    text run at (226,1287) width 3: " "
                  RenderBR {BR} at (229,1297) size 0x0
                  RenderInline {A} at (0,0) size 117x13 [color=#0000EE]
                    RenderText {#text} at (0,1300) size 117x13
                      text run at (0,1300) width 117: "SET CURRENT DEGREE"
                  RenderText {#text} at (117,1300) size 3x13
                    text run at (117,1300) width 3: " "
                  RenderBR {BR} at (120,1310) size 0x0
                  RenderInline {A} at (0,0) size 151x13 [color=#0000EE]
                    RenderText {#text} at (0,1313) size 151x13
                      text run at (0,1313) width 151: "SET CURRENT EXPLAIN MODE"
                  RenderText {#text} at (151,1313) size 3x13
                    text run at (151,1313) width 3: " "
                  RenderBR {BR} at (154,1323) size 0x0
                  RenderInline {A} at (0,0) size 177x13 [color=#0000EE]
                    RenderText {#text} at (0,1326) size 177x13
                      text run at (0,1326) width 177: "SET CURRENT EXPLAIN SNAPSHOT"
                  RenderText {#text} at (177,1326) size 3x13
                    text run at (177,1326) width 3: " "
                  RenderBR {BR} at (180,1336) size 0x0
                  RenderInline {A} at (0,0) size 144x13 [color=#0000EE]
                    RenderText {#text} at (0,1339) size 144x13
                      text run at (0,1339) width 144: "SET CURRENT PACKAGESET"
                  RenderText {#text} at (144,1339) size 3x13
                    text run at (144,1339) width 3: " "
                  RenderBR {BR} at (147,1349) size 0x0
                  RenderInline {A} at (0,0) size 185x13 [color=#0000EE]
                    RenderText {#text} at (0,1352) size 185x13
                      text run at (0,1352) width 185: "SET CURRENT QUERY OPTIMIZATION"
                  RenderText {#text} at (185,1352) size 3x13
                    text run at (185,1352) width 3: " "
                  RenderBR {BR} at (188,1362) size 0x0
                  RenderInline {A} at (0,0) size 147x13 [color=#0000EE]
                    RenderText {#text} at (0,1365) size 147x13
                      text run at (0,1365) width 147: "SET CURRENT REFRESH AGE"
                  RenderText {#text} at (147,1365) size 3x13
                    text run at (147,1365) width 3: " "
                  RenderBR {BR} at (150,1375) size 0x0
                  RenderInline {A} at (0,0) size 143x13 [color=#0000EE]
                    RenderText {#text} at (0,1378) size 143x13
                      text run at (0,1378) width 143: "SET EVENT MONITOR STATE"
                  RenderText {#text} at (143,1378) size 3x13
                    text run at (143,1378) width 3: " "
                  RenderBR {BR} at (146,1388) size 0x0
                  RenderInline {A} at (0,0) size 77x13 [color=#0000EE]
                    RenderText {#text} at (0,1391) size 77x13
                      text run at (0,1391) width 77: "SET INTEGRITY"
                  RenderText {#text} at (77,1391) size 3x13
                    text run at (77,1391) width 3: " "
                  RenderBR {BR} at (80,1401) size 0x0
                  RenderInline {A} at (0,0) size 78x13 [color=#0000EE]
                    RenderText {#text} at (0,1404) size 78x13
                      text run at (0,1404) width 78: "SET PASSTHRU"
                  RenderText {#text} at (78,1404) size 3x13
                    text run at (78,1404) width 3: " "
                  RenderBR {BR} at (81,1414) size 0x0
                  RenderInline {A} at (0,0) size 50x13 [color=#0000EE]
                    RenderText {#text} at (0,1417) size 50x13
                      text run at (0,1417) width 50: "SET PATH"
                  RenderText {#text} at (50,1417) size 3x13
                    text run at (50,1417) width 3: " "
                  RenderBR {BR} at (53,1427) size 0x0
                  RenderInline {A} at (0,0) size 66x13 [color=#0000EE]
                    RenderText {#text} at (0,1430) size 66x13
                      text run at (0,1430) width 66: "SET SCHEMA"
                  RenderText {#text} at (66,1430) size 3x13
                    text run at (66,1430) width 3: " "
                  RenderBR {BR} at (69,1440) size 0x0
                  RenderInline {A} at (0,0) size 107x13 [color=#0000EE]
                    RenderText {#text} at (0,1443) size 107x13
                      text run at (0,1443) width 107: "SET SERVER OPTION"
                  RenderText {#text} at (107,1443) size 3x13
                    text run at (107,1443) width 3: " "
                  RenderBR {BR} at (110,1453) size 0x0
                  RenderInline {A} at (0,0) size 104x13 [color=#0000EE]
                    RenderText {#text} at (0,1456) size 104x13
                      text run at (0,1456) width 104: "SET transition-variable"
                  RenderText {#text} at (104,1456) size 3x13
                    text run at (104,1456) width 3: " "
                  RenderBR {BR} at (107,1466) size 0x0
                  RenderInline {A} at (0,0) size 95x13 [color=#0000EE]
                    RenderText {#text} at (0,1469) size 95x13
                      text run at (0,1469) width 95: "SIGNAL SQLSTATE"
                  RenderText {#text} at (95,1469) size 3x13
                    text run at (95,1469) width 3: " "
                  RenderBR {BR} at (98,1479) size 0x0
                  RenderInline {A} at (0,0) size 41x13 [color=#0000EE]
                    RenderText {#text} at (0,1482) size 41x13
                      text run at (0,1482) width 41: "UPDATE"
                  RenderText {#text} at (41,1482) size 3x13
                    text run at (41,1482) width 3: " "
                  RenderBR {BR} at (44,1492) size 0x0
                  RenderInline {A} at (0,0) size 41x13 [color=#0000EE]
                    RenderText {#text} at (0,1495) size 41x13
                      text run at (0,1495) width 41: "VALUES"
                  RenderText {#text} at (41,1495) size 3x13
                    text run at (41,1495) width 3: " "
                  RenderBR {BR} at (44,1505) size 0x0
                  RenderInline {A} at (0,0) size 68x13 [color=#0000EE]
                    RenderText {#text} at (0,1508) size 68x13
                      text run at (0,1508) width 68: "VALUES INTO"
                  RenderText {#text} at (68,1508) size 3x13
                    text run at (68,1508) width 3: " "
                  RenderBR {BR} at (71,1518) size 0x0
                  RenderInline {A} at (0,0) size 58x13 [color=#0000EE]
                    RenderText {#text} at (0,1521) size 58x13
                      text run at (0,1521) width 58: "WHENEVER"
                  RenderText {#text} at (0,0) size 0x0
                RenderBlock {P} at (0,6386) size 570x260
                  RenderInline {B} at (0,0) size 81x13
                    RenderInline {A} at (0,0) size 81x13 [color=#0000EE]
                      RenderText {#text} at (0,0) size 81x13
                        text run at (0,0) width 81: "SQL Procedures"
                  RenderBR {BR} at (81,10) size 0x0
                  RenderBR {BR} at (0,13) size 0x13
                  RenderInline {A} at (0,0) size 123x13 [color=#0000EE]
                    RenderText {#text} at (0,26) size 123x13
                      text run at (0,26) width 123: "SQL Procedure Statement"
                  RenderText {#text} at (123,26) size 3x13
                    text run at (123,26) width 3: " "
                  RenderBR {BR} at (126,36) size 0x0
                  RenderInline {A} at (0,0) size 151x13 [color=#0000EE]
                    RenderText {#text} at (0,39) size 151x13
                      text run at (0,39) width 151: "ALLOCATE CURSOR Statement"
                  RenderText {#text} at (151,39) size 3x13
                    text run at (151,39) width 3: " "
                  RenderBR {BR} at (154,49) size 0x0
                  RenderInline {A} at (0,0) size 105x13 [color=#0000EE]
                    RenderText {#text} at (0,52) size 105x13
                      text run at (0,52) width 105: "Assignment Statement"
                  RenderText {#text} at (105,52) size 3x13
                    text run at (105,52) width 3: " "
                  RenderBR {BR} at (108,62) size 0x0
                  RenderInline {A} at (0,0) size 169x13 [color=#0000EE]
                    RenderText {#text} at (0,65) size 169x13
                      text run at (0,65) width 169: "ASSOCIATE LOCATORS Statement"
                  RenderText {#text} at (169,65) size 3x13
                    text run at (169,65) width 3: " "
                  RenderBR {BR} at (172,75) size 0x0
                  RenderInline {A} at (0,0) size 79x13 [color=#0000EE]
                    RenderText {#text} at (0,78) size 79x13
                      text run at (0,78) width 79: "CASE Statement"
                  RenderText {#text} at (79,78) size 3x13
                    text run at (79,78) width 3: " "
                  RenderBR {BR} at (82,88) size 0x0
                  RenderInline {A} at (0,0) size 102x13 [color=#0000EE]
                    RenderText {#text} at (0,91) size 102x13
                      text run at (0,91) width 102: "Compound Statement"
                  RenderText {#text} at (102,91) size 3x13
                    text run at (102,91) width 3: " "
                  RenderBR {BR} at (105,101) size 0x0
                  RenderInline {A} at (0,0) size 72x13 [color=#0000EE]
                    RenderText {#text} at (0,104) size 72x13
                      text run at (0,104) width 72: "FOR Statement"
                  RenderText {#text} at (72,104) size 3x13
                    text run at (72,104) width 3: " "
                  RenderBR {BR} at (75,114) size 0x0
                  RenderInline {A} at (0,0) size 145x13 [color=#0000EE]
                    RenderText {#text} at (0,117) size 145x13
                      text run at (0,117) width 145: "GET DIAGNOSTICS Statement"
                  RenderText {#text} at (145,117) size 3x13
                    text run at (145,117) width 3: " "
                  RenderBR {BR} at (148,127) size 0x0
                  RenderInline {A} at (0,0) size 81x13 [color=#0000EE]
                    RenderText {#text} at (0,130) size 81x13
                      text run at (0,130) width 81: "GOTO Statement"
                  RenderText {#text} at (81,130) size 3x13
                    text run at (81,130) width 3: " "
                  RenderBR {BR} at (84,140) size 0x0
                  RenderInline {A} at (0,0) size 60x13 [color=#0000EE]
                    RenderText {#text} at (0,143) size 60x13
                      text run at (0,143) width 60: "IF Statement"
                  RenderText {#text} at (60,143) size 3x13
                    text run at (60,143) width 3: " "
                  RenderBR {BR} at (63,153) size 0x0
                  RenderInline {A} at (0,0) size 94x13 [color=#0000EE]
                    RenderText {#text} at (0,156) size 94x13
                      text run at (0,156) width 94: "ITERATE Statement"
                  RenderText {#text} at (94,156) size 3x13
                    text run at (94,156) width 3: " "
                  RenderBR {BR} at (97,166) size 0x0
                  RenderInline {A} at (0,0) size 85x13 [color=#0000EE]
                    RenderText {#text} at (0,169) size 85x13
                      text run at (0,169) width 85: "LEAVE Statement"
                  RenderText {#text} at (85,169) size 3x13
                    text run at (85,169) width 3: " "
                  RenderBR {BR} at (88,179) size 0x0
                  RenderInline {A} at (0,0) size 80x13 [color=#0000EE]
                    RenderText {#text} at (0,182) size 80x13
                      text run at (0,182) width 80: "LOOP Statement"
                  RenderText {#text} at (80,182) size 3x13
                    text run at (80,182) width 3: " "
                  RenderBR {BR} at (83,192) size 0x0
                  RenderInline {A} at (0,0) size 92x13 [color=#0000EE]
                    RenderText {#text} at (0,195) size 92x13
                      text run at (0,195) width 92: "REPEAT Statement"
                  RenderText {#text} at (92,195) size 3x13
                    text run at (92,195) width 3: " "
                  RenderBR {BR} at (95,205) size 0x0
                  RenderInline {A} at (0,0) size 103x13 [color=#0000EE]
                    RenderText {#text} at (0,208) size 103x13
                      text run at (0,208) width 103: "RESIGNAL Statement"
                  RenderText {#text} at (103,208) size 3x13
                    text run at (103,208) width 3: " "
                  RenderBR {BR} at (106,218) size 0x0
                  RenderInline {A} at (0,0) size 92x13 [color=#0000EE]
                    RenderText {#text} at (0,221) size 92x13
                      text run at (0,221) width 92: "RETURN Statement"
                  RenderText {#text} at (92,221) size 3x13
                    text run at (92,221) width 3: " "
                  RenderBR {BR} at (95,231) size 0x0
                  RenderInline {A} at (0,0) size 89x13 [color=#0000EE]
                    RenderText {#text} at (0,234) size 89x13
                      text run at (0,234) width 89: "SIGNAL Statement"
                  RenderText {#text} at (89,234) size 3x13
                    text run at (89,234) width 3: " "
                  RenderBR {BR} at (92,244) size 0x0
                  RenderInline {A} at (0,0) size 83x13 [color=#0000EE]
                    RenderText {#text} at (0,247) size 83x13
                      text run at (0,247) width 83: "WHILE Statement"
                  RenderText {#text} at (0,0) size 0x0
                RenderBlock {P} at (0,6656) size 570x13
                  RenderInline {B} at (0,0) size 116x13
                    RenderInline {A} at (0,0) size 116x13 [color=#0000EE]
                      RenderText {#text} at (0,0) size 116x13
                        text run at (0,0) width 116: "Appendix A. SQL Limits"
                  RenderBR {BR} at (116,10) size 0x0
                RenderBlock {P} at (0,6679) size 570x78
                  RenderInline {B} at (0,0) size 212x13
                    RenderInline {A} at (0,0) size 212x13 [color=#0000EE]
                      RenderText {#text} at (0,0) size 212x13
                        text run at (0,0) width 212: "Appendix B. SQL Communications (SQLCA)"
                  RenderBR {BR} at (212,10) size 0x0
                  RenderBR {BR} at (0,13) size 0x13
                  RenderInline {A} at (0,0) size 150x13 [color=#0000EE]
                    RenderText {#text} at (0,26) size 150x13
                      text run at (0,26) width 150: "Viewing the SQLCA Interactively"
                  RenderText {#text} at (150,26) size 3x13
                    text run at (150,26) width 3: " "
                  RenderBR {BR} at (153,36) size 0x0
                  RenderInline {A} at (0,0) size 119x13 [color=#0000EE]
                    RenderText {#text} at (0,39) size 119x13
                      text run at (0,39) width 119: "SQLCA Field Descriptions"
                  RenderText {#text} at (119,39) size 3x13
                    text run at (119,39) width 3: " "
                  RenderBR {BR} at (122,49) size 0x0
                  RenderInline {A} at (0,0) size 111x13 [color=#0000EE]
                    RenderText {#text} at (0,52) size 111x13
                      text run at (0,52) width 111: "Order of Error Reporting"
                  RenderText {#text} at (111,52) size 3x13
                    text run at (111,52) width 3: " "
                  RenderBR {BR} at (114,62) size 0x0
                  RenderInline {A} at (0,0) size 260x13 [color=#0000EE]
                    RenderText {#text} at (0,65) size 260x13
                      text run at (0,65) width 260: "DB2 Enterprise - Extended Edition Usage of the SQLCA"
                  RenderText {#text} at (0,0) size 0x0
                RenderBlock {P} at (0,6767) size 570x143
                  RenderInline {B} at (0,0) size 207x13
                    RenderInline {A} at (0,0) size 207x13 [color=#0000EE]
                      RenderText {#text} at (0,0) size 207x13
                        text run at (0,0) width 207: "Appendix C. SQL Descriptor Area (SQLDA)"
                  RenderBR {BR} at (207,10) size 0x0
                  RenderBR {BR} at (0,13) size 0x13
                  RenderInline {A} at (0,0) size 81x13 [color=#0000EE]
                    RenderText {#text} at (0,26) size 81x13
                      text run at (0,26) width 81: "Field Descriptions"
                  RenderText {#text} at (81,26) size 3x13
                    text run at (81,26) width 3: " "
                  RenderBR {BR} at (84,36) size 0x0
                  RenderInline {A} at (0,0) size 131x13 [color=#0000EE]
                    RenderText {#text} at (0,39) size 131x13
                      text run at (0,39) width 131: "Fields in the SQLDA Header"
                  RenderText {#text} at (131,39) size 3x13
                    text run at (131,39) width 3: " "
                  RenderBR {BR} at (134,49) size 0x0
                  RenderInline {A} at (0,0) size 202x13 [color=#0000EE]
                    RenderText {#text} at (0,52) size 202x13
                      text run at (0,52) width 202: "Fields in an Occurrence of a Base SQLVAR"
                  RenderText {#text} at (202,52) size 3x13
                    text run at (202,52) width 3: " "
                  RenderBR {BR} at (205,62) size 0x0
                  RenderInline {A} at (0,0) size 228x13 [color=#0000EE]
                    RenderText {#text} at (0,65) size 228x13
                      text run at (0,65) width 228: "Fields in an Occurrence of a Secondary SQLVAR"
                  RenderText {#text} at (228,65) size 3x13
                    text run at (228,65) width 3: " "
                  RenderBR {BR} at (231,75) size 0x0
                  RenderInline {A} at (0,0) size 165x13 [color=#0000EE]
                    RenderText {#text} at (0,78) size 165x13
                      text run at (0,78) width 165: "Effect of DESCRIBE on the SQLDA"
                  RenderText {#text} at (165,78) size 3x13
                    text run at (165,78) width 3: " "
                  RenderBR {BR} at (168,88) size 0x0
                  RenderInline {A} at (0,0) size 113x13 [color=#0000EE]
                    RenderText {#text} at (0,91) size 113x13
                      text run at (0,91) width 113: "SQLTYPE and SQLLEN"
                  RenderText {#text} at (113,91) size 3x13
                    text run at (113,91) width 3: " "
                  RenderBR {BR} at (116,101) size 0x0
                  RenderInline {A} at (0,0) size 206x13 [color=#0000EE]
                    RenderText {#text} at (0,104) size 206x13
                      text run at (0,104) width 206: "Unrecognized and Unsupported SQLTYPES"
                  RenderText {#text} at (206,104) size 3x13
                    text run at (206,104) width 3: " "
                  RenderBR {BR} at (209,114) size 0x0
                  RenderInline {A} at (0,0) size 118x13 [color=#0000EE]
                    RenderText {#text} at (0,117) size 118x13
                      text run at (0,117) width 118: "Packed Decimal Numbers"
                  RenderText {#text} at (118,117) size 3x13
                    text run at (118,117) width 3: " "
                  RenderBR {BR} at (121,127) size 0x0
                  RenderInline {A} at (0,0) size 120x13 [color=#0000EE]
                    RenderText {#text} at (0,130) size 120x13
                      text run at (0,130) width 120: "SQLLEN Field for Decimal"
                  RenderText {#text} at (0,0) size 0x0
                RenderBlock {P} at (0,6920) size 570x949
                  RenderInline {B} at (0,0) size 132x13
                    RenderInline {A} at (0,0) size 132x13 [color=#0000EE]
                      RenderText {#text} at (0,0) size 132x13
                        text run at (0,0) width 132: "Appendix D. Catalog Views"
                  RenderBR {BR} at (132,10) size 0x0
                  RenderBR {BR} at (0,13) size 0x13
                  RenderInline {A} at (0,0) size 117x13 [color=#0000EE]
                    RenderText {#text} at (0,26) size 117x13
                      text run at (0,26) width 117: "Updatable Catalog Views"
                  RenderText {#text} at (117,26) size 3x13
                    text run at (117,26) width 3: " "
                  RenderBR {BR} at (120,36) size 0x0
                  RenderInline {A} at (0,0) size 130x13 [color=#0000EE]
                    RenderText {#text} at (0,39) size 130x13
                      text run at (0,39) width 130: "'Roadmap' to Catalog Views"
                  RenderText {#text} at (130,39) size 3x13
                    text run at (130,39) width 3: " "
                  RenderBR {BR} at (133,49) size 0x0
                  RenderInline {A} at (0,0) size 181x13 [color=#0000EE]
                    RenderText {#text} at (0,52) size 181x13
                      text run at (0,52) width 181: "'Roadmap' to Updatable Catalog Views"
                  RenderText {#text} at (181,52) size 3x13
                    text run at (181,52) width 3: " "
                  RenderBR {BR} at (184,62) size 0x0
                  RenderInline {A} at (0,0) size 106x13 [color=#0000EE]
                    RenderText {#text} at (0,65) size 106x13
                      text run at (0,65) width 106: "SYSIBM.SYSDUMMY1"
                  RenderText {#text} at (106,65) size 3x13
                    text run at (106,65) width 3: " "
                  RenderBR {BR} at (109,75) size 0x0
                  RenderInline {A} at (0,0) size 107x13 [color=#0000EE]
                    RenderText {#text} at (0,78) size 107x13
                      text run at (0,78) width 107: "SYSCAT.ATTRIBUTES"
                  RenderText {#text} at (107,78) size 3x13
                    text run at (107,78) width 3: " "
                  RenderBR {BR} at (110,88) size 0x0
                  RenderInline {A} at (0,0) size 149x13 [color=#0000EE]
                    RenderText {#text} at (0,91) size 149x13
                      text run at (0,91) width 149: "SYSCAT.BUFFERPOOLNODES"
                  RenderText {#text} at (149,91) size 3x13
                    text run at (149,91) width 3: " "
                  RenderBR {BR} at (152,101) size 0x0
                  RenderInline {A} at (0,0) size 120x13 [color=#0000EE]
                    RenderText {#text} at (0,104) size 120x13
                      text run at (0,104) width 120: "SYSCAT.BUFFERPOOLS"
                  RenderText {#text} at (120,104) size 3x13
                    text run at (120,104) width 3: " "
                  RenderBR {BR} at (123,114) size 0x0
                  RenderInline {A} at (0,0) size 129x13 [color=#0000EE]
                    RenderText {#text} at (0,117) size 129x13
                      text run at (0,117) width 129: "SYSCAT.CASTFUNCTIONS"
                  RenderText {#text} at (129,117) size 3x13
                    text run at (129,117) width 3: " "
                  RenderBR {BR} at (132,127) size 0x0
                  RenderInline {A} at (0,0) size 86x13 [color=#0000EE]
                    RenderText {#text} at (0,130) size 86x13
                      text run at (0,130) width 86: "SYSCAT.CHECKS"
                  RenderText {#text} at (86,130) size 3x13
                    text run at (86,130) width 3: " "
                  RenderBR {BR} at (89,140) size 0x0
                  RenderInline {A} at (0,0) size 92x13 [color=#0000EE]
                    RenderText {#text} at (0,143) size 92x13
                      text run at (0,143) width 92: "SYSCAT.COLAUTH"
                  RenderText {#text} at (92,143) size 3x13
                    text run at (92,143) width 3: " "
                  RenderBR {BR} at (95,153) size 0x0
                  RenderInline {A} at (0,0) size 107x13 [color=#0000EE]
                    RenderText {#text} at (0,156) size 107x13
                      text run at (0,156) width 107: "SYSCAT.COLCHECKS"
                  RenderText {#text} at (107,156) size 3x13
                    text run at (107,156) width 3: " "
                  RenderBR {BR} at (110,166) size 0x0
                  RenderInline {A} at (0,0) size 88x13 [color=#0000EE]
                    RenderText {#text} at (0,169) size 88x13
                      text run at (0,169) width 88: "SYSCAT.COLDIST"
                  RenderText {#text} at (88,169) size 3x13
                    text run at (88,169) width 3: " "
                  RenderBR {BR} at (91,179) size 0x0
                  RenderInline {A} at (0,0) size 111x13 [color=#0000EE]
                    RenderText {#text} at (0,182) size 111x13
                      text run at (0,182) width 111: "SYSCAT.COLOPTIONS"
                  RenderText {#text} at (111,182) size 3x13
                    text run at (111,182) width 3: " "
                  RenderBR {BR} at (114,192) size 0x0
                  RenderInline {A} at (0,0) size 94x13 [color=#0000EE]
                    RenderText {#text} at (0,195) size 94x13
                      text run at (0,195) width 94: "SYSCAT.COLUMNS"
                  RenderText {#text} at (94,195) size 3x13
                    text run at (94,195) width 3: " "
                  RenderBR {BR} at (97,205) size 0x0
                  RenderInline {A} at (0,0) size 100x13 [color=#0000EE]
                    RenderText {#text} at (0,208) size 100x13
                      text run at (0,208) width 100: "SYSCAT.CONSTDEP"
                  RenderText {#text} at (100,208) size 3x13
                    text run at (100,208) width 3: " "
                  RenderBR {BR} at (103,218) size 0x0
                  RenderInline {A} at (0,0) size 105x13 [color=#0000EE]
                    RenderText {#text} at (0,221) size 105x13
                      text run at (0,221) width 105: "SYSCAT.DATATYPES"
                  RenderText {#text} at (105,221) size 3x13
                    text run at (105,221) width 3: " "
                  RenderBR {BR} at (108,231) size 0x0
                  RenderInline {A} at (0,0) size 85x13 [color=#0000EE]
                    RenderText {#text} at (0,234) size 85x13
                      text run at (0,234) width 85: "SYSCAT.DBAUTH"
                  RenderText {#text} at (85,234) size 3x13
                    text run at (85,234) width 3: " "
                  RenderBR {BR} at (88,244) size 0x0
                  RenderInline {A} at (0,0) size 132x13 [color=#0000EE]
                    RenderText {#text} at (0,247) size 132x13
                      text run at (0,247) width 132: "SYSCAT.EVENTMONITORS"
                  RenderText {#text} at (132,247) size 3x13
                    text run at (132,247) width 3: " "
                  RenderBR {BR} at (135,257) size 0x0
                  RenderInline {A} at (0,0) size 85x13 [color=#0000EE]
                    RenderText {#text} at (0,260) size 85x13
                      text run at (0,260) width 85: "SYSCAT.EVENTS"
                  RenderText {#text} at (85,260) size 3x13
                    text run at (85,260) width 3: " "
                  RenderBR {BR} at (88,270) size 0x0
                  RenderInline {A} at (0,0) size 138x13 [color=#0000EE]
                    RenderText {#text} at (0,273) size 138x13
                      text run at (0,273) width 138: "SYSCAT.FULLHIERARCHIES"
                  RenderText {#text} at (138,273) size 3x13
                    text run at (138,273) width 3: " "
                  RenderBR {BR} at (141,283) size 0x0
                  RenderInline {A} at (0,0) size 92x13 [color=#0000EE]
                    RenderText {#text} at (0,286) size 92x13
                      text run at (0,286) width 92: "SYSCAT.FUNCDEP"
                  RenderText {#text} at (92,286) size 3x13
                    text run at (92,286) width 3: " "
                  RenderBR {BR} at (95,296) size 0x0
                  RenderInline {A} at (0,0) size 139x13 [color=#0000EE]
                    RenderText {#text} at (0,299) size 139x13
                      text run at (0,299) width 139: "SYSCAT.FUNCMAPOPTIONS"
                  RenderText {#text} at (139,299) size 3x13
                    text run at (139,299) width 3: " "
                  RenderBR {BR} at (142,309) size 0x0
                  RenderInline {A} at (0,0) size 168x13 [color=#0000EE]
                    RenderText {#text} at (0,312) size 168x13
                      text run at (0,312) width 168: "SYSCAT.FUNCMAPPARMOPTIONS"
                  RenderText {#text} at (168,312) size 3x13
                    text run at (168,312) width 3: " "
                  RenderBR {BR} at (171,322) size 0x0
                  RenderInline {A} at (0,0) size 125x13 [color=#0000EE]
                    RenderText {#text} at (0,325) size 125x13
                      text run at (0,325) width 125: "SYSCAT.FUNCMAPPINGS"
                  RenderText {#text} at (125,325) size 3x13
                    text run at (125,325) width 3: " "
                  RenderBR {BR} at (128,335) size 0x0
                  RenderInline {A} at (0,0) size 107x13 [color=#0000EE]
                    RenderText {#text} at (0,338) size 107x13
                      text run at (0,338) width 107: "SYSCAT.FUNCPARMS"
                  RenderText {#text} at (107,338) size 3x13
                    text run at (107,338) width 3: " "
                  RenderBR {BR} at (110,348) size 0x0
                  RenderInline {A} at (0,0) size 102x13 [color=#0000EE]
                    RenderText {#text} at (0,351) size 102x13
                      text run at (0,351) width 102: "SYSCAT.FUNCTIONS"
                  RenderText {#text} at (102,351) size 3x13
                    text run at (102,351) width 3: " "
                  RenderBR {BR} at (105,361) size 0x0
                  RenderInline {A} at (0,0) size 113x13 [color=#0000EE]
                    RenderText {#text} at (0,364) size 113x13
                      text run at (0,364) width 113: "SYSCAT.HIERARCHIES"
                  RenderText {#text} at (113,364) size 3x13
                    text run at (113,364) width 3: " "
                  RenderBR {BR} at (116,374) size 0x0
                  RenderInline {A} at (0,0) size 102x13 [color=#0000EE]
                    RenderText {#text} at (0,377) size 102x13
                      text run at (0,377) width 102: "SYSCAT.INDEXAUTH"
                  RenderText {#text} at (102,377) size 3x13
                    text run at (102,377) width 3: " "
                  RenderBR {BR} at (105,387) size 0x0
                  RenderInline {A} at (0,0) size 117x13 [color=#0000EE]
                    RenderText {#text} at (0,390) size 117x13
                      text run at (0,390) width 117: "SYSCAT.INDEXCOLUSE"
                  RenderText {#text} at (117,390) size 3x13
                    text run at (117,390) width 3: " "
                  RenderBR {BR} at (120,400) size 0x0
                  RenderInline {A} at (0,0) size 96x13 [color=#0000EE]
                    RenderText {#text} at (0,403) size 96x13
                      text run at (0,403) width 96: "SYSCAT.INDEXDEP"
                  RenderText {#text} at (96,403) size 3x13
                    text run at (96,403) width 3: " "
                  RenderBR {BR} at (99,413) size 0x0
                  RenderInline {A} at (0,0) size 89x13 [color=#0000EE]
                    RenderText {#text} at (0,416) size 89x13
                      text run at (0,416) width 89: "SYSCAT.INDEXES"
                  RenderText {#text} at (89,416) size 3x13
                    text run at (89,416) width 3: " "
                  RenderBR {BR} at (92,426) size 0x0
                  RenderInline {A} at (0,0) size 121x13 [color=#0000EE]
                    RenderText {#text} at (0,429) size 121x13
                      text run at (0,429) width 121: "SYSCAT.INDEXOPTIONS"
                  RenderText {#text} at (121,429) size 3x13
                    text run at (121,429) width 3: " "
                  RenderBR {BR} at (124,439) size 0x0
                  RenderInline {A} at (0,0) size 107x13 [color=#0000EE]
                    RenderText {#text} at (0,442) size 107x13
                      text run at (0,442) width 107: "SYSCAT.KEYCOLUSE"
                  RenderText {#text} at (107,442) size 3x13
                    text run at (107,442) width 3: " "
                  RenderBR {BR} at (110,452) size 0x0
                  RenderInline {A} at (0,0) size 127x13 [color=#0000EE]
                    RenderText {#text} at (0,455) size 127x13
                      text run at (0,455) width 127: "SYSCAT.NAMEMAPPINGS"
                  RenderText {#text} at (127,455) size 3x13
                    text run at (127,455) width 3: " "
                  RenderBR {BR} at (130,465) size 0x0
                  RenderInline {A} at (0,0) size 130x13 [color=#0000EE]
                    RenderText {#text} at (0,468) size 130x13
                      text run at (0,468) width 130: "SYSCAT.NODEGROUPDEF"
                  RenderText {#text} at (130,468) size 3x13
                    text run at (130,468) width 3: " "
                  RenderBR {BR} at (133,478) size 0x0
                  RenderInline {A} at (0,0) size 117x13 [color=#0000EE]
                    RenderText {#text} at (0,481) size 117x13
                      text run at (0,481) width 117: "SYSCAT.NODEGROUPS"
                  RenderText {#text} at (117,481) size 3x13
                    text run at (117,481) width 3: " "
                  RenderBR {BR} at (120,491) size 0x0
                  RenderInline {A} at (0,0) size 121x13 [color=#0000EE]
                    RenderText {#text} at (0,494) size 121x13
                      text run at (0,494) width 121: "SYSCAT.PACKAGEAUTH"
                  RenderText {#text} at (121,494) size 3x13
                    text run at (121,494) width 3: " "
                  RenderBR {BR} at (124,504) size 0x0
                  RenderInline {A} at (0,0) size 115x13 [color=#0000EE]
                    RenderText {#text} at (0,507) size 115x13
                      text run at (0,507) width 115: "SYSCAT.PACKAGEDEP"
                  RenderText {#text} at (115,507) size 3x13
                    text run at (115,507) width 3: " "
                  RenderBR {BR} at (118,517) size 0x0
                  RenderInline {A} at (0,0) size 101x13 [color=#0000EE]
                    RenderText {#text} at (0,520) size 101x13
                      text run at (0,520) width 101: "SYSCAT.PACKAGES"
                  RenderText {#text} at (101,520) size 3x13
                    text run at (101,520) width 3: " "
                  RenderBR {BR} at (104,530) size 0x0
                  RenderInline {A} at (0,0) size 127x13 [color=#0000EE]
                    RenderText {#text} at (0,533) size 127x13
                      text run at (0,533) width 127: "SYSCAT.PARTITIONMAPS"
                  RenderText {#text} at (127,533) size 3x13
                    text run at (127,533) width 3: " "
                  RenderBR {BR} at (130,543) size 0x0
                  RenderInline {A} at (0,0) size 126x13 [color=#0000EE]
                    RenderText {#text} at (0,546) size 126x13
                      text run at (0,546) width 126: "SYSCAT.PASSTHRUAUTH"
                  RenderText {#text} at (126,546) size 3x13
                    text run at (126,546) width 3: " "
                  RenderBR {BR} at (129,556) size 0x0
                  RenderInline {A} at (0,0) size 115x13 [color=#0000EE]
                    RenderText {#text} at (0,559) size 115x13
                      text run at (0,559) width 115: "SYSCAT.PROCEDURES"
                  RenderText {#text} at (115,559) size 3x13
                    text run at (115,559) width 3: " "
                  RenderBR {BR} at (118,569) size 0x0
                  RenderInline {A} at (0,0) size 119x13 [color=#0000EE]
                    RenderText {#text} at (0,572) size 119x13
                      text run at (0,572) width 119: "SYSCAT.PROCOPTIONS"
                  RenderText {#text} at (119,572) size 3x13
                    text run at (119,572) width 3: " "
                  RenderBR {BR} at (122,582) size 0x0
                  RenderInline {A} at (0,0) size 148x13 [color=#0000EE]
                    RenderText {#text} at (0,585) size 148x13
                      text run at (0,585) width 148: "SYSCAT.PROCPARMOPTIONS"
                  RenderText {#text} at (148,585) size 3x13
                    text run at (148,585) width 3: " "
                  RenderBR {BR} at (151,595) size 0x0
                  RenderInline {A} at (0,0) size 109x13 [color=#0000EE]
                    RenderText {#text} at (0,598) size 109x13
                      text run at (0,598) width 109: "SYSCAT.PROCPARMS"
                  RenderText {#text} at (109,598) size 3x13
                    text run at (109,598) width 3: " "
                  RenderBR {BR} at (112,608) size 0x0
                  RenderInline {A} at (0,0) size 113x13 [color=#0000EE]
                    RenderText {#text} at (0,611) size 113x13
                      text run at (0,611) width 113: "SYSCAT.REFERENCES"
                  RenderText {#text} at (113,611) size 3x13
                    text run at (113,611) width 3: " "
                  RenderBR {BR} at (116,621) size 0x0
                  RenderInline {A} at (0,0) size 146x13 [color=#0000EE]
                    RenderText {#text} at (0,624) size 146x13
                      text run at (0,624) width 146: "SYSCAT.REVTYPEMAPPINGS"
                  RenderText {#text} at (146,624) size 3x13
                    text run at (146,624) width 3: " "
                  RenderBR {BR} at (149,634) size 0x0
                  RenderInline {A} at (0,0) size 114x13 [color=#0000EE]
                    RenderText {#text} at (0,637) size 114x13
                      text run at (0,637) width 114: "SYSCAT.SCHEMAAUTH"
                  RenderText {#text} at (114,637) size 3x13
                    text run at (114,637) width 3: " "
                  RenderBR {BR} at (117,647) size 0x0
                  RenderInline {A} at (0,0) size 100x13 [color=#0000EE]
                    RenderText {#text} at (0,650) size 100x13
                      text run at (0,650) width 100: "SYSCAT.SCHEMATA"
                  RenderText {#text} at (100,650) size 3x13
                    text run at (100,650) width 3: " "
                  RenderBR {BR} at (103,660) size 0x0
                  RenderInline {A} at (0,0) size 132x13 [color=#0000EE]
                    RenderText {#text} at (0,663) size 132x13
                      text run at (0,663) width 132: "SYSCAT.SERVEROPTIONS"
                  RenderText {#text} at (132,663) size 3x13
                    text run at (132,663) width 3: " "
                  RenderBR {BR} at (135,673) size 0x0
                  RenderInline {A} at (0,0) size 93x13 [color=#0000EE]
                    RenderText {#text} at (0,676) size 93x13
                      text run at (0,676) width 93: "SYSCAT.SERVERS"
                  RenderText {#text} at (93,676) size 3x13
                    text run at (93,676) width 3: " "
                  RenderBR {BR} at (96,686) size 0x0
                  RenderInline {A} at (0,0) size 112x13 [color=#0000EE]
                    RenderText {#text} at (0,689) size 112x13
                      text run at (0,689) width 112: "SYSCAT.STATEMENTS"
                  RenderText {#text} at (112,689) size 3x13
                    text run at (112,689) width 3: " "
                  RenderBR {BR} at (115,699) size 0x0
                  RenderInline {A} at (0,0) size 91x13 [color=#0000EE]
                    RenderText {#text} at (0,702) size 91x13
                      text run at (0,702) width 91: "SYSCAT.TABAUTH"
                  RenderText {#text} at (91,702) size 3x13
                    text run at (91,702) width 3: " "
                  RenderBR {BR} at (94,712) size 0x0
                  RenderInline {A} at (0,0) size 99x13 [color=#0000EE]
                    RenderText {#text} at (0,715) size 99x13
                      text run at (0,715) width 99: "SYSCAT.TABCONST"
                  RenderText {#text} at (99,715) size 3x13
                    text run at (99,715) width 3: " "
                  RenderBR {BR} at (102,725) size 0x0
                  RenderInline {A} at (0,0) size 84x13 [color=#0000EE]
                    RenderText {#text} at (0,728) size 84x13
                      text run at (0,728) width 84: "SYSCAT.TABLES"
                  RenderText {#text} at (84,728) size 3x13
                    text run at (84,728) width 3: " "
                  RenderBR {BR} at (87,738) size 0x0
                  RenderInline {A} at (0,0) size 119x13 [color=#0000EE]
                    RenderText {#text} at (0,741) size 119x13
                      text run at (0,741) width 119: "SYSCAT.TABLESPACES"
                  RenderText {#text} at (119,741) size 3x13
                    text run at (119,741) width 3: " "
                  RenderBR {BR} at (122,751) size 0x0
                  RenderInline {A} at (0,0) size 110x13 [color=#0000EE]
                    RenderText {#text} at (0,754) size 110x13
                      text run at (0,754) width 110: "SYSCAT.TABOPTIONS"
                  RenderText {#text} at (110,754) size 3x13
                    text run at (110,754) width 3: " "
                  RenderBR {BR} at (113,764) size 0x0
                  RenderInline {A} at (0,0) size 119x13 [color=#0000EE]
                    RenderText {#text} at (0,767) size 119x13
                      text run at (0,767) width 119: "SYSCAT.TBSPACEAUTH"
                  RenderText {#text} at (119,767) size 3x13
                    text run at (119,767) width 3: " "
                  RenderBR {BR} at (122,777) size 0x0
                  RenderInline {A} at (0,0) size 89x13 [color=#0000EE]
                    RenderText {#text} at (0,780) size 89x13
                      text run at (0,780) width 89: "SYSCAT.TRIGDEP"
                  RenderText {#text} at (89,780) size 3x13
                    text run at (89,780) width 3: " "
                  RenderBR {BR} at (92,790) size 0x0
                  RenderInline {A} at (0,0) size 97x13 [color=#0000EE]
                    RenderText {#text} at (0,793) size 97x13
                      text run at (0,793) width 97: "SYSCAT.TRIGGERS"
                  RenderText {#text} at (97,793) size 3x13
                    text run at (97,793) width 3: " "
                  RenderBR {BR} at (100,803) size 0x0
                  RenderInline {A} at (0,0) size 125x13 [color=#0000EE]
                    RenderText {#text} at (0,806) size 125x13
                      text run at (0,806) width 125: "SYSCAT.TYPEMAPPINGS"
                  RenderText {#text} at (125,806) size 3x13
                    text run at (125,806) width 3: " "
                  RenderBR {BR} at (128,816) size 0x0
                  RenderInline {A} at (0,0) size 118x13 [color=#0000EE]
                    RenderText {#text} at (0,819) size 118x13
                      text run at (0,819) width 118: "SYSCAT.USEROPTIONS"
                  RenderText {#text} at (118,819) size 3x13
                    text run at (118,819) width 3: " "
                  RenderBR {BR} at (121,829) size 0x0
                  RenderInline {A} at (0,0) size 91x13 [color=#0000EE]
                    RenderText {#text} at (0,832) size 91x13
                      text run at (0,832) width 91: "SYSCAT.VIEWDEP"
                  RenderText {#text} at (91,832) size 3x13
                    text run at (91,832) width 3: " "
                  RenderBR {BR} at (94,842) size 0x0
                  RenderInline {A} at (0,0) size 77x13 [color=#0000EE]
                    RenderText {#text} at (0,845) size 77x13
                      text run at (0,845) width 77: "SYSCAT.VIEWS"
                  RenderText {#text} at (77,845) size 3x13
                    text run at (77,845) width 3: " "
                  RenderBR {BR} at (80,855) size 0x0
                  RenderInline {A} at (0,0) size 120x13 [color=#0000EE]
                    RenderText {#text} at (0,858) size 120x13
                      text run at (0,858) width 120: "SYSCAT.WRAPOPTIONS"
                  RenderText {#text} at (120,858) size 3x13
                    text run at (120,858) width 3: " "
                  RenderBR {BR} at (123,868) size 0x0
                  RenderInline {A} at (0,0) size 102x13 [color=#0000EE]
                    RenderText {#text} at (0,871) size 102x13
                      text run at (0,871) width 102: "SYSCAT.WRAPPERS"
                  RenderText {#text} at (102,871) size 3x13
                    text run at (102,871) width 3: " "
                  RenderBR {BR} at (105,881) size 0x0
                  RenderInline {A} at (0,0) size 94x13 [color=#0000EE]
                    RenderText {#text} at (0,884) size 94x13
                      text run at (0,884) width 94: "SYSSTAT.COLDIST"
                  RenderText {#text} at (94,884) size 3x13
                    text run at (94,884) width 3: " "
                  RenderBR {BR} at (97,894) size 0x0
                  RenderInline {A} at (0,0) size 100x13 [color=#0000EE]
                    RenderText {#text} at (0,897) size 100x13
                      text run at (0,897) width 100: "SYSSTAT.COLUMNS"
                  RenderText {#text} at (100,897) size 3x13
                    text run at (100,897) width 3: " "
                  RenderBR {BR} at (103,907) size 0x0
                  RenderInline {A} at (0,0) size 108x13 [color=#0000EE]
                    RenderText {#text} at (0,910) size 108x13
                      text run at (0,910) width 108: "SYSSTAT.FUNCTIONS"
                  RenderText {#text} at (108,910) size 3x13
                    text run at (108,910) width 3: " "
                  RenderBR {BR} at (111,920) size 0x0
                  RenderInline {A} at (0,0) size 95x13 [color=#0000EE]
                    RenderText {#text} at (0,923) size 95x13
                      text run at (0,923) width 95: "SYSSTAT.INDEXES"
                  RenderText {#text} at (95,923) size 3x13
                    text run at (95,923) width 3: " "
                  RenderBR {BR} at (98,933) size 0x0
                  RenderInline {A} at (0,0) size 90x13 [color=#0000EE]
                    RenderText {#text} at (0,936) size 90x13
                      text run at (0,936) width 90: "SYSSTAT.TABLES"
                  RenderText {#text} at (0,0) size 0x0
                RenderBlock {P} at (0,7879) size 570x143
                  RenderInline {B} at (0,0) size 284x13
                    RenderInline {A} at (0,0) size 284x13 [color=#0000EE]
                      RenderText {#text} at (0,0) size 284x13
                        text run at (0,0) width 284: "Appendix E. Catalog Views For Use With Structured Types"
                  RenderBR {BR} at (284,10) size 0x0
                  RenderBR {BR} at (0,13) size 0x13
                  RenderInline {A} at (0,0) size 130x13 [color=#0000EE]
                    RenderText {#text} at (0,26) size 130x13
                      text run at (0,26) width 130: "'Roadmap' to Catalog Views"
                  RenderText {#text} at (130,26) size 3x13
                    text run at (130,26) width 3: " "
                  RenderBR {BR} at (133,36) size 0x0
                  RenderInline {A} at (0,0) size 88x13 [color=#0000EE]
                    RenderText {#text} at (0,39) size 88x13
                      text run at (0,39) width 88: "OBJCAT.INDEXES"
                  RenderText {#text} at (88,39) size 3x13
                    text run at (88,39) width 3: " "
                  RenderBR {BR} at (91,49) size 0x0
                  RenderInline {A} at (0,0) size 152x13 [color=#0000EE]
                    RenderText {#text} at (0,52) size 152x13
                      text run at (0,52) width 152: "OBJCAT.INDEXEXPLOITRULES"
                  RenderText {#text} at (152,52) size 3x13
                    text run at (152,52) width 3: " "
                  RenderBR {BR} at (155,62) size 0x0
                  RenderInline {A} at (0,0) size 154x13 [color=#0000EE]
                    RenderText {#text} at (0,65) size 154x13
                      text run at (0,65) width 154: "OBJCAT.INDEXEXTENSIONDEP"
                  RenderText {#text} at (154,65) size 3x13
                    text run at (154,65) width 3: " "
                  RenderBR {BR} at (157,75) size 0x0
                  RenderInline {A} at (0,0) size 183x13 [color=#0000EE]
                    RenderText {#text} at (0,78) size 183x13
                      text run at (0,78) width 183: "OBJCAT.INDEXEXTENSIONMETHODS"
                  RenderText {#text} at (183,78) size 3x13
                    text run at (183,78) width 3: " "
                  RenderBR {BR} at (186,88) size 0x0
                  RenderInline {A} at (0,0) size 169x13 [color=#0000EE]
                    RenderText {#text} at (0,91) size 169x13
                      text run at (0,91) width 169: "OBJCAT.INDEXEXTENSIONPARMS"
                  RenderText {#text} at (169,91) size 3x13
                    text run at (169,91) width 3: " "
                  RenderBR {BR} at (172,101) size 0x0
                  RenderInline {A} at (0,0) size 140x13 [color=#0000EE]
                    RenderText {#text} at (0,104) size 140x13
                      text run at (0,104) width 140: "OBJCAT.INDEXEXTENSIONS"
                  RenderText {#text} at (140,104) size 3x13
                    text run at (140,104) width 3: " "
                  RenderBR {BR} at (143,114) size 0x0
                  RenderInline {A} at (0,0) size 136x13 [color=#0000EE]
                    RenderText {#text} at (0,117) size 136x13
                      text run at (0,117) width 136: "OBJCAT.PREDICATESPECS"
                  RenderText {#text} at (136,117) size 3x13
                    text run at (136,117) width 3: " "
                  RenderBR {BR} at (139,127) size 0x0
                  RenderInline {A} at (0,0) size 113x13 [color=#0000EE]
                    RenderText {#text} at (0,130) size 113x13
                      text run at (0,130) width 113: "OBJCAT.TRANSFORMS"
                  RenderText {#text} at (0,0) size 0x0
                RenderBlock {P} at (0,8032) size 570x208
                  RenderInline {B} at (0,0) size 156x13
                    RenderInline {A} at (0,0) size 156x13 [color=#0000EE]
                      RenderText {#text} at (0,0) size 156x13
                        text run at (0,0) width 156: "Appendix F. Federated Systems"
                  RenderBR {BR} at (156,10) size 0x0
                  RenderBR {BR} at (0,13) size 0x13
                  RenderInline {A} at (0,0) size 61x13 [color=#0000EE]
                    RenderText {#text} at (0,26) size 61x13
                      text run at (0,26) width 61: "Server Types"
                  RenderText {#text} at (61,26) size 3x13
                    text run at (61,26) width 3: " "
                  RenderBR {BR} at (64,36) size 0x0
                  RenderInline {A} at (0,0) size 168x13 [color=#0000EE]
                    RenderText {#text} at (0,39) size 168x13
                      text run at (0,39) width 168: "SQL Options for Federated Systems"
                  RenderText {#text} at (168,39) size 3x13
                    text run at (168,39) width 3: " "
                  RenderBR {BR} at (171,49) size 0x0
                  RenderInline {A} at (0,0) size 74x13 [color=#0000EE]
                    RenderText {#text} at (0,52) size 74x13
                      text run at (0,52) width 74: "Column Options"
                  RenderText {#text} at (74,52) size 3x13
                    text run at (74,52) width 3: " "
                  RenderBR {BR} at (77,62) size 0x0
                  RenderInline {A} at (0,0) size 122x13 [color=#0000EE]
                    RenderText {#text} at (0,65) size 122x13
                      text run at (0,65) width 122: "Function Mapping Options"
                  RenderText {#text} at (122,65) size 3x13
                    text run at (122,65) width 3: " "
                  RenderBR {BR} at (125,75) size 0x0
                  RenderInline {A} at (0,0) size 69x13 [color=#0000EE]
                    RenderText {#text} at (0,78) size 69x13
                      text run at (0,78) width 69: "Server Options"
                  RenderText {#text} at (69,78) size 3x13
                    text run at (69,78) width 3: " "
                  RenderBR {BR} at (72,88) size 0x0
                  RenderInline {A} at (0,0) size 60x13 [color=#0000EE]
                    RenderText {#text} at (0,91) size 60x13
                      text run at (0,91) width 60: "User Options"
                  RenderText {#text} at (60,91) size 3x13
                    text run at (60,91) width 3: " "
                  RenderBR {BR} at (63,101) size 0x0
                  RenderInline {A} at (0,0) size 132x13 [color=#0000EE]
                    RenderText {#text} at (0,104) size 132x13
                      text run at (0,104) width 132: "Default Data Type Mappings"
                  RenderText {#text} at (132,104) size 3x13
                    text run at (132,104) width 3: " "
                  RenderBR {BR} at (135,114) size 0x0
                  RenderInline {A} at (0,0) size 544x13 [color=#0000EE]
                    RenderText {#text} at (0,117) size 544x13
                      text run at (0,117) width 544: "Default Type Mappings between DB2 and DB2 Universal Database for OS/390 (and DB2 for MVS/ESA) Data Sources"
                  RenderText {#text} at (544,117) size 3x13
                    text run at (544,117) width 3: " "
                  RenderBR {BR} at (547,127) size 0x0
                  RenderInline {A} at (0,0) size 519x13 [color=#0000EE]
                    RenderText {#text} at (0,130) size 519x13
                      text run at (0,130) width 519: "Default Type Mappings between DB2 and 2 Universal Database for AS/400 (and DB2 for OS/400) Data Sources"
                  RenderText {#text} at (519,130) size 3x13
                    text run at (519,130) width 3: " "
                  RenderBR {BR} at (522,140) size 0x0
                  RenderInline {A} at (0,0) size 293x13 [color=#0000EE]
                    RenderText {#text} at (0,143) size 293x13
                      text run at (0,143) width 293: "Default Type Mappings between DB2 and Oracle Data Sources"
                  RenderText {#text} at (293,143) size 3x13
                    text run at (293,143) width 3: " "
                  RenderBR {BR} at (296,153) size 0x0
                  RenderInline {A} at (0,0) size 429x13 [color=#0000EE]
                    RenderText {#text} at (0,156) size 429x13
                      text run at (0,156) width 429: "Default Type Mappings between DB2 and DB2 for VM and VSE (and SQL/DS) Data Sources"
                  RenderText {#text} at (429,156) size 3x13
                    text run at (429,156) width 3: " "
                  RenderBR {BR} at (432,166) size 0x0
                  RenderInline {A} at (0,0) size 153x13 [color=#0000EE]
                    RenderText {#text} at (0,169) size 153x13
                      text run at (0,169) width 153: "Pass-Through Facility Processing"
                  RenderText {#text} at (153,169) size 3x13
                    text run at (153,169) width 3: " "
                  RenderBR {BR} at (156,179) size 0x0
                  RenderInline {A} at (0,0) size 199x13 [color=#0000EE]
                    RenderText {#text} at (0,182) size 199x13
                      text run at (0,182) width 199: "SQL Processing in Pass-Through Sessions"
                  RenderText {#text} at (199,182) size 3x13
                    text run at (199,182) width 3: " "
                  RenderBR {BR} at (202,192) size 0x0
                  RenderInline {A} at (0,0) size 146x13 [color=#0000EE]
                    RenderText {#text} at (0,195) size 146x13
                      text run at (0,195) width 146: "Considerations and Restrictions"
                  RenderText {#text} at (0,0) size 0x0
                RenderBlock {P} at (0,8250) size 570x338
                  RenderInline {B} at (0,0) size 185x13
                    RenderInline {A} at (0,0) size 185x13 [color=#0000EE]
                      RenderText {#text} at (0,0) size 185x13
                        text run at (0,0) width 185: "Appendix G. Sample Database Tables"
                  RenderBR {BR} at (185,10) size 0x0
                  RenderBR {BR} at (0,13) size 0x13
                  RenderInline {A} at (0,0) size 104x13 [color=#0000EE]
                    RenderText {#text} at (0,26) size 104x13
                      text run at (0,26) width 104: "The Sample Database"
                  RenderText {#text} at (104,26) size 3x13
                    text run at (104,26) width 3: " "
                  RenderBR {BR} at (107,36) size 0x0
                  RenderInline {A} at (0,0) size 150x13 [color=#0000EE]
                    RenderText {#text} at (0,39) size 150x13
                      text run at (0,39) width 150: "To Create the Sample Database"
                  RenderText {#text} at (150,39) size 3x13
                    text run at (150,39) width 3: " "
                  RenderBR {BR} at (153,49) size 0x0
                  RenderInline {A} at (0,0) size 146x13 [color=#0000EE]
                    RenderText {#text} at (0,52) size 146x13
                      text run at (0,52) width 146: "To Erase the Sample Database"
                  RenderText {#text} at (146,52) size 3x13
                    text run at (146,52) width 3: " "
                  RenderBR {BR} at (149,62) size 0x0
                  RenderInline {A} at (0,0) size 83x13 [color=#0000EE]
                    RenderText {#text} at (0,65) size 83x13
                      text run at (0,65) width 83: "CL_SCHED Table"
                  RenderText {#text} at (83,65) size 3x13
                    text run at (83,65) width 3: " "
                  RenderBR {BR} at (86,75) size 0x0
                  RenderInline {A} at (0,0) size 98x13 [color=#0000EE]
                    RenderText {#text} at (0,78) size 98x13
                      text run at (0,78) width 98: "DEPARTMENT Table"
                  RenderText {#text} at (98,78) size 3x13
                    text run at (98,78) width 3: " "
                  RenderBR {BR} at (101,88) size 0x0
                  RenderInline {A} at (0,0) size 86x13 [color=#0000EE]
                    RenderText {#text} at (0,91) size 86x13
                      text run at (0,91) width 86: "EMPLOYEE Table"
                  RenderText {#text} at (86,91) size 3x13
                    text run at (86,91) width 3: " "
                  RenderBR {BR} at (89,101) size 0x0
                  RenderInline {A} at (0,0) size 77x13 [color=#0000EE]
                    RenderText {#text} at (0,104) size 77x13
                      text run at (0,104) width 77: "EMP_ACT Table"
                  RenderText {#text} at (77,104) size 3x13
                    text run at (77,104) width 3: " "
                  RenderBR {BR} at (80,114) size 0x0
                  RenderInline {A} at (0,0) size 93x13 [color=#0000EE]
                    RenderText {#text} at (0,117) size 93x13
                      text run at (0,117) width 93: "EMP_PHOTO Table"
                  RenderText {#text} at (93,117) size 3x13
                    text run at (93,117) width 3: " "
                  RenderBR {BR} at (96,127) size 0x0
                  RenderInline {A} at (0,0) size 100x13 [color=#0000EE]
                    RenderText {#text} at (0,130) size 100x13
                      text run at (0,130) width 100: "EMP_RESUME Table"
                  RenderText {#text} at (100,130) size 3x13
                    text run at (100,130) width 3: " "
                  RenderBR {BR} at (103,140) size 0x0
                  RenderInline {A} at (0,0) size 72x13 [color=#0000EE]
                    RenderText {#text} at (0,143) size 72x13
                      text run at (0,143) width 72: "IN_TRAY Table"
                  RenderText {#text} at (72,143) size 3x13
                    text run at (72,143) width 3: " "
                  RenderBR {BR} at (75,153) size 0x0
                  RenderInline {A} at (0,0) size 52x13 [color=#0000EE]
                    RenderText {#text} at (0,156) size 52x13
                      text run at (0,156) width 52: "ORG Table"
                  RenderText {#text} at (52,156) size 3x13
                    text run at (52,156) width 3: " "
                  RenderBR {BR} at (55,166) size 0x0
                  RenderInline {A} at (0,0) size 76x13 [color=#0000EE]
                    RenderText {#text} at (0,169) size 76x13
                      text run at (0,169) width 76: "PROJECT Table"
                  RenderText {#text} at (76,169) size 3x13
                    text run at (76,169) width 3: " "
                  RenderBR {BR} at (79,179) size 0x0
                  RenderInline {A} at (0,0) size 63x13 [color=#0000EE]
                    RenderText {#text} at (0,182) size 63x13
                      text run at (0,182) width 63: "SALES Table"
                  RenderText {#text} at (63,182) size 3x13
                    text run at (63,182) width 3: " "
                  RenderBR {BR} at (66,192) size 0x0
                  RenderInline {A} at (0,0) size 61x13 [color=#0000EE]
                    RenderText {#text} at (0,195) size 61x13
                      text run at (0,195) width 61: "STAFF Table"
                  RenderText {#text} at (61,195) size 3x13
                    text run at (61,195) width 3: " "
                  RenderBR {BR} at (64,205) size 0x0
                  RenderInline {A} at (0,0) size 69x13 [color=#0000EE]
                    RenderText {#text} at (0,208) size 69x13
                      text run at (0,208) width 69: "STAFFG Table"
                  RenderText {#text} at (69,208) size 3x13
                    text run at (69,208) width 3: " "
                  RenderBR {BR} at (72,218) size 0x0
                  RenderInline {A} at (0,0) size 214x13 [color=#0000EE]
                    RenderText {#text} at (0,221) size 214x13
                      text run at (0,221) width 214: "Sample Files with BLOB and CLOB Data Type"
                  RenderText {#text} at (214,221) size 3x13
                    text run at (214,221) width 3: " "
                  RenderBR {BR} at (217,231) size 0x0
                  RenderInline {A} at (0,0) size 74x13 [color=#0000EE]
                    RenderText {#text} at (0,234) size 74x13
                      text run at (0,234) width 74: "Quintana Photo"
                  RenderText {#text} at (74,234) size 3x13
                    text run at (74,234) width 3: " "
                  RenderBR {BR} at (77,244) size 0x0
                  RenderInline {A} at (0,0) size 84x13 [color=#0000EE]
                    RenderText {#text} at (0,247) size 84x13
                      text run at (0,247) width 84: "Quintana Resume"
                  RenderText {#text} at (84,247) size 3x13
                    text run at (84,247) width 3: " "
                  RenderBR {BR} at (87,257) size 0x0
                  RenderInline {A} at (0,0) size 66x13 [color=#0000EE]
                    RenderText {#text} at (0,260) size 66x13
                      text run at (0,260) width 66: "Nicholls Photo"
                  RenderText {#text} at (66,260) size 3x13
                    text run at (66,260) width 3: " "
                  RenderBR {BR} at (69,270) size 0x0
                  RenderInline {A} at (0,0) size 76x13 [color=#0000EE]
                    RenderText {#text} at (0,273) size 76x13
                      text run at (0,273) width 76: "Nicholls Resume"
                  RenderText {#text} at (76,273) size 3x13
                    text run at (76,273) width 3: " "
                  RenderBR {BR} at (79,283) size 0x0
                  RenderInline {A} at (0,0) size 75x13 [color=#0000EE]
                    RenderText {#text} at (0,286) size 75x13
                      text run at (0,286) width 75: "Adamson Photo"
                  RenderText {#text} at (75,286) size 3x13
                    text run at (75,286) width 3: " "
                  RenderBR {BR} at (78,296) size 0x0
                  RenderInline {A} at (0,0) size 85x13 [color=#0000EE]
                    RenderText {#text} at (0,299) size 85x13
                      text run at (0,299) width 85: "Adamson Resume"
                  RenderText {#text} at (85,299) size 3x13
                    text run at (85,299) width 3: " "
                  RenderBR {BR} at (88,309) size 0x0
                  RenderInline {A} at (0,0) size 62x13 [color=#0000EE]
                    RenderText {#text} at (0,312) size 62x13
                      text run at (0,312) width 62: "Walker Photo"
                  RenderText {#text} at (62,312) size 3x13
                    text run at (62,312) width 3: " "
                  RenderBR {BR} at (65,322) size 0x0
                  RenderInline {A} at (0,0) size 72x13 [color=#0000EE]
                    RenderText {#text} at (0,325) size 72x13
                      text run at (0,325) width 72: "Walker Resume"
                  RenderText {#text} at (0,0) size 0x0
                RenderBlock {P} at (0,8598) size 570x78
                  RenderInline {B} at (0,0) size 294x13
                    RenderInline {A} at (0,0) size 294x13 [color=#0000EE]
                      RenderText {#text} at (0,0) size 294x13
                        text run at (0,0) width 294: "Appendix H. Reserved Schema Names and Reserved Words"
                  RenderBR {BR} at (294,10) size 0x0
                  RenderBR {BR} at (0,13) size 0x13
                  RenderInline {A} at (0,0) size 90x13 [color=#0000EE]
                    RenderText {#text} at (0,26) size 90x13
                      text run at (0,26) width 90: "Reserved Schemas"
                  RenderText {#text} at (90,26) size 3x13
                    text run at (90,26) width 3: " "
                  RenderBR {BR} at (93,36) size 0x0
                  RenderInline {A} at (0,0) size 76x13 [color=#0000EE]
                    RenderText {#text} at (0,39) size 76x13
                      text run at (0,39) width 76: "Reserved Words"
                  RenderText {#text} at (76,39) size 3x13
                    text run at (76,39) width 3: " "
                  RenderBR {BR} at (79,49) size 0x0
                  RenderInline {A} at (0,0) size 121x13 [color=#0000EE]
                    RenderText {#text} at (0,52) size 121x13
                      text run at (0,52) width 121: "IBM SQL Reserved Words"
                  RenderText {#text} at (121,52) size 3x13
                    text run at (121,52) width 3: " "
                  RenderBR {BR} at (124,62) size 0x0
                  RenderInline {A} at (0,0) size 157x13 [color=#0000EE]
                    RenderText {#text} at (0,65) size 157x13
                      text run at (0,65) width 157: "ISO/ANS SQL92 Reserved Words"
                  RenderText {#text} at (0,0) size 0x0
                RenderBlock {P} at (0,8686) size 570x13
                  RenderInline {B} at (0,0) size 210x13
                    RenderInline {A} at (0,0) size 210x13 [color=#0000EE]
                      RenderText {#text} at (0,0) size 210x13
                        text run at (0,0) width 210: "Appendix I. Comparison of Isolation Levels"
                  RenderBR {BR} at (210,10) size 0x0
                RenderBlock {P} at (0,8709) size 570x13
                  RenderInline {B} at (0,0) size 249x13
                    RenderInline {A} at (0,0) size 249x13 [color=#0000EE]
                      RenderText {#text} at (0,0) size 249x13
                        text run at (0,0) width 249: "Appendix J. Interaction of Triggers and Constraints"
                  RenderBR {BR} at (249,10) size 0x0
                RenderBlock {P} at (0,8732) size 570x273
                  RenderInline {B} at (0,0) size 211x13
                    RenderInline {A} at (0,0) size 211x13 [color=#0000EE]
                      RenderText {#text} at (0,0) size 211x13
                        text run at (0,0) width 211: "Appendix K. Explain Tables and Definitions"
                  RenderBR {BR} at (211,10) size 0x0
                  RenderBR {BR} at (0,13) size 0x13
                  RenderInline {A} at (0,0) size 136x13 [color=#0000EE]
                    RenderText {#text} at (0,26) size 136x13
                      text run at (0,26) width 136: "EXPLAIN_ARGUMENT Table"
                  RenderText {#text} at (136,26) size 3x13
                    text run at (136,26) width 3: " "
                  RenderBR {BR} at (139,36) size 0x0
                  RenderInline {A} at (0,0) size 130x13 [color=#0000EE]
                    RenderText {#text} at (0,39) size 130x13
                      text run at (0,39) width 130: "EXPLAIN_INSTANCE Table"
                  RenderText {#text} at (130,39) size 3x13
                    text run at (130,39) width 3: " "
                  RenderBR {BR} at (133,49) size 0x0
                  RenderInline {A} at (0,0) size 119x13 [color=#0000EE]
                    RenderText {#text} at (0,52) size 119x13
                      text run at (0,52) width 119: "EXPLAIN_OBJECT Table"
                  RenderText {#text} at (119,52) size 3x13
                    text run at (119,52) width 3: " "
                  RenderBR {BR} at (122,62) size 0x0
                  RenderInline {A} at (0,0) size 136x13 [color=#0000EE]
                    RenderText {#text} at (0,65) size 136x13
                      text run at (0,65) width 136: "EXPLAIN_OPERATOR Table"
                  RenderText {#text} at (136,65) size 3x13
                    text run at (136,65) width 3: " "
                  RenderBR {BR} at (139,75) size 0x0
                  RenderInline {A} at (0,0) size 137x13 [color=#0000EE]
                    RenderText {#text} at (0,78) size 137x13
                      text run at (0,78) width 137: "EXPLAIN_PREDICATE Table"
                  RenderText {#text} at (137,78) size 3x13
                    text run at (137,78) width 3: " "
                  RenderBR {BR} at (140,88) size 0x0
                  RenderInline {A} at (0,0) size 140x13 [color=#0000EE]
                    RenderText {#text} at (0,91) size 140x13
                      text run at (0,91) width 140: "EXPLAIN_STATEMENT Table"
                  RenderText {#text} at (140,91) size 3x13
                    text run at (140,91) width 3: " "
                  RenderBR {BR} at (143,101) size 0x0
                  RenderInline {A} at (0,0) size 121x13 [color=#0000EE]
                    RenderText {#text} at (0,104) size 121x13
                      text run at (0,104) width 121: "EXPLAIN_STREAM Table"
                  RenderText {#text} at (121,104) size 3x13
                    text run at (121,104) width 3: " "
                  RenderBR {BR} at (124,114) size 0x0
                  RenderInline {A} at (0,0) size 104x13 [color=#0000EE]
                    RenderText {#text} at (0,117) size 104x13
                      text run at (0,117) width 104: "ADVISE_INDEX Table"
                  RenderText {#text} at (104,117) size 3x13
                    text run at (104,117) width 3: " "
                  RenderBR {BR} at (107,127) size 0x0
                  RenderInline {A} at (0,0) size 132x13 [color=#0000EE]
                    RenderText {#text} at (0,130) size 132x13
                      text run at (0,130) width 132: "ADVISE_WORKLOAD Table"
                  RenderText {#text} at (132,130) size 3x13
                    text run at (132,130) width 3: " "
                  RenderBR {BR} at (135,140) size 0x0
                  RenderInline {A} at (0,0) size 163x13 [color=#0000EE]
                    RenderText {#text} at (0,143) size 163x13
                      text run at (0,143) width 163: "Table Definitions for Explain Tables"
                  RenderText {#text} at (163,143) size 3x13
                    text run at (163,143) width 3: " "
                  RenderBR {BR} at (166,153) size 0x0
                  RenderInline {A} at (0,0) size 182x13 [color=#0000EE]
                    RenderText {#text} at (0,156) size 182x13
                      text run at (0,156) width 182: "EXPLAIN_ARGUMENT Table Definition"
                  RenderText {#text} at (182,156) size 3x13
                    text run at (182,156) width 3: " "
                  RenderBR {BR} at (185,166) size 0x0
                  RenderInline {A} at (0,0) size 176x13 [color=#0000EE]
                    RenderText {#text} at (0,169) size 176x13
                      text run at (0,169) width 176: "EXPLAIN_INSTANCE Table Definition"
                  RenderText {#text} at (176,169) size 3x13
                    text run at (176,169) width 3: " "
                  RenderBR {BR} at (179,179) size 0x0
                  RenderInline {A} at (0,0) size 165x13 [color=#0000EE]
                    RenderText {#text} at (0,182) size 165x13
                      text run at (0,182) width 165: "EXPLAIN_OBJECT Table Definition"
                  RenderText {#text} at (165,182) size 3x13
                    text run at (165,182) width 3: " "
                  RenderBR {BR} at (168,192) size 0x0
                  RenderInline {A} at (0,0) size 182x13 [color=#0000EE]
                    RenderText {#text} at (0,195) size 182x13
                      text run at (0,195) width 182: "EXPLAIN_OPERATOR Table Definition"
                  RenderText {#text} at (182,195) size 3x13
                    text run at (182,195) width 3: " "
                  RenderBR {BR} at (185,205) size 0x0
                  RenderInline {A} at (0,0) size 183x13 [color=#0000EE]
                    RenderText {#text} at (0,208) size 183x13
                      text run at (0,208) width 183: "EXPLAIN_PREDICATE Table Definition"
                  RenderText {#text} at (183,208) size 3x13
                    text run at (183,208) width 3: " "
                  RenderBR {BR} at (186,218) size 0x0
                  RenderInline {A} at (0,0) size 186x13 [color=#0000EE]
                    RenderText {#text} at (0,221) size 186x13
                      text run at (0,221) width 186: "EXPLAIN_STATEMENT Table Definition"
                  RenderText {#text} at (186,221) size 3x13
                    text run at (186,221) width 3: " "
                  RenderBR {BR} at (189,231) size 0x0
                  RenderInline {A} at (0,0) size 167x13 [color=#0000EE]
                    RenderText {#text} at (0,234) size 167x13
                      text run at (0,234) width 167: "EXPLAIN_STREAM Table Definition"
                  RenderText {#text} at (167,234) size 3x13
                    text run at (167,234) width 3: " "
                  RenderBR {BR} at (170,244) size 0x0
                  RenderInline {A} at (0,0) size 150x13 [color=#0000EE]
                    RenderText {#text} at (0,247) size 150x13
                      text run at (0,247) width 150: "ADVISE_INDEX Table Definition"
                  RenderText {#text} at (150,247) size 3x13
                    text run at (150,247) width 3: " "
                  RenderBR {BR} at (153,257) size 0x0
                  RenderInline {A} at (0,0) size 178x13 [color=#0000EE]
                    RenderText {#text} at (0,260) size 178x13
                      text run at (0,260) width 178: "ADVISE_WORKLOAD Table Definition"
                  RenderText {#text} at (0,0) size 0x0
                RenderBlock {P} at (0,9015) size 570x13
                  RenderInline {B} at (0,0) size 179x13
                    RenderInline {A} at (0,0) size 179x13 [color=#0000EE]
                      RenderText {#text} at (0,0) size 179x13
                        text run at (0,0) width 179: "Appendix L. Explain Register Values"
                  RenderBR {BR} at (179,10) size 0x0
                RenderBlock {P} at (0,9038) size 570x65
                  RenderInline {B} at (0,0) size 241x13
                    RenderInline {A} at (0,0) size 241x13 [color=#0000EE]
                      RenderText {#text} at (0,0) size 241x13
                        text run at (0,0) width 241: "Appendix M. Recursion Example: Bill of Materials"
                  RenderBR {BR} at (241,10) size 0x0
                  RenderBR {BR} at (0,13) size 0x13
                  RenderInline {A} at (0,0) size 160x13 [color=#0000EE]
                    RenderText {#text} at (0,26) size 160x13
                      text run at (0,26) width 160: "Example 1: Single Level Explosion"
                  RenderText {#text} at (160,26) size 3x13
                    text run at (160,26) width 3: " "
                  RenderBR {BR} at (163,36) size 0x0
                  RenderInline {A} at (0,0) size 160x13 [color=#0000EE]
                    RenderText {#text} at (0,39) size 160x13
                      text run at (0,39) width 160: "Example 2: Summarized Explosion"
                  RenderText {#text} at (160,39) size 3x13
                    text run at (160,39) width 3: " "
                  RenderBR {BR} at (163,49) size 0x0
                  RenderInline {A} at (0,0) size 135x13 [color=#0000EE]
                    RenderText {#text} at (0,52) size 135x13
                      text run at (0,52) width 135: "Example 3: Controlling Depth"
                  RenderText {#text} at (0,0) size 0x0
                RenderBlock {P} at (0,9113) size 570x65
                  RenderInline {B} at (0,0) size 147x13
                    RenderInline {A} at (0,0) size 147x13 [color=#0000EE]
                      RenderText {#text} at (0,0) size 147x13
                        text run at (0,0) width 147: "Appendix N. Exception Tables"
                  RenderBR {BR} at (147,10) size 0x0
                  RenderBR {BR} at (0,13) size 0x13
                  RenderInline {A} at (0,0) size 176x13 [color=#0000EE]
                    RenderText {#text} at (0,26) size 176x13
                      text run at (0,26) width 176: "Rules for Creating an Exception Table"
                  RenderText {#text} at (176,26) size 3x13
                    text run at (176,26) width 3: " "
                  RenderBR {BR} at (179,36) size 0x0
                  RenderInline {A} at (0,0) size 181x13 [color=#0000EE]
                    RenderText {#text} at (0,39) size 181x13
                      text run at (0,39) width 181: "Handling Rows in the Exception Tables"
                  RenderText {#text} at (181,39) size 3x13
                    text run at (181,39) width 3: " "
                  RenderBR {BR} at (184,49) size 0x0
                  RenderInline {A} at (0,0) size 143x13 [color=#0000EE]
                    RenderText {#text} at (0,52) size 143x13
                      text run at (0,52) width 143: "Querying the Exception Tables"
                  RenderText {#text} at (0,0) size 0x0
                RenderBlock {P} at (0,9188) size 570x286
                  RenderInline {B} at (0,0) size 331x13
                    RenderInline {A} at (0,0) size 331x13 [color=#0000EE]
                      RenderText {#text} at (0,0) size 331x13
                        text run at (0,0) width 331: "Appendix O. Japanese and Traditional-Chinese EUC Considerations"
                  RenderBR {BR} at (331,10) size 0x0
                  RenderBR {BR} at (0,13) size 0x13
                  RenderInline {A} at (0,0) size 94x13 [color=#0000EE]
                    RenderText {#text} at (0,26) size 94x13
                      text run at (0,26) width 94: "Language Elements"
                  RenderText {#text} at (94,26) size 3x13
                    text run at (94,26) width 3: " "
                  RenderBR {BR} at (97,36) size 0x0
                  RenderInline {A} at (0,0) size 50x13 [color=#0000EE]
                    RenderText {#text} at (0,39) size 50x13
                      text run at (0,39) width 50: "Characters"
                  RenderText {#text} at (50,39) size 3x13
                    text run at (50,39) width 3: " "
                  RenderBR {BR} at (53,49) size 0x0
                  RenderInline {A} at (0,0) size 34x13 [color=#0000EE]
                    RenderText {#text} at (0,52) size 34x13
                      text run at (0,52) width 34: "Tokens"
                  RenderText {#text} at (34,52) size 3x13
                    text run at (34,52) width 3: " "
                  RenderBR {BR} at (37,62) size 0x0
                  RenderInline {A} at (0,0) size 45x13 [color=#0000EE]
                    RenderText {#text} at (0,65) size 45x13
                      text run at (0,65) width 45: "Identifiers"
                  RenderText {#text} at (45,65) size 3x13
                    text run at (45,65) width 3: " "
                  RenderBR {BR} at (48,75) size 0x0
                  RenderInline {A} at (0,0) size 53x13 [color=#0000EE]
                    RenderText {#text} at (0,78) size 53x13
                      text run at (0,78) width 53: "Data Types"
                  RenderText {#text} at (53,78) size 3x13
                    text run at (53,78) width 3: " "
                  RenderBR {BR} at (56,88) size 0x0
                  RenderInline {A} at (0,0) size 143x13 [color=#0000EE]
                    RenderText {#text} at (0,91) size 143x13
                      text run at (0,91) width 143: "Assignments and Comparisons"
                  RenderText {#text} at (143,91) size 3x13
                    text run at (143,91) width 3: " "
                  RenderBR {BR} at (146,101) size 0x0
                  RenderInline {A} at (0,0) size 129x13 [color=#0000EE]
                    RenderText {#text} at (0,104) size 129x13
                      text run at (0,104) width 129: "Rules for Result Data Types"
                  RenderText {#text} at (129,104) size 3x13
                    text run at (129,104) width 3: " "
                  RenderBR {BR} at (132,114) size 0x0
                  RenderInline {A} at (0,0) size 131x13 [color=#0000EE]
                    RenderText {#text} at (0,117) size 131x13
                      text run at (0,117) width 131: "Rules for String Conversions"
                  RenderText {#text} at (131,117) size 3x13
                    text run at (131,117) width 3: " "
                  RenderBR {BR} at (134,127) size 0x0
                  RenderInline {A} at (0,0) size 47x13 [color=#0000EE]
                    RenderText {#text} at (0,130) size 47x13
                      text run at (0,130) width 47: "Constants"
                  RenderText {#text} at (47,130) size 3x13
                    text run at (47,130) width 3: " "
                  RenderBR {BR} at (50,140) size 0x0
                  RenderInline {A} at (0,0) size 45x13 [color=#0000EE]
                    RenderText {#text} at (0,143) size 45x13
                      text run at (0,143) width 45: "Functions"
                  RenderText {#text} at (45,143) size 3x13
                    text run at (45,143) width 3: " "
                  RenderBR {BR} at (48,153) size 0x0
                  RenderInline {A} at (0,0) size 56x13 [color=#0000EE]
                    RenderText {#text} at (0,156) size 56x13
                      text run at (0,156) width 56: "Expressions"
                  RenderText {#text} at (56,156) size 3x13
                    text run at (56,156) width 3: " "
                  RenderBR {BR} at (59,166) size 0x0
                  RenderInline {A} at (0,0) size 49x13 [color=#0000EE]
                    RenderText {#text} at (0,169) size 49x13
                      text run at (0,169) width 49: "Predicates"
                  RenderText {#text} at (49,169) size 3x13
                    text run at (49,169) width 3: " "
                  RenderBR {BR} at (52,179) size 0x0
                  RenderInline {A} at (0,0) size 45x13 [color=#0000EE]
                    RenderText {#text} at (0,182) size 45x13
                      text run at (0,182) width 45: "Functions"
                  RenderText {#text} at (45,182) size 3x13
                    text run at (45,182) width 3: " "
                  RenderBR {BR} at (48,192) size 0x0
                  RenderInline {A} at (0,0) size 41x13 [color=#0000EE]
                    RenderText {#text} at (0,195) size 41x13
                      text run at (0,195) width 41: "LENGTH"
                  RenderText {#text} at (41,195) size 3x13
                    text run at (41,195) width 3: " "
                  RenderBR {BR} at (44,205) size 0x0
                  RenderInline {A} at (0,0) size 41x13 [color=#0000EE]
                    RenderText {#text} at (0,208) size 41x13
                      text run at (0,208) width 41: "SUBSTR"
                  RenderText {#text} at (41,208) size 3x13
                    text run at (41,208) width 3: " "
                  RenderBR {BR} at (44,218) size 0x0
                  RenderInline {A} at (0,0) size 60x13 [color=#0000EE]
                    RenderText {#text} at (0,221) size 60x13
                      text run at (0,221) width 60: "TRANSLATE"
                  RenderText {#text} at (60,221) size 3x13
                    text run at (60,221) width 3: " "
                  RenderBR {BR} at (63,231) size 0x0
                  RenderInline {A} at (0,0) size 67x13 [color=#0000EE]
                    RenderText {#text} at (0,234) size 67x13
                      text run at (0,234) width 67: "VARGRAPHIC"
                  RenderText {#text} at (67,234) size 3x13
                    text run at (67,234) width 3: " "
                  RenderBR {BR} at (70,244) size 0x0
                  RenderInline {A} at (0,0) size 53x13 [color=#0000EE]
                    RenderText {#text} at (0,247) size 53x13
                      text run at (0,247) width 53: "Statements"
                  RenderText {#text} at (53,247) size 3x13
                    text run at (53,247) width 3: " "
                  RenderBR {BR} at (56,257) size 0x0
                  RenderInline {A} at (0,0) size 49x13 [color=#0000EE]
                    RenderText {#text} at (0,260) size 49x13
                      text run at (0,260) width 49: "CONNECT"
                  RenderText {#text} at (49,260) size 3x13
                    text run at (49,260) width 3: " "
                  RenderBR {BR} at (52,270) size 0x0
                  RenderInline {A} at (0,0) size 49x13 [color=#0000EE]
                    RenderText {#text} at (0,273) size 49x13
                      text run at (0,273) width 49: "PREPARE"
                  RenderText {#text} at (0,0) size 0x0
                RenderBlock {P} at (0,9484) size 570x13
                  RenderInline {B} at (0,0) size 230x13
                    RenderInline {A} at (0,0) size 230x13 [color=#0000EE]
                      RenderText {#text} at (0,0) size 230x13
                        text run at (0,0) width 230: "Appendix P. BNF Specifications for DATALINKs"
                  RenderBR {BR} at (230,10) size 0x0
                RenderBlock {P} at (0,9507) size 570x156
                  RenderInline {B} at (0,0) size 170x13
                    RenderInline {A} at (0,0) size 170x13 [color=#0000EE]
                      RenderText {#text} at (0,0) size 170x13
                        text run at (0,0) width 170: "Appendix Q. Using the DB2 Library"
                  RenderBR {BR} at (170,10) size 0x0
                  RenderBR {BR} at (0,13) size 0x13
                  RenderInline {A} at (0,0) size 156x13 [color=#0000EE]
                    RenderText {#text} at (0,26) size 156x13
                      text run at (0,26) width 156: "DB2 PDF Files and Printed Books"
                  RenderText {#text} at (156,26) size 3x13
                    text run at (156,26) width 3: " "
                  RenderBR {BR} at (159,36) size 0x0
                  RenderInline {A} at (0,0) size 75x13 [color=#0000EE]
                    RenderText {#text} at (0,39) size 75x13
                      text run at (0,39) width 75: "DB2 Information"
                  RenderText {#text} at (75,39) size 3x13
                    text run at (75,39) width 3: " "
                  RenderBR {BR} at (78,49) size 0x0
                  RenderInline {A} at (0,0) size 108x13 [color=#0000EE]
                    RenderText {#text} at (0,52) size 108x13
                      text run at (0,52) width 108: "Printing the PDF Books"
                  RenderText {#text} at (108,52) size 3x13
                    text run at (108,52) width 3: " "
                  RenderBR {BR} at (111,62) size 0x0
                  RenderInline {A} at (0,0) size 126x13 [color=#0000EE]
                    RenderText {#text} at (0,65) size 126x13
                      text run at (0,65) width 126: "Ordering the Printed Books"
                  RenderText {#text} at (126,65) size 3x13
                    text run at (126,65) width 3: " "
                  RenderBR {BR} at (129,75) size 0x0
                  RenderInline {A} at (0,0) size 126x13 [color=#0000EE]
                    RenderText {#text} at (0,78) size 126x13
                      text run at (0,78) width 126: "DB2 Online Documentation"
                  RenderText {#text} at (126,78) size 3x13
                    text run at (126,78) width 3: " "
                  RenderBR {BR} at (129,88) size 0x0
                  RenderInline {A} at (0,0) size 104x13 [color=#0000EE]
                    RenderText {#text} at (0,91) size 104x13
                      text run at (0,91) width 104: "Accessing Online Help"
                  RenderText {#text} at (104,91) size 3x13
                    text run at (104,91) width 3: " "
                  RenderBR {BR} at (107,101) size 0x0
                  RenderInline {A} at (0,0) size 124x13 [color=#0000EE]
                    RenderText {#text} at (0,104) size 124x13
                      text run at (0,104) width 124: "Viewing Information Online"
                  RenderText {#text} at (124,104) size 3x13
                    text run at (124,104) width 3: " "
                  RenderBR {BR} at (127,114) size 0x0
                  RenderInline {A} at (0,0) size 88x13 [color=#0000EE]
                    RenderText {#text} at (0,117) size 88x13
                      text run at (0,117) width 88: "Using DB2 Wizards"
                  RenderText {#text} at (88,117) size 3x13
                    text run at (88,117) width 3: " "
                  RenderBR {BR} at (91,127) size 0x0
                  RenderInline {A} at (0,0) size 141x13 [color=#0000EE]
                    RenderText {#text} at (0,130) size 141x13
                      text run at (0,130) width 141: "Setting Up a Document Server"
                  RenderText {#text} at (141,130) size 3x13
                    text run at (141,130) width 3: " "
                  RenderBR {BR} at (144,140) size 0x0
                  RenderInline {A} at (0,0) size 135x13 [color=#0000EE]
                    RenderText {#text} at (0,143) size 135x13
                      text run at (0,143) width 135: "Searching Information Online"
                  RenderText {#text} at (0,0) size 0x0
                RenderBlock {P} at (0,9673) size 570x39
                  RenderInline {B} at (0,0) size 99x13
                    RenderInline {A} at (0,0) size 99x13 [color=#0000EE]
                      RenderText {#text} at (0,0) size 99x13
                        text run at (0,0) width 99: "Appendix R. Notices"
                  RenderBR {BR} at (99,10) size 0x0
                  RenderBR {BR} at (0,13) size 0x13
                  RenderInline {A} at (0,0) size 54x13 [color=#0000EE]
                    RenderText {#text} at (0,26) size 54x13
                      text run at (0,26) width 54: "Trademarks"
                  RenderText {#text} at (0,0) size 0x0
                RenderBlock {P} at (0,9722) size 570x13
                  RenderInline {B} at (0,0) size 27x13
                    RenderInline {A} at (0,0) size 27x13 [color=#0000EE]
                      RenderText {#text} at (0,0) size 27x13
                        text run at (0,0) width 27: "Index"
                  RenderBR {BR} at (27,10) size 0x0
                RenderBlock {P} at (0,9745) size 570x39
                  RenderInline {B} at (0,0) size 73x13
                    RenderInline {A} at (0,0) size 73x13 [color=#0000EE]
                      RenderText {#text} at (0,0) size 73x13
                        text run at (0,0) width 73: "Contacting IBM"
                  RenderBR {BR} at (73,10) size 0x0
                  RenderBR {BR} at (0,13) size 0x13
                  RenderInline {A} at (0,0) size 91x13 [color=#0000EE]
                    RenderText {#text} at (0,26) size 91x13
                      text run at (0,26) width 91: "Product Information"
                  RenderText {#text} at (0,0) size 0x0
                  RenderInline {A} at (0,0) size 0x0
                  RenderText {#text} at (0,0) size 0x0
                RenderTable {TABLE} at (0,9794) size 22x22
                  RenderTableSection {TBODY} at (0,0) size 22x22
                    RenderTableRow {TR} at (0,2) size 22x0
                    RenderTableRow {TR} at (0,4) size 22x16
                      RenderTableCell {TD} at (2,4) size 8x16 [r=1 c=0 rs=1 cs=1]
                        RenderText {#text} at (1,1) size 6x14
                          text run at (1,1) width 6: "x"
                      RenderTableCell {TD} at (12,4) size 8x16 [r=1 c=1 rs=1 cs=1]
                        RenderText {#text} at (1,1) size 6x14
                          text run at (1,1) width 6: "x"
              RenderBlock (anonymous) at (2,9818) size 570x0
                RenderInline {FONT} at (0,0) size 0x0
