layer at (0,0) size 800x1813
  RenderView at (0,0) size 800x600
layer at (0,0) size 800x1813
  RenderBlock {HTML} at (0,0) size 800x1813
    RenderBody {BODY} at (8,8) size 784x584
      RenderText {#text} at (0,0) size 16x14
        text run at (0,0) width 16: "foo"
      RenderTable {TABLE} at (668,0) size 116x1805
        RenderTableSection {TBODY} at (0,0) size 116x1805
          RenderTableRow {TR} at (0,2) size 116x998
            RenderTableCell {TD} at (2,2) size 112x44 [r=0 c=0 rs=1 cs=1]
              RenderBR {BR} at (1,1) size 0x14
              RenderText {#text} at (1,15) size 90x28
                text run at (1,15) width 90: "Create a cool home"
                text run at (1,29) width 63: "page with the"
          RenderTableRow {TR} at (0,1002) size 116x801
            RenderTableCell {TD} at (2,1002) size 112x44 [r=1 c=0 rs=1 cs=1]
              RenderBR {BR} at (1,1) size 0x14
              RenderText {#text} at (1,15) size 98x28
                text run at (1,15) width 98: "Get organized online"
                text run at (1,29) width 38: "with the"
      RenderText {#text} at (0,0) size 0x0
