layer at (0,0) size 800x600
  RenderView at (0,0) size 800x600
layer at (0,0) size 800x600
  RenderBlock {HTML} at (0,0) size 800x600
    RenderBody {BODY} at (8,8) size 784x584
      RenderTable {TABLE} at (0,0) size 206x70
        RenderTableSection {TBODY} at (0,0) size 206x70
          RenderTableRow {TR} at (0,2) size 206x66
            RenderTableCell {TD} at (2,2) size 202x66 [r=0 c=0 rs=1 cs=1]
              RenderBlock (anonymous) at (1,1) size 200x0
                RenderInline {SPAN} at (0,0) size 0x0
                  RenderText {#text} at (0,0) size 0x0
                  RenderInline {SPAN} at (0,0) size 0x0
                    RenderText {#text} at (0,0) size 0x0
                    RenderText {#text} at (0,0) size 0x0
              RenderBlock (anonymous) at (1,1) size 200x64
                RenderTable {TABLE} at (0,0) size 200x64
                  RenderTableSection {TBODY} at (0,0) size 200x64
                    RenderTableRow {TR} at (0,2) size 200x60
                      RenderTableCell {TD} at (2,2) size 196x60 [r=0 c=0 rs=1 cs=1]
                        RenderTable {TABLE} at (1,1) size 194x58
                          RenderTableSection {TBODY} at (0,0) size 194x58
                            RenderTableRow {TR} at (0,2) size 194x54
                              RenderTableCell {TD} at (2,2) size 190x54 [r=0 c=0 rs=1 cs=1]
                                RenderBlock {FORM} at (1,1) size 188x40
                                  RenderButton {INPUT} at (2,2) size 184x36 [color=#202020]
                                    RenderBlock (anonymous) at (15,8) size 154x18
                                      RenderText at (0,0) size 154x17
                                        text run at (0,0) width 154: "ApplyForThisPosition"
                                  RenderText {#text} at (0,0) size 0x0
              RenderBlock (anonymous) at (1,65) size 200x0
                RenderInline {SPAN} at (0,0) size 0x0
                  RenderInline {SPAN} at (0,0) size 0x0
                  RenderText {#text} at (0,0) size 0x0
                RenderText {#text} at (0,0) size 0x0
