layer at (0,0) size 800x600
  RenderView at (0,0) size 800x600
layer at (0,0) size 800x600
  RenderBlock {HTML} at (0,0) size 800x600
    RenderBody {BODY} at (8,8) size 784x584 [bgcolor=#FFFFFF]
      RenderTable {TABLE} at (0,0) size 506x40
        RenderBlock {CAPTION} at (0,0) size 506x20 [border: (3px solid #000000)]
          RenderText {#text} at (142,3) size 222x14
            text run at (142,3) width 6 RTL: "?"
            text run at (147,3) width 217: "is the question mark on the left side with style"
        RenderTableSection {TBODY} at (0,20) size 506x20
          RenderTableRow {TR} at (0,2) size 506x16
            RenderTableCell {TD} at (2,2) size 502x16 [r=0 c=0 rs=1 cs=1]
              RenderText {#text} at (1,1) size 41x14
                text run at (1,1) width 41: "table cell"
      RenderTable {TABLE} at (0,40) size 506x40
        RenderBlock {CAPTION} at (0,0) size 506x20 [border: (3px solid #000000)]
          RenderText {#text} at (135,3) size 236x14
            text run at (135,3) width 5 RTL: "?"
            text run at (140,3) width 231: "is the question mark on the left side without style"
        RenderTableSection {TBODY} at (0,20) size 506x20
          RenderTableRow {TR} at (0,2) size 506x16
            RenderTableCell {TD} at (2,2) size 502x16 [r=0 c=0 rs=1 cs=1]
              RenderText {#text} at (1,1) size 41x14
                text run at (1,1) width 41: "table cell"
