layer at (0,0) size 800x600
  RenderView at (0,0) size 800x600
layer at (0,0) size 800x600
  RenderBlock {HTML} at (0,0) size 800x600
    RenderBody {BODY} at (8,8) size 784x584
      RenderBlock (anonymous) at (0,0) size 784x28
        RenderText {#text} at (0,0) size 196x14
          text run at (0,0) width 196: "Tables: both lines should be 1 pixel thick."
        RenderBR {BR} at (196,11) size 0x0
        RenderBR {BR} at (0,14) size 0x14
      RenderTable {TABLE} at (0,28) size 37x5
        RenderTableSection {TBODY} at (0,0) size 37x5
          RenderTableRow {TR} at (0,2) size 37x1
            RenderTableCell {TD} at (2,2) size 31x1 [bgcolor=#FF0000] [r=0 c=0 rs=1 cs=1]
              RenderImage {IMG} at (0,0) size 30x1
            RenderTableCell {TD} at (35,2) size 0x0 [r=0 c=1 rs=1 cs=1]
      RenderBlock (anonymous) at (0,33) size 784x14
        RenderBR {BR} at (0,0) size 0x14
      RenderTable {TABLE} at (0,47) size 34x5
        RenderTableSection {TBODY} at (0,0) size 34x5
          RenderTableRow {TR} at (0,2) size 34x1
            RenderTableCell {TD} at (2,2) size 30x1 [bgcolor=#FF0000] [r=0 c=0 rs=1 cs=1]
              RenderImage {IMG} at (0,0) size 30x1
      RenderBlock (anonymous) at (0,52) size 784x138
        RenderBR {BR} at (0,0) size 0x14
        RenderBR {BR} at (0,14) size 0x14
        RenderBR {BR} at (0,28) size 0x14
        RenderText {#text} at (0,42) size 297x14
          text run at (0,42) width 165: "2 texts, FACE=\"Arial, Helvetica\", "
          text run at (165,42) width 132: "1st at size=0, 2nd at size=-4"
        RenderBR {BR} at (297,53) size 0x0
        RenderBR {BR} at (0,56) size 0x14
        RenderInline {FONT} at (0,0) size 95x20
          RenderText {#text} at (0,70) size 95x10
            text run at (0,70) width 95: "Detonator 3.53 Drivers"
          RenderBR {BR} at (95,78) size 0x0
          RenderText {#text} at (0,80) size 69x10
            text run at (0,80) width 69: "Available NOW! "
        RenderBR {BR} at (69,88) size 0x0
        RenderBR {BR} at (0,90) size 0x14
        RenderInline {FONT} at (0,0) size 95x20
          RenderText {#text} at (0,104) size 95x10
            text run at (0,104) width 95: "Detonator 3.53 Drivers"
          RenderBR {BR} at (95,112) size 0x0
          RenderText {#text} at (0,114) size 69x10
            text run at (0,114) width 69: "Available NOW! "
        RenderBR {BR} at (69,122) size 0x0
        RenderBR {BR} at (0,124) size 0x14
