layer at (0,0) size 800x600
  RenderView at (0,0) size 800x600
layer at (0,0) size 800x600
  RenderBlock {HTML} at (0,0) size 800x600
    RenderBody {BODY} at (8,8) size 784x584 [bgcolor=#C0C0C0]
      RenderTable {TABLE} at (0,0) size 400x52 [border: (5px outset #808080)]
        RenderTableSection {TBODY} at (5,5) size 390x42
          RenderTableRow {TR} at (0,2) size 390x18
            RenderTableCell {TD} at (2,2) size 192x18 [border: (1px inset #808080)] [r=0 c=0 rs=1 cs=2]
              RenderText {#text} at (2,2) size 22x14
                text run at (2,2) width 22: "50%"
            RenderTableCell {TD} at (196,2) size 192x18 [border: (1px inset #808080)] [r=0 c=2 rs=1 cs=1]
              RenderText {#text} at (2,2) size 16x14
                text run at (2,2) width 16: "foo"
          RenderTableRow {TR} at (0,22) size 390x18
            RenderTableCell {TD} at (2,22) size 95x18 [border: (1px inset #808080)] [r=1 c=0 rs=1 cs=1]
              RenderText {#text} at (2,2) size 22x14
                text run at (2,2) width 22: "25%"
            RenderTableCell {TD} at (99,22) size 95x18 [border: (1px inset #808080)] [r=1 c=1 rs=1 cs=1]
              RenderText {#text} at (2,2) size 15x14
                text run at (2,2) width 15: "bar"
      RenderBlock (anonymous) at (0,52) size 784x14
        RenderBR {BR} at (0,0) size 0x14
      RenderTable {TABLE} at (0,66) size 400x52 [border: (5px outset #808080)]
        RenderTableSection {TBODY} at (5,5) size 390x42
          RenderTableRow {TR} at (0,2) size 390x18
            RenderTableCell {TD} at (2,2) size 193x18 [border: (1px inset #808080)] [r=0 c=0 rs=1 cs=2]
              RenderText {#text} at (2,2) size 16x14
                text run at (2,2) width 16: "foo"
            RenderTableCell {TD} at (197,2) size 191x18 [border: (1px inset #808080)] [r=0 c=2 rs=1 cs=1]
              RenderText {#text} at (2,2) size 22x14
                text run at (2,2) width 22: "50%"
          RenderTableRow {TR} at (0,22) size 390x18
            RenderTableCell {TD} at (2,22) size 95x18 [border: (1px inset #808080)] [r=1 c=0 rs=1 cs=1]
              RenderText {#text} at (2,2) size 22x14
                text run at (2,2) width 22: "25%"
            RenderTableCell {TD} at (99,22) size 96x18 [border: (1px inset #808080)] [r=1 c=1 rs=1 cs=1]
              RenderText {#text} at (2,2) size 15x14
                text run at (2,2) width 15: "bar"
