layer at (0,0) size 800x600
  RenderView at (0,0) size 800x600
layer at (0,0) size 800x600
  RenderBlock {HTML} at (0,0) size 800x600
    RenderBody {BODY} at (8,8) size 784x584
      RenderTable {TABLE} at (0,0) size 784x52 [bgcolor=#FFFF00] [border: (1px outset #808080)]
        RenderTableSection {TBODY} at (1,1) size 782x50
          RenderTableRow {TR} at (0,0) size 782x50
            RenderTableCell {TD} at (0,16) size 74x18 [bgcolor=#FF0000] [border: (1px inset #808080)] [r=0 c=0 rs=1 cs=1]
              RenderText {#text} at (28,2) size 18x14
                text run at (28,2) width 18: "xxx"
            RenderTableCell {TD} at (74,0) size 634x50 [border: (1px inset #808080)] [r=0 c=1 rs=1 cs=1]
              RenderTable {TABLE} at (2,2) size 630x20 [bgcolor=#00FF00] [border: (1px outset #808080)]
                RenderTableSection {TBODY} at (1,1) size 628x18
                  RenderTableRow {TR} at (0,0) size 628x18
                    RenderTableCell {TH} at (0,0) size 628x18 [border: (1px inset #808080)] [r=0 c=0 rs=1 cs=1]
                      RenderText {#text} at (203,2) size 222x14
                        text run at (203,2) width 222: "IceWM, The Window Manager Cool As Ice"
              RenderBlock {P} at (2,34) size 630x14
                RenderText {#text} at (0,0) size 272x14
                  text run at (0,0) width 272: "IceWM is a small, but powerful window manager for the "
                RenderInline {A} at (0,0) size 103x14 [color=#0000EE]
                  RenderText {#text} at (272,0) size 103x14
                    text run at (272,0) width 103: "X11 Window System"
                RenderText {#text} at (375,0) size 174x14
                  text run at (375,0) width 174: " whose main goals are the following:"
            RenderTableCell {TD} at (708,16) size 74x18 [bgcolor=#0000FF] [border: (1px inset #808080)] [r=0 c=2 rs=1 cs=1]
              RenderText {#text} at (28,2) size 18x14
                text run at (28,2) width 18: "yyy"
