layer at (0,0) size 800x600
  RenderView at (0,0) size 800x600
layer at (0,0) size 800x600
  RenderBlock {HTML} at (0,0) size 800x600
    RenderBody {BODY} at (8,8) size 784x584
      RenderBlock (anonymous) at (0,0) size 784x14
        RenderText {#text} at (0,0) size 54x14
          text run at (0,0) width 54: "dom access"
      RenderTable {TABLE} at (0,14) size 52x30 [border: (1px outset #808080)]
        RenderTableSection {TBODY} at (1,1) size 50x28
          RenderTableRow {TR} at (0,1) size 50x26
            RenderTableCell {TD} at (1,1) size 48x26 [border: (5px solid #008000)] [r=0 c=0 rs=1 cs=1]
              RenderText {#text} at (6,6) size 36x14
                text run at (6,6) width 36: "100000"
      RenderBlock (anonymous) at (0,44) size 784x14
        RenderText {#text} at (0,0) size 43x14
          text run at (0,0) width 43: "reference"
      RenderTable {TABLE} at (0,58) size 52x30 [border: (1px outset #808080)]
        RenderTableSection {TBODY} at (1,1) size 50x28
          RenderTableRow {TR} at (0,1) size 50x26
            RenderTableCell {TD} at (1,1) size 48x26 [border: (5px solid #008000)] [r=0 c=0 rs=1 cs=1]
              RenderText {#text} at (6,6) size 36x14
                text run at (6,6) width 36: "100000"
