layer at (0,0) size 800x600
  RenderView at (0,0) size 800x600
layer at (0,0) size 800x600
  RenderBlock {HTML} at (0,0) size 800x600
    RenderBody {BODY} at (8,8) size 784x584
      RenderTable {TABLE} at (0,0) size 450x42
        RenderTableSection {TBODY} at (0,0) size 450x42
          RenderTableRow {TR} at (0,2) size 450x38
            RenderTableCell {TD} at (2,2) size 446x38 [r=0 c=0 rs=1 cs=1]
              RenderBlock (anonymous) at (1,1) size 444x14
                RenderTable {TABLE} at (0,0) size 444x16 [bgcolor=#FFFF00]
                  RenderTableSection {TBODY} at (0,0) size 444x16
                    RenderTableRow {TR} at (0,0) size 444x16
                      RenderTableCell {TD} at (0,0) size 444x16 [r=0 c=0 rs=1 cs=1]
                        RenderInline {FONT} at (0,0) size 9x11
                          RenderText {#text} at (2,2) size 9x11
                            text run at (2,2) width 9: "In"
                        RenderText {#text} at (0,0) size 0x0
                RenderBR {BR} at (0,0) size 0x14
              RenderTable {TABLE} at (1,17) size 439x20 [bgcolor=#FF00FF]
                RenderTableSection {TBODY} at (0,0) size 439x20
                  RenderTableRow {TR} at (0,2) size 439x16
                    RenderTableCell {TD} at (2,2) size 435x16 [r=0 c=0 rs=1 cs=1]
                      RenderText {#text} at (1,1) size 96x14
                        text run at (1,1) width 96: "Shop Till You Drop"
