layer at (0,0) size 800x624
  RenderView at (0,0) size 800x600
layer at (0,0) size 800x624
  RenderBlock {HTML} at (0,0) size 800x624
    RenderBody {BODY} at (8,8) size 784x608 [bgcolor=#C0C0C0]
      RenderTable {TABLE} at (0,0) size 117x150 [border: (20px outset #808080)]
        RenderTableSection {TBODY} at (20,20) size 77x110
          RenderTableRow {TR} at (0,10) size 77x90
            RenderTableCell {TD} at (10,46) size 57x18 [border: (1px inset #808080)] [r=0 c=0 rs=1 cs=1]
              RenderText {#text} at (2,2) size 53x14
                text run at (2,2) width 53: "cell content"
      RenderBlock {P} at (0,162) size 784x14
        RenderText {#text} at (0,0) size 458x14
          text run at (0,0) width 458: "The following two tables demostrates the bug with TD and TABLE both having height specified."
      RenderTable {TABLE} at (0,188) size 209x210 [border: (20px outset #808080)]
        RenderTableSection {TBODY} at (20,20) size 169x170
          RenderTableRow {TR} at (0,10) size 169x150
            RenderTableCell {TD} at (10,76) size 149x18 [border: (1px inset #808080)] [r=0 c=0 rs=1 cs=1]
              RenderText {#text} at (2,2) size 145x14
                text run at (2,2) width 145: "height=210 (150+2*10+2*20)"
      RenderTable {TABLE} at (0,398) size 222x210 [border: (20px outset #808080)]
        RenderTableSection {TBODY} at (20,20) size 182x170
          RenderTableRow {TR} at (0,10) size 182x150
            RenderTableCell {TD} at (10,76) size 162x18 [border: (1px inset #808080)] [r=0 c=0 rs=1 cs=1]
              RenderText {#text} at (2,2) size 158x14
                text run at (2,2) width 158: "height=211 (150+2*10+2*20+1)"
