layer at (0,0) size 800x600
  RenderView at (0,0) size 800x600
layer at (0,0) size 800x600
  RenderBlock {HTML} at (0,0) size 800x600
    RenderBody {BODY} at (8,8) size 784x584
      RenderTable {TABLE} at (0,0) size 450x88 [border: (1px solid #000000)]
        RenderTableSection {TBODY} at (1,1) size 448x86
          RenderTableRow {TR} at (0,2) size 448x82
            RenderTableCell {TD} at (2,2) size 444x82 [r=0 c=0 rs=1 cs=1]
              RenderTable {TABLE} at (1,1) size 442x22 [border: (1px solid #FF0000)]
                RenderTableSection {TBODY} at (1,1) size 440x20
                  RenderTableRow {TR} at (0,2) size 440x16
                    RenderTableCell {TD} at (2,2) size 436x16 [r=0 c=0 rs=1 cs=1]
                      RenderText {#text} at (1,1) size 16x14
                        text run at (1,1) width 16: "test"
              RenderTable {TABLE} at (1,23) size 437x58 [border: (1px solid #000000)]
                RenderTableSection {TBODY} at (1,1) size 435x56
                  RenderTableRow {TR} at (0,2) size 435x52
                    RenderTableCell {TD} at (2,2) size 431x52 [r=0 c=0 rs=1 cs=1]
                      RenderTable {TABLE} at (1,1) size 240x50 [border: (1px solid #000000)]
                        RenderTableSection {TBODY} at (1,1) size 238x48
                          RenderTableRow {TR} at (0,2) size 238x44
                            RenderTableCell {TD} at (2,2) size 234x44 [r=0 c=0 rs=1 cs=1]
                              RenderImage {IMG} at (1,3) size 9x9
                              RenderText {#text} at (10,1) size 99x14
                                text run at (10,1) width 99: " Shop Till You Drop"
                              RenderBR {BR} at (109,12) size 0x0
                              RenderText {#text} at (1,15) size 209x14
                                text run at (1,15) width 209: "From Regina Lewis, AOL's Online Advisor"
                              RenderBR {BR} at (210,26) size 0x0
                              RenderImage {IMG} at (1,31) size 9x9
                              RenderText {#text} at (10,29) size 223x14
                                text run at (10,29) width 223: " Forget Dates? Don't Worry We'll Remind You"
                              RenderBR {BR} at (233,40) size 0x0
