layer at (0,0) size 800x600
  RenderView at (0,0) size 800x600
layer at (0,0) size 800x600
  RenderBlock {HTML} at (0,0) size 800x600
    RenderBody {BODY} at (8,8) size 784x584
      RenderTable {TABLE} at (0,0) size 784x28
        RenderTableSection {TBODY} at (0,0) size 784x28
          RenderTableRow {TR} at (0,0) size 784x28
            RenderTableCell {TD} at (0,7) size 135x14 [bgcolor=#DDDDDD] [r=0 c=0 rs=1 cs=1]
              RenderTable {TABLE} at (0,0) size 135x14
                RenderTableSection {TBODY} at (0,0) size 135x14
                  RenderTableRow {TR} at (0,0) size 135x14
                    RenderTableCell {TD} at (0,0) size 135x14 [r=0 c=0 rs=1 cs=1]
                      RenderText {#text} at (0,0) size 102x14
                        text run at (0,0) width 102: "should be 135 pixels-"
            RenderTableCell {TD} at (135,0) size 649x28 [r=0 c=1 rs=1 cs=1]
              RenderText {#text} at (0,0) size 622x28
                text run at (0,0) width 351: "Spain stretched their unbeaten streak to six games as they beat Croatia 3-1 "
                text run at (351,0) width 271: "in a friendly at Seville's new Olympic stadium which was"
                text run at (0,14) width 73: "inaugurated on "
                text run at (73,14) width 58: "Wednesday."
