layer at (0,0) size 800x600
  RenderView at (0,0) size 800x600
layer at (0,0) size 800x600
  RenderBlock {HTML} at (0,0) size 800x600
    RenderBody {BODY} at (8,8) size 784x584
      RenderBlock (anonymous) at (0,0) size 784x14
        RenderText {#text} at (0,0) size 3x14
          text run at (0,0) width 3: " "
      RenderTable {TABLE} at (0,14) size 136x48 [border: (1px outset #808080)]
        RenderTableSection {TBODY} at (1,1) size 134x46
          RenderTableRow {TR} at (0,2) size 134x20
            RenderTableCell {TD} at (2,2) size 58x20 [border: (1px inset #808080)] [r=0 c=0 rs=1 cs=1]
              RenderText {#text} at (3,3) size 52x14
                text run at (3,3) width 52: "Colspan=0"
          RenderTableRow {TR} at (0,24) size 134x20
            RenderTableCell {TD} at (2,24) size 58x20 [border: (1px inset #808080)] [r=1 c=0 rs=1 cs=1]
              RenderText {#text} at (3,3) size 28x14
                text run at (3,3) width 28: "Cell 2"
            RenderTableCell {TD} at (62,24) size 34x20 [border: (1px inset #808080)] [r=1 c=1 rs=1 cs=1]
              RenderText {#text} at (3,3) size 28x14
                text run at (3,3) width 28: "Cell 3"
            RenderTableCell {TD} at (98,24) size 34x20 [border: (1px inset #808080)] [r=1 c=2 rs=1 cs=1]
              RenderText {#text} at (3,3) size 28x14
                text run at (3,3) width 28: "Cell 4"
      RenderBlock (anonymous) at (0,62) size 784x14
        RenderBR {BR} at (0,0) size 0x14
      RenderTable {TABLE} at (0,76) size 136x70 [border: (1px outset #808080)]
        RenderTableSection {TBODY} at (1,1) size 134x68
          RenderTableRow {TR} at (0,2) size 134x20
            RenderTableCell {TD} at (2,2) size 58x20 [border: (1px inset #808080)] [r=0 c=0 rs=1 cs=1]
              RenderText {#text} at (3,3) size 28x14
                text run at (3,3) width 28: "Cell 2"
            RenderTableCell {TD} at (62,2) size 34x20 [border: (1px inset #808080)] [r=0 c=1 rs=1 cs=1]
              RenderText {#text} at (3,3) size 28x14
                text run at (3,3) width 28: "Cell 3"
            RenderTableCell {TD} at (98,2) size 34x20 [border: (1px inset #808080)] [r=0 c=2 rs=1 cs=1]
              RenderText {#text} at (3,3) size 28x14
                text run at (3,3) width 28: "Cell 4"
          RenderTableRow {TR} at (0,24) size 134x20
            RenderTableCell {TD} at (2,24) size 58x20 [border: (1px inset #808080)] [r=1 c=0 rs=1 cs=1]
              RenderText {#text} at (3,3) size 52x14
                text run at (3,3) width 52: "Colspan=0"
          RenderTableRow {TR} at (0,46) size 134x20
            RenderTableCell {TD} at (2,46) size 58x20 [border: (1px inset #808080)] [r=2 c=0 rs=1 cs=1]
              RenderText {#text} at (3,3) size 28x14
                text run at (3,3) width 28: "Cell 5"
            RenderTableCell {TD} at (62,46) size 34x20 [border: (1px inset #808080)] [r=2 c=1 rs=1 cs=1]
              RenderText {#text} at (3,3) size 28x14
                text run at (3,3) width 28: "Cell 6"
            RenderTableCell {TD} at (98,46) size 34x20 [border: (1px inset #808080)] [r=2 c=2 rs=1 cs=1]
              RenderText {#text} at (3,3) size 28x14
                text run at (3,3) width 28: "Cell 7"
