layer at (0,0) size 800x600
  RenderView at (0,0) size 800x600
layer at (0,0) size 800x600
  RenderBlock {HTML} at (0,0) size 800x600
    RenderBody {BODY} at (8,8) size 784x584
      RenderBlock {H3} at (0,0) size 784x16
        RenderText {#text} at (0,0) size 148x15
          text run at (0,0) width 148: "With long hidden values"
      RenderTable {TABLE} at (0,30) size 212x76 [border: (1px solid #FF0000)]
        RenderTableSection {TBODY} at (1,1) size 210x74
          RenderTableRow {TR} at (0,2) size 210x68
            RenderTableCell {TD} at (2,2) size 206x68 [r=0 c=0 rs=1 cs=1]
              RenderBlock {FORM} at (1,1) size 204x54
                RenderTextControl {INPUT} at (2,4) size 131x28 [color=#202020]
                RenderText {#text} at (135,13) size 3x14
                  text run at (135,13) width 3: " "
                RenderButton {INPUT} at (140,2) size 59x36 [color=#202020]
                  RenderBlock (anonymous) at (15,8) size 29x18
                    RenderText at (0,0) size 29x17
                      text run at (0,0) width 29: " Go "
                RenderText {#text} at (201,13) size 3x14
                  text run at (201,13) width 3: " "
                RenderBR {BR} at (204,24) size 0x0
                RenderText {#text} at (0,40) size 139x14
                  text run at (0,40) width 139: "Enter City Name or Zip Code"
          RenderTableRow {TR} at (0,72) size 210x0
      RenderBlock {HR} at (0,112) size 784x2 [border: (1px inset #000000)]
      RenderBlock {H3} at (0,128) size 784x16
        RenderText {#text} at (0,0) size 153x15
          text run at (0,0) width 153: "With short hidden values"
      RenderTable {TABLE} at (0,158) size 212x76 [border: (1px solid #FF0000)]
        RenderTableSection {TBODY} at (1,1) size 210x74
          RenderTableRow {TR} at (0,2) size 210x68
            RenderTableCell {TD} at (2,2) size 206x68 [r=0 c=0 rs=1 cs=1]
              RenderBlock {FORM} at (1,1) size 204x54
                RenderTextControl {INPUT} at (2,4) size 131x28 [color=#202020]
                RenderText {#text} at (135,13) size 3x14
                  text run at (135,13) width 3: " "
                RenderButton {INPUT} at (140,2) size 59x36 [color=#202020]
                  RenderBlock (anonymous) at (15,8) size 29x18
                    RenderText at (0,0) size 29x17
                      text run at (0,0) width 29: " Go "
                RenderText {#text} at (201,13) size 3x14
                  text run at (201,13) width 3: " "
                RenderBR {BR} at (204,24) size 0x0
                RenderText {#text} at (0,40) size 139x14
                  text run at (0,40) width 139: "Enter City Name or Zip Code"
          RenderTableRow {TR} at (0,72) size 210x0
layer at (18,52) size 124x18
  RenderBlock {DIV} at (4,6) size 124x18
layer at (18,180) size 124x18
  RenderBlock {DIV} at (4,6) size 124x18
