layer at (0,0) size 800x600
  RenderView at (0,0) size 800x600
layer at (0,0) size 800x600
  RenderBlock {HTML} at (0,0) size 800x600
    RenderBody {BODY} at (8,8) size 784x584
      RenderTable {TABLE} at (0,0) size 56x38
        RenderTableCol {COLGROUP} at (0,0) size 0x0
          RenderTableCol {COL} at (0,0) size 0x0
        RenderTableSection {TBODY} at (0,0) size 56x38
          RenderTableRow {TR} at (0,2) size 56x16
            RenderTableCell {TD} at (2,2) size 52x16 [r=0 c=0 rs=1 cs=2]
              RenderText {#text} at (1,1) size 9x14
                text run at (1,1) width 9: "A"
          RenderTableRow {TR} at (0,20) size 56x16
            RenderTableCell {TD} at (2,20) size 10x16 [r=1 c=0 rs=1 cs=1]
              RenderText {#text} at (1,1) size 8x14
                text run at (1,1) width 8: "B"
            RenderTableCell {TD} at (14,20) size 40x16 [r=1 c=1 rs=1 cs=1]
              RenderText {#text} at (1,1) size 8x14
                text run at (1,1) width 8: "C"
