layer at (0,0) size 800x600
  RenderView at (0,0) size 800x600
layer at (0,0) size 800x600
  RenderBlock {HTML} at (0,0) size 800x600
    RenderBody {BODY} at (8,8) size 784x584
      RenderBlock (anonymous) at (0,0) size 784x14
        RenderInline {FONT} at (0,0) size 122x14
          RenderText {#text} at (0,0) size 122x14
            text run at (0,0) width 122: "Blah, blah in Helvetica"
      RenderBlock (anonymous) at (0,14) size 784x20
        RenderTable {TABLE} at (0,0) size 191x20
          RenderTableSection {TBODY} at (0,0) size 191x20
            RenderTableRow {TR} at (0,2) size 191x16
              RenderTableCell {TD} at (2,2) size 187x16 [r=0 c=0 rs=1 cs=1]
                RenderText {#text} at (1,1) size 185x14
                  text run at (1,1) width 185: "Text here is in times, not Helvetica"
      RenderBlock (anonymous) at (0,34) size 784x0
        RenderInline {FONT} at (0,0) size 0x0
        RenderText {#text} at (0,0) size 0x0
