layer at (0,0) size 950x600
  RenderView at (0,0) size 800x600
layer at (0,0) size 800x600
  RenderBlock {HTML} at (0,0) size 800x600
    RenderBody {BODY} at (8,8) size 784x584
      RenderTable {TABLE} at (0,0) size 942x22 [bgcolor=#FFFFFF]
        RenderTableSection {TBODY} at (0,0) size 942x22
          RenderTableRow {TR} at (0,0) size 942x22
            RenderTableCell {TD} at (0,0) size 468x22 [r=0 c=0 rs=1 cs=1]
              RenderBlock {PRE} at (0,0) size 468x22
                RenderInline {FONT} at (0,0) size 468x22
                  RenderText {#text} at (0,0) size 468x22
                    text run at (0,0) width 468: "/* -*- Mode: C++; tab-width: 2; indent-tabs-mode: nil; c-basic-offset: 2 -*-  "
                    text run at (468,0) width 0: " "
                    text run at (0,11) width 12: "  "
            RenderTableCell {TD} at (468,5) size 474x11 [r=0 c=1 rs=1 cs=1]
              RenderBlock {PRE} at (0,0) size 474x11
                RenderInline {FONT} at (0,0) size 474x11
                  RenderText {#text} at (0,0) size 474x11
                    text run at (0,0) width 474: "/* -*- Mode: C++; tab-width: 2; indent-tabs-mode: nil; c-basic-offset: 2 -*-   "
                    text run at (474,0) width 0: " "
