layer at (0,0) size 800x600
  RenderView at (0,0) size 800x600
layer at (0,0) size 800x110
  RenderBlock {HTML} at (0,0) size 800x110
    RenderBody {BODY} at (8,8) size 784x94
      RenderTable {TABLE} at (0,0) size 68x94 [border: (1px outset #808080)]
        RenderTableSection {TBODY} at (1,1) size 66x46
          RenderTableRow {TR} at (0,2) size 66x42
            RenderTableCell {TH} at (2,21) size 29x4 [border: (1px inset #808080)] [r=0 c=0 rs=1 cs=1]
            RenderTableCell {TD} at (33,2) size 31x42 [border: (1px inset #808080)] [r=0 c=1 rs=1 cs=1]
              RenderBlock {P} at (2,14) size 27x14
                RenderText {#text} at (0,0) size 27x14
                  text run at (0,0) width 27: "TWO"
        RenderTableCol {COLGROUP} at (0,0) size 0x0
          RenderTableCol {COL} at (0,0) size 0x0
        RenderTableSection {TBODY} at (1,47) size 66x46
          RenderTableRow {TR} at (0,2) size 66x42
            RenderTableCell {TD} at (2,2) size 29x42 [border: (1px inset #808080)] [r=0 c=0 rs=1 cs=1]
              RenderBlock {P} at (2,14) size 25x14
                RenderText {#text} at (0,0) size 25x14
                  text run at (0,0) width 25: "ONE"
        RenderTableCol {COLGROUP} at (0,0) size 0x0
          RenderTableCol {COL} at (0,0) size 0x0
