layer at (0,0) size 800x600
  RenderView at (0,0) size 800x600
layer at (0,0) size 800x600
  RenderBlock {HTML} at (0,0) size 800x600
    RenderBody {BODY} at (8,8) size 784x584
      RenderBlock {P} at (0,0) size 784x14
        RenderInline {B} at (0,0) size 290x14
          RenderText {#text} at (0,0) size 290x14
            text run at (0,0) width 290: "(1) Colspanning TD has fixed width equal to table width"
      RenderTable {TABLE} at (0,26) size 340x34 [bgcolor=#FFFFCC] [border: (1px outset #808080)]
        RenderTableSection {TBODY} at (1,1) size 338x32
          RenderTableRow {TR} at (0,0) size 338x16
            RenderTableCell {TD} at (0,0) size 338x16 [border: (1px inset #808080)] [r=0 c=0 rs=1 cs=2]
              RenderText {#text} at (1,1) size 125x14
                text run at (1,1) width 125: "width=340 (same as table)"
          RenderTableRow {TR} at (0,16) size 338x16
            RenderTableCell {TD} at (0,16) size 82x16 [border: (1px inset #808080)] [r=1 c=0 rs=1 cs=1]
              RenderText {#text} at (1,1) size 52x14
                text run at (1,1) width 52: "Search for:"
            RenderTableCell {TD} at (82,16) size 256x16 [border: (1px inset #808080)] [r=1 c=1 rs=1 cs=1]
              RenderText {#text} at (1,1) size 165x14
                text run at (1,1) width 165: "foo bar baz foo bar baz foo bar baz"
      RenderBlock {P} at (0,72) size 784x14
        RenderInline {B} at (0,0) size 183x14
          RenderText {#text} at (0,0) size 183x14
            text run at (0,0) width 183: "(2) Colspanning TD has auto width"
      RenderTable {TABLE} at (0,98) size 340x34 [bgcolor=#FFFFCC] [border: (1px outset #808080)]
        RenderTableSection {TBODY} at (1,1) size 338x32
          RenderTableRow {TR} at (0,0) size 338x16
            RenderTableCell {TD} at (0,0) size 338x16 [border: (1px inset #808080)] [r=0 c=0 rs=1 cs=2]
              RenderText {#text} at (1,1) size 83x14
                text run at (1,1) width 83: "no width attribute"
          RenderTableRow {TR} at (0,16) size 338x16
            RenderTableCell {TD} at (0,16) size 82x16 [border: (1px inset #808080)] [r=1 c=0 rs=1 cs=1]
              RenderText {#text} at (1,1) size 52x14
                text run at (1,1) width 52: "Search for:"
            RenderTableCell {TD} at (82,16) size 256x16 [border: (1px inset #808080)] [r=1 c=1 rs=1 cs=1]
              RenderText {#text} at (1,1) size 165x14
                text run at (1,1) width 165: "foo bar baz foo bar baz foo bar baz"
      RenderBlock {P} at (0,144) size 784x14
        RenderInline {B} at (0,0) size 195x14
          RenderText {#text} at (0,0) size 195x14
            text run at (0,0) width 195: "(3) Colspanning TD has width=100px"
      RenderTable {TABLE} at (0,170) size 340x34 [bgcolor=#FFFFCC] [border: (1px outset #808080)]
        RenderTableSection {TBODY} at (1,1) size 338x32
          RenderTableRow {TR} at (0,0) size 338x16
            RenderTableCell {TD} at (0,0) size 338x16 [border: (1px inset #808080)] [r=0 c=0 rs=1 cs=2]
              RenderText {#text} at (1,1) size 64x14
                text run at (1,1) width 64: "width=100px"
          RenderTableRow {TR} at (0,16) size 338x16
            RenderTableCell {TD} at (0,16) size 82x16 [border: (1px inset #808080)] [r=1 c=0 rs=1 cs=1]
              RenderText {#text} at (1,1) size 52x14
                text run at (1,1) width 52: "Search for:"
            RenderTableCell {TD} at (82,16) size 256x16 [border: (1px inset #808080)] [r=1 c=1 rs=1 cs=1]
              RenderText {#text} at (1,1) size 165x14
                text run at (1,1) width 165: "foo bar baz foo bar baz foo bar baz"
      RenderBlock {P} at (0,216) size 784x14
        RenderInline {B} at (0,0) size 195x14
          RenderText {#text} at (0,0) size 195x14
            text run at (0,0) width 195: "(4) Colspanning TD has width=200px"
      RenderTable {TABLE} at (0,242) size 340x34 [bgcolor=#FFFFCC] [border: (1px outset #808080)]
        RenderTableSection {TBODY} at (1,1) size 338x32
          RenderTableRow {TR} at (0,0) size 338x16
            RenderTableCell {TD} at (0,0) size 338x16 [border: (1px inset #808080)] [r=0 c=0 rs=1 cs=2]
              RenderText {#text} at (1,1) size 64x14
                text run at (1,1) width 64: "width=200px"
          RenderTableRow {TR} at (0,16) size 338x16
            RenderTableCell {TD} at (0,16) size 82x16 [border: (1px inset #808080)] [r=1 c=0 rs=1 cs=1]
              RenderText {#text} at (1,1) size 52x14
                text run at (1,1) width 52: "Search for:"
            RenderTableCell {TD} at (82,16) size 256x16 [border: (1px inset #808080)] [r=1 c=1 rs=1 cs=1]
              RenderText {#text} at (1,1) size 165x14
                text run at (1,1) width 165: "foo bar baz foo bar baz foo bar baz"
      RenderBlock {P} at (0,288) size 784x14
        RenderInline {B} at (0,0) size 194x14
          RenderText {#text} at (0,0) size 194x14
            text run at (0,0) width 194: "(5) Colspanning TD has width=100%"
      RenderTable {TABLE} at (0,314) size 340x34 [bgcolor=#FFFFCC] [border: (1px outset #808080)]
        RenderTableSection {TBODY} at (1,1) size 338x32
          RenderTableRow {TR} at (0,0) size 338x16
            RenderTableCell {TD} at (0,0) size 338x16 [border: (1px inset #808080)] [r=0 c=0 rs=1 cs=2]
              RenderText {#text} at (1,1) size 62x14
                text run at (1,1) width 62: "width=100%"
          RenderTableRow {TR} at (0,16) size 338x16
            RenderTableCell {TD} at (0,16) size 83x16 [border: (1px inset #808080)] [r=1 c=0 rs=1 cs=1]
              RenderText {#text} at (1,1) size 52x14
                text run at (1,1) width 52: "Search for:"
            RenderTableCell {TD} at (83,16) size 255x16 [border: (1px inset #808080)] [r=1 c=1 rs=1 cs=1]
              RenderText {#text} at (1,1) size 165x14
                text run at (1,1) width 165: "foo bar baz foo bar baz foo bar baz"
