layer at (0,0) size 800x600
  RenderView at (0,0) size 800x600
layer at (0,0) size 800x600
  RenderBlock {HTML} at (0,0) size 800x600
    RenderBody {BODY} at (8,8) size 784x584 [bgcolor=#FFFFFF]
      RenderBlock {P} at (0,0) size 784x28
        RenderInline {B} at (0,0) size 325x28
          RenderText {#text} at (0,0) size 117x14
            text run at (0,0) width 117: "Testcase distilled from "
          RenderInline {A} at (0,0) size 208x14 [color=#0000EE]
            RenderText {#text} at (117,0) size 208x14
              text run at (117,0) width 208: "http://www.linuxplanet.com/linuxplanet/"
          RenderBR {BR} at (325,11) size 0x0
          RenderText {#text} at (0,14) size 108x14
            text run at (0,14) width 108: "First cell is coded as: "
        RenderInline {CODE} at (0,0) size 216x11
          RenderText {#text} at (108,17) size 216x11
            text run at (108,17) width 216: "<TD><form>Weekly Poll<P></form></TD>"
      RenderTable {TABLE} at (0,40) size 784x50
        RenderTableSection {TBODY} at (0,0) size 784x50
          RenderTableRow {TR} at (0,0) size 784x50
            RenderTableCell {TD} at (0,5) size 36x40 [r=0 c=0 rs=1 cs=1]
              RenderBlock {FORM} at (0,0) size 36x28
                RenderBlock (anonymous) at (0,0) size 36x28
                  RenderText {#text} at (0,0) size 36x28
                    text run at (0,0) width 36: "Weekly"
                    text run at (0,14) width 19: "Poll"
                RenderBlock {P} at (0,40) size 36x0
            RenderTableCell {TD} at (36,0) size 1x50 [r=0 c=1 rs=1 cs=1]
              RenderImage {IMG} at (0,0) size 1x50
            RenderTableCell {TD} at (37,18) size 747x14 [r=0 c=2 rs=1 cs=1]
              RenderBR {BR} at (0,0) size 0x14
