layer at (0,0) size 800x600
  RenderView at (0,0) size 800x600
layer at (0,0) size 800x600
  RenderBlock {HTML} at (0,0) size 800x600
    RenderBody {BODY} at (8,8) size 784x584 [bgcolor=#FFFFFF]
      RenderTable {TABLE} at (0,0) size 477x46 [bgcolor=#000000]
        RenderTableSection {TBODY} at (0,0) size 477x46
          RenderTableRow {TR} at (0,0) size 477x46
            RenderTableCell {TD} at (0,0) size 477x46 [r=0 c=0 rs=1 cs=1]
              RenderTable {TABLE} at (1,1) size 475x44 [bgcolor=#959595]
                RenderTableSection {TBODY} at (0,0) size 475x44
                  RenderTableRow {TR} at (0,0) size 475x22
                    RenderTableCell {TD} at (0,0) size 475x22 [bgcolor=#6666CC] [r=0 c=0 rs=1 cs=1]
                      RenderInline {FONT} at (0,0) size 173x14 [color=#FFFFFF]
                        RenderInline {B} at (0,0) size 173x14
                          RenderText {#text} at (151,4) size 173x14
                            text run at (151,4) width 141: "BrowserWatch Headline "
                            text run at (292,4) width 32: "News"
                  RenderTableRow {TR} at (0,22) size 475x22
                    RenderTableCell {TD} at (0,22) size 475x22 [bgcolor=#D4D4D4] [r=1 c=0 rs=1 cs=1]
                      RenderText {#text} at (4,4) size 18x14
                        text run at (4,4) width 18: "xxx"
