layer at (0,0) size 800x600
  RenderView at (0,0) size 800x600
layer at (0,0) size 800x600
  RenderBlock {HTML} at (0,0) size 800x600
    RenderBody {BODY} at (8,8) size 784x584
      RenderBlock {CENTER} at (0,0) size 784x178
        RenderTable {TABLE} at (68,0) size 647x178 [border: (1px solid #FF0000)]
          RenderTableSection {TBODY} at (1,1) size 644x175
            RenderTableRow {TR} at (0,0) size 644x18
              RenderTableCell {TD} at (0,0) size 644x18 [border: (2px solid #FF0000)] [r=0 c=0 rs=1 cs=2]
                RenderText {#text} at (3,3) size 133x14
                  text run at (3,3) width 133: "parent table, 1st row, 1st col"
            RenderTableRow {TR} at (0,18) size 644x157
              RenderTableCell {TD} at (0,18) size 159x157 [border: (1px solid #FF0000)] [r=1 c=0 rs=1 cs=1]
                RenderBlock {FORM} at (3,2) size 155x141
                  RenderTable {TABLE} at (0,0) size 155x141 [border: (1px solid #00FF00)]
                    RenderTableSection {TBODY} at (1,1) size 152x138
                      RenderTableRow {TR} at (0,0) size 152x18
                        RenderTableCell {TD} at (0,0) size 152x18 [border: (2px solid #00FF00)] [r=0 c=0 rs=1 cs=1]
                          RenderText {#text} at (3,3) size 17x14
                            text run at (3,3) width 17: "text"
                      RenderTableRow {TR} at (0,18) size 152x43
                        RenderTableCell {TD} at (0,18) size 152x43 [border: (1px solid #00FF00)] [r=1 c=0 rs=1 cs=1]
                          RenderTable {TABLE} at (3,2) size 147x40 [border: (1px solid #FFFF00)]
                            RenderTableSection {TBODY} at (1,1) size 144x37
                              RenderTableRow {TR} at (0,0) size 144x37
                                RenderTableCell {TD} at (0,0) size 121x37 [border: (2px solid #FFFF00)] [r=0 c=0 rs=1 cs=1]
                                  RenderTextControl {INPUT} at (5,5) size 113x28 [color=#202020]
                                  RenderText {#text} at (0,0) size 0x0
                                RenderTableCell {TD} at (121,3) size 23x31 [border: (2px solid #FFFF00)] [r=0 c=1 rs=1 cs=1]
                                  RenderImage {INPUT} at (2,7) size 19x18
                                  RenderText {#text} at (0,0) size 0x0
                      RenderTableRow {TR} at (0,61) size 152x17
                        RenderTableCell {TD} at (0,61) size 152x17 [border: (1px solid #00FF00)] [r=2 c=0 rs=1 cs=1]
                          RenderText {#text} at (3,2) size 17x14
                            text run at (3,2) width 17: "text"
                      RenderTableRow {TR} at (0,78) size 152x42
                        RenderTableCell {TD} at (0,78) size 152x42 [border: (1px solid #00FF00)] [r=3 c=0 rs=1 cs=1]
                          RenderBlock (anonymous) at (3,2) size 147x0
                            RenderInline {FONT} at (0,0) size 0x0
                          RenderTable {TABLE} at (3,2) size 131x39 [border: (1px solid #FF00FF)]
                            RenderTableSection {TBODY} at (1,1) size 128x36
                              RenderTableRow {TR} at (0,0) size 128x18
                                RenderTableCell {TD} at (0,0) size 128x18 [border: (2px solid #FF00FF)] [r=0 c=0 rs=1 cs=1]
                                  RenderText {#text} at (3,3) size 39x14
                                    text run at (3,3) width 39: "problem"
                              RenderTableRow {TR} at (0,18) size 128x18
                                RenderTableCell {TD} at (0,18) size 128x18 [border: (1px solid #FF00FF)] [r=1 c=0 rs=1 cs=1]
                                  RenderText {#text} at (3,2) size 39x14
                                    text run at (3,2) width 39: "problem"
                      RenderTableRow {TR} at (0,120) size 152x18
                        RenderTableCell {TD} at (0,120) size 152x18 [border: (1px solid #00FF00)] [r=4 c=0 rs=1 cs=1]
                          RenderText {#text} at (3,2) size 17x14
                            text run at (3,2) width 17: "text"
              RenderTableCell {TD} at (159,18) size 485x26 [border: (1px solid #FF0000)] [r=1 c=1 rs=1 cs=1]
                RenderTable {TABLE} at (2,2) size 481x22 [border: (1px solid #0000FF)]
                  RenderTableSection {TBODY} at (1,1) size 478x19
                    RenderTableRow {TR} at (0,0) size 478x19
                      RenderTableCell {TD} at (0,0) size 478x19 [border: (2px solid #0000FF)] [r=0 c=0 rs=1 cs=1]
                        RenderText {#text} at (3,3) size 35x14
                          text run at (3,3) width 35: "overlap"
layer at (94,62) size 106x18
  RenderBlock {DIV} at (4,6) size 106x18
