layer at (0,0) size 800x600
  RenderView at (0,0) size 800x600
layer at (0,0) size 800x600
  RenderBlock {HTML} at (0,0) size 800x600
    RenderBody {BODY} at (8,8) size 784x584
      RenderTable {TABLE} at (0,0) size 105x30 [border: (1px outset #808080)]
        RenderTableSection {TBODY} at (1,1) size 103x28
          RenderTableRow {TR} at (0,2) size 103x24
            RenderTableCell {TD} at (2,2) size 99x24 [border: (1px inset #808080)] [r=0 c=0 rs=1 cs=1]
              RenderTable {TABLE} at (2,2) size 95x20 [bgcolor=#FFCC99]
                RenderTableSection {TBODY} at (0,0) size 95x20
                  RenderTableRow {TR} at (0,2) size 95x16
                    RenderTableCell {TD} at (2,2) size 24x16 [bgcolor=#FF6600] [r=0 c=0 rs=1 cs=1]
                      RenderText {#text} at (1,1) size 22x14
                        text run at (1,1) width 22: "Find"
                    RenderTableCell {TD} at (28,2) size 65x16 [r=0 c=1 rs=1 cs=1]
                      RenderText {#text} at (1,1) size 63x14
                        text run at (1,1) width 63: "rick was here"
