layer at (0,0) size 800x600
  RenderView at (0,0) size 800x600
layer at (0,0) size 800x600
  RenderBlock {HTML} at (0,0) size 800x600
    RenderBody {BODY} at (8,8) size 784x584
      RenderBlock (anonymous) at (0,0) size 784x14
        RenderText {#text} at (0,0) size 199x14
          text run at (0,0) width 199: "two and words should be on the same line"
      RenderTable {TABLE} at (0,14) size 600x28
        RenderTableSection {TBODY} at (0,0) size 600x28
          RenderTableRow {TR} at (0,0) size 600x14
            RenderTableCell {TD} at (0,0) size 150x14 [r=0 c=0 rs=1 cs=1]
              RenderText {#text} at (0,0) size 51x14
                text run at (0,0) width 51: "two words"
            RenderTableCell {TD} at (150,0) size 450x14 [r=0 c=1 rs=1 cs=1]
              RenderText {#text} at (0,0) size 20x14
                text run at (0,0) width 20: "blah"
          RenderTableRow {TR} at (0,14) size 600x14
            RenderTableCell {TD} at (0,14) size 600x14 [r=1 c=0 rs=1 cs=2]
              RenderText {#text} at (0,0) size 20x14
                text run at (0,0) width 20: "blah"
