layer at (0,0) size 800x722
  RenderView at (0,0) size 800x600
layer at (0,0) size 800x722
  RenderBlock {HTML} at (0,0) size 800x722
    RenderBody {BODY} at (8,16) size 784x694
      RenderBlock {H1} at (0,0) size 784x28
        RenderText {#text} at (0,1) size 256x26
          text run at (0,1) width 256: "Anonymous table objects"
      RenderBlock {P} at (0,44) size 784x14
        RenderText {#text} at (0,0) size 37x14
          text run at (0,0) width 37: "See the "
        RenderInline {A} at (0,0) size 117x14 [color=#0000EE]
          RenderText {#text} at (37,0) size 117x14
            text run at (37,0) width 40: "relevant "
            text run at (77,0) width 77: "section of CSS2"
        RenderText {#text} at (154,0) size 94x14
          text run at (154,0) width 94: " for an explanation. "
        RenderInline {STRONG} at (0,0) size 207x14
          RenderText {#text} at (248,0) size 207x14
            text run at (248,0) width 93: "This test does not "
            text run at (341,0) width 114: "test inline-tables at all."
        RenderText {#text} at (0,0) size 0x0
      RenderBlock {H2} at (0,72) size 784x21
        RenderText {#text} at (0,0) size 50x20
          text run at (0,0) width 50: "Rule 1"
      RenderTable {DIV} at (0,107) size 107x14 [bgcolor=#00FFFF]
        RenderTableSection (anonymous) at (0,0) size 107x14
          RenderTableRow (anonymous) at (0,0) size 107x14
            RenderTableCell (anonymous) at (0,0) size 107x14 [r=0 c=0 rs=1 cs=1]
              RenderText {#text} at (0,0) size 107x14
                text run at (0,0) width 107: "Table 1, Cell 1, Row 1"
      RenderBlock {H2} at (0,135) size 784x21
        RenderText {#text} at (0,0) size 50x20
          text run at (0,0) width 50: "Rule 2"
      RenderBlock {DIV} at (0,170) size 784x14
        RenderTable at (0,0) size 428x14
          RenderTableSection (anonymous) at (0,0) size 428x14
            RenderTableRow (anonymous) at (0,0) size 428x14
              RenderTableCell {SPAN} at (0,0) size 107x14 [bgcolor=#00FFFF] [r=0 c=0 rs=1 cs=1]
                RenderText {#text} at (0,0) size 107x14
                  text run at (0,0) width 107: "Table 1, Row 1, Cell 1"
              RenderTableCell {SPAN} at (107,0) size 107x14 [bgcolor=#00FFFF] [r=0 c=1 rs=1 cs=1]
                RenderText {#text} at (0,0) size 107x14
                  text run at (0,0) width 107: "Table 1, Row 1, Cell 2"
              RenderTableCell {SPAN} at (214,0) size 107x14 [bgcolor=#00FFFF] [r=0 c=2 rs=1 cs=1]
                RenderText {#text} at (0,0) size 107x14
                  text run at (0,0) width 107: "Table 1, Row 1, Cell 3"
              RenderTableCell {SPAN} at (321,0) size 107x14 [bgcolor=#00FFFF] [r=0 c=3 rs=1 cs=1]
                RenderText {#text} at (0,0) size 107x14
                  text run at (0,0) width 107: "Table 1, Row 1, Cell 4"
      RenderBlock {DIV} at (0,196) size 784x42
        RenderTable at (0,0) size 428x42
          RenderTableSection (anonymous) at (0,0) size 428x42
            RenderTableRow (anonymous) at (0,0) size 428x14
              RenderTableCell {SPAN} at (0,0) size 107x14 [bgcolor=#00FFFF] [r=0 c=0 rs=1 cs=1]
                RenderText {#text} at (0,0) size 107x14
                  text run at (0,0) width 107: "Table 2, Row 1, Cell 1"
              RenderTableCell {SPAN} at (107,0) size 107x14 [bgcolor=#00FFFF] [r=0 c=1 rs=1 cs=1]
                RenderText {#text} at (0,0) size 107x14
                  text run at (0,0) width 107: "Table 2, Row 1, Cell 2"
              RenderTableCell {SPAN} at (214,0) size 107x14 [bgcolor=#00FFFF] [r=0 c=2 rs=1 cs=1]
                RenderText {#text} at (0,0) size 107x14
                  text run at (0,0) width 107: "Table 2, Row 1, Cell 3"
              RenderTableCell {SPAN} at (321,0) size 107x14 [bgcolor=#00FFFF] [r=0 c=3 rs=1 cs=1]
                RenderText {#text} at (0,0) size 107x14
                  text run at (0,0) width 107: "Table 2, Row 1, Cell 4"
            RenderTableRow {SPAN} at (0,14) size 428x14 [bgcolor=#00FFFF]
              RenderTableCell {SPAN} at (0,14) size 107x14 [r=1 c=0 rs=1 cs=1]
                RenderText {#text} at (0,0) size 107x14
                  text run at (0,0) width 107: "Table 2, Row 2, Cell 1"
              RenderTableCell {SPAN} at (107,14) size 107x14 [r=1 c=1 rs=1 cs=1]
                RenderText {#text} at (0,0) size 107x14
                  text run at (0,0) width 107: "Table 2, Row 2, Cell 2"
              RenderTableCell {SPAN} at (214,14) size 107x14 [r=1 c=2 rs=1 cs=1]
                RenderText {#text} at (0,0) size 107x14
                  text run at (0,0) width 107: "Table 2, Row 2, Cell 3"
              RenderTableCell {SPAN} at (321,14) size 107x14 [r=1 c=3 rs=1 cs=1]
                RenderText {#text} at (0,0) size 107x14
                  text run at (0,0) width 107: "Table 2, Row 2, Cell 4"
            RenderTableRow (anonymous) at (0,28) size 428x14
              RenderTableCell {SPAN} at (0,28) size 107x14 [bgcolor=#00FFFF] [r=2 c=0 rs=1 cs=1]
                RenderText {#text} at (0,0) size 107x14
                  text run at (0,0) width 107: "Table 2, Row 3, Cell 1"
              RenderTableCell {SPAN} at (107,28) size 107x14 [bgcolor=#00FFFF] [r=2 c=1 rs=1 cs=1]
                RenderText {#text} at (0,0) size 107x14
                  text run at (0,0) width 107: "Table 2, Row 3, Cell 2"
              RenderTableCell {SPAN} at (214,28) size 107x14 [bgcolor=#00FFFF] [r=2 c=2 rs=1 cs=1]
                RenderText {#text} at (0,0) size 107x14
                  text run at (0,0) width 107: "Table 2, Row 3, Cell 3"
              RenderTableCell {SPAN} at (321,28) size 107x14 [bgcolor=#00FFFF] [r=2 c=3 rs=1 cs=1]
                RenderText {#text} at (0,0) size 107x14
                  text run at (0,0) width 107: "Table 2, Row 3, Cell 4"
      RenderBlock {H2} at (0,252) size 784x21
        RenderText {#text} at (0,0) size 105x20
          text run at (0,0) width 105: "Rules 3 and 4"
      RenderBlock {P} at (0,287) size 784x14
        RenderText {#text} at (0,0) size 374x14
          text run at (0,0) width 319: "This section does not test the behavior of columns, column groups, "
          text run at (319,0) width 55: "or captions."
      RenderBlock {DIV} at (0,313) size 784x42
        RenderTable at (0,0) size 428x42
          RenderTableSection (anonymous) at (0,0) size 428x42
            RenderTableRow {SPAN} at (0,0) size 428x14 [bgcolor=#00FFFF]
              RenderTableCell {SPAN} at (0,0) size 107x14 [r=0 c=0 rs=1 cs=1]
                RenderText {#text} at (0,0) size 107x14
                  text run at (0,0) width 107: "Table 1, Row 1, Cell 1"
              RenderTableCell {SPAN} at (107,0) size 107x14 [r=0 c=1 rs=1 cs=1]
                RenderText {#text} at (0,0) size 107x14
                  text run at (0,0) width 107: "Table 1, Row 1, Cell 2"
              RenderTableCell {SPAN} at (214,0) size 107x14 [r=0 c=2 rs=1 cs=1]
                RenderText {#text} at (0,0) size 107x14
                  text run at (0,0) width 107: "Table 1, Row 1, Cell 3"
              RenderTableCell {SPAN} at (321,0) size 107x14 [r=0 c=3 rs=1 cs=1]
                RenderText {#text} at (0,0) size 107x14
                  text run at (0,0) width 107: "Table 1, Row 1, Cell 4"
            RenderTableRow {SPAN} at (0,14) size 428x14 [bgcolor=#00FFFF]
              RenderTableCell {SPAN} at (0,14) size 107x14 [r=1 c=0 rs=1 cs=1]
                RenderText {#text} at (0,0) size 62x14
                  text run at (0,0) width 62: "T 1, R 2, C 1"
              RenderTableCell {SPAN} at (107,14) size 107x14 [r=1 c=1 rs=1 cs=1]
                RenderText {#text} at (0,0) size 107x14
                  text run at (0,0) width 107: "Table 1, Row 2, Cell 2"
              RenderTableCell {SPAN} at (214,14) size 107x14 [r=1 c=2 rs=1 cs=1]
                RenderText {#text} at (0,0) size 107x14
                  text run at (0,0) width 107: "Table 1, Row 2, Cell 3"
              RenderTableCell {SPAN} at (321,14) size 107x14 [r=1 c=3 rs=1 cs=1]
                RenderText {#text} at (0,0) size 107x14
                  text run at (0,0) width 107: "Table 1, Row 2, Cell 4"
            RenderTableRow {SPAN} at (0,28) size 428x14 [bgcolor=#00FFFF]
              RenderTableCell {SPAN} at (0,28) size 107x14 [r=2 c=0 rs=1 cs=1]
                RenderText {#text} at (0,0) size 107x14
                  text run at (0,0) width 107: "Table 1, Row 3, Cell 1"
              RenderTableCell {SPAN} at (107,28) size 107x14 [r=2 c=1 rs=1 cs=1]
                RenderText {#text} at (0,0) size 107x14
                  text run at (0,0) width 107: "Table 1, Row 3, Cell 2"
              RenderTableCell {SPAN} at (214,28) size 107x14 [r=2 c=2 rs=1 cs=1]
                RenderText {#text} at (0,0) size 62x14
                  text run at (0,0) width 62: "T 1, R 3, C 3"
              RenderTableCell {SPAN} at (321,28) size 107x14 [r=2 c=3 rs=1 cs=1]
                RenderText {#text} at (0,0) size 107x14
                  text run at (0,0) width 107: "Table 1, Row 3, Cell 4"
      RenderBlock {P} at (0,367) size 784x14
        RenderText {#text} at (0,0) size 531x14
          text run at (0,0) width 531: "Note: table-header-group and table-footer-group are tested only in their HTML order, and they only appear once."
      RenderBlock {DIV} at (0,393) size 784x70
        RenderTable at (0,0) size 428x70
          RenderTableSection {SPAN} at (0,0) size 428x14 [bgcolor=#00FFFF]
            RenderTableRow (anonymous) at (0,0) size 428x14
              RenderTableCell {SPAN} at (0,0) size 107x14 [bgcolor=#00FFFF] [r=0 c=0 rs=1 cs=1]
                RenderText {#text} at (0,0) size 107x14
                  text run at (0,0) width 107: "Table 2, Row 1, Cell 1"
              RenderTableCell {SPAN} at (107,0) size 107x14 [bgcolor=#00FFFF] [r=0 c=1 rs=1 cs=1]
                RenderText {#text} at (0,0) size 107x14
                  text run at (0,0) width 107: "Table 2, Row 1, Cell 2"
              RenderTableCell {SPAN} at (214,0) size 107x14 [bgcolor=#00FFFF] [r=0 c=2 rs=1 cs=1]
                RenderText {#text} at (0,0) size 107x14
                  text run at (0,0) width 107: "Table 2, Row 1, Cell 3"
              RenderTableCell {SPAN} at (321,0) size 107x14 [bgcolor=#00FFFF] [r=0 c=3 rs=1 cs=1]
                RenderText {#text} at (0,0) size 107x14
                  text run at (0,0) width 107: "Table 2, Row 1, Cell 4"
          RenderTableSection {SPAN} at (0,56) size 428x14 [bgcolor=#00FFFF]
            RenderTableRow (anonymous) at (0,0) size 428x14
              RenderTableCell {SPAN} at (0,0) size 107x14 [bgcolor=#00FFFF] [r=0 c=0 rs=1 cs=1]
                RenderText {#text} at (0,0) size 107x14
                  text run at (0,0) width 107: "Table 2, Row 5, Cell 1"
              RenderTableCell {SPAN} at (107,0) size 107x14 [bgcolor=#00FFFF] [r=0 c=1 rs=1 cs=1]
                RenderText {#text} at (0,0) size 107x14
                  text run at (0,0) width 107: "Table 2, Row 5, Cell 2"
              RenderTableCell {SPAN} at (214,0) size 107x14 [bgcolor=#00FFFF] [r=0 c=2 rs=1 cs=1]
                RenderText {#text} at (0,0) size 62x14
                  text run at (0,0) width 62: "T 2, R 5, C 5"
              RenderTableCell {SPAN} at (321,0) size 107x14 [bgcolor=#00FFFF] [r=0 c=3 rs=1 cs=1]
                RenderText {#text} at (0,0) size 107x14
                  text run at (0,0) width 107: "Table 2, Row 5, Cell 4"
          RenderTableSection (anonymous) at (0,14) size 428x14
            RenderTableRow {SPAN} at (0,0) size 428x14 [bgcolor=#00FFFF]
              RenderTableCell {SPAN} at (0,0) size 107x14 [r=0 c=0 rs=1 cs=1]
                RenderText {#text} at (0,0) size 62x14
                  text run at (0,0) width 62: "T 2, R 2, C 1"
              RenderTableCell {SPAN} at (107,0) size 107x14 [r=0 c=1 rs=1 cs=1]
                RenderText {#text} at (0,0) size 107x14
                  text run at (0,0) width 107: "Table 2, Row 2, Cell 2"
              RenderTableCell {SPAN} at (214,0) size 107x14 [r=0 c=2 rs=1 cs=1]
                RenderText {#text} at (0,0) size 107x14
                  text run at (0,0) width 107: "Table 2, Row 2, Cell 3"
              RenderTableCell {SPAN} at (321,0) size 107x14 [r=0 c=3 rs=1 cs=1]
                RenderText {#text} at (0,0) size 107x14
                  text run at (0,0) width 107: "Table 2, Row 2, Cell 4"
          RenderTableSection {SPAN} at (0,28) size 428x14 [bgcolor=#00FFFF]
            RenderTableRow (anonymous) at (0,0) size 428x14
              RenderTableCell {SPAN} at (0,0) size 107x14 [bgcolor=#00FFFF] [r=0 c=0 rs=1 cs=1]
                RenderText {#text} at (0,0) size 62x14
                  text run at (0,0) width 62: "T 2, R 3, C 1"
              RenderTableCell {SPAN} at (107,0) size 107x14 [bgcolor=#00FFFF] [r=0 c=1 rs=1 cs=1]
                RenderText {#text} at (0,0) size 107x14
                  text run at (0,0) width 107: "Table 2, Row 3, Cell x"
              RenderTableCell {SPAN} at (214,0) size 107x14 [bgcolor=#00FFFF] [r=0 c=2 rs=1 cs=1]
                RenderText {#text} at (0,0) size 107x14
                  text run at (0,0) width 107: "Table 2, Row 3, Cell 3"
              RenderTableCell {SPAN} at (321,0) size 107x14 [bgcolor=#00FFFF] [r=0 c=3 rs=1 cs=1]
                RenderText {#text} at (0,0) size 107x14
                  text run at (0,0) width 107: "Table 2, Row 3, Cell 4"
          RenderTableSection {SPAN} at (0,42) size 428x14 [bgcolor=#00FFFF]
            RenderTableRow {SPAN} at (0,0) size 428x14
              RenderTableCell {SPAN} at (0,0) size 107x14 [r=0 c=0 rs=1 cs=1]
                RenderText {#text} at (0,0) size 62x14
                  text run at (0,0) width 62: "T 2, R 4, C 1"
              RenderTableCell {SPAN} at (107,0) size 107x14 [r=0 c=1 rs=1 cs=1]
                RenderText {#text} at (0,0) size 107x14
                  text run at (0,0) width 107: "Table 2, Row 4, Cell x"
              RenderTableCell {SPAN} at (214,0) size 107x14 [r=0 c=2 rs=1 cs=1]
                RenderText {#text} at (0,0) size 107x14
                  text run at (0,0) width 107: "Table 2, Row 4, Cell 3"
              RenderTableCell {SPAN} at (321,0) size 107x14 [r=0 c=3 rs=1 cs=1]
                RenderText {#text} at (0,0) size 107x14
                  text run at (0,0) width 107: "Table 2, Row 4, Cell 4"
      RenderBlock {H2} at (0,477) size 784x21
        RenderText {#text} at (0,0) size 50x20
          text run at (0,0) width 50: "Rule 5"
      RenderTable {DIV} at (0,512) size 502x70 [bgcolor=#00FFFF]
        RenderTableSection (anonymous) at (0,0) size 502x70
          RenderTableRow {SPAN} at (0,0) size 502x14 [bgcolor=#00FFFF]
            RenderTableCell {SPAN} at (0,0) size 107x14 [r=0 c=0 rs=1 cs=1]
              RenderText {#text} at (0,0) size 107x14
                text run at (0,0) width 107: "Table 2, Row 1, Cell 1"
            RenderTableCell {SPAN} at (107,0) size 107x14 [r=0 c=1 rs=1 cs=1]
              RenderText {#text} at (0,0) size 107x14
                text run at (0,0) width 107: "Table 2, Row 1, Cell 2"
            RenderTableCell {SPAN} at (214,0) size 181x14 [r=0 c=2 rs=1 cs=1]
              RenderText {#text} at (0,0) size 107x14
                text run at (0,0) width 107: "Table 2, Row 1, Cell 3"
            RenderTableCell {SPAN} at (395,0) size 107x14 [r=0 c=3 rs=1 cs=1]
              RenderText {#text} at (0,0) size 107x14
                text run at (0,0) width 107: "Table 2, Row 1, Cell 4"
          RenderTableRow {SPAN} at (0,14) size 502x42 [bgcolor=#00FFFF]
            RenderTableCell (anonymous) at (0,14) size 107x14 [r=1 c=0 rs=1 cs=1]
              RenderBlock {SPAN} at (0,0) size 107x14
                RenderText {#text} at (0,0) size 107x14
                  text run at (0,0) width 107: "Table 2, Row 2, Cell 1"
            RenderTableCell {SPAN} at (107,14) size 107x14 [r=1 c=1 rs=1 cs=1]
              RenderText {#text} at (0,0) size 107x14
                text run at (0,0) width 107: "Table 2, Row 2, Cell 2"
            RenderTableCell (anonymous) at (214,14) size 181x42 [r=1 c=2 rs=1 cs=1]
              RenderBlock {SPAN} at (0,0) size 181x14
                RenderText {#text} at (0,0) size 107x14
                  text run at (0,0) width 107: "Table 2, Row 2, Cell 3"
              RenderBlock {SPAN} at (0,14) size 181x14
                RenderText {#text} at (0,0) size 129x14
                  text run at (0,0) width 129: "also Table 2, Row 2, Cell 3"
              RenderBlock (anonymous) at (0,28) size 181x14
                RenderText {#text} at (0,0) size 129x14
                  text run at (0,0) width 129: "also Table 2, Row 2, Cell 3"
            RenderTableCell {SPAN} at (395,14) size 107x14 [r=1 c=3 rs=1 cs=1]
              RenderText {#text} at (0,0) size 107x14
                text run at (0,0) width 107: "Table 2, Row 2, Cell 4"
          RenderTableRow {SPAN} at (0,56) size 502x14 [bgcolor=#00FFFF]
            RenderTableCell (anonymous) at (0,56) size 107x14 [r=2 c=0 rs=1 cs=1]
              RenderInline {SPAN} at (0,0) size 107x14
                RenderText {#text} at (0,0) size 107x14
                  text run at (0,0) width 107: "Table 2, Row 3, Cell 1"
            RenderTableCell {SPAN} at (107,56) size 107x14 [r=2 c=1 rs=1 cs=1]
              RenderText {#text} at (0,0) size 107x14
                text run at (0,0) width 107: "Table 2, Row 3, Cell 2"
            RenderTableCell (anonymous) at (214,56) size 181x14 [r=2 c=2 rs=1 cs=1]
              RenderTable {SPAN} at (0,0) size 181x14 [bgcolor=#00FFFF]
                RenderTableSection (anonymous) at (0,0) size 181x14
                  RenderTableRow (anonymous) at (0,0) size 181x14
                    RenderTableCell (anonymous) at (0,0) size 181x14 [r=0 c=0 rs=1 cs=1]
                      RenderText {#text} at (0,0) size 181x14
                        text run at (0,0) width 181: "Table 2, Row 3, Cell 3 (a nested table)"
            RenderTableCell {SPAN} at (395,56) size 107x14 [r=2 c=3 rs=1 cs=1]
              RenderText {#text} at (0,0) size 107x14
                text run at (0,0) width 107: "Table 2, Row 3, Cell 4"
      RenderBlock {HR} at (0,594) size 784x2 [border: (1px inset #000000)]
      RenderBlock {P} at (0,608) size 784x34
        RenderInline {A} at (0,0) size 88x14 [color=#0000EE]
          RenderImage {IMG} at (0,0) size 88x31
      RenderBlock {P} at (0,654) size 784x14
        RenderText {#text} at (0,0) size 43x14
          text run at (0,0) width 43: "(Back to "
        RenderInline {A} at (0,0) size 119x14 [color=#0000EE]
          RenderText {#text} at (43,0) size 119x14
            text run at (43,0) width 119: "CSS Testing Information"
        RenderText {#text} at (162,0) size 6x14
          text run at (162,0) width 6: ", "
        RenderInline {A} at (0,0) size 61x14 [color=#0000EE]
          RenderText {#text} at (168,0) size 61x14
            text run at (168,0) width 61: "David Baron"
        RenderText {#text} at (229,0) size 4x14
          text run at (229,0) width 4: ")"
      RenderBlock {P} at (0,680) size 784x14
        RenderInline {A} at (0,0) size 24x14 [color=#0000EE]
          RenderText {#text} at (0,0) size 24x14
            text run at (0,0) width 24: "LDB"
        RenderText {#text} at (24,0) size 6x14
          text run at (24,0) width 6: ", "
        RenderInline {A} at (0,0) size 117x14 [color=#0000EE]
          RenderText {#text} at (30,0) size 117x14
            text run at (30,0) width 117: "dbaron@fas.harvard.edu"
