layer at (0,0) size 800x600
  RenderView at (0,0) size 800x600
layer at (0,0) size 800x600
  RenderBlock {HTML} at (0,0) size 800x600
    RenderBody {BODY} at (8,8) size 784x584
      RenderBlock {P} at (0,0) size 784x14
        RenderText {#text} at (0,0) size 541x14
          text run at (0,0) width 115: "Here's the original case. "
          text run at (115,0) width 426: "All of the cells have images that fill to their given widths except the ones marked \"Empty\"."
      RenderTable {TABLE} at (0,26) size 566x60 [bgcolor=#00FFFF]
        RenderTableSection {TBODY} at (0,0) size 566x60
          RenderTableRow {TR} at (0,0) size 566x40
            RenderTableCell {TD} at (0,0) size 222x40 [bgcolor=#FF0000] [r=0 c=0 rs=1 cs=1]
              RenderImage {IMG} at (0,0) size 222x40
            RenderTableCell {TD} at (222,0) size 145x40 [bgcolor=#666600] [r=0 c=1 rs=1 cs=1]
              RenderImage {IMG} at (0,0) size 145x40
            RenderTableCell {TD} at (367,13) size 199x14 [bgcolor=#009999] [r=0 c=2 rs=1 cs=1]
              RenderText {#text} at (0,0) size 31x14
                text run at (0,0) width 31: "Empty"
          RenderTableRow {TR} at (0,40) size 566x20
            RenderTableCell {TD} at (0,40) size 367x20 [bgcolor=#0000FF] [r=1 c=0 rs=1 cs=2]
              RenderImage {IMG} at (0,0) size 367x20
            RenderTableCell {TD} at (367,43) size 199x14 [bgcolor=#990099] [r=1 c=2 rs=1 cs=1]
              RenderText {#text} at (0,0) size 31x14
                text run at (0,0) width 31: "Empty"
      RenderBlock {P} at (0,98) size 784x14
        RenderText {#text} at (0,0) size 282x14
          text run at (0,0) width 282: "If we fill either empty out with text, the problem goes away."
      RenderTable {TABLE} at (0,124) size 566x60 [bgcolor=#00FFFF]
        RenderTableSection {TBODY} at (0,0) size 566x60
          RenderTableRow {TR} at (0,0) size 566x40
            RenderTableCell {TD} at (0,0) size 222x40 [bgcolor=#FF0000] [r=0 c=0 rs=1 cs=1]
              RenderImage {IMG} at (0,0) size 222x40
            RenderTableCell {TD} at (222,0) size 145x40 [bgcolor=#666600] [r=0 c=1 rs=1 cs=1]
              RenderImage {IMG} at (0,0) size 145x40
            RenderTableCell {TD} at (367,6) size 199x28 [bgcolor=#009999] [r=0 c=2 rs=1 cs=1]
              RenderText {#text} at (0,0) size 192x28
                text run at (0,0) width 192: "Empty - lots of text here now - and more"
                text run at (0,14) width 132: "and more and more text in it"
          RenderTableRow {TR} at (0,40) size 566x20
            RenderTableCell {TD} at (0,40) size 367x20 [bgcolor=#0000FF] [r=1 c=0 rs=1 cs=2]
              RenderImage {IMG} at (0,0) size 367x20
            RenderTableCell {TD} at (367,43) size 199x14 [bgcolor=#990099] [r=1 c=2 rs=1 cs=1]
              RenderText {#text} at (0,0) size 31x14
                text run at (0,0) width 31: "Empty"
      RenderBlock {P} at (0,196) size 784x14
        RenderText {#text} at (0,0) size 3x14
          text run at (0,0) width 3: " "
      RenderTable {TABLE} at (0,222) size 566x68 [bgcolor=#00FFFF]
        RenderTableSection {TBODY} at (0,0) size 566x68
          RenderTableRow {TR} at (0,0) size 566x40
            RenderTableCell {TD} at (0,0) size 222x40 [bgcolor=#FF0000] [r=0 c=0 rs=1 cs=1]
              RenderImage {IMG} at (0,0) size 222x40
            RenderTableCell {TD} at (222,0) size 145x40 [bgcolor=#666600] [r=0 c=1 rs=1 cs=1]
              RenderImage {IMG} at (0,0) size 145x40
            RenderTableCell {TD} at (367,13) size 199x14 [bgcolor=#009999] [r=0 c=2 rs=1 cs=1]
              RenderText {#text} at (0,0) size 31x14
                text run at (0,0) width 31: "Empty"
          RenderTableRow {TR} at (0,40) size 566x28
            RenderTableCell {TD} at (0,44) size 367x20 [bgcolor=#0000FF] [r=1 c=0 rs=1 cs=2]
              RenderImage {IMG} at (0,0) size 367x20
            RenderTableCell {TD} at (367,40) size 199x28 [bgcolor=#990099] [r=1 c=2 rs=1 cs=1]
              RenderText {#text} at (0,0) size 190x28
                text run at (0,0) width 190: "Empty - this has lots and lots and lots of"
                text run at (0,14) width 38: "text in it"
      RenderBlock {P} at (0,302) size 784x14
        RenderText {#text} at (0,0) size 346x14
          text run at (0,0) width 346: "Taking away either the cellpadding=0 or cellspacing=0 fixes the problem."
      RenderTable {TABLE} at (0,328) size 566x70 [bgcolor=#00FFFF]
        RenderTableSection {TBODY} at (0,0) size 566x70
          RenderTableRow {TR} at (0,2) size 566x42
            RenderTableCell {TD} at (2,2) size 224x42 [bgcolor=#FF0000] [r=0 c=0 rs=1 cs=1]
              RenderImage {IMG} at (1,1) size 222x40
            RenderTableCell {TD} at (228,2) size 147x42 [bgcolor=#666600] [r=0 c=1 rs=1 cs=1]
              RenderImage {IMG} at (1,1) size 145x40
            RenderTableCell {TD} at (377,15) size 187x16 [bgcolor=#009999] [r=0 c=2 rs=1 cs=1]
              RenderText {#text} at (1,1) size 31x14
                text run at (1,1) width 31: "Empty"
          RenderTableRow {TR} at (0,46) size 566x22
            RenderTableCell {TD} at (2,46) size 373x22 [bgcolor=#0000FF] [r=1 c=0 rs=1 cs=2]
              RenderImage {IMG} at (1,1) size 367x20
            RenderTableCell {TD} at (377,49) size 187x16 [bgcolor=#990099] [r=1 c=2 rs=1 cs=1]
              RenderText {#text} at (1,1) size 31x14
                text run at (1,1) width 31: "Empty"
      RenderBlock {P} at (0,410) size 784x14
        RenderText {#text} at (0,0) size 237x14
          text run at (0,0) width 237: "As does removing the explicit width on the table..."
      RenderTable {TABLE} at (0,436) size 566x60 [bgcolor=#00FFFF]
        RenderTableSection {TBODY} at (0,0) size 566x60
          RenderTableRow {TR} at (0,0) size 566x40
            RenderTableCell {TD} at (0,0) size 222x40 [bgcolor=#FF0000] [r=0 c=0 rs=1 cs=1]
              RenderImage {IMG} at (0,0) size 222x40
            RenderTableCell {TD} at (222,0) size 145x40 [bgcolor=#666600] [r=0 c=1 rs=1 cs=1]
              RenderImage {IMG} at (0,0) size 145x40
            RenderTableCell {TD} at (367,13) size 199x14 [bgcolor=#009999] [r=0 c=2 rs=1 cs=1]
              RenderText {#text} at (0,0) size 31x14
                text run at (0,0) width 31: "Empty"
          RenderTableRow {TR} at (0,40) size 566x20
            RenderTableCell {TD} at (0,40) size 367x20 [bgcolor=#0000FF] [r=1 c=0 rs=1 cs=2]
              RenderImage {IMG} at (0,0) size 367x20
            RenderTableCell {TD} at (367,43) size 199x14 [bgcolor=#990099] [r=1 c=2 rs=1 cs=1]
              RenderText {#text} at (0,0) size 31x14
                text run at (0,0) width 31: "Empty"
