layer at (0,0) size 800x600
  RenderView at (0,0) size 800x600
layer at (0,0) size 800x600
  RenderBlock {HTML} at (0,0) size 800x600
    RenderBody {BODY} at (8,8) size 784x584 [bgcolor=#FFFFFF]
      RenderBlock {P} at (0,0) size 784x14
        RenderText {#text} at (0,0) size 109x14
          text run at (0,0) width 109: "Testcase distilled from "
        RenderInline {A} at (0,0) size 137x14 [color=#0000EE]
          RenderText {#text} at (109,0) size 137x14
            text run at (109,0) width 137: "http://webdeveloper.com/xml"
      RenderTable {TABLE} at (0,26) size 644x93 [border: (1px outset #808080)]
        RenderTableSection {TBODY} at (1,1) size 642x91
          RenderTableRow {TR} at (0,0) size 642x91
            RenderTableCell {TD} at (0,0) size 510x91 [border: (1px inset #808080)] [r=0 c=0 rs=1 cs=1]
              RenderBlock {UL} at (1,1) size 508x77
                RenderListItem {LI} at (40,0) size 468x77
                  RenderListMarker at (-15,0) size 6x14: bullet
                  RenderText {#text} at (0,0) size 147x14
                    text run at (0,0) width 147: "The XML Files Resources List"
                  RenderText {#text} at (0,0) size 0x0
                  RenderImage {IMG} at (0,14) size 468x60
                  RenderText {#text} at (0,0) size 0x0
            RenderTableCell {TD} at (510,19) size 132x53 [border: (1px inset #808080)] [r=0 c=1 rs=1 cs=1]
              RenderTable {TABLE} at (1,1) size 130x51 [border: (1px outset #808080)]
                RenderTableSection {TBODY} at (1,1) size 128x49
                  RenderTableRow {TR} at (0,2) size 128x45
                    RenderTableCell {TD} at (2,2) size 124x45 [border: (1px inset #808080)] [r=0 c=0 rs=1 cs=1]
                      RenderImage {IMG} at (3,3) size 118x25
                      RenderBR {BR} at (121,28) size 0x0
                      RenderText {#text} at (34,28) size 4x14
                        text run at (34,28) width 4: "["
                      RenderInline {I} at (0,0) size 48x14
                        RenderText {#text} at (38,28) size 48x14
                          text run at (38,28) width 48: " Site Map "
                      RenderText {#text} at (86,28) size 4x14
                        text run at (86,28) width 4: "]"
      RenderBlock {P} at (0,131) size 784x14
        RenderText {#text} at (0,0) size 138x14
          text run at (0,0) width 138: "Same as above, but removed "
        RenderInline {CODE} at (0,0) size 102x11
          RenderText {#text} at (138,3) size 102x11
            text run at (138,3) width 102: "<SCRIPT></SCRIPT>"
      RenderTable {TABLE} at (0,157) size 644x93 [border: (1px outset #808080)]
        RenderTableSection {TBODY} at (1,1) size 642x91
          RenderTableRow {TR} at (0,0) size 642x91
            RenderTableCell {TD} at (0,0) size 510x91 [border: (1px inset #808080)] [r=0 c=0 rs=1 cs=1]
              RenderBlock {UL} at (1,1) size 508x77
                RenderListItem {LI} at (40,0) size 468x77
                  RenderListMarker at (-15,0) size 6x14: bullet
                  RenderText {#text} at (0,0) size 147x14
                    text run at (0,0) width 147: "The XML Files Resources List"
                  RenderImage {IMG} at (0,14) size 468x60
                  RenderText {#text} at (0,0) size 0x0
            RenderTableCell {TD} at (510,19) size 132x53 [border: (1px inset #808080)] [r=0 c=1 rs=1 cs=1]
              RenderTable {TABLE} at (1,1) size 130x51 [border: (1px outset #808080)]
                RenderTableSection {TBODY} at (1,1) size 128x49
                  RenderTableRow {TR} at (0,2) size 128x45
                    RenderTableCell {TD} at (2,2) size 124x45 [border: (1px inset #808080)] [r=0 c=0 rs=1 cs=1]
                      RenderImage {IMG} at (3,3) size 118x25
                      RenderBR {BR} at (121,28) size 0x0
                      RenderText {#text} at (34,28) size 4x14
                        text run at (34,28) width 4: "["
                      RenderInline {I} at (0,0) size 48x14
                        RenderText {#text} at (38,28) size 48x14
                          text run at (38,28) width 48: " Site Map "
                      RenderText {#text} at (86,28) size 4x14
                        text run at (86,28) width 4: "]"
