layer at (0,0) size 800x600
  RenderView at (0,0) size 800x600
layer at (0,0) size 800x600
  RenderBlock {HTML} at (0,0) size 800x600
    RenderBody {BODY} at (8,8) size 784x584
      RenderBlock (anonymous) at (0,0) size 784x14
        RenderText {#text} at (0,0) size 239x14
          text run at (0,0) width 239: "If the text is too low, then it is probably Bug 6920."
        RenderText {#text} at (0,0) size 0x0
      RenderTable {TABLE} at (0,14) size 218x50 [bgcolor=#FFCC00] [border: (1px outset #808080)]
        RenderTableSection {TBODY} at (1,1) size 216x48
          RenderTableRow {TR} at (0,2) size 216x44
            RenderTableCell {TD} at (2,2) size 212x44 [border: (1px inset #808080)] [r=0 c=0 rs=1 cs=1]
              RenderBlock {DL} at (2,2) size 208x28
                RenderBlock (anonymous) at (0,0) size 208x0
                  RenderInline {FONT} at (0,0) size 0x0
                    RenderText {#text} at (0,0) size 0x0
                RenderBlock (anonymous) at (0,0) size 208x14
                  RenderBlock {DT} at (0,0) size 208x14
                    RenderText {#text} at (0,0) size 18x14
                      text run at (0,0) width 18: "Baz"
                RenderBlock (anonymous) at (0,14) size 208x0
                  RenderInline {FONT} at (0,0) size 0x0
                  RenderText {#text} at (0,0) size 0x0
                RenderBlock {DD} at (40,14) size 168x14
                  RenderText {#text} at (0,0) size 168x14
                    text run at (0,0) width 168: "foo foo foo foo foo foo foo foo foo"
