layer at (0,0) size 800x600
  RenderView at (0,0) size 800x600
layer at (0,0) size 800x106
  RenderBlock {html} at (0,0) size 800x106
    RenderBody {body} at (8,12) size 784x86
      RenderBlock {p} at (0,0) size 784x14
        RenderText {#text} at (0,0) size 245x14
          text run at (0,0) width 245: "There should be a green block under this paragraph."
      RenderTable {table} at (0,26) size 60x60 [bgcolor=#008000]
