layer at (0,0) size 800x600
  RenderView at (0,0) size 800x600
layer at (0,0) size 800x600
  RenderBlock {HTML} at (0,0) size 800x600
    RenderBody {BODY} at (8,8) size 784x584
      RenderTable {TABLE} at (0,0) size 784x87
        RenderTableSection {TBODY} at (0,0) size 784x87
          RenderTableRow {TR} at (0,2) size 784x83
            RenderTableCell {TD} at (2,2) size 662x83 [r=0 c=0 rs=1 cs=1]
              RenderTable {TABLE} at (1,1) size 660x81
                RenderTableSection {TBODY} at (0,0) size 660x81
                  RenderTableRow {TR} at (0,2) size 660x77
                    RenderTableCell {TD} at (2,2) size 656x77 [r=0 c=0 rs=1 cs=1]
                      RenderText {#text} at (1,1) size 41x75
                        text run at (1,1) width 41: "inside of"
                        text run at (1,62) width 22: "table"
                      RenderImage {IMG} at (23,15) size 600x58
            RenderTableCell {TD} at (666,28) size 116x30 [r=0 c=1 rs=1 cs=1]
              RenderText {#text} at (1,1) size 90x28
                text run at (1,1) width 90: "2nd row of outside"
                text run at (1,15) width 22: "table"
