layer at (0,0) size 800x600
  RenderView at (0,0) size 800x600
layer at (0,0) size 800x600
  RenderBlock {HTML} at (0,0) size 800x600
    RenderBody {BODY} at (8,8) size 784x584
      RenderTable {TABLE} at (0,0) size 35x16
        RenderTableSection {TBODY} at (0,0) size 35x16
          RenderTableRow {TR} at (0,0) size 35x0
          RenderTableRow {TR} at (0,0) size 35x16
            RenderTableCell {TD} at (0,0) size 35x16 [r=1 c=0 rs=1 cs=1]
              RenderText {#text} at (1,1) size 33x14
                text run at (1,1) width 33: "Hmm2"
