layer at (0,0) size 800x600
  RenderView at (0,0) size 800x600
layer at (0,0) size 800x600
  RenderBlock {HTML} at (0,0) size 800x600
    RenderBody {BODY} at (0,0) size 800x600 [bgcolor=#FFFFFF]
      RenderBlock (anonymous) at (0,0) size 800x102
        RenderImage {IMG} at (0,0) size 102x102 [border: (1px solid #000000)]
        RenderText {#text} at (0,0) size 0x0
      RenderTable {TABLE} at (0,102) size 800x124 [border: (2px outset #808080)]
        RenderTableSection {TBODY} at (2,2) size 796x120
          RenderTableRow {TR} at (0,0) size 796x0
            RenderTableCell {TD} at (0,0) size 134x120 [bgcolor=#DDDDDD] [border: (1px inset #808080)] [r=0 c=0 rs=2 cs=1]
              RenderTable {TABLE} at (1,1) size 112x118 [border: (1px outset #808080)]
                RenderTableSection {TBODY} at (1,1) size 110x116
                  RenderTableRow {TR} at (0,0) size 110x116
                    RenderTableCell {TD} at (0,0) size 110x116 [border: (1px inset #808080)] [r=0 c=0 rs=1 cs=1]
                      RenderImage {IMG} at (5,1) size 100x100
                      RenderText {#text} at (1,101) size 39x14
                        text run at (1,101) width 39: "HELLO"
          RenderTableRow {TR} at (0,0) size 796x120
            RenderTableCell {TD} at (134,24) size 327x72 [border: (1px inset #808080)] [r=1 c=1 rs=1 cs=1]
              RenderText {#text} at (1,1) size 324x70
                text run at (1,1) width 323: "The Zurich football team known as FC Blue Stars is one of the city's"
                text run at (1,15) width 118: "oldest-established clubs, "
                text run at (119,15) width 197: "and it is thanks mainly to its annual junior"
                text run at (1,29) width 132: "tournament which has been "
                text run at (133,29) width 100: "running for 60 years "
                text run at (233,29) width 60: "(traditionally"
                text run at (1,43) width 294: "played on Ascension Day and the day before) that it now also "
                text run at (295,43) width 30: "has an"
                text run at (1,57) width 58: "international"
            RenderTableCell {TD} at (461,52) size 335x16 [bgcolor=#E6E8FA] [border: (1px inset #808080)] [r=1 c=2 rs=1 cs=1]
              RenderText {#text} at (1,1) size 283x14
                text run at (1,1) width 234: "hello hello hello hello hello hello hello hello hello "
                text run at (235,1) width 49: "hello hello"
