layer at (0,0) size 800x600
  RenderView at (0,0) size 800x600
layer at (0,0) size 800x600
  RenderBlock {HTML} at (0,0) size 800x600
    RenderBody {BODY} at (8,8) size 784x584
      RenderTable {TABLE} at (0,0) size 784x48 [border: (1px outset #808080)]
        RenderTableSection {TBODY} at (1,1) size 782x46
          RenderTableRow {TR} at (0,2) size 782x42
            RenderTableCell {TD} at (2,2) size 309x42 [border: (1px inset #808080)] [r=0 c=0 rs=1 cs=1]
              RenderTable {TABLE} at (2,2) size 305x38 [border: (1px outset #808080)]
                RenderTableSection {TBODY} at (1,1) size 303x36
                  RenderTableRow {TR} at (0,2) size 303x32
                    RenderTableCell {TD} at (2,2) size 299x32 [border: (1px inset #808080)] [r=0 c=0 rs=1 cs=1]
                      RenderText {#text} at (2,2) size 291x28
                        text run at (2,2) width 291: "yyy yyy yyy yyy yyy yyy yyy yyy yyy yyy yyy yyy yyy yyy"
                        text run at (2,16) width 144: "yyy yyy yyy yyy yyy yyy yyy"
            RenderTableCell {TD} at (313,7) size 467x32 [border: (1px inset #808080)] [r=0 c=1 rs=1 cs=1]
              RenderText {#text} at (2,2) size 457x28
                text run at (2,2) width 457: "text text text text text text text text text text text text text text text text text text text text text text text"
                text run at (2,16) width 217: "text text text text text text text text text text text"
