layer at (0,0) size 800x600
  RenderView at (0,0) size 800x600
layer at (0,0) size 800x600
  RenderBlock {HTML} at (0,0) size 800x600
    RenderBody {BODY} at (8,8) size 784x584
      RenderTable {TABLE} at (0,0) size 49x584
        RenderTableSection {THEAD} at (0,0) size 49x20
          RenderTableRow {TR} at (0,2) size 49x16
            RenderTableCell {TD} at (2,2) size 45x16 [r=0 c=0 rs=1 cs=1]
              RenderText {#text} at (1,1) size 43x14
                text run at (1,1) width 43: "THEAD"
        RenderTableSection {TFOOT} at (0,564) size 49x20
          RenderTableRow {TR} at (0,2) size 49x16
            RenderTableCell {TD} at (2,2) size 45x16 [r=0 c=0 rs=1 cs=1]
              RenderText {#text} at (1,1) size 41x14
                text run at (1,1) width 41: "TFOOT"
        RenderTableSection {TBODY} at (0,20) size 49x544
          RenderTableRow {TR} at (0,2) size 49x540
            RenderTableCell {TD} at (2,264) size 45x16 [r=0 c=0 rs=1 cs=1]
              RenderText {#text} at (1,1) size 42x14
                text run at (1,1) width 42: "TBODY"
