layer at (0,0) size 800x600
  RenderView at (0,0) size 800x600
layer at (0,0) size 800x600
  RenderBlock {HTML} at (0,0) size 800x600
    RenderBody {BODY} at (8,8) size 784x584 [bgcolor=#FFFFFF]
      RenderTable {TABLE} at (0,0) size 610x66 [border: (1px outset #808080)]
        RenderTableSection {TBODY} at (1,1) size 608x64
          RenderTableRow {TR} at (0,2) size 608x60
            RenderTableCell {TD} at (2,6) size 479x52 [border: (1px inset #808080)] [r=0 c=0 rs=1 cs=1]
              RenderTable {TABLE} at (2,2) size 475x48 [bgcolor=#BBBBBB]
                RenderTableSection {TBODY} at (0,0) size 475x48
                  RenderTableRow {TR} at (0,2) size 475x44
                    RenderTableCell {TD} at (2,23) size 2x2 [r=0 c=0 rs=1 cs=1]
                    RenderTableCell {TD} at (6,2) size 467x44 [r=0 c=1 rs=1 cs=1]
                      RenderText {#text} at (1,1) size 162x14
                        text run at (1,1) width 162: "Welcome to the new DaveCentral!"
                      RenderBR {BR} at (163,12) size 0x0
                      RenderText {#text} at (1,15) size 460x28
                        text run at (1,15) width 63: "I have a new "
                        text run at (64,15) width 264: "Linux software archive as well as the Windows archive "
                        text run at (328,15) width 133: "you have come to know and"
                        text run at (1,29) width 23: "love."
            RenderTableCell {TD} at (483,2) size 123x60 [bgcolor=#99CCCC] [border: (1px inset #808080)] [r=0 c=1 rs=1 cs=1]
              RenderText {#text} at (2,2) size 86x14
                text run at (2,2) width 86: "ANDOVER.NET"
              RenderBR {BR} at (88,13) size 0x0
              RenderText {#text} at (2,16) size 80x14
                text run at (2,16) width 80: "E-COMMERCE"
              RenderBR {BR} at (82,27) size 0x0
              RenderText {#text} at (2,30) size 102x28
                text run at (2,30) width 102: "Buy some smart stuff"
                text run at (2,44) width 88: "from Andover.Net"
