layer at (0,0) size 800x600
  RenderView at (0,0) size 800x600
layer at (0,0) size 800x600
  RenderBlock {HTML} at (0,0) size 800x600
    RenderBody {BODY} at (8,8) size 784x584
      RenderBlock (anonymous) at (0,0) size 784x0
        RenderInline {B} at (0,0) size 0x0
          RenderText {#text} at (0,0) size 0x0
          RenderText {#text} at (0,0) size 0x0
      RenderTable {TABLE} at (0,0) size 174x76 [border: (1px outset #808080)]
        RenderTableSection {TBODY} at (1,1) size 172x74
          RenderTableRow {TR} at (0,5) size 172x18
            RenderTableCell {TD} at (5,5) size 87x18 [border: (1px inset #808080)] [r=0 c=0 rs=1 cs=1]
              RenderText {#text} at (2,2) size 83x14
                text run at (2,2) width 83: "Click name to see"
            RenderTableCell {TD} at (97,16) size 70x18 [bgcolor=#00FF00] [border: (1px inset #808080)] [r=0 c=1 rs=2 cs=1]
              RenderText {#text} at (2,2) size 66x14
                text run at (2,2) width 66: "Mac Clbr Opt"
          RenderTableRow {TR} at (0,28) size 172x18
            RenderTableCell {TD} at (5,28) size 87x18 [border: (1px inset #808080)] [r=1 c=0 rs=1 cs=1]
              RenderText {#text} at (2,2) size 30x14
                text run at (2,2) width 30: "Guilty"
          RenderTableRow {TR} at (0,51) size 172x18
            RenderTableCell {TD} at (5,51) size 87x18 [border: (1px inset #808080)] [r=2 c=0 rs=1 cs=1]
              RenderText {#text} at (2,2) size 3x14
                text run at (2,2) width 3: " "
            RenderTableCell {TD} at (97,51) size 70x18 [bgcolor=#FFFF00] [border: (1px inset #808080)] [r=2 c=1 rs=1 cs=1]
              RenderText {#text} at (2,2) size 18x14
                text run at (2,2) width 18: "L C"
      RenderBlock (anonymous) at (0,76) size 784x14
        RenderInline {B} at (0,0) size 0x14
          RenderText {#text} at (0,0) size 0x0
          RenderBR {BR} at (0,0) size 0x14
          RenderInline {B} at (0,0) size 0x0
            RenderText {#text} at (0,0) size 0x0
            RenderText {#text} at (0,0) size 0x0
      RenderBlock (anonymous) at (0,90) size 784x99
        RenderTable {TABLE} at (0,0) size 174x99 [border: (1px outset #808080)]
          RenderTableSection {TBODY} at (1,1) size 172x97
            RenderTableRow {TR} at (0,5) size 172x18
              RenderTableCell {TD} at (5,5) size 87x18 [border: (1px inset #808080)] [r=0 c=0 rs=1 cs=1]
                RenderText {#text} at (2,2) size 16x14
                  text run at (2,2) width 16: "foo"
              RenderTableCell {TD} at (97,5) size 70x18 [border: (1px inset #808080)] [r=0 c=1 rs=1 cs=1]
                RenderText {#text} at (2,2) size 15x14
                  text run at (2,2) width 15: "bar"
            RenderTableRow {TR} at (0,28) size 172x18
              RenderTableCell {TD} at (5,28) size 87x18 [border: (1px inset #808080)] [r=1 c=0 rs=1 cs=1]
                RenderText {#text} at (2,2) size 83x14
                  text run at (2,2) width 83: "Click name to see"
              RenderTableCell {TD} at (97,39) size 70x18 [bgcolor=#00FF00] [border: (1px inset #808080)] [r=1 c=1 rs=2 cs=1]
                RenderText {#text} at (2,2) size 66x14
                  text run at (2,2) width 66: "Mac Clbr Opt"
            RenderTableRow {TR} at (0,51) size 172x18
              RenderTableCell {TD} at (5,51) size 87x18 [border: (1px inset #808080)] [r=2 c=0 rs=1 cs=1]
                RenderText {#text} at (2,2) size 30x14
                  text run at (2,2) width 30: "Guilty"
            RenderTableRow {TR} at (0,74) size 172x18
              RenderTableCell {TD} at (5,74) size 87x18 [border: (1px inset #808080)] [r=3 c=0 rs=1 cs=1]
                RenderText {#text} at (2,2) size 3x14
                  text run at (2,2) width 3: " "
              RenderTableCell {TD} at (97,74) size 70x18 [bgcolor=#FFFF00] [border: (1px inset #808080)] [r=3 c=1 rs=1 cs=1]
                RenderText {#text} at (2,2) size 18x14
                  text run at (2,2) width 18: "L C"
      RenderBlock (anonymous) at (0,189) size 784x14
        RenderInline {B} at (0,0) size 0x14
          RenderInline {B} at (0,0) size 0x14
            RenderText {#text} at (0,0) size 0x0
            RenderBR {BR} at (0,0) size 0x14
            RenderInline {B} at (0,0) size 0x0
              RenderText {#text} at (0,0) size 0x0
              RenderText {#text} at (0,0) size 0x0
      RenderBlock (anonymous) at (0,203) size 784x76
        RenderTable {TABLE} at (0,0) size 201x76 [border: (1px outset #808080)]
          RenderTableSection {TBODY} at (1,1) size 199x74
            RenderTableRow {TR} at (0,5) size 199x18
              RenderTableCell {TD} at (5,5) size 87x18 [border: (1px inset #808080)] [r=0 c=0 rs=1 cs=1]
                RenderText {#text} at (2,2) size 83x14
                  text run at (2,2) width 83: "Click name to see"
              RenderTableCell {TD} at (97,28) size 70x18 [bgcolor=#00FF00] [border: (1px inset #808080)] [r=0 c=1 rs=3 cs=1]
                RenderText {#text} at (2,2) size 66x14
                  text run at (2,2) width 66: "Mac Clbr Opt"
            RenderTableRow {TR} at (0,28) size 199x18
              RenderTableCell {TD} at (5,28) size 87x18 [border: (1px inset #808080)] [r=1 c=0 rs=1 cs=1]
                RenderText {#text} at (2,2) size 30x14
                  text run at (2,2) width 30: "Guilty"
            RenderTableRow {TR} at (0,51) size 199x18
              RenderTableCell {TD} at (5,51) size 87x18 [border: (1px inset #808080)] [r=2 c=0 rs=1 cs=1]
                RenderText {#text} at (2,2) size 3x14
                  text run at (2,2) width 3: " "
              RenderTableCell {TD} at (172,51) size 22x18 [bgcolor=#FFFF00] [border: (1px inset #808080)] [r=2 c=2 rs=1 cs=1]
                RenderText {#text} at (2,2) size 18x14
                  text run at (2,2) width 18: "L C"
      RenderBlock (anonymous) at (0,279) size 784x14
        RenderInline {B} at (0,0) size 0x14
          RenderInline {B} at (0,0) size 0x14
            RenderInline {B} at (0,0) size 0x14
              RenderText {#text} at (0,0) size 0x0
              RenderBR {BR} at (0,0) size 0x14
              RenderInline {B} at (0,0) size 0x0
                RenderText {#text} at (0,0) size 0x0
                RenderText {#text} at (0,0) size 0x0
      RenderBlock (anonymous) at (0,293) size 784x99
        RenderTable {TABLE} at (0,0) size 201x99 [border: (1px outset #808080)]
          RenderTableSection {TBODY} at (1,1) size 199x97
            RenderTableRow {TR} at (0,5) size 199x18
              RenderTableCell {TD} at (5,5) size 87x18 [border: (1px inset #808080)] [r=0 c=0 rs=1 cs=1]
                RenderText {#text} at (2,2) size 16x14
                  text run at (2,2) width 16: "foo"
              RenderTableCell {TD} at (97,5) size 70x18 [border: (1px inset #808080)] [r=0 c=1 rs=1 cs=1]
                RenderText {#text} at (2,2) size 15x14
                  text run at (2,2) width 15: "bar"
            RenderTableRow {TR} at (0,28) size 199x18
              RenderTableCell {TD} at (5,28) size 87x18 [border: (1px inset #808080)] [r=1 c=0 rs=1 cs=1]
                RenderText {#text} at (2,2) size 83x14
                  text run at (2,2) width 83: "Click name to see"
              RenderTableCell {TD} at (97,51) size 70x18 [bgcolor=#00FF00] [border: (1px inset #808080)] [r=1 c=1 rs=3 cs=1]
                RenderText {#text} at (2,2) size 66x14
                  text run at (2,2) width 66: "Mac Clbr Opt"
            RenderTableRow {TR} at (0,51) size 199x18
              RenderTableCell {TD} at (5,51) size 87x18 [border: (1px inset #808080)] [r=2 c=0 rs=1 cs=1]
                RenderText {#text} at (2,2) size 30x14
                  text run at (2,2) width 30: "Guilty"
            RenderTableRow {TR} at (0,74) size 199x18
              RenderTableCell {TD} at (5,74) size 87x18 [border: (1px inset #808080)] [r=3 c=0 rs=1 cs=1]
                RenderText {#text} at (2,2) size 3x14
                  text run at (2,2) width 3: " "
              RenderTableCell {TD} at (172,74) size 22x18 [bgcolor=#FFFF00] [border: (1px inset #808080)] [r=3 c=2 rs=1 cs=1]
                RenderText {#text} at (2,2) size 18x14
                  text run at (2,2) width 18: "L C"
      RenderBlock (anonymous) at (0,392) size 784x0
        RenderInline {B} at (0,0) size 0x0
          RenderInline {B} at (0,0) size 0x0
            RenderInline {B} at (0,0) size 0x0
              RenderInline {B} at (0,0) size 0x0
                RenderText {#text} at (0,0) size 0x0
