layer at (0,0) size 800x600
  RenderView at (0,0) size 800x600
layer at (0,0) size 800x600
  RenderBlock {HTML} at (0,0) size 800x600
    RenderBody {BODY} at (8,8) size 784x580
      RenderTable {TABLE} at (0,0) size 50x40
        RenderTableSection {THEAD} at (0,0) size 50x20
          RenderTableRow {TR} at (0,2) size 50x16
            RenderTableCell {TD} at (2,2) size 46x16 [r=0 c=0 rs=1 cs=1]
              RenderText {#text} at (1,1) size 43x14
                text run at (1,1) width 43: "The head"
        RenderTableSection {TBODY} at (0,20) size 50x20
          RenderTableRow {TR} at (0,2) size 50x16
            RenderTableCell {TD} at (2,2) size 46x16 [r=0 c=0 rs=1 cs=1]
              RenderText {#text} at (1,1) size 44x14
                text run at (1,1) width 44: "First row"
      RenderBlock {FORM} at (0,40) size 784x40
        RenderButton {INPUT} at (2,2) size 69x36 [color=#202020]
          RenderBlock (anonymous) at (15,8) size 39x18
            RenderText at (0,0) size 39x17
              text run at (0,0) width 39: "insert"
        RenderText {#text} at (0,0) size 0x0
