layer at (0,0) size 800x600
  RenderView at (0,0) size 800x600
layer at (0,0) size 800x600
  RenderBlock {HTML} at (0,0) size 800x600
    RenderBody {BODY} at (8,8) size 784x584
      RenderTable {TABLE} at (0,0) size 300x38 [border: (2px outset #808080)]
        RenderTableSection {TBODY} at (2,2) size 296x34
          RenderTableRow {TR} at (0,0) size 296x34
            RenderTableCell {TD} at (0,0) size 296x34 [bgcolor=#FFFF00] [border: (1px inset #808080)] [r=0 c=0 rs=1 cs=1]
              RenderBlock {CENTER} at (3,3) size 290x28
                RenderInline {A} at (0,0) size 0x0 [color=#0000EE]
                  RenderImage {IMG} at (0,0) size 4x4
                RenderText {#text} at (0,0) size 0x0
                RenderInline {A} at (0,0) size 137x28 [color=#0000EE]
                  RenderInline {FONT} at (0,0) size 137x28 [color=#000000]
                    RenderText {#text} at (80,0) size 137x14
                      text run at (80,0) width 82: "Free Homepage! "
                      text run at (162,0) width 55: "Free Email!"
                    RenderBR {BR} at (217,11) size 0x0
                    RenderText {#text} at (81,14) size 128x14
                      text run at (81,14) width 31: "It's all "
                      text run at (112,14) width 97: "yours at ACMEcity!"
