layer at (0,0) size 800x795
  RenderView at (0,0) size 800x600
layer at (0,0) size 800x795
  RenderBlock {HTML} at (0,0) size 800x795
    RenderBody {BODY} at (8,8) size 784x779
      RenderTable {TABLE} at (0,0) size 600x239 [border: (1px outset #808080)]
        RenderTableSection {TBODY} at (1,1) size 598x237
          RenderTableRow {TR} at (0,2) size 598x77
            RenderTableCell {TD} at (2,2) size 594x77 [border: (1px inset #808080)] [r=0 c=0 rs=1 cs=3]
              RenderImage {IMG} at (2,2) size 590x73
              RenderText {#text} at (0,0) size 0x0
          RenderTableRow {TR} at (0,81) size 598x70
            RenderTableCell {TD} at (2,81) size 114x18 [bgcolor=#94BD73] [border: (1px inset #808080)] [r=1 c=0 rs=1 cs=1]
              RenderText {#text} at (2,2) size 85x14
                text run at (2,2) width 85: "LH column image"
            RenderTableCell {TD} at (118,81) size 16x18 [border: (1px inset #808080)] [r=1 c=1 rs=1 cs=1]
              RenderText {#text} at (2,2) size 12x14
                text run at (2,2) width 12: "    "
            RenderTableCell {TD} at (136,81) size 460x70 [border: (1px inset #808080)] [r=1 c=2 rs=1 cs=1]
              RenderBlock {P} at (2,2) size 456x14
                RenderText {#text} at (0,0) size 168x14
                  text run at (0,0) width 168: "HP Peripherals Developer Program"
              RenderBlock {P} at (2,28) size 456x14
                RenderText {#text} at (0,0) size 121x14
                  text run at (0,0) width 121: "PROGRAM SERVICES"
              RenderBlock {P} at (2,54) size 456x14
                RenderText {#text} at (0,0) size 50x14
                  text run at (0,0) width 50: "etc., etc. ..."
          RenderTableRow {TR} at (0,153) size 598x37
            RenderTableCell {TD} at (2,153) size 594x37 [border: (1px inset #808080)] [r=2 c=0 rs=1 cs=3]
              RenderImage {IMG} at (2,2) size 589x33
              RenderText {#text} at (0,0) size 0x0
          RenderTableRow {TR} at (0,192) size 598x43
            RenderTableCell {TD} at (2,192) size 114x43 [border: (1px inset #808080)] [r=3 c=0 rs=1 cs=1]
              RenderImage {IMG} at (2,2) size 110x39
              RenderText {#text} at (0,0) size 0x0
            RenderTableCell {TH} at (118,204) size 478x18 [border: (1px inset #808080)] [r=3 c=1 rs=1 cs=2]
              RenderText {#text} at (215,2) size 48x14
                text run at (215,2) width 48: "text links"
      RenderBlock {HR} at (0,245) size 784x2 [border: (1px inset #000000)]
      RenderBlock {P} at (0,259) size 784x14
        RenderInline {B} at (0,0) size 358x14
          RenderText {#text} at (0,0) size 358x14
            text run at (0,0) width 358: "Now, nuke the IMG (two of which are colspan=3) -- the table lines up."
      RenderTable {TABLE} at (0,285) size 590x151 [border: (1px outset #808080)]
        RenderTableSection {TBODY} at (1,1) size 588x149
          RenderTableRow {TR} at (0,2) size 588x18
            RenderTableCell {TD} at (2,2) size 584x18 [border: (1px inset #808080)] [r=0 c=0 rs=1 cs=3]
              RenderText {#text} at (2,2) size 96x14
                text run at (2,2) width 96: "IMG in a colspan=3"
          RenderTableRow {TR} at (0,22) size 588x70
            RenderTableCell {TD} at (2,22) size 110x18 [bgcolor=#94BD73] [border: (1px inset #808080)] [r=1 c=0 rs=1 cs=1]
              RenderText {#text} at (2,2) size 85x14
                text run at (2,2) width 85: "LH column image"
            RenderTableCell {TD} at (114,22) size 16x18 [border: (1px inset #808080)] [r=1 c=1 rs=1 cs=1]
              RenderText {#text} at (2,2) size 12x14
                text run at (2,2) width 12: "    "
            RenderTableCell {TD} at (132,22) size 454x70 [border: (1px inset #808080)] [r=1 c=2 rs=1 cs=1]
              RenderBlock {P} at (2,2) size 450x14
                RenderText {#text} at (0,0) size 168x14
                  text run at (0,0) width 168: "HP Peripherals Developer Program"
              RenderBlock {P} at (2,28) size 450x14
                RenderText {#text} at (0,0) size 121x14
                  text run at (0,0) width 121: "PROGRAM SERVICES"
              RenderBlock {P} at (2,54) size 450x14
                RenderText {#text} at (0,0) size 50x14
                  text run at (0,0) width 50: "etc., etc. ..."
          RenderTableRow {TR} at (0,94) size 588x33
            RenderTableCell {TD} at (2,101) size 584x18 [border: (1px inset #808080)] [r=2 c=0 rs=1 cs=3]
              RenderText {#text} at (2,2) size 96x14
                text run at (2,2) width 96: "IMG in a colspan=3"
          RenderTableRow {TR} at (0,129) size 588x18
            RenderTableCell {TD} at (2,129) size 110x18 [border: (1px inset #808080)] [r=3 c=0 rs=1 cs=1]
              RenderText {#text} at (2,2) size 58x14
                text run at (2,2) width 58: "just an IMG"
            RenderTableCell {TH} at (114,129) size 472x18 [border: (1px inset #808080)] [r=3 c=1 rs=1 cs=2]
              RenderText {#text} at (212,2) size 48x14
                text run at (212,2) width 48: "text links"
      RenderBlock {HR} at (0,442) size 784x2 [border: (1px inset #000000)]
      RenderBlock {P} at (0,456) size 784x14
        RenderInline {B} at (0,0) size 383x14
          RenderText {#text} at (0,0) size 383x14
            text run at (0,0) width 383: "Simpler comparison -- two rows, first is IMG in colspan=3 -- tables not OK"
      RenderTable {TABLE} at (0,482) size 600x155 [border: (1px outset #808080)]
        RenderTableSection {TBODY} at (1,1) size 598x153
          RenderTableRow {TR} at (0,2) size 598x77
            RenderTableCell {TD} at (2,2) size 594x77 [border: (1px inset #808080)] [r=0 c=0 rs=1 cs=3]
              RenderImage {IMG} at (2,2) size 590x73
              RenderText {#text} at (0,0) size 0x0
          RenderTableRow {TR} at (0,81) size 598x70
            RenderTableCell {TD} at (2,81) size 111x18 [bgcolor=#94BD73] [border: (1px inset #808080)] [r=1 c=0 rs=1 cs=1]
              RenderText {#text} at (2,2) size 85x14
                text run at (2,2) width 85: "LH column image"
            RenderTableCell {TD} at (115,81) size 16x18 [border: (1px inset #808080)] [r=1 c=1 rs=1 cs=1]
              RenderText {#text} at (2,2) size 12x14
                text run at (2,2) width 12: "    "
            RenderTableCell {TD} at (133,81) size 463x70 [border: (1px inset #808080)] [r=1 c=2 rs=1 cs=1]
              RenderBlock {P} at (2,2) size 459x14
                RenderText {#text} at (0,0) size 168x14
                  text run at (0,0) width 168: "HP Peripherals Developer Program"
              RenderBlock {P} at (2,28) size 459x14
                RenderText {#text} at (0,0) size 121x14
                  text run at (0,0) width 121: "PROGRAM SERVICES"
              RenderBlock {P} at (2,54) size 459x14
                RenderText {#text} at (0,0) size 50x14
                  text run at (0,0) width 50: "etc., etc. ..."
      RenderBlock {HR} at (0,643) size 784x2 [border: (1px inset #000000)]
      RenderBlock {P} at (0,657) size 784x14
        RenderInline {B} at (0,0) size 395x14
          RenderText {#text} at (0,0) size 395x14
            text run at (0,0) width 395: "Simpler comparison -- nuke the IMG (replace with text) -- tables line up now."
      RenderTable {TABLE} at (0,683) size 590x96 [border: (1px outset #808080)]
        RenderTableSection {TBODY} at (1,1) size 588x94
          RenderTableRow {TR} at (0,2) size 588x18
            RenderTableCell {TD} at (2,2) size 584x18 [border: (1px inset #808080)] [r=0 c=0 rs=1 cs=3]
              RenderText {#text} at (2,2) size 157x14
                text run at (2,2) width 157: "text instead of IMG in colspan=3"
          RenderTableRow {TR} at (0,22) size 588x70
            RenderTableCell {TD} at (2,22) size 110x18 [bgcolor=#94BD73] [border: (1px inset #808080)] [r=1 c=0 rs=1 cs=1]
              RenderText {#text} at (2,2) size 85x14
                text run at (2,2) width 85: "LH column image"
            RenderTableCell {TD} at (114,22) size 16x18 [border: (1px inset #808080)] [r=1 c=1 rs=1 cs=1]
              RenderText {#text} at (2,2) size 12x14
                text run at (2,2) width 12: "    "
            RenderTableCell {TD} at (132,22) size 454x70 [border: (1px inset #808080)] [r=1 c=2 rs=1 cs=1]
              RenderBlock {P} at (2,2) size 450x14
                RenderText {#text} at (0,0) size 168x14
                  text run at (0,0) width 168: "HP Peripherals Developer Program"
              RenderBlock {P} at (2,28) size 450x14
                RenderText {#text} at (0,0) size 121x14
                  text run at (0,0) width 121: "PROGRAM SERVICES"
              RenderBlock {P} at (2,54) size 450x14
                RenderText {#text} at (0,0) size 50x14
                  text run at (0,0) width 50: "etc., etc. ..."
