layer at (0,0) size 800x600
  RenderView at (0,0) size 800x600
layer at (0,0) size 800x600
  RenderBlock {HTML} at (0,0) size 800x600
    RenderBody {BODY} at (8,8) size 784x584
      RenderTable at (0,0) size 31x14
        RenderTableSection (anonymous) at (0,0) size 31x14
          RenderTableRow (anonymous) at (0,0) size 31x14
            RenderTableCell {SPAN} at (0,0) size 16x14 [r=0 c=0 rs=1 cs=1]
              RenderText {#text} at (0,0) size 16x14
                text run at (0,0) width 16: "foo"
            RenderTableCell {SPAN} at (16,0) size 15x14 [r=0 c=1 rs=1 cs=1]
              RenderText {#text} at (0,0) size 15x14
                text run at (0,0) width 15: "bar"
