layer at (0,0) size 800x600
  RenderView at (0,0) size 800x600
layer at (0,0) size 800x600
  RenderBlock {HTML} at (0,0) size 800x600
    RenderBody {BODY} at (8,8) size 784x584
      RenderTable {TABLE} at (0,0) size 85x72 [border: (1px outset #808080)]
        RenderTableSection {TBODY} at (1,1) size 83x70
          RenderTableRow {TR} at (0,2) size 83x18
            RenderTableCell {TD} at (2,2) size 79x18 [border: (1px inset #808080)] [r=0 c=0 rs=1 cs=1]
              RenderBlock {HR} at (3,8) size 72x2 [border: (1px inset #000000)]
          RenderTableRow {TR} at (0,22) size 83x46
            RenderTableCell {TD} at (2,22) size 79x46 [border: (1px inset #808080)] [r=1 c=0 rs=1 cs=1]
              RenderText {#text} at (2,2) size 57x42
                text run at (2,2) width 52: "this should"
                text run at (2,16) width 57: "wrap within"
                text run at (2,30) width 36: "this TD"
      RenderBlock (anonymous) at (0,72) size 784x14
        RenderBR {BR} at (0,0) size 0x14
      RenderTable {TABLE} at (0,86) size 92x58 [border: (1px outset #808080)]
        RenderTableSection {TBODY} at (1,1) size 90x56
          RenderTableRow {TR} at (0,2) size 90x18
            RenderTableCell {TD} at (2,2) size 86x18 [border: (1px inset #808080)] [r=0 c=0 rs=1 cs=1]
              RenderBlock {HR} at (2,8) size 82x2 [border: (1px inset #000000)]
          RenderTableRow {TR} at (0,22) size 90x32
            RenderTableCell {TD} at (2,22) size 86x32 [border: (1px inset #808080)] [r=1 c=0 rs=1 cs=1]
              RenderText {#text} at (2,2) size 79x28
                text run at (2,2) width 79: "this should wrap"
                text run at (2,16) width 69: "within this TD"
