layer at (0,0) size 800x600
  RenderView at (0,0) size 800x600
layer at (0,0) size 800x600
  RenderBlock {HTML} at (0,0) size 800x600
    RenderBody {BODY} at (8,8) size 784x584
      RenderBlock {DIV} at (0,0) size 784x76
        RenderBlock {CENTER} at (0,0) size 784x76
          RenderTable {TABLE} at (78,0) size 627x34 [bgcolor=#000000]
            RenderTableSection {TBODY} at (0,0) size 627x34
              RenderTableRow {TR} at (0,5) size 627x24
                RenderTableCell {TD} at (5,5) size 40x24 [bgcolor=#FFCC33] [r=0 c=0 rs=1 cs=1]
                  RenderText {#text} at (29,5) size 6x14
                    text run at (29,5) width 6: "1"
                RenderTableCell {TD} at (50,5) size 516x24 [bgcolor=#FFCC33] [r=0 c=1 rs=1 cs=1]
                  RenderInline {A} at (0,0) size 35x14 [color=#0000EE]
                    RenderText {#text} at (5,5) size 35x14
                      text run at (5,5) width 35: "Believe"
                RenderTableCell {TD} at (571,5) size 51x24 [bgcolor=#FFCC33] [r=0 c=2 rs=1 cs=1]
                  RenderText {#text} at (25,5) size 21x14
                    text run at (25,5) width 21: "4:53"
          RenderBlock {DIV} at (0,34) size 784x42
            RenderBR {BR} at (784,0) size 0x14
            RenderBR {BR} at (784,14) size 0x14
            RenderInline {A} at (0,0) size 102x14 [color=#0000EE]
              RenderInline {FONT} at (0,0) size 102x14 [color=#FFCC33]
                RenderText {#text} at (682,28) size 102x14
                  text run at (682,28) width 63: "Back to the "
                  text run at (745,28) width 39: "index..."
