layer at (0,0) size 800x600
  RenderView at (0,0) size 800x600
layer at (0,0) size 800x600
  RenderBlock {HTML} at (0,0) size 800x600
    RenderBody {BODY} at (8,8) size 784x584
      RenderBlock (anonymous) at (0,0) size 784x0
        RenderInline {WINDOW} at (0,0) size 0x0
          RenderText {#text} at (0,0) size 0x0
          RenderInline {WINDOW} at (0,0) size 0x0
            RenderText {#text} at (0,0) size 0x0
            RenderInline {WINDOW} at (0,0) size 0x0
              RenderText {#text} at (0,0) size 0x0
              RenderInline {XUL:TOOLBOX} at (0,0) size 0x0
                RenderText {#text} at (0,0) size 0x0
                RenderInline {XUL:TOOLBAR} at (0,0) size 0x0
                  RenderText {#text} at (0,0) size 0x0
      RenderBlock (anonymous) at (0,0) size 784x14
        RenderTable at (0,0) size 25x14
          RenderTableSection (anonymous) at (0,0) size 25x14
            RenderTableRow (anonymous) at (0,0) size 25x14
              RenderTableCell {HTML:SPAN} at (0,0) size 24x14 [r=0 c=0 rs=1 cs=1]
                RenderInline {HTML:BUTTON} at (0,0) size 24x14 [bgcolor=#C0C0C0]
                  RenderText {#text} at (0,0) size 0x0
                  RenderInline {HTML:IMG} at (0,0) size 24x14
                    RenderInline {HTML:BR} at (0,0) size 24x14
                      RenderText {#text} at (0,0) size 24x14
                        text run at (0,0) width 24: "Back"
                RenderText {#text} at (0,0) size 0x0
              RenderTableCell {HTML:SPAN} at (24,0) size 1x0 [r=0 c=1 rs=1 cs=1]
                RenderInline {HTML:INPUT} at (0,0) size 0x0
                RenderText {#text} at (0,0) size 0x0
      RenderBlock (anonymous) at (0,14) size 784x0
        RenderInline {WINDOW} at (0,0) size 0x0
          RenderInline {WINDOW} at (0,0) size 0x0
            RenderInline {WINDOW} at (0,0) size 0x0
              RenderInline {XUL:TOOLBOX} at (0,0) size 0x0
                RenderInline {XUL:TOOLBAR} at (0,0) size 0x0
                RenderText {#text} at (0,0) size 0x0
              RenderText {#text} at (0,0) size 0x0
            RenderText {#text} at (0,0) size 0x0
