layer at (0,0) size 800x600
  RenderView at (0,0) size 800x600
layer at (0,0) size 800x50
  RenderBlock {HTML} at (0,0) size 800x50
    RenderBody {BODY} at (8,8) size 784x34
      RenderBlock (anonymous) at (0,0) size 784x14
        RenderText {#text} at (0,0) size 193x14
          text run at (0,0) width 193: "This is the first of two lines on this page."
      RenderBlock {TABLE} at (0,14) size 784x20
        RenderTable at (0,0) size 213x20
          RenderTableSection {TBODY} at (0,0) size 213x20
            RenderTableRow (anonymous) at (0,2) size 213x16
              RenderTableCell (anonymous) at (2,2) size 209x16 [r=0 c=0 rs=1 cs=1]
                RenderBlock {TR} at (0,0) size 209x16
                  RenderBlock {TD} at (0,0) size 209x16
                    RenderText {#text} at (1,1) size 207x14
                      text run at (1,1) width 207: "This is the second of two lines on this page."
