layer at (0,0) size 800x600
  RenderView at (0,0) size 800x600
layer at (0,0) size 800x600
  RenderBlock {HTML} at (0,0) size 800x600
    RenderBody {BODY} at (8,8) size 784x584
      RenderTable {TABLE} at (0,0) size 131x24 [border: (1px outset #808080)]
        RenderTableSection {TBODY} at (1,1) size 129x22
          RenderTableRow {TR} at (0,2) size 129x18
            RenderTableCell {TD} at (2,2) size 45x18 [border: (1px inset #808080)] [r=0 c=0 rs=1 cs=1]
              RenderText {#text} at (2,2) size 41x14
                text run at (2,2) width 41: "Left side"
            RenderTableCell {TD} at (49,2) size 24x18 [border: (1px inset #808080)] [r=0 c=1 rs=1 cs=1]
              RenderText {#text} at (2,2) size 20x14
                text run at (2,2) width 20: "Mid"
            RenderTableCell {TD} at (75,2) size 52x18 [border: (1px inset #808080)] [r=0 c=2 rs=1 cs=1]
              RenderText {#text} at (2,2) size 48x14
                text run at (2,2) width 48: "Right side"
      RenderTable {TABLE} at (0,24) size 131x44 [border: (1px outset #808080)]
        RenderTableSection {TBODY} at (1,1) size 129x42
          RenderTableRow {TR} at (0,2) size 129x18
            RenderTableCell {TD} at (2,2) size 45x18 [border: (1px inset #808080)] [r=0 c=0 rs=1 cs=1]
              RenderText {#text} at (2,2) size 41x14
                text run at (2,2) width 41: "Left side"
            RenderTableCell {TD} at (49,2) size 24x18 [border: (1px inset #808080)] [r=0 c=1 rs=1 cs=1]
              RenderText {#text} at (2,2) size 20x14
                text run at (2,2) width 20: "Mid"
            RenderTableCell {TD} at (75,2) size 52x18 [border: (1px inset #808080)] [r=0 c=2 rs=1 cs=1]
              RenderText {#text} at (2,2) size 48x14
                text run at (2,2) width 48: "Right side"
          RenderTableRow {TR} at (0,22) size 129x18
            RenderTableCell {TD} at (2,22) size 45x18 [border: (1px inset #808080)] [r=1 c=0 rs=1 cs=1]
              RenderText {#text} at (2,2) size 41x14
                text run at (2,2) width 41: "Left side"
            RenderTableCell {TD} at (49,22) size 24x18 [border: (1px inset #808080)] [r=1 c=1 rs=1 cs=1]
              RenderText {#text} at (2,2) size 20x14
                text run at (2,2) width 20: "Mid"
            RenderTableCell {TD} at (75,22) size 52x18 [border: (1px inset #808080)] [r=1 c=2 rs=1 cs=1]
              RenderText {#text} at (2,2) size 48x14
                text run at (2,2) width 48: "Right side"
