layer at (0,0) size 800x600
  RenderView at (0,0) size 800x600
layer at (0,0) size 800x600
  RenderBlock {HTML} at (0,0) size 800x600
    RenderBody {BODY} at (8,8) size 784x584
      RenderBlock (anonymous) at (0,0) size 784x28
        RenderText {#text} at (0,0) size 29x14
          text run at (0,0) width 29: "BAD:"
        RenderBR {BR} at (29,11) size 0x0
        RenderBR {BR} at (0,14) size 0x14
      RenderBlock {CENTER} at (0,28) size 784x52
        RenderTable {TABLE} at (0,0) size 784x52 [border: (5px outset #808080)]
          RenderTableSection {TBODY} at (5,5) size 774x42
            RenderTableRow {TR} at (0,2) size 774x18
              RenderTableCell {TD} at (2,2) size 770x18 [border: (1px inset #808080)] [r=0 c=0 rs=1 cs=1]
                RenderText {#text} at (2,2) size 20x14
                  text run at (2,2) width 20: "One"
            RenderTableRow {TR} at (0,22) size 774x18
              RenderTableCell {TD} at (2,22) size 770x18 [border: (1px inset #808080)] [r=1 c=0 rs=1 cs=1]
                RenderText {#text} at (2,2) size 22x14
                  text run at (2,2) width 22: "Two"
      RenderBlock (anonymous) at (0,80) size 784x56
        RenderBR {BR} at (0,0) size 0x14
        RenderBR {BR} at (0,14) size 0x14
        RenderText {#text} at (0,28) size 39x14
          text run at (0,28) width 39: "GOOD:"
        RenderBR {BR} at (39,39) size 0x0
        RenderBR {BR} at (0,42) size 0x14
      RenderBlock {CENTER} at (0,136) size 784x52
        RenderTable {TABLE} at (0,0) size 784x52 [border: (5px outset #808080)]
          RenderTableSection {TBODY} at (5,5) size 774x42
            RenderTableRow {TR} at (0,2) size 774x18
              RenderTableCell {TD} at (2,2) size 770x18 [border: (1px inset #808080)] [r=0 c=0 rs=1 cs=1]
                RenderText {#text} at (2,2) size 20x14
                  text run at (2,2) width 20: "One"
            RenderTableRow {TR} at (0,22) size 774x18
              RenderTableCell {TD} at (2,22) size 770x18 [border: (1px inset #808080)] [r=1 c=0 rs=1 cs=1]
                RenderText {#text} at (2,2) size 22x14
                  text run at (2,2) width 22: "Two"
