layer at (0,0) size 800x600
  RenderView at (0,0) size 800x600
layer at (0,0) size 800x600
  RenderBlock {HTML} at (0,0) size 800x600
    RenderBody {BODY} at (8,8) size 784x584
      RenderBlock {P} at (0,0) size 784x0
      RenderBlock (anonymous) at (0,0) size 784x14
        RenderBR {BR} at (0,0) size 0x14
      RenderTable {TABLE} at (0,14) size 290x26 [border: (1px outset #808080)]
        RenderTableSection {TBODY} at (1,1) size 288x24
          RenderTableRow {TR} at (0,2) size 288x0
            RenderTableCell {TD} at (2,3) size 162x18 [border: (1px inset #808080)] [r=0 c=0 rs=2 cs=1]
              RenderText {#text} at (2,2) size 158x14
                text run at (2,2) width 158: "Canada climbs up FIFA rankings"
          RenderTableRow {TR} at (0,4) size 288x18
            RenderTableCell {TD} at (166,4) size 120x18 [border: (1px inset #808080)] [r=1 c=1 rs=1 cs=1]
              RenderText {#text} at (2,2) size 116x14
                text run at (2,2) width 116: "drink more german beer."
