layer at (0,0) size 800x600
  RenderView at (0,0) size 800x600
layer at (0,0) size 800x600
  RenderBlock {HTML} at (0,0) size 800x600
    RenderBody {BODY} at (8,8) size 784x584 [bgcolor=#FFFFFF]
      RenderTable {TABLE} at (0,0) size 784x44 [border: (1px outset #808080)]
        RenderTableSection {TBODY} at (1,1) size 782x42
          RenderTableRow {TR} at (0,2) size 782x18
            RenderTableCell {TD} at (2,2) size 778x18 [border: (1px inset #808080)] [r=0 c=0 rs=1 cs=8]
              RenderText {#text} at (2,2) size 3x14
                text run at (2,2) width 3: " "
          RenderTableRow {TR} at (0,22) size 782x18
            RenderTableCell {TD} at (2,22) size 155x18 [border: (1px inset #808080)] [r=1 c=0 rs=1 cs=1]
              RenderText {#text} at (2,2) size 18x14
                text run at (2,2) width 18: "Old"
            RenderTableCell {TD} at (159,22) size 621x18 [border: (1px inset #808080)] [r=1 c=1 rs=1 cs=7]
              RenderText {#text} at (2,2) size 30x14
                text run at (2,2) width 30: "Check"
