layer at (0,0) size 942x600
  RenderView at (0,0) size 800x600
layer at (0,0) size 800x600
  RenderBlock {HTML} at (0,0) size 800x600
    RenderBody {BODY} at (0,0) size 800x600 [color=#FFFF00] [bgcolor=#000000]
      RenderBlock {P} at (40,40) size 720x14
        RenderInline {B} at (0,0) size 213x14
          RenderText {#text} at (0,0) size 213x14
            text run at (0,0) width 213: "All cell borders should look the same."
      RenderTable {TABLE} at (40,66) size 902x146 [border: (1px outset #808080)]
        RenderTableCol {COLGROUP} at (0,0) size 0x0
          RenderTableCol {COL} at (0,0) size 0x0
        RenderTableSection {TBODY} at (1,1) size 900x144
          RenderTableRow {TR} at (0,0) size 900x16
            RenderTableCell {TD} at (0,0) size 900x16 [color=#00FF00] [bgcolor=#000000] [border: (1px inset #808080)] [r=0 c=0 rs=1 cs=3]
              RenderBlock {P} at (1,1) size 898x14
                RenderText {#text} at (393,0) size 112x14
                  text run at (393,0) width 112: "look at cell borders..."
          RenderTableRow {TR} at (0,16) size 900x128
            RenderTableCell {TD} at (0,114) size 300x30 [color=#00FF00] [bgcolor=#000000] [border: (1px inset #808080)] [r=1 c=0 rs=1 cs=1]
              RenderBlock {P} at (1,1) size 298x28
                RenderText {#text} at (131,0) size 36x14
                  text run at (131,0) width 36: "border"
                RenderBR {BR} at (167,11) size 0x0
                RenderText {#text} at (127,14) size 44x14
                  text run at (127,14) width 44: "bottom?"
            RenderTableCell {TD} at (300,16) size 300x128 [color=#00FF00] [bgcolor=#000000] [border: (1px inset #808080)] [r=1 c=1 rs=1 cs=1]
              RenderBlock {P} at (1,1) size 298x126
                RenderText {#text} at (128,0) size 42x14
                  text run at (128,0) width 42: "this cell"
                RenderBR {BR} at (169,11) size 1x0
                RenderText {#text} at (131,14) size 36x14
                  text run at (131,14) width 36: "border"
                RenderBR {BR} at (167,25) size 0x0
                RenderText {#text} at (139,28) size 20x14
                  text run at (139,28) width 20: "fine"
                RenderBR {BR} at (159,39) size 0x0
                RenderText {#text} at (128,42) size 42x14
                  text run at (128,42) width 42: "this cell"
                RenderBR {BR} at (169,53) size 1x0
                RenderText {#text} at (131,56) size 36x14
                  text run at (131,56) width 36: "border"
                RenderBR {BR} at (167,67) size 0x0
                RenderText {#text} at (139,70) size 20x14
                  text run at (139,70) width 20: "fine"
                RenderBR {BR} at (159,81) size 0x0
                RenderText {#text} at (128,84) size 42x14
                  text run at (128,84) width 42: "this cell"
                RenderBR {BR} at (169,95) size 1x0
                RenderText {#text} at (131,98) size 36x14
                  text run at (131,98) width 36: "border"
                RenderBR {BR} at (167,109) size 0x0
                RenderText {#text} at (139,112) size 20x14
                  text run at (139,112) width 20: "fine"
            RenderTableCell {TD} at (600,16) size 300x128 [color=#00FF00] [bgcolor=#000000] [border: (1px inset #808080)] [r=1 c=2 rs=1 cs=1]
              RenderBlock {P} at (1,1) size 298x126
                RenderText {#text} at (128,0) size 42x14
                  text run at (128,0) width 42: "this cell"
                RenderBR {BR} at (169,11) size 1x0
                RenderText {#text} at (131,14) size 36x14
                  text run at (131,14) width 36: "border"
                RenderBR {BR} at (167,25) size 0x0
                RenderText {#text} at (139,28) size 20x14
                  text run at (139,28) width 20: "fine"
                RenderBR {BR} at (159,39) size 0x0
                RenderText {#text} at (128,42) size 42x14
                  text run at (128,42) width 42: "this cell"
                RenderBR {BR} at (169,53) size 1x0
                RenderText {#text} at (131,56) size 36x14
                  text run at (131,56) width 36: "border"
                RenderBR {BR} at (167,67) size 0x0
                RenderText {#text} at (139,70) size 20x14
                  text run at (139,70) width 20: "fine"
                RenderBR {BR} at (159,81) size 0x0
                RenderText {#text} at (128,84) size 42x14
                  text run at (128,84) width 42: "this cell"
                RenderBR {BR} at (169,95) size 1x0
                RenderText {#text} at (131,98) size 36x14
                  text run at (131,98) width 36: "border"
                RenderBR {BR} at (167,109) size 0x0
                RenderText {#text} at (139,112) size 20x14
                  text run at (139,112) width 20: "fine"
