layer at (0,0) size 800x600
  RenderView at (0,0) size 800x600
layer at (0,0) size 800x132
  RenderBlock {HTML} at (0,0) size 800x132
    RenderBody {BODY} at (8,8) size 784x0 [bgcolor=#FFFFFF]
      RenderTable {TABLE} at (0,0) size 64x119
        RenderBlock {CAPTION} at (0,0) size 64x14
          RenderText {#text} at (0,0) size 64x14
            text run at (0,0) width 64: "height=\"105\""
        RenderTableSection {TBODY} at (0,14) size 64x105
          RenderTableRow {TR} at (0,0) size 64x21
            RenderTableCell {TD} at (0,2) size 64x16 [r=0 c=0 rs=1 cs=1]
              RenderText {#text} at (1,1) size 47x14
                text run at (1,1) width 47: "Entry #01"
          RenderTableRow {TR} at (0,21) size 64x21
            RenderTableCell {TD} at (0,23) size 64x16 [r=1 c=0 rs=1 cs=1]
              RenderText {#text} at (1,1) size 47x14
                text run at (1,1) width 47: "Entry #02"
          RenderTableRow {TR} at (0,42) size 64x21
            RenderTableCell {TD} at (0,44) size 64x16 [r=2 c=0 rs=1 cs=1]
              RenderText {#text} at (1,1) size 47x14
                text run at (1,1) width 47: "Entry #03"
          RenderTableRow {TR} at (0,63) size 64x21
            RenderTableCell {TD} at (0,65) size 64x16 [r=3 c=0 rs=1 cs=1]
              RenderText {#text} at (1,1) size 47x14
                text run at (1,1) width 47: "Entry #04"
          RenderTableRow {TR} at (0,84) size 64x21
            RenderTableCell {TD} at (0,86) size 64x16 [r=4 c=0 rs=1 cs=1]
              RenderText {#text} at (1,1) size 47x14
                text run at (1,1) width 47: "Entry #05"
      RenderTable {TABLE} at (64,0) size 64x120
        RenderBlock {CAPTION} at (0,0) size 64x14
          RenderText {#text} at (0,0) size 64x14
            text run at (0,0) width 64: "height=\"106\""
        RenderTableSection {TBODY} at (0,14) size 64x106
          RenderTableRow {TR} at (0,0) size 64x21
            RenderTableCell {TD} at (0,2) size 64x16 [r=0 c=0 rs=1 cs=1]
              RenderText {#text} at (1,1) size 47x14
                text run at (1,1) width 47: "Entry #01"
          RenderTableRow {TR} at (0,21) size 64x21
            RenderTableCell {TD} at (0,23) size 64x16 [r=1 c=0 rs=1 cs=1]
              RenderText {#text} at (1,1) size 47x14
                text run at (1,1) width 47: "Entry #02"
          RenderTableRow {TR} at (0,42) size 64x21
            RenderTableCell {TD} at (0,44) size 64x16 [r=2 c=0 rs=1 cs=1]
              RenderText {#text} at (1,1) size 47x14
                text run at (1,1) width 47: "Entry #03"
          RenderTableRow {TR} at (0,63) size 64x21
            RenderTableCell {TD} at (0,65) size 64x16 [r=3 c=0 rs=1 cs=1]
              RenderText {#text} at (1,1) size 47x14
                text run at (1,1) width 47: "Entry #04"
          RenderTableRow {TR} at (0,84) size 64x22
            RenderTableCell {TD} at (0,87) size 64x16 [r=4 c=0 rs=1 cs=1]
              RenderText {#text} at (1,1) size 47x14
                text run at (1,1) width 47: "Entry #05"
      RenderTable {TABLE} at (128,0) size 64x121
        RenderBlock {CAPTION} at (0,0) size 64x14
          RenderText {#text} at (0,0) size 64x14
            text run at (0,0) width 64: "height=\"107\""
        RenderTableSection {TBODY} at (0,14) size 64x107
          RenderTableRow {TR} at (0,0) size 64x21
            RenderTableCell {TD} at (0,2) size 64x16 [r=0 c=0 rs=1 cs=1]
              RenderText {#text} at (1,1) size 47x14
                text run at (1,1) width 47: "Entry #01"
          RenderTableRow {TR} at (0,21) size 64x21
            RenderTableCell {TD} at (0,23) size 64x16 [r=1 c=0 rs=1 cs=1]
              RenderText {#text} at (1,1) size 47x14
                text run at (1,1) width 47: "Entry #02"
          RenderTableRow {TR} at (0,42) size 64x21
            RenderTableCell {TD} at (0,44) size 64x16 [r=2 c=0 rs=1 cs=1]
              RenderText {#text} at (1,1) size 47x14
                text run at (1,1) width 47: "Entry #03"
          RenderTableRow {TR} at (0,63) size 64x22
            RenderTableCell {TD} at (0,66) size 64x16 [r=3 c=0 rs=1 cs=1]
              RenderText {#text} at (1,1) size 47x14
                text run at (1,1) width 47: "Entry #04"
          RenderTableRow {TR} at (0,85) size 64x22
            RenderTableCell {TD} at (0,88) size 64x16 [r=4 c=0 rs=1 cs=1]
              RenderText {#text} at (1,1) size 47x14
                text run at (1,1) width 47: "Entry #05"
      RenderTable {TABLE} at (192,0) size 64x122
        RenderBlock {CAPTION} at (0,0) size 64x14
          RenderText {#text} at (0,0) size 64x14
            text run at (0,0) width 64: "height=\"108\""
        RenderTableSection {TBODY} at (0,14) size 64x108
          RenderTableRow {TR} at (0,0) size 64x21
            RenderTableCell {TD} at (0,2) size 64x16 [r=0 c=0 rs=1 cs=1]
              RenderText {#text} at (1,1) size 47x14
                text run at (1,1) width 47: "Entry #01"
          RenderTableRow {TR} at (0,21) size 64x21
            RenderTableCell {TD} at (0,23) size 64x16 [r=1 c=0 rs=1 cs=1]
              RenderText {#text} at (1,1) size 47x14
                text run at (1,1) width 47: "Entry #02"
          RenderTableRow {TR} at (0,42) size 64x22
            RenderTableCell {TD} at (0,45) size 64x16 [r=2 c=0 rs=1 cs=1]
              RenderText {#text} at (1,1) size 47x14
                text run at (1,1) width 47: "Entry #03"
          RenderTableRow {TR} at (0,64) size 64x22
            RenderTableCell {TD} at (0,67) size 64x16 [r=3 c=0 rs=1 cs=1]
              RenderText {#text} at (1,1) size 47x14
                text run at (1,1) width 47: "Entry #04"
          RenderTableRow {TR} at (0,86) size 64x22
            RenderTableCell {TD} at (0,89) size 64x16 [r=4 c=0 rs=1 cs=1]
              RenderText {#text} at (1,1) size 47x14
                text run at (1,1) width 47: "Entry #05"
      RenderTable {TABLE} at (256,0) size 64x123
        RenderBlock {CAPTION} at (0,0) size 64x14
          RenderText {#text} at (0,0) size 64x14
            text run at (0,0) width 64: "height=\"109\""
        RenderTableSection {TBODY} at (0,14) size 64x109
          RenderTableRow {TR} at (0,0) size 64x21
            RenderTableCell {TD} at (0,2) size 64x16 [r=0 c=0 rs=1 cs=1]
              RenderText {#text} at (1,1) size 47x14
                text run at (1,1) width 47: "Entry #01"
          RenderTableRow {TR} at (0,21) size 64x22
            RenderTableCell {TD} at (0,24) size 64x16 [r=1 c=0 rs=1 cs=1]
              RenderText {#text} at (1,1) size 47x14
                text run at (1,1) width 47: "Entry #02"
          RenderTableRow {TR} at (0,43) size 64x22
            RenderTableCell {TD} at (0,46) size 64x16 [r=2 c=0 rs=1 cs=1]
              RenderText {#text} at (1,1) size 47x14
                text run at (1,1) width 47: "Entry #03"
          RenderTableRow {TR} at (0,65) size 64x22
            RenderTableCell {TD} at (0,68) size 64x16 [r=3 c=0 rs=1 cs=1]
              RenderText {#text} at (1,1) size 47x14
                text run at (1,1) width 47: "Entry #04"
          RenderTableRow {TR} at (0,87) size 64x22
            RenderTableCell {TD} at (0,90) size 64x16 [r=4 c=0 rs=1 cs=1]
              RenderText {#text} at (1,1) size 47x14
                text run at (1,1) width 47: "Entry #05"
      RenderTable {TABLE} at (320,0) size 64x124
        RenderBlock {CAPTION} at (0,0) size 64x14
          RenderText {#text} at (0,0) size 64x14
            text run at (0,0) width 64: "height=\"110\""
        RenderTableSection {TBODY} at (0,14) size 64x110
          RenderTableRow {TR} at (0,0) size 64x22
            RenderTableCell {TD} at (0,3) size 64x16 [r=0 c=0 rs=1 cs=1]
              RenderText {#text} at (1,1) size 47x14
                text run at (1,1) width 47: "Entry #01"
          RenderTableRow {TR} at (0,22) size 64x22
            RenderTableCell {TD} at (0,25) size 64x16 [r=1 c=0 rs=1 cs=1]
              RenderText {#text} at (1,1) size 47x14
                text run at (1,1) width 47: "Entry #02"
          RenderTableRow {TR} at (0,44) size 64x22
            RenderTableCell {TD} at (0,47) size 64x16 [r=2 c=0 rs=1 cs=1]
              RenderText {#text} at (1,1) size 47x14
                text run at (1,1) width 47: "Entry #03"
          RenderTableRow {TR} at (0,66) size 64x22
            RenderTableCell {TD} at (0,69) size 64x16 [r=3 c=0 rs=1 cs=1]
              RenderText {#text} at (1,1) size 47x14
                text run at (1,1) width 47: "Entry #04"
          RenderTableRow {TR} at (0,88) size 64x22
            RenderTableCell {TD} at (0,91) size 64x16 [r=4 c=0 rs=1 cs=1]
              RenderText {#text} at (1,1) size 47x14
                text run at (1,1) width 47: "Entry #05"
