layer at (0,0) size 800x600
  RenderView at (0,0) size 800x600
layer at (0,0) size 800x574
  RenderBlock {HTML} at (0,0) size 800x574
    RenderBody {BODY} at (8,8) size 784x558 [bgcolor=#FFFFFF]
      RenderTable {TABLE} at (0,0) size 308x44 [border: (1px outset #808080)]
        RenderTableCol {COLGROUP} at (0,0) size 0x0
          RenderTableCol {COL} at (0,0) size 0x0
          RenderTableCol {COL} at (0,0) size 0x0
        RenderTableSection {TBODY} at (1,1) size 306x42
          RenderTableRow {TR} at (0,2) size 306x18
          RenderTableRow {TR} at (0,22) size 306x18
      RenderTable {TABLE} at (0,44) size 308x44 [border: (1px outset #808080)]
        RenderTableCol {COLGROUP} at (0,0) size 0x0
          RenderTableCol {COL} at (0,0) size 0x0
          RenderTableCol {COL} at (0,0) size 0x0
        RenderTableSection {TBODY} at (1,1) size 306x42
          RenderTableRow {TR} at (0,2) size 306x18
          RenderTableRow {TR} at (0,22) size 306x18
      RenderTable {TABLE} at (0,88) size 300x44 [border: (1px outset #808080)]
        RenderTableSection {TBODY} at (1,1) size 298x42
          RenderTableRow {TR} at (0,2) size 298x18
          RenderTableRow {TR} at (0,22) size 298x18
      RenderTable {TABLE} at (0,132) size 300x44 [border: (1px outset #808080)]
        RenderTableSection {TBODY} at (1,1) size 298x42
          RenderTableRow {TR} at (0,2) size 298x18
          RenderTableRow {TR} at (0,22) size 298x18
      RenderTable {TABLE} at (0,176) size 300x74 [border: (1px outset #808080)]
        RenderTableSection {TBODY} at (1,1) size 298x72
          RenderTableRow {TR} at (0,2) size 298x48
          RenderTableRow {TR} at (0,52) size 298x18
      RenderTable {TABLE} at (0,250) size 300x74 [border: (1px outset #808080)]
        RenderTableSection {TBODY} at (1,1) size 298x72
          RenderTableRow {TR} at (0,2) size 298x48
          RenderTableRow {TR} at (0,52) size 298x18
      RenderTable {TABLE} at (0,324) size 300x86 [border: (1px outset #808080)]
        RenderTableSection {TBODY} at (1,1) size 298x84
          RenderTableRow {TR} at (0,2) size 298x42
          RenderTableRow {TR} at (0,46) size 298x36
      RenderTable {TABLE} at (0,484) size 300x74 [border: (1px outset #808080)]
        RenderTableSection {TBODY} at (1,1) size 298x72
          RenderTableRow {TR} at (0,2) size 298x48
          RenderTableRow {TR} at (0,52) size 298x18
layer at (11,11) size 200x18 clip at (12,12) size 198x16
  RenderTableCell {TD} at (2,2) size 200x18 [bgcolor=#0000FF] [border: (1px inset #808080)] [r=0 c=0 rs=1 cs=1]
    RenderText {#text} at (2,2) size 3x14
      text run at (2,2) width 3: " "
layer at (213,11) size 100x18 clip at (214,12) size 98x16
  RenderTableCell {TD} at (204,2) size 100x18 [bgcolor=#0000FF] [border: (1px inset #808080)] [r=0 c=1 rs=1 cs=1]
    RenderText {#text} at (2,2) size 3x14
      text run at (2,2) width 3: " "
layer at (11,31) size 200x18 clip at (12,32) size 198x16
  RenderTableCell {TD} at (2,22) size 200x18 [bgcolor=#0000FF] [border: (1px inset #808080)] [r=1 c=0 rs=1 cs=1]
    RenderText {#text} at (2,2) size 3x14
      text run at (2,2) width 3: " "
layer at (213,31) size 100x18 clip at (214,32) size 98x16
  RenderTableCell {TD} at (204,22) size 100x18 [bgcolor=#0000FF] [border: (1px inset #808080)] [r=1 c=1 rs=1 cs=1]
    RenderText {#text} at (2,2) size 3x14
      text run at (2,2) width 3: " "
layer at (11,55) size 200x18 clip at (12,56) size 198x16
  RenderTableCell {TD} at (2,2) size 200x18 [bgcolor=#0000FF] [border: (1px inset #808080)] [r=0 c=0 rs=1 cs=1]
    RenderText {#text} at (2,2) size 3x14
      text run at (2,2) width 3: " "
layer at (213,55) size 100x18 clip at (214,56) size 98x16
  RenderTableCell {TD} at (204,2) size 100x18 [bgcolor=#0000FF] [border: (1px inset #808080)] [r=0 c=1 rs=1 cs=1]
    RenderText {#text} at (2,2) size 3x14
      text run at (2,2) width 3: " "
layer at (11,75) size 200x18 clip at (12,76) size 198x16
  RenderTableCell {TD} at (2,22) size 200x18 [bgcolor=#0000FF] [border: (1px inset #808080)] [r=1 c=0 rs=1 cs=1]
    RenderText {#text} at (2,2) size 3x14
      text run at (2,2) width 3: " "
layer at (213,75) size 100x18 clip at (214,76) size 98x16
  RenderTableCell {TD} at (204,22) size 100x18 [bgcolor=#0000FF] [border: (1px inset #808080)] [r=1 c=1 rs=1 cs=1]
    RenderText {#text} at (2,2) size 3x14
      text run at (2,2) width 3: " "
layer at (11,99) size 233x18 clip at (12,100) size 231x16
  RenderTableCell {TD} at (2,2) size 233x18 [bgcolor=#0000FF] [border: (1px inset #808080)] [r=0 c=0 rs=1 cs=1]
    RenderText {#text} at (2,2) size 3x14
      text run at (2,2) width 3: " "
layer at (246,99) size 59x18 clip at (247,100) size 57x16
  RenderTableCell {TD} at (237,2) size 59x18 [bgcolor=#0000FF] [border: (1px inset #808080)] [r=0 c=1 rs=1 cs=1]
    RenderText {#text} at (2,2) size 3x14
      text run at (2,2) width 3: " "
layer at (11,119) size 233x18 clip at (12,120) size 231x16
  RenderTableCell {TD} at (2,22) size 233x18 [bgcolor=#0000FF] [border: (1px inset #808080)] [r=1 c=0 rs=1 cs=1]
    RenderText {#text} at (2,2) size 3x14
      text run at (2,2) width 3: " "
layer at (246,119) size 59x18 clip at (247,120) size 57x16
  RenderTableCell {TD} at (237,22) size 59x18 [bgcolor=#0000FF] [border: (1px inset #808080)] [r=1 c=1 rs=1 cs=1]
    RenderText {#text} at (2,2) size 3x14
      text run at (2,2) width 3: " "
layer at (11,143) size 150x18 clip at (12,144) size 148x16
  RenderTableCell {TD} at (2,2) size 150x18 [bgcolor=#0000FF] [border: (1px inset #808080)] [r=0 c=0 rs=1 cs=1]
    RenderText {#text} at (2,2) size 3x14
      text run at (2,2) width 3: " "
layer at (163,143) size 142x18 clip at (164,144) size 140x16
  RenderTableCell {TD} at (154,2) size 142x18 [bgcolor=#0000FF] [border: (1px inset #808080)] [r=0 c=1 rs=1 cs=1]
    RenderText {#text} at (2,2) size 3x14
      text run at (2,2) width 3: " "
layer at (11,163) size 150x18 clip at (12,164) size 148x16
  RenderTableCell {TD} at (2,22) size 150x18 [bgcolor=#0000FF] [border: (1px inset #808080)] [r=1 c=0 rs=1 cs=1]
    RenderText {#text} at (2,2) size 3x14
      text run at (2,2) width 3: " "
layer at (163,163) size 142x18 clip at (164,164) size 140x16
  RenderTableCell {TD} at (154,22) size 142x18 [bgcolor=#0000FF] [border: (1px inset #808080)] [r=1 c=1 rs=1 cs=1]
    RenderText {#text} at (2,2) size 3x14
      text run at (2,2) width 3: " "
layer at (11,187) size 150x48 clip at (12,188) size 148x46 scrollWidth 201
  RenderTableCell {TD} at (2,2) size 150x48 [bgcolor=#0000FF] [border: (1px inset #808080)] [r=0 c=0 rs=1 cs=1]
    RenderBlock {FORM} at (2,2) size 146x44
      RenderButton {BUTTON} at (0,2) size 200x40 [bgcolor=#C0C0C0] [border: (2px outset #C0C0C0)]
        RenderBlock (anonymous) at (17,10) size 166x18
          RenderText {#text} at (61,0) size 44x17
            text run at (61,0) width 44: "button"
layer at (163,187) size 142x48 clip at (164,188) size 140x46
  RenderTableCell {TD} at (154,17) size 142x18 [bgcolor=#0000FF] [border: (1px inset #808080)] [r=0 c=1 rs=1 cs=1]
    RenderText {#text} at (2,2) size 3x14
      text run at (2,2) width 3: " "
layer at (11,237) size 150x18 clip at (12,238) size 148x16
  RenderTableCell {TD} at (2,52) size 150x18 [bgcolor=#0000FF] [border: (1px inset #808080)] [r=1 c=0 rs=1 cs=1]
    RenderText {#text} at (2,2) size 3x14
      text run at (2,2) width 3: " "
layer at (163,237) size 142x18 clip at (164,238) size 140x16
  RenderTableCell {TD} at (154,52) size 142x18 [bgcolor=#0000FF] [border: (1px inset #808080)] [r=1 c=1 rs=1 cs=1]
    RenderText {#text} at (2,2) size 3x14
      text run at (2,2) width 3: " "
layer at (11,261) size 282x48 clip at (12,262) size 280x46
  RenderTableCell {TD} at (2,2) size 282x48 [bgcolor=#0000FF] [border: (1px inset #808080)] [r=0 c=0 rs=1 cs=1]
    RenderBlock {FORM} at (2,2) size 278x44
      RenderButton {BUTTON} at (0,2) size 200x40 [bgcolor=#C0C0C0] [border: (2px outset #C0C0C0)]
        RenderBlock (anonymous) at (17,10) size 166x18
          RenderText {#text} at (61,0) size 44x17
            text run at (61,0) width 44: "button"
layer at (295,261) size 10x48 clip at (296,262) size 8x46
  RenderTableCell {TD} at (286,17) size 10x18 [bgcolor=#0000FF] [border: (1px inset #808080)] [r=0 c=1 rs=1 cs=1]
    RenderText {#text} at (2,2) size 3x14
      text run at (2,2) width 3: " "
layer at (11,311) size 282x18 clip at (12,312) size 280x16
  RenderTableCell {TD} at (2,52) size 282x18 [bgcolor=#0000FF] [border: (1px inset #808080)] [r=1 c=0 rs=1 cs=1]
    RenderText {#text} at (2,2) size 3x14
      text run at (2,2) width 3: " "
layer at (295,311) size 10x18 clip at (296,312) size 8x16
  RenderTableCell {TD} at (286,52) size 10x18 [bgcolor=#0000FF] [border: (1px inset #808080)] [r=1 c=1 rs=1 cs=1]
    RenderText {#text} at (2,2) size 3x14
      text run at (2,2) width 3: " "
layer at (11,335) size 150x42 clip at (12,336) size 148x40 scrollWidth 216
  RenderTableCell {TD} at (2,2) size 150x42 [bgcolor=#0000FF] [border: (1px inset #808080)] [r=0 c=0 rs=1 cs=1]
    RenderBlock {DIV} at (11,11) size 206x20 [border: (3px solid #000000)]
      RenderText {#text} at (3,3) size 15x14
        text run at (3,3) width 15: "div"
layer at (163,335) size 142x42 clip at (164,336) size 140x40
  RenderTableCell {TD} at (154,5) size 142x36 [bgcolor=#0000FF] [border: (1px inset #808080)] [r=0 c=1 rs=1 cs=1]
    RenderText {#text} at (11,11) size 3x14
      text run at (11,11) width 3: " "
layer at (11,379) size 150x36 clip at (12,380) size 148x34
  RenderTableCell {TD} at (2,46) size 150x36 [bgcolor=#0000FF] [border: (1px inset #808080)] [r=1 c=0 rs=1 cs=1]
    RenderText {#text} at (11,11) size 3x14
      text run at (11,11) width 3: " "
layer at (163,379) size 142x36 clip at (164,380) size 140x34
  RenderTableCell {TD} at (154,46) size 142x36 [bgcolor=#0000FF] [border: (1px inset #808080)] [r=1 c=1 rs=1 cs=1]
    RenderText {#text} at (11,11) size 3x14
      text run at (11,11) width 3: " "
layer at (8,418) size 300x74 clip at (9,419) size 298x72
  RenderTable {TABLE} at (0,410) size 300x74 [border: (1px outset #808080)]
    RenderTableSection {TBODY} at (1,1) size 298x72
      RenderTableRow {TR} at (0,2) size 298x48
      RenderTableRow {TR} at (0,52) size 298x18
layer at (11,421) size 150x48 clip at (12,422) size 148x46 scrollWidth 207
  RenderTableCell {TD} at (2,2) size 150x48 [bgcolor=#0000FF] [border: (1px inset #808080)] [r=0 c=0 rs=1 cs=1]
    RenderBlock {P} at (2,14) size 206x20 [border: (3px solid #000000)]
      RenderText {#text} at (3,3) size 20x14
        text run at (3,3) width 20: "para"
layer at (163,421) size 142x48 clip at (164,422) size 140x46
  RenderTableCell {TD} at (154,17) size 142x18 [bgcolor=#0000FF] [border: (1px inset #808080)] [r=0 c=1 rs=1 cs=1]
    RenderText {#text} at (2,2) size 3x14
      text run at (2,2) width 3: " "
layer at (11,471) size 150x18 clip at (12,472) size 148x16
  RenderTableCell {TD} at (2,52) size 150x18 [bgcolor=#0000FF] [border: (1px inset #808080)] [r=1 c=0 rs=1 cs=1]
    RenderText {#text} at (2,2) size 3x14
      text run at (2,2) width 3: " "
layer at (163,471) size 142x18 clip at (164,472) size 140x16
  RenderTableCell {TD} at (154,52) size 142x18 [bgcolor=#0000FF] [border: (1px inset #808080)] [r=1 c=1 rs=1 cs=1]
    RenderText {#text} at (2,2) size 3x14
      text run at (2,2) width 3: " "
layer at (11,495) size 254x48 clip at (12,496) size 252x46
  RenderTableCell {TD} at (2,2) size 254x48 [bgcolor=#0000FF] [border: (1px inset #808080)] [r=0 c=0 rs=1 cs=1]
    RenderBlock {P} at (2,14) size 206x20 [border: (3px solid #000000)]
      RenderText {#text} at (3,3) size 20x14
        text run at (3,3) width 20: "para"
layer at (267,495) size 38x48 clip at (268,496) size 36x46
  RenderTableCell {TD} at (258,17) size 38x18 [bgcolor=#0000FF] [border: (1px inset #808080)] [r=0 c=1 rs=1 cs=1]
    RenderText {#text} at (2,2) size 3x14
      text run at (2,2) width 3: " "
layer at (11,545) size 254x18 clip at (12,546) size 252x16
  RenderTableCell {TD} at (2,52) size 254x18 [bgcolor=#0000FF] [border: (1px inset #808080)] [r=1 c=0 rs=1 cs=1]
    RenderText {#text} at (2,2) size 3x14
      text run at (2,2) width 3: " "
layer at (267,545) size 38x18 clip at (268,546) size 36x16
  RenderTableCell {TD} at (258,52) size 38x18 [bgcolor=#0000FF] [border: (1px inset #808080)] [r=1 c=1 rs=1 cs=1]
    RenderText {#text} at (2,2) size 3x14
      text run at (2,2) width 3: " "
