layer at (0,0) size 800x600
  RenderView at (0,0) size 800x600
layer at (0,0) size 800x600
  RenderBlock {HTML} at (0,0) size 800x600
    RenderBody {BODY} at (8,8) size 784x584 [bgcolor=#FFFFFF]
      RenderTable {TABLE} at (0,0) size 360x62 [border: (1px outset #808080)]
        RenderTableSection {TBODY} at (1,1) size 358x60
          RenderTableRow {TR} at (0,2) size 358x56
            RenderTableCell {TD} at (2,2) size 354x56 [border: (1px inset #808080)] [r=0 c=0 rs=1 cs=1]
              RenderTable {TABLE} at (2,2) size 350x52 [bgcolor=#FFCC99] [border: (1px outset #808080)]
                RenderTableSection {TBODY} at (1,1) size 348x50
                  RenderTableRow {TR} at (0,2) size 348x46
                    RenderTableCell {TD} at (2,4) size 250x42 [border: (1px inset #808080)] [r=0 c=0 rs=1 cs=2]
                      RenderInline {B} at (0,0) size 75x14
                        RenderText {#text} at (2,2) size 75x14
                          text run at (2,2) width 75: "Contact MPG:"
                      RenderText {#text} at (77,2) size 3x14
                        text run at (77,2) width 3: " "
                      RenderBR {BR} at (0,0) size 0x0
                      RenderInline {FONT} at (0,0) size 242x23
                        RenderInline {B} at (0,0) size 115x11
                          RenderInline {A} at (0,0) size 115x11 [color=#0000EE]
                            RenderText {#text} at (2,16) size 115x11
                              text run at (2,16) width 26: "Click "
                              text run at (28,16) width 89: "here to email full list"
                        RenderText {#text} at (117,16) size 57x11
                          text run at (117,16) width 57: ", or copy this "
                        RenderInline {A} at (0,0) size 64x11 [color=#0000EE]
                          RenderText {#text} at (174,16) size 64x11
                            text run at (174,16) width 16: "list "
                            text run at (190,16) width 48: "of addresses"
                        RenderText {#text} at (238,16) size 242x23
                          text run at (238,16) width 6: ". "
                          text run at (2,28) width 24: "View "
                        RenderInline {A} at (0,0) size 65x11 [color=#0000EE]
                          RenderText {#text} at (26,28) size 65x11
                            text run at (26,28) width 65: "Who is in MPG"
                        RenderText {#text} at (91,28) size 3x11
                          text run at (91,28) width 3: "."
                      RenderText {#text} at (0,0) size 0x0
                    RenderTableCell {TD} at (254,2) size 92x46 [border: (1px inset #808080)] [r=0 c=2 rs=1 cs=1]
                      RenderInline {B} at (0,0) size 63x14
                        RenderText {#text} at (2,2) size 63x14
                          text run at (2,2) width 63: "MPG Rules:"
                      RenderText {#text} at (65,2) size 3x14
                        text run at (65,2) width 3: " "
                      RenderBR {BR} at (0,0) size 0x0
                      RenderText {#text} at (2,16) size 80x28
                        text run at (2,16) width 80: "Not at all serious"
                        text run at (2,30) width 37: "bylaws."
