layer at (0,0) size 800x600
  RenderView at (0,0) size 800x600
layer at (0,0) size 800x600
  RenderBlock {HTML} at (0,0) size 800x600
    RenderBody {BODY} at (8,8) size 784x584
      RenderTable {TABLE} at (0,0) size 640x76 [border: (1px outset #808080)]
        RenderTableSection {TBODY} at (1,1) size 638x74
          RenderTableRow {TR} at (0,2) size 638x70
            RenderTableCell {TD} at (2,2) size 322x70 [border: (1px inset #808080)] [r=0 c=0 rs=1 cs=1]
              RenderTable {TABLE} at (2,2) size 300x66 [border: (1px outset #808080)]
                RenderTableSection {TBODY} at (1,1) size 298x64
                  RenderTableRow {TR} at (0,2) size 298x60
                    RenderTableCell {TD} at (2,2) size 294x60 [border: (1px inset #808080)] [r=0 c=0 rs=1 cs=2]
                      RenderText {#text} at (2,2) size 289x56
                        text run at (2,2) width 288: "Welcome to PlanDepot.com, the fastest growing resource for"
                        text run at (2,16) width 267: "Construction Data on the Internet! We offer an extensive"
                        text run at (2,30) width 43: "database "
                        text run at (45,30) width 246: "of construction bid opportunities, currently covering"
                        text run at (2,44) width 45: "13 states!"
            RenderTableCell {TD} at (326,2) size 310x18 [border: (1px inset #808080)] [r=0 c=1 rs=1 cs=1]
              RenderText {#text} at (2,2) size 153x14
                text run at (2,2) width 153: "Expanded Geographic Coverage"
