layer at (0,0) size 800x600
  RenderView at (0,0) size 800x600
layer at (0,0) size 800x600
  RenderBlock {HTML} at (0,0) size 800x600
    RenderBody {BODY} at (8,8) size 784x580
      RenderBlock (anonymous) at (0,0) size 784x14
        RenderText {#text} at (0,0) size 197x14
          text run at (0,0) width 197: "The select should not contain blank items "
        RenderBR {BR} at (197,11) size 0x0
      RenderBlock {FORM} at (0,14) size 784x42
        RenderInline {B} at (0,0) size 35x14
          RenderText {#text} at (0,15) size 35x14
            text run at (0,15) width 35: "Search"
        RenderText {#text} at (35,15) size 3x14
          text run at (35,15) width 3: " "
        RenderTextControl {INPUT} at (40,6) size 176x28 [color=#202020]
        RenderText {#text} at (218,15) size 3x14
          text run at (218,15) width 3: " "
        RenderMenuList {SELECT} at (223,2) size 116x38 [color=#202020]
          RenderBlock (anonymous) at (15,10) size 60x18
            RenderText at (0,0) size 44x17
              text run at (0,0) width 44: "Excite"
        RenderText {#text} at (0,0) size 0x0
      RenderBlock (anonymous) at (0,68) size 784x28
        RenderBR {BR} at (0,0) size 0x14
        RenderText {#text} at (0,14) size 197x14
          text run at (0,14) width 197: "The select should not contain blank items "
        RenderBR {BR} at (197,25) size 0x0
      RenderBlock {FORM} at (0,96) size 784x42
        RenderMenuList {SELECT} at (2,2) size 284x38 [color=#202020]
          RenderBlock (anonymous) at (15,10) size 228x18
            RenderText at (0,0) size 75x17
              text run at (0,0) width 75: "Quick Link"
layer at (52,34) size 169x18
  RenderBlock {DIV} at (4,6) size 169x18
