layer at (0,0) size 800x600
  RenderView at (0,0) size 800x600
layer at (0,0) size 800x600
  RenderBlock {HTML} at (0,0) size 800x600
    RenderBody {BODY} at (8,8) size 784x584
      RenderTable {TABLE} at (0,0) size 784x246 [border: none]
        RenderTableSection {TBODY} at (0,0) size 783x245
          RenderTableRow {TR} at (0,0) size 783x17
            RenderTableCell {TH} at (0,0) size 111x17 [border: (1px solid #005A8C)] [r=0 c=0 rs=1 cs=1]
              RenderText {#text} at (45,2) size 22x14
                text run at (45,2) width 22: "Sun"
            RenderTableCell {TH} at (111,0) size 112x17 [border: (1px solid #005A8C)] [r=0 c=1 rs=1 cs=1]
              RenderText {#text} at (44,2) size 25x14
                text run at (44,2) width 25: "Mon"
            RenderTableCell {TH} at (223,0) size 112x17 [border: (1px solid #005A8C)] [r=0 c=2 rs=1 cs=1]
              RenderText {#text} at (46,2) size 21x14
                text run at (46,2) width 21: "Tue"
            RenderTableCell {TH} at (335,0) size 112x17 [border: (1px solid #005A8C)] [r=0 c=3 rs=1 cs=1]
              RenderText {#text} at (44,2) size 25x14
                text run at (44,2) width 25: "Wed"
            RenderTableCell {TH} at (447,0) size 112x17 [border: (1px solid #005A8C)] [r=0 c=4 rs=1 cs=1]
              RenderText {#text} at (45,2) size 23x14
                text run at (45,2) width 23: "Thu"
            RenderTableCell {TH} at (559,0) size 112x17 [border: (1px solid #005A8C)] [r=0 c=5 rs=1 cs=1]
              RenderText {#text} at (49,2) size 15x14
                text run at (49,2) width 15: "Fri"
            RenderTableCell {TH} at (671,0) size 112x17 [border: (1px solid #005A8C)] [r=0 c=6 rs=1 cs=1]
              RenderText {#text} at (48,2) size 17x14
                text run at (48,2) width 17: "Sat"
          RenderTableRow {TR} at (0,17) size 783x31
            RenderTableCell {TD} at (0,17) size 559x3 [border: (1px solid #005A8C)] [r=1 c=0 rs=1 cs=5]
            RenderTableCell {TD} at (559,17) size 112x31 [border: (1px solid #005A8C)] [r=1 c=5 rs=1 cs=1]
              RenderBlock {DIV} at (2,2) size 109x14
                RenderText {#text} at (0,0) size 6x14
                  text run at (0,0) width 6: "1"
              RenderBlock {DIV} at (2,16) size 109x14
                RenderText {#text} at (0,0) size 21x14
                  text run at (0,0) width 21: "7:50"
            RenderTableCell {TD} at (671,17) size 112x31 [border: (1px solid #005A8C)] [r=1 c=6 rs=1 cs=1]
              RenderBlock {DIV} at (2,2) size 109x14
                RenderText {#text} at (0,0) size 6x14
                  text run at (0,0) width 6: "2"
              RenderBlock (anonymous) at (2,16) size 109x14
                RenderText {#text} at (0,0) size 74x14
                  text run at (0,0) width 74: "Althea Halliday"
                RenderBR {BR} at (74,11) size 0x0
          RenderTableRow {TR} at (0,48) size 783x59
            RenderTableCell {TD} at (0,48) size 111x45 [border: (1px solid #005A8C)] [r=2 c=0 rs=1 cs=1]
              RenderBlock {DIV} at (2,2) size 108x14
                RenderText {#text} at (0,0) size 6x14
                  text run at (0,0) width 6: "3"
              RenderBlock (anonymous) at (2,16) size 108x28
                RenderText {#text} at (0,0) size 49x14
                  text run at (0,0) width 49: "CHORTle"
                RenderBR {BR} at (49,11) size 0x0
                RenderText {#text} at (0,14) size 99x14
                  text run at (0,14) width 99: "Avondale graduation"
            RenderTableCell {TD} at (111,48) size 112x31 [border: (1px solid #005A8C)] [r=2 c=1 rs=1 cs=1]
              RenderBlock {DIV} at (2,2) size 109x14
                RenderText {#text} at (0,0) size 6x14
                  text run at (0,0) width 6: "4"
              RenderBlock (anonymous) at (2,16) size 109x14
                RenderBR {BR} at (0,0) size 0x14
            RenderTableCell {TD} at (223,48) size 112x31 [border: (1px solid #005A8C)] [r=2 c=2 rs=1 cs=1]
              RenderBlock {DIV} at (2,2) size 109x14
                RenderText {#text} at (0,0) size 6x14
                  text run at (0,0) width 6: "5"
              RenderBlock (anonymous) at (2,16) size 109x14
                RenderText {#text} at (0,0) size 88x14
                  text run at (0,0) width 88: "SAC Speech night"
            RenderTableCell {TD} at (335,48) size 112x45 [border: (1px solid #005A8C)] [r=2 c=3 rs=1 cs=1]
              RenderBlock {DIV} at (2,2) size 109x14
                RenderText {#text} at (0,0) size 6x14
                  text run at (0,0) width 6: "6"
              RenderBlock (anonymous) at (2,16) size 109x28
                RenderText {#text} at (0,0) size 61x28
                  text run at (0,0) width 61: "Management"
                  text run at (0,14) width 48: "committee"
            RenderTableCell {TD} at (447,48) size 112x59 [border: (1px solid #005A8C)] [r=2 c=4 rs=1 cs=1]
              RenderBlock {DIV} at (2,2) size 109x14
                RenderText {#text} at (0,0) size 6x14
                  text run at (0,0) width 6: "7"
              RenderBlock (anonymous) at (2,16) size 109x42
                RenderText {#text} at (0,0) size 75x42
                  text run at (0,0) width 70: "Castle Hill and"
                  text run at (0,14) width 75: "Mountain View"
                  text run at (0,28) width 66: "Speech nights"
            RenderTableCell {TD} at (559,48) size 112x31 [border: (1px solid #005A8C)] [r=2 c=5 rs=1 cs=1]
              RenderBlock {DIV} at (2,2) size 109x14
                RenderText {#text} at (0,0) size 6x14
                  text run at (0,0) width 6: "8"
              RenderBlock {DIV} at (2,16) size 109x14
                RenderText {#text} at (0,0) size 21x14
                  text run at (0,0) width 21: "7:56"
            RenderTableCell {TD} at (671,48) size 112x31 [border: (1px solid #005A8C)] [r=2 c=6 rs=1 cs=1]
              RenderBlock {DIV} at (2,2) size 109x14
                RenderText {#text} at (0,0) size 6x14
                  text run at (0,0) width 6: "9"
              RenderBlock (anonymous) at (2,16) size 109x14
                RenderText {#text} at (0,0) size 67x14
                  text run at (0,0) width 67: "Reconciliation"
          RenderTableRow {TR} at (0,107) size 783x45
            RenderTableCell {TD} at (0,107) size 111x31 [border: (1px solid #005A8C)] [r=3 c=0 rs=1 cs=1]
              RenderBlock {DIV} at (2,2) size 108x14
                RenderText {#text} at (0,0) size 12x14
                  text run at (0,0) width 12: "10"
              RenderBlock (anonymous) at (2,16) size 108x14
                RenderText {#text} at (0,0) size 75x14
                  text run at (0,0) width 75: "Christmas party"
                RenderBR {BR} at (75,11) size 0x0
            RenderTableCell {TD} at (111,107) size 112x31 [border: (1px solid #005A8C)] [r=3 c=1 rs=1 cs=1]
              RenderBlock {DIV} at (2,2) size 109x14
                RenderText {#text} at (0,0) size 12x14
                  text run at (0,0) width 12: "11"
              RenderBlock (anonymous) at (2,16) size 109x14
                RenderBR {BR} at (0,0) size 0x14
            RenderTableCell {TD} at (223,107) size 112x31 [border: (1px solid #005A8C)] [r=3 c=2 rs=1 cs=1]
              RenderBlock {DIV} at (2,2) size 109x14
                RenderText {#text} at (0,0) size 12x14
                  text run at (0,0) width 12: "12"
              RenderBlock (anonymous) at (2,16) size 109x14
                RenderBR {BR} at (0,0) size 0x14
            RenderTableCell {TD} at (335,107) size 112x45 [border: (1px solid #005A8C)] [r=3 c=3 rs=1 cs=1]
              RenderBlock {DIV} at (2,2) size 109x14
                RenderText {#text} at (0,0) size 12x14
                  text run at (0,0) width 12: "13"
              RenderBlock (anonymous) at (2,16) size 109x28
                RenderText {#text} at (0,0) size 107x28
                  text run at (0,0) width 107: "Community Ministries"
                  text run at (0,14) width 48: "committee"
            RenderTableCell {TD} at (447,107) size 112x31 [border: (1px solid #005A8C)] [r=3 c=4 rs=1 cs=1]
              RenderBlock {DIV} at (2,2) size 109x14
                RenderText {#text} at (0,0) size 12x14
                  text run at (0,0) width 12: "14"
              RenderBlock (anonymous) at (2,16) size 109x14
                RenderBR {BR} at (0,0) size 0x14
            RenderTableCell {TD} at (559,107) size 112x31 [border: (1px solid #005A8C)] [r=3 c=5 rs=1 cs=1]
              RenderBlock {DIV} at (2,2) size 109x14
                RenderText {#text} at (0,0) size 12x14
                  text run at (0,0) width 12: "15"
              RenderBlock {DIV} at (2,16) size 109x14
                RenderText {#text} at (0,0) size 21x14
                  text run at (0,0) width 21: "8:02"
            RenderTableCell {TD} at (671,107) size 112x31 [border: (1px solid #005A8C)] [r=3 c=6 rs=1 cs=1]
              RenderBlock {DIV} at (2,2) size 109x14
                RenderText {#text} at (0,0) size 12x14
                  text run at (0,0) width 12: "16"
              RenderBlock (anonymous) at (2,16) size 109x14
                RenderText {#text} at (0,0) size 50x14
                  text run at (0,0) width 50: "Paul Goltz"
                RenderBR {BR} at (50,11) size 0x0
          RenderTableRow {TR} at (0,152) size 783x31
            RenderTableCell {TD} at (0,152) size 111x31 [border: (1px solid #005A8C)] [r=4 c=0 rs=1 cs=1]
              RenderBlock {DIV} at (2,2) size 108x14
                RenderText {#text} at (0,0) size 12x14
                  text run at (0,0) width 12: "17"
              RenderBlock (anonymous) at (2,16) size 108x14
                RenderBR {BR} at (0,0) size 0x14
            RenderTableCell {TD} at (111,152) size 112x31 [border: (1px solid #005A8C)] [r=4 c=1 rs=1 cs=1]
              RenderBlock {DIV} at (2,2) size 109x14
                RenderText {#text} at (0,0) size 12x14
                  text run at (0,0) width 12: "18"
              RenderBlock (anonymous) at (2,16) size 109x14
                RenderBR {BR} at (0,0) size 0x14
            RenderTableCell {TD} at (223,152) size 112x31 [border: (1px solid #005A8C)] [r=4 c=2 rs=1 cs=1]
              RenderBlock {DIV} at (2,2) size 109x14
                RenderText {#text} at (0,0) size 12x14
                  text run at (0,0) width 12: "19"
              RenderBlock (anonymous) at (2,16) size 109x14
                RenderText {#text} at (0,0) size 86x14
                  text run at (0,0) width 86: "End school term 4"
            RenderTableCell {TD} at (335,152) size 112x31 [border: (1px solid #005A8C)] [r=4 c=3 rs=1 cs=1]
              RenderBlock {DIV} at (2,2) size 109x14
                RenderText {#text} at (0,0) size 12x14
                  text run at (0,0) width 12: "20"
              RenderBlock (anonymous) at (2,16) size 109x14
                RenderBR {BR} at (0,0) size 0x14
            RenderTableCell {TD} at (447,152) size 112x31 [border: (1px solid #005A8C)] [r=4 c=4 rs=1 cs=1]
              RenderBlock {DIV} at (2,2) size 109x14
                RenderText {#text} at (0,0) size 12x14
                  text run at (0,0) width 12: "21"
              RenderBlock (anonymous) at (2,16) size 109x14
                RenderBR {BR} at (0,0) size 0x14
            RenderTableCell {TD} at (559,152) size 112x31 [border: (1px solid #005A8C)] [r=4 c=5 rs=1 cs=1]
              RenderBlock {DIV} at (2,2) size 109x14
                RenderText {#text} at (0,0) size 12x14
                  text run at (0,0) width 12: "22"
              RenderBlock {DIV} at (2,16) size 109x14
                RenderText {#text} at (0,0) size 21x14
                  text run at (0,0) width 21: "8:06"
            RenderTableCell {TD} at (671,152) size 112x31 [border: (1px solid #005A8C)] [r=4 c=6 rs=1 cs=1]
              RenderBlock {DIV} at (2,2) size 109x14
                RenderText {#text} at (0,0) size 12x14
                  text run at (0,0) width 12: "23"
              RenderBlock (anonymous) at (2,16) size 109x14
                RenderText {#text} at (0,0) size 105x14
                  text run at (0,0) width 105: "Christmas programme"
                RenderBR {BR} at (105,11) size 0x0
          RenderTableRow {TR} at (0,183) size 783x31
            RenderTableCell {TD} at (0,183) size 111x31 [border: (1px solid #005A8C)] [r=5 c=0 rs=1 cs=1]
              RenderBlock {DIV} at (2,2) size 108x14
                RenderText {#text} at (0,0) size 12x14
                  text run at (0,0) width 12: "24"
              RenderBlock (anonymous) at (2,16) size 108x14
                RenderBR {BR} at (0,0) size 0x14
            RenderTableCell {TD} at (111,183) size 112x31 [border: (1px solid #005A8C)] [r=5 c=1 rs=1 cs=1]
              RenderBlock {DIV} at (2,2) size 109x14
                RenderText {#text} at (0,0) size 12x14
                  text run at (0,0) width 12: "25"
              RenderBlock (anonymous) at (2,16) size 109x14
                RenderText {#text} at (0,0) size 68x14
                  text run at (0,0) width 68: "Christmas day"
                RenderBR {BR} at (68,11) size 0x0
            RenderTableCell {TD} at (223,183) size 112x31 [border: (1px solid #005A8C)] [r=5 c=2 rs=1 cs=1]
              RenderBlock {DIV} at (2,2) size 109x14
                RenderText {#text} at (0,0) size 12x14
                  text run at (0,0) width 12: "26"
              RenderBlock (anonymous) at (2,16) size 109x14
                RenderText {#text} at (0,0) size 55x14
                  text run at (0,0) width 55: "Boxing day"
                RenderBR {BR} at (55,11) size 0x0
            RenderTableCell {TD} at (335,183) size 112x31 [border: (1px solid #005A8C)] [r=5 c=3 rs=1 cs=1]
              RenderBlock {DIV} at (2,2) size 109x14
                RenderText {#text} at (0,0) size 12x14
                  text run at (0,0) width 12: "27"
              RenderBlock (anonymous) at (2,16) size 109x14
                RenderBR {BR} at (0,0) size 0x14
            RenderTableCell {TD} at (447,183) size 112x31 [border: (1px solid #005A8C)] [r=5 c=4 rs=1 cs=1]
              RenderBlock {DIV} at (2,2) size 109x14
                RenderText {#text} at (0,0) size 12x14
                  text run at (0,0) width 12: "28"
              RenderBlock (anonymous) at (2,16) size 109x14
                RenderBR {BR} at (0,0) size 0x14
            RenderTableCell {TD} at (559,183) size 112x31 [border: (1px solid #005A8C)] [r=5 c=5 rs=1 cs=1]
              RenderBlock {DIV} at (2,2) size 109x14
                RenderText {#text} at (0,0) size 12x14
                  text run at (0,0) width 12: "29"
              RenderBlock {DIV} at (2,16) size 109x14
                RenderText {#text} at (0,0) size 21x14
                  text run at (0,0) width 21: "8:09"
            RenderTableCell {TD} at (671,183) size 112x31 [border: (1px solid #005A8C)] [r=5 c=6 rs=1 cs=1]
              RenderBlock {DIV} at (2,2) size 109x14
                RenderText {#text} at (0,0) size 12x14
                  text run at (0,0) width 12: "30"
              RenderBlock (anonymous) at (2,16) size 109x14
                RenderText {#text} at (0,0) size 70x14
                  text run at (0,0) width 70: "David Holman"
                RenderBR {BR} at (70,11) size 0x0
          RenderTableRow {TR} at (0,214) size 783x31
            RenderTableCell {TD} at (0,214) size 111x31 [border: (1px solid #005A8C)] [r=6 c=0 rs=1 cs=1]
              RenderBlock {DIV} at (2,2) size 108x14
                RenderText {#text} at (0,0) size 12x14
                  text run at (0,0) width 12: "31"
              RenderBlock (anonymous) at (2,16) size 108x14
                RenderBR {BR} at (0,0) size 0x14
            RenderTableCell {TD} at (111,214) size 672x3 [border: (1px solid #005A8C)] [r=6 c=1 rs=1 cs=6]
