layer at (0,0) size 800x600
  RenderView at (0,0) size 800x600
layer at (0,0) size 800x600
  RenderBlock {HTML} at (0,0) size 800x600
    RenderBody {BODY} at (8,8) size 784x584 [bgcolor=#FFFCCC]
      RenderBlock {CENTER} at (0,0) size 784x104
        RenderTable {TABLE} at (92,0) size 600x104
          RenderTableSection {TBODY} at (0,0) size 600x104
            RenderTableRow {TR} at (0,0) size 600x77
              RenderTableCell {TD} at (0,0) size 150x28 [r=0 c=0 rs=1 cs=1]
                RenderBlock {CENTER} at (0,0) size 150x28
                  RenderInline {IFRAMEX} at (0,0) size 0x28
                    RenderText {#text} at (0,0) size 0x0
                    RenderBR {BR} at (75,0) size 0x14
                    RenderBR {BR} at (75,14) size 0x14
              RenderTableCell {TD} at (150,0) size 1x1 [bgcolor=#FFFFFF] [r=0 c=1 rs=1 cs=1]
                RenderImage {IMG} at (0,0) size 1x1
                RenderText {#text} at (0,0) size 0x0
              RenderTableCell {TD} at (151,0) size 449x77 [r=0 c=2 rs=1 cs=1]
                RenderTable {TABLE} at (0,0) size 449x50
                  RenderTableSection {TBODY} at (0,0) size 449x50
                    RenderTableRow {TR} at (0,2) size 449x46
                      RenderTableCell {TD} at (2,2) size 445x46 [r=0 c=0 rs=1 cs=1]
                        RenderBlock {P} at (2,2) size 441x42
                          RenderText {#text} at (0,0) size 124x14
                            text run at (0,0) width 124: "IMPROVE YOUR SITE "
                          RenderBR {BR} at (124,11) size 0x0
                          RenderText {#text} at (0,14) size 433x28
                            text run at (0,14) width 433: "In this week's Home Improvements you can find an article on how to spice up your page by"
                            text run at (0,28) width 85: "using imagemaps."
                        RenderBlock {P} at (2,56) size 441x0
                RenderTable {TABLE} at (0,50) size 449x27
                  RenderTableSection {TBODY} at (0,0) size 449x27
                    RenderTableRow {TR} at (0,2) size 449x23
                      RenderTableCell {TD} at (2,2) size 445x23 [r=0 c=0 rs=1 cs=1]
                        RenderInline {A} at (0,0) size 85x14 [color=#0000EE]
                          RenderText {#text} at (359,8) size 35x14
                            text run at (359,8) width 35: "MORE"
                          RenderImage {IMG} at (394,1) size 50x18
                        RenderText {#text} at (0,0) size 0x0
            RenderTableRow {TR} at (0,77) size 600x27
              RenderTableCell {TD} at (0,77) size 600x27 [r=1 c=0 rs=1 cs=3]
                RenderBlock (anonymous) at (0,0) size 600x1
                  RenderImage {IMG} at (0,0) size 600x1
                RenderBlock {P} at (0,13) size 600x14
                  RenderBR {BR} at (300,0) size 0x14
