layer at (0,0) size 800x600
  RenderView at (0,0) size 800x600
layer at (0,0) size 800x600
  RenderBlock {HTML} at (0,0) size 800x600
    RenderBody {BODY} at (8,8) size 784x584 [bgcolor=#FFFFFF]
      RenderTable {TABLE} at (0,0) size 784x104 [border: (1px outset #808080)]
        RenderTableSection {TBODY} at (1,1) size 782x102
          RenderTableRow {TR} at (0,2) size 782x18
            RenderTableCell {TD} at (2,2) size 77x18 [border: (1px inset #808080)] [r=0 c=0 rs=1 cs=1]
              RenderText {#text} at (2,2) size 22x14
                text run at (2,2) width 22: "10%"
            RenderTableCell {TD} at (81,2) size 699x18 [border: (1px inset #808080)] [r=0 c=1 rs=1 cs=5]
              RenderText {#text} at (2,2) size 70x14
                text run at (2,2) width 70: "90% colspan 5"
          RenderTableRow {TR} at (0,22) size 782x18
            RenderTableCell {TD} at (2,22) size 233x18 [border: (1px inset #808080)] [r=1 c=0 rs=1 cs=2]
              RenderText {#text} at (2,2) size 70x14
                text run at (2,2) width 70: "30% colspan 2"
            RenderTableCell {TD} at (237,22) size 388x18 [border: (1px inset #808080)] [r=1 c=2 rs=1 cs=3]
              RenderText {#text} at (2,2) size 70x14
                text run at (2,2) width 70: "50% colspan 3"
            RenderTableCell {TD} at (627,22) size 153x18 [border: (1px inset #808080)] [r=1 c=5 rs=1 cs=1]
              RenderText {#text} at (2,2) size 22x14
                text run at (2,2) width 22: "20%"
          RenderTableRow {TR} at (0,42) size 782x18
            RenderTableCell {TD} at (2,42) size 312x18 [border: (1px inset #808080)] [r=2 c=0 rs=1 cs=3]
              RenderText {#text} at (2,2) size 70x14
                text run at (2,2) width 70: "40% colspan 3"
            RenderTableCell {TD} at (316,42) size 309x18 [border: (1px inset #808080)] [r=2 c=3 rs=1 cs=2]
              RenderText {#text} at (2,2) size 70x14
                text run at (2,2) width 70: "40% colspan 2"
            RenderTableCell {TD} at (627,42) size 153x18 [border: (1px inset #808080)] [r=2 c=5 rs=1 cs=1]
              RenderText {#text} at (2,2) size 22x14
                text run at (2,2) width 22: "20%"
          RenderTableRow {TR} at (0,62) size 782x18
            RenderTableCell {TD} at (2,62) size 545x18 [border: (1px inset #808080)] [r=3 c=0 rs=1 cs=4]
              RenderText {#text} at (2,2) size 70x14
                text run at (2,2) width 70: "70% colspan 4"
            RenderTableCell {TD} at (549,62) size 76x18 [border: (1px inset #808080)] [r=3 c=4 rs=1 cs=1]
              RenderText {#text} at (2,2) size 22x14
                text run at (2,2) width 22: "10%"
            RenderTableCell {TD} at (627,62) size 153x18 [border: (1px inset #808080)] [r=3 c=5 rs=1 cs=1]
              RenderText {#text} at (2,2) size 22x14
                text run at (2,2) width 22: "20%"
          RenderTableRow {TR} at (0,82) size 782x18
            RenderTableCell {TD} at (2,82) size 623x18 [border: (1px inset #808080)] [r=4 c=0 rs=1 cs=5]
              RenderText {#text} at (2,2) size 70x14
                text run at (2,2) width 70: "80% colspan 5"
            RenderTableCell {TD} at (627,82) size 153x18 [border: (1px inset #808080)] [r=4 c=5 rs=1 cs=1]
              RenderText {#text} at (2,2) size 22x14
                text run at (2,2) width 22: "20%"
