layer at (0,0) size 800x600
  RenderView at (0,0) size 800x600
layer at (0,0) size 800x600
  RenderBlock {HTML} at (0,0) size 800x600
    RenderBody {BODY} at (8,8) size 784x584
      RenderTable {TABLE} at (0,0) size 784x52 [bgcolor=#00FFFF] [border: (1px outset #808080)]
        RenderTableSection {TBODY} at (1,1) size 782x50
          RenderTableRow {TR} at (0,2) size 782x46
            RenderTableCell {TD} at (2,2) size 304x46 [border: (1px inset #808080)] [r=0 c=0 rs=1 cs=1]
              RenderInline {FONT} at (0,0) size 76x26 [color=#0000FF]
                RenderText {#text} at (2,3) size 76x26
                  text run at (2,3) width 76: "Mozilla"
              RenderText {#text} at (78,13) size 298x31
                text run at (78,13) width 110: " code available under a "
                text run at (188,13) width 112: "dual MPL/GPL license."
                text run at (2,30) width 103: "See the for more info."
              RenderBR {BR} at (105,41) size 0x0
            RenderTableCell {TD} at (308,16) size 472x18 [border: (1px inset #808080)] [r=0 c=1 rs=1 cs=1]
              RenderText {#text} at (2,2) size 182x14
                text run at (2,2) width 182: "foo bar foo bar foo bar foo bar foo bar"
      RenderBlock (anonymous) at (0,52) size 784x54
        RenderBR {BR} at (0,0) size 0x14
        RenderButton {INPUT} at (2,16) size 82x36 [color=#202020]
          RenderBlock (anonymous) at (15,8) size 52x18
            RenderText at (0,0) size 52x17
              text run at (0,0) width 52: "Reload"
        RenderText {#text} at (86,27) size 6x14
          text run at (86,27) width 6: "  "
        RenderButton {INPUT} at (94,16) size 123x36 [color=#202020]
          RenderBlock (anonymous) at (15,8) size 93x18
            RenderText at (0,0) size 93x17
              text run at (0,0) width 93: "Change Font"
        RenderText {#text} at (219,27) size 6x14
          text run at (219,27) width 6: "  "
        RenderTextControl {INPUT} at (227,18) size 194x28 [color=#202020]
        RenderText {#text} at (0,0) size 0x0
layer at (239,84) size 187x18
  RenderBlock {DIV} at (4,6) size 187x18
    RenderText {#text} at (1,0) size 9x17
      text run at (1,0) width 9: "6"
