layer at (0,0) size 16468x600
  RenderView at (0,0) size 800x600
layer at (0,0) size 800x600
  RenderBlock {HTML} at (0,0) size 800x600
    RenderBody {BODY} at (8,8) size 784x584
      RenderTable {TABLE} at (0,0) size 16460x62
        RenderTableCol {COLGROUP} at (0,0) size 0x0
          RenderTableCol {COL} at (0,0) size 0x0
          RenderTableCol {COL} at (0,0) size 0x0
          RenderTableCol {COL} at (0,0) size 0x0
          RenderTableCol {COL} at (0,0) size 0x0
          RenderTableCol {COL} at (0,0) size 0x0
          RenderTableCol {COL} at (0,0) size 0x0
          RenderTableCol {COL} at (0,0) size 0x0
          RenderTableCol {COL} at (0,0) size 0x0
        RenderTableSection {TBODY} at (0,0) size 16460x62
          RenderTableRow {TR} at (0,0) size 16460x17
            RenderTableCell {TD} at (0,1) size 588x14 [r=0 c=0 rs=1 cs=8]
              RenderText {#text} at (0,0) size 262x14
                text run at (0,0) width 262: "PRODUCT SPECIFICATIONS DAY CONTRACTS"
            RenderTableCell {TD} at (588,8) size 64x0 [r=0 c=8 rs=1 cs=1]
            RenderTableCell {TD} at (652,8) size 64x0 [r=0 c=9 rs=1 cs=1]
            RenderTableCell {TD} at (716,8) size 64x0 [r=0 c=10 rs=1 cs=1]
            RenderTableCell {TD} at (780,8) size 64x0 [r=0 c=11 rs=1 cs=1]
            RenderTableCell {TD} at (844,8) size 64x0 [r=0 c=12 rs=1 cs=1]
            RenderTableCell {TD} at (908,8) size 64x0 [r=0 c=13 rs=1 cs=1]
            RenderTableCell {TD} at (972,8) size 64x0 [r=0 c=14 rs=1 cs=1]
            RenderTableCell {TD} at (1036,8) size 64x0 [r=0 c=15 rs=1 cs=1]
            RenderTableCell {TD} at (1100,8) size 64x0 [r=0 c=16 rs=1 cs=1]
            RenderTableCell {TD} at (1164,8) size 64x0 [r=0 c=17 rs=1 cs=1]
            RenderTableCell {TD} at (1228,8) size 64x0 [r=0 c=18 rs=1 cs=1]
            RenderTableCell {TD} at (1292,8) size 64x0 [r=0 c=19 rs=1 cs=1]
            RenderTableCell {TD} at (1356,8) size 64x0 [r=0 c=20 rs=1 cs=1]
            RenderTableCell {TD} at (1420,8) size 64x0 [r=0 c=21 rs=1 cs=1]
            RenderTableCell {TD} at (1484,8) size 64x0 [r=0 c=22 rs=1 cs=1]
            RenderTableCell {TD} at (1548,8) size 64x0 [r=0 c=23 rs=1 cs=1]
            RenderTableCell {TD} at (1612,8) size 64x0 [r=0 c=24 rs=1 cs=1]
            RenderTableCell {TD} at (1676,8) size 64x0 [r=0 c=25 rs=1 cs=1]
          RenderTableRow {TR} at (0,17) size 16460x15
            RenderTableCell {TD} at (0,17) size 54x14 [r=1 c=0 rs=1 cs=1]
              RenderText {#text} at (0,0) size 37x14
                text run at (0,0) width 37: "Product"
            RenderTableCell {TD} at (54,17) size 54x14 [r=1 c=1 rs=1 cs=1]
              RenderText {#text} at (0,0) size 40x14
                text run at (0,0) width 40: "Contract"
            RenderTableCell {TD} at (108,17) size 70x14 [r=1 c=2 rs=1 cs=1]
              RenderText {#text} at (0,0) size 39x14
                text run at (0,0) width 39: "Belongs"
            RenderTableCell {TD} at (178,17) size 68x14 [r=1 c=3 rs=1 cs=1]
              RenderText {#text} at (0,0) size 55x14
                text run at (0,0) width 55: "First day of"
            RenderTableCell {TD} at (246,17) size 70x14 [r=1 c=4 rs=1 cs=1]
              RenderText {#text} at (0,0) size 53x14
                text run at (0,0) width 53: "Last day of"
            RenderTableCell {TD} at (316,17) size 92x14 [r=1 c=5 rs=1 cs=1]
              RenderText {#text} at (0,0) size 35x14
                text run at (0,0) width 35: "Date of"
            RenderTableCell {TD} at (408,17) size 122x14 [r=1 c=6 rs=1 cs=1]
              RenderText {#text} at (0,0) size 85x14
                text run at (0,0) width 85: "Settlement against"
            RenderTableCell {TD} at (530,17) size 58x14 [r=1 c=7 rs=1 cs=1]
              RenderText {#text} at (0,0) size 35x14
                text run at (0,0) width 35: "Quoted"
            RenderTableCell {TD} at (588,24) size 1152x0 [r=1 c=8 rs=1 cs=18]
          RenderTableRow {TR} at (0,32) size 16460x15
            RenderTableCell {TD} at (0,32) size 54x14 [r=2 c=0 rs=1 cs=1]
              RenderText {#text} at (0,0) size 27x14
                text run at (0,0) width 27: "series"
            RenderTableCell {TD} at (54,32) size 54x14 [r=2 c=1 rs=1 cs=1]
              RenderText {#text} at (0,0) size 27x14
                text run at (0,0) width 27: "hours"
            RenderTableCell {TD} at (108,32) size 70x14 [r=2 c=2 rs=1 cs=1]
              RenderText {#text} at (0,0) size 9x14
                text run at (0,0) width 9: "to"
            RenderTableCell {TD} at (178,32) size 68x14 [r=2 c=3 rs=1 cs=1]
              RenderText {#text} at (0,0) size 33x14
                text run at (0,0) width 33: "trading"
            RenderTableCell {TD} at (246,32) size 70x14 [r=2 c=4 rs=1 cs=1]
              RenderText {#text} at (0,0) size 33x14
                text run at (0,0) width 33: "trading"
            RenderTableCell {TD} at (316,32) size 92x14 [r=2 c=5 rs=1 cs=1]
              RenderText {#text} at (0,0) size 47x14
                text run at (0,0) width 47: "settlement"
            RenderTableCell {TD} at (408,32) size 122x14 [r=2 c=6 rs=1 cs=1]
              RenderText {#text} at (0,0) size 3x14
                text run at (0,0) width 3: " "
            RenderTableCell {TD} at (530,32) size 58x14 [r=2 c=7 rs=1 cs=1]
              RenderText {#text} at (0,0) size 41x14
                text run at (0,0) width 41: "currency"
            RenderTableCell {TD} at (588,39) size 1152x0 [r=2 c=8 rs=1 cs=18]
          RenderTableRow {TR} at (0,47) size 16460x15
            RenderTableCell {TD} at (0,47) size 54x14 [r=3 c=0 rs=1 cs=1]
              RenderText {#text} at (0,0) size 49x14
                text run at (0,0) width 49: "D0101-00"
            RenderTableCell {TD} at (54,47) size 54x14 [r=3 c=1 rs=1 cs=1]
              RenderText {#text} at (0,0) size 12x14
                text run at (0,0) width 12: "24"
            RenderTableCell {TD} at (108,47) size 70x14 [r=3 c=2 rs=1 cs=1]
              RenderText {#text} at (0,0) size 58x14
                text run at (0,0) width 58: "Week 52-99"
            RenderTableCell {TD} at (178,47) size 68x14 [r=3 c=3 rs=1 cs=1]
              RenderText {#text} at (0,0) size 42x14
                text run at (0,0) width 42: "12/23/99"
            RenderTableCell {TD} at (246,47) size 70x14 [r=3 c=4 rs=1 cs=1]
              RenderText {#text} at (0,0) size 42x14
                text run at (0,0) width 42: "12/30/99"
            RenderTableCell {TD} at (316,47) size 92x14 [r=3 c=5 rs=1 cs=1]
              RenderText {#text} at (0,0) size 30x14
                text run at (0,0) width 30: "1/1/00"
            RenderTableCell {TD} at (408,47) size 122x14 [r=3 c=6 rs=1 cs=1]
              RenderText {#text} at (0,0) size 95x14
                text run at (0,0) width 95: "System Price Elspot"
            RenderTableCell {TD} at (530,47) size 58x14 [r=3 c=7 rs=1 cs=1]
              RenderText {#text} at (0,0) size 27x14
                text run at (0,0) width 27: "NOK"
            RenderTableCell {TD} at (588,54) size 1152x0 [r=3 c=8 rs=1 cs=18]
