layer at (0,0) size 800x600
  RenderView at (0,0) size 800x600
layer at (0,0) size 800x188
  RenderBlock {HTML} at (0,0) size 800x188
    RenderBody {BODY} at (8,8) size 784x172
      RenderTable {TABLE} at (0,0) size 700x44 [border: (1px outset #808080)]
        RenderTableSection {TBODY} at (1,1) size 698x42
          RenderTableRow {TR} at (0,2) size 698x18
            RenderTableCell {TD} at (2,2) size 694x18 [border: (1px inset #808080)] [r=0 c=0 rs=1 cs=3]
              RenderText {#text} at (2,2) size 432x14
                text run at (2,2) width 432: "lots of text goes here even more and more and more and more and more and more and more"
          RenderTableRow {TR} at (0,22) size 698x18
            RenderTableCell {TD} at (2,22) size 679x18 [border: (1px inset #808080)] [r=1 c=0 rs=1 cs=2]
              RenderText {#text} at (2,2) size 373x14
                text run at (2,2) width 373: "aaaaaaaaaaaa bbbbbbbbbbbbbbb cccccccccccccccccccccccccc dddddddddddddd"
            RenderTableCell {TD} at (683,22) size 13x18 [border: (1px inset #808080)] [r=1 c=2 rs=1 cs=1]
              RenderText {#text} at (2,2) size 3x14
                text run at (2,2) width 3: " "
      RenderBlock {P} at (0,56) size 784x0
      RenderTable {TABLE} at (0,56) size 700x44 [border: (1px outset #808080)]
        RenderTableSection {TBODY} at (1,1) size 698x42
          RenderTableRow {TR} at (0,2) size 698x18
            RenderTableCell {TD} at (2,2) size 694x18 [border: (1px inset #808080)] [r=0 c=0 rs=1 cs=3]
              RenderText {#text} at (2,2) size 141x14
                text run at (2,2) width 141: "lots of text goes here even mo"
          RenderTableRow {TR} at (0,22) size 698x18
            RenderTableCell {TD} at (2,22) size 679x18 [border: (1px inset #808080)] [r=1 c=0 rs=1 cs=2]
              RenderText {#text} at (2,2) size 373x14
                text run at (2,2) width 373: "aaaaaaaaaaaa bbbbbbbbbbbbbbb cccccccccccccccccccccccccc dddddddddddddd"
            RenderTableCell {TD} at (683,22) size 13x18 [border: (1px inset #808080)] [r=1 c=2 rs=1 cs=1]
              RenderText {#text} at (2,2) size 3x14
                text run at (2,2) width 3: " "
      RenderBlock {P} at (0,112) size 784x0
      RenderTable {TABLE} at (0,112) size 700x44 [border: (1px outset #808080)]
        RenderTableSection {TBODY} at (1,1) size 698x42
          RenderTableRow {TR} at (0,2) size 698x18
            RenderTableCell {TD} at (2,2) size 694x18 [border: (1px inset #808080)] [r=0 c=0 rs=1 cs=3]
              RenderText {#text} at (2,2) size 135x14
                text run at (2,2) width 135: "lots of text goes here even m"
          RenderTableRow {TR} at (0,22) size 698x18
            RenderTableCell {TD} at (2,22) size 679x18 [border: (1px inset #808080)] [r=1 c=0 rs=1 cs=2]
              RenderText {#text} at (2,2) size 373x14
                text run at (2,2) width 373: "aaaaaaaaaaaa bbbbbbbbbbbbbbb cccccccccccccccccccccccccc dddddddddddddd"
            RenderTableCell {TD} at (683,22) size 13x18 [border: (1px inset #808080)] [r=1 c=2 rs=1 cs=1]
              RenderText {#text} at (2,2) size 3x14
                text run at (2,2) width 3: " "
      RenderBlock {HR} at (0,162) size 182x2 [border: (1px inset #000000)]
      RenderBlock {HR} at (0,170) size 520x2 [border: (1px inset #000000)]
