layer at (0,0) size 800x600
  RenderView at (0,0) size 800x600
layer at (0,0) size 800x600
  RenderBlock {HTML} at (0,0) size 800x600
    RenderBody {BODY} at (8,8) size 784x584 [bgcolor=#FFFFFF]
      RenderBlock {P} at (0,0) size 784x14
        RenderText {#text} at (0,0) size 107x14
          text run at (0,0) width 107: "A 101 pixel wide table"
      RenderTable {TABLE} at (0,26) size 101x31
        RenderTableSection {TBODY} at (0,0) size 101x31
          RenderTableRow {TR} at (0,1) size 101x14
            RenderTableCell {TD} at (1,1) size 24x14 [bgcolor=#000000] [r=0 c=0 rs=1 cs=1]
              RenderText {#text} at (0,0) size 3x14
                text run at (0,0) width 3: " "
            RenderTableCell {TD} at (26,1) size 24x14 [bgcolor=#000000] [r=0 c=1 rs=1 cs=1]
              RenderText {#text} at (0,0) size 3x14
                text run at (0,0) width 3: " "
            RenderTableCell {TD} at (51,1) size 24x14 [bgcolor=#000000] [r=0 c=2 rs=1 cs=1]
              RenderText {#text} at (0,0) size 3x14
                text run at (0,0) width 3: " "
            RenderTableCell {TD} at (76,1) size 24x14 [bgcolor=#000000] [r=0 c=3 rs=1 cs=1]
              RenderText {#text} at (0,0) size 3x14
                text run at (0,0) width 3: " "
          RenderTableRow {TR} at (0,16) size 101x14
            RenderTableCell {TD} at (1,16) size 49x14 [bgcolor=#000000] [r=1 c=0 rs=1 cs=2]
              RenderText {#text} at (0,0) size 3x14
                text run at (0,0) width 3: " "
            RenderTableCell {TD} at (51,16) size 49x14 [bgcolor=#000000] [r=1 c=2 rs=1 cs=2]
              RenderText {#text} at (0,0) size 3x14
                text run at (0,0) width 3: " "
      RenderBlock {P} at (0,69) size 784x14
        RenderText {#text} at (0,0) size 107x14
          text run at (0,0) width 107: "A 102 pixel wide table"
      RenderTable {TABLE} at (0,95) size 102x31
        RenderTableSection {TBODY} at (0,0) size 102x31
          RenderTableRow {TR} at (0,1) size 102x14
            RenderTableCell {TD} at (1,1) size 25x14 [bgcolor=#000000] [r=0 c=0 rs=1 cs=1]
              RenderText {#text} at (0,0) size 3x14
                text run at (0,0) width 3: " "
            RenderTableCell {TD} at (27,1) size 24x14 [bgcolor=#000000] [r=0 c=1 rs=1 cs=1]
              RenderText {#text} at (0,0) size 3x14
                text run at (0,0) width 3: " "
            RenderTableCell {TD} at (52,1) size 24x14 [bgcolor=#000000] [r=0 c=2 rs=1 cs=1]
              RenderText {#text} at (0,0) size 3x14
                text run at (0,0) width 3: " "
            RenderTableCell {TD} at (77,1) size 24x14 [bgcolor=#000000] [r=0 c=3 rs=1 cs=1]
              RenderText {#text} at (0,0) size 3x14
                text run at (0,0) width 3: " "
          RenderTableRow {TR} at (0,16) size 102x14
            RenderTableCell {TD} at (1,16) size 50x14 [bgcolor=#000000] [r=1 c=0 rs=1 cs=2]
              RenderText {#text} at (0,0) size 3x14
                text run at (0,0) width 3: " "
            RenderTableCell {TD} at (52,16) size 49x14 [bgcolor=#000000] [r=1 c=2 rs=1 cs=2]
              RenderText {#text} at (0,0) size 3x14
                text run at (0,0) width 3: " "
      RenderBlock {P} at (0,138) size 784x14
        RenderText {#text} at (0,0) size 107x14
          text run at (0,0) width 107: "A 103 pixel wide table"
      RenderTable {TABLE} at (0,164) size 103x31
        RenderTableSection {TBODY} at (0,0) size 103x31
          RenderTableRow {TR} at (0,1) size 103x14
            RenderTableCell {TD} at (1,1) size 25x14 [bgcolor=#000000] [r=0 c=0 rs=1 cs=1]
              RenderText {#text} at (0,0) size 3x14
                text run at (0,0) width 3: " "
            RenderTableCell {TD} at (27,1) size 25x14 [bgcolor=#000000] [r=0 c=1 rs=1 cs=1]
              RenderText {#text} at (0,0) size 3x14
                text run at (0,0) width 3: " "
            RenderTableCell {TD} at (53,1) size 24x14 [bgcolor=#000000] [r=0 c=2 rs=1 cs=1]
              RenderText {#text} at (0,0) size 3x14
                text run at (0,0) width 3: " "
            RenderTableCell {TD} at (78,1) size 24x14 [bgcolor=#000000] [r=0 c=3 rs=1 cs=1]
              RenderText {#text} at (0,0) size 3x14
                text run at (0,0) width 3: " "
          RenderTableRow {TR} at (0,16) size 103x14
            RenderTableCell {TD} at (1,16) size 51x14 [bgcolor=#000000] [r=1 c=0 rs=1 cs=2]
              RenderText {#text} at (0,0) size 3x14
                text run at (0,0) width 3: " "
            RenderTableCell {TD} at (53,16) size 49x14 [bgcolor=#000000] [r=1 c=2 rs=1 cs=2]
              RenderText {#text} at (0,0) size 3x14
                text run at (0,0) width 3: " "
      RenderBlock {P} at (0,207) size 784x14
        RenderText {#text} at (0,0) size 107x14
          text run at (0,0) width 107: "A 104 pixel wide table"
      RenderTable {TABLE} at (0,233) size 104x31
        RenderTableSection {TBODY} at (0,0) size 104x31
          RenderTableRow {TR} at (0,1) size 104x14
            RenderTableCell {TD} at (1,1) size 25x14 [bgcolor=#000000] [r=0 c=0 rs=1 cs=1]
              RenderText {#text} at (0,0) size 3x14
                text run at (0,0) width 3: " "
            RenderTableCell {TD} at (27,1) size 25x14 [bgcolor=#000000] [r=0 c=1 rs=1 cs=1]
              RenderText {#text} at (0,0) size 3x14
                text run at (0,0) width 3: " "
            RenderTableCell {TD} at (53,1) size 25x14 [bgcolor=#000000] [r=0 c=2 rs=1 cs=1]
              RenderText {#text} at (0,0) size 3x14
                text run at (0,0) width 3: " "
            RenderTableCell {TD} at (79,1) size 24x14 [bgcolor=#000000] [r=0 c=3 rs=1 cs=1]
              RenderText {#text} at (0,0) size 3x14
                text run at (0,0) width 3: " "
          RenderTableRow {TR} at (0,16) size 104x14
            RenderTableCell {TD} at (1,16) size 51x14 [bgcolor=#000000] [r=1 c=0 rs=1 cs=2]
              RenderText {#text} at (0,0) size 3x14
                text run at (0,0) width 3: " "
            RenderTableCell {TD} at (53,16) size 50x14 [bgcolor=#000000] [r=1 c=2 rs=1 cs=2]
              RenderText {#text} at (0,0) size 3x14
                text run at (0,0) width 3: " "
