layer at (0,0) size 800x600
  RenderView at (0,0) size 800x600
layer at (0,0) size 800x600
  RenderBlock {HTML} at (0,0) size 800x600
    RenderBody {BODY} at (8,8) size 784x584
      RenderTable {TABLE} at (0,0) size 439x44
        RenderTableSection {TBODY} at (0,0) size 439x44
          RenderTableRow {TR} at (0,2) size 439x40
            RenderTableCell {TD} at (2,2) size 435x40 [r=0 c=0 rs=1 cs=1]
              RenderTable {TABLE} at (1,1) size 433x38
                RenderTableSection {TBODY} at (0,0) size 433x38
                  RenderTableRow {TR} at (0,2) size 433x34
                    RenderTableCell {TH} at (2,11) size 47x16 [r=0 c=0 rs=1 cs=1]
                      RenderText {#text} at (1,1) size 45x14
                        text run at (1,1) width 45: "User ID:"
                    RenderTableCell {TD} at (51,2) size 380x34 [r=0 c=1 rs=1 cs=1]
                      RenderTextControl {INPUT} at (3,3) size 374x28 [color=#202020]
                      RenderText {#text} at (0,0) size 0x0
layer at (69,22) size 367x18
  RenderBlock {DIV} at (4,6) size 367x18
