layer at (0,0) size 855x906
  RenderView at (0,0) size 800x600
layer at (0,0) size 800x906
  RenderBlock {HTML} at (0,0) size 800x906
    RenderBody {BODY} at (8,8) size 784x890
      RenderTable {TABLE} at (0,0) size 784x24 [border: (1px outset #808080)]
        RenderTableSection {TBODY} at (1,1) size 782x22
          RenderTableRow {TR} at (0,2) size 782x18
            RenderTableCell {TD} at (2,2) size 261x18 [border: (1px inset #808080)] [r=0 c=0 rs=1 cs=1]
              RenderText {#text} at (2,2) size 6x14
                text run at (2,2) width 6: "x"
            RenderTableCell {TD} at (265,2) size 515x18 [border: (1px inset #808080)] [r=0 c=1 rs=1 cs=1]
              RenderText {#text} at (2,2) size 6x14
                text run at (2,2) width 6: "y"
      RenderBlock (anonymous) at (0,24) size 784x14
        RenderBR {BR} at (0,0) size 0x14
      RenderTable {TABLE} at (0,38) size 784x24 [border: (1px outset #808080)]
        RenderTableSection {TBODY} at (1,1) size 782x22
          RenderTableRow {TR} at (0,2) size 782x18
            RenderTableCell {TD} at (2,2) size 388x18 [border: (1px inset #808080)] [r=0 c=0 rs=1 cs=1]
              RenderText {#text} at (2,2) size 6x14
                text run at (2,2) width 6: "x"
            RenderTableCell {TD} at (392,2) size 388x18 [border: (1px inset #808080)] [r=0 c=1 rs=1 cs=1]
              RenderText {#text} at (2,2) size 6x14
                text run at (2,2) width 6: "y"
      RenderBlock (anonymous) at (0,62) size 784x14
        RenderBR {BR} at (0,0) size 0x14
      RenderTable {TABLE} at (0,76) size 847x610 [border: (1px outset #808080)]
        RenderTableSection {TBODY} at (1,1) size 845x608
          RenderTableRow {TR} at (0,2) size 845x604
            RenderTableCell {TD} at (2,2) size 804x604 [border: (1px inset #808080)] [r=0 c=0 rs=1 cs=1]
              RenderImage {IMG} at (2,2) size 800x600
            RenderTableCell {TD} at (808,267) size 35x74 [border: (1px inset #808080)] [r=0 c=1 rs=1 cs=1]
              RenderText {#text} at (2,2) size 31x70
                text run at (2,2) width 21: "can't"
                text run at (2,16) width 28: "we all"
                text run at (2,30) width 17: "just"
                text run at (2,44) width 14: "get"
                text run at (2,58) width 31: "along?"
      RenderBlock (anonymous) at (0,686) size 784x14
        RenderBR {BR} at (0,0) size 0x14
      RenderTable {TABLE} at (0,700) size 784x24 [border: (1px outset #808080)]
        RenderTableSection {TBODY} at (1,1) size 782x22
          RenderTableRow {TR} at (0,2) size 782x18
            RenderTableCell {TD} at (2,2) size 251x18 [border: (1px inset #808080)] [r=0 c=0 rs=1 cs=1]
              RenderText {#text} at (2,2) size 88x14
                text run at (2,2) width 88: "Hello how are you"
            RenderTableCell {TD} at (255,2) size 118x18 [border: (1px inset #808080)] [r=0 c=1 rs=1 cs=1]
              RenderText {#text} at (2,2) size 90x14
                text run at (2,2) width 90: "I'am fine, and you?"
            RenderTableCell {TD} at (375,2) size 405x18 [border: (1px inset #808080)] [r=0 c=2 rs=1 cs=1]
              RenderText {#text} at (2,2) size 83x14
                text run at (2,2) width 83: "I great, thank you"
      RenderBlock (anonymous) at (0,724) size 784x14
        RenderBR {BR} at (0,0) size 0x14
      RenderTable {TABLE} at (0,738) size 784x152 [border: (1px outset #808080)]
        RenderTableSection {TBODY} at (1,1) size 782x150
          RenderTableRow {TR} at (0,2) size 782x146
            RenderTableCell {TD} at (2,66) size 303x18 [border: (1px inset #808080)] [r=0 c=0 rs=1 cs=1]
              RenderText {#text} at (2,2) size 128x14
                text run at (2,2) width 128: "<../images/pikajumpr.gif\">"
            RenderTableCell {TD} at (307,2) size 441x146 [border: (1px inset #808080)] [r=0 c=1 rs=1 cs=1]
              RenderImage {IMG} at (2,2) size 142x142
            RenderTableCell {TD} at (750,3) size 30x144 [border: (1px inset #808080)] [r=0 c=2 rs=1 cs=1]
              RenderText {#text} at (2,2) size 25x140
                text run at (2,2) width 21: "This"
                text run at (2,16) width 16: "is a"
                text run at (2,30) width 16: "test"
                text run at (2,44) width 9: "to"
                text run at (2,58) width 25: "see if"
                text run at (2,72) width 17: "this"
                text run at (2,86) width 18: "will"
                text run at (2,100) width 25: "work"
                text run at (2,114) width 12: "on"
                text run at (2,128) width 15: "5.0"
