layer at (0,0) size 800x600
  RenderView at (0,0) size 800x600
layer at (0,0) size 800x118
  RenderBlock {HTML} at (0,0) size 800x118
    RenderBody {BODY} at (8,8) size 784x102
      RenderBlock {FORM} at (0,0) size 784x80
        RenderButton {INPUT} at (2,2) size 215x36 [color=#202020]
          RenderBlock (anonymous) at (15,8) size 185x18
            RenderText at (0,0) size 185x17
              text run at (0,0) width 185: "(1) Fill cell with long string"
        RenderBR {BR} at (219,13) size 0x14
        RenderButton {INPUT} at (2,42) size 219x36 [color=#202020]
          RenderBlock (anonymous) at (15,8) size 189x18
            RenderText at (0,0) size 189x17
              text run at (0,0) width 189: "(2) Fill cell with short string"
        RenderBR {BR} at (223,53) size 0x14
      RenderTable {TABLE} at (0,80) size 83x22
        RenderTableSection {TBODY} at (0,0) size 83x22
          RenderTableRow {TR} at (0,2) size 83x18
            RenderTableCell {TD} at (2,2) size 79x18 [border: (1px solid #000000)] [r=0 c=0 rs=1 cs=1]
              RenderText {#text} at (2,2) size 10x14
                text run at (2,2) width 10: "aa"
