layer at (0,0) size 800x600
  RenderView at (0,0) size 800x600
layer at (0,0) size 800x600
  RenderBlock {HTML} at (0,0) size 800x600
    RenderBody {BODY} at (8,8) size 784x584
      RenderTable {TABLE} at (0,0) size 244x32 [border: (5px outset #808080)]
        RenderTableSection {TBODY} at (5,5) size 234x22
          RenderTableRow {TR} at (0,2) size 234x18
            RenderTableCell {TD} at (2,2) size 114x18 [border: (1px inset #808080)] [r=0 c=0 rs=1 cs=1]
              RenderText {#text} at (2,2) size 110x14
                text run at (2,2) width 110: "almaalmaalmaalmaalma"
            RenderTableCell {TD} at (118,2) size 114x18 [border: (1px inset #808080)] [r=0 c=1 rs=1 cs=1]
              RenderText {#text} at (2,2) size 6x14
                text run at (2,2) width 6: "x"
      RenderBlock (anonymous) at (0,32) size 784x14
        RenderBR {BR} at (0,0) size 0x14
      RenderTable {TABLE} at (0,46) size 244x32 [border: (5px outset #808080)]
        RenderTableSection {TBODY} at (5,5) size 234x22
          RenderTableRow {TR} at (0,2) size 234x18
            RenderTableCell {TD} at (2,2) size 114x18 [border: (1px inset #808080)] [r=0 c=0 rs=1 cs=1]
              RenderText {#text} at (2,2) size 110x14
                text run at (2,2) width 110: "almaalmaalmaalmaalma"
            RenderTableCell {TD} at (118,2) size 114x18 [border: (1px inset #808080)] [r=0 c=1 rs=1 cs=1]
              RenderText {#text} at (2,2) size 6x14
                text run at (2,2) width 6: "x"
      RenderBlock (anonymous) at (0,78) size 784x14
        RenderBR {BR} at (0,0) size 0x14
      RenderBlock {P} at (0,104) size 784x28
        RenderText {#text} at (0,0) size 263x14
          text run at (0,0) width 263: "In this table, the second and the third cell are given 40%"
        RenderBR {BR} at (263,11) size 0x0
        RenderText {#text} at (0,14) size 189x14
          text run at (0,14) width 189: "The cells are competing with each other."
        RenderBR {BR} at (189,25) size 0x0
      RenderTable {TABLE} at (0,144) size 263x32 [border: (5px outset #808080)]
        RenderTableSection {TBODY} at (5,5) size 253x22
          RenderTableRow {TR} at (0,2) size 253x18
            RenderTableCell {TD} at (2,2) size 49x18 [border: (1px inset #808080)] [r=0 c=0 rs=1 cs=1]
              RenderText {#text} at (2,2) size 45x14
                text run at (2,2) width 45: "some text"
            RenderTableCell {TD} at (53,2) size 98x18 [border: (1px inset #808080)] [r=0 c=1 rs=1 cs=1]
              RenderText {#text} at (2,2) size 6x14
                text run at (2,2) width 6: "x"
            RenderTableCell {TD} at (153,2) size 98x18 [border: (1px inset #808080)] [r=0 c=2 rs=1 cs=1]
              RenderText {#text} at (2,2) size 6x14
                text run at (2,2) width 6: "x"
      RenderBlock {P} at (0,188) size 784x42
        RenderText {#text} at (0,0) size 263x14
          text run at (0,0) width 263: "In this table, the second and the third cell are given 50%"
        RenderBR {BR} at (263,11) size 0x0
        RenderText {#text} at (0,14) size 330x14
          text run at (0,14) width 330: "The cells are competing again but their percentage can not be satisfied."
        RenderBR {BR} at (330,25) size 0x0
        RenderText {#text} at (0,28) size 356x14
          text run at (0,28) width 356: "The table grows as large as it can and the first cell gets to its minimal width."
      RenderTable {TABLE} at (0,242) size 784x46 [border: (5px outset #808080)]
        RenderTableSection {TBODY} at (5,5) size 774x36
          RenderTableRow {TR} at (0,2) size 774x32
            RenderTableCell {TD} at (2,2) size 29x32 [border: (1px inset #808080)] [r=0 c=0 rs=1 cs=1]
              RenderText {#text} at (2,2) size 25x28
                text run at (2,2) width 25: "some"
                text run at (2,16) width 17: "text"
            RenderTableCell {TD} at (33,9) size 368x18 [border: (1px inset #808080)] [r=0 c=1 rs=1 cs=1]
              RenderText {#text} at (2,2) size 6x14
                text run at (2,2) width 6: "x"
            RenderTableCell {TD} at (403,9) size 369x18 [border: (1px inset #808080)] [r=0 c=2 rs=1 cs=1]
              RenderText {#text} at (2,2) size 6x14
                text run at (2,2) width 6: "x"
