layer at (0,0) size 800x600
  RenderView at (0,0) size 800x600
layer at (0,0) size 800x600
  RenderBlock {HTML} at (0,0) size 800x600
    RenderBody {BODY} at (8,8) size 784x584
      RenderTable {TABLE} at (0,0) size 269x94 [border: (1px outset #808080)]
        RenderTableSection {TBODY} at (1,1) size 267x92
          RenderTableRow {TR} at (0,2) size 267x88
            RenderTableCell {TD} at (2,2) size 204x88 [border: (1px inset #808080)] [r=0 c=0 rs=1 cs=1]
              RenderTable {TABLE} at (2,2) size 200x84 [border: (10px outset #808080)]
                RenderTableSection {TBODY} at (10,10) size 180x64
                  RenderTableRow {TR} at (0,2) size 180x60
                    RenderTableCell {TD} at (2,10) size 44x44 [border: (1px inset #808080)] [r=0 c=0 rs=1 cs=1]
                      RenderImage {IMG} at (2,2) size 40x40
                    RenderTableCell {TD} at (48,2) size 130x60 [border: (1px inset #808080)] [r=0 c=1 rs=1 cs=1]
                      RenderText {#text} at (2,2) size 123x56
                        text run at (2,2) width 123: "xxx xxx xxx xxx xxx xxx"
                        text run at (2,16) width 123: "xxx xxx xxx xxx xxx xxx"
                        text run at (2,30) width 123: "xxx xxx xxx xxx xxx xxx"
                        text run at (2,44) width 39: "xxx xxx"
            RenderTableCell {TD} at (208,37) size 57x18 [border: (1px inset #808080)] [r=0 c=1 rs=1 cs=1]
              RenderText {#text} at (2,2) size 53x14
                text run at (2,2) width 53: "row2, cell2"
