layer at (0,0) size 800x600
  RenderView at (0,0) size 800x600
layer at (0,0) size 800x600
  RenderBlock {HTML} at (0,0) size 800x600
    RenderBody {BODY} at (8,8) size 784x584
      RenderTable {TABLE} at (0,0) size 624x123
        RenderTableSection {TBODY} at (0,0) size 624x123
          RenderTableRow {TR} at (0,2) size 624x60
            RenderTableCell {TD} at (2,2) size 150x1 [r=0 c=0 rs=2 cs=1]
              RenderImage {IMG} at (0,0) size 150x1
            RenderTableCell {TD} at (154,2) size 468x60 [r=0 c=1 rs=1 cs=2]
              RenderImage {IMG} at (0,0) size 468x60
          RenderTableRow {TR} at (0,64) size 624x57
            RenderTableCell {TD} at (154,64) size 297x57 [r=1 c=1 rs=1 cs=1]
              RenderTable {TABLE} at (0,0) size 297x57
                RenderTableSection {TBODY} at (0,0) size 297x57
                  RenderTableRow {TR} at (0,0) size 297x9
                    RenderTableCell {TD} at (0,0) size 297x9 [r=0 c=0 rs=1 cs=2]
                      RenderImage {IMG} at (3,3) size 126x3
                      RenderText {#text} at (0,0) size 0x0
                  RenderTableRow {TR} at (0,9) size 297x48
                    RenderTableCell {TD} at (0,9) size 149x34 [r=1 c=0 rs=1 cs=1]
                      RenderText {#text} at (3,3) size 127x28
                        text run at (3,3) width 127: "New WidgetMasters every"
                        text run at (3,17) width 31: "Week!"
                    RenderTableCell {TD} at (149,9) size 148x48 [r=1 c=1 rs=1 cs=1]
                      RenderText {#text} at (3,3) size 138x42
                        text run at (3,3) width 138: "WidgetMaster can build your"
                        text run at (3,17) width 54: "company a "
                        text run at (57,17) width 34: "custom"
                        text run at (3,31) width 71: "WidgetMaster!"
            RenderTableCell {TD} at (453,64) size 169x18 [r=1 c=2 rs=1 cs=1]
              RenderTable {TABLE} at (0,0) size 20x18 [border: (1px outset #808080)]
                RenderTableSection {TBODY} at (1,1) size 18x16
                  RenderTableRow {TR} at (0,0) size 18x16
                    RenderTableCell {TD} at (0,0) size 18x16 [border: (1px inset #808080)] [r=0 c=0 rs=1 cs=1]
                      RenderText {#text} at (1,1) size 16x14
                        text run at (1,1) width 16: "cell"
