layer at (0,0) size 800x1128
  RenderView at (0,0) size 800x600
layer at (0,0) size 800x1128
  RenderBlock {HTML} at (0,0) size 800x1128
    RenderBody {BODY} at (8,8) size 784x1112
      RenderTable {TABLE} at (0,0) size 4x1078
      RenderTable {TABLE} at (0,1078) size 78x20
        RenderTableSection {TBODY} at (0,0) size 78x20
          RenderTableRow {TR} at (0,2) size 78x16
            RenderTableCell {TD} at (2,2) size 74x16 [r=0 c=0 rs=1 cs=1]
              RenderText {#text} at (1,1) size 72x14
                text run at (1,1) width 72: "I'm down here!"
      RenderBlock (anonymous) at (0,1098) size 784x14
        RenderText {#text} at (0,0) size 41x14
          text run at (0,0) width 41: "The end."
