layer at (0,0) size 800x600
  RenderView at (0,0) size 800x600
layer at (0,0) size 800x600
  RenderBlock {HTML} at (0,0) size 800x600
    RenderBody {BODY} at (8,8) size 784x584
      RenderBlock {P} at (0,0) size 784x14
        RenderText {#text} at (0,0) size 301x14
          text run at (0,0) width 301: "The table below takes out the nowrap with the cell of 1% width."
      RenderTable {TABLE} at (0,26) size 675x56
        RenderTableSection {TBODY} at (0,0) size 675x56
          RenderTableRow {TR} at (0,0) size 675x56 [bgcolor=#9999CC]
            RenderTableCell {TD} at (0,18) size 636x20 [r=0 c=0 rs=1 cs=1]
              RenderInline {FONT} at (0,0) size 123x16
                RenderInline {B} at (0,0) size 123x16
                  RenderText {#text} at (2,2) size 123x16
                    text run at (2,2) width 123: "Technology News"
              RenderInline {FONT} at (0,0) size 146x11
                RenderText {#text} at (125,6) size 146x11
                  text run at (125,6) width 51: " - updated "
                  text run at (176,6) width 95: "12:15 PM ET Oct 24"
              RenderText {#text} at (0,0) size 0x0
            RenderTableCell {TD} at (636,0) size 39x56 [r=0 c=1 rs=1 cs=1]
              RenderTable {TABLE} at (2,2) size 35x52
                RenderTableSection {TBODY} at (0,0) size 35x52
                  RenderTableRow {TR} at (0,0) size 35x52
                    RenderTableCell {TD} at (0,0) size 35x52 [bgcolor=#CCCCFF] [r=0 c=0 rs=1 cs=1]
                      RenderImage {IMG} at (3,3) size 16x16
                      RenderInline {FONT} at (0,0) size 29x30
                        RenderInline {A} at (0,0) size 29x30 [color=#0000EE]
                          RenderText {#text} at (3,19) size 29x30
                            text run at (3,19) width 27: "Add to"
                            text run at (3,29) width 13: "My"
                            text run at (3,39) width 29: "Yahoo!"
                      RenderText {#text} at (0,0) size 0x0
      RenderBlock {P} at (0,94) size 784x14
        RenderText {#text} at (0,0) size 350x14
          text run at (0,0) width 350: "The table below leaves in the nowrap but take out the 1% width in the cell."
      RenderTable {TABLE} at (0,120) size 675x26
        RenderTableSection {TBODY} at (0,0) size 675x26
          RenderTableRow {TR} at (0,0) size 675x26 [bgcolor=#9999CC]
            RenderTableCell {TD} at (0,3) size 488x20 [r=0 c=0 rs=1 cs=1]
              RenderInline {FONT} at (0,0) size 123x16
                RenderInline {B} at (0,0) size 123x16
                  RenderText {#text} at (2,2) size 123x16
                    text run at (2,2) width 123: "Technology News"
              RenderInline {FONT} at (0,0) size 146x11
                RenderText {#text} at (125,6) size 146x11
                  text run at (125,6) width 51: " - updated "
                  text run at (176,6) width 95: "12:15 PM ET Oct 24"
              RenderText {#text} at (0,0) size 0x0
            RenderTableCell {TD} at (488,0) size 187x26 [r=0 c=1 rs=1 cs=1]
              RenderTable {TABLE} at (2,2) size 100x22
                RenderTableSection {TBODY} at (0,0) size 100x22
                  RenderTableRow {TR} at (0,0) size 100x22
                    RenderTableCell {TD} at (0,0) size 100x22 [bgcolor=#CCCCFF] [r=0 c=0 rs=1 cs=1]
                      RenderImage {IMG} at (3,3) size 16x16
                      RenderInline {FONT} at (0,0) size 75x10
                        RenderInline {A} at (0,0) size 75x10 [color=#0000EE]
                          RenderText {#text} at (22,3) size 75x10
                            text run at (22,3) width 75: "Add to My Yahoo!"
                      RenderText {#text} at (0,0) size 0x0
