layer at (0,0) size 800x600
  RenderView at (0,0) size 800x600
layer at (0,0) size 800x600
  RenderBlock {HTML} at (0,0) size 800x600
    RenderBody {BODY} at (8,8) size 784x584
      RenderBlock (anonymous) at (0,0) size 784x14
        RenderText {#text} at (0,0) size 30x14
          text run at (0,0) width 30: "25016"
      RenderTable {TABLE} at (0,14) size 30x26
        RenderTableSection {TBODY} at (0,0) size 30x20
          RenderTableRow {TR} at (0,2) size 30x16
            RenderTableCell {TD} at (2,2) size 26x16 [r=0 c=0 rs=1 cs=1]
              RenderText {#text} at (1,1) size 24x14
                text run at (1,1) width 24: "4659"
        RenderBlock {CAPTION} at (0,0) size 30x0
        RenderTableSection {TBODY} at (0,20) size 30x6
          RenderTableRow {TR} at (0,2) size 30x2
            RenderTableCell {TH} at (2,2) size 26x2 [r=0 c=0 rs=1 cs=1]
        RenderTableCol {COLGROUP} at (0,0) size 0x0
