layer at (0,0) size 800x600
  RenderView at (0,0) size 800x600
layer at (0,0) size 800x240
  RenderBlock {HTML} at (0,0) size 800x240
    RenderBody {BODY} at (8,8) size 784x224 [bgcolor=#FFFFFF]
      RenderTable {TABLE} at (0,0) size 136x224
        RenderTableSection {TBODY} at (0,0) size 136x224
          RenderTableRow {TR} at (0,0) size 136x28
            RenderTableCell {TD} at (0,0) size 34x28 [border: (1px solid #000000)] [r=0 c=0 rs=1 cs=1]
              RenderText {#text} at (7,7) size 20x14
                text run at (7,7) width 20: "blah"
            RenderTableCell {TD} at (34,0) size 34x28 [border: (1px solid #000000)] [r=0 c=1 rs=1 cs=1]
              RenderText {#text} at (7,7) size 20x14
                text run at (7,7) width 20: "blah"
            RenderTableCell {TD} at (68,0) size 34x28 [border: (1px solid #000000)] [r=0 c=2 rs=1 cs=1]
              RenderText {#text} at (7,7) size 20x14
                text run at (7,7) width 20: "blah"
            RenderTableCell {TD} at (102,0) size 34x28 [border: (1px solid #000000)] [r=0 c=3 rs=1 cs=1]
              RenderText {#text} at (7,7) size 20x14
                text run at (7,7) width 20: "blah"
          RenderTableRow {TR} at (0,28) size 136x28
            RenderTableCell {TD} at (0,28) size 34x28 [border: (1px solid #000000)] [r=1 c=0 rs=1 cs=1]
              RenderText {#text} at (7,7) size 20x14
                text run at (7,7) width 20: "blah"
            RenderTableCell {TD} at (34,28) size 34x28 [border: (1px solid #000000)] [r=1 c=1 rs=1 cs=1]
              RenderText {#text} at (7,7) size 20x14
                text run at (7,7) width 20: "blah"
            RenderTableCell {TD} at (68,28) size 34x28 [border: (1px solid #000000)] [r=1 c=2 rs=1 cs=1]
              RenderText {#text} at (7,7) size 20x14
                text run at (7,7) width 20: "blah"
            RenderTableCell {TD} at (102,28) size 34x28 [border: (1px solid #000000)] [r=1 c=3 rs=1 cs=1]
              RenderText {#text} at (7,7) size 20x14
                text run at (7,7) width 20: "blah"
          RenderTableRow {TR} at (0,56) size 136x28
            RenderTableCell {TD} at (0,56) size 34x28 [border: (1px solid #000000)] [r=2 c=0 rs=1 cs=1]
              RenderText {#text} at (7,7) size 20x14
                text run at (7,7) width 20: "blah"
            RenderTableCell {TD} at (34,56) size 34x28 [border: (1px solid #000000)] [r=2 c=1 rs=1 cs=1]
              RenderText {#text} at (7,7) size 20x14
                text run at (7,7) width 20: "blah"
            RenderTableCell {TD} at (68,56) size 34x28 [border: (1px solid #000000)] [r=2 c=2 rs=1 cs=1]
              RenderText {#text} at (7,7) size 20x14
                text run at (7,7) width 20: "blah"
            RenderTableCell {TD} at (102,56) size 34x28 [border: (1px solid #000000)] [r=2 c=3 rs=1 cs=1]
              RenderText {#text} at (7,7) size 20x14
                text run at (7,7) width 20: "blah"
          RenderTableRow {TR} at (0,84) size 136x28
            RenderTableCell {TD} at (0,84) size 34x28 [border: (1px solid #000000)] [r=3 c=0 rs=1 cs=1]
              RenderText {#text} at (7,7) size 20x14
                text run at (7,7) width 20: "blah"
            RenderTableCell {TD} at (34,84) size 34x28 [border: (1px solid #000000)] [r=3 c=1 rs=1 cs=1]
              RenderText {#text} at (7,7) size 20x14
                text run at (7,7) width 20: "blah"
            RenderTableCell {TD} at (68,84) size 34x28 [border: (1px solid #000000)] [r=3 c=2 rs=1 cs=1]
              RenderText {#text} at (7,7) size 20x14
                text run at (7,7) width 20: "blah"
            RenderTableCell {TD} at (102,84) size 34x28 [border: (1px solid #000000)] [r=3 c=3 rs=1 cs=1]
              RenderText {#text} at (7,7) size 20x14
                text run at (7,7) width 20: "blah"
          RenderTableRow {TR} at (0,112) size 136x28
            RenderTableCell {TD} at (0,112) size 34x28 [border: (1px solid #000000)] [r=4 c=0 rs=1 cs=1]
              RenderText {#text} at (7,7) size 20x14
                text run at (7,7) width 20: "blah"
            RenderTableCell {TD} at (34,112) size 34x28 [border: (1px solid #000000)] [r=4 c=1 rs=1 cs=1]
              RenderText {#text} at (7,7) size 20x14
                text run at (7,7) width 20: "blah"
            RenderTableCell {TD} at (68,112) size 34x28 [border: (1px solid #000000)] [r=4 c=2 rs=1 cs=1]
              RenderText {#text} at (7,7) size 20x14
                text run at (7,7) width 20: "blah"
            RenderTableCell {TD} at (102,112) size 34x28 [border: (1px solid #000000)] [r=4 c=3 rs=1 cs=1]
              RenderText {#text} at (7,7) size 20x14
                text run at (7,7) width 20: "blah"
          RenderTableRow {TR} at (0,140) size 136x28
            RenderTableCell {TD} at (0,140) size 34x28 [border: (1px solid #000000)] [r=5 c=0 rs=1 cs=1]
              RenderText {#text} at (7,7) size 20x14
                text run at (7,7) width 20: "blah"
            RenderTableCell {TD} at (34,140) size 34x28 [border: (1px solid #000000)] [r=5 c=1 rs=1 cs=1]
              RenderText {#text} at (7,7) size 20x14
                text run at (7,7) width 20: "blah"
            RenderTableCell {TD} at (68,140) size 34x28 [border: (1px solid #000000)] [r=5 c=2 rs=1 cs=1]
              RenderText {#text} at (7,7) size 20x14
                text run at (7,7) width 20: "blah"
            RenderTableCell {TD} at (102,140) size 34x28 [border: (1px solid #000000)] [r=5 c=3 rs=1 cs=1]
              RenderText {#text} at (7,7) size 20x14
                text run at (7,7) width 20: "blah"
          RenderTableRow {TR} at (0,168) size 136x28
            RenderTableCell {TD} at (0,168) size 34x28 [border: (1px solid #000000)] [r=6 c=0 rs=1 cs=1]
              RenderText {#text} at (7,7) size 20x14
                text run at (7,7) width 20: "blah"
            RenderTableCell {TD} at (34,168) size 34x28 [border: (1px solid #000000)] [r=6 c=1 rs=1 cs=1]
              RenderText {#text} at (7,7) size 20x14
                text run at (7,7) width 20: "blah"
            RenderTableCell {TD} at (68,168) size 34x28 [border: (1px solid #000000)] [r=6 c=2 rs=1 cs=1]
              RenderText {#text} at (7,7) size 20x14
                text run at (7,7) width 20: "blah"
            RenderTableCell {TD} at (102,168) size 34x28 [border: (1px solid #000000)] [r=6 c=3 rs=1 cs=1]
              RenderText {#text} at (7,7) size 20x14
                text run at (7,7) width 20: "blah"
          RenderTableRow {TR} at (0,196) size 136x28
            RenderTableCell {TD} at (0,196) size 34x28 [border: (1px solid #000000)] [r=7 c=0 rs=1 cs=1]
              RenderText {#text} at (7,7) size 20x14
                text run at (7,7) width 20: "blah"
            RenderTableCell {TD} at (34,196) size 34x28 [border: (1px solid #000000)] [r=7 c=1 rs=1 cs=1]
              RenderText {#text} at (7,7) size 20x14
                text run at (7,7) width 20: "blah"
            RenderTableCell {TD} at (68,196) size 34x28 [border: (1px solid #000000)] [r=7 c=2 rs=1 cs=1]
              RenderText {#text} at (7,7) size 20x14
                text run at (7,7) width 20: "blah"
            RenderTableCell {TD} at (102,196) size 34x28 [border: (1px solid #000000)] [r=7 c=3 rs=1 cs=1]
              RenderText {#text} at (7,7) size 20x14
                text run at (7,7) width 20: "blah"
