layer at (0,0) size 800x600
  RenderView at (0,0) size 800x600
layer at (0,0) size 800x600
  RenderBlock {HTML} at (0,0) size 800x600
    RenderBody {BODY} at (8,8) size 784x580 [bgcolor=#FFFFFF]
      RenderBlock {H3} at (0,0) size 784x16
        RenderText {#text} at (0,0) size 229x15
          text run at (0,0) width 229: "Testcase for bug 5538 - distilled from "
        RenderInline {A} at (0,0) size 86x15 [color=#0000EE]
          RenderText {#text} at (229,0) size 86x15
            text run at (229,0) width 86: "www.fool.com"
      RenderTable {TABLE} at (0,30) size 600x89
        RenderTableSection {TBODY} at (0,0) size 600x89
          RenderTableRow {TR} at (0,0) size 600x89
            RenderTableCell {TD} at (0,0) size 128x89 [bgcolor=#336699] [r=0 c=0 rs=1 cs=1]
              RenderInline {A} at (0,0) size 128x14 [color=#0000EE]
                RenderImage {IMG} at (0,0) size 128x89
            RenderTableCell {TD} at (128,44) size 472x0 [r=0 c=1 rs=1 cs=1]
      RenderTable {TABLE} at (0,119) size 600x18
        RenderTableSection {TBODY} at (0,0) size 600x18
          RenderTableRow {TR} at (0,0) size 600x18
            RenderTableCell {TD} at (0,0) size 600x18 [r=0 c=0 rs=1 cs=1]
              RenderImage {IMG} at (0,0) size 348x18
              RenderInline {MAP} at (0,0) size 0x14
              RenderImage {IMG} at (348,0) size 88x18
              RenderImage {IMG} at (436,0) size 55x18
      RenderBlock {P} at (0,149) size 784x149
        RenderBlock (anonymous) at (0,0) size 784x42
          RenderText {#text} at (0,0) size 354x14
            text run at (0,0) width 354: "When removing <A HREF=\"...\"> surrounding logo image in first row and"
          RenderBR {BR} at (354,11) size 0x0
          RenderText {#text} at (0,14) size 289x14
            text run at (0,14) width 289: "removing <MAP> element in second row it looks OK to me:"
          RenderBR {BR} at (289,25) size 0x0
          RenderBR {BR} at (0,28) size 0x14
        RenderTable {TABLE} at (0,42) size 600x89
          RenderTableSection {TBODY} at (0,0) size 600x89
            RenderTableRow {TR} at (0,0) size 600x89
              RenderTableCell {TD} at (0,0) size 128x89 [bgcolor=#336699] [r=0 c=0 rs=1 cs=1]
                RenderImage {IMG} at (0,0) size 128x89
              RenderTableCell {TD} at (128,44) size 472x0 [r=0 c=1 rs=1 cs=1]
        RenderTable {TABLE} at (0,131) size 600x18
          RenderTableSection {TBODY} at (0,0) size 600x18
            RenderTableRow {TR} at (0,0) size 600x18
              RenderTableCell {TD} at (0,0) size 600x18 [r=0 c=0 rs=1 cs=1]
                RenderImage {IMG} at (0,0) size 348x18
                RenderImage {IMG} at (348,0) size 88x18
                RenderImage {IMG} at (436,0) size 55x18
