layer at (0,0) size 800x600
  RenderView at (0,0) size 800x600
layer at (0,0) size 800x146
  RenderBlock {HTML} at (0,0) size 800x146
    RenderBody {BODY} at (8,8) size 784x130
      RenderBlock {FORM} at (0,0) size 784x74
        RenderButton {INPUT} at (2,0) size 245x36 [color=#202020]
          RenderBlock (anonymous) at (15,8) size 215x18
            RenderText at (0,0) size 215x17
              text run at (0,0) width 215: "[Step 1] Set cell height to 60px"
        RenderButton {INPUT} at (2,38) size 245x36 [color=#202020]
          RenderBlock (anonymous) at (15,8) size 215x18
            RenderText at (0,0) size 215x17
              text run at (0,0) width 215: "[Step 2] Set cell height to 20px"
      RenderTable {TABLE} at (0,76) size 38x54
        RenderTableSection {TBODY} at (0,0) size 38x54
          RenderTableRow {TR} at (0,2) size 38x24
            RenderTableCell {TD} at (2,2) size 16x24 [border: (4px solid #000000)] [r=0 c=0 rs=1 cs=1]
              RenderText {#text} at (5,5) size 6x14
                text run at (5,5) width 6: "1"
            RenderTableCell {TD} at (20,2) size 16x24 [border: (4px solid #000000)] [r=0 c=1 rs=1 cs=1]
              RenderText {#text} at (5,5) size 6x14
                text run at (5,5) width 6: "2"
          RenderTableRow {TR} at (0,28) size 38x24
            RenderTableCell {TD} at (2,28) size 16x24 [border: (4px solid #000000)] [r=1 c=0 rs=1 cs=1]
              RenderText {#text} at (5,5) size 6x14
                text run at (5,5) width 6: "2"
            RenderTableCell {TD} at (20,28) size 16x24 [border: (4px solid #000000)] [r=1 c=1 rs=1 cs=1]
              RenderText {#text} at (5,5) size 6x14
                text run at (5,5) width 6: "2"
