layer at (0,0) size 800x600
  RenderView at (0,0) size 800x600
layer at (0,0) size 800x600
  RenderBlock {HTML} at (0,0) size 800x600
    RenderBody {BODY} at (8,8) size 784x584
      RenderTable {TABLE} at (0,0) size 365x139 [border: (1px outset #808080)]
        RenderTableSection {TBODY} at (1,1) size 363x137
          RenderTableRow {TR} at (0,0) size 363x137
            RenderTableCell {TD} at (0,0) size 363x137 [border: (1px inset #808080)] [r=0 c=0 rs=1 cs=1]
              RenderTable {TABLE} at (1,1) size 361x135 [border: (1px outset #808080)]
                RenderTableSection {TBODY} at (1,1) size 359x133
                  RenderTableRow {TR} at (0,1) size 359x24
                    RenderTableCell {TD} at (1,1) size 105x24 [border: (1px inset #808080)] [r=0 c=0 rs=1 cs=1]
                      RenderText {#text} at (5,5) size 95x14
                        text run at (5,5) width 95: "General Preferences"
                    RenderTableCell {TD} at (107,1) size 113x24 [border: (1px inset #808080)] [r=0 c=1 rs=1 cs=1]
                      RenderInline {A} at (0,0) size 103x14 [color=#0000EE]
                        RenderText {#text} at (5,5) size 103x14
                          text run at (5,5) width 103: "Groups / Permissions"
                    RenderTableCell {TD} at (221,1) size 57x24 [border: (1px inset #808080)] [r=0 c=2 rs=1 cs=1]
                      RenderInline {A} at (0,0) size 47x14 [color=#0000EE]
                        RenderText {#text} at (5,5) size 47x14
                          text run at (5,5) width 47: "Password"
                    RenderTableCell {TD} at (279,1) size 37x24 [border: (1px inset #808080)] [r=0 c=3 rs=1 cs=1]
                      RenderInline {A} at (0,0) size 27x14 [color=#0000EE]
                        RenderText {#text} at (5,5) size 27x14
                          text run at (5,5) width 27: "Email"
                    RenderTableCell {TD} at (317,1) size 41x24 [border: (1px inset #808080)] [r=0 c=4 rs=1 cs=1]
                      RenderText {#text} at (5,5) size 31x14
                        text run at (5,5) width 31: "Views"
                  RenderTableRow {TR} at (0,26) size 359x106
                    RenderTableCell {TD} at (1,26) size 357x106 [border: (1px inset #808080)] [r=1 c=0 rs=1 cs=5]
                      RenderBlock (anonymous) at (5,5) size 347x14
                        RenderBR {BR} at (173,0) size 1x14
                      RenderTable {TABLE} at (20,19) size 316x82
                        RenderTableSection {TBODY} at (0,0) size 316x82
                          RenderTableRow {TR} at (0,2) size 316x78
                            RenderTableCell {TD} at (2,2) size 312x78 [r=0 c=0 rs=1 cs=1]
                              RenderBlock {FORM} at (1,1) size 310x64
                                RenderTable {TABLE} at (0,0) size 310x64 [border: (1px outset #808080)]
                                  RenderTableSection {TBODY} at (1,1) size 308x62
                                    RenderTableRow {TR} at (0,0) size 308x62
                                      RenderTableCell {TD} at (0,0) size 308x62 [border: (1px inset #808080)] [r=0 c=0 rs=1 cs=1]
                                        RenderBlock (anonymous) at (1,1) size 306x14
                                          RenderText {#text} at (112,0) size 82x14
                                            text run at (112,0) width 82: "User Preferences"
                                        RenderTable {TABLE} at (1,15) size 306x46 [border: (1px outset #808080)]
                                          RenderTableSection {TBODY} at (1,1) size 304x44
                                            RenderTableRow {TR} at (0,1) size 304x42
                                              RenderTableCell {TH} at (1,10) size 93x24 [border: (1px inset #808080)] [r=0 c=0 rs=1 cs=1]
                                                RenderInline {NOBR} at (0,0) size 83x14
                                                  RenderText {#text} at (5,5) size 83x14
                                                    text run at (5,5) width 83: "Email Address :"
                                              RenderTableCell {TD} at (95,1) size 208x42 [border: (1px inset #808080)] [r=0 c=1 rs=1 cs=1]
                                                RenderTextControl {INPUT} at (7,7) size 194x28 [color=#202020]
                                                RenderText {#text} at (0,0) size 0x0
layer at (144,90) size 187x18 scrollWidth 259
  RenderBlock {DIV} at (4,6) size 187x18
    RenderText {#text} at (1,0) size 257x17
      text run at (1,0) width 257: "simon.king@pipinghotnetworks.com"
