layer at (0,0) size 800x600
  RenderView at (0,0) size 800x600
layer at (0,0) size 800x600
  RenderBlock {HTML} at (0,0) size 800x600
    RenderBody {BODY} at (8,8) size 784x584
      RenderBlock (anonymous) at (0,0) size 784x14
        RenderInline {A} at (0,0) size 20x14 [color=#0000EE]
          RenderText {#text} at (0,0) size 20x14
            text run at (0,0) width 20: "note"
        RenderText {#text} at (20,0) size 3x14
          text run at (20,0) width 3: " "
        RenderInline {A} at (0,0) size 54x14 [color=#0000EE]
          RenderText {#text} at (23,0) size 54x14
            text run at (23,0) width 54: "closepopup"
        RenderText {#text} at (0,0) size 0x0
      RenderTable {TABLE} at (0,14) size 32x24 [border: (1px outset #808080)]
        RenderTableSection {TBODY} at (1,1) size 30x22
          RenderTableRow {TR} at (0,2) size 30x18
            RenderTableCell {TD} at (2,2) size 26x18 [border: (1px inset #808080)] [r=0 c=0 rs=1 cs=1]
              RenderText {#text} at (2,2) size 22x14
                text run at (2,2) width 22: "table"
layer at (8,22) size 15x14
  RenderBlock (positioned) {DIV} at (8,22) size 15x14
    RenderText {#text} at (0,0) size 15x14
      text run at (0,0) width 15: "div"
