layer at (0,0) size 800x600
  RenderView at (0,0) size 800x600
layer at (0,0) size 800x600
  RenderBlock {HTML} at (0,0) size 800x600
    RenderBody {BODY} at (8,8) size 784x580
      RenderBlock {P} at (0,0) size 784x14
        RenderText {#text} at (0,0) size 578x14
          text run at (0,0) width 312: "This first table is the simple test case. Colspan confuses the width "
          text run at (312,0) width 266: "allocation when there is an image in the colspanned row."
      RenderTable {TABLE} at (0,26) size 620x90 [border: (1px outset #808080)]
        RenderTableSection {TBODY} at (1,1) size 618x88
          RenderTableRow {TR} at (0,2) size 618x18
            RenderTableCell {TD} at (2,2) size 413x18 [border: (1px inset #808080)] [r=0 c=0 rs=1 cs=1]
              RenderText {#text} at (2,2) size 16x14
                text run at (2,2) width 16: "foo"
            RenderTableCell {TD} at (417,2) size 199x18 [border: (1px inset #808080)] [r=0 c=1 rs=1 cs=1]
              RenderText {#text} at (2,2) size 15x14
                text run at (2,2) width 15: "bar"
          RenderTableRow {TR} at (0,22) size 618x64
            RenderTableCell {TD} at (2,22) size 614x64 [border: (1px inset #808080)] [r=1 c=0 rs=1 cs=2]
              RenderImage {IMG} at (2,2) size 468x60
              RenderText {#text} at (0,0) size 0x0
      RenderBlock {P} at (0,128) size 784x14
        RenderText {#text} at (0,0) size 474x14
          text run at (0,0) width 280: "This second table is the same as the first, minus the second "
          text run at (280,0) width 194: "'colspan=2' row. Widths are now correct."
      RenderTable {TABLE} at (0,154) size 620x24 [border: (1px outset #808080)]
        RenderTableSection {TBODY} at (1,1) size 618x22
          RenderTableRow {TR} at (0,2) size 618x18
            RenderTableCell {TD} at (2,2) size 413x18 [border: (1px inset #808080)] [r=0 c=0 rs=1 cs=1]
              RenderText {#text} at (2,2) size 16x14
                text run at (2,2) width 16: "foo"
            RenderTableCell {TD} at (417,2) size 199x18 [border: (1px inset #808080)] [r=0 c=1 rs=1 cs=1]
              RenderText {#text} at (2,2) size 15x14
                text run at (2,2) width 15: "bar"
      RenderBlock {P} at (0,190) size 784x28
        RenderText {#text} at (0,0) size 781x28
          text run at (0,0) width 273: "An observation: Note that as the image-width approaches "
          text run at (273,0) width 344: "the table-width, the two columns approach equal width (error increases). "
          text run at (617,0) width 164: "Conversely, below some threshold"
          text run at (0,14) width 503: "image-width (which is about 390px or 30px less than the TD WIDTH=420), the error is (apparently) zero."
      RenderBlock {P} at (0,230) size 784x14
        RenderText {#text} at (0,0) size 130x14
          text run at (0,0) width 130: "Here the <img width=600>"
      RenderTable {TABLE} at (0,256) size 620x90 [border: (1px outset #808080)]
        RenderTableSection {TBODY} at (1,1) size 618x88
          RenderTableRow {TR} at (0,2) size 618x18
            RenderTableCell {TD} at (2,2) size 412x18 [border: (1px inset #808080)] [r=0 c=0 rs=1 cs=1]
              RenderText {#text} at (2,2) size 16x14
                text run at (2,2) width 16: "foo"
            RenderTableCell {TD} at (416,2) size 200x18 [border: (1px inset #808080)] [r=0 c=1 rs=1 cs=1]
              RenderText {#text} at (2,2) size 15x14
                text run at (2,2) width 15: "bar"
          RenderTableRow {TR} at (0,22) size 618x64
            RenderTableCell {TD} at (2,22) size 614x64 [border: (1px inset #808080)] [r=1 c=0 rs=1 cs=2]
              RenderImage {IMG} at (2,2) size 600x60
              RenderText {#text} at (0,0) size 0x0
      RenderBlock {P} at (0,358) size 784x14
        RenderText {#text} at (0,0) size 235x14
          text run at (0,0) width 235: "Here the <img width=400> (error is almost zero)."
      RenderTable {TABLE} at (0,384) size 620x24 [bgcolor=#DDDDDD] [border: (1px outset #808080)]
        RenderTableSection {TBODY} at (1,1) size 618x22
          RenderTableRow {TR} at (0,2) size 618x18
            RenderTableCell {TD} at (2,2) size 412x18 [border: (1px inset #808080)] [r=0 c=0 rs=1 cs=1]
              RenderText {#text} at (2,2) size 102x14
                text run at (2,2) width 102: "foo (single row table)"
            RenderTableCell {TD} at (416,2) size 200x18 [border: (1px inset #808080)] [r=0 c=1 rs=1 cs=1]
              RenderText {#text} at (2,2) size 101x14
                text run at (2,2) width 101: "bar (single row table)"
      RenderTable {TABLE} at (0,408) size 620x90 [border: (1px outset #808080)]
        RenderTableSection {TBODY} at (1,1) size 618x88
          RenderTableRow {TR} at (0,2) size 618x18
            RenderTableCell {TD} at (2,2) size 413x18 [border: (1px inset #808080)] [r=0 c=0 rs=1 cs=1]
              RenderText {#text} at (2,2) size 16x14
                text run at (2,2) width 16: "foo"
            RenderTableCell {TD} at (417,2) size 199x18 [border: (1px inset #808080)] [r=0 c=1 rs=1 cs=1]
              RenderText {#text} at (2,2) size 15x14
                text run at (2,2) width 15: "bar"
          RenderTableRow {TR} at (0,22) size 618x64
            RenderTableCell {TD} at (2,22) size 614x64 [border: (1px inset #808080)] [r=1 c=0 rs=1 cs=2]
              RenderImage {IMG} at (2,2) size 400x60
              RenderText {#text} at (0,0) size 0x0
      RenderBlock {P} at (0,510) size 784x28
        RenderText {#text} at (0,0) size 781x28
          text run at (0,0) width 773: "I tested the above with M4 and May01 build for win95. (The above examples assume that images load normally -- N.B. for May01 the images initially load, and the"
          text run at (0,14) width 781: "width error is visually apparent, but then the images get replaced by their ALT text, and the width error is no longer present -- this is, of course, a different issue/bug.)"
