layer at (0,0) size 800x600
  RenderView at (0,0) size 800x600
layer at (0,0) size 800x600
  RenderBlock {HTML} at (0,0) size 800x600
    RenderBody {BODY} at (8,8) size 784x584
      RenderTable {TABLE} at (0,0) size 75x46
        RenderTableSection {TBODY} at (0,0) size 75x46
          RenderTableRow {TR} at (0,2) size 75x42
            RenderTableCell {TD} at (2,2) size 71x42 [r=0 c=0 rs=1 cs=1]
              RenderBlock {DIV} at (1,1) size 69x40
                RenderBlock {P} at (0,0) size 69x14
                  RenderText {#text} at (0,0) size 68x14
                    text run at (0,0) width 68: "Paragraph one"
                RenderBlock {P} at (0,26) size 69x14
                  RenderText {#text} at (0,0) size 69x14
                    text run at (0,0) width 69: "Paragraph two"
