layer at (0,0) size 800x600
  RenderView at (0,0) size 800x600
layer at (0,0) size 800x600
  RenderBlock {HTML} at (0,0) size 800x600
    RenderBody {BODY} at (8,8) size 784x580
      RenderBlock {FORM} at (0,0) size 784x84
        RenderTable {TABLE} at (0,0) size 150x84 [border: (1px outset #808080)]
          RenderTableSection {TBODY} at (1,1) size 148x82
            RenderTableRow {TR} at (0,2) size 148x18
              RenderTableCell {TD} at (2,12) size 10x18 [border: (1px inset #808080)] [r=0 c=0 rs=2 cs=1]
                RenderText {#text} at (2,2) size 6x14
                  text run at (2,2) width 6: "5"
              RenderTableCell {TD} at (14,12) size 16x18 [border: (1px inset #808080)] [r=0 c=1 rs=2 cs=1]
                RenderText {#text} at (2,2) size 12x14
                  text run at (2,2) width 12: "**"
              RenderTableCell {TD} at (32,2) size 70x18 [border: (1px inset #808080)] [r=0 c=2 rs=1 cs=1]
                RenderText {#text} at (2,2) size 61x14
                  text run at (2,2) width 61: "Text text text"
              RenderTableCell {TD} at (104,2) size 7x18 [border: (1px inset #808080)] [r=0 c=3 rs=1 cs=1]
                RenderText {#text} at (2,2) size 3x14
                  text run at (2,2) width 3: " "
              RenderTableCell {TD} at (113,2) size 31x18 [border: (1px inset #808080)] [r=0 c=4 rs=1 cs=1]
                RenderText {#text} at (2,2) size 24x14
                  text run at (2,2) width 24: "1970"
            RenderTableRow {TR} at (0,22) size 148x18
              RenderTableCell {TD} at (32,22) size 114x18 [border: (1px inset #808080)] [r=1 c=2 rs=1 cs=4]
                RenderText {#text} at (2,2) size 110x14
                  text run at (2,2) width 110: "No Holdings Available"
            RenderTableRow {TR} at (0,42) size 148x18
              RenderTableCell {TD} at (2,52) size 10x18 [border: (1px inset #808080)] [r=2 c=0 rs=2 cs=1]
                RenderText {#text} at (2,2) size 6x14
                  text run at (2,2) width 6: "6"
              RenderTableCell {TD} at (14,52) size 16x18 [border: (1px inset #808080)] [r=2 c=1 rs=2 cs=1]
                RenderText {#text} at (2,2) size 12x14
                  text run at (2,2) width 12: "**"
              RenderTableCell {TD} at (32,42) size 70x18 [border: (1px inset #808080)] [r=2 c=2 rs=1 cs=1]
                RenderText {#text} at (2,2) size 61x14
                  text run at (2,2) width 61: "Text text text"
              RenderTableCell {TD} at (104,42) size 7x18 [border: (1px inset #808080)] [r=2 c=3 rs=1 cs=1]
                RenderText {#text} at (2,2) size 3x14
                  text run at (2,2) width 3: " "
              RenderTableCell {TD} at (113,42) size 31x18 [border: (1px inset #808080)] [r=2 c=4 rs=1 cs=1]
                RenderText {#text} at (2,2) size 24x14
                  text run at (2,2) width 24: "1970"
            RenderTableRow {TR} at (0,62) size 148x18
              RenderTableCell {TD} at (32,62) size 114x18 [border: (1px inset #808080)] [r=3 c=2 rs=1 cs=4]
                RenderText {#text} at (2,2) size 110x14
                  text run at (2,2) width 110: "No Holdings Available"
