layer at (0,0) size 800x600
  RenderView at (0,0) size 800x600
layer at (0,0) size 800x600
  RenderBlock {HTML} at (0,0) size 800x600
    RenderBody {BODY} at (8,8) size 784x584
      RenderTable {TABLE} at (0,0) size 186x24 [border: (1px outset #808080)]
        RenderTableSection {TBODY} at (1,1) size 184x22
          RenderTableRow {TR} at (0,2) size 184x18 [bgcolor=#CCFFFF]
            RenderTableCell {TD} at (2,2) size 180x18 [border: (1px inset #808080)] [r=0 c=0 rs=1 cs=1]
              RenderText {#text} at (2,2) size 176x14
                text run at (2,2) width 176: "THis table has zero % width declared"
      RenderTable {TABLE} at (0,24) size 165x24 [border: (1px outset #808080)]
        RenderTableSection {TBODY} at (1,1) size 163x22
          RenderTableRow {TR} at (0,2) size 163x18 [bgcolor=#CCFFFF]
            RenderTableCell {TD} at (2,2) size 159x18 [border: (1px inset #808080)] [r=0 c=0 rs=1 cs=1]
              RenderText {#text} at (2,2) size 155x14
                text run at (2,2) width 155: "THis table has no width declared"
