layer at (0,0) size 800x2028
  RenderView at (0,0) size 800x600
layer at (0,0) size 800x2028
  RenderBlock {HTML} at (0,0) size 800x2028
    RenderBody {BODY} at (8,8) size 784x2012
      RenderTable {TABLE} at (0,0) size 784x2012 [border: (1px outset #808080)]
        RenderTableSection {TBODY} at (1,1) size 782x2010
          RenderTableRow {TR} at (0,2) size 782x92
            RenderTableCell {TD} at (2,30) size 33x36 [border: (1px inset #808080)] [r=0 c=0 rs=1 cs=1]
              RenderText {#text} at (12,11) size 9x14
                text run at (12,11) width 9: "A"
            RenderTableCell {TD} at (37,24) size 427x47 [border: (1px inset #808080)] [r=0 c=1 rs=1 cs=1]
              RenderImage {IMG} at (176,11) size 76x25
            RenderTableCell {TD} at (466,2) size 314x92 [border: (1px inset #808080)] [r=0 c=2 rs=1 cs=1]
              RenderText {#text} at (16,11) size 282x70
                text run at (16,11) width 282: "test test test test test test test test test test test test test test test"
                text run at (16,25) width 282: "test test test test test test test test test test test test test test test"
                text run at (16,39) width 282: "test test test test test test test test test test test test test test test"
                text run at (16,53) width 282: "test test test test test test test test test test test test test test test"
                text run at (16,67) width 282: "test test test test test test test test test test test test test test test"
          RenderTableRow {TR} at (0,96) size 782x92
            RenderTableCell {TD} at (2,124) size 33x36 [border: (1px inset #808080)] [r=1 c=0 rs=1 cs=1]
              RenderText {#text} at (12,11) size 9x14
                text run at (12,11) width 9: "B"
            RenderTableCell {TD} at (37,110) size 427x64 [border: (1px inset #808080)] [r=1 c=1 rs=1 cs=1]
              RenderImage {IMG} at (199,11) size 30x42
            RenderTableCell {TD} at (466,96) size 314x92 [border: (1px inset #808080)] [r=1 c=2 rs=1 cs=1]
              RenderText {#text} at (16,11) size 282x70
                text run at (16,11) width 282: "test test test test test test test test test test test test test test test"
                text run at (16,25) width 282: "test test test test test test test test test test test test test test test"
                text run at (16,39) width 282: "test test test test test test test test test test test test test test test"
                text run at (16,53) width 282: "test test test test test test test test test test test test test test test"
                text run at (16,67) width 282: "test test test test test test test test test test test test test test test"
          RenderTableRow {TR} at (0,190) size 782x160
            RenderTableCell {TD} at (2,252) size 33x36 [border: (1px inset #808080)] [r=2 c=0 rs=1 cs=1]
              RenderText {#text} at (12,11) size 9x14
                text run at (12,11) width 9: "C"
            RenderTableCell {TD} at (37,190) size 427x160 [border: (1px inset #808080)] [r=2 c=1 rs=1 cs=1]
              RenderImage {IMG} at (104,11) size 220x138
            RenderTableCell {TD} at (466,224) size 314x92 [border: (1px inset #808080)] [r=2 c=2 rs=1 cs=1]
              RenderText {#text} at (16,11) size 282x70
                text run at (16,11) width 282: "test test test test test test test test test test test test test test test"
                text run at (16,25) width 282: "test test test test test test test test test test test test test test test"
                text run at (16,39) width 282: "test test test test test test test test test test test test test test test"
                text run at (16,53) width 282: "test test test test test test test test test test test test test test test"
                text run at (16,67) width 282: "test test test test test test test test test test test test test test test"
          RenderTableRow {TR} at (0,352) size 782x107
            RenderTableCell {TD} at (2,387) size 33x36 [border: (1px inset #808080)] [r=3 c=0 rs=1 cs=1]
              RenderText {#text} at (12,11) size 9x14
                text run at (12,11) width 9: "D"
            RenderTableCell {TD} at (37,352) size 427x107 [border: (1px inset #808080)] [r=3 c=1 rs=1 cs=1]
              RenderImage {IMG} at (114,11) size 200x85
            RenderTableCell {TD} at (466,359) size 314x92 [border: (1px inset #808080)] [r=3 c=2 rs=1 cs=1]
              RenderText {#text} at (16,11) size 282x70
                text run at (16,11) width 282: "test test test test test test test test test test test test test test test"
                text run at (16,25) width 282: "test test test test test test test test test test test test test test test"
                text run at (16,39) width 282: "test test test test test test test test test test test test test test test"
                text run at (16,53) width 282: "test test test test test test test test test test test test test test test"
                text run at (16,67) width 282: "test test test test test test test test test test test test test test test"
          RenderTableRow {TR} at (0,461) size 782x92
            RenderTableCell {TD} at (2,489) size 33x36 [border: (1px inset #808080)] [r=4 c=0 rs=1 cs=1]
              RenderText {#text} at (13,11) size 7x14
                text run at (13,11) width 7: "E"
            RenderTableCell {TD} at (37,471) size 427x72 [border: (1px inset #808080)] [r=4 c=1 rs=1 cs=1]
              RenderImage {IMG} at (187,11) size 54x50
            RenderTableCell {TD} at (466,461) size 314x92 [border: (1px inset #808080)] [r=4 c=2 rs=1 cs=1]
              RenderText {#text} at (16,11) size 282x70
                text run at (16,11) width 282: "test test test test test test test test test test test test test test test"
                text run at (16,25) width 282: "test test test test test test test test test test test test test test test"
                text run at (16,39) width 282: "test test test test test test test test test test test test test test test"
                text run at (16,53) width 282: "test test test test test test test test test test test test test test test"
                text run at (16,67) width 282: "test test test test test test test test test test test test test test test"
          RenderTableRow {TR} at (0,555) size 782x92
            RenderTableCell {TD} at (2,583) size 33x36 [border: (1px inset #808080)] [r=5 c=0 rs=1 cs=1]
              RenderText {#text} at (13,11) size 7x14
                text run at (13,11) width 7: "F"
            RenderTableCell {TD} at (37,565) size 427x72 [border: (1px inset #808080)] [r=5 c=1 rs=1 cs=1]
              RenderImage {IMG} at (95,11) size 237x50
            RenderTableCell {TD} at (466,555) size 314x92 [border: (1px inset #808080)] [r=5 c=2 rs=1 cs=1]
              RenderText {#text} at (16,11) size 282x70
                text run at (16,11) width 282: "test test test test test test test test test test test test test test test"
                text run at (16,25) width 282: "test test test test test test test test test test test test test test test"
                text run at (16,39) width 282: "test test test test test test test test test test test test test test test"
                text run at (16,53) width 282: "test test test test test test test test test test test test test test test"
                text run at (16,67) width 282: "test test test test test test test test test test test test test test test"
          RenderTableRow {TR} at (0,649) size 782x92
            RenderTableCell {TD} at (2,677) size 33x36 [border: (1px inset #808080)] [r=6 c=0 rs=1 cs=1]
              RenderText {#text} at (12,11) size 9x14
                text run at (12,11) width 9: "G"
            RenderTableCell {TD} at (37,652) size 427x85 [border: (1px inset #808080)] [r=6 c=1 rs=1 cs=1]
              RenderImage {IMG} at (156,11) size 116x63
            RenderTableCell {TD} at (466,649) size 314x92 [border: (1px inset #808080)] [r=6 c=2 rs=1 cs=1]
              RenderText {#text} at (16,11) size 282x70
                text run at (16,11) width 282: "test test test test test test test test test test test test test test test"
                text run at (16,25) width 282: "test test test test test test test test test test test test test test test"
                text run at (16,39) width 282: "test test test test test test test test test test test test test test test"
                text run at (16,53) width 282: "test test test test test test test test test test test test test test test"
                text run at (16,67) width 282: "test test test test test test test test test test test test test test test"
          RenderTableRow {TR} at (0,743) size 782x92
            RenderTableCell {TD} at (2,771) size 33x36 [border: (1px inset #808080)] [r=7 c=0 rs=1 cs=1]
              RenderText {#text} at (12,11) size 9x14
                text run at (12,11) width 9: "H"
            RenderTableCell {TD} at (37,769) size 427x40 [border: (1px inset #808080)] [r=7 c=1 rs=1 cs=1]
              RenderImage {IMG} at (200,11) size 27x18
            RenderTableCell {TD} at (466,743) size 314x92 [border: (1px inset #808080)] [r=7 c=2 rs=1 cs=1]
              RenderText {#text} at (16,11) size 282x70
                text run at (16,11) width 282: "test test test test test test test test test test test test test test test"
                text run at (16,25) width 282: "test test test test test test test test test test test test test test test"
                text run at (16,39) width 282: "test test test test test test test test test test test test test test test"
                text run at (16,53) width 282: "test test test test test test test test test test test test test test test"
                text run at (16,67) width 282: "test test test test test test test test test test test test test test test"
          RenderTableRow {TR} at (0,837) size 782x92
            RenderTableCell {TD} at (2,865) size 33x36 [border: (1px inset #808080)] [r=8 c=0 rs=1 cs=1]
              RenderText {#text} at (14,11) size 5x14
                text run at (14,11) width 5: "I"
            RenderTableCell {TD} at (37,841) size 427x83 [border: (1px inset #808080)] [r=8 c=1 rs=1 cs=1]
              RenderImage {IMG} at (126,11) size 175x61
            RenderTableCell {TD} at (466,837) size 314x92 [border: (1px inset #808080)] [r=8 c=2 rs=1 cs=1]
              RenderText {#text} at (16,11) size 282x70
                text run at (16,11) width 282: "test test test test test test test test test test test test test test test"
                text run at (16,25) width 282: "test test test test test test test test test test test test test test test"
                text run at (16,39) width 282: "test test test test test test test test test test test test test test test"
                text run at (16,53) width 282: "test test test test test test test test test test test test test test test"
                text run at (16,67) width 282: "test test test test test test test test test test test test test test test"
          RenderTableRow {TR} at (0,931) size 782x122
            RenderTableCell {TD} at (2,974) size 33x36 [border: (1px inset #808080)] [r=9 c=0 rs=1 cs=1]
              RenderText {#text} at (14,11) size 5x14
                text run at (14,11) width 5: "J"
            RenderTableCell {TD} at (37,931) size 427x122 [border: (1px inset #808080)] [r=9 c=1 rs=1 cs=1]
              RenderImage {IMG} at (11,11) size 405x100
            RenderTableCell {TD} at (466,946) size 314x92 [border: (1px inset #808080)] [r=9 c=2 rs=1 cs=1]
              RenderText {#text} at (16,11) size 282x70
                text run at (16,11) width 282: "test test test test test test test test test test test test test test test"
                text run at (16,25) width 282: "test test test test test test test test test test test test test test test"
                text run at (16,39) width 282: "test test test test test test test test test test test test test test test"
                text run at (16,53) width 282: "test test test test test test test test test test test test test test test"
                text run at (16,67) width 282: "test test test test test test test test test test test test test test test"
          RenderTableRow {TR} at (0,1055) size 782x92
            RenderTableCell {TD} at (2,1083) size 33x36 [border: (1px inset #808080)] [r=10 c=0 rs=1 cs=1]
              RenderText {#text} at (12,11) size 9x14
                text run at (12,11) width 9: "K"
            RenderTableCell {TD} at (37,1065) size 427x72 [border: (1px inset #808080)] [r=10 c=1 rs=1 cs=1]
              RenderImage {IMG} at (78,11) size 272x50
            RenderTableCell {TD} at (466,1055) size 314x92 [border: (1px inset #808080)] [r=10 c=2 rs=1 cs=1]
              RenderText {#text} at (16,11) size 282x70
                text run at (16,11) width 282: "test test test test test test test test test test test test test test test"
                text run at (16,25) width 282: "test test test test test test test test test test test test test test test"
                text run at (16,39) width 282: "test test test test test test test test test test test test test test test"
                text run at (16,53) width 282: "test test test test test test test test test test test test test test test"
                text run at (16,67) width 282: "test test test test test test test test test test test test test test test"
          RenderTableRow {TR} at (0,1149) size 782x92
            RenderTableCell {TD} at (2,1177) size 33x36 [border: (1px inset #808080)] [r=11 c=0 rs=1 cs=1]
              RenderText {#text} at (12,11) size 9x14
                text run at (12,11) width 9: "K"
            RenderTableCell {TD} at (37,1160) size 427x69 [border: (1px inset #808080)] [r=11 c=1 rs=1 cs=1]
              RenderImage {IMG} at (168,11) size 91x47
            RenderTableCell {TD} at (466,1149) size 314x92 [border: (1px inset #808080)] [r=11 c=2 rs=1 cs=1]
              RenderText {#text} at (16,11) size 282x70
                text run at (16,11) width 282: "test test test test test test test test test test test test test test test"
                text run at (16,25) width 282: "test test test test test test test test test test test test test test test"
                text run at (16,39) width 282: "test test test test test test test test test test test test test test test"
                text run at (16,53) width 282: "test test test test test test test test test test test test test test test"
                text run at (16,67) width 282: "test test test test test test test test test test test test test test test"
          RenderTableRow {TR} at (0,1243) size 782x92
            RenderTableCell {TD} at (2,1271) size 33x36 [border: (1px inset #808080)] [r=12 c=0 rs=1 cs=1]
              RenderText {#text} at (13,11) size 7x14
                text run at (13,11) width 7: "L"
            RenderTableCell {TD} at (37,1245) size 427x88 [border: (1px inset #808080)] [r=12 c=1 rs=1 cs=1]
              RenderImage {IMG} at (89,11) size 250x66
            RenderTableCell {TD} at (466,1243) size 314x92 [border: (1px inset #808080)] [r=12 c=2 rs=1 cs=1]
              RenderText {#text} at (16,11) size 282x70
                text run at (16,11) width 282: "test test test test test test test test test test test test test test test"
                text run at (16,25) width 282: "test test test test test test test test test test test test test test test"
                text run at (16,39) width 282: "test test test test test test test test test test test test test test test"
                text run at (16,53) width 282: "test test test test test test test test test test test test test test test"
                text run at (16,67) width 282: "test test test test test test test test test test test test test test test"
          RenderTableRow {TR} at (0,1337) size 782x92
            RenderTableCell {TD} at (2,1365) size 33x36 [border: (1px inset #808080)] [r=13 c=0 rs=1 cs=1]
              RenderText {#text} at (11,11) size 11x14
                text run at (11,11) width 11: "M"
            RenderTableCell {TD} at (37,1350) size 427x66 [border: (1px inset #808080)] [r=13 c=1 rs=1 cs=1]
              RenderImage {IMG} at (163,11) size 101x44
            RenderTableCell {TD} at (466,1337) size 314x92 [border: (1px inset #808080)] [r=13 c=2 rs=1 cs=1]
              RenderText {#text} at (16,11) size 282x70
                text run at (16,11) width 282: "test test test test test test test test test test test test test test test"
                text run at (16,25) width 282: "test test test test test test test test test test test test test test test"
                text run at (16,39) width 282: "test test test test test test test test test test test test test test test"
                text run at (16,53) width 282: "test test test test test test test test test test test test test test test"
                text run at (16,67) width 282: "test test test test test test test test test test test test test test test"
          RenderTableRow {TR} at (0,1431) size 782x92
            RenderTableCell {TD} at (2,1459) size 33x36 [border: (1px inset #808080)] [r=14 c=0 rs=1 cs=1]
              RenderText {#text} at (12,11) size 9x14
                text run at (12,11) width 9: "N"
            RenderTableCell {TD} at (37,1459) size 427x35 [border: (1px inset #808080)] [r=14 c=1 rs=1 cs=1]
              RenderImage {IMG} at (201,11) size 25x13
            RenderTableCell {TD} at (466,1431) size 314x92 [border: (1px inset #808080)] [r=14 c=2 rs=1 cs=1]
              RenderText {#text} at (16,11) size 282x70
                text run at (16,11) width 282: "test test test test test test test test test test test test test test test"
                text run at (16,25) width 282: "test test test test test test test test test test test test test test test"
                text run at (16,39) width 282: "test test test test test test test test test test test test test test test"
                text run at (16,53) width 282: "test test test test test test test test test test test test test test test"
                text run at (16,67) width 282: "test test test test test test test test test test test test test test test"
          RenderTableRow {TR} at (0,1525) size 782x92
            RenderTableCell {TD} at (2,1553) size 33x36 [border: (1px inset #808080)] [r=15 c=0 rs=1 cs=1]
              RenderText {#text} at (12,11) size 9x14
                text run at (12,11) width 9: "O"
            RenderTableCell {TD} at (37,1532) size 427x78 [border: (1px inset #808080)] [r=15 c=1 rs=1 cs=1]
              RenderImage {IMG} at (87,11) size 253x56
            RenderTableCell {TD} at (466,1525) size 314x92 [border: (1px inset #808080)] [r=15 c=2 rs=1 cs=1]
              RenderText {#text} at (16,11) size 282x70
                text run at (16,11) width 282: "test test test test test test test test test test test test test test test"
                text run at (16,25) width 282: "test test test test test test test test test test test test test test test"
                text run at (16,39) width 282: "test test test test test test test test test test test test test test test"
                text run at (16,53) width 282: "test test test test test test test test test test test test test test test"
                text run at (16,67) width 282: "test test test test test test test test test test test test test test test"
          RenderTableRow {TR} at (0,1619) size 782x103
            RenderTableCell {TD} at (2,1652) size 33x36 [border: (1px inset #808080)] [r=16 c=0 rs=1 cs=1]
              RenderText {#text} at (13,11) size 7x14
                text run at (13,11) width 7: "P"
            RenderTableCell {TD} at (37,1619) size 427x103 [border: (1px inset #808080)] [r=16 c=1 rs=1 cs=1]
              RenderImage {IMG} at (134,11) size 159x81
            RenderTableCell {TD} at (466,1624) size 314x92 [border: (1px inset #808080)] [r=16 c=2 rs=1 cs=1]
              RenderText {#text} at (16,11) size 282x70
                text run at (16,11) width 282: "test test test test test test test test test test test test test test test"
                text run at (16,25) width 282: "test test test test test test test test test test test test test test test"
                text run at (16,39) width 282: "test test test test test test test test test test test test test test test"
                text run at (16,53) width 282: "test test test test test test test test test test test test test test test"
                text run at (16,67) width 282: "test test test test test test test test test test test test test test test"
          RenderTableRow {TR} at (0,1724) size 782x130
            RenderTableCell {TD} at (2,1771) size 33x36 [border: (1px inset #808080)] [r=17 c=0 rs=1 cs=1]
              RenderText {#text} at (12,11) size 9x14
                text run at (12,11) width 9: "Q"
            RenderTableCell {TD} at (37,1724) size 427x130 [border: (1px inset #808080)] [r=17 c=1 rs=1 cs=1]
              RenderImage {IMG} at (107,11) size 213x108
            RenderTableCell {TD} at (466,1743) size 314x92 [border: (1px inset #808080)] [r=17 c=2 rs=1 cs=1]
              RenderText {#text} at (16,11) size 282x70
                text run at (16,11) width 282: "test test test test test test test test test test test test test test test"
                text run at (16,25) width 282: "test test test test test test test test test test test test test test test"
                text run at (16,39) width 282: "test test test test test test test test test test test test test test test"
                text run at (16,53) width 282: "test test test test test test test test test test test test test test test"
                text run at (16,67) width 282: "test test test test test test test test test test test test test test test"
          RenderTableRow {TR} at (0,1856) size 782x152
            RenderTableCell {TD} at (2,1914) size 33x36 [border: (1px inset #808080)] [r=18 c=0 rs=1 cs=1]
              RenderText {#text} at (12,11) size 9x14
                text run at (12,11) width 9: "R"
            RenderTableCell {TD} at (37,1856) size 427x152 [border: (1px inset #808080)] [r=18 c=1 rs=1 cs=1]
              RenderImage {IMG} at (42,11) size 344x130
            RenderTableCell {TD} at (466,1886) size 314x92 [border: (1px inset #808080)] [r=18 c=2 rs=1 cs=1]
              RenderText {#text} at (16,11) size 282x70
                text run at (16,11) width 282: "test test test test test test test test test test test test test test test"
                text run at (16,25) width 282: "test test test test test test test test test test test test test test test"
                text run at (16,39) width 282: "test test test test test test test test test test test test test test test"
                text run at (16,53) width 282: "test test test test test test test test test test test test test test test"
                text run at (16,67) width 282: "test test test test test test test test test test test test test test test"
