layer at (0,0) size 800x600
  RenderView at (0,0) size 800x600
layer at (0,0) size 800x600
  RenderBlock {HTML} at (0,0) size 800x600
    RenderBody {BODY} at (8,8) size 784x584
      RenderTable {TABLE} at (0,0) size 50x96
        RenderBlock {CAPTION} at (0,0) size 50x76
          RenderTable {TABLE} at (0,0) size 50x76
            RenderTableSection {TBODY} at (0,0) size 50x76
              RenderTableRow {TR} at (0,2) size 50x72
                RenderTableCell {TD} at (2,2) size 46x72 [r=0 c=0 rs=1 cs=1]
                  RenderText {#text} at (1,1) size 39x70
                    text run at (1,1) width 39: "Another"
                    text run at (1,15) width 22: "table"
                    text run at (1,29) width 28: "inside"
                    text run at (1,43) width 14: "the"
                    text run at (1,57) width 34: "caption"
        RenderTableSection {TBODY} at (0,76) size 50x20
          RenderTableRow {TR} at (0,2) size 50x16
            RenderTableCell {TD} at (2,2) size 46x16 [r=0 c=0 rs=1 cs=1]
              RenderText {#text} at (1,1) size 44x14
                text run at (1,1) width 44: "First row"
