layer at (0,0) size 800x600
  RenderView at (0,0) size 800x600
layer at (0,0) size 800x600
  RenderBlock {HTML} at (0,0) size 800x600
    RenderBody {BODY} at (8,8) size 784x580
      RenderTable {TABLE} at (0,0) size 361x24 [border: (3px outset #808080)]
        RenderTableSection {TBODY} at (3,3) size 355x18
          RenderTableRow {TR} at (0,0) size 355x18
            RenderTableCell {TD} at (0,0) size 51x18 [border: (1px inset #808080)] [r=0 c=0 rs=1 cs=1]
              RenderText {#text} at (2,2) size 47x14
                text run at (2,2) width 47: "fieldLabel"
            RenderTableCell {TD} at (51,0) size 304x18 [border: (1px inset #808080)] [r=0 c=1 rs=1 cs=1]
              RenderText {#text} at (2,2) size 79x14
                text run at (2,2) width 79: "   InspectionText"
      RenderBlock {FORM} at (0,24) size 784x40
        RenderButton {INPUT} at (2,2) size 125x36 [color=#202020]
          RenderBlock (anonymous) at (15,8) size 95x18
            RenderText at (0,0) size 95x17
              text run at (0,0) width 95: "change width"
        RenderText {#text} at (129,13) size 3x14
          text run at (129,13) width 3: " "
        RenderButton {INPUT} at (134,2) size 244x36 [color=#202020]
          RenderBlock (anonymous) at (15,8) size 214x18
            RenderText at (0,0) size 214x17
              text run at (0,0) width 214: "change width with table reflow"
        RenderText {#text} at (0,0) size 0x0
