layer at (0,0) size 800x600
  RenderView at (0,0) size 800x600
layer at (0,0) size 800x600
  RenderBlock {HTML} at (0,0) size 800x600
    RenderBody {BODY} at (8,8) size 784x580
      RenderBlock {DIV} at (0,0) size 784x170
        RenderBlock {P} at (0,0) size 784x14
          RenderText {#text} at (265,0) size 254x14
            text run at (265,0) width 254: "Tables I, II, III, IV (cellpadding=0 cellspacing=5)"
        RenderTable {TABLE} at (227,26) size 330x144 [bgcolor=#FFCC00] [border: (1px outset #808080)]
          RenderTableSection {TBODY} at (1,1) size 328x142
            RenderTableRow {TR} at (0,2) size 328x138
              RenderTableCell {TD} at (2,2) size 85x138 [border: (1px inset #808080)] [r=0 c=0 rs=1 cs=1]
                RenderTable {TABLE} at (6,6) size 73x126 [bgcolor=#FFFFFF] [border: (1px outset #808080)]
                  RenderBlock {CAPTION} at (0,0) size 71x14
                    RenderInline {NOBR} at (0,0) size 33x14
                      RenderText {#text} at (19,0) size 33x14
                        text run at (19,0) width 33: "Table I"
                  RenderTableSection {TBODY} at (1,15) size 71x110
                    RenderTableRow {TR} at (0,5) size 71x16
                      RenderTableCell {TD} at (5,5) size 17x16 [border: (1px inset #808080)] [r=0 c=0 rs=1 cs=1]
                        RenderText {#text} at (1,1) size 15x14
                          text run at (1,1) width 15: "1,1"
                      RenderTableCell {TD} at (27,5) size 17x16 [border: (1px inset #808080)] [r=0 c=1 rs=1 cs=1]
                        RenderText {#text} at (1,1) size 15x14
                          text run at (1,1) width 15: "1,2"
                      RenderTableCell {TD} at (49,5) size 17x16 [border: (1px inset #808080)] [r=0 c=2 rs=1 cs=1]
                        RenderText {#text} at (1,1) size 15x14
                          text run at (1,1) width 15: "1,3"
                    RenderTableRow {TR} at (0,26) size 71x16
                      RenderTableCell {TD} at (5,26) size 17x16 [border: (1px inset #808080)] [r=1 c=0 rs=1 cs=1]
                        RenderText {#text} at (1,1) size 15x14
                          text run at (1,1) width 15: "2,1"
                      RenderTableCell {TD} at (27,26) size 17x16 [border: (1px inset #808080)] [r=1 c=1 rs=1 cs=1]
                        RenderText {#text} at (1,1) size 15x14
                          text run at (1,1) width 15: "2,2"
                      RenderTableCell {TD} at (49,26) size 17x16 [bgcolor=#FFFF66] [border: (1px inset #808080)] [r=1 c=2 rs=1 cs=1]
                        RenderText {#text} at (1,1) size 15x14
                          text run at (1,1) width 15: "2,3"
                    RenderTableRow {TR} at (0,47) size 71x16
                      RenderTableCell {TD} at (5,47) size 17x16 [border: (1px inset #808080)] [r=2 c=0 rs=1 cs=1]
                        RenderText {#text} at (1,1) size 15x14
                          text run at (1,1) width 15: "3,1"
                      RenderTableCell {TD} at (27,47) size 17x16 [border: (1px inset #808080)] [r=2 c=1 rs=1 cs=1]
                        RenderText {#text} at (1,1) size 15x14
                          text run at (1,1) width 15: "3,2"
                      RenderTableCell {TD} at (49,47) size 17x16 [bgcolor=#FFFF66] [border: (1px inset #808080)] [r=2 c=2 rs=1 cs=1]
                        RenderText {#text} at (1,1) size 15x14
                          text run at (1,1) width 15: "3,3"
                    RenderTableRow {TR} at (0,68) size 71x16
                      RenderTableCell {TD} at (5,68) size 17x16 [border: (1px inset #808080)] [r=3 c=0 rs=1 cs=1]
                        RenderText {#text} at (1,1) size 15x14
                          text run at (1,1) width 15: "4,1"
                      RenderTableCell {TD} at (27,68) size 17x16 [border: (1px inset #808080)] [r=3 c=1 rs=1 cs=1]
                        RenderText {#text} at (1,1) size 15x14
                          text run at (1,1) width 15: "4,2"
                      RenderTableCell {TD} at (49,68) size 17x16 [bgcolor=#FFFF66] [border: (1px inset #808080)] [r=3 c=2 rs=1 cs=1]
                        RenderText {#text} at (1,1) size 15x14
                          text run at (1,1) width 15: "4,3"
                    RenderTableRow {TR} at (0,89) size 71x16
                      RenderTableCell {TD} at (5,89) size 17x16 [border: (1px inset #808080)] [r=4 c=0 rs=1 cs=1]
                        RenderText {#text} at (1,1) size 15x14
                          text run at (1,1) width 15: "5,1"
                      RenderTableCell {TD} at (27,89) size 17x16 [border: (1px inset #808080)] [r=4 c=1 rs=1 cs=1]
                        RenderText {#text} at (1,1) size 15x14
                          text run at (1,1) width 15: "5,2"
                      RenderTableCell {TD} at (49,89) size 17x16 [border: (1px inset #808080)] [r=4 c=2 rs=1 cs=1]
                        RenderText {#text} at (1,1) size 15x14
                          text run at (1,1) width 15: "5,3"
              RenderTableCell {TD} at (89,2) size 85x138 [border: (1px inset #808080)] [r=0 c=1 rs=1 cs=1]
                RenderTable {TABLE} at (6,6) size 73x126 [bgcolor=#FFFFFF] [border: (1px outset #808080)]
                  RenderBlock {CAPTION} at (0,0) size 71x14
                    RenderInline {NOBR} at (0,0) size 37x14
                      RenderText {#text} at (17,0) size 37x14
                        text run at (17,0) width 37: "Table II"
                  RenderTableSection {TBODY} at (1,15) size 71x110
                    RenderTableRow {TR} at (0,5) size 71x16
                      RenderTableCell {TD} at (5,5) size 17x16 [border: (1px inset #808080)] [r=0 c=0 rs=1 cs=1]
                        RenderText {#text} at (1,1) size 15x14
                          text run at (1,1) width 15: "1,1"
                      RenderTableCell {TD} at (27,5) size 17x16 [border: (1px inset #808080)] [r=0 c=1 rs=1 cs=1]
                        RenderText {#text} at (1,1) size 15x14
                          text run at (1,1) width 15: "1,2"
                      RenderTableCell {TD} at (49,5) size 17x16 [border: (1px inset #808080)] [r=0 c=2 rs=1 cs=1]
                        RenderText {#text} at (1,1) size 15x14
                          text run at (1,1) width 15: "1,3"
                    RenderTableRow {TR} at (0,26) size 71x16
                      RenderTableCell {TD} at (5,26) size 17x16 [border: (1px inset #808080)] [r=1 c=0 rs=1 cs=1]
                        RenderText {#text} at (1,1) size 15x14
                          text run at (1,1) width 15: "2,1"
                      RenderTableCell {TD} at (27,36) size 17x16 [border: (1px inset #808080)] [r=1 c=1 rs=2 cs=1]
                        RenderText {#text} at (1,1) size 15x14
                          text run at (1,1) width 15: "2,2"
                      RenderTableCell {TD} at (49,26) size 17x16 [bgcolor=#FFFF66] [border: (1px inset #808080)] [r=1 c=2 rs=1 cs=1]
                        RenderText {#text} at (1,1) size 15x14
                          text run at (1,1) width 15: "2,3"
                    RenderTableRow {TR} at (0,47) size 71x16
                      RenderTableCell {TD} at (5,57) size 17x16 [border: (1px inset #808080)] [r=2 c=0 rs=2 cs=1]
                        RenderText {#text} at (1,1) size 15x14
                          text run at (1,1) width 15: "3,1"
                      RenderTableCell {TD} at (49,47) size 17x16 [bgcolor=#FFFF66] [border: (1px inset #808080)] [r=2 c=2 rs=1 cs=1]
                        RenderText {#text} at (1,1) size 15x14
                          text run at (1,1) width 15: "3,3"
                    RenderTableRow {TR} at (0,68) size 71x16
                      RenderTableCell {TD} at (27,68) size 17x16 [border: (1px inset #808080)] [r=3 c=1 rs=1 cs=1]
                        RenderText {#text} at (1,1) size 15x14
                          text run at (1,1) width 15: "4,2"
                      RenderTableCell {TD} at (49,68) size 17x16 [bgcolor=#FFFF66] [border: (1px inset #808080)] [r=3 c=2 rs=1 cs=1]
                        RenderText {#text} at (1,1) size 15x14
                          text run at (1,1) width 15: "4,3"
                    RenderTableRow {TR} at (0,89) size 71x16
                      RenderTableCell {TD} at (5,89) size 17x16 [border: (1px inset #808080)] [r=4 c=0 rs=1 cs=1]
                        RenderText {#text} at (1,1) size 15x14
                          text run at (1,1) width 15: "5,1"
                      RenderTableCell {TD} at (27,89) size 17x16 [border: (1px inset #808080)] [r=4 c=1 rs=1 cs=1]
                        RenderText {#text} at (1,1) size 15x14
                          text run at (1,1) width 15: "5,2"
                      RenderTableCell {TD} at (49,89) size 17x16 [border: (1px inset #808080)] [r=4 c=2 rs=1 cs=1]
                        RenderText {#text} at (1,1) size 15x14
                          text run at (1,1) width 15: "5,3"
              RenderTableCell {TD} at (176,2) size 85x124 [border: (1px inset #808080)] [r=0 c=2 rs=1 cs=1]
                RenderTable {TABLE} at (6,6) size 73x112 [bgcolor=#FFFFFF] [border: (1px outset #808080)]
                  RenderBlock {CAPTION} at (0,0) size 71x14
                    RenderInline {NOBR} at (0,0) size 41x14
                      RenderText {#text} at (15,0) size 41x14
                        text run at (15,0) width 41: "Table III"
                  RenderTableSection {TBODY} at (1,15) size 71x96
                    RenderTableRow {TR} at (0,5) size 71x16
                      RenderTableCell {TD} at (5,5) size 17x16 [border: (1px inset #808080)] [r=0 c=0 rs=1 cs=1]
                        RenderText {#text} at (1,1) size 15x14
                          text run at (1,1) width 15: "1,1"
                      RenderTableCell {TD} at (27,5) size 17x16 [border: (1px inset #808080)] [r=0 c=1 rs=1 cs=1]
                        RenderText {#text} at (1,1) size 15x14
                          text run at (1,1) width 15: "1,2"
                      RenderTableCell {TD} at (49,5) size 17x16 [border: (1px inset #808080)] [r=0 c=2 rs=1 cs=1]
                        RenderText {#text} at (1,1) size 15x14
                          text run at (1,1) width 15: "1,3"
                    RenderTableRow {TR} at (0,26) size 71x16
                      RenderTableCell {TD} at (5,26) size 17x16 [border: (1px inset #808080)] [r=1 c=0 rs=1 cs=1]
                        RenderText {#text} at (1,1) size 15x14
                          text run at (1,1) width 15: "2,1"
                      RenderTableCell {TD} at (27,29) size 17x16 [border: (1px inset #808080)] [r=1 c=1 rs=2 cs=1]
                        RenderText {#text} at (1,1) size 15x14
                          text run at (1,1) width 15: "2,2"
                      RenderTableCell {TD} at (49,33) size 17x2 [bgcolor=#FFFF66] [border: (1px inset #808080)] [r=1 c=2 rs=1 cs=1]
                    RenderTableRow {TR} at (0,47) size 71x2
                      RenderTableCell {TD} at (5,50) size 17x16 [border: (1px inset #808080)] [r=2 c=0 rs=2 cs=1]
                        RenderText {#text} at (1,1) size 15x14
                          text run at (1,1) width 15: "3,1"
                      RenderTableCell {TD} at (49,47) size 17x2 [bgcolor=#FFFF66] [border: (1px inset #808080)] [r=2 c=2 rs=1 cs=1]
                    RenderTableRow {TR} at (0,54) size 71x16
                      RenderTableCell {TD} at (27,54) size 17x16 [border: (1px inset #808080)] [r=3 c=1 rs=1 cs=1]
                        RenderText {#text} at (1,1) size 15x14
                          text run at (1,1) width 15: "4,2"
                      RenderTableCell {TD} at (49,61) size 17x2 [bgcolor=#FFFF66] [border: (1px inset #808080)] [r=3 c=2 rs=1 cs=1]
                    RenderTableRow {TR} at (0,75) size 71x16
                      RenderTableCell {TD} at (5,75) size 17x16 [border: (1px inset #808080)] [r=4 c=0 rs=1 cs=1]
                        RenderText {#text} at (1,1) size 15x14
                          text run at (1,1) width 15: "5,1"
                      RenderTableCell {TD} at (27,75) size 17x16 [border: (1px inset #808080)] [r=4 c=1 rs=1 cs=1]
                        RenderText {#text} at (1,1) size 15x14
                          text run at (1,1) width 15: "5,2"
                      RenderTableCell {TD} at (49,75) size 17x16 [border: (1px inset #808080)] [r=4 c=2 rs=1 cs=1]
                        RenderText {#text} at (1,1) size 15x14
                          text run at (1,1) width 15: "5,3"
              RenderTableCell {TD} at (263,2) size 63x122 [border: (1px inset #808080)] [r=0 c=3 rs=1 cs=1]
                RenderTable {TABLE} at (6,6) size 51x110 [bgcolor=#FFFFFF] [border: (1px outset #808080)]
                  RenderBlock {CAPTION} at (0,0) size 49x14
                    RenderInline {NOBR} at (0,0) size 43x14
                      RenderText {#text} at (3,0) size 43x14
                        text run at (3,0) width 43: "Table IV"
                  RenderTableSection {TBODY} at (1,15) size 49x94
                    RenderTableRow {TR} at (0,5) size 49x16
                      RenderTableCell {TD} at (5,5) size 17x16 [border: (1px inset #808080)] [r=0 c=0 rs=1 cs=1]
                        RenderText {#text} at (1,1) size 15x14
                          text run at (1,1) width 15: "1,1"
                      RenderTableCell {TD} at (27,5) size 17x16 [border: (1px inset #808080)] [r=0 c=1 rs=1 cs=1]
                        RenderText {#text} at (1,1) size 15x14
                          text run at (1,1) width 15: "1,2"
                    RenderTableRow {TR} at (0,26) size 49x16
                      RenderTableCell {TD} at (5,26) size 17x16 [border: (1px inset #808080)] [r=1 c=0 rs=1 cs=1]
                        RenderText {#text} at (1,1) size 15x14
                          text run at (1,1) width 15: "2,1"
                      RenderTableCell {TD} at (27,28) size 17x16 [border: (1px inset #808080)] [r=1 c=1 rs=2 cs=1]
                        RenderText {#text} at (1,1) size 15x14
                          text run at (1,1) width 15: "2,2"
                    RenderTableRow {TR} at (0,47) size 49x0
                      RenderTableCell {TD} at (5,49) size 17x16 [border: (1px inset #808080)] [r=2 c=0 rs=2 cs=1]
                        RenderText {#text} at (1,1) size 15x14
                          text run at (1,1) width 15: "3,1"
                    RenderTableRow {TR} at (0,52) size 49x16
                      RenderTableCell {TD} at (27,52) size 17x16 [border: (1px inset #808080)] [r=3 c=1 rs=1 cs=1]
                        RenderText {#text} at (1,1) size 15x14
                          text run at (1,1) width 15: "4,2"
                    RenderTableRow {TR} at (0,73) size 49x16
                      RenderTableCell {TD} at (5,73) size 17x16 [border: (1px inset #808080)] [r=4 c=0 rs=1 cs=1]
                        RenderText {#text} at (1,1) size 15x14
                          text run at (1,1) width 15: "5,1"
                      RenderTableCell {TD} at (27,73) size 17x16 [border: (1px inset #808080)] [r=4 c=1 rs=1 cs=1]
                        RenderText {#text} at (1,1) size 15x14
                          text run at (1,1) width 15: "5,2"
      RenderBlock {HR} at (0,176) size 784x2 [border: (1px inset #000000)]
      RenderBlock {P} at (0,190) size 784x14
        RenderInline {B} at (0,0) size 424x14
          RenderText {#text} at (180,0) size 424x14
            text run at (180,0) width 424: "This demonstrates a problem with \"overlapping rowspan cells\" (look at Table IV)."
      RenderBlock {P} at (0,216) size 784x14
        RenderInline {B} at (0,0) size 41x14
          RenderText {#text} at (0,0) size 41x14
            text run at (0,0) width 41: "Table I:"
        RenderText {#text} at (41,0) size 90x14
          text run at (41,0) width 90: " a regular 5x3 table"
      RenderBlock {P} at (0,242) size 784x14
        RenderInline {B} at (0,0) size 46x14
          RenderText {#text} at (0,0) size 46x14
            text run at (0,0) width 46: "Table II:"
        RenderText {#text} at (46,0) size 302x14
          text run at (46,0) width 302: " introduces rowspan=2 for cells (2,2) and (3,1), which 'overlap'."
      RenderBlock {P} at (0,268) size 784x42
        RenderInline {B} at (0,0) size 51x14
          RenderText {#text} at (0,0) size 51x14
            text run at (0,0) width 51: "Table III:"
        RenderText {#text} at (51,0) size 777x42
          text run at (51,0) width 726: " is Table II, but cells (2,3),(3,3) and (4,3) now have 'empty' contents; the resulting table is still OK. Note that the height of (2,3) and (4,3) is determined by"
          text run at (0,14) width 747: "cells (2,1) and (4,2) respectively, whereas (3,3) has ~0 height since no 'effective' cell in the row has any definite height requirement (except for border, margin,"
          text run at (0,28) width 105: "padding if applicable)."
      RenderBlock {P} at (0,322) size 784x28
        RenderInline {B} at (0,0) size 50x14
          RenderText {#text} at (0,0) size 50x14
            text run at (0,0) width 50: "Table IV:"
        RenderText {#text} at (50,0) size 770x28
          text run at (50,0) width 720: " is Table III, but column 3 has been removed (cells (1,3),(2,3),(3,3),(4,3),(5,3)). This should mirror the first two columns of Table III (but currently does"
          text run at (0,14) width 22: "not)."
      RenderBlock {P} at (0,362) size 784x14
        RenderText {#text} at (0,0) size 693x14
          text run at (0,0) width 693: "Note that cells (2,2) and (3,1) are still in the correct position, with the same size as Table III, but that their cellspacing with (5,1) and (4,2) is absent."
      RenderBlock {P} at (0,388) size 784x14
        RenderText {#text} at (0,0) size 361x14
          text run at (0,0) width 361: "Tested with Apr25, M4 and 1999051109 (win95, opt.) Dated: May 11 1999"
