layer at (0,0) size 800x600
  RenderView at (0,0) size 800x600
layer at (0,0) size 800x66
  RenderBlock {HTML} at (0,0) size 800x66
    RenderBody {BODY} at (8,8) size 784x50
      RenderTable {TABLE} at (0,0) size 279x50 [border: (1px outset #808080)]
        RenderTableSection {TBODY} at (1,1) size 277x48
          RenderTableRow {TR} at (0,0) size 277x16
            RenderTableCell {TD} at (0,16) size 5x16 [bgcolor=#CCCCCC] [border: (1px inset #808080)] [r=0 c=0 rs=3 cs=1]
              RenderText {#text} at (1,1) size 3x14
                text run at (1,1) width 3: " "
            RenderTableCell {TD} at (5,0) size 267x16 [border: (1px inset #808080)] [r=0 c=1 rs=1 cs=1]
              RenderText {#text} at (1,1) size 265x14
                text run at (1,1) width 265: "This row has two cells with rowspans and a middle cell."
            RenderTableCell {TD} at (272,16) size 5x16 [bgcolor=#CCCCCC] [border: (1px inset #808080)] [r=0 c=2 rs=3 cs=1]
              RenderText {#text} at (1,1) size 3x14
                text run at (1,1) width 3: " "
          RenderTableRow {TR} at (0,16) size 277x16
            RenderTableCell {TD} at (5,16) size 267x16 [bgcolor=#0000FF] [border: (1px inset #808080)] [r=1 c=1 rs=1 cs=1]
              RenderText {#text} at (1,1) size 121x14
                text run at (1,1) width 121: "This cell is coloured blue."
          RenderTableRow {TR} at (0,32) size 277x16 [bgcolor=#FF0000]
            RenderTableCell {TD} at (5,32) size 267x16 [border: (1px inset #808080)] [r=2 c=1 rs=1 cs=1]
              RenderText {#text} at (1,1) size 119x14
                text run at (1,1) width 119: "This row is coloured red."
