layer at (0,0) size 800x600
  RenderView at (0,0) size 800x600
layer at (0,0) size 800x600
  RenderBlock {HTML} at (0,0) size 800x600
    RenderBody {BODY} at (8,8) size 784x580
      RenderBlock {P} at (0,0) size 784x14
        RenderText {#text} at (0,0) size 350x14
          text run at (0,0) width 350: "This test case creates a TR element then tries to assign to the cells property"
      RenderBlock {P} at (0,26) size 784x44
        RenderText {#text} at (0,15) size 31x14
          text run at (0,15) width 31: "Crash "
        RenderButton {BUTTON} at (33,2) size 136x40 [bgcolor=#C0C0C0] [border: (2px outset #C0C0C0)]
          RenderBlock (anonymous) at (17,10) size 102x18
            RenderText {#text} at (0,0) size 102x17
              text run at (0,0) width 102: "TR.cells = null"
        RenderText {#text} at (0,0) size 0x0
