layer at (0,0) size 800x600
  RenderView at (0,0) size 800x600
layer at (0,0) size 800x600
  RenderBlock {HTML} at (0,0) size 800x600
    RenderBody {BODY} at (8,8) size 784x584
      RenderTable {TABLE} at (0,0) size 735x38 [border: (1px outset #808080)]
        RenderTableSection {TBODY} at (1,1) size 733x36
          RenderTableRow {TR} at (0,0) size 733x18
            RenderTableCell {TD} at (0,0) size 733x18 [border: (1px inset #808080)] [r=0 c=0 rs=1 cs=2]
              RenderText {#text} at (2,2) size 729x14
                text run at (2,2) width 120: "The Supreme Court says "
                text run at (122,2) width 369: "Wisconsin can continue using tuition vouchers to help poor parents send their "
                text run at (491,2) width 150: "children to church-run schools. "
                text run at (641,2) width 90: "What's your stand?"
          RenderTableRow {TR} at (0,18) size 733x18
            RenderTableCell {TD} at (0,18) size 366x18 [border: (1px inset #808080)] [r=1 c=0 rs=1 cs=1]
              RenderText {#text} at (2,2) size 23x14
                text run at (2,2) width 23: "hello"
            RenderTableCell {TD} at (366,18) size 367x18 [border: (1px inset #808080)] [r=1 c=1 rs=1 cs=1]
              RenderText {#text} at (2,2) size 23x14
                text run at (2,2) width 23: "hello"
      RenderBlock (anonymous) at (0,38) size 784x14
        RenderBR {BR} at (0,0) size 0x14
      RenderTable {TABLE} at (0,52) size 600x34 [border: (1px outset #808080)]
        RenderTableSection {TBODY} at (1,1) size 598x32
          RenderTableRow {TR} at (0,0) size 598x32
            RenderTableCell {TD} at (0,7) size 27x18 [border: (1px inset #808080)] [r=0 c=0 rs=1 cs=1]
              RenderText {#text} at (2,2) size 23x14
                text run at (2,2) width 23: "hello"
            RenderTableCell {TD} at (27,0) size 571x32 [border: (1px inset #808080)] [r=0 c=1 rs=1 cs=1]
              RenderText {#text} at (2,2) size 539x28
                text run at (2,2) width 120: "The Supreme Court says "
                text run at (122,2) width 369: "Wisconsin can continue using tuition vouchers to help poor parents send their "
                text run at (491,2) width 50: "children to"
                text run at (2,16) width 97: "church-run schools. "
                text run at (99,16) width 90: "What's your stand?"
          RenderTableRow {TR} at (0,32) size 598x0
      RenderBlock (anonymous) at (0,86) size 784x14
        RenderBR {BR} at (0,0) size 0x14
