layer at (0,0) size 800x954
  RenderView at (0,0) size 800x600
layer at (0,0) size 800x954
  RenderBlock {HTML} at (0,0) size 800x954
    RenderBody {BODY} at (8,8) size 784x938 [bgcolor=#555555]
      RenderBlock {H1} at (12,28) size 760x76 [bgcolor=#CCCCCC]
        RenderText {#text} at (169,24) size 123x28
          text run at (169,24) width 123: "Simplified "
        RenderInline {A} at (0,0) size 121x28 [color=#0000EE]
          RenderText {#text} at (292,24) size 121x28
            text run at (292,24) width 121: "Linux.com"
        RenderText {#text} at (413,24) size 178x28
          text run at (413,24) width 178: " Table Testcase"
      RenderTable {TABLE} at (12,120) size 760x806
        RenderTableSection {TBODY} at (0,0) size 760x806
          RenderTableRow {TR} at (0,2) size 760x277
            RenderTableCell {TD} at (2,2) size 135x543 [bgcolor=#FFFFFF] [r=0 c=0 rs=2 cs=1]
              RenderBlock {H2} at (5,14) size 125x14
                RenderText {#text} at (0,0) size 89x14
                  text run at (0,0) width 89: "Weekly Feature"
              RenderBlock {P} at (5,38) size 125x78
                RenderText {#text} at (0,0) size 112x78
                  text run at (0,0) width 112: "blah blah blah blah blah"
                  text run at (0,13) width 112: "blah blah blah blah blah"
                  text run at (0,26) width 112: "blah blah blah blah blah"
                  text run at (0,39) width 112: "blah blah blah blah blah"
                  text run at (0,52) width 112: "blah blah blah blah blah"
                  text run at (0,65) width 66: "blah blah blah"
              RenderBlock {H2} at (5,126) size 125x14
                RenderText {#text} at (0,0) size 60x14
                  text run at (0,0) width 60: "Contribute"
              RenderBlock {P} at (5,150) size 125x78
                RenderText {#text} at (0,0) size 112x78
                  text run at (0,0) width 112: "blah blah blah blah blah"
                  text run at (0,13) width 112: "blah blah blah blah blah"
                  text run at (0,26) width 112: "blah blah blah blah blah"
                  text run at (0,39) width 112: "blah blah blah blah blah"
                  text run at (0,52) width 112: "blah blah blah blah blah"
                  text run at (0,65) width 66: "blah blah blah"
              RenderBlock {H2} at (5,238) size 125x14
                RenderText {#text} at (0,0) size 62x14
                  text run at (0,0) width 62: "Newsforge"
              RenderBlock {P} at (5,262) size 125x26
                RenderText {#text} at (0,0) size 112x26
                  text run at (0,0) width 112: "blah blah blah blah blah"
                  text run at (0,13) width 66: "blah blah blah"
              RenderBlock {P} at (5,298) size 125x26
                RenderText {#text} at (0,0) size 112x26
                  text run at (0,0) width 112: "blah blah blah blah blah"
                  text run at (0,13) width 66: "blah blah blah"
              RenderBlock {P} at (5,334) size 125x26
                RenderText {#text} at (0,0) size 112x26
                  text run at (0,0) width 112: "blah blah blah blah blah"
                  text run at (0,13) width 66: "blah blah blah"
              RenderBlock {P} at (5,370) size 125x26
                RenderText {#text} at (0,0) size 112x26
                  text run at (0,0) width 112: "blah blah blah blah blah"
                  text run at (0,13) width 66: "blah blah blah"
              RenderBlock {P} at (5,406) size 125x26
                RenderText {#text} at (0,0) size 112x26
                  text run at (0,0) width 112: "blah blah blah blah blah"
                  text run at (0,13) width 66: "blah blah blah"
              RenderBlock {P} at (5,442) size 125x26
                RenderText {#text} at (0,0) size 112x26
                  text run at (0,0) width 112: "blah blah blah blah blah"
                  text run at (0,13) width 66: "blah blah blah"
              RenderBlock {H2} at (5,478) size 125x14
                RenderText {#text} at (0,0) size 63x14
                  text run at (0,0) width 63: "Resources"
              RenderBlock {P} at (5,502) size 125x26
                RenderText {#text} at (0,0) size 112x26
                  text run at (0,0) width 112: "blah blah blah blah blah"
                  text run at (0,13) width 66: "blah blah blah"
            RenderTableCell {TD} at (139,2) size 482x802 [bgcolor=#FFFFFF] [r=0 c=1 rs=2 cs=1]
              RenderBlock {H2} at (5,14) size 472x14
                RenderText {#text} at (0,0) size 140x14
                  text run at (0,0) width 140: "The Latest of Linux.com!"
              RenderBlock {P} at (5,38) size 472x156
                RenderText {#text} at (0,0) size 457x156
                  text run at (0,0) width 457: "blah blah blah blah blah blah blah blah blah blah blah blah blah blah blah blah blah blah blah blah"
                  text run at (0,13) width 457: "blah blah blah blah blah blah blah blah blah blah blah blah blah blah blah blah blah blah blah blah"
                  text run at (0,26) width 457: "blah blah blah blah blah blah blah blah blah blah blah blah blah blah blah blah blah blah blah blah"
                  text run at (0,39) width 457: "blah blah blah blah blah blah blah blah blah blah blah blah blah blah blah blah blah blah blah blah"
                  text run at (0,52) width 457: "blah blah blah blah blah blah blah blah blah blah blah blah blah blah blah blah blah blah blah blah"
                  text run at (0,65) width 457: "blah blah blah blah blah blah blah blah blah blah blah blah blah blah blah blah blah blah blah blah"
                  text run at (0,78) width 457: "blah blah blah blah blah blah blah blah blah blah blah blah blah blah blah blah blah blah blah blah"
                  text run at (0,91) width 457: "blah blah blah blah blah blah blah blah blah blah blah blah blah blah blah blah blah blah blah blah"
                  text run at (0,104) width 457: "blah blah blah blah blah blah blah blah blah blah blah blah blah blah blah blah blah blah blah blah"
                  text run at (0,117) width 457: "blah blah blah blah blah blah blah blah blah blah blah blah blah blah blah blah blah blah blah blah"
                  text run at (0,130) width 457: "blah blah blah blah blah blah blah blah blah blah blah blah blah blah blah blah blah blah blah blah"
                  text run at (0,143) width 181: "blah blah blah blah blah blah blah blah"
              RenderBlock {P} at (5,204) size 472x156
                RenderText {#text} at (0,0) size 457x156
                  text run at (0,0) width 457: "blah blah blah blah blah blah blah blah blah blah blah blah blah blah blah blah blah blah blah blah"
                  text run at (0,13) width 457: "blah blah blah blah blah blah blah blah blah blah blah blah blah blah blah blah blah blah blah blah"
                  text run at (0,26) width 457: "blah blah blah blah blah blah blah blah blah blah blah blah blah blah blah blah blah blah blah blah"
                  text run at (0,39) width 457: "blah blah blah blah blah blah blah blah blah blah blah blah blah blah blah blah blah blah blah blah"
                  text run at (0,52) width 457: "blah blah blah blah blah blah blah blah blah blah blah blah blah blah blah blah blah blah blah blah"
                  text run at (0,65) width 457: "blah blah blah blah blah blah blah blah blah blah blah blah blah blah blah blah blah blah blah blah"
                  text run at (0,78) width 457: "blah blah blah blah blah blah blah blah blah blah blah blah blah blah blah blah blah blah blah blah"
                  text run at (0,91) width 457: "blah blah blah blah blah blah blah blah blah blah blah blah blah blah blah blah blah blah blah blah"
                  text run at (0,104) width 457: "blah blah blah blah blah blah blah blah blah blah blah blah blah blah blah blah blah blah blah blah"
                  text run at (0,117) width 457: "blah blah blah blah blah blah blah blah blah blah blah blah blah blah blah blah blah blah blah blah"
                  text run at (0,130) width 457: "blah blah blah blah blah blah blah blah blah blah blah blah blah blah blah blah blah blah blah blah"
                  text run at (0,143) width 181: "blah blah blah blah blah blah blah blah"
              RenderBlock {H2} at (5,370) size 472x14
                RenderText {#text} at (0,0) size 90x14
                  text run at (0,0) width 90: "Linux.com Live!"
              RenderBlock {P} at (5,394) size 472x156
                RenderText {#text} at (0,0) size 457x156
                  text run at (0,0) width 457: "blah blah blah blah blah blah blah blah blah blah blah blah blah blah blah blah blah blah blah blah"
                  text run at (0,13) width 457: "blah blah blah blah blah blah blah blah blah blah blah blah blah blah blah blah blah blah blah blah"
                  text run at (0,26) width 457: "blah blah blah blah blah blah blah blah blah blah blah blah blah blah blah blah blah blah blah blah"
                  text run at (0,39) width 457: "blah blah blah blah blah blah blah blah blah blah blah blah blah blah blah blah blah blah blah blah"
                  text run at (0,52) width 457: "blah blah blah blah blah blah blah blah blah blah blah blah blah blah blah blah blah blah blah blah"
                  text run at (0,65) width 457: "blah blah blah blah blah blah blah blah blah blah blah blah blah blah blah blah blah blah blah blah"
                  text run at (0,78) width 457: "blah blah blah blah blah blah blah blah blah blah blah blah blah blah blah blah blah blah blah blah"
                  text run at (0,91) width 457: "blah blah blah blah blah blah blah blah blah blah blah blah blah blah blah blah blah blah blah blah"
                  text run at (0,104) width 457: "blah blah blah blah blah blah blah blah blah blah blah blah blah blah blah blah blah blah blah blah"
                  text run at (0,117) width 457: "blah blah blah blah blah blah blah blah blah blah blah blah blah blah blah blah blah blah blah blah"
                  text run at (0,130) width 457: "blah blah blah blah blah blah blah blah blah blah blah blah blah blah blah blah blah blah blah blah"
                  text run at (0,143) width 181: "blah blah blah blah blah blah blah blah"
              RenderBlock {H2} at (5,560) size 472x14
                RenderText {#text} at (0,0) size 42x14
                  text run at (0,0) width 42: "Tuneup"
              RenderBlock {P} at (5,584) size 472x156
                RenderText {#text} at (0,0) size 457x156
                  text run at (0,0) width 457: "blah blah blah blah blah blah blah blah blah blah blah blah blah blah blah blah blah blah blah blah"
                  text run at (0,13) width 457: "blah blah blah blah blah blah blah blah blah blah blah blah blah blah blah blah blah blah blah blah"
                  text run at (0,26) width 457: "blah blah blah blah blah blah blah blah blah blah blah blah blah blah blah blah blah blah blah blah"
                  text run at (0,39) width 457: "blah blah blah blah blah blah blah blah blah blah blah blah blah blah blah blah blah blah blah blah"
                  text run at (0,52) width 457: "blah blah blah blah blah blah blah blah blah blah blah blah blah blah blah blah blah blah blah blah"
                  text run at (0,65) width 457: "blah blah blah blah blah blah blah blah blah blah blah blah blah blah blah blah blah blah blah blah"
                  text run at (0,78) width 457: "blah blah blah blah blah blah blah blah blah blah blah blah blah blah blah blah blah blah blah blah"
                  text run at (0,91) width 457: "blah blah blah blah blah blah blah blah blah blah blah blah blah blah blah blah blah blah blah blah"
                  text run at (0,104) width 457: "blah blah blah blah blah blah blah blah blah blah blah blah blah blah blah blah blah blah blah blah"
                  text run at (0,117) width 457: "blah blah blah blah blah blah blah blah blah blah blah blah blah blah blah blah blah blah blah blah"
                  text run at (0,130) width 457: "blah blah blah blah blah blah blah blah blah blah blah blah blah blah blah blah blah blah blah blah"
                  text run at (0,143) width 181: "blah blah blah blah blah blah blah blah"
              RenderBlock {H2} at (5,750) size 472x14
                RenderText {#text} at (0,0) size 21x14
                  text run at (0,0) width 21: "Poll"
              RenderBlock {P} at (5,774) size 472x13
                RenderText {#text} at (0,0) size 248x13
                  text run at (0,0) width 248: "This stuff is cropped off in Mozilla for whatever reason"
            RenderTableCell {TD} at (623,2) size 135x277 [bgcolor=#FFFFFF] [r=0 c=2 rs=1 cs=1]
              RenderBlock {H2} at (5,14) size 125x14
                RenderText {#text} at (0,0) size 35x14
                  text run at (0,0) width 35: "OSDN"
              RenderBlock {P} at (5,38) size 125x52
                RenderText {#text} at (0,0) size 112x52
                  text run at (0,0) width 112: "blah blah blah blah blah"
                  text run at (0,13) width 112: "blah blah blah blah blah"
                  text run at (0,26) width 112: "blah blah blah blah blah"
                  text run at (0,39) width 66: "blah blah blah"
              RenderBlock {H2} at (5,100) size 125x14
                RenderText {#text} at (0,0) size 33x14
                  text run at (0,0) width 33: "POTD"
              RenderBlock {P} at (5,124) size 125x52
                RenderText {#text} at (0,0) size 112x52
                  text run at (0,0) width 112: "blah blah blah blah blah"
                  text run at (0,13) width 112: "blah blah blah blah blah"
                  text run at (0,26) width 112: "blah blah blah blah blah"
                  text run at (0,39) width 66: "blah blah blah"
              RenderBlock {H2} at (5,186) size 125x14
                RenderText {#text} at (0,0) size 34x14
                  text run at (0,0) width 34: "Log In"
              RenderBlock {P} at (5,210) size 125x52
                RenderText {#text} at (0,0) size 112x52
                  text run at (0,0) width 112: "blah blah blah blah blah"
                  text run at (0,13) width 112: "blah blah blah blah blah"
                  text run at (0,26) width 112: "blah blah blah blah blah"
                  text run at (0,39) width 66: "blah blah blah"
          RenderTableRow {TR} at (0,281) size 760x523
            RenderTableCell {TD} at (623,699) size 135x105 [bgcolor=#FFFFFF] [r=1 c=2 rs=1 cs=1]
              RenderBlock {H2} at (5,14) size 125x14
                RenderText {#text} at (0,0) size 111x14
                  text run at (0,0) width 111: "Community Banner"
              RenderBlock {P} at (5,38) size 125x52
                RenderText {#text} at (0,0) size 112x52
                  text run at (0,0) width 112: "blah blah blah blah blah"
                  text run at (0,13) width 112: "blah blah blah blah blah"
                  text run at (0,26) width 112: "blah blah blah blah blah"
                  text run at (0,39) width 66: "blah blah blah"
