layer at (0,0) size 800x600
  RenderView at (0,0) size 800x600
layer at (0,0) size 800x600
  RenderBlock {HTML} at (0,0) size 800x600
    RenderBody {BODY} at (8,8) size 784x584
      RenderTable {TABLE} at (0,0) size 556x20
        RenderTableSection {TBODY} at (0,0) size 556x20
          RenderTableRow {TR} at (0,2) size 556x16
            RenderTableCell {TD} at (2,2) size 227x16 [r=0 c=0 rs=1 cs=1]
              RenderText {#text} at (1,1) size 225x14
                text run at (1,1) width 225: "The quick brown fox jumped over the lazy dog."
            RenderTableCell {TD} at (231,2) size 323x16 [r=0 c=1 rs=1 cs=1]
              RenderText {#text} at (1,1) size 321x14
                text run at (1,1) width 321: "Now is the time for all good men to come to the aid of their country."
