layer at (0,0) size 800x600
  RenderView at (0,0) size 800x600
layer at (0,0) size 800x600
  RenderBlock {HTML} at (0,0) size 800x600
    RenderBody {BODY} at (8,8) size 784x584 [bgcolor=#FFFFFF]
      RenderTable {TABLE} at (0,0) size 25x20
        RenderTableSection {TBODY} at (0,0) size 25x20
          RenderTableRow {TR} at (0,2) size 25x16
            RenderTableCell {TD} at (2,2) size 21x16 [r=0 c=0 rs=1 cs=1]
              RenderText {#text} at (1,1) size 19x14
                text run at (1,1) width 19: "Foo"
