layer at (0,0) size 800x600
  RenderView at (0,0) size 800x600
layer at (0,0) size 800x600
  RenderBlock {HTML} at (0,0) size 800x600
    RenderBody {BODY} at (8,8) size 784x584
      RenderBlock {P} at (0,0) size 784x14
        RenderText {#text} at (0,0) size 630x14
          text run at (0,0) width 630: "The image below has a width of 459px. When the table below it has a width of 459px or greater, the bottom row overlaps the top row"
      RenderBlock (anonymous) at (0,26) size 784x14
        RenderText {#text} at (0,0) size 105x14
          text run at (0,0) width 105: "Table with width=459"
        RenderBR {BR} at (105,11) size 0x0
      RenderTable {TABLE} at (0,40) size 784x202 [border: (1px outset #808080)]
        RenderTableSection {TBODY} at (1,1) size 782x200
          RenderTableRow {TR} at (0,2) size 782x148
            RenderTableCell {TD} at (2,91) size 38x18 [border: (1px inset #808080)] [r=0 c=0 rs=2 cs=1]
              RenderText {#text} at (2,2) size 34x14
                text run at (2,2) width 34: "sidebar"
            RenderTableCell {TD} at (42,2) size 738x148 [border: (1px inset #808080)] [r=0 c=1 rs=1 cs=1]
              RenderBlock (anonymous) at (2,2) size 734x120
                RenderImage {IMG} at (0,0) size 459x120
                RenderText {#text} at (0,0) size 0x0
              RenderTable {TABLE} at (2,122) size 459x24 [border: (1px outset #808080)]
                RenderTableSection {TBODY} at (1,1) size 457x22
                  RenderTableRow {TR} at (0,2) size 457x18
                    RenderTableCell {TD} at (2,2) size 453x18 [border: (1px inset #808080)] [r=0 c=0 rs=1 cs=1]
                      RenderText {#text} at (2,2) size 94x14
                        text run at (2,2) width 94: "THIS IS A TABLE"
          RenderTableRow {TR} at (0,152) size 782x46
            RenderTableCell {TD} at (42,152) size 738x46 [border: (1px inset #808080)] [r=1 c=1 rs=1 cs=1]
              RenderText {#text} at (2,2) size 714x42
                text run at (2,2) width 440: "The XML Cover Pages is a comprehensive online reference work for the Extensible Markup "
                text run at (442,2) width 274: "Language (XML) and its parent, the Standard Generalized"
                text run at (2,16) width 90: "Markup Language "
                text run at (92,16) width 354: "(SGML). The reference collection features extensive documentation on the "
                text run at (446,16) width 268: "application of the open, interoperable \"markup language\""
                text run at (2,30) width 98: "standards, including "
                text run at (100,30) width 562: "XSL, XSLT, XPath, XQuery, XLink, XPointer, XHTML, HyTime, DSSSL, CSS, SPDL, SVG, CGM, ISO-HTML, "
                text run at (662,30) width 52: "and others."
