layer at (0,0) size 800x600
  RenderView at (0,0) size 800x600
layer at (0,0) size 800x600
  RenderBlock {HTML} at (0,0) size 800x600
    RenderBody {BODY} at (8,8) size 784x584
      RenderTable {TABLE} at (0,0) size 653x209 [border: (1px outset #808080)]
        RenderTableSection {TBODY} at (1,1) size 651x207
          RenderTableRow {TR} at (0,2) size 651x203
            RenderTableCell {TD} at (2,2) size 647x203 [border: (1px inset #808080)] [r=0 c=0 rs=1 cs=6]
              RenderTable {TABLE} at (2,2) size 632x199 [border: (1px outset #808080)]
                RenderTableSection {TBODY} at (1,1) size 630x197
                  RenderTableRow {TR} at (0,2) size 630x18
                    RenderTableCell {TD} at (2,2) size 626x18 [border: (1px inset #808080)] [r=0 c=0 rs=1 cs=1]
                      RenderText {#text} at (2,2) size 16x14
                        text run at (2,2) width 16: "foo"
                  RenderTableRow {TR} at (0,22) size 630x173
                    RenderTableCell {TD} at (2,22) size 626x173 [border: (1px inset #808080)] [r=1 c=0 rs=1 cs=1]
                      RenderTable {TABLE} at (2,2) size 622x169 [border: (1px outset #808080)]
                        RenderTableSection {TBODY} at (1,1) size 620x167
                          RenderTableRow {TR} at (0,2) size 620x47
                            RenderTableCell {TD} at (2,2) size 19x18 [border: (1px inset #808080)] [r=0 c=0 rs=1 cs=1]
                              RenderText {#text} at (2,2) size 15x14
                                text run at (2,2) width 15: "bar"
                            RenderTableCell {TD} at (23,16) size 595x18 [border: (1px inset #808080)] [r=0 c=1 rs=1 cs=1]
                              RenderText {#text} at (289,2) size 17x14
                                text run at (289,2) width 17: "baz"
                          RenderTableRow {TR} at (0,51) size 620x114
                            RenderTableCell {TD} at (2,51) size 19x18 [border: (1px inset #808080)] [r=1 c=0 rs=1 cs=1]
                              RenderText {#text} at (2,2) size 14x14
                                text run at (2,2) width 14: "faz"
                            RenderTableCell {TD} at (23,51) size 595x114 [border: (1px inset #808080)] [r=1 c=1 rs=1 cs=1]
                              RenderTable {TABLE} at (2,2) size 591x110 [border: (1px outset #808080)]
                                RenderTableSection {TBODY} at (1,1) size 589x108
                                  RenderTableRow {TR} at (0,2) size 589x104
                                    RenderTableCell {TD} at (2,2) size 585x104 [border: (1px inset #808080)] [r=0 c=0 rs=1 cs=2]
                                      RenderTable {TABLE} at (2,2) size 581x100 [border: (1px outset #808080)]
                                        RenderTableSection {TBODY} at (1,1) size 579x98
                                          RenderTableRow {TR} at (0,2) size 579x94
                                            RenderTableCell {TD} at (2,2) size 112x18 [border: (1px inset #808080)] [r=0 c=0 rs=1 cs=1]
                                              RenderText {#text} at (2,2) size 17x14
                                                text run at (2,2) width 17: "frip"
                                            RenderTableCell {TD} at (116,2) size 461x94 [border: (1px inset #808080)] [r=0 c=1 rs=1 cs=1]
                                              RenderBlock (anonymous) at (2,2) size 457x14
                                                RenderText {#text} at (177,0) size 103x14
                                                  text run at (177,0) width 103: "Feel free to browse ..."
                                              RenderBlock {P} at (2,28) size 457x0
                                              RenderBlock {CENTER} at (2,28) size 457x64
                                                RenderTable {TABLE} at (92,0) size 273x64 [border: (1px outset #808080)]
                                                  RenderTableSection {TBODY} at (1,1) size 271x62
                                                    RenderTableRow {TR} at (0,2) size 271x18
                                                      RenderTableCell {TD} at (2,2) size 144x18 [border: (1px inset #808080)] [r=0 c=0 rs=1 cs=1]
                                                        RenderInline {A} at (0,0) size 38x14 [color=#0000EE]
                                                          RenderText {#text} at (2,2) size 38x14
                                                            text run at (2,2) width 38: "Holiday"
                                                      RenderTableCell {TD} at (148,2) size 121x18 [border: (1px inset #808080)] [r=0 c=1 rs=1 cs=1]
                                                        RenderInline {A} at (0,0) size 22x14 [color=#0000EE]
                                                          RenderText {#text} at (2,2) size 22x14
                                                            text run at (2,2) width 22: "Cars"
                                                    RenderTableRow {TR} at (0,22) size 271x18
                                                      RenderTableCell {TD} at (2,22) size 144x18 [border: (1px inset #808080)] [r=1 c=0 rs=1 cs=1]
                                                        RenderInline {A} at (0,0) size 31x14 [color=#0000EE]
                                                          RenderText {#text} at (2,2) size 31x14
                                                            text run at (2,2) width 31: "Sports"
                                                      RenderTableCell {TD} at (148,22) size 121x18 [border: (1px inset #808080)] [r=1 c=1 rs=1 cs=1]
                                                        RenderInline {A} at (0,0) size 40x14 [color=#0000EE]
                                                          RenderText {#text} at (2,2) size 40x14
                                                            text run at (2,2) width 40: "Animals"
                                                    RenderTableRow {TR} at (0,42) size 271x18
                                                      RenderTableCell {TD} at (2,42) size 144x18 [border: (1px inset #808080)] [r=2 c=0 rs=1 cs=1]
                                                        RenderInline {A} at (0,0) size 52x14 [color=#0000EE]
                                                          RenderText {#text} at (2,2) size 52x14
                                                            text run at (2,2) width 52: "Computers"
                                                      RenderTableCell {TD} at (148,42) size 121x18 [border: (1px inset #808080)] [r=2 c=1 rs=1 cs=1]
                                                        RenderInline {A} at (0,0) size 43x14 [color=#0000EE]
                                                          RenderText {#text} at (2,2) size 43x14
                                                            text run at (2,2) width 43: "Cartoons"
      RenderBlock (anonymous) at (0,209) size 784x14
        RenderBR {BR} at (0,0) size 0x14
      RenderBlock {P} at (0,235) size 784x42
        RenderText {#text} at (0,0) size 415x14
          text run at (0,0) width 415: "The second (nested) table below has fixed widths 300px, 500px, 200px (outer to inner)."
        RenderBR {BR} at (415,11) size 0x0
        RenderText {#text} at (0,14) size 48x14
          text run at (0,14) width 48: "When the "
        RenderInline {CODE} at (0,0) size 42x11
          RenderText {#text} at (48,17) size 42x11
            text run at (48,17) width 42: "a:hover"
        RenderText {#text} at (90,14) size 87x14
          text run at (90,14) width 87: " for 'Holiday' gets "
        RenderInline {CODE} at (0,0) size 78x11
          RenderText {#text} at (177,17) size 78x11
            text run at (177,17) width 78: "'onMouseOver'"
        RenderText {#text} at (255,14) size 159x14
          text run at (255,14) width 159: ", the outer table reflows to 300px,"
        RenderBR {BR} at (414,25) size 0x0
        RenderText {#text} at (0,28) size 227x14
          text run at (0,28) width 227: "clipping the middle (500px) table in the process."
      RenderTable {TABLE} at (0,289) size 300x24 [border: (1px outset #808080)]
        RenderTableSection {TBODY} at (1,1) size 298x22
          RenderTableRow {TR} at (0,2) size 298x18
            RenderTableCell {TD} at (2,2) size 294x18 [border: (1px inset #808080)] [r=0 c=0 rs=1 cs=1]
              RenderText {#text} at (2,2) size 131x14
                text run at (2,2) width 131: "300px wide for comparison"
      RenderBlock (anonymous) at (0,313) size 784x14
        RenderBR {BR} at (0,0) size 0x14
      RenderTable {TABLE} at (0,327) size 510x44 [border: (1px outset #808080)]
        RenderTableSection {TBODY} at (1,1) size 508x42
          RenderTableRow {TR} at (0,2) size 508x38
            RenderTableCell {TD} at (2,2) size 504x38 [border: (1px inset #808080)] [r=0 c=0 rs=1 cs=1]
              RenderTable {TABLE} at (2,2) size 500x34 [border: (1px outset #808080)]
                RenderTableSection {TBODY} at (1,1) size 498x32
                  RenderTableRow {TR} at (0,2) size 498x28
                    RenderTableCell {TD} at (2,2) size 494x28 [border: (1px inset #808080)] [r=0 c=0 rs=1 cs=1]
                      RenderTable {TABLE} at (2,2) size 200x24 [border: (1px outset #808080)]
                        RenderTableSection {TBODY} at (1,1) size 198x22
                          RenderTableRow {TR} at (0,2) size 198x18
                            RenderTableCell {TD} at (2,2) size 194x18 [border: (1px inset #808080)] [r=0 c=0 rs=1 cs=1]
                              RenderInline {A} at (0,0) size 38x14 [color=#0000EE]
                                RenderText {#text} at (2,2) size 38x14
                                  text run at (2,2) width 38: "Holiday"
