layer at (0,0) size 800x600
  RenderView at (0,0) size 800x600
layer at (0,0) size 800x71
  RenderBlock {HTML} at (0,0) size 800x71
    RenderBody {BODY} at (8,14) size 784x49
      RenderBlock {H2} at (0,0) size 784x21
        RenderText {#text} at (0,0) size 153x20
          text run at (0,0) width 153: "table-column-group"
      RenderTable {DIV} at (0,35) size 52x14
        RenderTableCol {DIV} at (0,0) size 0x0
          RenderTableCol {DIV} at (0,0) size 0x0
          RenderTableCol {DIV} at (0,0) size 0x0
        RenderTableSection (anonymous) at (0,0) size 52x14
          RenderTableRow {DIV} at (0,0) size 52x14
            RenderTableCell {DIV} at (0,0) size 26x14 [r=0 c=0 rs=1 cs=1]
              RenderText {#text} at (0,0) size 26x14
                text run at (0,0) width 26: "white"
            RenderTableCell {DIV} at (26,0) size 26x14 [r=0 c=1 rs=1 cs=1]
              RenderText {#text} at (0,0) size 26x14
                text run at (0,0) width 26: "white"
