layer at (0,0) size 800x600
  RenderView at (0,0) size 800x600
layer at (0,0) size 800x106
  RenderBlock {HTML} at (0,0) size 800x106
    RenderBody {BODY} at (0,0) size 800x106
layer at (0,0) size 206x106 clip at (3,3) size 200x100 scrollHeight 111
  RenderBlock {DIV} at (0,0) size 206x106 [border: (3px solid #008000)]
    RenderTable {TABLE} at (13,3) size 48x110
      RenderTableSection {TBODY} at (0,0) size 48x110
        RenderTableRow {TR} at (0,0) size 48x110
          RenderTableCell {TD} at (0,0) size 48x110 [r=0 c=0 rs=1 cs=1]
            RenderText {#text} at (0,-1) size 48x102
              text run at (0,-1) width 48: "This____"
              text run at (0,9) width 48: "text____"
              text run at (0,19) width 48: "should__"
              text run at (0,29) width 48: "be______"
              text run at (0,39) width 48: "wrapped,"
              text run at (0,49) width 48: "one_____"
              text run at (0,59) width 48: "word____"
              text run at (0,69) width 48: "to______"
              text run at (0,79) width 48: "a_______"
              text run at (0,89) width 48: "line.___"
            RenderInline {SPAN} at (0,0) size 40x11 [color=#FFFF00] [bgcolor=#FF0000]
              RenderText {#text} at (0,100) size 40x11
                text run at (0,100) width 40: "_FAIL!__"
            RenderText {#text} at (0,0) size 0x0
