layer at (0,0) size 800x600
  RenderView at (0,0) size 800x600
layer at (0,0) size 800x600
  RenderBlock {HTML} at (0,0) size 800x600
    RenderBody {BODY} at (8,8) size 784x584 [bgcolor=#3333FF]
      RenderBlock {CENTER} at (0,0) size 784x58
        RenderTable {TABLE} at (228,0) size 327x58 [bgcolor=#FFFFFF] [border: (2px outset #808080)]
          RenderBlock {CAPTION} at (0,0) size 323x16
            RenderInline {B} at (0,0) size 105x14
              RenderInline {FONT} at (0,0) size 105x16 [color=#C0C0C0]
                RenderText {#text} at (109,0) size 105x16
                  text run at (109,0) width 105: "Future Bugzilla"
            RenderText {#text} at (0,0) size 0x0
          RenderTableSection {TBODY} at (2,18) size 323x38
            RenderTableRow {TR} at (0,2) size 323x16
              RenderTableCell {TD} at (2,2) size 31x16 [bgcolor=#009900] [border: (1px inset #808080)] [r=0 c=0 rs=1 cs=1]
                RenderBlock {DIV} at (2,2) size 27x12
                  RenderInline {B} at (0,0) size 27x14
                    RenderInline {FONT} at (0,0) size 27x11
                      RenderText {#text} at (0,0) size 27x11
                        text run at (0,0) width 27: "Credit"
              RenderTableCell {TD} at (35,2) size 29x16 [bgcolor=#009900] [border: (1px inset #808080)] [r=0 c=1 rs=1 cs=1]
                RenderInline {B} at (0,0) size 18x14
                  RenderInline {FONT} at (0,0) size 18x11
                    RenderText {#text} at (2,2) size 18x11
                      text run at (2,2) width 18: "Bug"
              RenderTableCell {TD} at (66,2) size 106x16 [bgcolor=#009900] [border: (1px inset #808080)] [r=0 c=2 rs=1 cs=1]
                RenderInline {B} at (0,0) size 42x14
                  RenderInline {FONT} at (0,0) size 42x11
                    RenderText {#text} at (2,2) size 42x11
                      text run at (2,2) width 42: "Summary"
              RenderTableCell {TD} at (174,2) size 42x16 [bgcolor=#009900] [border: (1px inset #808080)] [r=0 c=3 rs=1 cs=1]
                RenderInline {B} at (0,0) size 27x14
                  RenderInline {FONT} at (0,0) size 27x11
                    RenderText {#text} at (2,2) size 27x11
                      text run at (2,2) width 27: "Status"
              RenderTableCell {TD} at (218,2) size 50x16 [bgcolor=#009900] [border: (1px inset #808080)] [r=0 c=4 rs=1 cs=1]
                RenderInline {B} at (0,0) size 46x14
                  RenderInline {FONT} at (0,0) size 46x11
                    RenderText {#text} at (2,2) size 46x11
                      text run at (2,2) width 46: "Resolution"
              RenderTableCell {TD} at (270,2) size 51x16 [bgcolor=#009900] [border: (1px inset #808080)] [r=0 c=5 rs=1 cs=1]
                RenderInline {B} at (0,0) size 47x14
                  RenderInline {FONT} at (0,0) size 47x11
                    RenderText {#text} at (2,2) size 47x11
                      text run at (2,2) width 47: "Date (-8/-7)"
            RenderTableRow {TR} at (0,20) size 323x16
              RenderTableCell {TD} at (2,20) size 31x16 [bgcolor=#FF0000] [border: (1px inset #808080)] [r=1 c=0 rs=1 cs=1]
                RenderInline {B} at (0,0) size 5x14
                  RenderInline {FONT} at (0,0) size 5x11
                    RenderText {#text} at (2,2) size 5x11
                      text run at (2,2) width 5: "1"
              RenderTableCell {TD} at (35,20) size 29x16 [bgcolor=#FF0000] [border: (1px inset #808080)] [r=1 c=1 rs=1 cs=1]
                RenderInline {B} at (0,0) size 25x14
                  RenderInline {FONT} at (0,0) size 25x11
                    RenderText {#text} at (0,0) size 0x0
                    RenderInline {A} at (0,0) size 25x11
                      RenderText {#text} at (2,2) size 25x11
                        text run at (2,2) width 25: "10000"
                    RenderText {#text} at (0,0) size 0x0
              RenderTableCell {TD} at (66,20) size 106x16 [bgcolor=#FF0000] [border: (1px inset #808080)] [r=1 c=2 rs=1 cs=1]
                RenderInline {B} at (0,0) size 102x14
                  RenderInline {FONT} at (0,0) size 102x11
                    RenderText {#text} at (2,2) size 102x11
                      text run at (2,2) width 102: "JWZ returns to Mozilla"
              RenderTableCell {TD} at (174,20) size 42x16 [bgcolor=#FF0000] [border: (1px inset #808080)] [r=1 c=3 rs=1 cs=1]
                RenderInline {B} at (0,0) size 38x14
                  RenderInline {FONT} at (0,0) size 38x11
                    RenderText {#text} at (2,2) size 38x11
                      text run at (2,2) width 38: "Resolved"
              RenderTableCell {TD} at (218,20) size 50x16 [bgcolor=#FF0000] [border: (1px inset #808080)] [r=1 c=4 rs=1 cs=1]
                RenderInline {B} at (0,0) size 41x14
                  RenderInline {FONT} at (0,0) size 41x11
                    RenderText {#text} at (2,2) size 41x11
                      text run at (2,2) width 41: "Duplicate"
              RenderTableCell {TD} at (270,20) size 51x16 [bgcolor=#FF0000] [border: (1px inset #808080)] [r=1 c=5 rs=1 cs=1]
                RenderInline {B} at (0,0) size 27x14
                  RenderInline {FONT} at (0,0) size 27x11
                    RenderText {#text} at (2,2) size 27x11
                      text run at (2,2) width 27: "July 1"
