layer at (0,0) size 800x600
  RenderView at (0,0) size 800x600
layer at (0,0) size 800x600
  RenderBlock {HTML} at (0,0) size 800x600
    RenderBody {BODY} at (8,8) size 784x584
      RenderTable {TABLE} at (0,0) size 784x198 [border: (4px solid #0000FF)]
        RenderTableSection {TBODY} at (4,4) size 776x190
          RenderTableRow {TR} at (0,2) size 776x186
            RenderTableCell {TD} at (2,2) size 606x76 [border: (1px solid #0000FF)] [r=0 c=0 rs=1 cs=1]
              RenderTable {TABLE} at (2,2) size 602x72 [border: (4px solid #008000)]
                RenderTableSection {TBODY} at (4,4) size 594x64
                  RenderTableRow {TR} at (0,2) size 594x60
                    RenderTableCell {TD} at (2,2) size 590x60 [border: (1px solid #008000)] [r=0 c=0 rs=1 cs=1]
                      RenderText {#text} at (2,2) size 586x56
                        text run at (2,2) width 571: "this is a bunch of text. this is a bunch of text. this is a bunch of text. this is a bunch of text. this is a bunch of text. this is a"
                        text run at (2,16) width 282: "bunch of text. this is a bunch of text. this is a bunch of text. "
                        text run at (284,16) width 295: "this is a bunch of text. this is a bunch of text. this is a bunch of"
                        text run at (2,30) width 586: "text. this is a bunch of text. this is a bunch of text. this is a bunch of text. this is a bunch of text. this is a bunch of text. this is"
                        text run at (2,44) width 180: "a bunch of text. this is a bunch of text."
            RenderTableCell {TD} at (610,2) size 164x186 [border: (1px solid #0000FF)] [r=0 c=1 rs=1 cs=1]
              RenderTable {TABLE} at (2,2) size 160x182 [border: (4px solid #008000)]
                RenderTableSection {TBODY} at (4,4) size 152x174
                  RenderTableRow {TR} at (0,2) size 152x170
                    RenderTableCell {TD} at (2,2) size 148x170 [border: (1px solid #008000)] [r=0 c=0 rs=1 cs=1]
                      RenderBlock (anonymous) at (2,2) size 144x14
                        RenderText {#text} at (0,0) size 89x14
                          text run at (0,0) width 89: "this cell is nowrap."
                      RenderTable {TABLE} at (2,16) size 144x152 [border: (4px solid #FF0000)]
                        RenderTableSection {TBODY} at (4,4) size 136x144
                          RenderTableRow {TR} at (0,2) size 136x140
                            RenderTableCell {TD} at (2,2) size 132x140 [border: (1px solid #FF0000)] [r=0 c=0 rs=1 cs=1]
                              RenderBlock (anonymous) at (2,2) size 128x28
                                RenderText {#text} at (0,0) size 108x28
                                  text run at (0,0) width 108: "this text is in a cell of a"
                                  text run at (0,14) width 93: "table, contained in a"
                              RenderBlock {P} at (2,42) size 128x14
                                RenderInline {B} at (0,0) size 100x14
                                  RenderText {#text} at (0,0) size 100x14
                                    text run at (0,0) width 100: "cell with NOWRAP"
                              RenderBlock (anonymous) at (2,68) size 128x70
                                RenderText {#text} at (0,0) size 121x70
                                  text run at (0,0) width 121: "but this text should wrap!"
                                  text run at (0,14) width 117: "only the bold text should"
                                  text run at (0,28) width 96: "not wrap be cause is"
                                  text run at (0,42) width 102: "contained in a P that's"
                                  text run at (0,56) width 39: "nowrap."
      RenderBlock (anonymous) at (0,198) size 784x28
        RenderBR {BR} at (0,0) size 0x14
        RenderText {#text} at (0,14) size 242x14
          text run at (0,14) width 242: "Tables have a thick border, cells have a thin border."
