layer at (0,0) size 800x600
  RenderView at (0,0) size 800x600
layer at (0,0) size 800x600
  RenderBlock {HTML} at (0,0) size 800x600
    RenderBody {BODY} at (8,8) size 784x584
      RenderBlock (anonymous) at (0,0) size 784x14
        RenderText {#text} at (0,0) size 79x14
          text run at (0,0) width 79: "table height=200"
      RenderTable {TABLE} at (0,14) size 86x200 [border: (1px outset #808080)]
        RenderTableSection {TBODY} at (1,1) size 84x198
          RenderTableRow {TR} at (0,2) size 84x156
            RenderTableCell {TD} at (2,71) size 80x18 [border: (1px inset #808080)] [r=0 c=0 rs=1 cs=1]
              RenderText {#text} at (2,2) size 76x14
                text run at (2,2) width 76: "80% height row"
          RenderTableRow {TR} at (0,160) size 84x36
            RenderTableCell {TD} at (2,169) size 80x18 [border: (1px inset #808080)] [r=1 c=0 rs=1 cs=1]
              RenderText {#text} at (2,2) size 76x14
                text run at (2,2) width 76: "80% height row"
      RenderBlock (anonymous) at (0,214) size 784x28
        RenderBR {BR} at (0,0) size 0x14
        RenderText {#text} at (0,14) size 79x14
          text run at (0,14) width 79: "table height=200"
      RenderTable {TABLE} at (0,242) size 82x306 [border: (1px outset #808080)]
        RenderTableSection {TBODY} at (1,1) size 80x304
          RenderTableRow {TR} at (0,2) size 80x300
            RenderTableCell {TD} at (2,143) size 76x18 [border: (1px inset #808080)] [r=0 c=0 rs=1 cs=1]
              RenderText {#text} at (2,2) size 72x14
                text run at (2,2) width 72: "400 height row"
