layer at (0,0) size 908x600
  RenderView at (0,0) size 800x600
layer at (0,0) size 800x600
  RenderBlock {HTML} at (0,0) size 800x600
    RenderBody {BODY} at (8,8) size 784x584
      RenderTable {TABLE} at (0,0) size 900x154 [border: (2px solid #0000FF)]
        RenderTableSection {TBODY} at (2,2) size 896x150
          RenderTableRow {TR} at (0,2) size 896x146
            RenderTableCell {TD} at (2,2) size 318x146 [border: (1px solid #C0C0C0)] [r=0 c=0 rs=1 cs=1]
              RenderTable {TABLE} at (2,2) size 314x142 [border: (2px solid #008000)]
                RenderTableSection {TBODY} at (2,2) size 310x138
                  RenderTableRow {TR} at (0,2) size 310x74
                    RenderTableCell {TD} at (2,2) size 306x74 [border: (1px solid #C0C0C0)] [r=0 c=0 rs=1 cs=1]
                      RenderTable {TABLE} at (2,2) size 210x44 [border: (2px solid #FF0000)]
                        RenderTableSection {TBODY} at (2,2) size 206x40
                          RenderTableRow {TR} at (0,2) size 206x36
                            RenderTableCell {TD} at (2,2) size 202x36 [border: (1px solid #C0C0C0)] [r=0 c=0 rs=1 cs=1]
                              RenderTextControl {INPUT} at (4,4) size 194x28 [color=#202020]
                              RenderText {#text} at (0,0) size 0x0
                      RenderTable {TABLE} at (2,46) size 302x26 [border: (2px solid #FF0000)]
                        RenderTableSection {TBODY} at (2,2) size 298x22
                          RenderTableRow {TR} at (0,2) size 298x18
                            RenderTableCell {TD} at (2,2) size 294x18 [border: (1px solid #C0C0C0)] [r=0 c=0 rs=1 cs=1]
                              RenderText {#text} at (2,2) size 181x14
                                text run at (2,2) width 181: "THIS TABLE NEEDS TO BE HERE"
                  RenderTableRow {TR} at (0,78) size 310x58
                    RenderTableCell {TD} at (2,78) size 306x58 [border: (1px solid #C0C0C0)] [r=1 c=0 rs=1 cs=1]
                      RenderTable {TABLE} at (2,2) size 302x54 [border: (2px solid #FF0000)]
                        RenderTableSection {TBODY} at (2,2) size 298x50
                          RenderTableRow {TR} at (0,2) size 298x46
                            RenderTableCell {TD} at (2,2) size 294x46 [border: (1px solid #C0C0C0)] [r=0 c=0 rs=1 cs=1]
                              RenderMenuList {SELECT} at (4,4) size 286x38 [color=#202020]
                                RenderBlock (anonymous) at (15,10) size 230x18
                                  RenderText at (0,0) size 230x17
                                    text run at (0,0) width 230: "USE THIS JAVASCRIPT HERE"
                              RenderText {#text} at (0,0) size 0x0
            RenderTableCell {TD} at (322,2) size 572x32 [border: (1px solid #C0C0C0)] [r=0 c=1 rs=1 cs=1]
              RenderText {#text} at (2,2) size 568x28
                text run at (2,2) width 568: "KEEPoTHEoTEXToHEREoASoLONGoASoPOSSIBLEooKEEPoTHEoTEXToHEREoASoLONGoASoPOSSIBLE"
                text run at (2,16) width 458: "THIS SIMULATES THE PROBLEM ON THE WWW.MAPBLAST.COM/ \"CREATE MAP\""
layer at (32,34) size 187x18 scrollWidth 199
  RenderBlock {DIV} at (4,6) size 187x18
    RenderText {#text} at (1,0) size 197x17
      text run at (1,0) width 197: "THIS NEEDS THIS VALUE"
