layer at (0,0) size 800x600
  RenderView at (0,0) size 800x600
layer at (0,0) size 800x600
  RenderBlock {HTML} at (0,0) size 800x600
    RenderBody {BODY} at (8,8) size 784x584
      RenderBlock (anonymous) at (0,0) size 784x14
        RenderText {#text} at (0,0) size 260x14
          text run at (0,0) width 260: "The window needs to be resized smaller to see the bug "
        RenderBR {BR} at (260,11) size 0x0
      RenderTable {TABLE} at (0,14) size 344x20
        RenderTableSection {TBODY} at (0,0) size 344x20
          RenderTableRow {TR} at (0,2) size 344x16
            RenderTableCell {TD} at (2,2) size 26x16 [r=0 c=0 rs=1 cs=1]
              RenderText {#text} at (1,1) size 24x14
                text run at (1,1) width 24: "Back"
            RenderTableCell {TD} at (30,2) size 43x16 [r=0 c=1 rs=1 cs=1]
              RenderText {#text} at (1,1) size 41x14
                text run at (1,1) width 41: "Forward"
            RenderTableCell {TD} at (75,2) size 35x16 [r=0 c=2 rs=1 cs=1]
              RenderText {#text} at (1,1) size 33x14
                text run at (1,1) width 33: "Reload"
            RenderTableCell {TD} at (112,2) size 31x16 [r=0 c=3 rs=1 cs=1]
              RenderText {#text} at (1,1) size 29x14
                text run at (1,1) width 29: "Home"
            RenderTableCell {TD} at (145,2) size 34x16 [r=0 c=4 rs=1 cs=1]
              RenderText {#text} at (1,1) size 32x14
                text run at (1,1) width 32: "Search"
            RenderTableCell {TD} at (181,2) size 65x16 [r=0 c=5 rs=1 cs=1]
              RenderText {#text} at (1,1) size 63x14
                text run at (1,1) width 63: "My Netscape"
            RenderTableCell {TD} at (248,2) size 25x16 [r=0 c=6 rs=1 cs=1]
              RenderText {#text} at (1,1) size 23x14
                text run at (1,1) width 23: "Print"
            RenderTableCell {TD} at (275,2) size 41x16 [r=0 c=7 rs=1 cs=1]
              RenderText {#text} at (1,1) size 39x14
                text run at (1,1) width 39: "Security"
            RenderTableCell {TD} at (318,2) size 24x16 [r=0 c=8 rs=1 cs=1]
              RenderText {#text} at (1,1) size 22x14
                text run at (1,1) width 22: "Stop"
