layer at (0,0) size 800x1495
  RenderView at (0,0) size 800x600
layer at (0,0) size 800x1495
  RenderBlock {HTML} at (0,0) size 800x1495
    RenderBody {BODY} at (8,8) size 784x1479
      RenderTable {TABLE} at (0,0) size 171x493
        RenderTableSection {TBODY} at (0,0) size 171x493
          RenderTableRow {TR} at (0,2) size 171x16
            RenderTableCell {TD} at (2,2) size 167x16 [r=0 c=0 rs=1 cs=1]
              RenderText {#text} at (1,1) size 165x14
                text run at (1,1) width 165: "Occasional height/width on images"
          RenderTableRow {TR} at (0,20) size 171x34
            RenderTableCell {TD} at (2,20) size 167x34 [r=1 c=0 rs=1 cs=1]
              RenderImage {IMG} at (1,1) size 75x32
          RenderTableRow {TR} at (0,56) size 171x24
            RenderTableCell {TD} at (2,56) size 167x24 [r=2 c=0 rs=1 cs=1]
              RenderImage {IMG} at (1,1) size 44x22
          RenderTableRow {TR} at (0,82) size 171x15
            RenderTableCell {TD} at (2,82) size 167x15 [r=3 c=0 rs=1 cs=1]
              RenderImage {IMG} at (1,1) size 89x13
          RenderTableRow {TR} at (0,99) size 171x15
            RenderTableCell {TD} at (2,99) size 167x15 [r=4 c=0 rs=1 cs=1]
              RenderImage {IMG} at (1,1) size 89x13
          RenderTableRow {TR} at (0,116) size 171x31
            RenderTableCell {TD} at (2,116) size 167x31 [r=5 c=0 rs=1 cs=1]
              RenderImage {IMG} at (1,1) size 31x29
          RenderTableRow {TR} at (0,149) size 171x23
            RenderTableCell {TD} at (2,149) size 167x23 [r=6 c=0 rs=1 cs=1]
              RenderImage {IMG} at (1,1) size 62x21
          RenderTableRow {TR} at (0,174) size 171x17
            RenderTableCell {TD} at (2,174) size 167x17 [r=7 c=0 rs=1 cs=1]
              RenderImage {IMG} at (1,1) size 70x15
          RenderTableRow {TR} at (0,193) size 171x28
            RenderTableCell {TD} at (2,193) size 167x28 [r=8 c=0 rs=1 cs=1]
              RenderImage {IMG} at (1,1) size 42x26
          RenderTableRow {TR} at (0,223) size 171x17
            RenderTableCell {TD} at (2,223) size 167x17 [r=9 c=0 rs=1 cs=1]
              RenderImage {IMG} at (1,1) size 84x15
          RenderTableRow {TR} at (0,242) size 171x17
            RenderTableCell {TD} at (2,242) size 167x17 [r=10 c=0 rs=1 cs=1]
              RenderImage {IMG} at (1,1) size 90x15
          RenderTableRow {TR} at (0,261) size 171x34
            RenderTableCell {TD} at (2,261) size 167x34 [r=11 c=0 rs=1 cs=1]
              RenderImage {IMG} at (1,1) size 59x32
          RenderTableRow {TR} at (0,297) size 171x17
            RenderTableCell {TD} at (2,297) size 167x17 [r=12 c=0 rs=1 cs=1]
              RenderImage {IMG} at (1,1) size 90x15
          RenderTableRow {TR} at (0,316) size 171x17
            RenderTableCell {TD} at (2,316) size 167x17 [r=13 c=0 rs=1 cs=1]
              RenderImage {IMG} at (1,1) size 90x15
          RenderTableRow {TR} at (0,335) size 171x21
            RenderTableCell {TD} at (2,335) size 167x21 [r=14 c=0 rs=1 cs=1]
              RenderImage {IMG} at (1,1) size 83x19
          RenderTableRow {TR} at (0,358) size 171x33
            RenderTableCell {TD} at (2,358) size 167x33 [r=15 c=0 rs=1 cs=1]
              RenderImage {IMG} at (1,1) size 54x31
          RenderTableRow {TR} at (0,393) size 171x27
            RenderTableCell {TD} at (2,393) size 167x27 [r=16 c=0 rs=1 cs=1]
              RenderImage {IMG} at (1,1) size 56x25
          RenderTableRow {TR} at (0,422) size 171x17
            RenderTableCell {TD} at (2,422) size 167x17 [r=17 c=0 rs=1 cs=1]
              RenderImage {IMG} at (1,1) size 53x15
          RenderTableRow {TR} at (0,441) size 171x31
            RenderTableCell {TD} at (2,441) size 167x31 [r=18 c=0 rs=1 cs=1]
              RenderImage {IMG} at (1,1) size 31x29
          RenderTableRow {TR} at (0,474) size 171x17
            RenderTableCell {TD} at (2,474) size 167x17 [r=19 c=0 rs=1 cs=1]
              RenderImage {IMG} at (1,1) size 53x15
      RenderTable {TABLE} at (0,493) size 200x493
        RenderTableSection {TBODY} at (0,0) size 200x493
          RenderTableRow {TR} at (0,2) size 200x16
            RenderTableCell {TD} at (2,2) size 196x16 [r=0 c=0 rs=1 cs=1]
              RenderText {#text} at (1,1) size 194x14
                text run at (1,1) width 194: "Images with height/width never specified"
          RenderTableRow {TR} at (0,20) size 200x34
            RenderTableCell {TD} at (2,20) size 196x34 [r=1 c=0 rs=1 cs=1]
              RenderImage {IMG} at (1,1) size 75x32
          RenderTableRow {TR} at (0,56) size 200x24
            RenderTableCell {TD} at (2,56) size 196x24 [r=2 c=0 rs=1 cs=1]
              RenderImage {IMG} at (1,1) size 44x22
          RenderTableRow {TR} at (0,82) size 200x15
            RenderTableCell {TD} at (2,82) size 196x15 [r=3 c=0 rs=1 cs=1]
              RenderImage {IMG} at (1,1) size 89x13
          RenderTableRow {TR} at (0,99) size 200x15
            RenderTableCell {TD} at (2,99) size 196x15 [r=4 c=0 rs=1 cs=1]
              RenderImage {IMG} at (1,1) size 89x13
          RenderTableRow {TR} at (0,116) size 200x31
            RenderTableCell {TD} at (2,116) size 196x31 [r=5 c=0 rs=1 cs=1]
              RenderImage {IMG} at (1,1) size 31x29
          RenderTableRow {TR} at (0,149) size 200x23
            RenderTableCell {TD} at (2,149) size 196x23 [r=6 c=0 rs=1 cs=1]
              RenderImage {IMG} at (1,1) size 62x21
          RenderTableRow {TR} at (0,174) size 200x17
            RenderTableCell {TD} at (2,174) size 196x17 [r=7 c=0 rs=1 cs=1]
              RenderImage {IMG} at (1,1) size 70x15
          RenderTableRow {TR} at (0,193) size 200x28
            RenderTableCell {TD} at (2,193) size 196x28 [r=8 c=0 rs=1 cs=1]
              RenderImage {IMG} at (1,1) size 42x26
          RenderTableRow {TR} at (0,223) size 200x17
            RenderTableCell {TD} at (2,223) size 196x17 [r=9 c=0 rs=1 cs=1]
              RenderImage {IMG} at (1,1) size 84x15
          RenderTableRow {TR} at (0,242) size 200x17
            RenderTableCell {TD} at (2,242) size 196x17 [r=10 c=0 rs=1 cs=1]
              RenderImage {IMG} at (1,1) size 90x15
          RenderTableRow {TR} at (0,261) size 200x34
            RenderTableCell {TD} at (2,261) size 196x34 [r=11 c=0 rs=1 cs=1]
              RenderImage {IMG} at (1,1) size 59x32
          RenderTableRow {TR} at (0,297) size 200x17
            RenderTableCell {TD} at (2,297) size 196x17 [r=12 c=0 rs=1 cs=1]
              RenderImage {IMG} at (1,1) size 90x15
          RenderTableRow {TR} at (0,316) size 200x17
            RenderTableCell {TD} at (2,316) size 196x17 [r=13 c=0 rs=1 cs=1]
              RenderImage {IMG} at (1,1) size 90x15
          RenderTableRow {TR} at (0,335) size 200x21
            RenderTableCell {TD} at (2,335) size 196x21 [r=14 c=0 rs=1 cs=1]
              RenderImage {IMG} at (1,1) size 83x19
          RenderTableRow {TR} at (0,358) size 200x33
            RenderTableCell {TD} at (2,358) size 196x33 [r=15 c=0 rs=1 cs=1]
              RenderImage {IMG} at (1,1) size 54x31
          RenderTableRow {TR} at (0,393) size 200x27
            RenderTableCell {TD} at (2,393) size 196x27 [r=16 c=0 rs=1 cs=1]
              RenderImage {IMG} at (1,1) size 56x25
          RenderTableRow {TR} at (0,422) size 200x17
            RenderTableCell {TD} at (2,422) size 196x17 [r=17 c=0 rs=1 cs=1]
              RenderImage {IMG} at (1,1) size 53x15
          RenderTableRow {TR} at (0,441) size 200x31
            RenderTableCell {TD} at (2,441) size 196x31 [r=18 c=0 rs=1 cs=1]
              RenderImage {IMG} at (1,1) size 31x29
          RenderTableRow {TR} at (0,474) size 200x17
            RenderTableCell {TD} at (2,474) size 196x17 [r=19 c=0 rs=1 cs=1]
              RenderImage {IMG} at (1,1) size 53x15
      RenderTable {TABLE} at (0,986) size 207x493
        RenderTableSection {TBODY} at (0,0) size 207x493
          RenderTableRow {TR} at (0,2) size 207x16
            RenderTableCell {TD} at (2,2) size 203x16 [r=0 c=0 rs=1 cs=1]
              RenderText {#text} at (1,1) size 201x14
                text run at (1,1) width 201: "Images with height/width always specified"
          RenderTableRow {TR} at (0,20) size 207x34
            RenderTableCell {TD} at (2,20) size 203x34 [r=1 c=0 rs=1 cs=1]
              RenderImage {IMG} at (1,1) size 75x32
          RenderTableRow {TR} at (0,56) size 207x24
            RenderTableCell {TD} at (2,56) size 203x24 [r=2 c=0 rs=1 cs=1]
              RenderImage {IMG} at (1,1) size 44x22
          RenderTableRow {TR} at (0,82) size 207x15
            RenderTableCell {TD} at (2,82) size 203x15 [r=3 c=0 rs=1 cs=1]
              RenderImage {IMG} at (1,1) size 89x13
          RenderTableRow {TR} at (0,99) size 207x15
            RenderTableCell {TD} at (2,99) size 203x15 [r=4 c=0 rs=1 cs=1]
              RenderImage {IMG} at (1,1) size 89x13
          RenderTableRow {TR} at (0,116) size 207x31
            RenderTableCell {TD} at (2,116) size 203x31 [r=5 c=0 rs=1 cs=1]
              RenderImage {IMG} at (1,1) size 31x29
          RenderTableRow {TR} at (0,149) size 207x23
            RenderTableCell {TD} at (2,149) size 203x23 [r=6 c=0 rs=1 cs=1]
              RenderImage {IMG} at (1,1) size 62x21
          RenderTableRow {TR} at (0,174) size 207x17
            RenderTableCell {TD} at (2,174) size 203x17 [r=7 c=0 rs=1 cs=1]
              RenderImage {IMG} at (1,1) size 70x15
          RenderTableRow {TR} at (0,193) size 207x28
            RenderTableCell {TD} at (2,193) size 203x28 [r=8 c=0 rs=1 cs=1]
              RenderImage {IMG} at (1,1) size 42x26
          RenderTableRow {TR} at (0,223) size 207x17
            RenderTableCell {TD} at (2,223) size 203x17 [r=9 c=0 rs=1 cs=1]
              RenderImage {IMG} at (1,1) size 84x15
          RenderTableRow {TR} at (0,242) size 207x17
            RenderTableCell {TD} at (2,242) size 203x17 [r=10 c=0 rs=1 cs=1]
              RenderImage {IMG} at (1,1) size 90x15
          RenderTableRow {TR} at (0,261) size 207x34
            RenderTableCell {TD} at (2,261) size 203x34 [r=11 c=0 rs=1 cs=1]
              RenderImage {IMG} at (1,1) size 59x32
          RenderTableRow {TR} at (0,297) size 207x17
            RenderTableCell {TD} at (2,297) size 203x17 [r=12 c=0 rs=1 cs=1]
              RenderImage {IMG} at (1,1) size 90x15
          RenderTableRow {TR} at (0,316) size 207x17
            RenderTableCell {TD} at (2,316) size 203x17 [r=13 c=0 rs=1 cs=1]
              RenderImage {IMG} at (1,1) size 90x15
          RenderTableRow {TR} at (0,335) size 207x21
            RenderTableCell {TD} at (2,335) size 203x21 [r=14 c=0 rs=1 cs=1]
              RenderImage {IMG} at (1,1) size 83x19
          RenderTableRow {TR} at (0,358) size 207x33
            RenderTableCell {TD} at (2,358) size 203x33 [r=15 c=0 rs=1 cs=1]
              RenderImage {IMG} at (1,1) size 54x31
          RenderTableRow {TR} at (0,393) size 207x27
            RenderTableCell {TD} at (2,393) size 203x27 [r=16 c=0 rs=1 cs=1]
              RenderImage {IMG} at (1,1) size 56x25
          RenderTableRow {TR} at (0,422) size 207x17
            RenderTableCell {TD} at (2,422) size 203x17 [r=17 c=0 rs=1 cs=1]
              RenderImage {IMG} at (1,1) size 53x15
          RenderTableRow {TR} at (0,441) size 207x31
            RenderTableCell {TD} at (2,441) size 203x31 [r=18 c=0 rs=1 cs=1]
              RenderImage {IMG} at (1,1) size 31x29
          RenderTableRow {TR} at (0,474) size 207x17
            RenderTableCell {TD} at (2,474) size 203x17 [r=19 c=0 rs=1 cs=1]
              RenderImage {IMG} at (1,1) size 53x15
