layer at (0,0) size 800x600
  RenderView at (0,0) size 800x600
layer at (0,0) size 800x292
  RenderBlock {HTML} at (0,0) size 800x292
    RenderBody {BODY} at (8,8) size 784x276
      RenderTable {TABLE} at (0,0) size 111x44 [border: (1px outset #808080)]
        RenderTableSection {TBODY} at (1,1) size 109x42
          RenderTableRow {TR} at (0,2) size 109x18
            RenderTableCell {TD} at (2,2) size 54x18 [border: (1px inset #808080)] [r=0 c=0 rs=1 cs=1]
              RenderText {#text} at (2,2) size 50x14
                text run at (2,2) width 50: "rowspan 0"
            RenderTableCell {TD} at (58,2) size 49x18 [border: (1px inset #808080)] [r=0 c=1 rs=1 cs=1]
              RenderText {#text} at (2,2) size 45x14
                text run at (2,2) width 45: "colspan 0"
          RenderTableRow {TR} at (0,22) size 109x18
            RenderTableCell {TD} at (2,22) size 54x18 [border: (1px inset #808080)] [r=1 c=0 rs=1 cs=1]
              RenderText {#text} at (2,2) size 6x14
                text run at (2,2) width 6: "5"
            RenderTableCell {TD} at (58,22) size 49x18 [border: (1px inset #808080)] [r=1 c=1 rs=1 cs=1]
              RenderText {#text} at (2,2) size 6x14
                text run at (2,2) width 6: "6"
      RenderBlock (anonymous) at (0,44) size 784x14
        RenderBR {BR} at (0,0) size 0x14
      RenderTable {TABLE} at (0,58) size 79x44 [border: (1px outset #808080)]
        RenderTableSection {TBODY} at (1,1) size 77x42
          RenderTableRow {TR} at (0,2) size 77x18
            RenderTableCell {TD} at (2,2) size 49x18 [border: (1px inset #808080)] [r=0 c=0 rs=1 cs=1]
              RenderText {#text} at (2,2) size 45x14
                text run at (2,2) width 45: "colspan 0"
            RenderTableCell {TD} at (53,2) size 10x18 [border: (1px inset #808080)] [r=0 c=1 rs=1 cs=1]
              RenderText {#text} at (2,2) size 6x14
                text run at (2,2) width 6: "3"
          RenderTableRow {TR} at (0,22) size 77x18
            RenderTableCell {TD} at (2,22) size 49x18 [border: (1px inset #808080)] [r=1 c=0 rs=1 cs=1]
              RenderText {#text} at (2,2) size 6x14
                text run at (2,2) width 6: "4"
            RenderTableCell {TD} at (53,22) size 10x18 [border: (1px inset #808080)] [r=1 c=1 rs=1 cs=1]
              RenderText {#text} at (2,2) size 6x14
                text run at (2,2) width 6: "5"
            RenderTableCell {TD} at (65,22) size 10x18 [border: (1px inset #808080)] [r=1 c=2 rs=1 cs=1]
              RenderText {#text} at (2,2) size 6x14
                text run at (2,2) width 6: "6"
      RenderBlock (anonymous) at (0,102) size 784x14
        RenderBR {BR} at (0,0) size 0x14
      RenderTable {TABLE} at (0,116) size 132x44 [border: (1px outset #808080)]
        RenderTableSection {TBODY} at (1,1) size 130x42
          RenderTableRow {TR} at (0,2) size 130x18
            RenderTableCell {TD} at (2,2) size 10x18 [border: (1px inset #808080)] [r=0 c=0 rs=1 cs=1]
              RenderText {#text} at (2,2) size 6x14
                text run at (2,2) width 6: "1"
            RenderTableCell {TD} at (14,12) size 102x18 [border: (1px inset #808080)] [r=0 c=1 rs=2 cs=1]
              RenderText {#text} at (2,2) size 98x14
                text run at (2,2) width 98: "rowspan 0 colspan 0"
          RenderTableRow {TR} at (0,22) size 130x18
            RenderTableCell {TD} at (2,22) size 10x18 [border: (1px inset #808080)] [r=1 c=0 rs=1 cs=1]
              RenderText {#text} at (2,2) size 6x14
                text run at (2,2) width 6: "4"
            RenderTableCell {TD} at (118,22) size 10x18 [border: (1px inset #808080)] [r=1 c=2 rs=1 cs=1]
              RenderText {#text} at (2,2) size 6x14
                text run at (2,2) width 6: "6"
      RenderBlock (anonymous) at (0,160) size 784x14
        RenderBR {BR} at (0,0) size 0x14
      RenderTable {TABLE} at (0,174) size 28x44 [border: (1px outset #808080)]
        RenderTableSection {TBODY} at (1,1) size 26x42
          RenderTableRow {TR} at (0,2) size 26x18
            RenderTableCell {TD} at (2,2) size 10x18 [border: (1px inset #808080)] [r=0 c=0 rs=1 cs=1]
              RenderText {#text} at (2,2) size 6x14
                text run at (2,2) width 6: "1"
            RenderTableCell {TD} at (14,12) size 10x18 [border: (1px inset #808080)] [r=0 c=1 rs=2 cs=1]
              RenderText {#text} at (2,2) size 6x14
                text run at (2,2) width 6: "2"
          RenderTableRow {TR} at (0,22) size 26x18
            RenderTableCell {TD} at (2,22) size 10x18 [border: (1px inset #808080)] [r=1 c=0 rs=1 cs=1]
              RenderText {#text} at (2,2) size 6x14
                text run at (2,2) width 6: "3"
      RenderBlock (anonymous) at (0,218) size 784x14
        RenderBR {BR} at (0,0) size 0x14
      RenderTable {TABLE} at (0,232) size 112x44 [border: (1px outset #808080)]
        RenderTableSection {TBODY} at (1,1) size 110x42
          RenderTableRow {TR} at (0,2) size 110x18
            RenderTableCell {TD} at (2,2) size 24x18 [border: (1px inset #808080)] [r=0 c=0 rs=1 cs=1]
              RenderText {#text} at (2,2) size 20x14
                text run at (2,2) width 20: "auto"
            RenderTableCell {TD} at (28,2) size 54x18 [border: (1px inset #808080)] [r=0 c=1 rs=1 cs=1]
              RenderText {#text} at (2,2) size 50x14
                text run at (2,2) width 50: "rowspan 0"
            RenderTableCell {TD} at (84,2) size 24x18 [border: (1px inset #808080)] [r=0 c=2 rs=1 cs=1]
              RenderText {#text} at (2,2) size 20x14
                text run at (2,2) width 20: "auto"
          RenderTableRow {TR} at (0,22) size 110x18
            RenderTableCell {TD} at (2,22) size 24x18 [border: (1px inset #808080)] [r=1 c=0 rs=1 cs=1]
              RenderText {#text} at (2,2) size 20x14
                text run at (2,2) width 20: "auto"
            RenderTableCell {TD} at (28,22) size 54x18 [border: (1px inset #808080)] [r=1 c=1 rs=1 cs=1]
              RenderText {#text} at (2,2) size 20x14
                text run at (2,2) width 20: "auto"
            RenderTableCell {TD} at (84,22) size 24x18 [border: (1px inset #808080)] [r=1 c=2 rs=1 cs=1]
              RenderText {#text} at (2,2) size 20x14
                text run at (2,2) width 20: "auto"
