layer at (0,0) size 980x735
  RenderView at (0,0) size 980x735
layer at (0,0) size 980x547
  RenderBlock {HTML} at (0,0) size 980x547
    RenderBody {BODY} at (8,16) size 964x523 [color=#FFFFFF] [bgcolor=#000000]
      RenderBlock {P} at (0,0) size 964x19
        RenderText {#text} at (0,0) size 262x19
          text run at (0,0) width 262: "Images should all look the same."
      RenderBlock {DIV} at (0,35) size 964x244
        RenderImage {IMG} at (0,0) size 360x240
        RenderText {#text} at (360,225) size 5x19
          text run at (360,225) width 5: " "
        RenderImage {IMG} at (365,0) size 360x240
        RenderText {#text} at (0,0) size 0x0
      RenderBlock {DIV} at (0,279) size 964x244
        RenderText {#text} at (360,225) size 5x19
          text run at (360,225) width 5: " "
        RenderText {#text} at (0,0) size 0x0
layer at (8,295) size 360x240
  RenderImage {IMG} at (0,0) size 360x240
layer at (373,295) size 360x240
  RenderImage {IMG} at (365,0) size 360x240
