layer at (0,0) size 980x735
  RenderView at (0,0) size 980x735
layer at (0,0) size 980x83
  RenderBlock {HTML} at (0,0) size 980x83
    RenderBody {BODY} at (8,16) size 964x59
      RenderBlock {P} at (0,0) size 964x19
        RenderText {#text} at (0,0) size 204x19
          text run at (0,0) width 204: "This test should not crash"
      RenderBlock (anonymous) at (0,35) size 964x24
        RenderText {#text} at (0,0) size 0x0
layer at (8,51) size 20x20
  RenderImage {IMG} at (0,0) size 20x20
