layer at (0,0) size 800x600
  RenderView at (0,0) size 800x600
layer at (0,0) size 800x600
  RenderBlock {HTML} at (0,0) size 800x600
    RenderBody {BODY} at (8,8) size 784x580
      RenderBlock {H1} at (0,0) size 784x28
        RenderText {#text} at (0,1) size 461x26
          text run at (0,1) width 461: "Testing hittest on a layer with null transform"
      RenderBlock {P} at (0,44) size 784x14
        RenderText {#text} at (0,0) size 230x14
          text run at (0,0) width 230: "https://bugs.webkit.org/show_bug.cgi?id=24252"
layer at (20,92) size 400x100
  RenderBlock (positioned) {P} at (20,92) size 400x100 [bgcolor=#DDDDFF]
    RenderText {#text} at (0,0) size 96x14
      text run at (0,0) width 96: "transformed element"
layer at (8,212) size 21x14
  RenderBlock (positioned) {P} at (8,212) size 21x14
    RenderText {#text} at (0,0) size 21x14
      text run at (0,0) width 21: "pass"
