layer at (0,0) size 800x600
  RenderView at (0,0) size 800x600
layer at (0,0) size 800x544
  RenderBlock {html} at (0,0) size 800x544
    RenderBody {body} at (8,8) size 784x528
      RenderBlock {div} at (10,10) size 220x508
        RenderBlock {h2} at (0,14) size 220x21
          RenderText {#text} at (0,0) size 91x20
            text run at (0,0) width 91: "SVG nested"
        RenderBlock {h2} at (0,263) size 220x21
          RenderText {#text} at (0,0) size 87x20
            text run at (0,0) width 87: "CSS nested"
      RenderText {#text} at (240,0) size 3x14
        text run at (240,0) width 3: " "
      RenderBlock {div} at (253,10) size 220x508
        RenderBlock {h2} at (0,14) size 220x21
          RenderText {#text} at (0,0) size 123x20
            text run at (0,0) width 123: "SVG compound"
        RenderBlock {h2} at (0,263) size 220x21
          RenderText {#text} at (0,0) size 119x20
            text run at (0,0) width 119: "CSS compound"
      RenderText {#text} at (483,0) size 3x14
        text run at (483,0) width 3: " "
      RenderBlock {div} at (496,10) size 220x508
        RenderBlock {h2} at (0,14) size 220x21
          RenderText {#text} at (0,0) size 96x20
            text run at (0,0) width 96: "SVG Matrix"
        RenderBlock {h2} at (0,263) size 220x21
          RenderText {#text} at (0,0) size 87x20
            text run at (0,0) width 87: "CSSMatrix"
      RenderText {#text} at (0,0) size 0x0
layer at (28,67) size 200x200
  RenderBlock (relative positioned) {div} at (10,49) size 200x200 [bgcolor=#C0C0C0] [border: (1px solid #000000)]
    RenderSVGRoot {svg} at (29,91) size 196x174
      RenderSVGContainer {g} at (29,91) size 196x174 [transform={m=((1.00,0.00)(0.00,1.00)) t=(75.00,25.00)}]
        RenderSVGPath {rect} at (103,92) size 62x62 [stroke={[type=SOLID] [color=#000000] [dash array={1.00, 1.00}]}] [x=0.00] [y=0.00] [width=60.00] [height=60.00]
        RenderSVGContainer {g} at (29,91) size 197x174 [transform={m=((2.00,0.00)(0.00,2.00)) t=(0.00,0.00)}]
          RenderSVGPath {rect} at (102,91) size 124x124 [stroke={[type=SOLID] [color=#000000] [dash array={1.00, 1.00}]}] [x=0.00] [y=0.00] [width=60.00] [height=60.00]
          RenderSVGPath {rect} at (29,89) size 163x178 [transform={m=((0.71,0.71)(-0.71,0.71)) t=(0.00,0.00)}] [stroke={[type=SOLID] [color=#0000FF]}] [x=0.00] [y=0.00] [width=60.00] [height=60.00]
    RenderText {#text} at (0,0) size 0x0
layer at (28,316) size 200x200
  RenderBlock (relative positioned) {div} at (10,298) size 200x200 [bgcolor=#C0C0C0] [border: (1px solid #000000)]
layer at (29,317) size 60x60
  RenderBlock (positioned) {div} at (1,1) size 60x60 [border: (1px dotted #000000)]
layer at (30,318) size 60x60
  RenderBlock (positioned) {div} at (1,1) size 60x60 [border: (1px dotted #000000)]
layer at (31,319) size 60x60
  RenderBlock (positioned) {div} at (1,1) size 60x60 [border: (1px solid #0000FF)]
layer at (271,67) size 200x200
  RenderBlock (relative positioned) {div} at (10,49) size 200x200 [bgcolor=#C0C0C0] [border: (1px solid #000000)]
    RenderSVGRoot {svg} at (272,91) size 162x174
      RenderSVGPath {rect} at (272,90) size 163x176 [transform={m=((1.41,1.41)(-1.41,1.41)) t=(75.00,25.00)}] [stroke={[type=SOLID] [color=#0000FF]}] [x=0.00] [y=0.00] [width=60.00] [height=60.00]
    RenderText {#text} at (0,0) size 0x0
layer at (271,316) size 200x200
  RenderBlock (relative positioned) {div} at (10,298) size 200x200 [bgcolor=#C0C0C0] [border: (1px solid #000000)]
layer at (272,317) size 60x60
  RenderBlock (positioned) {div} at (1,1) size 60x60 [border: (1px solid #0000FF)]
layer at (514,67) size 200x200
  RenderBlock (relative positioned) {div} at (10,49) size 200x200 [bgcolor=#C0C0C0] [border: (1px solid #000000)]
    RenderSVGRoot {svg} at (515,91) size 162x174
      RenderSVGPath {rect} at (515,90) size 163x176 [transform={m=((1.41,1.41)(-1.41,1.41)) t=(75.00,25.00)}] [stroke={[type=SOLID] [color=#0000FF]}] [x=0.00] [y=0.00] [width=60.00] [height=60.00]
    RenderText {#text} at (0,0) size 0x0
layer at (514,316) size 200x200
  RenderBlock (relative positioned) {div} at (10,298) size 200x200 [bgcolor=#C0C0C0] [border: (1px solid #000000)]
layer at (515,317) size 60x60
  RenderBlock (positioned) {div} at (1,1) size 60x60 [border: (1px solid #0000FF)]
