layer at (0,0) size 980x735
  RenderView at (0,0) size 980x735
layer at (0,0) size 980x537
  RenderBlock {html} at (0,0) size 980x537
    RenderBody {body} at (8,16) size 964x471 [bgcolor=#FFFFFF]
      RenderBlock {p} at (0,0) size 964x19
        RenderText {#text} at (0,0) size 662x19
          text run at (0,0) width 370: "CSS Transformed HTML div with SVG inside it. "
          text run at (370,0) width 292: "objectBoundingBox patterns on text."
layer at (58,85) size 402x402
  RenderBlock {div} at (50,69) size 402x402 [border: (1px solid #000000)]
    RenderSVGRoot {svg} at (49,106) size 480x420
      RenderSVGResourcePattern {pattern} [id="pat1"] [patternUnits=objectBoundingBox] [patternContentUnits=userSpaceOnUse]
        RenderSVGRect {rect} at (151,111) size 13x13 [fill={[type=SOLID] [color=#FF0000]}] [x=5.00] [y=5.00] [width=10.00] [height=10.00]
        RenderSVGRect {rect} at (154,116) size 12x13 [fill={[type=SOLID] [color=#008000]}] [x=10.00] [y=10.00] [width=10.00] [height=10.00]
      RenderSVGRect {rect} at (150,120) size 358x173 [stroke={[type=SOLID] [color=#000000]}] [fill={[type=PATTERN] [id="pat1"]}] [x=25.00] [y=10.00] [width=430.00] [height=60.00]
      RenderSVGText {text} at (25,74) size 436x14 contains 1 chunk(s)
        RenderSVGInlineText {#text} at (0,0) size 436x14
          chunk 1 text run 1 at (25.00,85.00) startOffset 0 endOffset 75 width 435.60: "Pattern created using red and green rectangles applied to fill of rectangle"
      RenderSVGResourcePattern {pattern} [id="pat2"] [patternUnits=objectBoundingBox] [patternContentUnits=userSpaceOnUse]
        RenderSVGRect {rect} at (149,106) size 12x13 [fill={[type=SOLID] [color=#FF0000]}] [x=0.00] [y=0.00] [width=10.00] [height=10.00]
        RenderSVGRect {rect} at (156,109) size 13x12 [fill={[type=SOLID] [color=#008000]}] [x=10.00] [y=0.00] [width=10.00] [height=10.00]
        RenderSVGRect {rect} at (146,114) size 13x12 [fill={[type=SOLID] [color=#0000FF]}] [x=0.00] [y=10.00] [width=10.00] [height=10.00]
        RenderSVGRect {rect} at (154,116) size 12x13 [fill={[type=SOLID] [color=#FFFF00]}] [x=10.00] [y=10.00] [width=10.00] [height=10.00]
      RenderSVGRect {rect} at (125,191) size 357x172 [stroke={[type=PATTERN] [id="pat2"] [stroke width=20.00]}] [x=35.00] [y=110.00] [width=410.00] [height=40.00]
      RenderSVGText {text} at (25,164) size 340x14 contains 1 chunk(s)
        RenderSVGInlineText {#text} at (0,0) size 340x14
          chunk 1 text run 1 at (25.00,175.00) startOffset 0 endOffset 59 width 339.60: "Pattern of 4 rectangles applied to a stroke of a rectangle."
      RenderSVGResourcePattern {pattern} [id="pat3"] [patternUnits=objectBoundingBox] [patternContentUnits=userSpaceOnUse]
        RenderSVGRect {rect} at (149,106) size 12x13 [fill={[type=SOLID] [color=#FF0000]}] [x=0.00] [y=0.00] [width=10.00] [height=10.00]
        RenderSVGRect {rect} at (146,114) size 13x12 [fill={[type=SOLID] [color=#008000]}] [x=0.00] [y=10.00] [width=10.00] [height=10.00]
      RenderSVGText {text} at (25,173) size 340x59 contains 1 chunk(s)
        RenderSVGInlineText {#text} at (0,0) size 340x59
          chunk 1 text run 1 at (25.00,220.00) startOffset 0 endOffset 15 width 339.60: "Pattern on fill"
      RenderSVGText {text} at (25,224) size 227x14 contains 1 chunk(s)
        RenderSVGInlineText {#text} at (0,0) size 227x14
          chunk 1 text run 1 at (25.00,235.00) startOffset 0 endOffset 38 width 226.80: "Pattern consists of red and green rows"
      RenderSVGResourcePattern {pattern} [id="pat4"] [patternUnits=objectBoundingBox] [patternContentUnits=userSpaceOnUse]
        RenderSVGRect {rect} at (149,106) size 12x13 [fill={[type=SOLID] [color=#FF0000]}] [x=0.00] [y=0.00] [width=10.00] [height=10.00]
        RenderSVGRect {rect} at (156,109) size 13x12 [fill={[type=SOLID] [color=#0000FF]}] [x=10.00] [y=0.00] [width=10.00] [height=10.00]
      RenderSVGText {text} at (25,237) size 342x47 contains 1 chunk(s)
        RenderSVGInlineText {#text} at (0,0) size 342x47
          chunk 1 text run 1 at (25.00,275.00) startOffset 0 endOffset 17 width 342.00: "Pattern on stroke"
      RenderSVGText {text} at (25,279) size 242x14 contains 1 chunk(s)
        RenderSVGInlineText {#text} at (0,0) size 242x14
          chunk 1 text run 1 at (25.00,290.00) startOffset 0 endOffset 40 width 241.20: "Pattern consists of red and blue columns"
      RenderSVGText {text} at (10,302) size 317x47 contains 1 chunk(s)
        RenderSVGInlineText {#text} at (0,0) size 317x47
          chunk 1 text run 1 at (10.00,340.00) startOffset 0 endOffset 16 width 316.80: "$Revision: 1.6 $"
      RenderSVGRect {rect} at (49,106) size 480x420 [stroke={[type=SOLID] [color=#000000]}] [x=1.00] [y=1.00] [width=478.00] [height=358.00]
    RenderText {#text} at (0,0) size 0x0
