layer at (0,0) size 800x600
  RenderView at (0,0) size 800x600
layer at (0,0) size 800x600
  RenderBlock {HTML} at (0,0) size 800x600
    RenderBody {BODY} at (8,8) size 784x584
      RenderBlock {P} at (0,0) size 784x14
        RenderText {#text} at (0,0) size 247x14
          text run at (0,0) width 247: "These should be two identical green hollow squares:"
      RenderBlock (anonymous) at (0,26) size 784x59
        RenderHTMLCanvas {CANVAS} at (0,0) size 56x56 [border: (3px solid #008000)]
        RenderText {#text} at (56,45) size 3x14
          text run at (56,45) width 3: " "
        RenderHTMLCanvas {CANVAS} at (59,0) size 56x56 [border: (3px solid #008000)]
        RenderText {#text} at (0,0) size 0x0
        RenderText {#text} at (0,0) size 0x0
