layer at (0,0) size 980x735
  RenderView at (0,0) size 980x735
layer at (0,0) size 980x735
  RenderBlock {HTML} at (0,0) size 980x735
    RenderBody {BODY} at (8,8) size 964x711
      RenderBlock {DIV} at (0,0) size 100x100 [bgcolor=#FF0000]
      RenderBlock {P} at (0,116) size 964x19
        RenderText {#text} at (0,0) size 329x19
          text run at (0,0) width 329: "there should be a red box above this text"
