layer at (0,0) size 800x2098
  RenderView at (0,0) size 800x600
layer at (0,0) size 800x2098
  RenderBlock {HTML} at (0,0) size 800x2098
    RenderBody {BODY} at (8,8) size 784x2074
      RenderBlock {H1} at (0,0) size 784x37
        RenderText {#text} at (0,0) size 432x36
          text run at (0,0) width 432: "Example 4: Some simple tables."
      RenderTable {TABLE} at (0,58) size 354x84 [border: (1px outset #808080)]
        RenderTableSection {TBODY} at (1,1) size 352x82
          RenderTableRow {TR} at (0,2) size 352x18
            RenderTableCell {TH} at (2,2) size 51x18 [border: (1px inset #808080)] [r=0 c=0 rs=1 cs=1]
              RenderText {#text} at (9,2) size 33x14
                text run at (9,2) width 33: "Color "
            RenderTableCell {TH} at (55,2) size 295x18 [border: (1px inset #808080)] [r=0 c=1 rs=1 cs=1]
              RenderText {#text} at (123,2) size 49x14
                text run at (123,2) width 49: "Meaning "
          RenderTableRow {TR} at (0,22) size 352x18
            RenderTableCell {TD} at (2,22) size 51x18 [bgcolor=#90EE90] [border: (1px inset #808080)] [r=1 c=0 rs=1 cs=1]
              RenderText {#text} at (2,2) size 47x14
                text run at (2,2) width 47: "lightgreen"
            RenderTableCell {TD} at (55,22) size 295x18 [border: (1px inset #808080)] [r=1 c=1 rs=1 cs=1]
              RenderText {#text} at (2,2) size 221x14
                text run at (2,2) width 221: "Light green is used on cells that have a colspan"
          RenderTableRow {TR} at (0,42) size 352x18
            RenderTableCell {TD} at (2,42) size 51x18 [bgcolor=#F0E68C] [border: (1px inset #808080)] [r=2 c=0 rs=1 cs=1]
              RenderText {#text} at (2,2) size 26x14
                text run at (2,2) width 26: "khaki"
            RenderTableCell {TD} at (55,42) size 295x18 [border: (1px inset #808080)] [r=2 c=1 rs=1 cs=1]
              RenderText {#text} at (2,2) size 201x14
                text run at (2,2) width 201: "Khaki is used on cells that have a rowspan"
          RenderTableRow {TR} at (0,62) size 352x18
            RenderTableCell {TD} at (2,62) size 51x18 [bgcolor=#D3D3D3] [border: (1px inset #808080)] [r=3 c=0 rs=1 cs=1]
              RenderText {#text} at (2,2) size 42x14
                text run at (2,2) width 42: "lightgrey"
            RenderTableCell {TD} at (55,62) size 295x18 [border: (1px inset #808080)] [r=3 c=1 rs=1 cs=1]
              RenderText {#text} at (2,2) size 224x14
                text run at (2,2) width 224: "Light grey is used on cells that have a rowspan "
              RenderInline {B} at (0,0) size 20x14
                RenderText {#text} at (226,2) size 20x14
                  text run at (226,2) width 20: "and"
              RenderText {#text} at (246,2) size 47x14
                text run at (246,2) width 47: " a colspan"
      RenderBlock (anonymous) at (0,142) size 784x38
        RenderBR {BR} at (0,0) size 0x19
        RenderText {#text} at (0,19) size 4x19
          text run at (0,19) width 4: " "
      RenderTable {TABLE} at (0,180) size 784x78 [border: (1px outset #808080)]
        RenderBlock {CAPTION} at (0,0) size 782x14
          RenderText {#text} at (201,0) size 380x14
            text run at (201,0) width 380: "Table 1 has this caption at the top.  It is defined to be 100% of it's parent's width."
        RenderTableSection {TBODY} at (1,15) size 782x62
          RenderTableRow {TR} at (0,2) size 782x18
            RenderTableCell {TD} at (2,2) size 403x18 [bgcolor=#90EE90] [border: (1px inset #808080)] [r=0 c=0 rs=1 cs=2]
              RenderText {#text} at (2,2) size 19x14
                text run at (2,2) width 19: "Cell"
            RenderTableCell {TD} at (407,2) size 373x18 [border: (1px inset #808080)] [r=0 c=2 rs=1 cs=1]
              RenderText {#text} at (2,2) size 290x14
                text run at (2,2) width 290: "Stuff to test out table cell layout. This should be long enough."
          RenderTableRow {TR} at (0,22) size 782x18
            RenderTableCell {TD} at (2,22) size 29x18 [border: (1px inset #808080)] [r=1 c=0 rs=1 cs=1]
              RenderText {#text} at (2,2) size 19x14
                text run at (2,2) width 19: "Cell"
            RenderTableCell {TD} at (33,22) size 747x18 [bgcolor=#90EE90] [border: (1px inset #808080)] [r=1 c=1 rs=1 cs=2]
              RenderText {#text} at (2,2) size 290x14
                text run at (2,2) width 290: "Stuff to test out table cell layout. This should be long enough."
          RenderTableRow {TR} at (0,42) size 782x18
            RenderTableCell {TD} at (2,42) size 29x18 [border: (1px inset #808080)] [r=2 c=0 rs=1 cs=1]
              RenderText {#text} at (2,2) size 19x14
                text run at (2,2) width 19: "Cell"
            RenderTableCell {TD} at (33,42) size 372x18 [border: (1px inset #808080)] [r=2 c=1 rs=1 cs=1]
              RenderText {#text} at (2,2) size 290x14
                text run at (2,2) width 290: "Stuff to test out table cell layout. This should be long enough."
            RenderTableCell {TD} at (407,42) size 373x18 [border: (1px inset #808080)] [r=2 c=2 rs=1 cs=1]
              RenderText {#text} at (2,2) size 19x14
                text run at (2,2) width 19: "Cell"
      RenderBlock (anonymous) at (0,258) size 784x38
        RenderBR {BR} at (0,0) size 0x19
        RenderText {#text} at (0,19) size 4x19
          text run at (0,19) width 4: " "
      RenderTable {TABLE} at (0,296) size 375x78 [border: (1px outset #808080)]
        RenderBlock {CAPTION} at (0,0) size 373x14
          RenderText {#text} at (66,0) size 241x14
            text run at (66,0) width 241: "Table 2 has auto-width (no width param specified.)"
        RenderTableSection {TBODY} at (1,15) size 373x62
          RenderTableRow {TR} at (0,2) size 373x18
            RenderTableCell {TD} at (2,2) size 23x18 [border: (1px inset #808080)] [r=0 c=0 rs=1 cs=1]
              RenderText {#text} at (2,2) size 19x14
                text run at (2,2) width 19: "Cell"
            RenderTableCell {TD} at (27,12) size 344x18 [bgcolor=#D3D3D3] [border: (1px inset #808080)] [r=0 c=1 rs=2 cs=2]
              RenderText {#text} at (2,2) size 290x14
                text run at (2,2) width 290: "Stuff to test out table cell layout. This should be long enough."
          RenderTableRow {TR} at (0,22) size 373x18
            RenderTableCell {TD} at (2,22) size 23x18 [border: (1px inset #808080)] [r=1 c=0 rs=1 cs=1]
              RenderText {#text} at (2,2) size 19x14
                text run at (2,2) width 19: "Cell"
          RenderTableRow {TR} at (0,42) size 373x18
            RenderTableCell {TD} at (2,42) size 23x18 [border: (1px inset #808080)] [r=2 c=0 rs=1 cs=1]
              RenderText {#text} at (2,2) size 19x14
                text run at (2,2) width 19: "Cell"
            RenderTableCell {TD} at (27,42) size 294x18 [border: (1px inset #808080)] [r=2 c=1 rs=1 cs=1]
              RenderText {#text} at (2,2) size 290x14
                text run at (2,2) width 290: "Stuff to test out table cell layout. This should be long enough."
            RenderTableCell {TD} at (323,42) size 48x18 [border: (1px inset #808080)] [r=2 c=2 rs=1 cs=1]
              RenderText {#text} at (2,2) size 44x14
                text run at (2,2) width 44: "more text"
      RenderBlock (anonymous) at (0,374) size 784x19
        RenderText {#text} at (0,0) size 4x19
          text run at (0,0) width 4: " "
      RenderTable {TABLE} at (0,393) size 375x78 [border: (1px outset #808080)]
        RenderBlock {CAPTION} at (0,0) size 373x14
          RenderText {#text} at (40,0) size 293x14
            text run at (40,0) width 293: "Table 3 is the same as Table 2, but with equal column widths. "
        RenderTableSection {TBODY} at (1,15) size 373x62
          RenderTableRow {TR} at (0,2) size 373x18
            RenderTableCell {TD} at (2,2) size 23x18 [border: (1px inset #808080)] [r=0 c=0 rs=1 cs=1]
              RenderText {#text} at (2,2) size 19x14
                text run at (2,2) width 19: "Cell"
            RenderTableCell {TD} at (27,12) size 344x18 [bgcolor=#D3D3D3] [border: (1px inset #808080)] [r=0 c=1 rs=2 cs=2]
              RenderText {#text} at (2,2) size 290x14
                text run at (2,2) width 290: "Stuff to test out table cell layout. This should be long enough."
          RenderTableRow {TR} at (0,22) size 373x18
            RenderTableCell {TD} at (2,22) size 23x18 [border: (1px inset #808080)] [r=1 c=0 rs=1 cs=1]
              RenderText {#text} at (2,2) size 19x14
                text run at (2,2) width 19: "Cell"
          RenderTableRow {TR} at (0,42) size 373x18
            RenderTableCell {TD} at (2,42) size 23x18 [border: (1px inset #808080)] [r=2 c=0 rs=1 cs=1]
              RenderText {#text} at (2,2) size 19x14
                text run at (2,2) width 19: "Cell"
            RenderTableCell {TD} at (27,42) size 294x18 [border: (1px inset #808080)] [r=2 c=1 rs=1 cs=1]
              RenderText {#text} at (2,2) size 290x14
                text run at (2,2) width 290: "Stuff to test out table cell layout. This should be long enough."
            RenderTableCell {TD} at (323,42) size 48x18 [border: (1px inset #808080)] [r=2 c=2 rs=1 cs=1]
              RenderText {#text} at (2,2) size 44x14
                text run at (2,2) width 44: "more text"
      RenderBlock (anonymous) at (0,471) size 784x38
        RenderBR {BR} at (0,0) size 0x19
        RenderText {#text} at (0,19) size 4x19
          text run at (0,19) width 4: " "
      RenderTable {TABLE} at (0,509) size 252x114 [border: (1px none #808080)]
        RenderBlock {CAPTION} at (0,86) size 250x28
          RenderText {#text} at (17,0) size 228x28
            text run at (17,0) width 216: "Table 4 has this bottom caption. The table has"
            text run at (11,14) width 228: "specified column widths and collapsing borders."
        RenderTableCol {COLGROUP} at (0,0) size 0x0
          RenderTableCol {COL} at (0,0) size 0x0 [border: (2px dashed #0000FF) none (2px solid #000000)]
          RenderTableCol {COL} at (0,0) size 0x0 [border: (1px solid #FF0000) none]
          RenderTableCol {COL} at (0,0) size 0x0 [border: (2px solid #000000) none]
        RenderTableSection {THEAD} at (1,1) size 250x22 [border: none (6px solid #000000) none]
          RenderTableRow {TR} at (0,0) size 250x22 [border: (2px solid #000000)]
            RenderTableCell {TH} at (0,0) size 90x22 [border: (1px none #000000) none (3px none #000000)] [r=0 c=0 rs=1 cs=1]
              RenderText {#text} at (29,3) size 33x14
                text run at (29,3) width 33: "Player"
            RenderTableCell {TH} at (90,0) size 80x22 [border: (1px none #000000) none (3px none #000000)] [r=0 c=1 rs=1 cs=1]
              RenderText {#text} at (17,3) size 46x14
                text run at (17,3) width 46: "Ranking"
            RenderTableCell {TH} at (170,0) size 80x22 [border: (1px none #000000)] [r=0 c=2 rs=1 cs=1]
              RenderText {#text} at (21,3) size 37x14
                text run at (21,3) width 37: "Record"
        RenderTableSection {TBODY} at (1,23) size 250x62
          RenderTableRow {TR} at (0,0) size 250x22 [border: (2px solid #000000)]
            RenderTableCell {TD} at (0,0) size 90x22 [border: (3px none #000000)] [r=0 c=0 rs=1 cs=1]
              RenderText {#text} at (3,5) size 55x14
                text run at (3,5) width 55: "Steve Clark"
            RenderTableCell {TD} at (90,0) size 80x22 [border: (3px none #000000)] [r=0 c=1 rs=1 cs=1]
              RenderText {#text} at (37,5) size 7x14
                text run at (37,5) width 7: "1"
            RenderTableCell {TD} at (170,0) size 80x22 [border: (3px none #000000)] [r=0 c=2 rs=1 cs=1]
              RenderText {#text} at (29,5) size 22x14
                text run at (29,5) width 22: "77-0"
          RenderTableRow {TR} at (0,22) size 250x20 [border: (2px solid #000000)]
            RenderTableCell {TD} at (0,22) size 90x20 [border: (1px none #000000)] [r=1 c=0 rs=1 cs=1]
              RenderText {#text} at (3,3) size 55x14
                text run at (3,3) width 55: "Cliff Swain"
            RenderTableCell {TD} at (90,22) size 80x20 [border: (1px none #000000)] [r=1 c=1 rs=1 cs=1]
              RenderText {#text} at (37,3) size 7x14
                text run at (37,3) width 7: "2"
            RenderTableCell {TD} at (170,22) size 80x20 [border: (1px none #000000)] [r=1 c=2 rs=1 cs=1]
              RenderText {#text} at (26,3) size 28x14
                text run at (26,3) width 28: "67-10"
          RenderTableRow {TR} at (0,42) size 250x20 [border: (2px solid #000000)]
            RenderTableCell {TD} at (0,42) size 90x20 [border: (1px none #000000)] [r=2 c=0 rs=1 cs=1]
              RenderText {#text} at (3,3) size 64x14
                text run at (3,3) width 64: "Marty Hogan"
            RenderTableCell {TD} at (90,42) size 80x20 [border: (1px none #000000)] [r=2 c=1 rs=1 cs=1]
              RenderText {#text} at (37,3) size 7x14
                text run at (37,3) width 7: "3"
            RenderTableCell {TD} at (170,42) size 80x20 [border: (1px none #000000)] [r=2 c=2 rs=1 cs=1]
              RenderText {#text} at (26,3) size 28x14
                text run at (26,3) width 28: "57-15"
      RenderBlock (anonymous) at (0,623) size 784x19
        RenderBR {BR} at (0,0) size 0x19
      RenderTable {TABLE} at (0,642) size 146x342
        RenderBlock {CAPTION} at (0,328) size 146x14
          RenderText {#text} at (3,0) size 140x14
            text run at (3,0) width 140: "Table 5 has a scrolling tbody."
        RenderTableSection {THEAD} at (0,0) size 146x19
          RenderTableRow {TR} at (0,2) size 146x15
            RenderTableCell {TD} at (2,2) size 70x15 [r=0 c=0 rs=1 cs=2]
              RenderText {#text} at (1,1) size 47x13
                text run at (1,1) width 47: "HEADER"
        RenderTableSection {TBODY} at (0,19) size 146x290 [border: (1px solid #000000)]
          RenderTableRow {TR} at (0,2) size 146x16
            RenderTableCell {TD} at (2,2) size 34x16 [r=0 c=0 rs=1 cs=1]
              RenderText {#text} at (1,1) size 32x14
                text run at (1,1) width 32: "cell-00"
            RenderTableCell {TD} at (38,2) size 34x16 [r=0 c=1 rs=1 cs=1]
              RenderText {#text} at (1,1) size 32x14
                text run at (1,1) width 32: "cell-01"
            RenderTableCell {TD} at (74,2) size 34x16 [r=0 c=2 rs=1 cs=1]
              RenderText {#text} at (1,1) size 32x14
                text run at (1,1) width 32: "cell-02"
            RenderTableCell {TD} at (110,2) size 34x16 [r=0 c=3 rs=1 cs=1]
              RenderText {#text} at (1,1) size 32x14
                text run at (1,1) width 32: "cell-03"
          RenderTableRow {TR} at (0,20) size 146x16
            RenderTableCell {TD} at (2,20) size 34x16 [r=1 c=0 rs=1 cs=1]
              RenderText {#text} at (1,1) size 32x14
                text run at (1,1) width 32: "cell-10"
            RenderTableCell {TD} at (38,20) size 34x16 [r=1 c=1 rs=1 cs=1]
              RenderText {#text} at (1,1) size 32x14
                text run at (1,1) width 32: "cell-11"
            RenderTableCell {TD} at (74,20) size 34x16 [r=1 c=2 rs=1 cs=1]
              RenderText {#text} at (1,1) size 32x14
                text run at (1,1) width 32: "cell-12"
            RenderTableCell {TD} at (110,20) size 34x16 [r=1 c=3 rs=1 cs=1]
              RenderText {#text} at (1,1) size 32x14
                text run at (1,1) width 32: "cell-13"
          RenderTableRow {TR} at (0,38) size 146x16
            RenderTableCell {TD} at (2,38) size 34x16 [r=2 c=0 rs=1 cs=1]
              RenderText {#text} at (1,1) size 32x14
                text run at (1,1) width 32: "cell-20"
            RenderTableCell {TD} at (38,38) size 34x16 [r=2 c=1 rs=1 cs=1]
              RenderText {#text} at (1,1) size 32x14
                text run at (1,1) width 32: "cell-21"
            RenderTableCell {TD} at (74,38) size 34x16 [r=2 c=2 rs=1 cs=1]
              RenderText {#text} at (1,1) size 32x14
                text run at (1,1) width 32: "cell-22"
            RenderTableCell {TD} at (110,38) size 34x16 [r=2 c=3 rs=1 cs=1]
              RenderText {#text} at (1,1) size 32x14
                text run at (1,1) width 32: "cell-23"
          RenderTableRow {TR} at (0,56) size 146x16
            RenderTableCell {TD} at (2,56) size 34x16 [r=3 c=0 rs=1 cs=1]
              RenderText {#text} at (1,1) size 32x14
                text run at (1,1) width 32: "cell-30"
            RenderTableCell {TD} at (38,56) size 34x16 [r=3 c=1 rs=1 cs=1]
              RenderText {#text} at (1,1) size 32x14
                text run at (1,1) width 32: "cell-31"
            RenderTableCell {TD} at (74,56) size 34x16 [r=3 c=2 rs=1 cs=1]
              RenderText {#text} at (1,1) size 32x14
                text run at (1,1) width 32: "cell-32"
            RenderTableCell {TD} at (110,56) size 34x16 [r=3 c=3 rs=1 cs=1]
              RenderText {#text} at (1,1) size 32x14
                text run at (1,1) width 32: "cell-33"
          RenderTableRow {TR} at (0,74) size 146x16
            RenderTableCell {TD} at (2,74) size 34x16 [r=4 c=0 rs=1 cs=1]
              RenderText {#text} at (1,1) size 32x14
                text run at (1,1) width 32: "cell-40"
            RenderTableCell {TD} at (38,74) size 34x16 [r=4 c=1 rs=1 cs=1]
              RenderText {#text} at (1,1) size 32x14
                text run at (1,1) width 32: "cell-41"
            RenderTableCell {TD} at (74,74) size 34x16 [r=4 c=2 rs=1 cs=1]
              RenderText {#text} at (1,1) size 32x14
                text run at (1,1) width 32: "cell-42"
            RenderTableCell {TD} at (110,74) size 34x16 [r=4 c=3 rs=1 cs=1]
              RenderText {#text} at (1,1) size 32x14
                text run at (1,1) width 32: "cell-43"
          RenderTableRow {TR} at (0,92) size 146x16
            RenderTableCell {TD} at (2,92) size 34x16 [r=5 c=0 rs=1 cs=1]
              RenderText {#text} at (1,1) size 32x14
                text run at (1,1) width 32: "cell-50"
            RenderTableCell {TD} at (38,92) size 34x16 [r=5 c=1 rs=1 cs=1]
              RenderText {#text} at (1,1) size 32x14
                text run at (1,1) width 32: "cell-51"
            RenderTableCell {TD} at (74,92) size 34x16 [r=5 c=2 rs=1 cs=1]
              RenderText {#text} at (1,1) size 32x14
                text run at (1,1) width 32: "cell-52"
            RenderTableCell {TD} at (110,92) size 34x16 [r=5 c=3 rs=1 cs=1]
              RenderText {#text} at (1,1) size 32x14
                text run at (1,1) width 32: "cell-53"
          RenderTableRow {TR} at (0,110) size 146x16
            RenderTableCell {TD} at (2,110) size 34x16 [r=6 c=0 rs=1 cs=1]
              RenderText {#text} at (1,1) size 32x14
                text run at (1,1) width 32: "cell-60"
            RenderTableCell {TD} at (38,110) size 34x16 [r=6 c=1 rs=1 cs=1]
              RenderText {#text} at (1,1) size 32x14
                text run at (1,1) width 32: "cell-61"
            RenderTableCell {TD} at (74,110) size 34x16 [r=6 c=2 rs=1 cs=1]
              RenderText {#text} at (1,1) size 32x14
                text run at (1,1) width 32: "cell-62"
            RenderTableCell {TD} at (110,110) size 34x16 [r=6 c=3 rs=1 cs=1]
              RenderText {#text} at (1,1) size 32x14
                text run at (1,1) width 32: "cell-63"
          RenderTableRow {TR} at (0,128) size 146x16
            RenderTableCell {TD} at (2,128) size 34x16 [r=7 c=0 rs=1 cs=1]
              RenderText {#text} at (1,1) size 32x14
                text run at (1,1) width 32: "cell-70"
            RenderTableCell {TD} at (38,128) size 34x16 [r=7 c=1 rs=1 cs=1]
              RenderText {#text} at (1,1) size 32x14
                text run at (1,1) width 32: "cell-71"
            RenderTableCell {TD} at (74,128) size 34x16 [r=7 c=2 rs=1 cs=1]
              RenderText {#text} at (1,1) size 32x14
                text run at (1,1) width 32: "cell-72"
            RenderTableCell {TD} at (110,128) size 34x16 [r=7 c=3 rs=1 cs=1]
              RenderText {#text} at (1,1) size 32x14
                text run at (1,1) width 32: "cell-73"
          RenderTableRow {TR} at (0,146) size 146x16
            RenderTableCell {TD} at (2,146) size 34x16 [r=8 c=0 rs=1 cs=1]
              RenderText {#text} at (1,1) size 32x14
                text run at (1,1) width 32: "cell-80"
            RenderTableCell {TD} at (38,146) size 34x16 [r=8 c=1 rs=1 cs=1]
              RenderText {#text} at (1,1) size 32x14
                text run at (1,1) width 32: "cell-81"
            RenderTableCell {TD} at (74,146) size 34x16 [r=8 c=2 rs=1 cs=1]
              RenderText {#text} at (1,1) size 32x14
                text run at (1,1) width 32: "cell-82"
            RenderTableCell {TD} at (110,146) size 34x16 [r=8 c=3 rs=1 cs=1]
              RenderText {#text} at (1,1) size 32x14
                text run at (1,1) width 32: "cell-83"
          RenderTableRow {TR} at (0,164) size 146x16
            RenderTableCell {TD} at (2,164) size 34x16 [r=9 c=0 rs=1 cs=1]
              RenderText {#text} at (1,1) size 32x14
                text run at (1,1) width 32: "cell-90"
            RenderTableCell {TD} at (38,164) size 34x16 [r=9 c=1 rs=1 cs=1]
              RenderText {#text} at (1,1) size 32x14
                text run at (1,1) width 32: "cell-91"
            RenderTableCell {TD} at (74,164) size 34x16 [r=9 c=2 rs=1 cs=1]
              RenderText {#text} at (1,1) size 32x14
                text run at (1,1) width 32: "cell-92"
            RenderTableCell {TD} at (110,164) size 34x16 [r=9 c=3 rs=1 cs=1]
              RenderText {#text} at (1,1) size 32x14
                text run at (1,1) width 32: "cell-93"
          RenderTableRow {TR} at (0,182) size 146x16
            RenderTableCell {TD} at (2,182) size 34x16 [r=10 c=0 rs=1 cs=1]
              RenderText {#text} at (1,1) size 31x14
                text run at (1,1) width 31: "cell-a0"
            RenderTableCell {TD} at (38,182) size 34x16 [r=10 c=1 rs=1 cs=1]
              RenderText {#text} at (1,1) size 31x14
                text run at (1,1) width 31: "cell-a1"
            RenderTableCell {TD} at (74,182) size 34x16 [r=10 c=2 rs=1 cs=1]
              RenderText {#text} at (1,1) size 31x14
                text run at (1,1) width 31: "cell-a2"
            RenderTableCell {TD} at (110,182) size 34x16 [r=10 c=3 rs=1 cs=1]
              RenderText {#text} at (1,1) size 31x14
                text run at (1,1) width 31: "cell-a3"
          RenderTableRow {TR} at (0,200) size 146x16
            RenderTableCell {TD} at (2,200) size 34x16 [r=11 c=0 rs=1 cs=1]
              RenderText {#text} at (1,1) size 32x14
                text run at (1,1) width 32: "cell-b0"
            RenderTableCell {TD} at (38,200) size 34x16 [r=11 c=1 rs=1 cs=1]
              RenderText {#text} at (1,1) size 32x14
                text run at (1,1) width 32: "cell-b1"
            RenderTableCell {TD} at (74,200) size 34x16 [r=11 c=2 rs=1 cs=1]
              RenderText {#text} at (1,1) size 32x14
                text run at (1,1) width 32: "cell-b2"
            RenderTableCell {TD} at (110,200) size 34x16 [r=11 c=3 rs=1 cs=1]
              RenderText {#text} at (1,1) size 32x14
                text run at (1,1) width 32: "cell-b3"
          RenderTableRow {TR} at (0,218) size 146x16
            RenderTableCell {TD} at (2,218) size 34x16 [r=12 c=0 rs=1 cs=1]
              RenderText {#text} at (1,1) size 31x14
                text run at (1,1) width 31: "cell-c0"
            RenderTableCell {TD} at (38,218) size 34x16 [r=12 c=1 rs=1 cs=1]
              RenderText {#text} at (1,1) size 31x14
                text run at (1,1) width 31: "cell-c1"
            RenderTableCell {TD} at (74,218) size 34x16 [r=12 c=2 rs=1 cs=1]
              RenderText {#text} at (1,1) size 31x14
                text run at (1,1) width 31: "cell-c2"
            RenderTableCell {TD} at (110,218) size 34x16 [r=12 c=3 rs=1 cs=1]
              RenderText {#text} at (1,1) size 31x14
                text run at (1,1) width 31: "cell-c3"
          RenderTableRow {TR} at (0,236) size 146x16
            RenderTableCell {TD} at (2,236) size 34x16 [r=13 c=0 rs=1 cs=1]
              RenderText {#text} at (1,1) size 32x14
                text run at (1,1) width 32: "cell-d0"
            RenderTableCell {TD} at (38,236) size 34x16 [r=13 c=1 rs=1 cs=1]
              RenderText {#text} at (1,1) size 32x14
                text run at (1,1) width 32: "cell-d1"
            RenderTableCell {TD} at (74,236) size 34x16 [r=13 c=2 rs=1 cs=1]
              RenderText {#text} at (1,1) size 32x14
                text run at (1,1) width 32: "cell-d2"
            RenderTableCell {TD} at (110,236) size 34x16 [r=13 c=3 rs=1 cs=1]
              RenderText {#text} at (1,1) size 32x14
                text run at (1,1) width 32: "cell-d3"
          RenderTableRow {TR} at (0,254) size 146x16
            RenderTableCell {TD} at (2,254) size 34x16 [r=14 c=0 rs=1 cs=1]
              RenderText {#text} at (1,1) size 31x14
                text run at (1,1) width 31: "cell-e0"
            RenderTableCell {TD} at (38,254) size 34x16 [r=14 c=1 rs=1 cs=1]
              RenderText {#text} at (1,1) size 31x14
                text run at (1,1) width 31: "cell-e1"
            RenderTableCell {TD} at (74,254) size 34x16 [r=14 c=2 rs=1 cs=1]
              RenderText {#text} at (1,1) size 31x14
                text run at (1,1) width 31: "cell-e2"
            RenderTableCell {TD} at (110,254) size 34x16 [r=14 c=3 rs=1 cs=1]
              RenderText {#text} at (1,1) size 31x14
                text run at (1,1) width 31: "cell-e3"
          RenderTableRow {TR} at (0,272) size 146x16
            RenderTableCell {TD} at (2,272) size 34x16 [r=15 c=0 rs=1 cs=1]
              RenderText {#text} at (1,1) size 30x14
                text run at (1,1) width 30: "cell-f0"
            RenderTableCell {TD} at (38,272) size 34x16 [r=15 c=1 rs=1 cs=1]
              RenderText {#text} at (1,1) size 30x14
                text run at (1,1) width 30: "cell-f1"
            RenderTableCell {TD} at (74,272) size 34x16 [r=15 c=2 rs=1 cs=1]
              RenderText {#text} at (1,1) size 30x14
                text run at (1,1) width 30: "cell-f2"
            RenderTableCell {TD} at (110,272) size 34x16 [r=15 c=3 rs=1 cs=1]
              RenderText {#text} at (1,1) size 30x14
                text run at (1,1) width 30: "cell-f3"
        RenderTableSection {TFOOT} at (0,309) size 146x19
          RenderTableRow {TR} at (0,2) size 146x15
            RenderTableCell {TD} at (2,2) size 70x15 [r=0 c=0 rs=1 cs=2]
              RenderText {#text} at (1,1) size 47x13
                text run at (1,1) width 47: "FOOTER"
      RenderBlock (anonymous) at (0,984) size 784x38
        RenderBR {BR} at (0,0) size 0x19
        RenderText {#text} at (0,19) size 614x19
          text run at (0,19) width 614: "This is a table formed from a list with display of table-row and list items with display of table-cell."
      RenderTable at (0,1022) size 204x19
        RenderTableSection (anonymous) at (0,0) size 204x19
          RenderTableRow {UL} at (0,0) size 204x19 [bgcolor=#FFA500]
            RenderTableCell {LI} at (0,0) size 34x19 [r=0 c=0 rs=1 cs=1]
              RenderText {#text} at (0,0) size 34x19
                text run at (0,0) width 34: "ONE"
            RenderTableCell {LI} at (34,0) size 37x19 [r=0 c=1 rs=1 cs=1]
              RenderText {#text} at (0,0) size 37x19
                text run at (0,0) width 37: "TWO"
            RenderTableCell {LI} at (71,0) size 53x19 [r=0 c=2 rs=1 cs=1]
              RenderText {#text} at (0,0) size 53x19
                text run at (0,0) width 53: "THREE"
            RenderTableCell {LI} at (124,0) size 44x19 [r=0 c=3 rs=1 cs=1]
              RenderText {#text} at (0,0) size 44x19
                text run at (0,0) width 44: "FOUR"
            RenderTableCell {LI} at (168,0) size 36x19 [r=0 c=4 rs=1 cs=1]
              RenderText {#text} at (0,0) size 36x19
                text run at (0,0) width 36: "FIVE"
      RenderBlock (anonymous) at (0,1041) size 784x38
        RenderBR {BR} at (0,0) size 0x19
        RenderText {#text} at (0,19) size 660x19
          text run at (0,19) width 660: "This is a table formed from a list with display of table-row-group and list items with display of table-cell. "
        RenderBR {BR} at (0,0) size 0x0
      RenderTable at (0,1079) size 230x19
        RenderTableSection {UL} at (0,0) size 230x19
          RenderTableRow (anonymous) at (0,0) size 230x19
            RenderTableCell {LI} at (0,0) size 34x19 [bgcolor=#FFA500] [r=0 c=0 rs=1 cs=1]
              RenderText {#text} at (0,0) size 34x19
                text run at (0,0) width 34: "ONE"
            RenderTableCell {LI} at (34,0) size 37x19 [bgcolor=#FFA500] [r=0 c=1 rs=1 cs=1]
              RenderText {#text} at (0,0) size 37x19
                text run at (0,0) width 37: "TWO"
            RenderTableCell {LI} at (71,0) size 53x19 [bgcolor=#FFA500] [r=0 c=2 rs=1 cs=1]
              RenderText {#text} at (0,0) size 53x19
                text run at (0,0) width 53: "THREE"
            RenderTableCell {LI} at (124,0) size 44x19 [bgcolor=#FFA500] [r=0 c=3 rs=1 cs=1]
              RenderText {#text} at (0,0) size 44x19
                text run at (0,0) width 44: "FOUR"
            RenderTableCell {LI} at (168,0) size 36x19 [bgcolor=#FFA500] [r=0 c=4 rs=1 cs=1]
              RenderText {#text} at (0,0) size 36x19
                text run at (0,0) width 36: "FIVE"
            RenderTableCell {LI} at (204,0) size 26x19 [bgcolor=#FFA500] [r=0 c=5 rs=1 cs=1]
              RenderText {#text} at (0,0) size 26x19
                text run at (0,0) width 26: "SIX"
      RenderBlock (anonymous) at (0,1098) size 784x38
        RenderBR {BR} at (0,0) size 0x19
        RenderText {#text} at (0,19) size 407x19
          text run at (0,19) width 407: "This is like the previous table plus the list's overflow property set"
      RenderTable at (0,1136) size 230x19
        RenderTableSection {UL} at (0,0) size 230x19
          RenderTableRow (anonymous) at (0,0) size 230x19
            RenderTableCell {LI} at (0,0) size 34x19 [bgcolor=#FFA500] [r=0 c=0 rs=1 cs=1]
              RenderText {#text} at (0,0) size 34x19
                text run at (0,0) width 34: "ONE"
            RenderTableCell {LI} at (34,0) size 37x19 [bgcolor=#FFA500] [r=0 c=1 rs=1 cs=1]
              RenderText {#text} at (0,0) size 37x19
                text run at (0,0) width 37: "TWO"
            RenderTableCell {LI} at (71,0) size 53x19 [bgcolor=#FFA500] [r=0 c=2 rs=1 cs=1]
              RenderText {#text} at (0,0) size 53x19
                text run at (0,0) width 53: "THREE"
            RenderTableCell {LI} at (124,0) size 44x19 [bgcolor=#FFA500] [r=0 c=3 rs=1 cs=1]
              RenderText {#text} at (0,0) size 44x19
                text run at (0,0) width 44: "FOUR"
            RenderTableCell {LI} at (168,0) size 36x19 [bgcolor=#FFA500] [r=0 c=4 rs=1 cs=1]
              RenderText {#text} at (0,0) size 36x19
                text run at (0,0) width 36: "FIVE"
            RenderTableCell {LI} at (204,0) size 26x19 [bgcolor=#FFA500] [r=0 c=5 rs=1 cs=1]
              RenderText {#text} at (0,0) size 26x19
                text run at (0,0) width 26: "SIX"
      RenderBlock (anonymous) at (0,1155) size 784x19
        RenderBR {BR} at (0,0) size 0x19
      RenderBlock {P} at (0,1190) size 784x194
        RenderBlock (anonymous) at (0,0) size 784x19
          RenderText {#text} at (0,0) size 430x19
            text run at (0,0) width 430: "The following table will have its rows and columns in red collapsed "
          RenderBR {BR} at (0,0) size 0x0
        RenderTable {TABLE} at (0,19) size 108x78 [bgcolor=#FFA500] [border: (1px outset #808080)]
          RenderBlock {CAPTION} at (0,0) size 106x14
            RenderInline {B} at (0,0) size 32x14
              RenderText {#text} at (37,0) size 32x14
                text run at (37,0) width 32: "before"
          RenderTableCol {COLGROUP} at (0,0) size 0x0
            RenderTableCol {COL} at (0,0) size 0x0
            RenderTableCol {COL} at (0,0) size 0x0
            RenderTableCol {COL} at (0,0) size 0x0
          RenderTableSection {TBODY} at (1,15) size 106x62
            RenderTableRow {TR} at (0,2) size 106x18
              RenderTableCell {TD} at (2,2) size 24x18 [border: (1px inset #808080)] [r=0 c=0 rs=1 cs=1]
                RenderText {#text} at (2,2) size 20x14
                  text run at (2,2) width 20: "C11"
              RenderTableCell {TD} at (28,2) size 24x18 [bgcolor=#FF0000] [border: (1px inset #808080)] [r=0 c=1 rs=1 cs=1]
                RenderText {#text} at (2,2) size 20x14
                  text run at (2,2) width 20: "C12"
              RenderTableCell {TD} at (54,2) size 50x18 [border: (1px inset #808080)] [r=0 c=2 rs=1 cs=1]
                RenderText {#text} at (2,2) size 46x14
                  text run at (2,2) width 46: "C13 large"
            RenderTableRow {TR} at (0,22) size 106x18 [bgcolor=#FF0000]
              RenderTableCell {TD} at (2,22) size 24x18 [border: (1px inset #808080)] [r=1 c=0 rs=1 cs=1]
                RenderText {#text} at (2,2) size 20x14
                  text run at (2,2) width 20: "C21"
              RenderTableCell {TD} at (28,22) size 24x18 [border: (1px inset #808080)] [r=1 c=1 rs=1 cs=1]
                RenderText {#text} at (2,2) size 20x14
                  text run at (2,2) width 20: "C22"
              RenderTableCell {TD} at (54,22) size 50x18 [border: (1px inset #808080)] [r=1 c=2 rs=1 cs=1]
                RenderText {#text} at (2,2) size 20x14
                  text run at (2,2) width 20: "C23"
            RenderTableRow {TR} at (0,42) size 106x18
              RenderTableCell {TD} at (2,42) size 24x18 [border: (1px inset #808080)] [r=2 c=0 rs=1 cs=1]
                RenderText {#text} at (2,2) size 20x14
                  text run at (2,2) width 20: "C31"
              RenderTableCell {TD} at (28,42) size 24x18 [bgcolor=#FF0000] [border: (1px inset #808080)] [r=2 c=1 rs=1 cs=1]
                RenderText {#text} at (2,2) size 20x14
                  text run at (2,2) width 20: "C32"
              RenderTableCell {TD} at (54,42) size 50x18 [border: (1px inset #808080)] [r=2 c=2 rs=1 cs=1]
                RenderText {#text} at (2,2) size 20x14
                  text run at (2,2) width 20: "C33"
        RenderBlock (anonymous) at (0,97) size 784x19
          RenderBR {BR} at (0,0) size 0x19
        RenderTable {TABLE} at (0,116) size 108x78 [bgcolor=#FFA500] [border: (1px outset #808080)]
          RenderBlock {CAPTION} at (0,0) size 106x14
            RenderInline {B} at (0,0) size 24x14
              RenderText {#text} at (41,0) size 24x14
                text run at (41,0) width 24: "after"
          RenderTableCol {COLGROUP} at (0,0) size 0x0
            RenderTableCol {COL} at (0,0) size 0x0
            RenderTableCol {COL} at (0,0) size 0x0
            RenderTableCol {COL} at (0,0) size 0x0
          RenderTableSection {TBODY} at (1,15) size 106x62
            RenderTableRow {TR} at (0,2) size 106x18
              RenderTableCell {TD} at (2,2) size 24x18 [border: (1px inset #808080)] [r=0 c=0 rs=1 cs=1]
                RenderText {#text} at (2,2) size 20x14
                  text run at (2,2) width 20: "C11"
              RenderTableCell {TD} at (28,2) size 24x18 [border: (1px inset #808080)] [r=0 c=1 rs=1 cs=1]
                RenderText {#text} at (2,2) size 20x14
                  text run at (2,2) width 20: "C12"
              RenderTableCell {TD} at (54,2) size 50x18 [border: (1px inset #808080)] [r=0 c=2 rs=1 cs=1]
                RenderText {#text} at (2,2) size 46x14
                  text run at (2,2) width 46: "C13 large"
            RenderTableRow {TR} at (0,22) size 106x18
              RenderTableCell {TD} at (2,22) size 24x18 [border: (1px inset #808080)] [r=1 c=0 rs=1 cs=1]
                RenderText {#text} at (2,2) size 20x14
                  text run at (2,2) width 20: "C21"
              RenderTableCell {TD} at (28,22) size 24x18 [border: (1px inset #808080)] [r=1 c=1 rs=1 cs=1]
                RenderText {#text} at (2,2) size 20x14
                  text run at (2,2) width 20: "C22"
              RenderTableCell {TD} at (54,22) size 50x18 [border: (1px inset #808080)] [r=1 c=2 rs=1 cs=1]
                RenderText {#text} at (2,2) size 20x14
                  text run at (2,2) width 20: "C23"
            RenderTableRow {TR} at (0,42) size 106x18
              RenderTableCell {TD} at (2,42) size 24x18 [border: (1px inset #808080)] [r=2 c=0 rs=1 cs=1]
                RenderText {#text} at (2,2) size 20x14
                  text run at (2,2) width 20: "C31"
              RenderTableCell {TD} at (28,42) size 24x18 [border: (1px inset #808080)] [r=2 c=1 rs=1 cs=1]
                RenderText {#text} at (2,2) size 20x14
                  text run at (2,2) width 20: "C32"
              RenderTableCell {TD} at (54,42) size 50x18 [border: (1px inset #808080)] [r=2 c=2 rs=1 cs=1]
                RenderText {#text} at (2,2) size 20x14
                  text run at (2,2) width 20: "C33"
      RenderBlock {P} at (0,1400) size 784x195
        RenderBlock (anonymous) at (0,0) size 784x19
          RenderText {#text} at (0,0) size 750x19
            text run at (0,0) width 750: "The following table will have its 2nd row and 2nd col collapsed. A window resize may be necessary to see it properly. "
          RenderBR {BR} at (750,15) size 0x0
        RenderTable {TABLE} at (0,19) size 143x88 [bgcolor=#FFA500] [border: (1px outset #808080)]
          RenderBlock {CAPTION} at (0,0) size 141x14
            RenderInline {B} at (0,0) size 33x14
              RenderText {#text} at (54,0) size 33x14
                text run at (54,0) width 33: "before"
          RenderTableCol {COLGROUP} at (0,0) size 0x0
            RenderTableCol {COL} at (0,0) size 0x0
            RenderTableCol {COL} at (0,0) size 0x0
            RenderTableCol {COL} at (0,0) size 0x0
            RenderTableCol {COL} at (0,0) size 0x0
          RenderTableSection {TBODY} at (1,15) size 141x72
            RenderTableRow {TR} at (0,0) size 141x18
              RenderTableCell {TD} at (0,0) size 24x18 [border: (1px inset #808080)] [r=0 c=0 rs=1 cs=1]
                RenderText {#text} at (2,2) size 20x14
                  text run at (2,2) width 20: "C11"
              RenderTableCell {TD} at (24,0) size 46x18 [border: (1px inset #808080)] [r=0 c=1 rs=1 cs=1]
                RenderText {#text} at (2,2) size 20x14
                  text run at (2,2) width 20: "C12"
              RenderTableCell {TD} at (70,0) size 47x18 [border: (1px inset #808080)] [r=0 c=2 rs=1 cs=1]
                RenderText {#text} at (2,2) size 20x14
                  text run at (2,2) width 20: "C13"
              RenderTableCell {TD} at (117,0) size 24x18 [border: (1px inset #808080)] [r=0 c=3 rs=1 cs=1]
                RenderText {#text} at (2,2) size 20x14
                  text run at (2,2) width 20: "C14"
            RenderTableRow {TR} at (0,18) size 141x18
              RenderTableCell {TD} at (0,18) size 24x18 [border: (1px inset #808080)] [r=1 c=0 rs=1 cs=1]
                RenderText {#text} at (2,2) size 20x14
                  text run at (2,2) width 20: "C21"
              RenderTableCell {TD} at (24,27) size 93x18 [border: (1px inset #808080)] [r=1 c=1 rs=2 cs=2]
                RenderText {#text} at (2,2) size 89x14
                  text run at (2,2) width 89: "C12 C13 C22 C23"
              RenderTableCell {TD} at (117,18) size 24x18 [border: (1px inset #808080)] [r=1 c=3 rs=1 cs=1]
                RenderText {#text} at (2,2) size 20x14
                  text run at (2,2) width 20: "C14"
            RenderTableRow {TR} at (0,36) size 141x18
              RenderTableCell {TD} at (0,36) size 24x18 [border: (1px inset #808080)] [r=2 c=0 rs=1 cs=1]
                RenderText {#text} at (2,2) size 20x14
                  text run at (2,2) width 20: "C31"
              RenderTableCell {TD} at (117,36) size 24x18 [border: (1px inset #808080)] [r=2 c=3 rs=1 cs=1]
                RenderText {#text} at (2,2) size 20x14
                  text run at (2,2) width 20: "C34"
            RenderTableRow {TR} at (0,54) size 141x18
              RenderTableCell {TD} at (0,54) size 24x18 [border: (1px inset #808080)] [r=3 c=0 rs=1 cs=1]
                RenderText {#text} at (2,2) size 20x14
                  text run at (2,2) width 20: "C41"
              RenderTableCell {TD} at (24,54) size 46x18 [border: (1px inset #808080)] [r=3 c=1 rs=1 cs=1]
                RenderText {#text} at (2,2) size 20x14
                  text run at (2,2) width 20: "C42"
              RenderTableCell {TD} at (70,54) size 47x18 [border: (1px inset #808080)] [r=3 c=2 rs=1 cs=1]
                RenderText {#text} at (2,2) size 20x14
                  text run at (2,2) width 20: "C43"
              RenderTableCell {TD} at (117,54) size 24x18 [border: (1px inset #808080)] [r=3 c=3 rs=1 cs=1]
                RenderText {#text} at (2,2) size 20x14
                  text run at (2,2) width 20: "C44"
        RenderTable {TABLE} at (0,107) size 143x88 [bgcolor=#FFA500] [border: (1px outset #808080)]
          RenderBlock {CAPTION} at (0,0) size 141x14
            RenderInline {B} at (0,0) size 25x14
              RenderText {#text} at (58,0) size 25x14
                text run at (58,0) width 25: "after"
          RenderTableCol {COLGROUP} at (0,0) size 0x0
            RenderTableCol {COL} at (0,0) size 0x0
            RenderTableCol {COL} at (0,0) size 0x0
            RenderTableCol {COL} at (0,0) size 0x0
            RenderTableCol {COL} at (0,0) size 0x0
          RenderTableSection {TBODY} at (1,15) size 141x72
            RenderTableRow {TR} at (0,0) size 141x18
              RenderTableCell {TD} at (0,0) size 24x18 [border: (1px inset #808080)] [r=0 c=0 rs=1 cs=1]
                RenderText {#text} at (2,2) size 20x14
                  text run at (2,2) width 20: "C11"
              RenderTableCell {TD} at (24,0) size 46x18 [border: (1px inset #808080)] [r=0 c=1 rs=1 cs=1]
                RenderText {#text} at (2,2) size 20x14
                  text run at (2,2) width 20: "C12"
              RenderTableCell {TD} at (70,0) size 47x18 [border: (1px inset #808080)] [r=0 c=2 rs=1 cs=1]
                RenderText {#text} at (2,2) size 20x14
                  text run at (2,2) width 20: "C13"
              RenderTableCell {TD} at (117,0) size 24x18 [border: (1px inset #808080)] [r=0 c=3 rs=1 cs=1]
                RenderText {#text} at (2,2) size 20x14
                  text run at (2,2) width 20: "C14"
            RenderTableRow {TR} at (0,18) size 141x18
              RenderTableCell {TD} at (0,18) size 24x18 [border: (1px inset #808080)] [r=1 c=0 rs=1 cs=1]
                RenderText {#text} at (2,2) size 20x14
                  text run at (2,2) width 20: "C21"
              RenderTableCell {TD} at (24,27) size 93x18 [border: (1px inset #808080)] [r=1 c=1 rs=2 cs=2]
                RenderText {#text} at (2,2) size 89x14
                  text run at (2,2) width 89: "C12 C13 C22 C23"
              RenderTableCell {TD} at (117,18) size 24x18 [border: (1px inset #808080)] [r=1 c=3 rs=1 cs=1]
                RenderText {#text} at (2,2) size 20x14
                  text run at (2,2) width 20: "C14"
            RenderTableRow {TR} at (0,36) size 141x18
              RenderTableCell {TD} at (0,36) size 24x18 [border: (1px inset #808080)] [r=2 c=0 rs=1 cs=1]
                RenderText {#text} at (2,2) size 20x14
                  text run at (2,2) width 20: "C31"
              RenderTableCell {TD} at (117,36) size 24x18 [border: (1px inset #808080)] [r=2 c=3 rs=1 cs=1]
                RenderText {#text} at (2,2) size 20x14
                  text run at (2,2) width 20: "C34"
            RenderTableRow {TR} at (0,54) size 141x18
              RenderTableCell {TD} at (0,54) size 24x18 [border: (1px inset #808080)] [r=3 c=0 rs=1 cs=1]
                RenderText {#text} at (2,2) size 20x14
                  text run at (2,2) width 20: "C41"
              RenderTableCell {TD} at (24,54) size 46x18 [border: (1px inset #808080)] [r=3 c=1 rs=1 cs=1]
                RenderText {#text} at (2,2) size 20x14
                  text run at (2,2) width 20: "C42"
              RenderTableCell {TD} at (70,54) size 47x18 [border: (1px inset #808080)] [r=3 c=2 rs=1 cs=1]
                RenderText {#text} at (2,2) size 20x14
                  text run at (2,2) width 20: "C43"
              RenderTableCell {TD} at (117,54) size 24x18 [border: (1px inset #808080)] [r=3 c=3 rs=1 cs=1]
                RenderText {#text} at (2,2) size 20x14
                  text run at (2,2) width 20: "C44"
      RenderBlock {P} at (0,1611) size 784x233
        RenderBlock (anonymous) at (0,0) size 784x19
          RenderText {#text} at (0,0) size 459x19
            text run at (0,0) width 459: "The following table will have its 1st row group collapsed (rows 1 and 2) "
          RenderBR {BR} at (459,15) size 0x0
        RenderTable {TABLE} at (0,19) size 98x88 [bgcolor=#FFA500] [border: (1px outset #808080)]
          RenderBlock {CAPTION} at (0,0) size 96x14
            RenderInline {B} at (0,0) size 32x14
              RenderText {#text} at (32,0) size 32x14
                text run at (32,0) width 32: "before"
          RenderTableSection {TBODY} at (1,15) size 96x36 [bgcolor=#FF0000]
            RenderTableRow {TR} at (0,0) size 96x18
              RenderTableCell {TD} at (0,0) size 24x18 [border: (1px inset #808080)] [r=0 c=0 rs=1 cs=1]
                RenderText {#text} at (2,2) size 20x14
                  text run at (2,2) width 20: "C11"
              RenderTableCell {TD} at (24,0) size 24x18 [border: (1px inset #808080)] [r=0 c=1 rs=1 cs=1]
                RenderText {#text} at (2,2) size 20x14
                  text run at (2,2) width 20: "C12"
              RenderTableCell {TD} at (48,0) size 24x18 [border: (1px inset #808080)] [r=0 c=2 rs=1 cs=1]
                RenderText {#text} at (2,2) size 20x14
                  text run at (2,2) width 20: "C13"
              RenderTableCell {TD} at (72,0) size 24x18 [border: (1px inset #808080)] [r=0 c=3 rs=1 cs=1]
                RenderText {#text} at (2,2) size 20x14
                  text run at (2,2) width 20: "C14"
            RenderTableRow {TR} at (0,18) size 96x18
              RenderTableCell {TD} at (0,18) size 24x18 [border: (1px inset #808080)] [r=1 c=0 rs=1 cs=1]
                RenderText {#text} at (2,2) size 20x14
                  text run at (2,2) width 20: "C21"
              RenderTableCell {TD} at (24,18) size 24x18 [border: (1px inset #808080)] [r=1 c=1 rs=1 cs=1]
                RenderText {#text} at (2,2) size 20x14
                  text run at (2,2) width 20: "C22"
              RenderTableCell {TD} at (48,18) size 24x18 [border: (1px inset #808080)] [r=1 c=2 rs=1 cs=1]
                RenderText {#text} at (2,2) size 20x14
                  text run at (2,2) width 20: "C23"
              RenderTableCell {TD} at (72,18) size 24x18 [border: (1px inset #808080)] [r=1 c=3 rs=1 cs=1]
                RenderText {#text} at (2,2) size 20x14
                  text run at (2,2) width 20: "C24"
          RenderTableSection {TBODY} at (1,51) size 96x36
            RenderTableRow {TR} at (0,0) size 96x18
              RenderTableCell {TD} at (0,0) size 24x18 [border: (1px inset #808080)] [r=0 c=0 rs=1 cs=1]
                RenderText {#text} at (2,2) size 20x14
                  text run at (2,2) width 20: "C31"
              RenderTableCell {TD} at (24,0) size 24x18 [border: (1px inset #808080)] [r=0 c=1 rs=1 cs=1]
                RenderText {#text} at (2,2) size 20x14
                  text run at (2,2) width 20: "C32"
              RenderTableCell {TD} at (48,0) size 24x18 [border: (1px inset #808080)] [r=0 c=2 rs=1 cs=1]
                RenderText {#text} at (2,2) size 20x14
                  text run at (2,2) width 20: "C33"
              RenderTableCell {TD} at (72,0) size 24x18 [border: (1px inset #808080)] [r=0 c=3 rs=1 cs=1]
                RenderText {#text} at (2,2) size 20x14
                  text run at (2,2) width 20: "C34"
            RenderTableRow {TR} at (0,18) size 96x18
              RenderTableCell {TD} at (0,18) size 24x18 [border: (1px inset #808080)] [r=1 c=0 rs=1 cs=1]
                RenderText {#text} at (2,2) size 20x14
                  text run at (2,2) width 20: "C41"
              RenderTableCell {TD} at (24,18) size 24x18 [border: (1px inset #808080)] [r=1 c=1 rs=1 cs=1]
                RenderText {#text} at (2,2) size 20x14
                  text run at (2,2) width 20: "C42"
              RenderTableCell {TD} at (48,18) size 24x18 [border: (1px inset #808080)] [r=1 c=2 rs=1 cs=1]
                RenderText {#text} at (2,2) size 20x14
                  text run at (2,2) width 20: "C43"
              RenderTableCell {TD} at (72,18) size 24x18 [border: (1px inset #808080)] [r=1 c=3 rs=1 cs=1]
                RenderText {#text} at (2,2) size 20x14
                  text run at (2,2) width 20: "C44"
        RenderBlock (anonymous) at (0,107) size 784x19
          RenderBR {BR} at (0,0) size 0x19
        RenderTable {TABLE} at (0,126) size 98x88 [bgcolor=#FFA500] [border: (1px outset #808080)]
          RenderBlock {CAPTION} at (0,0) size 96x14
            RenderInline {B} at (0,0) size 24x14
              RenderText {#text} at (36,0) size 24x14
                text run at (36,0) width 24: "after"
          RenderTableSection {TBODY} at (1,15) size 96x36
            RenderTableRow {TR} at (0,0) size 96x18
              RenderTableCell {TD} at (0,0) size 24x18 [border: (1px inset #808080)] [r=0 c=0 rs=1 cs=1]
                RenderText {#text} at (2,2) size 20x14
                  text run at (2,2) width 20: "C11"
              RenderTableCell {TD} at (24,0) size 24x18 [border: (1px inset #808080)] [r=0 c=1 rs=1 cs=1]
                RenderText {#text} at (2,2) size 20x14
                  text run at (2,2) width 20: "C12"
              RenderTableCell {TD} at (48,0) size 24x18 [border: (1px inset #808080)] [r=0 c=2 rs=1 cs=1]
                RenderText {#text} at (2,2) size 20x14
                  text run at (2,2) width 20: "C13"
              RenderTableCell {TD} at (72,0) size 24x18 [border: (1px inset #808080)] [r=0 c=3 rs=1 cs=1]
                RenderText {#text} at (2,2) size 20x14
                  text run at (2,2) width 20: "C14"
            RenderTableRow {TR} at (0,18) size 96x18
              RenderTableCell {TD} at (0,18) size 24x18 [border: (1px inset #808080)] [r=1 c=0 rs=1 cs=1]
                RenderText {#text} at (2,2) size 20x14
                  text run at (2,2) width 20: "C21"
              RenderTableCell {TD} at (24,18) size 24x18 [border: (1px inset #808080)] [r=1 c=1 rs=1 cs=1]
                RenderText {#text} at (2,2) size 20x14
                  text run at (2,2) width 20: "C22"
              RenderTableCell {TD} at (48,18) size 24x18 [border: (1px inset #808080)] [r=1 c=2 rs=1 cs=1]
                RenderText {#text} at (2,2) size 20x14
                  text run at (2,2) width 20: "C23"
              RenderTableCell {TD} at (72,18) size 24x18 [border: (1px inset #808080)] [r=1 c=3 rs=1 cs=1]
                RenderText {#text} at (2,2) size 20x14
                  text run at (2,2) width 20: "C24"
          RenderTableSection {TBODY} at (1,51) size 96x36
            RenderTableRow {TR} at (0,0) size 96x18
              RenderTableCell {TD} at (0,0) size 24x18 [border: (1px inset #808080)] [r=0 c=0 rs=1 cs=1]
                RenderText {#text} at (2,2) size 20x14
                  text run at (2,2) width 20: "C31"
              RenderTableCell {TD} at (24,0) size 24x18 [border: (1px inset #808080)] [r=0 c=1 rs=1 cs=1]
                RenderText {#text} at (2,2) size 20x14
                  text run at (2,2) width 20: "C32"
              RenderTableCell {TD} at (48,0) size 24x18 [border: (1px inset #808080)] [r=0 c=2 rs=1 cs=1]
                RenderText {#text} at (2,2) size 20x14
                  text run at (2,2) width 20: "C33"
              RenderTableCell {TD} at (72,0) size 24x18 [border: (1px inset #808080)] [r=0 c=3 rs=1 cs=1]
                RenderText {#text} at (2,2) size 20x14
                  text run at (2,2) width 20: "C34"
            RenderTableRow {TR} at (0,18) size 96x18
              RenderTableCell {TD} at (0,18) size 24x18 [border: (1px inset #808080)] [r=1 c=0 rs=1 cs=1]
                RenderText {#text} at (2,2) size 20x14
                  text run at (2,2) width 20: "C41"
              RenderTableCell {TD} at (24,18) size 24x18 [border: (1px inset #808080)] [r=1 c=1 rs=1 cs=1]
                RenderText {#text} at (2,2) size 20x14
                  text run at (2,2) width 20: "C42"
              RenderTableCell {TD} at (48,18) size 24x18 [border: (1px inset #808080)] [r=1 c=2 rs=1 cs=1]
                RenderText {#text} at (2,2) size 20x14
                  text run at (2,2) width 20: "C43"
              RenderTableCell {TD} at (72,18) size 24x18 [border: (1px inset #808080)] [r=1 c=3 rs=1 cs=1]
                RenderText {#text} at (2,2) size 20x14
                  text run at (2,2) width 20: "C44"
        RenderBlock (anonymous) at (0,214) size 784x19
          RenderBR {BR} at (0,0) size 0x19
      RenderBlock {P} at (0,1860) size 784x214
        RenderBlock (anonymous) at (0,0) size 784x38
          RenderText {#text} at (0,0) size 778x38
            text run at (0,0) width 554: "The following table is similar to a previous table except that the direction is right-to-left. "
            text run at (554,0) width 224: "It will have its 2nd row and 2nd col"
            text run at (0,19) width 407: "collapsed. A window resize may be necessary to see it properly. "
          RenderBR {BR} at (407,34) size 0x0
        RenderTable {TABLE} at (0,38) size 143x88 [bgcolor=#FFA500] [border: (1px outset #808080)]
          RenderBlock {CAPTION} at (0,0) size 141x14
            RenderInline {B} at (0,0) size 33x14
              RenderText {#text} at (54,0) size 33x14
                text run at (54,0) width 33: "before"
          RenderTableCol {COLGROUP} at (0,0) size 0x0
            RenderTableCol {COL} at (0,0) size 0x0
            RenderTableCol {COL} at (0,0) size 0x0
            RenderTableCol {COL} at (0,0) size 0x0
            RenderTableCol {COL} at (0,0) size 0x0
          RenderTableSection {TBODY} at (1,15) size 141x72
            RenderTableRow {TR} at (0,0) size 141x18
              RenderTableCell {TD} at (117,0) size 24x18 [border: (1px inset #808080)] [r=0 c=0 rs=1 cs=1]
                RenderText {#text} at (2,2) size 20x14
                  text run at (2,2) width 20: "C11"
              RenderTableCell {TD} at (71,0) size 46x18 [border: (1px inset #808080)] [r=0 c=1 rs=1 cs=1]
                RenderText {#text} at (24,2) size 20x14
                  text run at (24,2) width 20: "C12"
              RenderTableCell {TD} at (24,0) size 47x18 [border: (1px inset #808080)] [r=0 c=2 rs=1 cs=1]
                RenderText {#text} at (25,2) size 20x14
                  text run at (25,2) width 20: "C13"
              RenderTableCell {TD} at (0,0) size 24x18 [border: (1px inset #808080)] [r=0 c=3 rs=1 cs=1]
                RenderText {#text} at (2,2) size 20x14
                  text run at (2,2) width 20: "C14"
            RenderTableRow {TR} at (0,18) size 141x18
              RenderTableCell {TD} at (117,18) size 24x18 [border: (1px inset #808080)] [r=1 c=0 rs=1 cs=1]
                RenderText {#text} at (2,2) size 20x14
                  text run at (2,2) width 20: "C21"
              RenderTableCell {TD} at (24,27) size 93x18 [border: (1px inset #808080)] [r=1 c=1 rs=2 cs=2]
                RenderText {#text} at (2,2) size 89x14
                  text run at (2,2) width 89: "C12 C13 C22 C23"
              RenderTableCell {TD} at (0,18) size 24x18 [border: (1px inset #808080)] [r=1 c=3 rs=1 cs=1]
                RenderText {#text} at (2,2) size 20x14
                  text run at (2,2) width 20: "C14"
            RenderTableRow {TR} at (0,36) size 141x18
              RenderTableCell {TD} at (117,36) size 24x18 [border: (1px inset #808080)] [r=2 c=0 rs=1 cs=1]
                RenderText {#text} at (2,2) size 20x14
                  text run at (2,2) width 20: "C31"
              RenderTableCell {TD} at (0,36) size 24x18 [border: (1px inset #808080)] [r=2 c=3 rs=1 cs=1]
                RenderText {#text} at (2,2) size 20x14
                  text run at (2,2) width 20: "C34"
            RenderTableRow {TR} at (0,54) size 141x18
              RenderTableCell {TD} at (117,54) size 24x18 [border: (1px inset #808080)] [r=3 c=0 rs=1 cs=1]
                RenderText {#text} at (2,2) size 20x14
                  text run at (2,2) width 20: "C41"
              RenderTableCell {TD} at (71,54) size 46x18 [border: (1px inset #808080)] [r=3 c=1 rs=1 cs=1]
                RenderText {#text} at (24,2) size 20x14
                  text run at (24,2) width 20: "C42"
              RenderTableCell {TD} at (24,54) size 47x18 [border: (1px inset #808080)] [r=3 c=2 rs=1 cs=1]
                RenderText {#text} at (25,2) size 20x14
                  text run at (25,2) width 20: "C43"
              RenderTableCell {TD} at (0,54) size 24x18 [border: (1px inset #808080)] [r=3 c=3 rs=1 cs=1]
                RenderText {#text} at (2,2) size 20x14
                  text run at (2,2) width 20: "C44"
        RenderTable {TABLE} at (0,126) size 143x88 [bgcolor=#FFA500] [border: (1px outset #808080)]
          RenderBlock {CAPTION} at (0,0) size 141x14
            RenderInline {B} at (0,0) size 25x14
              RenderText {#text} at (58,0) size 25x14
                text run at (58,0) width 25: "after"
          RenderTableCol {COLGROUP} at (0,0) size 0x0
            RenderTableCol {COL} at (0,0) size 0x0
            RenderTableCol {COL} at (0,0) size 0x0
            RenderTableCol {COL} at (0,0) size 0x0
            RenderTableCol {COL} at (0,0) size 0x0
          RenderTableSection {TBODY} at (1,15) size 141x72
            RenderTableRow {TR} at (0,0) size 141x18
              RenderTableCell {TD} at (117,0) size 24x18 [border: (1px inset #808080)] [r=0 c=0 rs=1 cs=1]
                RenderText {#text} at (2,2) size 20x14
                  text run at (2,2) width 20: "C11"
              RenderTableCell {TD} at (71,0) size 46x18 [border: (1px inset #808080)] [r=0 c=1 rs=1 cs=1]
                RenderText {#text} at (24,2) size 20x14
                  text run at (24,2) width 20: "C12"
              RenderTableCell {TD} at (24,0) size 47x18 [border: (1px inset #808080)] [r=0 c=2 rs=1 cs=1]
                RenderText {#text} at (25,2) size 20x14
                  text run at (25,2) width 20: "C13"
              RenderTableCell {TD} at (0,0) size 24x18 [border: (1px inset #808080)] [r=0 c=3 rs=1 cs=1]
                RenderText {#text} at (2,2) size 20x14
                  text run at (2,2) width 20: "C14"
            RenderTableRow {TR} at (0,18) size 141x18
              RenderTableCell {TD} at (117,18) size 24x18 [border: (1px inset #808080)] [r=1 c=0 rs=1 cs=1]
                RenderText {#text} at (2,2) size 20x14
                  text run at (2,2) width 20: "C21"
              RenderTableCell {TD} at (24,27) size 93x18 [border: (1px inset #808080)] [r=1 c=1 rs=2 cs=2]
                RenderText {#text} at (2,2) size 89x14
                  text run at (2,2) width 89: "C12 C13 C22 C23"
              RenderTableCell {TD} at (0,18) size 24x18 [border: (1px inset #808080)] [r=1 c=3 rs=1 cs=1]
                RenderText {#text} at (2,2) size 20x14
                  text run at (2,2) width 20: "C14"
            RenderTableRow {TR} at (0,36) size 141x18
              RenderTableCell {TD} at (117,36) size 24x18 [border: (1px inset #808080)] [r=2 c=0 rs=1 cs=1]
                RenderText {#text} at (2,2) size 20x14
                  text run at (2,2) width 20: "C31"
              RenderTableCell {TD} at (0,36) size 24x18 [border: (1px inset #808080)] [r=2 c=3 rs=1 cs=1]
                RenderText {#text} at (2,2) size 20x14
                  text run at (2,2) width 20: "C34"
            RenderTableRow {TR} at (0,54) size 141x18
              RenderTableCell {TD} at (117,54) size 24x18 [border: (1px inset #808080)] [r=3 c=0 rs=1 cs=1]
                RenderText {#text} at (2,2) size 20x14
                  text run at (2,2) width 20: "C41"
              RenderTableCell {TD} at (71,54) size 46x18 [border: (1px inset #808080)] [r=3 c=1 rs=1 cs=1]
                RenderText {#text} at (24,2) size 20x14
                  text run at (24,2) width 20: "C42"
              RenderTableCell {TD} at (24,54) size 47x18 [border: (1px inset #808080)] [r=3 c=2 rs=1 cs=1]
                RenderText {#text} at (25,2) size 20x14
                  text run at (25,2) width 20: "C43"
              RenderTableCell {TD} at (0,54) size 24x18 [border: (1px inset #808080)] [r=3 c=3 rs=1 cs=1]
                RenderText {#text} at (2,2) size 20x14
                  text run at (2,2) width 20: "C44"
