layer at (0,0) size 980x735
  RenderView at (0,0) size 980x735
layer at (0,0) size 400x400
  RenderSVGRoot {svg} at (0,0) size 400x400
    RenderSVGForeignObject {foreignObject} at (0,0) size 400x400
      RenderBlock {p} at (0,0) size 400x19
        RenderText {#text} at (0,0) size 41x19
          text run at (0,0) width 41: "PASS"
