layer at (0,0) size 980x735
  RenderView at (0,0) size 980x735
layer at (0,0) size 980x735
  RenderBlock {HTML} at (0,0) size 980x735
    RenderBody {BODY} at (8,8) size 964x719
      RenderBlock {P} at (0,0) size 964x38
        RenderText {#text} at (0,0) size 962x38
          text run at (0,0) width 962: "This test makes sure that HTMLObjectElement.vspace and HTMLObjectElement.hspace are exposed as numbers instead"
          text run at (0,19) width 869: "of strings, per the DOM Level 2 HTML spec: http://www.w3.org/TR/DOM-Level-2-HTML/html.html#ID-9893177"
      RenderBlock (anonymous) at (0,54) size 964x170
        RenderEmbeddedObject {OBJECT} at (20,10) size 300x150
        RenderText {#text} at (0,0) size 0x0
      RenderBlock {DIV} at (0,224) size 964x19
        RenderText {#text} at (0,0) size 80x19
          text run at (0,0) width 80: "SUCCESS!"
