layer at (0,0) size 980x735
  RenderView at (0,0) size 980x735
layer at (0,0) size 980x735
  RenderBlock {HTML} at (0,0) size 980x735
    RenderBody {BODY} at (8,8) size 964x711
      RenderBlock {P} at (0,0) size 964x39 [border: (10px solid #008000)]
        RenderText {#text} at (10,10) size 382x19
          text run at (10,10) width 382: "I should be surrounded by a thick green border."
