layer at (0,0) size 980x735
  RenderView at (0,0) size 980x735
layer at (0,0) size 980x735
  RenderBlock {HTML} at (0,0) size 980x735
    RenderBody {BODY} at (8,8) size 964x719
      RenderBlock {DIV} at (0,0) size 964x19 [bgcolor=#00FF00]
        RenderText {#text} at (0,0) size 351x19
          text run at (0,0) width 351: "The background of this div should be green."
