layer at (0,0) size 980x735
  RenderView at (0,0) size 980x735
layer at (0,0) size 980x735
  RenderBlock {HTML} at (0,0) size 980x735
    RenderBody {BODY} at (8,8) size 964x719
      RenderTable {TABLE} at (0,0) size 229x25
        RenderTableSection {TBODY} at (0,0) size 229x25
          RenderTableRow {TR} at (0,2) size 229x21
            RenderTableCell {TD} at (2,2) size 69x21 [bgcolor=#FFFFCC] [r=0 c=0 rs=1 cs=1]
              RenderText {#text} at (1,1) size 67x19
                text run at (1,1) width 67: "Cell One"
            RenderTableCell {TD} at (73,2) size 69x21 [bgcolor=#FFFFCC] [r=0 c=1 rs=1 cs=1]
              RenderText {#text} at (1,1) size 67x19
                text run at (1,1) width 67: "Cell Two"
            RenderTableCell {TD} at (144,2) size 83x21 [bgcolor=#FFFFCC] [r=0 c=2 rs=1 cs=1]
              RenderText {#text} at (1,1) size 81x19
                text run at (1,1) width 81: "Cell Three"
