layer at (0,0) size 980x780
  RenderView at (0,0) size 980x735
layer at (0,0) size 980x780
  RenderBlock {HTML} at (0,0) size 980x780
    RenderBody {BODY} at (8,8) size 964x764
      RenderText {#text} at (0,0) size 0x0
      RenderText {#text} at (0,0) size 0x0
layer at (10,10) size 342x760
  RenderTextControl {TEXTAREA} at (2,2) size 342x760 [bgcolor=#FFFFFF]
    RenderBlock {DIV} at (4,6) size 335x15
      RenderText {#text} at (0,0) size 79x15
        text run at (0,0) width 79: "Sample text"
