layer at (0,0) size 980x735
  RenderView at (0,0) size 980x735
layer at (0,0) size 980x735
  RenderBlock {HTML} at (0,0) size 980x735
    RenderBody {BODY} at (8,8) size 964x719
      RenderBlock (anonymous) at (0,0) size 964x38
        RenderInline {SPAN} at (0,0) size 0x0
        RenderInline {SPAN} at (0,0) size 906x38
          RenderInline {SPAN} at (0,0) size 906x38
            RenderText {#text} at (0,0) size 906x38
              text run at (0,0) width 129: "Bug #3810389. "
              text run at (129,0) width 485: "Make sure we don't crash manipulating blocks inside inlines. "
              text run at (614,0) width 292: "You should see the numbers 1 and 2"
              text run at (0,19) width 262: "vertically stacked below this line."
      RenderBlock (anonymous) at (0,38) size 964x19
        RenderBlock {DIV} at (0,0) size 964x19
          RenderText {#text} at (0,0) size 10x19
            text run at (0,0) width 10: "1"
      RenderBlock (anonymous) at (0,57) size 964x19
        RenderInline {SPAN} at (0,0) size 20x19
          RenderInline {SPAN} at (0,0) size 10x19
            RenderText {#text} at (0,0) size 10x19
              text run at (0,0) width 10: "2"
          RenderText {#text} at (10,0) size 5x19
            text run at (10,0) width 5: " "
          RenderImage {IMG} at (15,15) size 0x0
          RenderText {#text} at (15,0) size 5x19
            text run at (15,0) width 5: " "
        RenderText {#text} at (0,0) size 0x0
        RenderImage {IMG} at (20,15) size 0x0
        RenderText {#text} at (0,0) size 0x0
        RenderText {#text} at (0,0) size 0x0
