layer at (0,0) size 980x2126
  RenderView at (0,0) size 980x735
layer at (0,0) size 980x2126
  RenderBlock {HTML} at (0,0) size 980x2126
    RenderBody {BODY} at (8,8) size 964x2110
      RenderBlock {H1} at (0,0) size 964x37
        RenderText {#text} at (0,0) size 221x38
          text run at (0,0) width 221: "Anchor Lock"
      RenderBlock {P} at (0,58) size 964x38
        RenderText {#text} at (0,0) size 937x38
          text run at (0,0) width 937: "This tests WebKit's ability to lock to an anchor and maintain focus on it as images are loaded above and below it. The"
          text run at (0,19) width 467: "Anchor text should be visible and this message should not."
      RenderBlock {P} at (0,112) size 964x200
        RenderImage {IMG} at (0,0) size 200x200
      RenderBlock {P} at (0,328) size 964x200
        RenderImage {IMG} at (0,0) size 200x200
      RenderBlock {P} at (0,544) size 964x200
        RenderImage {IMG} at (0,0) size 200x200
      RenderBlock {P} at (0,760) size 964x200
        RenderImage {IMG} at (0,0) size 200x200
      RenderBlock (anonymous) at (0,976) size 964x19
        RenderInline {A} at (0,0) size 383x19
          RenderText {#text} at (0,0) size 383x19
            text run at (0,0) width 383: "Anchor text - this should be the only visible text."
        RenderText {#text} at (0,0) size 0x0
      RenderBlock {P} at (0,1011) size 964x200
        RenderImage {IMG} at (0,0) size 200x200
      RenderBlock {P} at (0,1227) size 964x200
        RenderImage {IMG} at (0,0) size 200x200
      RenderBlock {P} at (0,1443) size 964x200
        RenderImage {IMG} at (0,0) size 200x200
      RenderBlock {P} at (0,1659) size 964x200
        RenderImage {IMG} at (0,0) size 200x200
      RenderBlock {P} at (0,1875) size 964x200
        RenderImage {IMG} at (0,0) size 200x200
      RenderBlock (anonymous) at (0,2091) size 964x19
        RenderText {#text} at (0,0) size 79x19
          text run at (0,0) width 79: "#anchor1"
