layer at (0,0) size 980x735
  RenderView at (0,0) size 980x735
layer at (0,0) size 980x735
  RenderBlock {HTML} at (0,0) size 980x735
    RenderBody {BODY} at (8,8) size 964x719
      RenderBlock {P} at (0,0) size 964x38
        RenderText {#text} at (0,0) size 67x19
          text run at (0,0) width 67: "Test for "
        RenderInline {I} at (0,0) size 918x38
          RenderInline {A} at (0,0) size 372x19 [color=#0000EE]
            RenderText {#text} at (67,0) size 372x19
              text run at (67,0) width 372: "http://bugs.webkit.org/show_bug.cgi?id=14134"
          RenderText {#text} at (439,0) size 918x38
            text run at (439,0) width 5: " "
            text run at (444,0) width 474: "REGRESSION (r25353): Whitespace nodes ignored between"
            text run at (0,19) width 118: "inline list items"
        RenderText {#text} at (118,19) size 5x19
          text run at (118,19) width 5: "."
      RenderBlock {P} at (0,54) size 964x19
        RenderText {#text} at (0,0) size 955x19
          text run at (0,0) width 600: "This tests that whitespace-only text nodes get renderers when they should "
          text run at (600,0) width 355: "even if initially they did not need a renderer."
      RenderBlock {P} at (0,89) size 964x19
        RenderText {#text} at (0,0) size 442x19
          text run at (0,0) width 442: "The left column should be identical to the right column."
      RenderTable {TABLE} at (0,124) size 223x101 [border: none]
        RenderTableSection {TBODY} at (0,0) size 222x100
          RenderTableRow {TR} at (0,0) size 222x28
            RenderTableCell {TD} at (0,0) size 111x28 [border: (1px solid #000000)] [r=0 c=0 rs=1 cs=1]
              RenderBlock {DIV} at (5,5) size 102x19
                RenderText {#text} at (0,0) size 29x19
                  text run at (0,0) width 29: "wet"
                RenderText {#text} at (29,0) size 5x19
                  text run at (29,0) width 5: " "
                RenderText {#text} at (34,0) size 28x19
                  text run at (34,0) width 28: "suit"
            RenderTableCell {TD} at (111,0) size 111x28 [border: (1px solid #000000)] [r=0 c=1 rs=1 cs=1]
              RenderBlock {DIV} at (5,5) size 102x19
                RenderText {#text} at (0,0) size 62x19
                  text run at (0,0) width 62: "wet suit"
          RenderTableRow {TR} at (0,28) size 222x44
            RenderTableCell {TD} at (0,28) size 111x44 [border: (1px solid #000000)] [r=1 c=0 rs=1 cs=1]
              RenderBlock {UL} at (5,5) size 102x19
                RenderInline {LI} at (0,0) size 29x19
                  RenderText {#text} at (40,0) size 29x19
                    text run at (40,0) width 29: "wet"
                RenderText {#text} at (69,0) size 5x19
                  text run at (69,0) width 5: " "
                RenderInline {LI} at (0,0) size 28x19
                  RenderText {#text} at (74,0) size 28x19
                    text run at (74,0) width 28: "suit"
                RenderText {#text} at (0,0) size 0x0
            RenderTableCell {TD} at (111,28) size 111x44 [border: (1px solid #000000)] [r=1 c=1 rs=1 cs=1]
              RenderBlock {UL} at (5,5) size 102x19
                RenderInline {LI} at (0,0) size 29x19
                  RenderText {#text} at (40,0) size 29x19
                    text run at (40,0) width 29: "wet"
                RenderText {#text} at (69,0) size 5x19
                  text run at (69,0) width 5: " "
                RenderInline {LI} at (0,0) size 28x19
                  RenderText {#text} at (74,0) size 28x19
                    text run at (74,0) width 28: "suit"
                RenderText {#text} at (0,0) size 0x0
          RenderTableRow {TR} at (0,72) size 222x28
            RenderTableCell {TD} at (0,72) size 111x28 [border: (1px solid #000000)] [r=2 c=0 rs=1 cs=1]
              RenderBlock {DIV} at (5,5) size 102x19
                RenderInline {DIV} at (0,0) size 29x19
                  RenderText {#text} at (0,0) size 29x19
                    text run at (0,0) width 29: "wet"
                RenderText {#text} at (29,0) size 5x19
                  text run at (29,0) width 5: " "
                RenderInline {DIV} at (0,0) size 28x19
                  RenderText {#text} at (34,0) size 28x19
                    text run at (34,0) width 28: "suit"
                RenderText {#text} at (0,0) size 0x0
            RenderTableCell {TD} at (111,72) size 111x28 [border: (1px solid #000000)] [r=2 c=1 rs=1 cs=1]
              RenderBlock {DIV} at (5,5) size 102x19
                RenderInline {DIV} at (0,0) size 29x19
                  RenderText {#text} at (0,0) size 29x19
                    text run at (0,0) width 29: "wet"
                RenderText {#text} at (29,0) size 5x19
                  text run at (29,0) width 5: " "
                RenderInline {DIV} at (0,0) size 28x19
                  RenderText {#text} at (34,0) size 28x19
                    text run at (34,0) width 28: "suit"
                RenderText {#text} at (0,0) size 0x0
