layer at (0,0) size 980x735
  RenderView at (0,0) size 980x735
layer at (0,0) size 980x735
  RenderBlock {HTML} at (0,0) size 980x735
    RenderBody {BODY} at (8,8) size 964x719
      RenderBlock {DIV} at (0,0) size 964x16
        RenderInline (generated) at (0,0) size 16x16 [color=#0000FF]
          RenderText {#text} at (0,0) size 16x16
            text run at (0,0) width 16: "L"
        RenderText {#text} at (16,0) size 400x16
          text run at (16,0) width 400: "orem ipsum dolor sit amet"
