layer at (0,0) size 980x735
  RenderView at (0,0) size 980x735
layer at (0,0) size 980x735
  RenderBlock {HTML} at (0,0) size 980x735
    RenderBody {BODY} at (8,8) size 964x627
      RenderBlock {UL} at (0,0) size 964x100
        RenderListItem {LI} at (40,0) size 924x100
          RenderListMarker at (-61,0) size 29x100: bullet
          RenderInline (generated) at (0,0) size 100x100 [color=#008000]
            RenderText {#text} at (0,0) size 100x100
              text run at (0,0) width 100: "a"
          RenderText {#text} at (0,0) size 0x0
