layer at (0,0) size 980x735
  RenderView at (0,0) size 980x735
layer at (0,0) size 980x735
  RenderBlock {HTML} at (0,0) size 980x735
    RenderBody {BODY} at (8,8) size 964x719
      RenderBlock {DIV} at (0,0) size 964x38
        RenderText {#text} at (0,0) size 948x19
          text run at (0,0) width 948: "Mousing over the yellow square below should not cause an assertion failure or crash. This tests for regressions against"
        RenderInline {A} at (0,0) size 40x19 [color=#0000EE]
          RenderText {#text} at (0,19) size 40x19
            text run at (0,19) width 40: "6931"
        RenderText {#text} at (40,19) size 5x19
          text run at (40,19) width 5: "."
layer at (50,50) size 200x200
  RenderBlock (positioned) zI: 1 {DIV} at (50,50) size 200x200 [bgcolor=#FFFF00]
caret: position 0 of child 1 {DIV} of child 3 {DIV} of body
