layer at (0,0) size 980x735
  RenderView at (0,0) size 980x735
layer at (0,0) size 980x735
  RenderBlock {HTML} at (0,0) size 980x735
    RenderBody {BODY} at (0,20) size 980x695
      RenderInline {A} at (0,0) size 451x49 [color=#008000] [border: (10px solid #000000)]
        RenderText {#text} at (15,0) size 421x19
          text run at (15,0) width 421: "This should have a 10px solid black border around it."
      RenderText {#text} at (0,0) size 0x0
      RenderText {#text} at (0,0) size 0x0
