layer at (0,0) size 980x735
  RenderView at (0,0) size 980x735
layer at (0,0) size 980x735
  RenderBlock {HTML} at (0,0) size 980x735
    RenderBody {BODY} at (8,8) size 964x719
      RenderBlock {DIV} at (0,0) size 964x238
        RenderBlock (floating) {DIV} at (0,0) size 200x200
        RenderBlock {DIV} at (0,0) size 200x200 [bgcolor=#00FF00]
        RenderBlock (anonymous) at (0,200) size 964x38
          RenderText {#text} at (0,0) size 926x38
            text run at (0,0) width 427: "This text should be underneath a 200x200 lime float. "
            text run at (427,0) width 499: "We are making sure that the code that wraps inline children in"
            text run at (0,19) width 775: "anonymous blocks does the right thing when blocks are inserted in between a float and an inline."
