layer at (0,0) size 980x735
  RenderView at (0,0) size 980x735
layer at (0,0) size 980x735
  RenderBlock {HTML} at (0,0) size 980x735
    RenderBody {BODY} at (8,8) size 964x719
      RenderBlock {P} at (0,0) size 964x19
        RenderText {#text} at (0,0) size 63x19
          text run at (0,0) width 63: "test for "
        RenderInline {A} at (0,0) size 70x19 [color=#0000EE]
          RenderText {#text} at (63,0) size 70x19
            text run at (63,0) width 70: "4065447"
        RenderText {#text} at (133,0) size 311x19
          text run at (133,0) width 311: " (support outerHTML on IMG elements)"
      RenderBlock {P} at (0,35) size 964x19
        RenderText {#text} at (0,0) size 628x19
          text run at (0,0) width 628: "If the test fails, you'll see a Mozilla logo; if it succeeds, you'll see an Apple logo."
      RenderBlock (anonymous) at (0,70) size 964x64
        RenderImage {IMG} at (0,0) size 52x64
        RenderText {#text} at (0,0) size 0x0
        RenderText {#text} at (0,0) size 0x0
