layer at (0,0) size 980x735
  RenderView at (0,0) size 980x735
layer at (0,0) size 980x735
  RenderBlock {HTML} at (0,0) size 980x735
    RenderBody {BODY} at (8,8) size 964x719
      RenderBlock {P} at (0,0) size 964x19
        RenderText {#text} at (0,0) size 63x19
          text run at (0,0) width 63: "test for "
        RenderInline {A} at (0,0) size 70x19 [color=#0000EE]
          RenderText {#text} at (63,0) size 70x19
            text run at (63,0) width 70: "4110775"
        RenderText {#text} at (133,0) size 563x19
          text run at (133,0) width 563: " Crash will occur when double-clicking outerHTML link on W3 DOM test"
      RenderBlock {P} at (0,35) size 964x0
      RenderBlock {DIV} at (0,35) size 964x19
        RenderText {#text} at (0,0) size 731x19
          text run at (0,0) width 574: "This test passed. We don't support outerHTML on the document object. "
          text run at (574,0) width 157: "Neither does WinIE."
