layer at (0,0) size 980x735
  RenderView at (0,0) size 980x735
layer at (0,0) size 980x735
  RenderBlock {HTML} at (0,0) size 980x735
    RenderBody {BODY} at (8,8) size 964x719
      RenderBlock {DIV} at (0,0) size 100x100 [bgcolor=#FF0000]
        RenderText {#text} at (0,0) size 97x76
          text run at (0,0) width 87: "You should"
          text run at (0,19) width 97: "not see this."
          text run at (0,38) width 82: "Resize the"
          text run at (0,57) width 65: "window."
layer at (8,8) size 100x127
  RenderBlock (positioned) {DIV} at (0,0) size 100x127
    RenderBlock {DIV} at (0,0) size 100x100 [bgcolor=#008000]
    RenderBlock (anonymous) at (0,100) size 100x27
      RenderButton {BUTTON} at (2,2) size 51x23 [bgcolor=#C0C0C0] [border: (2px outset #C0C0C0)]
        RenderBlock (anonymous) at (5,5) size 43x15
          RenderText {#text} at (0,0) size 43x15
            text run at (0,0) width 43: "Button"
      RenderText {#text} at (0,0) size 0x0
