layer at (0,0) size 980x735
  RenderView at (0,0) size 980x735
layer at (0,0) size 980x735
  RenderBlock {HTML} at (0,0) size 980x735
    RenderBody {BODY} at (8,8) size 964x719
      RenderBlock {P} at (0,0) size 964x38
        RenderText {#text} at (0,0) size 67x19
          text run at (0,0) width 67: "Test for "
        RenderInline {I} at (0,0) size 892x38
          RenderInline {A} at (0,0) size 372x19 [color=#0000EE]
            RenderText {#text} at (67,0) size 372x19
              text run at (67,0) width 372: "http://bugs.webkit.org/show_bug.cgi?id=12818"
          RenderText {#text} at (439,0) size 892x38
            text run at (439,0) width 5: " "
            text run at (444,0) width 448: "REGRESSION (r19148): shacknews.com does not render"
            text run at (0,19) width 88: "completely"
        RenderText {#text} at (88,19) size 5x19
          text run at (88,19) width 5: "."
      RenderBlock {P} at (0,54) size 964x19
        RenderText {#text} at (0,0) size 432x19
          text run at (0,0) width 432: "There should be a green square to the left of the text."
      RenderBlock {DIV} at (0,89) size 100x100 [bgcolor=#008000]
      RenderBlock {DIV} at (0,189) size 964x19
        RenderText {#text} at (0,0) size 41x19
          text run at (0,0) width 41: "PASS"
layer at (8,97) size 972x133
  RenderBlock (positioned) {DIV} at (8,97) size 972x133
    RenderBlock {DIV} at (100,0) size 872x133
      RenderBlock {DIV} at (0,0) size 872x133
        RenderText {#text} at (0,0) size 871x133
          text run at (0,0) width 854: "Curabitur pretium, quam quis semper malesuada, est libero feugiat libero, vel fringilla orci nibh sed neque."
          text run at (0,19) width 866: "Quisque eu nulla non nisi molestie accumsan. Etiam tellus urna, laoreet ac, laoreet non, suscipit sed, sapien."
          text run at (0,38) width 862: "Phasellus vehicula, sem at posuere vehicula, augue nibh molestie nisl, nec ullamcorper lacus ante vulputate"
          text run at (0,57) width 864: "pede. Cum sociis natoque penatibus et magnis dis parturient montes, nascetur ridiculus mus. Mauris viverra"
          text run at (0,76) width 871: "augue vitae purus. Morbi sed sem. Donec dui nisi, ultrices non, pretium quis, hendrerit non, est. Donec tellus."
          text run at (0,95) width 806: "Donec eget dui id eros pharetra rutrum. Suspendisse sodales lectus sit amet nulla. Morbi tortor arcu,"
          text run at (0,114) width 390: "convallis blandit, elementum eu, aliquet a, tellus."
