layer at (0,0) size 980x735
  RenderView at (0,0) size 980x735
layer at (0,0) size 980x735
  RenderBlock {HTML} at (0,0) size 980x735
    RenderBody {BODY} at (8,8) size 964x711
      RenderBlock {P} at (0,0) size 964x19
        RenderText {#text} at (0,0) size 67x19
          text run at (0,0) width 67: "Test for "
        RenderInline {I} at (0,0) size 792x19
          RenderInline {A} at (0,0) size 372x19 [color=#0000EE]
            RenderText {#text} at (67,0) size 372x19
              text run at (67,0) width 372: "http://bugs.webkit.org/show_bug.cgi?id=13145"
          RenderText {#text} at (439,0) size 420x19
            text run at (439,0) width 5: " "
            text run at (444,0) width 415: "Regression: Scrollbar not resizing after display none"
        RenderText {#text} at (859,0) size 5x19
          text run at (859,0) width 5: "."
      RenderBlock {P} at (0,35) size 964x19
        RenderText {#text} at (0,0) size 390x19
          text run at (0,0) width 390: "The window should not have a vertical scroll bar."
layer at (8,100) size 100x100
  RenderBlock (positioned) {DIV} at (8,100) size 100x100
    RenderBlock {DIV} at (0,0) size 100x100 [bgcolor=#008000]
