layer at (0,0) size 980x735
  RenderView at (0,0) size 980x735
layer at (0,0) size 948x703
  RenderBlock {HTML} at (0,0) size 948x703
    RenderBody {BODY} at (8,8) size 932x719
      RenderText {#text} at (0,0) size 610x19
        text run at (0,0) width 610: "This window should not have scroll bars. If it has scroll bars, try to use them."
      RenderText {#text} at (0,0) size 0x0
