CONSOLE MESSAGE: line 36: TypeError: 'null' is not an object (evaluating 'triangleSpan.nextSibling.nextSibling.nextSibling.nextSibling.style')
CONSOLE MESSAGE: line 40: TypeError: 'null' is not an object (evaluating 'triangleSpan.nextSibling.nextSibling.nextSibling.nextSibling.style')
CONSOLE MESSAGE: line 36: TypeError: 'null' is not an object (evaluating 'triangleSpan.nextSibling.nextSibling.nextSibling.nextSibling.style')
CONSOLE MESSAGE: line 40: TypeError: 'null' is not an object (evaluating 'triangleSpan.nextSibling.nextSibling.nextSibling.nextSibling.style')
layer at (0,0) size 800x600
  RenderView at (0,0) size 800x600
layer at (0,0) size 800x600
  RenderBlock {HTML} at (0,0) size 800x600
    RenderBody {BODY} at (8,8) size 784x584
      RenderBlock (floating) {DIV} at (5,5) size 57x24 [bgcolor=#ADD8E6]
        RenderInline {SPAN} at (0,0) size 6x14
          RenderText {#text} at (5,5) size 6x14
            text run at (5,5) width 6: "\x{25B8}"
        RenderText {#text} at (11,5) size 41x14
          text run at (11,5) width 41: " Project"
        RenderText {#text} at (0,0) size 0x0
caret: position 1 of child 0 {#text} of child 1 {SPAN} of child 3 {DIV} of body
