layer at (0,0) size 980x1654
  RenderView at (0,0) size 980x735
layer at (0,0) size 980x1654
  RenderBlock {HTML} at (0,0) size 980x1654
    RenderBody {BODY} at (8,17) size 964x1624 [color=#00FF00] [bgcolor=#333333]
      RenderBlock {H1} at (0,0) size 964x30
        RenderText {#text} at (0,0) size 525x30
          text run at (0,0) width 525: "CSS2 Table Backgrounds Test Suite"
      RenderBlock {H2} at (0,47) size 964x23
        RenderText {#text} at (0,0) size 67x24
          text run at (0,0) width 67: "Notes"
      RenderBlock {P} at (0,86) size 964x45
        RenderText {#text} at (0,0) size 768x15
          text run at (0,0) width 768: "This test suite is not endorsed or approved by the W3C or anyone besides fantasai. It tests conformance to fantasai's "
        RenderInline {A} at (0,0) size 962x30 [color=#FFFF00]
          RenderText {#text} at (768,0) size 962x30
            text run at (768,0) width 194: "table background clarification"
            text run at (0,15) width 56: "proposal"
        RenderText {#text} at (56,15) size 951x30
          text run at (56,15) width 895: ", not the official CSS2 specification. The intent is to demonstrate the proposal's effects under various styling conditions and to clarify any"
          text run at (0,30) width 901: "ambiguity in the proposal in preparation for a better-worded errata suggestion. It's not particularly well-designed, but it is comprehensive."
      RenderBlock {P} at (0,144) size 964x30
        RenderText {#text} at (0,0) size 953x30
          text run at (0,0) width 953: "This test suite (this page and all pages linked from the table of contents below) and its background images (listed below) are in the public domain"
          text run at (0,15) width 309: "by assertion of their author. No rights reserved."
      RenderBlock {P} at (0,187) size 964x15
        RenderText {#text} at (0,0) size 335x15
          text run at (0,0) width 335: "The images used as backgrounds are the following:"
      RenderBlock {UL} at (0,215) size 964x730
        RenderListItem {LI} at (40,0) size 924x33
          RenderListMarker at (-16,18) size 6x15: bullet
          RenderImage {IMG} at (0,0) size 80x30
          RenderText {#text} at (0,0) size 0x0
        RenderListItem {LI} at (40,33) size 924x83
          RenderListMarker at (-16,68) size 6x15: bullet
          RenderImage {IMG} at (0,0) size 30x80
          RenderText {#text} at (0,0) size 0x0
        RenderListItem {LI} at (40,116) size 924x614
          RenderListMarker at (-16,599) size 6x15: bullet
          RenderImage {IMG} at (0,0) size 779x611
          RenderText {#text} at (0,0) size 0x0
      RenderBlock {P} at (0,958) size 964x15
        RenderText {#text} at (0,0) size 275x15
          text run at (0,0) width 275: "They are in GIF format, with transparency."
      RenderBlock {P} at (0,986) size 964x15
        RenderText {#text} at (0,0) size 746x15
          text run at (0,0) width 746: "Each color band in the rainbow backgrounds is 20 pixels wide. Each stripe within the color band is two pixels wide."
      RenderBlock {P} at (0,1014) size 964x15
        RenderText {#text} at (0,0) size 592x15
          text run at (0,0) width 592: "The aqua and purple band is 10 pixels wide. Each stripe within the band is two pixels wide."
      RenderBlock {P} at (0,1042) size 964x15
        RenderText {#text} at (0,0) size 612x15
          text run at (0,0) width 612: "Many image background rules in this test suite are backed up with a 'black' background color."
      RenderBlock {P} at (0,1070) size 964x45
        RenderText {#text} at (0,0) size 188x15
          text run at (0,0) width 188: "This test suite assumes that "
        RenderInline {STRONG} at (0,0) size 956x30
          RenderText {#text} at (188,0) size 561x15
            text run at (188,0) width 561: "the border edge for a table element in a table with collapsed borders is the "
          RenderInline {EM} at (0,0) size 49x15
            RenderText {#text} at (749,0) size 49x15
              text run at (749,0) width 49: "middle"
          RenderText {#text} at (798,0) size 956x30
            text run at (798,0) width 158: " of the border around"
            text run at (0,15) width 304: "the element, not the outer or inner edge."
        RenderText {#text} at (304,15) size 946x30
          text run at (304,15) width 642: " (This also needs to be addressed by CSS2.1.) It also assumes support for proper ordering of tables"
          text run at (0,30) width 32: "with "
        RenderInline {CODE} at (0,0) size 53x15
          RenderText {#text} at (32,30) size 53x15
            text run at (32,30) width 53: "<tfoot>"
        RenderText {#text} at (85,30) size 4x15
          text run at (85,30) width 4: "."
      RenderBlock {H2} at (0,1131) size 964x23
        RenderText {#text} at (0,0) size 203x24
          text run at (0,0) width 203: "Table of Contents"
      RenderBlock {OL} at (0,1170) size 964x454
        RenderListItem {LI} at (40,0) size 924x105
          RenderBlock (anonymous) at (0,0) size 924x15
            RenderListMarker at (-21,0) size 17x15: "A"
            RenderText {#text} at (0,0) size 111x15
              text run at (0,0) width 111: "Background Area"
          RenderBlock {OL} at (0,15) size 924x90
            RenderListItem {LI} at (40,0) size 884x15
              RenderListMarker at (-20,0) size 16x15: "1"
              RenderInline {A} at (0,0) size 142x15 [color=#FFFF00]
                RenderText {#text} at (0,0) size 142x15
                  text run at (0,0) width 142: "Background on 'table'"
              RenderText {#text} at (0,0) size 0x0
            RenderListItem {LI} at (40,15) size 884x15
              RenderListMarker at (-20,0) size 16x15: "2"
              RenderInline {A} at (0,0) size 213x15 [color=#FFFF00]
                RenderText {#text} at (0,0) size 213x15
                  text run at (0,0) width 213: "Background on 'table-row-group'"
              RenderText {#text} at (0,0) size 0x0
            RenderListItem {LI} at (40,30) size 884x15
              RenderListMarker at (-20,0) size 16x15: "3"
              RenderInline {A} at (0,0) size 237x15 [color=#FFFF00]
                RenderText {#text} at (0,0) size 237x15
                  text run at (0,0) width 237: "Background on 'table-column-group'"
              RenderText {#text} at (0,0) size 0x0
            RenderListItem {LI} at (40,45) size 884x15
              RenderListMarker at (-20,0) size 16x15: "4"
              RenderInline {A} at (0,0) size 171x15 [color=#FFFF00]
                RenderText {#text} at (0,0) size 171x15
                  text run at (0,0) width 171: "Background on 'table-row'"
              RenderText {#text} at (0,0) size 0x0
            RenderListItem {LI} at (40,60) size 884x15
              RenderListMarker at (-20,0) size 16x15: "5"
              RenderInline {A} at (0,0) size 195x15 [color=#FFFF00]
                RenderText {#text} at (0,0) size 195x15
                  text run at (0,0) width 195: "Background on 'table-column'"
              RenderText {#text} at (0,0) size 0x0
            RenderListItem {LI} at (40,75) size 884x15
              RenderListMarker at (-20,0) size 16x15: "6"
              RenderInline {A} at (0,0) size 170x15 [color=#FFFF00]
                RenderText {#text} at (0,0) size 170x15
                  text run at (0,0) width 170: "Background on 'table-cell'"
              RenderText {#text} at (0,0) size 0x0
        RenderListItem {LI} at (40,105) size 924x105
          RenderBlock (anonymous) at (0,0) size 924x15
            RenderListMarker at (-21,0) size 17x15: "B"
            RenderText {#text} at (0,0) size 133x15
              text run at (0,0) width 133: "Background Position"
          RenderBlock {OL} at (0,15) size 924x90
            RenderListItem {LI} at (40,0) size 884x15
              RenderListMarker at (-20,0) size 16x15: "1"
              RenderInline {A} at (0,0) size 142x15 [color=#FFFF00]
                RenderText {#text} at (0,0) size 142x15
                  text run at (0,0) width 142: "Background on 'table'"
              RenderText {#text} at (0,0) size 0x0
            RenderListItem {LI} at (40,15) size 884x15
              RenderListMarker at (-20,0) size 16x15: "2"
              RenderInline {A} at (0,0) size 213x15 [color=#FFFF00]
                RenderText {#text} at (0,0) size 213x15
                  text run at (0,0) width 213: "Background on 'table-row-group'"
              RenderText {#text} at (0,0) size 0x0
            RenderListItem {LI} at (40,30) size 884x15
              RenderListMarker at (-20,0) size 16x15: "3"
              RenderInline {A} at (0,0) size 237x15 [color=#FFFF00]
                RenderText {#text} at (0,0) size 237x15
                  text run at (0,0) width 237: "Background on 'table-column-group'"
              RenderText {#text} at (0,0) size 0x0
            RenderListItem {LI} at (40,45) size 884x15
              RenderListMarker at (-20,0) size 16x15: "4"
              RenderInline {A} at (0,0) size 171x15 [color=#FFFF00]
                RenderText {#text} at (0,0) size 171x15
                  text run at (0,0) width 171: "Background on 'table-row'"
              RenderText {#text} at (0,0) size 0x0
            RenderListItem {LI} at (40,60) size 884x15
              RenderListMarker at (-20,0) size 16x15: "5"
              RenderInline {A} at (0,0) size 195x15 [color=#FFFF00]
                RenderText {#text} at (0,0) size 195x15
                  text run at (0,0) width 195: "Background on 'table-column'"
              RenderText {#text} at (0,0) size 0x0
            RenderListItem {LI} at (40,75) size 884x15
              RenderListMarker at (-20,0) size 16x15: "6"
              RenderInline {A} at (0,0) size 170x15 [color=#FFFF00]
                RenderText {#text} at (0,0) size 170x15
                  text run at (0,0) width 170: "Background on 'table-cell'"
              RenderText {#text} at (0,0) size 0x0
        RenderListItem {LI} at (40,210) size 924x45
          RenderBlock (anonymous) at (0,0) size 924x15
            RenderListMarker at (-21,0) size 17x15: "C"
            RenderText {#text} at (0,0) size 124x15
              text run at (0,0) width 124: "Background Layers"
          RenderBlock {OL} at (0,15) size 924x30
            RenderListItem {LI} at (40,0) size 884x15
              RenderListMarker at (-20,0) size 16x15: "1"
              RenderInline {A} at (0,0) size 119x15 [color=#FFFF00]
                RenderText {#text} at (0,0) size 119x15
                  text run at (0,0) width 119: "empty-cells: show"
              RenderText {#text} at (0,0) size 0x0
            RenderListItem {LI} at (40,15) size 884x15
              RenderListMarker at (-20,0) size 16x15: "2"
              RenderInline {A} at (0,0) size 113x15 [color=#FFFF00]
                RenderText {#text} at (0,0) size 113x15
                  text run at (0,0) width 113: "empty-cells: hide"
              RenderText {#text} at (0,0) size 0x0
        RenderListItem {LI} at (40,255) size 924x199
          RenderBlock (anonymous) at (0,0) size 924x15
            RenderListMarker at (-22,0) size 18x15: "D"
            RenderText {#text} at (0,0) size 163x15
              text run at (0,0) width 163: "Background with Borders"
          RenderBlock {OL} at (0,15) size 924x135
            RenderListItem {LI} at (40,0) size 884x15
              RenderListMarker at (-20,0) size 16x15: "1"
              RenderInline {A} at (0,0) size 142x15 [color=#FFFF00]
                RenderText {#text} at (0,0) size 142x15
                  text run at (0,0) width 142: "Background on 'table'"
              RenderText {#text} at (0,0) size 0x0
            RenderListItem {LI} at (40,15) size 884x15
              RenderListMarker at (-20,0) size 16x15: "2"
              RenderInline {A} at (0,0) size 213x15 [color=#FFFF00]
                RenderText {#text} at (0,0) size 213x15
                  text run at (0,0) width 213: "Background on 'table-row-group'"
              RenderText {#text} at (0,0) size 0x0
            RenderListItem {LI} at (40,30) size 884x15
              RenderListMarker at (-20,0) size 16x15: "3"
              RenderInline {A} at (0,0) size 237x15 [color=#FFFF00]
                RenderText {#text} at (0,0) size 237x15
                  text run at (0,0) width 237: "Background on 'table-column-group'"
              RenderText {#text} at (0,0) size 0x0
            RenderListItem {LI} at (40,45) size 884x15
              RenderListMarker at (-20,0) size 16x15: "4"
              RenderInline {A} at (0,0) size 171x15 [color=#FFFF00]
                RenderText {#text} at (0,0) size 171x15
                  text run at (0,0) width 171: "Background on 'table-row'"
              RenderText {#text} at (0,0) size 0x0
            RenderListItem {LI} at (40,60) size 884x15
              RenderListMarker at (-20,0) size 16x15: "5"
              RenderInline {A} at (0,0) size 195x15 [color=#FFFF00]
                RenderText {#text} at (0,0) size 195x15
                  text run at (0,0) width 195: "Background on 'table-column'"
              RenderText {#text} at (0,0) size 0x0
            RenderListItem {LI} at (40,75) size 884x15
              RenderListMarker at (-20,0) size 16x15: "6"
              RenderInline {A} at (0,0) size 170x15 [color=#FFFF00]
                RenderText {#text} at (0,0) size 170x15
                  text run at (0,0) width 170: "Background on 'table-cell'"
              RenderText {#text} at (0,0) size 0x0
            RenderListItem {LI} at (40,90) size 884x45
              RenderBlock (anonymous) at (0,0) size 884x15
                RenderListMarker at (-20,0) size 16x15: "7"
                RenderText {#text} at (0,0) size 86x15
                  text run at (0,0) width 86: "Special Tests"
              RenderBlock {OL} at (0,15) size 884x30
                RenderListItem {LI} at (40,0) size 844x15
                  RenderListMarker at (-20,0) size 16x15: "1"
                  RenderInline {A} at (0,0) size 50x15 [color=#FFFF00]
                    RenderText {#text} at (0,0) size 50x15
                      text run at (0,0) width 50: "Opacity"
                  RenderText {#text} at (0,0) size 0x0
                RenderListItem {LI} at (40,15) size 844x15
                  RenderListMarker at (-20,0) size 16x15: "2"
                  RenderInline {A} at (0,0) size 123x15 [color=#FFFF00]
                    RenderText {#text} at (0,0) size 123x15
                      text run at (0,0) width 123: "Fixed Backgrounds"
                  RenderText {#text} at (0,0) size 0x0
          RenderBlock {DIV} at (0,150) size 924x34
            RenderInline {A} at (0,0) size 88x15 [color=#FFFF00]
              RenderImage {IMG} at (0,0) size 88x31
            RenderText {#text} at (0,0) size 0x0
          RenderBlock {ADDRESS} at (0,184) size 924x15
            RenderText {#text} at (0,0) size 618x15
              text run at (0,0) width 618: "CSS2 Table Backgrounds Test Suite designed and written by fantasai <fantasai@escape.com>"
