layer at (0,0) size 980x735
  RenderView at (0,0) size 980x735
layer at (0,0) size 980x735
  RenderBlock {HTML} at (0,0) size 980x735
    RenderBody {BODY} at (8,8) size 964x719
      RenderBlock {P} at (0,0) size 964x38
        RenderText {#text} at (0,0) size 947x38
          text run at (0,0) width 947: "Colgroups are used to identify column groups. In this test case, the COLGROUP element is used in conjunction with the"
          text run at (0,19) width 889: "SPAN attribute. The table below has two distinct column groups; 'Airport Location' and 'Car Rental Information'."
      RenderTable {TABLE} at (0,54) size 599x179 [border: (1px outset #808080)]
        RenderTableCol {COLGROUP} at (0,0) size 0x0
        RenderTableCol {COLGROUP} at (0,0) size 0x0
        RenderTableSection {TBODY} at (1,1) size 597x177
          RenderTableRow {TR} at (0,2) size 597x23
            RenderTableCell {TH} at (2,2) size 201x23 [border: (1px inset #808080)] [r=0 c=0 rs=1 cs=2]
              RenderText {#text} at (28,2) size 145x19
                text run at (28,2) width 145: "Airport Location"
            RenderTableCell {TH} at (205,2) size 390x23 [border: (1px inset #808080)] [r=0 c=2 rs=1 cs=3]
              RenderText {#text} at (92,2) size 206x19
                text run at (92,2) width 206: "Car Rental information"
          RenderTableRow {TR} at (0,27) size 597x23
            RenderTableCell {TH} at (2,27) size 101x23 [border: (1px inset #808080)] [r=1 c=0 rs=1 cs=1]
              RenderText {#text} at (15,2) size 71x19
                text run at (15,2) width 71: "Country"
            RenderTableCell {TH} at (105,27) size 98x23 [border: (1px inset #808080)] [r=1 c=1 rs=1 cs=1]
              RenderText {#text} at (31,2) size 36x19
                text run at (31,2) width 36: "City"
            RenderTableCell {TH} at (205,27) size 129x23 [border: (1px inset #808080)] [r=1 c=2 rs=1 cs=1]
              RenderText {#text} at (2,2) size 125x19
                text run at (2,2) width 125: "ABC Company"
            RenderTableCell {TH} at (336,27) size 128x23 [border: (1px inset #808080)] [r=1 c=3 rs=1 cs=1]
              RenderText {#text} at (2,2) size 124x19
                text run at (2,2) width 124: "EFG Company"
            RenderTableCell {TH} at (466,27) size 129x23 [border: (1px inset #808080)] [r=1 c=4 rs=1 cs=1]
              RenderText {#text} at (2,2) size 125x19
                text run at (2,2) width 125: "XYZ Company"
          RenderTableRow {TR} at (0,52) size 597x23
            RenderTableCell {TD} at (2,52) size 101x23 [border: (1px inset #808080)] [r=2 c=0 rs=1 cs=1]
              RenderText {#text} at (2,2) size 55x19
                text run at (2,2) width 55: "France"
            RenderTableCell {TD} at (105,52) size 98x23 [border: (1px inset #808080)] [r=2 c=1 rs=1 cs=1]
              RenderText {#text} at (2,2) size 39x19
                text run at (2,2) width 39: "Paris"
            RenderTableCell {TD} at (205,52) size 129x23 [border: (1px inset #808080)] [r=2 c=2 rs=1 cs=1]
              RenderText {#text} at (2,2) size 27x19
                text run at (2,2) width 27: "yes"
            RenderTableCell {TD} at (336,52) size 128x23 [border: (1px inset #808080)] [r=2 c=3 rs=1 cs=1]
              RenderText {#text} at (2,2) size 27x19
                text run at (2,2) width 27: "yes"
            RenderTableCell {TD} at (466,52) size 129x23 [border: (1px inset #808080)] [r=2 c=4 rs=1 cs=1]
              RenderText {#text} at (2,2) size 27x19
                text run at (2,2) width 27: "yes"
          RenderTableRow {TR} at (0,77) size 597x23
            RenderTableCell {TD} at (2,77) size 101x23 [border: (1px inset #808080)] [r=3 c=0 rs=1 cs=1]
              RenderText {#text} at (2,2) size 74x19
                text run at (2,2) width 74: "Germany"
            RenderTableCell {TD} at (105,77) size 98x23 [border: (1px inset #808080)] [r=3 c=1 rs=1 cs=1]
              RenderText {#text} at (2,2) size 74x19
                text run at (2,2) width 74: "Frankfurt"
            RenderTableCell {TD} at (205,77) size 129x23 [border: (1px inset #808080)] [r=3 c=2 rs=1 cs=1]
              RenderText {#text} at (2,2) size 27x19
                text run at (2,2) width 27: "yes"
            RenderTableCell {TD} at (336,77) size 128x23 [border: (1px inset #808080)] [r=3 c=3 rs=1 cs=1]
              RenderText {#text} at (2,2) size 27x19
                text run at (2,2) width 27: "yes"
            RenderTableCell {TD} at (466,77) size 129x23 [border: (1px inset #808080)] [r=3 c=4 rs=1 cs=1]
              RenderText {#text} at (2,2) size 27x19
                text run at (2,2) width 27: "yes"
          RenderTableRow {TR} at (0,102) size 597x23
            RenderTableCell {TD} at (2,102) size 101x23 [border: (1px inset #808080)] [r=4 c=0 rs=1 cs=1]
              RenderText {#text} at (2,2) size 64x19
                text run at (2,2) width 64: "England"
            RenderTableCell {TD} at (105,102) size 98x23 [border: (1px inset #808080)] [r=4 c=1 rs=1 cs=1]
              RenderText {#text} at (2,2) size 59x19
                text run at (2,2) width 59: "London"
            RenderTableCell {TD} at (205,102) size 129x23 [border: (1px inset #808080)] [r=4 c=2 rs=1 cs=1]
              RenderText {#text} at (2,2) size 27x19
                text run at (2,2) width 27: "yes"
            RenderTableCell {TD} at (336,102) size 128x23 [border: (1px inset #808080)] [r=4 c=3 rs=1 cs=1]
              RenderText {#text} at (2,2) size 27x19
                text run at (2,2) width 27: "yes"
            RenderTableCell {TD} at (466,102) size 129x23 [border: (1px inset #808080)] [r=4 c=4 rs=1 cs=1]
              RenderText {#text} at (2,2) size 27x19
                text run at (2,2) width 27: "yes"
          RenderTableRow {TR} at (0,127) size 597x23
            RenderTableCell {TD} at (2,127) size 101x23 [border: (1px inset #808080)] [r=5 c=0 rs=1 cs=1]
              RenderText {#text} at (2,2) size 97x19
                text run at (2,2) width 97: "Netherlands"
            RenderTableCell {TD} at (105,127) size 98x23 [border: (1px inset #808080)] [r=5 c=1 rs=1 cs=1]
              RenderText {#text} at (2,2) size 94x19
                text run at (2,2) width 94: "Amsterdam"
            RenderTableCell {TD} at (205,127) size 129x23 [border: (1px inset #808080)] [r=5 c=2 rs=1 cs=1]
              RenderText {#text} at (2,2) size 27x19
                text run at (2,2) width 27: "yes"
            RenderTableCell {TD} at (336,127) size 128x23 [border: (1px inset #808080)] [r=5 c=3 rs=1 cs=1]
              RenderText {#text} at (2,2) size 27x19
                text run at (2,2) width 27: "yes"
            RenderTableCell {TD} at (466,127) size 129x23 [border: (1px inset #808080)] [r=5 c=4 rs=1 cs=1]
              RenderText {#text} at (2,2) size 27x19
                text run at (2,2) width 27: "yes"
          RenderTableRow {TR} at (0,152) size 597x23
            RenderTableCell {TD} at (2,152) size 101x23 [border: (1px inset #808080)] [r=6 c=0 rs=1 cs=1]
              RenderText {#text} at (2,2) size 33x19
                text run at (2,2) width 33: "USA"
            RenderTableCell {TD} at (105,152) size 98x23 [border: (1px inset #808080)] [r=6 c=1 rs=1 cs=1]
              RenderText {#text} at (2,2) size 76x19
                text run at (2,2) width 76: "New York"
            RenderTableCell {TD} at (205,152) size 129x23 [border: (1px inset #808080)] [r=6 c=2 rs=1 cs=1]
              RenderText {#text} at (2,2) size 27x19
                text run at (2,2) width 27: "yes"
            RenderTableCell {TD} at (336,152) size 128x23 [border: (1px inset #808080)] [r=6 c=3 rs=1 cs=1]
              RenderText {#text} at (2,2) size 27x19
                text run at (2,2) width 27: "yes"
            RenderTableCell {TD} at (466,152) size 129x23 [border: (1px inset #808080)] [r=6 c=4 rs=1 cs=1]
              RenderText {#text} at (2,2) size 27x19
                text run at (2,2) width 27: "yes"
