layer at (0,0) size 980x735
  RenderView at (0,0) size 980x735
layer at (0,0) size 980x735
  RenderBlock {HTML} at (0,0) size 980x735
    RenderBody {BODY} at (8,8) size 964x719
      RenderBlock {P} at (0,0) size 964x57
        RenderText {#text} at (0,0) size 935x57
          text run at (0,0) width 935: "Colgroups are used to identify column groups. The table below has two distinct column groups; 'Airport Location' and"
          text run at (0,19) width 925: "'Car Rental Information'. The first column group contains two columns and the second column group contains three"
          text run at (0,38) width 72: "columns."
      RenderBlock {P} at (0,73) size 964x19
        RenderText {#text} at (0,0) size 439x19
          text run at (0,0) width 439: "In this test case, the cell text should be middle-aligned."
      RenderTable {TABLE} at (0,108) size 599x368 [border: (1px outset #808080)]
        RenderTableCol {COLGROUP} at (0,0) size 0x0
        RenderTableCol {COLGROUP} at (0,0) size 0x0
        RenderTableSection {TBODY} at (1,1) size 597x366
          RenderTableRow {TR} at (0,2) size 597x50
            RenderTableCell {TH} at (2,15) size 201x23 [border: (1px inset #808080)] [r=0 c=0 rs=1 cs=2]
              RenderText {#text} at (28,2) size 145x19
                text run at (28,2) width 145: "Airport Location"
            RenderTableCell {TH} at (205,15) size 390x23 [border: (1px inset #808080)] [r=0 c=2 rs=1 cs=3]
              RenderText {#text} at (92,2) size 206x19
                text run at (92,2) width 206: "Car Rental information"
          RenderTableRow {TR} at (0,54) size 597x50
            RenderTableCell {TH} at (2,67) size 101x23 [border: (1px inset #808080)] [r=1 c=0 rs=1 cs=1]
              RenderText {#text} at (15,2) size 71x19
                text run at (15,2) width 71: "Country"
            RenderTableCell {TH} at (105,67) size 98x23 [border: (1px inset #808080)] [r=1 c=1 rs=1 cs=1]
              RenderText {#text} at (31,2) size 36x19
                text run at (31,2) width 36: "City"
            RenderTableCell {TH} at (205,67) size 129x23 [border: (1px inset #808080)] [r=1 c=2 rs=1 cs=1]
              RenderText {#text} at (2,2) size 125x19
                text run at (2,2) width 125: "ABC Company"
            RenderTableCell {TH} at (336,67) size 128x23 [border: (1px inset #808080)] [r=1 c=3 rs=1 cs=1]
              RenderText {#text} at (2,2) size 124x19
                text run at (2,2) width 124: "EFG Company"
            RenderTableCell {TH} at (466,67) size 129x23 [border: (1px inset #808080)] [r=1 c=4 rs=1 cs=1]
              RenderText {#text} at (2,2) size 125x19
                text run at (2,2) width 125: "XYZ Company"
          RenderTableRow {TR} at (0,106) size 597x50
            RenderTableCell {TD} at (2,119) size 101x23 [border: (1px inset #808080)] [r=2 c=0 rs=1 cs=1]
              RenderText {#text} at (2,2) size 55x19
                text run at (2,2) width 55: "France"
            RenderTableCell {TD} at (105,119) size 98x23 [border: (1px inset #808080)] [r=2 c=1 rs=1 cs=1]
              RenderText {#text} at (2,2) size 39x19
                text run at (2,2) width 39: "Paris"
            RenderTableCell {TD} at (205,119) size 129x23 [border: (1px inset #808080)] [r=2 c=2 rs=1 cs=1]
              RenderText {#text} at (2,2) size 27x19
                text run at (2,2) width 27: "yes"
            RenderTableCell {TD} at (336,119) size 128x23 [border: (1px inset #808080)] [r=2 c=3 rs=1 cs=1]
              RenderText {#text} at (2,2) size 27x19
                text run at (2,2) width 27: "yes"
            RenderTableCell {TD} at (466,119) size 129x23 [border: (1px inset #808080)] [r=2 c=4 rs=1 cs=1]
              RenderText {#text} at (2,2) size 27x19
                text run at (2,2) width 27: "yes"
          RenderTableRow {TR} at (0,158) size 597x50
            RenderTableCell {TD} at (2,171) size 101x23 [border: (1px inset #808080)] [r=3 c=0 rs=1 cs=1]
              RenderText {#text} at (2,2) size 74x19
                text run at (2,2) width 74: "Germany"
            RenderTableCell {TD} at (105,171) size 98x23 [border: (1px inset #808080)] [r=3 c=1 rs=1 cs=1]
              RenderText {#text} at (2,2) size 74x19
                text run at (2,2) width 74: "Frankfurt"
            RenderTableCell {TD} at (205,171) size 129x23 [border: (1px inset #808080)] [r=3 c=2 rs=1 cs=1]
              RenderText {#text} at (2,2) size 27x19
                text run at (2,2) width 27: "yes"
            RenderTableCell {TD} at (336,171) size 128x23 [border: (1px inset #808080)] [r=3 c=3 rs=1 cs=1]
              RenderText {#text} at (2,2) size 27x19
                text run at (2,2) width 27: "yes"
            RenderTableCell {TD} at (466,171) size 129x23 [border: (1px inset #808080)] [r=3 c=4 rs=1 cs=1]
              RenderText {#text} at (2,2) size 27x19
                text run at (2,2) width 27: "yes"
          RenderTableRow {TR} at (0,210) size 597x50
            RenderTableCell {TD} at (2,223) size 101x23 [border: (1px inset #808080)] [r=4 c=0 rs=1 cs=1]
              RenderText {#text} at (2,2) size 64x19
                text run at (2,2) width 64: "England"
            RenderTableCell {TD} at (105,223) size 98x23 [border: (1px inset #808080)] [r=4 c=1 rs=1 cs=1]
              RenderText {#text} at (2,2) size 59x19
                text run at (2,2) width 59: "London"
            RenderTableCell {TD} at (205,223) size 129x23 [border: (1px inset #808080)] [r=4 c=2 rs=1 cs=1]
              RenderText {#text} at (2,2) size 27x19
                text run at (2,2) width 27: "yes"
            RenderTableCell {TD} at (336,223) size 128x23 [border: (1px inset #808080)] [r=4 c=3 rs=1 cs=1]
              RenderText {#text} at (2,2) size 27x19
                text run at (2,2) width 27: "yes"
            RenderTableCell {TD} at (466,223) size 129x23 [border: (1px inset #808080)] [r=4 c=4 rs=1 cs=1]
              RenderText {#text} at (2,2) size 27x19
                text run at (2,2) width 27: "yes"
          RenderTableRow {TR} at (0,262) size 597x50
            RenderTableCell {TD} at (2,275) size 101x23 [border: (1px inset #808080)] [r=5 c=0 rs=1 cs=1]
              RenderText {#text} at (2,2) size 97x19
                text run at (2,2) width 97: "Netherlands"
            RenderTableCell {TD} at (105,275) size 98x23 [border: (1px inset #808080)] [r=5 c=1 rs=1 cs=1]
              RenderText {#text} at (2,2) size 94x19
                text run at (2,2) width 94: "Amsterdam"
            RenderTableCell {TD} at (205,275) size 129x23 [border: (1px inset #808080)] [r=5 c=2 rs=1 cs=1]
              RenderText {#text} at (2,2) size 27x19
                text run at (2,2) width 27: "yes"
            RenderTableCell {TD} at (336,275) size 128x23 [border: (1px inset #808080)] [r=5 c=3 rs=1 cs=1]
              RenderText {#text} at (2,2) size 27x19
                text run at (2,2) width 27: "yes"
            RenderTableCell {TD} at (466,275) size 129x23 [border: (1px inset #808080)] [r=5 c=4 rs=1 cs=1]
              RenderText {#text} at (2,2) size 27x19
                text run at (2,2) width 27: "yes"
          RenderTableRow {TR} at (0,314) size 597x50
            RenderTableCell {TD} at (2,327) size 101x23 [border: (1px inset #808080)] [r=6 c=0 rs=1 cs=1]
              RenderText {#text} at (2,2) size 33x19
                text run at (2,2) width 33: "USA"
            RenderTableCell {TD} at (105,327) size 98x23 [border: (1px inset #808080)] [r=6 c=1 rs=1 cs=1]
              RenderText {#text} at (2,2) size 76x19
                text run at (2,2) width 76: "New York"
            RenderTableCell {TD} at (205,327) size 129x23 [border: (1px inset #808080)] [r=6 c=2 rs=1 cs=1]
              RenderText {#text} at (2,2) size 27x19
                text run at (2,2) width 27: "yes"
            RenderTableCell {TD} at (336,327) size 128x23 [border: (1px inset #808080)] [r=6 c=3 rs=1 cs=1]
              RenderText {#text} at (2,2) size 27x19
                text run at (2,2) width 27: "yes"
            RenderTableCell {TD} at (466,327) size 129x23 [border: (1px inset #808080)] [r=6 c=4 rs=1 cs=1]
              RenderText {#text} at (2,2) size 27x19
                text run at (2,2) width 27: "yes"
