layer at (0,0) size 980x735
  RenderView at (0,0) size 980x735
layer at (0,0) size 980x735
  RenderBlock {HTML} at (0,0) size 980x735
    RenderBody {BODY} at (8,8) size 964x719
      RenderBlock {P} at (0,0) size 964x38
        RenderText {#text} at (0,0) size 962x38
          text run at (0,0) width 962: "Colgroups are used to identify column groups. This table has two distinct column groups titled 'Airport Location' and 'Car"
          text run at (0,19) width 697: "Rental Information'. The first has a width of 20%; the second has a width of 40% pixels."
      RenderTable {TABLE} at (0,54) size 964x198 [border: (1px outset #808080)]
        RenderTableCol {COLGROUP} at (0,0) size 0x0
        RenderTableCol {COLGROUP} at (0,0) size 0x0
        RenderTableSection {TBODY} at (1,1) size 962x196
          RenderTableRow {TR} at (0,2) size 962x23
            RenderTableCell {TH} at (2,2) size 572x23 [border: (1px inset #808080)] [r=0 c=0 rs=1 cs=2]
              RenderText {#text} at (213,2) size 146x19
                text run at (213,2) width 146: "Airport Location"
            RenderTableCell {TH} at (576,2) size 384x23 [border: (1px inset #808080)] [r=0 c=2 rs=1 cs=3]
              RenderText {#text} at (88,2) size 208x19
                text run at (88,2) width 208: "Car Rental Information"
          RenderTableRow {TR} at (0,27) size 962x42
            RenderTableCell {TH} at (2,36) size 190x23 [border: (1px inset #808080)] [r=1 c=0 rs=1 cs=1]
              RenderText {#text} at (59,2) size 72x19
                text run at (59,2) width 72: "Country"
            RenderTableCell {TH} at (194,36) size 380x23 [border: (1px inset #808080)] [r=1 c=1 rs=1 cs=1]
              RenderText {#text} at (172,2) size 36x19
                text run at (172,2) width 36: "City"
            RenderTableCell {TH} at (576,27) size 126x42 [border: (1px inset #808080)] [r=1 c=2 rs=1 cs=1]
              RenderText {#text} at (45,2) size 84x38
                text run at (45,2) width 36: "ABC"
                text run at (21,21) width 84: "Company"
            RenderTableCell {TH} at (704,27) size 126x42 [border: (1px inset #808080)] [r=1 c=3 rs=1 cs=1]
              RenderText {#text} at (45,2) size 84x38
                text run at (45,2) width 36: "EFG"
                text run at (21,21) width 84: "Company"
            RenderTableCell {TH} at (832,27) size 128x42 [border: (1px inset #808080)] [r=1 c=4 rs=1 cs=1]
              RenderText {#text} at (46,2) size 84x38
                text run at (46,2) width 36: "XYZ"
                text run at (22,21) width 84: "Company"
          RenderTableRow {TR} at (0,71) size 962x23
            RenderTableCell {TD} at (2,71) size 190x23 [border: (1px inset #808080)] [r=2 c=0 rs=1 cs=1]
              RenderText {#text} at (2,2) size 55x19
                text run at (2,2) width 55: "France"
            RenderTableCell {TD} at (194,71) size 380x23 [border: (1px inset #808080)] [r=2 c=1 rs=1 cs=1]
              RenderText {#text} at (2,2) size 39x19
                text run at (2,2) width 39: "Paris"
            RenderTableCell {TD} at (576,71) size 126x23 [border: (1px inset #808080)] [r=2 c=2 rs=1 cs=1]
              RenderText {#text} at (2,2) size 27x19
                text run at (2,2) width 27: "yes"
            RenderTableCell {TD} at (704,71) size 126x23 [border: (1px inset #808080)] [r=2 c=3 rs=1 cs=1]
              RenderText {#text} at (2,2) size 27x19
                text run at (2,2) width 27: "yes"
            RenderTableCell {TD} at (832,71) size 128x23 [border: (1px inset #808080)] [r=2 c=4 rs=1 cs=1]
              RenderText {#text} at (2,2) size 27x19
                text run at (2,2) width 27: "yes"
          RenderTableRow {TR} at (0,96) size 962x23
            RenderTableCell {TD} at (2,96) size 190x23 [border: (1px inset #808080)] [r=3 c=0 rs=1 cs=1]
              RenderText {#text} at (2,2) size 74x19
                text run at (2,2) width 74: "Germany"
            RenderTableCell {TD} at (194,96) size 380x23 [border: (1px inset #808080)] [r=3 c=1 rs=1 cs=1]
              RenderText {#text} at (2,2) size 74x19
                text run at (2,2) width 74: "Frankfurt"
            RenderTableCell {TD} at (576,96) size 126x23 [border: (1px inset #808080)] [r=3 c=2 rs=1 cs=1]
              RenderText {#text} at (2,2) size 27x19
                text run at (2,2) width 27: "yes"
            RenderTableCell {TD} at (704,96) size 126x23 [border: (1px inset #808080)] [r=3 c=3 rs=1 cs=1]
              RenderText {#text} at (2,2) size 27x19
                text run at (2,2) width 27: "yes"
            RenderTableCell {TD} at (832,96) size 128x23 [border: (1px inset #808080)] [r=3 c=4 rs=1 cs=1]
              RenderText {#text} at (2,2) size 27x19
                text run at (2,2) width 27: "yes"
          RenderTableRow {TR} at (0,121) size 962x23
            RenderTableCell {TD} at (2,121) size 190x23 [border: (1px inset #808080)] [r=4 c=0 rs=1 cs=1]
              RenderText {#text} at (2,2) size 64x19
                text run at (2,2) width 64: "England"
            RenderTableCell {TD} at (194,121) size 380x23 [border: (1px inset #808080)] [r=4 c=1 rs=1 cs=1]
              RenderText {#text} at (2,2) size 59x19
                text run at (2,2) width 59: "London"
            RenderTableCell {TD} at (576,121) size 126x23 [border: (1px inset #808080)] [r=4 c=2 rs=1 cs=1]
              RenderText {#text} at (2,2) size 27x19
                text run at (2,2) width 27: "yes"
            RenderTableCell {TD} at (704,121) size 126x23 [border: (1px inset #808080)] [r=4 c=3 rs=1 cs=1]
              RenderText {#text} at (2,2) size 27x19
                text run at (2,2) width 27: "yes"
            RenderTableCell {TD} at (832,121) size 128x23 [border: (1px inset #808080)] [r=4 c=4 rs=1 cs=1]
              RenderText {#text} at (2,2) size 27x19
                text run at (2,2) width 27: "yes"
          RenderTableRow {TR} at (0,146) size 962x23
            RenderTableCell {TD} at (2,146) size 190x23 [border: (1px inset #808080)] [r=5 c=0 rs=1 cs=1]
              RenderText {#text} at (2,2) size 97x19
                text run at (2,2) width 97: "Netherlands"
            RenderTableCell {TD} at (194,146) size 380x23 [border: (1px inset #808080)] [r=5 c=1 rs=1 cs=1]
              RenderText {#text} at (2,2) size 94x19
                text run at (2,2) width 94: "Amsterdam"
            RenderTableCell {TD} at (576,146) size 126x23 [border: (1px inset #808080)] [r=5 c=2 rs=1 cs=1]
              RenderText {#text} at (2,2) size 27x19
                text run at (2,2) width 27: "yes"
            RenderTableCell {TD} at (704,146) size 126x23 [border: (1px inset #808080)] [r=5 c=3 rs=1 cs=1]
              RenderText {#text} at (2,2) size 27x19
                text run at (2,2) width 27: "yes"
            RenderTableCell {TD} at (832,146) size 128x23 [border: (1px inset #808080)] [r=5 c=4 rs=1 cs=1]
              RenderText {#text} at (2,2) size 27x19
                text run at (2,2) width 27: "yes"
          RenderTableRow {TR} at (0,171) size 962x23
            RenderTableCell {TD} at (2,171) size 190x23 [border: (1px inset #808080)] [r=6 c=0 rs=1 cs=1]
              RenderText {#text} at (2,2) size 33x19
                text run at (2,2) width 33: "USA"
            RenderTableCell {TD} at (194,171) size 380x23 [border: (1px inset #808080)] [r=6 c=1 rs=1 cs=1]
              RenderText {#text} at (2,2) size 76x19
                text run at (2,2) width 76: "New York"
            RenderTableCell {TD} at (576,171) size 126x23 [border: (1px inset #808080)] [r=6 c=2 rs=1 cs=1]
              RenderText {#text} at (2,2) size 27x19
                text run at (2,2) width 27: "yes"
            RenderTableCell {TD} at (704,171) size 126x23 [border: (1px inset #808080)] [r=6 c=3 rs=1 cs=1]
              RenderText {#text} at (2,2) size 27x19
                text run at (2,2) width 27: "yes"
            RenderTableCell {TD} at (832,171) size 128x23 [border: (1px inset #808080)] [r=6 c=4 rs=1 cs=1]
              RenderText {#text} at (2,2) size 27x19
                text run at (2,2) width 27: "yes"
