layer at (0,0) size 980x735
  RenderView at (0,0) size 980x735
layer at (0,0) size 980x735
  RenderBlock {HTML} at (0,0) size 980x735
    RenderBody {BODY} at (8,8) size 964x719
      RenderBlock (anonymous) at (0,0) size 964x19
        RenderText {#text} at (0,0) size 586x19
          text run at (0,0) width 586: "The table displayed is two rows by three columns with a two pixel border."
        RenderBR {BR} at (586,15) size 0x0
      RenderTable {TABLE} at (0,19) size 271x56 [border: (2px outset #808080)]
        RenderTableSection {TBODY} at (2,2) size 267x52
          RenderTableRow {TR} at (0,2) size 267x23
            RenderTableCell {TD} at (2,2) size 86x23 [border: (1px inset #808080)] [r=0 c=0 rs=1 cs=1]
              RenderText {#text} at (2,2) size 78x19
                text run at (2,2) width 78: "Navigator"
            RenderTableCell {TD} at (90,2) size 91x23 [border: (1px inset #808080)] [r=0 c=1 rs=1 cs=1]
              RenderText {#text} at (2,2) size 87x19
                text run at (2,2) width 87: "Messenger"
            RenderTableCell {TD} at (183,2) size 82x23 [border: (1px inset #808080)] [r=0 c=2 rs=1 cs=1]
              RenderText {#text} at (2,2) size 66x19
                text run at (2,2) width 66: "Collabra"
          RenderTableRow {TR} at (0,27) size 267x23
            RenderTableCell {TD} at (2,27) size 86x23 [border: (1px inset #808080)] [r=1 c=0 rs=1 cs=1]
              RenderText {#text} at (2,2) size 82x19
                text run at (2,2) width 82: "Composer"
            RenderTableCell {TD} at (90,27) size 91x23 [border: (1px inset #808080)] [r=1 c=1 rs=1 cs=1]
              RenderText {#text} at (2,2) size 72x19
                text run at (2,2) width 72: "Calendar"
            RenderTableCell {TD} at (183,27) size 82x23 [border: (1px inset #808080)] [r=1 c=2 rs=1 cs=1]
              RenderText {#text} at (2,2) size 78x19
                text run at (2,2) width 78: "Netcaster"
