layer at (0,0) size 980x735
  RenderView at (0,0) size 980x735
layer at (0,0) size 980x735
  RenderBlock {HTML} at (0,0) size 980x735
    RenderBody {BODY} at (8,8) size 964x719
      RenderBlock (anonymous) at (0,0) size 964x38
        RenderText {#text} at (0,0) size 906x38
          text run at (0,0) width 906: "The table heading (The EggPlant Exchange) should not wrap when window is resized. However, the cell below the"
          text run at (0,19) width 257: "heading will wrap atuomatically."
        RenderBR {BR} at (257,34) size 0x0
      RenderTable {TABLE} at (0,38) size 302x54 [border: (1px outset #808080)]
        RenderTableSection {TBODY} at (1,1) size 300x52
          RenderTableRow {TR} at (0,2) size 300x23
            RenderTableCell {TH} at (2,2) size 290x23 [border: (1px inset #808080)] [r=0 c=0 rs=1 cs=1]
              RenderText {#text} at (40,2) size 210x19
                text run at (40,2) width 210: "The Eggplant Exchange"
            RenderTableCell {TH} at (294,11) size 4x4 [border: (1px inset #808080)] [r=0 c=1 rs=1 cs=1]
          RenderTableRow {TR} at (0,27) size 300x23
            RenderTableCell {TD} at (2,27) size 290x23 [border: (1px inset #808080)] [r=1 c=0 rs=1 cs=1]
              RenderText {#text} at (2,2) size 286x19
                text run at (2,2) width 286: "Lots of Recipies for Eggplant Lovers"
