layer at (0,0) size 980x735
  RenderView at (0,0) size 980x735
layer at (0,0) size 980x735
  RenderBlock {HTML} at (0,0) size 980x735
    RenderBody {BODY} at (8,8) size 964x711
      RenderTable {TABLE} at (0,0) size 964x48 [bgcolor=#00FF00] [border: (1px outset #808080)]
        RenderTableSection {TBODY} at (1,1) size 962x46
          RenderTableRow {TR} at (0,2) size 962x42
            RenderTableCell {TD} at (2,2) size 478x42 [border: (1px inset #808080)] [r=0 c=0 rs=1 cs=1]
              RenderText {#text} at (2,2) size 466x38
                text run at (2,2) width 466: "Here is a table using the CLASS attribute. The table should"
                text run at (2,21) width 198: "have a lime background."
            RenderTableCell {TD} at (482,2) size 478x42 [border: (1px inset #808080)] [r=0 c=1 rs=1 cs=1]
              RenderText {#text} at (2,2) size 466x38
                text run at (2,2) width 466: "Here is a table using the CLASS attribute. The table should"
                text run at (2,21) width 198: "have a lime background."
      RenderBlock {P} at (0,64) size 964x38 [bgcolor=#00FF00]
        RenderText {#text} at (0,0) size 952x38
          text run at (0,0) width 952: "This is a paragraph using the CLASS attribute. The paragraph should have a lime background. This paragraph validates"
          text run at (0,19) width 426: "that the CLASS attribute works for multiple elements."
