layer at (0,0) size 980x735
  RenderView at (0,0) size 980x735
layer at (0,0) size 980x735
  RenderBlock {HTML} at (0,0) size 980x735
    RenderBody {BODY} at (8,8) size 964x719
      RenderTable {TABLE} at (0,0) size 964x52 [border: (3px dashed #FF0000)]
        RenderTableSection {TBODY} at (3,3) size 958x46
          RenderTableRow {TR} at (0,2) size 958x42
            RenderTableCell {TD} at (2,2) size 476x42 [border: (1px inset #FF0000)] [r=0 c=0 rs=1 cs=1]
              RenderText {#text} at (2,2) size 457x38
                text run at (2,2) width 457: "This is a table with a red dashed border to test the STYLE"
                text run at (2,21) width 253: "attribute of the TABLE element."
            RenderTableCell {TD} at (480,2) size 476x42 [border: (1px inset #FF0000)] [r=0 c=1 rs=1 cs=1]
              RenderText {#text} at (2,2) size 457x38
                text run at (2,2) width 457: "This is a table with a red dashed border to test the STYLE"
                text run at (2,21) width 253: "attribute of the TABLE element."
