layer at (0,0) size 980x735
  RenderView at (0,0) size 980x735
layer at (0,0) size 980x735
  RenderBlock {HTML} at (0,0) size 980x735
    RenderBody {BODY} at (8,8) size 964x719
      RenderBlock (anonymous) at (0,0) size 964x38
        RenderText {#text} at (0,0) size 962x38
          text run at (0,0) width 732: "This test case shows how WIDTH can set the width of the table to a fixed size using PIXELS. "
          text run at (732,0) width 230: "This first table has a width of"
          text run at (0,19) width 85: "400 pixels."
      RenderTable {TABLE} at (0,38) size 400x48
        RenderTableSection {TBODY} at (0,0) size 400x48
          RenderTableRow {TR} at (0,2) size 400x21
            RenderTableCell {TD} at (2,2) size 130x21 [r=0 c=0 rs=1 cs=1]
              RenderText {#text} at (1,1) size 78x19
                text run at (1,1) width 78: "Navigator"
            RenderTableCell {TD} at (134,2) size 137x21 [r=0 c=1 rs=1 cs=1]
              RenderText {#text} at (1,1) size 87x19
                text run at (1,1) width 87: "Messenger"
            RenderTableCell {TD} at (273,2) size 125x21 [r=0 c=2 rs=1 cs=1]
              RenderText {#text} at (1,1) size 66x19
                text run at (1,1) width 66: "Collabra"
          RenderTableRow {TR} at (0,25) size 400x21
            RenderTableCell {TD} at (2,25) size 130x21 [r=1 c=0 rs=1 cs=1]
              RenderText {#text} at (1,1) size 82x19
                text run at (1,1) width 82: "Composer"
            RenderTableCell {TD} at (134,25) size 137x21 [r=1 c=1 rs=1 cs=1]
              RenderText {#text} at (1,1) size 72x19
                text run at (1,1) width 72: "Calendar"
            RenderTableCell {TD} at (273,25) size 125x21 [r=1 c=2 rs=1 cs=1]
              RenderText {#text} at (1,1) size 78x19
                text run at (1,1) width 78: "Netcaster"
      RenderBlock (anonymous) at (0,86) size 964x38
        RenderBR {BR} at (0,0) size 0x19
        RenderText {#text} at (0,19) size 396x19
          text run at (0,19) width 396: "While, this second table has a width of 300 pixels."
      RenderTable {TABLE} at (0,124) size 300x48
        RenderTableSection {TBODY} at (0,0) size 300x48
          RenderTableRow {TR} at (0,2) size 300x21
            RenderTableCell {TD} at (2,2) size 96x21 [r=0 c=0 rs=1 cs=1]
              RenderText {#text} at (1,1) size 78x19
                text run at (1,1) width 78: "Navigator"
            RenderTableCell {TD} at (100,2) size 103x21 [r=0 c=1 rs=1 cs=1]
              RenderText {#text} at (1,1) size 87x19
                text run at (1,1) width 87: "Messenger"
            RenderTableCell {TD} at (205,2) size 93x21 [r=0 c=2 rs=1 cs=1]
              RenderText {#text} at (1,1) size 66x19
                text run at (1,1) width 66: "Collabra"
          RenderTableRow {TR} at (0,25) size 300x21
            RenderTableCell {TD} at (2,25) size 96x21 [r=1 c=0 rs=1 cs=1]
              RenderText {#text} at (1,1) size 82x19
                text run at (1,1) width 82: "Composer"
            RenderTableCell {TD} at (100,25) size 103x21 [r=1 c=1 rs=1 cs=1]
              RenderText {#text} at (1,1) size 72x19
                text run at (1,1) width 72: "Calendar"
            RenderTableCell {TD} at (205,25) size 93x21 [r=1 c=2 rs=1 cs=1]
              RenderText {#text} at (1,1) size 78x19
                text run at (1,1) width 78: "Netcaster"
