layer at (0,0) size 980x735
  RenderView at (0,0) size 980x735
layer at (0,0) size 980x735
  RenderBlock {HTML} at (0,0) size 980x735
    RenderBody {BODY} at (8,8) size 964x719
      RenderText {#text} at (0,0) size 563x19
        text run at (0,0) width 563: "The table displayed is two rows by three columns with right alignment."
      RenderBR {BR} at (563,15) size 0x0
      RenderTable {TABLE} at (703,19) size 261x48
        RenderTableSection {TBODY} at (0,0) size 261x48
          RenderTableRow {TR} at (0,2) size 261x21
            RenderTableCell {TD} at (2,2) size 84x21 [r=0 c=0 rs=1 cs=1]
              RenderText {#text} at (1,1) size 78x19
                text run at (1,1) width 78: "Navigator"
            RenderTableCell {TD} at (88,2) size 89x21 [r=0 c=1 rs=1 cs=1]
              RenderText {#text} at (1,1) size 87x19
                text run at (1,1) width 87: "Messenger"
            RenderTableCell {TD} at (179,2) size 80x21 [r=0 c=2 rs=1 cs=1]
              RenderText {#text} at (1,1) size 66x19
                text run at (1,1) width 66: "Collabra"
          RenderTableRow {TR} at (0,25) size 261x21
            RenderTableCell {TD} at (2,25) size 84x21 [r=1 c=0 rs=1 cs=1]
              RenderText {#text} at (1,1) size 82x19
                text run at (1,1) width 82: "Composer"
            RenderTableCell {TD} at (88,25) size 89x21 [r=1 c=1 rs=1 cs=1]
              RenderText {#text} at (1,1) size 72x19
                text run at (1,1) width 72: "Calendar"
            RenderTableCell {TD} at (179,25) size 80x21 [r=1 c=2 rs=1 cs=1]
              RenderText {#text} at (1,1) size 78x19
                text run at (1,1) width 78: "Netcaster"
      RenderText {#text} at (0,0) size 0x0
