layer at (0,0) size 980x735
  RenderView at (0,0) size 980x735
layer at (0,0) size 980x735
  RenderBlock {HTML} at (0,0) size 980x735
    RenderBody {BODY} at (8,8) size 964x719
      RenderBlock (anonymous) at (0,0) size 964x19
        RenderText {#text} at (0,0) size 659x19
          text run at (0,0) width 659: "The TH tag uses the WIDTH attribute. The first table's TH width is set to 500 pixels."
        RenderBR {BR} at (659,15) size 0x0
      RenderTable {TABLE} at (0,19) size 610x54 [border: (1px outset #808080)]
        RenderTableSection {TBODY} at (1,1) size 608x52
          RenderTableRow {TR} at (0,2) size 608x23
            RenderTableCell {TH} at (2,2) size 604x23 [border: (1px inset #808080)] [r=0 c=0 rs=1 cs=1]
              RenderText {#text} at (129,2) size 346x19
                text run at (129,2) width 346: "Netscape Communicator Version 4.0.6"
          RenderTableRow {TR} at (0,27) size 608x23
            RenderTableCell {TD} at (2,27) size 604x23 [border: (1px inset #808080)] [r=1 c=0 rs=1 cs=1]
              RenderText {#text} at (2,2) size 77x19
                text run at (2,2) width 77: "Platforms"
      RenderBlock (anonymous) at (0,73) size 964x38
        RenderBR {BR} at (0,0) size 0x19
        RenderText {#text} at (0,19) size 383x19
          text run at (0,19) width 383: "This second table's TH width is set to 200 pixels."
        RenderBR {BR} at (383,34) size 0x0
      RenderTable {TABLE} at (0,111) size 210x92 [border: (1px outset #808080)]
        RenderTableSection {TBODY} at (1,1) size 208x90
          RenderTableRow {TR} at (0,2) size 208x61
            RenderTableCell {TH} at (2,2) size 204x61 [border: (1px inset #808080)] [r=0 c=0 rs=1 cs=1]
              RenderText {#text} at (60,2) size 132x57
                text run at (60,2) width 84: "Netscape"
                text run at (36,21) width 132: "Communicator"
                text run at (42,40) width 120: "Version 4.0.6"
          RenderTableRow {TR} at (0,65) size 208x23
            RenderTableCell {TD} at (2,65) size 204x23 [border: (1px inset #808080)] [r=1 c=0 rs=1 cs=1]
              RenderText {#text} at (2,2) size 77x19
                text run at (2,2) width 77: "Platforms"
