layer at (0,0) size 980x735
  RenderView at (0,0) size 980x735
layer at (0,0) size 980x735
  RenderBlock {HTML} at (0,0) size 980x735
    RenderBody {BODY} at (8,8) size 964x719
      RenderBlock (anonymous) at (0,0) size 964x76
        RenderText {#text} at (0,0) size 956x57
          text run at (0,0) width 735: "CELLPADDING controls the padding in pixels between the border of each cells and the cell's "
          text run at (735,0) width 218: "contents.The first table has"
          text run at (0,19) width 471: "a cellpadding of 8 pixels. The second table is not using cell "
          text run at (471,19) width 485: "padding. Notice the difference. There should be a larger gap"
          text run at (0,38) width 258: "between the cell border and it's "
          text run at (258,38) width 210: "contents in the first table. "
        RenderBR {BR} at (0,0) size 0x0
        RenderBR {BR} at (0,57) size 0x19
      RenderTable {TABLE} at (0,76) size 313x84 [border: (2px outset #808080)]
        RenderTableSection {TBODY} at (2,2) size 309x80
          RenderTableRow {TR} at (0,2) size 309x37
            RenderTableCell {TD} at (2,2) size 100x37 [border: (1px inset #808080)] [r=0 c=0 rs=1 cs=1]
              RenderText {#text} at (9,9) size 78x19
                text run at (9,9) width 78: "Navigator"
            RenderTableCell {TD} at (104,2) size 105x37 [border: (1px inset #808080)] [r=0 c=1 rs=1 cs=1]
              RenderText {#text} at (9,9) size 87x19
                text run at (9,9) width 87: "Messenger"
            RenderTableCell {TD} at (211,2) size 96x37 [border: (1px inset #808080)] [r=0 c=2 rs=1 cs=1]
              RenderText {#text} at (9,9) size 66x19
                text run at (9,9) width 66: "Collabra"
          RenderTableRow {TR} at (0,41) size 309x37
            RenderTableCell {TD} at (2,41) size 100x37 [border: (1px inset #808080)] [r=1 c=0 rs=1 cs=1]
              RenderText {#text} at (9,9) size 82x19
                text run at (9,9) width 82: "Composer"
            RenderTableCell {TD} at (104,41) size 105x37 [border: (1px inset #808080)] [r=1 c=1 rs=1 cs=1]
              RenderText {#text} at (9,9) size 72x19
                text run at (9,9) width 72: "Calendar"
            RenderTableCell {TD} at (211,41) size 96x37 [border: (1px inset #808080)] [r=1 c=2 rs=1 cs=1]
              RenderText {#text} at (9,9) size 78x19
                text run at (9,9) width 78: "Netcaster"
      RenderBlock (anonymous) at (0,160) size 964x57
        RenderBR {BR} at (0,0) size 0x19
        RenderBR {BR} at (0,19) size 0x19
        RenderText {#text} at (0,38) size 275x19
          text run at (0,38) width 275: "This table contains no cellpadding."
      RenderTable {TABLE} at (0,217) size 271x56 [border: (2px outset #808080)]
        RenderTableSection {TBODY} at (2,2) size 267x52
          RenderTableRow {TR} at (0,2) size 267x23
            RenderTableCell {TD} at (2,2) size 86x23 [border: (1px inset #808080)] [r=0 c=0 rs=1 cs=1]
              RenderText {#text} at (2,2) size 78x19
                text run at (2,2) width 78: "Navigator"
            RenderTableCell {TD} at (90,2) size 91x23 [border: (1px inset #808080)] [r=0 c=1 rs=1 cs=1]
              RenderText {#text} at (2,2) size 87x19
                text run at (2,2) width 87: "Messenger"
            RenderTableCell {TD} at (183,2) size 82x23 [border: (1px inset #808080)] [r=0 c=2 rs=1 cs=1]
              RenderText {#text} at (2,2) size 66x19
                text run at (2,2) width 66: "Collabra"
          RenderTableRow {TR} at (0,27) size 267x23
            RenderTableCell {TD} at (2,27) size 86x23 [border: (1px inset #808080)] [r=1 c=0 rs=1 cs=1]
              RenderText {#text} at (2,2) size 82x19
                text run at (2,2) width 82: "Composer"
            RenderTableCell {TD} at (90,27) size 91x23 [border: (1px inset #808080)] [r=1 c=1 rs=1 cs=1]
              RenderText {#text} at (2,2) size 72x19
                text run at (2,2) width 72: "Calendar"
            RenderTableCell {TD} at (183,27) size 82x23 [border: (1px inset #808080)] [r=1 c=2 rs=1 cs=1]
              RenderText {#text} at (2,2) size 78x19
                text run at (2,2) width 78: "Netcaster"
