layer at (0,0) size 980x735
  RenderView at (0,0) size 980x735
layer at (0,0) size 980x735
  RenderBlock {HTML} at (0,0) size 980x735
    RenderBody {BODY} at (8,8) size 964x719
      RenderBlock {P} at (0,0) size 964x19
        RenderText {#text} at (0,0) size 388x19
          text run at (0,0) width 388: "The caption should be at the bottom of the table"
      RenderTable {TABLE} at (0,35) size 207x73 [border: (1px outset #808080)]
        RenderBlock {CAPTION} at (0,54) size 207x19
          RenderText {#text} at (66,0) size 75x19
            text run at (66,0) width 75: "Wild Cats"
        RenderTableSection {TBODY} at (1,1) size 205x52
          RenderTableRow {TR} at (0,2) size 205x23
            RenderTableCell {TD} at (2,2) size 56x23 [border: (1px inset #808080)] [r=0 c=0 rs=1 cs=1]
              RenderText {#text} at (2,2) size 33x19
                text run at (2,2) width 33: "Lion"
            RenderTableCell {TD} at (60,2) size 70x23 [border: (1px inset #808080)] [r=0 c=1 rs=1 cs=1]
              RenderText {#text} at (2,2) size 66x19
                text run at (2,2) width 66: "Leopard"
            RenderTableCell {TD} at (132,2) size 71x23 [border: (1px inset #808080)] [r=0 c=2 rs=1 cs=1]
              RenderText {#text} at (2,2) size 67x19
                text run at (2,2) width 67: "Cheetah"
          RenderTableRow {TR} at (0,27) size 205x23
            RenderTableCell {TD} at (2,27) size 56x23 [border: (1px inset #808080)] [r=1 c=0 rs=1 cs=1]
              RenderText {#text} at (2,2) size 52x19
                text run at (2,2) width 52: "Jaguar"
            RenderTableCell {TD} at (60,27) size 70x23 [border: (1px inset #808080)] [r=1 c=1 rs=1 cs=1]
              RenderText {#text} at (2,2) size 56x19
                text run at (2,2) width 56: "Bobcat"
            RenderTableCell {TD} at (132,27) size 71x23 [border: (1px inset #808080)] [r=1 c=2 rs=1 cs=1]
              RenderText {#text} at (2,2) size 52x19
                text run at (2,2) width 52: "Ocelot"
