layer at (0,0) size 980x735
  RenderView at (0,0) size 980x735
layer at (0,0) size 980x735
  RenderBlock {HTML} at (0,0) size 980x735
    RenderBody {BODY} at (8,8) size 964x719
      RenderTable {TABLE} at (0,0) size 612x163
        RenderBlock {CAPTION} at (0,0) size 612x19
          RenderText {#text} at (63,0) size 486x19
            text run at (63,0) width 486: "Communicator 4.5 Installers for Mac and Windows Platforms"
        RenderTableCol {COLGROUP} at (0,0) size 0x0
        RenderTableSection {THEAD} at (0,19) size 612x25
          RenderTableRow {TR} at (0,2) size 612x21
            RenderTableCell {TD} at (2,2) size 242x21 [r=0 c=0 rs=1 cs=1]
              RenderText {#text} at (1,1) size 240x19
                text run at (1,1) width 240: "This is the header information"
        RenderTableSection {TFOOT} at (0,138) size 612x25
          RenderTableRow {TR} at (0,2) size 612x21
            RenderTableCell {TD} at (2,2) size 242x21 [r=0 c=0 rs=1 cs=1]
              RenderText {#text} at (1,1) size 232x19
                text run at (1,1) width 232: "This is the footer information"
        RenderTableSection {TBODY} at (0,44) size 612x94
          RenderTableRow {TR} at (0,2) size 612x21
            RenderTableCell {TH} at (2,11) size 242x2 [r=0 c=0 rs=1 cs=1]
            RenderTableCell {TH} at (246,2) size 136x21 [r=0 c=1 rs=1 cs=1]
              RenderText {#text} at (1,1) size 134x19
                text run at (1,1) width 134: "Macintosh PPC"
            RenderTableCell {TH} at (384,2) size 111x21 [r=0 c=2 rs=1 cs=1]
              RenderText {#text} at (1,1) size 109x19
                text run at (1,1) width 109: "Windows 95"
            RenderTableCell {TH} at (497,2) size 113x21 [r=0 c=3 rs=1 cs=1]
              RenderText {#text} at (1,1) size 111x19
                text run at (1,1) width 111: "Windows NT"
          RenderTableRow {TR} at (0,25) size 612x21
            RenderTableCell {TD} at (2,25) size 242x21 [r=1 c=0 rs=1 cs=1]
              RenderText {#text} at (1,1) size 91x19
                text run at (1,1) width 91: "Base Install"
            RenderTableCell {TD} at (246,25) size 136x21 [r=1 c=1 rs=1 cs=1]
              RenderText {#text} at (1,1) size 27x19
                text run at (1,1) width 27: "yes"
            RenderTableCell {TD} at (384,25) size 111x21 [r=1 c=2 rs=1 cs=1]
              RenderText {#text} at (1,1) size 27x19
                text run at (1,1) width 27: "yes"
            RenderTableCell {TD} at (497,25) size 113x21 [r=1 c=3 rs=1 cs=1]
              RenderText {#text} at (1,1) size 27x19
                text run at (1,1) width 27: "yes"
          RenderTableRow {TR} at (0,48) size 612x21
            RenderTableCell {TD} at (2,48) size 242x21 [r=2 c=0 rs=1 cs=1]
              RenderText {#text} at (1,1) size 129x19
                text run at (1,1) width 129: "Complete Install"
            RenderTableCell {TD} at (246,48) size 136x21 [r=2 c=1 rs=1 cs=1]
              RenderText {#text} at (1,1) size 27x19
                text run at (1,1) width 27: "yes"
            RenderTableCell {TD} at (384,48) size 111x21 [r=2 c=2 rs=1 cs=1]
              RenderText {#text} at (1,1) size 27x19
                text run at (1,1) width 27: "yes"
            RenderTableCell {TD} at (497,48) size 113x21 [r=2 c=3 rs=1 cs=1]
              RenderText {#text} at (1,1) size 27x19
                text run at (1,1) width 27: "yes"
          RenderTableRow {TR} at (0,71) size 612x21
            RenderTableCell {TD} at (2,71) size 242x21 [r=3 c=0 rs=1 cs=1]
              RenderText {#text} at (1,1) size 138x19
                text run at (1,1) width 138: "Pro Edition Install"
            RenderTableCell {TD} at (246,71) size 136x21 [r=3 c=1 rs=1 cs=1]
              RenderText {#text} at (1,1) size 27x19
                text run at (1,1) width 27: "yes"
            RenderTableCell {TD} at (384,71) size 111x21 [r=3 c=2 rs=1 cs=1]
              RenderText {#text} at (1,1) size 27x19
                text run at (1,1) width 27: "yes"
            RenderTableCell {TD} at (497,71) size 113x21 [r=3 c=3 rs=1 cs=1]
              RenderText {#text} at (1,1) size 27x19
                text run at (1,1) width 27: "yes"
