layer at (0,0) size 980x735
  RenderView at (0,0) size 980x735
layer at (0,0) size 980x735
  RenderBlock {HTML} at (0,0) size 980x735
    RenderBody {BODY} at (8,8) size 964x719 [bgcolor=#FFFFFF]
      RenderBlock {P} at (0,0) size 964x19
        RenderText {#text} at (0,0) size 330x19
          text run at (0,0) width 330: "Olive table with a white body background"
      RenderTable {TABLE} at (0,35) size 142x54 [bgcolor=#808000] [border: (1px outset #808080)]
        RenderTableSection {TBODY} at (1,1) size 140x52
          RenderTableRow {TR} at (0,2) size 140x23
            RenderTableCell {TD} at (2,2) size 44x23 [border: (1px inset #808080)] [r=0 c=0 rs=1 cs=1]
              RenderText {#text} at (2,2) size 40x19
                text run at (2,2) width 40: "        "
            RenderTableCell {TD} at (48,2) size 44x23 [border: (1px inset #808080)] [r=0 c=1 rs=1 cs=1]
              RenderText {#text} at (2,2) size 40x19
                text run at (2,2) width 40: "        "
            RenderTableCell {TD} at (94,2) size 44x23 [border: (1px inset #808080)] [r=0 c=2 rs=1 cs=1]
              RenderText {#text} at (2,2) size 40x19
                text run at (2,2) width 40: "        "
          RenderTableRow {TR} at (0,27) size 140x23
            RenderTableCell {TD} at (2,27) size 44x23 [border: (1px inset #808080)] [r=1 c=0 rs=1 cs=1]
              RenderText {#text} at (2,2) size 40x19
                text run at (2,2) width 40: "        "
            RenderTableCell {TD} at (48,27) size 44x23 [border: (1px inset #808080)] [r=1 c=1 rs=1 cs=1]
              RenderText {#text} at (2,2) size 40x19
                text run at (2,2) width 40: "        "
            RenderTableCell {TD} at (94,27) size 44x23 [border: (1px inset #808080)] [r=1 c=2 rs=1 cs=1]
              RenderText {#text} at (2,2) size 40x19
                text run at (2,2) width 40: "        "
