layer at (0,0) size 980x735
  RenderView at (0,0) size 980x735
layer at (0,0) size 980x735
  RenderBlock {HTML} at (0,0) size 980x735
    RenderBody {BODY} at (8,8) size 964x719
      RenderTable {TABLE} at (0,0) size 510x113 [border: (2px outset #808080)]
        RenderBlock {CAPTION} at (0,0) size 510x19
          RenderText {#text} at (12,0) size 486x19
            text run at (12,0) width 486: "Communicator 4.5 Installers for Mac and Windows Platforms"
        RenderTableSection {TBODY} at (2,21) size 505x89
          RenderTableRow {TR} at (0,0) size 505x24
            RenderTableCell {TH} at (0,9) size 143x5 [border: (3px none #000000)] [r=0 c=0 rs=1 cs=1]
            RenderTableCell {TH} at (143,0) size 136x24 [border: (3px none #000000)] [r=0 c=1 rs=1 cs=1]
              RenderText {#text} at (1,4) size 134x19
                text run at (1,4) width 134: "Macintosh PPC"
            RenderTableCell {TH} at (279,0) size 111x24 [border: (3px none #000000)] [r=0 c=2 rs=1 cs=1]
              RenderText {#text} at (1,4) size 109x19
                text run at (1,4) width 109: "Windows 95"
            RenderTableCell {TH} at (390,0) size 115x24 [border: (3px none #000000)] [r=0 c=3 rs=1 cs=1]
              RenderText {#text} at (1,4) size 111x19
                text run at (1,4) width 111: "Windows NT"
          RenderTableRow {TR} at (0,24) size 505x21
            RenderTableCell {TD} at (0,24) size 143x21 [border: none] [r=1 c=0 rs=1 cs=1]
              RenderText {#text} at (4,1) size 91x19
                text run at (4,1) width 91: "Base Install"
            RenderTableCell {TD} at (143,24) size 136x21 [r=1 c=1 rs=1 cs=1]
              RenderText {#text} at (1,1) size 27x19
                text run at (1,1) width 27: "yes"
            RenderTableCell {TD} at (279,24) size 111x21 [r=1 c=2 rs=1 cs=1]
              RenderText {#text} at (1,1) size 27x19
                text run at (1,1) width 27: "yes"
            RenderTableCell {TD} at (390,24) size 115x21 [border: none] [r=1 c=3 rs=1 cs=1]
              RenderText {#text} at (1,1) size 27x19
                text run at (1,1) width 27: "yes"
          RenderTableRow {TR} at (0,45) size 505x21
            RenderTableCell {TD} at (0,45) size 143x21 [border: none] [r=2 c=0 rs=1 cs=1]
              RenderText {#text} at (4,1) size 129x19
                text run at (4,1) width 129: "Complete Install"
            RenderTableCell {TD} at (143,45) size 136x21 [r=2 c=1 rs=1 cs=1]
              RenderText {#text} at (1,1) size 27x19
                text run at (1,1) width 27: "yes"
            RenderTableCell {TD} at (279,45) size 111x21 [r=2 c=2 rs=1 cs=1]
              RenderText {#text} at (1,1) size 27x19
                text run at (1,1) width 27: "yes"
            RenderTableCell {TD} at (390,45) size 115x21 [border: none] [r=2 c=3 rs=1 cs=1]
              RenderText {#text} at (1,1) size 27x19
                text run at (1,1) width 27: "yes"
          RenderTableRow {TR} at (0,66) size 505x23
            RenderTableCell {TD} at (0,66) size 143x23 [border: none] [r=3 c=0 rs=1 cs=1]
              RenderText {#text} at (4,1) size 138x19
                text run at (4,1) width 138: "Pro Edition Install"
            RenderTableCell {TD} at (143,66) size 136x23 [border: none] [r=3 c=1 rs=1 cs=1]
              RenderText {#text} at (1,1) size 27x19
                text run at (1,1) width 27: "yes"
            RenderTableCell {TD} at (279,66) size 111x23 [border: none] [r=3 c=2 rs=1 cs=1]
              RenderText {#text} at (1,1) size 27x19
                text run at (1,1) width 27: "yes"
            RenderTableCell {TD} at (390,66) size 115x23 [border: none] [r=3 c=3 rs=1 cs=1]
              RenderText {#text} at (1,1) size 27x19
                text run at (1,1) width 27: "yes"
