layer at (0,0) size 980x735
  RenderView at (0,0) size 980x735
layer at (0,0) size 980x735
  RenderBlock {HTML} at (0,0) size 980x735
    RenderBody {BODY} at (8,8) size 964x719
      RenderBlock (anonymous) at (0,0) size 964x19
        RenderText {#text} at (0,0) size 212x19
          text run at (0,0) width 212: "TBODY VALIGN=BASELINE"
      RenderTable {TABLE} at (0,19) size 964x274 [border: (1px outset #808080)]
        RenderTableSection {THEAD} at (1,1) size 962x27
          RenderTableRow {TR} at (0,2) size 962x23
            RenderTableCell {TD} at (2,2) size 304x23 [border: (1px inset #808080)] [r=0 c=0 rs=1 cs=1]
              RenderText {#text} at (2,2) size 55x19
                text run at (2,2) width 55: "THEAD"
            RenderTableCell {TD} at (308,2) size 652x23 [border: (1px inset #808080)] [r=0 c=1 rs=1 cs=1]
              RenderText {#text} at (2,2) size 55x19
                text run at (2,2) width 55: "THEAD"
        RenderTableSection {TFOOT} at (1,246) size 962x27
          RenderTableRow {TR} at (0,2) size 962x23
            RenderTableCell {TD} at (2,2) size 304x23 [border: (1px inset #808080)] [r=0 c=0 rs=1 cs=1]
              RenderText {#text} at (2,2) size 55x19
                text run at (2,2) width 55: "TFOOT"
            RenderTableCell {TD} at (308,2) size 652x23 [border: (1px inset #808080)] [r=0 c=1 rs=1 cs=1]
              RenderText {#text} at (2,2) size 55x19
                text run at (2,2) width 55: "TFOOT"
        RenderTableSection {TBODY} at (1,28) size 962x216
          RenderTableRow {TR} at (0,2) size 962x212
            RenderTableCell {TD} at (2,2) size 304x189 [border: (1px inset #808080)] [r=0 c=0 rs=1 cs=1]
              RenderImage {IMG} at (2,2) size 300x185
            RenderTableCell {TD} at (308,172) size 652x42 [border: (1px inset #808080)] [r=0 c=1 rs=1 cs=1]
              RenderText {#text} at (2,2) size 609x38
                text run at (2,2) width 609: "This text is within the TBODY element and should be vertically aligned to the"
                text run at (2,21) width 66: "baseline"
        RenderTableSection {TBODY} at (1,244) size 962x2
