layer at (0,0) size 980x735
  RenderView at (0,0) size 980x735
layer at (0,0) size 980x735
  RenderBlock {HTML} at (0,0) size 980x735
    RenderBody {BODY} at (8,8) size 964x719
      RenderBlock {P} at (0,0) size 964x19
        RenderText {#text} at (0,0) size 843x19
          text run at (0,0) width 843: "The TFOOT element labels the head area of a table. In this test, the TFOOT text should be center aligned."
      RenderTable {TABLE} at (0,35) size 800x85 [border: (1px outset #808080)]
        RenderTableSection {THEAD} at (1,1) size 798x27
          RenderTableRow {TR} at (0,2) size 798x23
            RenderTableCell {TD} at (2,2) size 396x23 [border: (1px inset #808080)] [r=0 c=0 rs=1 cs=1]
              RenderText {#text} at (2,2) size 390x19
                text run at (2,2) width 390: "This text is in the THEADThis text is in the THEAD"
            RenderTableCell {TD} at (400,2) size 396x23 [border: (1px inset #808080)] [r=0 c=1 rs=1 cs=1]
              RenderText {#text} at (2,2) size 390x19
                text run at (2,2) width 390: "This text is in the THEADThis text is in the THEAD"
        RenderTableSection {TFOOT} at (1,57) size 798x27
          RenderTableRow {TR} at (0,2) size 798x23
            RenderTableCell {TD} at (2,2) size 396x23 [border: (1px inset #808080)] [r=0 c=0 rs=1 cs=1]
              RenderText {#text} at (100,2) size 196x19
                text run at (100,2) width 196: "This text is in the TFOOT"
            RenderTableCell {TD} at (400,2) size 396x23 [border: (1px inset #808080)] [r=0 c=1 rs=1 cs=1]
              RenderText {#text} at (100,2) size 196x19
                text run at (100,2) width 196: "This text is in the TFOOT"
        RenderTableSection {TBODY} at (1,28) size 798x27
          RenderTableRow {TR} at (0,2) size 798x23
            RenderTableCell {TD} at (2,2) size 396x23 [border: (1px inset #808080)] [r=0 c=0 rs=1 cs=1]
              RenderText {#text} at (2,2) size 392x19
                text run at (2,2) width 392: "This text is in the TBODYThis text is in the TBODY"
            RenderTableCell {TD} at (400,2) size 396x23 [border: (1px inset #808080)] [r=0 c=1 rs=1 cs=1]
              RenderText {#text} at (2,2) size 392x19
                text run at (2,2) width 392: "This text is in the TBODYThis text is in the TBODY"
        RenderTableSection {TBODY} at (1,55) size 798x2
