layer at (0,0) size 980x735
  RenderView at (0,0) size 980x735
layer at (0,0) size 980x735
  RenderBlock {HTML} at (0,0) size 980x735
    RenderBody {BODY} at (8,8) size 964x719
      RenderBlock {P} at (0,0) size 964x57
        RenderText {#text} at (0,0) size 917x57
          text run at (0,0) width 869: "In this test, the THEAD section of the table contains numbers with decimals. The test uses the attribute/value"
          text run at (0,19) width 917: "ALIGN=char without the additional CHAR attribute to specify a particular character. Therefore, ALIGN=char should"
          text run at (0,38) width 509: "cause the numbers to align to the default value (decimal point)."
      RenderTable {TABLE} at (0,73) size 610x110 [border: (1px outset #808080)]
        RenderTableSection {THEAD} at (1,1) size 608x52
          RenderTableRow {TR} at (0,2) size 608x23
            RenderTableCell {TD} at (2,2) size 200x23 [border: (1px inset #808080)] [r=0 c=0 rs=1 cs=1]
              RenderText {#text} at (2,2) size 45x19
                text run at (2,2) width 45: "55.00"
            RenderTableCell {TD} at (204,2) size 200x23 [border: (1px inset #808080)] [r=0 c=1 rs=1 cs=1]
              RenderText {#text} at (2,2) size 75x19
                text run at (2,2) width 75: "55555.00"
            RenderTableCell {TD} at (406,2) size 200x23 [border: (1px inset #808080)] [r=0 c=2 rs=1 cs=1]
              RenderText {#text} at (2,2) size 55x19
                text run at (2,2) width 55: "555.00"
          RenderTableRow {TR} at (0,27) size 608x23
            RenderTableCell {TD} at (2,27) size 200x23 [border: (1px inset #808080)] [r=1 c=0 rs=1 cs=1]
              RenderText {#text} at (2,2) size 65x19
                text run at (2,2) width 65: "1234.56"
            RenderTableCell {TD} at (204,27) size 200x23 [border: (1px inset #808080)] [r=1 c=1 rs=1 cs=1]
              RenderText {#text} at (2,2) size 55x19
                text run at (2,2) width 55: "123.45"
            RenderTableCell {TD} at (406,27) size 200x23 [border: (1px inset #808080)] [r=1 c=2 rs=1 cs=1]
              RenderText {#text} at (2,2) size 75x19
                text run at (2,2) width 75: "12345.67"
        RenderTableSection {TFOOT} at (1,82) size 608x27
          RenderTableRow {TR} at (0,2) size 608x23
            RenderTableCell {TD} at (2,2) size 200x23 [border: (1px inset #808080)] [r=0 c=0 rs=1 cs=1]
              RenderText {#text} at (2,2) size 195x19
                text run at (2,2) width 195: "This text is in the TFOOT"
            RenderTableCell {TD} at (204,2) size 200x23 [border: (1px inset #808080)] [r=0 c=1 rs=1 cs=1]
              RenderText {#text} at (2,2) size 195x19
                text run at (2,2) width 195: "This text is in the TFOOT"
            RenderTableCell {TD} at (406,2) size 200x23 [border: (1px inset #808080)] [r=0 c=2 rs=1 cs=1]
              RenderText {#text} at (2,2) size 195x19
                text run at (2,2) width 195: "This text is in the TFOOT"
        RenderTableSection {TBODY} at (1,53) size 608x27
          RenderTableRow {TR} at (0,2) size 608x23
            RenderTableCell {TD} at (2,2) size 200x23 [border: (1px inset #808080)] [r=0 c=0 rs=1 cs=1]
              RenderText {#text} at (2,2) size 196x19
                text run at (2,2) width 196: "This text is in the TBODY"
            RenderTableCell {TD} at (204,2) size 200x23 [border: (1px inset #808080)] [r=0 c=1 rs=1 cs=1]
              RenderText {#text} at (2,2) size 196x19
                text run at (2,2) width 196: "This text is in the TBODY"
            RenderTableCell {TD} at (406,2) size 200x23 [border: (1px inset #808080)] [r=0 c=2 rs=1 cs=1]
              RenderText {#text} at (2,2) size 196x19
                text run at (2,2) width 196: "This text is in the TBODY"
        RenderTableSection {TBODY} at (1,80) size 608x2
