layer at (0,0) size 980x735
  RenderView at (0,0) size 980x735
layer at (0,0) size 980x304
  RenderBlock {html} at (0,0) size 980x304
    RenderBody {body} at (8,16) size 964x280
      RenderBlock {p} at (0,0) size 964x19
        RenderText {#text} at (0,0) size 189x19
          text run at (0,0) width 189: "COL VALIGN=BASELINE"
      RenderTable {table} at (0,35) size 964x245 [border: (1px outset #808080)]
        RenderTableCol {colgroup} at (0,0) size 0x0
          RenderTableCol {col} at (0,0) size 0x0
          RenderTableCol {col} at (0,0) size 0x0
        RenderTableSection (anonymous) at (1,1) size 962x243
          RenderTableRow {tr} at (0,2) size 962x239
            RenderTableCell {td} at (2,72) size 264x99 [border: (1px inset #808080)] [r=0 c=0 rs=1 cs=1]
              RenderText {#text} at (2,2) size 255x95
                text run at (2,2) width 228: "Compare the baseline of the"
                text run at (2,21) width 210: "first line of text in this cell "
                text run at (212,21) width 33: "with"
                text run at (2,40) width 239: "the baseline of the first line of"
                text run at (2,59) width 203: "text in the next cell: they "
                text run at (205,59) width 52: "should"
                text run at (2,78) width 160: "be vertically aligned"
            RenderTableCell {td} at (268,2) size 692x239 [border: (1px inset #808080)] [r=0 c=1 rs=1 cs=1]
              RenderText {#text} at (2,2) size 668x234
                text run at (2,2) width 663: "Compare the baseline of the first"
                text run at (2,49) width 85: "line "
                text run at (87,49) width 526: "of text in this cell with the"
                text run at (2,96) width 668: "baseline of the first line of text in"
                text run at (2,143) width 655: "the previous cell: they should be"
                text run at (2,190) width 345: "vertically aligned"
