layer at (0,0) size 980x735
  RenderView at (0,0) size 980x735
layer at (0,0) size 980x140
  RenderBlock {html} at (0,0) size 980x140
    RenderBody {body} at (8,8) size 964x124
      RenderTable {table} at (0,0) size 600x124 [border: (1px outset #808080)]
        RenderTableCol {colgroup} at (0,0) size 0x0
          RenderTableCol {col} at (0,0) size 0x0
          RenderTableCol {col} at (0,0) size 0x0
        RenderTableSection (anonymous) at (1,1) size 598x122
          RenderTableRow {tr} at (0,2) size 598x118
            RenderTableCell {td} at (2,2) size 296x118 [border: (1px inset #808080)] [r=0 c=0 rs=1 cs=1]
              RenderText {#text} at (2,2) size 286x114
                text run at (2,2) width 268: "The text in this cell text should be"
                text run at (2,21) width 214: "justified which means that "
                text run at (216,21) width 68: "the right"
                text run at (2,40) width 276: "and left margins should line up, no"
                text run at (2,59) width 168: "matter how long the "
                text run at (170,59) width 61: "content"
                text run at (2,78) width 286: "becomes (except the last line which"
                text run at (2,97) width 113: "should be left "
                text run at (115,97) width 69: "aligned)."
            RenderTableCell {td} at (300,2) size 296x118 [border: (1px inset #808080)] [r=0 c=1 rs=1 cs=1]
              RenderText {#text} at (2,2) size 286x114
                text run at (2,2) width 268: "The text in this cell text should be"
                text run at (2,21) width 214: "justified which means that "
                text run at (216,21) width 68: "the right"
                text run at (2,40) width 276: "and left margins should line up, no"
                text run at (2,59) width 168: "matter how long the "
                text run at (170,59) width 61: "content"
                text run at (2,78) width 286: "becomes (except the last line which"
                text run at (2,97) width 113: "should be left "
                text run at (115,97) width 69: "aligned)."
