layer at (0,0) size 980x735
  RenderView at (0,0) size 980x735
layer at (0,0) size 980x113
  RenderBlock {html} at (0,0) size 980x113
    RenderBody {body} at (8,16) size 964x89
      RenderBlock {p} at (0,0) size 964x19
        RenderText {#text} at (0,0) size 424x19
          text run at (0,0) width 424: "Numbers in table should be aligned at decimal points"
      RenderTable {table} at (0,35) size 400x54 [border: (1px outset #808080)]
        RenderTableCol {colgroup} at (0,0) size 0x0
          RenderTableCol {col} at (0,0) size 0x0
          RenderTableCol {col} at (0,0) size 0x0
        RenderTableSection (anonymous) at (1,1) size 398x52
          RenderTableRow {tr} at (0,2) size 398x23
            RenderTableCell {td} at (2,2) size 182x23 [border: (1px inset #808080)] [r=0 c=0 rs=1 cs=1]
              RenderText {#text} at (2,2) size 45x19
                text run at (2,2) width 45: "55.00"
            RenderTableCell {td} at (186,2) size 210x23 [border: (1px inset #808080)] [r=0 c=1 rs=1 cs=1]
              RenderText {#text} at (2,2) size 75x19
                text run at (2,2) width 75: "55555.00"
          RenderTableRow {tr} at (0,27) size 398x23
            RenderTableCell {td} at (2,27) size 182x23 [border: (1px inset #808080)] [r=1 c=0 rs=1 cs=1]
              RenderText {#text} at (2,2) size 65x19
                text run at (2,2) width 65: "1234.56"
            RenderTableCell {td} at (186,27) size 210x23 [border: (1px inset #808080)] [r=1 c=1 rs=1 cs=1]
              RenderText {#text} at (2,2) size 55x19
                text run at (2,2) width 55: "123.45"
