layer at (0,0) size 980x735
  RenderView at (0,0) size 980x735
layer at (0,0) size 980x273
  RenderBlock {html} at (0,0) size 980x273
    RenderBody {body} at (8,16) size 964x249
      RenderBlock {p} at (0,0) size 964x19
        RenderText {#text} at (0,0) size 231x19
          text run at (0,0) width 231: "COLGROUP VALIGN=MIDDLE"
      RenderTable {table} at (0,35) size 802x214 [border: (1px outset #808080)]
        RenderTableCol {colgroup} at (0,0) size 0x0
          RenderTableCol {col} at (0,0) size 0x0
          RenderTableCol {col} at (0,0) size 0x0
        RenderTableSection (anonymous) at (1,1) size 800x212
          RenderTableRow {tr} at (0,2) size 800x208
            RenderTableCell {td} at (2,2) size 204x208 [border: (1px inset #808080)] [r=0 c=0 rs=1 cs=1]
              RenderImage {img} at (2,2) size 200x200
            RenderTableCell {td} at (208,94) size 590x23 [border: (1px inset #808080)] [r=0 c=1 rs=1 cs=1]
              RenderText {#text} at (2,2) size 586x19
                text run at (2,2) width 484: "The middle of text should be vertically aligned to the middle "
                text run at (486,2) width 102: "of the image"
