layer at (0,0) size 980x735
  RenderView at (0,0) size 980x735
layer at (0,0) size 980x64
  RenderBlock {html} at (0,0) size 980x64
    RenderBody {body} at (8,8) size 964x48
      RenderTable {table} at (0,0) size 408x48 [border: (1px outset #808080)]
        RenderTableCol {colgroup} at (0,0) size 0x0
          RenderTableCol {col} at (0,0) size 0x0
        RenderTableSection (anonymous) at (1,1) size 406x46
          RenderTableRow {tr} at (0,2) size 406x42
            RenderTableCell {td} at (2,2) size 200x42 [border: (1px inset #808080)] [r=0 c=0 rs=1 cs=1]
              RenderText {#text} at (2,2) size 178x38
                text run at (2,2) width 178: "This column should be"
                text run at (2,21) width 91: "200px wide"
            RenderTableCell {td} at (204,2) size 200x42 [border: (1px inset #808080)] [r=0 c=1 rs=1 cs=1]
              RenderText {#text} at (2,2) size 178x38
                text run at (2,2) width 178: "This column should be"
                text run at (2,21) width 91: "200px wide"
