layer at (0,0) size 980x735
  RenderView at (0,0) size 980x735
layer at (0,0) size 980x83
  RenderBlock {html} at (0,0) size 980x83
    RenderBody {body} at (8,8) size 964x67
      RenderTable {table} at (0,0) size 640x67 [border: (1px outset #808080)]
        RenderTableSection (anonymous) at (1,1) size 638x65
          RenderTableRow {tr} at (0,2) size 638x61
            RenderTableCell {td} at (2,2) size 316x61 [border: (1px inset #808080)] [r=0 c=0 rs=1 cs=1]
              RenderText {#text} at (21,21) size 274x19
                text run at (21,21) width 274: "This cell should have 20% padding"
            RenderTableCell {td} at (320,2) size 316x61 [border: (1px inset #808080)] [r=0 c=1 rs=1 cs=1]
              RenderText {#text} at (21,21) size 274x19
                text run at (21,21) width 274: "This cell should have 20% padding"
