layer at (0,0) size 980x735
  RenderView at (0,0) size 980x735
layer at (0,0) size 980x351
  RenderBlock {html} at (0,0) size 980x351
    RenderBody {body} at (8,8) size 964x335
      RenderTable {table} at (0,0) size 100x105 [border: (1px outset #808080)]
        RenderTableSection (anonymous) at (1,1) size 98x103
          RenderTableRow {tr} at (0,2) size 98x99
            RenderTableCell {td} at (2,2) size 94x99 [border: (1px inset #808080)] [r=0 c=0 rs=1 cs=1]
              RenderText {#text} at (2,2) size 80x95
                text run at (2,2) width 77: "This table"
                text run at (2,21) width 52: "should"
                text run at (2,40) width 54: "have a"
                text run at (2,59) width 64: "width of"
                text run at (2,78) width 80: "100 pixels"
      RenderBlock (anonymous) at (0,105) size 964x19
        RenderBR {br} at (0,0) size 0x19
      RenderTable {table} at (0,124) size 200x48 [border: (1px outset #808080)]
        RenderTableSection (anonymous) at (1,1) size 198x46
          RenderTableRow {tr} at (0,2) size 198x42
            RenderTableCell {td} at (2,2) size 194x42 [border: (1px inset #808080)] [r=0 c=0 rs=1 cs=1]
              RenderText {#text} at (2,2) size 178x38
                text run at (2,2) width 178: "This table should have"
                text run at (2,21) width 164: "a width of 200 pixels"
      RenderBlock (anonymous) at (0,172) size 964x19
        RenderBR {br} at (0,0) size 0x19
      RenderTable {table} at (0,191) size 300x48 [border: (1px outset #808080)]
        RenderTableSection (anonymous) at (1,1) size 298x46
          RenderTableRow {tr} at (0,2) size 298x42
            RenderTableCell {td} at (2,2) size 294x42 [border: (1px inset #808080)] [r=0 c=0 rs=1 cs=1]
              RenderText {#text} at (2,2) size 262x38
                text run at (2,2) width 262: "This table should have a width of"
                text run at (2,21) width 80: "300 pixels"
      RenderBlock (anonymous) at (0,239) size 964x19
        RenderBR {br} at (0,0) size 0x19
      RenderTable {table} at (0,258) size 400x29 [border: (1px outset #808080)]
        RenderTableSection (anonymous) at (1,1) size 398x27
          RenderTableRow {tr} at (0,2) size 398x23
            RenderTableCell {td} at (2,2) size 394x23 [border: (1px inset #808080)] [r=0 c=0 rs=1 cs=1]
              RenderText {#text} at (2,2) size 347x19
                text run at (2,2) width 347: "This table should have a width of 400 pixels"
      RenderBlock (anonymous) at (0,287) size 964x19
        RenderBR {br} at (0,0) size 0x19
      RenderTable {table} at (0,306) size 500x29 [border: (1px outset #808080)]
        RenderTableSection (anonymous) at (1,1) size 498x27
          RenderTableRow {tr} at (0,2) size 498x23
            RenderTableCell {td} at (2,2) size 494x23 [border: (1px inset #808080)] [r=0 c=0 rs=1 cs=1]
              RenderText {#text} at (2,2) size 347x19
                text run at (2,2) width 347: "This table should have a width of 500 pixels"
