layer at (0,0) size 980x735
  RenderView at (0,0) size 980x735
layer at (0,0) size 980x145
  RenderBlock {html} at (0,0) size 980x145
    RenderBody {body} at (8,16) size 964x121
      RenderBlock {p} at (0,0) size 964x19
        RenderText {#text} at (0,0) size 608x19
          text run at (0,0) width 511: "There should be no rules between any rows and columns in the "
          text run at (511,0) width 97: "table below."
      RenderTable {table} at (0,35) size 188x86 [border: none]
        RenderTableCol {colgroup} at (0,0) size 0x0
          RenderTableCol {col} at (0,0) size 0x0
        RenderTableCol {colgroup} at (0,0) size 0x0
          RenderTableCol {col} at (0,0) size 0x0
        RenderTableCol {colgroup} at (0,0) size 0x0
          RenderTableCol {col} at (0,0) size 0x0
        RenderTableSection {thead} at (0,0) size 187x22
          RenderTableRow {tr} at (0,0) size 187x22
            RenderTableCell {th} at (0,0) size 63x22 [border: (1px none #000000)] [r=0 c=0 rs=1 cs=1]
              RenderText {#text} at (2,2) size 60x19
                text run at (2,2) width 60: "THEAD"
            RenderTableCell {th} at (63,0) size 62x22 [border: (1px none #000000)] [r=0 c=1 rs=1 cs=1]
              RenderText {#text} at (1,2) size 60x19
                text run at (1,2) width 60: "THEAD"
            RenderTableCell {th} at (125,0) size 62x22 [border: (1px none #000000)] [r=0 c=2 rs=1 cs=1]
              RenderText {#text} at (1,2) size 60x19
                text run at (1,2) width 60: "THEAD"
        RenderTableSection {tfoot} at (0,64) size 187x21
          RenderTableRow {tr} at (0,0) size 187x21
            RenderTableCell {td} at (0,0) size 63x21 [border: none] [r=0 c=0 rs=1 cs=1]
              RenderText {#text} at (2,1) size 55x19
                text run at (2,1) width 55: "TFOOT"
            RenderTableCell {td} at (63,0) size 62x21 [r=0 c=1 rs=1 cs=1]
              RenderText {#text} at (1,1) size 55x19
                text run at (1,1) width 55: "TFOOT"
            RenderTableCell {td} at (125,0) size 62x21 [r=0 c=2 rs=1 cs=1]
              RenderText {#text} at (1,1) size 55x19
                text run at (1,1) width 55: "TFOOT"
        RenderTableSection {tbody} at (0,22) size 187x42
          RenderTableRow {tr} at (0,0) size 187x21
            RenderTableCell {td} at (0,0) size 63x21 [border: none] [r=0 c=0 rs=1 cs=1]
              RenderText {#text} at (2,1) size 56x19
                text run at (2,1) width 56: "TBODY"
            RenderTableCell {td} at (63,0) size 62x21 [r=0 c=1 rs=1 cs=1]
              RenderText {#text} at (1,1) size 56x19
                text run at (1,1) width 56: "TBODY"
            RenderTableCell {td} at (125,0) size 62x21 [r=0 c=2 rs=1 cs=1]
              RenderText {#text} at (1,1) size 56x19
                text run at (1,1) width 56: "TBODY"
          RenderTableRow {tr} at (0,21) size 187x21
            RenderTableCell {td} at (0,21) size 63x21 [border: none] [r=1 c=0 rs=1 cs=1]
              RenderText {#text} at (2,1) size 56x19
                text run at (2,1) width 56: "TBODY"
            RenderTableCell {td} at (63,21) size 62x21 [r=1 c=1 rs=1 cs=1]
              RenderText {#text} at (1,1) size 56x19
                text run at (1,1) width 56: "TBODY"
            RenderTableCell {td} at (125,21) size 62x21 [r=1 c=2 rs=1 cs=1]
              RenderText {#text} at (1,1) size 56x19
                text run at (1,1) width 56: "TBODY"
