layer at (0,0) size 980x735
  RenderView at (0,0) size 980x735
layer at (0,0) size 980x45
  RenderBlock {html} at (0,0) size 980x45
    RenderBody {body} at (8,8) size 964x29
      RenderTable {table} at (0,0) size 690x29 [border: (1px outset #808080)]
        RenderTableSection {tbody} at (1,1) size 688x27 [bgcolor=#00FF00]
          RenderTableRow {tr} at (0,2) size 688x23
            RenderTableCell {td} at (2,2) size 341x23 [border: (1px inset #808080)] [r=0 c=0 rs=1 cs=1]
              RenderText {#text} at (2,2) size 337x19
                text run at (2,2) width 337: "This tbody should have a lime background"
            RenderTableCell {td} at (345,2) size 341x23 [border: (1px inset #808080)] [r=0 c=1 rs=1 cs=1]
              RenderText {#text} at (2,2) size 337x19
                text run at (2,2) width 337: "This tbody should have a lime background"
