layer at (0,0) size 980x735
  RenderView at (0,0) size 980x735
layer at (0,0) size 980x266
  RenderBlock {html} at (0,0) size 980x266
    RenderBody {body} at (8,16) size 964x242
      RenderBlock {p} at (0,0) size 964x19
        RenderText {#text} at (0,0) size 173x19
          text run at (0,0) width 173: "TEST: td align=\"right\""
      RenderBlock {p} at (0,35) size 964x38
        RenderInline {b} at (0,0) size 99x19
          RenderText {#text} at (0,0) size 99x19
            text run at (0,0) width 99: "Example 1."
        RenderBR {br} at (99,0) size 0x19
        RenderText {#text} at (0,19) size 150x19
          text run at (0,19) width 150: "Table width=100%"
      RenderTable {table} at (0,89) size 964x29 [border: (1px outset #808080)]
        RenderTableSection (anonymous) at (1,1) size 962x27
          RenderTableRow {tr} at (0,2) size 962x23
            RenderTableCell {td} at (2,2) size 958x23 [border: (1px inset #808080)] [r=0 c=0 rs=1 cs=1]
              RenderText {#text} at (704,2) size 252x19
                text run at (704,2) width 252: "Cell text should be right aligned"
      RenderBlock {p} at (0,134) size 964x38
        RenderInline {b} at (0,0) size 99x19
          RenderText {#text} at (0,0) size 99x19
            text run at (0,0) width 99: "Example 2."
        RenderBR {br} at (99,0) size 0x19
        RenderText {#text} at (0,19) size 534x19
          text run at (0,19) width 504: "No specific table width; text in second row exceeds text in first "
          text run at (504,19) width 30: "row"
      RenderTable {table} at (0,188) size 645x54 [border: (1px outset #808080)]
        RenderTableSection (anonymous) at (1,1) size 643x52
          RenderTableRow {tr} at (0,2) size 643x23
            RenderTableCell {td} at (2,2) size 639x23 [border: (1px inset #808080)] [r=0 c=0 rs=1 cs=1]
              RenderText {#text} at (385,2) size 252x19
                text run at (385,2) width 252: "Cell text should be right aligned"
          RenderTableRow {tr} at (0,27) size 643x23
            RenderTableCell {td} at (2,27) size 639x23 [border: (1px inset #808080)] [r=1 c=0 rs=1 cs=1]
              RenderText {#text} at (2,2) size 635x19
                text run at (2,2) width 512: "xxx xxx xxx xxx xxx xxx xxx xxx xxx xxx xxx xxx xxx xxx xxx xxx "
                text run at (514,2) width 123: "xxx xxx xxx xxx"
