layer at (0,0) size 980x735
  RenderView at (0,0) size 980x735
layer at (0,0) size 980x70
  RenderBlock {html} at (0,0) size 980x70
    RenderBody {body} at (8,8) size 964x54
      RenderTable {table} at (0,0) size 231x54 [border: (1px outset #808080)]
        RenderTableSection (anonymous) at (1,1) size 229x52
          RenderTableRow {tr} at (0,2) size 229x23
            RenderTableCell {td} at (2,2) size 225x23 [border: (1px inset #808080)] [r=0 c=0 rs=1 cs=2]
              RenderText {#text} at (2,2) size 221x19
                text run at (2,2) width 221: "This cell spans two columns"
          RenderTableRow {tr} at (0,27) size 229x23
            RenderTableCell {td} at (2,27) size 111x23 [border: (1px inset #808080)] [r=1 c=0 rs=1 cs=1]
              RenderText {#text} at (2,2) size 59x19
                text run at (2,2) width 59: "xxx xxx"
            RenderTableCell {td} at (115,27) size 112x23 [border: (1px inset #808080)] [r=1 c=1 rs=1 cs=1]
              RenderText {#text} at (2,2) size 59x19
                text run at (2,2) width 59: "xxx xxx"
