layer at (0,0) size 980x735
  RenderView at (0,0) size 980x735
layer at (0,0) size 980x217
  RenderBlock {html} at (0,0) size 980x217
    RenderBody {body} at (8,16) size 964x193
      RenderBlock {p} at (0,0) size 964x19
        RenderText {#text} at (0,0) size 489x19
          text run at (0,0) width 489: "The numbers in the TFOOT should align at the decimal points"
      RenderTable {table} at (0,35) size 417x158 [border: (1px outset #808080)]
        RenderTableSection {thead} at (1,1) size 415x52
          RenderTableRow {tr} at (0,2) size 415x23
            RenderTableCell {td} at (2,2) size 129x23 [border: (1px inset #808080)] [r=0 c=0 rs=1 cs=1]
              RenderText {#text} at (2,2) size 55x19
                text run at (2,2) width 55: "THEAD"
            RenderTableCell {td} at (133,2) size 139x23 [border: (1px inset #808080)] [r=0 c=1 rs=1 cs=1]
              RenderText {#text} at (2,2) size 55x19
                text run at (2,2) width 55: "THEAD"
            RenderTableCell {td} at (274,2) size 139x23 [border: (1px inset #808080)] [r=0 c=2 rs=1 cs=1]
              RenderText {#text} at (2,2) size 55x19
                text run at (2,2) width 55: "THEAD"
          RenderTableRow {tr} at (0,27) size 415x23
            RenderTableCell {td} at (2,27) size 129x23 [border: (1px inset #808080)] [r=1 c=0 rs=1 cs=1]
              RenderText {#text} at (2,2) size 55x19
                text run at (2,2) width 55: "THEAD"
            RenderTableCell {td} at (133,27) size 139x23 [border: (1px inset #808080)] [r=1 c=1 rs=1 cs=1]
              RenderText {#text} at (2,2) size 55x19
                text run at (2,2) width 55: "THEAD"
            RenderTableCell {td} at (274,27) size 139x23 [border: (1px inset #808080)] [r=1 c=2 rs=1 cs=1]
              RenderText {#text} at (2,2) size 55x19
                text run at (2,2) width 55: "THEAD"
        RenderTableSection {tfoot} at (1,105) size 415x52
          RenderTableRow {tr} at (0,2) size 415x23
            RenderTableCell {td} at (2,2) size 129x23 [border: (1px inset #808080)] [r=0 c=0 rs=1 cs=1]
              RenderText {#text} at (2,2) size 105x19
                text run at (2,2) width 105: "TFOOT 55.00"
            RenderTableCell {td} at (133,2) size 139x23 [border: (1px inset #808080)] [r=0 c=1 rs=1 cs=1]
              RenderText {#text} at (2,2) size 135x19
                text run at (2,2) width 135: "TFOOT 55555.00"
            RenderTableCell {td} at (274,2) size 139x23 [border: (1px inset #808080)] [r=0 c=2 rs=1 cs=1]
              RenderText {#text} at (2,2) size 115x19
                text run at (2,2) width 115: "TFOOT 555.00"
          RenderTableRow {tr} at (0,27) size 415x23
            RenderTableCell {td} at (2,27) size 129x23 [border: (1px inset #808080)] [r=1 c=0 rs=1 cs=1]
              RenderText {#text} at (2,2) size 125x19
                text run at (2,2) width 125: "TFOOT 1234.56"
            RenderTableCell {td} at (133,27) size 139x23 [border: (1px inset #808080)] [r=1 c=1 rs=1 cs=1]
              RenderText {#text} at (2,2) size 115x19
                text run at (2,2) width 115: "TFOOT 123.45"
            RenderTableCell {td} at (274,27) size 139x23 [border: (1px inset #808080)] [r=1 c=2 rs=1 cs=1]
              RenderText {#text} at (2,2) size 135x19
                text run at (2,2) width 135: "TFOOT 12345.67"
        RenderTableSection {tbody} at (1,53) size 415x52
          RenderTableRow {tr} at (0,2) size 415x23
            RenderTableCell {td} at (2,2) size 129x23 [border: (1px inset #808080)] [r=0 c=0 rs=1 cs=1]
              RenderText {#text} at (2,2) size 56x19
                text run at (2,2) width 56: "TBODY"
            RenderTableCell {td} at (133,2) size 139x23 [border: (1px inset #808080)] [r=0 c=1 rs=1 cs=1]
              RenderText {#text} at (2,2) size 56x19
                text run at (2,2) width 56: "TBODY"
            RenderTableCell {td} at (274,2) size 139x23 [border: (1px inset #808080)] [r=0 c=2 rs=1 cs=1]
              RenderText {#text} at (2,2) size 56x19
                text run at (2,2) width 56: "TBODY"
          RenderTableRow {tr} at (0,27) size 415x23
            RenderTableCell {td} at (2,27) size 129x23 [border: (1px inset #808080)] [r=1 c=0 rs=1 cs=1]
              RenderText {#text} at (2,2) size 56x19
                text run at (2,2) width 56: "TBODY"
            RenderTableCell {td} at (133,27) size 139x23 [border: (1px inset #808080)] [r=1 c=1 rs=1 cs=1]
              RenderText {#text} at (2,2) size 56x19
                text run at (2,2) width 56: "TBODY"
            RenderTableCell {td} at (274,27) size 139x23 [border: (1px inset #808080)] [r=1 c=2 rs=1 cs=1]
              RenderText {#text} at (2,2) size 56x19
                text run at (2,2) width 56: "TBODY"
