layer at (0,0) size 980x735
  RenderView at (0,0) size 980x735
layer at (0,0) size 980x121
  RenderBlock {html} at (0,0) size 980x121
    RenderBody {body} at (8,8) size 964x105
      RenderTable {table} at (0,0) size 816x105 [border: (1px outset #808080)]
        RenderTableSection (anonymous) at (1,1) size 814x103
          RenderTableRow {tr} at (0,2) size 814x99
            RenderTableCell {th} at (2,2) size 404x99 [border: (1px inset #808080)] [r=0 c=0 rs=1 cs=1]
              RenderText {#text} at (2,2) size 400x95
                text run at (2,2) width 349: "This cell text should be justified "
                text run at (351,2) width 51: "which"
                text run at (2,21) width 400: "means that the right and left margins"
                text run at (2,40) width 193: "should line up, no "
                text run at (195,40) width 207: "matter how long the"
                text run at (2,59) width 400: "content becomes (except the last line which"
                text run at (2,78) width 202: "should be left aligned)"
            RenderTableCell {th} at (408,40) size 404x23 [border: (1px inset #808080)] [r=0 c=1 rs=1 cs=1]
              RenderText {#text} at (2,2) size 325x19
                text run at (2,2) width 252: "This cell text should be left "
                text run at (254,2) width 73: "justified"
