layer at (0,0) size 980x735
  RenderView at (0,0) size 980x735
layer at (0,0) size 980x45
  RenderBlock {html} at (0,0) size 980x45
    RenderBody {body} at (8,8) size 964x29
      RenderTable {table} at (0,0) size 888x29 [border: (1px outset #808080)]
        RenderTableSection (anonymous) at (1,1) size 886x27
          RenderTableRow {tr} at (0,2) size 886x23
            RenderTableCell {th} at (2,2) size 440x23 [bgcolor=#00FF00] [border: (1px inset #808080)] [r=0 c=0 rs=1 cs=1]
              RenderText {#text} at (2,2) size 436x19
                text run at (2,2) width 331: "This heading cell should have a lime "
                text run at (333,2) width 105: "background"
            RenderTableCell {th} at (444,2) size 440x23 [bgcolor=#00FF00] [border: (1px inset #808080)] [r=0 c=1 rs=1 cs=1]
              RenderText {#text} at (2,2) size 436x19
                text run at (2,2) width 331: "This heading cell should have a lime "
                text run at (333,2) width 105: "background"
