layer at (0,0) size 980x735
  RenderView at (0,0) size 980x735
layer at (0,0) size 980x113
  RenderBlock {html} at (0,0) size 980x113
    RenderBody {body} at (8,16) size 964x89
      RenderBlock {p} at (0,0) size 964x19
        RenderText {#text} at (0,0) size 368x19
          text run at (0,0) width 368: "TEST: Numbers should align by decimal points"
      RenderTable {table} at (0,35) size 237x54 [border: (1px outset #808080)]
        RenderTableSection (anonymous) at (1,1) size 235x52
          RenderTableRow {tr} at (0,2) size 235x23
            RenderTableCell {td} at (2,2) size 69x23 [border: (1px inset #808080)] [r=0 c=0 rs=1 cs=1]
              RenderText {#text} at (2,2) size 45x19
                text run at (2,2) width 45: "55.00"
            RenderTableCell {td} at (73,2) size 79x23 [border: (1px inset #808080)] [r=0 c=1 rs=1 cs=1]
              RenderText {#text} at (2,2) size 75x19
                text run at (2,2) width 75: "55555.00"
            RenderTableCell {td} at (154,2) size 79x23 [border: (1px inset #808080)] [r=0 c=2 rs=1 cs=1]
              RenderText {#text} at (2,2) size 55x19
                text run at (2,2) width 55: "555.00"
          RenderTableRow {tr} at (0,27) size 235x23
            RenderTableCell {td} at (2,27) size 69x23 [border: (1px inset #808080)] [r=1 c=0 rs=1 cs=1]
              RenderText {#text} at (2,2) size 65x19
                text run at (2,2) width 65: "1234.56"
            RenderTableCell {td} at (73,27) size 79x23 [border: (1px inset #808080)] [r=1 c=1 rs=1 cs=1]
              RenderText {#text} at (2,2) size 55x19
                text run at (2,2) width 55: "123.45"
            RenderTableCell {td} at (154,27) size 79x23 [border: (1px inset #808080)] [r=1 c=2 rs=1 cs=1]
              RenderText {#text} at (2,2) size 75x19
                text run at (2,2) width 75: "12345.67"
