layer at (0,0) size 800x600
  RenderView at (0,0) size 800x600
layer at (0,0) size 800x456
  RenderBlock {HTML} at (0,0) size 800x456
    RenderBody {BODY} at (8,12) size 784x432
      RenderBlock {P} at (0,0) size 784x14
        RenderText {#text} at (0,0) size 377x14
          text run at (0,0) width 377: "The following two columns should be pixel perfect identical with no red visible."
      RenderTable {TABLE} at (0,26) size 78x380 [border: (3px solid #000000)]
        RenderTableSection {TBODY} at (3,3) size 72x374
          RenderTableRow {TR} at (0,0) size 72x374
            RenderTableCell {TD} at (0,0) size 36x374 [bgcolor=#FFA500] [r=0 c=0 rs=1 cs=1]
              RenderBlock {DIV} at (0,50) size 36x274 [bgcolor=#0000FF]
                RenderBlock {DIV} at (0,0) size 36x58 [bgcolor=#FF0000]
                  RenderBlock {DIV} at (0,0) size 36x58
                    RenderBlock {DIV} at (0,0) size 36x58 [bgcolor=#FFFF00]
                      RenderText {#text} at (0,1) size 36x56
                        text run at (0,1) width 36: "A"
                  RenderBlock {DIV} at (0,108) size 36x0
                RenderBlock {DIV} at (0,108) size 36x0 [bgcolor=#FF0000]
                RenderBlock {DIV} at (0,108) size 36x0 [bgcolor=#FF0000]
                  RenderBlock {DIV} at (0,0) size 36x0
                RenderBlock {DIV} at (0,108) size 36x58 [bgcolor=#FF0000]
                  RenderBlock {DIV} at (0,0) size 36x58 [bgcolor=#00FF00]
                    RenderBlock {DIV} at (0,0) size 36x0 [bgcolor=#FF0000]
                    RenderBlock (anonymous) at (0,0) size 36x58
                      RenderText {#text} at (0,1) size 33x56
                        text run at (0,1) width 33: "B"
                RenderBlock {DIV} at (0,216) size 36x58 [bgcolor=#00FFFF]
                  RenderText {#text} at (0,1) size 33x56
                    text run at (0,1) width 33: "C"
            RenderTableCell {TD} at (36,0) size 36x374 [bgcolor=#FFA500] [r=0 c=1 rs=1 cs=1]
              RenderBlock {DIV} at (0,50) size 36x274 [bgcolor=#0000FF]
                RenderBlock {DIV} at (0,0) size 36x58 [bgcolor=#FFFF00]
                  RenderText {#text} at (0,1) size 36x56
                    text run at (0,1) width 36: "A"
                RenderBlock {DIV} at (0,108) size 36x58 [bgcolor=#00FF00]
                  RenderText {#text} at (0,1) size 33x56
                    text run at (0,1) width 33: "B"
                RenderBlock {DIV} at (0,216) size 36x58 [bgcolor=#00FFFF]
                  RenderText {#text} at (0,1) size 33x56
                    text run at (0,1) width 33: "C"
      RenderBlock {P} at (0,418) size 784x14
        RenderText {#text} at (0,0) size 196x14
          text run at (0,0) width 196: "This test is meaningless if you don't pass "
        RenderInline {A} at (0,0) size 37x14 [color=#0000EE]
          RenderText {#text} at (196,0) size 37x14
            text run at (196,0) width 37: "test 006"
        RenderText {#text} at (233,0) size 3x14
          text run at (233,0) width 3: "."
