layer at (0,0) size 800x600
  RenderView at (0,0) size 800x600
layer at (0,0) size 800x332
  RenderBlock {HTML} at (0,0) size 800x332
    RenderBody {BODY} at (8,12) size 784x308
      RenderBlock {P} at (0,0) size 784x14
        RenderText {#text} at (0,0) size 433x14
          text run at (0,0) width 433: "The square should consist of exactly five equal bands, orange, lime, orange, yellow, orange."
      RenderTable {TABLE} at (0,26) size 256x256 [bgcolor=#FFA500] [border: (3px solid #000000)]
        RenderTableSection {TBODY} at (3,3) size 250x250
          RenderTableRow {TR} at (0,0) size 250x250
            RenderTableCell {TD} at (0,0) size 50x250 [r=0 c=0 rs=1 cs=1]
              RenderBlock {DIV} at (0,50) size 50x50 [bgcolor=#00FF00]
              RenderBlock {DIV} at (0,150) size 50x50 [bgcolor=#FFFF00]
            RenderTableCell {TD} at (50,0) size 50x250 [r=0 c=1 rs=1 cs=1]
              RenderBlock {DIV} at (0,50) size 50x50 [bgcolor=#00FF00]
              RenderBlock {DIV} at (0,150) size 50x50 [bgcolor=#FFFF00]
            RenderTableCell {TD} at (100,0) size 50x250 [r=0 c=2 rs=1 cs=1]
              RenderBlock {DIV} at (0,50) size 50x50 [bgcolor=#00FF00]
              RenderBlock {DIV} at (0,150) size 50x50 [bgcolor=#FFFF00]
            RenderTableCell {TD} at (150,0) size 50x250 [r=0 c=3 rs=1 cs=1]
              RenderBlock {DIV} at (0,50) size 50x50 [bgcolor=#00FF00]
              RenderBlock {DIV} at (0,150) size 50x50 [bgcolor=#FFFF00]
            RenderTableCell {TD} at (200,0) size 50x250 [r=0 c=4 rs=1 cs=1]
              RenderBlock {DIV} at (0,50) size 50x50 [bgcolor=#00FF00]
              RenderBlock {DIV} at (0,150) size 50x50 [bgcolor=#FFFF00]
      RenderBlock {P} at (0,294) size 784x14
        RenderText {#text} at (0,0) size 196x14
          text run at (0,0) width 196: "This test is meaningless if you don't pass "
        RenderInline {A} at (0,0) size 37x14 [color=#0000EE]
          RenderText {#text} at (196,0) size 37x14
            text run at (196,0) width 37: "test 006"
        RenderText {#text} at (233,0) size 3x14
          text run at (233,0) width 3: "."
