layer at (0,0) size 800x600
  RenderView at (0,0) size 800x600
layer at (0,0) size 800x82
  RenderBlock {HTML} at (0,0) size 800x82
    RenderBody {BODY} at (8,12) size 784x62
      RenderBlock {P} at (0,0) size 784x14
        RenderText {#text} at (0,0) size 144x14
          text run at (0,0) width 144: "There should be no red below."
      RenderBlock {DIV} at (0,26) size 784x36 [bgcolor=#FF0000] [border: (12px solid #00FF00) none (12px solid #00FF00) none]
        RenderBlock {DIV} at (0,12) size 784x12 [border: (12px solid #FF0000) none]
        RenderBlock {DIV} at (0,12) size 784x12 [border: (12px solid #00FF00) none]
