layer at (0,0) size 800x600
  RenderView at (0,0) size 800x600
layer at (0,0) size 800x248
  RenderBlock {HTML} at (0,0) size 800x248
    RenderBody {BODY} at (8,8) size 784x200
      RenderBlock (anonymous) at (0,0) size 784x14
        RenderInline {DIV} at (0,0) size 396x12 [color=#FFFFFF] [bgcolor=#FF0000]
          RenderText {#text} at (0,1) size 396x12
            text run at (0,1) width 396: "Ahem_font_required_for_this_test."
        RenderText {#text} at (0,0) size 0x0
      RenderBlock {P} at (0,26) size 784x14
        RenderText {#text} at (0,0) size 212x14
          text run at (0,0) width 212: "There should be a big square green H below:"
      RenderBlock {DIV} at (40,80) size 120x120 [bgcolor=#008000]
        RenderBlock {DIV} at (40,0) size 40x40 [color=#FFFFFF]
          RenderText {#text} at (0,0) size 40x40
            text run at (0,0) width 40: "X"
        RenderBlock {DIV} at (40,80) size 40x40 [color=#FFFFFF]
          RenderText {#text} at (0,0) size 40x40
            text run at (0,0) width 40: "X"
