layer at (0,0) size 800x600
  RenderView at (0,0) size 800x600
layer at (0,0) size 800x124
  RenderBlock {HTML} at (0,0) size 800x124
    RenderBody {BODY} at (8,12) size 784x104
      RenderBlock {P} at (0,0) size 784x14
        RenderText {#text} at (0,0) size 221x14
          text run at (0,0) width 221: "The following two squares should be identical."
      RenderTable {TABLE} at (0,26) size 240x78
        RenderTableSection {TBODY} at (0,0) size 240x78
          RenderTableRow {TR} at (0,12) size 240x54
            RenderTableCell {TD} at (12,12) size 102x54 [bgcolor=#00FF00] [border: (3px solid #000000)] [r=0 c=0 rs=1 cs=1]
              RenderBlock {DIV} at (3,3) size 96x12 [bgcolor=#FFFF00]
              RenderBlock {DIV} at (3,39) size 96x12 [bgcolor=#FF0000]
                RenderBlock (floating) {DIV} at (0,0) size 96x12 [bgcolor=#FFFF00]
                RenderBlock {DIV} at (0,0) size 96x12
            RenderTableCell {TD} at (126,12) size 102x54 [bgcolor=#00FF00] [border: (3px solid #000000)] [r=0 c=1 rs=1 cs=1]
              RenderBlock {DIV} at (3,3) size 96x12 [border: (12px solid #FFFF00) none]
              RenderBlock {DIV} at (3,15) size 96x24 [border: (24px solid #00FF00) none]
              RenderBlock {DIV} at (3,39) size 96x12 [border: (12px solid #FFFF00) none]
