layer at (0,0) size 800x600
  RenderView at (0,0) size 800x600
layer at (0,0) size 800x132
  RenderBlock {HTML} at (0,0) size 800x132
    RenderBody {BODY} at (8,60) size 784x64
      RenderBlock {DIV} at (0,0) size 784x12 [color=#FF0000]
        RenderText {#text} at (0,0) size 60x12
          text run at (0,0) width 60: "XXXXX"
      RenderBlock {P} at (0,24) size 784x14
        RenderText {#text} at (0,0) size 143x14
          text run at (0,0) width 143: "There should be no red above."
      RenderBlock (anonymous) at (0,50) size 784x14
        RenderInline {DIV} at (0,0) size 396x12 [color=#FFFFFF] [bgcolor=#FF0000]
          RenderText {#text} at (0,1) size 396x12
            text run at (0,1) width 396: "Ahem_font_required_for_this_test."
        RenderText {#text} at (0,0) size 0x0
layer at (8,60) size 60x12
  RenderBlock (positioned) {DIV} at (0,0) size 60x12 [color=#008000]
    RenderText {#text} at (0,0) size 60x12
      text run at (0,0) width 60: "XXXXX"
