layer at (0,0) size 800x600
  RenderView at (0,0) size 800x600
layer at (0,0) size 800x164
  RenderBlock {HTML} at (0,0) size 800x164
    RenderBody {BODY} at (8,12) size 784x144
      RenderBlock {P} at (0,0) size 784x14
        RenderText {#text} at (0,0) size 347x14
          text run at (0,0) width 304: "All the following should look the same (and all should look like "
          text run at (304,0) width 43: "the first)."
      RenderTable {TABLE} at (0,26) size 354x118
        RenderTableSection {TBODY} at (0,0) size 354x118
          RenderTableRow {TR} at (0,2) size 354x114
            RenderTableCell {TD} at (2,2) size 42x114 [bgcolor=#FF0000] [border: (3px solid #000000)] [r=0 c=0 rs=1 cs=1]
              RenderBlock {DIV} at (3,3) size 36x108 [color=#FFFF00] [bgcolor=#FFA500]
                RenderBlock {DIV} at (0,0) size 36x36 [bgcolor=#00FF00]
                  RenderText {#text} at (0,0) size 36x36
                    text run at (0,0) width 36: "A"
                RenderBlock {DIV} at (0,72) size 36x36 [bgcolor=#00FFFF]
                  RenderText {#text} at (0,0) size 36x36
                    text run at (0,0) width 36: "C"
            RenderTableCell {TD} at (46,2) size 42x114 [bgcolor=#FF0000] [border: (3px solid #000000)] [r=0 c=1 rs=1 cs=1]
              RenderBlock {DIV} at (3,3) size 36x108 [color=#FFFF00] [bgcolor=#FFA500]
                RenderBlock {DIV} at (0,0) size 36x36 [bgcolor=#00FF00]
                  RenderText {#text} at (0,0) size 36x36
                    text run at (0,0) width 36: "A"
                RenderBlock {DIV} at (0,72) size 36x0
                RenderBlock {DIV} at (0,72) size 36x36 [bgcolor=#00FFFF]
                  RenderText {#text} at (0,0) size 36x36
                    text run at (0,0) width 36: "C"
            RenderTableCell {TD} at (90,2) size 42x114 [bgcolor=#FF0000] [border: (3px solid #000000)] [r=0 c=2 rs=1 cs=1]
              RenderBlock {DIV} at (3,3) size 36x108 [color=#FFFF00] [bgcolor=#FFA500]
                RenderBlock {DIV} at (0,0) size 36x36 [bgcolor=#00FF00]
                  RenderText {#text} at (0,0) size 36x36
                    text run at (0,0) width 36: "A"
                RenderBlock {DIV} at (0,72) size 36x0
                RenderBlock {DIV} at (0,72) size 36x36 [bgcolor=#00FFFF]
                  RenderText {#text} at (0,0) size 36x36
                    text run at (0,0) width 36: "C"
            RenderTableCell {TD} at (134,2) size 42x114 [bgcolor=#FF0000] [border: (3px solid #000000)] [r=0 c=3 rs=1 cs=1]
              RenderBlock {DIV} at (3,3) size 36x108 [color=#FFFF00] [bgcolor=#FFA500]
                RenderBlock {DIV} at (0,0) size 36x36 [bgcolor=#00FF00]
                  RenderText {#text} at (0,0) size 36x36
                    text run at (0,0) width 36: "A"
                RenderBlock {DIV} at (0,72) size 36x0
                RenderBlock {DIV} at (0,72) size 36x36 [bgcolor=#00FFFF]
                  RenderText {#text} at (0,0) size 36x36
                    text run at (0,0) width 36: "C"
            RenderTableCell {TD} at (178,2) size 42x114 [bgcolor=#FF0000] [border: (3px solid #000000)] [r=0 c=4 rs=1 cs=1]
              RenderBlock {DIV} at (3,3) size 36x108 [color=#FFFF00] [bgcolor=#FFA500]
                RenderBlock {DIV} at (0,0) size 36x36 [bgcolor=#00FF00]
                  RenderText {#text} at (0,0) size 36x36
                    text run at (0,0) width 36: "A"
                RenderBlock {DIV} at (0,72) size 36x0
                RenderBlock {DIV} at (0,72) size 36x36 [bgcolor=#00FFFF]
                  RenderText {#text} at (0,0) size 36x36
                    text run at (0,0) width 36: "C"
            RenderTableCell {TD} at (222,2) size 42x114 [bgcolor=#FF0000] [border: (3px solid #000000)] [r=0 c=5 rs=1 cs=1]
              RenderBlock {DIV} at (3,3) size 36x108 [color=#FFFF00] [bgcolor=#FFA500]
                RenderBlock {DIV} at (0,0) size 36x36 [bgcolor=#00FF00]
                  RenderText {#text} at (0,0) size 36x36
                    text run at (0,0) width 36: "A"
                RenderBlock {DIV} at (0,72) size 36x0
                RenderBlock {DIV} at (0,72) size 36x36 [bgcolor=#00FFFF]
                  RenderText {#text} at (0,0) size 36x36
                    text run at (0,0) width 36: "C"
            RenderTableCell {TD} at (266,2) size 42x114 [bgcolor=#FF0000] [border: (3px solid #000000)] [r=0 c=6 rs=1 cs=1]
              RenderBlock {DIV} at (3,3) size 36x108 [color=#FFFF00] [bgcolor=#FFA500]
                RenderBlock {DIV} at (0,0) size 36x36 [bgcolor=#00FF00]
                  RenderText {#text} at (0,0) size 36x36
                    text run at (0,0) width 36: "A"
                RenderBlock {DIV} at (0,72) size 36x0
                RenderBlock {DIV} at (0,72) size 36x36 [bgcolor=#00FFFF]
                  RenderText {#text} at (0,0) size 36x36
                    text run at (0,0) width 36: "C"
            RenderTableCell {TD} at (310,2) size 42x114 [bgcolor=#FF0000] [border: (3px solid #000000)] [r=0 c=7 rs=1 cs=1]
              RenderBlock {DIV} at (3,3) size 36x108 [color=#FFFF00] [bgcolor=#FFA500]
                RenderBlock {DIV} at (0,0) size 36x36 [bgcolor=#00FF00]
                  RenderText {#text} at (0,0) size 36x36
                    text run at (0,0) width 36: "A"
                RenderBlock {DIV} at (0,72) size 36x0
                RenderBlock {DIV} at (0,72) size 36x36 [bgcolor=#00FFFF]
                  RenderText {#text} at (0,0) size 36x36
                    text run at (0,0) width 36: "C"
