layer at (0,0) size 800x600
  RenderView at (0,0) size 800x600
layer at (0,0) size 800x232
  RenderBlock {HTML} at (0,0) size 800x232
    RenderBody {BODY} at (8,12) size 784x208
      RenderBlock {P} at (0,0) size 784x14
        RenderText {#text} at (0,0) size 172x14
          text run at (0,0) width 172: "There should be no red on this page."
      RenderTable {TABLE} at (0,26) size 106x156 [bgcolor=#FF0000] [border: (3px solid #000000)]
        RenderTableSection {TBODY} at (3,3) size 100x150
          RenderTableRow {TR} at (0,0) size 100x150
            RenderTableCell {TD} at (0,0) size 50x150 [bgcolor=#FF0000] [r=0 c=0 rs=1 cs=1]
              RenderBlock {DIV} at (0,0) size 50x50
                RenderBlock {DIV} at (0,0) size 50x150 [bgcolor=#00FFFF]
              RenderBlock {DIV} at (0,50) size 50x50 [bgcolor=#FFFF00]
            RenderTableCell {TD} at (50,0) size 50x150 [bgcolor=#FF0000] [r=0 c=1 rs=1 cs=1]
              RenderBlock {DIV} at (0,0) size 50x50 [border: (50px solid #00FFFF) none]
              RenderBlock {DIV} at (0,50) size 50x50 [border: (50px solid #FFFF00) none]
              RenderBlock {DIV} at (0,100) size 50x50 [border: (50px solid #00FFFF) none]
      RenderBlock {P} at (0,194) size 784x14
        RenderText {#text} at (0,0) size 42x14
          text run at (0,0) width 42: "See also "
        RenderInline {A} at (0,0) size 37x14 [color=#0000EE]
          RenderText {#text} at (42,0) size 37x14
            text run at (42,0) width 37: "test 019"
        RenderText {#text} at (79,0) size 6x14
          text run at (79,0) width 6: ", "
        RenderInline {A} at (0,0) size 37x14 [color=#0000EE]
          RenderText {#text} at (85,0) size 37x14
            text run at (85,0) width 37: "test 020"
        RenderText {#text} at (122,0) size 3x14
          text run at (122,0) width 3: "."
