layer at (0,0) size 914x600
  RenderView at (0,0) size 800x600
layer at (0,0) size 800x600
  RenderBlock {HTML} at (0,0) size 800x600
    RenderBody {BODY} at (8,8) size 784x584
      RenderBlock {DIV} at (0,0) size 784x74 [border: (2px solid #0000FF)]
        RenderBlock (anonymous) at (2,2) size 780x28
          RenderText {#text} at (0,0) size 660x14
            text run at (0,0) width 438: "Resize the window. Red boxes below must not overflow the blue box (or window) from the "
            text run at (438,0) width 222: "left side, though they may overflow from right."
          RenderBR {BR} at (660,11) size 0x0
          RenderBR {BR} at (0,14) size 0x14
        RenderTable {TABLE} at (67,30) size 715x24 [border: (2px solid #FF0000)]
          RenderTableSection {TBODY} at (2,2) size 711x20
            RenderTableRow {TR} at (0,2) size 711x16
              RenderTableCell {TD} at (2,2) size 707x16 [r=0 c=0 rs=1 cs=1]
                RenderText {#text} at (1,1) size 705x14
                  text run at (1,1) width 354: "Blabla blah. Blabla blah. Blabla blah. Blabla blah. Blabla blah. Blabla blah. "
                  text run at (355,1) width 351: "Blabla blah. Blabla blah. Blabla blah. Blabla blah. Blabla blah. Blabla blah."
        RenderBlock {DIV} at (2,54) size 904x18 [border: (2px solid #FF0000)]
          RenderText {#text} at (2,2) size 351x14
            text run at (2,2) width 351: "Blabla blah. Blabla blah. Blabla blah. Blabla blah. Blabla blah. Blabla blah."
