layer at (0,0) size 980x735
  RenderView at (0,0) size 980x735
layer at (0,0) size 980x735
  RenderBlock {HTML} at (0,0) size 980x735
    RenderBody {BODY} at (8,8) size 964x719
      RenderBlock {P} at (0,0) size 964x38
        RenderText {#text} at (0,0) size 911x38
          text run at (0,0) width 516: "This page tests using attributes to set style on embed elements. "
          text run at (516,0) width 395: "Previous versions of WebKit supported valign and"
          text run at (0,19) width 115: "border, which "
          text run at (115,19) width 564: "didn't match IE and FF. The only special support should be for 'hidden.'"
      RenderBlock {HR} at (0,54) size 964x2 [border: (1px inset #000000)]
      RenderBlock {DIV} at (0,64) size 964x0
      RenderBlock {DIV} at (0,64) size 964x104
        RenderText {#text} at (50,85) size 157x19
          text run at (50,85) width 5: " "
          text run at (55,85) width 152: "valign top attribute"
      RenderBlock {DIV} at (0,168) size 964x104
        RenderText {#text} at (50,85) size 167x19
          text run at (50,85) width 5: " "
          text run at (55,85) width 162: "border 5px attribute"
      RenderBlock {DIV} at (0,272) size 964x106
        RenderText {#text} at (52,87) size 133x19
          text run at (52,87) width 5: " "
          text run at (57,87) width 128: "hidden attribute"
layer at (8,72) size 50x100
  RenderEmbeddedObject {EMBED} at (0,0) size 50x100
layer at (8,176) size 50x100
  RenderEmbeddedObject {EMBED} at (0,0) size 50x100
layer at (8,280) size 52x102
  RenderEmbeddedObject {EMBED} at (0,0) size 52x102 [border: (1px dashed #000000)]
