layer at (0,0) size 800x600
  RenderView at (0,0) size 800x600
layer at (0,0) size 800x600
  RenderBlock {HTML} at (0,0) size 800x600
    RenderBody {BODY} at (8,8) size 784x584
      RenderBlock (anonymous) at (0,0) size 784x123
        RenderEmbeddedObject {EMBED} at (0,0) size 100x100
        RenderBR {BR} at (100,100) size 0x0
        RenderTextControl {INPUT} at (2,102) size 207x19
        RenderText {#text} at (0,0) size 0x0
      RenderBlock {DIV} at (0,123) size 784x0
layer at (10,110) size 207x19
  RenderBlock {DIV} at (0,0) size 207x19
    RenderText {#text} at (1,0) size 38x19
      text run at (1,0) width 38: "hello"
caret: position 1 of child 1 {EMBED} of body
