layer at (0,0) size 800x600
  RenderView at (0,0) size 800x600
layer at (0,0) size 800x600
  RenderBlock {HTML} at (0,0) size 800x600
    RenderBody {BODY} at (8,8) size 784x584
      RenderBlock {P} at (0,0) size 784x14
        RenderText {#text} at (0,0) size 40x14
          text run at (0,0) width 40: "Test for "
        RenderInline {I} at (0,0) size 494x14
          RenderInline {A} at (0,0) size 262x14 [color=#0000EE]
            RenderText {#text} at (40,0) size 262x14
              text run at (40,0) width 262: "http://bugzilla.opendarwin.org/show_bug.cgi?id=7761"
          RenderText {#text} at (302,0) size 232x14
            text run at (302,0) width 232: " Tabs in class attribute not treated as whitespace"
        RenderText {#text} at (534,0) size 3x14
          text run at (534,0) width 3: "."
      RenderBlock {P} at (0,26) size 784x14
        RenderText {#text} at (0,0) size 175x14
          text run at (0,0) width 175: "All of the following should be green:"
      RenderBlock {DIV} at (0,52) size 784x14 [color=#008000]
        RenderText {#text} at (0,0) size 42x14
          text run at (0,0) width 42: "Tab after"
      RenderBlock {DIV} at (0,66) size 784x14 [color=#008000]
        RenderText {#text} at (0,0) size 51x14
          text run at (0,0) width 51: "Tab before"
      RenderBlock {DIV} at (0,80) size 784x14 [color=#008000]
        RenderText {#text} at (0,0) size 64x14
          text run at (0,0) width 64: "Newline after"
      RenderBlock {DIV} at (0,94) size 784x14 [color=#008000]
        RenderText {#text} at (0,0) size 73x14
          text run at (0,0) width 73: "Newline before"
      RenderBlock {DIV} at (0,108) size 784x14 [color=#008000]
        RenderText {#text} at (0,0) size 57x14
          text run at (0,0) width 57: "Spaces after"
      RenderBlock {DIV} at (0,122) size 784x14 [color=#008000]
        RenderText {#text} at (0,0) size 66x14
          text run at (0,0) width 66: "Spaces before"
      RenderBlock {DIV} at (0,136) size 784x14 [color=#008000]
        RenderText {#text} at (0,0) size 40x14
          text run at (0,0) width 40: "CR after"
      RenderBlock {DIV} at (0,150) size 784x14 [color=#008000]
        RenderText {#text} at (0,0) size 49x14
          text run at (0,0) width 49: "CR before"
