layer at (0,0) size 980x735
  RenderView at (0,0) size 980x735
layer at (0,0) size 980x735
  RenderBlock {HTML} at (0,0) size 980x735
    RenderBody {BODY} at (8,8) size 964x719
      RenderBlock {P} at (0,0) size 964x84
        RenderRuby (inline) {RUBY} at (0,0) size 84x56
          RenderRubyRun (anonymous) at (0,28) size 84x56
            RenderRubyText {RT} at (0,-28) size 84x28
              RenderText {#text} at (0,0) size 84x28
                text run at (0,0) width 84: "\x{304D}\x{3069}\x{3046}\x{305F}\x{3044}\x{304D}"
            RenderRubyBase (anonymous) at (0,0) size 84x56
              RenderText {#text} at (13,0) size 58x56
                text run at (13,0) width 58: "\x{653B}\x{6BBB}"
        RenderText {#text} at (0,0) size 0x0
      RenderBlock {P} at (0,100) size 964x84
        RenderRuby (inline) {RUBY} at (0,0) size 112x56
          RenderRubyRun (anonymous) at (0,28) size 112x56
            RenderRubyText {RT} at (0,-28) size 112x28
              RenderText {#text} at (0,0) size 112x28
                text run at (0,0) width 112: "\x{304D}\x{3069}\x{3046}\x{305F}\x{3044}\x{304D}\x{3069}\x{3046}"
            RenderRubyBase (anonymous) at (0,0) size 112x56
              RenderText {#text} at (12,0) size 88x56
                text run at (12,0) width 88: "\x{6A5F}\x{52D5}\x{968A}"
        RenderText {#text} at (0,0) size 0x0
      RenderBlock {DIV} at (0,200) size 216x367
        RenderBlock {P} at (16,0) size 84x367
          RenderRuby (inline) {RUBY} at (0,0) size 56x84
            RenderRubyRun (anonymous) at (28,0) size 56x84
              RenderRubyText {RT} at (-28,0) size 28x84
                RenderText {#text} at (0,0) size 28x84
                  text run at (0,0) width 84: "\x{304D}\x{3069}\x{3046}\x{305F}\x{3044}\x{304D}"
              RenderRubyBase (anonymous) at (0,0) size 56x84
                RenderText {#text} at (0,13) size 56x58
                  text run at (0,13) width 58: "\x{653B}\x{6BBB}"
          RenderText {#text} at (0,0) size 0x0
        RenderBlock {P} at (116,0) size 84x367
          RenderRuby (inline) {RUBY} at (0,0) size 56x112
            RenderRubyRun (anonymous) at (28,0) size 56x112
              RenderRubyText {RT} at (-28,0) size 28x112
                RenderText {#text} at (0,0) size 28x112
                  text run at (0,0) width 112: "\x{304D}\x{3069}\x{3046}\x{305F}\x{3044}\x{304D}\x{3069}\x{3046}"
              RenderRubyBase (anonymous) at (0,0) size 56x112
                RenderText {#text} at (0,12) size 56x88
                  text run at (0,12) width 87: "\x{6A5F}\x{52D5}\x{968A}"
          RenderText {#text} at (0,0) size 0x0
