layer at (0,0) size 980x735
  RenderView at (0,0) size 980x735
layer at (0,0) size 980x735
  RenderBlock {HTML} at (0,0) size 980x735
    RenderBody {BODY} at (8,8) size 964x719
      RenderBlock {DIV} at (0,0) size 964x75
        RenderRuby (inline) {RUBY} at (0,0) size 100x50
          RenderRubyRun (anonymous) at (0,25) size 100x50
            RenderRubyText {RT} at (0,-25) size 100x25
              RenderText {#text} at (50,0) size 25x25
                text run at (50,0) width 25: "a"
              RenderBlock (floating) {DIV} at (0,0) size 50x50 [bgcolor=#ADD8E6]
            RenderRubyBase (anonymous) at (0,0) size 100x50
              RenderText {#text} at (0,0) size 100x50
                text run at (0,0) width 100: "aa"
        RenderText {#text} at (0,0) size 0x0
      RenderBlock {DIV} at (0,75) size 964x50
        RenderRuby (inline) {RUBY} at (0,0) size 100x50
          RenderRubyRun (anonymous) at (0,0) size 100x50
            RenderRubyBase (anonymous) at (0,0) size 100x50
              RenderText {#text} at (0,0) size 100x50
                text run at (0,0) width 100: "aa"
        RenderText {#text} at (0,0) size 0x0
