layer at (0,0) size 980x735
  RenderView at (0,0) size 980x735
layer at (0,0) size 980x735
  RenderBlock {HTML} at (0,0) size 980x735
    RenderBody {BODY} at (8,8) size 964x711
      RenderBlock {P} at (0,0) size 964x39
        RenderRuby (inline) {RUBY} at (0,0) size 67x19
          RenderRubyRun (anonymous) at (0,10) size 67x29
            RenderRubyText {RT} at (0,-10) size 67x10
              RenderText {#text} at (0,0) size 67x10
                text run at (0,0) width 67: "K\x{14D}kakukid\x{14D}tai"
            RenderRubyBase (anonymous) at (0,0) size 67x29
              RenderRuby (inline) {RUBY} at (0,0) size 51x19
                RenderRubyRun (anonymous) at (9,10) size 10x19
                  RenderRubyText {RT} at (0,-10) size 10x10
                    RenderText {#text} at (0,0) size 10x10
                      text run at (0,0) width 10: "\x{3053}\x{3046}"
                  RenderRubyBase (anonymous) at (0,0) size 10x19
                    RenderText {#text} at (0,0) size 10x19
                      text run at (0,0) width 10: "\x{653B}"
                RenderRubyRun (anonymous) at (19,10) size 10x19
                  RenderRubyText {RT} at (0,-10) size 10x10
                    RenderText {#text} at (0,0) size 10x10
                      text run at (0,0) width 10: "\x{304B}\x{304F}"
                  RenderRubyBase (anonymous) at (0,0) size 10x19
                    RenderText {#text} at (0,0) size 10x19
                      text run at (0,0) width 10: "\x{6BBB}"
                RenderRubyRun (anonymous) at (29,10) size 10x19
                  RenderRubyText {RT} at (0,-10) size 10x10
                    RenderText {#text} at (2,0) size 6x10
                      text run at (2,0) width 6: "\x{304D}"
                  RenderRubyBase (anonymous) at (0,0) size 10x19
                    RenderText {#text} at (0,0) size 10x19
                      text run at (0,0) width 10: "\x{6A5F}"
                RenderRubyRun (anonymous) at (39,10) size 10x19
                  RenderRubyText {RT} at (0,-10) size 10x10
                    RenderText {#text} at (0,0) size 10x10
                      text run at (0,0) width 10: "\x{3069}\x{3046}"
                  RenderRubyBase (anonymous) at (0,0) size 10x19
                    RenderText {#text} at (0,0) size 10x19
                      text run at (0,0) width 10: "\x{52D5}"
                RenderRubyRun (anonymous) at (49,10) size 10x19
                  RenderRubyText {RT} at (0,-10) size 10x10
                    RenderText {#text} at (0,0) size 10x10
                      text run at (0,0) width 10: "\x{305F}\x{3044}"
                  RenderRubyBase (anonymous) at (0,0) size 10x19
                    RenderText {#text} at (0,0) size 10x19
                      text run at (0,0) width 10: "\x{968A}"
