layer at (0,0) size 980x735
  RenderView at (0,0) size 980x735
layer at (0,0) size 980x88
  RenderBlock {HTML} at (0,0) size 980x88
    RenderBody {BODY} at (16,16) size 948x56 [color=#0000FF]
      RenderRuby (inline) {RUBY} at (0,0) size 215x38
        RenderRubyRun (anonymous) at (0,19) size 193x37
          RenderRubyText {RT} at (0,-19) size 193x19
            RenderInline (generated) at (0,0) size 64x19
              RenderText at (0,0) size 64x19
                text run at (0,0) width 64: "BEFORE"
            RenderText {#text} at (64,0) size 78x19
              text run at (64,0) width 78: "CONTENT"
            RenderInline (generated) at (0,0) size 51x19
              RenderText at (142,0) size 51x19
                text run at (142,0) width 51: "AFTER"
          RenderRubyBase (anonymous) at (0,0) size 193x37
            RenderText {#text} at (85,0) size 23x38
              text run at (85,0) width 23: "A"
        RenderRubyRun (anonymous) at (193,19) size 22x37
          RenderRubyBase (anonymous) at (0,0) size 22x37
            RenderText {#text} at (0,0) size 22x38
              text run at (0,0) width 22: "B"
      RenderText {#text} at (0,0) size 0x0
      RenderText {#text} at (0,0) size 0x0
