layer at (0,0) size 980x735
  RenderView at (0,0) size 980x735
layer at (0,0) size 980x735
  RenderBlock {HTML} at (0,0) size 980x735
    RenderBody {BODY} at (8,8) size 964x719
      RenderBlock (anonymous) at (0,0) size 964x76
        RenderText {#text} at (0,0) size 949x57
          text run at (0,0) width 949: "This is a test for multiple ruby runs and line breaks. There is a div with a blue border and 10px padding. This contains a"
          text run at (0,19) width 636: "single <ruby> markup in the text contained in the block, broken across 2 lines. "
          text run at (636,19) width 312: "Part of it should be on the first line, the"
          text run at (0,38) width 178: "rest on the other line. "
        RenderBR {BR} at (178,53) size 0x0
        RenderBR {BR} at (0,57) size 0x19
      RenderBlock {DIV} at (0,76) size 284x72 [border: (2px solid #0000FF)]
        RenderText {#text} at (12,12) size 199x19
          text run at (12,12) width 199: "<ruby> is defined in the "
        RenderRuby (inline) {RUBY} at (0,0) size 244x48
          RenderRubyRun (anonymous) at (207,12) size 28x19
            RenderRubyText {RT} at (0,-10) size 28x10
              RenderText {#text} at (0,0) size 28x10
                text run at (0,0) width 28: "Hyper"
            RenderRubyBase (anonymous) at (0,0) size 28x19
              RenderText {#text} at (8,0) size 12x19
                text run at (8,0) width 12: "H"
          RenderRubyRun (anonymous) at (235,12) size 21x19
            RenderRubyText {RT} at (0,-10) size 21x10
              RenderText {#text} at (0,0) size 21x10
                text run at (0,0) width 21: "Text"
            RenderRubyBase (anonymous) at (0,0) size 21x19
              RenderText {#text} at (5,0) size 11x19
                text run at (5,0) width 11: "T"
          RenderRubyRun (anonymous) at (12,41) size 35x19
            RenderRubyText {RT} at (0,-10) size 35x10
              RenderText {#text} at (0,0) size 35x10
                text run at (0,0) width 35: "Markup"
            RenderRubyBase (anonymous) at (0,0) size 35x19
              RenderText {#text} at (10,0) size 15x19
                text run at (10,0) width 15: "M"
          RenderRubyRun (anonymous) at (47,41) size 47x19
            RenderRubyText {RT} at (0,-10) size 47x10
              RenderText {#text} at (0,0) size 47x10
                text run at (0,0) width 47: "Language"
            RenderRubyBase (anonymous) at (0,0) size 47x19
              RenderText {#text} at (19,0) size 9x19
                text run at (19,0) width 9: "L"
          RenderRubyRun (anonymous) at (94,41) size 34x19
            RenderRubyText {RT} at (0,-10) size 34x10
              RenderText {#text} at (0,0) size 34x10
                text run at (0,0) width 34: "Level 5"
            RenderRubyBase (anonymous) at (0,0) size 34x19
              RenderText {#text} at (12,0) size 10x19
                text run at (12,0) width 10: "5"
        RenderText {#text} at (124,41) size 55x19
          text run at (124,41) width 55: " specs."
