layer at (0,0) size 980x735
  RenderView at (0,0) size 980x735
layer at (0,0) size 980x735
  RenderBlock {HTML} at (0,0) size 980x735
    RenderBody {BODY} at (8,8) size 964x719
      RenderTable {TABLE} at (0,0) size 172x163 [border: (2px outset #808080)]
        RenderTableCol {COLGROUP} at (0,0) size 0x0
          RenderTableCol {COL} at (0,0) size 0x0
          RenderTableCol {COL} at (0,0) size 0x0
        RenderTableSection {TBODY} at (2,2) size 168x159
          RenderTableRow {TR} at (0,2) size 168x42
            RenderTableCell {TH} at (2,2) size 62x42 [border: (1px inset #808080)] [r=0 c=0 rs=1 cs=1]
              RenderText {#text} at (20,2) size 48x38
                text run at (20,2) width 22: "La"
                text run at (7,21) width 48: "Mesa"
            RenderTableCell {TD} at (66,11) size 100x23 [border: (1px inset #808080)] [r=0 c=1 rs=1 cs=1]
              RenderText {#text} at (2,2) size 11x19
                text run at (2,2) width 11: "X"
          RenderTableRow {TR} at (0,46) size 168x42
            RenderTableCell {TH} at (2,46) size 62x42 [border: (1px inset #808080)] [r=1 c=0 rs=1 cs=1]
              RenderText {#text} at (23,2) size 50x38
                text run at (23,2) width 16: "El"
                text run at (6,21) width 50: "Cajon"
            RenderTableCell {TD} at (66,55) size 100x23 [border: (1px inset #808080)] [r=1 c=1 rs=1 cs=1]
              RenderText {#text} at (2,2) size 11x19
                text run at (2,2) width 11: "X"
          RenderTableRow {TR} at (0,90) size 168x42
            RenderTableCell {TH} at (2,90) size 62x42 [border: (1px inset #808080)] [r=2 c=0 rs=1 cs=1]
              RenderText {#text} at (6,2) size 50x38
                text run at (6,2) width 50: "Chula"
                text run at (8,21) width 46: "Vista"
            RenderTableCell {TD} at (66,99) size 100x23 [border: (1px inset #808080)] [r=2 c=1 rs=1 cs=1]
              RenderText {#text} at (2,2) size 11x19
                text run at (2,2) width 11: "X"
          RenderTableRow {TR} at (0,134) size 168x23
            RenderTableCell {TH} at (2,134) size 62x23 [border: (1px inset #808080)] [r=3 c=0 rs=1 cs=1]
              RenderText {#text} at (2,2) size 58x19
                text run at (2,2) width 58: "Bonita"
            RenderTableCell {TD} at (66,134) size 100x23 [border: (1px inset #808080)] [r=3 c=1 rs=1 cs=1]
              RenderText {#text} at (2,2) size 28x19
                text run at (2,2) width 28: "N/A"
