layer at (0,0) size 980x735
  RenderView at (0,0) size 980x735
layer at (0,0) size 980x735
  RenderBlock {HTML} at (0,0) size 980x735
    RenderBody {BODY} at (8,8) size 964x719
      RenderBlock (anonymous) at (0,0) size 964x19
        RenderText {#text} at (0,0) size 331x19
          text run at (0,0) width 331: "This table should have cell spacing of 2px"
      RenderTable {TABLE} at (0,19) size 97x58 [border: (1px outset #808080)]
        RenderTableSection {TBODY} at (1,1) size 95x56
          RenderTableRow {TR} at (0,2) size 95x27
            RenderTableCell {TD} at (2,2) size 41x27 [border: (3px inset #000000)] [r=0 c=0 rs=1 cs=1]
              RenderText {#text} at (4,4) size 33x19
                text run at (4,4) width 33: "AAA"
            RenderTableCell {TD} at (45,4) size 48x23 [border: (1px inset #808080)] [r=0 c=1 rs=1 cs=1]
              RenderText {#text} at (2,2) size 44x19
                text run at (2,2) width 44: "BBBB"
          RenderTableRow {TR} at (0,31) size 95x23
            RenderTableCell {TD} at (2,31) size 41x23 [border: (1px inset #808080)] [r=1 c=0 rs=1 cs=1]
              RenderText {#text} at (2,2) size 33x19
                text run at (2,2) width 33: "AAA"
            RenderTableCell {TD} at (45,31) size 48x23 [border: (1px inset #808080)] [r=1 c=1 rs=1 cs=1]
              RenderText {#text} at (2,2) size 44x19
                text run at (2,2) width 44: "BBBB"
      RenderBlock (anonymous) at (0,77) size 964x38
        RenderBR {BR} at (0,0) size 0x19
        RenderText {#text} at (0,19) size 331x19
          text run at (0,19) width 331: "This table should have cell spacing of 5px"
      RenderTable {TABLE} at (0,115) size 102x63 [border: (1px outset #808080)]
        RenderTableSection {TBODY} at (1,1) size 100x61
          RenderTableRow {TR} at (0,5) size 100x23
            RenderTableCell {TD} at (5,5) size 37x23 [border: (1px inset #808080)] [r=0 c=0 rs=1 cs=1]
              RenderText {#text} at (2,2) size 33x19
                text run at (2,2) width 33: "AAA"
            RenderTableCell {TD} at (47,5) size 48x23 [border: (1px inset #808080)] [r=0 c=1 rs=1 cs=1]
              RenderText {#text} at (2,2) size 44x19
                text run at (2,2) width 44: "BBBB"
          RenderTableRow {TR} at (0,33) size 100x23
            RenderTableCell {TD} at (5,33) size 37x23 [border: (1px inset #808080)] [r=1 c=0 rs=1 cs=1]
              RenderText {#text} at (2,2) size 33x19
                text run at (2,2) width 33: "AAA"
            RenderTableCell {TD} at (47,33) size 48x23 [border: (1px inset #808080)] [r=1 c=1 rs=1 cs=1]
              RenderText {#text} at (2,2) size 44x19
                text run at (2,2) width 44: "BBBB"
      RenderBlock (anonymous) at (0,178) size 964x38
        RenderBR {BR} at (0,0) size 0x19
        RenderText {#text} at (0,19) size 488x19
          text run at (0,19) width 488: "This table should have cell spacingX of 5px, spacingY of 10px"
      RenderTable {TABLE} at (0,216) size 102x78 [border: (1px outset #808080)]
        RenderTableSection {TBODY} at (1,1) size 100x76
          RenderTableRow {TR} at (0,10) size 100x23
            RenderTableCell {TD} at (5,10) size 37x23 [border: (1px inset #808080)] [r=0 c=0 rs=1 cs=1]
              RenderText {#text} at (2,2) size 33x19
                text run at (2,2) width 33: "AAA"
            RenderTableCell {TD} at (47,10) size 48x23 [border: (1px inset #808080)] [r=0 c=1 rs=1 cs=1]
              RenderText {#text} at (2,2) size 44x19
                text run at (2,2) width 44: "BBBB"
          RenderTableRow {TR} at (0,43) size 100x23
            RenderTableCell {TD} at (5,43) size 37x23 [border: (1px inset #808080)] [r=1 c=0 rs=1 cs=1]
              RenderText {#text} at (2,2) size 33x19
                text run at (2,2) width 33: "AAA"
            RenderTableCell {TD} at (47,43) size 48x23 [border: (1px inset #808080)] [r=1 c=1 rs=1 cs=1]
              RenderText {#text} at (2,2) size 44x19
                text run at (2,2) width 44: "BBBB"
      RenderBlock (anonymous) at (0,294) size 964x38
        RenderBR {BR} at (0,0) size 0x19
        RenderText {#text} at (0,19) size 488x19
          text run at (0,19) width 488: "This table should have cell spacingX of 5px, spacingY of 10px"
      RenderTable {TABLE} at (0,332) size 102x78 [border: (1px outset #808080)]
        RenderTableSection {TBODY} at (1,1) size 100x76
          RenderTableRow {TR} at (0,10) size 100x23
            RenderTableCell {TD} at (5,10) size 37x23 [border: (1px inset #808080)] [r=0 c=0 rs=1 cs=1]
              RenderText {#text} at (2,2) size 33x19
                text run at (2,2) width 33: "AAA"
            RenderTableCell {TD} at (47,10) size 48x23 [border: (1px inset #808080)] [r=0 c=1 rs=1 cs=1]
              RenderText {#text} at (2,2) size 44x19
                text run at (2,2) width 44: "BBBB"
          RenderTableRow {TR} at (0,43) size 100x23
            RenderTableCell {TD} at (5,43) size 37x23 [border: (1px inset #808080)] [r=1 c=0 rs=1 cs=1]
              RenderText {#text} at (2,2) size 33x19
                text run at (2,2) width 33: "AAA"
            RenderTableCell {TD} at (47,43) size 48x23 [border: (1px inset #808080)] [r=1 c=1 rs=1 cs=1]
              RenderText {#text} at (2,2) size 44x19
                text run at (2,2) width 44: "BBBB"
