layer at (0,0) size 980x735
  RenderView at (0,0) size 980x735
layer at (0,0) size 980x735
  RenderBlock {HTML} at (0,0) size 980x735
    RenderBody {BODY} at (0,0) size 980x735 [bgcolor=#FFFFFF]
      RenderBlock (anonymous) at (0,0) size 980x0
        RenderInline {SPAN} at (0,0) size 0x0
          RenderText {#text} at (0,0) size 0x0
          RenderInline {TDX} at (0,0) size 0x0
            RenderInline {IMGX} at (0,0) size 0x0
      RenderBlock (anonymous) at (0,0) size 980x80
        RenderTable {TABLE} at (0,0) size 980x80 [bgcolor=#FFFFFF]
          RenderTableSection {TBODY} at (0,0) size 980x80
            RenderTableRow {TR} at (0,0) size 980x20
              RenderTableCell {TD} at (0,0) size 406x60 [r=0 c=0 rs=2 cs=1]
                RenderInline {A} at (0,0) size 250x19 [color=#003399]
                  RenderImage {IMG} at (0,0) size 250x60
              RenderTableCell {TD} at (406,0) size 29x20 [r=0 c=1 rs=1 cs=1]
                RenderImage {IMG} at (11,0) size 18x20
              RenderTableCell {TD} at (435,4) size 545x12 [bgcolor=#000000] [r=0 c=2 rs=1 cs=2]
                RenderInline {FONT} at (0,0) size 335x11 [color=#FFFFFF]
                  RenderText {#text} at (0,0) size 0x0
                  RenderInline {B} at (0,0) size 335x11
                    RenderText {#text} at (210,0) size 6x11
                      text run at (210,0) width 6: "  "
                    RenderInline {A} at (0,0) size 67x11
                      RenderInline {FONT} at (0,0) size 67x11
                        RenderText {#text} at (216,0) size 67x11
                          text run at (216,0) width 67: "All Products"
                    RenderText {#text} at (283,0) size 6x11
                      text run at (283,0) width 6: "  "
                    RenderInline {FONT} at (0,0) size 4x11
                      RenderText {#text} at (289,0) size 4x11
                        text run at (289,0) width 4: "|"
                    RenderText {#text} at (293,0) size 9x11
                      text run at (293,0) width 3: " "
                      text run at (296,0) width 6: "  "
                    RenderInline {A} at (0,0) size 45x11
                      RenderInline {FONT} at (0,0) size 45x11
                        RenderText {#text} at (302,0) size 45x11
                          text run at (302,0) width 45: "Support"
                    RenderText {#text} at (347,0) size 6x11
                      text run at (347,0) width 6: "  "
                    RenderInline {FONT} at (0,0) size 4x11
                      RenderText {#text} at (353,0) size 4x11
                        text run at (353,0) width 4: "|"
                    RenderText {#text} at (357,0) size 9x11
                      text run at (357,0) width 3: " "
                      text run at (360,0) width 6: "  "
                    RenderInline {A} at (0,0) size 39x11
                      RenderInline {FONT} at (0,0) size 39x11
                        RenderText {#text} at (366,0) size 39x11
                          text run at (366,0) width 39: "Search"
                    RenderText {#text} at (405,0) size 6x11
                      text run at (405,0) width 6: "  "
                    RenderInline {FONT} at (0,0) size 4x11
                      RenderText {#text} at (411,0) size 4x11
                        text run at (411,0) width 4: "|"
                    RenderText {#text} at (415,0) size 9x11
                      text run at (415,0) width 3: " "
                      text run at (418,0) width 6: "  "
                    RenderInline {A} at (0,0) size 115x11
                      RenderInline {FONT} at (0,0) size 115x11
                        RenderText {#text} at (424,0) size 115x11
                          text run at (424,0) width 115: "microsoft.com Home"
                    RenderText {#text} at (539,0) size 6x11
                      text run at (539,0) width 6: "  "
                  RenderText {#text} at (0,0) size 0x0
            RenderTableRow {TR} at (0,20) size 980x40
              RenderTableCell {TD} at (406,20) size 574x40 [r=1 c=1 rs=1 cs=2]
                RenderInline {A} at (0,0) size 112x19 [color=#003399]
                  RenderImage {IMG} at (462,0) size 112x40
            RenderTableRow {TR} at (0,60) size 980x20
              RenderTableCell {TD} at (0,64) size 980x12 [bgcolor=#6699CC] [r=2 c=0 rs=1 cs=4]
                RenderInline {FONT} at (0,0) size 571x11 [color=#FFFFFF]
                  RenderInline {B} at (0,0) size 571x11
                    RenderText {#text} at (0,0) size 6x11
                      text run at (0,0) width 6: "  "
                    RenderInline {A} at (0,0) size 32x11
                      RenderInline {FONT} at (0,0) size 32x11
                        RenderText {#text} at (6,0) size 32x11
                          text run at (6,0) width 32: "Home"
                    RenderText {#text} at (38,0) size 6x11
                      text run at (38,0) width 6: "  "
                    RenderInline {FONT} at (0,0) size 4x11
                      RenderText {#text} at (44,0) size 4x11
                        text run at (44,0) width 4: "|"
                    RenderText {#text} at (48,0) size 9x11
                      text run at (48,0) width 3: " "
                      text run at (51,0) width 6: "  "
                    RenderInline {A} at (0,0) size 39x11
                      RenderInline {FONT} at (0,0) size 39x11
                        RenderText {#text} at (57,0) size 39x11
                          text run at (57,0) width 39: "Events"
                    RenderText {#text} at (96,0) size 6x11
                      text run at (96,0) width 6: "  "
                    RenderInline {FONT} at (0,0) size 4x11
                      RenderText {#text} at (102,0) size 4x11
                        text run at (102,0) width 4: "|"
                    RenderText {#text} at (106,0) size 9x11
                      text run at (106,0) width 3: " "
                      text run at (109,0) width 6: "  "
                    RenderInline {A} at (0,0) size 46x11
                      RenderInline {FONT} at (0,0) size 46x11
                        RenderText {#text} at (115,0) size 46x11
                          text run at (115,0) width 46: "Training"
                    RenderText {#text} at (161,0) size 6x11
                      text run at (161,0) width 6: "  "
                    RenderInline {FONT} at (0,0) size 4x11
                      RenderText {#text} at (167,0) size 4x11
                        text run at (167,0) width 4: "|"
                    RenderText {#text} at (171,0) size 9x11
                      text run at (171,0) width 3: " "
                      text run at (174,0) width 6: "  "
                    RenderInline {A} at (0,0) size 61x11
                      RenderInline {FONT} at (0,0) size 61x11
                        RenderText {#text} at (180,0) size 61x11
                          text run at (180,0) width 61: "Downloads"
                    RenderText {#text} at (241,0) size 6x11
                      text run at (241,0) width 6: "  "
                    RenderInline {FONT} at (0,0) size 4x11
                      RenderText {#text} at (247,0) size 4x11
                        text run at (247,0) width 4: "|"
                    RenderText {#text} at (251,0) size 9x11
                      text run at (251,0) width 3: " "
                      text run at (254,0) width 6: "  "
                    RenderInline {A} at (0,0) size 68x11
                      RenderInline {FONT} at (0,0) size 68x11
                        RenderText {#text} at (260,0) size 68x11
                          text run at (260,0) width 68: "Newsletters"
                    RenderText {#text} at (328,0) size 6x11
                      text run at (328,0) width 6: "  "
                    RenderInline {FONT} at (0,0) size 4x11
                      RenderText {#text} at (334,0) size 4x11
                        text run at (334,0) width 4: "|"
                    RenderText {#text} at (338,0) size 9x11
                      text run at (338,0) width 3: " "
                      text run at (341,0) width 6: "  "
                    RenderInline {A} at (0,0) size 112x11
                      RenderInline {FONT} at (0,0) size 112x11
                        RenderText {#text} at (347,0) size 112x11
                          text run at (347,0) width 112: "U.S. & International"
                    RenderText {#text} at (459,0) size 6x11
                      text run at (459,0) width 6: "  "
                    RenderInline {FONT} at (0,0) size 4x11
                      RenderText {#text} at (465,0) size 4x11
                        text run at (465,0) width 4: "|"
                    RenderText {#text} at (469,0) size 9x11
                      text run at (469,0) width 3: " "
                      text run at (472,0) width 6: "  "
                    RenderInline {A} at (0,0) size 83x11
                      RenderInline {FONT} at (0,0) size 83x11
                        RenderText {#text} at (478,0) size 83x11
                          text run at (478,0) width 83: "About Our Site"
                    RenderText {#text} at (561,0) size 6x11
                      text run at (561,0) width 6: "  "
                    RenderInline {FONT} at (0,0) size 4x11
                      RenderText {#text} at (567,0) size 4x11
                        text run at (567,0) width 4: "|"
                    RenderText {#text} at (0,0) size 0x0
      RenderBlock (anonymous) at (0,80) size 980x0
        RenderInline {SPAN} at (0,0) size 0x0
