layer at (0,0) size 980x864
  RenderView at (0,0) size 980x735
layer at (0,0) size 980x864
  RenderBlock {HTML} at (0,0) size 980x864
    RenderBody {BODY} at (8,8) size 964x848
      RenderBlock (anonymous) at (0,0) size 964x19
        RenderText {#text} at (0,0) size 5x19
          text run at (0,0) width 5: " "
      RenderTable {TABLE} at (0,19) size 964x753 [bgcolor=#FFFFCC] [border: (1px outset #808080)]
        RenderTableSection {TBODY} at (1,1) size 962x751
          RenderTableRow {TR} at (0,2) size 962x23
            RenderTableCell {TD} at (2,2) size 769x23 [border: (1px inset #808080)] [r=0 c=0 rs=1 cs=1]
              RenderText {#text} at (2,2) size 64x19
                text run at (2,2) width 64: "Cell one"
            RenderTableCell {TD} at (773,2) size 92x23 [border: (1px inset #808080)] [r=0 c=1 rs=1 cs=1]
              RenderText {#text} at (2,2) size 39x19
                text run at (2,2) width 39: "Cell2"
            RenderTableCell {TD} at (867,2) size 93x23 [border: (1px inset #808080)] [r=0 c=2 rs=1 cs=1]
              RenderText {#text} at (2,2) size 44x19
                text run at (2,2) width 44: "Cell 3"
          RenderTableRow {TR} at (0,27) size 962x23
            RenderTableCell {TD} at (2,27) size 769x23 [border: (1px inset #808080)] [r=1 c=0 rs=1 cs=1]
              RenderText {#text} at (2,2) size 44x19
                text run at (2,2) width 44: "Cell 4"
            RenderTableCell {TD} at (773,27) size 92x23 [border: (1px inset #808080)] [r=1 c=1 rs=1 cs=1]
              RenderText {#text} at (2,2) size 44x19
                text run at (2,2) width 44: "Cell 5"
            RenderTableCell {TD} at (867,27) size 93x23 [border: (1px inset #808080)] [r=1 c=2 rs=1 cs=1]
              RenderText {#text} at (2,2) size 44x19
                text run at (2,2) width 44: "Cell 6"
          RenderTableRow {TR} at (0,52) size 962x697
            RenderTableCell {TD} at (2,52) size 769x697 [border: (1px inset #808080)] [r=2 c=0 rs=1 cs=1]
              RenderTable {TABLE} at (2,2) size 765x674 [bgcolor=#DDDDDD] [border: (1px outset #808080)]
                RenderTableSection {TBODY} at (1,1) size 763x672
                  RenderTableRow {TR} at (0,2) size 763x23
                    RenderTableCell {TD} at (2,2) size 27x23 [border: (1px inset #808080)] [r=0 c=0 rs=1 cs=1]
                      RenderText {#text} at (2,2) size 10x19
                        text run at (2,2) width 10: "1"
                    RenderTableCell {TD} at (31,2) size 700x23 [border: (1px inset #808080)] [r=0 c=1 rs=1 cs=1]
                      RenderText {#text} at (2,2) size 10x19
                        text run at (2,2) width 10: "2"
                    RenderTableCell {TD} at (733,2) size 28x23 [border: (1px inset #808080)] [r=0 c=2 rs=1 cs=1]
                      RenderText {#text} at (2,2) size 10x19
                        text run at (2,2) width 10: "3"
                  RenderTableRow {TR} at (0,27) size 763x618
                    RenderTableCell {TD} at (2,324) size 27x23 [border: (1px inset #808080)] [r=1 c=0 rs=1 cs=1]
                      RenderText {#text} at (2,2) size 10x19
                        text run at (2,2) width 10: "4"
                    RenderTableCell {TD} at (31,27) size 700x618 [border: (1px inset #808080)] [r=1 c=1 rs=1 cs=1]
                      RenderTable {TABLE} at (2,2) size 696x595 [bgcolor=#66FFFF] [border: (1px outset #808080)]
                        RenderTableSection {TBODY} at (1,1) size 694x593
                          RenderTableRow {TR} at (0,2) size 694x539
                            RenderTableCell {TD} at (2,260) size 27x23 [border: (1px inset #808080)] [r=0 c=0 rs=1 cs=1]
                              RenderText {#text} at (2,2) size 10x19
                                text run at (2,2) width 10: "1"
                            RenderTableCell {TD} at (31,2) size 631x539 [border: (1px inset #808080)] [r=0 c=1 rs=1 cs=1]
                              RenderTable {TABLE} at (2,2) size 627x516 [bgcolor=#FF0000] [border: (1px outset #808080)]
                                RenderTableSection {TBODY} at (1,1) size 625x514
                                  RenderTableRow {TR} at (0,2) size 625x23
                                    RenderTableCell {TD} at (2,2) size 28x23 [border: (1px inset #808080)] [r=0 c=0 rs=1 cs=1]
                                      RenderText {#text} at (2,2) size 10x19
                                        text run at (2,2) width 10: "1"
                                    RenderTableCell {TD} at (32,2) size 28x23 [border: (1px inset #808080)] [r=0 c=1 rs=1 cs=1]
                                      RenderText {#text} at (2,2) size 10x19
                                        text run at (2,2) width 10: "2"
                                    RenderTableCell {TD} at (62,2) size 499x23 [border: (1px inset #808080)] [r=0 c=2 rs=1 cs=1]
                                      RenderText {#text} at (2,2) size 10x19
                                        text run at (2,2) width 10: "3"
                                    RenderTableCell {TD} at (563,2) size 29x23 [border: (1px inset #808080)] [r=0 c=3 rs=1 cs=1]
                                      RenderText {#text} at (2,2) size 10x19
                                        text run at (2,2) width 10: "4"
                                    RenderTableCell {TD} at (594,2) size 29x23 [border: (1px inset #808080)] [r=0 c=4 rs=1 cs=1]
                                      RenderText {#text} at (2,2) size 10x19
                                        text run at (2,2) width 10: "5"
                                  RenderTableRow {TR} at (0,27) size 625x410
                                    RenderTableCell {TD} at (2,220) size 28x23 [border: (1px inset #808080)] [r=1 c=0 rs=1 cs=1]
                                      RenderText {#text} at (2,2) size 10x19
                                        text run at (2,2) width 10: "6"
                                    RenderTableCell {TD} at (32,220) size 28x23 [border: (1px inset #808080)] [r=1 c=1 rs=1 cs=1]
                                      RenderText {#text} at (2,2) size 10x19
                                        text run at (2,2) width 10: "7"
                                    RenderTableCell {TD} at (62,27) size 499x410 [border: (1px inset #808080)] [r=1 c=2 rs=1 cs=1]
                                      RenderTable {TABLE} at (2,2) size 495x387 [bgcolor=#66FF99] [border: (1px outset #808080)]
                                        RenderTableSection {TBODY} at (1,1) size 493x385
                                          RenderTableRow {TR} at (0,2) size 493x23
                                            RenderTableCell {TD} at (2,2) size 30x23 [border: (1px inset #808080)] [r=0 c=0 rs=1 cs=1]
                                              RenderText {#text} at (2,2) size 10x19
                                                text run at (2,2) width 10: "a"
                                            RenderTableCell {TD} at (34,2) size 30x23 [border: (1px inset #808080)] [r=0 c=1 rs=1 cs=1]
                                              RenderText {#text} at (2,2) size 10x19
                                                text run at (2,2) width 10: "b"
                                            RenderTableCell {TD} at (66,2) size 360x23 [border: (1px inset #808080)] [r=0 c=2 rs=1 cs=1]
                                              RenderText {#text} at (2,2) size 9x19
                                                text run at (2,2) width 9: "c"
                                            RenderTableCell {TD} at (428,2) size 30x23 [border: (1px inset #808080)] [r=0 c=3 rs=1 cs=1]
                                              RenderText {#text} at (2,2) size 10x19
                                                text run at (2,2) width 10: "d"
                                            RenderTableCell {TD} at (460,2) size 31x23 [border: (1px inset #808080)] [r=0 c=4 rs=1 cs=1]
                                              RenderText {#text} at (2,2) size 10x19
                                                text run at (2,2) width 10: "e"
                                          RenderTableRow {TR} at (0,27) size 493x23
                                            RenderTableCell {TD} at (2,27) size 30x23 [border: (1px inset #808080)] [r=1 c=0 rs=1 cs=1]
                                              RenderText {#text} at (2,2) size 6x19
                                                text run at (2,2) width 6: "f"
                                            RenderTableCell {TD} at (34,27) size 30x23 [border: (1px inset #808080)] [r=1 c=1 rs=1 cs=1]
                                              RenderText {#text} at (2,2) size 10x19
                                                text run at (2,2) width 10: "g"
                                            RenderTableCell {TD} at (66,27) size 360x23 [border: (1px inset #808080)] [r=1 c=2 rs=1 cs=1]
                                              RenderText {#text} at (2,2) size 10x19
                                                text run at (2,2) width 10: "h"
                                            RenderTableCell {TD} at (428,27) size 30x23 [border: (1px inset #808080)] [r=1 c=3 rs=1 cs=1]
                                              RenderText {#text} at (2,2) size 4x19
                                                text run at (2,2) width 4: "i"
                                            RenderTableCell {TD} at (460,27) size 31x23 [border: (1px inset #808080)] [r=1 c=4 rs=1 cs=1]
                                              RenderText {#text} at (2,2) size 4x19
                                                text run at (2,2) width 4: "j"
                                          RenderTableRow {TR} at (0,52) size 493x281
                                            RenderTableCell {TD} at (2,181) size 30x23 [border: (1px inset #808080)] [r=2 c=0 rs=1 cs=1]
                                              RenderText {#text} at (2,2) size 9x19
                                                text run at (2,2) width 9: "k"
                                            RenderTableCell {TD} at (34,181) size 30x23 [border: (1px inset #808080)] [r=2 c=1 rs=1 cs=1]
                                              RenderText {#text} at (2,2) size 4x19
                                                text run at (2,2) width 4: "l"
                                            RenderTableCell {TD} at (66,52) size 360x281 [border: (1px inset #808080)] [r=2 c=2 rs=1 cs=1]
                                              RenderTable {TABLE} at (2,2) size 356x258 [bgcolor=#FF99FF] [border: (1px outset #808080)]
                                                RenderTableSection {TBODY} at (1,1) size 354x256
                                                  RenderTableRow {TR} at (0,2) size 354x23
                                                    RenderTableCell {TD} at (2,2) size 31x23 [border: (1px inset #808080)] [r=0 c=0 rs=1 cs=1]
                                                      RenderText {#text} at (2,2) size 10x19
                                                        text run at (2,2) width 10: "a"
                                                    RenderTableCell {TD} at (35,2) size 32x23 [border: (1px inset #808080)] [r=0 c=1 rs=1 cs=1]
                                                      RenderText {#text} at (2,2) size 10x19
                                                        text run at (2,2) width 10: "b"
                                                    RenderTableCell {TD} at (69,2) size 214x23 [border: (1px inset #808080)] [r=0 c=2 rs=1 cs=1]
                                                      RenderText {#text} at (2,2) size 9x19
                                                        text run at (2,2) width 9: "c"
                                                    RenderTableCell {TD} at (285,2) size 32x23 [border: (1px inset #808080)] [r=0 c=3 rs=1 cs=1]
                                                      RenderText {#text} at (2,2) size 10x19
                                                        text run at (2,2) width 10: "d"
                                                    RenderTableCell {TD} at (319,2) size 33x23 [border: (1px inset #808080)] [r=0 c=4 rs=1 cs=1]
                                                      RenderText {#text} at (2,2) size 10x19
                                                        text run at (2,2) width 10: "e"
                                                  RenderTableRow {TR} at (0,27) size 354x23
                                                    RenderTableCell {TD} at (2,27) size 31x23 [border: (1px inset #808080)] [r=1 c=0 rs=1 cs=1]
                                                      RenderText {#text} at (2,2) size 6x19
                                                        text run at (2,2) width 6: "f"
                                                    RenderTableCell {TD} at (35,27) size 32x23 [border: (1px inset #808080)] [r=1 c=1 rs=1 cs=1]
                                                      RenderText {#text} at (2,2) size 10x19
                                                        text run at (2,2) width 10: "g"
                                                    RenderTableCell {TD} at (69,27) size 214x23 [border: (1px inset #808080)] [r=1 c=2 rs=1 cs=1]
                                                      RenderText {#text} at (2,2) size 10x19
                                                        text run at (2,2) width 10: "h"
                                                    RenderTableCell {TD} at (285,27) size 32x23 [border: (1px inset #808080)] [r=1 c=3 rs=1 cs=1]
                                                      RenderText {#text} at (2,2) size 4x19
                                                        text run at (2,2) width 4: "i"
                                                    RenderTableCell {TD} at (319,27) size 33x23 [border: (1px inset #808080)] [r=1 c=4 rs=1 cs=1]
                                                      RenderText {#text} at (2,2) size 4x19
                                                        text run at (2,2) width 4: "j"
                                                  RenderTableRow {TR} at (0,52) size 354x152
                                                    RenderTableCell {TD} at (2,116) size 31x23 [border: (1px inset #808080)] [r=2 c=0 rs=1 cs=1]
                                                      RenderText {#text} at (2,2) size 9x19
                                                        text run at (2,2) width 9: "k"
                                                    RenderTableCell {TD} at (35,116) size 32x23 [border: (1px inset #808080)] [r=2 c=1 rs=1 cs=1]
                                                      RenderText {#text} at (2,2) size 4x19
                                                        text run at (2,2) width 4: "l"
                                                    RenderTableCell {TD} at (69,52) size 214x152 [border: (1px inset #808080)] [r=2 c=2 rs=1 cs=1]
                                                      RenderTable {TABLE} at (2,2) size 210x129 [bgcolor=#FF9900] [border: (1px outset #808080)]
                                                        RenderTableSection {TBODY} at (1,1) size 208x127
                                                          RenderTableRow {TR} at (0,2) size 208x23
                                                            RenderTableCell {TD} at (2,2) size 36x23 [border: (1px inset #808080)] [r=0 c=0 rs=1 cs=1]
                                                              RenderText {#text} at (2,2) size 10x19
                                                                text run at (2,2) width 10: "a"
                                                            RenderTableCell {TD} at (40,2) size 36x23 [border: (1px inset #808080)] [r=0 c=1 rs=1 cs=1]
                                                              RenderText {#text} at (2,2) size 10x19
                                                                text run at (2,2) width 10: "b"
                                                            RenderTableCell {TD} at (78,2) size 51x23 [border: (1px inset #808080)] [r=0 c=2 rs=1 cs=1]
                                                              RenderText {#text} at (2,2) size 9x19
                                                                text run at (2,2) width 9: "c"
                                                            RenderTableCell {TD} at (131,2) size 36x23 [border: (1px inset #808080)] [r=0 c=3 rs=1 cs=1]
                                                              RenderText {#text} at (2,2) size 10x19
                                                                text run at (2,2) width 10: "d"
                                                            RenderTableCell {TD} at (169,2) size 37x23 [border: (1px inset #808080)] [r=0 c=4 rs=1 cs=1]
                                                              RenderText {#text} at (2,2) size 10x19
                                                                text run at (2,2) width 10: "e"
                                                          RenderTableRow {TR} at (0,27) size 208x23
                                                            RenderTableCell {TD} at (2,27) size 36x23 [border: (1px inset #808080)] [r=1 c=0 rs=1 cs=1]
                                                              RenderText {#text} at (2,2) size 6x19
                                                                text run at (2,2) width 6: "f"
                                                            RenderTableCell {TD} at (40,27) size 36x23 [border: (1px inset #808080)] [r=1 c=1 rs=1 cs=1]
                                                              RenderText {#text} at (2,2) size 10x19
                                                                text run at (2,2) width 10: "g"
                                                            RenderTableCell {TD} at (78,27) size 51x23 [border: (1px inset #808080)] [r=1 c=2 rs=1 cs=1]
                                                              RenderText {#text} at (2,2) size 10x19
                                                                text run at (2,2) width 10: "h"
                                                            RenderTableCell {TD} at (131,27) size 36x23 [border: (1px inset #808080)] [r=1 c=3 rs=1 cs=1]
                                                              RenderText {#text} at (2,2) size 4x19
                                                                text run at (2,2) width 4: "i"
                                                            RenderTableCell {TD} at (169,27) size 37x23 [border: (1px inset #808080)] [r=1 c=4 rs=1 cs=1]
                                                              RenderText {#text} at (2,2) size 4x19
                                                                text run at (2,2) width 4: "j"
                                                          RenderTableRow {TR} at (0,52) size 208x23
                                                            RenderTableCell {TD} at (2,52) size 36x23 [border: (1px inset #808080)] [r=2 c=0 rs=1 cs=1]
                                                              RenderText {#text} at (2,2) size 9x19
                                                                text run at (2,2) width 9: "k"
                                                            RenderTableCell {TD} at (40,52) size 36x23 [border: (1px inset #808080)] [r=2 c=1 rs=1 cs=1]
                                                              RenderText {#text} at (2,2) size 4x19
                                                                text run at (2,2) width 4: "l"
                                                            RenderTableCell {TD} at (78,52) size 51x23 [border: (1px inset #808080)] [r=2 c=2 rs=1 cs=1]
                                                              RenderText {#text} at (2,2) size 16x19
                                                                text run at (2,2) width 16: "m"
                                                            RenderTableCell {TD} at (131,52) size 36x23 [border: (1px inset #808080)] [r=2 c=3 rs=1 cs=1]
                                                              RenderText {#text} at (2,2) size 10x19
                                                                text run at (2,2) width 10: "n"
                                                            RenderTableCell {TD} at (169,52) size 37x23 [border: (1px inset #808080)] [r=2 c=4 rs=1 cs=1]
                                                              RenderText {#text} at (2,2) size 10x19
                                                                text run at (2,2) width 10: "o"
                                                          RenderTableRow {TR} at (0,77) size 208x23
                                                            RenderTableCell {TD} at (2,77) size 36x23 [border: (1px inset #808080)] [r=3 c=0 rs=1 cs=1]
                                                              RenderText {#text} at (2,2) size 10x19
                                                                text run at (2,2) width 10: "p"
                                                            RenderTableCell {TD} at (40,77) size 36x23 [border: (1px inset #808080)] [r=3 c=1 rs=1 cs=1]
                                                              RenderText {#text} at (2,2) size 10x19
                                                                text run at (2,2) width 10: "q"
                                                            RenderTableCell {TD} at (78,77) size 51x23 [border: (1px inset #808080)] [r=3 c=2 rs=1 cs=1]
                                                              RenderText {#text} at (2,2) size 7x19
                                                                text run at (2,2) width 7: "r"
                                                            RenderTableCell {TD} at (131,77) size 36x23 [border: (1px inset #808080)] [r=3 c=3 rs=1 cs=1]
                                                              RenderText {#text} at (2,2) size 8x19
                                                                text run at (2,2) width 8: "s"
                                                            RenderTableCell {TD} at (169,77) size 37x23 [border: (1px inset #808080)] [r=3 c=4 rs=1 cs=1]
                                                              RenderText {#text} at (2,2) size 6x19
                                                                text run at (2,2) width 6: "t"
                                                          RenderTableRow {TR} at (0,102) size 208x23
                                                            RenderTableCell {TD} at (2,102) size 36x23 [border: (1px inset #808080)] [r=4 c=0 rs=1 cs=1]
                                                              RenderText {#text} at (2,2) size 10x19
                                                                text run at (2,2) width 10: "u"
                                                            RenderTableCell {TD} at (40,102) size 36x23 [border: (1px inset #808080)] [r=4 c=1 rs=1 cs=1]
                                                              RenderText {#text} at (2,2) size 9x19
                                                                text run at (2,2) width 9: "v"
                                                            RenderTableCell {TD} at (78,102) size 51x23 [border: (1px inset #808080)] [r=4 c=2 rs=1 cs=1]
                                                              RenderText {#text} at (2,2) size 13x19
                                                                text run at (2,2) width 13: "w"
                                                            RenderTableCell {TD} at (131,102) size 36x23 [border: (1px inset #808080)] [r=4 c=3 rs=1 cs=1]
                                                              RenderText {#text} at (2,2) size 9x19
                                                                text run at (2,2) width 9: "x"
                                                            RenderTableCell {TD} at (169,102) size 37x23 [border: (1px inset #808080)] [r=4 c=4 rs=1 cs=1]
                                                              RenderText {#text} at (2,2) size 9x19
                                                                text run at (2,2) width 9: "y"
                                                      RenderBlock (anonymous) at (2,131) size 210x19
                                                        RenderText {#text} at (0,0) size 5x19
                                                          text run at (0,0) width 5: " "
                                                    RenderTableCell {TD} at (285,116) size 32x23 [border: (1px inset #808080)] [r=2 c=3 rs=1 cs=1]
                                                      RenderText {#text} at (2,2) size 10x19
                                                        text run at (2,2) width 10: "n"
                                                    RenderTableCell {TD} at (319,116) size 33x23 [border: (1px inset #808080)] [r=2 c=4 rs=1 cs=1]
                                                      RenderText {#text} at (2,2) size 10x19
                                                        text run at (2,2) width 10: "o"
                                                  RenderTableRow {TR} at (0,206) size 354x23
                                                    RenderTableCell {TD} at (2,206) size 31x23 [border: (1px inset #808080)] [r=3 c=0 rs=1 cs=1]
                                                      RenderText {#text} at (2,2) size 10x19
                                                        text run at (2,2) width 10: "p"
                                                    RenderTableCell {TD} at (35,206) size 32x23 [border: (1px inset #808080)] [r=3 c=1 rs=1 cs=1]
                                                      RenderText {#text} at (2,2) size 10x19
                                                        text run at (2,2) width 10: "q"
                                                    RenderTableCell {TD} at (69,206) size 214x23 [border: (1px inset #808080)] [r=3 c=2 rs=1 cs=1]
                                                      RenderText {#text} at (2,2) size 7x19
                                                        text run at (2,2) width 7: "r"
                                                    RenderTableCell {TD} at (285,206) size 32x23 [border: (1px inset #808080)] [r=3 c=3 rs=1 cs=1]
                                                      RenderText {#text} at (2,2) size 8x19
                                                        text run at (2,2) width 8: "s"
                                                    RenderTableCell {TD} at (319,206) size 33x23 [border: (1px inset #808080)] [r=3 c=4 rs=1 cs=1]
                                                      RenderText {#text} at (2,2) size 6x19
                                                        text run at (2,2) width 6: "t"
                                                  RenderTableRow {TR} at (0,231) size 354x23
                                                    RenderTableCell {TD} at (2,231) size 31x23 [border: (1px inset #808080)] [r=4 c=0 rs=1 cs=1]
                                                      RenderText {#text} at (2,2) size 10x19
                                                        text run at (2,2) width 10: "u"
                                                    RenderTableCell {TD} at (35,231) size 32x23 [border: (1px inset #808080)] [r=4 c=1 rs=1 cs=1]
                                                      RenderText {#text} at (2,2) size 9x19
                                                        text run at (2,2) width 9: "v"
                                                    RenderTableCell {TD} at (69,231) size 214x23 [border: (1px inset #808080)] [r=4 c=2 rs=1 cs=1]
                                                      RenderText {#text} at (2,2) size 13x19
                                                        text run at (2,2) width 13: "w"
                                                    RenderTableCell {TD} at (285,231) size 32x23 [border: (1px inset #808080)] [r=4 c=3 rs=1 cs=1]
                                                      RenderText {#text} at (2,2) size 9x19
                                                        text run at (2,2) width 9: "x"
                                                    RenderTableCell {TD} at (319,231) size 33x23 [border: (1px inset #808080)] [r=4 c=4 rs=1 cs=1]
                                                      RenderText {#text} at (2,2) size 9x19
                                                        text run at (2,2) width 9: "y"
                                              RenderBlock (anonymous) at (2,260) size 356x19
                                                RenderText {#text} at (0,0) size 5x19
                                                  text run at (0,0) width 5: " "
                                            RenderTableCell {TD} at (428,181) size 30x23 [border: (1px inset #808080)] [r=2 c=3 rs=1 cs=1]
                                              RenderText {#text} at (2,2) size 10x19
                                                text run at (2,2) width 10: "n"
                                            RenderTableCell {TD} at (460,181) size 31x23 [border: (1px inset #808080)] [r=2 c=4 rs=1 cs=1]
                                              RenderText {#text} at (2,2) size 10x19
                                                text run at (2,2) width 10: "o"
                                          RenderTableRow {TR} at (0,335) size 493x23
                                            RenderTableCell {TD} at (2,335) size 30x23 [border: (1px inset #808080)] [r=3 c=0 rs=1 cs=1]
                                              RenderText {#text} at (2,2) size 10x19
                                                text run at (2,2) width 10: "p"
                                            RenderTableCell {TD} at (34,335) size 30x23 [border: (1px inset #808080)] [r=3 c=1 rs=1 cs=1]
                                              RenderText {#text} at (2,2) size 10x19
                                                text run at (2,2) width 10: "q"
                                            RenderTableCell {TD} at (66,335) size 360x23 [border: (1px inset #808080)] [r=3 c=2 rs=1 cs=1]
                                              RenderText {#text} at (2,2) size 7x19
                                                text run at (2,2) width 7: "r"
                                            RenderTableCell {TD} at (428,335) size 30x23 [border: (1px inset #808080)] [r=3 c=3 rs=1 cs=1]
                                              RenderText {#text} at (2,2) size 8x19
                                                text run at (2,2) width 8: "s"
                                            RenderTableCell {TD} at (460,335) size 31x23 [border: (1px inset #808080)] [r=3 c=4 rs=1 cs=1]
                                              RenderText {#text} at (2,2) size 6x19
                                                text run at (2,2) width 6: "t"
                                          RenderTableRow {TR} at (0,360) size 493x23
                                            RenderTableCell {TD} at (2,360) size 30x23 [border: (1px inset #808080)] [r=4 c=0 rs=1 cs=1]
                                              RenderText {#text} at (2,2) size 10x19
                                                text run at (2,2) width 10: "u"
                                            RenderTableCell {TD} at (34,360) size 30x23 [border: (1px inset #808080)] [r=4 c=1 rs=1 cs=1]
                                              RenderText {#text} at (2,2) size 9x19
                                                text run at (2,2) width 9: "v"
                                            RenderTableCell {TD} at (66,360) size 360x23 [border: (1px inset #808080)] [r=4 c=2 rs=1 cs=1]
                                              RenderText {#text} at (2,2) size 13x19
                                                text run at (2,2) width 13: "w"
                                            RenderTableCell {TD} at (428,360) size 30x23 [border: (1px inset #808080)] [r=4 c=3 rs=1 cs=1]
                                              RenderText {#text} at (2,2) size 9x19
                                                text run at (2,2) width 9: "x"
                                            RenderTableCell {TD} at (460,360) size 31x23 [border: (1px inset #808080)] [r=4 c=4 rs=1 cs=1]
                                              RenderText {#text} at (2,2) size 9x19
                                                text run at (2,2) width 9: "y"
                                      RenderBlock (anonymous) at (2,389) size 495x19
                                        RenderText {#text} at (0,0) size 5x19
                                          text run at (0,0) width 5: " "
                                    RenderTableCell {TD} at (563,220) size 29x23 [border: (1px inset #808080)] [r=1 c=3 rs=1 cs=1]
                                      RenderText {#text} at (2,2) size 10x19
                                        text run at (2,2) width 10: "9"
                                    RenderTableCell {TD} at (594,220) size 29x23 [border: (1px inset #808080)] [r=1 c=4 rs=1 cs=1]
                                      RenderText {#text} at (2,2) size 10x19
                                        text run at (2,2) width 10: "0"
                                  RenderTableRow {TR} at (0,439) size 625x23
                                    RenderTableCell {TD} at (2,439) size 28x23 [border: (1px inset #808080)] [r=2 c=0 rs=1 cs=1]
                                      RenderText {#text} at (2,2) size 10x19
                                        text run at (2,2) width 10: "a"
                                    RenderTableCell {TD} at (32,439) size 28x23 [border: (1px inset #808080)] [r=2 c=1 rs=1 cs=1]
                                      RenderText {#text} at (2,2) size 10x19
                                        text run at (2,2) width 10: "b"
                                    RenderTableCell {TD} at (62,439) size 499x23 [border: (1px inset #808080)] [r=2 c=2 rs=1 cs=1]
                                      RenderText {#text} at (2,2) size 9x19
                                        text run at (2,2) width 9: "c"
                                    RenderTableCell {TD} at (563,439) size 29x23 [border: (1px inset #808080)] [r=2 c=3 rs=1 cs=1]
                                      RenderText {#text} at (2,2) size 10x19
                                        text run at (2,2) width 10: "d"
                                    RenderTableCell {TD} at (594,439) size 29x23 [border: (1px inset #808080)] [r=2 c=4 rs=1 cs=1]
                                      RenderText {#text} at (2,2) size 10x19
                                        text run at (2,2) width 10: "e"
                                  RenderTableRow {TR} at (0,464) size 625x23
                                    RenderTableCell {TD} at (2,464) size 28x23 [border: (1px inset #808080)] [r=3 c=0 rs=1 cs=1]
                                      RenderText {#text} at (2,2) size 6x19
                                        text run at (2,2) width 6: "f"
                                    RenderTableCell {TD} at (32,464) size 28x23 [border: (1px inset #808080)] [r=3 c=1 rs=1 cs=1]
                                      RenderText {#text} at (2,2) size 10x19
                                        text run at (2,2) width 10: "g"
                                    RenderTableCell {TD} at (62,464) size 499x23 [border: (1px inset #808080)] [r=3 c=2 rs=1 cs=1]
                                      RenderText {#text} at (2,2) size 10x19
                                        text run at (2,2) width 10: "h"
                                    RenderTableCell {TD} at (563,464) size 29x23 [border: (1px inset #808080)] [r=3 c=3 rs=1 cs=1]
                                      RenderText {#text} at (2,2) size 4x19
                                        text run at (2,2) width 4: "i"
                                    RenderTableCell {TD} at (594,464) size 29x23 [border: (1px inset #808080)] [r=3 c=4 rs=1 cs=1]
                                      RenderText {#text} at (2,2) size 4x19
                                        text run at (2,2) width 4: "j"
                                  RenderTableRow {TR} at (0,489) size 625x23
                                    RenderTableCell {TD} at (2,489) size 28x23 [border: (1px inset #808080)] [r=4 c=0 rs=1 cs=1]
                                      RenderText {#text} at (2,2) size 9x19
                                        text run at (2,2) width 9: "k"
                                    RenderTableCell {TD} at (32,489) size 28x23 [border: (1px inset #808080)] [r=4 c=1 rs=1 cs=1]
                                      RenderText {#text} at (2,2) size 4x19
                                        text run at (2,2) width 4: "l"
                                    RenderTableCell {TD} at (62,489) size 499x23 [border: (1px inset #808080)] [r=4 c=2 rs=1 cs=1]
                                      RenderText {#text} at (2,2) size 16x19
                                        text run at (2,2) width 16: "m"
                                    RenderTableCell {TD} at (563,489) size 29x23 [border: (1px inset #808080)] [r=4 c=3 rs=1 cs=1]
                                      RenderText {#text} at (2,2) size 10x19
                                        text run at (2,2) width 10: "n"
                                    RenderTableCell {TD} at (594,489) size 29x23 [border: (1px inset #808080)] [r=4 c=4 rs=1 cs=1]
                                      RenderText {#text} at (2,2) size 10x19
                                        text run at (2,2) width 10: "o"
                              RenderBlock (anonymous) at (2,518) size 627x19
                                RenderText {#text} at (0,0) size 5x19
                                  text run at (0,0) width 5: " "
                            RenderTableCell {TD} at (664,260) size 28x23 [border: (1px inset #808080)] [r=0 c=2 rs=1 cs=1]
                              RenderText {#text} at (2,2) size 10x19
                                text run at (2,2) width 10: "3"
                          RenderTableRow {TR} at (0,543) size 694x23
                            RenderTableCell {TD} at (2,543) size 27x23 [border: (1px inset #808080)] [r=1 c=0 rs=1 cs=1]
                              RenderText {#text} at (2,2) size 10x19
                                text run at (2,2) width 10: "4"
                            RenderTableCell {TD} at (31,543) size 631x23 [border: (1px inset #808080)] [r=1 c=1 rs=1 cs=1]
                              RenderText {#text} at (2,2) size 10x19
                                text run at (2,2) width 10: "5"
                            RenderTableCell {TD} at (664,543) size 28x23 [border: (1px inset #808080)] [r=1 c=2 rs=1 cs=1]
                              RenderText {#text} at (2,2) size 10x19
                                text run at (2,2) width 10: "6"
                          RenderTableRow {TR} at (0,568) size 694x23
                            RenderTableCell {TD} at (2,568) size 27x23 [border: (1px inset #808080)] [r=2 c=0 rs=1 cs=1]
                              RenderText {#text} at (2,2) size 10x19
                                text run at (2,2) width 10: "7"
                            RenderTableCell {TD} at (31,568) size 631x23 [border: (1px inset #808080)] [r=2 c=1 rs=1 cs=1]
                              RenderText {#text} at (2,2) size 10x19
                                text run at (2,2) width 10: "8"
                            RenderTableCell {TD} at (664,568) size 28x23 [border: (1px inset #808080)] [r=2 c=2 rs=1 cs=1]
                              RenderText {#text} at (2,2) size 10x19
                                text run at (2,2) width 10: "9"
                      RenderBlock (anonymous) at (2,597) size 696x19
                        RenderText {#text} at (0,0) size 5x19
                          text run at (0,0) width 5: " "
                    RenderTableCell {TD} at (733,324) size 28x23 [border: (1px inset #808080)] [r=1 c=2 rs=1 cs=1]
                      RenderText {#text} at (2,2) size 10x19
                        text run at (2,2) width 10: "6"
                  RenderTableRow {TR} at (0,647) size 763x23
                    RenderTableCell {TD} at (2,647) size 27x23 [border: (1px inset #808080)] [r=2 c=0 rs=1 cs=1]
                      RenderText {#text} at (2,2) size 10x19
                        text run at (2,2) width 10: "7"
                    RenderTableCell {TD} at (31,647) size 700x23 [border: (1px inset #808080)] [r=2 c=1 rs=1 cs=1]
                      RenderText {#text} at (2,2) size 10x19
                        text run at (2,2) width 10: "8"
                    RenderTableCell {TD} at (733,647) size 28x23 [border: (1px inset #808080)] [r=2 c=2 rs=1 cs=1]
                      RenderText {#text} at (2,2) size 10x19
                        text run at (2,2) width 10: "9"
              RenderBlock (anonymous) at (2,676) size 765x19
                RenderText {#text} at (0,0) size 5x19
                  text run at (0,0) width 5: " "
            RenderTableCell {TD} at (773,389) size 92x23 [border: (1px inset #808080)] [r=2 c=1 rs=1 cs=1]
              RenderText {#text} at (2,2) size 10x19
                text run at (2,2) width 10: "8"
            RenderTableCell {TD} at (867,389) size 93x23 [border: (1px inset #808080)] [r=2 c=2 rs=1 cs=1]
              RenderText {#text} at (2,2) size 10x19
                text run at (2,2) width 10: "9"
      RenderBlock (anonymous) at (0,772) size 964x38
        RenderText {#text} at (0,0) size 10x19
          text run at (0,0) width 10: "  "
        RenderBR {BR} at (10,15) size 0x0
        RenderText {#text} at (0,19) size 348x19
          text run at (0,19) width 348: "the following text should display on one line"
      RenderTable {TABLE} at (0,810) size 207x38
        RenderTableSection {TBODY} at (0,0) size 207x38
          RenderTableRow {TR} at (0,0) size 207x38
            RenderTableCell {TD} at (0,0) size 207x38 [bgcolor=#B70000] [r=0 c=0 rs=1 cs=1]
              RenderTable {TABLE} at (0,0) size 207x38
                RenderTableSection {TBODY} at (0,0) size 207x38
                  RenderTableRow {TR} at (0,0) size 207x38
                    RenderTableCell {TD} at (0,0) size 13x16 [r=0 c=0 rs=1 cs=1]
                      RenderImage {IMG} at (0,0) size 13x16
                    RenderTableCell {TD} at (13,0) size 190x38 [r=0 c=1 rs=1 cs=1]
                      RenderText {#text} at (0,0) size 99x38
                        text run at (0,0) width 87: "AlphaLinux"
                        text run at (0,19) width 99: "Distributions"
                    RenderTableCell {TD} at (203,0) size 4x4 [r=0 c=2 rs=1 cs=1]
                      RenderImage {IMG} at (0,0) size 4x4
