layer at (0,0) size 980x735
  RenderView at (0,0) size 980x735
layer at (0,0) size 980x735
  RenderBlock {HTML} at (0,0) size 980x735
    RenderBody {BODY} at (8,8) size 964x719
      RenderTable {TABLE} at (0,0) size 964x408
        RenderTableSection {TBODY} at (0,0) size 964x408
          RenderTableRow {TR} at (0,0) size 964x12
            RenderTableCell {TD} at (0,0) size 9x12 [bgcolor=#FDFDFB] [r=0 c=0 rs=1 cs=1]
              RenderInline {FONT} at (0,0) size 3x11
                RenderText {#text} at (0,0) size 3x11
                  text run at (0,0) width 3: " "
            RenderTableCell {TD} at (9,0) size 9x12 [bgcolor=#FDFDFB] [r=0 c=1 rs=1 cs=1]
              RenderInline {FONT} at (0,0) size 3x11
                RenderText {#text} at (0,0) size 3x11
                  text run at (0,0) width 3: " "
            RenderTableCell {TD} at (18,0) size 9x12 [bgcolor=#FDFDFB] [r=0 c=2 rs=1 cs=1]
              RenderInline {FONT} at (0,0) size 3x11
                RenderText {#text} at (0,0) size 3x11
                  text run at (0,0) width 3: " "
            RenderTableCell {TD} at (27,0) size 9x12 [bgcolor=#FDFDFB] [r=0 c=3 rs=1 cs=1]
              RenderInline {FONT} at (0,0) size 3x11
                RenderText {#text} at (0,0) size 3x11
                  text run at (0,0) width 3: " "
            RenderTableCell {TD} at (36,0) size 9x12 [bgcolor=#FDFDFB] [r=0 c=4 rs=1 cs=1]
              RenderInline {FONT} at (0,0) size 3x11
                RenderText {#text} at (0,0) size 3x11
                  text run at (0,0) width 3: " "
            RenderTableCell {TD} at (45,0) size 9x12 [bgcolor=#FDFDFB] [r=0 c=5 rs=1 cs=1]
              RenderInline {FONT} at (0,0) size 3x11
                RenderText {#text} at (0,0) size 3x11
                  text run at (0,0) width 3: " "
            RenderTableCell {TD} at (54,0) size 9x12 [bgcolor=#FDFDFB] [r=0 c=6 rs=1 cs=1]
              RenderInline {FONT} at (0,0) size 3x11
                RenderText {#text} at (0,0) size 3x11
                  text run at (0,0) width 3: " "
            RenderTableCell {TD} at (63,0) size 9x12 [bgcolor=#FDFDFB] [r=0 c=7 rs=1 cs=1]
              RenderInline {FONT} at (0,0) size 3x11
                RenderText {#text} at (0,0) size 3x11
                  text run at (0,0) width 3: " "
            RenderTableCell {TD} at (72,0) size 9x12 [bgcolor=#FDFDFB] [r=0 c=8 rs=1 cs=1]
              RenderInline {FONT} at (0,0) size 3x11
                RenderText {#text} at (0,0) size 3x11
                  text run at (0,0) width 3: " "
            RenderTableCell {TD} at (81,0) size 9x12 [bgcolor=#FDFDFB] [r=0 c=9 rs=1 cs=1]
              RenderInline {FONT} at (0,0) size 3x11
                RenderText {#text} at (0,0) size 3x11
                  text run at (0,0) width 3: " "
            RenderTableCell {TD} at (90,0) size 9x12 [bgcolor=#CADEDD] [r=0 c=10 rs=1 cs=1]
              RenderInline {FONT} at (0,0) size 3x11
                RenderText {#text} at (0,0) size 3x11
                  text run at (0,0) width 3: " "
            RenderTableCell {TD} at (99,0) size 9x12 [bgcolor=#97C1C0] [r=0 c=11 rs=1 cs=1]
              RenderInline {FONT} at (0,0) size 3x11
                RenderText {#text} at (0,0) size 3x11
                  text run at (0,0) width 3: " "
            RenderTableCell {TD} at (108,0) size 9x12 [bgcolor=#5CADAE] [r=0 c=12 rs=1 cs=1]
              RenderInline {FONT} at (0,0) size 3x11
                RenderText {#text} at (0,0) size 3x11
                  text run at (0,0) width 3: " "
            RenderTableCell {TD} at (117,0) size 9x12 [bgcolor=#048485] [r=0 c=13 rs=1 cs=1]
              RenderInline {FONT} at (0,0) size 3x11
                RenderText {#text} at (0,0) size 3x11
                  text run at (0,0) width 3: " "
            RenderTableCell {TD} at (126,0) size 9x12 [bgcolor=#048485] [r=0 c=14 rs=1 cs=1]
              RenderInline {FONT} at (0,0) size 3x11
                RenderText {#text} at (0,0) size 3x11
                  text run at (0,0) width 3: " "
            RenderTableCell {TD} at (135,0) size 9x12 [bgcolor=#027777] [r=0 c=15 rs=1 cs=1]
              RenderInline {FONT} at (0,0) size 3x11
                RenderText {#text} at (0,0) size 3x11
                  text run at (0,0) width 3: " "
            RenderTableCell {TD} at (144,0) size 9x12 [bgcolor=#027777] [r=0 c=16 rs=1 cs=1]
              RenderInline {FONT} at (0,0) size 3x11
                RenderText {#text} at (0,0) size 3x11
                  text run at (0,0) width 3: " "
            RenderTableCell {TD} at (153,0) size 9x12 [bgcolor=#027777] [r=0 c=17 rs=1 cs=1]
              RenderInline {FONT} at (0,0) size 3x11
                RenderText {#text} at (0,0) size 3x11
                  text run at (0,0) width 3: " "
            RenderTableCell {TD} at (162,0) size 9x12 [bgcolor=#027777] [r=0 c=18 rs=1 cs=1]
              RenderInline {FONT} at (0,0) size 3x11
                RenderText {#text} at (0,0) size 3x11
                  text run at (0,0) width 3: " "
            RenderTableCell {TD} at (171,0) size 9x12 [bgcolor=#027777] [r=0 c=19 rs=1 cs=1]
              RenderInline {FONT} at (0,0) size 3x11
                RenderText {#text} at (0,0) size 3x11
                  text run at (0,0) width 3: " "
            RenderTableCell {TD} at (180,0) size 9x12 [bgcolor=#1B8685] [r=0 c=20 rs=1 cs=1]
              RenderInline {FONT} at (0,0) size 3x11
                RenderText {#text} at (0,0) size 3x11
                  text run at (0,0) width 3: " "
            RenderTableCell {TD} at (189,0) size 9x12 [bgcolor=#60A2A3] [r=0 c=21 rs=1 cs=1]
              RenderInline {FONT} at (0,0) size 3x11
                RenderText {#text} at (0,0) size 3x11
                  text run at (0,0) width 3: " "
            RenderTableCell {TD} at (198,0) size 9x12 [bgcolor=#8DB7B6] [r=0 c=22 rs=1 cs=1]
              RenderInline {FONT} at (0,0) size 3x11
                RenderText {#text} at (0,0) size 3x11
                  text run at (0,0) width 3: " "
            RenderTableCell {TD} at (207,0) size 9x12 [bgcolor=#CADEDD] [r=0 c=23 rs=1 cs=1]
              RenderInline {FONT} at (0,0) size 3x11
                RenderText {#text} at (0,0) size 3x11
                  text run at (0,0) width 3: " "
            RenderTableCell {TD} at (216,0) size 9x12 [bgcolor=#EDEEEF] [r=0 c=24 rs=1 cs=1]
              RenderInline {FONT} at (0,0) size 3x11
                RenderText {#text} at (0,0) size 3x11
                  text run at (0,0) width 3: " "
            RenderTableCell {TD} at (225,0) size 9x12 [bgcolor=#FDFDFB] [r=0 c=25 rs=1 cs=1]
              RenderInline {FONT} at (0,0) size 3x11
                RenderText {#text} at (0,0) size 3x11
                  text run at (0,0) width 3: " "
            RenderTableCell {TD} at (234,0) size 9x12 [bgcolor=#FDFDFB] [r=0 c=26 rs=1 cs=1]
              RenderInline {FONT} at (0,0) size 3x11
                RenderText {#text} at (0,0) size 3x11
                  text run at (0,0) width 3: " "
            RenderTableCell {TD} at (243,0) size 9x12 [bgcolor=#FDFDFB] [r=0 c=27 rs=1 cs=1]
              RenderInline {FONT} at (0,0) size 3x11
                RenderText {#text} at (0,0) size 3x11
                  text run at (0,0) width 3: " "
            RenderTableCell {TD} at (252,0) size 9x12 [bgcolor=#FDFDFB] [r=0 c=28 rs=1 cs=1]
              RenderInline {FONT} at (0,0) size 3x11
                RenderText {#text} at (0,0) size 3x11
                  text run at (0,0) width 3: " "
            RenderTableCell {TD} at (261,0) size 9x12 [bgcolor=#FDFDFB] [r=0 c=29 rs=1 cs=1]
              RenderInline {FONT} at (0,0) size 3x11
                RenderText {#text} at (0,0) size 3x11
                  text run at (0,0) width 3: " "
            RenderTableCell {TD} at (270,0) size 9x12 [bgcolor=#FDFDFB] [r=0 c=30 rs=1 cs=1]
              RenderInline {FONT} at (0,0) size 3x11
                RenderText {#text} at (0,0) size 3x11
                  text run at (0,0) width 3: " "
            RenderTableCell {TD} at (279,0) size 9x12 [bgcolor=#FDFDFB] [r=0 c=31 rs=1 cs=1]
              RenderInline {FONT} at (0,0) size 3x11
                RenderText {#text} at (0,0) size 3x11
                  text run at (0,0) width 3: " "
            RenderTableCell {TD} at (288,0) size 9x12 [bgcolor=#FDFDFB] [r=0 c=32 rs=1 cs=1]
              RenderInline {FONT} at (0,0) size 3x11
                RenderText {#text} at (0,0) size 3x11
                  text run at (0,0) width 3: " "
            RenderTableCell {TD} at (297,0) size 9x12 [bgcolor=#FDFDFB] [r=0 c=33 rs=1 cs=1]
              RenderInline {FONT} at (0,0) size 3x11
                RenderText {#text} at (0,0) size 3x11
                  text run at (0,0) width 3: " "
            RenderTableCell {TD} at (306,0) size 9x12 [bgcolor=#FDFDFB] [r=0 c=34 rs=1 cs=1]
              RenderInline {FONT} at (0,0) size 3x11
                RenderText {#text} at (0,0) size 3x11
                  text run at (0,0) width 3: " "
            RenderTableCell {TD} at (315,0) size 9x12 [bgcolor=#FDFDFB] [r=0 c=35 rs=1 cs=1]
              RenderInline {FONT} at (0,0) size 3x11
                RenderText {#text} at (0,0) size 3x11
                  text run at (0,0) width 3: " "
            RenderTableCell {TD} at (324,0) size 10x12 [bgcolor=#E0EAE9] [r=0 c=36 rs=1 cs=1]
              RenderInline {FONT} at (0,0) size 3x11
                RenderText {#text} at (0,0) size 3x11
                  text run at (0,0) width 3: " "
            RenderTableCell {TD} at (334,0) size 10x12 [bgcolor=#CADEDD] [r=0 c=37 rs=1 cs=1]
              RenderInline {FONT} at (0,0) size 3x11
                RenderText {#text} at (0,0) size 3x11
                  text run at (0,0) width 3: " "
            RenderTableCell {TD} at (344,0) size 10x12 [bgcolor=#CADEDD] [r=0 c=38 rs=1 cs=1]
              RenderInline {FONT} at (0,0) size 3x11
                RenderText {#text} at (0,0) size 3x11
                  text run at (0,0) width 3: " "
            RenderTableCell {TD} at (354,0) size 10x12 [bgcolor=#CADEDD] [r=0 c=39 rs=1 cs=1]
              RenderInline {FONT} at (0,0) size 3x11
                RenderText {#text} at (0,0) size 3x11
                  text run at (0,0) width 3: " "
            RenderTableCell {TD} at (364,0) size 10x12 [bgcolor=#CADEDD] [r=0 c=40 rs=1 cs=1]
              RenderInline {FONT} at (0,0) size 3x11
                RenderText {#text} at (0,0) size 3x11
                  text run at (0,0) width 3: " "
            RenderTableCell {TD} at (374,0) size 10x12 [bgcolor=#CADEDD] [r=0 c=41 rs=1 cs=1]
              RenderInline {FONT} at (0,0) size 3x11
                RenderText {#text} at (0,0) size 3x11
                  text run at (0,0) width 3: " "
            RenderTableCell {TD} at (384,0) size 10x12 [bgcolor=#CADEDD] [r=0 c=42 rs=1 cs=1]
              RenderInline {FONT} at (0,0) size 3x11
                RenderText {#text} at (0,0) size 3x11
                  text run at (0,0) width 3: " "
            RenderTableCell {TD} at (394,0) size 10x12 [bgcolor=#CADEDD] [r=0 c=43 rs=1 cs=1]
              RenderInline {FONT} at (0,0) size 3x11
                RenderText {#text} at (0,0) size 3x11
                  text run at (0,0) width 3: " "
            RenderTableCell {TD} at (404,0) size 10x12 [bgcolor=#CADEDD] [r=0 c=44 rs=1 cs=1]
              RenderInline {FONT} at (0,0) size 3x11
                RenderText {#text} at (0,0) size 3x11
                  text run at (0,0) width 3: " "
            RenderTableCell {TD} at (414,0) size 10x12 [bgcolor=#CADEDD] [r=0 c=45 rs=1 cs=1]
              RenderInline {FONT} at (0,0) size 3x11
                RenderText {#text} at (0,0) size 3x11
                  text run at (0,0) width 3: " "
            RenderTableCell {TD} at (424,0) size 10x12 [bgcolor=#CADEDD] [r=0 c=46 rs=1 cs=1]
              RenderInline {FONT} at (0,0) size 3x11
                RenderText {#text} at (0,0) size 3x11
                  text run at (0,0) width 3: " "
            RenderTableCell {TD} at (434,0) size 10x12 [bgcolor=#CADEDD] [r=0 c=47 rs=1 cs=1]
              RenderInline {FONT} at (0,0) size 3x11
                RenderText {#text} at (0,0) size 3x11
                  text run at (0,0) width 3: " "
            RenderTableCell {TD} at (444,0) size 10x12 [bgcolor=#CADEDD] [r=0 c=48 rs=1 cs=1]
              RenderInline {FONT} at (0,0) size 3x11
                RenderText {#text} at (0,0) size 3x11
                  text run at (0,0) width 3: " "
            RenderTableCell {TD} at (454,0) size 10x12 [bgcolor=#CADEDD] [r=0 c=49 rs=1 cs=1]
              RenderInline {FONT} at (0,0) size 3x11
                RenderText {#text} at (0,0) size 3x11
                  text run at (0,0) width 3: " "
            RenderTableCell {TD} at (464,0) size 10x12 [bgcolor=#CADEDD] [r=0 c=50 rs=1 cs=1]
              RenderInline {FONT} at (0,0) size 3x11
                RenderText {#text} at (0,0) size 3x11
                  text run at (0,0) width 3: " "
            RenderTableCell {TD} at (474,0) size 10x12 [bgcolor=#CADEDD] [r=0 c=51 rs=1 cs=1]
              RenderInline {FONT} at (0,0) size 3x11
                RenderText {#text} at (0,0) size 3x11
                  text run at (0,0) width 3: " "
            RenderTableCell {TD} at (484,0) size 10x12 [bgcolor=#EDEEEF] [r=0 c=52 rs=1 cs=1]
              RenderInline {FONT} at (0,0) size 3x11
                RenderText {#text} at (0,0) size 3x11
                  text run at (0,0) width 3: " "
            RenderTableCell {TD} at (494,0) size 10x12 [bgcolor=#FDFDFB] [r=0 c=53 rs=1 cs=1]
              RenderInline {FONT} at (0,0) size 3x11
                RenderText {#text} at (0,0) size 3x11
                  text run at (0,0) width 3: " "
            RenderTableCell {TD} at (504,0) size 10x12 [bgcolor=#FDFDFB] [r=0 c=54 rs=1 cs=1]
              RenderInline {FONT} at (0,0) size 3x11
                RenderText {#text} at (0,0) size 3x11
                  text run at (0,0) width 3: " "
            RenderTableCell {TD} at (514,0) size 10x12 [bgcolor=#E0EAE9] [r=0 c=55 rs=1 cs=1]
              RenderInline {FONT} at (0,0) size 3x11
                RenderText {#text} at (0,0) size 3x11
                  text run at (0,0) width 3: " "
            RenderTableCell {TD} at (524,0) size 10x12 [bgcolor=#CADEDD] [r=0 c=56 rs=1 cs=1]
              RenderInline {FONT} at (0,0) size 3x11
                RenderText {#text} at (0,0) size 3x11
                  text run at (0,0) width 3: " "
            RenderTableCell {TD} at (534,0) size 10x12 [bgcolor=#EDEEEF] [r=0 c=57 rs=1 cs=1]
              RenderInline {FONT} at (0,0) size 3x11
                RenderText {#text} at (0,0) size 3x11
                  text run at (0,0) width 3: " "
            RenderTableCell {TD} at (544,0) size 10x12 [bgcolor=#FDFDFB] [r=0 c=58 rs=1 cs=1]
              RenderInline {FONT} at (0,0) size 3x11
                RenderText {#text} at (0,0) size 3x11
                  text run at (0,0) width 3: " "
            RenderTableCell {TD} at (554,0) size 10x12 [bgcolor=#FDFDFB] [r=0 c=59 rs=1 cs=1]
              RenderInline {FONT} at (0,0) size 3x11
                RenderText {#text} at (0,0) size 3x11
                  text run at (0,0) width 3: " "
            RenderTableCell {TD} at (564,0) size 10x12 [bgcolor=#FDFDFB] [r=0 c=60 rs=1 cs=1]
              RenderInline {FONT} at (0,0) size 3x11
                RenderText {#text} at (0,0) size 3x11
                  text run at (0,0) width 3: " "
            RenderTableCell {TD} at (574,0) size 10x12 [bgcolor=#FDFDFB] [r=0 c=61 rs=1 cs=1]
              RenderInline {FONT} at (0,0) size 3x11
                RenderText {#text} at (0,0) size 3x11
                  text run at (0,0) width 3: " "
            RenderTableCell {TD} at (584,0) size 10x12 [bgcolor=#FDFDFB] [r=0 c=62 rs=1 cs=1]
              RenderInline {FONT} at (0,0) size 3x11
                RenderText {#text} at (0,0) size 3x11
                  text run at (0,0) width 3: " "
            RenderTableCell {TD} at (594,0) size 10x12 [bgcolor=#FDFDFB] [r=0 c=63 rs=1 cs=1]
              RenderInline {FONT} at (0,0) size 3x11
                RenderText {#text} at (0,0) size 3x11
                  text run at (0,0) width 3: " "
            RenderTableCell {TD} at (604,0) size 10x12 [bgcolor=#FDFDFB] [r=0 c=64 rs=1 cs=1]
              RenderInline {FONT} at (0,0) size 3x11
                RenderText {#text} at (0,0) size 3x11
                  text run at (0,0) width 3: " "
            RenderTableCell {TD} at (614,0) size 10x12 [bgcolor=#FDFDFB] [r=0 c=65 rs=1 cs=1]
              RenderInline {FONT} at (0,0) size 3x11
                RenderText {#text} at (0,0) size 3x11
                  text run at (0,0) width 3: " "
            RenderTableCell {TD} at (624,0) size 10x12 [bgcolor=#FDFDFB] [r=0 c=66 rs=1 cs=1]
              RenderInline {FONT} at (0,0) size 3x11
                RenderText {#text} at (0,0) size 3x11
                  text run at (0,0) width 3: " "
            RenderTableCell {TD} at (634,0) size 10x12 [bgcolor=#FDFDFB] [r=0 c=67 rs=1 cs=1]
              RenderInline {FONT} at (0,0) size 3x11
                RenderText {#text} at (0,0) size 3x11
                  text run at (0,0) width 3: " "
            RenderTableCell {TD} at (644,0) size 10x12 [bgcolor=#FDFDFB] [r=0 c=68 rs=1 cs=1]
              RenderInline {FONT} at (0,0) size 3x11
                RenderText {#text} at (0,0) size 3x11
                  text run at (0,0) width 3: " "
            RenderTableCell {TD} at (654,0) size 10x12 [bgcolor=#FDFDFB] [r=0 c=69 rs=1 cs=1]
              RenderInline {FONT} at (0,0) size 3x11
                RenderText {#text} at (0,0) size 3x11
                  text run at (0,0) width 3: " "
            RenderTableCell {TD} at (664,0) size 10x12 [bgcolor=#FDFDFB] [r=0 c=70 rs=1 cs=1]
              RenderInline {FONT} at (0,0) size 3x11
                RenderText {#text} at (0,0) size 3x11
                  text run at (0,0) width 3: " "
            RenderTableCell {TD} at (674,0) size 10x12 [bgcolor=#FDFDFB] [r=0 c=71 rs=1 cs=1]
              RenderInline {FONT} at (0,0) size 3x11
                RenderText {#text} at (0,0) size 3x11
                  text run at (0,0) width 3: " "
            RenderTableCell {TD} at (684,0) size 10x12 [bgcolor=#EDEEEF] [r=0 c=72 rs=1 cs=1]
              RenderInline {FONT} at (0,0) size 3x11
                RenderText {#text} at (0,0) size 3x11
                  text run at (0,0) width 3: " "
            RenderTableCell {TD} at (694,0) size 10x12 [bgcolor=#EDEEEF] [r=0 c=73 rs=1 cs=1]
              RenderInline {FONT} at (0,0) size 3x11
                RenderText {#text} at (0,0) size 3x11
                  text run at (0,0) width 3: " "
            RenderTableCell {TD} at (704,0) size 10x12 [bgcolor=#E0EAE9] [r=0 c=74 rs=1 cs=1]
              RenderInline {FONT} at (0,0) size 3x11
                RenderText {#text} at (0,0) size 3x11
                  text run at (0,0) width 3: " "
            RenderTableCell {TD} at (714,0) size 10x12 [bgcolor=#CADEDD] [r=0 c=75 rs=1 cs=1]
              RenderInline {FONT} at (0,0) size 3x11
                RenderText {#text} at (0,0) size 3x11
                  text run at (0,0) width 3: " "
            RenderTableCell {TD} at (724,0) size 10x12 [bgcolor=#CADEDD] [r=0 c=76 rs=1 cs=1]
              RenderInline {FONT} at (0,0) size 3x11
                RenderText {#text} at (0,0) size 3x11
                  text run at (0,0) width 3: " "
            RenderTableCell {TD} at (734,0) size 10x12 [bgcolor=#CADEDD] [r=0 c=77 rs=1 cs=1]
              RenderInline {FONT} at (0,0) size 3x11
                RenderText {#text} at (0,0) size 3x11
                  text run at (0,0) width 3: " "
            RenderTableCell {TD} at (744,0) size 10x12 [bgcolor=#CADEDD] [r=0 c=78 rs=1 cs=1]
              RenderInline {FONT} at (0,0) size 3x11
                RenderText {#text} at (0,0) size 3x11
                  text run at (0,0) width 3: " "
            RenderTableCell {TD} at (754,0) size 10x12 [bgcolor=#CADEDD] [r=0 c=79 rs=1 cs=1]
              RenderInline {FONT} at (0,0) size 3x11
                RenderText {#text} at (0,0) size 3x11
                  text run at (0,0) width 3: " "
            RenderTableCell {TD} at (764,0) size 10x12 [bgcolor=#CADEDD] [r=0 c=80 rs=1 cs=1]
              RenderInline {FONT} at (0,0) size 3x11
                RenderText {#text} at (0,0) size 3x11
                  text run at (0,0) width 3: " "
            RenderTableCell {TD} at (774,0) size 10x12 [bgcolor=#CADEDD] [r=0 c=81 rs=1 cs=1]
              RenderInline {FONT} at (0,0) size 3x11
                RenderText {#text} at (0,0) size 3x11
                  text run at (0,0) width 3: " "
            RenderTableCell {TD} at (784,0) size 10x12 [bgcolor=#CADEDD] [r=0 c=82 rs=1 cs=1]
              RenderInline {FONT} at (0,0) size 3x11
                RenderText {#text} at (0,0) size 3x11
                  text run at (0,0) width 3: " "
            RenderTableCell {TD} at (794,0) size 10x12 [bgcolor=#CADEDD] [r=0 c=83 rs=1 cs=1]
              RenderInline {FONT} at (0,0) size 3x11
                RenderText {#text} at (0,0) size 3x11
                  text run at (0,0) width 3: " "
            RenderTableCell {TD} at (804,0) size 10x12 [bgcolor=#CADEDD] [r=0 c=84 rs=1 cs=1]
              RenderInline {FONT} at (0,0) size 3x11
                RenderText {#text} at (0,0) size 3x11
                  text run at (0,0) width 3: " "
            RenderTableCell {TD} at (814,0) size 10x12 [bgcolor=#CADEDD] [r=0 c=85 rs=1 cs=1]
              RenderInline {FONT} at (0,0) size 3x11
                RenderText {#text} at (0,0) size 3x11
                  text run at (0,0) width 3: " "
            RenderTableCell {TD} at (824,0) size 10x12 [bgcolor=#CADEDD] [r=0 c=86 rs=1 cs=1]
              RenderInline {FONT} at (0,0) size 3x11
                RenderText {#text} at (0,0) size 3x11
                  text run at (0,0) width 3: " "
            RenderTableCell {TD} at (834,0) size 10x12 [bgcolor=#CADEDD] [r=0 c=87 rs=1 cs=1]
              RenderInline {FONT} at (0,0) size 3x11
                RenderText {#text} at (0,0) size 3x11
                  text run at (0,0) width 3: " "
            RenderTableCell {TD} at (844,0) size 10x12 [bgcolor=#CADEDD] [r=0 c=88 rs=1 cs=1]
              RenderInline {FONT} at (0,0) size 3x11
                RenderText {#text} at (0,0) size 3x11
                  text run at (0,0) width 3: " "
            RenderTableCell {TD} at (854,0) size 10x12 [bgcolor=#CADEDD] [r=0 c=89 rs=1 cs=1]
              RenderInline {FONT} at (0,0) size 3x11
                RenderText {#text} at (0,0) size 3x11
                  text run at (0,0) width 3: " "
            RenderTableCell {TD} at (864,0) size 10x12 [bgcolor=#CADEDD] [r=0 c=90 rs=1 cs=1]
              RenderInline {FONT} at (0,0) size 3x11
                RenderText {#text} at (0,0) size 3x11
                  text run at (0,0) width 3: " "
            RenderTableCell {TD} at (874,0) size 10x12 [bgcolor=#CADEDD] [r=0 c=91 rs=1 cs=1]
              RenderInline {FONT} at (0,0) size 3x11
                RenderText {#text} at (0,0) size 3x11
                  text run at (0,0) width 3: " "
            RenderTableCell {TD} at (884,0) size 10x12 [bgcolor=#CADEDD] [r=0 c=92 rs=1 cs=1]
              RenderInline {FONT} at (0,0) size 3x11
                RenderText {#text} at (0,0) size 3x11
                  text run at (0,0) width 3: " "
            RenderTableCell {TD} at (894,0) size 10x12 [bgcolor=#CADEDD] [r=0 c=93 rs=1 cs=1]
              RenderInline {FONT} at (0,0) size 3x11
                RenderText {#text} at (0,0) size 3x11
                  text run at (0,0) width 3: " "
            RenderTableCell {TD} at (904,0) size 10x12 [bgcolor=#E0EAE9] [r=0 c=94 rs=1 cs=1]
              RenderInline {FONT} at (0,0) size 3x11
                RenderText {#text} at (0,0) size 3x11
                  text run at (0,0) width 3: " "
            RenderTableCell {TD} at (914,0) size 10x12 [bgcolor=#FDFDFB] [r=0 c=95 rs=1 cs=1]
              RenderInline {FONT} at (0,0) size 3x11
                RenderText {#text} at (0,0) size 3x11
                  text run at (0,0) width 3: " "
            RenderTableCell {TD} at (924,0) size 10x12 [bgcolor=#FDFDFB] [r=0 c=96 rs=1 cs=1]
              RenderInline {FONT} at (0,0) size 3x11
                RenderText {#text} at (0,0) size 3x11
                  text run at (0,0) width 3: " "
            RenderTableCell {TD} at (934,0) size 10x12 [bgcolor=#FDFDFB] [r=0 c=97 rs=1 cs=1]
              RenderInline {FONT} at (0,0) size 3x11
                RenderText {#text} at (0,0) size 3x11
                  text run at (0,0) width 3: " "
            RenderTableCell {TD} at (944,0) size 10x12 [bgcolor=#FDFDFB] [r=0 c=98 rs=1 cs=1]
              RenderInline {FONT} at (0,0) size 3x11
                RenderText {#text} at (0,0) size 3x11
                  text run at (0,0) width 3: " "
            RenderTableCell {TD} at (954,0) size 10x12 [bgcolor=#FDFDFB] [r=0 c=99 rs=1 cs=1]
              RenderInline {FONT} at (0,0) size 3x11
                RenderText {#text} at (0,0) size 3x11
                  text run at (0,0) width 3: " "
          RenderTableRow {TR} at (0,12) size 964x12
            RenderTableCell {TD} at (0,12) size 9x12 [bgcolor=#FDFDFB] [r=1 c=0 rs=1 cs=1]
              RenderInline {FONT} at (0,0) size 3x11
                RenderText {#text} at (0,0) size 3x11
                  text run at (0,0) width 3: " "
            RenderTableCell {TD} at (9,12) size 9x12 [bgcolor=#FDFDFB] [r=1 c=1 rs=1 cs=1]
              RenderInline {FONT} at (0,0) size 3x11
                RenderText {#text} at (0,0) size 3x11
                  text run at (0,0) width 3: " "
            RenderTableCell {TD} at (18,12) size 9x12 [bgcolor=#FDFDFB] [r=1 c=2 rs=1 cs=1]
              RenderInline {FONT} at (0,0) size 3x11
                RenderText {#text} at (0,0) size 3x11
                  text run at (0,0) width 3: " "
            RenderTableCell {TD} at (27,12) size 9x12 [bgcolor=#FDFDFB] [r=1 c=3 rs=1 cs=1]
              RenderInline {FONT} at (0,0) size 3x11
                RenderText {#text} at (0,0) size 3x11
                  text run at (0,0) width 3: " "
            RenderTableCell {TD} at (36,12) size 9x12 [bgcolor=#FDFDFB] [r=1 c=4 rs=1 cs=1]
              RenderInline {FONT} at (0,0) size 3x11
                RenderText {#text} at (0,0) size 3x11
                  text run at (0,0) width 3: " "
            RenderTableCell {TD} at (45,12) size 9x12 [bgcolor=#FDFDFB] [r=1 c=5 rs=1 cs=1]
              RenderInline {FONT} at (0,0) size 3x11
                RenderText {#text} at (0,0) size 3x11
                  text run at (0,0) width 3: " "
            RenderTableCell {TD} at (54,12) size 9x12 [bgcolor=#FDFDFB] [r=1 c=6 rs=1 cs=1]
              RenderInline {FONT} at (0,0) size 3x11
                RenderText {#text} at (0,0) size 3x11
                  text run at (0,0) width 3: " "
            RenderTableCell {TD} at (63,12) size 9x12 [bgcolor=#EDEEEF] [r=1 c=7 rs=1 cs=1]
              RenderInline {FONT} at (0,0) size 3x11
                RenderText {#text} at (0,0) size 3x11
                  text run at (0,0) width 3: " "
            RenderTableCell {TD} at (72,12) size 9x12 [bgcolor=#B6D8D7] [r=1 c=8 rs=1 cs=1]
              RenderInline {FONT} at (0,0) size 3x11
                RenderText {#text} at (0,0) size 3x11
                  text run at (0,0) width 3: " "
            RenderTableCell {TD} at (81,12) size 9x12 [bgcolor=#44A3A2] [r=1 c=9 rs=1 cs=1]
              RenderInline {FONT} at (0,0) size 3x11
                RenderText {#text} at (0,0) size 3x11
                  text run at (0,0) width 3: " "
            RenderTableCell {TD} at (90,12) size 9x12 [bgcolor=#158E8C] [r=1 c=10 rs=1 cs=1]
              RenderInline {FONT} at (0,0) size 3x11
                RenderText {#text} at (0,0) size 3x11
                  text run at (0,0) width 3: " "
            RenderTableCell {TD} at (99,12) size 9x12 [bgcolor=#048485] [r=1 c=11 rs=1 cs=1]
              RenderInline {FONT} at (0,0) size 3x11
                RenderText {#text} at (0,0) size 3x11
                  text run at (0,0) width 3: " "
            RenderTableCell {TD} at (108,12) size 9x12 [bgcolor=#048485] [r=1 c=12 rs=1 cs=1]
              RenderInline {FONT} at (0,0) size 3x11
                RenderText {#text} at (0,0) size 3x11
                  text run at (0,0) width 3: " "
            RenderTableCell {TD} at (117,12) size 9x12 [bgcolor=#027777] [r=1 c=13 rs=1 cs=1]
              RenderInline {FONT} at (0,0) size 3x11
                RenderText {#text} at (0,0) size 3x11
                  text run at (0,0) width 3: " "
            RenderTableCell {TD} at (126,12) size 9x12 [bgcolor=#026766] [r=1 c=14 rs=1 cs=1]
              RenderInline {FONT} at (0,0) size 3x11
                RenderText {#text} at (0,0) size 3x11
                  text run at (0,0) width 3: " "
            RenderTableCell {TD} at (135,12) size 9x12 [bgcolor=#026766] [r=1 c=15 rs=1 cs=1]
              RenderInline {FONT} at (0,0) size 3x11
                RenderText {#text} at (0,0) size 3x11
                  text run at (0,0) width 3: " "
            RenderTableCell {TD} at (144,12) size 9x12 [bgcolor=#026766] [r=1 c=16 rs=1 cs=1]
              RenderInline {FONT} at (0,0) size 3x11
                RenderText {#text} at (0,0) size 3x11
                  text run at (0,0) width 3: " "
            RenderTableCell {TD} at (153,12) size 9x12 [bgcolor=#026766] [r=1 c=17 rs=1 cs=1]
              RenderInline {FONT} at (0,0) size 3x11
                RenderText {#text} at (0,0) size 3x11
                  text run at (0,0) width 3: " "
            RenderTableCell {TD} at (162,12) size 9x12 [bgcolor=#027777] [r=1 c=18 rs=1 cs=1]
              RenderInline {FONT} at (0,0) size 3x11
                RenderText {#text} at (0,0) size 3x11
                  text run at (0,0) width 3: " "
            RenderTableCell {TD} at (171,12) size 9x12 [bgcolor=#027777] [r=1 c=19 rs=1 cs=1]
              RenderInline {FONT} at (0,0) size 3x11
                RenderText {#text} at (0,0) size 3x11
                  text run at (0,0) width 3: " "
            RenderTableCell {TD} at (180,12) size 9x12 [bgcolor=#027777] [r=1 c=20 rs=1 cs=1]
              RenderInline {FONT} at (0,0) size 3x11
                RenderText {#text} at (0,0) size 3x11
                  text run at (0,0) width 3: " "
            RenderTableCell {TD} at (189,12) size 9x12 [bgcolor=#027777] [r=1 c=21 rs=1 cs=1]
              RenderInline {FONT} at (0,0) size 3x11
                RenderText {#text} at (0,0) size 3x11
                  text run at (0,0) width 3: " "
            RenderTableCell {TD} at (198,12) size 9x12 [bgcolor=#026766] [r=1 c=22 rs=1 cs=1]
              RenderInline {FONT} at (0,0) size 3x11
                RenderText {#text} at (0,0) size 3x11
                  text run at (0,0) width 3: " "
            RenderTableCell {TD} at (207,12) size 9x12 [bgcolor=#1E7A79] [r=1 c=23 rs=1 cs=1]
              RenderInline {FONT} at (0,0) size 3x11
                RenderText {#text} at (0,0) size 3x11
                  text run at (0,0) width 3: " "
            RenderTableCell {TD} at (216,12) size 9x12 [bgcolor=#589594] [r=1 c=24 rs=1 cs=1]
              RenderInline {FONT} at (0,0) size 3x11
                RenderText {#text} at (0,0) size 3x11
                  text run at (0,0) width 3: " "
            RenderTableCell {TD} at (225,12) size 9x12 [bgcolor=#BEC2C2] [r=1 c=25 rs=1 cs=1]
              RenderInline {FONT} at (0,0) size 3x11
                RenderText {#text} at (0,0) size 3x11
                  text run at (0,0) width 3: " "
            RenderTableCell {TD} at (234,12) size 9x12 [bgcolor=#E0EAE9] [r=1 c=26 rs=1 cs=1]
              RenderInline {FONT} at (0,0) size 3x11
                RenderText {#text} at (0,0) size 3x11
                  text run at (0,0) width 3: " "
            RenderTableCell {TD} at (243,12) size 9x12 [bgcolor=#FDFDFB] [r=1 c=27 rs=1 cs=1]
              RenderInline {FONT} at (0,0) size 3x11
                RenderText {#text} at (0,0) size 3x11
                  text run at (0,0) width 3: " "
            RenderTableCell {TD} at (252,12) size 9x12 [bgcolor=#FDFDFB] [r=1 c=28 rs=1 cs=1]
              RenderInline {FONT} at (0,0) size 3x11
                RenderText {#text} at (0,0) size 3x11
                  text run at (0,0) width 3: " "
            RenderTableCell {TD} at (261,12) size 9x12 [bgcolor=#FDFDFB] [r=1 c=29 rs=1 cs=1]
              RenderInline {FONT} at (0,0) size 3x11
                RenderText {#text} at (0,0) size 3x11
                  text run at (0,0) width 3: " "
            RenderTableCell {TD} at (270,12) size 9x12 [bgcolor=#FDFDFB] [r=1 c=30 rs=1 cs=1]
              RenderInline {FONT} at (0,0) size 3x11
                RenderText {#text} at (0,0) size 3x11
                  text run at (0,0) width 3: " "
            RenderTableCell {TD} at (279,12) size 9x12 [bgcolor=#FDFDFB] [r=1 c=31 rs=1 cs=1]
              RenderInline {FONT} at (0,0) size 3x11
                RenderText {#text} at (0,0) size 3x11
                  text run at (0,0) width 3: " "
            RenderTableCell {TD} at (288,12) size 9x12 [bgcolor=#FDFDFB] [r=1 c=32 rs=1 cs=1]
              RenderInline {FONT} at (0,0) size 3x11
                RenderText {#text} at (0,0) size 3x11
                  text run at (0,0) width 3: " "
            RenderTableCell {TD} at (297,12) size 9x12 [bgcolor=#FDFDFB] [r=1 c=33 rs=1 cs=1]
              RenderInline {FONT} at (0,0) size 3x11
                RenderText {#text} at (0,0) size 3x11
                  text run at (0,0) width 3: " "
            RenderTableCell {TD} at (306,12) size 9x12 [bgcolor=#FDFDFB] [r=1 c=34 rs=1 cs=1]
              RenderInline {FONT} at (0,0) size 3x11
                RenderText {#text} at (0,0) size 3x11
                  text run at (0,0) width 3: " "
            RenderTableCell {TD} at (315,12) size 9x12 [bgcolor=#EDEEEF] [r=1 c=35 rs=1 cs=1]
              RenderInline {FONT} at (0,0) size 3x11
                RenderText {#text} at (0,0) size 3x11
                  text run at (0,0) width 3: " "
            RenderTableCell {TD} at (324,12) size 10x12 [bgcolor=#249393] [r=1 c=36 rs=1 cs=1]
              RenderInline {FONT} at (0,0) size 3x11
                RenderText {#text} at (0,0) size 3x11
                  text run at (0,0) width 3: " "
            RenderTableCell {TD} at (334,12) size 10x12 [bgcolor=#249393] [r=1 c=37 rs=1 cs=1]
              RenderInline {FONT} at (0,0) size 3x11
                RenderText {#text} at (0,0) size 3x11
                  text run at (0,0) width 3: " "
            RenderTableCell {TD} at (344,12) size 10x12 [bgcolor=#1B8685] [r=1 c=38 rs=1 cs=1]
              RenderInline {FONT} at (0,0) size 3x11
                RenderText {#text} at (0,0) size 3x11
                  text run at (0,0) width 3: " "
            RenderTableCell {TD} at (354,12) size 10x12 [bgcolor=#1B8685] [r=1 c=39 rs=1 cs=1]
              RenderInline {FONT} at (0,0) size 3x11
                RenderText {#text} at (0,0) size 3x11
                  text run at (0,0) width 3: " "
            RenderTableCell {TD} at (364,12) size 10x12 [bgcolor=#1B8685] [r=1 c=40 rs=1 cs=1]
              RenderInline {FONT} at (0,0) size 3x11
                RenderText {#text} at (0,0) size 3x11
                  text run at (0,0) width 3: " "
            RenderTableCell {TD} at (374,12) size 10x12 [bgcolor=#1B8685] [r=1 c=41 rs=1 cs=1]
              RenderInline {FONT} at (0,0) size 3x11
                RenderText {#text} at (0,0) size 3x11
                  text run at (0,0) width 3: " "
            RenderTableCell {TD} at (384,12) size 10x12 [bgcolor=#1B8685] [r=1 c=42 rs=1 cs=1]
              RenderInline {FONT} at (0,0) size 3x11
                RenderText {#text} at (0,0) size 3x11
                  text run at (0,0) width 3: " "
            RenderTableCell {TD} at (394,12) size 10x12 [bgcolor=#1B8685] [r=1 c=43 rs=1 cs=1]
              RenderInline {FONT} at (0,0) size 3x11
                RenderText {#text} at (0,0) size 3x11
                  text run at (0,0) width 3: " "
            RenderTableCell {TD} at (404,12) size 10x12 [bgcolor=#1B8685] [r=1 c=44 rs=1 cs=1]
              RenderInline {FONT} at (0,0) size 3x11
                RenderText {#text} at (0,0) size 3x11
                  text run at (0,0) width 3: " "
            RenderTableCell {TD} at (414,12) size 10x12 [bgcolor=#1B8685] [r=1 c=45 rs=1 cs=1]
              RenderInline {FONT} at (0,0) size 3x11
                RenderText {#text} at (0,0) size 3x11
                  text run at (0,0) width 3: " "
            RenderTableCell {TD} at (424,12) size 10x12 [bgcolor=#1B8685] [r=1 c=46 rs=1 cs=1]
              RenderInline {FONT} at (0,0) size 3x11
                RenderText {#text} at (0,0) size 3x11
                  text run at (0,0) width 3: " "
            RenderTableCell {TD} at (434,12) size 10x12 [bgcolor=#1B8685] [r=1 c=47 rs=1 cs=1]
              RenderInline {FONT} at (0,0) size 3x11
                RenderText {#text} at (0,0) size 3x11
                  text run at (0,0) width 3: " "
            RenderTableCell {TD} at (444,12) size 10x12 [bgcolor=#1B8685] [r=1 c=48 rs=1 cs=1]
              RenderInline {FONT} at (0,0) size 3x11
                RenderText {#text} at (0,0) size 3x11
                  text run at (0,0) width 3: " "
            RenderTableCell {TD} at (454,12) size 10x12 [bgcolor=#1B8685] [r=1 c=49 rs=1 cs=1]
              RenderInline {FONT} at (0,0) size 3x11
                RenderText {#text} at (0,0) size 3x11
                  text run at (0,0) width 3: " "
            RenderTableCell {TD} at (464,12) size 10x12 [bgcolor=#1B8685] [r=1 c=50 rs=1 cs=1]
              RenderInline {FONT} at (0,0) size 3x11
                RenderText {#text} at (0,0) size 3x11
                  text run at (0,0) width 3: " "
            RenderTableCell {TD} at (474,12) size 10x12 [bgcolor=#1E7A79] [r=1 c=51 rs=1 cs=1]
              RenderInline {FONT} at (0,0) size 3x11
                RenderText {#text} at (0,0) size 3x11
                  text run at (0,0) width 3: " "
            RenderTableCell {TD} at (484,12) size 10x12 [bgcolor=#BEC2C2] [r=1 c=52 rs=1 cs=1]
              RenderInline {FONT} at (0,0) size 3x11
                RenderText {#text} at (0,0) size 3x11
                  text run at (0,0) width 3: " "
            RenderTableCell {TD} at (494,12) size 10x12 [bgcolor=#B6D0D1] [r=1 c=53 rs=1 cs=1]
              RenderInline {FONT} at (0,0) size 3x11
                RenderText {#text} at (0,0) size 3x11
                  text run at (0,0) width 3: " "
            RenderTableCell {TD} at (504,12) size 10x12 [bgcolor=#44A3A2] [r=1 c=54 rs=1 cs=1]
              RenderInline {FONT} at (0,0) size 3x11
                RenderText {#text} at (0,0) size 3x11
                  text run at (0,0) width 3: " "
            RenderTableCell {TD} at (514,12) size 10x12 [bgcolor=#1B8685] [r=1 c=55 rs=1 cs=1]
              RenderInline {FONT} at (0,0) size 3x11
                RenderText {#text} at (0,0) size 3x11
                  text run at (0,0) width 3: " "
            RenderTableCell {TD} at (524,12) size 10x12 [bgcolor=#1A6B6A] [r=1 c=56 rs=1 cs=1]
              RenderInline {FONT} at (0,0) size 3x11
                RenderText {#text} at (0,0) size 3x11
                  text run at (0,0) width 3: " "
            RenderTableCell {TD} at (534,12) size 10x12 [bgcolor=#BEC2C2] [r=1 c=57 rs=1 cs=1]
              RenderInline {FONT} at (0,0) size 3x11
                RenderText {#text} at (0,0) size 3x11
                  text run at (0,0) width 3: " "
            RenderTableCell {TD} at (544,12) size 10x12 [bgcolor=#EDEEEF] [r=1 c=58 rs=1 cs=1]
              RenderInline {FONT} at (0,0) size 3x11
                RenderText {#text} at (0,0) size 3x11
                  text run at (0,0) width 3: " "
            RenderTableCell {TD} at (554,12) size 10x12 [bgcolor=#FDFDFB] [r=1 c=59 rs=1 cs=1]
              RenderInline {FONT} at (0,0) size 3x11
                RenderText {#text} at (0,0) size 3x11
                  text run at (0,0) width 3: " "
            RenderTableCell {TD} at (564,12) size 10x12 [bgcolor=#FDFDFB] [r=1 c=60 rs=1 cs=1]
              RenderInline {FONT} at (0,0) size 3x11
                RenderText {#text} at (0,0) size 3x11
                  text run at (0,0) width 3: " "
            RenderTableCell {TD} at (574,12) size 10x12 [bgcolor=#FDFDFB] [r=1 c=61 rs=1 cs=1]
              RenderInline {FONT} at (0,0) size 3x11
                RenderText {#text} at (0,0) size 3x11
                  text run at (0,0) width 3: " "
            RenderTableCell {TD} at (584,12) size 10x12 [bgcolor=#FDFDFB] [r=1 c=62 rs=1 cs=1]
              RenderInline {FONT} at (0,0) size 3x11
                RenderText {#text} at (0,0) size 3x11
                  text run at (0,0) width 3: " "
            RenderTableCell {TD} at (594,12) size 10x12 [bgcolor=#FDFDFB] [r=1 c=63 rs=1 cs=1]
              RenderInline {FONT} at (0,0) size 3x11
                RenderText {#text} at (0,0) size 3x11
                  text run at (0,0) width 3: " "
            RenderTableCell {TD} at (604,12) size 10x12 [bgcolor=#FDFDFB] [r=1 c=64 rs=1 cs=1]
              RenderInline {FONT} at (0,0) size 3x11
                RenderText {#text} at (0,0) size 3x11
                  text run at (0,0) width 3: " "
            RenderTableCell {TD} at (614,12) size 10x12 [bgcolor=#FDFDFB] [r=1 c=65 rs=1 cs=1]
              RenderInline {FONT} at (0,0) size 3x11
                RenderText {#text} at (0,0) size 3x11
                  text run at (0,0) width 3: " "
            RenderTableCell {TD} at (624,12) size 10x12 [bgcolor=#FDFDFB] [r=1 c=66 rs=1 cs=1]
              RenderInline {FONT} at (0,0) size 3x11
                RenderText {#text} at (0,0) size 3x11
                  text run at (0,0) width 3: " "
            RenderTableCell {TD} at (634,12) size 10x12 [bgcolor=#EDEEEF] [r=1 c=67 rs=1 cs=1]
              RenderInline {FONT} at (0,0) size 3x11
                RenderText {#text} at (0,0) size 3x11
                  text run at (0,0) width 3: " "
            RenderTableCell {TD} at (644,12) size 10x12 [bgcolor=#E0EAE9] [r=1 c=68 rs=1 cs=1]
              RenderInline {FONT} at (0,0) size 3x11
                RenderText {#text} at (0,0) size 3x11
                  text run at (0,0) width 3: " "
            RenderTableCell {TD} at (654,12) size 10x12 [bgcolor=#B6D8D7] [r=1 c=69 rs=1 cs=1]
              RenderInline {FONT} at (0,0) size 3x11
                RenderText {#text} at (0,0) size 3x11
                  text run at (0,0) width 3: " "
            RenderTableCell {TD} at (664,12) size 10x12 [bgcolor=#7DBAB9] [r=1 c=70 rs=1 cs=1]
              RenderInline {FONT} at (0,0) size 3x11
                RenderText {#text} at (0,0) size 3x11
                  text run at (0,0) width 3: " "
            RenderTableCell {TD} at (674,12) size 10x12 [bgcolor=#349392] [r=1 c=71 rs=1 cs=1]
              RenderInline {FONT} at (0,0) size 3x11
                RenderText {#text} at (0,0) size 3x11
                  text run at (0,0) width 3: " "
            RenderTableCell {TD} at (684,12) size 10x12 [bgcolor=#349392] [r=1 c=72 rs=1 cs=1]
              RenderInline {FONT} at (0,0) size 3x11
                RenderText {#text} at (0,0) size 3x11
                  text run at (0,0) width 3: " "
            RenderTableCell {TD} at (694,12) size 10x12 [bgcolor=#349392] [r=1 c=73 rs=1 cs=1]
              RenderInline {FONT} at (0,0) size 3x11
                RenderText {#text} at (0,0) size 3x11
                  text run at (0,0) width 3: " "
            RenderTableCell {TD} at (704,12) size 10x12 [bgcolor=#249393] [r=1 c=74 rs=1 cs=1]
              RenderInline {FONT} at (0,0) size 3x11
                RenderText {#text} at (0,0) size 3x11
                  text run at (0,0) width 3: " "
            RenderTableCell {TD} at (714,12) size 10x12 [bgcolor=#1B8685] [r=1 c=75 rs=1 cs=1]
              RenderInline {FONT} at (0,0) size 3x11
                RenderText {#text} at (0,0) size 3x11
                  text run at (0,0) width 3: " "
            RenderTableCell {TD} at (724,12) size 10x12 [bgcolor=#1B8685] [r=1 c=76 rs=1 cs=1]
              RenderInline {FONT} at (0,0) size 3x11
                RenderText {#text} at (0,0) size 3x11
                  text run at (0,0) width 3: " "
            RenderTableCell {TD} at (734,12) size 10x12 [bgcolor=#1B8685] [r=1 c=77 rs=1 cs=1]
              RenderInline {FONT} at (0,0) size 3x11
                RenderText {#text} at (0,0) size 3x11
                  text run at (0,0) width 3: " "
            RenderTableCell {TD} at (744,12) size 10x12 [bgcolor=#1B8685] [r=1 c=78 rs=1 cs=1]
              RenderInline {FONT} at (0,0) size 3x11
                RenderText {#text} at (0,0) size 3x11
                  text run at (0,0) width 3: " "
            RenderTableCell {TD} at (754,12) size 10x12 [bgcolor=#1B8685] [r=1 c=79 rs=1 cs=1]
              RenderInline {FONT} at (0,0) size 3x11
                RenderText {#text} at (0,0) size 3x11
                  text run at (0,0) width 3: " "
            RenderTableCell {TD} at (764,12) size 10x12 [bgcolor=#1B8685] [r=1 c=80 rs=1 cs=1]
              RenderInline {FONT} at (0,0) size 3x11
                RenderText {#text} at (0,0) size 3x11
                  text run at (0,0) width 3: " "
            RenderTableCell {TD} at (774,12) size 10x12 [bgcolor=#1B8685] [r=1 c=81 rs=1 cs=1]
              RenderInline {FONT} at (0,0) size 3x11
                RenderText {#text} at (0,0) size 3x11
                  text run at (0,0) width 3: " "
            RenderTableCell {TD} at (784,12) size 10x12 [bgcolor=#1B8685] [r=1 c=82 rs=1 cs=1]
              RenderInline {FONT} at (0,0) size 3x11
                RenderText {#text} at (0,0) size 3x11
                  text run at (0,0) width 3: " "
            RenderTableCell {TD} at (794,12) size 10x12 [bgcolor=#1B8685] [r=1 c=83 rs=1 cs=1]
              RenderInline {FONT} at (0,0) size 3x11
                RenderText {#text} at (0,0) size 3x11
                  text run at (0,0) width 3: " "
            RenderTableCell {TD} at (804,12) size 10x12 [bgcolor=#1B8685] [r=1 c=84 rs=1 cs=1]
              RenderInline {FONT} at (0,0) size 3x11
                RenderText {#text} at (0,0) size 3x11
                  text run at (0,0) width 3: " "
            RenderTableCell {TD} at (814,12) size 10x12 [bgcolor=#1B8685] [r=1 c=85 rs=1 cs=1]
              RenderInline {FONT} at (0,0) size 3x11
                RenderText {#text} at (0,0) size 3x11
                  text run at (0,0) width 3: " "
            RenderTableCell {TD} at (824,12) size 10x12 [bgcolor=#1B8685] [r=1 c=86 rs=1 cs=1]
              RenderInline {FONT} at (0,0) size 3x11
                RenderText {#text} at (0,0) size 3x11
                  text run at (0,0) width 3: " "
            RenderTableCell {TD} at (834,12) size 10x12 [bgcolor=#1B8685] [r=1 c=87 rs=1 cs=1]
              RenderInline {FONT} at (0,0) size 3x11
                RenderText {#text} at (0,0) size 3x11
                  text run at (0,0) width 3: " "
            RenderTableCell {TD} at (844,12) size 10x12 [bgcolor=#1B8685] [r=1 c=88 rs=1 cs=1]
              RenderInline {FONT} at (0,0) size 3x11
                RenderText {#text} at (0,0) size 3x11
                  text run at (0,0) width 3: " "
            RenderTableCell {TD} at (854,12) size 10x12 [bgcolor=#1B8685] [r=1 c=89 rs=1 cs=1]
              RenderInline {FONT} at (0,0) size 3x11
                RenderText {#text} at (0,0) size 3x11
                  text run at (0,0) width 3: " "
            RenderTableCell {TD} at (864,12) size 10x12 [bgcolor=#1B8685] [r=1 c=90 rs=1 cs=1]
              RenderInline {FONT} at (0,0) size 3x11
                RenderText {#text} at (0,0) size 3x11
                  text run at (0,0) width 3: " "
            RenderTableCell {TD} at (874,12) size 10x12 [bgcolor=#1B8685] [r=1 c=91 rs=1 cs=1]
              RenderInline {FONT} at (0,0) size 3x11
                RenderText {#text} at (0,0) size 3x11
                  text run at (0,0) width 3: " "
            RenderTableCell {TD} at (884,12) size 10x12 [bgcolor=#1E7A79] [r=1 c=92 rs=1 cs=1]
              RenderInline {FONT} at (0,0) size 3x11
                RenderText {#text} at (0,0) size 3x11
                  text run at (0,0) width 3: " "
            RenderTableCell {TD} at (894,12) size 10x12 [bgcolor=#1A6B6A] [r=1 c=93 rs=1 cs=1]
              RenderInline {FONT} at (0,0) size 3x11
                RenderText {#text} at (0,0) size 3x11
                  text run at (0,0) width 3: " "
            RenderTableCell {TD} at (904,12) size 10x12 [bgcolor=#91A3A3] [r=1 c=94 rs=1 cs=1]
              RenderInline {FONT} at (0,0) size 3x11
                RenderText {#text} at (0,0) size 3x11
                  text run at (0,0) width 3: " "
            RenderTableCell {TD} at (914,12) size 10x12 [bgcolor=#E0EAE9] [r=1 c=95 rs=1 cs=1]
              RenderInline {FONT} at (0,0) size 3x11
                RenderText {#text} at (0,0) size 3x11
                  text run at (0,0) width 3: " "
            RenderTableCell {TD} at (924,12) size 10x12 [bgcolor=#EDEEEF] [r=1 c=96 rs=1 cs=1]
              RenderInline {FONT} at (0,0) size 3x11
                RenderText {#text} at (0,0) size 3x11
                  text run at (0,0) width 3: " "
            RenderTableCell {TD} at (934,12) size 10x12 [bgcolor=#FDFDFB] [r=1 c=97 rs=1 cs=1]
              RenderInline {FONT} at (0,0) size 3x11
                RenderText {#text} at (0,0) size 3x11
                  text run at (0,0) width 3: " "
            RenderTableCell {TD} at (944,12) size 10x12 [bgcolor=#FDFDFB] [r=1 c=98 rs=1 cs=1]
              RenderInline {FONT} at (0,0) size 3x11
                RenderText {#text} at (0,0) size 3x11
                  text run at (0,0) width 3: " "
            RenderTableCell {TD} at (954,12) size 10x12 [bgcolor=#FDFDFB] [r=1 c=99 rs=1 cs=1]
              RenderInline {FONT} at (0,0) size 3x11
                RenderText {#text} at (0,0) size 3x11
                  text run at (0,0) width 3: " "
          RenderTableRow {TR} at (0,24) size 964x12
            RenderTableCell {TD} at (0,24) size 9x12 [bgcolor=#FDFDFB] [r=2 c=0 rs=1 cs=1]
              RenderInline {FONT} at (0,0) size 3x11
                RenderText {#text} at (0,0) size 3x11
                  text run at (0,0) width 3: " "
            RenderTableCell {TD} at (9,24) size 9x12 [bgcolor=#FDFDFB] [r=2 c=1 rs=1 cs=1]
              RenderInline {FONT} at (0,0) size 3x11
                RenderText {#text} at (0,0) size 3x11
                  text run at (0,0) width 3: " "
            RenderTableCell {TD} at (18,24) size 9x12 [bgcolor=#FDFDFB] [r=2 c=2 rs=1 cs=1]
              RenderInline {FONT} at (0,0) size 3x11
                RenderText {#text} at (0,0) size 3x11
                  text run at (0,0) width 3: " "
            RenderTableCell {TD} at (27,24) size 9x12 [bgcolor=#FDFDFB] [r=2 c=3 rs=1 cs=1]
              RenderInline {FONT} at (0,0) size 3x11
                RenderText {#text} at (0,0) size 3x11
                  text run at (0,0) width 3: " "
            RenderTableCell {TD} at (36,24) size 9x12 [bgcolor=#FDFDFB] [r=2 c=4 rs=1 cs=1]
              RenderInline {FONT} at (0,0) size 3x11
                RenderText {#text} at (0,0) size 3x11
                  text run at (0,0) width 3: " "
            RenderTableCell {TD} at (45,24) size 9x12 [bgcolor=#FDFDFB] [r=2 c=5 rs=1 cs=1]
              RenderInline {FONT} at (0,0) size 3x11
                RenderText {#text} at (0,0) size 3x11
                  text run at (0,0) width 3: " "
            RenderTableCell {TD} at (54,24) size 9x12 [bgcolor=#CADEDD] [r=2 c=6 rs=1 cs=1]
              RenderInline {FONT} at (0,0) size 3x11
                RenderText {#text} at (0,0) size 3x11
                  text run at (0,0) width 3: " "
            RenderTableCell {TD} at (63,24) size 9x12 [bgcolor=#44A3A2] [r=2 c=7 rs=1 cs=1]
              RenderInline {FONT} at (0,0) size 3x11
                RenderText {#text} at (0,0) size 3x11
                  text run at (0,0) width 3: " "
            RenderTableCell {TD} at (72,24) size 9x12 [bgcolor=#048485] [r=2 c=8 rs=1 cs=1]
              RenderInline {FONT} at (0,0) size 3x11
                RenderText {#text} at (0,0) size 3x11
                  text run at (0,0) width 3: " "
            RenderTableCell {TD} at (81,24) size 9x12 [bgcolor=#048485] [r=2 c=9 rs=1 cs=1]
              RenderInline {FONT} at (0,0) size 3x11
                RenderText {#text} at (0,0) size 3x11
                  text run at (0,0) width 3: " "
            RenderTableCell {TD} at (90,24) size 9x12 [bgcolor=#027777] [r=2 c=10 rs=1 cs=1]
              RenderInline {FONT} at (0,0) size 3x11
                RenderText {#text} at (0,0) size 3x11
                  text run at (0,0) width 3: " "
            RenderTableCell {TD} at (99,24) size 9x12 [bgcolor=#027777] [r=2 c=11 rs=1 cs=1]
              RenderInline {FONT} at (0,0) size 3x11
                RenderText {#text} at (0,0) size 3x11
                  text run at (0,0) width 3: " "
            RenderTableCell {TD} at (108,24) size 9x12 [bgcolor=#026766] [r=2 c=12 rs=1 cs=1]
              RenderInline {FONT} at (0,0) size 3x11
                RenderText {#text} at (0,0) size 3x11
                  text run at (0,0) width 3: " "
            RenderTableCell {TD} at (117,24) size 9x12 [bgcolor=#025E5E] [r=2 c=13 rs=1 cs=1]
              RenderInline {FONT} at (0,0) size 3x11
                RenderText {#text} at (0,0) size 3x11
                  text run at (0,0) width 3: " "
            RenderTableCell {TD} at (126,24) size 9x12 [bgcolor=#044F4F] [r=2 c=14 rs=1 cs=1]
              RenderInline {FONT} at (0,0) size 3x11
                RenderText {#text} at (0,0) size 3x11
                  text run at (0,0) width 3: " "
            RenderTableCell {TD} at (135,24) size 9x12 [bgcolor=#044140] [r=2 c=15 rs=1 cs=1]
              RenderInline {FONT} at (0,0) size 3x11
                RenderText {#text} at (0,0) size 3x11
                  text run at (0,0) width 3: " "
            RenderTableCell {TD} at (144,24) size 9x12 [bgcolor=#044140] [r=2 c=16 rs=1 cs=1]
              RenderInline {FONT} at (0,0) size 3x11
                RenderText {#text} at (0,0) size 3x11
                  text run at (0,0) width 3: " "
            RenderTableCell {TD} at (153,24) size 9x12 [bgcolor=#044F4F] [r=2 c=17 rs=1 cs=1]
              RenderInline {FONT} at (0,0) size 3x11
                RenderText {#text} at (0,0) size 3x11
                  text run at (0,0) width 3: " "
            RenderTableCell {TD} at (162,24) size 9x12 [bgcolor=#025E5E] [r=2 c=18 rs=1 cs=1]
              RenderInline {FONT} at (0,0) size 3x11
                RenderText {#text} at (0,0) size 3x11
                  text run at (0,0) width 3: " "
            RenderTableCell {TD} at (171,24) size 9x12 [bgcolor=#026766] [r=2 c=19 rs=1 cs=1]
              RenderInline {FONT} at (0,0) size 3x11
                RenderText {#text} at (0,0) size 3x11
                  text run at (0,0) width 3: " "
            RenderTableCell {TD} at (180,24) size 9x12 [bgcolor=#026766] [r=2 c=20 rs=1 cs=1]
              RenderInline {FONT} at (0,0) size 3x11
                RenderText {#text} at (0,0) size 3x11
                  text run at (0,0) width 3: " "
            RenderTableCell {TD} at (189,24) size 9x12 [bgcolor=#026766] [r=2 c=21 rs=1 cs=1]
              RenderInline {FONT} at (0,0) size 3x11
                RenderText {#text} at (0,0) size 3x11
                  text run at (0,0) width 3: " "
            RenderTableCell {TD} at (198,24) size 9x12 [bgcolor=#026766] [r=2 c=22 rs=1 cs=1]
              RenderInline {FONT} at (0,0) size 3x11
                RenderText {#text} at (0,0) size 3x11
                  text run at (0,0) width 3: " "
            RenderTableCell {TD} at (207,24) size 9x12 [bgcolor=#026766] [r=2 c=23 rs=1 cs=1]
              RenderInline {FONT} at (0,0) size 3x11
                RenderText {#text} at (0,0) size 3x11
                  text run at (0,0) width 3: " "
            RenderTableCell {TD} at (216,24) size 9x12 [bgcolor=#026766] [r=2 c=24 rs=1 cs=1]
              RenderInline {FONT} at (0,0) size 3x11
                RenderText {#text} at (0,0) size 3x11
                  text run at (0,0) width 3: " "
            RenderTableCell {TD} at (225,24) size 9x12 [bgcolor=#026766] [r=2 c=25 rs=1 cs=1]
              RenderInline {FONT} at (0,0) size 3x11
                RenderText {#text} at (0,0) size 3x11
                  text run at (0,0) width 3: " "
            RenderTableCell {TD} at (234,24) size 9x12 [bgcolor=#589594] [r=2 c=26 rs=1 cs=1]
              RenderInline {FONT} at (0,0) size 3x11
                RenderText {#text} at (0,0) size 3x11
                  text run at (0,0) width 3: " "
            RenderTableCell {TD} at (243,24) size 9x12 [bgcolor=#CECFCF] [r=2 c=27 rs=1 cs=1]
              RenderInline {FONT} at (0,0) size 3x11
                RenderText {#text} at (0,0) size 3x11
                  text run at (0,0) width 3: " "
            RenderTableCell {TD} at (252,24) size 9x12 [bgcolor=#EDEEEF] [r=2 c=28 rs=1 cs=1]
              RenderInline {FONT} at (0,0) size 3x11
                RenderText {#text} at (0,0) size 3x11
                  text run at (0,0) width 3: " "
            RenderTableCell {TD} at (261,24) size 9x12 [bgcolor=#FDFDFB] [r=2 c=29 rs=1 cs=1]
              RenderInline {FONT} at (0,0) size 3x11
                RenderText {#text} at (0,0) size 3x11
                  text run at (0,0) width 3: " "
            RenderTableCell {TD} at (270,24) size 9x12 [bgcolor=#FDFDFB] [r=2 c=30 rs=1 cs=1]
              RenderInline {FONT} at (0,0) size 3x11
                RenderText {#text} at (0,0) size 3x11
                  text run at (0,0) width 3: " "
            RenderTableCell {TD} at (279,24) size 9x12 [bgcolor=#FDFDFB] [r=2 c=31 rs=1 cs=1]
              RenderInline {FONT} at (0,0) size 3x11
                RenderText {#text} at (0,0) size 3x11
                  text run at (0,0) width 3: " "
            RenderTableCell {TD} at (288,24) size 9x12 [bgcolor=#FDFDFB] [r=2 c=32 rs=1 cs=1]
              RenderInline {FONT} at (0,0) size 3x11
                RenderText {#text} at (0,0) size 3x11
                  text run at (0,0) width 3: " "
            RenderTableCell {TD} at (297,24) size 9x12 [bgcolor=#FDFDFB] [r=2 c=33 rs=1 cs=1]
              RenderInline {FONT} at (0,0) size 3x11
                RenderText {#text} at (0,0) size 3x11
                  text run at (0,0) width 3: " "
            RenderTableCell {TD} at (306,24) size 9x12 [bgcolor=#FDFDFB] [r=2 c=34 rs=1 cs=1]
              RenderInline {FONT} at (0,0) size 3x11
                RenderText {#text} at (0,0) size 3x11
                  text run at (0,0) width 3: " "
            RenderTableCell {TD} at (315,24) size 9x12 [bgcolor=#EDEEEF] [r=2 c=35 rs=1 cs=1]
              RenderInline {FONT} at (0,0) size 3x11
                RenderText {#text} at (0,0) size 3x11
                  text run at (0,0) width 3: " "
            RenderTableCell {TD} at (324,24) size 10x12 [bgcolor=#048485] [r=2 c=36 rs=1 cs=1]
              RenderInline {FONT} at (0,0) size 3x11
                RenderText {#text} at (0,0) size 3x11
                  text run at (0,0) width 3: " "
            RenderTableCell {TD} at (334,24) size 10x12 [bgcolor=#048485] [r=2 c=37 rs=1 cs=1]
              RenderInline {FONT} at (0,0) size 3x11
                RenderText {#text} at (0,0) size 3x11
                  text run at (0,0) width 3: " "
            RenderTableCell {TD} at (344,24) size 10x12 [bgcolor=#027777] [r=2 c=38 rs=1 cs=1]
              RenderInline {FONT} at (0,0) size 3x11
                RenderText {#text} at (0,0) size 3x11
                  text run at (0,0) width 3: " "
            RenderTableCell {TD} at (354,24) size 10x12 [bgcolor=#027777] [r=2 c=39 rs=1 cs=1]
              RenderInline {FONT} at (0,0) size 3x11
                RenderText {#text} at (0,0) size 3x11
                  text run at (0,0) width 3: " "
            RenderTableCell {TD} at (364,24) size 10x12 [bgcolor=#027777] [r=2 c=40 rs=1 cs=1]
              RenderInline {FONT} at (0,0) size 3x11
                RenderText {#text} at (0,0) size 3x11
                  text run at (0,0) width 3: " "
            RenderTableCell {TD} at (374,24) size 10x12 [bgcolor=#027777] [r=2 c=41 rs=1 cs=1]
              RenderInline {FONT} at (0,0) size 3x11
                RenderText {#text} at (0,0) size 3x11
                  text run at (0,0) width 3: " "
            RenderTableCell {TD} at (384,24) size 10x12 [bgcolor=#027777] [r=2 c=42 rs=1 cs=1]
              RenderInline {FONT} at (0,0) size 3x11
                RenderText {#text} at (0,0) size 3x11
                  text run at (0,0) width 3: " "
            RenderTableCell {TD} at (394,24) size 10x12 [bgcolor=#027777] [r=2 c=43 rs=1 cs=1]
              RenderInline {FONT} at (0,0) size 3x11
                RenderText {#text} at (0,0) size 3x11
                  text run at (0,0) width 3: " "
            RenderTableCell {TD} at (404,24) size 10x12 [bgcolor=#027777] [r=2 c=44 rs=1 cs=1]
              RenderInline {FONT} at (0,0) size 3x11
                RenderText {#text} at (0,0) size 3x11
                  text run at (0,0) width 3: " "
            RenderTableCell {TD} at (414,24) size 10x12 [bgcolor=#027777] [r=2 c=45 rs=1 cs=1]
              RenderInline {FONT} at (0,0) size 3x11
                RenderText {#text} at (0,0) size 3x11
                  text run at (0,0) width 3: " "
            RenderTableCell {TD} at (424,24) size 10x12 [bgcolor=#027777] [r=2 c=46 rs=1 cs=1]
              RenderInline {FONT} at (0,0) size 3x11
                RenderText {#text} at (0,0) size 3x11
                  text run at (0,0) width 3: " "
            RenderTableCell {TD} at (434,24) size 10x12 [bgcolor=#027777] [r=2 c=47 rs=1 cs=1]
              RenderInline {FONT} at (0,0) size 3x11
                RenderText {#text} at (0,0) size 3x11
                  text run at (0,0) width 3: " "
            RenderTableCell {TD} at (444,24) size 10x12 [bgcolor=#027777] [r=2 c=48 rs=1 cs=1]
              RenderInline {FONT} at (0,0) size 3x11
                RenderText {#text} at (0,0) size 3x11
                  text run at (0,0) width 3: " "
            RenderTableCell {TD} at (454,24) size 10x12 [bgcolor=#027777] [r=2 c=49 rs=1 cs=1]
              RenderInline {FONT} at (0,0) size 3x11
                RenderText {#text} at (0,0) size 3x11
                  text run at (0,0) width 3: " "
            RenderTableCell {TD} at (464,24) size 10x12 [bgcolor=#027777] [r=2 c=50 rs=1 cs=1]
              RenderInline {FONT} at (0,0) size 3x11
                RenderText {#text} at (0,0) size 3x11
                  text run at (0,0) width 3: " "
            RenderTableCell {TD} at (474,24) size 10x12 [bgcolor=#026766] [r=2 c=51 rs=1 cs=1]
              RenderInline {FONT} at (0,0) size 3x11
                RenderText {#text} at (0,0) size 3x11
                  text run at (0,0) width 3: " "
            RenderTableCell {TD} at (484,24) size 10x12 [bgcolor=#338686] [r=2 c=52 rs=1 cs=1]
              RenderInline {FONT} at (0,0) size 3x11
                RenderText {#text} at (0,0) size 3x11
                  text run at (0,0) width 3: " "
            RenderTableCell {TD} at (494,24) size 10x12 [bgcolor=#048485] [r=2 c=53 rs=1 cs=1]
              RenderInline {FONT} at (0,0) size 3x11
                RenderText {#text} at (0,0) size 3x11
                  text run at (0,0) width 3: " "
            RenderTableCell {TD} at (504,24) size 10x12 [bgcolor=#027777] [r=2 c=54 rs=1 cs=1]
              RenderInline {FONT} at (0,0) size 3x11
                RenderText {#text} at (0,0) size 3x11
                  text run at (0,0) width 3: " "
            RenderTableCell {TD} at (514,24) size 10x12 [bgcolor=#026766] [r=2 c=55 rs=1 cs=1]
              RenderInline {FONT} at (0,0) size 3x11
                RenderText {#text} at (0,0) size 3x11
                  text run at (0,0) width 3: " "
            RenderTableCell {TD} at (524,24) size 10x12 [bgcolor=#044F4F] [r=2 c=56 rs=1 cs=1]
              RenderInline {FONT} at (0,0) size 3x11
                RenderText {#text} at (0,0) size 3x11
                  text run at (0,0) width 3: " "
            RenderTableCell {TD} at (534,24) size 10x12 [bgcolor=#939494] [r=2 c=57 rs=1 cs=1]
              RenderInline {FONT} at (0,0) size 3x11
                RenderText {#text} at (0,0) size 3x11
                  text run at (0,0) width 3: " "
            RenderTableCell {TD} at (544,24) size 10x12 [bgcolor=#CECFCF] [r=2 c=58 rs=1 cs=1]
              RenderInline {FONT} at (0,0) size 3x11
                RenderText {#text} at (0,0) size 3x11
                  text run at (0,0) width 3: " "
            RenderTableCell {TD} at (554,24) size 10x12 [bgcolor=#EDEEEF] [r=2 c=59 rs=1 cs=1]
              RenderInline {FONT} at (0,0) size 3x11
                RenderText {#text} at (0,0) size 3x11
                  text run at (0,0) width 3: " "
            RenderTableCell {TD} at (564,24) size 10x12 [bgcolor=#FDFDFB] [r=2 c=60 rs=1 cs=1]
              RenderInline {FONT} at (0,0) size 3x11
                RenderText {#text} at (0,0) size 3x11
                  text run at (0,0) width 3: " "
            RenderTableCell {TD} at (574,24) size 10x12 [bgcolor=#FDFDFB] [r=2 c=61 rs=1 cs=1]
              RenderInline {FONT} at (0,0) size 3x11
                RenderText {#text} at (0,0) size 3x11
                  text run at (0,0) width 3: " "
            RenderTableCell {TD} at (584,24) size 10x12 [bgcolor=#FDFDFB] [r=2 c=62 rs=1 cs=1]
              RenderInline {FONT} at (0,0) size 3x11
                RenderText {#text} at (0,0) size 3x11
                  text run at (0,0) width 3: " "
            RenderTableCell {TD} at (594,24) size 10x12 [bgcolor=#FDFDFB] [r=2 c=63 rs=1 cs=1]
              RenderInline {FONT} at (0,0) size 3x11
                RenderText {#text} at (0,0) size 3x11
                  text run at (0,0) width 3: " "
            RenderTableCell {TD} at (604,24) size 10x12 [bgcolor=#FDFDFB] [r=2 c=64 rs=1 cs=1]
              RenderInline {FONT} at (0,0) size 3x11
                RenderText {#text} at (0,0) size 3x11
                  text run at (0,0) width 3: " "
            RenderTableCell {TD} at (614,24) size 10x12 [bgcolor=#EDEEEF] [r=2 c=65 rs=1 cs=1]
              RenderInline {FONT} at (0,0) size 3x11
                RenderText {#text} at (0,0) size 3x11
                  text run at (0,0) width 3: " "
            RenderTableCell {TD} at (624,24) size 10x12 [bgcolor=#A4CCCC] [r=2 c=66 rs=1 cs=1]
              RenderInline {FONT} at (0,0) size 3x11
                RenderText {#text} at (0,0) size 3x11
                  text run at (0,0) width 3: " "
            RenderTableCell {TD} at (634,24) size 10x12 [bgcolor=#5CADAE] [r=2 c=67 rs=1 cs=1]
              RenderInline {FONT} at (0,0) size 3x11
                RenderText {#text} at (0,0) size 3x11
                  text run at (0,0) width 3: " "
            RenderTableCell {TD} at (644,24) size 10x12 [bgcolor=#158E8C] [r=2 c=68 rs=1 cs=1]
              RenderInline {FONT} at (0,0) size 3x11
                RenderText {#text} at (0,0) size 3x11
                  text run at (0,0) width 3: " "
            RenderTableCell {TD} at (654,24) size 10x12 [bgcolor=#048485] [r=2 c=69 rs=1 cs=1]
              RenderInline {FONT} at (0,0) size 3x11
                RenderText {#text} at (0,0) size 3x11
                  text run at (0,0) width 3: " "
            RenderTableCell {TD} at (664,24) size 10x12 [bgcolor=#048485] [r=2 c=70 rs=1 cs=1]
              RenderInline {FONT} at (0,0) size 3x11
                RenderText {#text} at (0,0) size 3x11
                  text run at (0,0) width 3: " "
            RenderTableCell {TD} at (674,24) size 10x12 [bgcolor=#027777] [r=2 c=71 rs=1 cs=1]
              RenderInline {FONT} at (0,0) size 3x11
                RenderText {#text} at (0,0) size 3x11
                  text run at (0,0) width 3: " "
            RenderTableCell {TD} at (684,24) size 10x12 [bgcolor=#027777] [r=2 c=72 rs=1 cs=1]
              RenderInline {FONT} at (0,0) size 3x11
                RenderText {#text} at (0,0) size 3x11
                  text run at (0,0) width 3: " "
            RenderTableCell {TD} at (694,24) size 10x12 [bgcolor=#027777] [r=2 c=73 rs=1 cs=1]
              RenderInline {FONT} at (0,0) size 3x11
                RenderText {#text} at (0,0) size 3x11
                  text run at (0,0) width 3: " "
            RenderTableCell {TD} at (704,24) size 10x12 [bgcolor=#027777] [r=2 c=74 rs=1 cs=1]
              RenderInline {FONT} at (0,0) size 3x11
                RenderText {#text} at (0,0) size 3x11
                  text run at (0,0) width 3: " "
            RenderTableCell {TD} at (714,24) size 10x12 [bgcolor=#027777] [r=2 c=75 rs=1 cs=1]
              RenderInline {FONT} at (0,0) size 3x11
                RenderText {#text} at (0,0) size 3x11
                  text run at (0,0) width 3: " "
            RenderTableCell {TD} at (724,24) size 10x12 [bgcolor=#027777] [r=2 c=76 rs=1 cs=1]
              RenderInline {FONT} at (0,0) size 3x11
                RenderText {#text} at (0,0) size 3x11
                  text run at (0,0) width 3: " "
            RenderTableCell {TD} at (734,24) size 10x12 [bgcolor=#027777] [r=2 c=77 rs=1 cs=1]
              RenderInline {FONT} at (0,0) size 3x11
                RenderText {#text} at (0,0) size 3x11
                  text run at (0,0) width 3: " "
            RenderTableCell {TD} at (744,24) size 10x12 [bgcolor=#027777] [r=2 c=78 rs=1 cs=1]
              RenderInline {FONT} at (0,0) size 3x11
                RenderText {#text} at (0,0) size 3x11
                  text run at (0,0) width 3: " "
            RenderTableCell {TD} at (754,24) size 10x12 [bgcolor=#027777] [r=2 c=79 rs=1 cs=1]
              RenderInline {FONT} at (0,0) size 3x11
                RenderText {#text} at (0,0) size 3x11
                  text run at (0,0) width 3: " "
            RenderTableCell {TD} at (764,24) size 10x12 [bgcolor=#027777] [r=2 c=80 rs=1 cs=1]
              RenderInline {FONT} at (0,0) size 3x11
                RenderText {#text} at (0,0) size 3x11
                  text run at (0,0) width 3: " "
            RenderTableCell {TD} at (774,24) size 10x12 [bgcolor=#027777] [r=2 c=81 rs=1 cs=1]
              RenderInline {FONT} at (0,0) size 3x11
                RenderText {#text} at (0,0) size 3x11
                  text run at (0,0) width 3: " "
            RenderTableCell {TD} at (784,24) size 10x12 [bgcolor=#027777] [r=2 c=82 rs=1 cs=1]
              RenderInline {FONT} at (0,0) size 3x11
                RenderText {#text} at (0,0) size 3x11
                  text run at (0,0) width 3: " "
            RenderTableCell {TD} at (794,24) size 10x12 [bgcolor=#027777] [r=2 c=83 rs=1 cs=1]
              RenderInline {FONT} at (0,0) size 3x11
                RenderText {#text} at (0,0) size 3x11
                  text run at (0,0) width 3: " "
            RenderTableCell {TD} at (804,24) size 10x12 [bgcolor=#027777] [r=2 c=84 rs=1 cs=1]
              RenderInline {FONT} at (0,0) size 3x11
                RenderText {#text} at (0,0) size 3x11
                  text run at (0,0) width 3: " "
            RenderTableCell {TD} at (814,24) size 10x12 [bgcolor=#027777] [r=2 c=85 rs=1 cs=1]
              RenderInline {FONT} at (0,0) size 3x11
                RenderText {#text} at (0,0) size 3x11
                  text run at (0,0) width 3: " "
            RenderTableCell {TD} at (824,24) size 10x12 [bgcolor=#027777] [r=2 c=86 rs=1 cs=1]
              RenderInline {FONT} at (0,0) size 3x11
                RenderText {#text} at (0,0) size 3x11
                  text run at (0,0) width 3: " "
            RenderTableCell {TD} at (834,24) size 10x12 [bgcolor=#027777] [r=2 c=87 rs=1 cs=1]
              RenderInline {FONT} at (0,0) size 3x11
                RenderText {#text} at (0,0) size 3x11
                  text run at (0,0) width 3: " "
            RenderTableCell {TD} at (844,24) size 10x12 [bgcolor=#027777] [r=2 c=88 rs=1 cs=1]
              RenderInline {FONT} at (0,0) size 3x11
                RenderText {#text} at (0,0) size 3x11
                  text run at (0,0) width 3: " "
            RenderTableCell {TD} at (854,24) size 10x12 [bgcolor=#027777] [r=2 c=89 rs=1 cs=1]
              RenderInline {FONT} at (0,0) size 3x11
                RenderText {#text} at (0,0) size 3x11
                  text run at (0,0) width 3: " "
            RenderTableCell {TD} at (864,24) size 10x12 [bgcolor=#027777] [r=2 c=90 rs=1 cs=1]
              RenderInline {FONT} at (0,0) size 3x11
                RenderText {#text} at (0,0) size 3x11
                  text run at (0,0) width 3: " "
            RenderTableCell {TD} at (874,24) size 10x12 [bgcolor=#027777] [r=2 c=91 rs=1 cs=1]
              RenderInline {FONT} at (0,0) size 3x11
                RenderText {#text} at (0,0) size 3x11
                  text run at (0,0) width 3: " "
            RenderTableCell {TD} at (884,24) size 10x12 [bgcolor=#026766] [r=2 c=92 rs=1 cs=1]
              RenderInline {FONT} at (0,0) size 3x11
                RenderText {#text} at (0,0) size 3x11
                  text run at (0,0) width 3: " "
            RenderTableCell {TD} at (894,24) size 10x12 [bgcolor=#044F4F] [r=2 c=93 rs=1 cs=1]
              RenderInline {FONT} at (0,0) size 3x11
                RenderText {#text} at (0,0) size 3x11
                  text run at (0,0) width 3: " "
            RenderTableCell {TD} at (904,24) size 10x12 [bgcolor=#647979] [r=2 c=94 rs=1 cs=1]
              RenderInline {FONT} at (0,0) size 3x11
                RenderText {#text} at (0,0) size 3x11
                  text run at (0,0) width 3: " "
            RenderTableCell {TD} at (914,24) size 10x12 [bgcolor=#BEC2C2] [r=2 c=95 rs=1 cs=1]
              RenderInline {FONT} at (0,0) size 3x11
                RenderText {#text} at (0,0) size 3x11
                  text run at (0,0) width 3: " "
            RenderTableCell {TD} at (924,24) size 10x12 [bgcolor=#E0EAE9] [r=2 c=96 rs=1 cs=1]
              RenderInline {FONT} at (0,0) size 3x11
                RenderText {#text} at (0,0) size 3x11
                  text run at (0,0) width 3: " "
            RenderTableCell {TD} at (934,24) size 10x12 [bgcolor=#FDFDFB] [r=2 c=97 rs=1 cs=1]
              RenderInline {FONT} at (0,0) size 3x11
                RenderText {#text} at (0,0) size 3x11
                  text run at (0,0) width 3: " "
            RenderTableCell {TD} at (944,24) size 10x12 [bgcolor=#FDFDFB] [r=2 c=98 rs=1 cs=1]
              RenderInline {FONT} at (0,0) size 3x11
                RenderText {#text} at (0,0) size 3x11
                  text run at (0,0) width 3: " "
            RenderTableCell {TD} at (954,24) size 10x12 [bgcolor=#FDFDFB] [r=2 c=99 rs=1 cs=1]
              RenderInline {FONT} at (0,0) size 3x11
                RenderText {#text} at (0,0) size 3x11
                  text run at (0,0) width 3: " "
          RenderTableRow {TR} at (0,36) size 964x12
            RenderTableCell {TD} at (0,36) size 9x12 [bgcolor=#FDFDFB] [r=3 c=0 rs=1 cs=1]
              RenderInline {FONT} at (0,0) size 3x11
                RenderText {#text} at (0,0) size 3x11
                  text run at (0,0) width 3: " "
            RenderTableCell {TD} at (9,36) size 9x12 [bgcolor=#FDFDFB] [r=3 c=1 rs=1 cs=1]
              RenderInline {FONT} at (0,0) size 3x11
                RenderText {#text} at (0,0) size 3x11
                  text run at (0,0) width 3: " "
            RenderTableCell {TD} at (18,36) size 9x12 [bgcolor=#FDFDFB] [r=3 c=2 rs=1 cs=1]
              RenderInline {FONT} at (0,0) size 3x11
                RenderText {#text} at (0,0) size 3x11
                  text run at (0,0) width 3: " "
            RenderTableCell {TD} at (27,36) size 9x12 [bgcolor=#FDFDFB] [r=3 c=3 rs=1 cs=1]
              RenderInline {FONT} at (0,0) size 3x11
                RenderText {#text} at (0,0) size 3x11
                  text run at (0,0) width 3: " "
            RenderTableCell {TD} at (36,36) size 9x12 [bgcolor=#FDFDFB] [r=3 c=4 rs=1 cs=1]
              RenderInline {FONT} at (0,0) size 3x11
                RenderText {#text} at (0,0) size 3x11
                  text run at (0,0) width 3: " "
            RenderTableCell {TD} at (45,36) size 9x12 [bgcolor=#66BABC] [r=3 c=5 rs=1 cs=1]
              RenderInline {FONT} at (0,0) size 3x11
                RenderText {#text} at (0,0) size 3x11
                  text run at (0,0) width 3: " "
            RenderTableCell {TD} at (54,36) size 9x12 [bgcolor=#158E8C] [r=3 c=6 rs=1 cs=1]
              RenderInline {FONT} at (0,0) size 3x11
                RenderText {#text} at (0,0) size 3x11
                  text run at (0,0) width 3: " "
            RenderTableCell {TD} at (63,36) size 9x12 [bgcolor=#048485] [r=3 c=7 rs=1 cs=1]
              RenderInline {FONT} at (0,0) size 3x11
                RenderText {#text} at (0,0) size 3x11
                  text run at (0,0) width 3: " "
            RenderTableCell {TD} at (72,36) size 9x12 [bgcolor=#027777] [r=3 c=8 rs=1 cs=1]
              RenderInline {FONT} at (0,0) size 3x11
                RenderText {#text} at (0,0) size 3x11
                  text run at (0,0) width 3: " "
            RenderTableCell {TD} at (81,36) size 9x12 [bgcolor=#027777] [r=3 c=9 rs=1 cs=1]
              RenderInline {FONT} at (0,0) size 3x11
                RenderText {#text} at (0,0) size 3x11
                  text run at (0,0) width 3: " "
            RenderTableCell {TD} at (90,36) size 9x12 [bgcolor=#026766] [r=3 c=10 rs=1 cs=1]
              RenderInline {FONT} at (0,0) size 3x11
                RenderText {#text} at (0,0) size 3x11
                  text run at (0,0) width 3: " "
            RenderTableCell {TD} at (99,36) size 9x12 [bgcolor=#026766] [r=3 c=11 rs=1 cs=1]
              RenderInline {FONT} at (0,0) size 3x11
                RenderText {#text} at (0,0) size 3x11
                  text run at (0,0) width 3: " "
            RenderTableCell {TD} at (108,36) size 9x12 [bgcolor=#025E5E] [r=3 c=12 rs=1 cs=1]
              RenderInline {FONT} at (0,0) size 3x11
                RenderText {#text} at (0,0) size 3x11
                  text run at (0,0) width 3: " "
            RenderTableCell {TD} at (117,36) size 9x12 [bgcolor=#044F4F] [r=3 c=13 rs=1 cs=1]
              RenderInline {FONT} at (0,0) size 3x11
                RenderText {#text} at (0,0) size 3x11
                  text run at (0,0) width 3: " "
            RenderTableCell {TD} at (126,36) size 9x12 [bgcolor=#044140] [r=3 c=14 rs=1 cs=1]
              RenderInline {FONT} at (0,0) size 3x11
                RenderText {#text} at (0,0) size 3x11
                  text run at (0,0) width 3: " "
            RenderTableCell {TD} at (135,36) size 9x12 [bgcolor=#223C3D] [r=3 c=15 rs=1 cs=1]
              RenderInline {FONT} at (0,0) size 3x11
                RenderText {#text} at (0,0) size 3x11
                  text run at (0,0) width 3: " "
            RenderTableCell {TD} at (144,36) size 9x12 [bgcolor=#344C4E] [r=3 c=16 rs=1 cs=1]
              RenderInline {FONT} at (0,0) size 3x11
                RenderText {#text} at (0,0) size 3x11
                  text run at (0,0) width 3: " "
            RenderTableCell {TD} at (153,36) size 9x12 [bgcolor=#4D4F4F] [r=3 c=17 rs=1 cs=1]
              RenderInline {FONT} at (0,0) size 3x11
                RenderText {#text} at (0,0) size 3x11
                  text run at (0,0) width 3: " "
            RenderTableCell {TD} at (162,36) size 9x12 [bgcolor=#1A5C5C] [r=3 c=18 rs=1 cs=1]
              RenderInline {FONT} at (0,0) size 3x11
                RenderText {#text} at (0,0) size 3x11
                  text run at (0,0) width 3: " "
            RenderTableCell {TD} at (171,36) size 9x12 [bgcolor=#026766] [r=3 c=19 rs=1 cs=1]
              RenderInline {FONT} at (0,0) size 3x11
                RenderText {#text} at (0,0) size 3x11
                  text run at (0,0) width 3: " "
            RenderTableCell {TD} at (180,36) size 9x12 [bgcolor=#026766] [r=3 c=20 rs=1 cs=1]
              RenderInline {FONT} at (0,0) size 3x11
                RenderText {#text} at (0,0) size 3x11
                  text run at (0,0) width 3: " "
            RenderTableCell {TD} at (189,36) size 9x12 [bgcolor=#026766] [r=3 c=21 rs=1 cs=1]
              RenderInline {FONT} at (0,0) size 3x11
                RenderText {#text} at (0,0) size 3x11
                  text run at (0,0) width 3: " "
            RenderTableCell {TD} at (198,36) size 9x12 [bgcolor=#026766] [r=3 c=22 rs=1 cs=1]
              RenderInline {FONT} at (0,0) size 3x11
                RenderText {#text} at (0,0) size 3x11
                  text run at (0,0) width 3: " "
            RenderTableCell {TD} at (207,36) size 9x12 [bgcolor=#026766] [r=3 c=23 rs=1 cs=1]
              RenderInline {FONT} at (0,0) size 3x11
                RenderText {#text} at (0,0) size 3x11
                  text run at (0,0) width 3: " "
            RenderTableCell {TD} at (216,36) size 9x12 [bgcolor=#026766] [r=3 c=24 rs=1 cs=1]
              RenderInline {FONT} at (0,0) size 3x11
                RenderText {#text} at (0,0) size 3x11
                  text run at (0,0) width 3: " "
            RenderTableCell {TD} at (225,36) size 9x12 [bgcolor=#026766] [r=3 c=25 rs=1 cs=1]
              RenderInline {FONT} at (0,0) size 3x11
                RenderText {#text} at (0,0) size 3x11
                  text run at (0,0) width 3: " "
            RenderTableCell {TD} at (234,36) size 9x12 [bgcolor=#025E5E] [r=3 c=26 rs=1 cs=1]
              RenderInline {FONT} at (0,0) size 3x11
                RenderText {#text} at (0,0) size 3x11
                  text run at (0,0) width 3: " "
            RenderTableCell {TD} at (243,36) size 9x12 [bgcolor=#1A6B6A] [r=3 c=27 rs=1 cs=1]
              RenderInline {FONT} at (0,0) size 3x11
                RenderText {#text} at (0,0) size 3x11
                  text run at (0,0) width 3: " "
            RenderTableCell {TD} at (252,36) size 9x12 [bgcolor=#7B918F] [r=3 c=28 rs=1 cs=1]
              RenderInline {FONT} at (0,0) size 3x11
                RenderText {#text} at (0,0) size 3x11
                  text run at (0,0) width 3: " "
            RenderTableCell {TD} at (261,36) size 9x12 [bgcolor=#A5A6A6] [r=3 c=29 rs=1 cs=1]
              RenderInline {FONT} at (0,0) size 3x11
                RenderText {#text} at (0,0) size 3x11
                  text run at (0,0) width 3: " "
            RenderTableCell {TD} at (270,36) size 9x12 [bgcolor=#B4B4B4] [r=3 c=30 rs=1 cs=1]
              RenderInline {FONT} at (0,0) size 3x11
                RenderText {#text} at (0,0) size 3x11
                  text run at (0,0) width 3: " "
            RenderTableCell {TD} at (279,36) size 9x12 [bgcolor=#B4B4B4] [r=3 c=31 rs=1 cs=1]
              RenderInline {FONT} at (0,0) size 3x11
                RenderText {#text} at (0,0) size 3x11
                  text run at (0,0) width 3: " "
            RenderTableCell {TD} at (288,36) size 9x12 [bgcolor=#B4B4B4] [r=3 c=32 rs=1 cs=1]
              RenderInline {FONT} at (0,0) size 3x11
                RenderText {#text} at (0,0) size 3x11
                  text run at (0,0) width 3: " "
            RenderTableCell {TD} at (297,36) size 9x12 [bgcolor=#B4B4B4] [r=3 c=33 rs=1 cs=1]
              RenderInline {FONT} at (0,0) size 3x11
                RenderText {#text} at (0,0) size 3x11
                  text run at (0,0) width 3: " "
            RenderTableCell {TD} at (306,36) size 9x12 [bgcolor=#B4B4B4] [r=3 c=34 rs=1 cs=1]
              RenderInline {FONT} at (0,0) size 3x11
                RenderText {#text} at (0,0) size 3x11
                  text run at (0,0) width 3: " "
            RenderTableCell {TD} at (315,36) size 9x12 [bgcolor=#A2B5B4] [r=3 c=35 rs=1 cs=1]
              RenderInline {FONT} at (0,0) size 3x11
                RenderText {#text} at (0,0) size 3x11
                  text run at (0,0) width 3: " "
            RenderTableCell {TD} at (324,36) size 10x12 [bgcolor=#048485] [r=3 c=36 rs=1 cs=1]
              RenderInline {FONT} at (0,0) size 3x11
                RenderText {#text} at (0,0) size 3x11
                  text run at (0,0) width 3: " "
            RenderTableCell {TD} at (334,36) size 10x12 [bgcolor=#027777] [r=3 c=37 rs=1 cs=1]
              RenderInline {FONT} at (0,0) size 3x11
                RenderText {#text} at (0,0) size 3x11
                  text run at (0,0) width 3: " "
            RenderTableCell {TD} at (344,36) size 10x12 [bgcolor=#026766] [r=3 c=38 rs=1 cs=1]
              RenderInline {FONT} at (0,0) size 3x11
                RenderText {#text} at (0,0) size 3x11
                  text run at (0,0) width 3: " "
            RenderTableCell {TD} at (354,36) size 10x12 [bgcolor=#026766] [r=3 c=39 rs=1 cs=1]
              RenderInline {FONT} at (0,0) size 3x11
                RenderText {#text} at (0,0) size 3x11
                  text run at (0,0) width 3: " "
            RenderTableCell {TD} at (364,36) size 10x12 [bgcolor=#026766] [r=3 c=40 rs=1 cs=1]
              RenderInline {FONT} at (0,0) size 3x11
                RenderText {#text} at (0,0) size 3x11
                  text run at (0,0) width 3: " "
            RenderTableCell {TD} at (374,36) size 10x12 [bgcolor=#026766] [r=3 c=41 rs=1 cs=1]
              RenderInline {FONT} at (0,0) size 3x11
                RenderText {#text} at (0,0) size 3x11
                  text run at (0,0) width 3: " "
            RenderTableCell {TD} at (384,36) size 10x12 [bgcolor=#026766] [r=3 c=42 rs=1 cs=1]
              RenderInline {FONT} at (0,0) size 3x11
                RenderText {#text} at (0,0) size 3x11
                  text run at (0,0) width 3: " "
            RenderTableCell {TD} at (394,36) size 10x12 [bgcolor=#026766] [r=3 c=43 rs=1 cs=1]
              RenderInline {FONT} at (0,0) size 3x11
                RenderText {#text} at (0,0) size 3x11
                  text run at (0,0) width 3: " "
            RenderTableCell {TD} at (404,36) size 10x12 [bgcolor=#026766] [r=3 c=44 rs=1 cs=1]
              RenderInline {FONT} at (0,0) size 3x11
                RenderText {#text} at (0,0) size 3x11
                  text run at (0,0) width 3: " "
            RenderTableCell {TD} at (414,36) size 10x12 [bgcolor=#026766] [r=3 c=45 rs=1 cs=1]
              RenderInline {FONT} at (0,0) size 3x11
                RenderText {#text} at (0,0) size 3x11
                  text run at (0,0) width 3: " "
            RenderTableCell {TD} at (424,36) size 10x12 [bgcolor=#026766] [r=3 c=46 rs=1 cs=1]
              RenderInline {FONT} at (0,0) size 3x11
                RenderText {#text} at (0,0) size 3x11
                  text run at (0,0) width 3: " "
            RenderTableCell {TD} at (434,36) size 10x12 [bgcolor=#026766] [r=3 c=47 rs=1 cs=1]
              RenderInline {FONT} at (0,0) size 3x11
                RenderText {#text} at (0,0) size 3x11
                  text run at (0,0) width 3: " "
            RenderTableCell {TD} at (444,36) size 10x12 [bgcolor=#026766] [r=3 c=48 rs=1 cs=1]
              RenderInline {FONT} at (0,0) size 3x11
                RenderText {#text} at (0,0) size 3x11
                  text run at (0,0) width 3: " "
            RenderTableCell {TD} at (454,36) size 10x12 [bgcolor=#026766] [r=3 c=49 rs=1 cs=1]
              RenderInline {FONT} at (0,0) size 3x11
                RenderText {#text} at (0,0) size 3x11
                  text run at (0,0) width 3: " "
            RenderTableCell {TD} at (464,36) size 10x12 [bgcolor=#026766] [r=3 c=50 rs=1 cs=1]
              RenderInline {FONT} at (0,0) size 3x11
                RenderText {#text} at (0,0) size 3x11
                  text run at (0,0) width 3: " "
            RenderTableCell {TD} at (474,36) size 10x12 [bgcolor=#026766] [r=3 c=51 rs=1 cs=1]
              RenderInline {FONT} at (0,0) size 3x11
                RenderText {#text} at (0,0) size 3x11
                  text run at (0,0) width 3: " "
            RenderTableCell {TD} at (484,36) size 10x12 [bgcolor=#026766] [r=3 c=52 rs=1 cs=1]
              RenderInline {FONT} at (0,0) size 3x11
                RenderText {#text} at (0,0) size 3x11
                  text run at (0,0) width 3: " "
            RenderTableCell {TD} at (494,36) size 10x12 [bgcolor=#027777] [r=3 c=53 rs=1 cs=1]
              RenderInline {FONT} at (0,0) size 3x11
                RenderText {#text} at (0,0) size 3x11
                  text run at (0,0) width 3: " "
            RenderTableCell {TD} at (504,36) size 10x12 [bgcolor=#026766] [r=3 c=54 rs=1 cs=1]
              RenderInline {FONT} at (0,0) size 3x11
                RenderText {#text} at (0,0) size 3x11
                  text run at (0,0) width 3: " "
            RenderTableCell {TD} at (514,36) size 10x12 [bgcolor=#044F4F] [r=3 c=55 rs=1 cs=1]
              RenderInline {FONT} at (0,0) size 3x11
                RenderText {#text} at (0,0) size 3x11
                  text run at (0,0) width 3: " "
            RenderTableCell {TD} at (524,36) size 10x12 [bgcolor=#044140] [r=3 c=56 rs=1 cs=1]
              RenderInline {FONT} at (0,0) size 3x11
                RenderText {#text} at (0,0) size 3x11
                  text run at (0,0) width 3: " "
            RenderTableCell {TD} at (534,36) size 10x12 [bgcolor=#515C5B] [r=3 c=57 rs=1 cs=1]
              RenderInline {FONT} at (0,0) size 3x11
                RenderText {#text} at (0,0) size 3x11
                  text run at (0,0) width 3: " "
            RenderTableCell {TD} at (544,36) size 10x12 [bgcolor=#848788] [r=3 c=58 rs=1 cs=1]
              RenderInline {FONT} at (0,0) size 3x11
                RenderText {#text} at (0,0) size 3x11
                  text run at (0,0) width 3: " "
            RenderTableCell {TD} at (554,36) size 10x12 [bgcolor=#A5A6A6] [r=3 c=59 rs=1 cs=1]
              RenderInline {FONT} at (0,0) size 3x11
                RenderText {#text} at (0,0) size 3x11
                  text run at (0,0) width 3: " "
            RenderTableCell {TD} at (564,36) size 10x12 [bgcolor=#B4B4B4] [r=3 c=60 rs=1 cs=1]
              RenderInline {FONT} at (0,0) size 3x11
                RenderText {#text} at (0,0) size 3x11
                  text run at (0,0) width 3: " "
            RenderTableCell {TD} at (574,36) size 10x12 [bgcolor=#B4B4B4] [r=3 c=61 rs=1 cs=1]
              RenderInline {FONT} at (0,0) size 3x11
                RenderText {#text} at (0,0) size 3x11
                  text run at (0,0) width 3: " "
            RenderTableCell {TD} at (584,36) size 10x12 [bgcolor=#B4B4B4] [r=3 c=62 rs=1 cs=1]
              RenderInline {FONT} at (0,0) size 3x11
                RenderText {#text} at (0,0) size 3x11
                  text run at (0,0) width 3: " "
            RenderTableCell {TD} at (594,36) size 10x12 [bgcolor=#B4B4B4] [r=3 c=63 rs=1 cs=1]
              RenderInline {FONT} at (0,0) size 3x11
                RenderText {#text} at (0,0) size 3x11
                  text run at (0,0) width 3: " "
            RenderTableCell {TD} at (604,36) size 10x12 [bgcolor=#72A3A1] [r=3 c=64 rs=1 cs=1]
              RenderInline {FONT} at (0,0) size 3x11
                RenderText {#text} at (0,0) size 3x11
                  text run at (0,0) width 3: " "
            RenderTableCell {TD} at (614,36) size 10x12 [bgcolor=#158E8C] [r=3 c=65 rs=1 cs=1]
              RenderInline {FONT} at (0,0) size 3x11
                RenderText {#text} at (0,0) size 3x11
                  text run at (0,0) width 3: " "
            RenderTableCell {TD} at (624,36) size 10x12 [bgcolor=#048485] [r=3 c=66 rs=1 cs=1]
              RenderInline {FONT} at (0,0) size 3x11
                RenderText {#text} at (0,0) size 3x11
                  text run at (0,0) width 3: " "
            RenderTableCell {TD} at (634,36) size 10x12 [bgcolor=#048485] [r=3 c=67 rs=1 cs=1]
              RenderInline {FONT} at (0,0) size 3x11
                RenderText {#text} at (0,0) size 3x11
                  text run at (0,0) width 3: " "
            RenderTableCell {TD} at (644,36) size 10x12 [bgcolor=#027777] [r=3 c=68 rs=1 cs=1]
              RenderInline {FONT} at (0,0) size 3x11
                RenderText {#text} at (0,0) size 3x11
                  text run at (0,0) width 3: " "
            RenderTableCell {TD} at (654,36) size 10x12 [bgcolor=#027777] [r=3 c=69 rs=1 cs=1]
              RenderInline {FONT} at (0,0) size 3x11
                RenderText {#text} at (0,0) size 3x11
                  text run at (0,0) width 3: " "
            RenderTableCell {TD} at (664,36) size 10x12 [bgcolor=#027777] [r=3 c=70 rs=1 cs=1]
              RenderInline {FONT} at (0,0) size 3x11
                RenderText {#text} at (0,0) size 3x11
                  text run at (0,0) width 3: " "
            RenderTableCell {TD} at (674,36) size 10x12 [bgcolor=#026766] [r=3 c=71 rs=1 cs=1]
              RenderInline {FONT} at (0,0) size 3x11
                RenderText {#text} at (0,0) size 3x11
                  text run at (0,0) width 3: " "
            RenderTableCell {TD} at (684,36) size 10x12 [bgcolor=#026766] [r=3 c=72 rs=1 cs=1]
              RenderInline {FONT} at (0,0) size 3x11
                RenderText {#text} at (0,0) size 3x11
                  text run at (0,0) width 3: " "
            RenderTableCell {TD} at (694,36) size 10x12 [bgcolor=#026766] [r=3 c=73 rs=1 cs=1]
              RenderInline {FONT} at (0,0) size 3x11
                RenderText {#text} at (0,0) size 3x11
                  text run at (0,0) width 3: " "
            RenderTableCell {TD} at (704,36) size 10x12 [bgcolor=#025E5E] [r=3 c=74 rs=1 cs=1]
              RenderInline {FONT} at (0,0) size 3x11
                RenderText {#text} at (0,0) size 3x11
                  text run at (0,0) width 3: " "
            RenderTableCell {TD} at (714,36) size 10x12 [bgcolor=#025E5E] [r=3 c=75 rs=1 cs=1]
              RenderInline {FONT} at (0,0) size 3x11
                RenderText {#text} at (0,0) size 3x11
                  text run at (0,0) width 3: " "
            RenderTableCell {TD} at (724,36) size 10x12 [bgcolor=#025E5E] [r=3 c=76 rs=1 cs=1]
              RenderInline {FONT} at (0,0) size 3x11
                RenderText {#text} at (0,0) size 3x11
                  text run at (0,0) width 3: " "
            RenderTableCell {TD} at (734,36) size 10x12 [bgcolor=#025E5E] [r=3 c=77 rs=1 cs=1]
              RenderInline {FONT} at (0,0) size 3x11
                RenderText {#text} at (0,0) size 3x11
                  text run at (0,0) width 3: " "
            RenderTableCell {TD} at (744,36) size 10x12 [bgcolor=#026766] [r=3 c=78 rs=1 cs=1]
              RenderInline {FONT} at (0,0) size 3x11
                RenderText {#text} at (0,0) size 3x11
                  text run at (0,0) width 3: " "
            RenderTableCell {TD} at (754,36) size 10x12 [bgcolor=#026766] [r=3 c=79 rs=1 cs=1]
              RenderInline {FONT} at (0,0) size 3x11
                RenderText {#text} at (0,0) size 3x11
                  text run at (0,0) width 3: " "
            RenderTableCell {TD} at (764,36) size 10x12 [bgcolor=#026766] [r=3 c=80 rs=1 cs=1]
              RenderInline {FONT} at (0,0) size 3x11
                RenderText {#text} at (0,0) size 3x11
                  text run at (0,0) width 3: " "
            RenderTableCell {TD} at (774,36) size 10x12 [bgcolor=#026766] [r=3 c=81 rs=1 cs=1]
              RenderInline {FONT} at (0,0) size 3x11
                RenderText {#text} at (0,0) size 3x11
                  text run at (0,0) width 3: " "
            RenderTableCell {TD} at (784,36) size 10x12 [bgcolor=#026766] [r=3 c=82 rs=1 cs=1]
              RenderInline {FONT} at (0,0) size 3x11
                RenderText {#text} at (0,0) size 3x11
                  text run at (0,0) width 3: " "
            RenderTableCell {TD} at (794,36) size 10x12 [bgcolor=#026766] [r=3 c=83 rs=1 cs=1]
              RenderInline {FONT} at (0,0) size 3x11
                RenderText {#text} at (0,0) size 3x11
                  text run at (0,0) width 3: " "
            RenderTableCell {TD} at (804,36) size 10x12 [bgcolor=#026766] [r=3 c=84 rs=1 cs=1]
              RenderInline {FONT} at (0,0) size 3x11
                RenderText {#text} at (0,0) size 3x11
                  text run at (0,0) width 3: " "
            RenderTableCell {TD} at (814,36) size 10x12 [bgcolor=#026766] [r=3 c=85 rs=1 cs=1]
              RenderInline {FONT} at (0,0) size 3x11
                RenderText {#text} at (0,0) size 3x11
                  text run at (0,0) width 3: " "
            RenderTableCell {TD} at (824,36) size 10x12 [bgcolor=#026766] [r=3 c=86 rs=1 cs=1]
              RenderInline {FONT} at (0,0) size 3x11
                RenderText {#text} at (0,0) size 3x11
                  text run at (0,0) width 3: " "
            RenderTableCell {TD} at (834,36) size 10x12 [bgcolor=#026766] [r=3 c=87 rs=1 cs=1]
              RenderInline {FONT} at (0,0) size 3x11
                RenderText {#text} at (0,0) size 3x11
                  text run at (0,0) width 3: " "
            RenderTableCell {TD} at (844,36) size 10x12 [bgcolor=#026766] [r=3 c=88 rs=1 cs=1]
              RenderInline {FONT} at (0,0) size 3x11
                RenderText {#text} at (0,0) size 3x11
                  text run at (0,0) width 3: " "
            RenderTableCell {TD} at (854,36) size 10x12 [bgcolor=#026766] [r=3 c=89 rs=1 cs=1]
              RenderInline {FONT} at (0,0) size 3x11
                RenderText {#text} at (0,0) size 3x11
                  text run at (0,0) width 3: " "
            RenderTableCell {TD} at (864,36) size 10x12 [bgcolor=#026766] [r=3 c=90 rs=1 cs=1]
              RenderInline {FONT} at (0,0) size 3x11
                RenderText {#text} at (0,0) size 3x11
                  text run at (0,0) width 3: " "
            RenderTableCell {TD} at (874,36) size 10x12 [bgcolor=#026766] [r=3 c=91 rs=1 cs=1]
              RenderInline {FONT} at (0,0) size 3x11
                RenderText {#text} at (0,0) size 3x11
                  text run at (0,0) width 3: " "
            RenderTableCell {TD} at (884,36) size 10x12 [bgcolor=#025E5E] [r=3 c=92 rs=1 cs=1]
              RenderInline {FONT} at (0,0) size 3x11
                RenderText {#text} at (0,0) size 3x11
                  text run at (0,0) width 3: " "
            RenderTableCell {TD} at (894,36) size 10x12 [bgcolor=#044140] [r=3 c=93 rs=1 cs=1]
              RenderInline {FONT} at (0,0) size 3x11
                RenderText {#text} at (0,0) size 3x11
                  text run at (0,0) width 3: " "
            RenderTableCell {TD} at (904,36) size 10x12 [bgcolor=#344C4E] [r=3 c=94 rs=1 cs=1]
              RenderInline {FONT} at (0,0) size 3x11
                RenderText {#text} at (0,0) size 3x11
                  text run at (0,0) width 3: " "
            RenderTableCell {TD} at (914,36) size 10x12 [bgcolor=#777878] [r=3 c=95 rs=1 cs=1]
              RenderInline {FONT} at (0,0) size 3x11
                RenderText {#text} at (0,0) size 3x11
                  text run at (0,0) width 3: " "
            RenderTableCell {TD} at (924,36) size 10x12 [bgcolor=#91A3A3] [r=3 c=96 rs=1 cs=1]
              RenderInline {FONT} at (0,0) size 3x11
                RenderText {#text} at (0,0) size 3x11
                  text run at (0,0) width 3: " "
            RenderTableCell {TD} at (934,36) size 10x12 [bgcolor=#B4B4B4] [r=3 c=97 rs=1 cs=1]
              RenderInline {FONT} at (0,0) size 3x11
                RenderText {#text} at (0,0) size 3x11
                  text run at (0,0) width 3: " "
            RenderTableCell {TD} at (944,36) size 10x12 [bgcolor=#A5A6A6] [r=3 c=98 rs=1 cs=1]
              RenderInline {FONT} at (0,0) size 3x11
                RenderText {#text} at (0,0) size 3x11
                  text run at (0,0) width 3: " "
            RenderTableCell {TD} at (954,36) size 10x12 [bgcolor=#848788] [r=3 c=99 rs=1 cs=1]
              RenderInline {FONT} at (0,0) size 3x11
                RenderText {#text} at (0,0) size 3x11
                  text run at (0,0) width 3: " "
          RenderTableRow {TR} at (0,48) size 964x12
            RenderTableCell {TD} at (0,48) size 9x12 [bgcolor=#FDFDFB] [r=4 c=0 rs=1 cs=1]
              RenderInline {FONT} at (0,0) size 3x11
                RenderText {#text} at (0,0) size 3x11
                  text run at (0,0) width 3: " "
            RenderTableCell {TD} at (9,48) size 9x12 [bgcolor=#FDFDFB] [r=4 c=1 rs=1 cs=1]
              RenderInline {FONT} at (0,0) size 3x11
                RenderText {#text} at (0,0) size 3x11
                  text run at (0,0) width 3: " "
            RenderTableCell {TD} at (18,48) size 9x12 [bgcolor=#FDFDFB] [r=4 c=2 rs=1 cs=1]
              RenderInline {FONT} at (0,0) size 3x11
                RenderText {#text} at (0,0) size 3x11
                  text run at (0,0) width 3: " "
            RenderTableCell {TD} at (27,48) size 9x12 [bgcolor=#EDEEEF] [r=4 c=3 rs=1 cs=1]
              RenderInline {FONT} at (0,0) size 3x11
                RenderText {#text} at (0,0) size 3x11
                  text run at (0,0) width 3: " "
            RenderTableCell {TD} at (36,48) size 9x12 [bgcolor=#66BABC] [r=4 c=4 rs=1 cs=1]
              RenderInline {FONT} at (0,0) size 3x11
                RenderText {#text} at (0,0) size 3x11
                  text run at (0,0) width 3: " "
            RenderTableCell {TD} at (45,48) size 9x12 [bgcolor=#048485] [r=4 c=5 rs=1 cs=1]
              RenderInline {FONT} at (0,0) size 3x11
                RenderText {#text} at (0,0) size 3x11
                  text run at (0,0) width 3: " "
            RenderTableCell {TD} at (54,48) size 9x12 [bgcolor=#048485] [r=4 c=6 rs=1 cs=1]
              RenderInline {FONT} at (0,0) size 3x11
                RenderText {#text} at (0,0) size 3x11
                  text run at (0,0) width 3: " "
            RenderTableCell {TD} at (63,48) size 9x12 [bgcolor=#027777] [r=4 c=7 rs=1 cs=1]
              RenderInline {FONT} at (0,0) size 3x11
                RenderText {#text} at (0,0) size 3x11
                  text run at (0,0) width 3: " "
            RenderTableCell {TD} at (72,48) size 9x12 [bgcolor=#026766] [r=4 c=8 rs=1 cs=1]
              RenderInline {FONT} at (0,0) size 3x11
                RenderText {#text} at (0,0) size 3x11
                  text run at (0,0) width 3: " "
            RenderTableCell {TD} at (81,48) size 9x12 [bgcolor=#026766] [r=4 c=9 rs=1 cs=1]
              RenderInline {FONT} at (0,0) size 3x11
                RenderText {#text} at (0,0) size 3x11
                  text run at (0,0) width 3: " "
            RenderTableCell {TD} at (90,48) size 9x12 [bgcolor=#026766] [r=4 c=10 rs=1 cs=1]
              RenderInline {FONT} at (0,0) size 3x11
                RenderText {#text} at (0,0) size 3x11
                  text run at (0,0) width 3: " "
            RenderTableCell {TD} at (99,48) size 9x12 [bgcolor=#026766] [r=4 c=11 rs=1 cs=1]
              RenderInline {FONT} at (0,0) size 3x11
                RenderText {#text} at (0,0) size 3x11
                  text run at (0,0) width 3: " "
            RenderTableCell {TD} at (108,48) size 9x12 [bgcolor=#025E5E] [r=4 c=12 rs=1 cs=1]
              RenderInline {FONT} at (0,0) size 3x11
                RenderText {#text} at (0,0) size 3x11
                  text run at (0,0) width 3: " "
            RenderTableCell {TD} at (117,48) size 9x12 [bgcolor=#044140] [r=4 c=13 rs=1 cs=1]
              RenderInline {FONT} at (0,0) size 3x11
                RenderText {#text} at (0,0) size 3x11
                  text run at (0,0) width 3: " "
            RenderTableCell {TD} at (126,48) size 9x12 [bgcolor=#083131] [r=4 c=14 rs=1 cs=1]
              RenderInline {FONT} at (0,0) size 3x11
                RenderText {#text} at (0,0) size 3x11
                  text run at (0,0) width 3: " "
            RenderTableCell {TD} at (135,48) size 9x12 [bgcolor=#3D4242] [r=4 c=15 rs=1 cs=1]
              RenderInline {FONT} at (0,0) size 3x11
                RenderText {#text} at (0,0) size 3x11
                  text run at (0,0) width 3: " "
            RenderTableCell {TD} at (144,48) size 9x12 [bgcolor=#515C5B] [r=4 c=16 rs=1 cs=1]
              RenderInline {FONT} at (0,0) size 3x11
                RenderText {#text} at (0,0) size 3x11
                  text run at (0,0) width 3: " "
            RenderTableCell {TD} at (153,48) size 9x12 [bgcolor=#696A69] [r=4 c=17 rs=1 cs=1]
              RenderInline {FONT} at (0,0) size 3x11
                RenderText {#text} at (0,0) size 3x11
                  text run at (0,0) width 3: " "
            RenderTableCell {TD} at (162,48) size 9x12 [bgcolor=#526B6B] [r=4 c=18 rs=1 cs=1]
              RenderInline {FONT} at (0,0) size 3x11
                RenderText {#text} at (0,0) size 3x11
                  text run at (0,0) width 3: " "
            RenderTableCell {TD} at (171,48) size 9x12 [bgcolor=#026766] [r=4 c=19 rs=1 cs=1]
              RenderInline {FONT} at (0,0) size 3x11
                RenderText {#text} at (0,0) size 3x11
                  text run at (0,0) width 3: " "
            RenderTableCell {TD} at (180,48) size 9x12 [bgcolor=#026766] [r=4 c=20 rs=1 cs=1]
              RenderInline {FONT} at (0,0) size 3x11
                RenderText {#text} at (0,0) size 3x11
                  text run at (0,0) width 3: " "
            RenderTableCell {TD} at (189,48) size 9x12 [bgcolor=#026766] [r=4 c=21 rs=1 cs=1]
              RenderInline {FONT} at (0,0) size 3x11
                RenderText {#text} at (0,0) size 3x11
                  text run at (0,0) width 3: " "
            RenderTableCell {TD} at (198,48) size 9x12 [bgcolor=#026766] [r=4 c=22 rs=1 cs=1]
              RenderInline {FONT} at (0,0) size 3x11
                RenderText {#text} at (0,0) size 3x11
                  text run at (0,0) width 3: " "
            RenderTableCell {TD} at (207,48) size 9x12 [bgcolor=#026766] [r=4 c=23 rs=1 cs=1]
              RenderInline {FONT} at (0,0) size 3x11
                RenderText {#text} at (0,0) size 3x11
                  text run at (0,0) width 3: " "
            RenderTableCell {TD} at (216,48) size 9x12 [bgcolor=#026766] [r=4 c=24 rs=1 cs=1]
              RenderInline {FONT} at (0,0) size 3x11
                RenderText {#text} at (0,0) size 3x11
                  text run at (0,0) width 3: " "
            RenderTableCell {TD} at (225,48) size 9x12 [bgcolor=#026766] [r=4 c=25 rs=1 cs=1]
              RenderInline {FONT} at (0,0) size 3x11
                RenderText {#text} at (0,0) size 3x11
                  text run at (0,0) width 3: " "
            RenderTableCell {TD} at (234,48) size 9x12 [bgcolor=#026766] [r=4 c=26 rs=1 cs=1]
              RenderInline {FONT} at (0,0) size 3x11
                RenderText {#text} at (0,0) size 3x11
                  text run at (0,0) width 3: " "
            RenderTableCell {TD} at (243,48) size 9x12 [bgcolor=#025E5E] [r=4 c=27 rs=1 cs=1]
              RenderInline {FONT} at (0,0) size 3x11
                RenderText {#text} at (0,0) size 3x11
                  text run at (0,0) width 3: " "
            RenderTableCell {TD} at (252,48) size 9x12 [bgcolor=#025E5E] [r=4 c=28 rs=1 cs=1]
              RenderInline {FONT} at (0,0) size 3x11
                RenderText {#text} at (0,0) size 3x11
                  text run at (0,0) width 3: " "
            RenderTableCell {TD} at (261,48) size 9x12 [bgcolor=#647979] [r=4 c=29 rs=1 cs=1]
              RenderInline {FONT} at (0,0) size 3x11
                RenderText {#text} at (0,0) size 3x11
                  text run at (0,0) width 3: " "
            RenderTableCell {TD} at (270,48) size 9x12 [bgcolor=#939494] [r=4 c=30 rs=1 cs=1]
              RenderInline {FONT} at (0,0) size 3x11
                RenderText {#text} at (0,0) size 3x11
                  text run at (0,0) width 3: " "
            RenderTableCell {TD} at (279,48) size 9x12 [bgcolor=#A5A6A6] [r=4 c=31 rs=1 cs=1]
              RenderInline {FONT} at (0,0) size 3x11
                RenderText {#text} at (0,0) size 3x11
                  text run at (0,0) width 3: " "
            RenderTableCell {TD} at (288,48) size 9x12 [bgcolor=#A5A6A6] [r=4 c=32 rs=1 cs=1]
              RenderInline {FONT} at (0,0) size 3x11
                RenderText {#text} at (0,0) size 3x11
                  text run at (0,0) width 3: " "
            RenderTableCell {TD} at (297,48) size 9x12 [bgcolor=#B4B4B4] [r=4 c=33 rs=1 cs=1]
              RenderInline {FONT} at (0,0) size 3x11
                RenderText {#text} at (0,0) size 3x11
                  text run at (0,0) width 3: " "
            RenderTableCell {TD} at (306,48) size 9x12 [bgcolor=#B4B4B4] [r=4 c=34 rs=1 cs=1]
              RenderInline {FONT} at (0,0) size 3x11
                RenderText {#text} at (0,0) size 3x11
                  text run at (0,0) width 3: " "
            RenderTableCell {TD} at (315,48) size 9x12 [bgcolor=#91A3A3] [r=4 c=35 rs=1 cs=1]
              RenderInline {FONT} at (0,0) size 3x11
                RenderText {#text} at (0,0) size 3x11
                  text run at (0,0) width 3: " "
            RenderTableCell {TD} at (324,48) size 10x12 [bgcolor=#048485] [r=4 c=36 rs=1 cs=1]
              RenderInline {FONT} at (0,0) size 3x11
                RenderText {#text} at (0,0) size 3x11
                  text run at (0,0) width 3: " "
            RenderTableCell {TD} at (334,48) size 10x12 [bgcolor=#027777] [r=4 c=37 rs=1 cs=1]
              RenderInline {FONT} at (0,0) size 3x11
                RenderText {#text} at (0,0) size 3x11
                  text run at (0,0) width 3: " "
            RenderTableCell {TD} at (344,48) size 10x12 [bgcolor=#026766] [r=4 c=38 rs=1 cs=1]
              RenderInline {FONT} at (0,0) size 3x11
                RenderText {#text} at (0,0) size 3x11
                  text run at (0,0) width 3: " "
            RenderTableCell {TD} at (354,48) size 10x12 [bgcolor=#026766] [r=4 c=39 rs=1 cs=1]
              RenderInline {FONT} at (0,0) size 3x11
                RenderText {#text} at (0,0) size 3x11
                  text run at (0,0) width 3: " "
            RenderTableCell {TD} at (364,48) size 10x12 [bgcolor=#026766] [r=4 c=40 rs=1 cs=1]
              RenderInline {FONT} at (0,0) size 3x11
                RenderText {#text} at (0,0) size 3x11
                  text run at (0,0) width 3: " "
            RenderTableCell {TD} at (374,48) size 10x12 [bgcolor=#026766] [r=4 c=41 rs=1 cs=1]
              RenderInline {FONT} at (0,0) size 3x11
                RenderText {#text} at (0,0) size 3x11
                  text run at (0,0) width 3: " "
            RenderTableCell {TD} at (384,48) size 10x12 [bgcolor=#026766] [r=4 c=42 rs=1 cs=1]
              RenderInline {FONT} at (0,0) size 3x11
                RenderText {#text} at (0,0) size 3x11
                  text run at (0,0) width 3: " "
            RenderTableCell {TD} at (394,48) size 10x12 [bgcolor=#026766] [r=4 c=43 rs=1 cs=1]
              RenderInline {FONT} at (0,0) size 3x11
                RenderText {#text} at (0,0) size 3x11
                  text run at (0,0) width 3: " "
            RenderTableCell {TD} at (404,48) size 10x12 [bgcolor=#026766] [r=4 c=44 rs=1 cs=1]
              RenderInline {FONT} at (0,0) size 3x11
                RenderText {#text} at (0,0) size 3x11
                  text run at (0,0) width 3: " "
            RenderTableCell {TD} at (414,48) size 10x12 [bgcolor=#026766] [r=4 c=45 rs=1 cs=1]
              RenderInline {FONT} at (0,0) size 3x11
                RenderText {#text} at (0,0) size 3x11
                  text run at (0,0) width 3: " "
            RenderTableCell {TD} at (424,48) size 10x12 [bgcolor=#026766] [r=4 c=46 rs=1 cs=1]
              RenderInline {FONT} at (0,0) size 3x11
                RenderText {#text} at (0,0) size 3x11
                  text run at (0,0) width 3: " "
            RenderTableCell {TD} at (434,48) size 10x12 [bgcolor=#026766] [r=4 c=47 rs=1 cs=1]
              RenderInline {FONT} at (0,0) size 3x11
                RenderText {#text} at (0,0) size 3x11
                  text run at (0,0) width 3: " "
            RenderTableCell {TD} at (444,48) size 10x12 [bgcolor=#026766] [r=4 c=48 rs=1 cs=1]
              RenderInline {FONT} at (0,0) size 3x11
                RenderText {#text} at (0,0) size 3x11
                  text run at (0,0) width 3: " "
            RenderTableCell {TD} at (454,48) size 10x12 [bgcolor=#026766] [r=4 c=49 rs=1 cs=1]
              RenderInline {FONT} at (0,0) size 3x11
                RenderText {#text} at (0,0) size 3x11
                  text run at (0,0) width 3: " "
            RenderTableCell {TD} at (464,48) size 10x12 [bgcolor=#026766] [r=4 c=50 rs=1 cs=1]
              RenderInline {FONT} at (0,0) size 3x11
                RenderText {#text} at (0,0) size 3x11
                  text run at (0,0) width 3: " "
            RenderTableCell {TD} at (474,48) size 10x12 [bgcolor=#026766] [r=4 c=51 rs=1 cs=1]
              RenderInline {FONT} at (0,0) size 3x11
                RenderText {#text} at (0,0) size 3x11
                  text run at (0,0) width 3: " "
            RenderTableCell {TD} at (484,48) size 10x12 [bgcolor=#026766] [r=4 c=52 rs=1 cs=1]
              RenderInline {FONT} at (0,0) size 3x11
                RenderText {#text} at (0,0) size 3x11
                  text run at (0,0) width 3: " "
            RenderTableCell {TD} at (494,48) size 10x12 [bgcolor=#025E5E] [r=4 c=53 rs=1 cs=1]
              RenderInline {FONT} at (0,0) size 3x11
                RenderText {#text} at (0,0) size 3x11
                  text run at (0,0) width 3: " "
            RenderTableCell {TD} at (504,48) size 10x12 [bgcolor=#025E5E] [r=4 c=54 rs=1 cs=1]
              RenderInline {FONT} at (0,0) size 3x11
                RenderText {#text} at (0,0) size 3x11
                  text run at (0,0) width 3: " "
            RenderTableCell {TD} at (514,48) size 10x12 [bgcolor=#044140] [r=4 c=55 rs=1 cs=1]
              RenderInline {FONT} at (0,0) size 3x11
                RenderText {#text} at (0,0) size 3x11
                  text run at (0,0) width 3: " "
            RenderTableCell {TD} at (524,48) size 10x12 [bgcolor=#083131] [r=4 c=56 rs=1 cs=1]
              RenderInline {FONT} at (0,0) size 3x11
                RenderText {#text} at (0,0) size 3x11
                  text run at (0,0) width 3: " "
            RenderTableCell {TD} at (534,48) size 10x12 [bgcolor=#4D4F4F] [r=4 c=57 rs=1 cs=1]
              RenderInline {FONT} at (0,0) size 3x11
                RenderText {#text} at (0,0) size 3x11
                  text run at (0,0) width 3: " "
            RenderTableCell {TD} at (544,48) size 10x12 [bgcolor=#777878] [r=4 c=58 rs=1 cs=1]
              RenderInline {FONT} at (0,0) size 3x11
                RenderText {#text} at (0,0) size 3x11
                  text run at (0,0) width 3: " "
            RenderTableCell {TD} at (554,48) size 10x12 [bgcolor=#939494] [r=4 c=59 rs=1 cs=1]
              RenderInline {FONT} at (0,0) size 3x11
                RenderText {#text} at (0,0) size 3x11
                  text run at (0,0) width 3: " "
            RenderTableCell {TD} at (564,48) size 10x12 [bgcolor=#A5A6A6] [r=4 c=60 rs=1 cs=1]
              RenderInline {FONT} at (0,0) size 3x11
                RenderText {#text} at (0,0) size 3x11
                  text run at (0,0) width 3: " "
            RenderTableCell {TD} at (574,48) size 10x12 [bgcolor=#B4B4B4] [r=4 c=61 rs=1 cs=1]
              RenderInline {FONT} at (0,0) size 3x11
                RenderText {#text} at (0,0) size 3x11
                  text run at (0,0) width 3: " "
            RenderTableCell {TD} at (584,48) size 10x12 [bgcolor=#A5A6A6] [r=4 c=62 rs=1 cs=1]
              RenderInline {FONT} at (0,0) size 3x11
                RenderText {#text} at (0,0) size 3x11
                  text run at (0,0) width 3: " "
            RenderTableCell {TD} at (594,48) size 10x12 [bgcolor=#589594] [r=4 c=63 rs=1 cs=1]
              RenderInline {FONT} at (0,0) size 3x11
                RenderText {#text} at (0,0) size 3x11
                  text run at (0,0) width 3: " "
            RenderTableCell {TD} at (604,48) size 10x12 [bgcolor=#048485] [r=4 c=64 rs=1 cs=1]
              RenderInline {FONT} at (0,0) size 3x11
                RenderText {#text} at (0,0) size 3x11
                  text run at (0,0) width 3: " "
            RenderTableCell {TD} at (614,48) size 10x12 [bgcolor=#048485] [r=4 c=65 rs=1 cs=1]
              RenderInline {FONT} at (0,0) size 3x11
                RenderText {#text} at (0,0) size 3x11
                  text run at (0,0) width 3: " "
            RenderTableCell {TD} at (624,48) size 10x12 [bgcolor=#027777] [r=4 c=66 rs=1 cs=1]
              RenderInline {FONT} at (0,0) size 3x11
                RenderText {#text} at (0,0) size 3x11
                  text run at (0,0) width 3: " "
            RenderTableCell {TD} at (634,48) size 10x12 [bgcolor=#027777] [r=4 c=67 rs=1 cs=1]
              RenderInline {FONT} at (0,0) size 3x11
                RenderText {#text} at (0,0) size 3x11
                  text run at (0,0) width 3: " "
            RenderTableCell {TD} at (644,48) size 10x12 [bgcolor=#026766] [r=4 c=68 rs=1 cs=1]
              RenderInline {FONT} at (0,0) size 3x11
                RenderText {#text} at (0,0) size 3x11
                  text run at (0,0) width 3: " "
            RenderTableCell {TD} at (654,48) size 10x12 [bgcolor=#026766] [r=4 c=69 rs=1 cs=1]
              RenderInline {FONT} at (0,0) size 3x11
                RenderText {#text} at (0,0) size 3x11
                  text run at (0,0) width 3: " "
            RenderTableCell {TD} at (664,48) size 10x12 [bgcolor=#026766] [r=4 c=70 rs=1 cs=1]
              RenderInline {FONT} at (0,0) size 3x11
                RenderText {#text} at (0,0) size 3x11
                  text run at (0,0) width 3: " "
            RenderTableCell {TD} at (674,48) size 10x12 [bgcolor=#026766] [r=4 c=71 rs=1 cs=1]
              RenderInline {FONT} at (0,0) size 3x11
                RenderText {#text} at (0,0) size 3x11
                  text run at (0,0) width 3: " "
            RenderTableCell {TD} at (684,48) size 10x12 [bgcolor=#025E5E] [r=4 c=72 rs=1 cs=1]
              RenderInline {FONT} at (0,0) size 3x11
                RenderText {#text} at (0,0) size 3x11
                  text run at (0,0) width 3: " "
            RenderTableCell {TD} at (694,48) size 10x12 [bgcolor=#025E5E] [r=4 c=73 rs=1 cs=1]
              RenderInline {FONT} at (0,0) size 3x11
                RenderText {#text} at (0,0) size 3x11
                  text run at (0,0) width 3: " "
            RenderTableCell {TD} at (704,48) size 10x12 [bgcolor=#044F4F] [r=4 c=74 rs=1 cs=1]
              RenderInline {FONT} at (0,0) size 3x11
                RenderText {#text} at (0,0) size 3x11
                  text run at (0,0) width 3: " "
            RenderTableCell {TD} at (714,48) size 10x12 [bgcolor=#044140] [r=4 c=75 rs=1 cs=1]
              RenderInline {FONT} at (0,0) size 3x11
                RenderText {#text} at (0,0) size 3x11
                  text run at (0,0) width 3: " "
            RenderTableCell {TD} at (724,48) size 10x12 [bgcolor=#044F4F] [r=4 c=76 rs=1 cs=1]
              RenderInline {FONT} at (0,0) size 3x11
                RenderText {#text} at (0,0) size 3x11
                  text run at (0,0) width 3: " "
            RenderTableCell {TD} at (734,48) size 10x12 [bgcolor=#044F4F] [r=4 c=77 rs=1 cs=1]
              RenderInline {FONT} at (0,0) size 3x11
                RenderText {#text} at (0,0) size 3x11
                  text run at (0,0) width 3: " "
            RenderTableCell {TD} at (744,48) size 10x12 [bgcolor=#025E5E] [r=4 c=78 rs=1 cs=1]
              RenderInline {FONT} at (0,0) size 3x11
                RenderText {#text} at (0,0) size 3x11
                  text run at (0,0) width 3: " "
            RenderTableCell {TD} at (754,48) size 10x12 [bgcolor=#026766] [r=4 c=79 rs=1 cs=1]
              RenderInline {FONT} at (0,0) size 3x11
                RenderText {#text} at (0,0) size 3x11
                  text run at (0,0) width 3: " "
            RenderTableCell {TD} at (764,48) size 10x12 [bgcolor=#026766] [r=4 c=80 rs=1 cs=1]
              RenderInline {FONT} at (0,0) size 3x11
                RenderText {#text} at (0,0) size 3x11
                  text run at (0,0) width 3: " "
            RenderTableCell {TD} at (774,48) size 10x12 [bgcolor=#026766] [r=4 c=81 rs=1 cs=1]
              RenderInline {FONT} at (0,0) size 3x11
                RenderText {#text} at (0,0) size 3x11
                  text run at (0,0) width 3: " "
            RenderTableCell {TD} at (784,48) size 10x12 [bgcolor=#026766] [r=4 c=82 rs=1 cs=1]
              RenderInline {FONT} at (0,0) size 3x11
                RenderText {#text} at (0,0) size 3x11
                  text run at (0,0) width 3: " "
            RenderTableCell {TD} at (794,48) size 10x12 [bgcolor=#026766] [r=4 c=83 rs=1 cs=1]
              RenderInline {FONT} at (0,0) size 3x11
                RenderText {#text} at (0,0) size 3x11
                  text run at (0,0) width 3: " "
            RenderTableCell {TD} at (804,48) size 10x12 [bgcolor=#026766] [r=4 c=84 rs=1 cs=1]
              RenderInline {FONT} at (0,0) size 3x11
                RenderText {#text} at (0,0) size 3x11
                  text run at (0,0) width 3: " "
            RenderTableCell {TD} at (814,48) size 10x12 [bgcolor=#026766] [r=4 c=85 rs=1 cs=1]
              RenderInline {FONT} at (0,0) size 3x11
                RenderText {#text} at (0,0) size 3x11
                  text run at (0,0) width 3: " "
            RenderTableCell {TD} at (824,48) size 10x12 [bgcolor=#026766] [r=4 c=86 rs=1 cs=1]
              RenderInline {FONT} at (0,0) size 3x11
                RenderText {#text} at (0,0) size 3x11
                  text run at (0,0) width 3: " "
            RenderTableCell {TD} at (834,48) size 10x12 [bgcolor=#026766] [r=4 c=87 rs=1 cs=1]
              RenderInline {FONT} at (0,0) size 3x11
                RenderText {#text} at (0,0) size 3x11
                  text run at (0,0) width 3: " "
            RenderTableCell {TD} at (844,48) size 10x12 [bgcolor=#026766] [r=4 c=88 rs=1 cs=1]
              RenderInline {FONT} at (0,0) size 3x11
                RenderText {#text} at (0,0) size 3x11
                  text run at (0,0) width 3: " "
            RenderTableCell {TD} at (854,48) size 10x12 [bgcolor=#026766] [r=4 c=89 rs=1 cs=1]
              RenderInline {FONT} at (0,0) size 3x11
                RenderText {#text} at (0,0) size 3x11
                  text run at (0,0) width 3: " "
            RenderTableCell {TD} at (864,48) size 10x12 [bgcolor=#026766] [r=4 c=90 rs=1 cs=1]
              RenderInline {FONT} at (0,0) size 3x11
                RenderText {#text} at (0,0) size 3x11
                  text run at (0,0) width 3: " "
            RenderTableCell {TD} at (874,48) size 10x12 [bgcolor=#025E5E] [r=4 c=91 rs=1 cs=1]
              RenderInline {FONT} at (0,0) size 3x11
                RenderText {#text} at (0,0) size 3x11
                  text run at (0,0) width 3: " "
            RenderTableCell {TD} at (884,48) size 10x12 [bgcolor=#044F4F] [r=4 c=92 rs=1 cs=1]
              RenderInline {FONT} at (0,0) size 3x11
                RenderText {#text} at (0,0) size 3x11
                  text run at (0,0) width 3: " "
            RenderTableCell {TD} at (894,48) size 10x12 [bgcolor=#044140] [r=4 c=93 rs=1 cs=1]
              RenderInline {FONT} at (0,0) size 3x11
                RenderText {#text} at (0,0) size 3x11
                  text run at (0,0) width 3: " "
            RenderTableCell {TD} at (904,48) size 10x12 [bgcolor=#3D4242] [r=4 c=94 rs=1 cs=1]
              RenderInline {FONT} at (0,0) size 3x11
                RenderText {#text} at (0,0) size 3x11
                  text run at (0,0) width 3: " "
            RenderTableCell {TD} at (914,48) size 10x12 [bgcolor=#696A69] [r=4 c=95 rs=1 cs=1]
              RenderInline {FONT} at (0,0) size 3x11
                RenderText {#text} at (0,0) size 3x11
                  text run at (0,0) width 3: " "
            RenderTableCell {TD} at (924,48) size 10x12 [bgcolor=#939494] [r=4 c=96 rs=1 cs=1]
              RenderInline {FONT} at (0,0) size 3x11
                RenderText {#text} at (0,0) size 3x11
                  text run at (0,0) width 3: " "
            RenderTableCell {TD} at (934,48) size 10x12 [bgcolor=#A5A6A6] [r=4 c=97 rs=1 cs=1]
              RenderInline {FONT} at (0,0) size 3x11
                RenderText {#text} at (0,0) size 3x11
                  text run at (0,0) width 3: " "
            RenderTableCell {TD} at (944,48) size 10x12 [bgcolor=#939494] [r=4 c=98 rs=1 cs=1]
              RenderInline {FONT} at (0,0) size 3x11
                RenderText {#text} at (0,0) size 3x11
                  text run at (0,0) width 3: " "
            RenderTableCell {TD} at (954,48) size 10x12 [bgcolor=#696A69] [r=4 c=99 rs=1 cs=1]
              RenderInline {FONT} at (0,0) size 3x11
                RenderText {#text} at (0,0) size 3x11
                  text run at (0,0) width 3: " "
          RenderTableRow {TR} at (0,60) size 964x12
            RenderTableCell {TD} at (0,60) size 9x12 [bgcolor=#FDFDFB] [r=5 c=0 rs=1 cs=1]
              RenderInline {FONT} at (0,0) size 3x11
                RenderText {#text} at (0,0) size 3x11
                  text run at (0,0) width 3: " "
            RenderTableCell {TD} at (9,60) size 9x12 [bgcolor=#FDFDFB] [r=5 c=1 rs=1 cs=1]
              RenderInline {FONT} at (0,0) size 3x11
                RenderText {#text} at (0,0) size 3x11
                  text run at (0,0) width 3: " "
            RenderTableCell {TD} at (18,60) size 9x12 [bgcolor=#FDFDFB] [r=5 c=2 rs=1 cs=1]
              RenderInline {FONT} at (0,0) size 3x11
                RenderText {#text} at (0,0) size 3x11
                  text run at (0,0) width 3: " "
            RenderTableCell {TD} at (27,60) size 9x12 [bgcolor=#7DBAB9] [r=5 c=3 rs=1 cs=1]
              RenderInline {FONT} at (0,0) size 3x11
                RenderText {#text} at (0,0) size 3x11
                  text run at (0,0) width 3: " "
            RenderTableCell {TD} at (36,60) size 9x12 [bgcolor=#048485] [r=5 c=4 rs=1 cs=1]
              RenderInline {FONT} at (0,0) size 3x11
                RenderText {#text} at (0,0) size 3x11
                  text run at (0,0) width 3: " "
            RenderTableCell {TD} at (45,60) size 9x12 [bgcolor=#048485] [r=5 c=5 rs=1 cs=1]
              RenderInline {FONT} at (0,0) size 3x11
                RenderText {#text} at (0,0) size 3x11
                  text run at (0,0) width 3: " "
            RenderTableCell {TD} at (54,60) size 9x12 [bgcolor=#027777] [r=5 c=6 rs=1 cs=1]
              RenderInline {FONT} at (0,0) size 3x11
                RenderText {#text} at (0,0) size 3x11
                  text run at (0,0) width 3: " "
            RenderTableCell {TD} at (63,60) size 9x12 [bgcolor=#026766] [r=5 c=7 rs=1 cs=1]
              RenderInline {FONT} at (0,0) size 3x11
                RenderText {#text} at (0,0) size 3x11
                  text run at (0,0) width 3: " "
            RenderTableCell {TD} at (72,60) size 9x12 [bgcolor=#026766] [r=5 c=8 rs=1 cs=1]
              RenderInline {FONT} at (0,0) size 3x11
                RenderText {#text} at (0,0) size 3x11
                  text run at (0,0) width 3: " "
            RenderTableCell {TD} at (81,60) size 9x12 [bgcolor=#026766] [r=5 c=9 rs=1 cs=1]
              RenderInline {FONT} at (0,0) size 3x11
                RenderText {#text} at (0,0) size 3x11
                  text run at (0,0) width 3: " "
            RenderTableCell {TD} at (90,60) size 9x12 [bgcolor=#026766] [r=5 c=10 rs=1 cs=1]
              RenderInline {FONT} at (0,0) size 3x11
                RenderText {#text} at (0,0) size 3x11
                  text run at (0,0) width 3: " "
            RenderTableCell {TD} at (99,60) size 9x12 [bgcolor=#025E5E] [r=5 c=11 rs=1 cs=1]
              RenderInline {FONT} at (0,0) size 3x11
                RenderText {#text} at (0,0) size 3x11
                  text run at (0,0) width 3: " "
            RenderTableCell {TD} at (108,60) size 9x12 [bgcolor=#025E5E] [r=5 c=12 rs=1 cs=1]
              RenderInline {FONT} at (0,0) size 3x11
                RenderText {#text} at (0,0) size 3x11
                  text run at (0,0) width 3: " "
            RenderTableCell {TD} at (117,60) size 9x12 [bgcolor=#044140] [r=5 c=13 rs=1 cs=1]
              RenderInline {FONT} at (0,0) size 3x11
                RenderText {#text} at (0,0) size 3x11
                  text run at (0,0) width 3: " "
            RenderTableCell {TD} at (126,60) size 9x12 [bgcolor=#223C3D] [r=5 c=14 rs=1 cs=1]
              RenderInline {FONT} at (0,0) size 3x11
                RenderText {#text} at (0,0) size 3x11
                  text run at (0,0) width 3: " "
            RenderTableCell {TD} at (135,60) size 9x12 [bgcolor=#4D4F4F] [r=5 c=15 rs=1 cs=1]
              RenderInline {FONT} at (0,0) size 3x11
                RenderText {#text} at (0,0) size 3x11
                  text run at (0,0) width 3: " "
            RenderTableCell {TD} at (144,60) size 9x12 [bgcolor=#696A69] [r=5 c=16 rs=1 cs=1]
              RenderInline {FONT} at (0,0) size 3x11
                RenderText {#text} at (0,0) size 3x11
                  text run at (0,0) width 3: " "
            RenderTableCell {TD} at (153,60) size 9x12 [bgcolor=#777878] [r=5 c=17 rs=1 cs=1]
              RenderInline {FONT} at (0,0) size 3x11
                RenderText {#text} at (0,0) size 3x11
                  text run at (0,0) width 3: " "
            RenderTableCell {TD} at (162,60) size 9x12 [bgcolor=#777878] [r=5 c=18 rs=1 cs=1]
              RenderInline {FONT} at (0,0) size 3x11
                RenderText {#text} at (0,0) size 3x11
                  text run at (0,0) width 3: " "
            RenderTableCell {TD} at (171,60) size 9x12 [bgcolor=#1E7A79] [r=5 c=19 rs=1 cs=1]
              RenderInline {FONT} at (0,0) size 3x11
                RenderText {#text} at (0,0) size 3x11
                  text run at (0,0) width 3: " "
            RenderTableCell {TD} at (180,60) size 9x12 [bgcolor=#027777] [r=5 c=20 rs=1 cs=1]
              RenderInline {FONT} at (0,0) size 3x11
                RenderText {#text} at (0,0) size 3x11
                  text run at (0,0) width 3: " "
            RenderTableCell {TD} at (189,60) size 9x12 [bgcolor=#026766] [r=5 c=21 rs=1 cs=1]
              RenderInline {FONT} at (0,0) size 3x11
                RenderText {#text} at (0,0) size 3x11
                  text run at (0,0) width 3: " "
            RenderTableCell {TD} at (198,60) size 9x12 [bgcolor=#026766] [r=5 c=22 rs=1 cs=1]
              RenderInline {FONT} at (0,0) size 3x11
                RenderText {#text} at (0,0) size 3x11
                  text run at (0,0) width 3: " "
            RenderTableCell {TD} at (207,60) size 9x12 [bgcolor=#026766] [r=5 c=23 rs=1 cs=1]
              RenderInline {FONT} at (0,0) size 3x11
                RenderText {#text} at (0,0) size 3x11
                  text run at (0,0) width 3: " "
            RenderTableCell {TD} at (216,60) size 9x12 [bgcolor=#026766] [r=5 c=24 rs=1 cs=1]
              RenderInline {FONT} at (0,0) size 3x11
                RenderText {#text} at (0,0) size 3x11
                  text run at (0,0) width 3: " "
            RenderTableCell {TD} at (225,60) size 9x12 [bgcolor=#026766] [r=5 c=25 rs=1 cs=1]
              RenderInline {FONT} at (0,0) size 3x11
                RenderText {#text} at (0,0) size 3x11
                  text run at (0,0) width 3: " "
            RenderTableCell {TD} at (234,60) size 9x12 [bgcolor=#026766] [r=5 c=26 rs=1 cs=1]
              RenderInline {FONT} at (0,0) size 3x11
                RenderText {#text} at (0,0) size 3x11
                  text run at (0,0) width 3: " "
            RenderTableCell {TD} at (243,60) size 9x12 [bgcolor=#025E5E] [r=5 c=27 rs=1 cs=1]
              RenderInline {FONT} at (0,0) size 3x11
                RenderText {#text} at (0,0) size 3x11
                  text run at (0,0) width 3: " "
            RenderTableCell {TD} at (252,60) size 9x12 [bgcolor=#025E5E] [r=5 c=28 rs=1 cs=1]
              RenderInline {FONT} at (0,0) size 3x11
                RenderText {#text} at (0,0) size 3x11
                  text run at (0,0) width 3: " "
            RenderTableCell {TD} at (261,60) size 9x12 [bgcolor=#025E5E] [r=5 c=29 rs=1 cs=1]
              RenderInline {FONT} at (0,0) size 3x11
                RenderText {#text} at (0,0) size 3x11
                  text run at (0,0) width 3: " "
            RenderTableCell {TD} at (270,60) size 9x12 [bgcolor=#526B6B] [r=5 c=30 rs=1 cs=1]
              RenderInline {FONT} at (0,0) size 3x11
                RenderText {#text} at (0,0) size 3x11
                  text run at (0,0) width 3: " "
            RenderTableCell {TD} at (279,60) size 9x12 [bgcolor=#848788] [r=5 c=31 rs=1 cs=1]
              RenderInline {FONT} at (0,0) size 3x11
                RenderText {#text} at (0,0) size 3x11
                  text run at (0,0) width 3: " "
            RenderTableCell {TD} at (288,60) size 9x12 [bgcolor=#939494] [r=5 c=32 rs=1 cs=1]
              RenderInline {FONT} at (0,0) size 3x11
                RenderText {#text} at (0,0) size 3x11
                  text run at (0,0) width 3: " "
            RenderTableCell {TD} at (297,60) size 9x12 [bgcolor=#939494] [r=5 c=33 rs=1 cs=1]
              RenderInline {FONT} at (0,0) size 3x11
                RenderText {#text} at (0,0) size 3x11
                  text run at (0,0) width 3: " "
            RenderTableCell {TD} at (306,60) size 9x12 [bgcolor=#91A3A3] [r=5 c=34 rs=1 cs=1]
              RenderInline {FONT} at (0,0) size 3x11
                RenderText {#text} at (0,0) size 3x11
                  text run at (0,0) width 3: " "
            RenderTableCell {TD} at (315,60) size 9x12 [bgcolor=#939494] [r=5 c=35 rs=1 cs=1]
              RenderInline {FONT} at (0,0) size 3x11
                RenderText {#text} at (0,0) size 3x11
                  text run at (0,0) width 3: " "
            RenderTableCell {TD} at (324,60) size 10x12 [bgcolor=#027777] [r=5 c=36 rs=1 cs=1]
              RenderInline {FONT} at (0,0) size 3x11
                RenderText {#text} at (0,0) size 3x11
                  text run at (0,0) width 3: " "
            RenderTableCell {TD} at (334,60) size 10x12 [bgcolor=#027777] [r=5 c=37 rs=1 cs=1]
              RenderInline {FONT} at (0,0) size 3x11
                RenderText {#text} at (0,0) size 3x11
                  text run at (0,0) width 3: " "
            RenderTableCell {TD} at (344,60) size 10x12 [bgcolor=#026766] [r=5 c=38 rs=1 cs=1]
              RenderInline {FONT} at (0,0) size 3x11
                RenderText {#text} at (0,0) size 3x11
                  text run at (0,0) width 3: " "
            RenderTableCell {TD} at (354,60) size 10x12 [bgcolor=#026766] [r=5 c=39 rs=1 cs=1]
              RenderInline {FONT} at (0,0) size 3x11
                RenderText {#text} at (0,0) size 3x11
                  text run at (0,0) width 3: " "
            RenderTableCell {TD} at (364,60) size 10x12 [bgcolor=#026766] [r=5 c=40 rs=1 cs=1]
              RenderInline {FONT} at (0,0) size 3x11
                RenderText {#text} at (0,0) size 3x11
                  text run at (0,0) width 3: " "
            RenderTableCell {TD} at (374,60) size 10x12 [bgcolor=#026766] [r=5 c=41 rs=1 cs=1]
              RenderInline {FONT} at (0,0) size 3x11
                RenderText {#text} at (0,0) size 3x11
                  text run at (0,0) width 3: " "
            RenderTableCell {TD} at (384,60) size 10x12 [bgcolor=#026766] [r=5 c=42 rs=1 cs=1]
              RenderInline {FONT} at (0,0) size 3x11
                RenderText {#text} at (0,0) size 3x11
                  text run at (0,0) width 3: " "
            RenderTableCell {TD} at (394,60) size 10x12 [bgcolor=#026766] [r=5 c=43 rs=1 cs=1]
              RenderInline {FONT} at (0,0) size 3x11
                RenderText {#text} at (0,0) size 3x11
                  text run at (0,0) width 3: " "
            RenderTableCell {TD} at (404,60) size 10x12 [bgcolor=#026766] [r=5 c=44 rs=1 cs=1]
              RenderInline {FONT} at (0,0) size 3x11
                RenderText {#text} at (0,0) size 3x11
                  text run at (0,0) width 3: " "
            RenderTableCell {TD} at (414,60) size 10x12 [bgcolor=#026766] [r=5 c=45 rs=1 cs=1]
              RenderInline {FONT} at (0,0) size 3x11
                RenderText {#text} at (0,0) size 3x11
                  text run at (0,0) width 3: " "
            RenderTableCell {TD} at (424,60) size 10x12 [bgcolor=#026766] [r=5 c=46 rs=1 cs=1]
              RenderInline {FONT} at (0,0) size 3x11
                RenderText {#text} at (0,0) size 3x11
                  text run at (0,0) width 3: " "
            RenderTableCell {TD} at (434,60) size 10x12 [bgcolor=#026766] [r=5 c=47 rs=1 cs=1]
              RenderInline {FONT} at (0,0) size 3x11
                RenderText {#text} at (0,0) size 3x11
                  text run at (0,0) width 3: " "
            RenderTableCell {TD} at (444,60) size 10x12 [bgcolor=#026766] [r=5 c=48 rs=1 cs=1]
              RenderInline {FONT} at (0,0) size 3x11
                RenderText {#text} at (0,0) size 3x11
                  text run at (0,0) width 3: " "
            RenderTableCell {TD} at (454,60) size 10x12 [bgcolor=#026766] [r=5 c=49 rs=1 cs=1]
              RenderInline {FONT} at (0,0) size 3x11
                RenderText {#text} at (0,0) size 3x11
                  text run at (0,0) width 3: " "
            RenderTableCell {TD} at (464,60) size 10x12 [bgcolor=#026766] [r=5 c=50 rs=1 cs=1]
              RenderInline {FONT} at (0,0) size 3x11
                RenderText {#text} at (0,0) size 3x11
                  text run at (0,0) width 3: " "
            RenderTableCell {TD} at (474,60) size 10x12 [bgcolor=#025E5E] [r=5 c=51 rs=1 cs=1]
              RenderInline {FONT} at (0,0) size 3x11
                RenderText {#text} at (0,0) size 3x11
                  text run at (0,0) width 3: " "
            RenderTableCell {TD} at (484,60) size 10x12 [bgcolor=#025E5E] [r=5 c=52 rs=1 cs=1]
              RenderInline {FONT} at (0,0) size 3x11
                RenderText {#text} at (0,0) size 3x11
                  text run at (0,0) width 3: " "
            RenderTableCell {TD} at (494,60) size 10x12 [bgcolor=#044F4F] [r=5 c=53 rs=1 cs=1]
              RenderInline {FONT} at (0,0) size 3x11
                RenderText {#text} at (0,0) size 3x11
                  text run at (0,0) width 3: " "
            RenderTableCell {TD} at (504,60) size 10x12 [bgcolor=#044140] [r=5 c=54 rs=1 cs=1]
              RenderInline {FONT} at (0,0) size 3x11
                RenderText {#text} at (0,0) size 3x11
                  text run at (0,0) width 3: " "
            RenderTableCell {TD} at (514,60) size 10x12 [bgcolor=#083131] [r=5 c=55 rs=1 cs=1]
              RenderInline {FONT} at (0,0) size 3x11
                RenderText {#text} at (0,0) size 3x11
                  text run at (0,0) width 3: " "
            RenderTableCell {TD} at (524,60) size 10x12 [bgcolor=#083131] [r=5 c=56 rs=1 cs=1]
              RenderInline {FONT} at (0,0) size 3x11
                RenderText {#text} at (0,0) size 3x11
                  text run at (0,0) width 3: " "
            RenderTableCell {TD} at (534,60) size 10x12 [bgcolor=#4D4F4F] [r=5 c=57 rs=1 cs=1]
              RenderInline {FONT} at (0,0) size 3x11
                RenderText {#text} at (0,0) size 3x11
                  text run at (0,0) width 3: " "
            RenderTableCell {TD} at (544,60) size 10x12 [bgcolor=#696A69] [r=5 c=58 rs=1 cs=1]
              RenderInline {FONT} at (0,0) size 3x11
                RenderText {#text} at (0,0) size 3x11
                  text run at (0,0) width 3: " "
            RenderTableCell {TD} at (554,60) size 10x12 [bgcolor=#939494] [r=5 c=59 rs=1 cs=1]
              RenderInline {FONT} at (0,0) size 3x11
                RenderText {#text} at (0,0) size 3x11
                  text run at (0,0) width 3: " "
            RenderTableCell {TD} at (564,60) size 10x12 [bgcolor=#939494] [r=5 c=60 rs=1 cs=1]
              RenderInline {FONT} at (0,0) size 3x11
                RenderText {#text} at (0,0) size 3x11
                  text run at (0,0) width 3: " "
            RenderTableCell {TD} at (574,60) size 10x12 [bgcolor=#939494] [r=5 c=61 rs=1 cs=1]
              RenderInline {FONT} at (0,0) size 3x11
                RenderText {#text} at (0,0) size 3x11
                  text run at (0,0) width 3: " "
            RenderTableCell {TD} at (584,60) size 10x12 [bgcolor=#469191] [r=5 c=62 rs=1 cs=1]
              RenderInline {FONT} at (0,0) size 3x11
                RenderText {#text} at (0,0) size 3x11
                  text run at (0,0) width 3: " "
            RenderTableCell {TD} at (594,60) size 10x12 [bgcolor=#048485] [r=5 c=63 rs=1 cs=1]
              RenderInline {FONT} at (0,0) size 3x11
                RenderText {#text} at (0,0) size 3x11
                  text run at (0,0) width 3: " "
            RenderTableCell {TD} at (604,60) size 10x12 [bgcolor=#048485] [r=5 c=64 rs=1 cs=1]
              RenderInline {FONT} at (0,0) size 3x11
                RenderText {#text} at (0,0) size 3x11
                  text run at (0,0) width 3: " "
            RenderTableCell {TD} at (614,60) size 10x12 [bgcolor=#027777] [r=5 c=65 rs=1 cs=1]
              RenderInline {FONT} at (0,0) size 3x11
                RenderText {#text} at (0,0) size 3x11
                  text run at (0,0) width 3: " "
            RenderTableCell {TD} at (624,60) size 10x12 [bgcolor=#026766] [r=5 c=66 rs=1 cs=1]
              RenderInline {FONT} at (0,0) size 3x11
                RenderText {#text} at (0,0) size 3x11
                  text run at (0,0) width 3: " "
            RenderTableCell {TD} at (634,60) size 10x12 [bgcolor=#026766] [r=5 c=67 rs=1 cs=1]
              RenderInline {FONT} at (0,0) size 3x11
                RenderText {#text} at (0,0) size 3x11
                  text run at (0,0) width 3: " "
            RenderTableCell {TD} at (644,60) size 10x12 [bgcolor=#026766] [r=5 c=68 rs=1 cs=1]
              RenderInline {FONT} at (0,0) size 3x11
                RenderText {#text} at (0,0) size 3x11
                  text run at (0,0) width 3: " "
            RenderTableCell {TD} at (654,60) size 10x12 [bgcolor=#026766] [r=5 c=69 rs=1 cs=1]
              RenderInline {FONT} at (0,0) size 3x11
                RenderText {#text} at (0,0) size 3x11
                  text run at (0,0) width 3: " "
            RenderTableCell {TD} at (664,60) size 10x12 [bgcolor=#026766] [r=5 c=70 rs=1 cs=1]
              RenderInline {FONT} at (0,0) size 3x11
                RenderText {#text} at (0,0) size 3x11
                  text run at (0,0) width 3: " "
            RenderTableCell {TD} at (674,60) size 10x12 [bgcolor=#025E5E] [r=5 c=71 rs=1 cs=1]
              RenderInline {FONT} at (0,0) size 3x11
                RenderText {#text} at (0,0) size 3x11
                  text run at (0,0) width 3: " "
            RenderTableCell {TD} at (684,60) size 10x12 [bgcolor=#044F4F] [r=5 c=72 rs=1 cs=1]
              RenderInline {FONT} at (0,0) size 3x11
                RenderText {#text} at (0,0) size 3x11
                  text run at (0,0) width 3: " "
            RenderTableCell {TD} at (694,60) size 10x12 [bgcolor=#044140] [r=5 c=73 rs=1 cs=1]
              RenderInline {FONT} at (0,0) size 3x11
                RenderText {#text} at (0,0) size 3x11
                  text run at (0,0) width 3: " "
            RenderTableCell {TD} at (704,60) size 10x12 [bgcolor=#083131] [r=5 c=74 rs=1 cs=1]
              RenderInline {FONT} at (0,0) size 3x11
                RenderText {#text} at (0,0) size 3x11
                  text run at (0,0) width 3: " "
            RenderTableCell {TD} at (714,60) size 10x12 [bgcolor=#083131] [r=5 c=75 rs=1 cs=1]
              RenderInline {FONT} at (0,0) size 3x11
                RenderText {#text} at (0,0) size 3x11
                  text run at (0,0) width 3: " "
            RenderTableCell {TD} at (724,60) size 10x12 [bgcolor=#223C3D] [r=5 c=76 rs=1 cs=1]
              RenderInline {FONT} at (0,0) size 3x11
                RenderText {#text} at (0,0) size 3x11
                  text run at (0,0) width 3: " "
            RenderTableCell {TD} at (734,60) size 10x12 [bgcolor=#274C4D] [r=5 c=77 rs=1 cs=1]
              RenderInline {FONT} at (0,0) size 3x11
                RenderText {#text} at (0,0) size 3x11
                  text run at (0,0) width 3: " "
            RenderTableCell {TD} at (744,60) size 10x12 [bgcolor=#025E5E] [r=5 c=78 rs=1 cs=1]
              RenderInline {FONT} at (0,0) size 3x11
                RenderText {#text} at (0,0) size 3x11
                  text run at (0,0) width 3: " "
            RenderTableCell {TD} at (754,60) size 10x12 [bgcolor=#026766] [r=5 c=79 rs=1 cs=1]
              RenderInline {FONT} at (0,0) size 3x11
                RenderText {#text} at (0,0) size 3x11
                  text run at (0,0) width 3: " "
            RenderTableCell {TD} at (764,60) size 10x12 [bgcolor=#026766] [r=5 c=80 rs=1 cs=1]
              RenderInline {FONT} at (0,0) size 3x11
                RenderText {#text} at (0,0) size 3x11
                  text run at (0,0) width 3: " "
            RenderTableCell {TD} at (774,60) size 10x12 [bgcolor=#026766] [r=5 c=81 rs=1 cs=1]
              RenderInline {FONT} at (0,0) size 3x11
                RenderText {#text} at (0,0) size 3x11
                  text run at (0,0) width 3: " "
            RenderTableCell {TD} at (784,60) size 10x12 [bgcolor=#026766] [r=5 c=82 rs=1 cs=1]
              RenderInline {FONT} at (0,0) size 3x11
                RenderText {#text} at (0,0) size 3x11
                  text run at (0,0) width 3: " "
            RenderTableCell {TD} at (794,60) size 10x12 [bgcolor=#026766] [r=5 c=83 rs=1 cs=1]
              RenderInline {FONT} at (0,0) size 3x11
                RenderText {#text} at (0,0) size 3x11
                  text run at (0,0) width 3: " "
            RenderTableCell {TD} at (804,60) size 10x12 [bgcolor=#026766] [r=5 c=84 rs=1 cs=1]
              RenderInline {FONT} at (0,0) size 3x11
                RenderText {#text} at (0,0) size 3x11
                  text run at (0,0) width 3: " "
            RenderTableCell {TD} at (814,60) size 10x12 [bgcolor=#026766] [r=5 c=85 rs=1 cs=1]
              RenderInline {FONT} at (0,0) size 3x11
                RenderText {#text} at (0,0) size 3x11
                  text run at (0,0) width 3: " "
            RenderTableCell {TD} at (824,60) size 10x12 [bgcolor=#026766] [r=5 c=86 rs=1 cs=1]
              RenderInline {FONT} at (0,0) size 3x11
                RenderText {#text} at (0,0) size 3x11
                  text run at (0,0) width 3: " "
            RenderTableCell {TD} at (834,60) size 10x12 [bgcolor=#026766] [r=5 c=87 rs=1 cs=1]
              RenderInline {FONT} at (0,0) size 3x11
                RenderText {#text} at (0,0) size 3x11
                  text run at (0,0) width 3: " "
            RenderTableCell {TD} at (844,60) size 10x12 [bgcolor=#026766] [r=5 c=88 rs=1 cs=1]
              RenderInline {FONT} at (0,0) size 3x11
                RenderText {#text} at (0,0) size 3x11
                  text run at (0,0) width 3: " "
            RenderTableCell {TD} at (854,60) size 10x12 [bgcolor=#026766] [r=5 c=89 rs=1 cs=1]
              RenderInline {FONT} at (0,0) size 3x11
                RenderText {#text} at (0,0) size 3x11
                  text run at (0,0) width 3: " "
            RenderTableCell {TD} at (864,60) size 10x12 [bgcolor=#026766] [r=5 c=90 rs=1 cs=1]
              RenderInline {FONT} at (0,0) size 3x11
                RenderText {#text} at (0,0) size 3x11
                  text run at (0,0) width 3: " "
            RenderTableCell {TD} at (874,60) size 10x12 [bgcolor=#025E5E] [r=5 c=91 rs=1 cs=1]
              RenderInline {FONT} at (0,0) size 3x11
                RenderText {#text} at (0,0) size 3x11
                  text run at (0,0) width 3: " "
            RenderTableCell {TD} at (884,60) size 10x12 [bgcolor=#044F4F] [r=5 c=92 rs=1 cs=1]
              RenderInline {FONT} at (0,0) size 3x11
                RenderText {#text} at (0,0) size 3x11
                  text run at (0,0) width 3: " "
            RenderTableCell {TD} at (894,60) size 10x12 [bgcolor=#044140] [r=5 c=93 rs=1 cs=1]
              RenderInline {FONT} at (0,0) size 3x11
                RenderText {#text} at (0,0) size 3x11
                  text run at (0,0) width 3: " "
            RenderTableCell {TD} at (904,60) size 10x12 [bgcolor=#223C3D] [r=5 c=94 rs=1 cs=1]
              RenderInline {FONT} at (0,0) size 3x11
                RenderText {#text} at (0,0) size 3x11
                  text run at (0,0) width 3: " "
            RenderTableCell {TD} at (914,60) size 10x12 [bgcolor=#696A69] [r=5 c=95 rs=1 cs=1]
              RenderInline {FONT} at (0,0) size 3x11
                RenderText {#text} at (0,0) size 3x11
                  text run at (0,0) width 3: " "
            RenderTableCell {TD} at (924,60) size 10x12 [bgcolor=#848788] [r=5 c=96 rs=1 cs=1]
              RenderInline {FONT} at (0,0) size 3x11
                RenderText {#text} at (0,0) size 3x11
                  text run at (0,0) width 3: " "
            RenderTableCell {TD} at (934,60) size 10x12 [bgcolor=#939494] [r=5 c=97 rs=1 cs=1]
              RenderInline {FONT} at (0,0) size 3x11
                RenderText {#text} at (0,0) size 3x11
                  text run at (0,0) width 3: " "
            RenderTableCell {TD} at (944,60) size 10x12 [bgcolor=#777878] [r=5 c=98 rs=1 cs=1]
              RenderInline {FONT} at (0,0) size 3x11
                RenderText {#text} at (0,0) size 3x11
                  text run at (0,0) width 3: " "
            RenderTableCell {TD} at (954,60) size 10x12 [bgcolor=#515C5B] [r=5 c=99 rs=1 cs=1]
              RenderInline {FONT} at (0,0) size 3x11
                RenderText {#text} at (0,0) size 3x11
                  text run at (0,0) width 3: " "
          RenderTableRow {TR} at (0,72) size 964x12
            RenderTableCell {TD} at (0,72) size 9x12 [bgcolor=#FDFDFB] [r=6 c=0 rs=1 cs=1]
              RenderInline {FONT} at (0,0) size 3x11
                RenderText {#text} at (0,0) size 3x11
                  text run at (0,0) width 3: " "
            RenderTableCell {TD} at (9,72) size 9x12 [bgcolor=#FDFDFB] [r=6 c=1 rs=1 cs=1]
              RenderInline {FONT} at (0,0) size 3x11
                RenderText {#text} at (0,0) size 3x11
                  text run at (0,0) width 3: " "
            RenderTableCell {TD} at (18,72) size 9x12 [bgcolor=#A4CCCC] [r=6 c=2 rs=1 cs=1]
              RenderInline {FONT} at (0,0) size 3x11
                RenderText {#text} at (0,0) size 3x11
                  text run at (0,0) width 3: " "
            RenderTableCell {TD} at (27,72) size 9x12 [bgcolor=#048485] [r=6 c=3 rs=1 cs=1]
              RenderInline {FONT} at (0,0) size 3x11
                RenderText {#text} at (0,0) size 3x11
                  text run at (0,0) width 3: " "
            RenderTableCell {TD} at (36,72) size 9x12 [bgcolor=#048485] [r=6 c=4 rs=1 cs=1]
              RenderInline {FONT} at (0,0) size 3x11
                RenderText {#text} at (0,0) size 3x11
                  text run at (0,0) width 3: " "
            RenderTableCell {TD} at (45,72) size 9x12 [bgcolor=#027777] [r=6 c=5 rs=1 cs=1]
              RenderInline {FONT} at (0,0) size 3x11
                RenderText {#text} at (0,0) size 3x11
                  text run at (0,0) width 3: " "
            RenderTableCell {TD} at (54,72) size 9x12 [bgcolor=#026766] [r=6 c=6 rs=1 cs=1]
              RenderInline {FONT} at (0,0) size 3x11
                RenderText {#text} at (0,0) size 3x11
                  text run at (0,0) width 3: " "
            RenderTableCell {TD} at (63,72) size 9x12 [bgcolor=#026766] [r=6 c=7 rs=1 cs=1]
              RenderInline {FONT} at (0,0) size 3x11
                RenderText {#text} at (0,0) size 3x11
                  text run at (0,0) width 3: " "
            RenderTableCell {TD} at (72,72) size 9x12 [bgcolor=#026766] [r=6 c=8 rs=1 cs=1]
              RenderInline {FONT} at (0,0) size 3x11
                RenderText {#text} at (0,0) size 3x11
                  text run at (0,0) width 3: " "
            RenderTableCell {TD} at (81,72) size 9x12 [bgcolor=#026766] [r=6 c=9 rs=1 cs=1]
              RenderInline {FONT} at (0,0) size 3x11
                RenderText {#text} at (0,0) size 3x11
                  text run at (0,0) width 3: " "
            RenderTableCell {TD} at (90,72) size 9x12 [bgcolor=#026766] [r=6 c=10 rs=1 cs=1]
              RenderInline {FONT} at (0,0) size 3x11
                RenderText {#text} at (0,0) size 3x11
                  text run at (0,0) width 3: " "
            RenderTableCell {TD} at (99,72) size 9x12 [bgcolor=#025E5E] [r=6 c=11 rs=1 cs=1]
              RenderInline {FONT} at (0,0) size 3x11
                RenderText {#text} at (0,0) size 3x11
                  text run at (0,0) width 3: " "
            RenderTableCell {TD} at (108,72) size 9x12 [bgcolor=#025E5E] [r=6 c=12 rs=1 cs=1]
              RenderInline {FONT} at (0,0) size 3x11
                RenderText {#text} at (0,0) size 3x11
                  text run at (0,0) width 3: " "
            RenderTableCell {TD} at (117,72) size 9x12 [bgcolor=#044140] [r=6 c=13 rs=1 cs=1]
              RenderInline {FONT} at (0,0) size 3x11
                RenderText {#text} at (0,0) size 3x11
                  text run at (0,0) width 3: " "
            RenderTableCell {TD} at (126,72) size 9x12 [bgcolor=#223C3D] [r=6 c=14 rs=1 cs=1]
              RenderInline {FONT} at (0,0) size 3x11
                RenderText {#text} at (0,0) size 3x11
                  text run at (0,0) width 3: " "
            RenderTableCell {TD} at (135,72) size 9x12 [bgcolor=#696A69] [r=6 c=15 rs=1 cs=1]
              RenderInline {FONT} at (0,0) size 3x11
                RenderText {#text} at (0,0) size 3x11
                  text run at (0,0) width 3: " "
            RenderTableCell {TD} at (144,72) size 9x12 [bgcolor=#A5A6A6] [r=6 c=16 rs=1 cs=1]
              RenderInline {FONT} at (0,0) size 3x11
                RenderText {#text} at (0,0) size 3x11
                  text run at (0,0) width 3: " "
            RenderTableCell {TD} at (153,72) size 9x12 [bgcolor=#B4B4B4] [r=6 c=17 rs=1 cs=1]
              RenderInline {FONT} at (0,0) size 3x11
                RenderText {#text} at (0,0) size 3x11
                  text run at (0,0) width 3: " "
            RenderTableCell {TD} at (162,72) size 9x12 [bgcolor=#848788] [r=6 c=18 rs=1 cs=1]
              RenderInline {FONT} at (0,0) size 3x11
                RenderText {#text} at (0,0) size 3x11
                  text run at (0,0) width 3: " "
            RenderTableCell {TD} at (171,72) size 9x12 [bgcolor=#1E7A79] [r=6 c=19 rs=1 cs=1]
              RenderInline {FONT} at (0,0) size 3x11
                RenderText {#text} at (0,0) size 3x11
                  text run at (0,0) width 3: " "
            RenderTableCell {TD} at (180,72) size 9x12 [bgcolor=#027777] [r=6 c=20 rs=1 cs=1]
              RenderInline {FONT} at (0,0) size 3x11
                RenderText {#text} at (0,0) size 3x11
                  text run at (0,0) width 3: " "
            RenderTableCell {TD} at (189,72) size 9x12 [bgcolor=#026766] [r=6 c=21 rs=1 cs=1]
              RenderInline {FONT} at (0,0) size 3x11
                RenderText {#text} at (0,0) size 3x11
                  text run at (0,0) width 3: " "
            RenderTableCell {TD} at (198,72) size 9x12 [bgcolor=#026766] [r=6 c=22 rs=1 cs=1]
              RenderInline {FONT} at (0,0) size 3x11
                RenderText {#text} at (0,0) size 3x11
                  text run at (0,0) width 3: " "
            RenderTableCell {TD} at (207,72) size 9x12 [bgcolor=#026766] [r=6 c=23 rs=1 cs=1]
              RenderInline {FONT} at (0,0) size 3x11
                RenderText {#text} at (0,0) size 3x11
                  text run at (0,0) width 3: " "
            RenderTableCell {TD} at (216,72) size 9x12 [bgcolor=#026766] [r=6 c=24 rs=1 cs=1]
              RenderInline {FONT} at (0,0) size 3x11
                RenderText {#text} at (0,0) size 3x11
                  text run at (0,0) width 3: " "
            RenderTableCell {TD} at (225,72) size 9x12 [bgcolor=#026766] [r=6 c=25 rs=1 cs=1]
              RenderInline {FONT} at (0,0) size 3x11
                RenderText {#text} at (0,0) size 3x11
                  text run at (0,0) width 3: " "
            RenderTableCell {TD} at (234,72) size 9x12 [bgcolor=#026766] [r=6 c=26 rs=1 cs=1]
              RenderInline {FONT} at (0,0) size 3x11
                RenderText {#text} at (0,0) size 3x11
                  text run at (0,0) width 3: " "
            RenderTableCell {TD} at (243,72) size 9x12 [bgcolor=#026766] [r=6 c=27 rs=1 cs=1]
              RenderInline {FONT} at (0,0) size 3x11
                RenderText {#text} at (0,0) size 3x11
                  text run at (0,0) width 3: " "
            RenderTableCell {TD} at (252,72) size 9x12 [bgcolor=#025E5E] [r=6 c=28 rs=1 cs=1]
              RenderInline {FONT} at (0,0) size 3x11
                RenderText {#text} at (0,0) size 3x11
                  text run at (0,0) width 3: " "
            RenderTableCell {TD} at (261,72) size 9x12 [bgcolor=#025E5E] [r=6 c=29 rs=1 cs=1]
              RenderInline {FONT} at (0,0) size 3x11
                RenderText {#text} at (0,0) size 3x11
                  text run at (0,0) width 3: " "
            RenderTableCell {TD} at (270,72) size 9x12 [bgcolor=#044F4F] [r=6 c=30 rs=1 cs=1]
              RenderInline {FONT} at (0,0) size 3x11
                RenderText {#text} at (0,0) size 3x11
                  text run at (0,0) width 3: " "
            RenderTableCell {TD} at (279,72) size 9x12 [bgcolor=#696A69] [r=6 c=31 rs=1 cs=1]
              RenderInline {FONT} at (0,0) size 3x11
                RenderText {#text} at (0,0) size 3x11
                  text run at (0,0) width 3: " "
            RenderTableCell {TD} at (288,72) size 9x12 [bgcolor=#848788] [r=6 c=32 rs=1 cs=1]
              RenderInline {FONT} at (0,0) size 3x11
                RenderText {#text} at (0,0) size 3x11
                  text run at (0,0) width 3: " "
            RenderTableCell {TD} at (297,72) size 9x12 [bgcolor=#939494] [r=6 c=33 rs=1 cs=1]
              RenderInline {FONT} at (0,0) size 3x11
                RenderText {#text} at (0,0) size 3x11
                  text run at (0,0) width 3: " "
            RenderTableCell {TD} at (306,72) size 9x12 [bgcolor=#939494] [r=6 c=34 rs=1 cs=1]
              RenderInline {FONT} at (0,0) size 3x11
                RenderText {#text} at (0,0) size 3x11
                  text run at (0,0) width 3: " "
            RenderTableCell {TD} at (315,72) size 9x12 [bgcolor=#7B918F] [r=6 c=35 rs=1 cs=1]
              RenderInline {FONT} at (0,0) size 3x11
                RenderText {#text} at (0,0) size 3x11
                  text run at (0,0) width 3: " "
            RenderTableCell {TD} at (324,72) size 10x12 [bgcolor=#027777] [r=6 c=36 rs=1 cs=1]
              RenderInline {FONT} at (0,0) size 3x11
                RenderText {#text} at (0,0) size 3x11
                  text run at (0,0) width 3: " "
            RenderTableCell {TD} at (334,72) size 10x12 [bgcolor=#027777] [r=6 c=37 rs=1 cs=1]
              RenderInline {FONT} at (0,0) size 3x11
                RenderText {#text} at (0,0) size 3x11
                  text run at (0,0) width 3: " "
            RenderTableCell {TD} at (344,72) size 10x12 [bgcolor=#026766] [r=6 c=38 rs=1 cs=1]
              RenderInline {FONT} at (0,0) size 3x11
                RenderText {#text} at (0,0) size 3x11
                  text run at (0,0) width 3: " "
            RenderTableCell {TD} at (354,72) size 10x12 [bgcolor=#026766] [r=6 c=39 rs=1 cs=1]
              RenderInline {FONT} at (0,0) size 3x11
                RenderText {#text} at (0,0) size 3x11
                  text run at (0,0) width 3: " "
            RenderTableCell {TD} at (364,72) size 10x12 [bgcolor=#026766] [r=6 c=40 rs=1 cs=1]
              RenderInline {FONT} at (0,0) size 3x11
                RenderText {#text} at (0,0) size 3x11
                  text run at (0,0) width 3: " "
            RenderTableCell {TD} at (374,72) size 10x12 [bgcolor=#026766] [r=6 c=41 rs=1 cs=1]
              RenderInline {FONT} at (0,0) size 3x11
                RenderText {#text} at (0,0) size 3x11
                  text run at (0,0) width 3: " "
            RenderTableCell {TD} at (384,72) size 10x12 [bgcolor=#026766] [r=6 c=42 rs=1 cs=1]
              RenderInline {FONT} at (0,0) size 3x11
                RenderText {#text} at (0,0) size 3x11
                  text run at (0,0) width 3: " "
            RenderTableCell {TD} at (394,72) size 10x12 [bgcolor=#026766] [r=6 c=43 rs=1 cs=1]
              RenderInline {FONT} at (0,0) size 3x11
                RenderText {#text} at (0,0) size 3x11
                  text run at (0,0) width 3: " "
            RenderTableCell {TD} at (404,72) size 10x12 [bgcolor=#026766] [r=6 c=44 rs=1 cs=1]
              RenderInline {FONT} at (0,0) size 3x11
                RenderText {#text} at (0,0) size 3x11
                  text run at (0,0) width 3: " "
            RenderTableCell {TD} at (414,72) size 10x12 [bgcolor=#026766] [r=6 c=45 rs=1 cs=1]
              RenderInline {FONT} at (0,0) size 3x11
                RenderText {#text} at (0,0) size 3x11
                  text run at (0,0) width 3: " "
            RenderTableCell {TD} at (424,72) size 10x12 [bgcolor=#026766] [r=6 c=46 rs=1 cs=1]
              RenderInline {FONT} at (0,0) size 3x11
                RenderText {#text} at (0,0) size 3x11
                  text run at (0,0) width 3: " "
            RenderTableCell {TD} at (434,72) size 10x12 [bgcolor=#026766] [r=6 c=47 rs=1 cs=1]
              RenderInline {FONT} at (0,0) size 3x11
                RenderText {#text} at (0,0) size 3x11
                  text run at (0,0) width 3: " "
            RenderTableCell {TD} at (444,72) size 10x12 [bgcolor=#469191] [r=6 c=48 rs=1 cs=1]
              RenderInline {FONT} at (0,0) size 3x11
                RenderText {#text} at (0,0) size 3x11
                  text run at (0,0) width 3: " "
            RenderTableCell {TD} at (454,72) size 10x12 [bgcolor=#72A3A1] [r=6 c=49 rs=1 cs=1]
              RenderInline {FONT} at (0,0) size 3x11
                RenderText {#text} at (0,0) size 3x11
                  text run at (0,0) width 3: " "
            RenderTableCell {TD} at (464,72) size 10x12 [bgcolor=#338686] [r=6 c=50 rs=1 cs=1]
              RenderInline {FONT} at (0,0) size 3x11
                RenderText {#text} at (0,0) size 3x11
                  text run at (0,0) width 3: " "
            RenderTableCell {TD} at (474,72) size 10x12 [bgcolor=#025E5E] [r=6 c=51 rs=1 cs=1]
              RenderInline {FONT} at (0,0) size 3x11
                RenderText {#text} at (0,0) size 3x11
                  text run at (0,0) width 3: " "
            RenderTableCell {TD} at (484,72) size 10x12 [bgcolor=#044140] [r=6 c=52 rs=1 cs=1]
              RenderInline {FONT} at (0,0) size 3x11
                RenderText {#text} at (0,0) size 3x11
                  text run at (0,0) width 3: " "
            RenderTableCell {TD} at (494,72) size 10x12 [bgcolor=#083131] [r=6 c=53 rs=1 cs=1]
              RenderInline {FONT} at (0,0) size 3x11
                RenderText {#text} at (0,0) size 3x11
                  text run at (0,0) width 3: " "
            RenderTableCell {TD} at (504,72) size 10x12 [bgcolor=#083131] [r=6 c=54 rs=1 cs=1]
              RenderInline {FONT} at (0,0) size 3x11
                RenderText {#text} at (0,0) size 3x11
                  text run at (0,0) width 3: " "
            RenderTableCell {TD} at (514,72) size 10x12 [bgcolor=#2D3433] [r=6 c=55 rs=1 cs=1]
              RenderInline {FONT} at (0,0) size 3x11
                RenderText {#text} at (0,0) size 3x11
                  text run at (0,0) width 3: " "
            RenderTableCell {TD} at (524,72) size 10x12 [bgcolor=#3D4242] [r=6 c=56 rs=1 cs=1]
              RenderInline {FONT} at (0,0) size 3x11
                RenderText {#text} at (0,0) size 3x11
                  text run at (0,0) width 3: " "
            RenderTableCell {TD} at (534,72) size 10x12 [bgcolor=#515C5B] [r=6 c=57 rs=1 cs=1]
              RenderInline {FONT} at (0,0) size 3x11
                RenderText {#text} at (0,0) size 3x11
                  text run at (0,0) width 3: " "
            RenderTableCell {TD} at (544,72) size 10x12 [bgcolor=#777878] [r=6 c=58 rs=1 cs=1]
              RenderInline {FONT} at (0,0) size 3x11
                RenderText {#text} at (0,0) size 3x11
                  text run at (0,0) width 3: " "
            RenderTableCell {TD} at (554,72) size 10x12 [bgcolor=#848788] [r=6 c=59 rs=1 cs=1]
              RenderInline {FONT} at (0,0) size 3x11
                RenderText {#text} at (0,0) size 3x11
                  text run at (0,0) width 3: " "
            RenderTableCell {TD} at (564,72) size 10x12 [bgcolor=#939494] [r=6 c=60 rs=1 cs=1]
              RenderInline {FONT} at (0,0) size 3x11
                RenderText {#text} at (0,0) size 3x11
                  text run at (0,0) width 3: " "
            RenderTableCell {TD} at (574,72) size 10x12 [bgcolor=#5A8787] [r=6 c=61 rs=1 cs=1]
              RenderInline {FONT} at (0,0) size 3x11
                RenderText {#text} at (0,0) size 3x11
                  text run at (0,0) width 3: " "
            RenderTableCell {TD} at (584,72) size 10x12 [bgcolor=#048485] [r=6 c=62 rs=1 cs=1]
              RenderInline {FONT} at (0,0) size 3x11
                RenderText {#text} at (0,0) size 3x11
                  text run at (0,0) width 3: " "
            RenderTableCell {TD} at (594,72) size 10x12 [bgcolor=#048485] [r=6 c=63 rs=1 cs=1]
              RenderInline {FONT} at (0,0) size 3x11
                RenderText {#text} at (0,0) size 3x11
                  text run at (0,0) width 3: " "
            RenderTableCell {TD} at (604,72) size 10x12 [bgcolor=#027777] [r=6 c=64 rs=1 cs=1]
              RenderInline {FONT} at (0,0) size 3x11
                RenderText {#text} at (0,0) size 3x11
                  text run at (0,0) width 3: " "
            RenderTableCell {TD} at (614,72) size 10x12 [bgcolor=#026766] [r=6 c=65 rs=1 cs=1]
              RenderInline {FONT} at (0,0) size 3x11
                RenderText {#text} at (0,0) size 3x11
                  text run at (0,0) width 3: " "
            RenderTableCell {TD} at (624,72) size 10x12 [bgcolor=#026766] [r=6 c=66 rs=1 cs=1]
              RenderInline {FONT} at (0,0) size 3x11
                RenderText {#text} at (0,0) size 3x11
                  text run at (0,0) width 3: " "
            RenderTableCell {TD} at (634,72) size 10x12 [bgcolor=#026766] [r=6 c=67 rs=1 cs=1]
              RenderInline {FONT} at (0,0) size 3x11
                RenderText {#text} at (0,0) size 3x11
                  text run at (0,0) width 3: " "
            RenderTableCell {TD} at (644,72) size 10x12 [bgcolor=#026766] [r=6 c=68 rs=1 cs=1]
              RenderInline {FONT} at (0,0) size 3x11
                RenderText {#text} at (0,0) size 3x11
                  text run at (0,0) width 3: " "
            RenderTableCell {TD} at (654,72) size 10x12 [bgcolor=#026766] [r=6 c=69 rs=1 cs=1]
              RenderInline {FONT} at (0,0) size 3x11
                RenderText {#text} at (0,0) size 3x11
                  text run at (0,0) width 3: " "
            RenderTableCell {TD} at (664,72) size 10x12 [bgcolor=#1A6B6A] [r=6 c=70 rs=1 cs=1]
              RenderInline {FONT} at (0,0) size 3x11
                RenderText {#text} at (0,0) size 3x11
                  text run at (0,0) width 3: " "
            RenderTableCell {TD} at (674,72) size 10x12 [bgcolor=#589594] [r=6 c=71 rs=1 cs=1]
              RenderInline {FONT} at (0,0) size 3x11
                RenderText {#text} at (0,0) size 3x11
                  text run at (0,0) width 3: " "
            RenderTableCell {TD} at (684,72) size 10x12 [bgcolor=#7B918F] [r=6 c=72 rs=1 cs=1]
              RenderInline {FONT} at (0,0) size 3x11
                RenderText {#text} at (0,0) size 3x11
                  text run at (0,0) width 3: " "
            RenderTableCell {TD} at (694,72) size 10x12 [bgcolor=#274C4D] [r=6 c=73 rs=1 cs=1]
              RenderInline {FONT} at (0,0) size 3x11
                RenderText {#text} at (0,0) size 3x11
                  text run at (0,0) width 3: " "
            RenderTableCell {TD} at (704,72) size 10x12 [bgcolor=#2D3433] [r=6 c=74 rs=1 cs=1]
              RenderInline {FONT} at (0,0) size 3x11
                RenderText {#text} at (0,0) size 3x11
                  text run at (0,0) width 3: " "
            RenderTableCell {TD} at (714,72) size 10x12 [bgcolor=#3D4242] [r=6 c=75 rs=1 cs=1]
              RenderInline {FONT} at (0,0) size 3x11
                RenderText {#text} at (0,0) size 3x11
                  text run at (0,0) width 3: " "
            RenderTableCell {TD} at (724,72) size 10x12 [bgcolor=#4D4F4F] [r=6 c=76 rs=1 cs=1]
              RenderInline {FONT} at (0,0) size 3x11
                RenderText {#text} at (0,0) size 3x11
                  text run at (0,0) width 3: " "
            RenderTableCell {TD} at (734,72) size 10x12 [bgcolor=#515C5B] [r=6 c=77 rs=1 cs=1]
              RenderInline {FONT} at (0,0) size 3x11
                RenderText {#text} at (0,0) size 3x11
                  text run at (0,0) width 3: " "
            RenderTableCell {TD} at (744,72) size 10x12 [bgcolor=#1A6B6A] [r=6 c=78 rs=1 cs=1]
              RenderInline {FONT} at (0,0) size 3x11
                RenderText {#text} at (0,0) size 3x11
                  text run at (0,0) width 3: " "
            RenderTableCell {TD} at (754,72) size 10x12 [bgcolor=#026766] [r=6 c=79 rs=1 cs=1]
              RenderInline {FONT} at (0,0) size 3x11
                RenderText {#text} at (0,0) size 3x11
                  text run at (0,0) width 3: " "
            RenderTableCell {TD} at (764,72) size 10x12 [bgcolor=#026766] [r=6 c=80 rs=1 cs=1]
              RenderInline {FONT} at (0,0) size 3x11
                RenderText {#text} at (0,0) size 3x11
                  text run at (0,0) width 3: " "
            RenderTableCell {TD} at (774,72) size 10x12 [bgcolor=#026766] [r=6 c=81 rs=1 cs=1]
              RenderInline {FONT} at (0,0) size 3x11
                RenderText {#text} at (0,0) size 3x11
                  text run at (0,0) width 3: " "
            RenderTableCell {TD} at (784,72) size 10x12 [bgcolor=#026766] [r=6 c=82 rs=1 cs=1]
              RenderInline {FONT} at (0,0) size 3x11
                RenderText {#text} at (0,0) size 3x11
                  text run at (0,0) width 3: " "
            RenderTableCell {TD} at (794,72) size 10x12 [bgcolor=#026766] [r=6 c=83 rs=1 cs=1]
              RenderInline {FONT} at (0,0) size 3x11
                RenderText {#text} at (0,0) size 3x11
                  text run at (0,0) width 3: " "
            RenderTableCell {TD} at (804,72) size 10x12 [bgcolor=#026766] [r=6 c=84 rs=1 cs=1]
              RenderInline {FONT} at (0,0) size 3x11
                RenderText {#text} at (0,0) size 3x11
                  text run at (0,0) width 3: " "
            RenderTableCell {TD} at (814,72) size 10x12 [bgcolor=#026766] [r=6 c=85 rs=1 cs=1]
              RenderInline {FONT} at (0,0) size 3x11
                RenderText {#text} at (0,0) size 3x11
                  text run at (0,0) width 3: " "
            RenderTableCell {TD} at (824,72) size 10x12 [bgcolor=#026766] [r=6 c=86 rs=1 cs=1]
              RenderInline {FONT} at (0,0) size 3x11
                RenderText {#text} at (0,0) size 3x11
                  text run at (0,0) width 3: " "
            RenderTableCell {TD} at (834,72) size 10x12 [bgcolor=#026766] [r=6 c=87 rs=1 cs=1]
              RenderInline {FONT} at (0,0) size 3x11
                RenderText {#text} at (0,0) size 3x11
                  text run at (0,0) width 3: " "
            RenderTableCell {TD} at (844,72) size 10x12 [bgcolor=#026766] [r=6 c=88 rs=1 cs=1]
              RenderInline {FONT} at (0,0) size 3x11
                RenderText {#text} at (0,0) size 3x11
                  text run at (0,0) width 3: " "
            RenderTableCell {TD} at (854,72) size 10x12 [bgcolor=#026766] [r=6 c=89 rs=1 cs=1]
              RenderInline {FONT} at (0,0) size 3x11
                RenderText {#text} at (0,0) size 3x11
                  text run at (0,0) width 3: " "
            RenderTableCell {TD} at (864,72) size 10x12 [bgcolor=#026766] [r=6 c=90 rs=1 cs=1]
              RenderInline {FONT} at (0,0) size 3x11
                RenderText {#text} at (0,0) size 3x11
                  text run at (0,0) width 3: " "
            RenderTableCell {TD} at (874,72) size 10x12 [bgcolor=#025E5E] [r=6 c=91 rs=1 cs=1]
              RenderInline {FONT} at (0,0) size 3x11
                RenderText {#text} at (0,0) size 3x11
                  text run at (0,0) width 3: " "
            RenderTableCell {TD} at (884,72) size 10x12 [bgcolor=#044F4F] [r=6 c=92 rs=1 cs=1]
              RenderInline {FONT} at (0,0) size 3x11
                RenderText {#text} at (0,0) size 3x11
                  text run at (0,0) width 3: " "
            RenderTableCell {TD} at (894,72) size 10x12 [bgcolor=#044140] [r=6 c=93 rs=1 cs=1]
              RenderInline {FONT} at (0,0) size 3x11
                RenderText {#text} at (0,0) size 3x11
                  text run at (0,0) width 3: " "
            RenderTableCell {TD} at (904,72) size 10x12 [bgcolor=#223C3D] [r=6 c=94 rs=1 cs=1]
              RenderInline {FONT} at (0,0) size 3x11
                RenderText {#text} at (0,0) size 3x11
                  text run at (0,0) width 3: " "
            RenderTableCell {TD} at (914,72) size 10x12 [bgcolor=#5E5F60] [r=6 c=95 rs=1 cs=1]
              RenderInline {FONT} at (0,0) size 3x11
                RenderText {#text} at (0,0) size 3x11
                  text run at (0,0) width 3: " "
            RenderTableCell {TD} at (924,72) size 10x12 [bgcolor=#777878] [r=6 c=96 rs=1 cs=1]
              RenderInline {FONT} at (0,0) size 3x11
                RenderText {#text} at (0,0) size 3x11
                  text run at (0,0) width 3: " "
            RenderTableCell {TD} at (934,72) size 10x12 [bgcolor=#848788] [r=6 c=97 rs=1 cs=1]
              RenderInline {FONT} at (0,0) size 3x11
                RenderText {#text} at (0,0) size 3x11
                  text run at (0,0) width 3: " "
            RenderTableCell {TD} at (944,72) size 10x12 [bgcolor=#777878] [r=6 c=98 rs=1 cs=1]
              RenderInline {FONT} at (0,0) size 3x11
                RenderText {#text} at (0,0) size 3x11
                  text run at (0,0) width 3: " "
            RenderTableCell {TD} at (954,72) size 10x12 [bgcolor=#4D4F4F] [r=6 c=99 rs=1 cs=1]
              RenderInline {FONT} at (0,0) size 3x11
                RenderText {#text} at (0,0) size 3x11
                  text run at (0,0) width 3: " "
          RenderTableRow {TR} at (0,84) size 964x12
            RenderTableCell {TD} at (0,84) size 9x12 [bgcolor=#FDFDFB] [r=7 c=0 rs=1 cs=1]
              RenderInline {FONT} at (0,0) size 3x11
                RenderText {#text} at (0,0) size 3x11
                  text run at (0,0) width 3: " "
            RenderTableCell {TD} at (9,84) size 9x12 [bgcolor=#EDEEEF] [r=7 c=1 rs=1 cs=1]
              RenderInline {FONT} at (0,0) size 3x11
                RenderText {#text} at (0,0) size 3x11
                  text run at (0,0) width 3: " "
            RenderTableCell {TD} at (18,84) size 9x12 [bgcolor=#249393] [r=7 c=2 rs=1 cs=1]
              RenderInline {FONT} at (0,0) size 3x11
                RenderText {#text} at (0,0) size 3x11
                  text run at (0,0) width 3: " "
            RenderTableCell {TD} at (27,84) size 9x12 [bgcolor=#048485] [r=7 c=3 rs=1 cs=1]
              RenderInline {FONT} at (0,0) size 3x11
                RenderText {#text} at (0,0) size 3x11
                  text run at (0,0) width 3: " "
            RenderTableCell {TD} at (36,84) size 9x12 [bgcolor=#027777] [r=7 c=4 rs=1 cs=1]
              RenderInline {FONT} at (0,0) size 3x11
                RenderText {#text} at (0,0) size 3x11
                  text run at (0,0) width 3: " "
            RenderTableCell {TD} at (45,84) size 9x12 [bgcolor=#026766] [r=7 c=5 rs=1 cs=1]
              RenderInline {FONT} at (0,0) size 3x11
                RenderText {#text} at (0,0) size 3x11
                  text run at (0,0) width 3: " "
            RenderTableCell {TD} at (54,84) size 9x12 [bgcolor=#026766] [r=7 c=6 rs=1 cs=1]
              RenderInline {FONT} at (0,0) size 3x11
                RenderText {#text} at (0,0) size 3x11
                  text run at (0,0) width 3: " "
            RenderTableCell {TD} at (63,84) size 9x12 [bgcolor=#026766] [r=7 c=7 rs=1 cs=1]
              RenderInline {FONT} at (0,0) size 3x11
                RenderText {#text} at (0,0) size 3x11
                  text run at (0,0) width 3: " "
            RenderTableCell {TD} at (72,84) size 9x12 [bgcolor=#026766] [r=7 c=8 rs=1 cs=1]
              RenderInline {FONT} at (0,0) size 3x11
                RenderText {#text} at (0,0) size 3x11
                  text run at (0,0) width 3: " "
            RenderTableCell {TD} at (81,84) size 9x12 [bgcolor=#026766] [r=7 c=9 rs=1 cs=1]
              RenderInline {FONT} at (0,0) size 3x11
                RenderText {#text} at (0,0) size 3x11
                  text run at (0,0) width 3: " "
            RenderTableCell {TD} at (90,84) size 9x12 [bgcolor=#026766] [r=7 c=10 rs=1 cs=1]
              RenderInline {FONT} at (0,0) size 3x11
                RenderText {#text} at (0,0) size 3x11
                  text run at (0,0) width 3: " "
            RenderTableCell {TD} at (99,84) size 9x12 [bgcolor=#025E5E] [r=7 c=11 rs=1 cs=1]
              RenderInline {FONT} at (0,0) size 3x11
                RenderText {#text} at (0,0) size 3x11
                  text run at (0,0) width 3: " "
            RenderTableCell {TD} at (108,84) size 9x12 [bgcolor=#025E5E] [r=7 c=12 rs=1 cs=1]
              RenderInline {FONT} at (0,0) size 3x11
                RenderText {#text} at (0,0) size 3x11
                  text run at (0,0) width 3: " "
            RenderTableCell {TD} at (117,84) size 9x12 [bgcolor=#044140] [r=7 c=13 rs=1 cs=1]
              RenderInline {FONT} at (0,0) size 3x11
                RenderText {#text} at (0,0) size 3x11
                  text run at (0,0) width 3: " "
            RenderTableCell {TD} at (126,84) size 9x12 [bgcolor=#223C3D] [r=7 c=14 rs=1 cs=1]
              RenderInline {FONT} at (0,0) size 3x11
                RenderText {#text} at (0,0) size 3x11
                  text run at (0,0) width 3: " "
            RenderTableCell {TD} at (135,84) size 9x12 [bgcolor=#848788] [r=7 c=15 rs=1 cs=1]
              RenderInline {FONT} at (0,0) size 3x11
                RenderText {#text} at (0,0) size 3x11
                  text run at (0,0) width 3: " "
            RenderTableCell {TD} at (144,84) size 9x12 [bgcolor=#FDFDFB] [r=7 c=16 rs=1 cs=1]
              RenderInline {FONT} at (0,0) size 3x11
                RenderText {#text} at (0,0) size 3x11
                  text run at (0,0) width 3: " "
            RenderTableCell {TD} at (153,84) size 9x12 [bgcolor=#FDFDFB] [r=7 c=17 rs=1 cs=1]
              RenderInline {FONT} at (0,0) size 3x11
                RenderText {#text} at (0,0) size 3x11
                  text run at (0,0) width 3: " "
            RenderTableCell {TD} at (162,84) size 9x12 [bgcolor=#4D4F4F] [r=7 c=18 rs=1 cs=1]
              RenderInline {FONT} at (0,0) size 3x11
                RenderText {#text} at (0,0) size 3x11
                  text run at (0,0) width 3: " "
            RenderTableCell {TD} at (171,84) size 9x12 [bgcolor=#1E7A79] [r=7 c=19 rs=1 cs=1]
              RenderInline {FONT} at (0,0) size 3x11
                RenderText {#text} at (0,0) size 3x11
                  text run at (0,0) width 3: " "
            RenderTableCell {TD} at (180,84) size 9x12 [bgcolor=#027777] [r=7 c=20 rs=1 cs=1]
              RenderInline {FONT} at (0,0) size 3x11
                RenderText {#text} at (0,0) size 3x11
                  text run at (0,0) width 3: " "
            RenderTableCell {TD} at (189,84) size 9x12 [bgcolor=#026766] [r=7 c=21 rs=1 cs=1]
              RenderInline {FONT} at (0,0) size 3x11
                RenderText {#text} at (0,0) size 3x11
                  text run at (0,0) width 3: " "
            RenderTableCell {TD} at (198,84) size 9x12 [bgcolor=#026766] [r=7 c=22 rs=1 cs=1]
              RenderInline {FONT} at (0,0) size 3x11
                RenderText {#text} at (0,0) size 3x11
                  text run at (0,0) width 3: " "
            RenderTableCell {TD} at (207,84) size 9x12 [bgcolor=#026766] [r=7 c=23 rs=1 cs=1]
              RenderInline {FONT} at (0,0) size 3x11
                RenderText {#text} at (0,0) size 3x11
                  text run at (0,0) width 3: " "
            RenderTableCell {TD} at (216,84) size 9x12 [bgcolor=#026766] [r=7 c=24 rs=1 cs=1]
              RenderInline {FONT} at (0,0) size 3x11
                RenderText {#text} at (0,0) size 3x11
                  text run at (0,0) width 3: " "
            RenderTableCell {TD} at (225,84) size 9x12 [bgcolor=#026766] [r=7 c=25 rs=1 cs=1]
              RenderInline {FONT} at (0,0) size 3x11
                RenderText {#text} at (0,0) size 3x11
                  text run at (0,0) width 3: " "
            RenderTableCell {TD} at (234,84) size 9x12 [bgcolor=#026766] [r=7 c=26 rs=1 cs=1]
              RenderInline {FONT} at (0,0) size 3x11
                RenderText {#text} at (0,0) size 3x11
                  text run at (0,0) width 3: " "
            RenderTableCell {TD} at (243,84) size 9x12 [bgcolor=#026766] [r=7 c=27 rs=1 cs=1]
              RenderInline {FONT} at (0,0) size 3x11
                RenderText {#text} at (0,0) size 3x11
                  text run at (0,0) width 3: " "
            RenderTableCell {TD} at (252,84) size 9x12 [bgcolor=#025E5E] [r=7 c=28 rs=1 cs=1]
              RenderInline {FONT} at (0,0) size 3x11
                RenderText {#text} at (0,0) size 3x11
                  text run at (0,0) width 3: " "
            RenderTableCell {TD} at (261,84) size 9x12 [bgcolor=#025E5E] [r=7 c=29 rs=1 cs=1]
              RenderInline {FONT} at (0,0) size 3x11
                RenderText {#text} at (0,0) size 3x11
                  text run at (0,0) width 3: " "
            RenderTableCell {TD} at (270,84) size 9x12 [bgcolor=#044F4F] [r=7 c=30 rs=1 cs=1]
              RenderInline {FONT} at (0,0) size 3x11
                RenderText {#text} at (0,0) size 3x11
                  text run at (0,0) width 3: " "
            RenderTableCell {TD} at (279,84) size 9x12 [bgcolor=#274C4D] [r=7 c=31 rs=1 cs=1]
              RenderInline {FONT} at (0,0) size 3x11
                RenderText {#text} at (0,0) size 3x11
                  text run at (0,0) width 3: " "
            RenderTableCell {TD} at (288,84) size 9x12 [bgcolor=#777878] [r=7 c=32 rs=1 cs=1]
              RenderInline {FONT} at (0,0) size 3x11
                RenderText {#text} at (0,0) size 3x11
                  text run at (0,0) width 3: " "
            RenderTableCell {TD} at (297,84) size 9x12 [bgcolor=#848788] [r=7 c=33 rs=1 cs=1]
              RenderInline {FONT} at (0,0) size 3x11
                RenderText {#text} at (0,0) size 3x11
                  text run at (0,0) width 3: " "
            RenderTableCell {TD} at (306,84) size 9x12 [bgcolor=#939494] [r=7 c=34 rs=1 cs=1]
              RenderInline {FONT} at (0,0) size 3x11
                RenderText {#text} at (0,0) size 3x11
                  text run at (0,0) width 3: " "
            RenderTableCell {TD} at (315,84) size 9x12 [bgcolor=#7B918F] [r=7 c=35 rs=1 cs=1]
              RenderInline {FONT} at (0,0) size 3x11
                RenderText {#text} at (0,0) size 3x11
                  text run at (0,0) width 3: " "
            RenderTableCell {TD} at (324,84) size 10x12 [bgcolor=#027777] [r=7 c=36 rs=1 cs=1]
              RenderInline {FONT} at (0,0) size 3x11
                RenderText {#text} at (0,0) size 3x11
                  text run at (0,0) width 3: " "
            RenderTableCell {TD} at (334,84) size 10x12 [bgcolor=#027777] [r=7 c=37 rs=1 cs=1]
              RenderInline {FONT} at (0,0) size 3x11
                RenderText {#text} at (0,0) size 3x11
                  text run at (0,0) width 3: " "
            RenderTableCell {TD} at (344,84) size 10x12 [bgcolor=#026766] [r=7 c=38 rs=1 cs=1]
              RenderInline {FONT} at (0,0) size 3x11
                RenderText {#text} at (0,0) size 3x11
                  text run at (0,0) width 3: " "
            RenderTableCell {TD} at (354,84) size 10x12 [bgcolor=#026766] [r=7 c=39 rs=1 cs=1]
              RenderInline {FONT} at (0,0) size 3x11
                RenderText {#text} at (0,0) size 3x11
                  text run at (0,0) width 3: " "
            RenderTableCell {TD} at (364,84) size 10x12 [bgcolor=#026766] [r=7 c=40 rs=1 cs=1]
              RenderInline {FONT} at (0,0) size 3x11
                RenderText {#text} at (0,0) size 3x11
                  text run at (0,0) width 3: " "
            RenderTableCell {TD} at (374,84) size 10x12 [bgcolor=#026766] [r=7 c=41 rs=1 cs=1]
              RenderInline {FONT} at (0,0) size 3x11
                RenderText {#text} at (0,0) size 3x11
                  text run at (0,0) width 3: " "
            RenderTableCell {TD} at (384,84) size 10x12 [bgcolor=#026766] [r=7 c=42 rs=1 cs=1]
              RenderInline {FONT} at (0,0) size 3x11
                RenderText {#text} at (0,0) size 3x11
                  text run at (0,0) width 3: " "
            RenderTableCell {TD} at (394,84) size 10x12 [bgcolor=#026766] [r=7 c=43 rs=1 cs=1]
              RenderInline {FONT} at (0,0) size 3x11
                RenderText {#text} at (0,0) size 3x11
                  text run at (0,0) width 3: " "
            RenderTableCell {TD} at (404,84) size 10x12 [bgcolor=#026766] [r=7 c=44 rs=1 cs=1]
              RenderInline {FONT} at (0,0) size 3x11
                RenderText {#text} at (0,0) size 3x11
                  text run at (0,0) width 3: " "
            RenderTableCell {TD} at (414,84) size 10x12 [bgcolor=#026766] [r=7 c=45 rs=1 cs=1]
              RenderInline {FONT} at (0,0) size 3x11
                RenderText {#text} at (0,0) size 3x11
                  text run at (0,0) width 3: " "
            RenderTableCell {TD} at (424,84) size 10x12 [bgcolor=#026766] [r=7 c=46 rs=1 cs=1]
              RenderInline {FONT} at (0,0) size 3x11
                RenderText {#text} at (0,0) size 3x11
                  text run at (0,0) width 3: " "
            RenderTableCell {TD} at (434,84) size 10x12 [bgcolor=#1A6B6A] [r=7 c=47 rs=1 cs=1]
              RenderInline {FONT} at (0,0) size 3x11
                RenderText {#text} at (0,0) size 3x11
                  text run at (0,0) width 3: " "
            RenderTableCell {TD} at (444,84) size 10x12 [bgcolor=#B6D0D1] [r=7 c=48 rs=1 cs=1]
              RenderInline {FONT} at (0,0) size 3x11
                RenderText {#text} at (0,0) size 3x11
                  text run at (0,0) width 3: " "
            RenderTableCell {TD} at (454,84) size 10x12 [bgcolor=#FDFDFB] [r=7 c=49 rs=1 cs=1]
              RenderInline {FONT} at (0,0) size 3x11
                RenderText {#text} at (0,0) size 3x11
                  text run at (0,0) width 3: " "
            RenderTableCell {TD} at (464,84) size 10x12 [bgcolor=#7B918F] [r=7 c=50 rs=1 cs=1]
              RenderInline {FONT} at (0,0) size 3x11
                RenderText {#text} at (0,0) size 3x11
                  text run at (0,0) width 3: " "
            RenderTableCell {TD} at (474,84) size 10x12 [bgcolor=#044140] [r=7 c=51 rs=1 cs=1]
              RenderInline {FONT} at (0,0) size 3x11
                RenderText {#text} at (0,0) size 3x11
                  text run at (0,0) width 3: " "
            RenderTableCell {TD} at (484,84) size 10x12 [bgcolor=#083131] [r=7 c=52 rs=1 cs=1]
              RenderInline {FONT} at (0,0) size 3x11
                RenderText {#text} at (0,0) size 3x11
                  text run at (0,0) width 3: " "
            RenderTableCell {TD} at (494,84) size 10x12 [bgcolor=#083131] [r=7 c=53 rs=1 cs=1]
              RenderInline {FONT} at (0,0) size 3x11
                RenderText {#text} at (0,0) size 3x11
                  text run at (0,0) width 3: " "
            RenderTableCell {TD} at (504,84) size 10x12 [bgcolor=#2D3433] [r=7 c=54 rs=1 cs=1]
              RenderInline {FONT} at (0,0) size 3x11
                RenderText {#text} at (0,0) size 3x11
                  text run at (0,0) width 3: " "
            RenderTableCell {TD} at (514,84) size 10x12 [bgcolor=#4D4F4F] [r=7 c=55 rs=1 cs=1]
              RenderInline {FONT} at (0,0) size 3x11
                RenderText {#text} at (0,0) size 3x11
                  text run at (0,0) width 3: " "
            RenderTableCell {TD} at (524,84) size 10x12 [bgcolor=#5E5F60] [r=7 c=56 rs=1 cs=1]
              RenderInline {FONT} at (0,0) size 3x11
                RenderText {#text} at (0,0) size 3x11
                  text run at (0,0) width 3: " "
            RenderTableCell {TD} at (534,84) size 10x12 [bgcolor=#777878] [r=7 c=57 rs=1 cs=1]
              RenderInline {FONT} at (0,0) size 3x11
                RenderText {#text} at (0,0) size 3x11
                  text run at (0,0) width 3: " "
            RenderTableCell {TD} at (544,84) size 10x12 [bgcolor=#848788] [r=7 c=58 rs=1 cs=1]
              RenderInline {FONT} at (0,0) size 3x11
                RenderText {#text} at (0,0) size 3x11
                  text run at (0,0) width 3: " "
            RenderTableCell {TD} at (554,84) size 10x12 [bgcolor=#939494] [r=7 c=59 rs=1 cs=1]
              RenderInline {FONT} at (0,0) size 3x11
                RenderText {#text} at (0,0) size 3x11
                  text run at (0,0) width 3: " "
            RenderTableCell {TD} at (564,84) size 10x12 [bgcolor=#939494] [r=7 c=60 rs=1 cs=1]
              RenderInline {FONT} at (0,0) size 3x11
                RenderText {#text} at (0,0) size 3x11
                  text run at (0,0) width 3: " "
            RenderTableCell {TD} at (574,84) size 10x12 [bgcolor=#1B8685] [r=7 c=61 rs=1 cs=1]
              RenderInline {FONT} at (0,0) size 3x11
                RenderText {#text} at (0,0) size 3x11
                  text run at (0,0) width 3: " "
            RenderTableCell {TD} at (584,84) size 10x12 [bgcolor=#048485] [r=7 c=62 rs=1 cs=1]
              RenderInline {FONT} at (0,0) size 3x11
                RenderText {#text} at (0,0) size 3x11
                  text run at (0,0) width 3: " "
            RenderTableCell {TD} at (594,84) size 10x12 [bgcolor=#027777] [r=7 c=63 rs=1 cs=1]
              RenderInline {FONT} at (0,0) size 3x11
                RenderText {#text} at (0,0) size 3x11
                  text run at (0,0) width 3: " "
            RenderTableCell {TD} at (604,84) size 10x12 [bgcolor=#026766] [r=7 c=64 rs=1 cs=1]
              RenderInline {FONT} at (0,0) size 3x11
                RenderText {#text} at (0,0) size 3x11
                  text run at (0,0) width 3: " "
            RenderTableCell {TD} at (614,84) size 10x12 [bgcolor=#026766] [r=7 c=65 rs=1 cs=1]
              RenderInline {FONT} at (0,0) size 3x11
                RenderText {#text} at (0,0) size 3x11
                  text run at (0,0) width 3: " "
            RenderTableCell {TD} at (624,84) size 10x12 [bgcolor=#026766] [r=7 c=66 rs=1 cs=1]
              RenderInline {FONT} at (0,0) size 3x11
                RenderText {#text} at (0,0) size 3x11
                  text run at (0,0) width 3: " "
            RenderTableCell {TD} at (634,84) size 10x12 [bgcolor=#026766] [r=7 c=67 rs=1 cs=1]
              RenderInline {FONT} at (0,0) size 3x11
                RenderText {#text} at (0,0) size 3x11
                  text run at (0,0) width 3: " "
            RenderTableCell {TD} at (644,84) size 10x12 [bgcolor=#026766] [r=7 c=68 rs=1 cs=1]
              RenderInline {FONT} at (0,0) size 3x11
                RenderText {#text} at (0,0) size 3x11
                  text run at (0,0) width 3: " "
            RenderTableCell {TD} at (654,84) size 10x12 [bgcolor=#026766] [r=7 c=69 rs=1 cs=1]
              RenderInline {FONT} at (0,0) size 3x11
                RenderText {#text} at (0,0) size 3x11
                  text run at (0,0) width 3: " "
            RenderTableCell {TD} at (664,84) size 10x12 [bgcolor=#1E7A79] [r=7 c=70 rs=1 cs=1]
              RenderInline {FONT} at (0,0) size 3x11
                RenderText {#text} at (0,0) size 3x11
                  text run at (0,0) width 3: " "
            RenderTableCell {TD} at (674,84) size 10x12 [bgcolor=#E0EAE9] [r=7 c=71 rs=1 cs=1]
              RenderInline {FONT} at (0,0) size 3x11
                RenderText {#text} at (0,0) size 3x11
                  text run at (0,0) width 3: " "
            RenderTableCell {TD} at (684,84) size 10x12 [bgcolor=#FDFDFB] [r=7 c=72 rs=1 cs=1]
              RenderInline {FONT} at (0,0) size 3x11
                RenderText {#text} at (0,0) size 3x11
                  text run at (0,0) width 3: " "
            RenderTableCell {TD} at (694,84) size 10x12 [bgcolor=#515C5B] [r=7 c=73 rs=1 cs=1]
              RenderInline {FONT} at (0,0) size 3x11
                RenderText {#text} at (0,0) size 3x11
                  text run at (0,0) width 3: " "
            RenderTableCell {TD} at (704,84) size 10x12 [bgcolor=#3D4242] [r=7 c=74 rs=1 cs=1]
              RenderInline {FONT} at (0,0) size 3x11
                RenderText {#text} at (0,0) size 3x11
                  text run at (0,0) width 3: " "
            RenderTableCell {TD} at (714,84) size 10x12 [bgcolor=#515C5B] [r=7 c=75 rs=1 cs=1]
              RenderInline {FONT} at (0,0) size 3x11
                RenderText {#text} at (0,0) size 3x11
                  text run at (0,0) width 3: " "
            RenderTableCell {TD} at (724,84) size 10x12 [bgcolor=#696A69] [r=7 c=76 rs=1 cs=1]
              RenderInline {FONT} at (0,0) size 3x11
                RenderText {#text} at (0,0) size 3x11
                  text run at (0,0) width 3: " "
            RenderTableCell {TD} at (734,84) size 10x12 [bgcolor=#777878] [r=7 c=77 rs=1 cs=1]
              RenderInline {FONT} at (0,0) size 3x11
                RenderText {#text} at (0,0) size 3x11
                  text run at (0,0) width 3: " "
            RenderTableCell {TD} at (744,84) size 10x12 [bgcolor=#1E7A79] [r=7 c=78 rs=1 cs=1]
              RenderInline {FONT} at (0,0) size 3x11
                RenderText {#text} at (0,0) size 3x11
                  text run at (0,0) width 3: " "
            RenderTableCell {TD} at (754,84) size 10x12 [bgcolor=#027777] [r=7 c=79 rs=1 cs=1]
              RenderInline {FONT} at (0,0) size 3x11
                RenderText {#text} at (0,0) size 3x11
                  text run at (0,0) width 3: " "
            RenderTableCell {TD} at (764,84) size 10x12 [bgcolor=#026766] [r=7 c=80 rs=1 cs=1]
              RenderInline {FONT} at (0,0) size 3x11
                RenderText {#text} at (0,0) size 3x11
                  text run at (0,0) width 3: " "
            RenderTableCell {TD} at (774,84) size 10x12 [bgcolor=#026766] [r=7 c=81 rs=1 cs=1]
              RenderInline {FONT} at (0,0) size 3x11
                RenderText {#text} at (0,0) size 3x11
                  text run at (0,0) width 3: " "
            RenderTableCell {TD} at (784,84) size 10x12 [bgcolor=#026766] [r=7 c=82 rs=1 cs=1]
              RenderInline {FONT} at (0,0) size 3x11
                RenderText {#text} at (0,0) size 3x11
                  text run at (0,0) width 3: " "
            RenderTableCell {TD} at (794,84) size 10x12 [bgcolor=#026766] [r=7 c=83 rs=1 cs=1]
              RenderInline {FONT} at (0,0) size 3x11
                RenderText {#text} at (0,0) size 3x11
                  text run at (0,0) width 3: " "
            RenderTableCell {TD} at (804,84) size 10x12 [bgcolor=#026766] [r=7 c=84 rs=1 cs=1]
              RenderInline {FONT} at (0,0) size 3x11
                RenderText {#text} at (0,0) size 3x11
                  text run at (0,0) width 3: " "
            RenderTableCell {TD} at (814,84) size 10x12 [bgcolor=#026766] [r=7 c=85 rs=1 cs=1]
              RenderInline {FONT} at (0,0) size 3x11
                RenderText {#text} at (0,0) size 3x11
                  text run at (0,0) width 3: " "
            RenderTableCell {TD} at (824,84) size 10x12 [bgcolor=#026766] [r=7 c=86 rs=1 cs=1]
              RenderInline {FONT} at (0,0) size 3x11
                RenderText {#text} at (0,0) size 3x11
                  text run at (0,0) width 3: " "
            RenderTableCell {TD} at (834,84) size 10x12 [bgcolor=#026766] [r=7 c=87 rs=1 cs=1]
              RenderInline {FONT} at (0,0) size 3x11
                RenderText {#text} at (0,0) size 3x11
                  text run at (0,0) width 3: " "
            RenderTableCell {TD} at (844,84) size 10x12 [bgcolor=#026766] [r=7 c=88 rs=1 cs=1]
              RenderInline {FONT} at (0,0) size 3x11
                RenderText {#text} at (0,0) size 3x11
                  text run at (0,0) width 3: " "
            RenderTableCell {TD} at (854,84) size 10x12 [bgcolor=#026766] [r=7 c=89 rs=1 cs=1]
              RenderInline {FONT} at (0,0) size 3x11
                RenderText {#text} at (0,0) size 3x11
                  text run at (0,0) width 3: " "
            RenderTableCell {TD} at (864,84) size 10x12 [bgcolor=#1E7A79] [r=7 c=90 rs=1 cs=1]
              RenderInline {FONT} at (0,0) size 3x11
                RenderText {#text} at (0,0) size 3x11
                  text run at (0,0) width 3: " "
            RenderTableCell {TD} at (874,84) size 10x12 [bgcolor=#8DB7B6] [r=7 c=91 rs=1 cs=1]
              RenderInline {FONT} at (0,0) size 3x11
                RenderText {#text} at (0,0) size 3x11
                  text run at (0,0) width 3: " "
            RenderTableCell {TD} at (884,84) size 10x12 [bgcolor=#97C1C0] [r=7 c=92 rs=1 cs=1]
              RenderInline {FONT} at (0,0) size 3x11
                RenderText {#text} at (0,0) size 3x11
                  text run at (0,0) width 3: " "
            RenderTableCell {TD} at (894,84) size 10x12 [bgcolor=#274C4D] [r=7 c=93 rs=1 cs=1]
              RenderInline {FONT} at (0,0) size 3x11
                RenderText {#text} at (0,0) size 3x11
                  text run at (0,0) width 3: " "
            RenderTableCell {TD} at (904,84) size 10x12 [bgcolor=#223C3D] [r=7 c=94 rs=1 cs=1]
              RenderInline {FONT} at (0,0) size 3x11
                RenderText {#text} at (0,0) size 3x11
                  text run at (0,0) width 3: " "
            RenderTableCell {TD} at (914,84) size 10x12 [bgcolor=#5E5F60] [r=7 c=95 rs=1 cs=1]
              RenderInline {FONT} at (0,0) size 3x11
                RenderText {#text} at (0,0) size 3x11
                  text run at (0,0) width 3: " "
            RenderTableCell {TD} at (924,84) size 10x12 [bgcolor=#777878] [r=7 c=96 rs=1 cs=1]
              RenderInline {FONT} at (0,0) size 3x11
                RenderText {#text} at (0,0) size 3x11
                  text run at (0,0) width 3: " "
            RenderTableCell {TD} at (934,84) size 10x12 [bgcolor=#848788] [r=7 c=97 rs=1 cs=1]
              RenderInline {FONT} at (0,0) size 3x11
                RenderText {#text} at (0,0) size 3x11
                  text run at (0,0) width 3: " "
            RenderTableCell {TD} at (944,84) size 10x12 [bgcolor=#777878] [r=7 c=98 rs=1 cs=1]
              RenderInline {FONT} at (0,0) size 3x11
                RenderText {#text} at (0,0) size 3x11
                  text run at (0,0) width 3: " "
            RenderTableCell {TD} at (954,84) size 10x12 [bgcolor=#4D4F4F] [r=7 c=99 rs=1 cs=1]
              RenderInline {FONT} at (0,0) size 3x11
                RenderText {#text} at (0,0) size 3x11
                  text run at (0,0) width 3: " "
          RenderTableRow {TR} at (0,96) size 964x12
            RenderTableCell {TD} at (0,96) size 9x12 [bgcolor=#FDFDFB] [r=8 c=0 rs=1 cs=1]
              RenderInline {FONT} at (0,0) size 3x11
                RenderText {#text} at (0,0) size 3x11
                  text run at (0,0) width 3: " "
            RenderTableCell {TD} at (9,96) size 9x12 [bgcolor=#97C1C0] [r=8 c=1 rs=1 cs=1]
              RenderInline {FONT} at (0,0) size 3x11
                RenderText {#text} at (0,0) size 3x11
                  text run at (0,0) width 3: " "
            RenderTableCell {TD} at (18,96) size 9x12 [bgcolor=#048485] [r=8 c=2 rs=1 cs=1]
              RenderInline {FONT} at (0,0) size 3x11
                RenderText {#text} at (0,0) size 3x11
                  text run at (0,0) width 3: " "
            RenderTableCell {TD} at (27,96) size 9x12 [bgcolor=#027777] [r=8 c=3 rs=1 cs=1]
              RenderInline {FONT} at (0,0) size 3x11
                RenderText {#text} at (0,0) size 3x11
                  text run at (0,0) width 3: " "
            RenderTableCell {TD} at (36,96) size 9x12 [bgcolor=#026766] [r=8 c=4 rs=1 cs=1]
              RenderInline {FONT} at (0,0) size 3x11
                RenderText {#text} at (0,0) size 3x11
                  text run at (0,0) width 3: " "
            RenderTableCell {TD} at (45,96) size 9x12 [bgcolor=#026766] [r=8 c=5 rs=1 cs=1]
              RenderInline {FONT} at (0,0) size 3x11
                RenderText {#text} at (0,0) size 3x11
                  text run at (0,0) width 3: " "
            RenderTableCell {TD} at (54,96) size 9x12 [bgcolor=#026766] [r=8 c=6 rs=1 cs=1]
              RenderInline {FONT} at (0,0) size 3x11
                RenderText {#text} at (0,0) size 3x11
                  text run at (0,0) width 3: " "
            RenderTableCell {TD} at (63,96) size 9x12 [bgcolor=#026766] [r=8 c=7 rs=1 cs=1]
              RenderInline {FONT} at (0,0) size 3x11
                RenderText {#text} at (0,0) size 3x11
                  text run at (0,0) width 3: " "
            RenderTableCell {TD} at (72,96) size 9x12 [bgcolor=#026766] [r=8 c=8 rs=1 cs=1]
              RenderInline {FONT} at (0,0) size 3x11
                RenderText {#text} at (0,0) size 3x11
                  text run at (0,0) width 3: " "
            RenderTableCell {TD} at (81,96) size 9x12 [bgcolor=#026766] [r=8 c=9 rs=1 cs=1]
              RenderInline {FONT} at (0,0) size 3x11
                RenderText {#text} at (0,0) size 3x11
                  text run at (0,0) width 3: " "
            RenderTableCell {TD} at (90,96) size 9x12 [bgcolor=#026766] [r=8 c=10 rs=1 cs=1]
              RenderInline {FONT} at (0,0) size 3x11
                RenderText {#text} at (0,0) size 3x11
                  text run at (0,0) width 3: " "
            RenderTableCell {TD} at (99,96) size 9x12 [bgcolor=#025E5E] [r=8 c=11 rs=1 cs=1]
              RenderInline {FONT} at (0,0) size 3x11
                RenderText {#text} at (0,0) size 3x11
                  text run at (0,0) width 3: " "
            RenderTableCell {TD} at (108,96) size 9x12 [bgcolor=#025E5E] [r=8 c=12 rs=1 cs=1]
              RenderInline {FONT} at (0,0) size 3x11
                RenderText {#text} at (0,0) size 3x11
                  text run at (0,0) width 3: " "
            RenderTableCell {TD} at (117,96) size 9x12 [bgcolor=#044140] [r=8 c=13 rs=1 cs=1]
              RenderInline {FONT} at (0,0) size 3x11
                RenderText {#text} at (0,0) size 3x11
                  text run at (0,0) width 3: " "
            RenderTableCell {TD} at (126,96) size 9x12 [bgcolor=#223C3D] [r=8 c=14 rs=1 cs=1]
              RenderInline {FONT} at (0,0) size 3x11
                RenderText {#text} at (0,0) size 3x11
                  text run at (0,0) width 3: " "
            RenderTableCell {TD} at (135,96) size 9x12 [bgcolor=#848788] [r=8 c=15 rs=1 cs=1]
              RenderInline {FONT} at (0,0) size 3x11
                RenderText {#text} at (0,0) size 3x11
                  text run at (0,0) width 3: " "
            RenderTableCell {TD} at (144,96) size 9x12 [bgcolor=#FDFDFB] [r=8 c=16 rs=1 cs=1]
              RenderInline {FONT} at (0,0) size 3x11
                RenderText {#text} at (0,0) size 3x11
                  text run at (0,0) width 3: " "
            RenderTableCell {TD} at (153,96) size 9x12 [bgcolor=#FDFDFB] [r=8 c=17 rs=1 cs=1]
              RenderInline {FONT} at (0,0) size 3x11
                RenderText {#text} at (0,0) size 3x11
                  text run at (0,0) width 3: " "
            RenderTableCell {TD} at (162,96) size 9x12 [bgcolor=#2D3433] [r=8 c=18 rs=1 cs=1]
              RenderInline {FONT} at (0,0) size 3x11
                RenderText {#text} at (0,0) size 3x11
                  text run at (0,0) width 3: " "
            RenderTableCell {TD} at (171,96) size 9x12 [bgcolor=#1E7A79] [r=8 c=19 rs=1 cs=1]
              RenderInline {FONT} at (0,0) size 3x11
                RenderText {#text} at (0,0) size 3x11
                  text run at (0,0) width 3: " "
            RenderTableCell {TD} at (180,96) size 9x12 [bgcolor=#027777] [r=8 c=20 rs=1 cs=1]
              RenderInline {FONT} at (0,0) size 3x11
                RenderText {#text} at (0,0) size 3x11
                  text run at (0,0) width 3: " "
            RenderTableCell {TD} at (189,96) size 9x12 [bgcolor=#026766] [r=8 c=21 rs=1 cs=1]
              RenderInline {FONT} at (0,0) size 3x11
                RenderText {#text} at (0,0) size 3x11
                  text run at (0,0) width 3: " "
            RenderTableCell {TD} at (198,96) size 9x12 [bgcolor=#026766] [r=8 c=22 rs=1 cs=1]
              RenderInline {FONT} at (0,0) size 3x11
                RenderText {#text} at (0,0) size 3x11
                  text run at (0,0) width 3: " "
            RenderTableCell {TD} at (207,96) size 9x12 [bgcolor=#026766] [r=8 c=23 rs=1 cs=1]
              RenderInline {FONT} at (0,0) size 3x11
                RenderText {#text} at (0,0) size 3x11
                  text run at (0,0) width 3: " "
            RenderTableCell {TD} at (216,96) size 9x12 [bgcolor=#026766] [r=8 c=24 rs=1 cs=1]
              RenderInline {FONT} at (0,0) size 3x11
                RenderText {#text} at (0,0) size 3x11
                  text run at (0,0) width 3: " "
            RenderTableCell {TD} at (225,96) size 9x12 [bgcolor=#026766] [r=8 c=25 rs=1 cs=1]
              RenderInline {FONT} at (0,0) size 3x11
                RenderText {#text} at (0,0) size 3x11
                  text run at (0,0) width 3: " "
            RenderTableCell {TD} at (234,96) size 9x12 [bgcolor=#026766] [r=8 c=26 rs=1 cs=1]
              RenderInline {FONT} at (0,0) size 3x11
                RenderText {#text} at (0,0) size 3x11
                  text run at (0,0) width 3: " "
            RenderTableCell {TD} at (243,96) size 9x12 [bgcolor=#026766] [r=8 c=27 rs=1 cs=1]
              RenderInline {FONT} at (0,0) size 3x11
                RenderText {#text} at (0,0) size 3x11
                  text run at (0,0) width 3: " "
            RenderTableCell {TD} at (252,96) size 9x12 [bgcolor=#026766] [r=8 c=28 rs=1 cs=1]
              RenderInline {FONT} at (0,0) size 3x11
                RenderText {#text} at (0,0) size 3x11
                  text run at (0,0) width 3: " "
            RenderTableCell {TD} at (261,96) size 9x12 [bgcolor=#025E5E] [r=8 c=29 rs=1 cs=1]
              RenderInline {FONT} at (0,0) size 3x11
                RenderText {#text} at (0,0) size 3x11
                  text run at (0,0) width 3: " "
            RenderTableCell {TD} at (270,96) size 9x12 [bgcolor=#044F4F] [r=8 c=30 rs=1 cs=1]
              RenderInline {FONT} at (0,0) size 3x11
                RenderText {#text} at (0,0) size 3x11
                  text run at (0,0) width 3: " "
            RenderTableCell {TD} at (279,96) size 9x12 [bgcolor=#044140] [r=8 c=31 rs=1 cs=1]
              RenderInline {FONT} at (0,0) size 3x11
                RenderText {#text} at (0,0) size 3x11
                  text run at (0,0) width 3: " "
            RenderTableCell {TD} at (288,96) size 9x12 [bgcolor=#515C5B] [r=8 c=32 rs=1 cs=1]
              RenderInline {FONT} at (0,0) size 3x11
                RenderText {#text} at (0,0) size 3x11
                  text run at (0,0) width 3: " "
            RenderTableCell {TD} at (297,96) size 9x12 [bgcolor=#777878] [r=8 c=33 rs=1 cs=1]
              RenderInline {FONT} at (0,0) size 3x11
                RenderText {#text} at (0,0) size 3x11
                  text run at (0,0) width 3: " "
            RenderTableCell {TD} at (306,96) size 9x12 [bgcolor=#939494] [r=8 c=34 rs=1 cs=1]
              RenderInline {FONT} at (0,0) size 3x11
                RenderText {#text} at (0,0) size 3x11
                  text run at (0,0) width 3: " "
            RenderTableCell {TD} at (315,96) size 9x12 [bgcolor=#7B918F] [r=8 c=35 rs=1 cs=1]
              RenderInline {FONT} at (0,0) size 3x11
                RenderText {#text} at (0,0) size 3x11
                  text run at (0,0) width 3: " "
            RenderTableCell {TD} at (324,96) size 10x12 [bgcolor=#027777] [r=8 c=36 rs=1 cs=1]
              RenderInline {FONT} at (0,0) size 3x11
                RenderText {#text} at (0,0) size 3x11
                  text run at (0,0) width 3: " "
            RenderTableCell {TD} at (334,96) size 10x12 [bgcolor=#027777] [r=8 c=37 rs=1 cs=1]
              RenderInline {FONT} at (0,0) size 3x11
                RenderText {#text} at (0,0) size 3x11
                  text run at (0,0) width 3: " "
            RenderTableCell {TD} at (344,96) size 10x12 [bgcolor=#026766] [r=8 c=38 rs=1 cs=1]
              RenderInline {FONT} at (0,0) size 3x11
                RenderText {#text} at (0,0) size 3x11
                  text run at (0,0) width 3: " "
            RenderTableCell {TD} at (354,96) size 10x12 [bgcolor=#026766] [r=8 c=39 rs=1 cs=1]
              RenderInline {FONT} at (0,0) size 3x11
                RenderText {#text} at (0,0) size 3x11
                  text run at (0,0) width 3: " "
            RenderTableCell {TD} at (364,96) size 10x12 [bgcolor=#026766] [r=8 c=40 rs=1 cs=1]
              RenderInline {FONT} at (0,0) size 3x11
                RenderText {#text} at (0,0) size 3x11
                  text run at (0,0) width 3: " "
            RenderTableCell {TD} at (374,96) size 10x12 [bgcolor=#026766] [r=8 c=41 rs=1 cs=1]
              RenderInline {FONT} at (0,0) size 3x11
                RenderText {#text} at (0,0) size 3x11
                  text run at (0,0) width 3: " "
            RenderTableCell {TD} at (384,96) size 10x12 [bgcolor=#026766] [r=8 c=42 rs=1 cs=1]
              RenderInline {FONT} at (0,0) size 3x11
                RenderText {#text} at (0,0) size 3x11
                  text run at (0,0) width 3: " "
            RenderTableCell {TD} at (394,96) size 10x12 [bgcolor=#026766] [r=8 c=43 rs=1 cs=1]
              RenderInline {FONT} at (0,0) size 3x11
                RenderText {#text} at (0,0) size 3x11
                  text run at (0,0) width 3: " "
            RenderTableCell {TD} at (404,96) size 10x12 [bgcolor=#026766] [r=8 c=44 rs=1 cs=1]
              RenderInline {FONT} at (0,0) size 3x11
                RenderText {#text} at (0,0) size 3x11
                  text run at (0,0) width 3: " "
            RenderTableCell {TD} at (414,96) size 10x12 [bgcolor=#026766] [r=8 c=45 rs=1 cs=1]
              RenderInline {FONT} at (0,0) size 3x11
                RenderText {#text} at (0,0) size 3x11
                  text run at (0,0) width 3: " "
            RenderTableCell {TD} at (424,96) size 10x12 [bgcolor=#026766] [r=8 c=46 rs=1 cs=1]
              RenderInline {FONT} at (0,0) size 3x11
                RenderText {#text} at (0,0) size 3x11
                  text run at (0,0) width 3: " "
            RenderTableCell {TD} at (434,96) size 10x12 [bgcolor=#1A6B6A] [r=8 c=47 rs=1 cs=1]
              RenderInline {FONT} at (0,0) size 3x11
                RenderText {#text} at (0,0) size 3x11
                  text run at (0,0) width 3: " "
            RenderTableCell {TD} at (444,96) size 10x12 [bgcolor=#B6D0D1] [r=8 c=48 rs=1 cs=1]
              RenderInline {FONT} at (0,0) size 3x11
                RenderText {#text} at (0,0) size 3x11
                  text run at (0,0) width 3: " "
            RenderTableCell {TD} at (454,96) size 10x12 [bgcolor=#FDFDFB] [r=8 c=49 rs=1 cs=1]
              RenderInline {FONT} at (0,0) size 3x11
                RenderText {#text} at (0,0) size 3x11
                  text run at (0,0) width 3: " "
            RenderTableCell {TD} at (464,96) size 10x12 [bgcolor=#848788] [r=8 c=50 rs=1 cs=1]
              RenderInline {FONT} at (0,0) size 3x11
                RenderText {#text} at (0,0) size 3x11
                  text run at (0,0) width 3: " "
            RenderTableCell {TD} at (474,96) size 10x12 [bgcolor=#083131] [r=8 c=51 rs=1 cs=1]
              RenderInline {FONT} at (0,0) size 3x11
                RenderText {#text} at (0,0) size 3x11
                  text run at (0,0) width 3: " "
            RenderTableCell {TD} at (484,96) size 10x12 [bgcolor=#083131] [r=8 c=52 rs=1 cs=1]
              RenderInline {FONT} at (0,0) size 3x11
                RenderText {#text} at (0,0) size 3x11
                  text run at (0,0) width 3: " "
            RenderTableCell {TD} at (494,96) size 10x12 [bgcolor=#3D4242] [r=8 c=53 rs=1 cs=1]
              RenderInline {FONT} at (0,0) size 3x11
                RenderText {#text} at (0,0) size 3x11
                  text run at (0,0) width 3: " "
            RenderTableCell {TD} at (504,96) size 10x12 [bgcolor=#4D4F4F] [r=8 c=54 rs=1 cs=1]
              RenderInline {FONT} at (0,0) size 3x11
                RenderText {#text} at (0,0) size 3x11
                  text run at (0,0) width 3: " "
            RenderTableCell {TD} at (514,96) size 10x12 [bgcolor=#696A69] [r=8 c=55 rs=1 cs=1]
              RenderInline {FONT} at (0,0) size 3x11
                RenderText {#text} at (0,0) size 3x11
                  text run at (0,0) width 3: " "
            RenderTableCell {TD} at (524,96) size 10x12 [bgcolor=#777878] [r=8 c=56 rs=1 cs=1]
              RenderInline {FONT} at (0,0) size 3x11
                RenderText {#text} at (0,0) size 3x11
                  text run at (0,0) width 3: " "
            RenderTableCell {TD} at (534,96) size 10x12 [bgcolor=#848788] [r=8 c=57 rs=1 cs=1]
              RenderInline {FONT} at (0,0) size 3x11
                RenderText {#text} at (0,0) size 3x11
                  text run at (0,0) width 3: " "
            RenderTableCell {TD} at (544,96) size 10x12 [bgcolor=#939494] [r=8 c=58 rs=1 cs=1]
              RenderInline {FONT} at (0,0) size 3x11
                RenderText {#text} at (0,0) size 3x11
                  text run at (0,0) width 3: " "
            RenderTableCell {TD} at (554,96) size 10x12 [bgcolor=#939494] [r=8 c=59 rs=1 cs=1]
              RenderInline {FONT} at (0,0) size 3x11
                RenderText {#text} at (0,0) size 3x11
                  text run at (0,0) width 3: " "
            RenderTableCell {TD} at (564,96) size 10x12 [bgcolor=#7B918F] [r=8 c=60 rs=1 cs=1]
              RenderInline {FONT} at (0,0) size 3x11
                RenderText {#text} at (0,0) size 3x11
                  text run at (0,0) width 3: " "
            RenderTableCell {TD} at (574,96) size 10x12 [bgcolor=#048485] [r=8 c=61 rs=1 cs=1]
              RenderInline {FONT} at (0,0) size 3x11
                RenderText {#text} at (0,0) size 3x11
                  text run at (0,0) width 3: " "
            RenderTableCell {TD} at (584,96) size 10x12 [bgcolor=#027777] [r=8 c=62 rs=1 cs=1]
              RenderInline {FONT} at (0,0) size 3x11
                RenderText {#text} at (0,0) size 3x11
                  text run at (0,0) width 3: " "
            RenderTableCell {TD} at (594,96) size 10x12 [bgcolor=#026766] [r=8 c=63 rs=1 cs=1]
              RenderInline {FONT} at (0,0) size 3x11
                RenderText {#text} at (0,0) size 3x11
                  text run at (0,0) width 3: " "
            RenderTableCell {TD} at (604,96) size 10x12 [bgcolor=#026766] [r=8 c=64 rs=1 cs=1]
              RenderInline {FONT} at (0,0) size 3x11
                RenderText {#text} at (0,0) size 3x11
                  text run at (0,0) width 3: " "
            RenderTableCell {TD} at (614,96) size 10x12 [bgcolor=#026766] [r=8 c=65 rs=1 cs=1]
              RenderInline {FONT} at (0,0) size 3x11
                RenderText {#text} at (0,0) size 3x11
                  text run at (0,0) width 3: " "
            RenderTableCell {TD} at (624,96) size 10x12 [bgcolor=#026766] [r=8 c=66 rs=1 cs=1]
              RenderInline {FONT} at (0,0) size 3x11
                RenderText {#text} at (0,0) size 3x11
                  text run at (0,0) width 3: " "
            RenderTableCell {TD} at (634,96) size 10x12 [bgcolor=#026766] [r=8 c=67 rs=1 cs=1]
              RenderInline {FONT} at (0,0) size 3x11
                RenderText {#text} at (0,0) size 3x11
                  text run at (0,0) width 3: " "
            RenderTableCell {TD} at (644,96) size 10x12 [bgcolor=#026766] [r=8 c=68 rs=1 cs=1]
              RenderInline {FONT} at (0,0) size 3x11
                RenderText {#text} at (0,0) size 3x11
                  text run at (0,0) width 3: " "
            RenderTableCell {TD} at (654,96) size 10x12 [bgcolor=#026766] [r=8 c=69 rs=1 cs=1]
              RenderInline {FONT} at (0,0) size 3x11
                RenderText {#text} at (0,0) size 3x11
                  text run at (0,0) width 3: " "
            RenderTableCell {TD} at (664,96) size 10x12 [bgcolor=#1E7A79] [r=8 c=70 rs=1 cs=1]
              RenderInline {FONT} at (0,0) size 3x11
                RenderText {#text} at (0,0) size 3x11
                  text run at (0,0) width 3: " "
            RenderTableCell {TD} at (674,96) size 10x12 [bgcolor=#E0EAE9] [r=8 c=71 rs=1 cs=1]
              RenderInline {FONT} at (0,0) size 3x11
                RenderText {#text} at (0,0) size 3x11
                  text run at (0,0) width 3: " "
            RenderTableCell {TD} at (684,96) size 10x12 [bgcolor=#FDFDFB] [r=8 c=72 rs=1 cs=1]
              RenderInline {FONT} at (0,0) size 3x11
                RenderText {#text} at (0,0) size 3x11
                  text run at (0,0) width 3: " "
            RenderTableCell {TD} at (694,96) size 10x12 [bgcolor=#4D4F4F] [r=8 c=73 rs=1 cs=1]
              RenderInline {FONT} at (0,0) size 3x11
                RenderText {#text} at (0,0) size 3x11
                  text run at (0,0) width 3: " "
            RenderTableCell {TD} at (704,96) size 10x12 [bgcolor=#515C5B] [r=8 c=74 rs=1 cs=1]
              RenderInline {FONT} at (0,0) size 3x11
                RenderText {#text} at (0,0) size 3x11
                  text run at (0,0) width 3: " "
            RenderTableCell {TD} at (714,96) size 10x12 [bgcolor=#777878] [r=8 c=75 rs=1 cs=1]
              RenderInline {FONT} at (0,0) size 3x11
                RenderText {#text} at (0,0) size 3x11
                  text run at (0,0) width 3: " "
            RenderTableCell {TD} at (724,96) size 10x12 [bgcolor=#848788] [r=8 c=76 rs=1 cs=1]
              RenderInline {FONT} at (0,0) size 3x11
                RenderText {#text} at (0,0) size 3x11
                  text run at (0,0) width 3: " "
            RenderTableCell {TD} at (734,96) size 10x12 [bgcolor=#848788] [r=8 c=77 rs=1 cs=1]
              RenderInline {FONT} at (0,0) size 3x11
                RenderText {#text} at (0,0) size 3x11
                  text run at (0,0) width 3: " "
            RenderTableCell {TD} at (744,96) size 10x12 [bgcolor=#1E7A79] [r=8 c=78 rs=1 cs=1]
              RenderInline {FONT} at (0,0) size 3x11
                RenderText {#text} at (0,0) size 3x11
                  text run at (0,0) width 3: " "
            RenderTableCell {TD} at (754,96) size 10x12 [bgcolor=#027777] [r=8 c=79 rs=1 cs=1]
              RenderInline {FONT} at (0,0) size 3x11
                RenderText {#text} at (0,0) size 3x11
                  text run at (0,0) width 3: " "
            RenderTableCell {TD} at (764,96) size 10x12 [bgcolor=#026766] [r=8 c=80 rs=1 cs=1]
              RenderInline {FONT} at (0,0) size 3x11
                RenderText {#text} at (0,0) size 3x11
                  text run at (0,0) width 3: " "
            RenderTableCell {TD} at (774,96) size 10x12 [bgcolor=#026766] [r=8 c=81 rs=1 cs=1]
              RenderInline {FONT} at (0,0) size 3x11
                RenderText {#text} at (0,0) size 3x11
                  text run at (0,0) width 3: " "
            RenderTableCell {TD} at (784,96) size 10x12 [bgcolor=#026766] [r=8 c=82 rs=1 cs=1]
              RenderInline {FONT} at (0,0) size 3x11
                RenderText {#text} at (0,0) size 3x11
                  text run at (0,0) width 3: " "
            RenderTableCell {TD} at (794,96) size 10x12 [bgcolor=#026766] [r=8 c=83 rs=1 cs=1]
              RenderInline {FONT} at (0,0) size 3x11
                RenderText {#text} at (0,0) size 3x11
                  text run at (0,0) width 3: " "
            RenderTableCell {TD} at (804,96) size 10x12 [bgcolor=#026766] [r=8 c=84 rs=1 cs=1]
              RenderInline {FONT} at (0,0) size 3x11
                RenderText {#text} at (0,0) size 3x11
                  text run at (0,0) width 3: " "
            RenderTableCell {TD} at (814,96) size 10x12 [bgcolor=#026766] [r=8 c=85 rs=1 cs=1]
              RenderInline {FONT} at (0,0) size 3x11
                RenderText {#text} at (0,0) size 3x11
                  text run at (0,0) width 3: " "
            RenderTableCell {TD} at (824,96) size 10x12 [bgcolor=#026766] [r=8 c=86 rs=1 cs=1]
              RenderInline {FONT} at (0,0) size 3x11
                RenderText {#text} at (0,0) size 3x11
                  text run at (0,0) width 3: " "
            RenderTableCell {TD} at (834,96) size 10x12 [bgcolor=#026766] [r=8 c=87 rs=1 cs=1]
              RenderInline {FONT} at (0,0) size 3x11
                RenderText {#text} at (0,0) size 3x11
                  text run at (0,0) width 3: " "
            RenderTableCell {TD} at (844,96) size 10x12 [bgcolor=#026766] [r=8 c=88 rs=1 cs=1]
              RenderInline {FONT} at (0,0) size 3x11
                RenderText {#text} at (0,0) size 3x11
                  text run at (0,0) width 3: " "
            RenderTableCell {TD} at (854,96) size 10x12 [bgcolor=#026766] [r=8 c=89 rs=1 cs=1]
              RenderInline {FONT} at (0,0) size 3x11
                RenderText {#text} at (0,0) size 3x11
                  text run at (0,0) width 3: " "
            RenderTableCell {TD} at (864,96) size 10x12 [bgcolor=#338686] [r=8 c=90 rs=1 cs=1]
              RenderInline {FONT} at (0,0) size 3x11
                RenderText {#text} at (0,0) size 3x11
                  text run at (0,0) width 3: " "
            RenderTableCell {TD} at (874,96) size 10x12 [bgcolor=#EDEEEF] [r=8 c=91 rs=1 cs=1]
              RenderInline {FONT} at (0,0) size 3x11
                RenderText {#text} at (0,0) size 3x11
                  text run at (0,0) width 3: " "
            RenderTableCell {TD} at (884,96) size 10x12 [bgcolor=#FDFDFB] [r=8 c=92 rs=1 cs=1]
              RenderInline {FONT} at (0,0) size 3x11
                RenderText {#text} at (0,0) size 3x11
                  text run at (0,0) width 3: " "
            RenderTableCell {TD} at (894,96) size 10x12 [bgcolor=#223C3D] [r=8 c=93 rs=1 cs=1]
              RenderInline {FONT} at (0,0) size 3x11
                RenderText {#text} at (0,0) size 3x11
                  text run at (0,0) width 3: " "
            RenderTableCell {TD} at (904,96) size 10x12 [bgcolor=#223C3D] [r=8 c=94 rs=1 cs=1]
              RenderInline {FONT} at (0,0) size 3x11
                RenderText {#text} at (0,0) size 3x11
                  text run at (0,0) width 3: " "
            RenderTableCell {TD} at (914,96) size 10x12 [bgcolor=#5E5F60] [r=8 c=95 rs=1 cs=1]
              RenderInline {FONT} at (0,0) size 3x11
                RenderText {#text} at (0,0) size 3x11
                  text run at (0,0) width 3: " "
            RenderTableCell {TD} at (924,96) size 10x12 [bgcolor=#777878] [r=8 c=96 rs=1 cs=1]
              RenderInline {FONT} at (0,0) size 3x11
                RenderText {#text} at (0,0) size 3x11
                  text run at (0,0) width 3: " "
            RenderTableCell {TD} at (934,96) size 10x12 [bgcolor=#848788] [r=8 c=97 rs=1 cs=1]
              RenderInline {FONT} at (0,0) size 3x11
                RenderText {#text} at (0,0) size 3x11
                  text run at (0,0) width 3: " "
            RenderTableCell {TD} at (944,96) size 10x12 [bgcolor=#777878] [r=8 c=98 rs=1 cs=1]
              RenderInline {FONT} at (0,0) size 3x11
                RenderText {#text} at (0,0) size 3x11
                  text run at (0,0) width 3: " "
            RenderTableCell {TD} at (954,96) size 10x12 [bgcolor=#4D4F4F] [r=8 c=99 rs=1 cs=1]
              RenderInline {FONT} at (0,0) size 3x11
                RenderText {#text} at (0,0) size 3x11
                  text run at (0,0) width 3: " "
          RenderTableRow {TR} at (0,108) size 964x12
            RenderTableCell {TD} at (0,108) size 9x12 [bgcolor=#EDEEEF] [r=9 c=0 rs=1 cs=1]
              RenderInline {FONT} at (0,0) size 3x11
                RenderText {#text} at (0,0) size 3x11
                  text run at (0,0) width 3: " "
            RenderTableCell {TD} at (9,108) size 9x12 [bgcolor=#44A3A2] [r=9 c=1 rs=1 cs=1]
              RenderInline {FONT} at (0,0) size 3x11
                RenderText {#text} at (0,0) size 3x11
                  text run at (0,0) width 3: " "
            RenderTableCell {TD} at (18,108) size 9x12 [bgcolor=#048485] [r=9 c=2 rs=1 cs=1]
              RenderInline {FONT} at (0,0) size 3x11
                RenderText {#text} at (0,0) size 3x11
                  text run at (0,0) width 3: " "
            RenderTableCell {TD} at (27,108) size 9x12 [bgcolor=#027777] [r=9 c=3 rs=1 cs=1]
              RenderInline {FONT} at (0,0) size 3x11
                RenderText {#text} at (0,0) size 3x11
                  text run at (0,0) width 3: " "
            RenderTableCell {TD} at (36,108) size 9x12 [bgcolor=#469191] [r=9 c=4 rs=1 cs=1]
              RenderInline {FONT} at (0,0) size 3x11
                RenderText {#text} at (0,0) size 3x11
                  text run at (0,0) width 3: " "
            RenderTableCell {TD} at (45,108) size 9x12 [bgcolor=#7CAEAF] [r=9 c=5 rs=1 cs=1]
              RenderInline {FONT} at (0,0) size 3x11
                RenderText {#text} at (0,0) size 3x11
                  text run at (0,0) width 3: " "
            RenderTableCell {TD} at (54,108) size 9x12 [bgcolor=#97C1C0] [r=9 c=6 rs=1 cs=1]
              RenderInline {FONT} at (0,0) size 3x11
                RenderText {#text} at (0,0) size 3x11
                  text run at (0,0) width 3: " "
            RenderTableCell {TD} at (63,108) size 9x12 [bgcolor=#97C1C0] [r=9 c=7 rs=1 cs=1]
              RenderInline {FONT} at (0,0) size 3x11
                RenderText {#text} at (0,0) size 3x11
                  text run at (0,0) width 3: " "
            RenderTableCell {TD} at (72,108) size 9x12 [bgcolor=#97C1C0] [r=9 c=8 rs=1 cs=1]
              RenderInline {FONT} at (0,0) size 3x11
                RenderText {#text} at (0,0) size 3x11
                  text run at (0,0) width 3: " "
            RenderTableCell {TD} at (81,108) size 9x12 [bgcolor=#7CAEAF] [r=9 c=9 rs=1 cs=1]
              RenderInline {FONT} at (0,0) size 3x11
                RenderText {#text} at (0,0) size 3x11
                  text run at (0,0) width 3: " "
            RenderTableCell {TD} at (90,108) size 9x12 [bgcolor=#469191] [r=9 c=10 rs=1 cs=1]
              RenderInline {FONT} at (0,0) size 3x11
                RenderText {#text} at (0,0) size 3x11
                  text run at (0,0) width 3: " "
            RenderTableCell {TD} at (99,108) size 9x12 [bgcolor=#1A6B6A] [r=9 c=11 rs=1 cs=1]
              RenderInline {FONT} at (0,0) size 3x11
                RenderText {#text} at (0,0) size 3x11
                  text run at (0,0) width 3: " "
            RenderTableCell {TD} at (108,108) size 9x12 [bgcolor=#025E5E] [r=9 c=12 rs=1 cs=1]
              RenderInline {FONT} at (0,0) size 3x11
                RenderText {#text} at (0,0) size 3x11
                  text run at (0,0) width 3: " "
            RenderTableCell {TD} at (117,108) size 9x12 [bgcolor=#044140] [r=9 c=13 rs=1 cs=1]
              RenderInline {FONT} at (0,0) size 3x11
                RenderText {#text} at (0,0) size 3x11
                  text run at (0,0) width 3: " "
            RenderTableCell {TD} at (126,108) size 9x12 [bgcolor=#223C3D] [r=9 c=14 rs=1 cs=1]
              RenderInline {FONT} at (0,0) size 3x11
                RenderText {#text} at (0,0) size 3x11
                  text run at (0,0) width 3: " "
            RenderTableCell {TD} at (135,108) size 9x12 [bgcolor=#848788] [r=9 c=15 rs=1 cs=1]
              RenderInline {FONT} at (0,0) size 3x11
                RenderText {#text} at (0,0) size 3x11
                  text run at (0,0) width 3: " "
            RenderTableCell {TD} at (144,108) size 9x12 [bgcolor=#FDFDFB] [r=9 c=16 rs=1 cs=1]
              RenderInline {FONT} at (0,0) size 3x11
                RenderText {#text} at (0,0) size 3x11
                  text run at (0,0) width 3: " "
            RenderTableCell {TD} at (153,108) size 9x12 [bgcolor=#FDFDFB] [r=9 c=17 rs=1 cs=1]
              RenderInline {FONT} at (0,0) size 3x11
                RenderText {#text} at (0,0) size 3x11
                  text run at (0,0) width 3: " "
            RenderTableCell {TD} at (162,108) size 9x12 [bgcolor=#2D3433] [r=9 c=18 rs=1 cs=1]
              RenderInline {FONT} at (0,0) size 3x11
                RenderText {#text} at (0,0) size 3x11
                  text run at (0,0) width 3: " "
            RenderTableCell {TD} at (171,108) size 9x12 [bgcolor=#1E7A79] [r=9 c=19 rs=1 cs=1]
              RenderInline {FONT} at (0,0) size 3x11
                RenderText {#text} at (0,0) size 3x11
                  text run at (0,0) width 3: " "
            RenderTableCell {TD} at (180,108) size 9x12 [bgcolor=#027777] [r=9 c=20 rs=1 cs=1]
              RenderInline {FONT} at (0,0) size 3x11
                RenderText {#text} at (0,0) size 3x11
                  text run at (0,0) width 3: " "
            RenderTableCell {TD} at (189,108) size 9x12 [bgcolor=#026766] [r=9 c=21 rs=1 cs=1]
              RenderInline {FONT} at (0,0) size 3x11
                RenderText {#text} at (0,0) size 3x11
                  text run at (0,0) width 3: " "
            RenderTableCell {TD} at (198,108) size 9x12 [bgcolor=#1E7A79] [r=9 c=22 rs=1 cs=1]
              RenderInline {FONT} at (0,0) size 3x11
                RenderText {#text} at (0,0) size 3x11
                  text run at (0,0) width 3: " "
            RenderTableCell {TD} at (207,108) size 9x12 [bgcolor=#469191] [r=9 c=23 rs=1 cs=1]
              RenderInline {FONT} at (0,0) size 3x11
                RenderText {#text} at (0,0) size 3x11
                  text run at (0,0) width 3: " "
            RenderTableCell {TD} at (216,108) size 9x12 [bgcolor=#7CAEAF] [r=9 c=24 rs=1 cs=1]
              RenderInline {FONT} at (0,0) size 3x11
                RenderText {#text} at (0,0) size 3x11
                  text run at (0,0) width 3: " "
            RenderTableCell {TD} at (225,108) size 9x12 [bgcolor=#97C1C0] [r=9 c=25 rs=1 cs=1]
              RenderInline {FONT} at (0,0) size 3x11
                RenderText {#text} at (0,0) size 3x11
                  text run at (0,0) width 3: " "
            RenderTableCell {TD} at (234,108) size 9x12 [bgcolor=#97C1C0] [r=9 c=26 rs=1 cs=1]
              RenderInline {FONT} at (0,0) size 3x11
                RenderText {#text} at (0,0) size 3x11
                  text run at (0,0) width 3: " "
            RenderTableCell {TD} at (243,108) size 9x12 [bgcolor=#97C1C0] [r=9 c=27 rs=1 cs=1]
              RenderInline {FONT} at (0,0) size 3x11
                RenderText {#text} at (0,0) size 3x11
                  text run at (0,0) width 3: " "
            RenderTableCell {TD} at (252,108) size 9x12 [bgcolor=#7CAEAF] [r=9 c=28 rs=1 cs=1]
              RenderInline {FONT} at (0,0) size 3x11
                RenderText {#text} at (0,0) size 3x11
                  text run at (0,0) width 3: " "
            RenderTableCell {TD} at (261,108) size 9x12 [bgcolor=#589594] [r=9 c=29 rs=1 cs=1]
              RenderInline {FONT} at (0,0) size 3x11
                RenderText {#text} at (0,0) size 3x11
                  text run at (0,0) width 3: " "
            RenderTableCell {TD} at (270,108) size 9x12 [bgcolor=#1E7A79] [r=9 c=30 rs=1 cs=1]
              RenderInline {FONT} at (0,0) size 3x11
                RenderText {#text} at (0,0) size 3x11
                  text run at (0,0) width 3: " "
            RenderTableCell {TD} at (279,108) size 9x12 [bgcolor=#044F4F] [r=9 c=31 rs=1 cs=1]
              RenderInline {FONT} at (0,0) size 3x11
                RenderText {#text} at (0,0) size 3x11
                  text run at (0,0) width 3: " "
            RenderTableCell {TD} at (288,108) size 9x12 [bgcolor=#344C4E] [r=9 c=32 rs=1 cs=1]
              RenderInline {FONT} at (0,0) size 3x11
                RenderText {#text} at (0,0) size 3x11
                  text run at (0,0) width 3: " "
            RenderTableCell {TD} at (297,108) size 9x12 [bgcolor=#696A69] [r=9 c=33 rs=1 cs=1]
              RenderInline {FONT} at (0,0) size 3x11
                RenderText {#text} at (0,0) size 3x11
                  text run at (0,0) width 3: " "
            RenderTableCell {TD} at (306,108) size 9x12 [bgcolor=#848788] [r=9 c=34 rs=1 cs=1]
              RenderInline {FONT} at (0,0) size 3x11
                RenderText {#text} at (0,0) size 3x11
                  text run at (0,0) width 3: " "
            RenderTableCell {TD} at (315,108) size 9x12 [bgcolor=#848788] [r=9 c=35 rs=1 cs=1]
              RenderInline {FONT} at (0,0) size 3x11
                RenderText {#text} at (0,0) size 3x11
                  text run at (0,0) width 3: " "
            RenderTableCell {TD} at (324,108) size 10x12 [bgcolor=#249393] [r=9 c=36 rs=1 cs=1]
              RenderInline {FONT} at (0,0) size 3x11
                RenderText {#text} at (0,0) size 3x11
                  text run at (0,0) width 3: " "
            RenderTableCell {TD} at (334,108) size 10x12 [bgcolor=#60A2A3] [r=9 c=37 rs=1 cs=1]
              RenderInline {FONT} at (0,0) size 3x11
                RenderText {#text} at (0,0) size 3x11
                  text run at (0,0) width 3: " "
            RenderTableCell {TD} at (344,108) size 10x12 [bgcolor=#8DB7B6] [r=9 c=38 rs=1 cs=1]
              RenderInline {FONT} at (0,0) size 3x11
                RenderText {#text} at (0,0) size 3x11
                  text run at (0,0) width 3: " "
            RenderTableCell {TD} at (354,108) size 10x12 [bgcolor=#97C1C0] [r=9 c=39 rs=1 cs=1]
              RenderInline {FONT} at (0,0) size 3x11
                RenderText {#text} at (0,0) size 3x11
                  text run at (0,0) width 3: " "
            RenderTableCell {TD} at (364,108) size 10x12 [bgcolor=#97C1C0] [r=9 c=40 rs=1 cs=1]
              RenderInline {FONT} at (0,0) size 3x11
                RenderText {#text} at (0,0) size 3x11
                  text run at (0,0) width 3: " "
            RenderTableCell {TD} at (374,108) size 10x12 [bgcolor=#8DB7B6] [r=9 c=41 rs=1 cs=1]
              RenderInline {FONT} at (0,0) size 3x11
                RenderText {#text} at (0,0) size 3x11
                  text run at (0,0) width 3: " "
            RenderTableCell {TD} at (384,108) size 10x12 [bgcolor=#60A2A3] [r=9 c=42 rs=1 cs=1]
              RenderInline {FONT} at (0,0) size 3x11
                RenderText {#text} at (0,0) size 3x11
                  text run at (0,0) width 3: " "
            RenderTableCell {TD} at (394,108) size 10x12 [bgcolor=#287A7A] [r=9 c=43 rs=1 cs=1]
              RenderInline {FONT} at (0,0) size 3x11
                RenderText {#text} at (0,0) size 3x11
                  text run at (0,0) width 3: " "
            RenderTableCell {TD} at (404,108) size 10x12 [bgcolor=#026766] [r=9 c=44 rs=1 cs=1]
              RenderInline {FONT} at (0,0) size 3x11
                RenderText {#text} at (0,0) size 3x11
                  text run at (0,0) width 3: " "
            RenderTableCell {TD} at (414,108) size 10x12 [bgcolor=#026766] [r=9 c=45 rs=1 cs=1]
              RenderInline {FONT} at (0,0) size 3x11
                RenderText {#text} at (0,0) size 3x11
                  text run at (0,0) width 3: " "
            RenderTableCell {TD} at (424,108) size 10x12 [bgcolor=#026766] [r=9 c=46 rs=1 cs=1]
              RenderInline {FONT} at (0,0) size 3x11
                RenderText {#text} at (0,0) size 3x11
                  text run at (0,0) width 3: " "
            RenderTableCell {TD} at (434,108) size 10x12 [bgcolor=#1A6B6A] [r=9 c=47 rs=1 cs=1]
              RenderInline {FONT} at (0,0) size 3x11
                RenderText {#text} at (0,0) size 3x11
                  text run at (0,0) width 3: " "
            RenderTableCell {TD} at (444,108) size 10x12 [bgcolor=#B6D0D1] [r=9 c=48 rs=1 cs=1]
              RenderInline {FONT} at (0,0) size 3x11
                RenderText {#text} at (0,0) size 3x11
                  text run at (0,0) width 3: " "
            RenderTableCell {TD} at (454,108) size 10x12 [bgcolor=#FDFDFB] [r=9 c=49 rs=1 cs=1]
              RenderInline {FONT} at (0,0) size 3x11
                RenderText {#text} at (0,0) size 3x11
                  text run at (0,0) width 3: " "
            RenderTableCell {TD} at (464,108) size 10x12 [bgcolor=#848788] [r=9 c=50 rs=1 cs=1]
              RenderInline {FONT} at (0,0) size 3x11
                RenderText {#text} at (0,0) size 3x11
                  text run at (0,0) width 3: " "
            RenderTableCell {TD} at (474,108) size 10x12 [bgcolor=#274C4D] [r=9 c=51 rs=1 cs=1]
              RenderInline {FONT} at (0,0) size 3x11
                RenderText {#text} at (0,0) size 3x11
                  text run at (0,0) width 3: " "
            RenderTableCell {TD} at (484,108) size 10x12 [bgcolor=#848788] [r=9 c=52 rs=1 cs=1]
              RenderInline {FONT} at (0,0) size 3x11
                RenderText {#text} at (0,0) size 3x11
                  text run at (0,0) width 3: " "
            RenderTableCell {TD} at (494,108) size 10x12 [bgcolor=#B4B4B4] [r=9 c=53 rs=1 cs=1]
              RenderInline {FONT} at (0,0) size 3x11
                RenderText {#text} at (0,0) size 3x11
                  text run at (0,0) width 3: " "
            RenderTableCell {TD} at (504,108) size 10x12 [bgcolor=#BEC2C2] [r=9 c=54 rs=1 cs=1]
              RenderInline {FONT} at (0,0) size 3x11
                RenderText {#text} at (0,0) size 3x11
                  text run at (0,0) width 3: " "
            RenderTableCell {TD} at (514,108) size 10x12 [bgcolor=#BEC2C2] [r=9 c=55 rs=1 cs=1]
              RenderInline {FONT} at (0,0) size 3x11
                RenderText {#text} at (0,0) size 3x11
                  text run at (0,0) width 3: " "
            RenderTableCell {TD} at (524,108) size 10x12 [bgcolor=#B4B4B4] [r=9 c=56 rs=1 cs=1]
              RenderInline {FONT} at (0,0) size 3x11
                RenderText {#text} at (0,0) size 3x11
                  text run at (0,0) width 3: " "
            RenderTableCell {TD} at (534,108) size 10x12 [bgcolor=#A5A6A6] [r=9 c=57 rs=1 cs=1]
              RenderInline {FONT} at (0,0) size 3x11
                RenderText {#text} at (0,0) size 3x11
                  text run at (0,0) width 3: " "
            RenderTableCell {TD} at (544,108) size 10x12 [bgcolor=#939494] [r=9 c=58 rs=1 cs=1]
              RenderInline {FONT} at (0,0) size 3x11
                RenderText {#text} at (0,0) size 3x11
                  text run at (0,0) width 3: " "
            RenderTableCell {TD} at (554,108) size 10x12 [bgcolor=#939494] [r=9 c=59 rs=1 cs=1]
              RenderInline {FONT} at (0,0) size 3x11
                RenderText {#text} at (0,0) size 3x11
                  text run at (0,0) width 3: " "
            RenderTableCell {TD} at (564,108) size 10x12 [bgcolor=#469191] [r=9 c=60 rs=1 cs=1]
              RenderInline {FONT} at (0,0) size 3x11
                RenderText {#text} at (0,0) size 3x11
                  text run at (0,0) width 3: " "
            RenderTableCell {TD} at (574,108) size 10x12 [bgcolor=#048485] [r=9 c=61 rs=1 cs=1]
              RenderInline {FONT} at (0,0) size 3x11
                RenderText {#text} at (0,0) size 3x11
                  text run at (0,0) width 3: " "
            RenderTableCell {TD} at (584,108) size 10x12 [bgcolor=#027777] [r=9 c=62 rs=1 cs=1]
              RenderInline {FONT} at (0,0) size 3x11
                RenderText {#text} at (0,0) size 3x11
                  text run at (0,0) width 3: " "
            RenderTableCell {TD} at (594,108) size 10x12 [bgcolor=#1A6B6A] [r=9 c=63 rs=1 cs=1]
              RenderInline {FONT} at (0,0) size 3x11
                RenderText {#text} at (0,0) size 3x11
                  text run at (0,0) width 3: " "
            RenderTableCell {TD} at (604,108) size 10x12 [bgcolor=#469191] [r=9 c=64 rs=1 cs=1]
              RenderInline {FONT} at (0,0) size 3x11
                RenderText {#text} at (0,0) size 3x11
                  text run at (0,0) width 3: " "
            RenderTableCell {TD} at (614,108) size 10x12 [bgcolor=#7CAEAF] [r=9 c=65 rs=1 cs=1]
              RenderInline {FONT} at (0,0) size 3x11
                RenderText {#text} at (0,0) size 3x11
                  text run at (0,0) width 3: " "
            RenderTableCell {TD} at (624,108) size 10x12 [bgcolor=#97C1C0] [r=9 c=66 rs=1 cs=1]
              RenderInline {FONT} at (0,0) size 3x11
                RenderText {#text} at (0,0) size 3x11
                  text run at (0,0) width 3: " "
            RenderTableCell {TD} at (634,108) size 10x12 [bgcolor=#97C1C0] [r=9 c=67 rs=1 cs=1]
              RenderInline {FONT} at (0,0) size 3x11
                RenderText {#text} at (0,0) size 3x11
                  text run at (0,0) width 3: " "
            RenderTableCell {TD} at (644,108) size 10x12 [bgcolor=#7CAEAF] [r=9 c=68 rs=1 cs=1]
              RenderInline {FONT} at (0,0) size 3x11
                RenderText {#text} at (0,0) size 3x11
                  text run at (0,0) width 3: " "
            RenderTableCell {TD} at (654,108) size 10x12 [bgcolor=#469191] [r=9 c=69 rs=1 cs=1]
              RenderInline {FONT} at (0,0) size 3x11
                RenderText {#text} at (0,0) size 3x11
                  text run at (0,0) width 3: " "
            RenderTableCell {TD} at (664,108) size 10x12 [bgcolor=#338686] [r=9 c=70 rs=1 cs=1]
              RenderInline {FONT} at (0,0) size 3x11
                RenderText {#text} at (0,0) size 3x11
                  text run at (0,0) width 3: " "
            RenderTableCell {TD} at (674,108) size 10x12 [bgcolor=#E0EAE9] [r=9 c=71 rs=1 cs=1]
              RenderInline {FONT} at (0,0) size 3x11
                RenderText {#text} at (0,0) size 3x11
                  text run at (0,0) width 3: " "
            RenderTableCell {TD} at (684,108) size 10x12 [bgcolor=#FDFDFB] [r=9 c=72 rs=1 cs=1]
              RenderInline {FONT} at (0,0) size 3x11
                RenderText {#text} at (0,0) size 3x11
                  text run at (0,0) width 3: " "
            RenderTableCell {TD} at (694,108) size 10x12 [bgcolor=#4D4F4F] [r=9 c=73 rs=1 cs=1]
              RenderInline {FONT} at (0,0) size 3x11
                RenderText {#text} at (0,0) size 3x11
                  text run at (0,0) width 3: " "
            RenderTableCell {TD} at (704,108) size 10x12 [bgcolor=#5E5F60] [r=9 c=74 rs=1 cs=1]
              RenderInline {FONT} at (0,0) size 3x11
                RenderText {#text} at (0,0) size 3x11
                  text run at (0,0) width 3: " "
            RenderTableCell {TD} at (714,108) size 10x12 [bgcolor=#777878] [r=9 c=75 rs=1 cs=1]
              RenderInline {FONT} at (0,0) size 3x11
                RenderText {#text} at (0,0) size 3x11
                  text run at (0,0) width 3: " "
            RenderTableCell {TD} at (724,108) size 10x12 [bgcolor=#939494] [r=9 c=76 rs=1 cs=1]
              RenderInline {FONT} at (0,0) size 3x11
                RenderText {#text} at (0,0) size 3x11
                  text run at (0,0) width 3: " "
            RenderTableCell {TD} at (734,108) size 10x12 [bgcolor=#939494] [r=9 c=77 rs=1 cs=1]
              RenderInline {FONT} at (0,0) size 3x11
                RenderText {#text} at (0,0) size 3x11
                  text run at (0,0) width 3: " "
            RenderTableCell {TD} at (744,108) size 10x12 [bgcolor=#589594] [r=9 c=78 rs=1 cs=1]
              RenderInline {FONT} at (0,0) size 3x11
                RenderText {#text} at (0,0) size 3x11
                  text run at (0,0) width 3: " "
            RenderTableCell {TD} at (754,108) size 10x12 [bgcolor=#5CADAE] [r=9 c=79 rs=1 cs=1]
              RenderInline {FONT} at (0,0) size 3x11
                RenderText {#text} at (0,0) size 3x11
                  text run at (0,0) width 3: " "
            RenderTableCell {TD} at (764,108) size 10x12 [bgcolor=#7DBAB9] [r=9 c=80 rs=1 cs=1]
              RenderInline {FONT} at (0,0) size 3x11
                RenderText {#text} at (0,0) size 3x11
                  text run at (0,0) width 3: " "
            RenderTableCell {TD} at (774,108) size 10x12 [bgcolor=#97C1C0] [r=9 c=81 rs=1 cs=1]
              RenderInline {FONT} at (0,0) size 3x11
                RenderText {#text} at (0,0) size 3x11
                  text run at (0,0) width 3: " "
            RenderTableCell {TD} at (784,108) size 10x12 [bgcolor=#97C1C0] [r=9 c=82 rs=1 cs=1]
              RenderInline {FONT} at (0,0) size 3x11
                RenderText {#text} at (0,0) size 3x11
                  text run at (0,0) width 3: " "
            RenderTableCell {TD} at (794,108) size 10x12 [bgcolor=#7CAEAF] [r=9 c=83 rs=1 cs=1]
              RenderInline {FONT} at (0,0) size 3x11
                RenderText {#text} at (0,0) size 3x11
                  text run at (0,0) width 3: " "
            RenderTableCell {TD} at (804,108) size 10x12 [bgcolor=#469191] [r=9 c=84 rs=1 cs=1]
              RenderInline {FONT} at (0,0) size 3x11
                RenderText {#text} at (0,0) size 3x11
                  text run at (0,0) width 3: " "
            RenderTableCell {TD} at (814,108) size 10x12 [bgcolor=#1E7A79] [r=9 c=85 rs=1 cs=1]
              RenderInline {FONT} at (0,0) size 3x11
                RenderText {#text} at (0,0) size 3x11
                  text run at (0,0) width 3: " "
            RenderTableCell {TD} at (824,108) size 10x12 [bgcolor=#026766] [r=9 c=86 rs=1 cs=1]
              RenderInline {FONT} at (0,0) size 3x11
                RenderText {#text} at (0,0) size 3x11
                  text run at (0,0) width 3: " "
            RenderTableCell {TD} at (834,108) size 10x12 [bgcolor=#026766] [r=9 c=87 rs=1 cs=1]
              RenderInline {FONT} at (0,0) size 3x11
                RenderText {#text} at (0,0) size 3x11
                  text run at (0,0) width 3: " "
            RenderTableCell {TD} at (844,108) size 10x12 [bgcolor=#026766] [r=9 c=88 rs=1 cs=1]
              RenderInline {FONT} at (0,0) size 3x11
                RenderText {#text} at (0,0) size 3x11
                  text run at (0,0) width 3: " "
            RenderTableCell {TD} at (854,108) size 10x12 [bgcolor=#469191] [r=9 c=89 rs=1 cs=1]
              RenderInline {FONT} at (0,0) size 3x11
                RenderText {#text} at (0,0) size 3x11
                  text run at (0,0) width 3: " "
            RenderTableCell {TD} at (864,108) size 10x12 [bgcolor=#7CAEAF] [r=9 c=90 rs=1 cs=1]
              RenderInline {FONT} at (0,0) size 3x11
                RenderText {#text} at (0,0) size 3x11
                  text run at (0,0) width 3: " "
            RenderTableCell {TD} at (874,108) size 10x12 [bgcolor=#EDEEEF] [r=9 c=91 rs=1 cs=1]
              RenderInline {FONT} at (0,0) size 3x11
                RenderText {#text} at (0,0) size 3x11
                  text run at (0,0) width 3: " "
            RenderTableCell {TD} at (884,108) size 10x12 [bgcolor=#FDFDFB] [r=9 c=92 rs=1 cs=1]
              RenderInline {FONT} at (0,0) size 3x11
                RenderText {#text} at (0,0) size 3x11
                  text run at (0,0) width 3: " "
            RenderTableCell {TD} at (894,108) size 10x12 [bgcolor=#848788] [r=9 c=93 rs=1 cs=1]
              RenderInline {FONT} at (0,0) size 3x11
                RenderText {#text} at (0,0) size 3x11
                  text run at (0,0) width 3: " "
            RenderTableCell {TD} at (904,108) size 10x12 [bgcolor=#848788] [r=9 c=94 rs=1 cs=1]
              RenderInline {FONT} at (0,0) size 3x11
                RenderText {#text} at (0,0) size 3x11
                  text run at (0,0) width 3: " "
            RenderTableCell {TD} at (914,108) size 10x12 [bgcolor=#777878] [r=9 c=95 rs=1 cs=1]
              RenderInline {FONT} at (0,0) size 3x11
                RenderText {#text} at (0,0) size 3x11
                  text run at (0,0) width 3: " "
            RenderTableCell {TD} at (924,108) size 10x12 [bgcolor=#777878] [r=9 c=96 rs=1 cs=1]
              RenderInline {FONT} at (0,0) size 3x11
                RenderText {#text} at (0,0) size 3x11
                  text run at (0,0) width 3: " "
            RenderTableCell {TD} at (934,108) size 10x12 [bgcolor=#848788] [r=9 c=97 rs=1 cs=1]
              RenderInline {FONT} at (0,0) size 3x11
                RenderText {#text} at (0,0) size 3x11
                  text run at (0,0) width 3: " "
            RenderTableCell {TD} at (944,108) size 10x12 [bgcolor=#777878] [r=9 c=98 rs=1 cs=1]
              RenderInline {FONT} at (0,0) size 3x11
                RenderText {#text} at (0,0) size 3x11
                  text run at (0,0) width 3: " "
            RenderTableCell {TD} at (954,108) size 10x12 [bgcolor=#4D4F4F] [r=9 c=99 rs=1 cs=1]
              RenderInline {FONT} at (0,0) size 3x11
                RenderText {#text} at (0,0) size 3x11
                  text run at (0,0) width 3: " "
          RenderTableRow {TR} at (0,120) size 964x12
            RenderTableCell {TD} at (0,120) size 9x12 [bgcolor=#E0EAE9] [r=10 c=0 rs=1 cs=1]
              RenderInline {FONT} at (0,0) size 3x11
                RenderText {#text} at (0,0) size 3x11
                  text run at (0,0) width 3: " "
            RenderTableCell {TD} at (9,120) size 9x12 [bgcolor=#249393] [r=10 c=1 rs=1 cs=1]
              RenderInline {FONT} at (0,0) size 3x11
                RenderText {#text} at (0,0) size 3x11
                  text run at (0,0) width 3: " "
            RenderTableCell {TD} at (18,120) size 9x12 [bgcolor=#1B8685] [r=10 c=2 rs=1 cs=1]
              RenderInline {FONT} at (0,0) size 3x11
                RenderText {#text} at (0,0) size 3x11
                  text run at (0,0) width 3: " "
            RenderTableCell {TD} at (27,120) size 9x12 [bgcolor=#A4CCCC] [r=10 c=3 rs=1 cs=1]
              RenderInline {FONT} at (0,0) size 3x11
                RenderText {#text} at (0,0) size 3x11
                  text run at (0,0) width 3: " "
            RenderTableCell {TD} at (36,120) size 9x12 [bgcolor=#EDEEEF] [r=10 c=4 rs=1 cs=1]
              RenderInline {FONT} at (0,0) size 3x11
                RenderText {#text} at (0,0) size 3x11
                  text run at (0,0) width 3: " "
            RenderTableCell {TD} at (45,120) size 9x12 [bgcolor=#CECFCF] [r=10 c=5 rs=1 cs=1]
              RenderInline {FONT} at (0,0) size 3x11
                RenderText {#text} at (0,0) size 3x11
                  text run at (0,0) width 3: " "
            RenderTableCell {TD} at (54,120) size 9x12 [bgcolor=#939494] [r=10 c=6 rs=1 cs=1]
              RenderInline {FONT} at (0,0) size 3x11
                RenderText {#text} at (0,0) size 3x11
                  text run at (0,0) width 3: " "
            RenderTableCell {TD} at (63,120) size 9x12 [bgcolor=#848788] [r=10 c=7 rs=1 cs=1]
              RenderInline {FONT} at (0,0) size 3x11
                RenderText {#text} at (0,0) size 3x11
                  text run at (0,0) width 3: " "
            RenderTableCell {TD} at (72,120) size 9x12 [bgcolor=#939494] [r=10 c=8 rs=1 cs=1]
              RenderInline {FONT} at (0,0) size 3x11
                RenderText {#text} at (0,0) size 3x11
                  text run at (0,0) width 3: " "
            RenderTableCell {TD} at (81,120) size 9x12 [bgcolor=#CECFCF] [r=10 c=9 rs=1 cs=1]
              RenderInline {FONT} at (0,0) size 3x11
                RenderText {#text} at (0,0) size 3x11
                  text run at (0,0) width 3: " "
            RenderTableCell {TD} at (90,120) size 9x12 [bgcolor=#EDEEEF] [r=10 c=10 rs=1 cs=1]
              RenderInline {FONT} at (0,0) size 3x11
                RenderText {#text} at (0,0) size 3x11
                  text run at (0,0) width 3: " "
            RenderTableCell {TD} at (99,120) size 9x12 [bgcolor=#A4CCCC] [r=10 c=11 rs=1 cs=1]
              RenderInline {FONT} at (0,0) size 3x11
                RenderText {#text} at (0,0) size 3x11
                  text run at (0,0) width 3: " "
            RenderTableCell {TD} at (108,120) size 9x12 [bgcolor=#1A6B6A] [r=10 c=12 rs=1 cs=1]
              RenderInline {FONT} at (0,0) size 3x11
                RenderText {#text} at (0,0) size 3x11
                  text run at (0,0) width 3: " "
            RenderTableCell {TD} at (117,120) size 9x12 [bgcolor=#044140] [r=10 c=13 rs=1 cs=1]
              RenderInline {FONT} at (0,0) size 3x11
                RenderText {#text} at (0,0) size 3x11
                  text run at (0,0) width 3: " "
            RenderTableCell {TD} at (126,120) size 9x12 [bgcolor=#223C3D] [r=10 c=14 rs=1 cs=1]
              RenderInline {FONT} at (0,0) size 3x11
                RenderText {#text} at (0,0) size 3x11
                  text run at (0,0) width 3: " "
            RenderTableCell {TD} at (135,120) size 9x12 [bgcolor=#848788] [r=10 c=15 rs=1 cs=1]
              RenderInline {FONT} at (0,0) size 3x11
                RenderText {#text} at (0,0) size 3x11
                  text run at (0,0) width 3: " "
            RenderTableCell {TD} at (144,120) size 9x12 [bgcolor=#FDFDFB] [r=10 c=16 rs=1 cs=1]
              RenderInline {FONT} at (0,0) size 3x11
                RenderText {#text} at (0,0) size 3x11
                  text run at (0,0) width 3: " "
            RenderTableCell {TD} at (153,120) size 9x12 [bgcolor=#FDFDFB] [r=10 c=17 rs=1 cs=1]
              RenderInline {FONT} at (0,0) size 3x11
                RenderText {#text} at (0,0) size 3x11
                  text run at (0,0) width 3: " "
            RenderTableCell {TD} at (162,120) size 9x12 [bgcolor=#2D3433] [r=10 c=18 rs=1 cs=1]
              RenderInline {FONT} at (0,0) size 3x11
                RenderText {#text} at (0,0) size 3x11
                  text run at (0,0) width 3: " "
            RenderTableCell {TD} at (171,120) size 9x12 [bgcolor=#1E7A79] [r=10 c=19 rs=1 cs=1]
              RenderInline {FONT} at (0,0) size 3x11
                RenderText {#text} at (0,0) size 3x11
                  text run at (0,0) width 3: " "
            RenderTableCell {TD} at (180,120) size 9x12 [bgcolor=#027777] [r=10 c=20 rs=1 cs=1]
              RenderInline {FONT} at (0,0) size 3x11
                RenderText {#text} at (0,0) size 3x11
                  text run at (0,0) width 3: " "
            RenderTableCell {TD} at (189,120) size 9x12 [bgcolor=#349392] [r=10 c=21 rs=1 cs=1]
              RenderInline {FONT} at (0,0) size 3x11
                RenderText {#text} at (0,0) size 3x11
                  text run at (0,0) width 3: " "
            RenderTableCell {TD} at (198,120) size 9x12 [bgcolor=#CADEDD] [r=10 c=22 rs=1 cs=1]
              RenderInline {FONT} at (0,0) size 3x11
                RenderText {#text} at (0,0) size 3x11
                  text run at (0,0) width 3: " "
            RenderTableCell {TD} at (207,120) size 9x12 [bgcolor=#EDEEEF] [r=10 c=23 rs=1 cs=1]
              RenderInline {FONT} at (0,0) size 3x11
                RenderText {#text} at (0,0) size 3x11
                  text run at (0,0) width 3: " "
            RenderTableCell {TD} at (216,120) size 9x12 [bgcolor=#BEC2C2] [r=10 c=24 rs=1 cs=1]
              RenderInline {FONT} at (0,0) size 3x11
                RenderText {#text} at (0,0) size 3x11
                  text run at (0,0) width 3: " "
            RenderTableCell {TD} at (225,120) size 9x12 [bgcolor=#939494] [r=10 c=25 rs=1 cs=1]
              RenderInline {FONT} at (0,0) size 3x11
                RenderText {#text} at (0,0) size 3x11
                  text run at (0,0) width 3: " "
            RenderTableCell {TD} at (234,120) size 9x12 [bgcolor=#848788] [r=10 c=26 rs=1 cs=1]
              RenderInline {FONT} at (0,0) size 3x11
                RenderText {#text} at (0,0) size 3x11
                  text run at (0,0) width 3: " "
            RenderTableCell {TD} at (243,120) size 9x12 [bgcolor=#939494] [r=10 c=27 rs=1 cs=1]
              RenderInline {FONT} at (0,0) size 3x11
                RenderText {#text} at (0,0) size 3x11
                  text run at (0,0) width 3: " "
            RenderTableCell {TD} at (252,120) size 9x12 [bgcolor=#BEC2C2] [r=10 c=28 rs=1 cs=1]
              RenderInline {FONT} at (0,0) size 3x11
                RenderText {#text} at (0,0) size 3x11
                  text run at (0,0) width 3: " "
            RenderTableCell {TD} at (261,120) size 9x12 [bgcolor=#EDEEEF] [r=10 c=29 rs=1 cs=1]
              RenderInline {FONT} at (0,0) size 3x11
                RenderText {#text} at (0,0) size 3x11
                  text run at (0,0) width 3: " "
            RenderTableCell {TD} at (270,120) size 9x12 [bgcolor=#CADEDD] [r=10 c=30 rs=1 cs=1]
              RenderInline {FONT} at (0,0) size 3x11
                RenderText {#text} at (0,0) size 3x11
                  text run at (0,0) width 3: " "
            RenderTableCell {TD} at (279,120) size 9x12 [bgcolor=#447877] [r=10 c=31 rs=1 cs=1]
              RenderInline {FONT} at (0,0) size 3x11
                RenderText {#text} at (0,0) size 3x11
                  text run at (0,0) width 3: " "
            RenderTableCell {TD} at (288,120) size 9x12 [bgcolor=#044140] [r=10 c=32 rs=1 cs=1]
              RenderInline {FONT} at (0,0) size 3x11
                RenderText {#text} at (0,0) size 3x11
                  text run at (0,0) width 3: " "
            RenderTableCell {TD} at (297,120) size 9x12 [bgcolor=#5E5F60] [r=10 c=33 rs=1 cs=1]
              RenderInline {FONT} at (0,0) size 3x11
                RenderText {#text} at (0,0) size 3x11
                  text run at (0,0) width 3: " "
            RenderTableCell {TD} at (306,120) size 9x12 [bgcolor=#777878] [r=10 c=34 rs=1 cs=1]
              RenderInline {FONT} at (0,0) size 3x11
                RenderText {#text} at (0,0) size 3x11
                  text run at (0,0) width 3: " "
            RenderTableCell {TD} at (315,120) size 9x12 [bgcolor=#B4B4B4] [r=10 c=35 rs=1 cs=1]
              RenderInline {FONT} at (0,0) size 3x11
                RenderText {#text} at (0,0) size 3x11
                  text run at (0,0) width 3: " "
            RenderTableCell {TD} at (324,120) size 10x12 [bgcolor=#E0EAE9] [r=10 c=36 rs=1 cs=1]
              RenderInline {FONT} at (0,0) size 3x11
                RenderText {#text} at (0,0) size 3x11
                  text run at (0,0) width 3: " "
            RenderTableCell {TD} at (334,120) size 10x12 [bgcolor=#EDEEEF] [r=10 c=37 rs=1 cs=1]
              RenderInline {FONT} at (0,0) size 3x11
                RenderText {#text} at (0,0) size 3x11
                  text run at (0,0) width 3: " "
            RenderTableCell {TD} at (344,120) size 10x12 [bgcolor=#A5A6A6] [r=10 c=38 rs=1 cs=1]
              RenderInline {FONT} at (0,0) size 3x11
                RenderText {#text} at (0,0) size 3x11
                  text run at (0,0) width 3: " "
            RenderTableCell {TD} at (354,120) size 10x12 [bgcolor=#848788] [r=10 c=39 rs=1 cs=1]
              RenderInline {FONT} at (0,0) size 3x11
                RenderText {#text} at (0,0) size 3x11
                  text run at (0,0) width 3: " "
            RenderTableCell {TD} at (364,120) size 10x12 [bgcolor=#848788] [r=10 c=40 rs=1 cs=1]
              RenderInline {FONT} at (0,0) size 3x11
                RenderText {#text} at (0,0) size 3x11
                  text run at (0,0) width 3: " "
            RenderTableCell {TD} at (374,120) size 10x12 [bgcolor=#A5A6A6] [r=10 c=41 rs=1 cs=1]
              RenderInline {FONT} at (0,0) size 3x11
                RenderText {#text} at (0,0) size 3x11
                  text run at (0,0) width 3: " "
            RenderTableCell {TD} at (384,120) size 10x12 [bgcolor=#E0EAE9] [r=10 c=42 rs=1 cs=1]
              RenderInline {FONT} at (0,0) size 3x11
                RenderText {#text} at (0,0) size 3x11
                  text run at (0,0) width 3: " "
            RenderTableCell {TD} at (394,120) size 10x12 [bgcolor=#E0EAE9] [r=10 c=43 rs=1 cs=1]
              RenderInline {FONT} at (0,0) size 3x11
                RenderText {#text} at (0,0) size 3x11
                  text run at (0,0) width 3: " "
            RenderTableCell {TD} at (404,120) size 10x12 [bgcolor=#589594] [r=10 c=44 rs=1 cs=1]
              RenderInline {FONT} at (0,0) size 3x11
                RenderText {#text} at (0,0) size 3x11
                  text run at (0,0) width 3: " "
            RenderTableCell {TD} at (414,120) size 10x12 [bgcolor=#026766] [r=10 c=45 rs=1 cs=1]
              RenderInline {FONT} at (0,0) size 3x11
                RenderText {#text} at (0,0) size 3x11
                  text run at (0,0) width 3: " "
            RenderTableCell {TD} at (424,120) size 10x12 [bgcolor=#026766] [r=10 c=46 rs=1 cs=1]
              RenderInline {FONT} at (0,0) size 3x11
                RenderText {#text} at (0,0) size 3x11
                  text run at (0,0) width 3: " "
            RenderTableCell {TD} at (434,120) size 10x12 [bgcolor=#1A6B6A] [r=10 c=47 rs=1 cs=1]
              RenderInline {FONT} at (0,0) size 3x11
                RenderText {#text} at (0,0) size 3x11
                  text run at (0,0) width 3: " "
            RenderTableCell {TD} at (444,120) size 10x12 [bgcolor=#B6D0D1] [r=10 c=48 rs=1 cs=1]
              RenderInline {FONT} at (0,0) size 3x11
                RenderText {#text} at (0,0) size 3x11
                  text run at (0,0) width 3: " "
            RenderTableCell {TD} at (454,120) size 10x12 [bgcolor=#FDFDFB] [r=10 c=49 rs=1 cs=1]
              RenderInline {FONT} at (0,0) size 3x11
                RenderText {#text} at (0,0) size 3x11
                  text run at (0,0) width 3: " "
            RenderTableCell {TD} at (464,120) size 10x12 [bgcolor=#CECFCF] [r=10 c=50 rs=1 cs=1]
              RenderInline {FONT} at (0,0) size 3x11
                RenderText {#text} at (0,0) size 3x11
                  text run at (0,0) width 3: " "
            RenderTableCell {TD} at (474,120) size 10x12 [bgcolor=#CECFCF] [r=10 c=51 rs=1 cs=1]
              RenderInline {FONT} at (0,0) size 3x11
                RenderText {#text} at (0,0) size 3x11
                  text run at (0,0) width 3: " "
            RenderTableCell {TD} at (484,120) size 10x12 [bgcolor=#B4B4B4] [r=10 c=52 rs=1 cs=1]
              RenderInline {FONT} at (0,0) size 3x11
                RenderText {#text} at (0,0) size 3x11
                  text run at (0,0) width 3: " "
            RenderTableCell {TD} at (494,120) size 10x12 [bgcolor=#939494] [r=10 c=53 rs=1 cs=1]
              RenderInline {FONT} at (0,0) size 3x11
                RenderText {#text} at (0,0) size 3x11
                  text run at (0,0) width 3: " "
            RenderTableCell {TD} at (504,120) size 10x12 [bgcolor=#848788] [r=10 c=54 rs=1 cs=1]
              RenderInline {FONT} at (0,0) size 3x11
                RenderText {#text} at (0,0) size 3x11
                  text run at (0,0) width 3: " "
            RenderTableCell {TD} at (514,120) size 10x12 [bgcolor=#A5A6A6] [r=10 c=55 rs=1 cs=1]
              RenderInline {FONT} at (0,0) size 3x11
                RenderText {#text} at (0,0) size 3x11
                  text run at (0,0) width 3: " "
            RenderTableCell {TD} at (524,120) size 10x12 [bgcolor=#FDFDFB] [r=10 c=56 rs=1 cs=1]
              RenderInline {FONT} at (0,0) size 3x11
                RenderText {#text} at (0,0) size 3x11
                  text run at (0,0) width 3: " "
            RenderTableCell {TD} at (534,120) size 10x12 [bgcolor=#EDEEEF] [r=10 c=57 rs=1 cs=1]
              RenderInline {FONT} at (0,0) size 3x11
                RenderText {#text} at (0,0) size 3x11
                  text run at (0,0) width 3: " "
            RenderTableCell {TD} at (544,120) size 10x12 [bgcolor=#B4B4B4] [r=10 c=58 rs=1 cs=1]
              RenderInline {FONT} at (0,0) size 3x11
                RenderText {#text} at (0,0) size 3x11
                  text run at (0,0) width 3: " "
            RenderTableCell {TD} at (554,120) size 10x12 [bgcolor=#939494] [r=10 c=59 rs=1 cs=1]
              RenderInline {FONT} at (0,0) size 3x11
                RenderText {#text} at (0,0) size 3x11
                  text run at (0,0) width 3: " "
            RenderTableCell {TD} at (564,120) size 10x12 [bgcolor=#1B8685] [r=10 c=60 rs=1 cs=1]
              RenderInline {FONT} at (0,0) size 3x11
                RenderText {#text} at (0,0) size 3x11
                  text run at (0,0) width 3: " "
            RenderTableCell {TD} at (574,120) size 10x12 [bgcolor=#027777] [r=10 c=61 rs=1 cs=1]
              RenderInline {FONT} at (0,0) size 3x11
                RenderText {#text} at (0,0) size 3x11
                  text run at (0,0) width 3: " "
            RenderTableCell {TD} at (584,120) size 10x12 [bgcolor=#349392] [r=10 c=62 rs=1 cs=1]
              RenderInline {FONT} at (0,0) size 3x11
                RenderText {#text} at (0,0) size 3x11
                  text run at (0,0) width 3: " "
            RenderTableCell {TD} at (594,120) size 10x12 [bgcolor=#B6D0D1] [r=10 c=63 rs=1 cs=1]
              RenderInline {FONT} at (0,0) size 3x11
                RenderText {#text} at (0,0) size 3x11
                  text run at (0,0) width 3: " "
            RenderTableCell {TD} at (604,120) size 10x12 [bgcolor=#EDEEEF] [r=10 c=64 rs=1 cs=1]
              RenderInline {FONT} at (0,0) size 3x11
                RenderText {#text} at (0,0) size 3x11
                  text run at (0,0) width 3: " "
            RenderTableCell {TD} at (614,120) size 10x12 [bgcolor=#CECFCF] [r=10 c=65 rs=1 cs=1]
              RenderInline {FONT} at (0,0) size 3x11
                RenderText {#text} at (0,0) size 3x11
                  text run at (0,0) width 3: " "
            RenderTableCell {TD} at (624,120) size 10x12 [bgcolor=#939494] [r=10 c=66 rs=1 cs=1]
              RenderInline {FONT} at (0,0) size 3x11
                RenderText {#text} at (0,0) size 3x11
                  text run at (0,0) width 3: " "
            RenderTableCell {TD} at (634,120) size 10x12 [bgcolor=#848788] [r=10 c=67 rs=1 cs=1]
              RenderInline {FONT} at (0,0) size 3x11
                RenderText {#text} at (0,0) size 3x11
                  text run at (0,0) width 3: " "
            RenderTableCell {TD} at (644,120) size 10x12 [bgcolor=#939494] [r=10 c=68 rs=1 cs=1]
              RenderInline {FONT} at (0,0) size 3x11
                RenderText {#text} at (0,0) size 3x11
                  text run at (0,0) width 3: " "
            RenderTableCell {TD} at (654,120) size 10x12 [bgcolor=#CECFCF] [r=10 c=69 rs=1 cs=1]
              RenderInline {FONT} at (0,0) size 3x11
                RenderText {#text} at (0,0) size 3x11
                  text run at (0,0) width 3: " "
            RenderTableCell {TD} at (664,120) size 10x12 [bgcolor=#B6D8D7] [r=10 c=70 rs=1 cs=1]
              RenderInline {FONT} at (0,0) size 3x11
                RenderText {#text} at (0,0) size 3x11
                  text run at (0,0) width 3: " "
            RenderTableCell {TD} at (674,120) size 10x12 [bgcolor=#EDEEEF] [r=10 c=71 rs=1 cs=1]
              RenderInline {FONT} at (0,0) size 3x11
                RenderText {#text} at (0,0) size 3x11
                  text run at (0,0) width 3: " "
            RenderTableCell {TD} at (684,120) size 10x12 [bgcolor=#FDFDFB] [r=10 c=72 rs=1 cs=1]
              RenderInline {FONT} at (0,0) size 3x11
                RenderText {#text} at (0,0) size 3x11
                  text run at (0,0) width 3: " "
            RenderTableCell {TD} at (694,120) size 10x12 [bgcolor=#4D4F4F] [r=10 c=73 rs=1 cs=1]
              RenderInline {FONT} at (0,0) size 3x11
                RenderText {#text} at (0,0) size 3x11
                  text run at (0,0) width 3: " "
            RenderTableCell {TD} at (704,120) size 10x12 [bgcolor=#5E5F60] [r=10 c=74 rs=1 cs=1]
              RenderInline {FONT} at (0,0) size 3x11
                RenderText {#text} at (0,0) size 3x11
                  text run at (0,0) width 3: " "
            RenderTableCell {TD} at (714,120) size 10x12 [bgcolor=#848788] [r=10 c=75 rs=1 cs=1]
              RenderInline {FONT} at (0,0) size 3x11
                RenderText {#text} at (0,0) size 3x11
                  text run at (0,0) width 3: " "
            RenderTableCell {TD} at (724,120) size 10x12 [bgcolor=#939494] [r=10 c=76 rs=1 cs=1]
              RenderInline {FONT} at (0,0) size 3x11
                RenderText {#text} at (0,0) size 3x11
                  text run at (0,0) width 3: " "
            RenderTableCell {TD} at (734,120) size 10x12 [bgcolor=#CECFCF] [r=10 c=77 rs=1 cs=1]
              RenderInline {FONT} at (0,0) size 3x11
                RenderText {#text} at (0,0) size 3x11
                  text run at (0,0) width 3: " "
            RenderTableCell {TD} at (744,120) size 10x12 [bgcolor=#EDEEEF] [r=10 c=78 rs=1 cs=1]
              RenderInline {FONT} at (0,0) size 3x11
                RenderText {#text} at (0,0) size 3x11
                  text run at (0,0) width 3: " "
            RenderTableCell {TD} at (754,120) size 10x12 [bgcolor=#DEDFDF] [r=10 c=79 rs=1 cs=1]
              RenderInline {FONT} at (0,0) size 3x11
                RenderText {#text} at (0,0) size 3x11
                  text run at (0,0) width 3: " "
            RenderTableCell {TD} at (764,120) size 10x12 [bgcolor=#A5A6A6] [r=10 c=80 rs=1 cs=1]
              RenderInline {FONT} at (0,0) size 3x11
                RenderText {#text} at (0,0) size 3x11
                  text run at (0,0) width 3: " "
            RenderTableCell {TD} at (774,120) size 10x12 [bgcolor=#848788] [r=10 c=81 rs=1 cs=1]
              RenderInline {FONT} at (0,0) size 3x11
                RenderText {#text} at (0,0) size 3x11
                  text run at (0,0) width 3: " "
            RenderTableCell {TD} at (784,120) size 10x12 [bgcolor=#939494] [r=10 c=82 rs=1 cs=1]
              RenderInline {FONT} at (0,0) size 3x11
                RenderText {#text} at (0,0) size 3x11
                  text run at (0,0) width 3: " "
            RenderTableCell {TD} at (794,120) size 10x12 [bgcolor=#BEC2C2] [r=10 c=83 rs=1 cs=1]
              RenderInline {FONT} at (0,0) size 3x11
                RenderText {#text} at (0,0) size 3x11
                  text run at (0,0) width 3: " "
            RenderTableCell {TD} at (804,120) size 10x12 [bgcolor=#EDEEEF] [r=10 c=84 rs=1 cs=1]
              RenderInline {FONT} at (0,0) size 3x11
                RenderText {#text} at (0,0) size 3x11
                  text run at (0,0) width 3: " "
            RenderTableCell {TD} at (814,120) size 10x12 [bgcolor=#CADEDD] [r=10 c=85 rs=1 cs=1]
              RenderInline {FONT} at (0,0) size 3x11
                RenderText {#text} at (0,0) size 3x11
                  text run at (0,0) width 3: " "
            RenderTableCell {TD} at (824,120) size 10x12 [bgcolor=#589594] [r=10 c=86 rs=1 cs=1]
              RenderInline {FONT} at (0,0) size 3x11
                RenderText {#text} at (0,0) size 3x11
                  text run at (0,0) width 3: " "
            RenderTableCell {TD} at (834,120) size 10x12 [bgcolor=#026766] [r=10 c=87 rs=1 cs=1]
              RenderInline {FONT} at (0,0) size 3x11
                RenderText {#text} at (0,0) size 3x11
                  text run at (0,0) width 3: " "
            RenderTableCell {TD} at (844,120) size 10x12 [bgcolor=#026766] [r=10 c=88 rs=1 cs=1]
              RenderInline {FONT} at (0,0) size 3x11
                RenderText {#text} at (0,0) size 3x11
                  text run at (0,0) width 3: " "
            RenderTableCell {TD} at (854,120) size 10x12 [bgcolor=#7CAEAF] [r=10 c=89 rs=1 cs=1]
              RenderInline {FONT} at (0,0) size 3x11
                RenderText {#text} at (0,0) size 3x11
                  text run at (0,0) width 3: " "
            RenderTableCell {TD} at (864,120) size 10x12 [bgcolor=#CECFCF] [r=10 c=90 rs=1 cs=1]
              RenderInline {FONT} at (0,0) size 3x11
                RenderText {#text} at (0,0) size 3x11
                  text run at (0,0) width 3: " "
            RenderTableCell {TD} at (874,120) size 10x12 [bgcolor=#FDFDFB] [r=10 c=91 rs=1 cs=1]
              RenderInline {FONT} at (0,0) size 3x11
                RenderText {#text} at (0,0) size 3x11
                  text run at (0,0) width 3: " "
            RenderTableCell {TD} at (884,120) size 10x12 [bgcolor=#FDFDFB] [r=10 c=92 rs=1 cs=1]
              RenderInline {FONT} at (0,0) size 3x11
                RenderText {#text} at (0,0) size 3x11
                  text run at (0,0) width 3: " "
            RenderTableCell {TD} at (894,120) size 10x12 [bgcolor=#BEC2C2] [r=10 c=93 rs=1 cs=1]
              RenderInline {FONT} at (0,0) size 3x11
                RenderText {#text} at (0,0) size 3x11
                  text run at (0,0) width 3: " "
            RenderTableCell {TD} at (904,120) size 10x12 [bgcolor=#B4B4B4] [r=10 c=94 rs=1 cs=1]
              RenderInline {FONT} at (0,0) size 3x11
                RenderText {#text} at (0,0) size 3x11
                  text run at (0,0) width 3: " "
            RenderTableCell {TD} at (914,120) size 10x12 [bgcolor=#696A69] [r=10 c=95 rs=1 cs=1]
              RenderInline {FONT} at (0,0) size 3x11
                RenderText {#text} at (0,0) size 3x11
                  text run at (0,0) width 3: " "
            RenderTableCell {TD} at (924,120) size 10x12 [bgcolor=#696A69] [r=10 c=96 rs=1 cs=1]
              RenderInline {FONT} at (0,0) size 3x11
                RenderText {#text} at (0,0) size 3x11
                  text run at (0,0) width 3: " "
            RenderTableCell {TD} at (934,120) size 10x12 [bgcolor=#848788] [r=10 c=97 rs=1 cs=1]
              RenderInline {FONT} at (0,0) size 3x11
                RenderText {#text} at (0,0) size 3x11
                  text run at (0,0) width 3: " "
            RenderTableCell {TD} at (944,120) size 10x12 [bgcolor=#777878] [r=10 c=98 rs=1 cs=1]
              RenderInline {FONT} at (0,0) size 3x11
                RenderText {#text} at (0,0) size 3x11
                  text run at (0,0) width 3: " "
            RenderTableCell {TD} at (954,120) size 10x12 [bgcolor=#4D4F4F] [r=10 c=99 rs=1 cs=1]
              RenderInline {FONT} at (0,0) size 3x11
                RenderText {#text} at (0,0) size 3x11
                  text run at (0,0) width 3: " "
          RenderTableRow {TR} at (0,132) size 964x12
            RenderTableCell {TD} at (0,132) size 9x12 [bgcolor=#A4CCCC] [r=11 c=0 rs=1 cs=1]
              RenderInline {FONT} at (0,0) size 3x11
                RenderText {#text} at (0,0) size 3x11
                  text run at (0,0) width 3: " "
            RenderTableCell {TD} at (9,132) size 9x12 [bgcolor=#048485] [r=11 c=1 rs=1 cs=1]
              RenderInline {FONT} at (0,0) size 3x11
                RenderText {#text} at (0,0) size 3x11
                  text run at (0,0) width 3: " "
            RenderTableCell {TD} at (18,132) size 9x12 [bgcolor=#7DBAB9] [r=11 c=2 rs=1 cs=1]
              RenderInline {FONT} at (0,0) size 3x11
                RenderText {#text} at (0,0) size 3x11
                  text run at (0,0) width 3: " "
            RenderTableCell {TD} at (27,132) size 9x12 [bgcolor=#FDFDFB] [r=11 c=3 rs=1 cs=1]
              RenderInline {FONT} at (0,0) size 3x11
                RenderText {#text} at (0,0) size 3x11
                  text run at (0,0) width 3: " "
            RenderTableCell {TD} at (36,132) size 9x12 [bgcolor=#CECFCF] [r=11 c=4 rs=1 cs=1]
              RenderInline {FONT} at (0,0) size 3x11
                RenderText {#text} at (0,0) size 3x11
                  text run at (0,0) width 3: " "
            RenderTableCell {TD} at (45,132) size 9x12 [bgcolor=#072323] [r=11 c=5 rs=1 cs=1]
              RenderInline {FONT} at (0,0) size 3x11
                RenderText {#text} at (0,0) size 3x11
                  text run at (0,0) width 3: " "
            RenderTableCell {TD} at (54,132) size 9x12 [bgcolor=#044140] [r=11 c=6 rs=1 cs=1]
              RenderInline {FONT} at (0,0) size 3x11
                RenderText {#text} at (0,0) size 3x11
                  text run at (0,0) width 3: " "
            RenderTableCell {TD} at (63,132) size 9x12 [bgcolor=#044F4F] [r=11 c=7 rs=1 cs=1]
              RenderInline {FONT} at (0,0) size 3x11
                RenderText {#text} at (0,0) size 3x11
                  text run at (0,0) width 3: " "
            RenderTableCell {TD} at (72,132) size 9x12 [bgcolor=#044F4F] [r=11 c=8 rs=1 cs=1]
              RenderInline {FONT} at (0,0) size 3x11
                RenderText {#text} at (0,0) size 3x11
                  text run at (0,0) width 3: " "
            RenderTableCell {TD} at (81,132) size 9x12 [bgcolor=#044F4F] [r=11 c=9 rs=1 cs=1]
              RenderInline {FONT} at (0,0) size 3x11
                RenderText {#text} at (0,0) size 3x11
                  text run at (0,0) width 3: " "
            RenderTableCell {TD} at (90,132) size 9x12 [bgcolor=#A2B5B4] [r=11 c=10 rs=1 cs=1]
              RenderInline {FONT} at (0,0) size 3x11
                RenderText {#text} at (0,0) size 3x11
                  text run at (0,0) width 3: " "
            RenderTableCell {TD} at (99,132) size 9x12 [bgcolor=#BEC2C2] [r=11 c=11 rs=1 cs=1]
              RenderInline {FONT} at (0,0) size 3x11
                RenderText {#text} at (0,0) size 3x11
                  text run at (0,0) width 3: " "
            RenderTableCell {TD} at (108,132) size 9x12 [bgcolor=#647979] [r=11 c=12 rs=1 cs=1]
              RenderInline {FONT} at (0,0) size 3x11
                RenderText {#text} at (0,0) size 3x11
                  text run at (0,0) width 3: " "
            RenderTableCell {TD} at (117,132) size 9x12 [bgcolor=#044140] [r=11 c=13 rs=1 cs=1]
              RenderInline {FONT} at (0,0) size 3x11
                RenderText {#text} at (0,0) size 3x11
                  text run at (0,0) width 3: " "
            RenderTableCell {TD} at (126,132) size 9x12 [bgcolor=#223C3D] [r=11 c=14 rs=1 cs=1]
              RenderInline {FONT} at (0,0) size 3x11
                RenderText {#text} at (0,0) size 3x11
                  text run at (0,0) width 3: " "
            RenderTableCell {TD} at (135,132) size 9x12 [bgcolor=#848788] [r=11 c=15 rs=1 cs=1]
              RenderInline {FONT} at (0,0) size 3x11
                RenderText {#text} at (0,0) size 3x11
                  text run at (0,0) width 3: " "
            RenderTableCell {TD} at (144,132) size 9x12 [bgcolor=#FDFDFB] [r=11 c=16 rs=1 cs=1]
              RenderInline {FONT} at (0,0) size 3x11
                RenderText {#text} at (0,0) size 3x11
                  text run at (0,0) width 3: " "
            RenderTableCell {TD} at (153,132) size 9x12 [bgcolor=#FDFDFB] [r=11 c=17 rs=1 cs=1]
              RenderInline {FONT} at (0,0) size 3x11
                RenderText {#text} at (0,0) size 3x11
                  text run at (0,0) width 3: " "
            RenderTableCell {TD} at (162,132) size 9x12 [bgcolor=#2D3433] [r=11 c=18 rs=1 cs=1]
              RenderInline {FONT} at (0,0) size 3x11
                RenderText {#text} at (0,0) size 3x11
                  text run at (0,0) width 3: " "
            RenderTableCell {TD} at (171,132) size 9x12 [bgcolor=#1E7A79] [r=11 c=19 rs=1 cs=1]
              RenderInline {FONT} at (0,0) size 3x11
                RenderText {#text} at (0,0) size 3x11
                  text run at (0,0) width 3: " "
            RenderTableCell {TD} at (180,132) size 9x12 [bgcolor=#027777] [r=11 c=20 rs=1 cs=1]
              RenderInline {FONT} at (0,0) size 3x11
                RenderText {#text} at (0,0) size 3x11
                  text run at (0,0) width 3: " "
            RenderTableCell {TD} at (189,132) size 9x12 [bgcolor=#A4CCCC] [r=11 c=21 rs=1 cs=1]
              RenderInline {FONT} at (0,0) size 3x11
                RenderText {#text} at (0,0) size 3x11
                  text run at (0,0) width 3: " "
            RenderTableCell {TD} at (198,132) size 9x12 [bgcolor=#DEDFDF] [r=11 c=22 rs=1 cs=1]
              RenderInline {FONT} at (0,0) size 3x11
                RenderText {#text} at (0,0) size 3x11
                  text run at (0,0) width 3: " "
            RenderTableCell {TD} at (207,132) size 9x12 [bgcolor=#848788] [r=11 c=23 rs=1 cs=1]
              RenderInline {FONT} at (0,0) size 3x11
                RenderText {#text} at (0,0) size 3x11
                  text run at (0,0) width 3: " "
            RenderTableCell {TD} at (216,132) size 9x12 [bgcolor=#072323] [r=11 c=24 rs=1 cs=1]
              RenderInline {FONT} at (0,0) size 3x11
                RenderText {#text} at (0,0) size 3x11
                  text run at (0,0) width 3: " "
            RenderTableCell {TD} at (225,132) size 9x12 [bgcolor=#044140] [r=11 c=25 rs=1 cs=1]
              RenderInline {FONT} at (0,0) size 3x11
                RenderText {#text} at (0,0) size 3x11
                  text run at (0,0) width 3: " "
            RenderTableCell {TD} at (234,132) size 9x12 [bgcolor=#044F4F] [r=11 c=26 rs=1 cs=1]
              RenderInline {FONT} at (0,0) size 3x11
                RenderText {#text} at (0,0) size 3x11
                  text run at (0,0) width 3: " "
            RenderTableCell {TD} at (243,132) size 9x12 [bgcolor=#044F4F] [r=11 c=27 rs=1 cs=1]
              RenderInline {FONT} at (0,0) size 3x11
                RenderText {#text} at (0,0) size 3x11
                  text run at (0,0) width 3: " "
            RenderTableCell {TD} at (252,132) size 9x12 [bgcolor=#044F4F] [r=11 c=28 rs=1 cs=1]
              RenderInline {FONT} at (0,0) size 3x11
                RenderText {#text} at (0,0) size 3x11
                  text run at (0,0) width 3: " "
            RenderTableCell {TD} at (261,132) size 9x12 [bgcolor=#A2B5B4] [r=11 c=29 rs=1 cs=1]
              RenderInline {FONT} at (0,0) size 3x11
                RenderText {#text} at (0,0) size 3x11
                  text run at (0,0) width 3: " "
            RenderTableCell {TD} at (270,132) size 9x12 [bgcolor=#FDFDFB] [r=11 c=30 rs=1 cs=1]
              RenderInline {FONT} at (0,0) size 3x11
                RenderText {#text} at (0,0) size 3x11
                  text run at (0,0) width 3: " "
            RenderTableCell {TD} at (279,132) size 9x12 [bgcolor=#A2B5B4] [r=11 c=31 rs=1 cs=1]
              RenderInline {FONT} at (0,0) size 3x11
                RenderText {#text} at (0,0) size 3x11
                  text run at (0,0) width 3: " "
            RenderTableCell {TD} at (288,132) size 9x12 [bgcolor=#083131] [r=11 c=32 rs=1 cs=1]
              RenderInline {FONT} at (0,0) size 3x11
                RenderText {#text} at (0,0) size 3x11
                  text run at (0,0) width 3: " "
            RenderTableCell {TD} at (297,132) size 9x12 [bgcolor=#515C5B] [r=11 c=33 rs=1 cs=1]
              RenderInline {FONT} at (0,0) size 3x11
                RenderText {#text} at (0,0) size 3x11
                  text run at (0,0) width 3: " "
            RenderTableCell {TD} at (306,132) size 9x12 [bgcolor=#848788] [r=11 c=34 rs=1 cs=1]
              RenderInline {FONT} at (0,0) size 3x11
                RenderText {#text} at (0,0) size 3x11
                  text run at (0,0) width 3: " "
            RenderTableCell {TD} at (315,132) size 9x12 [bgcolor=#EDEEEF] [r=11 c=35 rs=1 cs=1]
              RenderInline {FONT} at (0,0) size 3x11
                RenderText {#text} at (0,0) size 3x11
                  text run at (0,0) width 3: " "
            RenderTableCell {TD} at (324,132) size 10x12 [bgcolor=#FDFDFB] [r=11 c=36 rs=1 cs=1]
              RenderInline {FONT} at (0,0) size 3x11
                RenderText {#text} at (0,0) size 3x11
                  text run at (0,0) width 3: " "
            RenderTableCell {TD} at (334,132) size 10x12 [bgcolor=#5E5F60] [r=11 c=37 rs=1 cs=1]
              RenderInline {FONT} at (0,0) size 3x11
                RenderText {#text} at (0,0) size 3x11
                  text run at (0,0) width 3: " "
            RenderTableCell {TD} at (344,132) size 10x12 [bgcolor=#083131] [r=11 c=38 rs=1 cs=1]
              RenderInline {FONT} at (0,0) size 3x11
                RenderText {#text} at (0,0) size 3x11
                  text run at (0,0) width 3: " "
            RenderTableCell {TD} at (354,132) size 10x12 [bgcolor=#044F4F] [r=11 c=39 rs=1 cs=1]
              RenderInline {FONT} at (0,0) size 3x11
                RenderText {#text} at (0,0) size 3x11
                  text run at (0,0) width 3: " "
            RenderTableCell {TD} at (364,132) size 10x12 [bgcolor=#044F4F] [r=11 c=40 rs=1 cs=1]
              RenderInline {FONT} at (0,0) size 3x11
                RenderText {#text} at (0,0) size 3x11
                  text run at (0,0) width 3: " "
            RenderTableCell {TD} at (374,132) size 10x12 [bgcolor=#044F4F] [r=11 c=41 rs=1 cs=1]
              RenderInline {FONT} at (0,0) size 3x11
                RenderText {#text} at (0,0) size 3x11
                  text run at (0,0) width 3: " "
            RenderTableCell {TD} at (384,132) size 10x12 [bgcolor=#396B6A] [r=11 c=42 rs=1 cs=1]
              RenderInline {FONT} at (0,0) size 3x11
                RenderText {#text} at (0,0) size 3x11
                  text run at (0,0) width 3: " "
            RenderTableCell {TD} at (394,132) size 10x12 [bgcolor=#CECFCF] [r=11 c=43 rs=1 cs=1]
              RenderInline {FONT} at (0,0) size 3x11
                RenderText {#text} at (0,0) size 3x11
                  text run at (0,0) width 3: " "
            RenderTableCell {TD} at (404,132) size 10x12 [bgcolor=#A5A6A6] [r=11 c=44 rs=1 cs=1]
              RenderInline {FONT} at (0,0) size 3x11
                RenderText {#text} at (0,0) size 3x11
                  text run at (0,0) width 3: " "
            RenderTableCell {TD} at (414,132) size 10x12 [bgcolor=#1A5C5C] [r=11 c=45 rs=1 cs=1]
              RenderInline {FONT} at (0,0) size 3x11
                RenderText {#text} at (0,0) size 3x11
                  text run at (0,0) width 3: " "
            RenderTableCell {TD} at (424,132) size 10x12 [bgcolor=#026766] [r=11 c=46 rs=1 cs=1]
              RenderInline {FONT} at (0,0) size 3x11
                RenderText {#text} at (0,0) size 3x11
                  text run at (0,0) width 3: " "
            RenderTableCell {TD} at (434,132) size 10x12 [bgcolor=#1A6B6A] [r=11 c=47 rs=1 cs=1]
              RenderInline {FONT} at (0,0) size 3x11
                RenderText {#text} at (0,0) size 3x11
                  text run at (0,0) width 3: " "
            RenderTableCell {TD} at (444,132) size 10x12 [bgcolor=#B6D0D1] [r=11 c=48 rs=1 cs=1]
              RenderInline {FONT} at (0,0) size 3x11
                RenderText {#text} at (0,0) size 3x11
                  text run at (0,0) width 3: " "
            RenderTableCell {TD} at (454,132) size 10x12 [bgcolor=#FDFDFB] [r=11 c=49 rs=1 cs=1]
              RenderInline {FONT} at (0,0) size 3x11
                RenderText {#text} at (0,0) size 3x11
                  text run at (0,0) width 3: " "
            RenderTableCell {TD} at (464,132) size 10x12 [bgcolor=#EDEEEF] [r=11 c=50 rs=1 cs=1]
              RenderInline {FONT} at (0,0) size 3x11
                RenderText {#text} at (0,0) size 3x11
                  text run at (0,0) width 3: " "
            RenderTableCell {TD} at (474,132) size 10x12 [bgcolor=#4D4F4F] [r=11 c=51 rs=1 cs=1]
              RenderInline {FONT} at (0,0) size 3x11
                RenderText {#text} at (0,0) size 3x11
                  text run at (0,0) width 3: " "
            RenderTableCell {TD} at (484,132) size 10x12 [bgcolor=#1C2524] [r=11 c=52 rs=1 cs=1]
              RenderInline {FONT} at (0,0) size 3x11
                RenderText {#text} at (0,0) size 3x11
                  text run at (0,0) width 3: " "
            RenderTableCell {TD} at (494,132) size 10x12 [bgcolor=#3D4242] [r=11 c=53 rs=1 cs=1]
              RenderInline {FONT} at (0,0) size 3x11
                RenderText {#text} at (0,0) size 3x11
                  text run at (0,0) width 3: " "
            RenderTableCell {TD} at (504,132) size 10x12 [bgcolor=#696A69] [r=11 c=54 rs=1 cs=1]
              RenderInline {FONT} at (0,0) size 3x11
                RenderText {#text} at (0,0) size 3x11
                  text run at (0,0) width 3: " "
            RenderTableCell {TD} at (514,132) size 10x12 [bgcolor=#777878] [r=11 c=55 rs=1 cs=1]
              RenderInline {FONT} at (0,0) size 3x11
                RenderText {#text} at (0,0) size 3x11
                  text run at (0,0) width 3: " "
            RenderTableCell {TD} at (524,132) size 10x12 [bgcolor=#B4B4B4] [r=11 c=56 rs=1 cs=1]
              RenderInline {FONT} at (0,0) size 3x11
                RenderText {#text} at (0,0) size 3x11
                  text run at (0,0) width 3: " "
            RenderTableCell {TD} at (534,132) size 10x12 [bgcolor=#FDFDFB] [r=11 c=57 rs=1 cs=1]
              RenderInline {FONT} at (0,0) size 3x11
                RenderText {#text} at (0,0) size 3x11
                  text run at (0,0) width 3: " "
            RenderTableCell {TD} at (544,132) size 10x12 [bgcolor=#EDEEEF] [r=11 c=58 rs=1 cs=1]
              RenderInline {FONT} at (0,0) size 3x11
                RenderText {#text} at (0,0) size 3x11
                  text run at (0,0) width 3: " "
            RenderTableCell {TD} at (554,132) size 10x12 [bgcolor=#696A69] [r=11 c=59 rs=1 cs=1]
              RenderInline {FONT} at (0,0) size 3x11
                RenderText {#text} at (0,0) size 3x11
                  text run at (0,0) width 3: " "
            RenderTableCell {TD} at (564,132) size 10x12 [bgcolor=#1B8685] [r=11 c=60 rs=1 cs=1]
              RenderInline {FONT} at (0,0) size 3x11
                RenderText {#text} at (0,0) size 3x11
                  text run at (0,0) width 3: " "
            RenderTableCell {TD} at (574,132) size 10x12 [bgcolor=#1B8685] [r=11 c=61 rs=1 cs=1]
              RenderInline {FONT} at (0,0) size 3x11
                RenderText {#text} at (0,0) size 3x11
                  text run at (0,0) width 3: " "
            RenderTableCell {TD} at (584,132) size 10x12 [bgcolor=#E0EAE9] [r=11 c=62 rs=1 cs=1]
              RenderInline {FONT} at (0,0) size 3x11
                RenderText {#text} at (0,0) size 3x11
                  text run at (0,0) width 3: " "
            RenderTableCell {TD} at (594,132) size 10x12 [bgcolor=#FDFDFB] [r=11 c=63 rs=1 cs=1]
              RenderInline {FONT} at (0,0) size 3x11
                RenderText {#text} at (0,0) size 3x11
                  text run at (0,0) width 3: " "
            RenderTableCell {TD} at (604,132) size 10x12 [bgcolor=#777878] [r=11 c=64 rs=1 cs=1]
              RenderInline {FONT} at (0,0) size 3x11
                RenderText {#text} at (0,0) size 3x11
                  text run at (0,0) width 3: " "
            RenderTableCell {TD} at (614,132) size 10x12 [bgcolor=#072323] [r=11 c=65 rs=1 cs=1]
              RenderInline {FONT} at (0,0) size 3x11
                RenderText {#text} at (0,0) size 3x11
                  text run at (0,0) width 3: " "
            RenderTableCell {TD} at (624,132) size 10x12 [bgcolor=#044140] [r=11 c=66 rs=1 cs=1]
              RenderInline {FONT} at (0,0) size 3x11
                RenderText {#text} at (0,0) size 3x11
                  text run at (0,0) width 3: " "
            RenderTableCell {TD} at (634,132) size 10x12 [bgcolor=#044F4F] [r=11 c=67 rs=1 cs=1]
              RenderInline {FONT} at (0,0) size 3x11
                RenderText {#text} at (0,0) size 3x11
                  text run at (0,0) width 3: " "
            RenderTableCell {TD} at (644,132) size 10x12 [bgcolor=#044F4F] [r=11 c=68 rs=1 cs=1]
              RenderInline {FONT} at (0,0) size 3x11
                RenderText {#text} at (0,0) size 3x11
                  text run at (0,0) width 3: " "
            RenderTableCell {TD} at (654,132) size 10x12 [bgcolor=#1A5C5C] [r=11 c=69 rs=1 cs=1]
              RenderInline {FONT} at (0,0) size 3x11
                RenderText {#text} at (0,0) size 3x11
                  text run at (0,0) width 3: " "
            RenderTableCell {TD} at (664,132) size 10x12 [bgcolor=#A2B5B4] [r=11 c=70 rs=1 cs=1]
              RenderInline {FONT} at (0,0) size 3x11
                RenderText {#text} at (0,0) size 3x11
                  text run at (0,0) width 3: " "
            RenderTableCell {TD} at (674,132) size 10x12 [bgcolor=#FDFDFB] [r=11 c=71 rs=1 cs=1]
              RenderInline {FONT} at (0,0) size 3x11
                RenderText {#text} at (0,0) size 3x11
                  text run at (0,0) width 3: " "
            RenderTableCell {TD} at (684,132) size 10x12 [bgcolor=#FDFDFB] [r=11 c=72 rs=1 cs=1]
              RenderInline {FONT} at (0,0) size 3x11
                RenderText {#text} at (0,0) size 3x11
                  text run at (0,0) width 3: " "
            RenderTableCell {TD} at (694,132) size 10x12 [bgcolor=#4D4F4F] [r=11 c=73 rs=1 cs=1]
              RenderInline {FONT} at (0,0) size 3x11
                RenderText {#text} at (0,0) size 3x11
                  text run at (0,0) width 3: " "
            RenderTableCell {TD} at (704,132) size 10x12 [bgcolor=#5E5F60] [r=11 c=74 rs=1 cs=1]
              RenderInline {FONT} at (0,0) size 3x11
                RenderText {#text} at (0,0) size 3x11
                  text run at (0,0) width 3: " "
            RenderTableCell {TD} at (714,132) size 10x12 [bgcolor=#848788] [r=11 c=75 rs=1 cs=1]
              RenderInline {FONT} at (0,0) size 3x11
                RenderText {#text} at (0,0) size 3x11
                  text run at (0,0) width 3: " "
            RenderTableCell {TD} at (724,132) size 10x12 [bgcolor=#CECFCF] [r=11 c=76 rs=1 cs=1]
              RenderInline {FONT} at (0,0) size 3x11
                RenderText {#text} at (0,0) size 3x11
                  text run at (0,0) width 3: " "
            RenderTableCell {TD} at (734,132) size 10x12 [bgcolor=#FDFDFB] [r=11 c=77 rs=1 cs=1]
              RenderInline {FONT} at (0,0) size 3x11
                RenderText {#text} at (0,0) size 3x11
                  text run at (0,0) width 3: " "
            RenderTableCell {TD} at (744,132) size 10x12 [bgcolor=#B4B4B4] [r=11 c=78 rs=1 cs=1]
              RenderInline {FONT} at (0,0) size 3x11
                RenderText {#text} at (0,0) size 3x11
                  text run at (0,0) width 3: " "
            RenderTableCell {TD} at (754,132) size 10x12 [bgcolor=#1C2524] [r=11 c=79 rs=1 cs=1]
              RenderInline {FONT} at (0,0) size 3x11
                RenderText {#text} at (0,0) size 3x11
                  text run at (0,0) width 3: " "
            RenderTableCell {TD} at (764,132) size 10x12 [bgcolor=#044140] [r=11 c=80 rs=1 cs=1]
              RenderInline {FONT} at (0,0) size 3x11
                RenderText {#text} at (0,0) size 3x11
                  text run at (0,0) width 3: " "
            RenderTableCell {TD} at (774,132) size 10x12 [bgcolor=#044F4F] [r=11 c=81 rs=1 cs=1]
              RenderInline {FONT} at (0,0) size 3x11
                RenderText {#text} at (0,0) size 3x11
                  text run at (0,0) width 3: " "
            RenderTableCell {TD} at (784,132) size 10x12 [bgcolor=#044F4F] [r=11 c=82 rs=1 cs=1]
              RenderInline {FONT} at (0,0) size 3x11
                RenderText {#text} at (0,0) size 3x11
                  text run at (0,0) width 3: " "
            RenderTableCell {TD} at (794,132) size 10x12 [bgcolor=#044F4F] [r=11 c=83 rs=1 cs=1]
              RenderInline {FONT} at (0,0) size 3x11
                RenderText {#text} at (0,0) size 3x11
                  text run at (0,0) width 3: " "
            RenderTableCell {TD} at (804,132) size 10x12 [bgcolor=#447877] [r=11 c=84 rs=1 cs=1]
              RenderInline {FONT} at (0,0) size 3x11
                RenderText {#text} at (0,0) size 3x11
                  text run at (0,0) width 3: " "
            RenderTableCell {TD} at (814,132) size 10x12 [bgcolor=#EDEEEF] [r=11 c=85 rs=1 cs=1]
              RenderInline {FONT} at (0,0) size 3x11
                RenderText {#text} at (0,0) size 3x11
                  text run at (0,0) width 3: " "
            RenderTableCell {TD} at (824,132) size 10x12 [bgcolor=#FDFDFB] [r=11 c=86 rs=1 cs=1]
              RenderInline {FONT} at (0,0) size 3x11
                RenderText {#text} at (0,0) size 3x11
                  text run at (0,0) width 3: " "
            RenderTableCell {TD} at (834,132) size 10x12 [bgcolor=#5A8787] [r=11 c=87 rs=1 cs=1]
              RenderInline {FONT} at (0,0) size 3x11
                RenderText {#text} at (0,0) size 3x11
                  text run at (0,0) width 3: " "
            RenderTableCell {TD} at (844,132) size 10x12 [bgcolor=#025E5E] [r=11 c=88 rs=1 cs=1]
              RenderInline {FONT} at (0,0) size 3x11
                RenderText {#text} at (0,0) size 3x11
                  text run at (0,0) width 3: " "
            RenderTableCell {TD} at (854,132) size 10x12 [bgcolor=#025E5E] [r=11 c=89 rs=1 cs=1]
              RenderInline {FONT} at (0,0) size 3x11
                RenderText {#text} at (0,0) size 3x11
                  text run at (0,0) width 3: " "
            RenderTableCell {TD} at (864,132) size 10x12 [bgcolor=#396B6A] [r=11 c=90 rs=1 cs=1]
              RenderInline {FONT} at (0,0) size 3x11
                RenderText {#text} at (0,0) size 3x11
                  text run at (0,0) width 3: " "
            RenderTableCell {TD} at (874,132) size 10x12 [bgcolor=#E0EAE9] [r=11 c=91 rs=1 cs=1]
              RenderInline {FONT} at (0,0) size 3x11
                RenderText {#text} at (0,0) size 3x11
                  text run at (0,0) width 3: " "
            RenderTableCell {TD} at (884,132) size 10x12 [bgcolor=#FDFDFB] [r=11 c=92 rs=1 cs=1]
              RenderInline {FONT} at (0,0) size 3x11
                RenderText {#text} at (0,0) size 3x11
                  text run at (0,0) width 3: " "
            RenderTableCell {TD} at (894,132) size 10x12 [bgcolor=#2D3433] [r=11 c=93 rs=1 cs=1]
              RenderInline {FONT} at (0,0) size 3x11
                RenderText {#text} at (0,0) size 3x11
                  text run at (0,0) width 3: " "
            RenderTableCell {TD} at (904,132) size 10x12 [bgcolor=#1C2524] [r=11 c=94 rs=1 cs=1]
              RenderInline {FONT} at (0,0) size 3x11
                RenderText {#text} at (0,0) size 3x11
                  text run at (0,0) width 3: " "
            RenderTableCell {TD} at (914,132) size 10x12 [bgcolor=#3D4242] [r=11 c=95 rs=1 cs=1]
              RenderInline {FONT} at (0,0) size 3x11
                RenderText {#text} at (0,0) size 3x11
                  text run at (0,0) width 3: " "
            RenderTableCell {TD} at (924,132) size 10x12 [bgcolor=#777878] [r=11 c=96 rs=1 cs=1]
              RenderInline {FONT} at (0,0) size 3x11
                RenderText {#text} at (0,0) size 3x11
                  text run at (0,0) width 3: " "
            RenderTableCell {TD} at (934,132) size 10x12 [bgcolor=#848788] [r=11 c=97 rs=1 cs=1]
              RenderInline {FONT} at (0,0) size 3x11
                RenderText {#text} at (0,0) size 3x11
                  text run at (0,0) width 3: " "
            RenderTableCell {TD} at (944,132) size 10x12 [bgcolor=#777878] [r=11 c=98 rs=1 cs=1]
              RenderInline {FONT} at (0,0) size 3x11
                RenderText {#text} at (0,0) size 3x11
                  text run at (0,0) width 3: " "
            RenderTableCell {TD} at (954,132) size 10x12 [bgcolor=#4D4F4F] [r=11 c=99 rs=1 cs=1]
              RenderInline {FONT} at (0,0) size 3x11
                RenderText {#text} at (0,0) size 3x11
                  text run at (0,0) width 3: " "
          RenderTableRow {TR} at (0,144) size 964x12
            RenderTableCell {TD} at (0,144) size 9x12 [bgcolor=#97C1C0] [r=12 c=0 rs=1 cs=1]
              RenderInline {FONT} at (0,0) size 3x11
                RenderText {#text} at (0,0) size 3x11
                  text run at (0,0) width 3: " "
            RenderTableCell {TD} at (9,144) size 9x12 [bgcolor=#027777] [r=12 c=1 rs=1 cs=1]
              RenderInline {FONT} at (0,0) size 3x11
                RenderText {#text} at (0,0) size 3x11
                  text run at (0,0) width 3: " "
            RenderTableCell {TD} at (18,144) size 9x12 [bgcolor=#60A2A3] [r=12 c=2 rs=1 cs=1]
              RenderInline {FONT} at (0,0) size 3x11
                RenderText {#text} at (0,0) size 3x11
                  text run at (0,0) width 3: " "
            RenderTableCell {TD} at (27,144) size 9x12 [bgcolor=#EDEEEF] [r=12 c=3 rs=1 cs=1]
              RenderInline {FONT} at (0,0) size 3x11
                RenderText {#text} at (0,0) size 3x11
                  text run at (0,0) width 3: " "
            RenderTableCell {TD} at (36,144) size 9x12 [bgcolor=#FDFDFB] [r=12 c=4 rs=1 cs=1]
              RenderInline {FONT} at (0,0) size 3x11
                RenderText {#text} at (0,0) size 3x11
                  text run at (0,0) width 3: " "
            RenderTableCell {TD} at (45,144) size 9x12 [bgcolor=#A2B5B4] [r=12 c=5 rs=1 cs=1]
              RenderInline {FONT} at (0,0) size 3x11
                RenderText {#text} at (0,0) size 3x11
                  text run at (0,0) width 3: " "
            RenderTableCell {TD} at (54,144) size 9x12 [bgcolor=#72A3A1] [r=12 c=6 rs=1 cs=1]
              RenderInline {FONT} at (0,0) size 3x11
                RenderText {#text} at (0,0) size 3x11
                  text run at (0,0) width 3: " "
            RenderTableCell {TD} at (63,144) size 9x12 [bgcolor=#469191] [r=12 c=7 rs=1 cs=1]
              RenderInline {FONT} at (0,0) size 3x11
                RenderText {#text} at (0,0) size 3x11
                  text run at (0,0) width 3: " "
            RenderTableCell {TD} at (72,144) size 9x12 [bgcolor=#338686] [r=12 c=8 rs=1 cs=1]
              RenderInline {FONT} at (0,0) size 3x11
                RenderText {#text} at (0,0) size 3x11
                  text run at (0,0) width 3: " "
            RenderTableCell {TD} at (81,144) size 9x12 [bgcolor=#1E7A79] [r=12 c=9 rs=1 cs=1]
              RenderInline {FONT} at (0,0) size 3x11
                RenderText {#text} at (0,0) size 3x11
                  text run at (0,0) width 3: " "
            RenderTableCell {TD} at (90,144) size 9x12 [bgcolor=#1A6B6A] [r=12 c=10 rs=1 cs=1]
              RenderInline {FONT} at (0,0) size 3x11
                RenderText {#text} at (0,0) size 3x11
                  text run at (0,0) width 3: " "
            RenderTableCell {TD} at (99,144) size 9x12 [bgcolor=#044F4F] [r=12 c=11 rs=1 cs=1]
              RenderInline {FONT} at (0,0) size 3x11
                RenderText {#text} at (0,0) size 3x11
                  text run at (0,0) width 3: " "
            RenderTableCell {TD} at (108,144) size 9x12 [bgcolor=#044140] [r=12 c=12 rs=1 cs=1]
              RenderInline {FONT} at (0,0) size 3x11
                RenderText {#text} at (0,0) size 3x11
                  text run at (0,0) width 3: " "
            RenderTableCell {TD} at (117,144) size 9x12 [bgcolor=#044140] [r=12 c=13 rs=1 cs=1]
              RenderInline {FONT} at (0,0) size 3x11
                RenderText {#text} at (0,0) size 3x11
                  text run at (0,0) width 3: " "
            RenderTableCell {TD} at (126,144) size 9x12 [bgcolor=#223C3D] [r=12 c=14 rs=1 cs=1]
              RenderInline {FONT} at (0,0) size 3x11
                RenderText {#text} at (0,0) size 3x11
                  text run at (0,0) width 3: " "
            RenderTableCell {TD} at (135,144) size 9x12 [bgcolor=#848788] [r=12 c=15 rs=1 cs=1]
              RenderInline {FONT} at (0,0) size 3x11
                RenderText {#text} at (0,0) size 3x11
                  text run at (0,0) width 3: " "
            RenderTableCell {TD} at (144,144) size 9x12 [bgcolor=#FDFDFB] [r=12 c=16 rs=1 cs=1]
              RenderInline {FONT} at (0,0) size 3x11
                RenderText {#text} at (0,0) size 3x11
                  text run at (0,0) width 3: " "
            RenderTableCell {TD} at (153,144) size 9x12 [bgcolor=#FDFDFB] [r=12 c=17 rs=1 cs=1]
              RenderInline {FONT} at (0,0) size 3x11
                RenderText {#text} at (0,0) size 3x11
                  text run at (0,0) width 3: " "
            RenderTableCell {TD} at (162,144) size 9x12 [bgcolor=#2D3433] [r=12 c=18 rs=1 cs=1]
              RenderInline {FONT} at (0,0) size 3x11
                RenderText {#text} at (0,0) size 3x11
                  text run at (0,0) width 3: " "
            RenderTableCell {TD} at (171,144) size 9x12 [bgcolor=#1E7A79] [r=12 c=19 rs=1 cs=1]
              RenderInline {FONT} at (0,0) size 3x11
                RenderText {#text} at (0,0) size 3x11
                  text run at (0,0) width 3: " "
            RenderTableCell {TD} at (180,144) size 9x12 [bgcolor=#027777] [r=12 c=20 rs=1 cs=1]
              RenderInline {FONT} at (0,0) size 3x11
                RenderText {#text} at (0,0) size 3x11
                  text run at (0,0) width 3: " "
            RenderTableCell {TD} at (189,144) size 9x12 [bgcolor=#1A6B6A] [r=12 c=21 rs=1 cs=1]
              RenderInline {FONT} at (0,0) size 3x11
                RenderText {#text} at (0,0) size 3x11
                  text run at (0,0) width 3: " "
            RenderTableCell {TD} at (198,144) size 9x12 [bgcolor=#274C4D] [r=12 c=22 rs=1 cs=1]
              RenderInline {FONT} at (0,0) size 3x11
                RenderText {#text} at (0,0) size 3x11
                  text run at (0,0) width 3: " "
            RenderTableCell {TD} at (207,144) size 9x12 [bgcolor=#274C4D] [r=12 c=23 rs=1 cs=1]
              RenderInline {FONT} at (0,0) size 3x11
                RenderText {#text} at (0,0) size 3x11
                  text run at (0,0) width 3: " "
            RenderTableCell {TD} at (216,144) size 9x12 [bgcolor=#287A7A] [r=12 c=24 rs=1 cs=1]
              RenderInline {FONT} at (0,0) size 3x11
                RenderText {#text} at (0,0) size 3x11
                  text run at (0,0) width 3: " "
            RenderTableCell {TD} at (225,144) size 9x12 [bgcolor=#338686] [r=12 c=25 rs=1 cs=1]
              RenderInline {FONT} at (0,0) size 3x11
                RenderText {#text} at (0,0) size 3x11
                  text run at (0,0) width 3: " "
            RenderTableCell {TD} at (234,144) size 9x12 [bgcolor=#338686] [r=12 c=26 rs=1 cs=1]
              RenderInline {FONT} at (0,0) size 3x11
                RenderText {#text} at (0,0) size 3x11
                  text run at (0,0) width 3: " "
            RenderTableCell {TD} at (243,144) size 9x12 [bgcolor=#469191] [r=12 c=27 rs=1 cs=1]
              RenderInline {FONT} at (0,0) size 3x11
                RenderText {#text} at (0,0) size 3x11
                  text run at (0,0) width 3: " "
            RenderTableCell {TD} at (252,144) size 9x12 [bgcolor=#60A2A3] [r=12 c=28 rs=1 cs=1]
              RenderInline {FONT} at (0,0) size 3x11
                RenderText {#text} at (0,0) size 3x11
                  text run at (0,0) width 3: " "
            RenderTableCell {TD} at (261,144) size 9x12 [bgcolor=#CADEDD] [r=12 c=29 rs=1 cs=1]
              RenderInline {FONT} at (0,0) size 3x11
                RenderText {#text} at (0,0) size 3x11
                  text run at (0,0) width 3: " "
            RenderTableCell {TD} at (270,144) size 9x12 [bgcolor=#FDFDFB] [r=12 c=30 rs=1 cs=1]
              RenderInline {FONT} at (0,0) size 3x11
                RenderText {#text} at (0,0) size 3x11
                  text run at (0,0) width 3: " "
            RenderTableCell {TD} at (279,144) size 9x12 [bgcolor=#B4B4B4] [r=12 c=31 rs=1 cs=1]
              RenderInline {FONT} at (0,0) size 3x11
                RenderText {#text} at (0,0) size 3x11
                  text run at (0,0) width 3: " "
            RenderTableCell {TD} at (288,144) size 9x12 [bgcolor=#072323] [r=12 c=32 rs=1 cs=1]
              RenderInline {FONT} at (0,0) size 3x11
                RenderText {#text} at (0,0) size 3x11
                  text run at (0,0) width 3: " "
            RenderTableCell {TD} at (297,144) size 9x12 [bgcolor=#4D4F4F] [r=12 c=33 rs=1 cs=1]
              RenderInline {FONT} at (0,0) size 3x11
                RenderText {#text} at (0,0) size 3x11
                  text run at (0,0) width 3: " "
            RenderTableCell {TD} at (306,144) size 9x12 [bgcolor=#777878] [r=12 c=34 rs=1 cs=1]
              RenderInline {FONT} at (0,0) size 3x11
                RenderText {#text} at (0,0) size 3x11
                  text run at (0,0) width 3: " "
            RenderTableCell {TD} at (315,144) size 9x12 [bgcolor=#CECFCF] [r=12 c=35 rs=1 cs=1]
              RenderInline {FONT} at (0,0) size 3x11
                RenderText {#text} at (0,0) size 3x11
                  text run at (0,0) width 3: " "
            RenderTableCell {TD} at (324,144) size 10x12 [bgcolor=#FDFDFB] [r=12 c=36 rs=1 cs=1]
              RenderInline {FONT} at (0,0) size 3x11
                RenderText {#text} at (0,0) size 3x11
                  text run at (0,0) width 3: " "
            RenderTableCell {TD} at (334,144) size 10x12 [bgcolor=#CECFCF] [r=12 c=37 rs=1 cs=1]
              RenderInline {FONT} at (0,0) size 3x11
                RenderText {#text} at (0,0) size 3x11
                  text run at (0,0) width 3: " "
            RenderTableCell {TD} at (344,144) size 10x12 [bgcolor=#8DB7B6] [r=12 c=38 rs=1 cs=1]
              RenderInline {FONT} at (0,0) size 3x11
                RenderText {#text} at (0,0) size 3x11
                  text run at (0,0) width 3: " "
            RenderTableCell {TD} at (354,144) size 10x12 [bgcolor=#589594] [r=12 c=39 rs=1 cs=1]
              RenderInline {FONT} at (0,0) size 3x11
                RenderText {#text} at (0,0) size 3x11
                  text run at (0,0) width 3: " "
            RenderTableCell {TD} at (364,144) size 10x12 [bgcolor=#338686] [r=12 c=40 rs=1 cs=1]
              RenderInline {FONT} at (0,0) size 3x11
                RenderText {#text} at (0,0) size 3x11
                  text run at (0,0) width 3: " "
            RenderTableCell {TD} at (374,144) size 10x12 [bgcolor=#287A7A] [r=12 c=41 rs=1 cs=1]
              RenderInline {FONT} at (0,0) size 3x11
                RenderText {#text} at (0,0) size 3x11
                  text run at (0,0) width 3: " "
            RenderTableCell {TD} at (384,144) size 10x12 [bgcolor=#1E7A79] [r=12 c=42 rs=1 cs=1]
              RenderInline {FONT} at (0,0) size 3x11
                RenderText {#text} at (0,0) size 3x11
                  text run at (0,0) width 3: " "
            RenderTableCell {TD} at (394,144) size 10x12 [bgcolor=#1A5C5C] [r=12 c=43 rs=1 cs=1]
              RenderInline {FONT} at (0,0) size 3x11
                RenderText {#text} at (0,0) size 3x11
                  text run at (0,0) width 3: " "
            RenderTableCell {TD} at (404,144) size 10x12 [bgcolor=#044F4F] [r=12 c=44 rs=1 cs=1]
              RenderInline {FONT} at (0,0) size 3x11
                RenderText {#text} at (0,0) size 3x11
                  text run at (0,0) width 3: " "
            RenderTableCell {TD} at (414,144) size 10x12 [bgcolor=#044F4F] [r=12 c=45 rs=1 cs=1]
              RenderInline {FONT} at (0,0) size 3x11
                RenderText {#text} at (0,0) size 3x11
                  text run at (0,0) width 3: " "
            RenderTableCell {TD} at (424,144) size 10x12 [bgcolor=#026766] [r=12 c=46 rs=1 cs=1]
              RenderInline {FONT} at (0,0) size 3x11
                RenderText {#text} at (0,0) size 3x11
                  text run at (0,0) width 3: " "
            RenderTableCell {TD} at (434,144) size 10x12 [bgcolor=#1A6B6A] [r=12 c=47 rs=1 cs=1]
              RenderInline {FONT} at (0,0) size 3x11
                RenderText {#text} at (0,0) size 3x11
                  text run at (0,0) width 3: " "
            RenderTableCell {TD} at (444,144) size 10x12 [bgcolor=#B6D0D1] [r=12 c=48 rs=1 cs=1]
              RenderInline {FONT} at (0,0) size 3x11
                RenderText {#text} at (0,0) size 3x11
                  text run at (0,0) width 3: " "
            RenderTableCell {TD} at (454,144) size 10x12 [bgcolor=#FDFDFB] [r=12 c=49 rs=1 cs=1]
              RenderInline {FONT} at (0,0) size 3x11
                RenderText {#text} at (0,0) size 3x11
                  text run at (0,0) width 3: " "
            RenderTableCell {TD} at (464,144) size 10x12 [bgcolor=#A5A6A6] [r=12 c=50 rs=1 cs=1]
              RenderInline {FONT} at (0,0) size 3x11
                RenderText {#text} at (0,0) size 3x11
                  text run at (0,0) width 3: " "
            RenderTableCell {TD} at (474,144) size 10x12 [bgcolor=#072323] [r=12 c=51 rs=1 cs=1]
              RenderInline {FONT} at (0,0) size 3x11
                RenderText {#text} at (0,0) size 3x11
                  text run at (0,0) width 3: " "
            RenderTableCell {TD} at (484,144) size 10x12 [bgcolor=#3D4242] [r=12 c=52 rs=1 cs=1]
              RenderInline {FONT} at (0,0) size 3x11
                RenderText {#text} at (0,0) size 3x11
                  text run at (0,0) width 3: " "
            RenderTableCell {TD} at (494,144) size 10x12 [bgcolor=#696A69] [r=12 c=53 rs=1 cs=1]
              RenderInline {FONT} at (0,0) size 3x11
                RenderText {#text} at (0,0) size 3x11
                  text run at (0,0) width 3: " "
            RenderTableCell {TD} at (504,144) size 10x12 [bgcolor=#848788] [r=12 c=54 rs=1 cs=1]
              RenderInline {FONT} at (0,0) size 3x11
                RenderText {#text} at (0,0) size 3x11
                  text run at (0,0) width 3: " "
            RenderTableCell {TD} at (514,144) size 10x12 [bgcolor=#939494] [r=12 c=55 rs=1 cs=1]
              RenderInline {FONT} at (0,0) size 3x11
                RenderText {#text} at (0,0) size 3x11
                  text run at (0,0) width 3: " "
            RenderTableCell {TD} at (524,144) size 10x12 [bgcolor=#B4B4B4] [r=12 c=56 rs=1 cs=1]
              RenderInline {FONT} at (0,0) size 3x11
                RenderText {#text} at (0,0) size 3x11
                  text run at (0,0) width 3: " "
            RenderTableCell {TD} at (534,144) size 10x12 [bgcolor=#FDFDFB] [r=12 c=57 rs=1 cs=1]
              RenderInline {FONT} at (0,0) size 3x11
                RenderText {#text} at (0,0) size 3x11
                  text run at (0,0) width 3: " "
            RenderTableCell {TD} at (544,144) size 10x12 [bgcolor=#FDFDFB] [r=12 c=58 rs=1 cs=1]
              RenderInline {FONT} at (0,0) size 3x11
                RenderText {#text} at (0,0) size 3x11
                  text run at (0,0) width 3: " "
            RenderTableCell {TD} at (554,144) size 10x12 [bgcolor=#2D3433] [r=12 c=59 rs=1 cs=1]
              RenderInline {FONT} at (0,0) size 3x11
                RenderText {#text} at (0,0) size 3x11
                  text run at (0,0) width 3: " "
            RenderTableCell {TD} at (564,144) size 10x12 [bgcolor=#1E7A79] [r=12 c=60 rs=1 cs=1]
              RenderInline {FONT} at (0,0) size 3x11
                RenderText {#text} at (0,0) size 3x11
                  text run at (0,0) width 3: " "
            RenderTableCell {TD} at (574,144) size 10x12 [bgcolor=#66BABC] [r=12 c=61 rs=1 cs=1]
              RenderInline {FONT} at (0,0) size 3x11
                RenderText {#text} at (0,0) size 3x11
                  text run at (0,0) width 3: " "
            RenderTableCell {TD} at (584,144) size 10x12 [bgcolor=#FDFDFB] [r=12 c=62 rs=1 cs=1]
              RenderInline {FONT} at (0,0) size 3x11
                RenderText {#text} at (0,0) size 3x11
                  text run at (0,0) width 3: " "
            RenderTableCell {TD} at (594,144) size 10x12 [bgcolor=#DEDFDF] [r=12 c=63 rs=1 cs=1]
              RenderInline {FONT} at (0,0) size 3x11
                RenderText {#text} at (0,0) size 3x11
                  text run at (0,0) width 3: " "
            RenderTableCell {TD} at (604,144) size 10x12 [bgcolor=#072323] [r=12 c=64 rs=1 cs=1]
              RenderInline {FONT} at (0,0) size 3x11
                RenderText {#text} at (0,0) size 3x11
                  text run at (0,0) width 3: " "
            RenderTableCell {TD} at (614,144) size 10x12 [bgcolor=#025E5E] [r=12 c=65 rs=1 cs=1]
              RenderInline {FONT} at (0,0) size 3x11
                RenderText {#text} at (0,0) size 3x11
                  text run at (0,0) width 3: " "
            RenderTableCell {TD} at (624,144) size 10x12 [bgcolor=#026766] [r=12 c=66 rs=1 cs=1]
              RenderInline {FONT} at (0,0) size 3x11
                RenderText {#text} at (0,0) size 3x11
                  text run at (0,0) width 3: " "
            RenderTableCell {TD} at (634,144) size 10x12 [bgcolor=#026766] [r=12 c=67 rs=1 cs=1]
              RenderInline {FONT} at (0,0) size 3x11
                RenderText {#text} at (0,0) size 3x11
                  text run at (0,0) width 3: " "
            RenderTableCell {TD} at (644,144) size 10x12 [bgcolor=#026766] [r=12 c=68 rs=1 cs=1]
              RenderInline {FONT} at (0,0) size 3x11
                RenderText {#text} at (0,0) size 3x11
                  text run at (0,0) width 3: " "
            RenderTableCell {TD} at (654,144) size 10x12 [bgcolor=#026766] [r=12 c=69 rs=1 cs=1]
              RenderInline {FONT} at (0,0) size 3x11
                RenderText {#text} at (0,0) size 3x11
                  text run at (0,0) width 3: " "
            RenderTableCell {TD} at (664,144) size 10x12 [bgcolor=#287A7A] [r=12 c=70 rs=1 cs=1]
              RenderInline {FONT} at (0,0) size 3x11
                RenderText {#text} at (0,0) size 3x11
                  text run at (0,0) width 3: " "
            RenderTableCell {TD} at (674,144) size 10x12 [bgcolor=#EDEEEF] [r=12 c=71 rs=1 cs=1]
              RenderInline {FONT} at (0,0) size 3x11
                RenderText {#text} at (0,0) size 3x11
                  text run at (0,0) width 3: " "
            RenderTableCell {TD} at (684,144) size 10x12 [bgcolor=#FDFDFB] [r=12 c=72 rs=1 cs=1]
              RenderInline {FONT} at (0,0) size 3x11
                RenderText {#text} at (0,0) size 3x11
                  text run at (0,0) width 3: " "
            RenderTableCell {TD} at (694,144) size 10x12 [bgcolor=#4D4F4F] [r=12 c=73 rs=1 cs=1]
              RenderInline {FONT} at (0,0) size 3x11
                RenderText {#text} at (0,0) size 3x11
                  text run at (0,0) width 3: " "
            RenderTableCell {TD} at (704,144) size 10x12 [bgcolor=#5E5F60] [r=12 c=74 rs=1 cs=1]
              RenderInline {FONT} at (0,0) size 3x11
                RenderText {#text} at (0,0) size 3x11
                  text run at (0,0) width 3: " "
            RenderTableCell {TD} at (714,144) size 10x12 [bgcolor=#91A3A3] [r=12 c=75 rs=1 cs=1]
              RenderInline {FONT} at (0,0) size 3x11
                RenderText {#text} at (0,0) size 3x11
                  text run at (0,0) width 3: " "
            RenderTableCell {TD} at (724,144) size 10x12 [bgcolor=#FDFDFB] [r=12 c=76 rs=1 cs=1]
              RenderInline {FONT} at (0,0) size 3x11
                RenderText {#text} at (0,0) size 3x11
                  text run at (0,0) width 3: " "
            RenderTableCell {TD} at (734,144) size 10x12 [bgcolor=#DEDFDF] [r=12 c=77 rs=1 cs=1]
              RenderInline {FONT} at (0,0) size 3x11
                RenderText {#text} at (0,0) size 3x11
                  text run at (0,0) width 3: " "
            RenderTableCell {TD} at (744,144) size 10x12 [bgcolor=#3D4242] [r=12 c=78 rs=1 cs=1]
              RenderInline {FONT} at (0,0) size 3x11
                RenderText {#text} at (0,0) size 3x11
                  text run at (0,0) width 3: " "
            RenderTableCell {TD} at (754,144) size 10x12 [bgcolor=#025E5E] [r=12 c=79 rs=1 cs=1]
              RenderInline {FONT} at (0,0) size 3x11
                RenderText {#text} at (0,0) size 3x11
                  text run at (0,0) width 3: " "
            RenderTableCell {TD} at (764,144) size 10x12 [bgcolor=#026766] [r=12 c=80 rs=1 cs=1]
              RenderInline {FONT} at (0,0) size 3x11
                RenderText {#text} at (0,0) size 3x11
                  text run at (0,0) width 3: " "
            RenderTableCell {TD} at (774,144) size 10x12 [bgcolor=#026766] [r=12 c=81 rs=1 cs=1]
              RenderInline {FONT} at (0,0) size 3x11
                RenderText {#text} at (0,0) size 3x11
                  text run at (0,0) width 3: " "
            RenderTableCell {TD} at (784,144) size 10x12 [bgcolor=#026766] [r=12 c=82 rs=1 cs=1]
              RenderInline {FONT} at (0,0) size 3x11
                RenderText {#text} at (0,0) size 3x11
                  text run at (0,0) width 3: " "
            RenderTableCell {TD} at (794,144) size 10x12 [bgcolor=#026766] [r=12 c=83 rs=1 cs=1]
              RenderInline {FONT} at (0,0) size 3x11
                RenderText {#text} at (0,0) size 3x11
                  text run at (0,0) width 3: " "
            RenderTableCell {TD} at (804,144) size 10x12 [bgcolor=#026766] [r=12 c=84 rs=1 cs=1]
              RenderInline {FONT} at (0,0) size 3x11
                RenderText {#text} at (0,0) size 3x11
                  text run at (0,0) width 3: " "
            RenderTableCell {TD} at (814,144) size 10x12 [bgcolor=#7CAEAF] [r=12 c=85 rs=1 cs=1]
              RenderInline {FONT} at (0,0) size 3x11
                RenderText {#text} at (0,0) size 3x11
                  text run at (0,0) width 3: " "
            RenderTableCell {TD} at (824,144) size 10x12 [bgcolor=#FDFDFB] [r=12 c=86 rs=1 cs=1]
              RenderInline {FONT} at (0,0) size 3x11
                RenderText {#text} at (0,0) size 3x11
                  text run at (0,0) width 3: " "
            RenderTableCell {TD} at (834,144) size 10x12 [bgcolor=#BEC2C2] [r=12 c=87 rs=1 cs=1]
              RenderInline {FONT} at (0,0) size 3x11
                RenderText {#text} at (0,0) size 3x11
                  text run at (0,0) width 3: " "
            RenderTableCell {TD} at (844,144) size 10x12 [bgcolor=#1A5C5C] [r=12 c=88 rs=1 cs=1]
              RenderInline {FONT} at (0,0) size 3x11
                RenderText {#text} at (0,0) size 3x11
                  text run at (0,0) width 3: " "
            RenderTableCell {TD} at (854,144) size 10x12 [bgcolor=#026766] [r=12 c=89 rs=1 cs=1]
              RenderInline {FONT} at (0,0) size 3x11
                RenderText {#text} at (0,0) size 3x11
                  text run at (0,0) width 3: " "
            RenderTableCell {TD} at (864,144) size 10x12 [bgcolor=#338686] [r=12 c=90 rs=1 cs=1]
              RenderInline {FONT} at (0,0) size 3x11
                RenderText {#text} at (0,0) size 3x11
                  text run at (0,0) width 3: " "
            RenderTableCell {TD} at (874,144) size 10x12 [bgcolor=#EDEEEF] [r=12 c=91 rs=1 cs=1]
              RenderInline {FONT} at (0,0) size 3x11
                RenderText {#text} at (0,0) size 3x11
                  text run at (0,0) width 3: " "
            RenderTableCell {TD} at (884,144) size 10x12 [bgcolor=#FDFDFB] [r=12 c=92 rs=1 cs=1]
              RenderInline {FONT} at (0,0) size 3x11
                RenderText {#text} at (0,0) size 3x11
                  text run at (0,0) width 3: " "
            RenderTableCell {TD} at (894,144) size 10x12 [bgcolor=#2D3433] [r=12 c=93 rs=1 cs=1]
              RenderInline {FONT} at (0,0) size 3x11
                RenderText {#text} at (0,0) size 3x11
                  text run at (0,0) width 3: " "
            RenderTableCell {TD} at (904,144) size 10x12 [bgcolor=#223C3D] [r=12 c=94 rs=1 cs=1]
              RenderInline {FONT} at (0,0) size 3x11
                RenderText {#text} at (0,0) size 3x11
                  text run at (0,0) width 3: " "
            RenderTableCell {TD} at (914,144) size 10x12 [bgcolor=#5E5F60] [r=12 c=95 rs=1 cs=1]
              RenderInline {FONT} at (0,0) size 3x11
                RenderText {#text} at (0,0) size 3x11
                  text run at (0,0) width 3: " "
            RenderTableCell {TD} at (924,144) size 10x12 [bgcolor=#777878] [r=12 c=96 rs=1 cs=1]
              RenderInline {FONT} at (0,0) size 3x11
                RenderText {#text} at (0,0) size 3x11
                  text run at (0,0) width 3: " "
            RenderTableCell {TD} at (934,144) size 10x12 [bgcolor=#848788] [r=12 c=97 rs=1 cs=1]
              RenderInline {FONT} at (0,0) size 3x11
                RenderText {#text} at (0,0) size 3x11
                  text run at (0,0) width 3: " "
            RenderTableCell {TD} at (944,144) size 10x12 [bgcolor=#777878] [r=12 c=98 rs=1 cs=1]
              RenderInline {FONT} at (0,0) size 3x11
                RenderText {#text} at (0,0) size 3x11
                  text run at (0,0) width 3: " "
            RenderTableCell {TD} at (954,144) size 10x12 [bgcolor=#4D4F4F] [r=12 c=99 rs=1 cs=1]
              RenderInline {FONT} at (0,0) size 3x11
                RenderText {#text} at (0,0) size 3x11
                  text run at (0,0) width 3: " "
          RenderTableRow {TR} at (0,156) size 964x12
            RenderTableCell {TD} at (0,156) size 9x12 [bgcolor=#97C1C0] [r=13 c=0 rs=1 cs=1]
              RenderInline {FONT} at (0,0) size 3x11
                RenderText {#text} at (0,0) size 3x11
                  text run at (0,0) width 3: " "
            RenderTableCell {TD} at (9,156) size 9x12 [bgcolor=#027777] [r=13 c=1 rs=1 cs=1]
              RenderInline {FONT} at (0,0) size 3x11
                RenderText {#text} at (0,0) size 3x11
                  text run at (0,0) width 3: " "
            RenderTableCell {TD} at (18,156) size 9x12 [bgcolor=#027777] [r=13 c=2 rs=1 cs=1]
              RenderInline {FONT} at (0,0) size 3x11
                RenderText {#text} at (0,0) size 3x11
                  text run at (0,0) width 3: " "
            RenderTableCell {TD} at (27,156) size 9x12 [bgcolor=#447877] [r=13 c=3 rs=1 cs=1]
              RenderInline {FONT} at (0,0) size 3x11
                RenderText {#text} at (0,0) size 3x11
                  text run at (0,0) width 3: " "
            RenderTableCell {TD} at (36,156) size 9x12 [bgcolor=#939494] [r=13 c=4 rs=1 cs=1]
              RenderInline {FONT} at (0,0) size 3x11
                RenderText {#text} at (0,0) size 3x11
                  text run at (0,0) width 3: " "
            RenderTableCell {TD} at (45,156) size 9x12 [bgcolor=#CECFCF] [r=13 c=5 rs=1 cs=1]
              RenderInline {FONT} at (0,0) size 3x11
                RenderText {#text} at (0,0) size 3x11
                  text run at (0,0) width 3: " "
            RenderTableCell {TD} at (54,156) size 9x12 [bgcolor=#EDEEEF] [r=13 c=6 rs=1 cs=1]
              RenderInline {FONT} at (0,0) size 3x11
                RenderText {#text} at (0,0) size 3x11
                  text run at (0,0) width 3: " "
            RenderTableCell {TD} at (63,156) size 9x12 [bgcolor=#FDFDFB] [r=13 c=7 rs=1 cs=1]
              RenderInline {FONT} at (0,0) size 3x11
                RenderText {#text} at (0,0) size 3x11
                  text run at (0,0) width 3: " "
            RenderTableCell {TD} at (72,156) size 9x12 [bgcolor=#E0EAE9] [r=13 c=8 rs=1 cs=1]
              RenderInline {FONT} at (0,0) size 3x11
                RenderText {#text} at (0,0) size 3x11
                  text run at (0,0) width 3: " "
            RenderTableCell {TD} at (81,156) size 9x12 [bgcolor=#CADEDD] [r=13 c=9 rs=1 cs=1]
              RenderInline {FONT} at (0,0) size 3x11
                RenderText {#text} at (0,0) size 3x11
                  text run at (0,0) width 3: " "
            RenderTableCell {TD} at (90,156) size 9x12 [bgcolor=#B6D0D1] [r=13 c=10 rs=1 cs=1]
              RenderInline {FONT} at (0,0) size 3x11
                RenderText {#text} at (0,0) size 3x11
                  text run at (0,0) width 3: " "
            RenderTableCell {TD} at (99,156) size 9x12 [bgcolor=#7CAEAF] [r=13 c=11 rs=1 cs=1]
              RenderInline {FONT} at (0,0) size 3x11
                RenderText {#text} at (0,0) size 3x11
                  text run at (0,0) width 3: " "
            RenderTableCell {TD} at (108,156) size 9x12 [bgcolor=#1A6B6A] [r=13 c=12 rs=1 cs=1]
              RenderInline {FONT} at (0,0) size 3x11
                RenderText {#text} at (0,0) size 3x11
                  text run at (0,0) width 3: " "
            RenderTableCell {TD} at (117,156) size 9x12 [bgcolor=#044140] [r=13 c=13 rs=1 cs=1]
              RenderInline {FONT} at (0,0) size 3x11
                RenderText {#text} at (0,0) size 3x11
                  text run at (0,0) width 3: " "
            RenderTableCell {TD} at (126,156) size 9x12 [bgcolor=#223C3D] [r=13 c=14 rs=1 cs=1]
              RenderInline {FONT} at (0,0) size 3x11
                RenderText {#text} at (0,0) size 3x11
                  text run at (0,0) width 3: " "
            RenderTableCell {TD} at (135,156) size 9x12 [bgcolor=#848788] [r=13 c=15 rs=1 cs=1]
              RenderInline {FONT} at (0,0) size 3x11
                RenderText {#text} at (0,0) size 3x11
                  text run at (0,0) width 3: " "
            RenderTableCell {TD} at (144,156) size 9x12 [bgcolor=#FDFDFB] [r=13 c=16 rs=1 cs=1]
              RenderInline {FONT} at (0,0) size 3x11
                RenderText {#text} at (0,0) size 3x11
                  text run at (0,0) width 3: " "
            RenderTableCell {TD} at (153,156) size 9x12 [bgcolor=#FDFDFB] [r=13 c=17 rs=1 cs=1]
              RenderInline {FONT} at (0,0) size 3x11
                RenderText {#text} at (0,0) size 3x11
                  text run at (0,0) width 3: " "
            RenderTableCell {TD} at (162,156) size 9x12 [bgcolor=#2D3433] [r=13 c=18 rs=1 cs=1]
              RenderInline {FONT} at (0,0) size 3x11
                RenderText {#text} at (0,0) size 3x11
                  text run at (0,0) width 3: " "
            RenderTableCell {TD} at (171,156) size 9x12 [bgcolor=#1E7A79] [r=13 c=19 rs=1 cs=1]
              RenderInline {FONT} at (0,0) size 3x11
                RenderText {#text} at (0,0) size 3x11
                  text run at (0,0) width 3: " "
            RenderTableCell {TD} at (180,156) size 9x12 [bgcolor=#027777] [r=13 c=20 rs=1 cs=1]
              RenderInline {FONT} at (0,0) size 3x11
                RenderText {#text} at (0,0) size 3x11
                  text run at (0,0) width 3: " "
            RenderTableCell {TD} at (189,156) size 9x12 [bgcolor=#338686] [r=13 c=21 rs=1 cs=1]
              RenderInline {FONT} at (0,0) size 3x11
                RenderText {#text} at (0,0) size 3x11
                  text run at (0,0) width 3: " "
            RenderTableCell {TD} at (198,156) size 9x12 [bgcolor=#97C1C0] [r=13 c=22 rs=1 cs=1]
              RenderInline {FONT} at (0,0) size 3x11
                RenderText {#text} at (0,0) size 3x11
                  text run at (0,0) width 3: " "
            RenderTableCell {TD} at (207,156) size 9x12 [bgcolor=#CADEDD] [r=13 c=23 rs=1 cs=1]
              RenderInline {FONT} at (0,0) size 3x11
                RenderText {#text} at (0,0) size 3x11
                  text run at (0,0) width 3: " "
            RenderTableCell {TD} at (216,156) size 9x12 [bgcolor=#E0EAE9] [r=13 c=24 rs=1 cs=1]
              RenderInline {FONT} at (0,0) size 3x11
                RenderText {#text} at (0,0) size 3x11
                  text run at (0,0) width 3: " "
            RenderTableCell {TD} at (225,156) size 9x12 [bgcolor=#E0EAE9] [r=13 c=25 rs=1 cs=1]
              RenderInline {FONT} at (0,0) size 3x11
                RenderText {#text} at (0,0) size 3x11
                  text run at (0,0) width 3: " "
            RenderTableCell {TD} at (234,156) size 9x12 [bgcolor=#DEDFDF] [r=13 c=26 rs=1 cs=1]
              RenderInline {FONT} at (0,0) size 3x11
                RenderText {#text} at (0,0) size 3x11
                  text run at (0,0) width 3: " "
            RenderTableCell {TD} at (243,156) size 9x12 [bgcolor=#CECFCF] [r=13 c=27 rs=1 cs=1]
              RenderInline {FONT} at (0,0) size 3x11
                RenderText {#text} at (0,0) size 3x11
                  text run at (0,0) width 3: " "
            RenderTableCell {TD} at (252,156) size 9x12 [bgcolor=#B4B4B4] [r=13 c=28 rs=1 cs=1]
              RenderInline {FONT} at (0,0) size 3x11
                RenderText {#text} at (0,0) size 3x11
                  text run at (0,0) width 3: " "
            RenderTableCell {TD} at (261,156) size 9x12 [bgcolor=#CECFCF] [r=13 c=29 rs=1 cs=1]
              RenderInline {FONT} at (0,0) size 3x11
                RenderText {#text} at (0,0) size 3x11
                  text run at (0,0) width 3: " "
            RenderTableCell {TD} at (270,156) size 9x12 [bgcolor=#FDFDFB] [r=13 c=30 rs=1 cs=1]
              RenderInline {FONT} at (0,0) size 3x11
                RenderText {#text} at (0,0) size 3x11
                  text run at (0,0) width 3: " "
            RenderTableCell {TD} at (279,156) size 9x12 [bgcolor=#B4B4B4] [r=13 c=31 rs=1 cs=1]
              RenderInline {FONT} at (0,0) size 3x11
                RenderText {#text} at (0,0) size 3x11
                  text run at (0,0) width 3: " "
            RenderTableCell {TD} at (288,156) size 9x12 [bgcolor=#072323] [r=13 c=32 rs=1 cs=1]
              RenderInline {FONT} at (0,0) size 3x11
                RenderText {#text} at (0,0) size 3x11
                  text run at (0,0) width 3: " "
            RenderTableCell {TD} at (297,156) size 9x12 [bgcolor=#4D4F4F] [r=13 c=33 rs=1 cs=1]
              RenderInline {FONT} at (0,0) size 3x11
                RenderText {#text} at (0,0) size 3x11
                  text run at (0,0) width 3: " "
            RenderTableCell {TD} at (306,156) size 9x12 [bgcolor=#696A69] [r=13 c=34 rs=1 cs=1]
              RenderInline {FONT} at (0,0) size 3x11
                RenderText {#text} at (0,0) size 3x11
                  text run at (0,0) width 3: " "
            RenderTableCell {TD} at (315,156) size 9x12 [bgcolor=#848788] [r=13 c=35 rs=1 cs=1]
              RenderInline {FONT} at (0,0) size 3x11
                RenderText {#text} at (0,0) size 3x11
                  text run at (0,0) width 3: " "
            RenderTableCell {TD} at (324,156) size 10x12 [bgcolor=#7B918F] [r=13 c=36 rs=1 cs=1]
              RenderInline {FONT} at (0,0) size 3x11
                RenderText {#text} at (0,0) size 3x11
                  text run at (0,0) width 3: " "
            RenderTableCell {TD} at (334,156) size 10x12 [bgcolor=#B4B4B4] [r=13 c=37 rs=1 cs=1]
              RenderInline {FONT} at (0,0) size 3x11
                RenderText {#text} at (0,0) size 3x11
                  text run at (0,0) width 3: " "
            RenderTableCell {TD} at (344,156) size 10x12 [bgcolor=#DEDFDF] [r=13 c=38 rs=1 cs=1]
              RenderInline {FONT} at (0,0) size 3x11
                RenderText {#text} at (0,0) size 3x11
                  text run at (0,0) width 3: " "
            RenderTableCell {TD} at (354,156) size 10x12 [bgcolor=#FDFDFB] [r=13 c=39 rs=1 cs=1]
              RenderInline {FONT} at (0,0) size 3x11
                RenderText {#text} at (0,0) size 3x11
                  text run at (0,0) width 3: " "
            RenderTableCell {TD} at (364,156) size 10x12 [bgcolor=#EDEEEF] [r=13 c=40 rs=1 cs=1]
              RenderInline {FONT} at (0,0) size 3x11
                RenderText {#text} at (0,0) size 3x11
                  text run at (0,0) width 3: " "
            RenderTableCell {TD} at (374,156) size 10x12 [bgcolor=#E0EAE9] [r=13 c=41 rs=1 cs=1]
              RenderInline {FONT} at (0,0) size 3x11
                RenderText {#text} at (0,0) size 3x11
                  text run at (0,0) width 3: " "
            RenderTableCell {TD} at (384,156) size 10x12 [bgcolor=#CADEDD] [r=13 c=42 rs=1 cs=1]
              RenderInline {FONT} at (0,0) size 3x11
                RenderText {#text} at (0,0) size 3x11
                  text run at (0,0) width 3: " "
            RenderTableCell {TD} at (394,156) size 10x12 [bgcolor=#97C1C0] [r=13 c=43 rs=1 cs=1]
              RenderInline {FONT} at (0,0) size 3x11
                RenderText {#text} at (0,0) size 3x11
                  text run at (0,0) width 3: " "
            RenderTableCell {TD} at (404,156) size 10x12 [bgcolor=#469191] [r=13 c=44 rs=1 cs=1]
              RenderInline {FONT} at (0,0) size 3x11
                RenderText {#text} at (0,0) size 3x11
                  text run at (0,0) width 3: " "
            RenderTableCell {TD} at (414,156) size 10x12 [bgcolor=#026766] [r=13 c=45 rs=1 cs=1]
              RenderInline {FONT} at (0,0) size 3x11
                RenderText {#text} at (0,0) size 3x11
                  text run at (0,0) width 3: " "
            RenderTableCell {TD} at (424,156) size 10x12 [bgcolor=#026766] [r=13 c=46 rs=1 cs=1]
              RenderInline {FONT} at (0,0) size 3x11
                RenderText {#text} at (0,0) size 3x11
                  text run at (0,0) width 3: " "
            RenderTableCell {TD} at (434,156) size 10x12 [bgcolor=#1A6B6A] [r=13 c=47 rs=1 cs=1]
              RenderInline {FONT} at (0,0) size 3x11
                RenderText {#text} at (0,0) size 3x11
                  text run at (0,0) width 3: " "
            RenderTableCell {TD} at (444,156) size 10x12 [bgcolor=#B6D0D1] [r=13 c=48 rs=1 cs=1]
              RenderInline {FONT} at (0,0) size 3x11
                RenderText {#text} at (0,0) size 3x11
                  text run at (0,0) width 3: " "
            RenderTableCell {TD} at (454,156) size 10x12 [bgcolor=#FDFDFB] [r=13 c=49 rs=1 cs=1]
              RenderInline {FONT} at (0,0) size 3x11
                RenderText {#text} at (0,0) size 3x11
                  text run at (0,0) width 3: " "
            RenderTableCell {TD} at (464,156) size 10x12 [bgcolor=#848788] [r=13 c=50 rs=1 cs=1]
              RenderInline {FONT} at (0,0) size 3x11
                RenderText {#text} at (0,0) size 3x11
                  text run at (0,0) width 3: " "
            RenderTableCell {TD} at (474,156) size 10x12 [bgcolor=#072323] [r=13 c=51 rs=1 cs=1]
              RenderInline {FONT} at (0,0) size 3x11
                RenderText {#text} at (0,0) size 3x11
                  text run at (0,0) width 3: " "
            RenderTableCell {TD} at (484,156) size 10x12 [bgcolor=#3D4242] [r=13 c=52 rs=1 cs=1]
              RenderInline {FONT} at (0,0) size 3x11
                RenderText {#text} at (0,0) size 3x11
                  text run at (0,0) width 3: " "
            RenderTableCell {TD} at (494,156) size 10x12 [bgcolor=#696A69] [r=13 c=53 rs=1 cs=1]
              RenderInline {FONT} at (0,0) size 3x11
                RenderText {#text} at (0,0) size 3x11
                  text run at (0,0) width 3: " "
            RenderTableCell {TD} at (504,156) size 10x12 [bgcolor=#848788] [r=13 c=54 rs=1 cs=1]
              RenderInline {FONT} at (0,0) size 3x11
                RenderText {#text} at (0,0) size 3x11
                  text run at (0,0) width 3: " "
            RenderTableCell {TD} at (514,156) size 10x12 [bgcolor=#939494] [r=13 c=55 rs=1 cs=1]
              RenderInline {FONT} at (0,0) size 3x11
                RenderText {#text} at (0,0) size 3x11
                  text run at (0,0) width 3: " "
            RenderTableCell {TD} at (524,156) size 10x12 [bgcolor=#B4B4B4] [r=13 c=56 rs=1 cs=1]
              RenderInline {FONT} at (0,0) size 3x11
                RenderText {#text} at (0,0) size 3x11
                  text run at (0,0) width 3: " "
            RenderTableCell {TD} at (534,156) size 10x12 [bgcolor=#FDFDFB] [r=13 c=57 rs=1 cs=1]
              RenderInline {FONT} at (0,0) size 3x11
                RenderText {#text} at (0,0) size 3x11
                  text run at (0,0) width 3: " "
            RenderTableCell {TD} at (544,156) size 10x12 [bgcolor=#FDFDFB] [r=13 c=58 rs=1 cs=1]
              RenderInline {FONT} at (0,0) size 3x11
                RenderText {#text} at (0,0) size 3x11
                  text run at (0,0) width 3: " "
            RenderTableCell {TD} at (554,156) size 10x12 [bgcolor=#2D3433] [r=13 c=59 rs=1 cs=1]
              RenderInline {FONT} at (0,0) size 3x11
                RenderText {#text} at (0,0) size 3x11
                  text run at (0,0) width 3: " "
            RenderTableCell {TD} at (564,156) size 10x12 [bgcolor=#1E7A79] [r=13 c=60 rs=1 cs=1]
              RenderInline {FONT} at (0,0) size 3x11
                RenderText {#text} at (0,0) size 3x11
                  text run at (0,0) width 3: " "
            RenderTableCell {TD} at (574,156) size 10x12 [bgcolor=#7DBAB9] [r=13 c=61 rs=1 cs=1]
              RenderInline {FONT} at (0,0) size 3x11
                RenderText {#text} at (0,0) size 3x11
                  text run at (0,0) width 3: " "
            RenderTableCell {TD} at (584,156) size 10x12 [bgcolor=#FDFDFB] [r=13 c=62 rs=1 cs=1]
              RenderInline {FONT} at (0,0) size 3x11
                RenderText {#text} at (0,0) size 3x11
                  text run at (0,0) width 3: " "
            RenderTableCell {TD} at (594,156) size 10x12 [bgcolor=#BEC2C2] [r=13 c=63 rs=1 cs=1]
              RenderInline {FONT} at (0,0) size 3x11
                RenderText {#text} at (0,0) size 3x11
                  text run at (0,0) width 3: " "
            RenderTableCell {TD} at (604,156) size 10x12 [bgcolor=#083131] [r=13 c=64 rs=1 cs=1]
              RenderInline {FONT} at (0,0) size 3x11
                RenderText {#text} at (0,0) size 3x11
                  text run at (0,0) width 3: " "
            RenderTableCell {TD} at (614,156) size 10x12 [bgcolor=#026766] [r=13 c=65 rs=1 cs=1]
              RenderInline {FONT} at (0,0) size 3x11
                RenderText {#text} at (0,0) size 3x11
                  text run at (0,0) width 3: " "
            RenderTableCell {TD} at (624,156) size 10x12 [bgcolor=#026766] [r=13 c=66 rs=1 cs=1]
              RenderInline {FONT} at (0,0) size 3x11
                RenderText {#text} at (0,0) size 3x11
                  text run at (0,0) width 3: " "
            RenderTableCell {TD} at (634,156) size 10x12 [bgcolor=#026766] [r=13 c=67 rs=1 cs=1]
              RenderInline {FONT} at (0,0) size 3x11
                RenderText {#text} at (0,0) size 3x11
                  text run at (0,0) width 3: " "
            RenderTableCell {TD} at (644,156) size 10x12 [bgcolor=#026766] [r=13 c=68 rs=1 cs=1]
              RenderInline {FONT} at (0,0) size 3x11
                RenderText {#text} at (0,0) size 3x11
                  text run at (0,0) width 3: " "
            RenderTableCell {TD} at (654,156) size 10x12 [bgcolor=#026766] [r=13 c=69 rs=1 cs=1]
              RenderInline {FONT} at (0,0) size 3x11
                RenderText {#text} at (0,0) size 3x11
                  text run at (0,0) width 3: " "
            RenderTableCell {TD} at (664,156) size 10x12 [bgcolor=#1E7A79] [r=13 c=70 rs=1 cs=1]
              RenderInline {FONT} at (0,0) size 3x11
                RenderText {#text} at (0,0) size 3x11
                  text run at (0,0) width 3: " "
            RenderTableCell {TD} at (674,156) size 10x12 [bgcolor=#E0EAE9] [r=13 c=71 rs=1 cs=1]
              RenderInline {FONT} at (0,0) size 3x11
                RenderText {#text} at (0,0) size 3x11
                  text run at (0,0) width 3: " "
            RenderTableCell {TD} at (684,156) size 10x12 [bgcolor=#FDFDFB] [r=13 c=72 rs=1 cs=1]
              RenderInline {FONT} at (0,0) size 3x11
                RenderText {#text} at (0,0) size 3x11
                  text run at (0,0) width 3: " "
            RenderTableCell {TD} at (694,156) size 10x12 [bgcolor=#4D4F4F] [r=13 c=73 rs=1 cs=1]
              RenderInline {FONT} at (0,0) size 3x11
                RenderText {#text} at (0,0) size 3x11
                  text run at (0,0) width 3: " "
            RenderTableCell {TD} at (704,156) size 10x12 [bgcolor=#5E5F60] [r=13 c=74 rs=1 cs=1]
              RenderInline {FONT} at (0,0) size 3x11
                RenderText {#text} at (0,0) size 3x11
                  text run at (0,0) width 3: " "
            RenderTableCell {TD} at (714,156) size 10x12 [bgcolor=#B4B4B4] [r=13 c=75 rs=1 cs=1]
              RenderInline {FONT} at (0,0) size 3x11
                RenderText {#text} at (0,0) size 3x11
                  text run at (0,0) width 3: " "
            RenderTableCell {TD} at (724,156) size 10x12 [bgcolor=#FDFDFB] [r=13 c=76 rs=1 cs=1]
              RenderInline {FONT} at (0,0) size 3x11
                RenderText {#text} at (0,0) size 3x11
                  text run at (0,0) width 3: " "
            RenderTableCell {TD} at (734,156) size 10x12 [bgcolor=#BEC2C2] [r=13 c=77 rs=1 cs=1]
              RenderInline {FONT} at (0,0) size 3x11
                RenderText {#text} at (0,0) size 3x11
                  text run at (0,0) width 3: " "
            RenderTableCell {TD} at (744,156) size 10x12 [bgcolor=#274C4D] [r=13 c=78 rs=1 cs=1]
              RenderInline {FONT} at (0,0) size 3x11
                RenderText {#text} at (0,0) size 3x11
                  text run at (0,0) width 3: " "
            RenderTableCell {TD} at (754,156) size 10x12 [bgcolor=#027777] [r=13 c=79 rs=1 cs=1]
              RenderInline {FONT} at (0,0) size 3x11
                RenderText {#text} at (0,0) size 3x11
                  text run at (0,0) width 3: " "
            RenderTableCell {TD} at (764,156) size 10x12 [bgcolor=#026766] [r=13 c=80 rs=1 cs=1]
              RenderInline {FONT} at (0,0) size 3x11
                RenderText {#text} at (0,0) size 3x11
                  text run at (0,0) width 3: " "
            RenderTableCell {TD} at (774,156) size 10x12 [bgcolor=#026766] [r=13 c=81 rs=1 cs=1]
              RenderInline {FONT} at (0,0) size 3x11
                RenderText {#text} at (0,0) size 3x11
                  text run at (0,0) width 3: " "
            RenderTableCell {TD} at (784,156) size 10x12 [bgcolor=#026766] [r=13 c=82 rs=1 cs=1]
              RenderInline {FONT} at (0,0) size 3x11
                RenderText {#text} at (0,0) size 3x11
                  text run at (0,0) width 3: " "
            RenderTableCell {TD} at (794,156) size 10x12 [bgcolor=#026766] [r=13 c=83 rs=1 cs=1]
              RenderInline {FONT} at (0,0) size 3x11
                RenderText {#text} at (0,0) size 3x11
                  text run at (0,0) width 3: " "
            RenderTableCell {TD} at (804,156) size 10x12 [bgcolor=#026766] [r=13 c=84 rs=1 cs=1]
              RenderInline {FONT} at (0,0) size 3x11
                RenderText {#text} at (0,0) size 3x11
                  text run at (0,0) width 3: " "
            RenderTableCell {TD} at (814,156) size 10x12 [bgcolor=#469191] [r=13 c=85 rs=1 cs=1]
              RenderInline {FONT} at (0,0) size 3x11
                RenderText {#text} at (0,0) size 3x11
                  text run at (0,0) width 3: " "
            RenderTableCell {TD} at (824,156) size 10x12 [bgcolor=#FDFDFB] [r=13 c=86 rs=1 cs=1]
              RenderInline {FONT} at (0,0) size 3x11
                RenderText {#text} at (0,0) size 3x11
                  text run at (0,0) width 3: " "
            RenderTableCell {TD} at (834,156) size 10x12 [bgcolor=#DEDFDF] [r=13 c=87 rs=1 cs=1]
              RenderInline {FONT} at (0,0) size 3x11
                RenderText {#text} at (0,0) size 3x11
                  text run at (0,0) width 3: " "
            RenderTableCell {TD} at (844,156) size 10x12 [bgcolor=#274C4D] [r=13 c=88 rs=1 cs=1]
              RenderInline {FONT} at (0,0) size 3x11
                RenderText {#text} at (0,0) size 3x11
                  text run at (0,0) width 3: " "
            RenderTableCell {TD} at (854,156) size 10x12 [bgcolor=#026766] [r=13 c=89 rs=1 cs=1]
              RenderInline {FONT} at (0,0) size 3x11
                RenderText {#text} at (0,0) size 3x11
                  text run at (0,0) width 3: " "
            RenderTableCell {TD} at (864,156) size 10x12 [bgcolor=#338686] [r=13 c=90 rs=1 cs=1]
              RenderInline {FONT} at (0,0) size 3x11
                RenderText {#text} at (0,0) size 3x11
                  text run at (0,0) width 3: " "
            RenderTableCell {TD} at (874,156) size 10x12 [bgcolor=#EDEEEF] [r=13 c=91 rs=1 cs=1]
              RenderInline {FONT} at (0,0) size 3x11
                RenderText {#text} at (0,0) size 3x11
                  text run at (0,0) width 3: " "
            RenderTableCell {TD} at (884,156) size 10x12 [bgcolor=#FDFDFB] [r=13 c=92 rs=1 cs=1]
              RenderInline {FONT} at (0,0) size 3x11
                RenderText {#text} at (0,0) size 3x11
                  text run at (0,0) width 3: " "
            RenderTableCell {TD} at (894,156) size 10x12 [bgcolor=#2D3433] [r=13 c=93 rs=1 cs=1]
              RenderInline {FONT} at (0,0) size 3x11
                RenderText {#text} at (0,0) size 3x11
                  text run at (0,0) width 3: " "
            RenderTableCell {TD} at (904,156) size 10x12 [bgcolor=#223C3D] [r=13 c=94 rs=1 cs=1]
              RenderInline {FONT} at (0,0) size 3x11
                RenderText {#text} at (0,0) size 3x11
                  text run at (0,0) width 3: " "
            RenderTableCell {TD} at (914,156) size 10x12 [bgcolor=#5E5F60] [r=13 c=95 rs=1 cs=1]
              RenderInline {FONT} at (0,0) size 3x11
                RenderText {#text} at (0,0) size 3x11
                  text run at (0,0) width 3: " "
            RenderTableCell {TD} at (924,156) size 10x12 [bgcolor=#777878] [r=13 c=96 rs=1 cs=1]
              RenderInline {FONT} at (0,0) size 3x11
                RenderText {#text} at (0,0) size 3x11
                  text run at (0,0) width 3: " "
            RenderTableCell {TD} at (934,156) size 10x12 [bgcolor=#848788] [r=13 c=97 rs=1 cs=1]
              RenderInline {FONT} at (0,0) size 3x11
                RenderText {#text} at (0,0) size 3x11
                  text run at (0,0) width 3: " "
            RenderTableCell {TD} at (944,156) size 10x12 [bgcolor=#777878] [r=13 c=98 rs=1 cs=1]
              RenderInline {FONT} at (0,0) size 3x11
                RenderText {#text} at (0,0) size 3x11
                  text run at (0,0) width 3: " "
            RenderTableCell {TD} at (954,156) size 10x12 [bgcolor=#4D4F4F] [r=13 c=99 rs=1 cs=1]
              RenderInline {FONT} at (0,0) size 3x11
                RenderText {#text} at (0,0) size 3x11
                  text run at (0,0) width 3: " "
          RenderTableRow {TR} at (0,168) size 964x12
            RenderTableCell {TD} at (0,168) size 9x12 [bgcolor=#CADEDD] [r=14 c=0 rs=1 cs=1]
              RenderInline {FONT} at (0,0) size 3x11
                RenderText {#text} at (0,0) size 3x11
                  text run at (0,0) width 3: " "
            RenderTableCell {TD} at (9,168) size 9x12 [bgcolor=#1B8685] [r=14 c=1 rs=1 cs=1]
              RenderInline {FONT} at (0,0) size 3x11
                RenderText {#text} at (0,0) size 3x11
                  text run at (0,0) width 3: " "
            RenderTableCell {TD} at (18,168) size 9x12 [bgcolor=#1B8685] [r=14 c=2 rs=1 cs=1]
              RenderInline {FONT} at (0,0) size 3x11
                RenderText {#text} at (0,0) size 3x11
                  text run at (0,0) width 3: " "
            RenderTableCell {TD} at (27,168) size 9x12 [bgcolor=#287A7A] [r=14 c=3 rs=1 cs=1]
              RenderInline {FONT} at (0,0) size 3x11
                RenderText {#text} at (0,0) size 3x11
                  text run at (0,0) width 3: " "
            RenderTableCell {TD} at (36,168) size 9x12 [bgcolor=#026766] [r=14 c=4 rs=1 cs=1]
              RenderInline {FONT} at (0,0) size 3x11
                RenderText {#text} at (0,0) size 3x11
                  text run at (0,0) width 3: " "
            RenderTableCell {TD} at (45,168) size 9x12 [bgcolor=#044140] [r=14 c=5 rs=1 cs=1]
              RenderInline {FONT} at (0,0) size 3x11
                RenderText {#text} at (0,0) size 3x11
                  text run at (0,0) width 3: " "
            RenderTableCell {TD} at (54,168) size 9x12 [bgcolor=#044140] [r=14 c=6 rs=1 cs=1]
              RenderInline {FONT} at (0,0) size 3x11
                RenderText {#text} at (0,0) size 3x11
                  text run at (0,0) width 3: " "
            RenderTableCell {TD} at (63,168) size 9x12 [bgcolor=#274C4D] [r=14 c=7 rs=1 cs=1]
              RenderInline {FONT} at (0,0) size 3x11
                RenderText {#text} at (0,0) size 3x11
                  text run at (0,0) width 3: " "
            RenderTableCell {TD} at (72,168) size 9x12 [bgcolor=#425A5A] [r=14 c=8 rs=1 cs=1]
              RenderInline {FONT} at (0,0) size 3x11
                RenderText {#text} at (0,0) size 3x11
                  text run at (0,0) width 3: " "
            RenderTableCell {TD} at (81,168) size 9x12 [bgcolor=#647979] [r=14 c=9 rs=1 cs=1]
              RenderInline {FONT} at (0,0) size 3x11
                RenderText {#text} at (0,0) size 3x11
                  text run at (0,0) width 3: " "
            RenderTableCell {TD} at (90,168) size 9x12 [bgcolor=#CECFCF] [r=14 c=10 rs=1 cs=1]
              RenderInline {FONT} at (0,0) size 3x11
                RenderText {#text} at (0,0) size 3x11
                  text run at (0,0) width 3: " "
            RenderTableCell {TD} at (99,168) size 9x12 [bgcolor=#FDFDFB] [r=14 c=11 rs=1 cs=1]
              RenderInline {FONT} at (0,0) size 3x11
                RenderText {#text} at (0,0) size 3x11
                  text run at (0,0) width 3: " "
            RenderTableCell {TD} at (108,168) size 9x12 [bgcolor=#CADEDD] [r=14 c=12 rs=1 cs=1]
              RenderInline {FONT} at (0,0) size 3x11
                RenderText {#text} at (0,0) size 3x11
                  text run at (0,0) width 3: " "
            RenderTableCell {TD} at (117,168) size 9x12 [bgcolor=#044140] [r=14 c=13 rs=1 cs=1]
              RenderInline {FONT} at (0,0) size 3x11
                RenderText {#text} at (0,0) size 3x11
                  text run at (0,0) width 3: " "
            RenderTableCell {TD} at (126,168) size 9x12 [bgcolor=#223C3D] [r=14 c=14 rs=1 cs=1]
              RenderInline {FONT} at (0,0) size 3x11
                RenderText {#text} at (0,0) size 3x11
                  text run at (0,0) width 3: " "
            RenderTableCell {TD} at (135,168) size 9x12 [bgcolor=#848788] [r=14 c=15 rs=1 cs=1]
              RenderInline {FONT} at (0,0) size 3x11
                RenderText {#text} at (0,0) size 3x11
                  text run at (0,0) width 3: " "
            RenderTableCell {TD} at (144,168) size 9x12 [bgcolor=#FDFDFB] [r=14 c=16 rs=1 cs=1]
              RenderInline {FONT} at (0,0) size 3x11
                RenderText {#text} at (0,0) size 3x11
                  text run at (0,0) width 3: " "
            RenderTableCell {TD} at (153,168) size 9x12 [bgcolor=#FDFDFB] [r=14 c=17 rs=1 cs=1]
              RenderInline {FONT} at (0,0) size 3x11
                RenderText {#text} at (0,0) size 3x11
                  text run at (0,0) width 3: " "
            RenderTableCell {TD} at (162,168) size 9x12 [bgcolor=#2D3433] [r=14 c=18 rs=1 cs=1]
              RenderInline {FONT} at (0,0) size 3x11
                RenderText {#text} at (0,0) size 3x11
                  text run at (0,0) width 3: " "
            RenderTableCell {TD} at (171,168) size 9x12 [bgcolor=#1E7A79] [r=14 c=19 rs=1 cs=1]
              RenderInline {FONT} at (0,0) size 3x11
                RenderText {#text} at (0,0) size 3x11
                  text run at (0,0) width 3: " "
            RenderTableCell {TD} at (180,168) size 9x12 [bgcolor=#1B8685] [r=14 c=20 rs=1 cs=1]
              RenderInline {FONT} at (0,0) size 3x11
                RenderText {#text} at (0,0) size 3x11
                  text run at (0,0) width 3: " "
            RenderTableCell {TD} at (189,168) size 9x12 [bgcolor=#EDEEEF] [r=14 c=21 rs=1 cs=1]
              RenderInline {FONT} at (0,0) size 3x11
                RenderText {#text} at (0,0) size 3x11
                  text run at (0,0) width 3: " "
            RenderTableCell {TD} at (198,168) size 9x12 [bgcolor=#FDFDFB] [r=14 c=22 rs=1 cs=1]
              RenderInline {FONT} at (0,0) size 3x11
                RenderText {#text} at (0,0) size 3x11
                  text run at (0,0) width 3: " "
            RenderTableCell {TD} at (207,168) size 9x12 [bgcolor=#777878] [r=14 c=23 rs=1 cs=1]
              RenderInline {FONT} at (0,0) size 3x11
                RenderText {#text} at (0,0) size 3x11
                  text run at (0,0) width 3: " "
            RenderTableCell {TD} at (216,168) size 9x12 [bgcolor=#223C3D] [r=14 c=24 rs=1 cs=1]
              RenderInline {FONT} at (0,0) size 3x11
                RenderText {#text} at (0,0) size 3x11
                  text run at (0,0) width 3: " "
            RenderTableCell {TD} at (225,168) size 9x12 [bgcolor=#072323] [r=14 c=25 rs=1 cs=1]
              RenderInline {FONT} at (0,0) size 3x11
                RenderText {#text} at (0,0) size 3x11
                  text run at (0,0) width 3: " "
            RenderTableCell {TD} at (234,168) size 9x12 [bgcolor=#083131] [r=14 c=26 rs=1 cs=1]
              RenderInline {FONT} at (0,0) size 3x11
                RenderText {#text} at (0,0) size 3x11
                  text run at (0,0) width 3: " "
            RenderTableCell {TD} at (243,168) size 9x12 [bgcolor=#083131] [r=14 c=27 rs=1 cs=1]
              RenderInline {FONT} at (0,0) size 3x11
                RenderText {#text} at (0,0) size 3x11
                  text run at (0,0) width 3: " "
            RenderTableCell {TD} at (252,168) size 9x12 [bgcolor=#044140] [r=14 c=28 rs=1 cs=1]
              RenderInline {FONT} at (0,0) size 3x11
                RenderText {#text} at (0,0) size 3x11
                  text run at (0,0) width 3: " "
            RenderTableCell {TD} at (261,168) size 9x12 [bgcolor=#A2B5B4] [r=14 c=29 rs=1 cs=1]
              RenderInline {FONT} at (0,0) size 3x11
                RenderText {#text} at (0,0) size 3x11
                  text run at (0,0) width 3: " "
            RenderTableCell {TD} at (270,168) size 9x12 [bgcolor=#FDFDFB] [r=14 c=30 rs=1 cs=1]
              RenderInline {FONT} at (0,0) size 3x11
                RenderText {#text} at (0,0) size 3x11
                  text run at (0,0) width 3: " "
            RenderTableCell {TD} at (279,168) size 9x12 [bgcolor=#B4B4B4] [r=14 c=31 rs=1 cs=1]
              RenderInline {FONT} at (0,0) size 3x11
                RenderText {#text} at (0,0) size 3x11
                  text run at (0,0) width 3: " "
            RenderTableCell {TD} at (288,168) size 9x12 [bgcolor=#072323] [r=14 c=32 rs=1 cs=1]
              RenderInline {FONT} at (0,0) size 3x11
                RenderText {#text} at (0,0) size 3x11
                  text run at (0,0) width 3: " "
            RenderTableCell {TD} at (297,168) size 9x12 [bgcolor=#4D4F4F] [r=14 c=33 rs=1 cs=1]
              RenderInline {FONT} at (0,0) size 3x11
                RenderText {#text} at (0,0) size 3x11
                  text run at (0,0) width 3: " "
            RenderTableCell {TD} at (306,168) size 9x12 [bgcolor=#777878] [r=14 c=34 rs=1 cs=1]
              RenderInline {FONT} at (0,0) size 3x11
                RenderText {#text} at (0,0) size 3x11
                  text run at (0,0) width 3: " "
            RenderTableCell {TD} at (315,168) size 9x12 [bgcolor=#939494] [r=14 c=35 rs=1 cs=1]
              RenderInline {FONT} at (0,0) size 3x11
                RenderText {#text} at (0,0) size 3x11
                  text run at (0,0) width 3: " "
            RenderTableCell {TD} at (324,168) size 10x12 [bgcolor=#1B8685] [r=14 c=36 rs=1 cs=1]
              RenderInline {FONT} at (0,0) size 3x11
                RenderText {#text} at (0,0) size 3x11
                  text run at (0,0) width 3: " "
            RenderTableCell {TD} at (334,168) size 10x12 [bgcolor=#025E5E] [r=14 c=37 rs=1 cs=1]
              RenderInline {FONT} at (0,0) size 3x11
                RenderText {#text} at (0,0) size 3x11
                  text run at (0,0) width 3: " "
            RenderTableCell {TD} at (344,168) size 10x12 [bgcolor=#044140] [r=14 c=38 rs=1 cs=1]
              RenderInline {FONT} at (0,0) size 3x11
                RenderText {#text} at (0,0) size 3x11
                  text run at (0,0) width 3: " "
            RenderTableCell {TD} at (354,168) size 10x12 [bgcolor=#044140] [r=14 c=39 rs=1 cs=1]
              RenderInline {FONT} at (0,0) size 3x11
                RenderText {#text} at (0,0) size 3x11
                  text run at (0,0) width 3: " "
            RenderTableCell {TD} at (364,168) size 10x12 [bgcolor=#274C4D] [r=14 c=40 rs=1 cs=1]
              RenderInline {FONT} at (0,0) size 3x11
                RenderText {#text} at (0,0) size 3x11
                  text run at (0,0) width 3: " "
            RenderTableCell {TD} at (374,168) size 10x12 [bgcolor=#527274] [r=14 c=41 rs=1 cs=1]
              RenderInline {FONT} at (0,0) size 3x11
                RenderText {#text} at (0,0) size 3x11
                  text run at (0,0) width 3: " "
            RenderTableCell {TD} at (384,168) size 10x12 [bgcolor=#91A3A3] [r=14 c=42 rs=1 cs=1]
              RenderInline {FONT} at (0,0) size 3x11
                RenderText {#text} at (0,0) size 3x11
                  text run at (0,0) width 3: " "
            RenderTableCell {TD} at (394,168) size 10x12 [bgcolor=#EDEEEF] [r=14 c=43 rs=1 cs=1]
              RenderInline {FONT} at (0,0) size 3x11
                RenderText {#text} at (0,0) size 3x11
                  text run at (0,0) width 3: " "
            RenderTableCell {TD} at (404,168) size 10x12 [bgcolor=#FDFDFB] [r=14 c=44 rs=1 cs=1]
              RenderInline {FONT} at (0,0) size 3x11
                RenderText {#text} at (0,0) size 3x11
                  text run at (0,0) width 3: " "
            RenderTableCell {TD} at (414,168) size 10x12 [bgcolor=#5A8787] [r=14 c=45 rs=1 cs=1]
              RenderInline {FONT} at (0,0) size 3x11
                RenderText {#text} at (0,0) size 3x11
                  text run at (0,0) width 3: " "
            RenderTableCell {TD} at (424,168) size 10x12 [bgcolor=#026766] [r=14 c=46 rs=1 cs=1]
              RenderInline {FONT} at (0,0) size 3x11
                RenderText {#text} at (0,0) size 3x11
                  text run at (0,0) width 3: " "
            RenderTableCell {TD} at (434,168) size 10x12 [bgcolor=#1A6B6A] [r=14 c=47 rs=1 cs=1]
              RenderInline {FONT} at (0,0) size 3x11
                RenderText {#text} at (0,0) size 3x11
                  text run at (0,0) width 3: " "
            RenderTableCell {TD} at (444,168) size 10x12 [bgcolor=#B6D0D1] [r=14 c=48 rs=1 cs=1]
              RenderInline {FONT} at (0,0) size 3x11
                RenderText {#text} at (0,0) size 3x11
                  text run at (0,0) width 3: " "
            RenderTableCell {TD} at (454,168) size 10x12 [bgcolor=#FDFDFB] [r=14 c=49 rs=1 cs=1]
              RenderInline {FONT} at (0,0) size 3x11
                RenderText {#text} at (0,0) size 3x11
                  text run at (0,0) width 3: " "
            RenderTableCell {TD} at (464,168) size 10x12 [bgcolor=#848788] [r=14 c=50 rs=1 cs=1]
              RenderInline {FONT} at (0,0) size 3x11
                RenderText {#text} at (0,0) size 3x11
                  text run at (0,0) width 3: " "
            RenderTableCell {TD} at (474,168) size 10x12 [bgcolor=#072323] [r=14 c=51 rs=1 cs=1]
              RenderInline {FONT} at (0,0) size 3x11
                RenderText {#text} at (0,0) size 3x11
                  text run at (0,0) width 3: " "
            RenderTableCell {TD} at (484,168) size 10x12 [bgcolor=#3D4242] [r=14 c=52 rs=1 cs=1]
              RenderInline {FONT} at (0,0) size 3x11
                RenderText {#text} at (0,0) size 3x11
                  text run at (0,0) width 3: " "
            RenderTableCell {TD} at (494,168) size 10x12 [bgcolor=#696A69] [r=14 c=53 rs=1 cs=1]
              RenderInline {FONT} at (0,0) size 3x11
                RenderText {#text} at (0,0) size 3x11
                  text run at (0,0) width 3: " "
            RenderTableCell {TD} at (504,168) size 10x12 [bgcolor=#848788] [r=14 c=54 rs=1 cs=1]
              RenderInline {FONT} at (0,0) size 3x11
                RenderText {#text} at (0,0) size 3x11
                  text run at (0,0) width 3: " "
            RenderTableCell {TD} at (514,168) size 10x12 [bgcolor=#939494] [r=14 c=55 rs=1 cs=1]
              RenderInline {FONT} at (0,0) size 3x11
                RenderText {#text} at (0,0) size 3x11
                  text run at (0,0) width 3: " "
            RenderTableCell {TD} at (524,168) size 10x12 [bgcolor=#B4B4B4] [r=14 c=56 rs=1 cs=1]
              RenderInline {FONT} at (0,0) size 3x11
                RenderText {#text} at (0,0) size 3x11
                  text run at (0,0) width 3: " "
            RenderTableCell {TD} at (534,168) size 10x12 [bgcolor=#FDFDFB] [r=14 c=57 rs=1 cs=1]
              RenderInline {FONT} at (0,0) size 3x11
                RenderText {#text} at (0,0) size 3x11
                  text run at (0,0) width 3: " "
            RenderTableCell {TD} at (544,168) size 10x12 [bgcolor=#FDFDFB] [r=14 c=58 rs=1 cs=1]
              RenderInline {FONT} at (0,0) size 3x11
                RenderText {#text} at (0,0) size 3x11
                  text run at (0,0) width 3: " "
            RenderTableCell {TD} at (554,168) size 10x12 [bgcolor=#2D3433] [r=14 c=59 rs=1 cs=1]
              RenderInline {FONT} at (0,0) size 3x11
                RenderText {#text} at (0,0) size 3x11
                  text run at (0,0) width 3: " "
            RenderTableCell {TD} at (564,168) size 10x12 [bgcolor=#1E7A79] [r=14 c=60 rs=1 cs=1]
              RenderInline {FONT} at (0,0) size 3x11
                RenderText {#text} at (0,0) size 3x11
                  text run at (0,0) width 3: " "
            RenderTableCell {TD} at (574,168) size 10x12 [bgcolor=#60A2A3] [r=14 c=61 rs=1 cs=1]
              RenderInline {FONT} at (0,0) size 3x11
                RenderText {#text} at (0,0) size 3x11
                  text run at (0,0) width 3: " "
            RenderTableCell {TD} at (584,168) size 10x12 [bgcolor=#FDFDFB] [r=14 c=62 rs=1 cs=1]
              RenderInline {FONT} at (0,0) size 3x11
                RenderText {#text} at (0,0) size 3x11
                  text run at (0,0) width 3: " "
            RenderTableCell {TD} at (594,168) size 10x12 [bgcolor=#E0EAE9] [r=14 c=63 rs=1 cs=1]
              RenderInline {FONT} at (0,0) size 3x11
                RenderText {#text} at (0,0) size 3x11
                  text run at (0,0) width 3: " "
            RenderTableCell {TD} at (604,168) size 10x12 [bgcolor=#044140] [r=14 c=64 rs=1 cs=1]
              RenderInline {FONT} at (0,0) size 3x11
                RenderText {#text} at (0,0) size 3x11
                  text run at (0,0) width 3: " "
            RenderTableCell {TD} at (614,168) size 10x12 [bgcolor=#026766] [r=14 c=65 rs=1 cs=1]
              RenderInline {FONT} at (0,0) size 3x11
                RenderText {#text} at (0,0) size 3x11
                  text run at (0,0) width 3: " "
            RenderTableCell {TD} at (624,168) size 10x12 [bgcolor=#026766] [r=14 c=66 rs=1 cs=1]
              RenderInline {FONT} at (0,0) size 3x11
                RenderText {#text} at (0,0) size 3x11
                  text run at (0,0) width 3: " "
            RenderTableCell {TD} at (634,168) size 10x12 [bgcolor=#026766] [r=14 c=67 rs=1 cs=1]
              RenderInline {FONT} at (0,0) size 3x11
                RenderText {#text} at (0,0) size 3x11
                  text run at (0,0) width 3: " "
            RenderTableCell {TD} at (644,168) size 10x12 [bgcolor=#026766] [r=14 c=68 rs=1 cs=1]
              RenderInline {FONT} at (0,0) size 3x11
                RenderText {#text} at (0,0) size 3x11
                  text run at (0,0) width 3: " "
            RenderTableCell {TD} at (654,168) size 10x12 [bgcolor=#026766] [r=14 c=69 rs=1 cs=1]
              RenderInline {FONT} at (0,0) size 3x11
                RenderText {#text} at (0,0) size 3x11
                  text run at (0,0) width 3: " "
            RenderTableCell {TD} at (664,168) size 10x12 [bgcolor=#287A7A] [r=14 c=70 rs=1 cs=1]
              RenderInline {FONT} at (0,0) size 3x11
                RenderText {#text} at (0,0) size 3x11
                  text run at (0,0) width 3: " "
            RenderTableCell {TD} at (674,168) size 10x12 [bgcolor=#E0EAE9] [r=14 c=71 rs=1 cs=1]
              RenderInline {FONT} at (0,0) size 3x11
                RenderText {#text} at (0,0) size 3x11
                  text run at (0,0) width 3: " "
            RenderTableCell {TD} at (684,168) size 10x12 [bgcolor=#FDFDFB] [r=14 c=72 rs=1 cs=1]
              RenderInline {FONT} at (0,0) size 3x11
                RenderText {#text} at (0,0) size 3x11
                  text run at (0,0) width 3: " "
            RenderTableCell {TD} at (694,168) size 10x12 [bgcolor=#4D4F4F] [r=14 c=73 rs=1 cs=1]
              RenderInline {FONT} at (0,0) size 3x11
                RenderText {#text} at (0,0) size 3x11
                  text run at (0,0) width 3: " "
            RenderTableCell {TD} at (704,168) size 10x12 [bgcolor=#5E5F60] [r=14 c=74 rs=1 cs=1]
              RenderInline {FONT} at (0,0) size 3x11
                RenderText {#text} at (0,0) size 3x11
                  text run at (0,0) width 3: " "
            RenderTableCell {TD} at (714,168) size 10x12 [bgcolor=#A5A6A6] [r=14 c=75 rs=1 cs=1]
              RenderInline {FONT} at (0,0) size 3x11
                RenderText {#text} at (0,0) size 3x11
                  text run at (0,0) width 3: " "
            RenderTableCell {TD} at (724,168) size 10x12 [bgcolor=#FDFDFB] [r=14 c=76 rs=1 cs=1]
              RenderInline {FONT} at (0,0) size 3x11
                RenderText {#text} at (0,0) size 3x11
                  text run at (0,0) width 3: " "
            RenderTableCell {TD} at (734,168) size 10x12 [bgcolor=#DEDFDF] [r=14 c=77 rs=1 cs=1]
              RenderInline {FONT} at (0,0) size 3x11
                RenderText {#text} at (0,0) size 3x11
                  text run at (0,0) width 3: " "
            RenderTableCell {TD} at (744,168) size 10x12 [bgcolor=#396B6A] [r=14 c=78 rs=1 cs=1]
              RenderInline {FONT} at (0,0) size 3x11
                RenderText {#text} at (0,0) size 3x11
                  text run at (0,0) width 3: " "
            RenderTableCell {TD} at (754,168) size 10x12 [bgcolor=#027777] [r=14 c=79 rs=1 cs=1]
              RenderInline {FONT} at (0,0) size 3x11
                RenderText {#text} at (0,0) size 3x11
                  text run at (0,0) width 3: " "
            RenderTableCell {TD} at (764,168) size 10x12 [bgcolor=#026766] [r=14 c=80 rs=1 cs=1]
              RenderInline {FONT} at (0,0) size 3x11
                RenderText {#text} at (0,0) size 3x11
                  text run at (0,0) width 3: " "
            RenderTableCell {TD} at (774,168) size 10x12 [bgcolor=#026766] [r=14 c=81 rs=1 cs=1]
              RenderInline {FONT} at (0,0) size 3x11
                RenderText {#text} at (0,0) size 3x11
                  text run at (0,0) width 3: " "
            RenderTableCell {TD} at (784,168) size 10x12 [bgcolor=#026766] [r=14 c=82 rs=1 cs=1]
              RenderInline {FONT} at (0,0) size 3x11
                RenderText {#text} at (0,0) size 3x11
                  text run at (0,0) width 3: " "
            RenderTableCell {TD} at (794,168) size 10x12 [bgcolor=#026766] [r=14 c=83 rs=1 cs=1]
              RenderInline {FONT} at (0,0) size 3x11
                RenderText {#text} at (0,0) size 3x11
                  text run at (0,0) width 3: " "
            RenderTableCell {TD} at (804,168) size 10x12 [bgcolor=#026766] [r=14 c=84 rs=1 cs=1]
              RenderInline {FONT} at (0,0) size 3x11
                RenderText {#text} at (0,0) size 3x11
                  text run at (0,0) width 3: " "
            RenderTableCell {TD} at (814,168) size 10x12 [bgcolor=#7CAEAF] [r=14 c=85 rs=1 cs=1]
              RenderInline {FONT} at (0,0) size 3x11
                RenderText {#text} at (0,0) size 3x11
                  text run at (0,0) width 3: " "
            RenderTableCell {TD} at (824,168) size 10x12 [bgcolor=#FDFDFB] [r=14 c=86 rs=1 cs=1]
              RenderInline {FONT} at (0,0) size 3x11
                RenderText {#text} at (0,0) size 3x11
                  text run at (0,0) width 3: " "
            RenderTableCell {TD} at (834,168) size 10x12 [bgcolor=#BEC2C2] [r=14 c=87 rs=1 cs=1]
              RenderInline {FONT} at (0,0) size 3x11
                RenderText {#text} at (0,0) size 3x11
                  text run at (0,0) width 3: " "
            RenderTableCell {TD} at (844,168) size 10x12 [bgcolor=#223C3D] [r=14 c=88 rs=1 cs=1]
              RenderInline {FONT} at (0,0) size 3x11
                RenderText {#text} at (0,0) size 3x11
                  text run at (0,0) width 3: " "
            RenderTableCell {TD} at (854,168) size 10x12 [bgcolor=#026766] [r=14 c=89 rs=1 cs=1]
              RenderInline {FONT} at (0,0) size 3x11
                RenderText {#text} at (0,0) size 3x11
                  text run at (0,0) width 3: " "
            RenderTableCell {TD} at (864,168) size 10x12 [bgcolor=#338686] [r=14 c=90 rs=1 cs=1]
              RenderInline {FONT} at (0,0) size 3x11
                RenderText {#text} at (0,0) size 3x11
                  text run at (0,0) width 3: " "
            RenderTableCell {TD} at (874,168) size 10x12 [bgcolor=#EDEEEF] [r=14 c=91 rs=1 cs=1]
              RenderInline {FONT} at (0,0) size 3x11
                RenderText {#text} at (0,0) size 3x11
                  text run at (0,0) width 3: " "
            RenderTableCell {TD} at (884,168) size 10x12 [bgcolor=#FDFDFB] [r=14 c=92 rs=1 cs=1]
              RenderInline {FONT} at (0,0) size 3x11
                RenderText {#text} at (0,0) size 3x11
                  text run at (0,0) width 3: " "
            RenderTableCell {TD} at (894,168) size 10x12 [bgcolor=#2D3433] [r=14 c=93 rs=1 cs=1]
              RenderInline {FONT} at (0,0) size 3x11
                RenderText {#text} at (0,0) size 3x11
                  text run at (0,0) width 3: " "
            RenderTableCell {TD} at (904,168) size 10x12 [bgcolor=#223C3D] [r=14 c=94 rs=1 cs=1]
              RenderInline {FONT} at (0,0) size 3x11
                RenderText {#text} at (0,0) size 3x11
                  text run at (0,0) width 3: " "
            RenderTableCell {TD} at (914,168) size 10x12 [bgcolor=#5E5F60] [r=14 c=95 rs=1 cs=1]
              RenderInline {FONT} at (0,0) size 3x11
                RenderText {#text} at (0,0) size 3x11
                  text run at (0,0) width 3: " "
            RenderTableCell {TD} at (924,168) size 10x12 [bgcolor=#777878] [r=14 c=96 rs=1 cs=1]
              RenderInline {FONT} at (0,0) size 3x11
                RenderText {#text} at (0,0) size 3x11
                  text run at (0,0) width 3: " "
            RenderTableCell {TD} at (934,168) size 10x12 [bgcolor=#848788] [r=14 c=97 rs=1 cs=1]
              RenderInline {FONT} at (0,0) size 3x11
                RenderText {#text} at (0,0) size 3x11
                  text run at (0,0) width 3: " "
            RenderTableCell {TD} at (944,168) size 10x12 [bgcolor=#777878] [r=14 c=98 rs=1 cs=1]
              RenderInline {FONT} at (0,0) size 3x11
                RenderText {#text} at (0,0) size 3x11
                  text run at (0,0) width 3: " "
            RenderTableCell {TD} at (954,168) size 10x12 [bgcolor=#4D4F4F] [r=14 c=99 rs=1 cs=1]
              RenderInline {FONT} at (0,0) size 3x11
                RenderText {#text} at (0,0) size 3x11
                  text run at (0,0) width 3: " "
          RenderTableRow {TR} at (0,180) size 964x12
            RenderTableCell {TD} at (0,180) size 9x12 [bgcolor=#E0EAE9] [r=15 c=0 rs=1 cs=1]
              RenderInline {FONT} at (0,0) size 3x11
                RenderText {#text} at (0,0) size 3x11
                  text run at (0,0) width 3: " "
            RenderTableCell {TD} at (9,180) size 9x12 [bgcolor=#469191] [r=15 c=1 rs=1 cs=1]
              RenderInline {FONT} at (0,0) size 3x11
                RenderText {#text} at (0,0) size 3x11
                  text run at (0,0) width 3: " "
            RenderTableCell {TD} at (18,180) size 9x12 [bgcolor=#A4CCCC] [r=15 c=2 rs=1 cs=1]
              RenderInline {FONT} at (0,0) size 3x11
                RenderText {#text} at (0,0) size 3x11
                  text run at (0,0) width 3: " "
            RenderTableCell {TD} at (27,180) size 9x12 [bgcolor=#E0EAE9] [r=15 c=3 rs=1 cs=1]
              RenderInline {FONT} at (0,0) size 3x11
                RenderText {#text} at (0,0) size 3x11
                  text run at (0,0) width 3: " "
            RenderTableCell {TD} at (36,180) size 9x12 [bgcolor=#7CAEAF] [r=15 c=4 rs=1 cs=1]
              RenderInline {FONT} at (0,0) size 3x11
                RenderText {#text} at (0,0) size 3x11
                  text run at (0,0) width 3: " "
            RenderTableCell {TD} at (45,180) size 9x12 [bgcolor=#026766] [r=15 c=5 rs=1 cs=1]
              RenderInline {FONT} at (0,0) size 3x11
                RenderText {#text} at (0,0) size 3x11
                  text run at (0,0) width 3: " "
            RenderTableCell {TD} at (54,180) size 9x12 [bgcolor=#026766] [r=15 c=6 rs=1 cs=1]
              RenderInline {FONT} at (0,0) size 3x11
                RenderText {#text} at (0,0) size 3x11
                  text run at (0,0) width 3: " "
            RenderTableCell {TD} at (63,180) size 9x12 [bgcolor=#025E5E] [r=15 c=7 rs=1 cs=1]
              RenderInline {FONT} at (0,0) size 3x11
                RenderText {#text} at (0,0) size 3x11
                  text run at (0,0) width 3: " "
            RenderTableCell {TD} at (72,180) size 9x12 [bgcolor=#025E5E] [r=15 c=8 rs=1 cs=1]
              RenderInline {FONT} at (0,0) size 3x11
                RenderText {#text} at (0,0) size 3x11
                  text run at (0,0) width 3: " "
            RenderTableCell {TD} at (81,180) size 9x12 [bgcolor=#025E5E] [r=15 c=9 rs=1 cs=1]
              RenderInline {FONT} at (0,0) size 3x11
                RenderText {#text} at (0,0) size 3x11
                  text run at (0,0) width 3: " "
            RenderTableCell {TD} at (90,180) size 9x12 [bgcolor=#72A3A1] [r=15 c=10 rs=1 cs=1]
              RenderInline {FONT} at (0,0) size 3x11
                RenderText {#text} at (0,0) size 3x11
                  text run at (0,0) width 3: " "
            RenderTableCell {TD} at (99,180) size 9x12 [bgcolor=#FDFDFB] [r=15 c=11 rs=1 cs=1]
              RenderInline {FONT} at (0,0) size 3x11
                RenderText {#text} at (0,0) size 3x11
                  text run at (0,0) width 3: " "
            RenderTableCell {TD} at (108,180) size 9x12 [bgcolor=#EDEEEF] [r=15 c=12 rs=1 cs=1]
              RenderInline {FONT} at (0,0) size 3x11
                RenderText {#text} at (0,0) size 3x11
                  text run at (0,0) width 3: " "
            RenderTableCell {TD} at (117,180) size 9x12 [bgcolor=#072323] [r=15 c=13 rs=1 cs=1]
              RenderInline {FONT} at (0,0) size 3x11
                RenderText {#text} at (0,0) size 3x11
                  text run at (0,0) width 3: " "
            RenderTableCell {TD} at (126,180) size 9x12 [bgcolor=#223C3D] [r=15 c=14 rs=1 cs=1]
              RenderInline {FONT} at (0,0) size 3x11
                RenderText {#text} at (0,0) size 3x11
                  text run at (0,0) width 3: " "
            RenderTableCell {TD} at (135,180) size 9x12 [bgcolor=#848788] [r=15 c=15 rs=1 cs=1]
              RenderInline {FONT} at (0,0) size 3x11
                RenderText {#text} at (0,0) size 3x11
                  text run at (0,0) width 3: " "
            RenderTableCell {TD} at (144,180) size 9x12 [bgcolor=#FDFDFB] [r=15 c=16 rs=1 cs=1]
              RenderInline {FONT} at (0,0) size 3x11
                RenderText {#text} at (0,0) size 3x11
                  text run at (0,0) width 3: " "
            RenderTableCell {TD} at (153,180) size 9x12 [bgcolor=#FDFDFB] [r=15 c=17 rs=1 cs=1]
              RenderInline {FONT} at (0,0) size 3x11
                RenderText {#text} at (0,0) size 3x11
                  text run at (0,0) width 3: " "
            RenderTableCell {TD} at (162,180) size 9x12 [bgcolor=#2D3433] [r=15 c=18 rs=1 cs=1]
              RenderInline {FONT} at (0,0) size 3x11
                RenderText {#text} at (0,0) size 3x11
                  text run at (0,0) width 3: " "
            RenderTableCell {TD} at (171,180) size 9x12 [bgcolor=#1E7A79] [r=15 c=19 rs=1 cs=1]
              RenderInline {FONT} at (0,0) size 3x11
                RenderText {#text} at (0,0) size 3x11
                  text run at (0,0) width 3: " "
            RenderTableCell {TD} at (180,180) size 9x12 [bgcolor=#44A3A2] [r=15 c=20 rs=1 cs=1]
              RenderInline {FONT} at (0,0) size 3x11
                RenderText {#text} at (0,0) size 3x11
                  text run at (0,0) width 3: " "
            RenderTableCell {TD} at (189,180) size 9x12 [bgcolor=#FDFDFB] [r=15 c=21 rs=1 cs=1]
              RenderInline {FONT} at (0,0) size 3x11
                RenderText {#text} at (0,0) size 3x11
                  text run at (0,0) width 3: " "
            RenderTableCell {TD} at (198,180) size 9x12 [bgcolor=#FDFDFB] [r=15 c=22 rs=1 cs=1]
              RenderInline {FONT} at (0,0) size 3x11
                RenderText {#text} at (0,0) size 3x11
                  text run at (0,0) width 3: " "
            RenderTableCell {TD} at (207,180) size 9x12 [bgcolor=#223C3D] [r=15 c=23 rs=1 cs=1]
              RenderInline {FONT} at (0,0) size 3x11
                RenderText {#text} at (0,0) size 3x11
                  text run at (0,0) width 3: " "
            RenderTableCell {TD} at (216,180) size 9x12 [bgcolor=#025E5E] [r=15 c=24 rs=1 cs=1]
              RenderInline {FONT} at (0,0) size 3x11
                RenderText {#text} at (0,0) size 3x11
                  text run at (0,0) width 3: " "
            RenderTableCell {TD} at (225,180) size 9x12 [bgcolor=#025E5E] [r=15 c=25 rs=1 cs=1]
              RenderInline {FONT} at (0,0) size 3x11
                RenderText {#text} at (0,0) size 3x11
                  text run at (0,0) width 3: " "
            RenderTableCell {TD} at (234,180) size 9x12 [bgcolor=#026766] [r=15 c=26 rs=1 cs=1]
              RenderInline {FONT} at (0,0) size 3x11
                RenderText {#text} at (0,0) size 3x11
                  text run at (0,0) width 3: " "
            RenderTableCell {TD} at (243,180) size 9x12 [bgcolor=#026766] [r=15 c=27 rs=1 cs=1]
              RenderInline {FONT} at (0,0) size 3x11
                RenderText {#text} at (0,0) size 3x11
                  text run at (0,0) width 3: " "
            RenderTableCell {TD} at (252,180) size 9x12 [bgcolor=#338686] [r=15 c=28 rs=1 cs=1]
              RenderInline {FONT} at (0,0) size 3x11
                RenderText {#text} at (0,0) size 3x11
                  text run at (0,0) width 3: " "
            RenderTableCell {TD} at (261,180) size 9x12 [bgcolor=#E0EAE9] [r=15 c=29 rs=1 cs=1]
              RenderInline {FONT} at (0,0) size 3x11
                RenderText {#text} at (0,0) size 3x11
                  text run at (0,0) width 3: " "
            RenderTableCell {TD} at (270,180) size 9x12 [bgcolor=#FDFDFB] [r=15 c=30 rs=1 cs=1]
              RenderInline {FONT} at (0,0) size 3x11
                RenderText {#text} at (0,0) size 3x11
                  text run at (0,0) width 3: " "
            RenderTableCell {TD} at (279,180) size 9x12 [bgcolor=#B4B4B4] [r=15 c=31 rs=1 cs=1]
              RenderInline {FONT} at (0,0) size 3x11
                RenderText {#text} at (0,0) size 3x11
                  text run at (0,0) width 3: " "
            RenderTableCell {TD} at (288,180) size 9x12 [bgcolor=#1C2524] [r=15 c=32 rs=1 cs=1]
              RenderInline {FONT} at (0,0) size 3x11
                RenderText {#text} at (0,0) size 3x11
                  text run at (0,0) width 3: " "
            RenderTableCell {TD} at (297,180) size 9x12 [bgcolor=#4D4F4F] [r=15 c=33 rs=1 cs=1]
              RenderInline {FONT} at (0,0) size 3x11
                RenderText {#text} at (0,0) size 3x11
                  text run at (0,0) width 3: " "
            RenderTableCell {TD} at (306,180) size 9x12 [bgcolor=#939494] [r=15 c=34 rs=1 cs=1]
              RenderInline {FONT} at (0,0) size 3x11
                RenderText {#text} at (0,0) size 3x11
                  text run at (0,0) width 3: " "
            RenderTableCell {TD} at (315,180) size 9x12 [bgcolor=#EDEEEF] [r=15 c=35 rs=1 cs=1]
              RenderInline {FONT} at (0,0) size 3x11
                RenderText {#text} at (0,0) size 3x11
                  text run at (0,0) width 3: " "
            RenderTableCell {TD} at (324,180) size 10x12 [bgcolor=#CADEDD] [r=15 c=36 rs=1 cs=1]
              RenderInline {FONT} at (0,0) size 3x11
                RenderText {#text} at (0,0) size 3x11
                  text run at (0,0) width 3: " "
            RenderTableCell {TD} at (334,180) size 10x12 [bgcolor=#338686] [r=15 c=37 rs=1 cs=1]
              RenderInline {FONT} at (0,0) size 3x11
                RenderText {#text} at (0,0) size 3x11
                  text run at (0,0) width 3: " "
            RenderTableCell {TD} at (344,180) size 10x12 [bgcolor=#026766] [r=15 c=38 rs=1 cs=1]
              RenderInline {FONT} at (0,0) size 3x11
                RenderText {#text} at (0,0) size 3x11
                  text run at (0,0) width 3: " "
            RenderTableCell {TD} at (354,180) size 10x12 [bgcolor=#026766] [r=15 c=39 rs=1 cs=1]
              RenderInline {FONT} at (0,0) size 3x11
                RenderText {#text} at (0,0) size 3x11
                  text run at (0,0) width 3: " "
            RenderTableCell {TD} at (364,180) size 10x12 [bgcolor=#025E5E] [r=15 c=40 rs=1 cs=1]
              RenderInline {FONT} at (0,0) size 3x11
                RenderText {#text} at (0,0) size 3x11
                  text run at (0,0) width 3: " "
            RenderTableCell {TD} at (374,180) size 10x12 [bgcolor=#025E5E] [r=15 c=41 rs=1 cs=1]
              RenderInline {FONT} at (0,0) size 3x11
                RenderText {#text} at (0,0) size 3x11
                  text run at (0,0) width 3: " "
            RenderTableCell {TD} at (384,180) size 10x12 [bgcolor=#1A6B6A] [r=15 c=42 rs=1 cs=1]
              RenderInline {FONT} at (0,0) size 3x11
                RenderText {#text} at (0,0) size 3x11
                  text run at (0,0) width 3: " "
            RenderTableCell {TD} at (394,180) size 10x12 [bgcolor=#CADEDD] [r=15 c=43 rs=1 cs=1]
              RenderInline {FONT} at (0,0) size 3x11
                RenderText {#text} at (0,0) size 3x11
                  text run at (0,0) width 3: " "
            RenderTableCell {TD} at (404,180) size 10x12 [bgcolor=#FDFDFB] [r=15 c=44 rs=1 cs=1]
              RenderInline {FONT} at (0,0) size 3x11
                RenderText {#text} at (0,0) size 3x11
                  text run at (0,0) width 3: " "
            RenderTableCell {TD} at (414,180) size 10x12 [bgcolor=#777878] [r=15 c=45 rs=1 cs=1]
              RenderInline {FONT} at (0,0) size 3x11
                RenderText {#text} at (0,0) size 3x11
                  text run at (0,0) width 3: " "
            RenderTableCell {TD} at (424,180) size 10x12 [bgcolor=#044F4F] [r=15 c=46 rs=1 cs=1]
              RenderInline {FONT} at (0,0) size 3x11
                RenderText {#text} at (0,0) size 3x11
                  text run at (0,0) width 3: " "
            RenderTableCell {TD} at (434,180) size 10x12 [bgcolor=#1A6B6A] [r=15 c=47 rs=1 cs=1]
              RenderInline {FONT} at (0,0) size 3x11
                RenderText {#text} at (0,0) size 3x11
                  text run at (0,0) width 3: " "
            RenderTableCell {TD} at (444,180) size 10x12 [bgcolor=#B6D0D1] [r=15 c=48 rs=1 cs=1]
              RenderInline {FONT} at (0,0) size 3x11
                RenderText {#text} at (0,0) size 3x11
                  text run at (0,0) width 3: " "
            RenderTableCell {TD} at (454,180) size 10x12 [bgcolor=#FDFDFB] [r=15 c=49 rs=1 cs=1]
              RenderInline {FONT} at (0,0) size 3x11
                RenderText {#text} at (0,0) size 3x11
                  text run at (0,0) width 3: " "
            RenderTableCell {TD} at (464,180) size 10x12 [bgcolor=#848788] [r=15 c=50 rs=1 cs=1]
              RenderInline {FONT} at (0,0) size 3x11
                RenderText {#text} at (0,0) size 3x11
                  text run at (0,0) width 3: " "
            RenderTableCell {TD} at (474,180) size 10x12 [bgcolor=#072323] [r=15 c=51 rs=1 cs=1]
              RenderInline {FONT} at (0,0) size 3x11
                RenderText {#text} at (0,0) size 3x11
                  text run at (0,0) width 3: " "
            RenderTableCell {TD} at (484,180) size 10x12 [bgcolor=#3D4242] [r=15 c=52 rs=1 cs=1]
              RenderInline {FONT} at (0,0) size 3x11
                RenderText {#text} at (0,0) size 3x11
                  text run at (0,0) width 3: " "
            RenderTableCell {TD} at (494,180) size 10x12 [bgcolor=#696A69] [r=15 c=53 rs=1 cs=1]
              RenderInline {FONT} at (0,0) size 3x11
                RenderText {#text} at (0,0) size 3x11
                  text run at (0,0) width 3: " "
            RenderTableCell {TD} at (504,180) size 10x12 [bgcolor=#848788] [r=15 c=54 rs=1 cs=1]
              RenderInline {FONT} at (0,0) size 3x11
                RenderText {#text} at (0,0) size 3x11
                  text run at (0,0) width 3: " "
            RenderTableCell {TD} at (514,180) size 10x12 [bgcolor=#939494] [r=15 c=55 rs=1 cs=1]
              RenderInline {FONT} at (0,0) size 3x11
                RenderText {#text} at (0,0) size 3x11
                  text run at (0,0) width 3: " "
            RenderTableCell {TD} at (524,180) size 10x12 [bgcolor=#B4B4B4] [r=15 c=56 rs=1 cs=1]
              RenderInline {FONT} at (0,0) size 3x11
                RenderText {#text} at (0,0) size 3x11
                  text run at (0,0) width 3: " "
            RenderTableCell {TD} at (534,180) size 10x12 [bgcolor=#FDFDFB] [r=15 c=57 rs=1 cs=1]
              RenderInline {FONT} at (0,0) size 3x11
                RenderText {#text} at (0,0) size 3x11
                  text run at (0,0) width 3: " "
            RenderTableCell {TD} at (544,180) size 10x12 [bgcolor=#FDFDFB] [r=15 c=58 rs=1 cs=1]
              RenderInline {FONT} at (0,0) size 3x11
                RenderText {#text} at (0,0) size 3x11
                  text run at (0,0) width 3: " "
            RenderTableCell {TD} at (554,180) size 10x12 [bgcolor=#2D3433] [r=15 c=59 rs=1 cs=1]
              RenderInline {FONT} at (0,0) size 3x11
                RenderText {#text} at (0,0) size 3x11
                  text run at (0,0) width 3: " "
            RenderTableCell {TD} at (564,180) size 10x12 [bgcolor=#287A7A] [r=15 c=60 rs=1 cs=1]
              RenderInline {FONT} at (0,0) size 3x11
                RenderText {#text} at (0,0) size 3x11
                  text run at (0,0) width 3: " "
            RenderTableCell {TD} at (574,180) size 10x12 [bgcolor=#027777] [r=15 c=61 rs=1 cs=1]
              RenderInline {FONT} at (0,0) size 3x11
                RenderText {#text} at (0,0) size 3x11
                  text run at (0,0) width 3: " "
            RenderTableCell {TD} at (584,180) size 10x12 [bgcolor=#B6D8D7] [r=15 c=62 rs=1 cs=1]
              RenderInline {FONT} at (0,0) size 3x11
                RenderText {#text} at (0,0) size 3x11
                  text run at (0,0) width 3: " "
            RenderTableCell {TD} at (594,180) size 10x12 [bgcolor=#FDFDFB] [r=15 c=63 rs=1 cs=1]
              RenderInline {FONT} at (0,0) size 3x11
                RenderText {#text} at (0,0) size 3x11
                  text run at (0,0) width 3: " "
            RenderTableCell {TD} at (604,180) size 10x12 [bgcolor=#91A3A3] [r=15 c=64 rs=1 cs=1]
              RenderInline {FONT} at (0,0) size 3x11
                RenderText {#text} at (0,0) size 3x11
                  text run at (0,0) width 3: " "
            RenderTableCell {TD} at (614,180) size 10x12 [bgcolor=#1A6B6A] [r=15 c=65 rs=1 cs=1]
              RenderInline {FONT} at (0,0) size 3x11
                RenderText {#text} at (0,0) size 3x11
                  text run at (0,0) width 3: " "
            RenderTableCell {TD} at (624,180) size 10x12 [bgcolor=#026766] [r=15 c=66 rs=1 cs=1]
              RenderInline {FONT} at (0,0) size 3x11
                RenderText {#text} at (0,0) size 3x11
                  text run at (0,0) width 3: " "
            RenderTableCell {TD} at (634,180) size 10x12 [bgcolor=#026766] [r=15 c=67 rs=1 cs=1]
              RenderInline {FONT} at (0,0) size 3x11
                RenderText {#text} at (0,0) size 3x11
                  text run at (0,0) width 3: " "
            RenderTableCell {TD} at (644,180) size 10x12 [bgcolor=#026766] [r=15 c=68 rs=1 cs=1]
              RenderInline {FONT} at (0,0) size 3x11
                RenderText {#text} at (0,0) size 3x11
                  text run at (0,0) width 3: " "
            RenderTableCell {TD} at (654,180) size 10x12 [bgcolor=#1A6B6A] [r=15 c=69 rs=1 cs=1]
              RenderInline {FONT} at (0,0) size 3x11
                RenderText {#text} at (0,0) size 3x11
                  text run at (0,0) width 3: " "
            RenderTableCell {TD} at (664,180) size 10x12 [bgcolor=#8DB7B6] [r=15 c=70 rs=1 cs=1]
              RenderInline {FONT} at (0,0) size 3x11
                RenderText {#text} at (0,0) size 3x11
                  text run at (0,0) width 3: " "
            RenderTableCell {TD} at (674,180) size 10x12 [bgcolor=#FDFDFB] [r=15 c=71 rs=1 cs=1]
              RenderInline {FONT} at (0,0) size 3x11
                RenderText {#text} at (0,0) size 3x11
                  text run at (0,0) width 3: " "
            RenderTableCell {TD} at (684,180) size 10x12 [bgcolor=#FDFDFB] [r=15 c=72 rs=1 cs=1]
              RenderInline {FONT} at (0,0) size 3x11
                RenderText {#text} at (0,0) size 3x11
                  text run at (0,0) width 3: " "
            RenderTableCell {TD} at (694,180) size 10x12 [bgcolor=#4D4F4F] [r=15 c=73 rs=1 cs=1]
              RenderInline {FONT} at (0,0) size 3x11
                RenderText {#text} at (0,0) size 3x11
                  text run at (0,0) width 3: " "
            RenderTableCell {TD} at (704,180) size 10x12 [bgcolor=#5E5F60] [r=15 c=74 rs=1 cs=1]
              RenderInline {FONT} at (0,0) size 3x11
                RenderText {#text} at (0,0) size 3x11
                  text run at (0,0) width 3: " "
            RenderTableCell {TD} at (714,180) size 10x12 [bgcolor=#848788] [r=15 c=75 rs=1 cs=1]
              RenderInline {FONT} at (0,0) size 3x11
                RenderText {#text} at (0,0) size 3x11
                  text run at (0,0) width 3: " "
            RenderTableCell {TD} at (724,180) size 10x12 [bgcolor=#CECFCF] [r=15 c=76 rs=1 cs=1]
              RenderInline {FONT} at (0,0) size 3x11
                RenderText {#text} at (0,0) size 3x11
                  text run at (0,0) width 3: " "
            RenderTableCell {TD} at (734,180) size 10x12 [bgcolor=#FDFDFB] [r=15 c=77 rs=1 cs=1]
              RenderInline {FONT} at (0,0) size 3x11
                RenderText {#text} at (0,0) size 3x11
                  text run at (0,0) width 3: " "
            RenderTableCell {TD} at (744,180) size 10x12 [bgcolor=#A2B5B4] [r=15 c=78 rs=1 cs=1]
              RenderInline {FONT} at (0,0) size 3x11
                RenderText {#text} at (0,0) size 3x11
                  text run at (0,0) width 3: " "
            RenderTableCell {TD} at (754,180) size 10x12 [bgcolor=#1B8685] [r=15 c=79 rs=1 cs=1]
              RenderInline {FONT} at (0,0) size 3x11
                RenderText {#text} at (0,0) size 3x11
                  text run at (0,0) width 3: " "
            RenderTableCell {TD} at (764,180) size 10x12 [bgcolor=#026766] [r=15 c=80 rs=1 cs=1]
              RenderInline {FONT} at (0,0) size 3x11
                RenderText {#text} at (0,0) size 3x11
                  text run at (0,0) width 3: " "
            RenderTableCell {TD} at (774,180) size 10x12 [bgcolor=#026766] [r=15 c=81 rs=1 cs=1]
              RenderInline {FONT} at (0,0) size 3x11
                RenderText {#text} at (0,0) size 3x11
                  text run at (0,0) width 3: " "
            RenderTableCell {TD} at (784,180) size 10x12 [bgcolor=#026766] [r=15 c=82 rs=1 cs=1]
              RenderInline {FONT} at (0,0) size 3x11
                RenderText {#text} at (0,0) size 3x11
                  text run at (0,0) width 3: " "
            RenderTableCell {TD} at (794,180) size 10x12 [bgcolor=#026766] [r=15 c=83 rs=1 cs=1]
              RenderInline {FONT} at (0,0) size 3x11
                RenderText {#text} at (0,0) size 3x11
                  text run at (0,0) width 3: " "
            RenderTableCell {TD} at (804,180) size 10x12 [bgcolor=#338686] [r=15 c=84 rs=1 cs=1]
              RenderInline {FONT} at (0,0) size 3x11
                RenderText {#text} at (0,0) size 3x11
                  text run at (0,0) width 3: " "
            RenderTableCell {TD} at (814,180) size 10x12 [bgcolor=#E0EAE9] [r=15 c=85 rs=1 cs=1]
              RenderInline {FONT} at (0,0) size 3x11
                RenderText {#text} at (0,0) size 3x11
                  text run at (0,0) width 3: " "
            RenderTableCell {TD} at (824,180) size 10x12 [bgcolor=#EDEEEF] [r=15 c=86 rs=1 cs=1]
              RenderInline {FONT} at (0,0) size 3x11
                RenderText {#text} at (0,0) size 3x11
                  text run at (0,0) width 3: " "
            RenderTableCell {TD} at (834,180) size 10x12 [bgcolor=#515C5B] [r=15 c=87 rs=1 cs=1]
              RenderInline {FONT} at (0,0) size 3x11
                RenderText {#text} at (0,0) size 3x11
                  text run at (0,0) width 3: " "
            RenderTableCell {TD} at (844,180) size 10x12 [bgcolor=#044140] [r=15 c=88 rs=1 cs=1]
              RenderInline {FONT} at (0,0) size 3x11
                RenderText {#text} at (0,0) size 3x11
                  text run at (0,0) width 3: " "
            RenderTableCell {TD} at (854,180) size 10x12 [bgcolor=#026766] [r=15 c=89 rs=1 cs=1]
              RenderInline {FONT} at (0,0) size 3x11
                RenderText {#text} at (0,0) size 3x11
                  text run at (0,0) width 3: " "
            RenderTableCell {TD} at (864,180) size 10x12 [bgcolor=#338686] [r=15 c=90 rs=1 cs=1]
              RenderInline {FONT} at (0,0) size 3x11
                RenderText {#text} at (0,0) size 3x11
                  text run at (0,0) width 3: " "
            RenderTableCell {TD} at (874,180) size 10x12 [bgcolor=#EDEEEF] [r=15 c=91 rs=1 cs=1]
              RenderInline {FONT} at (0,0) size 3x11
                RenderText {#text} at (0,0) size 3x11
                  text run at (0,0) width 3: " "
            RenderTableCell {TD} at (884,180) size 10x12 [bgcolor=#FDFDFB] [r=15 c=92 rs=1 cs=1]
              RenderInline {FONT} at (0,0) size 3x11
                RenderText {#text} at (0,0) size 3x11
                  text run at (0,0) width 3: " "
            RenderTableCell {TD} at (894,180) size 10x12 [bgcolor=#2D3433] [r=15 c=93 rs=1 cs=1]
              RenderInline {FONT} at (0,0) size 3x11
                RenderText {#text} at (0,0) size 3x11
                  text run at (0,0) width 3: " "
            RenderTableCell {TD} at (904,180) size 10x12 [bgcolor=#223C3D] [r=15 c=94 rs=1 cs=1]
              RenderInline {FONT} at (0,0) size 3x11
                RenderText {#text} at (0,0) size 3x11
                  text run at (0,0) width 3: " "
            RenderTableCell {TD} at (914,180) size 10x12 [bgcolor=#5E5F60] [r=15 c=95 rs=1 cs=1]
              RenderInline {FONT} at (0,0) size 3x11
                RenderText {#text} at (0,0) size 3x11
                  text run at (0,0) width 3: " "
            RenderTableCell {TD} at (924,180) size 10x12 [bgcolor=#777878] [r=15 c=96 rs=1 cs=1]
              RenderInline {FONT} at (0,0) size 3x11
                RenderText {#text} at (0,0) size 3x11
                  text run at (0,0) width 3: " "
            RenderTableCell {TD} at (934,180) size 10x12 [bgcolor=#848788] [r=15 c=97 rs=1 cs=1]
              RenderInline {FONT} at (0,0) size 3x11
                RenderText {#text} at (0,0) size 3x11
                  text run at (0,0) width 3: " "
            RenderTableCell {TD} at (944,180) size 10x12 [bgcolor=#777878] [r=15 c=98 rs=1 cs=1]
              RenderInline {FONT} at (0,0) size 3x11
                RenderText {#text} at (0,0) size 3x11
                  text run at (0,0) width 3: " "
            RenderTableCell {TD} at (954,180) size 10x12 [bgcolor=#4D4F4F] [r=15 c=99 rs=1 cs=1]
              RenderInline {FONT} at (0,0) size 3x11
                RenderText {#text} at (0,0) size 3x11
                  text run at (0,0) width 3: " "
          RenderTableRow {TR} at (0,192) size 964x12
            RenderTableCell {TD} at (0,192) size 9x12 [bgcolor=#FDFDFB] [r=16 c=0 rs=1 cs=1]
              RenderInline {FONT} at (0,0) size 3x11
                RenderText {#text} at (0,0) size 3x11
                  text run at (0,0) width 3: " "
            RenderTableCell {TD} at (9,192) size 9x12 [bgcolor=#7CAEAF] [r=16 c=1 rs=1 cs=1]
              RenderInline {FONT} at (0,0) size 3x11
                RenderText {#text} at (0,0) size 3x11
                  text run at (0,0) width 3: " "
            RenderTableCell {TD} at (18,192) size 9x12 [bgcolor=#469191] [r=16 c=2 rs=1 cs=1]
              RenderInline {FONT} at (0,0) size 3x11
                RenderText {#text} at (0,0) size 3x11
                  text run at (0,0) width 3: " "
            RenderTableCell {TD} at (27,192) size 9x12 [bgcolor=#EDEEEF] [r=16 c=3 rs=1 cs=1]
              RenderInline {FONT} at (0,0) size 3x11
                RenderText {#text} at (0,0) size 3x11
                  text run at (0,0) width 3: " "
            RenderTableCell {TD} at (36,192) size 9x12 [bgcolor=#FDFDFB] [r=16 c=4 rs=1 cs=1]
              RenderInline {FONT} at (0,0) size 3x11
                RenderText {#text} at (0,0) size 3x11
                  text run at (0,0) width 3: " "
            RenderTableCell {TD} at (45,192) size 9x12 [bgcolor=#A4CCCC] [r=16 c=5 rs=1 cs=1]
              RenderInline {FONT} at (0,0) size 3x11
                RenderText {#text} at (0,0) size 3x11
                  text run at (0,0) width 3: " "
            RenderTableCell {TD} at (54,192) size 9x12 [bgcolor=#7CAEAF] [r=16 c=6 rs=1 cs=1]
              RenderInline {FONT} at (0,0) size 3x11
                RenderText {#text} at (0,0) size 3x11
                  text run at (0,0) width 3: " "
            RenderTableCell {TD} at (63,192) size 9x12 [bgcolor=#60A2A3] [r=16 c=7 rs=1 cs=1]
              RenderInline {FONT} at (0,0) size 3x11
                RenderText {#text} at (0,0) size 3x11
                  text run at (0,0) width 3: " "
            RenderTableCell {TD} at (72,192) size 9x12 [bgcolor=#72A3A1] [r=16 c=8 rs=1 cs=1]
              RenderInline {FONT} at (0,0) size 3x11
                RenderText {#text} at (0,0) size 3x11
                  text run at (0,0) width 3: " "
            RenderTableCell {TD} at (81,192) size 9x12 [bgcolor=#97C1C0] [r=16 c=9 rs=1 cs=1]
              RenderInline {FONT} at (0,0) size 3x11
                RenderText {#text} at (0,0) size 3x11
                  text run at (0,0) width 3: " "
            RenderTableCell {TD} at (90,192) size 9x12 [bgcolor=#E0EAE9] [r=16 c=10 rs=1 cs=1]
              RenderInline {FONT} at (0,0) size 3x11
                RenderText {#text} at (0,0) size 3x11
                  text run at (0,0) width 3: " "
            RenderTableCell {TD} at (99,192) size 9x12 [bgcolor=#EDEEEF] [r=16 c=11 rs=1 cs=1]
              RenderInline {FONT} at (0,0) size 3x11
                RenderText {#text} at (0,0) size 3x11
                  text run at (0,0) width 3: " "
            RenderTableCell {TD} at (108,192) size 9x12 [bgcolor=#696A69] [r=16 c=12 rs=1 cs=1]
              RenderInline {FONT} at (0,0) size 3x11
                RenderText {#text} at (0,0) size 3x11
                  text run at (0,0) width 3: " "
            RenderTableCell {TD} at (117,192) size 9x12 [bgcolor=#072323] [r=16 c=13 rs=1 cs=1]
              RenderInline {FONT} at (0,0) size 3x11
                RenderText {#text} at (0,0) size 3x11
                  text run at (0,0) width 3: " "
            RenderTableCell {TD} at (126,192) size 9x12 [bgcolor=#223C3D] [r=16 c=14 rs=1 cs=1]
              RenderInline {FONT} at (0,0) size 3x11
                RenderText {#text} at (0,0) size 3x11
                  text run at (0,0) width 3: " "
            RenderTableCell {TD} at (135,192) size 9x12 [bgcolor=#848788] [r=16 c=15 rs=1 cs=1]
              RenderInline {FONT} at (0,0) size 3x11
                RenderText {#text} at (0,0) size 3x11
                  text run at (0,0) width 3: " "
            RenderTableCell {TD} at (144,192) size 9x12 [bgcolor=#FDFDFB] [r=16 c=16 rs=1 cs=1]
              RenderInline {FONT} at (0,0) size 3x11
                RenderText {#text} at (0,0) size 3x11
                  text run at (0,0) width 3: " "
            RenderTableCell {TD} at (153,192) size 9x12 [bgcolor=#FDFDFB] [r=16 c=17 rs=1 cs=1]
              RenderInline {FONT} at (0,0) size 3x11
                RenderText {#text} at (0,0) size 3x11
                  text run at (0,0) width 3: " "
            RenderTableCell {TD} at (162,192) size 9x12 [bgcolor=#2D3433] [r=16 c=18 rs=1 cs=1]
              RenderInline {FONT} at (0,0) size 3x11
                RenderText {#text} at (0,0) size 3x11
                  text run at (0,0) width 3: " "
            RenderTableCell {TD} at (171,192) size 9x12 [bgcolor=#1E7A79] [r=16 c=19 rs=1 cs=1]
              RenderInline {FONT} at (0,0) size 3x11
                RenderText {#text} at (0,0) size 3x11
                  text run at (0,0) width 3: " "
            RenderTableCell {TD} at (180,192) size 9x12 [bgcolor=#1B8685] [r=16 c=20 rs=1 cs=1]
              RenderInline {FONT} at (0,0) size 3x11
                RenderText {#text} at (0,0) size 3x11
                  text run at (0,0) width 3: " "
            RenderTableCell {TD} at (189,192) size 9x12 [bgcolor=#CADEDD] [r=16 c=21 rs=1 cs=1]
              RenderInline {FONT} at (0,0) size 3x11
                RenderText {#text} at (0,0) size 3x11
                  text run at (0,0) width 3: " "
            RenderTableCell {TD} at (198,192) size 9x12 [bgcolor=#FDFDFB] [r=16 c=22 rs=1 cs=1]
              RenderInline {FONT} at (0,0) size 3x11
                RenderText {#text} at (0,0) size 3x11
                  text run at (0,0) width 3: " "
            RenderTableCell {TD} at (207,192) size 9x12 [bgcolor=#B6D0D1] [r=16 c=23 rs=1 cs=1]
              RenderInline {FONT} at (0,0) size 3x11
                RenderText {#text} at (0,0) size 3x11
                  text run at (0,0) width 3: " "
            RenderTableCell {TD} at (216,192) size 9x12 [bgcolor=#7CAEAF] [r=16 c=24 rs=1 cs=1]
              RenderInline {FONT} at (0,0) size 3x11
                RenderText {#text} at (0,0) size 3x11
                  text run at (0,0) width 3: " "
            RenderTableCell {TD} at (225,192) size 9x12 [bgcolor=#60A2A3] [r=16 c=25 rs=1 cs=1]
              RenderInline {FONT} at (0,0) size 3x11
                RenderText {#text} at (0,0) size 3x11
                  text run at (0,0) width 3: " "
            RenderTableCell {TD} at (234,192) size 9x12 [bgcolor=#7CAEAF] [r=16 c=26 rs=1 cs=1]
              RenderInline {FONT} at (0,0) size 3x11
                RenderText {#text} at (0,0) size 3x11
                  text run at (0,0) width 3: " "
            RenderTableCell {TD} at (243,192) size 9x12 [bgcolor=#A4CCCC] [r=16 c=27 rs=1 cs=1]
              RenderInline {FONT} at (0,0) size 3x11
                RenderText {#text} at (0,0) size 3x11
                  text run at (0,0) width 3: " "
            RenderTableCell {TD} at (252,192) size 9x12 [bgcolor=#DEDFDF] [r=16 c=28 rs=1 cs=1]
              RenderInline {FONT} at (0,0) size 3x11
                RenderText {#text} at (0,0) size 3x11
                  text run at (0,0) width 3: " "
            RenderTableCell {TD} at (261,192) size 9x12 [bgcolor=#BEC2C2] [r=16 c=29 rs=1 cs=1]
              RenderInline {FONT} at (0,0) size 3x11
                RenderText {#text} at (0,0) size 3x11
                  text run at (0,0) width 3: " "
            RenderTableCell {TD} at (270,192) size 9x12 [bgcolor=#FDFDFB] [r=16 c=30 rs=1 cs=1]
              RenderInline {FONT} at (0,0) size 3x11
                RenderText {#text} at (0,0) size 3x11
                  text run at (0,0) width 3: " "
            RenderTableCell {TD} at (279,192) size 9x12 [bgcolor=#DEDFDF] [r=16 c=31 rs=1 cs=1]
              RenderInline {FONT} at (0,0) size 3x11
                RenderText {#text} at (0,0) size 3x11
                  text run at (0,0) width 3: " "
            RenderTableCell {TD} at (288,192) size 9x12 [bgcolor=#939494] [r=16 c=32 rs=1 cs=1]
              RenderInline {FONT} at (0,0) size 3x11
                RenderText {#text} at (0,0) size 3x11
                  text run at (0,0) width 3: " "
            RenderTableCell {TD} at (297,192) size 9x12 [bgcolor=#696A69] [r=16 c=33 rs=1 cs=1]
              RenderInline {FONT} at (0,0) size 3x11
                RenderText {#text} at (0,0) size 3x11
                  text run at (0,0) width 3: " "
            RenderTableCell {TD} at (306,192) size 9x12 [bgcolor=#848788] [r=16 c=34 rs=1 cs=1]
              RenderInline {FONT} at (0,0) size 3x11
                RenderText {#text} at (0,0) size 3x11
                  text run at (0,0) width 3: " "
            RenderTableCell {TD} at (315,192) size 9x12 [bgcolor=#CECFCF] [r=16 c=35 rs=1 cs=1]
              RenderInline {FONT} at (0,0) size 3x11
                RenderText {#text} at (0,0) size 3x11
                  text run at (0,0) width 3: " "
            RenderTableCell {TD} at (324,192) size 10x12 [bgcolor=#FDFDFB] [r=16 c=36 rs=1 cs=1]
              RenderInline {FONT} at (0,0) size 3x11
                RenderText {#text} at (0,0) size 3x11
                  text run at (0,0) width 3: " "
            RenderTableCell {TD} at (334,192) size 10x12 [bgcolor=#DEDFDF] [r=16 c=37 rs=1 cs=1]
              RenderInline {FONT} at (0,0) size 3x11
                RenderText {#text} at (0,0) size 3x11
                  text run at (0,0) width 3: " "
            RenderTableCell {TD} at (344,192) size 10x12 [bgcolor=#8DB7B6] [r=16 c=38 rs=1 cs=1]
              RenderInline {FONT} at (0,0) size 3x11
                RenderText {#text} at (0,0) size 3x11
                  text run at (0,0) width 3: " "
            RenderTableCell {TD} at (354,192) size 10x12 [bgcolor=#72A3A1] [r=16 c=39 rs=1 cs=1]
              RenderInline {FONT} at (0,0) size 3x11
                RenderText {#text} at (0,0) size 3x11
                  text run at (0,0) width 3: " "
            RenderTableCell {TD} at (364,192) size 10x12 [bgcolor=#60A2A3] [r=16 c=40 rs=1 cs=1]
              RenderInline {FONT} at (0,0) size 3x11
                RenderText {#text} at (0,0) size 3x11
                  text run at (0,0) width 3: " "
            RenderTableCell {TD} at (374,192) size 10x12 [bgcolor=#7CAEAF] [r=16 c=41 rs=1 cs=1]
              RenderInline {FONT} at (0,0) size 3x11
                RenderText {#text} at (0,0) size 3x11
                  text run at (0,0) width 3: " "
            RenderTableCell {TD} at (384,192) size 10x12 [bgcolor=#B6D8D7] [r=16 c=42 rs=1 cs=1]
              RenderInline {FONT} at (0,0) size 3x11
                RenderText {#text} at (0,0) size 3x11
                  text run at (0,0) width 3: " "
            RenderTableCell {TD} at (394,192) size 10x12 [bgcolor=#FDFDFB] [r=16 c=43 rs=1 cs=1]
              RenderInline {FONT} at (0,0) size 3x11
                RenderText {#text} at (0,0) size 3x11
                  text run at (0,0) width 3: " "
            RenderTableCell {TD} at (404,192) size 10x12 [bgcolor=#B4B4B4] [r=16 c=44 rs=1 cs=1]
              RenderInline {FONT} at (0,0) size 3x11
                RenderText {#text} at (0,0) size 3x11
                  text run at (0,0) width 3: " "
            RenderTableCell {TD} at (414,192) size 10x12 [bgcolor=#1C2524] [r=16 c=45 rs=1 cs=1]
              RenderInline {FONT} at (0,0) size 3x11
                RenderText {#text} at (0,0) size 3x11
                  text run at (0,0) width 3: " "
            RenderTableCell {TD} at (424,192) size 10x12 [bgcolor=#025E5E] [r=16 c=46 rs=1 cs=1]
              RenderInline {FONT} at (0,0) size 3x11
                RenderText {#text} at (0,0) size 3x11
                  text run at (0,0) width 3: " "
            RenderTableCell {TD} at (434,192) size 10x12 [bgcolor=#1A6B6A] [r=16 c=47 rs=1 cs=1]
              RenderInline {FONT} at (0,0) size 3x11
                RenderText {#text} at (0,0) size 3x11
                  text run at (0,0) width 3: " "
            RenderTableCell {TD} at (444,192) size 10x12 [bgcolor=#B6D0D1] [r=16 c=48 rs=1 cs=1]
              RenderInline {FONT} at (0,0) size 3x11
                RenderText {#text} at (0,0) size 3x11
                  text run at (0,0) width 3: " "
            RenderTableCell {TD} at (454,192) size 10x12 [bgcolor=#FDFDFB] [r=16 c=49 rs=1 cs=1]
              RenderInline {FONT} at (0,0) size 3x11
                RenderText {#text} at (0,0) size 3x11
                  text run at (0,0) width 3: " "
            RenderTableCell {TD} at (464,192) size 10x12 [bgcolor=#848788] [r=16 c=50 rs=1 cs=1]
              RenderInline {FONT} at (0,0) size 3x11
                RenderText {#text} at (0,0) size 3x11
                  text run at (0,0) width 3: " "
            RenderTableCell {TD} at (474,192) size 10x12 [bgcolor=#072323] [r=16 c=51 rs=1 cs=1]
              RenderInline {FONT} at (0,0) size 3x11
                RenderText {#text} at (0,0) size 3x11
                  text run at (0,0) width 3: " "
            RenderTableCell {TD} at (484,192) size 10x12 [bgcolor=#3D4242] [r=16 c=52 rs=1 cs=1]
              RenderInline {FONT} at (0,0) size 3x11
                RenderText {#text} at (0,0) size 3x11
                  text run at (0,0) width 3: " "
            RenderTableCell {TD} at (494,192) size 10x12 [bgcolor=#696A69] [r=16 c=53 rs=1 cs=1]
              RenderInline {FONT} at (0,0) size 3x11
                RenderText {#text} at (0,0) size 3x11
                  text run at (0,0) width 3: " "
            RenderTableCell {TD} at (504,192) size 10x12 [bgcolor=#848788] [r=16 c=54 rs=1 cs=1]
              RenderInline {FONT} at (0,0) size 3x11
                RenderText {#text} at (0,0) size 3x11
                  text run at (0,0) width 3: " "
            RenderTableCell {TD} at (514,192) size 10x12 [bgcolor=#939494] [r=16 c=55 rs=1 cs=1]
              RenderInline {FONT} at (0,0) size 3x11
                RenderText {#text} at (0,0) size 3x11
                  text run at (0,0) width 3: " "
            RenderTableCell {TD} at (524,192) size 10x12 [bgcolor=#B4B4B4] [r=16 c=56 rs=1 cs=1]
              RenderInline {FONT} at (0,0) size 3x11
                RenderText {#text} at (0,0) size 3x11
                  text run at (0,0) width 3: " "
            RenderTableCell {TD} at (534,192) size 10x12 [bgcolor=#FDFDFB] [r=16 c=57 rs=1 cs=1]
              RenderInline {FONT} at (0,0) size 3x11
                RenderText {#text} at (0,0) size 3x11
                  text run at (0,0) width 3: " "
            RenderTableCell {TD} at (544,192) size 10x12 [bgcolor=#FDFDFB] [r=16 c=58 rs=1 cs=1]
              RenderInline {FONT} at (0,0) size 3x11
                RenderText {#text} at (0,0) size 3x11
                  text run at (0,0) width 3: " "
            RenderTableCell {TD} at (554,192) size 10x12 [bgcolor=#2D3433] [r=16 c=59 rs=1 cs=1]
              RenderInline {FONT} at (0,0) size 3x11
                RenderText {#text} at (0,0) size 3x11
                  text run at (0,0) width 3: " "
            RenderTableCell {TD} at (564,192) size 10x12 [bgcolor=#447877] [r=16 c=60 rs=1 cs=1]
              RenderInline {FONT} at (0,0) size 3x11
                RenderText {#text} at (0,0) size 3x11
                  text run at (0,0) width 3: " "
            RenderTableCell {TD} at (574,192) size 10x12 [bgcolor=#027777] [r=16 c=61 rs=1 cs=1]
              RenderInline {FONT} at (0,0) size 3x11
                RenderText {#text} at (0,0) size 3x11
                  text run at (0,0) width 3: " "
            RenderTableCell {TD} at (584,192) size 10x12 [bgcolor=#338686] [r=16 c=62 rs=1 cs=1]
              RenderInline {FONT} at (0,0) size 3x11
                RenderText {#text} at (0,0) size 3x11
                  text run at (0,0) width 3: " "
            RenderTableCell {TD} at (594,192) size 10x12 [bgcolor=#B6D0D1] [r=16 c=63 rs=1 cs=1]
              RenderInline {FONT} at (0,0) size 3x11
                RenderText {#text} at (0,0) size 3x11
                  text run at (0,0) width 3: " "
            RenderTableCell {TD} at (604,192) size 10x12 [bgcolor=#FDFDFB] [r=16 c=64 rs=1 cs=1]
              RenderInline {FONT} at (0,0) size 3x11
                RenderText {#text} at (0,0) size 3x11
                  text run at (0,0) width 3: " "
            RenderTableCell {TD} at (614,192) size 10x12 [bgcolor=#B6D0D1] [r=16 c=65 rs=1 cs=1]
              RenderInline {FONT} at (0,0) size 3x11
                RenderText {#text} at (0,0) size 3x11
                  text run at (0,0) width 3: " "
            RenderTableCell {TD} at (624,192) size 10x12 [bgcolor=#7CAEAF] [r=16 c=66 rs=1 cs=1]
              RenderInline {FONT} at (0,0) size 3x11
                RenderText {#text} at (0,0) size 3x11
                  text run at (0,0) width 3: " "
            RenderTableCell {TD} at (634,192) size 10x12 [bgcolor=#60A2A3] [r=16 c=67 rs=1 cs=1]
              RenderInline {FONT} at (0,0) size 3x11
                RenderText {#text} at (0,0) size 3x11
                  text run at (0,0) width 3: " "
            RenderTableCell {TD} at (644,192) size 10x12 [bgcolor=#7CAEAF] [r=16 c=68 rs=1 cs=1]
              RenderInline {FONT} at (0,0) size 3x11
                RenderText {#text} at (0,0) size 3x11
                  text run at (0,0) width 3: " "
            RenderTableCell {TD} at (654,192) size 10x12 [bgcolor=#CADEDD] [r=16 c=69 rs=1 cs=1]
              RenderInline {FONT} at (0,0) size 3x11
                RenderText {#text} at (0,0) size 3x11
                  text run at (0,0) width 3: " "
            RenderTableCell {TD} at (664,192) size 10x12 [bgcolor=#DEDFDF] [r=16 c=70 rs=1 cs=1]
              RenderInline {FONT} at (0,0) size 3x11
                RenderText {#text} at (0,0) size 3x11
                  text run at (0,0) width 3: " "
            RenderTableCell {TD} at (674,192) size 10x12 [bgcolor=#DEDFDF] [r=16 c=71 rs=1 cs=1]
              RenderInline {FONT} at (0,0) size 3x11
                RenderText {#text} at (0,0) size 3x11
                  text run at (0,0) width 3: " "
            RenderTableCell {TD} at (684,192) size 10x12 [bgcolor=#FDFDFB] [r=16 c=72 rs=1 cs=1]
              RenderInline {FONT} at (0,0) size 3x11
                RenderText {#text} at (0,0) size 3x11
                  text run at (0,0) width 3: " "
            RenderTableCell {TD} at (694,192) size 10x12 [bgcolor=#4D4F4F] [r=16 c=73 rs=1 cs=1]
              RenderInline {FONT} at (0,0) size 3x11
                RenderText {#text} at (0,0) size 3x11
                  text run at (0,0) width 3: " "
            RenderTableCell {TD} at (704,192) size 10x12 [bgcolor=#5E5F60] [r=16 c=74 rs=1 cs=1]
              RenderInline {FONT} at (0,0) size 3x11
                RenderText {#text} at (0,0) size 3x11
                  text run at (0,0) width 3: " "
            RenderTableCell {TD} at (714,192) size 10x12 [bgcolor=#848788] [r=16 c=75 rs=1 cs=1]
              RenderInline {FONT} at (0,0) size 3x11
                RenderText {#text} at (0,0) size 3x11
                  text run at (0,0) width 3: " "
            RenderTableCell {TD} at (724,192) size 10x12 [bgcolor=#939494] [r=16 c=76 rs=1 cs=1]
              RenderInline {FONT} at (0,0) size 3x11
                RenderText {#text} at (0,0) size 3x11
                  text run at (0,0) width 3: " "
            RenderTableCell {TD} at (734,192) size 10x12 [bgcolor=#BEC2C2] [r=16 c=77 rs=1 cs=1]
              RenderInline {FONT} at (0,0) size 3x11
                RenderText {#text} at (0,0) size 3x11
                  text run at (0,0) width 3: " "
            RenderTableCell {TD} at (744,192) size 10x12 [bgcolor=#FDFDFB] [r=16 c=78 rs=1 cs=1]
              RenderInline {FONT} at (0,0) size 3x11
                RenderText {#text} at (0,0) size 3x11
                  text run at (0,0) width 3: " "
            RenderTableCell {TD} at (754,192) size 10x12 [bgcolor=#CADEDD] [r=16 c=79 rs=1 cs=1]
              RenderInline {FONT} at (0,0) size 3x11
                RenderText {#text} at (0,0) size 3x11
                  text run at (0,0) width 3: " "
            RenderTableCell {TD} at (764,192) size 10x12 [bgcolor=#8DB7B6] [r=16 c=80 rs=1 cs=1]
              RenderInline {FONT} at (0,0) size 3x11
                RenderText {#text} at (0,0) size 3x11
                  text run at (0,0) width 3: " "
            RenderTableCell {TD} at (774,192) size 10x12 [bgcolor=#72A3A1] [r=16 c=81 rs=1 cs=1]
              RenderInline {FONT} at (0,0) size 3x11
                RenderText {#text} at (0,0) size 3x11
                  text run at (0,0) width 3: " "
            RenderTableCell {TD} at (784,192) size 10x12 [bgcolor=#72A3A1] [r=16 c=82 rs=1 cs=1]
              RenderInline {FONT} at (0,0) size 3x11
                RenderText {#text} at (0,0) size 3x11
                  text run at (0,0) width 3: " "
            RenderTableCell {TD} at (794,192) size 10x12 [bgcolor=#97C1C0] [r=16 c=83 rs=1 cs=1]
              RenderInline {FONT} at (0,0) size 3x11
                RenderText {#text} at (0,0) size 3x11
                  text run at (0,0) width 3: " "
            RenderTableCell {TD} at (804,192) size 10x12 [bgcolor=#EDEEEF] [r=16 c=84 rs=1 cs=1]
              RenderInline {FONT} at (0,0) size 3x11
                RenderText {#text} at (0,0) size 3x11
                  text run at (0,0) width 3: " "
            RenderTableCell {TD} at (814,192) size 10x12 [bgcolor=#DEDFDF] [r=16 c=85 rs=1 cs=1]
              RenderInline {FONT} at (0,0) size 3x11
                RenderText {#text} at (0,0) size 3x11
                  text run at (0,0) width 3: " "
            RenderTableCell {TD} at (824,192) size 10x12 [bgcolor=#696A69] [r=16 c=86 rs=1 cs=1]
              RenderInline {FONT} at (0,0) size 3x11
                RenderText {#text} at (0,0) size 3x11
                  text run at (0,0) width 3: " "
            RenderTableCell {TD} at (834,192) size 10x12 [bgcolor=#072323] [r=16 c=87 rs=1 cs=1]
              RenderInline {FONT} at (0,0) size 3x11
                RenderText {#text} at (0,0) size 3x11
                  text run at (0,0) width 3: " "
            RenderTableCell {TD} at (844,192) size 10x12 [bgcolor=#025E5E] [r=16 c=88 rs=1 cs=1]
              RenderInline {FONT} at (0,0) size 3x11
                RenderText {#text} at (0,0) size 3x11
                  text run at (0,0) width 3: " "
            RenderTableCell {TD} at (854,192) size 10x12 [bgcolor=#026766] [r=16 c=89 rs=1 cs=1]
              RenderInline {FONT} at (0,0) size 3x11
                RenderText {#text} at (0,0) size 3x11
                  text run at (0,0) width 3: " "
            RenderTableCell {TD} at (864,192) size 10x12 [bgcolor=#287A7A] [r=16 c=90 rs=1 cs=1]
              RenderInline {FONT} at (0,0) size 3x11
                RenderText {#text} at (0,0) size 3x11
                  text run at (0,0) width 3: " "
            RenderTableCell {TD} at (874,192) size 10x12 [bgcolor=#E0EAE9] [r=16 c=91 rs=1 cs=1]
              RenderInline {FONT} at (0,0) size 3x11
                RenderText {#text} at (0,0) size 3x11
                  text run at (0,0) width 3: " "
            RenderTableCell {TD} at (884,192) size 10x12 [bgcolor=#FDFDFB] [r=16 c=92 rs=1 cs=1]
              RenderInline {FONT} at (0,0) size 3x11
                RenderText {#text} at (0,0) size 3x11
                  text run at (0,0) width 3: " "
            RenderTableCell {TD} at (894,192) size 10x12 [bgcolor=#B4B4B4] [r=16 c=93 rs=1 cs=1]
              RenderInline {FONT} at (0,0) size 3x11
                RenderText {#text} at (0,0) size 3x11
                  text run at (0,0) width 3: " "
            RenderTableCell {TD} at (904,192) size 10x12 [bgcolor=#91A3A3] [r=16 c=94 rs=1 cs=1]
              RenderInline {FONT} at (0,0) size 3x11
                RenderText {#text} at (0,0) size 3x11
                  text run at (0,0) width 3: " "
            RenderTableCell {TD} at (914,192) size 10x12 [bgcolor=#848788] [r=16 c=95 rs=1 cs=1]
              RenderInline {FONT} at (0,0) size 3x11
                RenderText {#text} at (0,0) size 3x11
                  text run at (0,0) width 3: " "
            RenderTableCell {TD} at (924,192) size 10x12 [bgcolor=#777878] [r=16 c=96 rs=1 cs=1]
              RenderInline {FONT} at (0,0) size 3x11
                RenderText {#text} at (0,0) size 3x11
                  text run at (0,0) width 3: " "
            RenderTableCell {TD} at (934,192) size 10x12 [bgcolor=#848788] [r=16 c=97 rs=1 cs=1]
              RenderInline {FONT} at (0,0) size 3x11
                RenderText {#text} at (0,0) size 3x11
                  text run at (0,0) width 3: " "
            RenderTableCell {TD} at (944,192) size 10x12 [bgcolor=#777878] [r=16 c=98 rs=1 cs=1]
              RenderInline {FONT} at (0,0) size 3x11
                RenderText {#text} at (0,0) size 3x11
                  text run at (0,0) width 3: " "
            RenderTableCell {TD} at (954,192) size 10x12 [bgcolor=#4D4F4F] [r=16 c=99 rs=1 cs=1]
              RenderInline {FONT} at (0,0) size 3x11
                RenderText {#text} at (0,0) size 3x11
                  text run at (0,0) width 3: " "
          RenderTableRow {TR} at (0,204) size 964x12
            RenderTableCell {TD} at (0,204) size 9x12 [bgcolor=#FDFDFB] [r=17 c=0 rs=1 cs=1]
              RenderInline {FONT} at (0,0) size 3x11
                RenderText {#text} at (0,0) size 3x11
                  text run at (0,0) width 3: " "
            RenderTableCell {TD} at (9,204) size 9x12 [bgcolor=#CADEDD] [r=17 c=1 rs=1 cs=1]
              RenderInline {FONT} at (0,0) size 3x11
                RenderText {#text} at (0,0) size 3x11
                  text run at (0,0) width 3: " "
            RenderTableCell {TD} at (18,204) size 9x12 [bgcolor=#1A6B6A] [r=17 c=2 rs=1 cs=1]
              RenderInline {FONT} at (0,0) size 3x11
                RenderText {#text} at (0,0) size 3x11
                  text run at (0,0) width 3: " "
            RenderTableCell {TD} at (27,204) size 9x12 [bgcolor=#1A5C5C] [r=17 c=3 rs=1 cs=1]
              RenderInline {FONT} at (0,0) size 3x11
                RenderText {#text} at (0,0) size 3x11
                  text run at (0,0) width 3: " "
            RenderTableCell {TD} at (36,204) size 9x12 [bgcolor=#647979] [r=17 c=4 rs=1 cs=1]
              RenderInline {FONT} at (0,0) size 3x11
                RenderText {#text} at (0,0) size 3x11
                  text run at (0,0) width 3: " "
            RenderTableCell {TD} at (45,204) size 9x12 [bgcolor=#939494] [r=17 c=5 rs=1 cs=1]
              RenderInline {FONT} at (0,0) size 3x11
                RenderText {#text} at (0,0) size 3x11
                  text run at (0,0) width 3: " "
            RenderTableCell {TD} at (54,204) size 9x12 [bgcolor=#A5A6A6] [r=17 c=6 rs=1 cs=1]
              RenderInline {FONT} at (0,0) size 3x11
                RenderText {#text} at (0,0) size 3x11
                  text run at (0,0) width 3: " "
            RenderTableCell {TD} at (63,204) size 9x12 [bgcolor=#A5A6A6] [r=17 c=7 rs=1 cs=1]
              RenderInline {FONT} at (0,0) size 3x11
                RenderText {#text} at (0,0) size 3x11
                  text run at (0,0) width 3: " "
            RenderTableCell {TD} at (72,204) size 9x12 [bgcolor=#A5A6A6] [r=17 c=8 rs=1 cs=1]
              RenderInline {FONT} at (0,0) size 3x11
                RenderText {#text} at (0,0) size 3x11
                  text run at (0,0) width 3: " "
            RenderTableCell {TD} at (81,204) size 9x12 [bgcolor=#91A3A3] [r=17 c=9 rs=1 cs=1]
              RenderInline {FONT} at (0,0) size 3x11
                RenderText {#text} at (0,0) size 3x11
                  text run at (0,0) width 3: " "
            RenderTableCell {TD} at (90,204) size 9x12 [bgcolor=#696A69] [r=17 c=10 rs=1 cs=1]
              RenderInline {FONT} at (0,0) size 3x11
                RenderText {#text} at (0,0) size 3x11
                  text run at (0,0) width 3: " "
            RenderTableCell {TD} at (99,204) size 9x12 [bgcolor=#1C2524] [r=17 c=11 rs=1 cs=1]
              RenderInline {FONT} at (0,0) size 3x11
                RenderText {#text} at (0,0) size 3x11
                  text run at (0,0) width 3: " "
            RenderTableCell {TD} at (108,204) size 9x12 [bgcolor=#083131] [r=17 c=12 rs=1 cs=1]
              RenderInline {FONT} at (0,0) size 3x11
                RenderText {#text} at (0,0) size 3x11
                  text run at (0,0) width 3: " "
            RenderTableCell {TD} at (117,204) size 9x12 [bgcolor=#044140] [r=17 c=13 rs=1 cs=1]
              RenderInline {FONT} at (0,0) size 3x11
                RenderText {#text} at (0,0) size 3x11
                  text run at (0,0) width 3: " "
            RenderTableCell {TD} at (126,204) size 9x12 [bgcolor=#223C3D] [r=17 c=14 rs=1 cs=1]
              RenderInline {FONT} at (0,0) size 3x11
                RenderText {#text} at (0,0) size 3x11
                  text run at (0,0) width 3: " "
            RenderTableCell {TD} at (135,204) size 9x12 [bgcolor=#777878] [r=17 c=15 rs=1 cs=1]
              RenderInline {FONT} at (0,0) size 3x11
                RenderText {#text} at (0,0) size 3x11
                  text run at (0,0) width 3: " "
            RenderTableCell {TD} at (144,204) size 9x12 [bgcolor=#939494] [r=17 c=16 rs=1 cs=1]
              RenderInline {FONT} at (0,0) size 3x11
                RenderText {#text} at (0,0) size 3x11
                  text run at (0,0) width 3: " "
            RenderTableCell {TD} at (153,204) size 9x12 [bgcolor=#848788] [r=17 c=17 rs=1 cs=1]
              RenderInline {FONT} at (0,0) size 3x11
                RenderText {#text} at (0,0) size 3x11
                  text run at (0,0) width 3: " "
            RenderTableCell {TD} at (162,204) size 9x12 [bgcolor=#2D3433] [r=17 c=18 rs=1 cs=1]
              RenderInline {FONT} at (0,0) size 3x11
                RenderText {#text} at (0,0) size 3x11
                  text run at (0,0) width 3: " "
            RenderTableCell {TD} at (171,204) size 9x12 [bgcolor=#1E7A79] [r=17 c=19 rs=1 cs=1]
              RenderInline {FONT} at (0,0) size 3x11
                RenderText {#text} at (0,0) size 3x11
                  text run at (0,0) width 3: " "
            RenderTableCell {TD} at (180,204) size 9x12 [bgcolor=#027777] [r=17 c=20 rs=1 cs=1]
              RenderInline {FONT} at (0,0) size 3x11
                RenderText {#text} at (0,0) size 3x11
                  text run at (0,0) width 3: " "
            RenderTableCell {TD} at (189,204) size 9x12 [bgcolor=#1A6B6A] [r=17 c=21 rs=1 cs=1]
              RenderInline {FONT} at (0,0) size 3x11
                RenderText {#text} at (0,0) size 3x11
                  text run at (0,0) width 3: " "
            RenderTableCell {TD} at (198,204) size 9x12 [bgcolor=#5A8787] [r=17 c=22 rs=1 cs=1]
              RenderInline {FONT} at (0,0) size 3x11
                RenderText {#text} at (0,0) size 3x11
                  text run at (0,0) width 3: " "
            RenderTableCell {TD} at (207,204) size 9x12 [bgcolor=#A5A6A6] [r=17 c=23 rs=1 cs=1]
              RenderInline {FONT} at (0,0) size 3x11
                RenderText {#text} at (0,0) size 3x11
                  text run at (0,0) width 3: " "
            RenderTableCell {TD} at (216,204) size 9x12 [bgcolor=#A5A6A6] [r=17 c=24 rs=1 cs=1]
              RenderInline {FONT} at (0,0) size 3x11
                RenderText {#text} at (0,0) size 3x11
                  text run at (0,0) width 3: " "
            RenderTableCell {TD} at (225,204) size 9x12 [bgcolor=#A5A6A6] [r=17 c=25 rs=1 cs=1]
              RenderInline {FONT} at (0,0) size 3x11
                RenderText {#text} at (0,0) size 3x11
                  text run at (0,0) width 3: " "
            RenderTableCell {TD} at (234,204) size 9x12 [bgcolor=#939494] [r=17 c=26 rs=1 cs=1]
              RenderInline {FONT} at (0,0) size 3x11
                RenderText {#text} at (0,0) size 3x11
                  text run at (0,0) width 3: " "
            RenderTableCell {TD} at (243,204) size 9x12 [bgcolor=#696A69] [r=17 c=27 rs=1 cs=1]
              RenderInline {FONT} at (0,0) size 3x11
                RenderText {#text} at (0,0) size 3x11
                  text run at (0,0) width 3: " "
            RenderTableCell {TD} at (252,204) size 9x12 [bgcolor=#072323] [r=17 c=28 rs=1 cs=1]
              RenderInline {FONT} at (0,0) size 3x11
                RenderText {#text} at (0,0) size 3x11
                  text run at (0,0) width 3: " "
            RenderTableCell {TD} at (261,204) size 9x12 [bgcolor=#083131] [r=17 c=29 rs=1 cs=1]
              RenderInline {FONT} at (0,0) size 3x11
                RenderText {#text} at (0,0) size 3x11
                  text run at (0,0) width 3: " "
            RenderTableCell {TD} at (270,204) size 9x12 [bgcolor=#647979] [r=17 c=30 rs=1 cs=1]
              RenderInline {FONT} at (0,0) size 3x11
                RenderText {#text} at (0,0) size 3x11
                  text run at (0,0) width 3: " "
            RenderTableCell {TD} at (279,204) size 9x12 [bgcolor=#939494] [r=17 c=31 rs=1 cs=1]
              RenderInline {FONT} at (0,0) size 3x11
                RenderText {#text} at (0,0) size 3x11
                  text run at (0,0) width 3: " "
            RenderTableCell {TD} at (288,204) size 9x12 [bgcolor=#939494] [r=17 c=32 rs=1 cs=1]
              RenderInline {FONT} at (0,0) size 3x11
                RenderText {#text} at (0,0) size 3x11
                  text run at (0,0) width 3: " "
            RenderTableCell {TD} at (297,204) size 9x12 [bgcolor=#3D4242] [r=17 c=33 rs=1 cs=1]
              RenderInline {FONT} at (0,0) size 3x11
                RenderText {#text} at (0,0) size 3x11
                  text run at (0,0) width 3: " "
            RenderTableCell {TD} at (306,204) size 9x12 [bgcolor=#777878] [r=17 c=34 rs=1 cs=1]
              RenderInline {FONT} at (0,0) size 3x11
                RenderText {#text} at (0,0) size 3x11
                  text run at (0,0) width 3: " "
            RenderTableCell {TD} at (315,204) size 9x12 [bgcolor=#848788] [r=17 c=35 rs=1 cs=1]
              RenderInline {FONT} at (0,0) size 3x11
                RenderText {#text} at (0,0) size 3x11
                  text run at (0,0) width 3: " "
            RenderTableCell {TD} at (324,204) size 10x12 [bgcolor=#447877] [r=17 c=36 rs=1 cs=1]
              RenderInline {FONT} at (0,0) size 3x11
                RenderText {#text} at (0,0) size 3x11
                  text run at (0,0) width 3: " "
            RenderTableCell {TD} at (334,204) size 10x12 [bgcolor=#7B918F] [r=17 c=37 rs=1 cs=1]
              RenderInline {FONT} at (0,0) size 3x11
                RenderText {#text} at (0,0) size 3x11
                  text run at (0,0) width 3: " "
            RenderTableCell {TD} at (344,204) size 10x12 [bgcolor=#A5A6A6] [r=17 c=38 rs=1 cs=1]
              RenderInline {FONT} at (0,0) size 3x11
                RenderText {#text} at (0,0) size 3x11
                  text run at (0,0) width 3: " "
            RenderTableCell {TD} at (354,204) size 10x12 [bgcolor=#A5A6A6] [r=17 c=39 rs=1 cs=1]
              RenderInline {FONT} at (0,0) size 3x11
                RenderText {#text} at (0,0) size 3x11
                  text run at (0,0) width 3: " "
            RenderTableCell {TD} at (364,204) size 10x12 [bgcolor=#A5A6A6] [r=17 c=40 rs=1 cs=1]
              RenderInline {FONT} at (0,0) size 3x11
                RenderText {#text} at (0,0) size 3x11
                  text run at (0,0) width 3: " "
            RenderTableCell {TD} at (374,204) size 10x12 [bgcolor=#A5A6A6] [r=17 c=41 rs=1 cs=1]
              RenderInline {FONT} at (0,0) size 3x11
                RenderText {#text} at (0,0) size 3x11
                  text run at (0,0) width 3: " "
            RenderTableCell {TD} at (384,204) size 10x12 [bgcolor=#848788] [r=17 c=42 rs=1 cs=1]
              RenderInline {FONT} at (0,0) size 3x11
                RenderText {#text} at (0,0) size 3x11
                  text run at (0,0) width 3: " "
            RenderTableCell {TD} at (394,204) size 10x12 [bgcolor=#344C4E] [r=17 c=43 rs=1 cs=1]
              RenderInline {FONT} at (0,0) size 3x11
                RenderText {#text} at (0,0) size 3x11
                  text run at (0,0) width 3: " "
            RenderTableCell {TD} at (404,204) size 10x12 [bgcolor=#072323] [r=17 c=44 rs=1 cs=1]
              RenderInline {FONT} at (0,0) size 3x11
                RenderText {#text} at (0,0) size 3x11
                  text run at (0,0) width 3: " "
            RenderTableCell {TD} at (414,204) size 10x12 [bgcolor=#044F4F] [r=17 c=45 rs=1 cs=1]
              RenderInline {FONT} at (0,0) size 3x11
                RenderText {#text} at (0,0) size 3x11
                  text run at (0,0) width 3: " "
            RenderTableCell {TD} at (424,204) size 10x12 [bgcolor=#026766] [r=17 c=46 rs=1 cs=1]
              RenderInline {FONT} at (0,0) size 3x11
                RenderText {#text} at (0,0) size 3x11
                  text run at (0,0) width 3: " "
            RenderTableCell {TD} at (434,204) size 10x12 [bgcolor=#026766] [r=17 c=47 rs=1 cs=1]
              RenderInline {FONT} at (0,0) size 3x11
                RenderText {#text} at (0,0) size 3x11
                  text run at (0,0) width 3: " "
            RenderTableCell {TD} at (444,204) size 10x12 [bgcolor=#589594] [r=17 c=48 rs=1 cs=1]
              RenderInline {FONT} at (0,0) size 3x11
                RenderText {#text} at (0,0) size 3x11
                  text run at (0,0) width 3: " "
            RenderTableCell {TD} at (454,204) size 10x12 [bgcolor=#848788] [r=17 c=49 rs=1 cs=1]
              RenderInline {FONT} at (0,0) size 3x11
                RenderText {#text} at (0,0) size 3x11
                  text run at (0,0) width 3: " "
            RenderTableCell {TD} at (464,204) size 10x12 [bgcolor=#344C4E] [r=17 c=50 rs=1 cs=1]
              RenderInline {FONT} at (0,0) size 3x11
                RenderText {#text} at (0,0) size 3x11
                  text run at (0,0) width 3: " "
            RenderTableCell {TD} at (474,204) size 10x12 [bgcolor=#083131] [r=17 c=51 rs=1 cs=1]
              RenderInline {FONT} at (0,0) size 3x11
                RenderText {#text} at (0,0) size 3x11
                  text run at (0,0) width 3: " "
            RenderTableCell {TD} at (484,204) size 10x12 [bgcolor=#3D4242] [r=17 c=52 rs=1 cs=1]
              RenderInline {FONT} at (0,0) size 3x11
                RenderText {#text} at (0,0) size 3x11
                  text run at (0,0) width 3: " "
            RenderTableCell {TD} at (494,204) size 10x12 [bgcolor=#696A69] [r=17 c=53 rs=1 cs=1]
              RenderInline {FONT} at (0,0) size 3x11
                RenderText {#text} at (0,0) size 3x11
                  text run at (0,0) width 3: " "
            RenderTableCell {TD} at (504,204) size 10x12 [bgcolor=#848788] [r=17 c=54 rs=1 cs=1]
              RenderInline {FONT} at (0,0) size 3x11
                RenderText {#text} at (0,0) size 3x11
                  text run at (0,0) width 3: " "
            RenderTableCell {TD} at (514,204) size 10x12 [bgcolor=#939494] [r=17 c=55 rs=1 cs=1]
              RenderInline {FONT} at (0,0) size 3x11
                RenderText {#text} at (0,0) size 3x11
                  text run at (0,0) width 3: " "
            RenderTableCell {TD} at (524,204) size 10x12 [bgcolor=#A5A6A6] [r=17 c=56 rs=1 cs=1]
              RenderInline {FONT} at (0,0) size 3x11
                RenderText {#text} at (0,0) size 3x11
                  text run at (0,0) width 3: " "
            RenderTableCell {TD} at (534,204) size 10x12 [bgcolor=#91A3A3] [r=17 c=57 rs=1 cs=1]
              RenderInline {FONT} at (0,0) size 3x11
                RenderText {#text} at (0,0) size 3x11
                  text run at (0,0) width 3: " "
            RenderTableCell {TD} at (544,204) size 10x12 [bgcolor=#848788] [r=17 c=58 rs=1 cs=1]
              RenderInline {FONT} at (0,0) size 3x11
                RenderText {#text} at (0,0) size 3x11
                  text run at (0,0) width 3: " "
            RenderTableCell {TD} at (554,204) size 10x12 [bgcolor=#3D4242] [r=17 c=59 rs=1 cs=1]
              RenderInline {FONT} at (0,0) size 3x11
                RenderText {#text} at (0,0) size 3x11
                  text run at (0,0) width 3: " "
            RenderTableCell {TD} at (564,204) size 10x12 [bgcolor=#848788] [r=17 c=60 rs=1 cs=1]
              RenderInline {FONT} at (0,0) size 3x11
                RenderText {#text} at (0,0) size 3x11
                  text run at (0,0) width 3: " "
            RenderTableCell {TD} at (574,204) size 10x12 [bgcolor=#026766] [r=17 c=61 rs=1 cs=1]
              RenderInline {FONT} at (0,0) size 3x11
                RenderText {#text} at (0,0) size 3x11
                  text run at (0,0) width 3: " "
            RenderTableCell {TD} at (584,204) size 10x12 [bgcolor=#026766] [r=17 c=62 rs=1 cs=1]
              RenderInline {FONT} at (0,0) size 3x11
                RenderText {#text} at (0,0) size 3x11
                  text run at (0,0) width 3: " "
            RenderTableCell {TD} at (594,204) size 10x12 [bgcolor=#025E5E] [r=17 c=63 rs=1 cs=1]
              RenderInline {FONT} at (0,0) size 3x11
                RenderText {#text} at (0,0) size 3x11
                  text run at (0,0) width 3: " "
            RenderTableCell {TD} at (604,204) size 10x12 [bgcolor=#526B6B] [r=17 c=64 rs=1 cs=1]
              RenderInline {FONT} at (0,0) size 3x11
                RenderText {#text} at (0,0) size 3x11
                  text run at (0,0) width 3: " "
            RenderTableCell {TD} at (614,204) size 10x12 [bgcolor=#939494] [r=17 c=65 rs=1 cs=1]
              RenderInline {FONT} at (0,0) size 3x11
                RenderText {#text} at (0,0) size 3x11
                  text run at (0,0) width 3: " "
            RenderTableCell {TD} at (624,204) size 10x12 [bgcolor=#A5A6A6] [r=17 c=66 rs=1 cs=1]
              RenderInline {FONT} at (0,0) size 3x11
                RenderText {#text} at (0,0) size 3x11
                  text run at (0,0) width 3: " "
            RenderTableCell {TD} at (634,204) size 10x12 [bgcolor=#A5A6A6] [r=17 c=67 rs=1 cs=1]
              RenderInline {FONT} at (0,0) size 3x11
                RenderText {#text} at (0,0) size 3x11
                  text run at (0,0) width 3: " "
            RenderTableCell {TD} at (644,204) size 10x12 [bgcolor=#A5A6A6] [r=17 c=68 rs=1 cs=1]
              RenderInline {FONT} at (0,0) size 3x11
                RenderText {#text} at (0,0) size 3x11
                  text run at (0,0) width 3: " "
            RenderTableCell {TD} at (654,204) size 10x12 [bgcolor=#696A69] [r=17 c=69 rs=1 cs=1]
              RenderInline {FONT} at (0,0) size 3x11
                RenderText {#text} at (0,0) size 3x11
                  text run at (0,0) width 3: " "
            RenderTableCell {TD} at (664,204) size 10x12 [bgcolor=#083131] [r=17 c=70 rs=1 cs=1]
              RenderInline {FONT} at (0,0) size 3x11
                RenderText {#text} at (0,0) size 3x11
                  text run at (0,0) width 3: " "
            RenderTableCell {TD} at (674,204) size 10x12 [bgcolor=#647979] [r=17 c=71 rs=1 cs=1]
              RenderInline {FONT} at (0,0) size 3x11
                RenderText {#text} at (0,0) size 3x11
                  text run at (0,0) width 3: " "
            RenderTableCell {TD} at (684,204) size 10x12 [bgcolor=#848788] [r=17 c=72 rs=1 cs=1]
              RenderInline {FONT} at (0,0) size 3x11
                RenderText {#text} at (0,0) size 3x11
                  text run at (0,0) width 3: " "
            RenderTableCell {TD} at (694,204) size 10x12 [bgcolor=#2D3433] [r=17 c=73 rs=1 cs=1]
              RenderInline {FONT} at (0,0) size 3x11
                RenderText {#text} at (0,0) size 3x11
                  text run at (0,0) width 3: " "
            RenderTableCell {TD} at (704,204) size 10x12 [bgcolor=#5E5F60] [r=17 c=74 rs=1 cs=1]
              RenderInline {FONT} at (0,0) size 3x11
                RenderText {#text} at (0,0) size 3x11
                  text run at (0,0) width 3: " "
            RenderTableCell {TD} at (714,204) size 10x12 [bgcolor=#848788] [r=17 c=75 rs=1 cs=1]
              RenderInline {FONT} at (0,0) size 3x11
                RenderText {#text} at (0,0) size 3x11
                  text run at (0,0) width 3: " "
            RenderTableCell {TD} at (724,204) size 10x12 [bgcolor=#939494] [r=17 c=76 rs=1 cs=1]
              RenderInline {FONT} at (0,0) size 3x11
                RenderText {#text} at (0,0) size 3x11
                  text run at (0,0) width 3: " "
            RenderTableCell {TD} at (734,204) size 10x12 [bgcolor=#848788] [r=17 c=77 rs=1 cs=1]
              RenderInline {FONT} at (0,0) size 3x11
                RenderText {#text} at (0,0) size 3x11
                  text run at (0,0) width 3: " "
            RenderTableCell {TD} at (744,204) size 10x12 [bgcolor=#527274] [r=17 c=78 rs=1 cs=1]
              RenderInline {FONT} at (0,0) size 3x11
                RenderText {#text} at (0,0) size 3x11
                  text run at (0,0) width 3: " "
            RenderTableCell {TD} at (754,204) size 10x12 [bgcolor=#7B918F] [r=17 c=79 rs=1 cs=1]
              RenderInline {FONT} at (0,0) size 3x11
                RenderText {#text} at (0,0) size 3x11
                  text run at (0,0) width 3: " "
            RenderTableCell {TD} at (764,204) size 10x12 [bgcolor=#A5A6A6] [r=17 c=80 rs=1 cs=1]
              RenderInline {FONT} at (0,0) size 3x11
                RenderText {#text} at (0,0) size 3x11
                  text run at (0,0) width 3: " "
            RenderTableCell {TD} at (774,204) size 10x12 [bgcolor=#A5A6A6] [r=17 c=81 rs=1 cs=1]
              RenderInline {FONT} at (0,0) size 3x11
                RenderText {#text} at (0,0) size 3x11
                  text run at (0,0) width 3: " "
            RenderTableCell {TD} at (784,204) size 10x12 [bgcolor=#A5A6A6] [r=17 c=82 rs=1 cs=1]
              RenderInline {FONT} at (0,0) size 3x11
                RenderText {#text} at (0,0) size 3x11
                  text run at (0,0) width 3: " "
            RenderTableCell {TD} at (794,204) size 10x12 [bgcolor=#939494] [r=17 c=83 rs=1 cs=1]
              RenderInline {FONT} at (0,0) size 3x11
                RenderText {#text} at (0,0) size 3x11
                  text run at (0,0) width 3: " "
            RenderTableCell {TD} at (804,204) size 10x12 [bgcolor=#5E5F60] [r=17 c=84 rs=1 cs=1]
              RenderInline {FONT} at (0,0) size 3x11
                RenderText {#text} at (0,0) size 3x11
                  text run at (0,0) width 3: " "
            RenderTableCell {TD} at (814,204) size 10x12 [bgcolor=#072323] [r=17 c=85 rs=1 cs=1]
              RenderInline {FONT} at (0,0) size 3x11
                RenderText {#text} at (0,0) size 3x11
                  text run at (0,0) width 3: " "
            RenderTableCell {TD} at (824,204) size 10x12 [bgcolor=#044140] [r=17 c=86 rs=1 cs=1]
              RenderInline {FONT} at (0,0) size 3x11
                RenderText {#text} at (0,0) size 3x11
                  text run at (0,0) width 3: " "
            RenderTableCell {TD} at (834,204) size 10x12 [bgcolor=#026766] [r=17 c=87 rs=1 cs=1]
              RenderInline {FONT} at (0,0) size 3x11
                RenderText {#text} at (0,0) size 3x11
                  text run at (0,0) width 3: " "
            RenderTableCell {TD} at (844,204) size 10x12 [bgcolor=#026766] [r=17 c=88 rs=1 cs=1]
              RenderInline {FONT} at (0,0) size 3x11
                RenderText {#text} at (0,0) size 3x11
                  text run at (0,0) width 3: " "
            RenderTableCell {TD} at (854,204) size 10x12 [bgcolor=#026766] [r=17 c=89 rs=1 cs=1]
              RenderInline {FONT} at (0,0) size 3x11
                RenderText {#text} at (0,0) size 3x11
                  text run at (0,0) width 3: " "
            RenderTableCell {TD} at (864,204) size 10x12 [bgcolor=#026766] [r=17 c=90 rs=1 cs=1]
              RenderInline {FONT} at (0,0) size 3x11
                RenderText {#text} at (0,0) size 3x11
                  text run at (0,0) width 3: " "
            RenderTableCell {TD} at (874,204) size 10x12 [bgcolor=#287A7A] [r=17 c=91 rs=1 cs=1]
              RenderInline {FONT} at (0,0) size 3x11
                RenderText {#text} at (0,0) size 3x11
                  text run at (0,0) width 3: " "
            RenderTableCell {TD} at (884,204) size 10x12 [bgcolor=#939494] [r=17 c=92 rs=1 cs=1]
              RenderInline {FONT} at (0,0) size 3x11
                RenderText {#text} at (0,0) size 3x11
                  text run at (0,0) width 3: " "
            RenderTableCell {TD} at (894,204) size 10x12 [bgcolor=#939494] [r=17 c=93 rs=1 cs=1]
              RenderInline {FONT} at (0,0) size 3x11
                RenderText {#text} at (0,0) size 3x11
                  text run at (0,0) width 3: " "
            RenderTableCell {TD} at (904,204) size 10x12 [bgcolor=#939494] [r=17 c=94 rs=1 cs=1]
              RenderInline {FONT} at (0,0) size 3x11
                RenderText {#text} at (0,0) size 3x11
                  text run at (0,0) width 3: " "
            RenderTableCell {TD} at (914,204) size 10x12 [bgcolor=#4D4F4F] [r=17 c=95 rs=1 cs=1]
              RenderInline {FONT} at (0,0) size 3x11
                RenderText {#text} at (0,0) size 3x11
                  text run at (0,0) width 3: " "
            RenderTableCell {TD} at (924,204) size 10x12 [bgcolor=#696A69] [r=17 c=96 rs=1 cs=1]
              RenderInline {FONT} at (0,0) size 3x11
                RenderText {#text} at (0,0) size 3x11
                  text run at (0,0) width 3: " "
            RenderTableCell {TD} at (934,204) size 10x12 [bgcolor=#848788] [r=17 c=97 rs=1 cs=1]
              RenderInline {FONT} at (0,0) size 3x11
                RenderText {#text} at (0,0) size 3x11
                  text run at (0,0) width 3: " "
            RenderTableCell {TD} at (944,204) size 10x12 [bgcolor=#777878] [r=17 c=98 rs=1 cs=1]
              RenderInline {FONT} at (0,0) size 3x11
                RenderText {#text} at (0,0) size 3x11
                  text run at (0,0) width 3: " "
            RenderTableCell {TD} at (954,204) size 10x12 [bgcolor=#4D4F4F] [r=17 c=99 rs=1 cs=1]
              RenderInline {FONT} at (0,0) size 3x11
                RenderText {#text} at (0,0) size 3x11
                  text run at (0,0) width 3: " "
          RenderTableRow {TR} at (0,216) size 964x12
            RenderTableCell {TD} at (0,216) size 9x12 [bgcolor=#FDFDFB] [r=18 c=0 rs=1 cs=1]
              RenderInline {FONT} at (0,0) size 3x11
                RenderText {#text} at (0,0) size 3x11
                  text run at (0,0) width 3: " "
            RenderTableCell {TD} at (9,216) size 9x12 [bgcolor=#EDEEEF] [r=18 c=1 rs=1 cs=1]
              RenderInline {FONT} at (0,0) size 3x11
                RenderText {#text} at (0,0) size 3x11
                  text run at (0,0) width 3: " "
            RenderTableCell {TD} at (18,216) size 9x12 [bgcolor=#7CAEAF] [r=18 c=2 rs=1 cs=1]
              RenderInline {FONT} at (0,0) size 3x11
                RenderText {#text} at (0,0) size 3x11
                  text run at (0,0) width 3: " "
            RenderTableCell {TD} at (27,216) size 9x12 [bgcolor=#025E5E] [r=18 c=3 rs=1 cs=1]
              RenderInline {FONT} at (0,0) size 3x11
                RenderText {#text} at (0,0) size 3x11
                  text run at (0,0) width 3: " "
            RenderTableCell {TD} at (36,216) size 9x12 [bgcolor=#025E5E] [r=18 c=4 rs=1 cs=1]
              RenderInline {FONT} at (0,0) size 3x11
                RenderText {#text} at (0,0) size 3x11
                  text run at (0,0) width 3: " "
            RenderTableCell {TD} at (45,216) size 9x12 [bgcolor=#044F4F] [r=18 c=5 rs=1 cs=1]
              RenderInline {FONT} at (0,0) size 3x11
                RenderText {#text} at (0,0) size 3x11
                  text run at (0,0) width 3: " "
            RenderTableCell {TD} at (54,216) size 9x12 [bgcolor=#044F4F] [r=18 c=6 rs=1 cs=1]
              RenderInline {FONT} at (0,0) size 3x11
                RenderText {#text} at (0,0) size 3x11
                  text run at (0,0) width 3: " "
            RenderTableCell {TD} at (63,216) size 9x12 [bgcolor=#044F4F] [r=18 c=7 rs=1 cs=1]
              RenderInline {FONT} at (0,0) size 3x11
                RenderText {#text} at (0,0) size 3x11
                  text run at (0,0) width 3: " "
            RenderTableCell {TD} at (72,216) size 9x12 [bgcolor=#044F4F] [r=18 c=8 rs=1 cs=1]
              RenderInline {FONT} at (0,0) size 3x11
                RenderText {#text} at (0,0) size 3x11
                  text run at (0,0) width 3: " "
            RenderTableCell {TD} at (81,216) size 9x12 [bgcolor=#044F4F] [r=18 c=9 rs=1 cs=1]
              RenderInline {FONT} at (0,0) size 3x11
                RenderText {#text} at (0,0) size 3x11
                  text run at (0,0) width 3: " "
            RenderTableCell {TD} at (90,216) size 9x12 [bgcolor=#044F4F] [r=18 c=10 rs=1 cs=1]
              RenderInline {FONT} at (0,0) size 3x11
                RenderText {#text} at (0,0) size 3x11
                  text run at (0,0) width 3: " "
            RenderTableCell {TD} at (99,216) size 9x12 [bgcolor=#025E5E] [r=18 c=11 rs=1 cs=1]
              RenderInline {FONT} at (0,0) size 3x11
                RenderText {#text} at (0,0) size 3x11
                  text run at (0,0) width 3: " "
            RenderTableCell {TD} at (108,216) size 9x12 [bgcolor=#025E5E] [r=18 c=12 rs=1 cs=1]
              RenderInline {FONT} at (0,0) size 3x11
                RenderText {#text} at (0,0) size 3x11
                  text run at (0,0) width 3: " "
            RenderTableCell {TD} at (117,216) size 9x12 [bgcolor=#044140] [r=18 c=13 rs=1 cs=1]
              RenderInline {FONT} at (0,0) size 3x11
                RenderText {#text} at (0,0) size 3x11
                  text run at (0,0) width 3: " "
            RenderTableCell {TD} at (126,216) size 9x12 [bgcolor=#223C3D] [r=18 c=14 rs=1 cs=1]
              RenderInline {FONT} at (0,0) size 3x11
                RenderText {#text} at (0,0) size 3x11
                  text run at (0,0) width 3: " "
            RenderTableCell {TD} at (135,216) size 9x12 [bgcolor=#515C5B] [r=18 c=15 rs=1 cs=1]
              RenderInline {FONT} at (0,0) size 3x11
                RenderText {#text} at (0,0) size 3x11
                  text run at (0,0) width 3: " "
            RenderTableCell {TD} at (144,216) size 9x12 [bgcolor=#696A69] [r=18 c=16 rs=1 cs=1]
              RenderInline {FONT} at (0,0) size 3x11
                RenderText {#text} at (0,0) size 3x11
                  text run at (0,0) width 3: " "
            RenderTableCell {TD} at (153,216) size 9x12 [bgcolor=#777878] [r=18 c=17 rs=1 cs=1]
              RenderInline {FONT} at (0,0) size 3x11
                RenderText {#text} at (0,0) size 3x11
                  text run at (0,0) width 3: " "
            RenderTableCell {TD} at (162,216) size 9x12 [bgcolor=#777878] [r=18 c=18 rs=1 cs=1]
              RenderInline {FONT} at (0,0) size 3x11
                RenderText {#text} at (0,0) size 3x11
                  text run at (0,0) width 3: " "
            RenderTableCell {TD} at (171,216) size 9x12 [bgcolor=#1E7A79] [r=18 c=19 rs=1 cs=1]
              RenderInline {FONT} at (0,0) size 3x11
                RenderText {#text} at (0,0) size 3x11
                  text run at (0,0) width 3: " "
            RenderTableCell {TD} at (180,216) size 9x12 [bgcolor=#027777] [r=18 c=20 rs=1 cs=1]
              RenderInline {FONT} at (0,0) size 3x11
                RenderText {#text} at (0,0) size 3x11
                  text run at (0,0) width 3: " "
            RenderTableCell {TD} at (189,216) size 9x12 [bgcolor=#026766] [r=18 c=21 rs=1 cs=1]
              RenderInline {FONT} at (0,0) size 3x11
                RenderText {#text} at (0,0) size 3x11
                  text run at (0,0) width 3: " "
            RenderTableCell {TD} at (198,216) size 9x12 [bgcolor=#025E5E] [r=18 c=22 rs=1 cs=1]
              RenderInline {FONT} at (0,0) size 3x11
                RenderText {#text} at (0,0) size 3x11
                  text run at (0,0) width 3: " "
            RenderTableCell {TD} at (207,216) size 9x12 [bgcolor=#044F4F] [r=18 c=23 rs=1 cs=1]
              RenderInline {FONT} at (0,0) size 3x11
                RenderText {#text} at (0,0) size 3x11
                  text run at (0,0) width 3: " "
            RenderTableCell {TD} at (216,216) size 9x12 [bgcolor=#044F4F] [r=18 c=24 rs=1 cs=1]
              RenderInline {FONT} at (0,0) size 3x11
                RenderText {#text} at (0,0) size 3x11
                  text run at (0,0) width 3: " "
            RenderTableCell {TD} at (225,216) size 9x12 [bgcolor=#044F4F] [r=18 c=25 rs=1 cs=1]
              RenderInline {FONT} at (0,0) size 3x11
                RenderText {#text} at (0,0) size 3x11
                  text run at (0,0) width 3: " "
            RenderTableCell {TD} at (234,216) size 9x12 [bgcolor=#044140] [r=18 c=26 rs=1 cs=1]
              RenderInline {FONT} at (0,0) size 3x11
                RenderText {#text} at (0,0) size 3x11
                  text run at (0,0) width 3: " "
            RenderTableCell {TD} at (243,216) size 9x12 [bgcolor=#044F4F] [r=18 c=27 rs=1 cs=1]
              RenderInline {FONT} at (0,0) size 3x11
                RenderText {#text} at (0,0) size 3x11
                  text run at (0,0) width 3: " "
            RenderTableCell {TD} at (252,216) size 9x12 [bgcolor=#044F4F] [r=18 c=28 rs=1 cs=1]
              RenderInline {FONT} at (0,0) size 3x11
                RenderText {#text} at (0,0) size 3x11
                  text run at (0,0) width 3: " "
            RenderTableCell {TD} at (261,216) size 9x12 [bgcolor=#044140] [r=18 c=29 rs=1 cs=1]
              RenderInline {FONT} at (0,0) size 3x11
                RenderText {#text} at (0,0) size 3x11
                  text run at (0,0) width 3: " "
            RenderTableCell {TD} at (270,216) size 9x12 [bgcolor=#072323] [r=18 c=30 rs=1 cs=1]
              RenderInline {FONT} at (0,0) size 3x11
                RenderText {#text} at (0,0) size 3x11
                  text run at (0,0) width 3: " "
            RenderTableCell {TD} at (279,216) size 9x12 [bgcolor=#2D3433] [r=18 c=31 rs=1 cs=1]
              RenderInline {FONT} at (0,0) size 3x11
                RenderText {#text} at (0,0) size 3x11
                  text run at (0,0) width 3: " "
            RenderTableCell {TD} at (288,216) size 9x12 [bgcolor=#3D4242] [r=18 c=32 rs=1 cs=1]
              RenderInline {FONT} at (0,0) size 3x11
                RenderText {#text} at (0,0) size 3x11
                  text run at (0,0) width 3: " "
            RenderTableCell {TD} at (297,216) size 9x12 [bgcolor=#696A69] [r=18 c=33 rs=1 cs=1]
              RenderInline {FONT} at (0,0) size 3x11
                RenderText {#text} at (0,0) size 3x11
                  text run at (0,0) width 3: " "
            RenderTableCell {TD} at (306,216) size 9x12 [bgcolor=#848788] [r=18 c=34 rs=1 cs=1]
              RenderInline {FONT} at (0,0) size 3x11
                RenderText {#text} at (0,0) size 3x11
                  text run at (0,0) width 3: " "
            RenderTableCell {TD} at (315,216) size 9x12 [bgcolor=#848788] [r=18 c=35 rs=1 cs=1]
              RenderInline {FONT} at (0,0) size 3x11
                RenderText {#text} at (0,0) size 3x11
                  text run at (0,0) width 3: " "
            RenderTableCell {TD} at (324,216) size 10x12 [bgcolor=#027777] [r=18 c=36 rs=1 cs=1]
              RenderInline {FONT} at (0,0) size 3x11
                RenderText {#text} at (0,0) size 3x11
                  text run at (0,0) width 3: " "
            RenderTableCell {TD} at (334,216) size 10x12 [bgcolor=#026766] [r=18 c=37 rs=1 cs=1]
              RenderInline {FONT} at (0,0) size 3x11
                RenderText {#text} at (0,0) size 3x11
                  text run at (0,0) width 3: " "
            RenderTableCell {TD} at (344,216) size 10x12 [bgcolor=#025E5E] [r=18 c=38 rs=1 cs=1]
              RenderInline {FONT} at (0,0) size 3x11
                RenderText {#text} at (0,0) size 3x11
                  text run at (0,0) width 3: " "
            RenderTableCell {TD} at (354,216) size 10x12 [bgcolor=#044F4F] [r=18 c=39 rs=1 cs=1]
              RenderInline {FONT} at (0,0) size 3x11
                RenderText {#text} at (0,0) size 3x11
                  text run at (0,0) width 3: " "
            RenderTableCell {TD} at (364,216) size 10x12 [bgcolor=#044F4F] [r=18 c=40 rs=1 cs=1]
              RenderInline {FONT} at (0,0) size 3x11
                RenderText {#text} at (0,0) size 3x11
                  text run at (0,0) width 3: " "
            RenderTableCell {TD} at (374,216) size 10x12 [bgcolor=#044F4F] [r=18 c=41 rs=1 cs=1]
              RenderInline {FONT} at (0,0) size 3x11
                RenderText {#text} at (0,0) size 3x11
                  text run at (0,0) width 3: " "
            RenderTableCell {TD} at (384,216) size 10x12 [bgcolor=#044F4F] [r=18 c=42 rs=1 cs=1]
              RenderInline {FONT} at (0,0) size 3x11
                RenderText {#text} at (0,0) size 3x11
                  text run at (0,0) width 3: " "
            RenderTableCell {TD} at (394,216) size 10x12 [bgcolor=#044F4F] [r=18 c=43 rs=1 cs=1]
              RenderInline {FONT} at (0,0) size 3x11
                RenderText {#text} at (0,0) size 3x11
                  text run at (0,0) width 3: " "
            RenderTableCell {TD} at (404,216) size 10x12 [bgcolor=#025E5E] [r=18 c=44 rs=1 cs=1]
              RenderInline {FONT} at (0,0) size 3x11
                RenderText {#text} at (0,0) size 3x11
                  text run at (0,0) width 3: " "
            RenderTableCell {TD} at (414,216) size 10x12 [bgcolor=#026766] [r=18 c=45 rs=1 cs=1]
              RenderInline {FONT} at (0,0) size 3x11
                RenderText {#text} at (0,0) size 3x11
                  text run at (0,0) width 3: " "
            RenderTableCell {TD} at (424,216) size 10x12 [bgcolor=#026766] [r=18 c=46 rs=1 cs=1]
              RenderInline {FONT} at (0,0) size 3x11
                RenderText {#text} at (0,0) size 3x11
                  text run at (0,0) width 3: " "
            RenderTableCell {TD} at (434,216) size 10x12 [bgcolor=#026766] [r=18 c=47 rs=1 cs=1]
              RenderInline {FONT} at (0,0) size 3x11
                RenderText {#text} at (0,0) size 3x11
                  text run at (0,0) width 3: " "
            RenderTableCell {TD} at (444,216) size 10x12 [bgcolor=#025E5E] [r=18 c=48 rs=1 cs=1]
              RenderInline {FONT} at (0,0) size 3x11
                RenderText {#text} at (0,0) size 3x11
                  text run at (0,0) width 3: " "
            RenderTableCell {TD} at (454,216) size 10x12 [bgcolor=#044F4F] [r=18 c=49 rs=1 cs=1]
              RenderInline {FONT} at (0,0) size 3x11
                RenderText {#text} at (0,0) size 3x11
                  text run at (0,0) width 3: " "
            RenderTableCell {TD} at (464,216) size 10x12 [bgcolor=#044140] [r=18 c=50 rs=1 cs=1]
              RenderInline {FONT} at (0,0) size 3x11
                RenderText {#text} at (0,0) size 3x11
                  text run at (0,0) width 3: " "
            RenderTableCell {TD} at (474,216) size 10x12 [bgcolor=#083131] [r=18 c=51 rs=1 cs=1]
              RenderInline {FONT} at (0,0) size 3x11
                RenderText {#text} at (0,0) size 3x11
                  text run at (0,0) width 3: " "
            RenderTableCell {TD} at (484,216) size 10x12 [bgcolor=#3D4242] [r=18 c=52 rs=1 cs=1]
              RenderInline {FONT} at (0,0) size 3x11
                RenderText {#text} at (0,0) size 3x11
                  text run at (0,0) width 3: " "
            RenderTableCell {TD} at (494,216) size 10x12 [bgcolor=#696A69] [r=18 c=53 rs=1 cs=1]
              RenderInline {FONT} at (0,0) size 3x11
                RenderText {#text} at (0,0) size 3x11
                  text run at (0,0) width 3: " "
            RenderTableCell {TD} at (504,216) size 10x12 [bgcolor=#848788] [r=18 c=54 rs=1 cs=1]
              RenderInline {FONT} at (0,0) size 3x11
                RenderText {#text} at (0,0) size 3x11
                  text run at (0,0) width 3: " "
            RenderTableCell {TD} at (514,216) size 10x12 [bgcolor=#939494] [r=18 c=55 rs=1 cs=1]
              RenderInline {FONT} at (0,0) size 3x11
                RenderText {#text} at (0,0) size 3x11
                  text run at (0,0) width 3: " "
            RenderTableCell {TD} at (524,216) size 10x12 [bgcolor=#939494] [r=18 c=56 rs=1 cs=1]
              RenderInline {FONT} at (0,0) size 3x11
                RenderText {#text} at (0,0) size 3x11
                  text run at (0,0) width 3: " "
            RenderTableCell {TD} at (534,216) size 10x12 [bgcolor=#848788] [r=18 c=57 rs=1 cs=1]
              RenderInline {FONT} at (0,0) size 3x11
                RenderText {#text} at (0,0) size 3x11
                  text run at (0,0) width 3: " "
            RenderTableCell {TD} at (544,216) size 10x12 [bgcolor=#777878] [r=18 c=58 rs=1 cs=1]
              RenderInline {FONT} at (0,0) size 3x11
                RenderText {#text} at (0,0) size 3x11
                  text run at (0,0) width 3: " "
            RenderTableCell {TD} at (554,216) size 10x12 [bgcolor=#848788] [r=18 c=59 rs=1 cs=1]
              RenderInline {FONT} at (0,0) size 3x11
                RenderText {#text} at (0,0) size 3x11
                  text run at (0,0) width 3: " "
            RenderTableCell {TD} at (564,216) size 10x12 [bgcolor=#848788] [r=18 c=60 rs=1 cs=1]
              RenderInline {FONT} at (0,0) size 3x11
                RenderText {#text} at (0,0) size 3x11
                  text run at (0,0) width 3: " "
            RenderTableCell {TD} at (574,216) size 10x12 [bgcolor=#1A6B6A] [r=18 c=61 rs=1 cs=1]
              RenderInline {FONT} at (0,0) size 3x11
                RenderText {#text} at (0,0) size 3x11
                  text run at (0,0) width 3: " "
            RenderTableCell {TD} at (584,216) size 10x12 [bgcolor=#026766] [r=18 c=62 rs=1 cs=1]
              RenderInline {FONT} at (0,0) size 3x11
                RenderText {#text} at (0,0) size 3x11
                  text run at (0,0) width 3: " "
            RenderTableCell {TD} at (594,216) size 10x12 [bgcolor=#026766] [r=18 c=63 rs=1 cs=1]
              RenderInline {FONT} at (0,0) size 3x11
                RenderText {#text} at (0,0) size 3x11
                  text run at (0,0) width 3: " "
            RenderTableCell {TD} at (604,216) size 10x12 [bgcolor=#025E5E] [r=18 c=64 rs=1 cs=1]
              RenderInline {FONT} at (0,0) size 3x11
                RenderText {#text} at (0,0) size 3x11
                  text run at (0,0) width 3: " "
            RenderTableCell {TD} at (614,216) size 10x12 [bgcolor=#044F4F] [r=18 c=65 rs=1 cs=1]
              RenderInline {FONT} at (0,0) size 3x11
                RenderText {#text} at (0,0) size 3x11
                  text run at (0,0) width 3: " "
            RenderTableCell {TD} at (624,216) size 10x12 [bgcolor=#044F4F] [r=18 c=66 rs=1 cs=1]
              RenderInline {FONT} at (0,0) size 3x11
                RenderText {#text} at (0,0) size 3x11
                  text run at (0,0) width 3: " "
            RenderTableCell {TD} at (634,216) size 10x12 [bgcolor=#044F4F] [r=18 c=67 rs=1 cs=1]
              RenderInline {FONT} at (0,0) size 3x11
                RenderText {#text} at (0,0) size 3x11
                  text run at (0,0) width 3: " "
            RenderTableCell {TD} at (644,216) size 10x12 [bgcolor=#044F4F] [r=18 c=68 rs=1 cs=1]
              RenderInline {FONT} at (0,0) size 3x11
                RenderText {#text} at (0,0) size 3x11
                  text run at (0,0) width 3: " "
            RenderTableCell {TD} at (654,216) size 10x12 [bgcolor=#044F4F] [r=18 c=69 rs=1 cs=1]
              RenderInline {FONT} at (0,0) size 3x11
                RenderText {#text} at (0,0) size 3x11
                  text run at (0,0) width 3: " "
            RenderTableCell {TD} at (664,216) size 10x12 [bgcolor=#025E5E] [r=18 c=70 rs=1 cs=1]
              RenderInline {FONT} at (0,0) size 3x11
                RenderText {#text} at (0,0) size 3x11
                  text run at (0,0) width 3: " "
            RenderTableCell {TD} at (674,216) size 10x12 [bgcolor=#025E5E] [r=18 c=71 rs=1 cs=1]
              RenderInline {FONT} at (0,0) size 3x11
                RenderText {#text} at (0,0) size 3x11
                  text run at (0,0) width 3: " "
            RenderTableCell {TD} at (684,216) size 10x12 [bgcolor=#044140] [r=18 c=72 rs=1 cs=1]
              RenderInline {FONT} at (0,0) size 3x11
                RenderText {#text} at (0,0) size 3x11
                  text run at (0,0) width 3: " "
            RenderTableCell {TD} at (694,216) size 10x12 [bgcolor=#223C3D] [r=18 c=73 rs=1 cs=1]
              RenderInline {FONT} at (0,0) size 3x11
                RenderText {#text} at (0,0) size 3x11
                  text run at (0,0) width 3: " "
            RenderTableCell {TD} at (704,216) size 10x12 [bgcolor=#5E5F60] [r=18 c=74 rs=1 cs=1]
              RenderInline {FONT} at (0,0) size 3x11
                RenderText {#text} at (0,0) size 3x11
                  text run at (0,0) width 3: " "
            RenderTableCell {TD} at (714,216) size 10x12 [bgcolor=#777878] [r=18 c=75 rs=1 cs=1]
              RenderInline {FONT} at (0,0) size 3x11
                RenderText {#text} at (0,0) size 3x11
                  text run at (0,0) width 3: " "
            RenderTableCell {TD} at (724,216) size 10x12 [bgcolor=#939494] [r=18 c=76 rs=1 cs=1]
              RenderInline {FONT} at (0,0) size 3x11
                RenderText {#text} at (0,0) size 3x11
                  text run at (0,0) width 3: " "
            RenderTableCell {TD} at (734,216) size 10x12 [bgcolor=#939494] [r=18 c=77 rs=1 cs=1]
              RenderInline {FONT} at (0,0) size 3x11
                RenderText {#text} at (0,0) size 3x11
                  text run at (0,0) width 3: " "
            RenderTableCell {TD} at (744,216) size 10x12 [bgcolor=#1B8685] [r=18 c=78 rs=1 cs=1]
              RenderInline {FONT} at (0,0) size 3x11
                RenderText {#text} at (0,0) size 3x11
                  text run at (0,0) width 3: " "
            RenderTableCell {TD} at (754,216) size 10x12 [bgcolor=#026766] [r=18 c=79 rs=1 cs=1]
              RenderInline {FONT} at (0,0) size 3x11
                RenderText {#text} at (0,0) size 3x11
                  text run at (0,0) width 3: " "
            RenderTableCell {TD} at (764,216) size 10x12 [bgcolor=#025E5E] [r=18 c=80 rs=1 cs=1]
              RenderInline {FONT} at (0,0) size 3x11
                RenderText {#text} at (0,0) size 3x11
                  text run at (0,0) width 3: " "
            RenderTableCell {TD} at (774,216) size 10x12 [bgcolor=#044F4F] [r=18 c=81 rs=1 cs=1]
              RenderInline {FONT} at (0,0) size 3x11
                RenderText {#text} at (0,0) size 3x11
                  text run at (0,0) width 3: " "
            RenderTableCell {TD} at (784,216) size 10x12 [bgcolor=#044F4F] [r=18 c=82 rs=1 cs=1]
              RenderInline {FONT} at (0,0) size 3x11
                RenderText {#text} at (0,0) size 3x11
                  text run at (0,0) width 3: " "
            RenderTableCell {TD} at (794,216) size 10x12 [bgcolor=#044F4F] [r=18 c=83 rs=1 cs=1]
              RenderInline {FONT} at (0,0) size 3x11
                RenderText {#text} at (0,0) size 3x11
                  text run at (0,0) width 3: " "
            RenderTableCell {TD} at (804,216) size 10x12 [bgcolor=#044F4F] [r=18 c=84 rs=1 cs=1]
              RenderInline {FONT} at (0,0) size 3x11
                RenderText {#text} at (0,0) size 3x11
                  text run at (0,0) width 3: " "
            RenderTableCell {TD} at (814,216) size 10x12 [bgcolor=#025E5E] [r=18 c=85 rs=1 cs=1]
              RenderInline {FONT} at (0,0) size 3x11
                RenderText {#text} at (0,0) size 3x11
                  text run at (0,0) width 3: " "
            RenderTableCell {TD} at (824,216) size 10x12 [bgcolor=#026766] [r=18 c=86 rs=1 cs=1]
              RenderInline {FONT} at (0,0) size 3x11
                RenderText {#text} at (0,0) size 3x11
                  text run at (0,0) width 3: " "
            RenderTableCell {TD} at (834,216) size 10x12 [bgcolor=#026766] [r=18 c=87 rs=1 cs=1]
              RenderInline {FONT} at (0,0) size 3x11
                RenderText {#text} at (0,0) size 3x11
                  text run at (0,0) width 3: " "
            RenderTableCell {TD} at (844,216) size 10x12 [bgcolor=#026766] [r=18 c=88 rs=1 cs=1]
              RenderInline {FONT} at (0,0) size 3x11
                RenderText {#text} at (0,0) size 3x11
                  text run at (0,0) width 3: " "
            RenderTableCell {TD} at (854,216) size 10x12 [bgcolor=#026766] [r=18 c=89 rs=1 cs=1]
              RenderInline {FONT} at (0,0) size 3x11
                RenderText {#text} at (0,0) size 3x11
                  text run at (0,0) width 3: " "
            RenderTableCell {TD} at (864,216) size 10x12 [bgcolor=#026766] [r=18 c=90 rs=1 cs=1]
              RenderInline {FONT} at (0,0) size 3x11
                RenderText {#text} at (0,0) size 3x11
                  text run at (0,0) width 3: " "
            RenderTableCell {TD} at (874,216) size 10x12 [bgcolor=#025E5E] [r=18 c=91 rs=1 cs=1]
              RenderInline {FONT} at (0,0) size 3x11
                RenderText {#text} at (0,0) size 3x11
                  text run at (0,0) width 3: " "
            RenderTableCell {TD} at (884,216) size 10x12 [bgcolor=#044F4F] [r=18 c=92 rs=1 cs=1]
              RenderInline {FONT} at (0,0) size 3x11
                RenderText {#text} at (0,0) size 3x11
                  text run at (0,0) width 3: " "
            RenderTableCell {TD} at (894,216) size 10x12 [bgcolor=#083131] [r=18 c=93 rs=1 cs=1]
              RenderInline {FONT} at (0,0) size 3x11
                RenderText {#text} at (0,0) size 3x11
                  text run at (0,0) width 3: " "
            RenderTableCell {TD} at (904,216) size 10x12 [bgcolor=#1C2524] [r=18 c=94 rs=1 cs=1]
              RenderInline {FONT} at (0,0) size 3x11
                RenderText {#text} at (0,0) size 3x11
                  text run at (0,0) width 3: " "
            RenderTableCell {TD} at (914,216) size 10x12 [bgcolor=#4D4F4F] [r=18 c=95 rs=1 cs=1]
              RenderInline {FONT} at (0,0) size 3x11
                RenderText {#text} at (0,0) size 3x11
                  text run at (0,0) width 3: " "
            RenderTableCell {TD} at (924,216) size 10x12 [bgcolor=#777878] [r=18 c=96 rs=1 cs=1]
              RenderInline {FONT} at (0,0) size 3x11
                RenderText {#text} at (0,0) size 3x11
                  text run at (0,0) width 3: " "
            RenderTableCell {TD} at (934,216) size 10x12 [bgcolor=#848788] [r=18 c=97 rs=1 cs=1]
              RenderInline {FONT} at (0,0) size 3x11
                RenderText {#text} at (0,0) size 3x11
                  text run at (0,0) width 3: " "
            RenderTableCell {TD} at (944,216) size 10x12 [bgcolor=#777878] [r=18 c=98 rs=1 cs=1]
              RenderInline {FONT} at (0,0) size 3x11
                RenderText {#text} at (0,0) size 3x11
                  text run at (0,0) width 3: " "
            RenderTableCell {TD} at (954,216) size 10x12 [bgcolor=#4D4F4F] [r=18 c=99 rs=1 cs=1]
              RenderInline {FONT} at (0,0) size 3x11
                RenderText {#text} at (0,0) size 3x11
                  text run at (0,0) width 3: " "
          RenderTableRow {TR} at (0,228) size 964x12
            RenderTableCell {TD} at (0,228) size 9x12 [bgcolor=#FDFDFB] [r=19 c=0 rs=1 cs=1]
              RenderInline {FONT} at (0,0) size 3x11
                RenderText {#text} at (0,0) size 3x11
                  text run at (0,0) width 3: " "
            RenderTableCell {TD} at (9,228) size 9x12 [bgcolor=#FDFDFB] [r=19 c=1 rs=1 cs=1]
              RenderInline {FONT} at (0,0) size 3x11
                RenderText {#text} at (0,0) size 3x11
                  text run at (0,0) width 3: " "
            RenderTableCell {TD} at (18,228) size 9x12 [bgcolor=#DEDFDF] [r=19 c=2 rs=1 cs=1]
              RenderInline {FONT} at (0,0) size 3x11
                RenderText {#text} at (0,0) size 3x11
                  text run at (0,0) width 3: " "
            RenderTableCell {TD} at (27,228) size 9x12 [bgcolor=#5A8787] [r=19 c=3 rs=1 cs=1]
              RenderInline {FONT} at (0,0) size 3x11
                RenderText {#text} at (0,0) size 3x11
                  text run at (0,0) width 3: " "
            RenderTableCell {TD} at (36,228) size 9x12 [bgcolor=#025E5E] [r=19 c=4 rs=1 cs=1]
              RenderInline {FONT} at (0,0) size 3x11
                RenderText {#text} at (0,0) size 3x11
                  text run at (0,0) width 3: " "
            RenderTableCell {TD} at (45,228) size 9x12 [bgcolor=#025E5E] [r=19 c=5 rs=1 cs=1]
              RenderInline {FONT} at (0,0) size 3x11
                RenderText {#text} at (0,0) size 3x11
                  text run at (0,0) width 3: " "
            RenderTableCell {TD} at (54,228) size 9x12 [bgcolor=#025E5E] [r=19 c=6 rs=1 cs=1]
              RenderInline {FONT} at (0,0) size 3x11
                RenderText {#text} at (0,0) size 3x11
                  text run at (0,0) width 3: " "
            RenderTableCell {TD} at (63,228) size 9x12 [bgcolor=#026766] [r=19 c=7 rs=1 cs=1]
              RenderInline {FONT} at (0,0) size 3x11
                RenderText {#text} at (0,0) size 3x11
                  text run at (0,0) width 3: " "
            RenderTableCell {TD} at (72,228) size 9x12 [bgcolor=#026766] [r=19 c=8 rs=1 cs=1]
              RenderInline {FONT} at (0,0) size 3x11
                RenderText {#text} at (0,0) size 3x11
                  text run at (0,0) width 3: " "
            RenderTableCell {TD} at (81,228) size 9x12 [bgcolor=#026766] [r=19 c=9 rs=1 cs=1]
              RenderInline {FONT} at (0,0) size 3x11
                RenderText {#text} at (0,0) size 3x11
                  text run at (0,0) width 3: " "
            RenderTableCell {TD} at (90,228) size 9x12 [bgcolor=#026766] [r=19 c=10 rs=1 cs=1]
              RenderInline {FONT} at (0,0) size 3x11
                RenderText {#text} at (0,0) size 3x11
                  text run at (0,0) width 3: " "
            RenderTableCell {TD} at (99,228) size 9x12 [bgcolor=#025E5E] [r=19 c=11 rs=1 cs=1]
              RenderInline {FONT} at (0,0) size 3x11
                RenderText {#text} at (0,0) size 3x11
                  text run at (0,0) width 3: " "
            RenderTableCell {TD} at (108,228) size 9x12 [bgcolor=#025E5E] [r=19 c=12 rs=1 cs=1]
              RenderInline {FONT} at (0,0) size 3x11
                RenderText {#text} at (0,0) size 3x11
                  text run at (0,0) width 3: " "
            RenderTableCell {TD} at (117,228) size 9x12 [bgcolor=#044140] [r=19 c=13 rs=1 cs=1]
              RenderInline {FONT} at (0,0) size 3x11
                RenderText {#text} at (0,0) size 3x11
                  text run at (0,0) width 3: " "
            RenderTableCell {TD} at (126,228) size 9x12 [bgcolor=#223C3D] [r=19 c=14 rs=1 cs=1]
              RenderInline {FONT} at (0,0) size 3x11
                RenderText {#text} at (0,0) size 3x11
                  text run at (0,0) width 3: " "
            RenderTableCell {TD} at (135,228) size 9x12 [bgcolor=#4D4F4F] [r=19 c=15 rs=1 cs=1]
              RenderInline {FONT} at (0,0) size 3x11
                RenderText {#text} at (0,0) size 3x11
                  text run at (0,0) width 3: " "
            RenderTableCell {TD} at (144,228) size 9x12 [bgcolor=#777878] [r=19 c=16 rs=1 cs=1]
              RenderInline {FONT} at (0,0) size 3x11
                RenderText {#text} at (0,0) size 3x11
                  text run at (0,0) width 3: " "
            RenderTableCell {TD} at (153,228) size 9x12 [bgcolor=#848788] [r=19 c=17 rs=1 cs=1]
              RenderInline {FONT} at (0,0) size 3x11
                RenderText {#text} at (0,0) size 3x11
                  text run at (0,0) width 3: " "
            RenderTableCell {TD} at (162,228) size 9x12 [bgcolor=#848788] [r=19 c=18 rs=1 cs=1]
              RenderInline {FONT} at (0,0) size 3x11
                RenderText {#text} at (0,0) size 3x11
                  text run at (0,0) width 3: " "
            RenderTableCell {TD} at (171,228) size 9x12 [bgcolor=#1B8685] [r=19 c=19 rs=1 cs=1]
              RenderInline {FONT} at (0,0) size 3x11
                RenderText {#text} at (0,0) size 3x11
                  text run at (0,0) width 3: " "
            RenderTableCell {TD} at (180,228) size 9x12 [bgcolor=#027777] [r=19 c=20 rs=1 cs=1]
              RenderInline {FONT} at (0,0) size 3x11
                RenderText {#text} at (0,0) size 3x11
                  text run at (0,0) width 3: " "
            RenderTableCell {TD} at (189,228) size 9x12 [bgcolor=#026766] [r=19 c=21 rs=1 cs=1]
              RenderInline {FONT} at (0,0) size 3x11
                RenderText {#text} at (0,0) size 3x11
                  text run at (0,0) width 3: " "
            RenderTableCell {TD} at (198,228) size 9x12 [bgcolor=#026766] [r=19 c=22 rs=1 cs=1]
              RenderInline {FONT} at (0,0) size 3x11
                RenderText {#text} at (0,0) size 3x11
                  text run at (0,0) width 3: " "
            RenderTableCell {TD} at (207,228) size 9x12 [bgcolor=#026766] [r=19 c=23 rs=1 cs=1]
              RenderInline {FONT} at (0,0) size 3x11
                RenderText {#text} at (0,0) size 3x11
                  text run at (0,0) width 3: " "
            RenderTableCell {TD} at (216,228) size 9x12 [bgcolor=#025E5E] [r=19 c=24 rs=1 cs=1]
              RenderInline {FONT} at (0,0) size 3x11
                RenderText {#text} at (0,0) size 3x11
                  text run at (0,0) width 3: " "
            RenderTableCell {TD} at (225,228) size 9x12 [bgcolor=#025E5E] [r=19 c=25 rs=1 cs=1]
              RenderInline {FONT} at (0,0) size 3x11
                RenderText {#text} at (0,0) size 3x11
                  text run at (0,0) width 3: " "
            RenderTableCell {TD} at (234,228) size 9x12 [bgcolor=#025E5E] [r=19 c=26 rs=1 cs=1]
              RenderInline {FONT} at (0,0) size 3x11
                RenderText {#text} at (0,0) size 3x11
                  text run at (0,0) width 3: " "
            RenderTableCell {TD} at (243,228) size 9x12 [bgcolor=#044F4F] [r=19 c=27 rs=1 cs=1]
              RenderInline {FONT} at (0,0) size 3x11
                RenderText {#text} at (0,0) size 3x11
                  text run at (0,0) width 3: " "
            RenderTableCell {TD} at (252,228) size 9x12 [bgcolor=#044140] [r=19 c=28 rs=1 cs=1]
              RenderInline {FONT} at (0,0) size 3x11
                RenderText {#text} at (0,0) size 3x11
                  text run at (0,0) width 3: " "
            RenderTableCell {TD} at (261,228) size 9x12 [bgcolor=#072323] [r=19 c=29 rs=1 cs=1]
              RenderInline {FONT} at (0,0) size 3x11
                RenderText {#text} at (0,0) size 3x11
                  text run at (0,0) width 3: " "
            RenderTableCell {TD} at (270,228) size 9x12 [bgcolor=#2D3433] [r=19 c=30 rs=1 cs=1]
              RenderInline {FONT} at (0,0) size 3x11
                RenderText {#text} at (0,0) size 3x11
                  text run at (0,0) width 3: " "
            RenderTableCell {TD} at (279,228) size 9x12 [bgcolor=#4D4F4F] [r=19 c=31 rs=1 cs=1]
              RenderInline {FONT} at (0,0) size 3x11
                RenderText {#text} at (0,0) size 3x11
                  text run at (0,0) width 3: " "
            RenderTableCell {TD} at (288,228) size 9x12 [bgcolor=#5E5F60] [r=19 c=32 rs=1 cs=1]
              RenderInline {FONT} at (0,0) size 3x11
                RenderText {#text} at (0,0) size 3x11
                  text run at (0,0) width 3: " "
            RenderTableCell {TD} at (297,228) size 9x12 [bgcolor=#777878] [r=19 c=33 rs=1 cs=1]
              RenderInline {FONT} at (0,0) size 3x11
                RenderText {#text} at (0,0) size 3x11
                  text run at (0,0) width 3: " "
            RenderTableCell {TD} at (306,228) size 9x12 [bgcolor=#848788] [r=19 c=34 rs=1 cs=1]
              RenderInline {FONT} at (0,0) size 3x11
                RenderText {#text} at (0,0) size 3x11
                  text run at (0,0) width 3: " "
            RenderTableCell {TD} at (315,228) size 9x12 [bgcolor=#848788] [r=19 c=35 rs=1 cs=1]
              RenderInline {FONT} at (0,0) size 3x11
                RenderText {#text} at (0,0) size 3x11
                  text run at (0,0) width 3: " "
            RenderTableCell {TD} at (324,228) size 10x12 [bgcolor=#027777] [r=19 c=36 rs=1 cs=1]
              RenderInline {FONT} at (0,0) size 3x11
                RenderText {#text} at (0,0) size 3x11
                  text run at (0,0) width 3: " "
            RenderTableCell {TD} at (334,228) size 10x12 [bgcolor=#027777] [r=19 c=37 rs=1 cs=1]
              RenderInline {FONT} at (0,0) size 3x11
                RenderText {#text} at (0,0) size 3x11
                  text run at (0,0) width 3: " "
            RenderTableCell {TD} at (344,228) size 10x12 [bgcolor=#026766] [r=19 c=38 rs=1 cs=1]
              RenderInline {FONT} at (0,0) size 3x11
                RenderText {#text} at (0,0) size 3x11
                  text run at (0,0) width 3: " "
            RenderTableCell {TD} at (354,228) size 10x12 [bgcolor=#026766] [r=19 c=39 rs=1 cs=1]
              RenderInline {FONT} at (0,0) size 3x11
                RenderText {#text} at (0,0) size 3x11
                  text run at (0,0) width 3: " "
            RenderTableCell {TD} at (364,228) size 10x12 [bgcolor=#026766] [r=19 c=40 rs=1 cs=1]
              RenderInline {FONT} at (0,0) size 3x11
                RenderText {#text} at (0,0) size 3x11
                  text run at (0,0) width 3: " "
            RenderTableCell {TD} at (374,228) size 10x12 [bgcolor=#026766] [r=19 c=41 rs=1 cs=1]
              RenderInline {FONT} at (0,0) size 3x11
                RenderText {#text} at (0,0) size 3x11
                  text run at (0,0) width 3: " "
            RenderTableCell {TD} at (384,228) size 10x12 [bgcolor=#026766] [r=19 c=42 rs=1 cs=1]
              RenderInline {FONT} at (0,0) size 3x11
                RenderText {#text} at (0,0) size 3x11
                  text run at (0,0) width 3: " "
            RenderTableCell {TD} at (394,228) size 10x12 [bgcolor=#026766] [r=19 c=43 rs=1 cs=1]
              RenderInline {FONT} at (0,0) size 3x11
                RenderText {#text} at (0,0) size 3x11
                  text run at (0,0) width 3: " "
            RenderTableCell {TD} at (404,228) size 10x12 [bgcolor=#026766] [r=19 c=44 rs=1 cs=1]
              RenderInline {FONT} at (0,0) size 3x11
                RenderText {#text} at (0,0) size 3x11
                  text run at (0,0) width 3: " "
            RenderTableCell {TD} at (414,228) size 10x12 [bgcolor=#026766] [r=19 c=45 rs=1 cs=1]
              RenderInline {FONT} at (0,0) size 3x11
                RenderText {#text} at (0,0) size 3x11
                  text run at (0,0) width 3: " "
            RenderTableCell {TD} at (424,228) size 10x12 [bgcolor=#026766] [r=19 c=46 rs=1 cs=1]
              RenderInline {FONT} at (0,0) size 3x11
                RenderText {#text} at (0,0) size 3x11
                  text run at (0,0) width 3: " "
            RenderTableCell {TD} at (434,228) size 10x12 [bgcolor=#026766] [r=19 c=47 rs=1 cs=1]
              RenderInline {FONT} at (0,0) size 3x11
                RenderText {#text} at (0,0) size 3x11
                  text run at (0,0) width 3: " "
            RenderTableCell {TD} at (444,228) size 10x12 [bgcolor=#026766] [r=19 c=48 rs=1 cs=1]
              RenderInline {FONT} at (0,0) size 3x11
                RenderText {#text} at (0,0) size 3x11
                  text run at (0,0) width 3: " "
            RenderTableCell {TD} at (454,228) size 10x12 [bgcolor=#025E5E] [r=19 c=49 rs=1 cs=1]
              RenderInline {FONT} at (0,0) size 3x11
                RenderText {#text} at (0,0) size 3x11
                  text run at (0,0) width 3: " "
            RenderTableCell {TD} at (464,228) size 10x12 [bgcolor=#044F4F] [r=19 c=50 rs=1 cs=1]
              RenderInline {FONT} at (0,0) size 3x11
                RenderText {#text} at (0,0) size 3x11
                  text run at (0,0) width 3: " "
            RenderTableCell {TD} at (474,228) size 10x12 [bgcolor=#083131] [r=19 c=51 rs=1 cs=1]
              RenderInline {FONT} at (0,0) size 3x11
                RenderText {#text} at (0,0) size 3x11
                  text run at (0,0) width 3: " "
            RenderTableCell {TD} at (484,228) size 10x12 [bgcolor=#3D4242] [r=19 c=52 rs=1 cs=1]
              RenderInline {FONT} at (0,0) size 3x11
                RenderText {#text} at (0,0) size 3x11
                  text run at (0,0) width 3: " "
            RenderTableCell {TD} at (494,228) size 10x12 [bgcolor=#5E5F60] [r=19 c=53 rs=1 cs=1]
              RenderInline {FONT} at (0,0) size 3x11
                RenderText {#text} at (0,0) size 3x11
                  text run at (0,0) width 3: " "
            RenderTableCell {TD} at (504,228) size 10x12 [bgcolor=#777878] [r=19 c=54 rs=1 cs=1]
              RenderInline {FONT} at (0,0) size 3x11
                RenderText {#text} at (0,0) size 3x11
                  text run at (0,0) width 3: " "
            RenderTableCell {TD} at (514,228) size 10x12 [bgcolor=#848788] [r=19 c=55 rs=1 cs=1]
              RenderInline {FONT} at (0,0) size 3x11
                RenderText {#text} at (0,0) size 3x11
                  text run at (0,0) width 3: " "
            RenderTableCell {TD} at (524,228) size 10x12 [bgcolor=#939494] [r=19 c=56 rs=1 cs=1]
              RenderInline {FONT} at (0,0) size 3x11
                RenderText {#text} at (0,0) size 3x11
                  text run at (0,0) width 3: " "
            RenderTableCell {TD} at (534,228) size 10x12 [bgcolor=#939494] [r=19 c=57 rs=1 cs=1]
              RenderInline {FONT} at (0,0) size 3x11
                RenderText {#text} at (0,0) size 3x11
                  text run at (0,0) width 3: " "
            RenderTableCell {TD} at (544,228) size 10x12 [bgcolor=#939494] [r=19 c=58 rs=1 cs=1]
              RenderInline {FONT} at (0,0) size 3x11
                RenderText {#text} at (0,0) size 3x11
                  text run at (0,0) width 3: " "
            RenderTableCell {TD} at (554,228) size 10x12 [bgcolor=#939494] [r=19 c=59 rs=1 cs=1]
              RenderInline {FONT} at (0,0) size 3x11
                RenderText {#text} at (0,0) size 3x11
                  text run at (0,0) width 3: " "
            RenderTableCell {TD} at (564,228) size 10x12 [bgcolor=#848788] [r=19 c=60 rs=1 cs=1]
              RenderInline {FONT} at (0,0) size 3x11
                RenderText {#text} at (0,0) size 3x11
                  text run at (0,0) width 3: " "
            RenderTableCell {TD} at (574,228) size 10x12 [bgcolor=#527274] [r=19 c=61 rs=1 cs=1]
              RenderInline {FONT} at (0,0) size 3x11
                RenderText {#text} at (0,0) size 3x11
                  text run at (0,0) width 3: " "
            RenderTableCell {TD} at (584,228) size 10x12 [bgcolor=#026766] [r=19 c=62 rs=1 cs=1]
              RenderInline {FONT} at (0,0) size 3x11
                RenderText {#text} at (0,0) size 3x11
                  text run at (0,0) width 3: " "
            RenderTableCell {TD} at (594,228) size 10x12 [bgcolor=#026766] [r=19 c=63 rs=1 cs=1]
              RenderInline {FONT} at (0,0) size 3x11
                RenderText {#text} at (0,0) size 3x11
                  text run at (0,0) width 3: " "
            RenderTableCell {TD} at (604,228) size 10x12 [bgcolor=#026766] [r=19 c=64 rs=1 cs=1]
              RenderInline {FONT} at (0,0) size 3x11
                RenderText {#text} at (0,0) size 3x11
                  text run at (0,0) width 3: " "
            RenderTableCell {TD} at (614,228) size 10x12 [bgcolor=#026766] [r=19 c=65 rs=1 cs=1]
              RenderInline {FONT} at (0,0) size 3x11
                RenderText {#text} at (0,0) size 3x11
                  text run at (0,0) width 3: " "
            RenderTableCell {TD} at (624,228) size 10x12 [bgcolor=#026766] [r=19 c=66 rs=1 cs=1]
              RenderInline {FONT} at (0,0) size 3x11
                RenderText {#text} at (0,0) size 3x11
                  text run at (0,0) width 3: " "
            RenderTableCell {TD} at (634,228) size 10x12 [bgcolor=#026766] [r=19 c=67 rs=1 cs=1]
              RenderInline {FONT} at (0,0) size 3x11
                RenderText {#text} at (0,0) size 3x11
                  text run at (0,0) width 3: " "
            RenderTableCell {TD} at (644,228) size 10x12 [bgcolor=#026766] [r=19 c=68 rs=1 cs=1]
              RenderInline {FONT} at (0,0) size 3x11
                RenderText {#text} at (0,0) size 3x11
                  text run at (0,0) width 3: " "
            RenderTableCell {TD} at (654,228) size 10x12 [bgcolor=#026766] [r=19 c=69 rs=1 cs=1]
              RenderInline {FONT} at (0,0) size 3x11
                RenderText {#text} at (0,0) size 3x11
                  text run at (0,0) width 3: " "
            RenderTableCell {TD} at (664,228) size 10x12 [bgcolor=#026766] [r=19 c=70 rs=1 cs=1]
              RenderInline {FONT} at (0,0) size 3x11
                RenderText {#text} at (0,0) size 3x11
                  text run at (0,0) width 3: " "
            RenderTableCell {TD} at (674,228) size 10x12 [bgcolor=#025E5E] [r=19 c=71 rs=1 cs=1]
              RenderInline {FONT} at (0,0) size 3x11
                RenderText {#text} at (0,0) size 3x11
                  text run at (0,0) width 3: " "
            RenderTableCell {TD} at (684,228) size 10x12 [bgcolor=#025E5E] [r=19 c=72 rs=1 cs=1]
              RenderInline {FONT} at (0,0) size 3x11
                RenderText {#text} at (0,0) size 3x11
                  text run at (0,0) width 3: " "
            RenderTableCell {TD} at (694,228) size 10x12 [bgcolor=#044F4F] [r=19 c=73 rs=1 cs=1]
              RenderInline {FONT} at (0,0) size 3x11
                RenderText {#text} at (0,0) size 3x11
                  text run at (0,0) width 3: " "
            RenderTableCell {TD} at (704,228) size 10x12 [bgcolor=#425A5A] [r=19 c=74 rs=1 cs=1]
              RenderInline {FONT} at (0,0) size 3x11
                RenderText {#text} at (0,0) size 3x11
                  text run at (0,0) width 3: " "
            RenderTableCell {TD} at (714,228) size 10x12 [bgcolor=#777878] [r=19 c=75 rs=1 cs=1]
              RenderInline {FONT} at (0,0) size 3x11
                RenderText {#text} at (0,0) size 3x11
                  text run at (0,0) width 3: " "
            RenderTableCell {TD} at (724,228) size 10x12 [bgcolor=#848788] [r=19 c=76 rs=1 cs=1]
              RenderInline {FONT} at (0,0) size 3x11
                RenderText {#text} at (0,0) size 3x11
                  text run at (0,0) width 3: " "
            RenderTableCell {TD} at (734,228) size 10x12 [bgcolor=#848788] [r=19 c=77 rs=1 cs=1]
              RenderInline {FONT} at (0,0) size 3x11
                RenderText {#text} at (0,0) size 3x11
                  text run at (0,0) width 3: " "
            RenderTableCell {TD} at (744,228) size 10x12 [bgcolor=#1B8685] [r=19 c=78 rs=1 cs=1]
              RenderInline {FONT} at (0,0) size 3x11
                RenderText {#text} at (0,0) size 3x11
                  text run at (0,0) width 3: " "
            RenderTableCell {TD} at (754,228) size 10x12 [bgcolor=#027777] [r=19 c=79 rs=1 cs=1]
              RenderInline {FONT} at (0,0) size 3x11
                RenderText {#text} at (0,0) size 3x11
                  text run at (0,0) width 3: " "
            RenderTableCell {TD} at (764,228) size 10x12 [bgcolor=#026766] [r=19 c=80 rs=1 cs=1]
              RenderInline {FONT} at (0,0) size 3x11
                RenderText {#text} at (0,0) size 3x11
                  text run at (0,0) width 3: " "
            RenderTableCell {TD} at (774,228) size 10x12 [bgcolor=#026766] [r=19 c=81 rs=1 cs=1]
              RenderInline {FONT} at (0,0) size 3x11
                RenderText {#text} at (0,0) size 3x11
                  text run at (0,0) width 3: " "
            RenderTableCell {TD} at (784,228) size 10x12 [bgcolor=#026766] [r=19 c=82 rs=1 cs=1]
              RenderInline {FONT} at (0,0) size 3x11
                RenderText {#text} at (0,0) size 3x11
                  text run at (0,0) width 3: " "
            RenderTableCell {TD} at (794,228) size 10x12 [bgcolor=#026766] [r=19 c=83 rs=1 cs=1]
              RenderInline {FONT} at (0,0) size 3x11
                RenderText {#text} at (0,0) size 3x11
                  text run at (0,0) width 3: " "
            RenderTableCell {TD} at (804,228) size 10x12 [bgcolor=#026766] [r=19 c=84 rs=1 cs=1]
              RenderInline {FONT} at (0,0) size 3x11
                RenderText {#text} at (0,0) size 3x11
                  text run at (0,0) width 3: " "
            RenderTableCell {TD} at (814,228) size 10x12 [bgcolor=#026766] [r=19 c=85 rs=1 cs=1]
              RenderInline {FONT} at (0,0) size 3x11
                RenderText {#text} at (0,0) size 3x11
                  text run at (0,0) width 3: " "
            RenderTableCell {TD} at (824,228) size 10x12 [bgcolor=#026766] [r=19 c=86 rs=1 cs=1]
              RenderInline {FONT} at (0,0) size 3x11
                RenderText {#text} at (0,0) size 3x11
                  text run at (0,0) width 3: " "
            RenderTableCell {TD} at (834,228) size 10x12 [bgcolor=#026766] [r=19 c=87 rs=1 cs=1]
              RenderInline {FONT} at (0,0) size 3x11
                RenderText {#text} at (0,0) size 3x11
                  text run at (0,0) width 3: " "
            RenderTableCell {TD} at (844,228) size 10x12 [bgcolor=#026766] [r=19 c=88 rs=1 cs=1]
              RenderInline {FONT} at (0,0) size 3x11
                RenderText {#text} at (0,0) size 3x11
                  text run at (0,0) width 3: " "
            RenderTableCell {TD} at (854,228) size 10x12 [bgcolor=#026766] [r=19 c=89 rs=1 cs=1]
              RenderInline {FONT} at (0,0) size 3x11
                RenderText {#text} at (0,0) size 3x11
                  text run at (0,0) width 3: " "
            RenderTableCell {TD} at (864,228) size 10x12 [bgcolor=#026766] [r=19 c=90 rs=1 cs=1]
              RenderInline {FONT} at (0,0) size 3x11
                RenderText {#text} at (0,0) size 3x11
                  text run at (0,0) width 3: " "
            RenderTableCell {TD} at (874,228) size 10x12 [bgcolor=#025E5E] [r=19 c=91 rs=1 cs=1]
              RenderInline {FONT} at (0,0) size 3x11
                RenderText {#text} at (0,0) size 3x11
                  text run at (0,0) width 3: " "
            RenderTableCell {TD} at (884,228) size 10x12 [bgcolor=#044F4F] [r=19 c=92 rs=1 cs=1]
              RenderInline {FONT} at (0,0) size 3x11
                RenderText {#text} at (0,0) size 3x11
                  text run at (0,0) width 3: " "
            RenderTableCell {TD} at (894,228) size 10x12 [bgcolor=#044140] [r=19 c=93 rs=1 cs=1]
              RenderInline {FONT} at (0,0) size 3x11
                RenderText {#text} at (0,0) size 3x11
                  text run at (0,0) width 3: " "
            RenderTableCell {TD} at (904,228) size 10x12 [bgcolor=#223C3D] [r=19 c=94 rs=1 cs=1]
              RenderInline {FONT} at (0,0) size 3x11
                RenderText {#text} at (0,0) size 3x11
                  text run at (0,0) width 3: " "
            RenderTableCell {TD} at (914,228) size 10x12 [bgcolor=#515C5B] [r=19 c=95 rs=1 cs=1]
              RenderInline {FONT} at (0,0) size 3x11
                RenderText {#text} at (0,0) size 3x11
                  text run at (0,0) width 3: " "
            RenderTableCell {TD} at (924,228) size 10x12 [bgcolor=#777878] [r=19 c=96 rs=1 cs=1]
              RenderInline {FONT} at (0,0) size 3x11
                RenderText {#text} at (0,0) size 3x11
                  text run at (0,0) width 3: " "
            RenderTableCell {TD} at (934,228) size 10x12 [bgcolor=#848788] [r=19 c=97 rs=1 cs=1]
              RenderInline {FONT} at (0,0) size 3x11
                RenderText {#text} at (0,0) size 3x11
                  text run at (0,0) width 3: " "
            RenderTableCell {TD} at (944,228) size 10x12 [bgcolor=#696A69] [r=19 c=98 rs=1 cs=1]
              RenderInline {FONT} at (0,0) size 3x11
                RenderText {#text} at (0,0) size 3x11
                  text run at (0,0) width 3: " "
            RenderTableCell {TD} at (954,228) size 10x12 [bgcolor=#4D4F4F] [r=19 c=99 rs=1 cs=1]
              RenderInline {FONT} at (0,0) size 3x11
                RenderText {#text} at (0,0) size 3x11
                  text run at (0,0) width 3: " "
          RenderTableRow {TR} at (0,240) size 964x12
            RenderTableCell {TD} at (0,240) size 9x12 [bgcolor=#FDFDFB] [r=20 c=0 rs=1 cs=1]
              RenderInline {FONT} at (0,0) size 3x11
                RenderText {#text} at (0,0) size 3x11
                  text run at (0,0) width 3: " "
            RenderTableCell {TD} at (9,240) size 9x12 [bgcolor=#FDFDFB] [r=20 c=1 rs=1 cs=1]
              RenderInline {FONT} at (0,0) size 3x11
                RenderText {#text} at (0,0) size 3x11
                  text run at (0,0) width 3: " "
            RenderTableCell {TD} at (18,240) size 9x12 [bgcolor=#EDEEEF] [r=20 c=2 rs=1 cs=1]
              RenderInline {FONT} at (0,0) size 3x11
                RenderText {#text} at (0,0) size 3x11
                  text run at (0,0) width 3: " "
            RenderTableCell {TD} at (27,240) size 9x12 [bgcolor=#CECFCF] [r=20 c=3 rs=1 cs=1]
              RenderInline {FONT} at (0,0) size 3x11
                RenderText {#text} at (0,0) size 3x11
                  text run at (0,0) width 3: " "
            RenderTableCell {TD} at (36,240) size 9x12 [bgcolor=#5A8787] [r=20 c=4 rs=1 cs=1]
              RenderInline {FONT} at (0,0) size 3x11
                RenderText {#text} at (0,0) size 3x11
                  text run at (0,0) width 3: " "
            RenderTableCell {TD} at (45,240) size 9x12 [bgcolor=#044F4F] [r=20 c=5 rs=1 cs=1]
              RenderInline {FONT} at (0,0) size 3x11
                RenderText {#text} at (0,0) size 3x11
                  text run at (0,0) width 3: " "
            RenderTableCell {TD} at (54,240) size 9x12 [bgcolor=#025E5E] [r=20 c=6 rs=1 cs=1]
              RenderInline {FONT} at (0,0) size 3x11
                RenderText {#text} at (0,0) size 3x11
                  text run at (0,0) width 3: " "
            RenderTableCell {TD} at (63,240) size 9x12 [bgcolor=#025E5E] [r=20 c=7 rs=1 cs=1]
              RenderInline {FONT} at (0,0) size 3x11
                RenderText {#text} at (0,0) size 3x11
                  text run at (0,0) width 3: " "
            RenderTableCell {TD} at (72,240) size 9x12 [bgcolor=#025E5E] [r=20 c=8 rs=1 cs=1]
              RenderInline {FONT} at (0,0) size 3x11
                RenderText {#text} at (0,0) size 3x11
                  text run at (0,0) width 3: " "
            RenderTableCell {TD} at (81,240) size 9x12 [bgcolor=#026766] [r=20 c=9 rs=1 cs=1]
              RenderInline {FONT} at (0,0) size 3x11
                RenderText {#text} at (0,0) size 3x11
                  text run at (0,0) width 3: " "
            RenderTableCell {TD} at (90,240) size 9x12 [bgcolor=#026766] [r=20 c=10 rs=1 cs=1]
              RenderInline {FONT} at (0,0) size 3x11
                RenderText {#text} at (0,0) size 3x11
                  text run at (0,0) width 3: " "
            RenderTableCell {TD} at (99,240) size 9x12 [bgcolor=#025E5E] [r=20 c=11 rs=1 cs=1]
              RenderInline {FONT} at (0,0) size 3x11
                RenderText {#text} at (0,0) size 3x11
                  text run at (0,0) width 3: " "
            RenderTableCell {TD} at (108,240) size 9x12 [bgcolor=#025E5E] [r=20 c=12 rs=1 cs=1]
              RenderInline {FONT} at (0,0) size 3x11
                RenderText {#text} at (0,0) size 3x11
                  text run at (0,0) width 3: " "
            RenderTableCell {TD} at (117,240) size 9x12 [bgcolor=#044F4F] [r=20 c=13 rs=1 cs=1]
              RenderInline {FONT} at (0,0) size 3x11
                RenderText {#text} at (0,0) size 3x11
                  text run at (0,0) width 3: " "
            RenderTableCell {TD} at (126,240) size 9x12 [bgcolor=#044140] [r=20 c=14 rs=1 cs=1]
              RenderInline {FONT} at (0,0) size 3x11
                RenderText {#text} at (0,0) size 3x11
                  text run at (0,0) width 3: " "
            RenderTableCell {TD} at (135,240) size 9x12 [bgcolor=#3D4242] [r=20 c=15 rs=1 cs=1]
              RenderInline {FONT} at (0,0) size 3x11
                RenderText {#text} at (0,0) size 3x11
                  text run at (0,0) width 3: " "
            RenderTableCell {TD} at (144,240) size 9x12 [bgcolor=#515C5B] [r=20 c=16 rs=1 cs=1]
              RenderInline {FONT} at (0,0) size 3x11
                RenderText {#text} at (0,0) size 3x11
                  text run at (0,0) width 3: " "
            RenderTableCell {TD} at (153,240) size 9x12 [bgcolor=#696A69] [r=20 c=17 rs=1 cs=1]
              RenderInline {FONT} at (0,0) size 3x11
                RenderText {#text} at (0,0) size 3x11
                  text run at (0,0) width 3: " "
            RenderTableCell {TD} at (162,240) size 9x12 [bgcolor=#526B6B] [r=20 c=18 rs=1 cs=1]
              RenderInline {FONT} at (0,0) size 3x11
                RenderText {#text} at (0,0) size 3x11
                  text run at (0,0) width 3: " "
            RenderTableCell {TD} at (171,240) size 9x12 [bgcolor=#048485] [r=20 c=19 rs=1 cs=1]
              RenderInline {FONT} at (0,0) size 3x11
                RenderText {#text} at (0,0) size 3x11
                  text run at (0,0) width 3: " "
            RenderTableCell {TD} at (180,240) size 9x12 [bgcolor=#027777] [r=20 c=20 rs=1 cs=1]
              RenderInline {FONT} at (0,0) size 3x11
                RenderText {#text} at (0,0) size 3x11
                  text run at (0,0) width 3: " "
            RenderTableCell {TD} at (189,240) size 9x12 [bgcolor=#026766] [r=20 c=21 rs=1 cs=1]
              RenderInline {FONT} at (0,0) size 3x11
                RenderText {#text} at (0,0) size 3x11
                  text run at (0,0) width 3: " "
            RenderTableCell {TD} at (198,240) size 9x12 [bgcolor=#026766] [r=20 c=22 rs=1 cs=1]
              RenderInline {FONT} at (0,0) size 3x11
                RenderText {#text} at (0,0) size 3x11
                  text run at (0,0) width 3: " "
            RenderTableCell {TD} at (207,240) size 9x12 [bgcolor=#025E5E] [r=20 c=23 rs=1 cs=1]
              RenderInline {FONT} at (0,0) size 3x11
                RenderText {#text} at (0,0) size 3x11
                  text run at (0,0) width 3: " "
            RenderTableCell {TD} at (216,240) size 9x12 [bgcolor=#025E5E] [r=20 c=24 rs=1 cs=1]
              RenderInline {FONT} at (0,0) size 3x11
                RenderText {#text} at (0,0) size 3x11
                  text run at (0,0) width 3: " "
            RenderTableCell {TD} at (225,240) size 9x12 [bgcolor=#025E5E] [r=20 c=25 rs=1 cs=1]
              RenderInline {FONT} at (0,0) size 3x11
                RenderText {#text} at (0,0) size 3x11
                  text run at (0,0) width 3: " "
            RenderTableCell {TD} at (234,240) size 9x12 [bgcolor=#044F4F] [r=20 c=26 rs=1 cs=1]
              RenderInline {FONT} at (0,0) size 3x11
                RenderText {#text} at (0,0) size 3x11
                  text run at (0,0) width 3: " "
            RenderTableCell {TD} at (243,240) size 9x12 [bgcolor=#044140] [r=20 c=27 rs=1 cs=1]
              RenderInline {FONT} at (0,0) size 3x11
                RenderText {#text} at (0,0) size 3x11
                  text run at (0,0) width 3: " "
            RenderTableCell {TD} at (252,240) size 9x12 [bgcolor=#072323] [r=20 c=28 rs=1 cs=1]
              RenderInline {FONT} at (0,0) size 3x11
                RenderText {#text} at (0,0) size 3x11
                  text run at (0,0) width 3: " "
            RenderTableCell {TD} at (261,240) size 9x12 [bgcolor=#1C2524] [r=20 c=29 rs=1 cs=1]
              RenderInline {FONT} at (0,0) size 3x11
                RenderText {#text} at (0,0) size 3x11
                  text run at (0,0) width 3: " "
            RenderTableCell {TD} at (270,240) size 9x12 [bgcolor=#2D3433] [r=20 c=30 rs=1 cs=1]
              RenderInline {FONT} at (0,0) size 3x11
                RenderText {#text} at (0,0) size 3x11
                  text run at (0,0) width 3: " "
            RenderTableCell {TD} at (279,240) size 9x12 [bgcolor=#3D4242] [r=20 c=31 rs=1 cs=1]
              RenderInline {FONT} at (0,0) size 3x11
                RenderText {#text} at (0,0) size 3x11
                  text run at (0,0) width 3: " "
            RenderTableCell {TD} at (288,240) size 9x12 [bgcolor=#515C5B] [r=20 c=32 rs=1 cs=1]
              RenderInline {FONT} at (0,0) size 3x11
                RenderText {#text} at (0,0) size 3x11
                  text run at (0,0) width 3: " "
            RenderTableCell {TD} at (297,240) size 9x12 [bgcolor=#696A69] [r=20 c=33 rs=1 cs=1]
              RenderInline {FONT} at (0,0) size 3x11
                RenderText {#text} at (0,0) size 3x11
                  text run at (0,0) width 3: " "
            RenderTableCell {TD} at (306,240) size 9x12 [bgcolor=#696A69] [r=20 c=34 rs=1 cs=1]
              RenderInline {FONT} at (0,0) size 3x11
                RenderText {#text} at (0,0) size 3x11
                  text run at (0,0) width 3: " "
            RenderTableCell {TD} at (315,240) size 9x12 [bgcolor=#696A69] [r=20 c=35 rs=1 cs=1]
              RenderInline {FONT} at (0,0) size 3x11
                RenderText {#text} at (0,0) size 3x11
                  text run at (0,0) width 3: " "
            RenderTableCell {TD} at (324,240) size 10x12 [bgcolor=#027777] [r=20 c=36 rs=1 cs=1]
              RenderInline {FONT} at (0,0) size 3x11
                RenderText {#text} at (0,0) size 3x11
                  text run at (0,0) width 3: " "
            RenderTableCell {TD} at (334,240) size 10x12 [bgcolor=#027777] [r=20 c=37 rs=1 cs=1]
              RenderInline {FONT} at (0,0) size 3x11
                RenderText {#text} at (0,0) size 3x11
                  text run at (0,0) width 3: " "
            RenderTableCell {TD} at (344,240) size 10x12 [bgcolor=#026766] [r=20 c=38 rs=1 cs=1]
              RenderInline {FONT} at (0,0) size 3x11
                RenderText {#text} at (0,0) size 3x11
                  text run at (0,0) width 3: " "
            RenderTableCell {TD} at (354,240) size 10x12 [bgcolor=#026766] [r=20 c=39 rs=1 cs=1]
              RenderInline {FONT} at (0,0) size 3x11
                RenderText {#text} at (0,0) size 3x11
                  text run at (0,0) width 3: " "
            RenderTableCell {TD} at (364,240) size 10x12 [bgcolor=#026766] [r=20 c=40 rs=1 cs=1]
              RenderInline {FONT} at (0,0) size 3x11
                RenderText {#text} at (0,0) size 3x11
                  text run at (0,0) width 3: " "
            RenderTableCell {TD} at (374,240) size 10x12 [bgcolor=#026766] [r=20 c=41 rs=1 cs=1]
              RenderInline {FONT} at (0,0) size 3x11
                RenderText {#text} at (0,0) size 3x11
                  text run at (0,0) width 3: " "
            RenderTableCell {TD} at (384,240) size 10x12 [bgcolor=#026766] [r=20 c=42 rs=1 cs=1]
              RenderInline {FONT} at (0,0) size 3x11
                RenderText {#text} at (0,0) size 3x11
                  text run at (0,0) width 3: " "
            RenderTableCell {TD} at (394,240) size 10x12 [bgcolor=#026766] [r=20 c=43 rs=1 cs=1]
              RenderInline {FONT} at (0,0) size 3x11
                RenderText {#text} at (0,0) size 3x11
                  text run at (0,0) width 3: " "
            RenderTableCell {TD} at (404,240) size 10x12 [bgcolor=#026766] [r=20 c=44 rs=1 cs=1]
              RenderInline {FONT} at (0,0) size 3x11
                RenderText {#text} at (0,0) size 3x11
                  text run at (0,0) width 3: " "
            RenderTableCell {TD} at (414,240) size 10x12 [bgcolor=#026766] [r=20 c=45 rs=1 cs=1]
              RenderInline {FONT} at (0,0) size 3x11
                RenderText {#text} at (0,0) size 3x11
                  text run at (0,0) width 3: " "
            RenderTableCell {TD} at (424,240) size 10x12 [bgcolor=#026766] [r=20 c=46 rs=1 cs=1]
              RenderInline {FONT} at (0,0) size 3x11
                RenderText {#text} at (0,0) size 3x11
                  text run at (0,0) width 3: " "
            RenderTableCell {TD} at (434,240) size 10x12 [bgcolor=#026766] [r=20 c=47 rs=1 cs=1]
              RenderInline {FONT} at (0,0) size 3x11
                RenderText {#text} at (0,0) size 3x11
                  text run at (0,0) width 3: " "
            RenderTableCell {TD} at (444,240) size 10x12 [bgcolor=#025E5E] [r=20 c=48 rs=1 cs=1]
              RenderInline {FONT} at (0,0) size 3x11
                RenderText {#text} at (0,0) size 3x11
                  text run at (0,0) width 3: " "
            RenderTableCell {TD} at (454,240) size 10x12 [bgcolor=#025E5E] [r=20 c=49 rs=1 cs=1]
              RenderInline {FONT} at (0,0) size 3x11
                RenderText {#text} at (0,0) size 3x11
                  text run at (0,0) width 3: " "
            RenderTableCell {TD} at (464,240) size 10x12 [bgcolor=#044F4F] [r=20 c=50 rs=1 cs=1]
              RenderInline {FONT} at (0,0) size 3x11
                RenderText {#text} at (0,0) size 3x11
                  text run at (0,0) width 3: " "
            RenderTableCell {TD} at (474,240) size 10x12 [bgcolor=#083131] [r=20 c=51 rs=1 cs=1]
              RenderInline {FONT} at (0,0) size 3x11
                RenderText {#text} at (0,0) size 3x11
                  text run at (0,0) width 3: " "
            RenderTableCell {TD} at (484,240) size 10x12 [bgcolor=#2D3433] [r=20 c=52 rs=1 cs=1]
              RenderInline {FONT} at (0,0) size 3x11
                RenderText {#text} at (0,0) size 3x11
                  text run at (0,0) width 3: " "
            RenderTableCell {TD} at (494,240) size 10x12 [bgcolor=#4D4F4F] [r=20 c=53 rs=1 cs=1]
              RenderInline {FONT} at (0,0) size 3x11
                RenderText {#text} at (0,0) size 3x11
                  text run at (0,0) width 3: " "
            RenderTableCell {TD} at (504,240) size 10x12 [bgcolor=#5E5F60] [r=20 c=54 rs=1 cs=1]
              RenderInline {FONT} at (0,0) size 3x11
                RenderText {#text} at (0,0) size 3x11
                  text run at (0,0) width 3: " "
            RenderTableCell {TD} at (514,240) size 10x12 [bgcolor=#696A69] [r=20 c=55 rs=1 cs=1]
              RenderInline {FONT} at (0,0) size 3x11
                RenderText {#text} at (0,0) size 3x11
                  text run at (0,0) width 3: " "
            RenderTableCell {TD} at (524,240) size 10x12 [bgcolor=#696A69] [r=20 c=56 rs=1 cs=1]
              RenderInline {FONT} at (0,0) size 3x11
                RenderText {#text} at (0,0) size 3x11
                  text run at (0,0) width 3: " "
            RenderTableCell {TD} at (534,240) size 10x12 [bgcolor=#696A69] [r=20 c=57 rs=1 cs=1]
              RenderInline {FONT} at (0,0) size 3x11
                RenderText {#text} at (0,0) size 3x11
                  text run at (0,0) width 3: " "
            RenderTableCell {TD} at (544,240) size 10x12 [bgcolor=#696A69] [r=20 c=58 rs=1 cs=1]
              RenderInline {FONT} at (0,0) size 3x11
                RenderText {#text} at (0,0) size 3x11
                  text run at (0,0) width 3: " "
            RenderTableCell {TD} at (554,240) size 10x12 [bgcolor=#696A69] [r=20 c=59 rs=1 cs=1]
              RenderInline {FONT} at (0,0) size 3x11
                RenderText {#text} at (0,0) size 3x11
                  text run at (0,0) width 3: " "
            RenderTableCell {TD} at (564,240) size 10x12 [bgcolor=#696A69] [r=20 c=60 rs=1 cs=1]
              RenderInline {FONT} at (0,0) size 3x11
                RenderText {#text} at (0,0) size 3x11
                  text run at (0,0) width 3: " "
            RenderTableCell {TD} at (574,240) size 10x12 [bgcolor=#5E5F60] [r=20 c=61 rs=1 cs=1]
              RenderInline {FONT} at (0,0) size 3x11
                RenderText {#text} at (0,0) size 3x11
                  text run at (0,0) width 3: " "
            RenderTableCell {TD} at (584,240) size 10x12 [bgcolor=#1A5C5C] [r=20 c=62 rs=1 cs=1]
              RenderInline {FONT} at (0,0) size 3x11
                RenderText {#text} at (0,0) size 3x11
                  text run at (0,0) width 3: " "
            RenderTableCell {TD} at (594,240) size 10x12 [bgcolor=#025E5E] [r=20 c=63 rs=1 cs=1]
              RenderInline {FONT} at (0,0) size 3x11
                RenderText {#text} at (0,0) size 3x11
                  text run at (0,0) width 3: " "
            RenderTableCell {TD} at (604,240) size 10x12 [bgcolor=#025E5E] [r=20 c=64 rs=1 cs=1]
              RenderInline {FONT} at (0,0) size 3x11
                RenderText {#text} at (0,0) size 3x11
                  text run at (0,0) width 3: " "
            RenderTableCell {TD} at (614,240) size 10x12 [bgcolor=#025E5E] [r=20 c=65 rs=1 cs=1]
              RenderInline {FONT} at (0,0) size 3x11
                RenderText {#text} at (0,0) size 3x11
                  text run at (0,0) width 3: " "
            RenderTableCell {TD} at (624,240) size 10x12 [bgcolor=#026766] [r=20 c=66 rs=1 cs=1]
              RenderInline {FONT} at (0,0) size 3x11
                RenderText {#text} at (0,0) size 3x11
                  text run at (0,0) width 3: " "
            RenderTableCell {TD} at (634,240) size 10x12 [bgcolor=#026766] [r=20 c=67 rs=1 cs=1]
              RenderInline {FONT} at (0,0) size 3x11
                RenderText {#text} at (0,0) size 3x11
                  text run at (0,0) width 3: " "
            RenderTableCell {TD} at (644,240) size 10x12 [bgcolor=#026766] [r=20 c=68 rs=1 cs=1]
              RenderInline {FONT} at (0,0) size 3x11
                RenderText {#text} at (0,0) size 3x11
                  text run at (0,0) width 3: " "
            RenderTableCell {TD} at (654,240) size 10x12 [bgcolor=#026766] [r=20 c=69 rs=1 cs=1]
              RenderInline {FONT} at (0,0) size 3x11
                RenderText {#text} at (0,0) size 3x11
                  text run at (0,0) width 3: " "
            RenderTableCell {TD} at (664,240) size 10x12 [bgcolor=#026766] [r=20 c=70 rs=1 cs=1]
              RenderInline {FONT} at (0,0) size 3x11
                RenderText {#text} at (0,0) size 3x11
                  text run at (0,0) width 3: " "
            RenderTableCell {TD} at (674,240) size 10x12 [bgcolor=#026766] [r=20 c=71 rs=1 cs=1]
              RenderInline {FONT} at (0,0) size 3x11
                RenderText {#text} at (0,0) size 3x11
                  text run at (0,0) width 3: " "
            RenderTableCell {TD} at (684,240) size 10x12 [bgcolor=#025E5E] [r=20 c=72 rs=1 cs=1]
              RenderInline {FONT} at (0,0) size 3x11
                RenderText {#text} at (0,0) size 3x11
                  text run at (0,0) width 3: " "
            RenderTableCell {TD} at (694,240) size 10x12 [bgcolor=#025E5E] [r=20 c=73 rs=1 cs=1]
              RenderInline {FONT} at (0,0) size 3x11
                RenderText {#text} at (0,0) size 3x11
                  text run at (0,0) width 3: " "
            RenderTableCell {TD} at (704,240) size 10x12 [bgcolor=#026766] [r=20 c=74 rs=1 cs=1]
              RenderInline {FONT} at (0,0) size 3x11
                RenderText {#text} at (0,0) size 3x11
                  text run at (0,0) width 3: " "
            RenderTableCell {TD} at (714,240) size 10x12 [bgcolor=#026766] [r=20 c=75 rs=1 cs=1]
              RenderInline {FONT} at (0,0) size 3x11
                RenderText {#text} at (0,0) size 3x11
                  text run at (0,0) width 3: " "
            RenderTableCell {TD} at (724,240) size 10x12 [bgcolor=#1E7A79] [r=20 c=76 rs=1 cs=1]
              RenderInline {FONT} at (0,0) size 3x11
                RenderText {#text} at (0,0) size 3x11
                  text run at (0,0) width 3: " "
            RenderTableCell {TD} at (734,240) size 10x12 [bgcolor=#287A7A] [r=20 c=77 rs=1 cs=1]
              RenderInline {FONT} at (0,0) size 3x11
                RenderText {#text} at (0,0) size 3x11
                  text run at (0,0) width 3: " "
            RenderTableCell {TD} at (744,240) size 10x12 [bgcolor=#048485] [r=20 c=78 rs=1 cs=1]
              RenderInline {FONT} at (0,0) size 3x11
                RenderText {#text} at (0,0) size 3x11
                  text run at (0,0) width 3: " "
            RenderTableCell {TD} at (754,240) size 10x12 [bgcolor=#027777] [r=20 c=79 rs=1 cs=1]
              RenderInline {FONT} at (0,0) size 3x11
                RenderText {#text} at (0,0) size 3x11
                  text run at (0,0) width 3: " "
            RenderTableCell {TD} at (764,240) size 10x12 [bgcolor=#026766] [r=20 c=80 rs=1 cs=1]
              RenderInline {FONT} at (0,0) size 3x11
                RenderText {#text} at (0,0) size 3x11
                  text run at (0,0) width 3: " "
            RenderTableCell {TD} at (774,240) size 10x12 [bgcolor=#026766] [r=20 c=81 rs=1 cs=1]
              RenderInline {FONT} at (0,0) size 3x11
                RenderText {#text} at (0,0) size 3x11
                  text run at (0,0) width 3: " "
            RenderTableCell {TD} at (784,240) size 10x12 [bgcolor=#026766] [r=20 c=82 rs=1 cs=1]
              RenderInline {FONT} at (0,0) size 3x11
                RenderText {#text} at (0,0) size 3x11
                  text run at (0,0) width 3: " "
            RenderTableCell {TD} at (794,240) size 10x12 [bgcolor=#026766] [r=20 c=83 rs=1 cs=1]
              RenderInline {FONT} at (0,0) size 3x11
                RenderText {#text} at (0,0) size 3x11
                  text run at (0,0) width 3: " "
            RenderTableCell {TD} at (804,240) size 10x12 [bgcolor=#026766] [r=20 c=84 rs=1 cs=1]
              RenderInline {FONT} at (0,0) size 3x11
                RenderText {#text} at (0,0) size 3x11
                  text run at (0,0) width 3: " "
            RenderTableCell {TD} at (814,240) size 10x12 [bgcolor=#026766] [r=20 c=85 rs=1 cs=1]
              RenderInline {FONT} at (0,0) size 3x11
                RenderText {#text} at (0,0) size 3x11
                  text run at (0,0) width 3: " "
            RenderTableCell {TD} at (824,240) size 10x12 [bgcolor=#026766] [r=20 c=86 rs=1 cs=1]
              RenderInline {FONT} at (0,0) size 3x11
                RenderText {#text} at (0,0) size 3x11
                  text run at (0,0) width 3: " "
            RenderTableCell {TD} at (834,240) size 10x12 [bgcolor=#026766] [r=20 c=87 rs=1 cs=1]
              RenderInline {FONT} at (0,0) size 3x11
                RenderText {#text} at (0,0) size 3x11
                  text run at (0,0) width 3: " "
            RenderTableCell {TD} at (844,240) size 10x12 [bgcolor=#026766] [r=20 c=88 rs=1 cs=1]
              RenderInline {FONT} at (0,0) size 3x11
                RenderText {#text} at (0,0) size 3x11
                  text run at (0,0) width 3: " "
            RenderTableCell {TD} at (854,240) size 10x12 [bgcolor=#026766] [r=20 c=89 rs=1 cs=1]
              RenderInline {FONT} at (0,0) size 3x11
                RenderText {#text} at (0,0) size 3x11
                  text run at (0,0) width 3: " "
            RenderTableCell {TD} at (864,240) size 10x12 [bgcolor=#026766] [r=20 c=90 rs=1 cs=1]
              RenderInline {FONT} at (0,0) size 3x11
                RenderText {#text} at (0,0) size 3x11
                  text run at (0,0) width 3: " "
            RenderTableCell {TD} at (874,240) size 10x12 [bgcolor=#025E5E] [r=20 c=91 rs=1 cs=1]
              RenderInline {FONT} at (0,0) size 3x11
                RenderText {#text} at (0,0) size 3x11
                  text run at (0,0) width 3: " "
            RenderTableCell {TD} at (884,240) size 10x12 [bgcolor=#044F4F] [r=20 c=92 rs=1 cs=1]
              RenderInline {FONT} at (0,0) size 3x11
                RenderText {#text} at (0,0) size 3x11
                  text run at (0,0) width 3: " "
            RenderTableCell {TD} at (894,240) size 10x12 [bgcolor=#044140] [r=20 c=93 rs=1 cs=1]
              RenderInline {FONT} at (0,0) size 3x11
                RenderText {#text} at (0,0) size 3x11
                  text run at (0,0) width 3: " "
            RenderTableCell {TD} at (904,240) size 10x12 [bgcolor=#2D3433] [r=20 c=94 rs=1 cs=1]
              RenderInline {FONT} at (0,0) size 3x11
                RenderText {#text} at (0,0) size 3x11
                  text run at (0,0) width 3: " "
            RenderTableCell {TD} at (914,240) size 10x12 [bgcolor=#3D4242] [r=20 c=95 rs=1 cs=1]
              RenderInline {FONT} at (0,0) size 3x11
                RenderText {#text} at (0,0) size 3x11
                  text run at (0,0) width 3: " "
            RenderTableCell {TD} at (924,240) size 10x12 [bgcolor=#515C5B] [r=20 c=96 rs=1 cs=1]
              RenderInline {FONT} at (0,0) size 3x11
                RenderText {#text} at (0,0) size 3x11
                  text run at (0,0) width 3: " "
            RenderTableCell {TD} at (934,240) size 10x12 [bgcolor=#696A69] [r=20 c=97 rs=1 cs=1]
              RenderInline {FONT} at (0,0) size 3x11
                RenderText {#text} at (0,0) size 3x11
                  text run at (0,0) width 3: " "
            RenderTableCell {TD} at (944,240) size 10x12 [bgcolor=#515C5B] [r=20 c=98 rs=1 cs=1]
              RenderInline {FONT} at (0,0) size 3x11
                RenderText {#text} at (0,0) size 3x11
                  text run at (0,0) width 3: " "
            RenderTableCell {TD} at (954,240) size 10x12 [bgcolor=#3D4242] [r=20 c=99 rs=1 cs=1]
              RenderInline {FONT} at (0,0) size 3x11
                RenderText {#text} at (0,0) size 3x11
                  text run at (0,0) width 3: " "
          RenderTableRow {TR} at (0,252) size 964x12
            RenderTableCell {TD} at (0,252) size 9x12 [bgcolor=#FDFDFB] [r=21 c=0 rs=1 cs=1]
              RenderInline {FONT} at (0,0) size 3x11
                RenderText {#text} at (0,0) size 3x11
                  text run at (0,0) width 3: " "
            RenderTableCell {TD} at (9,252) size 9x12 [bgcolor=#FDFDFB] [r=21 c=1 rs=1 cs=1]
              RenderInline {FONT} at (0,0) size 3x11
                RenderText {#text} at (0,0) size 3x11
                  text run at (0,0) width 3: " "
            RenderTableCell {TD} at (18,252) size 9x12 [bgcolor=#FDFDFB] [r=21 c=2 rs=1 cs=1]
              RenderInline {FONT} at (0,0) size 3x11
                RenderText {#text} at (0,0) size 3x11
                  text run at (0,0) width 3: " "
            RenderTableCell {TD} at (27,252) size 9x12 [bgcolor=#EDEEEF] [r=21 c=3 rs=1 cs=1]
              RenderInline {FONT} at (0,0) size 3x11
                RenderText {#text} at (0,0) size 3x11
                  text run at (0,0) width 3: " "
            RenderTableCell {TD} at (36,252) size 9x12 [bgcolor=#CECFCF] [r=21 c=4 rs=1 cs=1]
              RenderInline {FONT} at (0,0) size 3x11
                RenderText {#text} at (0,0) size 3x11
                  text run at (0,0) width 3: " "
            RenderTableCell {TD} at (45,252) size 9x12 [bgcolor=#5A8787] [r=21 c=5 rs=1 cs=1]
              RenderInline {FONT} at (0,0) size 3x11
                RenderText {#text} at (0,0) size 3x11
                  text run at (0,0) width 3: " "
            RenderTableCell {TD} at (54,252) size 9x12 [bgcolor=#1A5C5C] [r=21 c=6 rs=1 cs=1]
              RenderInline {FONT} at (0,0) size 3x11
                RenderText {#text} at (0,0) size 3x11
                  text run at (0,0) width 3: " "
            RenderTableCell {TD} at (63,252) size 9x12 [bgcolor=#044F4F] [r=21 c=7 rs=1 cs=1]
              RenderInline {FONT} at (0,0) size 3x11
                RenderText {#text} at (0,0) size 3x11
                  text run at (0,0) width 3: " "
            RenderTableCell {TD} at (72,252) size 9x12 [bgcolor=#025E5E] [r=21 c=8 rs=1 cs=1]
              RenderInline {FONT} at (0,0) size 3x11
                RenderText {#text} at (0,0) size 3x11
                  text run at (0,0) width 3: " "
            RenderTableCell {TD} at (81,252) size 9x12 [bgcolor=#025E5E] [r=21 c=9 rs=1 cs=1]
              RenderInline {FONT} at (0,0) size 3x11
                RenderText {#text} at (0,0) size 3x11
                  text run at (0,0) width 3: " "
            RenderTableCell {TD} at (90,252) size 9x12 [bgcolor=#025E5E] [r=21 c=10 rs=1 cs=1]
              RenderInline {FONT} at (0,0) size 3x11
                RenderText {#text} at (0,0) size 3x11
                  text run at (0,0) width 3: " "
            RenderTableCell {TD} at (99,252) size 9x12 [bgcolor=#025E5E] [r=21 c=11 rs=1 cs=1]
              RenderInline {FONT} at (0,0) size 3x11
                RenderText {#text} at (0,0) size 3x11
                  text run at (0,0) width 3: " "
            RenderTableCell {TD} at (108,252) size 9x12 [bgcolor=#025E5E] [r=21 c=12 rs=1 cs=1]
              RenderInline {FONT} at (0,0) size 3x11
                RenderText {#text} at (0,0) size 3x11
                  text run at (0,0) width 3: " "
            RenderTableCell {TD} at (117,252) size 9x12 [bgcolor=#025E5E] [r=21 c=13 rs=1 cs=1]
              RenderInline {FONT} at (0,0) size 3x11
                RenderText {#text} at (0,0) size 3x11
                  text run at (0,0) width 3: " "
            RenderTableCell {TD} at (126,252) size 9x12 [bgcolor=#044F4F] [r=21 c=14 rs=1 cs=1]
              RenderInline {FONT} at (0,0) size 3x11
                RenderText {#text} at (0,0) size 3x11
                  text run at (0,0) width 3: " "
            RenderTableCell {TD} at (135,252) size 9x12 [bgcolor=#223C3D] [r=21 c=15 rs=1 cs=1]
              RenderInline {FONT} at (0,0) size 3x11
                RenderText {#text} at (0,0) size 3x11
                  text run at (0,0) width 3: " "
            RenderTableCell {TD} at (144,252) size 9x12 [bgcolor=#344C4E] [r=21 c=16 rs=1 cs=1]
              RenderInline {FONT} at (0,0) size 3x11
                RenderText {#text} at (0,0) size 3x11
                  text run at (0,0) width 3: " "
            RenderTableCell {TD} at (153,252) size 9x12 [bgcolor=#344C4E] [r=21 c=17 rs=1 cs=1]
              RenderInline {FONT} at (0,0) size 3x11
                RenderText {#text} at (0,0) size 3x11
                  text run at (0,0) width 3: " "
            RenderTableCell {TD} at (162,252) size 9x12 [bgcolor=#1A6B6A] [r=21 c=18 rs=1 cs=1]
              RenderInline {FONT} at (0,0) size 3x11
                RenderText {#text} at (0,0) size 3x11
                  text run at (0,0) width 3: " "
            RenderTableCell {TD} at (171,252) size 9x12 [bgcolor=#048485] [r=21 c=19 rs=1 cs=1]
              RenderInline {FONT} at (0,0) size 3x11
                RenderText {#text} at (0,0) size 3x11
                  text run at (0,0) width 3: " "
            RenderTableCell {TD} at (180,252) size 9x12 [bgcolor=#027777] [r=21 c=20 rs=1 cs=1]
              RenderInline {FONT} at (0,0) size 3x11
                RenderText {#text} at (0,0) size 3x11
                  text run at (0,0) width 3: " "
            RenderTableCell {TD} at (189,252) size 9x12 [bgcolor=#026766] [r=21 c=21 rs=1 cs=1]
              RenderInline {FONT} at (0,0) size 3x11
                RenderText {#text} at (0,0) size 3x11
                  text run at (0,0) width 3: " "
            RenderTableCell {TD} at (198,252) size 9x12 [bgcolor=#025E5E] [r=21 c=22 rs=1 cs=1]
              RenderInline {FONT} at (0,0) size 3x11
                RenderText {#text} at (0,0) size 3x11
                  text run at (0,0) width 3: " "
            RenderTableCell {TD} at (207,252) size 9x12 [bgcolor=#025E5E] [r=21 c=23 rs=1 cs=1]
              RenderInline {FONT} at (0,0) size 3x11
                RenderText {#text} at (0,0) size 3x11
                  text run at (0,0) width 3: " "
            RenderTableCell {TD} at (216,252) size 9x12 [bgcolor=#044F4F] [r=21 c=24 rs=1 cs=1]
              RenderInline {FONT} at (0,0) size 3x11
                RenderText {#text} at (0,0) size 3x11
                  text run at (0,0) width 3: " "
            RenderTableCell {TD} at (225,252) size 9x12 [bgcolor=#044140] [r=21 c=25 rs=1 cs=1]
              RenderInline {FONT} at (0,0) size 3x11
                RenderText {#text} at (0,0) size 3x11
                  text run at (0,0) width 3: " "
            RenderTableCell {TD} at (234,252) size 9x12 [bgcolor=#083131] [r=21 c=26 rs=1 cs=1]
              RenderInline {FONT} at (0,0) size 3x11
                RenderText {#text} at (0,0) size 3x11
                  text run at (0,0) width 3: " "
            RenderTableCell {TD} at (243,252) size 9x12 [bgcolor=#083131] [r=21 c=27 rs=1 cs=1]
              RenderInline {FONT} at (0,0) size 3x11
                RenderText {#text} at (0,0) size 3x11
                  text run at (0,0) width 3: " "
            RenderTableCell {TD} at (252,252) size 9x12 [bgcolor=#1C2524] [r=21 c=28 rs=1 cs=1]
              RenderInline {FONT} at (0,0) size 3x11
                RenderText {#text} at (0,0) size 3x11
                  text run at (0,0) width 3: " "
            RenderTableCell {TD} at (261,252) size 9x12 [bgcolor=#2D3433] [r=21 c=29 rs=1 cs=1]
              RenderInline {FONT} at (0,0) size 3x11
                RenderText {#text} at (0,0) size 3x11
                  text run at (0,0) width 3: " "
            RenderTableCell {TD} at (270,252) size 9x12 [bgcolor=#3D4242] [r=21 c=30 rs=1 cs=1]
              RenderInline {FONT} at (0,0) size 3x11
                RenderText {#text} at (0,0) size 3x11
                  text run at (0,0) width 3: " "
            RenderTableCell {TD} at (279,252) size 9x12 [bgcolor=#4D4F4F] [r=21 c=31 rs=1 cs=1]
              RenderInline {FONT} at (0,0) size 3x11
                RenderText {#text} at (0,0) size 3x11
                  text run at (0,0) width 3: " "
            RenderTableCell {TD} at (288,252) size 9x12 [bgcolor=#5E5F60] [r=21 c=32 rs=1 cs=1]
              RenderInline {FONT} at (0,0) size 3x11
                RenderText {#text} at (0,0) size 3x11
                  text run at (0,0) width 3: " "
            RenderTableCell {TD} at (297,252) size 9x12 [bgcolor=#696A69] [r=21 c=33 rs=1 cs=1]
              RenderInline {FONT} at (0,0) size 3x11
                RenderText {#text} at (0,0) size 3x11
                  text run at (0,0) width 3: " "
            RenderTableCell {TD} at (306,252) size 9x12 [bgcolor=#696A69] [r=21 c=34 rs=1 cs=1]
              RenderInline {FONT} at (0,0) size 3x11
                RenderText {#text} at (0,0) size 3x11
                  text run at (0,0) width 3: " "
            RenderTableCell {TD} at (315,252) size 9x12 [bgcolor=#5E5F60] [r=21 c=35 rs=1 cs=1]
              RenderInline {FONT} at (0,0) size 3x11
                RenderText {#text} at (0,0) size 3x11
                  text run at (0,0) width 3: " "
            RenderTableCell {TD} at (324,252) size 10x12 [bgcolor=#027777] [r=21 c=36 rs=1 cs=1]
              RenderInline {FONT} at (0,0) size 3x11
                RenderText {#text} at (0,0) size 3x11
                  text run at (0,0) width 3: " "
            RenderTableCell {TD} at (334,252) size 10x12 [bgcolor=#027777] [r=21 c=37 rs=1 cs=1]
              RenderInline {FONT} at (0,0) size 3x11
                RenderText {#text} at (0,0) size 3x11
                  text run at (0,0) width 3: " "
            RenderTableCell {TD} at (344,252) size 10x12 [bgcolor=#026766] [r=21 c=38 rs=1 cs=1]
              RenderInline {FONT} at (0,0) size 3x11
                RenderText {#text} at (0,0) size 3x11
                  text run at (0,0) width 3: " "
            RenderTableCell {TD} at (354,252) size 10x12 [bgcolor=#025E5E] [r=21 c=39 rs=1 cs=1]
              RenderInline {FONT} at (0,0) size 3x11
                RenderText {#text} at (0,0) size 3x11
                  text run at (0,0) width 3: " "
            RenderTableCell {TD} at (364,252) size 10x12 [bgcolor=#025E5E] [r=21 c=40 rs=1 cs=1]
              RenderInline {FONT} at (0,0) size 3x11
                RenderText {#text} at (0,0) size 3x11
                  text run at (0,0) width 3: " "
            RenderTableCell {TD} at (374,252) size 10x12 [bgcolor=#025E5E] [r=21 c=41 rs=1 cs=1]
              RenderInline {FONT} at (0,0) size 3x11
                RenderText {#text} at (0,0) size 3x11
                  text run at (0,0) width 3: " "
            RenderTableCell {TD} at (384,252) size 10x12 [bgcolor=#025E5E] [r=21 c=42 rs=1 cs=1]
              RenderInline {FONT} at (0,0) size 3x11
                RenderText {#text} at (0,0) size 3x11
                  text run at (0,0) width 3: " "
            RenderTableCell {TD} at (394,252) size 10x12 [bgcolor=#025E5E] [r=21 c=43 rs=1 cs=1]
              RenderInline {FONT} at (0,0) size 3x11
                RenderText {#text} at (0,0) size 3x11
                  text run at (0,0) width 3: " "
            RenderTableCell {TD} at (404,252) size 10x12 [bgcolor=#025E5E] [r=21 c=44 rs=1 cs=1]
              RenderInline {FONT} at (0,0) size 3x11
                RenderText {#text} at (0,0) size 3x11
                  text run at (0,0) width 3: " "
            RenderTableCell {TD} at (414,252) size 10x12 [bgcolor=#025E5E] [r=21 c=45 rs=1 cs=1]
              RenderInline {FONT} at (0,0) size 3x11
                RenderText {#text} at (0,0) size 3x11
                  text run at (0,0) width 3: " "
            RenderTableCell {TD} at (424,252) size 10x12 [bgcolor=#025E5E] [r=21 c=46 rs=1 cs=1]
              RenderInline {FONT} at (0,0) size 3x11
                RenderText {#text} at (0,0) size 3x11
                  text run at (0,0) width 3: " "
            RenderTableCell {TD} at (434,252) size 10x12 [bgcolor=#025E5E] [r=21 c=47 rs=1 cs=1]
              RenderInline {FONT} at (0,0) size 3x11
                RenderText {#text} at (0,0) size 3x11
                  text run at (0,0) width 3: " "
            RenderTableCell {TD} at (444,252) size 10x12 [bgcolor=#025E5E] [r=21 c=48 rs=1 cs=1]
              RenderInline {FONT} at (0,0) size 3x11
                RenderText {#text} at (0,0) size 3x11
                  text run at (0,0) width 3: " "
            RenderTableCell {TD} at (454,252) size 10x12 [bgcolor=#025E5E] [r=21 c=49 rs=1 cs=1]
              RenderInline {FONT} at (0,0) size 3x11
                RenderText {#text} at (0,0) size 3x11
                  text run at (0,0) width 3: " "
            RenderTableCell {TD} at (464,252) size 10x12 [bgcolor=#044F4F] [r=21 c=50 rs=1 cs=1]
              RenderInline {FONT} at (0,0) size 3x11
                RenderText {#text} at (0,0) size 3x11
                  text run at (0,0) width 3: " "
            RenderTableCell {TD} at (474,252) size 10x12 [bgcolor=#083131] [r=21 c=51 rs=1 cs=1]
              RenderInline {FONT} at (0,0) size 3x11
                RenderText {#text} at (0,0) size 3x11
                  text run at (0,0) width 3: " "
            RenderTableCell {TD} at (484,252) size 10x12 [bgcolor=#2D3433] [r=21 c=52 rs=1 cs=1]
              RenderInline {FONT} at (0,0) size 3x11
                RenderText {#text} at (0,0) size 3x11
                  text run at (0,0) width 3: " "
            RenderTableCell {TD} at (494,252) size 10x12 [bgcolor=#3D4242] [r=21 c=53 rs=1 cs=1]
              RenderInline {FONT} at (0,0) size 3x11
                RenderText {#text} at (0,0) size 3x11
                  text run at (0,0) width 3: " "
            RenderTableCell {TD} at (504,252) size 10x12 [bgcolor=#515C5B] [r=21 c=54 rs=1 cs=1]
              RenderInline {FONT} at (0,0) size 3x11
                RenderText {#text} at (0,0) size 3x11
                  text run at (0,0) width 3: " "
            RenderTableCell {TD} at (514,252) size 10x12 [bgcolor=#5E5F60] [r=21 c=55 rs=1 cs=1]
              RenderInline {FONT} at (0,0) size 3x11
                RenderText {#text} at (0,0) size 3x11
                  text run at (0,0) width 3: " "
            RenderTableCell {TD} at (524,252) size 10x12 [bgcolor=#696A69] [r=21 c=56 rs=1 cs=1]
              RenderInline {FONT} at (0,0) size 3x11
                RenderText {#text} at (0,0) size 3x11
                  text run at (0,0) width 3: " "
            RenderTableCell {TD} at (534,252) size 10x12 [bgcolor=#696A69] [r=21 c=57 rs=1 cs=1]
              RenderInline {FONT} at (0,0) size 3x11
                RenderText {#text} at (0,0) size 3x11
                  text run at (0,0) width 3: " "
            RenderTableCell {TD} at (544,252) size 10x12 [bgcolor=#696A69] [r=21 c=58 rs=1 cs=1]
              RenderInline {FONT} at (0,0) size 3x11
                RenderText {#text} at (0,0) size 3x11
                  text run at (0,0) width 3: " "
            RenderTableCell {TD} at (554,252) size 10x12 [bgcolor=#696A69] [r=21 c=59 rs=1 cs=1]
              RenderInline {FONT} at (0,0) size 3x11
                RenderText {#text} at (0,0) size 3x11
                  text run at (0,0) width 3: " "
            RenderTableCell {TD} at (564,252) size 10x12 [bgcolor=#696A69] [r=21 c=60 rs=1 cs=1]
              RenderInline {FONT} at (0,0) size 3x11
                RenderText {#text} at (0,0) size 3x11
                  text run at (0,0) width 3: " "
            RenderTableCell {TD} at (574,252) size 10x12 [bgcolor=#5E5F60] [r=21 c=61 rs=1 cs=1]
              RenderInline {FONT} at (0,0) size 3x11
                RenderText {#text} at (0,0) size 3x11
                  text run at (0,0) width 3: " "
            RenderTableCell {TD} at (584,252) size 10x12 [bgcolor=#425A5A] [r=21 c=62 rs=1 cs=1]
              RenderInline {FONT} at (0,0) size 3x11
                RenderText {#text} at (0,0) size 3x11
                  text run at (0,0) width 3: " "
            RenderTableCell {TD} at (594,252) size 10x12 [bgcolor=#1A5C5C] [r=21 c=63 rs=1 cs=1]
              RenderInline {FONT} at (0,0) size 3x11
                RenderText {#text} at (0,0) size 3x11
                  text run at (0,0) width 3: " "
            RenderTableCell {TD} at (604,252) size 10x12 [bgcolor=#044F4F] [r=21 c=64 rs=1 cs=1]
              RenderInline {FONT} at (0,0) size 3x11
                RenderText {#text} at (0,0) size 3x11
                  text run at (0,0) width 3: " "
            RenderTableCell {TD} at (614,252) size 10x12 [bgcolor=#025E5E] [r=21 c=65 rs=1 cs=1]
              RenderInline {FONT} at (0,0) size 3x11
                RenderText {#text} at (0,0) size 3x11
                  text run at (0,0) width 3: " "
            RenderTableCell {TD} at (624,252) size 10x12 [bgcolor=#025E5E] [r=21 c=66 rs=1 cs=1]
              RenderInline {FONT} at (0,0) size 3x11
                RenderText {#text} at (0,0) size 3x11
                  text run at (0,0) width 3: " "
            RenderTableCell {TD} at (634,252) size 10x12 [bgcolor=#025E5E] [r=21 c=67 rs=1 cs=1]
              RenderInline {FONT} at (0,0) size 3x11
                RenderText {#text} at (0,0) size 3x11
                  text run at (0,0) width 3: " "
            RenderTableCell {TD} at (644,252) size 10x12 [bgcolor=#025E5E] [r=21 c=68 rs=1 cs=1]
              RenderInline {FONT} at (0,0) size 3x11
                RenderText {#text} at (0,0) size 3x11
                  text run at (0,0) width 3: " "
            RenderTableCell {TD} at (654,252) size 10x12 [bgcolor=#025E5E] [r=21 c=69 rs=1 cs=1]
              RenderInline {FONT} at (0,0) size 3x11
                RenderText {#text} at (0,0) size 3x11
                  text run at (0,0) width 3: " "
            RenderTableCell {TD} at (664,252) size 10x12 [bgcolor=#026766] [r=21 c=70 rs=1 cs=1]
              RenderInline {FONT} at (0,0) size 3x11
                RenderText {#text} at (0,0) size 3x11
                  text run at (0,0) width 3: " "
            RenderTableCell {TD} at (674,252) size 10x12 [bgcolor=#026766] [r=21 c=71 rs=1 cs=1]
              RenderInline {FONT} at (0,0) size 3x11
                RenderText {#text} at (0,0) size 3x11
                  text run at (0,0) width 3: " "
            RenderTableCell {TD} at (684,252) size 10x12 [bgcolor=#026766] [r=21 c=72 rs=1 cs=1]
              RenderInline {FONT} at (0,0) size 3x11
                RenderText {#text} at (0,0) size 3x11
                  text run at (0,0) width 3: " "
            RenderTableCell {TD} at (694,252) size 10x12 [bgcolor=#026766] [r=21 c=73 rs=1 cs=1]
              RenderInline {FONT} at (0,0) size 3x11
                RenderText {#text} at (0,0) size 3x11
                  text run at (0,0) width 3: " "
            RenderTableCell {TD} at (704,252) size 10x12 [bgcolor=#026766] [r=21 c=74 rs=1 cs=1]
              RenderInline {FONT} at (0,0) size 3x11
                RenderText {#text} at (0,0) size 3x11
                  text run at (0,0) width 3: " "
            RenderTableCell {TD} at (714,252) size 10x12 [bgcolor=#026766] [r=21 c=75 rs=1 cs=1]
              RenderInline {FONT} at (0,0) size 3x11
                RenderText {#text} at (0,0) size 3x11
                  text run at (0,0) width 3: " "
            RenderTableCell {TD} at (724,252) size 10x12 [bgcolor=#027777] [r=21 c=76 rs=1 cs=1]
              RenderInline {FONT} at (0,0) size 3x11
                RenderText {#text} at (0,0) size 3x11
                  text run at (0,0) width 3: " "
            RenderTableCell {TD} at (734,252) size 10x12 [bgcolor=#027777] [r=21 c=77 rs=1 cs=1]
              RenderInline {FONT} at (0,0) size 3x11
                RenderText {#text} at (0,0) size 3x11
                  text run at (0,0) width 3: " "
            RenderTableCell {TD} at (744,252) size 10x12 [bgcolor=#027777] [r=21 c=78 rs=1 cs=1]
              RenderInline {FONT} at (0,0) size 3x11
                RenderText {#text} at (0,0) size 3x11
                  text run at (0,0) width 3: " "
            RenderTableCell {TD} at (754,252) size 10x12 [bgcolor=#026766] [r=21 c=79 rs=1 cs=1]
              RenderInline {FONT} at (0,0) size 3x11
                RenderText {#text} at (0,0) size 3x11
                  text run at (0,0) width 3: " "
            RenderTableCell {TD} at (764,252) size 10x12 [bgcolor=#026766] [r=21 c=80 rs=1 cs=1]
              RenderInline {FONT} at (0,0) size 3x11
                RenderText {#text} at (0,0) size 3x11
                  text run at (0,0) width 3: " "
            RenderTableCell {TD} at (774,252) size 10x12 [bgcolor=#026766] [r=21 c=81 rs=1 cs=1]
              RenderInline {FONT} at (0,0) size 3x11
                RenderText {#text} at (0,0) size 3x11
                  text run at (0,0) width 3: " "
            RenderTableCell {TD} at (784,252) size 10x12 [bgcolor=#026766] [r=21 c=82 rs=1 cs=1]
              RenderInline {FONT} at (0,0) size 3x11
                RenderText {#text} at (0,0) size 3x11
                  text run at (0,0) width 3: " "
            RenderTableCell {TD} at (794,252) size 10x12 [bgcolor=#026766] [r=21 c=83 rs=1 cs=1]
              RenderInline {FONT} at (0,0) size 3x11
                RenderText {#text} at (0,0) size 3x11
                  text run at (0,0) width 3: " "
            RenderTableCell {TD} at (804,252) size 10x12 [bgcolor=#026766] [r=21 c=84 rs=1 cs=1]
              RenderInline {FONT} at (0,0) size 3x11
                RenderText {#text} at (0,0) size 3x11
                  text run at (0,0) width 3: " "
            RenderTableCell {TD} at (814,252) size 10x12 [bgcolor=#026766] [r=21 c=85 rs=1 cs=1]
              RenderInline {FONT} at (0,0) size 3x11
                RenderText {#text} at (0,0) size 3x11
                  text run at (0,0) width 3: " "
            RenderTableCell {TD} at (824,252) size 10x12 [bgcolor=#026766] [r=21 c=86 rs=1 cs=1]
              RenderInline {FONT} at (0,0) size 3x11
                RenderText {#text} at (0,0) size 3x11
                  text run at (0,0) width 3: " "
            RenderTableCell {TD} at (834,252) size 10x12 [bgcolor=#026766] [r=21 c=87 rs=1 cs=1]
              RenderInline {FONT} at (0,0) size 3x11
                RenderText {#text} at (0,0) size 3x11
                  text run at (0,0) width 3: " "
            RenderTableCell {TD} at (844,252) size 10x12 [bgcolor=#026766] [r=21 c=88 rs=1 cs=1]
              RenderInline {FONT} at (0,0) size 3x11
                RenderText {#text} at (0,0) size 3x11
                  text run at (0,0) width 3: " "
            RenderTableCell {TD} at (854,252) size 10x12 [bgcolor=#026766] [r=21 c=89 rs=1 cs=1]
              RenderInline {FONT} at (0,0) size 3x11
                RenderText {#text} at (0,0) size 3x11
                  text run at (0,0) width 3: " "
            RenderTableCell {TD} at (864,252) size 10x12 [bgcolor=#026766] [r=21 c=90 rs=1 cs=1]
              RenderInline {FONT} at (0,0) size 3x11
                RenderText {#text} at (0,0) size 3x11
                  text run at (0,0) width 3: " "
            RenderTableCell {TD} at (874,252) size 10x12 [bgcolor=#025E5E] [r=21 c=91 rs=1 cs=1]
              RenderInline {FONT} at (0,0) size 3x11
                RenderText {#text} at (0,0) size 3x11
                  text run at (0,0) width 3: " "
            RenderTableCell {TD} at (884,252) size 10x12 [bgcolor=#044F4F] [r=21 c=92 rs=1 cs=1]
              RenderInline {FONT} at (0,0) size 3x11
                RenderText {#text} at (0,0) size 3x11
                  text run at (0,0) width 3: " "
            RenderTableCell {TD} at (894,252) size 10x12 [bgcolor=#044140] [r=21 c=93 rs=1 cs=1]
              RenderInline {FONT} at (0,0) size 3x11
                RenderText {#text} at (0,0) size 3x11
                  text run at (0,0) width 3: " "
            RenderTableCell {TD} at (904,252) size 10x12 [bgcolor=#1C2524] [r=21 c=94 rs=1 cs=1]
              RenderInline {FONT} at (0,0) size 3x11
                RenderText {#text} at (0,0) size 3x11
                  text run at (0,0) width 3: " "
            RenderTableCell {TD} at (914,252) size 10x12 [bgcolor=#3D4242] [r=21 c=95 rs=1 cs=1]
              RenderInline {FONT} at (0,0) size 3x11
                RenderText {#text} at (0,0) size 3x11
                  text run at (0,0) width 3: " "
            RenderTableCell {TD} at (924,252) size 10x12 [bgcolor=#515C5B] [r=21 c=96 rs=1 cs=1]
              RenderInline {FONT} at (0,0) size 3x11
                RenderText {#text} at (0,0) size 3x11
                  text run at (0,0) width 3: " "
            RenderTableCell {TD} at (934,252) size 10x12 [bgcolor=#5E5F60] [r=21 c=97 rs=1 cs=1]
              RenderInline {FONT} at (0,0) size 3x11
                RenderText {#text} at (0,0) size 3x11
                  text run at (0,0) width 3: " "
            RenderTableCell {TD} at (944,252) size 10x12 [bgcolor=#5E5F60] [r=21 c=98 rs=1 cs=1]
              RenderInline {FONT} at (0,0) size 3x11
                RenderText {#text} at (0,0) size 3x11
                  text run at (0,0) width 3: " "
            RenderTableCell {TD} at (954,252) size 10x12 [bgcolor=#515C5B] [r=21 c=99 rs=1 cs=1]
              RenderInline {FONT} at (0,0) size 3x11
                RenderText {#text} at (0,0) size 3x11
                  text run at (0,0) width 3: " "
          RenderTableRow {TR} at (0,264) size 964x12
            RenderTableCell {TD} at (0,264) size 9x12 [bgcolor=#FDFDFB] [r=22 c=0 rs=1 cs=1]
              RenderInline {FONT} at (0,0) size 3x11
                RenderText {#text} at (0,0) size 3x11
                  text run at (0,0) width 3: " "
            RenderTableCell {TD} at (9,264) size 9x12 [bgcolor=#FDFDFB] [r=22 c=1 rs=1 cs=1]
              RenderInline {FONT} at (0,0) size 3x11
                RenderText {#text} at (0,0) size 3x11
                  text run at (0,0) width 3: " "
            RenderTableCell {TD} at (18,264) size 9x12 [bgcolor=#FDFDFB] [r=22 c=2 rs=1 cs=1]
              RenderInline {FONT} at (0,0) size 3x11
                RenderText {#text} at (0,0) size 3x11
                  text run at (0,0) width 3: " "
            RenderTableCell {TD} at (27,264) size 9x12 [bgcolor=#FDFDFB] [r=22 c=3 rs=1 cs=1]
              RenderInline {FONT} at (0,0) size 3x11
                RenderText {#text} at (0,0) size 3x11
                  text run at (0,0) width 3: " "
            RenderTableCell {TD} at (36,264) size 9x12 [bgcolor=#EDEEEF] [r=22 c=4 rs=1 cs=1]
              RenderInline {FONT} at (0,0) size 3x11
                RenderText {#text} at (0,0) size 3x11
                  text run at (0,0) width 3: " "
            RenderTableCell {TD} at (45,264) size 9x12 [bgcolor=#CECFCF] [r=22 c=5 rs=1 cs=1]
              RenderInline {FONT} at (0,0) size 3x11
                RenderText {#text} at (0,0) size 3x11
                  text run at (0,0) width 3: " "
            RenderTableCell {TD} at (54,264) size 9x12 [bgcolor=#91A3A3] [r=22 c=6 rs=1 cs=1]
              RenderInline {FONT} at (0,0) size 3x11
                RenderText {#text} at (0,0) size 3x11
                  text run at (0,0) width 3: " "
            RenderTableCell {TD} at (63,264) size 9x12 [bgcolor=#305D5D] [r=22 c=7 rs=1 cs=1]
              RenderInline {FONT} at (0,0) size 3x11
                RenderText {#text} at (0,0) size 3x11
                  text run at (0,0) width 3: " "
            RenderTableCell {TD} at (72,264) size 9x12 [bgcolor=#044F4F] [r=22 c=8 rs=1 cs=1]
              RenderInline {FONT} at (0,0) size 3x11
                RenderText {#text} at (0,0) size 3x11
                  text run at (0,0) width 3: " "
            RenderTableCell {TD} at (81,264) size 9x12 [bgcolor=#044F4F] [r=22 c=9 rs=1 cs=1]
              RenderInline {FONT} at (0,0) size 3x11
                RenderText {#text} at (0,0) size 3x11
                  text run at (0,0) width 3: " "
            RenderTableCell {TD} at (90,264) size 9x12 [bgcolor=#044F4F] [r=22 c=10 rs=1 cs=1]
              RenderInline {FONT} at (0,0) size 3x11
                RenderText {#text} at (0,0) size 3x11
                  text run at (0,0) width 3: " "
            RenderTableCell {TD} at (99,264) size 9x12 [bgcolor=#025E5E] [r=22 c=11 rs=1 cs=1]
              RenderInline {FONT} at (0,0) size 3x11
                RenderText {#text} at (0,0) size 3x11
                  text run at (0,0) width 3: " "
            RenderTableCell {TD} at (108,264) size 9x12 [bgcolor=#025E5E] [r=22 c=12 rs=1 cs=1]
              RenderInline {FONT} at (0,0) size 3x11
                RenderText {#text} at (0,0) size 3x11
                  text run at (0,0) width 3: " "
            RenderTableCell {TD} at (117,264) size 9x12 [bgcolor=#025E5E] [r=22 c=13 rs=1 cs=1]
              RenderInline {FONT} at (0,0) size 3x11
                RenderText {#text} at (0,0) size 3x11
                  text run at (0,0) width 3: " "
            RenderTableCell {TD} at (126,264) size 9x12 [bgcolor=#025E5E] [r=22 c=14 rs=1 cs=1]
              RenderInline {FONT} at (0,0) size 3x11
                RenderText {#text} at (0,0) size 3x11
                  text run at (0,0) width 3: " "
            RenderTableCell {TD} at (135,264) size 9x12 [bgcolor=#026766] [r=22 c=15 rs=1 cs=1]
              RenderInline {FONT} at (0,0) size 3x11
                RenderText {#text} at (0,0) size 3x11
                  text run at (0,0) width 3: " "
            RenderTableCell {TD} at (144,264) size 9x12 [bgcolor=#027777] [r=22 c=16 rs=1 cs=1]
              RenderInline {FONT} at (0,0) size 3x11
                RenderText {#text} at (0,0) size 3x11
                  text run at (0,0) width 3: " "
            RenderTableCell {TD} at (153,264) size 9x12 [bgcolor=#027777] [r=22 c=17 rs=1 cs=1]
              RenderInline {FONT} at (0,0) size 3x11
                RenderText {#text} at (0,0) size 3x11
                  text run at (0,0) width 3: " "
            RenderTableCell {TD} at (162,264) size 9x12 [bgcolor=#027777] [r=22 c=18 rs=1 cs=1]
              RenderInline {FONT} at (0,0) size 3x11
                RenderText {#text} at (0,0) size 3x11
                  text run at (0,0) width 3: " "
            RenderTableCell {TD} at (171,264) size 9x12 [bgcolor=#027777] [r=22 c=19 rs=1 cs=1]
              RenderInline {FONT} at (0,0) size 3x11
                RenderText {#text} at (0,0) size 3x11
                  text run at (0,0) width 3: " "
            RenderTableCell {TD} at (180,264) size 9x12 [bgcolor=#025E5E] [r=22 c=20 rs=1 cs=1]
              RenderInline {FONT} at (0,0) size 3x11
                RenderText {#text} at (0,0) size 3x11
                  text run at (0,0) width 3: " "
            RenderTableCell {TD} at (189,264) size 9x12 [bgcolor=#044F4F] [r=22 c=21 rs=1 cs=1]
              RenderInline {FONT} at (0,0) size 3x11
                RenderText {#text} at (0,0) size 3x11
                  text run at (0,0) width 3: " "
            RenderTableCell {TD} at (198,264) size 9x12 [bgcolor=#044F4F] [r=22 c=22 rs=1 cs=1]
              RenderInline {FONT} at (0,0) size 3x11
                RenderText {#text} at (0,0) size 3x11
                  text run at (0,0) width 3: " "
            RenderTableCell {TD} at (207,264) size 9x12 [bgcolor=#044140] [r=22 c=23 rs=1 cs=1]
              RenderInline {FONT} at (0,0) size 3x11
                RenderText {#text} at (0,0) size 3x11
                  text run at (0,0) width 3: " "
            RenderTableCell {TD} at (216,264) size 9x12 [bgcolor=#083131] [r=22 c=24 rs=1 cs=1]
              RenderInline {FONT} at (0,0) size 3x11
                RenderText {#text} at (0,0) size 3x11
                  text run at (0,0) width 3: " "
            RenderTableCell {TD} at (225,264) size 9x12 [bgcolor=#083131] [r=22 c=25 rs=1 cs=1]
              RenderInline {FONT} at (0,0) size 3x11
                RenderText {#text} at (0,0) size 3x11
                  text run at (0,0) width 3: " "
            RenderTableCell {TD} at (234,264) size 9x12 [bgcolor=#3D4242] [r=22 c=26 rs=1 cs=1]
              RenderInline {FONT} at (0,0) size 3x11
                RenderText {#text} at (0,0) size 3x11
                  text run at (0,0) width 3: " "
            RenderTableCell {TD} at (243,264) size 9x12 [bgcolor=#5E5F60] [r=22 c=27 rs=1 cs=1]
              RenderInline {FONT} at (0,0) size 3x11
                RenderText {#text} at (0,0) size 3x11
                  text run at (0,0) width 3: " "
            RenderTableCell {TD} at (252,264) size 9x12 [bgcolor=#848788] [r=22 c=28 rs=1 cs=1]
              RenderInline {FONT} at (0,0) size 3x11
                RenderText {#text} at (0,0) size 3x11
                  text run at (0,0) width 3: " "
            RenderTableCell {TD} at (261,264) size 9x12 [bgcolor=#A5A6A6] [r=22 c=29 rs=1 cs=1]
              RenderInline {FONT} at (0,0) size 3x11
                RenderText {#text} at (0,0) size 3x11
                  text run at (0,0) width 3: " "
            RenderTableCell {TD} at (270,264) size 9x12 [bgcolor=#CECFCF] [r=22 c=30 rs=1 cs=1]
              RenderInline {FONT} at (0,0) size 3x11
                RenderText {#text} at (0,0) size 3x11
                  text run at (0,0) width 3: " "
            RenderTableCell {TD} at (279,264) size 9x12 [bgcolor=#EDEEEF] [r=22 c=31 rs=1 cs=1]
              RenderInline {FONT} at (0,0) size 3x11
                RenderText {#text} at (0,0) size 3x11
                  text run at (0,0) width 3: " "
            RenderTableCell {TD} at (288,264) size 9x12 [bgcolor=#FDFDFB] [r=22 c=32 rs=1 cs=1]
              RenderInline {FONT} at (0,0) size 3x11
                RenderText {#text} at (0,0) size 3x11
                  text run at (0,0) width 3: " "
            RenderTableCell {TD} at (297,264) size 9x12 [bgcolor=#FDFDFB] [r=22 c=33 rs=1 cs=1]
              RenderInline {FONT} at (0,0) size 3x11
                RenderText {#text} at (0,0) size 3x11
                  text run at (0,0) width 3: " "
            RenderTableCell {TD} at (306,264) size 9x12 [bgcolor=#FDFDFB] [r=22 c=34 rs=1 cs=1]
              RenderInline {FONT} at (0,0) size 3x11
                RenderText {#text} at (0,0) size 3x11
                  text run at (0,0) width 3: " "
            RenderTableCell {TD} at (315,264) size 9x12 [bgcolor=#EDEEEF] [r=22 c=35 rs=1 cs=1]
              RenderInline {FONT} at (0,0) size 3x11
                RenderText {#text} at (0,0) size 3x11
                  text run at (0,0) width 3: " "
            RenderTableCell {TD} at (324,264) size 10x12 [bgcolor=#027777] [r=22 c=36 rs=1 cs=1]
              RenderInline {FONT} at (0,0) size 3x11
                RenderText {#text} at (0,0) size 3x11
                  text run at (0,0) width 3: " "
            RenderTableCell {TD} at (334,264) size 10x12 [bgcolor=#026766] [r=22 c=37 rs=1 cs=1]
              RenderInline {FONT} at (0,0) size 3x11
                RenderText {#text} at (0,0) size 3x11
                  text run at (0,0) width 3: " "
            RenderTableCell {TD} at (344,264) size 10x12 [bgcolor=#025E5E] [r=22 c=38 rs=1 cs=1]
              RenderInline {FONT} at (0,0) size 3x11
                RenderText {#text} at (0,0) size 3x11
                  text run at (0,0) width 3: " "
            RenderTableCell {TD} at (354,264) size 10x12 [bgcolor=#044F4F] [r=22 c=39 rs=1 cs=1]
              RenderInline {FONT} at (0,0) size 3x11
                RenderText {#text} at (0,0) size 3x11
                  text run at (0,0) width 3: " "
            RenderTableCell {TD} at (364,264) size 10x12 [bgcolor=#044F4F] [r=22 c=40 rs=1 cs=1]
              RenderInline {FONT} at (0,0) size 3x11
                RenderText {#text} at (0,0) size 3x11
                  text run at (0,0) width 3: " "
            RenderTableCell {TD} at (374,264) size 10x12 [bgcolor=#044F4F] [r=22 c=41 rs=1 cs=1]
              RenderInline {FONT} at (0,0) size 3x11
                RenderText {#text} at (0,0) size 3x11
                  text run at (0,0) width 3: " "
            RenderTableCell {TD} at (384,264) size 10x12 [bgcolor=#044F4F] [r=22 c=42 rs=1 cs=1]
              RenderInline {FONT} at (0,0) size 3x11
                RenderText {#text} at (0,0) size 3x11
                  text run at (0,0) width 3: " "
            RenderTableCell {TD} at (394,264) size 10x12 [bgcolor=#044F4F] [r=22 c=43 rs=1 cs=1]
              RenderInline {FONT} at (0,0) size 3x11
                RenderText {#text} at (0,0) size 3x11
                  text run at (0,0) width 3: " "
            RenderTableCell {TD} at (404,264) size 10x12 [bgcolor=#044F4F] [r=22 c=44 rs=1 cs=1]
              RenderInline {FONT} at (0,0) size 3x11
                RenderText {#text} at (0,0) size 3x11
                  text run at (0,0) width 3: " "
            RenderTableCell {TD} at (414,264) size 10x12 [bgcolor=#044F4F] [r=22 c=45 rs=1 cs=1]
              RenderInline {FONT} at (0,0) size 3x11
                RenderText {#text} at (0,0) size 3x11
                  text run at (0,0) width 3: " "
            RenderTableCell {TD} at (424,264) size 10x12 [bgcolor=#044F4F] [r=22 c=46 rs=1 cs=1]
              RenderInline {FONT} at (0,0) size 3x11
                RenderText {#text} at (0,0) size 3x11
                  text run at (0,0) width 3: " "
            RenderTableCell {TD} at (434,264) size 10x12 [bgcolor=#044F4F] [r=22 c=47 rs=1 cs=1]
              RenderInline {FONT} at (0,0) size 3x11
                RenderText {#text} at (0,0) size 3x11
                  text run at (0,0) width 3: " "
            RenderTableCell {TD} at (444,264) size 10x12 [bgcolor=#044F4F] [r=22 c=48 rs=1 cs=1]
              RenderInline {FONT} at (0,0) size 3x11
                RenderText {#text} at (0,0) size 3x11
                  text run at (0,0) width 3: " "
            RenderTableCell {TD} at (454,264) size 10x12 [bgcolor=#044F4F] [r=22 c=49 rs=1 cs=1]
              RenderInline {FONT} at (0,0) size 3x11
                RenderText {#text} at (0,0) size 3x11
                  text run at (0,0) width 3: " "
            RenderTableCell {TD} at (464,264) size 10x12 [bgcolor=#044140] [r=22 c=50 rs=1 cs=1]
              RenderInline {FONT} at (0,0) size 3x11
                RenderText {#text} at (0,0) size 3x11
                  text run at (0,0) width 3: " "
            RenderTableCell {TD} at (474,264) size 10x12 [bgcolor=#083131] [r=22 c=51 rs=1 cs=1]
              RenderInline {FONT} at (0,0) size 3x11
                RenderText {#text} at (0,0) size 3x11
                  text run at (0,0) width 3: " "
            RenderTableCell {TD} at (484,264) size 10x12 [bgcolor=#696A69] [r=22 c=52 rs=1 cs=1]
              RenderInline {FONT} at (0,0) size 3x11
                RenderText {#text} at (0,0) size 3x11
                  text run at (0,0) width 3: " "
            RenderTableCell {TD} at (494,264) size 10x12 [bgcolor=#B4B4B4] [r=22 c=53 rs=1 cs=1]
              RenderInline {FONT} at (0,0) size 3x11
                RenderText {#text} at (0,0) size 3x11
                  text run at (0,0) width 3: " "
            RenderTableCell {TD} at (504,264) size 10x12 [bgcolor=#DEDFDF] [r=22 c=54 rs=1 cs=1]
              RenderInline {FONT} at (0,0) size 3x11
                RenderText {#text} at (0,0) size 3x11
                  text run at (0,0) width 3: " "
            RenderTableCell {TD} at (514,264) size 10x12 [bgcolor=#FDFDFB] [r=22 c=55 rs=1 cs=1]
              RenderInline {FONT} at (0,0) size 3x11
                RenderText {#text} at (0,0) size 3x11
                  text run at (0,0) width 3: " "
            RenderTableCell {TD} at (524,264) size 10x12 [bgcolor=#FDFDFB] [r=22 c=56 rs=1 cs=1]
              RenderInline {FONT} at (0,0) size 3x11
                RenderText {#text} at (0,0) size 3x11
                  text run at (0,0) width 3: " "
            RenderTableCell {TD} at (534,264) size 10x12 [bgcolor=#FDFDFB] [r=22 c=57 rs=1 cs=1]
              RenderInline {FONT} at (0,0) size 3x11
                RenderText {#text} at (0,0) size 3x11
                  text run at (0,0) width 3: " "
            RenderTableCell {TD} at (544,264) size 10x12 [bgcolor=#FDFDFB] [r=22 c=58 rs=1 cs=1]
              RenderInline {FONT} at (0,0) size 3x11
                RenderText {#text} at (0,0) size 3x11
                  text run at (0,0) width 3: " "
            RenderTableCell {TD} at (554,264) size 10x12 [bgcolor=#FDFDFB] [r=22 c=59 rs=1 cs=1]
              RenderInline {FONT} at (0,0) size 3x11
                RenderText {#text} at (0,0) size 3x11
                  text run at (0,0) width 3: " "
            RenderTableCell {TD} at (564,264) size 10x12 [bgcolor=#FDFDFB] [r=22 c=60 rs=1 cs=1]
              RenderInline {FONT} at (0,0) size 3x11
                RenderText {#text} at (0,0) size 3x11
                  text run at (0,0) width 3: " "
            RenderTableCell {TD} at (574,264) size 10x12 [bgcolor=#FDFDFB] [r=22 c=61 rs=1 cs=1]
              RenderInline {FONT} at (0,0) size 3x11
                RenderText {#text} at (0,0) size 3x11
                  text run at (0,0) width 3: " "
            RenderTableCell {TD} at (584,264) size 10x12 [bgcolor=#EDEEEF] [r=22 c=62 rs=1 cs=1]
              RenderInline {FONT} at (0,0) size 3x11
                RenderText {#text} at (0,0) size 3x11
                  text run at (0,0) width 3: " "
            RenderTableCell {TD} at (594,264) size 10x12 [bgcolor=#BEC2C2] [r=22 c=63 rs=1 cs=1]
              RenderInline {FONT} at (0,0) size 3x11
                RenderText {#text} at (0,0) size 3x11
                  text run at (0,0) width 3: " "
            RenderTableCell {TD} at (604,264) size 10x12 [bgcolor=#396B6A] [r=22 c=64 rs=1 cs=1]
              RenderInline {FONT} at (0,0) size 3x11
                RenderText {#text} at (0,0) size 3x11
                  text run at (0,0) width 3: " "
            RenderTableCell {TD} at (614,264) size 10x12 [bgcolor=#044F4F] [r=22 c=65 rs=1 cs=1]
              RenderInline {FONT} at (0,0) size 3x11
                RenderText {#text} at (0,0) size 3x11
                  text run at (0,0) width 3: " "
            RenderTableCell {TD} at (624,264) size 10x12 [bgcolor=#044F4F] [r=22 c=66 rs=1 cs=1]
              RenderInline {FONT} at (0,0) size 3x11
                RenderText {#text} at (0,0) size 3x11
                  text run at (0,0) width 3: " "
            RenderTableCell {TD} at (634,264) size 10x12 [bgcolor=#025E5E] [r=22 c=67 rs=1 cs=1]
              RenderInline {FONT} at (0,0) size 3x11
                RenderText {#text} at (0,0) size 3x11
                  text run at (0,0) width 3: " "
            RenderTableCell {TD} at (644,264) size 10x12 [bgcolor=#025E5E] [r=22 c=68 rs=1 cs=1]
              RenderInline {FONT} at (0,0) size 3x11
                RenderText {#text} at (0,0) size 3x11
                  text run at (0,0) width 3: " "
            RenderTableCell {TD} at (654,264) size 10x12 [bgcolor=#025E5E] [r=22 c=69 rs=1 cs=1]
              RenderInline {FONT} at (0,0) size 3x11
                RenderText {#text} at (0,0) size 3x11
                  text run at (0,0) width 3: " "
            RenderTableCell {TD} at (664,264) size 10x12 [bgcolor=#025E5E] [r=22 c=70 rs=1 cs=1]
              RenderInline {FONT} at (0,0) size 3x11
                RenderText {#text} at (0,0) size 3x11
                  text run at (0,0) width 3: " "
            RenderTableCell {TD} at (674,264) size 10x12 [bgcolor=#025E5E] [r=22 c=71 rs=1 cs=1]
              RenderInline {FONT} at (0,0) size 3x11
                RenderText {#text} at (0,0) size 3x11
                  text run at (0,0) width 3: " "
            RenderTableCell {TD} at (684,264) size 10x12 [bgcolor=#025E5E] [r=22 c=72 rs=1 cs=1]
              RenderInline {FONT} at (0,0) size 3x11
                RenderText {#text} at (0,0) size 3x11
                  text run at (0,0) width 3: " "
            RenderTableCell {TD} at (694,264) size 10x12 [bgcolor=#025E5E] [r=22 c=73 rs=1 cs=1]
              RenderInline {FONT} at (0,0) size 3x11
                RenderText {#text} at (0,0) size 3x11
                  text run at (0,0) width 3: " "
            RenderTableCell {TD} at (704,264) size 10x12 [bgcolor=#026766] [r=22 c=74 rs=1 cs=1]
              RenderInline {FONT} at (0,0) size 3x11
                RenderText {#text} at (0,0) size 3x11
                  text run at (0,0) width 3: " "
            RenderTableCell {TD} at (714,264) size 10x12 [bgcolor=#026766] [r=22 c=75 rs=1 cs=1]
              RenderInline {FONT} at (0,0) size 3x11
                RenderText {#text} at (0,0) size 3x11
                  text run at (0,0) width 3: " "
            RenderTableCell {TD} at (724,264) size 10x12 [bgcolor=#026766] [r=22 c=76 rs=1 cs=1]
              RenderInline {FONT} at (0,0) size 3x11
                RenderText {#text} at (0,0) size 3x11
                  text run at (0,0) width 3: " "
            RenderTableCell {TD} at (734,264) size 10x12 [bgcolor=#026766] [r=22 c=77 rs=1 cs=1]
              RenderInline {FONT} at (0,0) size 3x11
                RenderText {#text} at (0,0) size 3x11
                  text run at (0,0) width 3: " "
            RenderTableCell {TD} at (744,264) size 10x12 [bgcolor=#026766] [r=22 c=78 rs=1 cs=1]
              RenderInline {FONT} at (0,0) size 3x11
                RenderText {#text} at (0,0) size 3x11
                  text run at (0,0) width 3: " "
            RenderTableCell {TD} at (754,264) size 10x12 [bgcolor=#026766] [r=22 c=79 rs=1 cs=1]
              RenderInline {FONT} at (0,0) size 3x11
                RenderText {#text} at (0,0) size 3x11
                  text run at (0,0) width 3: " "
            RenderTableCell {TD} at (764,264) size 10x12 [bgcolor=#026766] [r=22 c=80 rs=1 cs=1]
              RenderInline {FONT} at (0,0) size 3x11
                RenderText {#text} at (0,0) size 3x11
                  text run at (0,0) width 3: " "
            RenderTableCell {TD} at (774,264) size 10x12 [bgcolor=#026766] [r=22 c=81 rs=1 cs=1]
              RenderInline {FONT} at (0,0) size 3x11
                RenderText {#text} at (0,0) size 3x11
                  text run at (0,0) width 3: " "
            RenderTableCell {TD} at (784,264) size 10x12 [bgcolor=#026766] [r=22 c=82 rs=1 cs=1]
              RenderInline {FONT} at (0,0) size 3x11
                RenderText {#text} at (0,0) size 3x11
                  text run at (0,0) width 3: " "
            RenderTableCell {TD} at (794,264) size 10x12 [bgcolor=#026766] [r=22 c=83 rs=1 cs=1]
              RenderInline {FONT} at (0,0) size 3x11
                RenderText {#text} at (0,0) size 3x11
                  text run at (0,0) width 3: " "
            RenderTableCell {TD} at (804,264) size 10x12 [bgcolor=#026766] [r=22 c=84 rs=1 cs=1]
              RenderInline {FONT} at (0,0) size 3x11
                RenderText {#text} at (0,0) size 3x11
                  text run at (0,0) width 3: " "
            RenderTableCell {TD} at (814,264) size 10x12 [bgcolor=#026766] [r=22 c=85 rs=1 cs=1]
              RenderInline {FONT} at (0,0) size 3x11
                RenderText {#text} at (0,0) size 3x11
                  text run at (0,0) width 3: " "
            RenderTableCell {TD} at (824,264) size 10x12 [bgcolor=#026766] [r=22 c=86 rs=1 cs=1]
              RenderInline {FONT} at (0,0) size 3x11
                RenderText {#text} at (0,0) size 3x11
                  text run at (0,0) width 3: " "
            RenderTableCell {TD} at (834,264) size 10x12 [bgcolor=#026766] [r=22 c=87 rs=1 cs=1]
              RenderInline {FONT} at (0,0) size 3x11
                RenderText {#text} at (0,0) size 3x11
                  text run at (0,0) width 3: " "
            RenderTableCell {TD} at (844,264) size 10x12 [bgcolor=#026766] [r=22 c=88 rs=1 cs=1]
              RenderInline {FONT} at (0,0) size 3x11
                RenderText {#text} at (0,0) size 3x11
                  text run at (0,0) width 3: " "
            RenderTableCell {TD} at (854,264) size 10x12 [bgcolor=#026766] [r=22 c=89 rs=1 cs=1]
              RenderInline {FONT} at (0,0) size 3x11
                RenderText {#text} at (0,0) size 3x11
                  text run at (0,0) width 3: " "
            RenderTableCell {TD} at (864,264) size 10x12 [bgcolor=#026766] [r=22 c=90 rs=1 cs=1]
              RenderInline {FONT} at (0,0) size 3x11
                RenderText {#text} at (0,0) size 3x11
                  text run at (0,0) width 3: " "
            RenderTableCell {TD} at (874,264) size 10x12 [bgcolor=#025E5E] [r=22 c=91 rs=1 cs=1]
              RenderInline {FONT} at (0,0) size 3x11
                RenderText {#text} at (0,0) size 3x11
                  text run at (0,0) width 3: " "
            RenderTableCell {TD} at (884,264) size 10x12 [bgcolor=#044F4F] [r=22 c=92 rs=1 cs=1]
              RenderInline {FONT} at (0,0) size 3x11
                RenderText {#text} at (0,0) size 3x11
                  text run at (0,0) width 3: " "
            RenderTableCell {TD} at (894,264) size 10x12 [bgcolor=#044140] [r=22 c=93 rs=1 cs=1]
              RenderInline {FONT} at (0,0) size 3x11
                RenderText {#text} at (0,0) size 3x11
                  text run at (0,0) width 3: " "
            RenderTableCell {TD} at (904,264) size 10x12 [bgcolor=#425A5A] [r=22 c=94 rs=1 cs=1]
              RenderInline {FONT} at (0,0) size 3x11
                RenderText {#text} at (0,0) size 3x11
                  text run at (0,0) width 3: " "
            RenderTableCell {TD} at (914,264) size 10x12 [bgcolor=#A5A6A6] [r=22 c=95 rs=1 cs=1]
              RenderInline {FONT} at (0,0) size 3x11
                RenderText {#text} at (0,0) size 3x11
                  text run at (0,0) width 3: " "
            RenderTableCell {TD} at (924,264) size 10x12 [bgcolor=#CECFCF] [r=22 c=96 rs=1 cs=1]
              RenderInline {FONT} at (0,0) size 3x11
                RenderText {#text} at (0,0) size 3x11
                  text run at (0,0) width 3: " "
            RenderTableCell {TD} at (934,264) size 10x12 [bgcolor=#FDFDFB] [r=22 c=97 rs=1 cs=1]
              RenderInline {FONT} at (0,0) size 3x11
                RenderText {#text} at (0,0) size 3x11
                  text run at (0,0) width 3: " "
            RenderTableCell {TD} at (944,264) size 10x12 [bgcolor=#FDFDFB] [r=22 c=98 rs=1 cs=1]
              RenderInline {FONT} at (0,0) size 3x11
                RenderText {#text} at (0,0) size 3x11
                  text run at (0,0) width 3: " "
            RenderTableCell {TD} at (954,264) size 10x12 [bgcolor=#FDFDFB] [r=22 c=99 rs=1 cs=1]
              RenderInline {FONT} at (0,0) size 3x11
                RenderText {#text} at (0,0) size 3x11
                  text run at (0,0) width 3: " "
          RenderTableRow {TR} at (0,276) size 964x12
            RenderTableCell {TD} at (0,276) size 9x12 [bgcolor=#FDFDFB] [r=23 c=0 rs=1 cs=1]
              RenderInline {FONT} at (0,0) size 3x11
                RenderText {#text} at (0,0) size 3x11
                  text run at (0,0) width 3: " "
            RenderTableCell {TD} at (9,276) size 9x12 [bgcolor=#FDFDFB] [r=23 c=1 rs=1 cs=1]
              RenderInline {FONT} at (0,0) size 3x11
                RenderText {#text} at (0,0) size 3x11
                  text run at (0,0) width 3: " "
            RenderTableCell {TD} at (18,276) size 9x12 [bgcolor=#FDFDFB] [r=23 c=2 rs=1 cs=1]
              RenderInline {FONT} at (0,0) size 3x11
                RenderText {#text} at (0,0) size 3x11
                  text run at (0,0) width 3: " "
            RenderTableCell {TD} at (27,276) size 9x12 [bgcolor=#FDFDFB] [r=23 c=3 rs=1 cs=1]
              RenderInline {FONT} at (0,0) size 3x11
                RenderText {#text} at (0,0) size 3x11
                  text run at (0,0) width 3: " "
            RenderTableCell {TD} at (36,276) size 9x12 [bgcolor=#FDFDFB] [r=23 c=4 rs=1 cs=1]
              RenderInline {FONT} at (0,0) size 3x11
                RenderText {#text} at (0,0) size 3x11
                  text run at (0,0) width 3: " "
            RenderTableCell {TD} at (45,276) size 9x12 [bgcolor=#EDEEEF] [r=23 c=5 rs=1 cs=1]
              RenderInline {FONT} at (0,0) size 3x11
                RenderText {#text} at (0,0) size 3x11
                  text run at (0,0) width 3: " "
            RenderTableCell {TD} at (54,276) size 9x12 [bgcolor=#DEDFDF] [r=23 c=6 rs=1 cs=1]
              RenderInline {FONT} at (0,0) size 3x11
                RenderText {#text} at (0,0) size 3x11
                  text run at (0,0) width 3: " "
            RenderTableCell {TD} at (63,276) size 9x12 [bgcolor=#B4B4B4] [r=23 c=7 rs=1 cs=1]
              RenderInline {FONT} at (0,0) size 3x11
                RenderText {#text} at (0,0) size 3x11
                  text run at (0,0) width 3: " "
            RenderTableCell {TD} at (72,276) size 9x12 [bgcolor=#848788] [r=23 c=8 rs=1 cs=1]
              RenderInline {FONT} at (0,0) size 3x11
                RenderText {#text} at (0,0) size 3x11
                  text run at (0,0) width 3: " "
            RenderTableCell {TD} at (81,276) size 9x12 [bgcolor=#305D5D] [r=23 c=9 rs=1 cs=1]
              RenderInline {FONT} at (0,0) size 3x11
                RenderText {#text} at (0,0) size 3x11
                  text run at (0,0) width 3: " "
            RenderTableCell {TD} at (90,276) size 9x12 [bgcolor=#044F4F] [r=23 c=10 rs=1 cs=1]
              RenderInline {FONT} at (0,0) size 3x11
                RenderText {#text} at (0,0) size 3x11
                  text run at (0,0) width 3: " "
            RenderTableCell {TD} at (99,276) size 9x12 [bgcolor=#044140] [r=23 c=11 rs=1 cs=1]
              RenderInline {FONT} at (0,0) size 3x11
                RenderText {#text} at (0,0) size 3x11
                  text run at (0,0) width 3: " "
            RenderTableCell {TD} at (108,276) size 9x12 [bgcolor=#044F4F] [r=23 c=12 rs=1 cs=1]
              RenderInline {FONT} at (0,0) size 3x11
                RenderText {#text} at (0,0) size 3x11
                  text run at (0,0) width 3: " "
            RenderTableCell {TD} at (117,276) size 9x12 [bgcolor=#044F4F] [r=23 c=13 rs=1 cs=1]
              RenderInline {FONT} at (0,0) size 3x11
                RenderText {#text} at (0,0) size 3x11
                  text run at (0,0) width 3: " "
            RenderTableCell {TD} at (126,276) size 9x12 [bgcolor=#044F4F] [r=23 c=14 rs=1 cs=1]
              RenderInline {FONT} at (0,0) size 3x11
                RenderText {#text} at (0,0) size 3x11
                  text run at (0,0) width 3: " "
            RenderTableCell {TD} at (135,276) size 9x12 [bgcolor=#044F4F] [r=23 c=15 rs=1 cs=1]
              RenderInline {FONT} at (0,0) size 3x11
                RenderText {#text} at (0,0) size 3x11
                  text run at (0,0) width 3: " "
            RenderTableCell {TD} at (144,276) size 9x12 [bgcolor=#025E5E] [r=23 c=16 rs=1 cs=1]
              RenderInline {FONT} at (0,0) size 3x11
                RenderText {#text} at (0,0) size 3x11
                  text run at (0,0) width 3: " "
            RenderTableCell {TD} at (153,276) size 9x12 [bgcolor=#025E5E] [r=23 c=17 rs=1 cs=1]
              RenderInline {FONT} at (0,0) size 3x11
                RenderText {#text} at (0,0) size 3x11
                  text run at (0,0) width 3: " "
            RenderTableCell {TD} at (162,276) size 9x12 [bgcolor=#044F4F] [r=23 c=18 rs=1 cs=1]
              RenderInline {FONT} at (0,0) size 3x11
                RenderText {#text} at (0,0) size 3x11
                  text run at (0,0) width 3: " "
            RenderTableCell {TD} at (171,276) size 9x12 [bgcolor=#044F4F] [r=23 c=19 rs=1 cs=1]
              RenderInline {FONT} at (0,0) size 3x11
                RenderText {#text} at (0,0) size 3x11
                  text run at (0,0) width 3: " "
            RenderTableCell {TD} at (180,276) size 9x12 [bgcolor=#044140] [r=23 c=20 rs=1 cs=1]
              RenderInline {FONT} at (0,0) size 3x11
                RenderText {#text} at (0,0) size 3x11
                  text run at (0,0) width 3: " "
            RenderTableCell {TD} at (189,276) size 9x12 [bgcolor=#044140] [r=23 c=21 rs=1 cs=1]
              RenderInline {FONT} at (0,0) size 3x11
                RenderText {#text} at (0,0) size 3x11
                  text run at (0,0) width 3: " "
            RenderTableCell {TD} at (198,276) size 9x12 [bgcolor=#083131] [r=23 c=22 rs=1 cs=1]
              RenderInline {FONT} at (0,0) size 3x11
                RenderText {#text} at (0,0) size 3x11
                  text run at (0,0) width 3: " "
            RenderTableCell {TD} at (207,276) size 9x12 [bgcolor=#083131] [r=23 c=23 rs=1 cs=1]
              RenderInline {FONT} at (0,0) size 3x11
                RenderText {#text} at (0,0) size 3x11
                  text run at (0,0) width 3: " "
            RenderTableCell {TD} at (216,276) size 9x12 [bgcolor=#344C4E] [r=23 c=24 rs=1 cs=1]
              RenderInline {FONT} at (0,0) size 3x11
                RenderText {#text} at (0,0) size 3x11
                  text run at (0,0) width 3: " "
            RenderTableCell {TD} at (225,276) size 9x12 [bgcolor=#5E5F60] [r=23 c=25 rs=1 cs=1]
              RenderInline {FONT} at (0,0) size 3x11
                RenderText {#text} at (0,0) size 3x11
                  text run at (0,0) width 3: " "
            RenderTableCell {TD} at (234,276) size 9x12 [bgcolor=#777878] [r=23 c=26 rs=1 cs=1]
              RenderInline {FONT} at (0,0) size 3x11
                RenderText {#text} at (0,0) size 3x11
                  text run at (0,0) width 3: " "
            RenderTableCell {TD} at (243,276) size 9x12 [bgcolor=#939494] [r=23 c=27 rs=1 cs=1]
              RenderInline {FONT} at (0,0) size 3x11
                RenderText {#text} at (0,0) size 3x11
                  text run at (0,0) width 3: " "
            RenderTableCell {TD} at (252,276) size 9x12 [bgcolor=#B4B4B4] [r=23 c=28 rs=1 cs=1]
              RenderInline {FONT} at (0,0) size 3x11
                RenderText {#text} at (0,0) size 3x11
                  text run at (0,0) width 3: " "
            RenderTableCell {TD} at (261,276) size 9x12 [bgcolor=#CECFCF] [r=23 c=29 rs=1 cs=1]
              RenderInline {FONT} at (0,0) size 3x11
                RenderText {#text} at (0,0) size 3x11
                  text run at (0,0) width 3: " "
            RenderTableCell {TD} at (270,276) size 9x12 [bgcolor=#EDEEEF] [r=23 c=30 rs=1 cs=1]
              RenderInline {FONT} at (0,0) size 3x11
                RenderText {#text} at (0,0) size 3x11
                  text run at (0,0) width 3: " "
            RenderTableCell {TD} at (279,276) size 9x12 [bgcolor=#FDFDFB] [r=23 c=31 rs=1 cs=1]
              RenderInline {FONT} at (0,0) size 3x11
                RenderText {#text} at (0,0) size 3x11
                  text run at (0,0) width 3: " "
            RenderTableCell {TD} at (288,276) size 9x12 [bgcolor=#FDFDFB] [r=23 c=32 rs=1 cs=1]
              RenderInline {FONT} at (0,0) size 3x11
                RenderText {#text} at (0,0) size 3x11
                  text run at (0,0) width 3: " "
            RenderTableCell {TD} at (297,276) size 9x12 [bgcolor=#FDFDFB] [r=23 c=33 rs=1 cs=1]
              RenderInline {FONT} at (0,0) size 3x11
                RenderText {#text} at (0,0) size 3x11
                  text run at (0,0) width 3: " "
            RenderTableCell {TD} at (306,276) size 9x12 [bgcolor=#FDFDFB] [r=23 c=34 rs=1 cs=1]
              RenderInline {FONT} at (0,0) size 3x11
                RenderText {#text} at (0,0) size 3x11
                  text run at (0,0) width 3: " "
            RenderTableCell {TD} at (315,276) size 9x12 [bgcolor=#E0EAE9] [r=23 c=35 rs=1 cs=1]
              RenderInline {FONT} at (0,0) size 3x11
                RenderText {#text} at (0,0) size 3x11
                  text run at (0,0) width 3: " "
            RenderTableCell {TD} at (324,276) size 10x12 [bgcolor=#025E5E] [r=23 c=36 rs=1 cs=1]
              RenderInline {FONT} at (0,0) size 3x11
                RenderText {#text} at (0,0) size 3x11
                  text run at (0,0) width 3: " "
            RenderTableCell {TD} at (334,276) size 10x12 [bgcolor=#044F4F] [r=23 c=37 rs=1 cs=1]
              RenderInline {FONT} at (0,0) size 3x11
                RenderText {#text} at (0,0) size 3x11
                  text run at (0,0) width 3: " "
            RenderTableCell {TD} at (344,276) size 10x12 [bgcolor=#044140] [r=23 c=38 rs=1 cs=1]
              RenderInline {FONT} at (0,0) size 3x11
                RenderText {#text} at (0,0) size 3x11
                  text run at (0,0) width 3: " "
            RenderTableCell {TD} at (354,276) size 10x12 [bgcolor=#044140] [r=23 c=39 rs=1 cs=1]
              RenderInline {FONT} at (0,0) size 3x11
                RenderText {#text} at (0,0) size 3x11
                  text run at (0,0) width 3: " "
            RenderTableCell {TD} at (364,276) size 10x12 [bgcolor=#044140] [r=23 c=40 rs=1 cs=1]
              RenderInline {FONT} at (0,0) size 3x11
                RenderText {#text} at (0,0) size 3x11
                  text run at (0,0) width 3: " "
            RenderTableCell {TD} at (374,276) size 10x12 [bgcolor=#044140] [r=23 c=41 rs=1 cs=1]
              RenderInline {FONT} at (0,0) size 3x11
                RenderText {#text} at (0,0) size 3x11
                  text run at (0,0) width 3: " "
            RenderTableCell {TD} at (384,276) size 10x12 [bgcolor=#044140] [r=23 c=42 rs=1 cs=1]
              RenderInline {FONT} at (0,0) size 3x11
                RenderText {#text} at (0,0) size 3x11
                  text run at (0,0) width 3: " "
            RenderTableCell {TD} at (394,276) size 10x12 [bgcolor=#044140] [r=23 c=43 rs=1 cs=1]
              RenderInline {FONT} at (0,0) size 3x11
                RenderText {#text} at (0,0) size 3x11
                  text run at (0,0) width 3: " "
            RenderTableCell {TD} at (404,276) size 10x12 [bgcolor=#044140] [r=23 c=44 rs=1 cs=1]
              RenderInline {FONT} at (0,0) size 3x11
                RenderText {#text} at (0,0) size 3x11
                  text run at (0,0) width 3: " "
            RenderTableCell {TD} at (414,276) size 10x12 [bgcolor=#044140] [r=23 c=45 rs=1 cs=1]
              RenderInline {FONT} at (0,0) size 3x11
                RenderText {#text} at (0,0) size 3x11
                  text run at (0,0) width 3: " "
            RenderTableCell {TD} at (424,276) size 10x12 [bgcolor=#044140] [r=23 c=46 rs=1 cs=1]
              RenderInline {FONT} at (0,0) size 3x11
                RenderText {#text} at (0,0) size 3x11
                  text run at (0,0) width 3: " "
            RenderTableCell {TD} at (434,276) size 10x12 [bgcolor=#044140] [r=23 c=47 rs=1 cs=1]
              RenderInline {FONT} at (0,0) size 3x11
                RenderText {#text} at (0,0) size 3x11
                  text run at (0,0) width 3: " "
            RenderTableCell {TD} at (444,276) size 10x12 [bgcolor=#044140] [r=23 c=48 rs=1 cs=1]
              RenderInline {FONT} at (0,0) size 3x11
                RenderText {#text} at (0,0) size 3x11
                  text run at (0,0) width 3: " "
            RenderTableCell {TD} at (454,276) size 10x12 [bgcolor=#044140] [r=23 c=49 rs=1 cs=1]
              RenderInline {FONT} at (0,0) size 3x11
                RenderText {#text} at (0,0) size 3x11
                  text run at (0,0) width 3: " "
            RenderTableCell {TD} at (464,276) size 10x12 [bgcolor=#083131] [r=23 c=50 rs=1 cs=1]
              RenderInline {FONT} at (0,0) size 3x11
                RenderText {#text} at (0,0) size 3x11
                  text run at (0,0) width 3: " "
            RenderTableCell {TD} at (474,276) size 10x12 [bgcolor=#072323] [r=23 c=51 rs=1 cs=1]
              RenderInline {FONT} at (0,0) size 3x11
                RenderText {#text} at (0,0) size 3x11
                  text run at (0,0) width 3: " "
            RenderTableCell {TD} at (484,276) size 10x12 [bgcolor=#647979] [r=23 c=52 rs=1 cs=1]
              RenderInline {FONT} at (0,0) size 3x11
                RenderText {#text} at (0,0) size 3x11
                  text run at (0,0) width 3: " "
            RenderTableCell {TD} at (494,276) size 10x12 [bgcolor=#B4B4B4] [r=23 c=53 rs=1 cs=1]
              RenderInline {FONT} at (0,0) size 3x11
                RenderText {#text} at (0,0) size 3x11
                  text run at (0,0) width 3: " "
            RenderTableCell {TD} at (504,276) size 10x12 [bgcolor=#E0EAE9] [r=23 c=54 rs=1 cs=1]
              RenderInline {FONT} at (0,0) size 3x11
                RenderText {#text} at (0,0) size 3x11
                  text run at (0,0) width 3: " "
            RenderTableCell {TD} at (514,276) size 10x12 [bgcolor=#FDFDFB] [r=23 c=55 rs=1 cs=1]
              RenderInline {FONT} at (0,0) size 3x11
                RenderText {#text} at (0,0) size 3x11
                  text run at (0,0) width 3: " "
            RenderTableCell {TD} at (524,276) size 10x12 [bgcolor=#FDFDFB] [r=23 c=56 rs=1 cs=1]
              RenderInline {FONT} at (0,0) size 3x11
                RenderText {#text} at (0,0) size 3x11
                  text run at (0,0) width 3: " "
            RenderTableCell {TD} at (534,276) size 10x12 [bgcolor=#FDFDFB] [r=23 c=57 rs=1 cs=1]
              RenderInline {FONT} at (0,0) size 3x11
                RenderText {#text} at (0,0) size 3x11
                  text run at (0,0) width 3: " "
            RenderTableCell {TD} at (544,276) size 10x12 [bgcolor=#FDFDFB] [r=23 c=58 rs=1 cs=1]
              RenderInline {FONT} at (0,0) size 3x11
                RenderText {#text} at (0,0) size 3x11
                  text run at (0,0) width 3: " "
            RenderTableCell {TD} at (554,276) size 10x12 [bgcolor=#FDFDFB] [r=23 c=59 rs=1 cs=1]
              RenderInline {FONT} at (0,0) size 3x11
                RenderText {#text} at (0,0) size 3x11
                  text run at (0,0) width 3: " "
            RenderTableCell {TD} at (564,276) size 10x12 [bgcolor=#FDFDFB] [r=23 c=60 rs=1 cs=1]
              RenderInline {FONT} at (0,0) size 3x11
                RenderText {#text} at (0,0) size 3x11
                  text run at (0,0) width 3: " "
            RenderTableCell {TD} at (574,276) size 10x12 [bgcolor=#FDFDFB] [r=23 c=61 rs=1 cs=1]
              RenderInline {FONT} at (0,0) size 3x11
                RenderText {#text} at (0,0) size 3x11
                  text run at (0,0) width 3: " "
            RenderTableCell {TD} at (584,276) size 10x12 [bgcolor=#FDFDFB] [r=23 c=62 rs=1 cs=1]
              RenderInline {FONT} at (0,0) size 3x11
                RenderText {#text} at (0,0) size 3x11
                  text run at (0,0) width 3: " "
            RenderTableCell {TD} at (594,276) size 10x12 [bgcolor=#E0EAE9] [r=23 c=63 rs=1 cs=1]
              RenderInline {FONT} at (0,0) size 3x11
                RenderText {#text} at (0,0) size 3x11
                  text run at (0,0) width 3: " "
            RenderTableCell {TD} at (604,276) size 10x12 [bgcolor=#BEC2C2] [r=23 c=64 rs=1 cs=1]
              RenderInline {FONT} at (0,0) size 3x11
                RenderText {#text} at (0,0) size 3x11
                  text run at (0,0) width 3: " "
            RenderTableCell {TD} at (614,276) size 10x12 [bgcolor=#7B918F] [r=23 c=65 rs=1 cs=1]
              RenderInline {FONT} at (0,0) size 3x11
                RenderText {#text} at (0,0) size 3x11
                  text run at (0,0) width 3: " "
            RenderTableCell {TD} at (624,276) size 10x12 [bgcolor=#305D5D] [r=23 c=66 rs=1 cs=1]
              RenderInline {FONT} at (0,0) size 3x11
                RenderText {#text} at (0,0) size 3x11
                  text run at (0,0) width 3: " "
            RenderTableCell {TD} at (634,276) size 10x12 [bgcolor=#044F4F] [r=23 c=67 rs=1 cs=1]
              RenderInline {FONT} at (0,0) size 3x11
                RenderText {#text} at (0,0) size 3x11
                  text run at (0,0) width 3: " "
            RenderTableCell {TD} at (644,276) size 10x12 [bgcolor=#044F4F] [r=23 c=68 rs=1 cs=1]
              RenderInline {FONT} at (0,0) size 3x11
                RenderText {#text} at (0,0) size 3x11
                  text run at (0,0) width 3: " "
            RenderTableCell {TD} at (654,276) size 10x12 [bgcolor=#044F4F] [r=23 c=69 rs=1 cs=1]
              RenderInline {FONT} at (0,0) size 3x11
                RenderText {#text} at (0,0) size 3x11
                  text run at (0,0) width 3: " "
            RenderTableCell {TD} at (664,276) size 10x12 [bgcolor=#044F4F] [r=23 c=70 rs=1 cs=1]
              RenderInline {FONT} at (0,0) size 3x11
                RenderText {#text} at (0,0) size 3x11
                  text run at (0,0) width 3: " "
            RenderTableCell {TD} at (674,276) size 10x12 [bgcolor=#044F4F] [r=23 c=71 rs=1 cs=1]
              RenderInline {FONT} at (0,0) size 3x11
                RenderText {#text} at (0,0) size 3x11
                  text run at (0,0) width 3: " "
            RenderTableCell {TD} at (684,276) size 10x12 [bgcolor=#044F4F] [r=23 c=72 rs=1 cs=1]
              RenderInline {FONT} at (0,0) size 3x11
                RenderText {#text} at (0,0) size 3x11
                  text run at (0,0) width 3: " "
            RenderTableCell {TD} at (694,276) size 10x12 [bgcolor=#025E5E] [r=23 c=73 rs=1 cs=1]
              RenderInline {FONT} at (0,0) size 3x11
                RenderText {#text} at (0,0) size 3x11
                  text run at (0,0) width 3: " "
            RenderTableCell {TD} at (704,276) size 10x12 [bgcolor=#025E5E] [r=23 c=74 rs=1 cs=1]
              RenderInline {FONT} at (0,0) size 3x11
                RenderText {#text} at (0,0) size 3x11
                  text run at (0,0) width 3: " "
            RenderTableCell {TD} at (714,276) size 10x12 [bgcolor=#025E5E] [r=23 c=75 rs=1 cs=1]
              RenderInline {FONT} at (0,0) size 3x11
                RenderText {#text} at (0,0) size 3x11
                  text run at (0,0) width 3: " "
            RenderTableCell {TD} at (724,276) size 10x12 [bgcolor=#025E5E] [r=23 c=76 rs=1 cs=1]
              RenderInline {FONT} at (0,0) size 3x11
                RenderText {#text} at (0,0) size 3x11
                  text run at (0,0) width 3: " "
            RenderTableCell {TD} at (734,276) size 10x12 [bgcolor=#025E5E] [r=23 c=77 rs=1 cs=1]
              RenderInline {FONT} at (0,0) size 3x11
                RenderText {#text} at (0,0) size 3x11
                  text run at (0,0) width 3: " "
            RenderTableCell {TD} at (744,276) size 10x12 [bgcolor=#026766] [r=23 c=78 rs=1 cs=1]
              RenderInline {FONT} at (0,0) size 3x11
                RenderText {#text} at (0,0) size 3x11
                  text run at (0,0) width 3: " "
            RenderTableCell {TD} at (754,276) size 10x12 [bgcolor=#026766] [r=23 c=79 rs=1 cs=1]
              RenderInline {FONT} at (0,0) size 3x11
                RenderText {#text} at (0,0) size 3x11
                  text run at (0,0) width 3: " "
            RenderTableCell {TD} at (764,276) size 10x12 [bgcolor=#026766] [r=23 c=80 rs=1 cs=1]
              RenderInline {FONT} at (0,0) size 3x11
                RenderText {#text} at (0,0) size 3x11
                  text run at (0,0) width 3: " "
            RenderTableCell {TD} at (774,276) size 10x12 [bgcolor=#026766] [r=23 c=81 rs=1 cs=1]
              RenderInline {FONT} at (0,0) size 3x11
                RenderText {#text} at (0,0) size 3x11
                  text run at (0,0) width 3: " "
            RenderTableCell {TD} at (784,276) size 10x12 [bgcolor=#026766] [r=23 c=82 rs=1 cs=1]
              RenderInline {FONT} at (0,0) size 3x11
                RenderText {#text} at (0,0) size 3x11
                  text run at (0,0) width 3: " "
            RenderTableCell {TD} at (794,276) size 10x12 [bgcolor=#026766] [r=23 c=83 rs=1 cs=1]
              RenderInline {FONT} at (0,0) size 3x11
                RenderText {#text} at (0,0) size 3x11
                  text run at (0,0) width 3: " "
            RenderTableCell {TD} at (804,276) size 10x12 [bgcolor=#026766] [r=23 c=84 rs=1 cs=1]
              RenderInline {FONT} at (0,0) size 3x11
                RenderText {#text} at (0,0) size 3x11
                  text run at (0,0) width 3: " "
            RenderTableCell {TD} at (814,276) size 10x12 [bgcolor=#026766] [r=23 c=85 rs=1 cs=1]
              RenderInline {FONT} at (0,0) size 3x11
                RenderText {#text} at (0,0) size 3x11
                  text run at (0,0) width 3: " "
            RenderTableCell {TD} at (824,276) size 10x12 [bgcolor=#026766] [r=23 c=86 rs=1 cs=1]
              RenderInline {FONT} at (0,0) size 3x11
                RenderText {#text} at (0,0) size 3x11
                  text run at (0,0) width 3: " "
            RenderTableCell {TD} at (834,276) size 10x12 [bgcolor=#026766] [r=23 c=87 rs=1 cs=1]
              RenderInline {FONT} at (0,0) size 3x11
                RenderText {#text} at (0,0) size 3x11
                  text run at (0,0) width 3: " "
            RenderTableCell {TD} at (844,276) size 10x12 [bgcolor=#026766] [r=23 c=88 rs=1 cs=1]
              RenderInline {FONT} at (0,0) size 3x11
                RenderText {#text} at (0,0) size 3x11
                  text run at (0,0) width 3: " "
            RenderTableCell {TD} at (854,276) size 10x12 [bgcolor=#026766] [r=23 c=89 rs=1 cs=1]
              RenderInline {FONT} at (0,0) size 3x11
                RenderText {#text} at (0,0) size 3x11
                  text run at (0,0) width 3: " "
            RenderTableCell {TD} at (864,276) size 10x12 [bgcolor=#026766] [r=23 c=90 rs=1 cs=1]
              RenderInline {FONT} at (0,0) size 3x11
                RenderText {#text} at (0,0) size 3x11
                  text run at (0,0) width 3: " "
            RenderTableCell {TD} at (874,276) size 10x12 [bgcolor=#025E5E] [r=23 c=91 rs=1 cs=1]
              RenderInline {FONT} at (0,0) size 3x11
                RenderText {#text} at (0,0) size 3x11
                  text run at (0,0) width 3: " "
            RenderTableCell {TD} at (884,276) size 10x12 [bgcolor=#044F4F] [r=23 c=92 rs=1 cs=1]
              RenderInline {FONT} at (0,0) size 3x11
                RenderText {#text} at (0,0) size 3x11
                  text run at (0,0) width 3: " "
            RenderTableCell {TD} at (894,276) size 10x12 [bgcolor=#044140] [r=23 c=93 rs=1 cs=1]
              RenderInline {FONT} at (0,0) size 3x11
                RenderText {#text} at (0,0) size 3x11
                  text run at (0,0) width 3: " "
            RenderTableCell {TD} at (904,276) size 10x12 [bgcolor=#425A5A] [r=23 c=94 rs=1 cs=1]
              RenderInline {FONT} at (0,0) size 3x11
                RenderText {#text} at (0,0) size 3x11
                  text run at (0,0) width 3: " "
            RenderTableCell {TD} at (914,276) size 10x12 [bgcolor=#A5A6A6] [r=23 c=95 rs=1 cs=1]
              RenderInline {FONT} at (0,0) size 3x11
                RenderText {#text} at (0,0) size 3x11
                  text run at (0,0) width 3: " "
            RenderTableCell {TD} at (924,276) size 10x12 [bgcolor=#CECFCF] [r=23 c=96 rs=1 cs=1]
              RenderInline {FONT} at (0,0) size 3x11
                RenderText {#text} at (0,0) size 3x11
                  text run at (0,0) width 3: " "
            RenderTableCell {TD} at (934,276) size 10x12 [bgcolor=#FDFDFB] [r=23 c=97 rs=1 cs=1]
              RenderInline {FONT} at (0,0) size 3x11
                RenderText {#text} at (0,0) size 3x11
                  text run at (0,0) width 3: " "
            RenderTableCell {TD} at (944,276) size 10x12 [bgcolor=#FDFDFB] [r=23 c=98 rs=1 cs=1]
              RenderInline {FONT} at (0,0) size 3x11
                RenderText {#text} at (0,0) size 3x11
                  text run at (0,0) width 3: " "
            RenderTableCell {TD} at (954,276) size 10x12 [bgcolor=#FDFDFB] [r=23 c=99 rs=1 cs=1]
              RenderInline {FONT} at (0,0) size 3x11
                RenderText {#text} at (0,0) size 3x11
                  text run at (0,0) width 3: " "
          RenderTableRow {TR} at (0,288) size 964x12
            RenderTableCell {TD} at (0,288) size 9x12 [bgcolor=#FDFDFB] [r=24 c=0 rs=1 cs=1]
              RenderInline {FONT} at (0,0) size 3x11
                RenderText {#text} at (0,0) size 3x11
                  text run at (0,0) width 3: " "
            RenderTableCell {TD} at (9,288) size 9x12 [bgcolor=#FDFDFB] [r=24 c=1 rs=1 cs=1]
              RenderInline {FONT} at (0,0) size 3x11
                RenderText {#text} at (0,0) size 3x11
                  text run at (0,0) width 3: " "
            RenderTableCell {TD} at (18,288) size 9x12 [bgcolor=#FDFDFB] [r=24 c=2 rs=1 cs=1]
              RenderInline {FONT} at (0,0) size 3x11
                RenderText {#text} at (0,0) size 3x11
                  text run at (0,0) width 3: " "
            RenderTableCell {TD} at (27,288) size 9x12 [bgcolor=#FDFDFB] [r=24 c=3 rs=1 cs=1]
              RenderInline {FONT} at (0,0) size 3x11
                RenderText {#text} at (0,0) size 3x11
                  text run at (0,0) width 3: " "
            RenderTableCell {TD} at (36,288) size 9x12 [bgcolor=#FDFDFB] [r=24 c=4 rs=1 cs=1]
              RenderInline {FONT} at (0,0) size 3x11
                RenderText {#text} at (0,0) size 3x11
                  text run at (0,0) width 3: " "
            RenderTableCell {TD} at (45,288) size 9x12 [bgcolor=#FDFDFB] [r=24 c=5 rs=1 cs=1]
              RenderInline {FONT} at (0,0) size 3x11
                RenderText {#text} at (0,0) size 3x11
                  text run at (0,0) width 3: " "
            RenderTableCell {TD} at (54,288) size 9x12 [bgcolor=#EDEEEF] [r=24 c=6 rs=1 cs=1]
              RenderInline {FONT} at (0,0) size 3x11
                RenderText {#text} at (0,0) size 3x11
                  text run at (0,0) width 3: " "
            RenderTableCell {TD} at (63,288) size 9x12 [bgcolor=#DEDFDF] [r=24 c=7 rs=1 cs=1]
              RenderInline {FONT} at (0,0) size 3x11
                RenderText {#text} at (0,0) size 3x11
                  text run at (0,0) width 3: " "
            RenderTableCell {TD} at (72,288) size 9x12 [bgcolor=#CECFCF] [r=24 c=8 rs=1 cs=1]
              RenderInline {FONT} at (0,0) size 3x11
                RenderText {#text} at (0,0) size 3x11
                  text run at (0,0) width 3: " "
            RenderTableCell {TD} at (81,288) size 9x12 [bgcolor=#B4B4B4] [r=24 c=9 rs=1 cs=1]
              RenderInline {FONT} at (0,0) size 3x11
                RenderText {#text} at (0,0) size 3x11
                  text run at (0,0) width 3: " "
            RenderTableCell {TD} at (90,288) size 9x12 [bgcolor=#848788] [r=24 c=10 rs=1 cs=1]
              RenderInline {FONT} at (0,0) size 3x11
                RenderText {#text} at (0,0) size 3x11
                  text run at (0,0) width 3: " "
            RenderTableCell {TD} at (99,288) size 9x12 [bgcolor=#527274] [r=24 c=11 rs=1 cs=1]
              RenderInline {FONT} at (0,0) size 3x11
                RenderText {#text} at (0,0) size 3x11
                  text run at (0,0) width 3: " "
            RenderTableCell {TD} at (108,288) size 9x12 [bgcolor=#305D5D] [r=24 c=12 rs=1 cs=1]
              RenderInline {FONT} at (0,0) size 3x11
                RenderText {#text} at (0,0) size 3x11
                  text run at (0,0) width 3: " "
            RenderTableCell {TD} at (117,288) size 9x12 [bgcolor=#044140] [r=24 c=13 rs=1 cs=1]
              RenderInline {FONT} at (0,0) size 3x11
                RenderText {#text} at (0,0) size 3x11
                  text run at (0,0) width 3: " "
            RenderTableCell {TD} at (126,288) size 9x12 [bgcolor=#044140] [r=24 c=14 rs=1 cs=1]
              RenderInline {FONT} at (0,0) size 3x11
                RenderText {#text} at (0,0) size 3x11
                  text run at (0,0) width 3: " "
            RenderTableCell {TD} at (135,288) size 9x12 [bgcolor=#044140] [r=24 c=15 rs=1 cs=1]
              RenderInline {FONT} at (0,0) size 3x11
                RenderText {#text} at (0,0) size 3x11
                  text run at (0,0) width 3: " "
            RenderTableCell {TD} at (144,288) size 9x12 [bgcolor=#044140] [r=24 c=16 rs=1 cs=1]
              RenderInline {FONT} at (0,0) size 3x11
                RenderText {#text} at (0,0) size 3x11
                  text run at (0,0) width 3: " "
            RenderTableCell {TD} at (153,288) size 9x12 [bgcolor=#044140] [r=24 c=17 rs=1 cs=1]
              RenderInline {FONT} at (0,0) size 3x11
                RenderText {#text} at (0,0) size 3x11
                  text run at (0,0) width 3: " "
            RenderTableCell {TD} at (162,288) size 9x12 [bgcolor=#044140] [r=24 c=18 rs=1 cs=1]
              RenderInline {FONT} at (0,0) size 3x11
                RenderText {#text} at (0,0) size 3x11
                  text run at (0,0) width 3: " "
            RenderTableCell {TD} at (171,288) size 9x12 [bgcolor=#044140] [r=24 c=19 rs=1 cs=1]
              RenderInline {FONT} at (0,0) size 3x11
                RenderText {#text} at (0,0) size 3x11
                  text run at (0,0) width 3: " "
            RenderTableCell {TD} at (180,288) size 9x12 [bgcolor=#223C3D] [r=24 c=20 rs=1 cs=1]
              RenderInline {FONT} at (0,0) size 3x11
                RenderText {#text} at (0,0) size 3x11
                  text run at (0,0) width 3: " "
            RenderTableCell {TD} at (189,288) size 9x12 [bgcolor=#344C4E] [r=24 c=21 rs=1 cs=1]
              RenderInline {FONT} at (0,0) size 3x11
                RenderText {#text} at (0,0) size 3x11
                  text run at (0,0) width 3: " "
            RenderTableCell {TD} at (198,288) size 9x12 [bgcolor=#515C5B] [r=24 c=22 rs=1 cs=1]
              RenderInline {FONT} at (0,0) size 3x11
                RenderText {#text} at (0,0) size 3x11
                  text run at (0,0) width 3: " "
            RenderTableCell {TD} at (207,288) size 9x12 [bgcolor=#696A69] [r=24 c=23 rs=1 cs=1]
              RenderInline {FONT} at (0,0) size 3x11
                RenderText {#text} at (0,0) size 3x11
                  text run at (0,0) width 3: " "
            RenderTableCell {TD} at (216,288) size 9x12 [bgcolor=#848788] [r=24 c=24 rs=1 cs=1]
              RenderInline {FONT} at (0,0) size 3x11
                RenderText {#text} at (0,0) size 3x11
                  text run at (0,0) width 3: " "
            RenderTableCell {TD} at (225,288) size 9x12 [bgcolor=#939494] [r=24 c=25 rs=1 cs=1]
              RenderInline {FONT} at (0,0) size 3x11
                RenderText {#text} at (0,0) size 3x11
                  text run at (0,0) width 3: " "
            RenderTableCell {TD} at (234,288) size 9x12 [bgcolor=#B4B4B4] [r=24 c=26 rs=1 cs=1]
              RenderInline {FONT} at (0,0) size 3x11
                RenderText {#text} at (0,0) size 3x11
                  text run at (0,0) width 3: " "
            RenderTableCell {TD} at (243,288) size 9x12 [bgcolor=#BEC2C2] [r=24 c=27 rs=1 cs=1]
              RenderInline {FONT} at (0,0) size 3x11
                RenderText {#text} at (0,0) size 3x11
                  text run at (0,0) width 3: " "
            RenderTableCell {TD} at (252,288) size 9x12 [bgcolor=#DEDFDF] [r=24 c=28 rs=1 cs=1]
              RenderInline {FONT} at (0,0) size 3x11
                RenderText {#text} at (0,0) size 3x11
                  text run at (0,0) width 3: " "
            RenderTableCell {TD} at (261,288) size 9x12 [bgcolor=#EDEEEF] [r=24 c=29 rs=1 cs=1]
              RenderInline {FONT} at (0,0) size 3x11
                RenderText {#text} at (0,0) size 3x11
                  text run at (0,0) width 3: " "
            RenderTableCell {TD} at (270,288) size 9x12 [bgcolor=#FDFDFB] [r=24 c=30 rs=1 cs=1]
              RenderInline {FONT} at (0,0) size 3x11
                RenderText {#text} at (0,0) size 3x11
                  text run at (0,0) width 3: " "
            RenderTableCell {TD} at (279,288) size 9x12 [bgcolor=#FDFDFB] [r=24 c=31 rs=1 cs=1]
              RenderInline {FONT} at (0,0) size 3x11
                RenderText {#text} at (0,0) size 3x11
                  text run at (0,0) width 3: " "
            RenderTableCell {TD} at (288,288) size 9x12 [bgcolor=#FDFDFB] [r=24 c=32 rs=1 cs=1]
              RenderInline {FONT} at (0,0) size 3x11
                RenderText {#text} at (0,0) size 3x11
                  text run at (0,0) width 3: " "
            RenderTableCell {TD} at (297,288) size 9x12 [bgcolor=#FDFDFB] [r=24 c=33 rs=1 cs=1]
              RenderInline {FONT} at (0,0) size 3x11
                RenderText {#text} at (0,0) size 3x11
                  text run at (0,0) width 3: " "
            RenderTableCell {TD} at (306,288) size 9x12 [bgcolor=#FDFDFB] [r=24 c=34 rs=1 cs=1]
              RenderInline {FONT} at (0,0) size 3x11
                RenderText {#text} at (0,0) size 3x11
                  text run at (0,0) width 3: " "
            RenderTableCell {TD} at (315,288) size 9x12 [bgcolor=#EDEEEF] [r=24 c=35 rs=1 cs=1]
              RenderInline {FONT} at (0,0) size 3x11
                RenderText {#text} at (0,0) size 3x11
                  text run at (0,0) width 3: " "
            RenderTableCell {TD} at (324,288) size 10x12 [bgcolor=#91A3A3] [r=24 c=36 rs=1 cs=1]
              RenderInline {FONT} at (0,0) size 3x11
                RenderText {#text} at (0,0) size 3x11
                  text run at (0,0) width 3: " "
            RenderTableCell {TD} at (334,288) size 10x12 [bgcolor=#7B918F] [r=24 c=37 rs=1 cs=1]
              RenderInline {FONT} at (0,0) size 3x11
                RenderText {#text} at (0,0) size 3x11
                  text run at (0,0) width 3: " "
            RenderTableCell {TD} at (344,288) size 10x12 [bgcolor=#526B6B] [r=24 c=38 rs=1 cs=1]
              RenderInline {FONT} at (0,0) size 3x11
                RenderText {#text} at (0,0) size 3x11
                  text run at (0,0) width 3: " "
            RenderTableCell {TD} at (354,288) size 10x12 [bgcolor=#515C5B] [r=24 c=39 rs=1 cs=1]
              RenderInline {FONT} at (0,0) size 3x11
                RenderText {#text} at (0,0) size 3x11
                  text run at (0,0) width 3: " "
            RenderTableCell {TD} at (364,288) size 10x12 [bgcolor=#515C5B] [r=24 c=40 rs=1 cs=1]
              RenderInline {FONT} at (0,0) size 3x11
                RenderText {#text} at (0,0) size 3x11
                  text run at (0,0) width 3: " "
            RenderTableCell {TD} at (374,288) size 10x12 [bgcolor=#515C5B] [r=24 c=41 rs=1 cs=1]
              RenderInline {FONT} at (0,0) size 3x11
                RenderText {#text} at (0,0) size 3x11
                  text run at (0,0) width 3: " "
            RenderTableCell {TD} at (384,288) size 10x12 [bgcolor=#515C5B] [r=24 c=42 rs=1 cs=1]
              RenderInline {FONT} at (0,0) size 3x11
                RenderText {#text} at (0,0) size 3x11
                  text run at (0,0) width 3: " "
            RenderTableCell {TD} at (394,288) size 10x12 [bgcolor=#515C5B] [r=24 c=43 rs=1 cs=1]
              RenderInline {FONT} at (0,0) size 3x11
                RenderText {#text} at (0,0) size 3x11
                  text run at (0,0) width 3: " "
            RenderTableCell {TD} at (404,288) size 10x12 [bgcolor=#515C5B] [r=24 c=44 rs=1 cs=1]
              RenderInline {FONT} at (0,0) size 3x11
                RenderText {#text} at (0,0) size 3x11
                  text run at (0,0) width 3: " "
            RenderTableCell {TD} at (414,288) size 10x12 [bgcolor=#515C5B] [r=24 c=45 rs=1 cs=1]
              RenderInline {FONT} at (0,0) size 3x11
                RenderText {#text} at (0,0) size 3x11
                  text run at (0,0) width 3: " "
            RenderTableCell {TD} at (424,288) size 10x12 [bgcolor=#515C5B] [r=24 c=46 rs=1 cs=1]
              RenderInline {FONT} at (0,0) size 3x11
                RenderText {#text} at (0,0) size 3x11
                  text run at (0,0) width 3: " "
            RenderTableCell {TD} at (434,288) size 10x12 [bgcolor=#515C5B] [r=24 c=47 rs=1 cs=1]
              RenderInline {FONT} at (0,0) size 3x11
                RenderText {#text} at (0,0) size 3x11
                  text run at (0,0) width 3: " "
            RenderTableCell {TD} at (444,288) size 10x12 [bgcolor=#515C5B] [r=24 c=48 rs=1 cs=1]
              RenderInline {FONT} at (0,0) size 3x11
                RenderText {#text} at (0,0) size 3x11
                  text run at (0,0) width 3: " "
            RenderTableCell {TD} at (454,288) size 10x12 [bgcolor=#515C5B] [r=24 c=49 rs=1 cs=1]
              RenderInline {FONT} at (0,0) size 3x11
                RenderText {#text} at (0,0) size 3x11
                  text run at (0,0) width 3: " "
            RenderTableCell {TD} at (464,288) size 10x12 [bgcolor=#515C5B] [r=24 c=50 rs=1 cs=1]
              RenderInline {FONT} at (0,0) size 3x11
                RenderText {#text} at (0,0) size 3x11
                  text run at (0,0) width 3: " "
            RenderTableCell {TD} at (474,288) size 10x12 [bgcolor=#515C5B] [r=24 c=51 rs=1 cs=1]
              RenderInline {FONT} at (0,0) size 3x11
                RenderText {#text} at (0,0) size 3x11
                  text run at (0,0) width 3: " "
            RenderTableCell {TD} at (484,288) size 10x12 [bgcolor=#848788] [r=24 c=52 rs=1 cs=1]
              RenderInline {FONT} at (0,0) size 3x11
                RenderText {#text} at (0,0) size 3x11
                  text run at (0,0) width 3: " "
            RenderTableCell {TD} at (494,288) size 10x12 [bgcolor=#B4B4B4] [r=24 c=53 rs=1 cs=1]
              RenderInline {FONT} at (0,0) size 3x11
                RenderText {#text} at (0,0) size 3x11
                  text run at (0,0) width 3: " "
            RenderTableCell {TD} at (504,288) size 10x12 [bgcolor=#EDEEEF] [r=24 c=54 rs=1 cs=1]
              RenderInline {FONT} at (0,0) size 3x11
                RenderText {#text} at (0,0) size 3x11
                  text run at (0,0) width 3: " "
            RenderTableCell {TD} at (514,288) size 10x12 [bgcolor=#FDFDFB] [r=24 c=55 rs=1 cs=1]
              RenderInline {FONT} at (0,0) size 3x11
                RenderText {#text} at (0,0) size 3x11
                  text run at (0,0) width 3: " "
            RenderTableCell {TD} at (524,288) size 10x12 [bgcolor=#FDFDFB] [r=24 c=56 rs=1 cs=1]
              RenderInline {FONT} at (0,0) size 3x11
                RenderText {#text} at (0,0) size 3x11
                  text run at (0,0) width 3: " "
            RenderTableCell {TD} at (534,288) size 10x12 [bgcolor=#FDFDFB] [r=24 c=57 rs=1 cs=1]
              RenderInline {FONT} at (0,0) size 3x11
                RenderText {#text} at (0,0) size 3x11
                  text run at (0,0) width 3: " "
            RenderTableCell {TD} at (544,288) size 10x12 [bgcolor=#FDFDFB] [r=24 c=58 rs=1 cs=1]
              RenderInline {FONT} at (0,0) size 3x11
                RenderText {#text} at (0,0) size 3x11
                  text run at (0,0) width 3: " "
            RenderTableCell {TD} at (554,288) size 10x12 [bgcolor=#FDFDFB] [r=24 c=59 rs=1 cs=1]
              RenderInline {FONT} at (0,0) size 3x11
                RenderText {#text} at (0,0) size 3x11
                  text run at (0,0) width 3: " "
            RenderTableCell {TD} at (564,288) size 10x12 [bgcolor=#FDFDFB] [r=24 c=60 rs=1 cs=1]
              RenderInline {FONT} at (0,0) size 3x11
                RenderText {#text} at (0,0) size 3x11
                  text run at (0,0) width 3: " "
            RenderTableCell {TD} at (574,288) size 10x12 [bgcolor=#FDFDFB] [r=24 c=61 rs=1 cs=1]
              RenderInline {FONT} at (0,0) size 3x11
                RenderText {#text} at (0,0) size 3x11
                  text run at (0,0) width 3: " "
            RenderTableCell {TD} at (584,288) size 10x12 [bgcolor=#FDFDFB] [r=24 c=62 rs=1 cs=1]
              RenderInline {FONT} at (0,0) size 3x11
                RenderText {#text} at (0,0) size 3x11
                  text run at (0,0) width 3: " "
            RenderTableCell {TD} at (594,288) size 10x12 [bgcolor=#FDFDFB] [r=24 c=63 rs=1 cs=1]
              RenderInline {FONT} at (0,0) size 3x11
                RenderText {#text} at (0,0) size 3x11
                  text run at (0,0) width 3: " "
            RenderTableCell {TD} at (604,288) size 10x12 [bgcolor=#E0EAE9] [r=24 c=64 rs=1 cs=1]
              RenderInline {FONT} at (0,0) size 3x11
                RenderText {#text} at (0,0) size 3x11
                  text run at (0,0) width 3: " "
            RenderTableCell {TD} at (614,288) size 10x12 [bgcolor=#CECFCF] [r=24 c=65 rs=1 cs=1]
              RenderInline {FONT} at (0,0) size 3x11
                RenderText {#text} at (0,0) size 3x11
                  text run at (0,0) width 3: " "
            RenderTableCell {TD} at (624,288) size 10x12 [bgcolor=#B4B4B4] [r=24 c=66 rs=1 cs=1]
              RenderInline {FONT} at (0,0) size 3x11
                RenderText {#text} at (0,0) size 3x11
                  text run at (0,0) width 3: " "
            RenderTableCell {TD} at (634,288) size 10x12 [bgcolor=#848788] [r=24 c=67 rs=1 cs=1]
              RenderInline {FONT} at (0,0) size 3x11
                RenderText {#text} at (0,0) size 3x11
                  text run at (0,0) width 3: " "
            RenderTableCell {TD} at (644,288) size 10x12 [bgcolor=#526B6B] [r=24 c=68 rs=1 cs=1]
              RenderInline {FONT} at (0,0) size 3x11
                RenderText {#text} at (0,0) size 3x11
                  text run at (0,0) width 3: " "
            RenderTableCell {TD} at (654,288) size 10x12 [bgcolor=#044140] [r=24 c=69 rs=1 cs=1]
              RenderInline {FONT} at (0,0) size 3x11
                RenderText {#text} at (0,0) size 3x11
                  text run at (0,0) width 3: " "
            RenderTableCell {TD} at (664,288) size 10x12 [bgcolor=#044140] [r=24 c=70 rs=1 cs=1]
              RenderInline {FONT} at (0,0) size 3x11
                RenderText {#text} at (0,0) size 3x11
                  text run at (0,0) width 3: " "
            RenderTableCell {TD} at (674,288) size 10x12 [bgcolor=#044140] [r=24 c=71 rs=1 cs=1]
              RenderInline {FONT} at (0,0) size 3x11
                RenderText {#text} at (0,0) size 3x11
                  text run at (0,0) width 3: " "
            RenderTableCell {TD} at (684,288) size 10x12 [bgcolor=#044140] [r=24 c=72 rs=1 cs=1]
              RenderInline {FONT} at (0,0) size 3x11
                RenderText {#text} at (0,0) size 3x11
                  text run at (0,0) width 3: " "
            RenderTableCell {TD} at (694,288) size 10x12 [bgcolor=#044140] [r=24 c=73 rs=1 cs=1]
              RenderInline {FONT} at (0,0) size 3x11
                RenderText {#text} at (0,0) size 3x11
                  text run at (0,0) width 3: " "
            RenderTableCell {TD} at (704,288) size 10x12 [bgcolor=#044140] [r=24 c=74 rs=1 cs=1]
              RenderInline {FONT} at (0,0) size 3x11
                RenderText {#text} at (0,0) size 3x11
                  text run at (0,0) width 3: " "
            RenderTableCell {TD} at (714,288) size 10x12 [bgcolor=#044140] [r=24 c=75 rs=1 cs=1]
              RenderInline {FONT} at (0,0) size 3x11
                RenderText {#text} at (0,0) size 3x11
                  text run at (0,0) width 3: " "
            RenderTableCell {TD} at (724,288) size 10x12 [bgcolor=#044F4F] [r=24 c=76 rs=1 cs=1]
              RenderInline {FONT} at (0,0) size 3x11
                RenderText {#text} at (0,0) size 3x11
                  text run at (0,0) width 3: " "
            RenderTableCell {TD} at (734,288) size 10x12 [bgcolor=#025E5E] [r=24 c=77 rs=1 cs=1]
              RenderInline {FONT} at (0,0) size 3x11
                RenderText {#text} at (0,0) size 3x11
                  text run at (0,0) width 3: " "
            RenderTableCell {TD} at (744,288) size 10x12 [bgcolor=#025E5E] [r=24 c=78 rs=1 cs=1]
              RenderInline {FONT} at (0,0) size 3x11
                RenderText {#text} at (0,0) size 3x11
                  text run at (0,0) width 3: " "
            RenderTableCell {TD} at (754,288) size 10x12 [bgcolor=#026766] [r=24 c=79 rs=1 cs=1]
              RenderInline {FONT} at (0,0) size 3x11
                RenderText {#text} at (0,0) size 3x11
                  text run at (0,0) width 3: " "
            RenderTableCell {TD} at (764,288) size 10x12 [bgcolor=#026766] [r=24 c=80 rs=1 cs=1]
              RenderInline {FONT} at (0,0) size 3x11
                RenderText {#text} at (0,0) size 3x11
                  text run at (0,0) width 3: " "
            RenderTableCell {TD} at (774,288) size 10x12 [bgcolor=#026766] [r=24 c=81 rs=1 cs=1]
              RenderInline {FONT} at (0,0) size 3x11
                RenderText {#text} at (0,0) size 3x11
                  text run at (0,0) width 3: " "
            RenderTableCell {TD} at (784,288) size 10x12 [bgcolor=#026766] [r=24 c=82 rs=1 cs=1]
              RenderInline {FONT} at (0,0) size 3x11
                RenderText {#text} at (0,0) size 3x11
                  text run at (0,0) width 3: " "
            RenderTableCell {TD} at (794,288) size 10x12 [bgcolor=#026766] [r=24 c=83 rs=1 cs=1]
              RenderInline {FONT} at (0,0) size 3x11
                RenderText {#text} at (0,0) size 3x11
                  text run at (0,0) width 3: " "
            RenderTableCell {TD} at (804,288) size 10x12 [bgcolor=#026766] [r=24 c=84 rs=1 cs=1]
              RenderInline {FONT} at (0,0) size 3x11
                RenderText {#text} at (0,0) size 3x11
                  text run at (0,0) width 3: " "
            RenderTableCell {TD} at (814,288) size 10x12 [bgcolor=#026766] [r=24 c=85 rs=1 cs=1]
              RenderInline {FONT} at (0,0) size 3x11
                RenderText {#text} at (0,0) size 3x11
                  text run at (0,0) width 3: " "
            RenderTableCell {TD} at (824,288) size 10x12 [bgcolor=#026766] [r=24 c=86 rs=1 cs=1]
              RenderInline {FONT} at (0,0) size 3x11
                RenderText {#text} at (0,0) size 3x11
                  text run at (0,0) width 3: " "
            RenderTableCell {TD} at (834,288) size 10x12 [bgcolor=#026766] [r=24 c=87 rs=1 cs=1]
              RenderInline {FONT} at (0,0) size 3x11
                RenderText {#text} at (0,0) size 3x11
                  text run at (0,0) width 3: " "
            RenderTableCell {TD} at (844,288) size 10x12 [bgcolor=#026766] [r=24 c=88 rs=1 cs=1]
              RenderInline {FONT} at (0,0) size 3x11
                RenderText {#text} at (0,0) size 3x11
                  text run at (0,0) width 3: " "
            RenderTableCell {TD} at (854,288) size 10x12 [bgcolor=#026766] [r=24 c=89 rs=1 cs=1]
              RenderInline {FONT} at (0,0) size 3x11
                RenderText {#text} at (0,0) size 3x11
                  text run at (0,0) width 3: " "
            RenderTableCell {TD} at (864,288) size 10x12 [bgcolor=#026766] [r=24 c=90 rs=1 cs=1]
              RenderInline {FONT} at (0,0) size 3x11
                RenderText {#text} at (0,0) size 3x11
                  text run at (0,0) width 3: " "
            RenderTableCell {TD} at (874,288) size 10x12 [bgcolor=#025E5E] [r=24 c=91 rs=1 cs=1]
              RenderInline {FONT} at (0,0) size 3x11
                RenderText {#text} at (0,0) size 3x11
                  text run at (0,0) width 3: " "
            RenderTableCell {TD} at (884,288) size 10x12 [bgcolor=#044F4F] [r=24 c=92 rs=1 cs=1]
              RenderInline {FONT} at (0,0) size 3x11
                RenderText {#text} at (0,0) size 3x11
                  text run at (0,0) width 3: " "
            RenderTableCell {TD} at (894,288) size 10x12 [bgcolor=#083131] [r=24 c=93 rs=1 cs=1]
              RenderInline {FONT} at (0,0) size 3x11
                RenderText {#text} at (0,0) size 3x11
                  text run at (0,0) width 3: " "
            RenderTableCell {TD} at (904,288) size 10x12 [bgcolor=#425A5A] [r=24 c=94 rs=1 cs=1]
              RenderInline {FONT} at (0,0) size 3x11
                RenderText {#text} at (0,0) size 3x11
                  text run at (0,0) width 3: " "
            RenderTableCell {TD} at (914,288) size 10x12 [bgcolor=#A5A6A6] [r=24 c=95 rs=1 cs=1]
              RenderInline {FONT} at (0,0) size 3x11
                RenderText {#text} at (0,0) size 3x11
                  text run at (0,0) width 3: " "
            RenderTableCell {TD} at (924,288) size 10x12 [bgcolor=#CECFCF] [r=24 c=96 rs=1 cs=1]
              RenderInline {FONT} at (0,0) size 3x11
                RenderText {#text} at (0,0) size 3x11
                  text run at (0,0) width 3: " "
            RenderTableCell {TD} at (934,288) size 10x12 [bgcolor=#FDFDFB] [r=24 c=97 rs=1 cs=1]
              RenderInline {FONT} at (0,0) size 3x11
                RenderText {#text} at (0,0) size 3x11
                  text run at (0,0) width 3: " "
            RenderTableCell {TD} at (944,288) size 10x12 [bgcolor=#FDFDFB] [r=24 c=98 rs=1 cs=1]
              RenderInline {FONT} at (0,0) size 3x11
                RenderText {#text} at (0,0) size 3x11
                  text run at (0,0) width 3: " "
            RenderTableCell {TD} at (954,288) size 10x12 [bgcolor=#FDFDFB] [r=24 c=99 rs=1 cs=1]
              RenderInline {FONT} at (0,0) size 3x11
                RenderText {#text} at (0,0) size 3x11
                  text run at (0,0) width 3: " "
          RenderTableRow {TR} at (0,300) size 964x12
            RenderTableCell {TD} at (0,300) size 9x12 [bgcolor=#FDFDFB] [r=25 c=0 rs=1 cs=1]
              RenderInline {FONT} at (0,0) size 3x11
                RenderText {#text} at (0,0) size 3x11
                  text run at (0,0) width 3: " "
            RenderTableCell {TD} at (9,300) size 9x12 [bgcolor=#FDFDFB] [r=25 c=1 rs=1 cs=1]
              RenderInline {FONT} at (0,0) size 3x11
                RenderText {#text} at (0,0) size 3x11
                  text run at (0,0) width 3: " "
            RenderTableCell {TD} at (18,300) size 9x12 [bgcolor=#FDFDFB] [r=25 c=2 rs=1 cs=1]
              RenderInline {FONT} at (0,0) size 3x11
                RenderText {#text} at (0,0) size 3x11
                  text run at (0,0) width 3: " "
            RenderTableCell {TD} at (27,300) size 9x12 [bgcolor=#FDFDFB] [r=25 c=3 rs=1 cs=1]
              RenderInline {FONT} at (0,0) size 3x11
                RenderText {#text} at (0,0) size 3x11
                  text run at (0,0) width 3: " "
            RenderTableCell {TD} at (36,300) size 9x12 [bgcolor=#FDFDFB] [r=25 c=4 rs=1 cs=1]
              RenderInline {FONT} at (0,0) size 3x11
                RenderText {#text} at (0,0) size 3x11
                  text run at (0,0) width 3: " "
            RenderTableCell {TD} at (45,300) size 9x12 [bgcolor=#FDFDFB] [r=25 c=5 rs=1 cs=1]
              RenderInline {FONT} at (0,0) size 3x11
                RenderText {#text} at (0,0) size 3x11
                  text run at (0,0) width 3: " "
            RenderTableCell {TD} at (54,300) size 9x12 [bgcolor=#FDFDFB] [r=25 c=6 rs=1 cs=1]
              RenderInline {FONT} at (0,0) size 3x11
                RenderText {#text} at (0,0) size 3x11
                  text run at (0,0) width 3: " "
            RenderTableCell {TD} at (63,300) size 9x12 [bgcolor=#FDFDFB] [r=25 c=7 rs=1 cs=1]
              RenderInline {FONT} at (0,0) size 3x11
                RenderText {#text} at (0,0) size 3x11
                  text run at (0,0) width 3: " "
            RenderTableCell {TD} at (72,300) size 9x12 [bgcolor=#EDEEEF] [r=25 c=8 rs=1 cs=1]
              RenderInline {FONT} at (0,0) size 3x11
                RenderText {#text} at (0,0) size 3x11
                  text run at (0,0) width 3: " "
            RenderTableCell {TD} at (81,300) size 9x12 [bgcolor=#DEDFDF] [r=25 c=9 rs=1 cs=1]
              RenderInline {FONT} at (0,0) size 3x11
                RenderText {#text} at (0,0) size 3x11
                  text run at (0,0) width 3: " "
            RenderTableCell {TD} at (90,300) size 9x12 [bgcolor=#CECFCF] [r=25 c=10 rs=1 cs=1]
              RenderInline {FONT} at (0,0) size 3x11
                RenderText {#text} at (0,0) size 3x11
                  text run at (0,0) width 3: " "
            RenderTableCell {TD} at (99,300) size 9x12 [bgcolor=#BEC2C2] [r=25 c=11 rs=1 cs=1]
              RenderInline {FONT} at (0,0) size 3x11
                RenderText {#text} at (0,0) size 3x11
                  text run at (0,0) width 3: " "
            RenderTableCell {TD} at (108,300) size 9x12 [bgcolor=#A5A6A6] [r=25 c=12 rs=1 cs=1]
              RenderInline {FONT} at (0,0) size 3x11
                RenderText {#text} at (0,0) size 3x11
                  text run at (0,0) width 3: " "
            RenderTableCell {TD} at (117,300) size 9x12 [bgcolor=#939494] [r=25 c=13 rs=1 cs=1]
              RenderInline {FONT} at (0,0) size 3x11
                RenderText {#text} at (0,0) size 3x11
                  text run at (0,0) width 3: " "
            RenderTableCell {TD} at (126,300) size 9x12 [bgcolor=#848788] [r=25 c=14 rs=1 cs=1]
              RenderInline {FONT} at (0,0) size 3x11
                RenderText {#text} at (0,0) size 3x11
                  text run at (0,0) width 3: " "
            RenderTableCell {TD} at (135,300) size 9x12 [bgcolor=#848788] [r=25 c=15 rs=1 cs=1]
              RenderInline {FONT} at (0,0) size 3x11
                RenderText {#text} at (0,0) size 3x11
                  text run at (0,0) width 3: " "
            RenderTableCell {TD} at (144,300) size 9x12 [bgcolor=#848788] [r=25 c=16 rs=1 cs=1]
              RenderInline {FONT} at (0,0) size 3x11
                RenderText {#text} at (0,0) size 3x11
                  text run at (0,0) width 3: " "
            RenderTableCell {TD} at (153,300) size 9x12 [bgcolor=#848788] [r=25 c=17 rs=1 cs=1]
              RenderInline {FONT} at (0,0) size 3x11
                RenderText {#text} at (0,0) size 3x11
                  text run at (0,0) width 3: " "
            RenderTableCell {TD} at (162,300) size 9x12 [bgcolor=#848788] [r=25 c=18 rs=1 cs=1]
              RenderInline {FONT} at (0,0) size 3x11
                RenderText {#text} at (0,0) size 3x11
                  text run at (0,0) width 3: " "
            RenderTableCell {TD} at (171,300) size 9x12 [bgcolor=#848788] [r=25 c=19 rs=1 cs=1]
              RenderInline {FONT} at (0,0) size 3x11
                RenderText {#text} at (0,0) size 3x11
                  text run at (0,0) width 3: " "
            RenderTableCell {TD} at (180,300) size 9x12 [bgcolor=#848788] [r=25 c=20 rs=1 cs=1]
              RenderInline {FONT} at (0,0) size 3x11
                RenderText {#text} at (0,0) size 3x11
                  text run at (0,0) width 3: " "
            RenderTableCell {TD} at (189,300) size 9x12 [bgcolor=#939494] [r=25 c=21 rs=1 cs=1]
              RenderInline {FONT} at (0,0) size 3x11
                RenderText {#text} at (0,0) size 3x11
                  text run at (0,0) width 3: " "
            RenderTableCell {TD} at (198,300) size 9x12 [bgcolor=#939494] [r=25 c=22 rs=1 cs=1]
              RenderInline {FONT} at (0,0) size 3x11
                RenderText {#text} at (0,0) size 3x11
                  text run at (0,0) width 3: " "
            RenderTableCell {TD} at (207,300) size 9x12 [bgcolor=#A5A6A6] [r=25 c=23 rs=1 cs=1]
              RenderInline {FONT} at (0,0) size 3x11
                RenderText {#text} at (0,0) size 3x11
                  text run at (0,0) width 3: " "
            RenderTableCell {TD} at (216,300) size 9x12 [bgcolor=#B4B4B4] [r=25 c=24 rs=1 cs=1]
              RenderInline {FONT} at (0,0) size 3x11
                RenderText {#text} at (0,0) size 3x11
                  text run at (0,0) width 3: " "
            RenderTableCell {TD} at (225,300) size 9x12 [bgcolor=#CECFCF] [r=25 c=25 rs=1 cs=1]
              RenderInline {FONT} at (0,0) size 3x11
                RenderText {#text} at (0,0) size 3x11
                  text run at (0,0) width 3: " "
            RenderTableCell {TD} at (234,300) size 9x12 [bgcolor=#DEDFDF] [r=25 c=26 rs=1 cs=1]
              RenderInline {FONT} at (0,0) size 3x11
                RenderText {#text} at (0,0) size 3x11
                  text run at (0,0) width 3: " "
            RenderTableCell {TD} at (243,300) size 9x12 [bgcolor=#EDEEEF] [r=25 c=27 rs=1 cs=1]
              RenderInline {FONT} at (0,0) size 3x11
                RenderText {#text} at (0,0) size 3x11
                  text run at (0,0) width 3: " "
            RenderTableCell {TD} at (252,300) size 9x12 [bgcolor=#FDFDFB] [r=25 c=28 rs=1 cs=1]
              RenderInline {FONT} at (0,0) size 3x11
                RenderText {#text} at (0,0) size 3x11
                  text run at (0,0) width 3: " "
            RenderTableCell {TD} at (261,300) size 9x12 [bgcolor=#FDFDFB] [r=25 c=29 rs=1 cs=1]
              RenderInline {FONT} at (0,0) size 3x11
                RenderText {#text} at (0,0) size 3x11
                  text run at (0,0) width 3: " "
            RenderTableCell {TD} at (270,300) size 9x12 [bgcolor=#FDFDFB] [r=25 c=30 rs=1 cs=1]
              RenderInline {FONT} at (0,0) size 3x11
                RenderText {#text} at (0,0) size 3x11
                  text run at (0,0) width 3: " "
            RenderTableCell {TD} at (279,300) size 9x12 [bgcolor=#FDFDFB] [r=25 c=31 rs=1 cs=1]
              RenderInline {FONT} at (0,0) size 3x11
                RenderText {#text} at (0,0) size 3x11
                  text run at (0,0) width 3: " "
            RenderTableCell {TD} at (288,300) size 9x12 [bgcolor=#FDFDFB] [r=25 c=32 rs=1 cs=1]
              RenderInline {FONT} at (0,0) size 3x11
                RenderText {#text} at (0,0) size 3x11
                  text run at (0,0) width 3: " "
            RenderTableCell {TD} at (297,300) size 9x12 [bgcolor=#FDFDFB] [r=25 c=33 rs=1 cs=1]
              RenderInline {FONT} at (0,0) size 3x11
                RenderText {#text} at (0,0) size 3x11
                  text run at (0,0) width 3: " "
            RenderTableCell {TD} at (306,300) size 9x12 [bgcolor=#FDFDFB] [r=25 c=34 rs=1 cs=1]
              RenderInline {FONT} at (0,0) size 3x11
                RenderText {#text} at (0,0) size 3x11
                  text run at (0,0) width 3: " "
            RenderTableCell {TD} at (315,300) size 9x12 [bgcolor=#FDFDFB] [r=25 c=35 rs=1 cs=1]
              RenderInline {FONT} at (0,0) size 3x11
                RenderText {#text} at (0,0) size 3x11
                  text run at (0,0) width 3: " "
            RenderTableCell {TD} at (324,300) size 10x12 [bgcolor=#E0EAE9] [r=25 c=36 rs=1 cs=1]
              RenderInline {FONT} at (0,0) size 3x11
                RenderText {#text} at (0,0) size 3x11
                  text run at (0,0) width 3: " "
            RenderTableCell {TD} at (334,300) size 10x12 [bgcolor=#CECFCF] [r=25 c=37 rs=1 cs=1]
              RenderInline {FONT} at (0,0) size 3x11
                RenderText {#text} at (0,0) size 3x11
                  text run at (0,0) width 3: " "
            RenderTableCell {TD} at (344,300) size 10x12 [bgcolor=#B4B4B4] [r=25 c=38 rs=1 cs=1]
              RenderInline {FONT} at (0,0) size 3x11
                RenderText {#text} at (0,0) size 3x11
                  text run at (0,0) width 3: " "
            RenderTableCell {TD} at (354,300) size 10x12 [bgcolor=#A5A6A6] [r=25 c=39 rs=1 cs=1]
              RenderInline {FONT} at (0,0) size 3x11
                RenderText {#text} at (0,0) size 3x11
                  text run at (0,0) width 3: " "
            RenderTableCell {TD} at (364,300) size 10x12 [bgcolor=#A5A6A6] [r=25 c=40 rs=1 cs=1]
              RenderInline {FONT} at (0,0) size 3x11
                RenderText {#text} at (0,0) size 3x11
                  text run at (0,0) width 3: " "
            RenderTableCell {TD} at (374,300) size 10x12 [bgcolor=#A5A6A6] [r=25 c=41 rs=1 cs=1]
              RenderInline {FONT} at (0,0) size 3x11
                RenderText {#text} at (0,0) size 3x11
                  text run at (0,0) width 3: " "
            RenderTableCell {TD} at (384,300) size 10x12 [bgcolor=#A5A6A6] [r=25 c=42 rs=1 cs=1]
              RenderInline {FONT} at (0,0) size 3x11
                RenderText {#text} at (0,0) size 3x11
                  text run at (0,0) width 3: " "
            RenderTableCell {TD} at (394,300) size 10x12 [bgcolor=#A5A6A6] [r=25 c=43 rs=1 cs=1]
              RenderInline {FONT} at (0,0) size 3x11
                RenderText {#text} at (0,0) size 3x11
                  text run at (0,0) width 3: " "
            RenderTableCell {TD} at (404,300) size 10x12 [bgcolor=#A5A6A6] [r=25 c=44 rs=1 cs=1]
              RenderInline {FONT} at (0,0) size 3x11
                RenderText {#text} at (0,0) size 3x11
                  text run at (0,0) width 3: " "
            RenderTableCell {TD} at (414,300) size 10x12 [bgcolor=#A5A6A6] [r=25 c=45 rs=1 cs=1]
              RenderInline {FONT} at (0,0) size 3x11
                RenderText {#text} at (0,0) size 3x11
                  text run at (0,0) width 3: " "
            RenderTableCell {TD} at (424,300) size 10x12 [bgcolor=#A5A6A6] [r=25 c=46 rs=1 cs=1]
              RenderInline {FONT} at (0,0) size 3x11
                RenderText {#text} at (0,0) size 3x11
                  text run at (0,0) width 3: " "
            RenderTableCell {TD} at (434,300) size 10x12 [bgcolor=#A5A6A6] [r=25 c=47 rs=1 cs=1]
              RenderInline {FONT} at (0,0) size 3x11
                RenderText {#text} at (0,0) size 3x11
                  text run at (0,0) width 3: " "
            RenderTableCell {TD} at (444,300) size 10x12 [bgcolor=#A5A6A6] [r=25 c=48 rs=1 cs=1]
              RenderInline {FONT} at (0,0) size 3x11
                RenderText {#text} at (0,0) size 3x11
                  text run at (0,0) width 3: " "
            RenderTableCell {TD} at (454,300) size 10x12 [bgcolor=#A5A6A6] [r=25 c=49 rs=1 cs=1]
              RenderInline {FONT} at (0,0) size 3x11
                RenderText {#text} at (0,0) size 3x11
                  text run at (0,0) width 3: " "
            RenderTableCell {TD} at (464,300) size 10x12 [bgcolor=#A5A6A6] [r=25 c=50 rs=1 cs=1]
              RenderInline {FONT} at (0,0) size 3x11
                RenderText {#text} at (0,0) size 3x11
                  text run at (0,0) width 3: " "
            RenderTableCell {TD} at (474,300) size 10x12 [bgcolor=#A5A6A6] [r=25 c=51 rs=1 cs=1]
              RenderInline {FONT} at (0,0) size 3x11
                RenderText {#text} at (0,0) size 3x11
                  text run at (0,0) width 3: " "
            RenderTableCell {TD} at (484,300) size 10x12 [bgcolor=#B4B4B4] [r=25 c=52 rs=1 cs=1]
              RenderInline {FONT} at (0,0) size 3x11
                RenderText {#text} at (0,0) size 3x11
                  text run at (0,0) width 3: " "
            RenderTableCell {TD} at (494,300) size 10x12 [bgcolor=#CECFCF] [r=25 c=53 rs=1 cs=1]
              RenderInline {FONT} at (0,0) size 3x11
                RenderText {#text} at (0,0) size 3x11
                  text run at (0,0) width 3: " "
            RenderTableCell {TD} at (504,300) size 10x12 [bgcolor=#EDEEEF] [r=25 c=54 rs=1 cs=1]
              RenderInline {FONT} at (0,0) size 3x11
                RenderText {#text} at (0,0) size 3x11
                  text run at (0,0) width 3: " "
            RenderTableCell {TD} at (514,300) size 10x12 [bgcolor=#FDFDFB] [r=25 c=55 rs=1 cs=1]
              RenderInline {FONT} at (0,0) size 3x11
                RenderText {#text} at (0,0) size 3x11
                  text run at (0,0) width 3: " "
            RenderTableCell {TD} at (524,300) size 10x12 [bgcolor=#FDFDFB] [r=25 c=56 rs=1 cs=1]
              RenderInline {FONT} at (0,0) size 3x11
                RenderText {#text} at (0,0) size 3x11
                  text run at (0,0) width 3: " "
            RenderTableCell {TD} at (534,300) size 10x12 [bgcolor=#FDFDFB] [r=25 c=57 rs=1 cs=1]
              RenderInline {FONT} at (0,0) size 3x11
                RenderText {#text} at (0,0) size 3x11
                  text run at (0,0) width 3: " "
            RenderTableCell {TD} at (544,300) size 10x12 [bgcolor=#FDFDFB] [r=25 c=58 rs=1 cs=1]
              RenderInline {FONT} at (0,0) size 3x11
                RenderText {#text} at (0,0) size 3x11
                  text run at (0,0) width 3: " "
            RenderTableCell {TD} at (554,300) size 10x12 [bgcolor=#FDFDFB] [r=25 c=59 rs=1 cs=1]
              RenderInline {FONT} at (0,0) size 3x11
                RenderText {#text} at (0,0) size 3x11
                  text run at (0,0) width 3: " "
            RenderTableCell {TD} at (564,300) size 10x12 [bgcolor=#FDFDFB] [r=25 c=60 rs=1 cs=1]
              RenderInline {FONT} at (0,0) size 3x11
                RenderText {#text} at (0,0) size 3x11
                  text run at (0,0) width 3: " "
            RenderTableCell {TD} at (574,300) size 10x12 [bgcolor=#FDFDFB] [r=25 c=61 rs=1 cs=1]
              RenderInline {FONT} at (0,0) size 3x11
                RenderText {#text} at (0,0) size 3x11
                  text run at (0,0) width 3: " "
            RenderTableCell {TD} at (584,300) size 10x12 [bgcolor=#FDFDFB] [r=25 c=62 rs=1 cs=1]
              RenderInline {FONT} at (0,0) size 3x11
                RenderText {#text} at (0,0) size 3x11
                  text run at (0,0) width 3: " "
            RenderTableCell {TD} at (594,300) size 10x12 [bgcolor=#FDFDFB] [r=25 c=63 rs=1 cs=1]
              RenderInline {FONT} at (0,0) size 3x11
                RenderText {#text} at (0,0) size 3x11
                  text run at (0,0) width 3: " "
            RenderTableCell {TD} at (604,300) size 10x12 [bgcolor=#FDFDFB] [r=25 c=64 rs=1 cs=1]
              RenderInline {FONT} at (0,0) size 3x11
                RenderText {#text} at (0,0) size 3x11
                  text run at (0,0) width 3: " "
            RenderTableCell {TD} at (614,300) size 10x12 [bgcolor=#EDEEEF] [r=25 c=65 rs=1 cs=1]
              RenderInline {FONT} at (0,0) size 3x11
                RenderText {#text} at (0,0) size 3x11
                  text run at (0,0) width 3: " "
            RenderTableCell {TD} at (624,300) size 10x12 [bgcolor=#DEDFDF] [r=25 c=66 rs=1 cs=1]
              RenderInline {FONT} at (0,0) size 3x11
                RenderText {#text} at (0,0) size 3x11
                  text run at (0,0) width 3: " "
            RenderTableCell {TD} at (634,300) size 10x12 [bgcolor=#CECFCF] [r=25 c=67 rs=1 cs=1]
              RenderInline {FONT} at (0,0) size 3x11
                RenderText {#text} at (0,0) size 3x11
                  text run at (0,0) width 3: " "
            RenderTableCell {TD} at (644,300) size 10x12 [bgcolor=#B4B4B4] [r=25 c=68 rs=1 cs=1]
              RenderInline {FONT} at (0,0) size 3x11
                RenderText {#text} at (0,0) size 3x11
                  text run at (0,0) width 3: " "
            RenderTableCell {TD} at (654,300) size 10x12 [bgcolor=#91A3A3] [r=25 c=69 rs=1 cs=1]
              RenderInline {FONT} at (0,0) size 3x11
                RenderText {#text} at (0,0) size 3x11
                  text run at (0,0) width 3: " "
            RenderTableCell {TD} at (664,300) size 10x12 [bgcolor=#848788] [r=25 c=70 rs=1 cs=1]
              RenderInline {FONT} at (0,0) size 3x11
                RenderText {#text} at (0,0) size 3x11
                  text run at (0,0) width 3: " "
            RenderTableCell {TD} at (674,300) size 10x12 [bgcolor=#777878] [r=25 c=71 rs=1 cs=1]
              RenderInline {FONT} at (0,0) size 3x11
                RenderText {#text} at (0,0) size 3x11
                  text run at (0,0) width 3: " "
            RenderTableCell {TD} at (684,300) size 10x12 [bgcolor=#526B6B] [r=25 c=72 rs=1 cs=1]
              RenderInline {FONT} at (0,0) size 3x11
                RenderText {#text} at (0,0) size 3x11
                  text run at (0,0) width 3: " "
            RenderTableCell {TD} at (694,300) size 10x12 [bgcolor=#425A5A] [r=25 c=73 rs=1 cs=1]
              RenderInline {FONT} at (0,0) size 3x11
                RenderText {#text} at (0,0) size 3x11
                  text run at (0,0) width 3: " "
            RenderTableCell {TD} at (704,300) size 10x12 [bgcolor=#425A5A] [r=25 c=74 rs=1 cs=1]
              RenderInline {FONT} at (0,0) size 3x11
                RenderText {#text} at (0,0) size 3x11
                  text run at (0,0) width 3: " "
            RenderTableCell {TD} at (714,300) size 10x12 [bgcolor=#305D5D] [r=25 c=75 rs=1 cs=1]
              RenderInline {FONT} at (0,0) size 3x11
                RenderText {#text} at (0,0) size 3x11
                  text run at (0,0) width 3: " "
            RenderTableCell {TD} at (724,300) size 10x12 [bgcolor=#305D5D] [r=25 c=76 rs=1 cs=1]
              RenderInline {FONT} at (0,0) size 3x11
                RenderText {#text} at (0,0) size 3x11
                  text run at (0,0) width 3: " "
            RenderTableCell {TD} at (734,300) size 10x12 [bgcolor=#305D5D] [r=25 c=77 rs=1 cs=1]
              RenderInline {FONT} at (0,0) size 3x11
                RenderText {#text} at (0,0) size 3x11
                  text run at (0,0) width 3: " "
            RenderTableCell {TD} at (744,300) size 10x12 [bgcolor=#026766] [r=25 c=78 rs=1 cs=1]
              RenderInline {FONT} at (0,0) size 3x11
                RenderText {#text} at (0,0) size 3x11
                  text run at (0,0) width 3: " "
            RenderTableCell {TD} at (754,300) size 10x12 [bgcolor=#026766] [r=25 c=79 rs=1 cs=1]
              RenderInline {FONT} at (0,0) size 3x11
                RenderText {#text} at (0,0) size 3x11
                  text run at (0,0) width 3: " "
            RenderTableCell {TD} at (764,300) size 10x12 [bgcolor=#026766] [r=25 c=80 rs=1 cs=1]
              RenderInline {FONT} at (0,0) size 3x11
                RenderText {#text} at (0,0) size 3x11
                  text run at (0,0) width 3: " "
            RenderTableCell {TD} at (774,300) size 10x12 [bgcolor=#026766] [r=25 c=81 rs=1 cs=1]
              RenderInline {FONT} at (0,0) size 3x11
                RenderText {#text} at (0,0) size 3x11
                  text run at (0,0) width 3: " "
            RenderTableCell {TD} at (784,300) size 10x12 [bgcolor=#026766] [r=25 c=82 rs=1 cs=1]
              RenderInline {FONT} at (0,0) size 3x11
                RenderText {#text} at (0,0) size 3x11
                  text run at (0,0) width 3: " "
            RenderTableCell {TD} at (794,300) size 10x12 [bgcolor=#026766] [r=25 c=83 rs=1 cs=1]
              RenderInline {FONT} at (0,0) size 3x11
                RenderText {#text} at (0,0) size 3x11
                  text run at (0,0) width 3: " "
            RenderTableCell {TD} at (804,300) size 10x12 [bgcolor=#026766] [r=25 c=84 rs=1 cs=1]
              RenderInline {FONT} at (0,0) size 3x11
                RenderText {#text} at (0,0) size 3x11
                  text run at (0,0) width 3: " "
            RenderTableCell {TD} at (814,300) size 10x12 [bgcolor=#026766] [r=25 c=85 rs=1 cs=1]
              RenderInline {FONT} at (0,0) size 3x11
                RenderText {#text} at (0,0) size 3x11
                  text run at (0,0) width 3: " "
            RenderTableCell {TD} at (824,300) size 10x12 [bgcolor=#026766] [r=25 c=86 rs=1 cs=1]
              RenderInline {FONT} at (0,0) size 3x11
                RenderText {#text} at (0,0) size 3x11
                  text run at (0,0) width 3: " "
            RenderTableCell {TD} at (834,300) size 10x12 [bgcolor=#026766] [r=25 c=87 rs=1 cs=1]
              RenderInline {FONT} at (0,0) size 3x11
                RenderText {#text} at (0,0) size 3x11
                  text run at (0,0) width 3: " "
            RenderTableCell {TD} at (844,300) size 10x12 [bgcolor=#026766] [r=25 c=88 rs=1 cs=1]
              RenderInline {FONT} at (0,0) size 3x11
                RenderText {#text} at (0,0) size 3x11
                  text run at (0,0) width 3: " "
            RenderTableCell {TD} at (854,300) size 10x12 [bgcolor=#026766] [r=25 c=89 rs=1 cs=1]
              RenderInline {FONT} at (0,0) size 3x11
                RenderText {#text} at (0,0) size 3x11
                  text run at (0,0) width 3: " "
            RenderTableCell {TD} at (864,300) size 10x12 [bgcolor=#025E5E] [r=25 c=90 rs=1 cs=1]
              RenderInline {FONT} at (0,0) size 3x11
                RenderText {#text} at (0,0) size 3x11
                  text run at (0,0) width 3: " "
            RenderTableCell {TD} at (874,300) size 10x12 [bgcolor=#025E5E] [r=25 c=91 rs=1 cs=1]
              RenderInline {FONT} at (0,0) size 3x11
                RenderText {#text} at (0,0) size 3x11
                  text run at (0,0) width 3: " "
            RenderTableCell {TD} at (884,300) size 10x12 [bgcolor=#044140] [r=25 c=92 rs=1 cs=1]
              RenderInline {FONT} at (0,0) size 3x11
                RenderText {#text} at (0,0) size 3x11
                  text run at (0,0) width 3: " "
            RenderTableCell {TD} at (894,300) size 10x12 [bgcolor=#083131] [r=25 c=93 rs=1 cs=1]
              RenderInline {FONT} at (0,0) size 3x11
                RenderText {#text} at (0,0) size 3x11
                  text run at (0,0) width 3: " "
            RenderTableCell {TD} at (904,300) size 10x12 [bgcolor=#5E5F60] [r=25 c=94 rs=1 cs=1]
              RenderInline {FONT} at (0,0) size 3x11
                RenderText {#text} at (0,0) size 3x11
                  text run at (0,0) width 3: " "
            RenderTableCell {TD} at (914,300) size 10x12 [bgcolor=#A5A6A6] [r=25 c=95 rs=1 cs=1]
              RenderInline {FONT} at (0,0) size 3x11
                RenderText {#text} at (0,0) size 3x11
                  text run at (0,0) width 3: " "
            RenderTableCell {TD} at (924,300) size 10x12 [bgcolor=#DEDFDF] [r=25 c=96 rs=1 cs=1]
              RenderInline {FONT} at (0,0) size 3x11
                RenderText {#text} at (0,0) size 3x11
                  text run at (0,0) width 3: " "
            RenderTableCell {TD} at (934,300) size 10x12 [bgcolor=#FDFDFB] [r=25 c=97 rs=1 cs=1]
              RenderInline {FONT} at (0,0) size 3x11
                RenderText {#text} at (0,0) size 3x11
                  text run at (0,0) width 3: " "
            RenderTableCell {TD} at (944,300) size 10x12 [bgcolor=#FDFDFB] [r=25 c=98 rs=1 cs=1]
              RenderInline {FONT} at (0,0) size 3x11
                RenderText {#text} at (0,0) size 3x11
                  text run at (0,0) width 3: " "
            RenderTableCell {TD} at (954,300) size 10x12 [bgcolor=#FDFDFB] [r=25 c=99 rs=1 cs=1]
              RenderInline {FONT} at (0,0) size 3x11
                RenderText {#text} at (0,0) size 3x11
                  text run at (0,0) width 3: " "
          RenderTableRow {TR} at (0,312) size 964x12
            RenderTableCell {TD} at (0,312) size 9x12 [bgcolor=#FDFDFB] [r=26 c=0 rs=1 cs=1]
              RenderInline {FONT} at (0,0) size 3x11
                RenderText {#text} at (0,0) size 3x11
                  text run at (0,0) width 3: " "
            RenderTableCell {TD} at (9,312) size 9x12 [bgcolor=#FDFDFB] [r=26 c=1 rs=1 cs=1]
              RenderInline {FONT} at (0,0) size 3x11
                RenderText {#text} at (0,0) size 3x11
                  text run at (0,0) width 3: " "
            RenderTableCell {TD} at (18,312) size 9x12 [bgcolor=#FDFDFB] [r=26 c=2 rs=1 cs=1]
              RenderInline {FONT} at (0,0) size 3x11
                RenderText {#text} at (0,0) size 3x11
                  text run at (0,0) width 3: " "
            RenderTableCell {TD} at (27,312) size 9x12 [bgcolor=#FDFDFB] [r=26 c=3 rs=1 cs=1]
              RenderInline {FONT} at (0,0) size 3x11
                RenderText {#text} at (0,0) size 3x11
                  text run at (0,0) width 3: " "
            RenderTableCell {TD} at (36,312) size 9x12 [bgcolor=#FDFDFB] [r=26 c=4 rs=1 cs=1]
              RenderInline {FONT} at (0,0) size 3x11
                RenderText {#text} at (0,0) size 3x11
                  text run at (0,0) width 3: " "
            RenderTableCell {TD} at (45,312) size 9x12 [bgcolor=#FDFDFB] [r=26 c=5 rs=1 cs=1]
              RenderInline {FONT} at (0,0) size 3x11
                RenderText {#text} at (0,0) size 3x11
                  text run at (0,0) width 3: " "
            RenderTableCell {TD} at (54,312) size 9x12 [bgcolor=#FDFDFB] [r=26 c=6 rs=1 cs=1]
              RenderInline {FONT} at (0,0) size 3x11
                RenderText {#text} at (0,0) size 3x11
                  text run at (0,0) width 3: " "
            RenderTableCell {TD} at (63,312) size 9x12 [bgcolor=#FDFDFB] [r=26 c=7 rs=1 cs=1]
              RenderInline {FONT} at (0,0) size 3x11
                RenderText {#text} at (0,0) size 3x11
                  text run at (0,0) width 3: " "
            RenderTableCell {TD} at (72,312) size 9x12 [bgcolor=#FDFDFB] [r=26 c=8 rs=1 cs=1]
              RenderInline {FONT} at (0,0) size 3x11
                RenderText {#text} at (0,0) size 3x11
                  text run at (0,0) width 3: " "
            RenderTableCell {TD} at (81,312) size 9x12 [bgcolor=#FDFDFB] [r=26 c=9 rs=1 cs=1]
              RenderInline {FONT} at (0,0) size 3x11
                RenderText {#text} at (0,0) size 3x11
                  text run at (0,0) width 3: " "
            RenderTableCell {TD} at (90,312) size 9x12 [bgcolor=#EDEEEF] [r=26 c=10 rs=1 cs=1]
              RenderInline {FONT} at (0,0) size 3x11
                RenderText {#text} at (0,0) size 3x11
                  text run at (0,0) width 3: " "
            RenderTableCell {TD} at (99,312) size 9x12 [bgcolor=#EDEEEF] [r=26 c=11 rs=1 cs=1]
              RenderInline {FONT} at (0,0) size 3x11
                RenderText {#text} at (0,0) size 3x11
                  text run at (0,0) width 3: " "
            RenderTableCell {TD} at (108,312) size 9x12 [bgcolor=#DEDFDF] [r=26 c=12 rs=1 cs=1]
              RenderInline {FONT} at (0,0) size 3x11
                RenderText {#text} at (0,0) size 3x11
                  text run at (0,0) width 3: " "
            RenderTableCell {TD} at (117,312) size 9x12 [bgcolor=#CECFCF] [r=26 c=13 rs=1 cs=1]
              RenderInline {FONT} at (0,0) size 3x11
                RenderText {#text} at (0,0) size 3x11
                  text run at (0,0) width 3: " "
            RenderTableCell {TD} at (126,312) size 9x12 [bgcolor=#CECFCF] [r=26 c=14 rs=1 cs=1]
              RenderInline {FONT} at (0,0) size 3x11
                RenderText {#text} at (0,0) size 3x11
                  text run at (0,0) width 3: " "
            RenderTableCell {TD} at (135,312) size 9x12 [bgcolor=#BEC2C2] [r=26 c=15 rs=1 cs=1]
              RenderInline {FONT} at (0,0) size 3x11
                RenderText {#text} at (0,0) size 3x11
                  text run at (0,0) width 3: " "
            RenderTableCell {TD} at (144,312) size 9x12 [bgcolor=#BEC2C2] [r=26 c=16 rs=1 cs=1]
              RenderInline {FONT} at (0,0) size 3x11
                RenderText {#text} at (0,0) size 3x11
                  text run at (0,0) width 3: " "
            RenderTableCell {TD} at (153,312) size 9x12 [bgcolor=#BEC2C2] [r=26 c=17 rs=1 cs=1]
              RenderInline {FONT} at (0,0) size 3x11
                RenderText {#text} at (0,0) size 3x11
                  text run at (0,0) width 3: " "
            RenderTableCell {TD} at (162,312) size 9x12 [bgcolor=#BEC2C2] [r=26 c=18 rs=1 cs=1]
              RenderInline {FONT} at (0,0) size 3x11
                RenderText {#text} at (0,0) size 3x11
                  text run at (0,0) width 3: " "
            RenderTableCell {TD} at (171,312) size 9x12 [bgcolor=#BEC2C2] [r=26 c=19 rs=1 cs=1]
              RenderInline {FONT} at (0,0) size 3x11
                RenderText {#text} at (0,0) size 3x11
                  text run at (0,0) width 3: " "
            RenderTableCell {TD} at (180,312) size 9x12 [bgcolor=#BEC2C2] [r=26 c=20 rs=1 cs=1]
              RenderInline {FONT} at (0,0) size 3x11
                RenderText {#text} at (0,0) size 3x11
                  text run at (0,0) width 3: " "
            RenderTableCell {TD} at (189,312) size 9x12 [bgcolor=#CECFCF] [r=26 c=21 rs=1 cs=1]
              RenderInline {FONT} at (0,0) size 3x11
                RenderText {#text} at (0,0) size 3x11
                  text run at (0,0) width 3: " "
            RenderTableCell {TD} at (198,312) size 9x12 [bgcolor=#CECFCF] [r=26 c=22 rs=1 cs=1]
              RenderInline {FONT} at (0,0) size 3x11
                RenderText {#text} at (0,0) size 3x11
                  text run at (0,0) width 3: " "
            RenderTableCell {TD} at (207,312) size 9x12 [bgcolor=#DEDFDF] [r=26 c=23 rs=1 cs=1]
              RenderInline {FONT} at (0,0) size 3x11
                RenderText {#text} at (0,0) size 3x11
                  text run at (0,0) width 3: " "
            RenderTableCell {TD} at (216,312) size 9x12 [bgcolor=#E0EAE9] [r=26 c=24 rs=1 cs=1]
              RenderInline {FONT} at (0,0) size 3x11
                RenderText {#text} at (0,0) size 3x11
                  text run at (0,0) width 3: " "
            RenderTableCell {TD} at (225,312) size 9x12 [bgcolor=#EDEEEF] [r=26 c=25 rs=1 cs=1]
              RenderInline {FONT} at (0,0) size 3x11
                RenderText {#text} at (0,0) size 3x11
                  text run at (0,0) width 3: " "
            RenderTableCell {TD} at (234,312) size 9x12 [bgcolor=#FDFDFB] [r=26 c=26 rs=1 cs=1]
              RenderInline {FONT} at (0,0) size 3x11
                RenderText {#text} at (0,0) size 3x11
                  text run at (0,0) width 3: " "
            RenderTableCell {TD} at (243,312) size 9x12 [bgcolor=#FDFDFB] [r=26 c=27 rs=1 cs=1]
              RenderInline {FONT} at (0,0) size 3x11
                RenderText {#text} at (0,0) size 3x11
                  text run at (0,0) width 3: " "
            RenderTableCell {TD} at (252,312) size 9x12 [bgcolor=#FDFDFB] [r=26 c=28 rs=1 cs=1]
              RenderInline {FONT} at (0,0) size 3x11
                RenderText {#text} at (0,0) size 3x11
                  text run at (0,0) width 3: " "
            RenderTableCell {TD} at (261,312) size 9x12 [bgcolor=#FDFDFB] [r=26 c=29 rs=1 cs=1]
              RenderInline {FONT} at (0,0) size 3x11
                RenderText {#text} at (0,0) size 3x11
                  text run at (0,0) width 3: " "
            RenderTableCell {TD} at (270,312) size 9x12 [bgcolor=#FDFDFB] [r=26 c=30 rs=1 cs=1]
              RenderInline {FONT} at (0,0) size 3x11
                RenderText {#text} at (0,0) size 3x11
                  text run at (0,0) width 3: " "
            RenderTableCell {TD} at (279,312) size 9x12 [bgcolor=#FDFDFB] [r=26 c=31 rs=1 cs=1]
              RenderInline {FONT} at (0,0) size 3x11
                RenderText {#text} at (0,0) size 3x11
                  text run at (0,0) width 3: " "
            RenderTableCell {TD} at (288,312) size 9x12 [bgcolor=#FDFDFB] [r=26 c=32 rs=1 cs=1]
              RenderInline {FONT} at (0,0) size 3x11
                RenderText {#text} at (0,0) size 3x11
                  text run at (0,0) width 3: " "
            RenderTableCell {TD} at (297,312) size 9x12 [bgcolor=#FDFDFB] [r=26 c=33 rs=1 cs=1]
              RenderInline {FONT} at (0,0) size 3x11
                RenderText {#text} at (0,0) size 3x11
                  text run at (0,0) width 3: " "
            RenderTableCell {TD} at (306,312) size 9x12 [bgcolor=#FDFDFB] [r=26 c=34 rs=1 cs=1]
              RenderInline {FONT} at (0,0) size 3x11
                RenderText {#text} at (0,0) size 3x11
                  text run at (0,0) width 3: " "
            RenderTableCell {TD} at (315,312) size 9x12 [bgcolor=#FDFDFB] [r=26 c=35 rs=1 cs=1]
              RenderInline {FONT} at (0,0) size 3x11
                RenderText {#text} at (0,0) size 3x11
                  text run at (0,0) width 3: " "
            RenderTableCell {TD} at (324,312) size 10x12 [bgcolor=#FDFDFB] [r=26 c=36 rs=1 cs=1]
              RenderInline {FONT} at (0,0) size 3x11
                RenderText {#text} at (0,0) size 3x11
                  text run at (0,0) width 3: " "
            RenderTableCell {TD} at (334,312) size 10x12 [bgcolor=#EDEEEF] [r=26 c=37 rs=1 cs=1]
              RenderInline {FONT} at (0,0) size 3x11
                RenderText {#text} at (0,0) size 3x11
                  text run at (0,0) width 3: " "
            RenderTableCell {TD} at (344,312) size 10x12 [bgcolor=#DEDFDF] [r=26 c=38 rs=1 cs=1]
              RenderInline {FONT} at (0,0) size 3x11
                RenderText {#text} at (0,0) size 3x11
                  text run at (0,0) width 3: " "
            RenderTableCell {TD} at (354,312) size 10x12 [bgcolor=#DEDFDF] [r=26 c=39 rs=1 cs=1]
              RenderInline {FONT} at (0,0) size 3x11
                RenderText {#text} at (0,0) size 3x11
                  text run at (0,0) width 3: " "
            RenderTableCell {TD} at (364,312) size 10x12 [bgcolor=#DEDFDF] [r=26 c=40 rs=1 cs=1]
              RenderInline {FONT} at (0,0) size 3x11
                RenderText {#text} at (0,0) size 3x11
                  text run at (0,0) width 3: " "
            RenderTableCell {TD} at (374,312) size 10x12 [bgcolor=#DEDFDF] [r=26 c=41 rs=1 cs=1]
              RenderInline {FONT} at (0,0) size 3x11
                RenderText {#text} at (0,0) size 3x11
                  text run at (0,0) width 3: " "
            RenderTableCell {TD} at (384,312) size 10x12 [bgcolor=#DEDFDF] [r=26 c=42 rs=1 cs=1]
              RenderInline {FONT} at (0,0) size 3x11
                RenderText {#text} at (0,0) size 3x11
                  text run at (0,0) width 3: " "
            RenderTableCell {TD} at (394,312) size 10x12 [bgcolor=#DEDFDF] [r=26 c=43 rs=1 cs=1]
              RenderInline {FONT} at (0,0) size 3x11
                RenderText {#text} at (0,0) size 3x11
                  text run at (0,0) width 3: " "
            RenderTableCell {TD} at (404,312) size 10x12 [bgcolor=#DEDFDF] [r=26 c=44 rs=1 cs=1]
              RenderInline {FONT} at (0,0) size 3x11
                RenderText {#text} at (0,0) size 3x11
                  text run at (0,0) width 3: " "
            RenderTableCell {TD} at (414,312) size 10x12 [bgcolor=#DEDFDF] [r=26 c=45 rs=1 cs=1]
              RenderInline {FONT} at (0,0) size 3x11
                RenderText {#text} at (0,0) size 3x11
                  text run at (0,0) width 3: " "
            RenderTableCell {TD} at (424,312) size 10x12 [bgcolor=#DEDFDF] [r=26 c=46 rs=1 cs=1]
              RenderInline {FONT} at (0,0) size 3x11
                RenderText {#text} at (0,0) size 3x11
                  text run at (0,0) width 3: " "
            RenderTableCell {TD} at (434,312) size 10x12 [bgcolor=#DEDFDF] [r=26 c=47 rs=1 cs=1]
              RenderInline {FONT} at (0,0) size 3x11
                RenderText {#text} at (0,0) size 3x11
                  text run at (0,0) width 3: " "
            RenderTableCell {TD} at (444,312) size 10x12 [bgcolor=#DEDFDF] [r=26 c=48 rs=1 cs=1]
              RenderInline {FONT} at (0,0) size 3x11
                RenderText {#text} at (0,0) size 3x11
                  text run at (0,0) width 3: " "
            RenderTableCell {TD} at (454,312) size 10x12 [bgcolor=#DEDFDF] [r=26 c=49 rs=1 cs=1]
              RenderInline {FONT} at (0,0) size 3x11
                RenderText {#text} at (0,0) size 3x11
                  text run at (0,0) width 3: " "
            RenderTableCell {TD} at (464,312) size 10x12 [bgcolor=#DEDFDF] [r=26 c=50 rs=1 cs=1]
              RenderInline {FONT} at (0,0) size 3x11
                RenderText {#text} at (0,0) size 3x11
                  text run at (0,0) width 3: " "
            RenderTableCell {TD} at (474,312) size 10x12 [bgcolor=#DEDFDF] [r=26 c=51 rs=1 cs=1]
              RenderInline {FONT} at (0,0) size 3x11
                RenderText {#text} at (0,0) size 3x11
                  text run at (0,0) width 3: " "
            RenderTableCell {TD} at (484,312) size 10x12 [bgcolor=#DEDFDF] [r=26 c=52 rs=1 cs=1]
              RenderInline {FONT} at (0,0) size 3x11
                RenderText {#text} at (0,0) size 3x11
                  text run at (0,0) width 3: " "
            RenderTableCell {TD} at (494,312) size 10x12 [bgcolor=#EDEEEF] [r=26 c=53 rs=1 cs=1]
              RenderInline {FONT} at (0,0) size 3x11
                RenderText {#text} at (0,0) size 3x11
                  text run at (0,0) width 3: " "
            RenderTableCell {TD} at (504,312) size 10x12 [bgcolor=#FDFDFB] [r=26 c=54 rs=1 cs=1]
              RenderInline {FONT} at (0,0) size 3x11
                RenderText {#text} at (0,0) size 3x11
                  text run at (0,0) width 3: " "
            RenderTableCell {TD} at (514,312) size 10x12 [bgcolor=#FDFDFB] [r=26 c=55 rs=1 cs=1]
              RenderInline {FONT} at (0,0) size 3x11
                RenderText {#text} at (0,0) size 3x11
                  text run at (0,0) width 3: " "
            RenderTableCell {TD} at (524,312) size 10x12 [bgcolor=#FDFDFB] [r=26 c=56 rs=1 cs=1]
              RenderInline {FONT} at (0,0) size 3x11
                RenderText {#text} at (0,0) size 3x11
                  text run at (0,0) width 3: " "
            RenderTableCell {TD} at (534,312) size 10x12 [bgcolor=#FDFDFB] [r=26 c=57 rs=1 cs=1]
              RenderInline {FONT} at (0,0) size 3x11
                RenderText {#text} at (0,0) size 3x11
                  text run at (0,0) width 3: " "
            RenderTableCell {TD} at (544,312) size 10x12 [bgcolor=#FDFDFB] [r=26 c=58 rs=1 cs=1]
              RenderInline {FONT} at (0,0) size 3x11
                RenderText {#text} at (0,0) size 3x11
                  text run at (0,0) width 3: " "
            RenderTableCell {TD} at (554,312) size 10x12 [bgcolor=#FDFDFB] [r=26 c=59 rs=1 cs=1]
              RenderInline {FONT} at (0,0) size 3x11
                RenderText {#text} at (0,0) size 3x11
                  text run at (0,0) width 3: " "
            RenderTableCell {TD} at (564,312) size 10x12 [bgcolor=#FDFDFB] [r=26 c=60 rs=1 cs=1]
              RenderInline {FONT} at (0,0) size 3x11
                RenderText {#text} at (0,0) size 3x11
                  text run at (0,0) width 3: " "
            RenderTableCell {TD} at (574,312) size 10x12 [bgcolor=#FDFDFB] [r=26 c=61 rs=1 cs=1]
              RenderInline {FONT} at (0,0) size 3x11
                RenderText {#text} at (0,0) size 3x11
                  text run at (0,0) width 3: " "
            RenderTableCell {TD} at (584,312) size 10x12 [bgcolor=#FDFDFB] [r=26 c=62 rs=1 cs=1]
              RenderInline {FONT} at (0,0) size 3x11
                RenderText {#text} at (0,0) size 3x11
                  text run at (0,0) width 3: " "
            RenderTableCell {TD} at (594,312) size 10x12 [bgcolor=#FDFDFB] [r=26 c=63 rs=1 cs=1]
              RenderInline {FONT} at (0,0) size 3x11
                RenderText {#text} at (0,0) size 3x11
                  text run at (0,0) width 3: " "
            RenderTableCell {TD} at (604,312) size 10x12 [bgcolor=#FDFDFB] [r=26 c=64 rs=1 cs=1]
              RenderInline {FONT} at (0,0) size 3x11
                RenderText {#text} at (0,0) size 3x11
                  text run at (0,0) width 3: " "
            RenderTableCell {TD} at (614,312) size 10x12 [bgcolor=#FDFDFB] [r=26 c=65 rs=1 cs=1]
              RenderInline {FONT} at (0,0) size 3x11
                RenderText {#text} at (0,0) size 3x11
                  text run at (0,0) width 3: " "
            RenderTableCell {TD} at (624,312) size 10x12 [bgcolor=#FDFDFB] [r=26 c=66 rs=1 cs=1]
              RenderInline {FONT} at (0,0) size 3x11
                RenderText {#text} at (0,0) size 3x11
                  text run at (0,0) width 3: " "
            RenderTableCell {TD} at (634,312) size 10x12 [bgcolor=#EDEEEF] [r=26 c=67 rs=1 cs=1]
              RenderInline {FONT} at (0,0) size 3x11
                RenderText {#text} at (0,0) size 3x11
                  text run at (0,0) width 3: " "
            RenderTableCell {TD} at (644,312) size 10x12 [bgcolor=#DEDFDF] [r=26 c=68 rs=1 cs=1]
              RenderInline {FONT} at (0,0) size 3x11
                RenderText {#text} at (0,0) size 3x11
                  text run at (0,0) width 3: " "
            RenderTableCell {TD} at (654,312) size 10x12 [bgcolor=#CECFCF] [r=26 c=69 rs=1 cs=1]
              RenderInline {FONT} at (0,0) size 3x11
                RenderText {#text} at (0,0) size 3x11
                  text run at (0,0) width 3: " "
            RenderTableCell {TD} at (664,312) size 10x12 [bgcolor=#BEC2C2] [r=26 c=70 rs=1 cs=1]
              RenderInline {FONT} at (0,0) size 3x11
                RenderText {#text} at (0,0) size 3x11
                  text run at (0,0) width 3: " "
            RenderTableCell {TD} at (674,312) size 10x12 [bgcolor=#B4B4B4] [r=26 c=71 rs=1 cs=1]
              RenderInline {FONT} at (0,0) size 3x11
                RenderText {#text} at (0,0) size 3x11
                  text run at (0,0) width 3: " "
            RenderTableCell {TD} at (684,312) size 10x12 [bgcolor=#B4B4B4] [r=26 c=72 rs=1 cs=1]
              RenderInline {FONT} at (0,0) size 3x11
                RenderText {#text} at (0,0) size 3x11
                  text run at (0,0) width 3: " "
            RenderTableCell {TD} at (694,312) size 10x12 [bgcolor=#A5A6A6] [r=26 c=73 rs=1 cs=1]
              RenderInline {FONT} at (0,0) size 3x11
                RenderText {#text} at (0,0) size 3x11
                  text run at (0,0) width 3: " "
            RenderTableCell {TD} at (704,312) size 10x12 [bgcolor=#91A3A3] [r=26 c=74 rs=1 cs=1]
              RenderInline {FONT} at (0,0) size 3x11
                RenderText {#text} at (0,0) size 3x11
                  text run at (0,0) width 3: " "
            RenderTableCell {TD} at (714,312) size 10x12 [bgcolor=#939494] [r=26 c=75 rs=1 cs=1]
              RenderInline {FONT} at (0,0) size 3x11
                RenderText {#text} at (0,0) size 3x11
                  text run at (0,0) width 3: " "
            RenderTableCell {TD} at (724,312) size 10x12 [bgcolor=#939494] [r=26 c=76 rs=1 cs=1]
              RenderInline {FONT} at (0,0) size 3x11
                RenderText {#text} at (0,0) size 3x11
                  text run at (0,0) width 3: " "
            RenderTableCell {TD} at (734,312) size 10x12 [bgcolor=#5A8787] [r=26 c=77 rs=1 cs=1]
              RenderInline {FONT} at (0,0) size 3x11
                RenderText {#text} at (0,0) size 3x11
                  text run at (0,0) width 3: " "
            RenderTableCell {TD} at (744,312) size 10x12 [bgcolor=#027777] [r=26 c=78 rs=1 cs=1]
              RenderInline {FONT} at (0,0) size 3x11
                RenderText {#text} at (0,0) size 3x11
                  text run at (0,0) width 3: " "
            RenderTableCell {TD} at (754,312) size 10x12 [bgcolor=#026766] [r=26 c=79 rs=1 cs=1]
              RenderInline {FONT} at (0,0) size 3x11
                RenderText {#text} at (0,0) size 3x11
                  text run at (0,0) width 3: " "
            RenderTableCell {TD} at (764,312) size 10x12 [bgcolor=#026766] [r=26 c=80 rs=1 cs=1]
              RenderInline {FONT} at (0,0) size 3x11
                RenderText {#text} at (0,0) size 3x11
                  text run at (0,0) width 3: " "
            RenderTableCell {TD} at (774,312) size 10x12 [bgcolor=#026766] [r=26 c=81 rs=1 cs=1]
              RenderInline {FONT} at (0,0) size 3x11
                RenderText {#text} at (0,0) size 3x11
                  text run at (0,0) width 3: " "
            RenderTableCell {TD} at (784,312) size 10x12 [bgcolor=#026766] [r=26 c=82 rs=1 cs=1]
              RenderInline {FONT} at (0,0) size 3x11
                RenderText {#text} at (0,0) size 3x11
                  text run at (0,0) width 3: " "
            RenderTableCell {TD} at (794,312) size 10x12 [bgcolor=#026766] [r=26 c=83 rs=1 cs=1]
              RenderInline {FONT} at (0,0) size 3x11
                RenderText {#text} at (0,0) size 3x11
                  text run at (0,0) width 3: " "
            RenderTableCell {TD} at (804,312) size 10x12 [bgcolor=#026766] [r=26 c=84 rs=1 cs=1]
              RenderInline {FONT} at (0,0) size 3x11
                RenderText {#text} at (0,0) size 3x11
                  text run at (0,0) width 3: " "
            RenderTableCell {TD} at (814,312) size 10x12 [bgcolor=#026766] [r=26 c=85 rs=1 cs=1]
              RenderInline {FONT} at (0,0) size 3x11
                RenderText {#text} at (0,0) size 3x11
                  text run at (0,0) width 3: " "
            RenderTableCell {TD} at (824,312) size 10x12 [bgcolor=#026766] [r=26 c=86 rs=1 cs=1]
              RenderInline {FONT} at (0,0) size 3x11
                RenderText {#text} at (0,0) size 3x11
                  text run at (0,0) width 3: " "
            RenderTableCell {TD} at (834,312) size 10x12 [bgcolor=#026766] [r=26 c=87 rs=1 cs=1]
              RenderInline {FONT} at (0,0) size 3x11
                RenderText {#text} at (0,0) size 3x11
                  text run at (0,0) width 3: " "
            RenderTableCell {TD} at (844,312) size 10x12 [bgcolor=#026766] [r=26 c=88 rs=1 cs=1]
              RenderInline {FONT} at (0,0) size 3x11
                RenderText {#text} at (0,0) size 3x11
                  text run at (0,0) width 3: " "
            RenderTableCell {TD} at (854,312) size 10x12 [bgcolor=#025E5E] [r=26 c=89 rs=1 cs=1]
              RenderInline {FONT} at (0,0) size 3x11
                RenderText {#text} at (0,0) size 3x11
                  text run at (0,0) width 3: " "
            RenderTableCell {TD} at (864,312) size 10x12 [bgcolor=#025E5E] [r=26 c=90 rs=1 cs=1]
              RenderInline {FONT} at (0,0) size 3x11
                RenderText {#text} at (0,0) size 3x11
                  text run at (0,0) width 3: " "
            RenderTableCell {TD} at (874,312) size 10x12 [bgcolor=#044F4F] [r=26 c=91 rs=1 cs=1]
              RenderInline {FONT} at (0,0) size 3x11
                RenderText {#text} at (0,0) size 3x11
                  text run at (0,0) width 3: " "
            RenderTableCell {TD} at (884,312) size 10x12 [bgcolor=#044140] [r=26 c=92 rs=1 cs=1]
              RenderInline {FONT} at (0,0) size 3x11
                RenderText {#text} at (0,0) size 3x11
                  text run at (0,0) width 3: " "
            RenderTableCell {TD} at (894,312) size 10x12 [bgcolor=#083131] [r=26 c=93 rs=1 cs=1]
              RenderInline {FONT} at (0,0) size 3x11
                RenderText {#text} at (0,0) size 3x11
                  text run at (0,0) width 3: " "
            RenderTableCell {TD} at (904,312) size 10x12 [bgcolor=#777878] [r=26 c=94 rs=1 cs=1]
              RenderInline {FONT} at (0,0) size 3x11
                RenderText {#text} at (0,0) size 3x11
                  text run at (0,0) width 3: " "
            RenderTableCell {TD} at (914,312) size 10x12 [bgcolor=#B4B4B4] [r=26 c=95 rs=1 cs=1]
              RenderInline {FONT} at (0,0) size 3x11
                RenderText {#text} at (0,0) size 3x11
                  text run at (0,0) width 3: " "
            RenderTableCell {TD} at (924,312) size 10x12 [bgcolor=#DEDFDF] [r=26 c=96 rs=1 cs=1]
              RenderInline {FONT} at (0,0) size 3x11
                RenderText {#text} at (0,0) size 3x11
                  text run at (0,0) width 3: " "
            RenderTableCell {TD} at (934,312) size 10x12 [bgcolor=#FDFDFB] [r=26 c=97 rs=1 cs=1]
              RenderInline {FONT} at (0,0) size 3x11
                RenderText {#text} at (0,0) size 3x11
                  text run at (0,0) width 3: " "
            RenderTableCell {TD} at (944,312) size 10x12 [bgcolor=#FDFDFB] [r=26 c=98 rs=1 cs=1]
              RenderInline {FONT} at (0,0) size 3x11
                RenderText {#text} at (0,0) size 3x11
                  text run at (0,0) width 3: " "
            RenderTableCell {TD} at (954,312) size 10x12 [bgcolor=#FDFDFB] [r=26 c=99 rs=1 cs=1]
              RenderInline {FONT} at (0,0) size 3x11
                RenderText {#text} at (0,0) size 3x11
                  text run at (0,0) width 3: " "
          RenderTableRow {TR} at (0,324) size 964x12
            RenderTableCell {TD} at (0,324) size 9x12 [bgcolor=#FDFDFB] [r=27 c=0 rs=1 cs=1]
              RenderInline {FONT} at (0,0) size 3x11
                RenderText {#text} at (0,0) size 3x11
                  text run at (0,0) width 3: " "
            RenderTableCell {TD} at (9,324) size 9x12 [bgcolor=#FDFDFB] [r=27 c=1 rs=1 cs=1]
              RenderInline {FONT} at (0,0) size 3x11
                RenderText {#text} at (0,0) size 3x11
                  text run at (0,0) width 3: " "
            RenderTableCell {TD} at (18,324) size 9x12 [bgcolor=#FDFDFB] [r=27 c=2 rs=1 cs=1]
              RenderInline {FONT} at (0,0) size 3x11
                RenderText {#text} at (0,0) size 3x11
                  text run at (0,0) width 3: " "
            RenderTableCell {TD} at (27,324) size 9x12 [bgcolor=#FDFDFB] [r=27 c=3 rs=1 cs=1]
              RenderInline {FONT} at (0,0) size 3x11
                RenderText {#text} at (0,0) size 3x11
                  text run at (0,0) width 3: " "
            RenderTableCell {TD} at (36,324) size 9x12 [bgcolor=#FDFDFB] [r=27 c=4 rs=1 cs=1]
              RenderInline {FONT} at (0,0) size 3x11
                RenderText {#text} at (0,0) size 3x11
                  text run at (0,0) width 3: " "
            RenderTableCell {TD} at (45,324) size 9x12 [bgcolor=#FDFDFB] [r=27 c=5 rs=1 cs=1]
              RenderInline {FONT} at (0,0) size 3x11
                RenderText {#text} at (0,0) size 3x11
                  text run at (0,0) width 3: " "
            RenderTableCell {TD} at (54,324) size 9x12 [bgcolor=#FDFDFB] [r=27 c=6 rs=1 cs=1]
              RenderInline {FONT} at (0,0) size 3x11
                RenderText {#text} at (0,0) size 3x11
                  text run at (0,0) width 3: " "
            RenderTableCell {TD} at (63,324) size 9x12 [bgcolor=#FDFDFB] [r=27 c=7 rs=1 cs=1]
              RenderInline {FONT} at (0,0) size 3x11
                RenderText {#text} at (0,0) size 3x11
                  text run at (0,0) width 3: " "
            RenderTableCell {TD} at (72,324) size 9x12 [bgcolor=#FDFDFB] [r=27 c=8 rs=1 cs=1]
              RenderInline {FONT} at (0,0) size 3x11
                RenderText {#text} at (0,0) size 3x11
                  text run at (0,0) width 3: " "
            RenderTableCell {TD} at (81,324) size 9x12 [bgcolor=#FDFDFB] [r=27 c=9 rs=1 cs=1]
              RenderInline {FONT} at (0,0) size 3x11
                RenderText {#text} at (0,0) size 3x11
                  text run at (0,0) width 3: " "
            RenderTableCell {TD} at (90,324) size 9x12 [bgcolor=#FDFDFB] [r=27 c=10 rs=1 cs=1]
              RenderInline {FONT} at (0,0) size 3x11
                RenderText {#text} at (0,0) size 3x11
                  text run at (0,0) width 3: " "
            RenderTableCell {TD} at (99,324) size 9x12 [bgcolor=#FDFDFB] [r=27 c=11 rs=1 cs=1]
              RenderInline {FONT} at (0,0) size 3x11
                RenderText {#text} at (0,0) size 3x11
                  text run at (0,0) width 3: " "
            RenderTableCell {TD} at (108,324) size 9x12 [bgcolor=#FDFDFB] [r=27 c=12 rs=1 cs=1]
              RenderInline {FONT} at (0,0) size 3x11
                RenderText {#text} at (0,0) size 3x11
                  text run at (0,0) width 3: " "
            RenderTableCell {TD} at (117,324) size 9x12 [bgcolor=#EDEEEF] [r=27 c=13 rs=1 cs=1]
              RenderInline {FONT} at (0,0) size 3x11
                RenderText {#text} at (0,0) size 3x11
                  text run at (0,0) width 3: " "
            RenderTableCell {TD} at (126,324) size 9x12 [bgcolor=#EDEEEF] [r=27 c=14 rs=1 cs=1]
              RenderInline {FONT} at (0,0) size 3x11
                RenderText {#text} at (0,0) size 3x11
                  text run at (0,0) width 3: " "
            RenderTableCell {TD} at (135,324) size 9x12 [bgcolor=#EDEEEF] [r=27 c=15 rs=1 cs=1]
              RenderInline {FONT} at (0,0) size 3x11
                RenderText {#text} at (0,0) size 3x11
                  text run at (0,0) width 3: " "
            RenderTableCell {TD} at (144,324) size 9x12 [bgcolor=#EDEEEF] [r=27 c=16 rs=1 cs=1]
              RenderInline {FONT} at (0,0) size 3x11
                RenderText {#text} at (0,0) size 3x11
                  text run at (0,0) width 3: " "
            RenderTableCell {TD} at (153,324) size 9x12 [bgcolor=#EDEEEF] [r=27 c=17 rs=1 cs=1]
              RenderInline {FONT} at (0,0) size 3x11
                RenderText {#text} at (0,0) size 3x11
                  text run at (0,0) width 3: " "
            RenderTableCell {TD} at (162,324) size 9x12 [bgcolor=#EDEEEF] [r=27 c=18 rs=1 cs=1]
              RenderInline {FONT} at (0,0) size 3x11
                RenderText {#text} at (0,0) size 3x11
                  text run at (0,0) width 3: " "
            RenderTableCell {TD} at (171,324) size 9x12 [bgcolor=#EDEEEF] [r=27 c=19 rs=1 cs=1]
              RenderInline {FONT} at (0,0) size 3x11
                RenderText {#text} at (0,0) size 3x11
                  text run at (0,0) width 3: " "
            RenderTableCell {TD} at (180,324) size 9x12 [bgcolor=#EDEEEF] [r=27 c=20 rs=1 cs=1]
              RenderInline {FONT} at (0,0) size 3x11
                RenderText {#text} at (0,0) size 3x11
                  text run at (0,0) width 3: " "
            RenderTableCell {TD} at (189,324) size 9x12 [bgcolor=#EDEEEF] [r=27 c=21 rs=1 cs=1]
              RenderInline {FONT} at (0,0) size 3x11
                RenderText {#text} at (0,0) size 3x11
                  text run at (0,0) width 3: " "
            RenderTableCell {TD} at (198,324) size 9x12 [bgcolor=#EDEEEF] [r=27 c=22 rs=1 cs=1]
              RenderInline {FONT} at (0,0) size 3x11
                RenderText {#text} at (0,0) size 3x11
                  text run at (0,0) width 3: " "
            RenderTableCell {TD} at (207,324) size 9x12 [bgcolor=#FDFDFB] [r=27 c=23 rs=1 cs=1]
              RenderInline {FONT} at (0,0) size 3x11
                RenderText {#text} at (0,0) size 3x11
                  text run at (0,0) width 3: " "
            RenderTableCell {TD} at (216,324) size 9x12 [bgcolor=#FDFDFB] [r=27 c=24 rs=1 cs=1]
              RenderInline {FONT} at (0,0) size 3x11
                RenderText {#text} at (0,0) size 3x11
                  text run at (0,0) width 3: " "
            RenderTableCell {TD} at (225,324) size 9x12 [bgcolor=#FDFDFB] [r=27 c=25 rs=1 cs=1]
              RenderInline {FONT} at (0,0) size 3x11
                RenderText {#text} at (0,0) size 3x11
                  text run at (0,0) width 3: " "
            RenderTableCell {TD} at (234,324) size 9x12 [bgcolor=#FDFDFB] [r=27 c=26 rs=1 cs=1]
              RenderInline {FONT} at (0,0) size 3x11
                RenderText {#text} at (0,0) size 3x11
                  text run at (0,0) width 3: " "
            RenderTableCell {TD} at (243,324) size 9x12 [bgcolor=#FDFDFB] [r=27 c=27 rs=1 cs=1]
              RenderInline {FONT} at (0,0) size 3x11
                RenderText {#text} at (0,0) size 3x11
                  text run at (0,0) width 3: " "
            RenderTableCell {TD} at (252,324) size 9x12 [bgcolor=#FDFDFB] [r=27 c=28 rs=1 cs=1]
              RenderInline {FONT} at (0,0) size 3x11
                RenderText {#text} at (0,0) size 3x11
                  text run at (0,0) width 3: " "
            RenderTableCell {TD} at (261,324) size 9x12 [bgcolor=#FDFDFB] [r=27 c=29 rs=1 cs=1]
              RenderInline {FONT} at (0,0) size 3x11
                RenderText {#text} at (0,0) size 3x11
                  text run at (0,0) width 3: " "
            RenderTableCell {TD} at (270,324) size 9x12 [bgcolor=#FDFDFB] [r=27 c=30 rs=1 cs=1]
              RenderInline {FONT} at (0,0) size 3x11
                RenderText {#text} at (0,0) size 3x11
                  text run at (0,0) width 3: " "
            RenderTableCell {TD} at (279,324) size 9x12 [bgcolor=#FDFDFB] [r=27 c=31 rs=1 cs=1]
              RenderInline {FONT} at (0,0) size 3x11
                RenderText {#text} at (0,0) size 3x11
                  text run at (0,0) width 3: " "
            RenderTableCell {TD} at (288,324) size 9x12 [bgcolor=#FDFDFB] [r=27 c=32 rs=1 cs=1]
              RenderInline {FONT} at (0,0) size 3x11
                RenderText {#text} at (0,0) size 3x11
                  text run at (0,0) width 3: " "
            RenderTableCell {TD} at (297,324) size 9x12 [bgcolor=#FDFDFB] [r=27 c=33 rs=1 cs=1]
              RenderInline {FONT} at (0,0) size 3x11
                RenderText {#text} at (0,0) size 3x11
                  text run at (0,0) width 3: " "
            RenderTableCell {TD} at (306,324) size 9x12 [bgcolor=#FDFDFB] [r=27 c=34 rs=1 cs=1]
              RenderInline {FONT} at (0,0) size 3x11
                RenderText {#text} at (0,0) size 3x11
                  text run at (0,0) width 3: " "
            RenderTableCell {TD} at (315,324) size 9x12 [bgcolor=#FDFDFB] [r=27 c=35 rs=1 cs=1]
              RenderInline {FONT} at (0,0) size 3x11
                RenderText {#text} at (0,0) size 3x11
                  text run at (0,0) width 3: " "
            RenderTableCell {TD} at (324,324) size 10x12 [bgcolor=#FDFDFB] [r=27 c=36 rs=1 cs=1]
              RenderInline {FONT} at (0,0) size 3x11
                RenderText {#text} at (0,0) size 3x11
                  text run at (0,0) width 3: " "
            RenderTableCell {TD} at (334,324) size 10x12 [bgcolor=#FDFDFB] [r=27 c=37 rs=1 cs=1]
              RenderInline {FONT} at (0,0) size 3x11
                RenderText {#text} at (0,0) size 3x11
                  text run at (0,0) width 3: " "
            RenderTableCell {TD} at (344,324) size 10x12 [bgcolor=#FDFDFB] [r=27 c=38 rs=1 cs=1]
              RenderInline {FONT} at (0,0) size 3x11
                RenderText {#text} at (0,0) size 3x11
                  text run at (0,0) width 3: " "
            RenderTableCell {TD} at (354,324) size 10x12 [bgcolor=#FDFDFB] [r=27 c=39 rs=1 cs=1]
              RenderInline {FONT} at (0,0) size 3x11
                RenderText {#text} at (0,0) size 3x11
                  text run at (0,0) width 3: " "
            RenderTableCell {TD} at (364,324) size 10x12 [bgcolor=#FDFDFB] [r=27 c=40 rs=1 cs=1]
              RenderInline {FONT} at (0,0) size 3x11
                RenderText {#text} at (0,0) size 3x11
                  text run at (0,0) width 3: " "
            RenderTableCell {TD} at (374,324) size 10x12 [bgcolor=#FDFDFB] [r=27 c=41 rs=1 cs=1]
              RenderInline {FONT} at (0,0) size 3x11
                RenderText {#text} at (0,0) size 3x11
                  text run at (0,0) width 3: " "
            RenderTableCell {TD} at (384,324) size 10x12 [bgcolor=#FDFDFB] [r=27 c=42 rs=1 cs=1]
              RenderInline {FONT} at (0,0) size 3x11
                RenderText {#text} at (0,0) size 3x11
                  text run at (0,0) width 3: " "
            RenderTableCell {TD} at (394,324) size 10x12 [bgcolor=#FDFDFB] [r=27 c=43 rs=1 cs=1]
              RenderInline {FONT} at (0,0) size 3x11
                RenderText {#text} at (0,0) size 3x11
                  text run at (0,0) width 3: " "
            RenderTableCell {TD} at (404,324) size 10x12 [bgcolor=#FDFDFB] [r=27 c=44 rs=1 cs=1]
              RenderInline {FONT} at (0,0) size 3x11
                RenderText {#text} at (0,0) size 3x11
                  text run at (0,0) width 3: " "
            RenderTableCell {TD} at (414,324) size 10x12 [bgcolor=#FDFDFB] [r=27 c=45 rs=1 cs=1]
              RenderInline {FONT} at (0,0) size 3x11
                RenderText {#text} at (0,0) size 3x11
                  text run at (0,0) width 3: " "
            RenderTableCell {TD} at (424,324) size 10x12 [bgcolor=#FDFDFB] [r=27 c=46 rs=1 cs=1]
              RenderInline {FONT} at (0,0) size 3x11
                RenderText {#text} at (0,0) size 3x11
                  text run at (0,0) width 3: " "
            RenderTableCell {TD} at (434,324) size 10x12 [bgcolor=#FDFDFB] [r=27 c=47 rs=1 cs=1]
              RenderInline {FONT} at (0,0) size 3x11
                RenderText {#text} at (0,0) size 3x11
                  text run at (0,0) width 3: " "
            RenderTableCell {TD} at (444,324) size 10x12 [bgcolor=#FDFDFB] [r=27 c=48 rs=1 cs=1]
              RenderInline {FONT} at (0,0) size 3x11
                RenderText {#text} at (0,0) size 3x11
                  text run at (0,0) width 3: " "
            RenderTableCell {TD} at (454,324) size 10x12 [bgcolor=#FDFDFB] [r=27 c=49 rs=1 cs=1]
              RenderInline {FONT} at (0,0) size 3x11
                RenderText {#text} at (0,0) size 3x11
                  text run at (0,0) width 3: " "
            RenderTableCell {TD} at (464,324) size 10x12 [bgcolor=#FDFDFB] [r=27 c=50 rs=1 cs=1]
              RenderInline {FONT} at (0,0) size 3x11
                RenderText {#text} at (0,0) size 3x11
                  text run at (0,0) width 3: " "
            RenderTableCell {TD} at (474,324) size 10x12 [bgcolor=#FDFDFB] [r=27 c=51 rs=1 cs=1]
              RenderInline {FONT} at (0,0) size 3x11
                RenderText {#text} at (0,0) size 3x11
                  text run at (0,0) width 3: " "
            RenderTableCell {TD} at (484,324) size 10x12 [bgcolor=#FDFDFB] [r=27 c=52 rs=1 cs=1]
              RenderInline {FONT} at (0,0) size 3x11
                RenderText {#text} at (0,0) size 3x11
                  text run at (0,0) width 3: " "
            RenderTableCell {TD} at (494,324) size 10x12 [bgcolor=#FDFDFB] [r=27 c=53 rs=1 cs=1]
              RenderInline {FONT} at (0,0) size 3x11
                RenderText {#text} at (0,0) size 3x11
                  text run at (0,0) width 3: " "
            RenderTableCell {TD} at (504,324) size 10x12 [bgcolor=#FDFDFB] [r=27 c=54 rs=1 cs=1]
              RenderInline {FONT} at (0,0) size 3x11
                RenderText {#text} at (0,0) size 3x11
                  text run at (0,0) width 3: " "
            RenderTableCell {TD} at (514,324) size 10x12 [bgcolor=#FDFDFB] [r=27 c=55 rs=1 cs=1]
              RenderInline {FONT} at (0,0) size 3x11
                RenderText {#text} at (0,0) size 3x11
                  text run at (0,0) width 3: " "
            RenderTableCell {TD} at (524,324) size 10x12 [bgcolor=#FDFDFB] [r=27 c=56 rs=1 cs=1]
              RenderInline {FONT} at (0,0) size 3x11
                RenderText {#text} at (0,0) size 3x11
                  text run at (0,0) width 3: " "
            RenderTableCell {TD} at (534,324) size 10x12 [bgcolor=#FDFDFB] [r=27 c=57 rs=1 cs=1]
              RenderInline {FONT} at (0,0) size 3x11
                RenderText {#text} at (0,0) size 3x11
                  text run at (0,0) width 3: " "
            RenderTableCell {TD} at (544,324) size 10x12 [bgcolor=#FDFDFB] [r=27 c=58 rs=1 cs=1]
              RenderInline {FONT} at (0,0) size 3x11
                RenderText {#text} at (0,0) size 3x11
                  text run at (0,0) width 3: " "
            RenderTableCell {TD} at (554,324) size 10x12 [bgcolor=#FDFDFB] [r=27 c=59 rs=1 cs=1]
              RenderInline {FONT} at (0,0) size 3x11
                RenderText {#text} at (0,0) size 3x11
                  text run at (0,0) width 3: " "
            RenderTableCell {TD} at (564,324) size 10x12 [bgcolor=#FDFDFB] [r=27 c=60 rs=1 cs=1]
              RenderInline {FONT} at (0,0) size 3x11
                RenderText {#text} at (0,0) size 3x11
                  text run at (0,0) width 3: " "
            RenderTableCell {TD} at (574,324) size 10x12 [bgcolor=#FDFDFB] [r=27 c=61 rs=1 cs=1]
              RenderInline {FONT} at (0,0) size 3x11
                RenderText {#text} at (0,0) size 3x11
                  text run at (0,0) width 3: " "
            RenderTableCell {TD} at (584,324) size 10x12 [bgcolor=#FDFDFB] [r=27 c=62 rs=1 cs=1]
              RenderInline {FONT} at (0,0) size 3x11
                RenderText {#text} at (0,0) size 3x11
                  text run at (0,0) width 3: " "
            RenderTableCell {TD} at (594,324) size 10x12 [bgcolor=#FDFDFB] [r=27 c=63 rs=1 cs=1]
              RenderInline {FONT} at (0,0) size 3x11
                RenderText {#text} at (0,0) size 3x11
                  text run at (0,0) width 3: " "
            RenderTableCell {TD} at (604,324) size 10x12 [bgcolor=#FDFDFB] [r=27 c=64 rs=1 cs=1]
              RenderInline {FONT} at (0,0) size 3x11
                RenderText {#text} at (0,0) size 3x11
                  text run at (0,0) width 3: " "
            RenderTableCell {TD} at (614,324) size 10x12 [bgcolor=#B6D8D7] [r=27 c=65 rs=1 cs=1]
              RenderInline {FONT} at (0,0) size 3x11
                RenderText {#text} at (0,0) size 3x11
                  text run at (0,0) width 3: " "
            RenderTableCell {TD} at (624,324) size 10x12 [bgcolor=#5CADAE] [r=27 c=66 rs=1 cs=1]
              RenderInline {FONT} at (0,0) size 3x11
                RenderText {#text} at (0,0) size 3x11
                  text run at (0,0) width 3: " "
            RenderTableCell {TD} at (634,324) size 10x12 [bgcolor=#7DBAB9] [r=27 c=67 rs=1 cs=1]
              RenderInline {FONT} at (0,0) size 3x11
                RenderText {#text} at (0,0) size 3x11
                  text run at (0,0) width 3: " "
            RenderTableCell {TD} at (644,324) size 10x12 [bgcolor=#97C1C0] [r=27 c=68 rs=1 cs=1]
              RenderInline {FONT} at (0,0) size 3x11
                RenderText {#text} at (0,0) size 3x11
                  text run at (0,0) width 3: " "
            RenderTableCell {TD} at (654,324) size 10x12 [bgcolor=#A4CCCC] [r=27 c=69 rs=1 cs=1]
              RenderInline {FONT} at (0,0) size 3x11
                RenderText {#text} at (0,0) size 3x11
                  text run at (0,0) width 3: " "
            RenderTableCell {TD} at (664,324) size 10x12 [bgcolor=#B6D0D1] [r=27 c=70 rs=1 cs=1]
              RenderInline {FONT} at (0,0) size 3x11
                RenderText {#text} at (0,0) size 3x11
                  text run at (0,0) width 3: " "
            RenderTableCell {TD} at (674,324) size 10x12 [bgcolor=#B6D0D1] [r=27 c=71 rs=1 cs=1]
              RenderInline {FONT} at (0,0) size 3x11
                RenderText {#text} at (0,0) size 3x11
                  text run at (0,0) width 3: " "
            RenderTableCell {TD} at (684,324) size 10x12 [bgcolor=#B6D0D1] [r=27 c=72 rs=1 cs=1]
              RenderInline {FONT} at (0,0) size 3x11
                RenderText {#text} at (0,0) size 3x11
                  text run at (0,0) width 3: " "
            RenderTableCell {TD} at (694,324) size 10x12 [bgcolor=#B6D0D1] [r=27 c=73 rs=1 cs=1]
              RenderInline {FONT} at (0,0) size 3x11
                RenderText {#text} at (0,0) size 3x11
                  text run at (0,0) width 3: " "
            RenderTableCell {TD} at (704,324) size 10x12 [bgcolor=#BEC2C2] [r=27 c=74 rs=1 cs=1]
              RenderInline {FONT} at (0,0) size 3x11
                RenderText {#text} at (0,0) size 3x11
                  text run at (0,0) width 3: " "
            RenderTableCell {TD} at (714,324) size 10x12 [bgcolor=#A2B5B4] [r=27 c=75 rs=1 cs=1]
              RenderInline {FONT} at (0,0) size 3x11
                RenderText {#text} at (0,0) size 3x11
                  text run at (0,0) width 3: " "
            RenderTableCell {TD} at (724,324) size 10x12 [bgcolor=#60A2A3] [r=27 c=76 rs=1 cs=1]
              RenderInline {FONT} at (0,0) size 3x11
                RenderText {#text} at (0,0) size 3x11
                  text run at (0,0) width 3: " "
            RenderTableCell {TD} at (734,324) size 10x12 [bgcolor=#1B8685] [r=27 c=77 rs=1 cs=1]
              RenderInline {FONT} at (0,0) size 3x11
                RenderText {#text} at (0,0) size 3x11
                  text run at (0,0) width 3: " "
            RenderTableCell {TD} at (744,324) size 10x12 [bgcolor=#027777] [r=27 c=78 rs=1 cs=1]
              RenderInline {FONT} at (0,0) size 3x11
                RenderText {#text} at (0,0) size 3x11
                  text run at (0,0) width 3: " "
            RenderTableCell {TD} at (754,324) size 10x12 [bgcolor=#026766] [r=27 c=79 rs=1 cs=1]
              RenderInline {FONT} at (0,0) size 3x11
                RenderText {#text} at (0,0) size 3x11
                  text run at (0,0) width 3: " "
            RenderTableCell {TD} at (764,324) size 10x12 [bgcolor=#026766] [r=27 c=80 rs=1 cs=1]
              RenderInline {FONT} at (0,0) size 3x11
                RenderText {#text} at (0,0) size 3x11
                  text run at (0,0) width 3: " "
            RenderTableCell {TD} at (774,324) size 10x12 [bgcolor=#026766] [r=27 c=81 rs=1 cs=1]
              RenderInline {FONT} at (0,0) size 3x11
                RenderText {#text} at (0,0) size 3x11
                  text run at (0,0) width 3: " "
            RenderTableCell {TD} at (784,324) size 10x12 [bgcolor=#026766] [r=27 c=82 rs=1 cs=1]
              RenderInline {FONT} at (0,0) size 3x11
                RenderText {#text} at (0,0) size 3x11
                  text run at (0,0) width 3: " "
            RenderTableCell {TD} at (794,324) size 10x12 [bgcolor=#026766] [r=27 c=83 rs=1 cs=1]
              RenderInline {FONT} at (0,0) size 3x11
                RenderText {#text} at (0,0) size 3x11
                  text run at (0,0) width 3: " "
            RenderTableCell {TD} at (804,324) size 10x12 [bgcolor=#026766] [r=27 c=84 rs=1 cs=1]
              RenderInline {FONT} at (0,0) size 3x11
                RenderText {#text} at (0,0) size 3x11
                  text run at (0,0) width 3: " "
            RenderTableCell {TD} at (814,324) size 10x12 [bgcolor=#026766] [r=27 c=85 rs=1 cs=1]
              RenderInline {FONT} at (0,0) size 3x11
                RenderText {#text} at (0,0) size 3x11
                  text run at (0,0) width 3: " "
            RenderTableCell {TD} at (824,324) size 10x12 [bgcolor=#025E5E] [r=27 c=86 rs=1 cs=1]
              RenderInline {FONT} at (0,0) size 3x11
                RenderText {#text} at (0,0) size 3x11
                  text run at (0,0) width 3: " "
            RenderTableCell {TD} at (834,324) size 10x12 [bgcolor=#025E5E] [r=27 c=87 rs=1 cs=1]
              RenderInline {FONT} at (0,0) size 3x11
                RenderText {#text} at (0,0) size 3x11
                  text run at (0,0) width 3: " "
            RenderTableCell {TD} at (844,324) size 10x12 [bgcolor=#025E5E] [r=27 c=88 rs=1 cs=1]
              RenderInline {FONT} at (0,0) size 3x11
                RenderText {#text} at (0,0) size 3x11
                  text run at (0,0) width 3: " "
            RenderTableCell {TD} at (854,324) size 10x12 [bgcolor=#025E5E] [r=27 c=89 rs=1 cs=1]
              RenderInline {FONT} at (0,0) size 3x11
                RenderText {#text} at (0,0) size 3x11
                  text run at (0,0) width 3: " "
            RenderTableCell {TD} at (864,324) size 10x12 [bgcolor=#044F4F] [r=27 c=90 rs=1 cs=1]
              RenderInline {FONT} at (0,0) size 3x11
                RenderText {#text} at (0,0) size 3x11
                  text run at (0,0) width 3: " "
            RenderTableCell {TD} at (874,324) size 10x12 [bgcolor=#044140] [r=27 c=91 rs=1 cs=1]
              RenderInline {FONT} at (0,0) size 3x11
                RenderText {#text} at (0,0) size 3x11
                  text run at (0,0) width 3: " "
            RenderTableCell {TD} at (884,324) size 10x12 [bgcolor=#072323] [r=27 c=92 rs=1 cs=1]
              RenderInline {FONT} at (0,0) size 3x11
                RenderText {#text} at (0,0) size 3x11
                  text run at (0,0) width 3: " "
            RenderTableCell {TD} at (894,324) size 10x12 [bgcolor=#4D4F4F] [r=27 c=93 rs=1 cs=1]
              RenderInline {FONT} at (0,0) size 3x11
                RenderText {#text} at (0,0) size 3x11
                  text run at (0,0) width 3: " "
            RenderTableCell {TD} at (904,324) size 10x12 [bgcolor=#848788] [r=27 c=94 rs=1 cs=1]
              RenderInline {FONT} at (0,0) size 3x11
                RenderText {#text} at (0,0) size 3x11
                  text run at (0,0) width 3: " "
            RenderTableCell {TD} at (914,324) size 10x12 [bgcolor=#BEC2C2] [r=27 c=95 rs=1 cs=1]
              RenderInline {FONT} at (0,0) size 3x11
                RenderText {#text} at (0,0) size 3x11
                  text run at (0,0) width 3: " "
            RenderTableCell {TD} at (924,324) size 10x12 [bgcolor=#EDEEEF] [r=27 c=96 rs=1 cs=1]
              RenderInline {FONT} at (0,0) size 3x11
                RenderText {#text} at (0,0) size 3x11
                  text run at (0,0) width 3: " "
            RenderTableCell {TD} at (934,324) size 10x12 [bgcolor=#FDFDFB] [r=27 c=97 rs=1 cs=1]
              RenderInline {FONT} at (0,0) size 3x11
                RenderText {#text} at (0,0) size 3x11
                  text run at (0,0) width 3: " "
            RenderTableCell {TD} at (944,324) size 10x12 [bgcolor=#FDFDFB] [r=27 c=98 rs=1 cs=1]
              RenderInline {FONT} at (0,0) size 3x11
                RenderText {#text} at (0,0) size 3x11
                  text run at (0,0) width 3: " "
            RenderTableCell {TD} at (954,324) size 10x12 [bgcolor=#FDFDFB] [r=27 c=99 rs=1 cs=1]
              RenderInline {FONT} at (0,0) size 3x11
                RenderText {#text} at (0,0) size 3x11
                  text run at (0,0) width 3: " "
          RenderTableRow {TR} at (0,336) size 964x12
            RenderTableCell {TD} at (0,336) size 9x12 [bgcolor=#FDFDFB] [r=28 c=0 rs=1 cs=1]
              RenderInline {FONT} at (0,0) size 3x11
                RenderText {#text} at (0,0) size 3x11
                  text run at (0,0) width 3: " "
            RenderTableCell {TD} at (9,336) size 9x12 [bgcolor=#FDFDFB] [r=28 c=1 rs=1 cs=1]
              RenderInline {FONT} at (0,0) size 3x11
                RenderText {#text} at (0,0) size 3x11
                  text run at (0,0) width 3: " "
            RenderTableCell {TD} at (18,336) size 9x12 [bgcolor=#FDFDFB] [r=28 c=2 rs=1 cs=1]
              RenderInline {FONT} at (0,0) size 3x11
                RenderText {#text} at (0,0) size 3x11
                  text run at (0,0) width 3: " "
            RenderTableCell {TD} at (27,336) size 9x12 [bgcolor=#FDFDFB] [r=28 c=3 rs=1 cs=1]
              RenderInline {FONT} at (0,0) size 3x11
                RenderText {#text} at (0,0) size 3x11
                  text run at (0,0) width 3: " "
            RenderTableCell {TD} at (36,336) size 9x12 [bgcolor=#FDFDFB] [r=28 c=4 rs=1 cs=1]
              RenderInline {FONT} at (0,0) size 3x11
                RenderText {#text} at (0,0) size 3x11
                  text run at (0,0) width 3: " "
            RenderTableCell {TD} at (45,336) size 9x12 [bgcolor=#FDFDFB] [r=28 c=5 rs=1 cs=1]
              RenderInline {FONT} at (0,0) size 3x11
                RenderText {#text} at (0,0) size 3x11
                  text run at (0,0) width 3: " "
            RenderTableCell {TD} at (54,336) size 9x12 [bgcolor=#FDFDFB] [r=28 c=6 rs=1 cs=1]
              RenderInline {FONT} at (0,0) size 3x11
                RenderText {#text} at (0,0) size 3x11
                  text run at (0,0) width 3: " "
            RenderTableCell {TD} at (63,336) size 9x12 [bgcolor=#FDFDFB] [r=28 c=7 rs=1 cs=1]
              RenderInline {FONT} at (0,0) size 3x11
                RenderText {#text} at (0,0) size 3x11
                  text run at (0,0) width 3: " "
            RenderTableCell {TD} at (72,336) size 9x12 [bgcolor=#FDFDFB] [r=28 c=8 rs=1 cs=1]
              RenderInline {FONT} at (0,0) size 3x11
                RenderText {#text} at (0,0) size 3x11
                  text run at (0,0) width 3: " "
            RenderTableCell {TD} at (81,336) size 9x12 [bgcolor=#FDFDFB] [r=28 c=9 rs=1 cs=1]
              RenderInline {FONT} at (0,0) size 3x11
                RenderText {#text} at (0,0) size 3x11
                  text run at (0,0) width 3: " "
            RenderTableCell {TD} at (90,336) size 9x12 [bgcolor=#FDFDFB] [r=28 c=10 rs=1 cs=1]
              RenderInline {FONT} at (0,0) size 3x11
                RenderText {#text} at (0,0) size 3x11
                  text run at (0,0) width 3: " "
            RenderTableCell {TD} at (99,336) size 9x12 [bgcolor=#FDFDFB] [r=28 c=11 rs=1 cs=1]
              RenderInline {FONT} at (0,0) size 3x11
                RenderText {#text} at (0,0) size 3x11
                  text run at (0,0) width 3: " "
            RenderTableCell {TD} at (108,336) size 9x12 [bgcolor=#FDFDFB] [r=28 c=12 rs=1 cs=1]
              RenderInline {FONT} at (0,0) size 3x11
                RenderText {#text} at (0,0) size 3x11
                  text run at (0,0) width 3: " "
            RenderTableCell {TD} at (117,336) size 9x12 [bgcolor=#FDFDFB] [r=28 c=13 rs=1 cs=1]
              RenderInline {FONT} at (0,0) size 3x11
                RenderText {#text} at (0,0) size 3x11
                  text run at (0,0) width 3: " "
            RenderTableCell {TD} at (126,336) size 9x12 [bgcolor=#FDFDFB] [r=28 c=14 rs=1 cs=1]
              RenderInline {FONT} at (0,0) size 3x11
                RenderText {#text} at (0,0) size 3x11
                  text run at (0,0) width 3: " "
            RenderTableCell {TD} at (135,336) size 9x12 [bgcolor=#FDFDFB] [r=28 c=15 rs=1 cs=1]
              RenderInline {FONT} at (0,0) size 3x11
                RenderText {#text} at (0,0) size 3x11
                  text run at (0,0) width 3: " "
            RenderTableCell {TD} at (144,336) size 9x12 [bgcolor=#FDFDFB] [r=28 c=16 rs=1 cs=1]
              RenderInline {FONT} at (0,0) size 3x11
                RenderText {#text} at (0,0) size 3x11
                  text run at (0,0) width 3: " "
            RenderTableCell {TD} at (153,336) size 9x12 [bgcolor=#FDFDFB] [r=28 c=17 rs=1 cs=1]
              RenderInline {FONT} at (0,0) size 3x11
                RenderText {#text} at (0,0) size 3x11
                  text run at (0,0) width 3: " "
            RenderTableCell {TD} at (162,336) size 9x12 [bgcolor=#FDFDFB] [r=28 c=18 rs=1 cs=1]
              RenderInline {FONT} at (0,0) size 3x11
                RenderText {#text} at (0,0) size 3x11
                  text run at (0,0) width 3: " "
            RenderTableCell {TD} at (171,336) size 9x12 [bgcolor=#FDFDFB] [r=28 c=19 rs=1 cs=1]
              RenderInline {FONT} at (0,0) size 3x11
                RenderText {#text} at (0,0) size 3x11
                  text run at (0,0) width 3: " "
            RenderTableCell {TD} at (180,336) size 9x12 [bgcolor=#FDFDFB] [r=28 c=20 rs=1 cs=1]
              RenderInline {FONT} at (0,0) size 3x11
                RenderText {#text} at (0,0) size 3x11
                  text run at (0,0) width 3: " "
            RenderTableCell {TD} at (189,336) size 9x12 [bgcolor=#FDFDFB] [r=28 c=21 rs=1 cs=1]
              RenderInline {FONT} at (0,0) size 3x11
                RenderText {#text} at (0,0) size 3x11
                  text run at (0,0) width 3: " "
            RenderTableCell {TD} at (198,336) size 9x12 [bgcolor=#FDFDFB] [r=28 c=22 rs=1 cs=1]
              RenderInline {FONT} at (0,0) size 3x11
                RenderText {#text} at (0,0) size 3x11
                  text run at (0,0) width 3: " "
            RenderTableCell {TD} at (207,336) size 9x12 [bgcolor=#FDFDFB] [r=28 c=23 rs=1 cs=1]
              RenderInline {FONT} at (0,0) size 3x11
                RenderText {#text} at (0,0) size 3x11
                  text run at (0,0) width 3: " "
            RenderTableCell {TD} at (216,336) size 9x12 [bgcolor=#FDFDFB] [r=28 c=24 rs=1 cs=1]
              RenderInline {FONT} at (0,0) size 3x11
                RenderText {#text} at (0,0) size 3x11
                  text run at (0,0) width 3: " "
            RenderTableCell {TD} at (225,336) size 9x12 [bgcolor=#FDFDFB] [r=28 c=25 rs=1 cs=1]
              RenderInline {FONT} at (0,0) size 3x11
                RenderText {#text} at (0,0) size 3x11
                  text run at (0,0) width 3: " "
            RenderTableCell {TD} at (234,336) size 9x12 [bgcolor=#FDFDFB] [r=28 c=26 rs=1 cs=1]
              RenderInline {FONT} at (0,0) size 3x11
                RenderText {#text} at (0,0) size 3x11
                  text run at (0,0) width 3: " "
            RenderTableCell {TD} at (243,336) size 9x12 [bgcolor=#FDFDFB] [r=28 c=27 rs=1 cs=1]
              RenderInline {FONT} at (0,0) size 3x11
                RenderText {#text} at (0,0) size 3x11
                  text run at (0,0) width 3: " "
            RenderTableCell {TD} at (252,336) size 9x12 [bgcolor=#FDFDFB] [r=28 c=28 rs=1 cs=1]
              RenderInline {FONT} at (0,0) size 3x11
                RenderText {#text} at (0,0) size 3x11
                  text run at (0,0) width 3: " "
            RenderTableCell {TD} at (261,336) size 9x12 [bgcolor=#FDFDFB] [r=28 c=29 rs=1 cs=1]
              RenderInline {FONT} at (0,0) size 3x11
                RenderText {#text} at (0,0) size 3x11
                  text run at (0,0) width 3: " "
            RenderTableCell {TD} at (270,336) size 9x12 [bgcolor=#FDFDFB] [r=28 c=30 rs=1 cs=1]
              RenderInline {FONT} at (0,0) size 3x11
                RenderText {#text} at (0,0) size 3x11
                  text run at (0,0) width 3: " "
            RenderTableCell {TD} at (279,336) size 9x12 [bgcolor=#FDFDFB] [r=28 c=31 rs=1 cs=1]
              RenderInline {FONT} at (0,0) size 3x11
                RenderText {#text} at (0,0) size 3x11
                  text run at (0,0) width 3: " "
            RenderTableCell {TD} at (288,336) size 9x12 [bgcolor=#FDFDFB] [r=28 c=32 rs=1 cs=1]
              RenderInline {FONT} at (0,0) size 3x11
                RenderText {#text} at (0,0) size 3x11
                  text run at (0,0) width 3: " "
            RenderTableCell {TD} at (297,336) size 9x12 [bgcolor=#FDFDFB] [r=28 c=33 rs=1 cs=1]
              RenderInline {FONT} at (0,0) size 3x11
                RenderText {#text} at (0,0) size 3x11
                  text run at (0,0) width 3: " "
            RenderTableCell {TD} at (306,336) size 9x12 [bgcolor=#FDFDFB] [r=28 c=34 rs=1 cs=1]
              RenderInline {FONT} at (0,0) size 3x11
                RenderText {#text} at (0,0) size 3x11
                  text run at (0,0) width 3: " "
            RenderTableCell {TD} at (315,336) size 9x12 [bgcolor=#FDFDFB] [r=28 c=35 rs=1 cs=1]
              RenderInline {FONT} at (0,0) size 3x11
                RenderText {#text} at (0,0) size 3x11
                  text run at (0,0) width 3: " "
            RenderTableCell {TD} at (324,336) size 10x12 [bgcolor=#FDFDFB] [r=28 c=36 rs=1 cs=1]
              RenderInline {FONT} at (0,0) size 3x11
                RenderText {#text} at (0,0) size 3x11
                  text run at (0,0) width 3: " "
            RenderTableCell {TD} at (334,336) size 10x12 [bgcolor=#FDFDFB] [r=28 c=37 rs=1 cs=1]
              RenderInline {FONT} at (0,0) size 3x11
                RenderText {#text} at (0,0) size 3x11
                  text run at (0,0) width 3: " "
            RenderTableCell {TD} at (344,336) size 10x12 [bgcolor=#FDFDFB] [r=28 c=38 rs=1 cs=1]
              RenderInline {FONT} at (0,0) size 3x11
                RenderText {#text} at (0,0) size 3x11
                  text run at (0,0) width 3: " "
            RenderTableCell {TD} at (354,336) size 10x12 [bgcolor=#FDFDFB] [r=28 c=39 rs=1 cs=1]
              RenderInline {FONT} at (0,0) size 3x11
                RenderText {#text} at (0,0) size 3x11
                  text run at (0,0) width 3: " "
            RenderTableCell {TD} at (364,336) size 10x12 [bgcolor=#FDFDFB] [r=28 c=40 rs=1 cs=1]
              RenderInline {FONT} at (0,0) size 3x11
                RenderText {#text} at (0,0) size 3x11
                  text run at (0,0) width 3: " "
            RenderTableCell {TD} at (374,336) size 10x12 [bgcolor=#FDFDFB] [r=28 c=41 rs=1 cs=1]
              RenderInline {FONT} at (0,0) size 3x11
                RenderText {#text} at (0,0) size 3x11
                  text run at (0,0) width 3: " "
            RenderTableCell {TD} at (384,336) size 10x12 [bgcolor=#FDFDFB] [r=28 c=42 rs=1 cs=1]
              RenderInline {FONT} at (0,0) size 3x11
                RenderText {#text} at (0,0) size 3x11
                  text run at (0,0) width 3: " "
            RenderTableCell {TD} at (394,336) size 10x12 [bgcolor=#FDFDFB] [r=28 c=43 rs=1 cs=1]
              RenderInline {FONT} at (0,0) size 3x11
                RenderText {#text} at (0,0) size 3x11
                  text run at (0,0) width 3: " "
            RenderTableCell {TD} at (404,336) size 10x12 [bgcolor=#FDFDFB] [r=28 c=44 rs=1 cs=1]
              RenderInline {FONT} at (0,0) size 3x11
                RenderText {#text} at (0,0) size 3x11
                  text run at (0,0) width 3: " "
            RenderTableCell {TD} at (414,336) size 10x12 [bgcolor=#FDFDFB] [r=28 c=45 rs=1 cs=1]
              RenderInline {FONT} at (0,0) size 3x11
                RenderText {#text} at (0,0) size 3x11
                  text run at (0,0) width 3: " "
            RenderTableCell {TD} at (424,336) size 10x12 [bgcolor=#FDFDFB] [r=28 c=46 rs=1 cs=1]
              RenderInline {FONT} at (0,0) size 3x11
                RenderText {#text} at (0,0) size 3x11
                  text run at (0,0) width 3: " "
            RenderTableCell {TD} at (434,336) size 10x12 [bgcolor=#FDFDFB] [r=28 c=47 rs=1 cs=1]
              RenderInline {FONT} at (0,0) size 3x11
                RenderText {#text} at (0,0) size 3x11
                  text run at (0,0) width 3: " "
            RenderTableCell {TD} at (444,336) size 10x12 [bgcolor=#FDFDFB] [r=28 c=48 rs=1 cs=1]
              RenderInline {FONT} at (0,0) size 3x11
                RenderText {#text} at (0,0) size 3x11
                  text run at (0,0) width 3: " "
            RenderTableCell {TD} at (454,336) size 10x12 [bgcolor=#FDFDFB] [r=28 c=49 rs=1 cs=1]
              RenderInline {FONT} at (0,0) size 3x11
                RenderText {#text} at (0,0) size 3x11
                  text run at (0,0) width 3: " "
            RenderTableCell {TD} at (464,336) size 10x12 [bgcolor=#FDFDFB] [r=28 c=50 rs=1 cs=1]
              RenderInline {FONT} at (0,0) size 3x11
                RenderText {#text} at (0,0) size 3x11
                  text run at (0,0) width 3: " "
            RenderTableCell {TD} at (474,336) size 10x12 [bgcolor=#FDFDFB] [r=28 c=51 rs=1 cs=1]
              RenderInline {FONT} at (0,0) size 3x11
                RenderText {#text} at (0,0) size 3x11
                  text run at (0,0) width 3: " "
            RenderTableCell {TD} at (484,336) size 10x12 [bgcolor=#FDFDFB] [r=28 c=52 rs=1 cs=1]
              RenderInline {FONT} at (0,0) size 3x11
                RenderText {#text} at (0,0) size 3x11
                  text run at (0,0) width 3: " "
            RenderTableCell {TD} at (494,336) size 10x12 [bgcolor=#FDFDFB] [r=28 c=53 rs=1 cs=1]
              RenderInline {FONT} at (0,0) size 3x11
                RenderText {#text} at (0,0) size 3x11
                  text run at (0,0) width 3: " "
            RenderTableCell {TD} at (504,336) size 10x12 [bgcolor=#FDFDFB] [r=28 c=54 rs=1 cs=1]
              RenderInline {FONT} at (0,0) size 3x11
                RenderText {#text} at (0,0) size 3x11
                  text run at (0,0) width 3: " "
            RenderTableCell {TD} at (514,336) size 10x12 [bgcolor=#FDFDFB] [r=28 c=55 rs=1 cs=1]
              RenderInline {FONT} at (0,0) size 3x11
                RenderText {#text} at (0,0) size 3x11
                  text run at (0,0) width 3: " "
            RenderTableCell {TD} at (524,336) size 10x12 [bgcolor=#FDFDFB] [r=28 c=56 rs=1 cs=1]
              RenderInline {FONT} at (0,0) size 3x11
                RenderText {#text} at (0,0) size 3x11
                  text run at (0,0) width 3: " "
            RenderTableCell {TD} at (534,336) size 10x12 [bgcolor=#FDFDFB] [r=28 c=57 rs=1 cs=1]
              RenderInline {FONT} at (0,0) size 3x11
                RenderText {#text} at (0,0) size 3x11
                  text run at (0,0) width 3: " "
            RenderTableCell {TD} at (544,336) size 10x12 [bgcolor=#FDFDFB] [r=28 c=58 rs=1 cs=1]
              RenderInline {FONT} at (0,0) size 3x11
                RenderText {#text} at (0,0) size 3x11
                  text run at (0,0) width 3: " "
            RenderTableCell {TD} at (554,336) size 10x12 [bgcolor=#FDFDFB] [r=28 c=59 rs=1 cs=1]
              RenderInline {FONT} at (0,0) size 3x11
                RenderText {#text} at (0,0) size 3x11
                  text run at (0,0) width 3: " "
            RenderTableCell {TD} at (564,336) size 10x12 [bgcolor=#FDFDFB] [r=28 c=60 rs=1 cs=1]
              RenderInline {FONT} at (0,0) size 3x11
                RenderText {#text} at (0,0) size 3x11
                  text run at (0,0) width 3: " "
            RenderTableCell {TD} at (574,336) size 10x12 [bgcolor=#FDFDFB] [r=28 c=61 rs=1 cs=1]
              RenderInline {FONT} at (0,0) size 3x11
                RenderText {#text} at (0,0) size 3x11
                  text run at (0,0) width 3: " "
            RenderTableCell {TD} at (584,336) size 10x12 [bgcolor=#FDFDFB] [r=28 c=62 rs=1 cs=1]
              RenderInline {FONT} at (0,0) size 3x11
                RenderText {#text} at (0,0) size 3x11
                  text run at (0,0) width 3: " "
            RenderTableCell {TD} at (594,336) size 10x12 [bgcolor=#FDFDFB] [r=28 c=63 rs=1 cs=1]
              RenderInline {FONT} at (0,0) size 3x11
                RenderText {#text} at (0,0) size 3x11
                  text run at (0,0) width 3: " "
            RenderTableCell {TD} at (604,336) size 10x12 [bgcolor=#FDFDFB] [r=28 c=64 rs=1 cs=1]
              RenderInline {FONT} at (0,0) size 3x11
                RenderText {#text} at (0,0) size 3x11
                  text run at (0,0) width 3: " "
            RenderTableCell {TD} at (614,336) size 10x12 [bgcolor=#97C1C0] [r=28 c=65 rs=1 cs=1]
              RenderInline {FONT} at (0,0) size 3x11
                RenderText {#text} at (0,0) size 3x11
                  text run at (0,0) width 3: " "
            RenderTableCell {TD} at (624,336) size 10x12 [bgcolor=#048485] [r=28 c=66 rs=1 cs=1]
              RenderInline {FONT} at (0,0) size 3x11
                RenderText {#text} at (0,0) size 3x11
                  text run at (0,0) width 3: " "
            RenderTableCell {TD} at (634,336) size 10x12 [bgcolor=#027777] [r=28 c=67 rs=1 cs=1]
              RenderInline {FONT} at (0,0) size 3x11
                RenderText {#text} at (0,0) size 3x11
                  text run at (0,0) width 3: " "
            RenderTableCell {TD} at (644,336) size 10x12 [bgcolor=#027777] [r=28 c=68 rs=1 cs=1]
              RenderInline {FONT} at (0,0) size 3x11
                RenderText {#text} at (0,0) size 3x11
                  text run at (0,0) width 3: " "
            RenderTableCell {TD} at (654,336) size 10x12 [bgcolor=#027777] [r=28 c=69 rs=1 cs=1]
              RenderInline {FONT} at (0,0) size 3x11
                RenderText {#text} at (0,0) size 3x11
                  text run at (0,0) width 3: " "
            RenderTableCell {TD} at (664,336) size 10x12 [bgcolor=#027777] [r=28 c=70 rs=1 cs=1]
              RenderInline {FONT} at (0,0) size 3x11
                RenderText {#text} at (0,0) size 3x11
                  text run at (0,0) width 3: " "
            RenderTableCell {TD} at (674,336) size 10x12 [bgcolor=#027777] [r=28 c=71 rs=1 cs=1]
              RenderInline {FONT} at (0,0) size 3x11
                RenderText {#text} at (0,0) size 3x11
                  text run at (0,0) width 3: " "
            RenderTableCell {TD} at (684,336) size 10x12 [bgcolor=#027777] [r=28 c=72 rs=1 cs=1]
              RenderInline {FONT} at (0,0) size 3x11
                RenderText {#text} at (0,0) size 3x11
                  text run at (0,0) width 3: " "
            RenderTableCell {TD} at (694,336) size 10x12 [bgcolor=#027777] [r=28 c=73 rs=1 cs=1]
              RenderInline {FONT} at (0,0) size 3x11
                RenderText {#text} at (0,0) size 3x11
                  text run at (0,0) width 3: " "
            RenderTableCell {TD} at (704,336) size 10x12 [bgcolor=#048485] [r=28 c=74 rs=1 cs=1]
              RenderInline {FONT} at (0,0) size 3x11
                RenderText {#text} at (0,0) size 3x11
                  text run at (0,0) width 3: " "
            RenderTableCell {TD} at (714,336) size 10x12 [bgcolor=#048485] [r=28 c=75 rs=1 cs=1]
              RenderInline {FONT} at (0,0) size 3x11
                RenderText {#text} at (0,0) size 3x11
                  text run at (0,0) width 3: " "
            RenderTableCell {TD} at (724,336) size 10x12 [bgcolor=#048485] [r=28 c=76 rs=1 cs=1]
              RenderInline {FONT} at (0,0) size 3x11
                RenderText {#text} at (0,0) size 3x11
                  text run at (0,0) width 3: " "
            RenderTableCell {TD} at (734,336) size 10x12 [bgcolor=#027777] [r=28 c=77 rs=1 cs=1]
              RenderInline {FONT} at (0,0) size 3x11
                RenderText {#text} at (0,0) size 3x11
                  text run at (0,0) width 3: " "
            RenderTableCell {TD} at (744,336) size 10x12 [bgcolor=#026766] [r=28 c=78 rs=1 cs=1]
              RenderInline {FONT} at (0,0) size 3x11
                RenderText {#text} at (0,0) size 3x11
                  text run at (0,0) width 3: " "
            RenderTableCell {TD} at (754,336) size 10x12 [bgcolor=#026766] [r=28 c=79 rs=1 cs=1]
              RenderInline {FONT} at (0,0) size 3x11
                RenderText {#text} at (0,0) size 3x11
                  text run at (0,0) width 3: " "
            RenderTableCell {TD} at (764,336) size 10x12 [bgcolor=#026766] [r=28 c=80 rs=1 cs=1]
              RenderInline {FONT} at (0,0) size 3x11
                RenderText {#text} at (0,0) size 3x11
                  text run at (0,0) width 3: " "
            RenderTableCell {TD} at (774,336) size 10x12 [bgcolor=#025E5E] [r=28 c=81 rs=1 cs=1]
              RenderInline {FONT} at (0,0) size 3x11
                RenderText {#text} at (0,0) size 3x11
                  text run at (0,0) width 3: " "
            RenderTableCell {TD} at (784,336) size 10x12 [bgcolor=#025E5E] [r=28 c=82 rs=1 cs=1]
              RenderInline {FONT} at (0,0) size 3x11
                RenderText {#text} at (0,0) size 3x11
                  text run at (0,0) width 3: " "
            RenderTableCell {TD} at (794,336) size 10x12 [bgcolor=#025E5E] [r=28 c=83 rs=1 cs=1]
              RenderInline {FONT} at (0,0) size 3x11
                RenderText {#text} at (0,0) size 3x11
                  text run at (0,0) width 3: " "
            RenderTableCell {TD} at (804,336) size 10x12 [bgcolor=#025E5E] [r=28 c=84 rs=1 cs=1]
              RenderInline {FONT} at (0,0) size 3x11
                RenderText {#text} at (0,0) size 3x11
                  text run at (0,0) width 3: " "
            RenderTableCell {TD} at (814,336) size 10x12 [bgcolor=#025E5E] [r=28 c=85 rs=1 cs=1]
              RenderInline {FONT} at (0,0) size 3x11
                RenderText {#text} at (0,0) size 3x11
                  text run at (0,0) width 3: " "
            RenderTableCell {TD} at (824,336) size 10x12 [bgcolor=#025E5E] [r=28 c=86 rs=1 cs=1]
              RenderInline {FONT} at (0,0) size 3x11
                RenderText {#text} at (0,0) size 3x11
                  text run at (0,0) width 3: " "
            RenderTableCell {TD} at (834,336) size 10x12 [bgcolor=#025E5E] [r=28 c=87 rs=1 cs=1]
              RenderInline {FONT} at (0,0) size 3x11
                RenderText {#text} at (0,0) size 3x11
                  text run at (0,0) width 3: " "
            RenderTableCell {TD} at (844,336) size 10x12 [bgcolor=#044F4F] [r=28 c=88 rs=1 cs=1]
              RenderInline {FONT} at (0,0) size 3x11
                RenderText {#text} at (0,0) size 3x11
                  text run at (0,0) width 3: " "
            RenderTableCell {TD} at (854,336) size 10x12 [bgcolor=#044140] [r=28 c=89 rs=1 cs=1]
              RenderInline {FONT} at (0,0) size 3x11
                RenderText {#text} at (0,0) size 3x11
                  text run at (0,0) width 3: " "
            RenderTableCell {TD} at (864,336) size 10x12 [bgcolor=#083131] [r=28 c=90 rs=1 cs=1]
              RenderInline {FONT} at (0,0) size 3x11
                RenderText {#text} at (0,0) size 3x11
                  text run at (0,0) width 3: " "
            RenderTableCell {TD} at (874,336) size 10x12 [bgcolor=#072323] [r=28 c=91 rs=1 cs=1]
              RenderInline {FONT} at (0,0) size 3x11
                RenderText {#text} at (0,0) size 3x11
                  text run at (0,0) width 3: " "
            RenderTableCell {TD} at (884,336) size 10x12 [bgcolor=#4D4F4F] [r=28 c=92 rs=1 cs=1]
              RenderInline {FONT} at (0,0) size 3x11
                RenderText {#text} at (0,0) size 3x11
                  text run at (0,0) width 3: " "
            RenderTableCell {TD} at (894,336) size 10x12 [bgcolor=#777878] [r=28 c=93 rs=1 cs=1]
              RenderInline {FONT} at (0,0) size 3x11
                RenderText {#text} at (0,0) size 3x11
                  text run at (0,0) width 3: " "
            RenderTableCell {TD} at (904,336) size 10x12 [bgcolor=#A5A6A6] [r=28 c=94 rs=1 cs=1]
              RenderInline {FONT} at (0,0) size 3x11
                RenderText {#text} at (0,0) size 3x11
                  text run at (0,0) width 3: " "
            RenderTableCell {TD} at (914,336) size 10x12 [bgcolor=#DEDFDF] [r=28 c=95 rs=1 cs=1]
              RenderInline {FONT} at (0,0) size 3x11
                RenderText {#text} at (0,0) size 3x11
                  text run at (0,0) width 3: " "
            RenderTableCell {TD} at (924,336) size 10x12 [bgcolor=#EDEEEF] [r=28 c=96 rs=1 cs=1]
              RenderInline {FONT} at (0,0) size 3x11
                RenderText {#text} at (0,0) size 3x11
                  text run at (0,0) width 3: " "
            RenderTableCell {TD} at (934,336) size 10x12 [bgcolor=#FDFDFB] [r=28 c=97 rs=1 cs=1]
              RenderInline {FONT} at (0,0) size 3x11
                RenderText {#text} at (0,0) size 3x11
                  text run at (0,0) width 3: " "
            RenderTableCell {TD} at (944,336) size 10x12 [bgcolor=#FDFDFB] [r=28 c=98 rs=1 cs=1]
              RenderInline {FONT} at (0,0) size 3x11
                RenderText {#text} at (0,0) size 3x11
                  text run at (0,0) width 3: " "
            RenderTableCell {TD} at (954,336) size 10x12 [bgcolor=#FDFDFB] [r=28 c=99 rs=1 cs=1]
              RenderInline {FONT} at (0,0) size 3x11
                RenderText {#text} at (0,0) size 3x11
                  text run at (0,0) width 3: " "
          RenderTableRow {TR} at (0,348) size 964x12
            RenderTableCell {TD} at (0,348) size 9x12 [bgcolor=#FDFDFB] [r=29 c=0 rs=1 cs=1]
              RenderInline {FONT} at (0,0) size 3x11
                RenderText {#text} at (0,0) size 3x11
                  text run at (0,0) width 3: " "
            RenderTableCell {TD} at (9,348) size 9x12 [bgcolor=#FDFDFB] [r=29 c=1 rs=1 cs=1]
              RenderInline {FONT} at (0,0) size 3x11
                RenderText {#text} at (0,0) size 3x11
                  text run at (0,0) width 3: " "
            RenderTableCell {TD} at (18,348) size 9x12 [bgcolor=#FDFDFB] [r=29 c=2 rs=1 cs=1]
              RenderInline {FONT} at (0,0) size 3x11
                RenderText {#text} at (0,0) size 3x11
                  text run at (0,0) width 3: " "
            RenderTableCell {TD} at (27,348) size 9x12 [bgcolor=#FDFDFB] [r=29 c=3 rs=1 cs=1]
              RenderInline {FONT} at (0,0) size 3x11
                RenderText {#text} at (0,0) size 3x11
                  text run at (0,0) width 3: " "
            RenderTableCell {TD} at (36,348) size 9x12 [bgcolor=#FDFDFB] [r=29 c=4 rs=1 cs=1]
              RenderInline {FONT} at (0,0) size 3x11
                RenderText {#text} at (0,0) size 3x11
                  text run at (0,0) width 3: " "
            RenderTableCell {TD} at (45,348) size 9x12 [bgcolor=#FDFDFB] [r=29 c=5 rs=1 cs=1]
              RenderInline {FONT} at (0,0) size 3x11
                RenderText {#text} at (0,0) size 3x11
                  text run at (0,0) width 3: " "
            RenderTableCell {TD} at (54,348) size 9x12 [bgcolor=#FDFDFB] [r=29 c=6 rs=1 cs=1]
              RenderInline {FONT} at (0,0) size 3x11
                RenderText {#text} at (0,0) size 3x11
                  text run at (0,0) width 3: " "
            RenderTableCell {TD} at (63,348) size 9x12 [bgcolor=#FDFDFB] [r=29 c=7 rs=1 cs=1]
              RenderInline {FONT} at (0,0) size 3x11
                RenderText {#text} at (0,0) size 3x11
                  text run at (0,0) width 3: " "
            RenderTableCell {TD} at (72,348) size 9x12 [bgcolor=#FDFDFB] [r=29 c=8 rs=1 cs=1]
              RenderInline {FONT} at (0,0) size 3x11
                RenderText {#text} at (0,0) size 3x11
                  text run at (0,0) width 3: " "
            RenderTableCell {TD} at (81,348) size 9x12 [bgcolor=#FDFDFB] [r=29 c=9 rs=1 cs=1]
              RenderInline {FONT} at (0,0) size 3x11
                RenderText {#text} at (0,0) size 3x11
                  text run at (0,0) width 3: " "
            RenderTableCell {TD} at (90,348) size 9x12 [bgcolor=#FDFDFB] [r=29 c=10 rs=1 cs=1]
              RenderInline {FONT} at (0,0) size 3x11
                RenderText {#text} at (0,0) size 3x11
                  text run at (0,0) width 3: " "
            RenderTableCell {TD} at (99,348) size 9x12 [bgcolor=#FDFDFB] [r=29 c=11 rs=1 cs=1]
              RenderInline {FONT} at (0,0) size 3x11
                RenderText {#text} at (0,0) size 3x11
                  text run at (0,0) width 3: " "
            RenderTableCell {TD} at (108,348) size 9x12 [bgcolor=#FDFDFB] [r=29 c=12 rs=1 cs=1]
              RenderInline {FONT} at (0,0) size 3x11
                RenderText {#text} at (0,0) size 3x11
                  text run at (0,0) width 3: " "
            RenderTableCell {TD} at (117,348) size 9x12 [bgcolor=#FDFDFB] [r=29 c=13 rs=1 cs=1]
              RenderInline {FONT} at (0,0) size 3x11
                RenderText {#text} at (0,0) size 3x11
                  text run at (0,0) width 3: " "
            RenderTableCell {TD} at (126,348) size 9x12 [bgcolor=#FDFDFB] [r=29 c=14 rs=1 cs=1]
              RenderInline {FONT} at (0,0) size 3x11
                RenderText {#text} at (0,0) size 3x11
                  text run at (0,0) width 3: " "
            RenderTableCell {TD} at (135,348) size 9x12 [bgcolor=#FDFDFB] [r=29 c=15 rs=1 cs=1]
              RenderInline {FONT} at (0,0) size 3x11
                RenderText {#text} at (0,0) size 3x11
                  text run at (0,0) width 3: " "
            RenderTableCell {TD} at (144,348) size 9x12 [bgcolor=#FDFDFB] [r=29 c=16 rs=1 cs=1]
              RenderInline {FONT} at (0,0) size 3x11
                RenderText {#text} at (0,0) size 3x11
                  text run at (0,0) width 3: " "
            RenderTableCell {TD} at (153,348) size 9x12 [bgcolor=#FDFDFB] [r=29 c=17 rs=1 cs=1]
              RenderInline {FONT} at (0,0) size 3x11
                RenderText {#text} at (0,0) size 3x11
                  text run at (0,0) width 3: " "
            RenderTableCell {TD} at (162,348) size 9x12 [bgcolor=#FDFDFB] [r=29 c=18 rs=1 cs=1]
              RenderInline {FONT} at (0,0) size 3x11
                RenderText {#text} at (0,0) size 3x11
                  text run at (0,0) width 3: " "
            RenderTableCell {TD} at (171,348) size 9x12 [bgcolor=#FDFDFB] [r=29 c=19 rs=1 cs=1]
              RenderInline {FONT} at (0,0) size 3x11
                RenderText {#text} at (0,0) size 3x11
                  text run at (0,0) width 3: " "
            RenderTableCell {TD} at (180,348) size 9x12 [bgcolor=#FDFDFB] [r=29 c=20 rs=1 cs=1]
              RenderInline {FONT} at (0,0) size 3x11
                RenderText {#text} at (0,0) size 3x11
                  text run at (0,0) width 3: " "
            RenderTableCell {TD} at (189,348) size 9x12 [bgcolor=#FDFDFB] [r=29 c=21 rs=1 cs=1]
              RenderInline {FONT} at (0,0) size 3x11
                RenderText {#text} at (0,0) size 3x11
                  text run at (0,0) width 3: " "
            RenderTableCell {TD} at (198,348) size 9x12 [bgcolor=#FDFDFB] [r=29 c=22 rs=1 cs=1]
              RenderInline {FONT} at (0,0) size 3x11
                RenderText {#text} at (0,0) size 3x11
                  text run at (0,0) width 3: " "
            RenderTableCell {TD} at (207,348) size 9x12 [bgcolor=#FDFDFB] [r=29 c=23 rs=1 cs=1]
              RenderInline {FONT} at (0,0) size 3x11
                RenderText {#text} at (0,0) size 3x11
                  text run at (0,0) width 3: " "
            RenderTableCell {TD} at (216,348) size 9x12 [bgcolor=#FDFDFB] [r=29 c=24 rs=1 cs=1]
              RenderInline {FONT} at (0,0) size 3x11
                RenderText {#text} at (0,0) size 3x11
                  text run at (0,0) width 3: " "
            RenderTableCell {TD} at (225,348) size 9x12 [bgcolor=#FDFDFB] [r=29 c=25 rs=1 cs=1]
              RenderInline {FONT} at (0,0) size 3x11
                RenderText {#text} at (0,0) size 3x11
                  text run at (0,0) width 3: " "
            RenderTableCell {TD} at (234,348) size 9x12 [bgcolor=#FDFDFB] [r=29 c=26 rs=1 cs=1]
              RenderInline {FONT} at (0,0) size 3x11
                RenderText {#text} at (0,0) size 3x11
                  text run at (0,0) width 3: " "
            RenderTableCell {TD} at (243,348) size 9x12 [bgcolor=#FDFDFB] [r=29 c=27 rs=1 cs=1]
              RenderInline {FONT} at (0,0) size 3x11
                RenderText {#text} at (0,0) size 3x11
                  text run at (0,0) width 3: " "
            RenderTableCell {TD} at (252,348) size 9x12 [bgcolor=#FDFDFB] [r=29 c=28 rs=1 cs=1]
              RenderInline {FONT} at (0,0) size 3x11
                RenderText {#text} at (0,0) size 3x11
                  text run at (0,0) width 3: " "
            RenderTableCell {TD} at (261,348) size 9x12 [bgcolor=#FDFDFB] [r=29 c=29 rs=1 cs=1]
              RenderInline {FONT} at (0,0) size 3x11
                RenderText {#text} at (0,0) size 3x11
                  text run at (0,0) width 3: " "
            RenderTableCell {TD} at (270,348) size 9x12 [bgcolor=#FDFDFB] [r=29 c=30 rs=1 cs=1]
              RenderInline {FONT} at (0,0) size 3x11
                RenderText {#text} at (0,0) size 3x11
                  text run at (0,0) width 3: " "
            RenderTableCell {TD} at (279,348) size 9x12 [bgcolor=#FDFDFB] [r=29 c=31 rs=1 cs=1]
              RenderInline {FONT} at (0,0) size 3x11
                RenderText {#text} at (0,0) size 3x11
                  text run at (0,0) width 3: " "
            RenderTableCell {TD} at (288,348) size 9x12 [bgcolor=#FDFDFB] [r=29 c=32 rs=1 cs=1]
              RenderInline {FONT} at (0,0) size 3x11
                RenderText {#text} at (0,0) size 3x11
                  text run at (0,0) width 3: " "
            RenderTableCell {TD} at (297,348) size 9x12 [bgcolor=#FDFDFB] [r=29 c=33 rs=1 cs=1]
              RenderInline {FONT} at (0,0) size 3x11
                RenderText {#text} at (0,0) size 3x11
                  text run at (0,0) width 3: " "
            RenderTableCell {TD} at (306,348) size 9x12 [bgcolor=#FDFDFB] [r=29 c=34 rs=1 cs=1]
              RenderInline {FONT} at (0,0) size 3x11
                RenderText {#text} at (0,0) size 3x11
                  text run at (0,0) width 3: " "
            RenderTableCell {TD} at (315,348) size 9x12 [bgcolor=#FDFDFB] [r=29 c=35 rs=1 cs=1]
              RenderInline {FONT} at (0,0) size 3x11
                RenderText {#text} at (0,0) size 3x11
                  text run at (0,0) width 3: " "
            RenderTableCell {TD} at (324,348) size 10x12 [bgcolor=#FDFDFB] [r=29 c=36 rs=1 cs=1]
              RenderInline {FONT} at (0,0) size 3x11
                RenderText {#text} at (0,0) size 3x11
                  text run at (0,0) width 3: " "
            RenderTableCell {TD} at (334,348) size 10x12 [bgcolor=#FDFDFB] [r=29 c=37 rs=1 cs=1]
              RenderInline {FONT} at (0,0) size 3x11
                RenderText {#text} at (0,0) size 3x11
                  text run at (0,0) width 3: " "
            RenderTableCell {TD} at (344,348) size 10x12 [bgcolor=#FDFDFB] [r=29 c=38 rs=1 cs=1]
              RenderInline {FONT} at (0,0) size 3x11
                RenderText {#text} at (0,0) size 3x11
                  text run at (0,0) width 3: " "
            RenderTableCell {TD} at (354,348) size 10x12 [bgcolor=#FDFDFB] [r=29 c=39 rs=1 cs=1]
              RenderInline {FONT} at (0,0) size 3x11
                RenderText {#text} at (0,0) size 3x11
                  text run at (0,0) width 3: " "
            RenderTableCell {TD} at (364,348) size 10x12 [bgcolor=#FDFDFB] [r=29 c=40 rs=1 cs=1]
              RenderInline {FONT} at (0,0) size 3x11
                RenderText {#text} at (0,0) size 3x11
                  text run at (0,0) width 3: " "
            RenderTableCell {TD} at (374,348) size 10x12 [bgcolor=#FDFDFB] [r=29 c=41 rs=1 cs=1]
              RenderInline {FONT} at (0,0) size 3x11
                RenderText {#text} at (0,0) size 3x11
                  text run at (0,0) width 3: " "
            RenderTableCell {TD} at (384,348) size 10x12 [bgcolor=#FDFDFB] [r=29 c=42 rs=1 cs=1]
              RenderInline {FONT} at (0,0) size 3x11
                RenderText {#text} at (0,0) size 3x11
                  text run at (0,0) width 3: " "
            RenderTableCell {TD} at (394,348) size 10x12 [bgcolor=#FDFDFB] [r=29 c=43 rs=1 cs=1]
              RenderInline {FONT} at (0,0) size 3x11
                RenderText {#text} at (0,0) size 3x11
                  text run at (0,0) width 3: " "
            RenderTableCell {TD} at (404,348) size 10x12 [bgcolor=#FDFDFB] [r=29 c=44 rs=1 cs=1]
              RenderInline {FONT} at (0,0) size 3x11
                RenderText {#text} at (0,0) size 3x11
                  text run at (0,0) width 3: " "
            RenderTableCell {TD} at (414,348) size 10x12 [bgcolor=#FDFDFB] [r=29 c=45 rs=1 cs=1]
              RenderInline {FONT} at (0,0) size 3x11
                RenderText {#text} at (0,0) size 3x11
                  text run at (0,0) width 3: " "
            RenderTableCell {TD} at (424,348) size 10x12 [bgcolor=#FDFDFB] [r=29 c=46 rs=1 cs=1]
              RenderInline {FONT} at (0,0) size 3x11
                RenderText {#text} at (0,0) size 3x11
                  text run at (0,0) width 3: " "
            RenderTableCell {TD} at (434,348) size 10x12 [bgcolor=#FDFDFB] [r=29 c=47 rs=1 cs=1]
              RenderInline {FONT} at (0,0) size 3x11
                RenderText {#text} at (0,0) size 3x11
                  text run at (0,0) width 3: " "
            RenderTableCell {TD} at (444,348) size 10x12 [bgcolor=#FDFDFB] [r=29 c=48 rs=1 cs=1]
              RenderInline {FONT} at (0,0) size 3x11
                RenderText {#text} at (0,0) size 3x11
                  text run at (0,0) width 3: " "
            RenderTableCell {TD} at (454,348) size 10x12 [bgcolor=#FDFDFB] [r=29 c=49 rs=1 cs=1]
              RenderInline {FONT} at (0,0) size 3x11
                RenderText {#text} at (0,0) size 3x11
                  text run at (0,0) width 3: " "
            RenderTableCell {TD} at (464,348) size 10x12 [bgcolor=#FDFDFB] [r=29 c=50 rs=1 cs=1]
              RenderInline {FONT} at (0,0) size 3x11
                RenderText {#text} at (0,0) size 3x11
                  text run at (0,0) width 3: " "
            RenderTableCell {TD} at (474,348) size 10x12 [bgcolor=#FDFDFB] [r=29 c=51 rs=1 cs=1]
              RenderInline {FONT} at (0,0) size 3x11
                RenderText {#text} at (0,0) size 3x11
                  text run at (0,0) width 3: " "
            RenderTableCell {TD} at (484,348) size 10x12 [bgcolor=#FDFDFB] [r=29 c=52 rs=1 cs=1]
              RenderInline {FONT} at (0,0) size 3x11
                RenderText {#text} at (0,0) size 3x11
                  text run at (0,0) width 3: " "
            RenderTableCell {TD} at (494,348) size 10x12 [bgcolor=#FDFDFB] [r=29 c=53 rs=1 cs=1]
              RenderInline {FONT} at (0,0) size 3x11
                RenderText {#text} at (0,0) size 3x11
                  text run at (0,0) width 3: " "
            RenderTableCell {TD} at (504,348) size 10x12 [bgcolor=#FDFDFB] [r=29 c=54 rs=1 cs=1]
              RenderInline {FONT} at (0,0) size 3x11
                RenderText {#text} at (0,0) size 3x11
                  text run at (0,0) width 3: " "
            RenderTableCell {TD} at (514,348) size 10x12 [bgcolor=#FDFDFB] [r=29 c=55 rs=1 cs=1]
              RenderInline {FONT} at (0,0) size 3x11
                RenderText {#text} at (0,0) size 3x11
                  text run at (0,0) width 3: " "
            RenderTableCell {TD} at (524,348) size 10x12 [bgcolor=#FDFDFB] [r=29 c=56 rs=1 cs=1]
              RenderInline {FONT} at (0,0) size 3x11
                RenderText {#text} at (0,0) size 3x11
                  text run at (0,0) width 3: " "
            RenderTableCell {TD} at (534,348) size 10x12 [bgcolor=#FDFDFB] [r=29 c=57 rs=1 cs=1]
              RenderInline {FONT} at (0,0) size 3x11
                RenderText {#text} at (0,0) size 3x11
                  text run at (0,0) width 3: " "
            RenderTableCell {TD} at (544,348) size 10x12 [bgcolor=#FDFDFB] [r=29 c=58 rs=1 cs=1]
              RenderInline {FONT} at (0,0) size 3x11
                RenderText {#text} at (0,0) size 3x11
                  text run at (0,0) width 3: " "
            RenderTableCell {TD} at (554,348) size 10x12 [bgcolor=#FDFDFB] [r=29 c=59 rs=1 cs=1]
              RenderInline {FONT} at (0,0) size 3x11
                RenderText {#text} at (0,0) size 3x11
                  text run at (0,0) width 3: " "
            RenderTableCell {TD} at (564,348) size 10x12 [bgcolor=#FDFDFB] [r=29 c=60 rs=1 cs=1]
              RenderInline {FONT} at (0,0) size 3x11
                RenderText {#text} at (0,0) size 3x11
                  text run at (0,0) width 3: " "
            RenderTableCell {TD} at (574,348) size 10x12 [bgcolor=#FDFDFB] [r=29 c=61 rs=1 cs=1]
              RenderInline {FONT} at (0,0) size 3x11
                RenderText {#text} at (0,0) size 3x11
                  text run at (0,0) width 3: " "
            RenderTableCell {TD} at (584,348) size 10x12 [bgcolor=#FDFDFB] [r=29 c=62 rs=1 cs=1]
              RenderInline {FONT} at (0,0) size 3x11
                RenderText {#text} at (0,0) size 3x11
                  text run at (0,0) width 3: " "
            RenderTableCell {TD} at (594,348) size 10x12 [bgcolor=#FDFDFB] [r=29 c=63 rs=1 cs=1]
              RenderInline {FONT} at (0,0) size 3x11
                RenderText {#text} at (0,0) size 3x11
                  text run at (0,0) width 3: " "
            RenderTableCell {TD} at (604,348) size 10x12 [bgcolor=#FDFDFB] [r=29 c=64 rs=1 cs=1]
              RenderInline {FONT} at (0,0) size 3x11
                RenderText {#text} at (0,0) size 3x11
                  text run at (0,0) width 3: " "
            RenderTableCell {TD} at (614,348) size 10x12 [bgcolor=#8DB7B6] [r=29 c=65 rs=1 cs=1]
              RenderInline {FONT} at (0,0) size 3x11
                RenderText {#text} at (0,0) size 3x11
                  text run at (0,0) width 3: " "
            RenderTableCell {TD} at (624,348) size 10x12 [bgcolor=#026766] [r=29 c=66 rs=1 cs=1]
              RenderInline {FONT} at (0,0) size 3x11
                RenderText {#text} at (0,0) size 3x11
                  text run at (0,0) width 3: " "
            RenderTableCell {TD} at (634,348) size 10x12 [bgcolor=#025E5E] [r=29 c=67 rs=1 cs=1]
              RenderInline {FONT} at (0,0) size 3x11
                RenderText {#text} at (0,0) size 3x11
                  text run at (0,0) width 3: " "
            RenderTableCell {TD} at (644,348) size 10x12 [bgcolor=#025E5E] [r=29 c=68 rs=1 cs=1]
              RenderInline {FONT} at (0,0) size 3x11
                RenderText {#text} at (0,0) size 3x11
                  text run at (0,0) width 3: " "
            RenderTableCell {TD} at (654,348) size 10x12 [bgcolor=#025E5E] [r=29 c=69 rs=1 cs=1]
              RenderInline {FONT} at (0,0) size 3x11
                RenderText {#text} at (0,0) size 3x11
                  text run at (0,0) width 3: " "
            RenderTableCell {TD} at (664,348) size 10x12 [bgcolor=#026766] [r=29 c=70 rs=1 cs=1]
              RenderInline {FONT} at (0,0) size 3x11
                RenderText {#text} at (0,0) size 3x11
                  text run at (0,0) width 3: " "
            RenderTableCell {TD} at (674,348) size 10x12 [bgcolor=#026766] [r=29 c=71 rs=1 cs=1]
              RenderInline {FONT} at (0,0) size 3x11
                RenderText {#text} at (0,0) size 3x11
                  text run at (0,0) width 3: " "
            RenderTableCell {TD} at (684,348) size 10x12 [bgcolor=#026766] [r=29 c=72 rs=1 cs=1]
              RenderInline {FONT} at (0,0) size 3x11
                RenderText {#text} at (0,0) size 3x11
                  text run at (0,0) width 3: " "
            RenderTableCell {TD} at (694,348) size 10x12 [bgcolor=#026766] [r=29 c=73 rs=1 cs=1]
              RenderInline {FONT} at (0,0) size 3x11
                RenderText {#text} at (0,0) size 3x11
                  text run at (0,0) width 3: " "
            RenderTableCell {TD} at (704,348) size 10x12 [bgcolor=#026766] [r=29 c=74 rs=1 cs=1]
              RenderInline {FONT} at (0,0) size 3x11
                RenderText {#text} at (0,0) size 3x11
                  text run at (0,0) width 3: " "
            RenderTableCell {TD} at (714,348) size 10x12 [bgcolor=#026766] [r=29 c=75 rs=1 cs=1]
              RenderInline {FONT} at (0,0) size 3x11
                RenderText {#text} at (0,0) size 3x11
                  text run at (0,0) width 3: " "
            RenderTableCell {TD} at (724,348) size 10x12 [bgcolor=#026766] [r=29 c=76 rs=1 cs=1]
              RenderInline {FONT} at (0,0) size 3x11
                RenderText {#text} at (0,0) size 3x11
                  text run at (0,0) width 3: " "
            RenderTableCell {TD} at (734,348) size 10x12 [bgcolor=#026766] [r=29 c=77 rs=1 cs=1]
              RenderInline {FONT} at (0,0) size 3x11
                RenderText {#text} at (0,0) size 3x11
                  text run at (0,0) width 3: " "
            RenderTableCell {TD} at (744,348) size 10x12 [bgcolor=#025E5E] [r=29 c=78 rs=1 cs=1]
              RenderInline {FONT} at (0,0) size 3x11
                RenderText {#text} at (0,0) size 3x11
                  text run at (0,0) width 3: " "
            RenderTableCell {TD} at (754,348) size 10x12 [bgcolor=#025E5E] [r=29 c=79 rs=1 cs=1]
              RenderInline {FONT} at (0,0) size 3x11
                RenderText {#text} at (0,0) size 3x11
                  text run at (0,0) width 3: " "
            RenderTableCell {TD} at (764,348) size 10x12 [bgcolor=#025E5E] [r=29 c=80 rs=1 cs=1]
              RenderInline {FONT} at (0,0) size 3x11
                RenderText {#text} at (0,0) size 3x11
                  text run at (0,0) width 3: " "
            RenderTableCell {TD} at (774,348) size 10x12 [bgcolor=#025E5E] [r=29 c=81 rs=1 cs=1]
              RenderInline {FONT} at (0,0) size 3x11
                RenderText {#text} at (0,0) size 3x11
                  text run at (0,0) width 3: " "
            RenderTableCell {TD} at (784,348) size 10x12 [bgcolor=#025E5E] [r=29 c=82 rs=1 cs=1]
              RenderInline {FONT} at (0,0) size 3x11
                RenderText {#text} at (0,0) size 3x11
                  text run at (0,0) width 3: " "
            RenderTableCell {TD} at (794,348) size 10x12 [bgcolor=#044F4F] [r=29 c=83 rs=1 cs=1]
              RenderInline {FONT} at (0,0) size 3x11
                RenderText {#text} at (0,0) size 3x11
                  text run at (0,0) width 3: " "
            RenderTableCell {TD} at (804,348) size 10x12 [bgcolor=#044F4F] [r=29 c=84 rs=1 cs=1]
              RenderInline {FONT} at (0,0) size 3x11
                RenderText {#text} at (0,0) size 3x11
                  text run at (0,0) width 3: " "
            RenderTableCell {TD} at (814,348) size 10x12 [bgcolor=#044F4F] [r=29 c=85 rs=1 cs=1]
              RenderInline {FONT} at (0,0) size 3x11
                RenderText {#text} at (0,0) size 3x11
                  text run at (0,0) width 3: " "
            RenderTableCell {TD} at (824,348) size 10x12 [bgcolor=#044F4F] [r=29 c=86 rs=1 cs=1]
              RenderInline {FONT} at (0,0) size 3x11
                RenderText {#text} at (0,0) size 3x11
                  text run at (0,0) width 3: " "
            RenderTableCell {TD} at (834,348) size 10x12 [bgcolor=#044140] [r=29 c=87 rs=1 cs=1]
              RenderInline {FONT} at (0,0) size 3x11
                RenderText {#text} at (0,0) size 3x11
                  text run at (0,0) width 3: " "
            RenderTableCell {TD} at (844,348) size 10x12 [bgcolor=#083131] [r=29 c=88 rs=1 cs=1]
              RenderInline {FONT} at (0,0) size 3x11
                RenderText {#text} at (0,0) size 3x11
                  text run at (0,0) width 3: " "
            RenderTableCell {TD} at (854,348) size 10x12 [bgcolor=#083131] [r=29 c=89 rs=1 cs=1]
              RenderInline {FONT} at (0,0) size 3x11
                RenderText {#text} at (0,0) size 3x11
                  text run at (0,0) width 3: " "
            RenderTableCell {TD} at (864,348) size 10x12 [bgcolor=#223C3D] [r=29 c=90 rs=1 cs=1]
              RenderInline {FONT} at (0,0) size 3x11
                RenderText {#text} at (0,0) size 3x11
                  text run at (0,0) width 3: " "
            RenderTableCell {TD} at (874,348) size 10x12 [bgcolor=#515C5B] [r=29 c=91 rs=1 cs=1]
              RenderInline {FONT} at (0,0) size 3x11
                RenderText {#text} at (0,0) size 3x11
                  text run at (0,0) width 3: " "
            RenderTableCell {TD} at (884,348) size 10x12 [bgcolor=#777878] [r=29 c=92 rs=1 cs=1]
              RenderInline {FONT} at (0,0) size 3x11
                RenderText {#text} at (0,0) size 3x11
                  text run at (0,0) width 3: " "
            RenderTableCell {TD} at (894,348) size 10x12 [bgcolor=#A5A6A6] [r=29 c=93 rs=1 cs=1]
              RenderInline {FONT} at (0,0) size 3x11
                RenderText {#text} at (0,0) size 3x11
                  text run at (0,0) width 3: " "
            RenderTableCell {TD} at (904,348) size 10x12 [bgcolor=#CECFCF] [r=29 c=94 rs=1 cs=1]
              RenderInline {FONT} at (0,0) size 3x11
                RenderText {#text} at (0,0) size 3x11
                  text run at (0,0) width 3: " "
            RenderTableCell {TD} at (914,348) size 10x12 [bgcolor=#EDEEEF] [r=29 c=95 rs=1 cs=1]
              RenderInline {FONT} at (0,0) size 3x11
                RenderText {#text} at (0,0) size 3x11
                  text run at (0,0) width 3: " "
            RenderTableCell {TD} at (924,348) size 10x12 [bgcolor=#FDFDFB] [r=29 c=96 rs=1 cs=1]
              RenderInline {FONT} at (0,0) size 3x11
                RenderText {#text} at (0,0) size 3x11
                  text run at (0,0) width 3: " "
            RenderTableCell {TD} at (934,348) size 10x12 [bgcolor=#FDFDFB] [r=29 c=97 rs=1 cs=1]
              RenderInline {FONT} at (0,0) size 3x11
                RenderText {#text} at (0,0) size 3x11
                  text run at (0,0) width 3: " "
            RenderTableCell {TD} at (944,348) size 10x12 [bgcolor=#FDFDFB] [r=29 c=98 rs=1 cs=1]
              RenderInline {FONT} at (0,0) size 3x11
                RenderText {#text} at (0,0) size 3x11
                  text run at (0,0) width 3: " "
            RenderTableCell {TD} at (954,348) size 10x12 [bgcolor=#FDFDFB] [r=29 c=99 rs=1 cs=1]
              RenderInline {FONT} at (0,0) size 3x11
                RenderText {#text} at (0,0) size 3x11
                  text run at (0,0) width 3: " "
          RenderTableRow {TR} at (0,360) size 964x12
            RenderTableCell {TD} at (0,360) size 9x12 [bgcolor=#FDFDFB] [r=30 c=0 rs=1 cs=1]
              RenderInline {FONT} at (0,0) size 3x11
                RenderText {#text} at (0,0) size 3x11
                  text run at (0,0) width 3: " "
            RenderTableCell {TD} at (9,360) size 9x12 [bgcolor=#FDFDFB] [r=30 c=1 rs=1 cs=1]
              RenderInline {FONT} at (0,0) size 3x11
                RenderText {#text} at (0,0) size 3x11
                  text run at (0,0) width 3: " "
            RenderTableCell {TD} at (18,360) size 9x12 [bgcolor=#FDFDFB] [r=30 c=2 rs=1 cs=1]
              RenderInline {FONT} at (0,0) size 3x11
                RenderText {#text} at (0,0) size 3x11
                  text run at (0,0) width 3: " "
            RenderTableCell {TD} at (27,360) size 9x12 [bgcolor=#FDFDFB] [r=30 c=3 rs=1 cs=1]
              RenderInline {FONT} at (0,0) size 3x11
                RenderText {#text} at (0,0) size 3x11
                  text run at (0,0) width 3: " "
            RenderTableCell {TD} at (36,360) size 9x12 [bgcolor=#FDFDFB] [r=30 c=4 rs=1 cs=1]
              RenderInline {FONT} at (0,0) size 3x11
                RenderText {#text} at (0,0) size 3x11
                  text run at (0,0) width 3: " "
            RenderTableCell {TD} at (45,360) size 9x12 [bgcolor=#FDFDFB] [r=30 c=5 rs=1 cs=1]
              RenderInline {FONT} at (0,0) size 3x11
                RenderText {#text} at (0,0) size 3x11
                  text run at (0,0) width 3: " "
            RenderTableCell {TD} at (54,360) size 9x12 [bgcolor=#FDFDFB] [r=30 c=6 rs=1 cs=1]
              RenderInline {FONT} at (0,0) size 3x11
                RenderText {#text} at (0,0) size 3x11
                  text run at (0,0) width 3: " "
            RenderTableCell {TD} at (63,360) size 9x12 [bgcolor=#FDFDFB] [r=30 c=7 rs=1 cs=1]
              RenderInline {FONT} at (0,0) size 3x11
                RenderText {#text} at (0,0) size 3x11
                  text run at (0,0) width 3: " "
            RenderTableCell {TD} at (72,360) size 9x12 [bgcolor=#FDFDFB] [r=30 c=8 rs=1 cs=1]
              RenderInline {FONT} at (0,0) size 3x11
                RenderText {#text} at (0,0) size 3x11
                  text run at (0,0) width 3: " "
            RenderTableCell {TD} at (81,360) size 9x12 [bgcolor=#FDFDFB] [r=30 c=9 rs=1 cs=1]
              RenderInline {FONT} at (0,0) size 3x11
                RenderText {#text} at (0,0) size 3x11
                  text run at (0,0) width 3: " "
            RenderTableCell {TD} at (90,360) size 9x12 [bgcolor=#FDFDFB] [r=30 c=10 rs=1 cs=1]
              RenderInline {FONT} at (0,0) size 3x11
                RenderText {#text} at (0,0) size 3x11
                  text run at (0,0) width 3: " "
            RenderTableCell {TD} at (99,360) size 9x12 [bgcolor=#FDFDFB] [r=30 c=11 rs=1 cs=1]
              RenderInline {FONT} at (0,0) size 3x11
                RenderText {#text} at (0,0) size 3x11
                  text run at (0,0) width 3: " "
            RenderTableCell {TD} at (108,360) size 9x12 [bgcolor=#FDFDFB] [r=30 c=12 rs=1 cs=1]
              RenderInline {FONT} at (0,0) size 3x11
                RenderText {#text} at (0,0) size 3x11
                  text run at (0,0) width 3: " "
            RenderTableCell {TD} at (117,360) size 9x12 [bgcolor=#FDFDFB] [r=30 c=13 rs=1 cs=1]
              RenderInline {FONT} at (0,0) size 3x11
                RenderText {#text} at (0,0) size 3x11
                  text run at (0,0) width 3: " "
            RenderTableCell {TD} at (126,360) size 9x12 [bgcolor=#FDFDFB] [r=30 c=14 rs=1 cs=1]
              RenderInline {FONT} at (0,0) size 3x11
                RenderText {#text} at (0,0) size 3x11
                  text run at (0,0) width 3: " "
            RenderTableCell {TD} at (135,360) size 9x12 [bgcolor=#FDFDFB] [r=30 c=15 rs=1 cs=1]
              RenderInline {FONT} at (0,0) size 3x11
                RenderText {#text} at (0,0) size 3x11
                  text run at (0,0) width 3: " "
            RenderTableCell {TD} at (144,360) size 9x12 [bgcolor=#FDFDFB] [r=30 c=16 rs=1 cs=1]
              RenderInline {FONT} at (0,0) size 3x11
                RenderText {#text} at (0,0) size 3x11
                  text run at (0,0) width 3: " "
            RenderTableCell {TD} at (153,360) size 9x12 [bgcolor=#FDFDFB] [r=30 c=17 rs=1 cs=1]
              RenderInline {FONT} at (0,0) size 3x11
                RenderText {#text} at (0,0) size 3x11
                  text run at (0,0) width 3: " "
            RenderTableCell {TD} at (162,360) size 9x12 [bgcolor=#FDFDFB] [r=30 c=18 rs=1 cs=1]
              RenderInline {FONT} at (0,0) size 3x11
                RenderText {#text} at (0,0) size 3x11
                  text run at (0,0) width 3: " "
            RenderTableCell {TD} at (171,360) size 9x12 [bgcolor=#FDFDFB] [r=30 c=19 rs=1 cs=1]
              RenderInline {FONT} at (0,0) size 3x11
                RenderText {#text} at (0,0) size 3x11
                  text run at (0,0) width 3: " "
            RenderTableCell {TD} at (180,360) size 9x12 [bgcolor=#FDFDFB] [r=30 c=20 rs=1 cs=1]
              RenderInline {FONT} at (0,0) size 3x11
                RenderText {#text} at (0,0) size 3x11
                  text run at (0,0) width 3: " "
            RenderTableCell {TD} at (189,360) size 9x12 [bgcolor=#FDFDFB] [r=30 c=21 rs=1 cs=1]
              RenderInline {FONT} at (0,0) size 3x11
                RenderText {#text} at (0,0) size 3x11
                  text run at (0,0) width 3: " "
            RenderTableCell {TD} at (198,360) size 9x12 [bgcolor=#FDFDFB] [r=30 c=22 rs=1 cs=1]
              RenderInline {FONT} at (0,0) size 3x11
                RenderText {#text} at (0,0) size 3x11
                  text run at (0,0) width 3: " "
            RenderTableCell {TD} at (207,360) size 9x12 [bgcolor=#FDFDFB] [r=30 c=23 rs=1 cs=1]
              RenderInline {FONT} at (0,0) size 3x11
                RenderText {#text} at (0,0) size 3x11
                  text run at (0,0) width 3: " "
            RenderTableCell {TD} at (216,360) size 9x12 [bgcolor=#FDFDFB] [r=30 c=24 rs=1 cs=1]
              RenderInline {FONT} at (0,0) size 3x11
                RenderText {#text} at (0,0) size 3x11
                  text run at (0,0) width 3: " "
            RenderTableCell {TD} at (225,360) size 9x12 [bgcolor=#FDFDFB] [r=30 c=25 rs=1 cs=1]
              RenderInline {FONT} at (0,0) size 3x11
                RenderText {#text} at (0,0) size 3x11
                  text run at (0,0) width 3: " "
            RenderTableCell {TD} at (234,360) size 9x12 [bgcolor=#FDFDFB] [r=30 c=26 rs=1 cs=1]
              RenderInline {FONT} at (0,0) size 3x11
                RenderText {#text} at (0,0) size 3x11
                  text run at (0,0) width 3: " "
            RenderTableCell {TD} at (243,360) size 9x12 [bgcolor=#FDFDFB] [r=30 c=27 rs=1 cs=1]
              RenderInline {FONT} at (0,0) size 3x11
                RenderText {#text} at (0,0) size 3x11
                  text run at (0,0) width 3: " "
            RenderTableCell {TD} at (252,360) size 9x12 [bgcolor=#FDFDFB] [r=30 c=28 rs=1 cs=1]
              RenderInline {FONT} at (0,0) size 3x11
                RenderText {#text} at (0,0) size 3x11
                  text run at (0,0) width 3: " "
            RenderTableCell {TD} at (261,360) size 9x12 [bgcolor=#FDFDFB] [r=30 c=29 rs=1 cs=1]
              RenderInline {FONT} at (0,0) size 3x11
                RenderText {#text} at (0,0) size 3x11
                  text run at (0,0) width 3: " "
            RenderTableCell {TD} at (270,360) size 9x12 [bgcolor=#FDFDFB] [r=30 c=30 rs=1 cs=1]
              RenderInline {FONT} at (0,0) size 3x11
                RenderText {#text} at (0,0) size 3x11
                  text run at (0,0) width 3: " "
            RenderTableCell {TD} at (279,360) size 9x12 [bgcolor=#FDFDFB] [r=30 c=31 rs=1 cs=1]
              RenderInline {FONT} at (0,0) size 3x11
                RenderText {#text} at (0,0) size 3x11
                  text run at (0,0) width 3: " "
            RenderTableCell {TD} at (288,360) size 9x12 [bgcolor=#FDFDFB] [r=30 c=32 rs=1 cs=1]
              RenderInline {FONT} at (0,0) size 3x11
                RenderText {#text} at (0,0) size 3x11
                  text run at (0,0) width 3: " "
            RenderTableCell {TD} at (297,360) size 9x12 [bgcolor=#FDFDFB] [r=30 c=33 rs=1 cs=1]
              RenderInline {FONT} at (0,0) size 3x11
                RenderText {#text} at (0,0) size 3x11
                  text run at (0,0) width 3: " "
            RenderTableCell {TD} at (306,360) size 9x12 [bgcolor=#FDFDFB] [r=30 c=34 rs=1 cs=1]
              RenderInline {FONT} at (0,0) size 3x11
                RenderText {#text} at (0,0) size 3x11
                  text run at (0,0) width 3: " "
            RenderTableCell {TD} at (315,360) size 9x12 [bgcolor=#FDFDFB] [r=30 c=35 rs=1 cs=1]
              RenderInline {FONT} at (0,0) size 3x11
                RenderText {#text} at (0,0) size 3x11
                  text run at (0,0) width 3: " "
            RenderTableCell {TD} at (324,360) size 10x12 [bgcolor=#FDFDFB] [r=30 c=36 rs=1 cs=1]
              RenderInline {FONT} at (0,0) size 3x11
                RenderText {#text} at (0,0) size 3x11
                  text run at (0,0) width 3: " "
            RenderTableCell {TD} at (334,360) size 10x12 [bgcolor=#FDFDFB] [r=30 c=37 rs=1 cs=1]
              RenderInline {FONT} at (0,0) size 3x11
                RenderText {#text} at (0,0) size 3x11
                  text run at (0,0) width 3: " "
            RenderTableCell {TD} at (344,360) size 10x12 [bgcolor=#FDFDFB] [r=30 c=38 rs=1 cs=1]
              RenderInline {FONT} at (0,0) size 3x11
                RenderText {#text} at (0,0) size 3x11
                  text run at (0,0) width 3: " "
            RenderTableCell {TD} at (354,360) size 10x12 [bgcolor=#FDFDFB] [r=30 c=39 rs=1 cs=1]
              RenderInline {FONT} at (0,0) size 3x11
                RenderText {#text} at (0,0) size 3x11
                  text run at (0,0) width 3: " "
            RenderTableCell {TD} at (364,360) size 10x12 [bgcolor=#FDFDFB] [r=30 c=40 rs=1 cs=1]
              RenderInline {FONT} at (0,0) size 3x11
                RenderText {#text} at (0,0) size 3x11
                  text run at (0,0) width 3: " "
            RenderTableCell {TD} at (374,360) size 10x12 [bgcolor=#FDFDFB] [r=30 c=41 rs=1 cs=1]
              RenderInline {FONT} at (0,0) size 3x11
                RenderText {#text} at (0,0) size 3x11
                  text run at (0,0) width 3: " "
            RenderTableCell {TD} at (384,360) size 10x12 [bgcolor=#FDFDFB] [r=30 c=42 rs=1 cs=1]
              RenderInline {FONT} at (0,0) size 3x11
                RenderText {#text} at (0,0) size 3x11
                  text run at (0,0) width 3: " "
            RenderTableCell {TD} at (394,360) size 10x12 [bgcolor=#FDFDFB] [r=30 c=43 rs=1 cs=1]
              RenderInline {FONT} at (0,0) size 3x11
                RenderText {#text} at (0,0) size 3x11
                  text run at (0,0) width 3: " "
            RenderTableCell {TD} at (404,360) size 10x12 [bgcolor=#FDFDFB] [r=30 c=44 rs=1 cs=1]
              RenderInline {FONT} at (0,0) size 3x11
                RenderText {#text} at (0,0) size 3x11
                  text run at (0,0) width 3: " "
            RenderTableCell {TD} at (414,360) size 10x12 [bgcolor=#FDFDFB] [r=30 c=45 rs=1 cs=1]
              RenderInline {FONT} at (0,0) size 3x11
                RenderText {#text} at (0,0) size 3x11
                  text run at (0,0) width 3: " "
            RenderTableCell {TD} at (424,360) size 10x12 [bgcolor=#FDFDFB] [r=30 c=46 rs=1 cs=1]
              RenderInline {FONT} at (0,0) size 3x11
                RenderText {#text} at (0,0) size 3x11
                  text run at (0,0) width 3: " "
            RenderTableCell {TD} at (434,360) size 10x12 [bgcolor=#FDFDFB] [r=30 c=47 rs=1 cs=1]
              RenderInline {FONT} at (0,0) size 3x11
                RenderText {#text} at (0,0) size 3x11
                  text run at (0,0) width 3: " "
            RenderTableCell {TD} at (444,360) size 10x12 [bgcolor=#FDFDFB] [r=30 c=48 rs=1 cs=1]
              RenderInline {FONT} at (0,0) size 3x11
                RenderText {#text} at (0,0) size 3x11
                  text run at (0,0) width 3: " "
            RenderTableCell {TD} at (454,360) size 10x12 [bgcolor=#FDFDFB] [r=30 c=49 rs=1 cs=1]
              RenderInline {FONT} at (0,0) size 3x11
                RenderText {#text} at (0,0) size 3x11
                  text run at (0,0) width 3: " "
            RenderTableCell {TD} at (464,360) size 10x12 [bgcolor=#FDFDFB] [r=30 c=50 rs=1 cs=1]
              RenderInline {FONT} at (0,0) size 3x11
                RenderText {#text} at (0,0) size 3x11
                  text run at (0,0) width 3: " "
            RenderTableCell {TD} at (474,360) size 10x12 [bgcolor=#FDFDFB] [r=30 c=51 rs=1 cs=1]
              RenderInline {FONT} at (0,0) size 3x11
                RenderText {#text} at (0,0) size 3x11
                  text run at (0,0) width 3: " "
            RenderTableCell {TD} at (484,360) size 10x12 [bgcolor=#FDFDFB] [r=30 c=52 rs=1 cs=1]
              RenderInline {FONT} at (0,0) size 3x11
                RenderText {#text} at (0,0) size 3x11
                  text run at (0,0) width 3: " "
            RenderTableCell {TD} at (494,360) size 10x12 [bgcolor=#FDFDFB] [r=30 c=53 rs=1 cs=1]
              RenderInline {FONT} at (0,0) size 3x11
                RenderText {#text} at (0,0) size 3x11
                  text run at (0,0) width 3: " "
            RenderTableCell {TD} at (504,360) size 10x12 [bgcolor=#FDFDFB] [r=30 c=54 rs=1 cs=1]
              RenderInline {FONT} at (0,0) size 3x11
                RenderText {#text} at (0,0) size 3x11
                  text run at (0,0) width 3: " "
            RenderTableCell {TD} at (514,360) size 10x12 [bgcolor=#FDFDFB] [r=30 c=55 rs=1 cs=1]
              RenderInline {FONT} at (0,0) size 3x11
                RenderText {#text} at (0,0) size 3x11
                  text run at (0,0) width 3: " "
            RenderTableCell {TD} at (524,360) size 10x12 [bgcolor=#FDFDFB] [r=30 c=56 rs=1 cs=1]
              RenderInline {FONT} at (0,0) size 3x11
                RenderText {#text} at (0,0) size 3x11
                  text run at (0,0) width 3: " "
            RenderTableCell {TD} at (534,360) size 10x12 [bgcolor=#FDFDFB] [r=30 c=57 rs=1 cs=1]
              RenderInline {FONT} at (0,0) size 3x11
                RenderText {#text} at (0,0) size 3x11
                  text run at (0,0) width 3: " "
            RenderTableCell {TD} at (544,360) size 10x12 [bgcolor=#FDFDFB] [r=30 c=58 rs=1 cs=1]
              RenderInline {FONT} at (0,0) size 3x11
                RenderText {#text} at (0,0) size 3x11
                  text run at (0,0) width 3: " "
            RenderTableCell {TD} at (554,360) size 10x12 [bgcolor=#FDFDFB] [r=30 c=59 rs=1 cs=1]
              RenderInline {FONT} at (0,0) size 3x11
                RenderText {#text} at (0,0) size 3x11
                  text run at (0,0) width 3: " "
            RenderTableCell {TD} at (564,360) size 10x12 [bgcolor=#FDFDFB] [r=30 c=60 rs=1 cs=1]
              RenderInline {FONT} at (0,0) size 3x11
                RenderText {#text} at (0,0) size 3x11
                  text run at (0,0) width 3: " "
            RenderTableCell {TD} at (574,360) size 10x12 [bgcolor=#FDFDFB] [r=30 c=61 rs=1 cs=1]
              RenderInline {FONT} at (0,0) size 3x11
                RenderText {#text} at (0,0) size 3x11
                  text run at (0,0) width 3: " "
            RenderTableCell {TD} at (584,360) size 10x12 [bgcolor=#FDFDFB] [r=30 c=62 rs=1 cs=1]
              RenderInline {FONT} at (0,0) size 3x11
                RenderText {#text} at (0,0) size 3x11
                  text run at (0,0) width 3: " "
            RenderTableCell {TD} at (594,360) size 10x12 [bgcolor=#FDFDFB] [r=30 c=63 rs=1 cs=1]
              RenderInline {FONT} at (0,0) size 3x11
                RenderText {#text} at (0,0) size 3x11
                  text run at (0,0) width 3: " "
            RenderTableCell {TD} at (604,360) size 10x12 [bgcolor=#FDFDFB] [r=30 c=64 rs=1 cs=1]
              RenderInline {FONT} at (0,0) size 3x11
                RenderText {#text} at (0,0) size 3x11
                  text run at (0,0) width 3: " "
            RenderTableCell {TD} at (614,360) size 10x12 [bgcolor=#CECFCF] [r=30 c=65 rs=1 cs=1]
              RenderInline {FONT} at (0,0) size 3x11
                RenderText {#text} at (0,0) size 3x11
                  text run at (0,0) width 3: " "
            RenderTableCell {TD} at (624,360) size 10x12 [bgcolor=#7B918F] [r=30 c=66 rs=1 cs=1]
              RenderInline {FONT} at (0,0) size 3x11
                RenderText {#text} at (0,0) size 3x11
                  text run at (0,0) width 3: " "
            RenderTableCell {TD} at (634,360) size 10x12 [bgcolor=#305D5D] [r=30 c=67 rs=1 cs=1]
              RenderInline {FONT} at (0,0) size 3x11
                RenderText {#text} at (0,0) size 3x11
                  text run at (0,0) width 3: " "
            RenderTableCell {TD} at (644,360) size 10x12 [bgcolor=#044140] [r=30 c=68 rs=1 cs=1]
              RenderInline {FONT} at (0,0) size 3x11
                RenderText {#text} at (0,0) size 3x11
                  text run at (0,0) width 3: " "
            RenderTableCell {TD} at (654,360) size 10x12 [bgcolor=#044140] [r=30 c=69 rs=1 cs=1]
              RenderInline {FONT} at (0,0) size 3x11
                RenderText {#text} at (0,0) size 3x11
                  text run at (0,0) width 3: " "
            RenderTableCell {TD} at (664,360) size 10x12 [bgcolor=#044140] [r=30 c=70 rs=1 cs=1]
              RenderInline {FONT} at (0,0) size 3x11
                RenderText {#text} at (0,0) size 3x11
                  text run at (0,0) width 3: " "
            RenderTableCell {TD} at (674,360) size 10x12 [bgcolor=#044F4F] [r=30 c=71 rs=1 cs=1]
              RenderInline {FONT} at (0,0) size 3x11
                RenderText {#text} at (0,0) size 3x11
                  text run at (0,0) width 3: " "
            RenderTableCell {TD} at (684,360) size 10x12 [bgcolor=#044F4F] [r=30 c=72 rs=1 cs=1]
              RenderInline {FONT} at (0,0) size 3x11
                RenderText {#text} at (0,0) size 3x11
                  text run at (0,0) width 3: " "
            RenderTableCell {TD} at (694,360) size 10x12 [bgcolor=#044F4F] [r=30 c=73 rs=1 cs=1]
              RenderInline {FONT} at (0,0) size 3x11
                RenderText {#text} at (0,0) size 3x11
                  text run at (0,0) width 3: " "
            RenderTableCell {TD} at (704,360) size 10x12 [bgcolor=#044F4F] [r=30 c=74 rs=1 cs=1]
              RenderInline {FONT} at (0,0) size 3x11
                RenderText {#text} at (0,0) size 3x11
                  text run at (0,0) width 3: " "
            RenderTableCell {TD} at (714,360) size 10x12 [bgcolor=#044F4F] [r=30 c=75 rs=1 cs=1]
              RenderInline {FONT} at (0,0) size 3x11
                RenderText {#text} at (0,0) size 3x11
                  text run at (0,0) width 3: " "
            RenderTableCell {TD} at (724,360) size 10x12 [bgcolor=#044F4F] [r=30 c=76 rs=1 cs=1]
              RenderInline {FONT} at (0,0) size 3x11
                RenderText {#text} at (0,0) size 3x11
                  text run at (0,0) width 3: " "
            RenderTableCell {TD} at (734,360) size 10x12 [bgcolor=#044F4F] [r=30 c=77 rs=1 cs=1]
              RenderInline {FONT} at (0,0) size 3x11
                RenderText {#text} at (0,0) size 3x11
                  text run at (0,0) width 3: " "
            RenderTableCell {TD} at (744,360) size 10x12 [bgcolor=#044140] [r=30 c=78 rs=1 cs=1]
              RenderInline {FONT} at (0,0) size 3x11
                RenderText {#text} at (0,0) size 3x11
                  text run at (0,0) width 3: " "
            RenderTableCell {TD} at (754,360) size 10x12 [bgcolor=#044140] [r=30 c=79 rs=1 cs=1]
              RenderInline {FONT} at (0,0) size 3x11
                RenderText {#text} at (0,0) size 3x11
                  text run at (0,0) width 3: " "
            RenderTableCell {TD} at (764,360) size 10x12 [bgcolor=#044140] [r=30 c=80 rs=1 cs=1]
              RenderInline {FONT} at (0,0) size 3x11
                RenderText {#text} at (0,0) size 3x11
                  text run at (0,0) width 3: " "
            RenderTableCell {TD} at (774,360) size 10x12 [bgcolor=#044140] [r=30 c=81 rs=1 cs=1]
              RenderInline {FONT} at (0,0) size 3x11
                RenderText {#text} at (0,0) size 3x11
                  text run at (0,0) width 3: " "
            RenderTableCell {TD} at (784,360) size 10x12 [bgcolor=#044140] [r=30 c=82 rs=1 cs=1]
              RenderInline {FONT} at (0,0) size 3x11
                RenderText {#text} at (0,0) size 3x11
                  text run at (0,0) width 3: " "
            RenderTableCell {TD} at (794,360) size 10x12 [bgcolor=#044140] [r=30 c=83 rs=1 cs=1]
              RenderInline {FONT} at (0,0) size 3x11
                RenderText {#text} at (0,0) size 3x11
                  text run at (0,0) width 3: " "
            RenderTableCell {TD} at (804,360) size 10x12 [bgcolor=#044140] [r=30 c=84 rs=1 cs=1]
              RenderInline {FONT} at (0,0) size 3x11
                RenderText {#text} at (0,0) size 3x11
                  text run at (0,0) width 3: " "
            RenderTableCell {TD} at (814,360) size 10x12 [bgcolor=#083131] [r=30 c=85 rs=1 cs=1]
              RenderInline {FONT} at (0,0) size 3x11
                RenderText {#text} at (0,0) size 3x11
                  text run at (0,0) width 3: " "
            RenderTableCell {TD} at (824,360) size 10x12 [bgcolor=#083131] [r=30 c=86 rs=1 cs=1]
              RenderInline {FONT} at (0,0) size 3x11
                RenderText {#text} at (0,0) size 3x11
                  text run at (0,0) width 3: " "
            RenderTableCell {TD} at (834,360) size 10x12 [bgcolor=#083131] [r=30 c=87 rs=1 cs=1]
              RenderInline {FONT} at (0,0) size 3x11
                RenderText {#text} at (0,0) size 3x11
                  text run at (0,0) width 3: " "
            RenderTableCell {TD} at (844,360) size 10x12 [bgcolor=#344C4E] [r=30 c=88 rs=1 cs=1]
              RenderInline {FONT} at (0,0) size 3x11
                RenderText {#text} at (0,0) size 3x11
                  text run at (0,0) width 3: " "
            RenderTableCell {TD} at (854,360) size 10x12 [bgcolor=#515C5B] [r=30 c=89 rs=1 cs=1]
              RenderInline {FONT} at (0,0) size 3x11
                RenderText {#text} at (0,0) size 3x11
                  text run at (0,0) width 3: " "
            RenderTableCell {TD} at (864,360) size 10x12 [bgcolor=#777878] [r=30 c=90 rs=1 cs=1]
              RenderInline {FONT} at (0,0) size 3x11
                RenderText {#text} at (0,0) size 3x11
                  text run at (0,0) width 3: " "
            RenderTableCell {TD} at (874,360) size 10x12 [bgcolor=#939494] [r=30 c=91 rs=1 cs=1]
              RenderInline {FONT} at (0,0) size 3x11
                RenderText {#text} at (0,0) size 3x11
                  text run at (0,0) width 3: " "
            RenderTableCell {TD} at (884,360) size 10x12 [bgcolor=#A5A6A6] [r=30 c=92 rs=1 cs=1]
              RenderInline {FONT} at (0,0) size 3x11
                RenderText {#text} at (0,0) size 3x11
                  text run at (0,0) width 3: " "
            RenderTableCell {TD} at (894,360) size 10x12 [bgcolor=#CECFCF] [r=30 c=93 rs=1 cs=1]
              RenderInline {FONT} at (0,0) size 3x11
                RenderText {#text} at (0,0) size 3x11
                  text run at (0,0) width 3: " "
            RenderTableCell {TD} at (904,360) size 10x12 [bgcolor=#E0EAE9] [r=30 c=94 rs=1 cs=1]
              RenderInline {FONT} at (0,0) size 3x11
                RenderText {#text} at (0,0) size 3x11
                  text run at (0,0) width 3: " "
            RenderTableCell {TD} at (914,360) size 10x12 [bgcolor=#FDFDFB] [r=30 c=95 rs=1 cs=1]
              RenderInline {FONT} at (0,0) size 3x11
                RenderText {#text} at (0,0) size 3x11
                  text run at (0,0) width 3: " "
            RenderTableCell {TD} at (924,360) size 10x12 [bgcolor=#FDFDFB] [r=30 c=96 rs=1 cs=1]
              RenderInline {FONT} at (0,0) size 3x11
                RenderText {#text} at (0,0) size 3x11
                  text run at (0,0) width 3: " "
            RenderTableCell {TD} at (934,360) size 10x12 [bgcolor=#FDFDFB] [r=30 c=97 rs=1 cs=1]
              RenderInline {FONT} at (0,0) size 3x11
                RenderText {#text} at (0,0) size 3x11
                  text run at (0,0) width 3: " "
            RenderTableCell {TD} at (944,360) size 10x12 [bgcolor=#FDFDFB] [r=30 c=98 rs=1 cs=1]
              RenderInline {FONT} at (0,0) size 3x11
                RenderText {#text} at (0,0) size 3x11
                  text run at (0,0) width 3: " "
            RenderTableCell {TD} at (954,360) size 10x12 [bgcolor=#FDFDFB] [r=30 c=99 rs=1 cs=1]
              RenderInline {FONT} at (0,0) size 3x11
                RenderText {#text} at (0,0) size 3x11
                  text run at (0,0) width 3: " "
          RenderTableRow {TR} at (0,372) size 964x12
            RenderTableCell {TD} at (0,372) size 9x12 [bgcolor=#FDFDFB] [r=31 c=0 rs=1 cs=1]
              RenderInline {FONT} at (0,0) size 3x11
                RenderText {#text} at (0,0) size 3x11
                  text run at (0,0) width 3: " "
            RenderTableCell {TD} at (9,372) size 9x12 [bgcolor=#FDFDFB] [r=31 c=1 rs=1 cs=1]
              RenderInline {FONT} at (0,0) size 3x11
                RenderText {#text} at (0,0) size 3x11
                  text run at (0,0) width 3: " "
            RenderTableCell {TD} at (18,372) size 9x12 [bgcolor=#FDFDFB] [r=31 c=2 rs=1 cs=1]
              RenderInline {FONT} at (0,0) size 3x11
                RenderText {#text} at (0,0) size 3x11
                  text run at (0,0) width 3: " "
            RenderTableCell {TD} at (27,372) size 9x12 [bgcolor=#FDFDFB] [r=31 c=3 rs=1 cs=1]
              RenderInline {FONT} at (0,0) size 3x11
                RenderText {#text} at (0,0) size 3x11
                  text run at (0,0) width 3: " "
            RenderTableCell {TD} at (36,372) size 9x12 [bgcolor=#FDFDFB] [r=31 c=4 rs=1 cs=1]
              RenderInline {FONT} at (0,0) size 3x11
                RenderText {#text} at (0,0) size 3x11
                  text run at (0,0) width 3: " "
            RenderTableCell {TD} at (45,372) size 9x12 [bgcolor=#FDFDFB] [r=31 c=5 rs=1 cs=1]
              RenderInline {FONT} at (0,0) size 3x11
                RenderText {#text} at (0,0) size 3x11
                  text run at (0,0) width 3: " "
            RenderTableCell {TD} at (54,372) size 9x12 [bgcolor=#FDFDFB] [r=31 c=6 rs=1 cs=1]
              RenderInline {FONT} at (0,0) size 3x11
                RenderText {#text} at (0,0) size 3x11
                  text run at (0,0) width 3: " "
            RenderTableCell {TD} at (63,372) size 9x12 [bgcolor=#FDFDFB] [r=31 c=7 rs=1 cs=1]
              RenderInline {FONT} at (0,0) size 3x11
                RenderText {#text} at (0,0) size 3x11
                  text run at (0,0) width 3: " "
            RenderTableCell {TD} at (72,372) size 9x12 [bgcolor=#FDFDFB] [r=31 c=8 rs=1 cs=1]
              RenderInline {FONT} at (0,0) size 3x11
                RenderText {#text} at (0,0) size 3x11
                  text run at (0,0) width 3: " "
            RenderTableCell {TD} at (81,372) size 9x12 [bgcolor=#FDFDFB] [r=31 c=9 rs=1 cs=1]
              RenderInline {FONT} at (0,0) size 3x11
                RenderText {#text} at (0,0) size 3x11
                  text run at (0,0) width 3: " "
            RenderTableCell {TD} at (90,372) size 9x12 [bgcolor=#FDFDFB] [r=31 c=10 rs=1 cs=1]
              RenderInline {FONT} at (0,0) size 3x11
                RenderText {#text} at (0,0) size 3x11
                  text run at (0,0) width 3: " "
            RenderTableCell {TD} at (99,372) size 9x12 [bgcolor=#FDFDFB] [r=31 c=11 rs=1 cs=1]
              RenderInline {FONT} at (0,0) size 3x11
                RenderText {#text} at (0,0) size 3x11
                  text run at (0,0) width 3: " "
            RenderTableCell {TD} at (108,372) size 9x12 [bgcolor=#FDFDFB] [r=31 c=12 rs=1 cs=1]
              RenderInline {FONT} at (0,0) size 3x11
                RenderText {#text} at (0,0) size 3x11
                  text run at (0,0) width 3: " "
            RenderTableCell {TD} at (117,372) size 9x12 [bgcolor=#FDFDFB] [r=31 c=13 rs=1 cs=1]
              RenderInline {FONT} at (0,0) size 3x11
                RenderText {#text} at (0,0) size 3x11
                  text run at (0,0) width 3: " "
            RenderTableCell {TD} at (126,372) size 9x12 [bgcolor=#FDFDFB] [r=31 c=14 rs=1 cs=1]
              RenderInline {FONT} at (0,0) size 3x11
                RenderText {#text} at (0,0) size 3x11
                  text run at (0,0) width 3: " "
            RenderTableCell {TD} at (135,372) size 9x12 [bgcolor=#FDFDFB] [r=31 c=15 rs=1 cs=1]
              RenderInline {FONT} at (0,0) size 3x11
                RenderText {#text} at (0,0) size 3x11
                  text run at (0,0) width 3: " "
            RenderTableCell {TD} at (144,372) size 9x12 [bgcolor=#FDFDFB] [r=31 c=16 rs=1 cs=1]
              RenderInline {FONT} at (0,0) size 3x11
                RenderText {#text} at (0,0) size 3x11
                  text run at (0,0) width 3: " "
            RenderTableCell {TD} at (153,372) size 9x12 [bgcolor=#FDFDFB] [r=31 c=17 rs=1 cs=1]
              RenderInline {FONT} at (0,0) size 3x11
                RenderText {#text} at (0,0) size 3x11
                  text run at (0,0) width 3: " "
            RenderTableCell {TD} at (162,372) size 9x12 [bgcolor=#FDFDFB] [r=31 c=18 rs=1 cs=1]
              RenderInline {FONT} at (0,0) size 3x11
                RenderText {#text} at (0,0) size 3x11
                  text run at (0,0) width 3: " "
            RenderTableCell {TD} at (171,372) size 9x12 [bgcolor=#FDFDFB] [r=31 c=19 rs=1 cs=1]
              RenderInline {FONT} at (0,0) size 3x11
                RenderText {#text} at (0,0) size 3x11
                  text run at (0,0) width 3: " "
            RenderTableCell {TD} at (180,372) size 9x12 [bgcolor=#FDFDFB] [r=31 c=20 rs=1 cs=1]
              RenderInline {FONT} at (0,0) size 3x11
                RenderText {#text} at (0,0) size 3x11
                  text run at (0,0) width 3: " "
            RenderTableCell {TD} at (189,372) size 9x12 [bgcolor=#FDFDFB] [r=31 c=21 rs=1 cs=1]
              RenderInline {FONT} at (0,0) size 3x11
                RenderText {#text} at (0,0) size 3x11
                  text run at (0,0) width 3: " "
            RenderTableCell {TD} at (198,372) size 9x12 [bgcolor=#FDFDFB] [r=31 c=22 rs=1 cs=1]
              RenderInline {FONT} at (0,0) size 3x11
                RenderText {#text} at (0,0) size 3x11
                  text run at (0,0) width 3: " "
            RenderTableCell {TD} at (207,372) size 9x12 [bgcolor=#FDFDFB] [r=31 c=23 rs=1 cs=1]
              RenderInline {FONT} at (0,0) size 3x11
                RenderText {#text} at (0,0) size 3x11
                  text run at (0,0) width 3: " "
            RenderTableCell {TD} at (216,372) size 9x12 [bgcolor=#FDFDFB] [r=31 c=24 rs=1 cs=1]
              RenderInline {FONT} at (0,0) size 3x11
                RenderText {#text} at (0,0) size 3x11
                  text run at (0,0) width 3: " "
            RenderTableCell {TD} at (225,372) size 9x12 [bgcolor=#FDFDFB] [r=31 c=25 rs=1 cs=1]
              RenderInline {FONT} at (0,0) size 3x11
                RenderText {#text} at (0,0) size 3x11
                  text run at (0,0) width 3: " "
            RenderTableCell {TD} at (234,372) size 9x12 [bgcolor=#FDFDFB] [r=31 c=26 rs=1 cs=1]
              RenderInline {FONT} at (0,0) size 3x11
                RenderText {#text} at (0,0) size 3x11
                  text run at (0,0) width 3: " "
            RenderTableCell {TD} at (243,372) size 9x12 [bgcolor=#FDFDFB] [r=31 c=27 rs=1 cs=1]
              RenderInline {FONT} at (0,0) size 3x11
                RenderText {#text} at (0,0) size 3x11
                  text run at (0,0) width 3: " "
            RenderTableCell {TD} at (252,372) size 9x12 [bgcolor=#FDFDFB] [r=31 c=28 rs=1 cs=1]
              RenderInline {FONT} at (0,0) size 3x11
                RenderText {#text} at (0,0) size 3x11
                  text run at (0,0) width 3: " "
            RenderTableCell {TD} at (261,372) size 9x12 [bgcolor=#FDFDFB] [r=31 c=29 rs=1 cs=1]
              RenderInline {FONT} at (0,0) size 3x11
                RenderText {#text} at (0,0) size 3x11
                  text run at (0,0) width 3: " "
            RenderTableCell {TD} at (270,372) size 9x12 [bgcolor=#FDFDFB] [r=31 c=30 rs=1 cs=1]
              RenderInline {FONT} at (0,0) size 3x11
                RenderText {#text} at (0,0) size 3x11
                  text run at (0,0) width 3: " "
            RenderTableCell {TD} at (279,372) size 9x12 [bgcolor=#FDFDFB] [r=31 c=31 rs=1 cs=1]
              RenderInline {FONT} at (0,0) size 3x11
                RenderText {#text} at (0,0) size 3x11
                  text run at (0,0) width 3: " "
            RenderTableCell {TD} at (288,372) size 9x12 [bgcolor=#FDFDFB] [r=31 c=32 rs=1 cs=1]
              RenderInline {FONT} at (0,0) size 3x11
                RenderText {#text} at (0,0) size 3x11
                  text run at (0,0) width 3: " "
            RenderTableCell {TD} at (297,372) size 9x12 [bgcolor=#FDFDFB] [r=31 c=33 rs=1 cs=1]
              RenderInline {FONT} at (0,0) size 3x11
                RenderText {#text} at (0,0) size 3x11
                  text run at (0,0) width 3: " "
            RenderTableCell {TD} at (306,372) size 9x12 [bgcolor=#FDFDFB] [r=31 c=34 rs=1 cs=1]
              RenderInline {FONT} at (0,0) size 3x11
                RenderText {#text} at (0,0) size 3x11
                  text run at (0,0) width 3: " "
            RenderTableCell {TD} at (315,372) size 9x12 [bgcolor=#FDFDFB] [r=31 c=35 rs=1 cs=1]
              RenderInline {FONT} at (0,0) size 3x11
                RenderText {#text} at (0,0) size 3x11
                  text run at (0,0) width 3: " "
            RenderTableCell {TD} at (324,372) size 10x12 [bgcolor=#FDFDFB] [r=31 c=36 rs=1 cs=1]
              RenderInline {FONT} at (0,0) size 3x11
                RenderText {#text} at (0,0) size 3x11
                  text run at (0,0) width 3: " "
            RenderTableCell {TD} at (334,372) size 10x12 [bgcolor=#FDFDFB] [r=31 c=37 rs=1 cs=1]
              RenderInline {FONT} at (0,0) size 3x11
                RenderText {#text} at (0,0) size 3x11
                  text run at (0,0) width 3: " "
            RenderTableCell {TD} at (344,372) size 10x12 [bgcolor=#FDFDFB] [r=31 c=38 rs=1 cs=1]
              RenderInline {FONT} at (0,0) size 3x11
                RenderText {#text} at (0,0) size 3x11
                  text run at (0,0) width 3: " "
            RenderTableCell {TD} at (354,372) size 10x12 [bgcolor=#FDFDFB] [r=31 c=39 rs=1 cs=1]
              RenderInline {FONT} at (0,0) size 3x11
                RenderText {#text} at (0,0) size 3x11
                  text run at (0,0) width 3: " "
            RenderTableCell {TD} at (364,372) size 10x12 [bgcolor=#FDFDFB] [r=31 c=40 rs=1 cs=1]
              RenderInline {FONT} at (0,0) size 3x11
                RenderText {#text} at (0,0) size 3x11
                  text run at (0,0) width 3: " "
            RenderTableCell {TD} at (374,372) size 10x12 [bgcolor=#FDFDFB] [r=31 c=41 rs=1 cs=1]
              RenderInline {FONT} at (0,0) size 3x11
                RenderText {#text} at (0,0) size 3x11
                  text run at (0,0) width 3: " "
            RenderTableCell {TD} at (384,372) size 10x12 [bgcolor=#FDFDFB] [r=31 c=42 rs=1 cs=1]
              RenderInline {FONT} at (0,0) size 3x11
                RenderText {#text} at (0,0) size 3x11
                  text run at (0,0) width 3: " "
            RenderTableCell {TD} at (394,372) size 10x12 [bgcolor=#FDFDFB] [r=31 c=43 rs=1 cs=1]
              RenderInline {FONT} at (0,0) size 3x11
                RenderText {#text} at (0,0) size 3x11
                  text run at (0,0) width 3: " "
            RenderTableCell {TD} at (404,372) size 10x12 [bgcolor=#FDFDFB] [r=31 c=44 rs=1 cs=1]
              RenderInline {FONT} at (0,0) size 3x11
                RenderText {#text} at (0,0) size 3x11
                  text run at (0,0) width 3: " "
            RenderTableCell {TD} at (414,372) size 10x12 [bgcolor=#FDFDFB] [r=31 c=45 rs=1 cs=1]
              RenderInline {FONT} at (0,0) size 3x11
                RenderText {#text} at (0,0) size 3x11
                  text run at (0,0) width 3: " "
            RenderTableCell {TD} at (424,372) size 10x12 [bgcolor=#FDFDFB] [r=31 c=46 rs=1 cs=1]
              RenderInline {FONT} at (0,0) size 3x11
                RenderText {#text} at (0,0) size 3x11
                  text run at (0,0) width 3: " "
            RenderTableCell {TD} at (434,372) size 10x12 [bgcolor=#FDFDFB] [r=31 c=47 rs=1 cs=1]
              RenderInline {FONT} at (0,0) size 3x11
                RenderText {#text} at (0,0) size 3x11
                  text run at (0,0) width 3: " "
            RenderTableCell {TD} at (444,372) size 10x12 [bgcolor=#FDFDFB] [r=31 c=48 rs=1 cs=1]
              RenderInline {FONT} at (0,0) size 3x11
                RenderText {#text} at (0,0) size 3x11
                  text run at (0,0) width 3: " "
            RenderTableCell {TD} at (454,372) size 10x12 [bgcolor=#FDFDFB] [r=31 c=49 rs=1 cs=1]
              RenderInline {FONT} at (0,0) size 3x11
                RenderText {#text} at (0,0) size 3x11
                  text run at (0,0) width 3: " "
            RenderTableCell {TD} at (464,372) size 10x12 [bgcolor=#FDFDFB] [r=31 c=50 rs=1 cs=1]
              RenderInline {FONT} at (0,0) size 3x11
                RenderText {#text} at (0,0) size 3x11
                  text run at (0,0) width 3: " "
            RenderTableCell {TD} at (474,372) size 10x12 [bgcolor=#FDFDFB] [r=31 c=51 rs=1 cs=1]
              RenderInline {FONT} at (0,0) size 3x11
                RenderText {#text} at (0,0) size 3x11
                  text run at (0,0) width 3: " "
            RenderTableCell {TD} at (484,372) size 10x12 [bgcolor=#FDFDFB] [r=31 c=52 rs=1 cs=1]
              RenderInline {FONT} at (0,0) size 3x11
                RenderText {#text} at (0,0) size 3x11
                  text run at (0,0) width 3: " "
            RenderTableCell {TD} at (494,372) size 10x12 [bgcolor=#FDFDFB] [r=31 c=53 rs=1 cs=1]
              RenderInline {FONT} at (0,0) size 3x11
                RenderText {#text} at (0,0) size 3x11
                  text run at (0,0) width 3: " "
            RenderTableCell {TD} at (504,372) size 10x12 [bgcolor=#FDFDFB] [r=31 c=54 rs=1 cs=1]
              RenderInline {FONT} at (0,0) size 3x11
                RenderText {#text} at (0,0) size 3x11
                  text run at (0,0) width 3: " "
            RenderTableCell {TD} at (514,372) size 10x12 [bgcolor=#FDFDFB] [r=31 c=55 rs=1 cs=1]
              RenderInline {FONT} at (0,0) size 3x11
                RenderText {#text} at (0,0) size 3x11
                  text run at (0,0) width 3: " "
            RenderTableCell {TD} at (524,372) size 10x12 [bgcolor=#FDFDFB] [r=31 c=56 rs=1 cs=1]
              RenderInline {FONT} at (0,0) size 3x11
                RenderText {#text} at (0,0) size 3x11
                  text run at (0,0) width 3: " "
            RenderTableCell {TD} at (534,372) size 10x12 [bgcolor=#FDFDFB] [r=31 c=57 rs=1 cs=1]
              RenderInline {FONT} at (0,0) size 3x11
                RenderText {#text} at (0,0) size 3x11
                  text run at (0,0) width 3: " "
            RenderTableCell {TD} at (544,372) size 10x12 [bgcolor=#FDFDFB] [r=31 c=58 rs=1 cs=1]
              RenderInline {FONT} at (0,0) size 3x11
                RenderText {#text} at (0,0) size 3x11
                  text run at (0,0) width 3: " "
            RenderTableCell {TD} at (554,372) size 10x12 [bgcolor=#FDFDFB] [r=31 c=59 rs=1 cs=1]
              RenderInline {FONT} at (0,0) size 3x11
                RenderText {#text} at (0,0) size 3x11
                  text run at (0,0) width 3: " "
            RenderTableCell {TD} at (564,372) size 10x12 [bgcolor=#FDFDFB] [r=31 c=60 rs=1 cs=1]
              RenderInline {FONT} at (0,0) size 3x11
                RenderText {#text} at (0,0) size 3x11
                  text run at (0,0) width 3: " "
            RenderTableCell {TD} at (574,372) size 10x12 [bgcolor=#FDFDFB] [r=31 c=61 rs=1 cs=1]
              RenderInline {FONT} at (0,0) size 3x11
                RenderText {#text} at (0,0) size 3x11
                  text run at (0,0) width 3: " "
            RenderTableCell {TD} at (584,372) size 10x12 [bgcolor=#FDFDFB] [r=31 c=62 rs=1 cs=1]
              RenderInline {FONT} at (0,0) size 3x11
                RenderText {#text} at (0,0) size 3x11
                  text run at (0,0) width 3: " "
            RenderTableCell {TD} at (594,372) size 10x12 [bgcolor=#FDFDFB] [r=31 c=63 rs=1 cs=1]
              RenderInline {FONT} at (0,0) size 3x11
                RenderText {#text} at (0,0) size 3x11
                  text run at (0,0) width 3: " "
            RenderTableCell {TD} at (604,372) size 10x12 [bgcolor=#FDFDFB] [r=31 c=64 rs=1 cs=1]
              RenderInline {FONT} at (0,0) size 3x11
                RenderText {#text} at (0,0) size 3x11
                  text run at (0,0) width 3: " "
            RenderTableCell {TD} at (614,372) size 10x12 [bgcolor=#EDEEEF] [r=31 c=65 rs=1 cs=1]
              RenderInline {FONT} at (0,0) size 3x11
                RenderText {#text} at (0,0) size 3x11
                  text run at (0,0) width 3: " "
            RenderTableCell {TD} at (624,372) size 10x12 [bgcolor=#DEDFDF] [r=31 c=66 rs=1 cs=1]
              RenderInline {FONT} at (0,0) size 3x11
                RenderText {#text} at (0,0) size 3x11
                  text run at (0,0) width 3: " "
            RenderTableCell {TD} at (634,372) size 10x12 [bgcolor=#B4B4B4] [r=31 c=67 rs=1 cs=1]
              RenderInline {FONT} at (0,0) size 3x11
                RenderText {#text} at (0,0) size 3x11
                  text run at (0,0) width 3: " "
            RenderTableCell {TD} at (644,372) size 10x12 [bgcolor=#91A3A3] [r=31 c=68 rs=1 cs=1]
              RenderInline {FONT} at (0,0) size 3x11
                RenderText {#text} at (0,0) size 3x11
                  text run at (0,0) width 3: " "
            RenderTableCell {TD} at (654,372) size 10x12 [bgcolor=#848788] [r=31 c=69 rs=1 cs=1]
              RenderInline {FONT} at (0,0) size 3x11
                RenderText {#text} at (0,0) size 3x11
                  text run at (0,0) width 3: " "
            RenderTableCell {TD} at (664,372) size 10x12 [bgcolor=#647979] [r=31 c=70 rs=1 cs=1]
              RenderInline {FONT} at (0,0) size 3x11
                RenderText {#text} at (0,0) size 3x11
                  text run at (0,0) width 3: " "
            RenderTableCell {TD} at (674,372) size 10x12 [bgcolor=#515C5B] [r=31 c=71 rs=1 cs=1]
              RenderInline {FONT} at (0,0) size 3x11
                RenderText {#text} at (0,0) size 3x11
                  text run at (0,0) width 3: " "
            RenderTableCell {TD} at (684,372) size 10x12 [bgcolor=#425A5A] [r=31 c=72 rs=1 cs=1]
              RenderInline {FONT} at (0,0) size 3x11
                RenderText {#text} at (0,0) size 3x11
                  text run at (0,0) width 3: " "
            RenderTableCell {TD} at (694,372) size 10x12 [bgcolor=#344C4E] [r=31 c=73 rs=1 cs=1]
              RenderInline {FONT} at (0,0) size 3x11
                RenderText {#text} at (0,0) size 3x11
                  text run at (0,0) width 3: " "
            RenderTableCell {TD} at (704,372) size 10x12 [bgcolor=#344C4E] [r=31 c=74 rs=1 cs=1]
              RenderInline {FONT} at (0,0) size 3x11
                RenderText {#text} at (0,0) size 3x11
                  text run at (0,0) width 3: " "
            RenderTableCell {TD} at (714,372) size 10x12 [bgcolor=#344C4E] [r=31 c=75 rs=1 cs=1]
              RenderInline {FONT} at (0,0) size 3x11
                RenderText {#text} at (0,0) size 3x11
                  text run at (0,0) width 3: " "
            RenderTableCell {TD} at (724,372) size 10x12 [bgcolor=#274C4D] [r=31 c=76 rs=1 cs=1]
              RenderInline {FONT} at (0,0) size 3x11
                RenderText {#text} at (0,0) size 3x11
                  text run at (0,0) width 3: " "
            RenderTableCell {TD} at (734,372) size 10x12 [bgcolor=#274C4D] [r=31 c=77 rs=1 cs=1]
              RenderInline {FONT} at (0,0) size 3x11
                RenderText {#text} at (0,0) size 3x11
                  text run at (0,0) width 3: " "
            RenderTableCell {TD} at (744,372) size 10x12 [bgcolor=#223C3D] [r=31 c=78 rs=1 cs=1]
              RenderInline {FONT} at (0,0) size 3x11
                RenderText {#text} at (0,0) size 3x11
                  text run at (0,0) width 3: " "
            RenderTableCell {TD} at (754,372) size 10x12 [bgcolor=#274C4D] [r=31 c=79 rs=1 cs=1]
              RenderInline {FONT} at (0,0) size 3x11
                RenderText {#text} at (0,0) size 3x11
                  text run at (0,0) width 3: " "
            RenderTableCell {TD} at (764,372) size 10x12 [bgcolor=#274C4D] [r=31 c=80 rs=1 cs=1]
              RenderInline {FONT} at (0,0) size 3x11
                RenderText {#text} at (0,0) size 3x11
                  text run at (0,0) width 3: " "
            RenderTableCell {TD} at (774,372) size 10x12 [bgcolor=#274C4D] [r=31 c=81 rs=1 cs=1]
              RenderInline {FONT} at (0,0) size 3x11
                RenderText {#text} at (0,0) size 3x11
                  text run at (0,0) width 3: " "
            RenderTableCell {TD} at (784,372) size 10x12 [bgcolor=#344C4E] [r=31 c=82 rs=1 cs=1]
              RenderInline {FONT} at (0,0) size 3x11
                RenderText {#text} at (0,0) size 3x11
                  text run at (0,0) width 3: " "
            RenderTableCell {TD} at (794,372) size 10x12 [bgcolor=#344C4E] [r=31 c=83 rs=1 cs=1]
              RenderInline {FONT} at (0,0) size 3x11
                RenderText {#text} at (0,0) size 3x11
                  text run at (0,0) width 3: " "
            RenderTableCell {TD} at (804,372) size 10x12 [bgcolor=#344C4E] [r=31 c=84 rs=1 cs=1]
              RenderInline {FONT} at (0,0) size 3x11
                RenderText {#text} at (0,0) size 3x11
                  text run at (0,0) width 3: " "
            RenderTableCell {TD} at (814,372) size 10x12 [bgcolor=#5E5F60] [r=31 c=85 rs=1 cs=1]
              RenderInline {FONT} at (0,0) size 3x11
                RenderText {#text} at (0,0) size 3x11
                  text run at (0,0) width 3: " "
            RenderTableCell {TD} at (824,372) size 10x12 [bgcolor=#777878] [r=31 c=86 rs=1 cs=1]
              RenderInline {FONT} at (0,0) size 3x11
                RenderText {#text} at (0,0) size 3x11
                  text run at (0,0) width 3: " "
            RenderTableCell {TD} at (834,372) size 10x12 [bgcolor=#848788] [r=31 c=87 rs=1 cs=1]
              RenderInline {FONT} at (0,0) size 3x11
                RenderText {#text} at (0,0) size 3x11
                  text run at (0,0) width 3: " "
            RenderTableCell {TD} at (844,372) size 10x12 [bgcolor=#848788] [r=31 c=88 rs=1 cs=1]
              RenderInline {FONT} at (0,0) size 3x11
                RenderText {#text} at (0,0) size 3x11
                  text run at (0,0) width 3: " "
            RenderTableCell {TD} at (854,372) size 10x12 [bgcolor=#939494] [r=31 c=89 rs=1 cs=1]
              RenderInline {FONT} at (0,0) size 3x11
                RenderText {#text} at (0,0) size 3x11
                  text run at (0,0) width 3: " "
            RenderTableCell {TD} at (864,372) size 10x12 [bgcolor=#B4B4B4] [r=31 c=90 rs=1 cs=1]
              RenderInline {FONT} at (0,0) size 3x11
                RenderText {#text} at (0,0) size 3x11
                  text run at (0,0) width 3: " "
            RenderTableCell {TD} at (874,372) size 10x12 [bgcolor=#BEC2C2] [r=31 c=91 rs=1 cs=1]
              RenderInline {FONT} at (0,0) size 3x11
                RenderText {#text} at (0,0) size 3x11
                  text run at (0,0) width 3: " "
            RenderTableCell {TD} at (884,372) size 10x12 [bgcolor=#DEDFDF] [r=31 c=92 rs=1 cs=1]
              RenderInline {FONT} at (0,0) size 3x11
                RenderText {#text} at (0,0) size 3x11
                  text run at (0,0) width 3: " "
            RenderTableCell {TD} at (894,372) size 10x12 [bgcolor=#EDEEEF] [r=31 c=93 rs=1 cs=1]
              RenderInline {FONT} at (0,0) size 3x11
                RenderText {#text} at (0,0) size 3x11
                  text run at (0,0) width 3: " "
            RenderTableCell {TD} at (904,372) size 10x12 [bgcolor=#FDFDFB] [r=31 c=94 rs=1 cs=1]
              RenderInline {FONT} at (0,0) size 3x11
                RenderText {#text} at (0,0) size 3x11
                  text run at (0,0) width 3: " "
            RenderTableCell {TD} at (914,372) size 10x12 [bgcolor=#FDFDFB] [r=31 c=95 rs=1 cs=1]
              RenderInline {FONT} at (0,0) size 3x11
                RenderText {#text} at (0,0) size 3x11
                  text run at (0,0) width 3: " "
            RenderTableCell {TD} at (924,372) size 10x12 [bgcolor=#FDFDFB] [r=31 c=96 rs=1 cs=1]
              RenderInline {FONT} at (0,0) size 3x11
                RenderText {#text} at (0,0) size 3x11
                  text run at (0,0) width 3: " "
            RenderTableCell {TD} at (934,372) size 10x12 [bgcolor=#FDFDFB] [r=31 c=97 rs=1 cs=1]
              RenderInline {FONT} at (0,0) size 3x11
                RenderText {#text} at (0,0) size 3x11
                  text run at (0,0) width 3: " "
            RenderTableCell {TD} at (944,372) size 10x12 [bgcolor=#FDFDFB] [r=31 c=98 rs=1 cs=1]
              RenderInline {FONT} at (0,0) size 3x11
                RenderText {#text} at (0,0) size 3x11
                  text run at (0,0) width 3: " "
            RenderTableCell {TD} at (954,372) size 10x12 [bgcolor=#FDFDFB] [r=31 c=99 rs=1 cs=1]
              RenderInline {FONT} at (0,0) size 3x11
                RenderText {#text} at (0,0) size 3x11
                  text run at (0,0) width 3: " "
          RenderTableRow {TR} at (0,384) size 964x12
            RenderTableCell {TD} at (0,384) size 9x12 [bgcolor=#FDFDFB] [r=32 c=0 rs=1 cs=1]
              RenderInline {FONT} at (0,0) size 3x11
                RenderText {#text} at (0,0) size 3x11
                  text run at (0,0) width 3: " "
            RenderTableCell {TD} at (9,384) size 9x12 [bgcolor=#FDFDFB] [r=32 c=1 rs=1 cs=1]
              RenderInline {FONT} at (0,0) size 3x11
                RenderText {#text} at (0,0) size 3x11
                  text run at (0,0) width 3: " "
            RenderTableCell {TD} at (18,384) size 9x12 [bgcolor=#FDFDFB] [r=32 c=2 rs=1 cs=1]
              RenderInline {FONT} at (0,0) size 3x11
                RenderText {#text} at (0,0) size 3x11
                  text run at (0,0) width 3: " "
            RenderTableCell {TD} at (27,384) size 9x12 [bgcolor=#FDFDFB] [r=32 c=3 rs=1 cs=1]
              RenderInline {FONT} at (0,0) size 3x11
                RenderText {#text} at (0,0) size 3x11
                  text run at (0,0) width 3: " "
            RenderTableCell {TD} at (36,384) size 9x12 [bgcolor=#FDFDFB] [r=32 c=4 rs=1 cs=1]
              RenderInline {FONT} at (0,0) size 3x11
                RenderText {#text} at (0,0) size 3x11
                  text run at (0,0) width 3: " "
            RenderTableCell {TD} at (45,384) size 9x12 [bgcolor=#FDFDFB] [r=32 c=5 rs=1 cs=1]
              RenderInline {FONT} at (0,0) size 3x11
                RenderText {#text} at (0,0) size 3x11
                  text run at (0,0) width 3: " "
            RenderTableCell {TD} at (54,384) size 9x12 [bgcolor=#FDFDFB] [r=32 c=6 rs=1 cs=1]
              RenderInline {FONT} at (0,0) size 3x11
                RenderText {#text} at (0,0) size 3x11
                  text run at (0,0) width 3: " "
            RenderTableCell {TD} at (63,384) size 9x12 [bgcolor=#FDFDFB] [r=32 c=7 rs=1 cs=1]
              RenderInline {FONT} at (0,0) size 3x11
                RenderText {#text} at (0,0) size 3x11
                  text run at (0,0) width 3: " "
            RenderTableCell {TD} at (72,384) size 9x12 [bgcolor=#FDFDFB] [r=32 c=8 rs=1 cs=1]
              RenderInline {FONT} at (0,0) size 3x11
                RenderText {#text} at (0,0) size 3x11
                  text run at (0,0) width 3: " "
            RenderTableCell {TD} at (81,384) size 9x12 [bgcolor=#FDFDFB] [r=32 c=9 rs=1 cs=1]
              RenderInline {FONT} at (0,0) size 3x11
                RenderText {#text} at (0,0) size 3x11
                  text run at (0,0) width 3: " "
            RenderTableCell {TD} at (90,384) size 9x12 [bgcolor=#FDFDFB] [r=32 c=10 rs=1 cs=1]
              RenderInline {FONT} at (0,0) size 3x11
                RenderText {#text} at (0,0) size 3x11
                  text run at (0,0) width 3: " "
            RenderTableCell {TD} at (99,384) size 9x12 [bgcolor=#FDFDFB] [r=32 c=11 rs=1 cs=1]
              RenderInline {FONT} at (0,0) size 3x11
                RenderText {#text} at (0,0) size 3x11
                  text run at (0,0) width 3: " "
            RenderTableCell {TD} at (108,384) size 9x12 [bgcolor=#FDFDFB] [r=32 c=12 rs=1 cs=1]
              RenderInline {FONT} at (0,0) size 3x11
                RenderText {#text} at (0,0) size 3x11
                  text run at (0,0) width 3: " "
            RenderTableCell {TD} at (117,384) size 9x12 [bgcolor=#FDFDFB] [r=32 c=13 rs=1 cs=1]
              RenderInline {FONT} at (0,0) size 3x11
                RenderText {#text} at (0,0) size 3x11
                  text run at (0,0) width 3: " "
            RenderTableCell {TD} at (126,384) size 9x12 [bgcolor=#FDFDFB] [r=32 c=14 rs=1 cs=1]
              RenderInline {FONT} at (0,0) size 3x11
                RenderText {#text} at (0,0) size 3x11
                  text run at (0,0) width 3: " "
            RenderTableCell {TD} at (135,384) size 9x12 [bgcolor=#FDFDFB] [r=32 c=15 rs=1 cs=1]
              RenderInline {FONT} at (0,0) size 3x11
                RenderText {#text} at (0,0) size 3x11
                  text run at (0,0) width 3: " "
            RenderTableCell {TD} at (144,384) size 9x12 [bgcolor=#FDFDFB] [r=32 c=16 rs=1 cs=1]
              RenderInline {FONT} at (0,0) size 3x11
                RenderText {#text} at (0,0) size 3x11
                  text run at (0,0) width 3: " "
            RenderTableCell {TD} at (153,384) size 9x12 [bgcolor=#FDFDFB] [r=32 c=17 rs=1 cs=1]
              RenderInline {FONT} at (0,0) size 3x11
                RenderText {#text} at (0,0) size 3x11
                  text run at (0,0) width 3: " "
            RenderTableCell {TD} at (162,384) size 9x12 [bgcolor=#FDFDFB] [r=32 c=18 rs=1 cs=1]
              RenderInline {FONT} at (0,0) size 3x11
                RenderText {#text} at (0,0) size 3x11
                  text run at (0,0) width 3: " "
            RenderTableCell {TD} at (171,384) size 9x12 [bgcolor=#FDFDFB] [r=32 c=19 rs=1 cs=1]
              RenderInline {FONT} at (0,0) size 3x11
                RenderText {#text} at (0,0) size 3x11
                  text run at (0,0) width 3: " "
            RenderTableCell {TD} at (180,384) size 9x12 [bgcolor=#FDFDFB] [r=32 c=20 rs=1 cs=1]
              RenderInline {FONT} at (0,0) size 3x11
                RenderText {#text} at (0,0) size 3x11
                  text run at (0,0) width 3: " "
            RenderTableCell {TD} at (189,384) size 9x12 [bgcolor=#FDFDFB] [r=32 c=21 rs=1 cs=1]
              RenderInline {FONT} at (0,0) size 3x11
                RenderText {#text} at (0,0) size 3x11
                  text run at (0,0) width 3: " "
            RenderTableCell {TD} at (198,384) size 9x12 [bgcolor=#FDFDFB] [r=32 c=22 rs=1 cs=1]
              RenderInline {FONT} at (0,0) size 3x11
                RenderText {#text} at (0,0) size 3x11
                  text run at (0,0) width 3: " "
            RenderTableCell {TD} at (207,384) size 9x12 [bgcolor=#FDFDFB] [r=32 c=23 rs=1 cs=1]
              RenderInline {FONT} at (0,0) size 3x11
                RenderText {#text} at (0,0) size 3x11
                  text run at (0,0) width 3: " "
            RenderTableCell {TD} at (216,384) size 9x12 [bgcolor=#FDFDFB] [r=32 c=24 rs=1 cs=1]
              RenderInline {FONT} at (0,0) size 3x11
                RenderText {#text} at (0,0) size 3x11
                  text run at (0,0) width 3: " "
            RenderTableCell {TD} at (225,384) size 9x12 [bgcolor=#FDFDFB] [r=32 c=25 rs=1 cs=1]
              RenderInline {FONT} at (0,0) size 3x11
                RenderText {#text} at (0,0) size 3x11
                  text run at (0,0) width 3: " "
            RenderTableCell {TD} at (234,384) size 9x12 [bgcolor=#FDFDFB] [r=32 c=26 rs=1 cs=1]
              RenderInline {FONT} at (0,0) size 3x11
                RenderText {#text} at (0,0) size 3x11
                  text run at (0,0) width 3: " "
            RenderTableCell {TD} at (243,384) size 9x12 [bgcolor=#FDFDFB] [r=32 c=27 rs=1 cs=1]
              RenderInline {FONT} at (0,0) size 3x11
                RenderText {#text} at (0,0) size 3x11
                  text run at (0,0) width 3: " "
            RenderTableCell {TD} at (252,384) size 9x12 [bgcolor=#FDFDFB] [r=32 c=28 rs=1 cs=1]
              RenderInline {FONT} at (0,0) size 3x11
                RenderText {#text} at (0,0) size 3x11
                  text run at (0,0) width 3: " "
            RenderTableCell {TD} at (261,384) size 9x12 [bgcolor=#FDFDFB] [r=32 c=29 rs=1 cs=1]
              RenderInline {FONT} at (0,0) size 3x11
                RenderText {#text} at (0,0) size 3x11
                  text run at (0,0) width 3: " "
            RenderTableCell {TD} at (270,384) size 9x12 [bgcolor=#FDFDFB] [r=32 c=30 rs=1 cs=1]
              RenderInline {FONT} at (0,0) size 3x11
                RenderText {#text} at (0,0) size 3x11
                  text run at (0,0) width 3: " "
            RenderTableCell {TD} at (279,384) size 9x12 [bgcolor=#FDFDFB] [r=32 c=31 rs=1 cs=1]
              RenderInline {FONT} at (0,0) size 3x11
                RenderText {#text} at (0,0) size 3x11
                  text run at (0,0) width 3: " "
            RenderTableCell {TD} at (288,384) size 9x12 [bgcolor=#FDFDFB] [r=32 c=32 rs=1 cs=1]
              RenderInline {FONT} at (0,0) size 3x11
                RenderText {#text} at (0,0) size 3x11
                  text run at (0,0) width 3: " "
            RenderTableCell {TD} at (297,384) size 9x12 [bgcolor=#FDFDFB] [r=32 c=33 rs=1 cs=1]
              RenderInline {FONT} at (0,0) size 3x11
                RenderText {#text} at (0,0) size 3x11
                  text run at (0,0) width 3: " "
            RenderTableCell {TD} at (306,384) size 9x12 [bgcolor=#FDFDFB] [r=32 c=34 rs=1 cs=1]
              RenderInline {FONT} at (0,0) size 3x11
                RenderText {#text} at (0,0) size 3x11
                  text run at (0,0) width 3: " "
            RenderTableCell {TD} at (315,384) size 9x12 [bgcolor=#FDFDFB] [r=32 c=35 rs=1 cs=1]
              RenderInline {FONT} at (0,0) size 3x11
                RenderText {#text} at (0,0) size 3x11
                  text run at (0,0) width 3: " "
            RenderTableCell {TD} at (324,384) size 10x12 [bgcolor=#FDFDFB] [r=32 c=36 rs=1 cs=1]
              RenderInline {FONT} at (0,0) size 3x11
                RenderText {#text} at (0,0) size 3x11
                  text run at (0,0) width 3: " "
            RenderTableCell {TD} at (334,384) size 10x12 [bgcolor=#FDFDFB] [r=32 c=37 rs=1 cs=1]
              RenderInline {FONT} at (0,0) size 3x11
                RenderText {#text} at (0,0) size 3x11
                  text run at (0,0) width 3: " "
            RenderTableCell {TD} at (344,384) size 10x12 [bgcolor=#FDFDFB] [r=32 c=38 rs=1 cs=1]
              RenderInline {FONT} at (0,0) size 3x11
                RenderText {#text} at (0,0) size 3x11
                  text run at (0,0) width 3: " "
            RenderTableCell {TD} at (354,384) size 10x12 [bgcolor=#FDFDFB] [r=32 c=39 rs=1 cs=1]
              RenderInline {FONT} at (0,0) size 3x11
                RenderText {#text} at (0,0) size 3x11
                  text run at (0,0) width 3: " "
            RenderTableCell {TD} at (364,384) size 10x12 [bgcolor=#FDFDFB] [r=32 c=40 rs=1 cs=1]
              RenderInline {FONT} at (0,0) size 3x11
                RenderText {#text} at (0,0) size 3x11
                  text run at (0,0) width 3: " "
            RenderTableCell {TD} at (374,384) size 10x12 [bgcolor=#FDFDFB] [r=32 c=41 rs=1 cs=1]
              RenderInline {FONT} at (0,0) size 3x11
                RenderText {#text} at (0,0) size 3x11
                  text run at (0,0) width 3: " "
            RenderTableCell {TD} at (384,384) size 10x12 [bgcolor=#FDFDFB] [r=32 c=42 rs=1 cs=1]
              RenderInline {FONT} at (0,0) size 3x11
                RenderText {#text} at (0,0) size 3x11
                  text run at (0,0) width 3: " "
            RenderTableCell {TD} at (394,384) size 10x12 [bgcolor=#FDFDFB] [r=32 c=43 rs=1 cs=1]
              RenderInline {FONT} at (0,0) size 3x11
                RenderText {#text} at (0,0) size 3x11
                  text run at (0,0) width 3: " "
            RenderTableCell {TD} at (404,384) size 10x12 [bgcolor=#FDFDFB] [r=32 c=44 rs=1 cs=1]
              RenderInline {FONT} at (0,0) size 3x11
                RenderText {#text} at (0,0) size 3x11
                  text run at (0,0) width 3: " "
            RenderTableCell {TD} at (414,384) size 10x12 [bgcolor=#FDFDFB] [r=32 c=45 rs=1 cs=1]
              RenderInline {FONT} at (0,0) size 3x11
                RenderText {#text} at (0,0) size 3x11
                  text run at (0,0) width 3: " "
            RenderTableCell {TD} at (424,384) size 10x12 [bgcolor=#FDFDFB] [r=32 c=46 rs=1 cs=1]
              RenderInline {FONT} at (0,0) size 3x11
                RenderText {#text} at (0,0) size 3x11
                  text run at (0,0) width 3: " "
            RenderTableCell {TD} at (434,384) size 10x12 [bgcolor=#FDFDFB] [r=32 c=47 rs=1 cs=1]
              RenderInline {FONT} at (0,0) size 3x11
                RenderText {#text} at (0,0) size 3x11
                  text run at (0,0) width 3: " "
            RenderTableCell {TD} at (444,384) size 10x12 [bgcolor=#FDFDFB] [r=32 c=48 rs=1 cs=1]
              RenderInline {FONT} at (0,0) size 3x11
                RenderText {#text} at (0,0) size 3x11
                  text run at (0,0) width 3: " "
            RenderTableCell {TD} at (454,384) size 10x12 [bgcolor=#FDFDFB] [r=32 c=49 rs=1 cs=1]
              RenderInline {FONT} at (0,0) size 3x11
                RenderText {#text} at (0,0) size 3x11
                  text run at (0,0) width 3: " "
            RenderTableCell {TD} at (464,384) size 10x12 [bgcolor=#FDFDFB] [r=32 c=50 rs=1 cs=1]
              RenderInline {FONT} at (0,0) size 3x11
                RenderText {#text} at (0,0) size 3x11
                  text run at (0,0) width 3: " "
            RenderTableCell {TD} at (474,384) size 10x12 [bgcolor=#FDFDFB] [r=32 c=51 rs=1 cs=1]
              RenderInline {FONT} at (0,0) size 3x11
                RenderText {#text} at (0,0) size 3x11
                  text run at (0,0) width 3: " "
            RenderTableCell {TD} at (484,384) size 10x12 [bgcolor=#FDFDFB] [r=32 c=52 rs=1 cs=1]
              RenderInline {FONT} at (0,0) size 3x11
                RenderText {#text} at (0,0) size 3x11
                  text run at (0,0) width 3: " "
            RenderTableCell {TD} at (494,384) size 10x12 [bgcolor=#FDFDFB] [r=32 c=53 rs=1 cs=1]
              RenderInline {FONT} at (0,0) size 3x11
                RenderText {#text} at (0,0) size 3x11
                  text run at (0,0) width 3: " "
            RenderTableCell {TD} at (504,384) size 10x12 [bgcolor=#FDFDFB] [r=32 c=54 rs=1 cs=1]
              RenderInline {FONT} at (0,0) size 3x11
                RenderText {#text} at (0,0) size 3x11
                  text run at (0,0) width 3: " "
            RenderTableCell {TD} at (514,384) size 10x12 [bgcolor=#FDFDFB] [r=32 c=55 rs=1 cs=1]
              RenderInline {FONT} at (0,0) size 3x11
                RenderText {#text} at (0,0) size 3x11
                  text run at (0,0) width 3: " "
            RenderTableCell {TD} at (524,384) size 10x12 [bgcolor=#FDFDFB] [r=32 c=56 rs=1 cs=1]
              RenderInline {FONT} at (0,0) size 3x11
                RenderText {#text} at (0,0) size 3x11
                  text run at (0,0) width 3: " "
            RenderTableCell {TD} at (534,384) size 10x12 [bgcolor=#FDFDFB] [r=32 c=57 rs=1 cs=1]
              RenderInline {FONT} at (0,0) size 3x11
                RenderText {#text} at (0,0) size 3x11
                  text run at (0,0) width 3: " "
            RenderTableCell {TD} at (544,384) size 10x12 [bgcolor=#FDFDFB] [r=32 c=58 rs=1 cs=1]
              RenderInline {FONT} at (0,0) size 3x11
                RenderText {#text} at (0,0) size 3x11
                  text run at (0,0) width 3: " "
            RenderTableCell {TD} at (554,384) size 10x12 [bgcolor=#FDFDFB] [r=32 c=59 rs=1 cs=1]
              RenderInline {FONT} at (0,0) size 3x11
                RenderText {#text} at (0,0) size 3x11
                  text run at (0,0) width 3: " "
            RenderTableCell {TD} at (564,384) size 10x12 [bgcolor=#FDFDFB] [r=32 c=60 rs=1 cs=1]
              RenderInline {FONT} at (0,0) size 3x11
                RenderText {#text} at (0,0) size 3x11
                  text run at (0,0) width 3: " "
            RenderTableCell {TD} at (574,384) size 10x12 [bgcolor=#FDFDFB] [r=32 c=61 rs=1 cs=1]
              RenderInline {FONT} at (0,0) size 3x11
                RenderText {#text} at (0,0) size 3x11
                  text run at (0,0) width 3: " "
            RenderTableCell {TD} at (584,384) size 10x12 [bgcolor=#FDFDFB] [r=32 c=62 rs=1 cs=1]
              RenderInline {FONT} at (0,0) size 3x11
                RenderText {#text} at (0,0) size 3x11
                  text run at (0,0) width 3: " "
            RenderTableCell {TD} at (594,384) size 10x12 [bgcolor=#FDFDFB] [r=32 c=63 rs=1 cs=1]
              RenderInline {FONT} at (0,0) size 3x11
                RenderText {#text} at (0,0) size 3x11
                  text run at (0,0) width 3: " "
            RenderTableCell {TD} at (604,384) size 10x12 [bgcolor=#FDFDFB] [r=32 c=64 rs=1 cs=1]
              RenderInline {FONT} at (0,0) size 3x11
                RenderText {#text} at (0,0) size 3x11
                  text run at (0,0) width 3: " "
            RenderTableCell {TD} at (614,384) size 10x12 [bgcolor=#FDFDFB] [r=32 c=65 rs=1 cs=1]
              RenderInline {FONT} at (0,0) size 3x11
                RenderText {#text} at (0,0) size 3x11
                  text run at (0,0) width 3: " "
            RenderTableCell {TD} at (624,384) size 10x12 [bgcolor=#EDEEEF] [r=32 c=66 rs=1 cs=1]
              RenderInline {FONT} at (0,0) size 3x11
                RenderText {#text} at (0,0) size 3x11
                  text run at (0,0) width 3: " "
            RenderTableCell {TD} at (634,384) size 10x12 [bgcolor=#DEDFDF] [r=32 c=67 rs=1 cs=1]
              RenderInline {FONT} at (0,0) size 3x11
                RenderText {#text} at (0,0) size 3x11
                  text run at (0,0) width 3: " "
            RenderTableCell {TD} at (644,384) size 10x12 [bgcolor=#CECFCF] [r=32 c=68 rs=1 cs=1]
              RenderInline {FONT} at (0,0) size 3x11
                RenderText {#text} at (0,0) size 3x11
                  text run at (0,0) width 3: " "
            RenderTableCell {TD} at (654,384) size 10x12 [bgcolor=#BEC2C2] [r=32 c=69 rs=1 cs=1]
              RenderInline {FONT} at (0,0) size 3x11
                RenderText {#text} at (0,0) size 3x11
                  text run at (0,0) width 3: " "
            RenderTableCell {TD} at (664,384) size 10x12 [bgcolor=#B4B4B4] [r=32 c=70 rs=1 cs=1]
              RenderInline {FONT} at (0,0) size 3x11
                RenderText {#text} at (0,0) size 3x11
                  text run at (0,0) width 3: " "
            RenderTableCell {TD} at (674,384) size 10x12 [bgcolor=#B4B4B4] [r=32 c=71 rs=1 cs=1]
              RenderInline {FONT} at (0,0) size 3x11
                RenderText {#text} at (0,0) size 3x11
                  text run at (0,0) width 3: " "
            RenderTableCell {TD} at (684,384) size 10x12 [bgcolor=#A5A6A6] [r=32 c=72 rs=1 cs=1]
              RenderInline {FONT} at (0,0) size 3x11
                RenderText {#text} at (0,0) size 3x11
                  text run at (0,0) width 3: " "
            RenderTableCell {TD} at (694,384) size 10x12 [bgcolor=#91A3A3] [r=32 c=73 rs=1 cs=1]
              RenderInline {FONT} at (0,0) size 3x11
                RenderText {#text} at (0,0) size 3x11
                  text run at (0,0) width 3: " "
            RenderTableCell {TD} at (704,384) size 10x12 [bgcolor=#939494] [r=32 c=74 rs=1 cs=1]
              RenderInline {FONT} at (0,0) size 3x11
                RenderText {#text} at (0,0) size 3x11
                  text run at (0,0) width 3: " "
            RenderTableCell {TD} at (714,384) size 10x12 [bgcolor=#939494] [r=32 c=75 rs=1 cs=1]
              RenderInline {FONT} at (0,0) size 3x11
                RenderText {#text} at (0,0) size 3x11
                  text run at (0,0) width 3: " "
            RenderTableCell {TD} at (724,384) size 10x12 [bgcolor=#939494] [r=32 c=76 rs=1 cs=1]
              RenderInline {FONT} at (0,0) size 3x11
                RenderText {#text} at (0,0) size 3x11
                  text run at (0,0) width 3: " "
            RenderTableCell {TD} at (734,384) size 10x12 [bgcolor=#939494] [r=32 c=77 rs=1 cs=1]
              RenderInline {FONT} at (0,0) size 3x11
                RenderText {#text} at (0,0) size 3x11
                  text run at (0,0) width 3: " "
            RenderTableCell {TD} at (744,384) size 10x12 [bgcolor=#848788] [r=32 c=78 rs=1 cs=1]
              RenderInline {FONT} at (0,0) size 3x11
                RenderText {#text} at (0,0) size 3x11
                  text run at (0,0) width 3: " "
            RenderTableCell {TD} at (754,384) size 10x12 [bgcolor=#939494] [r=32 c=79 rs=1 cs=1]
              RenderInline {FONT} at (0,0) size 3x11
                RenderText {#text} at (0,0) size 3x11
                  text run at (0,0) width 3: " "
            RenderTableCell {TD} at (764,384) size 10x12 [bgcolor=#939494] [r=32 c=80 rs=1 cs=1]
              RenderInline {FONT} at (0,0) size 3x11
                RenderText {#text} at (0,0) size 3x11
                  text run at (0,0) width 3: " "
            RenderTableCell {TD} at (774,384) size 10x12 [bgcolor=#939494] [r=32 c=81 rs=1 cs=1]
              RenderInline {FONT} at (0,0) size 3x11
                RenderText {#text} at (0,0) size 3x11
                  text run at (0,0) width 3: " "
            RenderTableCell {TD} at (784,384) size 10x12 [bgcolor=#939494] [r=32 c=82 rs=1 cs=1]
              RenderInline {FONT} at (0,0) size 3x11
                RenderText {#text} at (0,0) size 3x11
                  text run at (0,0) width 3: " "
            RenderTableCell {TD} at (794,384) size 10x12 [bgcolor=#939494] [r=32 c=83 rs=1 cs=1]
              RenderInline {FONT} at (0,0) size 3x11
                RenderText {#text} at (0,0) size 3x11
                  text run at (0,0) width 3: " "
            RenderTableCell {TD} at (804,384) size 10x12 [bgcolor=#939494] [r=32 c=84 rs=1 cs=1]
              RenderInline {FONT} at (0,0) size 3x11
                RenderText {#text} at (0,0) size 3x11
                  text run at (0,0) width 3: " "
            RenderTableCell {TD} at (814,384) size 10x12 [bgcolor=#A5A6A6] [r=32 c=85 rs=1 cs=1]
              RenderInline {FONT} at (0,0) size 3x11
                RenderText {#text} at (0,0) size 3x11
                  text run at (0,0) width 3: " "
            RenderTableCell {TD} at (824,384) size 10x12 [bgcolor=#A5A6A6] [r=32 c=86 rs=1 cs=1]
              RenderInline {FONT} at (0,0) size 3x11
                RenderText {#text} at (0,0) size 3x11
                  text run at (0,0) width 3: " "
            RenderTableCell {TD} at (834,384) size 10x12 [bgcolor=#B4B4B4] [r=32 c=87 rs=1 cs=1]
              RenderInline {FONT} at (0,0) size 3x11
                RenderText {#text} at (0,0) size 3x11
                  text run at (0,0) width 3: " "
            RenderTableCell {TD} at (844,384) size 10x12 [bgcolor=#BEC2C2] [r=32 c=88 rs=1 cs=1]
              RenderInline {FONT} at (0,0) size 3x11
                RenderText {#text} at (0,0) size 3x11
                  text run at (0,0) width 3: " "
            RenderTableCell {TD} at (854,384) size 10x12 [bgcolor=#CECFCF] [r=32 c=89 rs=1 cs=1]
              RenderInline {FONT} at (0,0) size 3x11
                RenderText {#text} at (0,0) size 3x11
                  text run at (0,0) width 3: " "
            RenderTableCell {TD} at (864,384) size 10x12 [bgcolor=#DEDFDF] [r=32 c=90 rs=1 cs=1]
              RenderInline {FONT} at (0,0) size 3x11
                RenderText {#text} at (0,0) size 3x11
                  text run at (0,0) width 3: " "
            RenderTableCell {TD} at (874,384) size 10x12 [bgcolor=#EDEEEF] [r=32 c=91 rs=1 cs=1]
              RenderInline {FONT} at (0,0) size 3x11
                RenderText {#text} at (0,0) size 3x11
                  text run at (0,0) width 3: " "
            RenderTableCell {TD} at (884,384) size 10x12 [bgcolor=#FDFDFB] [r=32 c=92 rs=1 cs=1]
              RenderInline {FONT} at (0,0) size 3x11
                RenderText {#text} at (0,0) size 3x11
                  text run at (0,0) width 3: " "
            RenderTableCell {TD} at (894,384) size 10x12 [bgcolor=#FDFDFB] [r=32 c=93 rs=1 cs=1]
              RenderInline {FONT} at (0,0) size 3x11
                RenderText {#text} at (0,0) size 3x11
                  text run at (0,0) width 3: " "
            RenderTableCell {TD} at (904,384) size 10x12 [bgcolor=#FDFDFB] [r=32 c=94 rs=1 cs=1]
              RenderInline {FONT} at (0,0) size 3x11
                RenderText {#text} at (0,0) size 3x11
                  text run at (0,0) width 3: " "
            RenderTableCell {TD} at (914,384) size 10x12 [bgcolor=#FDFDFB] [r=32 c=95 rs=1 cs=1]
              RenderInline {FONT} at (0,0) size 3x11
                RenderText {#text} at (0,0) size 3x11
                  text run at (0,0) width 3: " "
            RenderTableCell {TD} at (924,384) size 10x12 [bgcolor=#FDFDFB] [r=32 c=96 rs=1 cs=1]
              RenderInline {FONT} at (0,0) size 3x11
                RenderText {#text} at (0,0) size 3x11
                  text run at (0,0) width 3: " "
            RenderTableCell {TD} at (934,384) size 10x12 [bgcolor=#FDFDFB] [r=32 c=97 rs=1 cs=1]
              RenderInline {FONT} at (0,0) size 3x11
                RenderText {#text} at (0,0) size 3x11
                  text run at (0,0) width 3: " "
            RenderTableCell {TD} at (944,384) size 10x12 [bgcolor=#FDFDFB] [r=32 c=98 rs=1 cs=1]
              RenderInline {FONT} at (0,0) size 3x11
                RenderText {#text} at (0,0) size 3x11
                  text run at (0,0) width 3: " "
            RenderTableCell {TD} at (954,384) size 10x12 [bgcolor=#FDFDFB] [r=32 c=99 rs=1 cs=1]
              RenderInline {FONT} at (0,0) size 3x11
                RenderText {#text} at (0,0) size 3x11
                  text run at (0,0) width 3: " "
          RenderTableRow {TR} at (0,396) size 964x12
            RenderTableCell {TD} at (0,396) size 9x12 [bgcolor=#FDFDFB] [r=33 c=0 rs=1 cs=1]
              RenderInline {FONT} at (0,0) size 3x11
                RenderText {#text} at (0,0) size 3x11
                  text run at (0,0) width 3: " "
            RenderTableCell {TD} at (9,396) size 9x12 [bgcolor=#FDFDFB] [r=33 c=1 rs=1 cs=1]
              RenderInline {FONT} at (0,0) size 3x11
                RenderText {#text} at (0,0) size 3x11
                  text run at (0,0) width 3: " "
            RenderTableCell {TD} at (18,396) size 9x12 [bgcolor=#FDFDFB] [r=33 c=2 rs=1 cs=1]
              RenderInline {FONT} at (0,0) size 3x11
                RenderText {#text} at (0,0) size 3x11
                  text run at (0,0) width 3: " "
            RenderTableCell {TD} at (27,396) size 9x12 [bgcolor=#FDFDFB] [r=33 c=3 rs=1 cs=1]
              RenderInline {FONT} at (0,0) size 3x11
                RenderText {#text} at (0,0) size 3x11
                  text run at (0,0) width 3: " "
            RenderTableCell {TD} at (36,396) size 9x12 [bgcolor=#FDFDFB] [r=33 c=4 rs=1 cs=1]
              RenderInline {FONT} at (0,0) size 3x11
                RenderText {#text} at (0,0) size 3x11
                  text run at (0,0) width 3: " "
            RenderTableCell {TD} at (45,396) size 9x12 [bgcolor=#FDFDFB] [r=33 c=5 rs=1 cs=1]
              RenderInline {FONT} at (0,0) size 3x11
                RenderText {#text} at (0,0) size 3x11
                  text run at (0,0) width 3: " "
            RenderTableCell {TD} at (54,396) size 9x12 [bgcolor=#FDFDFB] [r=33 c=6 rs=1 cs=1]
              RenderInline {FONT} at (0,0) size 3x11
                RenderText {#text} at (0,0) size 3x11
                  text run at (0,0) width 3: " "
            RenderTableCell {TD} at (63,396) size 9x12 [bgcolor=#FDFDFB] [r=33 c=7 rs=1 cs=1]
              RenderInline {FONT} at (0,0) size 3x11
                RenderText {#text} at (0,0) size 3x11
                  text run at (0,0) width 3: " "
            RenderTableCell {TD} at (72,396) size 9x12 [bgcolor=#FDFDFB] [r=33 c=8 rs=1 cs=1]
              RenderInline {FONT} at (0,0) size 3x11
                RenderText {#text} at (0,0) size 3x11
                  text run at (0,0) width 3: " "
            RenderTableCell {TD} at (81,396) size 9x12 [bgcolor=#FDFDFB] [r=33 c=9 rs=1 cs=1]
              RenderInline {FONT} at (0,0) size 3x11
                RenderText {#text} at (0,0) size 3x11
                  text run at (0,0) width 3: " "
            RenderTableCell {TD} at (90,396) size 9x12 [bgcolor=#FDFDFB] [r=33 c=10 rs=1 cs=1]
              RenderInline {FONT} at (0,0) size 3x11
                RenderText {#text} at (0,0) size 3x11
                  text run at (0,0) width 3: " "
            RenderTableCell {TD} at (99,396) size 9x12 [bgcolor=#FDFDFB] [r=33 c=11 rs=1 cs=1]
              RenderInline {FONT} at (0,0) size 3x11
                RenderText {#text} at (0,0) size 3x11
                  text run at (0,0) width 3: " "
            RenderTableCell {TD} at (108,396) size 9x12 [bgcolor=#FDFDFB] [r=33 c=12 rs=1 cs=1]
              RenderInline {FONT} at (0,0) size 3x11
                RenderText {#text} at (0,0) size 3x11
                  text run at (0,0) width 3: " "
            RenderTableCell {TD} at (117,396) size 9x12 [bgcolor=#FDFDFB] [r=33 c=13 rs=1 cs=1]
              RenderInline {FONT} at (0,0) size 3x11
                RenderText {#text} at (0,0) size 3x11
                  text run at (0,0) width 3: " "
            RenderTableCell {TD} at (126,396) size 9x12 [bgcolor=#FDFDFB] [r=33 c=14 rs=1 cs=1]
              RenderInline {FONT} at (0,0) size 3x11
                RenderText {#text} at (0,0) size 3x11
                  text run at (0,0) width 3: " "
            RenderTableCell {TD} at (135,396) size 9x12 [bgcolor=#FDFDFB] [r=33 c=15 rs=1 cs=1]
              RenderInline {FONT} at (0,0) size 3x11
                RenderText {#text} at (0,0) size 3x11
                  text run at (0,0) width 3: " "
            RenderTableCell {TD} at (144,396) size 9x12 [bgcolor=#FDFDFB] [r=33 c=16 rs=1 cs=1]
              RenderInline {FONT} at (0,0) size 3x11
                RenderText {#text} at (0,0) size 3x11
                  text run at (0,0) width 3: " "
            RenderTableCell {TD} at (153,396) size 9x12 [bgcolor=#FDFDFB] [r=33 c=17 rs=1 cs=1]
              RenderInline {FONT} at (0,0) size 3x11
                RenderText {#text} at (0,0) size 3x11
                  text run at (0,0) width 3: " "
            RenderTableCell {TD} at (162,396) size 9x12 [bgcolor=#FDFDFB] [r=33 c=18 rs=1 cs=1]
              RenderInline {FONT} at (0,0) size 3x11
                RenderText {#text} at (0,0) size 3x11
                  text run at (0,0) width 3: " "
            RenderTableCell {TD} at (171,396) size 9x12 [bgcolor=#FDFDFB] [r=33 c=19 rs=1 cs=1]
              RenderInline {FONT} at (0,0) size 3x11
                RenderText {#text} at (0,0) size 3x11
                  text run at (0,0) width 3: " "
            RenderTableCell {TD} at (180,396) size 9x12 [bgcolor=#FDFDFB] [r=33 c=20 rs=1 cs=1]
              RenderInline {FONT} at (0,0) size 3x11
                RenderText {#text} at (0,0) size 3x11
                  text run at (0,0) width 3: " "
            RenderTableCell {TD} at (189,396) size 9x12 [bgcolor=#FDFDFB] [r=33 c=21 rs=1 cs=1]
              RenderInline {FONT} at (0,0) size 3x11
                RenderText {#text} at (0,0) size 3x11
                  text run at (0,0) width 3: " "
            RenderTableCell {TD} at (198,396) size 9x12 [bgcolor=#FDFDFB] [r=33 c=22 rs=1 cs=1]
              RenderInline {FONT} at (0,0) size 3x11
                RenderText {#text} at (0,0) size 3x11
                  text run at (0,0) width 3: " "
            RenderTableCell {TD} at (207,396) size 9x12 [bgcolor=#FDFDFB] [r=33 c=23 rs=1 cs=1]
              RenderInline {FONT} at (0,0) size 3x11
                RenderText {#text} at (0,0) size 3x11
                  text run at (0,0) width 3: " "
            RenderTableCell {TD} at (216,396) size 9x12 [bgcolor=#FDFDFB] [r=33 c=24 rs=1 cs=1]
              RenderInline {FONT} at (0,0) size 3x11
                RenderText {#text} at (0,0) size 3x11
                  text run at (0,0) width 3: " "
            RenderTableCell {TD} at (225,396) size 9x12 [bgcolor=#FDFDFB] [r=33 c=25 rs=1 cs=1]
              RenderInline {FONT} at (0,0) size 3x11
                RenderText {#text} at (0,0) size 3x11
                  text run at (0,0) width 3: " "
            RenderTableCell {TD} at (234,396) size 9x12 [bgcolor=#FDFDFB] [r=33 c=26 rs=1 cs=1]
              RenderInline {FONT} at (0,0) size 3x11
                RenderText {#text} at (0,0) size 3x11
                  text run at (0,0) width 3: " "
            RenderTableCell {TD} at (243,396) size 9x12 [bgcolor=#FDFDFB] [r=33 c=27 rs=1 cs=1]
              RenderInline {FONT} at (0,0) size 3x11
                RenderText {#text} at (0,0) size 3x11
                  text run at (0,0) width 3: " "
            RenderTableCell {TD} at (252,396) size 9x12 [bgcolor=#FDFDFB] [r=33 c=28 rs=1 cs=1]
              RenderInline {FONT} at (0,0) size 3x11
                RenderText {#text} at (0,0) size 3x11
                  text run at (0,0) width 3: " "
            RenderTableCell {TD} at (261,396) size 9x12 [bgcolor=#FDFDFB] [r=33 c=29 rs=1 cs=1]
              RenderInline {FONT} at (0,0) size 3x11
                RenderText {#text} at (0,0) size 3x11
                  text run at (0,0) width 3: " "
            RenderTableCell {TD} at (270,396) size 9x12 [bgcolor=#FDFDFB] [r=33 c=30 rs=1 cs=1]
              RenderInline {FONT} at (0,0) size 3x11
                RenderText {#text} at (0,0) size 3x11
                  text run at (0,0) width 3: " "
            RenderTableCell {TD} at (279,396) size 9x12 [bgcolor=#FDFDFB] [r=33 c=31 rs=1 cs=1]
              RenderInline {FONT} at (0,0) size 3x11
                RenderText {#text} at (0,0) size 3x11
                  text run at (0,0) width 3: " "
            RenderTableCell {TD} at (288,396) size 9x12 [bgcolor=#FDFDFB] [r=33 c=32 rs=1 cs=1]
              RenderInline {FONT} at (0,0) size 3x11
                RenderText {#text} at (0,0) size 3x11
                  text run at (0,0) width 3: " "
            RenderTableCell {TD} at (297,396) size 9x12 [bgcolor=#FDFDFB] [r=33 c=33 rs=1 cs=1]
              RenderInline {FONT} at (0,0) size 3x11
                RenderText {#text} at (0,0) size 3x11
                  text run at (0,0) width 3: " "
            RenderTableCell {TD} at (306,396) size 9x12 [bgcolor=#FDFDFB] [r=33 c=34 rs=1 cs=1]
              RenderInline {FONT} at (0,0) size 3x11
                RenderText {#text} at (0,0) size 3x11
                  text run at (0,0) width 3: " "
            RenderTableCell {TD} at (315,396) size 9x12 [bgcolor=#FDFDFB] [r=33 c=35 rs=1 cs=1]
              RenderInline {FONT} at (0,0) size 3x11
                RenderText {#text} at (0,0) size 3x11
                  text run at (0,0) width 3: " "
            RenderTableCell {TD} at (324,396) size 10x12 [bgcolor=#FDFDFB] [r=33 c=36 rs=1 cs=1]
              RenderInline {FONT} at (0,0) size 3x11
                RenderText {#text} at (0,0) size 3x11
                  text run at (0,0) width 3: " "
            RenderTableCell {TD} at (334,396) size 10x12 [bgcolor=#FDFDFB] [r=33 c=37 rs=1 cs=1]
              RenderInline {FONT} at (0,0) size 3x11
                RenderText {#text} at (0,0) size 3x11
                  text run at (0,0) width 3: " "
            RenderTableCell {TD} at (344,396) size 10x12 [bgcolor=#FDFDFB] [r=33 c=38 rs=1 cs=1]
              RenderInline {FONT} at (0,0) size 3x11
                RenderText {#text} at (0,0) size 3x11
                  text run at (0,0) width 3: " "
            RenderTableCell {TD} at (354,396) size 10x12 [bgcolor=#FDFDFB] [r=33 c=39 rs=1 cs=1]
              RenderInline {FONT} at (0,0) size 3x11
                RenderText {#text} at (0,0) size 3x11
                  text run at (0,0) width 3: " "
            RenderTableCell {TD} at (364,396) size 10x12 [bgcolor=#FDFDFB] [r=33 c=40 rs=1 cs=1]
              RenderInline {FONT} at (0,0) size 3x11
                RenderText {#text} at (0,0) size 3x11
                  text run at (0,0) width 3: " "
            RenderTableCell {TD} at (374,396) size 10x12 [bgcolor=#FDFDFB] [r=33 c=41 rs=1 cs=1]
              RenderInline {FONT} at (0,0) size 3x11
                RenderText {#text} at (0,0) size 3x11
                  text run at (0,0) width 3: " "
            RenderTableCell {TD} at (384,396) size 10x12 [bgcolor=#FDFDFB] [r=33 c=42 rs=1 cs=1]
              RenderInline {FONT} at (0,0) size 3x11
                RenderText {#text} at (0,0) size 3x11
                  text run at (0,0) width 3: " "
            RenderTableCell {TD} at (394,396) size 10x12 [bgcolor=#FDFDFB] [r=33 c=43 rs=1 cs=1]
              RenderInline {FONT} at (0,0) size 3x11
                RenderText {#text} at (0,0) size 3x11
                  text run at (0,0) width 3: " "
            RenderTableCell {TD} at (404,396) size 10x12 [bgcolor=#FDFDFB] [r=33 c=44 rs=1 cs=1]
              RenderInline {FONT} at (0,0) size 3x11
                RenderText {#text} at (0,0) size 3x11
                  text run at (0,0) width 3: " "
            RenderTableCell {TD} at (414,396) size 10x12 [bgcolor=#FDFDFB] [r=33 c=45 rs=1 cs=1]
              RenderInline {FONT} at (0,0) size 3x11
                RenderText {#text} at (0,0) size 3x11
                  text run at (0,0) width 3: " "
            RenderTableCell {TD} at (424,396) size 10x12 [bgcolor=#FDFDFB] [r=33 c=46 rs=1 cs=1]
              RenderInline {FONT} at (0,0) size 3x11
                RenderText {#text} at (0,0) size 3x11
                  text run at (0,0) width 3: " "
            RenderTableCell {TD} at (434,396) size 10x12 [bgcolor=#FDFDFB] [r=33 c=47 rs=1 cs=1]
              RenderInline {FONT} at (0,0) size 3x11
                RenderText {#text} at (0,0) size 3x11
                  text run at (0,0) width 3: " "
            RenderTableCell {TD} at (444,396) size 10x12 [bgcolor=#FDFDFB] [r=33 c=48 rs=1 cs=1]
              RenderInline {FONT} at (0,0) size 3x11
                RenderText {#text} at (0,0) size 3x11
                  text run at (0,0) width 3: " "
            RenderTableCell {TD} at (454,396) size 10x12 [bgcolor=#FDFDFB] [r=33 c=49 rs=1 cs=1]
              RenderInline {FONT} at (0,0) size 3x11
                RenderText {#text} at (0,0) size 3x11
                  text run at (0,0) width 3: " "
            RenderTableCell {TD} at (464,396) size 10x12 [bgcolor=#FDFDFB] [r=33 c=50 rs=1 cs=1]
              RenderInline {FONT} at (0,0) size 3x11
                RenderText {#text} at (0,0) size 3x11
                  text run at (0,0) width 3: " "
            RenderTableCell {TD} at (474,396) size 10x12 [bgcolor=#FDFDFB] [r=33 c=51 rs=1 cs=1]
              RenderInline {FONT} at (0,0) size 3x11
                RenderText {#text} at (0,0) size 3x11
                  text run at (0,0) width 3: " "
            RenderTableCell {TD} at (484,396) size 10x12 [bgcolor=#FDFDFB] [r=33 c=52 rs=1 cs=1]
              RenderInline {FONT} at (0,0) size 3x11
                RenderText {#text} at (0,0) size 3x11
                  text run at (0,0) width 3: " "
            RenderTableCell {TD} at (494,396) size 10x12 [bgcolor=#FDFDFB] [r=33 c=53 rs=1 cs=1]
              RenderInline {FONT} at (0,0) size 3x11
                RenderText {#text} at (0,0) size 3x11
                  text run at (0,0) width 3: " "
            RenderTableCell {TD} at (504,396) size 10x12 [bgcolor=#FDFDFB] [r=33 c=54 rs=1 cs=1]
              RenderInline {FONT} at (0,0) size 3x11
                RenderText {#text} at (0,0) size 3x11
                  text run at (0,0) width 3: " "
            RenderTableCell {TD} at (514,396) size 10x12 [bgcolor=#FDFDFB] [r=33 c=55 rs=1 cs=1]
              RenderInline {FONT} at (0,0) size 3x11
                RenderText {#text} at (0,0) size 3x11
                  text run at (0,0) width 3: " "
            RenderTableCell {TD} at (524,396) size 10x12 [bgcolor=#FDFDFB] [r=33 c=56 rs=1 cs=1]
              RenderInline {FONT} at (0,0) size 3x11
                RenderText {#text} at (0,0) size 3x11
                  text run at (0,0) width 3: " "
            RenderTableCell {TD} at (534,396) size 10x12 [bgcolor=#FDFDFB] [r=33 c=57 rs=1 cs=1]
              RenderInline {FONT} at (0,0) size 3x11
                RenderText {#text} at (0,0) size 3x11
                  text run at (0,0) width 3: " "
            RenderTableCell {TD} at (544,396) size 10x12 [bgcolor=#FDFDFB] [r=33 c=58 rs=1 cs=1]
              RenderInline {FONT} at (0,0) size 3x11
                RenderText {#text} at (0,0) size 3x11
                  text run at (0,0) width 3: " "
            RenderTableCell {TD} at (554,396) size 10x12 [bgcolor=#FDFDFB] [r=33 c=59 rs=1 cs=1]
              RenderInline {FONT} at (0,0) size 3x11
                RenderText {#text} at (0,0) size 3x11
                  text run at (0,0) width 3: " "
            RenderTableCell {TD} at (564,396) size 10x12 [bgcolor=#FDFDFB] [r=33 c=60 rs=1 cs=1]
              RenderInline {FONT} at (0,0) size 3x11
                RenderText {#text} at (0,0) size 3x11
                  text run at (0,0) width 3: " "
            RenderTableCell {TD} at (574,396) size 10x12 [bgcolor=#FDFDFB] [r=33 c=61 rs=1 cs=1]
              RenderInline {FONT} at (0,0) size 3x11
                RenderText {#text} at (0,0) size 3x11
                  text run at (0,0) width 3: " "
            RenderTableCell {TD} at (584,396) size 10x12 [bgcolor=#FDFDFB] [r=33 c=62 rs=1 cs=1]
              RenderInline {FONT} at (0,0) size 3x11
                RenderText {#text} at (0,0) size 3x11
                  text run at (0,0) width 3: " "
            RenderTableCell {TD} at (594,396) size 10x12 [bgcolor=#FDFDFB] [r=33 c=63 rs=1 cs=1]
              RenderInline {FONT} at (0,0) size 3x11
                RenderText {#text} at (0,0) size 3x11
                  text run at (0,0) width 3: " "
            RenderTableCell {TD} at (604,396) size 10x12 [bgcolor=#FDFDFB] [r=33 c=64 rs=1 cs=1]
              RenderInline {FONT} at (0,0) size 3x11
                RenderText {#text} at (0,0) size 3x11
                  text run at (0,0) width 3: " "
            RenderTableCell {TD} at (614,396) size 10x12 [bgcolor=#FDFDFB] [r=33 c=65 rs=1 cs=1]
              RenderInline {FONT} at (0,0) size 3x11
                RenderText {#text} at (0,0) size 3x11
                  text run at (0,0) width 3: " "
            RenderTableCell {TD} at (624,396) size 10x12 [bgcolor=#FDFDFB] [r=33 c=66 rs=1 cs=1]
              RenderInline {FONT} at (0,0) size 3x11
                RenderText {#text} at (0,0) size 3x11
                  text run at (0,0) width 3: " "
            RenderTableCell {TD} at (634,396) size 10x12 [bgcolor=#FDFDFB] [r=33 c=67 rs=1 cs=1]
              RenderInline {FONT} at (0,0) size 3x11
                RenderText {#text} at (0,0) size 3x11
                  text run at (0,0) width 3: " "
            RenderTableCell {TD} at (644,396) size 10x12 [bgcolor=#EDEEEF] [r=33 c=68 rs=1 cs=1]
              RenderInline {FONT} at (0,0) size 3x11
                RenderText {#text} at (0,0) size 3x11
                  text run at (0,0) width 3: " "
            RenderTableCell {TD} at (654,396) size 10x12 [bgcolor=#EDEEEF] [r=33 c=69 rs=1 cs=1]
              RenderInline {FONT} at (0,0) size 3x11
                RenderText {#text} at (0,0) size 3x11
                  text run at (0,0) width 3: " "
            RenderTableCell {TD} at (664,396) size 10x12 [bgcolor=#E0EAE9] [r=33 c=70 rs=1 cs=1]
              RenderInline {FONT} at (0,0) size 3x11
                RenderText {#text} at (0,0) size 3x11
                  text run at (0,0) width 3: " "
            RenderTableCell {TD} at (674,396) size 10x12 [bgcolor=#DEDFDF] [r=33 c=71 rs=1 cs=1]
              RenderInline {FONT} at (0,0) size 3x11
                RenderText {#text} at (0,0) size 3x11
                  text run at (0,0) width 3: " "
            RenderTableCell {TD} at (684,396) size 10x12 [bgcolor=#DEDFDF] [r=33 c=72 rs=1 cs=1]
              RenderInline {FONT} at (0,0) size 3x11
                RenderText {#text} at (0,0) size 3x11
                  text run at (0,0) width 3: " "
            RenderTableCell {TD} at (694,396) size 10x12 [bgcolor=#CECFCF] [r=33 c=73 rs=1 cs=1]
              RenderInline {FONT} at (0,0) size 3x11
                RenderText {#text} at (0,0) size 3x11
                  text run at (0,0) width 3: " "
            RenderTableCell {TD} at (704,396) size 10x12 [bgcolor=#CECFCF] [r=33 c=74 rs=1 cs=1]
              RenderInline {FONT} at (0,0) size 3x11
                RenderText {#text} at (0,0) size 3x11
                  text run at (0,0) width 3: " "
            RenderTableCell {TD} at (714,396) size 10x12 [bgcolor=#CECFCF] [r=33 c=75 rs=1 cs=1]
              RenderInline {FONT} at (0,0) size 3x11
                RenderText {#text} at (0,0) size 3x11
                  text run at (0,0) width 3: " "
            RenderTableCell {TD} at (724,396) size 10x12 [bgcolor=#CECFCF] [r=33 c=76 rs=1 cs=1]
              RenderInline {FONT} at (0,0) size 3x11
                RenderText {#text} at (0,0) size 3x11
                  text run at (0,0) width 3: " "
            RenderTableCell {TD} at (734,396) size 10x12 [bgcolor=#CECFCF] [r=33 c=77 rs=1 cs=1]
              RenderInline {FONT} at (0,0) size 3x11
                RenderText {#text} at (0,0) size 3x11
                  text run at (0,0) width 3: " "
            RenderTableCell {TD} at (744,396) size 10x12 [bgcolor=#CECFCF] [r=33 c=78 rs=1 cs=1]
              RenderInline {FONT} at (0,0) size 3x11
                RenderText {#text} at (0,0) size 3x11
                  text run at (0,0) width 3: " "
            RenderTableCell {TD} at (754,396) size 10x12 [bgcolor=#CECFCF] [r=33 c=79 rs=1 cs=1]
              RenderInline {FONT} at (0,0) size 3x11
                RenderText {#text} at (0,0) size 3x11
                  text run at (0,0) width 3: " "
            RenderTableCell {TD} at (764,396) size 10x12 [bgcolor=#CECFCF] [r=33 c=80 rs=1 cs=1]
              RenderInline {FONT} at (0,0) size 3x11
                RenderText {#text} at (0,0) size 3x11
                  text run at (0,0) width 3: " "
            RenderTableCell {TD} at (774,396) size 10x12 [bgcolor=#CECFCF] [r=33 c=81 rs=1 cs=1]
              RenderInline {FONT} at (0,0) size 3x11
                RenderText {#text} at (0,0) size 3x11
                  text run at (0,0) width 3: " "
            RenderTableCell {TD} at (784,396) size 10x12 [bgcolor=#CECFCF] [r=33 c=82 rs=1 cs=1]
              RenderInline {FONT} at (0,0) size 3x11
                RenderText {#text} at (0,0) size 3x11
                  text run at (0,0) width 3: " "
            RenderTableCell {TD} at (794,396) size 10x12 [bgcolor=#CECFCF] [r=33 c=83 rs=1 cs=1]
              RenderInline {FONT} at (0,0) size 3x11
                RenderText {#text} at (0,0) size 3x11
                  text run at (0,0) width 3: " "
            RenderTableCell {TD} at (804,396) size 10x12 [bgcolor=#CECFCF] [r=33 c=84 rs=1 cs=1]
              RenderInline {FONT} at (0,0) size 3x11
                RenderText {#text} at (0,0) size 3x11
                  text run at (0,0) width 3: " "
            RenderTableCell {TD} at (814,396) size 10x12 [bgcolor=#CECFCF] [r=33 c=85 rs=1 cs=1]
              RenderInline {FONT} at (0,0) size 3x11
                RenderText {#text} at (0,0) size 3x11
                  text run at (0,0) width 3: " "
            RenderTableCell {TD} at (824,396) size 10x12 [bgcolor=#DEDFDF] [r=33 c=86 rs=1 cs=1]
              RenderInline {FONT} at (0,0) size 3x11
                RenderText {#text} at (0,0) size 3x11
                  text run at (0,0) width 3: " "
            RenderTableCell {TD} at (834,396) size 10x12 [bgcolor=#E0EAE9] [r=33 c=87 rs=1 cs=1]
              RenderInline {FONT} at (0,0) size 3x11
                RenderText {#text} at (0,0) size 3x11
                  text run at (0,0) width 3: " "
            RenderTableCell {TD} at (844,396) size 10x12 [bgcolor=#EDEEEF] [r=33 c=88 rs=1 cs=1]
              RenderInline {FONT} at (0,0) size 3x11
                RenderText {#text} at (0,0) size 3x11
                  text run at (0,0) width 3: " "
            RenderTableCell {TD} at (854,396) size 10x12 [bgcolor=#EDEEEF] [r=33 c=89 rs=1 cs=1]
              RenderInline {FONT} at (0,0) size 3x11
                RenderText {#text} at (0,0) size 3x11
                  text run at (0,0) width 3: " "
            RenderTableCell {TD} at (864,396) size 10x12 [bgcolor=#FDFDFB] [r=33 c=90 rs=1 cs=1]
              RenderInline {FONT} at (0,0) size 3x11
                RenderText {#text} at (0,0) size 3x11
                  text run at (0,0) width 3: " "
            RenderTableCell {TD} at (874,396) size 10x12 [bgcolor=#FDFDFB] [r=33 c=91 rs=1 cs=1]
              RenderInline {FONT} at (0,0) size 3x11
                RenderText {#text} at (0,0) size 3x11
                  text run at (0,0) width 3: " "
            RenderTableCell {TD} at (884,396) size 10x12 [bgcolor=#FDFDFB] [r=33 c=92 rs=1 cs=1]
              RenderInline {FONT} at (0,0) size 3x11
                RenderText {#text} at (0,0) size 3x11
                  text run at (0,0) width 3: " "
            RenderTableCell {TD} at (894,396) size 10x12 [bgcolor=#FDFDFB] [r=33 c=93 rs=1 cs=1]
              RenderInline {FONT} at (0,0) size 3x11
                RenderText {#text} at (0,0) size 3x11
                  text run at (0,0) width 3: " "
            RenderTableCell {TD} at (904,396) size 10x12 [bgcolor=#FDFDFB] [r=33 c=94 rs=1 cs=1]
              RenderInline {FONT} at (0,0) size 3x11
                RenderText {#text} at (0,0) size 3x11
                  text run at (0,0) width 3: " "
            RenderTableCell {TD} at (914,396) size 10x12 [bgcolor=#FDFDFB] [r=33 c=95 rs=1 cs=1]
              RenderInline {FONT} at (0,0) size 3x11
                RenderText {#text} at (0,0) size 3x11
                  text run at (0,0) width 3: " "
            RenderTableCell {TD} at (924,396) size 10x12 [bgcolor=#FDFDFB] [r=33 c=96 rs=1 cs=1]
              RenderInline {FONT} at (0,0) size 3x11
                RenderText {#text} at (0,0) size 3x11
                  text run at (0,0) width 3: " "
            RenderTableCell {TD} at (934,396) size 10x12 [bgcolor=#FDFDFB] [r=33 c=97 rs=1 cs=1]
              RenderInline {FONT} at (0,0) size 3x11
                RenderText {#text} at (0,0) size 3x11
                  text run at (0,0) width 3: " "
            RenderTableCell {TD} at (944,396) size 10x12 [bgcolor=#FDFDFB] [r=33 c=98 rs=1 cs=1]
              RenderInline {FONT} at (0,0) size 3x11
                RenderText {#text} at (0,0) size 3x11
                  text run at (0,0) width 3: " "
            RenderTableCell {TD} at (954,396) size 10x12 [bgcolor=#FDFDFB] [r=33 c=99 rs=1 cs=1]
              RenderInline {FONT} at (0,0) size 3x11
                RenderText {#text} at (0,0) size 3x11
                  text run at (0,0) width 3: " "
