layer at (0,0) size 980x1379
  RenderView at (0,0) size 980x735
layer at (0,0) size 980x1379
  RenderBlock {HTML} at (0,0) size 980x1379
    RenderBody {BODY} at (8,8) size 964x1363
      RenderBlock {H1} at (0,0) size 964x37
        RenderText {#text} at (0,0) size 525x38
          text run at (0,0) width 525: "Example 6: Table Stress Test"
      RenderBlock {PRE} at (0,58) size 964x15 [color=#FF0000]
        RenderText {#text} at (0,0) size 247x15
          text run at (0,0) width 247: "Resize document for maximum effect"
      RenderBlock (anonymous) at (0,86) size 964x19
        RenderBR {BR} at (0,0) size 0x19
      RenderBlock {H2} at (0,124) size 964x28
        RenderText {#text} at (0,0) size 674x28
          text run at (0,0) width 674: "Auto-width tables with spans nested 8 levels deep"
      RenderTable {TABLE} at (0,171) size 964x362 [bgcolor=#FF0000] [border: (1px outset #808080)]
        RenderTableSection {TBODY} at (1,1) size 962x360
          RenderTableRow {TR} at (0,2) size 962x23
            RenderTableCell {TD} at (2,2) size 33x23 [border: (1px inset #808080)] [r=0 c=0 rs=1 cs=1]
              RenderText {#text} at (2,2) size 29x19
                text run at (2,2) width 29: "Cell"
            RenderTableCell {TD} at (37,2) size 923x331 [border: (1px inset #808080)] [r=0 c=1 rs=2 cs=2]
              RenderTable {TABLE} at (2,2) size 919x327 [bgcolor=#ADD8E6] [border: (1px outset #808080)]
                RenderTableSection {TBODY} at (1,1) size 917x325
                  RenderTableRow {TR} at (0,2) size 917x23
                    RenderTableCell {TD} at (2,2) size 33x23 [border: (1px inset #808080)] [r=0 c=0 rs=1 cs=1]
                      RenderText {#text} at (2,2) size 29x19
                        text run at (2,2) width 29: "Cell"
                    RenderTableCell {TD} at (37,2) size 878x296 [border: (1px inset #808080)] [r=0 c=1 rs=2 cs=2]
                      RenderTable {TABLE} at (2,2) size 874x292 [bgcolor=#90EE90] [border: (1px outset #808080)]
                        RenderTableSection {TBODY} at (1,1) size 872x290
                          RenderTableRow {TR} at (0,2) size 872x23
                            RenderTableCell {TD} at (2,2) size 33x23 [border: (1px inset #808080)] [r=0 c=0 rs=1 cs=1]
                              RenderText {#text} at (2,2) size 29x19
                                text run at (2,2) width 29: "Cell"
                            RenderTableCell {TD} at (37,2) size 833x261 [border: (1px inset #808080)] [r=0 c=1 rs=2 cs=2]
                              RenderTable {TABLE} at (2,2) size 829x257 [border: (1px outset #808080)]
                                RenderTableSection {TBODY} at (1,1) size 827x255
                                  RenderTableRow {TR} at (0,2) size 827x23
                                    RenderTableCell {TD} at (2,2) size 33x23 [border: (1px inset #808080)] [r=0 c=0 rs=1 cs=1]
                                      RenderText {#text} at (2,2) size 29x19
                                        text run at (2,2) width 29: "Cell"
                                    RenderTableCell {TD} at (37,2) size 788x226 [border: (1px inset #808080)] [r=0 c=1 rs=2 cs=2]
                                      RenderTable {TABLE} at (2,2) size 784x222 [bgcolor=#FFA500] [border: (1px outset #808080)]
                                        RenderTableSection {TBODY} at (1,1) size 782x220
                                          RenderTableRow {TR} at (0,2) size 782x23
                                            RenderTableCell {TD} at (2,2) size 33x23 [border: (1px inset #808080)] [r=0 c=0 rs=1 cs=1]
                                              RenderText {#text} at (2,2) size 29x19
                                                text run at (2,2) width 29: "Cell"
                                            RenderTableCell {TD} at (37,2) size 743x191 [border: (1px inset #808080)] [r=0 c=1 rs=2 cs=2]
                                              RenderTable {TABLE} at (2,2) size 739x187 [bgcolor=#FF0000] [border: (1px outset #808080)]
                                                RenderTableSection {TBODY} at (1,1) size 737x185
                                                  RenderTableRow {TR} at (0,2) size 737x23
                                                    RenderTableCell {TD} at (2,2) size 33x23 [border: (1px inset #808080)] [r=0 c=0 rs=1 cs=1]
                                                      RenderText {#text} at (2,2) size 29x19
                                                        text run at (2,2) width 29: "Cell"
                                                    RenderTableCell {TD} at (37,2) size 698x156 [border: (1px inset #808080)] [r=0 c=1 rs=2 cs=2]
                                                      RenderTable {TABLE} at (2,2) size 694x152 [bgcolor=#ADD8E6] [border: (1px outset #808080)]
                                                        RenderTableSection {TBODY} at (1,1) size 692x150
                                                          RenderTableRow {TR} at (0,2) size 692x23
                                                            RenderTableCell {TD} at (2,2) size 33x23 [border: (1px inset #808080)] [r=0 c=0 rs=1 cs=1]
                                                              RenderText {#text} at (2,2) size 29x19
                                                                text run at (2,2) width 29: "Cell"
                                                            RenderTableCell {TD} at (37,2) size 653x102 [border: (1px inset #808080)] [r=0 c=1 rs=2 cs=2]
                                                              RenderTable {TABLE} at (2,2) size 649x98 [bgcolor=#90EE90] [border: (1px outset #808080)]
                                                                RenderTableSection {TBODY} at (1,1) size 647x96
                                                                  RenderTableRow {TR} at (0,2) size 647x23
                                                                    RenderTableCell {TD} at (2,2) size 33x23 [border: (1px inset #808080)] [r=0 c=0 rs=1 cs=1]
                                                                      RenderText {#text} at (2,2) size 29x19
                                                                        text run at (2,2) width 29: "Cell"
                                                                    RenderTableCell {TD} at (37,5) size 608x42 [border: (1px inset #808080)] [r=0 c=1 rs=2 cs=2]
                                                                      RenderText {#text} at (2,2) size 584x38
                                                                        text run at (2,2) width 496: "Cell, and stuff to test out table cell layout. This should be long "
                                                                        text run at (498,2) width 88: "enough for"
                                                                        text run at (2,21) width 59: "testing."
                                                                  RenderTableRow {TR} at (0,27) size 647x23
                                                                    RenderTableCell {TD} at (2,27) size 33x23 [border: (1px inset #808080)] [r=1 c=0 rs=1 cs=1]
                                                                      RenderText {#text} at (2,2) size 29x19
                                                                        text run at (2,2) width 29: "Cell"
                                                                  RenderTableRow {TR} at (0,52) size 647x42
                                                                    RenderTableCell {TD} at (2,61) size 33x23 [border: (1px inset #808080)] [r=2 c=0 rs=1 cs=1]
                                                                      RenderText {#text} at (2,2) size 29x19
                                                                        text run at (2,2) width 29: "Cell"
                                                                    RenderTableCell {TD} at (37,52) size 573x42 [border: (1px inset #808080)] [r=2 c=1 rs=1 cs=1]
                                                                      RenderText {#text} at (2,2) size 556x38
                                                                        text run at (2,2) width 496: "Cell, and stuff to test out table cell layout. This should be long "
                                                                        text run at (498,2) width 60: "enough"
                                                                        text run at (2,21) width 87: "for testing."
                                                                    RenderTableCell {TD} at (612,61) size 33x23 [border: (1px inset #808080)] [r=2 c=2 rs=1 cs=1]
                                                                      RenderText {#text} at (2,2) size 29x19
                                                                        text run at (2,2) width 29: "Cell"
                                                          RenderTableRow {TR} at (0,27) size 692x77
                                                            RenderTableCell {TD} at (2,54) size 33x23 [border: (1px inset #808080)] [r=1 c=0 rs=1 cs=1]
                                                              RenderText {#text} at (2,2) size 29x19
                                                                text run at (2,2) width 29: "Cell"
                                                          RenderTableRow {TR} at (0,106) size 692x42
                                                            RenderTableCell {TD} at (2,115) size 33x23 [border: (1px inset #808080)] [r=2 c=0 rs=1 cs=1]
                                                              RenderText {#text} at (2,2) size 29x19
                                                                text run at (2,2) width 29: "Cell"
                                                            RenderTableCell {TD} at (37,106) size 618x42 [border: (1px inset #808080)] [r=2 c=1 rs=1 cs=1]
                                                              RenderText {#text} at (2,2) size 584x38
                                                                text run at (2,2) width 496: "Cell, and stuff to test out table cell layout. This should be long "
                                                                text run at (498,2) width 88: "enough for"
                                                                text run at (2,21) width 59: "testing."
                                                            RenderTableCell {TD} at (657,115) size 33x23 [border: (1px inset #808080)] [r=2 c=2 rs=1 cs=1]
                                                              RenderText {#text} at (2,2) size 29x19
                                                                text run at (2,2) width 29: "Cell"
                                                  RenderTableRow {TR} at (0,27) size 737x131
                                                    RenderTableCell {TD} at (2,81) size 33x23 [border: (1px inset #808080)] [r=1 c=0 rs=1 cs=1]
                                                      RenderText {#text} at (2,2) size 29x19
                                                        text run at (2,2) width 29: "Cell"
                                                  RenderTableRow {TR} at (0,160) size 737x23
                                                    RenderTableCell {TD} at (2,160) size 33x23 [border: (1px inset #808080)] [r=2 c=0 rs=1 cs=1]
                                                      RenderText {#text} at (2,2) size 29x19
                                                        text run at (2,2) width 29: "Cell"
                                                    RenderTableCell {TD} at (37,160) size 661x23 [border: (1px inset #808080)] [r=2 c=1 rs=1 cs=1]
                                                      RenderText {#text} at (2,2) size 648x19
                                                        text run at (2,2) width 496: "Cell, and stuff to test out table cell layout. This should be long "
                                                        text run at (498,2) width 152: "enough for testing."
                                                    RenderTableCell {TD} at (700,160) size 35x23 [border: (1px inset #808080)] [r=2 c=2 rs=1 cs=1]
                                                      RenderText {#text} at (2,2) size 29x19
                                                        text run at (2,2) width 29: "Cell"
                                          RenderTableRow {TR} at (0,27) size 782x166
                                            RenderTableCell {TD} at (2,98) size 33x23 [border: (1px inset #808080)] [r=1 c=0 rs=1 cs=1]
                                              RenderText {#text} at (2,2) size 29x19
                                                text run at (2,2) width 29: "Cell"
                                          RenderTableRow {TR} at (0,195) size 782x23
                                            RenderTableCell {TD} at (2,195) size 33x23 [border: (1px inset #808080)] [r=2 c=0 rs=1 cs=1]
                                              RenderText {#text} at (2,2) size 29x19
                                                text run at (2,2) width 29: "Cell"
                                            RenderTableCell {TD} at (37,195) size 704x23 [border: (1px inset #808080)] [r=2 c=1 rs=1 cs=1]
                                              RenderText {#text} at (2,2) size 648x19
                                                text run at (2,2) width 496: "Cell, and stuff to test out table cell layout. This should be long "
                                                text run at (498,2) width 152: "enough for testing."
                                            RenderTableCell {TD} at (743,195) size 37x23 [border: (1px inset #808080)] [r=2 c=2 rs=1 cs=1]
                                              RenderText {#text} at (2,2) size 29x19
                                                text run at (2,2) width 29: "Cell"
                                  RenderTableRow {TR} at (0,27) size 827x201
                                    RenderTableCell {TD} at (2,116) size 33x23 [border: (1px inset #808080)] [r=1 c=0 rs=1 cs=1]
                                      RenderText {#text} at (2,2) size 29x19
                                        text run at (2,2) width 29: "Cell"
                                  RenderTableRow {TR} at (0,230) size 827x23
                                    RenderTableCell {TD} at (2,230) size 33x23 [border: (1px inset #808080)] [r=2 c=0 rs=1 cs=1]
                                      RenderText {#text} at (2,2) size 29x19
                                        text run at (2,2) width 29: "Cell"
                                    RenderTableCell {TD} at (37,230) size 747x23 [border: (1px inset #808080)] [r=2 c=1 rs=1 cs=1]
                                      RenderText {#text} at (2,2) size 648x19
                                        text run at (2,2) width 496: "Cell, and stuff to test out table cell layout. This should be long "
                                        text run at (498,2) width 152: "enough for testing."
                                    RenderTableCell {TD} at (786,230) size 39x23 [border: (1px inset #808080)] [r=2 c=2 rs=1 cs=1]
                                      RenderText {#text} at (2,2) size 29x19
                                        text run at (2,2) width 29: "Cell"
                          RenderTableRow {TR} at (0,27) size 872x236
                            RenderTableCell {TD} at (2,133) size 33x23 [border: (1px inset #808080)] [r=1 c=0 rs=1 cs=1]
                              RenderText {#text} at (2,2) size 29x19
                                text run at (2,2) width 29: "Cell"
                          RenderTableRow {TR} at (0,265) size 872x23
                            RenderTableCell {TD} at (2,265) size 33x23 [border: (1px inset #808080)] [r=2 c=0 rs=1 cs=1]
                              RenderText {#text} at (2,2) size 29x19
                                text run at (2,2) width 29: "Cell"
                            RenderTableCell {TD} at (37,265) size 790x23 [border: (1px inset #808080)] [r=2 c=1 rs=1 cs=1]
                              RenderText {#text} at (2,2) size 648x19
                                text run at (2,2) width 496: "Cell, and stuff to test out table cell layout. This should be long "
                                text run at (498,2) width 152: "enough for testing."
                            RenderTableCell {TD} at (829,265) size 41x23 [border: (1px inset #808080)] [r=2 c=2 rs=1 cs=1]
                              RenderText {#text} at (2,2) size 29x19
                                text run at (2,2) width 29: "Cell"
                  RenderTableRow {TR} at (0,27) size 917x271
                    RenderTableCell {TD} at (2,151) size 33x23 [border: (1px inset #808080)] [r=1 c=0 rs=1 cs=1]
                      RenderText {#text} at (2,2) size 29x19
                        text run at (2,2) width 29: "Cell"
                  RenderTableRow {TR} at (0,300) size 917x23
                    RenderTableCell {TD} at (2,300) size 33x23 [border: (1px inset #808080)] [r=2 c=0 rs=1 cs=1]
                      RenderText {#text} at (2,2) size 29x19
                        text run at (2,2) width 29: "Cell"
                    RenderTableCell {TD} at (37,300) size 832x23 [border: (1px inset #808080)] [r=2 c=1 rs=1 cs=1]
                      RenderText {#text} at (2,2) size 648x19
                        text run at (2,2) width 496: "Cell, and stuff to test out table cell layout. This should be long "
                        text run at (498,2) width 152: "enough for testing."
                    RenderTableCell {TD} at (871,300) size 44x23 [border: (1px inset #808080)] [r=2 c=2 rs=1 cs=1]
                      RenderText {#text} at (2,2) size 29x19
                        text run at (2,2) width 29: "Cell"
          RenderTableRow {TR} at (0,27) size 962x306
            RenderTableCell {TD} at (2,168) size 33x23 [border: (1px inset #808080)] [r=1 c=0 rs=1 cs=1]
              RenderText {#text} at (2,2) size 29x19
                text run at (2,2) width 29: "Cell"
          RenderTableRow {TR} at (0,335) size 962x23
            RenderTableCell {TD} at (2,335) size 33x23 [border: (1px inset #808080)] [r=2 c=0 rs=1 cs=1]
              RenderText {#text} at (2,2) size 29x19
                text run at (2,2) width 29: "Cell"
            RenderTableCell {TD} at (37,335) size 875x23 [border: (1px inset #808080)] [r=2 c=1 rs=1 cs=1]
              RenderText {#text} at (2,2) size 648x19
                text run at (2,2) width 496: "Cell, and stuff to test out table cell layout. This should be long "
                text run at (498,2) width 152: "enough for testing."
            RenderTableCell {TD} at (914,335) size 46x23 [border: (1px inset #808080)] [r=2 c=2 rs=1 cs=1]
              RenderText {#text} at (2,2) size 29x19
                text run at (2,2) width 29: "Cell"
      RenderBlock (anonymous) at (0,533) size 964x19
        RenderBR {BR} at (0,0) size 0x19
      RenderBlock {H2} at (0,571) size 964x28
        RenderText {#text} at (0,0) size 532x28
          text run at (0,0) width 532: "100% width tables nested 6 levels deep"
      RenderTable {TABLE} at (0,618) size 964x745 [bgcolor=#FFFF00] [border: (1px outset #808080)]
        RenderTableSection {TBODY} at (1,1) size 962x743
          RenderTableRow {TR} at (0,2) size 962x23
            RenderTableCell {TD} at (2,2) size 766x23 [border: (1px inset #808080)] [r=0 c=0 rs=1 cs=1]
              RenderText {#text} at (2,2) size 64x19
                text run at (2,2) width 64: "Cell one"
            RenderTableCell {TD} at (770,2) size 94x23 [border: (1px inset #808080)] [r=0 c=1 rs=1 cs=1]
              RenderText {#text} at (2,2) size 39x19
                text run at (2,2) width 39: "Cell2"
            RenderTableCell {TD} at (866,2) size 94x23 [border: (1px inset #808080)] [r=0 c=2 rs=1 cs=1]
              RenderText {#text} at (2,2) size 44x19
                text run at (2,2) width 44: "Cell 3"
          RenderTableRow {TR} at (0,27) size 962x23
            RenderTableCell {TD} at (2,27) size 766x23 [border: (1px inset #808080)] [r=1 c=0 rs=1 cs=1]
              RenderText {#text} at (2,2) size 44x19
                text run at (2,2) width 44: "Cell 4"
            RenderTableCell {TD} at (770,27) size 94x23 [border: (1px inset #808080)] [r=1 c=1 rs=1 cs=1]
              RenderText {#text} at (2,2) size 44x19
                text run at (2,2) width 44: "Cell 5"
            RenderTableCell {TD} at (866,27) size 94x23 [border: (1px inset #808080)] [r=1 c=2 rs=1 cs=1]
              RenderText {#text} at (2,2) size 44x19
                text run at (2,2) width 44: "Cell 6"
          RenderTableRow {TR} at (0,52) size 962x689
            RenderTableCell {TD} at (2,52) size 766x689 [border: (1px inset #808080)] [r=2 c=0 rs=1 cs=1]
              RenderTable {TABLE} at (2,2) size 762x666 [bgcolor=#D3D3D3]
                RenderTableSection {TBODY} at (0,0) size 762x666
                  RenderTableRow {TR} at (0,2) size 762x21
                    RenderTableCell {TD} at (2,2) size 23x21 [r=0 c=0 rs=1 cs=1]
                      RenderText {#text} at (1,1) size 10x19
                        text run at (1,1) width 10: "1"
                    RenderTableCell {TD} at (27,2) size 707x21 [r=0 c=1 rs=1 cs=1]
                      RenderText {#text} at (1,1) size 10x19
                        text run at (1,1) width 10: "2"
                    RenderTableCell {TD} at (736,2) size 24x21 [r=0 c=2 rs=1 cs=1]
                      RenderText {#text} at (1,1) size 10x19
                        text run at (1,1) width 10: "3"
                  RenderTableRow {TR} at (0,25) size 762x616
                    RenderTableCell {TD} at (2,322) size 23x21 [r=1 c=0 rs=1 cs=1]
                      RenderText {#text} at (1,1) size 10x19
                        text run at (1,1) width 10: "4"
                    RenderTableCell {TD} at (27,25) size 707x616 [r=1 c=1 rs=1 cs=1]
                      RenderTable {TABLE} at (1,1) size 705x595 [bgcolor=#ADD8E6] [border: (1px outset #808080)]
                        RenderTableSection {TBODY} at (1,1) size 703x593
                          RenderTableRow {TR} at (0,2) size 703x539
                            RenderTableCell {TD} at (2,260) size 28x23 [border: (1px inset #808080)] [r=0 c=0 rs=1 cs=1]
                              RenderText {#text} at (2,2) size 10x19
                                text run at (2,2) width 10: "1"
                            RenderTableCell {TD} at (32,2) size 638x539 [border: (1px inset #808080)] [r=0 c=1 rs=1 cs=1]
                              RenderTable {TABLE} at (2,2) size 634x516 [bgcolor=#FF0000] [border: (1px outset #808080)]
                                RenderTableSection {TBODY} at (1,1) size 632x514
                                  RenderTableRow {TR} at (0,2) size 632x23
                                    RenderTableCell {TD} at (2,2) size 29x23 [border: (1px inset #808080)] [r=0 c=0 rs=1 cs=1]
                                      RenderText {#text} at (2,2) size 10x19
                                        text run at (2,2) width 10: "1"
                                    RenderTableCell {TD} at (33,2) size 29x23 [border: (1px inset #808080)] [r=0 c=1 rs=1 cs=1]
                                      RenderText {#text} at (2,2) size 10x19
                                        text run at (2,2) width 10: "2"
                                    RenderTableCell {TD} at (64,2) size 503x23 [border: (1px inset #808080)] [r=0 c=2 rs=1 cs=1]
                                      RenderText {#text} at (2,2) size 10x19
                                        text run at (2,2) width 10: "3"
                                    RenderTableCell {TD} at (569,2) size 29x23 [border: (1px inset #808080)] [r=0 c=3 rs=1 cs=1]
                                      RenderText {#text} at (2,2) size 10x19
                                        text run at (2,2) width 10: "4"
                                    RenderTableCell {TD} at (600,2) size 30x23 [border: (1px inset #808080)] [r=0 c=4 rs=1 cs=1]
                                      RenderText {#text} at (2,2) size 10x19
                                        text run at (2,2) width 10: "5"
                                  RenderTableRow {TR} at (0,27) size 632x410
                                    RenderTableCell {TD} at (2,220) size 29x23 [border: (1px inset #808080)] [r=1 c=0 rs=1 cs=1]
                                      RenderText {#text} at (2,2) size 10x19
                                        text run at (2,2) width 10: "6"
                                    RenderTableCell {TD} at (33,220) size 29x23 [border: (1px inset #808080)] [r=1 c=1 rs=1 cs=1]
                                      RenderText {#text} at (2,2) size 10x19
                                        text run at (2,2) width 10: "7"
                                    RenderTableCell {TD} at (64,27) size 503x410 [border: (1px inset #808080)] [r=1 c=2 rs=1 cs=1]
                                      RenderTable {TABLE} at (2,2) size 499x387 [bgcolor=#008000] [border: (1px outset #808080)]
                                        RenderTableSection {TBODY} at (1,1) size 497x385
                                          RenderTableRow {TR} at (0,2) size 497x23
                                            RenderTableCell {TD} at (2,2) size 30x23 [border: (1px inset #808080)] [r=0 c=0 rs=1 cs=1]
                                              RenderText {#text} at (2,2) size 10x19
                                                text run at (2,2) width 10: "a"
                                            RenderTableCell {TD} at (34,2) size 30x23 [border: (1px inset #808080)] [r=0 c=1 rs=1 cs=1]
                                              RenderText {#text} at (2,2) size 10x19
                                                text run at (2,2) width 10: "b"
                                            RenderTableCell {TD} at (66,2) size 364x23 [border: (1px inset #808080)] [r=0 c=2 rs=1 cs=1]
                                              RenderText {#text} at (2,2) size 9x19
                                                text run at (2,2) width 9: "c"
                                            RenderTableCell {TD} at (432,2) size 30x23 [border: (1px inset #808080)] [r=0 c=3 rs=1 cs=1]
                                              RenderText {#text} at (2,2) size 10x19
                                                text run at (2,2) width 10: "d"
                                            RenderTableCell {TD} at (464,2) size 31x23 [border: (1px inset #808080)] [r=0 c=4 rs=1 cs=1]
                                              RenderText {#text} at (2,2) size 10x19
                                                text run at (2,2) width 10: "e"
                                          RenderTableRow {TR} at (0,27) size 497x23
                                            RenderTableCell {TD} at (2,27) size 30x23 [border: (1px inset #808080)] [r=1 c=0 rs=1 cs=1]
                                              RenderText {#text} at (2,2) size 6x19
                                                text run at (2,2) width 6: "f"
                                            RenderTableCell {TD} at (34,27) size 30x23 [border: (1px inset #808080)] [r=1 c=1 rs=1 cs=1]
                                              RenderText {#text} at (2,2) size 10x19
                                                text run at (2,2) width 10: "g"
                                            RenderTableCell {TD} at (66,27) size 364x23 [border: (1px inset #808080)] [r=1 c=2 rs=1 cs=1]
                                              RenderText {#text} at (2,2) size 10x19
                                                text run at (2,2) width 10: "h"
                                            RenderTableCell {TD} at (432,27) size 30x23 [border: (1px inset #808080)] [r=1 c=3 rs=1 cs=1]
                                              RenderText {#text} at (2,2) size 4x19
                                                text run at (2,2) width 4: "i"
                                            RenderTableCell {TD} at (464,27) size 31x23 [border: (1px inset #808080)] [r=1 c=4 rs=1 cs=1]
                                              RenderText {#text} at (2,2) size 4x19
                                                text run at (2,2) width 4: "j"
                                          RenderTableRow {TR} at (0,52) size 497x281
                                            RenderTableCell {TD} at (2,181) size 30x23 [border: (1px inset #808080)] [r=2 c=0 rs=1 cs=1]
                                              RenderText {#text} at (2,2) size 9x19
                                                text run at (2,2) width 9: "k"
                                            RenderTableCell {TD} at (34,181) size 30x23 [border: (1px inset #808080)] [r=2 c=1 rs=1 cs=1]
                                              RenderText {#text} at (2,2) size 4x19
                                                text run at (2,2) width 4: "l"
                                            RenderTableCell {TD} at (66,52) size 364x281 [border: (1px inset #808080)] [r=2 c=2 rs=1 cs=1]
                                              RenderTable {TABLE} at (2,2) size 360x258 [bgcolor=#800080] [border: (1px outset #808080)]
                                                RenderTableSection {TBODY} at (1,1) size 358x256
                                                  RenderTableRow {TR} at (0,2) size 358x23
                                                    RenderTableCell {TD} at (2,2) size 32x23 [border: (1px inset #808080)] [r=0 c=0 rs=1 cs=1]
                                                      RenderText {#text} at (2,2) size 10x19
                                                        text run at (2,2) width 10: "a"
                                                    RenderTableCell {TD} at (36,2) size 32x23 [border: (1px inset #808080)] [r=0 c=1 rs=1 cs=1]
                                                      RenderText {#text} at (2,2) size 10x19
                                                        text run at (2,2) width 10: "b"
                                                    RenderTableCell {TD} at (70,2) size 217x23 [border: (1px inset #808080)] [r=0 c=2 rs=1 cs=1]
                                                      RenderText {#text} at (2,2) size 9x19
                                                        text run at (2,2) width 9: "c"
                                                    RenderTableCell {TD} at (289,2) size 32x23 [border: (1px inset #808080)] [r=0 c=3 rs=1 cs=1]
                                                      RenderText {#text} at (2,2) size 10x19
                                                        text run at (2,2) width 10: "d"
                                                    RenderTableCell {TD} at (323,2) size 33x23 [border: (1px inset #808080)] [r=0 c=4 rs=1 cs=1]
                                                      RenderText {#text} at (2,2) size 10x19
                                                        text run at (2,2) width 10: "e"
                                                  RenderTableRow {TR} at (0,27) size 358x23
                                                    RenderTableCell {TD} at (2,27) size 32x23 [border: (1px inset #808080)] [r=1 c=0 rs=1 cs=1]
                                                      RenderText {#text} at (2,2) size 6x19
                                                        text run at (2,2) width 6: "f"
                                                    RenderTableCell {TD} at (36,27) size 32x23 [border: (1px inset #808080)] [r=1 c=1 rs=1 cs=1]
                                                      RenderText {#text} at (2,2) size 10x19
                                                        text run at (2,2) width 10: "g"
                                                    RenderTableCell {TD} at (70,27) size 217x23 [border: (1px inset #808080)] [r=1 c=2 rs=1 cs=1]
                                                      RenderText {#text} at (2,2) size 10x19
                                                        text run at (2,2) width 10: "h"
                                                    RenderTableCell {TD} at (289,27) size 32x23 [border: (1px inset #808080)] [r=1 c=3 rs=1 cs=1]
                                                      RenderText {#text} at (2,2) size 4x19
                                                        text run at (2,2) width 4: "i"
                                                    RenderTableCell {TD} at (323,27) size 33x23 [border: (1px inset #808080)] [r=1 c=4 rs=1 cs=1]
                                                      RenderText {#text} at (2,2) size 4x19
                                                        text run at (2,2) width 4: "j"
                                                  RenderTableRow {TR} at (0,52) size 358x152
                                                    RenderTableCell {TD} at (2,116) size 32x23 [border: (1px inset #808080)] [r=2 c=0 rs=1 cs=1]
                                                      RenderText {#text} at (2,2) size 9x19
                                                        text run at (2,2) width 9: "k"
                                                    RenderTableCell {TD} at (36,116) size 32x23 [border: (1px inset #808080)] [r=2 c=1 rs=1 cs=1]
                                                      RenderText {#text} at (2,2) size 4x19
                                                        text run at (2,2) width 4: "l"
                                                    RenderTableCell {TD} at (70,52) size 217x152 [border: (1px inset #808080)] [r=2 c=2 rs=1 cs=1]
                                                      RenderTable {TABLE} at (2,2) size 213x129 [bgcolor=#FFA500] [border: (1px outset #808080)]
                                                        RenderTableSection {TBODY} at (1,1) size 211x127
                                                          RenderTableRow {TR} at (0,2) size 211x23
                                                            RenderTableCell {TD} at (2,2) size 36x23 [border: (1px inset #808080)] [r=0 c=0 rs=1 cs=1]
                                                              RenderText {#text} at (2,2) size 10x19
                                                                text run at (2,2) width 10: "a"
                                                            RenderTableCell {TD} at (40,2) size 36x23 [border: (1px inset #808080)] [r=0 c=1 rs=1 cs=1]
                                                              RenderText {#text} at (2,2) size 10x19
                                                                text run at (2,2) width 10: "b"
                                                            RenderTableCell {TD} at (78,2) size 52x23 [border: (1px inset #808080)] [r=0 c=2 rs=1 cs=1]
                                                              RenderText {#text} at (2,2) size 9x19
                                                                text run at (2,2) width 9: "c"
                                                            RenderTableCell {TD} at (132,2) size 37x23 [border: (1px inset #808080)] [r=0 c=3 rs=1 cs=1]
                                                              RenderText {#text} at (2,2) size 10x19
                                                                text run at (2,2) width 10: "d"
                                                            RenderTableCell {TD} at (171,2) size 38x23 [border: (1px inset #808080)] [r=0 c=4 rs=1 cs=1]
                                                              RenderText {#text} at (2,2) size 10x19
                                                                text run at (2,2) width 10: "e"
                                                          RenderTableRow {TR} at (0,27) size 211x23
                                                            RenderTableCell {TD} at (2,27) size 36x23 [border: (1px inset #808080)] [r=1 c=0 rs=1 cs=1]
                                                              RenderText {#text} at (2,2) size 6x19
                                                                text run at (2,2) width 6: "f"
                                                            RenderTableCell {TD} at (40,27) size 36x23 [border: (1px inset #808080)] [r=1 c=1 rs=1 cs=1]
                                                              RenderText {#text} at (2,2) size 10x19
                                                                text run at (2,2) width 10: "g"
                                                            RenderTableCell {TD} at (78,27) size 52x23 [border: (1px inset #808080)] [r=1 c=2 rs=1 cs=1]
                                                              RenderText {#text} at (2,2) size 10x19
                                                                text run at (2,2) width 10: "h"
                                                            RenderTableCell {TD} at (132,27) size 37x23 [border: (1px inset #808080)] [r=1 c=3 rs=1 cs=1]
                                                              RenderText {#text} at (2,2) size 4x19
                                                                text run at (2,2) width 4: "i"
                                                            RenderTableCell {TD} at (171,27) size 38x23 [border: (1px inset #808080)] [r=1 c=4 rs=1 cs=1]
                                                              RenderText {#text} at (2,2) size 4x19
                                                                text run at (2,2) width 4: "j"
                                                          RenderTableRow {TR} at (0,52) size 211x23
                                                            RenderTableCell {TD} at (2,52) size 36x23 [border: (1px inset #808080)] [r=2 c=0 rs=1 cs=1]
                                                              RenderText {#text} at (2,2) size 9x19
                                                                text run at (2,2) width 9: "k"
                                                            RenderTableCell {TD} at (40,52) size 36x23 [border: (1px inset #808080)] [r=2 c=1 rs=1 cs=1]
                                                              RenderText {#text} at (2,2) size 4x19
                                                                text run at (2,2) width 4: "l"
                                                            RenderTableCell {TD} at (78,52) size 52x23 [border: (1px inset #808080)] [r=2 c=2 rs=1 cs=1]
                                                              RenderText {#text} at (2,2) size 16x19
                                                                text run at (2,2) width 16: "m"
                                                            RenderTableCell {TD} at (132,52) size 37x23 [border: (1px inset #808080)] [r=2 c=3 rs=1 cs=1]
                                                              RenderText {#text} at (2,2) size 10x19
                                                                text run at (2,2) width 10: "n"
                                                            RenderTableCell {TD} at (171,52) size 38x23 [border: (1px inset #808080)] [r=2 c=4 rs=1 cs=1]
                                                              RenderText {#text} at (2,2) size 10x19
                                                                text run at (2,2) width 10: "o"
                                                          RenderTableRow {TR} at (0,77) size 211x23
                                                            RenderTableCell {TD} at (2,77) size 36x23 [border: (1px inset #808080)] [r=3 c=0 rs=1 cs=1]
                                                              RenderText {#text} at (2,2) size 10x19
                                                                text run at (2,2) width 10: "p"
                                                            RenderTableCell {TD} at (40,77) size 36x23 [border: (1px inset #808080)] [r=3 c=1 rs=1 cs=1]
                                                              RenderText {#text} at (2,2) size 10x19
                                                                text run at (2,2) width 10: "q"
                                                            RenderTableCell {TD} at (78,77) size 52x23 [border: (1px inset #808080)] [r=3 c=2 rs=1 cs=1]
                                                              RenderText {#text} at (2,2) size 7x19
                                                                text run at (2,2) width 7: "r"
                                                            RenderTableCell {TD} at (132,77) size 37x23 [border: (1px inset #808080)] [r=3 c=3 rs=1 cs=1]
                                                              RenderText {#text} at (2,2) size 8x19
                                                                text run at (2,2) width 8: "s"
                                                            RenderTableCell {TD} at (171,77) size 38x23 [border: (1px inset #808080)] [r=3 c=4 rs=1 cs=1]
                                                              RenderText {#text} at (2,2) size 6x19
                                                                text run at (2,2) width 6: "t"
                                                          RenderTableRow {TR} at (0,102) size 211x23
                                                            RenderTableCell {TD} at (2,102) size 36x23 [border: (1px inset #808080)] [r=4 c=0 rs=1 cs=1]
                                                              RenderText {#text} at (2,2) size 10x19
                                                                text run at (2,2) width 10: "u"
                                                            RenderTableCell {TD} at (40,102) size 36x23 [border: (1px inset #808080)] [r=4 c=1 rs=1 cs=1]
                                                              RenderText {#text} at (2,2) size 9x19
                                                                text run at (2,2) width 9: "v"
                                                            RenderTableCell {TD} at (78,102) size 52x23 [border: (1px inset #808080)] [r=4 c=2 rs=1 cs=1]
                                                              RenderText {#text} at (2,2) size 13x19
                                                                text run at (2,2) width 13: "w"
                                                            RenderTableCell {TD} at (132,102) size 37x23 [border: (1px inset #808080)] [r=4 c=3 rs=1 cs=1]
                                                              RenderText {#text} at (2,2) size 9x19
                                                                text run at (2,2) width 9: "x"
                                                            RenderTableCell {TD} at (171,102) size 38x23 [border: (1px inset #808080)] [r=4 c=4 rs=1 cs=1]
                                                              RenderText {#text} at (2,2) size 9x19
                                                                text run at (2,2) width 9: "y"
                                                      RenderBlock (anonymous) at (2,131) size 213x19
                                                        RenderText {#text} at (0,0) size 5x19
                                                          text run at (0,0) width 5: " "
                                                    RenderTableCell {TD} at (289,116) size 32x23 [border: (1px inset #808080)] [r=2 c=3 rs=1 cs=1]
                                                      RenderText {#text} at (2,2) size 10x19
                                                        text run at (2,2) width 10: "n"
                                                    RenderTableCell {TD} at (323,116) size 33x23 [border: (1px inset #808080)] [r=2 c=4 rs=1 cs=1]
                                                      RenderText {#text} at (2,2) size 10x19
                                                        text run at (2,2) width 10: "o"
                                                  RenderTableRow {TR} at (0,206) size 358x23
                                                    RenderTableCell {TD} at (2,206) size 32x23 [border: (1px inset #808080)] [r=3 c=0 rs=1 cs=1]
                                                      RenderText {#text} at (2,2) size 10x19
                                                        text run at (2,2) width 10: "p"
                                                    RenderTableCell {TD} at (36,206) size 32x23 [border: (1px inset #808080)] [r=3 c=1 rs=1 cs=1]
                                                      RenderText {#text} at (2,2) size 10x19
                                                        text run at (2,2) width 10: "q"
                                                    RenderTableCell {TD} at (70,206) size 217x23 [border: (1px inset #808080)] [r=3 c=2 rs=1 cs=1]
                                                      RenderText {#text} at (2,2) size 7x19
                                                        text run at (2,2) width 7: "r"
                                                    RenderTableCell {TD} at (289,206) size 32x23 [border: (1px inset #808080)] [r=3 c=3 rs=1 cs=1]
                                                      RenderText {#text} at (2,2) size 8x19
                                                        text run at (2,2) width 8: "s"
                                                    RenderTableCell {TD} at (323,206) size 33x23 [border: (1px inset #808080)] [r=3 c=4 rs=1 cs=1]
                                                      RenderText {#text} at (2,2) size 6x19
                                                        text run at (2,2) width 6: "t"
                                                  RenderTableRow {TR} at (0,231) size 358x23
                                                    RenderTableCell {TD} at (2,231) size 32x23 [border: (1px inset #808080)] [r=4 c=0 rs=1 cs=1]
                                                      RenderText {#text} at (2,2) size 10x19
                                                        text run at (2,2) width 10: "u"
                                                    RenderTableCell {TD} at (36,231) size 32x23 [border: (1px inset #808080)] [r=4 c=1 rs=1 cs=1]
                                                      RenderText {#text} at (2,2) size 9x19
                                                        text run at (2,2) width 9: "v"
                                                    RenderTableCell {TD} at (70,231) size 217x23 [border: (1px inset #808080)] [r=4 c=2 rs=1 cs=1]
                                                      RenderText {#text} at (2,2) size 13x19
                                                        text run at (2,2) width 13: "w"
                                                    RenderTableCell {TD} at (289,231) size 32x23 [border: (1px inset #808080)] [r=4 c=3 rs=1 cs=1]
                                                      RenderText {#text} at (2,2) size 9x19
                                                        text run at (2,2) width 9: "x"
                                                    RenderTableCell {TD} at (323,231) size 33x23 [border: (1px inset #808080)] [r=4 c=4 rs=1 cs=1]
                                                      RenderText {#text} at (2,2) size 9x19
                                                        text run at (2,2) width 9: "y"
                                              RenderBlock (anonymous) at (2,260) size 360x19
                                                RenderText {#text} at (0,0) size 5x19
                                                  text run at (0,0) width 5: " "
                                            RenderTableCell {TD} at (432,181) size 30x23 [border: (1px inset #808080)] [r=2 c=3 rs=1 cs=1]
                                              RenderText {#text} at (2,2) size 10x19
                                                text run at (2,2) width 10: "n"
                                            RenderTableCell {TD} at (464,181) size 31x23 [border: (1px inset #808080)] [r=2 c=4 rs=1 cs=1]
                                              RenderText {#text} at (2,2) size 10x19
                                                text run at (2,2) width 10: "o"
                                          RenderTableRow {TR} at (0,335) size 497x23
                                            RenderTableCell {TD} at (2,335) size 30x23 [border: (1px inset #808080)] [r=3 c=0 rs=1 cs=1]
                                              RenderText {#text} at (2,2) size 10x19
                                                text run at (2,2) width 10: "p"
                                            RenderTableCell {TD} at (34,335) size 30x23 [border: (1px inset #808080)] [r=3 c=1 rs=1 cs=1]
                                              RenderText {#text} at (2,2) size 10x19
                                                text run at (2,2) width 10: "q"
                                            RenderTableCell {TD} at (66,335) size 364x23 [border: (1px inset #808080)] [r=3 c=2 rs=1 cs=1]
                                              RenderText {#text} at (2,2) size 7x19
                                                text run at (2,2) width 7: "r"
                                            RenderTableCell {TD} at (432,335) size 30x23 [border: (1px inset #808080)] [r=3 c=3 rs=1 cs=1]
                                              RenderText {#text} at (2,2) size 8x19
                                                text run at (2,2) width 8: "s"
                                            RenderTableCell {TD} at (464,335) size 31x23 [border: (1px inset #808080)] [r=3 c=4 rs=1 cs=1]
                                              RenderText {#text} at (2,2) size 6x19
                                                text run at (2,2) width 6: "t"
                                          RenderTableRow {TR} at (0,360) size 497x23
                                            RenderTableCell {TD} at (2,360) size 30x23 [border: (1px inset #808080)] [r=4 c=0 rs=1 cs=1]
                                              RenderText {#text} at (2,2) size 10x19
                                                text run at (2,2) width 10: "u"
                                            RenderTableCell {TD} at (34,360) size 30x23 [border: (1px inset #808080)] [r=4 c=1 rs=1 cs=1]
                                              RenderText {#text} at (2,2) size 9x19
                                                text run at (2,2) width 9: "v"
                                            RenderTableCell {TD} at (66,360) size 364x23 [border: (1px inset #808080)] [r=4 c=2 rs=1 cs=1]
                                              RenderText {#text} at (2,2) size 13x19
                                                text run at (2,2) width 13: "w"
                                            RenderTableCell {TD} at (432,360) size 30x23 [border: (1px inset #808080)] [r=4 c=3 rs=1 cs=1]
                                              RenderText {#text} at (2,2) size 9x19
                                                text run at (2,2) width 9: "x"
                                            RenderTableCell {TD} at (464,360) size 31x23 [border: (1px inset #808080)] [r=4 c=4 rs=1 cs=1]
                                              RenderText {#text} at (2,2) size 9x19
                                                text run at (2,2) width 9: "y"
                                      RenderBlock (anonymous) at (2,389) size 499x19
                                        RenderText {#text} at (0,0) size 5x19
                                          text run at (0,0) width 5: " "
                                    RenderTableCell {TD} at (569,220) size 29x23 [border: (1px inset #808080)] [r=1 c=3 rs=1 cs=1]
                                      RenderText {#text} at (2,2) size 10x19
                                        text run at (2,2) width 10: "9"
                                    RenderTableCell {TD} at (600,220) size 30x23 [border: (1px inset #808080)] [r=1 c=4 rs=1 cs=1]
                                      RenderText {#text} at (2,2) size 10x19
                                        text run at (2,2) width 10: "0"
                                  RenderTableRow {TR} at (0,439) size 632x23
                                    RenderTableCell {TD} at (2,439) size 29x23 [border: (1px inset #808080)] [r=2 c=0 rs=1 cs=1]
                                      RenderText {#text} at (2,2) size 10x19
                                        text run at (2,2) width 10: "a"
                                    RenderTableCell {TD} at (33,439) size 29x23 [border: (1px inset #808080)] [r=2 c=1 rs=1 cs=1]
                                      RenderText {#text} at (2,2) size 10x19
                                        text run at (2,2) width 10: "b"
                                    RenderTableCell {TD} at (64,439) size 503x23 [border: (1px inset #808080)] [r=2 c=2 rs=1 cs=1]
                                      RenderText {#text} at (2,2) size 9x19
                                        text run at (2,2) width 9: "c"
                                    RenderTableCell {TD} at (569,439) size 29x23 [border: (1px inset #808080)] [r=2 c=3 rs=1 cs=1]
                                      RenderText {#text} at (2,2) size 10x19
                                        text run at (2,2) width 10: "d"
                                    RenderTableCell {TD} at (600,439) size 30x23 [border: (1px inset #808080)] [r=2 c=4 rs=1 cs=1]
                                      RenderText {#text} at (2,2) size 10x19
                                        text run at (2,2) width 10: "e"
                                  RenderTableRow {TR} at (0,464) size 632x23
                                    RenderTableCell {TD} at (2,464) size 29x23 [border: (1px inset #808080)] [r=3 c=0 rs=1 cs=1]
                                      RenderText {#text} at (2,2) size 6x19
                                        text run at (2,2) width 6: "f"
                                    RenderTableCell {TD} at (33,464) size 29x23 [border: (1px inset #808080)] [r=3 c=1 rs=1 cs=1]
                                      RenderText {#text} at (2,2) size 10x19
                                        text run at (2,2) width 10: "g"
                                    RenderTableCell {TD} at (64,464) size 503x23 [border: (1px inset #808080)] [r=3 c=2 rs=1 cs=1]
                                      RenderText {#text} at (2,2) size 10x19
                                        text run at (2,2) width 10: "h"
                                    RenderTableCell {TD} at (569,464) size 29x23 [border: (1px inset #808080)] [r=3 c=3 rs=1 cs=1]
                                      RenderText {#text} at (2,2) size 4x19
                                        text run at (2,2) width 4: "i"
                                    RenderTableCell {TD} at (600,464) size 30x23 [border: (1px inset #808080)] [r=3 c=4 rs=1 cs=1]
                                      RenderText {#text} at (2,2) size 4x19
                                        text run at (2,2) width 4: "j"
                                  RenderTableRow {TR} at (0,489) size 632x23
                                    RenderTableCell {TD} at (2,489) size 29x23 [border: (1px inset #808080)] [r=4 c=0 rs=1 cs=1]
                                      RenderText {#text} at (2,2) size 9x19
                                        text run at (2,2) width 9: "k"
                                    RenderTableCell {TD} at (33,489) size 29x23 [border: (1px inset #808080)] [r=4 c=1 rs=1 cs=1]
                                      RenderText {#text} at (2,2) size 4x19
                                        text run at (2,2) width 4: "l"
                                    RenderTableCell {TD} at (64,489) size 503x23 [border: (1px inset #808080)] [r=4 c=2 rs=1 cs=1]
                                      RenderText {#text} at (2,2) size 16x19
                                        text run at (2,2) width 16: "m"
                                    RenderTableCell {TD} at (569,489) size 29x23 [border: (1px inset #808080)] [r=4 c=3 rs=1 cs=1]
                                      RenderText {#text} at (2,2) size 10x19
                                        text run at (2,2) width 10: "n"
                                    RenderTableCell {TD} at (600,489) size 30x23 [border: (1px inset #808080)] [r=4 c=4 rs=1 cs=1]
                                      RenderText {#text} at (2,2) size 10x19
                                        text run at (2,2) width 10: "o"
                              RenderBlock (anonymous) at (2,518) size 634x19
                                RenderText {#text} at (0,0) size 5x19
                                  text run at (0,0) width 5: " "
                            RenderTableCell {TD} at (672,260) size 29x23 [border: (1px inset #808080)] [r=0 c=2 rs=1 cs=1]
                              RenderText {#text} at (2,2) size 10x19
                                text run at (2,2) width 10: "3"
                          RenderTableRow {TR} at (0,543) size 703x23
                            RenderTableCell {TD} at (2,543) size 28x23 [border: (1px inset #808080)] [r=1 c=0 rs=1 cs=1]
                              RenderText {#text} at (2,2) size 10x19
                                text run at (2,2) width 10: "4"
                            RenderTableCell {TD} at (32,543) size 638x23 [border: (1px inset #808080)] [r=1 c=1 rs=1 cs=1]
                              RenderText {#text} at (2,2) size 10x19
                                text run at (2,2) width 10: "5"
                            RenderTableCell {TD} at (672,543) size 29x23 [border: (1px inset #808080)] [r=1 c=2 rs=1 cs=1]
                              RenderText {#text} at (2,2) size 10x19
                                text run at (2,2) width 10: "6"
                          RenderTableRow {TR} at (0,568) size 703x23
                            RenderTableCell {TD} at (2,568) size 28x23 [border: (1px inset #808080)] [r=2 c=0 rs=1 cs=1]
                              RenderText {#text} at (2,2) size 10x19
                                text run at (2,2) width 10: "7"
                            RenderTableCell {TD} at (32,568) size 638x23 [border: (1px inset #808080)] [r=2 c=1 rs=1 cs=1]
                              RenderText {#text} at (2,2) size 10x19
                                text run at (2,2) width 10: "8"
                            RenderTableCell {TD} at (672,568) size 29x23 [border: (1px inset #808080)] [r=2 c=2 rs=1 cs=1]
                              RenderText {#text} at (2,2) size 10x19
                                text run at (2,2) width 10: "9"
                      RenderBlock (anonymous) at (1,596) size 705x19
                        RenderText {#text} at (0,0) size 5x19
                          text run at (0,0) width 5: " "
                    RenderTableCell {TD} at (736,322) size 24x21 [r=1 c=2 rs=1 cs=1]
                      RenderText {#text} at (1,1) size 10x19
                        text run at (1,1) width 10: "6"
                  RenderTableRow {TR} at (0,643) size 762x21
                    RenderTableCell {TD} at (2,643) size 23x21 [r=2 c=0 rs=1 cs=1]
                      RenderText {#text} at (1,1) size 10x19
                        text run at (1,1) width 10: "7"
                    RenderTableCell {TD} at (27,643) size 707x21 [r=2 c=1 rs=1 cs=1]
                      RenderText {#text} at (1,1) size 10x19
                        text run at (1,1) width 10: "8"
                    RenderTableCell {TD} at (736,643) size 24x21 [r=2 c=2 rs=1 cs=1]
                      RenderText {#text} at (1,1) size 10x19
                        text run at (1,1) width 10: "9"
              RenderBlock (anonymous) at (2,668) size 762x19
                RenderText {#text} at (0,0) size 5x19
                  text run at (0,0) width 5: " "
            RenderTableCell {TD} at (770,385) size 94x23 [border: (1px inset #808080)] [r=2 c=1 rs=1 cs=1]
              RenderText {#text} at (2,2) size 10x19
                text run at (2,2) width 10: "8"
            RenderTableCell {TD} at (866,385) size 94x23 [border: (1px inset #808080)] [r=2 c=2 rs=1 cs=1]
              RenderText {#text} at (2,2) size 10x19
                text run at (2,2) width 10: "9"
