layer at (0,0) size 980x1382
  RenderView at (0,0) size 980x735
layer at (0,0) size 980x1382
  RenderBlock {HTML} at (0,0) size 980x1382
    RenderBody {BODY} at (8,8) size 964x1358 [bgcolor=#FFDEAD]
      RenderBlock (anonymous) at (0,0) size 964x19
        RenderText {#text} at (0,0) size 770x19
          text run at (0,0) width 770: "If there is missing vertical space between tables and/or tables and other content, it is bug 6997. "
        RenderBR {BR} at (770,15) size 0x0
      RenderBlock {H1} at (0,40) size 964x74
        RenderInline {FONT} at (0,0) size 585x75 [color=#FF0000]
          RenderText {#text} at (0,0) size 395x38
            text run at (0,0) width 395: "Acceptance Test Case"
          RenderBR {BR} at (395,30) size 0x0
          RenderText {#text} at (0,37) size 585x38
            text run at (0,37) width 585: "Web Browser: Web View (HTML)"
      RenderBlock {P} at (0,135) size 964x28
        RenderInline {FONT} at (0,0) size 256x28 [color=#FF0000]
          RenderInline {B} at (0,0) size 256x28
            RenderText {#text} at (0,0) size 256x28
              text run at (0,0) width 256: "Table: <TR> ALIGN"
        RenderText {#text} at (0,0) size 0x0
      RenderBlock {HR} at (0,179) size 964x2 [border: (1px inset #000000)]
      RenderBlock (anonymous) at (0,189) size 964x76
        RenderText {#text} at (0,0) size 355x19
          text run at (0,0) width 355: "This acceptance test case tests the optional "
        RenderInline {B} at (0,0) size 49x19
          RenderText {#text} at (355,0) size 49x19
            text run at (355,0) width 49: "<TR>"
        RenderText {#text} at (404,0) size 36x19
          text run at (404,0) width 36: " tag "
        RenderInline {B} at (0,0) size 54x19
          RenderText {#text} at (440,0) size 54x19
            text run at (440,0) width 54: "ALIGN"
        RenderText {#text} at (494,0) size 963x57
          text run at (494,0) width 230: " attribute which controls the "
          text run at (724,0) width 239: "horizontal alignment of all the"
          text run at (0,19) width 599: "cells in a row. This cause the contents of each cell in the row to be aligned "
          text run at (599,19) width 338: "either LEFT|CENTER|RIGHT with respect to"
          text run at (0,38) width 455: "the current left and right margins of the display window. "
          text run at (455,38) width 35: "The "
        RenderInline {B} at (0,0) size 65x19
          RenderText {#text} at (490,38) size 65x19
            text run at (490,38) width 65: "Header"
        RenderText {#text} at (555,38) size 225x19
          text run at (555,38) width 225: " cells by default are aligned "
        RenderInline {B} at (0,0) size 70x19
          RenderText {#text} at (780,38) size 70x19
            text run at (780,38) width 70: "CENTER"
        RenderText {#text} at (850,38) size 77x19
          text run at (850,38) width 77: " while the"
        RenderInline {B} at (0,0) size 43x19
          RenderText {#text} at (0,57) size 43x19
            text run at (0,57) width 43: "Data"
        RenderText {#text} at (43,57) size 225x19
          text run at (43,57) width 225: " cells by default are aligned "
        RenderInline {B} at (0,0) size 43x19
          RenderText {#text} at (268,57) size 43x19
            text run at (268,57) width 43: "LEFT"
        RenderText {#text} at (311,57) size 5x19
          text run at (311,57) width 5: "."
      RenderBlock {P} at (0,281) size 964x19
        RenderInline {B} at (0,0) size 160x19
          RenderText {#text} at (0,0) size 160x19
            text run at (0,0) width 160: "Test Instructions:"
        RenderText {#text} at (0,0) size 0x0
      RenderBlock {OL} at (0,316) size 964x218
        RenderListItem {LI} at (40,0) size 924x19
          RenderListMarker at (-25,0) size 20x19: "1"
          RenderText {#text} at (0,0) size 641x19
            text run at (0,0) width 641: "Verify that the sample text displays as stated in each of the following test cases:"
        RenderBlock {P} at (40,35) size 924x72
          RenderTable {TABLE} at (0,0) size 884x72 [bgcolor=#F08080]
            RenderTableSection {TBODY} at (0,0) size 884x72
              RenderTableRow {TR} at (0,2) size 884x33
                RenderTableCell {TD} at (2,2) size 120x33 [r=0 c=0 rs=1 cs=1]
                  RenderInline {A} at (0,0) size 106x19 [color=#0000EE]
                    RenderText {#text} at (7,7) size 106x19
                      text run at (7,7) width 106: "Test Case #1"
                RenderTableCell {TD} at (124,2) size 758x33 [r=0 c=1 rs=1 cs=1]
                  RenderInline {FONT} at (0,0) size 744x19 [color=#0000FF]
                    RenderInline {B} at (0,0) size 744x19
                      RenderText {#text} at (7,7) size 744x19
                        text run at (7,7) width 744: "Table displaying Header \"CENTER \"& Data \"LEFT\" default horizontal row alignment"
              RenderTableRow {TR} at (0,37) size 884x33
                RenderTableCell {TD} at (2,37) size 120x33 [r=1 c=0 rs=1 cs=1]
                  RenderInline {A} at (0,0) size 106x19 [color=#0000EE]
                    RenderText {#text} at (7,7) size 106x19
                      text run at (7,7) width 106: "Test Case #2"
                RenderTableCell {TD} at (124,37) size 758x33 [r=1 c=1 rs=1 cs=1]
                  RenderInline {FONT} at (0,0) size 729x19 [color=#0000FF]
                    RenderInline {B} at (0,0) size 729x19
                      RenderText {#text} at (7,7) size 729x19
                        text run at (7,7) width 729: "Tables displaying Header & Data \"LEFT|CENTER|RIGHT\" horizontal row alignment"
        RenderBlock {P} at (40,123) size 924x0
        RenderListItem {LI} at (40,123) size 924x19
          RenderListMarker at (-25,0) size 20x19: "2"
          RenderText {#text} at (0,0) size 359x19
            text run at (0,0) width 359: "Verify that the table is maintained when you "
          RenderInline {B} at (0,0) size 171x19
            RenderText {#text} at (359,0) size 171x19
              text run at (359,0) width 171: "minimize/maximize"
          RenderText {#text} at (530,0) size 95x19
            text run at (530,0) width 95: " the screen."
        RenderListItem {LI} at (40,142) size 924x19
          RenderListMarker at (-25,0) size 20x19: "3"
          RenderText {#text} at (0,0) size 359x19
            text run at (0,0) width 359: "Verify that the table is maintained when you "
          RenderInline {B} at (0,0) size 167x19
            RenderText {#text} at (359,0) size 167x19
              text run at (359,0) width 167: "re-size left & right"
          RenderText {#text} at (526,0) size 95x19
            text run at (526,0) width 95: " the screen."
        RenderListItem {LI} at (40,161) size 924x19
          RenderListMarker at (-25,0) size 20x19: "4"
          RenderText {#text} at (0,0) size 359x19
            text run at (0,0) width 359: "Verify that the table is maintained when you "
          RenderInline {B} at (0,0) size 189x19
            RenderText {#text} at (359,0) size 189x19
              text run at (359,0) width 189: "re-size top & bottom"
          RenderText {#text} at (548,0) size 95x19
            text run at (548,0) width 95: " the screen."
        RenderListItem {LI} at (40,180) size 924x19
          RenderListMarker at (-25,0) size 20x19: "5"
          RenderText {#text} at (0,0) size 522x19
            text run at (0,0) width 522: "Verify re-draw takes place correctly after maximizing the screen."
        RenderListItem {LI} at (40,199) size 924x19
          RenderListMarker at (-25,0) size 20x19: "6"
          RenderText {#text} at (0,0) size 160x19
            text run at (0,0) width 160: "Verify reload works."
      RenderBlock {HR} at (0,550) size 964x2 [border: (1px inset #000000)]
      RenderBlock {P} at (0,568) size 964x62
        RenderTable {TABLE} at (0,0) size 964x62 [bgcolor=#F08080] [border: (1px outset #808080)]
          RenderTableSection {TBODY} at (1,1) size 962x60
            RenderTableRow {TR} at (0,2) size 962x56
              RenderTableCell {TH} at (2,2) size 958x56 [border: (1px inset #808080)] [r=0 c=0 rs=1 cs=1]
                RenderInline {A} at (0,0) size 0x0
                RenderText {#text} at (15,11) size 133x19
                  text run at (15,11) width 133: "Test Case #1: "
                RenderInline {FONT} at (0,0) size 745x19 [color=#0000FF]
                  RenderText {#text} at (147,11) size 745x19
                    text run at (147,11) width 745: "Table displaying Header \"CENTER \"& Data \"LEFT\" default horizontal row alignment"
                RenderText {#text} at (891,11) size 7x19
                  text run at (891,11) width 7: " "
                RenderInline {FONT} at (0,0) size 502x31
                  RenderInline {I} at (0,0) size 502x31
                    RenderText {#text} at (897,14) size 502x31
                      text run at (897,14) width 46: "(using"
                      text run at (441,30) width 76: "<TR> tag)"
                RenderText {#text} at (0,0) size 0x0
      RenderBlock {P} at (0,646) size 964x73
        RenderTable {TABLE} at (0,0) size 433x73 [bgcolor=#FFE4C4] [border: (1px outset #808080)]
          RenderBlock {CAPTION} at (0,0) size 433x19
            RenderText {#text} at (82,0) size 269x19
              text run at (82,0) width 269: "Default Horizontal Row Alignment"
          RenderTableSection {TBODY} at (1,20) size 431x52
            RenderTableRow {TR} at (0,2) size 431x23
              RenderTableCell {TH} at (2,2) size 141x23 [border: (1px inset #808080)] [r=0 c=0 rs=1 cs=1]
                RenderText {#text} at (20,2) size 101x19
                  text run at (20,2) width 101: "row head 1"
              RenderTableCell {TH} at (145,2) size 141x23 [border: (1px inset #808080)] [r=0 c=1 rs=1 cs=1]
                RenderText {#text} at (20,2) size 101x19
                  text run at (20,2) width 101: "row head 2"
              RenderTableCell {TH} at (288,2) size 141x23 [border: (1px inset #808080)] [r=0 c=2 rs=1 cs=1]
                RenderText {#text} at (20,2) size 101x19
                  text run at (20,2) width 101: "row head 3"
            RenderTableRow {TR} at (0,27) size 431x23
              RenderTableCell {TD} at (2,27) size 141x23 [border: (1px inset #808080)] [r=1 c=0 rs=1 cs=1]
                RenderText {#text} at (2,2) size 86x19
                  text run at (2,2) width 86: "row data 1"
              RenderTableCell {TD} at (145,27) size 141x23 [border: (1px inset #808080)] [r=1 c=1 rs=1 cs=1]
                RenderText {#text} at (2,2) size 86x19
                  text run at (2,2) width 86: "row data 2"
              RenderTableCell {TD} at (288,27) size 141x23 [border: (1px inset #808080)] [r=1 c=2 rs=1 cs=1]
                RenderText {#text} at (2,2) size 86x19
                  text run at (2,2) width 86: "row data 3"
      RenderBlock {HR} at (0,735) size 964x2 [border: (1px inset #000000)]
      RenderBlock {P} at (0,753) size 964x62
        RenderTable {TABLE} at (0,0) size 964x62 [bgcolor=#F08080] [border: (1px outset #808080)]
          RenderTableSection {TBODY} at (1,1) size 962x60
            RenderTableRow {TR} at (0,2) size 962x56
              RenderTableCell {TH} at (2,2) size 958x56 [border: (1px inset #808080)] [r=0 c=0 rs=1 cs=1]
                RenderInline {A} at (0,0) size 0x0
                RenderText {#text} at (23,11) size 132x19
                  text run at (23,11) width 132: "Test Case #2: "
                RenderInline {FONT} at (0,0) size 729x19 [color=#0000FF]
                  RenderText {#text} at (155,11) size 729x19
                    text run at (155,11) width 729: "Tables displaying Header & Data \"LEFT|CENTER|RIGHT\" horizontal row alignment"
                RenderText {#text} at (884,11) size 6x19
                  text run at (884,11) width 6: " "
                RenderInline {FONT} at (0,0) size 599x31
                  RenderInline {I} at (0,0) size 599x31
                    RenderText {#text} at (890,14) size 599x31
                      text run at (890,14) width 45: "(using"
                      text run at (336,30) width 286: "<TR ALIGN=LEFT|CENTER|RIGHT> tag)"
                RenderText {#text} at (0,0) size 0x0
      RenderBlock {P} at (0,831) size 964x171
        RenderTable {TABLE} at (0,0) size 433x171 [bgcolor=#FFE4C4] [border: (1px outset #808080)]
          RenderBlock {CAPTION} at (0,0) size 433x19
            RenderText {#text} at (88,0) size 257x19
              text run at (88,0) width 257: "Horizontal Row Alignment=LEFT"
          RenderTableSection {TBODY} at (1,20) size 431x150
            RenderTableRow {TR} at (0,2) size 431x23
              RenderTableCell {TH} at (2,2) size 141x23 [border: (1px inset #808080)] [r=0 c=0 rs=1 cs=1]
                RenderText {#text} at (2,2) size 101x19
                  text run at (2,2) width 101: "row head 1"
              RenderTableCell {TH} at (145,2) size 141x23 [border: (1px inset #808080)] [r=0 c=1 rs=1 cs=1]
                RenderText {#text} at (2,2) size 101x19
                  text run at (2,2) width 101: "row head 2"
              RenderTableCell {TH} at (288,2) size 141x23 [border: (1px inset #808080)] [r=0 c=2 rs=1 cs=1]
                RenderText {#text} at (2,2) size 101x19
                  text run at (2,2) width 101: "row head 3"
            RenderTableRow {TR} at (0,27) size 431x23
              RenderTableCell {TD} at (2,27) size 141x23 [border: (1px inset #808080)] [r=1 c=0 rs=1 cs=1]
                RenderText {#text} at (2,2) size 86x19
                  text run at (2,2) width 86: "row data 1"
              RenderTableCell {TD} at (145,27) size 141x23 [border: (1px inset #808080)] [r=1 c=1 rs=1 cs=1]
                RenderText {#text} at (2,2) size 86x19
                  text run at (2,2) width 86: "row data 2"
              RenderTableCell {TD} at (288,27) size 141x23 [border: (1px inset #808080)] [r=1 c=2 rs=1 cs=1]
                RenderText {#text} at (2,2) size 86x19
                  text run at (2,2) width 86: "row data 3"
            RenderTableRow {TR} at (0,52) size 431x96 [bgcolor=#FFD700]
              RenderTableCell {TD} at (2,52) size 427x96 [border: (1px inset #808080)] [r=2 c=0 rs=1 cs=3]
                RenderBlock (anonymous) at (2,2) size 423x76
                  RenderInline {B} at (0,0) size 407x76
                    RenderInline {FONT} at (0,0) size 407x76 [color=#FF0000]
                      RenderText {#text} at (0,0) size 181x19
                        text run at (0,0) width 181: "Note: The attribute "
                      RenderInline {FONT} at (0,0) size 110x19 [color=#0000FF]
                        RenderText {#text} at (181,0) size 110x19
                          text run at (181,0) width 110: "ALIGN=LEFT"
                      RenderText {#text} at (291,0) size 407x76
                        text run at (291,0) width 66: " has no"
                        text run at (0,19) width 407: "special effect on the row data since it simply"
                        text run at (0,38) width 333: "reiterates the default horizontal row"
                        text run at (0,57) width 97: "alignment!"
                  RenderInline {B} at (0,0) size 0x0
                    RenderInline {FONT} at (0,0) size 0x0 [color=#FF0000]
                RenderBlock {P} at (2,94) size 423x0
                  RenderInline {B} at (0,0) size 0x0
                    RenderInline {FONT} at (0,0) size 0x0 [color=#FF0000]
                  RenderText {#text} at (0,0) size 0x0
      RenderBlock {P} at (0,1018) size 964x171
        RenderTable {TABLE} at (0,0) size 433x171 [bgcolor=#FFE4C4] [border: (1px outset #808080)]
          RenderBlock {CAPTION} at (0,0) size 433x19
            RenderText {#text} at (75,0) size 283x19
              text run at (75,0) width 283: "Horizontal Row Alignment=CENTER"
          RenderTableSection {TBODY} at (1,20) size 431x150
            RenderTableRow {TR} at (0,2) size 431x23
              RenderTableCell {TH} at (2,2) size 141x23 [border: (1px inset #808080)] [r=0 c=0 rs=1 cs=1]
                RenderText {#text} at (20,2) size 101x19
                  text run at (20,2) width 101: "row head 1"
              RenderTableCell {TH} at (145,2) size 141x23 [border: (1px inset #808080)] [r=0 c=1 rs=1 cs=1]
                RenderText {#text} at (20,2) size 101x19
                  text run at (20,2) width 101: "row head 2"
              RenderTableCell {TH} at (288,2) size 141x23 [border: (1px inset #808080)] [r=0 c=2 rs=1 cs=1]
                RenderText {#text} at (20,2) size 101x19
                  text run at (20,2) width 101: "row head 3"
            RenderTableRow {TR} at (0,27) size 431x23
              RenderTableCell {TD} at (2,27) size 141x23 [border: (1px inset #808080)] [r=1 c=0 rs=1 cs=1]
                RenderText {#text} at (27,2) size 87x19
                  text run at (27,2) width 87: "row data 1"
              RenderTableCell {TD} at (145,27) size 141x23 [border: (1px inset #808080)] [r=1 c=1 rs=1 cs=1]
                RenderText {#text} at (27,2) size 87x19
                  text run at (27,2) width 87: "row data 2"
              RenderTableCell {TD} at (288,27) size 141x23 [border: (1px inset #808080)] [r=1 c=2 rs=1 cs=1]
                RenderText {#text} at (27,2) size 87x19
                  text run at (27,2) width 87: "row data 3"
            RenderTableRow {TR} at (0,52) size 431x96 [bgcolor=#FFD700]
              RenderTableCell {TD} at (2,52) size 427x96 [border: (1px inset #808080)] [r=2 c=0 rs=1 cs=3]
                RenderBlock (anonymous) at (2,2) size 423x76
                  RenderInline {B} at (0,0) size 410x76
                    RenderInline {FONT} at (0,0) size 410x76 [color=#FF0000]
                      RenderText {#text} at (0,0) size 181x19
                        text run at (0,0) width 181: "Note: The attribute "
                      RenderInline {FONT} at (0,0) size 137x19 [color=#0000FF]
                        RenderText {#text} at (181,0) size 137x19
                          text run at (181,0) width 137: "ALIGN=CENTER"
                      RenderText {#text} at (318,0) size 410x76
                        text run at (318,0) width 66: " has no"
                        text run at (0,19) width 410: "special effect on the row head since it simply"
                        text run at (0,38) width 333: "reiterates the default horizontal row"
                        text run at (0,57) width 97: "alignment!"
                  RenderInline {B} at (0,0) size 0x0
                    RenderInline {FONT} at (0,0) size 0x0 [color=#FF0000]
                RenderBlock {P} at (2,94) size 423x0
                  RenderInline {B} at (0,0) size 0x0
                    RenderInline {FONT} at (0,0) size 0x0 [color=#FF0000]
                  RenderText {#text} at (0,0) size 0x0
      RenderBlock {P} at (0,1205) size 964x73
        RenderTable {TABLE} at (0,0) size 433x73 [bgcolor=#FFE4C4] [border: (1px outset #808080)]
          RenderBlock {CAPTION} at (0,0) size 433x19
            RenderText {#text} at (82,0) size 269x19
              text run at (82,0) width 269: "Horizontal Row Alignment=RIGHT"
          RenderTableSection {TBODY} at (1,20) size 431x52
            RenderTableRow {TR} at (0,2) size 431x23
              RenderTableCell {TH} at (2,2) size 141x23 [border: (1px inset #808080)] [r=0 c=0 rs=1 cs=1]
                RenderText {#text} at (38,2) size 101x19
                  text run at (38,2) width 101: "row head 1"
              RenderTableCell {TH} at (145,2) size 141x23 [border: (1px inset #808080)] [r=0 c=1 rs=1 cs=1]
                RenderText {#text} at (38,2) size 101x19
                  text run at (38,2) width 101: "row head 2"
              RenderTableCell {TH} at (288,2) size 141x23 [border: (1px inset #808080)] [r=0 c=2 rs=1 cs=1]
                RenderText {#text} at (38,2) size 101x19
                  text run at (38,2) width 101: "row head 3"
            RenderTableRow {TR} at (0,27) size 431x23
              RenderTableCell {TD} at (2,27) size 141x23 [border: (1px inset #808080)] [r=1 c=0 rs=1 cs=1]
                RenderText {#text} at (53,2) size 86x19
                  text run at (53,2) width 86: "row data 1"
              RenderTableCell {TD} at (145,27) size 141x23 [border: (1px inset #808080)] [r=1 c=1 rs=1 cs=1]
                RenderText {#text} at (53,2) size 86x19
                  text run at (53,2) width 86: "row data 2"
              RenderTableCell {TD} at (288,27) size 141x23 [border: (1px inset #808080)] [r=1 c=2 rs=1 cs=1]
                RenderText {#text} at (53,2) size 86x19
                  text run at (53,2) width 86: "row data 3"
      RenderBlock {P} at (0,1294) size 964x0
      RenderBlock {HR} at (0,1294) size 964x2 [border: (1px inset #000000)]
      RenderBlock (anonymous) at (0,1304) size 964x19
        RenderImage {IMG} at (0,2) size 13x13
        RenderText {#text} at (13,0) size 153x19
          text run at (13,0) width 153: " Created 9/9/96 by "
        RenderInline {A} at (0,0) size 99x19 [color=#0000EE]
          RenderText {#text} at (166,0) size 99x19
            text run at (166,0) width 99: "Ronald Greti"
        RenderBR {BR} at (265,15) size 0x0
      RenderBlock {P} at (0,1339) size 964x19
        RenderBR {BR} at (0,0) size 0x19
      RenderBlock {P} at (0,1374) size 964x0
