layer at (0,0) size 980x2437
  RenderView at (0,0) size 980x735
layer at (0,0) size 980x2437
  RenderBlock {HTML} at (0,0) size 980x2437
    RenderBody {BODY} at (8,8) size 964x2413 [bgcolor=#FFDEAD]
      RenderBlock {H1} at (0,0) size 964x74
        RenderInline {FONT} at (0,0) size 585x75 [color=#FF0000]
          RenderText {#text} at (0,0) size 395x38
            text run at (0,0) width 395: "Acceptance Test Case"
          RenderBR {BR} at (395,30) size 0x0
          RenderText {#text} at (0,37) size 585x38
            text run at (0,37) width 585: "Web Browser: Web View (HTML)"
      RenderBlock {P} at (0,95) size 964x28
        RenderInline {FONT} at (0,0) size 426x28 [color=#FF0000]
          RenderInline {B} at (0,0) size 426x28
            RenderText {#text} at (0,0) size 426x28
              text run at (0,0) width 426: "Table: <TH> & <TD> ROWSPAN"
        RenderText {#text} at (0,0) size 0x0
      RenderBlock {HR} at (0,139) size 964x2 [border: (1px inset #000000)]
      RenderBlock (anonymous) at (0,149) size 964x57
        RenderText {#text} at (0,0) size 355x19
          text run at (0,0) width 355: "This acceptance test case tests the optional "
        RenderInline {B} at (0,0) size 50x19
          RenderText {#text} at (355,0) size 50x19
            text run at (355,0) width 50: "<TH>"
        RenderText {#text} at (405,0) size 22x19
          text run at (405,0) width 22: " & "
        RenderInline {B} at (0,0) size 50x19
          RenderText {#text} at (427,0) size 50x19
            text run at (427,0) width 50: "<TD>"
        RenderText {#text} at (477,0) size 36x19
          text run at (477,0) width 36: " tag "
        RenderInline {B} at (0,0) size 93x19
          RenderText {#text} at (513,0) size 93x19
            text run at (513,0) width 93: "ROWSPAN"
        RenderText {#text} at (606,0) size 921x38
          text run at (606,0) width 135: " attribute which, "
          text run at (741,0) width 180: "when placed in a table"
          text run at (0,19) width 712: "header or data tag, specifies how many rows the table header or data cell will span. The "
        RenderInline {B} at (0,0) size 93x19
          RenderText {#text} at (712,19) size 93x19
            text run at (712,19) width 93: "ROWSPAN"
        RenderText {#text} at (805,19) size 946x38
          text run at (805,19) width 141: " attribute is set to"
          text run at (0,38) width 631: "an integer value equal the number of rows the table header or data cell spans."
      RenderBlock {P} at (0,222) size 964x19
        RenderInline {B} at (0,0) size 160x19
          RenderText {#text} at (0,0) size 160x19
            text run at (0,0) width 160: "Test Instructions:"
        RenderText {#text} at (0,0) size 0x0
      RenderBlock {OL} at (0,257) size 964x253
        RenderListItem {LI} at (40,0) size 924x19
          RenderListMarker at (-25,0) size 20x19: "1"
          RenderText {#text} at (0,0) size 641x19
            text run at (0,0) width 641: "Verify that the sample text displays as stated in each of the following test cases:"
        RenderBlock {P} at (40,35) size 924x107
          RenderTable {TABLE} at (0,0) size 697x107 [bgcolor=#F08080]
            RenderTableSection {TBODY} at (0,0) size 697x107
              RenderTableRow {TR} at (0,2) size 697x33
                RenderTableCell {TD} at (2,2) size 120x33 [r=0 c=0 rs=1 cs=1]
                  RenderInline {A} at (0,0) size 106x19 [color=#0000EE]
                    RenderText {#text} at (7,7) size 106x19
                      text run at (7,7) width 106: "Test Case #1"
                RenderTableCell {TD} at (124,2) size 571x33 [r=0 c=1 rs=1 cs=1]
                  RenderInline {FONT} at (0,0) size 422x19 [color=#0000FF]
                    RenderInline {B} at (0,0) size 422x19
                      RenderText {#text} at (7,7) size 422x19
                        text run at (7,7) width 422: "table with header cells spanning multiple rows"
              RenderTableRow {TR} at (0,37) size 697x33
                RenderTableCell {TD} at (2,37) size 120x33 [r=1 c=0 rs=1 cs=1]
                  RenderInline {A} at (0,0) size 106x19 [color=#0000EE]
                    RenderText {#text} at (7,7) size 106x19
                      text run at (7,7) width 106: "Test Case #2"
                RenderTableCell {TD} at (124,37) size 571x33 [r=1 c=1 rs=1 cs=1]
                  RenderInline {FONT} at (0,0) size 400x19 [color=#0000FF]
                    RenderInline {B} at (0,0) size 400x19
                      RenderText {#text} at (7,7) size 400x19
                        text run at (7,7) width 400: "table with data cells spanning multiple rows"
              RenderTableRow {TR} at (0,72) size 697x33
                RenderTableCell {TD} at (2,72) size 120x33 [r=2 c=0 rs=1 cs=1]
                  RenderInline {A} at (0,0) size 106x19 [color=#0000EE]
                    RenderText {#text} at (7,7) size 106x19
                      text run at (7,7) width 106: "Test Case #3"
                RenderTableCell {TD} at (124,72) size 571x33 [r=2 c=1 rs=1 cs=1]
                  RenderInline {FONT} at (0,0) size 557x19 [color=#0000FF]
                    RenderInline {B} at (0,0) size 557x19
                      RenderText {#text} at (7,7) size 557x19
                        text run at (7,7) width 557: "table with nested header & data cells spanning multiple rows"
        RenderBlock {P} at (40,158) size 924x0
        RenderListItem {LI} at (40,158) size 924x19
          RenderListMarker at (-25,0) size 20x19: "2"
          RenderText {#text} at (0,0) size 359x19
            text run at (0,0) width 359: "Verify that the table is maintained when you "
          RenderInline {B} at (0,0) size 171x19
            RenderText {#text} at (359,0) size 171x19
              text run at (359,0) width 171: "minimize/maximize"
          RenderText {#text} at (530,0) size 95x19
            text run at (530,0) width 95: " the screen."
        RenderListItem {LI} at (40,177) size 924x19
          RenderListMarker at (-25,0) size 20x19: "3"
          RenderText {#text} at (0,0) size 359x19
            text run at (0,0) width 359: "Verify that the table is maintained when you "
          RenderInline {B} at (0,0) size 167x19
            RenderText {#text} at (359,0) size 167x19
              text run at (359,0) width 167: "re-size left & right"
          RenderText {#text} at (526,0) size 95x19
            text run at (526,0) width 95: " the screen."
        RenderListItem {LI} at (40,196) size 924x19
          RenderListMarker at (-25,0) size 20x19: "4"
          RenderText {#text} at (0,0) size 359x19
            text run at (0,0) width 359: "Verify that the table is maintained when you "
          RenderInline {B} at (0,0) size 189x19
            RenderText {#text} at (359,0) size 189x19
              text run at (359,0) width 189: "re-size top & bottom"
          RenderText {#text} at (548,0) size 95x19
            text run at (548,0) width 95: " the screen."
        RenderListItem {LI} at (40,215) size 924x19
          RenderListMarker at (-25,0) size 20x19: "5"
          RenderText {#text} at (0,0) size 522x19
            text run at (0,0) width 522: "Verify re-draw takes place correctly after maximizing the screen."
        RenderListItem {LI} at (40,234) size 924x19
          RenderListMarker at (-25,0) size 20x19: "6"
          RenderText {#text} at (0,0) size 160x19
            text run at (0,0) width 160: "Verify reload works."
      RenderBlock {HR} at (0,526) size 964x2 [border: (1px inset #000000)]
      RenderBlock {P} at (0,544) size 964x62
        RenderTable {TABLE} at (0,0) size 819x62 [bgcolor=#F08080] [border: (1px outset #808080)]
          RenderTableSection {TBODY} at (1,1) size 817x60
            RenderTableRow {TR} at (0,2) size 817x56
              RenderTableCell {TH} at (2,2) size 813x56 [border: (1px inset #808080)] [r=0 c=0 rs=1 cs=1]
                RenderInline {A} at (0,0) size 0x0
                RenderText {#text} at (11,11) size 132x19
                  text run at (11,11) width 132: "Test Case #1: "
                RenderInline {FONT} at (0,0) size 422x19 [color=#0000FF]
                  RenderText {#text} at (143,11) size 422x19
                    text run at (143,11) width 422: "table with header cells spanning multiple rows"
                RenderText {#text} at (565,11) size 6x19
                  text run at (565,11) width 6: " "
                RenderInline {FONT} at (0,0) size 784x31
                  RenderInline {I} at (0,0) size 784x31
                    RenderText {#text} at (571,14) size 784x31
                      text run at (571,14) width 224: "(using <TH ROWSPAN=integer"
                      text run at (11,30) width 85: "value> tag)"
                RenderText {#text} at (0,0) size 0x0
      RenderBlock {P} at (0,622) size 964x142
        RenderBlock (anonymous) at (0,0) size 964x19
          RenderBR {BR} at (0,0) size 0x19
        RenderTable {TABLE} at (0,19) size 867x123 [bgcolor=#FFD700] [border: (1px outset #808080)]
          RenderTableSection {TBODY} at (1,1) size 865x121
            RenderTableRow {TR} at (0,2) size 865x117
              RenderTableCell {TD} at (2,2) size 861x117 [border: (1px inset #808080)] [r=0 c=0 rs=1 cs=1]
                RenderInline {FONT} at (0,0) size 839x95 [color=#FF0000]
                  RenderInline {B} at (0,0) size 839x95
                    RenderText {#text} at (11,11) size 490x19
                      text run at (11,11) width 490: "In the following sample table you should see that the "
                    RenderInline {FONT} at (0,0) size 93x19 [color=#0000FF]
                      RenderText {#text} at (501,11) size 93x19
                        text run at (501,11) width 93: "ROWSPAN"
                    RenderText {#text} at (594,11) size 839x38
                      text run at (594,11) width 6: " "
                      text run at (600,11) width 250: "attribute applies an integer"
                      text run at (11,30) width 355: "value equal to the number of rows the "
                    RenderInline {FONT} at (0,0) size 72x19 [color=#0000FF]
                      RenderText {#text} at (366,30) size 72x19
                        text run at (366,30) width 72: "HEADER"
                    RenderText {#text} at (438,30) size 823x76
                      text run at (438,30) width 186: " cell is to span. This "
                      text run at (624,30) width 180: "tells the browser to"
                      text run at (11,49) width 811: "make the table header cell occupy the same vertical space as the integer number of cells"
                      text run at (11,68) width 158: "specified in rows "
                      text run at (169,68) width 665: "above or below it. The browser flows the contents of the spanning cell to"
                      text run at (11,87) width 303: "occupy the entire spanned space."
      RenderBlock {P} at (0,780) size 964x38
        RenderBR {BR} at (0,0) size 0x19
        RenderBR {BR} at (0,19) size 0x19
      RenderBlock {UL} at (0,834) size 964x273
        RenderTable {TABLE} at (40,0) size 600x273 [border: (1px outset #808080)]
          RenderBlock {CAPTION} at (0,0) size 600x19
            RenderText {#text} at (124,0) size 49x19
              text run at (124,0) width 49: "Table "
            RenderInline {B} at (0,0) size 114x19
              RenderText {#text} at (173,0) size 114x19
                text run at (173,0) width 114: "Header Cells"
            RenderText {#text} at (287,0) size 189x19
              text run at (287,0) width 189: " spanning multiple rows"
          RenderTableSection {TBODY} at (1,20) size 598x252
            RenderTableRow {TR} at (0,2) size 598x23
              RenderTableCell {TH} at (2,5) size 139x42 [bgcolor=#FFE4C4] [border: (1px inset #808080)] [r=0 c=0 rs=2 cs=1]
                RenderText {#text} at (28,2) size 83x19
                  text run at (28,2) width 83: "Header 1"
                RenderBR {BR} at (110,17) size 1x0
                RenderText {#text} at (11,21) size 117x19
                  text run at (11,21) width 117: "span=2 rows"
              RenderTableCell {TD} at (143,2) size 48x23 [bgcolor=#EE82EE] [border: (1px inset #808080)] [r=0 c=1 rs=1 cs=1]
                RenderText {#text} at (2,2) size 38x19
                  text run at (2,2) width 38: "col 1"
              RenderTableCell {TD} at (193,2) size 48x23 [bgcolor=#EE82EE] [border: (1px inset #808080)] [r=0 c=2 rs=1 cs=1]
                RenderText {#text} at (2,2) size 38x19
                  text run at (2,2) width 38: "col 2"
              RenderTableCell {TD} at (243,2) size 48x23 [bgcolor=#EE82EE] [border: (1px inset #808080)] [r=0 c=3 rs=1 cs=1]
                RenderText {#text} at (2,2) size 38x19
                  text run at (2,2) width 38: "col 3"
              RenderTableCell {TD} at (293,2) size 48x23 [bgcolor=#EE82EE] [border: (1px inset #808080)] [r=0 c=4 rs=1 cs=1]
                RenderText {#text} at (2,2) size 38x19
                  text run at (2,2) width 38: "col 4"
              RenderTableCell {TD} at (343,2) size 49x23 [bgcolor=#EE82EE] [border: (1px inset #808080)] [r=0 c=5 rs=1 cs=1]
                RenderText {#text} at (2,2) size 38x19
                  text run at (2,2) width 38: "col 5"
              RenderTableCell {TD} at (394,2) size 49x23 [bgcolor=#EE82EE] [border: (1px inset #808080)] [r=0 c=6 rs=1 cs=1]
                RenderText {#text} at (2,2) size 38x19
                  text run at (2,2) width 38: "col 6"
              RenderTableCell {TD} at (445,2) size 49x23 [bgcolor=#EE82EE] [border: (1px inset #808080)] [r=0 c=7 rs=1 cs=1]
                RenderText {#text} at (2,2) size 38x19
                  text run at (2,2) width 38: "col 7"
              RenderTableCell {TD} at (496,2) size 49x23 [bgcolor=#EE82EE] [border: (1px inset #808080)] [r=0 c=8 rs=1 cs=1]
                RenderText {#text} at (2,2) size 38x19
                  text run at (2,2) width 38: "col 8"
              RenderTableCell {TD} at (547,2) size 49x23 [bgcolor=#EE82EE] [border: (1px inset #808080)] [r=0 c=9 rs=1 cs=1]
                RenderText {#text} at (2,2) size 38x19
                  text run at (2,2) width 38: "col 9"
            RenderTableRow {TR} at (0,27) size 598x23
              RenderTableCell {TD} at (143,27) size 48x23 [bgcolor=#EE82EE] [border: (1px inset #808080)] [r=1 c=1 rs=1 cs=1]
                RenderText {#text} at (2,2) size 38x19
                  text run at (2,2) width 38: "col 1"
              RenderTableCell {TD} at (193,27) size 48x23 [bgcolor=#EE82EE] [border: (1px inset #808080)] [r=1 c=2 rs=1 cs=1]
                RenderText {#text} at (2,2) size 38x19
                  text run at (2,2) width 38: "col 2"
              RenderTableCell {TD} at (243,27) size 48x23 [bgcolor=#EE82EE] [border: (1px inset #808080)] [r=1 c=3 rs=1 cs=1]
                RenderText {#text} at (2,2) size 38x19
                  text run at (2,2) width 38: "col 3"
              RenderTableCell {TD} at (293,27) size 48x23 [bgcolor=#EE82EE] [border: (1px inset #808080)] [r=1 c=4 rs=1 cs=1]
                RenderText {#text} at (2,2) size 38x19
                  text run at (2,2) width 38: "col 4"
              RenderTableCell {TD} at (343,27) size 49x23 [bgcolor=#EE82EE] [border: (1px inset #808080)] [r=1 c=5 rs=1 cs=1]
                RenderText {#text} at (2,2) size 38x19
                  text run at (2,2) width 38: "col 5"
              RenderTableCell {TD} at (394,27) size 49x23 [bgcolor=#EE82EE] [border: (1px inset #808080)] [r=1 c=6 rs=1 cs=1]
                RenderText {#text} at (2,2) size 38x19
                  text run at (2,2) width 38: "col 6"
              RenderTableCell {TD} at (445,27) size 49x23 [bgcolor=#EE82EE] [border: (1px inset #808080)] [r=1 c=7 rs=1 cs=1]
                RenderText {#text} at (2,2) size 38x19
                  text run at (2,2) width 38: "col 7"
              RenderTableCell {TD} at (496,27) size 49x23 [bgcolor=#EE82EE] [border: (1px inset #808080)] [r=1 c=8 rs=1 cs=1]
                RenderText {#text} at (2,2) size 38x19
                  text run at (2,2) width 38: "col 8"
              RenderTableCell {TD} at (547,27) size 49x23 [bgcolor=#EE82EE] [border: (1px inset #808080)] [r=1 c=9 rs=1 cs=1]
                RenderText {#text} at (2,2) size 38x19
                  text run at (2,2) width 38: "col 9"
            RenderTableRow {TR} at (0,52) size 598x23
              RenderTableCell {TH} at (2,92) size 139x42 [bgcolor=#FFE4C4] [border: (1px inset #808080)] [r=2 c=0 rs=5 cs=1]
                RenderText {#text} at (28,2) size 83x19
                  text run at (28,2) width 83: "Header 2"
                RenderBR {BR} at (110,17) size 1x0
                RenderText {#text} at (11,21) size 117x19
                  text run at (11,21) width 117: "span=5 rows"
              RenderTableCell {TD} at (143,52) size 48x23 [bgcolor=#90EE90] [border: (1px inset #808080)] [r=2 c=1 rs=1 cs=1]
                RenderText {#text} at (2,2) size 38x19
                  text run at (2,2) width 38: "col 1"
              RenderTableCell {TD} at (193,52) size 48x23 [bgcolor=#90EE90] [border: (1px inset #808080)] [r=2 c=2 rs=1 cs=1]
                RenderText {#text} at (2,2) size 38x19
                  text run at (2,2) width 38: "col 2"
              RenderTableCell {TD} at (243,52) size 48x23 [bgcolor=#90EE90] [border: (1px inset #808080)] [r=2 c=3 rs=1 cs=1]
                RenderText {#text} at (2,2) size 38x19
                  text run at (2,2) width 38: "col 3"
              RenderTableCell {TD} at (293,52) size 48x23 [bgcolor=#90EE90] [border: (1px inset #808080)] [r=2 c=4 rs=1 cs=1]
                RenderText {#text} at (2,2) size 38x19
                  text run at (2,2) width 38: "col 4"
              RenderTableCell {TD} at (343,52) size 49x23 [bgcolor=#90EE90] [border: (1px inset #808080)] [r=2 c=5 rs=1 cs=1]
                RenderText {#text} at (2,2) size 38x19
                  text run at (2,2) width 38: "col 5"
              RenderTableCell {TD} at (394,52) size 49x23 [bgcolor=#90EE90] [border: (1px inset #808080)] [r=2 c=6 rs=1 cs=1]
                RenderText {#text} at (2,2) size 38x19
                  text run at (2,2) width 38: "col 6"
              RenderTableCell {TD} at (445,52) size 49x23 [bgcolor=#90EE90] [border: (1px inset #808080)] [r=2 c=7 rs=1 cs=1]
                RenderText {#text} at (2,2) size 38x19
                  text run at (2,2) width 38: "col 7"
              RenderTableCell {TD} at (496,52) size 49x23 [bgcolor=#90EE90] [border: (1px inset #808080)] [r=2 c=8 rs=1 cs=1]
                RenderText {#text} at (2,2) size 38x19
                  text run at (2,2) width 38: "col 8"
              RenderTableCell {TD} at (547,52) size 49x23 [bgcolor=#90EE90] [border: (1px inset #808080)] [r=2 c=9 rs=1 cs=1]
                RenderText {#text} at (2,2) size 38x19
                  text run at (2,2) width 38: "col 9"
            RenderTableRow {TR} at (0,77) size 598x23
              RenderTableCell {TD} at (143,77) size 48x23 [bgcolor=#90EE90] [border: (1px inset #808080)] [r=3 c=1 rs=1 cs=1]
                RenderText {#text} at (2,2) size 38x19
                  text run at (2,2) width 38: "col 1"
              RenderTableCell {TD} at (193,77) size 48x23 [bgcolor=#90EE90] [border: (1px inset #808080)] [r=3 c=2 rs=1 cs=1]
                RenderText {#text} at (2,2) size 38x19
                  text run at (2,2) width 38: "col 2"
              RenderTableCell {TD} at (243,77) size 48x23 [bgcolor=#90EE90] [border: (1px inset #808080)] [r=3 c=3 rs=1 cs=1]
                RenderText {#text} at (2,2) size 38x19
                  text run at (2,2) width 38: "col 3"
              RenderTableCell {TD} at (293,77) size 48x23 [bgcolor=#90EE90] [border: (1px inset #808080)] [r=3 c=4 rs=1 cs=1]
                RenderText {#text} at (2,2) size 38x19
                  text run at (2,2) width 38: "col 4"
              RenderTableCell {TD} at (343,77) size 49x23 [bgcolor=#90EE90] [border: (1px inset #808080)] [r=3 c=5 rs=1 cs=1]
                RenderText {#text} at (2,2) size 38x19
                  text run at (2,2) width 38: "col 5"
              RenderTableCell {TD} at (394,77) size 49x23 [bgcolor=#90EE90] [border: (1px inset #808080)] [r=3 c=6 rs=1 cs=1]
                RenderText {#text} at (2,2) size 38x19
                  text run at (2,2) width 38: "col 6"
              RenderTableCell {TD} at (445,77) size 49x23 [bgcolor=#90EE90] [border: (1px inset #808080)] [r=3 c=7 rs=1 cs=1]
                RenderText {#text} at (2,2) size 38x19
                  text run at (2,2) width 38: "col 7"
              RenderTableCell {TD} at (496,77) size 49x23 [bgcolor=#90EE90] [border: (1px inset #808080)] [r=3 c=8 rs=1 cs=1]
                RenderText {#text} at (2,2) size 38x19
                  text run at (2,2) width 38: "col 8"
              RenderTableCell {TD} at (547,77) size 49x23 [bgcolor=#90EE90] [border: (1px inset #808080)] [r=3 c=9 rs=1 cs=1]
                RenderText {#text} at (2,2) size 38x19
                  text run at (2,2) width 38: "col 9"
            RenderTableRow {TR} at (0,102) size 598x23 [bgcolor=#FFE4C4]
              RenderTableCell {TD} at (143,102) size 48x23 [bgcolor=#90EE90] [border: (1px inset #808080)] [r=4 c=1 rs=1 cs=1]
                RenderText {#text} at (2,2) size 38x19
                  text run at (2,2) width 38: "col 1"
              RenderTableCell {TD} at (193,102) size 48x23 [bgcolor=#90EE90] [border: (1px inset #808080)] [r=4 c=2 rs=1 cs=1]
                RenderText {#text} at (2,2) size 38x19
                  text run at (2,2) width 38: "col 2"
              RenderTableCell {TD} at (243,102) size 48x23 [bgcolor=#90EE90] [border: (1px inset #808080)] [r=4 c=3 rs=1 cs=1]
                RenderText {#text} at (2,2) size 38x19
                  text run at (2,2) width 38: "col 3"
              RenderTableCell {TD} at (293,102) size 48x23 [bgcolor=#90EE90] [border: (1px inset #808080)] [r=4 c=4 rs=1 cs=1]
                RenderText {#text} at (2,2) size 38x19
                  text run at (2,2) width 38: "col 4"
              RenderTableCell {TD} at (343,102) size 49x23 [bgcolor=#90EE90] [border: (1px inset #808080)] [r=4 c=5 rs=1 cs=1]
                RenderText {#text} at (2,2) size 38x19
                  text run at (2,2) width 38: "col 5"
              RenderTableCell {TD} at (394,102) size 49x23 [bgcolor=#90EE90] [border: (1px inset #808080)] [r=4 c=6 rs=1 cs=1]
                RenderText {#text} at (2,2) size 38x19
                  text run at (2,2) width 38: "col 6"
              RenderTableCell {TD} at (445,102) size 49x23 [bgcolor=#90EE90] [border: (1px inset #808080)] [r=4 c=7 rs=1 cs=1]
                RenderText {#text} at (2,2) size 38x19
                  text run at (2,2) width 38: "col 7"
              RenderTableCell {TD} at (496,102) size 49x23 [bgcolor=#90EE90] [border: (1px inset #808080)] [r=4 c=8 rs=1 cs=1]
                RenderText {#text} at (2,2) size 38x19
                  text run at (2,2) width 38: "col 8"
              RenderTableCell {TD} at (547,102) size 49x23 [bgcolor=#90EE90] [border: (1px inset #808080)] [r=4 c=9 rs=1 cs=1]
                RenderText {#text} at (2,2) size 38x19
                  text run at (2,2) width 38: "col 9"
            RenderTableRow {TR} at (0,127) size 598x23
              RenderTableCell {TD} at (143,127) size 48x23 [bgcolor=#90EE90] [border: (1px inset #808080)] [r=5 c=1 rs=1 cs=1]
                RenderText {#text} at (2,2) size 38x19
                  text run at (2,2) width 38: "col 1"
              RenderTableCell {TD} at (193,127) size 48x23 [bgcolor=#90EE90] [border: (1px inset #808080)] [r=5 c=2 rs=1 cs=1]
                RenderText {#text} at (2,2) size 38x19
                  text run at (2,2) width 38: "col 2"
              RenderTableCell {TD} at (243,127) size 48x23 [bgcolor=#90EE90] [border: (1px inset #808080)] [r=5 c=3 rs=1 cs=1]
                RenderText {#text} at (2,2) size 38x19
                  text run at (2,2) width 38: "col 3"
              RenderTableCell {TD} at (293,127) size 48x23 [bgcolor=#90EE90] [border: (1px inset #808080)] [r=5 c=4 rs=1 cs=1]
                RenderText {#text} at (2,2) size 38x19
                  text run at (2,2) width 38: "col 4"
              RenderTableCell {TD} at (343,127) size 49x23 [bgcolor=#90EE90] [border: (1px inset #808080)] [r=5 c=5 rs=1 cs=1]
                RenderText {#text} at (2,2) size 38x19
                  text run at (2,2) width 38: "col 5"
              RenderTableCell {TD} at (394,127) size 49x23 [bgcolor=#90EE90] [border: (1px inset #808080)] [r=5 c=6 rs=1 cs=1]
                RenderText {#text} at (2,2) size 38x19
                  text run at (2,2) width 38: "col 6"
              RenderTableCell {TD} at (445,127) size 49x23 [bgcolor=#90EE90] [border: (1px inset #808080)] [r=5 c=7 rs=1 cs=1]
                RenderText {#text} at (2,2) size 38x19
                  text run at (2,2) width 38: "col 7"
              RenderTableCell {TD} at (496,127) size 49x23 [bgcolor=#90EE90] [border: (1px inset #808080)] [r=5 c=8 rs=1 cs=1]
                RenderText {#text} at (2,2) size 38x19
                  text run at (2,2) width 38: "col 8"
              RenderTableCell {TD} at (547,127) size 49x23 [bgcolor=#90EE90] [border: (1px inset #808080)] [r=5 c=9 rs=1 cs=1]
                RenderText {#text} at (2,2) size 38x19
                  text run at (2,2) width 38: "col 9"
            RenderTableRow {TR} at (0,152) size 598x23
              RenderTableCell {TD} at (143,152) size 48x23 [bgcolor=#90EE90] [border: (1px inset #808080)] [r=6 c=1 rs=1 cs=1]
                RenderText {#text} at (2,2) size 38x19
                  text run at (2,2) width 38: "col 1"
              RenderTableCell {TD} at (193,152) size 48x23 [bgcolor=#90EE90] [border: (1px inset #808080)] [r=6 c=2 rs=1 cs=1]
                RenderText {#text} at (2,2) size 38x19
                  text run at (2,2) width 38: "col 2"
              RenderTableCell {TD} at (243,152) size 48x23 [bgcolor=#90EE90] [border: (1px inset #808080)] [r=6 c=3 rs=1 cs=1]
                RenderText {#text} at (2,2) size 38x19
                  text run at (2,2) width 38: "col 3"
              RenderTableCell {TD} at (293,152) size 48x23 [bgcolor=#90EE90] [border: (1px inset #808080)] [r=6 c=4 rs=1 cs=1]
                RenderText {#text} at (2,2) size 38x19
                  text run at (2,2) width 38: "col 4"
              RenderTableCell {TD} at (343,152) size 49x23 [bgcolor=#90EE90] [border: (1px inset #808080)] [r=6 c=5 rs=1 cs=1]
                RenderText {#text} at (2,2) size 38x19
                  text run at (2,2) width 38: "col 5"
              RenderTableCell {TD} at (394,152) size 49x23 [bgcolor=#90EE90] [border: (1px inset #808080)] [r=6 c=6 rs=1 cs=1]
                RenderText {#text} at (2,2) size 38x19
                  text run at (2,2) width 38: "col 6"
              RenderTableCell {TD} at (445,152) size 49x23 [bgcolor=#90EE90] [border: (1px inset #808080)] [r=6 c=7 rs=1 cs=1]
                RenderText {#text} at (2,2) size 38x19
                  text run at (2,2) width 38: "col 7"
              RenderTableCell {TD} at (496,152) size 49x23 [bgcolor=#90EE90] [border: (1px inset #808080)] [r=6 c=8 rs=1 cs=1]
                RenderText {#text} at (2,2) size 38x19
                  text run at (2,2) width 38: "col 8"
              RenderTableCell {TD} at (547,152) size 49x23 [bgcolor=#90EE90] [border: (1px inset #808080)] [r=6 c=9 rs=1 cs=1]
                RenderText {#text} at (2,2) size 38x19
                  text run at (2,2) width 38: "col 9"
            RenderTableRow {TR} at (0,177) size 598x23
              RenderTableCell {TH} at (2,192) size 139x42 [bgcolor=#FFE4C4] [border: (1px inset #808080)] [r=7 c=0 rs=3 cs=1]
                RenderText {#text} at (28,2) size 83x19
                  text run at (28,2) width 83: "Header 3"
                RenderBR {BR} at (110,17) size 1x0
                RenderText {#text} at (11,21) size 117x19
                  text run at (11,21) width 117: "span=3 rows"
              RenderTableCell {TD} at (143,177) size 48x23 [bgcolor=#ADD8E6] [border: (1px inset #808080)] [r=7 c=1 rs=1 cs=1]
                RenderText {#text} at (2,2) size 38x19
                  text run at (2,2) width 38: "col 1"
              RenderTableCell {TD} at (193,177) size 48x23 [bgcolor=#ADD8E6] [border: (1px inset #808080)] [r=7 c=2 rs=1 cs=1]
                RenderText {#text} at (2,2) size 38x19
                  text run at (2,2) width 38: "col 2"
              RenderTableCell {TD} at (243,177) size 48x23 [bgcolor=#ADD8E6] [border: (1px inset #808080)] [r=7 c=3 rs=1 cs=1]
                RenderText {#text} at (2,2) size 38x19
                  text run at (2,2) width 38: "col 3"
              RenderTableCell {TD} at (293,177) size 48x23 [bgcolor=#ADD8E6] [border: (1px inset #808080)] [r=7 c=4 rs=1 cs=1]
                RenderText {#text} at (2,2) size 38x19
                  text run at (2,2) width 38: "col 4"
              RenderTableCell {TD} at (343,177) size 49x23 [bgcolor=#ADD8E6] [border: (1px inset #808080)] [r=7 c=5 rs=1 cs=1]
                RenderText {#text} at (2,2) size 38x19
                  text run at (2,2) width 38: "col 5"
              RenderTableCell {TD} at (394,177) size 49x23 [bgcolor=#ADD8E6] [border: (1px inset #808080)] [r=7 c=6 rs=1 cs=1]
                RenderText {#text} at (2,2) size 38x19
                  text run at (2,2) width 38: "col 6"
              RenderTableCell {TD} at (445,177) size 49x23 [bgcolor=#ADD8E6] [border: (1px inset #808080)] [r=7 c=7 rs=1 cs=1]
                RenderText {#text} at (2,2) size 38x19
                  text run at (2,2) width 38: "col 7"
              RenderTableCell {TD} at (496,177) size 49x23 [bgcolor=#ADD8E6] [border: (1px inset #808080)] [r=7 c=8 rs=1 cs=1]
                RenderText {#text} at (2,2) size 38x19
                  text run at (2,2) width 38: "col 8"
              RenderTableCell {TD} at (547,177) size 49x23 [bgcolor=#ADD8E6] [border: (1px inset #808080)] [r=7 c=9 rs=1 cs=1]
                RenderText {#text} at (2,2) size 38x19
                  text run at (2,2) width 38: "col 9"
            RenderTableRow {TR} at (0,202) size 598x23
              RenderTableCell {TD} at (143,202) size 48x23 [bgcolor=#ADD8E6] [border: (1px inset #808080)] [r=8 c=1 rs=1 cs=1]
                RenderText {#text} at (2,2) size 38x19
                  text run at (2,2) width 38: "col 1"
              RenderTableCell {TD} at (193,202) size 48x23 [bgcolor=#ADD8E6] [border: (1px inset #808080)] [r=8 c=2 rs=1 cs=1]
                RenderText {#text} at (2,2) size 38x19
                  text run at (2,2) width 38: "col 2"
              RenderTableCell {TD} at (243,202) size 48x23 [bgcolor=#ADD8E6] [border: (1px inset #808080)] [r=8 c=3 rs=1 cs=1]
                RenderText {#text} at (2,2) size 38x19
                  text run at (2,2) width 38: "col 3"
              RenderTableCell {TD} at (293,202) size 48x23 [bgcolor=#ADD8E6] [border: (1px inset #808080)] [r=8 c=4 rs=1 cs=1]
                RenderText {#text} at (2,2) size 38x19
                  text run at (2,2) width 38: "col 4"
              RenderTableCell {TD} at (343,202) size 49x23 [bgcolor=#ADD8E6] [border: (1px inset #808080)] [r=8 c=5 rs=1 cs=1]
                RenderText {#text} at (2,2) size 38x19
                  text run at (2,2) width 38: "col 5"
              RenderTableCell {TD} at (394,202) size 49x23 [bgcolor=#ADD8E6] [border: (1px inset #808080)] [r=8 c=6 rs=1 cs=1]
                RenderText {#text} at (2,2) size 38x19
                  text run at (2,2) width 38: "col 6"
              RenderTableCell {TD} at (445,202) size 49x23 [bgcolor=#ADD8E6] [border: (1px inset #808080)] [r=8 c=7 rs=1 cs=1]
                RenderText {#text} at (2,2) size 38x19
                  text run at (2,2) width 38: "col 7"
              RenderTableCell {TD} at (496,202) size 49x23 [bgcolor=#ADD8E6] [border: (1px inset #808080)] [r=8 c=8 rs=1 cs=1]
                RenderText {#text} at (2,2) size 38x19
                  text run at (2,2) width 38: "col 8"
              RenderTableCell {TD} at (547,202) size 49x23 [bgcolor=#ADD8E6] [border: (1px inset #808080)] [r=8 c=9 rs=1 cs=1]
                RenderText {#text} at (2,2) size 38x19
                  text run at (2,2) width 38: "col 9"
            RenderTableRow {TR} at (0,227) size 598x23
              RenderTableCell {TD} at (143,227) size 48x23 [bgcolor=#ADD8E6] [border: (1px inset #808080)] [r=9 c=1 rs=1 cs=1]
                RenderText {#text} at (2,2) size 38x19
                  text run at (2,2) width 38: "col 1"
              RenderTableCell {TD} at (193,227) size 48x23 [bgcolor=#ADD8E6] [border: (1px inset #808080)] [r=9 c=2 rs=1 cs=1]
                RenderText {#text} at (2,2) size 38x19
                  text run at (2,2) width 38: "col 2"
              RenderTableCell {TD} at (243,227) size 48x23 [bgcolor=#ADD8E6] [border: (1px inset #808080)] [r=9 c=3 rs=1 cs=1]
                RenderText {#text} at (2,2) size 38x19
                  text run at (2,2) width 38: "col 3"
              RenderTableCell {TD} at (293,227) size 48x23 [bgcolor=#ADD8E6] [border: (1px inset #808080)] [r=9 c=4 rs=1 cs=1]
                RenderText {#text} at (2,2) size 38x19
                  text run at (2,2) width 38: "col 4"
              RenderTableCell {TD} at (343,227) size 49x23 [bgcolor=#ADD8E6] [border: (1px inset #808080)] [r=9 c=5 rs=1 cs=1]
                RenderText {#text} at (2,2) size 38x19
                  text run at (2,2) width 38: "col 5"
              RenderTableCell {TD} at (394,227) size 49x23 [bgcolor=#ADD8E6] [border: (1px inset #808080)] [r=9 c=6 rs=1 cs=1]
                RenderText {#text} at (2,2) size 38x19
                  text run at (2,2) width 38: "col 6"
              RenderTableCell {TD} at (445,227) size 49x23 [bgcolor=#ADD8E6] [border: (1px inset #808080)] [r=9 c=7 rs=1 cs=1]
                RenderText {#text} at (2,2) size 38x19
                  text run at (2,2) width 38: "col 7"
              RenderTableCell {TD} at (496,227) size 49x23 [bgcolor=#ADD8E6] [border: (1px inset #808080)] [r=9 c=8 rs=1 cs=1]
                RenderText {#text} at (2,2) size 38x19
                  text run at (2,2) width 38: "col 8"
              RenderTableCell {TD} at (547,227) size 49x23 [bgcolor=#ADD8E6] [border: (1px inset #808080)] [r=9 c=9 rs=1 cs=1]
                RenderText {#text} at (2,2) size 38x19
                  text run at (2,2) width 38: "col 9"
      RenderBlock {P} at (0,1123) size 964x0
      RenderBlock {HR} at (0,1123) size 964x2 [border: (1px inset #000000)]
      RenderBlock {P} at (0,1141) size 964x62
        RenderTable {TABLE} at (0,0) size 819x62 [bgcolor=#F08080] [border: (1px outset #808080)]
          RenderTableSection {TBODY} at (1,1) size 817x60
            RenderTableRow {TR} at (0,2) size 817x56
              RenderTableCell {TH} at (2,2) size 813x56 [border: (1px inset #808080)] [r=0 c=0 rs=1 cs=1]
                RenderInline {A} at (0,0) size 0x0
                RenderText {#text} at (11,11) size 132x19
                  text run at (11,11) width 132: "Test Case #2: "
                RenderInline {FONT} at (0,0) size 400x19 [color=#0000FF]
                  RenderText {#text} at (143,11) size 400x19
                    text run at (143,11) width 400: "table with data cells spanning multiple rows"
                RenderText {#text} at (543,11) size 6x19
                  text run at (543,11) width 6: " "
                RenderInline {FONT} at (0,0) size 762x31
                  RenderInline {I} at (0,0) size 762x31
                    RenderText {#text} at (549,14) size 762x31
                      text run at (549,14) width 224: "(using <TD ROWSPAN=integer"
                      text run at (11,30) width 85: "value> tag)"
                RenderText {#text} at (0,0) size 0x0
      RenderBlock {P} at (0,1219) size 964x142
        RenderBlock (anonymous) at (0,0) size 964x19
          RenderBR {BR} at (0,0) size 0x19
        RenderTable {TABLE} at (0,19) size 867x123 [bgcolor=#FFD700] [border: (1px outset #808080)]
          RenderTableSection {TBODY} at (1,1) size 865x121
            RenderTableRow {TR} at (0,2) size 865x117
              RenderTableCell {TD} at (2,2) size 861x117 [border: (1px inset #808080)] [r=0 c=0 rs=1 cs=1]
                RenderInline {FONT} at (0,0) size 839x95 [color=#FF0000]
                  RenderInline {B} at (0,0) size 839x95
                    RenderText {#text} at (11,11) size 490x19
                      text run at (11,11) width 490: "In the following sample table you should see that the "
                    RenderInline {FONT} at (0,0) size 93x19 [color=#0000FF]
                      RenderText {#text} at (501,11) size 93x19
                        text run at (501,11) width 93: "ROWSPAN"
                    RenderText {#text} at (594,11) size 839x38
                      text run at (594,11) width 6: " "
                      text run at (600,11) width 250: "attribute applies an integer"
                      text run at (11,30) width 355: "value equal to the number of rows the "
                    RenderInline {FONT} at (0,0) size 48x19 [color=#0000FF]
                      RenderText {#text} at (366,30) size 48x19
                        text run at (366,30) width 48: "DATA"
                    RenderText {#text} at (414,30) size 825x76
                      text run at (414,30) width 186: " cell is to span. This "
                      text run at (600,30) width 236: "tells the browser to make"
                      text run at (11,49) width 819: "the table data cell occupy the same vertical space as the integer number of cells specified"
                      text run at (11,68) width 72: "in rows "
                      text run at (83,68) width 732: "above or below it. The browser flows the contents of the spanning cell to occupy"
                      text run at (11,87) width 236: "the entire spanned space."
      RenderBlock {P} at (0,1377) size 964x38
        RenderBR {BR} at (0,0) size 0x19
        RenderBR {BR} at (0,19) size 0x19
      RenderBlock {UL} at (0,1431) size 964x273
        RenderTable {TABLE} at (40,0) size 600x273 [border: (1px outset #808080)]
          RenderBlock {CAPTION} at (0,0) size 600x19
            RenderText {#text} at (135,0) size 49x19
              text run at (135,0) width 49: "Table "
            RenderInline {B} at (0,0) size 92x19
              RenderText {#text} at (184,0) size 92x19
                text run at (184,0) width 92: "Data Cells"
            RenderText {#text} at (276,0) size 189x19
              text run at (276,0) width 189: " spanning multiple rows"
          RenderTableSection {TBODY} at (1,20) size 598x252
            RenderTableRow {TR} at (0,2) size 598x23
              RenderTableCell {TH} at (2,2) size 53x23 [bgcolor=#EE82EE] [border: (1px inset #808080)] [r=0 c=0 rs=1 cs=1]
                RenderText {#text} at (3,2) size 47x19
                  text run at (3,2) width 47: "Head"
              RenderTableCell {TD} at (57,5) size 115x42 [bgcolor=#FFFACD] [border: (1px inset #808080)] [r=0 c=1 rs=2 cs=1]
                RenderText {#text} at (2,2) size 53x19
                  text run at (2,2) width 53: "Data 1"
                RenderBR {BR} at (55,17) size 0x0
                RenderText {#text} at (2,21) size 104x19
                  text run at (2,21) width 104: "span=2 rows"
              RenderTableCell {TD} at (174,2) size 45x23 [bgcolor=#EE82EE] [border: (1px inset #808080)] [r=0 c=2 rs=1 cs=1]
                RenderText {#text} at (2,2) size 38x19
                  text run at (2,2) width 38: "col 1"
              RenderTableCell {TD} at (221,2) size 45x23 [bgcolor=#EE82EE] [border: (1px inset #808080)] [r=0 c=3 rs=1 cs=1]
                RenderText {#text} at (2,2) size 38x19
                  text run at (2,2) width 38: "col 2"
              RenderTableCell {TD} at (268,2) size 45x23 [bgcolor=#EE82EE] [border: (1px inset #808080)] [r=0 c=4 rs=1 cs=1]
                RenderText {#text} at (2,2) size 38x19
                  text run at (2,2) width 38: "col 3"
              RenderTableCell {TD} at (315,2) size 45x23 [bgcolor=#EE82EE] [border: (1px inset #808080)] [r=0 c=5 rs=1 cs=1]
                RenderText {#text} at (2,2) size 38x19
                  text run at (2,2) width 38: "col 4"
              RenderTableCell {TD} at (362,2) size 45x23 [bgcolor=#EE82EE] [border: (1px inset #808080)] [r=0 c=6 rs=1 cs=1]
                RenderText {#text} at (2,2) size 38x19
                  text run at (2,2) width 38: "col 5"
              RenderTableCell {TD} at (409,2) size 45x23 [bgcolor=#EE82EE] [border: (1px inset #808080)] [r=0 c=7 rs=1 cs=1]
                RenderText {#text} at (2,2) size 38x19
                  text run at (2,2) width 38: "col 6"
              RenderTableCell {TD} at (456,2) size 45x23 [bgcolor=#EE82EE] [border: (1px inset #808080)] [r=0 c=8 rs=1 cs=1]
                RenderText {#text} at (2,2) size 38x19
                  text run at (2,2) width 38: "col 7"
              RenderTableCell {TD} at (503,2) size 45x23 [bgcolor=#EE82EE] [border: (1px inset #808080)] [r=0 c=9 rs=1 cs=1]
                RenderText {#text} at (2,2) size 38x19
                  text run at (2,2) width 38: "col 8"
              RenderTableCell {TD} at (550,2) size 46x23 [bgcolor=#EE82EE] [border: (1px inset #808080)] [r=0 c=10 rs=1 cs=1]
                RenderText {#text} at (2,2) size 38x19
                  text run at (2,2) width 38: "col 9"
            RenderTableRow {TR} at (0,27) size 598x23
              RenderTableCell {TH} at (2,27) size 53x23 [bgcolor=#EE82EE] [border: (1px inset #808080)] [r=1 c=0 rs=1 cs=1]
                RenderText {#text} at (3,2) size 47x19
                  text run at (3,2) width 47: "Head"
              RenderTableCell {TD} at (174,27) size 45x23 [bgcolor=#EE82EE] [border: (1px inset #808080)] [r=1 c=2 rs=1 cs=1]
                RenderText {#text} at (2,2) size 38x19
                  text run at (2,2) width 38: "col 1"
              RenderTableCell {TD} at (221,27) size 45x23 [bgcolor=#EE82EE] [border: (1px inset #808080)] [r=1 c=3 rs=1 cs=1]
                RenderText {#text} at (2,2) size 38x19
                  text run at (2,2) width 38: "col 2"
              RenderTableCell {TD} at (268,27) size 45x23 [bgcolor=#EE82EE] [border: (1px inset #808080)] [r=1 c=4 rs=1 cs=1]
                RenderText {#text} at (2,2) size 38x19
                  text run at (2,2) width 38: "col 3"
              RenderTableCell {TD} at (315,27) size 45x23 [bgcolor=#EE82EE] [border: (1px inset #808080)] [r=1 c=5 rs=1 cs=1]
                RenderText {#text} at (2,2) size 38x19
                  text run at (2,2) width 38: "col 4"
              RenderTableCell {TD} at (362,27) size 45x23 [bgcolor=#EE82EE] [border: (1px inset #808080)] [r=1 c=6 rs=1 cs=1]
                RenderText {#text} at (2,2) size 38x19
                  text run at (2,2) width 38: "col 5"
              RenderTableCell {TD} at (409,27) size 45x23 [bgcolor=#EE82EE] [border: (1px inset #808080)] [r=1 c=7 rs=1 cs=1]
                RenderText {#text} at (2,2) size 38x19
                  text run at (2,2) width 38: "col 6"
              RenderTableCell {TD} at (456,27) size 45x23 [bgcolor=#EE82EE] [border: (1px inset #808080)] [r=1 c=8 rs=1 cs=1]
                RenderText {#text} at (2,2) size 38x19
                  text run at (2,2) width 38: "col 7"
              RenderTableCell {TD} at (503,27) size 45x23 [bgcolor=#EE82EE] [border: (1px inset #808080)] [r=1 c=9 rs=1 cs=1]
                RenderText {#text} at (2,2) size 38x19
                  text run at (2,2) width 38: "col 8"
              RenderTableCell {TD} at (550,27) size 46x23 [bgcolor=#EE82EE] [border: (1px inset #808080)] [r=1 c=10 rs=1 cs=1]
                RenderText {#text} at (2,2) size 38x19
                  text run at (2,2) width 38: "col 9"
            RenderTableRow {TR} at (0,52) size 598x23
              RenderTableCell {TH} at (2,52) size 53x23 [bgcolor=#90EE90] [border: (1px inset #808080)] [r=2 c=0 rs=1 cs=1]
                RenderText {#text} at (3,2) size 47x19
                  text run at (3,2) width 47: "Head"
              RenderTableCell {TD} at (57,92) size 115x42 [bgcolor=#FFFACD] [border: (1px inset #808080)] [r=2 c=1 rs=5 cs=1]
                RenderText {#text} at (2,2) size 53x19
                  text run at (2,2) width 53: "Data 2"
                RenderBR {BR} at (55,17) size 0x0
                RenderText {#text} at (2,21) size 104x19
                  text run at (2,21) width 104: "span=5 rows"
              RenderTableCell {TD} at (174,52) size 45x23 [bgcolor=#90EE90] [border: (1px inset #808080)] [r=2 c=2 rs=1 cs=1]
                RenderText {#text} at (2,2) size 38x19
                  text run at (2,2) width 38: "col 1"
              RenderTableCell {TD} at (221,52) size 45x23 [bgcolor=#90EE90] [border: (1px inset #808080)] [r=2 c=3 rs=1 cs=1]
                RenderText {#text} at (2,2) size 38x19
                  text run at (2,2) width 38: "col 2"
              RenderTableCell {TD} at (268,52) size 45x23 [bgcolor=#90EE90] [border: (1px inset #808080)] [r=2 c=4 rs=1 cs=1]
                RenderText {#text} at (2,2) size 38x19
                  text run at (2,2) width 38: "col 3"
              RenderTableCell {TD} at (315,52) size 45x23 [bgcolor=#90EE90] [border: (1px inset #808080)] [r=2 c=5 rs=1 cs=1]
                RenderText {#text} at (2,2) size 38x19
                  text run at (2,2) width 38: "col 4"
              RenderTableCell {TD} at (362,52) size 45x23 [bgcolor=#90EE90] [border: (1px inset #808080)] [r=2 c=6 rs=1 cs=1]
                RenderText {#text} at (2,2) size 38x19
                  text run at (2,2) width 38: "col 5"
              RenderTableCell {TD} at (409,52) size 45x23 [bgcolor=#90EE90] [border: (1px inset #808080)] [r=2 c=7 rs=1 cs=1]
                RenderText {#text} at (2,2) size 38x19
                  text run at (2,2) width 38: "col 6"
              RenderTableCell {TD} at (456,52) size 45x23 [bgcolor=#90EE90] [border: (1px inset #808080)] [r=2 c=8 rs=1 cs=1]
                RenderText {#text} at (2,2) size 38x19
                  text run at (2,2) width 38: "col 7"
              RenderTableCell {TD} at (503,52) size 45x23 [bgcolor=#90EE90] [border: (1px inset #808080)] [r=2 c=9 rs=1 cs=1]
                RenderText {#text} at (2,2) size 38x19
                  text run at (2,2) width 38: "col 8"
              RenderTableCell {TD} at (550,52) size 46x23 [bgcolor=#90EE90] [border: (1px inset #808080)] [r=2 c=10 rs=1 cs=1]
                RenderText {#text} at (2,2) size 38x19
                  text run at (2,2) width 38: "col 9"
            RenderTableRow {TR} at (0,77) size 598x23
              RenderTableCell {TH} at (2,77) size 53x23 [bgcolor=#90EE90] [border: (1px inset #808080)] [r=3 c=0 rs=1 cs=1]
                RenderText {#text} at (3,2) size 47x19
                  text run at (3,2) width 47: "Head"
              RenderTableCell {TD} at (174,77) size 45x23 [bgcolor=#90EE90] [border: (1px inset #808080)] [r=3 c=2 rs=1 cs=1]
                RenderText {#text} at (2,2) size 38x19
                  text run at (2,2) width 38: "col 1"
              RenderTableCell {TD} at (221,77) size 45x23 [bgcolor=#90EE90] [border: (1px inset #808080)] [r=3 c=3 rs=1 cs=1]
                RenderText {#text} at (2,2) size 38x19
                  text run at (2,2) width 38: "col 2"
              RenderTableCell {TD} at (268,77) size 45x23 [bgcolor=#90EE90] [border: (1px inset #808080)] [r=3 c=4 rs=1 cs=1]
                RenderText {#text} at (2,2) size 38x19
                  text run at (2,2) width 38: "col 3"
              RenderTableCell {TD} at (315,77) size 45x23 [bgcolor=#90EE90] [border: (1px inset #808080)] [r=3 c=5 rs=1 cs=1]
                RenderText {#text} at (2,2) size 38x19
                  text run at (2,2) width 38: "col 4"
              RenderTableCell {TD} at (362,77) size 45x23 [bgcolor=#90EE90] [border: (1px inset #808080)] [r=3 c=6 rs=1 cs=1]
                RenderText {#text} at (2,2) size 38x19
                  text run at (2,2) width 38: "col 5"
              RenderTableCell {TD} at (409,77) size 45x23 [bgcolor=#90EE90] [border: (1px inset #808080)] [r=3 c=7 rs=1 cs=1]
                RenderText {#text} at (2,2) size 38x19
                  text run at (2,2) width 38: "col 6"
              RenderTableCell {TD} at (456,77) size 45x23 [bgcolor=#90EE90] [border: (1px inset #808080)] [r=3 c=8 rs=1 cs=1]
                RenderText {#text} at (2,2) size 38x19
                  text run at (2,2) width 38: "col 7"
              RenderTableCell {TD} at (503,77) size 45x23 [bgcolor=#90EE90] [border: (1px inset #808080)] [r=3 c=9 rs=1 cs=1]
                RenderText {#text} at (2,2) size 38x19
                  text run at (2,2) width 38: "col 8"
              RenderTableCell {TD} at (550,77) size 46x23 [bgcolor=#90EE90] [border: (1px inset #808080)] [r=3 c=10 rs=1 cs=1]
                RenderText {#text} at (2,2) size 38x19
                  text run at (2,2) width 38: "col 9"
            RenderTableRow {TR} at (0,102) size 598x23
              RenderTableCell {TH} at (2,102) size 53x23 [bgcolor=#90EE90] [border: (1px inset #808080)] [r=4 c=0 rs=1 cs=1]
                RenderText {#text} at (3,2) size 47x19
                  text run at (3,2) width 47: "Head"
              RenderTableCell {TD} at (174,102) size 45x23 [bgcolor=#90EE90] [border: (1px inset #808080)] [r=4 c=2 rs=1 cs=1]
                RenderText {#text} at (2,2) size 38x19
                  text run at (2,2) width 38: "col 1"
              RenderTableCell {TD} at (221,102) size 45x23 [bgcolor=#90EE90] [border: (1px inset #808080)] [r=4 c=3 rs=1 cs=1]
                RenderText {#text} at (2,2) size 38x19
                  text run at (2,2) width 38: "col 2"
              RenderTableCell {TD} at (268,102) size 45x23 [bgcolor=#90EE90] [border: (1px inset #808080)] [r=4 c=4 rs=1 cs=1]
                RenderText {#text} at (2,2) size 38x19
                  text run at (2,2) width 38: "col 3"
              RenderTableCell {TD} at (315,102) size 45x23 [bgcolor=#90EE90] [border: (1px inset #808080)] [r=4 c=5 rs=1 cs=1]
                RenderText {#text} at (2,2) size 38x19
                  text run at (2,2) width 38: "col 4"
              RenderTableCell {TD} at (362,102) size 45x23 [bgcolor=#90EE90] [border: (1px inset #808080)] [r=4 c=6 rs=1 cs=1]
                RenderText {#text} at (2,2) size 38x19
                  text run at (2,2) width 38: "col 5"
              RenderTableCell {TD} at (409,102) size 45x23 [bgcolor=#90EE90] [border: (1px inset #808080)] [r=4 c=7 rs=1 cs=1]
                RenderText {#text} at (2,2) size 38x19
                  text run at (2,2) width 38: "col 6"
              RenderTableCell {TD} at (456,102) size 45x23 [bgcolor=#90EE90] [border: (1px inset #808080)] [r=4 c=8 rs=1 cs=1]
                RenderText {#text} at (2,2) size 38x19
                  text run at (2,2) width 38: "col 7"
              RenderTableCell {TD} at (503,102) size 45x23 [bgcolor=#90EE90] [border: (1px inset #808080)] [r=4 c=9 rs=1 cs=1]
                RenderText {#text} at (2,2) size 38x19
                  text run at (2,2) width 38: "col 8"
              RenderTableCell {TD} at (550,102) size 46x23 [bgcolor=#90EE90] [border: (1px inset #808080)] [r=4 c=10 rs=1 cs=1]
                RenderText {#text} at (2,2) size 38x19
                  text run at (2,2) width 38: "col 9"
            RenderTableRow {TR} at (0,127) size 598x23
              RenderTableCell {TH} at (2,127) size 53x23 [bgcolor=#90EE90] [border: (1px inset #808080)] [r=5 c=0 rs=1 cs=1]
                RenderText {#text} at (3,2) size 47x19
                  text run at (3,2) width 47: "Head"
              RenderTableCell {TD} at (174,127) size 45x23 [bgcolor=#90EE90] [border: (1px inset #808080)] [r=5 c=2 rs=1 cs=1]
                RenderText {#text} at (2,2) size 38x19
                  text run at (2,2) width 38: "col 1"
              RenderTableCell {TD} at (221,127) size 45x23 [bgcolor=#90EE90] [border: (1px inset #808080)] [r=5 c=3 rs=1 cs=1]
                RenderText {#text} at (2,2) size 38x19
                  text run at (2,2) width 38: "col 2"
              RenderTableCell {TD} at (268,127) size 45x23 [bgcolor=#90EE90] [border: (1px inset #808080)] [r=5 c=4 rs=1 cs=1]
                RenderText {#text} at (2,2) size 38x19
                  text run at (2,2) width 38: "col 3"
              RenderTableCell {TD} at (315,127) size 45x23 [bgcolor=#90EE90] [border: (1px inset #808080)] [r=5 c=5 rs=1 cs=1]
                RenderText {#text} at (2,2) size 38x19
                  text run at (2,2) width 38: "col 4"
              RenderTableCell {TD} at (362,127) size 45x23 [bgcolor=#90EE90] [border: (1px inset #808080)] [r=5 c=6 rs=1 cs=1]
                RenderText {#text} at (2,2) size 38x19
                  text run at (2,2) width 38: "col 5"
              RenderTableCell {TD} at (409,127) size 45x23 [bgcolor=#90EE90] [border: (1px inset #808080)] [r=5 c=7 rs=1 cs=1]
                RenderText {#text} at (2,2) size 38x19
                  text run at (2,2) width 38: "col 6"
              RenderTableCell {TD} at (456,127) size 45x23 [bgcolor=#90EE90] [border: (1px inset #808080)] [r=5 c=8 rs=1 cs=1]
                RenderText {#text} at (2,2) size 38x19
                  text run at (2,2) width 38: "col 7"
              RenderTableCell {TD} at (503,127) size 45x23 [bgcolor=#90EE90] [border: (1px inset #808080)] [r=5 c=9 rs=1 cs=1]
                RenderText {#text} at (2,2) size 38x19
                  text run at (2,2) width 38: "col 8"
              RenderTableCell {TD} at (550,127) size 46x23 [bgcolor=#90EE90] [border: (1px inset #808080)] [r=5 c=10 rs=1 cs=1]
                RenderText {#text} at (2,2) size 38x19
                  text run at (2,2) width 38: "col 9"
            RenderTableRow {TR} at (0,152) size 598x23
              RenderTableCell {TH} at (2,152) size 53x23 [bgcolor=#90EE90] [border: (1px inset #808080)] [r=6 c=0 rs=1 cs=1]
                RenderText {#text} at (3,2) size 47x19
                  text run at (3,2) width 47: "Head"
              RenderTableCell {TD} at (174,152) size 45x23 [bgcolor=#90EE90] [border: (1px inset #808080)] [r=6 c=2 rs=1 cs=1]
                RenderText {#text} at (2,2) size 38x19
                  text run at (2,2) width 38: "col 1"
              RenderTableCell {TD} at (221,152) size 45x23 [bgcolor=#90EE90] [border: (1px inset #808080)] [r=6 c=3 rs=1 cs=1]
                RenderText {#text} at (2,2) size 38x19
                  text run at (2,2) width 38: "col 2"
              RenderTableCell {TD} at (268,152) size 45x23 [bgcolor=#90EE90] [border: (1px inset #808080)] [r=6 c=4 rs=1 cs=1]
                RenderText {#text} at (2,2) size 38x19
                  text run at (2,2) width 38: "col 3"
              RenderTableCell {TD} at (315,152) size 45x23 [bgcolor=#90EE90] [border: (1px inset #808080)] [r=6 c=5 rs=1 cs=1]
                RenderText {#text} at (2,2) size 38x19
                  text run at (2,2) width 38: "col 4"
              RenderTableCell {TD} at (362,152) size 45x23 [bgcolor=#90EE90] [border: (1px inset #808080)] [r=6 c=6 rs=1 cs=1]
                RenderText {#text} at (2,2) size 38x19
                  text run at (2,2) width 38: "col 5"
              RenderTableCell {TD} at (409,152) size 45x23 [bgcolor=#90EE90] [border: (1px inset #808080)] [r=6 c=7 rs=1 cs=1]
                RenderText {#text} at (2,2) size 38x19
                  text run at (2,2) width 38: "col 6"
              RenderTableCell {TD} at (456,152) size 45x23 [bgcolor=#90EE90] [border: (1px inset #808080)] [r=6 c=8 rs=1 cs=1]
                RenderText {#text} at (2,2) size 38x19
                  text run at (2,2) width 38: "col 7"
              RenderTableCell {TD} at (503,152) size 45x23 [bgcolor=#90EE90] [border: (1px inset #808080)] [r=6 c=9 rs=1 cs=1]
                RenderText {#text} at (2,2) size 38x19
                  text run at (2,2) width 38: "col 8"
              RenderTableCell {TD} at (550,152) size 46x23 [bgcolor=#90EE90] [border: (1px inset #808080)] [r=6 c=10 rs=1 cs=1]
                RenderText {#text} at (2,2) size 38x19
                  text run at (2,2) width 38: "col 9"
            RenderTableRow {TR} at (0,177) size 598x23
              RenderTableCell {TH} at (2,177) size 53x23 [bgcolor=#ADD8E6] [border: (1px inset #808080)] [r=7 c=0 rs=1 cs=1]
                RenderText {#text} at (3,2) size 47x19
                  text run at (3,2) width 47: "Head"
              RenderTableCell {TD} at (57,192) size 115x42 [bgcolor=#FFFACD] [border: (1px inset #808080)] [r=7 c=1 rs=3 cs=1]
                RenderText {#text} at (2,2) size 53x19
                  text run at (2,2) width 53: "Data 3"
                RenderBR {BR} at (55,17) size 0x0
                RenderText {#text} at (2,21) size 104x19
                  text run at (2,21) width 104: "span=3 rows"
              RenderTableCell {TD} at (174,177) size 45x23 [bgcolor=#ADD8E6] [border: (1px inset #808080)] [r=7 c=2 rs=1 cs=1]
                RenderText {#text} at (2,2) size 38x19
                  text run at (2,2) width 38: "col 1"
              RenderTableCell {TD} at (221,177) size 45x23 [bgcolor=#ADD8E6] [border: (1px inset #808080)] [r=7 c=3 rs=1 cs=1]
                RenderText {#text} at (2,2) size 38x19
                  text run at (2,2) width 38: "col 2"
              RenderTableCell {TD} at (268,177) size 45x23 [bgcolor=#ADD8E6] [border: (1px inset #808080)] [r=7 c=4 rs=1 cs=1]
                RenderText {#text} at (2,2) size 38x19
                  text run at (2,2) width 38: "col 3"
              RenderTableCell {TD} at (315,177) size 45x23 [bgcolor=#ADD8E6] [border: (1px inset #808080)] [r=7 c=5 rs=1 cs=1]
                RenderText {#text} at (2,2) size 38x19
                  text run at (2,2) width 38: "col 4"
              RenderTableCell {TD} at (362,177) size 45x23 [bgcolor=#ADD8E6] [border: (1px inset #808080)] [r=7 c=6 rs=1 cs=1]
                RenderText {#text} at (2,2) size 38x19
                  text run at (2,2) width 38: "col 5"
              RenderTableCell {TD} at (409,177) size 45x23 [bgcolor=#ADD8E6] [border: (1px inset #808080)] [r=7 c=7 rs=1 cs=1]
                RenderText {#text} at (2,2) size 38x19
                  text run at (2,2) width 38: "col 6"
              RenderTableCell {TD} at (456,177) size 45x23 [bgcolor=#ADD8E6] [border: (1px inset #808080)] [r=7 c=8 rs=1 cs=1]
                RenderText {#text} at (2,2) size 38x19
                  text run at (2,2) width 38: "col 7"
              RenderTableCell {TD} at (503,177) size 45x23 [bgcolor=#ADD8E6] [border: (1px inset #808080)] [r=7 c=9 rs=1 cs=1]
                RenderText {#text} at (2,2) size 38x19
                  text run at (2,2) width 38: "col 8"
              RenderTableCell {TD} at (550,177) size 46x23 [bgcolor=#ADD8E6] [border: (1px inset #808080)] [r=7 c=10 rs=1 cs=1]
                RenderText {#text} at (2,2) size 38x19
                  text run at (2,2) width 38: "col 9"
            RenderTableRow {TR} at (0,202) size 598x23
              RenderTableCell {TH} at (2,202) size 53x23 [bgcolor=#ADD8E6] [border: (1px inset #808080)] [r=8 c=0 rs=1 cs=1]
                RenderText {#text} at (3,2) size 47x19
                  text run at (3,2) width 47: "Head"
              RenderTableCell {TD} at (174,202) size 45x23 [bgcolor=#ADD8E6] [border: (1px inset #808080)] [r=8 c=2 rs=1 cs=1]
                RenderText {#text} at (2,2) size 38x19
                  text run at (2,2) width 38: "col 1"
              RenderTableCell {TD} at (221,202) size 45x23 [bgcolor=#ADD8E6] [border: (1px inset #808080)] [r=8 c=3 rs=1 cs=1]
                RenderText {#text} at (2,2) size 38x19
                  text run at (2,2) width 38: "col 2"
              RenderTableCell {TD} at (268,202) size 45x23 [bgcolor=#ADD8E6] [border: (1px inset #808080)] [r=8 c=4 rs=1 cs=1]
                RenderText {#text} at (2,2) size 38x19
                  text run at (2,2) width 38: "col 3"
              RenderTableCell {TD} at (315,202) size 45x23 [bgcolor=#ADD8E6] [border: (1px inset #808080)] [r=8 c=5 rs=1 cs=1]
                RenderText {#text} at (2,2) size 38x19
                  text run at (2,2) width 38: "col 4"
              RenderTableCell {TD} at (362,202) size 45x23 [bgcolor=#ADD8E6] [border: (1px inset #808080)] [r=8 c=6 rs=1 cs=1]
                RenderText {#text} at (2,2) size 38x19
                  text run at (2,2) width 38: "col 5"
              RenderTableCell {TD} at (409,202) size 45x23 [bgcolor=#ADD8E6] [border: (1px inset #808080)] [r=8 c=7 rs=1 cs=1]
                RenderText {#text} at (2,2) size 38x19
                  text run at (2,2) width 38: "col 6"
              RenderTableCell {TD} at (456,202) size 45x23 [bgcolor=#ADD8E6] [border: (1px inset #808080)] [r=8 c=8 rs=1 cs=1]
                RenderText {#text} at (2,2) size 38x19
                  text run at (2,2) width 38: "col 7"
              RenderTableCell {TD} at (503,202) size 45x23 [bgcolor=#ADD8E6] [border: (1px inset #808080)] [r=8 c=9 rs=1 cs=1]
                RenderText {#text} at (2,2) size 38x19
                  text run at (2,2) width 38: "col 8"
              RenderTableCell {TD} at (550,202) size 46x23 [bgcolor=#ADD8E6] [border: (1px inset #808080)] [r=8 c=10 rs=1 cs=1]
                RenderText {#text} at (2,2) size 38x19
                  text run at (2,2) width 38: "col 9"
            RenderTableRow {TR} at (0,227) size 598x23
              RenderTableCell {TH} at (2,227) size 53x23 [bgcolor=#ADD8E6] [border: (1px inset #808080)] [r=9 c=0 rs=1 cs=1]
                RenderText {#text} at (3,2) size 47x19
                  text run at (3,2) width 47: "Head"
              RenderTableCell {TD} at (174,227) size 45x23 [bgcolor=#ADD8E6] [border: (1px inset #808080)] [r=9 c=2 rs=1 cs=1]
                RenderText {#text} at (2,2) size 38x19
                  text run at (2,2) width 38: "col 1"
              RenderTableCell {TD} at (221,227) size 45x23 [bgcolor=#ADD8E6] [border: (1px inset #808080)] [r=9 c=3 rs=1 cs=1]
                RenderText {#text} at (2,2) size 38x19
                  text run at (2,2) width 38: "col 2"
              RenderTableCell {TD} at (268,227) size 45x23 [bgcolor=#ADD8E6] [border: (1px inset #808080)] [r=9 c=4 rs=1 cs=1]
                RenderText {#text} at (2,2) size 38x19
                  text run at (2,2) width 38: "col 3"
              RenderTableCell {TD} at (315,227) size 45x23 [bgcolor=#ADD8E6] [border: (1px inset #808080)] [r=9 c=5 rs=1 cs=1]
                RenderText {#text} at (2,2) size 38x19
                  text run at (2,2) width 38: "col 4"
              RenderTableCell {TD} at (362,227) size 45x23 [bgcolor=#ADD8E6] [border: (1px inset #808080)] [r=9 c=6 rs=1 cs=1]
                RenderText {#text} at (2,2) size 38x19
                  text run at (2,2) width 38: "col 5"
              RenderTableCell {TD} at (409,227) size 45x23 [bgcolor=#ADD8E6] [border: (1px inset #808080)] [r=9 c=7 rs=1 cs=1]
                RenderText {#text} at (2,2) size 38x19
                  text run at (2,2) width 38: "col 6"
              RenderTableCell {TD} at (456,227) size 45x23 [bgcolor=#ADD8E6] [border: (1px inset #808080)] [r=9 c=8 rs=1 cs=1]
                RenderText {#text} at (2,2) size 38x19
                  text run at (2,2) width 38: "col 7"
              RenderTableCell {TD} at (503,227) size 45x23 [bgcolor=#ADD8E6] [border: (1px inset #808080)] [r=9 c=9 rs=1 cs=1]
                RenderText {#text} at (2,2) size 38x19
                  text run at (2,2) width 38: "col 8"
              RenderTableCell {TD} at (550,227) size 46x23 [bgcolor=#ADD8E6] [border: (1px inset #808080)] [r=9 c=10 rs=1 cs=1]
                RenderText {#text} at (2,2) size 38x19
                  text run at (2,2) width 38: "col 9"
      RenderBlock {P} at (0,1720) size 964x0
      RenderBlock {HR} at (0,1720) size 964x2 [border: (1px inset #000000)]
      RenderBlock {P} at (0,1738) size 964x62
        RenderTable {TABLE} at (0,0) size 819x62 [bgcolor=#F08080] [border: (1px outset #808080)]
          RenderTableSection {TBODY} at (1,1) size 817x60
            RenderTableRow {TR} at (0,2) size 817x56
              RenderTableCell {TH} at (2,2) size 813x56 [border: (1px inset #808080)] [r=0 c=0 rs=1 cs=1]
                RenderInline {A} at (0,0) size 0x0
                RenderText {#text} at (11,11) size 132x19
                  text run at (11,11) width 132: "Test Case #3: "
                RenderInline {FONT} at (0,0) size 557x19 [color=#0000FF]
                  RenderText {#text} at (143,11) size 557x19
                    text run at (143,11) width 557: "table with nested header & data cells spanning multiple rows"
                RenderText {#text} at (700,11) size 6x19
                  text run at (700,11) width 6: " "
                RenderInline {FONT} at (0,0) size 776x31
                  RenderInline {I} at (0,0) size 776x31
                    RenderText {#text} at (706,14) size 776x31
                      text run at (706,14) width 81: "(using <TH"
                      text run at (11,30) width 462: "ROWSPAN=integer value> <TD ROWSPAN=integer value> tag)"
                RenderText {#text} at (0,0) size 0x0
      RenderBlock {P} at (0,1816) size 964x38
        RenderBR {BR} at (0,0) size 0x19
        RenderBR {BR} at (0,19) size 0x19
      RenderBlock {UL} at (0,1870) size 964x463
        RenderTable {TABLE} at (40,0) size 600x463 [border: (1px outset #808080)]
          RenderBlock {CAPTION} at (0,0) size 600x19
            RenderText {#text} at (36,0) size 111x19
              text run at (36,0) width 111: "Nested Table "
            RenderInline {B} at (0,0) size 115x19
              RenderText {#text} at (146,0) size 115x19
                text run at (146,0) width 115: "Header Cells"
            RenderText {#text} at (260,0) size 23x19
              text run at (260,0) width 23: " & "
            RenderInline {B} at (0,0) size 93x19
              RenderText {#text} at (282,0) size 93x19
                text run at (282,0) width 93: "Data Cells"
            RenderText {#text} at (374,0) size 190x19
              text run at (374,0) width 190: " spanning multiple rows"
          RenderTableSection {TBODY} at (1,20) size 598x442
            RenderTableRow {TR} at (0,2) size 598x42
              RenderTableCell {TH} at (2,124) size 114x61 [bgcolor=#FFE4C4] [border: (1px inset #808080)] [r=0 c=0 rs=7 cs=1]
                RenderText {#text} at (16,2) size 82x19
                  text run at (16,2) width 82: "Header 1"
                RenderBR {BR} at (98,17) size 0x0
                RenderText {#text} at (23,21) size 68x38
                  text run at (23,21) width 68: "span=7"
                  text run at (35,40) width 44: "rows"
              RenderTableCell {TD} at (118,14) size 102x61 [bgcolor=#FFFACD] [border: (1px inset #808080)] [r=0 c=1 rs=2 cs=1]
                RenderText {#text} at (2,2) size 53x19
                  text run at (2,2) width 53: "Data 1"
                RenderBR {BR} at (55,17) size 0x0
                RenderText {#text} at (2,21) size 61x38
                  text run at (2,21) width 61: "span=2"
                  text run at (2,40) width 38: "rows"
              RenderTableCell {TD} at (222,2) size 39x42 [bgcolor=#EE82EE] [border: (1px inset #808080)] [r=0 c=2 rs=1 cs=1]
                RenderText {#text} at (2,2) size 23x38
                  text run at (2,2) width 23: "col"
                  text run at (2,21) width 10: "1"
              RenderTableCell {TD} at (263,2) size 39x42 [bgcolor=#EE82EE] [border: (1px inset #808080)] [r=0 c=3 rs=1 cs=1]
                RenderText {#text} at (2,2) size 23x38
                  text run at (2,2) width 23: "col"
                  text run at (2,21) width 10: "2"
              RenderTableCell {TD} at (304,2) size 40x42 [bgcolor=#EE82EE] [border: (1px inset #808080)] [r=0 c=4 rs=1 cs=1]
                RenderText {#text} at (2,2) size 23x38
                  text run at (2,2) width 23: "col"
                  text run at (2,21) width 10: "3"
              RenderTableCell {TD} at (346,2) size 40x42 [bgcolor=#EE82EE] [border: (1px inset #808080)] [r=0 c=5 rs=1 cs=1]
                RenderText {#text} at (2,2) size 23x38
                  text run at (2,2) width 23: "col"
                  text run at (2,21) width 10: "4"
              RenderTableCell {TD} at (388,2) size 40x42 [bgcolor=#EE82EE] [border: (1px inset #808080)] [r=0 c=6 rs=1 cs=1]
                RenderText {#text} at (2,2) size 23x38
                  text run at (2,2) width 23: "col"
                  text run at (2,21) width 10: "5"
              RenderTableCell {TD} at (430,2) size 40x42 [bgcolor=#EE82EE] [border: (1px inset #808080)] [r=0 c=7 rs=1 cs=1]
                RenderText {#text} at (2,2) size 23x38
                  text run at (2,2) width 23: "col"
                  text run at (2,21) width 10: "6"
              RenderTableCell {TD} at (472,2) size 40x42 [bgcolor=#EE82EE] [border: (1px inset #808080)] [r=0 c=8 rs=1 cs=1]
                RenderText {#text} at (2,2) size 23x38
                  text run at (2,2) width 23: "col"
                  text run at (2,21) width 10: "7"
              RenderTableCell {TD} at (514,2) size 40x42 [bgcolor=#EE82EE] [border: (1px inset #808080)] [r=0 c=9 rs=1 cs=1]
                RenderText {#text} at (2,2) size 23x38
                  text run at (2,2) width 23: "col"
                  text run at (2,21) width 10: "8"
              RenderTableCell {TD} at (556,2) size 40x42 [bgcolor=#EE82EE] [border: (1px inset #808080)] [r=0 c=10 rs=1 cs=1]
                RenderText {#text} at (2,2) size 23x38
                  text run at (2,2) width 23: "col"
                  text run at (2,21) width 10: "9"
            RenderTableRow {TR} at (0,46) size 598x42
              RenderTableCell {TD} at (222,46) size 39x42 [bgcolor=#EE82EE] [border: (1px inset #808080)] [r=1 c=2 rs=1 cs=1]
                RenderText {#text} at (2,2) size 23x38
                  text run at (2,2) width 23: "col"
                  text run at (2,21) width 10: "1"
              RenderTableCell {TD} at (263,46) size 39x42 [bgcolor=#EE82EE] [border: (1px inset #808080)] [r=1 c=3 rs=1 cs=1]
                RenderText {#text} at (2,2) size 23x38
                  text run at (2,2) width 23: "col"
                  text run at (2,21) width 10: "2"
              RenderTableCell {TD} at (304,46) size 40x42 [bgcolor=#EE82EE] [border: (1px inset #808080)] [r=1 c=4 rs=1 cs=1]
                RenderText {#text} at (2,2) size 23x38
                  text run at (2,2) width 23: "col"
                  text run at (2,21) width 10: "3"
              RenderTableCell {TD} at (346,46) size 40x42 [bgcolor=#EE82EE] [border: (1px inset #808080)] [r=1 c=5 rs=1 cs=1]
                RenderText {#text} at (2,2) size 23x38
                  text run at (2,2) width 23: "col"
                  text run at (2,21) width 10: "4"
              RenderTableCell {TD} at (388,46) size 40x42 [bgcolor=#EE82EE] [border: (1px inset #808080)] [r=1 c=6 rs=1 cs=1]
                RenderText {#text} at (2,2) size 23x38
                  text run at (2,2) width 23: "col"
                  text run at (2,21) width 10: "5"
              RenderTableCell {TD} at (430,46) size 40x42 [bgcolor=#EE82EE] [border: (1px inset #808080)] [r=1 c=7 rs=1 cs=1]
                RenderText {#text} at (2,2) size 23x38
                  text run at (2,2) width 23: "col"
                  text run at (2,21) width 10: "6"
              RenderTableCell {TD} at (472,46) size 40x42 [bgcolor=#EE82EE] [border: (1px inset #808080)] [r=1 c=8 rs=1 cs=1]
                RenderText {#text} at (2,2) size 23x38
                  text run at (2,2) width 23: "col"
                  text run at (2,21) width 10: "7"
              RenderTableCell {TD} at (514,46) size 40x42 [bgcolor=#EE82EE] [border: (1px inset #808080)] [r=1 c=9 rs=1 cs=1]
                RenderText {#text} at (2,2) size 23x38
                  text run at (2,2) width 23: "col"
                  text run at (2,21) width 10: "8"
              RenderTableCell {TD} at (556,46) size 40x42 [bgcolor=#EE82EE] [border: (1px inset #808080)] [r=1 c=10 rs=1 cs=1]
                RenderText {#text} at (2,2) size 23x38
                  text run at (2,2) width 23: "col"
                  text run at (2,21) width 10: "9"
            RenderTableRow {TR} at (0,90) size 598x42
              RenderTableCell {TD} at (118,168) size 102x61 [bgcolor=#FFFACD] [border: (1px inset #808080)] [r=2 c=1 rs=5 cs=1]
                RenderText {#text} at (2,2) size 53x19
                  text run at (2,2) width 53: "Data 2"
                RenderBR {BR} at (55,17) size 0x0
                RenderText {#text} at (2,21) size 61x38
                  text run at (2,21) width 61: "span=5"
                  text run at (2,40) width 38: "rows"
              RenderTableCell {TD} at (222,90) size 39x42 [bgcolor=#90EE90] [border: (1px inset #808080)] [r=2 c=2 rs=1 cs=1]
                RenderText {#text} at (2,2) size 23x38
                  text run at (2,2) width 23: "col"
                  text run at (2,21) width 10: "1"
              RenderTableCell {TD} at (263,90) size 39x42 [bgcolor=#90EE90] [border: (1px inset #808080)] [r=2 c=3 rs=1 cs=1]
                RenderText {#text} at (2,2) size 23x38
                  text run at (2,2) width 23: "col"
                  text run at (2,21) width 10: "2"
              RenderTableCell {TD} at (304,90) size 40x42 [bgcolor=#90EE90] [border: (1px inset #808080)] [r=2 c=4 rs=1 cs=1]
                RenderText {#text} at (2,2) size 23x38
                  text run at (2,2) width 23: "col"
                  text run at (2,21) width 10: "3"
              RenderTableCell {TD} at (346,90) size 40x42 [bgcolor=#90EE90] [border: (1px inset #808080)] [r=2 c=5 rs=1 cs=1]
                RenderText {#text} at (2,2) size 23x38
                  text run at (2,2) width 23: "col"
                  text run at (2,21) width 10: "4"
              RenderTableCell {TD} at (388,90) size 40x42 [bgcolor=#90EE90] [border: (1px inset #808080)] [r=2 c=6 rs=1 cs=1]
                RenderText {#text} at (2,2) size 23x38
                  text run at (2,2) width 23: "col"
                  text run at (2,21) width 10: "5"
              RenderTableCell {TD} at (430,90) size 40x42 [bgcolor=#90EE90] [border: (1px inset #808080)] [r=2 c=7 rs=1 cs=1]
                RenderText {#text} at (2,2) size 23x38
                  text run at (2,2) width 23: "col"
                  text run at (2,21) width 10: "6"
              RenderTableCell {TD} at (472,90) size 40x42 [bgcolor=#90EE90] [border: (1px inset #808080)] [r=2 c=8 rs=1 cs=1]
                RenderText {#text} at (2,2) size 23x38
                  text run at (2,2) width 23: "col"
                  text run at (2,21) width 10: "7"
              RenderTableCell {TD} at (514,90) size 40x42 [bgcolor=#90EE90] [border: (1px inset #808080)] [r=2 c=9 rs=1 cs=1]
                RenderText {#text} at (2,2) size 23x38
                  text run at (2,2) width 23: "col"
                  text run at (2,21) width 10: "8"
              RenderTableCell {TD} at (556,90) size 40x42 [bgcolor=#90EE90] [border: (1px inset #808080)] [r=2 c=10 rs=1 cs=1]
                RenderText {#text} at (2,2) size 23x38
                  text run at (2,2) width 23: "col"
                  text run at (2,21) width 10: "9"
            RenderTableRow {TR} at (0,134) size 598x42
              RenderTableCell {TD} at (222,134) size 39x42 [bgcolor=#90EE90] [border: (1px inset #808080)] [r=3 c=2 rs=1 cs=1]
                RenderText {#text} at (2,2) size 23x38
                  text run at (2,2) width 23: "col"
                  text run at (2,21) width 10: "1"
              RenderTableCell {TD} at (263,134) size 39x42 [bgcolor=#90EE90] [border: (1px inset #808080)] [r=3 c=3 rs=1 cs=1]
                RenderText {#text} at (2,2) size 23x38
                  text run at (2,2) width 23: "col"
                  text run at (2,21) width 10: "2"
              RenderTableCell {TD} at (304,134) size 40x42 [bgcolor=#90EE90] [border: (1px inset #808080)] [r=3 c=4 rs=1 cs=1]
                RenderText {#text} at (2,2) size 23x38
                  text run at (2,2) width 23: "col"
                  text run at (2,21) width 10: "3"
              RenderTableCell {TD} at (346,134) size 40x42 [bgcolor=#90EE90] [border: (1px inset #808080)] [r=3 c=5 rs=1 cs=1]
                RenderText {#text} at (2,2) size 23x38
                  text run at (2,2) width 23: "col"
                  text run at (2,21) width 10: "4"
              RenderTableCell {TD} at (388,134) size 40x42 [bgcolor=#90EE90] [border: (1px inset #808080)] [r=3 c=6 rs=1 cs=1]
                RenderText {#text} at (2,2) size 23x38
                  text run at (2,2) width 23: "col"
                  text run at (2,21) width 10: "5"
              RenderTableCell {TD} at (430,134) size 40x42 [bgcolor=#90EE90] [border: (1px inset #808080)] [r=3 c=7 rs=1 cs=1]
                RenderText {#text} at (2,2) size 23x38
                  text run at (2,2) width 23: "col"
                  text run at (2,21) width 10: "6"
              RenderTableCell {TD} at (472,134) size 40x42 [bgcolor=#90EE90] [border: (1px inset #808080)] [r=3 c=8 rs=1 cs=1]
                RenderText {#text} at (2,2) size 23x38
                  text run at (2,2) width 23: "col"
                  text run at (2,21) width 10: "7"
              RenderTableCell {TD} at (514,134) size 40x42 [bgcolor=#90EE90] [border: (1px inset #808080)] [r=3 c=9 rs=1 cs=1]
                RenderText {#text} at (2,2) size 23x38
                  text run at (2,2) width 23: "col"
                  text run at (2,21) width 10: "8"
              RenderTableCell {TD} at (556,134) size 40x42 [bgcolor=#90EE90] [border: (1px inset #808080)] [r=3 c=10 rs=1 cs=1]
                RenderText {#text} at (2,2) size 23x38
                  text run at (2,2) width 23: "col"
                  text run at (2,21) width 10: "9"
            RenderTableRow {TR} at (0,178) size 598x42
              RenderTableCell {TD} at (222,178) size 39x42 [bgcolor=#90EE90] [border: (1px inset #808080)] [r=4 c=2 rs=1 cs=1]
                RenderText {#text} at (2,2) size 23x38
                  text run at (2,2) width 23: "col"
                  text run at (2,21) width 10: "1"
              RenderTableCell {TD} at (263,178) size 39x42 [bgcolor=#90EE90] [border: (1px inset #808080)] [r=4 c=3 rs=1 cs=1]
                RenderText {#text} at (2,2) size 23x38
                  text run at (2,2) width 23: "col"
                  text run at (2,21) width 10: "2"
              RenderTableCell {TD} at (304,178) size 40x42 [bgcolor=#90EE90] [border: (1px inset #808080)] [r=4 c=4 rs=1 cs=1]
                RenderText {#text} at (2,2) size 23x38
                  text run at (2,2) width 23: "col"
                  text run at (2,21) width 10: "3"
              RenderTableCell {TD} at (346,178) size 40x42 [bgcolor=#90EE90] [border: (1px inset #808080)] [r=4 c=5 rs=1 cs=1]
                RenderText {#text} at (2,2) size 23x38
                  text run at (2,2) width 23: "col"
                  text run at (2,21) width 10: "4"
              RenderTableCell {TD} at (388,178) size 40x42 [bgcolor=#90EE90] [border: (1px inset #808080)] [r=4 c=6 rs=1 cs=1]
                RenderText {#text} at (2,2) size 23x38
                  text run at (2,2) width 23: "col"
                  text run at (2,21) width 10: "5"
              RenderTableCell {TD} at (430,178) size 40x42 [bgcolor=#90EE90] [border: (1px inset #808080)] [r=4 c=7 rs=1 cs=1]
                RenderText {#text} at (2,2) size 23x38
                  text run at (2,2) width 23: "col"
                  text run at (2,21) width 10: "6"
              RenderTableCell {TD} at (472,178) size 40x42 [bgcolor=#90EE90] [border: (1px inset #808080)] [r=4 c=8 rs=1 cs=1]
                RenderText {#text} at (2,2) size 23x38
                  text run at (2,2) width 23: "col"
                  text run at (2,21) width 10: "7"
              RenderTableCell {TD} at (514,178) size 40x42 [bgcolor=#90EE90] [border: (1px inset #808080)] [r=4 c=9 rs=1 cs=1]
                RenderText {#text} at (2,2) size 23x38
                  text run at (2,2) width 23: "col"
                  text run at (2,21) width 10: "8"
              RenderTableCell {TD} at (556,178) size 40x42 [bgcolor=#90EE90] [border: (1px inset #808080)] [r=4 c=10 rs=1 cs=1]
                RenderText {#text} at (2,2) size 23x38
                  text run at (2,2) width 23: "col"
                  text run at (2,21) width 10: "9"
            RenderTableRow {TR} at (0,222) size 598x42
              RenderTableCell {TD} at (222,222) size 39x42 [bgcolor=#90EE90] [border: (1px inset #808080)] [r=5 c=2 rs=1 cs=1]
                RenderText {#text} at (2,2) size 23x38
                  text run at (2,2) width 23: "col"
                  text run at (2,21) width 10: "1"
              RenderTableCell {TD} at (263,222) size 39x42 [bgcolor=#90EE90] [border: (1px inset #808080)] [r=5 c=3 rs=1 cs=1]
                RenderText {#text} at (2,2) size 23x38
                  text run at (2,2) width 23: "col"
                  text run at (2,21) width 10: "2"
              RenderTableCell {TD} at (304,222) size 40x42 [bgcolor=#90EE90] [border: (1px inset #808080)] [r=5 c=4 rs=1 cs=1]
                RenderText {#text} at (2,2) size 23x38
                  text run at (2,2) width 23: "col"
                  text run at (2,21) width 10: "3"
              RenderTableCell {TD} at (346,222) size 40x42 [bgcolor=#90EE90] [border: (1px inset #808080)] [r=5 c=5 rs=1 cs=1]
                RenderText {#text} at (2,2) size 23x38
                  text run at (2,2) width 23: "col"
                  text run at (2,21) width 10: "4"
              RenderTableCell {TD} at (388,222) size 40x42 [bgcolor=#90EE90] [border: (1px inset #808080)] [r=5 c=6 rs=1 cs=1]
                RenderText {#text} at (2,2) size 23x38
                  text run at (2,2) width 23: "col"
                  text run at (2,21) width 10: "5"
              RenderTableCell {TD} at (430,222) size 40x42 [bgcolor=#90EE90] [border: (1px inset #808080)] [r=5 c=7 rs=1 cs=1]
                RenderText {#text} at (2,2) size 23x38
                  text run at (2,2) width 23: "col"
                  text run at (2,21) width 10: "6"
              RenderTableCell {TD} at (472,222) size 40x42 [bgcolor=#90EE90] [border: (1px inset #808080)] [r=5 c=8 rs=1 cs=1]
                RenderText {#text} at (2,2) size 23x38
                  text run at (2,2) width 23: "col"
                  text run at (2,21) width 10: "7"
              RenderTableCell {TD} at (514,222) size 40x42 [bgcolor=#90EE90] [border: (1px inset #808080)] [r=5 c=9 rs=1 cs=1]
                RenderText {#text} at (2,2) size 23x38
                  text run at (2,2) width 23: "col"
                  text run at (2,21) width 10: "8"
              RenderTableCell {TD} at (556,222) size 40x42 [bgcolor=#90EE90] [border: (1px inset #808080)] [r=5 c=10 rs=1 cs=1]
                RenderText {#text} at (2,2) size 23x38
                  text run at (2,2) width 23: "col"
                  text run at (2,21) width 10: "9"
            RenderTableRow {TR} at (0,266) size 598x42
              RenderTableCell {TD} at (222,266) size 39x42 [bgcolor=#90EE90] [border: (1px inset #808080)] [r=6 c=2 rs=1 cs=1]
                RenderText {#text} at (2,2) size 23x38
                  text run at (2,2) width 23: "col"
                  text run at (2,21) width 10: "1"
              RenderTableCell {TD} at (263,266) size 39x42 [bgcolor=#90EE90] [border: (1px inset #808080)] [r=6 c=3 rs=1 cs=1]
                RenderText {#text} at (2,2) size 23x38
                  text run at (2,2) width 23: "col"
                  text run at (2,21) width 10: "2"
              RenderTableCell {TD} at (304,266) size 40x42 [bgcolor=#90EE90] [border: (1px inset #808080)] [r=6 c=4 rs=1 cs=1]
                RenderText {#text} at (2,2) size 23x38
                  text run at (2,2) width 23: "col"
                  text run at (2,21) width 10: "3"
              RenderTableCell {TD} at (346,266) size 40x42 [bgcolor=#90EE90] [border: (1px inset #808080)] [r=6 c=5 rs=1 cs=1]
                RenderText {#text} at (2,2) size 23x38
                  text run at (2,2) width 23: "col"
                  text run at (2,21) width 10: "4"
              RenderTableCell {TD} at (388,266) size 40x42 [bgcolor=#90EE90] [border: (1px inset #808080)] [r=6 c=6 rs=1 cs=1]
                RenderText {#text} at (2,2) size 23x38
                  text run at (2,2) width 23: "col"
                  text run at (2,21) width 10: "5"
              RenderTableCell {TD} at (430,266) size 40x42 [bgcolor=#90EE90] [border: (1px inset #808080)] [r=6 c=7 rs=1 cs=1]
                RenderText {#text} at (2,2) size 23x38
                  text run at (2,2) width 23: "col"
                  text run at (2,21) width 10: "6"
              RenderTableCell {TD} at (472,266) size 40x42 [bgcolor=#90EE90] [border: (1px inset #808080)] [r=6 c=8 rs=1 cs=1]
                RenderText {#text} at (2,2) size 23x38
                  text run at (2,2) width 23: "col"
                  text run at (2,21) width 10: "7"
              RenderTableCell {TD} at (514,266) size 40x42 [bgcolor=#90EE90] [border: (1px inset #808080)] [r=6 c=9 rs=1 cs=1]
                RenderText {#text} at (2,2) size 23x38
                  text run at (2,2) width 23: "col"
                  text run at (2,21) width 10: "8"
              RenderTableCell {TD} at (556,266) size 40x42 [bgcolor=#90EE90] [border: (1px inset #808080)] [r=6 c=10 rs=1 cs=1]
                RenderText {#text} at (2,2) size 23x38
                  text run at (2,2) width 23: "col"
                  text run at (2,21) width 10: "9"
            RenderTableRow {TR} at (0,310) size 598x42
              RenderTableCell {TH} at (2,344) size 114x61 [bgcolor=#FFE4C4] [border: (1px inset #808080)] [r=7 c=0 rs=3 cs=1]
                RenderText {#text} at (16,2) size 82x19
                  text run at (16,2) width 82: "Header 2"
                RenderBR {BR} at (98,17) size 0x0
                RenderText {#text} at (23,21) size 68x38
                  text run at (23,21) width 68: "span=3"
                  text run at (35,40) width 44: "rows"
              RenderTableCell {TD} at (118,344) size 102x61 [bgcolor=#FFFACD] [border: (1px inset #808080)] [r=7 c=1 rs=3 cs=1]
                RenderText {#text} at (2,2) size 53x19
                  text run at (2,2) width 53: "Data 3"
                RenderBR {BR} at (55,17) size 0x0
                RenderText {#text} at (2,21) size 61x38
                  text run at (2,21) width 61: "span=3"
                  text run at (2,40) width 38: "rows"
              RenderTableCell {TD} at (222,310) size 39x42 [bgcolor=#ADD8E6] [border: (1px inset #808080)] [r=7 c=2 rs=1 cs=1]
                RenderText {#text} at (2,2) size 23x38
                  text run at (2,2) width 23: "col"
                  text run at (2,21) width 10: "1"
              RenderTableCell {TD} at (263,310) size 39x42 [bgcolor=#ADD8E6] [border: (1px inset #808080)] [r=7 c=3 rs=1 cs=1]
                RenderText {#text} at (2,2) size 23x38
                  text run at (2,2) width 23: "col"
                  text run at (2,21) width 10: "2"
              RenderTableCell {TD} at (304,310) size 40x42 [bgcolor=#ADD8E6] [border: (1px inset #808080)] [r=7 c=4 rs=1 cs=1]
                RenderText {#text} at (2,2) size 23x38
                  text run at (2,2) width 23: "col"
                  text run at (2,21) width 10: "3"
              RenderTableCell {TD} at (346,310) size 40x42 [bgcolor=#ADD8E6] [border: (1px inset #808080)] [r=7 c=5 rs=1 cs=1]
                RenderText {#text} at (2,2) size 23x38
                  text run at (2,2) width 23: "col"
                  text run at (2,21) width 10: "4"
              RenderTableCell {TD} at (388,310) size 40x42 [bgcolor=#ADD8E6] [border: (1px inset #808080)] [r=7 c=6 rs=1 cs=1]
                RenderText {#text} at (2,2) size 23x38
                  text run at (2,2) width 23: "col"
                  text run at (2,21) width 10: "5"
              RenderTableCell {TD} at (430,310) size 40x42 [bgcolor=#ADD8E6] [border: (1px inset #808080)] [r=7 c=7 rs=1 cs=1]
                RenderText {#text} at (2,2) size 23x38
                  text run at (2,2) width 23: "col"
                  text run at (2,21) width 10: "6"
              RenderTableCell {TD} at (472,310) size 40x42 [bgcolor=#ADD8E6] [border: (1px inset #808080)] [r=7 c=8 rs=1 cs=1]
                RenderText {#text} at (2,2) size 23x38
                  text run at (2,2) width 23: "col"
                  text run at (2,21) width 10: "7"
              RenderTableCell {TD} at (514,310) size 40x42 [bgcolor=#ADD8E6] [border: (1px inset #808080)] [r=7 c=9 rs=1 cs=1]
                RenderText {#text} at (2,2) size 23x38
                  text run at (2,2) width 23: "col"
                  text run at (2,21) width 10: "8"
              RenderTableCell {TD} at (556,310) size 40x42 [bgcolor=#ADD8E6] [border: (1px inset #808080)] [r=7 c=10 rs=1 cs=1]
                RenderText {#text} at (2,2) size 23x38
                  text run at (2,2) width 23: "col"
                  text run at (2,21) width 10: "9"
            RenderTableRow {TR} at (0,354) size 598x42
              RenderTableCell {TD} at (222,354) size 39x42 [bgcolor=#ADD8E6] [border: (1px inset #808080)] [r=8 c=2 rs=1 cs=1]
                RenderText {#text} at (2,2) size 23x38
                  text run at (2,2) width 23: "col"
                  text run at (2,21) width 10: "1"
              RenderTableCell {TD} at (263,354) size 39x42 [bgcolor=#ADD8E6] [border: (1px inset #808080)] [r=8 c=3 rs=1 cs=1]
                RenderText {#text} at (2,2) size 23x38
                  text run at (2,2) width 23: "col"
                  text run at (2,21) width 10: "2"
              RenderTableCell {TD} at (304,354) size 40x42 [bgcolor=#ADD8E6] [border: (1px inset #808080)] [r=8 c=4 rs=1 cs=1]
                RenderText {#text} at (2,2) size 23x38
                  text run at (2,2) width 23: "col"
                  text run at (2,21) width 10: "3"
              RenderTableCell {TD} at (346,354) size 40x42 [bgcolor=#ADD8E6] [border: (1px inset #808080)] [r=8 c=5 rs=1 cs=1]
                RenderText {#text} at (2,2) size 23x38
                  text run at (2,2) width 23: "col"
                  text run at (2,21) width 10: "4"
              RenderTableCell {TD} at (388,354) size 40x42 [bgcolor=#ADD8E6] [border: (1px inset #808080)] [r=8 c=6 rs=1 cs=1]
                RenderText {#text} at (2,2) size 23x38
                  text run at (2,2) width 23: "col"
                  text run at (2,21) width 10: "5"
              RenderTableCell {TD} at (430,354) size 40x42 [bgcolor=#ADD8E6] [border: (1px inset #808080)] [r=8 c=7 rs=1 cs=1]
                RenderText {#text} at (2,2) size 23x38
                  text run at (2,2) width 23: "col"
                  text run at (2,21) width 10: "6"
              RenderTableCell {TD} at (472,354) size 40x42 [bgcolor=#ADD8E6] [border: (1px inset #808080)] [r=8 c=8 rs=1 cs=1]
                RenderText {#text} at (2,2) size 23x38
                  text run at (2,2) width 23: "col"
                  text run at (2,21) width 10: "7"
              RenderTableCell {TD} at (514,354) size 40x42 [bgcolor=#ADD8E6] [border: (1px inset #808080)] [r=8 c=9 rs=1 cs=1]
                RenderText {#text} at (2,2) size 23x38
                  text run at (2,2) width 23: "col"
                  text run at (2,21) width 10: "8"
              RenderTableCell {TD} at (556,354) size 40x42 [bgcolor=#ADD8E6] [border: (1px inset #808080)] [r=8 c=10 rs=1 cs=1]
                RenderText {#text} at (2,2) size 23x38
                  text run at (2,2) width 23: "col"
                  text run at (2,21) width 10: "9"
            RenderTableRow {TR} at (0,398) size 598x42
              RenderTableCell {TD} at (222,398) size 39x42 [bgcolor=#ADD8E6] [border: (1px inset #808080)] [r=9 c=2 rs=1 cs=1]
                RenderText {#text} at (2,2) size 23x38
                  text run at (2,2) width 23: "col"
                  text run at (2,21) width 10: "1"
              RenderTableCell {TD} at (263,398) size 39x42 [bgcolor=#ADD8E6] [border: (1px inset #808080)] [r=9 c=3 rs=1 cs=1]
                RenderText {#text} at (2,2) size 23x38
                  text run at (2,2) width 23: "col"
                  text run at (2,21) width 10: "2"
              RenderTableCell {TD} at (304,398) size 40x42 [bgcolor=#ADD8E6] [border: (1px inset #808080)] [r=9 c=4 rs=1 cs=1]
                RenderText {#text} at (2,2) size 23x38
                  text run at (2,2) width 23: "col"
                  text run at (2,21) width 10: "3"
              RenderTableCell {TD} at (346,398) size 40x42 [bgcolor=#ADD8E6] [border: (1px inset #808080)] [r=9 c=5 rs=1 cs=1]
                RenderText {#text} at (2,2) size 23x38
                  text run at (2,2) width 23: "col"
                  text run at (2,21) width 10: "4"
              RenderTableCell {TD} at (388,398) size 40x42 [bgcolor=#ADD8E6] [border: (1px inset #808080)] [r=9 c=6 rs=1 cs=1]
                RenderText {#text} at (2,2) size 23x38
                  text run at (2,2) width 23: "col"
                  text run at (2,21) width 10: "5"
              RenderTableCell {TD} at (430,398) size 40x42 [bgcolor=#ADD8E6] [border: (1px inset #808080)] [r=9 c=7 rs=1 cs=1]
                RenderText {#text} at (2,2) size 23x38
                  text run at (2,2) width 23: "col"
                  text run at (2,21) width 10: "6"
              RenderTableCell {TD} at (472,398) size 40x42 [bgcolor=#ADD8E6] [border: (1px inset #808080)] [r=9 c=8 rs=1 cs=1]
                RenderText {#text} at (2,2) size 23x38
                  text run at (2,2) width 23: "col"
                  text run at (2,21) width 10: "7"
              RenderTableCell {TD} at (514,398) size 40x42 [bgcolor=#ADD8E6] [border: (1px inset #808080)] [r=9 c=9 rs=1 cs=1]
                RenderText {#text} at (2,2) size 23x38
                  text run at (2,2) width 23: "col"
                  text run at (2,21) width 10: "8"
              RenderTableCell {TD} at (556,398) size 40x42 [bgcolor=#ADD8E6] [border: (1px inset #808080)] [r=9 c=10 rs=1 cs=1]
                RenderText {#text} at (2,2) size 23x38
                  text run at (2,2) width 23: "col"
                  text run at (2,21) width 10: "9"
      RenderBlock {P} at (0,2349) size 964x0
      RenderBlock {HR} at (0,2349) size 964x2 [border: (1px inset #000000)]
      RenderBlock (anonymous) at (0,2359) size 964x19
        RenderImage {IMG} at (0,2) size 13x13
        RenderText {#text} at (13,0) size 163x19
          text run at (13,0) width 163: " Created 9/19/96 by "
        RenderInline {A} at (0,0) size 99x19 [color=#0000EE]
          RenderText {#text} at (176,0) size 99x19
            text run at (176,0) width 99: "Ronald Greti"
        RenderBR {BR} at (275,15) size 0x0
      RenderBlock {P} at (0,2394) size 964x19
        RenderBR {BR} at (0,0) size 0x19
