layer at (0,0) size 980x735
  RenderView at (0,0) size 980x735
layer at (0,0) size 980x735
  RenderBlock {HTML} at (0,0) size 980x735
    RenderBody {BODY} at (8,8) size 964x719 [color=#008000]
      RenderBlock (anonymous) at (0,0) size 964x37
        RenderText {#text} at (0,0) size 301x38
          text run at (0,0) width 301: "This is fixed pitch. "
        RenderInline {FONT} at (0,0) size 53x11
          RenderText {#text} at (301,21) size 53x11
            text run at (301,21) width 53: "This is not."
      RenderBlock (anonymous) at (0,37) size 964x31
        RenderTable {TABLE} at (0,0) size 134x31 [border: (2px outset #808080)]
          RenderTableSection {TBODY} at (2,2) size 130x27
            RenderTableRow {TR} at (0,2) size 130x23
              RenderTableCell {TD} at (2,2) size 126x23 [border: (1px inset #808080)] [r=0 c=0 rs=1 cs=1]
                RenderText {#text} at (2,2) size 122x19
                  text run at (2,2) width 122: "This is also not."
      RenderBlock (anonymous) at (0,68) size 964x37
        RenderInline {FONT} at (0,0) size 48x11
          RenderText {#text} at (0,21) size 48x11
            text run at (0,21) width 48: "More text"
        RenderText {#text} at (48,0) size 129x38
          text run at (48,0) width 129: " Ending."
