layer at (0,0) size 980x735
  RenderView at (0,0) size 980x735
layer at (0,0) size 980x735
  RenderBlock {HTML} at (0,0) size 980x735
    RenderBody {BODY} at (8,8) size 964x711
      RenderBlock {P} at (0,0) size 100x190
        RenderText {#text} at (0,0) size 100x190
          text run at (0,0) width 32: "This"
          text run at (0,19) width 84: "paragraph"
          text run at (0,38) width 67: "contains"
          text run at (0,57) width 62: "justified"
          text run at (0,76) width 50: "text. "
          text run at (50,76) width 50: "Within"
          text run at (0,95) width 26: "the"
          text run at (0,114) width 94: "constrained"
          text run at (0,133) width 100: "width, this"
          text run at (0,152) width 100: "text should"
          text run at (0,171) width 92: "be justified."
      RenderBlock {P} at (0,206) size 100x209
        RenderText {#text} at (0,0) size 100x209
          text run at (0,0) width 32: "This"
          text run at (0,19) width 84: "paragraph"
          text run at (0,38) width 32: "also"
          text run at (0,57) width 67: "contains"
          text run at (0,76) width 62: "justified"
          text run at (0,95) width 50: "text. "
          text run at (50,95) width 50: "Within"
          text run at (0,114) width 26: "the"
          text run at (0,133) width 94: "constrained"
          text run at (0,152) width 100: "width, this"
          text run at (0,171) width 100: "text should"
          text run at (0,190) width 92: "be justified."
