layer at (0,0) size 980x735
  RenderView at (0,0) size 980x735
layer at (0,0) size 980x735
  RenderBlock {HTML} at (0,0) size 980x735
    RenderBody {BODY} at (8,8) size 964x719
      RenderBlock (floating) {P} at (0,16) size 785x23 [border: (2px solid #0000FF)]
        RenderText {#text} at (2,2) size 781x19
          text run at (2,2) width 781: "There should be 12px of letter spacing."
