layer at (0,0) size 980x735
  RenderView at (0,0) size 980x735
layer at (0,0) size 980x735
  RenderBlock {HTML} at (0,0) size 980x735
    RenderBody {BODY} at (8,8) size 964x719
      RenderBlock (floating) {DIV} at (0,0) size 336x23 [border: (2px solid #008000)]
        RenderText {#text} at (2,2) size 332x19
          text run at (2,2) width 332: "Words should have a negative spacing of 5px."
