layer at (0,0) size 980x735
  RenderView at (0,0) size 980x735
layer at (0,0) size 980x735
  RenderBlock {HTML} at (0,0) size 980x735
    RenderBody {BODY} at (8,8) size 964x719
      RenderInline {SPAN} at (0,0) size 340x28
        RenderText {#text} at (0,0) size 223x28
          text run at (0,0) width 223: "This is some text. "
        RenderInline {TT} at (0,0) size 117x28
          RenderText {#text} at (223,0) size 117x28
            text run at (223,0) width 117: "As is this."
      RenderText {#text} at (340,0) size 423x28
        text run at (340,0) width 423: " All of this text should be 24px tall."
