layer at (0,0) size 980x735
  RenderView at (0,0) size 980x735
layer at (0,0) size 980x144
  RenderBlock {HTML} at (0,0) size 980x144
    RenderBody {BODY} at (8,8) size 964x128
      RenderBlock {DIV} at (0,0) size 964x38
        RenderText {#text} at (0,0) size 128x19
          text run at (0,0) width 128: "Select this text. "
        RenderInline {FONT} at (0,0) size 933x30
          RenderText {#text} at (128,6) size 933x30
            text run at (128,6) width 102: "I am teeny and tiny. "
            text run at (230,6) width 360: "I am going to have lots of text but each line should retain the big height. "
            text run at (590,6) width 343: "If the lines shrink, it means that the root line box's height is not being"
            text run at (0,25) width 142: "considered and that's wrong."
        RenderText {#text} at (0,0) size 0x0
      RenderBlock {P} at (0,54) size 964x0
      RenderBlock {DIV} at (0,54) size 964x74
        RenderInline {FONT} at (0,0) size 949x75
          RenderText {#text} at (0,0) size 545x38
            text run at (0,0) width 545: "This text is absolutely enormous. "
          RenderInline {FONT} at (0,0) size 949x48
            RenderText {#text} at (545,21) size 949x48
              text run at (545,21) width 102: "I am teeny and tiny. "
              text run at (647,21) width 302: "I am going to have lots of text but each line should retain the"
              text run at (0,58) width 55: "big height. "
              text run at (55,58) width 499: "If the lines shrink, it means that the span's line box's height is not being considered and that's wrong."
          RenderText {#text} at (0,0) size 0x0
