layer at (0,0) size 800x600
  RenderView at (0,0) size 800x600
layer at (0,0) size 800x83
  RenderBlock {HTML} at (0,0) size 800x83
    RenderBody {BODY} at (8,12) size 784x59
      RenderBlock {P} at (0,0) size 784x59
        RenderButton {BUTTON} at (2,2) size 313x27 [bgcolor=#00FF00] [border: (2px outset #C0C0C0)]
          RenderBlock (anonymous) at (8,4) size 297x18
            RenderText {#text} at (0,0) size 297x17
              text run at (0,0) width 297: "A button (enabled) with green background"
        RenderText {#text} at (317,9) size 3x14
          text run at (317,9) width 3: " "
        RenderBR {BR} at (0,0) size 0x0
        RenderTextControl {INPUT} at (2,33) size 337x24 [bgcolor=#00FF00] [border: (2px inset #000000)]
        RenderText {#text} at (0,0) size 0x0
layer at (13,48) size 331x18
  RenderBlock {DIV} at (3,3) size 331x18
    RenderText {#text} at (1,0) size 312x17
      text run at (1,0) width 312: "a text area (enabled) with green background"
