layer at (0,0) size 800x600
  RenderView at (0,0) size 800x600
layer at (0,0) size 800x38
  RenderBlock {HTML} at (0,0) size 800x38
    RenderBody {BODY} at (8,12) size 784x14
      RenderBlock {P} at (0,0) size 784x14
        RenderText {#text} at (0,0) size 120x14
          text run at (0,0) width 120: "The background color of "
        RenderInline {A} at (0,0) size 37x14 [color=#0000EE]
          RenderText {#text} at (120,0) size 37x14
            text run at (120,0) width 37: "anchors"
        RenderText {#text} at (157,0) size 117x14
          text run at (157,0) width 3: " "
          text run at (160,0) width 114: "in this page should turn "
        RenderInline {A} at (0,0) size 38x14 [color=#0000EE]
          RenderText {#text} at (274,0) size 38x14
            text run at (274,0) width 38: "to green"
        RenderText {#text} at (312,0) size 97x14
          text run at (312,0) width 97: " when they have the "
        RenderInline {A} at (0,0) size 26x14 [color=#0000EE]
          RenderText {#text} at (409,0) size 26x14
            text run at (409,0) width 26: "focus"
        RenderText {#text} at (435,0) size 3x14
          text run at (435,0) width 3: "."
