layer at (0,0) size 800x600
  RenderView at (0,0) size 800x600
layer at (0,0) size 800x110
  RenderBlock {HTML} at (0,0) size 800x110
    RenderBody {BODY} at (8,12) size 784x86
      RenderBlock {DIV} at (0,0) size 784x86
        RenderBlock {P} at (0,0) size 784x14
          RenderText {#text} at (0,0) size 192x14
            text run at (0,0) width 192: "The following two bars should be green."
        RenderBlock {DIV} at (12,26) size 760x24 [bgcolor=#00FF00]
        RenderBlock {DIV} at (12,62) size 760x24 [bgcolor=#FF0000]
