layer at (0,0) size 800x600
  RenderView at (0,0) size 800x600
layer at (0,0) size 800x52
  RenderBlock {HTML} at (0,0) size 800x52
    RenderBody {BODY} at (8,12) size 784x28
      RenderBlock {P} at (0,0) size 784x28 [color=#008000]
        RenderBR {BR} at (0,0) size 0x14
        RenderText {#text} at (0,14) size 122x14
          text run at (0,14) width 122: "This line should be green."
