layer at (0,0) size 800x600
  RenderView at (0,0) size 800x600
layer at (0,0) size 800x30
  RenderBlock {HTML} at (0,0) size 800x30
    RenderBody {BODY} at (8,8) size 784x14
      RenderBlock {ADDRESS} at (0,0) size 784x14 [bgcolor=#00FF00]
        RenderInline {SPAN} at (0,0) size 79x14
          RenderText {#text} at (0,0) size 79x14
            text run at (0,0) width 79: "This line should "
        RenderText {#text} at (0,0) size 0x0
        RenderInline {SPAN} at (0,0) size 124x14
          RenderText {#text} at (79,0) size 124x14
            text run at (79,0) width 124: "have a green background."
        RenderText {#text} at (0,0) size 0x0
