layer at (0,0) size 800x600
  RenderView at (0,0) size 800x600
layer at (0,0) size 800x30
  RenderBlock {HTML} at (0,0) size 800x30
    RenderBody {BODY} at (8,8) size 784x14
      RenderBlock {ADDRESS} at (0,0) size 784x12 [bgcolor=#00FF00]
      RenderBlock {DIV} at (0,0) size 784x14
        RenderText {#text} at (0,0) size 200x14
          text run at (0,0) width 200: "This line should have a green background."
