layer at (0,0) size 800x600
  RenderView at (0,0) size 800x600
layer at (0,0) size 800x93
  RenderBlock {HTML} at (0,0) size 800x93
    RenderBody {BODY} at (8,12) size 784x69
      RenderBlock {P} at (0,0) size 784x69 [color=#008000]
        RenderBR {BR} at (0,1) size 0x53
        RenderText {#text} at (0,55) size 122x14
          text run at (0,55) width 122: "This line should be green."
