layer at (0,0) size 800x600
  RenderView at (0,0) size 800x600
layer at (0,0) size 800x296
  RenderBlock {HTML} at (0,0) size 800x296
    RenderBody {BODY} at (8,12) size 784x272
      RenderBlock {P} at (0,0) size 784x14 [bgcolor=#00FF00]
        RenderText {#text} at (0,0) size 219x14
          text run at (0,0) width 219: "This paragraph should have green background"
      RenderBlock {ADDRESS} at (0,26) size 784x14
        RenderText {#text} at (0,0) size 251x14
          text run at (0,0) width 251: "But this address is here only to fill space in the dom.."
      RenderBlock {P} at (0,52) size 784x14
        RenderText {#text} at (0,0) size 115x14
          text run at (0,0) width 115: "So does this paragraph !"
      RenderBlock {P} at (0,78) size 784x14
        RenderText {#text} at (0,0) size 121x14
          text run at (0,0) width 121: "And so does this one too."
      RenderBlock {DL} at (0,104) size 784x168
        RenderBlock {DT} at (0,0) size 784x14
          RenderText {#text} at (0,0) size 94x14
            text run at (0,0) width 94: "First definition term"
        RenderBlock {DD} at (40,14) size 744x14
          RenderText {#text} at (0,0) size 70x14
            text run at (0,0) width 70: "First definition"
        RenderBlock {DT} at (0,28) size 784x14
          RenderText {#text} at (0,0) size 107x14
            text run at (0,0) width 107: "Second definition term"
        RenderBlock {DD} at (40,42) size 744x14
          RenderText {#text} at (0,0) size 83x14
            text run at (0,0) width 83: "Second definition"
        RenderBlock {DT} at (0,56) size 784x14 [bgcolor=#00FF00]
          RenderText {#text} at (0,0) size 266x14
            text run at (0,0) width 266: "Third definition term that should have green background"
        RenderBlock {DD} at (40,70) size 744x14 [bgcolor=#00FF00]
          RenderText {#text} at (0,0) size 242x14
            text run at (0,0) width 242: "Third definition that should have green background"
        RenderBlock {DT} at (0,84) size 784x14
          RenderText {#text} at (0,0) size 104x14
            text run at (0,0) width 104: "Fourth definition term"
        RenderBlock {DD} at (40,98) size 744x14
          RenderText {#text} at (0,0) size 80x14
            text run at (0,0) width 80: "Fourth definition"
        RenderBlock {DT} at (0,112) size 784x14
          RenderText {#text} at (0,0) size 95x14
            text run at (0,0) width 95: "Fifth definition term"
        RenderBlock {DD} at (40,126) size 744x14
          RenderText {#text} at (0,0) size 71x14
            text run at (0,0) width 71: "Fifth definition"
        RenderBlock {DT} at (0,140) size 784x14 [bgcolor=#00FF00]
          RenderText {#text} at (0,0) size 265x14
            text run at (0,0) width 265: "Sixth definition term that should have green background"
        RenderBlock {DD} at (40,154) size 744x14 [bgcolor=#00FF00]
          RenderText {#text} at (0,0) size 241x14
            text run at (0,0) width 241: "Sixth definition that should have green background"
