layer at (0,0) size 800x600
  RenderView at (0,0) size 800x600
layer at (0,0) size 800x52
  RenderBlock {HTML} at (0,0) size 800x52
    RenderBody {BODY} at (8,12) size 784x28
      RenderBlock {P} at (0,0) size 784x28 [bgcolor=#00FF00]
        RenderText {#text} at (0,0) size 227x14
          text run at (0,0) width 227: "This paragraph should have a green background"
        RenderBR {BR} at (227,0) size 0x14
        RenderText {#text} at (0,14) size 199x14
          text run at (0,14) width 199: "because its title attribute begins with \"foo\""
