layer at (0,0) size 980x735
  RenderView at (0,0) size 980x735
layer at (0,0) size 980x30
  RenderBlock {HTML} at (0,0) size 980x30
    RenderBody {BODY} at (0,0) size 980x29 [bgcolor=#000000]
      RenderBlock {A} at (0,0) size 980x29 [color=#0000EE] [bgcolor=#FF0000]
        RenderText {#text} at (10,5) size 48x19
          text run at (10,5) width 48: "Home"
layer at (55,190) size 50x50
  RenderImage {IMG} at (55,190) size 50x50
layer at (55,190) size 50x50
  RenderBlock (positioned) {DIV} at (55,190) size 50x50 [bgcolor=#008000]
