layer at (0,0) size 980x735
  RenderView at (0,0) size 980x735
layer at (0,0) size 980x735
  RenderBlock {HTML} at (0,0) size 980x735
    RenderBody {BODY} at (8,8) size 964x719
      RenderBlock {DIV} at (0,0) size 964x19
        RenderText {#text} at (0,0) size 0x0
layer at (108,8) size 40x19
  RenderInline (relative positioned) {SPAN} at (0,0) size 40x19
    RenderText {#text} at (0,0) size 40x19
      text run at (0,0) width 40: "Hello"
layer at (158,58) size 40x19
  RenderBlock (positioned) {DIV} at (50,50) size 40x19 [color=#FFFFFF] [bgcolor=#008000]
    RenderText {#text} at (0,0) size 40x19
      text run at (0,0) width 40: "Hello"
