layer at (0,0) size 980x735
  RenderView at (0,0) size 980x735
layer at (0,0) size 980x735 layerType: background only
layer at (8,8) size 40x19
  RenderBlock (positioned) zI: -1 {DIV} at (8,8) size 40x19
    RenderText zI: -1 {#text} at (0,0) size 40x19
      text run at (0,0) width 40: "Hello"
layer at (0,0) size 980x735 layerType: foreground only
  RenderBlock {HTML} at (0,0) size 980x735
    RenderBody {BODY} at (8,8) size 964x719
