layer at (0,0) size 980x2288
  RenderView at (0,0) size 980x735
layer at (0,0) size 980x735
  RenderBlock {HTML} at (0,0) size 980x735
    RenderBody {BODY} at (8,8) size 964x719
      RenderBlock (anonymous) at (0,0) size 964x19
        RenderText {#text} at (0,0) size 155x19
          text run at (0,0) width 155: "Content at the end."
layer at (8,8) size 20x2280
  RenderBlock (positioned) {DIV} at (0,0) size 20x2280
    RenderText {#text} at (0,0) size 10x19
      text run at (0,0) width 10: "1"
    RenderBR {BR} at (10,15) size 0x0
    RenderText {#text} at (0,19) size 10x19
      text run at (0,19) width 10: "2"
    RenderBR {BR} at (10,34) size 0x0
    RenderText {#text} at (0,38) size 10x19
      text run at (0,38) width 10: "3"
    RenderBR {BR} at (10,53) size 0x0
    RenderText {#text} at (0,57) size 10x19
      text run at (0,57) width 10: "4"
    RenderBR {BR} at (10,72) size 0x0
    RenderText {#text} at (0,76) size 10x19
      text run at (0,76) width 10: "5"
    RenderBR {BR} at (10,91) size 0x0
    RenderText {#text} at (0,95) size 10x19
      text run at (0,95) width 10: "6"
    RenderBR {BR} at (10,110) size 0x0
    RenderText {#text} at (0,114) size 10x19
      text run at (0,114) width 10: "7"
    RenderBR {BR} at (10,129) size 0x0
    RenderText {#text} at (0,133) size 10x19
      text run at (0,133) width 10: "8"
    RenderBR {BR} at (10,148) size 0x0
    RenderText {#text} at (0,152) size 10x19
      text run at (0,152) width 10: "9"
    RenderBR {BR} at (10,167) size 0x0
    RenderText {#text} at (0,171) size 20x19
      text run at (0,171) width 20: "10"
    RenderBR {BR} at (20,186) size 0x0
    RenderText {#text} at (0,190) size 20x19
      text run at (0,190) width 20: "11"
    RenderBR {BR} at (20,205) size 0x0
    RenderText {#text} at (0,209) size 20x19
      text run at (0,209) width 20: "12"
    RenderBR {BR} at (20,224) size 0x0
    RenderText {#text} at (0,228) size 20x19
      text run at (0,228) width 20: "13"
    RenderBR {BR} at (20,243) size 0x0
    RenderText {#text} at (0,247) size 20x19
      text run at (0,247) width 20: "14"
    RenderBR {BR} at (20,262) size 0x0
    RenderText {#text} at (0,266) size 20x19
      text run at (0,266) width 20: "15"
    RenderBR {BR} at (20,281) size 0x0
    RenderText {#text} at (0,285) size 20x19
      text run at (0,285) width 20: "16"
    RenderBR {BR} at (20,300) size 0x0
    RenderText {#text} at (0,304) size 20x19
      text run at (0,304) width 20: "17"
    RenderBR {BR} at (20,319) size 0x0
    RenderText {#text} at (0,323) size 20x19
      text run at (0,323) width 20: "18"
    RenderBR {BR} at (20,338) size 0x0
    RenderText {#text} at (0,342) size 20x19
      text run at (0,342) width 20: "19"
    RenderBR {BR} at (20,357) size 0x0
    RenderText {#text} at (0,361) size 20x19
      text run at (0,361) width 20: "20"
    RenderBR {BR} at (20,376) size 0x0
    RenderText {#text} at (0,380) size 10x19
      text run at (0,380) width 10: "1"
    RenderBR {BR} at (10,395) size 0x0
    RenderText {#text} at (0,399) size 10x19
      text run at (0,399) width 10: "2"
    RenderBR {BR} at (10,414) size 0x0
    RenderText {#text} at (0,418) size 10x19
      text run at (0,418) width 10: "3"
    RenderBR {BR} at (10,433) size 0x0
    RenderText {#text} at (0,437) size 10x19
      text run at (0,437) width 10: "4"
    RenderBR {BR} at (10,452) size 0x0
    RenderText {#text} at (0,456) size 10x19
      text run at (0,456) width 10: "5"
    RenderBR {BR} at (10,471) size 0x0
    RenderText {#text} at (0,475) size 10x19
      text run at (0,475) width 10: "6"
    RenderBR {BR} at (10,490) size 0x0
    RenderText {#text} at (0,494) size 10x19
      text run at (0,494) width 10: "7"
    RenderBR {BR} at (10,509) size 0x0
    RenderText {#text} at (0,513) size 10x19
      text run at (0,513) width 10: "8"
    RenderBR {BR} at (10,528) size 0x0
    RenderText {#text} at (0,532) size 10x19
      text run at (0,532) width 10: "9"
    RenderBR {BR} at (10,547) size 0x0
    RenderText {#text} at (0,551) size 20x19
      text run at (0,551) width 20: "10"
    RenderBR {BR} at (20,566) size 0x0
    RenderText {#text} at (0,570) size 20x19
      text run at (0,570) width 20: "11"
    RenderBR {BR} at (20,585) size 0x0
    RenderText {#text} at (0,589) size 20x19
      text run at (0,589) width 20: "12"
    RenderBR {BR} at (20,604) size 0x0
    RenderText {#text} at (0,608) size 20x19
      text run at (0,608) width 20: "13"
    RenderBR {BR} at (20,623) size 0x0
    RenderText {#text} at (0,627) size 20x19
      text run at (0,627) width 20: "14"
    RenderBR {BR} at (20,642) size 0x0
    RenderText {#text} at (0,646) size 20x19
      text run at (0,646) width 20: "15"
    RenderBR {BR} at (20,661) size 0x0
    RenderText {#text} at (0,665) size 20x19
      text run at (0,665) width 20: "16"
    RenderBR {BR} at (20,680) size 0x0
    RenderText {#text} at (0,684) size 20x19
      text run at (0,684) width 20: "17"
    RenderBR {BR} at (20,699) size 0x0
    RenderText {#text} at (0,703) size 20x19
      text run at (0,703) width 20: "18"
    RenderBR {BR} at (20,718) size 0x0
    RenderText {#text} at (0,722) size 20x19
      text run at (0,722) width 20: "19"
    RenderBR {BR} at (20,737) size 0x0
    RenderText {#text} at (0,741) size 20x19
      text run at (0,741) width 20: "20"
    RenderBR {BR} at (20,756) size 0x0
    RenderText {#text} at (0,760) size 10x19
      text run at (0,760) width 10: "1"
    RenderBR {BR} at (10,775) size 0x0
    RenderText {#text} at (0,779) size 10x19
      text run at (0,779) width 10: "2"
    RenderBR {BR} at (10,794) size 0x0
    RenderText {#text} at (0,798) size 10x19
      text run at (0,798) width 10: "3"
    RenderBR {BR} at (10,813) size 0x0
    RenderText {#text} at (0,817) size 10x19
      text run at (0,817) width 10: "4"
    RenderBR {BR} at (10,832) size 0x0
    RenderText {#text} at (0,836) size 10x19
      text run at (0,836) width 10: "5"
    RenderBR {BR} at (10,851) size 0x0
    RenderText {#text} at (0,855) size 10x19
      text run at (0,855) width 10: "6"
    RenderBR {BR} at (10,870) size 0x0
    RenderText {#text} at (0,874) size 10x19
      text run at (0,874) width 10: "7"
    RenderBR {BR} at (10,889) size 0x0
    RenderText {#text} at (0,893) size 10x19
      text run at (0,893) width 10: "8"
    RenderBR {BR} at (10,908) size 0x0
    RenderText {#text} at (0,912) size 10x19
      text run at (0,912) width 10: "9"
    RenderBR {BR} at (10,927) size 0x0
    RenderText {#text} at (0,931) size 20x19
      text run at (0,931) width 20: "10"
    RenderBR {BR} at (20,946) size 0x0
    RenderText {#text} at (0,950) size 20x19
      text run at (0,950) width 20: "11"
    RenderBR {BR} at (20,965) size 0x0
    RenderText {#text} at (0,969) size 20x19
      text run at (0,969) width 20: "12"
    RenderBR {BR} at (20,984) size 0x0
    RenderText {#text} at (0,988) size 20x19
      text run at (0,988) width 20: "13"
    RenderBR {BR} at (20,1003) size 0x0
    RenderText {#text} at (0,1007) size 20x19
      text run at (0,1007) width 20: "14"
    RenderBR {BR} at (20,1022) size 0x0
    RenderText {#text} at (0,1026) size 20x19
      text run at (0,1026) width 20: "15"
    RenderBR {BR} at (20,1041) size 0x0
    RenderText {#text} at (0,1045) size 20x19
      text run at (0,1045) width 20: "16"
    RenderBR {BR} at (20,1060) size 0x0
    RenderText {#text} at (0,1064) size 20x19
      text run at (0,1064) width 20: "17"
    RenderBR {BR} at (20,1079) size 0x0
    RenderText {#text} at (0,1083) size 20x19
      text run at (0,1083) width 20: "18"
    RenderBR {BR} at (20,1098) size 0x0
    RenderText {#text} at (0,1102) size 20x19
      text run at (0,1102) width 20: "19"
    RenderBR {BR} at (20,1117) size 0x0
    RenderText {#text} at (0,1121) size 20x19
      text run at (0,1121) width 20: "20"
    RenderBR {BR} at (20,1136) size 0x0
    RenderText {#text} at (0,1140) size 10x19
      text run at (0,1140) width 10: "1"
    RenderBR {BR} at (10,1155) size 0x0
    RenderText {#text} at (0,1159) size 10x19
      text run at (0,1159) width 10: "2"
    RenderBR {BR} at (10,1174) size 0x0
    RenderText {#text} at (0,1178) size 10x19
      text run at (0,1178) width 10: "3"
    RenderBR {BR} at (10,1193) size 0x0
    RenderText {#text} at (0,1197) size 10x19
      text run at (0,1197) width 10: "4"
    RenderBR {BR} at (10,1212) size 0x0
    RenderText {#text} at (0,1216) size 10x19
      text run at (0,1216) width 10: "5"
    RenderBR {BR} at (10,1231) size 0x0
    RenderText {#text} at (0,1235) size 10x19
      text run at (0,1235) width 10: "6"
    RenderBR {BR} at (10,1250) size 0x0
    RenderText {#text} at (0,1254) size 10x19
      text run at (0,1254) width 10: "7"
    RenderBR {BR} at (10,1269) size 0x0
    RenderText {#text} at (0,1273) size 10x19
      text run at (0,1273) width 10: "8"
    RenderBR {BR} at (10,1288) size 0x0
    RenderText {#text} at (0,1292) size 10x19
      text run at (0,1292) width 10: "9"
    RenderBR {BR} at (10,1307) size 0x0
    RenderText {#text} at (0,1311) size 20x19
      text run at (0,1311) width 20: "10"
    RenderBR {BR} at (20,1326) size 0x0
    RenderText {#text} at (0,1330) size 20x19
      text run at (0,1330) width 20: "11"
    RenderBR {BR} at (20,1345) size 0x0
    RenderText {#text} at (0,1349) size 20x19
      text run at (0,1349) width 20: "12"
    RenderBR {BR} at (20,1364) size 0x0
    RenderText {#text} at (0,1368) size 20x19
      text run at (0,1368) width 20: "13"
    RenderBR {BR} at (20,1383) size 0x0
    RenderText {#text} at (0,1387) size 20x19
      text run at (0,1387) width 20: "14"
    RenderBR {BR} at (20,1402) size 0x0
    RenderText {#text} at (0,1406) size 20x19
      text run at (0,1406) width 20: "15"
    RenderBR {BR} at (20,1421) size 0x0
    RenderText {#text} at (0,1425) size 20x19
      text run at (0,1425) width 20: "16"
    RenderBR {BR} at (20,1440) size 0x0
    RenderText {#text} at (0,1444) size 20x19
      text run at (0,1444) width 20: "17"
    RenderBR {BR} at (20,1459) size 0x0
    RenderText {#text} at (0,1463) size 20x19
      text run at (0,1463) width 20: "18"
    RenderBR {BR} at (20,1478) size 0x0
    RenderText {#text} at (0,1482) size 20x19
      text run at (0,1482) width 20: "19"
    RenderBR {BR} at (20,1497) size 0x0
    RenderText {#text} at (0,1501) size 20x19
      text run at (0,1501) width 20: "20"
    RenderBR {BR} at (20,1516) size 0x0
    RenderText {#text} at (0,1520) size 10x19
      text run at (0,1520) width 10: "1"
    RenderBR {BR} at (10,1535) size 0x0
    RenderText {#text} at (0,1539) size 10x19
      text run at (0,1539) width 10: "2"
    RenderBR {BR} at (10,1554) size 0x0
    RenderText {#text} at (0,1558) size 10x19
      text run at (0,1558) width 10: "3"
    RenderBR {BR} at (10,1573) size 0x0
    RenderText {#text} at (0,1577) size 10x19
      text run at (0,1577) width 10: "4"
    RenderBR {BR} at (10,1592) size 0x0
    RenderText {#text} at (0,1596) size 10x19
      text run at (0,1596) width 10: "5"
    RenderBR {BR} at (10,1611) size 0x0
    RenderText {#text} at (0,1615) size 10x19
      text run at (0,1615) width 10: "6"
    RenderBR {BR} at (10,1630) size 0x0
    RenderText {#text} at (0,1634) size 10x19
      text run at (0,1634) width 10: "7"
    RenderBR {BR} at (10,1649) size 0x0
    RenderText {#text} at (0,1653) size 10x19
      text run at (0,1653) width 10: "8"
    RenderBR {BR} at (10,1668) size 0x0
    RenderText {#text} at (0,1672) size 10x19
      text run at (0,1672) width 10: "9"
    RenderBR {BR} at (10,1687) size 0x0
    RenderText {#text} at (0,1691) size 20x19
      text run at (0,1691) width 20: "10"
    RenderBR {BR} at (20,1706) size 0x0
    RenderText {#text} at (0,1710) size 20x19
      text run at (0,1710) width 20: "11"
    RenderBR {BR} at (20,1725) size 0x0
    RenderText {#text} at (0,1729) size 20x19
      text run at (0,1729) width 20: "12"
    RenderBR {BR} at (20,1744) size 0x0
    RenderText {#text} at (0,1748) size 20x19
      text run at (0,1748) width 20: "13"
    RenderBR {BR} at (20,1763) size 0x0
    RenderText {#text} at (0,1767) size 20x19
      text run at (0,1767) width 20: "14"
    RenderBR {BR} at (20,1782) size 0x0
    RenderText {#text} at (0,1786) size 20x19
      text run at (0,1786) width 20: "15"
    RenderBR {BR} at (20,1801) size 0x0
    RenderText {#text} at (0,1805) size 20x19
      text run at (0,1805) width 20: "16"
    RenderBR {BR} at (20,1820) size 0x0
    RenderText {#text} at (0,1824) size 20x19
      text run at (0,1824) width 20: "17"
    RenderBR {BR} at (20,1839) size 0x0
    RenderText {#text} at (0,1843) size 20x19
      text run at (0,1843) width 20: "18"
    RenderBR {BR} at (20,1858) size 0x0
    RenderText {#text} at (0,1862) size 20x19
      text run at (0,1862) width 20: "19"
    RenderBR {BR} at (20,1877) size 0x0
    RenderText {#text} at (0,1881) size 20x19
      text run at (0,1881) width 20: "20"
    RenderBR {BR} at (20,1896) size 0x0
    RenderText {#text} at (0,1900) size 10x19
      text run at (0,1900) width 10: "1"
    RenderBR {BR} at (10,1915) size 0x0
    RenderText {#text} at (0,1919) size 10x19
      text run at (0,1919) width 10: "2"
    RenderBR {BR} at (10,1934) size 0x0
    RenderText {#text} at (0,1938) size 10x19
      text run at (0,1938) width 10: "3"
    RenderBR {BR} at (10,1953) size 0x0
    RenderText {#text} at (0,1957) size 10x19
      text run at (0,1957) width 10: "4"
    RenderBR {BR} at (10,1972) size 0x0
    RenderText {#text} at (0,1976) size 10x19
      text run at (0,1976) width 10: "5"
    RenderBR {BR} at (10,1991) size 0x0
    RenderText {#text} at (0,1995) size 10x19
      text run at (0,1995) width 10: "6"
    RenderBR {BR} at (10,2010) size 0x0
    RenderText {#text} at (0,2014) size 10x19
      text run at (0,2014) width 10: "7"
    RenderBR {BR} at (10,2029) size 0x0
    RenderText {#text} at (0,2033) size 10x19
      text run at (0,2033) width 10: "8"
    RenderBR {BR} at (10,2048) size 0x0
    RenderText {#text} at (0,2052) size 10x19
      text run at (0,2052) width 10: "9"
    RenderBR {BR} at (10,2067) size 0x0
    RenderText {#text} at (0,2071) size 20x19
      text run at (0,2071) width 20: "10"
    RenderBR {BR} at (20,2086) size 0x0
    RenderText {#text} at (0,2090) size 20x19
      text run at (0,2090) width 20: "11"
    RenderBR {BR} at (20,2105) size 0x0
    RenderText {#text} at (0,2109) size 20x19
      text run at (0,2109) width 20: "12"
    RenderBR {BR} at (20,2124) size 0x0
    RenderText {#text} at (0,2128) size 20x19
      text run at (0,2128) width 20: "13"
    RenderBR {BR} at (20,2143) size 0x0
    RenderText {#text} at (0,2147) size 20x19
      text run at (0,2147) width 20: "14"
    RenderBR {BR} at (20,2162) size 0x0
    RenderText {#text} at (0,2166) size 20x19
      text run at (0,2166) width 20: "15"
    RenderBR {BR} at (20,2181) size 0x0
    RenderText {#text} at (0,2185) size 20x19
      text run at (0,2185) width 20: "16"
    RenderBR {BR} at (20,2200) size 0x0
    RenderText {#text} at (0,2204) size 20x19
      text run at (0,2204) width 20: "17"
    RenderBR {BR} at (20,2219) size 0x0
    RenderText {#text} at (0,2223) size 20x19
      text run at (0,2223) width 20: "18"
    RenderBR {BR} at (20,2238) size 0x0
    RenderText {#text} at (0,2242) size 20x19
      text run at (0,2242) width 20: "19"
    RenderBR {BR} at (20,2257) size 0x0
    RenderText {#text} at (0,2261) size 20x19
      text run at (0,2261) width 20: "20"
    RenderBR {BR} at (20,2276) size 0x0
