layer at (0,0) size 980x735
  RenderView at (0,0) size 980x735
layer at (0,0) size 980x735
  RenderBlock {HTML} at (0,0) size 980x735
    RenderBody {BODY} at (8,8) size 964x719
      RenderText {#text} at (0,0) size 788x19
        text run at (0,0) width 788: "You should see a single green stripe below. The test has failed if you don't see a perfect rectangle."
      RenderText {#text} at (0,0) size 0x0
layer at (8,27) size 96x375
  RenderBlock (positioned) {DIV} at (8,27) size 96x375
    RenderInline {A} at (0,0) size 44x374 [color=#008000] [bgcolor=#008000]
      RenderInline {SPAN} at (0,0) size 44x74
        RenderText {#text} at (0,0) size 44x74
          text run at (0,0) width 44: "A"
      RenderText {#text} at (0,75) size 44x74
        text run at (0,75) width 44: "A"
      RenderBR {BR} at (44,134) size 0x0
      RenderInline {SPAN} at (0,0) size 44x74
        RenderText {#text} at (0,150) size 44x74
          text run at (0,150) width 44: "A"
      RenderText {#text} at (0,225) size 44x149
        text run at (0,225) width 44: "A"
        text run at (0,300) width 44: "A"
    RenderText {#text} at (0,0) size 0x0
