layer at (0,0) size 980x735
  RenderView at (0,0) size 980x735
layer at (0,0) size 980x735
  RenderBlock {HTML} at (0,0) size 980x735
    RenderBody {BODY} at (8,8) size 964x711
      RenderBlock {P} at (0,0) size 964x19
        RenderText {#text} at (0,0) size 123x19
          text run at (0,0) width 123: "First paragraph"
      RenderBlock {P} at (0,35) size 964x38
        RenderText {#text} at (0,0) size 298x19
          text run at (0,0) width 298: "Here is some regular paragraph text "
        RenderText {#text} at (99,19) size 135x19
          text run at (99,19) width 135: "Some more text."
      RenderBlock {P} at (0,89) size 964x19
        RenderText {#text} at (0,0) size 692x19
          text run at (0,0) width 692: "The image gets erroneously positioned to the top/left corner of the paragraph instead."
layer at (8,43) size 952x38
  RenderInline (relative positioned) {SPAN} at (0,0) size 952x38 [bgcolor=#90EE90]
    RenderText {#text} at (298,0) size 952x38
      text run at (298,0) width 654: "The image (found or not) should be positioned at the top/left corner of this green-"
      text run at (0,19) width 99: "shaded text "
layer at (306,43) size 42x42
  RenderImage {IMG} at (0,0) size 42x42 [border: (1px solid #000000)]
