layer at (0,0) size 980x735
  RenderView at (0,0) size 980x735
layer at (0,0) size 980x0
  RenderBlock {HTML} at (0,0) size 980x0
layer at (8,8) size 964x57
  RenderBody {BODY} at (8,8) size 964x57
    RenderBlock {DIV} at (0,0) size 964x57
      RenderText {#text} at (0,0) size 159x19
        text run at (0,0) width 159: "You should see two "
      RenderInline {I} at (0,0) size 139x19
        RenderText {#text} at (159,0) size 139x19
          text run at (159,0) width 139: "vertically stacked"
      RenderText {#text} at (298,0) size 949x57
        text run at (298,0) width 203: " green rectangles below. "
        text run at (501,0) width 223: "Each one is 100 pixels wide "
        text run at (724,0) width 144: "and 50 pixels tall. "
        text run at (868,0) width 76: "If the two"
        text run at (0,19) width 510: "green rectangles are on the same line, then the test has failed. "
        text run at (510,19) width 327: "This is a test of section 10.3.7 in CSS2.1. "
        text run at (837,19) width 112: "In particular it"
        text run at (0,38) width 310: "is a test of the shrink-to-fit algorithm's "
        text run at (310,38) width 317: "preferred minimum width computation."
layer at (8,65) size 100x108
  RenderBlock (positioned) {DIV} at (0,0) size 100x108
    RenderBlock {SPAN} at (0,0) size 100x50 [bgcolor=#008000]
    RenderText {#text} at (0,0) size 0x0
    RenderBlock {SPAN} at (0,54) size 100x50 [bgcolor=#008000]
    RenderText {#text} at (0,0) size 0x0
