layer at (0,0) size 980x735
  RenderView at (0,0) size 980x735
layer at (0,0) size 980x735
  RenderBlock {HTML} at (0,0) size 980x735
    RenderBody {BODY} at (8,8) size 964x719
      RenderBlock {P} at (0,0) size 964x38
        RenderText {#text} at (0,0) size 821x19
          text run at (0,0) width 821: "The black outline box should be a 50px by 50px square with its bottom left corner anchored to the left "
        RenderInline {SPAN} at (0,0) size 57x19 [color=#FFA500]
          RenderText {#text} at (821,0) size 57x19
            text run at (821,0) width 57: "orange"
        RenderText {#text} at (878,0) size 962x38
          text run at (878,0) width 84: " border on"
          text run at (0,19) width 106: "the third line."
      RenderBlock {DIV} at (0,54) size 600x95
        RenderText {#text} at (364,0) size 236x19
          text run at (364,0) width 236 RTL override: "ILorem ipsum dolor sit amet, "
        RenderText {#text} at (105,57) size 495x38
          text run at (105,57) width 181 RTL override: "duis aute irure dolor in"
          text run at (347,76) width 253 RTL override: "reprehenderit in voluptate velit."
layer at (8,62) size 593x78
  RenderInline (relative positioned) {SPAN} at (0,0) size 593x78 [bgcolor=#008000] [border: (1px solid #808080) (20px solid #0000FF) (1px solid #808080) (20px solid #FFA500)]
    RenderText {#text} at (9,0) size 591x38
      text run at (9,0) width 315 RTL override: "con a pariatur. Excepteur sint occaecat"
      text run at (21,19) width 579 RTL override: "cupidatat non proident, sunt in culp qui officia deserunt mollit animequs "
    RenderText {#text} at (7,38) size 593x38
      text run at (7,38) width 593 RTL override: "ILOREM ipsum dol sDuis aute irure dolor in reprehenderit in voluptate velit"
      text run at (326,57) width 274 RTL override: "esse cillum dolore eu fugiat nullat "
layer at (324,88) size 50x50
  RenderBlock (positioned) {DIV} at (307,27) size 50x50
