layer at (0,0) size 980x735
  RenderView at (0,0) size 980x735
layer at (0,0) size 980x735
  RenderBlock {HTML} at (0,0) size 980x735
    RenderBody {BODY} at (8,8) size 964x711
      RenderBlock {P} at (0,0) size 964x19
        RenderText {#text} at (0,0) size 748x19
          text run at (0,0) width 453: "In this test case you should only see one line green text. "
          text run at (453,0) width 295: "If there is any red the test has failed."
layer at (8,43) size 158x19
  RenderBlock (positioned) {DIV} at (0,0) size 158x19 [color=#008000]
    RenderText {#text} at (0,0) size 158x19
      text run at (0,0) width 158: "You should see this."
