layer at (0,0) size 980x735
  RenderView at (0,0) size 980x735
layer at (0,0) size 980x735
  RenderBlock {HTML} at (0,0) size 980x735
    RenderBody {BODY} at (8,8) size 964x711
      RenderBlock {P} at (0,0) size 964x19
        RenderText {#text} at (0,0) size 506x19
          text run at (0,0) width 506: "The green square should be on the right hand side of the page."
      RenderBlock {DIV} at (0,35) size 964x0
layer at (872,43) size 100x100
  RenderBlock (positioned) {DIV} at (872,43) size 100x100 [bgcolor=#90EE90]
