layer at (0,0) size 980x735
  RenderView at (0,0) size 980x735
layer at (0,0) size 980x735
  RenderBlock {HTML} at (0,0) size 980x735
    RenderBody {BODY} at (8,8) size 964x719
      RenderBlock {P} at (0,0) size 964x19
        RenderText {#text} at (0,0) size 802x19
          text run at (0,0) width 802: "The red box should be entirely inside the black box with the text content spilling out of both of them."
layer at (8,43) size 404x104
  RenderBlock (relative positioned) {DIV} at (0,35) size 404x104 [border: (2px solid #000000)]
layer at (10,65) size 400x60
  RenderBlock (positioned) {DIV} at (2,22) size 400x60 [border: (2px solid #FF0000)]
    RenderText {#text} at (2,2) size 394x190
      text run at (2,2) width 326: "Lorem ipsum dolor sit amet, consectetur"
      text run at (2,21) width 394: "adipisicing elit, sed do eiusmod tempor incididunt"
      text run at (2,40) width 361: "ut labore et dolore magna aliqua. Ut enim ad"
      text run at (2,59) width 390: "minim veniam, quis nostrud exercitation ullamco"
      text run at (2,78) width 390: "laboris nisi ut aliquip ex ea commodo consequat."
      text run at (2,97) width 318: "Duis aute irure dolor in reprehenderit in"
      text run at (2,116) width 381: "voluptate velit esse cillum dolore eu fugiat nulla"
      text run at (2,135) width 381: "pariatur. Excepteur sint occaecat cupidatat non"
      text run at (2,154) width 386: "proident, sunt in culpa qui officia deserunt mollit"
      text run at (2,173) width 165: "anim id est laborum."
