layer at (0,0) size 980x735
  RenderView at (0,0) size 980x735
layer at (0,0) size 980x735
  RenderBlock {HTML} at (0,0) size 980x735
    RenderBody {BODY} at (8,8) size 964x719
      RenderText {#text} at (0,0) size 441x19
        text run at (0,0) width 441: "All of the boxes below should look identical to this one: "
      RenderBR {BR} at (441,15) size 0x0
      RenderText {#text} at (72,72) size 5x19
        text run at (72,72) width 5: " "
      RenderBR {BR} at (0,0) size 0x0
      RenderText {#text} at (0,91) size 127x19
        text run at (0,91) width 127: "The test boxes: "
      RenderBR {BR} at (0,0) size 0x0
      RenderText {#text} at (72,163) size 5x19
        text run at (72,163) width 5: " "
      RenderText {#text} at (149,163) size 5x19
        text run at (149,163) width 5: " "
      RenderText {#text} at (226,163) size 5x19
        text run at (226,163) width 5: " "
      RenderText {#text} at (303,163) size 5x19
        text run at (303,163) width 5: " "
      RenderBR {BR} at (0,0) size 0x0
      RenderText {#text} at (72,235) size 5x19
        text run at (72,235) width 5: " "
      RenderText {#text} at (149,235) size 5x19
        text run at (149,235) width 5: " "
      RenderText {#text} at (226,235) size 5x19
        text run at (226,235) width 5: " "
      RenderText {#text} at (303,235) size 5x19
        text run at (303,235) width 5: " "
      RenderBR {BR} at (0,0) size 0x0
      RenderText {#text} at (72,307) size 5x19
        text run at (72,307) width 5: " "
      RenderText {#text} at (149,307) size 5x19
        text run at (149,307) width 5: " "
      RenderText {#text} at (226,307) size 5x19
        text run at (226,307) width 5: " "
      RenderText {#text} at (303,307) size 5x19
        text run at (303,307) width 5: " "
      RenderBR {BR} at (0,0) size 0x0
      RenderText {#text} at (72,379) size 5x19
        text run at (72,379) width 5: " "
      RenderText {#text} at (149,379) size 5x19
        text run at (149,379) width 5: " "
      RenderText {#text} at (226,379) size 5x19
        text run at (226,379) width 5: " "
      RenderText {#text} at (0,0) size 0x0
layer at (13,32) size 62x58
  RenderBlock (relative positioned) {DIV} at (5,24) size 62x58 [border: (1px solid #000000) (2px solid #000000) (3px solid #000000) (4px solid #000000)]
layer at (17,33) size 20x20
  RenderBlock (positioned) {DIV} at (4,1) size 20x20 [bgcolor=#008000]
layer at (53,33) size 20x20
  RenderBlock (positioned) {DIV} at (40,1) size 20x20 [bgcolor=#008000]
layer at (17,67) size 20x20
  RenderBlock (positioned) {DIV} at (4,35) size 20x20 [bgcolor=#008000]
layer at (53,67) size 20x20
  RenderBlock (positioned) {DIV} at (40,35) size 20x20 [bgcolor=#008000]
layer at (13,123) size 62x58
  RenderBlock (relative positioned) {DIV} at (5,115) size 62x58 [border: (1px solid #000000) (2px solid #000000) (3px solid #000000) (4px solid #000000)]
layer at (17,124) size 20x20
  RenderBlock (positioned) {DIV} at (4,1) size 20x20 [bgcolor=#008000]
layer at (53,124) size 20x20
  RenderBlock (positioned) {DIV} at (40,1) size 20x20 [bgcolor=#008000]
layer at (17,158) size 20x20
  RenderBlock (positioned) {DIV} at (4,35) size 20x20 [bgcolor=#008000]
layer at (53,158) size 20x20
  RenderBlock (positioned) {DIV} at (40,35) size 20x20 [bgcolor=#008000]
layer at (90,123) size 62x58
  RenderBlock (relative positioned) {DIV} at (82,115) size 62x58 [border: (1px solid #000000) (2px solid #000000) (3px solid #000000) (4px solid #000000)]
layer at (94,124) size 20x20
  RenderBlock (positioned) {DIV} at (4,1) size 20x20 [bgcolor=#008000]
layer at (130,124) size 20x20
  RenderBlock (positioned) {DIV} at (40,1) size 20x20 [bgcolor=#008000]
layer at (94,158) size 20x20
  RenderBlock (positioned) {DIV} at (4,35) size 20x20 [bgcolor=#008000]
layer at (130,158) size 20x20
  RenderBlock (positioned) {DIV} at (40,35) size 20x20 [bgcolor=#008000]
layer at (167,123) size 62x58
  RenderBlock (relative positioned) {DIV} at (159,115) size 62x58 [border: (1px solid #000000) (2px solid #000000) (3px solid #000000) (4px solid #000000)]
layer at (171,124) size 20x20
  RenderBlock (positioned) {DIV} at (4,37) size 20x20 [bgcolor=#008000]
layer at (207,124) size 20x20
  RenderBlock (positioned) {DIV} at (40,37) size 20x20 [bgcolor=#008000]
layer at (171,158) size 20x20
  RenderBlock (positioned) {DIV} at (4,3) size 20x20 [bgcolor=#008000]
layer at (207,158) size 20x20
  RenderBlock (positioned) {DIV} at (40,3) size 20x20 [bgcolor=#008000]
layer at (244,123) size 62x58
  RenderBlock (relative positioned) {DIV} at (236,115) size 62x58 [border: (1px solid #000000) (2px solid #000000) (3px solid #000000) (4px solid #000000)]
layer at (248,124) size 20x20
  RenderBlock (positioned) {DIV} at (38,1) size 20x20 [bgcolor=#008000]
layer at (284,124) size 20x20
  RenderBlock (positioned) {DIV} at (2,1) size 20x20 [bgcolor=#008000]
layer at (248,158) size 20x20
  RenderBlock (positioned) {DIV} at (38,35) size 20x20 [bgcolor=#008000]
layer at (284,158) size 20x20
  RenderBlock (positioned) {DIV} at (2,35) size 20x20 [bgcolor=#008000]
layer at (13,195) size 62x58
  RenderBlock (relative positioned) {DIV} at (5,187) size 62x58 [border: (1px solid #000000) (2px solid #000000) (3px solid #000000) (4px solid #000000)]
layer at (53,196) size 20x20
  RenderBlock (positioned) {DIV} at (40,1) size 20x20 [bgcolor=#008000]
layer at (17,230) size 20x20
  RenderBlock (positioned) {DIV} at (4,35) size 20x20 [bgcolor=#008000]
layer at (53,230) size 20x20
  RenderBlock (positioned) {DIV} at (40,35) size 20x20 [bgcolor=#008000]
layer at (17,196) size 20x20
  RenderBlock (positioned) {DIV} at (4,1) size 20x20 [bgcolor=#008000]
layer at (90,195) size 62x58
  RenderBlock (relative positioned) {DIV} at (82,187) size 62x58 [border: (1px solid #000000) (2px solid #000000) (3px solid #000000) (4px solid #000000)]
layer at (130,196) size 20x20
  RenderBlock (positioned) {DIV} at (40,1) size 20x20 [bgcolor=#008000]
layer at (94,230) size 20x20
  RenderBlock (positioned) {DIV} at (4,35) size 20x20 [bgcolor=#008000]
layer at (130,230) size 20x20
  RenderBlock (positioned) {DIV} at (40,35) size 20x20 [bgcolor=#008000]
layer at (94,196) size 20x20
  RenderBlock (positioned) {DIV} at (4,1) size 20x20 [bgcolor=#008000]
layer at (167,195) size 62x58
  RenderBlock (relative positioned) {DIV} at (159,187) size 62x58 [border: (1px solid #000000) (2px solid #000000) (3px solid #000000) (4px solid #000000)]
layer at (207,196) size 20x20
  RenderBlock (positioned) {DIV} at (40,37) size 20x20 [bgcolor=#008000]
layer at (171,230) size 20x20
  RenderBlock (positioned) {DIV} at (4,3) size 20x20 [bgcolor=#008000]
layer at (207,230) size 20x20
  RenderBlock (positioned) {DIV} at (40,3) size 20x20 [bgcolor=#008000]
layer at (171,196) size 20x20
  RenderBlock (positioned) {DIV} at (4,37) size 20x20 [bgcolor=#008000]
layer at (244,195) size 62x58
  RenderBlock (relative positioned) {DIV} at (236,187) size 62x58 [border: (1px solid #000000) (2px solid #000000) (3px solid #000000) (4px solid #000000)]
layer at (284,196) size 20x20
  RenderBlock (positioned) {DIV} at (2,1) size 20x20 [bgcolor=#008000]
layer at (248,230) size 20x20
  RenderBlock (positioned) {DIV} at (38,35) size 20x20 [bgcolor=#008000]
layer at (284,230) size 20x20
  RenderBlock (positioned) {DIV} at (2,35) size 20x20 [bgcolor=#008000]
layer at (248,196) size 20x20
  RenderBlock (positioned) {DIV} at (38,1) size 20x20 [bgcolor=#008000]
layer at (13,267) size 62x58
  RenderBlock (relative positioned) {DIV} at (5,259) size 62x58 [border: (1px solid #000000) (2px solid #000000) (3px solid #000000) (4px solid #000000)]
layer at (17,302) size 20x20
  RenderBlock (positioned) {DIV} at (4,35) size 20x20 [bgcolor=#008000]
layer at (53,302) size 20x20
  RenderBlock (positioned) {DIV} at (40,35) size 20x20 [bgcolor=#008000]
layer at (17,268) size 20x20
  RenderBlock (positioned) {DIV} at (4,1) size 20x20 [bgcolor=#008000]
layer at (53,268) size 20x20
  RenderBlock (positioned) {DIV} at (40,1) size 20x20 [bgcolor=#008000]
layer at (90,267) size 62x58
  RenderBlock (relative positioned) {DIV} at (82,259) size 62x58 [border: (1px solid #000000) (2px solid #000000) (3px solid #000000) (4px solid #000000)]
layer at (94,302) size 20x20
  RenderBlock (positioned) {DIV} at (4,35) size 20x20 [bgcolor=#008000]
layer at (130,302) size 20x20
  RenderBlock (positioned) {DIV} at (40,35) size 20x20 [bgcolor=#008000]
layer at (94,268) size 20x20
  RenderBlock (positioned) {DIV} at (4,1) size 20x20 [bgcolor=#008000]
layer at (130,268) size 20x20
  RenderBlock (positioned) {DIV} at (40,1) size 20x20 [bgcolor=#008000]
layer at (167,267) size 62x58
  RenderBlock (relative positioned) {DIV} at (159,259) size 62x58 [border: (1px solid #000000) (2px solid #000000) (3px solid #000000) (4px solid #000000)]
layer at (171,302) size 20x20
  RenderBlock (positioned) {DIV} at (4,3) size 20x20 [bgcolor=#008000]
layer at (207,302) size 20x20
  RenderBlock (positioned) {DIV} at (40,3) size 20x20 [bgcolor=#008000]
layer at (171,268) size 20x20
  RenderBlock (positioned) {DIV} at (4,37) size 20x20 [bgcolor=#008000]
layer at (207,268) size 20x20
  RenderBlock (positioned) {DIV} at (40,37) size 20x20 [bgcolor=#008000]
layer at (244,267) size 62x58
  RenderBlock (relative positioned) {DIV} at (236,259) size 62x58 [border: (1px solid #000000) (2px solid #000000) (3px solid #000000) (4px solid #000000)]
layer at (248,302) size 20x20
  RenderBlock (positioned) {DIV} at (38,35) size 20x20 [bgcolor=#008000]
layer at (284,302) size 20x20
  RenderBlock (positioned) {DIV} at (2,35) size 20x20 [bgcolor=#008000]
layer at (248,268) size 20x20
  RenderBlock (positioned) {DIV} at (38,1) size 20x20 [bgcolor=#008000]
layer at (284,268) size 20x20
  RenderBlock (positioned) {DIV} at (2,1) size 20x20 [bgcolor=#008000]
layer at (13,339) size 62x58
  RenderBlock (relative positioned) {DIV} at (5,331) size 62x58 [border: (1px solid #000000) (2px solid #000000) (3px solid #000000) (4px solid #000000)]
layer at (53,374) size 20x20
  RenderBlock (positioned) {DIV} at (40,35) size 20x20 [bgcolor=#008000]
layer at (17,340) size 20x20
  RenderBlock (positioned) {DIV} at (4,1) size 20x20 [bgcolor=#008000]
layer at (53,340) size 20x20
  RenderBlock (positioned) {DIV} at (40,1) size 20x20 [bgcolor=#008000]
layer at (17,374) size 20x20
  RenderBlock (positioned) {DIV} at (4,35) size 20x20 [bgcolor=#008000]
layer at (90,339) size 62x58
  RenderBlock (relative positioned) {DIV} at (82,331) size 62x58 [border: (1px solid #000000) (2px solid #000000) (3px solid #000000) (4px solid #000000)]
layer at (130,374) size 20x20
  RenderBlock (positioned) {DIV} at (40,35) size 20x20 [bgcolor=#008000]
layer at (94,340) size 20x20
  RenderBlock (positioned) {DIV} at (4,1) size 20x20 [bgcolor=#008000]
layer at (130,340) size 20x20
  RenderBlock (positioned) {DIV} at (40,1) size 20x20 [bgcolor=#008000]
layer at (94,374) size 20x20
  RenderBlock (positioned) {DIV} at (4,35) size 20x20 [bgcolor=#008000]
layer at (167,339) size 62x58
  RenderBlock (relative positioned) {DIV} at (159,331) size 62x58 [border: (1px solid #000000) (2px solid #000000) (3px solid #000000) (4px solid #000000)]
layer at (207,374) size 20x20
  RenderBlock (positioned) {DIV} at (40,3) size 20x20 [bgcolor=#008000]
layer at (171,340) size 20x20
  RenderBlock (positioned) {DIV} at (4,37) size 20x20 [bgcolor=#008000]
layer at (207,340) size 20x20
  RenderBlock (positioned) {DIV} at (40,37) size 20x20 [bgcolor=#008000]
layer at (171,374) size 20x20
  RenderBlock (positioned) {DIV} at (4,3) size 20x20 [bgcolor=#008000]
layer at (244,339) size 62x58
  RenderBlock (relative positioned) {DIV} at (236,331) size 62x58 [border: (1px solid #000000) (2px solid #000000) (3px solid #000000) (4px solid #000000)]
layer at (284,374) size 20x20
  RenderBlock (positioned) {DIV} at (2,35) size 20x20 [bgcolor=#008000]
layer at (248,340) size 20x20
  RenderBlock (positioned) {DIV} at (38,1) size 20x20 [bgcolor=#008000]
layer at (284,340) size 20x20
  RenderBlock (positioned) {DIV} at (2,1) size 20x20 [bgcolor=#008000]
layer at (248,374) size 20x20
  RenderBlock (positioned) {DIV} at (38,35) size 20x20 [bgcolor=#008000]
