layer at (0,0) size 980x2027
  RenderView at (0,0) size 980x735
layer at (0,0) size 980x735
  RenderBlock {HTML} at (0,0) size 980x735
    RenderBody {BODY} at (8,8) size 964x719
      RenderText {#text} at (0,0) size 455x19
        text run at (0,0) width 455: "The purple box should stick to the bottom of the window."
      RenderText {#text} at (0,0) size 0x0
      RenderText {#text} at (0,0) size 0x0
      RenderText {#text} at (0,0) size 0x0
      RenderText {#text} at (0,0) size 0x0
      RenderText {#text} at (0,0) size 0x0
layer at (8,27) size 1x2000
  RenderBlock (positioned) {DIV} at (8,27) size 1x2000
layer at (8,635) size 100x100
  RenderBlock (positioned) {DIV} at (8,635) size 100x100 [bgcolor=#800080]
