layer at (0,0) size 980x735
  RenderView at (0,0) size 980x735
layer at (0,0) size 980x735
  RenderBlock {HTML} at (0,0) size 980x735
    RenderBody {BODY} at (8,8) size 964x719
      RenderText {#text} at (0,0) size 586x19
        text run at (0,0) width 586: "You should see the number 0 below, and the grey box should fit it snugly."
layer at (604,18) size 12x21
  RenderBlock (positioned) {DIV} at (10,10) size 12x21 [bgcolor=#808080]
    RenderBlock {DIV} at (0,0) size 12x21 [bgcolor=#ACACAC]
      RenderBlock {DIV} at (1,1) size 10x19
        RenderBlock {DIV} at (0,0) size 10x19
          RenderText {#text} at (0,0) size 10x19
            text run at (0,0) width 10: "0"
