layer at (0,0) size 980x735
  RenderView at (0,0) size 980x735
layer at (0,0) size 980x735
  RenderBlock {HTML} at (0,0) size 980x735
    RenderBody {BODY} at (8,8) size 964x711
      RenderBlock {OL} at (0,0) size 964x38
        RenderListItem {LI} at (40,0) size 924x19
          RenderListMarker at (-25,0) size 20x19: "1"
          RenderText {#text} at (0,0) size 199x19
            text run at (0,0) width 199: "Make text bigger/smaller"
        RenderListItem {LI} at (40,19) size 924x19
          RenderListMarker at (-25,0) size 20x19: "2"
          RenderText {#text} at (0,0) size 267x19
            text run at (0,0) width 267: "Make the window narrower/wider"
layer at (8,62) size 160x25
  RenderBlock (positioned) {DIV} at (8,62) size 160x25 [border: (3px solid #000000)]
    RenderText {#text} at (52,3) size 105x19
      text run at (52,3) width 105: "Lorem ipsum"
