layer at (0,0) size 980x735
  RenderView at (0,0) size 980x735
layer at (0,0) size 980x735
  RenderBlock {HTML} at (0,0) size 980x735
    RenderBody {BODY} at (8,8) size 964x719
layer at (8,8) size 206x26
  RenderBlock (relative positioned) {DIV} at (0,0) size 206x26 [border: (3px solid #000000)]
layer at (129,11) size 82x19
  RenderBlock (positioned) {DIV} at (121,3) size 82x19
    RenderText {#text} at (0,0) size 82x19
      text run at (0,0) width 82: "longertext"
