layer at (0,0) size 980x735
  RenderView at (0,0) size 980x735
layer at (0,0) size 980x735
  RenderBlock {HTML} at (0,0) size 980x735
    RenderBody {BODY} at (8,8) size 964x719
      RenderBlock {DIV} at (0,0) size 964x50
        RenderText {#text} at (0,0) size 100x50
          text run at (0,0) width 100: "X "
        RenderText {#text} at (0,0) size 0x0
        RenderInline {SPAN} at (0,0) size 50x50 [color=#FF0000]
          RenderText {#text} at (100,0) size 50x50
            text run at (100,0) width 50: "Y"
        RenderText {#text} at (0,0) size 0x0
layer at (108,8) size 50x50
  RenderImage {IMG} at (108,8) size 50x50 [bgcolor=#008000]
