layer at (0,0) size 980x735
  RenderView at (0,0) size 980x735
layer at (0,0) size 980x735
  RenderBlock {HTML} at (0,0) size 980x735
    RenderBody {BODY} at (8,8) size 964x719
      RenderInline {SPAN} at (0,0) size 351x21 [border: (1px solid #000000)]
        RenderText {#text} at (1,0) size 349x19
          text run at (1,0) width 349: "These two boxes should be the same width."
      RenderBR {BR} at (351,15) size 0x0
      RenderInline {SPAN} at (0,0) size 351x21 [border: (1px solid #000000)]
        RenderText {#text} at (1,19) size 349x19
          text run at (1,19) width 349: "These two boxes should be the same width."
layer at (358,50) size 100x100
  RenderImage {IMG} at (358,50) size 100x100 [bgcolor=#008000]
layer at (358,150) size 100x100
  RenderImage {IMG} at (358,150) size 100x100 [bgcolor=#008000]
layer at (358,250) size 100x100
  RenderImage {IMG} at (358,250) size 100x100 [bgcolor=#008000]
layer at (358,350) size 100x100
  RenderImage {IMG} at (358,350) size 100x100 [bgcolor=#008000]
