layer at (0,0) size 980x735
  RenderView at (0,0) size 980x735
layer at (0,0) size 980x735
  RenderBlock {HTML} at (0,0) size 980x735
    RenderBody {BODY} at (0,0) size 980x735
      RenderBlock (anonymous) at (0,0) size 980x19
        RenderText {#text} at (0,0) size 71x19
          text run at (0,0) width 71: "e\x{300}e\x{300}e\x{300}e\x{300}e\x{300}e\x{300}X"
      RenderBlock {HR} at (0,27) size 980x2 [border: (1px inset #000000)]
      RenderBlock (anonymous) at (0,37) size 980x38
        RenderText {#text} at (0,0) size 268x19
          text run at (0,0) width 268: "This tests for regressions against "
        RenderInline {I} at (0,0) size 974x38
          RenderText {#text} at (268,0) size 974x38
            text run at (268,0) width 706: "http://bugzilla.opendarwin.org/show_bug.cgi?id=5878 pointToOffset always takes the CG"
            text run at (0,19) width 80: "code path"
        RenderText {#text} at (80,19) size 809x19
          text run at (80,19) width 809: " by clicking the X and verifying that the correct caret position (13) is reported to the editing delegate."
caret: position 9 of child 2 {#text} of body
