layer at (0,0) size 980x735
  RenderView at (0,0) size 980x735
layer at (0,0) size 980x735
  RenderBlock {HTML} at (0,0) size 980x735
    RenderBody {BODY} at (0,0) size 980x735
      RenderBlock (anonymous) at (0,0) size 980x19
        RenderInline {BDO} at (0,0) size 100x19
          RenderText {#text} at (0,0) size 100x19
            text run at (0,0) width 100 RTL override: "\x{300}muspimeroL"
        RenderText {#text} at (0,0) size 0x0
      RenderBlock {HR} at (0,27) size 980x2 [border: (1px inset #000000)]
      RenderBlock (anonymous) at (0,37) size 980x19
        RenderText {#text} at (0,0) size 355x19
          text run at (0,0) width 355: "\x{201C}remips\x{201D} should be highlighted in the above."
caret: position 9 of child 0 {#text} of child 3 {BDO} of body
