layer at (0,0) size 980x735
  RenderView at (0,0) size 980x735
layer at (0,0) size 980x291
  RenderBlock {HTML} at (0,0) size 980x291
    RenderBody {BODY} at (8,16) size 964x267
      RenderBlock {P} at (0,0) size 964x19
        RenderText {#text} at (0,0) size 474x19
          text run at (0,0) width 474: "Test for negative spacing values in complex text rendering."
      RenderBlock (anonymous) at (0,35) size 964x19
        RenderText {#text} at (0,0) size 643x19
          text run at (0,0) width 643: "Each green box should be identical to the blue box it follows, except for accents."
      RenderBlock {HR} at (0,62) size 964x2 [border: (1px inset #000000)]
      RenderTable {TABLE} at (0,72) size 414x195
        RenderTableSection {TBODY} at (0,0) size 414x195
          RenderTableRow {TR} at (0,2) size 414x21
            RenderTableCell {TD} at (2,2) size 204x21 [r=0 c=0 rs=1 cs=1]
              RenderText {#text} at (47,1) size 110x19
                text run at (47,1) width 110: "Word spacing"
            RenderTableCell {TD} at (208,2) size 204x21 [r=0 c=1 rs=1 cs=1]
              RenderText {#text} at (45,1) size 114x19
                text run at (45,1) width 114: "Letter spacing"
          RenderTableRow {TR} at (0,25) size 414x168
            RenderTableCell {TD} at (2,25) size 204x168 [r=1 c=0 rs=1 cs=1]
              RenderBlock {DIV} at (1,1) size 202x166
                RenderBlock {DIV} at (0,0) size 202x38 [border: (1px solid #0000FF)]
                  RenderText {#text} at (36,1) size 186x37
                    text run at (36,1) width 165 RTL: "\x{5D9}\x{5B0}\x{5D4}\x{5B4}\x{5D9}, \x{5D0}\x{5B8}\x{5D7}\x{5B4}\x{5D9}, \x{5DC}\x{5B0}\x{5DA}\x{5B8} \x{5E1}\x{5B5}\x{5E4}\x{5B6}\x{5E8} \x{5E9}\x{5C1}\x{5B0}\x{5DC}\x{5B7}\x{5D7}\x{5B0}\x{5EA}\x{5BC}\x{5B4}\x{5D9}\x{5D5}"
                    text run at (15,19) width 128 RTL: "\x{5E6}\x{5B0}\x{5DE}\x{5B4}\x{5D9}\x{5EA}\x{5D5}\x{5BC}\x{5EA} \x{5DC}\x{5B8}\x{5DA}\x{5B0} \x{5DE}\x{5B0}\x{5DB}\x{5B7}\x{5E8}\x{5B0}\x{5EA}\x{5BC}\x{5B4}\x{5D9}\x{5D5}."
                    text run at (143,19) width 58 RTL: "\x{5D5}\x{5BC}\x{5DE}\x{5B4}\x{5DE}\x{5B0}\x{5DB}\x{5BC}\x{5B6}\x{5E8}\x{5B6}\x{5EA} "
                RenderBlock {DIV} at (0,43) size 202x59 [border: (1px solid #0000FF)]
                  RenderText {#text} at (1,1) size 167x57
                    text run at (1,1) width 167: "Lore\x{300}m ipsum dolor sit"
                    text run at (1,20) width 155: "ame\x{300}t, consectetuer"
                    text run at (1,39) width 111: "adipiscing e\x{300}lit."
                RenderBlock {DIV} at (0,107) size 202x59 [border: (1px solid #008000)]
                  RenderText {#text} at (1,1) size 168x57
                    text run at (1,1) width 168: "Lorem ipsum dolor sit"
                    text run at (1,20) width 155: "amet, consectetuer"
                    text run at (1,39) width 111: "adipiscing elit."
            RenderTableCell {TD} at (208,25) size 204x130 [r=1 c=1 rs=1 cs=1]
              RenderBlock {DIV} at (1,1) size 202x128
                RenderBlock {DIV} at (0,0) size 202x38 [border: (1px solid #0000FF)]
                  RenderText {#text} at (51,1) size 168x37
                    text run at (51,1) width 150 RTL: "\x{5D9}\x{5B0}\x{5D4}\x{5B4}\x{5D9}, \x{5D0}\x{5B8}\x{5D7}\x{5B4}\x{5D9}, \x{5DC}\x{5B0}\x{5DA}\x{5B8} \x{5E1}\x{5B5}\x{5E4}\x{5B6}\x{5E8} \x{5E9}\x{5C1}\x{5B0}\x{5DC}\x{5B7}\x{5D7}\x{5B0}\x{5EA}\x{5BC}\x{5B4}\x{5D9}\x{5D5}"
                    text run at (33,19) width 115 RTL: "\x{5E6}\x{5B0}\x{5DE}\x{5B4}\x{5D9}\x{5EA}\x{5D5}\x{5BC}\x{5EA} \x{5DC}\x{5B8}\x{5DA}\x{5B0} \x{5DE}\x{5B0}\x{5DB}\x{5B7}\x{5E8}\x{5B0}\x{5EA}\x{5BC}\x{5B4}\x{5D9}\x{5D5}."
                    text run at (148,19) width 53 RTL: "\x{5D5}\x{5BC}\x{5DE}\x{5B4}\x{5DE}\x{5B0}\x{5DB}\x{5BC}\x{5B6}\x{5E8}\x{5B6}\x{5EA} "
                RenderBlock {DIV} at (0,43) size 202x40 [border: (1px solid #0000FF)]
                  RenderText {#text} at (1,1) size 197x38
                    text run at (1,1) width 197: "Lore\x{300}m ipsum dolor sit ame\x{300}t,"
                    text run at (1,20) width 193: "consectetue\x{300}r adipiscing e\x{300}lit."
                RenderBlock {DIV} at (0,88) size 202x40 [border: (1px solid #008000)]
                  RenderText {#text} at (1,1) size 199x38
                    text run at (1,1) width 199: "Lorem ipsum dolor sit amet,"
                    text run at (1,20) width 194: "consectetuer adipiscing elit."
