layer at (0,0) size 980x735
  RenderView at (0,0) size 980x735
layer at (0,0) size 980x735
  RenderBlock {HTML} at (0,0) size 980x735
    RenderBody {BODY} at (8,8) size 964x719
      RenderBlock {P} at (0,0) size 964x38
        RenderText {#text} at (0,0) size 67x19
          text run at (0,0) width 67: "Test for "
        RenderInline {I} at (0,0) size 926x38
          RenderText {#text} at (67,0) size 926x38
            text run at (67,0) width 859: "http://bugzilla.opendarwin.org/show_bug.cgi?id=6137 Disable kerning and some ligatures in the ATSUI code"
            text run at (0,19) width 36: "path"
        RenderText {#text} at (36,19) size 5x19
          text run at (36,19) width 5: "."
      RenderBlock {P} at (0,54) size 964x19
        RenderText {#text} at (0,0) size 885x19
          text run at (0,0) width 885: "The word \x{201C}dolor\x{201D} below should be highlighted in its entirety. The highlight should not extend beyond that word."
      RenderBlock {DIV} at (0,89) size 964x42
        RenderBlock {HR} at (0,0) size 964x2 [border: (1px inset #000000)]
        RenderBlock (anonymous) at (0,14) size 964x28
          RenderInline {SPAN} at (0,0) size 607x28
            RenderText {#text} at (0,0) size 607x28
              text run at (0,0) width 607: "AVAVAVAVAVfififififififi Lorem ipsum dolor sit ame\x{300}t"
          RenderText {#text} at (0,0) size 0x0
selection start: position 37 of child 0 {#text} of child 3 {SPAN} of child 5 {DIV} of body
selection end:   position 42 of child 0 {#text} of child 3 {SPAN} of child 5 {DIV} of body
