layer at (0,0) size 980x738
  RenderView at (0,0) size 980x735
layer at (0,0) size 980x738
  RenderBlock {HTML} at (0,0) size 980x738
    RenderBody {BODY} at (8,8) size 964x722
      RenderBlock {DIV} at (0,0) size 964x19
        RenderInline {SPAN} at (0,0) size 411x19
          RenderText {#text} at (0,0) size 391x19
            text run at (0,0) width 391: "No font is specified. expected: yen sign, actual: \x{A5}"
          RenderInline {SPAN} at (0,0) size 10x19
            RenderText {#text} at (391,0) size 10x19
              text run at (391,0) width 10: "\x{A5}"
          RenderInline {SPAN} at (0,0) size 10x19
            RenderText {#text} at (401,0) size 10x19
              text run at (401,0) width 10: "\x{A5}"
      RenderBlock {DIV} at (0,19) size 964x19
        RenderInline {SPAN} at (0,0) size 449x19
          RenderText {#text} at (0,0) size 429x19
            text run at (0,0) width 429: "Using font \"MS PGothic\". expected: yen sign, actual: \x{A5}"
          RenderInline {SPAN} at (0,0) size 10x19
            RenderText {#text} at (429,0) size 10x19
              text run at (429,0) width 10: "\x{A5}"
          RenderInline {SPAN} at (0,0) size 10x19
            RenderText {#text} at (439,0) size 10x19
              text run at (439,0) width 10: "\x{A5}"
        RenderInline {SPAN} at (0,0) size 10x19
          RenderText {#text} at (449,0) size 10x19
            text run at (449,0) width 10: "\x{A5}"
      RenderBlock {DIV} at (0,38) size 964x19
        RenderInline {SPAN} at (0,0) size 439x19
          RenderText {#text} at (0,0) size 419x19
            text run at (0,0) width 419: "Using font \"MS Gothic\". expected: yen sign, actual: \x{A5}"
          RenderInline {SPAN} at (0,0) size 10x19
            RenderText {#text} at (419,0) size 10x19
              text run at (419,0) width 10: "\x{A5}"
          RenderInline {SPAN} at (0,0) size 10x19
            RenderText {#text} at (429,0) size 10x19
              text run at (429,0) width 10: "\x{A5}"
        RenderInline {SPAN} at (0,0) size 10x19
          RenderText {#text} at (439,0) size 10x19
            text run at (439,0) width 10: "\x{A5}"
      RenderBlock {DIV} at (0,57) size 964x19
        RenderInline {SPAN} at (0,0) size 455x19
          RenderText {#text} at (0,0) size 435x19
            text run at (0,0) width 435: "Using font \"MS PMincho\". expected: yen sign, actual: \x{A5}"
          RenderInline {SPAN} at (0,0) size 10x19
            RenderText {#text} at (435,0) size 10x19
              text run at (435,0) width 10: "\x{A5}"
          RenderInline {SPAN} at (0,0) size 10x19
            RenderText {#text} at (445,0) size 10x19
              text run at (445,0) width 10: "\x{A5}"
        RenderInline {SPAN} at (0,0) size 10x19
          RenderText {#text} at (455,0) size 10x19
            text run at (455,0) width 10: "\x{A5}"
      RenderBlock {DIV} at (0,76) size 964x19
        RenderInline {SPAN} at (0,0) size 445x19
          RenderText {#text} at (0,0) size 425x19
            text run at (0,0) width 425: "Using font \"MS Mincho\". expected: yen sign, actual: \x{A5}"
          RenderInline {SPAN} at (0,0) size 10x19
            RenderText {#text} at (425,0) size 10x19
              text run at (425,0) width 10: "\x{A5}"
          RenderInline {SPAN} at (0,0) size 10x19
            RenderText {#text} at (435,0) size 10x19
              text run at (435,0) width 10: "\x{A5}"
        RenderInline {SPAN} at (0,0) size 10x19
          RenderText {#text} at (445,0) size 10x19
            text run at (445,0) width 10: "\x{A5}"
      RenderBlock {DIV} at (0,95) size 964x19
        RenderInline {SPAN} at (0,0) size 413x19
          RenderText {#text} at (0,0) size 393x19
            text run at (0,0) width 393: "Using font \"Meiryo\". expected: yen sign, actual: \x{A5}"
          RenderInline {SPAN} at (0,0) size 10x19
            RenderText {#text} at (393,0) size 10x19
              text run at (393,0) width 10: "\x{A5}"
          RenderInline {SPAN} at (0,0) size 10x19
            RenderText {#text} at (403,0) size 10x19
              text run at (403,0) width 10: "\x{A5}"
        RenderInline {SPAN} at (0,0) size 10x19
          RenderText {#text} at (413,0) size 10x19
            text run at (413,0) width 10: "\x{A5}"
      RenderBlock {DIV} at (0,114) size 964x19
        RenderInline {SPAN} at (0,0) size 434x19
          RenderText {#text} at (0,0) size 414x19
            text run at (0,0) width 414: "Using font \"\x{FF2D}\x{FF33} \x{FF30}\x{30B4}\x{30B7}\x{30C3}\x{30AF}\". expected: yen sign, actual: \x{A5}"
          RenderInline {SPAN} at (0,0) size 10x19
            RenderText {#text} at (414,0) size 10x19
              text run at (414,0) width 10: "\x{A5}"
          RenderInline {SPAN} at (0,0) size 10x19
            RenderText {#text} at (424,0) size 10x19
              text run at (424,0) width 10: "\x{A5}"
        RenderInline {SPAN} at (0,0) size 10x19
          RenderText {#text} at (434,0) size 10x19
            text run at (434,0) width 10: "\x{A5}"
      RenderBlock {DIV} at (0,133) size 964x19
        RenderInline {SPAN} at (0,0) size 424x19
          RenderText {#text} at (0,0) size 404x19
            text run at (0,0) width 404: "Using font \"\x{FF2D}\x{FF33} \x{30B4}\x{30B7}\x{30C3}\x{30AF}\". expected: yen sign, actual: \x{A5}"
          RenderInline {SPAN} at (0,0) size 10x19
            RenderText {#text} at (404,0) size 10x19
              text run at (404,0) width 10: "\x{A5}"
          RenderInline {SPAN} at (0,0) size 10x19
            RenderText {#text} at (414,0) size 10x19
              text run at (414,0) width 10: "\x{A5}"
        RenderInline {SPAN} at (0,0) size 10x19
          RenderText {#text} at (424,0) size 10x19
            text run at (424,0) width 10: "\x{A5}"
      RenderBlock {DIV} at (0,152) size 964x19
        RenderInline {SPAN} at (0,0) size 414x19
          RenderText {#text} at (0,0) size 394x19
            text run at (0,0) width 394: "Using font \"\x{FF2D}\x{FF33} \x{FF30}\x{660E}\x{671D}\". expected: yen sign, actual: \x{A5}"
          RenderInline {SPAN} at (0,0) size 10x19
            RenderText {#text} at (394,0) size 10x19
              text run at (394,0) width 10: "\x{A5}"
          RenderInline {SPAN} at (0,0) size 10x19
            RenderText {#text} at (404,0) size 10x19
              text run at (404,0) width 10: "\x{A5}"
        RenderInline {SPAN} at (0,0) size 10x19
          RenderText {#text} at (414,0) size 10x19
            text run at (414,0) width 10: "\x{A5}"
      RenderBlock {DIV} at (0,171) size 964x19
        RenderInline {SPAN} at (0,0) size 404x19
          RenderText {#text} at (0,0) size 384x19
            text run at (0,0) width 384: "Using font \"\x{FF2D}\x{FF33} \x{660E}\x{671D}\". expected: yen sign, actual: \x{A5}"
          RenderInline {SPAN} at (0,0) size 10x19
            RenderText {#text} at (384,0) size 10x19
              text run at (384,0) width 10: "\x{A5}"
          RenderInline {SPAN} at (0,0) size 10x19
            RenderText {#text} at (394,0) size 10x19
              text run at (394,0) width 10: "\x{A5}"
        RenderInline {SPAN} at (0,0) size 10x19
          RenderText {#text} at (404,0) size 10x19
            text run at (404,0) width 10: "\x{A5}"
      RenderBlock {DIV} at (0,190) size 964x19
        RenderInline {SPAN} at (0,0) size 399x19
          RenderText {#text} at (0,0) size 379x19
            text run at (0,0) width 379: "Using font \"\x{30E1}\x{30A4}\x{30EA}\x{30AA}\". expected: yen sign, actual: \x{A5}"
          RenderInline {SPAN} at (0,0) size 10x19
            RenderText {#text} at (379,0) size 10x19
              text run at (379,0) width 10: "\x{A5}"
          RenderInline {SPAN} at (0,0) size 10x19
            RenderText {#text} at (389,0) size 10x19
              text run at (389,0) width 10: "\x{A5}"
        RenderInline {SPAN} at (0,0) size 10x19
          RenderText {#text} at (399,0) size 10x19
            text run at (399,0) width 10: "\x{A5}"
      RenderBlock {DIV} at (0,209) size 964x19
        RenderInline {SPAN} at (0,0) size 404x19
          RenderText {#text} at (0,0) size 394x19
            text run at (0,0) width 394: "Using font \"Times\". expected: backslash, actual: \\"
          RenderInline {SPAN} at (0,0) size 5x19
            RenderText {#text} at (394,0) size 5x19
              text run at (394,0) width 5: "\\"
          RenderInline {SPAN} at (0,0) size 5x19
            RenderText {#text} at (399,0) size 5x19
              text run at (399,0) width 5: "\\"
        RenderInline {SPAN} at (0,0) size 5x19
          RenderText {#text} at (404,0) size 5x19
            text run at (404,0) width 5: "\\"
      RenderBlock {DIV} at (0,228) size 964x19
        RenderInline {SPAN} at (0,0) size 409x19
          RenderText {#text} at (0,0) size 399x19
            text run at (0,0) width 399: "Using font \"foobar\". expected: backslash, actual: \\"
          RenderInline {SPAN} at (0,0) size 5x19
            RenderText {#text} at (399,0) size 5x19
              text run at (399,0) width 5: "\\"
          RenderInline {SPAN} at (0,0) size 5x19
            RenderText {#text} at (404,0) size 5x19
              text run at (404,0) width 5: "\\"
        RenderInline {SPAN} at (0,0) size 5x19
          RenderText {#text} at (409,0) size 5x19
            text run at (409,0) width 5: "\\"
      RenderBlock {DIV} at (0,247) size 964x19
        RenderInline {SPAN} at (0,0) size 541x19
          RenderText {#text} at (0,0) size 521x19
            text run at (0,0) width 521: "Using font \"*INVALID FONT NAME*\". expected: yen sign, actual: \x{A5}"
          RenderInline {SPAN} at (0,0) size 10x19
            RenderText {#text} at (521,0) size 10x19
              text run at (521,0) width 10: "\x{A5}"
          RenderInline {SPAN} at (0,0) size 10x19
            RenderText {#text} at (531,0) size 10x19
              text run at (531,0) width 10: "\x{A5}"
        RenderInline {SPAN} at (0,0) size 10x19
          RenderText {#text} at (541,0) size 10x19
            text run at (541,0) width 10: "\x{A5}"
      RenderBlock {DIV} at (0,266) size 964x19
        RenderInline {SPAN} at (0,0) size 394x19
          RenderText {#text} at (0,0) size 374x19
            text run at (0,0) width 374: "Using font \"serif\". expected: yen sign, actual: \x{A5}"
          RenderInline {SPAN} at (0,0) size 10x19
            RenderText {#text} at (374,0) size 10x19
              text run at (374,0) width 10: "\x{A5}"
          RenderInline {SPAN} at (0,0) size 10x19
            RenderText {#text} at (384,0) size 10x19
              text run at (384,0) width 10: "\x{A5}"
        RenderInline {SPAN} at (0,0) size 10x19
          RenderText {#text} at (394,0) size 10x19
            text run at (394,0) width 10: "\x{A5}"
      RenderBlock {DIV} at (0,285) size 964x19
        RenderInline {SPAN} at (0,0) size 436x19
          RenderText {#text} at (0,0) size 416x19
            text run at (0,0) width 416: "Using font \"sans-serif\". expected: yen sign, actual: \x{A5}"
          RenderInline {SPAN} at (0,0) size 10x19
            RenderText {#text} at (416,0) size 10x19
              text run at (416,0) width 10: "\x{A5}"
          RenderInline {SPAN} at (0,0) size 10x19
            RenderText {#text} at (426,0) size 10x19
              text run at (426,0) width 10: "\x{A5}"
        RenderInline {SPAN} at (0,0) size 10x19
          RenderText {#text} at (436,0) size 10x19
            text run at (436,0) width 10: "\x{A5}"
      RenderBlock {DIV} at (0,304) size 964x19
        RenderInline {SPAN} at (0,0) size 416x19
          RenderText {#text} at (0,0) size 396x19
            text run at (0,0) width 396: "Using font \"cursive\". expected: yen sign, actual: \x{A5}"
          RenderInline {SPAN} at (0,0) size 10x19
            RenderText {#text} at (396,0) size 10x19
              text run at (396,0) width 10: "\x{A5}"
          RenderInline {SPAN} at (0,0) size 10x19
            RenderText {#text} at (406,0) size 10x19
              text run at (406,0) width 10: "\x{A5}"
        RenderInline {SPAN} at (0,0) size 10x19
          RenderText {#text} at (416,0) size 10x19
            text run at (416,0) width 10: "\x{A5}"
      RenderBlock {DIV} at (0,323) size 964x19
        RenderInline {SPAN} at (0,0) size 418x19
          RenderText {#text} at (0,0) size 398x19
            text run at (0,0) width 398: "Using font \"fantasy\". expected: yen sign, actual: \x{A5}"
          RenderInline {SPAN} at (0,0) size 10x19
            RenderText {#text} at (398,0) size 10x19
              text run at (398,0) width 10: "\x{A5}"
          RenderInline {SPAN} at (0,0) size 10x19
            RenderText {#text} at (408,0) size 10x19
              text run at (408,0) width 10: "\x{A5}"
        RenderInline {SPAN} at (0,0) size 10x19
          RenderText {#text} at (418,0) size 10x19
            text run at (418,0) width 10: "\x{A5}"
      RenderBlock {DIV} at (0,342) size 964x19
        RenderInline {SPAN} at (0,0) size 369x15
          RenderText {#text} at (0,3) size 353x15
            text run at (0,3) width 353: "Using font \"monospace\". expected: yen sign, actual: \x{A5}"
          RenderInline {SPAN} at (0,0) size 8x15
            RenderText {#text} at (353,3) size 8x15
              text run at (353,3) width 8: "\x{A5}"
          RenderInline {SPAN} at (0,0) size 8x15
            RenderText {#text} at (361,3) size 8x15
              text run at (361,3) width 8: "\x{A5}"
        RenderInline {SPAN} at (0,0) size 8x15
          RenderText {#text} at (369,3) size 8x15
            text run at (369,3) width 8: "\x{A5}"
      RenderBlock {DIV} at (0,361) size 964x19
        RenderInline {SPAN} at (0,0) size 459x19
          RenderText {#text} at (0,0) size 449x19
            text run at (0,0) width 449: "Using font \"-webkit-body\". expected: backslash, actual: \\"
          RenderInline {SPAN} at (0,0) size 5x19
            RenderText {#text} at (449,0) size 5x19
              text run at (449,0) width 5: "\\"
          RenderInline {SPAN} at (0,0) size 5x19
            RenderText {#text} at (454,0) size 5x19
              text run at (454,0) width 5: "\\"
        RenderInline {SPAN} at (0,0) size 5x19
          RenderText {#text} at (459,0) size 5x19
            text run at (459,0) width 5: "\\"
      RenderBlock {DIV} at (0,380) size 964x19
        RenderInline {SPAN} at (0,0) size 342x15
          RenderText {#text} at (0,3) size 326x15
            text run at (0,3) width 326: "Using font \"caption\". expected: yen sign, actual: \x{A5}"
          RenderInline {SPAN} at (0,0) size 8x15
            RenderText {#text} at (326,3) size 8x15
              text run at (326,3) width 8: "\x{A5}"
          RenderInline {SPAN} at (0,0) size 8x15
            RenderText {#text} at (334,3) size 8x15
              text run at (334,3) width 8: "\x{A5}"
      RenderBlock {DIV} at (0,399) size 964x19
        RenderInline {SPAN} at (0,0) size 321x15
          RenderText {#text} at (0,3) size 305x15
            text run at (0,3) width 305: "Using font \"icon\". expected: yen sign, actual: \x{A5}"
          RenderInline {SPAN} at (0,0) size 8x15
            RenderText {#text} at (305,3) size 8x15
              text run at (305,3) width 8: "\x{A5}"
          RenderInline {SPAN} at (0,0) size 8x15
            RenderText {#text} at (313,3) size 8x15
              text run at (313,3) width 8: "\x{A5}"
      RenderBlock {DIV} at (0,418) size 964x19
        RenderInline {SPAN} at (0,0) size 331x15
          RenderText {#text} at (0,3) size 315x15
            text run at (0,3) width 315: "Using font \"menu\". expected: yen sign, actual: \x{A5}"
          RenderInline {SPAN} at (0,0) size 8x15
            RenderText {#text} at (315,3) size 8x15
              text run at (315,3) width 8: "\x{A5}"
          RenderInline {SPAN} at (0,0) size 8x15
            RenderText {#text} at (323,3) size 8x15
              text run at (323,3) width 8: "\x{A5}"
      RenderBlock {DIV} at (0,437) size 964x19
        RenderInline {SPAN} at (0,0) size 382x15
          RenderText {#text} at (0,3) size 366x15
            text run at (0,3) width 366: "Using font \"message-box\". expected: yen sign, actual: \x{A5}"
          RenderInline {SPAN} at (0,0) size 8x15
            RenderText {#text} at (366,3) size 8x15
              text run at (366,3) width 8: "\x{A5}"
          RenderInline {SPAN} at (0,0) size 8x15
            RenderText {#text} at (374,3) size 8x15
              text run at (374,3) width 8: "\x{A5}"
      RenderBlock {DIV} at (0,456) size 964x19
        RenderInline {SPAN} at (0,0) size 383x15
          RenderText {#text} at (0,3) size 367x15
            text run at (0,3) width 367: "Using font \"small-caption\". expected: yen sign, actual: \x{A5}"
          RenderInline {SPAN} at (0,0) size 8x15
            RenderText {#text} at (367,3) size 8x15
              text run at (367,3) width 8: "\x{A5}"
          RenderInline {SPAN} at (0,0) size 8x15
            RenderText {#text} at (375,3) size 8x15
              text run at (375,3) width 8: "\x{A5}"
      RenderBlock {DIV} at (0,475) size 964x19
        RenderInline {SPAN} at (0,0) size 360x15
          RenderText {#text} at (0,3) size 344x15
            text run at (0,3) width 344: "Using font \"status-bar\". expected: yen sign, actual: \x{A5}"
          RenderInline {SPAN} at (0,0) size 8x15
            RenderText {#text} at (344,3) size 8x15
              text run at (344,3) width 8: "\x{A5}"
          RenderInline {SPAN} at (0,0) size 8x15
            RenderText {#text} at (352,3) size 8x15
              text run at (352,3) width 8: "\x{A5}"
      RenderBlock {DIV} at (0,494) size 964x19
        RenderInline {SPAN} at (0,0) size 427x15
          RenderText {#text} at (0,3) size 411x15
            text run at (0,3) width 411: "Using font \"-webkit-mini-control\". expected: yen sign, actual: \x{A5}"
          RenderInline {SPAN} at (0,0) size 8x15
            RenderText {#text} at (411,3) size 8x15
              text run at (411,3) width 8: "\x{A5}"
          RenderInline {SPAN} at (0,0) size 8x15
            RenderText {#text} at (419,3) size 8x15
              text run at (419,3) width 8: "\x{A5}"
      RenderBlock {DIV} at (0,513) size 964x19
        RenderInline {SPAN} at (0,0) size 434x15
          RenderText {#text} at (0,3) size 418x15
            text run at (0,3) width 418: "Using font \"-webkit-small-control\". expected: yen sign, actual: \x{A5}"
          RenderInline {SPAN} at (0,0) size 8x15
            RenderText {#text} at (418,3) size 8x15
              text run at (418,3) width 8: "\x{A5}"
          RenderInline {SPAN} at (0,0) size 8x15
            RenderText {#text} at (426,3) size 8x15
              text run at (426,3) width 8: "\x{A5}"
      RenderBlock {DIV} at (0,532) size 964x19
        RenderInline {SPAN} at (0,0) size 393x15
          RenderText {#text} at (0,3) size 377x15
            text run at (0,3) width 377: "Using font \"-webkit-control\". expected: yen sign, actual: \x{A5}"
          RenderInline {SPAN} at (0,0) size 8x15
            RenderText {#text} at (377,3) size 8x15
              text run at (377,3) width 8: "\x{A5}"
          RenderInline {SPAN} at (0,0) size 8x15
            RenderText {#text} at (385,3) size 8x15
              text run at (385,3) width 8: "\x{A5}"
      RenderBlock {DIV} at (0,551) size 964x19
        RenderInline {SPAN} at (0,0) size 497x19
          RenderText {#text} at (0,0) size 477x19
            text run at (0,0) width 477: "Using font \"MS Gothic, Times\". expected: yen sign, actual: \x{A5}"
          RenderInline {SPAN} at (0,0) size 10x19
            RenderText {#text} at (477,0) size 10x19
              text run at (477,0) width 10: "\x{A5}"
          RenderInline {SPAN} at (0,0) size 10x19
            RenderText {#text} at (487,0) size 10x19
              text run at (487,0) width 10: "\x{A5}"
        RenderInline {SPAN} at (0,0) size 10x19
          RenderText {#text} at (497,0) size 10x19
            text run at (497,0) width 10: "\x{A5}"
      RenderBlock {DIV} at (0,570) size 964x19
        RenderInline {SPAN} at (0,0) size 494x19
          RenderText {#text} at (0,0) size 484x19
            text run at (0,0) width 484: "Using font \"Times, MS Gothic\". expected: backslash, actual: \\"
          RenderInline {SPAN} at (0,0) size 5x19
            RenderText {#text} at (484,0) size 5x19
              text run at (484,0) width 5: "\\"
          RenderInline {SPAN} at (0,0) size 5x19
            RenderText {#text} at (489,0) size 5x19
              text run at (489,0) width 5: "\\"
        RenderInline {SPAN} at (0,0) size 5x19
          RenderText {#text} at (494,0) size 5x19
            text run at (494,0) width 5: "\\"
      RenderBlock {DIV} at (0,589) size 964x19
        RenderInline {SPAN} at (0,0) size 502x19
          RenderText {#text} at (0,0) size 482x19
            text run at (0,0) width 482: "Using font \"MS Gothic, foobar\". expected: yen sign, actual: \x{A5}"
          RenderInline {SPAN} at (0,0) size 10x19
            RenderText {#text} at (482,0) size 10x19
              text run at (482,0) width 10: "\x{A5}"
          RenderInline {SPAN} at (0,0) size 10x19
            RenderText {#text} at (492,0) size 10x19
              text run at (492,0) width 10: "\x{A5}"
        RenderInline {SPAN} at (0,0) size 10x19
          RenderText {#text} at (502,0) size 10x19
            text run at (502,0) width 10: "\x{A5}"
      RenderBlock {DIV} at (0,608) size 964x19
        RenderInline {SPAN} at (0,0) size 499x19
          RenderText {#text} at (0,0) size 489x19
            text run at (0,0) width 489: "Using font \"foobar, MS Gothic\". expected: backslash, actual: \\"
          RenderInline {SPAN} at (0,0) size 5x19
            RenderText {#text} at (489,0) size 5x19
              text run at (489,0) width 5: "\\"
          RenderInline {SPAN} at (0,0) size 5x19
            RenderText {#text} at (494,0) size 5x19
              text run at (494,0) width 5: "\\"
        RenderInline {SPAN} at (0,0) size 5x19
          RenderText {#text} at (499,0) size 5x19
            text run at (499,0) width 5: "\\"
      RenderBlock {DIV} at (0,627) size 964x19
        RenderInline {SPAN} at (0,0) size 452x19
          RenderText {#text} at (0,0) size 432x19
            text run at (0,0) width 432: "Using font \"serif, Times\". expected: yen sign, actual: \x{A5}"
          RenderInline {SPAN} at (0,0) size 10x19
            RenderText {#text} at (432,0) size 10x19
              text run at (432,0) width 10: "\x{A5}"
          RenderInline {SPAN} at (0,0) size 10x19
            RenderText {#text} at (442,0) size 10x19
              text run at (442,0) width 10: "\x{A5}"
        RenderInline {SPAN} at (0,0) size 10x19
          RenderText {#text} at (452,0) size 10x19
            text run at (452,0) width 10: "\x{A5}"
      RenderBlock {DIV} at (0,646) size 964x19
        RenderInline {SPAN} at (0,0) size 449x19
          RenderText {#text} at (0,0) size 439x19
            text run at (0,0) width 439: "Using font \"Times, serif\". expected: backslash, actual: \\"
          RenderInline {SPAN} at (0,0) size 5x19
            RenderText {#text} at (439,0) size 5x19
              text run at (439,0) width 5: "\\"
          RenderInline {SPAN} at (0,0) size 5x19
            RenderText {#text} at (444,0) size 5x19
              text run at (444,0) width 5: "\\"
        RenderInline {SPAN} at (0,0) size 5x19
          RenderText {#text} at (449,0) size 5x19
            text run at (449,0) width 5: "\\"
      RenderBlock {DIV} at (0,665) size 964x19
        RenderInline {SPAN} at (0,0) size 439x19
          RenderText {#text} at (0,0) size 419x19
            text run at (0,0) width 419: "Using font \"serif, serif\". expected: yen sign, actual: \x{A5}"
          RenderInline {SPAN} at (0,0) size 10x19
            RenderText {#text} at (419,0) size 10x19
              text run at (419,0) width 10: "\x{A5}"
          RenderInline {SPAN} at (0,0) size 10x19
            RenderText {#text} at (429,0) size 10x19
              text run at (429,0) width 10: "\x{A5}"
        RenderInline {SPAN} at (0,0) size 10x19
          RenderText {#text} at (439,0) size 10x19
            text run at (439,0) width 10: "\x{A5}"
      RenderBlock {DIV} at (0,684) size 964x19
        RenderInline {SPAN} at (0,0) size 467x19
          RenderText {#text} at (0,0) size 457x19
            text run at (0,0) width 457: "Using font \"foobar, Times\". expected: backslash, actual: \\"
          RenderInline {SPAN} at (0,0) size 5x19
            RenderText {#text} at (457,0) size 5x19
              text run at (457,0) width 5: "\\"
          RenderInline {SPAN} at (0,0) size 5x19
            RenderText {#text} at (462,0) size 5x19
              text run at (462,0) width 5: "\\"
        RenderInline {SPAN} at (0,0) size 5x19
          RenderText {#text} at (467,0) size 5x19
            text run at (467,0) width 5: "\\"
      RenderBlock {DIV} at (0,703) size 964x19
        RenderInline {SPAN} at (0,0) size 467x19
          RenderText {#text} at (0,0) size 457x19
            text run at (0,0) width 457: "Using font \"Times, foobar\". expected: backslash, actual: \\"
          RenderInline {SPAN} at (0,0) size 5x19
            RenderText {#text} at (457,0) size 5x19
              text run at (457,0) width 5: "\\"
          RenderInline {SPAN} at (0,0) size 5x19
            RenderText {#text} at (462,0) size 5x19
              text run at (462,0) width 5: "\\"
        RenderInline {SPAN} at (0,0) size 5x19
          RenderText {#text} at (467,0) size 5x19
            text run at (467,0) width 5: "\\"
