layer at (0,0) size 980x735
  RenderView at (0,0) size 980x735
layer at (0,0) size 980x54
  RenderBlock {HTML} at (0,0) size 980x54
    RenderBody {BODY} at (8,8) size 964x38
      RenderBlock {DIV} at (0,0) size 964x19
        RenderText {#text} at (0,0) size 221x19
          text run at (0,0) width 221: "This should be a yen-sign: \x{A5}"
      RenderBlock {DIV} at (0,19) size 964x19
        RenderText {#text} at (0,0) size 227x19
          text run at (0,0) width 227: "This should be a backslash: \\"
