layer at (0,0) size 980x1236
  RenderView at (0,0) size 980x735
layer at (0,0) size 980x1236
  RenderBlock {HTML} at (0,0) size 980x1236
    RenderBody {BODY} at (8,8) size 964x1220
      RenderBlock (anonymous) at (0,0) size 964x95
        RenderText {#text} at (0,0) size 439x19
          text run at (0,0) width 439: "This test was provided by open-source contributors on "
        RenderInline {A} at (0,0) size 61x19 [color=#0000EE]
          RenderText {#text} at (439,0) size 61x19
            text run at (439,0) width 61: "Bugzilla"
        RenderText {#text} at (500,0) size 953x76
          text run at (500,0) width 409: ". Currently, the \"Browser rendering\" results are not"
          text run at (0,19) width 953: "expected to match the \"Correct output sample\" results. In fact, I do not entirely agree with all of the given test cases in"
          text run at (0,38) width 944: "terms of their expected results, nor do I think that the browser should yet be expected to match all of the cases in the"
          text run at (0,57) width 238: "different languages, but I am "
          text run at (238,57) width 370: "(at least temporarily) adding the test anyway. "
        RenderBR {BR} at (608,72) size 0x0
        RenderBR {BR} at (0,76) size 0x19
      RenderTable {TABLE} at (0,95) size 964x375
        RenderBlock {CAPTION} at (0,0) size 964x19
          RenderText {#text} at (432,0) size 100x19
            text run at (432,0) width 100: "Input source"
        RenderTableSection {TBODY} at (0,19) size 964x356
          RenderTableRow {TR} at (0,2) size 964x61
            RenderTableCell {TH} at (2,21) size 70x23 [bgcolor=#F8F8F8] [border: (1px solid #EEEEEE)] [r=0 c=0 rs=1 cs=1]
              RenderText {#text} at (2,2) size 66x19
                text run at (2,2) width 66: "generic"
            RenderTableCell {TD} at (74,2) size 888x61 [border: (1px solid #EEEEEE)] [r=0 c=1 rs=1 cs=1]
              RenderText {#text} at (2,2) size 875x57
                text run at (2,2) width 827: "lip\x{AD}smackin\x{AD}thirst\x{AD}quenchin\x{AD}acetastin\x{AD}motivatin\x{AD}good\x{AD}buzzin\x{AD}cool\x{AD}talkin\x{AD}high\x{AD}walkin\x{AD}fast\x{AD}livin\x{AD}ever\x{AD}givin\x{AD}cool\x{AD}fizzin\x{AD}lip\x{AD}" + hyphen string "\x{2010}"
                text run at (2,21) width 875: "smackin\x{AD}thirst\x{AD}quenchin\x{AD}acetastin\x{AD}motivatin\x{AD}good\x{AD}buzzin\x{AD}cool\x{AD}talkin\x{AD}high\x{AD}walkin\x{AD}fast\x{AD}livin\x{AD}ever\x{AD}givin\x{AD}cool\x{AD}fizzin\x{AD}lip\x{AD}smackin\x{AD}" + hyphen string "\x{2010}"
                text run at (2,40) width 719: "thirst\x{AD}quenchin\x{AD}acetastin\x{AD}motivatin\x{AD}good\x{AD}buzzin\x{AD}cool\x{AD}talkin\x{AD}high\x{AD}walkin\x{AD}fast\x{AD}livin\x{AD}ever\x{AD}givin\x{AD}cool\x{AD}fizzin"
          RenderTableRow {TR} at (0,65) size 964x23
            RenderTableCell {TH} at (2,65) size 70x23 [bgcolor=#F8F8F8] [border: (1px solid #EEEEEE)] [r=1 c=0 rs=1 cs=1]
              RenderText {#text} at (25,2) size 20x19
                text run at (25,2) width 20: "cy"
            RenderTableCell {TD} at (74,65) size 888x23 [border: (1px solid #EEEEEE)] [r=1 c=1 rs=1 cs=1]
              RenderText {#text} at (2,2) size 26x19
                text run at (2,2) width 26: "\x{175}yl"
          RenderTableRow {TR} at (0,90) size 964x23
            RenderTableCell {TH} at (2,90) size 70x23 [bgcolor=#F8F8F8] [border: (1px solid #EEEEEE)] [r=2 c=0 rs=1 cs=1]
              RenderText {#text} at (27,2) size 16x19
                text run at (27,2) width 16: "el"
            RenderTableCell {TD} at (74,90) size 888x23 [border: (1px solid #EEEEEE)] [r=2 c=1 rs=1 cs=1]
              RenderText {#text} at (2,2) size 257x19
                text run at (2,2) width 257: "\x{3B3}\x{3B5}\x{3C9}\x{3B3}\x{3C1}\x{3B1}\x{3C6}\x{3B9}\x{3BA}\x{3AC}\x{2010}\x{3C3}\x{3C5}\x{3C3}\x{3C7}\x{3B5}\x{3C4}\x{3B9}\x{3C3}\x{3BC}\x{3AD}\x{3BD}\x{3B5}\x{3C2} \x{3AE}\x{3C4}\x{3B1}"
          RenderTableRow {TR} at (0,115) size 964x61
            RenderTableCell {TH} at (2,134) size 70x23 [bgcolor=#F8F8F8] [border: (1px solid #EEEEEE)] [r=3 c=0 rs=1 cs=1]
              RenderText {#text} at (24,2) size 22x19
                text run at (24,2) width 22: "en"
            RenderTableCell {TD} at (74,115) size 888x61 [border: (1px solid #EEEEEE)] [r=3 c=1 rs=1 cs=1]
              RenderText {#text} at (2,2) size 543x19
                text run at (2,2) width 543: "'cept nut'in safari\x{2019}s \x{2018}sure\x{2019} nai\x{308}ve r\x{E9}sum\x{E9}\x{2014}h\x{E1}c\x{30C}ek full\x{2010}time one-to-one"
              RenderBR {BR} at (545,17) size 0x0
              RenderText {#text} at (2,21) size 394x19
                text run at (2,21) width 394: "\"newcastle\x{2011}upon\x{2011}tyne\" washington\x{2011}on\x{2011}the\x{2011}brazos"
              RenderBR {BR} at (396,36) size 0x0
              RenderInline {SPAN} at (0,0) size 43x19
                RenderText {#text} at (2,40) size 43x19
                  text run at (2,40) width 43: "earth"
              RenderText {#text} at (45,40) size 97x19
                text run at (45,40) width 97: "quake earth"
              RenderInline {SPAN} at (0,0) size 46x19
                RenderText {#text} at (142,40) size 46x19
                  text run at (142,40) width 46: "worm"
              RenderText {#text} at (188,40) size 5x19
                text run at (188,40) width 5: " "
              RenderInline {SPAN} at (0,0) size 57x19
                RenderText {#text} at (193,40) size 57x19
                  text run at (193,40) width 57: "cheese"
              RenderInline {SPAN} at (0,0) size 54x19
                RenderText {#text} at (250,40) size 54x19
                  text run at (250,40) width 54: "burger"
              RenderText {#text} at (304,40) size 145x19
                text run at (304,40) width 145: " [house] ~six -big-"
          RenderTableRow {TR} at (0,178) size 964x23
            RenderTableCell {TH} at (2,178) size 70x23 [bgcolor=#F8F8F8] [border: (1px solid #EEEEEE)] [r=4 c=0 rs=1 cs=1]
              RenderText {#text} at (24,2) size 22x19
                text run at (24,2) width 22: "es"
            RenderTableCell {TD} at (74,178) size 888x23 [border: (1px solid #EEEEEE)] [r=4 c=1 rs=1 cs=1]
              RenderText {#text} at (2,2) size 80x19
                text run at (2,2) width 80: "\x{A1}jalape\x{F1}o!"
          RenderTableRow {TR} at (0,203) size 964x26
            RenderTableCell {TH} at (2,204) size 70x23 [bgcolor=#F8F8F8] [border: (1px solid #EEEEEE)] [r=5 c=0 rs=1 cs=1]
              RenderText {#text} at (27,2) size 16x19
                text run at (27,2) width 16: "fr"
            RenderTableCell {TD} at (74,203) size 888x26 [border: (1px solid #EEEEEE)] [r=5 c=1 rs=1 cs=1]
              RenderText {#text} at (2,5) size 263x19
                text run at (2,5) width 263: "quelqu'un l\x{2019}amour t'appelles\x{2011}tu 3"
              RenderInline {SUP} at (0,0) size 29x15
                RenderText {#text} at (265,2) size 29x15
                  text run at (265,2) width 29: "eme"
          RenderTableRow {TR} at (0,231) size 964x23
            RenderTableCell {TH} at (2,231) size 70x23 [bgcolor=#F8F8F8] [border: (1px solid #EEEEEE)] [r=6 c=0 rs=1 cs=1]
              RenderText {#text} at (24,2) size 22x19
                text run at (24,2) width 22: "hu"
            RenderTableCell {TD} at (74,231) size 888x23 [border: (1px solid #EEEEEE)] [r=6 c=1 rs=1 cs=1]
              RenderText {#text} at (2,2) size 135x19
                text run at (2,2) width 135: "11-ei london\x{2011}ban"
          RenderTableRow {TR} at (0,256) size 964x23
            RenderTableCell {TH} at (2,256) size 70x23 [bgcolor=#F8F8F8] [border: (1px solid #EEEEEE)] [r=7 c=0 rs=1 cs=1]
              RenderText {#text} at (27,2) size 16x19
                text run at (27,2) width 16: "nl"
            RenderTableCell {TD} at (74,256) size 888x23 [border: (1px solid #EEEEEE)] [r=7 c=1 rs=1 cs=1]
              RenderText {#text} at (2,2) size 90x19
                text run at (2,2) width 90: "'s ochtends"
          RenderTableRow {TR} at (0,281) size 964x23
            RenderTableCell {TH} at (2,281) size 70x23 [bgcolor=#F8F8F8] [border: (1px solid #EEEEEE)] [r=8 c=0 rs=1 cs=1]
              RenderText {#text} at (27,2) size 16x19
                text run at (27,2) width 16: "pl"
            RenderTableCell {TD} at (74,281) size 888x23 [border: (1px solid #EEEEEE)] [r=8 c=1 rs=1 cs=1]
              RenderText {#text} at (2,2) size 116x19
                text run at (2,2) width 116: "wzi\x{119}\x{142}a bie\x{17C}\x{105}ce"
          RenderTableRow {TR} at (0,306) size 964x23
            RenderTableCell {TH} at (2,306) size 70x23 [bgcolor=#F8F8F8] [border: (1px solid #EEEEEE)] [r=9 c=0 rs=1 cs=1]
              RenderText {#text} at (25,2) size 20x19
                text run at (25,2) width 20: "ru"
            RenderTableCell {TD} at (74,306) size 888x23 [border: (1px solid #EEEEEE)] [r=9 c=1 rs=1 cs=1]
              RenderText {#text} at (2,2) size 232x19
                text run at (2,2) width 232: "\x{43D}\x{44C}\x{44E}-\x{439}\x{43E}\x{440}\x{43A} 1990-\x{445} 14-vii-1789"
          RenderTableRow {TR} at (0,331) size 964x23
            RenderTableCell {TH} at (2,331) size 70x23 [bgcolor=#F8F8F8] [border: (1px solid #EEEEEE)] [r=10 c=0 rs=1 cs=1]
              RenderText {#text} at (23,2) size 24x19
                text run at (23,2) width 24: "tlh"
            RenderTableCell {TD} at (74,331) size 888x23 [border: (1px solid #EEEEEE)] [r=10 c=1 rs=1 cs=1]
              RenderText {#text} at (2,2) size 230x19
                text run at (2,2) width 230: "tlhIngan Hol wa''uy' loghqam"
      RenderTable {TABLE} at (0,470) size 964x375
        RenderBlock {CAPTION} at (0,0) size 964x19
          RenderText {#text} at (392,0) size 180x19
            text run at (392,0) width 180: "Correct output sample"
        RenderTableSection {TBODY} at (0,19) size 964x356
          RenderTableRow {TR} at (0,2) size 964x61
            RenderTableCell {TH} at (2,21) size 70x23 [bgcolor=#F8F8F8] [border: (1px solid #EEEEEE)] [r=0 c=0 rs=1 cs=1]
              RenderText {#text} at (2,2) size 66x19
                text run at (2,2) width 66: "generic"
            RenderTableCell {TD} at (74,2) size 888x61 [border: (1px solid #EEEEEE)] [r=0 c=1 rs=1 cs=1]
              RenderText {#text} at (2,2) size 875x57
                text run at (2,2) width 832: "Lip\x{AD}smackin\x{AD}thirst\x{AD}quenchin\x{AD}acetastin\x{AD}motivatin\x{AD}good\x{AD}buzzin\x{AD}cool\x{AD}talkin\x{AD}high\x{AD}walkin\x{AD}fast\x{AD}livin\x{AD}ever\x{AD}givin\x{AD}cool\x{AD}fizzin\x{AD}lip\x{AD}" + hyphen string "\x{2010}"
                text run at (2,21) width 875: "smackin\x{AD}thirst\x{AD}quenchin\x{AD}acetastin\x{AD}motivatin\x{AD}good\x{AD}buzzin\x{AD}cool\x{AD}talkin\x{AD}high\x{AD}walkin\x{AD}fast\x{AD}livin\x{AD}ever\x{AD}givin\x{AD}cool\x{AD}fizzin\x{AD}lip\x{AD}smackin\x{AD}" + hyphen string "\x{2010}"
                text run at (2,40) width 719: "thirst\x{AD}quenchin\x{AD}acetastin\x{AD}motivatin\x{AD}good\x{AD}buzzin\x{AD}cool\x{AD}talkin\x{AD}high\x{AD}walkin\x{AD}fast\x{AD}livin\x{AD}ever\x{AD}givin\x{AD}cool\x{AD}fizzin"
          RenderTableRow {TR} at (0,65) size 964x23
            RenderTableCell {TH} at (2,65) size 70x23 [bgcolor=#F8F8F8] [border: (1px solid #EEEEEE)] [r=1 c=0 rs=1 cs=1]
              RenderText {#text} at (25,2) size 20x19
                text run at (25,2) width 20: "cy"
            RenderTableCell {TD} at (74,65) size 888x23 [border: (1px solid #EEEEEE)] [r=1 c=1 rs=1 cs=1]
              RenderText {#text} at (2,2) size 29x19
                text run at (2,2) width 29: "\x{174}yl"
          RenderTableRow {TR} at (0,90) size 964x23
            RenderTableCell {TH} at (2,90) size 70x23 [bgcolor=#F8F8F8] [border: (1px solid #EEEEEE)] [r=2 c=0 rs=1 cs=1]
              RenderText {#text} at (27,2) size 16x19
                text run at (27,2) width 16: "el"
            RenderTableCell {TD} at (74,90) size 888x23 [border: (1px solid #EEEEEE)] [r=2 c=1 rs=1 cs=1]
              RenderText {#text} at (2,2) size 261x19
                text run at (2,2) width 261: "\x{393}\x{3B5}\x{3C9}\x{3B3}\x{3C1}\x{3B1}\x{3C6}\x{3B9}\x{3BA}\x{3AC}\x{2010}\x{3A3}\x{3C5}\x{3C3}\x{3C7}\x{3B5}\x{3C4}\x{3B9}\x{3C3}\x{3BC}\x{3AD}\x{3BD}\x{3B5}\x{3C2} \x{389}\x{3C4}\x{3B1}"
          RenderTableRow {TR} at (0,115) size 964x61
            RenderTableCell {TH} at (2,134) size 70x23 [bgcolor=#F8F8F8] [border: (1px solid #EEEEEE)] [r=3 c=0 rs=1 cs=1]
              RenderText {#text} at (24,2) size 22x19
                text run at (24,2) width 22: "en"
            RenderTableCell {TD} at (74,115) size 888x61 [border: (1px solid #EEEEEE)] [r=3 c=1 rs=1 cs=1]
              RenderText {#text} at (2,2) size 568x19
                text run at (2,2) width 568: "'Cept Nut'in Safari\x{2019}s \x{2018}Sure\x{2019} Na\x{EF}ve R\x{E9}sum\x{E9}\x{2014}H\x{E1}\x{10D}ek Full\x{2010}time One-to-One"
              RenderBR {BR} at (570,17) size 0x0
              RenderText {#text} at (2,21) size 404x19
                text run at (2,21) width 404: "\"Newcastle-upon-Tyne\" Washington\x{2011}on\x{2011}the\x{2011}Brazos"
              RenderBR {BR} at (406,36) size 0x0
              RenderText {#text} at (2,40) size 454x19
                text run at (2,40) width 454: "Earthquake Earthworm Cheeseburger [House] ~Six -Big-"
          RenderTableRow {TR} at (0,178) size 964x23
            RenderTableCell {TH} at (2,178) size 70x23 [bgcolor=#F8F8F8] [border: (1px solid #EEEEEE)] [r=4 c=0 rs=1 cs=1]
              RenderText {#text} at (24,2) size 22x19
                text run at (24,2) width 22: "es"
            RenderTableCell {TD} at (74,178) size 888x23 [border: (1px solid #EEEEEE)] [r=4 c=1 rs=1 cs=1]
              RenderText {#text} at (2,2) size 81x19
                text run at (2,2) width 81: "\x{A1}Jalape\x{F1}o!"
          RenderTableRow {TR} at (0,203) size 964x26
            RenderTableCell {TH} at (2,204) size 70x23 [bgcolor=#F8F8F8] [border: (1px solid #EEEEEE)] [r=5 c=0 rs=1 cs=1]
              RenderText {#text} at (27,2) size 16x19
                text run at (27,2) width 16: "fr"
            RenderTableCell {TD} at (74,203) size 888x26 [border: (1px solid #EEEEEE)] [r=5 c=1 rs=1 cs=1]
              RenderText {#text} at (2,5) size 272x19
                text run at (2,5) width 272: "Quelqu'un l\x{2019}Amour t'Appelles\x{2011}Tu 3"
              RenderInline {SUP} at (0,0) size 29x15
                RenderText {#text} at (274,2) size 29x15
                  text run at (274,2) width 29: "eme"
          RenderTableRow {TR} at (0,231) size 964x23
            RenderTableCell {TH} at (2,231) size 70x23 [bgcolor=#F8F8F8] [border: (1px solid #EEEEEE)] [r=6 c=0 rs=1 cs=1]
              RenderText {#text} at (24,2) size 22x19
                text run at (24,2) width 22: "hu"
            RenderTableCell {TD} at (74,231) size 888x23 [border: (1px solid #EEEEEE)] [r=6 c=1 rs=1 cs=1]
              RenderText {#text} at (2,2) size 140x19
                text run at (2,2) width 140: "11-ei London\x{2011}ban"
          RenderTableRow {TR} at (0,256) size 964x23
            RenderTableCell {TH} at (2,256) size 70x23 [bgcolor=#F8F8F8] [border: (1px solid #EEEEEE)] [r=7 c=0 rs=1 cs=1]
              RenderText {#text} at (27,2) size 16x19
                text run at (27,2) width 16: "nl"
            RenderTableCell {TD} at (74,256) size 888x23 [border: (1px solid #EEEEEE)] [r=7 c=1 rs=1 cs=1]
              RenderText {#text} at (2,2) size 93x19
                text run at (2,2) width 93: "'s Ochtends"
          RenderTableRow {TR} at (0,281) size 964x23
            RenderTableCell {TH} at (2,281) size 70x23 [bgcolor=#F8F8F8] [border: (1px solid #EEEEEE)] [r=8 c=0 rs=1 cs=1]
              RenderText {#text} at (27,2) size 16x19
                text run at (27,2) width 16: "pl"
            RenderTableCell {TD} at (74,281) size 888x23 [border: (1px solid #EEEEEE)] [r=8 c=1 rs=1 cs=1]
              RenderText {#text} at (2,2) size 120x19
                text run at (2,2) width 120: "Wzi\x{119}\x{142}a Bie\x{17C}\x{105}ce"
          RenderTableRow {TR} at (0,306) size 964x23
            RenderTableCell {TH} at (2,306) size 70x23 [bgcolor=#F8F8F8] [border: (1px solid #EEEEEE)] [r=9 c=0 rs=1 cs=1]
              RenderText {#text} at (25,2) size 20x19
                text run at (25,2) width 20: "ru"
            RenderTableCell {TD} at (74,306) size 888x23 [border: (1px solid #EEEEEE)] [r=9 c=1 rs=1 cs=1]
              RenderText {#text} at (2,2) size 236x19
                text run at (2,2) width 236: "\x{41D}\x{44C}\x{44E}-\x{419}\x{43E}\x{440}\x{43A} 1990-\x{445} 14-vii-1789"
          RenderTableRow {TR} at (0,331) size 964x23
            RenderTableCell {TH} at (2,331) size 70x23 [bgcolor=#F8F8F8] [border: (1px solid #EEEEEE)] [r=10 c=0 rs=1 cs=1]
              RenderText {#text} at (23,2) size 24x19
                text run at (23,2) width 24: "tlh"
            RenderTableCell {TD} at (74,331) size 888x23 [border: (1px solid #EEEEEE)] [r=10 c=1 rs=1 cs=1]
              RenderText {#text} at (2,2) size 230x19
                text run at (2,2) width 230: "tlhIngan Hol wa''uy' loghqam"
      RenderTable {TABLE} at (0,845) size 964x375
        RenderBlock {CAPTION} at (0,0) size 964x19
          RenderText {#text} at (407,0) size 150x19
            text run at (407,0) width 150: "Browser rendering"
        RenderTableSection {TBODY} at (0,19) size 964x356
          RenderTableRow {TR} at (0,2) size 964x61
            RenderTableCell {TH} at (2,21) size 70x23 [bgcolor=#F8F8F8] [border: (1px solid #EEEEEE)] [r=0 c=0 rs=1 cs=1]
              RenderText {#text} at (2,2) size 66x19
                text run at (2,2) width 66: "generic"
            RenderTableCell {TD} at (74,2) size 888x61 [border: (1px solid #EEEEEE)] [r=0 c=1 rs=1 cs=1]
              RenderText {#text} at (2,2) size 875x57
                text run at (2,2) width 832: "Lip\x{AD}smackin\x{AD}thirst\x{AD}quenchin\x{AD}acetastin\x{AD}motivatin\x{AD}good\x{AD}buzzin\x{AD}cool\x{AD}talkin\x{AD}high\x{AD}walkin\x{AD}fast\x{AD}livin\x{AD}ever\x{AD}givin\x{AD}cool\x{AD}fizzin\x{AD}lip\x{AD}" + hyphen string "\x{2010}"
                text run at (2,21) width 875: "smackin\x{AD}thirst\x{AD}quenchin\x{AD}acetastin\x{AD}motivatin\x{AD}good\x{AD}buzzin\x{AD}cool\x{AD}talkin\x{AD}high\x{AD}walkin\x{AD}fast\x{AD}livin\x{AD}ever\x{AD}givin\x{AD}cool\x{AD}fizzin\x{AD}lip\x{AD}smackin\x{AD}" + hyphen string "\x{2010}"
                text run at (2,40) width 719: "thirst\x{AD}quenchin\x{AD}acetastin\x{AD}motivatin\x{AD}good\x{AD}buzzin\x{AD}cool\x{AD}talkin\x{AD}high\x{AD}walkin\x{AD}fast\x{AD}livin\x{AD}ever\x{AD}givin\x{AD}cool\x{AD}fizzin"
          RenderTableRow {TR} at (0,65) size 964x23
            RenderTableCell {TH} at (2,65) size 70x23 [bgcolor=#F8F8F8] [border: (1px solid #EEEEEE)] [r=1 c=0 rs=1 cs=1]
              RenderText {#text} at (25,2) size 20x19
                text run at (25,2) width 20: "cy"
            RenderTableCell {TD} at (74,65) size 888x23 [border: (1px solid #EEEEEE)] [r=1 c=1 rs=1 cs=1]
              RenderText {#text} at (2,2) size 29x19
                text run at (2,2) width 29: "\x{174}yl"
          RenderTableRow {TR} at (0,90) size 964x23
            RenderTableCell {TH} at (2,90) size 70x23 [bgcolor=#F8F8F8] [border: (1px solid #EEEEEE)] [r=2 c=0 rs=1 cs=1]
              RenderText {#text} at (27,2) size 16x19
                text run at (27,2) width 16: "el"
            RenderTableCell {TD} at (74,90) size 888x23 [border: (1px solid #EEEEEE)] [r=2 c=1 rs=1 cs=1]
              RenderText {#text} at (2,2) size 261x19
                text run at (2,2) width 261: "\x{393}\x{3B5}\x{3C9}\x{3B3}\x{3C1}\x{3B1}\x{3C6}\x{3B9}\x{3BA}\x{3AC}\x{2010}\x{3A3}\x{3C5}\x{3C3}\x{3C7}\x{3B5}\x{3C4}\x{3B9}\x{3C3}\x{3BC}\x{3AD}\x{3BD}\x{3B5}\x{3C2} \x{389}\x{3C4}\x{3B1}"
          RenderTableRow {TR} at (0,115) size 964x61
            RenderTableCell {TH} at (2,134) size 70x23 [bgcolor=#F8F8F8] [border: (1px solid #EEEEEE)] [r=3 c=0 rs=1 cs=1]
              RenderText {#text} at (24,2) size 22x19
                text run at (24,2) width 22: "en"
            RenderTableCell {TD} at (74,115) size 888x61 [border: (1px solid #EEEEEE)] [r=3 c=1 rs=1 cs=1]
              RenderText {#text} at (2,2) size 576x19
                text run at (2,2) width 576: "'Cept Nut'in Safari\x{2019}s \x{2018}Sure\x{2019} Nai\x{308}ve R\x{E9}sum\x{E9}\x{2014}H\x{E1}c\x{30C}ek Full\x{2010}Time One-To-One"
              RenderBR {BR} at (578,17) size 0x0
              RenderText {#text} at (2,21) size 413x19
                text run at (2,21) width 413: "\"Newcastle\x{2011}Upon\x{2011}Tyne\" Washington\x{2011}On\x{2011}The\x{2011}Brazos"
              RenderBR {BR} at (415,36) size 0x0
              RenderInline {SPAN} at (0,0) size 43x19
                RenderText {#text} at (2,40) size 43x19
                  text run at (2,40) width 43: "Earth"
              RenderText {#text} at (45,40) size 97x19
                text run at (45,40) width 97: "quake Earth"
              RenderInline {SPAN} at (0,0) size 46x19
                RenderText {#text} at (142,40) size 46x19
                  text run at (142,40) width 46: "worm"
              RenderText {#text} at (188,40) size 5x19
                text run at (188,40) width 5: " "
              RenderInline {SPAN} at (0,0) size 59x19
                RenderText {#text} at (193,40) size 59x19
                  text run at (193,40) width 59: "Cheese"
              RenderInline {SPAN} at (0,0) size 54x19
                RenderText {#text} at (252,40) size 54x19
                  text run at (252,40) width 54: "burger"
              RenderText {#text} at (306,40) size 150x19
                text run at (306,40) width 150: " [House] ~Six -Big-"
          RenderTableRow {TR} at (0,178) size 964x23
            RenderTableCell {TH} at (2,178) size 70x23 [bgcolor=#F8F8F8] [border: (1px solid #EEEEEE)] [r=4 c=0 rs=1 cs=1]
              RenderText {#text} at (24,2) size 22x19
                text run at (24,2) width 22: "es"
            RenderTableCell {TD} at (74,178) size 888x23 [border: (1px solid #EEEEEE)] [r=4 c=1 rs=1 cs=1]
              RenderText {#text} at (2,2) size 81x19
                text run at (2,2) width 81: "\x{A1}Jalape\x{F1}o!"
          RenderTableRow {TR} at (0,203) size 964x26
            RenderTableCell {TH} at (2,204) size 70x23 [bgcolor=#F8F8F8] [border: (1px solid #EEEEEE)] [r=5 c=0 rs=1 cs=1]
              RenderText {#text} at (27,2) size 16x19
                text run at (27,2) width 16: "fr"
            RenderTableCell {TD} at (74,203) size 888x26 [border: (1px solid #EEEEEE)] [r=5 c=1 rs=1 cs=1]
              RenderText {#text} at (2,5) size 279x19
                text run at (2,5) width 279: "Quelqu'un L\x{2019}amour T'appelles\x{2011}Tu 3"
              RenderInline {SUP} at (0,0) size 29x15
                RenderText {#text} at (281,2) size 29x15
                  text run at (281,2) width 29: "eme"
          RenderTableRow {TR} at (0,231) size 964x23
            RenderTableCell {TH} at (2,231) size 70x23 [bgcolor=#F8F8F8] [border: (1px solid #EEEEEE)] [r=6 c=0 rs=1 cs=1]
              RenderText {#text} at (24,2) size 22x19
                text run at (24,2) width 22: "hu"
            RenderTableCell {TD} at (74,231) size 888x23 [border: (1px solid #EEEEEE)] [r=6 c=1 rs=1 cs=1]
              RenderText {#text} at (2,2) size 141x19
                text run at (2,2) width 141: "11-Ei London\x{2011}Ban"
          RenderTableRow {TR} at (0,256) size 964x23
            RenderTableCell {TH} at (2,256) size 70x23 [bgcolor=#F8F8F8] [border: (1px solid #EEEEEE)] [r=7 c=0 rs=1 cs=1]
              RenderText {#text} at (27,2) size 16x19
                text run at (27,2) width 16: "nl"
            RenderTableCell {TD} at (74,256) size 888x23 [border: (1px solid #EEEEEE)] [r=7 c=1 rs=1 cs=1]
              RenderText {#text} at (2,2) size 95x19
                text run at (2,2) width 95: "'S Ochtends"
          RenderTableRow {TR} at (0,281) size 964x23
            RenderTableCell {TH} at (2,281) size 70x23 [bgcolor=#F8F8F8] [border: (1px solid #EEEEEE)] [r=8 c=0 rs=1 cs=1]
              RenderText {#text} at (27,2) size 16x19
                text run at (27,2) width 16: "pl"
            RenderTableCell {TD} at (74,281) size 888x23 [border: (1px solid #EEEEEE)] [r=8 c=1 rs=1 cs=1]
              RenderText {#text} at (2,2) size 120x19
                text run at (2,2) width 120: "Wzi\x{119}\x{142}a Bie\x{17C}\x{105}ce"
          RenderTableRow {TR} at (0,306) size 964x23
            RenderTableCell {TH} at (2,306) size 70x23 [bgcolor=#F8F8F8] [border: (1px solid #EEEEEE)] [r=9 c=0 rs=1 cs=1]
              RenderText {#text} at (25,2) size 20x19
                text run at (25,2) width 20: "ru"
            RenderTableCell {TD} at (74,306) size 888x23 [border: (1px solid #EEEEEE)] [r=9 c=1 rs=1 cs=1]
              RenderText {#text} at (2,2) size 240x19
                text run at (2,2) width 240: "\x{41D}\x{44C}\x{44E}-\x{419}\x{43E}\x{440}\x{43A} 1990-\x{425} 14-Vii-1789"
          RenderTableRow {TR} at (0,331) size 964x23
            RenderTableCell {TH} at (2,331) size 70x23 [bgcolor=#F8F8F8] [border: (1px solid #EEEEEE)] [r=10 c=0 rs=1 cs=1]
              RenderText {#text} at (23,2) size 24x19
                text run at (23,2) width 24: "tlh"
            RenderTableCell {TD} at (74,331) size 888x23 [border: (1px solid #EEEEEE)] [r=10 c=1 rs=1 cs=1]
              RenderText {#text} at (2,2) size 244x19
                text run at (2,2) width 244: "TlhIngan Hol Wa''Uy' Loghqam"
