layer at (0,0) size 980x735
  RenderView at (0,0) size 980x735
layer at (0,0) size 980x735
  RenderBlock {HTML} at (0,0) size 980x735
    RenderBody {BODY} at (8,8) size 964x711
      RenderBlock {P} at (0,0) size 964x38
        RenderText {#text} at (0,0) size 67x19
          text run at (0,0) width 67: "Test for "
        RenderInline {I} at (0,0) size 947x38
          RenderInline {A} at (0,0) size 372x19 [color=#0000EE]
            RenderText {#text} at (67,0) size 372x19
              text run at (67,0) width 372: "http://bugs.webkit.org/show_bug.cgi?id=11671"
          RenderText {#text} at (439,0) size 947x38
            text run at (439,0) width 5: " "
            text run at (444,0) width 503: "REGRESSION (r13702): text-transform: capitalize changes non-"
            text run at (0,19) width 211: "breaking spaces to spaces"
        RenderText {#text} at (211,19) size 5x19
          text run at (211,19) width 5: "."
      RenderBlock {P} at (0,54) size 964x19
        RenderText {#text} at (0,0) size 362x19
          text run at (0,0) width 362: "The next three lines should all look the same."
      RenderBlock {P} at (0,89) size 964x19
        RenderText {#text} at (0,0) size 126x19
          text run at (0,0) width 126: "Lorem     Ipsum"
      RenderBlock {P} at (0,124) size 964x19
        RenderText {#text} at (0,0) size 77x19
          text run at (0,0) width 77: "Lorem     "
        RenderInline {SPAN} at (0,0) size 49x19
          RenderText {#text} at (77,0) size 49x19
            text run at (77,0) width 49: "Ipsum"
      RenderBlock {P} at (0,159) size 964x19
        RenderText {#text} at (0,0) size 126x19
          text run at (0,0) width 126: "Lorem     Ipsum"
