layer at (0,0) size 980x735
  RenderView at (0,0) size 980x735
layer at (0,0) size 980x374
  RenderBlock {HTML} at (0,0) size 980x374
    RenderBody {BODY} at (8,8) size 964x358
      RenderBlock {DIV} at (0,0) size 964x182
        RenderBlock {P} at (4,0) size 956x27
          RenderInline {SPAN} at (0,0) size 287x28 [border: (1px solid #FF0000)]
            RenderText {#text} at (1,0) size 285x26
              text run at (1,0) width 285: "mmm mmm mmm mmm"
          RenderText {#text} at (0,0) size 0x0
        RenderBlock {P} at (4,31) size 956x27
          RenderInline {SPAN} at (0,0) size 287x28 [border: (1px solid #FF0000)]
            RenderText {#text} at (1,0) size 285x26
              text run at (1,0) width 285: "mmm mmm\x{300} mmm mmm"
          RenderText {#text} at (0,0) size 0x0
        RenderBlock {P} at (4,62) size 956x27
          RenderInline {SPAN} at (0,0) size 285x26
            RenderText {#text} at (0,0) size 285x26
              text run at (0,0) width 285: "mmm mmm\x{300} mmm mmm"
          RenderText {#text} at (285,0) size 292x26
            text run at (285,0) width 292: " mmm mmm mmm mmm"
        RenderBlock {P} at (4,93) size 956x27
          RenderInline {SPAN} at (0,0) size 431x26
            RenderText {#text} at (0,0) size 431x26
              text run at (0,0) width 431: "mmm mmm\x{300} mmm mmm mmm mmm"
          RenderText {#text} at (431,0) size 146x26
            text run at (431,0) width 146: " mmm mmm"
        RenderBlock {P} at (4,124) size 956x27
          RenderInline {SPAN} at (0,0) size 285x26
            RenderText {#text} at (0,0) size 285x26
              text run at (0,0) width 285: "mmm mmm mmm mmm"
          RenderText {#text} at (285,0) size 292x26
            text run at (285,0) width 292: " mmm mmm mmm mmm"
        RenderBlock {P} at (4,155) size 956x27
          RenderInline {SPAN} at (0,0) size 431x26
            RenderText {#text} at (0,0) size 431x26
              text run at (0,0) width 431: "mmm mmm mmm mmm mmm mmm"
          RenderText {#text} at (431,0) size 146x26
            text run at (431,0) width 146: " mmm mmm"
      RenderBlock {HR} at (0,190) size 964x2 [border: (1px inset #000000)]
      RenderBlock {DIV} at (0,200) size 964x158
        RenderBlock {P} at (4,0) size 956x23
          RenderInline {SPAN} at (0,0) size 248x26 [border: (1px solid #008000)]
            RenderText {#text} at (1,0) size 246x24
              text run at (1,0) width 246: "mmm mmm mmm mmm"
          RenderText {#text} at (0,0) size 0x0
        RenderBlock {P} at (4,27) size 956x23
          RenderInline {SPAN} at (0,0) size 248x26 [border: (1px solid #008000)]
            RenderText {#text} at (1,0) size 246x24
              text run at (1,0) width 246: "mmm mmm\x{300} mmm mmm"
          RenderText {#text} at (0,0) size 0x0
        RenderBlock {P} at (4,54) size 956x23
          RenderInline {SPAN} at (0,0) size 246x24
            RenderText {#text} at (0,0) size 246x24
              text run at (0,0) width 246: "mmm mmm\x{300} mmm mmm"
          RenderText {#text} at (246,0) size 252x24
            text run at (246,0) width 252: " mmm mmm mmm mmm"
        RenderBlock {P} at (4,81) size 956x23
          RenderInline {SPAN} at (0,0) size 372x24
            RenderText {#text} at (0,0) size 372x24
              text run at (0,0) width 372: "mmm mmm\x{300} mmm mmm mmm mmm"
          RenderText {#text} at (372,0) size 126x24
            text run at (372,0) width 126: " mmm mmm"
        RenderBlock {P} at (4,108) size 956x23
          RenderInline {SPAN} at (0,0) size 246x24
            RenderText {#text} at (0,0) size 246x24
              text run at (0,0) width 246: "mmm mmm mmm mmm"
          RenderText {#text} at (246,0) size 252x24
            text run at (246,0) width 252: " mmm mmm mmm mmm"
        RenderBlock {P} at (4,135) size 956x23
          RenderInline {SPAN} at (0,0) size 372x24
            RenderText {#text} at (0,0) size 372x24
              text run at (0,0) width 372: "mmm mmm mmm mmm mmm mmm"
          RenderText {#text} at (372,0) size 126x24
            text run at (372,0) width 126: " mmm mmm"
