layer at (0,0) size 980x735
  RenderView at (0,0) size 980x735
layer at (0,0) size 980x735
  RenderBlock {HTML} at (0,0) size 980x735
    RenderBody {BODY} at (8,8) size 964x719
      RenderBlock (anonymous) at (0,0) size 964x19
        RenderText {#text} at (0,0) size 528x19
          text run at (0,0) width 528: "Pixel test for complex text rendering with opacity (Chromium bug "
        RenderInline {A} at (0,0) size 40x19 [color=#0000EE]
          RenderText {#text} at (528,0) size 40x19
            text run at (528,0) width 40: "8768"
        RenderText {#text} at (568,0) size 11x19
          text run at (568,0) width 11: ")."
      RenderBlock {P} at (0,35) size 964x0
      RenderBlock {DIV} at (0,35) size 964x29
        RenderInline {SPAN} at (0,0) size 75x29
          RenderText {#text} at (0,0) size 75x29
            text run at (0,0) width 75: "\x{916}\x{94B}\x{91C}\x{947}\x{902}"
        RenderText {#text} at (75,0) size 8x29
          text run at (75,0) width 8: " "
        RenderText {#text} at (158,0) size 8x29
          text run at (158,0) width 8: " "
        RenderText {#text} at (241,0) size 8x29
          text run at (241,0) width 8: " "
        RenderText {#text} at (324,0) size 8x29
          text run at (324,0) width 8: " "
        RenderText {#text} at (407,0) size 8x29
          text run at (407,0) width 8: " "
        RenderText {#text} at (490,0) size 8x29
          text run at (490,0) width 8: " "
        RenderText {#text} at (573,0) size 8x29
          text run at (573,0) width 8: " "
        RenderText {#text} at (656,0) size 8x29
          text run at (656,0) width 8: " "
        RenderText {#text} at (739,0) size 8x29
          text run at (739,0) width 8: " "
        RenderText {#text} at (822,0) size 8x29
          text run at (822,0) width 8: " "
        RenderText {#text} at (0,0) size 0x0
      RenderBlock {DIV} at (0,64) size 964x29
        RenderInline {SPAN} at (0,0) size 71x29
          RenderText {#text} at (790,0) size 71x29
            text run at (790,0) width 71 RTL: "\x{64A}\x{624}\x{644}\x{645}\x{646}\x{64A}"
        RenderText {#text} at (782,0) size 8x29
          text run at (782,0) width 8 RTL: " "
        RenderText {#text} at (703,0) size 8x29
          text run at (703,0) width 8 RTL: " "
        RenderText {#text} at (624,0) size 8x29
          text run at (624,0) width 8 RTL: " "
        RenderText {#text} at (545,0) size 8x29
          text run at (545,0) width 8 RTL: " "
        RenderText {#text} at (466,0) size 8x29
          text run at (466,0) width 8 RTL: " "
        RenderText {#text} at (387,0) size 8x29
          text run at (387,0) width 8 RTL: " "
        RenderText {#text} at (308,0) size 8x29
          text run at (308,0) width 8 RTL: " "
        RenderText {#text} at (229,0) size 8x29
          text run at (229,0) width 8 RTL: " "
        RenderText {#text} at (150,0) size 8x29
          text run at (150,0) width 8 RTL: " "
        RenderText {#text} at (71,0) size 8x29
          text run at (71,0) width 8 RTL: " "
        RenderText {#text} at (0,0) size 0x0
layer at (8,43) size 75x29
  RenderInline {SPAN} at (0,0) size 75x29
    RenderText {#text} at (83,0) size 75x29
      text run at (83,0) width 75: "\x{916}\x{94B}\x{91C}\x{947}\x{902}"
layer at (8,43) size 75x29
  RenderInline {SPAN} at (0,0) size 75x29
    RenderText {#text} at (166,0) size 75x29
      text run at (166,0) width 75: "\x{916}\x{94B}\x{91C}\x{947}\x{902}"
layer at (8,43) size 75x29
  RenderInline {SPAN} at (0,0) size 75x29
    RenderText {#text} at (249,0) size 75x29
      text run at (249,0) width 75: "\x{916}\x{94B}\x{91C}\x{947}\x{902}"
layer at (8,43) size 75x29
  RenderInline {SPAN} at (0,0) size 75x29
    RenderText {#text} at (332,0) size 75x29
      text run at (332,0) width 75: "\x{916}\x{94B}\x{91C}\x{947}\x{902}"
layer at (8,43) size 75x29
  RenderInline {SPAN} at (0,0) size 75x29
    RenderText {#text} at (415,0) size 75x29
      text run at (415,0) width 75: "\x{916}\x{94B}\x{91C}\x{947}\x{902}"
layer at (8,43) size 75x29
  RenderInline {SPAN} at (0,0) size 75x29
    RenderText {#text} at (498,0) size 75x29
      text run at (498,0) width 75: "\x{916}\x{94B}\x{91C}\x{947}\x{902}"
layer at (8,43) size 75x29
  RenderInline {SPAN} at (0,0) size 75x29
    RenderText {#text} at (581,0) size 75x29
      text run at (581,0) width 75: "\x{916}\x{94B}\x{91C}\x{947}\x{902}"
layer at (8,43) size 75x29
  RenderInline {SPAN} at (0,0) size 75x29
    RenderText {#text} at (664,0) size 75x29
      text run at (664,0) width 75: "\x{916}\x{94B}\x{91C}\x{947}\x{902}"
layer at (8,43) size 75x29
  RenderInline {SPAN} at (0,0) size 75x29
    RenderText {#text} at (747,0) size 75x29
      text run at (747,0) width 75: "\x{916}\x{94B}\x{91C}\x{947}\x{902}"
layer at (8,43) size 75x29
  RenderInline {SPAN} at (0,0) size 75x29
    RenderText {#text} at (830,0) size 75x29
      text run at (830,0) width 75: "\x{916}\x{94B}\x{91C}\x{947}\x{902}"
layer at (8,72) size 71x29
  RenderInline {SPAN} at (0,0) size 71x29
    RenderText {#text} at (711,0) size 71x29
      text run at (711,0) width 71 RTL: "\x{64A}\x{624}\x{644}\x{645}\x{646}\x{64A}"
layer at (8,72) size 71x29
  RenderInline {SPAN} at (0,0) size 71x29
    RenderText {#text} at (632,0) size 71x29
      text run at (632,0) width 71 RTL: "\x{64A}\x{624}\x{644}\x{645}\x{646}\x{64A}"
layer at (8,72) size 71x29
  RenderInline {SPAN} at (0,0) size 71x29
    RenderText {#text} at (553,0) size 71x29
      text run at (553,0) width 71 RTL: "\x{64A}\x{624}\x{644}\x{645}\x{646}\x{64A}"
layer at (8,72) size 71x29
  RenderInline {SPAN} at (0,0) size 71x29
    RenderText {#text} at (474,0) size 71x29
      text run at (474,0) width 71 RTL: "\x{64A}\x{624}\x{644}\x{645}\x{646}\x{64A}"
layer at (8,72) size 71x29
  RenderInline {SPAN} at (0,0) size 71x29
    RenderText {#text} at (395,0) size 71x29
      text run at (395,0) width 71 RTL: "\x{64A}\x{624}\x{644}\x{645}\x{646}\x{64A}"
layer at (8,72) size 71x29
  RenderInline {SPAN} at (0,0) size 71x29
    RenderText {#text} at (316,0) size 71x29
      text run at (316,0) width 71 RTL: "\x{64A}\x{624}\x{644}\x{645}\x{646}\x{64A}"
layer at (8,72) size 71x29
  RenderInline {SPAN} at (0,0) size 71x29
    RenderText {#text} at (237,0) size 71x29
      text run at (237,0) width 71 RTL: "\x{64A}\x{624}\x{644}\x{645}\x{646}\x{64A}"
layer at (8,72) size 71x29
  RenderInline {SPAN} at (0,0) size 71x29
    RenderText {#text} at (158,0) size 71x29
      text run at (158,0) width 71 RTL: "\x{64A}\x{624}\x{644}\x{645}\x{646}\x{64A}"
layer at (8,72) size 71x29
  RenderInline {SPAN} at (0,0) size 71x29
    RenderText {#text} at (79,0) size 71x29
      text run at (79,0) width 71 RTL: "\x{64A}\x{624}\x{644}\x{645}\x{646}\x{64A}"
layer at (8,72) size 71x29
  RenderInline {SPAN} at (0,0) size 71x29
    RenderText {#text} at (0,0) size 71x29
      text run at (0,0) width 71 RTL: "\x{64A}\x{624}\x{644}\x{645}\x{646}\x{64A}"
