layer at (0,0) size 980x735
  RenderView at (0,0) size 980x735
layer at (0,0) size 980x735
  RenderBlock {HTML} at (0,0) size 980x735
    RenderBody {BODY} at (8,8) size 964x719
      RenderBlock (anonymous) at (0,0) size 964x19
        RenderText {#text} at (0,0) size 323x19
          text run at (0,0) width 323: "These lines should have the same width:"
      RenderBlock {DIV} at (0,19) size 964x38
        RenderText {#text} at (0,0) size 107x19
          text run at (0,0) width 107: ". . . . . . . . a"
        RenderBR {BR} at (107,15) size 0x0
        RenderText {#text} at (0,19) size 107x19
          text run at (0,19) width 107: ". . . . . . . . a\x{300}"
