layer at (0,0) size 980x735
  RenderView at (0,0) size 980x735
layer at (0,0) size 980x735
  RenderBlock {HTML} at (0,0) size 980x735
    RenderBody {BODY} at (8,8) size 964x719
      RenderBlock {P} at (0,0) size 964x38
        RenderText {#text} at (0,0) size 67x19
          text run at (0,0) width 67: "Test for "
        RenderInline {I} at (0,0) size 816x38
          RenderInline {A} at (0,0) size 372x19 [color=#0000EE]
            RenderText {#text} at (67,0) size 372x19
              text run at (67,0) width 372: "http://bugs.webkit.org/show_bug.cgi?id=10144"
          RenderText {#text} at (439,0) size 816x38
            text run at (439,0) width 5: " "
            text run at (444,0) width 372: "REGRESSION: Reproducible assertion failure in"
            text run at (0,19) width 362: "DeleteSelectionCommand::fixupWhitespace()"
        RenderText {#text} at (362,19) size 5x19
          text run at (362,19) width 5: "."
      RenderBlock {DIV} at (0,54) size 964x100
        RenderText {#text} at (0,0) size 0x19
          text run at (0,0) width 0: " "
        RenderBR {BR} at (0,19) size 0x19
caret: position 0 of child 1 {BR} of child 3 {DIV} of body
