layer at (0,0) size 980x735
  RenderView at (0,0) size 980x735
layer at (0,0) size 980x735
  RenderBlock {HTML} at (0,0) size 980x735
    RenderBody {BODY} at (8,8) size 964x719
      RenderBlock {P} at (0,0) size 964x19
        RenderText {#text} at (0,0) size 343x19
          text run at (0,0) width 343: "This tests GraphicsContext::drawBidiText()."
      RenderMenuList {SELECT} at (2,35) size 367x31 [bgcolor=#FFFFFF]
        RenderBlock (anonymous) at (6,5) size 339x21
          RenderBR at (0,0) size 0x21 [bgcolor=#FFFFFF]
      RenderMenuList {SELECT} at (2,68) size 421x18 [bgcolor=#FFFFFF]
        RenderBlock (anonymous) at (6,5) size 393x14
          RenderBR at (0,0) size 0x14 [bgcolor=#FFFFFF]
