layer at (0,0) size 980x735
  RenderView at (0,0) size 980x735
layer at (0,0) size 980x735
  RenderBlock {HTML} at (0,0) size 980x735
    RenderBody {BODY} at (8,8) size 964x719
      RenderBlock {P} at (0,0) size 964x19
        RenderText {#text} at (0,0) size 317x19
          text run at (0,0) width 317: "The following boxes should be identical."
      RenderBlock {DIV} at (0,35) size 80x48 [border: (1px solid #000000)]
        RenderText {#text} at (5,5) size 87x38
          text run at (5,5) width 87: "Lorem......."
          text run at (5,24) width 5: " "
        RenderInline {SPAN} at (0,0) size 48x19
          RenderText {#text} at (10,24) size 48x19
            text run at (10,24) width 48 RTL override: "muspi"
        RenderText {#text} at (58,24) size 0x19
          text run at (58,24) width 0: " "
      RenderBlock {DIV} at (0,91) size 80x48 [border: (1px solid #000000)]
        RenderText {#text} at (5,5) size 87x38
          text run at (5,5) width 87: "Lorem......."
          text run at (5,24) width 53: " ipsum"
          text run at (58,24) width 0: " "
