layer at (0,0) size 980x735
  RenderView at (0,0) size 980x735
layer at (0,0) size 980x735
  RenderBlock {HTML} at (0,0) size 980x735
    RenderBody {BODY} at (8,8) size 964x719
      RenderBlock {DIV} at (0,0) size 964x176
        RenderBlock {DIV} at (0,24) size 160x144
          RenderText {#text} at (0,0) size 160x32
            text run at (0,0) width 160: "1111 "
          RenderBR {BR} at (0,0) size 0x0
          RenderInline {SPAN} at (0,0) size 128x32
            RenderText {#text} at (0,32) size 128x32
              text run at (0,32) width 128: "2222"
          RenderText {#text} at (128,32) size 32x32
            text run at (128,32) width 32: " "
          RenderBR {BR} at (0,0) size 0x0
          RenderInline {SPAN} at (0,0) size 128x32 [color=#0000FF]
            RenderText {#text} at (0,80) size 128x32
              text run at (0,80) width 128: "3333"
          RenderText {#text} at (128,80) size 32x32
            text run at (128,80) width 32: " "
          RenderBR {BR} at (0,0) size 0x0
          RenderText {#text} at (0,112) size 128x32
            text run at (0,112) width 128: "4444"
        RenderText {#text} at (160,147) size 5x19
          text run at (160,147) width 5: " "
        RenderBlock {DIV} at (165,24) size 160x144
          RenderText {#text} at (0,0) size 160x32
            text run at (0,0) width 160: "1111 "
          RenderBR {BR} at (0,0) size 0x0
          RenderInline {SPAN} at (0,0) size 128x32 [color=#008000]
            RenderText {#text} at (0,32) size 128x32
              text run at (0,32) width 128: "2222"
          RenderText {#text} at (128,32) size 32x32
            text run at (128,32) width 32: " "
          RenderBR {BR} at (0,0) size 0x0
          RenderInline {SPAN} at (0,0) size 128x32
            RenderText {#text} at (0,80) size 128x32
              text run at (0,80) width 128: "3333"
          RenderText {#text} at (128,80) size 32x32
            text run at (128,80) width 32: " "
          RenderBR {BR} at (0,0) size 0x0
          RenderText {#text} at (0,112) size 128x32
            text run at (0,112) width 128: "4444"
        RenderText {#text} at (325,147) size 5x19
          text run at (325,147) width 5: " "
        RenderBlock {DIV} at (330,8) size 160x160
          RenderText {#text} at (0,0) size 160x32
            text run at (0,0) width 160: "1111 "
          RenderBR {BR} at (0,0) size 0x0
          RenderInline {SPAN} at (0,0) size 128x32 [color=#008000]
            RenderText {#text} at (0,32) size 128x32
              text run at (0,32) width 128: "2222"
          RenderText {#text} at (128,32) size 32x32
            text run at (128,32) width 32: " "
          RenderBR {BR} at (0,0) size 0x0
          RenderInline {SPAN} at (0,0) size 128x32 [color=#0000FF]
            RenderText {#text} at (0,96) size 128x32
              text run at (0,96) width 128: "3333"
          RenderText {#text} at (128,96) size 32x32
            text run at (128,96) width 32: " "
          RenderBR {BR} at (0,0) size 0x0
          RenderText {#text} at (0,128) size 128x32
            text run at (0,128) width 128: "4444"
        RenderText {#text} at (0,0) size 0x0
      RenderBlock {DIV} at (0,176) size 964x176
        RenderBlock {DIV} at (0,8) size 160x144
          RenderText {#text} at (0,0) size 160x32
            text run at (0,0) width 160: "1111 "
          RenderBR {BR} at (0,0) size 0x0
          RenderInline {SPAN} at (0,0) size 128x32
            RenderText {#text} at (0,32) size 128x32
              text run at (0,32) width 128: "2222"
          RenderText {#text} at (128,32) size 32x32
            text run at (128,32) width 32: " "
          RenderBR {BR} at (0,0) size 0x0
          RenderInline {SPAN} at (0,0) size 128x32 [color=#008000]
            RenderText {#text} at (0,80) size 128x32
              text run at (0,80) width 128: "3333"
          RenderText {#text} at (128,80) size 32x32
            text run at (128,80) width 32: " "
          RenderBR {BR} at (0,0) size 0x0
          RenderText {#text} at (0,112) size 128x32
            text run at (0,112) width 128: "4444"
        RenderText {#text} at (160,10) size 5x19
          text run at (160,10) width 5: " "
        RenderBlock {DIV} at (165,8) size 160x144
          RenderText {#text} at (0,0) size 160x32
            text run at (0,0) width 160: "1111 "
          RenderBR {BR} at (0,0) size 0x0
          RenderInline {SPAN} at (0,0) size 128x32 [color=#0000FF]
            RenderText {#text} at (0,32) size 128x32
              text run at (0,32) width 128: "2222"
          RenderText {#text} at (128,32) size 32x32
            text run at (128,32) width 32: " "
          RenderBR {BR} at (0,0) size 0x0
          RenderInline {SPAN} at (0,0) size 128x32
            RenderText {#text} at (0,80) size 128x32
              text run at (0,80) width 128: "3333"
          RenderText {#text} at (128,80) size 32x32
            text run at (128,80) width 32: " "
          RenderBR {BR} at (0,0) size 0x0
          RenderText {#text} at (0,112) size 128x32
            text run at (0,112) width 128: "4444"
        RenderText {#text} at (325,10) size 5x19
          text run at (325,10) width 5: " "
        RenderBlock {DIV} at (330,8) size 160x160
          RenderText {#text} at (0,0) size 160x32
            text run at (0,0) width 160: "1111 "
          RenderBR {BR} at (0,0) size 0x0
          RenderInline {SPAN} at (0,0) size 128x32 [color=#0000FF]
            RenderText {#text} at (0,32) size 128x32
              text run at (0,32) width 128: "2222"
          RenderText {#text} at (128,32) size 32x32
            text run at (128,32) width 32: " "
          RenderBR {BR} at (0,0) size 0x0
          RenderInline {SPAN} at (0,0) size 128x32 [color=#008000]
            RenderText {#text} at (0,96) size 128x32
              text run at (0,96) width 128: "3333"
          RenderText {#text} at (128,96) size 32x32
            text run at (128,96) width 32: " "
          RenderBR {BR} at (0,0) size 0x0
          RenderText {#text} at (0,128) size 128x32
            text run at (0,128) width 128: "4444"
        RenderText {#text} at (0,0) size 0x0
