layer at (0,0) size 980x735
  RenderView at (0,0) size 980x735
layer at (0,0) size 980x735
  RenderBlock {HTML} at (0,0) size 980x735
    RenderBody {BODY} at (8,8) size 964x719
      RenderBlock {DIV} at (8,8) size 126x63 [border: (3px solid #000000)]
        RenderText {#text} at (3,3) size 93x57
          text run at (3,3) width 64: "There is"
          text run at (3,22) width 93: "remarkable"
          text run at (3,41) width 77: "evidence."
      RenderText {#text} at (142,49) size 5x19
        text run at (142,49) width 5: " "
      RenderBlock {DIV} at (155,8) size 126x63 [border: (3px solid #000000)]
        RenderText {#text} at (3,3) size 93x57
          text run at (3,3) width 64: "There is"
          text run at (3,22) width 93: "remarkable"
          text run at (3,41) width 77: "evidence."
      RenderText {#text} at (289,49) size 5x19
        text run at (289,49) width 5: " "
      RenderBlock {DIV} at (302,8) size 126x63 [border: (3px solid #000000)]
        RenderText {#text} at (3,3) size 93x57
          text run at (3,3) width 64: "There is"
          text run at (3,22) width 93: "remarkable"
          text run at (3,41) width 77: "evidence."
      RenderText {#text} at (436,49) size 5x19
        text run at (436,49) width 5: " "
      RenderBlock {DIV} at (449,8) size 126x63 [border: (3px solid #000000)]
        RenderText {#text} at (3,3) size 93x57
          text run at (3,3) width 64: "There is"
          text run at (3,22) width 93: "remarkable"
          text run at (3,41) width 77: "evidence."
      RenderText {#text} at (583,49) size 5x19
        text run at (583,49) width 5: " "
      RenderBlock {DIV} at (596,8) size 126x63 [border: (3px solid #000000)]
        RenderText {#text} at (3,3) size 93x57
          text run at (3,3) width 64: "There is"
          text run at (3,22) width 93: "remarkable"
          text run at (3,41) width 77: "evidence."
      RenderText {#text} at (730,49) size 5x19
        text run at (730,49) width 5: " "
      RenderBlock {DIV} at (743,8) size 126x63 [border: (3px solid #000000)]
        RenderText {#text} at (3,3) size 93x57
          text run at (3,3) width 64: "There is"
          text run at (3,22) width 93: "remarkable"
          text run at (3,41) width 77: "evidence."
      RenderText {#text} at (877,49) size 5x19
        text run at (877,49) width 5: " "
      RenderBlock {DIV} at (8,87) size 126x63 [border: (3px solid #000000)]
        RenderText {#text} at (3,3) size 93x57
          text run at (3,3) width 64: "There is"
          text run at (3,22) width 93: "remarkable"
          text run at (3,41) width 77: "evidence."
      RenderText {#text} at (142,128) size 5x19
        text run at (142,128) width 5: " "
      RenderBlock {DIV} at (155,87) size 126x63 [border: (3px solid #000000)]
        RenderText {#text} at (3,3) size 93x57
          text run at (3,3) width 64: "There is"
          text run at (3,22) width 93: "remarkable"
          text run at (3,41) width 77: "evidence."
      RenderText {#text} at (289,128) size 5x19
        text run at (289,128) width 5: " "
      RenderBlock {DIV} at (302,87) size 126x63 [border: (3px solid #000000)]
        RenderText {#text} at (3,3) size 93x57
          text run at (3,3) width 64: "There is"
          text run at (3,22) width 93: "remarkable"
          text run at (3,41) width 77: "evidence."
      RenderText {#text} at (436,128) size 5x19
        text run at (436,128) width 5: " "
      RenderBlock {DIV} at (449,87) size 126x63 [border: (3px solid #000000)]
        RenderText {#text} at (3,3) size 93x57
          text run at (3,3) width 64: "There is"
          text run at (3,22) width 93: "remarkable"
          text run at (3,41) width 77: "evidence."
      RenderText {#text} at (0,0) size 0x0
