layer at (0,0) size 980x735
  RenderView at (0,0) size 980x735
layer at (0,0) size 980x735
  RenderBlock {HTML} at (0,0) size 980x735
    RenderBody {BODY} at (8,8) size 964x719
      RenderBlock (floating) {DIV} at (4,0) size 344x317
        RenderBlock {P} at (0,16) size 344x19
          RenderInline {TT} at (0,0) size 112x15
            RenderText {#text} at (0,3) size 112x15
              text run at (0,3) width 112: "hyphens: manual"
          RenderText {#text} at (112,0) size 171x19
            text run at (112,0) width 171: " without soft hyphens"
        RenderBlock {DIV} at (0,51) size 344x266 [border: (3px solid #000000)]
          RenderBlock (floating) {DIV} at (262,7) size 75x90 [bgcolor=#F0F8FF]
          RenderText {#text} at (7,7) size 330x252
            text run at (7,7) width 245: "The chief difficulty Alice"
            text run at (7,28) width 245: "found at first was in"
            text run at (7,49) width 161: "managing her "
            text run at (168,49) width 84: "flamingo:"
            text run at (7,70) width 245: "she succeeded in getting"
            text run at (7,91) width 245: "its body tucked away,"
            text run at (7,112) width 330: "comfortably enough, under her arm,"
            text run at (7,133) width 301: "with its legs hanging down, "
            text run at (308,133) width 29: "but"
            text run at (7,154) width 330: "generally, just as she had got its"
            text run at (7,175) width 248: "neck nicely straightened "
            text run at (255,175) width 82: "out, and"
            text run at (7,196) width 330: "was going to give the hedgehog a"
            text run at (7,217) width 222: "blow with its head, it "
            text run at (229,217) width 108: "would twist"
            text run at (7,238) width 330: "itself round and look up in her face\x{2026}"
      RenderBlock (floating) {DIV} at (356,0) size 344x317
        RenderBlock {P} at (0,16) size 344x19
          RenderInline {TT} at (0,0) size 95x15
            RenderText {#text} at (0,3) size 95x15
              text run at (0,3) width 95: "hyphens: none"
          RenderText {#text} at (95,0) size 145x19
            text run at (95,0) width 145: " with soft hyphens"
        RenderBlock {DIV} at (0,51) size 344x266 [border: (3px solid #000000)]
          RenderBlock (floating) {DIV} at (262,7) size 75x90 [bgcolor=#F0F8FF]
          RenderText {#text} at (7,7) size 330x252
            text run at (7,7) width 245: "The chief difficulty Alice"
            text run at (7,28) width 245: "found at first was in"
            text run at (7,49) width 161: "managing her "
            text run at (168,49) width 84: "flamingo:"
            text run at (7,70) width 245: "she succeeded in get\x{AD}ting"
            text run at (7,91) width 245: "its body tucked away,"
            text run at (7,112) width 330: "com\x{AD}fortably enough, under her arm,"
            text run at (7,133) width 301: "with its legs hanging down, "
            text run at (308,133) width 29: "but"
            text run at (7,154) width 330: "generally, just as she had got its"
            text run at (7,175) width 248: "neck nicely straight\x{AD}ened "
            text run at (255,175) width 82: "out, and"
            text run at (7,196) width 330: "was going to give the hedge\x{AD}hog a"
            text run at (7,217) width 222: "blow with its head, it "
            text run at (229,217) width 108: "would twist"
            text run at (7,238) width 330: "itself round and look up in her face\x{2026}"
      RenderBlock (floating) {DIV} at (4,317) size 344x317
        RenderBlock {P} at (0,16) size 344x19
          RenderInline {TT} at (0,0) size 112x15
            RenderText {#text} at (0,3) size 112x15
              text run at (0,3) width 112: "hyphens: manual"
          RenderText {#text} at (112,0) size 145x19
            text run at (112,0) width 145: " with soft hyphens"
        RenderBlock {DIV} at (0,51) size 344x266 [border: (3px solid #000000)]
          RenderBlock (floating) {DIV} at (262,7) size 75x90 [bgcolor=#F0F8FF]
          RenderText {#text} at (7,7) size 330x252
            text run at (7,7) width 245: "The chief difficulty Alice"
            text run at (7,28) width 245: "found at first was in"
            text run at (7,49) width 161: "managing her "
            text run at (168,49) width 84: "flamingo:"
            text run at (7,70) width 245: "she succeeded in get\x{AD}ting"
            text run at (7,91) width 245: "its body tucked away,"
            text run at (7,112) width 330: "com\x{AD}fortably enough, under her arm,"
            text run at (7,133) width 301: "with its legs hanging down, "
            text run at (308,133) width 29: "but"
            text run at (7,154) width 330: "generally, just as she had got its"
            text run at (7,175) width 248: "neck nicely straight\x{AD}ened "
            text run at (255,175) width 82: "out, and"
            text run at (7,196) width 330: "was going to give the hedge\x{AD}hog a"
            text run at (7,217) width 222: "blow with its head, it "
            text run at (229,217) width 108: "would twist"
            text run at (7,238) width 330: "itself round and look up in her face\x{2026}"
      RenderBlock (floating) {DIV} at (356,317) size 344x317
        RenderBlock {P} at (0,16) size 344x19
          RenderInline {TT} at (0,0) size 92x15
            RenderText {#text} at (0,3) size 92x15
              text run at (0,3) width 92: "hyphens: auto"
          RenderText {#text} at (92,0) size 171x19
            text run at (92,0) width 171: " without soft hyphens"
        RenderBlock {DIV} at (0,51) size 344x266 [border: (3px solid #000000)]
          RenderBlock (floating) {DIV} at (262,7) size 75x90 [bgcolor=#F0F8FF]
          RenderText {#text} at (7,7) size 330x252
            text run at (7,7) width 245: "The chief difficulty Alice"
            text run at (7,28) width 245: "found at first was in"
            text run at (7,49) width 161: "managing her "
            text run at (168,49) width 84: "flamingo:"
            text run at (7,70) width 245: "she succeeded in getting"
            text run at (7,91) width 245: "its body tucked away,"
            text run at (7,112) width 330: "comfortably enough, under her arm,"
            text run at (7,133) width 301: "with its legs hanging down, "
            text run at (308,133) width 29: "but"
            text run at (7,154) width 330: "generally, just as she had got its"
            text run at (7,175) width 248: "neck nicely straightened "
            text run at (255,175) width 82: "out, and"
            text run at (7,196) width 330: "was going to give the hedgehog a"
            text run at (7,217) width 222: "blow with its head, it "
            text run at (229,217) width 108: "would twist"
            text run at (7,238) width 330: "itself round and look up in her face\x{2026}"
