layer at (0,0) size 980x735
  RenderView at (0,0) size 980x735
layer at (0,0) size 980x735
  RenderBlock {HTML} at (0,0) size 980x735
    RenderBody {BODY} at (8,8) size 964x719
      RenderBlock {DIV} at (0,0) size 226x118 [border: (3px solid #000000)]
        RenderText {#text} at (3,3) size 532x112
          text run at (3,3) width 532: "declination"
