layer at (0,0) size 980x735
  RenderView at (0,0) size 980x735
layer at (0,0) size 980x735
  RenderBlock {HTML} at (0,0) size 980x735
    RenderBody {BODY} at (8,8) size 964x719
      RenderBlock (floating) {DIV} at (4,0) size 344x317
        RenderBlock {P} at (0,16) size 344x19
          RenderText {#text} at (0,0) size 250x19
            text run at (0,0) width 250: "The initial value (should be like "
          RenderInline {TT} at (0,0) size 29x15
            RenderText {#text} at (250,3) size 29x15
              text run at (250,3) width 29: "auto"
          RenderText {#text} at (279,0) size 6x19
            text run at (279,0) width 6: ")"
        RenderBlock {DIV} at (0,51) size 344x266 [border: (3px solid #000000)]
          RenderBlock (floating) {DIV} at (262,7) size 75x90 [bgcolor=#F0F8FF]
          RenderText {#text} at (7,7) size 330x252
            text run at (7,7) width 245: "The chief difficulty Alice"
            text run at (7,28) width 245: "found at first was in"
            text run at (7,49) width 161: "managing her "
            text run at (168,49) width 84: "flamingo:"
            text run at (7,70) width 245: "she succeeded in getting"
            text run at (7,91) width 245: "its body tucked away,"
            text run at (7,112) width 330: "comfortably enough, under her arm,"
            text run at (7,133) width 301: "with its legs hanging down, "
            text run at (308,133) width 29: "but"
            text run at (7,154) width 330: "generally, just as she had got its"
            text run at (7,175) width 248: "neck nicely straightened "
            text run at (255,175) width 82: "out, and"
            text run at (7,196) width 330: "was going to give the hedgehog a"
            text run at (7,217) width 222: "blow with its head, it "
            text run at (229,217) width 108: "would twist"
            text run at (7,238) width 330: "itself round and look up in her face\x{2026}"
      RenderBlock (floating) {DIV} at (356,0) size 344x317
        RenderBlock {P} at (0,16) size 344x19
          RenderText {#text} at (0,0) size 102x19
            text run at (0,0) width 102: "The default ("
          RenderInline {TT} at (0,0) size 172x15
            RenderText {#text} at (102,3) size 172x15
              text run at (102,3) width 172: "hyphenate-character: auto"
          RenderText {#text} at (274,0) size 6x19
            text run at (274,0) width 6: ")"
        RenderBlock {DIV} at (0,51) size 344x266 [border: (3px solid #000000)]
          RenderBlock (floating) {DIV} at (262,7) size 75x90 [bgcolor=#F0F8FF]
          RenderText {#text} at (7,7) size 330x252
            text run at (7,7) width 245: "The chief difficulty Alice"
            text run at (7,28) width 245: "found at first was in"
            text run at (7,49) width 161: "managing her "
            text run at (168,49) width 84: "flamingo:"
            text run at (7,70) width 245: "she succeeded in getting"
            text run at (7,91) width 245: "its body tucked away,"
            text run at (7,112) width 330: "comfortably enough, under her arm,"
            text run at (7,133) width 301: "with its legs hanging down, "
            text run at (308,133) width 29: "but"
            text run at (7,154) width 330: "generally, just as she had got its"
            text run at (7,175) width 248: "neck nicely straightened "
            text run at (255,175) width 82: "out, and"
            text run at (7,196) width 330: "was going to give the hedgehog a"
            text run at (7,217) width 222: "blow with its head, it "
            text run at (229,217) width 108: "would twist"
            text run at (7,238) width 330: "itself round and look up in her face\x{2026}"
      RenderBlock (floating) {DIV} at (4,317) size 344x317
        RenderBlock {P} at (0,16) size 344x19
          RenderText {#text} at (0,0) size 56x19
            text run at (0,0) width 56: "Bullet ("
          RenderInline {TT} at (0,0) size 191x15
            RenderText {#text} at (56,3) size 191x15
              text run at (56,3) width 191: "hyphenate-character: \"\\2022\""
          RenderText {#text} at (247,0) size 6x19
            text run at (247,0) width 6: ")"
        RenderBlock {DIV} at (0,51) size 344x266 [border: (3px solid #000000)]
          RenderBlock (floating) {DIV} at (262,7) size 75x90 [bgcolor=#F0F8FF]
          RenderText {#text} at (7,7) size 330x252
            text run at (7,7) width 245: "The chief difficulty Alice"
            text run at (7,28) width 245: "found at first was in"
            text run at (7,49) width 161: "managing her "
            text run at (168,49) width 84: "flamingo:"
            text run at (7,70) width 245: "she succeeded in getting"
            text run at (7,91) width 245: "its body tucked away,"
            text run at (7,112) width 330: "comfortably enough, under her arm,"
            text run at (7,133) width 301: "with its legs hanging down, "
            text run at (308,133) width 29: "but"
            text run at (7,154) width 330: "generally, just as she had got its"
            text run at (7,175) width 248: "neck nicely straightened "
            text run at (255,175) width 82: "out, and"
            text run at (7,196) width 330: "was going to give the hedgehog a"
            text run at (7,217) width 222: "blow with its head, it "
            text run at (229,217) width 108: "would twist"
            text run at (7,238) width 330: "itself round and look up in her face\x{2026}"
      RenderBlock (floating) {DIV} at (356,317) size 361x317
        RenderBlock {P} at (0,16) size 361x19
          RenderText {#text} at (0,0) size 168x19
            text run at (0,0) width 168: "Middle dot and tilde ("
          RenderInline {TT} at (0,0) size 187x15
            RenderText {#text} at (168,3) size 187x15
              text run at (168,3) width 187: "hyphenate-character: \"\\B7~\""
          RenderText {#text} at (355,0) size 6x19
            text run at (355,0) width 6: ")"
        RenderBlock {DIV} at (0,51) size 344x266 [border: (3px solid #000000)]
          RenderBlock (floating) {DIV} at (262,7) size 75x90 [bgcolor=#F0F8FF]
          RenderText {#text} at (7,7) size 330x252
            text run at (7,7) width 245: "The chief difficulty Alice"
            text run at (7,28) width 245: "found at first was in"
            text run at (7,49) width 161: "managing her "
            text run at (168,49) width 84: "flamingo:"
            text run at (7,70) width 245: "she succeeded in getting"
            text run at (7,91) width 245: "its body tucked away,"
            text run at (7,112) width 330: "comfortably enough, under her arm,"
            text run at (7,133) width 301: "with its legs hanging down, "
            text run at (308,133) width 29: "but"
            text run at (7,154) width 330: "generally, just as she had got its"
            text run at (7,175) width 248: "neck nicely straightened "
            text run at (255,175) width 82: "out, and"
            text run at (7,196) width 330: "was going to give the hedgehog a"
            text run at (7,217) width 222: "blow with its head, it "
            text run at (229,217) width 108: "would twist"
            text run at (7,238) width 330: "itself round and look up in her face\x{2026}"
