layer at (0,0) size 980x735
  RenderView at (0,0) size 980x735
layer at (0,0) size 980x735
  RenderBlock {HTML} at (0,0) size 980x735
    RenderBody {BODY} at (8,8) size 964x719
      RenderBlock {DIV} at (0,0) size 964x129
        RenderBlock {DIV} at (0,0) size 106x44 [border: (3px solid #000000)]
          RenderText {#text} at (3,3) size 86x19
            text run at (3,3) width 86: "a. b. "
          RenderInline {SPAN} at (0,0) size 4x19
            RenderText {#text} at (89,3) size 4x19
              text run at (89,3) width 4: "i"
          RenderText {#text} at (93,3) size 100x38
            text run at (93,3) width 10: "\x{306F}"
            text run at (3,22) width 63: "xxxxxxx"
        RenderBlock {DIV} at (0,52) size 106x44 [border: (3px solid #000000)]
          RenderText {#text} at (3,3) size 100x38
            text run at (3,3) width 100: "a. b. i\x{306F}"
            text run at (3,22) width 63: "xxxxxxx"
        RenderBlock {DIV} at (0,104) size 106x25 [border: (3px solid #000000)]
          RenderText {#text} at (3,3) size 219x19
            text run at (3,3) width 219: "xxxxxxxxxxxxxxxxxxxxx\x{FF08}\x{624B}\x{FF09}"
      RenderBlock {DIV} at (0,137) size 964x129
        RenderBlock {DIV} at (0,0) size 106x44 [border: (3px solid #000000)]
          RenderText {#text} at (3,3) size 86x19
            text run at (3,3) width 86: "a. b. "
          RenderInline {SPAN} at (0,0) size 4x19
            RenderText {#text} at (89,3) size 4x19
              text run at (89,3) width 4: "i"
          RenderText {#text} at (93,3) size 100x38
            text run at (93,3) width 10: "\x{306F}"
            text run at (3,22) width 63: "xxxxxxx"
        RenderBlock {DIV} at (0,52) size 106x44 [border: (3px solid #000000)]
          RenderText {#text} at (3,3) size 100x38
            text run at (3,3) width 100: "a. b. i\x{306F}"
            text run at (3,22) width 63: "xxxxxxx"
        RenderBlock {DIV} at (0,104) size 106x25 [border: (3px solid #000000)]
          RenderText {#text} at (3,3) size 211x19
            text run at (3,3) width 211: "xxxxxxxxxxxxxxxxxxxxx\x{FF08}\x{624B}\x{FF09}"
