layer at (0,0) size 980x735
  RenderView at (0,0) size 980x735
layer at (0,0) size 980x735
  RenderBlock {HTML} at (0,0) size 980x735
    RenderBody {BODY} at (8,8) size 964x719
      RenderBlock {P} at (0,0) size 964x19
        RenderText {#text} at (0,0) size 134x19
          text run at (0,0) width 134: "Test for revision "
        RenderInline {A} at (0,0) size 63x19 [color=#0000EE]
          RenderText {#text} at (134,0) size 63x19
            text run at (134,0) width 63: "#20574"
        RenderText {#text} at (197,0) size 5x19
          text run at (197,0) width 5: "."
      RenderBlock {P} at (0,35) size 964x19
        RenderText {#text} at (0,0) size 314x19
          text run at (0,0) width 314: "The two blue boxes should be identical."
      RenderBlock {DIV} at (0,70) size 106x44 [border: (3px solid #0000FF)]
        RenderText {#text} at (3,3) size 9x19
          text run at (3,3) width 9: "L"
        RenderInline {SPAN} at (0,0) size 39x19 [color=#008000] [bgcolor=#FFFF00]
          RenderText {#text} at (12,3) size 39x19
            text run at (12,3) width 39: "o r"
        RenderText {#text} at (51,3) size 100x38
          text run at (51,3) width 52: "e mi"
          text run at (3,22) width 85: "psumdolor"
      RenderBlock (anonymous) at (0,114) size 964x19
        RenderBR {BR} at (0,0) size 0x19
      RenderBlock {DIV} at (0,133) size 106x44 [border: (3px solid #0000FF)]
        RenderText {#text} at (3,3) size 100x38
          text run at (3,3) width 100: "Lo re mi"
          text run at (3,22) width 85: "psumdolor"
selection start: position 1 of child 0 {#text} of child 8 {DIV} of body
selection end:   position 4 of child 0 {#text} of child 8 {DIV} of body
