layer at (0,0) size 980x735
  RenderView at (0,0) size 980x735
layer at (0,0) size 980x735
  RenderBlock {HTML} at (0,0) size 980x735
    RenderBody {BODY} at (8,8) size 964x719
      RenderBlock {DIV} at (0,0) size 964x260
        RenderBlock {DIV} at (0,0) size 290x20
          RenderText {#text} at (0,0) size 290x10
            text run at (0,0) width 290: "l l l l l l l l l l l l"
          RenderInline {SPAN} at (0,0) size 60x10
            RenderText {#text} at (0,10) size 60x10
              text run at (0,10) width 60: "llllll"
          RenderText {#text} at (0,0) size 0x0
        RenderBlock {DIV} at (0,20) size 290x20
          RenderText {#text} at (0,0) size 290x10
            text run at (0,0) width 290: "l l l l l l l l l l l l"
          RenderInline {SPAN} at (0,0) size 60x10
            RenderText {#text} at (0,10) size 60x10
              text run at (0,10) width 60: "llllll"
          RenderText {#text} at (0,0) size 0x0
        RenderBlock {DIV} at (0,40) size 290x20
          RenderText {#text} at (0,0) size 290x10
            text run at (0,0) width 290: "l l l l l l l l l l l l"
          RenderInline {SPAN} at (0,0) size 60x10
            RenderText {#text} at (0,10) size 60x10
              text run at (0,10) width 60: "llllll"
          RenderText {#text} at (0,0) size 0x0
        RenderBlock {DIV} at (0,60) size 290x20
          RenderText {#text} at (0,0) size 290x10
            text run at (0,0) width 290: "l l l l l l l l l l l l"
          RenderInline {SPAN} at (0,0) size 60x10
            RenderText {#text} at (0,10) size 60x10
              text run at (0,10) width 60: "llllll"
          RenderText {#text} at (0,0) size 0x0
        RenderBlock {DIV} at (0,80) size 290x20
          RenderText {#text} at (0,0) size 290x10
            text run at (0,0) width 290: "l l l l l l l l l l l l"
          RenderInline {SPAN} at (0,0) size 60x10
            RenderText {#text} at (0,10) size 60x10
              text run at (0,10) width 60: "llllll"
          RenderText {#text} at (0,0) size 0x0
        RenderBlock {DIV} at (0,100) size 290x20
          RenderText {#text} at (0,0) size 290x10
            text run at (0,0) width 290: "l l l l l l l l l l l l"
          RenderInline {SPAN} at (0,0) size 60x10
            RenderText {#text} at (0,10) size 60x10
              text run at (0,10) width 60: "llllll"
          RenderText {#text} at (0,0) size 0x0
        RenderBlock {DIV} at (0,120) size 290x20
          RenderText {#text} at (0,0) size 290x10
            text run at (0,0) width 290: "l l l l l l l l l l l l"
          RenderInline {SPAN} at (0,0) size 60x10
            RenderText {#text} at (0,10) size 60x10
              text run at (0,10) width 60: "llllll"
          RenderText {#text} at (0,0) size 0x0
        RenderBlock {DIV} at (0,140) size 290x20
          RenderText {#text} at (0,0) size 290x10
            text run at (0,0) width 290: "l l l l l l l l l l l l"
          RenderInline {SPAN} at (0,0) size 60x10
            RenderText {#text} at (0,10) size 60x10
              text run at (0,10) width 60: "llllll"
          RenderText {#text} at (0,0) size 0x0
        RenderBlock {DIV} at (0,160) size 290x20
          RenderText {#text} at (0,0) size 290x10
            text run at (0,0) width 290: "l l l l l l l l l l l l"
          RenderInline {SPAN} at (0,0) size 60x10
            RenderText {#text} at (0,10) size 60x10
              text run at (0,10) width 60: "llllll"
          RenderText {#text} at (0,0) size 0x0
        RenderBlock {DIV} at (0,180) size 290x20
          RenderText {#text} at (0,0) size 290x10
            text run at (0,0) width 290: "l l l l l l l l l l l l"
          RenderInline {SPAN} at (0,0) size 60x10
            RenderText {#text} at (0,10) size 60x10
              text run at (0,10) width 60: "llllll"
          RenderText {#text} at (0,0) size 0x0
        RenderBlock {DIV} at (0,200) size 290x20
          RenderText {#text} at (0,0) size 290x10
            text run at (0,0) width 290: "l l l l l l l l l l l l"
          RenderInline {SPAN} at (0,0) size 60x10
            RenderText {#text} at (0,10) size 60x10
              text run at (0,10) width 60: "llllll"
          RenderText {#text} at (0,0) size 0x0
        RenderBlock {DIV} at (0,220) size 290x20
          RenderText {#text} at (0,0) size 290x10
            text run at (0,0) width 290: "l l l l l l l l l l l l"
          RenderInline {SPAN} at (0,0) size 60x10
            RenderText {#text} at (0,10) size 60x10
              text run at (0,10) width 60: "llllll"
          RenderText {#text} at (0,0) size 0x0
        RenderBlock {DIV} at (0,240) size 290x20
          RenderText {#text} at (0,0) size 290x10
            text run at (0,0) width 290: "l l l l l l l l l l l l"
          RenderInline {SPAN} at (0,0) size 60x10
            RenderText {#text} at (0,10) size 60x10
              text run at (0,10) width 60: "llllll"
          RenderText {#text} at (0,0) size 0x0
      RenderBlock {DIV} at (0,260) size 964x260
        RenderBlock {DIV} at (0,0) size 290x20
          RenderText {#text} at (0,0) size 290x10
            text run at (0,0) width 290: "l l l l l l l l l l l l"
          RenderInline {SPAN} at (0,0) size 60x10
            RenderText {#text} at (0,10) size 60x10
              text run at (0,10) width 60: "llllll"
          RenderText {#text} at (0,0) size 0x0
        RenderBlock {DIV} at (0,20) size 290x20
          RenderText {#text} at (0,0) size 290x10
            text run at (0,0) width 290: "l l l l l l l l l l l l"
          RenderInline {SPAN} at (0,0) size 60x10
            RenderText {#text} at (0,10) size 60x10
              text run at (0,10) width 60: "llllll"
          RenderText {#text} at (0,0) size 0x0
        RenderBlock {DIV} at (0,40) size 290x20
          RenderText {#text} at (0,0) size 290x10
            text run at (0,0) width 290: "l l l l l l l l l l l l"
          RenderInline {SPAN} at (0,0) size 60x10
            RenderText {#text} at (0,10) size 60x10
              text run at (0,10) width 60: "llllll"
          RenderText {#text} at (0,0) size 0x0
        RenderBlock {DIV} at (0,60) size 290x20
          RenderText {#text} at (0,0) size 290x10
            text run at (0,0) width 290: "l l l l l l l l l l l l"
          RenderInline {SPAN} at (0,0) size 60x10
            RenderText {#text} at (0,10) size 60x10
              text run at (0,10) width 60: "llllll"
          RenderText {#text} at (0,0) size 0x0
        RenderBlock {DIV} at (0,80) size 290x20
          RenderText {#text} at (0,0) size 290x10
            text run at (0,0) width 290: "l l l l l l l l l l l l"
          RenderInline {SPAN} at (0,0) size 60x10
            RenderText {#text} at (0,10) size 60x10
              text run at (0,10) width 60: "llllll"
          RenderText {#text} at (0,0) size 0x0
        RenderBlock {DIV} at (0,100) size 290x20
          RenderText {#text} at (0,0) size 290x10
            text run at (0,0) width 290: "l l l l l l l l l l l l"
          RenderInline {SPAN} at (0,0) size 60x10
            RenderText {#text} at (0,10) size 60x10
              text run at (0,10) width 60: "llllll"
          RenderText {#text} at (0,0) size 0x0
        RenderBlock {DIV} at (0,120) size 290x20
          RenderText {#text} at (0,0) size 290x10
            text run at (0,0) width 290: "l l l l l l l l l l l l"
          RenderInline {SPAN} at (0,0) size 60x10
            RenderText {#text} at (0,10) size 60x10
              text run at (0,10) width 60: "llllll"
          RenderText {#text} at (0,0) size 0x0
        RenderBlock {DIV} at (0,140) size 290x20
          RenderText {#text} at (0,0) size 290x10
            text run at (0,0) width 290: "l l l l l l l l l l l l"
          RenderInline {SPAN} at (0,0) size 60x10
            RenderText {#text} at (0,10) size 60x10
              text run at (0,10) width 60: "llllll"
          RenderText {#text} at (0,0) size 0x0
        RenderBlock {DIV} at (0,160) size 290x20
          RenderText {#text} at (0,0) size 290x10
            text run at (0,0) width 290: "l l l l l l l l l l l l"
          RenderInline {SPAN} at (0,0) size 60x10
            RenderText {#text} at (0,10) size 60x10
              text run at (0,10) width 60: "llllll"
          RenderText {#text} at (0,0) size 0x0
        RenderBlock {DIV} at (0,180) size 290x20
          RenderText {#text} at (0,0) size 290x10
            text run at (0,0) width 290: "l l l l l l l l l l l l"
          RenderInline {SPAN} at (0,0) size 60x10
            RenderText {#text} at (0,10) size 60x10
              text run at (0,10) width 60: "llllll"
          RenderText {#text} at (0,0) size 0x0
        RenderBlock {DIV} at (0,200) size 290x20
          RenderText {#text} at (0,0) size 290x10
            text run at (0,0) width 290: "l l l l l l l l l l l l"
          RenderInline {SPAN} at (0,0) size 60x10
            RenderText {#text} at (0,10) size 60x10
              text run at (0,10) width 60: "llllll"
          RenderText {#text} at (0,0) size 0x0
        RenderBlock {DIV} at (0,220) size 290x20
          RenderText {#text} at (0,0) size 290x10
            text run at (0,0) width 290: "l l l l l l l l l l l l"
          RenderInline {SPAN} at (0,0) size 60x10
            RenderText {#text} at (0,10) size 60x10
              text run at (0,10) width 60: "llllll"
          RenderText {#text} at (0,0) size 0x0
        RenderBlock {DIV} at (0,240) size 290x20
          RenderText {#text} at (0,0) size 290x10
            text run at (0,0) width 290: "l l l l l l l l l l l l"
          RenderInline {SPAN} at (0,0) size 60x10
            RenderText {#text} at (0,10) size 60x10
              text run at (0,10) width 60: "llllll"
          RenderText {#text} at (0,0) size 0x0
