layer at (0,0) size 980x735
  RenderView at (0,0) size 980x735
layer at (0,0) size 980x735
  RenderBlock {HTML} at (0,0) size 980x735
    RenderBody {BODY} at (8,8) size 964x719
layer at (8,8) size 506x165
  RenderBlock (positioned) {DIV} at (8,8) size 506x165 [border: (1px solid #FF0000)]
    RenderText {#text} at (1,1) size 504x163
      text run at (1,1) width 504: "Testing the bug"
