layer at (0,0) size 980x735
  RenderView at (0,0) size 980x735
layer at (0,0) size 980x735
  RenderBlock {HTML} at (0,0) size 980x735
    RenderBody {BODY} at (8,8) size 964x719
      RenderBlock {P} at (0,0) size 964x19
        RenderText {#text} at (0,0) size 819x19
          text run at (0,0) width 819: "The black text should be identical to, and overlap, the red text, so there should be no red pixels below."
      RenderBlock {DIV} at (0,35) size 964x192
        RenderBlock {DIV} at (0,0) size 964x168 [color=#FF0000]
          RenderText {#text} at (0,0) size 354x168
            text run at (0,0) width 354: "v a\x{300} e"
        RenderBlock {DIV} at (0,24) size 964x168
          RenderText {#text} at (0,0) size 354x168
            text run at (0,0) width 354: "v \x{E0} e"
      RenderBlock {DIV} at (0,227) size 964x192
        RenderBlock {DIV} at (0,0) size 964x168 [color=#FF0000]
          RenderText {#text} at (0,0) size 389x168
            text run at (0,0) width 389: "v a\x{300} e"
        RenderBlock {DIV} at (0,24) size 964x168
          RenderText {#text} at (0,0) size 389x168
            text run at (0,0) width 389: "v \x{E0} e"
