layer at (0,0) size 980x735
  RenderView at (0,0) size 980x735
layer at (0,0) size 980x483
  RenderBlock {HTML} at (0,0) size 980x483
    RenderBody {BODY} at (8,8) size 964x454
      RenderBlock (anonymous) at (0,0) size 964x19
        RenderText {#text} at (0,0) size 99x19
          text run at (0,0) width 99: "This is good:"
      RenderBlock {DIV} at (0,40) size 100x50
        RenderBlock {P} at (0,0) size 100x50 [border: (1px solid #008000)]
          RenderText {#text} at (32,1) size 67x49
            text run at (32,1) width 67: "Lorem"
            text run at (36,25) width 63: "ipsum"
      RenderBlock (anonymous) at (0,111) size 964x19
        RenderText {#text} at (0,0) size 347x19
          text run at (0,0) width 347: "The following three should look like \x{201C}good\x{201D}:"
      RenderBlock {DIV} at (0,151) size 100x192
        RenderBlock {P} at (0,0) size 100x50 [border: (1px solid #0000FF)]
          RenderText {#text} at (32,1) size 67x49
            text run at (32,1) width 67: "Lorem"
            text run at (36,25) width 63: "\x{131}psum"
        RenderBlock {P} at (0,71) size 100x50 [border: (1px solid #0000FF)]
          RenderText {#text} at (32,1) size 67x49
            text run at (32,1) width 67: "Lorem"
            text run at (36,25) width 63: "\x{131}psum"
        RenderBlock {P} at (0,142) size 100x50 [border: (1px solid #0000FF)]
          RenderText {#text} at (32,1) size 67x49
            text run at (32,1) width 67: "Lore\x{1E3F}"
            text run at (36,25) width 63: "ipsum"
      RenderBlock (anonymous) at (0,364) size 964x19
        RenderText {#text} at (0,0) size 89x19
          text run at (0,0) width 89: "This is bad:"
      RenderBlock {DIV} at (0,404) size 100x50
        RenderBlock {P} at (0,0) size 100x50 [border: (1px solid #FF0000)]
          RenderText {#text} at (25,1) size 74x49
            text run at (25,1) width 74: "Lorem "
            text run at (36,25) width 63: "ipsum"
