layer at (0,0) size 980x735
  RenderView at (0,0) size 980x735
layer at (0,0) size 980x735
  RenderBlock {HTML} at (0,0) size 980x735
    RenderBody {BODY} at (8,8) size 964x719
      RenderBlock {P} at (0,0) size 964x38
        RenderText {#text} at (0,0) size 221x19
          text run at (0,0) width 221: "This is a regression test for "
        RenderInline {I} at (0,0) size 884x38
          RenderInline {A} at (0,0) size 426x19 [color=#0000EE]
            RenderText {#text} at (221,0) size 426x19
              text run at (221,0) width 426: "http://bugzilla.opendarwin.org/show_bug.cgi?id=8485"
          RenderText {#text} at (647,0) size 884x38
            text run at (647,0) width 5: " "
            text run at (652,0) width 232: "iExploder(#11705): Freeze in"
            text run at (0,19) width 172: "RenderBlock::layout()"
        RenderText {#text} at (172,19) size 5x19
          text run at (172,19) width 5: "."
      RenderBlock {HR} at (0,54) size 964x2 [border: (1px inset #000000)]
      RenderBlock {DIV} at (0,64) size 30x280
        RenderText {#text} at (0,0) size 82x279
          text run at (0,0) width 0: " "
          text run at (0,140) width 82: "A"
