layer at (0,0) size 980x735
  RenderView at (0,0) size 980x735
layer at (0,0) size 980x735
  RenderBlock {HTML} at (0,0) size 980x735
    RenderBody {BODY} at (8,8) size 964x719
      RenderBlock {DIV} at (0,0) size 186x90 [border: (3px solid #0000FF)]
        RenderText {#text} at (3,3) size 176x83
          text run at (3,3) width 176: "\x{D834}\x{DD10}\x{D834}\x{DD10}\x{D834}\x{DD10}\x{D834}\x{DD10}\x{D834}\x{DD10}\x{D834}\x{DD10}\x{D834}\x{DD10}\x{D834}\x{DD10}"
          text run at (3,45) width 44: "\x{D834}\x{DD10}\x{D834}\x{DD10}"
