layer at (0,0) size 980x735
  RenderView at (0,0) size 980x735
layer at (0,0) size 980x735
  RenderBlock {HTML} at (0,0) size 980x735
    RenderBody {BODY} at (8,8) size 964x719
      RenderBlock {P} at (0,0) size 964x19
        RenderText {#text} at (0,0) size 67x19
          text run at (0,0) width 67: "Test for "
        RenderInline {I} at (0,0) size 876x19
          RenderInline {A} at (0,0) size 372x19 [color=#0000EE]
            RenderText {#text} at (67,0) size 372x19
              text run at (67,0) width 372: "http://bugs.webkit.org/show_bug.cgi?id=14758"
          RenderText {#text} at (439,0) size 504x19
            text run at (439,0) width 5: " "
            text run at (444,0) width 499: "REGRESSION: Repeated text after line break on facebook.com"
        RenderText {#text} at (943,0) size 5x19
          text run at (943,0) width 5: "."
      RenderBlock {P} at (0,35) size 964x19
        RenderText {#text} at (0,0) size 293x19
          text run at (0,0) width 293: "These two boxes should be identical:"
      RenderBlock {DIV} at (0,70) size 76x63 [border: (3px solid #000000)]
        RenderBlock (anonymous) at (3,3) size 70x38
          RenderText {#text} at (0,0) size 52x19
            text run at (0,0) width 52: "Lorem"
          RenderInline {SPAN} at (0,0) size 48x19
            RenderText {#text} at (0,19) size 48x19
              text run at (0,19) width 48: "ipsum"
          RenderText {#text} at (0,0) size 0x0
        RenderBlock {DIV} at (3,41) size 70x19
          RenderText {#text} at (0,0) size 41x19
            text run at (0,0) width 41: "dolor"
      RenderBlock (anonymous) at (0,133) size 964x19
        RenderBR {BR} at (0,0) size 0x19
      RenderBlock {DIV} at (0,152) size 76x63 [border: (3px solid #000000)]
        RenderBlock (anonymous) at (3,3) size 70x38
          RenderText {#text} at (0,0) size 52x38
            text run at (0,0) width 52: "Lorem"
            text run at (0,19) width 48: "ipsum"
        RenderBlock {DIV} at (3,41) size 70x19
          RenderText {#text} at (0,0) size 41x19
            text run at (0,0) width 41: "dolor"
