layer at (0,0) size 980x735
  RenderView at (0,0) size 980x735
layer at (0,0) size 980x735
  RenderBlock {HTML} at (0,0) size 980x735
    RenderBody {BODY} at (8,8) size 964x719
layer at (8,8) size 100x130
  RenderBlock {DIV} at (0,0) size 100x130 [color=#00000000]
    RenderText {#text} at (0,0) size 100x130
      text run at (0,0) width 7: "i "
      text run at (7,0) width 11: "x "
      text run at (18,0) width 15: "m "
      text run at (33,0) width 11: "n "
      text run at (44,0) width 11: "o "
      text run at (55,0) width 11: "p "
      text run at (66,0) width 11: "q "
      text run at (77,0) width 9: "r "
      text run at (86,0) width 10: "s "
      text run at (96,0) width 4: "t"
      text run at (0,13) width 11: "u "
      text run at (11,13) width 11: "v "
      text run at (22,13) width 13: "w "
      text run at (35,13) width 11: "x "
      text run at (46,13) width 11: "y "
      text run at (57,13) width 10: "z "
      text run at (67,13) width 7: "i "
      text run at (74,13) width 11: "x "
      text run at (85,13) width 11: "m"
      text run at (0,26) width 11: "n "
      text run at (11,26) width 11: "o "
      text run at (22,26) width 11: "p "
      text run at (33,26) width 11: "q "
      text run at (44,26) width 9: "r "
      text run at (53,26) width 10: "s "
      text run at (63,26) width 8: "t "
      text run at (71,26) width 11: "u "
      text run at (82,26) width 7: "v"
      text run at (0,39) width 13: "w "
      text run at (13,39) width 11: "x "
      text run at (24,39) width 11: "y "
      text run at (35,39) width 10: "z "
      text run at (45,39) width 7: "i "
      text run at (52,39) width 11: "x "
      text run at (63,39) width 15: "m "
      text run at (78,39) width 11: "n "
      text run at (89,39) width 7: "o"
      text run at (0,52) width 11: "p "
      text run at (11,52) width 11: "q "
      text run at (22,52) width 9: "r "
      text run at (31,52) width 10: "s "
      text run at (41,52) width 8: "t "
      text run at (49,52) width 11: "u "
      text run at (60,52) width 11: "v "
      text run at (71,52) width 13: "w "
      text run at (84,52) width 7: "x"
      text run at (0,65) width 11: "y "
      text run at (11,65) width 10: "z "
      text run at (21,65) width 7: "i "
      text run at (28,65) width 11: "x "
      text run at (39,65) width 15: "m "
      text run at (54,65) width 11: "n "
      text run at (65,65) width 11: "o "
      text run at (76,65) width 11: "p "
      text run at (87,65) width 7: "q"
      text run at (0,78) width 9: "r "
      text run at (9,78) width 10: "s "
      text run at (19,78) width 8: "t "
      text run at (27,78) width 11: "u "
      text run at (38,78) width 11: "v "
      text run at (49,78) width 13: "w "
      text run at (62,78) width 11: "x "
      text run at (73,78) width 11: "y "
      text run at (84,78) width 10: "z "
      text run at (94,78) width 3: "i"
      text run at (0,91) width 11: "x "
      text run at (11,91) width 15: "m "
      text run at (26,91) width 11: "n "
      text run at (37,91) width 11: "o "
      text run at (48,91) width 11: "p "
      text run at (59,91) width 11: "q "
      text run at (70,91) width 9: "r "
      text run at (79,91) width 10: "s "
      text run at (89,91) width 4: "t"
      text run at (0,104) width 11: "u "
      text run at (11,104) width 11: "v "
      text run at (22,104) width 13: "w "
      text run at (35,104) width 11: "x "
      text run at (46,104) width 11: "y "
      text run at (57,104) width 10: "z "
      text run at (67,104) width 7: "i "
      text run at (74,104) width 11: "x "
      text run at (85,104) width 11: "m"
      text run at (0,117) width 11: "n "
      text run at (11,117) width 11: "o "
      text run at (22,117) width 11: "p "
      text run at (33,117) width 11: "q "
      text run at (44,117) width 9: "r "
      text run at (53,117) width 10: "s "
      text run at (63,117) width 8: "t "
      text run at (71,117) width 7: "u"
selection start: position 0 of child 0 {#text} of child 0 {DIV} of body
selection end:   position 271 of child 0 {#text} of child 0 {DIV} of body
