layer at (0,0) size 980x735
  RenderView at (0,0) size 980x735
layer at (0,0) size 980x735
  RenderBlock {HTML} at (0,0) size 980x735
    RenderBody {BODY} at (8,8) size 964x719
      RenderBlock {P} at (0,0) size 964x38
        RenderText {#text} at (0,0) size 67x19
          text run at (0,0) width 67: "Test for "
        RenderInline {I} at (0,0) size 941x38
          RenderInline {A} at (0,0) size 372x19 [color=#0000EE]
            RenderText {#text} at (67,0) size 372x19
              text run at (67,0) width 372: "http://bugs.webkit.org/show_bug.cgi?id=13153"
          RenderText {#text} at (439,0) size 941x38
            text run at (439,0) width 5: " "
            text run at (444,0) width 497: "REGRESSION: Visual highlighting of pre-populated blank line in"
            text run at (0,19) width 146: "textarea is broken"
        RenderText {#text} at (146,19) size 5x19
          text run at (146,19) width 5: "."
      RenderBlock {P} at (0,54) size 964x19
        RenderText {#text} at (0,0) size 423x19
          text run at (0,0) width 423: "Testing the highlighting of and near hard line breaks."
      RenderBlock (anonymous) at (0,89) size 964x80
        RenderPartObject {IFRAME} at (4,4) size 62x72 [border: (1px solid #0000FF)]
          layer at (0,0) size 60x70
            RenderView at (0,0) size 60x70
          layer at (0,0) size 60x70
            RenderBlock {HTML} at (0,0) size 60x70
              RenderBody {BODY} at (8,8) size 44x54
                RenderBlock {PRE} at (0,0) size 44x45
                  RenderText {#text} at (0,0) size 21x45
                    text run at (0,0) width 21: "foo"
                    text run at (21,0) width 0: " "
                    text run at (0,15) width 0: " "
                    text run at (0,30) width 21: "bar"
        RenderPartObject {IFRAME} at (74,4) size 62x72 [border: (1px solid #0000FF)]
          layer at (0,0) size 60x70
            RenderView at (0,0) size 60x70
          layer at (0,0) size 60x70
            RenderBlock {HTML} at (0,0) size 60x70
              RenderBody {BODY} at (8,8) size 44x54
                RenderBlock {PRE} at (0,0) size 44x45
                  RenderText {#text} at (0,0) size 21x45
                    text run at (0,0) width 21: "foo"
                    text run at (21,0) width 0: " "
                    text run at (0,15) width 0: " "
                    text run at (0,30) width 21: "bar"
        RenderPartObject {IFRAME} at (144,4) size 62x72 [border: (1px solid #0000FF)]
          layer at (0,0) size 60x70
            RenderView at (0,0) size 60x70
          layer at (0,0) size 60x70
            RenderBlock {HTML} at (0,0) size 60x70
              RenderBody {BODY} at (8,8) size 44x54
                RenderBlock {PRE} at (0,0) size 44x45
                  RenderText {#text} at (0,0) size 21x45
                    text run at (0,0) width 21: "foo"
                    text run at (21,0) width 0: " "
                    text run at (0,15) width 0: " "
                    text run at (0,30) width 21: "bar"
        RenderPartObject {IFRAME} at (214,4) size 62x72 [border: (1px solid #0000FF)]
          layer at (0,0) size 60x70
            RenderView at (0,0) size 60x70
          layer at (0,0) size 60x70
            RenderBlock {HTML} at (0,0) size 60x70
              RenderBody {BODY} at (8,8) size 44x54
                RenderBlock {PRE} at (0,0) size 44x45
                  RenderText {#text} at (0,0) size 21x45
                    text run at (0,0) width 21: "foo"
                    text run at (21,0) width 0: " "
                    text run at (0,15) width 0: " "
                    text run at (0,30) width 21: "bar"
        RenderPartObject {IFRAME} at (284,4) size 62x72 [border: (1px solid #0000FF)]
          layer at (0,0) size 60x70
            RenderView at (0,0) size 60x70
          layer at (0,0) size 60x70
            RenderBlock {HTML} at (0,0) size 60x70
              RenderBody {BODY} at (8,8) size 44x54
                RenderBlock {PRE} at (0,0) size 44x45
                  RenderText {#text} at (0,0) size 21x45
                    text run at (0,0) width 21: "foo"
                    text run at (21,0) width 0: " "
                    text run at (0,15) width 0: " "
                    text run at (0,30) width 21: "bar"
        RenderPartObject {IFRAME} at (354,4) size 62x72 [border: (1px solid #0000FF)]
          layer at (0,0) size 60x70
            RenderView at (0,0) size 60x70
          layer at (0,0) size 60x70
            RenderBlock {HTML} at (0,0) size 60x70
              RenderBody {BODY} at (8,8) size 44x54
                RenderBlock {PRE} at (0,0) size 44x45
                  RenderText {#text} at (0,0) size 21x45
                    text run at (0,0) width 21: "foo"
                    text run at (21,0) width 0: " "
                    text run at (0,15) width 0: " "
                    text run at (0,30) width 21: "bar"
        RenderPartObject {IFRAME} at (424,4) size 62x72 [border: (1px solid #0000FF)]
          layer at (0,0) size 60x70
            RenderView at (0,0) size 60x70
          layer at (0,0) size 60x70
            RenderBlock {HTML} at (0,0) size 60x70
              RenderBody {BODY} at (8,8) size 44x54
                RenderBlock {PRE} at (0,0) size 44x45
                  RenderText {#text} at (0,0) size 21x45
                    text run at (0,0) width 21: "foo"
                    text run at (21,0) width 0: " "
                    text run at (0,15) width 0: " "
                    text run at (0,30) width 21: "bar"
        RenderPartObject {IFRAME} at (494,4) size 62x72 [border: (1px solid #0000FF)]
          layer at (0,0) size 60x70
            RenderView at (0,0) size 60x70
          layer at (0,0) size 60x70
            RenderBlock {HTML} at (0,0) size 60x70
              RenderBody {BODY} at (8,8) size 44x54
                RenderBlock {PRE} at (0,0) size 44x45
                  RenderText {#text} at (0,0) size 21x45
                    text run at (0,0) width 21: "foo"
                    text run at (21,0) width 0: " "
                    text run at (0,15) width 0: " "
                    text run at (0,30) width 21: "bar"
        RenderPartObject {IFRAME} at (564,4) size 62x72 [border: (1px solid #0000FF)]
          layer at (0,0) size 60x70
            RenderView at (0,0) size 60x70
          layer at (0,0) size 60x70
            RenderBlock {HTML} at (0,0) size 60x70
              RenderBody {BODY} at (8,8) size 44x54
                RenderBlock {PRE} at (0,0) size 44x45
                  RenderText {#text} at (0,0) size 21x45
                    text run at (0,0) width 21: "foo"
                    text run at (21,0) width 0: " "
                    text run at (0,15) width 0: " "
                    text run at (0,30) width 21: "bar"
        RenderPartObject {IFRAME} at (634,4) size 62x72 [border: (1px solid #0000FF)]
          layer at (0,0) size 60x70
            RenderView at (0,0) size 60x70
          layer at (0,0) size 60x70
            RenderBlock {HTML} at (0,0) size 60x70
              RenderBody {BODY} at (8,8) size 44x54
                RenderBlock {PRE} at (0,0) size 44x45
                  RenderText {#text} at (0,0) size 21x45
                    text run at (0,0) width 21: "foo"
                    text run at (21,0) width 0: " "
                    text run at (0,15) width 0: " "
                    text run at (0,30) width 21: "bar"
        RenderText {#text} at (0,0) size 0x0
      RenderBlock {P} at (0,185) size 964x19
        RenderText {#text} at (0,0) size 394x19
          text run at (0,0) width 394: "Testing the highlighting of text split across boxes."
      RenderBlock (anonymous) at (0,220) size 964x80
        RenderPartObject {IFRAME} at (4,4) size 130x72 [border: (1px solid #0000FF)]
          layer at (0,0) size 128x70
            RenderView at (0,0) size 128x70
          layer at (0,0) size 128x70
            RenderBlock {HTML} at (0,0) size 128x70
              RenderBody {BODY} at (8,8) size 112x54
                RenderBlock {DIV} at (0,0) size 112x38
                  RenderText {#text} at (0,0) size 105x38
                    text run at (0,0) width 57: "Lorem "
                    text run at (57,0) width 48: "ipsum"
                    text run at (0,19) width 41: "dolor"
        RenderText {#text} at (0,0) size 0x0
