layer at (0,0) size 980x735
  RenderView at (0,0) size 980x735
layer at (0,0) size 980x735
  RenderBlock {HTML} at (0,0) size 980x735
    RenderBody {BODY} at (8,8) size 964x719
      RenderBlock {DIV} at (0,0) size 964x280 [color=#0000007F]
        RenderBlock {DIV} at (0,0) size 964x56
          RenderText {#text} at (0,0) size 303x56
            text run at (0,0) width 303: "Text shadow"
        RenderBlock {DIV} at (0,56) size 964x56
          RenderText {#text} at (0,0) size 303x56
            text run at (0,0) width 303: "Text shadow"
        RenderBlock {DIV} at (0,112) size 964x56
          RenderText {#text} at (0,0) size 303x56
            text run at (0,0) width 303: "Text shadow"
        RenderBlock {DIV} at (0,168) size 964x56
          RenderText {#text} at (0,0) size 303x56
            text run at (0,0) width 303: "Text shadow"
        RenderBlock {DIV} at (0,224) size 964x56
          RenderText {#text} at (0,0) size 303x56
            text run at (0,0) width 303: "Text shadow"
