layer at (0,0) size 980x735
  RenderView at (0,0) size 980x735
layer at (0,0) size 980x735
  RenderBlock {HTML} at (0,0) size 980x735
    RenderBody {BODY} at (8,8) size 964x711
      RenderBlock {P} at (0,0) size 964x19
        RenderText {#text} at (0,0) size 765x19
          text run at (0,0) width 609: "Test that the intensity of text-shadow does not depend on the transparency "
          text run at (609,0) width 156: "of the text fill color."
      RenderBlock {DIV} at (0,35) size 964x72
        RenderText {#text} at (0,0) size 48x24
          text run at (0,0) width 48: "A "
        RenderInline {SPAN} at (0,0) size 24x24 [color=#00000000]
          RenderText {#text} at (48,0) size 24x24
            text run at (48,0) width 24: "A"
        RenderText {#text} at (72,0) size 24x24
          text run at (72,0) width 24: " "
        RenderInline {SPAN} at (0,0) size 24x24 [color=#00000019]
          RenderText {#text} at (96,0) size 24x24
            text run at (96,0) width 24: "A"
        RenderText {#text} at (0,0) size 0x0
      RenderBlock {P} at (0,123) size 964x19
        RenderText {#text} at (0,0) size 517x19
          text run at (0,0) width 517: "There should be three identical green squares on the line above."
      RenderBlock {DIV} at (0,158) size 964x72
        RenderText {#text} at (0,0) size 48x24
          text run at (0,0) width 48: "A "
        RenderInline {SPAN} at (0,0) size 24x24 [color=#00000000]
          RenderText {#text} at (48,0) size 24x24
            text run at (48,0) width 24: "A"
        RenderText {#text} at (72,0) size 24x24
          text run at (72,0) width 24: " "
        RenderInline {SPAN} at (0,0) size 24x24 [color=#00000019]
          RenderText {#text} at (96,0) size 24x24
            text run at (96,0) width 24: "A"
        RenderText {#text} at (0,0) size 0x0
      RenderBlock {P} at (0,246) size 964x19
        RenderText {#text} at (0,0) size 608x19
          text run at (0,0) width 608: "There should be three identical soft-edged green squares on the line above."
      RenderBlock {DIV} at (0,281) size 964x72 [textStrokeColor=#0000FF] [textStrokeWidth=5.00]
        RenderText {#text} at (0,0) size 48x24
          text run at (0,0) width 48: "A "
        RenderInline {SPAN} at (0,0) size 24x24 [color=#00000000]
          RenderText {#text} at (48,0) size 24x24
            text run at (48,0) width 24: "A"
        RenderText {#text} at (72,0) size 24x24
          text run at (72,0) width 24: " "
        RenderInline {SPAN} at (0,0) size 24x24 [color=#00000019]
          RenderText {#text} at (96,0) size 24x24
            text run at (96,0) width 24: "A"
        RenderText {#text} at (0,0) size 0x0
      RenderBlock {P} at (0,369) size 964x19
        RenderText {#text} at (0,0) size 517x19
          text run at (0,0) width 517: "There should be three identical green squares on the line above."
