layer at (0,0) size 980x735
  RenderView at (0,0) size 980x735
layer at (0,0) size 980x735
  RenderBlock {HTML} at (0,0) size 980x735
    RenderBody {BODY} at (8,8) size 964x719
      RenderBlock {DIV} at (0,0) size 225x50 [color=#FFFFFF]
        RenderText {#text} at (0,0) size 100x25
          text run at (0,0) width 100: "Did \x{AD}"
        RenderInline {SPAN} at (0,0) size 75x25 [color=#008000]
          RenderText {#text} at (100,0) size 75x25
            text run at (100,0) width 75: "not"
        RenderText {#text} at (0,25) size 100x25
          text run at (0,25) width 100: "fail"
