layer at (0,0) size 980x1021
  RenderView at (0,0) size 980x735
layer at (0,0) size 980x1021
  RenderBlock {HTML} at (0,0) size 980x1021
    RenderBody {BODY} at (8,16) size 964x989
      RenderBlock {P} at (0,0) size 964x19
        RenderText {#text} at (0,0) size 542x19
          text run at (0,0) width 542: "In all of the following, there should not be a hyphen before \x{201C}lorem\x{201D}."
      RenderBlock {P} at (0,35) size 964x19
        RenderText {#text} at (0,0) size 22x19
          text run at (0,0) width 22: "Do"
        RenderBlock (floating) {SPAN} at (951,0) size 13x21 [border: (1px solid #FF0000)]
          RenderText {#text} at (1,1) size 11x19
            text run at (1,1) width 11: "X"
        RenderText {#text} at (22,0) size 100x19
          text run at (22,0) width 100: "\x{AD}lorem ipsum"
      RenderBlock {P} at (0,70) size 964x19
        RenderBlock (floating) {SPAN} at (951,0) size 13x21 [border: (1px solid #FF0000)]
          RenderText {#text} at (1,1) size 11x19
            text run at (1,1) width 11: "X"
        RenderText {#text} at (0,0) size 100x19
          text run at (0,0) width 100: "lorem ipsum"
      RenderBlock {P} at (0,105) size 964x21
        RenderText {#text} at (0,1) size 22x19
          text run at (0,1) width 22: "Do"
        RenderText {#text} at (35,1) size 100x19
          text run at (35,1) width 100: "\x{AD}lorem ipsum"
      RenderBlock {P} at (0,142) size 964x19
        RenderText {#text} at (0,0) size 22x19
          text run at (0,0) width 22: "Do"
        RenderText {#text} at (22,0) size 100x19
          text run at (22,0) width 100: "\x{AD}lorem ipsum"
      RenderBlock (anonymous) at (0,177) size 964x19
        RenderText {#text} at (0,0) size 22x19
          text run at (0,0) width 22: "Do"
      RenderBlock {P} at (0,212) size 964x19
        RenderText {#text} at (0,0) size 100x19
          text run at (0,0) width 100: "lorem ipsum"
      RenderBlock {P} at (0,247) size 964x38
        RenderText {#text} at (0,0) size 22x19
          text run at (0,0) width 22: "Do"
        RenderBR {BR} at (22,15) size 0x0
        RenderText {#text} at (0,19) size 100x19
          text run at (0,19) width 100: "lorem ipsum"
      RenderBlock {P} at (0,301) size 964x19
        RenderText {#text} at (0,0) size 22x19
          text run at (0,0) width 22: "Do"
        RenderInline {SPAN} at (0,0) size 47x19
          RenderText {#text} at (22,0) size 47x19
            text run at (22,0) width 47: "\x{AD}lorem"
        RenderText {#text} at (69,0) size 53x19
          text run at (69,0) width 53: " ipsum"
      RenderBlock {P} at (0,336) size 964x19
        RenderText {#text} at (0,0) size 12x19
          text run at (0,0) width 12: "D"
        RenderInline {SPAN} at (0,0) size 10x19
          RenderText {#text} at (12,0) size 10x19
            text run at (12,0) width 10: "o"
        RenderText {#text} at (22,0) size 100x19
          text run at (22,0) width 100: "\x{AD}lorem ipsum"
      RenderBlock {P} at (0,371) size 964x19
        RenderText {#text} at (0,0) size 27x19
          text run at (0,0) width 27: "Do "
        RenderInline {SPAN} at (0,0) size 47x19
          RenderText {#text} at (27,0) size 47x19
            text run at (27,0) width 47: "\x{AD}lorem"
        RenderText {#text} at (74,0) size 53x19
          text run at (74,0) width 53: " ipsum"
      RenderBlock {P} at (0,406) size 964x19
        RenderText {#text} at (0,0) size 12x19
          text run at (0,0) width 12: "D"
        RenderInline {SPAN} at (0,0) size 15x19
          RenderText {#text} at (12,0) size 15x19
            text run at (12,0) width 15: "o "
        RenderText {#text} at (27,0) size 100x19
          text run at (27,0) width 100: "\x{AD}lorem ipsum"
      RenderBlock {P} at (0,441) size 964x19
        RenderText {#text} at (0,0) size 27x19
          text run at (0,0) width 27: "Do "
        RenderInline {SPAN} at (0,0) size 47x19
          RenderText {#text} at (27,0) size 47x19
            text run at (27,0) width 47: "\x{AD}lorem"
        RenderText {#text} at (74,0) size 53x19
          text run at (74,0) width 53: " ipsum"
      RenderBlock {P} at (0,476) size 964x19
        RenderText {#text} at (0,0) size 12x19
          text run at (0,0) width 12: "D"
        RenderInline {SPAN} at (0,0) size 15x19
          RenderText {#text} at (12,0) size 15x19
            text run at (12,0) width 15: "o "
        RenderText {#text} at (27,0) size 100x19
          text run at (27,0) width 100: "\x{AD}lorem ipsum"
      RenderBlock {P} at (0,511) size 964x19
        RenderText {#text} at (0,0) size 79x19
          text run at (0,0) width 79: "Do \x{AD} lorem"
      RenderBlock {P} at (0,546) size 964x19
        RenderText {#text} at (0,0) size 74x19
          text run at (0,0) width 74: "Do\x{AD} \x{AD}lorem"
      RenderBlock {P} at (0,581) size 964x19
        RenderText {#text} at (0,0) size 74x19
          text run at (0,0) width 27: "Do "
          text run at (27,0) width 47: "\x{AD}lorem"
      RenderBlock {P} at (0,616) size 964x19
        RenderText {#text} at (0,0) size 74x19
          text run at (0,0) width 27: "Do\x{AD} "
          text run at (27,0) width 47: "lorem"
      RenderBlock {P} at (0,651) size 964x19
        RenderText {#text} at (0,0) size 79x19
          text run at (0,0) width 32: "Do \x{AD} "
          text run at (32,0) width 47: "lorem"
      RenderBlock {P} at (0,686) size 964x19
        RenderText {#text} at (0,0) size 79x19
          text run at (0,0) width 27: "Do "
          text run at (27,0) width 52: "\x{AD} lorem"
      RenderBlock {P} at (0,721) size 964x19
        RenderText {#text} at (0,0) size 22x19
          text run at (0,0) width 22: "Do"
        RenderInline {SPAN} at (0,0) size 0x19
        RenderText {#text} at (22,0) size 100x19
          text run at (22,0) width 100: "\x{AD}lorem ipsum"
      RenderBlock {P} at (0,756) size 964x19
        RenderText {#text} at (0,0) size 122x19
          text run at (0,0) width 122: "Do\x{AD}\x{AD}lorem ipsum"
      RenderBlock {P} at (0,791) size 964x19
        RenderInline {SPAN} at (0,0) size 22x19
          RenderText {#text} at (0,0) size 22x19
            text run at (0,0) width 22: "Do\x{AD}"
        RenderText {#text} at (22,0) size 100x19
          text run at (22,0) width 100: "\x{AD}lorem ipsum"
      RenderBlock {P} at (0,826) size 964x19
        RenderText {#text} at (0,0) size 22x19
          text run at (0,0) width 22: "Do\x{AD}"
        RenderInline {SPAN} at (0,0) size 100x19
          RenderText {#text} at (22,0) size 100x19
            text run at (22,0) width 100: "\x{AD}lorem ipsum"
      RenderBlock {P} at (0,861) size 964x19
        RenderInline {SPAN} at (0,0) size 22x19
          RenderText {#text} at (0,0) size 22x19
            text run at (0,0) width 22: "Do\x{AD}\x{AD}"
        RenderText {#text} at (22,0) size 100x19
          text run at (22,0) width 100: "lorem ipsum"
      RenderBlock {P} at (0,896) size 964x19
        RenderText {#text} at (0,0) size 309x19
          text run at (0,0) width 309: "The following pair should be the same:"
      RenderBlock {P} at (0,931) size 964x21
        RenderText {#text} at (0,1) size 16x19
          text run at (0,1) width 16: "W"
        RenderBlock {SPAN} at (16,0) size 13x21 [border: (1px solid #FF0000)]
          RenderText {#text} at (1,1) size 11x19
            text run at (1,1) width 11: "X"
        RenderText {#text} at (29,1) size 10x19
          text run at (29,1) width 10: "Y"
      RenderBlock {P} at (0,968) size 964x21
        RenderText {#text} at (0,1) size 16x19
          text run at (0,1) width 16: "W"
        RenderBlock {SPAN} at (16,0) size 13x21 [border: (1px solid #FF0000)]
          RenderText {#text} at (1,1) size 11x19
            text run at (1,1) width 11: "X"
        RenderText {#text} at (29,1) size 10x19
          text run at (29,1) width 10: "Y"
layer at (30,121) size 13x21
  RenderBlock (relative positioned) {SPAN} at (22,0) size 13x21 [border: (1px solid #FF0000)]
    RenderText {#text} at (1,1) size 11x19
      text run at (1,1) width 11: "X"
layer at (967,158) size 13x21
  RenderBlock (positioned) {SPAN} at (967,158) size 13x21 [border: (1px solid #FF0000)]
    RenderText {#text} at (1,1) size 11x19
      text run at (1,1) width 11: "X"
