layer at (0,0) size 980x735
  RenderView at (0,0) size 980x735
layer at (0,0) size 980x735
  RenderBlock {HTML} at (0,0) size 980x735
    RenderBody {BODY} at (8,8) size 964x719
      RenderBlock {DIV} at (0,0) size 964x150 [textFillColor=#800080] [textStrokeWidth=2.00]
        RenderText {#text} at (0,0) size 953x149
          text run at (0,0) width 744: "Purple\x{300} fill, black stroke,"
          text run at (0,75) width 953: "complex text, black underline"
      RenderBlock {DIV} at (0,150) size 964x150 [textStrokeColor=#FFA500] [textStrokeWidth=1.33]
        RenderText {#text} at (0,0) size 782x149
          text run at (0,0) width 782: "Orange stroke, black fill,"
          text run at (0,75) width 523: "orange overline."
      RenderBlock {DIV} at (0,300) size 964x150 [textFillColor=#0000FF] [textStrokeWidth=1.33]
        RenderText {#text} at (0,0) size 748x149
          text run at (0,0) width 728: "No stroke, blue fill, red"
          text run at (0,75) width 748: "shadow, blue underline"
