layer at (0,0) size 980x735
  RenderView at (0,0) size 980x735
layer at (0,0) size 980x735
  RenderBlock {HTML} at (0,0) size 980x735
    RenderBody {BODY} at (8,8) size 964x719
      RenderBlock {CENTER} at (0,0) size 964x64
        RenderBlock {FORM} at (0,0) size 964x29
          RenderTable {TABLE} at (105,0) size 753x29
            RenderTableSection {TBODY} at (0,0) size 753x29
              RenderTableRow {TR} at (0,0) size 753x29
                RenderTableCell {TD} at (0,5) size 150x19 [r=0 c=0 rs=2 cs=1]
                  RenderText {#text} at (0,0) size 5x19
                    text run at (0,0) width 5: " "
                RenderTableCell {TD} at (150,0) size 335x29 [r=0 c=1 rs=1 cs=1]
                  RenderTextControl {INPUT} at (2,2) size 331x25 [bgcolor=#FFFFFF]
                  RenderText {#text} at (0,0) size 0x0
                RenderTableCell {TD} at (485,1) size 108x27 [r=0 c=2 rs=1 cs=1]
                  RenderButton {INPUT} at (2,2) size 104x23 [bgcolor=#C0C0C0] [border: (2px outset #C0C0C0)]
                    RenderBlock (anonymous) at (5,5) size 96x15
                      RenderText at (0,0) size 96x15
                        text run at (0,0) width 96: "Search Froogle"
                  RenderText {#text} at (0,0) size 0x0
                RenderTableCell {TD} at (593,5) size 160x18 [r=0 c=3 rs=2 cs=1]
                  RenderInline {LABEL} at (0,0) size 142x11
                    RenderText {#text} at (0,0) size 0x0
                    RenderBlock {INPUT} at (14,3) size 12x12
                    RenderText {#text} at (30,3) size 122x11
                      text run at (30,3) width 122: " Remember this location"
                  RenderText {#text} at (0,0) size 0x0
        RenderBlock (anonymous) at (0,45) size 964x19
          RenderBR {BR} at (482,0) size 0x19
layer at (269,16) size 324x15
  RenderBlock {DIV} at (4,6) size 324x15
caret: position 1 of child 0 {#text} of child 1 {TD} of child 0 {TR} of child 1 {TBODY} of child 1 {TABLE} of child 1 {FORM} of child 1 {CENTER} of body
