layer at (0,0) size 980x735
  RenderView at (0,0) size 980x735
layer at (0,0) size 980x735
  RenderBlock {HTML} at (0,0) size 980x735
    RenderBody {BODY} at (8,8) size 964x719
      RenderBlock (floating) {DIV} at (8,8) size 200x46 [bgcolor=#FFFFE0]
        RenderText {#text} at (0,0) size 186x24
          text run at (0,0) width 186: "Lorem ipsum dolor"
        RenderInline {SPAN} at (0,0) size 192x47 [bgcolor=#FFC0CB]
          RenderText {#text} at (186,0) size 192x47
            text run at (186,0) width 6: " "
            text run at (0,23) width 81: "sit amet"
        RenderText {#text} at (0,0) size 0x0
      RenderBlock (floating) {DIV} at (224,8) size 200x46 [bgcolor=#FFFFE0]
        RenderText {#text} at (7,0) size 186x24
          text run at (7,0) width 186: "Lorem ipsum dolor"
        RenderInline {SPAN} at (0,0) size 140x47 [bgcolor=#FFC0CB]
          RenderText {#text} at (193,0) size 140x47
            text run at (193,0) width 6: " "
            text run at (59,23) width 82: "sit amet"
        RenderText {#text} at (0,0) size 0x0
      RenderBlock (floating) {DIV} at (440,8) size 200x46 [bgcolor=#FFFFE0]
        RenderText {#text} at (14,0) size 186x24
          text run at (14,0) width 186: "Lorem ipsum dolor"
        RenderInline {SPAN} at (0,0) size 81x47 [bgcolor=#FFC0CB]
          RenderText {#text} at (200,0) size 81x47
            text run at (200,0) width 0: " "
            text run at (119,23) width 81: "sit amet"
        RenderText {#text} at (0,0) size 0x0
      RenderBlock (floating) {DIV} at (656,8) size 200x46 [bgcolor=#FFFFE0]
        RenderText {#text} at (0,0) size 200x24
          text run at (0,0) width 200: "Lorem ipsum dolor"
        RenderInline {SPAN} at (0,0) size 200x47 [bgcolor=#FFC0CB]
          RenderText {#text} at (200,0) size 200x47
            text run at (200,0) width 0: " "
            text run at (0,23) width 81: "sit amet"
        RenderText {#text} at (0,0) size 0x0
      RenderBlock (floating) {DIV} at (8,70) size 200x46 [bgcolor=#FFFFE0]
        RenderText {#text} at (0,0) size 186x24
          text run at (0,0) width 186: "Lorem ipsum dolor"
        RenderInline {SPAN} at (0,0) size 81x47 [bgcolor=#FFC0CB]
          RenderText {#text} at (0,0) size 81x47
            text run at (0,0) width 0 RTL: " "
            text run at (0,23) width 81: "sit amet"
        RenderText {#text} at (0,0) size 0x0
      RenderBlock (floating) {DIV} at (224,70) size 200x46 [bgcolor=#FFFFE0]
        RenderText {#text} at (7,0) size 186x24
          text run at (7,0) width 186: "Lorem ipsum dolor"
        RenderInline {SPAN} at (0,0) size 140x47 [bgcolor=#FFC0CB]
          RenderText {#text} at (1,0) size 140x47
            text run at (1,0) width 6 RTL: " "
            text run at (59,23) width 82: "sit amet"
        RenderText {#text} at (0,0) size 0x0
      RenderBlock (floating) {DIV} at (440,70) size 200x46 [bgcolor=#FFFFE0]
        RenderText {#text} at (14,0) size 186x24
          text run at (14,0) width 186: "Lorem ipsum dolor"
        RenderInline {SPAN} at (0,0) size 192x47 [bgcolor=#FFC0CB]
          RenderText {#text} at (8,0) size 192x47
            text run at (8,0) width 6 RTL: " "
            text run at (119,23) width 81: "sit amet"
        RenderText {#text} at (0,0) size 0x0
      RenderBlock (floating) {DIV} at (656,70) size 200x46 [bgcolor=#FFFFE0]
        RenderText {#text} at (0,0) size 200x24
          text run at (0,0) width 200: "Lorem ipsum dolor"
        RenderInline {SPAN} at (0,0) size 200x47 [bgcolor=#FFC0CB]
          RenderText {#text} at (0,0) size 200x47
            text run at (0,0) width 0 RTL: " "
            text run at (119,23) width 81: "sit amet"
        RenderText {#text} at (0,0) size 0x0
      RenderBlock (floating) {DIV} at (8,132) size 200x46 [bgcolor=#FFFFE0]
        RenderText {#text} at (0,0) size 183x24
          text run at (0,0) width 135: "Lorem ipsum "
          text run at (135,0) width 48 RTL: "\x{5D0}\x{5E0}\x{5D8}\x{5E3}"
        RenderInline {SPAN} at (0,0) size 189x47 [bgcolor=#FFC0CB]
          RenderText {#text} at (183,0) size 189x47
            text run at (183,0) width 6: " "
            text run at (0,23) width 42 RTL: "\x{5E9}\x{5DC}\x{5D2}\x{5D9}"
            text run at (42,23) width 57: " amet"
        RenderText {#text} at (0,0) size 0x0
      RenderBlock (floating) {DIV} at (224,132) size 200x46 [bgcolor=#FFFFE0]
        RenderText {#text} at (8,0) size 184x24
          text run at (8,0) width 136: "Lorem ipsum "
          text run at (143,0) width 49 RTL: "\x{5D0}\x{5E0}\x{5D8}\x{5E3}"
        RenderInline {SPAN} at (0,0) size 148x47 [bgcolor=#FFC0CB]
          RenderText {#text} at (191,0) size 148x47
            text run at (191,0) width 7: " "
            text run at (50,23) width 43 RTL: "\x{5E9}\x{5DC}\x{5D2}\x{5D9}"
            text run at (92,23) width 58: " amet"
        RenderText {#text} at (0,0) size 0x0
      RenderBlock (floating) {DIV} at (440,132) size 200x46 [bgcolor=#FFFFE0]
        RenderText {#text} at (17,0) size 183x24
          text run at (17,0) width 135: "Lorem ipsum "
          text run at (152,0) width 48 RTL: "\x{5D0}\x{5E0}\x{5D8}\x{5E3}"
        RenderInline {SPAN} at (0,0) size 99x47 [bgcolor=#FFC0CB]
          RenderText {#text} at (200,0) size 99x47
            text run at (200,0) width 0: " "
            text run at (101,23) width 42 RTL: "\x{5E9}\x{5DC}\x{5D2}\x{5D9}"
            text run at (143,23) width 57: " amet"
        RenderText {#text} at (0,0) size 0x0
      RenderBlock (floating) {DIV} at (656,132) size 200x46 [bgcolor=#FFFFE0]
        RenderText {#text} at (0,0) size 200x24
          text run at (0,0) width 152: "Lorem ipsum "
          text run at (152,0) width 48 RTL: "\x{5D0}\x{5E0}\x{5D8}\x{5E3}"
        RenderInline {SPAN} at (0,0) size 200x47 [bgcolor=#FFC0CB]
          RenderText {#text} at (200,0) size 200x47
            text run at (200,0) width 0: " "
            text run at (0,23) width 42 RTL: "\x{5E9}\x{5DC}\x{5D2}\x{5D9}"
            text run at (42,23) width 57: " amet"
        RenderText {#text} at (0,0) size 0x0
      RenderBlock (floating) {DIV} at (8,194) size 200x46 [bgcolor=#FFFFE0]
        RenderText {#text} at (0,0) size 183x24
          text run at (0,0) width 54 RTL: " \x{5D0}\x{5E0}\x{5D8}\x{5E3}"
          text run at (54,0) width 129: "Lorem ipsum"
        RenderInline {SPAN} at (0,0) size 99x47 [bgcolor=#FFC0CB]
          RenderText {#text} at (0,0) size 99x47
            text run at (0,0) width 0 RTL: " "
            text run at (0,23) width 51: "amet"
            text run at (51,23) width 48 RTL: "\x{5E9}\x{5DC}\x{5D2}\x{5D9} "
        RenderText {#text} at (0,0) size 0x0
      RenderBlock (floating) {DIV} at (224,194) size 200x46 [bgcolor=#FFFFE0]
        RenderText {#text} at (8,0) size 184x24
          text run at (8,0) width 55 RTL: " \x{5D0}\x{5E0}\x{5D8}\x{5E3}"
          text run at (62,0) width 130: "Lorem ipsum"
        RenderInline {SPAN} at (0,0) size 148x47 [bgcolor=#FFC0CB]
          RenderText {#text} at (2,0) size 148x47
            text run at (2,0) width 7 RTL: " "
            text run at (50,23) width 52: "amet"
            text run at (101,23) width 49 RTL: "\x{5E9}\x{5DC}\x{5D2}\x{5D9} "
        RenderText {#text} at (0,0) size 0x0
      RenderBlock (floating) {DIV} at (440,194) size 200x46 [bgcolor=#FFFFE0]
        RenderText {#text} at (17,0) size 183x24
          text run at (17,0) width 54 RTL: " \x{5D0}\x{5E0}\x{5D8}\x{5E3}"
          text run at (71,0) width 129: "Lorem ipsum"
        RenderInline {SPAN} at (0,0) size 189x47 [bgcolor=#FFC0CB]
          RenderText {#text} at (11,0) size 189x47
            text run at (11,0) width 6 RTL: " "
            text run at (101,23) width 51: "amet"
            text run at (152,23) width 48 RTL: "\x{5E9}\x{5DC}\x{5D2}\x{5D9} "
        RenderText {#text} at (0,0) size 0x0
      RenderBlock (floating) {DIV} at (656,194) size 200x46 [bgcolor=#FFFFE0]
        RenderText {#text} at (0,0) size 200x24
          text run at (0,0) width 62 RTL: " \x{5D0}\x{5E0}\x{5D8}\x{5E3}"
          text run at (62,0) width 138: "Lorem ipsum"
        RenderInline {SPAN} at (0,0) size 200x47 [bgcolor=#FFC0CB]
          RenderText {#text} at (0,0) size 200x47
            text run at (0,0) width 0 RTL: " "
            text run at (101,23) width 51: "amet"
            text run at (152,23) width 48 RTL: "\x{5E9}\x{5DC}\x{5D2}\x{5D9} "
        RenderText {#text} at (0,0) size 0x0
