layer at (0,0) size 980x735
  RenderView at (0,0) size 980x735
layer at (0,0) size 980x735
  RenderBlock {HTML} at (0,0) size 980x735
    RenderBody {BODY} at (8,8) size 964x719
      RenderBlock {P} at (0,0) size 964x38
        RenderText {#text} at (0,0) size 67x19
          text run at (0,0) width 67: "Test for "
        RenderInline {I} at (0,0) size 952x38
          RenderInline {A} at (0,0) size 372x19 [color=#0000EE]
            RenderText {#text} at (67,0) size 372x19
              text run at (67,0) width 372: "http://bugs.webkit.org/show_bug.cgi?id=17464"
          RenderText {#text} at (439,0) size 952x38
            text run at (439,0) width 5: " "
            text run at (444,0) width 508: "REGRESSION: Crash in RenderBlock::findNextLineBreak reading"
            text run at (0,19) width 240: "r30444 commit email in GMail"
        RenderText {#text} at (240,19) size 5x19
          text run at (240,19) width 5: "."
      RenderBlock {P} at (0,54) size 964x19
        RenderText {#text} at (0,0) size 202x19
          text run at (0,0) width 202: "No crash means success."
      RenderBlock {DIV} at (0,89) size 100x57
        RenderText {#text} at (0,0) size 57x38
          text run at (0,0) width 52: "Lorem"
          text run at (52,0) width 5: " "
          text run at (0,19) width 48: "ipsum"
        RenderWordBreak {WBR} at (0,0) size 0x0
        RenderText {#text} at (48,19) size 94x38
          text run at (48,19) width 41: "dolor"
          text run at (89,19) width 5: " "
          text run at (0,38) width 65: "sit amet"
