layer at (0,0) size 980x817
  RenderView at (0,0) size 980x735
layer at (0,0) size 980x817
  RenderBlock {HTML} at (0,0) size 980x817
    RenderBody {BODY} at (8,8) size 964x799
      RenderBlock {P} at (0,0) size 964x19
        RenderText {#text} at (0,0) size 214x19
          text run at (0,0) width 214: "Two words with no spaces."
      RenderBlock {DIV} at (0,35) size 302x21 [border: (1px solid #0000FF)]
        RenderText {#text} at (1,1) size 640x19
          text run at (1,1) width 640: "aaaaaaaaaaaaaaaaaaaaaaaaaaaaaaaabbbbbbbbbbbbbbbbbbbbbbbbbbbbbbbb"
      RenderTable {TABLE} at (0,66) size 964x21
        RenderTableSection {TBODY} at (0,0) size 964x21
          RenderTableRow {TR} at (0,0) size 964x21
            RenderTableCell {TD} at (0,0) size 642x21 [border: (1px solid #008000)] [r=0 c=0 rs=1 cs=1]
              RenderText {#text} at (1,1) size 640x19
                text run at (1,1) width 640: "aaaaaaaaaaaaaaaaaaaaaaaaaaaaaaaabbbbbbbbbbbbbbbbbbbbbbbbbbbbbbbb"
            RenderTableCell {TD} at (642,10) size 322x0 [r=0 c=1 rs=1 cs=1]
      RenderBlock {P} at (0,103) size 964x19
        RenderText {#text} at (0,0) size 235x19
          text run at (0,0) width 235: "Using <wbr> to break words."
      RenderBlock {DIV} at (0,138) size 302x40 [border: (1px solid #0000FF)]
        RenderText {#text} at (1,1) size 320x19
          text run at (1,1) width 320: "aaaaaaaaaaaaaaaaaaaaaaaaaaaaaaaa"
        RenderWordBreak {WBR} at (0,0) size 0x0
        RenderText {#text} at (1,20) size 320x19
          text run at (1,20) width 320: "bbbbbbbbbbbbbbbbbbbbbbbbbbbbbbbb"
      RenderTable {TABLE} at (0,188) size 964x40
        RenderTableSection {TBODY} at (0,0) size 964x40
          RenderTableRow {TR} at (0,0) size 964x40
            RenderTableCell {TD} at (0,0) size 322x40 [border: (1px solid #008000)] [r=0 c=0 rs=1 cs=1]
              RenderText {#text} at (1,1) size 320x19
                text run at (1,1) width 320: "aaaaaaaaaaaaaaaaaaaaaaaaaaaaaaaa"
              RenderWordBreak {WBR} at (0,0) size 0x0
              RenderText {#text} at (1,20) size 320x19
                text run at (1,20) width 320: "bbbbbbbbbbbbbbbbbbbbbbbbbbbbbbbb"
            RenderTableCell {TD} at (322,20) size 642x0 [r=0 c=1 rs=1 cs=1]
      RenderBlock {P} at (0,244) size 964x19
        RenderText {#text} at (0,0) size 355x19
          text run at (0,0) width 355: "Using <wbr> within <nobr> to break words."
      RenderBlock {DIV} at (0,279) size 302x40 [border: (1px solid #0000FF)]
        RenderInline {NOBR} at (0,0) size 320x38
          RenderText {#text} at (1,1) size 320x19
            text run at (1,1) width 320: "aaaaaaaaaaaaaaaaaaaaaaaaaaaaaaaa"
          RenderWordBreak {WBR} at (0,0) size 0x0
          RenderText {#text} at (1,20) size 320x19
            text run at (1,20) width 320: "bbbbbbbbbbbbbbbbbbbbbbbbbbbbbbbb"
      RenderTable {TABLE} at (0,329) size 964x40
        RenderTableSection {TBODY} at (0,0) size 964x40
          RenderTableRow {TR} at (0,0) size 964x40
            RenderTableCell {TD} at (0,0) size 322x40 [border: (1px solid #008000)] [r=0 c=0 rs=1 cs=1]
              RenderInline {NOBR} at (0,0) size 320x38
                RenderText {#text} at (1,1) size 320x19
                  text run at (1,1) width 320: "aaaaaaaaaaaaaaaaaaaaaaaaaaaaaaaa"
                RenderWordBreak {WBR} at (0,0) size 0x0
                RenderText {#text} at (1,20) size 320x19
                  text run at (1,20) width 320: "bbbbbbbbbbbbbbbbbbbbbbbbbbbbbbbb"
            RenderTableCell {TD} at (322,20) size 642x0 [r=0 c=1 rs=1 cs=1]
      RenderBlock {P} at (0,385) size 964x19
        RenderText {#text} at (0,0) size 283x19
          text run at (0,0) width 283: "Using <wbr> to break three words."
      RenderBlock {DIV} at (0,420) size 302x59 [border: (1px solid #0000FF)]
        RenderText {#text} at (1,1) size 240x19
          text run at (1,1) width 240: "aaaaaaaaaaaaaaaaaaaaaaaa"
        RenderWordBreak {WBR} at (0,0) size 0x0
        RenderText {#text} at (1,20) size 240x19
          text run at (1,20) width 240: "bbbbbbbbbbbbbbbbbbbbbbbb"
        RenderWordBreak {WBR} at (0,0) size 0x0
        RenderText {#text} at (1,39) size 216x19
          text run at (1,39) width 216: "cccccccccccccccccccccccc"
      RenderTable {TABLE} at (0,489) size 964x59
        RenderTableSection {TBODY} at (0,0) size 964x59
          RenderTableRow {TR} at (0,0) size 964x59
            RenderTableCell {TD} at (0,0) size 242x59 [border: (1px solid #008000)] [r=0 c=0 rs=1 cs=1]
              RenderText {#text} at (1,1) size 240x19
                text run at (1,1) width 240: "aaaaaaaaaaaaaaaaaaaaaaaa"
              RenderWordBreak {WBR} at (0,0) size 0x0
              RenderText {#text} at (1,20) size 240x19
                text run at (1,20) width 240: "bbbbbbbbbbbbbbbbbbbbbbbb"
              RenderWordBreak {WBR} at (0,0) size 0x0
              RenderText {#text} at (1,39) size 216x19
                text run at (1,39) width 216: "cccccccccccccccccccccccc"
            RenderTableCell {TD} at (242,29) size 722x0 [r=0 c=1 rs=1 cs=1]
      RenderBlock {P} at (0,564) size 964x19
        RenderText {#text} at (0,0) size 403x19
          text run at (0,0) width 403: "Using <wbr> within <nobr> to break three words."
      RenderBlock {DIV} at (0,599) size 302x59 [border: (1px solid #0000FF)]
        RenderInline {NOBR} at (0,0) size 240x57
          RenderText {#text} at (1,1) size 240x19
            text run at (1,1) width 240: "aaaaaaaaaaaaaaaaaaaaaaaa"
          RenderWordBreak {WBR} at (0,0) size 0x0
          RenderText {#text} at (1,20) size 240x19
            text run at (1,20) width 240: "bbbbbbbbbbbbbbbbbbbbbbbb"
          RenderWordBreak {WBR} at (0,0) size 0x0
          RenderText {#text} at (1,39) size 216x19
            text run at (1,39) width 216: "cccccccccccccccccccccccc"
      RenderTable {TABLE} at (0,668) size 964x59
        RenderTableSection {TBODY} at (0,0) size 964x59
          RenderTableRow {TR} at (0,0) size 964x59
            RenderTableCell {TD} at (0,0) size 242x59 [border: (1px solid #008000)] [r=0 c=0 rs=1 cs=1]
              RenderInline {NOBR} at (0,0) size 240x57
                RenderText {#text} at (1,1) size 240x19
                  text run at (1,1) width 240: "aaaaaaaaaaaaaaaaaaaaaaaa"
                RenderWordBreak {WBR} at (0,0) size 0x0
                RenderText {#text} at (1,20) size 240x19
                  text run at (1,20) width 240: "bbbbbbbbbbbbbbbbbbbbbbbb"
                RenderWordBreak {WBR} at (0,0) size 0x0
                RenderText {#text} at (1,39) size 216x19
                  text run at (1,39) width 216: "cccccccccccccccccccccccc"
            RenderTableCell {TD} at (242,29) size 722x0 [r=0 c=1 rs=1 cs=1]
      RenderBlock {P} at (0,743) size 964x19
        RenderText {#text} at (0,0) size 561x19
          text run at (0,0) width 561: "Spaces both before and after <wbr> to check for collapsing behavior."
      RenderBlock {DIV} at (0,778) size 302x21 [border: (1px solid #0000FF)]
        RenderText {#text} at (1,1) size 35x19
          text run at (1,1) width 35: "aaa "
        RenderWordBreak {WBR} at (0,0) size 0x0
        RenderText {#text} at (36,1) size 30x19
          text run at (36,1) width 30: "bbb"
