layer at (0,0) size 980x735
  RenderView at (0,0) size 980x735
layer at (0,0) size 980x735
  RenderBlock {HTML} at (0,0) size 980x735
    RenderBody {BODY} at (8,8) size 964x711
      RenderBlock {P} at (0,0) size 964x38
        RenderText {#text} at (0,0) size 67x19
          text run at (0,0) width 67: "Test for "
        RenderInline {I} at (0,0) size 936x38
          RenderInline {A} at (0,0) size 372x19 [color=#0000EE]
            RenderText {#text} at (67,0) size 372x19
              text run at (67,0) width 372: "http://bugs.webkit.org/show_bug.cgi?id=15367"
          RenderText {#text} at (439,0) size 936x38
            text run at (439,0) width 5: " "
            text run at (444,0) width 492: "Assertion failure inspecting a document including soft hyphen"
            text run at (0,19) width 95: "code (0xad)"
        RenderText {#text} at (95,19) size 5x19
          text run at (95,19) width 5: "."
      RenderBlock {P} at (0,54) size 964x19
        RenderText {#text} at (0,0) size 614x19
          text run at (0,0) width 614: "The following text should not wrap and the border should fit tightly around it."
layer at (8,97) size 141x25
  RenderBlock (positioned) {DIV} at (8,97) size 141x25 [border: (3px solid #000000)]
    RenderText {#text} at (3,3) size 135x19
      text run at (3,3) width 135: "Two soft\x{AD}hyp\x{AD}hens"
