layer at (0,0) size 980x974
  RenderView at (0,0) size 980x735
layer at (0,0) size 980x974
  RenderBlock {HTML} at (0,0) size 980x974
    RenderBody {BODY} at (8,8) size 964x958
      RenderBlock (anonymous) at (0,0) size 964x19
        RenderText {#text} at (0,0) size 877x19
          text run at (0,0) width 877: "This example tests that word-break properly shrinks a cell to one character per line when it is set to break-all."
      RenderTable {TABLE} at (0,19) size 964x89 [border: (1px outset #808080)]
        RenderTableSection {TBODY} at (1,1) size 962x87
          RenderTableRow {TR} at (0,0) size 962x87
            RenderTableCell {TD} at (0,0) size 23x87 [border: (1px inset #808080)] [r=0 c=0 rs=1 cs=1]
              RenderText {#text} at (6,6) size 11x75
                text run at (6,6) width 10: "N"
                text run at (6,21) width 8: "a"
                text run at (6,36) width 10: "rr"
                text run at (6,51) width 8: "o"
                text run at (6,66) width 11: "w"
            RenderTableCell {TD} at (23,30) size 939x27 [border: (1px inset #808080)] [r=0 c=1 rs=1 cs=1]
              RenderText {#text} at (6,6) size 137x15
                text run at (6,6) width 137: "This cell should grow"
      RenderBlock (anonymous) at (0,108) size 964x38
        RenderBR {BR} at (0,0) size 0x19
        RenderText {#text} at (0,19) size 547x19
          text run at (0,19) width 547: "This test checks that word-break is ignored when white-space is pre."
      RenderBlock {PRE} at (0,159) size 110x25 [border: (5px solid #000000)]
        RenderText {#text} at (5,5) size 392x15
          text run at (5,5) width 392: "Thislongwordshouldnotgetbrokenbutshouldstickoutofthepre."
          text run at (397,5) width 0: " "
      RenderBlock (anonymous) at (0,197) size 964x76
        RenderBR {BR} at (0,0) size 0x19
        RenderText {#text} at (0,19) size 947x57
          text run at (0,19) width 597: "The next two examples test our custom break-word value for word-break. "
          text run at (597,19) width 350: "We should get the same results as break-all"
          text run at (0,38) width 931: "for the first test, but we should break up the word in the second test (since our behavior matches word-wrap: break-"
          text run at (0,57) width 149: "word in that case)."
      RenderTable {TABLE} at (0,273) size 964x89 [border: (1px outset #808080)]
        RenderTableSection {TBODY} at (1,1) size 962x87
          RenderTableRow {TR} at (0,0) size 962x87
            RenderTableCell {TD} at (0,0) size 23x87 [border: (1px inset #808080)] [r=0 c=0 rs=1 cs=1]
              RenderText {#text} at (6,6) size 11x75
                text run at (6,6) width 10: "N"
                text run at (6,21) width 8: "a"
                text run at (6,36) width 10: "rr"
                text run at (6,51) width 8: "o"
                text run at (6,66) width 11: "w"
            RenderTableCell {TD} at (23,30) size 939x27 [border: (1px inset #808080)] [r=0 c=1 rs=1 cs=1]
              RenderText {#text} at (6,6) size 137x15
                text run at (6,6) width 137: "This cell should grow"
      RenderBlock (anonymous) at (0,362) size 964x19
        RenderBR {BR} at (0,0) size 0x19
      RenderBlock {PRE} at (0,394) size 110x70 [border: (5px solid #000000)]
        RenderText {#text} at (5,5) size 100x60
          text run at (5,5) width 94: "Thislongwords"
          text run at (5,20) width 99: "houldnotgetbro"
          text run at (5,35) width 100: "kenbutshouldst"
          text run at (5,50) width 99: "ickoutofthepre."
          text run at (104,50) width 0: " "
      RenderBlock (anonymous) at (0,477) size 964x76
        RenderBR {BR} at (0,0) size 0x19
        RenderText {#text} at (0,19) size 963x57
          text run at (0,19) width 799: "This test makes sure floating and positioned elements do the right thing with word-break: break-all. "
          text run at (799,19) width 159: "The minimum width"
          text run at (0,38) width 377: "should be less than the containing block width. "
          text run at (377,38) width 586: "The breaking should be \"dumb\" and just occur when the end of the line is"
          text run at (0,57) width 25: "hit."
      RenderBlock {DIV} at (0,553) size 304x34 [border: (2px solid #000000)]
        RenderBlock (floating) {DIV} at (2,2) size 300x30
          RenderText {#text} at (0,0) size 293x30
            text run at (0,0) width 293: "Eventhoughthishasareallylongword itshouldn"
            text run at (0,15) width 248: "otstick out oftheenclosing300pxblock."
        RenderBR {BR} at (302,2) size 0x15
      RenderBlock (anonymous) at (0,587) size 964x19
        RenderBR {BR} at (0,0) size 0x19
      RenderBlock (anonymous) at (0,710) size 964x76
        RenderBR {BR} at (0,0) size 0x19
        RenderText {#text} at (0,19) size 932x57
          text run at (0,19) width 821: "This test makes sure floating and positioned elements do the right thing with word-break: break-word. "
          text run at (821,19) width 111: "The minimum"
          text run at (0,38) width 425: "width should be less than the containing block width. "
          text run at (425,38) width 498: "The breaking should be \"smart\" and be like word-wrap: break-"
          text run at (0,57) width 717: "word, with words preferring to wrap first before allowing break opportunities within them."
      RenderBlock {DIV} at (0,786) size 304x49 [border: (2px solid #000000)]
        RenderBlock (floating) {DIV} at (2,2) size 300x45
          RenderText {#text} at (0,0) size 229x45
            text run at (0,0) width 229: "Eventhoughthishasareallylongword"
            text run at (0,15) width 129: "itshouldnotstick out"
            text run at (0,30) width 175: "oftheenclosing300pxblock."
        RenderBR {BR} at (302,2) size 0x15
      RenderBlock (anonymous) at (0,835) size 964x19
        RenderBR {BR} at (0,0) size 0x19
layer at (8,614) size 304x104
  RenderBlock (relative positioned) {DIV} at (0,606) size 304x104 [border: (2px solid #000000)]
layer at (10,616) size 300x30
  RenderBlock (positioned) {DIV} at (2,2) size 300x30
    RenderText {#text} at (0,0) size 293x30
      text run at (0,0) width 293: "Eventhoughthishasareallylongword itshouldn"
      text run at (0,15) width 248: "otstick out oftheenclosing300pxblock."
layer at (8,862) size 304x104
  RenderBlock (relative positioned) {DIV} at (0,854) size 304x104 [border: (2px solid #000000)]
layer at (10,864) size 300x45
  RenderBlock (positioned) {DIV} at (2,2) size 300x45
    RenderText {#text} at (0,0) size 229x45
      text run at (0,0) width 229: "Eventhoughthishasareallylongword"
      text run at (0,15) width 129: "itshouldnotstick out"
      text run at (0,30) width 175: "oftheenclosing300pxblock."
