layer at (0,0) size 800x600
  RenderView at (0,0) size 800x600
layer at (0,0) size 800x600
  RenderBlock {HTML} at (0,0) size 800x600
    RenderBody {BODY} at (8,8) size 784x584 [bgcolor=#CCCCCC]
      RenderBlock {P} at (0,0) size 784x14
        RenderInline (generated) at (0,0) size 7x14 [color=#800000]
          RenderText {#text} at (0,0) size 7x14
            text run at (0,0) width 7: "T"
        RenderText {#text} at (7,0) size 257x14
          text run at (7,0) width 257: "he style declarations which apply to the text below are:"
      RenderBlock {PRE} at (0,26) size 784x48
        RenderText {#text} at (0,0) size 234x48
          text run at (0,0) width 186: "P:first-letter {color: maroon;}"
          text run at (186,0) width 0: " "
          text run at (0,12) width 216: ".two:first-letter {font-size: 200%;}"
          text run at (216,12) width 0: " "
          text run at (0,24) width 234: "P.three:first-letter {font-size: 350%;}"
          text run at (234,24) width 0: " "
          text run at (0,36) width 0: " "
      RenderBlock {HR} at (0,84) size 784x2 [border: (1px inset #000000)]
      RenderBlock {P} at (0,98) size 784x28
        RenderInline (generated) at (0,0) size 7x14 [color=#800000]
          RenderText {#text} at (0,0) size 7x14
            text run at (0,0) width 7: "T"
        RenderText {#text} at (7,0) size 768x28
          text run at (7,0) width 326: "he first letter of this paragraph, and only that one, should be maroon. "
          text run at (333,0) width 384: "If this precise combination does not occur, then the user agent has failed this test. "
          text run at (717,0) width 51: "Remember"
          text run at (0,14) width 441: "that in order to ensure a complete test, the paragraph must be displayed on more than one line."
      RenderBlock {P} at (0,138) size 784x42
        RenderInline (generated) at (0,0) size 15x28 [color=#800000]
          RenderText {#text} at (0,0) size 15x28
            text run at (0,0) width 15: "T"
        RenderText {#text} at (15,11) size 784x31
          text run at (15,11) width 459: "he first letter of this paragraph, and only that one, should be a larger font size, as well as maroon. "
          text run at (474,11) width 310: "If this precise combination does not occur, then the user agent has"
          text run at (0,28) width 71: "failed this test. "
          text run at (71,28) width 495: "Remember that in order to ensure a complete test, the paragraph must be displayed on more than one line."
      RenderBlock {P} at (0,192) size 784x62
        RenderInline (generated) at (0,0) size 57x48 [color=#800000]
          RenderText {#text} at (0,0) size 57x48
            text run at (0,0) width 57: "\"W"
        RenderText {#text} at (57,27) size 765x35
          text run at (57,27) width 240: "e should check for quotation support,\" it was said. "
          text run at (297,27) width 468: "The first two characters in this paragraph-- a double-quote mark and a capital 'W'-- should be 350%"
          text run at (0,48) width 238: "bigger than the rest of the paragraph, and maroon. "
          text run at (238,48) width 308: "Note that this is not required under CSS1, but it is recommended."
      RenderTable {TABLE} at (0,266) size 784x188 [border: (1px outset #808080)]
        RenderTableSection {TBODY} at (1,1) size 782x186
          RenderTableRow {TR} at (0,0) size 782x22
            RenderTableCell {TD} at (0,0) size 782x22 [bgcolor=#C0C0C0] [border: (1px inset #808080)] [r=0 c=0 rs=1 cs=2]
              RenderInline {STRONG} at (0,0) size 122x14
                RenderText {#text} at (4,4) size 122x14
                  text run at (4,4) width 122: "TABLE Testing Section"
          RenderTableRow {TR} at (0,22) size 782x164
            RenderTableCell {TD} at (0,93) size 11x22 [bgcolor=#C0C0C0] [border: (1px inset #808080)] [r=1 c=0 rs=1 cs=1]
              RenderText {#text} at (4,4) size 3x14
                text run at (4,4) width 3: " "
            RenderTableCell {TD} at (11,22) size 771x164 [border: (1px inset #808080)] [r=1 c=1 rs=1 cs=1]
              RenderBlock {P} at (4,4) size 763x28
                RenderInline (generated) at (0,0) size 7x14 [color=#800000]
                  RenderText {#text} at (0,0) size 7x14
                    text run at (0,0) width 7: "T"
                RenderText {#text} at (7,0) size 714x28
                  text run at (7,0) width 326: "he first letter of this paragraph, and only that one, should be maroon. "
                  text run at (333,0) width 381: "If this precise combination does not occur, then the user agent has failed this test."
                  text run at (0,14) width 495: "Remember that in order to ensure a complete test, the paragraph must be displayed on more than one line."
              RenderBlock {P} at (4,44) size 763x42
                RenderInline (generated) at (0,0) size 15x28 [color=#800000]
                  RenderText {#text} at (0,0) size 15x28
                    text run at (0,0) width 15: "T"
                RenderText {#text} at (15,11) size 737x31
                  text run at (15,11) width 459: "he first letter of this paragraph, and only that one, should be a larger font size, as well as maroon. "
                  text run at (474,11) width 263: "If this precise combination does not occur, then the user"
                  text run at (0,28) width 118: "agent has failed this test. "
                  text run at (118,28) width 495: "Remember that in order to ensure a complete test, the paragraph must be displayed on more than one line."
              RenderBlock {P} at (4,98) size 763x62
                RenderInline (generated) at (0,0) size 57x48 [color=#800000]
                  RenderText {#text} at (0,0) size 57x48
                    text run at (0,0) width 57: "\"W"
                RenderText {#text} at (57,27) size 734x35
                  text run at (57,27) width 240: "e should check for quotation support,\" it was said. "
                  text run at (297,27) width 437: "The first two characters in this paragraph-- a double-quote mark and a capital 'W'-- should be"
                  text run at (0,48) width 269: "350% bigger than the rest of the paragraph, and maroon. "
                  text run at (269,48) width 308: "Note that this is not required under CSS1, but it is recommended."
