layer at (0,0) size 800x728
  RenderView at (0,0) size 800x600
layer at (0,0) size 800x728
  RenderBlock {HTML} at (0,0) size 800x728
    RenderBody {BODY} at (8,8) size 784x712 [bgcolor=#CCCCCC]
      RenderBlock {P} at (0,0) size 784x14
        RenderInline (generated) at (0,0) size 7x14 [color=#800000]
          RenderText {#text} at (0,0) size 7x14
            text run at (0,0) width 7: "T"
        RenderText {#text} at (7,0) size 257x14
          text run at (7,0) width 257: "he style declarations which apply to the text below are:"
      RenderBlock {PRE} at (0,26) size 784x84
        RenderText {#text} at (0,0) size 276x84
          text run at (0,0) width 168: "P:first-line {color: green;}"
          text run at (168,0) width 0: " "
          text run at (0,12) width 186: "P:first-letter {color: maroon;}"
          text run at (186,12) width 0: " "
          text run at (0,24) width 204: ".two:first-line {font-size: 200%;}"
          text run at (204,24) width 0: " "
          text run at (0,36) width 216: ".two:first-letter {font-size: 350%;}"
          text run at (216,36) width 0: " "
          text run at (0,48) width 234: "P.three:first-letter {font-size: 350%;}"
          text run at (234,48) width 0: " "
          text run at (0,60) width 276: "P.three:first-line {font-variant: small-caps;}"
          text run at (276,60) width 0: " "
          text run at (0,72) width 0: " "
      RenderBlock {HR} at (0,120) size 784x2 [border: (1px inset #000000)]
      RenderBlock {P} at (0,134) size 784x28
        RenderInline (generated) at (0,0) size 7x14 [color=#800000]
          RenderText {#text} at (0,0) size 7x14
            text run at (0,0) width 7: "T"
        RenderText {#text} at (7,0) size 781x28
          text run at (7,0) width 574: "he first letter of this paragraph, and only that one, should be maroon (dark red), while the entire first line should be green. "
          text run at (581,0) width 200: "If this precise combination does not occur,"
          text run at (0,14) width 181: "then the user agent has failed this test. "
          text run at (181,14) width 495: "Remember that in order to ensure a complete test, the paragraph must be displayed on more than one line."
      RenderBlock {P} at (0,174) size 784x139
        RenderInline (generated) at (0,0) size 51x94 [color=#800000]
          RenderText {#text} at (0,1) size 51x94
            text run at (0,1) width 51: "T"
        RenderText {#text} at (51,54) size 769x85
          text run at (51,54) width 710: "he first letter of this paragraph, and only that one, should be 350% bigger"
          text run at (0,97) width 668: "than the rest of the first line of this paragraph and maroon (dark red), while the entire first line should be 200% bigger than normal and green. "
          text run at (668,97) width 64: "If this precise"
          text run at (0,111) width 317: "combination does not occur, then the user agent has failed this test. "
          text run at (317,111) width 452: "Remember that in order to ensure a complete test, the paragraph must be displayed on more than"
          text run at (0,125) width 40: "one line."
      RenderBlock {P} at (0,325) size 784x76
        RenderInline (generated) at (0,0) size 57x48 [color=#800000]
          RenderText {#text} at (0,0) size 57x48
            text run at (0,0) width 57: "\"W"
        RenderText {#text} at (57,27) size 782x49
          text run at (57,27) width 246: "e should check for quotation support,\" it was said. "
          text run at (303,27) width 457: "The first two characters in this paragraph-- a double-quote mark and a capital 'W'-- should be"
          text run at (0,48) width 319: "350% bigger than the rest of the paragraph, and maroon (dark red). "
          text run at (319,48) width 463: "Note that the inclusion of both the quotation mark and the 'W' in the first-letter style is not required"
          text run at (0,62) width 174: "under CSS1, but it is recommended. "
          text run at (174,62) width 338: "In addition, the entire first line should be in a small-caps font and green."
      RenderTable {TABLE} at (0,413) size 784x299 [border: (1px outset #808080)]
        RenderTableSection {TBODY} at (1,1) size 782x297
          RenderTableRow {TR} at (0,0) size 782x22
            RenderTableCell {TD} at (0,0) size 782x22 [bgcolor=#C0C0C0] [border: (1px inset #808080)] [r=0 c=0 rs=1 cs=2]
              RenderInline {STRONG} at (0,0) size 122x14
                RenderText {#text} at (4,4) size 122x14
                  text run at (4,4) width 122: "TABLE Testing Section"
          RenderTableRow {TR} at (0,22) size 782x275
            RenderTableCell {TD} at (0,148) size 11x22 [bgcolor=#C0C0C0] [border: (1px inset #808080)] [r=1 c=0 rs=1 cs=1]
              RenderText {#text} at (4,4) size 3x14
                text run at (4,4) width 3: " "
            RenderTableCell {TD} at (11,22) size 771x275 [border: (1px inset #808080)] [r=1 c=1 rs=1 cs=1]
              RenderBlock {P} at (4,4) size 763x28
                RenderInline (generated) at (0,0) size 7x14 [color=#800000]
                  RenderText {#text} at (0,0) size 7x14
                    text run at (0,0) width 7: "T"
                RenderText {#text} at (7,0) size 749x28
                  text run at (7,0) width 574: "he first letter of this paragraph, and only that one, should be maroon (dark red), while the entire first line should be green. "
                  text run at (581,0) width 168: "If this precise combination does not"
                  text run at (0,14) width 213: "occur, then the user agent has failed this test. "
                  text run at (213,14) width 495: "Remember that in order to ensure a complete test, the paragraph must be displayed on more than one line."
              RenderBlock {P} at (4,44) size 763x139
                RenderInline (generated) at (0,0) size 51x94 [color=#800000]
                  RenderText {#text} at (0,1) size 51x94
                    text run at (0,1) width 51: "T"
                RenderText {#text} at (51,54) size 761x85
                  text run at (51,54) width 710: "he first letter of this paragraph, and only that one, should be 350% bigger"
                  text run at (0,97) width 668: "than the rest of the first line of this paragraph and maroon (dark red), while the entire first line should be 200% bigger than normal and green. "
                  text run at (668,97) width 64: "If this precise"
                  text run at (0,111) width 317: "combination does not occur, then the user agent has failed this test. "
                  text run at (317,111) width 429: "Remember that in order to ensure a complete test, the paragraph must be displayed on more"
                  text run at (0,125) width 63: "than one line."
              RenderBlock {P} at (4,195) size 763x76
                RenderInline (generated) at (0,0) size 57x48 [color=#800000]
                  RenderText {#text} at (0,0) size 57x48
                    text run at (0,0) width 57: "\"W"
                RenderText {#text} at (57,27) size 760x49
                  text run at (57,27) width 246: "e should check for quotation support,\" it was said. "
                  text run at (303,27) width 457: "The first two characters in this paragraph-- a double-quote mark and a capital 'W'-- should be"
                  text run at (0,48) width 319: "350% bigger than the rest of the paragraph, and maroon (dark red). "
                  text run at (319,48) width 421: "Note that the inclusion of both the quotation mark and the 'W' in the first-letter style is not"
                  text run at (0,62) width 216: "required under CSS1, but it is recommended. "
                  text run at (216,62) width 338: "In addition, the entire first line should be in a small-caps font and green."
