layer at (0,0) size 800x600
  RenderView at (0,0) size 800x600
layer at (0,0) size 800x600
  RenderBlock {HTML} at (0,0) size 800x600
    RenderBody {BODY} at (8,8) size 784x584 [bgcolor=#CCCCCC]
      RenderBlock {P} at (0,0) size 784x14
        RenderText {#text} at (0,0) size 287x14
          text run at (0,0) width 287: "The style declarations which apply to the text below are:"
      RenderBlock {PRE} at (0,26) size 784x48
        RenderText {#text} at (0,0) size 198x48
          text run at (0,0) width 198: "P:first-line {font-weight: bold;}"
          text run at (198,0) width 0: " "
          text run at (0,12) width 192: "P.two:first-line {color: green;}"
          text run at (192,12) width 0: " "
          text run at (0,24) width 192: "P:first-line.three {color: red;}"
          text run at (192,24) width 0: " "
          text run at (0,36) width 0: " "
      RenderBlock {HR} at (0,84) size 784x2 [border: (1px inset #000000)]
      RenderBlock {P} at (0,98) size 784x28
        RenderText {#text} at (0,0) size 780x28
          text run at (0,0) width 258: "The first line of this sentence should be boldfaced. "
          text run at (258,0) width 522: "This test is included simply to establish a baseline for the following tests, since if this test fails, then the"
          text run at (0,14) width 261: "rest of the tests on this page are expected to fail as well."
      RenderBlock {P} at (0,138) size 784x28
        RenderText {#text} at (0,0) size 775x28
          text run at (0,0) width 423: "The first line of this sentence should be boldfaced and green, thanks to its selector. "
          text run at (423,0) width 352: "If this is not the case, then the user agent may have failed to properly"
          text run at (0,14) width 241: "parse the selector, or it may simply not support the "
        RenderInline {TT} at (0,0) size 66x12
          RenderText {#text} at (241,16) size 66x12
            text run at (241,16) width 66: ":first-line"
        RenderText {#text} at (307,14) size 80x14
          text run at (307,14) width 80: " pseudo-element."
      RenderBlock {P} at (0,178) size 784x42
        RenderText {#text} at (0,0) size 771x42
          text run at (0,0) width 258: "The first line of this sentence should be boldfaced. "
          text run at (258,0) width 502: "If it is red, then the user agent has violated the specification in allowing pseudo-elements at a point"
          text run at (0,14) width 150: "other than the end of a selector. "
          text run at (150,14) width 621: "If neither is the case, then the user agent has correctly ignored the incorrect selector, but has suppressed other styles which are valid,"
          text run at (0,28) width 261: "and therefore must be considered to have failed the test."
      RenderTable {TABLE} at (0,232) size 784x154 [border: (1px outset #808080)]
        RenderTableSection {TBODY} at (1,1) size 782x152
          RenderTableRow {TR} at (0,0) size 782x22
            RenderTableCell {TD} at (0,0) size 782x22 [bgcolor=#C0C0C0] [border: (1px inset #808080)] [r=0 c=0 rs=1 cs=2]
              RenderInline {STRONG} at (0,0) size 122x14
                RenderText {#text} at (4,4) size 122x14
                  text run at (4,4) width 122: "TABLE Testing Section"
          RenderTableRow {TR} at (0,22) size 782x130
            RenderTableCell {TD} at (0,76) size 11x22 [bgcolor=#C0C0C0] [border: (1px inset #808080)] [r=1 c=0 rs=1 cs=1]
              RenderText {#text} at (4,4) size 3x14
                text run at (4,4) width 3: " "
            RenderTableCell {TD} at (11,22) size 771x130 [border: (1px inset #808080)] [r=1 c=1 rs=1 cs=1]
              RenderBlock {P} at (4,4) size 763x28
                RenderText {#text} at (0,0) size 761x28
                  text run at (0,0) width 258: "The first line of this sentence should be boldfaced. "
                  text run at (258,0) width 503: "This test is included simply to establish a baseline for the following tests, since if this test fails, then"
                  text run at (0,14) width 278: "the rest of the tests on this page are expected to fail as well."
              RenderBlock {P} at (4,44) size 763x28
                RenderText {#text} at (0,0) size 728x28
                  text run at (0,0) width 423: "The first line of this sentence should be boldfaced and green, thanks to its selector. "
                  text run at (423,0) width 305: "If this is not the case, then the user agent may have failed to"
                  text run at (0,14) width 284: "properly parse the selector, or it may simply not support the "
                RenderInline {TT} at (0,0) size 66x12
                  RenderText {#text} at (284,16) size 66x12
                    text run at (284,16) width 66: ":first-line"
                RenderText {#text} at (350,14) size 80x14
                  text run at (350,14) width 80: " pseudo-element."
              RenderBlock {P} at (4,84) size 763x42
                RenderText {#text} at (0,0) size 760x42
                  text run at (0,0) width 258: "The first line of this sentence should be boldfaced. "
                  text run at (258,0) width 502: "If it is red, then the user agent has violated the specification in allowing pseudo-elements at a point"
                  text run at (0,14) width 150: "other than the end of a selector. "
                  text run at (150,14) width 592: "If neither is the case, then the user agent has correctly ignored the incorrect selector, but has suppressed other styles which are"
                  text run at (0,28) width 290: "valid, and therefore must be considered to have failed the test."
