layer at (0,0) size 800x600
  RenderView at (0,0) size 800x600
layer at (0,0) size 800x228
  RenderBlock {HTML} at (0,0) size 800x228
    RenderBody {BODY} at (0,0) size 800x228
      RenderBlock {DIV} at (0,200) size 800x28
        RenderText {#text} at (0,0) size 372x14
          text run at (0,0) width 372: "PASS - \"left\" property for \"box1\" element at 0.5s saw something close to: 100"
        RenderBR {BR} at (372,0) size 0x14
        RenderText {#text} at (0,14) size 448x14
          text run at (0,14) width 448: "PASS - \"webkitTransform.4\" property for \"box2\" element at 0.5s saw something close to: 100"
        RenderBR {BR} at (448,14) size 0x14
layer at (100,0) size 100x100
  RenderBlock (positioned) {DIV} at (100,0) size 100x100 [bgcolor=#FF0000]
layer at (100,100) size 100x100
  RenderBlock (positioned) {DIV} at (100,100) size 100x100 [bgcolor=#FF0000]
layer at (100,0) size 100x100
  RenderBlock (relative positioned) {DIV} at (0,0) size 100x100 [bgcolor=#008000]
layer at (0,100) size 100x100
  RenderBlock (relative positioned) {DIV} at (0,100) size 100x100 [bgcolor=#008000]
