layer at (0,0) size 980x1628
  RenderView at (0,0) size 980x735
layer at (0,0) size 980x1628
  RenderBlock {html} at (0,0) size 980x1628
    RenderBody {body} at (8,8) size 964x0
      RenderBlock (floating) {div} at (0,0) size 964x1620
        RenderBlock {h1} at (0,21) size 964x37
          RenderText {#text} at (0,0) size 579x38
            text run at (0,0) width 579: "SVG grid with percentage width"
        RenderBlock {h4} at (0,79) size 964x19
          RenderText {#text} at (0,0) size 190x19
            text run at (0,0) width 190: "WICD Core 1.0 #20-3"
        RenderBlock {p} at (0,119) size 964x0
          RenderEmbeddedObject {object} at (0,0) size 482x161
            layer at (0,0) size 482x161
              RenderView at (0,0) size 482x161
            layer at (0,0) size 482x161
              RenderSVGRoot {svg} at (0,0) size 482x161
                RenderSVGHiddenContainer {defs} at (0,0) size 0x0
                  RenderSVGResourceLinearGradient {linearGradient} [id="surface"] [gradientUnits=objectBoundingBox] [start=(1,0)] [end=(1,1)]
                    RenderSVGGradientStop {stop} [offset=0.00] [color=#FFFFFF]
                    RenderSVGGradientStop {stop} [offset=1.00] [color=#FFEEAA]
                RenderSVGRect {rect} at (0,0) size 482x161 [stroke={[type=SOLID] [color=#FFCC33] [stroke width=2.00]}] [fill={[type=LINEAR-GRADIENT] [id="surface"]}] [x=1.00] [y=1.00] [width=118.00] [height=38.00]
                RenderSVGText {text} at (53,8) size 14x24 contains 1 chunk(s)
                  RenderSVGInlineText {#text} at (0,0) size 14x24
                    chunk 1 (middle anchor) text run 1 at (53.15,27.00) startOffset 0 endOffset 1 width 13.69: "A"
          RenderEmbeddedObject {object} at (482,0) size 482x161
            layer at (0,0) size 482x161
              RenderView at (0,0) size 482x161
            layer at (0,0) size 482x161
              RenderSVGRoot {svg} at (0,0) size 482x161
                RenderSVGHiddenContainer {defs} at (0,0) size 0x0
                  RenderSVGResourceLinearGradient {linearGradient} [id="surface"] [gradientUnits=objectBoundingBox] [start=(1,0)] [end=(1,1)]
                    RenderSVGGradientStop {stop} [offset=0.00] [color=#FFFFFF]
                    RenderSVGGradientStop {stop} [offset=1.00] [color=#FFEEAA]
                RenderSVGRect {rect} at (0,0) size 482x161 [stroke={[type=SOLID] [color=#FFCC33] [stroke width=2.00]}] [fill={[type=LINEAR-GRADIENT] [id="surface"]}] [x=1.00] [y=1.00] [width=118.00] [height=38.00]
                RenderSVGText {text} at (54,8) size 12x24 contains 1 chunk(s)
                  RenderSVGInlineText {#text} at (0,0) size 12x24
                    chunk 1 (middle anchor) text run 1 at (54.40,27.00) startOffset 0 endOffset 1 width 11.20: "L"
          RenderEmbeddedObject {object} at (0,161) size 321x562
            layer at (0,0) size 321x562
              RenderView at (0,0) size 321x562
            layer at (0,0) size 321x562
              RenderSVGRoot {svg} at (0,0) size 321x562
                RenderSVGHiddenContainer {defs} at (0,0) size 0x0
                  RenderSVGResourceLinearGradient {linearGradient} [id="surface"] [gradientUnits=objectBoundingBox] [start=(1,0)] [end=(1,1)]
                    RenderSVGGradientStop {stop} [offset=0.00] [color=#FFFFFF]
                    RenderSVGGradientStop {stop} [offset=1.00] [color=#FFEEAA]
                RenderSVGContainer {a} at (0,0) size 161x161
                  RenderSVGRect {rect} at (0,0) size 161x161 [stroke={[type=SOLID] [color=#FFCC33] [stroke width=2.00]}] [fill={[type=LINEAR-GRADIENT] [id="surface"]}] [x=1.00] [y=1.00] [width=38.00] [height=38.00]
                  RenderSVGText {text} at (13,8) size 14x24 contains 1 chunk(s)
                    RenderSVGInlineText {#text} at (0,0) size 14x24
                      chunk 1 (middle anchor) text run 1 at (13.15,27.00) startOffset 0 endOffset 1 width 13.71: "B"
                RenderSVGContainer {a} at (160,0) size 161x161
                  RenderSVGRect {rect} at (160,0) size 161x161 [stroke={[type=SOLID] [color=#FFCC33] [stroke width=2.00]}] [fill={[type=LINEAR-GRADIENT] [id="surface"]}] [x=41.00] [y=1.00] [width=38.00] [height=38.00]
                RenderSVGContainer {a} at (0,200) size 161x162
                  RenderSVGEllipse {circle} at (0,200) size 161x162 [stroke={[type=SOLID] [color=#FFCC33] [stroke width=2.00]}] [fill={[type=LINEAR-GRADIENT] [id="surface"]}] [cx=20.00] [cy=70.00] [r=19.00]
                  RenderSVGText {text} at (13,58) size 14x24 contains 1 chunk(s)
                    RenderSVGInlineText {#text} at (0,0) size 14x24
                      chunk 1 (middle anchor) text run 1 at (13.02,77.00) startOffset 0 endOffset 1 width 13.96: "C"
                RenderSVGContainer {a} at (160,200) size 161x162
                  RenderSVGEllipse {circle} at (160,200) size 161x162 [stroke={[type=SOLID] [color=#FFCC33] [stroke width=2.00]}] [fill={[type=LINEAR-GRADIENT] [id="surface"]}] [cx=60.00] [cy=70.00] [r=19.00]
                RenderSVGContainer {a} at (0,401) size 161x161
                  RenderSVGEllipse {circle} at (0,401) size 161x161 [stroke={[type=SOLID] [color=#FFCC33] [stroke width=2.00]}] [fill={[type=LINEAR-GRADIENT] [id="surface"]}] [cx=20.00] [cy=120.00] [r=19.00]
                  RenderSVGText {text} at (12,108) size 16x24 contains 1 chunk(s)
                    RenderSVGInlineText {#text} at (0,0) size 16x24
                      chunk 1 (middle anchor) text run 1 at (12.27,127.00) startOffset 0 endOffset 1 width 15.45: "D"
                RenderSVGContainer {a} at (160,401) size 161x161
                  RenderSVGEllipse {circle} at (160,401) size 161x161 [stroke={[type=SOLID] [color=#FFCC33] [stroke width=2.00]}] [fill={[type=LINEAR-GRADIENT] [id="surface"]}] [cx=60.00] [cy=120.00] [r=19.00]
                  RenderSVGText {text} at (53,108) size 13x24 contains 1 chunk(s)
                    RenderSVGInlineText {#text} at (0,0) size 13x24
                      chunk 1 (middle anchor) text run 1 at (53.64,127.00) startOffset 0 endOffset 1 width 12.71: "E"
          RenderBlock (floating) {div} at (321,161) size 321x562
            RenderEmbeddedObject {object} at (0,0) size 321x321
              layer at (0,0) size 321x321
                RenderView at (0,0) size 321x321
              layer at (0,0) size 321x321
                RenderSVGRoot {svg} at (0,0) size 321x321
                  RenderSVGHiddenContainer {defs} at (0,0) size 0x0
                    RenderSVGResourceLinearGradient {linearGradient} [id="surface"] [gradientUnits=objectBoundingBox] [start=(1,0)] [end=(1,1)]
                      RenderSVGGradientStop {stop} [offset=0.00] [color=#FFFFFF]
                      RenderSVGGradientStop {stop} [offset=1.00] [color=#FFEEAA]
                  RenderSVGRect {rect} at (0,0) size 321x321 [stroke={[type=SOLID] [color=#FFCC33] [stroke width=2.00]}] [fill={[type=LINEAR-GRADIENT] [id="surface"]}] [x=1.00] [y=1.00] [width=78.00] [height=78.00]
                  RenderSVGText {text} at (33,28) size 13x24 contains 1 chunk(s)
                    RenderSVGInlineText {#text} at (0,0) size 13x24
                      chunk 1 (middle anchor) text run 1 at (33.52,47.00) startOffset 0 endOffset 1 width 12.96: "K"
            RenderBR {br} at (321,0) size 0x19
            RenderEmbeddedObject {object} at (0,321) size 321x241
              layer at (0,0) size 321x241
                RenderView at (0,0) size 321x241
              layer at (0,0) size 321x241
                RenderSVGRoot {svg} at (0,0) size 321x241
                  RenderSVGHiddenContainer {defs} at (0,0) size 0x0
                    RenderSVGResourceLinearGradient {linearGradient} [id="surface"] [gradientUnits=objectBoundingBox] [start=(1,0)] [end=(1,1)]
                      RenderSVGGradientStop {stop} [offset=0.00] [color=#FFFFFF]
                      RenderSVGGradientStop {stop} [offset=1.00] [color=#FFEEAA]
                  RenderSVGRect {rect} at (0,0) size 321x241 [stroke={[type=SOLID] [color=#FFCC33] [stroke width=2.00]}] [fill={[type=LINEAR-GRADIENT] [id="surface"]}] [x=1.00] [y=1.00] [width=78.00] [height=58.00]
                  RenderSVGText {text} at (37,18) size 6x24 contains 1 chunk(s)
                    RenderSVGInlineText {#text} at (0,0) size 6x24
                      chunk 1 (middle anchor) text run 1 at (37.01,37.00) startOffset 0 endOffset 1 width 5.98: "J"
          RenderBlock (floating) {div} at (642,161) size 321x562
            RenderEmbeddedObject {object} at (0,0) size 321x321
              layer at (0,0) size 321x321
                RenderView at (0,0) size 321x321
              layer at (0,0) size 321x321
                RenderSVGRoot {svg} at (0,0) size 321x321
                  RenderSVGHiddenContainer {defs} at (0,0) size 0x0
                    RenderSVGResourceLinearGradient {linearGradient} [id="surface"] [gradientUnits=objectBoundingBox] [start=(1,0)] [end=(1,1)]
                      RenderSVGGradientStop {stop} [offset=0.00] [color=#FFFFFF]
                      RenderSVGGradientStop {stop} [offset=1.00] [color=#FFEEAA]
                  RenderSVGContainer {a} at (0,0) size 161x161
                    RenderSVGRect {rect} at (0,0) size 161x161 [stroke={[type=SOLID] [color=#FFCC33] [stroke width=2.00]}] [fill={[type=LINEAR-GRADIENT] [id="surface"]}] [x=1.00] [y=1.00] [width=38.00] [height=38.00]
                    RenderSVGText {text} at (11,8) size 18x24 contains 1 chunk(s)
                      RenderSVGInlineText {#text} at (0,0) size 18x24
                        chunk 1 (middle anchor) text run 1 at (11.40,27.00) startOffset 0 endOffset 1 width 17.20: "M"
                  RenderSVGContainer {a} at (160,0) size 161x161
                    RenderSVGRect {rect} at (160,0) size 161x161 [stroke={[type=SOLID] [color=#FFCC33] [stroke width=2.00]}] [fill={[type=LINEAR-GRADIENT] [id="surface"]}] [x=41.00] [y=1.00] [width=38.00] [height=38.00]
                    RenderSVGText {text} at (52,8) size 15x24 contains 1 chunk(s)
                      RenderSVGInlineText {#text} at (0,0) size 15x24
                        chunk 1 (middle anchor) text run 1 at (52.52,27.00) startOffset 0 endOffset 1 width 14.95: "N"
                  RenderSVGContainer {a} at (0,160) size 161x161
                    RenderSVGRect {rect} at (0,160) size 161x161 [stroke={[type=SOLID] [color=#FFCC33] [stroke width=2.00]}] [fill={[type=LINEAR-GRADIENT] [id="surface"]}] [x=1.00] [y=41.00] [width=38.00] [height=38.00]
                    RenderSVGText {text} at (14,48) size 12x24 contains 1 chunk(s)
                      RenderSVGInlineText {#text} at (0,0) size 12x24
                        chunk 1 (middle anchor) text run 1 at (14.02,67.00) startOffset 0 endOffset 1 width 11.96: "P"
                  RenderSVGContainer {a} at (160,160) size 161x161
                    RenderSVGRect {rect} at (160,160) size 161x161 [stroke={[type=SOLID] [color=#FFCC33] [stroke width=2.00]}] [fill={[type=LINEAR-GRADIENT] [id="surface"]}] [x=41.00] [y=41.00] [width=38.00] [height=38.00]
                    RenderSVGText {text} at (52,48) size 16x24 contains 1 chunk(s)
                      RenderSVGInlineText {#text} at (0,0) size 16x24
                        chunk 1 (middle anchor) text run 1 at (52.15,67.00) startOffset 0 endOffset 1 width 15.70: "O"
            RenderEmbeddedObject {object} at (0,321) size 321x241
              layer at (0,0) size 321x241
                RenderView at (0,0) size 321x241
              layer at (0,0) size 321x241
                RenderSVGRoot {svg} at (0,0) size 321x241
                  RenderSVGHiddenContainer {defs} at (0,0) size 0x0
                    RenderSVGResourceLinearGradient {linearGradient} [id="surface"] [gradientUnits=objectBoundingBox] [start=(1,0)] [end=(1,1)]
                      RenderSVGGradientStop {stop} [offset=0.00] [color=#FFFFFF]
                      RenderSVGGradientStop {stop} [offset=1.00] [color=#FFEEAA]
                  RenderSVGEllipse {ellipse} at (0,0) size 321x241 [stroke={[type=SOLID] [color=#FFCC33] [stroke width=2.00]}] [fill={[type=LINEAR-GRADIENT] [id="surface"]}] [cx=40.00] [cy=30.00] [rx=39.00] [ry=29.00]
                  RenderSVGText {text} at (32,18) size 16x24 contains 1 chunk(s)
                    RenderSVGInlineText {#text} at (0,0) size 16x24
                      chunk 1 (middle anchor) text run 1 at (32.15,37.00) startOffset 0 endOffset 1 width 15.70: "Q"
          RenderEmbeddedObject {object} at (0,723) size 482x161
            layer at (0,0) size 482x161
              RenderView at (0,0) size 482x161
            layer at (0,0) size 482x161
              RenderSVGRoot {svg} at (0,0) size 482x161
                RenderSVGHiddenContainer {defs} at (0,0) size 0x0
                  RenderSVGResourceLinearGradient {linearGradient} [id="surface"] [gradientUnits=objectBoundingBox] [start=(1,0)] [end=(1,1)]
                    RenderSVGGradientStop {stop} [offset=0.00] [color=#FFFFFF]
                    RenderSVGGradientStop {stop} [offset=1.00] [color=#FFEEAA]
                RenderSVGRect {rect} at (0,0) size 482x161 [stroke={[type=SOLID] [color=#FFCC33] [stroke width=2.00]}] [fill={[type=LINEAR-GRADIENT] [id="surface"]}] [x=1.00] [y=1.00] [width=118.00] [height=38.00]
                RenderSVGText {text} at (54,8) size 12x24 contains 1 chunk(s)
                  RenderSVGInlineText {#text} at (0,0) size 12x24
                    chunk 1 (middle anchor) text run 1 at (54.27,27.00) startOffset 0 endOffset 1 width 11.45: "F"
          RenderEmbeddedObject {object} at (482,723) size 482x161
            layer at (0,0) size 482x161
              RenderView at (0,0) size 482x161
            layer at (0,0) size 482x161
              RenderSVGRoot {svg} at (0,0) size 482x161
                RenderSVGHiddenContainer {defs} at (0,0) size 0x0
                  RenderSVGResourceLinearGradient {linearGradient} [id="surface"] [gradientUnits=objectBoundingBox] [start=(1,0)] [end=(1,1)]
                    RenderSVGGradientStop {stop} [offset=0.00] [color=#FFFFFF]
                    RenderSVGGradientStop {stop} [offset=1.00] [color=#FFEEAA]
                RenderSVGRect {rect} at (0,0) size 482x161 [stroke={[type=SOLID] [color=#FFCC33] [stroke width=2.00]}] [fill={[type=LINEAR-GRADIENT] [id="surface"]}] [x=1.00] [y=1.00] [width=118.00] [height=38.00]
                RenderSVGText {text} at (57,8) size 6x24 contains 1 chunk(s)
                  RenderSVGInlineText {#text} at (0,0) size 6x24
                    chunk 1 (middle anchor) text run 1 at (57.01,27.00) startOffset 0 endOffset 1 width 5.98: "I"
          RenderBlock (floating) {div} at (0,884) size 482x241
            RenderEmbeddedObject {object} at (0,0) size 120x240
              layer at (0,0) size 120x240
                RenderView at (0,0) size 120x240
              layer at (0,0) size 120x240
                RenderSVGRoot {svg} at (0,0) size 120x240
                  RenderSVGHiddenContainer {defs} at (0,0) size 0x0
                    RenderSVGResourceLinearGradient {linearGradient} [id="surface"] [gradientUnits=objectBoundingBox] [start=(1,0)] [end=(1,1)]
                      RenderSVGGradientStop {stop} [offset=0.00] [color=#FFFFFF]
                      RenderSVGGradientStop {stop} [offset=1.00] [color=#FFEEAA]
                  RenderSVGRect {rect} at (0,0) size 120x240 [stroke={[type=SOLID] [color=#FFCC33] [stroke width=2.00]}] [fill={[type=LINEAR-GRADIENT] [id="surface"]}] [x=1.00] [y=1.00] [width=28.00] [height=58.00]
            RenderEmbeddedObject {object} at (120,0) size 361x241
              layer at (0,0) size 361x241
                RenderView at (0,0) size 361x241
              layer at (0,0) size 361x241
                RenderSVGRoot {svg} at (0,0) size 361x241
                  RenderSVGHiddenContainer {defs} at (0,0) size 0x0
                    RenderSVGResourceLinearGradient {linearGradient} [id="surface"] [gradientUnits=objectBoundingBox] [start=(1,0)] [end=(1,1)]
                      RenderSVGGradientStop {stop} [offset=0.00] [color=#FFFFFF]
                      RenderSVGGradientStop {stop} [offset=1.00] [color=#FFEEAA]
                  RenderSVGRect {rect} at (0,0) size 361x241 [stroke={[type=SOLID] [color=#FFCC33] [stroke width=2.00]}] [fill={[type=LINEAR-GRADIENT] [id="surface"]}] [x=1.00] [y=1.00] [width=88.00] [height=58.00]
                  RenderSVGText {text} at (37,18) size 16x24 contains 1 chunk(s)
                    RenderSVGInlineText {#text} at (0,0) size 16x24
                      chunk 1 (middle anchor) text run 1 at (37.27,37.00) startOffset 0 endOffset 1 width 15.46: "G"
          RenderBlock (floating) {div} at (482,884) size 482x241
            RenderEmbeddedObject {object} at (0,0) size 241x241
              layer at (0,0) size 241x241
                RenderView at (0,0) size 241x241
              layer at (0,0) size 241x241
                RenderSVGRoot {svg} at (0,0) size 241x241
                  RenderSVGHiddenContainer {defs} at (0,0) size 0x0
                    RenderSVGResourceLinearGradient {linearGradient} [id="surface"] [gradientUnits=objectBoundingBox] [start=(1,0)] [end=(1,1)]
                      RenderSVGGradientStop {stop} [offset=0.00] [color=#FFFFFF]
                      RenderSVGGradientStop {stop} [offset=1.00] [color=#FFEEAA]
                  RenderSVGEllipse {ellipse} at (0,0) size 241x241 [stroke={[type=SOLID] [color=#FFCC33] [stroke width=2.00]}] [fill={[type=LINEAR-GRADIENT] [id="surface"]}] [cx=30.00] [cy=30.00] [rx=29.00] [ry=29.00]
                  RenderSVGText {text} at (22,18) size 15x24 contains 1 chunk(s)
                    RenderSVGInlineText {#text} at (0,0) size 15x24
                      chunk 1 (middle anchor) text run 1 at (22.53,37.00) startOffset 0 endOffset 1 width 14.94: "H"
            RenderEmbeddedObject {object} at (241,0) size 241x241
              layer at (0,0) size 241x241
                RenderView at (0,0) size 241x241
              layer at (0,0) size 241x241
                RenderSVGRoot {svg} at (0,0) size 241x241
                  RenderSVGHiddenContainer {defs} at (0,0) size 0x0
                    RenderSVGResourceLinearGradient {linearGradient} [id="surface"] [gradientUnits=objectBoundingBox] [start=(1,0)] [end=(1,1)]
                      RenderSVGGradientStop {stop} [offset=0.00] [color=#FFFFFF]
                      RenderSVGGradientStop {stop} [offset=1.00] [color=#FFEEAA]
                  RenderSVGRect {rect} at (0,0) size 241x241 [stroke={[type=SOLID] [color=#FFCC33] [stroke width=2.00]}] [fill={[type=LINEAR-GRADIENT] [id="surface"]}] [x=1.00] [y=1.00] [width=58.00] [height=58.00]
                  RenderSVGText {text} at (23,18) size 14x24 contains 1 chunk(s)
                    RenderSVGInlineText {#text} at (0,0) size 14x24
                      chunk 1 (middle anchor) text run 1 at (23.03,37.00) startOffset 0 endOffset 1 width 13.94: "R"
          RenderEmbeddedObject {object} at (0,1125) size 241x161
            layer at (0,0) size 241x161
              RenderView at (0,0) size 241x161
            layer at (0,0) size 241x161
              RenderSVGRoot {svg} at (0,0) size 241x161
                RenderSVGHiddenContainer {defs} at (0,0) size 0x0
                  RenderSVGResourceLinearGradient {linearGradient} [id="surface"] [gradientUnits=objectBoundingBox] [start=(1,0)] [end=(1,1)]
                    RenderSVGGradientStop {stop} [offset=0.00] [color=#FFFFFF]
                    RenderSVGGradientStop {stop} [offset=1.00] [color=#FFEEAA]
                RenderSVGEllipse {ellipse} at (0,0) size 241x161 [stroke={[type=SOLID] [color=#FFCC33] [stroke width=2.00]}] [fill={[type=LINEAR-GRADIENT] [id="surface"]}] [cx=30.00] [cy=20.00] [rx=29.00] [ry=19.00]
          RenderEmbeddedObject {object} at (241,1125) size 241x161
            layer at (0,0) size 241x161
              RenderView at (0,0) size 241x161
            layer at (0,0) size 241x161
              RenderSVGRoot {svg} at (0,0) size 241x161
                RenderSVGHiddenContainer {defs} at (0,0) size 0x0
                  RenderSVGResourceLinearGradient {linearGradient} [id="surface"] [gradientUnits=objectBoundingBox] [start=(1,0)] [end=(1,1)]
                    RenderSVGGradientStop {stop} [offset=0.00] [color=#FFFFFF]
                    RenderSVGGradientStop {stop} [offset=1.00] [color=#FFEEAA]
                RenderSVGEllipse {ellipse} at (0,0) size 241x161 [stroke={[type=SOLID] [color=#FFCC33] [stroke width=2.00]}] [fill={[type=LINEAR-GRADIENT] [id="surface"]}] [cx=30.00] [cy=20.00] [rx=29.00] [ry=19.00]
          RenderBlock (floating) {div} at (482,1125) size 482x160
            RenderEmbeddedObject {object} at (0,0) size 361x160
              layer at (0,0) size 361x160
                RenderView at (0,0) size 361x160
              layer at (0,0) size 361x160
                RenderSVGRoot {svg} at (0,0) size 361x160
                  RenderSVGHiddenContainer {defs} at (0,0) size 0x0
                    RenderSVGResourceLinearGradient {linearGradient} [id="surface"] [gradientUnits=objectBoundingBox] [start=(1,0)] [end=(1,1)]
                      RenderSVGGradientStop {stop} [offset=0.00] [color=#FFFFFF]
                      RenderSVGGradientStop {stop} [offset=1.00] [color=#FFEEAA]
                  RenderSVGRect {rect} at (0,0) size 361x160 [stroke={[type=SOLID] [color=#FFCC33] [stroke width=2.00]}] [fill={[type=LINEAR-GRADIENT] [id="surface"]}] [x=1.00] [y=1.00] [width=88.00] [height=38.00]
                  RenderSVGText {text} at (38,8) size 13x24 contains 1 chunk(s)
                    RenderSVGInlineText {#text} at (0,0) size 13x24
                      chunk 1 (middle anchor) text run 1 at (38.63,27.00) startOffset 0 endOffset 1 width 12.75: "S"
            RenderEmbeddedObject {object} at (361,0) size 120x160
              layer at (0,0) size 120x160
                RenderView at (0,0) size 120x160
              layer at (0,0) size 120x160
                RenderSVGRoot {svg} at (0,0) size 120x160
                  RenderSVGHiddenContainer {defs} at (0,0) size 0x0
                    RenderSVGResourceLinearGradient {linearGradient} [id="surface"] [gradientUnits=objectBoundingBox] [start=(1,0)] [end=(1,1)]
                      RenderSVGGradientStop {stop} [offset=0.00] [color=#FFFFFF]
                      RenderSVGGradientStop {stop} [offset=1.00] [color=#FFEEAA]
                  RenderSVGRect {rect} at (0,0) size 120x160 [stroke={[type=SOLID] [color=#FFCC33] [stroke width=2.00]}] [fill={[type=LINEAR-GRADIENT] [id="surface"]}] [x=1.00] [y=1.00] [width=28.00] [height=38.00]
                  RenderSVGText {text} at (8,8) size 13x24 contains 1 chunk(s)
                    RenderSVGInlineText {#text} at (0,0) size 13x24
                      chunk 1 (middle anchor) text run 1 at (8.88,27.00) startOffset 0 endOffset 1 width 12.25: "T"
        RenderBlock {p} at (0,119) size 964x1304 [color=#FFFFFF]
          RenderBR {br} at (964,0) size 0x19
          RenderText {#text} at (482,1285) size 10x19
            text run at (482,1285) width 10: ".."
        RenderBlock {p} at (0,1439) size 964x57
          RenderText {#text} at (0,0) size 949x57
            text run at (0,0) width 796: "Above, you should see a grid of 17 SVG child elements sticked together to build one rectangle grid. "
            text run at (796,0) width 151: "You should be able"
            text run at (0,19) width 949: "to resize your browser window and the grid rendering should adjust to it. The outcome should look like in these sample"
            text run at (0,38) width 106: "screenshots: "
          RenderInline {a} at (0,0) size 42x19 [color=#0000EE]
            RenderText {#text} at (106,38) size 42x19
              text run at (106,38) width 42: "small"
          RenderText {#text} at (148,38) size 10x19
            text run at (148,38) width 10: ", "
          RenderInline {a} at (0,0) size 51x19 [color=#0000EE]
            RenderText {#text} at (158,38) size 51x19
              text run at (158,38) width 51: "bigger"
          RenderText {#text} at (209,38) size 40x19
            text run at (209,38) width 40: " and "
          RenderInline {a} at (0,0) size 24x19 [color=#0000EE]
            RenderText {#text} at (249,38) size 24x19
              text run at (249,38) width 24: "big"
          RenderText {#text} at (273,38) size 5x19
            text run at (273,38) width 5: "."
        RenderBlock {p} at (0,1512) size 964x38
          RenderText {#text} at (0,0) size 945x38
            text run at (0,0) width 945: "The test is successful, if all SVG elements resize exacly dependend on the width of the browser window, but keep their"
            text run at (0,19) width 798: "aspect ratio and relative position. The complete grid should always show a perfect rectangle object."
        RenderBlock {p} at (0,1566) size 964x38
          RenderBR {br} at (0,0) size 0x19
          RenderInline {a} at (0,0) size 39x19 [color=#0000EE]
            RenderText {#text} at (0,19) size 39x19
              text run at (0,19) width 39: "Back"
