layer at (0,0) size 980x989
  RenderView at (0,0) size 980x735
layer at (0,0) size 980x989
  RenderBlock {html} at (0,0) size 980x989
    RenderBody {body} at (58,30) size 921x951
      RenderBlock {div} at (0,0) size 921x951
        RenderBlock {h1} at (0,0) size 755x30
          RenderText {#text} at (0,0) size 467x30
            text run at (0,0) width 467: "rightsizing to percentage width"
        RenderBlock {h4} at (0,30) size 921x16
          RenderText {#text} at (0,0) size 167x16
            text run at (0,0) width 167: "WICD Core 1.0 #20-2"
        RenderBlock (anonymous) at (0,65) size 921x372
          RenderEmbeddedObject {object} at (0,0) size 368x368 [bgcolor=#FF0000]
            layer at (0,0) size 368x368
              RenderView at (0,0) size 368x368
            layer at (0,0) size 368x368
              RenderSVGRoot {svg} at (0,0) size 368x368
                RenderSVGHiddenContainer {defs} at (0,0) size 0x0
                RenderSVGRect {rect} at (0,0) size 368x368 [fill={[type=SOLID] [color=#5588FF]}] [x=-3000.00] [y=-1000.00] [width=6200.00] [height=2200.00]
                RenderSVGEllipse {circle} at (0,0) size 368x368 [fill={[type=SOLID] [color=#0000FF]}] [cx=100.00] [cy=100.00] [r=100.00]
                RenderSVGContainer {g} at (47,108) size 274x154
                  RenderSVGText {text} at (26,59) size 147x82 contains 1 chunk(s)
                    RenderSVGInlineText {#text} at (0,0) size 147x82
                      chunk 1 (middle anchor) text run 1 at (26.60,125.00) startOffset 0 endOffset 3 width 146.79: "SVG"
          RenderText {#text} at (368,353) size 5x19
            text run at (368,353) width 5: " "
          RenderEmbeddedObject {object} at (373,184) size 184x184 [bgcolor=#FF0000]
            layer at (0,0) size 184x184
              RenderView at (0,0) size 184x184
            layer at (0,0) size 184x184
              RenderSVGRoot {svg} at (0,0) size 184x184
                RenderSVGHiddenContainer {defs} at (0,0) size 0x0
                RenderSVGRect {rect} at (0,0) size 184x184 [fill={[type=SOLID] [color=#5588FF]}] [x=-3000.00] [y=-1000.00] [width=6200.00] [height=2200.00]
                RenderSVGEllipse {circle} at (0,0) size 184x184 [fill={[type=SOLID] [color=#0000FF]}] [cx=100.00] [cy=100.00] [r=100.00]
                RenderSVGContainer {g} at (24,55) size 136x76
                  RenderSVGText {text} at (27,60) size 146x81 contains 1 chunk(s)
                    RenderSVGInlineText {#text} at (0,0) size 146x81
                      chunk 1 (middle anchor) text run 1 at (27.17,125.00) startOffset 0 endOffset 3 width 145.65: "SVG"
          RenderText {#text} at (557,353) size 5x19
            text run at (557,353) width 5: " "
          RenderEmbeddedObject {object} at (562,276) size 92x92 [bgcolor=#FF0000]
            layer at (0,0) size 92x92
              RenderView at (0,0) size 92x92
            layer at (0,0) size 92x92
              RenderSVGRoot {svg} at (0,0) size 92x92
                RenderSVGHiddenContainer {defs} at (0,0) size 0x0
                RenderSVGRect {rect} at (0,0) size 92x92 [fill={[type=SOLID] [color=#5588FF]}] [x=-3000.00] [y=-1000.00] [width=6200.00] [height=2200.00]
                RenderSVGEllipse {circle} at (0,0) size 92x92 [fill={[type=SOLID] [color=#0000FF]}] [cx=100.00] [cy=100.00] [r=100.00]
                RenderSVGContainer {g} at (12,27) size 68x39
                  RenderSVGText {text} at (27,60) size 146x81 contains 1 chunk(s)
                    RenderSVGInlineText {#text} at (0,0) size 146x81
                      chunk 1 (middle anchor) text run 1 at (27.17,125.00) startOffset 0 endOffset 3 width 145.65: "SVG"
          RenderText {#text} at (654,353) size 5x19
            text run at (654,353) width 5: " "
          RenderEmbeddedObject {object} at (659,322) size 46x46 [bgcolor=#FF0000]
            layer at (0,0) size 46x46
              RenderView at (0,0) size 46x46
            layer at (0,0) size 46x46
              RenderSVGRoot {svg} at (0,0) size 46x46
                RenderSVGHiddenContainer {defs} at (0,0) size 0x0
                RenderSVGRect {rect} at (0,0) size 46x46 [fill={[type=SOLID] [color=#5588FF]}] [x=-3000.00] [y=-1000.00] [width=6200.00] [height=2200.00]
                RenderSVGEllipse {circle} at (0,0) size 46x46 [fill={[type=SOLID] [color=#0000FF]}] [cx=100.00] [cy=100.00] [r=100.00]
                RenderSVGContainer {g} at (6,13) size 34x20
                  RenderSVGText {text} at (27,60) size 146x81 contains 1 chunk(s)
                    RenderSVGInlineText {#text} at (0,0) size 146x81
                      chunk 1 (middle anchor) text run 1 at (27.17,125.00) startOffset 0 endOffset 3 width 145.65: "SVG"
          RenderText {#text} at (0,0) size 0x0
        RenderBlock {p} at (0,439) size 755x64
          RenderText {#text} at (0,0) size 752x32
            text run at (0,0) width 752: "Above there must be four times the same, square SVG child visible, each referenced by an object element"
            text run at (0,16) width 464: "with different widths (40%, 20%, 10%, 5%) and no height defined. "
          RenderBR {br} at (0,0) size 0x0
          RenderBR {br} at (0,32) size 0x16
          RenderText {#text} at (0,48) size 453x16
            text run at (0,48) width 453: "Beyond there is the same, only with PNG images instead of SVG."
        RenderBlock (anonymous) at (0,508) size 921x372
          RenderImage {object} at (0,0) size 368x368 [bgcolor=#FF0000]
          RenderText {#text} at (368,353) size 5x19
            text run at (368,353) width 5: " "
          RenderImage {object} at (373,184) size 184x184 [bgcolor=#FF0000]
          RenderText {#text} at (557,353) size 5x19
            text run at (557,353) width 5: " "
          RenderImage {object} at (562,276) size 92x92 [bgcolor=#FF0000]
          RenderText {#text} at (654,353) size 5x19
            text run at (654,353) width 5: " "
          RenderImage {object} at (659,322) size 46x46 [bgcolor=#FF0000]
          RenderText {#text} at (0,0) size 0x0
        RenderBlock {p} at (0,882) size 755x32
          RenderText {#text} at (0,0) size 670x32
            text run at (0,0) width 670: "This test has succeeded, if both rows look exactly the same (SVGs must be square!) and no red"
            text run at (0,16) width 193: "background color is visible."
        RenderBlock {p} at (0,919) size 755x32
          RenderBR {br} at (0,0) size 0x16
          RenderInline {a} at (0,0) size 35x16 [color=#000066]
            RenderText {#text} at (0,16) size 35x16
              text run at (0,16) width 35: "Back"
