layer at (0,0) size 980x735
  RenderView at (0,0) size 980x735
layer at (0,0) size 980x536
  RenderBlock {html} at (0,0) size 980x536
    RenderBody {body} at (58,30) size 921x498
      RenderBlock {div} at (0,0) size 921x498
        RenderBlock {h1} at (0,0) size 755x30
          RenderText {#text} at (0,0) size 260x30
            text run at (0,0) width 260: "rightsizing to box"
        RenderBlock {h4} at (0,30) size 921x16
          RenderText {#text} at (0,0) size 167x16
            text run at (0,0) width 167: "WICD Core 1.0 #20-1"
        RenderBlock {div} at (0,65) size 176x62 [bgcolor=#FF0000]
          RenderImage {object} at (0,0) size 176x62
          RenderText {#text} at (0,0) size 0x0
        RenderBlock (anonymous) at (0,127) size 921x19
          RenderBR {br} at (0,0) size 0x19
        RenderBlock {div} at (0,146) size 176x62 [bgcolor=#FF0000]
          RenderEmbeddedObject {object} at (0,0) size 176x62
            layer at (0,0) size 176x62
              RenderView at (0,0) size 176x62
            layer at (0,0) size 176x62
              RenderSVGRoot {svg} at (0,0) size 176x62
                RenderSVGRect {rect} at (0,0) size 176x62 [fill={[type=SOLID] [color=#CCCCCC]}] [x=0.00] [y=0.00] [width=176.00] [height=62.00]
                RenderSVGRect {rect} at (2,2) size 174x60 [fill={[type=SOLID] [color=#333333]}] [x=2.00] [y=2.00] [width=174.00] [height=60.00]
                RenderSVGRect {rect} at (2,2) size 172x58 [fill={[type=SOLID] [color=#FFFFFF]}] [x=2.00] [y=2.00] [width=172.00] [height=58.00]
                RenderSVGRect {rect} at (86,2) size 88x58 [fill={[type=SOLID] [color=#FFCC33]}] [x=86.00] [y=2.00] [width=88.00] [height=58.00]
                RenderSVGText {text} at (44,9) size 83x46 contains 1 chunk(s)
                  RenderSVGInlineText {#text} at (0,0) size 83x46
                    chunk 1 (middle anchor) text run 1 at (44.50,46.00) startOffset 0 endOffset 3 width 83.00: "SVG"
          RenderText {#text} at (0,0) size 0x0
        RenderBlock {p} at (0,210) size 755x32
          RenderText {#text} at (0,0) size 678x32
            text run at (0,0) width 676: "Above there must be a GIF- and a SVG-image visible. Both are referenced by an object element"
            text run at (0,16) width 678: "(width:100%, no defined height) and each nested into a div element (width:176px, height:62px)."
        RenderBlock {div} at (0,247) size 176x62 [bgcolor=#FF0000]
          RenderImage {object} at (0,0) size 176x62
          RenderText {#text} at (0,0) size 0x0
        RenderBlock (anonymous) at (0,309) size 921x19
          RenderBR {br} at (0,0) size 0x19
        RenderBlock {div} at (0,328) size 176x62 [bgcolor=#FF0000]
          RenderEmbeddedObject {object} at (0,0) size 176x62
            layer at (0,0) size 176x62
              RenderView at (0,0) size 176x62
            layer at (0,0) size 176x62
              RenderSVGRoot {svg} at (0,0) size 176x62
                RenderSVGRect {rect} at (0,0) size 176x62 [fill={[type=SOLID] [color=#CCCCCC]}] [x=0.00] [y=0.00] [width=176.00] [height=62.00]
                RenderSVGRect {rect} at (2,2) size 174x60 [fill={[type=SOLID] [color=#333333]}] [x=2.00] [y=2.00] [width=174.00] [height=60.00]
                RenderSVGRect {rect} at (2,2) size 172x58 [fill={[type=SOLID] [color=#FFFFFF]}] [x=2.00] [y=2.00] [width=172.00] [height=58.00]
                RenderSVGRect {rect} at (86,2) size 88x58 [fill={[type=SOLID] [color=#FFCC33]}] [x=86.00] [y=2.00] [width=88.00] [height=58.00]
                RenderSVGText {text} at (44,9) size 83x46 contains 1 chunk(s)
                  RenderSVGInlineText {#text} at (0,0) size 83x46
                    chunk 1 (middle anchor) text run 1 at (44.50,46.00) startOffset 0 endOffset 3 width 83.00: "SVG"
          RenderText {#text} at (0,0) size 0x0
        RenderBlock {p} at (0,392) size 755x32
          RenderText {#text} at (0,0) size 703x32
            text run at (0,0) width 703: "Above there must be a GIF- and a SVG-image visible. Both are referenced by an object element (no"
            text run at (0,16) width 651: "defined width, height:100%) and each nested into a div element (width:176px, height:62px)."
        RenderBlock {p} at (0,429) size 755x32
          RenderText {#text} at (0,0) size 734x32
            text run at (0,0) width 734: "This tests have succeeded, if in both cases, the look (dimensions) of the SVG and the GIF are exactly the"
            text run at (0,16) width 518: "same (except the text apparently) and no red background color is visible."
        RenderBlock {p} at (0,466) size 755x32
          RenderBR {br} at (0,0) size 0x16
          RenderInline {a} at (0,0) size 35x16 [color=#000066]
            RenderText {#text} at (0,16) size 35x16
              text run at (0,16) width 35: "Back"
