layer at (0,0) size 980x735
  RenderView at (0,0) size 980x735
layer at (0,0) size 980x735
  RenderBlock {html} at (0,0) size 980x735
    RenderBody {body} at (58,30) size 921x171
      RenderBlock {h1} at (0,0) size 755x30
        RenderText {#text} at (0,0) size 461x30
          text run at (0,0) width 461: "scalable fullscreen background"
      RenderBlock {h4} at (0,30) size 921x16
        RenderText {#text} at (0,0) size 151x16
          text run at (0,0) width 151: "WICD Core 1.0 #12"
      RenderBlock {p} at (0,65) size 755x48
        RenderText {#text} at (0,0) size 728x48
          text run at (0,0) width 701: "This text is XHTML main layer content, which must overlay a lightblue SVG-background image with "
          text run at (701,0) width 27: "text"
          text run at (0,16) width 718: "('SVG background image'). The SVG background image must cover the complete XHTML-background"
          text run at (0,32) width 37: "area."
      RenderBlock {p} at (0,118) size 755x32
        RenderText {#text} at (0,0) size 729x32
          text run at (0,0) width 729: "This test has failed, if you don't see any graphics on the background. (your user agent does not support"
          text run at (0,16) width 197: "SVG as background image)."
      RenderBlock {p} at (0,155) size 755x16
        RenderInline {a} at (0,0) size 35x16 [color=#000066]
          RenderText {#text} at (0,0) size 35x16
            text run at (0,0) width 35: "Back"
