EDITING DELEGATE: shouldBeginEditingInDOMRange:range from 0 of DIV > BODY > HTML > #document to 3 of DIV > BODY > HTML > #document
EDITING DELEGATE: webViewDidBeginEditing:WebViewDidBeginEditingNotification
EDITING DELEGATE: webViewDidChangeSelection:WebViewDidChangeSelectionNotification
EDITING DELEGATE: webViewDidChangeSelection:WebViewDidChangeSelectionNotification
EDITING DELEGATE: webViewDidChangeSelection:WebViewDidChangeSelectionNotification
EDITING DELEGATE: webViewDidChange:WebViewDidChangeNotification
EDITING DELEGATE: webViewDidChangeSelection:WebViewDidChangeSelectionNotification
EDITING DELEGATE: webViewDidChangeSelection:WebViewDidChangeSelectionNotification
EDITING DELEGATE: webViewDidChangeSelection:WebViewDidChangeSelectionNotification
EDITING DELEGATE: webViewDidChange:WebViewDidChangeNotification
EDITING DELEGATE: webViewDidChangeSelection:WebViewDidChangeSelectionNotification
EDITING DELEGATE: webViewDidChangeSelection:WebViewDidChangeSelectionNotification
EDITING DELEGATE: webViewDidChangeSelection:WebViewDidChangeSelectionNotification
EDITING DELEGATE: webViewDidChange:WebViewDidChangeNotification
EDITING DELEGATE: webViewDidChangeSelection:WebViewDidChangeSelectionNotification
layer at (0,0) size 980x735
  RenderView at (0,0) size 980x735
layer at (0,0) size 980x735
  RenderBlock {HTML} at (0,0) size 980x735
    RenderBody {BODY} at (8,8) size 964x719
      RenderBlock {DIV} at (0,0) size 964x222 [border: (4px solid #0000FF)]
        RenderBlock {DIV} at (20,20) size 924x70
          RenderText {#text} at (0,0) size 89x28
            text run at (0,0) width 89: "Tests: "
          RenderBR {BR} at (0,0) size 0x0
          RenderText {#text} at (0,28) size 807x21
            text run at (0,28) width 807: "Our ability to \"edit around\" content the HTML editing code does not yet handle very well. "
          RenderBR {BR} at (807,45) size 0x0
          RenderInline {I} at (0,0) size 118x21
            RenderText {#text} at (0,49) size 118x21
              text run at (0,49) width 118: "For this test: "
          RenderText {#text} at (118,49) size 284x21
            text run at (118,49) width 284: "Test typing at the start of a list."
        RenderBlock (anonymous) at (20,90) size 924x21
          RenderBR {BR} at (0,0) size 0x21
        RenderBlock {DIV} at (20,111) size 924x91
          RenderText {#text} at (0,0) size 246x28
            text run at (0,0) width 246: "Expected Results: "
          RenderBR {BR} at (246,22) size 0x0
          RenderText {#text} at (0,28) size 889x42
            text run at (0,28) width 889: "The content in the red box must exactly match the content in the green box (except for the border"
            text run at (0,49) width 63: "color). "
          RenderBR {BR} at (63,66) size 0x0
          RenderInline {I} at (0,0) size 118x21
            RenderText {#text} at (0,70) size 118x21
              text run at (0,70) width 118: "For this test: "
          RenderText {#text} at (118,70) size 518x21
            text run at (118,70) width 518: "Typed text should appear at the start of the first list item."
      RenderBlock {DIV} at (0,232) size 964x136 [border: (2px solid #008000)]
        RenderBlock {UL} at (2,26) size 960x84
          RenderListItem {LI} at (40,0) size 920x28
            RenderListMarker at (-22,0) size 9x28: bullet
            RenderText {#text} at (0,0) size 139x28
              text run at (0,0) width 139: "xxxline one"
          RenderListItem {LI} at (40,28) size 920x28
            RenderListMarker at (-22,0) size 9x28: bullet
            RenderText {#text} at (0,0) size 96x28
              text run at (0,0) width 96: "line two"
          RenderListItem {LI} at (40,56) size 920x28
            RenderListMarker at (-22,0) size 9x28: bullet
            RenderText {#text} at (0,0) size 116x28
              text run at (0,0) width 116: "line three"
      RenderBlock {DIV} at (0,378) size 964x136
        RenderBlock {DIV} at (0,0) size 964x136 [border: (2px solid #FF0000)]
          RenderBlock {UL} at (2,26) size 960x84
            RenderListItem {LI} at (40,0) size 920x28
              RenderListMarker at (-22,0) size 9x28: bullet
              RenderText {#text} at (0,0) size 139x28
                text run at (0,0) width 139: "xxxline one"
            RenderListItem {LI} at (40,28) size 920x28
              RenderListMarker at (-22,0) size 9x28: bullet
              RenderText {#text} at (0,0) size 96x28
                text run at (0,0) width 96: "line two"
            RenderListItem {LI} at (40,56) size 920x28
              RenderListMarker at (-22,0) size 9x28: bullet
              RenderText {#text} at (0,0) size 116x28
                text run at (0,0) width 116: "line three"
caret: position 3 of child 0 {#text} of child 1 {LI} of child 1 {UL} of child 1 {DIV} of child 5 {DIV} of body
