EDITING DELEGATE: shouldBeginEditingInDOMRange:range from 0 of DIV > BODY > HTML > #document to 3 of DIV > BODY > HTML > #document
EDITING DELEGATE: webViewDidBeginEditing:WebViewDidBeginEditingNotification
EDITING DELEGATE: webViewDidChangeSelection:WebViewDidChangeSelectionNotification
EDITING DELEGATE: shouldChangeSelectedDOMRange:range from 2 of DIV > DIV > BODY > HTML > #document to 2 of DIV > DIV > BODY > HTML > #document toDOMRange:range from 1 of #text > DIV > DIV > BODY > HTML > #document to 1 of #text > DIV > DIV > BODY > HTML > #document affinity:NSSelectionAffinityDownstream stillSelecting:FALSE
EDITING DELEGATE: webViewDidChangeSelection:WebViewDidChangeSelectionNotification
EDITING DELEGATE: webViewDidChange:WebViewDidChangeNotification
EDITING DELEGATE: webViewDidChangeSelection:WebViewDidChangeSelectionNotification
EDITING DELEGATE: webViewDidChangeSelection:WebViewDidChangeSelectionNotification
EDITING DELEGATE: webViewDidChangeSelection:WebViewDidChangeSelectionNotification
EDITING DELEGATE: webViewDidChange:WebViewDidChangeNotification
EDITING DELEGATE: webViewDidChangeSelection:WebViewDidChangeSelectionNotification
EDITING DELEGATE: webViewDidChangeSelection:WebViewDidChangeSelectionNotification
EDITING DELEGATE: webViewDidChangeSelection:WebViewDidChangeSelectionNotification
EDITING DELEGATE: webViewDidChange:WebViewDidChangeNotification
EDITING DELEGATE: webViewDidChangeSelection:WebViewDidChangeSelectionNotification
layer at (0,0) size 980x735
  RenderView at (0,0) size 980x735
layer at (0,0) size 980x735
  RenderBlock {HTML} at (0,0) size 980x735
    RenderBody {BODY} at (8,8) size 964x719
      RenderBlock {DIV} at (0,0) size 964x222 [border: (4px solid #0000FF)]
        RenderBlock {DIV} at (20,20) size 924x70
          RenderText {#text} at (0,0) size 89x28
            text run at (0,0) width 89: "Tests: "
          RenderBR {BR} at (0,0) size 0x0
          RenderText {#text} at (0,28) size 807x21
            text run at (0,28) width 807: "Our ability to \"edit around\" content the HTML editing code does not yet handle very well. "
          RenderBR {BR} at (807,45) size 0x0
          RenderInline {I} at (0,0) size 118x21
            RenderText {#text} at (0,49) size 118x21
              text run at (0,49) width 118: "For this test: "
          RenderText {#text} at (118,49) size 237x21
            text run at (118,49) width 237: "Test typing before a table."
        RenderBlock (anonymous) at (20,90) size 924x21
          RenderBR {BR} at (0,0) size 0x21
        RenderBlock {DIV} at (20,111) size 924x91
          RenderText {#text} at (0,0) size 246x28
            text run at (0,0) width 246: "Expected Results: "
          RenderBR {BR} at (246,22) size 0x0
          RenderText {#text} at (0,28) size 889x42
            text run at (0,28) width 889: "The content in the red box must exactly match the content in the green box (except for the border"
            text run at (0,49) width 63: "color). "
          RenderBR {BR} at (63,66) size 0x0
          RenderInline {I} at (0,0) size 118x21
            RenderText {#text} at (0,70) size 118x21
              text run at (0,70) width 118: "For this test: "
          RenderText {#text} at (118,70) size 560x21
            text run at (118,70) width 560: "Typed text should appear before (on the line above) the table."
      RenderBlock {DIV} at (0,232) size 964x111 [border: (2px solid #008000)]
        RenderBlock (anonymous) at (2,2) size 960x28
          RenderText {#text} at (0,0) size 42x28
            text run at (0,0) width 42: "xxx"
        RenderTable {TABLE} at (2,30) size 52x79 [border: (1px outset #808080)]
          RenderTableSection {TBODY} at (1,1) size 50x77
            RenderTableRow {TR} at (0,2) size 50x23
              RenderTableCell {TD} at (2,2) size 14x23 [border: (1px inset #808080)] [r=0 c=0 rs=1 cs=1]
                RenderText {#text} at (2,2) size 10x19
                  text run at (2,2) width 10: "1"
              RenderTableCell {TD} at (18,2) size 14x23 [border: (1px inset #808080)] [r=0 c=1 rs=1 cs=1]
                RenderText {#text} at (2,2) size 10x19
                  text run at (2,2) width 10: "2"
              RenderTableCell {TD} at (34,2) size 14x23 [border: (1px inset #808080)] [r=0 c=2 rs=1 cs=1]
                RenderText {#text} at (2,2) size 10x19
                  text run at (2,2) width 10: "3"
            RenderTableRow {TR} at (0,27) size 50x23
              RenderTableCell {TD} at (2,27) size 14x23 [border: (1px inset #808080)] [r=1 c=0 rs=1 cs=1]
                RenderText {#text} at (2,2) size 10x19
                  text run at (2,2) width 10: "4"
              RenderTableCell {TD} at (18,27) size 14x23 [border: (1px inset #808080)] [r=1 c=1 rs=1 cs=1]
                RenderText {#text} at (2,2) size 10x19
                  text run at (2,2) width 10: "5"
              RenderTableCell {TD} at (34,27) size 14x23 [border: (1px inset #808080)] [r=1 c=2 rs=1 cs=1]
                RenderText {#text} at (2,2) size 10x19
                  text run at (2,2) width 10: "6"
            RenderTableRow {TR} at (0,52) size 50x23
              RenderTableCell {TD} at (2,52) size 14x23 [border: (1px inset #808080)] [r=2 c=0 rs=1 cs=1]
                RenderText {#text} at (2,2) size 10x19
                  text run at (2,2) width 10: "7"
              RenderTableCell {TD} at (18,52) size 14x23 [border: (1px inset #808080)] [r=2 c=1 rs=1 cs=1]
                RenderText {#text} at (2,2) size 10x19
                  text run at (2,2) width 10: "8"
              RenderTableCell {TD} at (34,52) size 14x23 [border: (1px inset #808080)] [r=2 c=2 rs=1 cs=1]
                RenderText {#text} at (2,2) size 10x19
                  text run at (2,2) width 10: "9"
      RenderBlock {DIV} at (0,353) size 964x111
        RenderBlock {DIV} at (0,0) size 964x111 [border: (2px solid #FF0000)]
          RenderBlock (anonymous) at (2,2) size 960x28
            RenderText {#text} at (0,0) size 42x28
              text run at (0,0) width 42: "xxx"
          RenderTable {TABLE} at (2,30) size 52x79 [border: (1px outset #808080)]
            RenderTableSection {TBODY} at (1,1) size 50x77
              RenderTableRow {TR} at (0,2) size 50x23
                RenderTableCell {TD} at (2,2) size 14x23 [border: (1px inset #808080)] [r=0 c=0 rs=1 cs=1]
                  RenderText {#text} at (2,2) size 10x19
                    text run at (2,2) width 10: "1"
                RenderTableCell {TD} at (18,2) size 14x23 [border: (1px inset #808080)] [r=0 c=1 rs=1 cs=1]
                  RenderText {#text} at (2,2) size 10x19
                    text run at (2,2) width 10: "2"
                RenderTableCell {TD} at (34,2) size 14x23 [border: (1px inset #808080)] [r=0 c=2 rs=1 cs=1]
                  RenderText {#text} at (2,2) size 10x19
                    text run at (2,2) width 10: "3"
              RenderTableRow {TR} at (0,27) size 50x23
                RenderTableCell {TD} at (2,27) size 14x23 [border: (1px inset #808080)] [r=1 c=0 rs=1 cs=1]
                  RenderText {#text} at (2,2) size 10x19
                    text run at (2,2) width 10: "4"
                RenderTableCell {TD} at (18,27) size 14x23 [border: (1px inset #808080)] [r=1 c=1 rs=1 cs=1]
                  RenderText {#text} at (2,2) size 10x19
                    text run at (2,2) width 10: "5"
                RenderTableCell {TD} at (34,27) size 14x23 [border: (1px inset #808080)] [r=1 c=2 rs=1 cs=1]
                  RenderText {#text} at (2,2) size 10x19
                    text run at (2,2) width 10: "6"
              RenderTableRow {TR} at (0,52) size 50x23
                RenderTableCell {TD} at (2,52) size 14x23 [border: (1px inset #808080)] [r=2 c=0 rs=1 cs=1]
                  RenderText {#text} at (2,2) size 10x19
                    text run at (2,2) width 10: "7"
                RenderTableCell {TD} at (18,52) size 14x23 [border: (1px inset #808080)] [r=2 c=1 rs=1 cs=1]
                  RenderText {#text} at (2,2) size 10x19
                    text run at (2,2) width 10: "8"
                RenderTableCell {TD} at (34,52) size 14x23 [border: (1px inset #808080)] [r=2 c=2 rs=1 cs=1]
                  RenderText {#text} at (2,2) size 10x19
                    text run at (2,2) width 10: "9"
caret: position 3 of child 1 {#text} of child 1 {DIV} of child 5 {DIV} of body
