layer at (0,0) size 980x735
  RenderView at (0,0) size 980x735
layer at (0,0) size 980x735
  RenderBlock {HTML} at (0,0) size 980x735
    RenderFrameSet {FRAMESET} at (0,0) size 980x735
      RenderFrame {FRAME} at (0,0) size 980x200
        layer at (0,0) size 980x200
          RenderView at (0,0) size 980x200
        layer at (0,0) size 980x200
          RenderBlock {HTML} at (0,0) size 980x200
            RenderBody {BODY} at (8,8) size 964x176
              RenderBlock {P} at (0,0) size 964x38
                RenderText {#text} at (0,0) size 67x19
                  text run at (0,0) width 67: "Test for "
                RenderInline {I} at (0,0) size 890x38
                  RenderInline {A} at (0,0) size 380x19 [color=#0000EE]
                    RenderText {#text} at (67,0) size 380x19
                      text run at (67,0) width 380: "https://bugs.webkit.org/show_bug.cgi?id=19348"
                  RenderText {#text} at (447,0) size 890x38
                    text run at (447,0) width 5: " "
                    text run at (452,0) width 438: "REGRESSION (r34193): Setting the size of a frame with"
                    text run at (0,19) width 82: "javascript "
                    text run at (82,19) width 293: "document.body.row no longer works"
                RenderText {#text} at (375,19) size 5x19
                  text run at (375,19) width 5: "."
              RenderBlock {P} at (0,54) size 964x19
                RenderText {#text} at (0,0) size 256x19
                  text run at (0,0) width 256: "This frame should be 200px tall."
        layer at (0,100) size 100x100
          RenderBlock (positioned) {DIV} at (0,100) size 100x100 [bgcolor=#008000]
      RenderFrame {FRAME} at (0,206) size 980x529
        layer at (0,0) size 980x529
          RenderView at (0,0) size 980x529
        layer at (0,0) size 980x529
          RenderBlock {HTML} at (0,0) size 980x529
            RenderBody {BODY} at (8,8) size 964x513
