layer at (0,0) size 980x735
  RenderView at (0,0) size 980x735
layer at (0,0) size 980x193
  RenderBlock {html} at (0,0) size 980x193
    RenderBody {body} at (8,8) size 964x177
      RenderBlock {div} at (0,0) size 964x19
        RenderText {#text} at (0,0) size 548x19
          text run at (0,0) width 548: "If no crash while painting, the test passed (requires pixel test mode)."
      RenderBlock (anonymous) at (0,19) size 964x158
        RenderText {#text} at (0,0) size 0x0
        RenderText {#text} at (0,0) size 0x0
        RenderPartObject {iframe} at (0,0) size 304x154 [border: (2px inset #000000)]
          layer at (0,0) size 300x150
            RenderView at (0,0) size 300x150
          layer at (0,0) size 300x150
            RenderBlock {HTML} at (0,0) size 300x150
              RenderBody {BODY} at (8,8) size 284x134
