layer at (0,0) size 980x735
  RenderView at (0,0) size 980x735
layer at (0,0) size 980x735
  RenderBlock {HTML} at (0,0) size 980x735
    RenderBody {BODY} at (8,8) size 964x719
      RenderBlock {P} at (0,0) size 964x38
        RenderText {#text} at (0,0) size 283x19
          text run at (0,0) width 283: "This page tests the behavior of the "
        RenderInline {TT} at (0,0) size 55x15
          RenderText {#text} at (283,3) size 55x15
            text run at (283,3) width 55: "scrolling"
        RenderText {#text} at (338,0) size 104x19
          text run at (338,0) width 104: " attribute on "
        RenderInline {TT} at (0,0) size 65x15
          RenderText {#text} at (442,3) size 65x15
            text run at (442,3) width 65: "<iframe>"
        RenderText {#text} at (507,0) size 959x38
          text run at (507,0) width 452: " elements which contain a page large enough to need to"
          text run at (0,19) width 92: "be scrolled."
      RenderBlock (anonymous) at (0,54) size 964x416
        RenderPartObject {IFRAME} at (0,0) size 204x204 [border: (2px inset #000000)]
          layer at (0,0) size 408x508
            RenderView at (0,0) size 185x185
          layer at (0,0) size 185x508
            RenderBlock {HTML} at (0,0) size 185x508
              RenderBody {BODY} at (8,8) size 169x492
                RenderBlock {P} at (0,0) size 169x76
                  RenderText {#text} at (0,0) size 147x76
                    text run at (0,0) width 140: "This page is large"
                    text run at (0,19) width 147: "enough to need to"
                    text run at (0,38) width 121: "be scrolled in a"
                    text run at (0,57) width 128: "200x200 frame."
                RenderBlock {DIV} at (0,92) size 400x400 [bgcolor=#0000FF]
        RenderText {#text} at (204,189) size 5x19
          text run at (204,189) width 5: " "
        RenderPartObject {IFRAME} at (209,0) size 204x204 [border: (2px inset #000000)]
          layer at (0,0) size 408x508
            RenderView at (0,0) size 185x185
          layer at (0,0) size 185x508
            RenderBlock {HTML} at (0,0) size 185x508
              RenderBody {BODY} at (8,8) size 169x492
                RenderBlock {P} at (0,0) size 169x76
                  RenderText {#text} at (0,0) size 147x76
                    text run at (0,0) width 140: "This page is large"
                    text run at (0,19) width 147: "enough to need to"
                    text run at (0,38) width 121: "be scrolled in a"
                    text run at (0,57) width 128: "200x200 frame."
                RenderBlock {DIV} at (0,92) size 400x400 [bgcolor=#0000FF]
        RenderText {#text} at (413,189) size 5x19
          text run at (413,189) width 5: " "
        RenderPartObject {IFRAME} at (418,0) size 204x204 [border: (2px inset #000000)]
          layer at (0,0) size 408x508
            RenderView at (0,0) size 185x185
          layer at (0,0) size 185x508
            RenderBlock {HTML} at (0,0) size 185x508
              RenderBody {BODY} at (8,8) size 169x492
                RenderBlock {P} at (0,0) size 169x76
                  RenderText {#text} at (0,0) size 147x76
                    text run at (0,0) width 140: "This page is large"
                    text run at (0,19) width 147: "enough to need to"
                    text run at (0,38) width 121: "be scrolled in a"
                    text run at (0,57) width 128: "200x200 frame."
                RenderBlock {DIV} at (0,92) size 400x400 [bgcolor=#0000FF]
        RenderText {#text} at (622,189) size 5x19
          text run at (622,189) width 5: " "
        RenderPartObject {IFRAME} at (627,0) size 204x204 [border: (2px inset #000000)]
          layer at (0,0) size 408x508
            RenderView at (0,0) size 185x185
          layer at (0,0) size 185x508
            RenderBlock {HTML} at (0,0) size 185x508
              RenderBody {BODY} at (8,8) size 169x492
                RenderBlock {P} at (0,0) size 169x76
                  RenderText {#text} at (0,0) size 147x76
                    text run at (0,0) width 140: "This page is large"
                    text run at (0,19) width 147: "enough to need to"
                    text run at (0,38) width 121: "be scrolled in a"
                    text run at (0,57) width 128: "200x200 frame."
                RenderBlock {DIV} at (0,92) size 400x400 [bgcolor=#0000FF]
        RenderText {#text} at (831,189) size 5x19
          text run at (831,189) width 5: " "
        RenderPartObject {IFRAME} at (0,208) size 204x204 [border: (2px inset #000000)]
          layer at (0,0) size 408x508
            RenderView at (0,0) size 185x185
          layer at (0,0) size 185x508
            RenderBlock {HTML} at (0,0) size 185x508
              RenderBody {BODY} at (8,8) size 169x492
                RenderBlock {P} at (0,0) size 169x76
                  RenderText {#text} at (0,0) size 147x76
                    text run at (0,0) width 140: "This page is large"
                    text run at (0,19) width 147: "enough to need to"
                    text run at (0,38) width 121: "be scrolled in a"
                    text run at (0,57) width 128: "200x200 frame."
                RenderBlock {DIV} at (0,92) size 400x400 [bgcolor=#0000FF]
        RenderText {#text} at (204,397) size 5x19
          text run at (204,397) width 5: " "
        RenderPartObject {IFRAME} at (209,208) size 204x204 [border: (2px inset #000000)]
          layer at (0,0) size 408x508
            RenderView at (0,0) size 200x200
          layer at (0,0) size 200x508
            RenderBlock {HTML} at (0,0) size 200x508
              RenderBody {BODY} at (8,8) size 184x492
                RenderBlock {P} at (0,0) size 184x76
                  RenderText {#text} at (0,0) size 172x76
                    text run at (0,0) width 140: "This page is large"
                    text run at (0,19) width 172: "enough to need to be"
                    text run at (0,38) width 170: "scrolled in a 200x200"
                    text run at (0,57) width 54: "frame."
                RenderBlock {DIV} at (0,92) size 400x400 [bgcolor=#0000FF]
        RenderText {#text} at (413,397) size 5x19
          text run at (413,397) width 5: " "
        RenderPartObject {IFRAME} at (418,208) size 204x204 [border: (2px inset #000000)]
          layer at (0,0) size 408x508
            RenderView at (0,0) size 185x185
          layer at (0,0) size 185x508
            RenderBlock {HTML} at (0,0) size 185x508
              RenderBody {BODY} at (8,8) size 169x492
                RenderBlock {P} at (0,0) size 169x76
                  RenderText {#text} at (0,0) size 147x76
                    text run at (0,0) width 140: "This page is large"
                    text run at (0,19) width 147: "enough to need to"
                    text run at (0,38) width 121: "be scrolled in a"
                    text run at (0,57) width 128: "200x200 frame."
                RenderBlock {DIV} at (0,92) size 400x400 [bgcolor=#0000FF]
        RenderText {#text} at (622,397) size 5x19
          text run at (622,397) width 5: " "
        RenderPartObject {IFRAME} at (627,208) size 204x204 [border: (2px inset #000000)]
          layer at (0,0) size 408x508
            RenderView at (0,0) size 185x185
          layer at (0,0) size 185x508
            RenderBlock {HTML} at (0,0) size 185x508
              RenderBody {BODY} at (8,8) size 169x492
                RenderBlock {P} at (0,0) size 169x76
                  RenderText {#text} at (0,0) size 147x76
                    text run at (0,0) width 140: "This page is large"
                    text run at (0,19) width 147: "enough to need to"
                    text run at (0,38) width 121: "be scrolled in a"
                    text run at (0,57) width 128: "200x200 frame."
                RenderBlock {DIV} at (0,92) size 400x400 [bgcolor=#0000FF]
        RenderText {#text} at (0,0) size 0x0
