layer at (0,0) size 988x770
  RenderView at (0,0) size 980x735
layer at (0,0) size 980x770
  RenderBlock {HTML} at (0,0) size 980x770
    RenderBody {BODY} at (8,8) size 964x754
      RenderBlock {DIV} at (0,0) size 964x19
        RenderText {#text} at (0,0) size 898x19
          text run at (0,0) width 898: "This tests that putting an inline element (such as a span) inside of an element doesn't cause an assertion failure."
      RenderBlock {DIV} at (0,19) size 964x735
        RenderFrameSet {FRAMESET} at (0,0) size 980x735
