layer at (0,0) size 980x735
  RenderView at (0,0) size 980x735
layer at (0,0) size 980x735
  RenderBlock {HTML} at (0,0) size 980x735
    RenderBody {BODY} at (8,8) size 964x719
      RenderBlock {P} at (0,0) size 964x19
        RenderText {#text} at (0,0) size 600x19
          text run at (0,0) width 600: "You should see two 'hello world' frames below, each in 'view source' mode."
      RenderBlock {HR} at (0,35) size 964x2 [border: (1px inset #000000)]
      RenderBlock (anonymous) at (0,45) size 964x158
        RenderPartObject {IFRAME} at (0,0) size 304x154 [border: (2px inset #000000)]
          layer at (0,0) size 300x150
            RenderView at (0,0) size 300x150
          layer at (0,0) size 300x150 layerType: background only
          layer at (0,0) size 31x150
            RenderBlock (positioned) zI: -1 {DIV} at (0,0) size 31x150 [bgcolor=#F0F0F0] [border: none (1px solid #BBBBBB) none]
          layer at (0,0) size 300x150 layerType: foreground only
            RenderBlock {HTML} at (0,0) size 300x150
              RenderBody {BODY} at (0,0) size 300x150
                RenderTable {TABLE} at (0,0) size 300x15
                  RenderTableSection {TBODY} at (0,0) size 300x15
                    RenderTableRow {TR} at (0,0) size 300x15
                      RenderTableCell {TD} at (0,4) size 31x10 [color=#808080] [bgcolor=#F0F0F0] [border: none (1px solid #BBBBBB) none] [r=0 c=0 rs=1 cs=1]
                        RenderInline (generated) at (0,0) size 6x10
                          RenderCounter at (20,0) size 6x10
                            text run at (20,0) width 6: "1"
                      RenderTableCell {TD} at (31,0) size 269x15 [r=0 c=1 rs=1 cs=1]
                        RenderInline {SPAN} at (0,0) size 30x15 [color=#881280]
                          RenderText {#text} at (5,0) size 30x15
                            text run at (5,0) width 30: "<p>"
                        RenderText {#text} at (35,0) size 72x15
                          text run at (35,0) width 72: "hello world"
                        RenderInline {SPAN} at (0,0) size 34x15 [color=#881280]
                          RenderText {#text} at (107,0) size 34x15
                            text run at (107,0) width 34: "</p>"
        RenderText {#text} at (304,139) size 5x19
          text run at (304,139) width 5: " "
        RenderPartObject {IFRAME} at (309,0) size 304x154 [border: (2px inset #000000)]
          layer at (0,0) size 300x150
            RenderView at (0,0) size 300x150
          layer at (0,0) size 300x150
            RenderBlock {HTML} at (0,0) size 300x150
              RenderFrameSet {FRAMESET} at (0,0) size 300x150
                RenderFrame {FRAME} at (0,0) size 300x150
                  layer at (0,0) size 300x150
                    RenderView at (0,0) size 300x150
                  layer at (0,0) size 300x150 layerType: background only
                  layer at (0,0) size 31x150
                    RenderBlock (positioned) zI: -1 {DIV} at (0,0) size 31x150 [bgcolor=#F0F0F0] [border: none (1px solid #BBBBBB) none]
                  layer at (0,0) size 300x150 layerType: foreground only
                    RenderBlock {HTML} at (0,0) size 300x150
                      RenderBody {BODY} at (0,0) size 300x150
                        RenderTable {TABLE} at (0,0) size 300x15
                          RenderTableSection {TBODY} at (0,0) size 300x15
                            RenderTableRow {TR} at (0,0) size 300x15
                              RenderTableCell {TD} at (0,4) size 31x10 [color=#808080] [bgcolor=#F0F0F0] [border: none (1px solid #BBBBBB) none] [r=0 c=0 rs=1 cs=1]
                                RenderInline (generated) at (0,0) size 6x10
                                  RenderCounter at (20,0) size 6x10
                                    text run at (20,0) width 6: "1"
                              RenderTableCell {TD} at (31,0) size 269x15 [r=0 c=1 rs=1 cs=1]
                                RenderInline {SPAN} at (0,0) size 30x15 [color=#881280]
                                  RenderText {#text} at (5,0) size 30x15
                                    text run at (5,0) width 30: "<p>"
                                RenderText {#text} at (35,0) size 72x15
                                  text run at (35,0) width 72: "hello world"
                                RenderInline {SPAN} at (0,0) size 34x15 [color=#881280]
                                  RenderText {#text} at (107,0) size 34x15
                                    text run at (107,0) width 34: "</p>"
        RenderText {#text} at (0,0) size 0x0
