layer at (0,0) size 787x1357
  RenderView at (0,0) size 787x600
layer at (0,0) size 787x1357
  RenderBlock {HTML} at (0,0) size 787x1357
    RenderBody {BODY} at (8,8) size 771x1339
      RenderBlock {H2} at (0,0) size 771x21
        RenderText {#text} at (0,0) size 735x21
          text run at (0,0) width 735: "It's OK if nothing drawn for a scrollbar (for an outermost frame and an element with overlow)"
      RenderBlock {P} at (0,35) size 771x14
        RenderText {#text} at (0,0) size 435x14
          text run at (0,0) width 435: "Note that Safari doesn't allow to customize the outermost scdrollbars and just show Cocoa's."
      RenderBlock {PRE} at (0,171) size 771x1168 [bgcolor=#008000]
      RenderBlock {PRE} at (0,1349) size 1542x0 [bgcolor=#008000]
layer at (8,69) size 100x100 clip at (8,69) size 100x87 scrollWidth 1074
  RenderBlock {PRE} at (0,61) size 100x100 [bgcolor=#008000]
    RenderText {#text} at (0,0) size 1074x84
      text run at (0,0) width 1074: "The quick brown fox jumps over the lazy dog. The quick brown fox jumps over the lazy dog. The quick brown fox jumps over the lazy dog. The quick brown fox jumps over the lazy dog."
      text run at (1074,0) width 0: " "
      text run at (0,12) width 1074: "The quick brown fox jumps over the lazy dog. The quick brown fox jumps over the lazy dog. The quick brown fox jumps over the lazy dog. The quick brown fox jumps over the lazy dog."
      text run at (1074,12) width 0: " "
      text run at (0,24) width 1074: "The quick brown fox jumps over the lazy dog. The quick brown fox jumps over the lazy dog. The quick brown fox jumps over the lazy dog. The quick brown fox jumps over the lazy dog."
      text run at (1074,24) width 0: " "
      text run at (0,36) width 1074: "The quick brown fox jumps over the lazy dog. The quick brown fox jumps over the lazy dog. The quick brown fox jumps over the lazy dog. The quick brown fox jumps over the lazy dog."
      text run at (1074,36) width 0: " "
      text run at (0,48) width 1074: "The quick brown fox jumps over the lazy dog. The quick brown fox jumps over the lazy dog. The quick brown fox jumps over the lazy dog. The quick brown fox jumps over the lazy dog."
      text run at (1074,48) width 0: " "
      text run at (0,60) width 1074: "The quick brown fox jumps over the lazy dog. The quick brown fox jumps over the lazy dog. The quick brown fox jumps over the lazy dog. The quick brown fox jumps over the lazy dog."
      text run at (1074,60) width 0: " "
      text run at (0,72) width 1074: "The quick brown fox jumps over the lazy dog. The quick brown fox jumps over the lazy dog. The quick brown fox jumps over the lazy dog. The quick brown fox jumps over the lazy dog."
      text run at (1074,72) width 0: " "
