layer at (0,0) size 800x600
  RenderView at (0,0) size 800x600
layer at (0,0) size 800x600
  RenderBlock {HTML} at (0,0) size 800x600
    RenderBody {BODY} at (8,8) size 784x584
      RenderListBox {SELECT} at (20,20) size 125x100 [color=#DCDCDC] [bgcolor=#718D93] [border: (1px solid #D3D3D3)]
      RenderText {#text} at (165,0) size 3x14
        text run at (165,0) width 3: " "
      RenderListBox {SELECT} at (188,20) size 125x100 [color=#DCDCDC] [bgcolor=#718D93] [border: (1px solid #D3D3D3)]
      RenderText {#text} at (333,0) size 3x14
        text run at (333,0) width 3: " "
      RenderListBox {SELECT} at (356,20) size 125x100 [color=#DCDCDC] [bgcolor=#718D93] [border: (1px solid #D3D3D3)]
      RenderText {#text} at (501,0) size 3x14
        text run at (501,0) width 3: " "
      RenderListBox {SELECT} at (524,20) size 125x100 [color=#DCDCDC] [bgcolor=#718D93] [border: (1px solid #D3D3D3)]
      RenderText {#text} at (0,0) size 0x0
      RenderListBox {SELECT} at (20,160) size 125x100 [color=#DCDCDC] [bgcolor=#718D93] [border: (1px solid #D3D3D3)]
      RenderText {#text} at (165,140) size 3x14
        text run at (165,140) width 3: " "
      RenderListBox {SELECT} at (188,160) size 125x100 [color=#DCDCDC] [bgcolor=#718D93] [border: (1px solid #D3D3D3)]
      RenderText {#text} at (333,140) size 3x14
        text run at (333,140) width 3: " "
      RenderListBox {SELECT} at (356,160) size 125x100 [color=#DCDCDC] [bgcolor=#718D93] [border: (1px solid #D3D3D3)]
      RenderText {#text} at (0,0) size 0x0
