layer at (0,0) size 800x600
  RenderView at (0,0) size 800x600
layer at (0,0) size 800x600
  RenderBlock {HTML} at (0,0) size 800x600
    RenderBody {BODY} at (8,8) size 784x584
layer at (8,8) size 200x200 clip at (8,8) size 183x200 scrollWidth 239 scrollHeight 616
  RenderBlock {DIV} at (0,0) size 200x200
    RenderText {#text} at (0,0) size 26x14
      text run at (0,0) width 26: "Hello"
    RenderBR {BR} at (26,11) size 0x0
    RenderText {#text} at (0,14) size 26x14
      text run at (0,14) width 26: "Hello"
    RenderBR {BR} at (26,25) size 0x0
    RenderText {#text} at (0,28) size 26x14
      text run at (0,28) width 26: "Hello"
    RenderBR {BR} at (26,39) size 0x0
    RenderText {#text} at (0,42) size 26x14
      text run at (0,42) width 26: "Hello"
    RenderBR {BR} at (26,53) size 0x0
    RenderText {#text} at (0,56) size 26x14
      text run at (0,56) width 26: "Hello"
    RenderBR {BR} at (26,67) size 0x0
    RenderText {#text} at (0,70) size 26x14
      text run at (0,70) width 26: "Hello"
    RenderBR {BR} at (26,81) size 0x0
    RenderText {#text} at (0,84) size 26x14
      text run at (0,84) width 26: "Hello"
    RenderBR {BR} at (26,95) size 0x0
    RenderText {#text} at (0,98) size 26x14
      text run at (0,98) width 26: "Hello"
    RenderBR {BR} at (26,109) size 0x0
    RenderText {#text} at (0,112) size 26x14
      text run at (0,112) width 26: "Hello"
    RenderBR {BR} at (26,123) size 0x0
    RenderText {#text} at (0,126) size 26x14
      text run at (0,126) width 26: "Hello"
    RenderBR {BR} at (26,137) size 0x0
    RenderText {#text} at (0,140) size 26x14
      text run at (0,140) width 26: "Hello"
    RenderBR {BR} at (26,151) size 0x0
    RenderText {#text} at (0,154) size 26x14
      text run at (0,154) width 26: "Hello"
    RenderBR {BR} at (26,165) size 0x0
    RenderText {#text} at (0,168) size 26x14
      text run at (0,168) width 26: "Hello"
    RenderBR {BR} at (26,179) size 0x0
    RenderText {#text} at (0,182) size 26x14
      text run at (0,182) width 26: "Hello"
    RenderBR {BR} at (26,193) size 0x0
    RenderText {#text} at (0,196) size 26x14
      text run at (0,196) width 26: "Hello"
    RenderBR {BR} at (26,207) size 0x0
    RenderText {#text} at (0,210) size 26x14
      text run at (0,210) width 26: "Hello"
    RenderBR {BR} at (26,221) size 0x0
    RenderInline {SPAN} at (0,0) size 239x14
      RenderText {#text} at (0,224) size 239x14
        text run at (0,224) width 239: "Hello world this is a long string and will not wrap."
    RenderText {#text} at (0,238) size 26x14
      text run at (0,238) width 26: "Hello"
    RenderBR {BR} at (26,249) size 0x0
    RenderText {#text} at (0,252) size 26x14
      text run at (0,252) width 26: "Hello"
    RenderBR {BR} at (26,263) size 0x0
    RenderText {#text} at (0,266) size 26x14
      text run at (0,266) width 26: "Hello"
    RenderBR {BR} at (26,277) size 0x0
    RenderText {#text} at (0,280) size 26x14
      text run at (0,280) width 26: "Hello"
    RenderBR {BR} at (26,291) size 0x0
    RenderText {#text} at (0,294) size 26x14
      text run at (0,294) width 26: "Hello"
    RenderBR {BR} at (26,305) size 0x0
    RenderText {#text} at (0,308) size 26x14
      text run at (0,308) width 26: "Hello"
    RenderBR {BR} at (26,319) size 0x0
    RenderText {#text} at (0,322) size 26x14
      text run at (0,322) width 26: "Hello"
    RenderBR {BR} at (26,333) size 0x0
    RenderText {#text} at (0,336) size 26x14
      text run at (0,336) width 26: "Hello"
    RenderBR {BR} at (26,347) size 0x0
    RenderText {#text} at (0,350) size 26x14
      text run at (0,350) width 26: "Hello"
    RenderBR {BR} at (26,361) size 0x0
    RenderText {#text} at (0,364) size 26x14
      text run at (0,364) width 26: "Hello"
    RenderBR {BR} at (26,375) size 0x0
    RenderText {#text} at (0,378) size 26x14
      text run at (0,378) width 26: "Hello"
    RenderBR {BR} at (26,389) size 0x0
    RenderText {#text} at (0,392) size 26x14
      text run at (0,392) width 26: "Hello"
    RenderBR {BR} at (26,403) size 0x0
    RenderText {#text} at (0,406) size 26x14
      text run at (0,406) width 26: "Hello"
    RenderBR {BR} at (26,417) size 0x0
    RenderText {#text} at (0,420) size 26x14
      text run at (0,420) width 26: "Hello"
    RenderBR {BR} at (26,431) size 0x0
    RenderText {#text} at (0,434) size 26x14
      text run at (0,434) width 26: "Hello"
    RenderBR {BR} at (26,445) size 0x0
    RenderText {#text} at (0,448) size 26x14
      text run at (0,448) width 26: "Hello"
    RenderBR {BR} at (26,459) size 0x0
    RenderText {#text} at (0,462) size 26x14
      text run at (0,462) width 26: "Hello"
    RenderBR {BR} at (26,473) size 0x0
    RenderText {#text} at (0,476) size 26x14
      text run at (0,476) width 26: "Hello"
    RenderBR {BR} at (26,487) size 0x0
    RenderText {#text} at (0,490) size 26x14
      text run at (0,490) width 26: "Hello"
    RenderBR {BR} at (26,501) size 0x0
    RenderText {#text} at (0,504) size 26x14
      text run at (0,504) width 26: "Hello"
    RenderBR {BR} at (26,515) size 0x0
    RenderText {#text} at (0,518) size 26x14
      text run at (0,518) width 26: "Hello"
    RenderBR {BR} at (26,529) size 0x0
    RenderText {#text} at (0,532) size 26x14
      text run at (0,532) width 26: "Hello"
    RenderBR {BR} at (26,543) size 0x0
    RenderText {#text} at (0,546) size 26x14
      text run at (0,546) width 26: "Hello"
    RenderBR {BR} at (26,557) size 0x0
    RenderText {#text} at (0,560) size 26x14
      text run at (0,560) width 26: "Hello"
    RenderBR {BR} at (26,571) size 0x0
    RenderText {#text} at (0,574) size 26x14
      text run at (0,574) width 26: "Hello"
    RenderBR {BR} at (26,585) size 0x0
    RenderText {#text} at (0,588) size 26x14
      text run at (0,588) width 26: "Hello"
    RenderBR {BR} at (26,599) size 0x0
    RenderText {#text} at (0,602) size 26x14
      text run at (0,602) width 26: "Hello"
    RenderBR {BR} at (26,613) size 0x0
