layer at (0,0) size 800x600
  RenderView at (0,0) size 800x600
layer at (0,0) size 800x128
  RenderBlock {HTML} at (0,0) size 800x128
    RenderBody {BODY} at (8,8) size 784x100
      RenderBlock (anonymous) at (0,0) size 784x14
        RenderInline {DIV} at (0,0) size 396x12 [color=#FFFFFF] [bgcolor=#FF0000]
          RenderText {#text} at (12,1) size 396x12
            text run at (12,1) width 396: "Ahem_font_required_for_this_test."
        RenderText {#text} at (0,0) size 0x0
      RenderBlock {P} at (0,26) size 784x14
        RenderText {#text} at (0,0) size 213x14
          text run at (0,0) width 213: "There should be a green block below, no red."
      RenderBlock {DIV} at (20,60) size 80x40 [color=#008000] [bgcolor=#FF0000]
        RenderText {#text} at (0,0) size 80x40
          text run at (0,0) width 80: "xxxx"
          text run at (0,20) width 80: "xxxx"
