layer at (0,0) size 800x600
  RenderView at (0,0) size 800x600
layer at (0,0) size 800x120
  RenderBlock {HTML} at (0,0) size 800x120
    RenderBody {BODY} at (8,8) size 784x104
      RenderBlock (anonymous) at (0,0) size 784x14
        RenderInline {DIV} at (0,0) size 396x12 [color=#FFFFFF] [bgcolor=#FF0000]
          RenderText {#text} at (0,1) size 396x12
            text run at (0,1) width 396: "Ahem_font_required_for_this_test."
        RenderText {#text} at (0,0) size 0x0
      RenderTable {TABLE} at (0,14) size 258x90
        RenderTableSection {TBODY} at (0,0) size 258x90
          RenderTableRow {TR} at (0,2) size 258x86
            RenderTableCell {TD} at (2,2) size 254x86 [r=0 c=0 rs=1 cs=1]
              RenderBlock {DIV} at (1,1) size 252x84 [color=#00FF00] [bgcolor=#008000]
                RenderText {#text} at (0,0) size 252x84
                  text run at (0,0) width 252: "                     "
                  text run at (252,0) width 0: " "
                  text run at (0,12) width 252: " xxxx xxxx xxxx xxxx "
                  text run at (252,12) width 0: " "
                  text run at (0,24) width 252: " x  x x  x x    x    "
                  text run at (252,24) width 0: " "
                  text run at (0,36) width 240: " xxxx xxxx xxxx xxxx"
                  text run at (240,36) width 0: " "
                  text run at (0,48) width 252: " x    x  x    x    x "
                  text run at (252,48) width 0: " "
                  text run at (0,60) width 252: " x    x  x xxxx xxxx "
                  text run at (252,60) width 0: " "
                  text run at (0,72) width 252: "                     "
