layer at (0,0) size 800x600
  RenderView at (0,0) size 800x600
layer at (0,0) size 800x164
  RenderBlock {HTML} at (0,0) size 800x164
    RenderBody {BODY} at (8,8) size 784x148
      RenderBlock (anonymous) at (0,0) size 784x14
        RenderInline {DIV} at (0,0) size 396x12 [color=#FFFFFF] [bgcolor=#FF0000]
          RenderText {#text} at (0,1) size 396x12
            text run at (0,1) width 396: "Ahem_font_required_for_this_test."
        RenderText {#text} at (0,0) size 0x0
      RenderBlock {P} at (0,26) size 784x14
        RenderText {#text} at (0,0) size 443x14
          text run at (0,0) width 443: "There should be a pretty green and lime pattern and the word \"PASS\" in lime on white below."
      RenderBlock {DIV} at (0,52) size 228x96 [color=#00FF00] [bgcolor=#008000]
        RenderText {#text} at (0,0) size 228x24
          text run at (0,0) width 0: " "
          text run at (0,12) width 228: "1234567890123456789"
        RenderInline {SPAN} at (0,0) size 228x24
          RenderText {#text} at (0,24) size 24x12
            text run at (0,24) width 24: "x "
          RenderInline {SPAN} at (0,0) size 84x12
            RenderText {#text} at (24,24) size 24x12
              text run at (24,24) width 24: "x "
            RenderInline {SPAN} at (0,0) size 0x0
            RenderText {#text} at (48,24) size 12x12
              text run at (48,24) width 12: "x"
            RenderInline {SPAN} at (0,0) size 12x12
              RenderText {#text} at (60,24) size 12x12
                text run at (60,24) width 12: " "
            RenderText {#text} at (72,24) size 36x12
              text run at (72,24) width 36: "x x"
          RenderText {#text} at (108,24) size 36x12
            text run at (108,24) width 36: " x "
          RenderInline {SPAN} at (0,0) size 48x12
            RenderText {#text} at (144,24) size 48x12
              text run at (144,24) width 48: "x x "
          RenderText {#text} at (192,24) size 24x12
            text run at (192,24) width 24: "x "
          RenderInline {SPAN} at (0,0) size 12x12
            RenderText {#text} at (216,24) size 12x12
              text run at (216,24) width 12: "x"
          RenderText {#text} at (0,36) size 48x12
            text run at (0,36) width 48: "1234"
        RenderText {#text} at (48,36) size 336x12
          text run at (48,36) width 336: "567890123456789 xxxx xxxx xx"
        RenderInline {SPAN} at (0,0) size 84x12
          RenderText {#text} at (384,36) size 12x12
            text run at (384,36) width 12: "x"
          RenderInline {SPAN} at (0,0) size 72x12
            RenderText {#text} at (396,36) size 72x12
              text run at (396,36) width 72: "x xxxx"
          RenderText {#text} at (0,0) size 0x0
        RenderText {#text} at (0,48) size 12x12
          text run at (0,48) width 12: "x"
        RenderInline {SPAN} at (0,0) size 84x12
          RenderText {#text} at (12,48) size 12x12
            text run at (12,48) width 12: " "
          RenderInline {SPAN} at (0,0) size 12x12
            RenderText {#text} at (24,48) size 12x12
              text run at (24,48) width 12: " "
          RenderText {#text} at (36,48) size 12x12
            text run at (36,48) width 12: " "
          RenderInline {SPAN} at (0,0) size 12x12
            RenderText {#text} at (48,48) size 12x12
              text run at (48,48) width 12: " "
          RenderText {#text} at (60,48) size 12x12
            text run at (60,48) width 12: " "
          RenderInline {SPAN} at (0,0) size 12x12
            RenderText {#text} at (72,48) size 12x12
              text run at (72,48) width 12: " "
          RenderText {#text} at (84,48) size 12x12
            text run at (84,48) width 12: " "
          RenderInline {SPAN} at (0,0) size 0x0
            RenderText {#text} at (0,0) size 0x0
          RenderText {#text} at (0,0) size 0x0
        RenderText {#text} at (96,48) size 24x12
          text run at (96,48) width 24: "  "
        RenderInline {SPAN} at (0,0) size 12x12
          RenderText {#text} at (120,48) size 12x12
            text run at (120,48) width 12: " "
        RenderInline {SPAN} at (0,0) size 12x12
          RenderText {#text} at (132,48) size 12x12
            text run at (132,48) width 12: " "
        RenderText {#text} at (144,48) size 36x12
          text run at (144,48) width 36: "   "
        RenderInline {SPAN} at (0,0) size 12x12
          RenderText {#text} at (180,48) size 12x12
            text run at (180,48) width 12: " "
        RenderInline {SPAN} at (0,0) size 0x0
          RenderText {#text} at (0,0) size 0x0
        RenderText {#text} at (192,48) size 288x12
          text run at (192,48) width 288: "  x x  x x  x x    x    "
          text run at (480,48) width 0: " "
        RenderInline {SPAN} at (0,0) size 480x12
          RenderText {#text} at (0,60) size 480x12
            text run at (0,60) width 480: "x x x x x x x x x x xxxx xxxx xxxx xxxx "
        RenderText {#text} at (480,60) size 480x24
          text run at (480,60) width 0: " "
          text run at (0,72) width 468: "x                 x x    x  x    x    x"
        RenderInline {SPAN} at (0,0) size 480x12
          RenderText {#text} at (0,84) size 228x12
            text run at (0,84) width 228: "xxxxxxxxxxxxxxxxxxx"
          RenderInline {SPAN} at (0,0) size 252x12
            RenderText {#text} at (228,84) size 252x12
              text run at (228,84) width 252: " x    x  x xxxx xxxx "
        RenderText {#text} at (480,84) size 0x12
          text run at (480,84) width 0: " "
