layer at (0,0) size 800x600
  RenderView at (0,0) size 800x600
layer at (0,0) size 800x600
  RenderBlock {HTML} at (0,0) size 800x600
    RenderBody {BODY} at (8,8) size 784x582
      RenderBlock {PRE} at (0,0) size 784x11
        RenderText {#text} at (0,0) size 78x11
          text run at (0,0) width 78: "Some pre text"
