layer at (0,0) size 800x600
  RenderView at (0,0) size 800x600
layer at (0,0) size 800x600
  RenderBlock {HTML} at (0,0) size 800x600
    RenderBody {BODY} at (8,8) size 784x584
      RenderBlock {DIV} at (0,0) size 204x35 [border: (2px solid #FF0000)]
        RenderInline {FONT} at (0,0) size 133x28 [color=#996699]
          RenderText {#text} at (0,0) size 0x0
          RenderInline {NOBR} at (0,0) size 112x14
            RenderText {#text} at (2,2) size 7x14
              text run at (2,2) width 7: "\x{2022} "
            RenderInline {A} at (0,0) size 90x14 [color=#0000EE]
              RenderText {#text} at (9,2) size 90x14
                text run at (9,2) width 90: "Corporate Services"
            RenderText {#text} at (99,2) size 15x14
              text run at (99,2) width 15: "     "
          RenderText {#text} at (0,0) size 0x0
          RenderInline {NOBR} at (0,0) size 133x14
            RenderText {#text} at (2,16) size 7x14
              text run at (2,16) width 7: "\x{2022} "
            RenderInline {A} at (0,0) size 111x14 [color=#0000EE]
              RenderText {#text} at (9,16) size 99x14
                text run at (9,16) width 99: "1-800-las-flores.com"
              RenderInline {SUB} at (0,0) size 12x11
                RenderText {#text} at (108,21) size 12x11
                  text run at (108,21) width 12: "sm"
            RenderText {#text} at (120,16) size 15x14
              text run at (120,16) width 15: "     "
          RenderText {#text} at (0,0) size 0x0
      RenderBlock (anonymous) at (0,35) size 784x0
        RenderInline {FONT} at (0,0) size 0x0 [color=#996699]
          RenderText {#text} at (0,0) size 0x0
