layer at (0,0) size 800x600
  RenderView at (0,0) size 800x600
layer at (0,0) size 800x600
  RenderBlock {HTML} at (0,0) size 800x600
    RenderBody {BODY} at (8,8) size 784x584
      RenderTable {TABLE} at (0,0) size 450x34
        RenderTableSection {TBODY} at (0,0) size 450x34
          RenderTableRow {TR} at (0,2) size 450x30
            RenderTableCell {TD} at (2,2) size 446x30 [bgcolor=#CCCC44] [r=0 c=0 rs=1 cs=1]
              RenderText {#text} at (1,1) size 441x28
                text run at (1,1) width 345: "This stuff should all be within the table boundaries, and not off the edge. "
                text run at (346,1) width 96: "No way should it be"
                text run at (1,15) width 146: "off the edge of the damn table. "
              RenderInline {SPAN} at (0,0) size 164x14
                RenderImage {IMG} at (147,26) size 50x0
                RenderText {#text} at (197,15) size 114x14
                  text run at (197,15) width 114: "oh, no I fell off the edge"
              RenderText {#text} at (0,0) size 0x0
