layer at (0,0) size 800x600
  RenderView at (0,0) size 800x600
layer at (0,0) size 800x600
  RenderBlock {HTML} at (0,0) size 800x600
    RenderBody {BODY} at (8,8) size 784x572
      RenderBlock {PRE} at (0,0) size 784x46
        RenderText {#text} at (0,0) size 180x46
          text run at (0,0) width 180: "This is a test."
          text run at (180,0) width 0: " "
          text run at (0,23) width 168: "Big font size?"
          text run at (168,23) width 0: " "
