layer at (0,0) size 800x600
  RenderView at (0,0) size 800x600
layer at (0,0) size 800x600
  RenderBlock {HTML} at (0,0) size 800x600
    RenderBody {BODY} at (8,8) size 784x584
      RenderTable {TABLE} at (0,0) size 784x14
        RenderTableSection {TBODY} at (0,0) size 784x14
          RenderTableRow {TR} at (0,0) size 784x14
            RenderTableCell {TD} at (0,0) size 3x14 [r=0 c=0 rs=1 cs=1]
              RenderInline {B} at (0,0) size 3x14
                RenderText {#text} at (0,0) size 3x14
                  text run at (0,0) width 3: "\x{B7}"
            RenderTableCell {TD} at (3,0) size 781x14 [r=0 c=1 rs=1 cs=1]
              RenderText {#text} at (0,0) size 289x14
                text run at (0,0) width 289: "There should be space between the bullet and this line of text."
