layer at (0,0) size 800x600
  RenderView at (0,0) size 800x600
layer at (0,0) size 800x600
  RenderBlock {HTML} at (0,0) size 800x600
    RenderBody {BODY} at (8,8) size 784x582
      RenderBlock {PRE} at (0,0) size 784x33
        RenderText {#text} at (0,0) size 6x11
          text run at (0,0) width 6: "1"
        RenderBR {BR} at (6,8) size 0x0
        RenderText {#text} at (0,11) size 6x22
          text run at (0,11) width 0: " "
          text run at (0,22) width 6: "2"
