layer at (0,0) size 800x600
  RenderView at (0,0) size 800x600
layer at (0,0) size 800x600
  RenderBlock {HTML} at (0,0) size 800x600
    RenderBody {BODY} at (8,8) size 784x584
      RenderFieldSet {FIELDSET} at (2,0) size 780x295 [border: (2px groove #C0C0C0)]
        RenderBlock {DIV} at (11,6) size 758x280
          RenderInline {DIV} at (0,0) size 110x14
            RenderInline {DIV} at (0,0) size 110x14
              RenderText {#text} at (0,0) size 0x0
              RenderInline {A} at (0,0) size 50x14 [color=#0000EE]
                RenderImage {IMG} at (0,0) size 50x34
              RenderText {#text} at (50,23) size 3x14
                text run at (50,23) width 3: " "
              RenderBlock {INPUT} at (57,25) size 12x12
              RenderInline {LABEL} at (0,0) size 34x14
                RenderText {#text} at (73,23) size 34x14
                  text run at (73,23) width 34: "Classic"
              RenderText {#text} at (107,23) size 3x14
                text run at (107,23) width 3: " "
          RenderText {#text} at (0,0) size 0x0
          RenderInline {DIV} at (0,0) size 106x14
            RenderInline {DIV} at (0,0) size 106x14
              RenderText {#text} at (0,0) size 0x0
              RenderInline {A} at (0,0) size 50x14 [color=#0000EE]
                RenderImage {IMG} at (110,0) size 50x34
              RenderText {#text} at (160,23) size 3x14
                text run at (160,23) width 3: " "
              RenderBlock {INPUT} at (167,25) size 12x12
              RenderInline {LABEL} at (0,0) size 30x14
                RenderText {#text} at (183,23) size 30x14
                  text run at (183,23) width 30: "Africa"
              RenderText {#text} at (213,23) size 3x14
                text run at (213,23) width 3: " "
          RenderText {#text} at (0,0) size 0x0
          RenderInline {DIV} at (0,0) size 169x14
            RenderInline {DIV} at (0,0) size 169x14
              RenderText {#text} at (0,0) size 0x0
              RenderInline {A} at (0,0) size 50x14 [color=#0000EE]
                RenderImage {IMG} at (216,0) size 50x34
              RenderText {#text} at (266,23) size 3x14
                text run at (266,23) width 3: " "
              RenderBlock {INPUT} at (273,25) size 12x12
              RenderInline {LABEL} at (0,0) size 93x14
                RenderText {#text} at (289,23) size 93x14
                  text run at (289,23) width 93: "Alexander's Empire"
              RenderText {#text} at (382,23) size 3x14
                text run at (382,23) width 3: " "
          RenderText {#text} at (0,0) size 0x0
          RenderInline {DIV} at (0,0) size 149x14
            RenderInline {DIV} at (0,0) size 149x14
              RenderText {#text} at (0,0) size 0x0
              RenderInline {A} at (0,0) size 50x14 [color=#0000EE]
                RenderImage {IMG} at (385,0) size 50x34
              RenderText {#text} at (435,23) size 3x14
                text run at (435,23) width 3: " "
              RenderBlock {INPUT} at (442,25) size 12x12
              RenderInline {LABEL} at (0,0) size 73x14
                RenderText {#text} at (458,23) size 73x14
                  text run at (458,23) width 73: "Ancient Greece"
              RenderText {#text} at (531,23) size 3x14
                text run at (531,23) width 3: " "
          RenderText {#text} at (0,0) size 0x0
          RenderInline {DIV} at (0,0) size 110x14
            RenderInline {DIV} at (0,0) size 110x14
              RenderText {#text} at (0,0) size 0x0
              RenderInline {A} at (0,0) size 50x14 [color=#0000EE]
                RenderImage {IMG} at (534,0) size 50x34
              RenderText {#text} at (584,23) size 3x14
                text run at (584,23) width 3: " "
              RenderBlock {INPUT} at (591,25) size 12x12
              RenderInline {LABEL} at (0,0) size 34x14
                RenderText {#text} at (607,23) size 34x14
                  text run at (607,23) width 34: "Classic"
              RenderText {#text} at (641,23) size 3x14
                text run at (641,23) width 3: " "
          RenderText {#text} at (0,0) size 0x0
          RenderInline {DIV} at (0,0) size 103x14
            RenderInline {DIV} at (0,0) size 103x14
              RenderText {#text} at (0,0) size 0x0
              RenderInline {A} at (0,0) size 50x14 [color=#0000EE]
                RenderImage {IMG} at (644,0) size 50x34
              RenderText {#text} at (694,23) size 3x14
                text run at (694,23) width 3: " "
              RenderBlock {INPUT} at (701,25) size 12x12
              RenderInline {LABEL} at (0,0) size 30x14
                RenderText {#text} at (717,23) size 30x14
                  text run at (717,23) width 30: "Africa"
              RenderText {#text} at (0,0) size 0x0
          RenderText {#text} at (0,0) size 0x0
          RenderInline {DIV} at (0,0) size 169x14
            RenderInline {DIV} at (0,0) size 169x14
              RenderText {#text} at (0,0) size 0x0
              RenderInline {A} at (0,0) size 50x14 [color=#0000EE]
                RenderImage {IMG} at (0,40) size 50x34
              RenderText {#text} at (50,63) size 3x14
                text run at (50,63) width 3: " "
              RenderBlock {INPUT} at (57,65) size 12x12
              RenderInline {LABEL} at (0,0) size 93x14
                RenderText {#text} at (73,63) size 93x14
                  text run at (73,63) width 93: "Alexander's Empire"
              RenderText {#text} at (166,63) size 3x14
                text run at (166,63) width 3: " "
          RenderText {#text} at (0,0) size 0x0
          RenderInline {DIV} at (0,0) size 149x14
            RenderInline {DIV} at (0,0) size 149x14
              RenderText {#text} at (0,0) size 0x0
              RenderInline {A} at (0,0) size 50x14 [color=#0000EE]
                RenderImage {IMG} at (169,40) size 50x34
              RenderText {#text} at (219,63) size 3x14
                text run at (219,63) width 3: " "
              RenderBlock {INPUT} at (226,65) size 12x12
              RenderInline {LABEL} at (0,0) size 73x14
                RenderText {#text} at (242,63) size 73x14
                  text run at (242,63) width 73: "Ancient Greece"
              RenderText {#text} at (315,63) size 3x14
                text run at (315,63) width 3: " "
          RenderText {#text} at (0,0) size 0x0
          RenderInline {DIV} at (0,0) size 110x14
            RenderInline {DIV} at (0,0) size 110x14
              RenderText {#text} at (0,0) size 0x0
              RenderInline {A} at (0,0) size 50x14 [color=#0000EE]
                RenderImage {IMG} at (318,40) size 50x34
              RenderText {#text} at (368,63) size 3x14
                text run at (368,63) width 3: " "
              RenderBlock {INPUT} at (375,65) size 12x12
              RenderInline {LABEL} at (0,0) size 34x14
                RenderText {#text} at (391,63) size 34x14
                  text run at (391,63) width 34: "Classic"
              RenderText {#text} at (425,63) size 3x14
                text run at (425,63) width 3: " "
          RenderText {#text} at (0,0) size 0x0
          RenderInline {DIV} at (0,0) size 106x14
            RenderInline {DIV} at (0,0) size 106x14
              RenderText {#text} at (0,0) size 0x0
              RenderInline {A} at (0,0) size 50x14 [color=#0000EE]
                RenderImage {IMG} at (428,40) size 50x34
              RenderText {#text} at (478,63) size 3x14
                text run at (478,63) width 3: " "
              RenderBlock {INPUT} at (485,65) size 12x12
              RenderInline {LABEL} at (0,0) size 30x14
                RenderText {#text} at (501,63) size 30x14
                  text run at (501,63) width 30: "Africa"
              RenderText {#text} at (531,63) size 3x14
                text run at (531,63) width 3: " "
          RenderText {#text} at (0,0) size 0x0
          RenderInline {DIV} at (0,0) size 166x14
            RenderInline {DIV} at (0,0) size 166x14
              RenderText {#text} at (0,0) size 0x0
              RenderInline {A} at (0,0) size 50x14 [color=#0000EE]
                RenderImage {IMG} at (534,40) size 50x34
              RenderText {#text} at (584,63) size 3x14
                text run at (584,63) width 3: " "
              RenderBlock {INPUT} at (591,65) size 12x12
              RenderInline {LABEL} at (0,0) size 93x14
                RenderText {#text} at (607,63) size 93x14
                  text run at (607,63) width 93: "Alexander's Empire"
              RenderText {#text} at (0,0) size 0x0
          RenderText {#text} at (0,0) size 0x0
          RenderInline {DIV} at (0,0) size 149x14
            RenderInline {DIV} at (0,0) size 149x14
              RenderText {#text} at (0,0) size 0x0
              RenderInline {A} at (0,0) size 50x14 [color=#0000EE]
                RenderImage {IMG} at (0,80) size 50x34
              RenderText {#text} at (50,103) size 3x14
                text run at (50,103) width 3: " "
              RenderBlock {INPUT} at (57,105) size 12x12
              RenderInline {LABEL} at (0,0) size 73x14
                RenderText {#text} at (73,103) size 73x14
                  text run at (73,103) width 73: "Ancient Greece"
              RenderText {#text} at (146,103) size 3x14
                text run at (146,103) width 3: " "
          RenderText {#text} at (0,0) size 0x0
          RenderInline {DIV} at (0,0) size 110x14
            RenderInline {DIV} at (0,0) size 110x14
              RenderText {#text} at (0,0) size 0x0
              RenderInline {A} at (0,0) size 50x14 [color=#0000EE]
                RenderImage {IMG} at (149,80) size 50x34
              RenderText {#text} at (199,103) size 3x14
                text run at (199,103) width 3: " "
              RenderBlock {INPUT} at (206,105) size 12x12
              RenderInline {LABEL} at (0,0) size 34x14
                RenderText {#text} at (222,103) size 34x14
                  text run at (222,103) width 34: "Classic"
              RenderText {#text} at (256,103) size 3x14
                text run at (256,103) width 3: " "
          RenderText {#text} at (0,0) size 0x0
          RenderInline {DIV} at (0,0) size 106x14
            RenderInline {DIV} at (0,0) size 106x14
              RenderText {#text} at (0,0) size 0x0
              RenderInline {A} at (0,0) size 50x14 [color=#0000EE]
                RenderImage {IMG} at (259,80) size 50x34
              RenderText {#text} at (309,103) size 3x14
                text run at (309,103) width 3: " "
              RenderBlock {INPUT} at (316,105) size 12x12
              RenderInline {LABEL} at (0,0) size 30x14
                RenderText {#text} at (332,103) size 30x14
                  text run at (332,103) width 30: "Africa"
              RenderText {#text} at (362,103) size 3x14
                text run at (362,103) width 3: " "
          RenderText {#text} at (0,0) size 0x0
          RenderInline {DIV} at (0,0) size 169x14
            RenderInline {DIV} at (0,0) size 169x14
              RenderText {#text} at (0,0) size 0x0
              RenderInline {A} at (0,0) size 50x14 [color=#0000EE]
                RenderImage {IMG} at (365,80) size 50x34
              RenderText {#text} at (415,103) size 3x14
                text run at (415,103) width 3: " "
              RenderBlock {INPUT} at (422,105) size 12x12
              RenderInline {LABEL} at (0,0) size 93x14
                RenderText {#text} at (438,103) size 93x14
                  text run at (438,103) width 93: "Alexander's Empire"
              RenderText {#text} at (531,103) size 3x14
                text run at (531,103) width 3: " "
          RenderText {#text} at (0,0) size 0x0
          RenderInline {DIV} at (0,0) size 146x14
            RenderInline {DIV} at (0,0) size 146x14
              RenderText {#text} at (0,0) size 0x0
              RenderInline {A} at (0,0) size 50x14 [color=#0000EE]
                RenderImage {IMG} at (534,80) size 50x34
              RenderText {#text} at (584,103) size 3x14
                text run at (584,103) width 3: " "
              RenderBlock {INPUT} at (591,105) size 12x12
              RenderInline {LABEL} at (0,0) size 73x14
                RenderText {#text} at (607,103) size 73x14
                  text run at (607,103) width 73: "Ancient Greece"
              RenderText {#text} at (0,0) size 0x0
          RenderText {#text} at (0,0) size 0x0
          RenderInline {DIV} at (0,0) size 110x14
            RenderInline {DIV} at (0,0) size 110x14
              RenderText {#text} at (0,0) size 0x0
              RenderInline {A} at (0,0) size 50x14 [color=#0000EE]
                RenderImage {IMG} at (0,120) size 50x34
              RenderText {#text} at (50,143) size 3x14
                text run at (50,143) width 3: " "
              RenderBlock {INPUT} at (57,145) size 12x12
              RenderInline {LABEL} at (0,0) size 34x14
                RenderText {#text} at (73,143) size 34x14
                  text run at (73,143) width 34: "Classic"
              RenderText {#text} at (107,143) size 3x14
                text run at (107,143) width 3: " "
          RenderText {#text} at (0,0) size 0x0
          RenderInline {DIV} at (0,0) size 106x14
            RenderInline {DIV} at (0,0) size 106x14
              RenderText {#text} at (0,0) size 0x0
              RenderInline {A} at (0,0) size 50x14 [color=#0000EE]
                RenderImage {IMG} at (110,120) size 50x34
              RenderText {#text} at (160,143) size 3x14
                text run at (160,143) width 3: " "
              RenderBlock {INPUT} at (167,145) size 12x12
              RenderInline {LABEL} at (0,0) size 30x14
                RenderText {#text} at (183,143) size 30x14
                  text run at (183,143) width 30: "Africa"
              RenderText {#text} at (213,143) size 3x14
                text run at (213,143) width 3: " "
          RenderText {#text} at (0,0) size 0x0
          RenderInline {DIV} at (0,0) size 169x14
            RenderInline {DIV} at (0,0) size 169x14
              RenderText {#text} at (0,0) size 0x0
              RenderInline {A} at (0,0) size 50x14 [color=#0000EE]
                RenderImage {IMG} at (216,120) size 50x34
              RenderText {#text} at (266,143) size 3x14
                text run at (266,143) width 3: " "
              RenderBlock {INPUT} at (273,145) size 12x12
              RenderInline {LABEL} at (0,0) size 93x14
                RenderText {#text} at (289,143) size 93x14
                  text run at (289,143) width 93: "Alexander's Empire"
              RenderText {#text} at (382,143) size 3x14
                text run at (382,143) width 3: " "
          RenderText {#text} at (0,0) size 0x0
          RenderInline {DIV} at (0,0) size 149x14
            RenderInline {DIV} at (0,0) size 149x14
              RenderText {#text} at (0,0) size 0x0
              RenderInline {A} at (0,0) size 50x14 [color=#0000EE]
                RenderImage {IMG} at (385,120) size 50x34
              RenderText {#text} at (435,143) size 3x14
                text run at (435,143) width 3: " "
              RenderBlock {INPUT} at (442,145) size 12x12
              RenderInline {LABEL} at (0,0) size 73x14
                RenderText {#text} at (458,143) size 73x14
                  text run at (458,143) width 73: "Ancient Greece"
              RenderText {#text} at (531,143) size 3x14
                text run at (531,143) width 3: " "
          RenderText {#text} at (0,0) size 0x0
          RenderInline {DIV} at (0,0) size 110x14
            RenderInline {DIV} at (0,0) size 110x14
              RenderText {#text} at (0,0) size 0x0
              RenderInline {A} at (0,0) size 50x14 [color=#0000EE]
                RenderImage {IMG} at (534,120) size 50x34
              RenderText {#text} at (584,143) size 3x14
                text run at (584,143) width 3: " "
              RenderBlock {INPUT} at (591,145) size 12x12
              RenderInline {LABEL} at (0,0) size 34x14
                RenderText {#text} at (607,143) size 34x14
                  text run at (607,143) width 34: "Classic"
              RenderText {#text} at (641,143) size 3x14
                text run at (641,143) width 3: " "
          RenderText {#text} at (0,0) size 0x0
          RenderInline {DIV} at (0,0) size 103x14
            RenderInline {DIV} at (0,0) size 103x14
              RenderText {#text} at (0,0) size 0x0
              RenderInline {A} at (0,0) size 50x14 [color=#0000EE]
                RenderImage {IMG} at (644,120) size 50x34
              RenderText {#text} at (694,143) size 3x14
                text run at (694,143) width 3: " "
              RenderBlock {INPUT} at (701,145) size 12x12
              RenderInline {LABEL} at (0,0) size 30x14
                RenderText {#text} at (717,143) size 30x14
                  text run at (717,143) width 30: "Africa"
              RenderText {#text} at (0,0) size 0x0
          RenderText {#text} at (0,0) size 0x0
          RenderInline {DIV} at (0,0) size 169x14
            RenderInline {DIV} at (0,0) size 169x14
              RenderText {#text} at (0,0) size 0x0
              RenderInline {A} at (0,0) size 50x14 [color=#0000EE]
                RenderImage {IMG} at (0,160) size 50x34
              RenderText {#text} at (50,183) size 3x14
                text run at (50,183) width 3: " "
              RenderBlock {INPUT} at (57,185) size 12x12
              RenderInline {LABEL} at (0,0) size 93x14
                RenderText {#text} at (73,183) size 93x14
                  text run at (73,183) width 93: "Alexander's Empire"
              RenderText {#text} at (166,183) size 3x14
                text run at (166,183) width 3: " "
          RenderText {#text} at (0,0) size 0x0
          RenderInline {DIV} at (0,0) size 149x14
            RenderInline {DIV} at (0,0) size 149x14
              RenderText {#text} at (0,0) size 0x0
              RenderInline {A} at (0,0) size 50x14 [color=#0000EE]
                RenderImage {IMG} at (169,160) size 50x34
              RenderText {#text} at (219,183) size 3x14
                text run at (219,183) width 3: " "
              RenderBlock {INPUT} at (226,185) size 12x12
              RenderInline {LABEL} at (0,0) size 73x14
                RenderText {#text} at (242,183) size 73x14
                  text run at (242,183) width 73: "Ancient Greece"
              RenderText {#text} at (315,183) size 3x14
                text run at (315,183) width 3: " "
          RenderText {#text} at (0,0) size 0x0
          RenderInline {DIV} at (0,0) size 110x14
            RenderInline {DIV} at (0,0) size 110x14
              RenderText {#text} at (0,0) size 0x0
              RenderInline {A} at (0,0) size 50x14 [color=#0000EE]
                RenderImage {IMG} at (318,160) size 50x34
              RenderText {#text} at (368,183) size 3x14
                text run at (368,183) width 3: " "
              RenderBlock {INPUT} at (375,185) size 12x12
              RenderInline {LABEL} at (0,0) size 34x14
                RenderText {#text} at (391,183) size 34x14
                  text run at (391,183) width 34: "Classic"
              RenderText {#text} at (425,183) size 3x14
                text run at (425,183) width 3: " "
          RenderText {#text} at (0,0) size 0x0
          RenderInline {DIV} at (0,0) size 106x14
            RenderInline {DIV} at (0,0) size 106x14
              RenderText {#text} at (0,0) size 0x0
              RenderInline {A} at (0,0) size 50x14 [color=#0000EE]
                RenderImage {IMG} at (428,160) size 50x34
              RenderText {#text} at (478,183) size 3x14
                text run at (478,183) width 3: " "
              RenderBlock {INPUT} at (485,185) size 12x12
              RenderInline {LABEL} at (0,0) size 30x14
                RenderText {#text} at (501,183) size 30x14
                  text run at (501,183) width 30: "Africa"
              RenderText {#text} at (531,183) size 3x14
                text run at (531,183) width 3: " "
          RenderText {#text} at (0,0) size 0x0
          RenderInline {DIV} at (0,0) size 166x14
            RenderInline {DIV} at (0,0) size 166x14
              RenderText {#text} at (0,0) size 0x0
              RenderInline {A} at (0,0) size 50x14 [color=#0000EE]
                RenderImage {IMG} at (534,160) size 50x34
              RenderText {#text} at (584,183) size 3x14
                text run at (584,183) width 3: " "
              RenderBlock {INPUT} at (591,185) size 12x12
              RenderInline {LABEL} at (0,0) size 93x14
                RenderText {#text} at (607,183) size 93x14
                  text run at (607,183) width 93: "Alexander's Empire"
              RenderText {#text} at (0,0) size 0x0
          RenderText {#text} at (0,0) size 0x0
          RenderInline {DIV} at (0,0) size 149x14
            RenderInline {DIV} at (0,0) size 149x14
              RenderText {#text} at (0,0) size 0x0
              RenderInline {A} at (0,0) size 50x14 [color=#0000EE]
                RenderImage {IMG} at (0,200) size 50x34
              RenderText {#text} at (50,223) size 3x14
                text run at (50,223) width 3: " "
              RenderBlock {INPUT} at (57,225) size 12x12
              RenderInline {LABEL} at (0,0) size 73x14
                RenderText {#text} at (73,223) size 73x14
                  text run at (73,223) width 73: "Ancient Greece"
              RenderText {#text} at (146,223) size 3x14
                text run at (146,223) width 3: " "
          RenderText {#text} at (0,0) size 0x0
          RenderInline {DIV} at (0,0) size 110x14
            RenderInline {DIV} at (0,0) size 110x14
              RenderText {#text} at (0,0) size 0x0
              RenderInline {A} at (0,0) size 50x14 [color=#0000EE]
                RenderImage {IMG} at (149,200) size 50x34
              RenderText {#text} at (199,223) size 3x14
                text run at (199,223) width 3: " "
              RenderBlock {INPUT} at (206,225) size 12x12
              RenderInline {LABEL} at (0,0) size 34x14
                RenderText {#text} at (222,223) size 34x14
                  text run at (222,223) width 34: "Classic"
              RenderText {#text} at (256,223) size 3x14
                text run at (256,223) width 3: " "
          RenderText {#text} at (0,0) size 0x0
          RenderInline {DIV} at (0,0) size 106x14
            RenderInline {DIV} at (0,0) size 106x14
              RenderText {#text} at (0,0) size 0x0
              RenderInline {A} at (0,0) size 50x14 [color=#0000EE]
                RenderImage {IMG} at (259,200) size 50x34
              RenderText {#text} at (309,223) size 3x14
                text run at (309,223) width 3: " "
              RenderBlock {INPUT} at (316,225) size 12x12
              RenderInline {LABEL} at (0,0) size 30x14
                RenderText {#text} at (332,223) size 30x14
                  text run at (332,223) width 30: "Africa"
              RenderText {#text} at (362,223) size 3x14
                text run at (362,223) width 3: " "
          RenderText {#text} at (0,0) size 0x0
          RenderInline {DIV} at (0,0) size 169x14
            RenderInline {DIV} at (0,0) size 169x14
              RenderText {#text} at (0,0) size 0x0
              RenderInline {A} at (0,0) size 50x14 [color=#0000EE]
                RenderImage {IMG} at (365,200) size 50x34
              RenderText {#text} at (415,223) size 3x14
                text run at (415,223) width 3: " "
              RenderBlock {INPUT} at (422,225) size 12x12
              RenderInline {LABEL} at (0,0) size 93x14
                RenderText {#text} at (438,223) size 93x14
                  text run at (438,223) width 93: "Alexander's Empire"
              RenderText {#text} at (531,223) size 3x14
                text run at (531,223) width 3: " "
          RenderText {#text} at (0,0) size 0x0
          RenderInline {DIV} at (0,0) size 146x14
            RenderInline {DIV} at (0,0) size 146x14
              RenderText {#text} at (0,0) size 0x0
              RenderInline {A} at (0,0) size 50x14 [color=#0000EE]
                RenderImage {IMG} at (534,200) size 50x34
              RenderText {#text} at (584,223) size 3x14
                text run at (584,223) width 3: " "
              RenderBlock {INPUT} at (591,225) size 12x12
              RenderInline {LABEL} at (0,0) size 73x14
                RenderText {#text} at (607,223) size 73x14
                  text run at (607,223) width 73: "Ancient Greece"
              RenderText {#text} at (0,0) size 0x0
          RenderText {#text} at (0,0) size 0x0
          RenderInline {DIV} at (0,0) size 110x14
            RenderInline {DIV} at (0,0) size 110x14
              RenderText {#text} at (0,0) size 0x0
              RenderInline {A} at (0,0) size 50x14 [color=#0000EE]
                RenderImage {IMG} at (0,240) size 50x34
              RenderText {#text} at (50,263) size 3x14
                text run at (50,263) width 3: " "
              RenderBlock {INPUT} at (57,265) size 12x12
              RenderInline {LABEL} at (0,0) size 34x14
                RenderText {#text} at (73,263) size 34x14
                  text run at (73,263) width 34: "Classic"
              RenderText {#text} at (107,263) size 3x14
                text run at (107,263) width 3: " "
          RenderText {#text} at (0,0) size 0x0
          RenderInline {DIV} at (0,0) size 106x14
            RenderInline {DIV} at (0,0) size 106x14
              RenderText {#text} at (0,0) size 0x0
              RenderInline {A} at (0,0) size 50x14 [color=#0000EE]
                RenderImage {IMG} at (110,240) size 50x34
              RenderText {#text} at (160,263) size 3x14
                text run at (160,263) width 3: " "
              RenderBlock {INPUT} at (167,265) size 12x12
              RenderInline {LABEL} at (0,0) size 30x14
                RenderText {#text} at (183,263) size 30x14
                  text run at (183,263) width 30: "Africa"
              RenderText {#text} at (213,263) size 3x14
                text run at (213,263) width 3: " "
          RenderText {#text} at (0,0) size 0x0
          RenderInline {DIV} at (0,0) size 169x14
            RenderInline {DIV} at (0,0) size 169x14
              RenderText {#text} at (0,0) size 0x0
              RenderInline {A} at (0,0) size 50x14 [color=#0000EE]
                RenderImage {IMG} at (216,240) size 50x34
              RenderText {#text} at (266,263) size 3x14
                text run at (266,263) width 3: " "
              RenderBlock {INPUT} at (273,265) size 12x12
              RenderInline {LABEL} at (0,0) size 93x14
                RenderText {#text} at (289,263) size 93x14
                  text run at (289,263) width 93: "Alexander's Empire"
              RenderText {#text} at (382,263) size 3x14
                text run at (382,263) width 3: " "
          RenderText {#text} at (0,0) size 0x0
          RenderInline {DIV} at (0,0) size 146x14
            RenderInline {DIV} at (0,0) size 146x14
              RenderText {#text} at (0,0) size 0x0
              RenderInline {A} at (0,0) size 50x14 [color=#0000EE]
                RenderImage {IMG} at (385,240) size 50x34
              RenderText {#text} at (435,263) size 3x14
                text run at (435,263) width 3: " "
              RenderBlock {INPUT} at (442,265) size 12x12
              RenderInline {LABEL} at (0,0) size 73x14
                RenderText {#text} at (458,263) size 73x14
                  text run at (458,263) width 73: "Ancient Greece"
              RenderText {#text} at (0,0) size 0x0
          RenderText {#text} at (0,0) size 0x0
