layer at (0,0) size 800x600
  RenderView at (0,0) size 800x600
layer at (0,0) size 800x600
  RenderBlock {HTML} at (0,0) size 800x600
    RenderBody {BODY} at (8,8) size 784x584
      RenderBlock {P} at (0,0) size 784x14
        RenderText {#text} at (0,0) size 40x14
          text run at (0,0) width 40: "Test for "
        RenderInline {I} at (0,0) size 670x14
          RenderInline {A} at (0,0) size 226x14 [color=#0000EE]
            RenderText {#text} at (40,0) size 226x14
              text run at (40,0) width 226: "http://bugs.webkit.org/show_bug.cgi?id=13072"
          RenderText {#text} at (266,0) size 444x14
            text run at (266,0) width 3: " "
            text run at (269,0) width 441: "REGRESSION (r15617): white-space: pre-wrap breaks off the last character of a wide word"
        RenderText {#text} at (710,0) size 3x14
          text run at (710,0) width 3: "."
      RenderBlock {P} at (0,26) size 784x14
        RenderText {#text} at (0,0) size 170x14
          text run at (0,0) width 170: "The following line should not wrap."
      RenderBlock {DIV} at (0,52) size 150x14 [bgcolor=#D3D3D3]
        RenderText {#text} at (0,0) size 141x14
          text run at (0,0) width 141: "abcdefghijklmnopqrstuvwxyz"
