layer at (0,0) size 800x600
  RenderView at (0,0) size 800x600
layer at (0,0) size 800x600
  RenderBlock {HTML} at (0,0) size 800x600
    RenderBody {BODY} at (8,8) size 784x584
      RenderTable {TABLE} at (0,0) size 784x34
        RenderTableSection {TBODY} at (0,0) size 784x34
          RenderTableRow {TR} at (0,2) size 784x30
            RenderTableCell {TD} at (2,2) size 780x30 [r=0 c=0 rs=1 cs=1]
              RenderBlock {DIV} at (1,1) size 778x28
                RenderText {#text} at (0,0) size 778x28
                  text run at (0,0) width 776: "Three cheers    for OldVet and the letter he wrote to Senator Dodd (see above Comment).  We all need to be proactive and contact our senators and representatives to"
                  text run at (776,0) width 2: " "
                  text run at (0,14) width 693: "let them know our strong feelings on this subject.  I would lose what little faith I have left in our government if they engineered a tax payer bailout. "
                  text run at (693,14) width 0: " "
