layer at (0,0) size 980x735
  RenderView at (0,0) size 980x735
layer at (0,0) size 980x735
  RenderBlock {HTML} at (0,0) size 980x735
    RenderBody {BODY} at (8,8) size 964x711
      RenderBlock {FORM} at (0,0) size 964x33
        RenderTable {TABLE} at (0,0) size 801x33 [bgcolor=#FFE030] [border: (1px outset #808080)]
          RenderTableSection {TBODY} at (1,1) size 799x31
            RenderTableRow {TR} at (0,0) size 799x31
              RenderTableCell {TD} at (0,0) size 799x31 [border: (1px inset #808080)] [r=0 c=0 rs=1 cs=1]
                RenderInline {NOBR} at (0,0) size 797x19
                  RenderTextControl {INPUT} at (3,3) size 251x25 [bgcolor=#FFFFFF]
                  RenderText {#text} at (256,6) size 16x19
                    text run at (256,6) width 16: " - "
                  RenderTextControl {INPUT} at (274,3) size 251x25 [bgcolor=#FFFFFF]
                  RenderText {#text} at (527,6) size 16x19
                    text run at (527,6) width 16: " - "
                  RenderTextControl {INPUT} at (545,3) size 251x25 [bgcolor=#FFFFFF]
                RenderText {#text} at (0,0) size 0x0
            RenderTableRow {TR} at (0,31) size 799x0
layer at (16,18) size 244x15
  RenderBlock {DIV} at (4,6) size 244x15
layer at (287,18) size 244x15
  RenderBlock {DIV} at (4,6) size 244x15
layer at (558,18) size 244x15
  RenderBlock {DIV} at (4,6) size 244x15
