layer at (0,0) size 980x1584
  RenderView at (0,0) size 980x735
layer at (0,0) size 980x1584
  RenderBlock {HTML} at (0,0) size 980x1584
    RenderBody {BODY} at (8,8) size 964x1568
      RenderTable {TABLE} at (0,0) size 964x75 [border: (1px solid #000000)]
        RenderTableSection {TBODY} at (1,1) size 962x73
          RenderTableRow {TR} at (0,2) size 962x69
            RenderTableCell {TD} at (2,2) size 444x69 [border: (1px solid #000000)] [r=0 c=0 rs=1 cs=1]
              RenderImage {IMG} at (2,2) size 88x65
              RenderImage {IMG} at (90,2) size 88x65
              RenderImage {IMG} at (178,2) size 88x65
              RenderImage {IMG} at (266,2) size 88x65
              RenderImage {IMG} at (354,2) size 88x65
            RenderTableCell {TD} at (448,25) size 512x23 [border: (1px solid #000000)] [r=0 c=1 rs=1 cs=1]
              RenderText {#text} at (2,2) size 199x19
                text run at (2,2) width 199: "Nothing between images"
      RenderTable {TABLE} at (0,75) size 964x335 [border: (1px solid #000000)]
        RenderTableSection {TBODY} at (1,1) size 962x333
          RenderTableRow {TR} at (0,2) size 962x329
            RenderTableCell {TD} at (2,2) size 92x329 [border: (1px solid #000000)] [r=0 c=0 rs=1 cs=1]
              RenderImage {IMG} at (2,2) size 88x65
              RenderText {#text} at (0,0) size 0x0
              RenderImage {IMG} at (2,67) size 88x65
              RenderText {#text} at (0,0) size 0x0
              RenderImage {IMG} at (2,132) size 88x65
              RenderText {#text} at (0,0) size 0x0
              RenderImage {IMG} at (2,197) size 88x65
              RenderText {#text} at (0,0) size 0x0
              RenderImage {IMG} at (2,262) size 88x65
            RenderTableCell {TD} at (96,155) size 864x23 [border: (1px solid #000000)] [r=0 c=1 rs=1 cs=1]
              RenderText {#text} at (2,2) size 194x19
                text run at (2,2) width 194: "Spaces between images"
      RenderTable {TABLE} at (0,410) size 964x335 [border: (1px solid #000000)]
        RenderTableSection {TBODY} at (1,1) size 962x333
          RenderTableRow {TR} at (0,2) size 962x329
            RenderTableCell {TD} at (2,2) size 92x329 [border: (1px solid #000000)] [r=0 c=0 rs=1 cs=1]
              RenderImage {IMG} at (2,2) size 88x65
              RenderText {#text} at (0,0) size 0x0
              RenderImage {IMG} at (2,67) size 88x65
              RenderText {#text} at (0,0) size 0x0
              RenderImage {IMG} at (2,132) size 88x65
              RenderText {#text} at (0,0) size 0x0
              RenderImage {IMG} at (2,197) size 88x65
              RenderText {#text} at (0,0) size 0x0
              RenderImage {IMG} at (2,262) size 88x65
            RenderTableCell {TD} at (96,155) size 864x23 [border: (1px solid #000000)] [r=0 c=1 rs=1 cs=1]
              RenderText {#text} at (2,2) size 208x19
                text run at (2,2) width 208: "Newlines between images"
      RenderTable {TABLE} at (0,745) size 964x79 [border: (1px solid #000000)]
        RenderTableSection {TBODY} at (1,1) size 962x77
          RenderTableRow {TR} at (0,2) size 962x73
            RenderTableCell {TD} at (2,2) size 625x73 [border: (1px solid #000000)] [r=0 c=0 rs=1 cs=1]
              RenderText {#text} at (2,52) size 33x19
                text run at (2,52) width 33: "One"
              RenderImage {IMG} at (35,2) size 88x65
              RenderText {#text} at (123,52) size 33x19
                text run at (123,52) width 33: "Two"
              RenderImage {IMG} at (156,2) size 88x65
              RenderText {#text} at (244,52) size 47x19
                text run at (244,52) width 47: "Three"
              RenderImage {IMG} at (291,2) size 88x65
              RenderText {#text} at (379,52) size 36x19
                text run at (379,52) width 36: "Four"
              RenderImage {IMG} at (415,2) size 88x65
              RenderText {#text} at (503,52) size 32x19
                text run at (503,52) width 32: "Five"
              RenderImage {IMG} at (535,2) size 88x65
            RenderTableCell {TD} at (629,27) size 331x23 [border: (1px solid #000000)] [r=0 c=1 rs=1 cs=1]
              RenderText {#text} at (2,2) size 172x19
                text run at (2,2) width 172: "Text between images"
      RenderTable {TABLE} at (0,824) size 964x370 [border: (1px solid #000000)]
        RenderTableSection {TBODY} at (1,1) size 962x368
          RenderTableRow {TR} at (0,2) size 962x364
            RenderTableCell {TD} at (2,2) size 139x364 [border: (1px solid #000000)] [r=0 c=0 rs=1 cs=1]
              RenderText {#text} at (2,2) size 33x19
                text run at (2,2) width 33: "One"
              RenderImage {IMG} at (2,21) size 88x65
              RenderText {#text} at (90,71) size 33x19
                text run at (90,71) width 33: "Two"
              RenderImage {IMG} at (2,90) size 88x65
              RenderText {#text} at (90,140) size 47x19
                text run at (90,140) width 47: "Three"
              RenderImage {IMG} at (2,159) size 88x65
              RenderText {#text} at (90,209) size 36x19
                text run at (90,209) width 36: "Four"
              RenderImage {IMG} at (2,228) size 88x65
              RenderText {#text} at (90,278) size 32x19
                text run at (90,278) width 32: "Five"
              RenderImage {IMG} at (2,297) size 88x65
            RenderTableCell {TD} at (143,172) size 817x23 [border: (1px solid #000000)] [r=0 c=1 rs=1 cs=1]
              RenderText {#text} at (2,2) size 270x19
                text run at (2,2) width 270: "Text with spaces between images"
      RenderTable {TABLE} at (0,1194) size 964x374 [border: (1px solid #000000)]
        RenderTableSection {TBODY} at (1,1) size 962x372
          RenderTableRow {TR} at (0,2) size 962x368
            RenderTableCell {TD} at (2,2) size 149x368 [border: (1px solid #000000)] [r=0 c=0 rs=1 cs=1]
              RenderText {#text} at (2,2) size 33x88
                text run at (2,2) width 33: "One"
                text run at (2,71) width 11: "A"
              RenderImage {IMG} at (13,21) size 88x65
              RenderText {#text} at (101,71) size 132x88
                text run at (101,71) width 33: "Two"
                text run at (2,140) width 10: "b"
              RenderImage {IMG} at (12,90) size 88x65
              RenderText {#text} at (100,140) size 145x88
                text run at (100,140) width 47: "Three"
                text run at (2,209) width 9: "c"
              RenderImage {IMG} at (11,159) size 88x65
              RenderText {#text} at (99,209) size 133x88
                text run at (99,209) width 36: "Four"
                text run at (2,278) width 10: "d"
              RenderImage {IMG} at (12,228) size 88x65
              RenderText {#text} at (100,278) size 130x88
                text run at (100,278) width 32: "Five"
                text run at (2,347) width 10: "e"
              RenderImage {IMG} at (12,297) size 88x65
            RenderTableCell {TD} at (153,174) size 807x23 [border: (1px solid #000000)] [r=0 c=1 rs=1 cs=1]
              RenderText {#text} at (2,2) size 389x19
                text run at (2,2) width 389: "Text with spaces and more text between images"
