layer at (0,0) size 980x1018
  RenderView at (0,0) size 980x735
layer at (0,0) size 980x1018
  RenderBlock {HTML} at (0,0) size 980x1018
    RenderBody {BODY} at (8,8) size 964x1002
      RenderBlock (anonymous) at (0,0) size 964x19
        RenderInline {FONT} at (0,0) size 132x19
          RenderText {#text} at (0,0) size 121x19
            text run at (0,0) width 121: "same line as X "
          RenderInline {A} at (0,0) size 11x19
            RenderText {#text} at (121,0) size 11x19
              text run at (121,0) width 11: "X"
      RenderBlock (anonymous) at (0,19) size 964x29
        RenderTable {TABLE} at (0,0) size 66x29 [border: (1px outset #808080)]
          RenderTableSection {TBODY} at (1,1) size 64x27
            RenderTableRow {TR} at (0,2) size 64x23
              RenderTableCell {TD} at (2,2) size 60x23 [border: (1px inset #808080)] [r=0 c=0 rs=1 cs=1]
                RenderText {#text} at (2,2) size 56x19
                  text run at (2,2) width 56: "table-1"
      RenderBlock (anonymous) at (0,48) size 964x19
        RenderInline {FONT} at (0,0) size 11x19
          RenderInline {A} at (0,0) size 11x19
            RenderText {#text} at (0,0) size 11x19
              text run at (0,0) width 11: "Z"
          RenderInline {FONT} at (0,0) size 0x0
            RenderText {#text} at (0,0) size 0x0
      RenderBlock (anonymous) at (0,75) size 964x2
        RenderBlock {HR} at (0,0) size 964x2 [border: (1px inset #000000)]
      RenderBlock (anonymous) at (0,85) size 964x19
        RenderInline {FONT} at (0,0) size 132x19
          RenderInline {FONT} at (0,0) size 132x19
            RenderInline {FONT} at (0,0) size 132x19
              RenderInline {A} at (0,0) size 11x19
                RenderText {#text} at (0,0) size 11x19
                  text run at (0,0) width 11: "X"
              RenderText {#text} at (11,0) size 121x19
                text run at (11,0) width 121: " same line as X"
      RenderBlock (anonymous) at (0,104) size 964x29
        RenderTable {TABLE} at (0,0) size 66x29 [border: (1px outset #808080)]
          RenderTableSection {TBODY} at (1,1) size 64x27
            RenderTableRow {TR} at (0,2) size 64x23
              RenderTableCell {TD} at (2,2) size 60x23 [border: (1px inset #808080)] [r=0 c=0 rs=1 cs=1]
                RenderText {#text} at (2,2) size 56x19
                  text run at (2,2) width 56: "table-2"
      RenderBlock (anonymous) at (0,133) size 964x19
        RenderInline {FONT} at (0,0) size 11x19
          RenderInline {FONT} at (0,0) size 11x19
            RenderInline {FONT} at (0,0) size 11x19
              RenderInline {A} at (0,0) size 11x19
                RenderText {#text} at (0,0) size 11x19
                  text run at (0,0) width 11: "Z"
              RenderInline {FONT} at (0,0) size 0x0
                RenderText {#text} at (0,0) size 0x0
      RenderBlock (anonymous) at (0,160) size 964x2
        RenderBlock {HR} at (0,0) size 964x2 [border: (1px inset #000000)]
      RenderBlock (anonymous) at (0,170) size 964x19
        RenderInline {FONT} at (0,0) size 11x19
          RenderInline {FONT} at (0,0) size 11x19
            RenderInline {FONT} at (0,0) size 11x19
              RenderInline {FONT} at (0,0) size 11x19
                RenderInline {FONT} at (0,0) size 11x19
                  RenderInline {A} at (0,0) size 11x19
                    RenderText {#text} at (0,0) size 11x19
                      text run at (0,0) width 11: "X"
      RenderBlock (anonymous) at (0,189) size 964x29
        RenderTable {TABLE} at (0,0) size 66x29 [border: (1px outset #808080)]
          RenderTableSection {TBODY} at (1,1) size 64x27
            RenderTableRow {TR} at (0,2) size 64x23
              RenderTableCell {TD} at (2,2) size 60x23 [border: (1px inset #808080)] [r=0 c=0 rs=1 cs=1]
                RenderText {#text} at (2,2) size 56x19
                  text run at (2,2) width 56: "table-3"
      RenderBlock (anonymous) at (0,218) size 964x19
        RenderInline {FONT} at (0,0) size 132x19
          RenderInline {FONT} at (0,0) size 132x19
            RenderInline {FONT} at (0,0) size 132x19
              RenderInline {FONT} at (0,0) size 132x19
                RenderInline {FONT} at (0,0) size 132x19
                  RenderText {#text} at (0,0) size 121x19
                    text run at (0,0) width 121: "same line as Z "
                  RenderInline {A} at (0,0) size 11x19
                    RenderText {#text} at (121,0) size 11x19
                      text run at (121,0) width 11: "Z"
                  RenderInline {FONT} at (0,0) size 0x0
                    RenderText {#text} at (0,0) size 0x0
      RenderBlock (anonymous) at (0,245) size 964x2
        RenderBlock {HR} at (0,0) size 964x2 [border: (1px inset #000000)]
      RenderBlock (anonymous) at (0,255) size 964x19
        RenderInline {FONT} at (0,0) size 131x19
          RenderInline {FONT} at (0,0) size 131x19
            RenderInline {FONT} at (0,0) size 131x19
              RenderInline {FONT} at (0,0) size 131x19
                RenderInline {FONT} at (0,0) size 131x19
                  RenderInline {FONT} at (0,0) size 131x19
                    RenderInline {FONT} at (0,0) size 131x19
                      RenderText {#text} at (0,0) size 131x19
                        text run at (0,0) width 131: "line before table"
      RenderBlock (anonymous) at (0,274) size 964x29
        RenderTable {TABLE} at (0,0) size 66x29 [border: (1px outset #808080)]
          RenderTableSection {TBODY} at (1,1) size 64x27
            RenderTableRow {TR} at (0,2) size 64x23
              RenderTableCell {TD} at (2,2) size 60x23 [border: (1px inset #808080)] [r=0 c=0 rs=1 cs=1]
                RenderText {#text} at (2,2) size 56x19
                  text run at (2,2) width 56: "table-4"
      RenderBlock (anonymous) at (0,303) size 964x19
        RenderInline {FONT} at (0,0) size 11x19
          RenderInline {FONT} at (0,0) size 11x19
            RenderInline {FONT} at (0,0) size 11x19
              RenderInline {FONT} at (0,0) size 11x19
                RenderInline {FONT} at (0,0) size 11x19
                  RenderInline {FONT} at (0,0) size 11x19
                    RenderInline {FONT} at (0,0) size 11x19
                      RenderInline {A} at (0,0) size 11x19
                        RenderText {#text} at (0,0) size 11x19
                          text run at (0,0) width 11: "Z"
                      RenderInline {FONT} at (0,0) size 0x0
                        RenderText {#text} at (0,0) size 0x0
      RenderBlock (anonymous) at (0,330) size 964x2
        RenderBlock {HR} at (0,0) size 964x2 [border: (1px inset #000000)]
      RenderBlock (anonymous) at (0,340) size 964x0
        RenderInline {FONT} at (0,0) size 0x0
          RenderInline {FONT} at (0,0) size 0x0
            RenderInline {FONT} at (0,0) size 0x0
              RenderInline {FONT} at (0,0) size 0x0
                RenderInline {FONT} at (0,0) size 0x0
                  RenderInline {FONT} at (0,0) size 0x0
                    RenderInline {FONT} at (0,0) size 0x0
                      RenderInline {FONT} at (0,0) size 0x0
                        RenderInline {FONT} at (0,0) size 0x0
      RenderBlock (anonymous) at (0,340) size 964x29
        RenderTable {TABLE} at (0,0) size 66x29 [border: (1px outset #808080)]
          RenderTableSection {TBODY} at (1,1) size 64x27
            RenderTableRow {TR} at (0,2) size 64x23
              RenderTableCell {TD} at (2,2) size 60x23 [border: (1px inset #808080)] [r=0 c=0 rs=1 cs=1]
                RenderText {#text} at (2,2) size 56x19
                  text run at (2,2) width 56: "table-5"
      RenderBlock (anonymous) at (0,369) size 964x19
        RenderInline {FONT} at (0,0) size 133x19
          RenderInline {FONT} at (0,0) size 133x19
            RenderInline {FONT} at (0,0) size 133x19
              RenderInline {FONT} at (0,0) size 133x19
                RenderInline {FONT} at (0,0) size 133x19
                  RenderInline {FONT} at (0,0) size 133x19
                    RenderInline {FONT} at (0,0) size 133x19
                      RenderInline {FONT} at (0,0) size 133x19
                        RenderInline {FONT} at (0,0) size 133x19
                          RenderText {#text} at (0,0) size 122x19
                            text run at (0,0) width 122: "line after table "
                          RenderInline {A} at (0,0) size 11x19
                            RenderText {#text} at (122,0) size 11x19
                              text run at (122,0) width 11: "Z"
                          RenderInline {FONT} at (0,0) size 0x0
                            RenderText {#text} at (0,0) size 0x0
      RenderBlock (anonymous) at (0,396) size 964x2
        RenderBlock {HR} at (0,0) size 964x2 [border: (1px inset #000000)]
      RenderBlock (anonymous) at (0,406) size 964x19
        RenderInline {FONT} at (0,0) size 131x19
          RenderInline {FONT} at (0,0) size 131x19
            RenderInline {FONT} at (0,0) size 131x19
              RenderInline {FONT} at (0,0) size 131x19
                RenderInline {FONT} at (0,0) size 131x19
                  RenderInline {FONT} at (0,0) size 131x19
                    RenderInline {FONT} at (0,0) size 131x19
                      RenderInline {FONT} at (0,0) size 131x19
                        RenderInline {FONT} at (0,0) size 131x19
                          RenderInline {FONT} at (0,0) size 131x19
                            RenderInline {FONT} at (0,0) size 131x19
                              RenderText {#text} at (0,0) size 131x19
                                text run at (0,0) width 131: "line before table"
      RenderBlock (anonymous) at (0,425) size 964x29
        RenderTable {TABLE} at (0,0) size 66x29 [border: (1px outset #808080)]
          RenderTableSection {TBODY} at (1,1) size 64x27
            RenderTableRow {TR} at (0,2) size 64x23
              RenderTableCell {TD} at (2,2) size 60x23 [border: (1px inset #808080)] [r=0 c=0 rs=1 cs=1]
                RenderText {#text} at (2,2) size 56x19
                  text run at (2,2) width 56: "table-6"
      RenderBlock (anonymous) at (0,454) size 964x0
        RenderInline {FONT} at (0,0) size 0x0
          RenderInline {FONT} at (0,0) size 0x0
            RenderInline {FONT} at (0,0) size 0x0
              RenderInline {FONT} at (0,0) size 0x0
                RenderInline {FONT} at (0,0) size 0x0
                  RenderInline {FONT} at (0,0) size 0x0
                    RenderInline {FONT} at (0,0) size 0x0
                      RenderInline {FONT} at (0,0) size 0x0
                        RenderInline {FONT} at (0,0) size 0x0
                          RenderInline {FONT} at (0,0) size 0x0
                            RenderInline {FONT} at (0,0) size 0x0
                              RenderInline {FONT} at (0,0) size 0x0
                                RenderText {#text} at (0,0) size 0x0
      RenderBlock (anonymous) at (0,462) size 964x2
        RenderBlock {HR} at (0,0) size 964x2 [border: (1px inset #000000)]
      RenderBlock (anonymous) at (0,472) size 964x0
        RenderInline {FONT} at (0,0) size 0x0
          RenderInline {FONT} at (0,0) size 0x0
            RenderInline {FONT} at (0,0) size 0x0
              RenderInline {FONT} at (0,0) size 0x0
                RenderInline {FONT} at (0,0) size 0x0
                  RenderInline {FONT} at (0,0) size 0x0
                    RenderInline {FONT} at (0,0) size 0x0
                      RenderInline {FONT} at (0,0) size 0x0
                        RenderInline {FONT} at (0,0) size 0x0
                          RenderInline {FONT} at (0,0) size 0x0
                            RenderInline {FONT} at (0,0) size 0x0
                              RenderInline {FONT} at (0,0) size 0x0
                                RenderInline {FONT} at (0,0) size 0x0
      RenderBlock (anonymous) at (0,472) size 964x19
        RenderBlock {DIV} at (0,0) size 964x19
          RenderText {#text} at (0,0) size 97x19
            text run at (0,0) width 97: "div before X"
      RenderBlock (anonymous) at (0,491) size 964x19
        RenderInline {FONT} at (0,0) size 11x19
          RenderInline {FONT} at (0,0) size 11x19
            RenderInline {FONT} at (0,0) size 11x19
              RenderInline {FONT} at (0,0) size 11x19
                RenderInline {FONT} at (0,0) size 11x19
                  RenderInline {FONT} at (0,0) size 11x19
                    RenderInline {FONT} at (0,0) size 11x19
                      RenderInline {FONT} at (0,0) size 11x19
                        RenderInline {FONT} at (0,0) size 11x19
                          RenderInline {FONT} at (0,0) size 11x19
                            RenderInline {FONT} at (0,0) size 11x19
                              RenderInline {FONT} at (0,0) size 11x19
                                RenderInline {FONT} at (0,0) size 11x19
                                  RenderInline {A} at (0,0) size 11x19
                                    RenderText {#text} at (0,0) size 11x19
                                      text run at (0,0) width 11: "X"
      RenderBlock (anonymous) at (0,510) size 964x29
        RenderTable {TABLE} at (0,0) size 66x29 [border: (1px outset #808080)]
          RenderTableSection {TBODY} at (1,1) size 64x27
            RenderTableRow {TR} at (0,2) size 64x23
              RenderTableCell {TD} at (2,2) size 60x23 [border: (1px inset #808080)] [r=0 c=0 rs=1 cs=1]
                RenderText {#text} at (2,2) size 56x19
                  text run at (2,2) width 56: "table-7"
      RenderBlock (anonymous) at (0,539) size 964x19
        RenderInline {FONT} at (0,0) size 11x19
          RenderInline {FONT} at (0,0) size 11x19
            RenderInline {FONT} at (0,0) size 11x19
              RenderInline {FONT} at (0,0) size 11x19
                RenderInline {FONT} at (0,0) size 11x19
                  RenderInline {FONT} at (0,0) size 11x19
                    RenderInline {FONT} at (0,0) size 11x19
                      RenderInline {FONT} at (0,0) size 11x19
                        RenderInline {FONT} at (0,0) size 11x19
                          RenderInline {FONT} at (0,0) size 11x19
                            RenderInline {FONT} at (0,0) size 11x19
                              RenderInline {FONT} at (0,0) size 11x19
                                RenderInline {FONT} at (0,0) size 11x19
                                  RenderInline {A} at (0,0) size 11x19
                                    RenderText {#text} at (0,0) size 11x19
                                      text run at (0,0) width 11: "Z"
                                  RenderInline {FONT} at (0,0) size 0x0
                                    RenderText {#text} at (0,0) size 0x0
      RenderBlock (anonymous) at (0,566) size 964x2
        RenderBlock {HR} at (0,0) size 964x2 [border: (1px inset #000000)]
      RenderBlock (anonymous) at (0,576) size 964x19
        RenderInline {FONT} at (0,0) size 11x19
          RenderInline {FONT} at (0,0) size 11x19
            RenderInline {FONT} at (0,0) size 11x19
              RenderInline {FONT} at (0,0) size 11x19
                RenderInline {FONT} at (0,0) size 11x19
                  RenderInline {FONT} at (0,0) size 11x19
                    RenderInline {FONT} at (0,0) size 11x19
                      RenderInline {FONT} at (0,0) size 11x19
                        RenderInline {FONT} at (0,0) size 11x19
                          RenderInline {FONT} at (0,0) size 11x19
                            RenderInline {FONT} at (0,0) size 11x19
                              RenderInline {FONT} at (0,0) size 11x19
                                RenderInline {FONT} at (0,0) size 11x19
                                  RenderInline {FONT} at (0,0) size 11x19
                                    RenderInline {FONT} at (0,0) size 11x19
                                      RenderInline {A} at (0,0) size 11x19
                                        RenderText {#text} at (0,0) size 11x19
                                          text run at (0,0) width 11: "X"
      RenderBlock (anonymous) at (0,595) size 964x48
        RenderBlock {DIV} at (0,0) size 964x19
          RenderText {#text} at (0,0) size 126x19
            text run at (0,0) width 126: "div before table"
        RenderTable {TABLE} at (0,19) size 66x29 [border: (1px outset #808080)]
          RenderTableSection {TBODY} at (1,1) size 64x27
            RenderTableRow {TR} at (0,2) size 64x23
              RenderTableCell {TD} at (2,2) size 60x23 [border: (1px inset #808080)] [r=0 c=0 rs=1 cs=1]
                RenderText {#text} at (2,2) size 56x19
                  text run at (2,2) width 56: "table-8"
      RenderBlock (anonymous) at (0,643) size 964x19
        RenderInline {FONT} at (0,0) size 11x19
          RenderInline {FONT} at (0,0) size 11x19
            RenderInline {FONT} at (0,0) size 11x19
              RenderInline {FONT} at (0,0) size 11x19
                RenderInline {FONT} at (0,0) size 11x19
                  RenderInline {FONT} at (0,0) size 11x19
                    RenderInline {FONT} at (0,0) size 11x19
                      RenderInline {FONT} at (0,0) size 11x19
                        RenderInline {FONT} at (0,0) size 11x19
                          RenderInline {FONT} at (0,0) size 11x19
                            RenderInline {FONT} at (0,0) size 11x19
                              RenderInline {FONT} at (0,0) size 11x19
                                RenderInline {FONT} at (0,0) size 11x19
                                  RenderInline {FONT} at (0,0) size 11x19
                                    RenderInline {FONT} at (0,0) size 11x19
                                      RenderInline {A} at (0,0) size 11x19
                                        RenderText {#text} at (0,0) size 11x19
                                          text run at (0,0) width 11: "Z"
                                      RenderInline {FONT} at (0,0) size 0x0
                                        RenderText {#text} at (0,0) size 0x0
      RenderBlock (anonymous) at (0,670) size 964x2
        RenderBlock {HR} at (0,0) size 964x2 [border: (1px inset #000000)]
      RenderBlock (anonymous) at (0,680) size 964x19
        RenderInline {FONT} at (0,0) size 11x19
          RenderInline {FONT} at (0,0) size 11x19
            RenderInline {FONT} at (0,0) size 11x19
              RenderInline {FONT} at (0,0) size 11x19
                RenderInline {FONT} at (0,0) size 11x19
                  RenderInline {FONT} at (0,0) size 11x19
                    RenderInline {FONT} at (0,0) size 11x19
                      RenderInline {FONT} at (0,0) size 11x19
                        RenderInline {FONT} at (0,0) size 11x19
                          RenderInline {FONT} at (0,0) size 11x19
                            RenderInline {FONT} at (0,0) size 11x19
                              RenderInline {FONT} at (0,0) size 11x19
                                RenderInline {FONT} at (0,0) size 11x19
                                  RenderInline {FONT} at (0,0) size 11x19
                                    RenderInline {FONT} at (0,0) size 11x19
                                      RenderInline {FONT} at (0,0) size 11x19
                                        RenderInline {FONT} at (0,0) size 11x19
                                          RenderInline {A} at (0,0) size 11x19
                                            RenderText {#text} at (0,0) size 11x19
                                              text run at (0,0) width 11: "X"
      RenderBlock (anonymous) at (0,699) size 964x48
        RenderTable {TABLE} at (0,0) size 66x29 [border: (1px outset #808080)]
          RenderTableSection {TBODY} at (1,1) size 64x27
            RenderTableRow {TR} at (0,2) size 64x23
              RenderTableCell {TD} at (2,2) size 60x23 [border: (1px inset #808080)] [r=0 c=0 rs=1 cs=1]
                RenderText {#text} at (2,2) size 56x19
                  text run at (2,2) width 56: "table-9"
        RenderBlock {DIV} at (0,29) size 964x19
          RenderText {#text} at (0,0) size 112x19
            text run at (0,0) width 112: "div after table"
      RenderBlock (anonymous) at (0,747) size 964x19
        RenderInline {FONT} at (0,0) size 11x19
          RenderInline {FONT} at (0,0) size 11x19
            RenderInline {FONT} at (0,0) size 11x19
              RenderInline {FONT} at (0,0) size 11x19
                RenderInline {FONT} at (0,0) size 11x19
                  RenderInline {FONT} at (0,0) size 11x19
                    RenderInline {FONT} at (0,0) size 11x19
                      RenderInline {FONT} at (0,0) size 11x19
                        RenderInline {FONT} at (0,0) size 11x19
                          RenderInline {FONT} at (0,0) size 11x19
                            RenderInline {FONT} at (0,0) size 11x19
                              RenderInline {FONT} at (0,0) size 11x19
                                RenderInline {FONT} at (0,0) size 11x19
                                  RenderInline {FONT} at (0,0) size 11x19
                                    RenderInline {FONT} at (0,0) size 11x19
                                      RenderInline {FONT} at (0,0) size 11x19
                                        RenderInline {FONT} at (0,0) size 11x19
                                          RenderInline {A} at (0,0) size 11x19
                                            RenderText {#text} at (0,0) size 11x19
                                              text run at (0,0) width 11: "Z"
                                          RenderInline {FONT} at (0,0) size 0x0
                                            RenderText {#text} at (0,0) size 0x0
      RenderBlock (anonymous) at (0,774) size 964x2
        RenderBlock {HR} at (0,0) size 964x2 [border: (1px inset #000000)]
      RenderBlock (anonymous) at (0,784) size 964x0
        RenderInline {FONT} at (0,0) size 0x0
          RenderInline {FONT} at (0,0) size 0x0
            RenderInline {FONT} at (0,0) size 0x0
              RenderInline {FONT} at (0,0) size 0x0
                RenderInline {FONT} at (0,0) size 0x0
                  RenderInline {FONT} at (0,0) size 0x0
                    RenderInline {FONT} at (0,0) size 0x0
                      RenderInline {FONT} at (0,0) size 0x0
                        RenderInline {FONT} at (0,0) size 0x0
                          RenderInline {FONT} at (0,0) size 0x0
                            RenderInline {FONT} at (0,0) size 0x0
                              RenderInline {FONT} at (0,0) size 0x0
                                RenderInline {FONT} at (0,0) size 0x0
                                  RenderInline {FONT} at (0,0) size 0x0
                                    RenderInline {FONT} at (0,0) size 0x0
                                      RenderInline {FONT} at (0,0) size 0x0
                                        RenderInline {FONT} at (0,0) size 0x0
                                          RenderInline {FONT} at (0,0) size 0x0
                                            RenderInline {FONT} at (0,0) size 0x0
      RenderBlock (anonymous) at (0,784) size 964x48
        RenderBlock {DIV} at (0,0) size 964x19
          RenderText {#text} at (0,0) size 126x19
            text run at (0,0) width 126: "div before table"
        RenderTable {TABLE} at (0,19) size 76x29 [border: (1px outset #808080)]
          RenderTableSection {TBODY} at (1,1) size 74x27
            RenderTableRow {TR} at (0,2) size 74x23
              RenderTableCell {TD} at (2,2) size 70x23 [border: (1px inset #808080)] [r=0 c=0 rs=1 cs=1]
                RenderText {#text} at (2,2) size 66x19
                  text run at (2,2) width 66: "table-10"
      RenderBlock (anonymous) at (0,832) size 964x19
        RenderInline {FONT} at (0,0) size 11x19
          RenderInline {FONT} at (0,0) size 11x19
            RenderInline {FONT} at (0,0) size 11x19
              RenderInline {FONT} at (0,0) size 11x19
                RenderInline {FONT} at (0,0) size 11x19
                  RenderInline {FONT} at (0,0) size 11x19
                    RenderInline {FONT} at (0,0) size 11x19
                      RenderInline {FONT} at (0,0) size 11x19
                        RenderInline {FONT} at (0,0) size 11x19
                          RenderInline {FONT} at (0,0) size 11x19
                            RenderInline {FONT} at (0,0) size 11x19
                              RenderInline {FONT} at (0,0) size 11x19
                                RenderInline {FONT} at (0,0) size 11x19
                                  RenderInline {FONT} at (0,0) size 11x19
                                    RenderInline {FONT} at (0,0) size 11x19
                                      RenderInline {FONT} at (0,0) size 11x19
                                        RenderInline {FONT} at (0,0) size 11x19
                                          RenderInline {FONT} at (0,0) size 11x19
                                            RenderInline {FONT} at (0,0) size 11x19
                                              RenderInline {A} at (0,0) size 11x19
                                                RenderText {#text} at (0,0) size 11x19
                                                  text run at (0,0) width 11: "Z"
                                              RenderInline {FONT} at (0,0) size 0x0
                                                RenderText {#text} at (0,0) size 0x0
      RenderBlock (anonymous) at (0,859) size 964x2
        RenderBlock {HR} at (0,0) size 964x2 [border: (1px inset #000000)]
      RenderBlock (anonymous) at (0,869) size 964x0
        RenderInline {FONT} at (0,0) size 0x0
          RenderInline {FONT} at (0,0) size 0x0
            RenderInline {FONT} at (0,0) size 0x0
              RenderInline {FONT} at (0,0) size 0x0
                RenderInline {FONT} at (0,0) size 0x0
                  RenderInline {FONT} at (0,0) size 0x0
                    RenderInline {FONT} at (0,0) size 0x0
                      RenderInline {FONT} at (0,0) size 0x0
                        RenderInline {FONT} at (0,0) size 0x0
                          RenderInline {FONT} at (0,0) size 0x0
                            RenderInline {FONT} at (0,0) size 0x0
                              RenderInline {FONT} at (0,0) size 0x0
                                RenderInline {FONT} at (0,0) size 0x0
                                  RenderInline {FONT} at (0,0) size 0x0
                                    RenderInline {FONT} at (0,0) size 0x0
                                      RenderInline {FONT} at (0,0) size 0x0
                                        RenderInline {FONT} at (0,0) size 0x0
                                          RenderInline {FONT} at (0,0) size 0x0
                                            RenderInline {FONT} at (0,0) size 0x0
                                              RenderInline {FONT} at (0,0) size 0x0
                                                RenderInline {FONT} at (0,0) size 0x0
      RenderBlock (anonymous) at (0,869) size 964x48
        RenderTable {TABLE} at (0,0) size 76x29 [border: (1px outset #808080)]
          RenderTableSection {TBODY} at (1,1) size 74x27
            RenderTableRow {TR} at (0,2) size 74x23
              RenderTableCell {TD} at (2,2) size 70x23 [border: (1px inset #808080)] [r=0 c=0 rs=1 cs=1]
                RenderText {#text} at (2,2) size 66x19
                  text run at (2,2) width 66: "table-11"
        RenderBlock {DIV} at (0,29) size 964x19
          RenderText {#text} at (0,0) size 112x19
            text run at (0,0) width 112: "div after table"
      RenderBlock (anonymous) at (0,917) size 964x19
        RenderInline {FONT} at (0,0) size 11x19
          RenderInline {FONT} at (0,0) size 11x19
            RenderInline {FONT} at (0,0) size 11x19
              RenderInline {FONT} at (0,0) size 11x19
                RenderInline {FONT} at (0,0) size 11x19
                  RenderInline {FONT} at (0,0) size 11x19
                    RenderInline {FONT} at (0,0) size 11x19
                      RenderInline {FONT} at (0,0) size 11x19
                        RenderInline {FONT} at (0,0) size 11x19
                          RenderInline {FONT} at (0,0) size 11x19
                            RenderInline {FONT} at (0,0) size 11x19
                              RenderInline {FONT} at (0,0) size 11x19
                                RenderInline {FONT} at (0,0) size 11x19
                                  RenderInline {FONT} at (0,0) size 11x19
                                    RenderInline {FONT} at (0,0) size 11x19
                                      RenderInline {FONT} at (0,0) size 11x19
                                        RenderInline {FONT} at (0,0) size 11x19
                                          RenderInline {FONT} at (0,0) size 11x19
                                            RenderInline {FONT} at (0,0) size 11x19
                                              RenderInline {FONT} at (0,0) size 11x19
                                                RenderInline {FONT} at (0,0) size 11x19
                                                  RenderInline {A} at (0,0) size 11x19
                                                    RenderText {#text} at (0,0) size 11x19
                                                      text run at (0,0) width 11: "Z"
                                                  RenderInline {FONT} at (0,0) size 0x0
                                                    RenderText {#text} at (0,0) size 0x0
      RenderBlock (anonymous) at (0,944) size 964x2
        RenderBlock {HR} at (0,0) size 964x2 [border: (1px inset #000000)]
      RenderBlock (anonymous) at (0,954) size 964x0
        RenderInline {FONT} at (0,0) size 0x0
          RenderInline {FONT} at (0,0) size 0x0
            RenderInline {FONT} at (0,0) size 0x0
              RenderInline {FONT} at (0,0) size 0x0
                RenderInline {FONT} at (0,0) size 0x0
                  RenderInline {FONT} at (0,0) size 0x0
                    RenderInline {FONT} at (0,0) size 0x0
                      RenderInline {FONT} at (0,0) size 0x0
                        RenderInline {FONT} at (0,0) size 0x0
                          RenderInline {FONT} at (0,0) size 0x0
                            RenderInline {FONT} at (0,0) size 0x0
                              RenderInline {FONT} at (0,0) size 0x0
                                RenderInline {FONT} at (0,0) size 0x0
                                  RenderInline {FONT} at (0,0) size 0x0
                                    RenderInline {FONT} at (0,0) size 0x0
                                      RenderInline {FONT} at (0,0) size 0x0
                                        RenderInline {FONT} at (0,0) size 0x0
                                          RenderInline {FONT} at (0,0) size 0x0
                                            RenderInline {FONT} at (0,0) size 0x0
                                              RenderInline {FONT} at (0,0) size 0x0
                                                RenderInline {FONT} at (0,0) size 0x0
                                                  RenderInline {FONT} at (0,0) size 0x0
                                                    RenderInline {FONT} at (0,0) size 0x0
      RenderBlock (anonymous) at (0,954) size 964x48
        RenderBlock {DIV} at (0,0) size 964x19
          RenderText {#text} at (0,0) size 126x19
            text run at (0,0) width 126: "div before table"
        RenderTable {TABLE} at (0,19) size 76x29 [border: (1px outset #808080)]
          RenderTableSection {TBODY} at (1,1) size 74x27
            RenderTableRow {TR} at (0,2) size 74x23
              RenderTableCell {TD} at (2,2) size 70x23 [border: (1px inset #808080)] [r=0 c=0 rs=1 cs=1]
                RenderText {#text} at (2,2) size 66x19
                  text run at (2,2) width 66: "table-12"
      RenderBlock (anonymous) at (0,1002) size 964x0
        RenderInline {FONT} at (0,0) size 0x0
          RenderInline {FONT} at (0,0) size 0x0
            RenderInline {FONT} at (0,0) size 0x0
              RenderInline {FONT} at (0,0) size 0x0
                RenderInline {FONT} at (0,0) size 0x0
                  RenderInline {FONT} at (0,0) size 0x0
                    RenderInline {FONT} at (0,0) size 0x0
                      RenderInline {FONT} at (0,0) size 0x0
                        RenderInline {FONT} at (0,0) size 0x0
                          RenderInline {FONT} at (0,0) size 0x0
                            RenderInline {FONT} at (0,0) size 0x0
                              RenderInline {FONT} at (0,0) size 0x0
                                RenderInline {FONT} at (0,0) size 0x0
                                  RenderInline {FONT} at (0,0) size 0x0
                                    RenderInline {FONT} at (0,0) size 0x0
                                      RenderInline {FONT} at (0,0) size 0x0
                                        RenderInline {FONT} at (0,0) size 0x0
                                          RenderInline {FONT} at (0,0) size 0x0
                                            RenderInline {FONT} at (0,0) size 0x0
                                              RenderInline {FONT} at (0,0) size 0x0
                                                RenderInline {FONT} at (0,0) size 0x0
                                                  RenderInline {FONT} at (0,0) size 0x0
                                                    RenderInline {FONT} at (0,0) size 0x0
                                                      RenderInline {FONT} at (0,0) size 0x0
                                                        RenderText {#text} at (0,0) size 0x0
