layer at (0,0) size 980x735
  RenderView at (0,0) size 980x735
layer at (0,0) size 980x735
  RenderBlock {HTML} at (0,0) size 980x735
    RenderBody {BODY} at (8,8) size 964x719
      RenderTable {TABLE} at (0,0) size 200x200
        RenderTableSection {TBODY} at (0,0) size 200x200
          RenderTableRow {TR} at (0,2) size 200x196
            RenderTableCell {TD} at (2,80) size 196x40 [bgcolor=#008000] [r=0 c=0 rs=1 cs=1]
              RenderText {#text} at (1,1) size 155x38
                text run at (1,1) width 155: "I should be 200px x"
                text run at (1,20) width 49: "200px"
