layer at (0,0) size 980x735
  RenderView at (0,0) size 980x735
layer at (0,0) size 980x735
  RenderBlock {HTML} at (0,0) size 980x735
    RenderBody {BODY} at (8,8) size 964x719
      RenderTable {TABLE} at (0,0) size 964x719 [bgcolor=#000000] [border: (1px outset #808080)]
        RenderTableSection {TBODY} at (1,1) size 962x717
          RenderTableRow {TR} at (0,0) size 962x717
            RenderTableCell {TD} at (0,0) size 962x717 [border: (1px inset #808080)] [r=0 c=0 rs=1 cs=1]
              RenderTable {TABLE} at (11,11) size 940x695 [bgcolor=#FFA500] [border: (1px outset #808080)]
                RenderTableSection {TBODY} at (1,1) size 938x693
                  RenderTableRow {TR} at (0,0) size 938x693
                    RenderTableCell {TD} at (0,0) size 938x693 [border: (1px inset #808080)] [r=0 c=0 rs=1 cs=1]
                      RenderTable {TABLE} at (11,11) size 916x671 [bgcolor=#FF0000] [border: (1px outset #808080)]
                        RenderTableSection {TBODY} at (1,1) size 914x669
                          RenderTableRow {TR} at (0,0) size 914x669
                            RenderTableCell {TD} at (0,314) size 914x41 [border: (1px inset #808080)] [r=0 c=0 rs=1 cs=1]
                              RenderText {#text} at (11,11) size 5x19
                                text run at (11,11) width 5: " "
