layer at (0,0) size 980x735
  RenderView at (0,0) size 980x735
layer at (0,0) size 980x735
  RenderBlock {HTML} at (0,0) size 980x735
    RenderBody {BODY} at (8,8) size 964x719 [bgcolor=#FFFFFF]
      RenderBlock {HR} at (0,0) size 152x2 [border: (1px inset #000000)]
      RenderTable {TABLE} at (0,10) size 201x49 [bgcolor=#F7D68C] [border: (1px outset #808080)]
        RenderTableSection {TBODY} at (1,1) size 199x47
          RenderTableRow {TR} at (0,0) size 199x47
            RenderTableCell {TD} at (0,3) size 155x40 [border: (1px inset #808080)] [r=0 c=0 rs=1 cs=1]
              RenderText {#text} at (1,1) size 153x38
                text run at (1,1) width 153: "xxxxxxxxxxxxxxxxx"
                text run at (1,20) width 113: "xxxxxx xxxxxx"
            RenderTableCell {TD} at (155,0) size 44x47 [border: (1px inset #808080)] [r=0 c=1 rs=1 cs=1]
              RenderImage {IMG} at (1,1) size 21x45
              RenderImage {IMG} at (22,1) size 21x45
      RenderBlock (anonymous) at (0,59) size 964x19
        RenderBR {BR} at (0,0) size 0x19
      RenderTable {TABLE} at (0,78) size 468x72 [bgcolor=#F7D68C]
        RenderTableSection {TBODY} at (0,0) size 468x72
          RenderTableRow {TR} at (0,0) size 468x42
            RenderTableCell {TD} at (0,0) size 326x42 [r=0 c=0 rs=1 cs=1]
              RenderInline {FONT} at (0,0) size 233x42
                RenderInline {B} at (0,0) size 233x42
                  RenderText {#text} at (0,0) size 233x42
                    text run at (0,0) width 233: " 25 offres d'emploi des"
                    text run at (0,21) width 117: "entreprises"
            RenderTableCell {TD} at (326,0) size 100x42 [bgcolor=#EE9E02] [r=0 c=1 rs=1 cs=1]
              RenderImage {IMG} at (9,16) size 20x1
              RenderText {#text} at (29,0) size 45x19
                text run at (29,0) width 45: "page "
              RenderInline {FONT} at (0,0) size 39x42
                RenderInline {B} at (0,0) size 39x42
                  RenderText {#text} at (74,0) size 39x42
                    text run at (74,0) width 26: "12"
                    text run at (61,21) width 13: "/ "
                    text run at (74,21) width 26: "13"
            RenderTableCell {TD} at (426,0) size 42x45 [r=0 c=2 rs=2 cs=1]
              RenderImage {IMG} at (0,0) size 21x45
              RenderImage {IMG} at (21,0) size 21x45
          RenderTableRow {TR} at (0,42) size 468x30
            RenderTableCell {TD} at (0,42) size 326x30 [r=1 c=0 rs=1 cs=1]
              RenderImage {IMG} at (0,0) size 326x30
            RenderTableCell {TD} at (326,42) size 100x30 [r=1 c=1 rs=1 cs=1]
              RenderImage {IMG} at (0,0) size 100x30
