layer at (0,0) size 980x735
  RenderView at (0,0) size 980x735
layer at (0,0) size 980x735
  RenderBlock {HTML} at (0,0) size 980x735
    RenderBody {BODY} at (8,8) size 964x711 [bgcolor=#FFFFFF]
      RenderBlock {H4} at (0,0) size 964x19
        RenderText {#text} at (0,0) size 687x19
          text run at (0,0) width 687: "TBODY is not correctly positioned when TFOOT is present but THEAD is not:"
      RenderTable {TABLE} at (0,40) size 66x56 [border: (1px outset #808080)]
        RenderTableSection {TFOOT} at (1,28) size 64x27
          RenderTableRow {TR} at (0,2) size 64x23
            RenderTableCell {TD} at (2,2) size 60x23 [border: (1px inset #808080)] [r=0 c=0 rs=1 cs=1]
              RenderText {#text} at (2,2) size 55x19
                text run at (2,2) width 55: "TFOOT"
        RenderTableSection {TBODY} at (1,1) size 64x27
          RenderTableRow {TR} at (0,2) size 64x23
            RenderTableCell {TD} at (2,2) size 60x23 [border: (1px inset #808080)] [r=0 c=0 rs=1 cs=1]
              RenderText {#text} at (2,2) size 56x19
                text run at (2,2) width 56: "TBODY"
      RenderBlock (anonymous) at (0,96) size 964x19
        RenderBR {BR} at (0,0) size 0x19
      RenderTable {TABLE} at (0,115) size 70x83 [border: (1px outset #808080)]
        RenderTableSection {THEAD} at (1,1) size 68x27
          RenderTableRow {TR} at (0,2) size 68x23
            RenderTableCell {TH} at (2,2) size 64x23 [border: (1px inset #808080)] [r=0 c=0 rs=1 cs=1]
              RenderText {#text} at (2,2) size 60x19
                text run at (2,2) width 60: "THEAD"
        RenderTableSection {TFOOT} at (1,55) size 68x27
          RenderTableRow {TR} at (0,2) size 68x23
            RenderTableCell {TD} at (2,2) size 64x23 [border: (1px inset #808080)] [r=0 c=0 rs=1 cs=1]
              RenderText {#text} at (2,2) size 55x19
                text run at (2,2) width 55: "TFOOT"
        RenderTableSection {TBODY} at (1,28) size 68x27
          RenderTableRow {TR} at (0,2) size 68x23
            RenderTableCell {TD} at (2,2) size 64x23 [border: (1px inset #808080)] [r=0 c=0 rs=1 cs=1]
              RenderText {#text} at (2,2) size 56x19
                text run at (2,2) width 56: "TBODY"
      RenderBlock {P} at (0,214) size 964x257
        RenderBlock (anonymous) at (0,0) size 964x19
          RenderText {#text} at (0,0) size 197x19
            text run at (0,0) width 197: "Same as above but with "
          RenderInline {CODE} at (0,0) size 128x15
            RenderText {#text} at (197,3) size 128x15
              text run at (197,3) width 128: "CELLSPACING=\"10\""
          RenderText {#text} at (325,0) size 5x19
            text run at (325,0) width 5: ":"
        RenderTable {TABLE} at (0,19) size 82x88 [border: (1px outset #808080)]
          RenderTableSection {TFOOT} at (1,44) size 80x43
            RenderTableRow {TR} at (0,10) size 80x23
              RenderTableCell {TD} at (10,10) size 60x23 [border: (1px inset #808080)] [r=0 c=0 rs=1 cs=1]
                RenderText {#text} at (2,2) size 55x19
                  text run at (2,2) width 55: "TFOOT"
          RenderTableSection {TBODY} at (1,1) size 80x43
            RenderTableRow {TR} at (0,10) size 80x23
              RenderTableCell {TD} at (10,10) size 60x23 [border: (1px inset #808080)] [r=0 c=0 rs=1 cs=1]
                RenderText {#text} at (2,2) size 56x19
                  text run at (2,2) width 56: "TBODY"
        RenderBlock (anonymous) at (0,107) size 964x19
          RenderBR {BR} at (0,0) size 0x19
        RenderTable {TABLE} at (0,126) size 86x131 [border: (1px outset #808080)]
          RenderTableSection {THEAD} at (1,1) size 84x43
            RenderTableRow {TR} at (0,10) size 84x23
              RenderTableCell {TH} at (10,10) size 64x23 [border: (1px inset #808080)] [r=0 c=0 rs=1 cs=1]
                RenderText {#text} at (2,2) size 60x19
                  text run at (2,2) width 60: "THEAD"
          RenderTableSection {TFOOT} at (1,87) size 84x43
            RenderTableRow {TR} at (0,10) size 84x23
              RenderTableCell {TD} at (10,10) size 64x23 [border: (1px inset #808080)] [r=0 c=0 rs=1 cs=1]
                RenderText {#text} at (2,2) size 55x19
                  text run at (2,2) width 55: "TFOOT"
          RenderTableSection {TBODY} at (1,44) size 84x43
            RenderTableRow {TR} at (0,10) size 84x23
              RenderTableCell {TD} at (10,10) size 64x23 [border: (1px inset #808080)] [r=0 c=0 rs=1 cs=1]
                RenderText {#text} at (2,2) size 56x19
                  text run at (2,2) width 56: "TBODY"
