layer at (0,0) size 980x735
  RenderView at (0,0) size 980x735
layer at (0,0) size 980x735
  RenderBlock {HTML} at (0,0) size 980x735
    RenderBody {BODY} at (8,8) size 964x719
      RenderTable {TABLE} at (0,0) size 964x50 [border: (2px outset #808080)]
        RenderTableSection {TBODY} at (2,2) size 960x46
          RenderTableRow {TR} at (0,0) size 960x46
            RenderTableCell {TD} at (0,12) size 402x21 [bgcolor=#0000CC] [border: (1px inset #808080)] [r=0 c=0 rs=1 cs=1]
              RenderText {#text} at (1,1) size 5x19
                text run at (1,1) width 5: " "
            RenderTableCell {TD} at (402,12) size 8x21 [bgcolor=#00CC00] [border: (1px inset #808080)] [r=0 c=1 rs=1 cs=1]
              RenderText {#text} at (1,1) size 5x19
                text run at (1,1) width 5: " "
            RenderTableCell {TD} at (410,12) size 550x21 [bgcolor=#CC0000] [border: (1px inset #808080)] [r=0 c=2 rs=1 cs=1]
              RenderText {#text} at (1,1) size 5x19
                text run at (1,1) width 5: " "
