layer at (0,0) size 980x735
  RenderView at (0,0) size 980x735
layer at (0,0) size 980x41
  RenderBlock {HTML} at (0,0) size 980x41
    RenderBody {BODY} at (8,8) size 964x25
      RenderTable {TABLE} at (0,0) size 127x25
        RenderTableSection {TBODY} at (0,0) size 127x25
          RenderTableRow {TR} at (0,2) size 127x21
            RenderTableCell {TD} at (2,2) size 35x21 [r=0 c=0 rs=1 cs=1]
              RenderText {#text} at (1,1) size 33x19
                text run at (1,1) width 33: "One"
            RenderTableCell {TD} at (39,2) size 35x21 [r=0 c=1 rs=1 cs=1]
              RenderText {#text} at (1,1) size 33x19
                text run at (1,1) width 33: "Two"
            RenderTableCell {TD} at (76,2) size 49x21 [r=0 c=2 rs=1 cs=1]
              RenderText {#text} at (1,1) size 47x19
                text run at (1,1) width 47: "Three"
