layer at (0,0) size 980x735
  RenderView at (0,0) size 980x735
layer at (0,0) size 980x735
  RenderBlock {HTML} at (0,0) size 980x735
    RenderBody {BODY} at (8,8) size 964x719
      RenderTable {TABLE} at (0,0) size 964x56 [border: (1px outset #808080)]
        RenderTableSection {TBODY} at (1,1) size 962x54
          RenderTableRow {TR} at (0,4) size 962x46
            RenderTableCell {TD} at (4,13) size 13x27 [border: (1px inset #808080)] [r=0 c=0 rs=1 cs=1]
              RenderText {#text} at (4,4) size 5x19
                text run at (4,4) width 5: " "
            RenderTableCell {TD} at (21,13) size 848x27 [border: (1px inset #808080)] [r=0 c=1 rs=1 cs=1]
              RenderText {#text} at (4,4) size 77x19
                text run at (4,4) width 77: "Top Story"
            RenderTableCell {TD} at (873,4) size 85x46 [border: (1px inset #808080)] [r=0 c=2 rs=1 cs=1]
              RenderText {#text} at (4,4) size 77x38
                text run at (4,4) width 27: "Full"
                text run at (4,23) width 77: "Coverage"
