layer at (0,0) size 980x735
  RenderView at (0,0) size 980x735
layer at (0,0) size 980x484
  RenderBlock {HTML} at (0,0) size 980x484
    RenderBody {BODY} at (8,8) size 964x463
      RenderTable {TABLE} at (0,0) size 25x0
        RenderTableSection {TBODY} at (0,0) size 25x0
          RenderTableRow {TR} at (0,0) size 25x0
            RenderTableCell {TD} at (0,0) size 2x0 [r=0 c=0 rs=1 cs=1]
            RenderTableCell {TD} at (2,0) size 1x0 [r=0 c=1 rs=1 cs=1]
            RenderTableCell {TD} at (3,0) size 1x0 [r=0 c=2 rs=1 cs=1]
            RenderTableCell {TD} at (4,0) size 1x0 [r=0 c=3 rs=1 cs=1]
            RenderTableCell {TD} at (5,0) size 1x0 [r=0 c=4 rs=1 cs=1]
            RenderTableCell {TD} at (6,0) size 1x0 [r=0 c=5 rs=1 cs=1]
            RenderTableCell {TD} at (7,0) size 1x0 [r=0 c=6 rs=1 cs=1]
            RenderTableCell {TD} at (8,0) size 1x0 [r=0 c=7 rs=1 cs=1]
            RenderTableCell {TD} at (9,0) size 1x0 [r=0 c=8 rs=1 cs=1]
            RenderTableCell {TD} at (10,0) size 1x0 [r=0 c=9 rs=1 cs=1]
            RenderTableCell {TD} at (11,0) size 1x0 [r=0 c=10 rs=1 cs=1]
            RenderTableCell {TD} at (12,0) size 1x0 [r=0 c=11 rs=1 cs=1]
            RenderTableCell {TD} at (13,0) size 1x0 [r=0 c=12 rs=1 cs=1]
            RenderTableCell {TD} at (14,0) size 1x0 [r=0 c=13 rs=1 cs=1]
            RenderTableCell {TD} at (15,0) size 1x0 [r=0 c=14 rs=1 cs=1]
            RenderTableCell {TD} at (16,0) size 1x0 [r=0 c=15 rs=1 cs=1]
            RenderTableCell {TD} at (17,0) size 8x0 [r=0 c=16 rs=1 cs=1]
      RenderTable {TABLE} at (0,0) size 12x0
        RenderTableSection {TBODY} at (0,0) size 12x0
          RenderTableRow {TR} at (0,0) size 12x0
            RenderTableCell {TD} at (0,0) size 1x0 [r=0 c=0 rs=1 cs=1]
            RenderTableCell {TD} at (1,0) size 1x0 [r=0 c=1 rs=1 cs=1]
            RenderTableCell {TD} at (2,0) size 1x0 [r=0 c=2 rs=1 cs=1]
            RenderTableCell {TD} at (3,0) size 1x0 [r=0 c=3 rs=1 cs=1]
            RenderTableCell {TD} at (4,0) size 8x0 [r=0 c=4 rs=1 cs=1]
      RenderTable {TABLE} at (0,0) size 13x0
        RenderTableSection {TBODY} at (0,0) size 13x0
          RenderTableRow {TR} at (0,0) size 13x0
            RenderTableCell {TD} at (0,0) size 2x0 [r=0 c=0 rs=1 cs=1]
            RenderTableCell {TD} at (2,0) size 1x0 [r=0 c=1 rs=1 cs=1]
            RenderTableCell {TD} at (3,0) size 1x0 [r=0 c=2 rs=1 cs=1]
            RenderTableCell {TD} at (4,0) size 1x0 [r=0 c=3 rs=1 cs=1]
            RenderTableCell {TD} at (5,0) size 8x0 [r=0 c=4 rs=1 cs=1]
      RenderTable {TABLE} at (0,0) size 24x0
        RenderTableSection {TBODY} at (0,0) size 24x0
          RenderTableRow {TR} at (0,0) size 24x0
            RenderTableCell {TD} at (0,0) size 2x0 [r=0 c=0 rs=1 cs=1]
            RenderTableCell {TD} at (2,0) size 2x0 [r=0 c=1 rs=1 cs=1]
            RenderTableCell {TD} at (4,0) size 2x0 [r=0 c=2 rs=1 cs=1]
            RenderTableCell {TD} at (6,0) size 2x0 [r=0 c=3 rs=1 cs=1]
            RenderTableCell {TD} at (8,0) size 16x0 [r=0 c=4 rs=1 cs=1]
      RenderTable {TABLE} at (0,0) size 25x0
        RenderTableSection {TBODY} at (0,0) size 25x0
          RenderTableRow {TR} at (0,0) size 25x0
            RenderTableCell {TD} at (0,0) size 3x0 [r=0 c=0 rs=1 cs=1]
            RenderTableCell {TD} at (3,0) size 2x0 [r=0 c=1 rs=1 cs=1]
            RenderTableCell {TD} at (5,0) size 2x0 [r=0 c=2 rs=1 cs=1]
            RenderTableCell {TD} at (7,0) size 2x0 [r=0 c=3 rs=1 cs=1]
            RenderTableCell {TD} at (9,0) size 16x0 [r=0 c=4 rs=1 cs=1]
      RenderTable {TABLE} at (0,0) size 17x0
        RenderTableSection {TBODY} at (0,0) size 17x0
          RenderTableRow {TR} at (0,0) size 17x0
            RenderTableCell {TD} at (0,0) size 2x0 [r=0 c=0 rs=1 cs=1]
            RenderTableCell {TD} at (2,0) size 2x0 [r=0 c=1 rs=1 cs=1]
            RenderTableCell {TD} at (4,0) size 2x0 [r=0 c=2 rs=1 cs=1]
            RenderTableCell {TD} at (6,0) size 2x0 [r=0 c=3 rs=1 cs=1]
            RenderTableCell {TD} at (8,0) size 2x0 [r=0 c=4 rs=1 cs=1]
            RenderTableCell {TD} at (10,0) size 2x0 [r=0 c=5 rs=1 cs=1]
            RenderTableCell {TD} at (12,0) size 2x0 [r=0 c=6 rs=1 cs=1]
            RenderTableCell {TD} at (14,0) size 1x0 [r=0 c=7 rs=1 cs=1]
            RenderTableCell {TD} at (15,0) size 1x0 [r=0 c=8 rs=1 cs=1]
            RenderTableCell {TD} at (16,0) size 1x0 [r=0 c=9 rs=1 cs=1]
      RenderBlock {PRE} at (0,13) size 964x450
        RenderText {#text} at (0,0) size 177x15
          text run at (0,0) width 177: "Specified table width: 25px"
          text run at (177,0) width 0: " "
        RenderText {#text} at (0,15) size 170x15
          text run at (0,15) width 170: "Actual table width:    25px"
          text run at (170,15) width 0: " "
        RenderText {#text} at (0,30) size 137x15
          text run at (0,30) width 137: "Specified TD widths: "
        RenderText {#text} at (137,30) size 28x15
          text run at (137,30) width 28: "1px "
        RenderText {#text} at (165,30) size 28x15
          text run at (165,30) width 28: "1px "
        RenderText {#text} at (193,30) size 28x15
          text run at (193,30) width 28: "1px "
        RenderText {#text} at (221,30) size 28x15
          text run at (221,30) width 28: "1px "
        RenderText {#text} at (249,30) size 28x15
          text run at (249,30) width 28: "1px "
        RenderText {#text} at (277,30) size 28x15
          text run at (277,30) width 28: "1px "
        RenderText {#text} at (305,30) size 28x15
          text run at (305,30) width 28: "1px "
        RenderText {#text} at (333,30) size 28x15
          text run at (333,30) width 28: "1px "
        RenderText {#text} at (361,30) size 28x15
          text run at (361,30) width 28: "1px "
        RenderText {#text} at (389,30) size 28x15
          text run at (389,30) width 28: "1px "
        RenderText {#text} at (417,30) size 28x15
          text run at (417,30) width 28: "1px "
        RenderText {#text} at (445,30) size 28x15
          text run at (445,30) width 28: "1px "
        RenderText {#text} at (473,30) size 28x15
          text run at (473,30) width 28: "1px "
        RenderText {#text} at (501,30) size 28x15
          text run at (501,30) width 28: "1px "
        RenderText {#text} at (529,30) size 28x15
          text run at (529,30) width 28: "1px "
        RenderText {#text} at (557,30) size 28x15
          text run at (557,30) width 28: "1px "
        RenderText {#text} at (585,30) size 28x15
          text run at (585,30) width 28: "8px "
        RenderText {#text} at (613,30) size 0x15
          text run at (613,30) width 0: " "
        RenderText {#text} at (0,45) size 130x15
          text run at (0,45) width 130: "Actual TD widths:    "
        RenderText {#text} at (130,45) size 28x15
          text run at (130,45) width 28: "2px "
        RenderText {#text} at (158,45) size 28x15
          text run at (158,45) width 28: "1px "
        RenderText {#text} at (186,45) size 28x15
          text run at (186,45) width 28: "1px "
        RenderText {#text} at (214,45) size 28x15
          text run at (214,45) width 28: "1px "
        RenderText {#text} at (242,45) size 28x15
          text run at (242,45) width 28: "1px "
        RenderText {#text} at (270,45) size 28x15
          text run at (270,45) width 28: "1px "
        RenderText {#text} at (298,45) size 28x15
          text run at (298,45) width 28: "1px "
        RenderText {#text} at (326,45) size 28x15
          text run at (326,45) width 28: "1px "
        RenderText {#text} at (354,45) size 28x15
          text run at (354,45) width 28: "1px "
        RenderText {#text} at (382,45) size 28x15
          text run at (382,45) width 28: "1px "
        RenderText {#text} at (410,45) size 28x15
          text run at (410,45) width 28: "1px "
        RenderText {#text} at (438,45) size 28x15
          text run at (438,45) width 28: "1px "
        RenderText {#text} at (466,45) size 28x15
          text run at (466,45) width 28: "1px "
        RenderText {#text} at (494,45) size 28x15
          text run at (494,45) width 28: "1px "
        RenderText {#text} at (522,45) size 28x15
          text run at (522,45) width 28: "1px "
        RenderText {#text} at (550,45) size 28x15
          text run at (550,45) width 28: "1px "
        RenderText {#text} at (578,45) size 28x15
          text run at (578,45) width 28: "8px "
        RenderText {#text} at (606,45) size 606x30
          text run at (606,45) width 0: " "
          text run at (0,60) width 0: " "
        RenderText {#text} at (0,75) size 177x15
          text run at (0,75) width 177: "Specified table width: 12px"
          text run at (177,75) width 0: " "
        RenderText {#text} at (0,90) size 170x15
          text run at (0,90) width 170: "Actual table width:    12px"
          text run at (170,90) width 0: " "
        RenderText {#text} at (0,105) size 137x15
          text run at (0,105) width 137: "Specified TD widths: "
        RenderText {#text} at (137,105) size 28x15
          text run at (137,105) width 28: "1px "
        RenderText {#text} at (165,105) size 28x15
          text run at (165,105) width 28: "1px "
        RenderText {#text} at (193,105) size 28x15
          text run at (193,105) width 28: "1px "
        RenderText {#text} at (221,105) size 28x15
          text run at (221,105) width 28: "1px "
        RenderText {#text} at (249,105) size 28x15
          text run at (249,105) width 28: "8px "
        RenderText {#text} at (277,105) size 0x15
          text run at (277,105) width 0: " "
        RenderText {#text} at (0,120) size 130x15
          text run at (0,120) width 130: "Actual TD widths:    "
        RenderText {#text} at (130,120) size 28x15
          text run at (130,120) width 28: "1px "
        RenderText {#text} at (158,120) size 28x15
          text run at (158,120) width 28: "1px "
        RenderText {#text} at (186,120) size 28x15
          text run at (186,120) width 28: "1px "
        RenderText {#text} at (214,120) size 28x15
          text run at (214,120) width 28: "1px "
        RenderText {#text} at (242,120) size 28x15
          text run at (242,120) width 28: "8px "
        RenderText {#text} at (270,120) size 270x30
          text run at (270,120) width 0: " "
          text run at (0,135) width 0: " "
        RenderText {#text} at (0,150) size 177x15
          text run at (0,150) width 177: "Specified table width: 13px"
          text run at (177,150) width 0: " "
        RenderText {#text} at (0,165) size 170x15
          text run at (0,165) width 170: "Actual table width:    13px"
          text run at (170,165) width 0: " "
        RenderText {#text} at (0,180) size 137x15
          text run at (0,180) width 137: "Specified TD widths: "
        RenderText {#text} at (137,180) size 28x15
          text run at (137,180) width 28: "1px "
        RenderText {#text} at (165,180) size 28x15
          text run at (165,180) width 28: "1px "
        RenderText {#text} at (193,180) size 28x15
          text run at (193,180) width 28: "1px "
        RenderText {#text} at (221,180) size 28x15
          text run at (221,180) width 28: "1px "
        RenderText {#text} at (249,180) size 28x15
          text run at (249,180) width 28: "8px "
        RenderText {#text} at (277,180) size 0x15
          text run at (277,180) width 0: " "
        RenderText {#text} at (0,195) size 130x15
          text run at (0,195) width 130: "Actual TD widths:    "
        RenderText {#text} at (130,195) size 28x15
          text run at (130,195) width 28: "2px "
        RenderText {#text} at (158,195) size 28x15
          text run at (158,195) width 28: "1px "
        RenderText {#text} at (186,195) size 28x15
          text run at (186,195) width 28: "1px "
        RenderText {#text} at (214,195) size 28x15
          text run at (214,195) width 28: "1px "
        RenderText {#text} at (242,195) size 28x15
          text run at (242,195) width 28: "8px "
        RenderText {#text} at (270,195) size 270x30
          text run at (270,195) width 0: " "
          text run at (0,210) width 0: " "
        RenderText {#text} at (0,225) size 177x15
          text run at (0,225) width 177: "Specified table width: 24px"
          text run at (177,225) width 0: " "
        RenderText {#text} at (0,240) size 170x15
          text run at (0,240) width 170: "Actual table width:    24px"
          text run at (170,240) width 0: " "
        RenderText {#text} at (0,255) size 137x15
          text run at (0,255) width 137: "Specified TD widths: "
        RenderText {#text} at (137,255) size 28x15
          text run at (137,255) width 28: "1px "
        RenderText {#text} at (165,255) size 28x15
          text run at (165,255) width 28: "1px "
        RenderText {#text} at (193,255) size 28x15
          text run at (193,255) width 28: "1px "
        RenderText {#text} at (221,255) size 28x15
          text run at (221,255) width 28: "1px "
        RenderText {#text} at (249,255) size 28x15
          text run at (249,255) width 28: "8px "
        RenderText {#text} at (277,255) size 0x15
          text run at (277,255) width 0: " "
        RenderText {#text} at (0,270) size 130x15
          text run at (0,270) width 130: "Actual TD widths:    "
        RenderText {#text} at (130,270) size 28x15
          text run at (130,270) width 28: "2px "
        RenderText {#text} at (158,270) size 28x15
          text run at (158,270) width 28: "2px "
        RenderText {#text} at (186,270) size 28x15
          text run at (186,270) width 28: "2px "
        RenderText {#text} at (214,270) size 28x15
          text run at (214,270) width 28: "2px "
        RenderText {#text} at (242,270) size 36x15
          text run at (242,270) width 36: "16px "
        RenderText {#text} at (278,270) size 278x30
          text run at (278,270) width 0: " "
          text run at (0,285) width 0: " "
        RenderText {#text} at (0,300) size 177x15
          text run at (0,300) width 177: "Specified table width: 25px"
          text run at (177,300) width 0: " "
        RenderText {#text} at (0,315) size 170x15
          text run at (0,315) width 170: "Actual table width:    25px"
          text run at (170,315) width 0: " "
        RenderText {#text} at (0,330) size 137x15
          text run at (0,330) width 137: "Specified TD widths: "
        RenderText {#text} at (137,330) size 28x15
          text run at (137,330) width 28: "1px "
        RenderText {#text} at (165,330) size 28x15
          text run at (165,330) width 28: "1px "
        RenderText {#text} at (193,330) size 28x15
          text run at (193,330) width 28: "1px "
        RenderText {#text} at (221,330) size 28x15
          text run at (221,330) width 28: "1px "
        RenderText {#text} at (249,330) size 28x15
          text run at (249,330) width 28: "8px "
        RenderText {#text} at (277,330) size 0x15
          text run at (277,330) width 0: " "
        RenderText {#text} at (0,345) size 130x15
          text run at (0,345) width 130: "Actual TD widths:    "
        RenderText {#text} at (130,345) size 28x15
          text run at (130,345) width 28: "3px "
        RenderText {#text} at (158,345) size 28x15
          text run at (158,345) width 28: "2px "
        RenderText {#text} at (186,345) size 28x15
          text run at (186,345) width 28: "2px "
        RenderText {#text} at (214,345) size 28x15
          text run at (214,345) width 28: "2px "
        RenderText {#text} at (242,345) size 36x15
          text run at (242,345) width 36: "16px "
        RenderText {#text} at (278,345) size 278x30
          text run at (278,345) width 0: " "
          text run at (0,360) width 0: " "
        RenderText {#text} at (0,375) size 177x15
          text run at (0,375) width 177: "Specified table width: 17px"
          text run at (177,375) width 0: " "
        RenderText {#text} at (0,390) size 170x15
          text run at (0,390) width 170: "Actual table width:    17px"
          text run at (170,390) width 0: " "
        RenderText {#text} at (0,405) size 137x15
          text run at (0,405) width 137: "Specified TD widths: "
        RenderText {#text} at (137,405) size 32x15
          text run at (137,405) width 32: "10% "
        RenderText {#text} at (169,405) size 32x15
          text run at (169,405) width 32: "10% "
        RenderText {#text} at (201,405) size 32x15
          text run at (201,405) width 32: "10% "
        RenderText {#text} at (233,405) size 32x15
          text run at (233,405) width 32: "10% "
        RenderText {#text} at (265,405) size 32x15
          text run at (265,405) width 32: "10% "
        RenderText {#text} at (297,405) size 32x15
          text run at (297,405) width 32: "10% "
        RenderText {#text} at (329,405) size 32x15
          text run at (329,405) width 32: "10% "
        RenderText {#text} at (361,405) size 32x15
          text run at (361,405) width 32: "10% "
        RenderText {#text} at (393,405) size 32x15
          text run at (393,405) width 32: "10% "
        RenderText {#text} at (425,405) size 32x15
          text run at (425,405) width 32: "10% "
        RenderText {#text} at (457,405) size 0x15
          text run at (457,405) width 0: " "
        RenderText {#text} at (0,420) size 130x15
          text run at (0,420) width 130: "Actual TD widths:    "
        RenderText {#text} at (130,420) size 28x15
          text run at (130,420) width 28: "2px "
        RenderText {#text} at (158,420) size 28x15
          text run at (158,420) width 28: "2px "
        RenderText {#text} at (186,420) size 28x15
          text run at (186,420) width 28: "2px "
        RenderText {#text} at (214,420) size 28x15
          text run at (214,420) width 28: "2px "
        RenderText {#text} at (242,420) size 28x15
          text run at (242,420) width 28: "2px "
        RenderText {#text} at (270,420) size 28x15
          text run at (270,420) width 28: "2px "
        RenderText {#text} at (298,420) size 28x15
          text run at (298,420) width 28: "2px "
        RenderText {#text} at (326,420) size 28x15
          text run at (326,420) width 28: "1px "
        RenderText {#text} at (354,420) size 28x15
          text run at (354,420) width 28: "1px "
        RenderText {#text} at (382,420) size 28x15
          text run at (382,420) width 28: "1px "
        RenderText {#text} at (410,420) size 410x30
          text run at (410,420) width 0: " "
          text run at (0,435) width 0: " "
