layer at (0,0) size 980x735
  RenderView at (0,0) size 980x735
layer at (0,0) size 980x735
  RenderBlock {HTML} at (0,0) size 980x735
    RenderBody {BODY} at (8,8) size 964x719 [bgcolor=#FFFFFF]
      RenderTable {TABLE} at (0,0) size 964x78 [border: (1px outset #808080)]
        RenderTableSection {TBODY} at (1,1) size 962x76
          RenderTableRow {TR} at (0,2) size 962x4
            RenderTableCell {TD} at (2,2) size 198x49 [border: (1px inset #808080)] [r=0 c=0 rs=2 cs=1]
              RenderImage {IMG} at (2,2) size 194x45
            RenderTableCell {TD} at (202,2) size 758x4 [border: (1px inset #808080)] [r=0 c=1 rs=1 cs=1]
          RenderTableRow {TR} at (0,8) size 962x43
            RenderTableCell {TD} at (202,18) size 758x23 [border: (1px inset #808080)] [r=1 c=1 rs=1 cs=1]
              RenderText {#text} at (2,2) size 99x19
                text run at (2,2) width 99: "Information "
              RenderImage {IMG} at (101,10) size 4x7
              RenderText {#text} at (105,2) size 101x19
                text run at (105,2) width 5: " "
                text run at (110,2) width 96: "Student Life"
          RenderTableRow {TR} at (0,53) size 962x21
            RenderTableCell {TD} at (2,53) size 958x21 [border: (1px inset #808080)] [r=2 c=0 rs=1 cs=2]
              RenderBlock {HR} at (2,10) size 954x1 [border: (1px inset #000000) none (1px inset #000000)]
