layer at (0,0) size 980x735
  RenderView at (0,0) size 980x735
layer at (0,0) size 980x735
  RenderBlock {HTML} at (0,0) size 980x735
    RenderBody {BODY} at (8,8) size 964x719 [bgcolor=#C0C0C0]
      RenderTable {TABLE} at (0,0) size 964x56 [border: (5px outset #808080)]
        RenderTableSection {TBODY} at (5,5) size 954x46
          RenderTableRow {TR} at (0,2) size 954x42
            RenderTableCell {TD} at (2,4) size 834x37 [border: (1px inset #808080)] [r=0 c=0 rs=1 cs=1]
              RenderTable {TABLE} at (2,2) size 830x33 [border: (3px outset #808080)]
                RenderTableSection {TBODY} at (3,3) size 824x27
                  RenderTableRow {TR} at (0,2) size 824x23
                    RenderTableCell {TD} at (2,2) size 820x23 [border: (1px inset #808080)] [r=0 c=0 rs=1 cs=1]
                      RenderText {#text} at (2,2) size 5x19
                        text run at (2,2) width 5: " "
            RenderTableCell {TD} at (838,2) size 114x42 [border: (1px inset #808080)] [r=0 c=1 rs=1 cs=1]
              RenderText {#text} at (2,2) size 98x38
                text run at (2,2) width 98: "This is some"
                text run at (2,21) width 31: "text"
      RenderBlock (anonymous) at (0,56) size 964x19
        RenderBR {BR} at (0,0) size 0x19
      RenderTable {TABLE} at (0,75) size 964x56 [border: (5px outset #808080)]
        RenderTableSection {TBODY} at (5,5) size 954x46
          RenderTableRow {TR} at (0,2) size 954x42
            RenderTableCell {TD} at (2,4) size 834x37 [border: (1px inset #808080)] [r=0 c=0 rs=1 cs=1]
              RenderTable {TABLE} at (2,2) size 830x33 [border: (3px outset #808080)]
                RenderTableSection {TBODY} at (3,3) size 824x27
                  RenderTableRow {TR} at (0,2) size 824x23
                    RenderTableCell {TD} at (2,2) size 820x23 [border: (1px inset #808080)] [r=0 c=0 rs=1 cs=1]
                      RenderText {#text} at (2,2) size 5x19
                        text run at (2,2) width 5: " "
            RenderTableCell {TD} at (838,2) size 114x42 [border: (1px inset #808080)] [r=0 c=1 rs=1 cs=1]
              RenderText {#text} at (2,2) size 98x38
                text run at (2,2) width 98: "This is some"
                text run at (2,21) width 31: "text"
