layer at (0,0) size 980x735
  RenderView at (0,0) size 980x735
layer at (0,0) size 980x735
  RenderBlock {HTML} at (0,0) size 980x735
    RenderBody {BODY} at (8,8) size 964x719
      RenderTable {TABLE} at (0,0) size 92x84
        RenderTableSection {TBODY} at (0,0) size 92x84
          RenderTableRow {TR} at (0,2) size 92x39
            RenderTableCell {TD} at (2,2) size 88x39 [r=0 c=0 rs=1 cs=1]
              RenderText {#text} at (10,10) size 68x19
                text run at (10,10) width 68: "cell data"
          RenderTableRow {TR} at (0,43) size 92x39
            RenderTableCell {TD} at (2,43) size 88x39 [r=1 c=0 rs=1 cs=1]
              RenderText {#text} at (10,10) size 68x19
                text run at (10,10) width 68: "cell data"
      RenderBlock (anonymous) at (0,84) size 964x19
        RenderText {#text} at (0,0) size 35x19
          text run at (0,0) width 35: "10%"
