layer at (0,0) size 980x735
  RenderView at (0,0) size 980x735
layer at (0,0) size 980x444
  RenderBlock {HTML} at (0,0) size 980x444
    RenderBody {BODY} at (8,8) size 964x428
      RenderBlock (anonymous) at (0,0) size 964x19
        RenderText {#text} at (0,0) size 381x19
          text run at (0,0) width 381: "Table 1: border=1 cellspacing=0 cellpadding=0"
      RenderTable {TABLE} at (0,19) size 77x23 [border: (1px outset #808080)]
        RenderTableSection {TBODY} at (1,1) size 75x21
          RenderTableRow {TR} at (0,0) size 75x0
            RenderTableCell {TD} at (0,0) size 75x21 [border: (1px inset #808080)] [r=0 c=0 rs=2 cs=1]
              RenderText {#text} at (1,1) size 73x19
                text run at (1,1) width 73: "First Row"
          RenderTableRow {TR} at (0,0) size 75x21
      RenderBlock (anonymous) at (0,42) size 964x19
        RenderText {#text} at (0,0) size 381x19
          text run at (0,0) width 381: "Table 2: border=1 cellspacing=1 cellpadding=0"
      RenderTable {TABLE} at (0,61) size 79x25 [border: (1px outset #808080)]
        RenderTableSection {TBODY} at (1,1) size 77x23
          RenderTableRow {TR} at (0,1) size 77x0
            RenderTableCell {TD} at (1,1) size 75x21 [border: (1px inset #808080)] [r=0 c=0 rs=2 cs=1]
              RenderText {#text} at (1,1) size 73x19
                text run at (1,1) width 73: "First Row"
          RenderTableRow {TR} at (0,2) size 77x20
      RenderBlock (anonymous) at (0,86) size 964x19
        RenderText {#text} at (0,0) size 381x19
          text run at (0,0) width 381: "Table 3: border=1 cellspacing=0 cellpadding=1"
      RenderTable {TABLE} at (0,105) size 79x25 [border: (1px outset #808080)]
        RenderTableSection {TBODY} at (1,1) size 77x23
          RenderTableRow {TR} at (0,0) size 77x0
            RenderTableCell {TD} at (0,0) size 77x23 [border: (1px inset #808080)] [r=0 c=0 rs=2 cs=1]
              RenderText {#text} at (2,2) size 73x19
                text run at (2,2) width 73: "First Row"
          RenderTableRow {TR} at (0,0) size 77x23
      RenderBlock (anonymous) at (0,130) size 964x19
        RenderText {#text} at (0,0) size 381x19
          text run at (0,0) width 381: "Table 4: border=1 cellspacing=1 cellpadding=1"
      RenderTable {TABLE} at (0,149) size 81x27 [border: (1px outset #808080)]
        RenderTableSection {TBODY} at (1,1) size 79x25
          RenderTableRow {TR} at (0,1) size 79x0
            RenderTableCell {TD} at (1,1) size 77x23 [border: (1px inset #808080)] [r=0 c=0 rs=2 cs=1]
              RenderText {#text} at (2,2) size 73x19
                text run at (2,2) width 73: "First Row"
          RenderTableRow {TR} at (0,2) size 79x22
      RenderBlock (anonymous) at (0,176) size 964x95
        RenderBR {BR} at (0,0) size 0x19
        RenderBR {BR} at (0,19) size 0x19
        RenderText {#text} at (0,38) size 582x19
          text run at (0,38) width 582: "Same tables as above but removing height=\"50%\" from the second row:"
        RenderBR {BR} at (582,38) size 0x19
        RenderBR {BR} at (0,57) size 0x19
        RenderText {#text} at (0,76) size 381x19
          text run at (0,76) width 381: "Table 5: border=1 cellspacing=0 cellpadding=0"
      RenderTable {TABLE} at (0,271) size 77x23 [border: (1px outset #808080)]
        RenderTableSection {TBODY} at (1,1) size 75x21
          RenderTableRow {TR} at (0,0) size 75x0
            RenderTableCell {TD} at (0,0) size 75x21 [border: (1px inset #808080)] [r=0 c=0 rs=2 cs=1]
              RenderText {#text} at (1,1) size 73x19
                text run at (1,1) width 73: "First Row"
          RenderTableRow {TR} at (0,0) size 75x21
      RenderBlock (anonymous) at (0,294) size 964x19
        RenderText {#text} at (0,0) size 381x19
          text run at (0,0) width 381: "Table 6: border=1 cellspacing=1 cellpadding=0"
      RenderTable {TABLE} at (0,313) size 79x25 [border: (1px outset #808080)]
        RenderTableSection {TBODY} at (1,1) size 77x23
          RenderTableRow {TR} at (0,1) size 77x0
            RenderTableCell {TD} at (1,1) size 75x21 [border: (1px inset #808080)] [r=0 c=0 rs=2 cs=1]
              RenderText {#text} at (1,1) size 73x19
                text run at (1,1) width 73: "First Row"
          RenderTableRow {TR} at (0,2) size 77x20
      RenderBlock (anonymous) at (0,338) size 964x19
        RenderText {#text} at (0,0) size 381x19
          text run at (0,0) width 381: "Table 7: border=1 cellspacing=0 cellpadding=1"
      RenderTable {TABLE} at (0,357) size 79x25 [border: (1px outset #808080)]
        RenderTableSection {TBODY} at (1,1) size 77x23
          RenderTableRow {TR} at (0,0) size 77x0
            RenderTableCell {TD} at (0,0) size 77x23 [border: (1px inset #808080)] [r=0 c=0 rs=2 cs=1]
              RenderText {#text} at (2,2) size 73x19
                text run at (2,2) width 73: "First Row"
          RenderTableRow {TR} at (0,0) size 77x23
      RenderBlock (anonymous) at (0,382) size 964x19
        RenderText {#text} at (0,0) size 381x19
          text run at (0,0) width 381: "Table 8: border=1 cellspacing=1 cellpadding=1"
      RenderTable {TABLE} at (0,401) size 81x27 [border: (1px outset #808080)]
        RenderTableSection {TBODY} at (1,1) size 79x25
          RenderTableRow {TR} at (0,1) size 79x0
            RenderTableCell {TD} at (1,1) size 77x23 [border: (1px inset #808080)] [r=0 c=0 rs=2 cs=1]
              RenderText {#text} at (2,2) size 73x19
                text run at (2,2) width 73: "First Row"
          RenderTableRow {TR} at (0,2) size 79x22
