layer at (0,0) size 980x735
  RenderView at (0,0) size 980x735
layer at (0,0) size 980x735
  RenderBlock {HTML} at (0,0) size 980x735
    RenderBody {BODY} at (8,8) size 964x719
      RenderTable {TABLE} at (0,0) size 101x718 [border: (1px outset #808080)]
        RenderTableSection {TBODY} at (1,1) size 99x716
          RenderTableRow {TR} at (0,0) size 99x501
            RenderTableCell {TD} at (0,239) size 99x23 [border: (1px inset #808080)] [r=0 c=0 rs=1 cs=1]
              RenderText {#text} at (2,2) size 95x19
                text run at (2,2) width 95: "height: 70%"
          RenderTableRow {TR} at (0,501) size 99x215
            RenderTableCell {TD} at (0,597) size 99x23 [border: (1px inset #808080)] [r=1 c=0 rs=1 cs=1]
              RenderText {#text} at (2,2) size 95x19
                text run at (2,2) width 95: "height: 30%"
