layer at (0,0) size 980x735
  RenderView at (0,0) size 980x735
layer at (0,0) size 980x735
  RenderBlock {HTML} at (0,0) size 980x735
    RenderBody {BODY} at (8,8) size 964x719
      RenderBlock {P} at (0,0) size 964x38
        RenderText {#text} at (0,0) size 907x19
          text run at (0,0) width 907: "The INPUT element using the IMAGE attribute is used to load the image in the table. This image flows outside the "
        RenderBR {BR} at (0,0) size 0x0
        RenderText {#text} at (0,19) size 356x19
          text run at (0,19) width 356: "the table after the window has been resized."
      RenderTable {TABLE} at (382,54) size 200x24 [bgcolor=#FF0000]
        RenderTableSection {TBODY} at (0,0) size 200x24
          RenderTableRow {TR} at (0,2) size 200x20
            RenderTableCell {TD} at (2,2) size 196x20 [r=0 c=0 rs=1 cs=1]
              RenderImage {INPUT} at (1,1) size 19x18
              RenderText {#text} at (0,0) size 0x0
      RenderBlock {P} at (0,94) size 964x19
        RenderText {#text} at (0,0) size 707x19
          text run at (0,0) width 707: "This test case is identicate to one above except the table is assigned a border of 2 pixels"
      RenderTable {TABLE} at (382,129) size 200x30 [bgcolor=#FF0000] [border: (2px outset #808080)]
        RenderTableSection {TBODY} at (2,2) size 196x26
          RenderTableRow {TR} at (0,2) size 196x22
            RenderTableCell {TD} at (2,2) size 192x22 [border: (1px inset #808080)] [r=0 c=0 rs=1 cs=1]
              RenderImage {INPUT} at (2,2) size 19x18
              RenderText {#text} at (0,0) size 0x0
