layer at (0,0) size 980x938
  RenderView at (0,0) size 980x735
layer at (0,0) size 980x938
  RenderBlock {HTML} at (0,0) size 980x938
    RenderBody {BODY} at (8,8) size 964x922
      RenderBlock {DIV} at (0,0) size 964x175
        RenderBlock {HR} at (0,0) size 964x2 [border: (1px inset #000000)]
        RenderBlock {P} at (0,18) size 964x19
          RenderInline {B} at (0,0) size 428x19
            RenderText {#text} at (268,0) size 428x19
              text run at (268,0) width 428: "Tables I, II, III, IV (cellpadding=0 cellspacing=5)"
        RenderTable {TABLE} at (143,53) size 677x122 [bgcolor=#FFCC00] [border: (1px outset #808080)]
          RenderTableSection {TBODY} at (1,1) size 675x120
            RenderTableRow {TR} at (0,2) size 675x116
              RenderTableCell {TD} at (2,2) size 179x116 [border: (1px inset #808080)] [r=0 c=0 rs=1 cs=1]
                RenderTable {TABLE} at (6,6) size 167x104 [bgcolor=#FFFFFF] [border: (1px outset #808080)]
                  RenderBlock {CAPTION} at (0,0) size 167x19
                    RenderInline {NOBR} at (0,0) size 55x19
                      RenderText {#text} at (56,0) size 55x19
                        text run at (56,0) width 55: "Table I"
                  RenderTableSection {TBODY} at (1,20) size 165x83
                    RenderTableRow {TR} at (0,5) size 165x21
                      RenderTableCell {TD} at (5,5) size 27x21 [border: (1px inset #808080)] [r=0 c=0 rs=1 cs=1]
                        RenderText {#text} at (1,1) size 25x19
                          text run at (1,1) width 25: "1,1"
                      RenderTableCell {TD} at (37,5) size 27x21 [border: (1px inset #808080)] [r=0 c=1 rs=1 cs=1]
                        RenderText {#text} at (1,1) size 25x19
                          text run at (1,1) width 25: "1,2"
                      RenderTableCell {TD} at (69,5) size 27x21 [border: (1px inset #808080)] [r=0 c=2 rs=1 cs=1]
                        RenderText {#text} at (1,1) size 25x19
                          text run at (1,1) width 25: "1,3"
                      RenderTableCell {TD} at (101,5) size 27x21 [border: (1px inset #808080)] [r=0 c=3 rs=1 cs=1]
                        RenderText {#text} at (1,1) size 25x19
                          text run at (1,1) width 25: "1,4"
                      RenderTableCell {TD} at (133,5) size 27x21 [border: (1px inset #808080)] [r=0 c=4 rs=1 cs=1]
                        RenderText {#text} at (1,1) size 25x19
                          text run at (1,1) width 25: "1,5"
                    RenderTableRow {TR} at (0,31) size 165x21
                      RenderTableCell {TD} at (5,31) size 27x21 [border: (1px inset #808080)] [r=1 c=0 rs=1 cs=1]
                        RenderText {#text} at (1,1) size 25x19
                          text run at (1,1) width 25: "2,1"
                      RenderTableCell {TD} at (37,31) size 27x21 [border: (1px inset #808080)] [r=1 c=1 rs=1 cs=1]
                        RenderText {#text} at (1,1) size 25x19
                          text run at (1,1) width 25: "2,2"
                      RenderTableCell {TD} at (69,31) size 27x21 [border: (1px inset #808080)] [r=1 c=2 rs=1 cs=1]
                        RenderText {#text} at (1,1) size 25x19
                          text run at (1,1) width 25: "2,3"
                      RenderTableCell {TD} at (101,31) size 27x21 [border: (1px inset #808080)] [r=1 c=3 rs=1 cs=1]
                        RenderText {#text} at (1,1) size 25x19
                          text run at (1,1) width 25: "2,4"
                      RenderTableCell {TD} at (133,31) size 27x21 [border: (1px inset #808080)] [r=1 c=4 rs=1 cs=1]
                        RenderText {#text} at (1,1) size 25x19
                          text run at (1,1) width 25: "2,5"
                    RenderTableRow {TR} at (0,57) size 165x21
                      RenderTableCell {TD} at (5,57) size 27x21 [border: (1px inset #808080)] [r=2 c=0 rs=1 cs=1]
                        RenderText {#text} at (1,1) size 25x19
                          text run at (1,1) width 25: "3,1"
                      RenderTableCell {TD} at (37,57) size 27x21 [bgcolor=#FFFF66] [border: (1px inset #808080)] [r=2 c=1 rs=1 cs=1]
                        RenderText {#text} at (1,1) size 25x19
                          text run at (1,1) width 25: "3,2"
                      RenderTableCell {TD} at (69,57) size 27x21 [bgcolor=#FFFF66] [border: (1px inset #808080)] [r=2 c=2 rs=1 cs=1]
                        RenderText {#text} at (1,1) size 25x19
                          text run at (1,1) width 25: "3,3"
                      RenderTableCell {TD} at (101,57) size 27x21 [bgcolor=#FFFF66] [border: (1px inset #808080)] [r=2 c=3 rs=1 cs=1]
                        RenderText {#text} at (1,1) size 25x19
                          text run at (1,1) width 25: "3,4"
                      RenderTableCell {TD} at (133,57) size 27x21 [border: (1px inset #808080)] [r=2 c=4 rs=1 cs=1]
                        RenderText {#text} at (1,1) size 25x19
                          text run at (1,1) width 25: "3,5"
              RenderTableCell {TD} at (183,2) size 179x116 [border: (1px inset #808080)] [r=0 c=1 rs=1 cs=1]
                RenderTable {TABLE} at (6,6) size 167x104 [bgcolor=#FFFFFF] [border: (1px outset #808080)]
                  RenderBlock {CAPTION} at (0,0) size 167x19
                    RenderInline {NOBR} at (0,0) size 59x19
                      RenderText {#text} at (54,0) size 59x19
                        text run at (54,0) width 59: "Table II"
                  RenderTableSection {TBODY} at (1,20) size 165x83
                    RenderTableRow {TR} at (0,5) size 165x21
                      RenderTableCell {TD} at (5,5) size 27x21 [border: (1px inset #808080)] [r=0 c=0 rs=1 cs=1]
                        RenderText {#text} at (1,1) size 25x19
                          text run at (1,1) width 25: "1,1"
                      RenderTableCell {TD} at (37,5) size 59x21 [border: (1px inset #808080)] [r=0 c=1 rs=1 cs=2]
                        RenderText {#text} at (1,1) size 25x19
                          text run at (1,1) width 25: "1,2"
                      RenderTableCell {TD} at (101,5) size 27x21 [border: (1px inset #808080)] [r=0 c=3 rs=1 cs=1]
                        RenderText {#text} at (1,1) size 25x19
                          text run at (1,1) width 25: "1,4"
                      RenderTableCell {TD} at (133,5) size 27x21 [border: (1px inset #808080)] [r=0 c=4 rs=1 cs=1]
                        RenderText {#text} at (1,1) size 25x19
                          text run at (1,1) width 25: "1,5"
                    RenderTableRow {TR} at (0,31) size 165x21
                      RenderTableCell {TD} at (5,31) size 27x21 [border: (1px inset #808080)] [r=1 c=0 rs=1 cs=1]
                        RenderText {#text} at (1,1) size 25x19
                          text run at (1,1) width 25: "2,1"
                      RenderTableCell {TD} at (37,31) size 27x21 [border: (1px inset #808080)] [r=1 c=1 rs=1 cs=1]
                        RenderText {#text} at (1,1) size 25x19
                          text run at (1,1) width 25: "2,2"
                      RenderTableCell {TD} at (69,31) size 59x21 [border: (1px inset #808080)] [r=1 c=2 rs=1 cs=2]
                        RenderText {#text} at (1,1) size 25x19
                          text run at (1,1) width 25: "2,3"
                      RenderTableCell {TD} at (133,31) size 27x21 [border: (1px inset #808080)] [r=1 c=4 rs=1 cs=1]
                        RenderText {#text} at (1,1) size 25x19
                          text run at (1,1) width 25: "2,5"
                    RenderTableRow {TR} at (0,57) size 165x21
                      RenderTableCell {TD} at (5,57) size 27x21 [border: (1px inset #808080)] [r=2 c=0 rs=1 cs=1]
                        RenderText {#text} at (1,1) size 25x19
                          text run at (1,1) width 25: "3,1"
                      RenderTableCell {TD} at (37,57) size 27x21 [bgcolor=#FFFF66] [border: (1px inset #808080)] [r=2 c=1 rs=1 cs=1]
                        RenderText {#text} at (1,1) size 25x19
                          text run at (1,1) width 25: "3,2"
                      RenderTableCell {TD} at (69,57) size 27x21 [bgcolor=#FFFF66] [border: (1px inset #808080)] [r=2 c=2 rs=1 cs=1]
                        RenderText {#text} at (1,1) size 25x19
                          text run at (1,1) width 25: "3,3"
                      RenderTableCell {TD} at (101,57) size 27x21 [bgcolor=#FFFF66] [border: (1px inset #808080)] [r=2 c=3 rs=1 cs=1]
                        RenderText {#text} at (1,1) size 25x19
                          text run at (1,1) width 25: "3,4"
                      RenderTableCell {TD} at (133,57) size 27x21 [border: (1px inset #808080)] [r=2 c=4 rs=1 cs=1]
                        RenderText {#text} at (1,1) size 25x19
                          text run at (1,1) width 25: "3,5"
              RenderTableCell {TD} at (364,2) size 154x116 [border: (1px inset #808080)] [r=0 c=2 rs=1 cs=1]
                RenderTable {TABLE} at (6,6) size 142x104 [bgcolor=#FFFFFF] [border: (1px outset #808080)]
                  RenderBlock {CAPTION} at (0,0) size 142x19
                    RenderInline {NOBR} at (0,0) size 64x19
                      RenderText {#text} at (39,0) size 64x19
                        text run at (39,0) width 64: "Table III"
                  RenderTableSection {TBODY} at (1,20) size 140x83
                    RenderTableRow {TR} at (0,5) size 140x21
                      RenderTableCell {TD} at (5,5) size 27x21 [border: (1px inset #808080)] [r=0 c=0 rs=1 cs=1]
                        RenderText {#text} at (1,1) size 25x19
                          text run at (1,1) width 25: "1,1"
                      RenderTableCell {TD} at (37,5) size 34x21 [border: (1px inset #808080)] [r=0 c=1 rs=1 cs=2]
                        RenderText {#text} at (1,1) size 25x19
                          text run at (1,1) width 25: "1,2"
                      RenderTableCell {TD} at (76,5) size 27x21 [border: (1px inset #808080)] [r=0 c=3 rs=1 cs=1]
                        RenderText {#text} at (1,1) size 25x19
                          text run at (1,1) width 25: "1,4"
                      RenderTableCell {TD} at (108,5) size 27x21 [border: (1px inset #808080)] [r=0 c=4 rs=1 cs=1]
                        RenderText {#text} at (1,1) size 25x19
                          text run at (1,1) width 25: "1,5"
                    RenderTableRow {TR} at (0,31) size 140x21
                      RenderTableCell {TD} at (5,31) size 27x21 [border: (1px inset #808080)] [r=1 c=0 rs=1 cs=1]
                        RenderText {#text} at (1,1) size 25x19
                          text run at (1,1) width 25: "2,1"
                      RenderTableCell {TD} at (37,31) size 27x21 [border: (1px inset #808080)] [r=1 c=1 rs=1 cs=1]
                        RenderText {#text} at (1,1) size 25x19
                          text run at (1,1) width 25: "2,2"
                      RenderTableCell {TD} at (69,31) size 34x21 [border: (1px inset #808080)] [r=1 c=2 rs=1 cs=2]
                        RenderText {#text} at (1,1) size 25x19
                          text run at (1,1) width 25: "2,3"
                      RenderTableCell {TD} at (108,31) size 27x21 [border: (1px inset #808080)] [r=1 c=4 rs=1 cs=1]
                        RenderText {#text} at (1,1) size 25x19
                          text run at (1,1) width 25: "2,5"
                    RenderTableRow {TR} at (0,57) size 140x21
                      RenderTableCell {TD} at (5,57) size 27x21 [border: (1px inset #808080)] [r=2 c=0 rs=1 cs=1]
                        RenderText {#text} at (1,1) size 25x19
                          text run at (1,1) width 25: "3,1"
                      RenderTableCell {TD} at (37,66) size 27x2 [bgcolor=#FFFF66] [border: (1px inset #808080)] [r=2 c=1 rs=1 cs=1]
                      RenderTableCell {TD} at (69,66) size 2x2 [bgcolor=#FFFF66] [border: (1px inset #808080)] [r=2 c=2 rs=1 cs=1]
                      RenderTableCell {TD} at (76,66) size 27x2 [bgcolor=#FFFF66] [border: (1px inset #808080)] [r=2 c=3 rs=1 cs=1]
                      RenderTableCell {TD} at (108,57) size 27x21 [border: (1px inset #808080)] [r=2 c=4 rs=1 cs=1]
                        RenderText {#text} at (1,1) size 25x19
                          text run at (1,1) width 25: "3,5"
              RenderTableCell {TD} at (520,2) size 153x90 [border: (1px inset #808080)] [r=0 c=3 rs=1 cs=1]
                RenderTable {TABLE} at (6,6) size 141x78 [bgcolor=#FFFFFF] [border: (1px outset #808080)]
                  RenderBlock {CAPTION} at (0,0) size 141x19
                    RenderInline {NOBR} at (0,0) size 65x19
                      RenderText {#text} at (38,0) size 65x19
                        text run at (38,0) width 65: "Table IV"
                  RenderTableSection {TBODY} at (1,20) size 139x57
                    RenderTableRow {TR} at (0,5) size 139x21
                      RenderTableCell {TD} at (5,5) size 27x21 [border: (1px inset #808080)] [r=0 c=0 rs=1 cs=1]
                        RenderText {#text} at (1,1) size 25x19
                          text run at (1,1) width 25: "1,1"
                      RenderTableCell {TD} at (37,5) size 33x21 [border: (1px inset #808080)] [r=0 c=1 rs=1 cs=2]
                        RenderText {#text} at (1,1) size 25x19
                          text run at (1,1) width 25: "1,2"
                      RenderTableCell {TD} at (75,5) size 27x21 [border: (1px inset #808080)] [r=0 c=3 rs=1 cs=1]
                        RenderText {#text} at (1,1) size 25x19
                          text run at (1,1) width 25: "1,4"
                      RenderTableCell {TD} at (107,5) size 27x21 [border: (1px inset #808080)] [r=0 c=4 rs=1 cs=1]
                        RenderText {#text} at (1,1) size 25x19
                          text run at (1,1) width 25: "1,5"
                    RenderTableRow {TR} at (0,31) size 139x21
                      RenderTableCell {TD} at (5,31) size 27x21 [border: (1px inset #808080)] [r=1 c=0 rs=1 cs=1]
                        RenderText {#text} at (1,1) size 25x19
                          text run at (1,1) width 25: "2,1"
                      RenderTableCell {TD} at (37,31) size 27x21 [border: (1px inset #808080)] [r=1 c=1 rs=1 cs=1]
                        RenderText {#text} at (1,1) size 25x19
                          text run at (1,1) width 25: "2,2"
                      RenderTableCell {TD} at (69,31) size 33x21 [border: (1px inset #808080)] [r=1 c=2 rs=1 cs=2]
                        RenderText {#text} at (1,1) size 25x19
                          text run at (1,1) width 25: "2,3"
                      RenderTableCell {TD} at (107,31) size 27x21 [border: (1px inset #808080)] [r=1 c=4 rs=1 cs=1]
                        RenderText {#text} at (1,1) size 25x19
                          text run at (1,1) width 25: "2,5"
      RenderBlock (anonymous) at (0,175) size 964x19
        RenderBR {BR} at (0,0) size 0x19
      RenderBlock {P} at (0,210) size 964x95
        RenderText {#text} at (0,0) size 944x95
          text run at (0,0) width 392: "This is a table colspan counting problem (IMHO). "
          text run at (392,0) width 469: "The oversize <TABLE> has two rows: one has *two* <TD>"
          text run at (0,19) width 941: "\"requesting\" total of 3 columns to span; second row has *one* <TD> \"requesting\" total of 3 columns to span. In other"
          text run at (0,38) width 714: "words, it's asking for one more column than the max number of 'real' elements in a row. "
          text run at (714,38) width 223: "Here's the simple case (first"
          text run at (0,57) width 368: "one shows the problem; the other adjusts the "
          text run at (368,57) width 576: "colspan values and it works) (Dec 19 Nightly Win 95): All the elements in"
          text run at (0,76) width 568: "the two tables below are width=auto (i.e., no width attribute specified)."
      RenderBlock (anonymous) at (0,321) size 964x19
        RenderBR {BR} at (0,0) size 0x19
      RenderTable {TABLE} at (0,340) size 820x56 [border: (1px outset #808080)]
        RenderTableSection {TBODY} at (1,1) size 818x54
          RenderTableRow {TR} at (0,0) size 818x27
            RenderTableCell {TD} at (0,0) size 329x27 [border: (1px inset #808080)] [r=0 c=0 rs=1 cs=2]
              RenderBlock {P} at (4,4) size 321x19
                RenderInline {B} at (0,0) size 156x19
                  RenderText {#text} at (0,0) size 156x19
                    text run at (0,0) width 156: "This is colspan=2"
            RenderTableCell {TD} at (329,0) size 489x27 [border: (1px inset #808080)] [r=0 c=2 rs=1 cs=1]
              RenderText {#text} at (4,4) size 235x19
                text run at (4,4) width 235: "Blah Blah Blah Blah Blah Blah"
          RenderTableRow {TR} at (0,27) size 818x27
            RenderTableCell {TD} at (0,27) size 818x27 [border: (1px inset #808080)] [r=1 c=0 rs=1 cs=3]
              RenderBlock {P} at (4,4) size 810x19
                RenderInline {B} at (0,0) size 156x19
                  RenderText {#text} at (0,0) size 156x19
                    text run at (0,0) width 156: "This is colspan=3"
                RenderText {#text} at (156,0) size 654x19
                  text run at (156,0) width 200: " blah blah blah blah blah "
                  text run at (356,0) width 454: "--- why doesn't this cell span the table (5.0 win95 jun17)?"
      RenderBlock (anonymous) at (0,396) size 964x38
        RenderBR {BR} at (0,0) size 0x19
        RenderBR {BR} at (0,19) size 0x19
      RenderTable {TABLE} at (0,434) size 657x56 [border: (1px outset #808080)]
        RenderTableSection {TBODY} at (1,1) size 655x54
          RenderTableRow {TR} at (0,0) size 655x27
            RenderTableCell {TD} at (0,0) size 263x27 [border: (1px inset #808080)] [r=0 c=0 rs=1 cs=1]
              RenderBlock {P} at (4,4) size 255x19
                RenderInline {B} at (0,0) size 156x19
                  RenderText {#text} at (0,0) size 156x19
                    text run at (0,0) width 156: "This is colspan=1"
            RenderTableCell {TD} at (263,0) size 392x27 [border: (1px inset #808080)] [r=0 c=1 rs=1 cs=1]
              RenderText {#text} at (4,4) size 235x19
                text run at (4,4) width 235: "Blah Blah Blah Blah Blah Blah"
          RenderTableRow {TR} at (0,27) size 655x27
            RenderTableCell {TD} at (0,27) size 655x27 [border: (1px inset #808080)] [r=1 c=0 rs=1 cs=2]
              RenderBlock {P} at (4,4) size 647x19
                RenderInline {B} at (0,0) size 156x19
                  RenderText {#text} at (0,0) size 156x19
                    text run at (0,0) width 156: "This is colspan=2"
                RenderText {#text} at (156,0) size 491x19
                  text run at (156,0) width 200: " blah blah blah blah blah "
                  text run at (356,0) width 291: "--- this cell spans the table correctly."
      RenderBlock (anonymous) at (0,490) size 964x19
        RenderBR {BR} at (0,0) size 0x19
      RenderBlock {P} at (0,525) size 964x19
        RenderText {#text} at (0,0) size 301x19
          text run at (0,0) width 301: "Here's the test case from bug #2645."
      RenderBlock {P} at (0,560) size 964x57
        RenderText {#text} at (0,0) size 954x57
          text run at (0,0) width 694: "This test case (below) is derived from home.netscape.com (although not much is left). "
          text run at (694,0) width 256: "[This was the table structure for"
          text run at (0,19) width 954: "\"Autos ... Local ...\" and the right-hand column (\"ABCNews.com...\"); added an extra column to differentiate this example"
          text run at (0,38) width 258: "a bit more from the one above]."
      RenderBlock {P} at (0,633) size 964x76
        RenderText {#text} at (0,0) size 955x76
          text run at (0,0) width 614: "The basic problem is \"competing colspan requests\". The table has two rows, "
          text run at (614,0) width 312: "both of which have COLSPAN requests."
          text run at (0,19) width 348: "They are both asking for one more column "
          text run at (348,19) width 607: "than the max number of 'real' elements in either row (i.e., both ask for total"
          text run at (0,38) width 663: "of 5 but the maximum number of TD in either row is 4). This seems to confuse the "
          text run at (663,38) width 270: "algorithm. ;) (Note: all the column"
          text run at (0,57) width 643: "elements in these two tables are width=fixed except the TD with colspan=(4|3))."
      RenderTable {TABLE} at (0,725) size 680x54 [border: (1px outset #808080)]
        RenderTableSection {TBODY} at (1,1) size 678x52
          RenderTableRow {TR} at (0,2) size 678x23
            RenderTableCell {TD} at (2,2) size 84x23 [border: (1px inset #808080)] [r=0 c=0 rs=1 cs=1]
              RenderText {#text} at (2,2) size 9x19
                text run at (2,2) width 9: "x"
            RenderTableCell {TD} at (88,2) size 344x23 [border: (1px inset #808080)] [r=0 c=1 rs=1 cs=2]
              RenderText {#text} at (2,2) size 129x19
                text run at (2,2) width 129: "this (colspan=2)"
            RenderTableCell {TD} at (434,2) size 38x23 [bgcolor=#99CCCC] [border: (1px inset #808080)] [r=0 c=3 rs=1 cs=1]
              RenderText {#text} at (2,2) size 34x19
                text run at (2,2) width 34: "blue"
            RenderTableCell {TD} at (474,2) size 202x23 [border: (1px inset #808080)] [r=0 c=4 rs=1 cs=1]
              RenderText {#text} at (2,2) size 32x19
                text run at (2,2) width 32: "that"
          RenderTableRow {TR} at (0,27) size 678x23
            RenderTableCell {TD} at (2,27) size 84x23 [border: (1px inset #808080)] [r=1 c=0 rs=1 cs=1]
              RenderText {#text} at (2,2) size 9x19
                text run at (2,2) width 9: "x"
            RenderTableCell {TD} at (88,27) size 588x23 [bgcolor=#99CCCC] [border: (1px inset #808080)] [r=1 c=1 rs=1 cs=4]
              RenderText {#text} at (2,2) size 407x19
                text run at (2,2) width 407: "blue (colspan=4) --- doesn't span (5.0 win95 jun17)"
      RenderBlock (anonymous) at (0,779) size 964x19
        RenderBR {BR} at (0,0) size 0x19
      RenderBlock {P} at (0,814) size 964x19
        RenderText {#text} at (0,0) size 556x19
          text run at (0,0) width 556: "Here's the same table but the 'colspan' values have been normalized."
      RenderTable {TABLE} at (0,849) size 680x54 [border: (1px outset #808080)]
        RenderTableSection {TBODY} at (1,1) size 678x52
          RenderTableRow {TR} at (0,2) size 678x23
            RenderTableCell {TD} at (2,2) size 76x23 [border: (1px inset #808080)] [r=0 c=0 rs=1 cs=1]
              RenderText {#text} at (2,2) size 9x19
                text run at (2,2) width 9: "x"
            RenderTableCell {TD} at (80,2) size 370x23 [border: (1px inset #808080)] [r=0 c=1 rs=1 cs=1]
              RenderText {#text} at (2,2) size 129x19
                text run at (2,2) width 129: "this (colspan=1)"
            RenderTableCell {TD} at (452,2) size 38x23 [bgcolor=#99CCCC] [border: (1px inset #808080)] [r=0 c=2 rs=1 cs=1]
              RenderText {#text} at (2,2) size 34x19
                text run at (2,2) width 34: "blue"
            RenderTableCell {TD} at (492,2) size 184x23 [border: (1px inset #808080)] [r=0 c=3 rs=1 cs=1]
              RenderText {#text} at (2,2) size 32x19
                text run at (2,2) width 32: "that"
          RenderTableRow {TR} at (0,27) size 678x23
            RenderTableCell {TD} at (2,27) size 76x23 [border: (1px inset #808080)] [r=1 c=0 rs=1 cs=1]
              RenderText {#text} at (2,2) size 9x19
                text run at (2,2) width 9: "x"
            RenderTableCell {TD} at (80,27) size 596x23 [bgcolor=#99CCCC] [border: (1px inset #808080)] [r=1 c=1 rs=1 cs=3]
              RenderText {#text} at (2,2) size 285x19
                text run at (2,2) width 285: "blue (colspan=3) --- spans correctly"
      RenderBlock (anonymous) at (0,903) size 964x19
        RenderBR {BR} at (0,0) size 0x19
