layer at (0,0) size 980x735
  RenderView at (0,0) size 980x735
layer at (0,0) size 980x735
  RenderBlock {HTML} at (0,0) size 980x735
    RenderBody {BODY} at (8,8) size 964x719
      RenderTable {TABLE} at (0,0) size 698x63
        RenderTableSection {TBODY} at (0,0) size 698x63
          RenderTableRow {TR} at (0,2) size 698x59
            RenderTableCell {TD} at (2,21) size 238x21 [r=0 c=0 rs=1 cs=1]
              RenderText {#text} at (1,1) size 236x19
                text run at (1,1) width 236: "Let's put some space in here!"
            RenderTableCell {TD} at (242,2) size 454x59 [r=0 c=1 rs=1 cs=1]
              RenderTable {TABLE} at (1,1) size 452x57
                RenderTableSection {TBODY} at (0,0) size 452x57
                  RenderTableRow {TR} at (0,2) size 452x53
                    RenderTableCell {TD} at (2,2) size 448x53 [r=0 c=0 rs=1 cs=1]
                      RenderTable {TABLE} at (1,1) size 446x51
                        RenderTableSection {TBODY} at (0,0) size 446x51
                          RenderTableRow {TR} at (0,2) size 446x47
                            RenderTableCell {TD} at (2,2) size 442x47 [r=0 c=0 rs=1 cs=1]
                              RenderImage {IMG} at (1,45) size 4x1
                              RenderImage {IMG} at (5,6) size 436x35
                              RenderText {#text} at (0,0) size 0x0
                              RenderInline {MAP} at (0,0) size 0x0
                                RenderText {#text} at (0,0) size 0x0
                                RenderText {#text} at (0,0) size 0x0
                                RenderText {#text} at (0,0) size 0x0
                                RenderText {#text} at (0,0) size 0x0
                                RenderText {#text} at (0,0) size 0x0
                                RenderText {#text} at (0,0) size 0x0
                                RenderText {#text} at (0,0) size 0x0
                                RenderText {#text} at (0,0) size 0x0
                                RenderText {#text} at (0,0) size 0x0
                                RenderText {#text} at (0,0) size 0x0
                              RenderText {#text} at (0,0) size 0x0
