layer at (0,0) size 980x735
  RenderView at (0,0) size 980x735
layer at (0,0) size 980x735
  RenderBlock {HTML} at (0,0) size 980x735
    RenderBody {BODY} at (8,8) size 964x719 [bgcolor=#FFFFFF]
      RenderBlock {H4} at (0,0) size 964x19
        RenderText {#text} at (0,0) size 213x19
          text run at (0,0) width 213: "Testcase distilled from "
        RenderInline {A} at (0,0) size 678x19 [color=#0000EE]
          RenderText {#text} at (213,0) size 678x19
            text run at (213,0) width 678: "http://www.download.com/pc/list/0,339,0-b-0-0-a-1,00.html?st.dl.fd.ag.new"
      RenderBlock {H4} at (0,40) size 964x19
        RenderText {#text} at (0,0) size 685x19
          text run at (0,0) width 685: "Resize the width of the window and watch the Buy and Pick columns below."
      RenderTable {TABLE} at (0,80) size 964x67
        RenderTableSection {TBODY} at (0,0) size 964x67
          RenderTableRow {TR} at (0,2) size 964x21 [bgcolor=#CCCCCC]
            RenderTableCell {TD} at (2,2) size 875x21 [r=0 c=0 rs=1 cs=1]
              RenderText {#text} at (1,1) size 121x19
                text run at (1,1) width 121: "Re-sort by Title"
            RenderTableCell {TD} at (879,2) size 37x21 [r=0 c=1 rs=1 cs=1]
              RenderInline {SPAN} at (0,0) size 30x19
                RenderText {#text} at (1,1) size 30x19
                  text run at (1,1) width 30: "Buy"
              RenderText {#text} at (31,1) size 5x19
                text run at (31,1) width 5: " "
            RenderTableCell {TD} at (918,2) size 44x21 [r=0 c=2 rs=1 cs=1]
              RenderText {#text} at (1,1) size 5x19
                text run at (1,1) width 5: " "
              RenderInline {SPAN} at (0,0) size 32x19
                RenderText {#text} at (6,1) size 32x19
                  text run at (6,1) width 32: "Pick"
              RenderText {#text} at (38,1) size 5x19
                text run at (38,1) width 5: " "
          RenderTableRow {TR} at (0,25) size 964x40
            RenderTableCell {TD} at (2,25) size 875x40 [r=1 c=0 rs=1 cs=1]
              RenderText {#text} at (1,1) size 813x38
                text run at (1,1) width 534: "Norton AntiVirus Definitions Update 10/21/99 Update your NAV for "
                text run at (535,1) width 279: "Windows 95/98/NT, Lotus Notes, or"
                text run at (1,20) width 331: "Exchange with the latest virus definitions."
            RenderTableCell {TD} at (879,34) size 37x21 [r=1 c=1 rs=1 cs=1]
              RenderText {#text} at (1,1) size 5x19
                text run at (1,1) width 5: " "
            RenderTableCell {TD} at (918,34) size 44x21 [r=1 c=2 rs=1 cs=1]
              RenderText {#text} at (1,1) size 5x19
                text run at (1,1) width 5: " "
      RenderBlock (anonymous) at (0,147) size 964x19
        RenderBR {BR} at (0,0) size 0x19
      RenderBlock {H4} at (0,187) size 964x19
        RenderText {#text} at (0,0) size 658x19
          text run at (0,0) width 658: "This is the same table as above but with all <SPAN> elements removed."
      RenderTable {TABLE} at (0,227) size 964x67
        RenderTableSection {TBODY} at (0,0) size 964x67
          RenderTableRow {TR} at (0,2) size 964x21 [bgcolor=#CCCCCC]
            RenderTableCell {TD} at (2,2) size 875x21 [r=0 c=0 rs=1 cs=1]
              RenderText {#text} at (1,1) size 121x19
                text run at (1,1) width 121: "Re-sort by Title"
            RenderTableCell {TD} at (879,2) size 37x21 [r=0 c=1 rs=1 cs=1]
              RenderText {#text} at (1,1) size 35x19
                text run at (1,1) width 35: "Buy "
            RenderTableCell {TD} at (918,2) size 44x21 [r=0 c=2 rs=1 cs=1]
              RenderText {#text} at (1,1) size 42x19
                text run at (1,1) width 42: " Pick "
          RenderTableRow {TR} at (0,25) size 964x40
            RenderTableCell {TD} at (2,25) size 875x40 [r=1 c=0 rs=1 cs=1]
              RenderText {#text} at (1,1) size 813x38
                text run at (1,1) width 534: "Norton AntiVirus Definitions Update 10/21/99 Update your NAV for "
                text run at (535,1) width 279: "Windows 95/98/NT, Lotus Notes, or"
                text run at (1,20) width 331: "Exchange with the latest virus definitions."
            RenderTableCell {TD} at (879,34) size 37x21 [r=1 c=1 rs=1 cs=1]
              RenderText {#text} at (1,1) size 5x19
                text run at (1,1) width 5: " "
            RenderTableCell {TD} at (918,34) size 44x21 [r=1 c=2 rs=1 cs=1]
              RenderText {#text} at (1,1) size 5x19
                text run at (1,1) width 5: " "
