layer at (0,0) size 980x735
  RenderView at (0,0) size 980x735
layer at (0,0) size 980x735
  RenderBlock {HTML} at (0,0) size 980x735
    RenderBody {BODY} at (8,8) size 964x719
      RenderBlock {P} at (0,0) size 964x38
        RenderInline {B} at (0,0) size 946x38
          RenderText {#text} at (0,0) size 946x38
            text run at (0,0) width 946: "original page, stripped down to the problem table (pattern: auto width table with first row has specified"
            text run at (0,19) width 609: "width and colspan=2, second row has two specified width columns)"
      RenderTable {TABLE} at (0,54) size 506x244 [border: (1px outset #808080)]
        RenderTableSection {TBODY} at (1,1) size 504x242
          RenderTableRow {TR} at (0,2) size 504x118
            RenderTableCell {TD} at (2,2) size 500x118 [border: (1px inset #808080)] [r=0 c=0 rs=1 cs=2]
              RenderText {#text} at (2,2) size 489x114
                text run at (2,2) width 484: "Cons For Pokemon \"They're Pokemon card sharks out there."
                text run at (2,21) width 54: "This is "
                text run at (56,21) width 435: "worse than the Cabbage Patch Kid craze because now"
                text run at (2,40) width 132: "it's the kids who "
                text run at (134,40) width 335: "are actually fighting each other instead of"
                text run at (2,59) width 142: "just the parents.\" "
                text run at (144,59) width 319: "-- Children are doing anything, including"
                text run at (2,78) width 195: "breaking the law, to get "
                text run at (197,78) width 287: "their grubby hands on some trading"
                text run at (2,97) width 175: "cards, observe police."
          RenderTableRow {TR} at (0,122) size 504x118
            RenderTableCell {TD} at (2,122) size 272x23 [border: (1px inset #808080)] [r=1 c=0 rs=1 cs=1]
              RenderText {#text} at (2,2) size 42x19
                text run at (2,2) width 42: "ASDF"
            RenderTableCell {TD} at (276,122) size 226x118 [border: (1px inset #808080)] [r=1 c=1 rs=1 cs=1]
              RenderText {#text} at (2,2) size 212x114
                text run at (2,2) width 41: "Sat., "
                text run at (43,2) width 111: "Dec 11, 1999 "
                text run at (154,2) width 31: "Gay"
                text run at (2,21) width 162: "Union Kibosh Hawaii"
                text run at (2,40) width 204: "Supreme Court slams the"
                text run at (2,59) width 144: "door on same-sex"
                text run at (2,78) width 212: "marriages. All eyes look to"
                text run at (2,97) width 75: "Vermont."
      RenderBlock (anonymous) at (0,298) size 964x19
        RenderBR {BR} at (0,0) size 0x19
      RenderBlock {P} at (0,333) size 964x19
        RenderInline {B} at (0,0) size 479x19
          RenderText {#text} at (0,0) size 479x19
            text run at (0,0) width 479: "same table, but less content (text) in the first cell ..."
      RenderTable {TABLE} at (0,368) size 506x168 [border: (1px outset #808080)]
        RenderTableSection {TBODY} at (1,1) size 504x166
          RenderTableRow {TR} at (0,2) size 504x42
            RenderTableCell {TD} at (2,2) size 500x42 [border: (1px inset #808080)] [r=0 c=0 rs=1 cs=2]
              RenderText {#text} at (2,2) size 484x38
                text run at (2,2) width 484: "Cons For Pokemon \"They're Pokemon card sharks out there."
                text run at (2,21) width 49: "This is"
          RenderTableRow {TR} at (0,46) size 504x118
            RenderTableCell {TD} at (2,46) size 272x23 [border: (1px inset #808080)] [r=1 c=0 rs=1 cs=1]
              RenderText {#text} at (2,2) size 42x19
                text run at (2,2) width 42: "ASDF"
            RenderTableCell {TD} at (276,46) size 226x118 [border: (1px inset #808080)] [r=1 c=1 rs=1 cs=1]
              RenderText {#text} at (2,2) size 212x114
                text run at (2,2) width 41: "Sat., "
                text run at (43,2) width 111: "Dec 11, 1999 "
                text run at (154,2) width 31: "Gay"
                text run at (2,21) width 162: "Union Kibosh Hawaii"
                text run at (2,40) width 204: "Supreme Court slams the"
                text run at (2,59) width 144: "door on same-sex"
                text run at (2,78) width 212: "marriages. All eyes look to"
                text run at (2,97) width 75: "Vermont."
