layer at (0,0) size 980x735
  RenderView at (0,0) size 980x735
layer at (0,0) size 980x735
  RenderBlock {HTML} at (0,0) size 980x735
    RenderBody {BODY} at (8,8) size 964x719 [bgcolor=#C0C0C0]
      RenderBlock {P} at (0,0) size 964x19
        RenderText {#text} at (0,0) size 187x19
          text run at (0,0) width 187: "Border enabled version"
      RenderTable {TABLE} at (0,35) size 335x226 [border: (1px outset #808080)]
        RenderTableSection {TBODY} at (1,1) size 333x224
          RenderTableRow {TR} at (0,0) size 333x2
            RenderTableCell {TD} at (0,0) size 31x2 [border: (1px inset #808080)] [r=0 c=0 rs=1 cs=1]
            RenderTableCell {TD} at (31,0) size 302x2 [border: (1px inset #808080)] [r=0 c=1 rs=1 cs=1]
          RenderTableRow {TR} at (0,2) size 333x222
            RenderTableCell {TD} at (0,2) size 333x222 [border: (1px inset #808080)] [r=1 c=0 rs=1 cs=2]
              RenderImage {IMG} at (1,1) size 329x220
      RenderBlock {P} at (0,277) size 964x19
        RenderText {#text} at (0,0) size 255x19
          text run at (0,0) width 255: "Cellspanned cell's bgcolor is red"
      RenderTable {TABLE} at (0,312) size 329x220
        RenderTableSection {TBODY} at (0,0) size 329x220
          RenderTableRow {TR} at (0,0) size 329x0
            RenderTableCell {TD} at (0,0) size 29x0 [r=0 c=0 rs=1 cs=1]
            RenderTableCell {TD} at (29,0) size 300x0 [r=0 c=1 rs=1 cs=1]
          RenderTableRow {TR} at (0,0) size 329x220
            RenderTableCell {TD} at (0,0) size 329x220 [bgcolor=#FF0000] [r=1 c=0 rs=1 cs=2]
              RenderImage {IMG} at (0,0) size 329x220
