layer at (0,0) size 980x735
  RenderView at (0,0) size 980x735
layer at (0,0) size 980x735
  RenderBlock {HTML} at (0,0) size 980x735
    RenderBody {BODY} at (8,8) size 964x711
      RenderBlock {FORM} at (0,0) size 964x216
        RenderBlock {HR} at (0,0) size 602x2 [border: (1px inset #000000)]
        RenderTable {TABLE} at (0,10) size 600x206
          RenderTableSection {TBODY} at (0,0) size 600x206
            RenderTableRow {TR} at (0,2) size 600x44
              RenderTableCell {TD} at (2,2) size 594x44 [r=0 c=0 rs=1 cs=3]
                RenderImage {IMG} at (8,1) size 579x42
                RenderText {#text} at (0,0) size 0x0
            RenderTableRow {TR} at (0,48) size 600x62
              RenderTableCell {TD} at (2,48) size 594x62 [bgcolor=#99CCCC] [r=1 c=0 rs=1 cs=3]
                RenderInline {FONT} at (0,0) size 152x15
                  RenderInline {B} at (0,0) size 152x15
                    RenderText {#text} at (14,9) size 152x15
                      text run at (14,9) width 152: "Search the Web with"
                RenderText {#text} at (166,6) size 5x19
                  text run at (166,6) width 5: " "
                RenderMenuList {SELECT} at (173,4) size 89x25 [bgcolor=#FFFFFF]
                  RenderBlock (anonymous) at (6,5) size 61x15
                    RenderText at (0,0) size 61x15
                      text run at (0,0) width 61: "Netscape"
                RenderTextControl {INPUT} at (266,3) size 251x25 [bgcolor=#FFFFFF]
                RenderText {#text} at (519,6) size 5x19
                  text run at (519,6) width 5: " "
                RenderButton {INPUT} at (526,4) size 52x23 [bgcolor=#C0C0C0] [border: (2px outset #C0C0C0)]
                  RenderBlock (anonymous) at (5,5) size 44x15
                    RenderText at (0,0) size 44x15
                      text run at (0,0) width 44: "Search"
                RenderBR {BR} at (580,21) size 0x0
                RenderInline {SMALL} at (0,0) size 590x30
                  RenderInline {A} at (0,0) size 123x15 [color=#0000EE]
                    RenderText {#text} at (2,31) size 123x15
                      text run at (2,31) width 123: "Classifieds< /A>   "
                  RenderInline {A} at (0,0) size 72x15 [color=#0000EE]
                    RenderText {#text} at (124,31) size 72x15
                      text run at (124,31) width 28: "Net "
                      text run at (151,31) width 45: "Search"
                  RenderText {#text} at (195,31) size 13x15
                    text run at (195,31) width 13: "   "
                  RenderInline {A} at (0,0) size 97x15 [color=#0000EE]
                    RenderText {#text} at (207,31) size 97x15
                      text run at (207,31) width 65: "Find Web "
                      text run at (271,31) width 33: "Sites"
                  RenderText {#text} at (303,31) size 13x15
                    text run at (303,31) width 5: " "
                    text run at (307,31) width 9: "  "
                  RenderInline {A} at (0,0) size 79x15 [color=#0000EE]
                    RenderText {#text} at (315,31) size 79x15
                      text run at (315,31) width 50: "What's "
                      text run at (364,31) width 30: "Cool"
                  RenderText {#text} at (393,31) size 13x15
                    text run at (393,31) width 13: "   "
                  RenderInline {A} at (0,0) size 79x15 [color=#0000EE]
                    RenderText {#text} at (405,31) size 79x15
                      text run at (405,31) width 79: "What's New"
                  RenderText {#text} at (483,31) size 13x15
                    text run at (483,31) width 13: "   "
                  RenderInline {A} at (0,0) size 89x15 [color=#0000EE]
                    RenderText {#text} at (495,31) size 89x15
                      text run at (495,31) width 89: "People Finder"
                  RenderText {#text} at (583,31) size 9x15
                    text run at (583,31) width 9: "  "
                  RenderInline {A} at (0,0) size 86x15 [color=#0000EE]
                    RenderText {#text} at (254,46) size 86x15
                      text run at (254,46) width 86: "Yellow Pages"
                  RenderText {#text} at (0,0) size 0x0
                RenderText {#text} at (0,0) size 0x0
            RenderTableRow {TR} at (0,112) size 600x49
              RenderTableCell {TD} at (2,120) size 159x32 [r=2 c=0 rs=1 cs=1]
                RenderInline {A} at (0,0) size 131x34 [color=#0000EE]
                  RenderInline {FONT} at (0,0) size 131x30 [color=#CC0033]
                    RenderText {#text} at (14,1) size 131x30
                      text run at (14,1) width 131: "Download Netscape"
                      text run at (19,16) width 121: "Communicator 4.5"
              RenderTableCell {TD} at (163,112) size 270x49 [r=2 c=1 rs=1 cs=1]
                RenderInline {A} at (0,0) size 232x28 [color=#0000EE]
                  RenderImage {IMG} at (19,1) size 232x35 [border: (1px solid #0000EE)]
                  RenderBR {BR} at (251,36) size 0x0
                  RenderInline {FONT} at (0,0) size 56x11
                    RenderText {#text} at (107,36) size 56x11
                      text run at (107,36) width 56: "Click Here!"
                RenderBR {BR} at (163,45) size 0x0
              RenderTableCell {TD} at (435,128) size 161x17 [r=2 c=2 rs=1 cs=1]
                RenderInline {A} at (0,0) size 143x19 [color=#0000EE]
                  RenderInline {FONT} at (0,0) size 143x15 [color=#0066FF]
                    RenderText {#text} at (9,1) size 143x15
                      text run at (9,1) width 143: "Hassle-Free Upgrades"
                RenderText {#text} at (0,0) size 0x0
            RenderTableRow {TR} at (0,163) size 600x36
              RenderTableCell {TD} at (2,163) size 594x36 [r=3 c=0 rs=1 cs=3]
                RenderInline {A} at (0,0) size 57x19 [color=#0000EE]
                  RenderInline {FONT} at (0,0) size 57x15 [color=#0066FF]
                    RenderInline {B} at (0,0) size 57x15
                      RenderText {#text} at (12,4) size 57x15
                        text run at (12,4) width 57: "Contact"
                RenderText {#text} at (69,1) size 15x19
                  text run at (69,1) width 15: " : "
                RenderInline {SMALL} at (0,0) size 498x31
                  RenderInline {A} at (0,0) size 89x15 [color=#0000EE]
                    RenderText {#text} at (84,4) size 89x15
                      text run at (84,4) width 89: "Address Book"
                  RenderText {#text} at (173,4) size 13x15
                    text run at (173,4) width 13: " - "
                  RenderInline {A} at (0,0) size 77x15 [color=#0000EE]
                    RenderText {#text} at (186,4) size 77x15
                      text run at (186,4) width 77: "Discussions"
                  RenderText {#text} at (263,4) size 13x15
                    text run at (263,4) width 13: " - "
                  RenderInline {A} at (0,0) size 119x15 [color=#0000EE]
                    RenderText {#text} at (276,4) size 119x15
                      text run at (276,4) width 119: "Instant Messenger"
                  RenderText {#text} at (395,4) size 13x15
                    text run at (395,4) width 13: " - "
                  RenderInline {A} at (0,0) size 92x15 [color=#0000EE]
                    RenderText {#text} at (408,4) size 92x15
                      text run at (408,4) width 92: "Long Distance"
                  RenderText {#text} at (500,4) size 13x15
                    text run at (500,4) width 13: " - "
                  RenderInline {A} at (0,0) size 60x15 [color=#0000EE]
                    RenderText {#text} at (513,4) size 60x15
                      text run at (513,4) width 60: "Members"
                  RenderText {#text} at (573,4) size 9x15
                    text run at (573,4) width 9: " -"
                  RenderInline {A} at (0,0) size 96x15 [color=#0000EE]
                    RenderText {#text} at (249,20) size 96x15
                      text run at (249,20) width 96: "WebMail< /A>"
                RenderInline {A} at (0,0) size 0x0 [color=#0000EE]
                  RenderText {#text} at (0,0) size 0x0
            RenderTableRow {TR} at (0,201) size 600x3
              RenderTableCell {TD} at (2,201) size 596x3 [bgcolor=#99CCCC] [r=4 c=0 rs=1 cs=4]
                RenderTable {TABLE} at (1,1) size 1x1
                  RenderTableSection {TBODY} at (0,0) size 1x1
                    RenderTableRow {TR} at (0,0) size 1x1
                      RenderTableCell {TD} at (0,0) size 0x0 [r=0 c=0 rs=1 cs=1]
layer at (280,75) size 244x15
  RenderBlock {DIV} at (4,6) size 244x15
