layer at (0,0) size 980x11403
  RenderView at (0,0) size 980x735
layer at (0,0) size 980x11403
  RenderBlock {HTML} at (0,0) size 980x11403
    RenderBody {BODY} at (8,8) size 964x11387
      RenderTable {TABLE} at (0,0) size 837x11387 [border: (1px outset #808080)]
        RenderTableSection {TBODY} at (1,1) size 835x11385
          RenderTableRow {TR} at (0,2) size 835x11381
            RenderTableCell {TD} at (2,2) size 13x23 [border: (1px inset #808080)] [r=0 c=0 rs=1 cs=1]
              RenderText {#text} at (2,2) size 9x19
                text run at (2,2) width 9: "x"
            RenderTableCell {TD} at (17,2) size 816x11381 [border: (1px inset #808080)] [r=0 c=1 rs=1 cs=1]
              RenderBlock (anonymous) at (2,2) size 812x0
                RenderInline {FONT} at (0,0) size 0x0
                  RenderText {#text} at (0,0) size 0x0
              RenderBlock (anonymous) at (2,2) size 812x11377
                RenderTable {TABLE} at (0,0) size 579x54 [border: (1px outset #808080)]
                  RenderTableSection {TBODY} at (1,1) size 577x52
                    RenderTableRow {TR} at (0,2) size 577x23
                      RenderTableCell {TD} at (2,2) size 124x23 [border: (1px inset #808080)] [r=0 c=0 rs=1 cs=1]
                        RenderText {#text} at (2,2) size 5x19
                          text run at (2,2) width 5: " "
                      RenderTableCell {TD} at (128,2) size 447x4 [border: (1px inset #808080)] [r=0 c=1 rs=1 cs=1]
                    RenderTableRow {TR} at (0,27) size 577x23
                      RenderTableCell {TD} at (2,27) size 124x23 [border: (1px inset #808080)] [r=1 c=0 rs=1 cs=1]
                        RenderText {#text} at (2,2) size 120x19
                          text run at (2,2) width 120: "Search again..."
                RenderBlock (anonymous) at (0,54) size 812x15
                  RenderText {#text} at (0,0) size 812x15
                    text run at (0,0) width 375: "This text node only exists once in the original document! "
                    text run at (375,0) width 350: "If it were a large collection of inlines, the page would "
                    text run at (725,0) width 87: "hang forever."
                  RenderInline {A} at (0,0) size 0x0
                RenderBlock {H2} at (0,85) size 812x23
                  RenderInline {A} at (0,0) size 203x24
                    RenderText {#text} at (0,0) size 203x24
                      text run at (0,0) width 203: "Table of Contents"
                RenderBlock {P} at (0,124) size 812x150
                  RenderInline {B} at (0,0) size 89x15
                    RenderInline {A} at (0,0) size 89x15 [color=#0000EE]
                      RenderText {#text} at (0,0) size 89x15
                        text run at (0,0) width 89: "Introduction"
                  RenderBR {BR} at (89,12) size 0x0
                  RenderBR {BR} at (0,15) size 0x15
                  RenderInline {A} at (0,0) size 174x15 [color=#0000EE]
                    RenderText {#text} at (0,30) size 174x15
                      text run at (0,30) width 174: "Who Should Use This Book"
                  RenderText {#text} at (174,30) size 4x15
                    text run at (174,30) width 4: " "
                  RenderBR {BR} at (178,42) size 0x0
                  RenderInline {A} at (0,0) size 146x15 [color=#0000EE]
                    RenderText {#text} at (0,45) size 146x15
                      text run at (0,45) width 146: "How To Use This Book"
                  RenderText {#text} at (146,45) size 4x15
                    text run at (146,45) width 4: " "
                  RenderBR {BR} at (150,57) size 0x0
                  RenderInline {A} at (0,0) size 183x15 [color=#0000EE]
                    RenderText {#text} at (0,60) size 183x15
                      text run at (0,60) width 183: "How This Book is Structured"
                  RenderText {#text} at (183,60) size 4x15
                    text run at (183,60) width 4: " "
                  RenderBR {BR} at (187,72) size 0x0
                  RenderInline {A} at (0,0) size 224x15 [color=#0000EE]
                    RenderText {#text} at (0,75) size 224x15
                      text run at (0,75) width 224: "How to Read the Syntax Diagrams"
                  RenderText {#text} at (224,75) size 4x15
                    text run at (224,75) width 4: " "
                  RenderBR {BR} at (228,87) size 0x0
                  RenderInline {A} at (0,0) size 216x15 [color=#0000EE]
                    RenderText {#text} at (0,90) size 216x15
                      text run at (0,90) width 216: "Conventions Used in This Manual"
                  RenderText {#text} at (216,90) size 4x15
                    text run at (216,90) width 4: " "
                  RenderBR {BR} at (220,102) size 0x0
                  RenderInline {A} at (0,0) size 104x15 [color=#0000EE]
                    RenderText {#text} at (0,105) size 104x15
                      text run at (0,105) width 104: "Error Conditions"
                  RenderText {#text} at (104,105) size 4x15
                    text run at (104,105) width 4: " "
                  RenderBR {BR} at (108,117) size 0x0
                  RenderInline {A} at (0,0) size 164x15 [color=#0000EE]
                    RenderText {#text} at (0,120) size 164x15
                      text run at (0,120) width 164: "Highlighting Conventions"
                  RenderText {#text} at (164,120) size 4x15
                    text run at (164,120) width 4: " "
                  RenderBR {BR} at (168,132) size 0x0
                  RenderInline {A} at (0,0) size 244x15 [color=#0000EE]
                    RenderText {#text} at (0,135) size 244x15
                      text run at (0,135) width 244: "Related Documentation for This Book"
                  RenderText {#text} at (0,0) size 0x0
                RenderBlock {P} at (0,287) size 812x990
                  RenderInline {B} at (0,0) size 68x15
                    RenderInline {A} at (0,0) size 68x15 [color=#0000EE]
                      RenderText {#text} at (0,0) size 68x15
                        text run at (0,0) width 68: "Concepts"
                  RenderBR {BR} at (68,12) size 0x0
                  RenderBR {BR} at (0,15) size 0x15
                  RenderInline {A} at (0,0) size 132x15 [color=#0000EE]
                    RenderText {#text} at (0,30) size 132x15
                      text run at (0,30) width 132: "Relational Database"
                  RenderText {#text} at (132,30) size 4x15
                    text run at (132,30) width 4: " "
                  RenderBR {BR} at (136,42) size 0x0
                  RenderInline {A} at (0,0) size 216x15 [color=#0000EE]
                    RenderText {#text} at (0,45) size 216x15
                      text run at (0,45) width 216: "Structured Query Language (SQL)"
                  RenderText {#text} at (216,45) size 4x15
                    text run at (216,45) width 4: " "
                  RenderBR {BR} at (220,57) size 0x0
                  RenderInline {A} at (0,0) size 98x15 [color=#0000EE]
                    RenderText {#text} at (0,60) size 98x15
                      text run at (0,60) width 98: "Embedded SQL"
                  RenderText {#text} at (98,60) size 4x15
                    text run at (98,60) width 4: " "
                  RenderBR {BR} at (102,72) size 0x0
                  RenderInline {A} at (0,0) size 66x15 [color=#0000EE]
                    RenderText {#text} at (0,75) size 66x15
                      text run at (0,75) width 66: "Static SQL"
                  RenderText {#text} at (66,75) size 4x15
                    text run at (66,75) width 4: " "
                  RenderBR {BR} at (70,87) size 0x0
                  RenderInline {A} at (0,0) size 87x15 [color=#0000EE]
                    RenderText {#text} at (0,90) size 87x15
                      text run at (0,90) width 87: "Dynamic SQL"
                  RenderText {#text} at (87,90) size 4x15
                    text run at (87,90) width 4: " "
                  RenderBR {BR} at (91,102) size 0x0
                  RenderInline {A} at (0,0) size 447x15 [color=#0000EE]
                    RenderText {#text} at (0,105) size 447x15
                      text run at (0,105) width 447: "DB2 Call Level Interface (CLI) & Open Database Connectivity (ODBC)"
                  RenderText {#text} at (447,105) size 4x15
                    text run at (447,105) width 4: " "
                  RenderBR {BR} at (451,117) size 0x0
                  RenderInline {A} at (0,0) size 519x15 [color=#0000EE]
                    RenderText {#text} at (0,120) size 519x15
                      text run at (0,120) width 519: "Java Database Connectivity (JDBC) and Embedded SQL for Java (SQLJ) Programs"
                  RenderText {#text} at (519,120) size 4x15
                    text run at (519,120) width 4: " "
                  RenderBR {BR} at (523,132) size 0x0
                  RenderInline {A} at (0,0) size 99x15 [color=#0000EE]
                    RenderText {#text} at (0,135) size 99x15
                      text run at (0,135) width 99: "Interactive SQL"
                  RenderText {#text} at (99,135) size 4x15
                    text run at (99,135) width 4: " "
                  RenderBR {BR} at (103,147) size 0x0
                  RenderInline {A} at (0,0) size 59x15 [color=#0000EE]
                    RenderText {#text} at (0,150) size 59x15
                      text run at (0,150) width 59: "Schemas"
                  RenderText {#text} at (59,150) size 4x15
                    text run at (59,150) width 4: " "
                  RenderBR {BR} at (63,162) size 0x0
                  RenderInline {A} at (0,0) size 180x15 [color=#0000EE]
                    RenderText {#text} at (0,165) size 180x15
                      text run at (0,165) width 180: "Controlling Use of Schemas"
                  RenderText {#text} at (180,165) size 4x15
                    text run at (180,165) width 4: " "
                  RenderBR {BR} at (184,177) size 0x0
                  RenderInline {A} at (0,0) size 43x15 [color=#0000EE]
                    RenderText {#text} at (0,180) size 43x15
                      text run at (0,180) width 43: "Tables"
                  RenderText {#text} at (43,180) size 4x15
                    text run at (43,180) width 4: " "
                  RenderBR {BR} at (47,192) size 0x0
                  RenderInline {A} at (0,0) size 39x15 [color=#0000EE]
                    RenderText {#text} at (0,195) size 39x15
                      text run at (0,195) width 39: "Views"
                  RenderText {#text} at (39,195) size 4x15
                    text run at (39,195) width 4: " "
                  RenderBR {BR} at (43,207) size 0x0
                  RenderInline {A} at (0,0) size 47x15 [color=#0000EE]
                    RenderText {#text} at (0,210) size 47x15
                      text run at (0,210) width 47: "Aliases"
                  RenderText {#text} at (47,210) size 4x15
                    text run at (47,210) width 4: " "
                  RenderBR {BR} at (51,222) size 0x0
                  RenderInline {A} at (0,0) size 51x15 [color=#0000EE]
                    RenderText {#text} at (0,225) size 51x15
                      text run at (0,225) width 51: "Indexes"
                  RenderText {#text} at (51,225) size 4x15
                    text run at (51,225) width 4: " "
                  RenderBR {BR} at (55,237) size 0x0
                  RenderInline {A} at (0,0) size 32x15 [color=#0000EE]
                    RenderText {#text} at (0,240) size 32x15
                      text run at (0,240) width 32: "Keys"
                  RenderText {#text} at (32,240) size 4x15
                    text run at (32,240) width 4: " "
                  RenderBR {BR} at (36,252) size 0x0
                  RenderInline {A} at (0,0) size 82x15 [color=#0000EE]
                    RenderText {#text} at (0,255) size 82x15
                      text run at (0,255) width 82: "Unique Keys"
                  RenderText {#text} at (82,255) size 4x15
                    text run at (82,255) width 4: " "
                  RenderBR {BR} at (86,267) size 0x0
                  RenderInline {A} at (0,0) size 87x15 [color=#0000EE]
                    RenderText {#text} at (0,270) size 87x15
                      text run at (0,270) width 87: "Primary Keys"
                  RenderText {#text} at (87,270) size 4x15
                    text run at (87,270) width 4: " "
                  RenderBR {BR} at (91,282) size 0x0
                  RenderInline {A} at (0,0) size 84x15 [color=#0000EE]
                    RenderText {#text} at (0,285) size 84x15
                      text run at (0,285) width 84: "Foreign Keys"
                  RenderText {#text} at (84,285) size 4x15
                    text run at (84,285) width 4: " "
                  RenderBR {BR} at (88,297) size 0x0
                  RenderInline {A} at (0,0) size 111x15 [color=#0000EE]
                    RenderText {#text} at (0,300) size 111x15
                      text run at (0,300) width 111: "Partitioning Keys"
                  RenderText {#text} at (111,300) size 4x15
                    text run at (111,300) width 4: " "
                  RenderBR {BR} at (115,312) size 0x0
                  RenderInline {A} at (0,0) size 74x15 [color=#0000EE]
                    RenderText {#text} at (0,315) size 74x15
                      text run at (0,315) width 74: "Constraints"
                  RenderText {#text} at (74,315) size 4x15
                    text run at (74,315) width 4: " "
                  RenderBR {BR} at (78,327) size 0x0
                  RenderInline {A} at (0,0) size 124x15 [color=#0000EE]
                    RenderText {#text} at (0,330) size 124x15
                      text run at (0,330) width 124: "Unique Constraints"
                  RenderText {#text} at (124,330) size 4x15
                    text run at (124,330) width 4: " "
                  RenderBR {BR} at (128,342) size 0x0
                  RenderInline {A} at (0,0) size 150x15 [color=#0000EE]
                    RenderText {#text} at (0,345) size 150x15
                      text run at (0,345) width 150: "Referential Constraints"
                  RenderText {#text} at (150,345) size 4x15
                    text run at (150,345) width 4: " "
                  RenderBR {BR} at (154,357) size 0x0
                  RenderInline {A} at (0,0) size 158x15 [color=#0000EE]
                    RenderText {#text} at (0,360) size 158x15
                      text run at (0,360) width 158: "Table Check Constraints"
                  RenderText {#text} at (158,360) size 4x15
                    text run at (158,360) width 4: " "
                  RenderBR {BR} at (162,372) size 0x0
                  RenderInline {A} at (0,0) size 53x15 [color=#0000EE]
                    RenderText {#text} at (0,375) size 53x15
                      text run at (0,375) width 53: "Triggers"
                  RenderText {#text} at (53,375) size 4x15
                    text run at (53,375) width 4: " "
                  RenderBR {BR} at (57,387) size 0x0
                  RenderInline {A} at (0,0) size 97x15 [color=#0000EE]
                    RenderText {#text} at (0,390) size 97x15
                      text run at (0,390) width 97: "Event Monitors"
                  RenderText {#text} at (97,390) size 4x15
                    text run at (97,390) width 4: " "
                  RenderBR {BR} at (101,402) size 0x0
                  RenderInline {A} at (0,0) size 50x15 [color=#0000EE]
                    RenderText {#text} at (0,405) size 50x15
                      text run at (0,405) width 50: "Queries"
                  RenderText {#text} at (50,405) size 4x15
                    text run at (50,405) width 4: " "
                  RenderBR {BR} at (54,417) size 0x0
                  RenderInline {A} at (0,0) size 118x15 [color=#0000EE]
                    RenderText {#text} at (0,420) size 118x15
                      text run at (0,420) width 118: "Table Expressions"
                  RenderText {#text} at (118,420) size 4x15
                    text run at (118,420) width 4: " "
                  RenderBR {BR} at (122,432) size 0x0
                  RenderInline {A} at (0,0) size 181x15 [color=#0000EE]
                    RenderText {#text} at (0,435) size 181x15
                      text run at (0,435) width 181: "Common Table Expressions"
                  RenderText {#text} at (181,435) size 4x15
                    text run at (181,435) width 4: " "
                  RenderBR {BR} at (185,447) size 0x0
                  RenderInline {A} at (0,0) size 62x15 [color=#0000EE]
                    RenderText {#text} at (0,450) size 62x15
                      text run at (0,450) width 62: "Packages"
                  RenderText {#text} at (62,450) size 4x15
                    text run at (62,450) width 4: " "
                  RenderBR {BR} at (66,462) size 0x0
                  RenderInline {A} at (0,0) size 93x15 [color=#0000EE]
                    RenderText {#text} at (0,465) size 93x15
                      text run at (0,465) width 93: "Catalog Views"
                  RenderText {#text} at (93,465) size 4x15
                    text run at (93,465) width 4: " "
                  RenderBR {BR} at (97,477) size 0x0
                  RenderInline {A} at (0,0) size 328x15 [color=#0000EE]
                    RenderText {#text} at (0,480) size 328x15
                      text run at (0,480) width 328: "Application Processes, Concurrency, and Recovery"
                  RenderText {#text} at (328,480) size 4x15
                    text run at (328,480) width 4: " "
                  RenderBR {BR} at (332,492) size 0x0
                  RenderInline {A} at (0,0) size 95x15 [color=#0000EE]
                    RenderText {#text} at (0,495) size 95x15
                      text run at (0,495) width 95: "Isolation Level"
                  RenderText {#text} at (95,495) size 4x15
                    text run at (95,495) width 4: " "
                  RenderBR {BR} at (99,507) size 0x0
                  RenderInline {A} at (0,0) size 143x15 [color=#0000EE]
                    RenderText {#text} at (0,510) size 143x15
                      text run at (0,510) width 143: "Repeatable Read (RR)"
                  RenderText {#text} at (143,510) size 4x15
                    text run at (143,510) width 4: " "
                  RenderBR {BR} at (147,522) size 0x0
                  RenderInline {A} at (0,0) size 122x15 [color=#0000EE]
                    RenderText {#text} at (0,525) size 122x15
                      text run at (0,525) width 122: "Read Stability (RS)"
                  RenderText {#text} at (122,525) size 4x15
                    text run at (122,525) width 4: " "
                  RenderBR {BR} at (126,537) size 0x0
                  RenderInline {A} at (0,0) size 131x15 [color=#0000EE]
                    RenderText {#text} at (0,540) size 131x15
                      text run at (0,540) width 131: "Cursor Stability (CS)"
                  RenderText {#text} at (131,540) size 4x15
                    text run at (131,540) width 4: " "
                  RenderBR {BR} at (135,552) size 0x0
                  RenderInline {A} at (0,0) size 159x15 [color=#0000EE]
                    RenderText {#text} at (0,555) size 159x15
                      text run at (0,555) width 159: "Uncommitted Read (UR)"
                  RenderText {#text} at (159,555) size 4x15
                    text run at (159,555) width 4: " "
                  RenderBR {BR} at (163,567) size 0x0
                  RenderInline {A} at (0,0) size 201x15 [color=#0000EE]
                    RenderText {#text} at (0,570) size 201x15
                      text run at (0,570) width 201: "Comparison of Isolation Levels"
                  RenderText {#text} at (201,570) size 4x15
                    text run at (201,570) width 4: " "
                  RenderBR {BR} at (205,582) size 0x0
                  RenderInline {A} at (0,0) size 208x15 [color=#0000EE]
                    RenderText {#text} at (0,585) size 208x15
                      text run at (0,585) width 208: "Distributed Relational Database"
                  RenderText {#text} at (208,585) size 4x15
                    text run at (208,585) width 4: " "
                  RenderBR {BR} at (212,597) size 0x0
                  RenderInline {A} at (0,0) size 126x15 [color=#0000EE]
                    RenderText {#text} at (0,600) size 126x15
                      text run at (0,600) width 126: "Application Servers"
                  RenderText {#text} at (126,600) size 4x15
                    text run at (126,600) width 4: " "
                  RenderBR {BR} at (130,612) size 0x0
                  RenderInline {A} at (0,0) size 276x15 [color=#0000EE]
                    RenderText {#text} at (0,615) size 276x15
                      text run at (0,615) width 276: "CONNECT (Type 1) and CONNECT (Type 2)"
                  RenderText {#text} at (276,615) size 4x15
                    text run at (276,615) width 4: " "
                  RenderBR {BR} at (280,627) size 0x0
                  RenderInline {A} at (0,0) size 137x15 [color=#0000EE]
                    RenderText {#text} at (0,630) size 137x15
                      text run at (0,630) width 137: "Remote Unit of Work"
                  RenderText {#text} at (137,630) size 4x15
                    text run at (137,630) width 4: " "
                  RenderBR {BR} at (141,642) size 0x0
                  RenderInline {A} at (0,0) size 295x15 [color=#0000EE]
                    RenderText {#text} at (0,645) size 295x15
                      text run at (0,645) width 295: "Application-Directed Distributed Unit of Work"
                  RenderText {#text} at (295,645) size 4x15
                    text run at (295,645) width 4: " "
                  RenderBR {BR} at (299,657) size 0x0
                  RenderInline {A} at (0,0) size 235x15 [color=#0000EE]
                    RenderText {#text} at (0,660) size 235x15
                      text run at (0,660) width 235: "Data Representation Considerations"
                  RenderText {#text} at (235,660) size 4x15
                    text run at (235,660) width 4: " "
                  RenderBR {BR} at (239,672) size 0x0
                  RenderInline {A} at (0,0) size 156x15 [color=#0000EE]
                    RenderText {#text} at (0,675) size 156x15
                      text run at (0,675) width 156: "DB2 Federated Systems"
                  RenderText {#text} at (156,675) size 4x15
                    text run at (156,675) width 4: " "
                  RenderBR {BR} at (160,687) size 0x0
                  RenderInline {A} at (0,0) size 400x15 [color=#0000EE]
                    RenderText {#text} at (0,690) size 400x15
                      text run at (0,690) width 400: "The Federated Server, Federated Database, and Data Sources"
                  RenderText {#text} at (400,690) size 4x15
                    text run at (400,690) width 4: " "
                  RenderBR {BR} at (404,702) size 0x0
                  RenderInline {A} at (0,0) size 292x15 [color=#0000EE]
                    RenderText {#text} at (0,705) size 292x15
                      text run at (0,705) width 292: "Tasks to Perform in a DB2 Federated System"
                  RenderText {#text} at (292,705) size 4x15
                    text run at (292,705) width 4: " "
                  RenderBR {BR} at (296,717) size 0x0
                  RenderInline {A} at (0,0) size 207x15 [color=#0000EE]
                    RenderText {#text} at (0,720) size 207x15
                      text run at (0,720) width 207: "Wrappers and Wrapper Modules"
                  RenderText {#text} at (207,720) size 4x15
                    text run at (207,720) width 4: " "
                  RenderBR {BR} at (211,732) size 0x0
                  RenderInline {A} at (0,0) size 245x15 [color=#0000EE]
                    RenderText {#text} at (0,735) size 245x15
                      text run at (0,735) width 245: "Server Definitions and Server Options"
                  RenderText {#text} at (245,735) size 4x15
                    text run at (245,735) width 4: " "
                  RenderBR {BR} at (249,747) size 0x0
                  RenderInline {A} at (0,0) size 212x15 [color=#0000EE]
                    RenderText {#text} at (0,750) size 212x15
                      text run at (0,750) width 212: "User Mappings and User Options"
                  RenderText {#text} at (212,750) size 4x15
                    text run at (212,750) width 4: " "
                  RenderBR {BR} at (216,762) size 0x0
                  RenderInline {A} at (0,0) size 133x15 [color=#0000EE]
                    RenderText {#text} at (0,765) size 133x15
                      text run at (0,765) width 133: "Data Type Mappings"
                  RenderText {#text} at (133,765) size 4x15
                    text run at (133,765) width 4: " "
                  RenderBR {BR} at (137,777) size 0x0
                  RenderInline {A} at (0,0) size 461x15 [color=#0000EE]
                    RenderText {#text} at (0,780) size 461x15
                      text run at (0,780) width 461: "Function Mappings, Function Templates, and Function Mapping Options"
                  RenderText {#text} at (461,780) size 4x15
                    text run at (461,780) width 4: " "
                  RenderBR {BR} at (465,792) size 0x0
                  RenderInline {A} at (0,0) size 209x15 [color=#0000EE]
                    RenderText {#text} at (0,795) size 209x15
                      text run at (0,795) width 209: "Nicknames and Column Options"
                  RenderText {#text} at (209,795) size 4x15
                    text run at (209,795) width 4: " "
                  RenderBR {BR} at (213,807) size 0x0
                  RenderInline {A} at (0,0) size 131x15 [color=#0000EE]
                    RenderText {#text} at (0,810) size 131x15
                      text run at (0,810) width 131: "Index Specifications"
                  RenderText {#text} at (131,810) size 4x15
                    text run at (131,810) width 4: " "
                  RenderBR {BR} at (135,822) size 0x0
                  RenderInline {A} at (0,0) size 136x15 [color=#0000EE]
                    RenderText {#text} at (0,825) size 136x15
                      text run at (0,825) width 136: "Distributed Requests"
                  RenderText {#text} at (136,825) size 4x15
                    text run at (136,825) width 4: " "
                  RenderBR {BR} at (140,837) size 0x0
                  RenderInline {A} at (0,0) size 94x15 [color=#0000EE]
                    RenderText {#text} at (0,840) size 94x15
                      text run at (0,840) width 94: "Compensation"
                  RenderText {#text} at (94,840) size 4x15
                    text run at (94,840) width 4: " "
                  RenderBR {BR} at (98,852) size 0x0
                  RenderInline {A} at (0,0) size 88x15 [color=#0000EE]
                    RenderText {#text} at (0,855) size 88x15
                      text run at (0,855) width 88: "Pass-Through"
                  RenderText {#text} at (88,855) size 4x15
                    text run at (88,855) width 4: " "
                  RenderBR {BR} at (92,867) size 0x0
                  RenderInline {A} at (0,0) size 140x15 [color=#0000EE]
                    RenderText {#text} at (0,870) size 140x15
                      text run at (0,870) width 140: "Character Conversion"
                  RenderText {#text} at (140,870) size 4x15
                    text run at (140,870) width 4: " "
                  RenderBR {BR} at (144,882) size 0x0
                  RenderInline {A} at (0,0) size 203x15 [color=#0000EE]
                    RenderText {#text} at (0,885) size 203x15
                      text run at (0,885) width 203: "Character Sets and Code Pages"
                  RenderText {#text} at (203,885) size 4x15
                    text run at (203,885) width 4: " "
                  RenderBR {BR} at (207,897) size 0x0
                  RenderInline {A} at (0,0) size 137x15 [color=#0000EE]
                    RenderText {#text} at (0,900) size 137x15
                      text run at (0,900) width 137: "Code Page Attributes"
                  RenderText {#text} at (137,900) size 4x15
                    text run at (137,900) width 4: " "
                  RenderBR {BR} at (141,912) size 0x0
                  RenderInline {A} at (0,0) size 183x15 [color=#0000EE]
                    RenderText {#text} at (0,915) size 183x15
                      text run at (0,915) width 183: "Authorization and Privileges"
                  RenderText {#text} at (183,915) size 4x15
                    text run at (183,915) width 4: " "
                  RenderBR {BR} at (187,927) size 0x0
                  RenderInline {A} at (0,0) size 278x15 [color=#0000EE]
                    RenderText {#text} at (0,930) size 278x15
                      text run at (0,930) width 278: "Table Spaces and Other Storage Structures"
                  RenderText {#text} at (278,930) size 4x15
                    text run at (278,930) width 4: " "
                  RenderBR {BR} at (282,942) size 0x0
                  RenderInline {A} at (0,0) size 279x15 [color=#0000EE]
                    RenderText {#text} at (0,945) size 279x15
                      text run at (0,945) width 279: "Data Partitioning Across Multiple Partitions"
                  RenderText {#text} at (279,945) size 4x15
                    text run at (279,945) width 4: " "
                  RenderBR {BR} at (283,957) size 0x0
                  RenderInline {A} at (0,0) size 113x15 [color=#0000EE]
                    RenderText {#text} at (0,960) size 113x15
                      text run at (0,960) width 113: "Partitioning Maps"
                  RenderText {#text} at (113,960) size 4x15
                    text run at (113,960) width 4: " "
                  RenderBR {BR} at (117,972) size 0x0
                  RenderInline {A} at (0,0) size 113x15 [color=#0000EE]
                    RenderText {#text} at (0,975) size 113x15
                      text run at (0,975) width 113: "Table Collocation"
                  RenderText {#text} at (0,0) size 0x0
                RenderBlock {P} at (0,1290) size 812x1995
                  RenderInline {B} at (0,0) size 144x15
                    RenderInline {A} at (0,0) size 144x15 [color=#0000EE]
                      RenderText {#text} at (0,0) size 144x15
                        text run at (0,0) width 144: "Language Elements"
                  RenderBR {BR} at (144,12) size 0x0
                  RenderBR {BR} at (0,15) size 0x15
                  RenderInline {A} at (0,0) size 70x15 [color=#0000EE]
                    RenderText {#text} at (0,30) size 70x15
                      text run at (0,30) width 70: "Characters"
                  RenderText {#text} at (70,30) size 4x15
                    text run at (70,30) width 4: " "
                  RenderBR {BR} at (74,42) size 0x0
                  RenderInline {A} at (0,0) size 138x15 [color=#0000EE]
                    RenderText {#text} at (0,45) size 138x15
                      text run at (0,45) width 138: "MBCS Considerations"
                  RenderText {#text} at (138,45) size 4x15
                    text run at (138,45) width 4: " "
                  RenderBR {BR} at (142,57) size 0x0
                  RenderInline {A} at (0,0) size 47x15 [color=#0000EE]
                    RenderText {#text} at (0,60) size 47x15
                      text run at (0,60) width 47: "Tokens"
                  RenderText {#text} at (47,60) size 4x15
                    text run at (47,60) width 4: " "
                  RenderBR {BR} at (51,72) size 0x0
                  RenderInline {A} at (0,0) size 138x15 [color=#0000EE]
                    RenderText {#text} at (0,75) size 138x15
                      text run at (0,75) width 138: "MBCS Considerations"
                  RenderText {#text} at (138,75) size 4x15
                    text run at (138,75) width 4: " "
                  RenderBR {BR} at (142,87) size 0x0
                  RenderInline {A} at (0,0) size 66x15 [color=#0000EE]
                    RenderText {#text} at (0,90) size 66x15
                      text run at (0,90) width 66: "Identifiers"
                  RenderText {#text} at (66,90) size 4x15
                    text run at (66,90) width 4: " "
                  RenderBR {BR} at (70,102) size 0x0
                  RenderInline {A} at (0,0) size 95x15 [color=#0000EE]
                    RenderText {#text} at (0,105) size 95x15
                      text run at (0,105) width 95: "SQL Identifiers"
                  RenderText {#text} at (95,105) size 4x15
                    text run at (95,105) width 4: " "
                  RenderBR {BR} at (99,117) size 0x0
                  RenderInline {A} at (0,0) size 100x15 [color=#0000EE]
                    RenderText {#text} at (0,120) size 100x15
                      text run at (0,120) width 100: "Host Identifiers"
                  RenderText {#text} at (100,120) size 4x15
                    text run at (100,120) width 4: " "
                  RenderBR {BR} at (104,132) size 0x0
                  RenderInline {A} at (0,0) size 400x15 [color=#0000EE]
                    RenderText {#text} at (0,135) size 400x15
                      text run at (0,135) width 400: "Naming Conventions and Implicit Object Name Qualifications"
                  RenderText {#text} at (400,135) size 4x15
                    text run at (400,135) width 4: " "
                  RenderBR {BR} at (404,147) size 0x0
                  RenderInline {A} at (0,0) size 47x15 [color=#0000EE]
                    RenderText {#text} at (0,150) size 47x15
                      text run at (0,150) width 47: "Aliases"
                  RenderText {#text} at (47,150) size 4x15
                    text run at (47,150) width 4: " "
                  RenderBR {BR} at (51,162) size 0x0
                  RenderInline {A} at (0,0) size 279x15 [color=#0000EE]
                    RenderText {#text} at (0,165) size 279x15
                      text run at (0,165) width 279: "Authorization IDs and authorization-names"
                  RenderText {#text} at (279,165) size 4x15
                    text run at (279,165) width 4: " "
                  RenderBR {BR} at (283,177) size 0x0
                  RenderInline {A} at (0,0) size 265x15 [color=#0000EE]
                    RenderText {#text} at (0,180) size 265x15
                      text run at (0,180) width 265: "Dynamic SQL Characteristics at run-time"
                  RenderText {#text} at (265,180) size 4x15
                    text run at (265,180) width 4: " "
                  RenderBR {BR} at (269,192) size 0x0
                  RenderInline {A} at (0,0) size 291x15 [color=#0000EE]
                    RenderText {#text} at (0,195) size 291x15
                      text run at (0,195) width 291: "Authorization IDs and Statement Preparation"
                  RenderText {#text} at (291,195) size 4x15
                    text run at (291,195) width 4: " "
                  RenderBR {BR} at (295,207) size 0x0
                  RenderInline {A} at (0,0) size 74x15 [color=#0000EE]
                    RenderText {#text} at (0,210) size 74x15
                      text run at (0,210) width 74: "Data Types"
                  RenderText {#text} at (74,210) size 4x15
                    text run at (74,210) width 4: " "
                  RenderBR {BR} at (78,222) size 0x0
                  RenderInline {A} at (0,0) size 33x15 [color=#0000EE]
                    RenderText {#text} at (0,225) size 33x15
                      text run at (0,225) width 33: "Nulls"
                  RenderText {#text} at (33,225) size 4x15
                    text run at (33,225) width 4: " "
                  RenderBR {BR} at (37,237) size 0x0
                  RenderInline {A} at (0,0) size 136x15 [color=#0000EE]
                    RenderText {#text} at (0,240) size 136x15
                      text run at (0,240) width 136: "Large Objects (LOBs)"
                  RenderText {#text} at (136,240) size 4x15
                    text run at (136,240) width 4: " "
                  RenderBR {BR} at (140,252) size 0x0
                  RenderInline {A} at (0,0) size 112x15 [color=#0000EE]
                    RenderText {#text} at (0,255) size 112x15
                      text run at (0,255) width 112: "Character Strings"
                  RenderText {#text} at (112,255) size 4x15
                    text run at (112,255) width 4: " "
                  RenderBR {BR} at (116,267) size 0x0
                  RenderInline {A} at (0,0) size 99x15 [color=#0000EE]
                    RenderText {#text} at (0,270) size 99x15
                      text run at (0,270) width 99: "Graphic Strings"
                  RenderText {#text} at (99,270) size 4x15
                    text run at (99,270) width 4: " "
                  RenderBR {BR} at (103,282) size 0x0
                  RenderInline {A} at (0,0) size 84x15 [color=#0000EE]
                    RenderText {#text} at (0,285) size 84x15
                      text run at (0,285) width 84: "Binary String"
                  RenderText {#text} at (84,285) size 4x15
                    text run at (84,285) width 4: " "
                  RenderBR {BR} at (88,297) size 0x0
                  RenderInline {A} at (0,0) size 59x15 [color=#0000EE]
                    RenderText {#text} at (0,300) size 59x15
                      text run at (0,300) width 59: "Numbers"
                  RenderText {#text} at (59,300) size 4x15
                    text run at (59,300) width 4: " "
                  RenderBR {BR} at (63,312) size 0x0
                  RenderInline {A} at (0,0) size 109x15 [color=#0000EE]
                    RenderText {#text} at (0,315) size 109x15
                      text run at (0,315) width 109: "Datetime Values"
                  RenderText {#text} at (109,315) size 4x15
                    text run at (109,315) width 4: " "
                  RenderBR {BR} at (113,327) size 0x0
                  RenderInline {A} at (0,0) size 114x15 [color=#0000EE]
                    RenderText {#text} at (0,330) size 114x15
                      text run at (0,330) width 114: "DATALINK Values"
                  RenderText {#text} at (114,330) size 4x15
                    text run at (114,330) width 4: " "
                  RenderBR {BR} at (118,342) size 0x0
                  RenderInline {A} at (0,0) size 128x15 [color=#0000EE]
                    RenderText {#text} at (0,345) size 128x15
                      text run at (0,345) width 128: "User Defined Types"
                  RenderText {#text} at (128,345) size 4x15
                    text run at (128,345) width 4: " "
                  RenderBR {BR} at (132,357) size 0x0
                  RenderInline {A} at (0,0) size 162x15 [color=#0000EE]
                    RenderText {#text} at (0,360) size 162x15
                      text run at (0,360) width 162: "Promotion of Data Types"
                  RenderText {#text} at (162,360) size 4x15
                    text run at (162,360) width 4: " "
                  RenderBR {BR} at (166,372) size 0x0
                  RenderInline {A} at (0,0) size 188x15 [color=#0000EE]
                    RenderText {#text} at (0,375) size 188x15
                      text run at (0,375) width 188: "Casting Between Data Types"
                  RenderText {#text} at (188,375) size 4x15
                    text run at (188,375) width 4: " "
                  RenderBR {BR} at (192,387) size 0x0
                  RenderInline {A} at (0,0) size 201x15 [color=#0000EE]
                    RenderText {#text} at (0,390) size 201x15
                      text run at (0,390) width 201: "Assignments and Comparisons"
                  RenderText {#text} at (201,390) size 4x15
                    text run at (201,390) width 4: " "
                  RenderBR {BR} at (205,402) size 0x0
                  RenderInline {A} at (0,0) size 143x15 [color=#0000EE]
                    RenderText {#text} at (0,405) size 143x15
                      text run at (0,405) width 143: "Numeric Assignments"
                  RenderText {#text} at (143,405) size 4x15
                    text run at (143,405) width 4: " "
                  RenderBR {BR} at (147,417) size 0x0
                  RenderInline {A} at (0,0) size 126x15 [color=#0000EE]
                    RenderText {#text} at (0,420) size 126x15
                      text run at (0,420) width 126: "String Assignments"
                  RenderText {#text} at (126,420) size 4x15
                    text run at (126,420) width 4: " "
                  RenderBR {BR} at (130,432) size 0x0
                  RenderInline {A} at (0,0) size 149x15 [color=#0000EE]
                    RenderText {#text} at (0,435) size 149x15
                      text run at (0,435) width 149: "Datetime Assignments"
                  RenderText {#text} at (149,435) size 4x15
                    text run at (149,435) width 4: " "
                  RenderBR {BR} at (153,447) size 0x0
                  RenderInline {A} at (0,0) size 154x15 [color=#0000EE]
                    RenderText {#text} at (0,450) size 154x15
                      text run at (0,450) width 154: "DATALINK Assignments"
                  RenderText {#text} at (154,450) size 4x15
                    text run at (154,450) width 4: " "
                  RenderBR {BR} at (158,462) size 0x0
                  RenderInline {A} at (0,0) size 208x15 [color=#0000EE]
                    RenderText {#text} at (0,465) size 208x15
                      text run at (0,465) width 208: "User-defined Type Assignments"
                  RenderText {#text} at (208,465) size 4x15
                    text run at (208,465) width 4: " "
                  RenderBR {BR} at (212,477) size 0x0
                  RenderInline {A} at (0,0) size 190x15 [color=#0000EE]
                    RenderText {#text} at (0,480) size 190x15
                      text run at (0,480) width 190: "Reference Type Assignments"
                  RenderText {#text} at (190,480) size 4x15
                    text run at (190,480) width 4: " "
                  RenderBR {BR} at (194,492) size 0x0
                  RenderInline {A} at (0,0) size 144x15 [color=#0000EE]
                    RenderText {#text} at (0,495) size 144x15
                      text run at (0,495) width 144: "Numeric Comparisons"
                  RenderText {#text} at (144,495) size 4x15
                    text run at (144,495) width 4: " "
                  RenderBR {BR} at (148,507) size 0x0
                  RenderInline {A} at (0,0) size 127x15 [color=#0000EE]
                    RenderText {#text} at (0,510) size 127x15
                      text run at (0,510) width 127: "String Comparisons"
                  RenderText {#text} at (127,510) size 4x15
                    text run at (127,510) width 4: " "
                  RenderBR {BR} at (131,522) size 0x0
                  RenderInline {A} at (0,0) size 150x15 [color=#0000EE]
                    RenderText {#text} at (0,525) size 150x15
                      text run at (0,525) width 150: "Datetime Comparisons"
                  RenderText {#text} at (150,525) size 4x15
                    text run at (150,525) width 4: " "
                  RenderBR {BR} at (154,537) size 0x0
                  RenderInline {A} at (0,0) size 209x15 [color=#0000EE]
                    RenderText {#text} at (0,540) size 209x15
                      text run at (0,540) width 209: "User-defined Type Comparisons"
                  RenderText {#text} at (209,540) size 4x15
                    text run at (209,540) width 4: " "
                  RenderBR {BR} at (213,552) size 0x0
                  RenderInline {A} at (0,0) size 191x15 [color=#0000EE]
                    RenderText {#text} at (0,555) size 191x15
                      text run at (0,555) width 191: "Reference Type Comparisons"
                  RenderText {#text} at (191,555) size 4x15
                    text run at (191,555) width 4: " "
                  RenderBR {BR} at (195,567) size 0x0
                  RenderInline {A} at (0,0) size 181x15 [color=#0000EE]
                    RenderText {#text} at (0,570) size 181x15
                      text run at (0,570) width 181: "Rules for Result Data Types"
                  RenderText {#text} at (181,570) size 4x15
                    text run at (181,570) width 4: " "
                  RenderBR {BR} at (185,582) size 0x0
                  RenderInline {A} at (0,0) size 112x15 [color=#0000EE]
                    RenderText {#text} at (0,585) size 112x15
                      text run at (0,585) width 112: "Character Strings"
                  RenderText {#text} at (112,585) size 4x15
                    text run at (112,585) width 4: " "
                  RenderBR {BR} at (116,597) size 0x0
                  RenderInline {A} at (0,0) size 99x15 [color=#0000EE]
                    RenderText {#text} at (0,600) size 99x15
                      text run at (0,600) width 99: "Graphic Strings"
                  RenderText {#text} at (99,600) size 4x15
                    text run at (99,600) width 4: " "
                  RenderBR {BR} at (103,612) size 0x0
                  RenderInline {A} at (0,0) size 177x15 [color=#0000EE]
                    RenderText {#text} at (0,615) size 177x15
                      text run at (0,615) width 177: "Binary Large Object (BLOB)"
                  RenderText {#text} at (177,615) size 4x15
                    text run at (177,615) width 4: " "
                  RenderBR {BR} at (181,627) size 0x0
                  RenderInline {A} at (0,0) size 55x15 [color=#0000EE]
                    RenderText {#text} at (0,630) size 55x15
                      text run at (0,630) width 55: "Numeric"
                  RenderText {#text} at (55,630) size 4x15
                    text run at (55,630) width 4: " "
                  RenderBR {BR} at (59,642) size 0x0
                  RenderInline {A} at (0,0) size 35x15 [color=#0000EE]
                    RenderText {#text} at (0,645) size 35x15
                      text run at (0,645) width 35: "DATE"
                  RenderText {#text} at (35,645) size 4x15
                    text run at (35,645) width 4: " "
                  RenderBR {BR} at (39,657) size 0x0
                  RenderInline {A} at (0,0) size 31x15 [color=#0000EE]
                    RenderText {#text} at (0,660) size 31x15
                      text run at (0,660) width 31: "TIME"
                  RenderText {#text} at (31,660) size 4x15
                    text run at (31,660) width 4: " "
                  RenderBR {BR} at (35,672) size 0x0
                  RenderInline {A} at (0,0) size 75x15 [color=#0000EE]
                    RenderText {#text} at (0,675) size 75x15
                      text run at (0,675) width 75: "TIMESTAMP"
                  RenderText {#text} at (75,675) size 4x15
                    text run at (75,675) width 4: " "
                  RenderBR {BR} at (79,687) size 0x0
                  RenderInline {A} at (0,0) size 66x15 [color=#0000EE]
                    RenderText {#text} at (0,690) size 66x15
                      text run at (0,690) width 66: "DATALINK"
                  RenderText {#text} at (66,690) size 4x15
                    text run at (66,690) width 4: " "
                  RenderBR {BR} at (70,702) size 0x0
                  RenderInline {A} at (0,0) size 127x15 [color=#0000EE]
                    RenderText {#text} at (0,705) size 127x15
                      text run at (0,705) width 127: "User-defined Types"
                  RenderText {#text} at (127,705) size 4x15
                    text run at (127,705) width 4: " "
                  RenderBR {BR} at (131,717) size 0x0
                  RenderInline {A} at (0,0) size 177x15 [color=#0000EE]
                    RenderText {#text} at (0,720) size 177x15
                      text run at (0,720) width 177: "Nullable Attribute of Result"
                  RenderText {#text} at (177,720) size 4x15
                    text run at (177,720) width 4: " "
                  RenderBR {BR} at (181,732) size 0x0
                  RenderInline {A} at (0,0) size 184x15 [color=#0000EE]
                    RenderText {#text} at (0,735) size 184x15
                      text run at (0,735) width 184: "Rules for String Conversions"
                  RenderText {#text} at (184,735) size 4x15
                    text run at (184,735) width 4: " "
                  RenderBR {BR} at (188,747) size 0x0
                  RenderInline {A} at (0,0) size 147x15 [color=#0000EE]
                    RenderText {#text} at (0,750) size 147x15
                      text run at (0,750) width 147: "Partition Compatibility"
                  RenderText {#text} at (147,750) size 4x15
                    text run at (147,750) width 4: " "
                  RenderBR {BR} at (151,762) size 0x0
                  RenderInline {A} at (0,0) size 65x15 [color=#0000EE]
                    RenderText {#text} at (0,765) size 65x15
                      text run at (0,765) width 65: "Constants"
                  RenderText {#text} at (65,765) size 4x15
                    text run at (65,765) width 4: " "
                  RenderBR {BR} at (69,777) size 0x0
                  RenderInline {A} at (0,0) size 115x15 [color=#0000EE]
                    RenderText {#text} at (0,780) size 115x15
                      text run at (0,780) width 115: "Integer Constants"
                  RenderText {#text} at (115,780) size 4x15
                    text run at (115,780) width 4: " "
                  RenderBR {BR} at (119,792) size 0x0
                  RenderInline {A} at (0,0) size 159x15 [color=#0000EE]
                    RenderText {#text} at (0,795) size 159x15
                      text run at (0,795) width 159: "Floating-Point Constants"
                  RenderText {#text} at (159,795) size 4x15
                    text run at (159,795) width 4: " "
                  RenderBR {BR} at (163,807) size 0x0
                  RenderInline {A} at (0,0) size 123x15 [color=#0000EE]
                    RenderText {#text} at (0,810) size 123x15
                      text run at (0,810) width 123: "Decimal Constants"
                  RenderText {#text} at (123,810) size 4x15
                    text run at (123,810) width 4: " "
                  RenderBR {BR} at (127,822) size 0x0
                  RenderInline {A} at (0,0) size 174x15 [color=#0000EE]
                    RenderText {#text} at (0,825) size 174x15
                      text run at (0,825) width 174: "Character String Constants"
                  RenderText {#text} at (174,825) size 4x15
                    text run at (174,825) width 4: " "
                  RenderBR {BR} at (178,837) size 0x0
                  RenderInline {A} at (0,0) size 155x15 [color=#0000EE]
                    RenderText {#text} at (0,840) size 155x15
                      text run at (0,840) width 155: "Hexadecimal Constants"
                  RenderText {#text} at (155,840) size 4x15
                    text run at (155,840) width 4: " "
                  RenderBR {BR} at (159,852) size 0x0
                  RenderInline {A} at (0,0) size 161x15 [color=#0000EE]
                    RenderText {#text} at (0,855) size 161x15
                      text run at (0,855) width 161: "Graphic String Constants"
                  RenderText {#text} at (161,855) size 4x15
                    text run at (161,855) width 4: " "
                  RenderBR {BR} at (165,867) size 0x0
                  RenderInline {A} at (0,0) size 269x15 [color=#0000EE]
                    RenderText {#text} at (0,870) size 269x15
                      text run at (0,870) width 269: "Using Constants with User-defined Types"
                  RenderText {#text} at (269,870) size 4x15
                    text run at (269,870) width 4: " "
                  RenderBR {BR} at (273,882) size 0x0
                  RenderInline {A} at (0,0) size 112x15 [color=#0000EE]
                    RenderText {#text} at (0,885) size 112x15
                      text run at (0,885) width 112: "Special Registers"
                  RenderText {#text} at (112,885) size 4x15
                    text run at (112,885) width 4: " "
                  RenderBR {BR} at (116,897) size 0x0
                  RenderInline {A} at (0,0) size 102x15 [color=#0000EE]
                    RenderText {#text} at (0,900) size 102x15
                      text run at (0,900) width 102: "CURRENT DATE"
                  RenderText {#text} at (102,900) size 4x15
                    text run at (102,900) width 4: " "
                  RenderBR {BR} at (106,912) size 0x0
                  RenderInline {A} at (0,0) size 262x15 [color=#0000EE]
                    RenderText {#text} at (0,915) size 262x15
                      text run at (0,915) width 262: "CURRENT DEFAULT TRANSFORM GROUP"
                  RenderText {#text} at (262,915) size 4x15
                    text run at (262,915) width 4: " "
                  RenderBR {BR} at (266,927) size 0x0
                  RenderInline {A} at (0,0) size 120x15 [color=#0000EE]
                    RenderText {#text} at (0,930) size 120x15
                      text run at (0,930) width 120: "CURRENT DEGREE"
                  RenderText {#text} at (120,930) size 4x15
                    text run at (120,930) width 4: " "
                  RenderBR {BR} at (124,942) size 0x0
                  RenderInline {A} at (0,0) size 165x15 [color=#0000EE]
                    RenderText {#text} at (0,945) size 165x15
                      text run at (0,945) width 165: "CURRENT EXPLAIN MODE"
                  RenderText {#text} at (165,945) size 4x15
                    text run at (165,945) width 4: " "
                  RenderBR {BR} at (169,957) size 0x0
                  RenderInline {A} at (0,0) size 197x15 [color=#0000EE]
                    RenderText {#text} at (0,960) size 197x15
                      text run at (0,960) width 197: "CURRENT EXPLAIN SNAPSHOT"
                  RenderText {#text} at (197,960) size 4x15
                    text run at (197,960) width 4: " "
                  RenderBR {BR} at (201,972) size 0x0
                  RenderInline {A} at (0,0) size 105x15 [color=#0000EE]
                    RenderText {#text} at (0,975) size 105x15
                      text run at (0,975) width 105: "CURRENT NODE"
                  RenderText {#text} at (105,975) size 4x15
                    text run at (105,975) width 4: " "
                  RenderBR {BR} at (109,987) size 0x0
                  RenderInline {A} at (0,0) size 102x15 [color=#0000EE]
                    RenderText {#text} at (0,990) size 102x15
                      text run at (0,990) width 102: "CURRENT PATH"
                  RenderText {#text} at (102,990) size 4x15
                    text run at (102,990) width 4: " "
                  RenderBR {BR} at (106,1002) size 0x0
                  RenderInline {A} at (0,0) size 211x15 [color=#0000EE]
                    RenderText {#text} at (0,1005) size 211x15
                      text run at (0,1005) width 211: "CURRENT QUERY OPTIMIZATION"
                  RenderText {#text} at (211,1005) size 4x15
                    text run at (211,1005) width 4: " "
                  RenderBR {BR} at (215,1017) size 0x0
                  RenderInline {A} at (0,0) size 157x15 [color=#0000EE]
                    RenderText {#text} at (0,1020) size 157x15
                      text run at (0,1020) width 157: "CURRENT REFRESH AGE"
                  RenderText {#text} at (157,1020) size 4x15
                    text run at (157,1020) width 4: " "
                  RenderBR {BR} at (161,1032) size 0x0
                  RenderInline {A} at (0,0) size 122x15 [color=#0000EE]
                    RenderText {#text} at (0,1035) size 122x15
                      text run at (0,1035) width 122: "CURRENT SCHEMA"
                  RenderText {#text} at (122,1035) size 4x15
                    text run at (122,1035) width 4: " "
                  RenderBR {BR} at (126,1047) size 0x0
                  RenderInline {A} at (0,0) size 118x15 [color=#0000EE]
                    RenderText {#text} at (0,1050) size 118x15
                      text run at (0,1050) width 118: "CURRENT SERVER"
                  RenderText {#text} at (118,1050) size 4x15
                    text run at (118,1050) width 4: " "
                  RenderBR {BR} at (122,1062) size 0x0
                  RenderInline {A} at (0,0) size 98x15 [color=#0000EE]
                    RenderText {#text} at (0,1065) size 98x15
                      text run at (0,1065) width 98: "CURRENT TIME"
                  RenderText {#text} at (98,1065) size 4x15
                    text run at (98,1065) width 4: " "
                  RenderBR {BR} at (102,1077) size 0x0
                  RenderInline {A} at (0,0) size 142x15 [color=#0000EE]
                    RenderText {#text} at (0,1080) size 142x15
                      text run at (0,1080) width 142: "CURRENT TIMESTAMP"
                  RenderText {#text} at (142,1080) size 4x15
                    text run at (142,1080) width 4: " "
                  RenderBR {BR} at (146,1092) size 0x0
                  RenderInline {A} at (0,0) size 135x15 [color=#0000EE]
                    RenderText {#text} at (0,1095) size 135x15
                      text run at (0,1095) width 135: "CURRENT TIMEZONE"
                  RenderText {#text} at (135,1095) size 4x15
                    text run at (135,1095) width 4: " "
                  RenderBR {BR} at (139,1107) size 0x0
                  RenderInline {A} at (0,0) size 35x15 [color=#0000EE]
                    RenderText {#text} at (0,1110) size 35x15
                      text run at (0,1110) width 35: "USER"
                  RenderText {#text} at (35,1110) size 4x15
                    text run at (35,1110) width 4: " "
                  RenderBR {BR} at (39,1122) size 0x0
                  RenderInline {A} at (0,0) size 100x15 [color=#0000EE]
                    RenderText {#text} at (0,1125) size 100x15
                      text run at (0,1125) width 100: "Column Names"
                  RenderText {#text} at (100,1125) size 4x15
                    text run at (100,1125) width 4: " "
                  RenderBR {BR} at (104,1137) size 0x0
                  RenderInline {A} at (0,0) size 163x15 [color=#0000EE]
                    RenderText {#text} at (0,1140) size 163x15
                      text run at (0,1140) width 163: "Qualified Column Names"
                  RenderText {#text} at (163,1140) size 4x15
                    text run at (163,1140) width 4: " "
                  RenderBR {BR} at (167,1152) size 0x0
                  RenderInline {A} at (0,0) size 122x15 [color=#0000EE]
                    RenderText {#text} at (0,1155) size 122x15
                      text run at (0,1155) width 122: "Correlation Names"
                  RenderText {#text} at (122,1155) size 4x15
                    text run at (122,1155) width 4: " "
                  RenderBR {BR} at (126,1167) size 0x0
                  RenderInline {A} at (0,0) size 289x15 [color=#0000EE]
                    RenderText {#text} at (0,1170) size 289x15
                      text run at (0,1170) width 289: "Column Name Qualifiers to Avoid Ambiguity"
                  RenderText {#text} at (289,1170) size 4x15
                    text run at (289,1170) width 4: " "
                  RenderBR {BR} at (293,1182) size 0x0
                  RenderInline {A} at (0,0) size 325x15 [color=#0000EE]
                    RenderText {#text} at (0,1185) size 325x15
                      text run at (0,1185) width 325: "Column Name Qualifiers in Correlated References"
                  RenderText {#text} at (325,1185) size 4x15
                    text run at (325,1185) width 4: " "
                  RenderBR {BR} at (329,1197) size 0x0
                  RenderInline {A} at (0,0) size 189x15 [color=#0000EE]
                    RenderText {#text} at (0,1200) size 189x15
                      text run at (0,1200) width 189: "References to Host Variables"
                  RenderText {#text} at (189,1200) size 4x15
                    text run at (189,1200) width 4: " "
                  RenderBR {BR} at (193,1212) size 0x0
                  RenderInline {A} at (0,0) size 202x15 [color=#0000EE]
                    RenderText {#text} at (0,1215) size 202x15
                      text run at (0,1215) width 202: "Host Variables in Dynamic SQL"
                  RenderText {#text} at (202,1215) size 4x15
                    text run at (202,1215) width 4: " "
                  RenderBR {BR} at (206,1227) size 0x0
                  RenderInline {A} at (0,0) size 361x15 [color=#0000EE]
                    RenderText {#text} at (0,1230) size 361x15
                      text run at (0,1230) width 361: "References to BLOB, CLOB, and DBCLOB Host Variables"
                  RenderText {#text} at (361,1230) size 4x15
                    text run at (361,1230) width 4: " "
                  RenderBR {BR} at (365,1242) size 0x0
                  RenderInline {A} at (0,0) size 207x15 [color=#0000EE]
                    RenderText {#text} at (0,1245) size 207x15
                      text run at (0,1245) width 207: "References to Locator Variables"
                  RenderText {#text} at (207,1245) size 4x15
                    text run at (207,1245) width 4: " "
                  RenderBR {BR} at (211,1257) size 0x0
                  RenderInline {A} at (0,0) size 424x15 [color=#0000EE]
                    RenderText {#text} at (0,1260) size 424x15
                      text run at (0,1260) width 424: "References to BLOB, CLOB, and DBCLOB File Reference Variables"
                  RenderText {#text} at (424,1260) size 4x15
                    text run at (424,1260) width 4: " "
                  RenderBR {BR} at (428,1272) size 0x0
                  RenderInline {A} at (0,0) size 296x15 [color=#0000EE]
                    RenderText {#text} at (0,1275) size 296x15
                      text run at (0,1275) width 296: "References to Structured Type Host Variables"
                  RenderText {#text} at (296,1275) size 4x15
                    text run at (296,1275) width 4: " "
                  RenderBR {BR} at (300,1287) size 0x0
                  RenderInline {A} at (0,0) size 62x15 [color=#0000EE]
                    RenderText {#text} at (0,1290) size 62x15
                      text run at (0,1290) width 62: "Functions"
                  RenderText {#text} at (62,1290) size 4x15
                    text run at (62,1290) width 4: " "
                  RenderBR {BR} at (66,1302) size 0x0
                  RenderInline {A} at (0,0) size 327x15 [color=#0000EE]
                    RenderText {#text} at (0,1305) size 327x15
                      text run at (0,1305) width 327: "External, SQL and Sourced User-Defined Functions"
                  RenderText {#text} at (327,1305) size 4x15
                    text run at (327,1305) width 4: " "
                  RenderBR {BR} at (331,1317) size 0x0
                  RenderInline {A} at (0,0) size 358x15 [color=#0000EE]
                    RenderText {#text} at (0,1320) size 358x15
                      text run at (0,1320) width 358: "Scalar, Column, Row and Table User-Defined Functions"
                  RenderText {#text} at (358,1320) size 4x15
                    text run at (358,1320) width 4: " "
                  RenderBR {BR} at (362,1332) size 0x0
                  RenderInline {A} at (0,0) size 127x15 [color=#0000EE]
                    RenderText {#text} at (0,1335) size 127x15
                      text run at (0,1335) width 127: "Function signatures"
                  RenderText {#text} at (127,1335) size 4x15
                    text run at (127,1335) width 4: " "
                  RenderBR {BR} at (131,1347) size 0x0
                  RenderInline {A} at (0,0) size 58x15 [color=#0000EE]
                    RenderText {#text} at (0,1350) size 58x15
                      text run at (0,1350) width 58: "SQL Path"
                  RenderText {#text} at (58,1350) size 4x15
                    text run at (58,1350) width 4: " "
                  RenderBR {BR} at (62,1362) size 0x0
                  RenderInline {A} at (0,0) size 128x15 [color=#0000EE]
                    RenderText {#text} at (0,1365) size 128x15
                      text run at (0,1365) width 128: "Function Resolution"
                  RenderText {#text} at (128,1365) size 4x15
                    text run at (128,1365) width 4: " "
                  RenderBR {BR} at (132,1377) size 0x0
                  RenderInline {A} at (0,0) size 127x15 [color=#0000EE]
                    RenderText {#text} at (0,1380) size 127x15
                      text run at (0,1380) width 127: "Function Invocation"
                  RenderText {#text} at (127,1380) size 4x15
                    text run at (127,1380) width 4: " "
                  RenderBR {BR} at (131,1392) size 0x0
                  RenderInline {A} at (0,0) size 55x15 [color=#0000EE]
                    RenderText {#text} at (0,1395) size 55x15
                      text run at (0,1395) width 55: "Methods"
                  RenderText {#text} at (55,1395) size 4x15
                    text run at (55,1395) width 4: " "
                  RenderBR {BR} at (59,1407) size 0x0
                  RenderInline {A} at (0,0) size 260x15 [color=#0000EE]
                    RenderText {#text} at (0,1410) size 260x15
                      text run at (0,1410) width 260: "External and SQL User-Defined Methods"
                  RenderText {#text} at (260,1410) size 4x15
                    text run at (260,1410) width 4: " "
                  RenderBR {BR} at (264,1422) size 0x0
                  RenderInline {A} at (0,0) size 121x15 [color=#0000EE]
                    RenderText {#text} at (0,1425) size 121x15
                      text run at (0,1425) width 121: "Method Signatures"
                  RenderText {#text} at (121,1425) size 4x15
                    text run at (121,1425) width 4: " "
                  RenderBR {BR} at (125,1437) size 0x0
                  RenderInline {A} at (0,0) size 120x15 [color=#0000EE]
                    RenderText {#text} at (0,1440) size 120x15
                      text run at (0,1440) width 120: "Method Invocation"
                  RenderText {#text} at (120,1440) size 4x15
                    text run at (120,1440) width 4: " "
                  RenderBR {BR} at (124,1452) size 0x0
                  RenderInline {A} at (0,0) size 121x15 [color=#0000EE]
                    RenderText {#text} at (0,1455) size 121x15
                      text run at (0,1455) width 121: "Method Resolution"
                  RenderText {#text} at (121,1455) size 4x15
                    text run at (121,1455) width 4: " "
                  RenderBR {BR} at (125,1467) size 0x0
                  RenderInline {A} at (0,0) size 207x15 [color=#0000EE]
                    RenderText {#text} at (0,1470) size 207x15
                      text run at (0,1470) width 207: "Method of Choosing the Best Fit"
                  RenderText {#text} at (207,1470) size 4x15
                    text run at (207,1470) width 4: " "
                  RenderBR {BR} at (211,1482) size 0x0
                  RenderInline {A} at (0,0) size 199x15 [color=#0000EE]
                    RenderText {#text} at (0,1485) size 199x15
                      text run at (0,1485) width 199: "Example of Method Resolution"
                  RenderText {#text} at (199,1485) size 4x15
                    text run at (199,1485) width 4: " "
                  RenderBR {BR} at (203,1497) size 0x0
                  RenderInline {A} at (0,0) size 120x15 [color=#0000EE]
                    RenderText {#text} at (0,1500) size 120x15
                      text run at (0,1500) width 120: "Method Invocation"
                  RenderText {#text} at (120,1500) size 4x15
                    text run at (120,1500) width 4: " "
                  RenderBR {BR} at (124,1512) size 0x0
                  RenderInline {A} at (0,0) size 211x15 [color=#0000EE]
                    RenderText {#text} at (0,1515) size 211x15
                      text run at (0,1515) width 211: "Conservative Binding Semantics"
                  RenderText {#text} at (211,1515) size 4x15
                    text run at (211,1515) width 4: " "
                  RenderBR {BR} at (215,1527) size 0x0
                  RenderInline {A} at (0,0) size 78x15 [color=#0000EE]
                    RenderText {#text} at (0,1530) size 78x15
                      text run at (0,1530) width 78: "Expressions"
                  RenderText {#text} at (78,1530) size 4x15
                    text run at (78,1530) width 4: " "
                  RenderBR {BR} at (82,1542) size 0x0
                  RenderInline {A} at (0,0) size 119x15 [color=#0000EE]
                    RenderText {#text} at (0,1545) size 119x15
                      text run at (0,1545) width 119: "Without Operators"
                  RenderText {#text} at (119,1545) size 4x15
                    text run at (119,1545) width 4: " "
                  RenderBR {BR} at (123,1557) size 0x0
                  RenderInline {A} at (0,0) size 214x15 [color=#0000EE]
                    RenderText {#text} at (0,1560) size 214x15
                      text run at (0,1560) width 214: "With the Concatenation Operator"
                  RenderText {#text} at (214,1560) size 4x15
                    text run at (214,1560) width 4: " "
                  RenderBR {BR} at (218,1572) size 0x0
                  RenderInline {A} at (0,0) size 170x15 [color=#0000EE]
                    RenderText {#text} at (0,1575) size 170x15
                      text run at (0,1575) width 170: "With Arithmetic Operators"
                  RenderText {#text} at (170,1575) size 4x15
                    text run at (170,1575) width 4: " "
                  RenderBR {BR} at (174,1587) size 0x0
                  RenderInline {A} at (0,0) size 143x15 [color=#0000EE]
                    RenderText {#text} at (0,1590) size 143x15
                      text run at (0,1590) width 143: "Two Integer Operands"
                  RenderText {#text} at (143,1590) size 4x15
                    text run at (143,1590) width 4: " "
                  RenderBR {BR} at (147,1602) size 0x0
                  RenderInline {A} at (0,0) size 198x15 [color=#0000EE]
                    RenderText {#text} at (0,1605) size 198x15
                      text run at (0,1605) width 198: "Integer and Decimal Operands"
                  RenderText {#text} at (198,1605) size 4x15
                    text run at (198,1605) width 4: " "
                  RenderBR {BR} at (202,1617) size 0x0
                  RenderInline {A} at (0,0) size 151x15 [color=#0000EE]
                    RenderText {#text} at (0,1620) size 151x15
                      text run at (0,1620) width 151: "Two Decimal Operands"
                  RenderText {#text} at (151,1620) size 4x15
                    text run at (151,1620) width 4: " "
                  RenderBR {BR} at (155,1632) size 0x0
                  RenderInline {A} at (0,0) size 171x15 [color=#0000EE]
                    RenderText {#text} at (0,1635) size 171x15
                      text run at (0,1635) width 171: "Decimal Arithmetic in SQL"
                  RenderText {#text} at (171,1635) size 4x15
                    text run at (171,1635) width 4: " "
                  RenderBR {BR} at (175,1647) size 0x0
                  RenderInline {A} at (0,0) size 156x15 [color=#0000EE]
                    RenderText {#text} at (0,1650) size 156x15
                      text run at (0,1650) width 156: "Floating-Point Operands"
                  RenderText {#text} at (156,1650) size 4x15
                    text run at (156,1650) width 4: " "
                  RenderBR {BR} at (160,1662) size 0x0
                  RenderInline {A} at (0,0) size 212x15 [color=#0000EE]
                    RenderText {#text} at (0,1665) size 212x15
                      text run at (0,1665) width 212: "User-defined Types as Operands"
                  RenderText {#text} at (212,1665) size 4x15
                    text run at (212,1665) width 4: " "
                  RenderBR {BR} at (216,1677) size 0x0
                  RenderInline {A} at (0,0) size 106x15 [color=#0000EE]
                    RenderText {#text} at (0,1680) size 106x15
                      text run at (0,1680) width 106: "Scalar Fullselect"
                  RenderText {#text} at (106,1680) size 4x15
                    text run at (106,1680) width 4: " "
                  RenderBR {BR} at (110,1692) size 0x0
                  RenderInline {A} at (0,0) size 231x15 [color=#0000EE]
                    RenderText {#text} at (0,1695) size 231x15
                      text run at (0,1695) width 231: "Datetime Operations and Durations"
                  RenderText {#text} at (231,1695) size 4x15
                    text run at (231,1695) width 4: " "
                  RenderBR {BR} at (235,1707) size 0x0
                  RenderInline {A} at (0,0) size 178x15 [color=#0000EE]
                    RenderText {#text} at (0,1710) size 178x15
                      text run at (0,1710) width 178: "Datetime Arithmetic in SQL"
                  RenderText {#text} at (178,1710) size 4x15
                    text run at (178,1710) width 4: " "
                  RenderBR {BR} at (182,1722) size 0x0
                  RenderInline {A} at (0,0) size 167x15 [color=#0000EE]
                    RenderText {#text} at (0,1725) size 167x15
                      text run at (0,1725) width 167: "Precedence of Operations"
                  RenderText {#text} at (167,1725) size 4x15
                    text run at (167,1725) width 4: " "
                  RenderBR {BR} at (171,1737) size 0x0
                  RenderInline {A} at (0,0) size 116x15 [color=#0000EE]
                    RenderText {#text} at (0,1740) size 116x15
                      text run at (0,1740) width 116: "CASE Expressions"
                  RenderText {#text} at (116,1740) size 4x15
                    text run at (116,1740) width 4: " "
                  RenderBR {BR} at (120,1752) size 0x0
                  RenderInline {A} at (0,0) size 129x15 [color=#0000EE]
                    RenderText {#text} at (0,1755) size 129x15
                      text run at (0,1755) width 129: "CAST Specifications"
                  RenderText {#text} at (129,1755) size 4x15
                    text run at (129,1755) width 4: " "
                  RenderBR {BR} at (133,1767) size 0x0
                  RenderInline {A} at (0,0) size 155x15 [color=#0000EE]
                    RenderText {#text} at (0,1770) size 155x15
                      text run at (0,1770) width 155: "Dereference Operations"
                  RenderText {#text} at (155,1770) size 4x15
                    text run at (155,1770) width 4: " "
                  RenderBR {BR} at (159,1782) size 0x0
                  RenderInline {A} at (0,0) size 100x15 [color=#0000EE]
                    RenderText {#text} at (0,1785) size 100x15
                      text run at (0,1785) width 100: "OLAP Functions"
                  RenderText {#text} at (100,1785) size 4x15
                    text run at (100,1785) width 4: " "
                  RenderBR {BR} at (104,1797) size 0x0
                  RenderInline {A} at (0,0) size 120x15 [color=#0000EE]
                    RenderText {#text} at (0,1800) size 120x15
                      text run at (0,1800) width 120: "Method Invocation"
                  RenderText {#text} at (120,1800) size 4x15
                    text run at (120,1800) width 4: " "
                  RenderBR {BR} at (124,1812) size 0x0
                  RenderInline {A} at (0,0) size 125x15 [color=#0000EE]
                    RenderText {#text} at (0,1815) size 125x15
                      text run at (0,1815) width 125: "Subtype Treatment"
                  RenderText {#text} at (125,1815) size 4x15
                    text run at (125,1815) width 4: " "
                  RenderBR {BR} at (129,1827) size 0x0
                  RenderInline {A} at (0,0) size 68x15 [color=#0000EE]
                    RenderText {#text} at (0,1830) size 68x15
                      text run at (0,1830) width 68: "Predicates"
                  RenderText {#text} at (68,1830) size 4x15
                    text run at (68,1830) width 4: " "
                  RenderBR {BR} at (72,1842) size 0x0
                  RenderInline {A} at (0,0) size 100x15 [color=#0000EE]
                    RenderText {#text} at (0,1845) size 100x15
                      text run at (0,1845) width 100: "Basic Predicate"
                  RenderText {#text} at (100,1845) size 4x15
                    text run at (100,1845) width 4: " "
                  RenderBR {BR} at (104,1857) size 0x0
                  RenderInline {A} at (0,0) size 133x15 [color=#0000EE]
                    RenderText {#text} at (0,1860) size 133x15
                      text run at (0,1860) width 133: "Quantified Predicate"
                  RenderText {#text} at (133,1860) size 4x15
                    text run at (133,1860) width 4: " "
                  RenderBR {BR} at (137,1872) size 0x0
                  RenderInline {A} at (0,0) size 129x15 [color=#0000EE]
                    RenderText {#text} at (0,1875) size 129x15
                      text run at (0,1875) width 129: "BETWEEN Predicate"
                  RenderText {#text} at (129,1875) size 4x15
                    text run at (129,1875) width 4: " "
                  RenderBR {BR} at (133,1887) size 0x0
                  RenderInline {A} at (0,0) size 110x15 [color=#0000EE]
                    RenderText {#text} at (0,1890) size 110x15
                      text run at (0,1890) width 110: "EXISTS Predicate"
                  RenderText {#text} at (110,1890) size 4x15
                    text run at (110,1890) width 4: " "
                  RenderBR {BR} at (114,1902) size 0x0
                  RenderInline {A} at (0,0) size 79x15 [color=#0000EE]
                    RenderText {#text} at (0,1905) size 79x15
                      text run at (0,1905) width 79: "IN Predicate"
                  RenderText {#text} at (79,1905) size 4x15
                    text run at (79,1905) width 4: " "
                  RenderBR {BR} at (83,1917) size 0x0
                  RenderInline {A} at (0,0) size 93x15 [color=#0000EE]
                    RenderText {#text} at (0,1920) size 93x15
                      text run at (0,1920) width 93: "LIKE Predicate"
                  RenderText {#text} at (93,1920) size 4x15
                    text run at (93,1920) width 4: " "
                  RenderBR {BR} at (97,1932) size 0x0
                  RenderInline {A} at (0,0) size 99x15 [color=#0000EE]
                    RenderText {#text} at (0,1935) size 99x15
                      text run at (0,1935) width 99: "NULL Predicate"
                  RenderText {#text} at (99,1935) size 4x15
                    text run at (99,1935) width 4: " "
                  RenderBR {BR} at (103,1947) size 0x0
                  RenderInline {A} at (0,0) size 97x15 [color=#0000EE]
                    RenderText {#text} at (0,1950) size 97x15
                      text run at (0,1950) width 97: "TYPE Predicate"
                  RenderText {#text} at (97,1950) size 4x15
                    text run at (97,1950) width 4: " "
                  RenderBR {BR} at (101,1962) size 0x0
                  RenderInline {A} at (0,0) size 117x15 [color=#0000EE]
                    RenderText {#text} at (0,1965) size 117x15
                      text run at (0,1965) width 117: "Search Conditions"
                  RenderText {#text} at (117,1965) size 4x15
                    text run at (117,1965) width 4: " "
                  RenderBR {BR} at (121,1977) size 0x0
                  RenderInline {A} at (0,0) size 64x15 [color=#0000EE]
                    RenderText {#text} at (0,1980) size 64x15
                      text run at (0,1980) width 64: "Examples"
                  RenderText {#text} at (0,0) size 0x0
                RenderBlock {P} at (0,3298) size 812x1935
                  RenderInline {B} at (0,0) size 71x15
                    RenderInline {A} at (0,0) size 71x15 [color=#0000EE]
                      RenderText {#text} at (0,0) size 71x15
                        text run at (0,0) width 71: "Functions"
                  RenderBR {BR} at (71,12) size 0x0
                  RenderBR {BR} at (0,15) size 0x15
                  RenderInline {A} at (0,0) size 116x15 [color=#0000EE]
                    RenderText {#text} at (0,30) size 116x15
                      text run at (0,30) width 116: "Column Functions"
                  RenderText {#text} at (116,30) size 4x15
                    text run at (116,30) width 4: " "
                  RenderBR {BR} at (120,42) size 0x0
                  RenderInline {A} at (0,0) size 28x15 [color=#0000EE]
                    RenderText {#text} at (0,45) size 28x15
                      text run at (0,45) width 28: "AVG"
                  RenderText {#text} at (28,45) size 4x15
                    text run at (28,45) width 4: " "
                  RenderBR {BR} at (32,57) size 0x0
                  RenderInline {A} at (0,0) size 93x15 [color=#0000EE]
                    RenderText {#text} at (0,60) size 93x15
                      text run at (0,60) width 93: "CORRELATION"
                  RenderText {#text} at (93,60) size 4x15
                    text run at (93,60) width 4: " "
                  RenderBR {BR} at (97,72) size 0x0
                  RenderInline {A} at (0,0) size 47x15 [color=#0000EE]
                    RenderText {#text} at (0,75) size 47x15
                      text run at (0,75) width 47: "COUNT"
                  RenderText {#text} at (47,75) size 4x15
                    text run at (47,75) width 4: " "
                  RenderBR {BR} at (51,87) size 0x0
                  RenderInline {A} at (0,0) size 77x15 [color=#0000EE]
                    RenderText {#text} at (0,90) size 77x15
                      text run at (0,90) width 77: "COUNT_BIG"
                  RenderText {#text} at (77,90) size 4x15
                    text run at (77,90) width 4: " "
                  RenderBR {BR} at (81,102) size 0x0
                  RenderInline {A} at (0,0) size 86x15 [color=#0000EE]
                    RenderText {#text} at (0,105) size 86x15
                      text run at (0,105) width 86: "COVARIANCE"
                  RenderText {#text} at (86,105) size 4x15
                    text run at (86,105) width 4: " "
                  RenderBR {BR} at (90,117) size 0x0
                  RenderInline {A} at (0,0) size 71x15 [color=#0000EE]
                    RenderText {#text} at (0,120) size 71x15
                      text run at (0,120) width 71: "GROUPING"
                  RenderText {#text} at (71,120) size 4x15
                    text run at (71,120) width 4: " "
                  RenderBR {BR} at (75,132) size 0x0
                  RenderInline {A} at (0,0) size 29x15 [color=#0000EE]
                    RenderText {#text} at (0,135) size 29x15
                      text run at (0,135) width 29: "MAX"
                  RenderText {#text} at (29,135) size 4x15
                    text run at (29,135) width 4: " "
                  RenderBR {BR} at (33,147) size 0x0
                  RenderInline {A} at (0,0) size 25x15 [color=#0000EE]
                    RenderText {#text} at (0,150) size 25x15
                      text run at (0,150) width 25: "MIN"
                  RenderText {#text} at (25,150) size 4x15
                    text run at (25,150) width 4: " "
                  RenderBR {BR} at (29,162) size 0x0
                  RenderInline {A} at (0,0) size 150x15 [color=#0000EE]
                    RenderText {#text} at (0,165) size 150x15
                      text run at (0,165) width 150: "REGRESSION Functions"
                  RenderText {#text} at (150,165) size 4x15
                    text run at (150,165) width 4: " "
                  RenderBR {BR} at (154,177) size 0x0
                  RenderInline {A} at (0,0) size 53x15 [color=#0000EE]
                    RenderText {#text} at (0,180) size 53x15
                      text run at (0,180) width 53: "STDDEV"
                  RenderText {#text} at (53,180) size 4x15
                    text run at (53,180) width 4: " "
                  RenderBR {BR} at (57,192) size 0x0
                  RenderInline {A} at (0,0) size 29x15 [color=#0000EE]
                    RenderText {#text} at (0,195) size 29x15
                      text run at (0,195) width 29: "SUM"
                  RenderText {#text} at (29,195) size 4x15
                    text run at (29,195) width 4: " "
                  RenderBR {BR} at (33,207) size 0x0
                  RenderInline {A} at (0,0) size 67x15 [color=#0000EE]
                    RenderText {#text} at (0,210) size 67x15
                      text run at (0,210) width 67: "VARIANCE"
                  RenderText {#text} at (67,210) size 4x15
                    text run at (67,210) width 4: " "
                  RenderBR {BR} at (71,222) size 0x0
                  RenderInline {A} at (0,0) size 106x15 [color=#0000EE]
                    RenderText {#text} at (0,225) size 106x15
                      text run at (0,225) width 106: "Scalar Functions"
                  RenderText {#text} at (106,225) size 4x15
                    text run at (106,225) width 4: " "
                  RenderBR {BR} at (110,237) size 0x0
                  RenderInline {A} at (0,0) size 98x15 [color=#0000EE]
                    RenderText {#text} at (0,240) size 98x15
                      text run at (0,240) width 98: "ABS or ABSVAL"
                  RenderText {#text} at (98,240) size 4x15
                    text run at (98,240) width 4: " "
                  RenderBR {BR} at (102,252) size 0x0
                  RenderInline {A} at (0,0) size 36x15 [color=#0000EE]
                    RenderText {#text} at (0,255) size 36x15
                      text run at (0,255) width 36: "ACOS"
                  RenderText {#text} at (36,255) size 4x15
                    text run at (36,255) width 4: " "
                  RenderBR {BR} at (40,267) size 0x0
                  RenderInline {A} at (0,0) size 34x15 [color=#0000EE]
                    RenderText {#text} at (0,270) size 34x15
                      text run at (0,270) width 34: "ASCII"
                  RenderText {#text} at (34,270) size 4x15
                    text run at (34,270) width 4: " "
                  RenderBR {BR} at (38,282) size 0x0
                  RenderInline {A} at (0,0) size 31x15 [color=#0000EE]
                    RenderText {#text} at (0,285) size 31x15
                      text run at (0,285) width 31: "ASIN"
                  RenderText {#text} at (31,285) size 4x15
                    text run at (31,285) width 4: " "
                  RenderBR {BR} at (35,297) size 0x0
                  RenderInline {A} at (0,0) size 36x15 [color=#0000EE]
                    RenderText {#text} at (0,300) size 36x15
                      text run at (0,300) width 36: "ATAN"
                  RenderText {#text} at (36,300) size 4x15
                    text run at (36,300) width 4: " "
                  RenderBR {BR} at (40,312) size 0x0
                  RenderInline {A} at (0,0) size 44x15 [color=#0000EE]
                    RenderText {#text} at (0,315) size 44x15
                      text run at (0,315) width 44: "ATAN2"
                  RenderText {#text} at (44,315) size 4x15
                    text run at (44,315) width 4: " "
                  RenderBR {BR} at (48,327) size 0x0
                  RenderInline {A} at (0,0) size 45x15 [color=#0000EE]
                    RenderText {#text} at (0,330) size 45x15
                      text run at (0,330) width 45: "BIGINT"
                  RenderText {#text} at (45,330) size 4x15
                    text run at (45,330) width 4: " "
                  RenderBR {BR} at (49,342) size 0x0
                  RenderInline {A} at (0,0) size 35x15 [color=#0000EE]
                    RenderText {#text} at (0,345) size 35x15
                      text run at (0,345) width 35: "BLOB"
                  RenderText {#text} at (35,345) size 4x15
                    text run at (35,345) width 4: " "
                  RenderBR {BR} at (39,357) size 0x0
                  RenderInline {A} at (0,0) size 101x15 [color=#0000EE]
                    RenderText {#text} at (0,360) size 101x15
                      text run at (0,360) width 101: "CEILING or CEIL"
                  RenderText {#text} at (101,360) size 4x15
                    text run at (101,360) width 4: " "
                  RenderBR {BR} at (105,372) size 0x0
                  RenderInline {A} at (0,0) size 37x15 [color=#0000EE]
                    RenderText {#text} at (0,375) size 37x15
                      text run at (0,375) width 37: "CHAR"
                  RenderText {#text} at (37,375) size 4x15
                    text run at (37,375) width 4: " "
                  RenderBR {BR} at (41,387) size 0x0
                  RenderInline {A} at (0,0) size 28x15 [color=#0000EE]
                    RenderText {#text} at (0,390) size 28x15
                      text run at (0,390) width 28: "CHR"
                  RenderText {#text} at (28,390) size 4x15
                    text run at (28,390) width 4: " "
                  RenderBR {BR} at (32,402) size 0x0
                  RenderInline {A} at (0,0) size 35x15 [color=#0000EE]
                    RenderText {#text} at (0,405) size 35x15
                      text run at (0,405) width 35: "CLOB"
                  RenderText {#text} at (35,405) size 4x15
                    text run at (35,405) width 4: " "
                  RenderBR {BR} at (39,417) size 0x0
                  RenderInline {A} at (0,0) size 68x15 [color=#0000EE]
                    RenderText {#text} at (0,420) size 68x15
                      text run at (0,420) width 68: "COALESCE"
                  RenderText {#text} at (68,420) size 4x15
                    text run at (68,420) width 4: " "
                  RenderBR {BR} at (72,432) size 0x0
                  RenderInline {A} at (0,0) size 55x15 [color=#0000EE]
                    RenderText {#text} at (0,435) size 55x15
                      text run at (0,435) width 55: "CONCAT"
                  RenderText {#text} at (55,435) size 4x15
                    text run at (55,435) width 4: " "
                  RenderBR {BR} at (59,447) size 0x0
                  RenderInline {A} at (0,0) size 27x15 [color=#0000EE]
                    RenderText {#text} at (0,450) size 27x15
                      text run at (0,450) width 27: "COS"
                  RenderText {#text} at (27,450) size 4x15
                    text run at (27,450) width 4: " "
                  RenderBR {BR} at (31,462) size 0x0
                  RenderInline {A} at (0,0) size 27x15 [color=#0000EE]
                    RenderText {#text} at (0,465) size 27x15
                      text run at (0,465) width 27: "COT"
                  RenderText {#text} at (27,465) size 4x15
                    text run at (27,465) width 4: " "
                  RenderBR {BR} at (31,477) size 0x0
                  RenderInline {A} at (0,0) size 35x15 [color=#0000EE]
                    RenderText {#text} at (0,480) size 35x15
                      text run at (0,480) width 35: "DATE"
                  RenderText {#text} at (35,480) size 4x15
                    text run at (35,480) width 4: " "
                  RenderBR {BR} at (39,492) size 0x0
                  RenderInline {A} at (0,0) size 27x15 [color=#0000EE]
                    RenderText {#text} at (0,495) size 27x15
                      text run at (0,495) width 27: "DAY"
                  RenderText {#text} at (27,495) size 4x15
                    text run at (27,495) width 4: " "
                  RenderBR {BR} at (31,507) size 0x0
                  RenderInline {A} at (0,0) size 65x15 [color=#0000EE]
                    RenderText {#text} at (0,510) size 65x15
                      text run at (0,510) width 65: "DAYNAME"
                  RenderText {#text} at (65,510) size 4x15
                    text run at (65,510) width 4: " "
                  RenderBR {BR} at (69,522) size 0x0
                  RenderInline {A} at (0,0) size 82x15 [color=#0000EE]
                    RenderText {#text} at (0,525) size 82x15
                      text run at (0,525) width 82: "DAYOFWEEK"
                  RenderText {#text} at (82,525) size 4x15
                    text run at (82,525) width 4: " "
                  RenderBR {BR} at (86,537) size 0x0
                  RenderInline {A} at (0,0) size 111x15 [color=#0000EE]
                    RenderText {#text} at (0,540) size 111x15
                      text run at (0,540) width 111: "DAYOFWEEK_ISO"
                  RenderText {#text} at (111,540) size 4x15
                    text run at (111,540) width 4: " "
                  RenderBR {BR} at (115,552) size 0x0
                  RenderInline {A} at (0,0) size 78x15 [color=#0000EE]
                    RenderText {#text} at (0,555) size 78x15
                      text run at (0,555) width 78: "DAYOFYEAR"
                  RenderText {#text} at (78,555) size 4x15
                    text run at (78,555) width 4: " "
                  RenderBR {BR} at (82,567) size 0x0
                  RenderInline {A} at (0,0) size 35x15 [color=#0000EE]
                    RenderText {#text} at (0,570) size 35x15
                      text run at (0,570) width 35: "DAYS"
                  RenderText {#text} at (35,570) size 4x15
                    text run at (35,570) width 4: " "
                  RenderBR {BR} at (39,582) size 0x0
                  RenderInline {A} at (0,0) size 54x15 [color=#0000EE]
                    RenderText {#text} at (0,585) size 54x15
                      text run at (0,585) width 54: "DBCLOB"
                  RenderText {#text} at (54,585) size 4x15
                    text run at (54,585) width 4: " "
                  RenderBR {BR} at (58,597) size 0x0
                  RenderInline {A} at (0,0) size 58x15 [color=#0000EE]
                    RenderText {#text} at (0,600) size 58x15
                      text run at (0,600) width 58: "DECIMAL"
                  RenderText {#text} at (58,600) size 4x15
                    text run at (58,600) width 4: " "
                  RenderBR {BR} at (62,612) size 0x0
                  RenderInline {A} at (0,0) size 61x15 [color=#0000EE]
                    RenderText {#text} at (0,615) size 61x15
                      text run at (0,615) width 61: "DEGREES"
                  RenderText {#text} at (61,615) size 4x15
                    text run at (61,615) width 4: " "
                  RenderBR {BR} at (65,627) size 0x0
                  RenderInline {A} at (0,0) size 42x15 [color=#0000EE]
                    RenderText {#text} at (0,630) size 42x15
                      text run at (0,630) width 42: "DEREF"
                  RenderText {#text} at (42,630) size 4x15
                    text run at (42,630) width 4: " "
                  RenderBR {BR} at (46,642) size 0x0
                  RenderInline {A} at (0,0) size 80x15 [color=#0000EE]
                    RenderText {#text} at (0,645) size 80x15
                      text run at (0,645) width 80: "DIFFERENCE"
                  RenderText {#text} at (80,645) size 4x15
                    text run at (80,645) width 4: " "
                  RenderBR {BR} at (84,657) size 0x0
                  RenderInline {A} at (0,0) size 44x15 [color=#0000EE]
                    RenderText {#text} at (0,660) size 44x15
                      text run at (0,660) width 44: "DIGITS"
                  RenderText {#text} at (44,660) size 4x15
                    text run at (44,660) width 4: " "
                  RenderBR {BR} at (48,672) size 0x0
                  RenderInline {A} at (0,0) size 84x15 [color=#0000EE]
                    RenderText {#text} at (0,675) size 84x15
                      text run at (0,675) width 84: "DLCOMMENT"
                  RenderText {#text} at (84,675) size 4x15
                    text run at (84,675) width 4: " "
                  RenderBR {BR} at (88,687) size 0x0
                  RenderInline {A} at (0,0) size 79x15 [color=#0000EE]
                    RenderText {#text} at (0,690) size 79x15
                      text run at (0,690) width 79: "DLLINKTYPE"
                  RenderText {#text} at (79,690) size 4x15
                    text run at (79,690) width 4: " "
                  RenderBR {BR} at (83,702) size 0x0
                  RenderInline {A} at (0,0) size 112x15 [color=#0000EE]
                    RenderText {#text} at (0,705) size 112x15
                      text run at (0,705) width 112: "DLURLCOMPLETE"
                  RenderText {#text} at (112,705) size 4x15
                    text run at (112,705) width 4: " "
                  RenderBR {BR} at (116,717) size 0x0
                  RenderInline {A} at (0,0) size 78x15 [color=#0000EE]
                    RenderText {#text} at (0,720) size 78x15
                      text run at (0,720) width 78: "DLURLPATH"
                  RenderText {#text} at (78,720) size 4x15
                    text run at (78,720) width 4: " "
                  RenderBR {BR} at (82,732) size 0x0
                  RenderInline {A} at (0,0) size 113x15 [color=#0000EE]
                    RenderText {#text} at (0,735) size 113x15
                      text run at (0,735) width 113: "DLURLPATHONLY"
                  RenderText {#text} at (113,735) size 4x15
                    text run at (113,735) width 4: " "
                  RenderBR {BR} at (117,747) size 0x0
                  RenderInline {A} at (0,0) size 97x15 [color=#0000EE]
                    RenderText {#text} at (0,750) size 97x15
                      text run at (0,750) width 97: "DLURLSCHEME"
                  RenderText {#text} at (97,750) size 4x15
                    text run at (97,750) width 4: " "
                  RenderBR {BR} at (101,762) size 0x0
                  RenderInline {A} at (0,0) size 94x15 [color=#0000EE]
                    RenderText {#text} at (0,765) size 94x15
                      text run at (0,765) width 94: "DLURLSERVER"
                  RenderText {#text} at (94,765) size 4x15
                    text run at (94,765) width 4: " "
                  RenderBR {BR} at (98,777) size 0x0
                  RenderInline {A} at (0,0) size 60x15 [color=#0000EE]
                    RenderText {#text} at (0,780) size 60x15
                      text run at (0,780) width 60: "DLVALUE"
                  RenderText {#text} at (60,780) size 4x15
                    text run at (60,780) width 4: " "
                  RenderBR {BR} at (64,792) size 0x0
                  RenderInline {A} at (0,0) size 54x15 [color=#0000EE]
                    RenderText {#text} at (0,795) size 54x15
                      text run at (0,795) width 54: "DOUBLE"
                  RenderText {#text} at (54,795) size 4x15
                    text run at (54,795) width 4: " "
                  RenderBR {BR} at (58,807) size 0x0
                  RenderInline {A} at (0,0) size 129x15 [color=#0000EE]
                    RenderText {#text} at (0,810) size 129x15
                      text run at (0,810) width 129: "EVENT_MON_STATE"
                  RenderText {#text} at (129,810) size 4x15
                    text run at (129,810) width 4: " "
                  RenderBR {BR} at (133,822) size 0x0
                  RenderInline {A} at (0,0) size 25x15 [color=#0000EE]
                    RenderText {#text} at (0,825) size 25x15
                      text run at (0,825) width 25: "EXP"
                  RenderText {#text} at (25,825) size 4x15
                    text run at (25,825) width 4: " "
                  RenderBR {BR} at (29,837) size 0x0
                  RenderInline {A} at (0,0) size 41x15 [color=#0000EE]
                    RenderText {#text} at (0,840) size 41x15
                      text run at (0,840) width 41: "FLOAT"
                  RenderText {#text} at (41,840) size 4x15
                    text run at (41,840) width 4: " "
                  RenderBR {BR} at (45,852) size 0x0
                  RenderInline {A} at (0,0) size 43x15 [color=#0000EE]
                    RenderText {#text} at (0,855) size 43x15
                      text run at (0,855) width 43: "FLOOR"
                  RenderText {#text} at (43,855) size 4x15
                    text run at (43,855) width 4: " "
                  RenderBR {BR} at (47,867) size 0x0
                  RenderInline {A} at (0,0) size 129x15 [color=#0000EE]
                    RenderText {#text} at (0,870) size 129x15
                      text run at (0,870) width 129: "GENERATE_UNIQUE"
                  RenderText {#text} at (129,870) size 4x15
                    text run at (129,870) width 4: " "
                  RenderBR {BR} at (133,882) size 0x0
                  RenderInline {A} at (0,0) size 59x15 [color=#0000EE]
                    RenderText {#text} at (0,885) size 59x15
                      text run at (0,885) width 59: "GRAPHIC"
                  RenderText {#text} at (59,885) size 4x15
                    text run at (59,885) width 4: " "
                  RenderBR {BR} at (63,897) size 0x0
                  RenderInline {A} at (0,0) size 27x15 [color=#0000EE]
                    RenderText {#text} at (0,900) size 27x15
                      text run at (0,900) width 27: "HEX"
                  RenderText {#text} at (27,900) size 4x15
                    text run at (27,900) width 4: " "
                  RenderBR {BR} at (31,912) size 0x0
                  RenderInline {A} at (0,0) size 39x15 [color=#0000EE]
                    RenderText {#text} at (0,915) size 39x15
                      text run at (0,915) width 39: "HOUR"
                  RenderText {#text} at (39,915) size 4x15
                    text run at (39,915) width 4: " "
                  RenderBR {BR} at (43,927) size 0x0
                  RenderInline {A} at (0,0) size 47x15 [color=#0000EE]
                    RenderText {#text} at (0,930) size 47x15
                      text run at (0,930) width 47: "INSERT"
                  RenderText {#text} at (47,930) size 4x15
                    text run at (47,930) width 4: " "
                  RenderBR {BR} at (51,942) size 0x0
                  RenderInline {A} at (0,0) size 57x15 [color=#0000EE]
                    RenderText {#text} at (0,945) size 57x15
                      text run at (0,945) width 57: "INTEGER"
                  RenderText {#text} at (57,945) size 4x15
                    text run at (57,945) width 4: " "
                  RenderBR {BR} at (61,957) size 0x0
                  RenderInline {A} at (0,0) size 78x15 [color=#0000EE]
                    RenderText {#text} at (0,960) size 78x15
                      text run at (0,960) width 78: "JULIAN_DAY"
                  RenderText {#text} at (78,960) size 4x15
                    text run at (78,960) width 4: " "
                  RenderBR {BR} at (82,972) size 0x0
                  RenderInline {A} at (0,0) size 109x15 [color=#0000EE]
                    RenderText {#text} at (0,975) size 109x15
                      text run at (0,975) width 109: "LCASE or LOWER"
                  RenderText {#text} at (109,975) size 4x15
                    text run at (109,975) width 4: " "
                  RenderBR {BR} at (113,987) size 0x0
                  RenderInline {A} at (0,0) size 161x15 [color=#0000EE]
                    RenderText {#text} at (0,990) size 161x15
                      text run at (0,990) width 161: "LCASE (SYSFUN schema)"
                  RenderText {#text} at (161,990) size 4x15
                    text run at (161,990) width 4: " "
                  RenderBR {BR} at (165,1002) size 0x0
                  RenderInline {A} at (0,0) size 30x15 [color=#0000EE]
                    RenderText {#text} at (0,1005) size 30x15
                      text run at (0,1005) width 30: "LEFT"
                  RenderText {#text} at (30,1005) size 4x15
                    text run at (30,1005) width 4: " "
                  RenderBR {BR} at (34,1017) size 0x0
                  RenderInline {A} at (0,0) size 53x15 [color=#0000EE]
                    RenderText {#text} at (0,1020) size 53x15
                      text run at (0,1020) width 53: "LENGTH"
                  RenderText {#text} at (53,1020) size 4x15
                    text run at (53,1020) width 4: " "
                  RenderBR {BR} at (57,1032) size 0x0
                  RenderInline {A} at (0,0) size 17x15 [color=#0000EE]
                    RenderText {#text} at (0,1035) size 17x15
                      text run at (0,1035) width 17: "LN"
                  RenderText {#text} at (17,1035) size 4x15
                    text run at (17,1035) width 4: " "
                  RenderBR {BR} at (21,1047) size 0x0
                  RenderInline {A} at (0,0) size 51x15 [color=#0000EE]
                    RenderText {#text} at (0,1050) size 51x15
                      text run at (0,1050) width 51: "LOCATE"
                  RenderText {#text} at (51,1050) size 4x15
                    text run at (51,1050) width 4: " "
                  RenderBR {BR} at (55,1062) size 0x0
                  RenderInline {A} at (0,0) size 27x15 [color=#0000EE]
                    RenderText {#text} at (0,1065) size 27x15
                      text run at (0,1065) width 27: "LOG"
                  RenderText {#text} at (27,1065) size 4x15
                    text run at (27,1065) width 4: " "
                  RenderBR {BR} at (31,1077) size 0x0
                  RenderInline {A} at (0,0) size 43x15 [color=#0000EE]
                    RenderText {#text} at (0,1080) size 43x15
                      text run at (0,1080) width 43: "LOG10"
                  RenderText {#text} at (43,1080) size 4x15
                    text run at (43,1080) width 4: " "
                  RenderBR {BR} at (47,1092) size 0x0
                  RenderInline {A} at (0,0) size 108x15 [color=#0000EE]
                    RenderText {#text} at (0,1095) size 108x15
                      text run at (0,1095) width 108: "LONG_VARCHAR"
                  RenderText {#text} at (108,1095) size 4x15
                    text run at (108,1095) width 4: " "
                  RenderBR {BR} at (112,1107) size 0x0
                  RenderInline {A} at (0,0) size 130x15 [color=#0000EE]
                    RenderText {#text} at (0,1110) size 130x15
                      text run at (0,1110) width 130: "LONG_VARGRAPHIC"
                  RenderText {#text} at (130,1110) size 4x15
                    text run at (130,1110) width 4: " "
                  RenderBR {BR} at (134,1122) size 0x0
                  RenderInline {A} at (0,0) size 39x15 [color=#0000EE]
                    RenderText {#text} at (0,1125) size 39x15
                      text run at (0,1125) width 39: "LTRIM"
                  RenderText {#text} at (39,1125) size 4x15
                    text run at (39,1125) width 4: " "
                  RenderBR {BR} at (43,1137) size 0x0
                  RenderInline {A} at (0,0) size 159x15 [color=#0000EE]
                    RenderText {#text} at (0,1140) size 159x15
                      text run at (0,1140) width 159: "LTRIM (SYSFUN schema)"
                  RenderText {#text} at (159,1140) size 4x15
                    text run at (159,1140) width 4: " "
                  RenderBR {BR} at (163,1152) size 0x0
                  RenderInline {A} at (0,0) size 98x15 [color=#0000EE]
                    RenderText {#text} at (0,1155) size 98x15
                      text run at (0,1155) width 98: "MICROSECOND"
                  RenderText {#text} at (98,1155) size 4x15
                    text run at (98,1155) width 4: " "
                  RenderBR {BR} at (102,1167) size 0x0
                  RenderInline {A} at (0,0) size 137x15 [color=#0000EE]
                    RenderText {#text} at (0,1170) size 137x15
                      text run at (0,1170) width 137: "MIDNIGHT_SECONDS"
                  RenderText {#text} at (137,1170) size 4x15
                    text run at (137,1170) width 4: " "
                  RenderBR {BR} at (141,1182) size 0x0
                  RenderInline {A} at (0,0) size 51x15 [color=#0000EE]
                    RenderText {#text} at (0,1185) size 51x15
                      text run at (0,1185) width 51: "MINUTE"
                  RenderText {#text} at (51,1185) size 4x15
                    text run at (51,1185) width 4: " "
                  RenderBR {BR} at (55,1197) size 0x0
                  RenderInline {A} at (0,0) size 31x15 [color=#0000EE]
                    RenderText {#text} at (0,1200) size 31x15
                      text run at (0,1200) width 31: "MOD"
                  RenderText {#text} at (31,1200) size 4x15
                    text run at (31,1200) width 4: " "
                  RenderBR {BR} at (35,1212) size 0x0
                  RenderInline {A} at (0,0) size 49x15 [color=#0000EE]
                    RenderText {#text} at (0,1215) size 49x15
                      text run at (0,1215) width 49: "MONTH"
                  RenderText {#text} at (49,1215) size 4x15
                    text run at (49,1215) width 4: " "
                  RenderBR {BR} at (53,1227) size 0x0
                  RenderInline {A} at (0,0) size 87x15 [color=#0000EE]
                    RenderText {#text} at (0,1230) size 87x15
                      text run at (0,1230) width 87: "MONTHNAME"
                  RenderText {#text} at (87,1230) size 4x15
                    text run at (87,1230) width 4: " "
                  RenderBR {BR} at (91,1242) size 0x0
                  RenderInline {A} at (0,0) size 95x15 [color=#0000EE]
                    RenderText {#text} at (0,1245) size 95x15
                      text run at (0,1245) width 95: "NODENUMBER"
                  RenderText {#text} at (95,1245) size 4x15
                    text run at (95,1245) width 4: " "
                  RenderBR {BR} at (99,1257) size 0x0
                  RenderInline {A} at (0,0) size 45x15 [color=#0000EE]
                    RenderText {#text} at (0,1260) size 45x15
                      text run at (0,1260) width 45: "NULLIF"
                  RenderText {#text} at (45,1260) size 4x15
                    text run at (45,1260) width 4: " "
                  RenderBR {BR} at (49,1272) size 0x0
                  RenderInline {A} at (0,0) size 70x15 [color=#0000EE]
                    RenderText {#text} at (0,1275) size 70x15
                      text run at (0,1275) width 70: "PARTITION"
                  RenderText {#text} at (70,1275) size 4x15
                    text run at (70,1275) width 4: " "
                  RenderBR {BR} at (74,1287) size 0x0
                  RenderInline {A} at (0,0) size 51x15 [color=#0000EE]
                    RenderText {#text} at (0,1290) size 51x15
                      text run at (0,1290) width 51: "POSSTR"
                  RenderText {#text} at (51,1290) size 4x15
                    text run at (51,1290) width 4: " "
                  RenderBR {BR} at (55,1302) size 0x0
                  RenderInline {A} at (0,0) size 48x15 [color=#0000EE]
                    RenderText {#text} at (0,1305) size 48x15
                      text run at (0,1305) width 48: "POWER"
                  RenderText {#text} at (48,1305) size 4x15
                    text run at (48,1305) width 4: " "
                  RenderBR {BR} at (52,1317) size 0x0
                  RenderInline {A} at (0,0) size 63x15 [color=#0000EE]
                    RenderText {#text} at (0,1320) size 63x15
                      text run at (0,1320) width 63: "QUARTER"
                  RenderText {#text} at (63,1320) size 4x15
                    text run at (63,1320) width 4: " "
                  RenderBR {BR} at (67,1332) size 0x0
                  RenderInline {A} at (0,0) size 59x15 [color=#0000EE]
                    RenderText {#text} at (0,1335) size 59x15
                      text run at (0,1335) width 59: "RADIANS"
                  RenderText {#text} at (59,1335) size 4x15
                    text run at (59,1335) width 4: " "
                  RenderBR {BR} at (63,1347) size 0x0
                  RenderInline {A} at (0,0) size 90x15 [color=#0000EE]
                    RenderText {#text} at (0,1350) size 90x15
                      text run at (0,1350) width 90: "RAISE_ERROR"
                  RenderText {#text} at (90,1350) size 4x15
                    text run at (90,1350) width 4: " "
                  RenderBR {BR} at (94,1362) size 0x0
                  RenderInline {A} at (0,0) size 38x15 [color=#0000EE]
                    RenderText {#text} at (0,1365) size 38x15
                      text run at (0,1365) width 38: "RAND"
                  RenderText {#text} at (38,1365) size 4x15
                    text run at (38,1365) width 4: " "
                  RenderBR {BR} at (42,1377) size 0x0
                  RenderInline {A} at (0,0) size 33x15 [color=#0000EE]
                    RenderText {#text} at (0,1380) size 33x15
                      text run at (0,1380) width 33: "REAL"
                  RenderText {#text} at (33,1380) size 4x15
                    text run at (33,1380) width 4: " "
                  RenderBR {BR} at (37,1392) size 0x0
                  RenderInline {A} at (0,0) size 50x15 [color=#0000EE]
                    RenderText {#text} at (0,1395) size 50x15
                      text run at (0,1395) width 50: "REPEAT"
                  RenderText {#text} at (50,1395) size 4x15
                    text run at (50,1395) width 4: " "
                  RenderBR {BR} at (54,1407) size 0x0
                  RenderInline {A} at (0,0) size 58x15 [color=#0000EE]
                    RenderText {#text} at (0,1410) size 58x15
                      text run at (0,1410) width 58: "REPLACE"
                  RenderText {#text} at (58,1410) size 4x15
                    text run at (58,1410) width 4: " "
                  RenderBR {BR} at (62,1422) size 0x0
                  RenderInline {A} at (0,0) size 41x15 [color=#0000EE]
                    RenderText {#text} at (0,1425) size 41x15
                      text run at (0,1425) width 41: "RIGHT"
                  RenderText {#text} at (41,1425) size 4x15
                    text run at (41,1425) width 4: " "
                  RenderBR {BR} at (45,1437) size 0x0
                  RenderInline {A} at (0,0) size 49x15 [color=#0000EE]
                    RenderText {#text} at (0,1440) size 49x15
                      text run at (0,1440) width 49: "ROUND"
                  RenderText {#text} at (49,1440) size 4x15
                    text run at (49,1440) width 4: " "
                  RenderBR {BR} at (53,1452) size 0x0
                  RenderInline {A} at (0,0) size 41x15 [color=#0000EE]
                    RenderText {#text} at (0,1455) size 41x15
                      text run at (0,1455) width 41: "RTRIM"
                  RenderText {#text} at (41,1455) size 4x15
                    text run at (41,1455) width 4: " "
                  RenderBR {BR} at (45,1467) size 0x0
                  RenderInline {A} at (0,0) size 161x15 [color=#0000EE]
                    RenderText {#text} at (0,1470) size 161x15
                      text run at (0,1470) width 161: "RTRIM (SYSFUN schema)"
                  RenderText {#text} at (161,1470) size 4x15
                    text run at (161,1470) width 4: " "
                  RenderBR {BR} at (165,1482) size 0x0
                  RenderInline {A} at (0,0) size 55x15 [color=#0000EE]
                    RenderText {#text} at (0,1485) size 55x15
                      text run at (0,1485) width 55: "SECOND"
                  RenderText {#text} at (55,1485) size 4x15
                    text run at (55,1485) width 4: " "
                  RenderBR {BR} at (59,1497) size 0x0
                  RenderInline {A} at (0,0) size 32x15 [color=#0000EE]
                    RenderText {#text} at (0,1500) size 32x15
                      text run at (0,1500) width 32: "SIGN"
                  RenderText {#text} at (32,1500) size 4x15
                    text run at (32,1500) width 4: " "
                  RenderBR {BR} at (36,1512) size 0x0
                  RenderInline {A} at (0,0) size 22x15 [color=#0000EE]
                    RenderText {#text} at (0,1515) size 22x15
                      text run at (0,1515) width 22: "SIN"
                  RenderText {#text} at (22,1515) size 4x15
                    text run at (22,1515) width 4: " "
                  RenderBR {BR} at (26,1527) size 0x0
                  RenderInline {A} at (0,0) size 64x15 [color=#0000EE]
                    RenderText {#text} at (0,1530) size 64x15
                      text run at (0,1530) width 64: "SMALLINT"
                  RenderText {#text} at (64,1530) size 4x15
                    text run at (64,1530) width 4: " "
                  RenderBR {BR} at (68,1542) size 0x0
                  RenderInline {A} at (0,0) size 65x15 [color=#0000EE]
                    RenderText {#text} at (0,1545) size 65x15
                      text run at (0,1545) width 65: "SOUNDEX"
                  RenderText {#text} at (65,1545) size 4x15
                    text run at (65,1545) width 4: " "
                  RenderBR {BR} at (69,1557) size 0x0
                  RenderInline {A} at (0,0) size 42x15 [color=#0000EE]
                    RenderText {#text} at (0,1560) size 42x15
                      text run at (0,1560) width 42: "SPACE"
                  RenderText {#text} at (42,1560) size 4x15
                    text run at (42,1560) width 4: " "
                  RenderBR {BR} at (46,1572) size 0x0
                  RenderInline {A} at (0,0) size 35x15 [color=#0000EE]
                    RenderText {#text} at (0,1575) size 35x15
                      text run at (0,1575) width 35: "SQRT"
                  RenderText {#text} at (35,1575) size 4x15
                    text run at (35,1575) width 4: " "
                  RenderBR {BR} at (39,1587) size 0x0
                  RenderInline {A} at (0,0) size 52x15 [color=#0000EE]
                    RenderText {#text} at (0,1590) size 52x15
                      text run at (0,1590) width 52: "SUBSTR"
                  RenderText {#text} at (52,1590) size 4x15
                    text run at (52,1590) width 4: " "
                  RenderBR {BR} at (56,1602) size 0x0
                  RenderInline {A} at (0,0) size 86x15 [color=#0000EE]
                    RenderText {#text} at (0,1605) size 86x15
                      text run at (0,1605) width 86: "TABLE_NAME"
                  RenderText {#text} at (86,1605) size 4x15
                    text run at (86,1605) width 4: " "
                  RenderBR {BR} at (90,1617) size 0x0
                  RenderInline {A} at (0,0) size 103x15 [color=#0000EE]
                    RenderText {#text} at (0,1620) size 103x15
                      text run at (0,1620) width 103: "TABLE_SCHEMA"
                  RenderText {#text} at (103,1620) size 4x15
                    text run at (103,1620) width 4: " "
                  RenderBR {BR} at (107,1632) size 0x0
                  RenderInline {A} at (0,0) size 27x15 [color=#0000EE]
                    RenderText {#text} at (0,1635) size 27x15
                      text run at (0,1635) width 27: "TAN"
                  RenderText {#text} at (27,1635) size 4x15
                    text run at (27,1635) width 4: " "
                  RenderBR {BR} at (31,1647) size 0x0
                  RenderInline {A} at (0,0) size 31x15 [color=#0000EE]
                    RenderText {#text} at (0,1650) size 31x15
                      text run at (0,1650) width 31: "TIME"
                  RenderText {#text} at (31,1650) size 4x15
                    text run at (31,1650) width 4: " "
                  RenderBR {BR} at (35,1662) size 0x0
                  RenderInline {A} at (0,0) size 75x15 [color=#0000EE]
                    RenderText {#text} at (0,1665) size 75x15
                      text run at (0,1665) width 75: "TIMESTAMP"
                  RenderText {#text} at (75,1665) size 4x15
                    text run at (75,1665) width 4: " "
                  RenderBR {BR} at (79,1677) size 0x0
                  RenderInline {A} at (0,0) size 104x15 [color=#0000EE]
                    RenderText {#text} at (0,1680) size 104x15
                      text run at (0,1680) width 104: "TIMESTAMP_ISO"
                  RenderText {#text} at (104,1680) size 4x15
                    text run at (104,1680) width 4: " "
                  RenderBR {BR} at (108,1692) size 0x0
                  RenderInline {A} at (0,0) size 103x15 [color=#0000EE]
                    RenderText {#text} at (0,1695) size 103x15
                      text run at (0,1695) width 103: "TIMESTAMPDIFF"
                  RenderText {#text} at (103,1695) size 4x15
                    text run at (103,1695) width 4: " "
                  RenderBR {BR} at (107,1707) size 0x0
                  RenderInline {A} at (0,0) size 76x15 [color=#0000EE]
                    RenderText {#text} at (0,1710) size 76x15
                      text run at (0,1710) width 76: "TRANSLATE"
                  RenderText {#text} at (76,1710) size 4x15
                    text run at (76,1710) width 4: " "
                  RenderBR {BR} at (80,1722) size 0x0
                  RenderInline {A} at (0,0) size 138x15 [color=#0000EE]
                    RenderText {#text} at (0,1725) size 138x15
                      text run at (0,1725) width 138: "TRUNCATE or TRUNC"
                  RenderText {#text} at (138,1725) size 4x15
                    text run at (138,1725) width 4: " "
                  RenderBR {BR} at (142,1737) size 0x0
                  RenderInline {A} at (0,0) size 53x15 [color=#0000EE]
                    RenderText {#text} at (0,1740) size 53x15
                      text run at (0,1740) width 53: "TYPE_ID"
                  RenderText {#text} at (53,1740) size 4x15
                    text run at (53,1740) width 4: " "
                  RenderBR {BR} at (57,1752) size 0x0
                  RenderInline {A} at (0,0) size 77x15 [color=#0000EE]
                    RenderText {#text} at (0,1755) size 77x15
                      text run at (0,1755) width 77: "TYPE_NAME"
                  RenderText {#text} at (77,1755) size 4x15
                    text run at (77,1755) width 4: " "
                  RenderBR {BR} at (81,1767) size 0x0
                  RenderInline {A} at (0,0) size 94x15 [color=#0000EE]
                    RenderText {#text} at (0,1770) size 94x15
                      text run at (0,1770) width 94: "TYPE_SCHEMA"
                  RenderText {#text} at (94,1770) size 4x15
                    text run at (94,1770) width 4: " "
                  RenderBR {BR} at (98,1782) size 0x0
                  RenderInline {A} at (0,0) size 108x15 [color=#0000EE]
                    RenderText {#text} at (0,1785) size 108x15
                      text run at (0,1785) width 108: "UCASE or UPPER"
                  RenderText {#text} at (108,1785) size 4x15
                    text run at (108,1785) width 4: " "
                  RenderBR {BR} at (112,1797) size 0x0
                  RenderInline {A} at (0,0) size 43x15 [color=#0000EE]
                    RenderText {#text} at (0,1800) size 43x15
                      text run at (0,1800) width 43: "VALUE"
                  RenderText {#text} at (43,1800) size 4x15
                    text run at (43,1800) width 4: " "
                  RenderBR {BR} at (47,1812) size 0x0
                  RenderInline {A} at (0,0) size 64x15 [color=#0000EE]
                    RenderText {#text} at (0,1815) size 64x15
                      text run at (0,1815) width 64: "VARCHAR"
                  RenderText {#text} at (64,1815) size 4x15
                    text run at (64,1815) width 4: " "
                  RenderBR {BR} at (68,1827) size 0x0
                  RenderInline {A} at (0,0) size 86x15 [color=#0000EE]
                    RenderText {#text} at (0,1830) size 86x15
                      text run at (0,1830) width 86: "VARGRAPHIC"
                  RenderText {#text} at (86,1830) size 4x15
                    text run at (86,1830) width 4: " "
                  RenderBR {BR} at (90,1842) size 0x0
                  RenderInline {A} at (0,0) size 38x15 [color=#0000EE]
                    RenderText {#text} at (0,1845) size 38x15
                      text run at (0,1845) width 38: "WEEK"
                  RenderText {#text} at (38,1845) size 4x15
                    text run at (38,1845) width 4: " "
                  RenderBR {BR} at (42,1857) size 0x0
                  RenderInline {A} at (0,0) size 67x15 [color=#0000EE]
                    RenderText {#text} at (0,1860) size 67x15
                      text run at (0,1860) width 67: "WEEK_ISO"
                  RenderText {#text} at (67,1860) size 4x15
                    text run at (67,1860) width 4: " "
                  RenderBR {BR} at (71,1872) size 0x0
                  RenderInline {A} at (0,0) size 34x15 [color=#0000EE]
                    RenderText {#text} at (0,1875) size 34x15
                      text run at (0,1875) width 34: "YEAR"
                  RenderText {#text} at (34,1875) size 4x15
                    text run at (34,1875) width 4: " "
                  RenderBR {BR} at (38,1887) size 0x0
                  RenderInline {A} at (0,0) size 102x15 [color=#0000EE]
                    RenderText {#text} at (0,1890) size 102x15
                      text run at (0,1890) width 102: "Table Functions"
                  RenderText {#text} at (102,1890) size 4x15
                    text run at (102,1890) width 4: " "
                  RenderBR {BR} at (106,1902) size 0x0
                  RenderInline {A} at (0,0) size 148x15 [color=#0000EE]
                    RenderText {#text} at (0,1905) size 148x15
                      text run at (0,1905) width 148: "SQLCACHE_SNAPSHOT"
                  RenderText {#text} at (148,1905) size 4x15
                    text run at (148,1905) width 4: " "
                  RenderBR {BR} at (152,1917) size 0x0
                  RenderInline {A} at (0,0) size 152x15 [color=#0000EE]
                    RenderText {#text} at (0,1920) size 152x15
                      text run at (0,1920) width 152: "User-Defined Functions"
                  RenderText {#text} at (0,0) size 0x0
                RenderBlock {P} at (0,5246) size 812x345
                  RenderInline {B} at (0,0) size 56x15
                    RenderInline {A} at (0,0) size 56x15 [color=#0000EE]
                      RenderText {#text} at (0,0) size 56x15
                        text run at (0,0) width 56: "Queries"
                  RenderBR {BR} at (56,12) size 0x0
                  RenderBR {BR} at (0,15) size 0x15
                  RenderInline {A} at (0,0) size 62x15 [color=#0000EE]
                    RenderText {#text} at (0,30) size 62x15
                      text run at (0,30) width 62: "subselect"
                  RenderText {#text} at (62,30) size 4x15
                    text run at (62,30) width 4: " "
                  RenderBR {BR} at (66,42) size 0x0
                  RenderInline {A} at (0,0) size 86x15 [color=#0000EE]
                    RenderText {#text} at (0,45) size 86x15
                      text run at (0,45) width 86: "select-clause"
                  RenderText {#text} at (86,45) size 4x15
                    text run at (86,45) width 4: " "
                  RenderBR {BR} at (90,57) size 0x0
                  RenderInline {A} at (0,0) size 78x15 [color=#0000EE]
                    RenderText {#text} at (0,60) size 78x15
                      text run at (0,60) width 78: "from-clause"
                  RenderText {#text} at (78,60) size 4x15
                    text run at (78,60) width 4: " "
                  RenderBR {BR} at (82,72) size 0x0
                  RenderInline {A} at (0,0) size 100x15 [color=#0000EE]
                    RenderText {#text} at (0,75) size 100x15
                      text run at (0,75) width 100: "table-reference"
                  RenderText {#text} at (100,75) size 4x15
                    text run at (100,75) width 4: " "
                  RenderBR {BR} at (104,87) size 0x0
                  RenderInline {A} at (0,0) size 78x15 [color=#0000EE]
                    RenderText {#text} at (0,90) size 78x15
                      text run at (0,90) width 78: "joined-table"
                  RenderText {#text} at (78,90) size 4x15
                    text run at (78,90) width 4: " "
                  RenderBR {BR} at (82,102) size 0x0
                  RenderInline {A} at (0,0) size 87x15 [color=#0000EE]
                    RenderText {#text} at (0,105) size 87x15
                      text run at (0,105) width 87: "where-clause"
                  RenderText {#text} at (87,105) size 4x15
                    text run at (87,105) width 4: " "
                  RenderBR {BR} at (91,117) size 0x0
                  RenderInline {A} at (0,0) size 105x15 [color=#0000EE]
                    RenderText {#text} at (0,120) size 105x15
                      text run at (0,120) width 105: "group-by-clause"
                  RenderText {#text} at (105,120) size 4x15
                    text run at (105,120) width 4: " "
                  RenderBR {BR} at (109,132) size 0x0
                  RenderInline {A} at (0,0) size 91x15 [color=#0000EE]
                    RenderText {#text} at (0,135) size 91x15
                      text run at (0,135) width 91: "having-clause"
                  RenderText {#text} at (91,135) size 4x15
                    text run at (91,135) width 4: " "
                  RenderBR {BR} at (95,147) size 0x0
                  RenderInline {A} at (0,0) size 154x15 [color=#0000EE]
                    RenderText {#text} at (0,150) size 154x15
                      text run at (0,150) width 154: "Examples of subselects"
                  RenderText {#text} at (154,150) size 4x15
                    text run at (154,150) width 4: " "
                  RenderBR {BR} at (158,162) size 0x0
                  RenderInline {A} at (0,0) size 116x15 [color=#0000EE]
                    RenderText {#text} at (0,165) size 116x15
                      text run at (0,165) width 116: "Examples of Joins"
                  RenderText {#text} at (116,165) size 4x15
                    text run at (116,165) width 4: " "
                  RenderBR {BR} at (120,177) size 0x0
                  RenderInline {A} at (0,0) size 294x15 [color=#0000EE]
                    RenderText {#text} at (0,180) size 294x15
                      text run at (0,180) width 294: "Examples of Grouping Sets, Cube, and Rollup"
                  RenderText {#text} at (294,180) size 4x15
                    text run at (294,180) width 4: " "
                  RenderBR {BR} at (298,192) size 0x0
                  RenderInline {A} at (0,0) size 60x15 [color=#0000EE]
                    RenderText {#text} at (0,195) size 60x15
                      text run at (0,195) width 60: "fullselect"
                  RenderText {#text} at (60,195) size 4x15
                    text run at (60,195) width 4: " "
                  RenderBR {BR} at (64,207) size 0x0
                  RenderInline {A} at (0,0) size 157x15 [color=#0000EE]
                    RenderText {#text} at (0,210) size 157x15
                      text run at (0,210) width 157: "Examples of a fullselect"
                  RenderText {#text} at (157,210) size 4x15
                    text run at (157,210) width 4: " "
                  RenderBR {BR} at (161,222) size 0x0
                  RenderInline {A} at (0,0) size 111x15 [color=#0000EE]
                    RenderText {#text} at (0,225) size 111x15
                      text run at (0,225) width 111: "select-statement"
                  RenderText {#text} at (111,225) size 4x15
                    text run at (111,225) width 4: " "
                  RenderBR {BR} at (115,237) size 0x0
                  RenderInline {A} at (0,0) size 171x15 [color=#0000EE]
                    RenderText {#text} at (0,240) size 171x15
                      text run at (0,240) width 171: "common-table-expression"
                  RenderText {#text} at (171,240) size 4x15
                    text run at (171,240) width 4: " "
                  RenderBR {BR} at (175,252) size 0x0
                  RenderInline {A} at (0,0) size 102x15 [color=#0000EE]
                    RenderText {#text} at (0,255) size 102x15
                      text run at (0,255) width 102: "order-by-clause"
                  RenderText {#text} at (102,255) size 4x15
                    text run at (102,255) width 4: " "
                  RenderBR {BR} at (106,267) size 0x0
                  RenderInline {A} at (0,0) size 92x15 [color=#0000EE]
                    RenderText {#text} at (0,270) size 92x15
                      text run at (0,270) width 92: "update-clause"
                  RenderText {#text} at (92,270) size 4x15
                    text run at (92,270) width 4: " "
                  RenderBR {BR} at (96,282) size 0x0
                  RenderInline {A} at (0,0) size 109x15 [color=#0000EE]
                    RenderText {#text} at (0,285) size 109x15
                      text run at (0,285) width 109: "read-only-clause"
                  RenderText {#text} at (109,285) size 4x15
                    text run at (109,285) width 4: " "
                  RenderBR {BR} at (113,297) size 0x0
                  RenderInline {A} at (0,0) size 111x15 [color=#0000EE]
                    RenderText {#text} at (0,300) size 111x15
                      text run at (0,300) width 111: "fetch-first-clause"
                  RenderText {#text} at (111,300) size 4x15
                    text run at (111,300) width 4: " "
                  RenderBR {BR} at (115,312) size 0x0
                  RenderInline {A} at (0,0) size 127x15 [color=#0000EE]
                    RenderText {#text} at (0,315) size 127x15
                      text run at (0,315) width 127: "optimize-for-clause"
                  RenderText {#text} at (127,315) size 4x15
                    text run at (127,315) width 4: " "
                  RenderBR {BR} at (131,327) size 0x0
                  RenderInline {A} at (0,0) size 208x15 [color=#0000EE]
                    RenderText {#text} at (0,330) size 208x15
                      text run at (0,330) width 208: "Examples of a select-statement"
                  RenderText {#text} at (0,0) size 0x0
                RenderBlock {P} at (0,5604) size 812x1770
                  RenderInline {B} at (0,0) size 118x15
                    RenderInline {A} at (0,0) size 118x15 [color=#0000EE]
                      RenderText {#text} at (0,0) size 118x15
                        text run at (0,0) width 118: "SQL Statements"
                  RenderBR {BR} at (118,12) size 0x0
                  RenderBR {BR} at (0,15) size 0x15
                  RenderInline {A} at (0,0) size 219x15 [color=#0000EE]
                    RenderText {#text} at (0,30) size 219x15
                      text run at (0,30) width 219: "How SQL Statements Are Invoked"
                  RenderText {#text} at (219,30) size 4x15
                    text run at (219,30) width 4: " "
                  RenderBR {BR} at (223,42) size 0x0
                  RenderInline {A} at (0,0) size 329x15 [color=#0000EE]
                    RenderText {#text} at (0,45) size 329x15
                      text run at (0,45) width 329: "Embedding a Statement in an Application Program"
                  RenderText {#text} at (329,45) size 4x15
                    text run at (329,45) width 4: " "
                  RenderBR {BR} at (333,57) size 0x0
                  RenderInline {A} at (0,0) size 233x15 [color=#0000EE]
                    RenderText {#text} at (0,60) size 233x15
                      text run at (0,60) width 233: "Dynamic Preparation and Execution"
                  RenderText {#text} at (233,60) size 4x15
                    text run at (233,60) width 4: " "
                  RenderBR {BR} at (237,72) size 0x0
                  RenderInline {A} at (0,0) size 253x15 [color=#0000EE]
                    RenderText {#text} at (0,75) size 253x15
                      text run at (0,75) width 253: "Static Invocation of a select-statement"
                  RenderText {#text} at (253,75) size 4x15
                    text run at (253,75) width 4: " "
                  RenderBR {BR} at (257,87) size 0x0
                  RenderInline {A} at (0,0) size 274x15 [color=#0000EE]
                    RenderText {#text} at (0,90) size 274x15
                      text run at (0,90) width 274: "Dynamic Invocation of a select-statement"
                  RenderText {#text} at (274,90) size 4x15
                    text run at (274,90) width 4: " "
                  RenderBR {BR} at (278,102) size 0x0
                  RenderInline {A} at (0,0) size 142x15 [color=#0000EE]
                    RenderText {#text} at (0,105) size 142x15
                      text run at (0,105) width 142: "Interactive Invocation"
                  RenderText {#text} at (142,105) size 4x15
                    text run at (142,105) width 4: " "
                  RenderBR {BR} at (146,117) size 0x0
                  RenderInline {A} at (0,0) size 116x15 [color=#0000EE]
                    RenderText {#text} at (0,120) size 116x15
                      text run at (0,120) width 116: "SQL Return Codes"
                  RenderText {#text} at (116,120) size 4x15
                    text run at (116,120) width 4: " "
                  RenderBR {BR} at (120,132) size 0x0
                  RenderInline {A} at (0,0) size 62x15 [color=#0000EE]
                    RenderText {#text} at (0,135) size 62x15
                      text run at (0,135) width 62: "SQLCODE"
                  RenderText {#text} at (62,135) size 4x15
                    text run at (62,135) width 4: " "
                  RenderBR {BR} at (66,147) size 0x0
                  RenderInline {A} at (0,0) size 66x15 [color=#0000EE]
                    RenderText {#text} at (0,150) size 66x15
                      text run at (0,150) width 66: "SQLSTATE"
                  RenderText {#text} at (66,150) size 4x15
                    text run at (66,150) width 4: " "
                  RenderBR {BR} at (70,162) size 0x0
                  RenderInline {A} at (0,0) size 100x15 [color=#0000EE]
                    RenderText {#text} at (0,165) size 100x15
                      text run at (0,165) width 100: "SQL Comments"
                  RenderText {#text} at (100,165) size 4x15
                    text run at (100,165) width 4: " "
                  RenderBR {BR} at (104,177) size 0x0
                  RenderInline {A} at (0,0) size 130x15 [color=#0000EE]
                    RenderText {#text} at (0,180) size 130x15
                      text run at (0,180) width 130: "ALTER BUFFERPOOL"
                  RenderText {#text} at (130,180) size 4x15
                    text run at (130,180) width 4: " "
                  RenderBR {BR} at (134,192) size 0x0
                  RenderInline {A} at (0,0) size 115x15 [color=#0000EE]
                    RenderText {#text} at (0,195) size 115x15
                      text run at (0,195) width 115: "ALTER NICKNAME"
                  RenderText {#text} at (115,195) size 4x15
                    text run at (115,195) width 4: " "
                  RenderBR {BR} at (119,207) size 0x0
                  RenderInline {A} at (0,0) size 130x15 [color=#0000EE]
                    RenderText {#text} at (0,210) size 130x15
                      text run at (0,210) width 130: "ALTER NODEGROUP"
                  RenderText {#text} at (130,210) size 4x15
                    text run at (130,210) width 4: " "
                  RenderBR {BR} at (134,222) size 0x0
                  RenderInline {A} at (0,0) size 96x15 [color=#0000EE]
                    RenderText {#text} at (0,225) size 96x15
                      text run at (0,225) width 96: "ALTER SERVER"
                  RenderText {#text} at (96,225) size 4x15
                    text run at (96,225) width 4: " "
                  RenderBR {BR} at (100,237) size 0x0
                  RenderInline {A} at (0,0) size 86x15 [color=#0000EE]
                    RenderText {#text} at (0,240) size 86x15
                      text run at (0,240) width 86: "ALTER TABLE"
                  RenderText {#text} at (86,240) size 4x15
                    text run at (86,240) width 4: " "
                  RenderBR {BR} at (90,252) size 0x0
                  RenderInline {A} at (0,0) size 128x15 [color=#0000EE]
                    RenderText {#text} at (0,255) size 128x15
                      text run at (0,255) width 128: "ALTER TABLESPACE"
                  RenderText {#text} at (128,255) size 4x15
                    text run at (128,255) width 4: " "
                  RenderBR {BR} at (132,267) size 0x0
                  RenderInline {A} at (0,0) size 158x15 [color=#0000EE]
                    RenderText {#text} at (0,270) size 158x15
                      text run at (0,270) width 158: "ALTER TYPE (Structured)"
                  RenderText {#text} at (158,270) size 4x15
                    text run at (158,270) width 4: " "
                  RenderBR {BR} at (162,282) size 0x0
                  RenderInline {A} at (0,0) size 144x15 [color=#0000EE]
                    RenderText {#text} at (0,285) size 144x15
                      text run at (0,285) width 144: "ALTER USER MAPPING"
                  RenderText {#text} at (144,285) size 4x15
                    text run at (144,285) width 4: " "
                  RenderBR {BR} at (148,297) size 0x0
                  RenderInline {A} at (0,0) size 79x15 [color=#0000EE]
                    RenderText {#text} at (0,300) size 79x15
                      text run at (0,300) width 79: "ALTER VIEW"
                  RenderText {#text} at (79,300) size 4x15
                    text run at (79,300) width 4: " "
                  RenderBR {BR} at (83,312) size 0x0
                  RenderInline {A} at (0,0) size 166x15 [color=#0000EE]
                    RenderText {#text} at (0,315) size 166x15
                      text run at (0,315) width 166: "BEGIN DECLARE SECTION"
                  RenderText {#text} at (166,315) size 4x15
                    text run at (166,315) width 4: " "
                  RenderBR {BR} at (170,327) size 0x0
                  RenderInline {A} at (0,0) size 32x15 [color=#0000EE]
                    RenderText {#text} at (0,330) size 32x15
                      text run at (0,330) width 32: "CALL"
                  RenderText {#text} at (32,330) size 4x15
                    text run at (32,330) width 4: " "
                  RenderBR {BR} at (36,342) size 0x0
                  RenderInline {A} at (0,0) size 42x15 [color=#0000EE]
                    RenderText {#text} at (0,345) size 42x15
                      text run at (0,345) width 42: "CLOSE"
                  RenderText {#text} at (42,345) size 4x15
                    text run at (42,345) width 4: " "
                  RenderBR {BR} at (46,357) size 0x0
                  RenderInline {A} at (0,0) size 91x15 [color=#0000EE]
                    RenderText {#text} at (0,360) size 91x15
                      text run at (0,360) width 91: "COMMENT ON"
                  RenderText {#text} at (91,360) size 4x15
                    text run at (91,360) width 4: " "
                  RenderBR {BR} at (95,372) size 0x0
                  RenderInline {A} at (0,0) size 53x15 [color=#0000EE]
                    RenderText {#text} at (0,375) size 53x15
                      text run at (0,375) width 53: "COMMIT"
                  RenderText {#text} at (53,375) size 4x15
                    text run at (53,375) width 4: " "
                  RenderBR {BR} at (57,387) size 0x0
                  RenderInline {A} at (0,0) size 182x15 [color=#0000EE]
                    RenderText {#text} at (0,390) size 182x15
                      text run at (0,390) width 182: "Compound SQL (Embedded)"
                  RenderText {#text} at (182,390) size 4x15
                    text run at (182,390) width 4: " "
                  RenderBR {BR} at (186,402) size 0x0
                  RenderInline {A} at (0,0) size 122x15 [color=#0000EE]
                    RenderText {#text} at (0,405) size 122x15
                      text run at (0,405) width 122: "CONNECT (Type 1)"
                  RenderText {#text} at (122,405) size 4x15
                    text run at (122,405) width 4: " "
                  RenderBR {BR} at (126,417) size 0x0
                  RenderInline {A} at (0,0) size 122x15 [color=#0000EE]
                    RenderText {#text} at (0,420) size 122x15
                      text run at (0,420) width 122: "CONNECT (Type 2)"
                  RenderText {#text} at (122,420) size 4x15
                    text run at (122,420) width 4: " "
                  RenderBR {BR} at (126,432) size 0x0
                  RenderInline {A} at (0,0) size 92x15 [color=#0000EE]
                    RenderText {#text} at (0,435) size 92x15
                      text run at (0,435) width 92: "CREATE ALIAS"
                  RenderText {#text} at (92,435) size 4x15
                    text run at (92,435) width 4: " "
                  RenderBR {BR} at (96,447) size 0x0
                  RenderInline {A} at (0,0) size 140x15 [color=#0000EE]
                    RenderText {#text} at (0,450) size 140x15
                      text run at (0,450) width 140: "CREATE BUFFERPOOL"
                  RenderText {#text} at (140,450) size 4x15
                    text run at (140,450) width 4: " "
                  RenderBR {BR} at (144,462) size 0x0
                  RenderInline {A} at (0,0) size 152x15 [color=#0000EE]
                    RenderText {#text} at (0,465) size 152x15
                      text run at (0,465) width 152: "CREATE DISTINCT TYPE"
                  RenderText {#text} at (152,465) size 4x15
                    text run at (152,465) width 4: " "
                  RenderBR {BR} at (156,477) size 0x0
                  RenderInline {A} at (0,0) size 164x15 [color=#0000EE]
                    RenderText {#text} at (0,480) size 164x15
                      text run at (0,480) width 164: "CREATE EVENT MONITOR"
                  RenderText {#text} at (164,480) size 4x15
                    text run at (164,480) width 4: " "
                  RenderBR {BR} at (168,492) size 0x0
                  RenderInline {A} at (0,0) size 123x15 [color=#0000EE]
                    RenderText {#text} at (0,495) size 123x15
                      text run at (0,495) width 123: "CREATE FUNCTION"
                  RenderText {#text} at (123,495) size 4x15
                    text run at (123,495) width 4: " "
                  RenderBR {BR} at (127,507) size 0x0
                  RenderInline {A} at (0,0) size 235x15 [color=#0000EE]
                    RenderText {#text} at (0,510) size 235x15
                      text run at (0,510) width 235: "CREATE FUNCTION (External Scalar)"
                  RenderText {#text} at (235,510) size 4x15
                    text run at (235,510) width 4: " "
                  RenderBR {BR} at (239,522) size 0x0
                  RenderInline {A} at (0,0) size 231x15 [color=#0000EE]
                    RenderText {#text} at (0,525) size 231x15
                      text run at (0,525) width 231: "CREATE FUNCTION (External Table)"
                  RenderText {#text} at (231,525) size 4x15
                    text run at (231,525) width 4: " "
                  RenderBR {BR} at (235,537) size 0x0
                  RenderInline {A} at (0,0) size 283x15 [color=#0000EE]
                    RenderText {#text} at (0,540) size 283x15
                      text run at (0,540) width 283: "CREATE FUNCTION (OLE DB External Table)"
                  RenderText {#text} at (283,540) size 4x15
                    text run at (283,540) width 4: " "
                  RenderBR {BR} at (287,552) size 0x0
                  RenderInline {A} at (0,0) size 264x15 [color=#0000EE]
                    RenderText {#text} at (0,555) size 264x15
                      text run at (0,555) width 264: "CREATE FUNCTION (Source or Template)"
                  RenderText {#text} at (264,555) size 4x15
                    text run at (264,555) width 4: " "
                  RenderBR {BR} at (268,567) size 0x0
                  RenderInline {A} at (0,0) size 299x15 [color=#0000EE]
                    RenderText {#text} at (0,570) size 299x15
                      text run at (0,570) width 299: "CREATE FUNCTION (SQL Scalar, Table or Row)"
                  RenderText {#text} at (299,570) size 4x15
                    text run at (299,570) width 4: " "
                  RenderBR {BR} at (303,582) size 0x0
                  RenderInline {A} at (0,0) size 187x15 [color=#0000EE]
                    RenderText {#text} at (0,585) size 187x15
                      text run at (0,585) width 187: "CREATE FUNCTION MAPPING"
                  RenderText {#text} at (187,585) size 4x15
                    text run at (187,585) width 4: " "
                  RenderBR {BR} at (191,597) size 0x0
                  RenderInline {A} at (0,0) size 96x15 [color=#0000EE]
                    RenderText {#text} at (0,600) size 96x15
                      text run at (0,600) width 96: "CREATE INDEX"
                  RenderText {#text} at (96,600) size 4x15
                    text run at (96,600) width 4: " "
                  RenderBR {BR} at (100,612) size 0x0
                  RenderInline {A} at (0,0) size 175x15 [color=#0000EE]
                    RenderText {#text} at (0,615) size 175x15
                      text run at (0,615) width 175: "CREATE INDEX EXTENSION"
                  RenderText {#text} at (175,615) size 4x15
                    text run at (175,615) width 4: " "
                  RenderBR {BR} at (179,627) size 0x0
                  RenderInline {A} at (0,0) size 112x15 [color=#0000EE]
                    RenderText {#text} at (0,630) size 112x15
                      text run at (0,630) width 112: "CREATE METHOD"
                  RenderText {#text} at (112,630) size 4x15
                    text run at (112,630) width 4: " "
                  RenderBR {BR} at (116,642) size 0x0
                  RenderInline {A} at (0,0) size 125x15 [color=#0000EE]
                    RenderText {#text} at (0,645) size 125x15
                      text run at (0,645) width 125: "CREATE NICKNAME"
                  RenderText {#text} at (125,645) size 4x15
                    text run at (125,645) width 4: " "
                  RenderBR {BR} at (129,657) size 0x0
                  RenderInline {A} at (0,0) size 140x15 [color=#0000EE]
                    RenderText {#text} at (0,660) size 140x15
                      text run at (0,660) width 140: "CREATE NODEGROUP"
                  RenderText {#text} at (140,660) size 4x15
                    text run at (140,660) width 4: " "
                  RenderBR {BR} at (144,672) size 0x0
                  RenderInline {A} at (0,0) size 136x15 [color=#0000EE]
                    RenderText {#text} at (0,675) size 136x15
                      text run at (0,675) width 136: "CREATE PROCEDURE"
                  RenderText {#text} at (136,675) size 4x15
                    text run at (136,675) width 4: " "
                  RenderBR {BR} at (140,687) size 0x0
                  RenderInline {A} at (0,0) size 110x15 [color=#0000EE]
                    RenderText {#text} at (0,690) size 110x15
                      text run at (0,690) width 110: "CREATE SCHEMA"
                  RenderText {#text} at (110,690) size 4x15
                    text run at (110,690) width 4: " "
                  RenderBR {BR} at (114,702) size 0x0
                  RenderInline {A} at (0,0) size 106x15 [color=#0000EE]
                    RenderText {#text} at (0,705) size 106x15
                      text run at (0,705) width 106: "CREATE SERVER"
                  RenderText {#text} at (106,705) size 4x15
                    text run at (106,705) width 4: " "
                  RenderBR {BR} at (110,717) size 0x0
                  RenderInline {A} at (0,0) size 96x15 [color=#0000EE]
                    RenderText {#text} at (0,720) size 96x15
                      text run at (0,720) width 96: "CREATE TABLE"
                  RenderText {#text} at (96,720) size 4x15
                    text run at (96,720) width 4: " "
                  RenderBR {BR} at (100,732) size 0x0
                  RenderInline {A} at (0,0) size 138x15 [color=#0000EE]
                    RenderText {#text} at (0,735) size 138x15
                      text run at (0,735) width 138: "CREATE TABLESPACE"
                  RenderText {#text} at (138,735) size 4x15
                    text run at (138,735) width 4: " "
                  RenderBR {BR} at (142,747) size 0x0
                  RenderInline {A} at (0,0) size 136x15 [color=#0000EE]
                    RenderText {#text} at (0,750) size 136x15
                      text run at (0,750) width 136: "CREATE TRANSFORM"
                  RenderText {#text} at (136,750) size 4x15
                    text run at (136,750) width 4: " "
                  RenderBR {BR} at (140,762) size 0x0
                  RenderInline {A} at (0,0) size 113x15 [color=#0000EE]
                    RenderText {#text} at (0,765) size 113x15
                      text run at (0,765) width 113: "CREATE TRIGGER"
                  RenderText {#text} at (113,765) size 4x15
                    text run at (113,765) width 4: " "
                  RenderBR {BR} at (117,777) size 0x0
                  RenderInline {A} at (0,0) size 168x15 [color=#0000EE]
                    RenderText {#text} at (0,780) size 168x15
                      text run at (0,780) width 168: "CREATE TYPE (Structured)"
                  RenderText {#text} at (168,780) size 4x15
                    text run at (168,780) width 4: " "
                  RenderBR {BR} at (172,792) size 0x0
                  RenderInline {A} at (0,0) size 151x15 [color=#0000EE]
                    RenderText {#text} at (0,795) size 151x15
                      text run at (0,795) width 151: "CREATE TYPE MAPPING"
                  RenderText {#text} at (151,795) size 4x15
                    text run at (151,795) width 4: " "
                  RenderBR {BR} at (155,807) size 0x0
                  RenderInline {A} at (0,0) size 154x15 [color=#0000EE]
                    RenderText {#text} at (0,810) size 154x15
                      text run at (0,810) width 154: "CREATE USER MAPPING"
                  RenderText {#text} at (154,810) size 4x15
                    text run at (154,810) width 4: " "
                  RenderBR {BR} at (158,822) size 0x0
                  RenderInline {A} at (0,0) size 89x15 [color=#0000EE]
                    RenderText {#text} at (0,825) size 89x15
                      text run at (0,825) width 89: "CREATE VIEW"
                  RenderText {#text} at (89,825) size 4x15
                    text run at (89,825) width 4: " "
                  RenderBR {BR} at (93,837) size 0x0
                  RenderInline {A} at (0,0) size 119x15 [color=#0000EE]
                    RenderText {#text} at (0,840) size 119x15
                      text run at (0,840) width 119: "CREATE WRAPPER"
                  RenderText {#text} at (119,840) size 4x15
                    text run at (119,840) width 4: " "
                  RenderBR {BR} at (123,852) size 0x0
                  RenderInline {A} at (0,0) size 119x15 [color=#0000EE]
                    RenderText {#text} at (0,855) size 119x15
                      text run at (0,855) width 119: "DECLARE CURSOR"
                  RenderText {#text} at (119,855) size 4x15
                    text run at (119,855) width 4: " "
                  RenderBR {BR} at (123,867) size 0x0
                  RenderInline {A} at (0,0) size 245x15 [color=#0000EE]
                    RenderText {#text} at (0,870) size 245x15
                      text run at (0,870) width 245: "DECLARE GLOBAL TEMPORARY TABLE"
                  RenderText {#text} at (245,870) size 4x15
                    text run at (245,870) width 4: " "
                  RenderBR {BR} at (249,882) size 0x0
                  RenderInline {A} at (0,0) size 49x15 [color=#0000EE]
                    RenderText {#text} at (0,885) size 49x15
                      text run at (0,885) width 49: "DELETE"
                  RenderText {#text} at (49,885) size 4x15
                    text run at (49,885) width 4: " "
                  RenderBR {BR} at (53,897) size 0x0
                  RenderInline {A} at (0,0) size 65x15 [color=#0000EE]
                    RenderText {#text} at (0,900) size 65x15
                      text run at (0,900) width 65: "DESCRIBE"
                  RenderText {#text} at (65,900) size 4x15
                    text run at (65,900) width 4: " "
                  RenderBR {BR} at (69,912) size 0x0
                  RenderInline {A} at (0,0) size 86x15 [color=#0000EE]
                    RenderText {#text} at (0,915) size 86x15
                      text run at (0,915) width 86: "DISCONNECT"
                  RenderText {#text} at (86,915) size 4x15
                    text run at (86,915) width 4: " "
                  RenderBR {BR} at (90,927) size 0x0
                  RenderInline {A} at (0,0) size 37x15 [color=#0000EE]
                    RenderText {#text} at (0,930) size 37x15
                      text run at (0,930) width 37: "DROP"
                  RenderText {#text} at (37,930) size 4x15
                    text run at (37,930) width 4: " "
                  RenderBR {BR} at (41,942) size 0x0
                  RenderInline {A} at (0,0) size 153x15 [color=#0000EE]
                    RenderText {#text} at (0,945) size 153x15
                      text run at (0,945) width 153: "END DECLARE SECTION"
                  RenderText {#text} at (153,945) size 4x15
                    text run at (153,945) width 4: " "
                  RenderBR {BR} at (157,957) size 0x0
                  RenderInline {A} at (0,0) size 60x15 [color=#0000EE]
                    RenderText {#text} at (0,960) size 60x15
                      text run at (0,960) width 60: "EXECUTE"
                  RenderText {#text} at (60,960) size 4x15
                    text run at (60,960) width 4: " "
                  RenderBR {BR} at (64,972) size 0x0
                  RenderInline {A} at (0,0) size 137x15 [color=#0000EE]
                    RenderText {#text} at (0,975) size 137x15
                      text run at (0,975) width 137: "EXECUTE IMMEDIATE"
                  RenderText {#text} at (137,975) size 4x15
                    text run at (137,975) width 4: " "
                  RenderBR {BR} at (141,987) size 0x0
                  RenderInline {A} at (0,0) size 55x15 [color=#0000EE]
                    RenderText {#text} at (0,990) size 55x15
                      text run at (0,990) width 55: "EXPLAIN"
                  RenderText {#text} at (55,990) size 4x15
                    text run at (55,990) width 4: " "
                  RenderBR {BR} at (59,1002) size 0x0
                  RenderInline {A} at (0,0) size 42x15 [color=#0000EE]
                    RenderText {#text} at (0,1005) size 42x15
                      text run at (0,1005) width 42: "FETCH"
                  RenderText {#text} at (42,1005) size 4x15
                    text run at (42,1005) width 4: " "
                  RenderBR {BR} at (46,1017) size 0x0
                  RenderInline {A} at (0,0) size 155x15 [color=#0000EE]
                    RenderText {#text} at (0,1020) size 155x15
                      text run at (0,1020) width 155: "FLUSH EVENT MONITOR"
                  RenderText {#text} at (155,1020) size 4x15
                    text run at (155,1020) width 4: " "
                  RenderBR {BR} at (159,1032) size 0x0
                  RenderInline {A} at (0,0) size 98x15 [color=#0000EE]
                    RenderText {#text} at (0,1035) size 98x15
                      text run at (0,1035) width 98: "FREE LOCATOR"
                  RenderText {#text} at (98,1035) size 4x15
                    text run at (98,1035) width 4: " "
                  RenderBR {BR} at (102,1047) size 0x0
                  RenderInline {A} at (0,0) size 197x15 [color=#0000EE]
                    RenderText {#text} at (0,1050) size 197x15
                      text run at (0,1050) width 197: "GRANT (Database Authorities)"
                  RenderText {#text} at (197,1050) size 4x15
                    text run at (197,1050) width 4: " "
                  RenderBR {BR} at (201,1062) size 0x0
                  RenderInline {A} at (0,0) size 164x15 [color=#0000EE]
                    RenderText {#text} at (0,1065) size 164x15
                      text run at (0,1065) width 164: "GRANT (Index Privileges)"
                  RenderText {#text} at (164,1065) size 4x15
                    text run at (164,1065) width 4: " "
                  RenderBR {BR} at (168,1077) size 0x0
                  RenderInline {A} at (0,0) size 183x15 [color=#0000EE]
                    RenderText {#text} at (0,1080) size 183x15
                      text run at (0,1080) width 183: "GRANT (Package Privileges)"
                  RenderText {#text} at (183,1080) size 4x15
                    text run at (183,1080) width 4: " "
                  RenderBR {BR} at (187,1092) size 0x0
                  RenderInline {A} at (0,0) size 180x15 [color=#0000EE]
                    RenderText {#text} at (0,1095) size 180x15
                      text run at (0,1095) width 180: "GRANT (Schema Privileges)"
                  RenderText {#text} at (180,1095) size 4x15
                    text run at (180,1095) width 4: " "
                  RenderBR {BR} at (184,1107) size 0x0
                  RenderInline {A} at (0,0) size 170x15 [color=#0000EE]
                    RenderText {#text} at (0,1110) size 170x15
                      text run at (0,1110) width 170: "GRANT (Server Privileges)"
                  RenderText {#text} at (170,1110) size 4x15
                    text run at (170,1110) width 4: " "
                  RenderBR {BR} at (174,1122) size 0x0
                  RenderInline {A} at (0,0) size 295x15 [color=#0000EE]
                    RenderText {#text} at (0,1125) size 295x15
                      text run at (0,1125) width 295: "GRANT (Table, View, or Nickname Privileges)"
                  RenderText {#text} at (295,1125) size 4x15
                    text run at (295,1125) width 4: " "
                  RenderBR {BR} at (299,1137) size 0x0
                  RenderInline {A} at (0,0) size 207x15 [color=#0000EE]
                    RenderText {#text} at (0,1140) size 207x15
                      text run at (0,1140) width 207: "GRANT (Table Space Privileges)"
                  RenderText {#text} at (207,1140) size 4x15
                    text run at (207,1140) width 4: " "
                  RenderBR {BR} at (211,1152) size 0x0
                  RenderInline {A} at (0,0) size 58x15 [color=#0000EE]
                    RenderText {#text} at (0,1155) size 58x15
                      text run at (0,1155) width 58: "INCLUDE"
                  RenderText {#text} at (58,1155) size 4x15
                    text run at (58,1155) width 4: " "
                  RenderBR {BR} at (62,1167) size 0x0
                  RenderInline {A} at (0,0) size 47x15 [color=#0000EE]
                    RenderText {#text} at (0,1170) size 47x15
                      text run at (0,1170) width 47: "INSERT"
                  RenderText {#text} at (47,1170) size 4x15
                    text run at (47,1170) width 4: " "
                  RenderBR {BR} at (51,1182) size 0x0
                  RenderInline {A} at (0,0) size 80x15 [color=#0000EE]
                    RenderText {#text} at (0,1185) size 80x15
                      text run at (0,1185) width 80: "LOCK TABLE"
                  RenderText {#text} at (80,1185) size 4x15
                    text run at (80,1185) width 4: " "
                  RenderBR {BR} at (84,1197) size 0x0
                  RenderInline {A} at (0,0) size 36x15 [color=#0000EE]
                    RenderText {#text} at (0,1200) size 36x15
                      text run at (0,1200) width 36: "OPEN"
                  RenderText {#text} at (36,1200) size 4x15
                    text run at (36,1200) width 4: " "
                  RenderBR {BR} at (40,1212) size 0x0
                  RenderInline {A} at (0,0) size 59x15 [color=#0000EE]
                    RenderText {#text} at (0,1215) size 59x15
                      text run at (0,1215) width 59: "PREPARE"
                  RenderText {#text} at (59,1215) size 4x15
                    text run at (59,1215) width 4: " "
                  RenderBR {BR} at (63,1227) size 0x0
                  RenderInline {A} at (0,0) size 104x15 [color=#0000EE]
                    RenderText {#text} at (0,1230) size 104x15
                      text run at (0,1230) width 104: "REFRESH TABLE"
                  RenderText {#text} at (104,1230) size 4x15
                    text run at (104,1230) width 4: " "
                  RenderBR {BR} at (108,1242) size 0x0
                  RenderInline {A} at (0,0) size 144x15 [color=#0000EE]
                    RenderText {#text} at (0,1245) size 144x15
                      text run at (0,1245) width 144: "RELEASE (Connection)"
                  RenderText {#text} at (144,1245) size 4x15
                    text run at (144,1245) width 4: " "
                  RenderBR {BR} at (148,1257) size 0x0
                  RenderInline {A} at (0,0) size 135x15 [color=#0000EE]
                    RenderText {#text} at (0,1260) size 135x15
                      text run at (0,1260) width 135: "RELEASE SAVEPOINT"
                  RenderText {#text} at (135,1260) size 4x15
                    text run at (135,1260) width 4: " "
                  RenderBR {BR} at (139,1272) size 0x0
                  RenderInline {A} at (0,0) size 100x15 [color=#0000EE]
                    RenderText {#text} at (0,1275) size 100x15
                      text run at (0,1275) width 100: "RENAME TABLE"
                  RenderText {#text} at (100,1275) size 4x15
                    text run at (100,1275) width 4: " "
                  RenderBR {BR} at (104,1287) size 0x0
                  RenderInline {A} at (0,0) size 142x15 [color=#0000EE]
                    RenderText {#text} at (0,1290) size 142x15
                      text run at (0,1290) width 142: "RENAME TABLESPACE"
                  RenderText {#text} at (142,1290) size 4x15
                    text run at (142,1290) width 4: " "
                  RenderBR {BR} at (146,1302) size 0x0
                  RenderInline {A} at (0,0) size 204x15 [color=#0000EE]
                    RenderText {#text} at (0,1305) size 204x15
                      text run at (0,1305) width 204: "REVOKE (Database Authorities)"
                  RenderText {#text} at (204,1305) size 4x15
                    text run at (204,1305) width 4: " "
                  RenderBR {BR} at (208,1317) size 0x0
                  RenderInline {A} at (0,0) size 171x15 [color=#0000EE]
                    RenderText {#text} at (0,1320) size 171x15
                      text run at (0,1320) width 171: "REVOKE (Index Privileges)"
                  RenderText {#text} at (171,1320) size 4x15
                    text run at (171,1320) width 4: " "
                  RenderBR {BR} at (175,1332) size 0x0
                  RenderInline {A} at (0,0) size 190x15 [color=#0000EE]
                    RenderText {#text} at (0,1335) size 190x15
                      text run at (0,1335) width 190: "REVOKE (Package Privileges)"
                  RenderText {#text} at (190,1335) size 4x15
                    text run at (190,1335) width 4: " "
                  RenderBR {BR} at (194,1347) size 0x0
                  RenderInline {A} at (0,0) size 187x15 [color=#0000EE]
                    RenderText {#text} at (0,1350) size 187x15
                      text run at (0,1350) width 187: "REVOKE (Schema Privileges)"
                  RenderText {#text} at (187,1350) size 4x15
                    text run at (187,1350) width 4: " "
                  RenderBR {BR} at (191,1362) size 0x0
                  RenderInline {A} at (0,0) size 177x15 [color=#0000EE]
                    RenderText {#text} at (0,1365) size 177x15
                      text run at (0,1365) width 177: "REVOKE (Server Privileges)"
                  RenderText {#text} at (177,1365) size 4x15
                    text run at (177,1365) width 4: " "
                  RenderBR {BR} at (181,1377) size 0x0
                  RenderInline {A} at (0,0) size 302x15 [color=#0000EE]
                    RenderText {#text} at (0,1380) size 302x15
                      text run at (0,1380) width 302: "REVOKE (Table, View, or Nickname Privileges)"
                  RenderText {#text} at (302,1380) size 4x15
                    text run at (302,1380) width 4: " "
                  RenderBR {BR} at (306,1392) size 0x0
                  RenderInline {A} at (0,0) size 214x15 [color=#0000EE]
                    RenderText {#text} at (0,1395) size 214x15
                      text run at (0,1395) width 214: "REVOKE (Table Space Privileges)"
                  RenderText {#text} at (214,1395) size 4x15
                    text run at (214,1395) width 4: " "
                  RenderBR {BR} at (218,1407) size 0x0
                  RenderInline {A} at (0,0) size 69x15 [color=#0000EE]
                    RenderText {#text} at (0,1410) size 69x15
                      text run at (0,1410) width 69: "ROLLBACK"
                  RenderText {#text} at (69,1410) size 4x15
                    text run at (69,1410) width 4: " "
                  RenderBR {BR} at (73,1422) size 0x0
                  RenderInline {A} at (0,0) size 74x15 [color=#0000EE]
                    RenderText {#text} at (0,1425) size 74x15
                      text run at (0,1425) width 74: "SAVEPOINT"
                  RenderText {#text} at (74,1425) size 4x15
                    text run at (74,1425) width 4: " "
                  RenderBR {BR} at (78,1437) size 0x0
                  RenderInline {A} at (0,0) size 48x15 [color=#0000EE]
                    RenderText {#text} at (0,1440) size 48x15
                      text run at (0,1440) width 48: "SELECT"
                  RenderText {#text} at (48,1440) size 4x15
                    text run at (48,1440) width 4: " "
                  RenderBR {BR} at (52,1452) size 0x0
                  RenderInline {A} at (0,0) size 84x15 [color=#0000EE]
                    RenderText {#text} at (0,1455) size 84x15
                      text run at (0,1455) width 84: "SELECT INTO"
                  RenderText {#text} at (84,1455) size 4x15
                    text run at (84,1455) width 4: " "
                  RenderBR {BR} at (88,1467) size 0x0
                  RenderInline {A} at (0,0) size 116x15 [color=#0000EE]
                    RenderText {#text} at (0,1470) size 116x15
                      text run at (0,1470) width 116: "SET CONNECTION"
                  RenderText {#text} at (116,1470) size 4x15
                    text run at (116,1470) width 4: " "
                  RenderBR {BR} at (120,1482) size 0x0
                  RenderInline {A} at (0,0) size 290x15 [color=#0000EE]
                    RenderText {#text} at (0,1485) size 290x15
                      text run at (0,1485) width 290: "SET CURRENT DEFAULT TRANSFORM GROUP"
                  RenderText {#text} at (290,1485) size 4x15
                    text run at (290,1485) width 4: " "
                  RenderBR {BR} at (294,1497) size 0x0
                  RenderInline {A} at (0,0) size 148x15 [color=#0000EE]
                    RenderText {#text} at (0,1500) size 148x15
                      text run at (0,1500) width 148: "SET CURRENT DEGREE"
                  RenderText {#text} at (148,1500) size 4x15
                    text run at (148,1500) width 4: " "
                  RenderBR {BR} at (152,1512) size 0x0
                  RenderInline {A} at (0,0) size 193x15 [color=#0000EE]
                    RenderText {#text} at (0,1515) size 193x15
                      text run at (0,1515) width 193: "SET CURRENT EXPLAIN MODE"
                  RenderText {#text} at (193,1515) size 4x15
                    text run at (193,1515) width 4: " "
                  RenderBR {BR} at (197,1527) size 0x0
                  RenderInline {A} at (0,0) size 225x15 [color=#0000EE]
                    RenderText {#text} at (0,1530) size 225x15
                      text run at (0,1530) width 225: "SET CURRENT EXPLAIN SNAPSHOT"
                  RenderText {#text} at (225,1530) size 4x15
                    text run at (225,1530) width 4: " "
                  RenderBR {BR} at (229,1542) size 0x0
                  RenderInline {A} at (0,0) size 181x15 [color=#0000EE]
                    RenderText {#text} at (0,1545) size 181x15
                      text run at (0,1545) width 181: "SET CURRENT PACKAGESET"
                  RenderText {#text} at (181,1545) size 4x15
                    text run at (181,1545) width 4: " "
                  RenderBR {BR} at (185,1557) size 0x0
                  RenderInline {A} at (0,0) size 239x15 [color=#0000EE]
                    RenderText {#text} at (0,1560) size 239x15
                      text run at (0,1560) width 239: "SET CURRENT QUERY OPTIMIZATION"
                  RenderText {#text} at (239,1560) size 4x15
                    text run at (239,1560) width 4: " "
                  RenderBR {BR} at (243,1572) size 0x0
                  RenderInline {A} at (0,0) size 185x15 [color=#0000EE]
                    RenderText {#text} at (0,1575) size 185x15
                      text run at (0,1575) width 185: "SET CURRENT REFRESH AGE"
                  RenderText {#text} at (185,1575) size 4x15
                    text run at (185,1575) width 4: " "
                  RenderBR {BR} at (189,1587) size 0x0
                  RenderInline {A} at (0,0) size 182x15 [color=#0000EE]
                    RenderText {#text} at (0,1590) size 182x15
                      text run at (0,1590) width 182: "SET EVENT MONITOR STATE"
                  RenderText {#text} at (182,1590) size 4x15
                    text run at (182,1590) width 4: " "
                  RenderBR {BR} at (186,1602) size 0x0
                  RenderInline {A} at (0,0) size 97x15 [color=#0000EE]
                    RenderText {#text} at (0,1605) size 97x15
                      text run at (0,1605) width 97: "SET INTEGRITY"
                  RenderText {#text} at (97,1605) size 4x15
                    text run at (97,1605) width 4: " "
                  RenderBR {BR} at (101,1617) size 0x0
                  RenderInline {A} at (0,0) size 98x15 [color=#0000EE]
                    RenderText {#text} at (0,1620) size 98x15
                      text run at (0,1620) width 98: "SET PASSTHRU"
                  RenderText {#text} at (98,1620) size 4x15
                    text run at (98,1620) width 4: " "
                  RenderBR {BR} at (102,1632) size 0x0
                  RenderInline {A} at (0,0) size 63x15 [color=#0000EE]
                    RenderText {#text} at (0,1635) size 63x15
                      text run at (0,1635) width 63: "SET PATH"
                  RenderText {#text} at (63,1635) size 4x15
                    text run at (63,1635) width 4: " "
                  RenderBR {BR} at (67,1647) size 0x0
                  RenderInline {A} at (0,0) size 83x15 [color=#0000EE]
                    RenderText {#text} at (0,1650) size 83x15
                      text run at (0,1650) width 83: "SET SCHEMA"
                  RenderText {#text} at (83,1650) size 4x15
                    text run at (83,1650) width 4: " "
                  RenderBR {BR} at (87,1662) size 0x0
                  RenderInline {A} at (0,0) size 133x15 [color=#0000EE]
                    RenderText {#text} at (0,1665) size 133x15
                      text run at (0,1665) width 133: "SET SERVER OPTION"
                  RenderText {#text} at (133,1665) size 4x15
                    text run at (133,1665) width 4: " "
                  RenderBR {BR} at (137,1677) size 0x0
                  RenderInline {A} at (0,0) size 148x15 [color=#0000EE]
                    RenderText {#text} at (0,1680) size 148x15
                      text run at (0,1680) width 148: "SET transition-variable"
                  RenderText {#text} at (148,1680) size 4x15
                    text run at (148,1680) width 4: " "
                  RenderBR {BR} at (152,1692) size 0x0
                  RenderInline {A} at (0,0) size 118x15 [color=#0000EE]
                    RenderText {#text} at (0,1695) size 118x15
                      text run at (0,1695) width 118: "SIGNAL SQLSTATE"
                  RenderText {#text} at (118,1695) size 4x15
                    text run at (118,1695) width 4: " "
                  RenderBR {BR} at (122,1707) size 0x0
                  RenderInline {A} at (0,0) size 53x15 [color=#0000EE]
                    RenderText {#text} at (0,1710) size 53x15
                      text run at (0,1710) width 53: "UPDATE"
                  RenderText {#text} at (53,1710) size 4x15
                    text run at (53,1710) width 4: " "
                  RenderBR {BR} at (57,1722) size 0x0
                  RenderInline {A} at (0,0) size 51x15 [color=#0000EE]
                    RenderText {#text} at (0,1725) size 51x15
                      text run at (0,1725) width 51: "VALUES"
                  RenderText {#text} at (51,1725) size 4x15
                    text run at (51,1725) width 4: " "
                  RenderBR {BR} at (55,1737) size 0x0
                  RenderInline {A} at (0,0) size 87x15 [color=#0000EE]
                    RenderText {#text} at (0,1740) size 87x15
                      text run at (0,1740) width 87: "VALUES INTO"
                  RenderText {#text} at (87,1740) size 4x15
                    text run at (87,1740) width 4: " "
                  RenderBR {BR} at (91,1752) size 0x0
                  RenderInline {A} at (0,0) size 75x15 [color=#0000EE]
                    RenderText {#text} at (0,1755) size 75x15
                      text run at (0,1755) width 75: "WHENEVER"
                  RenderText {#text} at (0,0) size 0x0
                RenderBlock {P} at (0,7387) size 812x300
                  RenderInline {B} at (0,0) size 116x15
                    RenderInline {A} at (0,0) size 116x15 [color=#0000EE]
                      RenderText {#text} at (0,0) size 116x15
                        text run at (0,0) width 116: "SQL Procedures"
                  RenderBR {BR} at (116,12) size 0x0
                  RenderBR {BR} at (0,15) size 0x15
                  RenderInline {A} at (0,0) size 166x15 [color=#0000EE]
                    RenderText {#text} at (0,30) size 166x15
                      text run at (0,30) width 166: "SQL Procedure Statement"
                  RenderText {#text} at (166,30) size 4x15
                    text run at (166,30) width 4: " "
                  RenderBR {BR} at (170,42) size 0x0
                  RenderInline {A} at (0,0) size 198x15 [color=#0000EE]
                    RenderText {#text} at (0,45) size 198x15
                      text run at (0,45) width 198: "ALLOCATE CURSOR Statement"
                  RenderText {#text} at (198,45) size 4x15
                    text run at (198,45) width 4: " "
                  RenderBR {BR} at (202,57) size 0x0
                  RenderInline {A} at (0,0) size 149x15 [color=#0000EE]
                    RenderText {#text} at (0,60) size 149x15
                      text run at (0,60) width 149: "Assignment Statement"
                  RenderText {#text} at (149,60) size 4x15
                    text run at (149,60) width 4: " "
                  RenderBR {BR} at (153,72) size 0x0
                  RenderInline {A} at (0,0) size 219x15 [color=#0000EE]
                    RenderText {#text} at (0,75) size 219x15
                      text run at (0,75) width 219: "ASSOCIATE LOCATORS Statement"
                  RenderText {#text} at (219,75) size 4x15
                    text run at (219,75) width 4: " "
                  RenderBR {BR} at (223,87) size 0x0
                  RenderInline {A} at (0,0) size 106x15 [color=#0000EE]
                    RenderText {#text} at (0,90) size 106x15
                      text run at (0,90) width 106: "CASE Statement"
                  RenderText {#text} at (106,90) size 4x15
                    text run at (106,90) width 4: " "
                  RenderBR {BR} at (110,102) size 0x0
                  RenderInline {A} at (0,0) size 142x15 [color=#0000EE]
                    RenderText {#text} at (0,105) size 142x15
                      text run at (0,105) width 142: "Compound Statement"
                  RenderText {#text} at (142,105) size 4x15
                    text run at (142,105) width 4: " "
                  RenderBR {BR} at (146,117) size 0x0
                  RenderInline {A} at (0,0) size 98x15 [color=#0000EE]
                    RenderText {#text} at (0,120) size 98x15
                      text run at (0,120) width 98: "FOR Statement"
                  RenderText {#text} at (98,120) size 4x15
                    text run at (98,120) width 4: " "
                  RenderBR {BR} at (102,132) size 0x0
                  RenderInline {A} at (0,0) size 192x15 [color=#0000EE]
                    RenderText {#text} at (0,135) size 192x15
                      text run at (0,135) width 192: "GET DIAGNOSTICS Statement"
                  RenderText {#text} at (192,135) size 4x15
                    text run at (192,135) width 4: " "
                  RenderBR {BR} at (196,147) size 0x0
                  RenderInline {A} at (0,0) size 110x15 [color=#0000EE]
                    RenderText {#text} at (0,150) size 110x15
                      text run at (0,150) width 110: "GOTO Statement"
                  RenderText {#text} at (110,150) size 4x15
                    text run at (110,150) width 4: " "
                  RenderBR {BR} at (114,162) size 0x0
                  RenderInline {A} at (0,0) size 83x15 [color=#0000EE]
                    RenderText {#text} at (0,165) size 83x15
                      text run at (0,165) width 83: "IF Statement"
                  RenderText {#text} at (83,165) size 4x15
                    text run at (83,165) width 4: " "
                  RenderBR {BR} at (87,177) size 0x0
                  RenderInline {A} at (0,0) size 126x15 [color=#0000EE]
                    RenderText {#text} at (0,180) size 126x15
                      text run at (0,180) width 126: "ITERATE Statement"
                  RenderText {#text} at (126,180) size 4x15
                    text run at (126,180) width 4: " "
                  RenderBR {BR} at (130,192) size 0x0
                  RenderInline {A} at (0,0) size 113x15 [color=#0000EE]
                    RenderText {#text} at (0,195) size 113x15
                      text run at (0,195) width 113: "LEAVE Statement"
                  RenderText {#text} at (113,195) size 4x15
                    text run at (113,195) width 4: " "
                  RenderBR {BR} at (117,207) size 0x0
                  RenderInline {A} at (0,0) size 107x15 [color=#0000EE]
                    RenderText {#text} at (0,210) size 107x15
                      text run at (0,210) width 107: "LOOP Statement"
                  RenderText {#text} at (107,210) size 4x15
                    text run at (107,210) width 4: " "
                  RenderBR {BR} at (111,222) size 0x0
                  RenderInline {A} at (0,0) size 122x15 [color=#0000EE]
                    RenderText {#text} at (0,225) size 122x15
                      text run at (0,225) width 122: "REPEAT Statement"
                  RenderText {#text} at (122,225) size 4x15
                    text run at (122,225) width 4: " "
                  RenderBR {BR} at (126,237) size 0x0
                  RenderInline {A} at (0,0) size 137x15 [color=#0000EE]
                    RenderText {#text} at (0,240) size 137x15
                      text run at (0,240) width 137: "RESIGNAL Statement"
                  RenderText {#text} at (137,240) size 4x15
                    text run at (137,240) width 4: " "
                  RenderBR {BR} at (141,252) size 0x0
                  RenderInline {A} at (0,0) size 126x15 [color=#0000EE]
                    RenderText {#text} at (0,255) size 126x15
                      text run at (0,255) width 126: "RETURN Statement"
                  RenderText {#text} at (126,255) size 4x15
                    text run at (126,255) width 4: " "
                  RenderBR {BR} at (130,267) size 0x0
                  RenderInline {A} at (0,0) size 120x15 [color=#0000EE]
                    RenderText {#text} at (0,270) size 120x15
                      text run at (0,270) width 120: "SIGNAL Statement"
                  RenderText {#text} at (120,270) size 4x15
                    text run at (120,270) width 4: " "
                  RenderBR {BR} at (124,282) size 0x0
                  RenderInline {A} at (0,0) size 114x15 [color=#0000EE]
                    RenderText {#text} at (0,285) size 114x15
                      text run at (0,285) width 114: "WHILE Statement"
                  RenderText {#text} at (0,0) size 0x0
                RenderBlock {P} at (0,7700) size 812x15
                  RenderInline {B} at (0,0) size 169x15
                    RenderInline {A} at (0,0) size 169x15 [color=#0000EE]
                      RenderText {#text} at (0,0) size 169x15
                        text run at (0,0) width 169: "Appendix A. SQL Limits"
                  RenderBR {BR} at (169,12) size 0x0
                RenderBlock {P} at (0,7728) size 812x90
                  RenderInline {B} at (0,0) size 312x15
                    RenderInline {A} at (0,0) size 312x15 [color=#0000EE]
                      RenderText {#text} at (0,0) size 312x15
                        text run at (0,0) width 312: "Appendix B. SQL Communications (SQLCA)"
                  RenderBR {BR} at (312,12) size 0x0
                  RenderBR {BR} at (0,15) size 0x15
                  RenderInline {A} at (0,0) size 210x15 [color=#0000EE]
                    RenderText {#text} at (0,30) size 210x15
                      text run at (0,30) width 210: "Viewing the SQLCA Interactively"
                  RenderText {#text} at (210,30) size 4x15
                    text run at (210,30) width 4: " "
                  RenderBR {BR} at (214,42) size 0x0
                  RenderInline {A} at (0,0) size 163x15 [color=#0000EE]
                    RenderText {#text} at (0,45) size 163x15
                      text run at (0,45) width 163: "SQLCA Field Descriptions"
                  RenderText {#text} at (163,45) size 4x15
                    text run at (163,45) width 4: " "
                  RenderBR {BR} at (167,57) size 0x0
                  RenderInline {A} at (0,0) size 155x15 [color=#0000EE]
                    RenderText {#text} at (0,60) size 155x15
                      text run at (0,60) width 155: "Order of Error Reporting"
                  RenderText {#text} at (155,60) size 4x15
                    text run at (155,60) width 4: " "
                  RenderBR {BR} at (159,72) size 0x0
                  RenderInline {A} at (0,0) size 354x15 [color=#0000EE]
                    RenderText {#text} at (0,75) size 354x15
                      text run at (0,75) width 354: "DB2 Enterprise - Extended Edition Usage of the SQLCA"
                  RenderText {#text} at (0,0) size 0x0
                RenderBlock {P} at (0,7831) size 812x165
                  RenderInline {B} at (0,0) size 306x15
                    RenderInline {A} at (0,0) size 306x15 [color=#0000EE]
                      RenderText {#text} at (0,0) size 306x15
                        text run at (0,0) width 306: "Appendix C. SQL Descriptor Area (SQLDA)"
                  RenderBR {BR} at (306,12) size 0x0
                  RenderBR {BR} at (0,15) size 0x15
                  RenderInline {A} at (0,0) size 116x15 [color=#0000EE]
                    RenderText {#text} at (0,30) size 116x15
                      text run at (0,30) width 116: "Field Descriptions"
                  RenderText {#text} at (116,30) size 4x15
                    text run at (116,30) width 4: " "
                  RenderBR {BR} at (120,42) size 0x0
                  RenderInline {A} at (0,0) size 178x15 [color=#0000EE]
                    RenderText {#text} at (0,45) size 178x15
                      text run at (0,45) width 178: "Fields in the SQLDA Header"
                  RenderText {#text} at (178,45) size 4x15
                    text run at (178,45) width 4: " "
                  RenderBR {BR} at (182,57) size 0x0
                  RenderInline {A} at (0,0) size 272x15 [color=#0000EE]
                    RenderText {#text} at (0,60) size 272x15
                      text run at (0,60) width 272: "Fields in an Occurrence of a Base SQLVAR"
                  RenderText {#text} at (272,60) size 4x15
                    text run at (272,60) width 4: " "
                  RenderBR {BR} at (276,72) size 0x0
                  RenderInline {A} at (0,0) size 308x15 [color=#0000EE]
                    RenderText {#text} at (0,75) size 308x15
                      text run at (0,75) width 308: "Fields in an Occurrence of a Secondary SQLVAR"
                  RenderText {#text} at (308,75) size 4x15
                    text run at (308,75) width 4: " "
                  RenderBR {BR} at (312,87) size 0x0
                  RenderInline {A} at (0,0) size 217x15 [color=#0000EE]
                    RenderText {#text} at (0,90) size 217x15
                      text run at (0,90) width 217: "Effect of DESCRIBE on the SQLDA"
                  RenderText {#text} at (217,90) size 4x15
                    text run at (217,90) width 4: " "
                  RenderBR {BR} at (221,102) size 0x0
                  RenderInline {A} at (0,0) size 139x15 [color=#0000EE]
                    RenderText {#text} at (0,105) size 139x15
                      text run at (0,105) width 139: "SQLTYPE and SQLLEN"
                  RenderText {#text} at (139,105) size 4x15
                    text run at (139,105) width 4: " "
                  RenderBR {BR} at (143,117) size 0x0
                  RenderInline {A} at (0,0) size 273x15 [color=#0000EE]
                    RenderText {#text} at (0,120) size 273x15
                      text run at (0,120) width 273: "Unrecognized and Unsupported SQLTYPES"
                  RenderText {#text} at (273,120) size 4x15
                    text run at (273,120) width 4: " "
                  RenderBR {BR} at (277,132) size 0x0
                  RenderInline {A} at (0,0) size 168x15 [color=#0000EE]
                    RenderText {#text} at (0,135) size 168x15
                      text run at (0,135) width 168: "Packed Decimal Numbers"
                  RenderText {#text} at (168,135) size 4x15
                    text run at (168,135) width 4: " "
                  RenderBR {BR} at (172,147) size 0x0
                  RenderInline {A} at (0,0) size 165x15 [color=#0000EE]
                    RenderText {#text} at (0,150) size 165x15
                      text run at (0,150) width 165: "SQLLEN Field for Decimal"
                  RenderText {#text} at (0,0) size 0x0
                RenderBlock {P} at (0,8009) size 812x1095
                  RenderInline {B} at (0,0) size 197x15
                    RenderInline {A} at (0,0) size 197x15 [color=#0000EE]
                      RenderText {#text} at (0,0) size 197x15
                        text run at (0,0) width 197: "Appendix D. Catalog Views"
                  RenderBR {BR} at (197,12) size 0x0
                  RenderBR {BR} at (0,15) size 0x15
                  RenderInline {A} at (0,0) size 164x15 [color=#0000EE]
                    RenderText {#text} at (0,30) size 164x15
                      text run at (0,30) width 164: "Updatable Catalog Views"
                  RenderText {#text} at (164,30) size 4x15
                    text run at (164,30) width 4: " "
                  RenderBR {BR} at (168,42) size 0x0
                  RenderInline {A} at (0,0) size 184x15 [color=#0000EE]
                    RenderText {#text} at (0,45) size 184x15
                      text run at (0,45) width 184: "'Roadmap' to Catalog Views"
                  RenderText {#text} at (184,45) size 4x15
                    text run at (184,45) width 4: " "
                  RenderBR {BR} at (188,57) size 0x0
                  RenderInline {A} at (0,0) size 255x15 [color=#0000EE]
                    RenderText {#text} at (0,60) size 255x15
                      text run at (0,60) width 255: "'Roadmap' to Updatable Catalog Views"
                  RenderText {#text} at (255,60) size 4x15
                    text run at (255,60) width 4: " "
                  RenderBR {BR} at (259,72) size 0x0
                  RenderInline {A} at (0,0) size 134x15 [color=#0000EE]
                    RenderText {#text} at (0,75) size 134x15
                      text run at (0,75) width 134: "SYSIBM.SYSDUMMY1"
                  RenderText {#text} at (134,75) size 4x15
                    text run at (134,75) width 4: " "
                  RenderBR {BR} at (138,87) size 0x0
                  RenderInline {A} at (0,0) size 135x15 [color=#0000EE]
                    RenderText {#text} at (0,90) size 135x15
                      text run at (0,90) width 135: "SYSCAT.ATTRIBUTES"
                  RenderText {#text} at (135,90) size 4x15
                    text run at (135,90) width 4: " "
                  RenderBR {BR} at (139,102) size 0x0
                  RenderInline {A} at (0,0) size 185x15 [color=#0000EE]
                    RenderText {#text} at (0,105) size 185x15
                      text run at (0,105) width 185: "SYSCAT.BUFFERPOOLNODES"
                  RenderText {#text} at (185,105) size 4x15
                    text run at (185,105) width 4: " "
                  RenderBR {BR} at (189,117) size 0x0
                  RenderInline {A} at (0,0) size 147x15 [color=#0000EE]
                    RenderText {#text} at (0,120) size 147x15
                      text run at (0,120) width 147: "SYSCAT.BUFFERPOOLS"
                  RenderText {#text} at (147,120) size 4x15
                    text run at (147,120) width 4: " "
                  RenderBR {BR} at (151,132) size 0x0
                  RenderInline {A} at (0,0) size 164x15 [color=#0000EE]
                    RenderText {#text} at (0,135) size 164x15
                      text run at (0,135) width 164: "SYSCAT.CASTFUNCTIONS"
                  RenderText {#text} at (164,135) size 4x15
                    text run at (164,135) width 4: " "
                  RenderBR {BR} at (168,147) size 0x0
                  RenderInline {A} at (0,0) size 107x15 [color=#0000EE]
                    RenderText {#text} at (0,150) size 107x15
                      text run at (0,150) width 107: "SYSCAT.CHECKS"
                  RenderText {#text} at (107,150) size 4x15
                    text run at (107,150) width 4: " "
                  RenderBR {BR} at (111,162) size 0x0
                  RenderInline {A} at (0,0) size 117x15 [color=#0000EE]
                    RenderText {#text} at (0,165) size 117x15
                      text run at (0,165) width 117: "SYSCAT.COLAUTH"
                  RenderText {#text} at (117,165) size 4x15
                    text run at (117,165) width 4: " "
                  RenderBR {BR} at (121,177) size 0x0
                  RenderInline {A} at (0,0) size 133x15 [color=#0000EE]
                    RenderText {#text} at (0,180) size 133x15
                      text run at (0,180) width 133: "SYSCAT.COLCHECKS"
                  RenderText {#text} at (133,180) size 4x15
                    text run at (133,180) width 4: " "
                  RenderBR {BR} at (137,192) size 0x0
                  RenderInline {A} at (0,0) size 110x15 [color=#0000EE]
                    RenderText {#text} at (0,195) size 110x15
                      text run at (0,195) width 110: "SYSCAT.COLDIST"
                  RenderText {#text} at (110,195) size 4x15
                    text run at (110,195) width 4: " "
                  RenderBR {BR} at (114,207) size 0x0
                  RenderInline {A} at (0,0) size 138x15 [color=#0000EE]
                    RenderText {#text} at (0,210) size 138x15
                      text run at (0,210) width 138: "SYSCAT.COLOPTIONS"
                  RenderText {#text} at (138,210) size 4x15
                    text run at (138,210) width 4: " "
                  RenderBR {BR} at (142,222) size 0x0
                  RenderInline {A} at (0,0) size 119x15 [color=#0000EE]
                    RenderText {#text} at (0,225) size 119x15
                      text run at (0,225) width 119: "SYSCAT.COLUMNS"
                  RenderText {#text} at (119,225) size 4x15
                    text run at (119,225) width 4: " "
                  RenderBR {BR} at (123,237) size 0x0
                  RenderInline {A} at (0,0) size 125x15 [color=#0000EE]
                    RenderText {#text} at (0,240) size 125x15
                      text run at (0,240) width 125: "SYSCAT.CONSTDEP"
                  RenderText {#text} at (125,240) size 4x15
                    text run at (125,240) width 4: " "
                  RenderBR {BR} at (129,252) size 0x0
                  RenderInline {A} at (0,0) size 130x15 [color=#0000EE]
                    RenderText {#text} at (0,255) size 130x15
                      text run at (0,255) width 130: "SYSCAT.DATATYPES"
                  RenderText {#text} at (130,255) size 4x15
                    text run at (130,255) width 4: " "
                  RenderBR {BR} at (134,267) size 0x0
                  RenderInline {A} at (0,0) size 110x15 [color=#0000EE]
                    RenderText {#text} at (0,270) size 110x15
                      text run at (0,270) width 110: "SYSCAT.DBAUTH"
                  RenderText {#text} at (110,270) size 4x15
                    text run at (110,270) width 4: " "
                  RenderBR {BR} at (114,282) size 0x0
                  RenderInline {A} at (0,0) size 167x15 [color=#0000EE]
                    RenderText {#text} at (0,285) size 167x15
                      text run at (0,285) width 167: "SYSCAT.EVENTMONITORS"
                  RenderText {#text} at (167,285) size 4x15
                    text run at (167,285) width 4: " "
                  RenderBR {BR} at (171,297) size 0x0
                  RenderInline {A} at (0,0) size 105x15 [color=#0000EE]
                    RenderText {#text} at (0,300) size 105x15
                      text run at (0,300) width 105: "SYSCAT.EVENTS"
                  RenderText {#text} at (105,300) size 4x15
                    text run at (105,300) width 4: " "
                  RenderBR {BR} at (109,312) size 0x0
                  RenderInline {A} at (0,0) size 173x15 [color=#0000EE]
                    RenderText {#text} at (0,315) size 173x15
                      text run at (0,315) width 173: "SYSCAT.FULLHIERARCHIES"
                  RenderText {#text} at (173,315) size 4x15
                    text run at (173,315) width 4: " "
                  RenderBR {BR} at (177,327) size 0x0
                  RenderInline {A} at (0,0) size 116x15 [color=#0000EE]
                    RenderText {#text} at (0,330) size 116x15
                      text run at (0,330) width 116: "SYSCAT.FUNCDEP"
                  RenderText {#text} at (116,330) size 4x15
                    text run at (116,330) width 4: " "
                  RenderBR {BR} at (120,342) size 0x0
                  RenderInline {A} at (0,0) size 176x15 [color=#0000EE]
                    RenderText {#text} at (0,345) size 176x15
                      text run at (0,345) width 176: "SYSCAT.FUNCMAPOPTIONS"
                  RenderText {#text} at (176,345) size 4x15
                    text run at (176,345) width 4: " "
                  RenderBR {BR} at (180,357) size 0x0
                  RenderInline {A} at (0,0) size 213x15 [color=#0000EE]
                    RenderText {#text} at (0,360) size 213x15
                      text run at (0,360) width 213: "SYSCAT.FUNCMAPPARMOPTIONS"
                  RenderText {#text} at (213,360) size 4x15
                    text run at (213,360) width 4: " "
                  RenderBR {BR} at (217,372) size 0x0
                  RenderInline {A} at (0,0) size 158x15 [color=#0000EE]
                    RenderText {#text} at (0,375) size 158x15
                      text run at (0,375) width 158: "SYSCAT.FUNCMAPPINGS"
                  RenderText {#text} at (158,375) size 4x15
                    text run at (158,375) width 4: " "
                  RenderBR {BR} at (162,387) size 0x0
                  RenderInline {A} at (0,0) size 135x15 [color=#0000EE]
                    RenderText {#text} at (0,390) size 135x15
                      text run at (0,390) width 135: "SYSCAT.FUNCPARMS"
                  RenderText {#text} at (135,390) size 4x15
                    text run at (135,390) width 4: " "
                  RenderBR {BR} at (139,402) size 0x0
                  RenderInline {A} at (0,0) size 130x15 [color=#0000EE]
                    RenderText {#text} at (0,405) size 130x15
                      text run at (0,405) width 130: "SYSCAT.FUNCTIONS"
                  RenderText {#text} at (130,405) size 4x15
                    text run at (130,405) width 4: " "
                  RenderBR {BR} at (134,417) size 0x0
                  RenderInline {A} at (0,0) size 142x15 [color=#0000EE]
                    RenderText {#text} at (0,420) size 142x15
                      text run at (0,420) width 142: "SYSCAT.HIERARCHIES"
                  RenderText {#text} at (142,420) size 4x15
                    text run at (142,420) width 4: " "
                  RenderBR {BR} at (146,432) size 0x0
                  RenderInline {A} at (0,0) size 132x15 [color=#0000EE]
                    RenderText {#text} at (0,435) size 132x15
                      text run at (0,435) width 132: "SYSCAT.INDEXAUTH"
                  RenderText {#text} at (132,435) size 4x15
                    text run at (132,435) width 4: " "
                  RenderBR {BR} at (136,447) size 0x0
                  RenderInline {A} at (0,0) size 147x15 [color=#0000EE]
                    RenderText {#text} at (0,450) size 147x15
                      text run at (0,450) width 147: "SYSCAT.INDEXCOLUSE"
                  RenderText {#text} at (147,450) size 4x15
                    text run at (147,450) width 4: " "
                  RenderBR {BR} at (151,462) size 0x0
                  RenderInline {A} at (0,0) size 121x15 [color=#0000EE]
                    RenderText {#text} at (0,465) size 121x15
                      text run at (0,465) width 121: "SYSCAT.INDEXDEP"
                  RenderText {#text} at (121,465) size 4x15
                    text run at (121,465) width 4: " "
                  RenderBR {BR} at (125,477) size 0x0
                  RenderInline {A} at (0,0) size 111x15 [color=#0000EE]
                    RenderText {#text} at (0,480) size 111x15
                      text run at (0,480) width 111: "SYSCAT.INDEXES"
                  RenderText {#text} at (111,480) size 4x15
                    text run at (111,480) width 4: " "
                  RenderBR {BR} at (115,492) size 0x0
                  RenderInline {A} at (0,0) size 153x15 [color=#0000EE]
                    RenderText {#text} at (0,495) size 153x15
                      text run at (0,495) width 153: "SYSCAT.INDEXOPTIONS"
                  RenderText {#text} at (153,495) size 4x15
                    text run at (153,495) width 4: " "
                  RenderBR {BR} at (157,507) size 0x0
                  RenderInline {A} at (0,0) size 131x15 [color=#0000EE]
                    RenderText {#text} at (0,510) size 131x15
                      text run at (0,510) width 131: "SYSCAT.KEYCOLUSE"
                  RenderText {#text} at (131,510) size 4x15
                    text run at (131,510) width 4: " "
                  RenderBR {BR} at (135,522) size 0x0
                  RenderInline {A} at (0,0) size 160x15 [color=#0000EE]
                    RenderText {#text} at (0,525) size 160x15
                      text run at (0,525) width 160: "SYSCAT.NAMEMAPPINGS"
                  RenderText {#text} at (160,525) size 4x15
                    text run at (160,525) width 4: " "
                  RenderBR {BR} at (164,537) size 0x0
                  RenderInline {A} at (0,0) size 164x15 [color=#0000EE]
                    RenderText {#text} at (0,540) size 164x15
                      text run at (0,540) width 164: "SYSCAT.NODEGROUPDEF"
                  RenderText {#text} at (164,540) size 4x15
                    text run at (164,540) width 4: " "
                  RenderBR {BR} at (168,552) size 0x0
                  RenderInline {A} at (0,0) size 147x15 [color=#0000EE]
                    RenderText {#text} at (0,555) size 147x15
                      text run at (0,555) width 147: "SYSCAT.NODEGROUPS"
                  RenderText {#text} at (147,555) size 4x15
                    text run at (147,555) width 4: " "
                  RenderBR {BR} at (151,567) size 0x0
                  RenderInline {A} at (0,0) size 153x15 [color=#0000EE]
                    RenderText {#text} at (0,570) size 153x15
                      text run at (0,570) width 153: "SYSCAT.PACKAGEAUTH"
                  RenderText {#text} at (153,570) size 4x15
                    text run at (153,570) width 4: " "
                  RenderBR {BR} at (157,582) size 0x0
                  RenderInline {A} at (0,0) size 142x15 [color=#0000EE]
                    RenderText {#text} at (0,585) size 142x15
                      text run at (0,585) width 142: "SYSCAT.PACKAGEDEP"
                  RenderText {#text} at (142,585) size 4x15
                    text run at (142,585) width 4: " "
                  RenderBR {BR} at (146,597) size 0x0
                  RenderInline {A} at (0,0) size 124x15 [color=#0000EE]
                    RenderText {#text} at (0,600) size 124x15
                      text run at (0,600) width 124: "SYSCAT.PACKAGES"
                  RenderText {#text} at (124,600) size 4x15
                    text run at (124,600) width 4: " "
                  RenderBR {BR} at (128,612) size 0x0
                  RenderInline {A} at (0,0) size 160x15 [color=#0000EE]
                    RenderText {#text} at (0,615) size 160x15
                      text run at (0,615) width 160: "SYSCAT.PARTITIONMAPS"
                  RenderText {#text} at (160,615) size 4x15
                    text run at (160,615) width 4: " "
                  RenderBR {BR} at (164,627) size 0x0
                  RenderInline {A} at (0,0) size 161x15 [color=#0000EE]
                    RenderText {#text} at (0,630) size 161x15
                      text run at (0,630) width 161: "SYSCAT.PASSTHRUAUTH"
                  RenderText {#text} at (161,630) size 4x15
                    text run at (161,630) width 4: " "
                  RenderBR {BR} at (165,642) size 0x0
                  RenderInline {A} at (0,0) size 143x15 [color=#0000EE]
                    RenderText {#text} at (0,645) size 143x15
                      text run at (0,645) width 143: "SYSCAT.PROCEDURES"
                  RenderText {#text} at (143,645) size 4x15
                    text run at (143,645) width 4: " "
                  RenderBR {BR} at (147,657) size 0x0
                  RenderInline {A} at (0,0) size 148x15 [color=#0000EE]
                    RenderText {#text} at (0,660) size 148x15
                      text run at (0,660) width 148: "SYSCAT.PROCOPTIONS"
                  RenderText {#text} at (148,660) size 4x15
                    text run at (148,660) width 4: " "
                  RenderBR {BR} at (152,672) size 0x0
                  RenderInline {A} at (0,0) size 185x15 [color=#0000EE]
                    RenderText {#text} at (0,675) size 185x15
                      text run at (0,675) width 185: "SYSCAT.PROCPARMOPTIONS"
                  RenderText {#text} at (185,675) size 4x15
                    text run at (185,675) width 4: " "
                  RenderBR {BR} at (189,687) size 0x0
                  RenderInline {A} at (0,0) size 135x15 [color=#0000EE]
                    RenderText {#text} at (0,690) size 135x15
                      text run at (0,690) width 135: "SYSCAT.PROCPARMS"
                  RenderText {#text} at (135,690) size 4x15
                    text run at (135,690) width 4: " "
                  RenderBR {BR} at (139,702) size 0x0
                  RenderInline {A} at (0,0) size 138x15 [color=#0000EE]
                    RenderText {#text} at (0,705) size 138x15
                      text run at (0,705) width 138: "SYSCAT.REFERENCES"
                  RenderText {#text} at (138,705) size 4x15
                    text run at (138,705) width 4: " "
                  RenderBR {BR} at (142,717) size 0x0
                  RenderInline {A} at (0,0) size 180x15 [color=#0000EE]
                    RenderText {#text} at (0,720) size 180x15
                      text run at (0,720) width 180: "SYSCAT.REVTYPEMAPPINGS"
                  RenderText {#text} at (180,720) size 4x15
                    text run at (180,720) width 4: " "
                  RenderBR {BR} at (184,732) size 0x0
                  RenderInline {A} at (0,0) size 146x15 [color=#0000EE]
                    RenderText {#text} at (0,735) size 146x15
                      text run at (0,735) width 146: "SYSCAT.SCHEMAAUTH"
                  RenderText {#text} at (146,735) size 4x15
                    text run at (146,735) width 4: " "
                  RenderBR {BR} at (150,747) size 0x0
                  RenderInline {A} at (0,0) size 126x15 [color=#0000EE]
                    RenderText {#text} at (0,750) size 126x15
                      text run at (0,750) width 126: "SYSCAT.SCHEMATA"
                  RenderText {#text} at (126,750) size 4x15
                    text run at (126,750) width 4: " "
                  RenderBR {BR} at (130,762) size 0x0
                  RenderInline {A} at (0,0) size 163x15 [color=#0000EE]
                    RenderText {#text} at (0,765) size 163x15
                      text run at (0,765) width 163: "SYSCAT.SERVEROPTIONS"
                  RenderText {#text} at (163,765) size 4x15
                    text run at (163,765) width 4: " "
                  RenderBR {BR} at (167,777) size 0x0
                  RenderInline {A} at (0,0) size 113x15 [color=#0000EE]
                    RenderText {#text} at (0,780) size 113x15
                      text run at (0,780) width 113: "SYSCAT.SERVERS"
                  RenderText {#text} at (113,780) size 4x15
                    text run at (113,780) width 4: " "
                  RenderBR {BR} at (117,792) size 0x0
                  RenderInline {A} at (0,0) size 140x15 [color=#0000EE]
                    RenderText {#text} at (0,795) size 140x15
                      text run at (0,795) width 140: "SYSCAT.STATEMENTS"
                  RenderText {#text} at (140,795) size 4x15
                    text run at (140,795) width 4: " "
                  RenderBR {BR} at (144,807) size 0x0
                  RenderInline {A} at (0,0) size 117x15 [color=#0000EE]
                    RenderText {#text} at (0,810) size 117x15
                      text run at (0,810) width 117: "SYSCAT.TABAUTH"
                  RenderText {#text} at (117,810) size 4x15
                    text run at (117,810) width 4: " "
                  RenderBR {BR} at (121,822) size 0x0
                  RenderInline {A} at (0,0) size 125x15 [color=#0000EE]
                    RenderText {#text} at (0,825) size 125x15
                      text run at (0,825) width 125: "SYSCAT.TABCONST"
                  RenderText {#text} at (125,825) size 4x15
                    text run at (125,825) width 4: " "
                  RenderBR {BR} at (129,837) size 0x0
                  RenderInline {A} at (0,0) size 103x15 [color=#0000EE]
                    RenderText {#text} at (0,840) size 103x15
                      text run at (0,840) width 103: "SYSCAT.TABLES"
                  RenderText {#text} at (103,840) size 4x15
                    text run at (103,840) width 4: " "
                  RenderBR {BR} at (107,852) size 0x0
                  RenderInline {A} at (0,0) size 145x15 [color=#0000EE]
                    RenderText {#text} at (0,855) size 145x15
                      text run at (0,855) width 145: "SYSCAT.TABLESPACES"
                  RenderText {#text} at (145,855) size 4x15
                    text run at (145,855) width 4: " "
                  RenderBR {BR} at (149,867) size 0x0
                  RenderInline {A} at (0,0) size 138x15 [color=#0000EE]
                    RenderText {#text} at (0,870) size 138x15
                      text run at (0,870) width 138: "SYSCAT.TABOPTIONS"
                  RenderText {#text} at (138,870) size 4x15
                    text run at (138,870) width 4: " "
                  RenderBR {BR} at (142,882) size 0x0
                  RenderInline {A} at (0,0) size 150x15 [color=#0000EE]
                    RenderText {#text} at (0,885) size 150x15
                      text run at (0,885) width 150: "SYSCAT.TBSPACEAUTH"
                  RenderText {#text} at (150,885) size 4x15
                    text run at (150,885) width 4: " "
                  RenderBR {BR} at (154,897) size 0x0
                  RenderInline {A} at (0,0) size 111x15 [color=#0000EE]
                    RenderText {#text} at (0,900) size 111x15
                      text run at (0,900) width 111: "SYSCAT.TRIGDEP"
                  RenderText {#text} at (111,900) size 4x15
                    text run at (111,900) width 4: " "
                  RenderBR {BR} at (115,912) size 0x0
                  RenderInline {A} at (0,0) size 120x15 [color=#0000EE]
                    RenderText {#text} at (0,915) size 120x15
                      text run at (0,915) width 120: "SYSCAT.TRIGGERS"
                  RenderText {#text} at (120,915) size 4x15
                    text run at (120,915) width 4: " "
                  RenderBR {BR} at (124,927) size 0x0
                  RenderInline {A} at (0,0) size 154x15 [color=#0000EE]
                    RenderText {#text} at (0,930) size 154x15
                      text run at (0,930) width 154: "SYSCAT.TYPEMAPPINGS"
                  RenderText {#text} at (154,930) size 4x15
                    text run at (154,930) width 4: " "
                  RenderBR {BR} at (158,942) size 0x0
                  RenderInline {A} at (0,0) size 147x15 [color=#0000EE]
                    RenderText {#text} at (0,945) size 147x15
                      text run at (0,945) width 147: "SYSCAT.USEROPTIONS"
                  RenderText {#text} at (147,945) size 4x15
                    text run at (147,945) width 4: " "
                  RenderBR {BR} at (151,957) size 0x0
                  RenderInline {A} at (0,0) size 114x15 [color=#0000EE]
                    RenderText {#text} at (0,960) size 114x15
                      text run at (0,960) width 114: "SYSCAT.VIEWDEP"
                  RenderText {#text} at (114,960) size 4x15
                    text run at (114,960) width 4: " "
                  RenderBR {BR} at (118,972) size 0x0
                  RenderInline {A} at (0,0) size 96x15 [color=#0000EE]
                    RenderText {#text} at (0,975) size 96x15
                      text run at (0,975) width 96: "SYSCAT.VIEWS"
                  RenderText {#text} at (96,975) size 4x15
                    text run at (96,975) width 4: " "
                  RenderBR {BR} at (100,987) size 0x0
                  RenderInline {A} at (0,0) size 151x15 [color=#0000EE]
                    RenderText {#text} at (0,990) size 151x15
                      text run at (0,990) width 151: "SYSCAT.WRAPOPTIONS"
                  RenderText {#text} at (151,990) size 4x15
                    text run at (151,990) width 4: " "
                  RenderBR {BR} at (155,1002) size 0x0
                  RenderInline {A} at (0,0) size 126x15 [color=#0000EE]
                    RenderText {#text} at (0,1005) size 126x15
                      text run at (0,1005) width 126: "SYSCAT.WRAPPERS"
                  RenderText {#text} at (126,1005) size 4x15
                    text run at (126,1005) width 4: " "
                  RenderBR {BR} at (130,1017) size 0x0
                  RenderInline {A} at (0,0) size 117x15 [color=#0000EE]
                    RenderText {#text} at (0,1020) size 117x15
                      text run at (0,1020) width 117: "SYSSTAT.COLDIST"
                  RenderText {#text} at (117,1020) size 4x15
                    text run at (117,1020) width 4: " "
                  RenderBR {BR} at (121,1032) size 0x0
                  RenderInline {A} at (0,0) size 126x15 [color=#0000EE]
                    RenderText {#text} at (0,1035) size 126x15
                      text run at (0,1035) width 126: "SYSSTAT.COLUMNS"
                  RenderText {#text} at (126,1035) size 4x15
                    text run at (126,1035) width 4: " "
                  RenderBR {BR} at (130,1047) size 0x0
                  RenderInline {A} at (0,0) size 137x15 [color=#0000EE]
                    RenderText {#text} at (0,1050) size 137x15
                      text run at (0,1050) width 137: "SYSSTAT.FUNCTIONS"
                  RenderText {#text} at (137,1050) size 4x15
                    text run at (137,1050) width 4: " "
                  RenderBR {BR} at (141,1062) size 0x0
                  RenderInline {A} at (0,0) size 118x15 [color=#0000EE]
                    RenderText {#text} at (0,1065) size 118x15
                      text run at (0,1065) width 118: "SYSSTAT.INDEXES"
                  RenderText {#text} at (118,1065) size 4x15
                    text run at (118,1065) width 4: " "
                  RenderBR {BR} at (122,1077) size 0x0
                  RenderInline {A} at (0,0) size 110x15 [color=#0000EE]
                    RenderText {#text} at (0,1080) size 110x15
                      text run at (0,1080) width 110: "SYSSTAT.TABLES"
                  RenderText {#text} at (0,0) size 0x0
                RenderBlock {P} at (0,9117) size 812x165
                  RenderInline {B} at (0,0) size 425x15
                    RenderInline {A} at (0,0) size 425x15 [color=#0000EE]
                      RenderText {#text} at (0,0) size 425x15
                        text run at (0,0) width 425: "Appendix E. Catalog Views For Use With Structured Types"
                  RenderBR {BR} at (425,12) size 0x0
                  RenderBR {BR} at (0,15) size 0x15
                  RenderInline {A} at (0,0) size 184x15 [color=#0000EE]
                    RenderText {#text} at (0,30) size 184x15
                      text run at (0,30) width 184: "'Roadmap' to Catalog Views"
                  RenderText {#text} at (184,30) size 4x15
                    text run at (184,30) width 4: " "
                  RenderBR {BR} at (188,42) size 0x0
                  RenderInline {A} at (0,0) size 110x15 [color=#0000EE]
                    RenderText {#text} at (0,45) size 110x15
                      text run at (0,45) width 110: "OBJCAT.INDEXES"
                  RenderText {#text} at (110,45) size 4x15
                    text run at (110,45) width 4: " "
                  RenderBR {BR} at (114,57) size 0x0
                  RenderInline {A} at (0,0) size 190x15 [color=#0000EE]
                    RenderText {#text} at (0,60) size 190x15
                      text run at (0,60) width 190: "OBJCAT.INDEXEXPLOITRULES"
                  RenderText {#text} at (190,60) size 4x15
                    text run at (190,60) width 4: " "
                  RenderBR {BR} at (194,72) size 0x0
                  RenderInline {A} at (0,0) size 195x15 [color=#0000EE]
                    RenderText {#text} at (0,75) size 195x15
                      text run at (0,75) width 195: "OBJCAT.INDEXEXTENSIONDEP"
                  RenderText {#text} at (195,75) size 4x15
                    text run at (195,75) width 4: " "
                  RenderBR {BR} at (199,87) size 0x0
                  RenderInline {A} at (0,0) size 234x15 [color=#0000EE]
                    RenderText {#text} at (0,90) size 234x15
                      text run at (0,90) width 234: "OBJCAT.INDEXEXTENSIONMETHODS"
                  RenderText {#text} at (234,90) size 4x15
                    text run at (234,90) width 4: " "
                  RenderBR {BR} at (238,102) size 0x0
                  RenderInline {A} at (0,0) size 214x15 [color=#0000EE]
                    RenderText {#text} at (0,105) size 214x15
                      text run at (0,105) width 214: "OBJCAT.INDEXEXTENSIONPARMS"
                  RenderText {#text} at (214,105) size 4x15
                    text run at (214,105) width 4: " "
                  RenderBR {BR} at (218,117) size 0x0
                  RenderInline {A} at (0,0) size 177x15 [color=#0000EE]
                    RenderText {#text} at (0,120) size 177x15
                      text run at (0,120) width 177: "OBJCAT.INDEXEXTENSIONS"
                  RenderText {#text} at (177,120) size 4x15
                    text run at (177,120) width 4: " "
                  RenderBR {BR} at (181,132) size 0x0
                  RenderInline {A} at (0,0) size 167x15 [color=#0000EE]
                    RenderText {#text} at (0,135) size 167x15
                      text run at (0,135) width 167: "OBJCAT.PREDICATESPECS"
                  RenderText {#text} at (167,135) size 4x15
                    text run at (167,135) width 4: " "
                  RenderBR {BR} at (171,147) size 0x0
                  RenderInline {A} at (0,0) size 142x15 [color=#0000EE]
                    RenderText {#text} at (0,150) size 142x15
                      text run at (0,150) width 142: "OBJCAT.TRANSFORMS"
                  RenderText {#text} at (0,0) size 0x0
                RenderBlock {P} at (0,9295) size 812x240
                  RenderInline {B} at (0,0) size 233x15
                    RenderInline {A} at (0,0) size 233x15 [color=#0000EE]
                      RenderText {#text} at (0,0) size 233x15
                        text run at (0,0) width 233: "Appendix F. Federated Systems"
                  RenderBR {BR} at (233,12) size 0x0
                  RenderBR {BR} at (0,15) size 0x15
                  RenderInline {A} at (0,0) size 85x15 [color=#0000EE]
                    RenderText {#text} at (0,30) size 85x15
                      text run at (0,30) width 85: "Server Types"
                  RenderText {#text} at (85,30) size 4x15
                    text run at (85,30) width 4: " "
                  RenderBR {BR} at (89,42) size 0x0
                  RenderInline {A} at (0,0) size 230x15 [color=#0000EE]
                    RenderText {#text} at (0,45) size 230x15
                      text run at (0,45) width 230: "SQL Options for Federated Systems"
                  RenderText {#text} at (230,45) size 4x15
                    text run at (230,45) width 4: " "
                  RenderBR {BR} at (234,57) size 0x0
                  RenderInline {A} at (0,0) size 104x15 [color=#0000EE]
                    RenderText {#text} at (0,60) size 104x15
                      text run at (0,60) width 104: "Column Options"
                  RenderText {#text} at (104,60) size 4x15
                    text run at (104,60) width 4: " "
                  RenderBR {BR} at (108,72) size 0x0
                  RenderInline {A} at (0,0) size 168x15 [color=#0000EE]
                    RenderText {#text} at (0,75) size 168x15
                      text run at (0,75) width 168: "Function Mapping Options"
                  RenderText {#text} at (168,75) size 4x15
                    text run at (168,75) width 4: " "
                  RenderBR {BR} at (172,87) size 0x0
                  RenderInline {A} at (0,0) size 96x15 [color=#0000EE]
                    RenderText {#text} at (0,90) size 96x15
                      text run at (0,90) width 96: "Server Options"
                  RenderText {#text} at (96,90) size 4x15
                    text run at (96,90) width 4: " "
                  RenderBR {BR} at (100,102) size 0x0
                  RenderInline {A} at (0,0) size 84x15 [color=#0000EE]
                    RenderText {#text} at (0,105) size 84x15
                      text run at (0,105) width 84: "User Options"
                  RenderText {#text} at (84,105) size 4x15
                    text run at (84,105) width 4: " "
                  RenderBR {BR} at (88,117) size 0x0
                  RenderInline {A} at (0,0) size 185x15 [color=#0000EE]
                    RenderText {#text} at (0,120) size 185x15
                      text run at (0,120) width 185: "Default Data Type Mappings"
                  RenderText {#text} at (185,120) size 4x15
                    text run at (185,120) width 4: " "
                  RenderBR {BR} at (189,132) size 0x0
                  RenderInline {A} at (0,0) size 746x15 [color=#0000EE]
                    RenderText {#text} at (0,135) size 746x15
                      text run at (0,135) width 746: "Default Type Mappings between DB2 and DB2 Universal Database for OS/390 (and DB2 for MVS/ESA) Data Sources"
                  RenderText {#text} at (746,135) size 4x15
                    text run at (746,135) width 4: " "
                  RenderBR {BR} at (750,147) size 0x0
                  RenderInline {A} at (0,0) size 715x15 [color=#0000EE]
                    RenderText {#text} at (0,150) size 715x15
                      text run at (0,150) width 715: "Default Type Mappings between DB2 and 2 Universal Database for AS/400 (and DB2 for OS/400) Data Sources"
                  RenderText {#text} at (715,150) size 4x15
                    text run at (715,150) width 4: " "
                  RenderBR {BR} at (719,162) size 0x0
                  RenderInline {A} at (0,0) size 405x15 [color=#0000EE]
                    RenderText {#text} at (0,165) size 405x15
                      text run at (0,165) width 405: "Default Type Mappings between DB2 and Oracle Data Sources"
                  RenderText {#text} at (405,165) size 4x15
                    text run at (405,165) width 4: " "
                  RenderBR {BR} at (409,177) size 0x0
                  RenderInline {A} at (0,0) size 582x15 [color=#0000EE]
                    RenderText {#text} at (0,180) size 582x15
                      text run at (0,180) width 582: "Default Type Mappings between DB2 and DB2 for VM and VSE (and SQL/DS) Data Sources"
                  RenderText {#text} at (582,180) size 4x15
                    text run at (582,180) width 4: " "
                  RenderBR {BR} at (586,192) size 0x0
                  RenderInline {A} at (0,0) size 213x15 [color=#0000EE]
                    RenderText {#text} at (0,195) size 213x15
                      text run at (0,195) width 213: "Pass-Through Facility Processing"
                  RenderText {#text} at (213,195) size 4x15
                    text run at (213,195) width 4: " "
                  RenderBR {BR} at (217,207) size 0x0
                  RenderInline {A} at (0,0) size 268x15 [color=#0000EE]
                    RenderText {#text} at (0,210) size 268x15
                      text run at (0,210) width 268: "SQL Processing in Pass-Through Sessions"
                  RenderText {#text} at (268,210) size 4x15
                    text run at (268,210) width 4: " "
                  RenderBR {BR} at (272,222) size 0x0
                  RenderInline {A} at (0,0) size 206x15 [color=#0000EE]
                    RenderText {#text} at (0,225) size 206x15
                      text run at (0,225) width 206: "Considerations and Restrictions"
                  RenderText {#text} at (0,0) size 0x0
                RenderBlock {P} at (0,9548) size 812x390
                  RenderInline {B} at (0,0) size 275x15
                    RenderInline {A} at (0,0) size 275x15 [color=#0000EE]
                      RenderText {#text} at (0,0) size 275x15
                        text run at (0,0) width 275: "Appendix G. Sample Database Tables"
                  RenderBR {BR} at (275,12) size 0x0
                  RenderBR {BR} at (0,15) size 0x15
                  RenderInline {A} at (0,0) size 143x15 [color=#0000EE]
                    RenderText {#text} at (0,30) size 143x15
                      text run at (0,30) width 143: "The Sample Database"
                  RenderText {#text} at (143,30) size 4x15
                    text run at (143,30) width 4: " "
                  RenderBR {BR} at (147,42) size 0x0
                  RenderInline {A} at (0,0) size 207x15 [color=#0000EE]
                    RenderText {#text} at (0,45) size 207x15
                      text run at (0,45) width 207: "To Create the Sample Database"
                  RenderText {#text} at (207,45) size 4x15
                    text run at (207,45) width 4: " "
                  RenderBR {BR} at (211,57) size 0x0
                  RenderInline {A} at (0,0) size 200x15 [color=#0000EE]
                    RenderText {#text} at (0,60) size 200x15
                      text run at (0,60) width 200: "To Erase the Sample Database"
                  RenderText {#text} at (200,60) size 4x15
                    text run at (200,60) width 4: " "
                  RenderBR {BR} at (204,72) size 0x0
                  RenderInline {A} at (0,0) size 108x15 [color=#0000EE]
                    RenderText {#text} at (0,75) size 108x15
                      text run at (0,75) width 108: "CL_SCHED Table"
                  RenderText {#text} at (108,75) size 4x15
                    text run at (108,75) width 4: " "
                  RenderBR {BR} at (112,87) size 0x0
                  RenderInline {A} at (0,0) size 129x15 [color=#0000EE]
                    RenderText {#text} at (0,90) size 129x15
                      text run at (0,90) width 129: "DEPARTMENT Table"
                  RenderText {#text} at (129,90) size 4x15
                    text run at (129,90) width 4: " "
                  RenderBR {BR} at (133,102) size 0x0
                  RenderInline {A} at (0,0) size 108x15 [color=#0000EE]
                    RenderText {#text} at (0,105) size 108x15
                      text run at (0,105) width 108: "EMPLOYEE Table"
                  RenderText {#text} at (108,105) size 4x15
                    text run at (108,105) width 4: " "
                  RenderBR {BR} at (112,117) size 0x0
                  RenderInline {A} at (0,0) size 100x15 [color=#0000EE]
                    RenderText {#text} at (0,120) size 100x15
                      text run at (0,120) width 100: "EMP_ACT Table"
                  RenderText {#text} at (100,120) size 4x15
                    text run at (100,120) width 4: " "
                  RenderBR {BR} at (104,132) size 0x0
                  RenderInline {A} at (0,0) size 120x15 [color=#0000EE]
                    RenderText {#text} at (0,135) size 120x15
                      text run at (0,135) width 120: "EMP_PHOTO Table"
                  RenderText {#text} at (120,135) size 4x15
                    text run at (120,135) width 4: " "
                  RenderBR {BR} at (124,147) size 0x0
                  RenderInline {A} at (0,0) size 128x15 [color=#0000EE]
                    RenderText {#text} at (0,150) size 128x15
                      text run at (0,150) width 128: "EMP_RESUME Table"
                  RenderText {#text} at (128,150) size 4x15
                    text run at (128,150) width 4: " "
                  RenderBR {BR} at (132,162) size 0x0
                  RenderInline {A} at (0,0) size 95x15 [color=#0000EE]
                    RenderText {#text} at (0,165) size 95x15
                      text run at (0,165) width 95: "IN_TRAY Table"
                  RenderText {#text} at (95,165) size 4x15
                    text run at (95,165) width 4: " "
                  RenderBR {BR} at (99,177) size 0x0
                  RenderInline {A} at (0,0) size 69x15 [color=#0000EE]
                    RenderText {#text} at (0,180) size 69x15
                      text run at (0,180) width 69: "ORG Table"
                  RenderText {#text} at (69,180) size 4x15
                    text run at (69,180) width 4: " "
                  RenderBR {BR} at (73,192) size 0x0
                  RenderInline {A} at (0,0) size 96x15 [color=#0000EE]
                    RenderText {#text} at (0,195) size 96x15
                      text run at (0,195) width 96: "PROJECT Table"
                  RenderText {#text} at (96,195) size 4x15
                    text run at (96,195) width 4: " "
                  RenderBR {BR} at (100,207) size 0x0
                  RenderInline {A} at (0,0) size 80x15 [color=#0000EE]
                    RenderText {#text} at (0,210) size 80x15
                      text run at (0,210) width 80: "SALES Table"
                  RenderText {#text} at (80,210) size 4x15
                    text run at (80,210) width 4: " "
                  RenderBR {BR} at (84,222) size 0x0
                  RenderInline {A} at (0,0) size 79x15 [color=#0000EE]
                    RenderText {#text} at (0,225) size 79x15
                      text run at (0,225) width 79: "STAFF Table"
                  RenderText {#text} at (79,225) size 4x15
                    text run at (79,225) width 4: " "
                  RenderBR {BR} at (83,237) size 0x0
                  RenderInline {A} at (0,0) size 89x15 [color=#0000EE]
                    RenderText {#text} at (0,240) size 89x15
                      text run at (0,240) width 89: "STAFFG Table"
                  RenderText {#text} at (89,240) size 4x15
                    text run at (89,240) width 4: " "
                  RenderBR {BR} at (93,252) size 0x0
                  RenderInline {A} at (0,0) size 292x15 [color=#0000EE]
                    RenderText {#text} at (0,255) size 292x15
                      text run at (0,255) width 292: "Sample Files with BLOB and CLOB Data Type"
                  RenderText {#text} at (292,255) size 4x15
                    text run at (292,255) width 4: " "
                  RenderBR {BR} at (296,267) size 0x0
                  RenderInline {A} at (0,0) size 100x15 [color=#0000EE]
                    RenderText {#text} at (0,270) size 100x15
                      text run at (0,270) width 100: "Quintana Photo"
                  RenderText {#text} at (100,270) size 4x15
                    text run at (100,270) width 4: " "
                  RenderBR {BR} at (104,282) size 0x0
                  RenderInline {A} at (0,0) size 116x15 [color=#0000EE]
                    RenderText {#text} at (0,285) size 116x15
                      text run at (0,285) width 116: "Quintana Resume"
                  RenderText {#text} at (116,285) size 4x15
                    text run at (116,285) width 4: " "
                  RenderBR {BR} at (120,297) size 0x0
                  RenderInline {A} at (0,0) size 93x15 [color=#0000EE]
                    RenderText {#text} at (0,300) size 93x15
                      text run at (0,300) width 93: "Nicholls Photo"
                  RenderText {#text} at (93,300) size 4x15
                    text run at (93,300) width 4: " "
                  RenderBR {BR} at (97,312) size 0x0
                  RenderInline {A} at (0,0) size 109x15 [color=#0000EE]
                    RenderText {#text} at (0,315) size 109x15
                      text run at (0,315) width 109: "Nicholls Resume"
                  RenderText {#text} at (109,315) size 4x15
                    text run at (109,315) width 4: " "
                  RenderBR {BR} at (113,327) size 0x0
                  RenderInline {A} at (0,0) size 102x15 [color=#0000EE]
                    RenderText {#text} at (0,330) size 102x15
                      text run at (0,330) width 102: "Adamson Photo"
                  RenderText {#text} at (102,330) size 4x15
                    text run at (102,330) width 4: " "
                  RenderBR {BR} at (106,342) size 0x0
                  RenderInline {A} at (0,0) size 118x15 [color=#0000EE]
                    RenderText {#text} at (0,345) size 118x15
                      text run at (0,345) width 118: "Adamson Resume"
                  RenderText {#text} at (118,345) size 4x15
                    text run at (118,345) width 4: " "
                  RenderBR {BR} at (122,357) size 0x0
                  RenderInline {A} at (0,0) size 87x15 [color=#0000EE]
                    RenderText {#text} at (0,360) size 87x15
                      text run at (0,360) width 87: "Walker Photo"
                  RenderText {#text} at (87,360) size 4x15
                    text run at (87,360) width 4: " "
                  RenderBR {BR} at (91,372) size 0x0
                  RenderInline {A} at (0,0) size 103x15 [color=#0000EE]
                    RenderText {#text} at (0,375) size 103x15
                      text run at (0,375) width 103: "Walker Resume"
                  RenderText {#text} at (0,0) size 0x0
                RenderBlock {P} at (0,9951) size 812x90
                  RenderInline {B} at (0,0) size 436x15
                    RenderInline {A} at (0,0) size 436x15 [color=#0000EE]
                      RenderText {#text} at (0,0) size 436x15
                        text run at (0,0) width 436: "Appendix H. Reserved Schema Names and Reserved Words"
                  RenderBR {BR} at (436,12) size 0x0
                  RenderBR {BR} at (0,15) size 0x15
                  RenderInline {A} at (0,0) size 124x15 [color=#0000EE]
                    RenderText {#text} at (0,30) size 124x15
                      text run at (0,30) width 124: "Reserved Schemas"
                  RenderText {#text} at (124,30) size 4x15
                    text run at (124,30) width 4: " "
                  RenderBR {BR} at (128,42) size 0x0
                  RenderInline {A} at (0,0) size 106x15 [color=#0000EE]
                    RenderText {#text} at (0,45) size 106x15
                      text run at (0,45) width 106: "Reserved Words"
                  RenderText {#text} at (106,45) size 4x15
                    text run at (106,45) width 4: " "
                  RenderBR {BR} at (110,57) size 0x0
                  RenderInline {A} at (0,0) size 163x15 [color=#0000EE]
                    RenderText {#text} at (0,60) size 163x15
                      text run at (0,60) width 163: "IBM SQL Reserved Words"
                  RenderText {#text} at (163,60) size 4x15
                    text run at (163,60) width 4: " "
                  RenderBR {BR} at (167,72) size 0x0
                  RenderInline {A} at (0,0) size 208x15 [color=#0000EE]
                    RenderText {#text} at (0,75) size 208x15
                      text run at (0,75) width 208: "ISO/ANS SQL92 Reserved Words"
                  RenderText {#text} at (0,0) size 0x0
                RenderBlock {P} at (0,10054) size 812x15
                  RenderInline {B} at (0,0) size 313x15
                    RenderInline {A} at (0,0) size 313x15 [color=#0000EE]
                      RenderText {#text} at (0,0) size 313x15
                        text run at (0,0) width 313: "Appendix I. Comparison of Isolation Levels"
                  RenderBR {BR} at (313,12) size 0x0
                RenderBlock {P} at (0,10082) size 812x15
                  RenderInline {B} at (0,0) size 373x15
                    RenderInline {A} at (0,0) size 373x15 [color=#0000EE]
                      RenderText {#text} at (0,0) size 373x15
                        text run at (0,0) width 373: "Appendix J. Interaction of Triggers and Constraints"
                  RenderBR {BR} at (373,12) size 0x0
                RenderBlock {P} at (0,10110) size 812x315
                  RenderInline {B} at (0,0) size 313x15
                    RenderInline {A} at (0,0) size 313x15 [color=#0000EE]
                      RenderText {#text} at (0,0) size 313x15
                        text run at (0,0) width 313: "Appendix K. Explain Tables and Definitions"
                  RenderBR {BR} at (313,12) size 0x0
                  RenderBR {BR} at (0,15) size 0x15
                  RenderInline {A} at (0,0) size 177x15 [color=#0000EE]
                    RenderText {#text} at (0,30) size 177x15
                      text run at (0,30) width 177: "EXPLAIN_ARGUMENT Table"
                  RenderText {#text} at (177,30) size 4x15
                    text run at (177,30) width 4: " "
                  RenderBR {BR} at (181,42) size 0x0
                  RenderInline {A} at (0,0) size 168x15 [color=#0000EE]
                    RenderText {#text} at (0,45) size 168x15
                      text run at (0,45) width 168: "EXPLAIN_INSTANCE Table"
                  RenderText {#text} at (168,45) size 4x15
                    text run at (168,45) width 4: " "
                  RenderBR {BR} at (172,57) size 0x0
                  RenderInline {A} at (0,0) size 150x15 [color=#0000EE]
                    RenderText {#text} at (0,60) size 150x15
                      text run at (0,60) width 150: "EXPLAIN_OBJECT Table"
                  RenderText {#text} at (150,60) size 4x15
                    text run at (150,60) width 4: " "
                  RenderBR {BR} at (154,72) size 0x0
                  RenderInline {A} at (0,0) size 173x15 [color=#0000EE]
                    RenderText {#text} at (0,75) size 173x15
                      text run at (0,75) width 173: "EXPLAIN_OPERATOR Table"
                  RenderText {#text} at (173,75) size 4x15
                    text run at (173,75) width 4: " "
                  RenderBR {BR} at (177,87) size 0x0
                  RenderInline {A} at (0,0) size 175x15 [color=#0000EE]
                    RenderText {#text} at (0,90) size 175x15
                      text run at (0,90) width 175: "EXPLAIN_PREDICATE Table"
                  RenderText {#text} at (175,90) size 4x15
                    text run at (175,90) width 4: " "
                  RenderBR {BR} at (179,102) size 0x0
                  RenderInline {A} at (0,0) size 180x15 [color=#0000EE]
                    RenderText {#text} at (0,105) size 180x15
                      text run at (0,105) width 180: "EXPLAIN_STATEMENT Table"
                  RenderText {#text} at (180,105) size 4x15
                    text run at (180,105) width 4: " "
                  RenderBR {BR} at (184,117) size 0x0
                  RenderInline {A} at (0,0) size 155x15 [color=#0000EE]
                    RenderText {#text} at (0,120) size 155x15
                      text run at (0,120) width 155: "EXPLAIN_STREAM Table"
                  RenderText {#text} at (155,120) size 4x15
                    text run at (155,120) width 4: " "
                  RenderBR {BR} at (159,132) size 0x0
                  RenderInline {A} at (0,0) size 136x15 [color=#0000EE]
                    RenderText {#text} at (0,135) size 136x15
                      text run at (0,135) width 136: "ADVISE_INDEX Table"
                  RenderText {#text} at (136,135) size 4x15
                    text run at (136,135) width 4: " "
                  RenderBR {BR} at (140,147) size 0x0
                  RenderInline {A} at (0,0) size 172x15 [color=#0000EE]
                    RenderText {#text} at (0,150) size 172x15
                      text run at (0,150) width 172: "ADVISE_WORKLOAD Table"
                  RenderText {#text} at (172,150) size 4x15
                    text run at (172,150) width 4: " "
                  RenderBR {BR} at (176,162) size 0x0
                  RenderInline {A} at (0,0) size 232x15 [color=#0000EE]
                    RenderText {#text} at (0,165) size 232x15
                      text run at (0,165) width 232: "Table Definitions for Explain Tables"
                  RenderText {#text} at (232,165) size 4x15
                    text run at (232,165) width 4: " "
                  RenderBR {BR} at (236,177) size 0x0
                  RenderInline {A} at (0,0) size 245x15 [color=#0000EE]
                    RenderText {#text} at (0,180) size 245x15
                      text run at (0,180) width 245: "EXPLAIN_ARGUMENT Table Definition"
                  RenderText {#text} at (245,180) size 4x15
                    text run at (245,180) width 4: " "
                  RenderBR {BR} at (249,192) size 0x0
                  RenderInline {A} at (0,0) size 236x15 [color=#0000EE]
                    RenderText {#text} at (0,195) size 236x15
                      text run at (0,195) width 236: "EXPLAIN_INSTANCE Table Definition"
                  RenderText {#text} at (236,195) size 4x15
                    text run at (236,195) width 4: " "
                  RenderBR {BR} at (240,207) size 0x0
                  RenderInline {A} at (0,0) size 218x15 [color=#0000EE]
                    RenderText {#text} at (0,210) size 218x15
                      text run at (0,210) width 218: "EXPLAIN_OBJECT Table Definition"
                  RenderText {#text} at (218,210) size 4x15
                    text run at (218,210) width 4: " "
                  RenderBR {BR} at (222,222) size 0x0
                  RenderInline {A} at (0,0) size 241x15 [color=#0000EE]
                    RenderText {#text} at (0,225) size 241x15
                      text run at (0,225) width 241: "EXPLAIN_OPERATOR Table Definition"
                  RenderText {#text} at (241,225) size 4x15
                    text run at (241,225) width 4: " "
                  RenderBR {BR} at (245,237) size 0x0
                  RenderInline {A} at (0,0) size 243x15 [color=#0000EE]
                    RenderText {#text} at (0,240) size 243x15
                      text run at (0,240) width 243: "EXPLAIN_PREDICATE Table Definition"
                  RenderText {#text} at (243,240) size 4x15
                    text run at (243,240) width 4: " "
                  RenderBR {BR} at (247,252) size 0x0
                  RenderInline {A} at (0,0) size 248x15 [color=#0000EE]
                    RenderText {#text} at (0,255) size 248x15
                      text run at (0,255) width 248: "EXPLAIN_STATEMENT Table Definition"
                  RenderText {#text} at (248,255) size 4x15
                    text run at (248,255) width 4: " "
                  RenderBR {BR} at (252,267) size 0x0
                  RenderInline {A} at (0,0) size 223x15 [color=#0000EE]
                    RenderText {#text} at (0,270) size 223x15
                      text run at (0,270) width 223: "EXPLAIN_STREAM Table Definition"
                  RenderText {#text} at (223,270) size 4x15
                    text run at (223,270) width 4: " "
                  RenderBR {BR} at (227,282) size 0x0
                  RenderInline {A} at (0,0) size 204x15 [color=#0000EE]
                    RenderText {#text} at (0,285) size 204x15
                      text run at (0,285) width 204: "ADVISE_INDEX Table Definition"
                  RenderText {#text} at (204,285) size 4x15
                    text run at (204,285) width 4: " "
                  RenderBR {BR} at (208,297) size 0x0
                  RenderInline {A} at (0,0) size 240x15 [color=#0000EE]
                    RenderText {#text} at (0,300) size 240x15
                      text run at (0,300) width 240: "ADVISE_WORKLOAD Table Definition"
                  RenderText {#text} at (0,0) size 0x0
                RenderBlock {P} at (0,10438) size 812x15
                  RenderInline {B} at (0,0) size 262x15
                    RenderInline {A} at (0,0) size 262x15 [color=#0000EE]
                      RenderText {#text} at (0,0) size 262x15
                        text run at (0,0) width 262: "Appendix L. Explain Register Values"
                  RenderBR {BR} at (262,12) size 0x0
                RenderBlock {P} at (0,10466) size 812x75
                  RenderInline {B} at (0,0) size 359x15
                    RenderInline {A} at (0,0) size 359x15 [color=#0000EE]
                      RenderText {#text} at (0,0) size 359x15
                        text run at (0,0) width 359: "Appendix M. Recursion Example: Bill of Materials"
                  RenderBR {BR} at (359,12) size 0x0
                  RenderBR {BR} at (0,15) size 0x15
                  RenderInline {A} at (0,0) size 223x15 [color=#0000EE]
                    RenderText {#text} at (0,30) size 223x15
                      text run at (0,30) width 223: "Example 1: Single Level Explosion"
                  RenderText {#text} at (223,30) size 4x15
                    text run at (223,30) width 4: " "
                  RenderBR {BR} at (227,42) size 0x0
                  RenderInline {A} at (0,0) size 226x15 [color=#0000EE]
                    RenderText {#text} at (0,45) size 226x15
                      text run at (0,45) width 226: "Example 2: Summarized Explosion"
                  RenderText {#text} at (226,45) size 4x15
                    text run at (226,45) width 4: " "
                  RenderBR {BR} at (230,57) size 0x0
                  RenderInline {A} at (0,0) size 191x15 [color=#0000EE]
                    RenderText {#text} at (0,60) size 191x15
                      text run at (0,60) width 191: "Example 3: Controlling Depth"
                  RenderText {#text} at (0,0) size 0x0
                RenderBlock {P} at (0,10554) size 812x75
                  RenderInline {B} at (0,0) size 217x15
                    RenderInline {A} at (0,0) size 217x15 [color=#0000EE]
                      RenderText {#text} at (0,0) size 217x15
                        text run at (0,0) width 217: "Appendix N. Exception Tables"
                  RenderBR {BR} at (217,12) size 0x0
                  RenderBR {BR} at (0,15) size 0x15
                  RenderInline {A} at (0,0) size 245x15 [color=#0000EE]
                    RenderText {#text} at (0,30) size 245x15
                      text run at (0,30) width 245: "Rules for Creating an Exception Table"
                  RenderText {#text} at (245,30) size 4x15
                    text run at (245,30) width 4: " "
                  RenderBR {BR} at (249,42) size 0x0
                  RenderInline {A} at (0,0) size 253x15 [color=#0000EE]
                    RenderText {#text} at (0,45) size 253x15
                      text run at (0,45) width 253: "Handling Rows in the Exception Tables"
                  RenderText {#text} at (253,45) size 4x15
                    text run at (253,45) width 4: " "
                  RenderBR {BR} at (257,57) size 0x0
                  RenderInline {A} at (0,0) size 199x15 [color=#0000EE]
                    RenderText {#text} at (0,60) size 199x15
                      text run at (0,60) width 199: "Querying the Exception Tables"
                  RenderText {#text} at (0,0) size 0x0
                RenderBlock {P} at (0,10642) size 812x330
                  RenderInline {B} at (0,0) size 487x15
                    RenderInline {A} at (0,0) size 487x15 [color=#0000EE]
                      RenderText {#text} at (0,0) size 487x15
                        text run at (0,0) width 487: "Appendix O. Japanese and Traditional-Chinese EUC Considerations"
                  RenderBR {BR} at (487,12) size 0x0
                  RenderBR {BR} at (0,15) size 0x15
                  RenderInline {A} at (0,0) size 128x15 [color=#0000EE]
                    RenderText {#text} at (0,30) size 128x15
                      text run at (0,30) width 128: "Language Elements"
                  RenderText {#text} at (128,30) size 4x15
                    text run at (128,30) width 4: " "
                  RenderBR {BR} at (132,42) size 0x0
                  RenderInline {A} at (0,0) size 70x15 [color=#0000EE]
                    RenderText {#text} at (0,45) size 70x15
                      text run at (0,45) width 70: "Characters"
                  RenderText {#text} at (70,45) size 4x15
                    text run at (70,45) width 4: " "
                  RenderBR {BR} at (74,57) size 0x0
                  RenderInline {A} at (0,0) size 47x15 [color=#0000EE]
                    RenderText {#text} at (0,60) size 47x15
                      text run at (0,60) width 47: "Tokens"
                  RenderText {#text} at (47,60) size 4x15
                    text run at (47,60) width 4: " "
                  RenderBR {BR} at (51,72) size 0x0
                  RenderInline {A} at (0,0) size 66x15 [color=#0000EE]
                    RenderText {#text} at (0,75) size 66x15
                      text run at (0,75) width 66: "Identifiers"
                  RenderText {#text} at (66,75) size 4x15
                    text run at (66,75) width 4: " "
                  RenderBR {BR} at (70,87) size 0x0
                  RenderInline {A} at (0,0) size 74x15 [color=#0000EE]
                    RenderText {#text} at (0,90) size 74x15
                      text run at (0,90) width 74: "Data Types"
                  RenderText {#text} at (74,90) size 4x15
                    text run at (74,90) width 4: " "
                  RenderBR {BR} at (78,102) size 0x0
                  RenderInline {A} at (0,0) size 201x15 [color=#0000EE]
                    RenderText {#text} at (0,105) size 201x15
                      text run at (0,105) width 201: "Assignments and Comparisons"
                  RenderText {#text} at (201,105) size 4x15
                    text run at (201,105) width 4: " "
                  RenderBR {BR} at (205,117) size 0x0
                  RenderInline {A} at (0,0) size 181x15 [color=#0000EE]
                    RenderText {#text} at (0,120) size 181x15
                      text run at (0,120) width 181: "Rules for Result Data Types"
                  RenderText {#text} at (181,120) size 4x15
                    text run at (181,120) width 4: " "
                  RenderBR {BR} at (185,132) size 0x0
                  RenderInline {A} at (0,0) size 184x15 [color=#0000EE]
                    RenderText {#text} at (0,135) size 184x15
                      text run at (0,135) width 184: "Rules for String Conversions"
                  RenderText {#text} at (184,135) size 4x15
                    text run at (184,135) width 4: " "
                  RenderBR {BR} at (188,147) size 0x0
                  RenderInline {A} at (0,0) size 65x15 [color=#0000EE]
                    RenderText {#text} at (0,150) size 65x15
                      text run at (0,150) width 65: "Constants"
                  RenderText {#text} at (65,150) size 4x15
                    text run at (65,150) width 4: " "
                  RenderBR {BR} at (69,162) size 0x0
                  RenderInline {A} at (0,0) size 62x15 [color=#0000EE]
                    RenderText {#text} at (0,165) size 62x15
                      text run at (0,165) width 62: "Functions"
                  RenderText {#text} at (62,165) size 4x15
                    text run at (62,165) width 4: " "
                  RenderBR {BR} at (66,177) size 0x0
                  RenderInline {A} at (0,0) size 78x15 [color=#0000EE]
                    RenderText {#text} at (0,180) size 78x15
                      text run at (0,180) width 78: "Expressions"
                  RenderText {#text} at (78,180) size 4x15
                    text run at (78,180) width 4: " "
                  RenderBR {BR} at (82,192) size 0x0
                  RenderInline {A} at (0,0) size 68x15 [color=#0000EE]
                    RenderText {#text} at (0,195) size 68x15
                      text run at (0,195) width 68: "Predicates"
                  RenderText {#text} at (68,195) size 4x15
                    text run at (68,195) width 4: " "
                  RenderBR {BR} at (72,207) size 0x0
                  RenderInline {A} at (0,0) size 62x15 [color=#0000EE]
                    RenderText {#text} at (0,210) size 62x15
                      text run at (0,210) width 62: "Functions"
                  RenderText {#text} at (62,210) size 4x15
                    text run at (62,210) width 4: " "
                  RenderBR {BR} at (66,222) size 0x0
                  RenderInline {A} at (0,0) size 53x15 [color=#0000EE]
                    RenderText {#text} at (0,225) size 53x15
                      text run at (0,225) width 53: "LENGTH"
                  RenderText {#text} at (53,225) size 4x15
                    text run at (53,225) width 4: " "
                  RenderBR {BR} at (57,237) size 0x0
                  RenderInline {A} at (0,0) size 52x15 [color=#0000EE]
                    RenderText {#text} at (0,240) size 52x15
                      text run at (0,240) width 52: "SUBSTR"
                  RenderText {#text} at (52,240) size 4x15
                    text run at (52,240) width 4: " "
                  RenderBR {BR} at (56,252) size 0x0
                  RenderInline {A} at (0,0) size 76x15 [color=#0000EE]
                    RenderText {#text} at (0,255) size 76x15
                      text run at (0,255) width 76: "TRANSLATE"
                  RenderText {#text} at (76,255) size 4x15
                    text run at (76,255) width 4: " "
                  RenderBR {BR} at (80,267) size 0x0
                  RenderInline {A} at (0,0) size 86x15 [color=#0000EE]
                    RenderText {#text} at (0,270) size 86x15
                      text run at (0,270) width 86: "VARGRAPHIC"
                  RenderText {#text} at (86,270) size 4x15
                    text run at (86,270) width 4: " "
                  RenderBR {BR} at (90,282) size 0x0
                  RenderInline {A} at (0,0) size 75x15 [color=#0000EE]
                    RenderText {#text} at (0,285) size 75x15
                      text run at (0,285) width 75: "Statements"
                  RenderText {#text} at (75,285) size 4x15
                    text run at (75,285) width 4: " "
                  RenderBR {BR} at (79,297) size 0x0
                  RenderInline {A} at (0,0) size 64x15 [color=#0000EE]
                    RenderText {#text} at (0,300) size 64x15
                      text run at (0,300) width 64: "CONNECT"
                  RenderText {#text} at (64,300) size 4x15
                    text run at (64,300) width 4: " "
                  RenderBR {BR} at (68,312) size 0x0
                  RenderInline {A} at (0,0) size 59x15 [color=#0000EE]
                    RenderText {#text} at (0,315) size 59x15
                      text run at (0,315) width 59: "PREPARE"
                  RenderText {#text} at (0,0) size 0x0
                RenderBlock {P} at (0,10985) size 812x15
                  RenderInline {B} at (0,0) size 342x15
                    RenderInline {A} at (0,0) size 342x15 [color=#0000EE]
                      RenderText {#text} at (0,0) size 342x15
                        text run at (0,0) width 342: "Appendix P. BNF Specifications for DATALINKs"
                  RenderBR {BR} at (342,12) size 0x0
                RenderBlock {P} at (0,11013) size 812x180
                  RenderInline {B} at (0,0) size 253x15
                    RenderInline {A} at (0,0) size 253x15 [color=#0000EE]
                      RenderText {#text} at (0,0) size 253x15
                        text run at (0,0) width 253: "Appendix Q. Using the DB2 Library"
                  RenderBR {BR} at (253,12) size 0x0
                  RenderBR {BR} at (0,15) size 0x15
                  RenderInline {A} at (0,0) size 212x15 [color=#0000EE]
                    RenderText {#text} at (0,30) size 212x15
                      text run at (0,30) width 212: "DB2 PDF Files and Printed Books"
                  RenderText {#text} at (212,30) size 4x15
                    text run at (212,30) width 4: " "
                  RenderBR {BR} at (216,42) size 0x0
                  RenderInline {A} at (0,0) size 107x15 [color=#0000EE]
                    RenderText {#text} at (0,45) size 107x15
                      text run at (0,45) width 107: "DB2 Information"
                  RenderText {#text} at (107,45) size 4x15
                    text run at (107,45) width 4: " "
                  RenderBR {BR} at (111,57) size 0x0
                  RenderInline {A} at (0,0) size 148x15 [color=#0000EE]
                    RenderText {#text} at (0,60) size 148x15
                      text run at (0,60) width 148: "Printing the PDF Books"
                  RenderText {#text} at (148,60) size 4x15
                    text run at (148,60) width 4: " "
                  RenderBR {BR} at (152,72) size 0x0
                  RenderInline {A} at (0,0) size 175x15 [color=#0000EE]
                    RenderText {#text} at (0,75) size 175x15
                      text run at (0,75) width 175: "Ordering the Printed Books"
                  RenderText {#text} at (175,75) size 4x15
                    text run at (175,75) width 4: " "
                  RenderBR {BR} at (179,87) size 0x0
                  RenderInline {A} at (0,0) size 177x15 [color=#0000EE]
                    RenderText {#text} at (0,90) size 177x15
                      text run at (0,90) width 177: "DB2 Online Documentation"
                  RenderText {#text} at (177,90) size 4x15
                    text run at (177,90) width 4: " "
                  RenderBR {BR} at (181,102) size 0x0
                  RenderInline {A} at (0,0) size 145x15 [color=#0000EE]
                    RenderText {#text} at (0,105) size 145x15
                      text run at (0,105) width 145: "Accessing Online Help"
                  RenderText {#text} at (145,105) size 4x15
                    text run at (145,105) width 4: " "
                  RenderBR {BR} at (149,117) size 0x0
                  RenderInline {A} at (0,0) size 178x15 [color=#0000EE]
                    RenderText {#text} at (0,120) size 178x15
                      text run at (0,120) width 178: "Viewing Information Online"
                  RenderText {#text} at (178,120) size 4x15
                    text run at (178,120) width 4: " "
                  RenderBR {BR} at (182,132) size 0x0
                  RenderInline {A} at (0,0) size 124x15 [color=#0000EE]
                    RenderText {#text} at (0,135) size 124x15
                      text run at (0,135) width 124: "Using DB2 Wizards"
                  RenderText {#text} at (124,135) size 4x15
                    text run at (124,135) width 4: " "
                  RenderBR {BR} at (128,147) size 0x0
                  RenderInline {A} at (0,0) size 197x15 [color=#0000EE]
                    RenderText {#text} at (0,150) size 197x15
                      text run at (0,150) width 197: "Setting Up a Document Server"
                  RenderText {#text} at (197,150) size 4x15
                    text run at (197,150) width 4: " "
                  RenderBR {BR} at (201,162) size 0x0
                  RenderInline {A} at (0,0) size 190x15 [color=#0000EE]
                    RenderText {#text} at (0,165) size 190x15
                      text run at (0,165) width 190: "Searching Information Online"
                  RenderText {#text} at (0,0) size 0x0
                RenderBlock {P} at (0,11206) size 812x45
                  RenderInline {B} at (0,0) size 147x15
                    RenderInline {A} at (0,0) size 147x15 [color=#0000EE]
                      RenderText {#text} at (0,0) size 147x15
                        text run at (0,0) width 147: "Appendix R. Notices"
                  RenderBR {BR} at (147,12) size 0x0
                  RenderBR {BR} at (0,15) size 0x15
                  RenderInline {A} at (0,0) size 78x15 [color=#0000EE]
                    RenderText {#text} at (0,30) size 78x15
                      text run at (0,30) width 78: "Trademarks"
                  RenderText {#text} at (0,0) size 0x0
                RenderBlock {P} at (0,11264) size 812x15
                  RenderInline {B} at (0,0) size 40x15
                    RenderInline {A} at (0,0) size 40x15 [color=#0000EE]
                      RenderText {#text} at (0,0) size 40x15
                        text run at (0,0) width 40: "Index"
                  RenderBR {BR} at (40,12) size 0x0
                RenderBlock {P} at (0,11292) size 812x45
                  RenderInline {B} at (0,0) size 112x15
                    RenderInline {A} at (0,0) size 112x15 [color=#0000EE]
                      RenderText {#text} at (0,0) size 112x15
                        text run at (0,0) width 112: "Contacting IBM"
                  RenderBR {BR} at (112,12) size 0x0
                  RenderBR {BR} at (0,15) size 0x15
                  RenderInline {A} at (0,0) size 129x15 [color=#0000EE]
                    RenderText {#text} at (0,30) size 129x15
                      text run at (0,30) width 129: "Product Information"
                  RenderText {#text} at (0,0) size 0x0
                  RenderInline {A} at (0,0) size 0x0
                  RenderText {#text} at (0,0) size 0x0
                RenderTable {TABLE} at (0,11350) size 28x27
                  RenderTableSection {TBODY} at (0,0) size 28x27
                    RenderTableRow {TR} at (0,2) size 28x0
                    RenderTableRow {TR} at (0,4) size 28x21
                      RenderTableCell {TD} at (2,4) size 11x21 [r=1 c=0 rs=1 cs=1]
                        RenderText {#text} at (1,1) size 9x19
                          text run at (1,1) width 9: "x"
                      RenderTableCell {TD} at (15,4) size 11x21 [r=1 c=1 rs=1 cs=1]
                        RenderText {#text} at (1,1) size 9x19
                          text run at (1,1) width 9: "x"
              RenderBlock (anonymous) at (2,11379) size 812x0
                RenderInline {FONT} at (0,0) size 0x0
