layer at (0,0) size 980x735
  RenderView at (0,0) size 980x735
layer at (0,0) size 980x735
  RenderBlock {HTML} at (0,0) size 980x735
    RenderBody {BODY} at (8,8) size 964x719
      RenderBlock (anonymous) at (0,0) size 964x133
        RenderText {#text} at (0,0) size 946x133
          text run at (0,0) width 647: "Here's the HTML test case, extracted from the Netcenter Address Book page. At "
          text run at (647,0) width 295: "the top of the address book is a \"tool"
          text run at (0,19) width 231: "bar\" with options like \"New,\" "
          text run at (231,19) width 584: "\"Directory,\" \"Sign-out,\" \"Customize,\" etc. These are areas in a client side "
          text run at (815,19) width 131: "image map. You"
          text run at (0,38) width 511: "should be able to click on these areas of the map, including the "
          text run at (511,38) width 378: "areas on the right side of the map. However, in"
          text run at (0,57) width 250: "NGLayout, the right side of the "
          text run at (250,57) width 580: "map isn't \"clickable\" -- the cursor doesn't change and the link cannot be "
          text run at (830,57) width 98: "\"activated.\" "
          text run at (928,57) width 5: "I"
          text run at (0,76) width 659: "think somewhere we're miscalculating where the imagemap's areas are, because "
          text run at (659,76) width 243: "the areas on the left still work,"
          text run at (0,95) width 376: "although clicking on them sometimes crashes. "
          text run at (376,95) width 560: "It's as though NGLayout thinks the Imagemap areas are located a few"
          text run at (0,114) width 210: "hundred pixels to the left. "
        RenderBR {BR} at (0,0) size 0x0
      RenderTable {TABLE} at (0,133) size 698x63
        RenderTableSection {TBODY} at (0,0) size 698x63
          RenderTableRow {TR} at (0,2) size 698x59
            RenderTableCell {TD} at (2,21) size 238x21 [r=0 c=0 rs=1 cs=1]
              RenderText {#text} at (1,1) size 236x19
                text run at (1,1) width 236: "Let's put some space in here!"
            RenderTableCell {TD} at (242,2) size 454x59 [r=0 c=1 rs=1 cs=1]
              RenderTable {TABLE} at (1,1) size 452x57
                RenderTableSection {TBODY} at (0,0) size 452x57
                  RenderTableRow {TR} at (0,2) size 452x53
                    RenderTableCell {TD} at (2,2) size 448x53 [r=0 c=0 rs=1 cs=1]
                      RenderTable {TABLE} at (1,1) size 446x51
                        RenderTableSection {TBODY} at (0,0) size 446x51
                          RenderTableRow {TR} at (0,2) size 446x47
                            RenderTableCell {TD} at (2,2) size 442x47 [r=0 c=0 rs=1 cs=1]
                              RenderImage {IMG} at (1,45) size 4x1
                              RenderImage {IMG} at (5,6) size 436x35
                              RenderText {#text} at (0,0) size 0x0
                              RenderInline {MAP} at (0,0) size 0x0
                                RenderText {#text} at (0,0) size 0x0
                                RenderText {#text} at (0,0) size 0x0
                                RenderText {#text} at (0,0) size 0x0
                                RenderText {#text} at (0,0) size 0x0
                                RenderText {#text} at (0,0) size 0x0
                                RenderText {#text} at (0,0) size 0x0
                                RenderText {#text} at (0,0) size 0x0
                                RenderText {#text} at (0,0) size 0x0
                                RenderText {#text} at (0,0) size 0x0
                                RenderText {#text} at (0,0) size 0x0
                              RenderText {#text} at (0,0) size 0x0
