layer at (0,0) size 980x735
  RenderView at (0,0) size 980x735
layer at (0,0) size 980x363
  RenderBlock {HTML} at (0,0) size 980x363
    RenderBody {BODY} at (8,18) size 964x337
      RenderBlock {H3} at (0,0) size 964x22
        RenderText {#text} at (0,0) size 688x22
          text run at (0,0) width 688: "SPAN attribute of COL element being ignored in Mozilla 1.0 rc1"
      RenderBlock {P} at (0,40) size 964x38
        RenderText {#text} at (0,0) size 928x38
          text run at (0,0) width 928: "(Note: this is a regression bug - I don't know when it appeared, but I remember the SPAN attribute on COL elements"
          text run at (0,19) width 347: "worked fine sometime before Mozilla 0.9.6)"
      RenderBlock {P} at (0,94) size 964x19
        RenderText {#text} at (0,0) size 410x19
          text run at (0,0) width 410: "The following TABLE has a COLGROUP structure of:"
      RenderBlock {PRE} at (15,129) size 949x60 [color=#000066]
        RenderText {#text} at (0,0) size 198x60
          text run at (0,0) width 78: "<colgroup>"
          text run at (78,0) width 0: " "
          text run at (0,15) width 198: " <col width=\"100\" span=\"2\">"
          text run at (198,15) width 0: " "
          text run at (0,30) width 132: " <col width=\"200\">"
          text run at (132,30) width 0: " "
          text run at (0,45) width 82: "</colgroup>"
          text run at (82,45) width 0: " "
      RenderBlock {P} at (0,205) size 964x19
        RenderText {#text} at (0,0) size 698x19
          text run at (0,0) width 698: "So the first two colums should both be 100px wide, and the third should be 200px wide."
      RenderBlock {P} at (0,240) size 964x19
        RenderText {#text} at (0,0) size 722x19
          text run at (0,0) width 722: "However, the first column is 100px, the second is 200px, and the third is the default width."
      RenderBlock {P} at (0,275) size 964x19
        RenderText {#text} at (0,0) size 476x19
          text run at (0,0) width 476: "So it would appear that the SPAN attribute is being ignored."
      RenderTable {TABLE} at (0,310) size 408x27
        RenderTableCol {COLGROUP} at (0,0) size 0x0
          RenderTableCol {COL} at (0,0) size 0x0
          RenderTableCol {COL} at (0,0) size 0x0
        RenderTableSection {TBODY} at (0,0) size 408x27
          RenderTableRow {TR} at (0,2) size 408x23
            RenderTableCell {TD} at (2,2) size 100x23 [border: (1px solid #000000)] [r=0 c=0 rs=1 cs=1]
              RenderText {#text} at (2,2) size 38x19
                text run at (2,2) width 38: "col 1"
            RenderTableCell {TD} at (104,2) size 100x23 [border: (1px solid #000000)] [r=0 c=1 rs=1 cs=1]
              RenderText {#text} at (2,2) size 38x19
                text run at (2,2) width 38: "col 2"
            RenderTableCell {TD} at (206,2) size 200x23 [border: (1px solid #000000)] [r=0 c=2 rs=1 cs=1]
              RenderText {#text} at (2,2) size 38x19
                text run at (2,2) width 38: "col 3"
