layer at (0,0) size 980x735
  RenderView at (0,0) size 980x735
layer at (0,0) size 980x735
  RenderBlock {HTML} at (0,0) size 980x735
    RenderBody {BODY} at (8,8) size 964x719 [bgcolor=#FFFFFF]
      RenderTable {TABLE} at (0,0) size 964x58 [border: (1px outset #808080)]
        RenderTableSection {TBODY} at (1,1) size 962x56
          RenderTableRow {TR} at (0,2) size 962x52
            RenderTableCell {TD} at (2,2) size 958x52 [border: (1px inset #808080)] [r=0 c=0 rs=1 cs=1]
              RenderTable {TABLE} at (2,2) size 954x48 [border: (1px outset #808080)]
                RenderTableSection {TBODY} at (1,1) size 952x46
                  RenderTableRow {TR} at (0,2) size 952x42
                    RenderTableCell {TD} at (2,2) size 948x42 [border: (1px inset #808080)] [r=0 c=0 rs=1 cs=1]
                      RenderText {#text} at (2,2) size 927x38
                        text run at (2,2) width 927: "WINGs is a small widget set with the N*XTSTEP look and feel. It's API is inspired in OpenStep and it's implementation"
                        text run at (2,21) width 234: "borrows some ideas from Tk."
