layer at (0,0) size 980x735
  RenderView at (0,0) size 980x735
layer at (0,0) size 980x735
  RenderBlock {HTML} at (0,0) size 980x735
    RenderBody {BODY} at (8,8) size 964x719 [bgcolor=#FFFFFF]
      RenderTable {TABLE} at (0,0) size 310x41 [border: (1px outset #808080)]
        RenderTableSection {TBODY} at (1,1) size 308x39
          RenderTableRow {TR} at (0,2) size 308x35
            RenderTableCell {TD} at (2,2) size 304x35 [border: (1px inset #808080)] [r=0 c=0 rs=1 cs=1]
              RenderBlock {DIV} at (2,2) size 96x31 [border: (3px solid #800080)]
                RenderBlock {DIV} at (3,3) size 186x25 [border: (3px solid #0000FF)]
                  RenderText {#text} at (3,3) size 26x19
                    text run at (3,3) width 26: "foo"
