layer at (0,0) size 980x735
  RenderView at (0,0) size 980x735
layer at (0,0) size 980x735
  RenderBlock {HTML} at (0,0) size 980x735
    RenderBody {BODY} at (8,8) size 964x719
      RenderTable {TABLE} at (0,0) size 911x45
        RenderTableSection {TBODY} at (0,0) size 911x45
          RenderTableRow {TR} at (0,2) size 911x2
            RenderTableCell {TD} at (2,2) size 907x2 [r=0 c=0 rs=1 cs=1]
          RenderTableRow {TR} at (0,6) size 911x37
            RenderTableCell {TD} at (2,6) size 907x37 [r=1 c=0 rs=1 cs=1]
              RenderBlock (anonymous) at (1,1) size 905x19
                RenderText {#text} at (0,0) size 905x19
                  text run at (0,0) width 905: "BlaBlaBla Bla BlaBla BlaBlaBlaBla Bla Bla Bla BlaBlaBla BlaBla Bla BlaBla BlaBlaBlaBla BlaBla Bla BlaBla BlaBla Bla"
              RenderBlock {P} at (1,36) size 905x0
      RenderBlock (anonymous) at (0,45) size 964x19
        RenderBR {BR} at (0,0) size 0x19
      RenderTable {TABLE} at (0,64) size 911x45
        RenderTableSection {TBODY} at (0,0) size 911x45
          RenderTableRow {TR} at (0,2) size 911x37
            RenderTableCell {TD} at (2,2) size 907x37 [r=0 c=0 rs=1 cs=1]
              RenderBlock (anonymous) at (1,1) size 905x19
                RenderText {#text} at (0,0) size 905x19
                  text run at (0,0) width 905: "BlaBlaBla Bla BlaBla BlaBlaBlaBla Bla Bla Bla BlaBlaBla BlaBla Bla BlaBla BlaBlaBlaBla BlaBla Bla BlaBla BlaBla Bla"
              RenderBlock {P} at (1,36) size 905x0
          RenderTableRow {TR} at (0,41) size 911x2
            RenderTableCell {TD} at (2,41) size 907x2 [r=1 c=0 rs=1 cs=1]
