layer at (0,0) size 980x735
  RenderView at (0,0) size 980x735
layer at (0,0) size 980x735
  RenderBlock {HTML} at (0,0) size 980x735
    RenderBody {BODY} at (8,8) size 964x719
      RenderTable {TABLE} at (0,0) size 322x29
        RenderTableSection {TBODY} at (0,0) size 322x29
          RenderTableRow {TR} at (0,2) size 322x21
            RenderTableCell {TD} at (2,2) size 318x21 [r=0 c=0 rs=1 cs=1]
              RenderText {#text} at (1,1) size 316x19
                text run at (1,1) width 316: "Really sorry about the server yesterday"
          RenderTableRow {TR} at (0,25) size 322x2
            RenderTableCell {TD} at (2,25) size 318x2 [r=1 c=0 rs=1 cs=1]
