layer at (0,0) size 980x735
  RenderView at (0,0) size 980x735
layer at (0,0) size 980x735
  RenderBlock {HTML} at (0,0) size 980x735
    RenderBody {BODY} at (8,8) size 964x719 [bgcolor=#FFFFFF]
      RenderBlock {HR} at (0,0) size 112x2 [border: (1px inset #000000)]
      RenderTable {TABLE} at (0,10) size 290x59
        RenderTableSection {TBODY} at (0,0) size 290x59
          RenderTableRow {TR} at (0,0) size 290x59
            RenderTableCell {TD} at (0,0) size 150x59 [bgcolor=#FFFF00] [r=0 c=0 rs=1 cs=1]
              RenderText {#text} at (20,20) size 9x19
                text run at (20,20) width 9: "x"
            RenderTableCell {TD} at (150,0) size 140x59 [bgcolor=#808080] [r=0 c=1 rs=1 cs=1]
              RenderText {#text} at (20,20) size 28x19
                text run at (20,20) width 28: "bull"
