layer at (0,0) size 980x735
  RenderView at (0,0) size 980x735
layer at (0,0) size 980x735
  RenderBlock {HTML} at (0,0) size 980x735
    RenderBody {BODY} at (8,8) size 964x719
      RenderBlock (anonymous) at (0,0) size 964x19
        RenderText {#text} at (0,0) size 95x19
          text run at (0,0) width 95: "dom access"
      RenderTable {TABLE} at (0,19) size 76x35 [border: (1px outset #808080)]
        RenderTableSection {TBODY} at (1,1) size 74x33
          RenderTableRow {TR} at (0,1) size 74x31
            RenderTableCell {TD} at (1,1) size 72x31 [border: (5px solid #008000)] [r=0 c=0 rs=1 cs=1]
              RenderText {#text} at (6,6) size 60x19
                text run at (6,6) width 60: "100000"
      RenderBlock (anonymous) at (0,54) size 964x19
        RenderText {#text} at (0,0) size 79x19
          text run at (0,0) width 79: "reference"
      RenderTable {TABLE} at (0,73) size 76x35 [border: (1px outset #808080)]
        RenderTableSection {TBODY} at (1,1) size 74x33
          RenderTableRow {TR} at (0,1) size 74x31
            RenderTableCell {TD} at (1,1) size 72x31 [border: (5px solid #008000)] [r=0 c=0 rs=1 cs=1]
              RenderText {#text} at (6,6) size 60x19
                text run at (6,6) width 60: "100000"
