layer at (0,0) size 980x735
  RenderView at (0,0) size 980x735
layer at (0,0) size 980x251
  RenderBlock {HTML} at (0,0) size 980x251
    RenderBody {BODY} at (8,16) size 964x219
      RenderTable {TABLE} at (0,0) size 200x31 [border: (2px solid #000000)]
        RenderTableSection {TBODY} at (2,2) size 196x27
          RenderTableRow {TR} at (0,2) size 196x23
            RenderTableCell {TD} at (2,2) size 192x23 [bgcolor=#EEFFEE] [border: (1px solid #808080)] [r=0 c=0 rs=1 cs=1]
              RenderText {#text} at (2,2) size 152x19
                text run at (2,2) width 152: "no cols or colspans"
      RenderTable {TABLE} at (0,47) size 200x31 [border: (2px solid #000000)]
        RenderTableSection {TBODY} at (2,2) size 196x27
          RenderTableRow {TR} at (0,2) size 196x23
            RenderTableCell {TD} at (2,2) size 192x23 [bgcolor=#EEFFEE] [border: (1px solid #808080)] [r=0 c=0 rs=1 cs=1]
              RenderText {#text} at (2,2) size 54x19
                text run at (2,2) width 54: "cols=4"
      RenderTable {TABLE} at (0,94) size 200x31 [border: (2px solid #000000)]
        RenderTableSection {TBODY} at (2,2) size 196x27
          RenderTableRow {TR} at (0,2) size 196x23
            RenderTableCell {TD} at (2,2) size 192x23 [bgcolor=#EEFFEE] [border: (1px solid #808080)] [r=0 c=0 rs=1 cs=4]
              RenderText {#text} at (2,2) size 84x19
                text run at (2,2) width 84: "colspan=4"
      RenderTable {TABLE} at (0,141) size 200x31 [border: (2px solid #000000)]
        RenderTableSection {TBODY} at (2,2) size 196x27
          RenderTableRow {TR} at (0,2) size 196x23
            RenderTableCell {TD} at (2,2) size 192x23 [bgcolor=#EEFFEE] [border: (1px solid #808080)] [r=0 c=0 rs=1 cs=4]
              RenderText {#text} at (2,2) size 148x19
                text run at (2,2) width 148: "cols=4, colspan=4"
      RenderTable {TABLE} at (0,188) size 200x31 [border: (2px solid #000000)]
        RenderTableSection {TBODY} at (2,2) size 196x27
          RenderTableRow {TR} at (0,2) size 196x23
            RenderTableCell {TD} at (2,2) size 192x23 [bgcolor=#EEFFEE] [border: (1px solid #808080)] [r=0 c=0 rs=1 cs=4]
              RenderText {#text} at (2,2) size 101x19
                text run at (2,2) width 101: "see previous"
