layer at (0,0) size 980x735
  RenderView at (0,0) size 980x735
layer at (0,0) size 980x735
  RenderBlock {HTML} at (0,0) size 980x735
    RenderBody {BODY} at (8,8) size 964x719
      RenderTable {TABLE} at (0,0) size 166x61
        RenderTableSection {TBODY} at (0,0) size 166x61
          RenderTableRow {TR} at (0,2) size 166x57
            RenderTableCell {TD} at (2,2) size 162x57 [r=0 c=0 rs=1 cs=1]
              RenderBlock (anonymous) at (1,1) size 160x0
                RenderInline {SPAN} at (0,0) size 0x0
                  RenderText {#text} at (0,0) size 0x0
                  RenderInline {SPAN} at (0,0) size 0x0
                    RenderText {#text} at (0,0) size 0x0
                    RenderText {#text} at (0,0) size 0x0
              RenderBlock (anonymous) at (1,1) size 160x55
                RenderTable {TABLE} at (0,0) size 160x55
                  RenderTableSection {TBODY} at (0,0) size 160x55
                    RenderTableRow {TR} at (0,2) size 160x51
                      RenderTableCell {TD} at (2,2) size 156x51 [r=0 c=0 rs=1 cs=1]
                        RenderTable {TABLE} at (1,1) size 154x49
                          RenderTableSection {TBODY} at (0,0) size 154x49
                            RenderTableRow {TR} at (0,2) size 154x45
                              RenderTableCell {TD} at (2,2) size 150x45 [r=0 c=0 rs=1 cs=1]
                                RenderBlock {FORM} at (1,1) size 148x27
                                  RenderButton {INPUT} at (2,2) size 144x23 [bgcolor=#C0C0C0] [border: (2px outset #C0C0C0)]
                                    RenderBlock (anonymous) at (5,5) size 136x15
                                      RenderText at (0,0) size 136x15
                                        text run at (0,0) width 136: "ApplyForThisPosition"
                                  RenderText {#text} at (0,0) size 0x0
              RenderBlock (anonymous) at (1,56) size 160x0
                RenderInline {SPAN} at (0,0) size 0x0
                  RenderInline {SPAN} at (0,0) size 0x0
                  RenderText {#text} at (0,0) size 0x0
                RenderText {#text} at (0,0) size 0x0
