layer at (0,0) size 980x735
  RenderView at (0,0) size 980x735
layer at (0,0) size 980x735
  RenderBlock {HTML} at (0,0) size 980x735
    RenderBody {BODY} at (8,8) size 964x719 [bgcolor=#FFFFFF]
      RenderTable {TABLE} at (0,0) size 506x50
        RenderBlock {CAPTION} at (0,0) size 506x25 [border: (3px solid #000000)]
          RenderText {#text} at (65,3) size 376x19
            text run at (65,3) width 9 RTL: "?"
            text run at (74,3) width 367: "is the question mark on the left side with style"
        RenderTableSection {TBODY} at (0,25) size 506x25
          RenderTableRow {TR} at (0,2) size 506x21
            RenderTableCell {TD} at (2,2) size 502x21 [r=0 c=0 rs=1 cs=1]
              RenderText {#text} at (1,1) size 72x19
                text run at (1,1) width 72: "table cell"
      RenderTable {TABLE} at (0,50) size 506x50
        RenderBlock {CAPTION} at (0,0) size 506x25 [border: (3px solid #000000)]
          RenderText {#text} at (52,3) size 402x19
            text run at (52,3) width 9 RTL: "?"
            text run at (61,3) width 393: "is the question mark on the left side without style"
        RenderTableSection {TBODY} at (0,25) size 506x25
          RenderTableRow {TR} at (0,2) size 506x21
            RenderTableCell {TD} at (2,2) size 502x21 [r=0 c=0 rs=1 cs=1]
              RenderText {#text} at (1,1) size 72x19
                text run at (1,1) width 72: "table cell"
