layer at (0,0) size 980x735
  RenderView at (0,0) size 980x735
layer at (0,0) size 980x735
  RenderBlock {HTML} at (0,0) size 980x735
    RenderBody {BODY} at (8,8) size 964x719
      RenderBlock (anonymous) at (0,0) size 964x19
        RenderText {#text} at (0,0) size 5x19
          text run at (0,0) width 5: " "
      RenderTable {TABLE} at (0,19) size 258x96 [border: (3px solid #0000BB)]
        RenderBlock {CAPTION} at (0,0) size 258x38
          RenderText {#text} at (4,0) size 250x38
            text run at (4,0) width 250: "Testing BORDERCOLOR tag the"
            text run at (41,19) width 176: "border shood be blue."
        RenderTableSection {TBODY} at (3,41) size 252x52
          RenderTableRow {TR} at (0,2) size 252x23
            RenderTableCell {TD} at (2,2) size 43x23 [border: (1px solid #0000BB)] [r=0 c=0 rs=1 cs=1]
              RenderText {#text} at (2,2) size 39x19
                text run at (2,2) width 39: "mike"
            RenderTableCell {TD} at (47,2) size 35x23 [border: (1px solid #0000BB)] [r=0 c=1 rs=1 cs=1]
              RenderText {#text} at (2,2) size 31x19
                text run at (2,2) width 31: "was"
            RenderTableCell {TD} at (84,2) size 41x23 [border: (1px solid #0000BB)] [r=0 c=2 rs=1 cs=1]
              RenderText {#text} at (2,2) size 37x19
                text run at (2,2) width 37: "here"
            RenderTableCell {TD} at (127,2) size 43x23 [border: (1px solid #0000BB)] [r=0 c=3 rs=1 cs=1]
              RenderText {#text} at (2,2) size 39x19
                text run at (2,2) width 39: "mike"
            RenderTableCell {TD} at (172,2) size 35x23 [border: (1px solid #0000BB)] [r=0 c=4 rs=1 cs=1]
              RenderText {#text} at (2,2) size 31x19
                text run at (2,2) width 31: "was"
            RenderTableCell {TD} at (209,2) size 41x23 [border: (1px solid #0000BB)] [r=0 c=5 rs=1 cs=1]
              RenderText {#text} at (2,2) size 37x19
                text run at (2,2) width 37: "here"
          RenderTableRow {TR} at (0,27) size 252x23
            RenderTableCell {TD} at (2,27) size 43x23 [border: (1px solid #0000BB)] [r=1 c=0 rs=1 cs=1]
              RenderText {#text} at (2,2) size 39x19
                text run at (2,2) width 39: "mike"
            RenderTableCell {TD} at (47,27) size 35x23 [border: (1px solid #0000BB)] [r=1 c=1 rs=1 cs=1]
              RenderText {#text} at (2,2) size 31x19
                text run at (2,2) width 31: "was"
            RenderTableCell {TD} at (84,27) size 41x23 [border: (1px solid #0000BB)] [r=1 c=2 rs=1 cs=1]
              RenderText {#text} at (2,2) size 37x19
                text run at (2,2) width 37: "here"
            RenderTableCell {TD} at (127,27) size 43x23 [border: (1px solid #0000BB)] [r=1 c=3 rs=1 cs=1]
              RenderText {#text} at (2,2) size 39x19
                text run at (2,2) width 39: "mike"
            RenderTableCell {TD} at (172,27) size 35x23 [border: (1px solid #0000BB)] [r=1 c=4 rs=1 cs=1]
              RenderText {#text} at (2,2) size 31x19
                text run at (2,2) width 31: "was"
            RenderTableCell {TD} at (209,27) size 41x23 [border: (1px solid #0000BB)] [r=1 c=5 rs=1 cs=1]
              RenderText {#text} at (2,2) size 37x19
                text run at (2,2) width 37: "here"
