layer at (0,0) size 980x735
  RenderView at (0,0) size 980x735
layer at (0,0) size 980x735
  RenderBlock {HTML} at (0,0) size 980x735
    RenderBody {BODY} at (8,8) size 964x719
      RenderTable {TABLE} at (0,0) size 78x113 [border: (1px outset #808080)]
        RenderBlock {CAPTION} at (0,0) size 78x57 [color=#008000] [bgcolor=#FFFFE0]
          RenderText {#text} at (4,0) size 70x57
            text run at (4,0) width 70: "Where is"
            text run at (26,19) width 26: "the"
            text run at (14,38) width 50: "table?"
        RenderTableSection {THEAD} at (1,58) size 76x27
          RenderTableRow {TR} at (0,2) size 76x23
            RenderTableCell {TD} at (2,2) size 72x23 [border: (1px inset #808080)] [r=0 c=0 rs=1 cs=1]
              RenderText {#text} at (2,2) size 59x19
                text run at (2,2) width 59: "Header"
        RenderTableSection {TBODY} at (1,85) size 76x27
          RenderTableRow {TR} at (0,2) size 76x23
            RenderTableCell {TD} at (2,2) size 72x23 [border: (1px inset #808080)] [r=0 c=0 rs=1 cs=1]
              RenderText {#text} at (2,2) size 68x19
                text run at (2,2) width 68: "Kibology"
      RenderBlock {HR} at (0,121) size 964x2 [border: (1px inset #000000)]
      RenderTable {TABLE} at (0,131) size 78x56 [border: (1px outset #808080)]
        RenderTableSection {THEAD} at (1,1) size 76x27
          RenderTableRow {TR} at (0,2) size 76x23
            RenderTableCell {TD} at (2,2) size 72x23 [border: (1px inset #808080)] [r=0 c=0 rs=1 cs=1]
              RenderText {#text} at (2,2) size 59x19
                text run at (2,2) width 59: "Header"
        RenderTableSection {TBODY} at (1,28) size 76x27
          RenderTableRow {TR} at (0,2) size 76x23
            RenderTableCell {TD} at (2,2) size 72x23 [border: (1px inset #808080)] [r=0 c=0 rs=1 cs=1]
              RenderText {#text} at (2,2) size 68x19
                text run at (2,2) width 68: "Kibology"
      RenderBlock {HR} at (0,195) size 964x2 [border: (1px inset #000000)]
      RenderTable {TABLE} at (0,205) size 78x94 [border: (1px outset #808080)]
        RenderBlock {CAPTION} at (0,0) size 78x38 [color=#008000] [bgcolor=#FFFFE0]
          RenderText {#text} at (11,0) size 72x38
            text run at (11,0) width 56: "Here is"
            text run at (3,19) width 72: "the table"
        RenderTableSection {THEAD} at (1,39) size 76x27
          RenderTableRow {TR} at (0,2) size 76x23
            RenderTableCell {TD} at (2,2) size 72x23 [border: (1px inset #808080)] [r=0 c=0 rs=1 cs=1]
              RenderText {#text} at (2,2) size 59x19
                text run at (2,2) width 59: "Header"
        RenderTableSection {TBODY} at (1,66) size 76x27
          RenderTableRow {TR} at (0,2) size 76x23
            RenderTableCell {TD} at (2,2) size 72x23 [border: (1px inset #808080)] [r=0 c=0 rs=1 cs=1]
              RenderText {#text} at (2,2) size 68x19
                text run at (2,2) width 68: "Kibology"
      RenderTable {TABLE} at (0,299) size 78x113 [border: (1px outset #808080)]
        RenderTableSection {THEAD} at (1,58) size 76x27
          RenderTableRow {TR} at (0,2) size 76x23
            RenderTableCell {TD} at (2,2) size 72x23 [border: (1px inset #808080)] [r=0 c=0 rs=1 cs=1]
              RenderText {#text} at (2,2) size 59x19
                text run at (2,2) width 59: "Header"
        RenderBlock {CAPTION} at (0,0) size 78x57 [color=#008000] [bgcolor=#FFFFE0]
          RenderText {#text} at (4,0) size 70x57
            text run at (4,0) width 70: "Where is"
            text run at (26,19) width 26: "the"
            text run at (14,38) width 50: "table?"
        RenderTableSection {TBODY} at (1,85) size 76x27
          RenderTableRow {TR} at (0,2) size 76x23
            RenderTableCell {TD} at (2,2) size 72x23 [border: (1px inset #808080)] [r=0 c=0 rs=1 cs=1]
              RenderText {#text} at (2,2) size 68x19
                text run at (2,2) width 68: "Kibology"
      RenderBlock {HR} at (0,420) size 964x2 [border: (1px inset #000000)]
      RenderTable {TABLE} at (0,430) size 78x56 [border: (1px outset #808080)]
        RenderTableSection {THEAD} at (1,1) size 76x27
          RenderTableRow {TR} at (0,2) size 76x23
            RenderTableCell {TD} at (2,2) size 72x23 [border: (1px inset #808080)] [r=0 c=0 rs=1 cs=1]
              RenderText {#text} at (2,2) size 59x19
                text run at (2,2) width 59: "Header"
        RenderTableSection {TBODY} at (1,28) size 76x27
          RenderTableRow {TR} at (0,2) size 76x23
            RenderTableCell {TD} at (2,2) size 72x23 [border: (1px inset #808080)] [r=0 c=0 rs=1 cs=1]
              RenderText {#text} at (2,2) size 68x19
                text run at (2,2) width 68: "Kibology"
      RenderBlock {HR} at (0,494) size 964x2 [border: (1px inset #000000)]
      RenderTable {TABLE} at (0,504) size 78x94 [border: (1px outset #808080)]
        RenderTableSection {THEAD} at (1,39) size 76x27
          RenderTableRow {TR} at (0,2) size 76x23
            RenderTableCell {TD} at (2,2) size 72x23 [border: (1px inset #808080)] [r=0 c=0 rs=1 cs=1]
              RenderText {#text} at (2,2) size 59x19
                text run at (2,2) width 59: "Header"
        RenderBlock {CAPTION} at (0,0) size 78x38 [color=#008000] [bgcolor=#FFFFE0]
          RenderText {#text} at (11,0) size 72x38
            text run at (11,0) width 56: "Here is"
            text run at (3,19) width 72: "the table"
        RenderTableSection {TBODY} at (1,66) size 76x27
          RenderTableRow {TR} at (0,2) size 76x23
            RenderTableCell {TD} at (2,2) size 72x23 [border: (1px inset #808080)] [r=0 c=0 rs=1 cs=1]
              RenderText {#text} at (2,2) size 68x19
                text run at (2,2) width 68: "Kibology"
