layer at (0,0) size 980x735
  RenderView at (0,0) size 980x735
layer at (0,0) size 980x735
  RenderBlock {HTML} at (0,0) size 980x735
    RenderBody {BODY} at (8,8) size 964x719 [bgcolor=#C0C0C0]
      RenderTable {TABLE} at (0,0) size 157x150 [border: (20px outset #808080)]
        RenderTableSection {TBODY} at (20,20) size 117x110
          RenderTableRow {TR} at (0,10) size 117x90
            RenderTableCell {TD} at (10,43) size 97x23 [border: (1px inset #808080)] [r=0 c=0 rs=1 cs=1]
              RenderText {#text} at (2,2) size 93x19
                text run at (2,2) width 93: "cell content"
      RenderBlock {P} at (0,166) size 964x19
        RenderText {#text} at (0,0) size 756x19
          text run at (0,0) width 756: "The following two tables demostrates the bug with TD and TABLE both having height specified."
      RenderTable {TABLE} at (0,201) size 306x210 [border: (20px outset #808080)]
        RenderTableSection {TBODY} at (20,20) size 266x170
          RenderTableRow {TR} at (0,10) size 266x150
            RenderTableCell {TD} at (10,73) size 246x23 [border: (1px inset #808080)] [r=0 c=0 rs=1 cs=1]
              RenderText {#text} at (2,2) size 242x19
                text run at (2,2) width 242: "height=210 (150+2*10+2*20)"
      RenderTable {TABLE} at (0,411) size 329x210 [border: (20px outset #808080)]
        RenderTableSection {TBODY} at (20,20) size 289x170
          RenderTableRow {TR} at (0,10) size 289x150
            RenderTableCell {TD} at (10,73) size 269x23 [border: (1px inset #808080)] [r=0 c=0 rs=1 cs=1]
              RenderText {#text} at (2,2) size 265x19
                text run at (2,2) width 265: "height=211 (150+2*10+2*20+1)"
