layer at (0,0) size 980x735
  RenderView at (0,0) size 980x735
layer at (0,0) size 980x735
  RenderBlock {HTML} at (0,0) size 980x735
    RenderBody {BODY} at (8,8) size 964x719
      RenderTable {TABLE} at (0,0) size 600x670
        RenderTableSection {TBODY} at (0,0) size 600x670
          RenderTableRow {TR} at (0,0) size 600x670
            RenderTableCell {TD} at (0,0) size 600x670 [r=0 c=0 rs=1 cs=1]
              RenderBlock (anonymous) at (0,0) size 600x1
                RenderImage {IMG} at (0,0) size 600x1
                RenderText {#text} at (0,0) size 0x0
              RenderBlock {BLOCKQUOTE} at (40,17) size 520x637
                RenderBlock {BLOCKQUOTE} at (40,0) size 440x637
                  RenderBlock (anonymous) at (0,0) size 440x304
                    RenderTable {TABLE} at (180,0) size 260x479
                      RenderTableSection {TBODY} at (0,0) size 260x479
                        RenderTableRow {TR} at (0,0) size 260x34
                          RenderTableCell {TD} at (0,5) size 6x23 [bgcolor=#FFFFFF] [r=0 c=0 rs=1 cs=1]
                            RenderBR {BR} at (2,2) size 0x19
                          RenderTableCell {TD} at (6,0) size 254x34 [bgcolor=#CCCCDD] [r=0 c=1 rs=1 cs=1]
                            RenderInline {FONT} at (0,0) size 183x30
                              RenderInline {B} at (0,0) size 183x30
                                RenderText {#text} at (2,2) size 183x30
                                  text run at (2,2) width 183: "CHAMBERLAIN'S CAREER"
                                  text run at (2,17) width 84: "STATISTICS"
                        RenderTableRow {TR} at (0,34) size 260x445
                          RenderTableCell {TD} at (0,245) size 6x23 [bgcolor=#FFFFFF] [r=1 c=0 rs=1 cs=1]
                            RenderBR {BR} at (2,2) size 0x19
                          RenderTableCell {TD} at (6,34) size 254x445 [r=1 c=1 rs=1 cs=1]
                            RenderTable {TABLE} at (2,2) size 250x424
                              RenderTableSection {TBODY} at (0,0) size 250x424
                                RenderTableRow {TR} at (0,0) size 250x16 [bgcolor=#EEEEEE]
                                  RenderTableCell {TD} at (0,0) size 31x16 [r=0 c=0 rs=1 cs=1]
                                    RenderInline {FONT} at (0,0) size 22x11
                                      RenderText {#text} at (2,2) size 22x11
                                        text run at (2,2) width 22: "Year"
                                  RenderTableCell {TD} at (31,0) size 73x16 [r=0 c=1 rs=1 cs=1]
                                    RenderInline {FONT} at (0,0) size 28x11
                                      RenderText {#text} at (2,2) size 28x11
                                        text run at (2,2) width 28: "Team"
                                  RenderTableCell {TD} at (104,0) size 28x16 [r=0 c=2 rs=1 cs=1]
                                    RenderInline {FONT} at (0,0) size 14x11
                                      RenderText {#text} at (12,2) size 14x11
                                        text run at (12,2) width 14: "GP"
                                  RenderTableCell {TD} at (132,0) size 34x16 [r=0 c=3 rs=1 cs=1]
                                    RenderInline {FONT} at (0,0) size 19x11
                                      RenderText {#text} at (13,2) size 19x11
                                        text run at (13,2) width 19: "Reb"
                                  RenderTableCell {TD} at (166,0) size 25x16 [r=0 c=4 rs=1 cs=1]
                                    RenderInline {FONT} at (0,0) size 21x11
                                      RenderText {#text} at (2,2) size 21x11
                                        text run at (2,2) width 21: "RPG"
                                  RenderTableCell {TD} at (191,0) size 34x16 [r=0 c=5 rs=1 cs=1]
                                    RenderInline {FONT} at (0,0) size 15x11
                                      RenderText {#text} at (17,2) size 15x11
                                        text run at (17,2) width 15: "Pts"
                                  RenderTableCell {TD} at (225,0) size 25x16 [r=0 c=6 rs=1 cs=1]
                                    RenderInline {FONT} at (0,0) size 20x11
                                      RenderText {#text} at (3,2) size 20x11
                                        text run at (3,2) width 20: "PPG"
                                RenderTableRow {TR} at (0,16) size 250x28 [bgcolor=#FFFFFF]
                                  RenderTableCell {TD} at (0,16) size 31x28 [r=1 c=0 rs=1 cs=1]
                                    RenderInline {FONT} at (0,0) size 16x23
                                      RenderText {#text} at (2,2) size 16x23
                                        text run at (2,2) width 16: "59-"
                                        text run at (2,14) width 12: "60"
                                  RenderTableCell {TD} at (31,16) size 73x16 [r=1 c=1 rs=1 cs=1]
                                    RenderInline {FONT} at (0,0) size 60x11
                                      RenderText {#text} at (2,2) size 60x11
                                        text run at (2,2) width 60: "Philadelphia"
                                  RenderTableCell {TD} at (104,16) size 28x16 [r=1 c=2 rs=1 cs=1]
                                    RenderInline {FONT} at (0,0) size 12x11
                                      RenderText {#text} at (14,2) size 12x11
                                        text run at (14,2) width 12: "72"
                                  RenderTableCell {TD} at (132,16) size 34x16 [r=1 c=3 rs=1 cs=1]
                                    RenderInline {FONT} at (0,0) size 24x11
                                      RenderText {#text} at (8,2) size 24x11
                                        text run at (8,2) width 24: "1941"
                                  RenderTableCell {TD} at (166,16) size 25x16 [r=1 c=4 rs=1 cs=1]
                                    RenderInline {FONT} at (0,0) size 21x11
                                      RenderText {#text} at (2,2) size 21x11
                                        text run at (2,2) width 21: "27.0"
                                  RenderTableCell {TD} at (191,16) size 34x16 [r=1 c=5 rs=1 cs=1]
                                    RenderInline {FONT} at (0,0) size 24x11
                                      RenderText {#text} at (8,2) size 24x11
                                        text run at (8,2) width 24: "2707"
                                  RenderTableCell {TD} at (225,16) size 25x16 [r=1 c=6 rs=1 cs=1]
                                    RenderInline {FONT} at (0,0) size 21x11
                                      RenderText {#text} at (2,2) size 21x11
                                        text run at (2,2) width 21: "37.6"
                                RenderTableRow {TR} at (0,44) size 250x28 [bgcolor=#FFFFFF]
                                  RenderTableCell {TD} at (0,44) size 31x28 [r=2 c=0 rs=1 cs=1]
                                    RenderInline {FONT} at (0,0) size 16x23
                                      RenderText {#text} at (2,2) size 16x23
                                        text run at (2,2) width 16: "60-"
                                        text run at (2,14) width 12: "61"
                                  RenderTableCell {TD} at (31,44) size 73x16 [r=2 c=1 rs=1 cs=1]
                                    RenderInline {FONT} at (0,0) size 60x11
                                      RenderText {#text} at (2,2) size 60x11
                                        text run at (2,2) width 60: "Philadelphia"
                                  RenderTableCell {TD} at (104,44) size 28x16 [r=2 c=2 rs=1 cs=1]
                                    RenderInline {FONT} at (0,0) size 12x11
                                      RenderText {#text} at (14,2) size 12x11
                                        text run at (14,2) width 12: "79"
                                  RenderTableCell {TD} at (132,44) size 34x16 [r=2 c=3 rs=1 cs=1]
                                    RenderInline {FONT} at (0,0) size 24x11
                                      RenderText {#text} at (8,2) size 24x11
                                        text run at (8,2) width 24: "2149"
                                  RenderTableCell {TD} at (166,44) size 25x16 [r=2 c=4 rs=1 cs=1]
                                    RenderInline {FONT} at (0,0) size 21x11
                                      RenderText {#text} at (2,2) size 21x11
                                        text run at (2,2) width 21: "27.2"
                                  RenderTableCell {TD} at (191,44) size 34x16 [r=2 c=5 rs=1 cs=1]
                                    RenderInline {FONT} at (0,0) size 24x11
                                      RenderText {#text} at (8,2) size 24x11
                                        text run at (8,2) width 24: "3033"
                                  RenderTableCell {TD} at (225,44) size 25x16 [r=2 c=6 rs=1 cs=1]
                                    RenderInline {FONT} at (0,0) size 21x11
                                      RenderText {#text} at (2,2) size 21x11
                                        text run at (2,2) width 21: "38.4"
                                RenderTableRow {TR} at (0,72) size 250x28 [bgcolor=#FFFFFF]
                                  RenderTableCell {TD} at (0,72) size 31x28 [r=3 c=0 rs=1 cs=1]
                                    RenderInline {FONT} at (0,0) size 16x23
                                      RenderText {#text} at (2,2) size 16x23
                                        text run at (2,2) width 16: "61-"
                                        text run at (2,14) width 12: "62"
                                  RenderTableCell {TD} at (31,72) size 73x16 [r=3 c=1 rs=1 cs=1]
                                    RenderInline {FONT} at (0,0) size 60x11
                                      RenderText {#text} at (2,2) size 60x11
                                        text run at (2,2) width 60: "Philadelphia"
                                  RenderTableCell {TD} at (104,72) size 28x16 [r=3 c=2 rs=1 cs=1]
                                    RenderInline {FONT} at (0,0) size 12x11
                                      RenderText {#text} at (14,2) size 12x11
                                        text run at (14,2) width 12: "80"
                                  RenderTableCell {TD} at (132,72) size 34x16 [r=3 c=3 rs=1 cs=1]
                                    RenderInline {FONT} at (0,0) size 24x11
                                      RenderText {#text} at (8,2) size 24x11
                                        text run at (8,2) width 24: "2052"
                                  RenderTableCell {TD} at (166,72) size 25x16 [r=3 c=4 rs=1 cs=1]
                                    RenderInline {FONT} at (0,0) size 21x11
                                      RenderText {#text} at (2,2) size 21x11
                                        text run at (2,2) width 21: "25.7"
                                  RenderTableCell {TD} at (191,72) size 34x16 [r=3 c=5 rs=1 cs=1]
                                    RenderInline {FONT} at (0,0) size 24x11
                                      RenderText {#text} at (8,2) size 24x11
                                        text run at (8,2) width 24: "4029"
                                  RenderTableCell {TD} at (225,72) size 25x16 [r=3 c=6 rs=1 cs=1]
                                    RenderInline {FONT} at (0,0) size 21x11
                                      RenderText {#text} at (2,2) size 21x11
                                        text run at (2,2) width 21: "50.4"
                                RenderTableRow {TR} at (0,100) size 250x28 [bgcolor=#FFFFFF]
                                  RenderTableCell {TD} at (0,100) size 31x28 [r=4 c=0 rs=1 cs=1]
                                    RenderInline {FONT} at (0,0) size 16x23
                                      RenderText {#text} at (2,2) size 16x23
                                        text run at (2,2) width 16: "62-"
                                        text run at (2,14) width 12: "63"
                                  RenderTableCell {TD} at (31,100) size 73x16 [r=4 c=1 rs=1 cs=1]
                                    RenderInline {FONT} at (0,0) size 69x11
                                      RenderText {#text} at (2,2) size 69x11
                                        text run at (2,2) width 69: "San Francisco"
                                  RenderTableCell {TD} at (104,100) size 28x16 [r=4 c=2 rs=1 cs=1]
                                    RenderInline {FONT} at (0,0) size 12x11
                                      RenderText {#text} at (14,2) size 12x11
                                        text run at (14,2) width 12: "80"
                                  RenderTableCell {TD} at (132,100) size 34x16 [r=4 c=3 rs=1 cs=1]
                                    RenderInline {FONT} at (0,0) size 24x11
                                      RenderText {#text} at (8,2) size 24x11
                                        text run at (8,2) width 24: "1946"
                                  RenderTableCell {TD} at (166,100) size 25x16 [r=4 c=4 rs=1 cs=1]
                                    RenderInline {FONT} at (0,0) size 21x11
                                      RenderText {#text} at (2,2) size 21x11
                                        text run at (2,2) width 21: "24.3"
                                  RenderTableCell {TD} at (191,100) size 34x16 [r=4 c=5 rs=1 cs=1]
                                    RenderInline {FONT} at (0,0) size 24x11
                                      RenderText {#text} at (8,2) size 24x11
                                        text run at (8,2) width 24: "3806"
                                  RenderTableCell {TD} at (225,100) size 25x16 [r=4 c=6 rs=1 cs=1]
                                    RenderInline {FONT} at (0,0) size 21x11
                                      RenderText {#text} at (2,2) size 21x11
                                        text run at (2,2) width 21: "44.8"
                                RenderTableRow {TR} at (0,128) size 250x28 [bgcolor=#FFFFFF]
                                  RenderTableCell {TD} at (0,128) size 31x28 [r=5 c=0 rs=1 cs=1]
                                    RenderInline {FONT} at (0,0) size 16x23
                                      RenderText {#text} at (2,2) size 16x23
                                        text run at (2,2) width 16: "63-"
                                        text run at (2,14) width 12: "64"
                                  RenderTableCell {TD} at (31,128) size 73x16 [r=5 c=1 rs=1 cs=1]
                                    RenderInline {FONT} at (0,0) size 69x11
                                      RenderText {#text} at (2,2) size 69x11
                                        text run at (2,2) width 69: "San Francisco"
                                  RenderTableCell {TD} at (104,128) size 28x16 [r=5 c=2 rs=1 cs=1]
                                    RenderInline {FONT} at (0,0) size 12x11
                                      RenderText {#text} at (14,2) size 12x11
                                        text run at (14,2) width 12: "80"
                                  RenderTableCell {TD} at (132,128) size 34x16 [r=5 c=3 rs=1 cs=1]
                                    RenderInline {FONT} at (0,0) size 24x11
                                      RenderText {#text} at (8,2) size 24x11
                                        text run at (8,2) width 24: "1787"
                                  RenderTableCell {TD} at (166,128) size 25x16 [r=5 c=4 rs=1 cs=1]
                                    RenderInline {FONT} at (0,0) size 21x11
                                      RenderText {#text} at (2,2) size 21x11
                                        text run at (2,2) width 21: "22.3"
                                  RenderTableCell {TD} at (191,128) size 34x16 [r=5 c=5 rs=1 cs=1]
                                    RenderInline {FONT} at (0,0) size 24x11
                                      RenderText {#text} at (8,2) size 24x11
                                        text run at (8,2) width 24: "2948"
                                  RenderTableCell {TD} at (225,128) size 25x16 [r=5 c=6 rs=1 cs=1]
                                    RenderInline {FONT} at (0,0) size 21x11
                                      RenderText {#text} at (2,2) size 21x11
                                        text run at (2,2) width 21: "36.9"
                                RenderTableRow {TR} at (0,156) size 250x28 [bgcolor=#FFFFFF]
                                  RenderTableCell {TD} at (0,156) size 31x28 [r=6 c=0 rs=1 cs=1]
                                    RenderInline {FONT} at (0,0) size 16x23
                                      RenderText {#text} at (2,2) size 16x23
                                        text run at (2,2) width 16: "64-"
                                        text run at (2,14) width 12: "65"
                                  RenderTableCell {TD} at (31,156) size 73x16 [r=6 c=1 rs=1 cs=1]
                                    RenderInline {FONT} at (0,0) size 46x11
                                      RenderText {#text} at (2,2) size 46x11
                                        text run at (2,2) width 46: "S.F.-Phila"
                                  RenderTableCell {TD} at (104,156) size 28x16 [r=6 c=2 rs=1 cs=1]
                                    RenderInline {FONT} at (0,0) size 12x11
                                      RenderText {#text} at (14,2) size 12x11
                                        text run at (14,2) width 12: "73"
                                  RenderTableCell {TD} at (132,156) size 34x16 [r=6 c=3 rs=1 cs=1]
                                    RenderInline {FONT} at (0,0) size 24x11
                                      RenderText {#text} at (8,2) size 24x11
                                        text run at (8,2) width 24: "1673"
                                  RenderTableCell {TD} at (166,156) size 25x16 [r=6 c=4 rs=1 cs=1]
                                    RenderInline {FONT} at (0,0) size 21x11
                                      RenderText {#text} at (2,2) size 21x11
                                        text run at (2,2) width 21: "22.9"
                                  RenderTableCell {TD} at (191,156) size 34x16 [r=6 c=5 rs=1 cs=1]
                                    RenderInline {FONT} at (0,0) size 24x11
                                      RenderText {#text} at (8,2) size 24x11
                                        text run at (8,2) width 24: "2534"
                                  RenderTableCell {TD} at (225,156) size 25x16 [r=6 c=6 rs=1 cs=1]
                                    RenderInline {FONT} at (0,0) size 21x11
                                      RenderText {#text} at (2,2) size 21x11
                                        text run at (2,2) width 21: "34.7"
                                RenderTableRow {TR} at (0,184) size 250x28 [bgcolor=#FFFFFF]
                                  RenderTableCell {TD} at (0,184) size 31x28 [r=7 c=0 rs=1 cs=1]
                                    RenderInline {FONT} at (0,0) size 16x23
                                      RenderText {#text} at (2,2) size 16x23
                                        text run at (2,2) width 16: "65-"
                                        text run at (2,14) width 12: "66"
                                  RenderTableCell {TD} at (31,184) size 73x16 [r=7 c=1 rs=1 cs=1]
                                    RenderInline {FONT} at (0,0) size 60x11
                                      RenderText {#text} at (2,2) size 60x11
                                        text run at (2,2) width 60: "Philadelphia"
                                  RenderTableCell {TD} at (104,184) size 28x16 [r=7 c=2 rs=1 cs=1]
                                    RenderInline {FONT} at (0,0) size 12x11
                                      RenderText {#text} at (14,2) size 12x11
                                        text run at (14,2) width 12: "79"
                                  RenderTableCell {TD} at (132,184) size 34x16 [r=7 c=3 rs=1 cs=1]
                                    RenderInline {FONT} at (0,0) size 24x11
                                      RenderText {#text} at (8,2) size 24x11
                                        text run at (8,2) width 24: "1943"
                                  RenderTableCell {TD} at (166,184) size 25x16 [r=7 c=4 rs=1 cs=1]
                                    RenderInline {FONT} at (0,0) size 21x11
                                      RenderText {#text} at (2,2) size 21x11
                                        text run at (2,2) width 21: "24.6"
                                  RenderTableCell {TD} at (191,184) size 34x16 [r=7 c=5 rs=1 cs=1]
                                    RenderInline {FONT} at (0,0) size 24x11
                                      RenderText {#text} at (8,2) size 24x11
                                        text run at (8,2) width 24: "2649"
                                  RenderTableCell {TD} at (225,184) size 25x16 [r=7 c=6 rs=1 cs=1]
                                    RenderInline {FONT} at (0,0) size 21x11
                                      RenderText {#text} at (2,2) size 21x11
                                        text run at (2,2) width 21: "33.5"
                                RenderTableRow {TR} at (0,212) size 250x28 [bgcolor=#FFFFFF]
                                  RenderTableCell {TD} at (0,212) size 31x28 [r=8 c=0 rs=1 cs=1]
                                    RenderInline {FONT} at (0,0) size 16x23
                                      RenderText {#text} at (2,2) size 16x23
                                        text run at (2,2) width 16: "66-"
                                        text run at (2,14) width 12: "67"
                                  RenderTableCell {TD} at (31,212) size 73x16 [r=8 c=1 rs=1 cs=1]
                                    RenderInline {FONT} at (0,0) size 60x11
                                      RenderText {#text} at (2,2) size 60x11
                                        text run at (2,2) width 60: "Philadelphia"
                                  RenderTableCell {TD} at (104,212) size 28x16 [r=8 c=2 rs=1 cs=1]
                                    RenderInline {FONT} at (0,0) size 12x11
                                      RenderText {#text} at (14,2) size 12x11
                                        text run at (14,2) width 12: "81"
                                  RenderTableCell {TD} at (132,212) size 34x16 [r=8 c=3 rs=1 cs=1]
                                    RenderInline {FONT} at (0,0) size 24x11
                                      RenderText {#text} at (8,2) size 24x11
                                        text run at (8,2) width 24: "1957"
                                  RenderTableCell {TD} at (166,212) size 25x16 [r=8 c=4 rs=1 cs=1]
                                    RenderInline {FONT} at (0,0) size 21x11
                                      RenderText {#text} at (2,2) size 21x11
                                        text run at (2,2) width 21: "24.2"
                                  RenderTableCell {TD} at (191,212) size 34x16 [r=8 c=5 rs=1 cs=1]
                                    RenderInline {FONT} at (0,0) size 24x11
                                      RenderText {#text} at (8,2) size 24x11
                                        text run at (8,2) width 24: "1956"
                                  RenderTableCell {TD} at (225,212) size 25x16 [r=8 c=6 rs=1 cs=1]
                                    RenderInline {FONT} at (0,0) size 21x11
                                      RenderText {#text} at (2,2) size 21x11
                                        text run at (2,2) width 21: "24.1"
                                RenderTableRow {TR} at (0,240) size 250x28 [bgcolor=#FFFFFF]
                                  RenderTableCell {TD} at (0,240) size 31x28 [r=9 c=0 rs=1 cs=1]
                                    RenderInline {FONT} at (0,0) size 16x23
                                      RenderText {#text} at (2,2) size 16x23
                                        text run at (2,2) width 16: "67-"
                                        text run at (2,14) width 12: "68"
                                  RenderTableCell {TD} at (31,240) size 73x16 [r=9 c=1 rs=1 cs=1]
                                    RenderInline {FONT} at (0,0) size 60x11
                                      RenderText {#text} at (2,2) size 60x11
                                        text run at (2,2) width 60: "Philadelphia"
                                  RenderTableCell {TD} at (104,240) size 28x16 [r=9 c=2 rs=1 cs=1]
                                    RenderInline {FONT} at (0,0) size 12x11
                                      RenderText {#text} at (14,2) size 12x11
                                        text run at (14,2) width 12: "82"
                                  RenderTableCell {TD} at (132,240) size 34x16 [r=9 c=3 rs=1 cs=1]
                                    RenderInline {FONT} at (0,0) size 24x11
                                      RenderText {#text} at (8,2) size 24x11
                                        text run at (8,2) width 24: "1952"
                                  RenderTableCell {TD} at (166,240) size 25x16 [r=9 c=4 rs=1 cs=1]
                                    RenderInline {FONT} at (0,0) size 21x11
                                      RenderText {#text} at (2,2) size 21x11
                                        text run at (2,2) width 21: "23.8"
                                  RenderTableCell {TD} at (191,240) size 34x16 [r=9 c=5 rs=1 cs=1]
                                    RenderInline {FONT} at (0,0) size 24x11
                                      RenderText {#text} at (8,2) size 24x11
                                        text run at (8,2) width 24: "1992"
                                  RenderTableCell {TD} at (225,240) size 25x16 [r=9 c=6 rs=1 cs=1]
                                    RenderInline {FONT} at (0,0) size 21x11
                                      RenderText {#text} at (2,2) size 21x11
                                        text run at (2,2) width 21: "24.3"
                                RenderTableRow {TR} at (0,268) size 250x28 [bgcolor=#FFFFFF]
                                  RenderTableCell {TD} at (0,268) size 31x28 [r=10 c=0 rs=1 cs=1]
                                    RenderInline {FONT} at (0,0) size 16x23
                                      RenderText {#text} at (2,2) size 16x23
                                        text run at (2,2) width 16: "68-"
                                        text run at (2,14) width 12: "69"
                                  RenderTableCell {TD} at (31,268) size 73x16 [r=10 c=1 rs=1 cs=1]
                                    RenderInline {FONT} at (0,0) size 55x11
                                      RenderText {#text} at (2,2) size 55x11
                                        text run at (2,2) width 55: "L.A. Lakers"
                                  RenderTableCell {TD} at (104,268) size 28x16 [r=10 c=2 rs=1 cs=1]
                                    RenderInline {FONT} at (0,0) size 12x11
                                      RenderText {#text} at (14,2) size 12x11
                                        text run at (14,2) width 12: "81"
                                  RenderTableCell {TD} at (132,268) size 34x16 [r=10 c=3 rs=1 cs=1]
                                    RenderInline {FONT} at (0,0) size 24x11
                                      RenderText {#text} at (8,2) size 24x11
                                        text run at (8,2) width 24: "1712"
                                  RenderTableCell {TD} at (166,268) size 25x16 [r=10 c=4 rs=1 cs=1]
                                    RenderInline {FONT} at (0,0) size 21x11
                                      RenderText {#text} at (2,2) size 21x11
                                        text run at (2,2) width 21: "21.1"
                                  RenderTableCell {TD} at (191,268) size 34x16 [r=10 c=5 rs=1 cs=1]
                                    RenderInline {FONT} at (0,0) size 24x11
                                      RenderText {#text} at (8,2) size 24x11
                                        text run at (8,2) width 24: "1664"
                                  RenderTableCell {TD} at (225,268) size 25x16 [r=10 c=6 rs=1 cs=1]
                                    RenderInline {FONT} at (0,0) size 21x11
                                      RenderText {#text} at (2,2) size 21x11
                                        text run at (2,2) width 21: "20.5"
                                RenderTableRow {TR} at (0,296) size 250x28 [bgcolor=#FFFFFF]
                                  RenderTableCell {TD} at (0,296) size 31x28 [r=11 c=0 rs=1 cs=1]
                                    RenderInline {FONT} at (0,0) size 16x23
                                      RenderText {#text} at (2,2) size 16x23
                                        text run at (2,2) width 16: "69-"
                                        text run at (2,14) width 12: "70"
                                  RenderTableCell {TD} at (31,296) size 73x16 [r=11 c=1 rs=1 cs=1]
                                    RenderInline {FONT} at (0,0) size 55x11
                                      RenderText {#text} at (2,2) size 55x11
                                        text run at (2,2) width 55: "L.A. Lakers"
                                  RenderTableCell {TD} at (104,296) size 28x16 [r=11 c=2 rs=1 cs=1]
                                    RenderInline {FONT} at (0,0) size 12x11
                                      RenderText {#text} at (14,2) size 12x11
                                        text run at (14,2) width 12: "12"
                                  RenderTableCell {TD} at (132,296) size 34x16 [r=11 c=3 rs=1 cs=1]
                                    RenderInline {FONT} at (0,0) size 18x11
                                      RenderText {#text} at (14,2) size 18x11
                                        text run at (14,2) width 18: "221"
                                  RenderTableCell {TD} at (166,296) size 25x16 [r=11 c=4 rs=1 cs=1]
                                    RenderInline {FONT} at (0,0) size 21x11
                                      RenderText {#text} at (2,2) size 21x11
                                        text run at (2,2) width 21: "18.4"
                                  RenderTableCell {TD} at (191,296) size 34x16 [r=11 c=5 rs=1 cs=1]
                                    RenderInline {FONT} at (0,0) size 18x11
                                      RenderText {#text} at (14,2) size 18x11
                                        text run at (14,2) width 18: "328"
                                  RenderTableCell {TD} at (225,296) size 25x16 [r=11 c=6 rs=1 cs=1]
                                    RenderInline {FONT} at (0,0) size 21x11
                                      RenderText {#text} at (2,2) size 21x11
                                        text run at (2,2) width 21: "27.3"
                                RenderTableRow {TR} at (0,324) size 250x28 [bgcolor=#FFFFFF]
                                  RenderTableCell {TD} at (0,324) size 31x28 [r=12 c=0 rs=1 cs=1]
                                    RenderInline {FONT} at (0,0) size 16x23
                                      RenderText {#text} at (2,2) size 16x23
                                        text run at (2,2) width 16: "70-"
                                        text run at (2,14) width 12: "71"
                                  RenderTableCell {TD} at (31,324) size 73x16 [r=12 c=1 rs=1 cs=1]
                                    RenderInline {FONT} at (0,0) size 55x11
                                      RenderText {#text} at (2,2) size 55x11
                                        text run at (2,2) width 55: "L.A. Lakers"
                                  RenderTableCell {TD} at (104,324) size 28x16 [r=12 c=2 rs=1 cs=1]
                                    RenderInline {FONT} at (0,0) size 12x11
                                      RenderText {#text} at (14,2) size 12x11
                                        text run at (14,2) width 12: "82"
                                  RenderTableCell {TD} at (132,324) size 34x16 [r=12 c=3 rs=1 cs=1]
                                    RenderInline {FONT} at (0,0) size 24x11
                                      RenderText {#text} at (8,2) size 24x11
                                        text run at (8,2) width 24: "1493"
                                  RenderTableCell {TD} at (166,324) size 25x16 [r=12 c=4 rs=1 cs=1]
                                    RenderInline {FONT} at (0,0) size 21x11
                                      RenderText {#text} at (2,2) size 21x11
                                        text run at (2,2) width 21: "18.2"
                                  RenderTableCell {TD} at (191,324) size 34x16 [r=12 c=5 rs=1 cs=1]
                                    RenderInline {FONT} at (0,0) size 24x11
                                      RenderText {#text} at (8,2) size 24x11
                                        text run at (8,2) width 24: "1696"
                                  RenderTableCell {TD} at (225,324) size 25x16 [r=12 c=6 rs=1 cs=1]
                                    RenderInline {FONT} at (0,0) size 21x11
                                      RenderText {#text} at (2,2) size 21x11
                                        text run at (2,2) width 21: "20.7"
                                RenderTableRow {TR} at (0,352) size 250x28 [bgcolor=#FFFFFF]
                                  RenderTableCell {TD} at (0,352) size 31x28 [r=13 c=0 rs=1 cs=1]
                                    RenderInline {FONT} at (0,0) size 16x23
                                      RenderText {#text} at (2,2) size 16x23
                                        text run at (2,2) width 16: "71-"
                                        text run at (2,14) width 12: "72"
                                  RenderTableCell {TD} at (31,352) size 73x16 [r=13 c=1 rs=1 cs=1]
                                    RenderInline {FONT} at (0,0) size 55x11
                                      RenderText {#text} at (2,2) size 55x11
                                        text run at (2,2) width 55: "L.A. Lakers"
                                  RenderTableCell {TD} at (104,352) size 28x16 [r=13 c=2 rs=1 cs=1]
                                    RenderInline {FONT} at (0,0) size 12x11
                                      RenderText {#text} at (14,2) size 12x11
                                        text run at (14,2) width 12: "82"
                                  RenderTableCell {TD} at (132,352) size 34x16 [r=13 c=3 rs=1 cs=1]
                                    RenderInline {FONT} at (0,0) size 24x11
                                      RenderText {#text} at (8,2) size 24x11
                                        text run at (8,2) width 24: "1572"
                                  RenderTableCell {TD} at (166,352) size 25x16 [r=13 c=4 rs=1 cs=1]
                                    RenderInline {FONT} at (0,0) size 21x11
                                      RenderText {#text} at (2,2) size 21x11
                                        text run at (2,2) width 21: "19.2"
                                  RenderTableCell {TD} at (191,352) size 34x16 [r=13 c=5 rs=1 cs=1]
                                    RenderInline {FONT} at (0,0) size 24x11
                                      RenderText {#text} at (8,2) size 24x11
                                        text run at (8,2) width 24: "1213"
                                  RenderTableCell {TD} at (225,352) size 25x16 [r=13 c=6 rs=1 cs=1]
                                    RenderInline {FONT} at (0,0) size 21x11
                                      RenderText {#text} at (2,2) size 21x11
                                        text run at (2,2) width 21: "14.8"
                                RenderTableRow {TR} at (0,380) size 250x28 [bgcolor=#FFFFFF]
                                  RenderTableCell {TD} at (0,380) size 31x28 [r=14 c=0 rs=1 cs=1]
                                    RenderInline {FONT} at (0,0) size 16x23
                                      RenderText {#text} at (2,2) size 16x23
                                        text run at (2,2) width 16: "72-"
                                        text run at (2,14) width 12: "73"
                                  RenderTableCell {TD} at (31,380) size 73x16 [r=14 c=1 rs=1 cs=1]
                                    RenderInline {FONT} at (0,0) size 55x11
                                      RenderText {#text} at (2,2) size 55x11
                                        text run at (2,2) width 55: "L.A. Lakers"
                                  RenderTableCell {TD} at (104,380) size 28x16 [r=14 c=2 rs=1 cs=1]
                                    RenderInline {FONT} at (0,0) size 12x11
                                      RenderText {#text} at (14,2) size 12x11
                                        text run at (14,2) width 12: "82"
                                  RenderTableCell {TD} at (132,380) size 34x16 [r=14 c=3 rs=1 cs=1]
                                    RenderInline {FONT} at (0,0) size 24x11
                                      RenderText {#text} at (8,2) size 24x11
                                        text run at (8,2) width 24: "1526"
                                  RenderTableCell {TD} at (166,380) size 25x16 [r=14 c=4 rs=1 cs=1]
                                    RenderInline {FONT} at (0,0) size 21x11
                                      RenderText {#text} at (2,2) size 21x11
                                        text run at (2,2) width 21: "18.6"
                                  RenderTableCell {TD} at (191,380) size 34x16 [r=14 c=5 rs=1 cs=1]
                                    RenderInline {FONT} at (0,0) size 24x11
                                      RenderText {#text} at (8,2) size 24x11
                                        text run at (8,2) width 24: "1084"
                                  RenderTableCell {TD} at (225,380) size 25x16 [r=14 c=6 rs=1 cs=1]
                                    RenderInline {FONT} at (0,0) size 21x11
                                      RenderText {#text} at (2,2) size 21x11
                                        text run at (2,2) width 21: "13.2"
                                RenderTableRow {TR} at (0,408) size 250x16 [bgcolor=#FFFFFF]
                                  RenderTableCell {TD} at (0,408) size 104x16 [r=15 c=0 rs=1 cs=2]
                                    RenderInline {FONT} at (0,0) size 30x11
                                      RenderText {#text} at (2,2) size 30x11
                                        text run at (2,2) width 30: "Totals"
                                  RenderTableCell {TD} at (104,408) size 28x16 [r=15 c=2 rs=1 cs=1]
                                    RenderInline {FONT} at (0,0) size 24x11
                                      RenderText {#text} at (2,2) size 24x11
                                        text run at (2,2) width 24: "1045"
                                  RenderTableCell {TD} at (132,408) size 34x16 [r=15 c=3 rs=1 cs=1]
                                    RenderInline {FONT} at (0,0) size 30x11
                                      RenderText {#text} at (2,2) size 30x11
                                        text run at (2,2) width 30: "23924"
                                  RenderTableCell {TD} at (166,408) size 25x16 [r=15 c=4 rs=1 cs=1]
                                    RenderInline {FONT} at (0,0) size 21x11
                                      RenderText {#text} at (2,2) size 21x11
                                        text run at (2,2) width 21: "22.9"
                                  RenderTableCell {TD} at (191,408) size 34x16 [r=15 c=5 rs=1 cs=1]
                                    RenderInline {FONT} at (0,0) size 30x11
                                      RenderText {#text} at (2,2) size 30x11
                                        text run at (2,2) width 30: "31419"
                                  RenderTableCell {TD} at (225,408) size 25x16 [r=15 c=6 rs=1 cs=1]
                                    RenderInline {FONT} at (0,0) size 21x11
                                      RenderText {#text} at (2,2) size 21x11
                                        text run at (2,2) width 21: "30.1"
                            RenderBlock {HR} at (2,434) size 250x1 [border: (1px inset #000000) none (1px inset #000000)]
                    RenderText {#text} at (0,0) size 176x304
                      text run at (0,0) width 159: "Known as ``Wilt the"
                      text run at (0,19) width 154: "Stilt'' and ``The Big"
                      text run at (0,38) width 166: "Dipper,'' the 7-foot-1"
                      text run at (0,57) width 102: "Chamberlain"
                      text run at (0,76) width 156: "dominated the NBA"
                      text run at (0,95) width 152: "from 1959 through"
                      text run at (0,114) width 176: "1973, when he played"
                      text run at (0,133) width 155: "for the Philadelphia"
                      text run at (0,152) width 109: "(later the San"
                      text run at (0,171) width 161: "Francisco) Warriors,"
                      text run at (0,190) width 142: "the 76ers and the"
                      text run at (0,209) width 144: "Lakers. He scored"
                      text run at (0,228) width 164: "31,419 points during"
                      text run at (0,247) width 170: "his career, averaging"
                      text run at (0,266) width 143: "30.1 points for his"
                      text run at (0,285) width 58: "career."
                  RenderBlock {P} at (0,320) size 440x57
                    RenderText {#text} at (0,0) size 178x57
                      text run at (0,0) width 178: "He also led the league"
                      text run at (0,19) width 168: "in career rebounding"
                      text run at (0,38) width 98: "with 23,924."
                  RenderBlock {P} at (0,393) size 440x152
                    RenderText {#text} at (0,0) size 425x152
                      text run at (0,0) width 167: "One of only two men"
                      text run at (0,19) width 131: "named MVP and"
                      text run at (0,38) width 162: "rookie of the year in"
                      text run at (0,57) width 136: "the same season"
                      text run at (0,76) width 155: "(1959), he was also"
                      text run at (0,95) width 425: "MVP in 1966 through 1968. He led the NBA in scoring"
                      text run at (0,114) width 398: "seven straight seasons, 1960 to 1966, and led the"
                      text run at (0,133) width 341: "league in rebounding 11 of his 14 seasons."
                  RenderBlock {P} at (0,561) size 440x76
                    RenderText {#text} at (0,0) size 419x76
                      text run at (0,0) width 418: "One of his most famous records is the 100 points he"
                      text run at (0,19) width 419: "scored in a single game in the Philadelphia Warriors'"
                      text run at (0,38) width 412: "169-147 defeat of the New York Knicks on March 2,"
                      text run at (0,57) width 170: "1962, in Hershey, Pa."
