layer at (0,0) size 980x735
  RenderView at (0,0) size 980x735
layer at (0,0) size 980x735
  RenderBlock {HTML} at (0,0) size 980x735
    RenderBody {BODY} at (8,8) size 964x719
      RenderTable {TABLE} at (0,0) size 180x72 [border: (1px outset #808080)]
        RenderTableSection {TBODY} at (1,1) size 178x70
          RenderTableRow {TR} at (0,2) size 178x23
            RenderTableCell {TD} at (2,2) size 174x23 [border: (1px inset #808080)] [r=0 c=0 rs=1 cs=1]
              RenderText {#text} at (2,2) size 141x19
                text run at (2,2) width 141: "cell of outer table"
          RenderTableRow {TR} at (0,27) size 178x41
            RenderTableCell {TD} at (2,27) size 174x41 [border: (1px inset #808080)] [r=1 c=0 rs=1 cs=1]
              RenderTable {TABLE} at (2,2) size 170x37 [border: (5px outset #808080)]
                RenderTableSection {TBODY} at (5,5) size 160x27
                  RenderTableRow {TR} at (0,2) size 160x23
                    RenderTableCell {TD} at (2,2) size 156x23 [border: (1px inset #808080)] [r=0 c=0 rs=1 cs=1]
                      RenderText {#text} at (2,2) size 152x19
                        text run at (2,2) width 152: "cell of nested table"
      RenderBlock (anonymous) at (0,72) size 964x19
        RenderBR {BR} at (0,0) size 0x19
      RenderBlock {HR} at (0,99) size 202x2 [border: (1px inset #000000)]
      RenderBlock (anonymous) at (0,109) size 964x19
        RenderText {#text} at (0,0) size 276x19
          text run at (0,0) width 276: "nested table width includes border"
      RenderTable {TABLE} at (0,128) size 204x51 [border: (1px outset #808080)]
        RenderTableSection {TBODY} at (1,1) size 202x49
          RenderTableRow {TR} at (0,0) size 202x49
            RenderTableCell {TD} at (0,0) size 202x49 [border: (1px inset #808080)] [r=0 c=0 rs=1 cs=1]
              RenderTable {TABLE} at (1,1) size 200x47 [border: (10px outset #808080)]
                RenderTableSection {TBODY} at (10,10) size 180x27
                  RenderTableRow {TR} at (0,2) size 180x23
                    RenderTableCell {TD} at (2,2) size 176x23 [border: (1px inset #808080)] [r=0 c=0 rs=1 cs=1]
                      RenderText {#text} at (2,2) size 134x19
                        text run at (2,2) width 134: "200 nested table"
      RenderBlock (anonymous) at (0,179) size 964x38
        RenderBR {BR} at (0,0) size 0x19
        RenderText {#text} at (0,19) size 276x19
          text run at (0,19) width 276: "nested table width includes border"
      RenderTable {TABLE} at (0,217) size 172x51 [border: (1px outset #808080)]
        RenderTableSection {TBODY} at (1,1) size 170x49
          RenderTableRow {TR} at (0,0) size 170x49
            RenderTableCell {TD} at (0,0) size 170x49 [border: (1px inset #808080)] [r=0 c=0 rs=1 cs=1]
              RenderTable {TABLE} at (1,1) size 168x47 [border: (10px outset #808080)]
                RenderTableSection {TBODY} at (10,10) size 148x27
                  RenderTableRow {TR} at (0,2) size 148x23
                    RenderTableCell {TD} at (2,2) size 144x23 [border: (1px inset #808080)] [r=0 c=0 rs=1 cs=1]
                      RenderText {#text} at (2,2) size 140x19
                        text run at (2,2) width 140: "auto nested table"
      RenderBlock (anonymous) at (0,268) size 964x38
        RenderBR {BR} at (0,0) size 0x19
        RenderText {#text} at (0,19) size 276x19
          text run at (0,19) width 276: "nested table width includes border"
      RenderTable {TABLE} at (0,306) size 964x31 [border: (5px outset #808080)]
        RenderTableSection {TBODY} at (5,5) size 954x21
          RenderTableRow {TR} at (0,0) size 954x21
            RenderTableCell {TD} at (0,0) size 954x21 [border: (1px inset #808080)] [r=0 c=0 rs=1 cs=1]
              RenderText {#text} at (1,1) size 138x19
                text run at (1,1) width 138: "100% width table"
      RenderBlock (anonymous) at (0,337) size 964x38
        RenderBR {BR} at (0,0) size 0x19
        RenderText {#text} at (0,19) size 276x19
          text run at (0,19) width 276: "nested table width includes border"
      RenderTable {TABLE} at (0,375) size 181x51 [border: (1px outset #808080)]
        RenderTableSection {TBODY} at (1,1) size 179x49
          RenderTableRow {TR} at (0,0) size 179x49
            RenderTableCell {TD} at (0,0) size 179x49 [border: (1px inset #808080)] [r=0 c=0 rs=1 cs=1]
              RenderTable {TABLE} at (1,1) size 177x47 [border: (10px outset #808080)]
                RenderTableSection {TBODY} at (10,10) size 157x27
                  RenderTableRow {TR} at (0,2) size 157x23
                    RenderTableCell {TD} at (2,2) size 153x23 [border: (1px inset #808080)] [r=0 c=0 rs=1 cs=1]
                      RenderText {#text} at (2,2) size 149x19
                        text run at (2,2) width 149: "100% nested table"
