layer at (0,0) size 980x1813
  RenderView at (0,0) size 980x735
layer at (0,0) size 980x1813
  RenderBlock {HTML} at (0,0) size 980x1813
    RenderBody {BODY} at (8,8) size 964x719
      RenderText {#text} at (0,0) size 26x19
        text run at (0,0) width 26: "foo"
      RenderTable {TABLE} at (848,0) size 116x1805
        RenderTableSection {TBODY} at (0,0) size 116x1805
          RenderTableRow {TR} at (0,2) size 116x998
            RenderTableCell {TD} at (2,2) size 112x78 [r=0 c=0 rs=1 cs=1]
              RenderBR {BR} at (1,1) size 0x19
              RenderText {#text} at (1,20) size 107x57
                text run at (1,20) width 107: "Create a cool"
                text run at (1,39) width 91: "home page"
                text run at (1,58) width 64: "with the"
          RenderTableRow {TR} at (0,1002) size 116x801
            RenderTableCell {TD} at (2,1002) size 112x97 [r=1 c=0 rs=1 cs=1]
              RenderBR {BR} at (1,1) size 0x19
              RenderText {#text} at (1,20) size 86x76
                text run at (1,20) width 28: "Get"
                text run at (1,39) width 79: "organized"
                text run at (1,58) width 86: "online with"
                text run at (1,77) width 26: "the"
      RenderText {#text} at (0,0) size 0x0
