layer at (0,0) size 980x735
  RenderView at (0,0) size 980x735
layer at (0,0) size 980x735
  RenderBlock {HTML} at (0,0) size 980x735
    RenderBody {BODY} at (8,8) size 964x719
      RenderTable {TABLE} at (0,0) size 29x719 [border: (1px outset #808080)]
        RenderTableSection {TBODY} at (1,1) size 27x717
          RenderTableRow {TR} at (0,2) size 27x713
            RenderTableCell {TD} at (2,179) size 23x358 [border: (1px inset #808080)] [r=0 c=0 rs=1 cs=1]
              RenderTable {TABLE} at (2,2) size 19x354 [border: (1px outset #808080)]
                RenderTableSection {TBODY} at (1,1) size 17x352
                  RenderTableRow {TR} at (0,2) size 17x348
                    RenderTableCell {TD} at (2,164) size 13x23 [border: (1px inset #808080)] [r=0 c=0 rs=1 cs=1]
                      RenderText {#text} at (2,2) size 9x19
                        text run at (2,2) width 9: "x"
