layer at (0,0) size 980x1938
  RenderView at (0,0) size 980x735
layer at (0,0) size 980x1938
  RenderBlock {HTML} at (0,0) size 980x1938
    RenderBody {BODY} at (0,0) size 980x1938 [bgcolor=#53799F]
      RenderBlock {CENTER} at (0,0) size 980x1938
        RenderBlock (anonymous) at (0,0) size 980x19
          RenderBR {BR} at (490,0) size 0x19
        RenderTable {TABLE} at (24,19) size 931x1900 [border: (1px solid #000000)]
          RenderTableSection {TBODY} at (1,1) size 929x1898
            RenderTableRow {TR} at (0,0) size 929x21
              RenderTableCell {TD} at (0,0) size 929x21 [bgcolor=#3F5694] [border: (1px solid #000000)] [r=0 c=0 rs=1 cs=1]
                RenderText {#text} at (443,1) size 43x19
                  text run at (443,1) width 43: "News"
            RenderTableRow {TR} at (0,21) size 929x40
              RenderTableCell {TD} at (0,21) size 929x40 [border: (1px solid #000000)] [r=1 c=0 rs=1 cs=1]
                RenderInline {B} at (0,0) size 129x19
                  RenderText {#text} at (400,1) size 129x19
                    text run at (400,1) width 129: "11. M\x{E4}rz 2002"
                RenderBR {BR} at (528,16) size 1x0
                RenderText {#text} at (69,20) size 791x19
                  text run at (69,20) width 617: "nun gibt es auch eine kommerzielle Version vom PopUp-Manager, mehr Info "
                  text run at (686,20) width 174: "unter komerz. Scripte"
            RenderTableRow {TR} at (0,61) size 929x40
              RenderTableCell {TD} at (0,61) size 929x40 [border: (1px solid #000000)] [r=2 c=0 rs=1 cs=1]
                RenderInline {B} at (0,0) size 123x19
                  RenderText {#text} at (403,1) size 123x19
                    text run at (403,1) width 123: "09.M\x{E4}rz 2002"
                  RenderBR {BR} at (525,16) size 1x0
                RenderText {#text} at (208,20) size 513x19
                  text run at (208,20) width 513: "neues Script ist online, PopUp-Manager, mehr Info unter Scripte"
            RenderTableRow {TR} at (0,101) size 929x40
              RenderTableCell {TD} at (0,101) size 929x40 [border: (1px solid #000000)] [r=3 c=0 rs=1 cs=1]
                RenderText {#text} at (385,1) size 159x19
                  text run at (385,1) width 159: "17. November 2001"
                RenderBR {BR} at (544,16) size 0x0
                RenderText {#text} at (364,20) size 201x19
                  text run at (364,20) width 201: "Endlich wieder Online! :-)"
            RenderTableRow {TR} at (0,141) size 929x173
              RenderTableCell {TD} at (0,141) size 929x173 [border: (1px solid #000000)] [r=4 c=0 rs=1 cs=1]
                RenderText {#text} at (346,1) size 237x19
                  text run at (346,1) width 237: "23. Oktober 2001 (21:00 Uhr)"
                RenderBR {BR} at (582,16) size 1x0
                RenderText {#text} at (396,20) size 137x19
                  text run at (396,20) width 137: "Es ist vollbracht! "
                RenderBR {BR} at (532,35) size 1x0
                RenderText {#text} at (264,39) size 401x19
                  text run at (264,39) width 401: "Ich habe nun den .htaccess-BUG bei den Scripten:"
                RenderBR {BR} at (664,54) size 1x0
                RenderText {#text} at (140,58) size 649x19
                  text run at (140,58) width 649: "The Real Topsites, Sponsor Manager, Download Manager und Password Manager"
                RenderBR {BR} at (789,73) size 0x0
                RenderText {#text} at (151,77) size 627x19
                  text run at (151,77) width 554: "abgeschafft, brauchte 2 Tage daf\x{FC}r, dabei lag der Fehler vor meiner "
                  text run at (704,77) width 74: "Nase ! :-)"
                RenderBR {BR} at (777,92) size 1x0
                RenderText {#text} at (4,96) size 921x76
                  text run at (4,96) width 478: "F\x{FC}r Euch hei\x{DF}t es, wenn Ihr eines der Scripte benutzt, ladet "
                  text run at (482,96) width 443: "Euch die admin.cgi runter und vereinbart unbedingt ein"
                  text run at (11,115) width 140: "neues Password! "
                  text run at (151,115) width 561: "Au\x{DF}erdem wurde bei der Toplist die Sache mit dem Button Load/Klick "
                  text run at (712,115) width 206: "um programmiert, f\x{FC}r die"
                  text run at (22,134) width 375: "Leute die den Button Load/Klick Modus haben, "
                  text run at (397,134) width 510: "Ihr m\x{FC}st Euch auch die topsites.cgi laden und im Admin Bereich"
                  text run at (246,153) width 48: "unter "
                  text run at (294,153) width 389: "Modus unten die URL zu Eurem Button angeben!"
            RenderTableRow {TR} at (0,314) size 929x40
              RenderTableCell {TD} at (0,314) size 929x40 [border: (1px solid #000000)] [r=5 c=0 rs=1 cs=1]
                RenderText {#text} at (394,1) size 141x19
                  text run at (394,1) width 141: "22. Oktober 2001"
                RenderBR {BR} at (534,16) size 1x0
                RenderText {#text} at (162,20) size 605x19
                  text run at (162,20) width 546: "Download-Bereich ist vorrerst geschlo\x{DF}en, kommen Sie bitte sp\x{E4}ter "
                  text run at (708,20) width 59: "wieder."
            RenderTableRow {TR} at (0,354) size 929x59
              RenderTableCell {TD} at (0,354) size 929x59 [border: (1px solid #000000)] [r=6 c=0 rs=1 cs=1]
                RenderText {#text} at (346,1) size 237x19
                  text run at (346,1) width 237: "21. Oktober 2001 (22:45 Uhr)"
                RenderBR {BR} at (582,16) size 1x0
                RenderText {#text} at (1,20) size 927x38
                  text run at (1,20) width 512: "OK, sorry f\x{FC}r die Unannehmlichkeiten, aber Ihr m\x{FC}sst Euch nun "
                  text run at (513,20) width 415: "noch mal die Scripte runter laden und die admin.cgi"
                  text run at (94,39) width 183: "erneuern, hier kommt "
                  text run at (276,39) width 559: "noch das Password-Manager-Script dazu, sollte jetzt alles sicher sein! "
                RenderBR {BR} at (0,0) size 0x0
            RenderTableRow {TR} at (0,413) size 929x116
              RenderTableCell {TD} at (0,413) size 929x116 [border: (1px solid #000000)] [r=7 c=0 rs=1 cs=1]
                RenderText {#text} at (346,1) size 237x19
                  text run at (346,1) width 237: "21. Oktober 2001 (20:50 Uhr)"
                RenderBR {BR} at (582,16) size 1x0
                RenderText {#text} at (225,20) size 479x19
                  text run at (225,20) width 479: "An alle Leute die follgende Scripte von G5-Scripts benutzen:"
                RenderBR {BR} at (703,35) size 1x0
                RenderText {#text} at (239,39) size 451x19
                  text run at (239,39) width 451: "The Real Topsites, Download Counter, Sponsor Manager"
                RenderBR {BR} at (689,54) size 1x0
                RenderText {#text} at (33,58) size 863x19
                  text run at (33,58) width 600: "bitte noch ein mal runter laden und die admin.cgi erneuern, beim Sponsor "
                  text run at (632,58) width 264: "Manager kommt noch eine Datei"
                RenderBR {BR} at (895,73) size 1x0
                RenderText {#text} at (391,77) size 147x19
                  text run at (391,77) width 147: "'variable.pl' dazu!!"
                RenderBR {BR} at (537,92) size 1x0
                RenderText {#text} at (96,96) size 737x19
                  text run at (96,96) width 603: "Der Grund : man hat festgestellt das .htaccess Password Schutz doch nicht "
                  text run at (699,96) width 134: "das sicherste ist!"
            RenderTableRow {TR} at (0,529) size 929x189
              RenderTableCell {TD} at (0,529) size 929x189 [border: (1px solid #000000)] [r=8 c=0 rs=1 cs=1]
                RenderBlock {P} at (1,1) size 927x133
                  RenderText {#text} at (393,0) size 141x19
                    text run at (393,0) width 141: "13. Oktober 2001"
                  RenderBR {BR} at (533,15) size 1x0
                  RenderText {#text} at (107,19) size 713x19
                    text run at (107,19) width 611: "Ich habe es nun endlich geschafft das Gateway bei der Toplist mit IP-Sperre "
                    text run at (718,19) width 102: "zu versehen,"
                  RenderBR {BR} at (820,34) size 0x0
                  RenderText {#text} at (1,38) size 925x19
                    text run at (1,38) width 567: "dabei war der Fehler den ich vorher nicht verstand eine simple Sache, "
                    text run at (567,38) width 359: "h\x{E4}tte ich doch ein wenig mehr nachgedacht!"
                  RenderBR {BR} at (925,53) size 1x0
                  RenderText {#text} at (9,57) size 909x76
                    text run at (9,57) width 549: "Des weiteren habe ich noch die Datensicherung umgeschrieben, f\x{FC}r "
                    text run at (558,57) width 360: "alle die Listen deren Hits ab und zu mal auf 0"
                    text run at (23,76) width 181: "gesetzt werden, sollte "
                    text run at (203,76) width 583: "jetzt nicht mehr passieren und ich habe noch den Mail Versand aus dem "
                    text run at (785,76) width 119: "Admin-Bereich"
                    text run at (22,95) width 447: "umgeschrieben und zwar wurde fr\x{FC}her der Text immer "
                    text run at (469,95) width 436: "zusammen gequetscht, die Enters wurden so zu sagen"
                    text run at (358,114) width 118: "ignoriert, jetzt "
                    text run at (475,114) width 94: "nicht mehr!"
                RenderBlock {P} at (1,150) size 927x38
                  RenderText {#text} at (14,0) size 899x38
                    text run at (14,0) width 479: ">> F\x{FC}r alle die das Script vor dem 11.10.01 runter geladen "
                    text run at (493,0) width 420: "haben, Ihr solltet es Euch noch mal runter laden und"
                    text run at (157,19) width 181: "die folgenden Dateien "
                    text run at (338,19) width 432: "durch die neuen ersetzen: topsites.cgi und admin.cgi ."
            RenderTableRow {TR} at (0,718) size 929x40
              RenderTableCell {TD} at (0,718) size 929x40 [border: (1px solid #000000)] [r=9 c=0 rs=1 cs=1]
                RenderText {#text} at (394,1) size 141x19
                  text run at (394,1) width 141: "11. Oktober 2001"
                RenderBR {BR} at (534,16) size 1x0
                RenderText {#text} at (156,20) size 617x19
                  text run at (156,20) width 617: "neues Script ist online, .htaccess-Password-Manager, mehr Info unter Scripte"
            RenderTableRow {TR} at (0,758) size 929x40
              RenderTableCell {TD} at (0,758) size 929x40 [border: (1px solid #000000)] [r=10 c=0 rs=1 cs=1]
                RenderText {#text} at (382,1) size 165x19
                  text run at (382,1) width 165: "08. September 2001"
                RenderBR {BR} at (546,16) size 1x0
                RenderText {#text} at (259,20) size 411x19
                  text run at (259,20) width 411: "Eine neu Version des Download Counters ist online!"
            RenderTableRow {TR} at (0,798) size 929x59
              RenderTableCell {TD} at (0,798) size 929x59 [border: (1px solid #000000)] [r=11 c=0 rs=1 cs=1]
                RenderText {#text} at (399,1) size 131x19
                  text run at (399,1) width 131: "11. August 2001"
                RenderBR {BR} at (529,16) size 1x0
                RenderText {#text} at (39,20) size 851x19
                  text run at (39,20) width 570: "Ich habe so eben eine random.cgi f\x{FC}r den Topsites Script geschrieben. "
                  text run at (609,20) width 281: "Die random.cgi f\x{FC}hrt den Besucher"
                RenderBR {BR} at (890,35) size 0x0
                RenderText {#text} at (323,39) size 283x19
                  text run at (323,39) width 283: "auf eine zuf\x{E4}llig ausgew\x{E4}hlte Seite."
            RenderTableRow {TR} at (0,857) size 929x59
              RenderTableCell {TD} at (0,857) size 929x59 [border: (1px solid #000000)] [r=12 c=0 rs=1 cs=1]
                RenderText {#text} at (399,1) size 131x19
                  text run at (399,1) width 131: "08. August 2001"
                RenderBR {BR} at (529,16) size 1x0
                RenderText {#text} at (123,20) size 683x19
                  text run at (123,20) width 587: "Ich schreibe gerade eine neue Version von dem Download Counter, bitte "
                  text run at (710,20) width 96: "schreibt mir"
                RenderBR {BR} at (806,35) size 0x0
                RenderText {#text} at (240,39) size 449x19
                  text run at (240,39) width 449: "ins Forum was Ihr da alles haben wollt, wer das benutzt!"
            RenderTableRow {TR} at (0,916) size 929x59
              RenderTableCell {TD} at (0,916) size 929x59 [border: (1px solid #000000)] [r=13 c=0 rs=1 cs=1]
                RenderText {#text} at (415,1) size 99x19
                  text run at (415,1) width 99: "09. Juli 2001"
                RenderBR {BR} at (513,16) size 1x0
                RenderText {#text} at (23,20) size 883x38
                  text run at (23,20) width 568: "eine kleiner Bug in der Topsites.cgi wurde behoben! Wer m\x{F6}chte kann "
                  text run at (591,20) width 315: "sich die jetzige Zip runter laden und die"
                  text run at (231,39) width 217: "topsites.cgi auktualisieren, "
                  text run at (448,39) width 250: "mu\x{DF} aber nicht unbedingt sein!"
            RenderTableRow {TR} at (0,975) size 929x59
              RenderTableCell {TD} at (0,975) size 929x59 [border: (1px solid #000000)] [r=14 c=0 rs=1 cs=1]
                RenderText {#text} at (415,1) size 99x19
                  text run at (415,1) width 99: "01. Juli 2001"
                RenderBR {BR} at (513,16) size 1x0
                RenderText {#text} at (107,20) size 715x19
                  text run at (107,20) width 635: "Jetzt haben wir einen Support Forum, postet Eure Fragen da rein und versuche "
                  text run at (742,20) width 80: "Sie alle zu"
                RenderBR {BR} at (822,35) size 0x0
                RenderText {#text} at (73,39) size 783x19
                  text run at (73,39) width 497: "beantworten! Au\x{DF}erdem k\x{F6}nnt Ihr dort auch Eure Vorschl\x{E4}ge "
                  text run at (570,39) width 286: "zu den einzelnen Scripten abgeben!"
            RenderTableRow {TR} at (0,1034) size 929x59
              RenderTableCell {TD} at (0,1034) size 929x59 [border: (1px solid #000000)] [r=15 c=0 rs=1 cs=1]
                RenderText {#text} at (415,1) size 99x19
                  text run at (415,1) width 99: "01. Juli 2001"
                RenderBR {BR} at (513,16) size 1x0
                RenderText {#text} at (149,20) size 631x19
                  text run at (149,20) width 600: "Und wieder eine neue Version von The Real Topsites ist online, die Version "
                  text run at (749,20) width 31: "3.4!"
                RenderBR {BR} at (780,35) size 0x0
                RenderText {#text} at (185,39) size 559x19
                  text run at (185,39) width 559: "Es gibt einige neue Funktionen und es wurde auch einiges verbessert!"
            RenderTableRow {TR} at (0,1093) size 929x59
              RenderTableCell {TD} at (0,1093) size 929x59 [border: (1px solid #000000)] [r=16 c=0 rs=1 cs=1]
                RenderText {#text} at (412,1) size 105x19
                  text run at (412,1) width 105: "20. Juni 2001"
                RenderBR {BR} at (516,16) size 1x0
                RenderText {#text} at (156,20) size 617x19
                  text run at (156,20) width 577: "unser Hoster hat ein paar kleine Probleme also sollte irgend was an der "
                  text run at (733,20) width 40: "Seite"
                RenderBR {BR} at (773,35) size 0x0
                RenderText {#text} at (306,39) size 317x19
                  text run at (306,39) width 317: "nicht gehen, einfach wieder versuchen!"
            RenderTableRow {TR} at (0,1152) size 929x97
              RenderTableCell {TD} at (0,1152) size 929x97 [border: (1px solid #000000)] [r=17 c=0 rs=1 cs=1]
                RenderText {#text} at (412,1) size 105x19
                  text run at (412,1) width 105: "09. Juni 2001"
                RenderBR {BR} at (516,16) size 1x0
                RenderText {#text} at (118,20) size 693x19
                  text run at (118,20) width 555: "Die neue Version (3.3) von The Real Topsites ist online, es gibt einige "
                  text run at (673,20) width 138: "neue Funktionen "
                RenderBR {BR} at (811,35) size 0x0
                RenderText {#text} at (313,39) size 303x19
                  text run at (313,39) width 303: "und es wurde auch einiges ver\x{E4}ndert!"
                RenderBR {BR} at (616,54) size 0x0
                RenderText {#text} at (304,58) size 321x19
                  text run at (304,58) width 321: "Mehr Info unter \"Perl Scripte\" im Men\x{FC}. "
                RenderBR {BR} at (624,73) size 1x0
                RenderText {#text} at (199,77) size 531x19
                  text run at (199,77) width 531: "P.S. den Umstieg auf die Version3.3 kann ich Euch nur empfehlen!"
            RenderTableRow {TR} at (0,1249) size 929x78
              RenderTableCell {TD} at (0,1249) size 929x78 [border: (1px solid #000000)] [r=18 c=0 rs=1 cs=1]
                RenderText {#text} at (412,1) size 105x19
                  text run at (412,1) width 105: "04. Juni 2001"
                RenderBR {BR} at (516,16) size 1x0
                RenderText {#text} at (177,20) size 575x19
                  text run at (177,20) width 575: "Ein kleiner Bug bei Topsites Script wurde gefunden und sofort behoben!"
                RenderBR {BR} at (751,35) size 1x0
                RenderText {#text} at (184,39) size 561x19
                  text run at (184,39) width 561: "Bug: es wurde immer wieder die selbe Site Of The Moment angezeigt!"
                RenderBR {BR} at (745,54) size 0x0
                RenderText {#text} at (186,58) size 557x19
                  text run at (186,58) width 551: "Ladet Euch die jetzige Version runter und ersetzt nur die topsites.cgi "
                  text run at (737,58) width 6: "!"
            RenderTableRow {TR} at (0,1327) size 929x59
              RenderTableCell {TD} at (0,1327) size 929x59 [border: (1px solid #000000)] [r=19 c=0 rs=1 cs=1]
                RenderText {#text} at (412,1) size 105x19
                  text run at (412,1) width 105: "01. Juni 2001"
                RenderBR {BR} at (516,16) size 1x0
                RenderText {#text} at (278,20) size 373x19
                  text run at (278,20) width 373: "Ein neues Script ist online! G5-ICQ Newsletter. "
                RenderBR {BR} at (651,35) size 0x0
                RenderText {#text} at (307,39) size 315x19
                  text run at (307,39) width 315: "Mehr Info unter \"Perl Scripte\" im Men\x{FC}."
            RenderTableRow {TR} at (0,1386) size 929x59
              RenderTableCell {TD} at (0,1386) size 929x59 [border: (1px solid #000000)] [r=20 c=0 rs=1 cs=1]
                RenderText {#text} at (413,1) size 103x19
                  text run at (413,1) width 103: "31. Mai 2001"
                RenderBR {BR} at (516,16) size 0x0
                RenderText {#text} at (204,20) size 521x19
                  text run at (204,20) width 521: "Ich habe einen ICQ-Newsletter Script installiert, unter dem Men\x{FC}."
                RenderBR {BR} at (725,35) size 0x0
                RenderText {#text} at (223,39) size 483x19
                  text run at (223,39) width 483: "Tragt Euch ein, dann seit Ihr immer auf dem neusten Stand!"
            RenderTableRow {TR} at (0,1445) size 929x40
              RenderTableCell {TD} at (0,1445) size 929x40 [border: (1px solid #000000)] [r=21 c=0 rs=1 cs=1]
                RenderText {#text} at (413,1) size 103x19
                  text run at (413,1) width 103: "26. Mai 2001"
                RenderBR {BR} at (516,16) size 0x0
                RenderText {#text} at (333,20) size 263x19
                  text run at (333,20) width 263: "The Real Topsites v3.0 ist online!"
            RenderTableRow {TR} at (0,1485) size 929x59
              RenderTableCell {TD} at (0,1485) size 929x59 [border: (1px solid #000000)] [r=22 c=0 rs=1 cs=1]
                RenderText {#text} at (413,1) size 103x19
                  text run at (413,1) width 103: "25. Mai 2001"
                RenderBR {BR} at (516,16) size 0x0
                RenderText {#text} at (266,20) size 397x19
                  text run at (266,20) width 397: "Ein neues Script ist online! G5-Download Counter."
                RenderBR {BR} at (662,35) size 1x0
                RenderText {#text} at (307,39) size 315x19
                  text run at (307,39) width 315: "Mehr Info unter \"Perl Scripte\" im Men\x{FC}."
            RenderTableRow {TR} at (0,1544) size 929x97
              RenderTableCell {TD} at (0,1544) size 929x97 [border: (1px solid #000000)] [r=23 c=0 rs=1 cs=1]
                RenderText {#text} at (413,1) size 103x19
                  text run at (413,1) width 103: "24. Mai 2001"
                RenderBR {BR} at (516,16) size 0x0
                RenderText {#text} at (150,20) size 629x19
                  text run at (150,20) width 536: "Ich habe es mir sehr lange \x{FC}berlegt, die Entscheidung war wirklich "
                  text run at (686,20) width 93: "nicht leicht!"
                RenderBR {BR} at (779,35) size 0x0
                RenderText {#text} at (120,39) size 689x19
                  text run at (120,39) width 505: "Ich habe mich entschieden den Script \"The Real Topsites\" zum "
                  text run at (625,39) width 184: "Download freizugeben."
                RenderBR {BR} at (809,54) size 0x0
                RenderText {#text} at (280,58) size 369x19
                  text run at (280,58) width 369: "Ihr k\x{F6}nnt es Euch jetzt kostenlos runter laden!"
                RenderBR {BR} at (648,73) size 1x0
                RenderText {#text} at (399,77) size 131x19
                  text run at (399,77) width 131: "Viel Spa\x{DF} damit!"
            RenderTableRow {TR} at (0,1641) size 929x59
              RenderTableCell {TD} at (0,1641) size 929x59 [border: (1px solid #000000)] [r=24 c=0 rs=1 cs=1]
                RenderText {#text} at (413,1) size 103x19
                  text run at (413,1) width 103: "13. Mai 2001"
                RenderBR {BR} at (516,16) size 0x0
                RenderText {#text} at (5,20) size 919x38
                  text run at (5,20) width 586: "Es gab nur eine kleine Ver\x{E4}nderung bei G5-Sponsor-Manager, man kann "
                  text run at (590,20) width 334: "den Script jetzt auch via Java aufrufen, so"
                  text run at (80,39) width 216: "das Euer Server jetzt nicht "
                  text run at (296,39) width 465: "unbedingt SSI unterst\x{FC}tzen mu\x{DF} um den Script ausf\x{FC}hren "
                  text run at (761,39) width 88: "zu k\x{F6}nnen!"
            RenderTableRow {TR} at (0,1700) size 929x59
              RenderTableCell {TD} at (0,1700) size 929x59 [border: (1px solid #000000)] [r=25 c=0 rs=1 cs=1]
                RenderText {#text} at (409,1) size 111x19
                  text run at (409,1) width 111: "22. April 2001"
                RenderBR {BR} at (520,16) size 0x0
                RenderText {#text} at (269,20) size 391x19
                  text run at (269,20) width 391: "Ein neues Script ist online! G5-Sponsor-Manager."
                RenderBR {BR} at (659,35) size 1x0
                RenderText {#text} at (307,39) size 315x19
                  text run at (307,39) width 315: "Mehr Info unter \"Perl Scripte\" im Men\x{FC}."
            RenderTableRow {TR} at (0,1759) size 929x78
              RenderTableCell {TD} at (0,1759) size 929x78 [border: (1px solid #000000)] [r=26 c=0 rs=1 cs=1]
                RenderText {#text} at (409,1) size 111x19
                  text run at (409,1) width 111: "20. April 2001"
                RenderBR {BR} at (520,16) size 0x0
                RenderText {#text} at (247,20) size 435x19
                  text run at (247,20) width 435: "Auf einige Anfragen habe ich eine Demonstration von "
                RenderBR {BR} at (681,35) size 1x0
                RenderText {#text} at (268,39) size 393x19
                  text run at (268,39) width 393: "\"The Real Topsites\" (Toplist Script) ver\x{F6}ffentlicht!"
                RenderBR {BR} at (661,54) size 0x0
                RenderText {#text} at (307,58) size 315x19
                  text run at (307,58) width 315: "Mehr Info unter \"Perl Scripte\" im Men\x{FC}."
            RenderTableRow {TR} at (0,1837) size 929x40
              RenderTableCell {TD} at (0,1837) size 929x40 [border: (1px solid #000000)] [r=27 c=0 rs=1 cs=1]
                RenderText {#text} at (407,1) size 115x19
                  text run at (407,1) width 115: "13. M\x{E4}rz 2001"
                RenderBR {BR} at (521,16) size 1x0
                RenderText {#text} at (289,20) size 351x19
                  text run at (289,20) width 351: "An diesem Tag ging die G5-Script.de online!"
            RenderTableRow {TR} at (0,1877) size 929x21
              RenderTableCell {TD} at (0,1877) size 929x21 [border: (1px solid #000000)] [r=28 c=0 rs=1 cs=1]
                RenderText {#text} at (462,1) size 5x19
                  text run at (462,1) width 5: " "
        RenderBlock (anonymous) at (0,1919) size 980x19
          RenderBR {BR} at (490,0) size 0x19
