layer at (0,0) size 980x735
  RenderView at (0,0) size 980x735
layer at (0,0) size 980x735
  RenderBlock {HTML} at (0,0) size 980x735
    RenderBody {BODY} at (8,8) size 964x711
      RenderBlock {P} at (0,0) size 964x40
        RenderBlock (anonymous) at (0,0) size 964x15
          RenderInline {CODE} at (0,0) size 234x15
            RenderText {#text} at (0,0) size 234x15
              text run at (0,0) width 234: "<TABLE border=\"0\" frame=\"void\">"
          RenderText {#text} at (0,0) size 0x0
        RenderTable {TABLE} at (0,15) size 82x25
          RenderTableSection {TBODY} at (0,0) size 82x25
            RenderTableRow {TR} at (0,2) size 82x21
              RenderTableCell {TD} at (2,2) size 33x21 [r=0 c=0 rs=1 cs=1]
                RenderText {#text} at (1,1) size 31x19
                  text run at (1,1) width 31: "Left"
              RenderTableCell {TD} at (37,2) size 43x21 [r=0 c=1 rs=1 cs=1]
                RenderText {#text} at (1,1) size 41x19
                  text run at (1,1) width 41: "Right"
