layer at (0,0) size 980x735
  RenderView at (0,0) size 980x735
layer at (0,0) size 980x735
  RenderBlock {HTML} at (0,0) size 980x735
    RenderBody {BODY} at (8,8) size 964x719
      RenderBlock (anonymous) at (0,0) size 964x38
        RenderText {#text} at (0,0) size 326x19
          text run at (0,0) width 326: "Tables: both lines should be 1 pixel thick."
        RenderBR {BR} at (326,15) size 0x0
        RenderBR {BR} at (0,19) size 0x19
      RenderTable {TABLE} at (0,38) size 37x5
        RenderTableSection {TBODY} at (0,0) size 37x5
          RenderTableRow {TR} at (0,2) size 37x1
            RenderTableCell {TD} at (2,2) size 31x1 [bgcolor=#FF0000] [r=0 c=0 rs=1 cs=1]
              RenderImage {IMG} at (0,0) size 30x1
            RenderTableCell {TD} at (35,2) size 0x0 [r=0 c=1 rs=1 cs=1]
      RenderBlock (anonymous) at (0,43) size 964x19
        RenderBR {BR} at (0,0) size 0x19
      RenderTable {TABLE} at (0,62) size 34x5
        RenderTableSection {TBODY} at (0,0) size 34x5
          RenderTableRow {TR} at (0,2) size 34x1
            RenderTableCell {TD} at (2,2) size 30x1 [bgcolor=#FF0000] [r=0 c=0 rs=1 cs=1]
              RenderImage {IMG} at (0,0) size 30x1
      RenderBlock (anonymous) at (0,67) size 964x181
        RenderBR {BR} at (0,0) size 0x19
        RenderBR {BR} at (0,19) size 0x19
        RenderBR {BR} at (0,38) size 0x19
        RenderText {#text} at (0,57) size 490x19
          text run at (0,57) width 262: "2 texts, FACE=\"Arial, Helvetica\", "
          text run at (262,57) width 228: "1st at size=0, 2nd at size=-4"
        RenderBR {BR} at (490,72) size 0x0
        RenderBR {BR} at (0,76) size 0x19
        RenderInline {FONT} at (0,0) size 113x23
          RenderText {#text} at (0,95) size 113x11
            text run at (0,95) width 113: "Detonator 3.53 Drivers"
          RenderBR {BR} at (113,104) size 0x0
          RenderText {#text} at (0,107) size 81x11
            text run at (0,107) width 81: "Available NOW! "
        RenderBR {BR} at (81,116) size 0x0
        RenderBR {BR} at (0,119) size 0x19
        RenderInline {FONT} at (0,0) size 113x23
          RenderText {#text} at (0,138) size 113x11
            text run at (0,138) width 113: "Detonator 3.53 Drivers"
          RenderBR {BR} at (113,147) size 0x0
          RenderText {#text} at (0,150) size 81x11
            text run at (0,150) width 81: "Available NOW! "
        RenderBR {BR} at (81,159) size 0x0
        RenderBR {BR} at (0,162) size 0x19
