layer at (0,0) size 980x735
  RenderView at (0,0) size 980x735
layer at (0,0) size 980x735
  RenderBlock {HTML} at (0,0) size 980x735
    RenderBody {BODY} at (8,8) size 964x719 [bgcolor=#C0C0C0]
      RenderTable {TABLE} at (0,0) size 964x92 [border: (4px outset #808080)]
        RenderTableSection {TBODY} at (4,4) size 956x84
          RenderTableRow {TR} at (0,2) size 956x80
            RenderTableCell {TD} at (2,21) size 896x41 [border: (1px inset #808080)] [r=0 c=0 rs=1 cs=1]
              RenderTable {TABLE} at (2,2) size 114x37 [border: (5px outset #808080)]
                RenderTableSection {TBODY} at (5,5) size 104x27
                  RenderTableRow {TR} at (0,2) size 104x23
                    RenderTableCell {TD} at (2,2) size 100x23 [border: (1px inset #808080)] [r=0 c=0 rs=1 cs=1]
                      RenderText {#text} at (2,2) size 54x19
                        text run at (2,2) width 54: "This is "
                      RenderText {#text} at (56,2) size 42x19
                        text run at (56,2) width 42: "cell 1"
            RenderTableCell {TD} at (900,2) size 54x80 [border: (1px inset #808080)] [r=0 c=1 rs=1 cs=1]
              RenderText {#text} at (2,2) size 50x76
                text run at (2,2) width 40: "Hello"
                text run at (2,21) width 50: "world!"
                text run at (2,40) width 40: "Hello"
                text run at (2,59) width 50: "world!"
