layer at (0,0) size 980x735
  RenderView at (0,0) size 980x735
layer at (0,0) size 980x366
  RenderBlock {HTML} at (0,0) size 980x366
    RenderBody {BODY} at (8,21) size 964x329
      RenderBlock {H4} at (0,0) size 964x19
        RenderText {#text} at (0,0) size 63x19
          text run at (0,0) width 63: "table 1"
      RenderTable {TABLE} at (0,40) size 190x79 [border: (1px outset #808080)]
        RenderTableSection {TBODY} at (1,1) size 188x77
          RenderTableRow {TR} at (0,2) size 188x23
            RenderTableCell {TD} at (2,2) size 29x23 [border: (1px inset #808080)] [r=0 c=0 rs=1 cs=1]
              RenderText {#text} at (2,2) size 25x19
                text run at (2,2) width 25: "1.1"
            RenderTableCell {TD} at (33,14) size 29x23 [border: (1px inset #808080)] [r=0 c=1 rs=2 cs=1]
              RenderText {#text} at (2,2) size 25x19
                text run at (2,2) width 25: "1.2"
            RenderTableCell {TD} at (64,2) size 29x23 [border: (1px inset #808080)] [r=0 c=2 rs=1 cs=1]
              RenderText {#text} at (2,2) size 25x19
                text run at (2,2) width 25: "1.3"
            RenderTableCell {TD} at (95,2) size 29x23 [border: (1px inset #808080)] [r=0 c=3 rs=1 cs=1]
              RenderText {#text} at (2,2) size 25x19
                text run at (2,2) width 25: "1.4"
            RenderTableCell {TD} at (126,14) size 29x23 [border: (1px inset #808080)] [r=0 c=4 rs=2 cs=1]
              RenderText {#text} at (2,2) size 25x19
                text run at (2,2) width 25: "1.5"
            RenderTableCell {TD} at (157,14) size 29x23 [border: (1px inset #808080)] [r=0 c=5 rs=2 cs=1]
              RenderText {#text} at (2,2) size 25x19
                text run at (2,2) width 25: "1.6"
          RenderTableRow {TR} at (0,27) size 188x23
            RenderTableCell {TD} at (2,27) size 153x23 [border: (1px inset #808080)] [r=1 c=0 rs=1 cs=5]
              RenderText {#text} at (64,2) size 25x19
                text run at (64,2) width 25: "2.1"
          RenderTableRow {TR} at (0,52) size 188x23
            RenderTableCell {TD} at (2,52) size 29x23 [border: (1px inset #808080)] [r=2 c=0 rs=1 cs=1]
              RenderText {#text} at (2,2) size 25x19
                text run at (2,2) width 25: "3.1"
            RenderTableCell {TD} at (33,52) size 29x23 [border: (1px inset #808080)] [r=2 c=1 rs=1 cs=1]
              RenderText {#text} at (2,2) size 25x19
                text run at (2,2) width 25: "3.2"
            RenderTableCell {TD} at (64,52) size 29x23 [border: (1px inset #808080)] [r=2 c=2 rs=1 cs=1]
              RenderText {#text} at (2,2) size 25x19
                text run at (2,2) width 25: "3.3"
            RenderTableCell {TD} at (95,52) size 29x23 [border: (1px inset #808080)] [r=2 c=3 rs=1 cs=1]
              RenderText {#text} at (2,2) size 25x19
                text run at (2,2) width 25: "3.4"
            RenderTableCell {TD} at (126,52) size 29x23 [border: (1px inset #808080)] [r=2 c=4 rs=1 cs=1]
              RenderText {#text} at (2,2) size 25x19
                text run at (2,2) width 25: "3.5"
            RenderTableCell {TD} at (157,52) size 29x23 [border: (1px inset #808080)] [r=2 c=5 rs=1 cs=1]
              RenderText {#text} at (2,2) size 25x19
                text run at (2,2) width 25: "3.6"
      RenderBlock {P} at (0,135) size 964x19
        RenderText {#text} at (0,0) size 200x19
          text run at (0,0) width 200: "cell 1.5 has rowspan=\"2\""
      RenderBlock {H4} at (0,175) size 964x19
        RenderText {#text} at (0,0) size 63x19
          text run at (0,0) width 63: "table 2"
      RenderTable {TABLE} at (0,215) size 190x79 [border: (1px outset #808080)]
        RenderTableSection {TBODY} at (1,1) size 188x77
          RenderTableRow {TR} at (0,2) size 188x23
            RenderTableCell {TD} at (2,2) size 29x23 [border: (1px inset #808080)] [r=0 c=0 rs=1 cs=1]
              RenderText {#text} at (2,2) size 25x19
                text run at (2,2) width 25: "1.1"
            RenderTableCell {TD} at (33,14) size 29x23 [border: (1px inset #808080)] [r=0 c=1 rs=2 cs=1]
              RenderText {#text} at (2,2) size 25x19
                text run at (2,2) width 25: "1.2"
            RenderTableCell {TD} at (64,2) size 29x23 [border: (1px inset #808080)] [r=0 c=2 rs=1 cs=1]
              RenderText {#text} at (2,2) size 25x19
                text run at (2,2) width 25: "1.3"
            RenderTableCell {TD} at (95,2) size 29x23 [border: (1px inset #808080)] [r=0 c=3 rs=1 cs=1]
              RenderText {#text} at (2,2) size 25x19
                text run at (2,2) width 25: "1.4"
            RenderTableCell {TD} at (126,14) size 60x23 [border: (1px inset #808080)] [r=0 c=4 rs=2 cs=2]
              RenderText {#text} at (17,2) size 26x19
                text run at (17,2) width 26: "1.5"
          RenderTableRow {TR} at (0,27) size 188x23
            RenderTableCell {TD} at (2,27) size 153x23 [border: (1px inset #808080)] [r=1 c=0 rs=1 cs=5]
              RenderText {#text} at (64,2) size 25x19
                text run at (64,2) width 25: "2.1"
          RenderTableRow {TR} at (0,52) size 188x23
            RenderTableCell {TD} at (2,52) size 29x23 [border: (1px inset #808080)] [r=2 c=0 rs=1 cs=1]
              RenderText {#text} at (2,2) size 25x19
                text run at (2,2) width 25: "3.1"
            RenderTableCell {TD} at (33,52) size 29x23 [border: (1px inset #808080)] [r=2 c=1 rs=1 cs=1]
              RenderText {#text} at (2,2) size 25x19
                text run at (2,2) width 25: "3.2"
            RenderTableCell {TD} at (64,52) size 29x23 [border: (1px inset #808080)] [r=2 c=2 rs=1 cs=1]
              RenderText {#text} at (2,2) size 25x19
                text run at (2,2) width 25: "3.3"
            RenderTableCell {TD} at (95,52) size 29x23 [border: (1px inset #808080)] [r=2 c=3 rs=1 cs=1]
              RenderText {#text} at (2,2) size 25x19
                text run at (2,2) width 25: "3.4"
            RenderTableCell {TD} at (126,52) size 29x23 [border: (1px inset #808080)] [r=2 c=4 rs=1 cs=1]
              RenderText {#text} at (2,2) size 25x19
                text run at (2,2) width 25: "3.5"
            RenderTableCell {TD} at (157,52) size 29x23 [border: (1px inset #808080)] [r=2 c=5 rs=1 cs=1]
              RenderText {#text} at (2,2) size 25x19
                text run at (2,2) width 25: "3.6"
      RenderBlock {P} at (0,310) size 964x19
        RenderText {#text} at (0,0) size 303x19
          text run at (0,0) width 303: "cell 1.5 has colspan=\"2\" rowspan=\"2\""
