layer at (0,0) size 980x735
  RenderView at (0,0) size 980x735
layer at (0,0) size 980x735
  RenderBlock {HTML} at (0,0) size 980x735
    RenderBody {BODY} at (8,8) size 964x719
      RenderTable {TABLE} at (0,0) size 964x147
        RenderTableSection {TBODY} at (0,0) size 964x147
          RenderTableRow {TR} at (0,0) size 964x78
            RenderTableCell {TD} at (0,0) size 964x78 [r=0 c=0 rs=1 cs=4]
              RenderBR {BR} at (482,1) size 0x19
              RenderInline {FONT} at (0,0) size 912x57
                RenderText {#text} at (26,20) size 912x38
                  text run at (26,20) width 202: "The Supreme Court says "
                  text run at (228,20) width 625: "Wisconsin can continue using tuition vouchers to help poor parents send their "
                  text run at (853,20) width 85: "children to"
                  text run at (322,39) width 162: "church-run schools. "
                  text run at (484,39) width 158: "What's your stand? "
                RenderBR {BR} at (642,54) size 0x0
                RenderBR {BR} at (482,58) size 0x19
              RenderText {#text} at (0,0) size 0x0
          RenderTableRow {TR} at (0,78) size 964x20
            RenderTableCell {TD} at (0,79) size 702x17 [r=1 c=0 rs=1 cs=1]
              RenderInline {FONT} at (0,0) size 161x15
                RenderText {#text} at (540,1) size 161x15
                  text run at (540,1) width 161: "I agree with the program"
              RenderText {#text} at (0,0) size 0x0
            RenderTableCell {TD} at (702,78) size 88x20 [r=1 c=1 rs=1 cs=1]
              RenderBlock {INPUT} at (5,4) size 12x12
          RenderTableRow {TR} at (0,98) size 964x20
            RenderTableCell {TD} at (0,99) size 702x17 [r=2 c=0 rs=1 cs=1]
              RenderInline {FONT} at (0,0) size 173x15
                RenderText {#text} at (528,1) size 173x15
                  text run at (528,1) width 173: "I think vouchers are wrong"
              RenderText {#text} at (0,0) size 0x0
            RenderTableCell {TD} at (702,98) size 88x20 [r=2 c=1 rs=1 cs=1]
              RenderBlock {INPUT} at (5,4) size 12x12
          RenderTableRow {TR} at (0,118) size 964x29
            RenderTableCell {TD} at (0,124) size 790x17 [r=3 c=0 rs=1 cs=2]
              RenderInline {A} at (0,0) size 84x19 [color=#0000EE]
                RenderInline {FONT} at (0,0) size 84x15
                  RenderText {#text} at (353,1) size 84x15
                    text run at (353,1) width 84: "View Results"
              RenderInline {FONT} at (0,0) size 0x0
                RenderText {#text} at (0,0) size 0x0
            RenderTableCell {TD} at (790,118) size 174x29 [r=3 c=2 rs=1 cs=2]
              RenderButton {INPUT} at (69,3) size 37x23 [bgcolor=#C0C0C0] [border: (2px outset #C0C0C0)]
                RenderBlock (anonymous) at (5,5) size 29x15
                  RenderText at (0,0) size 29x15
                    text run at (0,0) width 29: "vote"
              RenderText {#text} at (0,0) size 0x0
