layer at (0,0) size 980x735
  RenderView at (0,0) size 980x735
layer at (0,0) size 980x735
  RenderBlock {HTML} at (0,0) size 980x735
    RenderBody {BODY} at (8,8) size 964x719 [bgcolor=#FFFFFF]
      RenderBlock {H4} at (0,0) size 964x19
        RenderText {#text} at (0,0) size 213x19
          text run at (0,0) width 213: "Testcase distilled from "
        RenderInline {A} at (0,0) size 678x19 [color=#0000EE]
          RenderText {#text} at (213,0) size 678x19
            text run at (213,0) width 678: "http://www.download.com/pc/list/0,339,0-b-0-0-a-1,00.html?st.dl.fd.ag.new"
      RenderBlock {H4} at (0,40) size 964x19
        RenderText {#text} at (0,0) size 405x19
          text run at (0,0) width 405: "Minimize the window and then open it again."
      RenderTable {TABLE} at (0,80) size 964x25
        RenderTableSection {TBODY} at (0,0) size 964x25
          RenderTableRow {TR} at (0,2) size 964x21 [bgcolor=#006633]
            RenderTableCell {TD} at (2,2) size 960x21 [r=0 c=0 rs=1 cs=1]
              RenderInline {FONT} at (0,0) size 165x19 [color=#FFCC00]
                RenderText {#text} at (1,1) size 10x19
                  text run at (1,1) width 10: "  "
                RenderInline {SPAN} at (0,0) size 43x19
                  RenderText {#text} at (11,1) size 43x19
                    text run at (11,1) width 43: "CNET"
                RenderText {#text} at (54,1) size 15x19
                  text run at (54,1) width 15: " : "
                RenderInline {SPAN} at (0,0) size 87x19
                  RenderText {#text} at (69,1) size 87x19
                    text run at (69,1) width 87: "Downloads"
                RenderText {#text} at (156,1) size 10x19
                  text run at (156,1) width 10: " :"
      RenderBlock (anonymous) at (0,105) size 964x19
        RenderBR {BR} at (0,0) size 0x19
      RenderBlock {H4} at (0,145) size 964x19
        RenderText {#text} at (0,0) size 658x19
          text run at (0,0) width 658: "This is the same table as above but with all <SPAN> elements removed."
      RenderTable {TABLE} at (0,185) size 964x25
        RenderTableSection {TBODY} at (0,0) size 964x25
          RenderTableRow {TR} at (0,2) size 964x21 [bgcolor=#006633]
            RenderTableCell {TD} at (2,2) size 960x21 [r=0 c=0 rs=1 cs=1]
              RenderInline {FONT} at (0,0) size 165x19 [color=#FFCC00]
                RenderText {#text} at (1,1) size 165x19
                  text run at (1,1) width 165: "  CNET : Downloads :"
