layer at (0,0) size 980x735
  RenderView at (0,0) size 980x735
layer at (0,0) size 980x735
  RenderBlock {HTML} at (0,0) size 980x735
    RenderBody {BODY} at (0,8) size 980x719 [bgcolor=#C0C0C0]
      RenderTable {TABLE} at (0,0) size 980x29 [border: (1px outset #808080)]
        RenderTableSection {TBODY} at (1,1) size 978x27
          RenderTableRow {TR} at (0,2) size 978x23
            RenderTableCell {TD} at (2,2) size 974x23 [border: (1px inset #808080)] [r=0 c=0 rs=1 cs=1]
              RenderText {#text} at (2,2) size 31x19
                text run at (2,2) width 31: "text"
