layer at (0,0) size 980x735
  RenderView at (0,0) size 980x735
layer at (0,0) size 980x735
  RenderBlock {HTML} at (0,0) size 980x735
    RenderBody {BODY} at (8,8) size 964x719 [bgcolor=#FFFFFF]
      RenderTable {TABLE} at (0,0) size 606x296 [border: (1px outset #808080)]
        RenderTableSection {TBODY} at (1,1) size 604x294
          RenderTableRow {TR} at (0,0) size 604x62
            RenderTableCell {TD} at (0,0) size 114x136 [border: (1px inset #808080)] [r=0 c=0 rs=3 cs=1]
              RenderImage {IMG} at (1,1) size 112x134
            RenderTableCell {TD} at (114,0) size 490x62 [border: (1px inset #808080)] [r=0 c=1 rs=1 cs=2]
              RenderImage {IMG} at (21,1) size 468x60
          RenderTableRow {TR} at (0,62) size 604x21
            RenderTableCell {TD} at (114,62) size 490x21 [border: (1px inset #808080)] [r=1 c=1 rs=1 cs=2]
              RenderTable {TABLE} at (1,1) size 488x19
                RenderTableSection {TBODY} at (0,0) size 488x19
                  RenderTableRow {TR} at (0,0) size 488x19
                    RenderTableCell {TD} at (0,0) size 488x19 [r=0 c=0 rs=1 cs=1]
                      RenderText {#text} at (0,0) size 99x19
                        text run at (0,0) width 99: "Top Nav Bar"
          RenderTableRow {TR} at (0,83) size 604x211
            RenderTableCell {TD} at (114,187) size 337x2 [border: (1px inset #808080)] [r=2 c=1 rs=1 cs=1]
            RenderTableCell {TD} at (451,83) size 153x211 [border: (1px inset #808080)] [r=2 c=2 rs=1 cs=1]
              RenderInline {B} at (0,0) size 150x209
                RenderText {#text} at (1,1) size 150x209
                  text run at (1,1) width 86: "\"Freakish"
                  text run at (1,20) width 129: "animal-things,"
                  text run at (1,39) width 102: "all sporting"
                  text run at (1,58) width 150: "maniacal smiles,"
                  text run at (1,77) width 125: "race around a"
                  text run at (1,96) width 117: "series of ice-"
                  text run at (1,115) width 138: "themed tracks,"
                  text run at (1,134) width 123: "showing their"
                  text run at (1,153) width 98: "malformed"
                  text run at (1,172) width 113: "asses to the"
                  text run at (1,191) width 130: "entire world. \""
              RenderText {#text} at (0,0) size 0x0
