layer at (0,0) size 980x735
  RenderView at (0,0) size 980x735
layer at (0,0) size 980x735
  RenderBlock {HTML} at (0,0) size 980x735
    RenderBody {BODY} at (8,8) size 964x711 [bgcolor=#999999]
      RenderBlock {P} at (0,0) size 964x38
        RenderText {#text} at (0,0) size 573x19
          text run at (0,0) width 523: "Problem: Tables inside a DIV get border=1 after moving the DIV. "
          text run at (523,0) width 50: "If you "
        RenderInline {A} at (0,0) size 170x19 [color=#0000EE]
          RenderInline {B} at (0,0) size 170x19
            RenderText {#text} at (573,0) size 170x19
              text run at (573,0) width 170: "remove the border"
        RenderText {#text} at (743,0) size 950x38
          text run at (743,0) width 207: " attribute from the tables,"
          text run at (0,19) width 224: "the border doesn't show up."
layer at (70,70) size 173x76
  RenderBlock (positioned) {DIV} at (70,70) size 173x76
    RenderTable {TABLE} at (0,0) size 173x19 [bgcolor=#CC6600]
      RenderTableSection {TBODY} at (0,0) size 173x19
        RenderTableRow {TR} at (0,0) size 173x19
          RenderTableCell {TD} at (0,0) size 173x19 [r=0 c=0 rs=1 cs=1]
            RenderBlock {P} at (0,0) size 173x19
              RenderInline {B} at (0,0) size 67x19
                RenderText {#text} at (53,0) size 67x19
                  text run at (53,0) width 67: "Testing"
    RenderTable {TABLE} at (0,19) size 173x38
      RenderTableSection {TBODY} at (0,0) size 173x38
        RenderTableRow {TR} at (0,0) size 173x38
          RenderTableCell {TD} at (0,9) size 11x19 [bgcolor=#666666] [r=0 c=0 rs=1 cs=1]
            RenderText {#text} at (0,0) size 5x19
              text run at (0,0) width 5: " "
          RenderTableCell {TD} at (11,0) size 150x38 [bgcolor=#FF9900] [r=0 c=1 rs=1 cs=1]
            RenderText {#text} at (0,0) size 109x38
              text run at (0,0) width 109: "Test, test and"
              text run at (0,19) width 45: "test..."
          RenderTableCell {TD} at (161,9) size 12x19 [bgcolor=#666666] [r=0 c=2 rs=1 cs=1]
            RenderText {#text} at (0,0) size 5x19
              text run at (0,0) width 5: " "
    RenderTable {TABLE} at (0,57) size 173x19 [bgcolor=#CC6600]
      RenderTableSection {TBODY} at (0,0) size 173x19
        RenderTableRow {TR} at (0,0) size 173x19
          RenderTableCell {TD} at (0,0) size 57x19 [r=0 c=0 rs=1 cs=1]
            RenderText {#text} at (0,0) size 5x19
              text run at (0,0) width 5: " "
          RenderTableCell {TD} at (57,0) size 58x19 [r=0 c=1 rs=1 cs=1]
            RenderText {#text} at (0,0) size 5x19
              text run at (0,0) width 5: " "
          RenderTableCell {TD} at (115,0) size 58x19 [r=0 c=2 rs=1 cs=1]
            RenderText {#text} at (0,0) size 5x19
              text run at (0,0) width 5: " "
