layer at (0,0) size 980x6041
  RenderView at (0,0) size 980x735
layer at (0,0) size 980x6041
  RenderBlock {HTML} at (0,0) size 980x6041
    RenderBody {BODY} at (8,21) size 964x6004
      RenderBlock {H1} at (0,0) size 964x37
        RenderText {#text} at (0,0) size 646x38
          text run at (0,0) width 646: "Vertical alignment and table height"
      RenderBlock {P} at (0,58) size 964x57
        RenderText {#text} at (0,0) size 340x19
          text run at (0,0) width 340: "The following three tables have heights of "
        RenderInline {CODE} at (0,0) size 29x15
          RenderText {#text} at (340,3) size 29x15
            text run at (340,3) width 29: "auto"
        RenderText {#text} at (369,0) size 10x19
          text run at (369,0) width 10: ", "
        RenderInline {CODE} at (0,0) size 32x15
          RenderText {#text} at (379,3) size 32x15
            text run at (379,3) width 32: "30px"
        RenderText {#text} at (411,0) size 45x19
          text run at (411,0) width 45: ", and "
        RenderInline {CODE} at (0,0) size 40x15
          RenderText {#text} at (456,3) size 40x15
            text run at (456,3) width 40: "500px"
        RenderText {#text} at (496,0) size 929x57
          text run at (496,0) width 10: ". "
          text run at (506,0) width 423: "The first one should have the height of the sum of its"
          text run at (0,19) width 48: "rows. "
          text run at (48,19) width 852: "The second and third can be handled however the browser wants, but there just here to make sure it does"
          text run at (0,38) width 183: "something reasonable."
      RenderTable {TABLE} at (0,131) size 134x152
        RenderTableSection {TBODY} at (0,0) size 134x152
          RenderTableRow {TR} at (0,2) size 134x23
            RenderTableCell {TD} at (2,2) size 42x23 [border: (1px solid #000000)] [r=0 c=0 rs=1 cs=1]
              RenderText {#text} at (2,2) size 38x19
                text run at (2,2) width 38: "Data"
            RenderTableCell {TD} at (46,2) size 42x23 [border: (1px solid #000000)] [r=0 c=1 rs=1 cs=1]
              RenderText {#text} at (2,2) size 38x19
                text run at (2,2) width 38: "Data"
            RenderTableCell {TD} at (90,2) size 42x23 [border: (1px solid #000000)] [r=0 c=2 rs=1 cs=1]
              RenderText {#text} at (2,2) size 38x19
                text run at (2,2) width 38: "Data"
          RenderTableRow {TR} at (0,27) size 134x23
            RenderTableCell {TD} at (2,27) size 42x23 [border: (1px solid #000000)] [r=1 c=0 rs=1 cs=1]
              RenderText {#text} at (2,2) size 38x19
                text run at (2,2) width 38: "Data"
            RenderTableCell {TD} at (46,27) size 42x23 [border: (1px solid #000000)] [r=1 c=1 rs=1 cs=1]
              RenderText {#text} at (2,2) size 38x19
                text run at (2,2) width 38: "Data"
            RenderTableCell {TD} at (90,27) size 42x23 [border: (1px solid #000000)] [r=1 c=2 rs=1 cs=1]
              RenderText {#text} at (2,2) size 38x19
                text run at (2,2) width 38: "Data"
          RenderTableRow {TR} at (0,52) size 134x23
            RenderTableCell {TD} at (2,52) size 42x23 [border: (1px solid #000000)] [r=2 c=0 rs=1 cs=1]
              RenderText {#text} at (2,2) size 38x19
                text run at (2,2) width 38: "Data"
            RenderTableCell {TD} at (46,52) size 42x23 [border: (1px solid #000000)] [r=2 c=1 rs=1 cs=1]
              RenderText {#text} at (2,2) size 38x19
                text run at (2,2) width 38: "Data"
            RenderTableCell {TD} at (90,52) size 42x23 [border: (1px solid #000000)] [r=2 c=2 rs=1 cs=1]
              RenderText {#text} at (2,2) size 38x19
                text run at (2,2) width 38: "Data"
          RenderTableRow {TR} at (0,77) size 134x23
            RenderTableCell {TD} at (2,77) size 42x23 [border: (1px solid #000000)] [r=3 c=0 rs=1 cs=1]
              RenderText {#text} at (2,2) size 38x19
                text run at (2,2) width 38: "Data"
            RenderTableCell {TD} at (46,77) size 42x23 [border: (1px solid #000000)] [r=3 c=1 rs=1 cs=1]
              RenderText {#text} at (2,2) size 38x19
                text run at (2,2) width 38: "Data"
            RenderTableCell {TD} at (90,77) size 42x23 [border: (1px solid #000000)] [r=3 c=2 rs=1 cs=1]
              RenderText {#text} at (2,2) size 38x19
                text run at (2,2) width 38: "Data"
          RenderTableRow {TR} at (0,102) size 134x23
            RenderTableCell {TD} at (2,102) size 42x23 [border: (1px solid #000000)] [r=4 c=0 rs=1 cs=1]
              RenderText {#text} at (2,2) size 38x19
                text run at (2,2) width 38: "Data"
            RenderTableCell {TD} at (46,102) size 42x23 [border: (1px solid #000000)] [r=4 c=1 rs=1 cs=1]
              RenderText {#text} at (2,2) size 38x19
                text run at (2,2) width 38: "Data"
            RenderTableCell {TD} at (90,102) size 42x23 [border: (1px solid #000000)] [r=4 c=2 rs=1 cs=1]
              RenderText {#text} at (2,2) size 38x19
                text run at (2,2) width 38: "Data"
          RenderTableRow {TR} at (0,127) size 134x23
            RenderTableCell {TD} at (2,127) size 42x23 [border: (1px solid #000000)] [r=5 c=0 rs=1 cs=1]
              RenderText {#text} at (2,2) size 38x19
                text run at (2,2) width 38: "Data"
            RenderTableCell {TD} at (46,127) size 42x23 [border: (1px solid #000000)] [r=5 c=1 rs=1 cs=1]
              RenderText {#text} at (2,2) size 38x19
                text run at (2,2) width 38: "Data"
            RenderTableCell {TD} at (90,127) size 42x23 [border: (1px solid #000000)] [r=5 c=2 rs=1 cs=1]
              RenderText {#text} at (2,2) size 38x19
                text run at (2,2) width 38: "Data"
      RenderTable {TABLE} at (0,283) size 134x152
        RenderTableSection {TBODY} at (0,0) size 134x152
          RenderTableRow {TR} at (0,2) size 134x23
            RenderTableCell {TD} at (2,2) size 42x23 [border: (1px solid #000000)] [r=0 c=0 rs=1 cs=1]
              RenderText {#text} at (2,2) size 38x19
                text run at (2,2) width 38: "Data"
            RenderTableCell {TD} at (46,2) size 42x23 [border: (1px solid #000000)] [r=0 c=1 rs=1 cs=1]
              RenderText {#text} at (2,2) size 38x19
                text run at (2,2) width 38: "Data"
            RenderTableCell {TD} at (90,2) size 42x23 [border: (1px solid #000000)] [r=0 c=2 rs=1 cs=1]
              RenderText {#text} at (2,2) size 38x19
                text run at (2,2) width 38: "Data"
          RenderTableRow {TR} at (0,27) size 134x23
            RenderTableCell {TD} at (2,27) size 42x23 [border: (1px solid #000000)] [r=1 c=0 rs=1 cs=1]
              RenderText {#text} at (2,2) size 38x19
                text run at (2,2) width 38: "Data"
            RenderTableCell {TD} at (46,27) size 42x23 [border: (1px solid #000000)] [r=1 c=1 rs=1 cs=1]
              RenderText {#text} at (2,2) size 38x19
                text run at (2,2) width 38: "Data"
            RenderTableCell {TD} at (90,27) size 42x23 [border: (1px solid #000000)] [r=1 c=2 rs=1 cs=1]
              RenderText {#text} at (2,2) size 38x19
                text run at (2,2) width 38: "Data"
          RenderTableRow {TR} at (0,52) size 134x23
            RenderTableCell {TD} at (2,52) size 42x23 [border: (1px solid #000000)] [r=2 c=0 rs=1 cs=1]
              RenderText {#text} at (2,2) size 38x19
                text run at (2,2) width 38: "Data"
            RenderTableCell {TD} at (46,52) size 42x23 [border: (1px solid #000000)] [r=2 c=1 rs=1 cs=1]
              RenderText {#text} at (2,2) size 38x19
                text run at (2,2) width 38: "Data"
            RenderTableCell {TD} at (90,52) size 42x23 [border: (1px solid #000000)] [r=2 c=2 rs=1 cs=1]
              RenderText {#text} at (2,2) size 38x19
                text run at (2,2) width 38: "Data"
          RenderTableRow {TR} at (0,77) size 134x23
            RenderTableCell {TD} at (2,77) size 42x23 [border: (1px solid #000000)] [r=3 c=0 rs=1 cs=1]
              RenderText {#text} at (2,2) size 38x19
                text run at (2,2) width 38: "Data"
            RenderTableCell {TD} at (46,77) size 42x23 [border: (1px solid #000000)] [r=3 c=1 rs=1 cs=1]
              RenderText {#text} at (2,2) size 38x19
                text run at (2,2) width 38: "Data"
            RenderTableCell {TD} at (90,77) size 42x23 [border: (1px solid #000000)] [r=3 c=2 rs=1 cs=1]
              RenderText {#text} at (2,2) size 38x19
                text run at (2,2) width 38: "Data"
          RenderTableRow {TR} at (0,102) size 134x23
            RenderTableCell {TD} at (2,102) size 42x23 [border: (1px solid #000000)] [r=4 c=0 rs=1 cs=1]
              RenderText {#text} at (2,2) size 38x19
                text run at (2,2) width 38: "Data"
            RenderTableCell {TD} at (46,102) size 42x23 [border: (1px solid #000000)] [r=4 c=1 rs=1 cs=1]
              RenderText {#text} at (2,2) size 38x19
                text run at (2,2) width 38: "Data"
            RenderTableCell {TD} at (90,102) size 42x23 [border: (1px solid #000000)] [r=4 c=2 rs=1 cs=1]
              RenderText {#text} at (2,2) size 38x19
                text run at (2,2) width 38: "Data"
          RenderTableRow {TR} at (0,127) size 134x23
            RenderTableCell {TD} at (2,127) size 42x23 [border: (1px solid #000000)] [r=5 c=0 rs=1 cs=1]
              RenderText {#text} at (2,2) size 38x19
                text run at (2,2) width 38: "Data"
            RenderTableCell {TD} at (46,127) size 42x23 [border: (1px solid #000000)] [r=5 c=1 rs=1 cs=1]
              RenderText {#text} at (2,2) size 38x19
                text run at (2,2) width 38: "Data"
            RenderTableCell {TD} at (90,127) size 42x23 [border: (1px solid #000000)] [r=5 c=2 rs=1 cs=1]
              RenderText {#text} at (2,2) size 38x19
                text run at (2,2) width 38: "Data"
      RenderTable {TABLE} at (0,435) size 134x500
        RenderTableSection {TBODY} at (0,0) size 134x500
          RenderTableRow {TR} at (0,2) size 134x81
            RenderTableCell {TD} at (2,31) size 42x23 [border: (1px solid #000000)] [r=0 c=0 rs=1 cs=1]
              RenderText {#text} at (2,2) size 38x19
                text run at (2,2) width 38: "Data"
            RenderTableCell {TD} at (46,31) size 42x23 [border: (1px solid #000000)] [r=0 c=1 rs=1 cs=1]
              RenderText {#text} at (2,2) size 38x19
                text run at (2,2) width 38: "Data"
            RenderTableCell {TD} at (90,31) size 42x23 [border: (1px solid #000000)] [r=0 c=2 rs=1 cs=1]
              RenderText {#text} at (2,2) size 38x19
                text run at (2,2) width 38: "Data"
          RenderTableRow {TR} at (0,85) size 134x81
            RenderTableCell {TD} at (2,114) size 42x23 [border: (1px solid #000000)] [r=1 c=0 rs=1 cs=1]
              RenderText {#text} at (2,2) size 38x19
                text run at (2,2) width 38: "Data"
            RenderTableCell {TD} at (46,114) size 42x23 [border: (1px solid #000000)] [r=1 c=1 rs=1 cs=1]
              RenderText {#text} at (2,2) size 38x19
                text run at (2,2) width 38: "Data"
            RenderTableCell {TD} at (90,114) size 42x23 [border: (1px solid #000000)] [r=1 c=2 rs=1 cs=1]
              RenderText {#text} at (2,2) size 38x19
                text run at (2,2) width 38: "Data"
          RenderTableRow {TR} at (0,168) size 134x81
            RenderTableCell {TD} at (2,197) size 42x23 [border: (1px solid #000000)] [r=2 c=0 rs=1 cs=1]
              RenderText {#text} at (2,2) size 38x19
                text run at (2,2) width 38: "Data"
            RenderTableCell {TD} at (46,197) size 42x23 [border: (1px solid #000000)] [r=2 c=1 rs=1 cs=1]
              RenderText {#text} at (2,2) size 38x19
                text run at (2,2) width 38: "Data"
            RenderTableCell {TD} at (90,197) size 42x23 [border: (1px solid #000000)] [r=2 c=2 rs=1 cs=1]
              RenderText {#text} at (2,2) size 38x19
                text run at (2,2) width 38: "Data"
          RenderTableRow {TR} at (0,251) size 134x81
            RenderTableCell {TD} at (2,280) size 42x23 [border: (1px solid #000000)] [r=3 c=0 rs=1 cs=1]
              RenderText {#text} at (2,2) size 38x19
                text run at (2,2) width 38: "Data"
            RenderTableCell {TD} at (46,280) size 42x23 [border: (1px solid #000000)] [r=3 c=1 rs=1 cs=1]
              RenderText {#text} at (2,2) size 38x19
                text run at (2,2) width 38: "Data"
            RenderTableCell {TD} at (90,280) size 42x23 [border: (1px solid #000000)] [r=3 c=2 rs=1 cs=1]
              RenderText {#text} at (2,2) size 38x19
                text run at (2,2) width 38: "Data"
          RenderTableRow {TR} at (0,334) size 134x81
            RenderTableCell {TD} at (2,363) size 42x23 [border: (1px solid #000000)] [r=4 c=0 rs=1 cs=1]
              RenderText {#text} at (2,2) size 38x19
                text run at (2,2) width 38: "Data"
            RenderTableCell {TD} at (46,363) size 42x23 [border: (1px solid #000000)] [r=4 c=1 rs=1 cs=1]
              RenderText {#text} at (2,2) size 38x19
                text run at (2,2) width 38: "Data"
            RenderTableCell {TD} at (90,363) size 42x23 [border: (1px solid #000000)] [r=4 c=2 rs=1 cs=1]
              RenderText {#text} at (2,2) size 38x19
                text run at (2,2) width 38: "Data"
          RenderTableRow {TR} at (0,417) size 134x81
            RenderTableCell {TD} at (2,446) size 42x23 [border: (1px solid #000000)] [r=5 c=0 rs=1 cs=1]
              RenderText {#text} at (2,2) size 38x19
                text run at (2,2) width 38: "Data"
            RenderTableCell {TD} at (46,446) size 42x23 [border: (1px solid #000000)] [r=5 c=1 rs=1 cs=1]
              RenderText {#text} at (2,2) size 38x19
                text run at (2,2) width 38: "Data"
            RenderTableCell {TD} at (90,446) size 42x23 [border: (1px solid #000000)] [r=5 c=2 rs=1 cs=1]
              RenderText {#text} at (2,2) size 38x19
                text run at (2,2) width 38: "Data"
      RenderBlock {P} at (0,951) size 964x38
        RenderText {#text} at (0,0) size 942x38
          text run at (0,0) width 306: "These tables test percentage heights. "
          text run at (306,0) width 636: "The first should be its natural height; the second should be 50% of the height of"
          text run at (0,19) width 252: "the div (600px), which is 300px."
      RenderTable {TABLE} at (0,1005) size 134x152
        RenderTableSection {TBODY} at (0,0) size 134x152
          RenderTableRow {TR} at (0,2) size 134x23
            RenderTableCell {TD} at (2,2) size 42x23 [border: (1px solid #000000)] [r=0 c=0 rs=1 cs=1]
              RenderText {#text} at (2,2) size 38x19
                text run at (2,2) width 38: "Data"
            RenderTableCell {TD} at (46,2) size 42x23 [border: (1px solid #000000)] [r=0 c=1 rs=1 cs=1]
              RenderText {#text} at (2,2) size 38x19
                text run at (2,2) width 38: "Data"
            RenderTableCell {TD} at (90,2) size 42x23 [border: (1px solid #000000)] [r=0 c=2 rs=1 cs=1]
              RenderText {#text} at (2,2) size 38x19
                text run at (2,2) width 38: "Data"
          RenderTableRow {TR} at (0,27) size 134x23
            RenderTableCell {TD} at (2,27) size 42x23 [border: (1px solid #000000)] [r=1 c=0 rs=1 cs=1]
              RenderText {#text} at (2,2) size 38x19
                text run at (2,2) width 38: "Data"
            RenderTableCell {TD} at (46,27) size 42x23 [border: (1px solid #000000)] [r=1 c=1 rs=1 cs=1]
              RenderText {#text} at (2,2) size 38x19
                text run at (2,2) width 38: "Data"
            RenderTableCell {TD} at (90,27) size 42x23 [border: (1px solid #000000)] [r=1 c=2 rs=1 cs=1]
              RenderText {#text} at (2,2) size 38x19
                text run at (2,2) width 38: "Data"
          RenderTableRow {TR} at (0,52) size 134x23
            RenderTableCell {TD} at (2,52) size 42x23 [border: (1px solid #000000)] [r=2 c=0 rs=1 cs=1]
              RenderText {#text} at (2,2) size 38x19
                text run at (2,2) width 38: "Data"
            RenderTableCell {TD} at (46,52) size 42x23 [border: (1px solid #000000)] [r=2 c=1 rs=1 cs=1]
              RenderText {#text} at (2,2) size 38x19
                text run at (2,2) width 38: "Data"
            RenderTableCell {TD} at (90,52) size 42x23 [border: (1px solid #000000)] [r=2 c=2 rs=1 cs=1]
              RenderText {#text} at (2,2) size 38x19
                text run at (2,2) width 38: "Data"
          RenderTableRow {TR} at (0,77) size 134x23
            RenderTableCell {TD} at (2,77) size 42x23 [border: (1px solid #000000)] [r=3 c=0 rs=1 cs=1]
              RenderText {#text} at (2,2) size 38x19
                text run at (2,2) width 38: "Data"
            RenderTableCell {TD} at (46,77) size 42x23 [border: (1px solid #000000)] [r=3 c=1 rs=1 cs=1]
              RenderText {#text} at (2,2) size 38x19
                text run at (2,2) width 38: "Data"
            RenderTableCell {TD} at (90,77) size 42x23 [border: (1px solid #000000)] [r=3 c=2 rs=1 cs=1]
              RenderText {#text} at (2,2) size 38x19
                text run at (2,2) width 38: "Data"
          RenderTableRow {TR} at (0,102) size 134x23
            RenderTableCell {TD} at (2,102) size 42x23 [border: (1px solid #000000)] [r=4 c=0 rs=1 cs=1]
              RenderText {#text} at (2,2) size 38x19
                text run at (2,2) width 38: "Data"
            RenderTableCell {TD} at (46,102) size 42x23 [border: (1px solid #000000)] [r=4 c=1 rs=1 cs=1]
              RenderText {#text} at (2,2) size 38x19
                text run at (2,2) width 38: "Data"
            RenderTableCell {TD} at (90,102) size 42x23 [border: (1px solid #000000)] [r=4 c=2 rs=1 cs=1]
              RenderText {#text} at (2,2) size 38x19
                text run at (2,2) width 38: "Data"
          RenderTableRow {TR} at (0,127) size 134x23
            RenderTableCell {TD} at (2,127) size 42x23 [border: (1px solid #000000)] [r=5 c=0 rs=1 cs=1]
              RenderText {#text} at (2,2) size 38x19
                text run at (2,2) width 38: "Data"
            RenderTableCell {TD} at (46,127) size 42x23 [border: (1px solid #000000)] [r=5 c=1 rs=1 cs=1]
              RenderText {#text} at (2,2) size 38x19
                text run at (2,2) width 38: "Data"
            RenderTableCell {TD} at (90,127) size 42x23 [border: (1px solid #000000)] [r=5 c=2 rs=1 cs=1]
              RenderText {#text} at (2,2) size 38x19
                text run at (2,2) width 38: "Data"
      RenderBlock {DIV} at (0,1157) size 964x606 [border: (3px solid #800080)]
        RenderTable {TABLE} at (3,3) size 134x300
          RenderTableSection {TBODY} at (0,0) size 134x300
            RenderTableRow {TR} at (0,2) size 134x47
              RenderTableCell {TD} at (2,14) size 42x23 [border: (1px solid #000000)] [r=0 c=0 rs=1 cs=1]
                RenderText {#text} at (2,2) size 38x19
                  text run at (2,2) width 38: "Data"
              RenderTableCell {TD} at (46,14) size 42x23 [border: (1px solid #000000)] [r=0 c=1 rs=1 cs=1]
                RenderText {#text} at (2,2) size 38x19
                  text run at (2,2) width 38: "Data"
              RenderTableCell {TD} at (90,14) size 42x23 [border: (1px solid #000000)] [r=0 c=2 rs=1 cs=1]
                RenderText {#text} at (2,2) size 38x19
                  text run at (2,2) width 38: "Data"
            RenderTableRow {TR} at (0,51) size 134x47
              RenderTableCell {TD} at (2,63) size 42x23 [border: (1px solid #000000)] [r=1 c=0 rs=1 cs=1]
                RenderText {#text} at (2,2) size 38x19
                  text run at (2,2) width 38: "Data"
              RenderTableCell {TD} at (46,63) size 42x23 [border: (1px solid #000000)] [r=1 c=1 rs=1 cs=1]
                RenderText {#text} at (2,2) size 38x19
                  text run at (2,2) width 38: "Data"
              RenderTableCell {TD} at (90,63) size 42x23 [border: (1px solid #000000)] [r=1 c=2 rs=1 cs=1]
                RenderText {#text} at (2,2) size 38x19
                  text run at (2,2) width 38: "Data"
            RenderTableRow {TR} at (0,100) size 134x48
              RenderTableCell {TD} at (2,112) size 42x23 [border: (1px solid #000000)] [r=2 c=0 rs=1 cs=1]
                RenderText {#text} at (2,2) size 38x19
                  text run at (2,2) width 38: "Data"
              RenderTableCell {TD} at (46,112) size 42x23 [border: (1px solid #000000)] [r=2 c=1 rs=1 cs=1]
                RenderText {#text} at (2,2) size 38x19
                  text run at (2,2) width 38: "Data"
              RenderTableCell {TD} at (90,112) size 42x23 [border: (1px solid #000000)] [r=2 c=2 rs=1 cs=1]
                RenderText {#text} at (2,2) size 38x19
                  text run at (2,2) width 38: "Data"
            RenderTableRow {TR} at (0,150) size 134x48
              RenderTableCell {TD} at (2,162) size 42x23 [border: (1px solid #000000)] [r=3 c=0 rs=1 cs=1]
                RenderText {#text} at (2,2) size 38x19
                  text run at (2,2) width 38: "Data"
              RenderTableCell {TD} at (46,162) size 42x23 [border: (1px solid #000000)] [r=3 c=1 rs=1 cs=1]
                RenderText {#text} at (2,2) size 38x19
                  text run at (2,2) width 38: "Data"
              RenderTableCell {TD} at (90,162) size 42x23 [border: (1px solid #000000)] [r=3 c=2 rs=1 cs=1]
                RenderText {#text} at (2,2) size 38x19
                  text run at (2,2) width 38: "Data"
            RenderTableRow {TR} at (0,200) size 134x48
              RenderTableCell {TD} at (2,212) size 42x23 [border: (1px solid #000000)] [r=4 c=0 rs=1 cs=1]
                RenderText {#text} at (2,2) size 38x19
                  text run at (2,2) width 38: "Data"
              RenderTableCell {TD} at (46,212) size 42x23 [border: (1px solid #000000)] [r=4 c=1 rs=1 cs=1]
                RenderText {#text} at (2,2) size 38x19
                  text run at (2,2) width 38: "Data"
              RenderTableCell {TD} at (90,212) size 42x23 [border: (1px solid #000000)] [r=4 c=2 rs=1 cs=1]
                RenderText {#text} at (2,2) size 38x19
                  text run at (2,2) width 38: "Data"
            RenderTableRow {TR} at (0,250) size 134x48
              RenderTableCell {TD} at (2,262) size 42x23 [border: (1px solid #000000)] [r=5 c=0 rs=1 cs=1]
                RenderText {#text} at (2,2) size 38x19
                  text run at (2,2) width 38: "Data"
              RenderTableCell {TD} at (46,262) size 42x23 [border: (1px solid #000000)] [r=5 c=1 rs=1 cs=1]
                RenderText {#text} at (2,2) size 38x19
                  text run at (2,2) width 38: "Data"
              RenderTableCell {TD} at (90,262) size 42x23 [border: (1px solid #000000)] [r=5 c=2 rs=1 cs=1]
                RenderText {#text} at (2,2) size 38x19
                  text run at (2,2) width 38: "Data"
      RenderBlock {P} at (0,1779) size 964x57
        RenderText {#text} at (0,0) size 189x19
          text run at (0,0) width 189: "The following tests test "
        RenderInline {CODE} at (0,0) size 41x15
          RenderText {#text} at (189,3) size 41x15
            text run at (189,3) width 41: "height"
        RenderText {#text} at (230,0) size 208x19
          text run at (230,0) width 208: " on table rows. A value of "
        RenderInline {CODE} at (0,0) size 29x15
          RenderText {#text} at (438,3) size 29x15
            text run at (438,3) width 29: "auto"
        RenderText {#text} at (467,0) size 963x57
          text run at (467,0) width 408: " requires the minimum height needed by the cells. "
          text run at (875,0) width 87: "In a simple"
          text run at (0,19) width 963: "case, this is just the height of the tallest cell (excluding the increased padding, of course, since with the padding the cells"
          text run at (0,38) width 185: "have the same height):"
      RenderTable {TABLE} at (0,1852) size 134x46
        RenderTableSection {TBODY} at (0,0) size 134x46
          RenderTableRow {TR} at (0,2) size 134x42
            RenderTableCell {TD} at (2,11) size 42x23 [border: (1px solid #000000)] [r=0 c=0 rs=1 cs=1]
              RenderText {#text} at (2,2) size 38x19
                text run at (2,2) width 38: "Data"
            RenderTableCell {TD} at (46,2) size 42x42 [border: (1px solid #000000)] [r=0 c=1 rs=1 cs=1]
              RenderText {#text} at (2,2) size 38x19
                text run at (2,2) width 38: "Data"
              RenderBR {BR} at (40,2) size 0x19
              RenderText {#text} at (2,21) size 38x19
                text run at (2,21) width 38: "Data"
            RenderTableCell {TD} at (90,11) size 42x23 [border: (1px solid #000000)] [r=0 c=2 rs=1 cs=1]
              RenderText {#text} at (2,2) size 38x19
                text run at (2,2) width 38: "Data"
      RenderBlock {P} at (0,1914) size 964x38
        RenderText {#text} at (0,0) size 266x19
          text run at (0,0) width 266: "However, vertical-align values of "
        RenderInline {CODE} at (0,0) size 55x15
          RenderText {#text} at (266,3) size 55x15
            text run at (266,3) width 55: "baseline"
        RenderText {#text} at (321,0) size 960x38
          text run at (321,0) width 639: " (the default, but could be overridden in a UA stylesheet) can make it taller than"
          text run at (0,19) width 37: "that:"
      RenderTable {TABLE} at (0,1968) size 362x146
        RenderTableSection {TBODY} at (0,0) size 362x146
          RenderTableRow {TR} at (0,2) size 362x142
            RenderTableCell {TD} at (2,46) size 42x23 [border: (1px solid #000000)] [r=0 c=0 rs=1 cs=1]
              RenderText {#text} at (2,2) size 38x19
                text run at (2,2) width 38: "Data"
            RenderTableCell {TD} at (46,2) size 156x98 [border: (1px solid #000000)] [r=0 c=1 rs=1 cs=1]
              RenderInline {SPAN} at (0,0) size 152x74
                RenderText {#text} at (2,2) size 152x74
                  text run at (2,2) width 152: "Data"
              RenderBR {BR} at (154,46) size 0x19
              RenderText {#text} at (2,77) size 38x19
                text run at (2,77) width 38: "Data"
            RenderTableCell {TD} at (204,46) size 156x98 [border: (1px solid #000000)] [r=0 c=2 rs=1 cs=1]
              RenderText {#text} at (2,2) size 38x19
                text run at (2,2) width 38: "Data"
              RenderBR {BR} at (40,2) size 0x19
              RenderInline {SPAN} at (0,0) size 152x74
                RenderText {#text} at (2,21) size 152x74
                  text run at (2,21) width 152: "Data"
      RenderBlock {P} at (0,2130) size 964x19
        RenderText {#text} at (0,0) size 671x19
          text run at (0,0) width 671: "The exact same thing should happen when the given height for the row is too small:"
      RenderTable {TABLE} at (0,2165) size 362x146
        RenderTableSection {TBODY} at (0,0) size 362x146
          RenderTableRow {TR} at (0,2) size 362x142
            RenderTableCell {TD} at (2,46) size 42x23 [border: (1px solid #000000)] [r=0 c=0 rs=1 cs=1]
              RenderText {#text} at (2,2) size 38x19
                text run at (2,2) width 38: "Data"
            RenderTableCell {TD} at (46,2) size 156x98 [border: (1px solid #000000)] [r=0 c=1 rs=1 cs=1]
              RenderInline {SPAN} at (0,0) size 152x74
                RenderText {#text} at (2,2) size 152x74
                  text run at (2,2) width 152: "Data"
              RenderBR {BR} at (154,46) size 0x19
              RenderText {#text} at (2,77) size 38x19
                text run at (2,77) width 38: "Data"
            RenderTableCell {TD} at (204,46) size 156x98 [border: (1px solid #000000)] [r=0 c=2 rs=1 cs=1]
              RenderText {#text} at (2,2) size 38x19
                text run at (2,2) width 38: "Data"
              RenderBR {BR} at (40,2) size 0x19
              RenderInline {SPAN} at (0,0) size 152x74
                RenderText {#text} at (2,21) size 152x74
                  text run at (2,21) width 152: "Data"
      RenderBlock {P} at (0,2327) size 964x38
        RenderText {#text} at (0,0) size 953x38
          text run at (0,0) width 953: "Padding should also be able to increase the height (here the first cell has 20px padding-top and the second has 20px of"
          text run at (0,19) width 139: "padding-bottom):"
      RenderTable {TABLE} at (0,2381) size 134x46
        RenderTableSection {TBODY} at (0,0) size 134x46
          RenderTableRow {TR} at (0,2) size 134x42
            RenderTableCell {TD} at (2,2) size 42x42 [border: (1px solid #000000)] [r=0 c=0 rs=1 cs=1]
              RenderText {#text} at (2,21) size 38x19
                text run at (2,21) width 38: "Data"
            RenderTableCell {TD} at (46,2) size 42x42 [border: (1px solid #000000)] [r=0 c=1 rs=1 cs=1]
              RenderText {#text} at (2,2) size 38x19
                text run at (2,2) width 38: "Data"
            RenderTableCell {TD} at (90,11) size 42x23 [border: (1px solid #000000)] [r=0 c=2 rs=1 cs=1]
              RenderText {#text} at (2,2) size 38x19
                text run at (2,2) width 38: "Data"
      RenderTable {TABLE} at (0,2427) size 134x46
        RenderTableSection {TBODY} at (0,0) size 134x46
          RenderTableRow {TR} at (0,2) size 134x42
            RenderTableCell {TD} at (2,2) size 42x42 [border: (1px solid #000000)] [r=0 c=0 rs=1 cs=1]
              RenderText {#text} at (2,21) size 38x19
                text run at (2,21) width 38: "Data"
            RenderTableCell {TD} at (46,2) size 42x42 [border: (1px solid #000000)] [r=0 c=1 rs=1 cs=1]
              RenderText {#text} at (2,2) size 38x19
                text run at (2,2) width 38: "Data"
            RenderTableCell {TD} at (90,11) size 42x23 [border: (1px solid #000000)] [r=0 c=2 rs=1 cs=1]
              RenderText {#text} at (2,2) size 38x19
                text run at (2,2) width 38: "Data"
      RenderBlock {P} at (0,2489) size 964x38
        RenderText {#text} at (0,0) size 962x38
          text run at (0,0) width 614: "These two tables should be 200px tall, because of a height on the table row. "
          text run at (614,0) width 348: "The second one should have its second and"
          text run at (0,19) width 565: "third cell's contents offset from the middle by 10px (bottom, then top):"
      RenderTable {TABLE} at (0,2543) size 362x204
        RenderTableSection {TBODY} at (0,0) size 362x204
          RenderTableRow {TR} at (0,2) size 362x200
            RenderTableCell {TD} at (2,46) size 42x23 [border: (1px solid #000000)] [r=0 c=0 rs=1 cs=1]
              RenderText {#text} at (2,2) size 38x19
                text run at (2,2) width 38: "Data"
            RenderTableCell {TD} at (46,2) size 156x98 [border: (1px solid #000000)] [r=0 c=1 rs=1 cs=1]
              RenderInline {SPAN} at (0,0) size 152x74
                RenderText {#text} at (2,2) size 152x74
                  text run at (2,2) width 152: "Data"
              RenderBR {BR} at (154,46) size 0x19
              RenderText {#text} at (2,77) size 38x19
                text run at (2,77) width 38: "Data"
            RenderTableCell {TD} at (204,46) size 156x98 [border: (1px solid #000000)] [r=0 c=2 rs=1 cs=1]
              RenderText {#text} at (2,2) size 38x19
                text run at (2,2) width 38: "Data"
              RenderBR {BR} at (40,2) size 0x19
              RenderInline {SPAN} at (0,0) size 152x74
                RenderText {#text} at (2,21) size 152x74
                  text run at (2,21) width 152: "Data"
      RenderTable {TABLE} at (0,2747) size 134x204
        RenderTableSection {TBODY} at (0,0) size 134x204
          RenderTableRow {TR} at (0,2) size 134x200
            RenderTableCell {TD} at (2,81) size 42x42 [border: (1px solid #000000)] [r=0 c=0 rs=1 cs=1]
              RenderText {#text} at (2,21) size 38x19
                text run at (2,21) width 38: "Data"
            RenderTableCell {TD} at (46,81) size 42x42 [border: (1px solid #000000)] [r=0 c=1 rs=1 cs=1]
              RenderText {#text} at (2,2) size 38x19
                text run at (2,2) width 38: "Data"
            RenderTableCell {TD} at (90,90) size 42x23 [border: (1px solid #000000)] [r=0 c=2 rs=1 cs=1]
              RenderText {#text} at (2,2) size 38x19
                text run at (2,2) width 38: "Data"
      RenderBlock {P} at (0,2967) size 964x38
        RenderText {#text} at (0,0) size 912x38
          text run at (0,0) width 660: "The behavior of percentage heights on table-row or table-row-group is undefined. "
          text run at (660,0) width 252: "However, I think they should be"
          text run at (0,19) width 353: "ignored, so these tables should look normal:"
      RenderTable {TABLE} at (0,3021) size 134x77
        RenderTableSection {TBODY} at (0,0) size 134x77
          RenderTableRow {TR} at (0,2) size 134x23
            RenderTableCell {TD} at (2,2) size 42x23 [border: (1px solid #000000)] [r=0 c=0 rs=1 cs=1]
              RenderText {#text} at (2,2) size 38x19
                text run at (2,2) width 38: "Data"
            RenderTableCell {TD} at (46,2) size 42x23 [border: (1px solid #000000)] [r=0 c=1 rs=1 cs=1]
              RenderText {#text} at (2,2) size 38x19
                text run at (2,2) width 38: "Data"
            RenderTableCell {TD} at (90,2) size 42x23 [border: (1px solid #000000)] [r=0 c=2 rs=1 cs=1]
              RenderText {#text} at (2,2) size 38x19
                text run at (2,2) width 38: "Data"
          RenderTableRow {TR} at (0,27) size 134x23
            RenderTableCell {TD} at (2,27) size 42x23 [border: (1px solid #000000)] [r=1 c=0 rs=1 cs=1]
              RenderText {#text} at (2,2) size 38x19
                text run at (2,2) width 38: "Data"
            RenderTableCell {TD} at (46,27) size 42x23 [border: (1px solid #000000)] [r=1 c=1 rs=1 cs=1]
              RenderText {#text} at (2,2) size 38x19
                text run at (2,2) width 38: "Data"
            RenderTableCell {TD} at (90,27) size 42x23 [border: (1px solid #000000)] [r=1 c=2 rs=1 cs=1]
              RenderText {#text} at (2,2) size 38x19
                text run at (2,2) width 38: "Data"
          RenderTableRow {TR} at (0,52) size 134x23
            RenderTableCell {TD} at (2,52) size 42x23 [border: (1px solid #000000)] [r=2 c=0 rs=1 cs=1]
              RenderText {#text} at (2,2) size 38x19
                text run at (2,2) width 38: "Data"
            RenderTableCell {TD} at (46,52) size 42x23 [border: (1px solid #000000)] [r=2 c=1 rs=1 cs=1]
              RenderText {#text} at (2,2) size 38x19
                text run at (2,2) width 38: "Data"
            RenderTableCell {TD} at (90,52) size 42x23 [border: (1px solid #000000)] [r=2 c=2 rs=1 cs=1]
              RenderText {#text} at (2,2) size 38x19
                text run at (2,2) width 38: "Data"
      RenderTable {TABLE} at (0,3098) size 134x77
        RenderTableSection {TBODY} at (0,0) size 134x77
          RenderTableRow {TR} at (0,2) size 134x23
            RenderTableCell {TD} at (2,2) size 42x23 [border: (1px solid #000000)] [r=0 c=0 rs=1 cs=1]
              RenderText {#text} at (2,2) size 38x19
                text run at (2,2) width 38: "Data"
            RenderTableCell {TD} at (46,2) size 42x23 [border: (1px solid #000000)] [r=0 c=1 rs=1 cs=1]
              RenderText {#text} at (2,2) size 38x19
                text run at (2,2) width 38: "Data"
            RenderTableCell {TD} at (90,2) size 42x23 [border: (1px solid #000000)] [r=0 c=2 rs=1 cs=1]
              RenderText {#text} at (2,2) size 38x19
                text run at (2,2) width 38: "Data"
          RenderTableRow {TR} at (0,27) size 134x23
            RenderTableCell {TD} at (2,27) size 42x23 [border: (1px solid #000000)] [r=1 c=0 rs=1 cs=1]
              RenderText {#text} at (2,2) size 38x19
                text run at (2,2) width 38: "Data"
            RenderTableCell {TD} at (46,27) size 42x23 [border: (1px solid #000000)] [r=1 c=1 rs=1 cs=1]
              RenderText {#text} at (2,2) size 38x19
                text run at (2,2) width 38: "Data"
            RenderTableCell {TD} at (90,27) size 42x23 [border: (1px solid #000000)] [r=1 c=2 rs=1 cs=1]
              RenderText {#text} at (2,2) size 38x19
                text run at (2,2) width 38: "Data"
          RenderTableRow {TR} at (0,52) size 134x23
            RenderTableCell {TD} at (2,52) size 42x23 [border: (1px solid #000000)] [r=2 c=0 rs=1 cs=1]
              RenderText {#text} at (2,2) size 38x19
                text run at (2,2) width 38: "Data"
            RenderTableCell {TD} at (46,52) size 42x23 [border: (1px solid #000000)] [r=2 c=1 rs=1 cs=1]
              RenderText {#text} at (2,2) size 38x19
                text run at (2,2) width 38: "Data"
            RenderTableCell {TD} at (90,52) size 42x23 [border: (1px solid #000000)] [r=2 c=2 rs=1 cs=1]
              RenderText {#text} at (2,2) size 38x19
                text run at (2,2) width 38: "Data"
      RenderTable {TABLE} at (0,3175) size 134x181
        RenderTableSection {THEAD} at (0,0) size 134x52
          RenderTableRow {TR} at (0,2) size 134x23
            RenderTableCell {TD} at (2,2) size 42x23 [border: (1px solid #000000)] [r=0 c=0 rs=1 cs=1]
              RenderText {#text} at (2,2) size 38x19
                text run at (2,2) width 38: "Data"
            RenderTableCell {TD} at (46,2) size 42x23 [border: (1px solid #000000)] [r=0 c=1 rs=1 cs=1]
              RenderText {#text} at (2,2) size 38x19
                text run at (2,2) width 38: "Data"
            RenderTableCell {TD} at (90,2) size 42x23 [border: (1px solid #000000)] [r=0 c=2 rs=1 cs=1]
              RenderText {#text} at (2,2) size 38x19
                text run at (2,2) width 38: "Data"
          RenderTableRow {TR} at (0,27) size 134x23
            RenderTableCell {TD} at (2,27) size 42x23 [border: (1px solid #000000)] [r=1 c=0 rs=1 cs=1]
              RenderText {#text} at (2,2) size 38x19
                text run at (2,2) width 38: "Data"
            RenderTableCell {TD} at (46,27) size 42x23 [border: (1px solid #000000)] [r=1 c=1 rs=1 cs=1]
              RenderText {#text} at (2,2) size 38x19
                text run at (2,2) width 38: "Data"
            RenderTableCell {TD} at (90,27) size 42x23 [border: (1px solid #000000)] [r=1 c=2 rs=1 cs=1]
              RenderText {#text} at (2,2) size 38x19
                text run at (2,2) width 38: "Data"
        RenderTableSection {TFOOT} at (0,129) size 134x52
          RenderTableRow {TR} at (0,2) size 134x23
            RenderTableCell {TD} at (2,2) size 42x23 [border: (1px solid #000000)] [r=0 c=0 rs=1 cs=1]
              RenderText {#text} at (2,2) size 38x19
                text run at (2,2) width 38: "Data"
            RenderTableCell {TD} at (46,2) size 42x23 [border: (1px solid #000000)] [r=0 c=1 rs=1 cs=1]
              RenderText {#text} at (2,2) size 38x19
                text run at (2,2) width 38: "Data"
            RenderTableCell {TD} at (90,2) size 42x23 [border: (1px solid #000000)] [r=0 c=2 rs=1 cs=1]
              RenderText {#text} at (2,2) size 38x19
                text run at (2,2) width 38: "Data"
          RenderTableRow {TR} at (0,27) size 134x23
            RenderTableCell {TD} at (2,27) size 42x23 [border: (1px solid #000000)] [r=1 c=0 rs=1 cs=1]
              RenderText {#text} at (2,2) size 38x19
                text run at (2,2) width 38: "Data"
            RenderTableCell {TD} at (46,27) size 42x23 [border: (1px solid #000000)] [r=1 c=1 rs=1 cs=1]
              RenderText {#text} at (2,2) size 38x19
                text run at (2,2) width 38: "Data"
            RenderTableCell {TD} at (90,27) size 42x23 [border: (1px solid #000000)] [r=1 c=2 rs=1 cs=1]
              RenderText {#text} at (2,2) size 38x19
                text run at (2,2) width 38: "Data"
        RenderTableSection {TBODY} at (0,52) size 134x77
          RenderTableRow {TR} at (0,2) size 134x23
            RenderTableCell {TD} at (2,2) size 42x23 [border: (1px solid #000000)] [r=0 c=0 rs=1 cs=1]
              RenderText {#text} at (2,2) size 38x19
                text run at (2,2) width 38: "Data"
            RenderTableCell {TD} at (46,2) size 42x23 [border: (1px solid #000000)] [r=0 c=1 rs=1 cs=1]
              RenderText {#text} at (2,2) size 38x19
                text run at (2,2) width 38: "Data"
            RenderTableCell {TD} at (90,2) size 42x23 [border: (1px solid #000000)] [r=0 c=2 rs=1 cs=1]
              RenderText {#text} at (2,2) size 38x19
                text run at (2,2) width 38: "Data"
          RenderTableRow {TR} at (0,27) size 134x23
            RenderTableCell {TD} at (2,27) size 42x23 [border: (1px solid #000000)] [r=1 c=0 rs=1 cs=1]
              RenderText {#text} at (2,2) size 38x19
                text run at (2,2) width 38: "Data"
            RenderTableCell {TD} at (46,27) size 42x23 [border: (1px solid #000000)] [r=1 c=1 rs=1 cs=1]
              RenderText {#text} at (2,2) size 38x19
                text run at (2,2) width 38: "Data"
            RenderTableCell {TD} at (90,27) size 42x23 [border: (1px solid #000000)] [r=1 c=2 rs=1 cs=1]
              RenderText {#text} at (2,2) size 38x19
                text run at (2,2) width 38: "Data"
          RenderTableRow {TR} at (0,52) size 134x23
            RenderTableCell {TD} at (2,52) size 42x23 [border: (1px solid #000000)] [r=2 c=0 rs=1 cs=1]
              RenderText {#text} at (2,2) size 38x19
                text run at (2,2) width 38: "Data"
            RenderTableCell {TD} at (46,52) size 42x23 [border: (1px solid #000000)] [r=2 c=1 rs=1 cs=1]
              RenderText {#text} at (2,2) size 38x19
                text run at (2,2) width 38: "Data"
            RenderTableCell {TD} at (90,52) size 42x23 [border: (1px solid #000000)] [r=2 c=2 rs=1 cs=1]
              RenderText {#text} at (2,2) size 38x19
                text run at (2,2) width 38: "Data"
      RenderTable {TABLE} at (0,3356) size 134x181
        RenderTableSection {THEAD} at (0,0) size 134x52
          RenderTableRow {TR} at (0,2) size 134x23
            RenderTableCell {TD} at (2,2) size 42x23 [border: (1px solid #000000)] [r=0 c=0 rs=1 cs=1]
              RenderText {#text} at (2,2) size 38x19
                text run at (2,2) width 38: "Data"
            RenderTableCell {TD} at (46,2) size 42x23 [border: (1px solid #000000)] [r=0 c=1 rs=1 cs=1]
              RenderText {#text} at (2,2) size 38x19
                text run at (2,2) width 38: "Data"
            RenderTableCell {TD} at (90,2) size 42x23 [border: (1px solid #000000)] [r=0 c=2 rs=1 cs=1]
              RenderText {#text} at (2,2) size 38x19
                text run at (2,2) width 38: "Data"
          RenderTableRow {TR} at (0,27) size 134x23
            RenderTableCell {TD} at (2,27) size 42x23 [border: (1px solid #000000)] [r=1 c=0 rs=1 cs=1]
              RenderText {#text} at (2,2) size 38x19
                text run at (2,2) width 38: "Data"
            RenderTableCell {TD} at (46,27) size 42x23 [border: (1px solid #000000)] [r=1 c=1 rs=1 cs=1]
              RenderText {#text} at (2,2) size 38x19
                text run at (2,2) width 38: "Data"
            RenderTableCell {TD} at (90,27) size 42x23 [border: (1px solid #000000)] [r=1 c=2 rs=1 cs=1]
              RenderText {#text} at (2,2) size 38x19
                text run at (2,2) width 38: "Data"
        RenderTableSection {TFOOT} at (0,129) size 134x52
          RenderTableRow {TR} at (0,2) size 134x23
            RenderTableCell {TD} at (2,2) size 42x23 [border: (1px solid #000000)] [r=0 c=0 rs=1 cs=1]
              RenderText {#text} at (2,2) size 38x19
                text run at (2,2) width 38: "Data"
            RenderTableCell {TD} at (46,2) size 42x23 [border: (1px solid #000000)] [r=0 c=1 rs=1 cs=1]
              RenderText {#text} at (2,2) size 38x19
                text run at (2,2) width 38: "Data"
            RenderTableCell {TD} at (90,2) size 42x23 [border: (1px solid #000000)] [r=0 c=2 rs=1 cs=1]
              RenderText {#text} at (2,2) size 38x19
                text run at (2,2) width 38: "Data"
          RenderTableRow {TR} at (0,27) size 134x23
            RenderTableCell {TD} at (2,27) size 42x23 [border: (1px solid #000000)] [r=1 c=0 rs=1 cs=1]
              RenderText {#text} at (2,2) size 38x19
                text run at (2,2) width 38: "Data"
            RenderTableCell {TD} at (46,27) size 42x23 [border: (1px solid #000000)] [r=1 c=1 rs=1 cs=1]
              RenderText {#text} at (2,2) size 38x19
                text run at (2,2) width 38: "Data"
            RenderTableCell {TD} at (90,27) size 42x23 [border: (1px solid #000000)] [r=1 c=2 rs=1 cs=1]
              RenderText {#text} at (2,2) size 38x19
                text run at (2,2) width 38: "Data"
        RenderTableSection {TBODY} at (0,52) size 134x77
          RenderTableRow {TR} at (0,2) size 134x23
            RenderTableCell {TD} at (2,2) size 42x23 [border: (1px solid #000000)] [r=0 c=0 rs=1 cs=1]
              RenderText {#text} at (2,2) size 38x19
                text run at (2,2) width 38: "Data"
            RenderTableCell {TD} at (46,2) size 42x23 [border: (1px solid #000000)] [r=0 c=1 rs=1 cs=1]
              RenderText {#text} at (2,2) size 38x19
                text run at (2,2) width 38: "Data"
            RenderTableCell {TD} at (90,2) size 42x23 [border: (1px solid #000000)] [r=0 c=2 rs=1 cs=1]
              RenderText {#text} at (2,2) size 38x19
                text run at (2,2) width 38: "Data"
          RenderTableRow {TR} at (0,27) size 134x23
            RenderTableCell {TD} at (2,27) size 42x23 [border: (1px solid #000000)] [r=1 c=0 rs=1 cs=1]
              RenderText {#text} at (2,2) size 38x19
                text run at (2,2) width 38: "Data"
            RenderTableCell {TD} at (46,27) size 42x23 [border: (1px solid #000000)] [r=1 c=1 rs=1 cs=1]
              RenderText {#text} at (2,2) size 38x19
                text run at (2,2) width 38: "Data"
            RenderTableCell {TD} at (90,27) size 42x23 [border: (1px solid #000000)] [r=1 c=2 rs=1 cs=1]
              RenderText {#text} at (2,2) size 38x19
                text run at (2,2) width 38: "Data"
          RenderTableRow {TR} at (0,52) size 134x23
            RenderTableCell {TD} at (2,52) size 42x23 [border: (1px solid #000000)] [r=2 c=0 rs=1 cs=1]
              RenderText {#text} at (2,2) size 38x19
                text run at (2,2) width 38: "Data"
            RenderTableCell {TD} at (46,52) size 42x23 [border: (1px solid #000000)] [r=2 c=1 rs=1 cs=1]
              RenderText {#text} at (2,2) size 38x19
                text run at (2,2) width 38: "Data"
            RenderTableCell {TD} at (90,52) size 42x23 [border: (1px solid #000000)] [r=2 c=2 rs=1 cs=1]
              RenderText {#text} at (2,2) size 38x19
                text run at (2,2) width 38: "Data"
      RenderBlock {P} at (0,3553) size 964x19
        RenderText {#text} at (0,0) size 611x19
          text run at (0,0) width 611: "The following table should look normal, since very small heights get ignored:"
      RenderTable {TABLE} at (0,3588) size 134x27
        RenderTableSection {TBODY} at (0,0) size 134x27
          RenderTableRow {TR} at (0,2) size 134x23
            RenderTableCell {TD} at (2,2) size 42x23 [border: (1px solid #000000)] [r=0 c=0 rs=1 cs=1]
              RenderText {#text} at (2,2) size 38x19
                text run at (2,2) width 38: "Data"
            RenderTableCell {TD} at (46,2) size 42x23 [border: (1px solid #000000)] [r=0 c=1 rs=1 cs=1]
              RenderText {#text} at (2,2) size 38x19
                text run at (2,2) width 38: "Data"
            RenderTableCell {TD} at (90,2) size 42x23 [border: (1px solid #000000)] [r=0 c=2 rs=1 cs=1]
              RenderText {#text} at (2,2) size 38x19
                text run at (2,2) width 38: "Data"
      RenderBlock {P} at (0,3631) size 964x19
        RenderText {#text} at (0,0) size 319x19
          text run at (0,0) width 319: "So should this one, for auto cell heights:"
      RenderTable {TABLE} at (0,3666) size 134x27
        RenderTableSection {TBODY} at (0,0) size 134x27
          RenderTableRow {TR} at (0,2) size 134x23
            RenderTableCell {TD} at (2,2) size 42x23 [border: (1px solid #000000)] [r=0 c=0 rs=1 cs=1]
              RenderText {#text} at (2,2) size 38x19
                text run at (2,2) width 38: "Data"
            RenderTableCell {TD} at (46,2) size 42x23 [border: (1px solid #000000)] [r=0 c=1 rs=1 cs=1]
              RenderText {#text} at (2,2) size 38x19
                text run at (2,2) width 38: "Data"
            RenderTableCell {TD} at (90,2) size 42x23 [border: (1px solid #000000)] [r=0 c=2 rs=1 cs=1]
              RenderText {#text} at (2,2) size 38x19
                text run at (2,2) width 38: "Data"
      RenderBlock {P} at (0,3709) size 964x19
        RenderText {#text} at (0,0) size 800x19
          text run at (0,0) width 800: "These tables should look the same - all cells should be 100px tall with the text at the top of the cells:"
      RenderTable {TABLE} at (0,3744) size 134x108
        RenderTableSection {TBODY} at (0,0) size 134x108
          RenderTableRow {TR} at (0,2) size 134x104
            RenderTableCell {TD} at (2,2) size 42x23 [border: (1px solid #000000)] [r=0 c=0 rs=1 cs=1]
              RenderText {#text} at (2,2) size 38x19
                text run at (2,2) width 38: "Data"
            RenderTableCell {TD} at (46,2) size 42x23 [border: (1px solid #000000)] [r=0 c=1 rs=1 cs=1]
              RenderText {#text} at (2,2) size 38x19
                text run at (2,2) width 38: "Data"
            RenderTableCell {TD} at (90,2) size 42x23 [border: (1px solid #000000)] [r=0 c=2 rs=1 cs=1]
              RenderText {#text} at (2,2) size 38x19
                text run at (2,2) width 38: "Data"
      RenderTable {TABLE} at (0,3852) size 134x108
        RenderTableSection {TBODY} at (0,0) size 134x108
          RenderTableRow {TR} at (0,2) size 134x104
            RenderTableCell {TD} at (2,42) size 42x23 [border: (1px solid #000000)] [r=0 c=0 rs=1 cs=1]
              RenderText {#text} at (2,2) size 38x19
                text run at (2,2) width 38: "Data"
            RenderTableCell {TD} at (46,42) size 42x23 [border: (1px solid #000000)] [r=0 c=1 rs=1 cs=1]
              RenderText {#text} at (2,2) size 38x19
                text run at (2,2) width 38: "Data"
            RenderTableCell {TD} at (90,42) size 42x23 [border: (1px solid #000000)] [r=0 c=2 rs=1 cs=1]
              RenderText {#text} at (2,2) size 38x19
                text run at (2,2) width 38: "Data"
      RenderTable {TABLE} at (0,3960) size 134x108
        RenderTableSection {TBODY} at (0,0) size 134x108
          RenderTableRow {TR} at (0,2) size 134x104
            RenderTableCell {TD} at (2,2) size 42x23 [border: (1px solid #000000)] [r=0 c=0 rs=1 cs=1]
              RenderText {#text} at (2,2) size 38x19
                text run at (2,2) width 38: "Data"
            RenderTableCell {TD} at (46,2) size 42x23 [border: (1px solid #000000)] [r=0 c=1 rs=1 cs=1]
              RenderText {#text} at (2,2) size 38x19
                text run at (2,2) width 38: "Data"
            RenderTableCell {TD} at (90,2) size 42x23 [border: (1px solid #000000)] [r=0 c=2 rs=1 cs=1]
              RenderText {#text} at (2,2) size 38x19
                text run at (2,2) width 38: "Data"
      RenderTable {TABLE} at (0,4068) size 134x108
        RenderTableSection {TBODY} at (0,0) size 134x108
          RenderTableRow {TR} at (0,2) size 134x104
            RenderTableCell {TD} at (2,2) size 42x23 [border: (1px solid #000000)] [r=0 c=0 rs=1 cs=1]
              RenderText {#text} at (2,2) size 38x19
                text run at (2,2) width 38: "Data"
            RenderTableCell {TD} at (46,2) size 42x23 [border: (1px solid #000000)] [r=0 c=1 rs=1 cs=1]
              RenderText {#text} at (2,2) size 38x19
                text run at (2,2) width 38: "Data"
            RenderTableCell {TD} at (90,2) size 42x23 [border: (1px solid #000000)] [r=0 c=2 rs=1 cs=1]
              RenderText {#text} at (2,2) size 38x19
                text run at (2,2) width 38: "Data"
      RenderBlock {P} at (0,4192) size 964x19
        RenderText {#text} at (0,0) size 915x19
          text run at (0,0) width 915: "In these four tables, the text should be 20px lower each cell, but should otherwise look like the above three tables:"
      RenderTable {TABLE} at (0,4227) size 130x108
        RenderTableSection {TBODY} at (0,0) size 130x108
          RenderTableRow {TR} at (0,2) size 130x104
            RenderTableCell {TD} at (2,2) size 42x23 [border: (1px solid #000000)] [r=0 c=0 rs=1 cs=1]
              RenderText {#text} at (2,2) size 38x19
                text run at (2,2) width 38: "Data"
            RenderTableCell {TD} at (46,2) size 40x61 [border: (1px solid #000000)] [r=0 c=1 rs=1 cs=1]
              RenderText {#text} at (1,21) size 38x19
                text run at (1,21) width 38: "Data"
            RenderTableCell {TD} at (88,2) size 40x101 [border: (1px solid #000000)] [r=0 c=2 rs=1 cs=1]
              RenderText {#text} at (1,41) size 38x19
                text run at (1,41) width 38: "Data"
      RenderTable {TABLE} at (0,4335) size 130x108
        RenderTableSection {TBODY} at (0,0) size 130x108
          RenderTableRow {TR} at (0,2) size 130x104
            RenderTableCell {TD} at (2,2) size 42x23 [border: (1px solid #000000)] [r=0 c=0 rs=1 cs=1]
              RenderText {#text} at (2,2) size 38x19
                text run at (2,2) width 38: "Data"
            RenderTableCell {TD} at (46,2) size 40x41 [border: (1px solid #000000)] [r=0 c=1 rs=1 cs=1]
              RenderText {#text} at (1,21) size 38x19
                text run at (1,21) width 38: "Data"
            RenderTableCell {TD} at (88,2) size 40x61 [border: (1px solid #000000)] [r=0 c=2 rs=1 cs=1]
              RenderText {#text} at (1,41) size 38x19
                text run at (1,41) width 38: "Data"
      RenderTable {TABLE} at (0,4443) size 130x108
        RenderTableSection {TBODY} at (0,0) size 130x108
          RenderTableRow {TR} at (0,2) size 130x104
            RenderTableCell {TD} at (2,42) size 42x23 [border: (1px solid #000000)] [r=0 c=0 rs=1 cs=1]
              RenderText {#text} at (2,2) size 38x19
                text run at (2,2) width 38: "Data"
            RenderTableCell {TD} at (46,23) size 40x61 [border: (1px solid #000000)] [r=0 c=1 rs=1 cs=1]
              RenderText {#text} at (1,21) size 38x19
                text run at (1,21) width 38: "Data"
            RenderTableCell {TD} at (88,3) size 40x101 [border: (1px solid #000000)] [r=0 c=2 rs=1 cs=1]
              RenderText {#text} at (1,41) size 38x19
                text run at (1,41) width 38: "Data"
      RenderTable {TABLE} at (0,4551) size 134x108
        RenderTableSection {TBODY} at (0,0) size 134x108
          RenderTableRow {TR} at (0,2) size 134x104
            RenderTableCell {TD} at (2,42) size 42x23 [border: (1px solid #000000)] [r=0 c=0 rs=1 cs=1]
              RenderText {#text} at (2,2) size 38x19
                text run at (2,2) width 38: "Data"
            RenderTableCell {TD} at (46,42) size 42x23 [border: (1px solid #000000)] [r=0 c=1 rs=1 cs=1]
              RenderText {#text} at (2,2) size 38x19
                text run at (2,2) width 38: "Data"
            RenderTableCell {TD} at (90,42) size 42x23 [border: (1px solid #000000)] [r=0 c=2 rs=1 cs=1]
              RenderText {#text} at (2,2) size 38x19
                text run at (2,2) width 38: "Data"
      RenderBlock {P} at (0,4675) size 964x19
        RenderText {#text} at (0,0) size 472x19
          text run at (0,0) width 472: "These should have the text 40px from the top in every cell:"
      RenderTable {TABLE} at (0,4710) size 130x107
        RenderTableSection {TBODY} at (0,0) size 130x107
          RenderTableRow {TR} at (0,2) size 130x103
            RenderTableCell {TD} at (2,41) size 42x23 [border: (1px solid #000000)] [r=0 c=0 rs=1 cs=1]
              RenderText {#text} at (2,2) size 38x19
                text run at (2,2) width 38: "Data"
            RenderTableCell {TD} at (46,22) size 40x61 [border: (1px solid #000000)] [r=0 c=1 rs=1 cs=1]
              RenderText {#text} at (1,21) size 38x19
                text run at (1,21) width 38: "Data"
            RenderTableCell {TD} at (88,2) size 40x101 [border: (1px solid #000000)] [r=0 c=2 rs=1 cs=1]
              RenderText {#text} at (1,41) size 38x19
                text run at (1,41) width 38: "Data"
      RenderTable {TABLE} at (0,4817) size 130x106
        RenderTableSection {TBODY} at (0,0) size 130x106
          RenderTableRow {TR} at (0,2) size 130x102
            RenderTableCell {TD} at (2,41) size 42x23 [border: (1px solid #000000)] [r=0 c=0 rs=1 cs=1]
              RenderText {#text} at (2,2) size 38x19
                text run at (2,2) width 38: "Data"
            RenderTableCell {TD} at (46,22) size 40x41 [border: (1px solid #000000)] [r=0 c=1 rs=1 cs=1]
              RenderText {#text} at (1,21) size 38x19
                text run at (1,21) width 38: "Data"
            RenderTableCell {TD} at (88,2) size 40x61 [border: (1px solid #000000)] [r=0 c=2 rs=1 cs=1]
              RenderText {#text} at (1,41) size 38x19
                text run at (1,41) width 38: "Data"
      RenderTable {TABLE} at (0,4923) size 130x106
        RenderTableSection {TBODY} at (0,0) size 130x106
          RenderTableRow {TR} at (0,2) size 130x102
            RenderTableCell {TD} at (2,41) size 42x23 [border: (1px solid #000000)] [r=0 c=0 rs=1 cs=1]
              RenderText {#text} at (2,2) size 38x19
                text run at (2,2) width 38: "Data"
            RenderTableCell {TD} at (46,22) size 40x61 [border: (1px solid #000000)] [r=0 c=1 rs=1 cs=1]
              RenderText {#text} at (1,21) size 38x19
                text run at (1,21) width 38: "Data"
            RenderTableCell {TD} at (88,2) size 40x101 [border: (1px solid #000000)] [r=0 c=2 rs=1 cs=1]
              RenderText {#text} at (1,41) size 38x19
                text run at (1,41) width 38: "Data"
      RenderTable {TABLE} at (0,5029) size 130x106
        RenderTableSection {TBODY} at (0,0) size 130x106
          RenderTableRow {TR} at (0,2) size 130x102
            RenderTableCell {TD} at (2,81) size 42x23 [border: (1px solid #000000)] [r=0 c=0 rs=1 cs=1]
              RenderText {#text} at (2,2) size 38x19
                text run at (2,2) width 38: "Data"
            RenderTableCell {TD} at (46,43) size 40x61 [border: (1px solid #000000)] [r=0 c=1 rs=1 cs=1]
              RenderText {#text} at (1,21) size 38x19
                text run at (1,21) width 38: "Data"
            RenderTableCell {TD} at (88,3) size 40x101 [border: (1px solid #000000)] [r=0 c=2 rs=1 cs=1]
              RenderText {#text} at (1,41) size 38x19
                text run at (1,41) width 38: "Data"
      RenderTable {TABLE} at (0,5135) size 130x68
        RenderTableSection {TBODY} at (0,0) size 130x68
          RenderTableRow {TR} at (0,2) size 130x64
            RenderTableCell {TD} at (2,43) size 42x23 [border: (1px solid #000000)] [r=0 c=0 rs=1 cs=1]
              RenderText {#text} at (2,2) size 38x19
                text run at (2,2) width 38: "Data"
            RenderTableCell {TD} at (46,25) size 40x41 [border: (1px solid #000000)] [r=0 c=1 rs=1 cs=1]
              RenderText {#text} at (1,1) size 38x19
                text run at (1,1) width 38: "Data"
            RenderTableCell {TD} at (88,5) size 40x61 [border: (1px solid #000000)] [r=0 c=2 rs=1 cs=1]
              RenderText {#text} at (1,1) size 38x19
                text run at (1,1) width 38: "Data"
      RenderBlock {P} at (0,5219) size 964x38
        RenderText {#text} at (0,0) size 900x38
          text run at (0,0) width 900: "In each of the following tables, three of the cells should have the same baseline of the first line, and the three so"
          text run at (0,19) width 410: "marked should be aligned top, middle, and bottom:"
      RenderTable {TABLE} at (0,5273) size 561x120
        RenderTableSection {TBODY} at (0,0) size 561x120
          RenderTableRow {TR} at (0,2) size 561x116
            RenderTableCell {TD} at (2,76) size 42x23 [border: (1px solid #000000)] [r=0 c=0 rs=1 cs=1]
              RenderText {#text} at (2,2) size 38x19
                text run at (2,2) width 38: "Data"
            RenderTableCell {TD} at (46,46) size 118x60 [border: (1px solid #000000)] [r=0 c=1 rs=1 cs=1]
              RenderText {#text} at (2,2) size 114x56
                text run at (2,2) width 114: "Data"
            RenderTableCell {TD} at (166,2) size 234x116 [border: (1px solid #000000)] [r=0 c=2 rs=1 cs=1]
              RenderText {#text} at (2,2) size 230x112
                text run at (2,2) width 230: "Data"
            RenderTableCell {TD} at (402,2) size 34x23 [border: (1px solid #000000)] [r=0 c=3 rs=1 cs=1]
              RenderText {#text} at (2,2) size 30x19
                text run at (2,2) width 30: "Top"
            RenderTableCell {TD} at (438,48) size 56x23 [border: (1px solid #000000)] [r=0 c=4 rs=1 cs=1]
              RenderText {#text} at (2,2) size 52x19
                text run at (2,2) width 52: "Middle"
            RenderTableCell {TD} at (496,95) size 63x23 [border: (1px solid #000000)] [r=0 c=5 rs=1 cs=1]
              RenderText {#text} at (2,2) size 59x19
                text run at (2,2) width 59: "Bottom"
      RenderTable {TABLE} at (0,5393) size 561x120
        RenderTableSection {TBODY} at (0,0) size 561x120
          RenderTableRow {TR} at (0,2) size 561x116
            RenderTableCell {TD} at (2,2) size 34x23 [border: (1px solid #000000)] [r=0 c=0 rs=1 cs=1]
              RenderText {#text} at (2,2) size 30x19
                text run at (2,2) width 30: "Top"
            RenderTableCell {TD} at (38,48) size 56x23 [border: (1px solid #000000)] [r=0 c=1 rs=1 cs=1]
              RenderText {#text} at (2,2) size 52x19
                text run at (2,2) width 52: "Middle"
            RenderTableCell {TD} at (96,95) size 63x23 [border: (1px solid #000000)] [r=0 c=2 rs=1 cs=1]
              RenderText {#text} at (2,2) size 59x19
                text run at (2,2) width 59: "Bottom"
            RenderTableCell {TD} at (161,2) size 234x116 [border: (1px solid #000000)] [r=0 c=3 rs=1 cs=1]
              RenderText {#text} at (2,2) size 230x112
                text run at (2,2) width 230: "Data"
            RenderTableCell {TD} at (397,76) size 42x23 [border: (1px solid #000000)] [r=0 c=4 rs=1 cs=1]
              RenderText {#text} at (2,2) size 38x19
                text run at (2,2) width 38: "Data"
            RenderTableCell {TD} at (441,46) size 118x60 [border: (1px solid #000000)] [r=0 c=5 rs=1 cs=1]
              RenderText {#text} at (2,2) size 114x56
                text run at (2,2) width 114: "Data"
      RenderTable {TABLE} at (0,5513) size 561x120
        RenderTableSection {TBODY} at (0,0) size 561x120
          RenderTableRow {TR} at (0,2) size 561x116
            RenderTableCell {TD} at (2,2) size 234x116 [border: (1px solid #000000)] [r=0 c=0 rs=1 cs=1]
              RenderText {#text} at (2,2) size 230x112
                text run at (2,2) width 230: "Data"
            RenderTableCell {TD} at (238,2) size 34x23 [border: (1px solid #000000)] [r=0 c=1 rs=1 cs=1]
              RenderText {#text} at (2,2) size 30x19
                text run at (2,2) width 30: "Top"
            RenderTableCell {TD} at (274,48) size 56x23 [border: (1px solid #000000)] [r=0 c=2 rs=1 cs=1]
              RenderText {#text} at (2,2) size 52x19
                text run at (2,2) width 52: "Middle"
            RenderTableCell {TD} at (332,76) size 42x23 [border: (1px solid #000000)] [r=0 c=3 rs=1 cs=1]
              RenderText {#text} at (2,2) size 38x19
                text run at (2,2) width 38: "Data"
            RenderTableCell {TD} at (376,95) size 63x23 [border: (1px solid #000000)] [r=0 c=4 rs=1 cs=1]
              RenderText {#text} at (2,2) size 59x19
                text run at (2,2) width 59: "Bottom"
            RenderTableCell {TD} at (441,46) size 118x60 [border: (1px solid #000000)] [r=0 c=5 rs=1 cs=1]
              RenderText {#text} at (2,2) size 114x56
                text run at (2,2) width 114: "Data"
      RenderTable {TABLE} at (0,5633) size 561x120
        RenderTableSection {TBODY} at (0,0) size 561x120
          RenderTableRow {TR} at (0,2) size 561x116
            RenderTableCell {TD} at (2,2) size 34x23 [border: (1px solid #000000)] [r=0 c=0 rs=1 cs=1]
              RenderText {#text} at (2,2) size 30x19
                text run at (2,2) width 30: "Top"
            RenderTableCell {TD} at (38,76) size 42x23 [border: (1px solid #000000)] [r=0 c=1 rs=1 cs=1]
              RenderText {#text} at (2,2) size 38x19
                text run at (2,2) width 38: "Data"
            RenderTableCell {TD} at (82,46) size 118x60 [border: (1px solid #000000)] [r=0 c=2 rs=1 cs=1]
              RenderText {#text} at (2,2) size 114x56
                text run at (2,2) width 114: "Data"
            RenderTableCell {TD} at (202,48) size 56x23 [border: (1px solid #000000)] [r=0 c=3 rs=1 cs=1]
              RenderText {#text} at (2,2) size 52x19
                text run at (2,2) width 52: "Middle"
            RenderTableCell {TD} at (260,95) size 63x23 [border: (1px solid #000000)] [r=0 c=4 rs=1 cs=1]
              RenderText {#text} at (2,2) size 59x19
                text run at (2,2) width 59: "Bottom"
            RenderTableCell {TD} at (325,2) size 234x116 [border: (1px solid #000000)] [r=0 c=5 rs=1 cs=1]
              RenderText {#text} at (2,2) size 230x112
                text run at (2,2) width 230: "Data"
      RenderTable {TABLE} at (0,5753) size 561x120
        RenderTableSection {TBODY} at (0,0) size 561x120
          RenderTableRow {TR} at (0,2) size 561x116
            RenderTableCell {TD} at (2,2) size 34x23 [border: (1px solid #000000)] [r=0 c=0 rs=1 cs=1]
              RenderText {#text} at (2,2) size 30x19
                text run at (2,2) width 30: "Top"
            RenderTableCell {TD} at (38,46) size 118x60 [border: (1px solid #000000)] [r=0 c=1 rs=1 cs=1]
              RenderText {#text} at (2,2) size 114x56
                text run at (2,2) width 114: "Data"
            RenderTableCell {TD} at (158,95) size 63x23 [border: (1px solid #000000)] [r=0 c=2 rs=1 cs=1]
              RenderText {#text} at (2,2) size 59x19
                text run at (2,2) width 59: "Bottom"
            RenderTableCell {TD} at (223,76) size 42x23 [border: (1px solid #000000)] [r=0 c=3 rs=1 cs=1]
              RenderText {#text} at (2,2) size 38x19
                text run at (2,2) width 38: "Data"
            RenderTableCell {TD} at (267,2) size 234x116 [border: (1px solid #000000)] [r=0 c=4 rs=1 cs=1]
              RenderText {#text} at (2,2) size 230x112
                text run at (2,2) width 230: "Data"
            RenderTableCell {TD} at (503,48) size 56x23 [border: (1px solid #000000)] [r=0 c=5 rs=1 cs=1]
              RenderText {#text} at (2,2) size 52x19
                text run at (2,2) width 52: "Middle"
      RenderBlock {HR} at (0,5881) size 964x2 [border: (1px inset #000000)]
      RenderBlock {P} at (0,5899) size 964x35
        RenderInline {A} at (0,0) size 88x19 [color=#0000EE]
          RenderImage {IMG} at (0,0) size 88x31
      RenderBlock {P} at (0,5950) size 964x19
        RenderText {#text} at (0,0) size 71x19
          text run at (0,0) width 71: "(Back to "
        RenderInline {A} at (0,0) size 193x19 [color=#0000EE]
          RenderText {#text} at (71,0) size 193x19
            text run at (71,0) width 193: "CSS Testing Information"
        RenderText {#text} at (264,0) size 10x19
          text run at (264,0) width 10: ", "
        RenderInline {A} at (0,0) size 98x19 [color=#0000EE]
          RenderText {#text} at (274,0) size 98x19
            text run at (274,0) width 98: "David Baron"
        RenderText {#text} at (372,0) size 6x19
          text run at (372,0) width 6: ")"
      RenderBlock {P} at (0,5985) size 964x19
        RenderInline {A} at (0,0) size 32x19 [color=#0000EE]
          RenderText {#text} at (0,0) size 32x19
            text run at (0,0) width 32: "LDB"
        RenderText {#text} at (32,0) size 10x19
          text run at (32,0) width 10: ", "
        RenderInline {A} at (0,0) size 200x19 [color=#0000EE]
          RenderText {#text} at (42,0) size 200x19
            text run at (42,0) width 200: "dbaron@fas.harvard.edu"
