layer at (0,0) size 980x735
  RenderView at (0,0) size 980x735
layer at (0,0) size 980x735
  RenderBlock {HTML} at (0,0) size 980x735
    RenderBody {BODY} at (8,8) size 964x719
      RenderTable {TABLE} at (0,0) size 450x108 [border: (1px solid #000000)]
        RenderTableSection {TBODY} at (1,1) size 448x106
          RenderTableRow {TR} at (0,2) size 448x102
            RenderTableCell {TD} at (2,2) size 444x102 [r=0 c=0 rs=1 cs=1]
              RenderTable {TABLE} at (1,1) size 442x27 [border: (1px solid #FF0000)]
                RenderTableSection {TBODY} at (1,1) size 440x25
                  RenderTableRow {TR} at (0,2) size 440x21
                    RenderTableCell {TD} at (2,2) size 436x21 [r=0 c=0 rs=1 cs=1]
                      RenderText {#text} at (1,1) size 30x19
                        text run at (1,1) width 30: "test"
              RenderTable {TABLE} at (1,28) size 437x73 [border: (1px solid #000000)]
                RenderTableSection {TBODY} at (1,1) size 435x71
                  RenderTableRow {TR} at (0,2) size 435x67
                    RenderTableCell {TD} at (2,2) size 431x67 [r=0 c=0 rs=1 cs=1]
                      RenderTable {TABLE} at (1,1) size 379x65 [border: (1px solid #000000)]
                        RenderTableSection {TBODY} at (1,1) size 377x63
                          RenderTableRow {TR} at (0,2) size 377x59
                            RenderTableCell {TD} at (2,2) size 373x59 [r=0 c=0 rs=1 cs=1]
                              RenderImage {IMG} at (1,7) size 9x9
                              RenderText {#text} at (10,1) size 151x19
                                text run at (10,1) width 151: " Shop Till You Drop"
                              RenderBR {BR} at (161,16) size 0x0
                              RenderText {#text} at (1,20) size 326x19
                                text run at (1,20) width 326: "From Regina Lewis, AOL's Online Advisor"
                              RenderBR {BR} at (327,35) size 0x0
                              RenderImage {IMG} at (1,45) size 9x9
                              RenderText {#text} at (10,39) size 362x19
                                text run at (10,39) width 362: " Forget Dates? Don't Worry We'll Remind You"
                              RenderBR {BR} at (372,54) size 0x0
