layer at (0,0) size 980x735
  RenderView at (0,0) size 980x735
layer at (0,0) size 980x735
  RenderBlock {HTML} at (0,0) size 980x735
    RenderBody {BODY} at (8,8) size 964x719
      RenderTable {TABLE} at (363,2) size 599x47 [bgcolor=#000000] [border: (5px outset #808080)]
        RenderTableSection {TBODY} at (5,5) size 589x37
          RenderTableRow {TR} at (0,0) size 589x37
            RenderTableCell {TD} at (0,0) size 589x37 [border: (1px inset #808080)] [r=0 c=0 rs=1 cs=1]
              RenderTable {TABLE} at (2,2) size 585x33 [border: (5px outset #808080)]
                RenderTableSection {TBODY} at (5,5) size 575x23
                  RenderTableRow {TR} at (0,0) size 575x23
                    RenderTableCell {TD} at (0,0) size 575x23 [bgcolor=#FFFFCC] [border: (1px inset #808080)] [r=0 c=0 rs=1 cs=1]
                      RenderText {#text} at (2,2) size 571x19
                        text run at (2,2) width 571: "xxxxxxxxxxxxxxxxxxxxxxxxxxxxxxxxxxxxxxxxxxxxxxxxxxxxxxxxxxxxxxQ"
