layer at (0,0) size 980x735
  RenderView at (0,0) size 980x735
layer at (0,0) size 980x735
  RenderBlock {HTML} at (0,0) size 980x735
    RenderBody {BODY} at (8,8) size 964x719
      RenderTable {TABLE} at (0,0) size 964x96 [border: (1px outset #808080)]
        RenderTableSection {TBODY} at (1,1) size 962x94
          RenderTableRow {TR} at (0,2) size 962x90
            RenderTableCell {TD} at (2,2) size 760x90 [border: (1px inset #808080)] [r=0 c=0 rs=1 cs=1]
              RenderBlock (anonymous) at (2,2) size 756x19
                RenderText {#text} at (0,0) size 335x19
                  text run at (0,0) width 335: "some normal text before the nested table"
              RenderTable {TABLE} at (52,21) size 680x48 [border: (1px outset #808080)]
                RenderTableSection {TBODY} at (1,1) size 678x46
                  RenderTableRow {TR} at (0,2) size 678x42
                    RenderTableCell {TD} at (2,2) size 223x42 [border: (1px inset #808080)] [r=0 c=0 rs=1 cs=1]
                      RenderText {#text} at (2,2) size 201x38
                        text run at (2,2) width 201: "selection of words to pad"
                        text run at (2,21) width 72: "table cell"
                    RenderTableCell {TD} at (227,2) size 223x42 [border: (1px inset #808080)] [r=0 c=1 rs=1 cs=1]
                      RenderText {#text} at (2,2) size 201x38
                        text run at (2,2) width 201: "selection of words to pad"
                        text run at (2,21) width 72: "table cell"
                    RenderTableCell {TD} at (452,2) size 224x42 [border: (1px inset #808080)] [r=0 c=2 rs=1 cs=1]
                      RenderText {#text} at (2,2) size 201x38
                        text run at (2,2) width 201: "selection of words to pad"
                        text run at (2,21) width 72: "table cell"
              RenderBlock (anonymous) at (2,69) size 756x19
                RenderText {#text} at (0,0) size 321x19
                  text run at (0,0) width 321: "some normal text after the nested table"
            RenderTableCell {TD} at (764,26) size 196x42 [border: (1px inset #808080)] [r=0 c=1 rs=1 cs=1]
              RenderText {#text} at (2,2) size 188x38
                text run at (2,2) width 188: "contents of table cell to"
                text run at (2,21) width 37: "right"
      RenderTable {TABLE} at (0,96) size 964x96 [border: (1px outset #808080)]
        RenderTableSection {TBODY} at (1,1) size 962x94
          RenderTableRow {TR} at (0,2) size 962x90
            RenderTableCell {TD} at (2,2) size 760x90 [border: (1px inset #808080)] [r=0 c=0 rs=1 cs=1]
              RenderBlock (anonymous) at (2,2) size 756x19
                RenderText {#text} at (0,0) size 335x19
                  text run at (0,0) width 335: "some normal text before the nested table"
              RenderTable {TABLE} at (52,21) size 706x48 [border: (1px outset #808080)]
                RenderTableSection {TBODY} at (1,1) size 704x46
                  RenderTableRow {TR} at (0,2) size 704x42
                    RenderTableCell {TD} at (2,2) size 232x42 [border: (1px inset #808080)] [r=0 c=0 rs=1 cs=1]
                      RenderText {#text} at (2,2) size 201x38
                        text run at (2,2) width 201: "selection of words to pad"
                        text run at (2,21) width 72: "table cell"
                    RenderTableCell {TD} at (236,2) size 232x42 [border: (1px inset #808080)] [r=0 c=1 rs=1 cs=1]
                      RenderText {#text} at (2,2) size 201x38
                        text run at (2,2) width 201: "selection of words to pad"
                        text run at (2,21) width 72: "table cell"
                    RenderTableCell {TD} at (470,2) size 232x42 [border: (1px inset #808080)] [r=0 c=2 rs=1 cs=1]
                      RenderText {#text} at (2,2) size 201x38
                        text run at (2,2) width 201: "selection of words to pad"
                        text run at (2,21) width 72: "table cell"
              RenderBlock (anonymous) at (2,69) size 756x19
                RenderText {#text} at (0,0) size 321x19
                  text run at (0,0) width 321: "some normal text after the nested table"
            RenderTableCell {TD} at (764,26) size 196x42 [border: (1px inset #808080)] [r=0 c=1 rs=1 cs=1]
              RenderText {#text} at (2,2) size 188x38
                text run at (2,2) width 188: "contents of table cell to"
                text run at (2,21) width 37: "right"
      RenderTable {TABLE} at (0,192) size 964x124 [border: (1px outset #808080)]
        RenderTableSection {TBODY} at (1,1) size 962x122
          RenderTableRow {TR} at (0,2) size 962x118
            RenderTableCell {TD} at (2,2) size 765x118 [border: (1px inset #808080)] [r=0 c=0 rs=1 cs=1]
              RenderBlock (anonymous) at (2,2) size 761x19
                RenderText {#text} at (0,0) size 335x19
                  text run at (0,0) width 335: "some normal text before the nested table"
              RenderTable {TABLE} at (52,21) size 711x76 [border: (10px solid #000000)]
                RenderTableSection {TBODY} at (15,15) size 681x46
                  RenderTableRow {TR} at (0,2) size 681x42
                    RenderTableCell {TD} at (2,2) size 224x42 [border: (1px inset #000000)] [r=0 c=0 rs=1 cs=1]
                      RenderText {#text} at (2,2) size 201x38
                        text run at (2,2) width 201: "selection of words to pad"
                        text run at (2,21) width 72: "table cell"
                    RenderTableCell {TD} at (228,2) size 224x42 [border: (1px inset #000000)] [r=0 c=1 rs=1 cs=1]
                      RenderText {#text} at (2,2) size 201x38
                        text run at (2,2) width 201: "selection of words to pad"
                        text run at (2,21) width 72: "table cell"
                    RenderTableCell {TD} at (454,2) size 225x42 [border: (1px inset #000000)] [r=0 c=2 rs=1 cs=1]
                      RenderText {#text} at (2,2) size 201x38
                        text run at (2,2) width 201: "selection of words to pad"
                        text run at (2,21) width 72: "table cell"
              RenderBlock (anonymous) at (2,97) size 761x19
                RenderText {#text} at (0,0) size 321x19
                  text run at (0,0) width 321: "some normal text after the nested table"
            RenderTableCell {TD} at (769,40) size 191x42 [border: (1px inset #808080)] [r=0 c=1 rs=1 cs=1]
              RenderText {#text} at (2,2) size 167x38
                text run at (2,2) width 167: "contents of table cell"
                text run at (2,21) width 58: "to right"
