layer at (0,0) size 980x912
  RenderView at (0,0) size 980x735
layer at (0,0) size 980x912
  RenderBlock {HTML} at (0,0) size 980x912
    RenderBody {BODY} at (8,8) size 964x896
      RenderBlock {P} at (0,0) size 964x19
        RenderText {#text} at (0,0) size 327x19
          text run at (0,0) width 327: "TABLE 1 - without 'height' style on TABLE"
      RenderTable {TABLE} at (0,35) size 68x81 [border: (3px solid #000000)]
        RenderTableSection {THEAD} at (3,3) size 62x25
          RenderTableRow {TR} at (0,2) size 62x21
            RenderTableCell {TD} at (2,2) size 58x21 [r=0 c=0 rs=1 cs=1]
              RenderText {#text} at (1,1) size 55x19
                text run at (1,1) width 55: "THEAD"
        RenderTableSection {TFOOT} at (3,53) size 62x25
          RenderTableRow {TR} at (0,2) size 62x21
            RenderTableCell {TD} at (2,2) size 58x21 [r=0 c=0 rs=1 cs=1]
              RenderText {#text} at (1,1) size 55x19
                text run at (1,1) width 55: "TFOOT"
        RenderTableSection {TBODY} at (3,28) size 62x25
          RenderTableRow {TR} at (0,2) size 62x21
            RenderTableCell {TD} at (2,2) size 58x21 [r=0 c=0 rs=1 cs=1]
              RenderText {#text} at (1,1) size 56x19
                text run at (1,1) width 56: "TBODY"
      RenderBlock {HR} at (0,124) size 964x2 [border: (1px inset #000000)]
      RenderBlock {P} at (0,142) size 964x19
        RenderText {#text} at (0,0) size 301x19
          text run at (0,0) width 301: "TABLE 2 - with 'height' style on TABLE"
      RenderTable {TABLE} at (0,177) size 68x719 [border: (3px solid #000000)]
        RenderTableSection {THEAD} at (3,3) size 62x25
          RenderTableRow {TR} at (0,2) size 62x21
            RenderTableCell {TD} at (2,2) size 58x21 [r=0 c=0 rs=1 cs=1]
              RenderText {#text} at (1,1) size 55x19
                text run at (1,1) width 55: "THEAD"
        RenderTableSection {TFOOT} at (3,691) size 62x25
          RenderTableRow {TR} at (0,2) size 62x21
            RenderTableCell {TD} at (2,2) size 58x21 [r=0 c=0 rs=1 cs=1]
              RenderText {#text} at (1,1) size 55x19
                text run at (1,1) width 55: "TFOOT"
        RenderTableSection {TBODY} at (3,28) size 62x663
          RenderTableRow {TR} at (0,2) size 62x659
            RenderTableCell {TD} at (2,321) size 58x21 [r=0 c=0 rs=1 cs=1]
              RenderText {#text} at (1,1) size 56x19
                text run at (1,1) width 56: "TBODY"
