layer at (0,0) size 980x735
  RenderView at (0,0) size 980x735
layer at (0,0) size 980x735
  RenderBlock {HTML} at (0,0) size 980x735
    RenderBody {BODY} at (8,8) size 964x719
      RenderTable {TABLE} at (0,0) size 105x31 [border: (2px outset #808080)]
        RenderTableSection {TBODY} at (2,2) size 101x27
          RenderTableRow {TR} at (0,2) size 101x23
            RenderTableCell {TD} at (2,2) size 97x23 [border: (1px inset #808080)] [r=0 c=0 rs=1 cs=1]
              RenderText {#text} at (2,2) size 93x19
                text run at (2,2) width 93: "Testing 123"
