layer at (0,0) size 980x1104
  RenderView at (0,0) size 980x735
layer at (0,0) size 980x1104
  RenderBlock {HTML} at (0,0) size 980x1104
    RenderBody {BODY} at (8,8) size 964x1088
      RenderBlock {P} at (0,0) size 964x38
        RenderText {#text} at (0,0) size 941x38
          text run at (0,0) width 480: "The table below should have the same width as the red DIV "
          text run at (480,0) width 461: "below this paragraph. The inner image should just fit. The"
          text run at (0,19) width 55: "image "
        RenderInline {EM} at (0,0) size 83x19
          RenderText {#text} at (55,19) size 83x19
            text run at (55,19) width 83: "should not"
        RenderText {#text} at (138,19) size 171x19
          text run at (138,19) width 171: " overrun the borders."
      RenderBlock {DIV} at (0,54) size 610x2 [border: (1px solid #FF0000)]
      RenderTable {TABLE} at (0,72) size 608x385 [border: (1px dotted #000080)]
        RenderTableSection {TBODY} at (1,1) size 606x383
          RenderTableRow {TR} at (0,2) size 606x23
            RenderTableCell {TD} at (2,2) size 149x23 [border: (1px solid #008000)] [r=0 c=0 rs=1 cs=1]
              RenderText {#text} at (2,2) size 10x19
                text run at (2,2) width 10: "a"
            RenderTableCell {TD} at (153,2) size 149x23 [border: (1px solid #008000)] [r=0 c=1 rs=1 cs=1]
              RenderText {#text} at (2,2) size 10x19
                text run at (2,2) width 10: "b"
            RenderTableCell {TD} at (304,2) size 149x23 [border: (1px solid #008000)] [r=0 c=2 rs=1 cs=1]
              RenderText {#text} at (2,2) size 9x19
                text run at (2,2) width 9: "c"
            RenderTableCell {TD} at (455,2) size 149x23 [border: (1px solid #008000)] [r=0 c=3 rs=1 cs=1]
              RenderText {#text} at (2,2) size 10x19
                text run at (2,2) width 10: "d"
          RenderTableRow {TR} at (0,27) size 606x23
            RenderTableCell {TD} at (2,27) size 300x23 [border: (1px solid #008000)] [r=1 c=0 rs=1 cs=2]
              RenderText {#text} at (2,2) size 30x19
                text run at (2,2) width 30: "eee"
            RenderTableCell {TD} at (304,27) size 300x23 [border: (1px solid #008000)] [r=1 c=2 rs=1 cs=2]
              RenderText {#text} at (2,2) size 6x19
                text run at (2,2) width 6: "f"
          RenderTableRow {TR} at (0,52) size 606x329
            RenderTableCell {TD} at (2,52) size 602x329 [border: (1px solid #008000)] [r=2 c=0 rs=1 cs=4]
              RenderImage {IMG} at (2,2) size 593x325
              RenderText {#text} at (0,0) size 0x0
      RenderBlock {DIV} at (0,473) size 610x2 [border: (1px solid #FF0000)]
      RenderBlock {P} at (0,491) size 964x19
        RenderText {#text} at (0,0) size 499x19
          text run at (0,0) width 499: "Mozilla makes the table way too small for no apparent reason."
      RenderBlock {P} at (0,526) size 964x19
        RenderText {#text} at (0,0) size 317x19
          text run at (0,0) width 317: "Here is the same table, one pixel wider:"
      RenderTable {TABLE} at (0,561) size 609x385 [border: (1px dotted #000080)]
        RenderTableSection {TBODY} at (1,1) size 607x383
          RenderTableRow {TR} at (0,2) size 607x23
            RenderTableCell {TD} at (2,2) size 150x23 [border: (1px solid #008000)] [r=0 c=0 rs=1 cs=1]
              RenderText {#text} at (2,2) size 10x19
                text run at (2,2) width 10: "a"
            RenderTableCell {TD} at (154,2) size 149x23 [border: (1px solid #008000)] [r=0 c=1 rs=1 cs=1]
              RenderText {#text} at (2,2) size 10x19
                text run at (2,2) width 10: "b"
            RenderTableCell {TD} at (305,2) size 149x23 [border: (1px solid #008000)] [r=0 c=2 rs=1 cs=1]
              RenderText {#text} at (2,2) size 9x19
                text run at (2,2) width 9: "c"
            RenderTableCell {TD} at (456,2) size 149x23 [border: (1px solid #008000)] [r=0 c=3 rs=1 cs=1]
              RenderText {#text} at (2,2) size 10x19
                text run at (2,2) width 10: "d"
          RenderTableRow {TR} at (0,27) size 607x23
            RenderTableCell {TD} at (2,27) size 301x23 [border: (1px solid #008000)] [r=1 c=0 rs=1 cs=2]
              RenderText {#text} at (2,2) size 30x19
                text run at (2,2) width 30: "eee"
            RenderTableCell {TD} at (305,27) size 300x23 [border: (1px solid #008000)] [r=1 c=2 rs=1 cs=2]
              RenderText {#text} at (2,2) size 6x19
                text run at (2,2) width 6: "f"
          RenderTableRow {TR} at (0,52) size 607x329
            RenderTableCell {TD} at (2,52) size 603x329 [border: (1px solid #008000)] [r=2 c=0 rs=1 cs=4]
              RenderImage {IMG} at (2,2) size 593x325
              RenderText {#text} at (0,0) size 0x0
      RenderBlock {P} at (0,962) size 964x38
        RenderText {#text} at (0,0) size 931x38
          text run at (0,0) width 688: "Observations: Fiddle about with the content of the \"eee\" cell and everything changes. "
          text run at (688,0) width 243: "Remove any of the three rows"
          text run at (0,19) width 459: "and things change. Remove any of the four columns and "
          text run at (459,19) width 431: "things change. Remove the image and things change."
      RenderBlock {P} at (0,1016) size 964x19
        RenderText {#text} at (0,0) size 762x19
          text run at (0,0) width 635: "(Note: If the image has disappeared from the server, replace it with any 593px "
          text run at (635,0) width 127: "image you like.)"
      RenderBlock {P} at (0,1051) size 964x19
        RenderText {#text} at (0,0) size 72x19
          text run at (0,0) width 72: "See also "
        RenderInline {A} at (0,0) size 124x19 [color=#0000EE]
          RenderText {#text} at (72,0) size 124x19
            text run at (72,0) width 124: "tablewidth.html"
        RenderText {#text} at (196,0) size 5x19
          text run at (196,0) width 5: "."
      RenderBlock {HR} at (0,1086) size 964x2 [border: (1px inset #000000)]
