layer at (0,0) size 980x735
  RenderView at (0,0) size 980x735
layer at (0,0) size 980x203
  RenderBlock {HTML} at (0,0) size 980x203
    RenderBody {BODY} at (8,8) size 964x187
      RenderBlock (anonymous) at (0,0) size 964x19
        RenderText {#text} at (0,0) size 257x19
          text run at (0,0) width 257: "Both tables should look identical"
      RenderTable {TABLE} at (0,19) size 200x84 [border: (1px outset #808080)]
        RenderBlock {CAPTION} at (0,0) size 200x37
          RenderText {#text} at (40,0) size 120x38
            text run at (40,0) width 120: "caption"
        RenderTableSection {TBODY} at (1,38) size 198x45
          RenderTableRow {TR} at (0,2) size 198x41
            RenderTableCell {TD} at (2,2) size 194x41 [border: (1px inset #808080)] [r=0 c=0 rs=1 cs=1]
              RenderText {#text} at (2,2) size 76x38
                text run at (2,2) width 76: "cell1"
      RenderTable {TABLE} at (0,103) size 200x84 [border: (1px outset #808080)]
        RenderBlock {CAPTION} at (0,0) size 200x37
          RenderText {#text} at (40,0) size 120x38
            text run at (40,0) width 120: "caption"
        RenderTableSection {TBODY} at (1,38) size 198x45
          RenderTableRow {TR} at (0,2) size 198x41
            RenderTableCell {TD} at (2,2) size 194x41 [border: (1px inset #808080)] [r=0 c=0 rs=1 cs=1]
              RenderText {#text} at (2,2) size 76x38
                text run at (2,2) width 76: "cell1"
