layer at (0,0) size 980x735
  RenderView at (0,0) size 980x735
layer at (0,0) size 980x735
  RenderBlock {HTML} at (0,0) size 980x735
    RenderBody {BODY} at (8,8) size 964x719
      RenderBlock (anonymous) at (0,0) size 964x19
        RenderText {#text} at (0,0) size 5x19
          text run at (0,0) width 5: " "
      RenderTable {TABLE} at (0,19) size 286x85 [border: (1px outset #808080)]
        RenderTableSection {TBODY} at (1,1) size 284x83
          RenderTableRow {TR} at (0,2) size 284x25
            RenderTableCell {TD} at (2,2) size 16x25 [border: (1px inset #808080)] [r=0 c=0 rs=1 cs=1]
              RenderText {#text} at (3,3) size 10x19
                text run at (3,3) width 10: "1"
            RenderTableCell {TD} at (20,15) size 170x25 [border: (1px inset #808080)] [r=0 c=1 rs=2 cs=2]
              RenderText {#text} at (3,3) size 164x19
                text run at (3,3) width 164: "colspan 2 rowspan 2"
            RenderTableCell {TD} at (192,2) size 26x25 [border: (1px inset #808080)] [r=0 c=3 rs=1 cs=1]
              RenderText {#text} at (3,3) size 10x19
                text run at (3,3) width 10: "3"
          RenderTableRow {TR} at (0,29) size 284x25
            RenderTableCell {TD} at (2,29) size 16x25 [border: (1px inset #808080)] [r=1 c=0 rs=1 cs=1]
              RenderText {#text} at (3,3) size 10x19
                text run at (3,3) width 10: "4"
            RenderTableCell {TD} at (192,29) size 26x25 [border: (1px inset #808080)] [r=1 c=3 rs=1 cs=1]
              RenderText {#text} at (3,3) size 10x19
                text run at (3,3) width 10: "5"
            RenderTableCell {TD} at (220,29) size 26x25 [border: (1px inset #808080)] [r=1 c=4 rs=1 cs=1]
              RenderText {#text} at (3,3) size 10x19
                text run at (3,3) width 10: "6"
            RenderTableCell {TD} at (248,29) size 16x25 [border: (1px inset #808080)] [r=1 c=5 rs=1 cs=1]
              RenderText {#text} at (3,3) size 10x19
                text run at (3,3) width 10: "7"
            RenderTableCell {TD} at (266,29) size 16x25 [border: (1px inset #808080)] [r=1 c=6 rs=1 cs=1]
              RenderText {#text} at (3,3) size 10x19
                text run at (3,3) width 10: "8"
          RenderTableRow {TR} at (0,56) size 284x25
            RenderTableCell {TD} at (2,56) size 16x25 [border: (1px inset #808080)] [r=2 c=0 rs=1 cs=1]
              RenderText {#text} at (3,3) size 10x19
                text run at (3,3) width 10: "9"
            RenderTableCell {TD} at (20,56) size 84x25 [border: (1px inset #808080)] [r=2 c=1 rs=1 cs=1]
              RenderText {#text} at (3,3) size 20x19
                text run at (3,3) width 20: "10"
            RenderTableCell {TD} at (106,56) size 84x25 [border: (1px inset #808080)] [r=2 c=2 rs=1 cs=1]
              RenderText {#text} at (3,3) size 20x19
                text run at (3,3) width 20: "11"
            RenderTableCell {TD} at (192,56) size 26x25 [border: (1px inset #808080)] [r=2 c=3 rs=1 cs=1]
              RenderText {#text} at (3,3) size 20x19
                text run at (3,3) width 20: "12"
            RenderTableCell {TD} at (220,56) size 26x25 [border: (1px inset #808080)] [r=2 c=4 rs=1 cs=1]
              RenderText {#text} at (3,3) size 20x19
                text run at (3,3) width 20: "13"
