layer at (0,0) size 980x735
  RenderView at (0,0) size 980x735
layer at (0,0) size 980x139
  RenderBlock {html} at (0,0) size 980x139
    RenderBody {body} at (8,16) size 964x115
      RenderBlock {p} at (0,0) size 964x19
        RenderText {#text} at (0,0) size 422x19
          text run at (0,0) width 422: "There should be a green block under this paragraph."
      RenderTable {table} at (0,35) size 80x80 [bgcolor=#008000]
