layer at (0,0) size 980x735
  RenderView at (0,0) size 980x735
layer at (0,0) size 980x735
  RenderBlock {HTML} at (0,0) size 980x735
    RenderBody {BODY} at (8,8) size 964x719 [bgcolor=#68A8E8]
      RenderBlock {DIV} at (0,0) size 964x27 [bgcolor=#D0D0D0]
        RenderText {#text} at (396,0) size 172x26
          text run at (396,0) width 172: "Font Size:6mm"
      RenderTable {TABLE} at (0,27) size 964x132 [bgcolor=#008000]
        RenderTableSection {TBODY} at (0,0) size 964x132
          RenderTableRow {TR} at (0,2) size 964x128
            RenderTableCell {TD} at (2,2) size 479x128 [r=0 c=0 rs=1 cs=1]
              RenderBlock {DIV} at (1,1) size 477x27 [bgcolor=#D0D0D0]
                RenderText {#text} at (111,0) size 255x26
                  text run at (111,0) width 255: "Table height at 24mm"
              RenderTable {TABLE} at (1,28) size 477x99
                RenderTableSection {THEAD} at (0,0) size 477x33 [bgcolor=#FF0000]
                  RenderTableRow {TR} at (0,2) size 477x29
                    RenderTableCell {TD} at (2,2) size 473x29 [r=0 c=0 rs=1 cs=1]
                      RenderText {#text} at (192,1) size 89x26
                        text run at (192,1) width 89: "THEAD"
                RenderTableSection {TFOOT} at (0,66) size 477x33 [bgcolor=#0000FF]
                  RenderTableRow {TR} at (0,2) size 477x29
                    RenderTableCell {TD} at (2,2) size 473x29 [r=0 c=0 rs=1 cs=1]
                      RenderText {#text} at (198,1) size 77x26
                        text run at (198,1) width 77: "TFOOT"
                RenderTableSection {TBODY} at (0,33) size 477x33 [bgcolor=#FFFF00]
                  RenderTableRow {TR} at (0,2) size 477x29
                    RenderTableCell {TD} at (2,2) size 473x29 [r=0 c=0 rs=1 cs=1]
                      RenderText {#text} at (196,1) size 81x26
                        text run at (196,1) width 81: "TBODY"
            RenderTableCell {TD} at (483,2) size 479x128 [r=0 c=1 rs=1 cs=1]
              RenderBlock {DIV} at (1,1) size 477x27 [bgcolor=#D0D0D0]
                RenderText {#text} at (111,0) size 255x26
                  text run at (111,0) width 255: "Table height at 25mm"
              RenderTable {TABLE} at (1,28) size 477x99
                RenderTableSection {THEAD} at (0,0) size 477x33 [bgcolor=#FF0000]
                  RenderTableRow {TR} at (0,2) size 477x29
                    RenderTableCell {TD} at (2,2) size 473x29 [r=0 c=0 rs=1 cs=1]
                      RenderText {#text} at (192,1) size 89x26
                        text run at (192,1) width 89: "THEAD"
                RenderTableSection {TFOOT} at (0,66) size 477x33 [bgcolor=#0000FF]
                  RenderTableRow {TR} at (0,2) size 477x29
                    RenderTableCell {TD} at (2,2) size 473x29 [r=0 c=0 rs=1 cs=1]
                      RenderText {#text} at (198,1) size 77x26
                        text run at (198,1) width 77: "TFOOT"
                RenderTableSection {TBODY} at (0,33) size 477x33 [bgcolor=#FFFF00]
                  RenderTableRow {TR} at (0,2) size 477x29
                    RenderTableCell {TD} at (2,2) size 473x29 [r=0 c=0 rs=1 cs=1]
                      RenderText {#text} at (196,1) size 81x26
                        text run at (196,1) width 81: "TBODY"
