layer at (0,0) size 980x735
  RenderView at (0,0) size 980x735
layer at (0,0) size 980x735
  RenderBlock {HTML} at (0,0) size 980x735
    RenderBody {BODY} at (8,8) size 964x719
      RenderTable {TABLE} at (0,0) size 964x77 [border: (1px outset #808080)]
        RenderTableSection {TBODY} at (1,1) size 962x75
          RenderTableRow {TR} at (0,2) size 962x71
            RenderTableCell {TD} at (2,2) size 341x71 [border: (1px inset #808080)] [r=0 c=0 rs=1 cs=1]
              RenderTable {TABLE} at (2,2) size 337x67 [border: (1px outset #808080)]
                RenderTableSection {TBODY} at (1,1) size 335x65
                  RenderTableRow {TR} at (0,2) size 335x61
                    RenderTableCell {TD} at (2,2) size 331x61 [border: (1px inset #808080)] [r=0 c=0 rs=1 cs=1]
                      RenderText {#text} at (2,2) size 315x57
                        text run at (2,2) width 315: "yyy yyy yyy yyy yyy yyy yyy yyy yyy yyy"
                        text run at (2,21) width 315: "yyy yyy yyy yyy yyy yyy yyy yyy yyy yyy"
                        text run at (2,40) width 27: "yyy"
            RenderTableCell {TD} at (345,16) size 615x42 [border: (1px inset #808080)] [r=0 c=1 rs=1 cs=1]
              RenderText {#text} at (2,2) size 607x38
                text run at (2,2) width 607: "text text text text text text text text text text text text text text text text text"
                text run at (2,21) width 607: "text text text text text text text text text text text text text text text text text"
