layer at (0,0) size 980x735
  RenderView at (0,0) size 980x735
layer at (0,0) size 980x735
  RenderBlock {HTML} at (0,0) size 980x735
    RenderBody {BODY} at (8,8) size 964x719
      RenderTable {TABLE} at (282,0) size 400x55 [border: (1px outset #808080)]
        RenderTableSection {TBODY} at (1,1) size 398x53
          RenderTableRow {TR} at (0,2) size 398x49
            RenderTableCell {TD} at (2,2) size 394x49 [border: (1px inset #808080)] [r=0 c=0 rs=1 cs=1]
              RenderBlock {FORM} at (2,2) size 390x29
                RenderMenuList {SELECT} at (2,2) size 56x25 [bgcolor=#FFFFFF]
                  RenderBlock (anonymous) at (6,5) size 28x15
                    RenderText at (0,0) size 28x15
                      text run at (0,0) width 28: "Test"
                RenderText {#text} at (0,0) size 0x0
