layer at (0,0) size 980x735
  RenderView at (0,0) size 980x735
layer at (0,0) size 980x735
  RenderBlock {HTML} at (0,0) size 980x735
    RenderBody {BODY} at (8,8) size 964x719 [bgcolor=#FFFFFF]
      RenderBlock {P} at (0,0) size 964x38
        RenderInline {B} at (0,0) size 573x38
          RenderText {#text} at (0,0) size 213x19
            text run at (0,0) width 213: "Testcase distilled from "
          RenderInline {A} at (0,0) size 360x19 [color=#0000EE]
            RenderText {#text} at (213,0) size 360x19
              text run at (213,0) width 360: "http://www.linuxplanet.com/linuxplanet/"
          RenderBR {BR} at (573,15) size 0x0
          RenderText {#text} at (0,19) size 197x19
            text run at (0,19) width 197: "First cell is coded as: "
        RenderInline {CODE} at (0,0) size 301x15
          RenderText {#text} at (197,22) size 301x15
            text run at (197,22) width 301: "<TD><form>Weekly Poll<P></form></TD>"
      RenderTable {TABLE} at (0,54) size 964x54
        RenderTableSection {TBODY} at (0,0) size 964x54
          RenderTableRow {TR} at (0,0) size 964x54
            RenderTableCell {TD} at (0,0) size 58x54 [r=0 c=0 rs=1 cs=1]
              RenderBlock {FORM} at (0,0) size 58x38
                RenderBlock (anonymous) at (0,0) size 58x38
                  RenderText {#text} at (0,0) size 58x38
                    text run at (0,0) width 58: "Weekly"
                    text run at (0,19) width 28: "Poll"
                RenderBlock {P} at (0,54) size 58x0
            RenderTableCell {TD} at (58,2) size 1x50 [r=0 c=1 rs=1 cs=1]
              RenderImage {IMG} at (0,0) size 1x50
            RenderTableCell {TD} at (59,17) size 905x19 [r=0 c=2 rs=1 cs=1]
              RenderBR {BR} at (0,0) size 0x19
