layer at (0,0) size 980x735
  RenderView at (0,0) size 980x735
layer at (0,0) size 980x735
  RenderBlock {HTML} at (0,0) size 980x735
    RenderBody {BODY} at (8,8) size 964x719
      RenderBlock {CENTER} at (0,0) size 964x209
        RenderTable {TABLE} at (165,0) size 633x209 [border: (1px solid #FF0000)]
          RenderTableSection {TBODY} at (1,1) size 630x206
            RenderTableRow {TR} at (0,0) size 630x23
              RenderTableCell {TD} at (0,0) size 630x23 [border: (2px solid #FF0000)] [r=0 c=0 rs=1 cs=2]
                RenderText {#text} at (3,3) size 229x19
                  text run at (3,3) width 229: "parent table, 1st row, 1st col"
            RenderTableRow {TR} at (0,23) size 630x183
              RenderTableCell {TD} at (0,23) size 145x183 [border: (1px solid #FF0000)] [r=1 c=0 rs=1 cs=1]
                RenderBlock {FORM} at (3,2) size 141x163
                  RenderTable {TABLE} at (0,0) size 141x163 [border: (1px solid #00FF00)]
                    RenderTableSection {TBODY} at (1,1) size 138x160
                      RenderTableRow {TR} at (0,0) size 138x23
                        RenderTableCell {TD} at (0,0) size 138x23 [border: (2px solid #00FF00)] [r=0 c=0 rs=1 cs=1]
                          RenderText {#text} at (3,3) size 31x19
                            text run at (3,3) width 31: "text"
                      RenderTableRow {TR} at (0,23) size 138x40
                        RenderTableCell {TD} at (0,23) size 138x40 [border: (1px solid #00FF00)] [r=1 c=0 rs=1 cs=1]
                          RenderTable {TABLE} at (3,2) size 133x37 [border: (1px solid #FFFF00)]
                            RenderTableSection {TBODY} at (1,1) size 130x34
                              RenderTableRow {TR} at (0,0) size 130x34
                                RenderTableCell {TD} at (0,0) size 107x34 [border: (2px solid #FFFF00)] [r=0 c=0 rs=1 cs=1]
                                  RenderTextControl {INPUT} at (5,5) size 99x25 [bgcolor=#FFFFFF]
                                  RenderText {#text} at (0,0) size 0x0
                                RenderTableCell {TD} at (107,1) size 23x31 [border: (2px solid #FFFF00)] [r=0 c=1 rs=1 cs=1]
                                  RenderImage {INPUT} at (2,7) size 19x18
                                  RenderText {#text} at (0,0) size 0x0
                      RenderTableRow {TR} at (0,63) size 138x22
                        RenderTableCell {TD} at (0,63) size 138x22 [border: (1px solid #00FF00)] [r=2 c=0 rs=1 cs=1]
                          RenderText {#text} at (3,2) size 31x19
                            text run at (3,2) width 31: "text"
                      RenderTableRow {TR} at (0,85) size 138x52
                        RenderTableCell {TD} at (0,85) size 138x52 [border: (1px solid #00FF00)] [r=3 c=0 rs=1 cs=1]
                          RenderBlock (anonymous) at (3,2) size 133x0
                            RenderInline {FONT} at (0,0) size 0x0
                          RenderTable {TABLE} at (3,2) size 131x49 [border: (1px solid #FF00FF)]
                            RenderTableSection {TBODY} at (1,1) size 128x46
                              RenderTableRow {TR} at (0,0) size 128x23
                                RenderTableCell {TD} at (0,0) size 128x23 [border: (2px solid #FF00FF)] [r=0 c=0 rs=1 cs=1]
                                  RenderText {#text} at (3,3) size 67x19
                                    text run at (3,3) width 67: "problem"
                              RenderTableRow {TR} at (0,23) size 128x23
                                RenderTableCell {TD} at (0,23) size 128x23 [border: (1px solid #FF00FF)] [r=1 c=0 rs=1 cs=1]
                                  RenderText {#text} at (3,2) size 67x19
                                    text run at (3,2) width 67: "problem"
                      RenderTableRow {TR} at (0,137) size 138x23
                        RenderTableCell {TD} at (0,137) size 138x23 [border: (1px solid #00FF00)] [r=4 c=0 rs=1 cs=1]
                          RenderText {#text} at (3,2) size 31x19
                            text run at (3,2) width 31: "text"
              RenderTableCell {TD} at (145,23) size 485x31 [border: (1px solid #FF0000)] [r=1 c=1 rs=1 cs=1]
                RenderTable {TABLE} at (2,2) size 481x27 [border: (1px solid #0000FF)]
                  RenderTableSection {TBODY} at (1,1) size 478x24
                    RenderTableRow {TR} at (0,0) size 478x24
                      RenderTableCell {TD} at (0,0) size 478x24 [border: (2px solid #0000FF)] [r=0 c=0 rs=1 cs=1]
                        RenderText {#text} at (3,3) size 60x19
                          text run at (3,3) width 60: "overlap"
layer at (191,72) size 92x15
  RenderBlock {DIV} at (4,6) size 92x15
