layer at (0,0) size 980x735
  RenderView at (0,0) size 980x735
layer at (0,0) size 980x735
  RenderBlock {HTML} at (0,0) size 980x735
    RenderBody {BODY} at (8,8) size 964x719
      RenderBlock (anonymous) at (0,0) size 964x0
        RenderInline {B} at (0,0) size 0x0
          RenderText {#text} at (0,0) size 0x0
          RenderText {#text} at (0,0) size 0x0
      RenderTable {TABLE} at (0,0) size 271x91 [border: (1px outset #808080)]
        RenderTableSection {TBODY} at (1,1) size 269x89
          RenderTableRow {TR} at (0,5) size 269x23
            RenderTableCell {TD} at (5,5) size 146x23 [border: (1px inset #808080)] [r=0 c=0 rs=1 cs=1]
              RenderText {#text} at (2,2) size 142x19
                text run at (2,2) width 142: "Click name to see"
            RenderTableCell {TD} at (156,19) size 108x23 [bgcolor=#00FF00] [border: (1px inset #808080)] [r=0 c=1 rs=2 cs=1]
              RenderText {#text} at (2,2) size 104x19
                text run at (2,2) width 104: "Mac Clbr Opt"
          RenderTableRow {TR} at (0,33) size 269x23
            RenderTableCell {TD} at (5,33) size 146x23 [border: (1px inset #808080)] [r=1 c=0 rs=1 cs=1]
              RenderText {#text} at (2,2) size 45x19
                text run at (2,2) width 45: "Guilty"
          RenderTableRow {TR} at (0,61) size 269x23
            RenderTableCell {TD} at (5,61) size 146x23 [border: (1px inset #808080)] [r=2 c=0 rs=1 cs=1]
              RenderText {#text} at (2,2) size 5x19
                text run at (2,2) width 5: " "
            RenderTableCell {TD} at (156,61) size 108x23 [bgcolor=#FFFF00] [border: (1px inset #808080)] [r=2 c=1 rs=1 cs=1]
              RenderText {#text} at (2,2) size 25x19
                text run at (2,2) width 25: "L C"
      RenderBlock (anonymous) at (0,91) size 964x19
        RenderInline {B} at (0,0) size 0x19
          RenderText {#text} at (0,0) size 0x0
          RenderBR {BR} at (0,0) size 0x19
          RenderInline {B} at (0,0) size 0x0
            RenderText {#text} at (0,0) size 0x0
            RenderText {#text} at (0,0) size 0x0
      RenderBlock (anonymous) at (0,110) size 964x119
        RenderTable {TABLE} at (0,0) size 271x119 [border: (1px outset #808080)]
          RenderTableSection {TBODY} at (1,1) size 269x117
            RenderTableRow {TR} at (0,5) size 269x23
              RenderTableCell {TD} at (5,5) size 146x23 [border: (1px inset #808080)] [r=0 c=0 rs=1 cs=1]
                RenderText {#text} at (2,2) size 26x19
                  text run at (2,2) width 26: "foo"
              RenderTableCell {TD} at (156,5) size 108x23 [border: (1px inset #808080)] [r=0 c=1 rs=1 cs=1]
                RenderText {#text} at (2,2) size 27x19
                  text run at (2,2) width 27: "bar"
            RenderTableRow {TR} at (0,33) size 269x23
              RenderTableCell {TD} at (5,33) size 146x23 [border: (1px inset #808080)] [r=1 c=0 rs=1 cs=1]
                RenderText {#text} at (2,2) size 142x19
                  text run at (2,2) width 142: "Click name to see"
              RenderTableCell {TD} at (156,47) size 108x23 [bgcolor=#00FF00] [border: (1px inset #808080)] [r=1 c=1 rs=2 cs=1]
                RenderText {#text} at (2,2) size 104x19
                  text run at (2,2) width 104: "Mac Clbr Opt"
            RenderTableRow {TR} at (0,61) size 269x23
              RenderTableCell {TD} at (5,61) size 146x23 [border: (1px inset #808080)] [r=2 c=0 rs=1 cs=1]
                RenderText {#text} at (2,2) size 45x19
                  text run at (2,2) width 45: "Guilty"
            RenderTableRow {TR} at (0,89) size 269x23
              RenderTableCell {TD} at (5,89) size 146x23 [border: (1px inset #808080)] [r=3 c=0 rs=1 cs=1]
                RenderText {#text} at (2,2) size 5x19
                  text run at (2,2) width 5: " "
              RenderTableCell {TD} at (156,89) size 108x23 [bgcolor=#FFFF00] [border: (1px inset #808080)] [r=3 c=1 rs=1 cs=1]
                RenderText {#text} at (2,2) size 25x19
                  text run at (2,2) width 25: "L C"
      RenderBlock (anonymous) at (0,229) size 964x19
        RenderInline {B} at (0,0) size 0x19
          RenderInline {B} at (0,0) size 0x19
            RenderText {#text} at (0,0) size 0x0
            RenderBR {BR} at (0,0) size 0x19
            RenderInline {B} at (0,0) size 0x0
              RenderText {#text} at (0,0) size 0x0
              RenderText {#text} at (0,0) size 0x0
      RenderBlock (anonymous) at (0,248) size 964x91
        RenderTable {TABLE} at (0,0) size 305x91 [border: (1px outset #808080)]
          RenderTableSection {TBODY} at (1,1) size 303x89
            RenderTableRow {TR} at (0,5) size 303x23
              RenderTableCell {TD} at (5,5) size 146x23 [border: (1px inset #808080)] [r=0 c=0 rs=1 cs=1]
                RenderText {#text} at (2,2) size 142x19
                  text run at (2,2) width 142: "Click name to see"
              RenderTableCell {TD} at (156,33) size 108x23 [bgcolor=#00FF00] [border: (1px inset #808080)] [r=0 c=1 rs=3 cs=1]
                RenderText {#text} at (2,2) size 104x19
                  text run at (2,2) width 104: "Mac Clbr Opt"
            RenderTableRow {TR} at (0,33) size 303x23
              RenderTableCell {TD} at (5,33) size 146x23 [border: (1px inset #808080)] [r=1 c=0 rs=1 cs=1]
                RenderText {#text} at (2,2) size 45x19
                  text run at (2,2) width 45: "Guilty"
            RenderTableRow {TR} at (0,61) size 303x23
              RenderTableCell {TD} at (5,61) size 146x23 [border: (1px inset #808080)] [r=2 c=0 rs=1 cs=1]
                RenderText {#text} at (2,2) size 5x19
                  text run at (2,2) width 5: " "
              RenderTableCell {TD} at (269,61) size 29x23 [bgcolor=#FFFF00] [border: (1px inset #808080)] [r=2 c=2 rs=1 cs=1]
                RenderText {#text} at (2,2) size 25x19
                  text run at (2,2) width 25: "L C"
      RenderBlock (anonymous) at (0,339) size 964x19
        RenderInline {B} at (0,0) size 0x19
          RenderInline {B} at (0,0) size 0x19
            RenderInline {B} at (0,0) size 0x19
              RenderText {#text} at (0,0) size 0x0
              RenderBR {BR} at (0,0) size 0x19
              RenderInline {B} at (0,0) size 0x0
                RenderText {#text} at (0,0) size 0x0
                RenderText {#text} at (0,0) size 0x0
      RenderBlock (anonymous) at (0,358) size 964x119
        RenderTable {TABLE} at (0,0) size 305x119 [border: (1px outset #808080)]
          RenderTableSection {TBODY} at (1,1) size 303x117
            RenderTableRow {TR} at (0,5) size 303x23
              RenderTableCell {TD} at (5,5) size 146x23 [border: (1px inset #808080)] [r=0 c=0 rs=1 cs=1]
                RenderText {#text} at (2,2) size 26x19
                  text run at (2,2) width 26: "foo"
              RenderTableCell {TD} at (156,5) size 108x23 [border: (1px inset #808080)] [r=0 c=1 rs=1 cs=1]
                RenderText {#text} at (2,2) size 27x19
                  text run at (2,2) width 27: "bar"
            RenderTableRow {TR} at (0,33) size 303x23
              RenderTableCell {TD} at (5,33) size 146x23 [border: (1px inset #808080)] [r=1 c=0 rs=1 cs=1]
                RenderText {#text} at (2,2) size 142x19
                  text run at (2,2) width 142: "Click name to see"
              RenderTableCell {TD} at (156,61) size 108x23 [bgcolor=#00FF00] [border: (1px inset #808080)] [r=1 c=1 rs=3 cs=1]
                RenderText {#text} at (2,2) size 104x19
                  text run at (2,2) width 104: "Mac Clbr Opt"
            RenderTableRow {TR} at (0,61) size 303x23
              RenderTableCell {TD} at (5,61) size 146x23 [border: (1px inset #808080)] [r=2 c=0 rs=1 cs=1]
                RenderText {#text} at (2,2) size 45x19
                  text run at (2,2) width 45: "Guilty"
            RenderTableRow {TR} at (0,89) size 303x23
              RenderTableCell {TD} at (5,89) size 146x23 [border: (1px inset #808080)] [r=3 c=0 rs=1 cs=1]
                RenderText {#text} at (2,2) size 5x19
                  text run at (2,2) width 5: " "
              RenderTableCell {TD} at (269,89) size 29x23 [bgcolor=#FFFF00] [border: (1px inset #808080)] [r=3 c=2 rs=1 cs=1]
                RenderText {#text} at (2,2) size 25x19
                  text run at (2,2) width 25: "L C"
      RenderBlock (anonymous) at (0,477) size 964x0
        RenderInline {B} at (0,0) size 0x0
          RenderInline {B} at (0,0) size 0x0
            RenderInline {B} at (0,0) size 0x0
              RenderInline {B} at (0,0) size 0x0
                RenderText {#text} at (0,0) size 0x0
