layer at (0,0) size 980x735
  RenderView at (0,0) size 980x735
layer at (0,0) size 980x735
  RenderBlock {HTML} at (0,0) size 980x735
    RenderBody {BODY} at (8,8) size 964x719
      RenderTable {TABLE} at (0,0) size 964x38
        RenderTableSection {TBODY} at (0,0) size 964x38
          RenderTableRow {TR} at (0,0) size 964x38
            RenderTableCell {TD} at (0,0) size 135x38 [bgcolor=#DDDDDD] [r=0 c=0 rs=1 cs=1]
              RenderTable {TABLE} at (0,0) size 135x38
                RenderTableSection {TBODY} at (0,0) size 135x38
                  RenderTableRow {TR} at (0,0) size 135x38
                    RenderTableCell {TD} at (0,0) size 135x38 [r=0 c=0 rs=1 cs=1]
                      RenderText {#text} at (0,0) size 112x38
                        text run at (0,0) width 112: "should be 135"
                        text run at (0,19) width 51: "pixels-"
            RenderTableCell {TD} at (135,0) size 829x38 [r=0 c=1 rs=1 cs=1]
              RenderText {#text} at (0,0) size 795x38
                text run at (0,0) width 612: "Spain stretched their unbeaten streak to six games as they beat Croatia 3-1 "
                text run at (612,0) width 183: "in a friendly at Seville's"
                text run at (0,19) width 391: "new Olympic stadium which was inaugurated on "
                text run at (391,19) width 98: "Wednesday."
