layer at (0,0) size 980x735
  RenderView at (0,0) size 980x735
layer at (0,0) size 980x735
  RenderBlock {HTML} at (0,0) size 980x735
    RenderBody {BODY} at (8,8) size 964x719 [bgcolor=#FFFFFF]
      RenderTable {TABLE} at (0,0) size 61x19 [bgcolor=#00FF00]
        RenderTableSection {TBODY} at (0,0) size 61x19
          RenderTableRow {TR} at (0,0) size 61x19
            RenderTableCell {TD} at (0,2) size 7x15 [r=0 c=0 rs=1 cs=1]
              RenderImage {IMG} at (0,0) size 7x15
            RenderTableCell {TD} at (7,0) size 48x19 [r=0 c=1 rs=1 cs=1]
              RenderText {#text} at (0,0) size 48x19
                text run at (0,0) width 48: "Home"
            RenderTableCell {TD} at (55,2) size 6x15 [r=0 c=2 rs=1 cs=1]
              RenderImage {IMG} at (0,0) size 6x15
