layer at (0,0) size 980x735
  RenderView at (0,0) size 980x735
layer at (0,0) size 980x735
  RenderBlock {HTML} at (0,0) size 980x735
    RenderBody {BODY} at (8,8) size 964x711
      RenderTable {TABLE} at (0,0) size 81x50
        RenderTableSection {THEAD} at (0,0) size 81x25
          RenderTableRow {TR} at (0,2) size 81x21
            RenderTableCell {TD} at (2,2) size 77x21 [r=0 c=0 rs=1 cs=1]
              RenderText {#text} at (1,1) size 75x19
                text run at (1,1) width 75: "The head"
        RenderTableSection {TBODY} at (0,25) size 81x25
          RenderTableRow {TR} at (0,2) size 81x21
            RenderTableCell {TD} at (2,2) size 77x21 [r=0 c=0 rs=1 cs=1]
              RenderText {#text} at (1,1) size 69x19
                text run at (1,1) width 69: "First row"
      RenderBlock {FORM} at (0,50) size 964x27
        RenderButton {INPUT} at (2,2) size 45x23 [bgcolor=#C0C0C0] [border: (2px outset #C0C0C0)]
          RenderBlock (anonymous) at (5,5) size 37x15
            RenderText at (0,0) size 37x15
              text run at (0,0) width 37: "insert"
        RenderText {#text} at (0,0) size 0x0
