layer at (0,0) size 980x735
  RenderView at (0,0) size 980x735
layer at (0,0) size 980x735
  RenderBlock {HTML} at (0,0) size 980x735
    RenderBody {BODY} at (8,8) size 964x719 [bgcolor=#FFFFFF]
      RenderTable {TABLE} at (0,0) size 604x52 [border: (1px outset #808080)]
        RenderTableSection {TBODY} at (1,1) size 602x50
          RenderTableRow {TR} at (0,0) size 602x29
            RenderTableCell {TD} at (0,0) size 602x29 [border: (1px inset #808080)] [r=0 c=0 rs=1 cs=3]
              RenderTable {TABLE} at (1,1) size 600x27 [border: (1px outset #808080)]
                RenderTableSection {TBODY} at (1,1) size 598x25
                  RenderTableRow {TR} at (0,0) size 598x25
                    RenderTableCell {TD} at (0,0) size 598x25 [border: (1px inset #808080)] [r=0 c=0 rs=1 cs=1]
                      RenderTable {TABLE} at (1,1) size 596x23 [border: (1px outset #808080)]
                        RenderTableSection {TBODY} at (1,1) size 594x21
                          RenderTableRow {TR} at (0,0) size 594x21 [bgcolor=#FF0000]
                            RenderTableCell {TD} at (0,0) size 594x21 [border: (1px inset #808080)] [r=0 c=0 rs=1 cs=1]
                              RenderText {#text} at (1,1) size 68x19
                                text run at (1,1) width 68: "cell data"
                              RenderText {#text} at (0,0) size 0x0
          RenderTableRow {TR} at (0,29) size 602x21
            RenderTableCell {TD} at (0,29) size 602x21 [border: (1px inset #808080)] [r=1 c=0 rs=1 cs=1]
              RenderText {#text} at (1,1) size 83x19
                text run at (1,1) width 83: "cell data 2"
