layer at (0,0) size 980x735
  RenderView at (0,0) size 980x735
layer at (0,0) size 980x735
  RenderBlock {HTML} at (0,0) size 980x735
    RenderBody {BODY} at (8,8) size 964x719 [bgcolor=#FFFFFF]
      RenderTable {TABLE} at (0,0) size 480x56 [bgcolor=#000000]
        RenderTableSection {TBODY} at (0,0) size 480x56
          RenderTableRow {TR} at (0,0) size 480x56
            RenderTableCell {TD} at (0,0) size 480x56 [r=0 c=0 rs=1 cs=1]
              RenderTable {TABLE} at (1,1) size 478x54 [bgcolor=#959595]
                RenderTableSection {TBODY} at (0,0) size 478x54
                  RenderTableRow {TR} at (0,0) size 478x27
                    RenderTableCell {TD} at (0,0) size 478x27 [bgcolor=#6666CC] [r=0 c=0 rs=1 cs=1]
                      RenderInline {FONT} at (0,0) size 272x19 [color=#FFFFFF]
                        RenderInline {B} at (0,0) size 272x19
                          RenderText {#text} at (103,4) size 272x19
                            text run at (103,4) width 223: "BrowserWatch Headline "
                            text run at (325,4) width 50: "News"
                  RenderTableRow {TR} at (0,27) size 478x27
                    RenderTableCell {TD} at (0,27) size 478x27 [bgcolor=#D4D4D4] [r=1 c=0 rs=1 cs=1]
                      RenderText {#text} at (4,4) size 27x19
                        text run at (4,4) width 27: "xxx"
