layer at (0,0) size 980x735
  RenderView at (0,0) size 980x735
layer at (0,0) size 980x735
  RenderBlock {HTML} at (0,0) size 980x735
    RenderBody {BODY} at (8,8) size 964x719
      RenderTable {TABLE} at (0,0) size 36x29 [border: (1px outset #808080)]
        RenderTableSection {TBODY} at (1,1) size 34x27
          RenderTableRow {TR} at (0,2) size 34x23
            RenderTableCell {TD} at (2,2) size 30x23 [border: (1px inset #808080)] [r=0 c=0 rs=1 cs=1]
              RenderText {#text} at (2,2) size 26x19
                text run at (2,2) width 26: "foo"
      RenderBlock (anonymous) at (0,29) size 964x19
        RenderBR {BR} at (0,0) size 0x19
      RenderTable {TABLE} at (0,48) size 44x29 [border: (1px outset #808080)]
        RenderTableSection {TBODY} at (1,1) size 42x27
          RenderTableRow {TR} at (0,2) size 42x23
            RenderTableCell {TD} at (2,2) size 38x23 [border: (1px inset #808080)] [r=0 c=0 rs=1 cs=1]
              RenderText {#text} at (2,2) size 34x19
                text run at (2,2) width 34: "blah"
