layer at (0,0) size 980x735
  RenderView at (0,0) size 980x735
layer at (0,0) size 980x270
  RenderBlock {HTML} at (0,0) size 980x270
    RenderBody {BODY} at (107,25) size 795x220 [bgcolor=#FFFFF5]
      RenderTable {TABLE} at (0,0) size 387x83
        RenderTableSection {TBODY} at (0,0) size 387x83
          RenderTableRow {TR} at (0,2) size 387x21
            RenderTableCell {TH} at (2,2) size 224x21 [color=#CC0000] [r=0 c=0 rs=1 cs=1]
              RenderText {#text} at (0,1) size 45x19
                text run at (0,1) width 45: "17.6 "
              RenderInline {A} at (0,0) size 179x19 [color=#3333FF]
                RenderText {#text} at (45,1) size 179x19
                  text run at (45,1) width 179: "Table Border Test 2"
            RenderTableCell {TD} at (228,2) size 20x21 [color=#FFFF00] [bgcolor=#CC0000] [r=0 c=1 rs=1 cs=1]
              RenderText {#text} at (0,1) size 11x19
                text run at (0,1) width 11: "B"
            RenderTableCell {TD} at (250,2) size 12x21 [color=#FFFFFF] [bgcolor=#000099] [r=0 c=2 rs=1 cs=1]
              RenderText {#text} at (0,1) size 12x19
                text run at (0,1) width 12: "N"
            RenderTableCell {TD} at (264,2) size 20x21 [color=#FFFFFF] [bgcolor=#000099] [r=0 c=3 rs=1 cs=1]
              RenderText {#text} at (0,1) size 12x19
                text run at (0,1) width 12: "N"
            RenderTableCell {TD} at (286,2) size 20x21 [color=#FFFFFF] [bgcolor=#000099] [r=0 c=4 rs=1 cs=1]
              RenderText {#text} at (0,1) size 12x19
                text run at (0,1) width 12: "N"
            RenderTableCell {TD} at (308,2) size 20x21 [color=#FFFFFF] [bgcolor=#000099] [r=0 c=5 rs=1 cs=1]
              RenderText {#text} at (0,1) size 12x19
                text run at (0,1) width 12: "N"
            RenderTableCell {TD} at (330,2) size 12x21 [bgcolor=#CCCCCC] [r=0 c=6 rs=1 cs=1]
              RenderText {#text} at (0,1) size 12x19
                text run at (0,1) width 12: "U"
            RenderTableCell {TD} at (344,2) size 41x21 [r=0 c=7 rs=1 cs=1]
              RenderText {#text} at (0,1) size 41x19
                text run at (0,1) width 41: "CSS2"
          RenderTableRow {TR} at (0,25) size 387x33
            RenderTableCell {TH} at (2,25) size 224x33 [color=#CC0000] [border: (12px solid #FFFFF5) none] [r=1 c=0 rs=1 cs=1]
              RenderText {#text} at (112,13) size 112x19
                text run at (112,13) width 112: "Tests Y (+1)"
            RenderTableCell {TD} at (228,25) size 20x33 [color=#FFFFFF] [bgcolor=#009900] [border: (12px solid #FFFFF5) none] [r=1 c=1 rs=1 cs=1]
              RenderText {#text} at (0,13) size 20x19
                text run at (0,13) width 20: "31"
            RenderTableCell {TD} at (250,25) size 12x33 [color=#FFFFFF] [bgcolor=#009900] [border: (12px solid #FFFFF5) none] [r=1 c=2 rs=1 cs=1]
              RenderText {#text} at (0,13) size 5x19
                text run at (0,13) width 5: " "
            RenderTableCell {TD} at (264,25) size 20x33 [color=#FFFFFF] [bgcolor=#009900] [border: (12px solid #FFFFF5) none] [r=1 c=3 rs=1 cs=1]
              RenderText {#text} at (0,13) size 20x19
                text run at (0,13) width 20: "16"
            RenderTableCell {TD} at (286,25) size 20x33 [color=#FFFFFF] [bgcolor=#009900] [border: (12px solid #FFFFF5) none] [r=1 c=4 rs=1 cs=1]
              RenderText {#text} at (0,13) size 20x19
                text run at (0,13) width 20: "16"
            RenderTableCell {TD} at (308,25) size 20x33 [color=#FFFFFF] [bgcolor=#009900] [border: (12px solid #FFFFF5) none] [r=1 c=5 rs=1 cs=1]
              RenderText {#text} at (0,13) size 10x19
                text run at (0,13) width 10: "2"
            RenderTableCell {TD} at (330,25) size 12x33 [color=#FFFFFF] [bgcolor=#009900] [border: (12px solid #FFFFF5) none] [r=1 c=6 rs=1 cs=1]
              RenderText {#text} at (0,13) size 12x19
                text run at (0,13) width 12: "U"
            RenderTableCell {TD} at (344,35) size 41x12 [border: (12px solid #FFFFF5) none] [r=1 c=7 rs=1 cs=1]
          RenderTableRow {TR} at (0,60) size 387x21
            RenderTableCell {TH} at (2,60) size 224x21 [color=#CC0000] [r=2 c=0 rs=1 cs=1]
              RenderText {#text} at (124,1) size 100x19
                text run at (124,1) width 100: "Tests N (0)"
            RenderTableCell {TD} at (228,60) size 20x21 [color=#FFFFFF] [bgcolor=#000099] [r=2 c=1 rs=1 cs=1]
              RenderText {#text} at (0,1) size 10x19
                text run at (0,1) width 10: "4"
            RenderTableCell {TD} at (250,60) size 12x21 [color=#FFFFFF] [bgcolor=#000099] [r=2 c=2 rs=1 cs=1]
              RenderText {#text} at (0,1) size 5x19
                text run at (0,1) width 5: " "
            RenderTableCell {TD} at (264,60) size 20x21 [color=#FFFFFF] [bgcolor=#000099] [r=2 c=3 rs=1 cs=1]
              RenderText {#text} at (0,1) size 20x19
                text run at (0,1) width 20: "21"
            RenderTableCell {TD} at (286,60) size 20x21 [color=#FFFFFF] [bgcolor=#000099] [r=2 c=4 rs=1 cs=1]
              RenderText {#text} at (0,1) size 20x19
                text run at (0,1) width 20: "14"
            RenderTableCell {TD} at (308,60) size 20x21 [color=#FFFFFF] [bgcolor=#000099] [r=2 c=5 rs=1 cs=1]
              RenderText {#text} at (0,1) size 20x19
                text run at (0,1) width 20: "18"
            RenderTableCell {TD} at (330,60) size 12x21 [color=#FFFFFF] [bgcolor=#000099] [r=2 c=6 rs=1 cs=1]
              RenderText {#text} at (0,1) size 12x19
                text run at (0,1) width 12: "U"
            RenderTableCell {TD} at (344,70) size 41x0 [r=2 c=7 rs=1 cs=1]
      RenderBlock {HR} at (0,95) size 795x1
      RenderBlock {P} at (0,108) size 795x38
        RenderInline {A} at (0,0) size 88x19 [color=#3333FF] [bgcolor=#FFFFF5]
          RenderImage {IMG} at (0,0) size 88x31
      RenderBlock {P} at (0,158) size 795x25
        RenderText {#text} at (0,3) size 71x19
          text run at (0,3) width 71: "(Back to "
        RenderInline {A} at (0,0) size 221x19 [color=#3333FF] [bgcolor=#FFFFF5]
          RenderText {#text} at (71,3) size 221x19
            text run at (71,3) width 221: "CSS Testing Information"
        RenderText {#text} at (292,3) size 10x19
          text run at (292,3) width 10: ", "
        RenderInline {A} at (0,0) size 109x19 [color=#3333FF] [bgcolor=#FFFFF5]
          RenderText {#text} at (302,3) size 109x19
            text run at (302,3) width 109: "David Baron"
        RenderText {#text} at (411,3) size 6x19
          text run at (411,3) width 6: ")"
      RenderBlock {P} at (0,195) size 795x25
        RenderInline {A} at (0,0) size 35x19 [color=#3333FF] [bgcolor=#FFFFF5]
          RenderText {#text} at (0,3) size 35x19
            text run at (0,3) width 35: "LDB"
        RenderText {#text} at (35,3) size 10x19
          text run at (35,3) width 10: ", "
        RenderInline {A} at (0,0) size 222x19 [color=#3333FF] [bgcolor=#FFFFF5]
          RenderText {#text} at (45,3) size 222x19
            text run at (45,3) width 222: "dbaron@fas.harvard.edu"
