layer at (0,0) size 980x735
  RenderView at (0,0) size 980x735
layer at (0,0) size 980x735
  RenderBlock {HTML} at (0,0) size 980x735
    RenderBody {BODY} at (8,8) size 964x719
      RenderTable at (0,0) size 169x19
        RenderTableSection (anonymous) at (0,0) size 169x19
          RenderTableRow {A} at (0,0) size 169x19 [color=#0000EE]
            RenderTableCell (anonymous) at (0,0) size 169x19 [r=0 c=0 rs=1 cs=1]
              RenderText {#text} at (0,0) size 169x19
                text run at (0,0) width 169: "This should not crash"
      RenderBlock (anonymous) at (0,19) size 964x19
        RenderBR {BR} at (0,0) size 0x19
