layer at (0,0) size 980x735
  RenderView at (0,0) size 980x735
layer at (0,0) size 980x735
  RenderBlock {HTML} at (0,0) size 980x735
    RenderBody {BODY} at (8,8) size 964x719
      RenderTable {TABLE} at (0,0) size 152x79 [border: (1px outset #808080)]
        RenderBlock {CAPTION} at (0,0) size 152x0
        RenderTableSection {TBODY} at (1,1) size 150x77
          RenderTableRow {TR} at (0,2) size 150x23
            RenderTableCell {TD} at (2,2) size 72x23 [border: (1px inset #808080)] [r=0 c=0 rs=1 cs=1]
              RenderText {#text} at (2,2) size 68x19
                text run at (2,2) width 68: "cell data"
            RenderTableCell {TD} at (76,2) size 72x23 [border: (1px inset #808080)] [r=0 c=1 rs=1 cs=1]
              RenderText {#text} at (2,2) size 68x19
                text run at (2,2) width 68: "cell data"
          RenderTableRow {TR} at (0,27) size 150x23
            RenderTableCell {TD} at (2,27) size 72x23 [border: (1px inset #808080)] [r=1 c=0 rs=1 cs=1]
              RenderText {#text} at (2,2) size 68x19
                text run at (2,2) width 68: "cell data"
            RenderTableCell {TD} at (76,27) size 72x23 [border: (1px inset #808080)] [r=1 c=1 rs=1 cs=1]
              RenderText {#text} at (2,2) size 68x19
                text run at (2,2) width 68: "cell data"
          RenderTableRow {TR} at (0,52) size 150x23
            RenderTableCell {TD} at (2,52) size 72x23 [border: (1px inset #808080)] [r=2 c=0 rs=1 cs=1]
              RenderText {#text} at (2,2) size 68x19
                text run at (2,2) width 68: "cell data"
            RenderTableCell {TD} at (76,52) size 72x23 [border: (1px inset #808080)] [r=2 c=1 rs=1 cs=1]
              RenderText {#text} at (2,2) size 68x19
                text run at (2,2) width 68: "cell data"
      RenderBlock (anonymous) at (0,79) size 964x19
        RenderText {#text} at (0,0) size 221x19
          text run at (0,0) width 221: "[object HTMLTableElement]"
