layer at (0,0) size 980x735
  RenderView at (0,0) size 980x735
layer at (0,0) size 980x735
  RenderBlock {HTML} at (0,0) size 980x735
    RenderBody {BODY} at (8,8) size 964x719
      RenderTable {TABLE} at (0,0) size 964x64 [border: (2px outset #808080)]
        RenderTableSection {TBODY} at (2,2) size 960x60
          RenderTableRow {TR} at (0,2) size 960x56
            RenderTableCell {TD} at (2,2) size 956x56 [border: (1px inset #808080)] [r=0 c=0 rs=1 cs=1]
              RenderTable {TABLE} at (730,2) size 224x52 [border: (1px outset #808080)]
                RenderTableSection {TBODY} at (1,1) size 222x50
                  RenderTableRow {TR} at (0,0) size 222x40
                    RenderTableCell {TD} at (0,0) size 222x40 [border: (1px inset #808080)] [r=0 c=0 rs=1 cs=1]
                      RenderText {#text} at (1,1) size 191x38
                        text run at (1,1) width 191: "this doesn't show until a"
                        text run at (1,20) width 112: "window resize"
                  RenderTableRow {TR} at (0,40) size 222x10
                    RenderTableCell {TD} at (0,40) size 222x10 [border: (1px inset #808080)] [r=1 c=0 rs=1 cs=1]
                      RenderImage {IMG} at (1,1) size 1x8
