layer at (0,0) size 980x735
  RenderView at (0,0) size 980x735
layer at (0,0) size 980x735
  RenderBlock {HTML} at (0,0) size 980x735
    RenderBody {BODY} at (8,8) size 964x719
      RenderBlock (anonymous) at (0,0) size 964x19
        RenderText {#text} at (0,0) size 420x19
          text run at (0,0) width 420: "The bug causes a crash when the page is destroyed "
        RenderBR {BR} at (420,15) size 0x0
      RenderTable {TABLE} at (0,19) size 182x54
        RenderBlock {CAPTION} at (0,0) size 182x29
          RenderImage {IMG} at (0,0) size 182x29
          RenderText {#text} at (0,0) size 0x0
        RenderTableSection {TBODY} at (0,29) size 182x25
          RenderTableRow {TR} at (0,2) size 182x21
            RenderTableCell {TD} at (2,2) size 178x21 [r=0 c=0 rs=1 cs=1]
              RenderText {#text} at (1,1) size 26x19
                text run at (1,1) width 26: "foo"
