layer at (0,0) size 980x735
  RenderView at (0,0) size 980x735
layer at (0,0) size 980x735
  RenderBlock {HTML} at (0,0) size 980x735
    RenderBody {BODY} at (8,8) size 964x719 [bgcolor=#FFFFFF]
      RenderTable {TABLE} at (0,0) size 867x79 [border: (1px outset #808080)]
        RenderTableSection {TBODY} at (1,1) size 865x77
          RenderTableRow {TR} at (0,2) size 865x23
            RenderTableCell {TH} at (2,11) size 331x4 [border: (1px inset #808080)] [r=0 c=0 rs=1 cs=1]
            RenderTableCell {TD} at (335,2) size 188x23 [border: (1px inset #808080)] [r=0 c=1 rs=1 cs=1]
              RenderText {#text} at (2,2) size 87x19
                text run at (2,2) width 87: "Host name"
            RenderTableCell {TD} at (525,2) size 213x23 [border: (1px inset #808080)] [r=0 c=2 rs=1 cs=1]
              RenderText {#text} at (2,2) size 99x19
                text run at (2,2) width 99: "Architecture"
            RenderTableCell {TD} at (740,2) size 123x23 [border: (1px inset #808080)] [r=0 c=3 rs=1 cs=1]
              RenderText {#text} at (2,2) size 55x19
                text run at (2,2) width 55: "Access"
          RenderTableRow {TR} at (0,27) size 865x23
            RenderTableCell {TD} at (2,27) size 331x23 [border: (1px inset #808080)] [r=1 c=0 rs=1 cs=1]
              RenderText {#text} at (2,2) size 156x19
                text run at (2,2) width 156: "debussy.debian.org"
            RenderTableCell {TD} at (335,27) size 188x23 [border: (1px inset #808080)] [r=1 c=1 rs=1 cs=1]
              RenderText {#text} at (2,2) size 36x19
                text run at (2,2) width 36: "ARM"
            RenderTableCell {TD} at (525,27) size 213x23 [border: (1px inset #808080)] [r=1 c=2 rs=1 cs=1]
              RenderText {#text} at (2,2) size 18x19
                text run at (2,2) width 18: "all"
          RenderTableRow {TR} at (0,52) size 865x23
            RenderTableCell {TD} at (2,52) size 331x23 [border: (1px inset #808080)] [r=2 c=0 rs=1 cs=1]
              RenderText {#text} at (2,2) size 134x19
                text run at (2,2) width 134: "faure.debian.org"
            RenderTableCell {TD} at (335,52) size 188x23 [border: (1px inset #808080)] [r=2 c=1 rs=1 cs=1]
              RenderText {#text} at (2,2) size 44x19
                text run at (2,2) width 44: "alpha"
            RenderTableCell {TD} at (525,52) size 213x23 [border: (1px inset #808080)] [r=2 c=2 rs=1 cs=1]
              RenderText {#text} at (2,2) size 18x19
                text run at (2,2) width 18: "all"
      RenderBlock {P} at (0,95) size 964x19
        RenderText {#text} at (0,0) size 167x19
          text run at (0,0) width 167: "Table nested in table"
      RenderTable {TABLE} at (0,130) size 431x104
        RenderTableSection {TBODY} at (0,0) size 431x104
          RenderTableRow {TR} at (0,2) size 431x100
            RenderTableCell {TD} at (2,2) size 427x100 [r=0 c=0 rs=1 cs=1]
              RenderTable {TABLE} at (1,1) size 384x98 [border: (1px outset #808080)]
                RenderTableSection {TBODY} at (1,1) size 382x96
                  RenderTableRow {TR} at (0,2) size 382x42
                    RenderTableCell {TH} at (2,21) size 160x4 [border: (1px inset #808080)] [r=0 c=0 rs=1 cs=1]
                    RenderTableCell {TD} at (164,2) size 50x42 [border: (1px inset #808080)] [r=0 c=1 rs=1 cs=1]
                      RenderText {#text} at (2,2) size 46x38
                        text run at (2,2) width 36: "Host"
                        text run at (2,21) width 46: "name"
                    RenderTableCell {TD} at (216,11) size 103x23 [border: (1px inset #808080)] [r=0 c=2 rs=1 cs=1]
                      RenderText {#text} at (2,2) size 99x19
                        text run at (2,2) width 99: "Architecture"
                    RenderTableCell {TD} at (321,11) size 59x23 [border: (1px inset #808080)] [r=0 c=3 rs=1 cs=1]
                      RenderText {#text} at (2,2) size 55x19
                        text run at (2,2) width 55: "Access"
                  RenderTableRow {TR} at (0,46) size 382x23
                    RenderTableCell {TD} at (2,46) size 160x23 [border: (1px inset #808080)] [r=1 c=0 rs=1 cs=1]
                      RenderText {#text} at (2,2) size 156x19
                        text run at (2,2) width 156: "debussy.debian.org"
                    RenderTableCell {TD} at (164,46) size 50x23 [border: (1px inset #808080)] [r=1 c=1 rs=1 cs=1]
                      RenderText {#text} at (2,2) size 36x19
                        text run at (2,2) width 36: "ARM"
                    RenderTableCell {TD} at (216,46) size 103x23 [border: (1px inset #808080)] [r=1 c=2 rs=1 cs=1]
                      RenderText {#text} at (2,2) size 18x19
                        text run at (2,2) width 18: "all"
                  RenderTableRow {TR} at (0,71) size 382x23
                    RenderTableCell {TD} at (2,71) size 160x23 [border: (1px inset #808080)] [r=2 c=0 rs=1 cs=1]
                      RenderText {#text} at (2,2) size 134x19
                        text run at (2,2) width 134: "faure.debian.org"
                    RenderTableCell {TD} at (164,71) size 50x23 [border: (1px inset #808080)] [r=2 c=1 rs=1 cs=1]
                      RenderText {#text} at (2,2) size 44x19
                        text run at (2,2) width 44: "alpha"
                    RenderTableCell {TD} at (216,71) size 103x23 [border: (1px inset #808080)] [r=2 c=2 rs=1 cs=1]
                      RenderText {#text} at (2,2) size 18x19
                        text run at (2,2) width 18: "all"
      RenderBlock (anonymous) at (0,234) size 964x19
        RenderBR {BR} at (0,0) size 0x19
      RenderBlock {P} at (0,269) size 964x19
        RenderText {#text} at (0,0) size 143x19
          text run at (0,0) width 143: "Table - no nesting"
      RenderTable {TABLE} at (0,304) size 867x79 [border: (1px outset #808080)]
        RenderTableSection {TBODY} at (1,1) size 865x77
          RenderTableRow {TR} at (0,2) size 865x23
            RenderTableCell {TH} at (2,11) size 331x4 [border: (1px inset #808080)] [r=0 c=0 rs=1 cs=1]
            RenderTableCell {TD} at (335,2) size 188x23 [border: (1px inset #808080)] [r=0 c=1 rs=1 cs=1]
              RenderText {#text} at (2,2) size 87x19
                text run at (2,2) width 87: "Host name"
            RenderTableCell {TD} at (525,2) size 213x23 [border: (1px inset #808080)] [r=0 c=2 rs=1 cs=1]
              RenderText {#text} at (2,2) size 99x19
                text run at (2,2) width 99: "Architecture"
            RenderTableCell {TD} at (740,2) size 123x23 [border: (1px inset #808080)] [r=0 c=3 rs=1 cs=1]
              RenderText {#text} at (2,2) size 55x19
                text run at (2,2) width 55: "Access"
          RenderTableRow {TR} at (0,27) size 865x23
            RenderTableCell {TD} at (2,27) size 331x23 [border: (1px inset #808080)] [r=1 c=0 rs=1 cs=1]
              RenderText {#text} at (2,2) size 156x19
                text run at (2,2) width 156: "debussy.debian.org"
            RenderTableCell {TD} at (335,27) size 188x23 [border: (1px inset #808080)] [r=1 c=1 rs=1 cs=1]
              RenderText {#text} at (2,2) size 36x19
                text run at (2,2) width 36: "ARM"
            RenderTableCell {TD} at (525,27) size 213x23 [border: (1px inset #808080)] [r=1 c=2 rs=1 cs=1]
              RenderText {#text} at (2,2) size 18x19
                text run at (2,2) width 18: "all"
          RenderTableRow {TR} at (0,52) size 865x23
            RenderTableCell {TD} at (2,52) size 331x23 [border: (1px inset #808080)] [r=2 c=0 rs=1 cs=1]
              RenderText {#text} at (2,2) size 134x19
                text run at (2,2) width 134: "faure.debian.org"
            RenderTableCell {TD} at (335,52) size 188x23 [border: (1px inset #808080)] [r=2 c=1 rs=1 cs=1]
              RenderText {#text} at (2,2) size 44x19
                text run at (2,2) width 44: "alpha"
            RenderTableCell {TD} at (525,52) size 213x23 [border: (1px inset #808080)] [r=2 c=2 rs=1 cs=1]
              RenderText {#text} at (2,2) size 18x19
                text run at (2,2) width 18: "all"
