layer at (0,0) size 980x735
  RenderView at (0,0) size 980x735
layer at (0,0) size 980x550
  RenderBlock {HTML} at (0,0) size 980x550 [bgcolor=#00FF99]
    RenderBody {BODY} at (70,64) size 839x422 [bgcolor=#99FFCC] [border: (3px solid #000000)]
      RenderBlock {P} at (3,3) size 833x64
        RenderText {#text} at (0,6) size 813x51
          text run at (0,6) width 582: "These links are in an element with display table-row, and the li elements "
          text run at (582,6) width 192: "have display: table-cell. "
          text run at (774,6) width 39: "They"
          text run at (0,38) width 84: "disappear:"
      RenderTable at (3,67) size 308x19
        RenderTableSection (anonymous) at (0,0) size 308x19
          RenderTableRow {UL} at (0,0) size 308x19 [bgcolor=#00CC99]
            RenderTableCell {LI} at (0,0) size 77x19 [r=0 c=0 rs=1 cs=1]
              RenderInline {A} at (0,0) size 55x19 [color=#0000EE]
                RenderText {#text} at (11,0) size 55x19
                  text run at (11,0) width 55: "people"
            RenderTableCell {LI} at (77,0) size 77x19 [r=0 c=1 rs=1 cs=1]
              RenderInline {A} at (0,0) size 51x19 [color=#0000EE]
                RenderText {#text} at (13,0) size 51x19
                  text run at (13,0) width 51: "places"
            RenderTableCell {LI} at (154,0) size 77x19 [r=0 c=2 rs=1 cs=1]
              RenderInline {A} at (0,0) size 77x19 [color=#0000EE]
                RenderText {#text} at (0,0) size 77x19
                  text run at (0,0) width 77: "members"
            RenderTableCell {LI} at (231,0) size 77x19 [r=0 c=3 rs=1 cs=1]
              RenderInline {A} at (0,0) size 35x19 [color=#0000EE]
                RenderText {#text} at (21,0) size 35x19
                  text run at (21,0) width 35: "links"
      RenderBlock {DIV} at (3,86) size 833x333
        RenderBlock (anonymous) at (16,16) size 801x19
          RenderText {#text} at (0,0) size 500x19
            text run at (0,0) width 220: "This text is not in the form. "
            text run at (220,0) width 280: "The form should be indented 40px."
        RenderBlock {FORM} at (96,35) size 721x282
          RenderBlock {P} at (0,0) size 721x64
            RenderText {#text} at (0,6) size 692x51
              text run at (0,6) width 189: "This is text in the form. "
              text run at (189,6) width 222: "It should be indented 40px. "
              text run at (411,6) width 281: "The form itself has the same table-"
              text run at (0,38) width 208: "row/table-cell problem as "
              text run at (208,38) width 54: "above."
          RenderBlock {P} at (0,64) size 721x62
            RenderTable {SPAN} at (0,2) size 151x60
              RenderTableSection (anonymous) at (0,0) size 151x60
                RenderTableRow {SPAN} at (0,0) size 151x28
                  RenderTableCell (anonymous) at (0,0) size 151x28 [r=0 c=0 rs=1 cs=1]
                    RenderText {#text} at (0,6) size 151x16
                      text run at (0,6) width 151: "First Name (required)"
                RenderTableRow (anonymous) at (0,28) size 151x32
                  RenderTableCell (anonymous) at (0,28) size 151x32 [r=1 c=0 rs=1 cs=1]
                    RenderTextControl {INPUT} at (2,3) size 139x25 [bgcolor=#FFFFFF]
            RenderText {#text} at (151,6) size 5x19
              text run at (151,6) width 5: " "
            RenderTable {SPAN} at (156,2) size 150x60
              RenderTableSection (anonymous) at (0,0) size 150x60
                RenderTableRow {SPAN} at (0,0) size 150x28
                  RenderTableCell (anonymous) at (0,0) size 150x28 [r=0 c=0 rs=1 cs=1]
                    RenderText {#text} at (0,6) size 150x16
                      text run at (0,6) width 150: "Last Name (required)"
                RenderTableRow (anonymous) at (0,28) size 150x32
                  RenderTableCell (anonymous) at (0,28) size 150x32 [r=1 c=0 rs=1 cs=1]
                    RenderTextControl {INPUT} at (2,3) size 139x25 [bgcolor=#FFFFFF]
            RenderText {#text} at (0,0) size 0x0
          RenderBlock {P} at (0,126) size 721x62
            RenderTable {SPAN} at (0,2) size 335x60
              RenderTableSection (anonymous) at (0,0) size 335x60
                RenderTableRow {SPAN} at (0,0) size 335x28
                  RenderTableCell (anonymous) at (0,0) size 335x28 [r=0 c=0 rs=1 cs=1]
                    RenderText {#text} at (0,6) size 101x16
                      text run at (0,6) width 101: "Email Address"
                RenderTableRow (anonymous) at (0,28) size 335x32
                  RenderTableCell (anonymous) at (0,28) size 335x32 [r=1 c=0 rs=1 cs=1]
                    RenderTextControl {INPUT} at (2,3) size 331x25 [bgcolor=#FFFFFF]
            RenderText {#text} at (0,0) size 0x0
          RenderBlock {P} at (0,188) size 721x62
            RenderTable {SPAN} at (0,2) size 143x60
              RenderTableSection (anonymous) at (0,0) size 143x60
                RenderTableRow {SPAN} at (0,0) size 143x28
                  RenderTableCell (anonymous) at (0,0) size 143x28 [r=0 c=0 rs=1 cs=1]
                    RenderText {#text} at (0,6) size 114x16
                      text run at (0,6) width 114: "Company Name"
                RenderTableRow (anonymous) at (0,28) size 143x32
                  RenderTableCell (anonymous) at (0,28) size 143x32 [r=1 c=0 rs=1 cs=1]
                    RenderTextControl {INPUT} at (2,3) size 139x25 [bgcolor=#FFFFFF]
            RenderText {#text} at (143,6) size 5x19
              text run at (143,6) width 5: " "
            RenderTable {SPAN} at (148,2) size 143x60
              RenderTableSection (anonymous) at (0,0) size 143x60
                RenderTableRow {SPAN} at (0,0) size 143x28
                  RenderTableCell (anonymous) at (0,0) size 143x28 [r=0 c=0 rs=1 cs=1]
                    RenderText {#text} at (0,6) size 31x16
                      text run at (0,6) width 31: "Title"
                RenderTableRow (anonymous) at (0,28) size 143x32
                  RenderTableCell (anonymous) at (0,28) size 143x32 [r=1 c=0 rs=1 cs=1]
                    RenderTextControl {INPUT} at (2,3) size 139x25 [bgcolor=#FFFFFF]
            RenderText {#text} at (0,0) size 0x0
          RenderBlock {P} at (0,250) size 721x32
            RenderButton {INPUT} at (2,4) size 59x23 [bgcolor=#C0C0C0] [border: (2px outset #C0C0C0)]
              RenderBlock (anonymous) at (5,5) size 51x15
                RenderText at (0,0) size 51x15
                  text run at (0,0) width 51: "Submit!"
            RenderText {#text} at (63,6) size 5x19
              text run at (63,6) width 5: " "
            RenderButton {INPUT} at (70,4) size 79x23 [bgcolor=#C0C0C0] [border: (2px outset #C0C0C0)]
              RenderBlock (anonymous) at (5,5) size 71x15
                RenderText at (0,0) size 71x15
                  text run at (0,0) width 71: "Clear Form"
            RenderText {#text} at (0,0) size 0x0
layer at (175,288) size 132x15
  RenderBlock {DIV} at (4,6) size 132x15
layer at (331,288) size 132x15
  RenderBlock {DIV} at (4,6) size 132x15
layer at (175,350) size 324x15
  RenderBlock {DIV} at (4,6) size 324x15
layer at (175,412) size 132x15
  RenderBlock {DIV} at (4,6) size 132x15
layer at (323,412) size 132x15
  RenderBlock {DIV} at (4,6) size 132x15
