layer at (0,0) size 980x735
  RenderView at (0,0) size 980x735
layer at (0,0) size 980x735
  RenderBlock {HTML} at (0,0) size 980x735
    RenderBody {BODY} at (8,8) size 964x719 [bgcolor=#FFFFFF]
      RenderBlock {P} at (0,0) size 964x19
        RenderText {#text} at (0,0) size 185x19
          text run at (0,0) width 185: "Testcase distilled from "
        RenderInline {A} at (0,0) size 234x19 [color=#0000EE]
          RenderText {#text} at (185,0) size 234x19
            text run at (185,0) width 234: "http://webdeveloper.com/xml"
      RenderTable {TABLE} at (0,35) size 644x103 [border: (1px outset #808080)]
        RenderTableSection {TBODY} at (1,1) size 642x101
          RenderTableRow {TR} at (0,0) size 642x101
            RenderTableCell {TD} at (0,0) size 510x101 [border: (1px inset #808080)] [r=0 c=0 rs=1 cs=1]
              RenderBlock {UL} at (1,1) size 508x83
                RenderListItem {LI} at (40,0) size 468x83
                  RenderListMarker at (-18,0) size 7x19: bullet
                  RenderText {#text} at (0,0) size 229x19
                    text run at (0,0) width 229: "The XML Files Resources List"
                  RenderText {#text} at (0,0) size 0x0
                  RenderImage {IMG} at (0,19) size 468x60
                  RenderText {#text} at (0,0) size 0x0
            RenderTableCell {TD} at (510,21) size 132x58 [border: (1px inset #808080)] [r=0 c=1 rs=1 cs=1]
              RenderTable {TABLE} at (1,1) size 130x56 [border: (1px outset #808080)]
                RenderTableSection {TBODY} at (1,1) size 128x54
                  RenderTableRow {TR} at (0,2) size 128x50
                    RenderTableCell {TD} at (2,2) size 124x50 [border: (1px inset #808080)] [r=0 c=0 rs=1 cs=1]
                      RenderImage {IMG} at (3,3) size 118x25
                      RenderBR {BR} at (121,28) size 0x0
                      RenderText {#text} at (16,28) size 7x19
                        text run at (16,28) width 7: "["
                      RenderInline {I} at (0,0) size 80x19
                        RenderText {#text} at (22,28) size 80x19
                          text run at (22,28) width 80: " Site Map "
                      RenderText {#text} at (101,28) size 7x19
                        text run at (101,28) width 7: "]"
      RenderBlock {P} at (0,154) size 964x19
        RenderText {#text} at (0,0) size 241x19
          text run at (0,0) width 241: "Same as above, but removed "
        RenderInline {CODE} at (0,0) size 140x15
          RenderText {#text} at (241,3) size 140x15
            text run at (241,3) width 140: "<SCRIPT></SCRIPT>"
      RenderTable {TABLE} at (0,189) size 644x103 [border: (1px outset #808080)]
        RenderTableSection {TBODY} at (1,1) size 642x101
          RenderTableRow {TR} at (0,0) size 642x101
            RenderTableCell {TD} at (0,0) size 510x101 [border: (1px inset #808080)] [r=0 c=0 rs=1 cs=1]
              RenderBlock {UL} at (1,1) size 508x83
                RenderListItem {LI} at (40,0) size 468x83
                  RenderListMarker at (-18,0) size 7x19: bullet
                  RenderText {#text} at (0,0) size 229x19
                    text run at (0,0) width 229: "The XML Files Resources List"
                  RenderImage {IMG} at (0,19) size 468x60
                  RenderText {#text} at (0,0) size 0x0
            RenderTableCell {TD} at (510,21) size 132x58 [border: (1px inset #808080)] [r=0 c=1 rs=1 cs=1]
              RenderTable {TABLE} at (1,1) size 130x56 [border: (1px outset #808080)]
                RenderTableSection {TBODY} at (1,1) size 128x54
                  RenderTableRow {TR} at (0,2) size 128x50
                    RenderTableCell {TD} at (2,2) size 124x50 [border: (1px inset #808080)] [r=0 c=0 rs=1 cs=1]
                      RenderImage {IMG} at (3,3) size 118x25
                      RenderBR {BR} at (121,28) size 0x0
                      RenderText {#text} at (16,28) size 7x19
                        text run at (16,28) width 7: "["
                      RenderInline {I} at (0,0) size 80x19
                        RenderText {#text} at (22,28) size 80x19
                          text run at (22,28) width 80: " Site Map "
                      RenderText {#text} at (101,28) size 7x19
                        text run at (101,28) width 7: "]"
