layer at (0,0) size 980x947
  RenderView at (0,0) size 980x735
layer at (0,0) size 980x947
  RenderBlock {HTML} at (0,0) size 980x947
    RenderBody {BODY} at (8,8) size 964x931
      RenderTable {TABLE} at (0,0) size 600x262 [border: (1px outset #808080)]
        RenderTableSection {TBODY} at (1,1) size 598x260
          RenderTableRow {TR} at (0,2) size 598x77
            RenderTableCell {TD} at (2,2) size 594x77 [border: (1px inset #808080)] [r=0 c=0 rs=1 cs=3]
              RenderImage {IMG} at (2,2) size 590x73
              RenderText {#text} at (0,0) size 0x0
          RenderTableRow {TR} at (0,81) size 598x93
            RenderTableCell {TD} at (2,81) size 114x42 [bgcolor=#94BD73] [border: (1px inset #808080)] [r=1 c=0 rs=1 cs=1]
              RenderText {#text} at (2,2) size 85x38
                text run at (2,2) width 85: "LH column"
                text run at (2,21) width 50: "image"
            RenderTableCell {TD} at (118,81) size 24x23 [border: (1px inset #808080)] [r=1 c=1 rs=1 cs=1]
              RenderText {#text} at (2,2) size 20x19
                text run at (2,2) width 20: "    "
            RenderTableCell {TD} at (144,81) size 452x93 [border: (1px inset #808080)] [r=1 c=2 rs=1 cs=1]
              RenderBlock {P} at (2,2) size 448x19
                RenderText {#text} at (0,0) size 279x19
                  text run at (0,0) width 279: "HP Peripherals Developer Program"
              RenderBlock {P} at (2,37) size 448x19
                RenderText {#text} at (0,0) size 165x19
                  text run at (0,0) width 165: "PROGRAM SERVICES"
              RenderBlock {P} at (2,72) size 448x19
                RenderText {#text} at (0,0) size 90x19
                  text run at (0,0) width 90: "etc., etc. ..."
          RenderTableRow {TR} at (0,176) size 598x37
            RenderTableCell {TD} at (2,176) size 594x37 [border: (1px inset #808080)] [r=2 c=0 rs=1 cs=3]
              RenderImage {IMG} at (2,2) size 589x33
              RenderText {#text} at (0,0) size 0x0
          RenderTableRow {TR} at (0,215) size 598x43
            RenderTableCell {TD} at (2,215) size 114x43 [border: (1px inset #808080)] [r=3 c=0 rs=1 cs=1]
              RenderImage {IMG} at (2,2) size 110x39
              RenderText {#text} at (0,0) size 0x0
            RenderTableCell {TH} at (118,225) size 478x23 [border: (1px inset #808080)] [r=3 c=1 rs=1 cs=2]
              RenderText {#text} at (196,2) size 86x19
                text run at (196,2) width 86: "text links"
      RenderBlock {HR} at (0,270) size 964x2 [border: (1px inset #000000)]
      RenderBlock {P} at (0,288) size 964x19
        RenderInline {B} at (0,0) size 631x19
          RenderText {#text} at (0,0) size 631x19
            text run at (0,0) width 631: "Now, nuke the IMG (two of which are colspan=3) -- the table lines up."
      RenderTable {TABLE} at (0,323) size 590x184 [border: (1px outset #808080)]
        RenderTableSection {TBODY} at (1,1) size 588x182
          RenderTableRow {TR} at (0,2) size 588x23
            RenderTableCell {TD} at (2,2) size 584x23 [border: (1px inset #808080)] [r=0 c=0 rs=1 cs=3]
              RenderText {#text} at (2,2) size 154x19
                text run at (2,2) width 154: "IMG in a colspan=3"
          RenderTableRow {TR} at (0,27) size 588x93
            RenderTableCell {TD} at (2,27) size 110x42 [bgcolor=#94BD73] [border: (1px inset #808080)] [r=1 c=0 rs=1 cs=1]
              RenderText {#text} at (2,2) size 85x38
                text run at (2,2) width 85: "LH column"
                text run at (2,21) width 50: "image"
            RenderTableCell {TD} at (114,27) size 24x23 [border: (1px inset #808080)] [r=1 c=1 rs=1 cs=1]
              RenderText {#text} at (2,2) size 20x19
                text run at (2,2) width 20: "    "
            RenderTableCell {TD} at (140,27) size 446x93 [border: (1px inset #808080)] [r=1 c=2 rs=1 cs=1]
              RenderBlock {P} at (2,2) size 442x19
                RenderText {#text} at (0,0) size 279x19
                  text run at (0,0) width 279: "HP Peripherals Developer Program"
              RenderBlock {P} at (2,37) size 442x19
                RenderText {#text} at (0,0) size 165x19
                  text run at (0,0) width 165: "PROGRAM SERVICES"
              RenderBlock {P} at (2,72) size 442x19
                RenderText {#text} at (0,0) size 90x19
                  text run at (0,0) width 90: "etc., etc. ..."
          RenderTableRow {TR} at (0,122) size 588x33
            RenderTableCell {TD} at (2,127) size 584x23 [border: (1px inset #808080)] [r=2 c=0 rs=1 cs=3]
              RenderText {#text} at (2,2) size 154x19
                text run at (2,2) width 154: "IMG in a colspan=3"
          RenderTableRow {TR} at (0,157) size 588x23
            RenderTableCell {TD} at (2,157) size 110x23 [border: (1px inset #808080)] [r=3 c=0 rs=1 cs=1]
              RenderText {#text} at (2,2) size 89x19
                text run at (2,2) width 89: "just an IMG"
            RenderTableCell {TH} at (114,157) size 472x23 [border: (1px inset #808080)] [r=3 c=1 rs=1 cs=2]
              RenderText {#text} at (193,2) size 86x19
                text run at (193,2) width 86: "text links"
      RenderBlock {HR} at (0,515) size 964x2 [border: (1px inset #000000)]
      RenderBlock {P} at (0,533) size 964x19
        RenderInline {B} at (0,0) size 671x19
          RenderText {#text} at (0,0) size 671x19
            text run at (0,0) width 671: "Simpler comparison -- two rows, first is IMG in colspan=3 -- tables not OK"
      RenderTable {TABLE} at (0,568) size 600x178 [border: (1px outset #808080)]
        RenderTableSection {TBODY} at (1,1) size 598x176
          RenderTableRow {TR} at (0,2) size 598x77
            RenderTableCell {TD} at (2,2) size 594x77 [border: (1px inset #808080)] [r=0 c=0 rs=1 cs=3]
              RenderImage {IMG} at (2,2) size 590x73
              RenderText {#text} at (0,0) size 0x0
          RenderTableRow {TR} at (0,81) size 598x93
            RenderTableCell {TD} at (2,81) size 111x42 [bgcolor=#94BD73] [border: (1px inset #808080)] [r=1 c=0 rs=1 cs=1]
              RenderText {#text} at (2,2) size 85x38
                text run at (2,2) width 85: "LH column"
                text run at (2,21) width 50: "image"
            RenderTableCell {TD} at (115,81) size 24x23 [border: (1px inset #808080)] [r=1 c=1 rs=1 cs=1]
              RenderText {#text} at (2,2) size 20x19
                text run at (2,2) width 20: "    "
            RenderTableCell {TD} at (141,81) size 455x93 [border: (1px inset #808080)] [r=1 c=2 rs=1 cs=1]
              RenderBlock {P} at (2,2) size 451x19
                RenderText {#text} at (0,0) size 279x19
                  text run at (0,0) width 279: "HP Peripherals Developer Program"
              RenderBlock {P} at (2,37) size 451x19
                RenderText {#text} at (0,0) size 165x19
                  text run at (0,0) width 165: "PROGRAM SERVICES"
              RenderBlock {P} at (2,72) size 451x19
                RenderText {#text} at (0,0) size 90x19
                  text run at (0,0) width 90: "etc., etc. ..."
      RenderBlock {HR} at (0,754) size 964x2 [border: (1px inset #000000)]
      RenderBlock {P} at (0,772) size 964x19
        RenderInline {B} at (0,0) size 697x19
          RenderText {#text} at (0,0) size 697x19
            text run at (0,0) width 697: "Simpler comparison -- nuke the IMG (replace with text) -- tables line up now."
      RenderTable {TABLE} at (0,807) size 590x124 [border: (1px outset #808080)]
        RenderTableSection {TBODY} at (1,1) size 588x122
          RenderTableRow {TR} at (0,2) size 588x23
            RenderTableCell {TD} at (2,2) size 584x23 [border: (1px inset #808080)] [r=0 c=0 rs=1 cs=3]
              RenderText {#text} at (2,2) size 259x19
                text run at (2,2) width 259: "text instead of IMG in colspan=3"
          RenderTableRow {TR} at (0,27) size 588x93
            RenderTableCell {TD} at (2,27) size 110x42 [bgcolor=#94BD73] [border: (1px inset #808080)] [r=1 c=0 rs=1 cs=1]
              RenderText {#text} at (2,2) size 85x38
                text run at (2,2) width 85: "LH column"
                text run at (2,21) width 50: "image"
            RenderTableCell {TD} at (114,27) size 24x23 [border: (1px inset #808080)] [r=1 c=1 rs=1 cs=1]
              RenderText {#text} at (2,2) size 20x19
                text run at (2,2) width 20: "    "
            RenderTableCell {TD} at (140,27) size 446x93 [border: (1px inset #808080)] [r=1 c=2 rs=1 cs=1]
              RenderBlock {P} at (2,2) size 442x19
                RenderText {#text} at (0,0) size 279x19
                  text run at (0,0) width 279: "HP Peripherals Developer Program"
              RenderBlock {P} at (2,37) size 442x19
                RenderText {#text} at (0,0) size 165x19
                  text run at (0,0) width 165: "PROGRAM SERVICES"
              RenderBlock {P} at (2,72) size 442x19
                RenderText {#text} at (0,0) size 90x19
                  text run at (0,0) width 90: "etc., etc. ..."
