layer at (0,0) size 980x735
  RenderView at (0,0) size 980x735
layer at (0,0) size 980x735
  RenderBlock {HTML} at (0,0) size 980x735
    RenderBody {BODY} at (8,8) size 964x719
      RenderTable {TABLE} at (0,0) size 143x50 [border: (3px outset #808080)]
        RenderTableSection {TBODY} at (3,3) size 137x44
          RenderTableRow {TR} at (0,0) size 137x44
            RenderTableCell {TD} at (0,0) size 137x44 [border: (1px inset #808080)] [r=0 c=0 rs=1 cs=1]
              RenderBlock (anonymous) at (1,1) size 135x19
                RenderText {#text} at (0,0) size 135x19
                  text run at (0,0) width 135: "Family Essentials"
              RenderTable {TABLE} at (1,20) size 30x23 [border: (1px outset #808080)]
                RenderTableSection {TBODY} at (1,1) size 28x21
                  RenderTableRow {TR} at (0,0) size 28x21
                    RenderTableCell {TD} at (0,0) size 28x21 [border: (1px inset #808080)] [r=0 c=0 rs=1 cs=1]
                      RenderText {#text} at (1,1) size 26x19
                        text run at (1,1) width 26: "foo"
