layer at (0,0) size 980x735
  RenderView at (0,0) size 980x735
layer at (0,0) size 980x735
  RenderBlock {HTML} at (0,0) size 980x735
    RenderBody {BODY} at (8,8) size 964x719
      RenderTable {TABLE} at (0,0) size 318x45 [border: (1px outset #808080)]
        RenderTableSection {TBODY} at (1,1) size 316x43
          RenderTableRow {TR} at (0,2) size 316x39
            RenderTableCell {TD} at (2,2) size 312x39 [border: (1px inset #808080)] [r=0 c=0 rs=1 cs=1]
              RenderBlock {UL} at (2,2) size 308x19
                RenderListItem {LI} at (40,0) size 268x19
                  RenderListMarker at (-18,0) size 7x19: bullet
                  RenderText {#text} at (0,0) size 268x19
                    text run at (0,0) width 268: "blah blah blah blah blah blah blah"
