layer at (0,0) size 980x735
  RenderView at (0,0) size 980x735
layer at (0,0) size 980x735
  RenderBlock {HTML} at (0,0) size 980x735
    RenderBody {BODY} at (8,8) size 964x711 [bgcolor=#FFFFFF]
      RenderBlock {FORM} at (0,0) size 964x35
        RenderTable {TABLE} at (0,0) size 964x35
          RenderTableSection {TBODY} at (0,0) size 964x35
            RenderTableRow {TR} at (0,2) size 964x31 [bgcolor=#FFFFFF]
              RenderTableCell {TD} at (2,4) size 74x29 [r=0 c=0 rs=1 cs=1]
                RenderButton {INPUT} at (3,3) size 68x23 [bgcolor=#C0C0C0] [border: (2px outset #C0C0C0)]
                  RenderBlock (anonymous) at (5,5) size 60x15
                    RenderText at (0,0) size 60x15
                      text run at (0,0) width 60: "Select all"
              RenderTableCell {TD} at (78,4) size 57x29 [r=0 c=1 rs=1 cs=1]
                RenderButton {INPUT} at (3,3) size 51x23 [bgcolor=#C0C0C0] [border: (2px outset #C0C0C0)]
                  RenderBlock (anonymous) at (5,5) size 43x15
                    RenderText at (0,0) size 43x15
                      text run at (0,0) width 43: "Delete"
              RenderTableCell {TD} at (137,4) size 93x29 [r=0 c=2 rs=1 cs=1]
                RenderButton {INPUT} at (3,3) size 87x23 [bgcolor=#C0C0C0] [border: (2px outset #C0C0C0)]
                  RenderBlock (anonymous) at (5,5) size 79x15
                    RenderText at (0,0) size 79x15
                      text run at (0,0) width 79: "Empty trash"
              RenderTableCell {TD} at (232,12) size 528x21 [r=0 c=3 rs=1 cs=1]
                RenderText {#text} at (1,1) size 5x19
                  text run at (1,1) width 5: " "
              RenderTableCell {TD} at (762,4) size 70x29 [r=0 c=4 rs=1 cs=1]
                RenderButton {INPUT} at (3,3) size 64x23 [bgcolor=#C0C0C0] [border: (2px outset #C0C0C0)]
                  RenderBlock (anonymous) at (5,5) size 56x15
                    RenderText at (0,0) size 56x15
                      text run at (0,0) width 56: "Move to:"
              RenderTableCell {TD} at (834,2) size 128x31 [r=0 c=5 rs=1 cs=1]
                RenderMenuList {SELECT} at (3,3) size 122x25 [bgcolor=#FFFFFF]
                  RenderBlock (anonymous) at (6,5) size 94x15
                    RenderText at (0,0) size 94x15
                      text run at (0,0) width 94: "Choose folder "
                RenderText {#text} at (0,0) size 0x0
