layer at (0,0) size 980x735
  RenderView at (0,0) size 980x735
layer at (0,0) size 980x735
  RenderBlock {HTML} at (0,0) size 980x735
    RenderBody {BODY} at (8,8) size 964x719
      RenderBlock {DIV} at (0,0) size 964x96
        RenderBlock {CENTER} at (0,0) size 964x96
          RenderTable {TABLE} at (96,0) size 771x39 [bgcolor=#000000]
            RenderTableSection {TBODY} at (0,0) size 771x39
              RenderTableRow {TR} at (0,5) size 771x29
                RenderTableCell {TD} at (5,5) size 40x29 [bgcolor=#FFCC33] [r=0 c=0 rs=1 cs=1]
                  RenderText {#text} at (25,5) size 10x19
                    text run at (25,5) width 10: "1"
                RenderTableCell {TD} at (50,5) size 660x29 [bgcolor=#FFCC33] [r=0 c=1 rs=1 cs=1]
                  RenderInline {A} at (0,0) size 58x19 [color=#0000EE]
                    RenderText {#text} at (5,5) size 58x19
                      text run at (5,5) width 58: "Believe"
                RenderTableCell {TD} at (715,5) size 51x29 [bgcolor=#FFCC33] [r=0 c=2 rs=1 cs=1]
                  RenderText {#text} at (11,5) size 35x19
                    text run at (11,5) width 35: "4:53"
          RenderBlock {DIV} at (0,39) size 964x57
            RenderBR {BR} at (964,0) size 0x19
            RenderBR {BR} at (964,19) size 0x19
            RenderInline {A} at (0,0) size 154x19 [color=#0000EE]
              RenderInline {FONT} at (0,0) size 154x19 [color=#FFCC33]
                RenderText {#text} at (810,38) size 154x19
                  text run at (810,38) width 96: "Back to the "
                  text run at (906,38) width 58: "index..."
