layer at (0,0) size 980x735
  RenderView at (0,0) size 980x735
layer at (0,0) size 980x735
  RenderBlock {HTML} at (0,0) size 980x735
    RenderBody {BODY} at (8,8) size 964x719
      RenderTable {TABLE} at (0,0) size 771x48
        RenderTableSection {TBODY} at (0,0) size 771x48
          RenderTableRow {TR} at (0,2) size 771x44
            RenderTableCell {TD} at (2,11) size 252x25 [border: (2px solid #FF0000)] [r=0 c=0 rs=1 cs=1]
              RenderText {#text} at (3,3) size 157x19
                text run at (3,3) width 157: "Cell 1 (width=33%)."
            RenderTableCell {TD} at (256,2) size 513x44 [border: (2px solid #0000FF)] [r=0 c=1 rs=1 cs=1]
              RenderText {#text} at (3,3) size 474x38
                text run at (3,3) width 474: "Cell 3 (width=*) - should be 67% when cell 2 is hidden, 33%"
                text run at (3,22) width 166: "when cell 2 is visible."
