layer at (0,0) size 980x735
  RenderView at (0,0) size 980x735
layer at (0,0) size 980x735
  RenderBlock {HTML} at (0,0) size 980x735
    RenderBody {BODY} at (8,8) size 964x719
      RenderTable {TABLE} at (0,0) size 300x29 [border: (1px outset #808080)]
        RenderTableSection {TBODY} at (1,1) size 298x27
          RenderTableRow {TR} at (0,2) size 298x23
            RenderTableCell {TD} at (2,2) size 146x23 [border: (1px inset #808080)] [r=0 c=0 rs=1 cs=1]
              RenderText {#text} at (56,2) size 34x19
                text run at (56,2) width 34: "One"
            RenderTableCell {TD} at (150,2) size 146x23 [border: (1px inset #808080)] [r=0 c=1 rs=1 cs=1]
              RenderText {#text} at (56,2) size 34x19
                text run at (56,2) width 34: "Two"
      RenderTable {TABLE} at (0,29) size 300x29 [border: (1px outset #808080)]
        RenderTableSection {TBODY} at (1,1) size 298x27
          RenderTableRow {TR} at (0,2) size 298x23
            RenderTableCell {TD} at (2,2) size 146x23 [border: (1px inset #808080)] [r=0 c=0 rs=1 cs=1]
              RenderText {#text} at (111,2) size 33x19
                text run at (111,2) width 33: "One"
            RenderTableCell {TD} at (150,2) size 146x23 [border: (1px inset #808080)] [r=0 c=1 rs=1 cs=1]
              RenderText {#text} at (111,2) size 33x19
                text run at (111,2) width 33: "Two"
      RenderTable {TABLE} at (0,58) size 434x54 [border: (1px outset #808080)]
        RenderTableSection {TBODY} at (1,1) size 432x52
          RenderTableRow {TR} at (0,2) size 432x23
            RenderTableCell {TD} at (2,2) size 213x23 [border: (1px inset #808080)] [r=0 c=0 rs=1 cs=1]
              RenderText {#text} at (90,2) size 33x19
                text run at (90,2) width 33: "One"
            RenderTableCell {TD} at (217,2) size 213x23 [border: (1px inset #808080)] [r=0 c=1 rs=1 cs=1]
              RenderText {#text} at (90,2) size 33x19
                text run at (90,2) width 33: "Two"
          RenderTableRow {TR} at (0,27) size 432x23
            RenderTableCell {TD} at (2,27) size 213x23 [border: (1px inset #808080)] [r=1 c=0 rs=1 cs=1]
              RenderText {#text} at (2,2) size 209x19
                text run at (2,2) width 209: "----------Long One------------"
            RenderTableCell {TD} at (217,27) size 213x23 [border: (1px inset #808080)] [r=1 c=1 rs=1 cs=1]
              RenderText {#text} at (2,2) size 209x19
                text run at (2,2) width 209: "----------Long Two------------"
      RenderTable {TABLE} at (0,112) size 964x29 [border: (1px outset #808080)]
        RenderTableSection {TBODY} at (1,1) size 962x27
          RenderTableRow {TR} at (0,2) size 962x23
            RenderTableCell {TD} at (2,2) size 478x23 [border: (1px inset #808080)] [r=0 c=0 rs=1 cs=1]
              RenderText {#text} at (222,2) size 34x19
                text run at (222,2) width 34: "One"
            RenderTableCell {TD} at (482,2) size 478x23 [border: (1px inset #808080)] [r=0 c=1 rs=1 cs=1]
              RenderText {#text} at (222,2) size 34x19
                text run at (222,2) width 34: "Two"
