layer at (0,0) size 980x735
  RenderView at (0,0) size 980x735
layer at (0,0) size 980x735
  RenderBlock {HTML} at (0,0) size 980x735
    RenderBody {BODY} at (8,8) size 964x719
      RenderTable {TABLE} at (0,0) size 202x29 [border: (1px outset #808080)]
        RenderTableSection {TBODY} at (1,1) size 200x27
          RenderTableRow {TR} at (0,2) size 200x23
            RenderTableCell {TD} at (2,2) size 72x23 [border: (1px inset #808080)] [r=0 c=0 rs=1 cs=1]
              RenderText {#text} at (2,2) size 68x19
                text run at (2,2) width 68: "Left side"
            RenderTableCell {TD} at (76,2) size 38x23 [border: (1px inset #808080)] [r=0 c=1 rs=1 cs=1]
              RenderText {#text} at (2,2) size 28x19
                text run at (2,2) width 28: "Mid"
            RenderTableCell {TD} at (116,2) size 82x23 [border: (1px inset #808080)] [r=0 c=2 rs=1 cs=1]
              RenderText {#text} at (2,2) size 78x19
                text run at (2,2) width 78: "Right side"
      RenderTable {TABLE} at (0,29) size 202x54 [border: (1px outset #808080)]
        RenderTableSection {TBODY} at (1,1) size 200x52
          RenderTableRow {TR} at (0,2) size 200x23
            RenderTableCell {TD} at (2,2) size 72x23 [border: (1px inset #808080)] [r=0 c=0 rs=1 cs=1]
              RenderText {#text} at (2,2) size 68x19
                text run at (2,2) width 68: "Left side"
            RenderTableCell {TD} at (76,2) size 38x23 [border: (1px inset #808080)] [r=0 c=1 rs=1 cs=1]
              RenderText {#text} at (2,2) size 28x19
                text run at (2,2) width 28: "Mid"
            RenderTableCell {TD} at (116,2) size 82x23 [border: (1px inset #808080)] [r=0 c=2 rs=1 cs=1]
              RenderText {#text} at (2,2) size 78x19
                text run at (2,2) width 78: "Right side"
          RenderTableRow {TR} at (0,27) size 200x23
            RenderTableCell {TD} at (2,27) size 72x23 [border: (1px inset #808080)] [r=1 c=0 rs=1 cs=1]
              RenderText {#text} at (2,2) size 68x19
                text run at (2,2) width 68: "Left side"
            RenderTableCell {TD} at (76,27) size 38x23 [border: (1px inset #808080)] [r=1 c=1 rs=1 cs=1]
              RenderText {#text} at (2,2) size 28x19
                text run at (2,2) width 28: "Mid"
            RenderTableCell {TD} at (116,27) size 82x23 [border: (1px inset #808080)] [r=1 c=2 rs=1 cs=1]
              RenderText {#text} at (2,2) size 78x19
                text run at (2,2) width 78: "Right side"
