layer at (0,0) size 980x735
  RenderView at (0,0) size 980x735
layer at (0,0) size 980x105
  RenderBlock {HTML} at (0,0) size 980x105
    RenderBody {BODY} at (8,8) size 964x89
      RenderTable {TABLE} at (0,0) size 346x89 [border: (4px outset #808080)]
        RenderTableSection {THEAD} at (4,4) size 338x27
          RenderTableRow {TR} at (0,2) size 338x23
            RenderTableCell {TD} at (2,2) size 40x23 [border: (1px inset #808080)] [r=0 c=0 rs=1 cs=1]
              RenderText {#text} at (2,2) size 20x19
                text run at (2,2) width 20: "h0"
            RenderTableCell {TD} at (44,2) size 40x23 [border: (1px inset #808080)] [r=0 c=1 rs=1 cs=1]
              RenderText {#text} at (2,2) size 20x19
                text run at (2,2) width 20: "h1"
            RenderTableCell {TD} at (86,2) size 40x23 [border: (1px inset #808080)] [r=0 c=2 rs=1 cs=1]
              RenderText {#text} at (2,2) size 20x19
                text run at (2,2) width 20: "h2"
            RenderTableCell {TD} at (128,2) size 40x23 [border: (1px inset #808080)] [r=0 c=3 rs=1 cs=1]
              RenderText {#text} at (2,2) size 20x19
                text run at (2,2) width 20: "h3"
            RenderTableCell {TD} at (170,2) size 40x23 [border: (1px inset #808080)] [r=0 c=4 rs=1 cs=1]
              RenderText {#text} at (2,2) size 20x19
                text run at (2,2) width 20: "h4"
            RenderTableCell {TD} at (212,2) size 40x23 [border: (1px inset #808080)] [r=0 c=5 rs=1 cs=1]
              RenderText {#text} at (2,2) size 20x19
                text run at (2,2) width 20: "h5"
            RenderTableCell {TD} at (254,2) size 40x23 [border: (1px inset #808080)] [r=0 c=6 rs=1 cs=1]
              RenderText {#text} at (2,2) size 20x19
                text run at (2,2) width 20: "h6"
            RenderTableCell {TD} at (296,2) size 40x23 [border: (1px inset #808080)] [r=0 c=7 rs=1 cs=1]
              RenderText {#text} at (2,2) size 20x19
                text run at (2,2) width 20: "h7"
        RenderTableSection {TFOOT} at (4,58) size 338x27
          RenderTableRow {TR} at (0,2) size 338x23
            RenderTableCell {TD} at (2,2) size 40x23 [border: (1px inset #808080)] [r=0 c=0 rs=1 cs=1]
              RenderText {#text} at (2,2) size 16x19
                text run at (2,2) width 16: "f0"
            RenderTableCell {TD} at (44,2) size 40x23 [border: (1px inset #808080)] [r=0 c=1 rs=1 cs=1]
              RenderText {#text} at (2,2) size 16x19
                text run at (2,2) width 16: "f1"
            RenderTableCell {TD} at (86,2) size 40x23 [border: (1px inset #808080)] [r=0 c=2 rs=1 cs=1]
              RenderText {#text} at (2,2) size 16x19
                text run at (2,2) width 16: "f2"
            RenderTableCell {TD} at (128,2) size 40x23 [border: (1px inset #808080)] [r=0 c=3 rs=1 cs=1]
              RenderText {#text} at (2,2) size 16x19
                text run at (2,2) width 16: "f3"
            RenderTableCell {TD} at (170,2) size 40x23 [border: (1px inset #808080)] [r=0 c=4 rs=1 cs=1]
              RenderText {#text} at (2,2) size 16x19
                text run at (2,2) width 16: "f4"
            RenderTableCell {TD} at (212,2) size 40x23 [border: (1px inset #808080)] [r=0 c=5 rs=1 cs=1]
              RenderText {#text} at (2,2) size 16x19
                text run at (2,2) width 16: "f5"
            RenderTableCell {TD} at (254,2) size 40x23 [border: (1px inset #808080)] [r=0 c=6 rs=1 cs=1]
              RenderText {#text} at (2,2) size 16x19
                text run at (2,2) width 16: "f6"
            RenderTableCell {TD} at (296,2) size 40x23 [border: (1px inset #808080)] [r=0 c=7 rs=1 cs=1]
              RenderText {#text} at (2,2) size 16x19
                text run at (2,2) width 16: "f7"
        RenderTableSection {TBODY} at (4,31) size 338x27
          RenderTableRow {TR} at (0,2) size 338x23
            RenderTableCell {TD} at (2,2) size 40x23 [border: (1px inset #808080)] [r=0 c=0 rs=1 cs=1]
              RenderText {#text} at (2,2) size 36x19
                text run at (2,2) width 36: "r0c0"
            RenderTableCell {TD} at (44,2) size 40x23 [border: (1px inset #808080)] [r=0 c=1 rs=1 cs=1]
              RenderText {#text} at (2,2) size 36x19
                text run at (2,2) width 36: "r0c1"
            RenderTableCell {TD} at (86,2) size 40x23 [border: (1px inset #808080)] [r=0 c=2 rs=1 cs=1]
              RenderText {#text} at (2,2) size 36x19
                text run at (2,2) width 36: "r0c2"
            RenderTableCell {TD} at (128,2) size 40x23 [border: (1px inset #808080)] [r=0 c=3 rs=1 cs=1]
              RenderText {#text} at (2,2) size 36x19
                text run at (2,2) width 36: "r0c3"
            RenderTableCell {TD} at (170,2) size 40x23 [border: (1px inset #808080)] [r=0 c=4 rs=1 cs=1]
              RenderText {#text} at (2,2) size 36x19
                text run at (2,2) width 36: "r0c4"
            RenderTableCell {TD} at (212,2) size 40x23 [border: (1px inset #808080)] [r=0 c=5 rs=1 cs=1]
              RenderText {#text} at (2,2) size 36x19
                text run at (2,2) width 36: "r0c5"
            RenderTableCell {TD} at (254,2) size 40x23 [border: (1px inset #808080)] [r=0 c=6 rs=1 cs=1]
              RenderText {#text} at (2,2) size 36x19
                text run at (2,2) width 36: "r0c6"
            RenderTableCell {TD} at (296,2) size 40x23 [border: (1px inset #808080)] [r=0 c=7 rs=1 cs=1]
              RenderText {#text} at (2,2) size 36x19
                text run at (2,2) width 36: "r0c7"
