layer at (0,0) size 980x735
  RenderView at (0,0) size 980x735
layer at (0,0) size 980x735
  RenderBlock {HTML} at (0,0) size 980x735
    RenderBody {BODY} at (8,8) size 964x719
      RenderTable {TABLE} at (0,0) size 98x56 [border: (1px outset #808080)]
        RenderTableSection {THEAD} at (1,1) size 96x27
          RenderTableRow {TR} at (0,2) size 96x23
            RenderTableCell {TH} at (2,2) size 92x23 [border: (1px inset #808080)] [r=0 c=0 rs=1 cs=1]
              RenderText {#text} at (2,2) size 88x19
                text run at (2,2) width 88: "thead cell"
        RenderTableSection {TBODY} at (1,28) size 96x27
          RenderTableRow {TR} at (0,2) size 96x23
            RenderTableCell {TD} at (2,2) size 92x23 [border: (1px inset #808080)] [r=0 c=0 rs=1 cs=1]
              RenderText {#text} at (2,2) size 77x19
                text run at (2,2) width 77: "tbody cell"
