layer at (0,0) size 980x735
  RenderView at (0,0) size 980x735
layer at (0,0) size 980x735
  RenderBlock {HTML} at (0,0) size 980x735
    RenderBody {BODY} at (8,8) size 964x719
      RenderTable {TABLE} at (0,0) size 545x88 [border: (1px outset #808080)]
        RenderTableSection {TBODY} at (1,1) size 543x86
          RenderTableRow {TR} at (0,2) size 543x57
            RenderTableCell {TD} at (2,19) size 188x23 [border: (1px inset #808080)] [r=0 c=0 rs=1 cs=1]
              RenderText {#text} at (2,2) size 35x19
                text run at (2,2) width 35: "Blah"
            RenderTableCell {TD} at (192,2) size 349x57 [border: (1px inset #808080)] [r=0 c=1 rs=1 cs=1]
              RenderTable {TABLE} at (140,2) size 68x53 [border: (1px outset #808080)]
                RenderTableSection {TBODY} at (1,1) size 66x51
                  RenderTableRow {TR} at (0,2) size 66x47
                    RenderTableCell {TD} at (2,2) size 62x47 [border: (1px inset #808080)] [r=0 c=0 rs=1 cs=1]
                      RenderBlock {FORM} at (2,2) size 58x27
                        RenderButton {INPUT} at (2,2) size 54x23 [bgcolor=#C0C0C0] [border: (2px outset #C0C0C0)]
                          RenderBlock (anonymous) at (5,5) size 46x15
                            RenderText at (0,0) size 46x15
                              text run at (0,0) width 46: "Submit"
                        RenderText {#text} at (0,0) size 0x0
          RenderTableRow {TR} at (0,61) size 543x23
            RenderTableCell {TD} at (2,61) size 539x23 [border: (1px inset #808080)] [r=1 c=0 rs=1 cs=2]
              RenderText {#text} at (2,2) size 535x19
                text run at (2,2) width 535: "This line is only here to separate the two columns in the row above"
