layer at (0,0) size 980x735
  RenderView at (0,0) size 980x735
layer at (0,0) size 980x735
  RenderBlock {HTML} at (0,0) size 980x735
    RenderBody {BODY} at (8,8) size 964x719
      RenderTable {TABLE} at (0,0) size 85x129 [border: (1px outset #808080)]
        RenderTableSection {TBODY} at (1,1) size 83x127
          RenderTableRow {TR} at (0,2) size 83x22
            RenderTableCell {TD} at (2,2) size 79x22 [border: (1px inset #808080)] [r=0 c=0 rs=1 cs=1]
              RenderBlock {HR} at (3,10) size 72x2 [border: (1px inset #000000)]
          RenderTableRow {TR} at (0,26) size 83x99
            RenderTableCell {TD} at (2,26) size 79x99 [border: (1px inset #808080)] [r=1 c=0 rs=1 cs=1]
              RenderText {#text} at (2,2) size 55x95
                text run at (2,2) width 28: "this"
                text run at (2,21) width 52: "should"
                text run at (2,40) width 40: "wrap"
                text run at (2,59) width 47: "within"
                text run at (2,78) width 55: "this TD"
      RenderBlock (anonymous) at (0,129) size 964x19
        RenderBR {BR} at (0,0) size 0x19
      RenderTable {TABLE} at (0,148) size 92x129 [border: (1px outset #808080)]
        RenderTableSection {TBODY} at (1,1) size 90x127
          RenderTableRow {TR} at (0,2) size 90x22
            RenderTableCell {TD} at (2,2) size 86x22 [border: (1px inset #808080)] [r=0 c=0 rs=1 cs=1]
              RenderBlock {HR} at (2,10) size 82x2 [border: (1px inset #000000)]
          RenderTableRow {TR} at (0,26) size 90x99
            RenderTableCell {TD} at (2,26) size 86x99 [border: (1px inset #808080)] [r=1 c=0 rs=1 cs=1]
              RenderText {#text} at (2,2) size 80x95
                text run at (2,2) width 28: "this"
                text run at (2,21) width 52: "should"
                text run at (2,40) width 40: "wrap"
                text run at (2,59) width 80: "within this"
                text run at (2,78) width 22: "TD"
