layer at (0,0) size 980x1395
  RenderView at (0,0) size 980x735
layer at (0,0) size 980x1395
  RenderBlock {HTML} at (0,0) size 980x1395
    RenderBody {BODY} at (8,8) size 964x1379
      RenderBlock {P} at (0,0) size 964x19
        RenderText {#text} at (0,0) size 171x19
          text run at (0,0) width 171: "IFRAME inside TFOOT"
      RenderTable {TABLE} at (0,35) size 964x414 [border: (1px outset #808080)]
        RenderTableSection {THEAD} at (1,1) size 962x102
          RenderTableRow {TR} at (0,2) size 962x98
            RenderTableCell {TD} at (2,30) size 47x42 [border: (1px inset #808080)] [r=0 c=0 rs=1 cs=1]
              RenderText {#text} at (2,2) size 29x38
                text run at (2,2) width 11: "A"
                text run at (2,21) width 29: "Cell"
            RenderTableCell {TD} at (51,2) size 859x98 [border: (1px inset #808080)] [r=0 c=1 rs=1 cs=1]
              RenderInline {SPAN} at (0,0) size 731x93
                RenderText {#text} at (2,2) size 731x93
                  text run at (2,2) width 731: "THEAD blah blah blah blah blah blah"
                  text run at (2,49) width 137: "THEAD"
              RenderText {#text} at (0,0) size 0x0
            RenderTableCell {TD} at (912,30) size 48x42 [border: (1px inset #808080)] [r=0 c=2 rs=1 cs=1]
              RenderText {#text} at (2,2) size 29x38
                text run at (2,2) width 11: "A"
                text run at (2,21) width 29: "Cell"
        RenderTableSection {TFOOT} at (1,205) size 962x208
          RenderTableRow {TR} at (0,2) size 962x204
            RenderTableCell {TD} at (2,83) size 47x42 [border: (1px inset #808080)] [r=0 c=0 rs=1 cs=1]
              RenderText {#text} at (2,2) size 29x38
                text run at (2,2) width 11: "A"
                text run at (2,21) width 29: "Cell"
            RenderTableCell {TD} at (51,2) size 859x204 [border: (1px inset #808080)] [r=0 c=1 rs=1 cs=1]
              RenderPartObject {IFRAME} at (12,12) size 155x180 [border: (5px solid #FF0000)]
                layer at (0,0) size 125x150
                  RenderView at (0,0) size 125x150
                layer at (0,0) size 125x150
                  RenderBlock {HTML} at (0,0) size 125x150
                    RenderBody {BODY} at (8,8) size 109x134
              RenderText {#text} at (0,0) size 0x0
            RenderTableCell {TD} at (912,83) size 48x42 [border: (1px inset #808080)] [r=0 c=2 rs=1 cs=1]
              RenderText {#text} at (2,2) size 29x38
                text run at (2,2) width 11: "A"
                text run at (2,21) width 29: "Cell"
        RenderTableSection {TBODY} at (1,103) size 962x102
          RenderTableRow {TR} at (0,2) size 962x98
            RenderTableCell {TD} at (2,30) size 47x42 [border: (1px inset #808080)] [r=0 c=0 rs=1 cs=1]
              RenderText {#text} at (2,2) size 29x38
                text run at (2,2) width 11: "A"
                text run at (2,21) width 29: "Cell"
            RenderTableCell {TD} at (51,2) size 859x98 [border: (1px inset #808080)] [r=0 c=1 rs=1 cs=1]
              RenderInline {SPAN} at (0,0) size 731x93
                RenderText {#text} at (2,2) size 731x93
                  text run at (2,2) width 731: "TBODY blah blah blah blah blah blah"
                  text run at (2,49) width 137: "TBODY"
              RenderText {#text} at (0,0) size 0x0
            RenderTableCell {TD} at (912,30) size 48x42 [border: (1px inset #808080)] [r=0 c=2 rs=1 cs=1]
              RenderText {#text} at (2,2) size 29x38
                text run at (2,2) width 11: "A"
                text run at (2,21) width 29: "Cell"
      RenderBlock {P} at (0,465) size 964x19
        RenderText {#text} at (0,0) size 172x19
          text run at (0,0) width 172: "IFRAME inside TBODY"
      RenderTable {TABLE} at (0,500) size 964x414 [border: (1px outset #808080)]
        RenderTableSection {THEAD} at (1,1) size 962x102
          RenderTableRow {TR} at (0,2) size 962x98
            RenderTableCell {TD} at (2,30) size 47x42 [border: (1px inset #808080)] [r=0 c=0 rs=1 cs=1]
              RenderText {#text} at (2,2) size 29x38
                text run at (2,2) width 11: "A"
                text run at (2,21) width 29: "Cell"
            RenderTableCell {TD} at (51,2) size 859x98 [border: (1px inset #808080)] [r=0 c=1 rs=1 cs=1]
              RenderInline {SPAN} at (0,0) size 731x93
                RenderText {#text} at (2,2) size 731x93
                  text run at (2,2) width 731: "THEAD blah blah blah blah blah blah"
                  text run at (2,49) width 137: "THEAD"
              RenderText {#text} at (0,0) size 0x0
            RenderTableCell {TD} at (912,30) size 48x42 [border: (1px inset #808080)] [r=0 c=2 rs=1 cs=1]
              RenderText {#text} at (2,2) size 29x38
                text run at (2,2) width 11: "A"
                text run at (2,21) width 29: "Cell"
        RenderTableSection {TFOOT} at (1,311) size 962x102
          RenderTableRow {TR} at (0,2) size 962x98
            RenderTableCell {TD} at (2,30) size 47x42 [border: (1px inset #808080)] [r=0 c=0 rs=1 cs=1]
              RenderText {#text} at (2,2) size 29x38
                text run at (2,2) width 11: "A"
                text run at (2,21) width 29: "Cell"
            RenderTableCell {TD} at (51,2) size 859x98 [border: (1px inset #808080)] [r=0 c=1 rs=1 cs=1]
              RenderInline {SPAN} at (0,0) size 727x93
                RenderText {#text} at (2,2) size 727x93
                  text run at (2,2) width 727: "TFOOT blah blah blah blah blah blah"
                  text run at (2,49) width 133: "TFOOT"
              RenderText {#text} at (0,0) size 0x0
            RenderTableCell {TD} at (912,30) size 48x42 [border: (1px inset #808080)] [r=0 c=2 rs=1 cs=1]
              RenderText {#text} at (2,2) size 29x38
                text run at (2,2) width 11: "A"
                text run at (2,21) width 29: "Cell"
        RenderTableSection {TBODY} at (1,103) size 962x208
          RenderTableRow {TR} at (0,2) size 962x204
            RenderTableCell {TD} at (2,83) size 47x42 [border: (1px inset #808080)] [r=0 c=0 rs=1 cs=1]
              RenderText {#text} at (2,2) size 29x38
                text run at (2,2) width 11: "A"
                text run at (2,21) width 29: "Cell"
            RenderTableCell {TD} at (51,2) size 859x204 [border: (1px inset #808080)] [r=0 c=1 rs=1 cs=1]
              RenderPartObject {IFRAME} at (12,12) size 155x180 [border: (5px solid #FF0000)]
                layer at (0,0) size 125x150
                  RenderView at (0,0) size 125x150
                layer at (0,0) size 125x150
                  RenderBlock {HTML} at (0,0) size 125x150
                    RenderBody {BODY} at (8,8) size 109x134
              RenderText {#text} at (0,0) size 0x0
            RenderTableCell {TD} at (912,83) size 48x42 [border: (1px inset #808080)] [r=0 c=2 rs=1 cs=1]
              RenderText {#text} at (2,2) size 29x38
                text run at (2,2) width 11: "A"
                text run at (2,21) width 29: "Cell"
      RenderBlock {P} at (0,930) size 964x19
        RenderText {#text} at (0,0) size 171x19
          text run at (0,0) width 171: "IFRAME inside THEAD"
      RenderTable {TABLE} at (0,965) size 964x414 [border: (1px outset #808080)]
        RenderTableSection {THEAD} at (1,1) size 962x208
          RenderTableRow {TR} at (0,2) size 962x204
            RenderTableCell {TD} at (2,83) size 47x42 [border: (1px inset #808080)] [r=0 c=0 rs=1 cs=1]
              RenderText {#text} at (2,2) size 29x38
                text run at (2,2) width 11: "A"
                text run at (2,21) width 29: "Cell"
            RenderTableCell {TD} at (51,2) size 859x204 [border: (1px inset #808080)] [r=0 c=1 rs=1 cs=1]
              RenderPartObject {IFRAME} at (12,12) size 155x180 [border: (5px solid #FF0000)]
                layer at (0,0) size 125x150
                  RenderView at (0,0) size 125x150
                layer at (0,0) size 125x150
                  RenderBlock {HTML} at (0,0) size 125x150
                    RenderBody {BODY} at (8,8) size 109x134
              RenderText {#text} at (0,0) size 0x0
            RenderTableCell {TD} at (912,83) size 48x42 [border: (1px inset #808080)] [r=0 c=2 rs=1 cs=1]
              RenderText {#text} at (2,2) size 29x38
                text run at (2,2) width 11: "A"
                text run at (2,21) width 29: "Cell"
        RenderTableSection {TFOOT} at (1,311) size 962x102
          RenderTableRow {TR} at (0,2) size 962x98
            RenderTableCell {TD} at (2,30) size 47x42 [border: (1px inset #808080)] [r=0 c=0 rs=1 cs=1]
              RenderText {#text} at (2,2) size 29x38
                text run at (2,2) width 11: "A"
                text run at (2,21) width 29: "Cell"
            RenderTableCell {TD} at (51,2) size 859x98 [border: (1px inset #808080)] [r=0 c=1 rs=1 cs=1]
              RenderInline {SPAN} at (0,0) size 727x93
                RenderText {#text} at (2,2) size 727x93
                  text run at (2,2) width 727: "TFOOT blah blah blah blah blah blah"
                  text run at (2,49) width 133: "TFOOT"
              RenderText {#text} at (0,0) size 0x0
            RenderTableCell {TD} at (912,30) size 48x42 [border: (1px inset #808080)] [r=0 c=2 rs=1 cs=1]
              RenderText {#text} at (2,2) size 29x38
                text run at (2,2) width 11: "A"
                text run at (2,21) width 29: "Cell"
        RenderTableSection {TBODY} at (1,209) size 962x102
          RenderTableRow {TR} at (0,2) size 962x98
            RenderTableCell {TD} at (2,30) size 47x42 [border: (1px inset #808080)] [r=0 c=0 rs=1 cs=1]
              RenderText {#text} at (2,2) size 29x38
                text run at (2,2) width 11: "A"
                text run at (2,21) width 29: "Cell"
            RenderTableCell {TD} at (51,2) size 859x98 [border: (1px inset #808080)] [r=0 c=1 rs=1 cs=1]
              RenderInline {SPAN} at (0,0) size 731x93
                RenderText {#text} at (2,2) size 731x93
                  text run at (2,2) width 731: "TBODY blah blah blah blah blah blah"
                  text run at (2,49) width 137: "TBODY"
              RenderText {#text} at (0,0) size 0x0
            RenderTableCell {TD} at (912,30) size 48x42 [border: (1px inset #808080)] [r=0 c=2 rs=1 cs=1]
              RenderText {#text} at (2,2) size 29x38
                text run at (2,2) width 11: "A"
                text run at (2,21) width 29: "Cell"
