layer at (0,0) size 980x735
  RenderView at (0,0) size 980x735
layer at (0,0) size 980x735
  RenderBlock {HTML} at (0,0) size 980x735
    RenderBody {BODY} at (0,0) size 980x735 [color=#FFFF00] [bgcolor=#000000]
      RenderBlock {P} at (49,49) size 882x19
        RenderInline {B} at (0,0) size 340x19
          RenderText {#text} at (0,0) size 340x19
            text run at (0,0) width 340: "All cell borders should look the same."
      RenderTable {TABLE} at (49,84) size 902x196 [border: (1px outset #808080)]
        RenderTableCol {COLGROUP} at (0,0) size 0x0
          RenderTableCol {COL} at (0,0) size 0x0
        RenderTableSection {TBODY} at (1,1) size 900x194
          RenderTableRow {TR} at (0,0) size 900x21
            RenderTableCell {TD} at (0,0) size 900x21 [color=#00FF00] [bgcolor=#000000] [border: (1px inset #808080)] [r=0 c=0 rs=1 cs=3]
              RenderBlock {P} at (1,1) size 898x19
                RenderText {#text} at (365,0) size 168x19
                  text run at (365,0) width 168: "look at cell borders..."
          RenderTableRow {TR} at (0,21) size 900x173
            RenderTableCell {TD} at (0,154) size 300x40 [color=#00FF00] [bgcolor=#000000] [border: (1px inset #808080)] [r=1 c=0 rs=1 cs=1]
              RenderBlock {P} at (1,1) size 298x38
                RenderText {#text} at (122,0) size 54x19
                  text run at (122,0) width 54: "border"
                RenderBR {BR} at (176,15) size 0x0
                RenderText {#text} at (115,19) size 68x19
                  text run at (115,19) width 68: "bottom?"
            RenderTableCell {TD} at (300,21) size 300x173 [color=#00FF00] [bgcolor=#000000] [border: (1px inset #808080)] [r=1 c=1 rs=1 cs=1]
              RenderBlock {P} at (1,1) size 298x171
                RenderText {#text} at (119,0) size 60x19
                  text run at (119,0) width 60: "this cell"
                RenderBR {BR} at (179,15) size 0x0
                RenderText {#text} at (122,19) size 54x19
                  text run at (122,19) width 54: "border"
                RenderBR {BR} at (176,34) size 0x0
                RenderText {#text} at (134,38) size 30x19
                  text run at (134,38) width 30: "fine"
                RenderBR {BR} at (164,53) size 0x0
                RenderText {#text} at (119,57) size 60x19
                  text run at (119,57) width 60: "this cell"
                RenderBR {BR} at (179,72) size 0x0
                RenderText {#text} at (122,76) size 54x19
                  text run at (122,76) width 54: "border"
                RenderBR {BR} at (176,91) size 0x0
                RenderText {#text} at (134,95) size 30x19
                  text run at (134,95) width 30: "fine"
                RenderBR {BR} at (164,110) size 0x0
                RenderText {#text} at (119,114) size 60x19
                  text run at (119,114) width 60: "this cell"
                RenderBR {BR} at (179,129) size 0x0
                RenderText {#text} at (122,133) size 54x19
                  text run at (122,133) width 54: "border"
                RenderBR {BR} at (176,148) size 0x0
                RenderText {#text} at (134,152) size 30x19
                  text run at (134,152) width 30: "fine"
            RenderTableCell {TD} at (600,21) size 300x173 [color=#00FF00] [bgcolor=#000000] [border: (1px inset #808080)] [r=1 c=2 rs=1 cs=1]
              RenderBlock {P} at (1,1) size 298x171
                RenderText {#text} at (119,0) size 60x19
                  text run at (119,0) width 60: "this cell"
                RenderBR {BR} at (179,15) size 0x0
                RenderText {#text} at (122,19) size 54x19
                  text run at (122,19) width 54: "border"
                RenderBR {BR} at (176,34) size 0x0
                RenderText {#text} at (134,38) size 30x19
                  text run at (134,38) width 30: "fine"
                RenderBR {BR} at (164,53) size 0x0
                RenderText {#text} at (119,57) size 60x19
                  text run at (119,57) width 60: "this cell"
                RenderBR {BR} at (179,72) size 0x0
                RenderText {#text} at (122,76) size 54x19
                  text run at (122,76) width 54: "border"
                RenderBR {BR} at (176,91) size 0x0
                RenderText {#text} at (134,95) size 30x19
                  text run at (134,95) width 30: "fine"
                RenderBR {BR} at (164,110) size 0x0
                RenderText {#text} at (119,114) size 60x19
                  text run at (119,114) width 60: "this cell"
                RenderBR {BR} at (179,129) size 0x0
                RenderText {#text} at (122,133) size 54x19
                  text run at (122,133) width 54: "border"
                RenderBR {BR} at (176,148) size 0x0
                RenderText {#text} at (134,152) size 30x19
                  text run at (134,152) width 30: "fine"
