layer at (0,0) size 980x735
  RenderView at (0,0) size 980x735
layer at (0,0) size 980x271
  RenderBlock {HTML} at (0,0) size 980x271
    RenderBody {BODY} at (8,8) size 964x255
      RenderBlock {DIV} at (0,0) size 964x19
        RenderText {#text} at (0,0) size 402x19
          text run at (0,0) width 402: "Buggy example: This table has a tfoot and a tbody"
      RenderTable {TABLE} at (0,19) size 964x56 [border: (1px outset #808080)]
        RenderTableSection {TFOOT} at (1,28) size 962x27
          RenderTableRow {TR} at (0,2) size 962x23 [bgcolor=#808000]
            RenderTableCell {TD} at (2,2) size 958x23 [border: (1px inset #808080)] [r=0 c=0 rs=1 cs=1]
              RenderText {#text} at (822,2) size 134x19
                text run at (822,2) width 134: "This is the footer"
        RenderTableSection {TBODY} at (1,1) size 962x27
          RenderTableRow {TR} at (0,2) size 962x23 [bgcolor=#C0C0C0]
            RenderTableCell {TD} at (2,2) size 958x23 [border: (1px inset #808080)] [r=0 c=0 rs=1 cs=1]
      RenderBlock (anonymous) at (0,75) size 964x19
        RenderBR {BR} at (0,0) size 0x19
      RenderBlock {DIV} at (0,94) size 964x19
        RenderText {#text} at (0,0) size 381x19
          text run at (0,0) width 381: "For comparison: The same table without a tfoot"
      RenderTable {TABLE} at (0,113) size 964x29 [border: (1px outset #808080)]
        RenderTableSection {TBODY} at (1,1) size 962x27
          RenderTableRow {TR} at (0,2) size 962x23 [bgcolor=#C0C0C0]
            RenderTableCell {TD} at (2,2) size 958x23 [border: (1px inset #808080)] [r=0 c=0 rs=1 cs=1]
      RenderBlock {DIV} at (0,142) size 964x38
        RenderText {#text} at (0,0) size 963x38
          text run at (0,0) width 963: "ILLEGAL example: TFOOT after TBODY -- THIS IS PROHIBITED BY HTML 4.01 STRICT AND SHOULD NOT WORK IN STRICT"
          text run at (0,19) width 383: "MODE. Please fix or reenable transitional mode."
      RenderTable {TABLE} at (0,180) size 964x56 [border: (1px outset #808080)]
        RenderTableSection {TBODY} at (1,1) size 962x27
          RenderTableRow {TR} at (0,2) size 962x23 [bgcolor=#C0C0C0]
            RenderTableCell {TD} at (2,2) size 958x23 [border: (1px inset #808080)] [r=0 c=0 rs=1 cs=1]
        RenderTableSection {TFOOT} at (1,28) size 962x27
          RenderTableRow {TR} at (0,2) size 962x23 [bgcolor=#808000]
            RenderTableCell {TD} at (2,2) size 958x23 [border: (1px inset #808080)] [r=0 c=0 rs=1 cs=1]
              RenderText {#text} at (822,2) size 134x19
                text run at (822,2) width 134: "This is the footer"
      RenderBlock (anonymous) at (0,236) size 964x19
        RenderBR {BR} at (0,0) size 0x19
layer at (13,32) size 477x19
  RenderBlock (relative positioned) {DIV} at (2,2) size 477x19 [bgcolor=#FF0000]
    RenderText {#text} at (136,0) size 341x19
      text run at (136,0) width 341: "This row should be in the (grey) table body"
layer at (13,126) size 477x19
  RenderBlock (relative positioned) {DIV} at (2,2) size 477x19 [bgcolor=#FF0000]
    RenderText {#text} at (136,0) size 341x19
      text run at (136,0) width 341: "This row should be in the (grey) table body"
layer at (13,193) size 477x19
  RenderBlock (relative positioned) {DIV} at (2,2) size 477x19 [bgcolor=#FF0000]
    RenderText {#text} at (136,0) size 341x19
      text run at (136,0) width 341: "This row should be in the (grey) table body"
