layer at (0,0) size 980x735
  RenderView at (0,0) size 980x735
layer at (0,0) size 980x735
  RenderBlock {HTML} at (0,0) size 980x735
    RenderBody {BODY} at (8,8) size 964x719 [bgcolor=#000066]
      RenderBlock (anonymous) at (0,0) size 964x0
        RenderInline {BASEFONT} at (0,0) size 0x0
        RenderText {#text} at (0,0) size 0x0
      RenderTable {TABLE} at (0,0) size 613x99
        RenderTableSection {TBODY} at (0,0) size 613x99
          RenderTableRow {TR} at (0,0) size 613x70
            RenderTableCell {TD} at (0,7) size 126x85 [r=0 c=0 rs=2 cs=1]
              RenderInline {A} at (0,0) size 126x19 [color=#0000EE]
                RenderImage {IMG} at (0,0) size 126x85
              RenderText {#text} at (0,0) size 0x0
            RenderTableCell {TD} at (126,0) size 487x70 [r=0 c=1 rs=1 cs=3]
              RenderInline {NOBR} at (0,0) size 19x19
                RenderPartObject {IFRAME} at (0,0) size 468x60
                  layer at (0,0) size 468x60
                    RenderView at (0,0) size 468x60
                  layer at (0,0) size 468x60
                    RenderBlock {HTML} at (0,0) size 468x60
                      RenderBody {BODY} at (0,0) size 468x60
                        RenderInline {BASE} at (0,0) size 0x0
                        RenderText {#text} at (0,0) size 0x0
                        RenderInline {A} at (0,0) size 468x19 [color=#0000EE]
                          RenderText {#text} at (0,0) size 0x0
                          RenderImage {IMG} at (0,0) size 468x60
                        RenderText {#text} at (0,0) size 0x0
                RenderInline {A} at (0,0) size 19x19 [color=#0000EE]
                  RenderImage {IMG} at (468,0) size 19x60
              RenderBR {BR} at (487,60) size 0x0
              RenderImage {IMG} at (0,60) size 470x10
              RenderBR {BR} at (470,70) size 0x0
          RenderTableRow {TR} at (0,70) size 613x29
            RenderTableCell {TD} at (126,72) size 233x25 [bgcolor=#CCCCCC] [r=1 c=1 rs=1 cs=1]
              RenderImage {IMG} at (0,0) size 232x25
            RenderTableCell {TD} at (359,70) size 121x29 [bgcolor=#CCCCCC] [r=1 c=2 rs=1 cs=1]
              RenderTextControl {INPUT} at (3,2) size 91x25 [bgcolor=#FFFFFF]
              RenderImage {INPUT} at (96,7) size 25x18
            RenderTableCell {TD} at (480,72) size 133x25 [bgcolor=#CCCCCC] [r=1 c=3 rs=1 cs=1]
              RenderBlock {INPUT} at (4,7) size 12x12
              RenderImage {IMG} at (20,0) size 40x25
              RenderBlock {INPUT} at (64,7) size 12x12
              RenderText {#text} at (80,1) size 5x19
                text run at (80,1) width 5: " "
              RenderImage {IMG} at (85,0) size 46x25
layer at (374,86) size 84x15
  RenderBlock {DIV} at (4,6) size 84x15
