layer at (0,0) size 980x735
  RenderView at (0,0) size 980x735
layer at (0,0) size 980x735
  RenderBlock {HTML} at (0,0) size 980x735
    RenderBody {BODY} at (8,8) size 964x719
      RenderTable {TABLE} at (0,0) size 964x85 [bgcolor=#00FFFF] [border: (1px outset #808080)]
        RenderTableSection {TBODY} at (1,1) size 962x83
          RenderTableRow {TR} at (0,2) size 962x79
            RenderTableCell {TD} at (2,2) size 304x79 [border: (1px inset #808080)] [r=0 c=0 rs=1 cs=1]
              RenderInline {FONT} at (0,0) size 112x38 [color=#0000FF]
                RenderText {#text} at (2,2) size 112x38
                  text run at (2,2) width 112: "Mozilla"
              RenderText {#text} at (114,17) size 299x60
                text run at (114,17) width 187: " code available under a"
                text run at (2,39) width 178: "dual MPL/GPL license. "
                text run at (180,39) width 89: "See the for"
                text run at (2,58) width 83: "more info."
              RenderBR {BR} at (85,73) size 0x0
            RenderTableCell {TD} at (308,30) size 652x23 [border: (1px inset #808080)] [r=0 c=1 rs=1 cs=1]
              RenderText {#text} at (2,2) size 310x19
                text run at (2,2) width 310: "foo bar foo bar foo bar foo bar foo bar"
      RenderBlock (anonymous) at (0,85) size 964x48
        RenderBR {BR} at (0,0) size 0x19
        RenderButton {INPUT} at (2,22) size 53x23 [bgcolor=#C0C0C0] [border: (2px outset #C0C0C0)]
          RenderBlock (anonymous) at (5,5) size 45x15
            RenderText at (0,0) size 45x15
              text run at (0,0) width 45: "Reload"
        RenderText {#text} at (57,24) size 10x19
          text run at (57,24) width 10: "  "
        RenderButton {INPUT} at (69,22) size 89x23 [bgcolor=#C0C0C0] [border: (2px outset #C0C0C0)]
          RenderBlock (anonymous) at (5,5) size 81x15
            RenderText at (0,0) size 81x15
              text run at (0,0) width 81: "Change Font"
        RenderText {#text} at (160,24) size 10x19
          text run at (160,24) width 10: "  "
        RenderTextControl {INPUT} at (172,21) size 171x25 [bgcolor=#FFFFFF]
        RenderText {#text} at (0,0) size 0x0
layer at (184,120) size 164x15
  RenderBlock {DIV} at (4,6) size 164x15
    RenderText {#text} at (0,0) size 8x15
      text run at (0,0) width 8: "6"
