layer at (0,0) size 980x735
  RenderView at (0,0) size 980x735
layer at (0,0) size 980x735
  RenderBlock {HTML} at (0,0) size 980x735
    RenderBody {BODY} at (8,8) size 964x719 [bgcolor=#FFFFFF]
      RenderTable {TABLE} at (0,0) size 360x115 [border: (1px outset #808080)]
        RenderTableSection {TBODY} at (1,1) size 358x113
          RenderTableRow {TR} at (0,2) size 358x109
            RenderTableCell {TD} at (2,2) size 354x109 [border: (1px inset #808080)] [r=0 c=0 rs=1 cs=1]
              RenderTable {TABLE} at (2,2) size 350x105 [bgcolor=#FFCC99] [border: (1px outset #808080)]
                RenderTableSection {TBODY} at (1,1) size 348x103
                  RenderTableRow {TR} at (0,2) size 348x99
                    RenderTableCell {TD} at (2,17) size 248x68 [border: (1px inset #808080)] [r=0 c=0 rs=1 cs=2]
                      RenderInline {B} at (0,0) size 123x19
                        RenderText {#text} at (2,2) size 123x19
                          text run at (2,2) width 123: "Contact MPG:"
                      RenderText {#text} at (125,2) size 5x19
                        text run at (125,2) width 5: " "
                      RenderBR {BR} at (0,0) size 0x0
                      RenderInline {FONT} at (0,0) size 214x45
                        RenderInline {B} at (0,0) size 193x15
                          RenderInline {A} at (0,0) size 193x15 [color=#551A8B]
                            RenderText {#text} at (2,21) size 193x15
                              text run at (2,21) width 40: "Click "
                              text run at (42,21) width 153: "here to email full list"
                        RenderText {#text} at (195,21) size 214x30
                          text run at (195,21) width 21: ", or"
                          text run at (2,36) width 63: "copy this "
                        RenderInline {A} at (0,0) size 107x15 [color=#551A8B]
                          RenderText {#text} at (65,36) size 107x15
                            text run at (65,36) width 24: "list "
                            text run at (89,36) width 83: "of addresses"
                        RenderText {#text} at (172,36) size 44x15
                          text run at (172,36) width 44: ".  View"
                        RenderInline {A} at (0,0) size 93x15 [color=#551A8B]
                          RenderText {#text} at (2,51) size 93x15
                            text run at (2,51) width 93: "Who is in MPG"
                        RenderText {#text} at (95,51) size 4x15
                          text run at (95,51) width 4: "."
                      RenderText {#text} at (0,0) size 0x0
                    RenderTableCell {TD} at (252,2) size 94x99 [border: (1px inset #808080)] [r=0 c=2 rs=1 cs=1]
                      RenderInline {B} at (0,0) size 55x38
                        RenderText {#text} at (2,2) size 55x38
                          text run at (2,2) width 41: "MPG"
                          text run at (2,21) width 55: "Rules:"
                      RenderText {#text} at (57,21) size 5x19
                        text run at (57,21) width 5: " "
                      RenderBR {BR} at (0,0) size 0x0
                      RenderText {#text} at (2,40) size 72x57
                        text run at (2,40) width 72: "Not at all"
                        text run at (2,59) width 57: "serious"
                        text run at (2,78) width 59: "bylaws."
