layer at (0,0) size 980x735
  RenderView at (0,0) size 980x735
layer at (0,0) size 980x636
  RenderBlock {HTML} at (0,0) size 980x636
    RenderBody {BODY} at (8,8) size 964x620 [bgcolor=#FFFFFF]
      RenderTable {TABLE} at (0,0) size 308x54 [border: (1px outset #808080)]
        RenderTableCol {COLGROUP} at (0,0) size 0x0
          RenderTableCol {COL} at (0,0) size 0x0
          RenderTableCol {COL} at (0,0) size 0x0
        RenderTableSection {TBODY} at (1,1) size 306x52
          RenderTableRow {TR} at (0,2) size 306x23
          RenderTableRow {TR} at (0,27) size 306x23
      RenderTable {TABLE} at (0,54) size 308x54 [border: (1px outset #808080)]
        RenderTableCol {COLGROUP} at (0,0) size 0x0
          RenderTableCol {COL} at (0,0) size 0x0
          RenderTableCol {COL} at (0,0) size 0x0
        RenderTableSection {TBODY} at (1,1) size 306x52
          RenderTableRow {TR} at (0,2) size 306x23
          RenderTableRow {TR} at (0,27) size 306x23
      RenderTable {TABLE} at (0,108) size 300x54 [border: (1px outset #808080)]
        RenderTableSection {TBODY} at (1,1) size 298x52
          RenderTableRow {TR} at (0,2) size 298x23
          RenderTableRow {TR} at (0,27) size 298x23
      RenderTable {TABLE} at (0,162) size 300x54 [border: (1px outset #808080)]
        RenderTableSection {TBODY} at (1,1) size 298x52
          RenderTableRow {TR} at (0,2) size 298x23
          RenderTableRow {TR} at (0,27) size 298x23
      RenderTable {TABLE} at (0,216) size 300x62 [border: (1px outset #808080)]
        RenderTableSection {TBODY} at (1,1) size 298x60
          RenderTableRow {TR} at (0,2) size 298x31
          RenderTableRow {TR} at (0,35) size 298x23
      RenderTable {TABLE} at (0,278) size 300x62 [border: (1px outset #808080)]
        RenderTableSection {TBODY} at (1,1) size 298x60
          RenderTableRow {TR} at (0,2) size 298x31
          RenderTableRow {TR} at (0,35) size 298x23
      RenderTable {TABLE} at (0,340) size 300x96 [border: (1px outset #808080)]
        RenderTableSection {TBODY} at (1,1) size 298x94
          RenderTableRow {TR} at (0,2) size 298x47
          RenderTableRow {TR} at (0,51) size 298x41
      RenderTable {TABLE} at (0,528) size 300x92 [border: (1px outset #808080)]
        RenderTableSection {TBODY} at (1,1) size 298x90
          RenderTableRow {TR} at (0,2) size 298x61
          RenderTableRow {TR} at (0,65) size 298x23
layer at (11,11) size 200x23 clip at (12,12) size 198x21
  RenderTableCell {TD} at (2,2) size 200x23 [bgcolor=#0000FF] [border: (1px inset #808080)] [r=0 c=0 rs=1 cs=1]
    RenderText {#text} at (2,2) size 5x19
      text run at (2,2) width 5: " "
layer at (213,11) size 100x23 clip at (214,12) size 98x21
  RenderTableCell {TD} at (204,2) size 100x23 [bgcolor=#0000FF] [border: (1px inset #808080)] [r=0 c=1 rs=1 cs=1]
    RenderText {#text} at (2,2) size 5x19
      text run at (2,2) width 5: " "
layer at (11,36) size 200x23 clip at (12,37) size 198x21
  RenderTableCell {TD} at (2,27) size 200x23 [bgcolor=#0000FF] [border: (1px inset #808080)] [r=1 c=0 rs=1 cs=1]
    RenderText {#text} at (2,2) size 5x19
      text run at (2,2) width 5: " "
layer at (213,36) size 100x23 clip at (214,37) size 98x21
  RenderTableCell {TD} at (204,27) size 100x23 [bgcolor=#0000FF] [border: (1px inset #808080)] [r=1 c=1 rs=1 cs=1]
    RenderText {#text} at (2,2) size 5x19
      text run at (2,2) width 5: " "
layer at (11,65) size 200x23 clip at (12,66) size 198x21
  RenderTableCell {TD} at (2,2) size 200x23 [bgcolor=#0000FF] [border: (1px inset #808080)] [r=0 c=0 rs=1 cs=1]
    RenderText {#text} at (2,2) size 5x19
      text run at (2,2) width 5: " "
layer at (213,65) size 100x23 clip at (214,66) size 98x21
  RenderTableCell {TD} at (204,2) size 100x23 [bgcolor=#0000FF] [border: (1px inset #808080)] [r=0 c=1 rs=1 cs=1]
    RenderText {#text} at (2,2) size 5x19
      text run at (2,2) width 5: " "
layer at (11,90) size 200x23 clip at (12,91) size 198x21
  RenderTableCell {TD} at (2,27) size 200x23 [bgcolor=#0000FF] [border: (1px inset #808080)] [r=1 c=0 rs=1 cs=1]
    RenderText {#text} at (2,2) size 5x19
      text run at (2,2) width 5: " "
layer at (213,90) size 100x23 clip at (214,91) size 98x21
  RenderTableCell {TD} at (204,27) size 100x23 [bgcolor=#0000FF] [border: (1px inset #808080)] [r=1 c=1 rs=1 cs=1]
    RenderText {#text} at (2,2) size 5x19
      text run at (2,2) width 5: " "
layer at (11,119) size 233x23 clip at (12,120) size 231x21
  RenderTableCell {TD} at (2,2) size 233x23 [bgcolor=#0000FF] [border: (1px inset #808080)] [r=0 c=0 rs=1 cs=1]
    RenderText {#text} at (2,2) size 5x19
      text run at (2,2) width 5: " "
layer at (246,119) size 59x23 clip at (247,120) size 57x21
  RenderTableCell {TD} at (237,2) size 59x23 [bgcolor=#0000FF] [border: (1px inset #808080)] [r=0 c=1 rs=1 cs=1]
    RenderText {#text} at (2,2) size 5x19
      text run at (2,2) width 5: " "
layer at (11,144) size 233x23 clip at (12,145) size 231x21
  RenderTableCell {TD} at (2,27) size 233x23 [bgcolor=#0000FF] [border: (1px inset #808080)] [r=1 c=0 rs=1 cs=1]
    RenderText {#text} at (2,2) size 5x19
      text run at (2,2) width 5: " "
layer at (246,144) size 59x23 clip at (247,145) size 57x21
  RenderTableCell {TD} at (237,27) size 59x23 [bgcolor=#0000FF] [border: (1px inset #808080)] [r=1 c=1 rs=1 cs=1]
    RenderText {#text} at (2,2) size 5x19
      text run at (2,2) width 5: " "
layer at (11,173) size 154x23 clip at (12,174) size 152x21
  RenderTableCell {TD} at (2,2) size 154x23 [bgcolor=#0000FF] [border: (1px inset #808080)] [r=0 c=0 rs=1 cs=1]
    RenderText {#text} at (2,2) size 5x19
      text run at (2,2) width 5: " "
layer at (167,173) size 138x23 clip at (168,174) size 136x21
  RenderTableCell {TD} at (158,2) size 138x23 [bgcolor=#0000FF] [border: (1px inset #808080)] [r=0 c=1 rs=1 cs=1]
    RenderText {#text} at (2,2) size 5x19
      text run at (2,2) width 5: " "
layer at (11,198) size 154x23 clip at (12,199) size 152x21
  RenderTableCell {TD} at (2,27) size 154x23 [bgcolor=#0000FF] [border: (1px inset #808080)] [r=1 c=0 rs=1 cs=1]
    RenderText {#text} at (2,2) size 5x19
      text run at (2,2) width 5: " "
layer at (167,198) size 138x23 clip at (168,199) size 136x21
  RenderTableCell {TD} at (158,27) size 138x23 [bgcolor=#0000FF] [border: (1px inset #808080)] [r=1 c=1 rs=1 cs=1]
    RenderText {#text} at (2,2) size 5x19
      text run at (2,2) width 5: " "
layer at (11,227) size 154x31 clip at (12,228) size 152x29 scrollWidth 201
  RenderTableCell {TD} at (2,2) size 154x31 [bgcolor=#0000FF] [border: (1px inset #808080)] [r=0 c=0 rs=1 cs=1]
    RenderBlock {FORM} at (2,2) size 150x27
      RenderButton {BUTTON} at (0,2) size 200x23 [bgcolor=#C0C0C0] [border: (2px outset #C0C0C0)]
        RenderBlock (anonymous) at (5,5) size 192x15
          RenderText {#text} at (75,0) size 42x15
            text run at (75,0) width 42: "button"
layer at (167,227) size 138x31 clip at (168,228) size 136x29
  RenderTableCell {TD} at (158,6) size 138x23 [bgcolor=#0000FF] [border: (1px inset #808080)] [r=0 c=1 rs=1 cs=1]
    RenderText {#text} at (2,2) size 5x19
      text run at (2,2) width 5: " "
layer at (11,260) size 154x23 clip at (12,261) size 152x21
  RenderTableCell {TD} at (2,35) size 154x23 [bgcolor=#0000FF] [border: (1px inset #808080)] [r=1 c=0 rs=1 cs=1]
    RenderText {#text} at (2,2) size 5x19
      text run at (2,2) width 5: " "
layer at (167,260) size 138x23 clip at (168,261) size 136x21
  RenderTableCell {TD} at (158,35) size 138x23 [bgcolor=#0000FF] [border: (1px inset #808080)] [r=1 c=1 rs=1 cs=1]
    RenderText {#text} at (2,2) size 5x19
      text run at (2,2) width 5: " "
layer at (11,289) size 279x31 clip at (12,290) size 277x29
  RenderTableCell {TD} at (2,2) size 279x31 [bgcolor=#0000FF] [border: (1px inset #808080)] [r=0 c=0 rs=1 cs=1]
    RenderBlock {FORM} at (2,2) size 275x27
      RenderButton {BUTTON} at (0,2) size 200x23 [bgcolor=#C0C0C0] [border: (2px outset #C0C0C0)]
        RenderBlock (anonymous) at (5,5) size 192x15
          RenderText {#text} at (75,0) size 42x15
            text run at (75,0) width 42: "button"
layer at (292,289) size 13x31 clip at (293,290) size 11x29
  RenderTableCell {TD} at (283,6) size 13x23 [bgcolor=#0000FF] [border: (1px inset #808080)] [r=0 c=1 rs=1 cs=1]
    RenderText {#text} at (2,2) size 5x19
      text run at (2,2) width 5: " "
layer at (11,322) size 279x23 clip at (12,323) size 277x21
  RenderTableCell {TD} at (2,35) size 279x23 [bgcolor=#0000FF] [border: (1px inset #808080)] [r=1 c=0 rs=1 cs=1]
    RenderText {#text} at (2,2) size 5x19
      text run at (2,2) width 5: " "
layer at (292,322) size 13x23 clip at (293,323) size 11x21
  RenderTableCell {TD} at (283,35) size 13x23 [bgcolor=#0000FF] [border: (1px inset #808080)] [r=1 c=1 rs=1 cs=1]
    RenderText {#text} at (2,2) size 5x19
      text run at (2,2) width 5: " "
layer at (11,351) size 172x47 clip at (12,352) size 170x45 scrollWidth 216
  RenderTableCell {TD} at (2,2) size 172x47 [bgcolor=#0000FF] [border: (1px inset #808080)] [r=0 c=0 rs=1 cs=1]
    RenderBlock {DIV} at (11,11) size 206x25 [border: (3px solid #000000)]
      RenderText {#text} at (3,3) size 23x19
        text run at (3,3) width 23: "div"
layer at (185,351) size 120x47 clip at (186,352) size 118x45
  RenderTableCell {TD} at (176,5) size 120x41 [bgcolor=#0000FF] [border: (1px inset #808080)] [r=0 c=1 rs=1 cs=1]
    RenderText {#text} at (11,11) size 5x19
      text run at (11,11) width 5: " "
layer at (11,400) size 172x41 clip at (12,401) size 170x39
  RenderTableCell {TD} at (2,51) size 172x41 [bgcolor=#0000FF] [border: (1px inset #808080)] [r=1 c=0 rs=1 cs=1]
    RenderText {#text} at (11,11) size 5x19
      text run at (11,11) width 5: " "
layer at (185,400) size 120x41 clip at (186,401) size 118x39
  RenderTableCell {TD} at (176,51) size 120x41 [bgcolor=#0000FF] [border: (1px inset #808080)] [r=1 c=1 rs=1 cs=1]
    RenderText {#text} at (11,11) size 5x19
      text run at (11,11) width 5: " "
layer at (8,444) size 300x92 clip at (9,445) size 298x90
  RenderTable {TABLE} at (0,436) size 300x92 [border: (1px outset #808080)]
    RenderTableSection {TBODY} at (1,1) size 298x90
      RenderTableRow {TR} at (0,2) size 298x61
      RenderTableRow {TR} at (0,65) size 298x23
layer at (11,447) size 154x61 clip at (12,448) size 152x59 scrollWidth 207
  RenderTableCell {TD} at (2,2) size 154x61 [bgcolor=#0000FF] [border: (1px inset #808080)] [r=0 c=0 rs=1 cs=1]
    RenderBlock {P} at (2,18) size 206x25 [border: (3px solid #000000)]
      RenderText {#text} at (3,3) size 37x19
        text run at (3,3) width 37: "para"
layer at (167,447) size 138x61 clip at (168,448) size 136x59
  RenderTableCell {TD} at (158,21) size 138x23 [bgcolor=#0000FF] [border: (1px inset #808080)] [r=0 c=1 rs=1 cs=1]
    RenderText {#text} at (2,2) size 5x19
      text run at (2,2) width 5: " "
layer at (11,510) size 154x23 clip at (12,511) size 152x21
  RenderTableCell {TD} at (2,65) size 154x23 [bgcolor=#0000FF] [border: (1px inset #808080)] [r=1 c=0 rs=1 cs=1]
    RenderText {#text} at (2,2) size 5x19
      text run at (2,2) width 5: " "
layer at (167,510) size 138x23 clip at (168,511) size 136x21
  RenderTableCell {TD} at (158,65) size 138x23 [bgcolor=#0000FF] [border: (1px inset #808080)] [r=1 c=1 rs=1 cs=1]
    RenderText {#text} at (2,2) size 5x19
      text run at (2,2) width 5: " "
layer at (11,539) size 254x61 clip at (12,540) size 252x59
  RenderTableCell {TD} at (2,2) size 254x61 [bgcolor=#0000FF] [border: (1px inset #808080)] [r=0 c=0 rs=1 cs=1]
    RenderBlock {P} at (2,18) size 206x25 [border: (3px solid #000000)]
      RenderText {#text} at (3,3) size 37x19
        text run at (3,3) width 37: "para"
layer at (267,539) size 38x61 clip at (268,540) size 36x59
  RenderTableCell {TD} at (258,21) size 38x23 [bgcolor=#0000FF] [border: (1px inset #808080)] [r=0 c=1 rs=1 cs=1]
    RenderText {#text} at (2,2) size 5x19
      text run at (2,2) width 5: " "
layer at (11,602) size 254x23 clip at (12,603) size 252x21
  RenderTableCell {TD} at (2,65) size 254x23 [bgcolor=#0000FF] [border: (1px inset #808080)] [r=1 c=0 rs=1 cs=1]
    RenderText {#text} at (2,2) size 5x19
      text run at (2,2) width 5: " "
layer at (267,602) size 38x23 clip at (268,603) size 36x21
  RenderTableCell {TD} at (258,65) size 38x23 [bgcolor=#0000FF] [border: (1px inset #808080)] [r=1 c=1 rs=1 cs=1]
    RenderText {#text} at (2,2) size 5x19
      text run at (2,2) width 5: " "
