layer at (0,0) size 980x735
  RenderView at (0,0) size 980x735
layer at (0,0) size 980x735
  RenderBlock {HTML} at (0,0) size 980x735
    RenderBody {BODY} at (8,8) size 964x719 [bgcolor=#FFFFFF]
      RenderTable {TABLE} at (0,0) size 964x54 [border: (1px outset #808080)]
        RenderTableSection {TBODY} at (1,1) size 962x52
          RenderTableRow {TR} at (0,2) size 962x23
            RenderTableCell {TD} at (2,2) size 958x23 [border: (1px inset #808080)] [r=0 c=0 rs=1 cs=8]
              RenderText {#text} at (2,2) size 5x19
                text run at (2,2) width 5: " "
          RenderTableRow {TR} at (0,27) size 962x23
            RenderTableCell {TD} at (2,27) size 191x23 [border: (1px inset #808080)] [r=1 c=0 rs=1 cs=1]
              RenderText {#text} at (2,2) size 27x19
                text run at (2,2) width 27: "Old"
            RenderTableCell {TD} at (195,27) size 765x23 [border: (1px inset #808080)] [r=1 c=1 rs=1 cs=7]
              RenderText {#text} at (2,2) size 49x19
                text run at (2,2) width 49: "Check"
