layer at (0,0) size 980x735
  RenderView at (0,0) size 980x735
layer at (0,0) size 980x107
  RenderBlock {HTML} at (0,0) size 980x107
    RenderBody {BODY} at (8,8) size 964x91
      RenderTable {TABLE} at (0,0) size 225x91 [bgcolor=#FF0000] [border: (1px outset #808080)]
        RenderTableSection {TBODY} at (1,1) size 223x89
          RenderTableRow {TR} at (0,5) size 223x23 [bgcolor=#0000FF]
            RenderTableCell {TD} at (5,5) size 49x23 [bgcolor=#008000] [border: (1px inset #808080)] [r=0 c=0 rs=1 cs=1]
              RenderText {#text} at (2,2) size 45x19
                text run at (2,2) width 45: "Cell A"
            RenderTableCell {TD} at (59,5) size 49x23 [border: (1px inset #808080)] [r=0 c=1 rs=1 cs=1]
              RenderText {#text} at (2,2) size 45x19
                text run at (2,2) width 45: "Cell B"
            RenderTableCell {TD} at (113,5) size 50x23 [border: (1px inset #808080)] [r=0 c=2 rs=1 cs=1]
              RenderText {#text} at (2,2) size 45x19
                text run at (2,2) width 45: "Cell C"
            RenderTableCell {TD} at (168,5) size 50x23 [border: (1px inset #808080)] [r=0 c=3 rs=1 cs=1]
              RenderText {#text} at (2,2) size 46x19
                text run at (2,2) width 46: "Cell D"
          RenderTableRow {TR} at (0,33) size 223x23
            RenderTableCell {TD} at (5,33) size 49x23 [border: (1px inset #808080)] [r=1 c=0 rs=1 cs=1]
              RenderText {#text} at (2,2) size 44x19
                text run at (2,2) width 44: "Cell E"
            RenderTableCell {TD} at (59,33) size 49x23 [border: (1px inset #808080)] [r=1 c=1 rs=1 cs=1]
              RenderText {#text} at (2,2) size 43x19
                text run at (2,2) width 43: "Cell F"
            RenderTableCell {TD} at (113,33) size 50x23 [border: (1px inset #808080)] [r=1 c=2 rs=1 cs=1]
              RenderText {#text} at (2,2) size 46x19
                text run at (2,2) width 46: "Cell G"
            RenderTableCell {TD} at (168,33) size 50x23 [border: (1px inset #808080)] [r=1 c=3 rs=1 cs=1]
              RenderText {#text} at (2,2) size 46x19
                text run at (2,2) width 46: "Cell H"
          RenderTableRow {TR} at (0,61) size 223x23
            RenderTableCell {TD} at (5,61) size 49x23 [border: (1px inset #808080)] [r=2 c=0 rs=1 cs=1]
              RenderText {#text} at (2,2) size 39x19
                text run at (2,2) width 39: "Cell I"
            RenderTableCell {TD} at (59,61) size 49x23 [border: (1px inset #808080)] [r=2 c=1 rs=1 cs=1]
              RenderText {#text} at (2,2) size 39x19
                text run at (2,2) width 39: "Cell J"
            RenderTableCell {TD} at (113,61) size 50x23 [border: (1px inset #808080)] [r=2 c=2 rs=1 cs=1]
              RenderText {#text} at (2,2) size 45x19
                text run at (2,2) width 45: "Cell K"
            RenderTableCell {TD} at (168,61) size 50x23 [border: (1px inset #808080)] [r=2 c=3 rs=1 cs=1]
              RenderText {#text} at (2,2) size 43x19
                text run at (2,2) width 43: "Cell L"
