layer at (0,0) size 980x735
  RenderView at (0,0) size 980x735
layer at (0,0) size 980x249
  RenderBlock {HTML} at (0,0) size 980x249
    RenderBody {BODY} at (8,8) size 964x233
      RenderTable {TABLE} at (0,0) size 700x73 [border: (1px outset #808080)]
        RenderTableSection {TBODY} at (1,1) size 698x71
          RenderTableRow {TR} at (0,2) size 698x42
            RenderTableCell {TD} at (2,2) size 694x42 [border: (1px inset #808080)] [r=0 c=0 rs=1 cs=3]
              RenderText {#text} at (2,2) size 677x38
                text run at (2,2) width 677: "lots of text goes here even more and more and more and more and more and more"
                text run at (2,21) width 78: "and more"
          RenderTableRow {TR} at (0,46) size 698x23
            RenderTableCell {TD} at (2,46) size 682x23 [border: (1px inset #808080)] [r=1 c=0 rs=1 cs=2]
              RenderText {#text} at (2,2) size 659x19
                text run at (2,2) width 659: "aaaaaaaaaaaa bbbbbbbbbbbbbbb cccccccccccccccccccccccccc dddddddddddddd"
            RenderTableCell {TD} at (686,46) size 10x23 [border: (1px inset #808080)] [r=1 c=2 rs=1 cs=1]
              RenderText {#text} at (2,2) size 5x19
                text run at (2,2) width 5: " "
      RenderBlock {P} at (0,89) size 964x0
      RenderTable {TABLE} at (0,89) size 700x54 [border: (1px outset #808080)]
        RenderTableSection {TBODY} at (1,1) size 698x52
          RenderTableRow {TR} at (0,2) size 698x23
            RenderTableCell {TD} at (2,2) size 694x23 [border: (1px inset #808080)] [r=0 c=0 rs=1 cs=3]
              RenderText {#text} at (2,2) size 245x19
                text run at (2,2) width 245: "lots of text goes here even mo"
          RenderTableRow {TR} at (0,27) size 698x23
            RenderTableCell {TD} at (2,27) size 682x23 [border: (1px inset #808080)] [r=1 c=0 rs=1 cs=2]
              RenderText {#text} at (2,2) size 659x19
                text run at (2,2) width 659: "aaaaaaaaaaaa bbbbbbbbbbbbbbb cccccccccccccccccccccccccc dddddddddddddd"
            RenderTableCell {TD} at (686,27) size 10x23 [border: (1px inset #808080)] [r=1 c=2 rs=1 cs=1]
              RenderText {#text} at (2,2) size 5x19
                text run at (2,2) width 5: " "
      RenderBlock {P} at (0,159) size 964x0
      RenderTable {TABLE} at (0,159) size 700x54 [border: (1px outset #808080)]
        RenderTableSection {TBODY} at (1,1) size 698x52
          RenderTableRow {TR} at (0,2) size 698x23
            RenderTableCell {TD} at (2,2) size 694x23 [border: (1px inset #808080)] [r=0 c=0 rs=1 cs=3]
              RenderText {#text} at (2,2) size 235x19
                text run at (2,2) width 235: "lots of text goes here even m"
          RenderTableRow {TR} at (0,27) size 698x23
            RenderTableCell {TD} at (2,27) size 682x23 [border: (1px inset #808080)] [r=1 c=0 rs=1 cs=2]
              RenderText {#text} at (2,2) size 659x19
                text run at (2,2) width 659: "aaaaaaaaaaaa bbbbbbbbbbbbbbb cccccccccccccccccccccccccc dddddddddddddd"
            RenderTableCell {TD} at (686,27) size 10x23 [border: (1px inset #808080)] [r=1 c=2 rs=1 cs=1]
              RenderText {#text} at (2,2) size 5x19
                text run at (2,2) width 5: " "
      RenderBlock {HR} at (0,221) size 182x2 [border: (1px inset #000000)]
      RenderBlock {HR} at (0,231) size 520x2 [border: (1px inset #000000)]
