layer at (0,0) size 980x735
  RenderView at (0,0) size 980x735
layer at (0,0) size 980x735
  RenderBlock {HTML} at (0,0) size 980x735
    RenderBody {BODY} at (8,8) size 964x719 [bgcolor=#FFFFFF]
      RenderBlock {DIV} at (0,0) size 964x127
        RenderTable {TABLE} at (5,0) size 954x38
          RenderTableSection {TBODY} at (0,0) size 954x38
            RenderTableRow {TR} at (0,0) size 954x21 [color=#FFFFFF] [bgcolor=#455166]
              RenderTableCell {TD} at (0,0) size 954x21 [r=0 c=0 rs=1 cs=1]
                RenderText {#text} at (639,1) size 303x19
                  text run at (639,1) width 303: "This column seems to finish early"
            RenderTableRow {TR} at (0,21) size 954x17
              RenderTableCell {TD} at (0,21) size 954x17 [bgcolor=#C0C0C0] [r=1 c=0 rs=1 cs=1]
                RenderText {#text} at (1,1) size 4x15
                  text run at (1,1) width 4: " "
        RenderBlock {P} at (0,54) size 964x19
          RenderText {#text} at (479,0) size 6x19
            text run at (479,0) width 6: " "
        RenderTable {TABLE} at (5,89) size 954x38
          RenderTableSection {TBODY} at (0,0) size 954x38
            RenderTableRow {TR} at (0,0) size 954x21
              RenderTableCell {TD} at (0,0) size 954x21 [color=#FFFFFF] [bgcolor=#455166] [r=0 c=0 rs=1 cs=1]
                RenderText {#text} at (813,1) size 129x19
                  text run at (813,1) width 129: "This one is OK"
            RenderTableRow {TR} at (0,21) size 954x17
              RenderTableCell {TD} at (0,21) size 954x17 [bgcolor=#C0C0C0] [r=1 c=0 rs=1 cs=1]
                RenderText {#text} at (1,1) size 4x15
                  text run at (1,1) width 4: " "
