layer at (0,0) size 980x735
  RenderView at (0,0) size 980x735
layer at (0,0) size 980x259
  RenderBlock {HTML} at (0,0) size 980x259
    RenderBody {BODY} at (8,8) size 964x243 [bgcolor=#FFFFFF]
      RenderTable {TABLE} at (0,0) size 62x243
        RenderTableSection {TBODY} at (0,0) size 62x243
          RenderTableRow {TR} at (0,1) size 62x21
            RenderTableCell {TD} at (1,1) size 60x21 [color=#0000FF] [bgcolor=#CCCCCC] [r=0 c=0 rs=1 cs=1]
              RenderText {#text} at (1,1) size 48x19
                text run at (1,1) width 48: "Line 1"
          RenderTableRow {TR} at (0,23) size 62x21
            RenderTableCell {TD} at (1,23) size 60x21 [color=#0000FF] [bgcolor=#CCCCCC] [r=1 c=0 rs=1 cs=1]
              RenderText {#text} at (1,1) size 48x19
                text run at (1,1) width 48: "Line 2"
          RenderTableRow {TR} at (0,45) size 62x21
            RenderTableCell {TD} at (1,45) size 60x21 [color=#0000FF] [bgcolor=#CCCCCC] [r=2 c=0 rs=1 cs=1]
              RenderText {#text} at (1,1) size 48x19
                text run at (1,1) width 48: "Line 3"
          RenderTableRow {TR} at (0,67) size 62x21
            RenderTableCell {TD} at (1,67) size 60x21 [color=#0000FF] [bgcolor=#CCCCCC] [r=3 c=0 rs=1 cs=1]
              RenderText {#text} at (1,1) size 48x19
                text run at (1,1) width 48: "Line 4"
          RenderTableRow {TR} at (0,89) size 62x21
            RenderTableCell {TD} at (1,89) size 60x21 [color=#0000FF] [bgcolor=#CCCCCC] [r=4 c=0 rs=1 cs=1]
              RenderText {#text} at (1,1) size 48x19
                text run at (1,1) width 48: "Line 5"
          RenderTableRow {TR} at (0,111) size 62x21
            RenderTableCell {TD} at (1,111) size 60x21 [color=#0000FF] [bgcolor=#CCCCCC] [r=5 c=0 rs=1 cs=1]
              RenderText {#text} at (1,1) size 48x19
                text run at (1,1) width 48: "Line 6"
          RenderTableRow {TR} at (0,133) size 62x21
            RenderTableCell {TD} at (1,133) size 60x21 [color=#0000FF] [bgcolor=#CCCCCC] [r=6 c=0 rs=1 cs=1]
              RenderText {#text} at (1,1) size 48x19
                text run at (1,1) width 48: "Line 7"
          RenderTableRow {TR} at (0,155) size 62x21
            RenderTableCell {TD} at (1,155) size 60x21 [color=#0000FF] [bgcolor=#CCCCCC] [r=7 c=0 rs=1 cs=1]
              RenderText {#text} at (1,1) size 48x19
                text run at (1,1) width 48: "Line 8"
          RenderTableRow {TR} at (0,177) size 62x21
            RenderTableCell {TD} at (1,177) size 60x21 [color=#0000FF] [bgcolor=#CCCCCC] [r=8 c=0 rs=1 cs=1]
              RenderText {#text} at (1,1) size 48x19
                text run at (1,1) width 48: "Line 9"
          RenderTableRow {TR} at (0,199) size 62x21
            RenderTableCell {TD} at (1,199) size 60x21 [color=#0000FF] [bgcolor=#CCCCCC] [r=9 c=0 rs=1 cs=1]
              RenderText {#text} at (1,1) size 58x19
                text run at (1,1) width 58: "Line 10"
          RenderTableRow {TR} at (0,221) size 62x21
            RenderTableCell {TD} at (1,221) size 60x21 [color=#0000FF] [bgcolor=#CCCCCC] [r=10 c=0 rs=1 cs=1]
              RenderText {#text} at (1,1) size 58x19
                text run at (1,1) width 58: "Line 11"
