layer at (0,0) size 980x735
  RenderView at (0,0) size 980x735
layer at (0,0) size 980x735
  RenderBlock {HTML} at (0,0) size 980x735
    RenderBody {BODY} at (8,8) size 964x719
      RenderBlock (anonymous) at (0,0) size 964x0
        RenderInline {FONT} at (0,0) size 0x0
      RenderTable {TABLE} at (0,0) size 381x40 [bgcolor=#FFFFFF] [border: (1px outset #808080)]
        RenderBlock {CAPTION} at (0,0) size 381x19
          RenderText {#text} at (113,0) size 155x19
            text run at (113,0) width 155: "Complete Price List"
        RenderTableSection {TBODY} at (1,20) size 379x19
          RenderTableRow {TR} at (0,0) size 379x19
            RenderTableCell {TD} at (0,0) size 79x19 [border: (1px inset #808080)] [r=0 c=0 rs=1 cs=1]
              RenderInline {FONT} at (0,0) size 75x15
                RenderText {#text} at (2,2) size 75x15
                  text run at (2,2) width 75: "Apple Store"
            RenderTableCell {TD} at (79,0) size 44x19 [border: (1px inset #808080)] [r=0 c=1 rs=1 cs=1]
              RenderInline {FONT} at (0,0) size 40x15
                RenderText {#text} at (2,2) size 40x15
                  text run at (2,2) width 40: "14415"
            RenderTableCell {TD} at (123,0) size 200x19 [border: (1px inset #808080)] [r=0 c=2 rs=1 cs=1]
              RenderInline {FONT} at (0,0) size 196x15
                RenderText {#text} at (2,2) size 196x15
                  text run at (2,2) width 196: "PB G3 \"FireWire\"-[256MB] 222"
            RenderTableCell {TD} at (323,0) size 56x19 [border: (1px inset #808080)] [r=0 c=3 rs=1 cs=1]
              RenderInline {FONT} at (0,0) size 52x15
                RenderText {#text} at (2,2) size 52x15
                  text run at (2,2) width 52: "$264.00"
