layer at (0,0) size 980x735
  RenderView at (0,0) size 980x735
layer at (0,0) size 980x735
  RenderBlock {HTML} at (0,0) size 980x735
    RenderBody {BODY} at (8,8) size 964x719
      RenderTable {TABLE} at (0,0) size 964x364 [border: none]
        RenderTableSection {TBODY} at (0,0) size 963x363
          RenderTableRow {TR} at (0,0) size 963x22
            RenderTableCell {TH} at (0,0) size 137x22 [border: (1px solid #005A8C)] [r=0 c=0 rs=1 cs=1]
              RenderText {#text} at (52,2) size 34x19
                text run at (52,2) width 34: "Sun"
            RenderTableCell {TH} at (137,0) size 137x22 [border: (1px solid #005A8C)] [r=0 c=1 rs=1 cs=1]
              RenderText {#text} at (50,2) size 38x19
                text run at (50,2) width 38: "Mon"
            RenderTableCell {TH} at (274,0) size 137x22 [border: (1px solid #005A8C)] [r=0 c=2 rs=1 cs=1]
              RenderText {#text} at (52,2) size 34x19
                text run at (52,2) width 34: "Tue"
            RenderTableCell {TH} at (411,0) size 138x22 [border: (1px solid #005A8C)] [r=0 c=3 rs=1 cs=1]
              RenderText {#text} at (49,2) size 41x19
                text run at (49,2) width 41: "Wed"
            RenderTableCell {TH} at (549,0) size 138x22 [border: (1px solid #005A8C)] [r=0 c=4 rs=1 cs=1]
              RenderText {#text} at (53,2) size 33x19
                text run at (53,2) width 33: "Thu"
            RenderTableCell {TH} at (687,0) size 138x22 [border: (1px solid #005A8C)] [r=0 c=5 rs=1 cs=1]
              RenderText {#text} at (57,2) size 25x19
                text run at (57,2) width 25: "Fri"
            RenderTableCell {TH} at (825,0) size 138x22 [border: (1px solid #005A8C)] [r=0 c=6 rs=1 cs=1]
              RenderText {#text} at (54,2) size 31x19
                text run at (54,2) width 31: "Sat"
          RenderTableRow {TR} at (0,22) size 963x41
            RenderTableCell {TD} at (0,22) size 687x3 [border: (1px solid #005A8C)] [r=1 c=0 rs=1 cs=5]
            RenderTableCell {TD} at (687,22) size 138x41 [border: (1px solid #005A8C)] [r=1 c=5 rs=1 cs=1]
              RenderBlock {DIV} at (2,2) size 135x19
                RenderText {#text} at (0,0) size 10x19
                  text run at (0,0) width 10: "1"
              RenderBlock {DIV} at (2,21) size 135x19
                RenderText {#text} at (0,0) size 35x19
                  text run at (0,0) width 35: "7:50"
            RenderTableCell {TD} at (825,22) size 138x41 [border: (1px solid #005A8C)] [r=1 c=6 rs=1 cs=1]
              RenderBlock {DIV} at (2,2) size 135x19
                RenderText {#text} at (0,0) size 10x19
                  text run at (0,0) width 10: "2"
              RenderBlock (anonymous) at (2,21) size 135x19
                RenderText {#text} at (0,0) size 119x19
                  text run at (0,0) width 119: "Althea Halliday"
                RenderBR {BR} at (119,15) size 0x0
          RenderTableRow {TR} at (0,63) size 963x79
            RenderTableCell {TD} at (0,63) size 137x79 [border: (1px solid #005A8C)] [r=2 c=0 rs=1 cs=1]
              RenderBlock {DIV} at (2,2) size 134x19
                RenderText {#text} at (0,0) size 10x19
                  text run at (0,0) width 10: "3"
              RenderBlock (anonymous) at (2,21) size 134x57
                RenderText {#text} at (0,0) size 71x19
                  text run at (0,0) width 71: "CHORTle"
                RenderBR {BR} at (71,15) size 0x0
                RenderText {#text} at (0,19) size 87x38
                  text run at (0,19) width 74: "Avondale"
                  text run at (0,38) width 87: "graduation"
            RenderTableCell {TD} at (137,63) size 137x41 [border: (1px solid #005A8C)] [r=2 c=1 rs=1 cs=1]
              RenderBlock {DIV} at (2,2) size 134x19
                RenderText {#text} at (0,0) size 10x19
                  text run at (0,0) width 10: "4"
              RenderBlock (anonymous) at (2,21) size 134x19
                RenderBR {BR} at (0,0) size 0x19
            RenderTableCell {TD} at (274,63) size 137x60 [border: (1px solid #005A8C)] [r=2 c=2 rs=1 cs=1]
              RenderBlock {DIV} at (2,2) size 134x19
                RenderText {#text} at (0,0) size 10x19
                  text run at (0,0) width 10: "5"
              RenderBlock (anonymous) at (2,21) size 134x38
                RenderText {#text} at (0,0) size 96x38
                  text run at (0,0) width 96: "SAC Speech"
                  text run at (0,19) width 40: "night"
            RenderTableCell {TD} at (411,63) size 138x60 [border: (1px solid #005A8C)] [r=2 c=3 rs=1 cs=1]
              RenderBlock {DIV} at (2,2) size 135x19
                RenderText {#text} at (0,0) size 10x19
                  text run at (0,0) width 10: "6"
              RenderBlock (anonymous) at (2,21) size 135x38
                RenderText {#text} at (0,0) size 106x38
                  text run at (0,0) width 106: "Management"
                  text run at (0,19) width 87: "committee"
            RenderTableCell {TD} at (549,63) size 138x79 [border: (1px solid #005A8C)] [r=2 c=4 rs=1 cs=1]
              RenderBlock {DIV} at (2,2) size 135x19
                RenderText {#text} at (0,0) size 10x19
                  text run at (0,0) width 10: "7"
              RenderBlock (anonymous) at (2,21) size 135x57
                RenderText {#text} at (0,0) size 117x57
                  text run at (0,0) width 113: "Castle Hill and"
                  text run at (0,19) width 117: "Mountain View"
                  text run at (0,38) width 112: "Speech nights"
            RenderTableCell {TD} at (687,63) size 138x41 [border: (1px solid #005A8C)] [r=2 c=5 rs=1 cs=1]
              RenderBlock {DIV} at (2,2) size 135x19
                RenderText {#text} at (0,0) size 10x19
                  text run at (0,0) width 10: "8"
              RenderBlock {DIV} at (2,21) size 135x19
                RenderText {#text} at (0,0) size 35x19
                  text run at (0,0) width 35: "7:56"
            RenderTableCell {TD} at (825,63) size 138x41 [border: (1px solid #005A8C)] [r=2 c=6 rs=1 cs=1]
              RenderBlock {DIV} at (2,2) size 135x19
                RenderText {#text} at (0,0) size 10x19
                  text run at (0,0) width 10: "9"
              RenderBlock (anonymous) at (2,21) size 135x19
                RenderText {#text} at (0,0) size 111x19
                  text run at (0,0) width 111: "Reconciliation"
          RenderTableRow {TR} at (0,142) size 963x79
            RenderTableCell {TD} at (0,142) size 137x41 [border: (1px solid #005A8C)] [r=3 c=0 rs=1 cs=1]
              RenderBlock {DIV} at (2,2) size 134x19
                RenderText {#text} at (0,0) size 20x19
                  text run at (0,0) width 20: "10"
              RenderBlock (anonymous) at (2,21) size 134x19
                RenderText {#text} at (0,0) size 127x19
                  text run at (0,0) width 127: "Christmas party"
                RenderBR {BR} at (127,15) size 0x0
            RenderTableCell {TD} at (137,142) size 137x41 [border: (1px solid #005A8C)] [r=3 c=1 rs=1 cs=1]
              RenderBlock {DIV} at (2,2) size 134x19
                RenderText {#text} at (0,0) size 20x19
                  text run at (0,0) width 20: "11"
              RenderBlock (anonymous) at (2,21) size 134x19
                RenderBR {BR} at (0,0) size 0x19
            RenderTableCell {TD} at (274,142) size 137x41 [border: (1px solid #005A8C)] [r=3 c=2 rs=1 cs=1]
              RenderBlock {DIV} at (2,2) size 134x19
                RenderText {#text} at (0,0) size 20x19
                  text run at (0,0) width 20: "12"
              RenderBlock (anonymous) at (2,21) size 134x19
                RenderBR {BR} at (0,0) size 0x19
            RenderTableCell {TD} at (411,142) size 138x79 [border: (1px solid #005A8C)] [r=3 c=3 rs=1 cs=1]
              RenderBlock {DIV} at (2,2) size 135x19
                RenderText {#text} at (0,0) size 20x19
                  text run at (0,0) width 20: "13"
              RenderBlock (anonymous) at (2,21) size 135x57
                RenderText {#text} at (0,0) size 92x57
                  text run at (0,0) width 92: "Community"
                  text run at (0,19) width 75: "Ministries"
                  text run at (0,38) width 87: "committee"
            RenderTableCell {TD} at (549,142) size 138x41 [border: (1px solid #005A8C)] [r=3 c=4 rs=1 cs=1]
              RenderBlock {DIV} at (2,2) size 135x19
                RenderText {#text} at (0,0) size 20x19
                  text run at (0,0) width 20: "14"
              RenderBlock (anonymous) at (2,21) size 135x19
                RenderBR {BR} at (0,0) size 0x19
            RenderTableCell {TD} at (687,142) size 138x41 [border: (1px solid #005A8C)] [r=3 c=5 rs=1 cs=1]
              RenderBlock {DIV} at (2,2) size 135x19
                RenderText {#text} at (0,0) size 20x19
                  text run at (0,0) width 20: "15"
              RenderBlock {DIV} at (2,21) size 135x19
                RenderText {#text} at (0,0) size 35x19
                  text run at (0,0) width 35: "8:02"
            RenderTableCell {TD} at (825,142) size 138x41 [border: (1px solid #005A8C)] [r=3 c=6 rs=1 cs=1]
              RenderBlock {DIV} at (2,2) size 135x19
                RenderText {#text} at (0,0) size 20x19
                  text run at (0,0) width 20: "16"
              RenderBlock (anonymous) at (2,21) size 135x19
                RenderText {#text} at (0,0) size 79x19
                  text run at (0,0) width 79: "Paul Goltz"
                RenderBR {BR} at (79,15) size 0x0
          RenderTableRow {TR} at (0,221) size 963x60
            RenderTableCell {TD} at (0,221) size 137x41 [border: (1px solid #005A8C)] [r=4 c=0 rs=1 cs=1]
              RenderBlock {DIV} at (2,2) size 134x19
                RenderText {#text} at (0,0) size 20x19
                  text run at (0,0) width 20: "17"
              RenderBlock (anonymous) at (2,21) size 134x19
                RenderBR {BR} at (0,0) size 0x19
            RenderTableCell {TD} at (137,221) size 137x41 [border: (1px solid #005A8C)] [r=4 c=1 rs=1 cs=1]
              RenderBlock {DIV} at (2,2) size 134x19
                RenderText {#text} at (0,0) size 20x19
                  text run at (0,0) width 20: "18"
              RenderBlock (anonymous) at (2,21) size 134x19
                RenderBR {BR} at (0,0) size 0x19
            RenderTableCell {TD} at (274,221) size 137x60 [border: (1px solid #005A8C)] [r=4 c=2 rs=1 cs=1]
              RenderBlock {DIV} at (2,2) size 134x19
                RenderText {#text} at (0,0) size 20x19
                  text run at (0,0) width 20: "19"
              RenderBlock (anonymous) at (2,21) size 134x38
                RenderText {#text} at (0,0) size 130x38
                  text run at (0,0) width 130: "End school term"
                  text run at (0,19) width 10: "4"
            RenderTableCell {TD} at (411,221) size 138x41 [border: (1px solid #005A8C)] [r=4 c=3 rs=1 cs=1]
              RenderBlock {DIV} at (2,2) size 135x19
                RenderText {#text} at (0,0) size 20x19
                  text run at (0,0) width 20: "20"
              RenderBlock (anonymous) at (2,21) size 135x19
                RenderBR {BR} at (0,0) size 0x19
            RenderTableCell {TD} at (549,221) size 138x41 [border: (1px solid #005A8C)] [r=4 c=4 rs=1 cs=1]
              RenderBlock {DIV} at (2,2) size 135x19
                RenderText {#text} at (0,0) size 20x19
                  text run at (0,0) width 20: "21"
              RenderBlock (anonymous) at (2,21) size 135x19
                RenderBR {BR} at (0,0) size 0x19
            RenderTableCell {TD} at (687,221) size 138x41 [border: (1px solid #005A8C)] [r=4 c=5 rs=1 cs=1]
              RenderBlock {DIV} at (2,2) size 135x19
                RenderText {#text} at (0,0) size 20x19
                  text run at (0,0) width 20: "22"
              RenderBlock {DIV} at (2,21) size 135x19
                RenderText {#text} at (0,0) size 35x19
                  text run at (0,0) width 35: "8:06"
            RenderTableCell {TD} at (825,221) size 138x60 [border: (1px solid #005A8C)] [r=4 c=6 rs=1 cs=1]
              RenderBlock {DIV} at (2,2) size 135x19
                RenderText {#text} at (0,0) size 20x19
                  text run at (0,0) width 20: "23"
              RenderBlock (anonymous) at (2,21) size 135x38
                RenderText {#text} at (0,0) size 96x38
                  text run at (0,0) width 80: "Christmas"
                  text run at (0,19) width 96: "programme"
                RenderBR {BR} at (96,34) size 0x0
          RenderTableRow {TR} at (0,281) size 963x41
            RenderTableCell {TD} at (0,281) size 137x41 [border: (1px solid #005A8C)] [r=5 c=0 rs=1 cs=1]
              RenderBlock {DIV} at (2,2) size 134x19
                RenderText {#text} at (0,0) size 20x19
                  text run at (0,0) width 20: "24"
              RenderBlock (anonymous) at (2,21) size 134x19
                RenderBR {BR} at (0,0) size 0x19
            RenderTableCell {TD} at (137,281) size 137x41 [border: (1px solid #005A8C)] [r=5 c=1 rs=1 cs=1]
              RenderBlock {DIV} at (2,2) size 134x19
                RenderText {#text} at (0,0) size 20x19
                  text run at (0,0) width 20: "25"
              RenderBlock (anonymous) at (2,21) size 134x19
                RenderText {#text} at (0,0) size 114x19
                  text run at (0,0) width 114: "Christmas day"
                RenderBR {BR} at (114,15) size 0x0
            RenderTableCell {TD} at (274,281) size 137x41 [border: (1px solid #005A8C)] [r=5 c=2 rs=1 cs=1]
              RenderBlock {DIV} at (2,2) size 134x19
                RenderText {#text} at (0,0) size 20x19
                  text run at (0,0) width 20: "26"
              RenderBlock (anonymous) at (2,21) size 134x19
                RenderText {#text} at (0,0) size 88x19
                  text run at (0,0) width 88: "Boxing day"
                RenderBR {BR} at (88,15) size 0x0
            RenderTableCell {TD} at (411,281) size 138x41 [border: (1px solid #005A8C)] [r=5 c=3 rs=1 cs=1]
              RenderBlock {DIV} at (2,2) size 135x19
                RenderText {#text} at (0,0) size 20x19
                  text run at (0,0) width 20: "27"
              RenderBlock (anonymous) at (2,21) size 135x19
                RenderBR {BR} at (0,0) size 0x19
            RenderTableCell {TD} at (549,281) size 138x41 [border: (1px solid #005A8C)] [r=5 c=4 rs=1 cs=1]
              RenderBlock {DIV} at (2,2) size 135x19
                RenderText {#text} at (0,0) size 20x19
                  text run at (0,0) width 20: "28"
              RenderBlock (anonymous) at (2,21) size 135x19
                RenderBR {BR} at (0,0) size 0x19
            RenderTableCell {TD} at (687,281) size 138x41 [border: (1px solid #005A8C)] [r=5 c=5 rs=1 cs=1]
              RenderBlock {DIV} at (2,2) size 135x19
                RenderText {#text} at (0,0) size 20x19
                  text run at (0,0) width 20: "29"
              RenderBlock {DIV} at (2,21) size 135x19
                RenderText {#text} at (0,0) size 35x19
                  text run at (0,0) width 35: "8:09"
            RenderTableCell {TD} at (825,281) size 138x41 [border: (1px solid #005A8C)] [r=5 c=6 rs=1 cs=1]
              RenderBlock {DIV} at (2,2) size 135x19
                RenderText {#text} at (0,0) size 20x19
                  text run at (0,0) width 20: "30"
              RenderBlock (anonymous) at (2,21) size 135x19
                RenderText {#text} at (0,0) size 112x19
                  text run at (0,0) width 112: "David Holman"
                RenderBR {BR} at (112,15) size 0x0
          RenderTableRow {TR} at (0,322) size 963x41
            RenderTableCell {TD} at (0,322) size 137x41 [border: (1px solid #005A8C)] [r=6 c=0 rs=1 cs=1]
              RenderBlock {DIV} at (2,2) size 134x19
                RenderText {#text} at (0,0) size 20x19
                  text run at (0,0) width 20: "31"
              RenderBlock (anonymous) at (2,21) size 134x19
                RenderBR {BR} at (0,0) size 0x19
            RenderTableCell {TD} at (137,322) size 826x3 [border: (1px solid #005A8C)] [r=6 c=1 rs=1 cs=6]
