layer at (0,0) size 980x735
  RenderView at (0,0) size 980x735
layer at (0,0) size 980x735
  RenderBlock {HTML} at (0,0) size 980x735
    RenderBody {BODY} at (8,8) size 964x719
      RenderTable {TABLE} at (0,0) size 964x86 [bgcolor=#993300] [border: (1px outset #808080)]
        RenderTableSection {TBODY} at (1,1) size 962x84
          RenderTableRow {TR} at (0,2) size 962x80
            RenderTableCell {TD} at (2,2) size 62x80 [border: (1px inset #808080)] [r=0 c=0 rs=1 cs=1]
              RenderText {#text} at (2,2) size 58x76
                text run at (2,2) width 49: "This is"
                text run at (2,21) width 10: "a"
                text run at (2,40) width 58: "sample"
                text run at (2,59) width 32: "cell."
            RenderTableCell {TD} at (66,30) size 894x23 [border: (1px inset #808080)] [r=0 c=1 rs=1 cs=1]
              RenderText {#text} at (2,2) size 5x19
                text run at (2,2) width 5: " "
