layer at (0,0) size 980x735
  RenderView at (0,0) size 980x735
layer at (0,0) size 980x735
  RenderBlock {HTML} at (0,0) size 980x735
    RenderBody {BODY} at (8,8) size 964x719
      RenderBlock (anonymous) at (0,0) size 964x19
        RenderText {#text} at (0,0) size 348x19
          text run at (0,0) width 348: "The vertical grey bar should be 1 pixel wide"
      RenderTable {TABLE} at (0,19) size 140x38
        RenderTableSection {TBODY} at (0,0) size 140x38
          RenderTableRow {TR} at (0,0) size 140x38
            RenderTableCell {TD} at (0,18) size 1x2 [bgcolor=#999999] [r=0 c=0 rs=1 cs=1]
              RenderImage {IMG} at (0,0) size 1x2
              RenderText {#text} at (0,0) size 0x0
            RenderTableCell {TD} at (1,0) size 139x38 [bgcolor=#FFFFCC] [r=0 c=1 rs=1 cs=1]
              RenderText {#text} at (0,0) size 136x38
                text run at (0,0) width 136: " D A I LY  C H E C"
                text run at (0,19) width 11: "K"
