layer at (0,0) size 980x735
  RenderView at (0,0) size 980x735
layer at (0,0) size 980x735
  RenderBlock {HTML} at (0,0) size 980x735
    RenderBody {BODY} at (8,8) size 964x719
      RenderTable {TABLE} at (0,0) size 600x446
        RenderTableSection {TBODY} at (0,0) size 600x446
          RenderTableRow {TR} at (0,2) size 600x442
            RenderTableCell {TD} at (2,222) size 98x2 [r=0 c=0 rs=1 cs=1]
            RenderTableCell {TD} at (102,2) size 32x442 [r=0 c=1 rs=1 cs=1]
              RenderImage {IMG} at (1,1) size 30x440
            RenderTableCell {TD} at (136,63) size 462x319 [r=0 c=2 rs=1 cs=1]
              RenderTable {TABLE} at (1,1) size 460x230
                RenderTableSection {TBODY} at (0,0) size 460x230
                  RenderTableRow {TR} at (0,2) size 460x226
                    RenderTableCell {TD} at (2,68) size 252x93 [r=0 c=0 rs=1 cs=1]
                      RenderTable {TABLE} at (1,1) size 250x91
                        RenderTableSection {TBODY} at (0,0) size 250x91
                          RenderTableRow {TR} at (0,2) size 250x87
                            RenderTableCell {TD} at (2,2) size 246x87 [r=0 c=0 rs=1 cs=1]
                              RenderImage {IMG} at (1,1) size 93x85
                              RenderText {#text} at (97,1) size 117x76
                                text run at (97,1) width 117: "Text text, text:"
                                text run at (97,20) width 108: "text text text;"
                                text run at (97,39) width 117: "text. Text, text"
                                text run at (97,58) width 51: "text...."
                    RenderTableCell {TD} at (256,2) size 202x226 [r=0 c=1 rs=1 cs=1]
                      RenderTable {TABLE} at (1,1) size 200x224 [border: (10px outset #808080)]
                        RenderTableSection {TBODY} at (10,10) size 180x204
                          RenderTableRow {TR} at (0,2) size 180x200
                            RenderTableCell {TD} at (2,100) size 176x4 [border: (1px inset #808080)] [r=0 c=0 rs=1 cs=1]
              RenderBlock (anonymous) at (1,231) size 460x38
                RenderBR {BR} at (0,0) size 0x19
                RenderText {#text} at (0,19) size 129x19
                  text run at (0,19) width 129: "This is bug 2904"
              RenderTable {TABLE} at (1,269) size 64x49 [border: (1px outset #808080)]
                RenderTableSection {TBODY} at (1,1) size 62x47
                  RenderTableRow {TR} at (0,2) size 62x43
                    RenderTableCell {TD} at (2,7) size 23x33 [border: (1px inset #808080)] [r=0 c=0 rs=1 cs=1]
                      RenderTable {TABLE} at (2,2) size 19x29 [border: (1px outset #808080)]
                        RenderTableSection {TBODY} at (1,1) size 17x27
                          RenderTableRow {TR} at (0,2) size 17x23
                            RenderTableCell {TD} at (2,2) size 13x23 [border: (1px inset #808080)] [r=0 c=0 rs=1 cs=1]
                              RenderText {#text} at (2,2) size 9x19
                                text run at (2,2) width 9: "x"
                    RenderTableCell {TD} at (27,2) size 33x43 [border: (1px inset #808080)] [r=0 c=1 rs=1 cs=1]
                      RenderBlock {DIV} at (2,2) size 49x39 [border: (10px groove #008000)]
                        RenderText {#text} at (10,10) size 9x19
                          text run at (10,10) width 9: "x"
