layer at (0,0) size 980x735
  RenderView at (0,0) size 980x735
layer at (0,0) size 980x735
  RenderBlock {HTML} at (0,0) size 980x735
    RenderBody {BODY} at (8,8) size 964x719
      RenderBlock {H4} at (0,0) size 964x19
        RenderText {#text} at (0,0) size 752x19
          text run at (0,0) width 752: "Try resizing the window horizantally - the red cell should be 195 pixels at all times."
      RenderTable {TABLE} at (0,40) size 416x82 [bgcolor=#FFFF00] [border: (1px outset #808080)]
        RenderTableSection {TBODY} at (1,1) size 414x80
          RenderTableRow {TR} at (0,0) size 414x21
            RenderTableCell {TD} at (0,9) size 202x2 [border: (1px inset #808080)] [r=0 c=0 rs=1 cs=1]
            RenderTableCell {TD} at (202,9) size 102x2 [border: (1px inset #808080)] [r=0 c=1 rs=1 cs=1]
            RenderTableCell {TD} at (304,0) size 110x21 [border: (1px inset #808080)] [r=0 c=2 rs=1 cs=1]
              RenderText {#text} at (1,1) size 108x19
                text run at (1,1) width 108: "xxxxxxxxxxxx"
          RenderTableRow {TR} at (0,21) size 414x59
            RenderTableCell {TD} at (0,40) size 202x21 [border: (1px inset #808080)] [r=1 c=0 rs=1 cs=1]
              RenderText {#text} at (1,1) size 5x19
                text run at (1,1) width 5: " "
            RenderTableCell {TD} at (202,21) size 212x59 [bgcolor=#FF0000] [border: (1px inset #808080)] [r=1 c=1 rs=1 cs=2]
              RenderText {#text} at (1,1) size 195x57
                text run at (1,1) width 195: "Now you can vote forTLJ"
                text run at (1,20) width 167: "as game of the year "
                text run at (168,20) width 16: "at"
                text run at (1,39) width 130: "Game Rankings."
      RenderBlock {HR} at (0,130) size 204x2 [border: (1px inset #000000)]
      RenderBlock {HR} at (0,140) size 385x2 [border: (1px inset #000000)]
      RenderBlock (anonymous) at (0,150) size 964x19
        RenderText {#text} at (0,0) size 636x19
          text run at (0,0) width 636: "200*150 =3000twips 100*150=1500twips 180*150=1200twips sum: 5700 twips"
