layer at (0,0) size 980x735
  RenderView at (0,0) size 980x735
layer at (0,0) size 980x735
  RenderBlock {HTML} at (0,0) size 980x735
    RenderBody {BODY} at (8,8) size 964x719
      RenderTable {TABLE} at (0,0) size 954x8 [border: (1px outset #808080)]
        RenderTableSection {TBODY} at (1,1) size 952x6
          RenderTableRow {TR} at (0,0) size 952x6
            RenderTableCell {TD} at (0,2) size 946x2 [border: (1px inset #808080)] [r=0 c=0 rs=1 cs=1]
            RenderTableCell {TD} at (946,0) size 6x6 [border: (1px inset #808080)] [r=0 c=1 rs=1 cs=1]
              RenderImage {IMG} at (1,1) size 4x4
      RenderBlock (anonymous) at (0,8) size 964x19
        RenderBR {BR} at (0,0) size 0x19
      RenderTable {TABLE} at (0,27) size 433x25
        RenderTableSection {TBODY} at (0,0) size 433x25
          RenderTableRow {TR} at (0,0) size 433x21
            RenderTableCell {TD} at (0,0) size 429x21 [bgcolor=#006666] [r=0 c=0 rs=1 cs=1]
              RenderImage {IMG} at (0,0) size 13x16
              RenderInline {FONT} at (0,0) size 165x21 [color=#FFFFFF]
                RenderInline {B} at (0,0) size 165x21
                  RenderText {#text} at (13,0) size 165x21
                    text run at (13,0) width 165: "Rugged Laptops"
            RenderTableCell {TD} at (429,3) size 4x18 [r=0 c=1 rs=1 cs=1]
              RenderImage {IMG} at (0,0) size 4x18
          RenderTableRow {TR} at (0,21) size 433x4
            RenderTableCell {TD} at (0,21) size 429x4 [r=1 c=0 rs=1 cs=1]
              RenderImage {IMG} at (0,0) size 1x4
            RenderTableCell {TD} at (429,21) size 4x4 [r=1 c=1 rs=1 cs=1]
              RenderImage {IMG} at (0,0) size 4x4
      RenderBlock (anonymous) at (0,52) size 964x19
        RenderBR {BR} at (0,0) size 0x19
      RenderTable {TABLE} at (0,71) size 433x40
        RenderTableSection {TBODY} at (0,0) size 433x40
          RenderTableRow {TR} at (0,0) size 433x21
            RenderTableCell {TD} at (0,0) size 429x21 [bgcolor=#006666] [r=0 c=0 rs=1 cs=1]
              RenderImage {IMG} at (0,0) size 13x16
              RenderInline {FONT} at (0,0) size 165x21 [color=#FFFFFF]
                RenderInline {B} at (0,0) size 165x21
                  RenderText {#text} at (13,0) size 165x21
                    text run at (13,0) width 165: "Rugged Laptops"
            RenderTableCell {TD} at (429,3) size 4x18 [r=0 c=1 rs=1 cs=1]
              RenderImage {IMG} at (0,0) size 4x18
          RenderTableRow {TR} at (0,21) size 433x19
            RenderTableCell {TD} at (0,21) size 429x19 [r=1 c=0 rs=1 cs=1]
              RenderImage {IMG} at (0,11) size 1x4
              RenderInline {B} at (0,0) size 29x19
                RenderText {#text} at (1,0) size 29x19
                  text run at (1,0) width 29: "foo"
            RenderTableCell {TD} at (429,28) size 4x4 [r=1 c=1 rs=1 cs=1]
              RenderImage {IMG} at (0,0) size 4x4
