layer at (0,0) size 980x735
  RenderView at (0,0) size 980x735
layer at (0,0) size 980x735
  RenderBlock {HTML} at (0,0) size 980x735
    RenderBody {BODY} at (8,8) size 964x719
      RenderTable {TABLE} at (0,0) size 964x114 [bgcolor=#00FFFF] [border: (1px outset #808080)]
        RenderTableSection {TBODY} at (1,1) size 962x112
          RenderTableRow {TR} at (0,2) size 962x108
            RenderTableCell {TD} at (2,2) size 566x108 [border: (1px inset #808080)] [r=0 c=0 rs=1 cs=1]
              RenderTable {TABLE} at (2,2) size 562x104 [bgcolor=#FF00FF] [border: (1px outset #808080)]
                RenderTableSection {TBODY} at (1,1) size 560x102
                  RenderTableRow {TR} at (0,2) size 560x98
                    RenderTableCell {TD} at (2,2) size 556x98 [border: (1px inset #808080)] [r=0 c=0 rs=1 cs=1]
                      RenderText {#text} at (2,2) size 235x19
                        text run at (2,2) width 235: "Mozilla To Be Dually-Licensed"
                      RenderBR {BR} at (237,17) size 0x0
                      RenderText {#text} at (2,36) size 265x19
                        text run at (2,36) width 265: "Plans are underway to make the "
                      RenderInline {FONT} at (0,0) size 112x38 [color=#0000FF]
                        RenderText {#text} at (267,21) size 112x38
                          text run at (267,21) width 112: "Mozilla"
                      RenderText {#text} at (379,36) size 549x60
                        text run at (379,36) width 172: " code available under"
                        text run at (2,58) width 15: "a "
                        text run at (17,58) width 178: "dual MPL/GPL license. "
                        text run at (195,58) width 311: "See the for more info. We're gathering"
                        text run at (2,77) width 325: "contributor input now, in the newsgroup."
                      RenderBR {BR} at (327,92) size 0x0
            RenderTableCell {TD} at (570,25) size 390x61 [border: (1px inset #808080)] [r=0 c=1 rs=1 cs=1]
              RenderText {#text} at (2,2) size 361x57
                text run at (2,2) width 341: "This status update contains information on"
                text run at (2,21) width 361: "MailNews, XML/DOM, XPToolkit, Architecture,"
                text run at (2,40) width 246: "Bidi, Necko/Imglib, and more..."
      RenderBlock (anonymous) at (0,114) size 964x48
        RenderBR {BR} at (0,0) size 0x19
        RenderButton {INPUT} at (2,22) size 53x23 [bgcolor=#C0C0C0] [border: (2px outset #C0C0C0)]
          RenderBlock (anonymous) at (5,5) size 45x15
            RenderText at (0,0) size 45x15
              text run at (0,0) width 45: "Reload"
        RenderText {#text} at (57,24) size 10x19
          text run at (57,24) width 10: "  "
        RenderButton {INPUT} at (69,22) size 89x23 [bgcolor=#C0C0C0] [border: (2px outset #C0C0C0)]
          RenderBlock (anonymous) at (5,5) size 81x15
            RenderText at (0,0) size 81x15
              text run at (0,0) width 81: "Change Font"
        RenderText {#text} at (160,24) size 10x19
          text run at (160,24) width 10: "  "
        RenderTextControl {INPUT} at (172,21) size 171x25 [bgcolor=#FFFFFF]
        RenderText {#text} at (0,0) size 0x0
layer at (184,149) size 164x15
  RenderBlock {DIV} at (4,6) size 164x15
    RenderText {#text} at (0,0) size 8x15
      text run at (0,0) width 8: "6"
