layer at (0,0) size 980x735
  RenderView at (0,0) size 980x735
layer at (0,0) size 980x137
  RenderBlock {HTML} at (0,0) size 980x137
    RenderBody {BODY} at (8,8) size 964x0 [bgcolor=#FFFFFF]
      RenderTable {TABLE} at (0,0) size 107x124
        RenderBlock {CAPTION} at (0,0) size 107x19
          RenderText {#text} at (0,0) size 107x19
            text run at (0,0) width 107: "height=\"105\""
        RenderTableSection {TBODY} at (0,19) size 107x105
          RenderTableRow {TR} at (0,0) size 107x21
            RenderTableCell {TD} at (0,0) size 107x21 [r=0 c=0 rs=1 cs=1]
              RenderText {#text} at (1,1) size 80x19
                text run at (1,1) width 80: "Entry #01"
          RenderTableRow {TR} at (0,21) size 107x21
            RenderTableCell {TD} at (0,21) size 107x21 [r=1 c=0 rs=1 cs=1]
              RenderText {#text} at (1,1) size 80x19
                text run at (1,1) width 80: "Entry #02"
          RenderTableRow {TR} at (0,42) size 107x21
            RenderTableCell {TD} at (0,42) size 107x21 [r=2 c=0 rs=1 cs=1]
              RenderText {#text} at (1,1) size 80x19
                text run at (1,1) width 80: "Entry #03"
          RenderTableRow {TR} at (0,63) size 107x21
            RenderTableCell {TD} at (0,63) size 107x21 [r=3 c=0 rs=1 cs=1]
              RenderText {#text} at (1,1) size 80x19
                text run at (1,1) width 80: "Entry #04"
          RenderTableRow {TR} at (0,84) size 107x21
            RenderTableCell {TD} at (0,84) size 107x21 [r=4 c=0 rs=1 cs=1]
              RenderText {#text} at (1,1) size 80x19
                text run at (1,1) width 80: "Entry #05"
      RenderTable {TABLE} at (107,0) size 107x125
        RenderBlock {CAPTION} at (0,0) size 107x19
          RenderText {#text} at (0,0) size 107x19
            text run at (0,0) width 107: "height=\"106\""
        RenderTableSection {TBODY} at (0,19) size 107x106
          RenderTableRow {TR} at (0,0) size 107x21
            RenderTableCell {TD} at (0,0) size 107x21 [r=0 c=0 rs=1 cs=1]
              RenderText {#text} at (1,1) size 80x19
                text run at (1,1) width 80: "Entry #01"
          RenderTableRow {TR} at (0,21) size 107x21
            RenderTableCell {TD} at (0,21) size 107x21 [r=1 c=0 rs=1 cs=1]
              RenderText {#text} at (1,1) size 80x19
                text run at (1,1) width 80: "Entry #02"
          RenderTableRow {TR} at (0,42) size 107x21
            RenderTableCell {TD} at (0,42) size 107x21 [r=2 c=0 rs=1 cs=1]
              RenderText {#text} at (1,1) size 80x19
                text run at (1,1) width 80: "Entry #03"
          RenderTableRow {TR} at (0,63) size 107x21
            RenderTableCell {TD} at (0,63) size 107x21 [r=3 c=0 rs=1 cs=1]
              RenderText {#text} at (1,1) size 80x19
                text run at (1,1) width 80: "Entry #04"
          RenderTableRow {TR} at (0,84) size 107x22
            RenderTableCell {TD} at (0,84) size 107x21 [r=4 c=0 rs=1 cs=1]
              RenderText {#text} at (1,1) size 80x19
                text run at (1,1) width 80: "Entry #05"
      RenderTable {TABLE} at (214,0) size 107x126
        RenderBlock {CAPTION} at (0,0) size 107x19
          RenderText {#text} at (0,0) size 107x19
            text run at (0,0) width 107: "height=\"107\""
        RenderTableSection {TBODY} at (0,19) size 107x107
          RenderTableRow {TR} at (0,0) size 107x21
            RenderTableCell {TD} at (0,0) size 107x21 [r=0 c=0 rs=1 cs=1]
              RenderText {#text} at (1,1) size 80x19
                text run at (1,1) width 80: "Entry #01"
          RenderTableRow {TR} at (0,21) size 107x21
            RenderTableCell {TD} at (0,21) size 107x21 [r=1 c=0 rs=1 cs=1]
              RenderText {#text} at (1,1) size 80x19
                text run at (1,1) width 80: "Entry #02"
          RenderTableRow {TR} at (0,42) size 107x21
            RenderTableCell {TD} at (0,42) size 107x21 [r=2 c=0 rs=1 cs=1]
              RenderText {#text} at (1,1) size 80x19
                text run at (1,1) width 80: "Entry #03"
          RenderTableRow {TR} at (0,63) size 107x22
            RenderTableCell {TD} at (0,63) size 107x21 [r=3 c=0 rs=1 cs=1]
              RenderText {#text} at (1,1) size 80x19
                text run at (1,1) width 80: "Entry #04"
          RenderTableRow {TR} at (0,85) size 107x22
            RenderTableCell {TD} at (0,85) size 107x21 [r=4 c=0 rs=1 cs=1]
              RenderText {#text} at (1,1) size 80x19
                text run at (1,1) width 80: "Entry #05"
      RenderTable {TABLE} at (321,0) size 107x127
        RenderBlock {CAPTION} at (0,0) size 107x19
          RenderText {#text} at (0,0) size 107x19
            text run at (0,0) width 107: "height=\"108\""
        RenderTableSection {TBODY} at (0,19) size 107x108
          RenderTableRow {TR} at (0,0) size 107x21
            RenderTableCell {TD} at (0,0) size 107x21 [r=0 c=0 rs=1 cs=1]
              RenderText {#text} at (1,1) size 80x19
                text run at (1,1) width 80: "Entry #01"
          RenderTableRow {TR} at (0,21) size 107x21
            RenderTableCell {TD} at (0,21) size 107x21 [r=1 c=0 rs=1 cs=1]
              RenderText {#text} at (1,1) size 80x19
                text run at (1,1) width 80: "Entry #02"
          RenderTableRow {TR} at (0,42) size 107x22
            RenderTableCell {TD} at (0,42) size 107x21 [r=2 c=0 rs=1 cs=1]
              RenderText {#text} at (1,1) size 80x19
                text run at (1,1) width 80: "Entry #03"
          RenderTableRow {TR} at (0,64) size 107x22
            RenderTableCell {TD} at (0,64) size 107x21 [r=3 c=0 rs=1 cs=1]
              RenderText {#text} at (1,1) size 80x19
                text run at (1,1) width 80: "Entry #04"
          RenderTableRow {TR} at (0,86) size 107x22
            RenderTableCell {TD} at (0,86) size 107x21 [r=4 c=0 rs=1 cs=1]
              RenderText {#text} at (1,1) size 80x19
                text run at (1,1) width 80: "Entry #05"
      RenderTable {TABLE} at (428,0) size 107x128
        RenderBlock {CAPTION} at (0,0) size 107x19
          RenderText {#text} at (0,0) size 107x19
            text run at (0,0) width 107: "height=\"109\""
        RenderTableSection {TBODY} at (0,19) size 107x109
          RenderTableRow {TR} at (0,0) size 107x21
            RenderTableCell {TD} at (0,0) size 107x21 [r=0 c=0 rs=1 cs=1]
              RenderText {#text} at (1,1) size 80x19
                text run at (1,1) width 80: "Entry #01"
          RenderTableRow {TR} at (0,21) size 107x22
            RenderTableCell {TD} at (0,21) size 107x21 [r=1 c=0 rs=1 cs=1]
              RenderText {#text} at (1,1) size 80x19
                text run at (1,1) width 80: "Entry #02"
          RenderTableRow {TR} at (0,43) size 107x22
            RenderTableCell {TD} at (0,43) size 107x21 [r=2 c=0 rs=1 cs=1]
              RenderText {#text} at (1,1) size 80x19
                text run at (1,1) width 80: "Entry #03"
          RenderTableRow {TR} at (0,65) size 107x22
            RenderTableCell {TD} at (0,65) size 107x21 [r=3 c=0 rs=1 cs=1]
              RenderText {#text} at (1,1) size 80x19
                text run at (1,1) width 80: "Entry #04"
          RenderTableRow {TR} at (0,87) size 107x22
            RenderTableCell {TD} at (0,87) size 107x21 [r=4 c=0 rs=1 cs=1]
              RenderText {#text} at (1,1) size 80x19
                text run at (1,1) width 80: "Entry #05"
      RenderTable {TABLE} at (535,0) size 107x129
        RenderBlock {CAPTION} at (0,0) size 107x19
          RenderText {#text} at (0,0) size 107x19
            text run at (0,0) width 107: "height=\"110\""
        RenderTableSection {TBODY} at (0,19) size 107x110
          RenderTableRow {TR} at (0,0) size 107x22
            RenderTableCell {TD} at (0,0) size 107x21 [r=0 c=0 rs=1 cs=1]
              RenderText {#text} at (1,1) size 80x19
                text run at (1,1) width 80: "Entry #01"
          RenderTableRow {TR} at (0,22) size 107x22
            RenderTableCell {TD} at (0,22) size 107x21 [r=1 c=0 rs=1 cs=1]
              RenderText {#text} at (1,1) size 80x19
                text run at (1,1) width 80: "Entry #02"
          RenderTableRow {TR} at (0,44) size 107x22
            RenderTableCell {TD} at (0,44) size 107x21 [r=2 c=0 rs=1 cs=1]
              RenderText {#text} at (1,1) size 80x19
                text run at (1,1) width 80: "Entry #03"
          RenderTableRow {TR} at (0,66) size 107x22
            RenderTableCell {TD} at (0,66) size 107x21 [r=3 c=0 rs=1 cs=1]
              RenderText {#text} at (1,1) size 80x19
                text run at (1,1) width 80: "Entry #04"
          RenderTableRow {TR} at (0,88) size 107x22
            RenderTableCell {TD} at (0,88) size 107x21 [r=4 c=0 rs=1 cs=1]
              RenderText {#text} at (1,1) size 80x19
                text run at (1,1) width 80: "Entry #05"
