layer at (0,0) size 980x735
  RenderView at (0,0) size 980x735
layer at (0,0) size 980x735
  RenderBlock {HTML} at (0,0) size 980x735
    RenderBody {BODY} at (8,8) size 964x711
      RenderBlock (anonymous) at (0,0) size 964x19
        RenderText {#text} at (0,0) size 336x19
          text run at (0,0) width 336: "The select should not contain blank items "
        RenderBR {BR} at (336,15) size 0x0
      RenderBlock {FORM} at (0,19) size 964x30
        RenderInline {B} at (0,0) size 62x19
          RenderText {#text} at (0,5) size 62x19
            text run at (0,5) width 62: "Search"
        RenderText {#text} at (62,5) size 5x19
          text run at (62,5) width 5: " "
        RenderTextControl {INPUT} at (69,2) size 155x25 [bgcolor=#FFFFFF]
        RenderText {#text} at (226,5) size 5x19
          text run at (226,5) width 5: " "
        RenderMenuList {SELECT} at (233,3) size 84x25 [bgcolor=#FFFFFF]
          RenderBlock (anonymous) at (6,5) size 56x15
            RenderText at (0,0) size 40x15
              text run at (0,0) width 40: "Excite"
        RenderText {#text} at (0,0) size 0x0
      RenderBlock (anonymous) at (0,65) size 964x38
        RenderBR {BR} at (0,0) size 0x19
        RenderText {#text} at (0,19) size 336x19
          text run at (0,19) width 336: "The select should not contain blank items "
        RenderBR {BR} at (336,34) size 0x0
      RenderBlock {FORM} at (0,103) size 964x29
        RenderMenuList {SELECT} at (2,2) size 256x25 [bgcolor=#FFFFFF]
          RenderBlock (anonymous) at (6,5) size 228x15
            RenderText at (0,0) size 68x15
              text run at (0,0) width 68: "Quick Link"
layer at (81,35) size 148x15
  RenderBlock {DIV} at (4,6) size 148x15
