layer at (0,0) size 980x735
  RenderView at (0,0) size 980x735
layer at (0,0) size 980x735
  RenderBlock {HTML} at (0,0) size 980x735
    RenderBody {BODY} at (8,8) size 964x719
      RenderTable {TABLE} at (0,0) size 640x134 [border: (1px outset #808080)]
        RenderTableSection {TBODY} at (1,1) size 638x132
          RenderTableRow {TR} at (0,2) size 638x128
            RenderTableCell {TD} at (2,2) size 322x128 [border: (1px inset #808080)] [r=0 c=0 rs=1 cs=1]
              RenderTable {TABLE} at (2,2) size 300x124 [border: (1px outset #808080)]
                RenderTableSection {TBODY} at (1,1) size 298x122
                  RenderTableRow {TR} at (0,2) size 298x118
                    RenderTableCell {TD} at (2,2) size 294x118 [border: (1px inset #808080)] [r=0 c=0 rs=1 cs=2]
                      RenderText {#text} at (2,2) size 276x114
                        text run at (2,2) width 259: "Welcome to PlanDepot.com, the"
                        text run at (2,21) width 227: "fastest growing resource for"
                        text run at (2,40) width 275: "Construction Data on the Internet!"
                        text run at (2,59) width 260: "We offer an extensive database "
                        text run at (262,59) width 16: "of"
                        text run at (2,78) width 243: "construction bid opportunities,"
                        text run at (2,97) width 151: "currently covering "
                        text run at (153,97) width 79: "13 states!"
            RenderTableCell {TD} at (326,2) size 310x23 [border: (1px inset #808080)] [r=0 c=1 rs=1 cs=1]
              RenderText {#text} at (2,2) size 258x19
                text run at (2,2) width 258: "Expanded Geographic Coverage"
