layer at (0,0) size 980x735
  RenderView at (0,0) size 980x735
layer at (0,0) size 980x735
  RenderBlock {HTML} at (0,0) size 980x735
    RenderBody {BODY} at (8,8) size 964x719 [bgcolor=#FFFCCC]
      RenderBlock {CENTER} at (0,0) size 964x148
        RenderTable {TABLE} at (182,0) size 600x148
          RenderTableSection {TBODY} at (0,0) size 600x148
            RenderTableRow {TR} at (0,0) size 600x112
              RenderTableCell {TD} at (0,0) size 150x38 [r=0 c=0 rs=1 cs=1]
                RenderBlock {CENTER} at (0,0) size 150x38
                  RenderInline {IFRAMEX} at (0,0) size 0x38
                    RenderText {#text} at (0,0) size 0x0
                    RenderBR {BR} at (75,0) size 0x19
                    RenderBR {BR} at (75,19) size 0x19
              RenderTableCell {TD} at (150,0) size 1x1 [bgcolor=#FFFFFF] [r=0 c=1 rs=1 cs=1]
                RenderImage {IMG} at (0,0) size 1x1
                RenderText {#text} at (0,0) size 0x0
              RenderTableCell {TD} at (151,0) size 449x112 [r=0 c=2 rs=1 cs=1]
                RenderTable {TABLE} at (0,0) size 449x84
                  RenderTableSection {TBODY} at (0,0) size 449x84
                    RenderTableRow {TR} at (0,2) size 449x80
                      RenderTableCell {TD} at (2,2) size 445x80 [r=0 c=0 rs=1 cs=1]
                        RenderBlock {P} at (2,2) size 441x76
                          RenderText {#text} at (0,0) size 170x19
                            text run at (0,0) width 170: "IMPROVE YOUR SITE "
                          RenderBR {BR} at (170,15) size 0x0
                          RenderText {#text} at (0,19) size 410x57
                            text run at (0,19) width 410: "In this week's Home Improvements you can find an"
                            text run at (0,38) width 362: "article on how to spice up your page by using"
                            text run at (0,57) width 99: "imagemaps."
                        RenderBlock {P} at (2,94) size 441x0
                RenderTable {TABLE} at (0,84) size 449x28
                  RenderTableSection {TBODY} at (0,0) size 449x28
                    RenderTableRow {TR} at (0,2) size 449x24
                      RenderTableCell {TD} at (2,2) size 445x24 [r=0 c=0 rs=1 cs=1]
                        RenderInline {A} at (0,0) size 98x19 [color=#0000EE]
                          RenderText {#text} at (346,4) size 48x19
                            text run at (346,4) width 48: "MORE"
                          RenderImage {IMG} at (394,1) size 50x18
                        RenderText {#text} at (0,0) size 0x0
            RenderTableRow {TR} at (0,112) size 600x36
              RenderTableCell {TD} at (0,112) size 600x36 [r=1 c=0 rs=1 cs=3]
                RenderBlock (anonymous) at (0,0) size 600x1
                  RenderImage {IMG} at (0,0) size 600x1
                RenderBlock {P} at (0,17) size 600x19
                  RenderBR {BR} at (300,0) size 0x19
