layer at (0,0) size 980x735
  RenderView at (0,0) size 980x735
layer at (0,0) size 980x735
  RenderBlock {HTML} at (0,0) size 980x735
    RenderBody {BODY} at (8,8) size 964x719
      RenderTable {TABLE} at (0,0) size 264x123 [border: (1px outset #808080)]
        RenderBlock {CAPTION} at (0,0) size 264x19
          RenderInline {EM} at (0,0) size 238x19
            RenderText {#text} at (13,0) size 238x19
              text run at (13,0) width 238: "A test table with merged cells"
        RenderTableSection {TBODY} at (1,20) size 262x102
          RenderTableRow {TR} at (0,2) size 262x23
            RenderTableCell {TH} at (180,24) size 80x4 [border: (1px inset #808080)] [r=0 c=0 rs=2 cs=1]
            RenderTableCell {TH} at (50,2) size 128x23 [border: (1px inset #808080)] [r=0 c=1 rs=1 cs=2]
              RenderText {#text} at (27,2) size 74x19
                text run at (27,2) width 74: "Average"
            RenderTableCell {TH} at (2,5) size 46x42 [border: (1px inset #808080)] [r=0 c=3 rs=2 cs=1]
              RenderText {#text} at (6,2) size 34x19
                text run at (6,2) width 34: "Red"
              RenderBR {BR} at (6,17) size 0x0
              RenderText {#text} at (2,21) size 42x19
                text run at (2,21) width 42: "eyes"
          RenderTableRow {TR} at (0,27) size 262x23
            RenderTableCell {TH} at (117,27) size 61x23 [border: (1px inset #808080)] [r=1 c=1 rs=1 cs=1]
              RenderText {#text} at (2,2) size 57x19
                text run at (2,2) width 57: "height"
            RenderTableCell {TH} at (50,27) size 65x23 [border: (1px inset #808080)] [r=1 c=2 rs=1 cs=1]
              RenderText {#text} at (2,2) size 61x19
                text run at (2,2) width 61: "weight"
          RenderTableRow {TR} at (0,52) size 262x23
            RenderTableCell {TH} at (180,52) size 80x23 [border: (1px inset #808080)] [r=2 c=0 rs=1 cs=1]
              RenderText {#text} at (13,2) size 54x19
                text run at (13,2) width 54: "Males"
            RenderTableCell {TD} at (117,52) size 61x23 [border: (1px inset #808080)] [r=2 c=1 rs=1 cs=1]
              RenderText {#text} at (34,2) size 25x19
                text run at (34,2) width 25: "1.9"
            RenderTableCell {TD} at (50,52) size 65x23 [border: (1px inset #808080)] [r=2 c=2 rs=1 cs=1]
              RenderText {#text} at (18,2) size 45x19
                text run at (18,2) width 45: "0.003"
            RenderTableCell {TD} at (2,52) size 46x23 [border: (1px inset #808080)] [r=2 c=3 rs=1 cs=1]
              RenderText {#text} at (9,2) size 35x19
                text run at (9,2) width 35: "40%"
          RenderTableRow {TR} at (0,77) size 262x23
            RenderTableCell {TH} at (180,77) size 80x23 [border: (1px inset #808080)] [r=3 c=0 rs=1 cs=1]
              RenderText {#text} at (2,2) size 76x19
                text run at (2,2) width 76: "Females"
            RenderTableCell {TD} at (117,77) size 61x23 [border: (1px inset #808080)] [r=3 c=1 rs=1 cs=1]
              RenderText {#text} at (34,2) size 25x19
                text run at (34,2) width 25: "1.7"
            RenderTableCell {TD} at (50,77) size 65x23 [border: (1px inset #808080)] [r=3 c=2 rs=1 cs=1]
              RenderText {#text} at (18,2) size 45x19
                text run at (18,2) width 45: "0.002"
            RenderTableCell {TD} at (2,77) size 46x23 [border: (1px inset #808080)] [r=3 c=3 rs=1 cs=1]
              RenderText {#text} at (9,2) size 35x19
                text run at (9,2) width 35: "43%"
