layer at (0,0) size 980x735
  RenderView at (0,0) size 980x735
layer at (0,0) size 980x735
  RenderBlock {HTML} at (0,0) size 980x735
    RenderBody {BODY} at (8,8) size 964x719
      RenderTable {TABLE} at (0,0) size 303x133 [border: (1px outset #808080)]
        RenderTableSection {TBODY} at (1,1) size 301x131
          RenderTableRow {TR} at (0,2) size 301x127
            RenderTableCell {TD} at (2,2) size 204x127 [border: (1px inset #808080)] [r=0 c=0 rs=1 cs=1]
              RenderTable {TABLE} at (2,2) size 200x123 [border: (10px outset #808080)]
                RenderTableSection {TBODY} at (10,10) size 180x103
                  RenderTableRow {TR} at (0,2) size 180x99
                    RenderTableCell {TD} at (2,29) size 44x44 [border: (1px inset #808080)] [r=0 c=0 rs=1 cs=1]
                      RenderImage {IMG} at (2,2) size 40x40
                    RenderTableCell {TD} at (48,2) size 130x99 [border: (1px inset #808080)] [r=0 c=1 rs=1 cs=1]
                      RenderText {#text} at (2,2) size 123x95
                        text run at (2,2) width 123: "xxx xxx xxx xxx"
                        text run at (2,21) width 123: "xxx xxx xxx xxx"
                        text run at (2,40) width 123: "xxx xxx xxx xxx"
                        text run at (2,59) width 123: "xxx xxx xxx xxx"
                        text run at (2,78) width 123: "xxx xxx xxx xxx"
            RenderTableCell {TD} at (208,54) size 91x23 [border: (1px inset #808080)] [r=0 c=1 rs=1 cs=1]
              RenderText {#text} at (2,2) size 87x19
                text run at (2,2) width 87: "row2, cell2"
