layer at (0,0) size 980x735
  RenderView at (0,0) size 980x735
layer at (0,0) size 980x328
  RenderBlock {HTML} at (0,0) size 980x328
    RenderBody {BODY} at (8,8) size 964x312 [bgcolor=#FFFFFF]
      RenderTable {TABLE} at (0,0) size 216x312
        RenderTableSection {TBODY} at (0,0) size 216x312
          RenderTableRow {TR} at (0,0) size 216x39
            RenderTableCell {TD} at (0,0) size 54x39 [border: (1px solid #000000)] [r=0 c=0 rs=1 cs=1]
              RenderText {#text} at (10,10) size 34x19
                text run at (10,10) width 34: "blah"
            RenderTableCell {TD} at (54,0) size 54x39 [border: (1px solid #000000)] [r=0 c=1 rs=1 cs=1]
              RenderText {#text} at (10,10) size 34x19
                text run at (10,10) width 34: "blah"
            RenderTableCell {TD} at (108,0) size 54x39 [border: (1px solid #000000)] [r=0 c=2 rs=1 cs=1]
              RenderText {#text} at (10,10) size 34x19
                text run at (10,10) width 34: "blah"
            RenderTableCell {TD} at (162,0) size 54x39 [border: (1px solid #000000)] [r=0 c=3 rs=1 cs=1]
              RenderText {#text} at (10,10) size 34x19
                text run at (10,10) width 34: "blah"
          RenderTableRow {TR} at (0,39) size 216x39
            RenderTableCell {TD} at (0,39) size 54x39 [border: (1px solid #000000)] [r=1 c=0 rs=1 cs=1]
              RenderText {#text} at (10,10) size 34x19
                text run at (10,10) width 34: "blah"
            RenderTableCell {TD} at (54,39) size 54x39 [border: (1px solid #000000)] [r=1 c=1 rs=1 cs=1]
              RenderText {#text} at (10,10) size 34x19
                text run at (10,10) width 34: "blah"
            RenderTableCell {TD} at (108,39) size 54x39 [border: (1px solid #000000)] [r=1 c=2 rs=1 cs=1]
              RenderText {#text} at (10,10) size 34x19
                text run at (10,10) width 34: "blah"
            RenderTableCell {TD} at (162,39) size 54x39 [border: (1px solid #000000)] [r=1 c=3 rs=1 cs=1]
              RenderText {#text} at (10,10) size 34x19
                text run at (10,10) width 34: "blah"
          RenderTableRow {TR} at (0,78) size 216x39
            RenderTableCell {TD} at (0,78) size 54x39 [border: (1px solid #000000)] [r=2 c=0 rs=1 cs=1]
              RenderText {#text} at (10,10) size 34x19
                text run at (10,10) width 34: "blah"
            RenderTableCell {TD} at (54,78) size 54x39 [border: (1px solid #000000)] [r=2 c=1 rs=1 cs=1]
              RenderText {#text} at (10,10) size 34x19
                text run at (10,10) width 34: "blah"
            RenderTableCell {TD} at (108,78) size 54x39 [border: (1px solid #000000)] [r=2 c=2 rs=1 cs=1]
              RenderText {#text} at (10,10) size 34x19
                text run at (10,10) width 34: "blah"
            RenderTableCell {TD} at (162,78) size 54x39 [border: (1px solid #000000)] [r=2 c=3 rs=1 cs=1]
              RenderText {#text} at (10,10) size 34x19
                text run at (10,10) width 34: "blah"
          RenderTableRow {TR} at (0,117) size 216x39
            RenderTableCell {TD} at (0,117) size 54x39 [border: (1px solid #000000)] [r=3 c=0 rs=1 cs=1]
              RenderText {#text} at (10,10) size 34x19
                text run at (10,10) width 34: "blah"
            RenderTableCell {TD} at (54,117) size 54x39 [border: (1px solid #000000)] [r=3 c=1 rs=1 cs=1]
              RenderText {#text} at (10,10) size 34x19
                text run at (10,10) width 34: "blah"
            RenderTableCell {TD} at (108,117) size 54x39 [border: (1px solid #000000)] [r=3 c=2 rs=1 cs=1]
              RenderText {#text} at (10,10) size 34x19
                text run at (10,10) width 34: "blah"
            RenderTableCell {TD} at (162,117) size 54x39 [border: (1px solid #000000)] [r=3 c=3 rs=1 cs=1]
              RenderText {#text} at (10,10) size 34x19
                text run at (10,10) width 34: "blah"
          RenderTableRow {TR} at (0,156) size 216x39
            RenderTableCell {TD} at (0,156) size 54x39 [border: (1px solid #000000)] [r=4 c=0 rs=1 cs=1]
              RenderText {#text} at (10,10) size 34x19
                text run at (10,10) width 34: "blah"
            RenderTableCell {TD} at (54,156) size 54x39 [border: (1px solid #000000)] [r=4 c=1 rs=1 cs=1]
              RenderText {#text} at (10,10) size 34x19
                text run at (10,10) width 34: "blah"
            RenderTableCell {TD} at (108,156) size 54x39 [border: (1px solid #000000)] [r=4 c=2 rs=1 cs=1]
              RenderText {#text} at (10,10) size 34x19
                text run at (10,10) width 34: "blah"
            RenderTableCell {TD} at (162,156) size 54x39 [border: (1px solid #000000)] [r=4 c=3 rs=1 cs=1]
              RenderText {#text} at (10,10) size 34x19
                text run at (10,10) width 34: "blah"
          RenderTableRow {TR} at (0,195) size 216x39
            RenderTableCell {TD} at (0,195) size 54x39 [border: (1px solid #000000)] [r=5 c=0 rs=1 cs=1]
              RenderText {#text} at (10,10) size 34x19
                text run at (10,10) width 34: "blah"
            RenderTableCell {TD} at (54,195) size 54x39 [border: (1px solid #000000)] [r=5 c=1 rs=1 cs=1]
              RenderText {#text} at (10,10) size 34x19
                text run at (10,10) width 34: "blah"
            RenderTableCell {TD} at (108,195) size 54x39 [border: (1px solid #000000)] [r=5 c=2 rs=1 cs=1]
              RenderText {#text} at (10,10) size 34x19
                text run at (10,10) width 34: "blah"
            RenderTableCell {TD} at (162,195) size 54x39 [border: (1px solid #000000)] [r=5 c=3 rs=1 cs=1]
              RenderText {#text} at (10,10) size 34x19
                text run at (10,10) width 34: "blah"
          RenderTableRow {TR} at (0,234) size 216x39
            RenderTableCell {TD} at (0,234) size 54x39 [border: (1px solid #000000)] [r=6 c=0 rs=1 cs=1]
              RenderText {#text} at (10,10) size 34x19
                text run at (10,10) width 34: "blah"
            RenderTableCell {TD} at (54,234) size 54x39 [border: (1px solid #000000)] [r=6 c=1 rs=1 cs=1]
              RenderText {#text} at (10,10) size 34x19
                text run at (10,10) width 34: "blah"
            RenderTableCell {TD} at (108,234) size 54x39 [border: (1px solid #000000)] [r=6 c=2 rs=1 cs=1]
              RenderText {#text} at (10,10) size 34x19
                text run at (10,10) width 34: "blah"
            RenderTableCell {TD} at (162,234) size 54x39 [border: (1px solid #000000)] [r=6 c=3 rs=1 cs=1]
              RenderText {#text} at (10,10) size 34x19
                text run at (10,10) width 34: "blah"
          RenderTableRow {TR} at (0,273) size 216x39
            RenderTableCell {TD} at (0,273) size 54x39 [border: (1px solid #000000)] [r=7 c=0 rs=1 cs=1]
              RenderText {#text} at (10,10) size 34x19
                text run at (10,10) width 34: "blah"
            RenderTableCell {TD} at (54,273) size 54x39 [border: (1px solid #000000)] [r=7 c=1 rs=1 cs=1]
              RenderText {#text} at (10,10) size 34x19
                text run at (10,10) width 34: "blah"
            RenderTableCell {TD} at (108,273) size 54x39 [border: (1px solid #000000)] [r=7 c=2 rs=1 cs=1]
              RenderText {#text} at (10,10) size 34x19
                text run at (10,10) width 34: "blah"
            RenderTableCell {TD} at (162,273) size 54x39 [border: (1px solid #000000)] [r=7 c=3 rs=1 cs=1]
              RenderText {#text} at (10,10) size 34x19
                text run at (10,10) width 34: "blah"
