layer at (0,0) size 980x735
  RenderView at (0,0) size 980x735
layer at (0,0) size 980x130
  RenderBlock {HTML} at (0,0) size 980x130
    RenderBody {BODY} at (8,8) size 964x114
      RenderBlock {FORM} at (0,0) size 964x48
        RenderButton {INPUT} at (2,0) size 209x23 [bgcolor=#C0C0C0] [border: (2px outset #C0C0C0)]
          RenderBlock (anonymous) at (5,5) size 201x15
            RenderText at (0,0) size 201x15
              text run at (0,0) width 201: "[Step 1] Set cell height to 60px"
        RenderButton {INPUT} at (2,25) size 209x23 [bgcolor=#C0C0C0] [border: (2px outset #C0C0C0)]
          RenderBlock (anonymous) at (5,5) size 201x15
            RenderText at (0,0) size 201x15
              text run at (0,0) width 201: "[Step 2] Set cell height to 20px"
      RenderTable {TABLE} at (0,50) size 46x64
        RenderTableSection {TBODY} at (0,0) size 46x64
          RenderTableRow {TR} at (0,2) size 46x29
            RenderTableCell {TD} at (2,2) size 20x29 [border: (4px solid #000000)] [r=0 c=0 rs=1 cs=1]
              RenderText {#text} at (5,5) size 10x19
                text run at (5,5) width 10: "1"
            RenderTableCell {TD} at (24,2) size 20x29 [border: (4px solid #000000)] [r=0 c=1 rs=1 cs=1]
              RenderText {#text} at (5,5) size 10x19
                text run at (5,5) width 10: "2"
          RenderTableRow {TR} at (0,33) size 46x29
            RenderTableCell {TD} at (2,33) size 20x29 [border: (4px solid #000000)] [r=1 c=0 rs=1 cs=1]
              RenderText {#text} at (5,5) size 10x19
                text run at (5,5) width 10: "2"
            RenderTableCell {TD} at (24,33) size 20x29 [border: (4px solid #000000)] [r=1 c=1 rs=1 cs=1]
              RenderText {#text} at (5,5) size 10x19
                text run at (5,5) width 10: "2"
