layer at (0,0) size 980x735
  RenderView at (0,0) size 980x735
layer at (0,0) size 980x735
  RenderBlock {HTML} at (0,0) size 980x735
    RenderBody {BODY} at (8,8) size 964x719
      RenderTable {TABLE} at (0,0) size 299x719 [border: (1px outset #808080)]
        RenderTableSection {TBODY} at (1,1) size 297x717
          RenderTableRow {TR} at (0,0) size 297x696
            RenderTableCell {TD} at (0,337) size 297x21 [border: (1px inset #808080)] [r=0 c=0 rs=1 cs=1]
              RenderText {#text} at (1,1) size 281x19
                text run at (1,1) width 281: "Table cell without height restriction"
          RenderTableRow {TR} at (0,696) size 297x21
            RenderTableCell {TD} at (0,696) size 297x21 [border: (1px inset #808080)] [r=1 c=0 rs=1 cs=1]
              RenderText {#text} at (1,1) size 295x19
                text run at (1,1) width 295: "This table cell should be 5 pixels high"
