layer at (0,0) size 980x735
  RenderView at (0,0) size 980x735
layer at (0,0) size 980x735
  RenderBlock {HTML} at (0,0) size 980x735
    RenderBody {BODY} at (8,8) size 964x711
      RenderBlock (anonymous) at (0,0) size 964x19
        RenderText {#text} at (0,0) size 303x19
          text run at (0,0) width 303: "The tables left position should be 250."
      RenderBlock {P} at (0,35) size 964x29
        RenderText {#text} at (0,5) size 41x19
          text run at (0,5) width 41: "Left: "
        RenderTextControl {INPUT} at (43,2) size 171x25 [bgcolor=#FFFFFF]
      RenderBlock {P} at (0,80) size 964x29
        RenderText {#text} at (0,5) size 40x19
          text run at (0,5) width 40: "Top: "
        RenderTextControl {INPUT} at (42,2) size 171x25 [bgcolor=#FFFFFF]
      RenderBlock {P} at (0,125) size 964x27
        RenderButton {INPUT} at (2,2) size 43x23 [bgcolor=#C0C0C0] [border: (2px outset #C0C0C0)]
          RenderBlock (anonymous) at (5,5) size 35x15
            RenderText at (0,0) size 35x15
              text run at (0,0) width 35: "Move"
layer at (55,51) size 164x15
  RenderBlock {DIV} at (4,6) size 164x15
    RenderText {#text} at (0,0) size 40x15
      text run at (0,0) width 40: "120px"
layer at (54,96) size 164x15
  RenderBlock {DIV} at (4,6) size 164x15
    RenderText {#text} at (0,0) size 40x15
      text run at (0,0) width 40: "120px"
layer at (250,120) size 35x50
  RenderTable {TABLE} at (250,120) size 35x50 [border: (1px outset #808080)]
    RenderTableSection {TBODY} at (1,1) size 33x48
      RenderTableRow {TR} at (0,2) size 33x21
        RenderTableCell {TD} at (2,2) size 29x21 [border: (1px inset #808080)] [r=0 c=0 rs=1 cs=1]
          RenderText {#text} at (1,1) size 26x19
            text run at (1,1) width 26: "foo"
      RenderTableRow {TR} at (0,25) size 33x21
        RenderTableCell {TD} at (2,25) size 29x21 [border: (1px inset #808080)] [r=1 c=0 rs=1 cs=1]
          RenderText {#text} at (1,1) size 27x19
            text run at (1,1) width 27: "bar"
