layer at (0,0) size 980x1138
  RenderView at (0,0) size 980x735
layer at (0,0) size 980x1138
  RenderBlock {HTML} at (0,0) size 980x1138
    RenderBody {BODY} at (8,8) size 964x1122
      RenderTable {TABLE} at (0,0) size 2x1078
      RenderTable {TABLE} at (0,1078) size 127x25
        RenderTableSection {TBODY} at (0,0) size 127x25
          RenderTableRow {TR} at (0,2) size 127x21
            RenderTableCell {TD} at (2,2) size 123x21 [r=0 c=0 rs=1 cs=1]
              RenderText {#text} at (1,1) size 121x19
                text run at (1,1) width 121: "I'm down here!"
      RenderBlock (anonymous) at (0,1103) size 964x19
        RenderText {#text} at (0,0) size 70x19
          text run at (0,0) width 70: "The end."
