layer at (0,0) size 980x735
  RenderView at (0,0) size 980x735
layer at (0,0) size 980x735
  RenderBlock {HTML} at (0,0) size 980x735
    RenderBody {BODY} at (8,8) size 964x719
      RenderBlock (anonymous) at (0,0) size 964x19
        RenderText {#text} at (0,0) size 50x19
          text run at (0,0) width 50: "25016"
      RenderTable {TABLE} at (0,19) size 46x31
        RenderTableSection {TBODY} at (0,0) size 46x25
          RenderTableRow {TR} at (0,2) size 46x21
            RenderTableCell {TD} at (2,2) size 42x21 [r=0 c=0 rs=1 cs=1]
              RenderText {#text} at (1,1) size 40x19
                text run at (1,1) width 40: "4659"
        RenderBlock {CAPTION} at (0,0) size 46x0
        RenderTableSection {TBODY} at (0,25) size 46x6
          RenderTableRow {TR} at (0,2) size 46x2
            RenderTableCell {TH} at (2,2) size 42x2 [r=0 c=0 rs=1 cs=1]
        RenderTableCol {COLGROUP} at (0,0) size 0x0
