layer at (0,0) size 980x743
  RenderView at (0,0) size 980x735
layer at (0,0) size 980x743
  RenderBlock {HTML} at (0,0) size 980x743
    RenderBody {BODY} at (8,8) size 964x719
      RenderBlock {FORM} at (0,0) size 964x719
        RenderTable {TABLE} at (0,0) size 964x719 [border: (1px outset #808080)]
          RenderTableSection {TBODY} at (1,1) size 962x717
            RenderTableRow {TR} at (0,2) size 962x713
              RenderTableCell {TD} at (2,347) size 958x23 [border: (1px inset #808080)] [r=0 c=0 rs=1 cs=1]
                RenderText {#text} at (317,2) size 324x19
                  text run at (317,2) width 324: "This should be in the center of the page."
