layer at (0,0) size 980x735
  RenderView at (0,0) size 980x735
layer at (0,0) size 980x735
  RenderBlock {HTML} at (0,0) size 980x735
    RenderBody {BODY} at (8,8) size 964x719
      RenderTable {TABLE} at (0,0) size 362x200 [border: (1px outset #808080)]
        RenderTableSection {TBODY} at (1,1) size 360x198
          RenderTableRow {TR} at (0,2) size 360x46
            RenderTableCell {TD} at (2,13) size 356x23 [border: (1px inset #808080)] [r=0 c=0 rs=1 cs=1]
              RenderText {#text} at (2,2) size 348x19
                text run at (2,2) width 348: "This is the first cell in a 200 pixel high table."
          RenderTableRow {TR} at (0,50) size 360x97
            RenderTableCell {TD} at (2,87) size 356x23 [border: (1px inset #808080)] [r=1 c=0 rs=1 cs=1]
              RenderText {#text} at (2,2) size 222x19
                text run at (2,2) width 222: "This is the second cell, with "
              RenderInline {B} at (0,0) size 30x19
                RenderText {#text} at (224,2) size 30x19
                  text run at (224,2) width 30: "cell"
              RenderText {#text} at (254,2) size 100x19
                text run at (254,2) width 100: " height 50%."
          RenderTableRow {TR} at (0,149) size 360x47
            RenderTableCell {TD} at (2,161) size 356x23 [border: (1px inset #808080)] [r=2 c=0 rs=1 cs=1]
              RenderText {#text} at (2,2) size 159x19
                text run at (2,2) width 159: "This is the third cell."
      RenderTable {TABLE} at (0,200) size 362x79 [border: (1px outset #808080)]
        RenderTableSection {TBODY} at (1,1) size 360x77
          RenderTableRow {TR} at (0,2) size 360x23
            RenderTableCell {TD} at (2,2) size 356x23 [border: (1px inset #808080)] [r=0 c=0 rs=1 cs=1]
              RenderText {#text} at (2,2) size 339x19
                text run at (2,2) width 339: "This is the first cell in an auto-height table."
          RenderTableRow {TR} at (0,27) size 360x23
            RenderTableCell {TD} at (2,27) size 356x23 [border: (1px inset #808080)] [r=1 c=0 rs=1 cs=1]
              RenderText {#text} at (2,2) size 222x19
                text run at (2,2) width 222: "This is the second cell, with "
              RenderInline {B} at (0,0) size 30x19
                RenderText {#text} at (224,2) size 30x19
                  text run at (224,2) width 30: "cell"
              RenderText {#text} at (254,2) size 100x19
                text run at (254,2) width 100: " height 50%."
          RenderTableRow {TR} at (0,52) size 360x23
            RenderTableCell {TD} at (2,52) size 356x23 [border: (1px inset #808080)] [r=2 c=0 rs=1 cs=1]
              RenderText {#text} at (2,2) size 159x19
                text run at (2,2) width 159: "This is the third cell."
      RenderTable {TABLE} at (0,279) size 366x200 [border: (1px outset #808080)]
        RenderTableSection {TBODY} at (1,1) size 364x198
          RenderTableRow {TR} at (0,2) size 364x46
            RenderTableCell {TD} at (2,13) size 360x23 [border: (1px inset #808080)] [r=0 c=0 rs=1 cs=1]
              RenderText {#text} at (2,2) size 348x19
                text run at (2,2) width 348: "This is the first cell in a 200 pixel high table."
          RenderTableRow {TR} at (0,50) size 364x97
            RenderTableCell {TD} at (2,87) size 360x23 [border: (1px inset #808080)] [r=1 c=0 rs=1 cs=1]
              RenderText {#text} at (2,2) size 222x19
                text run at (2,2) width 222: "This is the second cell, with "
              RenderInline {B} at (0,0) size 34x19
                RenderText {#text} at (224,2) size 34x19
                  text run at (224,2) width 34: "row"
              RenderText {#text} at (258,2) size 100x19
                text run at (258,2) width 100: " height 50%."
          RenderTableRow {TR} at (0,149) size 364x47
            RenderTableCell {TD} at (2,161) size 360x23 [border: (1px inset #808080)] [r=2 c=0 rs=1 cs=1]
              RenderText {#text} at (2,2) size 159x19
                text run at (2,2) width 159: "This is the third cell."
      RenderTable {TABLE} at (0,479) size 366x79 [border: (1px outset #808080)]
        RenderTableSection {TBODY} at (1,1) size 364x77
          RenderTableRow {TR} at (0,2) size 364x23
            RenderTableCell {TD} at (2,2) size 360x23 [border: (1px inset #808080)] [r=0 c=0 rs=1 cs=1]
              RenderText {#text} at (2,2) size 339x19
                text run at (2,2) width 339: "This is the first cell in an auto-height table."
          RenderTableRow {TR} at (0,27) size 364x23
            RenderTableCell {TD} at (2,27) size 360x23 [border: (1px inset #808080)] [r=1 c=0 rs=1 cs=1]
              RenderText {#text} at (2,2) size 222x19
                text run at (2,2) width 222: "This is the second cell, with "
              RenderInline {B} at (0,0) size 34x19
                RenderText {#text} at (224,2) size 34x19
                  text run at (224,2) width 34: "row"
              RenderText {#text} at (258,2) size 100x19
                text run at (258,2) width 100: " height 50%."
          RenderTableRow {TR} at (0,52) size 364x23
            RenderTableCell {TD} at (2,52) size 360x23 [border: (1px inset #808080)] [r=2 c=0 rs=1 cs=1]
              RenderText {#text} at (2,2) size 159x19
                text run at (2,2) width 159: "This is the third cell."
