layer at (0,0) size 980x735
  RenderView at (0,0) size 980x735
layer at (0,0) size 980x735
  RenderBlock {HTML} at (0,0) size 980x735
    RenderBody {BODY} at (8,8) size 964x711
      RenderBlock {DIV} at (0,0) size 964x209
        RenderBlock {P} at (0,0) size 964x19
          RenderText {#text} at (268,0) size 428x19
            text run at (268,0) width 428: "Tables I, II, III, IV (cellpadding=0 cellspacing=5)"
        RenderTable {TABLE} at (262,35) size 440x174 [bgcolor=#FFCC00] [border: (1px outset #808080)]
          RenderTableSection {TBODY} at (1,1) size 438x172
            RenderTableRow {TR} at (0,2) size 438x168
              RenderTableCell {TD} at (2,2) size 115x168 [border: (1px inset #808080)] [r=0 c=0 rs=1 cs=1]
                RenderTable {TABLE} at (6,6) size 103x156 [bgcolor=#FFFFFF] [border: (1px outset #808080)]
                  RenderBlock {CAPTION} at (0,0) size 103x19
                    RenderInline {NOBR} at (0,0) size 55x19
                      RenderText {#text} at (24,0) size 55x19
                        text run at (24,0) width 55: "Table I"
                  RenderTableSection {TBODY} at (1,20) size 101x135
                    RenderTableRow {TR} at (0,5) size 101x21
                      RenderTableCell {TD} at (5,5) size 27x21 [border: (1px inset #808080)] [r=0 c=0 rs=1 cs=1]
                        RenderText {#text} at (1,1) size 25x19
                          text run at (1,1) width 25: "1,1"
                      RenderTableCell {TD} at (37,5) size 27x21 [border: (1px inset #808080)] [r=0 c=1 rs=1 cs=1]
                        RenderText {#text} at (1,1) size 25x19
                          text run at (1,1) width 25: "1,2"
                      RenderTableCell {TD} at (69,5) size 27x21 [border: (1px inset #808080)] [r=0 c=2 rs=1 cs=1]
                        RenderText {#text} at (1,1) size 25x19
                          text run at (1,1) width 25: "1,3"
                    RenderTableRow {TR} at (0,31) size 101x21
                      RenderTableCell {TD} at (5,31) size 27x21 [border: (1px inset #808080)] [r=1 c=0 rs=1 cs=1]
                        RenderText {#text} at (1,1) size 25x19
                          text run at (1,1) width 25: "2,1"
                      RenderTableCell {TD} at (37,31) size 27x21 [border: (1px inset #808080)] [r=1 c=1 rs=1 cs=1]
                        RenderText {#text} at (1,1) size 25x19
                          text run at (1,1) width 25: "2,2"
                      RenderTableCell {TD} at (69,31) size 27x21 [bgcolor=#FFFF66] [border: (1px inset #808080)] [r=1 c=2 rs=1 cs=1]
                        RenderText {#text} at (1,1) size 25x19
                          text run at (1,1) width 25: "2,3"
                    RenderTableRow {TR} at (0,57) size 101x21
                      RenderTableCell {TD} at (5,57) size 27x21 [border: (1px inset #808080)] [r=2 c=0 rs=1 cs=1]
                        RenderText {#text} at (1,1) size 25x19
                          text run at (1,1) width 25: "3,1"
                      RenderTableCell {TD} at (37,57) size 27x21 [border: (1px inset #808080)] [r=2 c=1 rs=1 cs=1]
                        RenderText {#text} at (1,1) size 25x19
                          text run at (1,1) width 25: "3,2"
                      RenderTableCell {TD} at (69,57) size 27x21 [bgcolor=#FFFF66] [border: (1px inset #808080)] [r=2 c=2 rs=1 cs=1]
                        RenderText {#text} at (1,1) size 25x19
                          text run at (1,1) width 25: "3,3"
                    RenderTableRow {TR} at (0,83) size 101x21
                      RenderTableCell {TD} at (5,83) size 27x21 [border: (1px inset #808080)] [r=3 c=0 rs=1 cs=1]
                        RenderText {#text} at (1,1) size 25x19
                          text run at (1,1) width 25: "4,1"
                      RenderTableCell {TD} at (37,83) size 27x21 [border: (1px inset #808080)] [r=3 c=1 rs=1 cs=1]
                        RenderText {#text} at (1,1) size 25x19
                          text run at (1,1) width 25: "4,2"
                      RenderTableCell {TD} at (69,83) size 27x21 [bgcolor=#FFFF66] [border: (1px inset #808080)] [r=3 c=2 rs=1 cs=1]
                        RenderText {#text} at (1,1) size 25x19
                          text run at (1,1) width 25: "4,3"
                    RenderTableRow {TR} at (0,109) size 101x21
                      RenderTableCell {TD} at (5,109) size 27x21 [border: (1px inset #808080)] [r=4 c=0 rs=1 cs=1]
                        RenderText {#text} at (1,1) size 25x19
                          text run at (1,1) width 25: "5,1"
                      RenderTableCell {TD} at (37,109) size 27x21 [border: (1px inset #808080)] [r=4 c=1 rs=1 cs=1]
                        RenderText {#text} at (1,1) size 25x19
                          text run at (1,1) width 25: "5,2"
                      RenderTableCell {TD} at (69,109) size 27x21 [border: (1px inset #808080)] [r=4 c=2 rs=1 cs=1]
                        RenderText {#text} at (1,1) size 25x19
                          text run at (1,1) width 25: "5,3"
              RenderTableCell {TD} at (119,2) size 115x168 [border: (1px inset #808080)] [r=0 c=1 rs=1 cs=1]
                RenderTable {TABLE} at (6,6) size 103x156 [bgcolor=#FFFFFF] [border: (1px outset #808080)]
                  RenderBlock {CAPTION} at (0,0) size 103x19
                    RenderInline {NOBR} at (0,0) size 59x19
                      RenderText {#text} at (22,0) size 59x19
                        text run at (22,0) width 59: "Table II"
                  RenderTableSection {TBODY} at (1,20) size 101x135
                    RenderTableRow {TR} at (0,5) size 101x21
                      RenderTableCell {TD} at (5,5) size 27x21 [border: (1px inset #808080)] [r=0 c=0 rs=1 cs=1]
                        RenderText {#text} at (1,1) size 25x19
                          text run at (1,1) width 25: "1,1"
                      RenderTableCell {TD} at (37,5) size 27x21 [border: (1px inset #808080)] [r=0 c=1 rs=1 cs=1]
                        RenderText {#text} at (1,1) size 25x19
                          text run at (1,1) width 25: "1,2"
                      RenderTableCell {TD} at (69,5) size 27x21 [border: (1px inset #808080)] [r=0 c=2 rs=1 cs=1]
                        RenderText {#text} at (1,1) size 25x19
                          text run at (1,1) width 25: "1,3"
                    RenderTableRow {TR} at (0,31) size 101x21
                      RenderTableCell {TD} at (5,31) size 27x21 [border: (1px inset #808080)] [r=1 c=0 rs=1 cs=1]
                        RenderText {#text} at (1,1) size 25x19
                          text run at (1,1) width 25: "2,1"
                      RenderTableCell {TD} at (37,44) size 27x21 [border: (1px inset #808080)] [r=1 c=1 rs=2 cs=1]
                        RenderText {#text} at (1,1) size 25x19
                          text run at (1,1) width 25: "2,2"
                      RenderTableCell {TD} at (69,31) size 27x21 [bgcolor=#FFFF66] [border: (1px inset #808080)] [r=1 c=2 rs=1 cs=1]
                        RenderText {#text} at (1,1) size 25x19
                          text run at (1,1) width 25: "2,3"
                    RenderTableRow {TR} at (0,57) size 101x21
                      RenderTableCell {TD} at (5,70) size 27x21 [border: (1px inset #808080)] [r=2 c=0 rs=2 cs=1]
                        RenderText {#text} at (1,1) size 25x19
                          text run at (1,1) width 25: "3,1"
                      RenderTableCell {TD} at (69,57) size 27x21 [bgcolor=#FFFF66] [border: (1px inset #808080)] [r=2 c=2 rs=1 cs=1]
                        RenderText {#text} at (1,1) size 25x19
                          text run at (1,1) width 25: "3,3"
                    RenderTableRow {TR} at (0,83) size 101x21
                      RenderTableCell {TD} at (37,83) size 27x21 [border: (1px inset #808080)] [r=3 c=1 rs=1 cs=1]
                        RenderText {#text} at (1,1) size 25x19
                          text run at (1,1) width 25: "4,2"
                      RenderTableCell {TD} at (69,83) size 27x21 [bgcolor=#FFFF66] [border: (1px inset #808080)] [r=3 c=2 rs=1 cs=1]
                        RenderText {#text} at (1,1) size 25x19
                          text run at (1,1) width 25: "4,3"
                    RenderTableRow {TR} at (0,109) size 101x21
                      RenderTableCell {TD} at (5,109) size 27x21 [border: (1px inset #808080)] [r=4 c=0 rs=1 cs=1]
                        RenderText {#text} at (1,1) size 25x19
                          text run at (1,1) width 25: "5,1"
                      RenderTableCell {TD} at (37,109) size 27x21 [border: (1px inset #808080)] [r=4 c=1 rs=1 cs=1]
                        RenderText {#text} at (1,1) size 25x19
                          text run at (1,1) width 25: "5,2"
                      RenderTableCell {TD} at (69,109) size 27x21 [border: (1px inset #808080)] [r=4 c=2 rs=1 cs=1]
                        RenderText {#text} at (1,1) size 25x19
                          text run at (1,1) width 25: "5,3"
              RenderTableCell {TD} at (236,2) size 115x149 [border: (1px inset #808080)] [r=0 c=2 rs=1 cs=1]
                RenderTable {TABLE} at (6,6) size 103x137 [bgcolor=#FFFFFF] [border: (1px outset #808080)]
                  RenderBlock {CAPTION} at (0,0) size 103x19
                    RenderInline {NOBR} at (0,0) size 65x19
                      RenderText {#text} at (19,0) size 65x19
                        text run at (19,0) width 65: "Table III"
                  RenderTableSection {TBODY} at (1,20) size 101x116
                    RenderTableRow {TR} at (0,5) size 101x21
                      RenderTableCell {TD} at (5,5) size 27x21 [border: (1px inset #808080)] [r=0 c=0 rs=1 cs=1]
                        RenderText {#text} at (1,1) size 25x19
                          text run at (1,1) width 25: "1,1"
                      RenderTableCell {TD} at (37,5) size 27x21 [border: (1px inset #808080)] [r=0 c=1 rs=1 cs=1]
                        RenderText {#text} at (1,1) size 25x19
                          text run at (1,1) width 25: "1,2"
                      RenderTableCell {TD} at (69,5) size 27x21 [border: (1px inset #808080)] [r=0 c=2 rs=1 cs=1]
                        RenderText {#text} at (1,1) size 25x19
                          text run at (1,1) width 25: "1,3"
                    RenderTableRow {TR} at (0,31) size 101x21
                      RenderTableCell {TD} at (5,31) size 27x21 [border: (1px inset #808080)] [r=1 c=0 rs=1 cs=1]
                        RenderText {#text} at (1,1) size 25x19
                          text run at (1,1) width 25: "2,1"
                      RenderTableCell {TD} at (37,34) size 27x21 [border: (1px inset #808080)] [r=1 c=1 rs=2 cs=1]
                        RenderText {#text} at (1,1) size 25x19
                          text run at (1,1) width 25: "2,2"
                      RenderTableCell {TD} at (69,40) size 27x2 [bgcolor=#FFFF66] [border: (1px inset #808080)] [r=1 c=2 rs=1 cs=1]
                    RenderTableRow {TR} at (0,57) size 101x2
                      RenderTableCell {TD} at (5,60) size 27x21 [border: (1px inset #808080)] [r=2 c=0 rs=2 cs=1]
                        RenderText {#text} at (1,1) size 25x19
                          text run at (1,1) width 25: "3,1"
                      RenderTableCell {TD} at (69,57) size 27x2 [bgcolor=#FFFF66] [border: (1px inset #808080)] [r=2 c=2 rs=1 cs=1]
                    RenderTableRow {TR} at (0,64) size 101x21
                      RenderTableCell {TD} at (37,64) size 27x21 [border: (1px inset #808080)] [r=3 c=1 rs=1 cs=1]
                        RenderText {#text} at (1,1) size 25x19
                          text run at (1,1) width 25: "4,2"
                      RenderTableCell {TD} at (69,73) size 27x2 [bgcolor=#FFFF66] [border: (1px inset #808080)] [r=3 c=2 rs=1 cs=1]
                    RenderTableRow {TR} at (0,90) size 101x21
                      RenderTableCell {TD} at (5,90) size 27x21 [border: (1px inset #808080)] [r=4 c=0 rs=1 cs=1]
                        RenderText {#text} at (1,1) size 25x19
                          text run at (1,1) width 25: "5,1"
                      RenderTableCell {TD} at (37,90) size 27x21 [border: (1px inset #808080)] [r=4 c=1 rs=1 cs=1]
                        RenderText {#text} at (1,1) size 25x19
                          text run at (1,1) width 25: "5,2"
                      RenderTableCell {TD} at (69,90) size 27x21 [border: (1px inset #808080)] [r=4 c=2 rs=1 cs=1]
                        RenderText {#text} at (1,1) size 25x19
                          text run at (1,1) width 25: "5,3"
              RenderTableCell {TD} at (353,2) size 83x147 [border: (1px inset #808080)] [r=0 c=3 rs=1 cs=1]
                RenderTable {TABLE} at (6,6) size 71x135 [bgcolor=#FFFFFF] [border: (1px outset #808080)]
                  RenderBlock {CAPTION} at (0,0) size 71x19
                    RenderInline {NOBR} at (0,0) size 65x19
                      RenderText {#text} at (3,0) size 65x19
                        text run at (3,0) width 65: "Table IV"
                  RenderTableSection {TBODY} at (1,20) size 69x114
                    RenderTableRow {TR} at (0,5) size 69x21
                      RenderTableCell {TD} at (5,5) size 27x21 [border: (1px inset #808080)] [r=0 c=0 rs=1 cs=1]
                        RenderText {#text} at (1,1) size 25x19
                          text run at (1,1) width 25: "1,1"
                      RenderTableCell {TD} at (37,5) size 27x21 [border: (1px inset #808080)] [r=0 c=1 rs=1 cs=1]
                        RenderText {#text} at (1,1) size 25x19
                          text run at (1,1) width 25: "1,2"
                    RenderTableRow {TR} at (0,31) size 69x21
                      RenderTableCell {TD} at (5,31) size 27x21 [border: (1px inset #808080)] [r=1 c=0 rs=1 cs=1]
                        RenderText {#text} at (1,1) size 25x19
                          text run at (1,1) width 25: "2,1"
                      RenderTableCell {TD} at (37,33) size 27x21 [border: (1px inset #808080)] [r=1 c=1 rs=2 cs=1]
                        RenderText {#text} at (1,1) size 25x19
                          text run at (1,1) width 25: "2,2"
                    RenderTableRow {TR} at (0,57) size 69x0
                      RenderTableCell {TD} at (5,59) size 27x21 [border: (1px inset #808080)] [r=2 c=0 rs=2 cs=1]
                        RenderText {#text} at (1,1) size 25x19
                          text run at (1,1) width 25: "3,1"
                    RenderTableRow {TR} at (0,62) size 69x21
                      RenderTableCell {TD} at (37,62) size 27x21 [border: (1px inset #808080)] [r=3 c=1 rs=1 cs=1]
                        RenderText {#text} at (1,1) size 25x19
                          text run at (1,1) width 25: "4,2"
                    RenderTableRow {TR} at (0,88) size 69x21
                      RenderTableCell {TD} at (5,88) size 27x21 [border: (1px inset #808080)] [r=4 c=0 rs=1 cs=1]
                        RenderText {#text} at (1,1) size 25x19
                          text run at (1,1) width 25: "5,1"
                      RenderTableCell {TD} at (37,88) size 27x21 [border: (1px inset #808080)] [r=4 c=1 rs=1 cs=1]
                        RenderText {#text} at (1,1) size 25x19
                          text run at (1,1) width 25: "5,2"
      RenderBlock {HR} at (0,217) size 964x2 [border: (1px inset #000000)]
      RenderBlock {P} at (0,235) size 964x19
        RenderInline {B} at (0,0) size 736x19
          RenderText {#text} at (114,0) size 736x19
            text run at (114,0) width 736: "This demonstrates a problem with \"overlapping rowspan cells\" (look at Table IV)."
      RenderBlock {P} at (0,270) size 964x19
        RenderInline {B} at (0,0) size 67x19
          RenderText {#text} at (0,0) size 67x19
            text run at (0,0) width 67: "Table I:"
        RenderText {#text} at (67,0) size 157x19
          text run at (67,0) width 157: " a regular 5x3 table"
      RenderBlock {P} at (0,305) size 964x19
        RenderInline {B} at (0,0) size 73x19
          RenderText {#text} at (0,0) size 73x19
            text run at (0,0) width 73: "Table II:"
        RenderText {#text} at (73,0) size 506x19
          text run at (73,0) width 506: " introduces rowspan=2 for cells (2,2) and (3,1), which 'overlap'."
      RenderBlock {P} at (0,340) size 964x57
        RenderInline {B} at (0,0) size 79x19
          RenderText {#text} at (0,0) size 79x19
            text run at (0,0) width 79: "Table III:"
        RenderText {#text} at (79,0) size 934x57
          text run at (79,0) width 855: " is Table II, but cells (2,3),(3,3) and (4,3) now have 'empty' contents; the resulting table is still OK. Note that"
          text run at (0,19) width 927: "the height of (2,3) and (4,3) is determined by cells (2,1) and (4,2) respectively, whereas (3,3) has ~0 height since no"
          text run at (0,38) width 892: "'effective' cell in the row has any definite height requirement (except for border, margin, padding if applicable)."
      RenderBlock {P} at (0,413) size 964x38
        RenderInline {B} at (0,0) size 79x19
          RenderText {#text} at (0,0) size 79x19
            text run at (0,0) width 79: "Table IV:"
        RenderText {#text} at (79,0) size 953x38
          text run at (79,0) width 874: " is Table III, but column 3 has been removed (cells (1,3),(2,3),(3,3),(4,3),(5,3)). This should mirror the first two"
          text run at (0,19) width 356: "columns of Table III (but currently does not)."
      RenderBlock {P} at (0,467) size 964x38
        RenderText {#text} at (0,0) size 935x38
          text run at (0,0) width 935: "Note that cells (2,2) and (3,1) are still in the correct position, with the same size as Table III, but that their cellspacing"
          text run at (0,19) width 233: "with (5,1) and (4,2) is absent."
      RenderBlock {P} at (0,521) size 964x19
        RenderText {#text} at (0,0) size 590x19
          text run at (0,0) width 590: "Tested with Apr25, M4 and 1999051109 (win95, opt.) Dated: May 11 1999"
