layer at (0,0) size 980x735
  RenderView at (0,0) size 980x735
layer at (0,0) size 980x735
  RenderBlock {HTML} at (0,0) size 980x735
    RenderBody {BODY} at (8,8) size 964x719
      RenderTable {TABLE} at (0,0) size 302x152 [border: (1px outset #808080)]
        RenderTableSection {TBODY} at (1,1) size 300x150
          RenderTableRow {TR} at (0,2) size 300x51
            RenderTableCell {TD} at (2,2) size 296x51 [border: (1px inset #808080)] [r=0 c=0 rs=1 cs=2]
              RenderBlock {H2} at (2,2) size 292x28
                RenderText {#text} at (0,0) size 225x28
                  text run at (0,0) width 225: "Personal Friends"
          RenderTableRow {TR} at (0,55) size 300x93
            RenderTableCell {TD} at (2,55) size 227x93 [border: (1px inset #808080)] [r=1 c=0 rs=1 cs=1]
              RenderBlock (anonymous) at (2,2) size 223x0
                RenderInline {FONT} at (0,0) size 0x0
                RenderText {#text} at (0,0) size 0x0
              RenderBlock {P} at (2,2) size 223x19
                RenderText {#text} at (0,0) size 223x19
                  text run at (0,0) width 223: "Alisha - Password-Protected"
              RenderBlock {P} at (2,37) size 223x19
                RenderText {#text} at (0,0) size 54x19
                  text run at (0,0) width 54: "Arlesia"
              RenderBlock {P} at (2,72) size 223x19
                RenderText {#text} at (0,0) size 43x19
                  text run at (0,0) width 43: "Asale"
            RenderTableCell {TD} at (231,55) size 67x93 [border: (1px inset #808080)] [r=1 c=1 rs=1 cs=1]
              RenderBlock {P} at (2,2) size 63x19
                RenderText {#text} at (0,0) size 41x19
                  text run at (0,0) width 41: "Ernie"
              RenderBlock {P} at (2,37) size 63x19
                RenderText {#text} at (0,0) size 62x19
                  text run at (0,0) width 62: "Melanie"
              RenderBlock {P} at (2,72) size 63x19
                RenderText {#text} at (0,0) size 63x19
                  text run at (0,0) width 63: "Tamara"
