layer at (0,0) size 980x735
  RenderView at (0,0) size 980x735
layer at (0,0) size 980x735
  RenderBlock {HTML} at (0,0) size 980x735
    RenderBody {BODY} at (8,8) size 964x711
      RenderBlock {P} at (0,0) size 964x19
        RenderText {#text} at (0,0) size 609x19
          text run at (0,0) width 609: "This test case creates a TR element then tries to assign to the cells property"
      RenderBlock {P} at (0,35) size 964x27
        RenderText {#text} at (0,4) size 51x19
          text run at (0,4) width 51: "Crash "
        RenderButton {BUTTON} at (53,2) size 102x23 [bgcolor=#C0C0C0] [border: (2px outset #C0C0C0)]
          RenderBlock (anonymous) at (5,5) size 94x15
            RenderText {#text} at (0,0) size 94x15
              text run at (0,0) width 94: "TR.cells = null"
        RenderText {#text} at (0,0) size 0x0
