layer at (0,0) size 980x782
  RenderView at (0,0) size 980x735
layer at (0,0) size 980x782
  RenderBlock {HTML} at (0,0) size 980x782
    RenderBody {BODY} at (8,8) size 964x766
      RenderTable {TABLE} at (0,0) size 964x766
        RenderTableSection {TBODY} at (0,0) size 964x766
          RenderTableRow {TR} at (0,2) size 964x762
            RenderTableCell {TD} at (2,344) size 912x78 [r=0 c=0 rs=1 cs=1]
              RenderText {#text} at (1,1) size 892x76
                text run at (1,1) width 889: "This is some text to fill a table cell. This is some text to fill a table cell. This is some text to fill a table cell. This is"
                text run at (1,20) width 884: "some text to fill a table cell. This is some text to fill a table cell. This is some text to fill a table cell. This is some"
                text run at (1,39) width 892: "text to fill a table cell. This is some text to fill a table cell. This is some text to fill a table cell. This is some text to"
                text run at (1,58) width 675: "fill a table cell. This is some text to fill a table cell. This is some text to fill a table cell."
            RenderTableCell {TD} at (916,2) size 46x762 [r=0 c=1 rs=1 cs=1]
              RenderText {#text} at (1,1) size 44x760
                text run at (1,1) width 32: "This"
                text run at (1,20) width 12: "is"
                text run at (1,39) width 44: "some"
                text run at (1,58) width 31: "text"
                text run at (1,77) width 39: "to fill"
                text run at (1,96) width 10: "a"
                text run at (1,115) width 40: "table"
                text run at (1,134) width 32: "cell."
                text run at (1,153) width 32: "This"
                text run at (1,172) width 12: "is"
                text run at (1,191) width 44: "some"
                text run at (1,210) width 31: "text"
                text run at (1,229) width 39: "to fill"
                text run at (1,248) width 10: "a"
                text run at (1,267) width 40: "table"
                text run at (1,286) width 32: "cell."
                text run at (1,305) width 32: "This"
                text run at (1,324) width 12: "is"
                text run at (1,343) width 44: "some"
                text run at (1,362) width 31: "text"
                text run at (1,381) width 39: "to fill"
                text run at (1,400) width 10: "a"
                text run at (1,419) width 40: "table"
                text run at (1,438) width 32: "cell."
                text run at (1,457) width 32: "This"
                text run at (1,476) width 12: "is"
                text run at (1,495) width 44: "some"
                text run at (1,514) width 31: "text"
                text run at (1,533) width 39: "to fill"
                text run at (1,552) width 10: "a"
                text run at (1,571) width 40: "table"
                text run at (1,590) width 32: "cell."
                text run at (1,609) width 32: "This"
                text run at (1,628) width 12: "is"
                text run at (1,647) width 44: "some"
                text run at (1,666) width 31: "text"
                text run at (1,685) width 39: "to fill"
                text run at (1,704) width 10: "a"
                text run at (1,723) width 40: "table"
                text run at (1,742) width 32: "cell."
