layer at (0,0) size 980x735
  RenderView at (0,0) size 980x735
layer at (0,0) size 980x735
  RenderBlock {HTML} at (0,0) size 980x735
    RenderBody {BODY} at (8,8) size 964x711
      RenderBlock {FORM} at (0,0) size 964x104
        RenderTable {TABLE} at (0,0) size 220x104 [border: (1px outset #808080)]
          RenderTableSection {TBODY} at (1,1) size 218x102
            RenderTableRow {TR} at (0,2) size 218x23
              RenderTableCell {TD} at (2,14) size 14x23 [border: (1px inset #808080)] [r=0 c=0 rs=2 cs=1]
                RenderText {#text} at (2,2) size 10x19
                  text run at (2,2) width 10: "5"
              RenderTableCell {TD} at (18,14) size 20x23 [border: (1px inset #808080)] [r=0 c=1 rs=2 cs=1]
                RenderText {#text} at (2,2) size 16x19
                  text run at (2,2) width 16: "**"
              RenderTableCell {TD} at (40,2) size 115x23 [border: (1px inset #808080)] [r=0 c=2 rs=1 cs=1]
                RenderText {#text} at (2,2) size 107x19
                  text run at (2,2) width 107: "Text text text"
              RenderTableCell {TD} at (157,2) size 9x23 [border: (1px inset #808080)] [r=0 c=3 rs=1 cs=1]
                RenderText {#text} at (2,2) size 5x19
                  text run at (2,2) width 5: " "
              RenderTableCell {TD} at (168,2) size 46x23 [border: (1px inset #808080)] [r=0 c=4 rs=1 cs=1]
                RenderText {#text} at (2,2) size 40x19
                  text run at (2,2) width 40: "1970"
            RenderTableRow {TR} at (0,27) size 218x23
              RenderTableCell {TD} at (40,27) size 176x23 [border: (1px inset #808080)] [r=1 c=2 rs=1 cs=4]
                RenderText {#text} at (2,2) size 172x19
                  text run at (2,2) width 172: "No Holdings Available"
            RenderTableRow {TR} at (0,52) size 218x23
              RenderTableCell {TD} at (2,64) size 14x23 [border: (1px inset #808080)] [r=2 c=0 rs=2 cs=1]
                RenderText {#text} at (2,2) size 10x19
                  text run at (2,2) width 10: "6"
              RenderTableCell {TD} at (18,64) size 20x23 [border: (1px inset #808080)] [r=2 c=1 rs=2 cs=1]
                RenderText {#text} at (2,2) size 16x19
                  text run at (2,2) width 16: "**"
              RenderTableCell {TD} at (40,52) size 115x23 [border: (1px inset #808080)] [r=2 c=2 rs=1 cs=1]
                RenderText {#text} at (2,2) size 107x19
                  text run at (2,2) width 107: "Text text text"
              RenderTableCell {TD} at (157,52) size 9x23 [border: (1px inset #808080)] [r=2 c=3 rs=1 cs=1]
                RenderText {#text} at (2,2) size 5x19
                  text run at (2,2) width 5: " "
              RenderTableCell {TD} at (168,52) size 46x23 [border: (1px inset #808080)] [r=2 c=4 rs=1 cs=1]
                RenderText {#text} at (2,2) size 40x19
                  text run at (2,2) width 40: "1970"
            RenderTableRow {TR} at (0,77) size 218x23
              RenderTableCell {TD} at (40,77) size 176x23 [border: (1px inset #808080)] [r=3 c=2 rs=1 cs=4]
                RenderText {#text} at (2,2) size 172x19
                  text run at (2,2) width 172: "No Holdings Available"
