layer at (0,0) size 980x735
  RenderView at (0,0) size 980x735
layer at (0,0) size 980x735
  RenderBlock {HTML} at (0,0) size 980x735
    RenderBody {BODY} at (8,8) size 964x711
      RenderBlock {FORM} at (0,0) size 964x310
        RenderTable {TABLE} at (0,0) size 964x310 [border: (1px outset #808080)]
          RenderTableSection {TBODY} at (1,1) size 962x308
            RenderTableRow {TR} at (0,2) size 962x23
              RenderTableCell {TH} at (2,2) size 24x23 [border: (1px inset #808080)] [r=0 c=0 rs=1 cs=1]
                RenderText {#text} at (5,2) size 14x19
                  text run at (5,2) width 14: "#"
              RenderTableCell {TH} at (28,2) size 95x23 [border: (1px inset #808080)] [r=0 c=1 rs=1 cs=1]
                RenderText {#text} at (2,2) size 91x19
                  text run at (2,2) width 91: "Relevance"
              RenderTableCell {TH} at (125,2) size 654x23 [border: (1px inset #808080)] [r=0 c=2 rs=1 cs=1]
                RenderText {#text} at (282,2) size 90x19
                  text run at (282,2) width 90: "Title Long"
              RenderTableCell {TH} at (781,2) size 128x23 [border: (1px inset #808080)] [r=0 c=3 rs=1 cs=1]
                RenderText {#text} at (33,2) size 62x19
                  text run at (33,2) width 62: "Author"
              RenderTableCell {TH} at (911,2) size 47x23 [border: (1px inset #808080)] [r=0 c=4 rs=1 cs=1]
                RenderText {#text} at (2,2) size 43x19
                  text run at (2,2) width 43: "Date"
            RenderTableRow {TR} at (0,27) size 962x42
              RenderTableCell {TD} at (2,52) size 24x23 [border: (1px inset #808080)] [r=1 c=0 rs=2 cs=1]
                RenderText {#text} at (2,2) size 20x19
                  text run at (2,2) width 20: " 1 "
              RenderTableCell {TD} at (28,52) size 95x23 [border: (1px inset #808080)] [r=1 c=1 rs=2 cs=1]
                RenderText {#text} at (2,2) size 16x19
                  text run at (2,2) width 16: "**"
              RenderTableCell {TD} at (125,27) size 654x42 [border: (1px inset #808080)] [r=1 c=2 rs=1 cs=1]
                RenderText {#text} at (2,2) size 594x38
                  text run at (2,2) width 594: "UNIX and Windows 2000 integration toolkit : a complete guide for systems"
                  text run at (2,21) width 225: "administrators / Rawn Shah."
              RenderTableCell {TD} at (781,36) size 128x23 [border: (1px inset #808080)] [r=1 c=3 rs=1 cs=1]
                RenderText {#text} at (2,2) size 99x19
                  text run at (2,2) width 99: "Shah, Rawn."
              RenderTableCell {TD} at (911,36) size 47x23 [border: (1px inset #808080)] [r=1 c=4 rs=1 cs=1]
                RenderText {#text} at (2,2) size 40x19
                  text run at (2,2) width 40: "2000"
            RenderTableRow {TR} at (0,71) size 962x29
              RenderTableCell {TD} at (125,71) size 835x29 [border: (1px inset #808080)] [r=2 c=2 rs=1 cs=4]
                RenderTable {TABLE} at (2,2) size 831x25
                  RenderTableSection {TBODY} at (0,0) size 831x25
                    RenderTableRow {TR} at (0,2) size 831x21
                      RenderTableCell {TD} at (2,2) size 827x21 [r=0 c=0 rs=1 cs=1]
                        RenderText {#text} at (1,1) size 207x19
                          text run at (1,1) width 207: "Title has multiple holdings"
            RenderTableRow {TR} at (0,102) size 962x42
              RenderTableCell {TD} at (2,127) size 24x23 [border: (1px inset #808080)] [r=3 c=0 rs=2 cs=1]
                RenderText {#text} at (2,2) size 20x19
                  text run at (2,2) width 20: " 2 "
              RenderTableCell {TD} at (28,127) size 95x23 [border: (1px inset #808080)] [r=3 c=1 rs=2 cs=1]
                RenderText {#text} at (2,2) size 16x19
                  text run at (2,2) width 16: "**"
              RenderTableCell {TD} at (125,111) size 654x23 [border: (1px inset #808080)] [r=3 c=2 rs=1 cs=1]
                RenderText {#text} at (2,2) size 300x19
                  text run at (2,2) width 300: "Learning Red Hat Linux / Bill McCarty."
              RenderTableCell {TD} at (781,102) size 128x42 [border: (1px inset #808080)] [r=3 c=3 rs=1 cs=1]
                RenderText {#text} at (2,2) size 104x38
                  text run at (2,2) width 104: "McCarty, Bill,"
                  text run at (2,21) width 46: "1953-"
              RenderTableCell {TD} at (911,111) size 47x23 [border: (1px inset #808080)] [r=3 c=4 rs=1 cs=1]
                RenderText {#text} at (2,2) size 40x19
                  text run at (2,2) width 40: "1999"
            RenderTableRow {TR} at (0,146) size 962x29
              RenderTableCell {TD} at (125,146) size 835x29 [border: (1px inset #808080)] [r=4 c=2 rs=1 cs=4]
                RenderTable {TABLE} at (2,2) size 831x25
                  RenderTableSection {TBODY} at (0,0) size 831x25
                    RenderTableRow {TR} at (0,2) size 831x21
                      RenderTableCell {TD} at (2,2) size 827x21 [r=0 c=0 rs=1 cs=1]
                        RenderText {#text} at (1,1) size 207x19
                          text run at (1,1) width 207: "Title has multiple holdings"
            RenderTableRow {TR} at (0,177) size 962x42
              RenderTableCell {TD} at (2,202) size 24x23 [border: (1px inset #808080)] [r=5 c=0 rs=2 cs=1]
                RenderText {#text} at (2,2) size 20x19
                  text run at (2,2) width 20: " 3 "
              RenderTableCell {TD} at (28,202) size 95x23 [border: (1px inset #808080)] [r=5 c=1 rs=2 cs=1]
                RenderText {#text} at (2,2) size 16x19
                  text run at (2,2) width 16: "**"
              RenderTableCell {TD} at (125,186) size 654x23 [border: (1px inset #808080)] [r=5 c=2 rs=1 cs=1]
                RenderText {#text} at (2,2) size 331x19
                  text run at (2,2) width 331: "Learning Debian GNU/Linux / Bill Mccarty."
              RenderTableCell {TD} at (781,177) size 128x42 [border: (1px inset #808080)] [r=5 c=3 rs=1 cs=1]
                RenderText {#text} at (2,2) size 104x38
                  text run at (2,2) width 104: "McCarty, Bill,"
                  text run at (2,21) width 46: "1953-"
              RenderTableCell {TD} at (911,186) size 47x23 [border: (1px inset #808080)] [r=5 c=4 rs=1 cs=1]
                RenderText {#text} at (2,2) size 40x19
                  text run at (2,2) width 40: "1999"
            RenderTableRow {TR} at (0,221) size 962x29
              RenderTableCell {TD} at (125,221) size 835x29 [border: (1px inset #808080)] [r=6 c=2 rs=1 cs=4]
                RenderTable {TABLE} at (2,2) size 831x25
                  RenderTableSection {TBODY} at (0,0) size 831x25
                    RenderTableRow {TR} at (0,2) size 831x21
                      RenderTableCell {TD} at (2,2) size 827x21 [r=0 c=0 rs=1 cs=1]
                        RenderText {#text} at (1,1) size 207x19
                          text run at (1,1) width 207: "Title has multiple holdings"
            RenderTableRow {TR} at (0,252) size 962x23
              RenderTableCell {TD} at (2,267) size 24x23 [border: (1px inset #808080)] [r=7 c=0 rs=2 cs=1]
                RenderText {#text} at (2,2) size 20x19
                  text run at (2,2) width 20: " 4 "
              RenderTableCell {TD} at (28,267) size 95x23 [border: (1px inset #808080)] [r=7 c=1 rs=2 cs=1]
                RenderText {#text} at (2,2) size 16x19
                  text run at (2,2) width 16: "**"
              RenderTableCell {TD} at (125,252) size 654x23 [border: (1px inset #808080)] [r=7 c=2 rs=1 cs=1]
                RenderText {#text} at (2,2) size 484x19
                  text run at (2,2) width 484: "Advanced Java networking / Dick Steflik, Prashant Sridharan."
              RenderTableCell {TD} at (781,252) size 128x23 [border: (1px inset #808080)] [r=7 c=3 rs=1 cs=1]
                RenderText {#text} at (2,2) size 98x19
                  text run at (2,2) width 98: "Steflik, Dick."
              RenderTableCell {TD} at (911,252) size 47x23 [border: (1px inset #808080)] [r=7 c=4 rs=1 cs=1]
                RenderText {#text} at (2,2) size 40x19
                  text run at (2,2) width 40: "2000"
            RenderTableRow {TR} at (0,277) size 962x29
              RenderTableCell {TD} at (125,277) size 835x29 [border: (1px inset #808080)] [r=8 c=2 rs=1 cs=4]
                RenderTable {TABLE} at (2,2) size 831x25
                  RenderTableSection {TBODY} at (0,0) size 831x25
                    RenderTableRow {TR} at (0,2) size 831x21
                      RenderTableCell {TD} at (2,2) size 827x21 [r=0 c=0 rs=1 cs=1]
                        RenderText {#text} at (1,1) size 207x19
                          text run at (1,1) width 207: "Title has multiple holdings"
