layer at (0,0) size 980x735
  RenderView at (0,0) size 980x735
layer at (0,0) size 980x735
  RenderBlock {HTML} at (0,0) size 980x735
    RenderBody {BODY} at (8,8) size 964x719 [bgcolor=#FFCC00]
      RenderTable {TABLE} at (0,0) size 600x23 [border: (1px outset #808080)]
        RenderTableSection {TBODY} at (1,1) size 598x21
          RenderTableRow {TR} at (0,0) size 598x21
            RenderTableCell {TD} at (0,0) size 132x21 [border: (1px inset #808080)] [r=0 c=0 rs=1 cs=1]
              RenderInline {B} at (0,0) size 100x19
                RenderText {#text} at (1,1) size 100x19
                  text run at (1,1) width 100: "MERCHANT"
            RenderTableCell {TD} at (132,9) size 5x3 [border: (1px inset #808080)] [r=0 c=1 rs=1 cs=1]
              RenderImage {IMG} at (1,1) size 1x1
            RenderTableCell {TD} at (137,0) size 304x21 [border: (1px inset #808080)] [r=0 c=2 rs=1 cs=1]
              RenderInline {B} at (0,0) size 122x19
                RenderText {#text} at (91,1) size 122x19
                  text run at (91,1) width 122: "DESCRIPTION"
            RenderTableCell {TD} at (441,9) size 5x3 [border: (1px inset #808080)] [r=0 c=3 rs=1 cs=1]
              RenderImage {IMG} at (1,1) size 1x1
            RenderTableCell {TD} at (446,0) size 78x21 [border: (1px inset #808080)] [r=0 c=4 rs=1 cs=1]
              RenderInline {B} at (0,0) size 53x19
                RenderText {#text} at (24,1) size 53x19
                  text run at (24,1) width 53: "PRICE"
            RenderTableCell {TD} at (524,9) size 5x3 [border: (1px inset #808080)] [r=0 c=5 rs=1 cs=1]
              RenderImage {IMG} at (1,1) size 1x1
            RenderTableCell {TD} at (529,0) size 69x21 [border: (1px inset #808080)] [r=0 c=6 rs=1 cs=1]
              RenderInline {B} at (0,0) size 45x19
                RenderText {#text} at (12,1) size 45x19
                  text run at (12,1) width 45: "INFO"
      RenderTable {TABLE} at (0,23) size 600x26 [border: (1px outset #808080)]
        RenderTableSection {TBODY} at (1,1) size 598x24
          RenderTableRow {TR} at (0,0) size 598x21
            RenderTableCell {TD} at (0,2) size 132x17 [border: (1px inset #808080)] [r=0 c=0 rs=1 cs=1]
              RenderInline {FONT} at (0,0) size 112x15
                RenderText {#text} at (1,1) size 112x15
                  text run at (1,1) width 112: "American Starlex"
            RenderTableCell {TD} at (132,9) size 5x3 [border: (1px inset #808080)] [r=0 c=1 rs=1 cs=1]
              RenderImage {IMG} at (1,1) size 1x1
            RenderTableCell {TD} at (137,2) size 304x17 [border: (1px inset #808080)] [r=0 c=2 rs=1 cs=1]
              RenderInline {FONT} at (0,0) size 292x15
                RenderText {#text} at (1,1) size 292x15
                  text run at (1,1) width 292: "Digital_Cameras DC200 New|In stock; Kodak"
            RenderTableCell {TD} at (441,9) size 5x3 [border: (1px inset #808080)] [r=0 c=3 rs=1 cs=1]
              RenderImage {IMG} at (1,1) size 1x1
            RenderTableCell {TD} at (446,2) size 78x17 [border: (1px inset #808080)] [r=0 c=4 rs=1 cs=1]
              RenderInline {FONT} at (0,0) size 52x15
                RenderText {#text} at (25,1) size 52x15
                  text run at (25,1) width 52: "$270.00"
            RenderTableCell {TD} at (524,9) size 5x3 [border: (1px inset #808080)] [r=0 c=5 rs=1 cs=1]
              RenderImage {IMG} at (1,1) size 1x1
            RenderTableCell {TD} at (529,0) size 69x21 [border: (1px inset #808080)] [r=0 c=6 rs=1 cs=1]
              RenderText {#text} at (14,1) size 41x19
                text run at (14,1) width 41: "More"
          RenderTableRow {TR} at (0,21) size 598x3
            RenderTableCell {TD} at (0,21) size 598x3 [bgcolor=#000000] [border: (1px inset #808080)] [r=1 c=0 rs=1 cs=8]
              RenderImage {IMG} at (1,1) size 1x1
