layer at (0,0) size 980x2682
  RenderView at (0,0) size 980x735
layer at (0,0) size 980x2682
  RenderBlock {HTML} at (0,0) size 980x2682
    RenderBody {BODY} at (8,8) size 964x2666
      RenderTable {TABLE} at (0,0) size 964x2666 [border: (1px outset #808080)]
        RenderTableSection {TBODY} at (1,1) size 962x2664
          RenderTableRow {TR} at (0,2) size 962x136
            RenderTableCell {TD} at (2,49) size 36x41 [border: (1px inset #808080)] [r=0 c=0 rs=1 cs=1]
              RenderText {#text} at (12,11) size 12x19
                text run at (12,11) width 12: "A"
            RenderTableCell {TD} at (40,46) size 427x47 [border: (1px inset #808080)] [r=0 c=1 rs=1 cs=1]
              RenderImage {IMG} at (176,11) size 76x25
            RenderTableCell {TD} at (469,2) size 491x136 [border: (1px inset #808080)] [r=0 c=2 rs=1 cs=1]
              RenderText {#text} at (20,11) size 451x114
                text run at (20,11) width 451: "test test test test test test test test test test test test test"
                text run at (20,30) width 71: "test test "
                text run at (90,30) width 381: "test test test test test test test test test test test"
                text run at (20,49) width 141: "test test test test "
                text run at (160,49) width 311: "test test test test test test test test test"
                text run at (20,68) width 211: "test test test test test test "
                text run at (230,68) width 241: "test test test test test test test"
                text run at (20,87) width 281: "test test test test test test test test "
                text run at (300,87) width 171: "test test test test test"
                text run at (73,106) width 345: "test test test test test test test test test test"
          RenderTableRow {TR} at (0,140) size 962x136
            RenderTableCell {TD} at (2,187) size 36x41 [border: (1px inset #808080)] [r=1 c=0 rs=1 cs=1]
              RenderText {#text} at (12,11) size 12x19
                text run at (12,11) width 12: "B"
            RenderTableCell {TD} at (40,176) size 427x64 [border: (1px inset #808080)] [r=1 c=1 rs=1 cs=1]
              RenderImage {IMG} at (199,11) size 30x42
            RenderTableCell {TD} at (469,140) size 491x136 [border: (1px inset #808080)] [r=1 c=2 rs=1 cs=1]
              RenderText {#text} at (20,11) size 451x114
                text run at (20,11) width 451: "test test test test test test test test test test test test test"
                text run at (20,30) width 71: "test test "
                text run at (90,30) width 381: "test test test test test test test test test test test"
                text run at (20,49) width 141: "test test test test "
                text run at (160,49) width 311: "test test test test test test test test test"
                text run at (20,68) width 211: "test test test test test test "
                text run at (230,68) width 241: "test test test test test test test"
                text run at (20,87) width 281: "test test test test test test test test "
                text run at (300,87) width 171: "test test test test test"
                text run at (73,106) width 345: "test test test test test test test test test test"
          RenderTableRow {TR} at (0,278) size 962x160
            RenderTableCell {TD} at (2,337) size 36x41 [border: (1px inset #808080)] [r=2 c=0 rs=1 cs=1]
              RenderText {#text} at (12,11) size 12x19
                text run at (12,11) width 12: "C"
            RenderTableCell {TD} at (40,278) size 427x160 [border: (1px inset #808080)] [r=2 c=1 rs=1 cs=1]
              RenderImage {IMG} at (104,11) size 220x138
            RenderTableCell {TD} at (469,290) size 491x136 [border: (1px inset #808080)] [r=2 c=2 rs=1 cs=1]
              RenderText {#text} at (20,11) size 451x114
                text run at (20,11) width 451: "test test test test test test test test test test test test test"
                text run at (20,30) width 71: "test test "
                text run at (90,30) width 381: "test test test test test test test test test test test"
                text run at (20,49) width 141: "test test test test "
                text run at (160,49) width 311: "test test test test test test test test test"
                text run at (20,68) width 211: "test test test test test test "
                text run at (230,68) width 241: "test test test test test test test"
                text run at (20,87) width 281: "test test test test test test test test "
                text run at (300,87) width 171: "test test test test test"
                text run at (73,106) width 345: "test test test test test test test test test test"
          RenderTableRow {TR} at (0,440) size 962x136
            RenderTableCell {TD} at (2,487) size 36x41 [border: (1px inset #808080)] [r=3 c=0 rs=1 cs=1]
              RenderText {#text} at (12,11) size 12x19
                text run at (12,11) width 12: "D"
            RenderTableCell {TD} at (40,454) size 427x107 [border: (1px inset #808080)] [r=3 c=1 rs=1 cs=1]
              RenderImage {IMG} at (114,11) size 200x85
            RenderTableCell {TD} at (469,440) size 491x136 [border: (1px inset #808080)] [r=3 c=2 rs=1 cs=1]
              RenderText {#text} at (20,11) size 451x114
                text run at (20,11) width 451: "test test test test test test test test test test test test test"
                text run at (20,30) width 71: "test test "
                text run at (90,30) width 381: "test test test test test test test test test test test"
                text run at (20,49) width 141: "test test test test "
                text run at (160,49) width 311: "test test test test test test test test test"
                text run at (20,68) width 211: "test test test test test test "
                text run at (230,68) width 241: "test test test test test test test"
                text run at (20,87) width 281: "test test test test test test test test "
                text run at (300,87) width 171: "test test test test test"
                text run at (73,106) width 345: "test test test test test test test test test test"
          RenderTableRow {TR} at (0,578) size 962x136
            RenderTableCell {TD} at (2,625) size 36x41 [border: (1px inset #808080)] [r=4 c=0 rs=1 cs=1]
              RenderText {#text} at (13,11) size 10x19
                text run at (13,11) width 10: "E"
            RenderTableCell {TD} at (40,610) size 427x72 [border: (1px inset #808080)] [r=4 c=1 rs=1 cs=1]
              RenderImage {IMG} at (187,11) size 54x50
            RenderTableCell {TD} at (469,578) size 491x136 [border: (1px inset #808080)] [r=4 c=2 rs=1 cs=1]
              RenderText {#text} at (20,11) size 451x114
                text run at (20,11) width 451: "test test test test test test test test test test test test test"
                text run at (20,30) width 71: "test test "
                text run at (90,30) width 381: "test test test test test test test test test test test"
                text run at (20,49) width 141: "test test test test "
                text run at (160,49) width 311: "test test test test test test test test test"
                text run at (20,68) width 211: "test test test test test test "
                text run at (230,68) width 241: "test test test test test test test"
                text run at (20,87) width 281: "test test test test test test test test "
                text run at (300,87) width 171: "test test test test test"
                text run at (73,106) width 345: "test test test test test test test test test test"
          RenderTableRow {TR} at (0,716) size 962x136
            RenderTableCell {TD} at (2,763) size 36x41 [border: (1px inset #808080)] [r=5 c=0 rs=1 cs=1]
              RenderText {#text} at (13,11) size 10x19
                text run at (13,11) width 10: "F"
            RenderTableCell {TD} at (40,748) size 427x72 [border: (1px inset #808080)] [r=5 c=1 rs=1 cs=1]
              RenderImage {IMG} at (95,11) size 237x50
            RenderTableCell {TD} at (469,716) size 491x136 [border: (1px inset #808080)] [r=5 c=2 rs=1 cs=1]
              RenderText {#text} at (20,11) size 451x114
                text run at (20,11) width 451: "test test test test test test test test test test test test test"
                text run at (20,30) width 71: "test test "
                text run at (90,30) width 381: "test test test test test test test test test test test"
                text run at (20,49) width 141: "test test test test "
                text run at (160,49) width 311: "test test test test test test test test test"
                text run at (20,68) width 211: "test test test test test test "
                text run at (230,68) width 241: "test test test test test test test"
                text run at (20,87) width 281: "test test test test test test test test "
                text run at (300,87) width 171: "test test test test test"
                text run at (73,106) width 345: "test test test test test test test test test test"
          RenderTableRow {TR} at (0,854) size 962x136
            RenderTableCell {TD} at (2,901) size 36x41 [border: (1px inset #808080)] [r=6 c=0 rs=1 cs=1]
              RenderText {#text} at (12,11) size 12x19
                text run at (12,11) width 12: "G"
            RenderTableCell {TD} at (40,879) size 427x85 [border: (1px inset #808080)] [r=6 c=1 rs=1 cs=1]
              RenderImage {IMG} at (156,11) size 116x63
            RenderTableCell {TD} at (469,854) size 491x136 [border: (1px inset #808080)] [r=6 c=2 rs=1 cs=1]
              RenderText {#text} at (20,11) size 451x114
                text run at (20,11) width 451: "test test test test test test test test test test test test test"
                text run at (20,30) width 71: "test test "
                text run at (90,30) width 381: "test test test test test test test test test test test"
                text run at (20,49) width 141: "test test test test "
                text run at (160,49) width 311: "test test test test test test test test test"
                text run at (20,68) width 211: "test test test test test test "
                text run at (230,68) width 241: "test test test test test test test"
                text run at (20,87) width 281: "test test test test test test test test "
                text run at (300,87) width 171: "test test test test test"
                text run at (73,106) width 345: "test test test test test test test test test test"
          RenderTableRow {TR} at (0,992) size 962x136
            RenderTableCell {TD} at (2,1039) size 36x41 [border: (1px inset #808080)] [r=7 c=0 rs=1 cs=1]
              RenderText {#text} at (12,11) size 12x19
                text run at (12,11) width 12: "H"
            RenderTableCell {TD} at (40,1040) size 427x40 [border: (1px inset #808080)] [r=7 c=1 rs=1 cs=1]
              RenderImage {IMG} at (200,11) size 27x18
            RenderTableCell {TD} at (469,992) size 491x136 [border: (1px inset #808080)] [r=7 c=2 rs=1 cs=1]
              RenderText {#text} at (20,11) size 451x114
                text run at (20,11) width 451: "test test test test test test test test test test test test test"
                text run at (20,30) width 71: "test test "
                text run at (90,30) width 381: "test test test test test test test test test test test"
                text run at (20,49) width 141: "test test test test "
                text run at (160,49) width 311: "test test test test test test test test test"
                text run at (20,68) width 211: "test test test test test test "
                text run at (230,68) width 241: "test test test test test test test"
                text run at (20,87) width 281: "test test test test test test test test "
                text run at (300,87) width 171: "test test test test test"
                text run at (73,106) width 345: "test test test test test test test test test test"
          RenderTableRow {TR} at (0,1130) size 962x136
            RenderTableCell {TD} at (2,1177) size 36x41 [border: (1px inset #808080)] [r=8 c=0 rs=1 cs=1]
              RenderText {#text} at (15,11) size 6x19
                text run at (15,11) width 6: "I"
            RenderTableCell {TD} at (40,1156) size 427x83 [border: (1px inset #808080)] [r=8 c=1 rs=1 cs=1]
              RenderImage {IMG} at (126,11) size 175x61
            RenderTableCell {TD} at (469,1130) size 491x136 [border: (1px inset #808080)] [r=8 c=2 rs=1 cs=1]
              RenderText {#text} at (20,11) size 451x114
                text run at (20,11) width 451: "test test test test test test test test test test test test test"
                text run at (20,30) width 71: "test test "
                text run at (90,30) width 381: "test test test test test test test test test test test"
                text run at (20,49) width 141: "test test test test "
                text run at (160,49) width 311: "test test test test test test test test test"
                text run at (20,68) width 211: "test test test test test test "
                text run at (230,68) width 241: "test test test test test test test"
                text run at (20,87) width 281: "test test test test test test test test "
                text run at (300,87) width 171: "test test test test test"
                text run at (73,106) width 345: "test test test test test test test test test test"
          RenderTableRow {TR} at (0,1268) size 962x136
            RenderTableCell {TD} at (2,1315) size 36x41 [border: (1px inset #808080)] [r=9 c=0 rs=1 cs=1]
              RenderText {#text} at (15,11) size 6x19
                text run at (15,11) width 6: "J"
            RenderTableCell {TD} at (40,1275) size 427x122 [border: (1px inset #808080)] [r=9 c=1 rs=1 cs=1]
              RenderImage {IMG} at (11,11) size 405x100
            RenderTableCell {TD} at (469,1268) size 491x136 [border: (1px inset #808080)] [r=9 c=2 rs=1 cs=1]
              RenderText {#text} at (20,11) size 451x114
                text run at (20,11) width 451: "test test test test test test test test test test test test test"
                text run at (20,30) width 71: "test test "
                text run at (90,30) width 381: "test test test test test test test test test test test"
                text run at (20,49) width 141: "test test test test "
                text run at (160,49) width 311: "test test test test test test test test test"
                text run at (20,68) width 211: "test test test test test test "
                text run at (230,68) width 241: "test test test test test test test"
                text run at (20,87) width 281: "test test test test test test test test "
                text run at (300,87) width 171: "test test test test test"
                text run at (73,106) width 345: "test test test test test test test test test test"
          RenderTableRow {TR} at (0,1406) size 962x136
            RenderTableCell {TD} at (2,1453) size 36x41 [border: (1px inset #808080)] [r=10 c=0 rs=1 cs=1]
              RenderText {#text} at (12,11) size 12x19
                text run at (12,11) width 12: "K"
            RenderTableCell {TD} at (40,1438) size 427x72 [border: (1px inset #808080)] [r=10 c=1 rs=1 cs=1]
              RenderImage {IMG} at (78,11) size 272x50
            RenderTableCell {TD} at (469,1406) size 491x136 [border: (1px inset #808080)] [r=10 c=2 rs=1 cs=1]
              RenderText {#text} at (20,11) size 451x114
                text run at (20,11) width 451: "test test test test test test test test test test test test test"
                text run at (20,30) width 71: "test test "
                text run at (90,30) width 381: "test test test test test test test test test test test"
                text run at (20,49) width 141: "test test test test "
                text run at (160,49) width 311: "test test test test test test test test test"
                text run at (20,68) width 211: "test test test test test test "
                text run at (230,68) width 241: "test test test test test test test"
                text run at (20,87) width 281: "test test test test test test test test "
                text run at (300,87) width 171: "test test test test test"
                text run at (73,106) width 345: "test test test test test test test test test test"
          RenderTableRow {TR} at (0,1544) size 962x136
            RenderTableCell {TD} at (2,1591) size 36x41 [border: (1px inset #808080)] [r=11 c=0 rs=1 cs=1]
              RenderText {#text} at (12,11) size 12x19
                text run at (12,11) width 12: "K"
            RenderTableCell {TD} at (40,1577) size 427x69 [border: (1px inset #808080)] [r=11 c=1 rs=1 cs=1]
              RenderImage {IMG} at (168,11) size 91x47
            RenderTableCell {TD} at (469,1544) size 491x136 [border: (1px inset #808080)] [r=11 c=2 rs=1 cs=1]
              RenderText {#text} at (20,11) size 451x114
                text run at (20,11) width 451: "test test test test test test test test test test test test test"
                text run at (20,30) width 71: "test test "
                text run at (90,30) width 381: "test test test test test test test test test test test"
                text run at (20,49) width 141: "test test test test "
                text run at (160,49) width 311: "test test test test test test test test test"
                text run at (20,68) width 211: "test test test test test test "
                text run at (230,68) width 241: "test test test test test test test"
                text run at (20,87) width 281: "test test test test test test test test "
                text run at (300,87) width 171: "test test test test test"
                text run at (73,106) width 345: "test test test test test test test test test test"
          RenderTableRow {TR} at (0,1682) size 962x136
            RenderTableCell {TD} at (2,1729) size 36x41 [border: (1px inset #808080)] [r=12 c=0 rs=1 cs=1]
              RenderText {#text} at (13,11) size 10x19
                text run at (13,11) width 10: "L"
            RenderTableCell {TD} at (40,1706) size 427x88 [border: (1px inset #808080)] [r=12 c=1 rs=1 cs=1]
              RenderImage {IMG} at (89,11) size 250x66
            RenderTableCell {TD} at (469,1682) size 491x136 [border: (1px inset #808080)] [r=12 c=2 rs=1 cs=1]
              RenderText {#text} at (20,11) size 451x114
                text run at (20,11) width 451: "test test test test test test test test test test test test test"
                text run at (20,30) width 71: "test test "
                text run at (90,30) width 381: "test test test test test test test test test test test"
                text run at (20,49) width 141: "test test test test "
                text run at (160,49) width 311: "test test test test test test test test test"
                text run at (20,68) width 211: "test test test test test test "
                text run at (230,68) width 241: "test test test test test test test"
                text run at (20,87) width 281: "test test test test test test test test "
                text run at (300,87) width 171: "test test test test test"
                text run at (73,106) width 345: "test test test test test test test test test test"
          RenderTableRow {TR} at (0,1820) size 962x136
            RenderTableCell {TD} at (2,1867) size 36x41 [border: (1px inset #808080)] [r=13 c=0 rs=1 cs=1]
              RenderText {#text} at (11,11) size 14x19
                text run at (11,11) width 14: "M"
            RenderTableCell {TD} at (40,1855) size 427x66 [border: (1px inset #808080)] [r=13 c=1 rs=1 cs=1]
              RenderImage {IMG} at (163,11) size 101x44
            RenderTableCell {TD} at (469,1820) size 491x136 [border: (1px inset #808080)] [r=13 c=2 rs=1 cs=1]
              RenderText {#text} at (20,11) size 451x114
                text run at (20,11) width 451: "test test test test test test test test test test test test test"
                text run at (20,30) width 71: "test test "
                text run at (90,30) width 381: "test test test test test test test test test test test"
                text run at (20,49) width 141: "test test test test "
                text run at (160,49) width 311: "test test test test test test test test test"
                text run at (20,68) width 211: "test test test test test test "
                text run at (230,68) width 241: "test test test test test test test"
                text run at (20,87) width 281: "test test test test test test test test "
                text run at (300,87) width 171: "test test test test test"
                text run at (73,106) width 345: "test test test test test test test test test test"
          RenderTableRow {TR} at (0,1958) size 962x136
            RenderTableCell {TD} at (2,2005) size 36x41 [border: (1px inset #808080)] [r=14 c=0 rs=1 cs=1]
              RenderText {#text} at (12,11) size 12x19
                text run at (12,11) width 12: "N"
            RenderTableCell {TD} at (40,2008) size 427x35 [border: (1px inset #808080)] [r=14 c=1 rs=1 cs=1]
              RenderImage {IMG} at (201,11) size 25x13
            RenderTableCell {TD} at (469,1958) size 491x136 [border: (1px inset #808080)] [r=14 c=2 rs=1 cs=1]
              RenderText {#text} at (20,11) size 451x114
                text run at (20,11) width 451: "test test test test test test test test test test test test test"
                text run at (20,30) width 71: "test test "
                text run at (90,30) width 381: "test test test test test test test test test test test"
                text run at (20,49) width 141: "test test test test "
                text run at (160,49) width 311: "test test test test test test test test test"
                text run at (20,68) width 211: "test test test test test test "
                text run at (230,68) width 241: "test test test test test test test"
                text run at (20,87) width 281: "test test test test test test test test "
                text run at (300,87) width 171: "test test test test test"
                text run at (73,106) width 345: "test test test test test test test test test test"
          RenderTableRow {TR} at (0,2096) size 962x136
            RenderTableCell {TD} at (2,2143) size 36x41 [border: (1px inset #808080)] [r=15 c=0 rs=1 cs=1]
              RenderText {#text} at (11,11) size 14x19
                text run at (11,11) width 14: "O"
            RenderTableCell {TD} at (40,2125) size 427x78 [border: (1px inset #808080)] [r=15 c=1 rs=1 cs=1]
              RenderImage {IMG} at (87,11) size 253x56
            RenderTableCell {TD} at (469,2096) size 491x136 [border: (1px inset #808080)] [r=15 c=2 rs=1 cs=1]
              RenderText {#text} at (20,11) size 451x114
                text run at (20,11) width 451: "test test test test test test test test test test test test test"
                text run at (20,30) width 71: "test test "
                text run at (90,30) width 381: "test test test test test test test test test test test"
                text run at (20,49) width 141: "test test test test "
                text run at (160,49) width 311: "test test test test test test test test test"
                text run at (20,68) width 211: "test test test test test test "
                text run at (230,68) width 241: "test test test test test test test"
                text run at (20,87) width 281: "test test test test test test test test "
                text run at (300,87) width 171: "test test test test test"
                text run at (73,106) width 345: "test test test test test test test test test test"
          RenderTableRow {TR} at (0,2234) size 962x136
            RenderTableCell {TD} at (2,2281) size 36x41 [border: (1px inset #808080)] [r=16 c=0 rs=1 cs=1]
              RenderText {#text} at (13,11) size 10x19
                text run at (13,11) width 10: "P"
            RenderTableCell {TD} at (40,2250) size 427x103 [border: (1px inset #808080)] [r=16 c=1 rs=1 cs=1]
              RenderImage {IMG} at (134,11) size 159x81
            RenderTableCell {TD} at (469,2234) size 491x136 [border: (1px inset #808080)] [r=16 c=2 rs=1 cs=1]
              RenderText {#text} at (20,11) size 451x114
                text run at (20,11) width 451: "test test test test test test test test test test test test test"
                text run at (20,30) width 71: "test test "
                text run at (90,30) width 381: "test test test test test test test test test test test"
                text run at (20,49) width 141: "test test test test "
                text run at (160,49) width 311: "test test test test test test test test test"
                text run at (20,68) width 211: "test test test test test test "
                text run at (230,68) width 241: "test test test test test test test"
                text run at (20,87) width 281: "test test test test test test test test "
                text run at (300,87) width 171: "test test test test test"
                text run at (73,106) width 345: "test test test test test test test test test test"
          RenderTableRow {TR} at (0,2372) size 962x136
            RenderTableCell {TD} at (2,2419) size 36x41 [border: (1px inset #808080)] [r=17 c=0 rs=1 cs=1]
              RenderText {#text} at (11,11) size 14x19
                text run at (11,11) width 14: "Q"
            RenderTableCell {TD} at (40,2375) size 427x130 [border: (1px inset #808080)] [r=17 c=1 rs=1 cs=1]
              RenderImage {IMG} at (107,11) size 213x108
            RenderTableCell {TD} at (469,2372) size 491x136 [border: (1px inset #808080)] [r=17 c=2 rs=1 cs=1]
              RenderText {#text} at (20,11) size 451x114
                text run at (20,11) width 451: "test test test test test test test test test test test test test"
                text run at (20,30) width 71: "test test "
                text run at (90,30) width 381: "test test test test test test test test test test test"
                text run at (20,49) width 141: "test test test test "
                text run at (160,49) width 311: "test test test test test test test test test"
                text run at (20,68) width 211: "test test test test test test "
                text run at (230,68) width 241: "test test test test test test test"
                text run at (20,87) width 281: "test test test test test test test test "
                text run at (300,87) width 171: "test test test test test"
                text run at (73,106) width 345: "test test test test test test test test test test"
          RenderTableRow {TR} at (0,2510) size 962x152
            RenderTableCell {TD} at (2,2565) size 36x41 [border: (1px inset #808080)] [r=18 c=0 rs=1 cs=1]
              RenderText {#text} at (12,11) size 12x19
                text run at (12,11) width 12: "R"
            RenderTableCell {TD} at (40,2510) size 427x152 [border: (1px inset #808080)] [r=18 c=1 rs=1 cs=1]
              RenderImage {IMG} at (42,11) size 344x130
            RenderTableCell {TD} at (469,2518) size 491x136 [border: (1px inset #808080)] [r=18 c=2 rs=1 cs=1]
              RenderText {#text} at (20,11) size 451x114
                text run at (20,11) width 451: "test test test test test test test test test test test test test"
                text run at (20,30) width 71: "test test "
                text run at (90,30) width 381: "test test test test test test test test test test test"
                text run at (20,49) width 141: "test test test test "
                text run at (160,49) width 311: "test test test test test test test test test"
                text run at (20,68) width 211: "test test test test test test "
                text run at (230,68) width 241: "test test test test test test test"
                text run at (20,87) width 281: "test test test test test test test test "
                text run at (300,87) width 171: "test test test test test"
                text run at (73,106) width 345: "test test test test test test test test test test"
