layer at (0,0) size 980x735
  RenderView at (0,0) size 980x735
layer at (0,0) size 980x735
  RenderBlock {HTML} at (0,0) size 980x735
    RenderBody {BODY} at (8,8) size 964x711
      RenderTable {TABLE} at (0,0) size 391x29 [border: (3px outset #808080)]
        RenderTableSection {TBODY} at (3,3) size 385x23
          RenderTableRow {TR} at (0,0) size 385x23
            RenderTableCell {TD} at (0,0) size 81x23 [border: (1px inset #808080)] [r=0 c=0 rs=1 cs=1]
              RenderText {#text} at (2,2) size 77x19
                text run at (2,2) width 77: "fieldLabel"
            RenderTableCell {TD} at (81,0) size 304x23 [border: (1px inset #808080)] [r=0 c=1 rs=1 cs=1]
              RenderText {#text} at (2,2) size 132x19
                text run at (2,2) width 132: "   InspectionText"
      RenderBlock {FORM} at (0,29) size 964x27
        RenderButton {INPUT} at (2,2) size 95x23 [bgcolor=#C0C0C0] [border: (2px outset #C0C0C0)]
          RenderBlock (anonymous) at (5,5) size 87x15
            RenderText at (0,0) size 87x15
              text run at (0,0) width 87: "change width"
        RenderText {#text} at (99,4) size 5x19
          text run at (99,4) width 5: " "
        RenderButton {INPUT} at (106,2) size 209x23 [bgcolor=#C0C0C0] [border: (2px outset #C0C0C0)]
          RenderBlock (anonymous) at (5,5) size 201x15
            RenderText at (0,0) size 201x15
              text run at (0,0) width 201: "change width with table reflow"
        RenderText {#text} at (0,0) size 0x0
