layer at (0,0) size 980x735
  RenderView at (0,0) size 980x735
layer at (0,0) size 980x735
  RenderBlock {HTML} at (0,0) size 980x735
    RenderBody {BODY} at (8,8) size 964x719
      RenderTable {TABLE} at (0,0) size 305x29 [border: (1px outset #808080)]
        RenderTableSection {TBODY} at (1,1) size 303x27
          RenderTableRow {TR} at (0,2) size 303x23 [bgcolor=#CCFFFF]
            RenderTableCell {TD} at (2,2) size 299x23 [border: (1px inset #808080)] [r=0 c=0 rs=1 cs=1]
              RenderText {#text} at (2,2) size 295x19
                text run at (2,2) width 295: "THis table has zero % width declared"
      RenderTable {TABLE} at (0,29) size 270x29 [border: (1px outset #808080)]
        RenderTableSection {TBODY} at (1,1) size 268x27
          RenderTableRow {TR} at (0,2) size 268x23 [bgcolor=#CCFFFF]
            RenderTableCell {TD} at (2,2) size 264x23 [border: (1px inset #808080)] [r=0 c=0 rs=1 cs=1]
              RenderText {#text} at (2,2) size 260x19
                text run at (2,2) width 260: "THis table has no width declared"
