layer at (0,0) size 980x735
  RenderView at (0,0) size 980x735
layer at (0,0) size 980x735
  RenderBlock {HTML} at (0,0) size 980x735
    RenderBody {BODY} at (8,8) size 964x719
      RenderTable {TABLE} at (0,0) size 295x295
        RenderTableSection {TBODY} at (0,0) size 295x295
          RenderTableRow {TR} at (0,2) size 295x133
            RenderTableCell {TD} at (2,2) size 291x133 [r=0 c=0 rs=1 cs=1]
              RenderBlock (anonymous) at (1,1) size 289x57
                RenderText {#text} at (0,0) size 289x19
                  text run at (0,0) width 289: "This cell has the nowrap parameter "
                RenderBR {BR} at (289,15) size 0x0
                RenderBR {BR} at (0,19) size 0x19
                RenderText {#text} at (0,38) size 43x19
                  text run at (0,38) width 43: "<hr>"
              RenderBlock {HR} at (1,66) size 289x2 [border: (1px inset #000000)]
              RenderBlock (anonymous) at (1,76) size 289x38
                RenderBR {BR} at (0,0) size 0x19
                RenderText {#text} at (0,19) size 124x19
                  text run at (0,19) width 124: "<hr width=30>"
              RenderBlock {HR} at (129,122) size 32x2 [border: (1px inset #000000)]
          RenderTableRow {TR} at (0,137) size 295x21
            RenderTableCell {TD} at (2,137) size 291x21 [bgcolor=#CCCCCC] [r=1 c=0 rs=1 cs=1]
              RenderText {#text} at (1,1) size 5x19
                text run at (1,1) width 5: " "
          RenderTableRow {TR} at (0,160) size 295x133
            RenderTableCell {TD} at (2,160) size 291x133 [r=2 c=0 rs=1 cs=1]
              RenderBlock (anonymous) at (1,1) size 289x57
                RenderText {#text} at (0,0) size 132x19
                  text run at (0,0) width 132: "This cell doesn't "
                RenderBR {BR} at (132,15) size 0x0
                RenderBR {BR} at (0,19) size 0x19
                RenderText {#text} at (0,38) size 43x19
                  text run at (0,38) width 43: "<hr>"
              RenderBlock {HR} at (1,66) size 289x2 [border: (1px inset #000000)]
              RenderBlock (anonymous) at (1,76) size 289x38
                RenderBR {BR} at (0,0) size 0x19
                RenderText {#text} at (0,19) size 124x19
                  text run at (0,19) width 124: "<hr width=30>"
              RenderBlock {HR} at (129,122) size 32x2 [border: (1px inset #000000)]
