layer at (0,0) size 980x735
  RenderView at (0,0) size 980x735
layer at (0,0) size 980x735
  RenderBlock {HTML} at (0,0) size 980x735
    RenderBody {BODY} at (8,8) size 964x719
      RenderBlock (anonymous) at (0,0) size 964x19
        RenderText {#text} at (0,0) size 543x19
          text run at (0,0) width 543: "If the font size is too big for the inside table, it is probably bug 6925."
      RenderTable {TABLE} at (0,19) size 113x51 [border: (1px outset #808080)]
        RenderTableSection {TBODY} at (1,1) size 111x49
          RenderTableRow {TR} at (0,2) size 111x45
            RenderTableCell {TD} at (2,2) size 107x45 [border: (1px inset #808080)] [r=0 c=0 rs=1 cs=1]
              RenderBlock {CENTER} at (2,2) size 103x41
                RenderTable {TABLE} at (1,0) size 100x22 [border: (1px outset #808080)]
                  RenderTableSection {TBODY} at (1,1) size 98x20
                    RenderTableRow {TR} at (0,2) size 98x16
                      RenderTableCell {TD} at (2,2) size 94x16 [border: (1px inset #808080)] [r=0 c=0 rs=1 cs=1]
                        RenderBlock (anonymous) at (2,2) size 90x0
                          RenderInline {FONT} at (0,0) size 0x0
                            RenderText {#text} at (0,0) size 0x0
                          RenderInline {FONT} at (0,0) size 0x0
                        RenderBlock {CENTER} at (2,2) size 90x12
                          RenderInline {FONT} at (0,0) size 30x11
                            RenderText {#text} at (30,0) size 30x11
                              text run at (30,0) width 30: "inside"
                          RenderText {#text} at (0,0) size 0x0
                        RenderBlock (anonymous) at (2,14) size 90x0
                          RenderText {#text} at (0,0) size 0x0
                RenderBlock (anonymous) at (0,22) size 103x19
                  RenderText {#text} at (0,0) size 103x19
                    text run at (0,0) width 103: "outside table"
