layer at (0,0) size 980x735
  RenderView at (0,0) size 980x735
layer at (0,0) size 980x127
  RenderBlock {HTML} at (0,0) size 980x127
    RenderBody {BODY} at (8,8) size 964x111
      RenderTable {TABLE} at (0,0) size 96x35 [border: (1px outset #808080)]
        RenderTableSection {TBODY} at (1,1) size 94x33
          RenderTableRow {TR} at (0,2) size 94x29
            RenderTableCell {TD} at (2,2) size 90x29 [border: (1px inset #808080)] [r=0 c=0 rs=1 cs=1]
              RenderBlock {DIV} at (2,2) size 86x25 [border: (3px dotted #00FF00)]
                RenderText {#text} at (3,3) size 226x19
                  text run at (3,3) width 226: "Truncated? It should not be!"
      RenderBlock {P} at (0,51) size 964x19
        RenderText {#text} at (0,0) size 937x19
          text run at (0,0) width 581: "According to the rules of CSS, the text above should spill right out of the "
          text run at (581,0) width 356: "table, as it does in the table-less case below:"
      RenderBlock {DIV} at (0,86) size 86x25 [border: (3px dotted #00FF00)]
        RenderText {#text} at (3,3) size 226x19
          text run at (3,3) width 226: "Truncated? It should not be!"
