layer at (0,0) size 980x735
  RenderView at (0,0) size 980x735
layer at (0,0) size 980x81
  RenderBlock {HTML} at (0,0) size 980x81
    RenderBody {BODY} at (8,8) size 964x65
      RenderTable {TABLE} at (0,0) size 457x65 [border: (1px outset #808080)]
        RenderTableSection {TBODY} at (1,1) size 455x63
          RenderTableRow {TR} at (0,0) size 455x21
            RenderTableCell {TD} at (0,21) size 7x21 [bgcolor=#CCCCCC] [border: (1px inset #808080)] [r=0 c=0 rs=3 cs=1]
              RenderText {#text} at (1,1) size 5x19
                text run at (1,1) width 5: " "
            RenderTableCell {TD} at (7,0) size 441x21 [border: (1px inset #808080)] [r=0 c=1 rs=1 cs=1]
              RenderText {#text} at (1,1) size 439x19
                text run at (1,1) width 439: "This row has two cells with rowspans and a middle cell."
            RenderTableCell {TD} at (448,21) size 7x21 [bgcolor=#CCCCCC] [border: (1px inset #808080)] [r=0 c=2 rs=3 cs=1]
              RenderText {#text} at (1,1) size 5x19
                text run at (1,1) width 5: " "
          RenderTableRow {TR} at (0,21) size 455x21
            RenderTableCell {TD} at (7,21) size 441x21 [bgcolor=#0000FF] [border: (1px inset #808080)] [r=1 c=1 rs=1 cs=1]
              RenderText {#text} at (1,1) size 200x19
                text run at (1,1) width 200: "This cell is coloured blue."
          RenderTableRow {TR} at (0,42) size 455x21 [bgcolor=#FF0000]
            RenderTableCell {TD} at (7,42) size 441x21 [border: (1px inset #808080)] [r=2 c=1 rs=1 cs=1]
              RenderText {#text} at (1,1) size 196x19
                text run at (1,1) width 196: "This row is coloured red."
