layer at (0,0) size 980x735
  RenderView at (0,0) size 980x735
layer at (0,0) size 980x735
  RenderBlock {HTML} at (0,0) size 980x735
    RenderBody {BODY} at (8,8) size 964x719 [bgcolor=#3333FF]
      RenderBlock {CENTER} at (0,0) size 964x69
        RenderTable {TABLE} at (221,0) size 521x69 [bgcolor=#FFFFFF] [border: (2px outset #808080)]
          RenderBlock {CAPTION} at (0,0) size 521x21
            RenderInline {B} at (0,0) size 155x19
              RenderInline {FONT} at (0,0) size 155x21 [color=#C0C0C0]
                RenderText {#text} at (183,0) size 155x21
                  text run at (183,0) width 155: "Future Bugzilla"
            RenderText {#text} at (0,0) size 0x0
          RenderTableSection {TBODY} at (2,23) size 517x44
            RenderTableRow {TR} at (0,2) size 517x19
              RenderTableCell {TD} at (2,2) size 48x19 [bgcolor=#009900] [border: (1px inset #808080)] [r=0 c=0 rs=1 cs=1]
                RenderBlock {DIV} at (2,2) size 44x15
                  RenderInline {B} at (0,0) size 44x19
                    RenderInline {FONT} at (0,0) size 44x15
                      RenderText {#text} at (0,0) size 44x15
                        text run at (0,0) width 44: "Credit"
              RenderTableCell {TD} at (52,2) size 49x19 [bgcolor=#009900] [border: (1px inset #808080)] [r=0 c=1 rs=1 cs=1]
                RenderInline {B} at (0,0) size 28x19
                  RenderInline {FONT} at (0,0) size 28x15
                    RenderText {#text} at (2,2) size 28x15
                      text run at (2,2) width 28: "Bug"
              RenderTableCell {TD} at (103,2) size 166x19 [bgcolor=#009900] [border: (1px inset #808080)] [r=0 c=2 rs=1 cs=1]
                RenderInline {B} at (0,0) size 69x19
                  RenderInline {FONT} at (0,0) size 69x15
                    RenderText {#text} at (2,2) size 69x15
                      text run at (2,2) width 69: "Summary"
              RenderTableCell {TD} at (271,2) size 70x19 [bgcolor=#009900] [border: (1px inset #808080)] [r=0 c=3 rs=1 cs=1]
                RenderInline {B} at (0,0) size 47x19
                  RenderInline {FONT} at (0,0) size 47x15
                    RenderText {#text} at (2,2) size 47x15
                      text run at (2,2) width 47: "Status"
              RenderTableCell {TD} at (343,2) size 81x19 [bgcolor=#009900] [border: (1px inset #808080)] [r=0 c=4 rs=1 cs=1]
                RenderInline {B} at (0,0) size 77x19
                  RenderInline {FONT} at (0,0) size 77x15
                    RenderText {#text} at (2,2) size 77x15
                      text run at (2,2) width 77: "Resolution"
              RenderTableCell {TD} at (426,2) size 89x19 [bgcolor=#009900] [border: (1px inset #808080)] [r=0 c=5 rs=1 cs=1]
                RenderInline {B} at (0,0) size 85x19
                  RenderInline {FONT} at (0,0) size 85x15
                    RenderText {#text} at (2,2) size 85x15
                      text run at (2,2) width 85: "Date (-8/-7)"
            RenderTableRow {TR} at (0,23) size 517x19
              RenderTableCell {TD} at (2,23) size 48x19 [bgcolor=#FF0000] [border: (1px inset #808080)] [r=1 c=0 rs=1 cs=1]
                RenderInline {B} at (0,0) size 9x19
                  RenderInline {FONT} at (0,0) size 9x15
                    RenderText {#text} at (2,2) size 9x15
                      text run at (2,2) width 9: "1"
              RenderTableCell {TD} at (52,23) size 49x19 [bgcolor=#FF0000] [border: (1px inset #808080)] [r=1 c=1 rs=1 cs=1]
                RenderInline {B} at (0,0) size 45x19
                  RenderInline {FONT} at (0,0) size 45x15
                    RenderText {#text} at (0,0) size 0x0
                    RenderInline {A} at (0,0) size 45x15
                      RenderText {#text} at (2,2) size 45x15
                        text run at (2,2) width 45: "10000"
                    RenderText {#text} at (0,0) size 0x0
              RenderTableCell {TD} at (103,23) size 166x19 [bgcolor=#FF0000] [border: (1px inset #808080)] [r=1 c=2 rs=1 cs=1]
                RenderInline {B} at (0,0) size 162x19
                  RenderInline {FONT} at (0,0) size 162x15
                    RenderText {#text} at (2,2) size 162x15
                      text run at (2,2) width 162: "JWZ returns to Mozilla"
              RenderTableCell {TD} at (271,23) size 70x19 [bgcolor=#FF0000] [border: (1px inset #808080)] [r=1 c=3 rs=1 cs=1]
                RenderInline {B} at (0,0) size 66x19
                  RenderInline {FONT} at (0,0) size 66x15
                    RenderText {#text} at (2,2) size 66x15
                      text run at (2,2) width 66: "Resolved"
              RenderTableCell {TD} at (343,23) size 81x19 [bgcolor=#FF0000] [border: (1px inset #808080)] [r=1 c=4 rs=1 cs=1]
                RenderInline {B} at (0,0) size 69x19
                  RenderInline {FONT} at (0,0) size 69x15
                    RenderText {#text} at (2,2) size 69x15
                      text run at (2,2) width 69: "Duplicate"
              RenderTableCell {TD} at (426,23) size 89x19 [bgcolor=#FF0000] [border: (1px inset #808080)] [r=1 c=5 rs=1 cs=1]
                RenderInline {B} at (0,0) size 40x19
                  RenderInline {FONT} at (0,0) size 40x15
                    RenderText {#text} at (2,2) size 40x15
                      text run at (2,2) width 40: "July 1"
