layer at (0,0) size 980x735
  RenderView at (0,0) size 980x735
layer at (0,0) size 980x735
  RenderBlock {HTML} at (0,0) size 980x735
    RenderBody {BODY} at (8,8) size 964x719
      RenderTable {TABLE} at (0,0) size 964x79
        RenderTableSection {TBODY} at (0,0) size 964x79
          RenderTableRow {TR} at (0,2) size 964x27
            RenderTableCell {TD} at (2,2) size 960x27 [r=0 c=0 rs=1 cs=1]
              RenderTable {TABLE} at (1,1) size 958x25
                RenderTableSection {TBODY} at (0,0) size 958x25
                  RenderTableRow {TR} at (0,2) size 958x21
                    RenderTableCell {TD} at (2,2) size 954x21 [r=0 c=0 rs=1 cs=1]
                      RenderText {#text} at (1,1) size 304x19
                        text run at (1,1) width 304: "text below cant break out of this table"
          RenderTableRow {TR} at (0,31) size 964x46
            RenderTableCell {TD} at (2,31) size 960x46 [r=1 c=0 rs=1 cs=1]
              RenderTable {TABLE} at (1,1) size 958x44
                RenderTableSection {TBODY} at (0,0) size 958x44
                  RenderTableRow {TR} at (0,2) size 958x40
                    RenderTableCell {TD} at (2,2) size 954x40 [r=0 c=0 rs=1 cs=1]
                      RenderText {#text} at (1,1) size 915x38
                        text run at (1,1) width 680: "Text Text Text Text Text Text Text Text Text Text Text Text Text Text Text Text Text "
                        text run at (681,1) width 235: "Text Text Text Text Text Text"
                        text run at (1,20) width 435: "Text Text Text Text Text Text Text Text Text Text Text"
