layer at (0,0) size 980x735
  RenderView at (0,0) size 980x735
layer at (0,0) size 980x93
  RenderBlock {HTML} at (0,0) size 980x93
    RenderBody {BODY} at (8,19) size 964x66
      RenderBlock {H2} at (0,0) size 964x28
        RenderText {#text} at (0,0) size 264x28
          text run at (0,0) width 264: "table-column-group"
      RenderTable {DIV} at (0,47) size 86x19
        RenderTableCol {DIV} at (0,0) size 0x0
          RenderTableCol {DIV} at (0,0) size 0x0
          RenderTableCol {DIV} at (0,0) size 0x0
        RenderTableSection (anonymous) at (0,0) size 86x19
          RenderTableRow {DIV} at (0,0) size 86x19
            RenderTableCell {DIV} at (0,0) size 43x19 [r=0 c=0 rs=1 cs=1]
              RenderText {#text} at (0,0) size 43x19
                text run at (0,0) width 43: "white"
            RenderTableCell {DIV} at (43,0) size 43x19 [r=0 c=1 rs=1 cs=1]
              RenderText {#text} at (0,0) size 43x19
                text run at (0,0) width 43: "white"
