layer at (0,0) size 980x735
  RenderView at (0,0) size 980x735
layer at (0,0) size 980x735
  RenderBlock {HTML} at (0,0) size 980x735
    RenderBody {BODY} at (8,8) size 964x719
      RenderBlock {P} at (0,0) size 964x38
        RenderText {#text} at (0,0) size 899x38
          text run at (0,0) width 899: "The image below has a width of 459px. When the table below it has a width of 459px or greater, the bottom row"
          text run at (0,19) width 165: "overlaps the top row"
      RenderBlock (anonymous) at (0,54) size 964x19
        RenderText {#text} at (0,0) size 173x19
          text run at (0,0) width 173: "Table with width=459"
        RenderBR {BR} at (173,15) size 0x0
      RenderTable {TABLE} at (0,73) size 964x260 [border: (1px outset #808080)]
        RenderTableSection {TBODY} at (1,1) size 962x258
          RenderTableRow {TR} at (0,2) size 962x153
            RenderTableCell {TD} at (2,117) size 63x23 [border: (1px inset #808080)] [r=0 c=0 rs=2 cs=1]
              RenderText {#text} at (2,2) size 59x19
                text run at (2,2) width 59: "sidebar"
            RenderTableCell {TD} at (67,2) size 893x153 [border: (1px inset #808080)] [r=0 c=1 rs=1 cs=1]
              RenderBlock (anonymous) at (2,2) size 889x120
                RenderImage {IMG} at (0,0) size 459x120
                RenderText {#text} at (0,0) size 0x0
              RenderTable {TABLE} at (2,122) size 459x29 [border: (1px outset #808080)]
                RenderTableSection {TBODY} at (1,1) size 457x27
                  RenderTableRow {TR} at (0,2) size 457x23
                    RenderTableCell {TD} at (2,2) size 453x23 [border: (1px inset #808080)] [r=0 c=0 rs=1 cs=1]
                      RenderText {#text} at (2,2) size 129x19
                        text run at (2,2) width 129: "THIS IS A TABLE"
          RenderTableRow {TR} at (0,157) size 962x99
            RenderTableCell {TD} at (67,157) size 893x99 [border: (1px inset #808080)] [r=1 c=1 rs=1 cs=1]
              RenderText {#text} at (2,2) size 888x95
                text run at (2,2) width 730: "The XML Cover Pages is a comprehensive online reference work for the Extensible Markup "
                text run at (732,2) width 130: "Language (XML)"
                text run at (2,21) width 479: "and its parent, the Standard Generalized Markup Language "
                text run at (481,21) width 334: "(SGML). The reference collection features"
                text run at (2,40) width 263: "extensive documentation on the "
                text run at (265,40) width 551: "application of the open, interoperable \"markup language\" standards,"
                text run at (2,59) width 76: "including "
                text run at (78,59) width 812: "XSL, XSLT, XPath, XQuery, XLink, XPointer, XHTML, HyTime, DSSSL, CSS, SPDL, SVG, CGM, ISO-HTML,"
                text run at (2,78) width 91: "and others."
