layer at (0,0) size 980x735
  RenderView at (0,0) size 980x735
layer at (0,0) size 980x735
  RenderBlock {HTML} at (0,0) size 980x735
    RenderBody {BODY} at (8,8) size 964x719
      RenderTable {TABLE} at (0,0) size 654x238 [border: (1px outset #808080)]
        RenderTableSection {TBODY} at (1,1) size 652x236
          RenderTableRow {TR} at (0,2) size 652x232
            RenderTableCell {TD} at (2,2) size 648x232 [border: (1px inset #808080)] [r=0 c=0 rs=1 cs=6]
              RenderTable {TABLE} at (2,2) size 644x228 [border: (1px outset #808080)]
                RenderTableSection {TBODY} at (1,1) size 642x226
                  RenderTableRow {TR} at (0,2) size 642x23
                    RenderTableCell {TD} at (2,2) size 638x23 [border: (1px inset #808080)] [r=0 c=0 rs=1 cs=1]
                      RenderText {#text} at (2,2) size 26x19
                        text run at (2,2) width 26: "foo"
                  RenderTableRow {TR} at (0,27) size 642x197
                    RenderTableCell {TD} at (2,27) size 638x197 [border: (1px inset #808080)] [r=1 c=0 rs=1 cs=1]
                      RenderTable {TABLE} at (2,2) size 634x193 [border: (1px outset #808080)]
                        RenderTableSection {TBODY} at (1,1) size 632x191
                          RenderTableRow {TR} at (0,2) size 632x47
                            RenderTableCell {TD} at (2,2) size 31x23 [border: (1px inset #808080)] [r=0 c=0 rs=1 cs=1]
                              RenderText {#text} at (2,2) size 27x19
                                text run at (2,2) width 27: "bar"
                            RenderTableCell {TD} at (35,14) size 595x23 [border: (1px inset #808080)] [r=0 c=1 rs=1 cs=1]
                              RenderText {#text} at (283,2) size 29x19
                                text run at (283,2) width 29: "baz"
                          RenderTableRow {TR} at (0,51) size 632x138
                            RenderTableCell {TD} at (2,51) size 31x23 [border: (1px inset #808080)] [r=1 c=0 rs=1 cs=1]
                              RenderText {#text} at (2,2) size 24x19
                                text run at (2,2) width 24: "faz"
                            RenderTableCell {TD} at (35,51) size 595x138 [border: (1px inset #808080)] [r=1 c=1 rs=1 cs=1]
                              RenderTable {TABLE} at (2,2) size 591x134 [border: (1px outset #808080)]
                                RenderTableSection {TBODY} at (1,1) size 589x132
                                  RenderTableRow {TR} at (0,2) size 589x128
                                    RenderTableCell {TD} at (2,2) size 585x128 [border: (1px inset #808080)] [r=0 c=0 rs=1 cs=2]
                                      RenderTable {TABLE} at (2,2) size 581x124 [border: (1px outset #808080)]
                                        RenderTableSection {TBODY} at (1,1) size 579x122
                                          RenderTableRow {TR} at (0,2) size 579x118
                                            RenderTableCell {TD} at (2,2) size 113x23 [border: (1px inset #808080)] [r=0 c=0 rs=1 cs=1]
                                              RenderText {#text} at (2,2) size 27x19
                                                text run at (2,2) width 27: "frip"
                                            RenderTableCell {TD} at (117,2) size 460x118 [border: (1px inset #808080)] [r=0 c=1 rs=1 cs=1]
                                              RenderBlock (anonymous) at (2,2) size 456x19
                                                RenderText {#text} at (140,0) size 176x19
                                                  text run at (140,0) width 176: "Feel free to browse ..."
                                              RenderBlock {P} at (2,37) size 456x0
                                              RenderBlock {CENTER} at (2,37) size 456x79
                                                RenderTable {TABLE} at (91,0) size 273x79 [border: (1px outset #808080)]
                                                  RenderTableSection {TBODY} at (1,1) size 271x77
                                                    RenderTableRow {TR} at (0,2) size 271x23
                                                      RenderTableCell {TD} at (2,2) size 145x23 [border: (1px inset #808080)] [r=0 c=0 rs=1 cs=1]
                                                        RenderInline {A} at (0,0) size 59x19 [color=#551A8B]
                                                          RenderText {#text} at (2,2) size 59x19
                                                            text run at (2,2) width 59: "Holiday"
                                                      RenderTableCell {TD} at (149,2) size 120x23 [border: (1px inset #808080)] [r=0 c=1 rs=1 cs=1]
                                                        RenderInline {A} at (0,0) size 36x19 [color=#551A8B]
                                                          RenderText {#text} at (2,2) size 36x19
                                                            text run at (2,2) width 36: "Cars"
                                                    RenderTableRow {TR} at (0,27) size 271x23
                                                      RenderTableCell {TD} at (2,27) size 145x23 [border: (1px inset #808080)] [r=1 c=0 rs=1 cs=1]
                                                        RenderInline {A} at (0,0) size 51x19 [color=#551A8B]
                                                          RenderText {#text} at (2,2) size 51x19
                                                            text run at (2,2) width 51: "Sports"
                                                      RenderTableCell {TD} at (149,27) size 120x23 [border: (1px inset #808080)] [r=1 c=1 rs=1 cs=1]
                                                        RenderInline {A} at (0,0) size 63x19 [color=#551A8B]
                                                          RenderText {#text} at (2,2) size 63x19
                                                            text run at (2,2) width 63: "Animals"
                                                    RenderTableRow {TR} at (0,52) size 271x23
                                                      RenderTableCell {TD} at (2,52) size 145x23 [border: (1px inset #808080)] [r=2 c=0 rs=1 cs=1]
                                                        RenderInline {A} at (0,0) size 88x19 [color=#551A8B]
                                                          RenderText {#text} at (2,2) size 88x19
                                                            text run at (2,2) width 88: "Computers"
                                                      RenderTableCell {TD} at (149,52) size 120x23 [border: (1px inset #808080)] [r=2 c=1 rs=1 cs=1]
                                                        RenderInline {A} at (0,0) size 72x19 [color=#551A8B]
                                                          RenderText {#text} at (2,2) size 72x19
                                                            text run at (2,2) width 72: "Cartoons"
      RenderBlock (anonymous) at (0,238) size 964x19
        RenderBR {BR} at (0,0) size 0x19
      RenderBlock {P} at (0,273) size 964x57
        RenderText {#text} at (0,0) size 697x19
          text run at (0,0) width 697: "The second (nested) table below has fixed widths 300px, 500px, 200px (outer to inner)."
        RenderBR {BR} at (697,15) size 0x0
        RenderText {#text} at (0,19) size 82x19
          text run at (0,19) width 82: "When the "
        RenderInline {CODE} at (0,0) size 49x15
          RenderText {#text} at (82,22) size 49x15
            text run at (82,22) width 49: "a:hover"
        RenderText {#text} at (131,19) size 144x19
          text run at (131,19) width 144: " for 'Holiday' gets "
        RenderInline {CODE} at (0,0) size 97x15
          RenderText {#text} at (275,22) size 97x15
            text run at (275,22) width 97: "'onMouseOver'"
        RenderText {#text} at (372,19) size 272x19
          text run at (372,19) width 272: ", the outer table reflows to 300px,"
        RenderBR {BR} at (644,34) size 0x0
        RenderText {#text} at (0,38) size 384x19
          text run at (0,38) width 384: "clipping the middle (500px) table in the process."
      RenderTable {TABLE} at (0,346) size 300x29 [border: (1px outset #808080)]
        RenderTableSection {TBODY} at (1,1) size 298x27
          RenderTableRow {TR} at (0,2) size 298x23
            RenderTableCell {TD} at (2,2) size 294x23 [border: (1px inset #808080)] [r=0 c=0 rs=1 cs=1]
              RenderText {#text} at (2,2) size 218x19
                text run at (2,2) width 218: "300px wide for comparison"
      RenderBlock (anonymous) at (0,375) size 964x19
        RenderBR {BR} at (0,0) size 0x19
      RenderTable {TABLE} at (0,394) size 510x49 [border: (1px outset #808080)]
        RenderTableSection {TBODY} at (1,1) size 508x47
          RenderTableRow {TR} at (0,2) size 508x43
            RenderTableCell {TD} at (2,2) size 504x43 [border: (1px inset #808080)] [r=0 c=0 rs=1 cs=1]
              RenderTable {TABLE} at (2,2) size 500x39 [border: (1px outset #808080)]
                RenderTableSection {TBODY} at (1,1) size 498x37
                  RenderTableRow {TR} at (0,2) size 498x33
                    RenderTableCell {TD} at (2,2) size 494x33 [border: (1px inset #808080)] [r=0 c=0 rs=1 cs=1]
                      RenderTable {TABLE} at (2,2) size 200x29 [border: (1px outset #808080)]
                        RenderTableSection {TBODY} at (1,1) size 198x27
                          RenderTableRow {TR} at (0,2) size 198x23
                            RenderTableCell {TD} at (2,2) size 194x23 [border: (1px inset #808080)] [r=0 c=0 rs=1 cs=1]
                              RenderInline {A} at (0,0) size 59x19 [color=#551A8B]
                                RenderText {#text} at (2,2) size 59x19
                                  text run at (2,2) width 59: "Holiday"
