layer at (0,0) size 980x735
  RenderView at (0,0) size 980x735
layer at (0,0) size 980x178
  RenderBlock {HTML} at (0,0) size 980x178
    RenderBody {BODY} at (8,8) size 964x162
      RenderTable {TABLE} at (0,0) size 200x141 [bgcolor=#008000]
        RenderTableSection {TBODY} at (0,0) size 200x141
          RenderTableRow {TR} at (0,60) size 200x21 [bgcolor=#FF0000]
            RenderTableCell {TD} at (60,60) size 80x21 [r=0 c=0 rs=1 cs=1]
              RenderText {#text} at (1,1) size 26x19
                text run at (1,1) width 26: "foo"
      RenderBlock {DIV} at (0,141) size 262x21 [border: (1px solid #000000)]
        RenderText {#text} at (1,1) size 49x19
          text run at (1,1) width 49: "260px"
