layer at (0,0) size 980x735
  RenderView at (0,0) size 980x735
layer at (0,0) size 980x735
  RenderBlock {HTML} at (0,0) size 980x735
    RenderBody {BODY} at (8,8) size 964x719
      RenderTable {TABLE} at (0,0) size 964x719
        RenderTableSection {TBODY} at (0,0) size 964x719
          RenderTableRow {TR} at (0,2) size 964x715
            RenderTableCell {TD} at (2,349) size 960x21 [r=0 c=0 rs=1 cs=1]
              RenderText {#text} at (443,1) size 74x19
                text run at (443,1) width 74: "Centered"
