layer at (0,0) size 980x735
  RenderView at (0,0) size 980x735
layer at (0,0) size 980x735
  RenderBlock {HTML} at (0,0) size 980x735
    RenderBody {BODY} at (8,8) size 964x719 [bgcolor=#FFFFFF]
      RenderTable {TABLE} at (0,0) size 964x117 [border: (1px outset #808080)]
        RenderTableSection {TBODY} at (1,1) size 962x115
          RenderTableRow {TR} at (0,0) size 962x23
            RenderTableCell {TH} at (0,0) size 144x23 [border: (1px inset #808080)] [r=0 c=0 rs=1 cs=1]
              RenderText {#text} at (62,2) size 20x19
                text run at (62,2) width 20: "c1"
            RenderTableCell {TH} at (144,0) size 144x23 [border: (1px inset #808080)] [r=0 c=1 rs=1 cs=1]
              RenderText {#text} at (62,2) size 20x19
                text run at (62,2) width 20: "c2"
            RenderTableCell {TH} at (288,0) size 674x23 [border: (1px inset #808080)] [r=0 c=2 rs=1 cs=1]
              RenderText {#text} at (327,2) size 20x19
                text run at (327,2) width 20: "c4"
          RenderTableRow {TR} at (0,23) size 962x23
            RenderTableCell {TD} at (0,23) size 144x23 [border: (1px inset #808080)] [r=1 c=0 rs=4 cs=1]
              RenderText {#text} at (2,2) size 36x19
                text run at (2,2) width 36: "r1c2"
            RenderTableCell {TD} at (144,23) size 144x23 [border: (1px inset #808080)] [r=1 c=1 rs=2 cs=1]
              RenderText {#text} at (2,2) size 36x19
                text run at (2,2) width 36: "r1c3"
            RenderTableCell {TD} at (288,23) size 674x23 [border: (1px inset #808080)] [r=1 c=2 rs=1 cs=1]
              RenderText {#text} at (2,2) size 36x19
                text run at (2,2) width 36: "r1c4"
          RenderTableRow {TR} at (0,46) size 962x23
            RenderTableCell {TD} at (288,46) size 674x23 [border: (1px inset #808080)] [r=2 c=2 rs=1 cs=1]
              RenderText {#text} at (2,2) size 36x19
                text run at (2,2) width 36: "r2c4"
          RenderTableRow {TR} at (0,69) size 962x23
            RenderTableCell {TD} at (144,80) size 144x23 [border: (1px inset #808080)] [r=3 c=1 rs=2 cs=1]
              RenderText {#text} at (2,2) size 36x19
                text run at (2,2) width 36: "r3c3"
            RenderTableCell {TD} at (288,69) size 674x23 [border: (1px inset #808080)] [r=3 c=2 rs=1 cs=1]
              RenderText {#text} at (2,2) size 36x19
                text run at (2,2) width 36: "r3c4"
          RenderTableRow {TR} at (0,92) size 962x23
            RenderTableCell {TD} at (288,92) size 674x23 [border: (1px inset #808080)] [r=4 c=2 rs=1 cs=1]
              RenderText {#text} at (2,2) size 36x19
                text run at (2,2) width 36: "r4c4"
