layer at (0,0) size 980x735
  RenderView at (0,0) size 980x735
layer at (0,0) size 980x735
  RenderBlock {HTML} at (0,0) size 980x735
    RenderBody {BODY} at (8,8) size 964x719
      RenderTable {TABLE} at (0,0) size 964x231
        RenderTableSection {TBODY} at (0,0) size 964x231
          RenderTableRow {TR} at (0,2) size 964x227
            RenderTableCell {TD} at (2,2) size 127x227 [r=0 c=0 rs=1 cs=1]
              RenderBlock (floating) {DIV} at (1,1) size 15x100 [bgcolor=#0000FF]
                RenderText {#text} at (0,0) size 5x19
                  text run at (0,0) width 5: " "
              RenderImage {IMG} at (1,101) size 125x125
            RenderTableCell {TD} at (131,105) size 831x21 [r=0 c=1 rs=1 cs=1]
              RenderText {#text} at (1,1) size 5x19
                text run at (1,1) width 5: " "
