layer at (0,0) size 980x1510
  RenderView at (0,0) size 980x735
layer at (0,0) size 980x1510
  RenderBlock {HTML} at (0,0) size 980x1510
    RenderBody {BODY} at (8,8) size 964x1494
      RenderTable {TABLE} at (0,0) size 284x498
        RenderTableSection {TBODY} at (0,0) size 284x498
          RenderTableRow {TR} at (0,2) size 284x21
            RenderTableCell {TD} at (2,2) size 280x21 [r=0 c=0 rs=1 cs=1]
              RenderText {#text} at (1,1) size 278x19
                text run at (1,1) width 278: "Occasional height/width on images"
          RenderTableRow {TR} at (0,25) size 284x34
            RenderTableCell {TD} at (2,25) size 280x34 [r=1 c=0 rs=1 cs=1]
              RenderImage {IMG} at (1,1) size 75x32
          RenderTableRow {TR} at (0,61) size 284x24
            RenderTableCell {TD} at (2,61) size 280x24 [r=2 c=0 rs=1 cs=1]
              RenderImage {IMG} at (1,1) size 44x22
          RenderTableRow {TR} at (0,87) size 284x15
            RenderTableCell {TD} at (2,87) size 280x15 [r=3 c=0 rs=1 cs=1]
              RenderImage {IMG} at (1,1) size 89x13
          RenderTableRow {TR} at (0,104) size 284x15
            RenderTableCell {TD} at (2,104) size 280x15 [r=4 c=0 rs=1 cs=1]
              RenderImage {IMG} at (1,1) size 89x13
          RenderTableRow {TR} at (0,121) size 284x31
            RenderTableCell {TD} at (2,121) size 280x31 [r=5 c=0 rs=1 cs=1]
              RenderImage {IMG} at (1,1) size 31x29
          RenderTableRow {TR} at (0,154) size 284x23
            RenderTableCell {TD} at (2,154) size 280x23 [r=6 c=0 rs=1 cs=1]
              RenderImage {IMG} at (1,1) size 62x21
          RenderTableRow {TR} at (0,179) size 284x17
            RenderTableCell {TD} at (2,179) size 280x17 [r=7 c=0 rs=1 cs=1]
              RenderImage {IMG} at (1,1) size 70x15
          RenderTableRow {TR} at (0,198) size 284x28
            RenderTableCell {TD} at (2,198) size 280x28 [r=8 c=0 rs=1 cs=1]
              RenderImage {IMG} at (1,1) size 42x26
          RenderTableRow {TR} at (0,228) size 284x17
            RenderTableCell {TD} at (2,228) size 280x17 [r=9 c=0 rs=1 cs=1]
              RenderImage {IMG} at (1,1) size 84x15
          RenderTableRow {TR} at (0,247) size 284x17
            RenderTableCell {TD} at (2,247) size 280x17 [r=10 c=0 rs=1 cs=1]
              RenderImage {IMG} at (1,1) size 90x15
          RenderTableRow {TR} at (0,266) size 284x34
            RenderTableCell {TD} at (2,266) size 280x34 [r=11 c=0 rs=1 cs=1]
              RenderImage {IMG} at (1,1) size 59x32
          RenderTableRow {TR} at (0,302) size 284x17
            RenderTableCell {TD} at (2,302) size 280x17 [r=12 c=0 rs=1 cs=1]
              RenderImage {IMG} at (1,1) size 90x15
          RenderTableRow {TR} at (0,321) size 284x17
            RenderTableCell {TD} at (2,321) size 280x17 [r=13 c=0 rs=1 cs=1]
              RenderImage {IMG} at (1,1) size 90x15
          RenderTableRow {TR} at (0,340) size 284x21
            RenderTableCell {TD} at (2,340) size 280x21 [r=14 c=0 rs=1 cs=1]
              RenderImage {IMG} at (1,1) size 83x19
          RenderTableRow {TR} at (0,363) size 284x33
            RenderTableCell {TD} at (2,363) size 280x33 [r=15 c=0 rs=1 cs=1]
              RenderImage {IMG} at (1,1) size 54x31
          RenderTableRow {TR} at (0,398) size 284x27
            RenderTableCell {TD} at (2,398) size 280x27 [r=16 c=0 rs=1 cs=1]
              RenderImage {IMG} at (1,1) size 56x25
          RenderTableRow {TR} at (0,427) size 284x17
            RenderTableCell {TD} at (2,427) size 280x17 [r=17 c=0 rs=1 cs=1]
              RenderImage {IMG} at (1,1) size 53x15
          RenderTableRow {TR} at (0,446) size 284x31
            RenderTableCell {TD} at (2,446) size 280x31 [r=18 c=0 rs=1 cs=1]
              RenderImage {IMG} at (1,1) size 31x29
          RenderTableRow {TR} at (0,479) size 284x17
            RenderTableCell {TD} at (2,479) size 280x17 [r=19 c=0 rs=1 cs=1]
              RenderImage {IMG} at (1,1) size 53x15
      RenderTable {TABLE} at (0,498) size 333x498
        RenderTableSection {TBODY} at (0,0) size 333x498
          RenderTableRow {TR} at (0,2) size 333x21
            RenderTableCell {TD} at (2,2) size 329x21 [r=0 c=0 rs=1 cs=1]
              RenderText {#text} at (1,1) size 327x19
                text run at (1,1) width 327: "Images with height/width never specified"
          RenderTableRow {TR} at (0,25) size 333x34
            RenderTableCell {TD} at (2,25) size 329x34 [r=1 c=0 rs=1 cs=1]
              RenderImage {IMG} at (1,1) size 75x32
          RenderTableRow {TR} at (0,61) size 333x24
            RenderTableCell {TD} at (2,61) size 329x24 [r=2 c=0 rs=1 cs=1]
              RenderImage {IMG} at (1,1) size 44x22
          RenderTableRow {TR} at (0,87) size 333x15
            RenderTableCell {TD} at (2,87) size 329x15 [r=3 c=0 rs=1 cs=1]
              RenderImage {IMG} at (1,1) size 89x13
          RenderTableRow {TR} at (0,104) size 333x15
            RenderTableCell {TD} at (2,104) size 329x15 [r=4 c=0 rs=1 cs=1]
              RenderImage {IMG} at (1,1) size 89x13
          RenderTableRow {TR} at (0,121) size 333x31
            RenderTableCell {TD} at (2,121) size 329x31 [r=5 c=0 rs=1 cs=1]
              RenderImage {IMG} at (1,1) size 31x29
          RenderTableRow {TR} at (0,154) size 333x23
            RenderTableCell {TD} at (2,154) size 329x23 [r=6 c=0 rs=1 cs=1]
              RenderImage {IMG} at (1,1) size 62x21
          RenderTableRow {TR} at (0,179) size 333x17
            RenderTableCell {TD} at (2,179) size 329x17 [r=7 c=0 rs=1 cs=1]
              RenderImage {IMG} at (1,1) size 70x15
          RenderTableRow {TR} at (0,198) size 333x28
            RenderTableCell {TD} at (2,198) size 329x28 [r=8 c=0 rs=1 cs=1]
              RenderImage {IMG} at (1,1) size 42x26
          RenderTableRow {TR} at (0,228) size 333x17
            RenderTableCell {TD} at (2,228) size 329x17 [r=9 c=0 rs=1 cs=1]
              RenderImage {IMG} at (1,1) size 84x15
          RenderTableRow {TR} at (0,247) size 333x17
            RenderTableCell {TD} at (2,247) size 329x17 [r=10 c=0 rs=1 cs=1]
              RenderImage {IMG} at (1,1) size 90x15
          RenderTableRow {TR} at (0,266) size 333x34
            RenderTableCell {TD} at (2,266) size 329x34 [r=11 c=0 rs=1 cs=1]
              RenderImage {IMG} at (1,1) size 59x32
          RenderTableRow {TR} at (0,302) size 333x17
            RenderTableCell {TD} at (2,302) size 329x17 [r=12 c=0 rs=1 cs=1]
              RenderImage {IMG} at (1,1) size 90x15
          RenderTableRow {TR} at (0,321) size 333x17
            RenderTableCell {TD} at (2,321) size 329x17 [r=13 c=0 rs=1 cs=1]
              RenderImage {IMG} at (1,1) size 90x15
          RenderTableRow {TR} at (0,340) size 333x21
            RenderTableCell {TD} at (2,340) size 329x21 [r=14 c=0 rs=1 cs=1]
              RenderImage {IMG} at (1,1) size 83x19
          RenderTableRow {TR} at (0,363) size 333x33
            RenderTableCell {TD} at (2,363) size 329x33 [r=15 c=0 rs=1 cs=1]
              RenderImage {IMG} at (1,1) size 54x31
          RenderTableRow {TR} at (0,398) size 333x27
            RenderTableCell {TD} at (2,398) size 329x27 [r=16 c=0 rs=1 cs=1]
              RenderImage {IMG} at (1,1) size 56x25
          RenderTableRow {TR} at (0,427) size 333x17
            RenderTableCell {TD} at (2,427) size 329x17 [r=17 c=0 rs=1 cs=1]
              RenderImage {IMG} at (1,1) size 53x15
          RenderTableRow {TR} at (0,446) size 333x31
            RenderTableCell {TD} at (2,446) size 329x31 [r=18 c=0 rs=1 cs=1]
              RenderImage {IMG} at (1,1) size 31x29
          RenderTableRow {TR} at (0,479) size 333x17
            RenderTableCell {TD} at (2,479) size 329x17 [r=19 c=0 rs=1 cs=1]
              RenderImage {IMG} at (1,1) size 53x15
      RenderTable {TABLE} at (0,996) size 341x498
        RenderTableSection {TBODY} at (0,0) size 341x498
          RenderTableRow {TR} at (0,2) size 341x21
            RenderTableCell {TD} at (2,2) size 337x21 [r=0 c=0 rs=1 cs=1]
              RenderText {#text} at (1,1) size 335x19
                text run at (1,1) width 335: "Images with height/width always specified"
          RenderTableRow {TR} at (0,25) size 341x34
            RenderTableCell {TD} at (2,25) size 337x34 [r=1 c=0 rs=1 cs=1]
              RenderImage {IMG} at (1,1) size 75x32
          RenderTableRow {TR} at (0,61) size 341x24
            RenderTableCell {TD} at (2,61) size 337x24 [r=2 c=0 rs=1 cs=1]
              RenderImage {IMG} at (1,1) size 44x22
          RenderTableRow {TR} at (0,87) size 341x15
            RenderTableCell {TD} at (2,87) size 337x15 [r=3 c=0 rs=1 cs=1]
              RenderImage {IMG} at (1,1) size 89x13
          RenderTableRow {TR} at (0,104) size 341x15
            RenderTableCell {TD} at (2,104) size 337x15 [r=4 c=0 rs=1 cs=1]
              RenderImage {IMG} at (1,1) size 89x13
          RenderTableRow {TR} at (0,121) size 341x31
            RenderTableCell {TD} at (2,121) size 337x31 [r=5 c=0 rs=1 cs=1]
              RenderImage {IMG} at (1,1) size 31x29
          RenderTableRow {TR} at (0,154) size 341x23
            RenderTableCell {TD} at (2,154) size 337x23 [r=6 c=0 rs=1 cs=1]
              RenderImage {IMG} at (1,1) size 62x21
          RenderTableRow {TR} at (0,179) size 341x17
            RenderTableCell {TD} at (2,179) size 337x17 [r=7 c=0 rs=1 cs=1]
              RenderImage {IMG} at (1,1) size 70x15
          RenderTableRow {TR} at (0,198) size 341x28
            RenderTableCell {TD} at (2,198) size 337x28 [r=8 c=0 rs=1 cs=1]
              RenderImage {IMG} at (1,1) size 42x26
          RenderTableRow {TR} at (0,228) size 341x17
            RenderTableCell {TD} at (2,228) size 337x17 [r=9 c=0 rs=1 cs=1]
              RenderImage {IMG} at (1,1) size 84x15
          RenderTableRow {TR} at (0,247) size 341x17
            RenderTableCell {TD} at (2,247) size 337x17 [r=10 c=0 rs=1 cs=1]
              RenderImage {IMG} at (1,1) size 90x15
          RenderTableRow {TR} at (0,266) size 341x34
            RenderTableCell {TD} at (2,266) size 337x34 [r=11 c=0 rs=1 cs=1]
              RenderImage {IMG} at (1,1) size 59x32
          RenderTableRow {TR} at (0,302) size 341x17
            RenderTableCell {TD} at (2,302) size 337x17 [r=12 c=0 rs=1 cs=1]
              RenderImage {IMG} at (1,1) size 90x15
          RenderTableRow {TR} at (0,321) size 341x17
            RenderTableCell {TD} at (2,321) size 337x17 [r=13 c=0 rs=1 cs=1]
              RenderImage {IMG} at (1,1) size 90x15
          RenderTableRow {TR} at (0,340) size 341x21
            RenderTableCell {TD} at (2,340) size 337x21 [r=14 c=0 rs=1 cs=1]
              RenderImage {IMG} at (1,1) size 83x19
          RenderTableRow {TR} at (0,363) size 341x33
            RenderTableCell {TD} at (2,363) size 337x33 [r=15 c=0 rs=1 cs=1]
              RenderImage {IMG} at (1,1) size 54x31
          RenderTableRow {TR} at (0,398) size 341x27
            RenderTableCell {TD} at (2,398) size 337x27 [r=16 c=0 rs=1 cs=1]
              RenderImage {IMG} at (1,1) size 56x25
          RenderTableRow {TR} at (0,427) size 341x17
            RenderTableCell {TD} at (2,427) size 337x17 [r=17 c=0 rs=1 cs=1]
              RenderImage {IMG} at (1,1) size 53x15
          RenderTableRow {TR} at (0,446) size 341x31
            RenderTableCell {TD} at (2,446) size 337x31 [r=18 c=0 rs=1 cs=1]
              RenderImage {IMG} at (1,1) size 31x29
          RenderTableRow {TR} at (0,479) size 341x17
            RenderTableCell {TD} at (2,479) size 337x17 [r=19 c=0 rs=1 cs=1]
              RenderImage {IMG} at (1,1) size 53x15
