layer at (0,0) size 980x735
  RenderView at (0,0) size 980x735
layer at (0,0) size 980x735
  RenderBlock {HTML} at (0,0) size 980x735
    RenderBody {BODY} at (8,8) size 964x719 [bgcolor=#FFFFFF]
      RenderInline {A} at (0,0) size 76x19 [color=#0000EE]
        RenderText {#text} at (0,0) size 76x19
          text run at (0,0) width 76: "Hide Blue"
      RenderText {#text} at (76,0) size 15x19
        text run at (76,0) width 15: "   "
      RenderInline {A} at (0,0) size 83x19 [color=#0000EE]
        RenderText {#text} at (91,0) size 83x19
          text run at (91,0) width 83: "Show Blue"
      RenderText {#text} at (174,0) size 15x19
        text run at (174,0) width 15: "   "
      RenderBR {BR} at (0,0) size 0x0
      RenderText {#text} at (0,19) size 233x19
        text run at (0,19) width 233: "Should not see the blue table"
      RenderBR {BR} at (233,34) size 0x0
      RenderBR {BR} at (0,38) size 0x19
