layer at (0,0) size 980x735
  RenderView at (0,0) size 980x735
layer at (0,0) size 980x735
  RenderBlock {HTML} at (0,0) size 980x735
    RenderBody {BODY} at (8,8) size 964x719 [bgcolor=#FFFFFF]
      RenderBlock (anonymous) at (0,0) size 964x19
        RenderText {#text} at (0,0) size 256x19
          text run at (0,0) width 256: "both tables should look identical"
      RenderTable {TABLE} at (0,19) size 55x47 [border: (1px outset #808080)]
        RenderTableSection {TBODY} at (1,1) size 53x45
          RenderTableRow {TR} at (0,2) size 53x41
            RenderTableCell {TD} at (2,2) size 49x41 [border: (1px inset #808080)] [r=0 c=0 rs=1 cs=1]
              RenderText {#text} at (11,11) size 27x19
                text run at (11,11) width 27: "cell"
      RenderTable {TABLE} at (0,66) size 55x47 [border: (1px outset #808080)]
        RenderTableSection {TBODY} at (1,1) size 53x45
          RenderTableRow {TR} at (0,2) size 53x41
            RenderTableCell {TD} at (2,2) size 49x41 [border: (1px inset #808080)] [r=0 c=0 rs=1 cs=1]
              RenderText {#text} at (11,11) size 27x19
                text run at (11,11) width 27: "cell"
