layer at (0,0) size 980x735
  RenderView at (0,0) size 980x735
layer at (0,0) size 980x135
  RenderBlock {HTML} at (0,0) size 980x135
    RenderBody {BODY} at (8,21) size 964x106
      RenderBlock {H1} at (0,0) size 964x37
        RenderText {#text} at (0,0) size 467x38
          text run at (0,0) width 467: "insertCell() bugs, 0 based"
      RenderTable {TABLE} at (0,58) size 964x48 [border: (1px outset #808080)]
        RenderTableSection {TBODY} at (1,1) size 962x46
          RenderTableRow {TR} at (0,2) size 962x42
            RenderTableCell {TD} at (2,2) size 158x42 [border: (1px inset #808080)] [r=0 c=0 rs=1 cs=1]
              RenderText {#text} at (2,2) size 149x38
                text run at (2,2) width 149: "This is cell number"
                text run at (2,21) width 15: "0."
            RenderTableCell {TD} at (162,2) size 158x42 [border: (1px inset #808080)] [r=0 c=1 rs=1 cs=1]
              RenderText {#text} at (2,2) size 149x38
                text run at (2,2) width 149: "This is cell number"
                text run at (2,21) width 15: "1."
            RenderTableCell {TD} at (322,2) size 158x42 [border: (1px inset #808080)] [r=0 c=2 rs=1 cs=1]
              RenderText {#text} at (2,2) size 149x38
                text run at (2,2) width 149: "This is cell number"
                text run at (2,21) width 15: "2."
            RenderTableCell {TD} at (482,2) size 158x42 [border: (1px inset #808080)] [r=0 c=3 rs=1 cs=1]
              RenderText {#text} at (2,2) size 149x38
                text run at (2,2) width 149: "This is cell number"
                text run at (2,21) width 15: "3."
            RenderTableCell {TD} at (642,2) size 158x42 [border: (1px inset #808080)] [r=0 c=4 rs=1 cs=1]
              RenderText {#text} at (2,2) size 149x38
                text run at (2,2) width 149: "This is cell number"
                text run at (2,21) width 15: "4."
            RenderTableCell {TD} at (802,2) size 158x42 [border: (1px inset #808080)] [r=0 c=5 rs=1 cs=1]
              RenderText {#text} at (2,2) size 149x38
                text run at (2,2) width 149: "This is cell number"
                text run at (2,21) width 15: "5."
