layer at (0,0) size 1068x735
  RenderView at (0,0) size 980x735
layer at (0,0) size 980x735
  RenderBlock {HTML} at (0,0) size 980x735
    RenderBody {BODY} at (8,8) size 964x719
      RenderTable {TABLE} at (0,0) size 1060x162 [border: (2px solid #0000FF)]
        RenderTableSection {TBODY} at (2,2) size 1056x158
          RenderTableRow {TR} at (0,2) size 1056x154
            RenderTableCell {TD} at (2,2) size 240x154 [border: (1px solid #C0C0C0)] [r=0 c=0 rs=1 cs=1]
              RenderTable {TABLE} at (2,2) size 236x150 [border: (2px solid #008000)]
                RenderTableSection {TBODY} at (2,2) size 232x146
                  RenderTableRow {TR} at (0,2) size 232x95
                    RenderTableCell {TD} at (2,2) size 228x95 [border: (1px solid #C0C0C0)] [r=0 c=0 rs=1 cs=1]
                      RenderTable {TABLE} at (2,2) size 187x41 [border: (2px solid #FF0000)]
                        RenderTableSection {TBODY} at (2,2) size 183x37
                          RenderTableRow {TR} at (0,2) size 183x33
                            RenderTableCell {TD} at (2,2) size 179x33 [border: (1px solid #C0C0C0)] [r=0 c=0 rs=1 cs=1]
                              RenderTextControl {INPUT} at (4,4) size 171x25 [bgcolor=#FFFFFF]
                              RenderText {#text} at (0,0) size 0x0
                      RenderTable {TABLE} at (2,43) size 224x50 [border: (2px solid #FF0000)]
                        RenderTableSection {TBODY} at (2,2) size 220x46
                          RenderTableRow {TR} at (0,2) size 220x42
                            RenderTableCell {TD} at (2,2) size 216x42 [border: (1px solid #C0C0C0)] [r=0 c=0 rs=1 cs=1]
                              RenderText {#text} at (2,2) size 206x38
                                text run at (2,2) width 206: "THIS TABLE NEEDS TO BE"
                                text run at (2,21) width 43: "HERE"
                  RenderTableRow {TR} at (0,99) size 232x45
                    RenderTableCell {TD} at (2,99) size 228x45 [border: (1px solid #C0C0C0)] [r=1 c=0 rs=1 cs=1]
                      RenderTable {TABLE} at (2,2) size 224x41 [border: (2px solid #FF0000)]
                        RenderTableSection {TBODY} at (2,2) size 220x37
                          RenderTableRow {TR} at (0,2) size 220x33
                            RenderTableCell {TD} at (2,2) size 216x33 [border: (1px solid #C0C0C0)] [r=0 c=0 rs=1 cs=1]
                              RenderMenuList {SELECT} at (4,4) size 208x25 [bgcolor=#FFFFFF]
                                RenderBlock (anonymous) at (6,5) size 180x15
                                  RenderText at (0,0) size 180x15
                                    text run at (0,0) width 180: "USE THIS JAVASCRIPT HERE"
                              RenderText {#text} at (0,0) size 0x0
            RenderTableCell {TD} at (244,2) size 810x42 [border: (1px solid #C0C0C0)] [r=0 c=1 rs=1 cs=1]
              RenderText {#text} at (2,2) size 806x38
                text run at (2,2) width 806: "KEEPoTHEoTEXToHEREoASoLONGoASoPOSSIBLEooKEEPoTHEoTEXToHEREoASoLONGoASoPOSSIBLE"
                text run at (2,21) width 634: "THIS SIMULATES THE PROBLEM ON THE WWW.MAPBLAST.COM/ \"CREATE MAP\""
layer at (32,34) size 164x15
  RenderBlock {DIV} at (4,6) size 164x15
    RenderText {#text} at (0,0) size 159x15
      text run at (0,0) width 159: "THIS NEEDS THIS VALUE"
