layer at (0,0) size 980x735
  RenderView at (0,0) size 980x735
layer at (0,0) size 980x735
  RenderBlock {HTML} at (0,0) size 980x735
    RenderBody {BODY} at (8,8) size 964x719
      RenderBlock (anonymous) at (0,0) size 964x19
        RenderText {#text} at (0,0) size 138x19
          text run at (0,0) width 138: "table height=200"
      RenderTable {TABLE} at (0,19) size 135x200 [border: (1px outset #808080)]
        RenderTableSection {TBODY} at (1,1) size 133x198
          RenderTableRow {TR} at (0,2) size 133x156
            RenderTableCell {TD} at (2,68) size 129x23 [border: (1px inset #808080)] [r=0 c=0 rs=1 cs=1]
              RenderText {#text} at (2,2) size 125x19
                text run at (2,2) width 125: "80% height row"
          RenderTableRow {TR} at (0,160) size 133x36
            RenderTableCell {TD} at (2,166) size 129x23 [border: (1px inset #808080)] [r=1 c=0 rs=1 cs=1]
              RenderText {#text} at (2,2) size 125x19
                text run at (2,2) width 125: "80% height row"
      RenderBlock (anonymous) at (0,219) size 964x38
        RenderBR {BR} at (0,0) size 0x19
        RenderText {#text} at (0,19) size 138x19
          text run at (0,19) width 138: "table height=200"
      RenderTable {TABLE} at (0,257) size 130x306 [border: (1px outset #808080)]
        RenderTableSection {TBODY} at (1,1) size 128x304
          RenderTableRow {TR} at (0,2) size 128x300
            RenderTableCell {TD} at (2,140) size 124x23 [border: (1px inset #808080)] [r=0 c=0 rs=1 cs=1]
              RenderText {#text} at (2,2) size 120x19
                text run at (2,2) width 120: "400 height row"
