layer at (0,0) size 980x735
  RenderView at (0,0) size 980x735
layer at (0,0) size 980x735
  RenderBlock {HTML} at (0,0) size 980x735
    RenderBody {BODY} at (8,8) size 964x719
      RenderTable {TABLE} at (0,0) size 127x54 [border: (1px solid #FF0000)]
        RenderTableSection {TBODY} at (1,1) size 125x52
          RenderTableRow {TR} at (0,2) size 125x23
            RenderTableCell {TD} at (2,2) size 37x23 [border: (1px solid #008000)] [r=0 c=0 rs=1 cs=1]
              RenderText {#text} at (2,2) size 30x19
                text run at (2,2) width 30: "one"
            RenderTableCell {TD} at (41,2) size 33x23 [border: (1px solid #FF0000)] [r=0 c=1 rs=1 cs=1]
              RenderText {#text} at (2,2) size 29x19
                text run at (2,2) width 29: "two"
            RenderTableCell {TD} at (76,2) size 47x23 [border: (1px solid #0000FF)] [r=0 c=2 rs=1 cs=1]
              RenderText {#text} at (2,2) size 43x19
                text run at (2,2) width 43: "three"
          RenderTableRow {TR} at (0,27) size 125x23
            RenderTableCell {TD} at (2,27) size 37x23 [border: (1px solid #008000)] [r=1 c=0 rs=1 cs=1]
              RenderText {#text} at (2,2) size 33x19
                text run at (2,2) width 33: "four"
            RenderTableCell {TD} at (41,27) size 33x23 [border: (1px solid #FFFF00)] [r=1 c=1 rs=1 cs=1]
              RenderText {#text} at (2,2) size 29x19
                text run at (2,2) width 29: "five"
            RenderTableCell {TD} at (76,27) size 47x23 [border: (1px solid #FFA500)] [r=1 c=2 rs=1 cs=1]
              RenderText {#text} at (2,2) size 21x19
                text run at (2,2) width 21: "six"
      RenderBlock (anonymous) at (0,54) size 964x19
        RenderBR {BR} at (0,0) size 0x19
      RenderTable {TABLE} at (0,73) size 127x54 [border: (1px solid #FF0000)]
        RenderTableSection {TBODY} at (1,1) size 125x52
          RenderTableRow {TR} at (0,2) size 125x23
            RenderTableCell {TD} at (2,2) size 37x23 [border: (1px solid #008000)] [r=0 c=0 rs=1 cs=1]
              RenderText {#text} at (2,2) size 30x19
                text run at (2,2) width 30: "one"
            RenderTableCell {TD} at (41,2) size 33x23 [border: (1px solid #FF0000)] [r=0 c=1 rs=1 cs=1]
              RenderText {#text} at (2,2) size 29x19
                text run at (2,2) width 29: "two"
            RenderTableCell {TD} at (76,2) size 47x23 [border: (1px solid #0000FF)] [r=0 c=2 rs=1 cs=1]
              RenderText {#text} at (2,2) size 43x19
                text run at (2,2) width 43: "three"
          RenderTableRow {TR} at (0,27) size 125x23
            RenderTableCell {TD} at (2,27) size 37x23 [border: (1px solid #008000)] [r=1 c=0 rs=1 cs=1]
              RenderText {#text} at (2,2) size 33x19
                text run at (2,2) width 33: "four"
            RenderTableCell {TD} at (41,27) size 33x23 [border: (1px solid #FFFF00)] [r=1 c=1 rs=1 cs=1]
              RenderText {#text} at (2,2) size 29x19
                text run at (2,2) width 29: "five"
            RenderTableCell {TD} at (76,27) size 47x23 [border: (1px solid #FFA500)] [r=1 c=2 rs=1 cs=1]
              RenderText {#text} at (2,2) size 21x19
                text run at (2,2) width 21: "six"
      RenderBlock (anonymous) at (0,127) size 964x38
        RenderBR {BR} at (0,0) size 0x19
        RenderText {#text} at (0,19) size 291x19
          text run at (0,19) width 291: "should be 2px solid red around table"
      RenderTable {TABLE} at (0,165) size 84x31 [border: (2px solid #FF0000)]
        RenderTableSection {TBODY} at (2,2) size 80x27
          RenderTableRow {TR} at (0,2) size 80x23
            RenderTableCell {TD} at (2,2) size 37x23 [border: (1px inset #FF0000)] [r=0 c=0 rs=1 cs=1]
              RenderText {#text} at (2,2) size 33x19
                text run at (2,2) width 33: "One"
            RenderTableCell {TD} at (41,2) size 37x23 [border: (1px inset #FF0000)] [r=0 c=1 rs=1 cs=1]
              RenderText {#text} at (2,2) size 33x19
                text run at (2,2) width 33: "Two"
      RenderBlock (anonymous) at (0,196) size 964x38
        RenderBR {BR} at (0,0) size 0x19
        RenderText {#text} at (0,19) size 328x19
          text run at (0,19) width 328: "should be medium solid red around table"
      RenderTable {TABLE} at (0,234) size 86x33 [border: (3px solid #FF0000)]
        RenderTableSection {TBODY} at (3,3) size 80x27
          RenderTableRow {TR} at (0,2) size 80x23
            RenderTableCell {TD} at (2,2) size 37x23 [border: (1px inset #FF0000)] [r=0 c=0 rs=1 cs=1]
              RenderText {#text} at (2,2) size 33x19
                text run at (2,2) width 33: "One"
            RenderTableCell {TD} at (41,2) size 37x23 [border: (1px inset #FF0000)] [r=0 c=1 rs=1 cs=1]
              RenderText {#text} at (2,2) size 33x19
                text run at (2,2) width 33: "Two"
