layer at (0,0) size 980x735
  RenderView at (0,0) size 980x735
layer at (0,0) size 980x735
  RenderBlock {HTML} at (0,0) size 980x735
    RenderBody {BODY} at (8,8) size 964x719
      RenderTable {TABLE} at (0,0) size 964x289 [border: (4px solid #0000FF)]
        RenderTableSection {TBODY} at (4,4) size 956x281
          RenderTableRow {TR} at (0,2) size 956x277
            RenderTableCell {TD} at (2,2) size 751x115 [border: (1px solid #0000FF)] [r=0 c=0 rs=1 cs=1]
              RenderTable {TABLE} at (2,2) size 747x111 [border: (4px solid #008000)]
                RenderTableSection {TBODY} at (4,4) size 739x103
                  RenderTableRow {TR} at (0,2) size 739x99
                    RenderTableCell {TD} at (2,2) size 735x99 [border: (1px solid #008000)] [r=0 c=0 rs=1 cs=1]
                      RenderText {#text} at (2,2) size 719x95
                        text run at (2,2) width 719: "this is a bunch of text. this is a bunch of text. this is a bunch of text. this is a bunch of text."
                        text run at (2,21) width 719: "this is a bunch of text. this is a bunch of text. this is a bunch of text. this is a bunch of text."
                        text run at (2,40) width 719: "this is a bunch of text. this is a bunch of text. this is a bunch of text. this is a bunch of text."
                        text run at (2,59) width 719: "this is a bunch of text. this is a bunch of text. this is a bunch of text. this is a bunch of text."
                        text run at (2,78) width 357: "this is a bunch of text. this is a bunch of text."
            RenderTableCell {TD} at (755,2) size 199x277 [border: (1px solid #0000FF)] [r=0 c=1 rs=1 cs=1]
              RenderTable {TABLE} at (2,2) size 195x273 [border: (4px solid #008000)]
                RenderTableSection {TBODY} at (4,4) size 187x265
                  RenderTableRow {TR} at (0,2) size 187x261
                    RenderTableCell {TD} at (2,2) size 183x261 [border: (1px solid #008000)] [r=0 c=0 rs=1 cs=1]
                      RenderBlock (anonymous) at (2,2) size 179x19
                        RenderText {#text} at (0,0) size 147x19
                          text run at (0,0) width 147: "this cell is nowrap."
                      RenderTable {TABLE} at (2,21) size 179x238 [border: (4px solid #FF0000)]
                        RenderTableSection {TBODY} at (4,4) size 171x230
                          RenderTableRow {TR} at (0,2) size 171x226
                            RenderTableCell {TD} at (2,2) size 167x226 [border: (1px solid #FF0000)] [r=0 c=0 rs=1 cs=1]
                              RenderBlock (anonymous) at (2,2) size 163x57
                                RenderText {#text} at (0,0) size 147x57
                                  text run at (0,0) width 147: "this text is in a cell"
                                  text run at (0,19) width 81: "of a table,"
                                  text run at (0,38) width 113: "contained in a"
                              RenderBlock {P} at (2,75) size 163x19
                                RenderInline {B} at (0,0) size 162x19
                                  RenderText {#text} at (0,0) size 162x19
                                    text run at (0,0) width 162: "cell with NOWRAP"
                              RenderBlock (anonymous) at (2,110) size 163x114
                                RenderText {#text} at (0,0) size 154x114
                                  text run at (0,0) width 152: "but this text should"
                                  text run at (0,19) width 51: "wrap! "
                                  text run at (51,19) width 103: "only the bold"
                                  text run at (0,38) width 119: "text should not"
                                  text run at (0,57) width 134: "wrap be cause is"
                                  text run at (0,76) width 128: "contained in a P"
                                  text run at (0,95) width 114: "that's nowrap."
      RenderBlock (anonymous) at (0,289) size 964x38
        RenderBR {BR} at (0,0) size 0x19
        RenderText {#text} at (0,19) size 416x19
          text run at (0,19) width 416: "Tables have a thick border, cells have a thin border."
