layer at (0,0) size 980x735
  RenderView at (0,0) size 980x735
layer at (0,0) size 980x735
  RenderBlock {HTML} at (0,0) size 980x735
    RenderBody {BODY} at (8,8) size 964x719 [bgcolor=#FFFFFF]
      RenderBlock (anonymous) at (0,0) size 964x19
        RenderText {#text} at (0,0) size 591x19
          text run at (0,0) width 591: "the purple text input control must be in the same line with the grey image"
      RenderTable {TABLE} at (0,19) size 310x45
        RenderTableSection {TBODY} at (0,0) size 310x45
          RenderTableRow {TR} at (0,2) size 310x41
            RenderTableCell {TD} at (2,2) size 306x41 [bgcolor=#CCDDFF] [border: (1px solid #000000)] [r=0 c=0 rs=1 cs=1]
              RenderTextControl {INPUT} at (3,17) size 170x21 [bgcolor=#CCAAFF] [border: (2px inset #000000)]
              RenderImage {IMG} at (176,4) size 126x26 [bgcolor=#C0C0C0] [border: (1px solid #000000)]
layer at (16,49) size 164x15
  RenderBlock {DIV} at (3,3) size 164x15
