layer at (0,0) size 980x735
  RenderView at (0,0) size 980x735
layer at (0,0) size 980x735
  RenderBlock {HTML} at (0,0) size 980x735
    RenderBody {BODY} at (8,8) size 964x719 [bgcolor=#FFFFFF]
      RenderTable {TABLE} at (0,0) size 91x29
        RenderTableSection {TBODY} at (0,0) size 91x29
          RenderTableRow {TR} at (0,5) size 91x19
            RenderTableCell {TD} at (5,5) size 35x19 [r=0 c=0 rs=1 cs=1]
              RenderText {#text} at (0,0) size 35x19
                text run at (0,0) width 35: "Blah"
            RenderTableCell {TD} at (45,14) size 1x0 [bgcolor=#000000] [r=0 c=1 rs=1 cs=1]
              RenderInline {SPACER} at (0,0) size 0x0
            RenderTableCell {TD} at (51,5) size 35x19 [r=0 c=2 rs=1 cs=1]
              RenderText {#text} at (0,0) size 35x19
                text run at (0,0) width 35: "Blah"
      RenderBlock (anonymous) at (0,29) size 964x19
        RenderBR {BR} at (0,0) size 0x19
