layer at (0,0) size 2410x735
  RenderView at (0,0) size 980x735
layer at (0,0) size 980x735
  RenderBlock {HTML} at (0,0) size 980x735
    RenderBody {BODY} at (8,8) size 964x719
      RenderBlock (anonymous) at (0,0) size 964x19
        RenderBR {BR} at (0,0) size 0x19
      RenderTable {TABLE} at (0,19) size 324x61 [border: (1px outset #808080)]
        RenderTableSection {TBODY} at (1,1) size 322x59
          RenderTableRow {TR} at (0,0) size 322x59
            RenderTableCell {TD} at (0,0) size 322x59 [border: (1px inset #808080)] [r=0 c=0 rs=1 cs=1]
              RenderText {#text} at (1,1) size 317x57
                text run at (1,1) width 317: "Hotmail's Junk Mail spreading effort just"
                text run at (1,20) width 91: "got better! "
                text run at (92,20) width 224: "Now you can choose from 3"
                text run at (1,39) width 149: "levels of junk mail!"
      RenderBlock (anonymous) at (0,80) size 964x76
        RenderBR {BR} at (0,0) size 0x19
        RenderBR {BR} at (0,19) size 0x19
        RenderText {#text} at (0,38) size 558x19
          text run at (0,38) width 558: "the next table must overrun the visible part of the view (width=2400) "
        RenderBR {BR} at (0,0) size 0x0
        RenderBR {BR} at (0,57) size 0x19
      RenderTable {TABLE} at (0,156) size 2402x80 [border: (1px outset #808080)]
        RenderTableSection {TBODY} at (1,1) size 2400x78
          RenderTableRow {TR} at (0,0) size 2400x78
            RenderTableCell {TD} at (0,0) size 2400x78 [border: (1px inset #808080)] [r=0 c=0 rs=1 cs=1]
              RenderText {#text} at (1,1) size 2383x76
                text run at (1,1) width 413: "Hotmail's Junk Mail spreading effort just got better! "
                text run at (414,1) width 383: "Now you can choose from 3 levels of junk mail! "
                text run at (797,1) width 413: "Hotmail's Junk Mail spreading effort just got better! "
                text run at (1210,1) width 383: "Now you can choose from 3 levels of junk mail! "
                text run at (1593,1) width 413: "Hotmail's Junk Mail spreading effort just got better! "
                text run at (2006,1) width 378: "Now you can choose from 3 levels of junk mail!"
                text run at (1,20) width 413: "Hotmail's Junk Mail spreading effort just got better! "
                text run at (414,20) width 383: "Now you can choose from 3 levels of junk mail! "
                text run at (797,20) width 413: "Hotmail's Junk Mail spreading effort just got better! "
                text run at (1210,20) width 383: "Now you can choose from 3 levels of junk mail! "
                text run at (1593,20) width 413: "Hotmail's Junk Mail spreading effort just got better! "
                text run at (2006,20) width 378: "Now you can choose from 3 levels of junk mail!"
                text run at (1,39) width 413: "Hotmail's Junk Mail spreading effort just got better! "
                text run at (414,39) width 383: "Now you can choose from 3 levels of junk mail! "
                text run at (797,39) width 413: "Hotmail's Junk Mail spreading effort just got better! "
                text run at (1210,39) width 383: "Now you can choose from 3 levels of junk mail! "
                text run at (1593,39) width 413: "Hotmail's Junk Mail spreading effort just got better! "
                text run at (2006,39) width 378: "Now you can choose from 3 levels of junk mail!"
                text run at (1,58) width 413: "Hotmail's Junk Mail spreading effort just got better! "
                text run at (414,58) width 378: "Now you can choose from 3 levels of junk mail!"
