layer at (0,0) size 980x735
  RenderView at (0,0) size 980x735
layer at (0,0) size 980x384
  RenderBlock {HTML} at (0,0) size 980x384
    RenderBody {BODY} at (8,16) size 964x317
      RenderBlock (floating) {DIV} at (0,0) size 578x368
        RenderBlock {P} at (0,16) size 578x57
          RenderText {#text} at (0,0) size 528x19
            text run at (0,0) width 528: "This test case illustrates incorrect positioning of list items within a "
          RenderInline {CODE} at (0,0) size 559x34
            RenderText {#text} at (528,3) size 559x34
              text run at (528,3) width 31: "text-"
              text run at (0,22) width 70: "align: right"
          RenderText {#text} at (70,19) size 92x19
            text run at (70,19) width 92: " div after a "
          RenderInline {CODE} at (0,0) size 60x15
            RenderText {#text} at (162,22) size 60x15
              text run at (162,22) width 60: "float: left"
          RenderText {#text} at (222,19) size 38x19
            text run at (222,19) width 38: " div. "
          RenderInline {A} at (0,0) size 249x19 [color=#0000EE]
            RenderText {#text} at (260,19) size 249x19
              text run at (260,19) width 249: "Screenshot of correct behavior"
          RenderText {#text} at (509,19) size 5x19
            text run at (509,19) width 5: ";"
          RenderInline {A} at (0,0) size 161x19 [color=#0000EE]
            RenderText {#text} at (0,38) size 161x19
              text run at (0,38) width 161: "screenshot of Safari"
          RenderText {#text} at (161,38) size 5x19
            text run at (161,38) width 5: "."
        RenderBlock {P} at (0,89) size 578x38
          RenderText {#text} at (0,0) size 549x19
            text run at (0,0) width 549: "This bug only occurs on pages with a standards-compliant DOCTYPE."
          RenderInline {A} at (0,0) size 308x19 [color=#0000EE]
            RenderText {#text} at (0,19) size 308x19
              text run at (0,19) width 308: "View this test case without a DOCTYPE"
          RenderText {#text} at (308,19) size 5x19
            text run at (308,19) width 5: "."
        RenderBlock {OL} at (0,143) size 578x209
          RenderListItem {LI} at (40,0) size 538x38
            RenderListMarker at (-25,0) size 20x19: "1"
            RenderText {#text} at (0,0) size 490x38
              text run at (0,0) width 193: "New larger PowerBook. "
              text run at (193,0) width 297: "Still 1 GHz, but with a 17-inch screen."
              text run at (0,19) width 55: "$3299."
          RenderListItem {LI} at (40,38) size 538x19
            RenderListMarker at (-25,0) size 20x19: "2"
            RenderText {#text} at (0,0) size 440x19
              text run at (0,0) width 385: "New smaller PowerBook, with a 12-inch screen. "
              text run at (385,0) width 55: "$1799."
          RenderListItem {LI} at (40,57) size 538x57
            RenderListMarker at (-25,0) size 20x19: "3"
            RenderText {#text} at (0,0) size 115x19
              text run at (0,0) width 115: "New browser: "
            RenderInline {A} at (0,0) size 47x19 [color=#0000EE]
              RenderText {#text} at (115,0) size 47x19
                text run at (115,0) width 47: "Safari"
            RenderText {#text} at (162,0) size 86x19
              text run at (162,0) width 10: ". "
              text run at (172,0) width 76: "Engine is "
            RenderInline {A} at (0,0) size 99x19 [color=#0000EE]
              RenderText {#text} at (248,0) size 99x19
                text run at (248,0) width 99: "open source"
            RenderText {#text} at (347,0) size 26x19
              text run at (347,0) width 26: " (a "
            RenderInline {A} at (0,0) size 133x19 [color=#0000EE]
              RenderText {#text} at (373,0) size 133x19
                text run at (373,0) width 133: "modified version"
            RenderText {#text} at (506,0) size 21x19
              text run at (506,0) width 21: " of"
            RenderInline {A} at (0,0) size 56x19 [color=#0000EE]
              RenderText {#text} at (0,19) size 56x19
                text run at (0,19) width 56: "KHTML"
            RenderText {#text} at (56,19) size 507x38
              text run at (56,19) width 451: "), rest of the application is free but not open source (just"
              text run at (0,38) width 102: "like the OS). "
              text run at (102,38) width 151: "Only runs on 10.2. "
              text run at (253,38) width 191: "Currently in public beta."
          RenderListItem {LI} at (40,114) size 538x38
            RenderListMarker at (-25,0) size 20x19: "4"
            RenderText {#text} at (0,0) size 495x38
              text run at (0,0) width 302: "New presentation software: Keynote. "
              text run at (302,0) width 193: "The software Steve Jobs"
              text run at (0,19) width 41: "uses."
          RenderListItem {LI} at (40,152) size 538x38
            RenderListMarker at (-25,0) size 20x19: "5"
            RenderText {#text} at (0,0) size 132x19
              text run at (0,0) width 132: "New versions of "
            RenderInline {A} at (0,0) size 51x19 [color=#0000EE]
              RenderText {#text} at (132,0) size 51x19
                text run at (132,0) width 51: "iMovie"
            RenderText {#text} at (183,0) size 10x19
              text run at (183,0) width 10: ", "
            RenderInline {A} at (0,0) size 50x19 [color=#0000EE]
              RenderText {#text} at (193,0) size 50x19
                text run at (193,0) width 50: "iPhoto"
            RenderText {#text} at (243,0) size 10x19
              text run at (243,0) width 10: ", "
            RenderInline {A} at (0,0) size 52x19 [color=#0000EE]
              RenderText {#text} at (253,0) size 52x19
                text run at (253,0) width 52: "iTunes"
            RenderText {#text} at (305,0) size 211x19
              text run at (305,0) width 10: ". "
              text run at (315,0) width 201: "Bundled into a box called"
            RenderInline {A} at (0,0) size 33x19 [color=#0000EE]
              RenderText {#text} at (0,19) size 33x19
                text run at (0,19) width 33: "iLife"
            RenderText {#text} at (33,19) size 73x19
              text run at (33,19) width 73: ", for $49."
          RenderListItem {LI} at (40,190) size 538x19
            RenderListMarker at (-25,0) size 20x19: "6"
            RenderInline {A} at (0,0) size 136x19 [color=#0000EE]
              RenderText {#text} at (0,0) size 136x19
                text run at (0,0) width 136: "Final Cut Express"
            RenderText {#text} at (136,0) size 202x19
              text run at (136,0) width 157: " for creating DVDs. "
              text run at (293,0) width 45: "$299."
      RenderBlock {DIV} at (0,0) size 964x317
        RenderBlock {UL} at (0,0) size 964x152
          RenderListItem {LI} at (40,0) size 924x19
            RenderListMarker at (520,0) size 7x19: bullet
            RenderInline {A} at (0,0) size 47x19 [color=#0000EE]
              RenderText {#text} at (877,0) size 47x19
                text run at (877,0) width 47: "About"
          RenderListItem {LI} at (40,19) size 924x19
            RenderListMarker at (520,0) size 7x19: bullet
            RenderInline {A} at (0,0) size 71x19 [color=#0000EE]
              RenderText {#text} at (853,0) size 71x19
                text run at (853,0) width 71: "Site map"
          RenderListItem {LI} at (40,38) size 924x19
            RenderListMarker at (520,0) size 7x19: bullet
            RenderInline {A} at (0,0) size 68x19 [color=#0000EE]
              RenderText {#text} at (856,0) size 68x19
                text run at (856,0) width 68: "Archives"
          RenderListItem {LI} at (40,57) size 924x19
            RenderListMarker at (520,0) size 7x19: bullet
            RenderInline {A} at (0,0) size 64x19 [color=#0000EE]
              RenderText {#text} at (860,0) size 64x19
                text run at (860,0) width 64: "Projects"
          RenderListItem {LI} at (40,76) size 924x19
            RenderListMarker at (520,0) size 7x19: bullet
            RenderInline {A} at (0,0) size 54x19 [color=#0000EE]
              RenderText {#text} at (870,0) size 54x19
                text run at (870,0) width 54: "Photos"
          RenderListItem {LI} at (40,95) size 924x19
            RenderListMarker at (520,0) size 7x19: bullet
            RenderInline {A} at (0,0) size 71x19 [color=#0000EE]
              RenderText {#text} at (853,0) size 71x19
                text run at (853,0) width 71: "Statistics"
          RenderListItem {LI} at (40,114) size 924x19
            RenderListMarker at (520,0) size 7x19: bullet
            RenderInline {A} at (0,0) size 183x19 [color=#0000EE]
              RenderText {#text} at (741,0) size 183x19
                text run at (741,0) width 183: "Accessibility statement"
          RenderListItem {LI} at (40,133) size 924x19
            RenderListMarker at (520,0) size 7x19: bullet
            RenderInline {A} at (0,0) size 31x19 [color=#0000EE]
              RenderText {#text} at (784,0) size 31x19
                text run at (784,0) width 31: "RSS"
            RenderText {#text} at (815,0) size 11x19
              text run at (815,0) width 11: " ("
            RenderInline {A} at (0,0) size 92x19 [color=#0000EE]
              RenderText {#text} at (826,0) size 92x19
                text run at (826,0) width 92: "more feeds"
            RenderText {#text} at (918,0) size 6x19
              text run at (918,0) width 6: ")"
        RenderBlock {UL} at (0,168) size 964x19
          RenderListItem {LI} at (40,0) size 924x19
            RenderListMarker at (520,0) size 7x19: bullet
            RenderInline {A} at (0,0) size 104x19 [color=#0000EE]
              RenderText {#text} at (820,0) size 104x19
                text run at (820,0) width 104: "What is RSS?"
        RenderBlock {UL} at (0,203) size 964x114
          RenderListItem {LI} at (40,0) size 924x19
            RenderListMarker at (520,0) size 7x19: bullet
            RenderInline {A} at (0,0) size 108x19 [color=#0000EE]
              RenderText {#text} at (816,0) size 108x19
                text run at (816,0) width 108: "RSS Validator"
          RenderListItem {LI} at (40,19) size 924x19
            RenderListMarker at (520,0) size 7x19: bullet
            RenderInline {A} at (0,0) size 172x19 [color=#0000EE]
              RenderText {#text} at (752,0) size 172x19
                text run at (752,0) width 172: "Dive Into Accessibility"
          RenderListItem {LI} at (40,38) size 924x19
            RenderListMarker at (520,0) size 7x19: bullet
            RenderInline {A} at (0,0) size 115x19 [color=#0000EE]
              RenderText {#text} at (809,0) size 115x19
                text run at (809,0) width 115: "Dive Into OS X"
          RenderListItem {LI} at (40,57) size 924x19
            RenderListMarker at (520,0) size 7x19: bullet
            RenderInline {A} at (0,0) size 111x19 [color=#0000EE]
              RenderText {#text} at (813,0) size 111x19
                text run at (813,0) width 111: "Dive Into J2EE"
          RenderListItem {LI} at (40,76) size 924x19
            RenderListMarker at (520,0) size 7x19: bullet
            RenderInline {A} at (0,0) size 131x19 [color=#0000EE]
              RenderText {#text} at (793,0) size 131x19
                text run at (793,0) width 131: "Dive Into Python"
          RenderListItem {LI} at (40,95) size 924x19
            RenderListMarker at (520,0) size 7x19: bullet
            RenderInline {A} at (0,0) size 61x19 [color=#0000EE]
              RenderText {#text} at (863,0) size 61x19
                text run at (863,0) width 61: "r\x{E9}sum\x{E9}"
