layer at (0,0) size 980x735
  RenderView at (0,0) size 980x735
layer at (0,0) size 980x735
  RenderBlock {HTML} at (0,0) size 980x735
    RenderBody {BODY} at (8,8) size 956x719
      RenderBlock {UL} at (0,0) size 57x719
        RenderListItem {LI} at (0,40) size 19x679
          RenderListMarker at (0,-18) size 19x7: bullet
        RenderListItem {LI} at (19,40) size 19x679
          RenderListMarker at (0,-18) size 19x7: bullet
        RenderListItem {LI} at (38,40) size 19x679
          RenderListMarker at (0,-18) size 19x7: bullet
          RenderText {#text} at (0,0) size 19x409
            text run at (0,0) width 409: "There should be two bullets with no text above me."
