layer at (0,0) size 980x735
  RenderView at (0,0) size 980x735
layer at (0,0) size 980x735
  RenderBlock {HTML} at (0,0) size 980x735
    RenderBody {BODY} at (8,8) size 956x719
      RenderBlock {OL} at (0,0) size 38x719
        RenderListItem {LI} at (0,40) size 38x679
          RenderBlock (anonymous) at (0,0) size 19x679
            RenderListMarker at (0,-25) size 19x20: "1"
            RenderInline {I} at (0,0) size 19x89
              RenderInline {U} at (0,0) size 19x89
                RenderText {#text} at (0,0) size 19x89
                  text run at (0,0) width 89: "Hello world"
            RenderText {#text} at (0,0) size 0x0
          RenderBlock {OL} at (19,0) size 19x679
            RenderListItem {LI} at (0,40) size 19x639
              RenderListMarker at (0,-25) size 19x20: "1"
              RenderText {#text} at (0,0) size 19x71
                text run at (0,0) width 71: "Goodbye"
