layer at (0,0) size 1856x735
  RenderView at (0,0) size 980x735
layer at (0,0) size 1856x735
  RenderBlock {HTML} at (0,0) size 1856x735
    RenderBody {BODY} at (8,8) size 1832x719
      RenderBlock {UL} at (0,0) size 138x222 [border: (1px solid #0000FF)]
        RenderListItem {LI} at (1,41) size 39x180 [border: (5px solid #FFA500)]
          RenderListMarker at (10,-18) size 19x7: bullet
          RenderText {#text} at (10,10) size 19x75
            text run at (10,10) width 75: "First item"
        RenderListItem {LI} at (40,41) size 58x180 [border: (5px solid #FFA500)]
          RenderListMarker at (10,-18) size 19x7: bullet
          RenderText {#text} at (10,10) size 38x134
            text run at (10,10) width 134: "Second and very"
            text run at (29,10) width 115: "very long item"
        RenderListItem {LI} at (98,41) size 39x180 [border: (5px solid #FFA500)]
          RenderListMarker at (10,-18) size 19x7: bullet
          RenderText {#text} at (10,10) size 19x82
            text run at (10,10) width 82: "Third item"
      RenderBlock {UL} at (154,0) size 138x222 [border: (1px solid #FF0000)]
        RenderListItem {LI} at (1,1) size 39x180 [border: (5px solid #FFA500)]
          RenderListMarker at (10,191) size 19x7: bullet
          RenderText {#text} at (10,95) size 19x75
            text run at (10,95) width 75: "First item"
        RenderListItem {LI} at (40,1) size 58x180 [border: (5px solid #FFA500)]
          RenderListMarker at (10,191) size 19x7: bullet
          RenderText {#text} at (10,36) size 38x134
            text run at (10,36) width 134: "Second and very"
            text run at (29,55) width 115: "very long item"
        RenderListItem {LI} at (98,1) size 39x180 [border: (5px solid #FFA500)]
          RenderListMarker at (10,191) size 19x7: bullet
          RenderText {#text} at (10,88) size 19x82
            text run at (10,88) width 82: "Third item"
      RenderBlock {UL} at (308,0) size 138x222 [border: (1px solid #0000FF)]
        RenderListItem {LI} at (1,41) size 39x180 [border: (5px solid #FFA500)]
          RenderListMarker at (10,9) size 19x7: bullet
          RenderText {#text} at (10,25) size 19x75
            text run at (10,25) width 75: "First item"
        RenderListItem {LI} at (40,41) size 58x180 [border: (5px solid #FFA500)]
          RenderListMarker at (10,9) size 19x7: bullet
          RenderText {#text} at (10,25) size 38x149
            text run at (10,25) width 134: "Second and very"
            text run at (29,10) width 115: "very long item"
        RenderListItem {LI} at (98,41) size 39x180 [border: (5px solid #FFA500)]
          RenderListMarker at (10,9) size 19x7: bullet
          RenderText {#text} at (10,25) size 19x82
            text run at (10,25) width 82: "Third item"
      RenderBlock {UL} at (462,0) size 138x222 [border: (1px solid #FF0000)]
        RenderListItem {LI} at (1,1) size 39x180 [border: (5px solid #FFA500)]
          RenderListMarker at (10,164) size 19x7: bullet
          RenderText {#text} at (10,80) size 19x75
            text run at (10,80) width 75: "First item"
        RenderListItem {LI} at (40,1) size 58x180 [border: (5px solid #FFA500)]
          RenderListMarker at (10,164) size 19x7: bullet
          RenderText {#text} at (10,21) size 38x149
            text run at (10,21) width 134: "Second and very"
            text run at (29,55) width 115: "very long item"
        RenderListItem {LI} at (98,1) size 39x180 [border: (5px solid #FFA500)]
          RenderListMarker at (10,164) size 19x7: bullet
          RenderText {#text} at (10,73) size 19x82
            text run at (10,73) width 82: "Third item"
      RenderBlock {UL} at (616,0) size 138x222 [border: (1px solid #0000FF)]
        RenderListItem {LI} at (1,41) size 39x180 [border: (5px solid #FFA500)]
          RenderListMarker at (14,-17) size 10x10
          RenderText {#text} at (10,10) size 19x75
            text run at (10,10) width 75: "First item"
        RenderListItem {LI} at (40,41) size 58x180 [border: (5px solid #FFA500)]
          RenderListMarker at (14,-17) size 10x10
          RenderText {#text} at (10,10) size 38x134
            text run at (10,10) width 134: "Second and very"
            text run at (29,10) width 115: "very long item"
        RenderListItem {LI} at (98,41) size 39x180 [border: (5px solid #FFA500)]
          RenderListMarker at (14,-17) size 10x10
          RenderText {#text} at (10,10) size 19x82
            text run at (10,10) width 82: "Third item"
      RenderBlock {UL} at (770,0) size 138x222 [border: (1px solid #FF0000)]
        RenderListItem {LI} at (1,1) size 39x180 [border: (5px solid #FFA500)]
          RenderListMarker at (14,187) size 10x10
          RenderText {#text} at (10,95) size 19x75
            text run at (10,95) width 75: "First item"
        RenderListItem {LI} at (40,1) size 58x180 [border: (5px solid #FFA500)]
          RenderListMarker at (14,187) size 10x10
          RenderText {#text} at (10,36) size 38x134
            text run at (10,36) width 134: "Second and very"
            text run at (29,55) width 115: "very long item"
        RenderListItem {LI} at (98,1) size 39x180 [border: (5px solid #FFA500)]
          RenderListMarker at (14,187) size 10x10
          RenderText {#text} at (10,88) size 19x82
            text run at (10,88) width 82: "Third item"
      RenderBlock {UL} at (924,0) size 138x222 [border: (1px solid #0000FF)]
        RenderListItem {LI} at (1,41) size 39x180 [border: (5px solid #FFA500)]
          RenderListMarker at (14,10) size 10x10
          RenderText {#text} at (10,27) size 19x75
            text run at (10,27) width 75: "First item"
        RenderListItem {LI} at (40,41) size 58x180 [border: (5px solid #FFA500)]
          RenderListMarker at (14,10) size 10x10
          RenderText {#text} at (10,27) size 38x151
            text run at (10,27) width 134: "Second and very"
            text run at (29,10) width 115: "very long item"
        RenderListItem {LI} at (98,41) size 39x180 [border: (5px solid #FFA500)]
          RenderListMarker at (14,10) size 10x10
          RenderText {#text} at (10,27) size 19x82
            text run at (10,27) width 82: "Third item"
      RenderBlock {UL} at (1078,0) size 138x222 [border: (1px solid #FF0000)]
        RenderListItem {LI} at (1,1) size 39x180 [border: (5px solid #FFA500)]
          RenderListMarker at (14,160) size 10x10
          RenderText {#text} at (10,78) size 19x75
            text run at (10,78) width 75: "First item"
        RenderListItem {LI} at (40,1) size 58x180 [border: (5px solid #FFA500)]
          RenderListMarker at (14,160) size 10x10
          RenderText {#text} at (10,19) size 38x151
            text run at (10,19) width 134: "Second and very"
            text run at (29,55) width 115: "very long item"
        RenderListItem {LI} at (98,1) size 39x180 [border: (5px solid #FFA500)]
          RenderListMarker at (14,160) size 10x10
          RenderText {#text} at (10,71) size 19x82
            text run at (10,71) width 82: "Third item"
      RenderBlock {OL} at (1232,0) size 138x222 [border: (1px solid #0000FF)]
        RenderListItem {LI} at (1,41) size 39x180 [border: (5px solid #FFA500)]
          RenderListMarker at (10,-25) size 19x20: "1"
          RenderText {#text} at (10,10) size 19x75
            text run at (10,10) width 75: "First item"
        RenderListItem {LI} at (40,41) size 58x180 [border: (5px solid #FFA500)]
          RenderListMarker at (10,-25) size 19x20: "2"
          RenderText {#text} at (10,10) size 38x134
            text run at (10,10) width 134: "Second and very"
            text run at (29,10) width 115: "very long item"
        RenderListItem {LI} at (98,41) size 39x180 [border: (5px solid #FFA500)]
          RenderListMarker at (10,-25) size 19x20: "3"
          RenderText {#text} at (10,10) size 19x82
            text run at (10,10) width 82: "Third item"
      RenderBlock {OL} at (1386,0) size 138x222 [border: (1px solid #FF0000)]
        RenderListItem {LI} at (1,1) size 39x180 [border: (5px solid #FFA500)]
          RenderListMarker at (10,185) size 19x20: "1"
          RenderText {#text} at (10,95) size 19x75
            text run at (10,95) width 75: "First item"
        RenderListItem {LI} at (40,1) size 58x180 [border: (5px solid #FFA500)]
          RenderListMarker at (10,185) size 19x20: "2"
          RenderText {#text} at (10,36) size 38x134
            text run at (10,36) width 134: "Second and very"
            text run at (29,55) width 115: "very long item"
        RenderListItem {LI} at (98,1) size 39x180 [border: (5px solid #FFA500)]
          RenderListMarker at (10,185) size 19x20: "3"
          RenderText {#text} at (10,88) size 19x82
            text run at (10,88) width 82: "Third item"
      RenderBlock {OL} at (1540,0) size 138x222 [border: (1px solid #0000FF)]
        RenderListItem {LI} at (1,41) size 39x180 [border: (5px solid #FFA500)]
          RenderListMarker at (10,10) size 19x20: "1"
          RenderText {#text} at (10,30) size 19x75
            text run at (10,30) width 75: "First item"
        RenderListItem {LI} at (40,41) size 58x180 [border: (5px solid #FFA500)]
          RenderListMarker at (10,10) size 19x20: "2"
          RenderText {#text} at (10,30) size 38x154
            text run at (10,30) width 134: "Second and very"
            text run at (29,10) width 115: "very long item"
        RenderListItem {LI} at (98,41) size 39x180 [border: (5px solid #FFA500)]
          RenderListMarker at (10,10) size 19x20: "3"
          RenderText {#text} at (10,30) size 19x82
            text run at (10,30) width 82: "Third item"
      RenderBlock {OL} at (1694,0) size 138x222 [border: (1px solid #FF0000)]
        RenderListItem {LI} at (1,1) size 39x180 [border: (5px solid #FFA500)]
          RenderListMarker at (10,150) size 19x20: "1"
          RenderText {#text} at (10,75) size 19x75
            text run at (10,75) width 75: "First item"
        RenderListItem {LI} at (40,1) size 58x180 [border: (5px solid #FFA500)]
          RenderListMarker at (10,150) size 19x20: "2"
          RenderText {#text} at (10,16) size 38x154
            text run at (10,16) width 134: "Second and very"
            text run at (29,55) width 115: "very long item"
        RenderListItem {LI} at (98,1) size 39x180 [border: (5px solid #FFA500)]
          RenderListMarker at (10,150) size 19x20: "3"
          RenderText {#text} at (10,68) size 19x82
            text run at (10,68) width 82: "Third item"
