layer at (0,0) size 980x735
  RenderView at (0,0) size 980x735
layer at (0,0) size 980x735
  RenderBlock {HTML} at (0,0) size 980x735
    RenderBody {BODY} at (8,8) size 964x711
      RenderBlock {DIV} at (0,0) size 964x54
        RenderBlock {DL} at (0,0) size 964x54
          RenderBlock {DT} at (0,0) size 964x19
            RenderText {#text} at (0,0) size 196x19
              text run at (0,0) width 196: "DT text is rendered here"
          RenderBlock {DD} at (0,35) size 964x19
            RenderBlock {UL} at (0,0) size 964x19
              RenderListItem {LI} at (0,0) size 964x19
                RenderListMarker at (0,6) size 12x9
                RenderText {#text} at (19,0) size 140x19
                  text run at (19,0) width 140: "LI text is here too"
