layer at (0,0) size 980x735
  RenderView at (0,0) size 980x735
layer at (0,0) size 980x735
  RenderBlock {HTML} at (0,0) size 980x735
    RenderBody {BODY} at (8,8) size 964x711
      RenderBlock {P} at (0,0) size 964x19
        RenderText {#text} at (0,0) size 509x19
          text run at (0,0) width 509: "Tests list item numbering when there are anonymous list items."
      RenderBlock {OL} at (0,35) size 964x19
        RenderListItem at (40,0) size 924x19
          RenderListMarker at (-25,0) size 20x19: "1"
          RenderText at (0,0) size 35x19
            text run at (0,0) width 35: "ONE"
      RenderBlock {OL} at (0,70) size 964x38
        RenderListItem {LI} at (40,0) size 924x19
          RenderListMarker at (-25,0) size 20x19: "1"
          RenderText {#text} at (0,0) size 30x19
            text run at (0,0) width 30: "one"
        RenderListItem at (40,19) size 924x19
          RenderListMarker at (-25,0) size 20x19: "2"
          RenderText at (0,0) size 39x19
            text run at (0,0) width 39: "TWO"
      RenderBlock {OL} at (0,124) size 964x19
        RenderListItem at (40,0) size 924x19
          RenderListMarker at (-25,0) size 20x19: "1"
          RenderText at (0,0) size 35x19
            text run at (0,0) width 35: "ONE"
      RenderBlock {OL} at (0,159) size 964x38
        RenderListItem at (40,0) size 924x19
          RenderListMarker at (-25,0) size 20x19: "1"
          RenderText at (0,0) size 35x19
            text run at (0,0) width 35: "ONE"
        RenderListItem {LI} at (40,19) size 924x19
          RenderListMarker at (-25,0) size 20x19: "2"
          RenderText {#text} at (0,0) size 29x19
            text run at (0,0) width 29: "two"
      RenderBlock {OL} at (0,213) size 964x76
        RenderListItem {LI} at (40,0) size 924x19
          RenderListMarker at (-25,0) size 20x19: "1"
          RenderText {#text} at (0,0) size 30x19
            text run at (0,0) width 30: "one"
        RenderBlock {DIV} at (40,19) size 924x38
          RenderBlock (anonymous) at (0,0) size 924x19
            RenderText {#text} at (0,0) size 23x19
              text run at (0,0) width 23: "div"
          RenderListItem at (0,19) size 924x19
            RenderListMarker at (-25,0) size 20x19: "2"
            RenderText at (0,0) size 39x19
              text run at (0,0) width 39: "TWO"
        RenderListItem {LI} at (40,57) size 924x19
          RenderListMarker at (-25,0) size 20x19: "3"
          RenderText {#text} at (0,0) size 43x19
            text run at (0,0) width 43: "three"
      RenderBlock {OL} at (0,305) size 964x76
        RenderListItem {LI} at (40,0) size 924x19
          RenderListMarker at (-25,0) size 20x19: "1"
          RenderText {#text} at (0,0) size 30x19
            text run at (0,0) width 30: "one"
        RenderBlock {DIV} at (40,19) size 924x38
          RenderListItem at (0,0) size 924x19
            RenderListMarker at (-25,0) size 20x19: "2"
            RenderText at (0,0) size 39x19
              text run at (0,0) width 39: "TWO"
          RenderBlock (anonymous) at (0,19) size 924x19
            RenderText {#text} at (0,0) size 23x19
              text run at (0,0) width 23: "div"
        RenderListItem {LI} at (40,57) size 924x19
          RenderListMarker at (-25,0) size 20x19: "3"
          RenderText {#text} at (0,0) size 43x19
            text run at (0,0) width 43: "three"
