layer at (0,0) size 980x735
  RenderView at (0,0) size 980x735
layer at (0,0) size 980x735
  RenderBlock {HTML} at (0,0) size 980x735
    RenderBody {BODY} at (8,8) size 964x711
      RenderBlock {BLOCKQUOTE} at (40,0) size 884x57
        RenderBlock {BLOCKQUOTE} at (40,0) size 804x57
          RenderBlock {OL} at (0,0) size 804x57
            RenderListItem {LI} at (40,0) size 764x57
              RenderListMarker at (-94,0) size 89x19: "CYWOQVJ"
              RenderBR {BR} at (0,0) size 0x19
              RenderText {#text} at (0,19) size 593x38
                text run at (0,19) width 223: "SUCCESS (you didn't crash) "
                text run at (223,19) width 370: "Our behavior here matches WinIE not FireFox."
                text run at (0,38) width 426: "http://bugzilla.opendarwin.org/show_bug.cgi?id=8542"
