layer at (0,0) size 980x735
  RenderView at (0,0) size 980x735
layer at (0,0) size 980x735
  RenderBlock {HTML} at (0,0) size 980x735
    RenderBody {BODY} at (8,8) size 964x711
      RenderBlock (anonymous) at (0,0) size 964x19
        RenderText {#text} at (0,0) size 887x19
          text run at (0,0) width 887: "This test demonstrates that list items are not affected by the quirk that shrinks line boxes with no text children."
      RenderBlock {UL} at (0,35) size 964x60
        RenderListItem {LI} at (40,0) size 924x30
          RenderListMarker at (-17,10) size 10x10
          RenderInline {SPAN} at (0,0) size 33x19
            RenderText {#text} at (0,5) size 33x19
              text run at (0,5) width 33: "One"
          RenderText {#text} at (0,0) size 0x0
        RenderListItem {LI} at (40,30) size 924x30
          RenderListMarker at (-17,10) size 10x10
          RenderInline {SPAN} at (0,0) size 33x19
            RenderText {#text} at (0,5) size 33x19
              text run at (0,5) width 33: "Two"
          RenderText {#text} at (0,0) size 0x0
      RenderBlock {UL} at (0,111) size 964x60
        RenderListItem {LI} at (40,0) size 924x30
          RenderInline {SPAN} at (0,0) size 47x19
            RenderText {#text} at (0,5) size 47x19
              text run at (0,5) width 47: "Three"
          RenderText {#text} at (0,0) size 0x0
        RenderListItem {LI} at (40,30) size 924x30
          RenderInline {SPAN} at (0,0) size 36x19
            RenderText {#text} at (0,5) size 36x19
              text run at (0,5) width 36: "Four"
          RenderText {#text} at (0,0) size 0x0
