layer at (0,0) size 980x735
  RenderView at (0,0) size 980x735
layer at (0,0) size 980x735
  RenderBlock {HTML} at (0,0) size 980x735
    RenderBody {BODY} at (8,8) size 964x711
      RenderBlock {OL} at (0,0) size 964x24
        RenderListItem {LI} at (40,0) size 924x24
          RenderListMarker at (-25,2) size 20x19: "1"
          RenderText {#text} at (0,2) size 523x19
            text run at (0,2) width 523: "This test passes if the list item and list marker are evenly aligned."
