layer at (0,0) size 980x735
  RenderView at (0,0) size 980x735
layer at (0,0) size 980x735
  RenderBlock {HTML} at (0,0) size 980x735
    RenderBody {BODY} at (8,8) size 964x711
      RenderBlock {DIV} at (0,0) size 964x38
        RenderBlock {OL} at (0,0) size 964x38
          RenderListItem {LI} at (40,0) size 924x19
            RenderListMarker at (-25,0) size 20x19: "2"
            RenderText {#text} at (0,0) size 26x19
              text run at (0,0) width 26: "foo"
          RenderListItem {LI} at (40,19) size 924x19
            RenderListMarker at (-25,0) size 20x19: "3"
            RenderText {#text} at (0,0) size 27x19
              text run at (0,0) width 27: "bar"
