layer at (0,0) size 980x806
  RenderView at (0,0) size 980x735
layer at (0,0) size 980x806
  RenderBlock {HTML} at (0,0) size 980x806
    RenderBody {BODY} at (8,8) size 964x782
      RenderBlock (anonymous) at (0,0) size 964x19
        RenderText {#text} at (0,0) size 162x19
          text run at (0,0) width 162: "1. Basic inheritance:"
      RenderBlock {OL} at (0,35) size 964x38
        RenderListItem {LI} at (40,0) size 924x19
          RenderListMarker at (-25,0) size 20x19: "3"
          RenderText {#text} at (0,0) size 94x19
            text run at (0,0) width 94: "Should be 3"
        RenderListItem {LI} at (40,19) size 924x19
          RenderListMarker at (-25,0) size 20x19: "4"
          RenderText {#text} at (0,0) size 94x19
            text run at (0,0) width 94: "Should be 4"
      RenderBlock {HR} at (0,89) size 964x2 [border: (1px inset #000000)]
      RenderBlock (anonymous) at (0,99) size 964x19
        RenderText {#text} at (0,0) size 378x19
          text run at (0,0) width 378: "2. Test that the inner start value gets inherited:"
      RenderBlock {OL} at (0,134) size 964x38
        RenderListItem {LI} at (40,0) size 924x19
          RenderListMarker at (-25,0) size 20x19: "5"
          RenderText {#text} at (0,0) size 94x19
            text run at (0,0) width 94: "Should be 5"
        RenderBlock {OL} at (40,19) size 924x19
          RenderListItem {LI} at (40,0) size 884x19
            RenderListMarker at (-25,0) size 20x19: "3"
            RenderText {#text} at (0,0) size 94x19
              text run at (0,0) width 94: "Should be 3"
      RenderBlock {HR} at (0,188) size 964x2 [border: (1px inset #000000)]
      RenderBlock (anonymous) at (0,198) size 964x19
        RenderText {#text} at (0,0) size 497x19
          text run at (0,0) width 497: "3. Test that extra tags before the li don't block the inheritance"
      RenderBlock {OL} at (0,233) size 964x54
        RenderBlock {P} at (40,0) size 924x19
          RenderText {#text} at (0,0) size 35x19
            text run at (0,0) width 35: "Text"
        RenderListItem {LI} at (40,35) size 924x19
          RenderListMarker at (-25,0) size 20x19: "3"
          RenderText {#text} at (0,0) size 94x19
            text run at (0,0) width 94: "Should be 3"
      RenderBlock {HR} at (0,303) size 964x2 [border: (1px inset #000000)]
      RenderBlock (anonymous) at (0,313) size 964x19
        RenderText {#text} at (0,0) size 345x19
          text run at (0,0) width 345: "4. Test for inheritance through many levels"
      RenderBlock {OL} at (0,348) size 964x19
        RenderBlock (anonymous) at (40,0) size 924x0
          RenderInline {B} at (0,0) size 0x0
        RenderBlock (anonymous) at (40,0) size 924x19
          RenderListItem {LI} at (0,0) size 924x19
            RenderListMarker at (-28,0) size 23x19: "3"
            RenderText {#text} at (0,0) size 203x19
              text run at (0,0) width 203: "Should be 3 (and bold)"
        RenderBlock (anonymous) at (40,19) size 924x0
          RenderInline {B} at (0,0) size 0x0
          RenderText {#text} at (0,0) size 0x0
      RenderBlock {HR} at (0,383) size 964x2 [border: (1px inset #000000)]
      RenderBlock (anonymous) at (0,393) size 964x19
        RenderText {#text} at (0,0) size 526x19
          text run at (0,0) width 526: "5. Test for properly chaining from the previous li when it is nested"
      RenderBlock {OL} at (0,428) size 964x57
        RenderBlock (anonymous) at (40,0) size 924x0
          RenderInline {B} at (0,0) size 0x0
        RenderBlock (anonymous) at (40,0) size 924x19
          RenderListItem {LI} at (0,0) size 924x19
            RenderListMarker at (-28,0) size 23x19: "3"
            RenderText {#text} at (0,0) size 203x19
              text run at (0,0) width 203: "Should be 3 (and bold)"
        RenderBlock (anonymous) at (40,19) size 924x0
          RenderInline {B} at (0,0) size 0x0
          RenderText {#text} at (0,0) size 0x0
        RenderListItem {LI} at (40,19) size 924x19
          RenderListMarker at (-25,0) size 20x19: "4"
          RenderText {#text} at (0,0) size 94x19
            text run at (0,0) width 94: "Should be 4"
        RenderListItem {LI} at (40,38) size 924x19
          RenderListMarker at (-25,0) size 20x19: "5"
          RenderText {#text} at (0,0) size 94x19
            text run at (0,0) width 94: "Should be 5"
      RenderBlock {HR} at (0,501) size 964x2 [border: (1px inset #000000)]
      RenderBlock (anonymous) at (0,511) size 964x19
        RenderText {#text} at (0,0) size 575x19
          text run at (0,0) width 575: "6. Test for properly chaining from the previous li when current is nested"
      RenderBlock {OL} at (0,546) size 964x38
        RenderListItem {LI} at (40,0) size 924x19
          RenderListMarker at (-25,0) size 20x19: "1"
          RenderText {#text} at (0,0) size 94x19
            text run at (0,0) width 94: "Should be 1"
        RenderBlock (anonymous) at (40,19) size 924x0
          RenderInline {B} at (0,0) size 0x0
        RenderBlock (anonymous) at (40,19) size 924x19
          RenderListItem {LI} at (0,0) size 924x19
            RenderListMarker at (-28,0) size 23x19: "2"
            RenderText {#text} at (0,0) size 203x19
              text run at (0,0) width 203: "Should be 2 (and bold)"
        RenderBlock (anonymous) at (40,38) size 924x0
          RenderInline {B} at (0,0) size 0x0
          RenderText {#text} at (0,0) size 0x0
      RenderBlock {HR} at (0,600) size 964x2 [border: (1px inset #000000)]
      RenderBlock (anonymous) at (0,610) size 964x19
        RenderText {#text} at (0,0) size 567x19
          text run at (0,0) width 567: "7. Test for properly chaining from the previous li when both are nested"
      RenderBlock {OL} at (0,645) size 964x38
        RenderBlock (anonymous) at (40,0) size 924x0
          RenderInline {I} at (0,0) size 0x0
        RenderBlock (anonymous) at (40,0) size 924x19
          RenderListItem {LI} at (0,0) size 924x19
            RenderListMarker at (-25,0) size 20x19: "2"
            RenderText {#text} at (0,0) size 183x19
              text run at (0,0) width 183: "Should be 2 (and italic)"
        RenderBlock (anonymous) at (40,19) size 924x0
          RenderInline {I} at (0,0) size 0x0
          RenderText {#text} at (0,0) size 0x0
          RenderInline {B} at (0,0) size 0x0
        RenderBlock (anonymous) at (40,19) size 924x19
          RenderListItem {LI} at (0,0) size 924x19
            RenderListMarker at (-28,0) size 23x19: "3"
            RenderText {#text} at (0,0) size 203x19
              text run at (0,0) width 203: "Should be 3 (and bold)"
        RenderBlock (anonymous) at (40,38) size 924x0
          RenderInline {B} at (0,0) size 0x0
          RenderText {#text} at (0,0) size 0x0
      RenderBlock {HR} at (0,699) size 964x2 [border: (1px inset #000000)]
      RenderBlock (anonymous) at (0,709) size 964x19
        RenderText {#text} at (0,0) size 449x19
          text run at (0,0) width 449: "8. Test for not inheriting improperly from an another list"
      RenderBlock {OL} at (0,744) size 964x38
        RenderBlock {OL} at (40,0) size 924x19
          RenderListItem {LI} at (40,0) size 884x19
            RenderListMarker at (-25,0) size 20x19: "2"
            RenderText {#text} at (0,0) size 94x19
              text run at (0,0) width 94: "Should be 2"
        RenderListItem {LI} at (40,19) size 924x19
          RenderListMarker at (-25,0) size 20x19: "5"
          RenderText {#text} at (0,0) size 94x19
            text run at (0,0) width 94: "Should be 5"
