layer at (0,0) size 980x735
  RenderView at (0,0) size 980x735
layer at (0,0) size 980x420
  RenderBlock {HTML} at (0,0) size 980x420 [color=#FFFFFF] [bgcolor=#0000FF]
    RenderBody {BODY} at (15,15) size 490x390 [bgcolor=#FFFFFF] [border: (5px solid #000000)]
      RenderBlock {DL} at (5,5) size 480x10
        RenderBlock (floating) {DT} at (5,5) size 79x310 [bgcolor=#CC0000] [border: (5px solid #000000)]
          RenderText {#text} at (15,15) size 31x11
            text run at (15,15) width 31: "toggle"
        RenderBlock (floating) {DD} at (95,5) size 380x310 [border: (10px solid #000000)]
          RenderBlock {UL} at (20,20) size 340x0
            RenderBlock (floating) {LI} at (0,0) size 80x120 [color=#000000] [bgcolor=#FFCC00] [border: (5px solid #000000)]
              RenderText {#text} at (15,15) size 39x11
                text run at (15,15) width 39: "the way"
            RenderBlock (floating) {LI} at (90,0) size 159x110 [bgcolor=#000000]
              RenderBlock {P} at (10,10) size 139x10
                RenderText {#text} at (0,0) size 72x11
                  text run at (0,0) width 72: "the world ends"
              RenderBlock (anonymous) at (10,20) size 139x0
                RenderInline {FORM} at (0,0) size 0x0
                  RenderText {#text} at (0,0) size 0x0
              RenderBlock (anonymous) at (10,20) size 139x38
                RenderBlock {P} at (0,0) size 139x19
                  RenderText {#text} at (0,4) size 27x11
                    text run at (0,4) width 27: "bang "
                  RenderBlock {INPUT} at (31,4) size 12x12 [color=#000000]
                  RenderText {#text} at (0,0) size 0x0
                RenderBlock {P} at (0,19) size 139x19
                  RenderText {#text} at (0,4) size 46x11
                    text run at (0,4) width 46: "whimper "
                  RenderBlock {INPUT} at (50,4) size 12x12 [color=#000000]
                  RenderText {#text} at (0,0) size 0x0
              RenderBlock (anonymous) at (10,58) size 139x0
                RenderInline {FORM} at (0,0) size 0x0
                RenderText {#text} at (0,0) size 0x0
            RenderBlock (floating) {LI} at (259,0) size 80x120 [color=#000000] [bgcolor=#FFCC00] [border: (5px solid #000000)]
              RenderText {#text} at (15,15) size 48x11
                text run at (15,15) width 48: "i grow old"
            RenderBlock (floating) {LI} at (0,130) size 120x120 [bgcolor=#000000]
              RenderText {#text} at (10,10) size 30x11
                text run at (10,10) width 30: "pluot?"
          RenderBlock (floating) {BLOCKQUOTE} at (160,150) size 70x140 [color=#000000] [bgcolor=#FFCC00] [border: (10px solid #000000) (15px solid #000000) (20px solid #000000) (5px solid #000000)]
            RenderBlock {ADDRESS} at (5,20) size 50x20
              RenderText {#text} at (0,0) size 33x21
                text run at (0,0) width 16: "bar"
                text run at (0,10) width 33: "maids,"
          RenderBlock (floating) {H1} at (240,150) size 120x120 [bgcolor=#000000]
            RenderText {#text} at (10,10) size 100x21
              text run at (10,10) width 100: "sing to me, erbarme"
              text run at (10,20) width 21: "dich"
      RenderBlock {P} at (5,320) size 480x65 [color=#000000]
        RenderText {#text} at (0,1) size 469x37
          text run at (0,1) width 460: "This is a nonsensical document, but syntactically valid HTML 4.0. All 100%-conformant CSS1"
          text run at (0,14) width 469: "agents should be able to render the document elements above this paragraph indistinguishably"
          text run at (0,27) width 115: "(to the pixel) from this "
        RenderInline {A} at (0,0) size 101x11 [color=#0000EE]
          RenderText {#text} at (115,27) size 101x11
            text run at (115,27) width 101: "reference rendering,"
        RenderText {#text} at (216,27) size 457x37
          text run at (216,27) width 3: " "
          text run at (219,27) width 238: "(except font rasterization and form widgets). All"
          text run at (0,40) width 441: "discrepancies should be traceable to CSS1 implementation shortcomings. Once you have"
          text run at (0,53) width 250: "finished evaluating this test, you can return to the "
        RenderInline {A} at (0,0) size 59x11 [color=#0000EE]
          RenderText {#text} at (250,53) size 59x11
            text run at (250,53) width 59: "parent page"
        RenderText {#text} at (309,53) size 3x11
          text run at (309,53) width 3: "."
