layer at (0,0) size 980x735
  RenderView at (0,0) size 980x735
layer at (0,0) size 980x735
  RenderBlock {HTML} at (0,0) size 980x735
    RenderBody {BODY} at (8,8) size 964x719 [bgcolor=#CCCCCC]
      RenderBlock {P} at (0,0) size 964x19
        RenderText {#text} at (0,0) size 451x19
          text run at (0,0) width 451: "The style declarations which apply to the text below are:"
      RenderBlock {PRE} at (0,35) size 964x45
        RenderText {#text} at (0,0) size 328x45
          text run at (0,0) width 328: ".one {border-left-width: 25px; border-style: solid;}"
          text run at (328,0) width 0: " "
          text run at (0,15) width 321: ".two {border-left-width: thin; border-style: solid;}"
          text run at (321,15) width 0: " "
          text run at (0,30) width 212: ".three {border-left-width: 25px;}"
          text run at (212,30) width 0: " "
      RenderBlock {HR} at (0,93) size 964x2 [border: (1px inset #000000)]
      RenderBlock {P} at (0,111) size 964x82 [border: (3px solid #000000) (25px solid #000000)]
        RenderText {#text} at (25,3) size 221x19
          text run at (25,3) width 221: "This element has a class of "
        RenderInline {TT} at (0,0) size 24x15
          RenderText {#text} at (246,6) size 24x15
            text run at (246,6) width 24: "one"
        RenderText {#text} at (270,3) size 203x19
          text run at (270,3) width 10: ". "
          text run at (280,3) width 193: "However, it contains an "
        RenderInline {SPAN} at (0,0) size 211x25 [border: (3px solid #000000) (1px solid #000000)]
          RenderText {#text} at (474,3) size 183x19
            text run at (474,3) width 183: "inline element of class "
          RenderInline {TT} at (0,0) size 24x15
            RenderText {#text} at (657,6) size 24x15
              text run at (657,6) width 24: "two"
        RenderText {#text} at (684,3) size 932x38
          text run at (684,3) width 273: ", which should result in a thin solid"
          text run at (25,22) width 235: "border on the left side of the "
        RenderInline {STRONG} at (0,0) size 38x19
          RenderText {#text} at (260,22) size 38x19
            text run at (260,22) width 38: "first"
        RenderText {#text} at (298,22) size 915x38
          text run at (298,22) width 642: " box in the inline element (and the UA's default border on the other three sides)."
          text run at (25,41) width 131: "There is also an "
        RenderInline {SPAN} at (0,0) size 217x19
          RenderText {#text} at (156,41) size 183x19
            text run at (156,41) width 183: "inline element of class "
          RenderInline {TT} at (0,0) size 34x15
            RenderText {#text} at (339,44) size 34x15
              text run at (339,44) width 34: "three"
        RenderText {#text} at (373,41) size 900x38
          text run at (373,41) width 552: ", which should have no left border width or visible border because no"
          text run at (25,60) width 166: "border style was set."
      RenderTable {TABLE} at (0,209) size 964x119 [border: (1px outset #808080)]
        RenderTableSection {TBODY} at (1,1) size 962x117
          RenderTableRow {TR} at (0,0) size 962x27
            RenderTableCell {TD} at (0,0) size 962x27 [bgcolor=#C0C0C0] [border: (1px inset #808080)] [r=0 c=0 rs=1 cs=2]
              RenderInline {STRONG} at (0,0) size 202x19
                RenderText {#text} at (4,4) size 202x19
                  text run at (4,4) width 202: "TABLE Testing Section"
          RenderTableRow {TR} at (0,27) size 962x90
            RenderTableCell {TD} at (0,58) size 13x27 [bgcolor=#C0C0C0] [border: (1px inset #808080)] [r=1 c=0 rs=1 cs=1]
              RenderText {#text} at (4,4) size 5x19
                text run at (4,4) width 5: " "
            RenderTableCell {TD} at (13,27) size 949x90 [border: (1px inset #808080)] [r=1 c=1 rs=1 cs=1]
              RenderBlock {P} at (4,4) size 941x82 [border: (3px solid #000000) (25px solid #000000)]
                RenderText {#text} at (25,3) size 221x19
                  text run at (25,3) width 221: "This element has a class of "
                RenderInline {TT} at (0,0) size 24x15
                  RenderText {#text} at (246,6) size 24x15
                    text run at (246,6) width 24: "one"
                RenderText {#text} at (270,3) size 203x19
                  text run at (270,3) width 10: ". "
                  text run at (280,3) width 193: "However, it contains an "
                RenderInline {SPAN} at (0,0) size 211x25 [border: (3px solid #000000) (1px solid #000000)]
                  RenderText {#text} at (474,3) size 183x19
                    text run at (474,3) width 183: "inline element of class "
                  RenderInline {TT} at (0,0) size 24x15
                    RenderText {#text} at (657,6) size 24x15
                      text run at (657,6) width 24: "two"
                RenderText {#text} at (684,3) size 891x38
                  text run at (684,3) width 232: ", which should result in a thin"
                  text run at (25,22) width 276: "solid border on the left side of the "
                RenderInline {STRONG} at (0,0) size 38x19
                  RenderText {#text} at (301,22) size 38x19
                    text run at (301,22) width 38: "first"
                RenderText {#text} at (339,22) size 900x38
                  text run at (339,22) width 586: " box in the inline element (and the UA's default border on the other three"
                  text run at (25,41) width 56: "sides). "
                  text run at (81,41) width 131: "There is also an "
                RenderInline {SPAN} at (0,0) size 217x19
                  RenderText {#text} at (212,41) size 183x19
                    text run at (212,41) width 183: "inline element of class "
                  RenderInline {TT} at (0,0) size 34x15
                    RenderText {#text} at (395,44) size 34x15
                      text run at (395,44) width 34: "three"
                RenderText {#text} at (429,41) size 859x38
                  text run at (429,41) width 455: ", which should have no left border width or visible border"
                  text run at (25,60) width 263: "because no border style was set."
