layer at (0,0) size 980x735
  RenderView at (0,0) size 980x735
layer at (0,0) size 980x735
  RenderBlock {HTML} at (0,0) size 980x735
    RenderBody {BODY} at (8,8) size 964x719 [bgcolor=#CCCCCC]
      RenderBlock {P} at (0,0) size 964x19
        RenderText {#text} at (0,0) size 451x19
          text run at (0,0) width 451: "The style declarations which apply to the text below are:"
      RenderBlock {PRE} at (0,35) size 964x45
        RenderText {#text} at (0,0) size 327x45
          text run at (0,0) width 327: ".one {border-top-width: 25px; border-style: solid;}"
          text run at (327,0) width 0: " "
          text run at (0,15) width 320: ".two {border-top-width: thin; border-style: solid;}"
          text run at (320,15) width 0: " "
          text run at (0,30) width 211: ".three {border-top-width: 25px;}"
          text run at (211,30) width 0: " "
      RenderBlock {HR} at (0,93) size 964x2 [border: (1px inset #000000)]
      RenderBlock {P} at (0,111) size 964x104 [border: (25px solid #000000) (3px solid #000000)]
        RenderText {#text} at (3,25) size 221x19
          text run at (3,25) width 221: "This element has a class of "
        RenderInline {TT} at (0,0) size 24x15
          RenderText {#text} at (224,28) size 24x15
            text run at (224,28) width 24: "one"
        RenderText {#text} at (248,25) size 203x19
          text run at (248,25) width 10: ". "
          text run at (258,25) width 193: "However, it contains an "
        RenderInline {SPAN} at (0,0) size 213x23 [border: (1px solid #000000) (3px solid #000000)]
          RenderText {#text} at (454,25) size 183x19
            text run at (454,25) width 183: "inline element of class "
          RenderInline {TT} at (0,0) size 24x15
            RenderText {#text} at (637,28) size 24x15
              text run at (637,28) width 24: "two"
        RenderText {#text} at (664,25) size 954x57
          text run at (664,25) width 273: ", which should result in a thin solid"
          text run at (3,44) width 890: "border on the top side of each box in the inline element (and the UA's default border on the other three sides). "
          text run at (893,44) width 64: "There is"
          text run at (3,63) width 62: "also an "
        RenderInline {SPAN} at (0,0) size 217x19
          RenderText {#text} at (65,63) size 183x19
            text run at (65,63) width 183: "inline element of class "
          RenderInline {TT} at (0,0) size 34x15
            RenderText {#text} at (248,66) size 34x15
              text run at (248,66) width 34: "three"
        RenderText {#text} at (282,63) size 932x38
          text run at (282,63) width 653: ", which should have no top border width or visible border because no border style"
          text run at (3,82) width 65: "was set."
      RenderTable {TABLE} at (0,231) size 964x141 [border: (1px outset #808080)]
        RenderTableSection {TBODY} at (1,1) size 962x139
          RenderTableRow {TR} at (0,0) size 962x27
            RenderTableCell {TD} at (0,0) size 962x27 [bgcolor=#C0C0C0] [border: (1px inset #808080)] [r=0 c=0 rs=1 cs=2]
              RenderInline {STRONG} at (0,0) size 202x19
                RenderText {#text} at (4,4) size 202x19
                  text run at (4,4) width 202: "TABLE Testing Section"
          RenderTableRow {TR} at (0,27) size 962x112
            RenderTableCell {TD} at (0,69) size 13x27 [bgcolor=#C0C0C0] [border: (1px inset #808080)] [r=1 c=0 rs=1 cs=1]
              RenderText {#text} at (4,4) size 5x19
                text run at (4,4) width 5: " "
            RenderTableCell {TD} at (13,27) size 949x112 [border: (1px inset #808080)] [r=1 c=1 rs=1 cs=1]
              RenderBlock {P} at (4,4) size 941x104 [border: (25px solid #000000) (3px solid #000000)]
                RenderText {#text} at (3,25) size 221x19
                  text run at (3,25) width 221: "This element has a class of "
                RenderInline {TT} at (0,0) size 24x15
                  RenderText {#text} at (224,28) size 24x15
                    text run at (224,28) width 24: "one"
                RenderText {#text} at (248,25) size 203x19
                  text run at (248,25) width 10: ". "
                  text run at (258,25) width 193: "However, it contains an "
                RenderInline {SPAN} at (0,0) size 213x23 [border: (1px solid #000000) (3px solid #000000)]
                  RenderText {#text} at (454,25) size 183x19
                    text run at (454,25) width 183: "inline element of class "
                  RenderInline {TT} at (0,0) size 24x15
                    RenderText {#text} at (637,28) size 24x15
                      text run at (637,28) width 24: "two"
                RenderText {#text} at (664,25) size 934x57
                  text run at (664,25) width 273: ", which should result in a thin solid"
                  text run at (3,44) width 885: "border on the top side of each box in the inline element (and the UA's default border on the other three sides)."
                  text run at (3,63) width 131: "There is also an "
                RenderInline {SPAN} at (0,0) size 217x19
                  RenderText {#text} at (134,63) size 183x19
                    text run at (134,63) width 183: "inline element of class "
                  RenderInline {TT} at (0,0) size 34x15
                    RenderText {#text} at (317,66) size 34x15
                      text run at (317,66) width 34: "three"
                RenderText {#text} at (351,63) size 900x38
                  text run at (351,63) width 552: ", which should have no top border width or visible border because no"
                  text run at (3,82) width 166: "border style was set."
