layer at (0,0) size 980x864
  RenderView at (0,0) size 980x735
layer at (0,0) size 980x864
  RenderBlock {HTML} at (0,0) size 980x864
    RenderBody {BODY} at (8,8) size 964x848 [bgcolor=#CCCCCC]
      RenderBlock {P} at (0,0) size 964x19
        RenderText {#text} at (0,0) size 451x19
          text run at (0,0) width 451: "The style declarations which apply to the text below are:"
      RenderBlock {PRE} at (0,35) size 964x90
        RenderText {#text} at (0,0) size 360x90
          text run at (0,0) width 347: ".zero {background-color: silver; border-left-width: 0;}"
          text run at (347,0) width 0: " "
          text run at (0,15) width 328: ".one {border-left-width: 50px; border-style: solid;}"
          text run at (328,15) width 0: " "
          text run at (0,30) width 328: ".two {border-left-width: thick; border-style: solid;}"
          text run at (328,30) width 0: " "
          text run at (0,45) width 360: ".three {border-left-width: medium; border-style: solid;}"
          text run at (360,45) width 0: " "
          text run at (0,60) width 323: ".four {border-left-width: thin; border-style: solid;}"
          text run at (323,60) width 0: " "
          text run at (0,75) width 203: ".five {border-left-width: 25px;}"
          text run at (203,75) width 0: " "
      RenderBlock {HR} at (0,138) size 964x2 [border: (1px inset #000000)]
      RenderBlock {P} at (0,156) size 964x19
        RenderText {#text} at (0,0) size 186x19
          text run at (0,0) width 186: "(These will only work if "
        RenderInline {CODE} at (0,0) size 79x15
          RenderText {#text} at (186,3) size 79x15
            text run at (186,3) width 79: "border-style"
        RenderText {#text} at (265,0) size 114x19
          text run at (265,0) width 114: " is supported.)"
      RenderBlock {P} at (0,191) size 964x19 [bgcolor=#C0C0C0]
        RenderText {#text} at (0,0) size 261x19
          text run at (0,0) width 261: "This element has a class of zero."
      RenderBlock {P} at (0,226) size 964x44 [border: (3px solid #000000) (50px solid #000000)]
        RenderText {#text} at (50,3) size 901x38
          text run at (50,3) width 901: "This element should have a left border width of 50 pixels, which will be more obvious if the element is more than"
          text run at (50,22) width 107: "one line long."
      RenderBlock {P} at (0,286) size 964x44 [border: (3px solid #000000) (5px solid #000000)]
        RenderText {#text} at (5,3) size 916x38
          text run at (5,3) width 916: "This element should have a thick left border width, which will be more obvious if the element is more than one line"
          text run at (5,22) width 39: "long."
      RenderBlock {P} at (0,346) size 964x44 [border: (3px solid #000000)]
        RenderText {#text} at (3,3) size 944x38
          text run at (3,3) width 944: "This element should have a medium left border width, which will be more obvious if the element is more than one line"
          text run at (3,22) width 39: "long."
      RenderBlock {P} at (0,406) size 964x25 [border: (3px solid #000000) (1px solid #000000)]
        RenderText {#text} at (1,3) size 952x19
          text run at (1,3) width 952: "This element should have a thin left border width, which will be more obvious if the element is more than one line long."
      RenderBlock {P} at (0,447) size 964x19
        RenderText {#text} at (0,0) size 652x19
          text run at (0,0) width 652: "This element should have no border and no extra \"padding\" on its left side, as no "
        RenderInline {CODE} at (0,0) size 79x15
          RenderText {#text} at (652,3) size 79x15
            text run at (652,3) width 79: "border-style"
        RenderText {#text} at (731,0) size 70x19
          text run at (731,0) width 70: " was set."
      RenderTable {TABLE} at (0,482) size 964x366 [border: (1px outset #808080)]
        RenderTableSection {TBODY} at (1,1) size 962x364
          RenderTableRow {TR} at (0,0) size 962x27
            RenderTableCell {TD} at (0,0) size 962x27 [bgcolor=#C0C0C0] [border: (1px inset #808080)] [r=0 c=0 rs=1 cs=2]
              RenderInline {STRONG} at (0,0) size 202x19
                RenderText {#text} at (4,4) size 202x19
                  text run at (4,4) width 202: "TABLE Testing Section"
          RenderTableRow {TR} at (0,27) size 962x337
            RenderTableCell {TD} at (0,182) size 13x27 [bgcolor=#C0C0C0] [border: (1px inset #808080)] [r=1 c=0 rs=1 cs=1]
              RenderText {#text} at (4,4) size 5x19
                text run at (4,4) width 5: " "
            RenderTableCell {TD} at (13,27) size 949x337 [border: (1px inset #808080)] [r=1 c=1 rs=1 cs=1]
              RenderBlock {P} at (4,4) size 941x19
                RenderText {#text} at (0,0) size 186x19
                  text run at (0,0) width 186: "(These will only work if "
                RenderInline {CODE} at (0,0) size 79x15
                  RenderText {#text} at (186,3) size 79x15
                    text run at (186,3) width 79: "border-style"
                RenderText {#text} at (265,0) size 114x19
                  text run at (265,0) width 114: " is supported.)"
              RenderBlock {P} at (4,39) size 941x19 [bgcolor=#C0C0C0]
                RenderText {#text} at (0,0) size 261x19
                  text run at (0,0) width 261: "This element has a class of zero."
              RenderBlock {P} at (4,74) size 941x44 [border: (3px solid #000000) (50px solid #000000)]
                RenderText {#text} at (50,3) size 860x38
                  text run at (50,3) width 860: "This element should have a left border width of 50 pixels, which will be more obvious if the element is more"
                  text run at (50,22) width 148: "than one line long."
              RenderBlock {P} at (4,134) size 941x44 [border: (3px solid #000000) (5px solid #000000)]
                RenderText {#text} at (5,3) size 916x38
                  text run at (5,3) width 916: "This element should have a thick left border width, which will be more obvious if the element is more than one line"
                  text run at (5,22) width 39: "long."
              RenderBlock {P} at (4,194) size 941x44 [border: (3px solid #000000)]
                RenderText {#text} at (3,3) size 911x38
                  text run at (3,3) width 911: "This element should have a medium left border width, which will be more obvious if the element is more than one"
                  text run at (3,22) width 72: "line long."
              RenderBlock {P} at (4,254) size 941x44 [border: (3px solid #000000) (1px solid #000000)]
                RenderText {#text} at (1,3) size 908x38
                  text run at (1,3) width 908: "This element should have a thin left border width, which will be more obvious if the element is more than one line"
                  text run at (1,22) width 39: "long."
              RenderBlock {P} at (4,314) size 941x19
                RenderText {#text} at (0,0) size 652x19
                  text run at (0,0) width 652: "This element should have no border and no extra \"padding\" on its left side, as no "
                RenderInline {CODE} at (0,0) size 79x15
                  RenderText {#text} at (652,3) size 79x15
                    text run at (652,3) width 79: "border-style"
                RenderText {#text} at (731,0) size 70x19
                  text run at (731,0) width 70: " was set."
