layer at (0,0) size 980x735
  RenderView at (0,0) size 980x735
layer at (0,0) size 980x735
  RenderBlock {HTML} at (0,0) size 980x735
    RenderBody {BODY} at (8,8) size 964x719 [bgcolor=#CCCCCC]
      RenderBlock {P} at (0,0) size 964x19
        RenderText {#text} at (0,0) size 451x19
          text run at (0,0) width 451: "The style declarations which apply to the text below are:"
      RenderBlock {PRE} at (0,35) size 964x45
        RenderText {#text} at (0,0) size 589x45
          text run at (0,0) width 306: ".one {border-color: purple; border-style: solid;}"
          text run at (306,0) width 0: " "
          text run at (0,15) width 459: ".two {border-color: purple; border-width: medium; border-style: solid;}"
          text run at (459,15) width 0: " "
          text run at (0,30) width 589: ".three {border-color: purple green blue yellow; border-width: medium; border-style: solid;}"
          text run at (589,30) width 0: " "
      RenderBlock {HR} at (0,93) size 964x2 [border: (1px inset #000000)]
      RenderBlock {P} at (0,111) size 964x25 [border: (3px solid #800080)]
        RenderText {#text} at (3,3) size 455x19
          text run at (3,3) width 455: "This element should have a purple border surrounding it."
      RenderBlock {P} at (0,152) size 964x25 [border: (3px solid #800080)]
        RenderText {#text} at (3,3) size 575x19
          text run at (3,3) width 575: "This element should have a medium-width purple border surrounding it."
      RenderBlock {P} at (0,193) size 964x44 [border: (3px solid #800080) (3px solid #008000) (3px solid #0000FF) (3px solid #FFFF00)]
        RenderText {#text} at (3,3) size 940x38
          text run at (3,3) width 940: "This element should be surrounded by a medium width border which is purple on top, green on the right side, blue on"
          text run at (3,22) width 313: "the bottom, and yellow on the left side."
      RenderTable {TABLE} at (0,253) size 964x163 [border: (1px outset #808080)]
        RenderTableSection {TBODY} at (1,1) size 962x161
          RenderTableRow {TR} at (0,0) size 962x27
            RenderTableCell {TD} at (0,0) size 962x27 [bgcolor=#C0C0C0] [border: (1px inset #808080)] [r=0 c=0 rs=1 cs=2]
              RenderInline {STRONG} at (0,0) size 202x19
                RenderText {#text} at (4,4) size 202x19
                  text run at (4,4) width 202: "TABLE Testing Section"
          RenderTableRow {TR} at (0,27) size 962x134
            RenderTableCell {TD} at (0,80) size 13x27 [bgcolor=#C0C0C0] [border: (1px inset #808080)] [r=1 c=0 rs=1 cs=1]
              RenderText {#text} at (4,4) size 5x19
                text run at (4,4) width 5: " "
            RenderTableCell {TD} at (13,27) size 949x134 [border: (1px inset #808080)] [r=1 c=1 rs=1 cs=1]
              RenderBlock {P} at (4,4) size 941x25 [border: (3px solid #800080)]
                RenderText {#text} at (3,3) size 455x19
                  text run at (3,3) width 455: "This element should have a purple border surrounding it."
              RenderBlock {P} at (4,45) size 941x25 [border: (3px solid #800080)]
                RenderText {#text} at (3,3) size 575x19
                  text run at (3,3) width 575: "This element should have a medium-width purple border surrounding it."
              RenderBlock {P} at (4,86) size 941x44 [border: (3px solid #800080) (3px solid #008000) (3px solid #0000FF) (3px solid #FFFF00)]
                RenderText {#text} at (3,3) size 915x38
                  text run at (3,3) width 915: "This element should be surrounded by a medium width border which is purple on top, green on the right side, blue"
                  text run at (3,22) width 338: "on the bottom, and yellow on the left side."
