layer at (0,0) size 980x735
  RenderView at (0,0) size 980x735
layer at (0,0) size 980x735
  RenderBlock {HTML} at (0,0) size 980x735
    RenderBody {BODY} at (8,8) size 964x719 [bgcolor=#CCCCCC]
      RenderBlock {P} at (0,0) size 964x19
        RenderText {#text} at (0,0) size 451x19
          text run at (0,0) width 451: "The style declarations which apply to the text below are:"
      RenderBlock {PRE} at (0,35) size 964x45
        RenderText {#text} at (0,0) size 208x45
          text run at (0,0) width 208: ".one {border: 10px teal outset;}"
          text run at (208,0) width 0: " "
          text run at (0,15) width 206: ".two {border: 10px olive inset;}"
          text run at (206,15) width 0: " "
          text run at (0,30) width 0: " "
      RenderBlock {HR} at (0,93) size 964x2 [border: (1px inset #000000)]
      RenderBlock {P} at (0,111) size 964x57 [bgcolor=#C0C0C0]
        RenderText {#text} at (0,0) size 863x19
          text run at (0,0) width 863: "This is an unstyled element, save for the background color, and containing inline elements with a classes of "
        RenderInline {SPAN} at (0,0) size 94x39 [border: (10px outset #008080)]
          RenderText {#text} at (873,0) size 74x19
            text run at (873,0) width 74: "class one"
        RenderText {#text} at (957,0) size 962x38
          text run at (957,0) width 5: ","
          text run at (0,19) width 449: "which should result in a 10-pixel outset teal border; and "
        RenderInline {SPAN} at (0,0) size 93x39 [border: (10px inset #808000)]
          RenderText {#text} at (459,19) size 73x19
            text run at (459,19) width 73: "class two"
        RenderText {#text} at (542,19) size 956x38
          text run at (542,19) width 414: ", which should result in a 10-pixel inset olive border."
          text run at (0,38) width 549: "The line-height of the parent element should not change on any line."
      RenderTable {TABLE} at (0,184) size 964x94 [border: (1px outset #808080)]
        RenderTableSection {TBODY} at (1,1) size 962x92
          RenderTableRow {TR} at (0,0) size 962x27
            RenderTableCell {TD} at (0,0) size 962x27 [bgcolor=#C0C0C0] [border: (1px inset #808080)] [r=0 c=0 rs=1 cs=2]
              RenderInline {STRONG} at (0,0) size 202x19
                RenderText {#text} at (4,4) size 202x19
                  text run at (4,4) width 202: "TABLE Testing Section"
          RenderTableRow {TR} at (0,27) size 962x65
            RenderTableCell {TD} at (0,46) size 13x27 [bgcolor=#C0C0C0] [border: (1px inset #808080)] [r=1 c=0 rs=1 cs=1]
              RenderText {#text} at (4,4) size 5x19
                text run at (4,4) width 5: " "
            RenderTableCell {TD} at (13,27) size 949x65 [border: (1px inset #808080)] [r=1 c=1 rs=1 cs=1]
              RenderBlock {P} at (4,4) size 941x57 [bgcolor=#C0C0C0]
                RenderText {#text} at (0,0) size 863x19
                  text run at (0,0) width 863: "This is an unstyled element, save for the background color, and containing inline elements with a classes of "
                RenderInline {SPAN} at (0,0) size 912x58 [border: (10px outset #008080)]
                  RenderText {#text} at (873,0) size 912x38
                    text run at (873,0) width 39: "class"
                    text run at (0,19) width 30: "one"
                RenderText {#text} at (40,19) size 459x19
                  text run at (40,19) width 459: ", which should result in a 10-pixel outset teal border; and "
                RenderInline {SPAN} at (0,0) size 93x39 [border: (10px inset #808000)]
                  RenderText {#text} at (509,19) size 73x19
                    text run at (509,19) width 73: "class two"
                RenderText {#text} at (592,19) size 900x38
                  text run at (592,19) width 308: ", which should result in a 10-pixel inset"
                  text run at (0,38) width 106: "olive border. "
                  text run at (106,38) width 549: "The line-height of the parent element should not change on any line."
