layer at (0,0) size 980x735
  RenderView at (0,0) size 980x735
layer at (0,0) size 980x735
  RenderBlock {HTML} at (0,0) size 980x735
    RenderBody {BODY} at (8,8) size 964x719 [bgcolor=#CCCCCC]
      RenderBlock {P} at (0,0) size 964x19
        RenderText {#text} at (0,0) size 451x19
          text run at (0,0) width 451: "The style declarations which apply to the text below are:"
      RenderBlock {PRE} at (0,35) size 964x45
        RenderText {#text} at (0,0) size 301x45
          text run at (0,0) width 301: ".one {border-width: 25px; border-style: solid;}"
          text run at (301,0) width 0: " "
          text run at (0,15) width 294: ".two {border-width: thin; border-style: solid;}"
          text run at (294,15) width 0: " "
          text run at (0,30) width 185: ".three {border-width: 25px;}"
          text run at (185,30) width 0: " "
      RenderBlock {HR} at (0,93) size 964x2 [border: (1px inset #000000)]
      RenderBlock {P} at (0,111) size 964x107 [border: (25px solid #000000)]
        RenderText {#text} at (25,25) size 221x19
          text run at (25,25) width 221: "This element has a class of "
        RenderInline {TT} at (0,0) size 24x15
          RenderText {#text} at (246,28) size 24x15
            text run at (246,28) width 24: "one"
        RenderText {#text} at (270,25) size 203x19
          text run at (270,25) width 10: ". "
          text run at (280,25) width 193: "However, it contains an "
        RenderInline {SPAN} at (0,0) size 209x21 [border: (1px solid #000000)]
          RenderText {#text} at (474,25) size 183x19
            text run at (474,25) width 183: "inline element of class "
          RenderInline {TT} at (0,0) size 24x15
            RenderText {#text} at (657,28) size 24x15
              text run at (657,28) width 24: "two"
        RenderText {#text} at (682,25) size 889x38
          text run at (682,25) width 232: ", which should result in a thin"
          text run at (25,44) width 478: "solid border on each side of each box in the inline element. "
          text run at (503,44) width 131: "There is also an "
        RenderInline {SPAN} at (0,0) size 217x19
          RenderText {#text} at (634,44) size 183x19
            text run at (634,44) width 183: "inline element of class "
          RenderInline {TT} at (0,0) size 34x15
            RenderText {#text} at (817,47) size 34x15
              text run at (817,47) width 34: "three"
        RenderText {#text} at (851,44) size 882x38
          text run at (851,44) width 56: ", which"
          text run at (25,63) width 496: "should have no border width because no border style was set."
      RenderTable {TABLE} at (0,234) size 964x144 [border: (1px outset #808080)]
        RenderTableSection {TBODY} at (1,1) size 962x142
          RenderTableRow {TR} at (0,0) size 962x27
            RenderTableCell {TD} at (0,0) size 962x27 [bgcolor=#C0C0C0] [border: (1px inset #808080)] [r=0 c=0 rs=1 cs=2]
              RenderInline {STRONG} at (0,0) size 202x19
                RenderText {#text} at (4,4) size 202x19
                  text run at (4,4) width 202: "TABLE Testing Section"
          RenderTableRow {TR} at (0,27) size 962x115
            RenderTableCell {TD} at (0,71) size 13x27 [bgcolor=#C0C0C0] [border: (1px inset #808080)] [r=1 c=0 rs=1 cs=1]
              RenderText {#text} at (4,4) size 5x19
                text run at (4,4) width 5: " "
            RenderTableCell {TD} at (13,27) size 949x115 [border: (1px inset #808080)] [r=1 c=1 rs=1 cs=1]
              RenderBlock {P} at (4,4) size 941x107 [border: (25px solid #000000)]
                RenderText {#text} at (25,25) size 221x19
                  text run at (25,25) width 221: "This element has a class of "
                RenderInline {TT} at (0,0) size 24x15
                  RenderText {#text} at (246,28) size 24x15
                    text run at (246,28) width 24: "one"
                RenderText {#text} at (270,25) size 203x19
                  text run at (270,25) width 10: ". "
                  text run at (280,25) width 193: "However, it contains an "
                RenderInline {SPAN} at (0,0) size 209x21 [border: (1px solid #000000)]
                  RenderText {#text} at (474,25) size 183x19
                    text run at (474,25) width 183: "inline element of class "
                  RenderInline {TT} at (0,0) size 24x15
                    RenderText {#text} at (657,28) size 24x15
                      text run at (657,28) width 24: "two"
                RenderText {#text} at (682,25) size 889x38
                  text run at (682,25) width 232: ", which should result in a thin"
                  text run at (25,44) width 478: "solid border on each side of each box in the inline element. "
                  text run at (503,44) width 131: "There is also an "
                RenderInline {SPAN} at (0,0) size 217x19
                  RenderText {#text} at (634,44) size 183x19
                    text run at (634,44) width 183: "inline element of class "
                  RenderInline {TT} at (0,0) size 34x15
                    RenderText {#text} at (817,47) size 34x15
                      text run at (817,47) width 34: "three"
                RenderText {#text} at (851,44) size 882x38
                  text run at (851,44) width 56: ", which"
                  text run at (25,63) width 496: "should have no border width because no border style was set."
