layer at (0,0) size 980x883
  RenderView at (0,0) size 980x735
layer at (0,0) size 980x883
  RenderBlock {HTML} at (0,0) size 980x883
    RenderBody {BODY} at (8,8) size 964x867 [bgcolor=#CCCCCC]
      RenderBlock {P} at (0,0) size 964x19
        RenderText {#text} at (0,0) size 451x19
          text run at (0,0) width 451: "The style declarations which apply to the text below are:"
      RenderBlock {PRE} at (0,35) size 964x90
        RenderText {#text} at (0,0) size 368x90
          text run at (0,0) width 355: ".zero {background-color: silver; border-right-width: 0;}"
          text run at (355,0) width 0: " "
          text run at (0,15) width 336: ".one {border-right-width: 25px; border-style: solid;}"
          text run at (336,15) width 0: " "
          text run at (0,30) width 336: ".two {border-right-width: thick; border-style: solid;}"
          text run at (336,30) width 0: " "
          text run at (0,45) width 368: ".three {border-right-width: medium; border-style: solid;}"
          text run at (368,45) width 0: " "
          text run at (0,60) width 331: ".four {border-right-width: thin; border-style: solid;}"
          text run at (331,60) width 0: " "
          text run at (0,75) width 219: ".five {border-right-width: 100px;}"
          text run at (219,75) width 0: " "
      RenderBlock {HR} at (0,138) size 964x2 [border: (1px inset #000000)]
      RenderBlock {P} at (0,156) size 964x19
        RenderText {#text} at (0,0) size 186x19
          text run at (0,0) width 186: "(These will only work if "
        RenderInline {CODE} at (0,0) size 79x15
          RenderText {#text} at (186,3) size 79x15
            text run at (186,3) width 79: "border-style"
        RenderText {#text} at (265,0) size 114x19
          text run at (265,0) width 114: " is supported.)"
      RenderBlock {P} at (0,191) size 964x19 [bgcolor=#C0C0C0]
        RenderText {#text} at (0,0) size 261x19
          text run at (0,0) width 261: "This element has a class of zero."
      RenderBlock {P} at (0,226) size 964x44 [border: (3px solid #000000) (25px solid #000000) (3px solid #000000)]
        RenderText {#text} at (3,3) size 912x38
          text run at (3,3) width 912: "This element should have a right border width of 25 pixels, which will be more obvious if the element is more than"
          text run at (3,22) width 107: "one line long."
      RenderBlock {P} at (0,286) size 964x44 [border: (3px solid #000000) (5px solid #000000) (3px solid #000000)]
        RenderText {#text} at (3,3) size 927x38
          text run at (3,3) width 927: "This element should have a thick right border width, which will be more obvious if the element is more than one line"
          text run at (3,22) width 39: "long."
      RenderBlock {P} at (0,346) size 964x44 [border: (3px solid #000000)]
        RenderText {#text} at (3,3) size 955x38
          text run at (3,3) width 955: "This element should have a medium right border width, which will be more obvious if the element is more than one line"
          text run at (3,22) width 39: "long."
      RenderBlock {P} at (0,406) size 964x44 [border: (3px solid #000000) (1px solid #000000) (3px solid #000000)]
        RenderText {#text} at (3,3) size 919x38
          text run at (3,3) width 919: "This element should have a thin right border width, which will be more obvious if the element is more than one line"
          text run at (3,22) width 39: "long."
      RenderBlock {P} at (0,466) size 964x19
        RenderText {#text} at (0,0) size 663x19
          text run at (0,0) width 663: "This element should have no border and no extra \"padding\" on its right side, as no "
        RenderInline {CODE} at (0,0) size 79x15
          RenderText {#text} at (663,3) size 79x15
            text run at (663,3) width 79: "border-style"
        RenderText {#text} at (742,0) size 70x19
          text run at (742,0) width 70: " was set."
      RenderTable {TABLE} at (0,501) size 964x366 [border: (1px outset #808080)]
        RenderTableSection {TBODY} at (1,1) size 962x364
          RenderTableRow {TR} at (0,0) size 962x27
            RenderTableCell {TD} at (0,0) size 962x27 [bgcolor=#C0C0C0] [border: (1px inset #808080)] [r=0 c=0 rs=1 cs=2]
              RenderInline {STRONG} at (0,0) size 202x19
                RenderText {#text} at (4,4) size 202x19
                  text run at (4,4) width 202: "TABLE Testing Section"
          RenderTableRow {TR} at (0,27) size 962x337
            RenderTableCell {TD} at (0,182) size 13x27 [bgcolor=#C0C0C0] [border: (1px inset #808080)] [r=1 c=0 rs=1 cs=1]
              RenderText {#text} at (4,4) size 5x19
                text run at (4,4) width 5: " "
            RenderTableCell {TD} at (13,27) size 949x337 [border: (1px inset #808080)] [r=1 c=1 rs=1 cs=1]
              RenderBlock {P} at (4,4) size 941x19
                RenderText {#text} at (0,0) size 186x19
                  text run at (0,0) width 186: "(These will only work if "
                RenderInline {CODE} at (0,0) size 79x15
                  RenderText {#text} at (186,3) size 79x15
                    text run at (186,3) width 79: "border-style"
                RenderText {#text} at (265,0) size 114x19
                  text run at (265,0) width 114: " is supported.)"
              RenderBlock {P} at (4,39) size 941x19 [bgcolor=#C0C0C0]
                RenderText {#text} at (0,0) size 261x19
                  text run at (0,0) width 261: "This element has a class of zero."
              RenderBlock {P} at (4,74) size 941x44 [border: (3px solid #000000) (25px solid #000000) (3px solid #000000)]
                RenderText {#text} at (3,3) size 912x38
                  text run at (3,3) width 912: "This element should have a right border width of 25 pixels, which will be more obvious if the element is more than"
                  text run at (3,22) width 107: "one line long."
              RenderBlock {P} at (4,134) size 941x44 [border: (3px solid #000000) (5px solid #000000) (3px solid #000000)]
                RenderText {#text} at (3,3) size 927x38
                  text run at (3,3) width 927: "This element should have a thick right border width, which will be more obvious if the element is more than one line"
                  text run at (3,22) width 39: "long."
              RenderBlock {P} at (4,194) size 941x44 [border: (3px solid #000000)]
                RenderText {#text} at (3,3) size 922x38
                  text run at (3,3) width 922: "This element should have a medium right border width, which will be more obvious if the element is more than one"
                  text run at (3,22) width 72: "line long."
              RenderBlock {P} at (4,254) size 941x44 [border: (3px solid #000000) (1px solid #000000) (3px solid #000000)]
                RenderText {#text} at (3,3) size 919x38
                  text run at (3,3) width 919: "This element should have a thin right border width, which will be more obvious if the element is more than one line"
                  text run at (3,22) width 39: "long."
              RenderBlock {P} at (4,314) size 941x19
                RenderText {#text} at (0,0) size 663x19
                  text run at (0,0) width 663: "This element should have no border and no extra \"padding\" on its right side, as no "
                RenderInline {CODE} at (0,0) size 79x15
                  RenderText {#text} at (663,3) size 79x15
                    text run at (663,3) width 79: "border-style"
                RenderText {#text} at (742,0) size 70x19
                  text run at (742,0) width 70: " was set."
