layer at (0,0) size 980x735
  RenderView at (0,0) size 980x735
layer at (0,0) size 980x735
  RenderBlock {HTML} at (0,0) size 980x735
    RenderBody {BODY} at (8,8) size 964x719 [bgcolor=#CCCCCC]
      RenderBlock {P} at (0,0) size 964x19
        RenderText {#text} at (0,0) size 451x19
          text run at (0,0) width 451: "The style declarations which apply to the text below are:"
      RenderBlock {PRE} at (0,35) size 964x45
        RenderText {#text} at (0,0) size 589x45
          text run at (0,0) width 306: ".one {border-color: purple; border-style: solid;}"
          text run at (306,0) width 0: " "
          text run at (0,15) width 459: ".two {border-color: purple; border-width: medium; border-style: solid;}"
          text run at (459,15) width 0: " "
          text run at (0,30) width 589: ".three {border-color: purple green blue yellow; border-width: medium; border-style: solid;}"
          text run at (589,30) width 0: " "
      RenderBlock {HR} at (0,93) size 964x2 [border: (1px inset #000000)]
      RenderBlock {P} at (0,111) size 964x76 [bgcolor=#C0C0C0]
        RenderText {#text} at (0,0) size 863x19
          text run at (0,0) width 863: "This is an unstyled element, save for the background color, and containing inline elements with a classes of "
        RenderInline {SPAN} at (0,0) size 80x25 [border: (3px solid #800080)]
          RenderText {#text} at (866,0) size 74x19
            text run at (866,0) width 74: "class one"
        RenderText {#text} at (943,0) size 5x19
          text run at (943,0) width 5: ","
        RenderInline {SPAN} at (0,0) size 79x25 [border: (3px solid #800080)]
          RenderText {#text} at (3,19) size 73x19
            text run at (3,19) width 73: "class two"
        RenderText {#text} at (79,19) size 45x19
          text run at (79,19) width 45: ", and "
        RenderInline {SPAN} at (0,0) size 93x25 [border: (3px solid #800080) (3px solid #008000) (3px solid #0000FF) (3px solid #FFFF00)]
          RenderText {#text} at (127,19) size 87x19
            text run at (127,19) width 87: "class three"
        RenderText {#text} at (217,19) size 962x57
          text run at (217,19) width 10: ". "
          text run at (227,19) width 729: "The effect for each inline element should be to have a purple medium-width solid border in"
          text run at (0,38) width 791: "the first and second cases, and a purple-green-blue-yellow medium-width solid border in the third. "
          text run at (791,38) width 171: "The line-height of the"
          text run at (0,57) width 422: "parent element should not change at all, on any line."
      RenderTable {TABLE} at (0,203) size 964x113 [border: (1px outset #808080)]
        RenderTableSection {TBODY} at (1,1) size 962x111
          RenderTableRow {TR} at (0,0) size 962x27
            RenderTableCell {TD} at (0,0) size 962x27 [bgcolor=#C0C0C0] [border: (1px inset #808080)] [r=0 c=0 rs=1 cs=2]
              RenderInline {STRONG} at (0,0) size 202x19
                RenderText {#text} at (4,4) size 202x19
                  text run at (4,4) width 202: "TABLE Testing Section"
          RenderTableRow {TR} at (0,27) size 962x84
            RenderTableCell {TD} at (0,55) size 13x27 [bgcolor=#C0C0C0] [border: (1px inset #808080)] [r=1 c=0 rs=1 cs=1]
              RenderText {#text} at (4,4) size 5x19
                text run at (4,4) width 5: " "
            RenderTableCell {TD} at (13,27) size 949x84 [border: (1px inset #808080)] [r=1 c=1 rs=1 cs=1]
              RenderBlock {P} at (4,4) size 941x76 [bgcolor=#C0C0C0]
                RenderText {#text} at (0,0) size 863x19
                  text run at (0,0) width 863: "This is an unstyled element, save for the background color, and containing inline elements with a classes of "
                RenderInline {SPAN} at (0,0) size 905x44 [border: (3px solid #800080)]
                  RenderText {#text} at (866,0) size 905x38
                    text run at (866,0) width 39: "class"
                    text run at (0,19) width 30: "one"
                RenderText {#text} at (33,19) size 10x19
                  text run at (33,19) width 10: ", "
                RenderInline {SPAN} at (0,0) size 79x25 [border: (3px solid #800080)]
                  RenderText {#text} at (46,19) size 73x19
                    text run at (46,19) width 73: "class two"
                RenderText {#text} at (122,19) size 45x19
                  text run at (122,19) width 45: ", and "
                RenderInline {SPAN} at (0,0) size 93x25 [border: (3px solid #800080) (3px solid #008000) (3px solid #0000FF) (3px solid #FFFF00)]
                  RenderText {#text} at (170,19) size 87x19
                    text run at (170,19) width 87: "class three"
                RenderText {#text} at (260,19) size 938x57
                  text run at (260,19) width 10: ". "
                  text run at (270,19) width 651: "The effect for each inline element should be to have a purple medium-width solid"
                  text run at (0,38) width 869: "border in the first and second cases, and a purple-green-blue-yellow medium-width solid border in the third. "
                  text run at (869,38) width 69: "The line-"
                  text run at (0,57) width 529: "height of the parent element should not change at all, on any line."
