layer at (0,0) size 980x919
  RenderView at (0,0) size 980x735
layer at (0,0) size 980x919
  RenderBlock {HTML} at (0,0) size 980x919
    RenderBody {BODY} at (8,8) size 964x903 [bgcolor=#CCCCCC]
      RenderBlock {P} at (0,0) size 964x19
        RenderText {#text} at (0,0) size 451x19
          text run at (0,0) width 451: "The style declarations which apply to the text below are:"
      RenderBlock {PRE} at (0,35) size 964x90
        RenderText {#text} at (0,0) size 333x90
          text run at (0,0) width 320: ".zero {background-color: silver; border-width: 0;}"
          text run at (320,0) width 0: " "
          text run at (0,15) width 301: ".one {border-width: 50px; border-style: solid;}"
          text run at (301,15) width 0: " "
          text run at (0,30) width 301: ".two {border-width: thick; border-style: solid;}"
          text run at (301,30) width 0: " "
          text run at (0,45) width 333: ".three {border-width: medium; border-style: solid;}"
          text run at (333,45) width 0: " "
          text run at (0,60) width 296: ".four {border-width: thin; border-style: solid;}"
          text run at (296,60) width 0: " "
          text run at (0,75) width 176: ".five {border-width: 25px;}"
          text run at (176,75) width 0: " "
      RenderBlock {HR} at (0,138) size 964x2 [border: (1px inset #000000)]
      RenderBlock {P} at (0,156) size 964x19
        RenderText {#text} at (0,0) size 186x19
          text run at (0,0) width 186: "(These will only work if "
        RenderInline {CODE} at (0,0) size 79x15
          RenderText {#text} at (186,3) size 79x15
            text run at (186,3) width 79: "border-style"
        RenderText {#text} at (265,0) size 114x19
          text run at (265,0) width 114: " is supported.)"
      RenderBlock {P} at (0,191) size 964x19 [bgcolor=#C0C0C0]
        RenderText {#text} at (0,0) size 261x19
          text run at (0,0) width 261: "This element has a class of zero."
      RenderBlock {P} at (0,226) size 964x119 [border: (50px solid #000000)]
        RenderText {#text} at (50,50) size 496x19
          text run at (50,50) width 496: "This element should have an overall border width of 50 pixels."
      RenderBlock {P} at (0,361) size 964x29 [border: (5px solid #000000)]
        RenderText {#text} at (5,5) size 433x19
          text run at (5,5) width 433: "This element should have a thick overall border width."
      RenderBlock {P} at (0,406) size 964x25 [border: (3px solid #000000)]
        RenderText {#text} at (3,3) size 461x19
          text run at (3,3) width 461: "This element should have a medium overall border width."
      RenderBlock {P} at (0,447) size 964x21 [border: (1px solid #000000)]
        RenderText {#text} at (1,1) size 425x19
          text run at (1,1) width 425: "This element should have a thin overall border width."
      RenderBlock {P} at (0,484) size 964x19
        RenderText {#text} at (0,0) size 632x19
          text run at (0,0) width 632: "This element should have no border and no extra \"padding\" on any side, as no "
        RenderInline {CODE} at (0,0) size 79x15
          RenderText {#text} at (632,3) size 79x15
            text run at (632,3) width 79: "border-style"
        RenderText {#text} at (711,0) size 70x19
          text run at (711,0) width 70: " was set."
      RenderTable {TABLE} at (0,519) size 804x384 [border: (1px outset #808080)]
        RenderTableSection {TBODY} at (1,1) size 802x382
          RenderTableRow {TR} at (0,0) size 802x27
            RenderTableCell {TD} at (0,0) size 802x27 [bgcolor=#C0C0C0] [border: (1px inset #808080)] [r=0 c=0 rs=1 cs=2]
              RenderInline {STRONG} at (0,0) size 202x19
                RenderText {#text} at (4,4) size 202x19
                  text run at (4,4) width 202: "TABLE Testing Section"
          RenderTableRow {TR} at (0,27) size 802x355
            RenderTableCell {TD} at (0,191) size 13x27 [bgcolor=#C0C0C0] [border: (1px inset #808080)] [r=1 c=0 rs=1 cs=1]
              RenderText {#text} at (4,4) size 5x19
                text run at (4,4) width 5: " "
            RenderTableCell {TD} at (13,27) size 789x355 [border: (1px inset #808080)] [r=1 c=1 rs=1 cs=1]
              RenderBlock {P} at (4,4) size 781x19
                RenderText {#text} at (0,0) size 186x19
                  text run at (0,0) width 186: "(These will only work if "
                RenderInline {CODE} at (0,0) size 79x15
                  RenderText {#text} at (186,3) size 79x15
                    text run at (186,3) width 79: "border-style"
                RenderText {#text} at (265,0) size 114x19
                  text run at (265,0) width 114: " is supported.)"
              RenderBlock {P} at (4,39) size 781x19 [bgcolor=#C0C0C0]
                RenderText {#text} at (0,0) size 261x19
                  text run at (0,0) width 261: "This element has a class of zero."
              RenderBlock {P} at (4,74) size 781x119 [border: (50px solid #000000)]
                RenderText {#text} at (50,50) size 496x19
                  text run at (50,50) width 496: "This element should have an overall border width of 50 pixels."
              RenderBlock {P} at (4,209) size 781x29 [border: (5px solid #000000)]
                RenderText {#text} at (5,5) size 433x19
                  text run at (5,5) width 433: "This element should have a thick overall border width."
              RenderBlock {P} at (4,254) size 781x25 [border: (3px solid #000000)]
                RenderText {#text} at (3,3) size 461x19
                  text run at (3,3) width 461: "This element should have a medium overall border width."
              RenderBlock {P} at (4,295) size 781x21 [border: (1px solid #000000)]
                RenderText {#text} at (1,1) size 425x19
                  text run at (1,1) width 425: "This element should have a thin overall border width."
              RenderBlock {P} at (4,332) size 781x19
                RenderText {#text} at (0,0) size 632x19
                  text run at (0,0) width 632: "This element should have no border and no extra \"padding\" on any side, as no "
                RenderInline {CODE} at (0,0) size 79x15
                  RenderText {#text} at (632,3) size 79x15
                    text run at (632,3) width 79: "border-style"
                RenderText {#text} at (711,0) size 70x19
                  text run at (711,0) width 70: " was set."
