layer at (0,0) size 980x735
  RenderView at (0,0) size 980x735
layer at (0,0) size 980x735
  RenderBlock {HTML} at (0,0) size 980x735
    RenderBody {BODY} at (8,8) size 964x719 [bgcolor=#CCCCCC]
      RenderBlock {P} at (0,0) size 964x19
        RenderText {#text} at (0,0) size 451x19
          text run at (0,0) width 451: "The style declarations which apply to the text below are:"
      RenderBlock {PRE} at (0,35) size 964x45
        RenderText {#text} at (0,0) size 120x45
          text run at (0,0) width 112: ".one {float: left;}"
          text run at (112,0) width 0: " "
          text run at (0,15) width 120: ".two {float: right;}"
          text run at (120,15) width 0: " "
          text run at (0,30) width 0: " "
      RenderBlock {HR} at (0,93) size 964x2 [border: (1px inset #000000)]
      RenderImage {IMG} at (0,103) size 15x50
      RenderBlock {P} at (0,111) size 964x38
        RenderText {#text} at (15,0) size 917x38
          text run at (15,0) width 759: "This text should be flowing past a tall orange rectangle on the left side of the browser window. "
          text run at (774,0) width 158: "In this case, it is the"
          text run at (15,19) width 328: "image which has been floated to the left."
      RenderBlock (anonymous) at (0,165) size 964x19
        RenderBR {BR} at (0,0) size 0x19
      RenderBlock {HR} at (0,192) size 964x2 [border: (1px inset #000000)]
      RenderImage {IMG} at (949,202) size 15x50
      RenderBlock {P} at (0,210) size 964x38
        RenderText {#text} at (0,0) size 928x38
          text run at (0,0) width 770: "This text should be flowing past a tall orange rectangle on the right side of the browser window. "
          text run at (770,0) width 158: "In this case, it is the"
          text run at (0,19) width 339: "image which has been floated to the right."
      RenderTable {TABLE} at (0,264) size 964x178 [border: (1px outset #808080)]
        RenderTableSection {TBODY} at (1,1) size 962x176
          RenderTableRow {TR} at (0,0) size 962x27
            RenderTableCell {TD} at (0,0) size 962x27 [bgcolor=#C0C0C0] [border: (1px inset #808080)] [r=0 c=0 rs=1 cs=2]
              RenderInline {STRONG} at (0,0) size 202x19
                RenderText {#text} at (4,4) size 202x19
                  text run at (4,4) width 202: "TABLE Testing Section"
          RenderTableRow {TR} at (0,27) size 962x149
            RenderTableCell {TD} at (0,88) size 13x27 [bgcolor=#C0C0C0] [border: (1px inset #808080)] [r=1 c=0 rs=1 cs=1]
              RenderText {#text} at (4,4) size 5x19
                text run at (4,4) width 5: " "
            RenderTableCell {TD} at (13,27) size 949x149 [border: (1px inset #808080)] [r=1 c=1 rs=1 cs=1]
              RenderImage {IMG} at (4,4) size 15x50
              RenderBlock {P} at (4,4) size 941x38
                RenderText {#text} at (15,0) size 917x38
                  text run at (15,0) width 759: "This text should be flowing past a tall orange rectangle on the left side of the browser window. "
                  text run at (774,0) width 158: "In this case, it is the"
                  text run at (15,19) width 328: "image which has been floated to the left."
              RenderBlock (anonymous) at (4,58) size 941x19
                RenderBR {BR} at (0,0) size 0x19
              RenderBlock {HR} at (4,85) size 941x2 [border: (1px inset #000000)]
              RenderImage {IMG} at (930,95) size 15x50
              RenderBlock {P} at (4,103) size 941x38
                RenderText {#text} at (0,0) size 897x38
                  text run at (0,0) width 770: "This text should be flowing past a tall orange rectangle on the right side of the browser window. "
                  text run at (770,0) width 127: "In this case, it is"
                  text run at (0,19) width 370: "the image which has been floated to the right."
