layer at (0,0) size 980x984
  RenderView at (0,0) size 980x735
layer at (0,0) size 980x984
  RenderBlock {HTML} at (0,0) size 980x984
    RenderBody {BODY} at (8,8) size 964x968 [bgcolor=#CCCCCC]
      RenderBlock {P} at (0,0) size 964x19
        RenderText {#text} at (0,0) size 451x19
          text run at (0,0) width 451: "The style declarations which apply to the text below are:"
      RenderBlock {PRE} at (0,35) size 964x45
        RenderText {#text} at (0,0) size 141x45
          text run at (0,0) width 133: ".one {height: 50px;}"
          text run at (133,0) width 0: " "
          text run at (0,15) width 141: ".two {height: 100px;}"
          text run at (141,15) width 0: " "
          text run at (0,30) width 0: " "
      RenderBlock {HR} at (0,93) size 964x2 [border: (1px inset #000000)]
      RenderBlock (anonymous) at (0,103) size 964x50
        RenderImage {IMG} at (0,0) size 50x50
        RenderText {#text} at (0,0) size 0x0
      RenderBlock {P} at (0,169) size 964x19
        RenderText {#text} at (0,0) size 346x19
          text run at (0,0) width 346: "The square above should be fifty pixels tall."
      RenderBlock (anonymous) at (0,204) size 964x100
        RenderImage {IMG} at (0,0) size 100x100
        RenderText {#text} at (0,0) size 0x0
      RenderBlock {P} at (0,320) size 964x19
        RenderText {#text} at (0,0) size 422x19
          text run at (0,0) width 422: "The square above should be 100 pixels tall and wide."
      RenderBlock (anonymous) at (0,355) size 964x100
        RenderImage {IMG} at (0,0) size 30x100
        RenderText {#text} at (0,0) size 0x0
      RenderBlock {P} at (0,471) size 964x38
        RenderText {#text} at (0,0) size 951x38
          text run at (0,0) width 951: "The rectangular image above should be 100 pixels tall and 30 pixels wide (the original image is 50x15, and the size has"
          text run at (0,19) width 192: "been doubled using the "
        RenderInline {CODE} at (0,0) size 41x15
          RenderText {#text} at (192,22) size 41x15
            text run at (192,22) width 41: "height"
        RenderText {#text} at (233,19) size 85x19
          text run at (233,19) width 85: " property)."
      RenderTable {TABLE} at (0,525) size 964x443 [border: (1px outset #808080)]
        RenderTableSection {TBODY} at (1,1) size 962x441
          RenderTableRow {TR} at (0,0) size 962x27
            RenderTableCell {TD} at (0,0) size 962x27 [bgcolor=#C0C0C0] [border: (1px inset #808080)] [r=0 c=0 rs=1 cs=2]
              RenderInline {STRONG} at (0,0) size 202x19
                RenderText {#text} at (4,4) size 202x19
                  text run at (4,4) width 202: "TABLE Testing Section"
          RenderTableRow {TR} at (0,27) size 962x414
            RenderTableCell {TD} at (0,220) size 13x27 [bgcolor=#C0C0C0] [border: (1px inset #808080)] [r=1 c=0 rs=1 cs=1]
              RenderText {#text} at (4,4) size 5x19
                text run at (4,4) width 5: " "
            RenderTableCell {TD} at (13,27) size 949x414 [border: (1px inset #808080)] [r=1 c=1 rs=1 cs=1]
              RenderBlock (anonymous) at (4,4) size 941x50
                RenderImage {IMG} at (0,0) size 50x50
                RenderText {#text} at (0,0) size 0x0
              RenderBlock {P} at (4,70) size 941x19
                RenderText {#text} at (0,0) size 346x19
                  text run at (0,0) width 346: "The square above should be fifty pixels tall."
              RenderBlock (anonymous) at (4,105) size 941x100
                RenderImage {IMG} at (0,0) size 100x100
                RenderText {#text} at (0,0) size 0x0
              RenderBlock {P} at (4,221) size 941x19
                RenderText {#text} at (0,0) size 422x19
                  text run at (0,0) width 422: "The square above should be 100 pixels tall and wide."
              RenderBlock (anonymous) at (4,256) size 941x100
                RenderImage {IMG} at (0,0) size 30x100
                RenderText {#text} at (0,0) size 0x0
              RenderBlock {P} at (4,372) size 941x38
                RenderText {#text} at (0,0) size 918x38
                  text run at (0,0) width 918: "The rectangular image above should be 100 pixels tall and 30 pixels wide (the original image is 50x15, and the size"
                  text run at (0,19) width 225: "has been doubled using the "
                RenderInline {CODE} at (0,0) size 41x15
                  RenderText {#text} at (225,22) size 41x15
                    text run at (225,22) width 41: "height"
                RenderText {#text} at (266,19) size 85x19
                  text run at (266,19) width 85: " property)."
