layer at (0,0) size 982x1057
  RenderView at (0,0) size 980x735
layer at (0,0) size 980x1057
  RenderBlock {HTML} at (0,0) size 980x1057
    RenderBody {BODY} at (8,8) size 964x1041 [bgcolor=#CCCCCC]
      RenderBlock {P} at (0,0) size 964x19
        RenderText {#text} at (0,0) size 451x19
          text run at (0,0) width 451: "The style declarations which apply to the text below are:"
      RenderBlock {PRE} at (0,35) size 964x90
        RenderText {#text} at (0,0) size 450x90
          text run at (0,0) width 427: ".zero {background-color: silver; margin-right: 0; text-align: right;}"
          text run at (427,0) width 0: " "
          text run at (0,15) width 443: ".one {margin-right: 0.5in; text-align: right; background-color: aqua;}"
          text run at (443,15) width 0: " "
          text run at (0,30) width 443: ".two {margin-right: 25px; text-align: right; background-color: aqua;}"
          text run at (443,30) width 0: " "
          text run at (0,45) width 450: ".three {margin-right: 5em; text-align: right; background-color: aqua;}"
          text run at (450,45) width 0: " "
          text run at (0,60) width 441: ".four {margin-right: 25%; text-align: right; background-color: aqua;}"
          text run at (441,60) width 0: " "
          text run at (0,75) width 340: ".five {margin-right: -10px; background-color: aqua;}"
          text run at (340,75) width 0: " "
      RenderBlock {HR} at (0,138) size 964x2 [border: (1px inset #000000)]
      RenderBlock {P} at (0,156) size 964x19 [bgcolor=#C0C0C0]
        RenderText {#text} at (703,0) size 261x19
          text run at (703,0) width 261: "This element has a class of zero."
      RenderBlock {P} at (0,191) size 916x19 [bgcolor=#00FFFF]
        RenderText {#text} at (462,0) size 454x19
          text run at (462,0) width 454: "This sentence should have a right margin of half an inch."
      RenderBlock {P} at (0,226) size 939x19 [bgcolor=#00FFFF]
        RenderText {#text} at (508,0) size 431x19
          text run at (508,0) width 431: "This sentence should have a right margin of 25 pixels."
      RenderBlock {P} at (0,261) size 884x19 [bgcolor=#00FFFF]
        RenderText {#text} at (482,0) size 402x19
          text run at (482,0) width 402: "This sentence should have a right margin of 5 em."
      RenderBlock {P} at (0,296) size 723x38 [bgcolor=#00FFFF]
        RenderText {#text} at (17,0) size 706x38
          text run at (17,0) width 706: "This sentence should have a right margin of 25%, which is calculated with respect to the"
          text run at (494,19) width 229: "width of the parent element."
      RenderBlock {UL} at (0,350) size 939x114 [bgcolor=#808080]
        RenderListItem {LI} at (40,0) size 899x38
          RenderListMarker at (-18,0) size 7x19: bullet
          RenderText {#text} at (44,0) size 855x38
            text run at (44,0) width 855: "The right margin on this unordered list has been set to 25 pixels, and the background color has been set to"
            text run at (858,19) width 41: "gray."
        RenderListItem {LI} at (40,38) size 874x57 [bgcolor=#FFFFFF]
          RenderListMarker at (-18,0) size 7x19: bullet
          RenderText {#text} at (32,0) size 856x57
            text run at (32,0) width 842: "Another list item might not be such a bad idea, either, considering that such things do need to be double-"
            text run at (18,19) width 77: "checked. "
            text run at (95,19) width 779: "This list item has its right margin also set to 25 pixels, which should combine with the list's margin"
            text run at (260,38) width 614: "to make 50 pixels of margin, and its background-color has been set to white."
        RenderListItem {LI} at (40,95) size 899x19
          RenderListMarker at (-18,0) size 7x19: bullet
          RenderText {#text} at (673,0) size 226x19
            text run at (673,0) width 226: "This is an unclassed list item"
      RenderBlock {P} at (0,480) size 964x19 [bgcolor=#C0C0C0]
        RenderText {#text} at (703,0) size 261x19
          text run at (703,0) width 261: "This element has a class of zero."
      RenderBlock {P} at (0,515) size 974x57 [bgcolor=#00FFFF]
        RenderText {#text} at (0,0) size 942x57
          text run at (0,0) width 937: "This paragraph has a right margin of -10px, which should cause it to be wider than it might otherwise be, and it has a"
          text run at (0,19) width 183: "light blue background. "
          text run at (183,19) width 499: "In all other respects, however, the element should be normal. "
          text run at (682,19) width 260: "No styles have been applied to it"
          text run at (0,38) width 485: "besides the negative right margin and the background color."
      RenderTable {TABLE} at (0,588) size 964x453 [border: (1px outset #808080)]
        RenderTableSection {TBODY} at (1,1) size 962x451
          RenderTableRow {TR} at (0,0) size 962x27
            RenderTableCell {TD} at (0,0) size 962x27 [bgcolor=#C0C0C0] [border: (1px inset #808080)] [r=0 c=0 rs=1 cs=2]
              RenderInline {STRONG} at (0,0) size 202x19
                RenderText {#text} at (4,4) size 202x19
                  text run at (4,4) width 202: "TABLE Testing Section"
          RenderTableRow {TR} at (0,27) size 962x424
            RenderTableCell {TD} at (0,225) size 13x27 [bgcolor=#C0C0C0] [border: (1px inset #808080)] [r=1 c=0 rs=1 cs=1]
              RenderText {#text} at (4,4) size 5x19
                text run at (4,4) width 5: " "
            RenderTableCell {TD} at (13,27) size 949x424 [border: (1px inset #808080)] [r=1 c=1 rs=1 cs=1]
              RenderBlock {P} at (4,4) size 941x19 [bgcolor=#C0C0C0]
                RenderText {#text} at (680,0) size 261x19
                  text run at (680,0) width 261: "This element has a class of zero."
              RenderBlock {P} at (4,39) size 893x19 [bgcolor=#00FFFF]
                RenderText {#text} at (439,0) size 454x19
                  text run at (439,0) width 454: "This sentence should have a right margin of half an inch."
              RenderBlock {P} at (4,74) size 916x19 [bgcolor=#00FFFF]
                RenderText {#text} at (485,0) size 431x19
                  text run at (485,0) width 431: "This sentence should have a right margin of 25 pixels."
              RenderBlock {P} at (4,109) size 861x19 [bgcolor=#00FFFF]
                RenderText {#text} at (459,0) size 402x19
                  text run at (459,0) width 402: "This sentence should have a right margin of 5 em."
              RenderBlock {P} at (4,144) size 706x38 [bgcolor=#00FFFF]
                RenderText {#text} at (0,0) size 706x38
                  text run at (0,0) width 706: "This sentence should have a right margin of 25%, which is calculated with respect to the"
                  text run at (477,19) width 229: "width of the parent element."
              RenderBlock {UL} at (4,198) size 916x114 [bgcolor=#808080]
                RenderListItem {LI} at (40,0) size 876x38
                  RenderListMarker at (-18,0) size 7x19: bullet
                  RenderText {#text} at (21,0) size 855x38
                    text run at (21,0) width 855: "The right margin on this unordered list has been set to 25 pixels, and the background color has been set to"
                    text run at (835,19) width 41: "gray."
                RenderListItem {LI} at (40,38) size 851x57 [bgcolor=#FFFFFF]
                  RenderListMarker at (-18,0) size 7x19: bullet
                  RenderText {#text} at (9,0) size 842x57
                    text run at (9,0) width 842: "Another list item might not be such a bad idea, either, considering that such things do need to be double-"
                    text run at (57,19) width 77: "checked. "
                    text run at (134,19) width 717: "This list item has its right margin also set to 25 pixels, which should combine with the list's"
                    text run at (175,38) width 676: "margin to make 50 pixels of margin, and its background-color has been set to white."
                RenderListItem {LI} at (40,95) size 876x19
                  RenderListMarker at (-18,0) size 7x19: bullet
                  RenderText {#text} at (650,0) size 226x19
                    text run at (650,0) width 226: "This is an unclassed list item"
              RenderBlock {P} at (4,328) size 941x19 [bgcolor=#C0C0C0]
                RenderText {#text} at (680,0) size 261x19
                  text run at (680,0) width 261: "This element has a class of zero."
              RenderBlock {P} at (4,363) size 951x57 [bgcolor=#00FFFF]
                RenderText {#text} at (0,0) size 942x57
                  text run at (0,0) width 937: "This paragraph has a right margin of -10px, which should cause it to be wider than it might otherwise be, and it has a"
                  text run at (0,19) width 183: "light blue background. "
                  text run at (183,19) width 499: "In all other respects, however, the element should be normal. "
                  text run at (682,19) width 260: "No styles have been applied to it"
                  text run at (0,38) width 485: "besides the negative right margin and the background color."
