layer at (0,0) size 980x735
  RenderView at (0,0) size 980x735
layer at (0,0) size 980x735
  RenderBlock {HTML} at (0,0) size 980x735
    RenderBody {BODY} at (8,8) size 964x719 [bgcolor=#CCCCCC]
      RenderBlock {P} at (0,0) size 964x19
        RenderText {#text} at (0,0) size 451x19
          text run at (0,0) width 451: "The style declarations which apply to the text below are:"
      RenderBlock {PRE} at (0,35) size 964x30
        RenderText {#text} at (0,0) size 331x30
          text run at (0,0) width 326: ".one {margin-left: 25px; background-color: aqua;}"
          text run at (326,0) width 0: " "
          text run at (0,15) width 331: ".two {margin-left: -10px; background-color: aqua;}"
          text run at (331,15) width 0: " "
      RenderBlock {HR} at (0,78) size 964x2 [border: (1px inset #000000)]
      RenderBlock {P} at (0,96) size 964x38 [bgcolor=#808080]
        RenderText {#text} at (0,0) size 687x19
          text run at (0,0) width 494: "This element is unstyled save for a background color of gray. "
          text run at (494,0) width 193: "However, it contains an "
        RenderInline {SPAN} at (0,0) size 207x19 [bgcolor=#00FFFF]
          RenderText {#text} at (712,0) size 183x19
            text run at (712,0) width 183: "inline element of class "
          RenderInline {TT} at (0,0) size 24x15
            RenderText {#text} at (895,3) size 24x15
              text run at (895,3) width 24: "one"
        RenderText {#text} at (919,0) size 924x38
          text run at (919,0) width 5: ","
          text run at (0,19) width 426: "which should result in 25-pixel left margin only in the "
        RenderInline {STRONG} at (0,0) size 38x19
          RenderText {#text} at (426,19) size 38x19
            text run at (426,19) width 38: "first"
        RenderText {#text} at (464,19) size 290x19
          text run at (464,19) width 290: " line in which the inline box appears."
      RenderBlock {P} at (0,150) size 964x38 [bgcolor=#808080]
        RenderText {#text} at (0,0) size 687x19
          text run at (0,0) width 494: "This element is unstyled save for a background color of gray. "
          text run at (494,0) width 193: "However, it contains an "
        RenderInline {SPAN} at (0,0) size 207x19 [bgcolor=#00FFFF]
          RenderText {#text} at (677,0) size 183x19
            text run at (677,0) width 183: "inline element of class "
          RenderInline {TT} at (0,0) size 24x15
            RenderText {#text} at (860,3) size 24x15
              text run at (860,3) width 24: "two"
        RenderText {#text} at (884,0) size 940x38
          text run at (884,0) width 56: ", which"
          text run at (0,19) width 357: "should result in -10px left margin only in the "
        RenderInline {STRONG} at (0,0) size 38x19
          RenderText {#text} at (357,19) size 38x19
            text run at (357,19) width 38: "first"
        RenderText {#text} at (395,19) size 290x19
          text run at (395,19) width 290: " line in which the inline box appears."
      RenderTable {TABLE} at (0,204) size 964x129 [border: (1px outset #808080)]
        RenderTableSection {TBODY} at (1,1) size 962x127
          RenderTableRow {TR} at (0,0) size 962x27
            RenderTableCell {TD} at (0,0) size 962x27 [bgcolor=#C0C0C0] [border: (1px inset #808080)] [r=0 c=0 rs=1 cs=2]
              RenderInline {STRONG} at (0,0) size 202x19
                RenderText {#text} at (4,4) size 202x19
                  text run at (4,4) width 202: "TABLE Testing Section"
          RenderTableRow {TR} at (0,27) size 962x100
            RenderTableCell {TD} at (0,63) size 13x27 [bgcolor=#C0C0C0] [border: (1px inset #808080)] [r=1 c=0 rs=1 cs=1]
              RenderText {#text} at (4,4) size 5x19
                text run at (4,4) width 5: " "
            RenderTableCell {TD} at (13,27) size 949x100 [border: (1px inset #808080)] [r=1 c=1 rs=1 cs=1]
              RenderBlock {P} at (4,4) size 941x38 [bgcolor=#808080]
                RenderText {#text} at (0,0) size 687x19
                  text run at (0,0) width 494: "This element is unstyled save for a background color of gray. "
                  text run at (494,0) width 193: "However, it contains an "
                RenderInline {SPAN} at (0,0) size 207x19 [bgcolor=#00FFFF]
                  RenderText {#text} at (712,0) size 183x19
                    text run at (712,0) width 183: "inline element of class "
                  RenderInline {TT} at (0,0) size 24x15
                    RenderText {#text} at (895,3) size 24x15
                      text run at (895,3) width 24: "one"
                RenderText {#text} at (919,0) size 924x38
                  text run at (919,0) width 5: ","
                  text run at (0,19) width 426: "which should result in 25-pixel left margin only in the "
                RenderInline {STRONG} at (0,0) size 38x19
                  RenderText {#text} at (426,19) size 38x19
                    text run at (426,19) width 38: "first"
                RenderText {#text} at (464,19) size 290x19
                  text run at (464,19) width 290: " line in which the inline box appears."
              RenderBlock {P} at (4,58) size 941x38 [bgcolor=#808080]
                RenderText {#text} at (0,0) size 687x19
                  text run at (0,0) width 494: "This element is unstyled save for a background color of gray. "
                  text run at (494,0) width 193: "However, it contains an "
                RenderInline {SPAN} at (0,0) size 207x19 [bgcolor=#00FFFF]
                  RenderText {#text} at (677,0) size 183x19
                    text run at (677,0) width 183: "inline element of class "
                  RenderInline {TT} at (0,0) size 24x15
                    RenderText {#text} at (860,3) size 24x15
                      text run at (860,3) width 24: "two"
                RenderText {#text} at (884,0) size 940x38
                  text run at (884,0) width 56: ", which"
                  text run at (0,19) width 357: "should result in -10px left margin only in the "
                RenderInline {STRONG} at (0,0) size 38x19
                  RenderText {#text} at (357,19) size 38x19
                    text run at (357,19) width 38: "first"
                RenderText {#text} at (395,19) size 290x19
                  text run at (395,19) width 290: " line in which the inline box appears."
