layer at (0,0) size 980x1868
  RenderView at (0,0) size 980x735
layer at (0,0) size 980x1868
  RenderBlock {HTML} at (0,0) size 980x1868
    RenderBody {BODY} at (8,8) size 964x1852 [bgcolor=#CCCCCC]
      RenderBlock {P} at (0,0) size 964x19
        RenderText {#text} at (0,0) size 451x19
          text run at (0,0) width 451: "The style declarations which apply to the text below are:"
      RenderBlock {PRE} at (0,35) size 964x135
        RenderText {#text} at (0,0) size 358x135
          text run at (0,0) width 335: ".zero {background-color: silver; margin-bottom: 0;}"
          text run at (335,0) width 0: " "
          text run at (0,15) width 351: ".one {margin-bottom: 0.5in; background-color: aqua;}"
          text run at (351,15) width 0: " "
          text run at (0,30) width 351: ".two {margin-bottom: 25px; background-color: aqua;}"
          text run at (351,30) width 0: " "
          text run at (0,45) width 358: ".three {margin-bottom: 5em; background-color: aqua;}"
          text run at (358,45) width 0: " "
          text run at (0,60) width 349: ".four {margin-bottom: 25%; background-color: aqua;}"
          text run at (349,60) width 0: " "
          text run at (0,75) width 191: ".five {margin-bottom: 25px;}"
          text run at (191,75) width 0: " "
          text run at (0,90) width 351: ".six {margin-bottom: -10px; background-color: aqua;}"
          text run at (351,90) width 0: " "
          text run at (0,105) width 145: "P, UL {margin-top: 0;}"
          text run at (145,105) width 0: " "
          text run at (0,120) width 0: " "
      RenderBlock {HR} at (0,183) size 964x2 [border: (1px inset #000000)]
      RenderBlock {P} at (0,193) size 964x19 [bgcolor=#C0C0C0]
        RenderText {#text} at (0,0) size 261x19
          text run at (0,0) width 261: "This element has a class of zero."
      RenderBlock {P} at (0,212) size 964x38 [bgcolor=#00FFFF]
        RenderText {#text} at (0,0) size 949x38
          text run at (0,0) width 949: "This sentence should have a bottom margin of half an inch, which will require extra text in order to make sure that the"
          text run at (0,19) width 260: "margin isn't applied to each line."
      RenderBlock {P} at (0,298) size 964x38 [bgcolor=#00FFFF]
        RenderText {#text} at (0,0) size 926x38
          text run at (0,0) width 926: "This sentence should have a bottom margin of 25 pixels, which will require extra text in order to make sure that the"
          text run at (0,19) width 260: "margin isn't applied to each line."
      RenderBlock {P} at (0,361) size 964x38 [bgcolor=#00FFFF]
        RenderText {#text} at (0,0) size 959x38
          text run at (0,0) width 959: "This sentence should have a bottom margin of 5 em, which will require extra text in order to make sure that the margin"
          text run at (0,19) width 198: "isn't applied to each line."
      RenderBlock {P} at (0,479) size 964x38 [bgcolor=#00FFFF]
        RenderText {#text} at (0,0) size 946x38
          text run at (0,0) width 946: "This element should have a bottom margin of 25%, which will require extra text in order to make sure that the margin"
          text run at (0,19) width 198: "isn't applied to each line."
      RenderBlock {P} at (0,758) size 964x19 [bgcolor=#C0C0C0]
        RenderText {#text} at (0,0) size 261x19
          text run at (0,0) width 261: "This element has a class of zero."
      RenderBlock {P} at (0,777) size 964x19 [bgcolor=#C0C0C0]
        RenderText {#text} at (0,0) size 298x19
          text run at (0,0) width 298: "This element also has a class of zero."
      RenderBlock {UL} at (0,796) size 964x101 [bgcolor=#00FFFF]
        RenderListItem {LI} at (40,0) size 924x19
          RenderListMarker at (-18,0) size 7x19: bullet
          RenderText {#text} at (0,0) size 536x19
            text run at (0,0) width 536: "This list has a margin-bottom of 25px, and a light blue background."
        RenderListItem {LI} at (40,19) size 924x19
          RenderListMarker at (-18,0) size 7x19: bullet
          RenderText {#text} at (0,0) size 340x19
            text run at (0,0) width 340: "Therefore, it ought to have such a margin."
        RenderListItem {LI} at (40,38) size 924x19
          RenderListMarker at (-18,0) size 7x19: bullet
          RenderText {#text} at (0,0) size 751x19
            text run at (0,0) width 751: "This list item has a bottom margin of 25px, which should cause it to be offset in some fashion."
        RenderListItem {LI} at (40,82) size 924x19
          RenderListMarker at (-18,0) size 7x19: bullet
          RenderText {#text} at (0,0) size 372x19
            text run at (0,0) width 372: "This list item has no special styles applied to it."
      RenderBlock {P} at (0,922) size 964x57 [bgcolor=#00FFFF]
        RenderText {#text} at (0,0) size 958x57
          text run at (0,0) width 958: "This paragraph has a bottom margin of -10px, which should cause elements after it to be shifted \"upward\" on the page,"
          text run at (0,19) width 158: "and no top margin. "
          text run at (158,19) width 621: "No other styles have been applied to it besides a light blue background color. "
          text run at (779,19) width 164: "In all other respects,"
          text run at (0,38) width 246: "the element should be normal."
      RenderBlock {P} at (0,969) size 964x19 [bgcolor=#C0C0C0]
        RenderText {#text} at (0,0) size 261x19
          text run at (0,0) width 261: "This element has a class of zero."
      RenderBlock {P} at (0,988) size 964x19 [bgcolor=#C0C0C0]
        RenderText {#text} at (0,0) size 298x19
          text run at (0,0) width 298: "This element also has a class of zero."
      RenderTable {TABLE} at (0,1007) size 964x845 [border: (1px outset #808080)]
        RenderTableSection {TBODY} at (1,1) size 962x843
          RenderTableRow {TR} at (0,0) size 962x27
            RenderTableCell {TD} at (0,0) size 962x27 [bgcolor=#C0C0C0] [border: (1px inset #808080)] [r=0 c=0 rs=1 cs=2]
              RenderInline {STRONG} at (0,0) size 202x19
                RenderText {#text} at (4,4) size 202x19
                  text run at (4,4) width 202: "TABLE Testing Section"
          RenderTableRow {TR} at (0,27) size 962x816
            RenderTableCell {TD} at (0,421) size 13x27 [bgcolor=#C0C0C0] [border: (1px inset #808080)] [r=1 c=0 rs=1 cs=1]
              RenderText {#text} at (4,4) size 5x19
                text run at (4,4) width 5: " "
            RenderTableCell {TD} at (13,27) size 949x816 [border: (1px inset #808080)] [r=1 c=1 rs=1 cs=1]
              RenderBlock {P} at (4,4) size 941x19 [bgcolor=#C0C0C0]
                RenderText {#text} at (0,0) size 261x19
                  text run at (0,0) width 261: "This element has a class of zero."
              RenderBlock {P} at (4,23) size 941x38 [bgcolor=#00FFFF]
                RenderText {#text} at (0,0) size 918x38
                  text run at (0,0) width 918: "This sentence should have a bottom margin of half an inch, which will require extra text in order to make sure that"
                  text run at (0,19) width 291: "the margin isn't applied to each line."
              RenderBlock {P} at (4,109) size 941x38 [bgcolor=#00FFFF]
                RenderText {#text} at (0,0) size 926x38
                  text run at (0,0) width 926: "This sentence should have a bottom margin of 25 pixels, which will require extra text in order to make sure that the"
                  text run at (0,19) width 260: "margin isn't applied to each line."
              RenderBlock {P} at (4,172) size 941x38 [bgcolor=#00FFFF]
                RenderText {#text} at (0,0) size 897x38
                  text run at (0,0) width 897: "This sentence should have a bottom margin of 5 em, which will require extra text in order to make sure that the"
                  text run at (0,19) width 260: "margin isn't applied to each line."
              RenderBlock {P} at (4,290) size 941x38 [bgcolor=#00FFFF]
                RenderText {#text} at (0,0) size 884x38
                  text run at (0,0) width 884: "This element should have a bottom margin of 25%, which will require extra text in order to make sure that the"
                  text run at (0,19) width 260: "margin isn't applied to each line."
              RenderBlock {P} at (4,563) size 941x19 [bgcolor=#C0C0C0]
                RenderText {#text} at (0,0) size 261x19
                  text run at (0,0) width 261: "This element has a class of zero."
              RenderBlock {P} at (4,582) size 941x19 [bgcolor=#C0C0C0]
                RenderText {#text} at (0,0) size 298x19
                  text run at (0,0) width 298: "This element also has a class of zero."
              RenderBlock {UL} at (4,601) size 941x101 [bgcolor=#00FFFF]
                RenderListItem {LI} at (40,0) size 901x19
                  RenderListMarker at (-18,0) size 7x19: bullet
                  RenderText {#text} at (0,0) size 536x19
                    text run at (0,0) width 536: "This list has a margin-bottom of 25px, and a light blue background."
                RenderListItem {LI} at (40,19) size 901x19
                  RenderListMarker at (-18,0) size 7x19: bullet
                  RenderText {#text} at (0,0) size 340x19
                    text run at (0,0) width 340: "Therefore, it ought to have such a margin."
                RenderListItem {LI} at (40,38) size 901x19
                  RenderListMarker at (-18,0) size 7x19: bullet
                  RenderText {#text} at (0,0) size 751x19
                    text run at (0,0) width 751: "This list item has a bottom margin of 25px, which should cause it to be offset in some fashion."
                RenderListItem {LI} at (40,82) size 901x19
                  RenderListMarker at (-18,0) size 7x19: bullet
                  RenderText {#text} at (0,0) size 372x19
                    text run at (0,0) width 372: "This list item has no special styles applied to it."
              RenderBlock {P} at (4,727) size 941x57 [bgcolor=#00FFFF]
                RenderText {#text} at (0,0) size 915x57
                  text run at (0,0) width 908: "This paragraph has a bottom margin of -10px, which should cause elements after it to be shifted \"upward\" on the"
                  text run at (0,19) width 208: "page, and no top margin. "
                  text run at (208,19) width 621: "No other styles have been applied to it besides a light blue background color. "
                  text run at (829,19) width 86: "In all other"
                  text run at (0,38) width 324: "respects, the element should be normal."
              RenderBlock {P} at (4,774) size 941x19 [bgcolor=#C0C0C0]
                RenderText {#text} at (0,0) size 261x19
                  text run at (0,0) width 261: "This element has a class of zero."
              RenderBlock {P} at (4,793) size 941x19 [bgcolor=#C0C0C0]
                RenderText {#text} at (0,0) size 298x19
                  text run at (0,0) width 298: "This element also has a class of zero."
