layer at (0,0) size 980x1215
  RenderView at (0,0) size 980x735
layer at (0,0) size 980x1215
  RenderBlock {HTML} at (0,0) size 980x1215
    RenderBody {BODY} at (8,8) size 964x1199 [bgcolor=#CCCCCC]
      RenderBlock {P} at (0,0) size 964x19
        RenderText {#text} at (0,0) size 451x19
          text run at (0,0) width 451: "The style declarations which apply to the text below are:"
      RenderBlock {PRE} at (0,35) size 964x90
        RenderText {#text} at (0,0) size 456x90
          text run at (0,0) width 324: ".zero {background-color: silver; padding-right: 0;}"
          text run at (324,0) width 0: " "
          text run at (0,15) width 449: ".one {padding-right: 0.5in; text-align: right; background-color: aqua;}"
          text run at (449,15) width 0: " "
          text run at (0,30) width 449: ".two {padding-right: 25px; text-align: right; background-color: aqua;}"
          text run at (449,30) width 0: " "
          text run at (0,45) width 456: ".three {padding-right: 5em; text-align: right; background-color: aqua;}"
          text run at (456,45) width 0: " "
          text run at (0,60) width 447: ".four {padding-right: 25%; text-align: right; background-color: aqua;}"
          text run at (447,60) width 0: " "
          text run at (0,75) width 455: ".five {padding-right: -20px; text-align: right; background-color: aqua;}"
          text run at (455,75) width 0: " "
      RenderBlock {HR} at (0,138) size 964x2 [border: (1px inset #000000)]
      RenderBlock {P} at (0,156) size 964x19 [bgcolor=#C0C0C0]
        RenderText {#text} at (0,0) size 261x19
          text run at (0,0) width 261: "This element has a class of zero."
      RenderBlock {P} at (0,191) size 964x57 [bgcolor=#00FFFF]
        RenderText {#text} at (33,0) size 912x57
          text run at (33,0) width 815: "This element should have a right padding of half an inch, which will require extra text in order to test. "
          text run at (848,0) width 68: "Both the"
          text run at (4,19) width 523: "content background and the padding should be aqua (light blue). "
          text run at (527,19) width 389: "The text has been right-aligned in order to make"
          text run at (666,38) width 250: "the right padding easier to see."
      RenderBlock {P} at (0,264) size 964x57 [bgcolor=#00FFFF]
        RenderText {#text} at (13,0) size 926x57
          text run at (13,0) width 792: "This element should have a right padding of 25 pixels, which will require extra text in order to test. "
          text run at (805,0) width 134: "Both the content"
          text run at (20,19) width 457: "background and the padding should be aqua (light blue). "
          text run at (477,19) width 462: "The text has been right-aligned in order to make the right"
          text run at (762,38) width 177: "padding easier to see."
      RenderBlock {P} at (0,337) size 964x57 [bgcolor=#00FFFF]
        RenderText {#text} at (53,0) size 862x57
          text run at (53,0) width 763: "This element should have a right padding of 5 em, which will require extra text in order to test. "
          text run at (816,0) width 68: "Both the"
          text run at (22,19) width 523: "content background and the padding should be aqua (light blue). "
          text run at (545,19) width 339: "The text has been right-aligned in order to"
          text run at (584,38) width 300: "make the right padding easier to see."
      RenderBlock {P} at (0,410) size 964x76 [bgcolor=#00FFFF]
        RenderText {#text} at (17,0) size 706x76
          text run at (17,0) width 706: "This element should have a right padding of 25%, which is calculated with respect to the"
          text run at (38,19) width 234: "width of the parent element. "
          text run at (272,19) width 451: "Both the content background and the padding should be"
          text run at (52,38) width 140: "aqua (light blue). "
          text run at (192,38) width 531: "The text has been right-aligned in order to make the right padding"
          text run at (615,57) width 108: "easier to see."
      RenderBlock {UL} at (0,502) size 964x76 [bgcolor=#808080]
        RenderListItem {LI} at (40,0) size 899x38
          RenderListMarker at (-18,0) size 7x19: bullet
          RenderText {#text} at (11,0) size 888x38
            text run at (11,0) width 888: "The right padding on this unordered list has been set to 25 pixels, which will require some extra text in order to"
            text run at (864,19) width 35: "test."
        RenderListItem {LI} at (40,38) size 899x38 [bgcolor=#FFFFFF]
          RenderListMarker at (-18,0) size 7x19: bullet
          RenderText {#text} at (48,0) size 826x38
            text run at (48,0) width 826: "This list item has a right padding of 25 pixels, which will appear to the left of the gray padding of the UL"
            text run at (803,19) width 71: "element."
      RenderBlock {P} at (0,594) size 964x57 [bgcolor=#00FFFF]
        RenderText {#text} at (1,0) size 963x57
          text run at (1,0) width 729: "This element should have no right padding, since negative padding values are not allowed. "
          text run at (730,0) width 234: "Both the content background"
          text run at (25,19) width 419: "and the normal padding should be aqua (light blue). "
          text run at (444,19) width 520: "The text has been right-aligned in order to make the lack of right"
          text run at (787,38) width 177: "padding easier to see."
      RenderTable {TABLE} at (0,667) size 964x532 [border: (1px outset #808080)]
        RenderTableSection {TBODY} at (1,1) size 962x530
          RenderTableRow {TR} at (0,0) size 962x27
            RenderTableCell {TD} at (0,0) size 962x27 [bgcolor=#C0C0C0] [border: (1px inset #808080)] [r=0 c=0 rs=1 cs=2]
              RenderInline {STRONG} at (0,0) size 202x19
                RenderText {#text} at (4,4) size 202x19
                  text run at (4,4) width 202: "TABLE Testing Section"
          RenderTableRow {TR} at (0,27) size 962x503
            RenderTableCell {TD} at (0,265) size 13x27 [bgcolor=#C0C0C0] [border: (1px inset #808080)] [r=1 c=0 rs=1 cs=1]
              RenderText {#text} at (4,4) size 5x19
                text run at (4,4) width 5: " "
            RenderTableCell {TD} at (13,27) size 949x503 [border: (1px inset #808080)] [r=1 c=1 rs=1 cs=1]
              RenderBlock {P} at (4,4) size 941x19 [bgcolor=#C0C0C0]
                RenderText {#text} at (0,0) size 261x19
                  text run at (0,0) width 261: "This element has a class of zero."
              RenderBlock {P} at (4,39) size 941x57 [bgcolor=#00FFFF]
                RenderText {#text} at (10,0) size 883x57
                  text run at (10,0) width 815: "This element should have a right padding of half an inch, which will require extra text in order to test. "
                  text run at (825,0) width 68: "Both the"
                  text run at (31,19) width 523: "content background and the padding should be aqua (light blue). "
                  text run at (554,19) width 339: "The text has been right-aligned in order to"
                  text run at (593,38) width 300: "make the right padding easier to see."
              RenderBlock {P} at (4,112) size 941x57 [bgcolor=#00FFFF]
                RenderText {#text} at (56,0) size 912x57
                  text run at (56,0) width 792: "This element should have a right padding of 25 pixels, which will require extra text in order to test. "
                  text run at (848,0) width 68: "Both the"
                  text run at (4,19) width 523: "content background and the padding should be aqua (light blue). "
                  text run at (527,19) width 389: "The text has been right-aligned in order to make"
                  text run at (666,38) width 250: "the right padding easier to see."
              RenderBlock {P} at (4,185) size 941x57 [bgcolor=#00FFFF]
                RenderText {#text} at (30,0) size 841x57
                  text run at (30,0) width 763: "This element should have a right padding of 5 em, which will require extra text in order to test. "
                  text run at (793,0) width 68: "Both the"
                  text run at (20,19) width 523: "content background and the padding should be aqua (light blue). "
                  text run at (543,19) width 318: "The text has been right-aligned in order"
                  text run at (540,38) width 321: "to make the right padding easier to see."
              RenderBlock {P} at (4,258) size 941x76 [bgcolor=#00FFFF]
                RenderText {#text} at (0,0) size 706x76
                  text run at (0,0) width 706: "This element should have a right padding of 25%, which is calculated with respect to the"
                  text run at (21,19) width 234: "width of the parent element. "
                  text run at (255,19) width 451: "Both the content background and the padding should be"
                  text run at (35,38) width 140: "aqua (light blue). "
                  text run at (175,38) width 531: "The text has been right-aligned in order to make the right padding"
                  text run at (598,57) width 108: "easier to see."
              RenderBlock {UL} at (4,350) size 941x76 [bgcolor=#808080]
                RenderListItem {LI} at (40,0) size 876x38
                  RenderListMarker at (-18,0) size 7x19: bullet
                  RenderText {#text} at (9,0) size 867x38
                    text run at (9,0) width 867: "The right padding on this unordered list has been set to 25 pixels, which will require some extra text in order"
                    text run at (820,19) width 56: "to test."
                RenderListItem {LI} at (40,38) size 876x38 [bgcolor=#FFFFFF]
                  RenderListMarker at (-18,0) size 7x19: bullet
                  RenderText {#text} at (25,0) size 826x38
                    text run at (25,0) width 826: "This list item has a right padding of 25 pixels, which will appear to the left of the gray padding of the UL"
                    text run at (780,19) width 71: "element."
              RenderBlock {P} at (4,442) size 941x57 [bgcolor=#00FFFF]
                RenderText {#text} at (78,0) size 939x57
                  text run at (78,0) width 729: "This element should have no right padding, since negative padding values are not allowed. "
                  text run at (807,0) width 134: "Both the content"
                  text run at (2,19) width 519: "background and the normal padding should be aqua (light blue). "
                  text run at (521,19) width 420: "The text has been right-aligned in order to make the"
                  text run at (664,38) width 277: "lack of right padding easier to see."
