layer at (0,0) size 980x2443
  RenderView at (0,0) size 980x735
layer at (0,0) size 980x2443
  RenderBlock {HTML} at (0,0) size 980x2443
    RenderBody {BODY} at (8,8) size 964x2427 [bgcolor=#CCCCCC]
      RenderBlock {P} at (0,0) size 964x19
        RenderText {#text} at (0,0) size 451x19
          text run at (0,0) width 451: "The style declarations which apply to the text below are:"
      RenderBlock {PRE} at (0,35) size 964x90
        RenderText {#text} at (0,0) size 312x90
          text run at (0,0) width 289: ".zero {background-color: silver; padding: 0;}"
          text run at (289,0) width 0: " "
          text run at (0,15) width 305: ".one {padding: 0.5in; background-color: aqua;}"
          text run at (305,15) width 0: " "
          text run at (0,30) width 305: ".two {padding: 25px; background-color: aqua;}"
          text run at (305,30) width 0: " "
          text run at (0,45) width 312: ".three {padding: 5em; background-color: aqua;}"
          text run at (312,45) width 0: " "
          text run at (0,60) width 303: ".four {padding: 25%; background-color: aqua;}"
          text run at (303,60) width 0: " "
          text run at (0,75) width 311: ".five {padding: -20px; background-color: aqua;}"
          text run at (311,75) width 0: " "
      RenderBlock {HR} at (0,138) size 964x2 [border: (1px inset #000000)]
      RenderBlock {P} at (0,156) size 964x19 [bgcolor=#C0C0C0]
        RenderText {#text} at (0,0) size 261x19
          text run at (0,0) width 261: "This element has a class of zero."
      RenderBlock {P} at (0,191) size 964x134 [bgcolor=#00FFFF]
        RenderText {#text} at (48,48) size 837x38
          text run at (48,48) width 837: "This element should have an overall padding of half an inch, which will require extra text in order to test."
          text run at (48,67) width 591: "Both the content background and the padding should be aqua (light blue)."
      RenderBlock {P} at (0,341) size 964x88 [bgcolor=#00FFFF]
        RenderText {#text} at (25,25) size 887x38
          text run at (25,25) width 819: "This element should have an overall padding of 25 pixels, which will require extra text in order to test. "
          text run at (844,25) width 68: "Both the"
          text run at (25,44) width 518: "content background and the padding should be aqua (light blue)."
      RenderBlock {P} at (0,445) size 964x198 [bgcolor=#00FFFF]
        RenderText {#text} at (80,80) size 785x38
          text run at (80,80) width 785: "This element should have an overall padding of 5 em, which will require extra text in order to test."
          text run at (80,99) width 591: "Both the content background and the padding should be aqua (light blue)."
      RenderBlock {P} at (0,659) size 964x558 [bgcolor=#00FFFF]
        RenderText {#text} at (241,241) size 474x76
          text run at (241,241) width 474: "This element should have an overall padding of 25%, which"
          text run at (241,260) width 412: "is calculated with respect to the width of the parent"
          text run at (241,279) width 76: "element. "
          text run at (317,279) width 369: "Both the content background and the padding"
          text run at (241,298) width 217: "should be aqua (light blue)."
      RenderBlock {P} at (0,1233) size 964x38 [bgcolor=#00FFFF]
        RenderText {#text} at (0,0) size 956x38
          text run at (0,0) width 687: "This element should have no padding, since negative padding values are not allowed. "
          text run at (687,0) width 269: "Both the content background and"
          text run at (0,19) width 379: "the normal padding should be aqua (light blue)."
      RenderTable {TABLE} at (0,1287) size 964x1140 [border: (1px outset #808080)]
        RenderTableSection {TBODY} at (1,1) size 962x1138
          RenderTableRow {TR} at (0,0) size 962x27
            RenderTableCell {TD} at (0,0) size 962x27 [bgcolor=#C0C0C0] [border: (1px inset #808080)] [r=0 c=0 rs=1 cs=2]
              RenderInline {STRONG} at (0,0) size 202x19
                RenderText {#text} at (4,4) size 202x19
                  text run at (4,4) width 202: "TABLE Testing Section"
          RenderTableRow {TR} at (0,27) size 962x1111
            RenderTableCell {TD} at (0,569) size 13x27 [bgcolor=#C0C0C0] [border: (1px inset #808080)] [r=1 c=0 rs=1 cs=1]
              RenderText {#text} at (4,4) size 5x19
                text run at (4,4) width 5: " "
            RenderTableCell {TD} at (13,27) size 949x1111 [border: (1px inset #808080)] [r=1 c=1 rs=1 cs=1]
              RenderBlock {P} at (4,4) size 941x19 [bgcolor=#C0C0C0]
                RenderText {#text} at (0,0) size 261x19
                  text run at (0,0) width 261: "This element has a class of zero."
              RenderBlock {P} at (4,39) size 941x134 [bgcolor=#00FFFF]
                RenderText {#text} at (48,48) size 837x38
                  text run at (48,48) width 837: "This element should have an overall padding of half an inch, which will require extra text in order to test."
                  text run at (48,67) width 591: "Both the content background and the padding should be aqua (light blue)."
              RenderBlock {P} at (4,189) size 941x88 [bgcolor=#00FFFF]
                RenderText {#text} at (25,25) size 887x38
                  text run at (25,25) width 819: "This element should have an overall padding of 25 pixels, which will require extra text in order to test. "
                  text run at (844,25) width 68: "Both the"
                  text run at (25,44) width 518: "content background and the padding should be aqua (light blue)."
              RenderBlock {P} at (4,293) size 941x198 [bgcolor=#00FFFF]
                RenderText {#text} at (80,80) size 745x38
                  text run at (80,80) width 745: "This element should have an overall padding of 5 em, which will require extra text in order to"
                  text run at (80,99) width 40: "test. "
                  text run at (120,99) width 591: "Both the content background and the padding should be aqua (light blue)."
              RenderBlock {P} at (4,507) size 941x546 [bgcolor=#00FFFF]
                RenderText {#text} at (235,235) size 463x76
                  text run at (235,235) width 423: "This element should have an overall padding of 25%,"
                  text run at (235,254) width 463: "which is calculated with respect to the width of the parent"
                  text run at (235,273) width 76: "element. "
                  text run at (311,273) width 369: "Both the content background and the padding"
                  text run at (235,292) width 217: "should be aqua (light blue)."
              RenderBlock {P} at (4,1069) size 941x38 [bgcolor=#00FFFF]
                RenderText {#text} at (0,0) size 921x38
                  text run at (0,0) width 687: "This element should have no padding, since negative padding values are not allowed. "
                  text run at (687,0) width 234: "Both the content background"
                  text run at (0,19) width 414: "and the normal padding should be aqua (light blue)."
