layer at (0,0) size 980x1585
  RenderView at (0,0) size 980x735
layer at (0,0) size 980x1585
  RenderBlock {HTML} at (0,0) size 980x1585
    RenderBody {BODY} at (8,8) size 964x1569 [bgcolor=#CCCCCC]
      RenderBlock {P} at (0,0) size 964x19
        RenderText {#text} at (0,0) size 451x19
          text run at (0,0) width 451: "The style declarations which apply to the text below are:"
      RenderBlock {PRE} at (0,35) size 964x90
        RenderText {#text} at (0,0) size 338x90
          text run at (0,0) width 315: ".zero {background-color: silver; padding-top: 0;}"
          text run at (315,0) width 0: " "
          text run at (0,15) width 331: ".one {padding-top: 0.5in; background-color: aqua;}"
          text run at (331,15) width 0: " "
          text run at (0,30) width 331: ".two {padding-top: 25px; background-color: aqua;}"
          text run at (331,30) width 0: " "
          text run at (0,45) width 338: ".three {padding-top: 5em; background-color: aqua;}"
          text run at (338,45) width 0: " "
          text run at (0,60) width 329: ".four {padding-top: 25%; background-color: aqua;}"
          text run at (329,60) width 0: " "
          text run at (0,75) width 337: ".five {padding-top: -20px; background-color: aqua;}"
          text run at (337,75) width 0: " "
      RenderBlock {HR} at (0,138) size 964x2 [border: (1px inset #000000)]
      RenderBlock {P} at (0,156) size 964x19 [bgcolor=#C0C0C0]
        RenderText {#text} at (0,0) size 261x19
          text run at (0,0) width 261: "This element has a class of zero."
      RenderBlock {P} at (0,191) size 964x86 [bgcolor=#00FFFF]
        RenderText {#text} at (0,48) size 938x38
          text run at (0,48) width 804: "This element should have a top padding of half an inch, which will require extra text in order to test. "
          text run at (804,48) width 134: "Both the content"
          text run at (0,67) width 452: "background and the padding should be aqua (light blue)."
      RenderBlock {P} at (0,293) size 964x63 [bgcolor=#00FFFF]
        RenderText {#text} at (0,25) size 915x38
          text run at (0,25) width 781: "This element should have a top padding of 25 pixels, which will require extra text in order to test. "
          text run at (781,25) width 134: "Both the content"
          text run at (0,44) width 452: "background and the padding should be aqua (light blue)."
      RenderBlock {P} at (0,372) size 964x118 [bgcolor=#00FFFF]
        RenderText {#text} at (0,80) size 886x38
          text run at (0,80) width 752: "This element should have a top padding of 5 em, which will require extra text in order to test. "
          text run at (752,80) width 134: "Both the content"
          text run at (0,99) width 452: "background and the padding should be aqua (light blue)."
      RenderBlock {P} at (0,506) size 964x279 [bgcolor=#00FFFF]
        RenderText {#text} at (0,241) size 933x38
          text run at (0,241) width 929: "This element should have a top padding of 25%, which is calculated with respect to the width of the parent element."
          text run at (0,260) width 596: "Both the content background and the padding should be aqua (light blue). "
          text run at (596,260) width 337: "This will require extra text in order to test."
      RenderBlock {P} at (0,801) size 964x38 [bgcolor=#00FFFF]
        RenderText {#text} at (0,0) size 952x38
          text run at (0,0) width 718: "This element should have no top padding, since negative padding values are not allowed. "
          text run at (718,0) width 234: "Both the content background"
          text run at (0,19) width 414: "and the normal padding should be aqua (light blue)."
      RenderTable {TABLE} at (0,855) size 964x714 [border: (1px outset #808080)]
        RenderTableSection {TBODY} at (1,1) size 962x712
          RenderTableRow {TR} at (0,0) size 962x27
            RenderTableCell {TD} at (0,0) size 962x27 [bgcolor=#C0C0C0] [border: (1px inset #808080)] [r=0 c=0 rs=1 cs=2]
              RenderInline {STRONG} at (0,0) size 202x19
                RenderText {#text} at (4,4) size 202x19
                  text run at (4,4) width 202: "TABLE Testing Section"
          RenderTableRow {TR} at (0,27) size 962x685
            RenderTableCell {TD} at (0,356) size 13x27 [bgcolor=#C0C0C0] [border: (1px inset #808080)] [r=1 c=0 rs=1 cs=1]
              RenderText {#text} at (4,4) size 5x19
                text run at (4,4) width 5: " "
            RenderTableCell {TD} at (13,27) size 949x685 [border: (1px inset #808080)] [r=1 c=1 rs=1 cs=1]
              RenderBlock {P} at (4,4) size 941x19 [bgcolor=#C0C0C0]
                RenderText {#text} at (0,0) size 261x19
                  text run at (0,0) width 261: "This element has a class of zero."
              RenderBlock {P} at (4,39) size 941x86 [bgcolor=#00FFFF]
                RenderText {#text} at (0,48) size 938x38
                  text run at (0,48) width 804: "This element should have a top padding of half an inch, which will require extra text in order to test. "
                  text run at (804,48) width 134: "Both the content"
                  text run at (0,67) width 452: "background and the padding should be aqua (light blue)."
              RenderBlock {P} at (4,141) size 941x63 [bgcolor=#00FFFF]
                RenderText {#text} at (0,25) size 915x38
                  text run at (0,25) width 781: "This element should have a top padding of 25 pixels, which will require extra text in order to test. "
                  text run at (781,25) width 134: "Both the content"
                  text run at (0,44) width 452: "background and the padding should be aqua (light blue)."
              RenderBlock {P} at (4,220) size 941x118 [bgcolor=#00FFFF]
                RenderText {#text} at (0,80) size 886x38
                  text run at (0,80) width 752: "This element should have a top padding of 5 em, which will require extra text in order to test. "
                  text run at (752,80) width 134: "Both the content"
                  text run at (0,99) width 452: "background and the padding should be aqua (light blue)."
              RenderBlock {P} at (4,354) size 941x273 [bgcolor=#00FFFF]
                RenderText {#text} at (0,235) size 933x38
                  text run at (0,235) width 929: "This element should have a top padding of 25%, which is calculated with respect to the width of the parent element."
                  text run at (0,254) width 596: "Both the content background and the padding should be aqua (light blue). "
                  text run at (596,254) width 337: "This will require extra text in order to test."
              RenderBlock {P} at (4,643) size 941x38 [bgcolor=#00FFFF]
                RenderText {#text} at (0,0) size 852x38
                  text run at (0,0) width 718: "This element should have no top padding, since negative padding values are not allowed. "
                  text run at (718,0) width 134: "Both the content"
                  text run at (0,19) width 514: "background and the normal padding should be aqua (light blue)."
