layer at (0,0) size 980x1529
  RenderView at (0,0) size 980x735
layer at (0,0) size 980x1529
  RenderBlock {HTML} at (0,0) size 980x1529
    RenderBody {BODY} at (8,8) size 964x1513 [bgcolor=#CCCCCC]
      RenderBlock {P} at (0,0) size 964x19
        RenderText {#text} at (0,0) size 451x19
          text run at (0,0) width 451: "The style declarations which apply to the text below are:"
      RenderBlock {PRE} at (0,35) size 964x45
        RenderText {#text} at (0,0) size 137x45
          text run at (0,0) width 128: ".one {width: 50px;}"
          text run at (128,0) width 0: " "
          text run at (0,15) width 124: ".two {width: 50%;}"
          text run at (124,15) width 0: " "
          text run at (0,30) width 137: "TABLE {width: 50%;}"
          text run at (137,30) width 0: " "
      RenderBlock {HR} at (0,93) size 964x2 [border: (1px inset #000000)]
      RenderBlock (anonymous) at (0,103) size 964x50
        RenderImage {IMG} at (0,0) size 50x50
        RenderText {#text} at (0,0) size 0x0
      RenderBlock {P} at (0,169) size 964x19
        RenderText {#text} at (0,0) size 359x19
          text run at (0,0) width 359: "The square above should be fifty pixels wide."
      RenderBlock (anonymous) at (0,204) size 964x482
        RenderImage {IMG} at (0,0) size 482x482
        RenderText {#text} at (0,0) size 0x0
      RenderBlock {P} at (0,702) size 964x19
        RenderText {#text} at (0,0) size 857x19
          text run at (0,0) width 857: "The square above should be half as wide as the image's parent element (either the BODY or the table cell)."
      RenderBlock {P} at (0,737) size 482x114
        RenderText {#text} at (0,0) size 460x76
          text run at (0,0) width 419: "This paragraph should be half the width of its parent"
          text run at (0,19) width 460: "element (either the BODY or the table, which should itself"
          text run at (0,38) width 312: "be half as wide as the BODY element). "
          text run at (312,38) width 132: "This is extra text"
          text run at (0,57) width 412: "included to ensure that this will be a fair test of the "
        RenderInline {CODE} at (0,0) size 36x15
          RenderText {#text} at (412,60) size 36x15
            text run at (412,60) width 36: "width"
        RenderText {#text} at (0,76) size 477x38
          text run at (0,76) width 477: "property without the need for the user to resize the viewing"
          text run at (0,95) width 65: "window."
      RenderTable {TABLE} at (0,867) size 482x646 [border: (1px outset #808080)]
        RenderTableSection {TBODY} at (1,1) size 480x644
          RenderTableRow {TR} at (0,0) size 480x27
            RenderTableCell {TD} at (0,0) size 480x27 [bgcolor=#C0C0C0] [border: (1px inset #808080)] [r=0 c=0 rs=1 cs=2]
              RenderInline {STRONG} at (0,0) size 202x19
                RenderText {#text} at (4,4) size 202x19
                  text run at (4,4) width 202: "TABLE Testing Section"
          RenderTableRow {TR} at (0,27) size 480x617
            RenderTableCell {TD} at (0,322) size 13x27 [bgcolor=#C0C0C0] [border: (1px inset #808080)] [r=1 c=0 rs=1 cs=1]
              RenderText {#text} at (4,4) size 5x19
                text run at (4,4) width 5: " "
            RenderTableCell {TD} at (13,27) size 467x617 [border: (1px inset #808080)] [r=1 c=1 rs=1 cs=1]
              RenderBlock (anonymous) at (4,4) size 459x50
                RenderImage {IMG} at (0,0) size 50x50
                RenderText {#text} at (0,0) size 0x0
              RenderBlock {P} at (4,70) size 459x19
                RenderText {#text} at (0,0) size 359x19
                  text run at (0,0) width 359: "The square above should be fifty pixels wide."
              RenderBlock (anonymous) at (4,105) size 459x229
                RenderImage {IMG} at (0,0) size 229x229
                RenderText {#text} at (0,0) size 0x0
              RenderBlock {P} at (4,350) size 459x38
                RenderText {#text} at (0,0) size 447x38
                  text run at (0,0) width 447: "The square above should be half as wide as the image's"
                  text run at (0,19) width 405: "parent element (either the BODY or the table cell)."
              RenderBlock {P} at (4,404) size 229x209
                RenderText {#text} at (0,0) size 228x152
                  text run at (0,0) width 203: "This paragraph should be"
                  text run at (0,19) width 211: "half the width of its parent"
                  text run at (0,38) width 228: "element (either the BODY or"
                  text run at (0,57) width 227: "the table, which should itself"
                  text run at (0,76) width 225: "be half as wide as the BODY"
                  text run at (0,95) width 82: "element). "
                  text run at (82,95) width 132: "This is extra text"
                  text run at (0,114) width 218: "included to ensure that this"
                  text run at (0,133) width 189: "will be a fair test of the "
                RenderInline {CODE} at (0,0) size 36x15
                  RenderText {#text} at (189,136) size 36x15
                    text run at (189,136) width 36: "width"
                RenderText {#text} at (0,152) size 209x57
                  text run at (0,152) width 209: "property without the need"
                  text run at (0,171) width 198: "for the user to resize the"
                  text run at (0,190) width 130: "viewing window."
