layer at (0,0) size 800x600
  RenderView at (0,0) size 800x600
layer at (0,0) size 800x600
  RenderBlock {HTML} at (0,0) size 800x600
    RenderBody {BODY} at (8,8) size 784x584
      RenderInline {A} at (0,0) size 18x14 [color=#0000EE]
        RenderText {#text} at (0,0) size 18x14
          text run at (0,0) width 18: "\x{5EFA}\x{7BC9}"
      RenderText {#text} at (18,0) size 6x14
        text run at (18,0) width 6: ", "
      RenderInline {A} at (0,0) size 27x14 [color=#0000EE]
        RenderText {#text} at (24,0) size 27x14
          text run at (24,0) width 27: "\x{7F8E}\x{8853}\x{9928}"
      RenderText {#text} at (51,0) size 6x14
        text run at (51,0) width 6: ", "
      RenderInline {A} at (0,0) size 18x14 [color=#0000EE]
        RenderText {#text} at (57,0) size 18x14
          text run at (57,0) width 18: "\x{6B74}\x{53F2}"
      RenderText {#text} at (75,0) size 6x14
        text run at (75,0) width 6: ", "
      RenderInline {A} at (0,0) size 18x14 [color=#0000EE]
        RenderText {#text} at (81,0) size 18x14
          text run at (81,0) width 18: "\x{6587}\x{5B66}"
      RenderText {#text} at (99,0) size 17x14
        text run at (99,0) width 3: " "
        text run at (102,0) width 14: "...a"
