layer at (0,0) size 800x600
  RenderView at (0,0) size 800x600
layer at (0,0) size 800x600
  RenderBlock {HTML} at (0,0) size 800x600
    RenderBody {BODY} at (8,8) size 784x584
      RenderTable {TABLE} at (0,0) size 784x256 [border: (5px outset #808080)]
        RenderTableSection {TBODY} at (5,5) size 774x246
          RenderTableRow {TR} at (0,2) size 774x242
            RenderTableCell {TD} at (2,121) size 737x4 [border: (1px inset #808080)] [r=0 c=0 rs=1 cs=1]
            RenderTableCell {TD} at (741,2) size 31x242 [border: (1px inset #808080)] [r=0 c=1 rs=1 cs=1]
              RenderInline {A} at (0,0) size 9x28 [color=#0000EE]
                RenderText {#text} at (2,2) size 9x28
                  text run at (2,2) width 9: "\x{5CA1}"
                  text run at (2,16) width 9: "\x{5C71}"
              RenderText {#text} at (11,16) size 9x14
                text run at (11,16) width 9: "\x{FF5C}"
              RenderInline {A} at (0,0) size 27x28 [color=#0000EE]
                RenderText {#text} at (20,16) size 27x28
                  text run at (20,16) width 9: "\x{5E83}"
                  text run at (2,30) width 9: "\x{5CF6}"
              RenderText {#text} at (11,30) size 9x14
                text run at (11,30) width 9: "\x{FF5C}"
              RenderInline {A} at (0,0) size 27x28 [color=#0000EE]
                RenderText {#text} at (20,30) size 27x28
                  text run at (20,30) width 9: "\x{5C71}"
                  text run at (2,44) width 9: "\x{53E3}"
              RenderText {#text} at (11,44) size 9x14
                text run at (11,44) width 9: "\x{FF5C}"
              RenderInline {A} at (0,0) size 27x28 [color=#0000EE]
                RenderText {#text} at (20,44) size 27x28
                  text run at (20,44) width 9: "\x{5FB3}"
                  text run at (2,58) width 9: "\x{5CF6}"
              RenderText {#text} at (11,58) size 9x14
                text run at (11,58) width 9: "\x{FF5C}"
              RenderInline {A} at (0,0) size 27x28 [color=#0000EE]
                RenderText {#text} at (20,58) size 27x28
                  text run at (20,58) width 9: "\x{9999}"
                  text run at (2,72) width 9: "\x{5DDD}"
              RenderText {#text} at (11,72) size 9x14
                text run at (11,72) width 9: "\x{FF5C}"
              RenderInline {A} at (0,0) size 27x28 [color=#0000EE]
                RenderText {#text} at (20,72) size 27x28
                  text run at (20,72) width 9: "\x{611B}"
                  text run at (2,86) width 9: "\x{5A9B}"
              RenderText {#text} at (11,86) size 9x14
                text run at (11,86) width 9: "\x{FF5C}"
              RenderInline {A} at (0,0) size 27x28 [color=#0000EE]
                RenderText {#text} at (20,86) size 27x28
                  text run at (20,86) width 9: "\x{9AD8}"
                  text run at (2,100) width 9: "\x{77E5}"
              RenderText {#text} at (11,100) size 9x14
                text run at (11,100) width 9: "\x{FF5C}"
              RenderInline {A} at (0,0) size 27x56 [color=#0000EE]
                RenderText {#text} at (20,100) size 27x56
                  text run at (20,100) width 9: "\x{798F}"
                  text run at (2,114) width 27: "\x{5CA1}\x{30FB}\x{5317}"
                  text run at (2,128) width 9: "\x{4E5D}"
                  text run at (2,142) width 9: "\x{5DDE}"
              RenderText {#text} at (11,142) size 9x14
                text run at (11,142) width 9: "\x{FF5C}"
              RenderInline {A} at (0,0) size 27x28 [color=#0000EE]
                RenderText {#text} at (20,142) size 27x28
                  text run at (20,142) width 9: "\x{4F50}"
                  text run at (2,156) width 9: "\x{8CC0}"
              RenderText {#text} at (11,156) size 9x14
                text run at (11,156) width 9: "\x{FF5C}"
              RenderInline {A} at (0,0) size 27x28 [color=#0000EE]
                RenderText {#text} at (20,156) size 27x28
                  text run at (20,156) width 9: "\x{9577}"
                  text run at (2,170) width 9: "\x{5D0E}"
              RenderText {#text} at (11,170) size 9x14
                text run at (11,170) width 9: "\x{FF5C}"
              RenderInline {A} at (0,0) size 27x28 [color=#0000EE]
                RenderText {#text} at (20,170) size 27x28
                  text run at (20,170) width 9: "\x{718A}"
                  text run at (2,184) width 9: "\x{672C}"
              RenderText {#text} at (11,184) size 9x14
                text run at (11,184) width 9: "\x{FF5C}"
              RenderInline {A} at (0,0) size 27x28 [color=#0000EE]
                RenderText {#text} at (20,184) size 27x28
                  text run at (20,184) width 9: "\x{5927}"
                  text run at (2,198) width 9: "\x{5206}"
              RenderText {#text} at (11,198) size 9x14
                text run at (11,198) width 9: "\x{FF5C}"
              RenderInline {A} at (0,0) size 27x28 [color=#0000EE]
                RenderText {#text} at (20,198) size 27x28
                  text run at (20,198) width 9: "\x{5BAE}"
                  text run at (2,212) width 9: "\x{5D0E}"
              RenderText {#text} at (11,212) size 9x14
                text run at (11,212) width 9: "\x{FF5C}"
              RenderInline {A} at (0,0) size 27x28 [color=#0000EE]
                RenderText {#text} at (20,212) size 27x28
                  text run at (20,212) width 9: "\x{9E7F}"
                  text run at (2,226) width 18: "\x{5150}\x{5CF6}"
              RenderText {#text} at (20,226) size 9x14
                text run at (20,226) width 9: "\x{FF5C}"
