layer at (0,0) size 800x600
  RenderView at (0,0) size 800x600
layer at (0,0) size 800x600
  RenderBlock {HTML} at (0,0) size 800x600
    RenderBody {BODY} at (8,8) size 784x584
      RenderBlock {P} at (0,0) size 784x28
        RenderText {#text} at (0,0) size 380x14
          text run at (0,0) width 380: "This tests that bidirectional text is correctly rendered in popup controls."
        RenderBR {BR} at (380,11) size 0x0
        RenderText {#text} at (0,14) size 754x14
          text run at (0,14) width 754: "The order of the text below each popup button should match the order of the select's option text, and the order of the text in the popup menu."
      RenderBlock (anonymous) at (0,40) size 784x56
        RenderText {#text} at (0,0) size 228x14
          text run at (0,0) width 228: "1) direction: rtl; -webkit-rtl-ordering: logical"
        RenderBR {BR} at (228,11) size 0x0
        RenderMenuList {SELECT} at (0,16) size 100x38 [color=#202020]
          RenderBlock (anonymous) at (15,10) size 44x18
            RenderText at (0,0) size 79x17
              text run at (0,0) width 26: "abc"
              text run at (26,0) width 53 RTL: "\x{5D0}\x{5E4}\x{5E8}\x{5E1}\x{5DE}\x{5D5}\x{5DF}"
        RenderBR {BR} at (100,40) size 0x0
      RenderBlock {DIV} at (0,96) size 100x14
        RenderText {#text} at (0,0) size 60x14
          text run at (0,0) width 20: "abc"
          text run at (20,0) width 40 RTL: "\x{5D0}\x{5E4}\x{5E8}\x{5E1}\x{5DE}\x{5D5}\x{5DF}"
      RenderBlock (anonymous) at (0,110) size 784x70
        RenderBR {BR} at (0,0) size 0x14
        RenderText {#text} at (0,14) size 94x14
          text run at (0,14) width 94: "2) text-align: right"
        RenderBR {BR} at (94,25) size 0x0
        RenderMenuList {SELECT} at (0,30) size 200x38 [color=#202020]
          RenderBlock (anonymous) at (15,10) size 144x18
            RenderText at (0,0) size 79x17
              text run at (0,0) width 26: "abc"
              text run at (26,0) width 53 RTL: "\x{5D0}\x{5E4}\x{5E8}\x{5E1}\x{5DE}\x{5D5}\x{5DF}"
        RenderBR {BR} at (200,54) size 0x0
      RenderBlock {DIV} at (0,180) size 200x14
        RenderText {#text} at (0,0) size 60x14
          text run at (0,0) width 20: "abc"
          text run at (20,0) width 40 RTL: "\x{5D0}\x{5E4}\x{5E8}\x{5E1}\x{5DE}\x{5D5}\x{5DF}"
      RenderBlock (anonymous) at (0,194) size 784x70
        RenderBR {BR} at (0,0) size 0x14
        RenderText {#text} at (0,14) size 58x14
          text run at (0,14) width 58: "3) No style"
        RenderBR {BR} at (58,25) size 0x0
        RenderMenuList {SELECT} at (0,30) size 100x38 [color=#202020]
          RenderBlock (anonymous) at (15,10) size 44x18
            RenderText at (0,0) size 79x17
              text run at (0,0) width 26: "abc"
              text run at (26,0) width 53 RTL: "\x{5D0}\x{5E4}\x{5E8}\x{5E1}\x{5DE}\x{5D5}\x{5DF}"
        RenderBR {BR} at (100,54) size 0x0
      RenderBlock {DIV} at (0,264) size 100x14
        RenderText {#text} at (0,0) size 60x14
          text run at (0,0) width 20: "abc"
          text run at (20,0) width 40 RTL: "\x{5D0}\x{5E4}\x{5E8}\x{5E1}\x{5DE}\x{5D5}\x{5DF}"
      RenderBlock (anonymous) at (0,278) size 784x14
        RenderBR {BR} at (0,0) size 0x14
