layer at (0,0) size 800x600
  RenderView at (0,0) size 800x600
layer at (0,0) size 800x64
  RenderBlock {HTML} at (0,0) size 800x64
    RenderBody {BODY} at (8,12) size 784x40
      RenderBlock {P} at (0,0) size 784x14
        RenderText {#text} at (0,0) size 752x14
          text run at (0,0) width 752: "The three boxes should be the same. The order in each box should be: Roman letters, Hebrew letters, digits, Hebrew letters, Roman letters."
      RenderBlock {P} at (0,26) size 784x14
        RenderInline {SPAN} at (0,0) size 107x16 [border: (1px solid #008000)]
          RenderText {#text} at (1,0) size 105x14
            text run at (1,0) width 23: "abc "
            text run at (24,0) width 19 RTL: " \x{5D3}\x{5D4}\x{5D5}"
            text run at (43,0) width 21: "123"
            text run at (64,0) width 22 RTL: "\x{5D0}\x{5D1}\x{5D2} "
            text run at (86,0) width 20: " def"
        RenderText {#text} at (107,0) size 3x14
          text run at (107,0) width 3: " "
        RenderInline {SPAN} at (0,0) size 107x16 [border: (1px solid #008000)]
          RenderText {#text} at (111,0) size 105x14
            text run at (111,0) width 23: "abc "
            text run at (134,0) width 19 RTL: " \x{5D3}\x{5D4}\x{5D5}"
            text run at (153,0) width 21: "123"
            text run at (174,0) width 22 RTL: "\x{5D0}\x{5D1}\x{5D2} "
            text run at (196,0) width 20: " def"
        RenderText {#text} at (217,0) size 3x14
          text run at (217,0) width 3: " "
        RenderInline {SPAN} at (0,0) size 107x16 [border: (1px solid #008000)]
          RenderText {#text} at (221,0) size 105x14
            text run at (221,0) width 23: "abc "
            text run at (244,0) width 19 RTL: " \x{5D3}\x{5D4}\x{5D5}"
            text run at (263,0) width 21: "123"
            text run at (284,0) width 22 RTL: "\x{5D0}\x{5D1}\x{5D2} "
            text run at (306,0) width 20: " def"
        RenderText {#text} at (0,0) size 0x0
