layer at (0,0) size 800x600
  RenderView at (0,0) size 800x600
layer at (0,0) size 800x274
  RenderBlock {HTML} at (0,0) size 800x274
    RenderBody {BODY} at (8,12) size 784x254
      RenderBlock {P} at (0,0) size 784x14
        RenderText {#text} at (0,0) size 263x14
          text run at (0,0) width 263: "All rows should be identical to the reference row."
      RenderTable {TABLE} at (0,26) size 457x93 [border: none]
        RenderTableSection {TBODY} at (0,0) size 456x92
          RenderTableRow {TR} at (0,0) size 456x23
            RenderTableCell {TD} at (0,0) size 84x23 [border: (1px solid #008000)] [r=0 c=0 rs=1 cs=1]
              RenderText {#text} at (23,5) size 57x14
                text run at (23,5) width 57: "Reference"
            RenderTableCell {TD} at (84,0) size 186x23 [border: (1px solid #008000)] [r=0 c=1 rs=1 cs=1]
              RenderText {#text} at (5,5) size 177x14
                text run at (5,5) width 37: "abcdef"
                text run at (42,5) width 19 RTL: "\x{5D0}\x{5D1}\x{5D2}"
                text run at (61,5) width 32: "ghijkl "
                text run at (93,5) width 34 RTL: "\x{5D6}\x{5D7}\x{5D8}\x{5D9}\x{5DB}\x{5DC}"
                text run at (127,5) width 20: "abc"
                text run at (147,5) width 35 RTL: "\x{5D0}\x{5D1}\x{5D2}\x{5D3}\x{5D4}\x{5D5}"
            RenderTableCell {TD} at (270,0) size 186x23 [border: (1px solid #008000)] [r=0 c=2 rs=1 cs=1]
              RenderText {#text} at (5,5) size 177x14
                text run at (5,5) width 34 RTL: "\x{5D6}\x{5D7}\x{5D8}\x{5D9}\x{5DB}\x{5DC}"
                text run at (39,5) width 20: "abc"
                text run at (59,5) width 35 RTL: "\x{5D0}\x{5D1}\x{5D2}\x{5D3}\x{5D4}\x{5D5}"
                text run at (94,5) width 3 RTL: " "
                text run at (97,5) width 37: "abcdef"
                text run at (134,5) width 19 RTL: "\x{5D0}\x{5D1}\x{5D2}"
                text run at (153,5) width 29: "ghijkl"
          RenderTableRow {TR} at (0,23) size 456x23
            RenderTableCell {TD} at (0,23) size 84x23 [border: (1px solid #008000)] [r=1 c=0 rs=1 cs=1]
              RenderText {#text} at (7,5) size 73x14
                text run at (7,5) width 73: "CSS, siblings"
            RenderTableCell {TD} at (84,23) size 186x23 [border: (1px solid #008000)] [r=1 c=1 rs=1 cs=1]
              RenderText {#text} at (5,5) size 20x14
                text run at (5,5) width 20: "abc"
              RenderInline {SPAN} at (0,0) size 53x14
                RenderText {#text} at (25,5) size 53x14
                  text run at (25,5) width 53 RTL override: "ihg\x{5D0}\x{5D1}\x{5D2}fed"
              RenderText {#text} at (78,5) size 104x14
                text run at (78,5) width 15: "jkl "
                text run at (163,5) width 19 RTL: "\x{5D0}\x{5D1}\x{5D2}"
              RenderInline {SPAN} at (0,0) size 55x14
                RenderText {#text} at (108,5) size 55x14
                  text run at (108,5) width 55 LTR override: "\x{5D8}\x{5D7}\x{5D6}abc\x{5D5}\x{5D4}\x{5D3}"
              RenderText {#text} at (93,5) size 15x14
                text run at (93,5) width 15 RTL: "\x{5D9}\x{5DB}\x{5DC}"
            RenderTableCell {TD} at (270,23) size 186x23 [border: (1px solid #008000)] [r=1 c=2 rs=1 cs=1]
              RenderText {#text} at (97,5) size 20x14
                text run at (97,5) width 20: "abc"
              RenderInline {SPAN} at (0,0) size 53x14
                RenderText {#text} at (117,5) size 53x14
                  text run at (117,5) width 53 RTL override: "ihg\x{5D0}\x{5D1}\x{5D2}fed"
              RenderText {#text} at (75,5) size 107x14
                text run at (75,5) width 22 RTL: " \x{5D0}\x{5D1}\x{5D2}"
                text run at (170,5) width 12: "jkl"
              RenderInline {SPAN} at (0,0) size 55x14
                RenderText {#text} at (20,5) size 55x14
                  text run at (20,5) width 55 LTR override: "\x{5D8}\x{5D7}\x{5D6}abc\x{5D5}\x{5D4}\x{5D3}"
              RenderText {#text} at (5,5) size 15x14
                text run at (5,5) width 15 RTL: "\x{5D9}\x{5DB}\x{5DC}"
          RenderTableRow {TR} at (0,46) size 456x23
            RenderTableCell {TD} at (0,46) size 84x23 [border: (1px solid #008000)] [r=2 c=0 rs=1 cs=1]
              RenderText {#text} at (5,5) size 75x14
                text run at (5,5) width 75: "CSS, children"
            RenderTableCell {TD} at (84,46) size 186x23 [border: (1px solid #008000)] [r=2 c=1 rs=1 cs=1]
              RenderInline {SPAN} at (0,0) size 85x14
                RenderText {#text} at (5,5) size 20x14
                  text run at (5,5) width 20: "abc"
                RenderInline {SPAN} at (0,0) size 53x14
                  RenderText {#text} at (25,5) size 53x14
                    text run at (25,5) width 53 RTL override: "ihg\x{5D0}\x{5D1}\x{5D2}fed"
                RenderText {#text} at (78,5) size 12x14
                  text run at (78,5) width 12: "jkl"
              RenderText {#text} at (90,5) size 3x14
                text run at (90,5) width 3: " "
              RenderInline {SPAN} at (0,0) size 89x14
                RenderText {#text} at (163,5) size 19x14
                  text run at (163,5) width 19 RTL: "\x{5D0}\x{5D1}\x{5D2}"
                RenderInline {SPAN} at (0,0) size 55x14
                  RenderText {#text} at (108,5) size 55x14
                    text run at (108,5) width 55 LTR override: "\x{5D8}\x{5D7}\x{5D6}abc\x{5D5}\x{5D4}\x{5D3}"
                RenderText {#text} at (93,5) size 15x14
                  text run at (93,5) width 15 RTL: "\x{5D9}\x{5DB}\x{5DC}"
            RenderTableCell {TD} at (270,46) size 186x23 [border: (1px solid #008000)] [r=2 c=2 rs=1 cs=1]
              RenderInline {SPAN} at (0,0) size 85x14
                RenderText {#text} at (97,5) size 20x14
                  text run at (97,5) width 20: "abc"
                RenderInline {SPAN} at (0,0) size 53x14
                  RenderText {#text} at (117,5) size 53x14
                    text run at (117,5) width 53 RTL override: "ihg\x{5D0}\x{5D1}\x{5D2}fed"
                RenderText {#text} at (170,5) size 12x14
                  text run at (170,5) width 12: "jkl"
              RenderText {#text} at (94,5) size 3x14
                text run at (94,5) width 3 RTL: " "
              RenderInline {SPAN} at (0,0) size 89x14
                RenderText {#text} at (75,5) size 19x14
                  text run at (75,5) width 19 RTL: "\x{5D0}\x{5D1}\x{5D2}"
                RenderInline {SPAN} at (0,0) size 55x14
                  RenderText {#text} at (20,5) size 55x14
                    text run at (20,5) width 55 LTR override: "\x{5D8}\x{5D7}\x{5D6}abc\x{5D5}\x{5D4}\x{5D3}"
                RenderText {#text} at (5,5) size 15x14
                  text run at (5,5) width 15 RTL: "\x{5D9}\x{5DB}\x{5DC}"
          RenderTableRow {TR} at (0,69) size 456x23
            RenderTableCell {TD} at (0,69) size 84x23 [border: (1px solid #008000)] [r=3 c=0 rs=1 cs=1]
              RenderText {#text} at (34,5) size 46x14
                text run at (34,5) width 46: "Unicode"
            RenderTableCell {TD} at (84,69) size 186x23 [border: (1px solid #008000)] [r=3 c=1 rs=1 cs=1]
              RenderText {#text} at (5,5) size 177x14
                text run at (5,5) width 20: "abc"
                text run at (25,5) width 53 RTL override: "\x{202E}ihg\x{5D0}\x{5D1}\x{5D2}fed"
                text run at (78,5) width 15: "\x{202C}jkl "
                text run at (93,5) width 15 RTL: "\x{202C}\x{5D9}\x{5DB}\x{5DC}"
                text run at (108,5) width 55 LTR override: "\x{202D}\x{5D8}\x{5D7}\x{5D6}abc\x{5D5}\x{5D4}\x{5D3}"
                text run at (163,5) width 19 RTL: "\x{5D0}\x{5D1}\x{5D2}"
            RenderTableCell {TD} at (270,69) size 186x23 [border: (1px solid #008000)] [r=3 c=2 rs=1 cs=1]
              RenderText {#text} at (5,5) size 177x14
                text run at (5,5) width 15 RTL: "\x{202C}\x{5D9}\x{5DB}\x{5DC}"
                text run at (20,5) width 55 LTR override: "\x{202D}\x{5D8}\x{5D7}\x{5D6}abc\x{5D5}\x{5D4}\x{5D3}"
                text run at (75,5) width 19 RTL: "\x{5D0}\x{5D1}\x{5D2}"
                text run at (94,5) width 3 RTL: " "
                text run at (97,5) width 20: "abc"
                text run at (117,5) width 53 RTL override: "\x{202E}ihg\x{5D0}\x{5D1}\x{5D2}fed"
                text run at (170,5) width 12: "\x{202C}jkl"
      RenderBlock {P} at (0,131) size 784x14
        RenderText {#text} at (0,0) size 332x14
          text run at (0,0) width 332: "The CSS column should be identical to the reference column."
      RenderTable {TABLE} at (0,157) size 197x97 [border: none]
        RenderTableSection {TBODY} at (0,0) size 196x96
          RenderTableRow {TR} at (0,0) size 196x23
            RenderTableCell {TD} at (0,0) size 98x23 [border: (1px solid #008000)] [r=0 c=0 rs=1 cs=1]
              RenderText {#text} at (21,5) size 57x14
                text run at (21,5) width 57: "Reference"
            RenderTableCell {TD} at (98,0) size 98x23 [border: (1px solid #008000)] [r=0 c=1 rs=1 cs=1]
              RenderText {#text} at (37,5) size 25x14
                text run at (37,5) width 25: "CSS"
          RenderTableRow {TR} at (0,23) size 196x73
            RenderTableCell {TD} at (0,23) size 98x73 [border: (1px solid #008000)] [r=1 c=0 rs=1 cs=1]
              RenderBlock {P} at (5,17) size 89x14
                RenderText {#text} at (2,0) size 85x14
                  text run at (2,0) width 37: "abcdef"
                  text run at (39,0) width 19 RTL: "\x{5D0}\x{5D1}\x{5D2}"
                  text run at (58,0) width 29: "ghijkl"
              RenderBlock {P} at (5,43) size 89x14
                RenderText {#text} at (0,0) size 89x14
                  text run at (0,0) width 34 RTL: "\x{5D6}\x{5D7}\x{5D8}\x{5D9}\x{5DB}\x{5DC}"
                  text run at (34,0) width 20: "abc"
                  text run at (54,0) width 35 RTL: "\x{5D0}\x{5D1}\x{5D2}\x{5D3}\x{5D4}\x{5D5}"
            RenderTableCell {TD} at (98,23) size 98x73 [border: (1px solid #008000)] [r=1 c=1 rs=1 cs=1]
              RenderBlock {P} at (5,17) size 89x14
                RenderText {#text} at (2,0) size 85x14
                  text run at (2,0) width 85 RTL override: "lkjihg\x{5D0}\x{5D1}\x{5D2}fedcba"
              RenderBlock {P} at (5,43) size 89x14
                RenderText {#text} at (0,0) size 89x14
                  text run at (0,0) width 89 LTR override: "\x{5DC}\x{5DB}\x{5D9}\x{5D8}\x{5D7}\x{5D6}abc\x{5D5}\x{5D4}\x{5D3}\x{5D2}\x{5D1}\x{5D0}"
