layer at (0,0) size 800x600
  RenderView at (0,0) size 800x600
layer at (0,0) size 800x600
  RenderBlock {HTML} at (0,0) size 800x600
    RenderBody {BODY} at (8,8) size 784x584
      RenderBlock (anonymous) at (0,0) size 784x14
        RenderText {#text} at (0,0) size 591x14
          text run at (0,0) width 591: "This tests that Unicode bidi control characters are not rendered and have zero width. The next two lines should look the same."
      RenderBlock {DIV} at (0,14) size 784x28
        RenderText {#text} at (0,0) size 5x14
          text run at (0,0) width 5: "a"
          text run at (5,0) width 0 LTR override: "\x{202D}e\x{300}"
        RenderBR {BR} at (5,11) size 0x0
        RenderText {#text} at (0,14) size 0x14
          text run at (0,14) width 0: "ae\x{300}"
