layer at (0,0) size 800x600
  RenderView at (0,0) size 800x600
layer at (0,0) size 800x600
  RenderBlock {HTML} at (0,0) size 800x600
    RenderBody {BODY} at (8,8) size 784x580
      RenderBlock (anonymous) at (0,0) size 784x14
        RenderText {#text} at (0,0) size 692x14
          text run at (0,0) width 386: "The following tests text iteration over RTL text embedded with LTR text. "
          text run at (386,0) width 306: "TextIterators are used for find, spellcheck, and .innerText"
      RenderBlock {HR} at (0,20) size 784x2 [border: (1px inset #000000)]
      RenderBlock (anonymous) at (0,28) size 784x14
        RenderText {#text} at (0,0) size 116x14
          text run at (0,0) width 116: "Embedded Numbers:"
      RenderBlock {DIV} at (0,42) size 784x14 [color=#0000FF]
        RenderText {#text} at (0,0) size 91x14
          text run at (0,0) width 47: "Testing ("
          text run at (47,0) width 10 RTL: "\x{5DF}\x{5DE}"
          text run at (57,0) width 7: "3"
          text run at (64,0) width 23 RTL: "\x{5D7}\x{5D5}\x{5D3}\x{5D0}"
          text run at (87,0) width 4: ")"
      RenderBlock (anonymous) at (0,56) size 784x14
        RenderText {#text} at (0,0) size 89x14
          text run at (0,0) width 89: "Embedded LTR:"
      RenderBlock {DIV} at (0,70) size 784x14 [color=#0000FF]
        RenderText {#text} at (0,0) size 111x14
          text run at (0,0) width 47: "Testing ("
          text run at (47,0) width 23 RTL: "\x{5D7}\x{5D5}\x{5D3}\x{5D0}"
          text run at (70,0) width 27: "hello"
          text run at (97,0) width 10 RTL: "\x{5DF}\x{5DE}"
          text run at (107,0) width 4: ")"
      RenderBlock (anonymous) at (0,84) size 784x14
        RenderText {#text} at (0,0) size 163x14
          text run at (0,0) width 163: "Embedded Numbers and LTR"
      RenderBlock {DIV} at (0,98) size 784x14 [color=#0000FF]
        RenderText {#text} at (0,0) size 108x14
          text run at (0,0) width 47: "Testing ("
          text run at (47,0) width 20 RTL: "\x{5E7}\x{5E7}\x{5E8}"
          text run at (67,0) width 7: "3"
          text run at (74,0) width 23 RTL: "\x{5D9}\x{5E7}\x{5DD}\x{5DC}"
          text run at (97,0) width 11: "h)"
      RenderBlock (anonymous) at (0,112) size 784x14
        RenderText {#text} at (0,0) size 187x14
          text run at (0,0) width 187: "Embedded Numbers with spacing:"
      RenderBlock {DIV} at (0,126) size 784x14 [color=#0000FF]
        RenderText {#text} at (0,0) size 198x14
          text run at (0,0) width 47: "Testing ("
          text run at (47,0) width 26 RTL: " \x{5D7}\x{5D5}\x{5D3}\x{5D0}"
          text run at (73,0) width 21: "300"
          text run at (94,0) width 36 RTL: "\x{5D7}\x{5D5}\x{5D3}\x{5D0}\x{5DF}\x{5DE} "
          text run at (130,0) width 35: "34023"
          text run at (165,0) width 29 RTL: "\x{5D9}\x{5E7}\x{5DA}\x{5DA}\x{5DD}"
          text run at (194,0) width 4: ")"
      RenderBlock (anonymous) at (0,140) size 784x14
        RenderText {#text} at (0,0) size 57x14
          text run at (0,0) width 57: "Plain LTR:"
      RenderBlock {DIV} at (0,154) size 784x14 [color=#0000FF]
        RenderText {#text} at (0,0) size 78x14
          text run at (0,0) width 78: "Testing (hello)"
      RenderBlock (anonymous) at (0,168) size 784x14
        RenderText {#text} at (0,0) size 160x14
          text run at (0,0) width 160: "Embedded LTR with spacing:"
      RenderBlock {DIV} at (0,182) size 784x14 [color=#0000FF]
        RenderText {#text} at (0,0) size 142x14
          text run at (0,0) width 47: "Testing ("
          text run at (47,0) width 45 RTL: "\x{5D7}\x{5D5}\x{5D3}\x{5D9}\x{5E7}\x{5DA}\x{5DA}\x{5DD}"
          text run at (92,0) width 33: " hello "
          text run at (125,0) width 13 RTL: "\x{5DF}\x{5DE}\x{5D9}"
          text run at (138,0) width 4: ")"
      RenderBlock (anonymous) at (0,196) size 784x14
        RenderText {#text} at (0,0) size 138x14
          text run at (0,0) width 138: "Mixed but not embedded:"
      RenderBlock {DIV} at (0,210) size 784x14 [color=#0000FF]
        RenderText {#text} at (0,0) size 104x14
          text run at (0,0) width 74: "Testing (hello"
          text run at (74,0) width 26 RTL: "\x{5D7}\x{5D5}\x{5D3}\x{5DF}\x{5DE}"
          text run at (100,0) width 4: ")"
      RenderBlock (anonymous) at (0,224) size 784x14
        RenderText {#text} at (0,0) size 138x14
          text run at (0,0) width 138: "Mixed but not embedded:"
      RenderBlock {DIV} at (0,238) size 784x14 [color=#0000FF]
        RenderText {#text} at (0,0) size 104x14
          text run at (0,0) width 47: "Testing ("
          text run at (47,0) width 26 RTL: "\x{5D7}\x{5D5}\x{5D3}\x{5DF}\x{5DE}"
          text run at (73,0) width 31: "hello)"
      RenderBlock {OL} at (0,264) size 784x0
