layer at (0,0) size 800x600
  RenderView at (0,0) size 800x600
layer at (0,0) size 800x480
  RenderBlock {HTML} at (0,0) size 800x480
    RenderBody {BODY} at (8,12) size 784x460
      RenderBlock {P} at (0,0) size 784x14
        RenderText {#text} at (0,0) size 427x14
          text run at (0,0) width 427: "The T column should match the R column. The H columns uses <br/> to force line breaks."
      RenderTable {TABLE} at (0,26) size 163x434 [border: none]
        RenderTableSection {TBODY} at (0,0) size 162x433
          RenderTableRow {TR} at (0,0) size 162x23
            RenderTableCell {TD} at (0,9) size 39x4 [r=0 c=0 rs=1 cs=1]
            RenderTableCell {TD} at (39,0) size 45x23 [border: (1px solid #008000)] [r=0 c=1 rs=1 cs=1]
              RenderText {#text} at (3,3) size 12x17
                text run at (3,3) width 12: "H"
            RenderTableCell {TD} at (84,0) size 33x23 [border: (1px solid #008000)] [r=0 c=2 rs=1 cs=1]
              RenderText {#text} at (3,3) size 10x17
                text run at (3,3) width 10: "T"
            RenderTableCell {TD} at (117,0) size 45x23 [border: (1px solid #008000)] [r=0 c=3 rs=1 cs=1]
              RenderText {#text} at (3,3) size 12x17
                text run at (3,3) width 12: "R"
          RenderTableRow {TR} at (0,23) size 162x41
            RenderTableCell {TD} at (0,32) size 39x23 [border: (1px solid #008000)] [r=1 c=0 rs=1 cs=1]
              RenderText {#text} at (3,3) size 9x17
                text run at (3,3) width 9: "1"
            RenderTableCell {TD} at (39,23) size 45x41 [border: (1px solid #008000)] [r=1 c=1 rs=1 cs=1]
              RenderText {#text} at (3,3) size 13x17
                text run at (3,3) width 9 RTL: "\x{5D0}"
                text run at (12,3) width 4: "."
              RenderBR {BR} at (16,17) size 0x0
              RenderText {#text} at (3,21) size 9x17
                text run at (3,21) width 9: "b"
            RenderTableCell {TD} at (84,32) size 33x23 [border: (1px solid #008000)] [r=1 c=2 rs=1 cs=1]
              RenderText {#text} at (3,3) size 26x17
                text run at (3,3) width 9 RTL: "\x{5D0}"
                text run at (12,3) width 17: ". b"
            RenderTableCell {TD} at (117,23) size 45x41 [border: (1px solid #008000)] [r=1 c=3 rs=1 cs=1]
              RenderBlock {P} at (3,3) size 40x18
                RenderText {#text} at (0,0) size 13x17
                  text run at (0,0) width 13 LTR override: "\x{5D0}."
              RenderBlock {P} at (3,21) size 40x18
                RenderText {#text} at (0,0) size 9x17
                  text run at (0,0) width 9 LTR override: "b"
          RenderTableRow {TR} at (0,64) size 162x41
            RenderTableCell {TD} at (0,73) size 39x23 [border: (1px solid #008000)] [r=2 c=0 rs=1 cs=1]
              RenderText {#text} at (3,3) size 9x17
                text run at (3,3) width 9: "2"
            RenderTableCell {TD} at (39,64) size 45x41 [border: (1px solid #008000)] [r=2 c=1 rs=1 cs=1]
              RenderText {#text} at (3,3) size 13x17
                text run at (3,3) width 9 RTL: "\x{5D0}"
                text run at (12,3) width 4: "."
              RenderBR {BR} at (16,17) size 0x0
              RenderText {#text} at (3,21) size 9x17
                text run at (3,21) width 9 RTL: "\x{5D1}"
            RenderTableCell {TD} at (84,73) size 33x23 [border: (1px solid #008000)] [r=2 c=2 rs=1 cs=1]
              RenderText {#text} at (3,3) size 26x17
                text run at (3,3) width 26 RTL: "\x{5D0}. \x{5D1}"
            RenderTableCell {TD} at (117,64) size 45x41 [border: (1px solid #008000)] [r=2 c=3 rs=1 cs=1]
              RenderBlock {P} at (3,3) size 40x18
                RenderText {#text} at (0,0) size 13x17
                  text run at (0,0) width 13 LTR override: ".\x{5D0}"
              RenderBlock {P} at (3,21) size 40x18
                RenderText {#text} at (0,0) size 9x17
                  text run at (0,0) width 9 LTR override: "\x{5D1}"
          RenderTableRow {TR} at (0,105) size 162x41
            RenderTableCell {TD} at (0,114) size 39x23 [border: (1px solid #008000)] [r=3 c=0 rs=1 cs=1]
              RenderText {#text} at (3,3) size 9x17
                text run at (3,3) width 9: "3"
            RenderTableCell {TD} at (39,105) size 45x41 [border: (1px solid #008000)] [r=3 c=1 rs=1 cs=1]
              RenderText {#text} at (3,3) size 18x17
                text run at (3,3) width 18 RTL: "\x{5D0}\x{5D0}"
              RenderBR {BR} at (3,17) size 0x0
              RenderText {#text} at (3,21) size 22x17
                text run at (3,21) width 9: "b"
                text run at (12,21) width 4 RTL: " "
                text run at (16,21) width 9: "1"
            RenderTableCell {TD} at (84,105) size 33x41 [border: (1px solid #008000)] [r=3 c=2 rs=1 cs=1]
              RenderText {#text} at (3,3) size 22x35
                text run at (3,3) width 18 RTL: "\x{5D0}\x{5D0}"
                text run at (3,21) width 9: "b"
                text run at (12,21) width 4 RTL: " "
                text run at (16,21) width 9: "1"
            RenderTableCell {TD} at (117,105) size 45x41 [border: (1px solid #008000)] [r=3 c=3 rs=1 cs=1]
              RenderBlock {P} at (3,3) size 40x18
                RenderText {#text} at (0,0) size 18x17
                  text run at (0,0) width 18 LTR override: "\x{5D0}\x{5D0}"
              RenderBlock {P} at (3,21) size 40x18
                RenderText {#text} at (0,0) size 22x17
                  text run at (0,0) width 22 LTR override: "b 1"
          RenderTableRow {TR} at (0,146) size 162x41
            RenderTableCell {TD} at (0,155) size 39x23 [border: (1px solid #008000)] [r=4 c=0 rs=1 cs=1]
              RenderText {#text} at (3,3) size 9x17
                text run at (3,3) width 9: "4"
            RenderTableCell {TD} at (39,146) size 45x41 [border: (1px solid #008000)] [r=4 c=1 rs=1 cs=1]
              RenderText {#text} at (3,3) size 18x17
                text run at (3,3) width 18: "aa"
              RenderBR {BR} at (3,17) size 0x0
              RenderText {#text} at (3,21) size 22x17
                text run at (3,21) width 9: "b"
                text run at (12,21) width 4 RTL: " "
                text run at (16,21) width 9: "1"
            RenderTableCell {TD} at (84,146) size 33x41 [border: (1px solid #008000)] [r=4 c=2 rs=1 cs=1]
              RenderText {#text} at (3,3) size 22x35
                text run at (3,3) width 18: "aa"
                text run at (3,21) width 22: "1 b"
            RenderTableCell {TD} at (117,146) size 45x41 [border: (1px solid #008000)] [r=4 c=3 rs=1 cs=1]
              RenderBlock {P} at (3,3) size 40x18
                RenderText {#text} at (0,0) size 18x17
                  text run at (0,0) width 18 LTR override: "aa"
              RenderBlock {P} at (3,21) size 40x18
                RenderText {#text} at (0,0) size 22x17
                  text run at (0,0) width 22 LTR override: "1 b"
          RenderTableRow {TR} at (0,187) size 162x41
            RenderTableCell {TD} at (0,196) size 39x23 [border: (1px solid #008000)] [r=5 c=0 rs=1 cs=1]
              RenderText {#text} at (3,3) size 9x17
                text run at (3,3) width 9: "5"
            RenderTableCell {TD} at (39,187) size 45x41 [border: (1px solid #008000)] [r=5 c=1 rs=1 cs=1]
              RenderText {#text} at (3,3) size 18x17
                text run at (3,3) width 18 RTL: "\x{5D0}\x{5D0}"
              RenderBR {BR} at (3,17) size 0x0
              RenderText {#text} at (3,21) size 22x17
                text run at (3,21) width 13 RTL: " \x{5D1}"
                text run at (16,21) width 9: "1"
            RenderTableCell {TD} at (84,187) size 33x41 [border: (1px solid #008000)] [r=5 c=2 rs=1 cs=1]
              RenderText {#text} at (3,3) size 22x35
                text run at (3,3) width 18 RTL: "\x{5D0}\x{5D0}"
                text run at (3,21) width 13 RTL: " \x{5D1}"
                text run at (16,21) width 9: "1"
            RenderTableCell {TD} at (117,187) size 45x41 [border: (1px solid #008000)] [r=5 c=3 rs=1 cs=1]
              RenderBlock {P} at (3,3) size 40x18
                RenderText {#text} at (0,0) size 18x17
                  text run at (0,0) width 18 LTR override: "\x{5D0}\x{5D0}"
              RenderBlock {P} at (3,21) size 40x18
                RenderText {#text} at (0,0) size 22x17
                  text run at (0,0) width 22 LTR override: "\x{5D1} 1"
          RenderTableRow {TR} at (0,228) size 162x41
            RenderTableCell {TD} at (0,237) size 39x23 [border: (1px solid #008000)] [r=6 c=0 rs=1 cs=1]
              RenderText {#text} at (3,3) size 9x17
                text run at (3,3) width 9: "6"
            RenderTableCell {TD} at (39,228) size 45x41 [border: (1px solid #008000)] [r=6 c=1 rs=1 cs=1]
              RenderText {#text} at (3,3) size 18x17
                text run at (3,3) width 18: "aa"
              RenderBR {BR} at (3,17) size 0x0
              RenderText {#text} at (3,21) size 22x17
                text run at (3,21) width 13 RTL: " \x{5D1}"
                text run at (16,21) width 9: "1"
            RenderTableCell {TD} at (84,228) size 33x41 [border: (1px solid #008000)] [r=6 c=2 rs=1 cs=1]
              RenderText {#text} at (3,3) size 22x35
                text run at (3,3) width 18: "aa"
                text run at (3,21) width 13 RTL: " \x{5D1}"
                text run at (16,21) width 9: "1"
            RenderTableCell {TD} at (117,228) size 45x41 [border: (1px solid #008000)] [r=6 c=3 rs=1 cs=1]
              RenderBlock {P} at (3,3) size 40x18
                RenderText {#text} at (0,0) size 18x17
                  text run at (0,0) width 18 LTR override: "aa"
              RenderBlock {P} at (3,21) size 40x18
                RenderText {#text} at (0,0) size 22x17
                  text run at (0,0) width 22 LTR override: "\x{5D1} 1"
          RenderTableRow {TR} at (0,269) size 162x41
            RenderTableCell {TD} at (0,278) size 39x23 [border: (1px solid #008000)] [r=7 c=0 rs=1 cs=1]
              RenderText {#text} at (3,3) size 9x17
                text run at (3,3) width 9: "7"
            RenderTableCell {TD} at (39,269) size 45x41 [border: (1px solid #008000)] [r=7 c=1 rs=1 cs=1]
              RenderText {#text} at (3,3) size 18x17
                text run at (3,3) width 18: "a ("
              RenderBR {BR} at (21,17) size 0x0
              RenderText {#text} at (3,21) size 17x17
                text run at (3,21) width 17: "] b"
            RenderTableCell {TD} at (84,269) size 33x41 [border: (1px solid #008000)] [r=7 c=2 rs=1 cs=1]
              RenderText {#text} at (3,3) size 26x35
                text run at (3,3) width 26: "a ( ]"
                text run at (3,21) width 9: "b"
            RenderTableCell {TD} at (117,269) size 45x41 [border: (1px solid #008000)] [r=7 c=3 rs=1 cs=1]
              RenderBlock {P} at (3,3) size 40x18
                RenderText {#text} at (0,0) size 18x17
                  text run at (0,0) width 18 LTR override: "a ("
              RenderBlock {P} at (3,21) size 40x18
                RenderText {#text} at (0,0) size 17x17
                  text run at (0,0) width 17 LTR override: "] b"
          RenderTableRow {TR} at (0,310) size 162x41
            RenderTableCell {TD} at (0,319) size 39x23 [border: (1px solid #008000)] [r=8 c=0 rs=1 cs=1]
              RenderText {#text} at (3,3) size 9x17
                text run at (3,3) width 9: "8"
            RenderTableCell {TD} at (39,310) size 45x41 [border: (1px solid #008000)] [r=8 c=1 rs=1 cs=1]
              RenderText {#text} at (3,3) size 18x17
                text run at (3,3) width 9 RTL: "\x{5D0}"
                text run at (12,3) width 9: " ("
              RenderBR {BR} at (21,17) size 0x0
              RenderText {#text} at (3,21) size 17x17
                text run at (3,21) width 17: "] b"
            RenderTableCell {TD} at (84,310) size 33x41 [border: (1px solid #008000)] [r=8 c=2 rs=1 cs=1]
              RenderText {#text} at (3,3) size 26x35
                text run at (3,3) width 9 RTL: "\x{5D0}"
                text run at (12,3) width 17: " ( ]"
                text run at (3,21) width 9: "b"
            RenderTableCell {TD} at (117,310) size 45x41 [border: (1px solid #008000)] [r=8 c=3 rs=1 cs=1]
              RenderBlock {P} at (3,3) size 40x18
                RenderText {#text} at (0,0) size 18x17
                  text run at (0,0) width 18 LTR override: "\x{5D0} ("
              RenderBlock {P} at (3,21) size 40x18
                RenderText {#text} at (0,0) size 17x17
                  text run at (0,0) width 17 LTR override: "] b"
          RenderTableRow {TR} at (0,351) size 162x41
            RenderTableCell {TD} at (0,360) size 39x23 [border: (1px solid #008000)] [r=9 c=0 rs=1 cs=1]
              RenderText {#text} at (3,3) size 9x17
                text run at (3,3) width 9: "9"
            RenderTableCell {TD} at (39,351) size 45x41 [border: (1px solid #008000)] [r=9 c=1 rs=1 cs=1]
              RenderText {#text} at (3,3) size 18x17
                text run at (3,3) width 18: "a ("
              RenderBR {BR} at (21,17) size 0x0
              RenderText {#text} at (3,21) size 17x17
                text run at (3,21) width 8: "] "
                text run at (11,21) width 9 RTL: "\x{5D1}"
            RenderTableCell {TD} at (84,351) size 33x41 [border: (1px solid #008000)] [r=9 c=2 rs=1 cs=1]
              RenderText {#text} at (3,3) size 26x35
                text run at (3,3) width 26: "a ( ]"
                text run at (3,21) width 9 RTL: "\x{5D1}"
            RenderTableCell {TD} at (117,351) size 45x41 [border: (1px solid #008000)] [r=9 c=3 rs=1 cs=1]
              RenderBlock {P} at (3,3) size 40x18
                RenderText {#text} at (0,0) size 18x17
                  text run at (0,0) width 18 LTR override: "a ("
              RenderBlock {P} at (3,21) size 40x18
                RenderText {#text} at (0,0) size 17x17
                  text run at (0,0) width 17 LTR override: "] \x{5D1}"
          RenderTableRow {TR} at (0,392) size 162x41
            RenderTableCell {TD} at (0,401) size 39x23 [border: (1px solid #008000)] [r=10 c=0 rs=1 cs=1]
              RenderText {#text} at (3,3) size 18x17
                text run at (3,3) width 18: "10"
            RenderTableCell {TD} at (39,392) size 45x41 [border: (1px solid #008000)] [r=10 c=1 rs=1 cs=1]
              RenderText {#text} at (3,3) size 18x17
                text run at (3,3) width 9 RTL: "\x{5D0}"
                text run at (12,3) width 9: " ("
              RenderBR {BR} at (21,17) size 0x0
              RenderText {#text} at (3,21) size 17x17
                text run at (3,21) width 8: "] "
                text run at (11,21) width 9 RTL: "\x{5D1}"
            RenderTableCell {TD} at (84,392) size 33x41 [border: (1px solid #008000)] [r=10 c=2 rs=1 cs=1]
              RenderText {#text} at (3,3) size 26x35
                text run at (3,3) width 26 RTL: "\x{5D0} ( ]"
                text run at (3,21) width 9 RTL: "\x{5D1}"
            RenderTableCell {TD} at (117,392) size 45x41 [border: (1px solid #008000)] [r=10 c=3 rs=1 cs=1]
              RenderBlock {P} at (3,3) size 40x18
                RenderText {#text} at (0,0) size 18x17
                  text run at (0,0) width 18 LTR override: ") \x{5D0}"
              RenderBlock {P} at (3,21) size 40x18
                RenderText {#text} at (0,0) size 17x17
                  text run at (0,0) width 17 LTR override: "\x{5D1} ["
