layer at (0,0) size 800x600
  RenderView at (0,0) size 800x600
layer at (0,0) size 800x600
  RenderBlock {HTML} at (0,0) size 800x600
    RenderBody {BODY} at (8,8) size 784x584
      RenderBlock {P} at (0,0) size 784x14
        RenderText {#text} at (0,0) size 40x14
          text run at (0,0) width 40: "Test for "
        RenderInline {I} at (0,0) size 298x14
          RenderInline {A} at (0,0) size 117x14 [color=#0000EE]
            RenderText {#text} at (40,0) size 117x14
              text run at (40,0) width 117: "rdar://problem/6020930"
          RenderText {#text} at (157,0) size 181x14
            text run at (157,0) width 181: " Bidi Problem When Resizing Window"
        RenderText {#text} at (338,0) size 3x14
          text run at (338,0) width 3: "."
      RenderBlock {P} at (0,26) size 784x14
        RenderText {#text} at (0,0) size 238x14
          text run at (0,0) width 238: "The boxes below should be identical to each other."
      RenderBlock {DIV} at (0,52) size 90x24 [border: (1px solid #0000FF)]
        RenderText {#text} at (5,5) size 30x14
          text run at (5,5) width 0 RTL: " \x{645}\x{646}"
          text run at (5,5) width 30: "12345"
          text run at (35,5) width 0 RTL: "\x{627}\x{644}\x{645}\x{627}\x{626}\x{629} \x{645}\x{644}\x{64A}\x{627}\x{631} "
      RenderBlock {DIV} at (0,76) size 90x24 [border: (1px solid #0000FF)]
        RenderText {#text} at (5,5) size 30x14
          text run at (5,5) width 0 RTL: " \x{645}\x{646}"
          text run at (5,5) width 30: "12345"
          text run at (35,5) width 0 RTL: "\x{627}\x{644}\x{645}\x{627}\x{626}\x{629} \x{645}\x{644}\x{64A}\x{627}\x{631} "
