layer at (0,0) size 800x600
  RenderView at (0,0) size 800x600
layer at (0,0) size 800x600
  RenderBlock {HTML} at (0,0) size 800x600
    RenderBody {BODY} at (8,8) size 784x580
      RenderBlock {P} at (0,0) size 784x28
        RenderText {#text} at (0,0) size 784x28
          text run at (0,0) width 259: "This test verifies we can render bold Bengali properly. "
          text run at (259,0) width 525: "(This is complicated on Linux because it's typically covered by fake-bolded FreeSans even though there's also a"
          text run at (0,14) width 118: "FreeSansBold available.)"
      RenderBlock {P} at (0,40) size 784x14
        RenderText {#text} at (0,0) size 556x14
          text run at (0,0) width 360: "The test passes if the two words below look similar, but the top one is bold. "
          text run at (360,0) width 196: "There should be no missing-glyph boxes."
      RenderBlock {P} at (0,66) size 784x14
        RenderInline {B} at (0,0) size 0x14
          RenderText {#text} at (0,0) size 0x14
            text run at (0,0) width 0: "\x{9AC}\x{9BE}\x{982}\x{9B2}\x{9BE}"
      RenderBlock {P} at (0,92) size 784x0
      RenderBlock {P} at (0,92) size 784x14
        RenderText {#text} at (0,0) size 0x14
          text run at (0,0) width 0: "\x{9AC}\x{9BE}\x{982}\x{9B2}\x{9BE}"
