layer at (0,0) size 800x660
  RenderView at (0,0) size 800x600
layer at (0,0) size 800x660
  RenderBlock {HTML} at (0,0) size 800x660
    RenderBody {BODY} at (8,12) size 784x640
      RenderBlock {P} at (0,0) size 784x14
        RenderText {#text} at (0,0) size 518x14
          text run at (0,0) width 362: "Verify that the alignment and writing direction of each selected item matches "
          text run at (362,0) width 156: "the one below the pop-up button."
      RenderBlock {DIV} at (0,26) size 784x306
        RenderMenuList {SELECT} at (0,0) size 500x38 [color=#202020]
          RenderBlock (anonymous) at (15,10) size 444x18
            RenderText at (0,0) size 174x17
              text run at (0,0) width 35: "First "
              text run at (35,0) width 52 RTL: ") \x{5E8}\x{5D1}\x{5D9}\x{5E2}\x{5D9}\x{5EA}"
              text run at (87,0) width 18: "03"
              text run at (105,0) width 40 RTL: "\x{5E9}\x{5E0}\x{5D9}\x{5D4} ("
              text run at (145,0) width 29: " fifth"
        RenderBlock {DIV} at (0,40) size 470x35
          RenderText {#text} at (10,10) size 146x15
            text run at (10,10) width 30: "First "
            text run at (40,10) width 43 RTL: ") \x{5E8}\x{5D1}\x{5D9}\x{5E2}\x{5D9}\x{5EA}"
            text run at (83,10) width 14: "03"
            text run at (97,10) width 33 RTL: "\x{5E9}\x{5E0}\x{5D9}\x{5D4} ("
            text run at (130,10) width 26: " fifth"
        RenderMenuList {SELECT} at (0,77) size 500x38 [color=#202020]
          RenderBlock (anonymous) at (15,10) size 444x18
            RenderText at (0,0) size 174x17
              text run at (0,0) width 35: "First "
              text run at (35,0) width 52 RTL: ") \x{5E8}\x{5D1}\x{5D9}\x{5E2}\x{5D9}\x{5EA}"
              text run at (87,0) width 18: "03"
              text run at (105,0) width 40 RTL: "\x{5E9}\x{5E0}\x{5D9}\x{5D4} ("
              text run at (145,0) width 29: " fifth"
        RenderBlock {DIV} at (0,117) size 470x35
          RenderText {#text} at (10,10) size 146x15
            text run at (10,10) width 22: "fifth"
            text run at (32,10) width 47 RTL: ") \x{5E8}\x{5D1}\x{5D9}\x{5E2}\x{5D9}\x{5EA} "
            text run at (79,10) width 14: "03"
            text run at (93,10) width 37 RTL: " \x{5E9}\x{5E0}\x{5D9}\x{5D4} ("
            text run at (130,10) width 26: "First"
        RenderMenuList {SELECT} at (0,154) size 500x38 [color=#202020]
          RenderBlock (anonymous) at (15,10) size 444x18
            RenderText at (0,0) size 174x17
              text run at (0,0) width 35: "First "
              text run at (35,0) width 52 RTL: ") \x{5E8}\x{5D1}\x{5D9}\x{5E2}\x{5D9}\x{5EA}"
              text run at (87,0) width 18: "03"
              text run at (105,0) width 40 RTL: "\x{5E9}\x{5E0}\x{5D9}\x{5D4} ("
              text run at (145,0) width 29: " fifth"
        RenderBlock {DIV} at (0,194) size 470x35
          RenderText {#text} at (10,10) size 146x15
            text run at (10,10) width 146 LTR override: "First \x{5E9}\x{5E0}\x{5D9}\x{5D4} (03) \x{5E8}\x{5D1}\x{5D9}\x{5E2}\x{5D9}\x{5EA} fifth"
        RenderMenuList {SELECT} at (0,231) size 500x38 [color=#202020]
          RenderBlock (anonymous) at (15,10) size 444x18
            RenderText at (0,0) size 174x17
              text run at (0,0) width 35: "First "
              text run at (35,0) width 52 RTL: ") \x{5E8}\x{5D1}\x{5D9}\x{5E2}\x{5D9}\x{5EA}"
              text run at (87,0) width 18: "03"
              text run at (105,0) width 40 RTL: "\x{5E9}\x{5E0}\x{5D9}\x{5D4} ("
              text run at (145,0) width 29: " fifth"
        RenderBlock {DIV} at (0,271) size 470x35
          RenderText {#text} at (10,10) size 146x15
            text run at (10,10) width 146 RTL override: "First \x{5E9}\x{5E0}\x{5D9}\x{5D4} (03) \x{5E8}\x{5D1}\x{5D9}\x{5E2}\x{5D9}\x{5EA} fifth"
      RenderBlock {DIV} at (0,334) size 784x306
        RenderMenuList {SELECT} at (0,0) size 500x38 [color=#202020]
          RenderBlock (anonymous) at (15,10) size 444x18
            RenderText at (0,0) size 174x17
              text run at (0,0) width 35: "First "
              text run at (35,0) width 52 RTL: ") \x{5E8}\x{5D1}\x{5D9}\x{5E2}\x{5D9}\x{5EA}"
              text run at (87,0) width 18: "03"
              text run at (105,0) width 40 RTL: "\x{5E9}\x{5E0}\x{5D9}\x{5D4} ("
              text run at (145,0) width 29: " fifth"
        RenderBlock {DIV} at (0,40) size 470x35
          RenderText {#text} at (314,10) size 146x15
            text run at (314,10) width 30: "First "
            text run at (344,10) width 43 RTL: ") \x{5E8}\x{5D1}\x{5D9}\x{5E2}\x{5D9}\x{5EA}"
            text run at (387,10) width 14: "03"
            text run at (401,10) width 33 RTL: "\x{5E9}\x{5E0}\x{5D9}\x{5D4} ("
            text run at (434,10) width 26: " fifth"
        RenderMenuList {SELECT} at (0,77) size 500x38 [color=#202020]
          RenderBlock (anonymous) at (15,10) size 444x18
            RenderText at (0,0) size 174x17
              text run at (0,0) width 35: "First "
              text run at (35,0) width 52 RTL: ") \x{5E8}\x{5D1}\x{5D9}\x{5E2}\x{5D9}\x{5EA}"
              text run at (87,0) width 18: "03"
              text run at (105,0) width 40 RTL: "\x{5E9}\x{5E0}\x{5D9}\x{5D4} ("
              text run at (145,0) width 29: " fifth"
        RenderBlock {DIV} at (0,117) size 470x35
          RenderText {#text} at (314,10) size 146x15
            text run at (314,10) width 22: "fifth"
            text run at (336,10) width 47 RTL: ") \x{5E8}\x{5D1}\x{5D9}\x{5E2}\x{5D9}\x{5EA} "
            text run at (383,10) width 14: "03"
            text run at (397,10) width 37 RTL: " \x{5E9}\x{5E0}\x{5D9}\x{5D4} ("
            text run at (434,10) width 26: "First"
        RenderMenuList {SELECT} at (0,154) size 500x38 [color=#202020]
          RenderBlock (anonymous) at (15,10) size 444x18
            RenderText at (0,0) size 174x17
              text run at (0,0) width 35: "First "
              text run at (35,0) width 52 RTL: ") \x{5E8}\x{5D1}\x{5D9}\x{5E2}\x{5D9}\x{5EA}"
              text run at (87,0) width 18: "03"
              text run at (105,0) width 40 RTL: "\x{5E9}\x{5E0}\x{5D9}\x{5D4} ("
              text run at (145,0) width 29: " fifth"
        RenderBlock {DIV} at (0,194) size 470x35
          RenderText {#text} at (314,10) size 146x15
            text run at (314,10) width 146 LTR override: "First \x{5E9}\x{5E0}\x{5D9}\x{5D4} (03) \x{5E8}\x{5D1}\x{5D9}\x{5E2}\x{5D9}\x{5EA} fifth"
        RenderMenuList {SELECT} at (0,231) size 500x38 [color=#202020]
          RenderBlock (anonymous) at (15,10) size 444x18
            RenderText at (0,0) size 174x17
              text run at (0,0) width 35: "First "
              text run at (35,0) width 52 RTL: ") \x{5E8}\x{5D1}\x{5D9}\x{5E2}\x{5D9}\x{5EA}"
              text run at (87,0) width 18: "03"
              text run at (105,0) width 40 RTL: "\x{5E9}\x{5E0}\x{5D9}\x{5D4} ("
              text run at (145,0) width 29: " fifth"
        RenderBlock {DIV} at (0,271) size 470x35
          RenderText {#text} at (314,10) size 146x15
            text run at (314,10) width 146 RTL override: "First \x{5E9}\x{5E0}\x{5D9}\x{5D4} (03) \x{5E8}\x{5D1}\x{5D9}\x{5E2}\x{5D9}\x{5EA} fifth"
