layer at (0,0) size 800x600
  RenderView at (0,0) size 800x600
layer at (327,0) size 473x600
  RenderBlock {HTML} at (0,0) size 473x600
    RenderBody {BODY} at (8,8) size 433x584
      RenderBlock {HR} at (0,0) size 2x584 [border: (1px inset #000000)]
      RenderBlock (anonymous) at (8,0) size 37x584
        RenderInline {SPAN} at (0,0) size 36x381
          RenderText {#text} at (0,0) size 36x381
            text run at (0,0) width 381: "OFF=\x{897F}\x{66A6}2010\x{5E74}1\x{6708}20\x{65E5}365\x{56DE}"
        RenderText {#text} at (0,0) size 0x0
      RenderBlock {HR} at (51,0) size 2x584 [border: (1px inset #000000)]
      RenderBlock (anonymous) at (59,0) size 37x584
        RenderInline {SPAN} at (0,0) size 36x384
          RenderInline {SPAN} at (0,0) size 36x46
            RenderCombineText {#text} at (0,0) size 36x46
              text run at (0,0) width 46: "ON"
          RenderText {#text} at (0,46) size 36x66
            text run at (0,46) width 66: "=\x{897F}\x{66A6}"
          RenderInline {SPAN} at (0,0) size 36x64
            RenderCombineText {#text} at (0,112) size 36x64
              text run at (0,112) width 64: "2010"
          RenderText {#text} at (0,176) size 36x24
            text run at (0,176) width 24: "\x{5E74}"
          RenderInline {SPAN} at (0,0) size 36x32
            RenderCombineText {#text} at (0,200) size 36x32
              text run at (0,200) width 32: "\x{FFFC}"
          RenderText {#text} at (0,232) size 36x24
            text run at (0,232) width 24: "\x{6708}"
          RenderInline {SPAN} at (0,0) size 36x32
            RenderCombineText {#text} at (0,256) size 36x32
              text run at (0,256) width 32: "\x{FFFC}"
          RenderText {#text} at (0,288) size 36x24
            text run at (0,288) width 24: "\x{65E5}"
          RenderInline {SPAN} at (0,0) size 36x48
            RenderCombineText {#text} at (0,312) size 36x48
              text run at (0,312) width 48: "365"
          RenderText {#text} at (0,360) size 36x24
            text run at (0,360) width 24: "\x{56DE}"
        RenderText {#text} at (0,0) size 0x0
      RenderBlock {HR} at (102,0) size 2x584 [border: (1px inset #000000)]
      RenderBlock (anonymous) at (110,0) size 37x584
        RenderInline {SPAN} at (0,0) size 36x418
          RenderInline {SPAN} at (0,0) size 36x80
            RenderCombineText {#text} at (0,0) size 36x80
              text run at (0,0) width 80: "Times"
          RenderText {#text} at (0,80) size 36x66
            text run at (0,80) width 66: "=\x{897F}\x{66A6}"
          RenderInline {SPAN} at (0,0) size 36x64
            RenderCombineText {#text} at (0,146) size 36x64
              text run at (0,146) width 64: "2010"
          RenderText {#text} at (0,210) size 36x24
            text run at (0,210) width 24: "\x{5E74}"
          RenderInline {SPAN} at (0,0) size 36x32
            RenderCombineText {#text} at (0,234) size 36x32
              text run at (0,234) width 32: "\x{FFFC}"
          RenderText {#text} at (0,266) size 36x24
            text run at (0,266) width 24: "\x{6708}"
          RenderInline {SPAN} at (0,0) size 36x32
            RenderCombineText {#text} at (0,290) size 36x32
              text run at (0,290) width 32: "\x{FFFC}"
          RenderText {#text} at (0,322) size 36x24
            text run at (0,322) width 24: "\x{65E5}"
          RenderInline {SPAN} at (0,0) size 36x48
            RenderCombineText {#text} at (0,346) size 36x48
              text run at (0,346) width 48: "365"
          RenderText {#text} at (0,394) size 36x24
            text run at (0,394) width 24: "\x{56DE}"
        RenderText {#text} at (0,0) size 0x0
      RenderBlock {HR} at (153,0) size 2x584 [border: (1px inset #000000)]
      RenderBlock (anonymous) at (161,0) size 74x584
        RenderInline {SPAN} at (0,0) size 36x199
          RenderText {#text} at (0,0) size 36x199
            text run at (0,0) width 199: "OFF=\x{5B57}\x{3042}\x{FF21}A%"
        RenderBR {BR} at (18,199) size 14x0
        RenderInline {SPAN} at (0,0) size 36x224
          RenderInline {SPAN} at (0,0) size 36x46
            RenderCombineText {#text} at (37,0) size 36x46
              text run at (37,0) width 46: "ON"
          RenderText {#text} at (37,46) size 36x18
            text run at (37,46) width 18: "="
          RenderInline {SPAN} at (0,0) size 36x32
            RenderCombineText {#text} at (37,64) size 36x32
              text run at (37,64) width 32: "\x{FFFC}"
          RenderInline {SPAN} at (0,0) size 36x32
            RenderCombineText {#text} at (37,96) size 36x32
              text run at (37,96) width 32: "\x{FFFC}"
          RenderInline {SPAN} at (0,0) size 36x32
            RenderCombineText {#text} at (37,128) size 36x32
              text run at (37,128) width 32: "\x{FFFC}"
          RenderInline {SPAN} at (0,0) size 36x32
            RenderCombineText {#text} at (37,160) size 36x32
              text run at (37,160) width 32: "\x{FFFC}"
          RenderInline {SPAN} at (0,0) size 36x32
            RenderCombineText {#text} at (37,192) size 36x32
              text run at (37,192) width 32: "\x{FFFC}"
          RenderText {#text} at (0,0) size 0x0
      RenderBlock (anonymous) at (251,0) size 182x584
        RenderBlock {HR} at (0,0) size 2x584 [border: (1px inset #000000)]
        RenderBlock {P} at (34,0) size 148x584
          RenderBlock (floating) {SPAN} at (0,327) size 30x257 [border: (1px solid #FF0000)]
            RenderText {#text} at (2,1) size 26x105
              text run at (2,1) width 105: "float:right:"
            RenderInline {SPAN} at (0,0) size 26x48
              RenderCombineText {#text} at (2,106) size 26x48
                text run at (2,106) width 48: "2010"
            RenderText {#text} at (2,154) size 26x18
              text run at (2,154) width 18: "\x{5E74}"
            RenderInline {SPAN} at (0,0) size 26x24
              RenderCombineText {#text} at (2,172) size 26x24
                text run at (2,172) width 24: "\x{FFFC}"
            RenderText {#text} at (2,196) size 26x18
              text run at (2,196) width 18: "\x{6708}"
            RenderInline {SPAN} at (0,0) size 26x24
              RenderCombineText {#text} at (2,214) size 26x24
                text run at (2,214) width 24: "\x{FFFC}"
            RenderText {#text} at (2,238) size 26x18
              text run at (2,238) width 18: "\x{65E5}"
          RenderInline {SPAN} at (0,0) size 128x568
            RenderText {#text} at (15,0) size 128x568
              text run at (15,0) width 326: "\x{305D}\x{306E}\x{5973}\x{304C}\x{306D}\x{304B}\x{3057}\x{3064}\x{3051}\x{306B}\x{6765}\x{3066}\x{304F}\x{308C}\x{308B}\x{307E}\x{3067}\x{3001}\x{308F}\x{305F}\x{3057}\x{306F}\x{3051}\x{3063}\x{3057}\x{3066}\x{306D}"
              text run at (52,0) width 568: "\x{3069}\x{3053}\x{306B}\x{306F}\x{306F}\x{3044}\x{3089}\x{306A}\x{304B}\x{3063}\x{305F}\x{3002}\x{51AC}\x{306E}\x{3042}\x{3089}\x{3057}\x{304C}\x{3060}\x{3093}\x{3054}\x{306E}\x{3088}\x{3046}\x{306A}\x{96EA}\x{3092}\x{3075}\x{304D}\x{3064}\x{3051}\x{3066}\x{7A93}\x{30AC}\x{30E9}\x{30B9}\x{3092}\x{767D}\x{304F}\x{3059}\x{308B}\x{3058}\x{3076}\x{3093}\x{306B}\x{306A}\x{308B}"
              text run at (89,0) width 564: "\x{3068}\x{3001}\x{3053}\x{306E}\x{5973}\x{306E}\x{4EBA}\x{306F}\x{4E21}\x{624B}\x{306E}\x{9593}\x{306B}\x{308F}\x{305F}\x{3057}\x{306E}\x{8DB3}\x{3092}\x{304A}\x{3055}\x{3048}\x{3066}\x{3001}\x{6B4C}\x{3092}\x{6B4C}\x{3044}\x{306A}\x{304C}\x{3089}\x{6696}\x{3081}\x{3066}\x{304F}\x{308C}\x{305F}\x{3002}\x{305D}\x{306E}\x{6B4C}\x{306E}\x{7BC0}\x{3082}\x{6587}\x{53E5}"
              text run at (126,0) width 144: "\x{3082}\x{3001}\x{3044}\x{307E}\x{306B}\x{5FD8}\x{308C}\x{305A}\x{306B}\x{3044}\x{308B}\x{3002}"
          RenderText {#text} at (0,0) size 0x0
      RenderBlock (anonymous) at (465,0) size 0x584
        RenderInline {SPAN} at (0,0) size 0x0
