layer at (0,0) size 800x600
  RenderView at (0,0) size 800x600
layer at (0,0) size 800x600
  RenderBlock {HTML} at (0,0) size 800x600
    RenderBody {BODY} at (8,8) size 784x580
      RenderBlock (anonymous) at (0,0) size 784x28
        RenderText {#text} at (0,0) size 40x14
          text run at (0,0) width 40: "Test for "
        RenderInline {A} at (0,0) size 51x14 [color=#0000EE]
          RenderText {#text} at (40,0) size 51x14
            text run at (40,0) width 51: "bug 25464"
        RenderText {#text} at (91,0) size 766x28
          text run at (91,0) width 675: ". Characters belonging to 'Common' script followed / preceeded by a space should be rendered correctly. Two lines below have 4 Thai currency"
          text run at (0,14) width 247: "signs (U+0E3F) and all of them should be rendered."
      RenderBlock {P} at (0,40) size 784x28
        RenderText {#text} at (0,0) size 0x14
          text run at (0,0) width 0: "abc \x{E25}\x{E07}\x{E17}\x{E38}\x{E19}4000\x{E3F} \x{E23}\x{E31}\x{E1A}\x{E1B}\x{E23}\x{E30}\x{E01}\x{E31}\x{E19}\x{E23}\x{E32}\x{E22}\x{E44}\x{E14}\x{E49} 50000\x{E3F}/M"
        RenderBR {BR} at (0,11) size 0x0
        RenderText {#text} at (0,14) size 0x14
          text run at (0,14) width 0: "abc \x{E25}\x{E07}\x{E17}\x{E38}\x{E19}4000 \x{E3F}\x{E23}\x{E31}\x{E1A}\x{E1B}\x{E23}\x{E30}\x{E01}\x{E31}\x{E19}\x{E23}\x{E32}\x{E22}\x{E44}\x{E14}\x{E49} 50000\x{E3F}/M"
