layer at (0,0) size 800x18752
  RenderView at (0,0) size 800x600
layer at (0,0) size 800x600
  RenderBlock {HTML} at (0,0) size 800x600
    RenderBody {BODY} at (8,8) size 784x580
      RenderBlock {P} at (0,0) size 784x42
        RenderText {#text} at (0,0) size 773x42
          text run at (0,0) width 767: "The column on the right has explicit spaces. Line breaks should be roughly the same if Thai line breaks are working well. The original source of this text was ICU,"
          text run at (0,14) width 773: "and the test program said \"by it's very nature, Thai word breaking is not exact\", so the columns don't match exactly. In a future version we might decide to tweak the"
          text run at (0,28) width 213: "right column to match our expected behavior."
layer at (240,62) size 1x17752
  RenderBlock (positioned) {DIV} at (240,62) size 1x17752
    RenderText {#text} at (0,0) size 180x17752
      text run at (0,0) width 30: "\x{E1A}\x{E17}"
      text run at (0,14) width 120: "\x{E17}\x{E35}\x{E48}\x{E51}\x{E1E}\x{E32}\x{E22}\x{E38}"
      text run at (0,28) width 90: "\x{E44}\x{E0B}\x{E42}\x{E04}\x{E25}\x{E19}"
      text run at (0,42) width 30: "\x{E42}\x{E14}"
      text run at (0,56) width 60: "\x{E42}\x{E23}\x{E18}\x{E35}"
      text run at (0,70) width 75: "\x{E2D}\x{E32}\x{E28}\x{E31}\x{E22}"
      text run at (0,84) width 60: "\x{E2D}\x{E22}\x{E39}\x{E48}"
      text run at (0,98) width 120: "\x{E17}\x{E48}\x{E32}\x{E21}\x{E01}\x{E25}\x{E32}\x{E07}"
      text run at (0,112) width 120: "\x{E17}\x{E38}\x{E48}\x{E07}\x{E43}\x{E2B}\x{E0D}\x{E48}"
      text run at (0,126) width 30: "\x{E43}\x{E19}"
      text run at (0,140) width 90: "\x{E41}\x{E04}\x{E19}\x{E0B}\x{E31}\x{E2A}"
      text run at (0,154) width 45: "\x{E01}\x{E31}\x{E1A}"
      text run at (0,168) width 45: "\x{E25}\x{E38}\x{E07}"
      text run at (0,182) width 30: "\x{E40}\x{E2E}"
      text run at (0,196) width 45: "\x{E19}\x{E23}\x{E35}"
      text run at (0,210) width 90: "\x{E0A}\x{E32}\x{E27}\x{E44}\x{E23}\x{E48}"
      text run at (0,224) width 45: "\x{E41}\x{E25}\x{E30}"
      text run at (0,238) width 45: "\x{E1B}\x{E49}\x{E32}"
      text run at (0,252) width 60: "\x{E40}\x{E2D}\x{E47}\x{E21}"
      text run at (0,266) width 75: "\x{E20}\x{E23}\x{E23}\x{E22}\x{E32}"
      text run at (0,280) width 90: "\x{E0A}\x{E32}\x{E27}\x{E44}\x{E23}\x{E48}"
      text run at (0,294) width 60: "\x{E1A}\x{E49}\x{E32}\x{E19}"
      text run at (0,308) width 45: "\x{E02}\x{E2D}\x{E07}"
      text run at (0,322) width 45: "\x{E1E}\x{E27}\x{E01}"
      text run at (0,336) width 45: "\x{E40}\x{E02}\x{E32}"
      text run at (0,350) width 60: "\x{E2B}\x{E25}\x{E31}\x{E07}"
      text run at (0,364) width 60: "\x{E40}\x{E25}\x{E47}\x{E01}"
      text run at (0,378) width 75: "\x{E40}\x{E1E}\x{E23}\x{E32}\x{E30}"
      text run at (0,392) width 45: "\x{E44}\x{E21}\x{E49}"
      text run at (0,406) width 75: "\x{E2A}\x{E23}\x{E49}\x{E32}\x{E07}"
      text run at (0,420) width 60: "\x{E1A}\x{E49}\x{E32}\x{E19}"
      text run at (0,434) width 60: "\x{E15}\x{E49}\x{E2D}\x{E07}"
      text run at (0,448) width 30: "\x{E02}\x{E19}"
      text run at (0,462) width 30: "\x{E21}\x{E32}"
      text run at (0,476) width 60: "\x{E14}\x{E49}\x{E27}\x{E22}"
      text run at (0,490) width 90: "\x{E40}\x{E01}\x{E27}\x{E35}\x{E22}\x{E19}"
      text run at (0,504) width 60: "\x{E40}\x{E1B}\x{E47}\x{E19}"
      text run at (0,518) width 60: "\x{E23}\x{E30}\x{E22}\x{E30}"
      text run at (0,532) width 45: "\x{E17}\x{E32}\x{E07}"
      text run at (0,546) width 60: "\x{E2B}\x{E25}\x{E32}\x{E22}"
      text run at (0,560) width 60: "\x{E44}\x{E21}\x{E25}\x{E4C}"
      text run at (0,574) width 60: "\x{E1A}\x{E49}\x{E32}\x{E19}"
      text run at (0,588) width 30: "\x{E21}\x{E35}"
      text run at (0,602) width 45: "\x{E2A}\x{E35}\x{E48}"
      text run at (0,616) width 30: "\x{E1D}\x{E32}"
      text run at (0,630) width 30: "\x{E21}\x{E35}"
      text run at (0,644) width 60: "\x{E1E}\x{E37}\x{E49}\x{E19}"
      text run at (0,658) width 45: "\x{E01}\x{E31}\x{E1A}"
      text run at (0,672) width 90: "\x{E2B}\x{E25}\x{E31}\x{E07}\x{E04}\x{E32}"
      text run at (0,686) width 45: "\x{E23}\x{E27}\x{E21}"
      text run at (0,700) width 30: "\x{E17}\x{E33}"
      text run at (0,714) width 60: "\x{E40}\x{E1B}\x{E47}\x{E19}"
      text run at (0,728) width 60: "\x{E2B}\x{E49}\x{E2D}\x{E07}"
      text run at (0,742) width 75: "\x{E40}\x{E14}\x{E35}\x{E22}\x{E27}"
      text run at (0,756) width 30: "\x{E43}\x{E19}"
      text run at (0,770) width 60: "\x{E2B}\x{E49}\x{E2D}\x{E07}"
      text run at (0,784) width 30: "\x{E21}\x{E35}"
      text run at (0,798) width 60: "\x{E17}\x{E31}\x{E49}\x{E07}"
      text run at (0,812) width 45: "\x{E40}\x{E15}\x{E32}"
      text run at (0,826) width 45: "\x{E2B}\x{E38}\x{E07}"
      text run at (0,840) width 45: "\x{E15}\x{E49}\x{E21}"
      text run at (0,854) width 45: "\x{E17}\x{E35}\x{E48}"
      text run at (0,868) width 60: "\x{E2A}\x{E19}\x{E34}\x{E21}"
      text run at (0,882) width 30: "\x{E14}\x{E39}"
      text run at (0,896) width 60: "\x{E02}\x{E36}\x{E49}\x{E19}"
      text run at (0,910) width 60: "\x{E40}\x{E25}\x{E2D}\x{E30}"
      text run at (0,924) width 30: "\x{E21}\x{E35}"
      text run at (0,938) width 45: "\x{E15}\x{E39}\x{E49}"
      text run at (0,952) width 45: "\x{E43}\x{E2A}\x{E48}"
      text run at (0,966) width 60: "\x{E16}\x{E49}\x{E27}\x{E22}"
      text run at (0,980) width 45: "\x{E0A}\x{E32}\x{E21}"
      text run at (0,994) width 60: "\x{E42}\x{E15}\x{E4A}\x{E30}"
      text run at (0,1008) width 105: "\x{E40}\x{E01}\x{E49}\x{E32}\x{E2D}\x{E35}\x{E49}"
      text run at (0,1022) width 45: "\x{E2A}\x{E32}\x{E21}"
      text run at (0,1036) width 60: "\x{E2B}\x{E23}\x{E37}\x{E2D}"
      text run at (0,1050) width 45: "\x{E2A}\x{E35}\x{E48}"
      text run at (0,1064) width 45: "\x{E15}\x{E31}\x{E27}"
      text run at (0,1078) width 60: "\x{E41}\x{E25}\x{E49}\x{E27}"
      text run at (0,1092) width 30: "\x{E01}\x{E47}"
      text run at (0,1106) width 30: "\x{E21}\x{E35}"
      text run at (0,1120) width 75: "\x{E40}\x{E15}\x{E35}\x{E22}\x{E07}"
      text run at (0,1134) width 45: "\x{E19}\x{E2D}\x{E19}"
      text run at (0,1148) width 45: "\x{E25}\x{E38}\x{E07}"
      text run at (0,1162) width 30: "\x{E40}\x{E2E}"
      text run at (0,1176) width 45: "\x{E19}\x{E23}\x{E35}"
      text run at (0,1190) width 45: "\x{E01}\x{E31}\x{E1A}"
      text run at (0,1204) width 45: "\x{E1B}\x{E49}\x{E32}"
      text run at (0,1218) width 60: "\x{E40}\x{E2D}\x{E47}\x{E21}"
      text run at (0,1232) width 30: "\x{E21}\x{E35}"
      text run at (0,1246) width 75: "\x{E40}\x{E15}\x{E35}\x{E22}\x{E07}"
      text run at (0,1260) width 45: "\x{E19}\x{E2D}\x{E19}"
      text run at (0,1274) width 60: "\x{E43}\x{E2B}\x{E0D}\x{E48}"
      text run at (0,1288) width 60: "\x{E2D}\x{E22}\x{E39}\x{E48}"
      text run at (0,1302) width 45: "\x{E17}\x{E35}\x{E48}"
      text run at (0,1316) width 45: "\x{E21}\x{E38}\x{E21}"
      text run at (0,1330) width 75: "\x{E2B}\x{E19}\x{E36}\x{E48}\x{E07}"
      text run at (0,1344) width 60: "\x{E2A}\x{E48}\x{E27}\x{E19}"
      text run at (0,1358) width 30: "\x{E42}\x{E14}"
      text run at (0,1372) width 30: "\x{E42}\x{E23}"
      text run at (0,1386) width 60: "\x{E18}\x{E35}\x{E21}\x{E35}"
      text run at (0,1400) width 75: "\x{E40}\x{E15}\x{E35}\x{E22}\x{E07}"
      text run at (0,1414) width 60: "\x{E40}\x{E25}\x{E47}\x{E01}"
      text run at (0,1428) width 45: "\x{E2D}\x{E35}\x{E01}"
      text run at (0,1442) width 45: "\x{E17}\x{E35}\x{E48}"
      text run at (0,1456) width 45: "\x{E21}\x{E38}\x{E21}"
      text run at (0,1470) width 75: "\x{E2B}\x{E19}\x{E36}\x{E48}\x{E07}"
      text run at (0,1484) width 75: "\x{E44}\x{E21}\x{E48}\x{E21}\x{E35}"
      text run at (0,1498) width 60: "\x{E2B}\x{E49}\x{E2D}\x{E07}"
      text run at (0,1512) width 45: "\x{E43}\x{E15}\x{E49}"
      text run at (0,1526) width 75: "\x{E40}\x{E1E}\x{E14}\x{E32}\x{E19}"
      text run at (0,1540) width 45: "\x{E40}\x{E25}\x{E22}"
      text run at (0,1554) width 60: "\x{E2B}\x{E49}\x{E2D}\x{E07}"
      text run at (0,1568) width 90: "\x{E43}\x{E15}\x{E49}\x{E16}\x{E38}\x{E19}"
      text run at (0,1582) width 30: "\x{E01}\x{E47}"
      text run at (0,1596) width 75: "\x{E44}\x{E21}\x{E48}\x{E21}\x{E35}"
      text run at (0,1610) width 60: "\x{E40}\x{E27}\x{E49}\x{E19}"
      text run at (0,1624) width 45: "\x{E41}\x{E15}\x{E48}"
      text run at (0,1638) width 30: "\x{E21}\x{E35}"
      text run at (0,1652) width 30: "\x{E42}\x{E1E}"
      text run at (0,1666) width 30: "\x{E23}\x{E07}"
      text run at (0,1680) width 75: "\x{E40}\x{E25}\x{E47}\x{E01}\x{E46}"
      text run at (0,1694) width 45: "\x{E17}\x{E35}\x{E48}"
      text run at (0,1708) width 45: "\x{E02}\x{E38}\x{E14}"
      text run at (0,1722) width 30: "\x{E44}\x{E1B}"
      text run at (0,1736) width 45: "\x{E43}\x{E15}\x{E49}"
      text run at (0,1750) width 60: "\x{E1E}\x{E37}\x{E49}\x{E19}"
      text run at (0,1764) width 75: "\x{E40}\x{E23}\x{E35}\x{E22}\x{E01}"
      text run at (0,1778) width 45: "\x{E27}\x{E48}\x{E32}"
      text run at (0,1792) width 65: "\"\x{E42}\x{E1E}\x{E23}\x{E07}"
      text run at (0,1806) width 95: "\x{E44}\x{E0B}\x{E42}\x{E04}\x{E25}\x{E19}\""
      text run at (0,1820) width 60: "\x{E40}\x{E1B}\x{E47}\x{E19}"
      text run at (0,1834) width 45: "\x{E17}\x{E35}\x{E48}"
      text run at (0,1848) width 120: "\x{E04}\x{E23}\x{E2D}\x{E1A}\x{E04}\x{E23}\x{E31}\x{E27}"
      text run at (0,1862) width 45: "\x{E19}\x{E35}\x{E49}"
      text run at (0,1876) width 30: "\x{E08}\x{E30}"
      text run at (0,1890) width 45: "\x{E21}\x{E38}\x{E14}"
      text run at (0,1904) width 90: "\x{E40}\x{E02}\x{E49}\x{E32}\x{E44}\x{E1B}"
      text run at (0,1918) width 75: "\x{E40}\x{E21}\x{E37}\x{E48}\x{E2D}"
      text run at (0,1932) width 60: "\x{E40}\x{E01}\x{E34}\x{E14}"
      text run at (0,1946) width 30: "\x{E25}\x{E21}"
      text run at (0,1960) width 45: "\x{E21}\x{E2B}\x{E32}"
      text run at (0,1974) width 45: "\x{E20}\x{E31}\x{E22}"
      text run at (0,1988) width 60: "\x{E0B}\x{E36}\x{E48}\x{E07}"
      text run at (0,2002) width 90: "\x{E01}\x{E23}\x{E30}\x{E42}\x{E0A}\x{E01}"
      text run at (0,2016) width 45: "\x{E41}\x{E23}\x{E07}"
      text run at (0,2030) width 30: "\x{E08}\x{E19}"
      text run at (0,2044) width 90: "\x{E1A}\x{E14}\x{E02}\x{E22}\x{E35}\x{E49}"
      text run at (0,2058) width 60: "\x{E2A}\x{E34}\x{E48}\x{E07}"
      text run at (0,2072) width 45: "\x{E01}\x{E48}\x{E2D}"
      text run at (0,2086) width 75: "\x{E2A}\x{E23}\x{E49}\x{E32}\x{E07}"
      text run at (0,2100) width 45: "\x{E43}\x{E14}\x{E46}"
      text run at (0,2114) width 45: "\x{E17}\x{E35}\x{E48}"
      text run at (0,2128) width 60: "\x{E02}\x{E27}\x{E32}\x{E07}"
      text run at (0,2142) width 45: "\x{E17}\x{E32}\x{E07}"
      text run at (0,2156) width 45: "\x{E21}\x{E31}\x{E19}"
      text run at (0,2170) width 45: "\x{E44}\x{E14}\x{E49}"
      text run at (0,2184) width 45: "\x{E15}\x{E23}\x{E07}"
      text run at (0,2198) width 60: "\x{E01}\x{E25}\x{E32}\x{E07}"
      text run at (0,2212) width 60: "\x{E1E}\x{E37}\x{E49}\x{E19}"
      text run at (0,2226) width 30: "\x{E21}\x{E35}"
      text run at (0,2240) width 30: "\x{E1D}\x{E32}"
      text run at (0,2254) width 60: "\x{E40}\x{E1B}\x{E34}\x{E14}"
      text run at (0,2268) width 90: "\x{E40}\x{E02}\x{E49}\x{E32}\x{E44}\x{E1B}"
      text run at (0,2282) width 45: "\x{E08}\x{E32}\x{E01}"
      text run at (0,2296) width 60: "\x{E19}\x{E31}\x{E49}\x{E19}"
      text run at (0,2310) width 30: "\x{E21}\x{E35}"
      text run at (0,2324) width 75: "\x{E1A}\x{E31}\x{E19}\x{E44}\x{E14}"
      text run at (0,2338) width 30: "\x{E25}\x{E07}"
      text run at (0,2352) width 30: "\x{E44}\x{E1B}"
      text run at (0,2366) width 45: "\x{E16}\x{E36}\x{E07}"
      text run at (0,2380) width 60: "\x{E42}\x{E1E}\x{E23}\x{E07}"
      text run at (0,2394) width 45: "\x{E21}\x{E37}\x{E14}"
      text run at (0,2408) width 75: "\x{E40}\x{E25}\x{E47}\x{E01}\x{E46}"
      text run at (0,2422) width 75: "\x{E40}\x{E21}\x{E37}\x{E48}\x{E2D}"
      text run at (0,2436) width 30: "\x{E42}\x{E14}"
      text run at (0,2450) width 60: "\x{E42}\x{E23}\x{E18}\x{E35}"
      text run at (0,2464) width 45: "\x{E22}\x{E37}\x{E19}"
      text run at (0,2478) width 45: "\x{E17}\x{E35}\x{E48}"
      text run at (0,2492) width 45: "\x{E1B}\x{E32}\x{E01}"
      text run at (0,2506) width 75: "\x{E1B}\x{E23}\x{E30}\x{E15}\x{E39}"
      text run at (0,2520) width 45: "\x{E41}\x{E25}\x{E30}"
      text run at (0,2534) width 45: "\x{E21}\x{E2D}\x{E07}"
      text run at (0,2548) width 30: "\x{E44}\x{E1B}"
      text run at (0,2562) width 60: "\x{E23}\x{E2D}\x{E1A}\x{E46}"
      text run at (0,2576) width 45: "\x{E40}\x{E18}\x{E2D}"
      text run at (0,2590) width 45: "\x{E44}\x{E21}\x{E48}"
      text run at (0,2604) width 60: "\x{E40}\x{E2B}\x{E47}\x{E19}"
      text run at (0,2618) width 60: "\x{E2D}\x{E30}\x{E44}\x{E23}"
      text run at (0,2632) width 90: "\x{E19}\x{E2D}\x{E01}\x{E08}\x{E32}\x{E01}"
      text run at (0,2646) width 60: "\x{E17}\x{E49}\x{E2D}\x{E07}"
      text run at (0,2660) width 60: "\x{E17}\x{E38}\x{E48}\x{E07}"
      text run at (0,2674) width 75: "\x{E01}\x{E27}\x{E49}\x{E32}\x{E07}"
      text run at (0,2688) width 30: "\x{E2A}\x{E35}"
      text run at (0,2702) width 45: "\x{E40}\x{E17}\x{E32}"
      text run at (0,2716) width 60: "\x{E2B}\x{E21}\x{E48}\x{E19}"
      text run at (0,2730) width 60: "\x{E17}\x{E31}\x{E48}\x{E27}"
      text run at (0,2744) width 45: "\x{E17}\x{E38}\x{E01}"
      text run at (0,2758) width 60: "\x{E14}\x{E49}\x{E32}\x{E19}"
      text run at (0,2772) width 75: "\x{E44}\x{E21}\x{E48}\x{E21}\x{E35}"
      text run at (0,2786) width 45: "\x{E41}\x{E21}\x{E49}"
      text run at (0,2800) width 90: "\x{E15}\x{E49}\x{E19}\x{E44}\x{E21}\x{E49}"
      text run at (0,2814) width 45: "\x{E2A}\x{E31}\x{E01}"
      text run at (0,2828) width 45: "\x{E15}\x{E49}\x{E19}"
      text run at (0,2842) width 60: "\x{E2B}\x{E23}\x{E37}\x{E2D}"
      text run at (0,2856) width 60: "\x{E1A}\x{E49}\x{E32}\x{E19}"
      text run at (0,2870) width 45: "\x{E2A}\x{E31}\x{E01}"
      text run at (0,2884) width 60: "\x{E2B}\x{E25}\x{E31}\x{E07}"
      text run at (0,2898) width 45: "\x{E17}\x{E35}\x{E48}"
      text run at (0,2912) width 60: "\x{E42}\x{E1C}\x{E25}\x{E48}"
      text run at (0,2926) width 45: "\x{E1E}\x{E49}\x{E19}"
      text run at (0,2940) width 150: "\x{E20}\x{E39}\x{E21}\x{E34}\x{E1B}\x{E23}\x{E30}\x{E40}\x{E17}\x{E28}"
      text run at (0,2954) width 45: "\x{E2D}\x{E31}\x{E19}"
      text run at (0,2968) width 45: "\x{E23}\x{E32}\x{E1A}"
      text run at (0,2982) width 75: "\x{E40}\x{E23}\x{E35}\x{E22}\x{E1A}"
      text run at (0,2996) width 45: "\x{E41}\x{E1C}\x{E48}"
      text run at (0,3010) width 30: "\x{E44}\x{E1B}"
      text run at (0,3024) width 45: "\x{E44}\x{E01}\x{E25}"
      text run at (0,3038) width 30: "\x{E08}\x{E19}"
      text run at (0,3052) width 30: "\x{E08}\x{E14}"
      text run at (0,3066) width 45: "\x{E02}\x{E2D}\x{E1A}"
      text run at (0,3080) width 45: "\x{E1F}\x{E49}\x{E32}"
      text run at (0,3094) width 60: "\x{E17}\x{E31}\x{E48}\x{E27}"
      text run at (0,3108) width 45: "\x{E17}\x{E38}\x{E01}"
      text run at (0,3122) width 45: "\x{E17}\x{E34}\x{E28}"
      text run at (0,3136) width 120: "\x{E14}\x{E27}\x{E07}\x{E15}\x{E30}\x{E27}\x{E31}\x{E19}"
      text run at (0,3150) width 45: "\x{E40}\x{E1C}\x{E32}"
      text run at (0,3164) width 45: "\x{E1C}\x{E37}\x{E19}"
      text run at (0,3178) width 45: "\x{E14}\x{E34}\x{E19}"
      text run at (0,3192) width 45: "\x{E17}\x{E35}\x{E48}"
      text run at (0,3206) width 30: "\x{E44}\x{E16}"
      text run at (0,3220) width 60: "\x{E41}\x{E25}\x{E49}\x{E27}"
      text run at (0,3234) width 30: "\x{E08}\x{E19}"
      text run at (0,3248) width 60: "\x{E01}\x{E25}\x{E32}\x{E22}"
      text run at (0,3262) width 60: "\x{E40}\x{E1B}\x{E47}\x{E19}"
      text run at (0,3276) width 60: "\x{E41}\x{E1C}\x{E48}\x{E19}"
      text run at (0,3290) width 75: "\x{E21}\x{E2B}\x{E36}\x{E21}\x{E32}"
      text run at (0,3304) width 30: "\x{E2A}\x{E35}"
      text run at (0,3318) width 30: "\x{E14}\x{E33}"
      text run at (0,3332) width 30: "\x{E21}\x{E35}"
      text run at (0,3346) width 45: "\x{E23}\x{E2D}\x{E22}"
      text run at (0,3360) width 45: "\x{E41}\x{E15}\x{E01}"
      text run at (0,3374) width 75: "\x{E23}\x{E30}\x{E41}\x{E2B}\x{E07}"
      text run at (0,3388) width 60: "\x{E2D}\x{E22}\x{E39}\x{E48}"
      text run at (0,3402) width 60: "\x{E15}\x{E25}\x{E2D}\x{E14}"
      text run at (0,3416) width 90: "\x{E41}\x{E21}\x{E49}\x{E41}\x{E15}\x{E48}"
      text run at (0,3430) width 60: "\x{E2B}\x{E0D}\x{E49}\x{E32}"
      text run at (0,3444) width 30: "\x{E01}\x{E47}"
      text run at (0,3458) width 45: "\x{E44}\x{E21}\x{E48}"
      text run at (0,3472) width 75: "\x{E40}\x{E02}\x{E35}\x{E22}\x{E27}"
      text run at (0,3486) width 75: "\x{E40}\x{E1E}\x{E23}\x{E32}\x{E30}"
      text run at (0,3500) width 120: "\x{E14}\x{E27}\x{E07}\x{E15}\x{E30}\x{E27}\x{E31}\x{E19}"
      text run at (0,3514) width 45: "\x{E40}\x{E1C}\x{E32}"
      text run at (0,3528) width 45: "\x{E22}\x{E2D}\x{E14}"
      text run at (0,3542) width 30: "\x{E43}\x{E1A}"
      text run at (0,3556) width 45: "\x{E22}\x{E32}\x{E27}"
      text run at (0,3570) width 60: "\x{E40}\x{E2A}\x{E35}\x{E22}"
      text run at (0,3584) width 30: "\x{E08}\x{E19}"
      text run at (0,3598) width 60: "\x{E40}\x{E1B}\x{E47}\x{E19}"
      text run at (0,3612) width 30: "\x{E2A}\x{E35}"
      text run at (0,3626) width 45: "\x{E40}\x{E17}\x{E32}"
      text run at (0,3640) width 60: "\x{E2B}\x{E21}\x{E48}\x{E19}"
      text run at (0,3654) width 45: "\x{E21}\x{E2D}\x{E07}"
      text run at (0,3668) width 60: "\x{E40}\x{E2B}\x{E47}\x{E19}"
      text run at (0,3682) width 60: "\x{E2D}\x{E22}\x{E39}\x{E48}"
      text run at (0,3696) width 90: "\x{E17}\x{E31}\x{E48}\x{E27}\x{E44}\x{E1B}"
      text run at (0,3710) width 75: "\x{E04}\x{E23}\x{E31}\x{E49}\x{E07}"
      text run at (0,3724) width 75: "\x{E2B}\x{E19}\x{E36}\x{E48}\x{E07}"
      text run at (0,3738) width 45: "\x{E40}\x{E04}\x{E22}"
      text run at (0,3752) width 60: "\x{E17}\x{E32}\x{E2A}\x{E35}"
      text run at (0,3766) width 60: "\x{E1A}\x{E49}\x{E32}\x{E19}"
      text run at (0,3780) width 45: "\x{E40}\x{E2D}\x{E32}"
      text run at (0,3794) width 45: "\x{E44}\x{E27}\x{E49}"
      text run at (0,3808) width 45: "\x{E41}\x{E15}\x{E48}"
      text run at (0,3822) width 30: "\x{E01}\x{E47}"
      text run at (0,3836) width 45: "\x{E16}\x{E39}\x{E01}"
      text run at (0,3850) width 120: "\x{E14}\x{E27}\x{E07}\x{E15}\x{E30}\x{E27}\x{E31}\x{E19}"
      text run at (0,3864) width 45: "\x{E40}\x{E1C}\x{E32}"
      text run at (0,3878) width 60: "\x{E40}\x{E2A}\x{E35}\x{E22}"
      text run at (0,3892) width 30: "\x{E08}\x{E19}"
      text run at (0,3906) width 30: "\x{E2A}\x{E35}"
      text run at (0,3920) width 45: "\x{E1E}\x{E2D}\x{E07}"
      text run at (0,3934) width 60: "\x{E41}\x{E25}\x{E49}\x{E27}"
      text run at (0,3948) width 30: "\x{E1D}\x{E19}"
      text run at (0,3962) width 30: "\x{E01}\x{E47}"
      text run at (0,3976) width 30: "\x{E0A}\x{E30}"
      text run at (0,3990) width 45: "\x{E21}\x{E31}\x{E19}"
      text run at (0,4004) width 60: "\x{E2B}\x{E25}\x{E38}\x{E14}"
      text run at (0,4018) width 30: "\x{E44}\x{E1B}"
      text run at (0,4032) width 30: "\x{E08}\x{E19}"
      text run at (0,4046) width 45: "\x{E2B}\x{E21}\x{E14}"
      text run at (0,4060) width 45: "\x{E41}\x{E25}\x{E30}"
      text run at (0,4074) width 45: "\x{E15}\x{E2D}\x{E19}"
      text run at (0,4088) width 45: "\x{E19}\x{E35}\x{E49}"
      text run at (0,4102) width 60: "\x{E1A}\x{E49}\x{E32}\x{E19}"
      text run at (0,4116) width 45: "\x{E08}\x{E36}\x{E07}"
      text run at (0,4130) width 30: "\x{E14}\x{E39}"
      text run at (0,4144) width 120: "\x{E2B}\x{E21}\x{E48}\x{E19}\x{E2B}\x{E21}\x{E2D}\x{E07}"
      text run at (0,4158) width 60: "\x{E40}\x{E1B}\x{E47}\x{E19}"
      text run at (0,4172) width 30: "\x{E2A}\x{E35}"
      text run at (0,4186) width 45: "\x{E40}\x{E17}\x{E32}"
      text run at (0,4200) width 90: "\x{E40}\x{E2B}\x{E21}\x{E37}\x{E2D}\x{E19}"
      text run at (0,4214) width 60: "\x{E2A}\x{E34}\x{E48}\x{E07}"
      text run at (0,4228) width 75: "\x{E2D}\x{E37}\x{E48}\x{E19}\x{E46}"
      text run at (0,4242) width 60: "\x{E14}\x{E49}\x{E27}\x{E22}"
      text run at (0,4256) width 45: "\x{E15}\x{E2D}\x{E19}"
      text run at (0,4270) width 45: "\x{E17}\x{E35}\x{E48}"
      text run at (0,4284) width 45: "\x{E1B}\x{E49}\x{E32}"
      text run at (0,4298) width 60: "\x{E40}\x{E2D}\x{E47}\x{E21}"
      text run at (0,4312) width 60: "\x{E22}\x{E49}\x{E32}\x{E22}"
      text run at (0,4326) width 30: "\x{E21}\x{E32}"
      text run at (0,4340) width 60: "\x{E2D}\x{E22}\x{E39}\x{E48}"
      text run at (0,4354) width 45: "\x{E17}\x{E35}\x{E48}"
      text run at (0,4368) width 45: "\x{E19}\x{E35}\x{E48}"
      text run at (0,4382) width 45: "\x{E40}\x{E18}\x{E2D}"
      text run at (0,4396) width 45: "\x{E22}\x{E31}\x{E07}"
      text run at (0,4410) width 45: "\x{E2A}\x{E32}\x{E27}"
      text run at (0,4424) width 60: "\x{E40}\x{E1B}\x{E47}\x{E19}"
      text run at (0,4438) width 75: "\x{E20}\x{E23}\x{E23}\x{E22}\x{E32}"
      text run at (0,4452) width 45: "\x{E17}\x{E35}\x{E48}"
      text run at (0,4466) width 75: "\x{E07}\x{E14}\x{E07}\x{E32}\x{E21}"
      text run at (0,4480) width 60: "\x{E41}\x{E25}\x{E49}\x{E27}"
      text run at (0,4494) width 45: "\x{E41}\x{E14}\x{E14}"
      text run at (0,4508) width 45: "\x{E41}\x{E25}\x{E30}"
      text run at (0,4522) width 30: "\x{E25}\x{E21}"
      text run at (0,4536) width 75: "\x{E01}\x{E47}\x{E44}\x{E14}\x{E49}"
      text run at (0,4550) width 105: "\x{E40}\x{E1B}\x{E25}\x{E35}\x{E48}\x{E22}\x{E19}"
      text run at (0,4564) width 45: "\x{E40}\x{E18}\x{E2D}"
      text run at (0,4578) width 30: "\x{E44}\x{E1B}"
      text run at (0,4592) width 45: "\x{E40}\x{E2D}\x{E32}"
      text run at (0,4606) width 90: "\x{E1B}\x{E23}\x{E30}\x{E01}\x{E32}\x{E22}"
      text run at (0,4620) width 30: "\x{E44}\x{E1B}"
      text run at (0,4634) width 45: "\x{E08}\x{E32}\x{E01}"
      text run at (0,4648) width 75: "\x{E14}\x{E27}\x{E07}\x{E15}\x{E32}"
      text run at (0,4662) width 45: "\x{E40}\x{E18}\x{E2D}"
      text run at (0,4676) width 75: "\x{E1B}\x{E25}\x{E48}\x{E2D}\x{E22}"
      text run at (0,4690) width 45: "\x{E44}\x{E27}\x{E49}"
      text run at (0,4704) width 45: "\x{E41}\x{E15}\x{E48}"
      text run at (0,4718) width 60: "\x{E04}\x{E27}\x{E32}\x{E21}"
      text run at (0,4732) width 75: "\x{E2A}\x{E38}\x{E02}\x{E38}\x{E21}"
      text run at (0,4746) width 75: "\x{E2D}\x{E22}\x{E48}\x{E32}\x{E07}"
      text run at (0,4760) width 120: "\x{E2B}\x{E21}\x{E48}\x{E19}\x{E2B}\x{E21}\x{E2D}\x{E07}"
      text run at (0,4774) width 45: "\x{E40}\x{E2D}\x{E32}"
      text run at (0,4788) width 30: "\x{E2A}\x{E35}"
      text run at (0,4802) width 45: "\x{E41}\x{E14}\x{E07}"
      text run at (0,4816) width 45: "\x{E08}\x{E32}\x{E01}"
      text run at (0,4830) width 60: "\x{E41}\x{E01}\x{E49}\x{E21}"
      text run at (0,4844) width 45: "\x{E41}\x{E25}\x{E30}"
      text run at (0,4858) width 45: "\x{E23}\x{E34}\x{E21}"
      text run at (0,4872) width 75: "\x{E1D}\x{E35}\x{E1B}\x{E32}\x{E01}"
      text run at (0,4886) width 45: "\x{E40}\x{E18}\x{E2D}"
      text run at (0,4900) width 30: "\x{E44}\x{E1B}"
      text run at (0,4914) width 60: "\x{E01}\x{E25}\x{E32}\x{E22}"
      text run at (0,4928) width 60: "\x{E40}\x{E1B}\x{E47}\x{E19}"
      text run at (0,4942) width 30: "\x{E2A}\x{E35}"
      text run at (0,4956) width 75: "\x{E2B}\x{E21}\x{E48}\x{E19}\x{E46}"
      text run at (0,4970) width 90: "\x{E40}\x{E2B}\x{E21}\x{E37}\x{E2D}\x{E19}"
      text run at (0,4984) width 45: "\x{E01}\x{E31}\x{E19}"
      text run at (0,4998) width 45: "\x{E40}\x{E18}\x{E2D}"
      text run at (0,5012) width 45: "\x{E1C}\x{E2D}\x{E21}"
      text run at (0,5026) width 45: "\x{E41}\x{E25}\x{E30}"
      text run at (0,5040) width 60: "\x{E2B}\x{E25}\x{E31}\x{E07}"
      text run at (0,5054) width 60: "\x{E42}\x{E04}\x{E49}\x{E07}"
      text run at (0,5068) width 45: "\x{E41}\x{E25}\x{E30}"
      text run at (0,5082) width 90: "\x{E40}\x{E14}\x{E35}\x{E4B}\x{E22}\x{E27}"
      text run at (0,5096) width 45: "\x{E19}\x{E35}\x{E49}"
      text run at (0,5110) width 45: "\x{E44}\x{E21}\x{E48}"
      text run at (0,5124) width 45: "\x{E40}\x{E04}\x{E22}"
      text run at (0,5138) width 60: "\x{E22}\x{E34}\x{E49}\x{E21}"
      text run at (0,5152) width 45: "\x{E40}\x{E25}\x{E22}"
      text run at (0,5166) width 75: "\x{E40}\x{E21}\x{E37}\x{E48}\x{E2D}"
      text run at (0,5180) width 30: "\x{E42}\x{E14}"
      text run at (0,5194) width 60: "\x{E42}\x{E23}\x{E18}\x{E35}"
      text run at (0,5208) width 60: "\x{E0B}\x{E36}\x{E48}\x{E07}"
      text run at (0,5222) width 60: "\x{E40}\x{E1B}\x{E47}\x{E19}"
      text run at (0,5236) width 60: "\x{E40}\x{E14}\x{E47}\x{E01}"
      text run at (0,5250) width 90: "\x{E01}\x{E33}\x{E1E}\x{E23}\x{E49}\x{E32}"
      text run at (0,5264) width 30: "\x{E21}\x{E32}"
      text run at (0,5278) width 60: "\x{E2D}\x{E22}\x{E39}\x{E48}"
      text run at (0,5292) width 45: "\x{E01}\x{E31}\x{E1A}"
      text run at (0,5306) width 45: "\x{E40}\x{E18}\x{E2D}"
      text run at (0,5320) width 45: "\x{E15}\x{E2D}\x{E19}"
      text run at (0,5334) width 45: "\x{E41}\x{E23}\x{E01}"
      text run at (0,5348) width 45: "\x{E1B}\x{E49}\x{E32}"
      text run at (0,5362) width 60: "\x{E40}\x{E2D}\x{E47}\x{E21}"
      text run at (0,5376) width 60: "\x{E15}\x{E37}\x{E48}\x{E19}"
      text run at (0,5390) width 60: "\x{E40}\x{E15}\x{E49}\x{E19}"
      text run at (0,5404) width 45: "\x{E01}\x{E31}\x{E1A}"
      text run at (0,5418) width 75: "\x{E40}\x{E2A}\x{E35}\x{E22}\x{E07}"
      text run at (0,5432) width 105: "\x{E2B}\x{E31}\x{E27}\x{E40}\x{E23}\x{E32}\x{E30}"
      text run at (0,5446) width 45: "\x{E02}\x{E2D}\x{E07}"
      text run at (0,5460) width 60: "\x{E40}\x{E14}\x{E47}\x{E01}"
      text run at (0,5474) width 60: "\x{E19}\x{E49}\x{E2D}\x{E22}"
      text run at (0,5488) width 45: "\x{E21}\x{E32}\x{E01}"
      text run at (0,5502) width 45: "\x{E40}\x{E18}\x{E2D}"
      text run at (0,5516) width 30: "\x{E08}\x{E30}"
      text run at (0,5530) width 45: "\x{E2A}\x{E48}\x{E07}"
      text run at (0,5544) width 75: "\x{E40}\x{E2A}\x{E35}\x{E22}\x{E07}"
      text run at (0,5558) width 60: "\x{E23}\x{E49}\x{E2D}\x{E07}"
      text run at (0,5572) width 60: "\x{E41}\x{E25}\x{E49}\x{E27}"
      text run at (0,5586) width 45: "\x{E40}\x{E2D}\x{E32}"
      text run at (0,5600) width 45: "\x{E21}\x{E37}\x{E2D}"
      text run at (0,5614) width 45: "\x{E17}\x{E32}\x{E1A}"
      text run at (0,5628) width 30: "\x{E2D}\x{E01}"
      text run at (0,5642) width 45: "\x{E17}\x{E38}\x{E01}"
      text run at (0,5656) width 75: "\x{E04}\x{E23}\x{E31}\x{E49}\x{E07}"
      text run at (0,5670) width 45: "\x{E17}\x{E35}\x{E48}"
      text run at (0,5684) width 75: "\x{E40}\x{E2A}\x{E35}\x{E22}\x{E07}"
      text run at (0,5698) width 45: "\x{E2D}\x{E31}\x{E19}"
      text run at (0,5712) width 105: "\x{E23}\x{E48}\x{E32}\x{E40}\x{E23}\x{E34}\x{E07}"
      text run at (0,5726) width 45: "\x{E02}\x{E2D}\x{E07}"
      text run at (0,5740) width 30: "\x{E42}\x{E14}"
      text run at (0,5754) width 60: "\x{E42}\x{E23}\x{E18}\x{E35}"
      text run at (0,5768) width 90: "\x{E40}\x{E02}\x{E49}\x{E32}\x{E2B}\x{E39}"
      text run at (0,5782) width 45: "\x{E40}\x{E18}\x{E2D}"
      text run at (0,5796) width 45: "\x{E41}\x{E25}\x{E30}"
      text run at (0,5810) width 45: "\x{E40}\x{E18}\x{E2D}"
      text run at (0,5824) width 60: "\x{E40}\x{E1D}\x{E49}\x{E32}"
      text run at (0,5838) width 45: "\x{E21}\x{E2D}\x{E07}"
      text run at (0,5852) width 60: "\x{E40}\x{E14}\x{E47}\x{E01}"
      text run at (0,5866) width 60: "\x{E2B}\x{E0D}\x{E34}\x{E07}"
      text run at (0,5880) width 75: "\x{E19}\x{E49}\x{E2D}\x{E22}\x{E46}"
      text run at (0,5894) width 60: "\x{E14}\x{E49}\x{E27}\x{E22}"
      text run at (0,5908) width 60: "\x{E04}\x{E27}\x{E32}\x{E21}"
      text run at (0,5922) width 105: "\x{E1B}\x{E23}\x{E30}\x{E2B}\x{E25}\x{E32}\x{E14}"
      text run at (0,5936) width 30: "\x{E43}\x{E08}"
      text run at (0,5950) width 60: "\x{E14}\x{E49}\x{E27}\x{E22}"
      text run at (0,5964) width 45: "\x{E22}\x{E31}\x{E07}"
      text run at (0,5978) width 30: "\x{E2B}\x{E32}"
      text run at (0,5992) width 60: "\x{E2D}\x{E30}\x{E44}\x{E23}"
      text run at (0,6006) width 30: "\x{E21}\x{E32}"
      text run at (0,6020) width 60: "\x{E40}\x{E1B}\x{E47}\x{E19}"
      text run at (0,6034) width 90: "\x{E40}\x{E23}\x{E37}\x{E48}\x{E2D}\x{E07}"
      text run at (0,6048) width 105: "\x{E2B}\x{E31}\x{E27}\x{E40}\x{E23}\x{E32}\x{E30}"
      text run at (0,6062) width 45: "\x{E44}\x{E14}\x{E49}"
      text run at (0,6076) width 45: "\x{E25}\x{E38}\x{E07}"
      text run at (0,6090) width 30: "\x{E40}\x{E2E}"
      text run at (0,6104) width 45: "\x{E19}\x{E23}\x{E35}"
      text run at (0,6118) width 45: "\x{E44}\x{E21}\x{E48}"
      text run at (0,6132) width 45: "\x{E40}\x{E04}\x{E22}"
      text run at (0,6146) width 105: "\x{E2B}\x{E31}\x{E27}\x{E40}\x{E23}\x{E32}\x{E30}"
      text run at (0,6160) width 45: "\x{E25}\x{E38}\x{E07}"
      text run at (0,6174) width 75: "\x{E17}\x{E33}\x{E07}\x{E32}\x{E19}"
      text run at (0,6188) width 60: "\x{E2B}\x{E19}\x{E31}\x{E01}"
      text run at (0,6202) width 45: "\x{E08}\x{E32}\x{E01}"
      text run at (0,6216) width 60: "\x{E40}\x{E0A}\x{E49}\x{E32}"
      text run at (0,6230) width 45: "\x{E22}\x{E31}\x{E19}"
      text run at (0,6244) width 45: "\x{E04}\x{E48}\x{E33}"
      text run at (0,6258) width 45: "\x{E41}\x{E25}\x{E30}"
      text run at (0,6272) width 45: "\x{E44}\x{E21}\x{E48}"
      text run at (0,6286) width 45: "\x{E40}\x{E04}\x{E22}"
      text run at (0,6300) width 90: "\x{E23}\x{E39}\x{E49}\x{E08}\x{E31}\x{E01}"
      text run at (0,6314) width 45: "\x{E27}\x{E48}\x{E32}"
      text run at (0,6328) width 60: "\x{E04}\x{E27}\x{E32}\x{E21}"
      text run at (0,6342) width 105: "\x{E23}\x{E48}\x{E32}\x{E40}\x{E23}\x{E34}\x{E07}"
      text run at (0,6356) width 45: "\x{E04}\x{E37}\x{E2D}"
      text run at (0,6370) width 60: "\x{E2D}\x{E30}\x{E44}\x{E23}"
      text run at (0,6384) width 45: "\x{E25}\x{E38}\x{E07}"
      text run at (0,6398) width 30: "\x{E14}\x{E39}"
      text run at (0,6412) width 120: "\x{E2B}\x{E21}\x{E48}\x{E19}\x{E2B}\x{E21}\x{E2D}\x{E07}"
      text run at (0,6426) width 30: "\x{E44}\x{E1B}"
      text run at (0,6440) width 45: "\x{E2B}\x{E21}\x{E14}"
      text run at (0,6454) width 105: "\x{E15}\x{E31}\x{E49}\x{E07}\x{E41}\x{E15}\x{E48}"
      text run at (0,6468) width 60: "\x{E40}\x{E04}\x{E23}\x{E32}"
      text run at (0,6482) width 45: "\x{E22}\x{E32}\x{E27}"
      text run at (0,6496) width 30: "\x{E08}\x{E19}"
      text run at (0,6510) width 30: "\x{E08}\x{E14}"
      text run at (0,6524) width 105: "\x{E23}\x{E2D}\x{E07}\x{E40}\x{E17}\x{E49}\x{E32}"
      text run at (0,6538) width 45: "\x{E1A}\x{E39}\x{E15}"
      text run at (0,6552) width 45: "\x{E2D}\x{E31}\x{E19}"
      text run at (0,6566) width 60: "\x{E2B}\x{E22}\x{E32}\x{E1A}"
      text run at (0,6580) width 60: "\x{E41}\x{E25}\x{E49}\x{E27}"
      text run at (0,6594) width 45: "\x{E25}\x{E38}\x{E07}"
      text run at (0,6608) width 30: "\x{E01}\x{E47}"
      text run at (0,6622) width 30: "\x{E14}\x{E39}"
      text run at (0,6636) width 135: "\x{E40}\x{E04}\x{E23}\x{E48}\x{E07}\x{E02}\x{E23}\x{E36}\x{E21}"
      text run at (0,6650) width 45: "\x{E19}\x{E48}\x{E32}"
      text run at (0,6664) width 60: "\x{E40}\x{E01}\x{E23}\x{E07}"
      text run at (0,6678) width 45: "\x{E02}\x{E32}\x{E21}"
      text run at (0,6692) width 45: "\x{E44}\x{E21}\x{E48}"
      text run at (0,6706) width 60: "\x{E04}\x{E48}\x{E2D}\x{E22}"
      text run at (0,6720) width 30: "\x{E08}\x{E30}"
      text run at (0,6734) width 45: "\x{E1E}\x{E39}\x{E14}"
      text run at (0,6748) width 30: "\x{E21}\x{E35}"
      text run at (0,6762) width 30: "\x{E42}\x{E15}"
      text run at (0,6776) width 45: "\x{E42}\x{E15}\x{E49}"
      text run at (0,6790) width 45: "\x{E17}\x{E35}\x{E48}"
      text run at (0,6804) width 75: "\x{E17}\x{E33}\x{E43}\x{E2B}\x{E49}"
      text run at (0,6818) width 30: "\x{E42}\x{E14}"
      text run at (0,6832) width 60: "\x{E42}\x{E23}\x{E18}\x{E35}"
      text run at (0,6846) width 105: "\x{E2B}\x{E31}\x{E27}\x{E40}\x{E23}\x{E32}\x{E30}"
      text run at (0,6860) width 45: "\x{E44}\x{E14}\x{E49}"
      text run at (0,6874) width 45: "\x{E41}\x{E25}\x{E30}"
      text run at (0,6888) width 60: "\x{E0A}\x{E48}\x{E27}\x{E22}"
      text run at (0,6902) width 45: "\x{E40}\x{E18}\x{E2D}"
      text run at (0,6916) width 45: "\x{E43}\x{E2B}\x{E49}"
      text run at (0,6930) width 45: "\x{E1E}\x{E49}\x{E19}"
      text run at (0,6944) width 45: "\x{E08}\x{E32}\x{E01}"
      text run at (0,6958) width 60: "\x{E01}\x{E32}\x{E23}\x{E01}"
      text run at (0,6972) width 45: "\x{E25}\x{E32}\x{E22}"
      text run at (0,6986) width 60: "\x{E40}\x{E1B}\x{E47}\x{E19}"
      text run at (0,7000) width 30: "\x{E2A}\x{E35}"
      text run at (0,7014) width 45: "\x{E40}\x{E17}\x{E32}"
      text run at (0,7028) width 60: "\x{E2B}\x{E21}\x{E48}\x{E19}"
      text run at (0,7042) width 90: "\x{E40}\x{E2B}\x{E21}\x{E37}\x{E2D}\x{E19}"
      text run at (0,7056) width 45: "\x{E01}\x{E31}\x{E1A}"
      text run at (0,7070) width 60: "\x{E2A}\x{E34}\x{E48}\x{E07}"
      text run at (0,7084) width 45: "\x{E23}\x{E2D}\x{E1A}"
      text run at (0,7098) width 45: "\x{E15}\x{E31}\x{E27}"
      text run at (0,7112) width 75: "\x{E2D}\x{E37}\x{E48}\x{E19}\x{E46}"
      text run at (0,7126) width 30: "\x{E42}\x{E15}"
      text run at (0,7140) width 45: "\x{E42}\x{E15}\x{E49}"
      text run at (0,7154) width 30: "\x{E2A}\x{E35}"
      text run at (0,7168) width 45: "\x{E44}\x{E21}\x{E48}"
      text run at (0,7182) width 45: "\x{E40}\x{E17}\x{E32}"
      text run at (0,7196) width 60: "\x{E2B}\x{E21}\x{E48}\x{E19}"
      text run at (0,7210) width 45: "\x{E41}\x{E15}\x{E48}"
      text run at (0,7224) width 45: "\x{E21}\x{E31}\x{E19}"
      text run at (0,7238) width 60: "\x{E40}\x{E1B}\x{E47}\x{E19}"
      text run at (0,7252) width 45: "\x{E2B}\x{E21}\x{E32}"
      text run at (0,7266) width 30: "\x{E2A}\x{E35}"
      text run at (0,7280) width 30: "\x{E14}\x{E33}"
      text run at (0,7294) width 45: "\x{E15}\x{E31}\x{E27}"
      text run at (0,7308) width 75: "\x{E19}\x{E49}\x{E2D}\x{E22}\x{E46}"
      text run at (0,7322) width 30: "\x{E02}\x{E19}"
      text run at (0,7336) width 45: "\x{E22}\x{E32}\x{E27}"
      text run at (0,7350) width 45: "\x{E1B}\x{E38}\x{E22}"
      text run at (0,7364) width 90: "\x{E23}\x{E32}\x{E27}\x{E01}\x{E31}\x{E1A}"
      text run at (0,7378) width 45: "\x{E44}\x{E2B}\x{E21}"
      text run at (0,7392) width 30: "\x{E21}\x{E35}"
      text run at (0,7406) width 30: "\x{E15}\x{E32}"
      text run at (0,7420) width 30: "\x{E14}\x{E33}"
      text run at (0,7434) width 60: "\x{E40}\x{E25}\x{E47}\x{E01}"
      text run at (0,7448) width 60: "\x{E40}\x{E1B}\x{E47}\x{E19}"
      text run at (0,7462) width 90: "\x{E1B}\x{E23}\x{E30}\x{E01}\x{E32}\x{E22}"
      text run at (0,7476) width 120: "\x{E23}\x{E37}\x{E48}\x{E19}\x{E40}\x{E23}\x{E34}\x{E07}"
      text run at (0,7490) width 60: "\x{E2D}\x{E22}\x{E39}\x{E48}"
      text run at (0,7504) width 45: "\x{E2A}\x{E2D}\x{E07}"
      text run at (0,7518) width 60: "\x{E02}\x{E49}\x{E32}\x{E07}"
      text run at (0,7532) width 60: "\x{E08}\x{E21}\x{E39}\x{E01}"
      text run at (0,7546) width 60: "\x{E40}\x{E25}\x{E47}\x{E01}"
      text run at (0,7560) width 45: "\x{E2D}\x{E31}\x{E19}"
      text run at (0,7574) width 45: "\x{E19}\x{E48}\x{E32}"
      text run at (0,7588) width 45: "\x{E02}\x{E31}\x{E19}"
      text run at (0,7602) width 45: "\x{E02}\x{E2D}\x{E07}"
      text run at (0,7616) width 45: "\x{E21}\x{E31}\x{E19}"
      text run at (0,7630) width 30: "\x{E42}\x{E15}"
      text run at (0,7644) width 45: "\x{E42}\x{E15}\x{E49}"
      text run at (0,7658) width 60: "\x{E40}\x{E25}\x{E48}\x{E19}"
      text run at (0,7672) width 60: "\x{E17}\x{E31}\x{E49}\x{E07}"
      text run at (0,7686) width 45: "\x{E27}\x{E31}\x{E19}"
      text run at (0,7700) width 45: "\x{E41}\x{E25}\x{E30}"
      text run at (0,7714) width 30: "\x{E42}\x{E14}"
      text run at (0,7728) width 60: "\x{E42}\x{E23}\x{E18}\x{E35}"
      text run at (0,7742) width 30: "\x{E01}\x{E47}"
      text run at (0,7756) width 60: "\x{E40}\x{E25}\x{E48}\x{E19}"
      text run at (0,7770) width 45: "\x{E01}\x{E31}\x{E1A}"
      text run at (0,7784) width 45: "\x{E21}\x{E31}\x{E19}"
      text run at (0,7798) width 45: "\x{E41}\x{E25}\x{E30}"
      text run at (0,7812) width 45: "\x{E23}\x{E31}\x{E01}"
      text run at (0,7826) width 45: "\x{E21}\x{E31}\x{E19}"
      text run at (0,7840) width 75: "\x{E40}\x{E2B}\x{E25}\x{E37}\x{E2D}"
      text run at (0,7854) width 60: "\x{E40}\x{E01}\x{E34}\x{E19}"
      text run at (0,7868) width 105: "\x{E2D}\x{E22}\x{E48}\x{E32}\x{E07}\x{E44}\x{E23}"
      text run at (0,7882) width 75: "\x{E01}\x{E47}\x{E15}\x{E32}\x{E21}"
      text run at (0,7896) width 45: "\x{E27}\x{E31}\x{E19}"
      text run at (0,7910) width 45: "\x{E19}\x{E35}\x{E49}"
      text run at (0,7924) width 60: "\x{E17}\x{E31}\x{E49}\x{E07}"
      text run at (0,7938) width 45: "\x{E04}\x{E39}\x{E48}"
      text run at (0,7952) width 45: "\x{E44}\x{E21}\x{E48}"
      text run at (0,7966) width 45: "\x{E44}\x{E14}\x{E49}"
      text run at (0,7980) width 60: "\x{E40}\x{E25}\x{E48}\x{E19}"
      text run at (0,7994) width 45: "\x{E25}\x{E38}\x{E07}"
      text run at (0,8008) width 30: "\x{E40}\x{E2E}"
      text run at (0,8022) width 45: "\x{E19}\x{E23}\x{E35}"
      text run at (0,8036) width 60: "\x{E19}\x{E31}\x{E48}\x{E07}"
      text run at (0,8050) width 60: "\x{E2D}\x{E22}\x{E39}\x{E48}"
      text run at (0,8064) width 45: "\x{E17}\x{E35}\x{E48}"
      text run at (0,8078) width 75: "\x{E1A}\x{E31}\x{E19}\x{E44}\x{E14}"
      text run at (0,8092) width 75: "\x{E1B}\x{E23}\x{E30}\x{E15}\x{E39}"
      text run at (0,8106) width 45: "\x{E41}\x{E25}\x{E30}"
      text run at (0,8120) width 60: "\x{E40}\x{E1D}\x{E49}\x{E32}"
      text run at (0,8134) width 75: "\x{E01}\x{E31}\x{E07}\x{E27}\x{E25}"
      text run at (0,8148) width 60: "\x{E08}\x{E49}\x{E2D}\x{E07}"
      text run at (0,8162) width 30: "\x{E14}\x{E39}"
      text run at (0,8176) width 105: "\x{E17}\x{E49}\x{E2D}\x{E07}\x{E1F}\x{E49}\x{E32}"
      text run at (0,8190) width 30: "\x{E2A}\x{E35}"
      text run at (0,8204) width 45: "\x{E40}\x{E17}\x{E32}"
      text run at (0,8218) width 60: "\x{E2B}\x{E21}\x{E48}\x{E19}"
      text run at (0,8232) width 45: "\x{E1C}\x{E34}\x{E14}"
      text run at (0,8246) width 60: "\x{E1B}\x{E01}\x{E15}\x{E34}"
      text run at (0,8260) width 30: "\x{E42}\x{E14}"
      text run at (0,8274) width 60: "\x{E42}\x{E23}\x{E18}\x{E35}"
      text run at (0,8288) width 45: "\x{E22}\x{E37}\x{E19}"
      text run at (0,8302) width 45: "\x{E17}\x{E35}\x{E48}"
      text run at (0,8316) width 75: "\x{E1B}\x{E23}\x{E30}\x{E15}\x{E39}"
      text run at (0,8330) width 45: "\x{E01}\x{E2D}\x{E14}"
      text run at (0,8344) width 30: "\x{E42}\x{E15}"
      text run at (0,8358) width 45: "\x{E42}\x{E15}\x{E49}"
      text run at (0,8372) width 45: "\x{E44}\x{E27}\x{E49}"
      text run at (0,8386) width 30: "\x{E43}\x{E19}"
      text run at (0,8400) width 60: "\x{E2D}\x{E49}\x{E2D}\x{E21}"
      text run at (0,8414) width 45: "\x{E41}\x{E02}\x{E19}"
      text run at (0,8428) width 45: "\x{E41}\x{E25}\x{E30}"
      text run at (0,8442) width 30: "\x{E01}\x{E47}"
      text run at (0,8456) width 45: "\x{E21}\x{E2D}\x{E07}"
      text run at (0,8470) width 30: "\x{E14}\x{E39}"
      text run at (0,8484) width 105: "\x{E17}\x{E49}\x{E2D}\x{E07}\x{E1F}\x{E49}\x{E32}"
      text run at (0,8498) width 60: "\x{E2D}\x{E22}\x{E39}\x{E48}"
      text run at (0,8512) width 90: "\x{E40}\x{E2B}\x{E21}\x{E37}\x{E2D}\x{E19}"
      text run at (0,8526) width 45: "\x{E01}\x{E31}\x{E19}"
      text run at (0,8540) width 45: "\x{E1B}\x{E49}\x{E32}"
      text run at (0,8554) width 45: "\x{E40}\x{E2D}\x{E47}"
      text run at (0,8568) width 45: "\x{E21}\x{E01}\x{E33}"
      text run at (0,8582) width 45: "\x{E25}\x{E31}\x{E07}"
      text run at (0,8596) width 60: "\x{E25}\x{E49}\x{E32}\x{E07}"
      text run at (0,8610) width 45: "\x{E0A}\x{E32}\x{E21}"
      text run at (0,8624) width 60: "\x{E2D}\x{E22}\x{E39}\x{E48}"
      text run at (0,8638) width 45: "\x{E08}\x{E32}\x{E01}"
      text run at (0,8652) width 60: "\x{E14}\x{E49}\x{E32}\x{E19}"
      text run at (0,8666) width 75: "\x{E40}\x{E2B}\x{E19}\x{E37}\x{E2D}"
      text run at (0,8680) width 45: "\x{E44}\x{E01}\x{E25}"
      text run at (0,8694) width 45: "\x{E2D}\x{E2D}\x{E01}"
      text run at (0,8708) width 30: "\x{E44}\x{E1B}"
      text run at (0,8722) width 30: "\x{E21}\x{E35}"
      text run at (0,8736) width 75: "\x{E40}\x{E2A}\x{E35}\x{E22}\x{E07}"
      text run at (0,8750) width 30: "\x{E25}\x{E21}"
      text run at (0,8764) width 60: "\x{E04}\x{E23}\x{E32}\x{E07}"
      text run at (0,8778) width 60: "\x{E41}\x{E1C}\x{E48}\x{E27}"
      text run at (0,8792) width 45: "\x{E40}\x{E1A}\x{E32}"
      text run at (0,8806) width 90: "\x{E44}\x{E14}\x{E49}\x{E22}\x{E34}\x{E19}"
      text run at (0,8820) width 30: "\x{E21}\x{E32}"
      text run at (0,8834) width 45: "\x{E25}\x{E38}\x{E07}"
      text run at (0,8848) width 30: "\x{E40}\x{E2E}"
      text run at (0,8862) width 45: "\x{E19}\x{E23}\x{E35}"
      text run at (0,8876) width 45: "\x{E41}\x{E25}\x{E30}"
      text run at (0,8890) width 30: "\x{E42}\x{E14}"
      text run at (0,8904) width 60: "\x{E42}\x{E23}\x{E18}\x{E35}"
      text run at (0,8918) width 60: "\x{E40}\x{E2B}\x{E47}\x{E19}"
      text run at (0,8932) width 45: "\x{E15}\x{E49}\x{E19}"
      text run at (0,8946) width 60: "\x{E2B}\x{E0D}\x{E49}\x{E32}"
      text run at (0,8960) width 45: "\x{E2A}\x{E39}\x{E07}"
      text run at (0,8974) width 45: "\x{E40}\x{E2D}\x{E19}"
      text run at (0,8988) width 60: "\x{E40}\x{E1B}\x{E47}\x{E19}"
      text run at (0,9002) width 75: "\x{E04}\x{E25}\x{E37}\x{E48}\x{E19}"
      text run at (0,9016) width 60: "\x{E01}\x{E48}\x{E2D}\x{E19}"
      text run at (0,9030) width 45: "\x{E17}\x{E35}\x{E48}"
      text run at (0,9044) width 60: "\x{E1E}\x{E32}\x{E22}\x{E38}"
      text run at (0,9058) width 30: "\x{E08}\x{E30}"
      text run at (0,9072) width 30: "\x{E21}\x{E32}"
      text run at (0,9086) width 45: "\x{E16}\x{E36}\x{E07}"
      text run at (0,9100) width 60: "\x{E41}\x{E25}\x{E49}\x{E27}"
      text run at (0,9114) width 30: "\x{E01}\x{E47}"
      text run at (0,9128) width 30: "\x{E21}\x{E35}"
      text run at (0,9142) width 75: "\x{E40}\x{E2A}\x{E35}\x{E22}\x{E07}"
      text run at (0,9156) width 60: "\x{E2B}\x{E27}\x{E35}\x{E14}"
      text run at (0,9170) width 60: "\x{E2B}\x{E27}\x{E34}\x{E27}"
      text run at (0,9184) width 90: "\x{E0A}\x{E31}\x{E14}\x{E40}\x{E08}\x{E19}"
      text run at (0,9198) width 30: "\x{E21}\x{E32}"
      text run at (0,9212) width 45: "\x{E08}\x{E32}\x{E01}"
      text run at (0,9226) width 120: "\x{E1A}\x{E23}\x{E23}\x{E22}\x{E32}\x{E01}\x{E32}\x{E28}"
      text run at (0,9240) width 45: "\x{E17}\x{E32}\x{E07}"
      text run at (0,9254) width 45: "\x{E43}\x{E15}\x{E49}"
      text run at (0,9268) width 45: "\x{E41}\x{E25}\x{E30}"
      text run at (0,9282) width 75: "\x{E40}\x{E21}\x{E37}\x{E48}\x{E2D}"
      text run at (0,9296) width 90: "\x{E40}\x{E2B}\x{E25}\x{E37}\x{E2D}\x{E1A}"
      text run at (0,9310) width 30: "\x{E15}\x{E32}"
      text run at (0,9324) width 30: "\x{E44}\x{E1B}"
      text run at (0,9338) width 45: "\x{E17}\x{E32}\x{E07}"
      text run at (0,9352) width 60: "\x{E14}\x{E49}\x{E32}\x{E19}"
      text run at (0,9366) width 60: "\x{E19}\x{E31}\x{E49}\x{E19}"
      text run at (0,9380) width 30: "\x{E01}\x{E47}"
      text run at (0,9394) width 60: "\x{E40}\x{E2B}\x{E47}\x{E19}"
      text run at (0,9408) width 75: "\x{E04}\x{E25}\x{E37}\x{E48}\x{E19}"
      text run at (0,9422) width 60: "\x{E2B}\x{E0D}\x{E49}\x{E32}"
      text run at (0,9436) width 30: "\x{E21}\x{E32}"
      text run at (0,9450) width 45: "\x{E17}\x{E32}\x{E07}"
      text run at (0,9464) width 60: "\x{E14}\x{E49}\x{E32}\x{E19}"
      text run at (0,9478) width 60: "\x{E19}\x{E31}\x{E49}\x{E19}"
      text run at (0,9492) width 60: "\x{E14}\x{E49}\x{E27}\x{E22}"
      text run at (0,9506) width 45: "\x{E25}\x{E38}\x{E07}"
      text run at (0,9520) width 30: "\x{E40}\x{E2E}"
      text run at (0,9534) width 45: "\x{E19}\x{E23}\x{E35}"
      text run at (0,9548) width 45: "\x{E1C}\x{E38}\x{E14}"
      text run at (0,9562) width 45: "\x{E25}\x{E38}\x{E01}"
      text run at (0,9576) width 60: "\x{E02}\x{E36}\x{E49}\x{E19}"
      text run at (0,9590) width 75: "\x{E17}\x{E31}\x{E19}\x{E43}\x{E14}"
      text run at (0,9604) width 35: "\"\x{E25}\x{E21}"
      text run at (0,9618) width 90: "\x{E44}\x{E0B}\x{E42}\x{E04}\x{E25}\x{E19}"
      text run at (0,9632) width 30: "\x{E21}\x{E32}"
      text run at (0,9646) width 65: "\x{E40}\x{E2D}\x{E47}\x{E21}\""
      text run at (0,9660) width 45: "\x{E25}\x{E38}\x{E07}"
      text run at (0,9674) width 60: "\x{E23}\x{E49}\x{E2D}\x{E07}"
      text run at (0,9688) width 45: "\x{E1A}\x{E2D}\x{E01}"
      text run at (0,9702) width 75: "\x{E20}\x{E23}\x{E23}\x{E22}\x{E32}"
      text run at (0,9716) width 50: "\"\x{E02}\x{E49}\x{E32}"
      text run at (0,9730) width 30: "\x{E08}\x{E30}"
      text run at (0,9744) width 30: "\x{E44}\x{E1B}"
      text run at (0,9758) width 30: "\x{E14}\x{E39}"
      text run at (0,9772) width 75: "\x{E2A}\x{E31}\x{E15}\x{E27}\x{E4C}"
      text run at (0,9786) width 90: "\x{E40}\x{E25}\x{E35}\x{E49}\x{E22}\x{E07}"
      text run at (0,9800) width 80: "\x{E2B}\x{E19}\x{E48}\x{E2D}\x{E22}\""
      text run at (0,9814) width 60: "\x{E41}\x{E25}\x{E49}\x{E27}"
      text run at (0,9828) width 45: "\x{E25}\x{E38}\x{E07}"
      text run at (0,9842) width 30: "\x{E01}\x{E47}"
      text run at (0,9856) width 60: "\x{E27}\x{E34}\x{E48}\x{E07}"
      text run at (0,9870) width 30: "\x{E44}\x{E1B}"
      text run at (0,9884) width 45: "\x{E22}\x{E31}\x{E07}"
      text run at (0,9898) width 60: "\x{E40}\x{E1E}\x{E34}\x{E07}"
      text run at (0,9912) width 45: "\x{E17}\x{E35}\x{E48}"
      text run at (0,9926) width 45: "\x{E27}\x{E31}\x{E27}"
      text run at (0,9940) width 45: "\x{E41}\x{E25}\x{E30}"
      text run at (0,9954) width 45: "\x{E21}\x{E49}\x{E32}"
      text run at (0,9968) width 75: "\x{E2D}\x{E32}\x{E28}\x{E31}\x{E22}"
      text run at (0,9982) width 60: "\x{E2D}\x{E22}\x{E39}\x{E48}"
      text run at (0,9996) width 45: "\x{E1B}\x{E49}\x{E32}"
      text run at (0,10010) width 60: "\x{E40}\x{E2D}\x{E47}\x{E21}"
      text run at (0,10024) width 60: "\x{E2B}\x{E22}\x{E38}\x{E14}"
      text run at (0,10038) width 75: "\x{E17}\x{E33}\x{E07}\x{E32}\x{E19}"
      text run at (0,10052) width 45: "\x{E41}\x{E25}\x{E30}"
      text run at (0,10066) width 30: "\x{E21}\x{E32}"
      text run at (0,10080) width 45: "\x{E17}\x{E35}\x{E48}"
      text run at (0,10094) width 75: "\x{E1B}\x{E23}\x{E30}\x{E15}\x{E39}"
      text run at (0,10108) width 75: "\x{E40}\x{E1E}\x{E35}\x{E22}\x{E07}"
      text run at (0,10122) width 75: "\x{E0A}\x{E32}\x{E22}\x{E15}\x{E32}"
      text run at (0,10136) width 45: "\x{E21}\x{E2D}\x{E07}"
      text run at (0,10150) width 45: "\x{E1B}\x{E49}\x{E32}"
      text run at (0,10164) width 30: "\x{E01}\x{E47}"
      text run at (0,10178) width 45: "\x{E1A}\x{E2D}\x{E01}"
      text run at (0,10192) width 45: "\x{E44}\x{E14}\x{E49}"
      text run at (0,10206) width 45: "\x{E27}\x{E48}\x{E32}"
      text run at (0,10220) width 105: "\x{E2D}\x{E31}\x{E19}\x{E15}\x{E23}\x{E32}\x{E22}"
      text run at (0,10234) width 30: "\x{E21}\x{E32}"
      text run at (0,10248) width 45: "\x{E16}\x{E36}\x{E07}"
      text run at (0,10262) width 60: "\x{E41}\x{E25}\x{E49}\x{E27}"
      text run at (0,10276) width 65: "\"\x{E40}\x{E23}\x{E47}\x{E27}"
      text run at (0,10290) width 30: "\x{E42}\x{E14}"
      text run at (0,10304) width 69: "\x{E42}\x{E23}\x{E18}\x{E35}!\""
      text run at (0,10318) width 45: "\x{E1B}\x{E49}\x{E32}"
      text run at (0,10332) width 75: "\x{E15}\x{E30}\x{E42}\x{E01}\x{E19}"
      text run at (0,10346) width 65: "\"\x{E27}\x{E34}\x{E48}\x{E07}"
      text run at (0,10360) width 30: "\x{E44}\x{E1B}"
      text run at (0,10374) width 60: "\x{E2B}\x{E49}\x{E2D}\x{E07}"
      text run at (0,10388) width 95: "\x{E43}\x{E15}\x{E49}\x{E16}\x{E38}\x{E19}\""
      text run at (0,10402) width 30: "\x{E42}\x{E15}"
      text run at (0,10416) width 45: "\x{E42}\x{E15}\x{E49}"
      text run at (0,10430) width 60: "\x{E1C}\x{E25}\x{E38}\x{E19}"
      text run at (0,10444) width 90: "\x{E01}\x{E23}\x{E30}\x{E42}\x{E14}\x{E14}"
      text run at (0,10458) width 30: "\x{E25}\x{E07}"
      text run at (0,10472) width 45: "\x{E08}\x{E32}\x{E01}"
      text run at (0,10486) width 60: "\x{E2D}\x{E49}\x{E2D}\x{E21}"
      text run at (0,10500) width 45: "\x{E41}\x{E02}\x{E19}"
      text run at (0,10514) width 30: "\x{E42}\x{E14}"
      text run at (0,10528) width 60: "\x{E42}\x{E23}\x{E18}\x{E35}"
      text run at (0,10542) width 60: "\x{E41}\x{E25}\x{E49}\x{E27}"
      text run at (0,10556) width 90: "\x{E40}\x{E02}\x{E49}\x{E32}\x{E44}\x{E1B}"
      text run at (0,10570) width 60: "\x{E0B}\x{E48}\x{E2D}\x{E19}"
      text run at (0,10584) width 60: "\x{E2D}\x{E22}\x{E39}\x{E48}"
      text run at (0,10598) width 45: "\x{E43}\x{E15}\x{E49}"
      text run at (0,10612) width 75: "\x{E40}\x{E15}\x{E35}\x{E22}\x{E07}"
      text run at (0,10626) width 60: "\x{E40}\x{E14}\x{E47}\x{E01}"
      text run at (0,10640) width 60: "\x{E2B}\x{E0D}\x{E34}\x{E07}"
      text run at (0,10654) width 60: "\x{E19}\x{E49}\x{E2D}\x{E22}"
      text run at (0,10668) width 90: "\x{E40}\x{E02}\x{E49}\x{E32}\x{E44}\x{E1B}"
      text run at (0,10682) width 45: "\x{E14}\x{E36}\x{E07}"
      text run at (0,10696) width 45: "\x{E21}\x{E31}\x{E19}"
      text run at (0,10710) width 45: "\x{E2D}\x{E2D}\x{E01}"
      text run at (0,10724) width 30: "\x{E21}\x{E32}"
      text run at (0,10738) width 45: "\x{E1B}\x{E49}\x{E32}"
      text run at (0,10752) width 45: "\x{E40}\x{E2D}\x{E47}"
      text run at (0,10766) width 30: "\x{E21}\x{E01}"
      text run at (0,10780) width 30: "\x{E23}\x{E30}"
      text run at (0,10794) width 45: "\x{E0A}\x{E32}\x{E01}"
      text run at (0,10808) width 30: "\x{E1D}\x{E32}"
      text run at (0,10822) width 45: "\x{E17}\x{E35}\x{E48}"
      text run at (0,10836) width 60: "\x{E1E}\x{E37}\x{E49}\x{E19}"
      text run at (0,10850) width 45: "\x{E2D}\x{E2D}\x{E01}"
      text run at (0,10864) width 75: "\x{E2D}\x{E22}\x{E48}\x{E32}\x{E07}"
      text run at (0,10878) width 30: "\x{E2D}\x{E01}"
      text run at (0,10892) width 60: "\x{E2A}\x{E31}\x{E48}\x{E19}"
      text run at (0,10906) width 60: "\x{E02}\x{E27}\x{E31}\x{E0D}"
      text run at (0,10920) width 45: "\x{E2B}\x{E32}\x{E22}"
      text run at (0,10934) width 45: "\x{E1B}\x{E35}\x{E19}"
      text run at (0,10948) width 75: "\x{E1A}\x{E31}\x{E19}\x{E44}\x{E14}"
      text run at (0,10962) width 45: "\x{E44}\x{E21}\x{E49}"
      text run at (0,10976) width 30: "\x{E25}\x{E07}"
      text run at (0,10990) width 30: "\x{E44}\x{E1B}"
      text run at (0,11004) width 30: "\x{E43}\x{E19}"
      text run at (0,11018) width 60: "\x{E42}\x{E1E}\x{E23}\x{E07}"
      text run at (0,11032) width 60: "\x{E40}\x{E25}\x{E47}\x{E01}"
      text run at (0,11046) width 45: "\x{E2D}\x{E31}\x{E19}"
      text run at (0,11060) width 45: "\x{E21}\x{E37}\x{E14}"
      text run at (0,11074) width 45: "\x{E17}\x{E36}\x{E1A}"
      text run at (0,11088) width 30: "\x{E42}\x{E14}"
      text run at (0,11102) width 60: "\x{E42}\x{E23}\x{E18}\x{E35}"
      text run at (0,11116) width 45: "\x{E08}\x{E31}\x{E1A}"
      text run at (0,11130) width 30: "\x{E42}\x{E15}"
      text run at (0,11144) width 45: "\x{E42}\x{E15}\x{E49}"
      text run at (0,11158) width 45: "\x{E44}\x{E14}\x{E49}"
      text run at (0,11172) width 30: "\x{E43}\x{E19}"
      text run at (0,11186) width 90: "\x{E17}\x{E35}\x{E48}\x{E2A}\x{E38}\x{E14}"
      text run at (0,11200) width 45: "\x{E41}\x{E25}\x{E30}"
      text run at (0,11214) width 60: "\x{E27}\x{E34}\x{E48}\x{E07}"
      text run at (0,11228) width 45: "\x{E15}\x{E32}\x{E21}"
      text run at (0,11242) width 45: "\x{E1B}\x{E49}\x{E32}"
      text run at (0,11256) width 45: "\x{E40}\x{E18}\x{E2D}"
      text run at (0,11270) width 30: "\x{E44}\x{E1B}"
      text run at (0,11284) width 75: "\x{E40}\x{E21}\x{E37}\x{E48}\x{E2D}"
      text run at (0,11298) width 45: "\x{E40}\x{E18}\x{E2D}"
      text run at (0,11312) width 30: "\x{E21}\x{E32}"
      text run at (0,11326) width 45: "\x{E44}\x{E14}\x{E49}"
      text run at (0,11340) width 75: "\x{E04}\x{E23}\x{E36}\x{E48}\x{E07}"
      text run at (0,11354) width 60: "\x{E2B}\x{E49}\x{E2D}\x{E07}"
      text run at (0,11368) width 30: "\x{E01}\x{E47}"
      text run at (0,11382) width 30: "\x{E21}\x{E35}"
      text run at (0,11396) width 75: "\x{E40}\x{E2A}\x{E35}\x{E22}\x{E07}"
      text run at (0,11410) width 60: "\x{E2B}\x{E27}\x{E35}\x{E14}"
      text run at (0,11424) width 60: "\x{E2B}\x{E27}\x{E37}\x{E2D}"
      text run at (0,11438) width 60: "\x{E2A}\x{E48}\x{E27}\x{E19}"
      text run at (0,11452) width 60: "\x{E1A}\x{E49}\x{E32}\x{E19}"
      text run at (0,11466) width 30: "\x{E01}\x{E47}"
      text run at (0,11480) width 60: "\x{E2A}\x{E31}\x{E48}\x{E19}"
      text run at (0,11494) width 75: "\x{E2D}\x{E22}\x{E48}\x{E32}\x{E07}"
      text run at (0,11508) width 45: "\x{E41}\x{E23}\x{E07}"
      text run at (0,11522) width 30: "\x{E08}\x{E19}"
      text run at (0,11536) width 45: "\x{E40}\x{E18}\x{E2D}"
      text run at (0,11550) width 30: "\x{E2B}\x{E01}"
      text run at (0,11564) width 60: "\x{E04}\x{E30}\x{E21}\x{E33}"
      text run at (0,11578) width 60: "\x{E19}\x{E31}\x{E48}\x{E07}"
      text run at (0,11592) width 105: "\x{E08}\x{E49}\x{E33}\x{E40}\x{E1A}\x{E49}\x{E32}"
      text run at (0,11606) width 60: "\x{E2D}\x{E22}\x{E39}\x{E48}"
      text run at (0,11620) width 45: "\x{E01}\x{E31}\x{E1A}"
      text run at (0,11634) width 60: "\x{E1E}\x{E37}\x{E49}\x{E19}"
      text run at (0,11648) width 60: "\x{E41}\x{E25}\x{E49}\x{E27}"
      text run at (0,11662) width 60: "\x{E2A}\x{E34}\x{E48}\x{E07}"
      text run at (0,11676) width 105: "\x{E1B}\x{E23}\x{E30}\x{E2B}\x{E25}\x{E32}\x{E14}"
      text run at (0,11690) width 30: "\x{E01}\x{E47}"
      text run at (0,11704) width 60: "\x{E40}\x{E01}\x{E34}\x{E14}"
      text run at (0,11718) width 60: "\x{E02}\x{E36}\x{E49}\x{E19}"
      text run at (0,11732) width 60: "\x{E1A}\x{E49}\x{E32}\x{E19}"
      text run at (0,11746) width 60: "\x{E2B}\x{E21}\x{E38}\x{E19}"
      text run at (0,11760) width 30: "\x{E44}\x{E1B}"
      text run at (0,11774) width 60: "\x{E2B}\x{E21}\x{E38}\x{E19}"
      text run at (0,11788) width 45: "\x{E21}\x{E32}\x{E2A}"
      text run at (0,11802) width 30: "\x{E2D}\x{E07}"
      text run at (0,11816) width 45: "\x{E2A}\x{E32}\x{E21}"
      text run at (0,11830) width 45: "\x{E23}\x{E2D}\x{E1A}"
      text run at (0,11844) width 60: "\x{E41}\x{E25}\x{E49}\x{E27}"
      text run at (0,11858) width 30: "\x{E01}\x{E47}"
      text run at (0,11872) width 45: "\x{E25}\x{E2D}\x{E22}"
      text run at (0,11886) width 60: "\x{E02}\x{E36}\x{E49}\x{E19}"
      text run at (0,11900) width 45: "\x{E2A}\x{E39}\x{E48}"
      text run at (0,11914) width 75: "\x{E2D}\x{E32}\x{E01}\x{E32}\x{E28}"
      text run at (0,11928) width 75: "\x{E2D}\x{E22}\x{E48}\x{E32}\x{E07}"
      text run at (0,11942) width 60: "\x{E0A}\x{E49}\x{E32}\x{E46}"
      text run at (0,11956) width 30: "\x{E42}\x{E14}"
      text run at (0,11970) width 30: "\x{E42}\x{E23}"
      text run at (0,11984) width 75: "\x{E18}\x{E35}\x{E23}\x{E39}\x{E49}"
      text run at (0,11998) width 45: "\x{E2A}\x{E36}\x{E01}"
      text run at (0,12012) width 90: "\x{E23}\x{E32}\x{E27}\x{E01}\x{E31}\x{E1A}"
      text run at (0,12026) width 45: "\x{E27}\x{E48}\x{E32}"
      text run at (0,12040) width 45: "\x{E40}\x{E18}\x{E2D}"
      text run at (0,12054) width 45: "\x{E44}\x{E14}\x{E49}"
      text run at (0,12068) width 60: "\x{E02}\x{E36}\x{E49}\x{E19}"
      text run at (0,12082) width 30: "\x{E44}\x{E1B}"
      text run at (0,12096) width 45: "\x{E01}\x{E31}\x{E1A}"
      text run at (0,12110) width 45: "\x{E25}\x{E39}\x{E01}"
      text run at (0,12124) width 90: "\x{E1A}\x{E2D}\x{E25}\x{E25}\x{E39}\x{E19}"
      text run at (0,12138) width 60: "\x{E1E}\x{E32}\x{E22}\x{E38}"
      text run at (0,12152) width 75: "\x{E40}\x{E2B}\x{E19}\x{E37}\x{E2D}"
      text run at (0,12166) width 45: "\x{E01}\x{E31}\x{E1A}"
      text run at (0,12180) width 60: "\x{E1E}\x{E32}\x{E22}\x{E38}"
      text run at (0,12194) width 45: "\x{E43}\x{E15}\x{E49}"
      text run at (0,12208) width 30: "\x{E21}\x{E32}"
      text run at (0,12222) width 30: "\x{E1E}\x{E1A}"
      text run at (0,12236) width 45: "\x{E01}\x{E31}\x{E19}"
      text run at (0,12250) width 45: "\x{E15}\x{E23}\x{E07}"
      text run at (0,12264) width 45: "\x{E17}\x{E35}\x{E48}"
      text run at (0,12278) width 60: "\x{E1A}\x{E49}\x{E32}\x{E19}"
      text run at (0,12292) width 60: "\x{E1E}\x{E2D}\x{E14}\x{E35}"
      text run at (0,12306) width 45: "\x{E41}\x{E25}\x{E30}"
      text run at (0,12320) width 75: "\x{E17}\x{E33}\x{E43}\x{E2B}\x{E49}"
      text run at (0,12334) width 45: "\x{E15}\x{E23}\x{E07}"
      text run at (0,12348) width 60: "\x{E19}\x{E31}\x{E49}\x{E19}"
      text run at (0,12362) width 60: "\x{E40}\x{E1B}\x{E47}\x{E19}"
      text run at (0,12376) width 180: "\x{E08}\x{E38}\x{E14}\x{E28}\x{E39}\x{E19}\x{E22}\x{E4C}\x{E01}\x{E25}\x{E32}\x{E07}"
      text run at (0,12390) width 45: "\x{E02}\x{E2D}\x{E07}"
      text run at (0,12404) width 60: "\x{E1E}\x{E32}\x{E22}\x{E38}"
      text run at (0,12418) width 90: "\x{E44}\x{E0B}\x{E42}\x{E04}\x{E25}\x{E19}"
      text run at (0,12432) width 45: "\x{E15}\x{E32}\x{E21}"
      text run at (0,12446) width 60: "\x{E1B}\x{E01}\x{E15}\x{E34}"
      text run at (0,12460) width 45: "\x{E15}\x{E23}\x{E07}"
      text run at (0,12474) width 60: "\x{E01}\x{E25}\x{E32}\x{E07}"
      text run at (0,12488) width 60: "\x{E1E}\x{E32}\x{E22}\x{E38}"
      text run at (0,12502) width 90: "\x{E44}\x{E0B}\x{E42}\x{E04}\x{E25}\x{E19}"
      text run at (0,12516) width 75: "\x{E2D}\x{E32}\x{E01}\x{E32}\x{E28}"
      text run at (0,12530) width 30: "\x{E08}\x{E30}"
      text run at (0,12544) width 60: "\x{E19}\x{E34}\x{E48}\x{E07}"
      text run at (0,12558) width 45: "\x{E41}\x{E15}\x{E48}"
      text run at (0,12572) width 60: "\x{E04}\x{E27}\x{E32}\x{E21}"
      text run at (0,12586) width 75: "\x{E01}\x{E14}\x{E14}\x{E31}\x{E19}"
      text run at (0,12600) width 75: "\x{E2D}\x{E22}\x{E48}\x{E32}\x{E07}"
      text run at (0,12614) width 60: "\x{E2B}\x{E19}\x{E31}\x{E01}"
      text run at (0,12628) width 45: "\x{E02}\x{E2D}\x{E07}"
      text run at (0,12642) width 30: "\x{E25}\x{E21}"
      text run at (0,12656) width 45: "\x{E17}\x{E38}\x{E01}"
      text run at (0,12670) width 60: "\x{E14}\x{E49}\x{E32}\x{E19}"
      text run at (0,12684) width 45: "\x{E23}\x{E2D}\x{E1A}"
      text run at (0,12698) width 60: "\x{E1A}\x{E49}\x{E32}\x{E19}"
      text run at (0,12712) width 75: "\x{E17}\x{E33}\x{E43}\x{E2B}\x{E49}"
      text run at (0,12726) width 60: "\x{E1A}\x{E49}\x{E32}\x{E19}"
      text run at (0,12740) width 45: "\x{E25}\x{E2D}\x{E22}"
      text run at (0,12754) width 45: "\x{E2A}\x{E39}\x{E07}"
      text run at (0,12768) width 75: "\x{E02}\x{E36}\x{E49}\x{E19}\x{E46}"
      text run at (0,12782) width 30: "\x{E08}\x{E19}"
      text run at (0,12796) width 105: "\x{E01}\x{E23}\x{E30}\x{E17}\x{E31}\x{E48}\x{E07}"
      text run at (0,12810) width 60: "\x{E02}\x{E36}\x{E49}\x{E19}"
      text run at (0,12824) width 30: "\x{E44}\x{E1B}"
      text run at (0,12838) width 60: "\x{E2D}\x{E22}\x{E39}\x{E48}"
      text run at (0,12852) width 45: "\x{E2A}\x{E38}\x{E14}"
      text run at (0,12866) width 45: "\x{E22}\x{E2D}\x{E14}"
      text run at (0,12880) width 45: "\x{E02}\x{E2D}\x{E07}"
      text run at (0,12894) width 60: "\x{E1E}\x{E32}\x{E22}\x{E38}"
      text run at (0,12908) width 90: "\x{E44}\x{E0B}\x{E42}\x{E04}\x{E25}\x{E19}"
      text run at (0,12922) width 45: "\x{E41}\x{E25}\x{E30}"
      text run at (0,12936) width 45: "\x{E08}\x{E32}\x{E01}"
      text run at (0,12950) width 45: "\x{E15}\x{E23}\x{E07}"
      text run at (0,12964) width 60: "\x{E19}\x{E31}\x{E49}\x{E19}"
      text run at (0,12978) width 30: "\x{E01}\x{E47}"
      text run at (0,12992) width 45: "\x{E16}\x{E39}\x{E01}"
      text run at (0,13006) width 45: "\x{E2B}\x{E2D}\x{E1A}"
      text run at (0,13020) width 30: "\x{E44}\x{E1B}"
      text run at (0,13034) width 60: "\x{E2B}\x{E25}\x{E32}\x{E22}"
      text run at (0,13048) width 60: "\x{E44}\x{E21}\x{E25}\x{E4C}"
      text run at (0,13062) width 105: "\x{E07}\x{E48}\x{E32}\x{E22}\x{E14}\x{E32}\x{E22}"
      text run at (0,13076) width 90: "\x{E23}\x{E32}\x{E27}\x{E01}\x{E31}\x{E1A}"
      text run at (0,13090) width 45: "\x{E2B}\x{E2D}\x{E1A}"
      text run at (0,13104) width 30: "\x{E02}\x{E19}"
      text run at (0,13118) width 30: "\x{E19}\x{E01}"
      text run at (0,13132) width 45: "\x{E21}\x{E37}\x{E14}"
      text run at (0,13146) width 45: "\x{E21}\x{E32}\x{E01}"
      text run at (0,13160) width 60: "\x{E41}\x{E25}\x{E49}\x{E27}"
      text run at (0,13174) width 30: "\x{E25}\x{E21}"
      text run at (0,13188) width 45: "\x{E22}\x{E31}\x{E07}"
      text run at (0,13202) width 45: "\x{E2A}\x{E48}\x{E07}"
      text run at (0,13216) width 75: "\x{E40}\x{E2A}\x{E35}\x{E22}\x{E07}"
      text run at (0,13230) width 60: "\x{E2B}\x{E27}\x{E35}\x{E14}"
      text run at (0,13244) width 60: "\x{E2B}\x{E27}\x{E37}\x{E2D}"
      text run at (0,13258) width 45: "\x{E19}\x{E48}\x{E32}"
      text run at (0,13272) width 60: "\x{E01}\x{E25}\x{E31}\x{E27}"
      text run at (0,13286) width 60: "\x{E2D}\x{E22}\x{E39}\x{E48}"
      text run at (0,13300) width 45: "\x{E23}\x{E2D}\x{E1A}"
      text run at (0,13314) width 45: "\x{E15}\x{E31}\x{E27}"
      text run at (0,13328) width 45: "\x{E40}\x{E18}\x{E2D}"
      text run at (0,13342) width 45: "\x{E41}\x{E15}\x{E48}"
      text run at (0,13356) width 30: "\x{E42}\x{E14}"
      text run at (0,13370) width 60: "\x{E42}\x{E23}\x{E18}\x{E35}"
      text run at (0,13384) width 60: "\x{E40}\x{E2B}\x{E47}\x{E19}"
      text run at (0,13398) width 45: "\x{E27}\x{E48}\x{E32}"
      text run at (0,13412) width 45: "\x{E40}\x{E18}\x{E2D}"
      text run at (0,13426) width 90: "\x{E2A}\x{E32}\x{E21}\x{E32}\x{E23}\x{E16}"
      text run at (0,13440) width 60: "\x{E19}\x{E31}\x{E48}\x{E07}"
      text run at (0,13454) width 30: "\x{E44}\x{E1B}"
      text run at (0,13468) width 45: "\x{E44}\x{E14}\x{E49}"
      text run at (0,13482) width 75: "\x{E2D}\x{E22}\x{E48}\x{E32}\x{E07}"
      text run at (0,13496) width 105: "\x{E07}\x{E48}\x{E32}\x{E22}\x{E14}\x{E32}\x{E22}"
      text run at (0,13510) width 45: "\x{E19}\x{E31}\x{E01}"
      text run at (0,13524) width 75: "\x{E04}\x{E23}\x{E31}\x{E49}\x{E07}"
      text run at (0,13538) width 75: "\x{E2B}\x{E19}\x{E36}\x{E48}\x{E07}"
      text run at (0,13552) width 60: "\x{E2B}\x{E25}\x{E31}\x{E07}"
      text run at (0,13566) width 45: "\x{E08}\x{E32}\x{E01}"
      text run at (0,13580) width 45: "\x{E17}\x{E35}\x{E48}"
      text run at (0,13594) width 60: "\x{E1A}\x{E49}\x{E32}\x{E19}"
      text run at (0,13608) width 75: "\x{E2A}\x{E30}\x{E14}\x{E38}\x{E14}"
      text run at (0,13622) width 75: "\x{E2D}\x{E22}\x{E48}\x{E32}\x{E07}"
      text run at (0,13636) width 45: "\x{E41}\x{E23}\x{E07}"
      text run at (0,13650) width 45: "\x{E41}\x{E25}\x{E30}"
      text run at (0,13664) width 60: "\x{E2B}\x{E21}\x{E38}\x{E19}"
      text run at (0,13678) width 30: "\x{E44}\x{E1B}"
      text run at (0,13692) width 60: "\x{E23}\x{E2D}\x{E1A}\x{E46}"
      text run at (0,13706) width 45: "\x{E2A}\x{E2D}\x{E07}"
      text run at (0,13720) width 45: "\x{E2A}\x{E32}\x{E21}"
      text run at (0,13734) width 75: "\x{E04}\x{E23}\x{E31}\x{E49}\x{E07}"
      text run at (0,13748) width 30: "\x{E43}\x{E19}"
      text run at (0,13762) width 45: "\x{E15}\x{E2D}\x{E19}"
      text run at (0,13776) width 45: "\x{E41}\x{E23}\x{E01}"
      text run at (0,13790) width 45: "\x{E40}\x{E18}\x{E2D}"
      text run at (0,13804) width 30: "\x{E01}\x{E47}"
      text run at (0,13818) width 90: "\x{E23}\x{E39}\x{E49}\x{E2A}\x{E36}\x{E01}"
      text run at (0,13832) width 45: "\x{E27}\x{E48}\x{E32}"
      text run at (0,13846) width 45: "\x{E15}\x{E31}\x{E27}"
      text run at (0,13860) width 45: "\x{E40}\x{E2D}\x{E07}"
      text run at (0,13874) width 45: "\x{E16}\x{E39}\x{E01}"
      text run at (0,13888) width 75: "\x{E41}\x{E01}\x{E27}\x{E48}\x{E07}"
      text run at (0,13902) width 75: "\x{E2D}\x{E22}\x{E48}\x{E32}\x{E07}"
      text run at (0,13916) width 60: "\x{E41}\x{E1C}\x{E48}\x{E27}"
      text run at (0,13930) width 45: "\x{E40}\x{E1A}\x{E32}"
      text run at (0,13944) width 45: "\x{E23}\x{E32}\x{E27}"
      text run at (0,13958) width 60: "\x{E17}\x{E32}\x{E23}\x{E01}"
      text run at (0,13972) width 30: "\x{E43}\x{E19}"
      text run at (0,13986) width 45: "\x{E40}\x{E1B}\x{E25}"
      text run at (0,14000) width 30: "\x{E42}\x{E15}"
      text run at (0,14014) width 45: "\x{E42}\x{E15}\x{E49}"
      text run at (0,14028) width 45: "\x{E44}\x{E21}\x{E48}"
      text run at (0,14042) width 75: "\x{E0A}\x{E2D}\x{E1A}\x{E43}\x{E08}"
      text run at (0,14056) width 45: "\x{E40}\x{E25}\x{E22}"
      text run at (0,14070) width 45: "\x{E21}\x{E31}\x{E19}"
      text run at (0,14084) width 60: "\x{E27}\x{E34}\x{E48}\x{E07}"
      text run at (0,14098) width 30: "\x{E44}\x{E1B}"
      text run at (0,14112) width 60: "\x{E27}\x{E34}\x{E48}\x{E07}"
      text run at (0,14126) width 45: "\x{E21}\x{E32}\x{E23}"
      text run at (0,14140) width 30: "\x{E2D}\x{E1A}"
      text run at (0,14154) width 60: "\x{E2B}\x{E49}\x{E2D}\x{E07}"
      text run at (0,14168) width 45: "\x{E17}\x{E32}\x{E07}"
      text run at (0,14182) width 60: "\x{E42}\x{E19}\x{E49}\x{E19}"
      text run at (0,14196) width 30: "\x{E17}\x{E35}"
      text run at (0,14210) width 45: "\x{E17}\x{E32}\x{E07}"
      text run at (0,14224) width 45: "\x{E19}\x{E35}\x{E49}"
      text run at (0,14238) width 30: "\x{E17}\x{E35}"
      text run at (0,14252) width 45: "\x{E2A}\x{E48}\x{E07}"
      text run at (0,14266) width 75: "\x{E40}\x{E2A}\x{E35}\x{E22}\x{E07}"
      text run at (0,14280) width 60: "\x{E40}\x{E2B}\x{E48}\x{E32}"
      text run at (0,14294) width 45: "\x{E14}\x{E31}\x{E07}"
      text run at (0,14308) width 60: "\x{E01}\x{E49}\x{E2D}\x{E07}"
      text run at (0,14322) width 45: "\x{E41}\x{E15}\x{E48}"
      text run at (0,14336) width 30: "\x{E42}\x{E14}"
      text run at (0,14350) width 60: "\x{E42}\x{E23}\x{E18}\x{E35}"
      text run at (0,14364) width 60: "\x{E19}\x{E31}\x{E48}\x{E07}"
      text run at (0,14378) width 60: "\x{E19}\x{E34}\x{E48}\x{E07}"
      text run at (0,14392) width 60: "\x{E2D}\x{E22}\x{E39}\x{E48}"
      text run at (0,14406) width 30: "\x{E1A}\x{E19}"
      text run at (0,14420) width 60: "\x{E1E}\x{E37}\x{E49}\x{E19}"
      text run at (0,14434) width 60: "\x{E40}\x{E1D}\x{E49}\x{E32}"
      text run at (0,14448) width 45: "\x{E04}\x{E2D}\x{E22}"
      text run at (0,14462) width 30: "\x{E14}\x{E39}"
      text run at (0,14476) width 45: "\x{E27}\x{E48}\x{E32}"
      text run at (0,14490) width 30: "\x{E08}\x{E30}"
      text run at (0,14504) width 60: "\x{E40}\x{E01}\x{E34}\x{E14}"
      text run at (0,14518) width 60: "\x{E2D}\x{E30}\x{E44}\x{E23}"
      text run at (0,14532) width 60: "\x{E02}\x{E36}\x{E49}\x{E19}"
      text run at (0,14546) width 75: "\x{E04}\x{E23}\x{E31}\x{E49}\x{E07}"
      text run at (0,14560) width 75: "\x{E2B}\x{E19}\x{E36}\x{E48}\x{E07}"
      text run at (0,14574) width 30: "\x{E42}\x{E15}"
      text run at (0,14588) width 45: "\x{E42}\x{E15}\x{E49}"
      text run at (0,14602) width 90: "\x{E40}\x{E02}\x{E49}\x{E32}\x{E44}\x{E1B}"
      text run at (0,14616) width 60: "\x{E43}\x{E01}\x{E25}\x{E49}"
      text run at (0,14630) width 30: "\x{E1D}\x{E32}"
      text run at (0,14644) width 45: "\x{E17}\x{E35}\x{E48}"
      text run at (0,14658) width 60: "\x{E1E}\x{E37}\x{E49}\x{E19}"
      text run at (0,14672) width 45: "\x{E21}\x{E32}\x{E01}"
      text run at (0,14686) width 30: "\x{E44}\x{E1B}"
      text run at (0,14700) width 45: "\x{E40}\x{E25}\x{E22}"
      text run at (0,14714) width 60: "\x{E1E}\x{E25}\x{E31}\x{E14}"
      text run at (0,14728) width 60: "\x{E15}\x{E01}\x{E25}\x{E07}"
      text run at (0,14742) width 30: "\x{E44}\x{E1B}"
      text run at (0,14756) width 30: "\x{E17}\x{E35}"
      text run at (0,14770) width 45: "\x{E41}\x{E23}\x{E01}"
      text run at (0,14784) width 60: "\x{E40}\x{E14}\x{E47}\x{E01}"
      text run at (0,14798) width 60: "\x{E2B}\x{E0D}\x{E34}\x{E07}"
      text run at (0,14812) width 45: "\x{E04}\x{E34}\x{E14}"
      text run at (0,14826) width 45: "\x{E27}\x{E48}\x{E32}"
      text run at (0,14840) width 45: "\x{E40}\x{E18}\x{E2D}"
      text run at (0,14854) width 30: "\x{E08}\x{E30}"
      text run at (0,14868) width 45: "\x{E2A}\x{E39}\x{E0D}"
      text run at (0,14882) width 60: "\x{E40}\x{E2A}\x{E35}\x{E22}"
      text run at (0,14896) width 45: "\x{E21}\x{E31}\x{E19}"
      text run at (0,14910) width 30: "\x{E44}\x{E1B}"
      text run at (0,14924) width 60: "\x{E40}\x{E2A}\x{E35}\x{E22}"
      text run at (0,14938) width 60: "\x{E41}\x{E25}\x{E49}\x{E27}"
      text run at (0,14952) width 45: "\x{E41}\x{E15}\x{E48}"
      text run at (0,14966) width 60: "\x{E0A}\x{E31}\x{E48}\x{E27}"
      text run at (0,14980) width 60: "\x{E04}\x{E23}\x{E39}\x{E48}"
      text run at (0,14994) width 45: "\x{E40}\x{E18}\x{E2D}"
      text run at (0,15008) width 30: "\x{E01}\x{E47}"
      text run at (0,15022) width 60: "\x{E40}\x{E2B}\x{E47}\x{E19}"
      text run at (0,15036) width 30: "\x{E2B}\x{E39}"
      text run at (0,15050) width 45: "\x{E02}\x{E2D}\x{E07}"
      text run at (0,15064) width 45: "\x{E21}\x{E31}\x{E19}"
      text run at (0,15078) width 60: "\x{E42}\x{E1C}\x{E25}\x{E48}"
      text run at (0,15092) width 60: "\x{E02}\x{E36}\x{E49}\x{E19}"
      text run at (0,15106) width 30: "\x{E21}\x{E32}"
      text run at (0,15120) width 45: "\x{E08}\x{E32}\x{E01}"
      text run at (0,15134) width 60: "\x{E0A}\x{E48}\x{E2D}\x{E07}"
      text run at (0,15148) width 60: "\x{E19}\x{E31}\x{E49}\x{E19}"
      text run at (0,15162) width 105: "\x{E17}\x{E31}\x{E49}\x{E07}\x{E19}\x{E35}\x{E49}"
      text run at (0,15176) width 75: "\x{E40}\x{E1E}\x{E23}\x{E32}\x{E30}"
      text run at (0,15190) width 45: "\x{E41}\x{E23}\x{E07}"
      text run at (0,15204) width 30: "\x{E01}\x{E14}"
      text run at (0,15218) width 75: "\x{E2D}\x{E22}\x{E48}\x{E32}\x{E07}"
      text run at (0,15232) width 60: "\x{E2B}\x{E19}\x{E31}\x{E01}"
      text run at (0,15246) width 45: "\x{E02}\x{E2D}\x{E07}"
      text run at (0,15260) width 75: "\x{E2D}\x{E32}\x{E01}\x{E32}\x{E28}"
      text run at (0,15274) width 75: "\x{E17}\x{E33}\x{E43}\x{E2B}\x{E49}"
      text run at (0,15288) width 30: "\x{E42}\x{E15}"
      text run at (0,15302) width 45: "\x{E42}\x{E15}\x{E49}"
      text run at (0,15316) width 45: "\x{E44}\x{E21}\x{E48}"
      text run at (0,15330) width 60: "\x{E15}\x{E01}\x{E25}\x{E07}"
      text run at (0,15344) width 30: "\x{E44}\x{E1B}"
      text run at (0,15358) width 60: "\x{E02}\x{E49}\x{E32}\x{E07}"
      text run at (0,15372) width 60: "\x{E25}\x{E48}\x{E32}\x{E07}"
      text run at (0,15386) width 30: "\x{E42}\x{E14}"
      text run at (0,15400) width 60: "\x{E42}\x{E23}\x{E18}\x{E35}"
      text run at (0,15414) width 60: "\x{E04}\x{E25}\x{E32}\x{E19}"
      text run at (0,15428) width 30: "\x{E44}\x{E1B}"
      text run at (0,15442) width 45: "\x{E17}\x{E35}\x{E48}"
      text run at (0,15456) width 60: "\x{E0A}\x{E48}\x{E2D}\x{E07}"
      text run at (0,15470) width 60: "\x{E19}\x{E31}\x{E49}\x{E19}"
      text run at (0,15484) width 45: "\x{E08}\x{E31}\x{E1A}"
      text run at (0,15498) width 30: "\x{E2B}\x{E39}"
      text run at (0,15512) width 30: "\x{E42}\x{E15}"
      text run at (0,15526) width 45: "\x{E42}\x{E15}\x{E49}"
      text run at (0,15540) width 45: "\x{E44}\x{E27}\x{E49}"
      text run at (0,15554) width 45: "\x{E44}\x{E14}\x{E49}"
      text run at (0,15568) width 45: "\x{E41}\x{E25}\x{E30}"
      text run at (0,15582) width 45: "\x{E25}\x{E32}\x{E01}"
      text run at (0,15596) width 45: "\x{E21}\x{E31}\x{E19}"
      text run at (0,15610) width 30: "\x{E21}\x{E32}"
      text run at (0,15624) width 45: "\x{E17}\x{E35}\x{E48}"
      text run at (0,15638) width 60: "\x{E2B}\x{E49}\x{E2D}\x{E07}"
      text run at (0,15652) width 45: "\x{E2D}\x{E35}\x{E01}"
      text run at (0,15666) width 60: "\x{E2B}\x{E25}\x{E31}\x{E07}"
      text run at (0,15680) width 45: "\x{E08}\x{E32}\x{E01}"
      text run at (0,15694) width 60: "\x{E19}\x{E31}\x{E49}\x{E19}"
      text run at (0,15708) width 30: "\x{E01}\x{E47}"
      text run at (0,15722) width 45: "\x{E1B}\x{E34}\x{E14}"
      text run at (0,15736) width 30: "\x{E1D}\x{E32}"
      text run at (0,15750) width 60: "\x{E1E}\x{E37}\x{E49}\x{E19}"
      text run at (0,15764) width 75: "\x{E40}\x{E1E}\x{E37}\x{E48}\x{E2D}"
      text run at (0,15778) width 30: "\x{E08}\x{E30}"
      text run at (0,15792) width 45: "\x{E44}\x{E14}\x{E49}"
      text run at (0,15806) width 45: "\x{E44}\x{E21}\x{E48}"
      text run at (0,15820) width 60: "\x{E40}\x{E01}\x{E34}\x{E14}"
      text run at (0,15834) width 150: "\x{E2D}\x{E38}\x{E1A}\x{E31}\x{E15}\x{E34}\x{E40}\x{E2B}\x{E15}\x{E38}"
      text run at (0,15848) width 45: "\x{E2D}\x{E35}\x{E01}"
      text run at (0,15862) width 105: "\x{E0A}\x{E31}\x{E48}\x{E27}\x{E42}\x{E21}\x{E07}"
      text run at (0,15876) width 60: "\x{E41}\x{E25}\x{E49}\x{E27}"
      text run at (0,15890) width 105: "\x{E0A}\x{E31}\x{E48}\x{E27}\x{E42}\x{E21}\x{E07}"
      text run at (0,15904) width 60: "\x{E40}\x{E25}\x{E48}\x{E32}"
      text run at (0,15918) width 60: "\x{E1C}\x{E48}\x{E32}\x{E19}"
      text run at (0,15932) width 30: "\x{E44}\x{E1B}"
      text run at (0,15946) width 30: "\x{E42}\x{E14}"
      text run at (0,15960) width 60: "\x{E42}\x{E23}\x{E18}\x{E35}"
      text run at (0,15974) width 75: "\x{E04}\x{E48}\x{E2D}\x{E22}\x{E46}"
      text run at (0,15988) width 45: "\x{E2B}\x{E32}\x{E22}"
      text run at (0,16002) width 60: "\x{E01}\x{E25}\x{E31}\x{E27}"
      text run at (0,16016) width 45: "\x{E41}\x{E15}\x{E48}"
      text run at (0,16030) width 45: "\x{E40}\x{E18}\x{E2D}"
      text run at (0,16044) width 90: "\x{E23}\x{E39}\x{E49}\x{E2A}\x{E36}\x{E01}"
      text run at (0,16058) width 60: "\x{E40}\x{E2B}\x{E07}\x{E32}"
      text run at (0,16072) width 75: "\x{E40}\x{E2B}\x{E25}\x{E37}\x{E2D}"
      text run at (0,16086) width 60: "\x{E40}\x{E01}\x{E34}\x{E19}"
      text run at (0,16100) width 45: "\x{E41}\x{E25}\x{E30}"
      text run at (0,16114) width 30: "\x{E25}\x{E21}"
      text run at (0,16128) width 30: "\x{E01}\x{E47}"
      text run at (0,16142) width 45: "\x{E2A}\x{E48}\x{E07}"
      text run at (0,16156) width 75: "\x{E40}\x{E2A}\x{E35}\x{E22}\x{E07}"
      text run at (0,16170) width 60: "\x{E2B}\x{E27}\x{E35}\x{E14}"
      text run at (0,16184) width 60: "\x{E2B}\x{E27}\x{E37}\x{E2D}"
      text run at (0,16198) width 45: "\x{E14}\x{E31}\x{E07}"
      text run at (0,16212) width 60: "\x{E40}\x{E2A}\x{E35}\x{E22}"
      text run at (0,16226) width 30: "\x{E08}\x{E19}"
      text run at (0,16240) width 45: "\x{E40}\x{E18}\x{E2D}"
      text run at (0,16254) width 45: "\x{E41}\x{E17}\x{E1A}"
      text run at (0,16268) width 30: "\x{E08}\x{E30}"
      text run at (0,16282) width 30: "\x{E2B}\x{E39}"
      text run at (0,16296) width 60: "\x{E2B}\x{E19}\x{E27}\x{E01}"
      text run at (0,16310) width 30: "\x{E17}\x{E35}"
      text run at (0,16324) width 45: "\x{E41}\x{E23}\x{E01}"
      text run at (0,16338) width 45: "\x{E40}\x{E18}\x{E2D}"
      text run at (0,16352) width 75: "\x{E2A}\x{E07}\x{E2A}\x{E31}\x{E22}"
      text run at (0,16366) width 45: "\x{E27}\x{E48}\x{E32}"
      text run at (0,16380) width 60: "\x{E04}\x{E07}\x{E08}\x{E30}"
      text run at (0,16394) width 45: "\x{E16}\x{E39}\x{E01}"
      text run at (0,16408) width 45: "\x{E09}\x{E35}\x{E01}"
      text run at (0,16422) width 90: "\x{E01}\x{E23}\x{E30}\x{E0A}\x{E32}\x{E01}"
      text run at (0,16436) width 45: "\x{E2D}\x{E2D}\x{E01}"
      text run at (0,16450) width 60: "\x{E40}\x{E1B}\x{E47}\x{E19}"
      text run at (0,16464) width 60: "\x{E0A}\x{E34}\x{E49}\x{E19}"
      text run at (0,16478) width 60: "\x{E40}\x{E25}\x{E47}\x{E01}"
      text run at (0,16492) width 60: "\x{E0A}\x{E34}\x{E49}\x{E19}"
      text run at (0,16506) width 60: "\x{E19}\x{E49}\x{E2D}\x{E22}"
      text run at (0,16520) width 75: "\x{E40}\x{E21}\x{E37}\x{E48}\x{E2D}"
      text run at (0,16534) width 60: "\x{E1A}\x{E49}\x{E32}\x{E19}"
      text run at (0,16548) width 45: "\x{E40}\x{E2D}\x{E19}"
      text run at (0,16562) width 45: "\x{E25}\x{E49}\x{E21}"
      text run at (0,16576) width 30: "\x{E25}\x{E07}"
      text run at (0,16590) width 45: "\x{E2D}\x{E35}\x{E01}"
      text run at (0,16604) width 75: "\x{E04}\x{E23}\x{E31}\x{E49}\x{E07}"
      text run at (0,16618) width 45: "\x{E41}\x{E15}\x{E48}"
      text run at (0,16632) width 60: "\x{E2B}\x{E25}\x{E32}\x{E22}"
      text run at (0,16646) width 105: "\x{E0A}\x{E31}\x{E48}\x{E27}\x{E42}\x{E21}\x{E07}"
      text run at (0,16660) width 60: "\x{E1C}\x{E48}\x{E32}\x{E19}"
      text run at (0,16674) width 30: "\x{E44}\x{E1B}"
      text run at (0,16688) width 30: "\x{E01}\x{E47}"
      text run at (0,16702) width 75: "\x{E44}\x{E21}\x{E48}\x{E21}\x{E35}"
      text run at (0,16716) width 60: "\x{E2D}\x{E30}\x{E44}\x{E23}"
      text run at (0,16730) width 60: "\x{E40}\x{E01}\x{E34}\x{E14}"
      text run at (0,16744) width 60: "\x{E02}\x{E36}\x{E49}\x{E19}"
      text run at (0,16758) width 45: "\x{E40}\x{E18}\x{E2D}"
      text run at (0,16772) width 45: "\x{E40}\x{E25}\x{E22}"
      text run at (0,16786) width 60: "\x{E40}\x{E25}\x{E34}\x{E01}"
      text run at (0,16800) width 60: "\x{E27}\x{E34}\x{E15}\x{E01}"
      text run at (0,16814) width 45: "\x{E41}\x{E25}\x{E30}"
      text run at (0,16828) width 90: "\x{E15}\x{E31}\x{E14}\x{E2A}\x{E34}\x{E19}"
      text run at (0,16842) width 30: "\x{E43}\x{E08}"
      text run at (0,16856) width 45: "\x{E04}\x{E2D}\x{E22}"
      text run at (0,16870) width 30: "\x{E14}\x{E39}"
      text run at (0,16884) width 75: "\x{E2D}\x{E22}\x{E48}\x{E32}\x{E07}"
      text run at (0,16898) width 45: "\x{E2A}\x{E07}\x{E1A}"
      text run at (0,16912) width 45: "\x{E41}\x{E25}\x{E30}"
      text run at (0,16926) width 30: "\x{E23}\x{E2D}"
      text run at (0,16940) width 45: "\x{E27}\x{E48}\x{E32}"
      text run at (0,16954) width 75: "\x{E2D}\x{E19}\x{E32}\x{E04}\x{E15}"
      text run at (0,16968) width 30: "\x{E08}\x{E30}"
      text run at (0,16982) width 60: "\x{E40}\x{E1B}\x{E47}\x{E19}"
      text run at (0,16996) width 105: "\x{E2D}\x{E22}\x{E48}\x{E32}\x{E07}\x{E44}\x{E23}"
      text run at (0,17010) width 30: "\x{E43}\x{E19}"
      text run at (0,17024) width 90: "\x{E17}\x{E35}\x{E48}\x{E2A}\x{E38}\x{E14}"
      text run at (0,17038) width 45: "\x{E40}\x{E18}\x{E2D}"
      text run at (0,17052) width 60: "\x{E04}\x{E25}\x{E32}\x{E19}"
      text run at (0,17066) width 45: "\x{E08}\x{E32}\x{E01}"
      text run at (0,17080) width 60: "\x{E1E}\x{E37}\x{E49}\x{E19}"
      text run at (0,17094) width 60: "\x{E2B}\x{E49}\x{E2D}\x{E07}"
      text run at (0,17108) width 45: "\x{E17}\x{E35}\x{E48}"
      text run at (0,17122) width 45: "\x{E42}\x{E22}\x{E01}"
      text run at (0,17136) width 30: "\x{E44}\x{E1B}"
      text run at (0,17150) width 30: "\x{E21}\x{E32}"
      text run at (0,17164) width 60: "\x{E02}\x{E36}\x{E49}\x{E19}"
      text run at (0,17178) width 30: "\x{E44}\x{E1B}"
      text run at (0,17192) width 30: "\x{E1A}\x{E19}"
      text run at (0,17206) width 75: "\x{E40}\x{E15}\x{E35}\x{E22}\x{E07}"
      text run at (0,17220) width 60: "\x{E41}\x{E25}\x{E49}\x{E27}"
      text run at (0,17234) width 30: "\x{E01}\x{E47}"
      text run at (0,17248) width 45: "\x{E19}\x{E2D}\x{E19}"
      text run at (0,17262) width 30: "\x{E25}\x{E07}"
      text run at (0,17276) width 30: "\x{E42}\x{E15}"
      text run at (0,17290) width 45: "\x{E42}\x{E15}\x{E49}"
      text run at (0,17304) width 45: "\x{E15}\x{E32}\x{E21}"
      text run at (0,17318) width 45: "\x{E15}\x{E34}\x{E14}"
      text run at (0,17332) width 30: "\x{E21}\x{E32}"
      text run at (0,17346) width 45: "\x{E19}\x{E2D}\x{E19}"
      text run at (0,17360) width 30: "\x{E25}\x{E07}"
      text run at (0,17374) width 75: "\x{E43}\x{E01}\x{E25}\x{E49}\x{E46}"
      text run at (0,17388) width 45: "\x{E40}\x{E18}\x{E2D}"
      text run at (0,17402) width 45: "\x{E44}\x{E21}\x{E48}"
      text run at (0,17416) width 45: "\x{E0A}\x{E49}\x{E32}"
      text run at (0,17430) width 30: "\x{E42}\x{E14}"
      text run at (0,17444) width 60: "\x{E42}\x{E23}\x{E18}\x{E35}"
      text run at (0,17458) width 30: "\x{E01}\x{E47}"
      text run at (0,17472) width 45: "\x{E1B}\x{E34}\x{E14}"
      text run at (0,17486) width 30: "\x{E15}\x{E32}"
      text run at (0,17500) width 30: "\x{E25}\x{E07}"
      text run at (0,17514) width 60: "\x{E2B}\x{E25}\x{E31}\x{E1A}"
      text run at (0,17528) width 75: "\x{E1C}\x{E25}\x{E47}\x{E2D}\x{E22}"
      text run at (0,17542) width 30: "\x{E44}\x{E1B}"
      text run at (0,17556) width 75: "\x{E2D}\x{E22}\x{E48}\x{E32}\x{E07}"
      text run at (0,17570) width 60: "\x{E2A}\x{E19}\x{E34}\x{E17}"
      text run at (0,17584) width 75: "\x{E17}\x{E31}\x{E49}\x{E07}\x{E46}"
      text run at (0,17598) width 45: "\x{E17}\x{E35}\x{E48}"
      text run at (0,17612) width 60: "\x{E1A}\x{E49}\x{E32}\x{E19}"
      text run at (0,17626) width 45: "\x{E42}\x{E22}\x{E01}"
      text run at (0,17640) width 30: "\x{E44}\x{E1B}"
      text run at (0,17654) width 30: "\x{E21}\x{E32}"
      text run at (0,17668) width 45: "\x{E41}\x{E25}\x{E30}"
      text run at (0,17682) width 30: "\x{E25}\x{E21}"
      text run at (0,17696) width 30: "\x{E01}\x{E47}"
      text run at (0,17710) width 60: "\x{E04}\x{E23}\x{E32}\x{E07}"
      text run at (0,17724) width 60: "\x{E2B}\x{E27}\x{E35}\x{E14}"
      text run at (0,17738) width 60: "\x{E2B}\x{E27}\x{E37}\x{E2D}"
layer at (480,62) size 1x18690
  RenderBlock (positioned) {DIV} at (480,62) size 1x18690
    RenderText {#text} at (0,0) size 150x18690
      text run at (0,0) width 30: "\x{E1A}\x{E17}"
      text run at (0,14) width 45: "\x{E17}\x{E35}\x{E48}"
      text run at (0,28) width 15: "\x{E51}"
      text run at (0,42) width 60: "\x{E1E}\x{E32}\x{E22}\x{E38}"
      text run at (0,56) width 90: "\x{E44}\x{E0B}\x{E42}\x{E04}\x{E25}\x{E19}"
      text run at (0,70) width 30: "\x{E42}\x{E14}"
      text run at (0,84) width 60: "\x{E42}\x{E23}\x{E18}\x{E35}"
      text run at (0,98) width 75: "\x{E2D}\x{E32}\x{E28}\x{E31}\x{E22}"
      text run at (0,112) width 60: "\x{E2D}\x{E22}\x{E39}\x{E48}"
      text run at (0,126) width 45: "\x{E17}\x{E48}\x{E32}"
      text run at (0,140) width 15: "\x{E21}"
      text run at (0,154) width 60: "\x{E01}\x{E25}\x{E32}\x{E07}"
      text run at (0,168) width 60: "\x{E17}\x{E38}\x{E48}\x{E07}"
      text run at (0,182) width 60: "\x{E43}\x{E2B}\x{E0D}\x{E48}"
      text run at (0,196) width 30: "\x{E43}\x{E19}"
      text run at (0,210) width 90: "\x{E41}\x{E04}\x{E19}\x{E0B}\x{E31}\x{E2A}"
      text run at (0,224) width 45: "\x{E01}\x{E31}\x{E1A}"
      text run at (0,238) width 45: "\x{E25}\x{E38}\x{E07}"
      text run at (0,252) width 30: "\x{E40}\x{E2E}"
      text run at (0,266) width 45: "\x{E19}\x{E23}\x{E35}"
      text run at (0,280) width 45: "\x{E0A}\x{E32}\x{E27}"
      text run at (0,294) width 45: "\x{E44}\x{E23}\x{E48}"
      text run at (0,308) width 45: "\x{E41}\x{E25}\x{E30}"
      text run at (0,322) width 45: "\x{E1B}\x{E49}\x{E32}"
      text run at (0,336) width 60: "\x{E40}\x{E2D}\x{E47}\x{E21}"
      text run at (0,350) width 75: "\x{E20}\x{E23}\x{E23}\x{E22}\x{E32}"
      text run at (0,364) width 90: "\x{E0A}\x{E32}\x{E27}\x{E44}\x{E23}\x{E48}"
      text run at (0,378) width 60: "\x{E1A}\x{E49}\x{E32}\x{E19}"
      text run at (0,392) width 45: "\x{E02}\x{E2D}\x{E07}"
      text run at (0,406) width 45: "\x{E1E}\x{E27}\x{E01}"
      text run at (0,420) width 45: "\x{E40}\x{E02}\x{E32}"
      text run at (0,434) width 60: "\x{E2B}\x{E25}\x{E31}\x{E07}"
      text run at (0,448) width 60: "\x{E40}\x{E25}\x{E47}\x{E01}"
      text run at (0,462) width 75: "\x{E40}\x{E1E}\x{E23}\x{E32}\x{E30}"
      text run at (0,476) width 45: "\x{E44}\x{E21}\x{E49}"
      text run at (0,490) width 75: "\x{E2A}\x{E23}\x{E49}\x{E32}\x{E07}"
      text run at (0,504) width 60: "\x{E1A}\x{E49}\x{E32}\x{E19}"
      text run at (0,518) width 60: "\x{E15}\x{E49}\x{E2D}\x{E07}"
      text run at (0,532) width 30: "\x{E02}\x{E19}"
      text run at (0,546) width 30: "\x{E21}\x{E32}"
      text run at (0,560) width 60: "\x{E14}\x{E49}\x{E27}\x{E22}"
      text run at (0,574) width 90: "\x{E40}\x{E01}\x{E27}\x{E35}\x{E22}\x{E19}"
      text run at (0,588) width 60: "\x{E40}\x{E1B}\x{E47}\x{E19}"
      text run at (0,602) width 60: "\x{E23}\x{E30}\x{E22}\x{E30}"
      text run at (0,616) width 45: "\x{E17}\x{E32}\x{E07}"
      text run at (0,630) width 60: "\x{E2B}\x{E25}\x{E32}\x{E22}"
      text run at (0,644) width 60: "\x{E44}\x{E21}\x{E25}\x{E4C}"
      text run at (0,658) width 60: "\x{E1A}\x{E49}\x{E32}\x{E19}"
      text run at (0,672) width 30: "\x{E21}\x{E35}"
      text run at (0,686) width 45: "\x{E2A}\x{E35}\x{E48}"
      text run at (0,700) width 30: "\x{E1D}\x{E32}"
      text run at (0,714) width 30: "\x{E21}\x{E35}"
      text run at (0,728) width 60: "\x{E1E}\x{E37}\x{E49}\x{E19}"
      text run at (0,742) width 45: "\x{E01}\x{E31}\x{E1A}"
      text run at (0,756) width 90: "\x{E2B}\x{E25}\x{E31}\x{E07}\x{E04}\x{E32}"
      text run at (0,770) width 45: "\x{E23}\x{E27}\x{E21}"
      text run at (0,784) width 30: "\x{E17}\x{E33}"
      text run at (0,798) width 60: "\x{E40}\x{E1B}\x{E47}\x{E19}"
      text run at (0,812) width 60: "\x{E2B}\x{E49}\x{E2D}\x{E07}"
      text run at (0,826) width 75: "\x{E40}\x{E14}\x{E35}\x{E22}\x{E27}"
      text run at (0,840) width 30: "\x{E43}\x{E19}"
      text run at (0,854) width 60: "\x{E2B}\x{E49}\x{E2D}\x{E07}"
      text run at (0,868) width 30: "\x{E21}\x{E35}"
      text run at (0,882) width 60: "\x{E17}\x{E31}\x{E49}\x{E07}"
      text run at (0,896) width 45: "\x{E40}\x{E15}\x{E32}"
      text run at (0,910) width 45: "\x{E2B}\x{E38}\x{E07}"
      text run at (0,924) width 45: "\x{E15}\x{E49}\x{E21}"
      text run at (0,938) width 45: "\x{E17}\x{E35}\x{E48}"
      text run at (0,952) width 60: "\x{E2A}\x{E19}\x{E34}\x{E21}"
      text run at (0,966) width 30: "\x{E14}\x{E39}"
      text run at (0,980) width 60: "\x{E02}\x{E36}\x{E49}\x{E19}"
      text run at (0,994) width 60: "\x{E40}\x{E25}\x{E2D}\x{E30}"
      text run at (0,1008) width 30: "\x{E21}\x{E35}"
      text run at (0,1022) width 45: "\x{E15}\x{E39}\x{E49}"
      text run at (0,1036) width 45: "\x{E43}\x{E2A}\x{E48}"
      text run at (0,1050) width 60: "\x{E16}\x{E49}\x{E27}\x{E22}"
      text run at (0,1064) width 45: "\x{E0A}\x{E32}\x{E21}"
      text run at (0,1078) width 60: "\x{E42}\x{E15}\x{E4A}\x{E30}"
      text run at (0,1092) width 105: "\x{E40}\x{E01}\x{E49}\x{E32}\x{E2D}\x{E35}\x{E49}"
      text run at (0,1106) width 45: "\x{E2A}\x{E32}\x{E21}"
      text run at (0,1120) width 60: "\x{E2B}\x{E23}\x{E37}\x{E2D}"
      text run at (0,1134) width 45: "\x{E2A}\x{E35}\x{E48}"
      text run at (0,1148) width 45: "\x{E15}\x{E31}\x{E27}"
      text run at (0,1162) width 60: "\x{E41}\x{E25}\x{E49}\x{E27}"
      text run at (0,1176) width 30: "\x{E01}\x{E47}"
      text run at (0,1190) width 30: "\x{E21}\x{E35}"
      text run at (0,1204) width 75: "\x{E40}\x{E15}\x{E35}\x{E22}\x{E07}"
      text run at (0,1218) width 45: "\x{E19}\x{E2D}\x{E19}"
      text run at (0,1232) width 45: "\x{E25}\x{E38}\x{E07}"
      text run at (0,1246) width 30: "\x{E40}\x{E2E}"
      text run at (0,1260) width 45: "\x{E19}\x{E23}\x{E35}"
      text run at (0,1274) width 45: "\x{E01}\x{E31}\x{E1A}"
      text run at (0,1288) width 45: "\x{E1B}\x{E49}\x{E32}"
      text run at (0,1302) width 60: "\x{E40}\x{E2D}\x{E47}\x{E21}"
      text run at (0,1316) width 30: "\x{E21}\x{E35}"
      text run at (0,1330) width 75: "\x{E40}\x{E15}\x{E35}\x{E22}\x{E07}"
      text run at (0,1344) width 45: "\x{E19}\x{E2D}\x{E19}"
      text run at (0,1358) width 60: "\x{E43}\x{E2B}\x{E0D}\x{E48}"
      text run at (0,1372) width 60: "\x{E2D}\x{E22}\x{E39}\x{E48}"
      text run at (0,1386) width 45: "\x{E17}\x{E35}\x{E48}"
      text run at (0,1400) width 45: "\x{E21}\x{E38}\x{E21}"
      text run at (0,1414) width 75: "\x{E2B}\x{E19}\x{E36}\x{E48}\x{E07}"
      text run at (0,1428) width 60: "\x{E2A}\x{E48}\x{E27}\x{E19}"
      text run at (0,1442) width 30: "\x{E42}\x{E14}"
      text run at (0,1456) width 60: "\x{E42}\x{E23}\x{E18}\x{E35}"
      text run at (0,1470) width 30: "\x{E21}\x{E35}"
      text run at (0,1484) width 75: "\x{E40}\x{E15}\x{E35}\x{E22}\x{E07}"
      text run at (0,1498) width 60: "\x{E40}\x{E25}\x{E47}\x{E01}"
      text run at (0,1512) width 45: "\x{E2D}\x{E35}\x{E01}"
      text run at (0,1526) width 45: "\x{E17}\x{E35}\x{E48}"
      text run at (0,1540) width 45: "\x{E21}\x{E38}\x{E21}"
      text run at (0,1554) width 75: "\x{E2B}\x{E19}\x{E36}\x{E48}\x{E07}"
      text run at (0,1568) width 45: "\x{E44}\x{E21}\x{E48}"
      text run at (0,1582) width 30: "\x{E21}\x{E35}"
      text run at (0,1596) width 60: "\x{E2B}\x{E49}\x{E2D}\x{E07}"
      text run at (0,1610) width 45: "\x{E43}\x{E15}\x{E49}"
      text run at (0,1624) width 75: "\x{E40}\x{E1E}\x{E14}\x{E32}\x{E19}"
      text run at (0,1638) width 45: "\x{E40}\x{E25}\x{E22}"
      text run at (0,1652) width 60: "\x{E2B}\x{E49}\x{E2D}\x{E07}"
      text run at (0,1666) width 90: "\x{E43}\x{E15}\x{E49}\x{E16}\x{E38}\x{E19}"
      text run at (0,1680) width 30: "\x{E01}\x{E47}"
      text run at (0,1694) width 45: "\x{E44}\x{E21}\x{E48}"
      text run at (0,1708) width 30: "\x{E21}\x{E35}"
      text run at (0,1722) width 60: "\x{E40}\x{E27}\x{E49}\x{E19}"
      text run at (0,1736) width 45: "\x{E41}\x{E15}\x{E48}"
      text run at (0,1750) width 30: "\x{E21}\x{E35}"
      text run at (0,1764) width 60: "\x{E42}\x{E1E}\x{E23}\x{E07}"
      text run at (0,1778) width 75: "\x{E40}\x{E25}\x{E47}\x{E01}\x{E46}"
      text run at (0,1792) width 45: "\x{E17}\x{E35}\x{E48}"
      text run at (0,1806) width 45: "\x{E02}\x{E38}\x{E14}"
      text run at (0,1820) width 30: "\x{E44}\x{E1B}"
      text run at (0,1834) width 45: "\x{E43}\x{E15}\x{E49}"
      text run at (0,1848) width 60: "\x{E1E}\x{E37}\x{E49}\x{E19}"
      text run at (0,1862) width 75: "\x{E40}\x{E23}\x{E35}\x{E22}\x{E01}"
      text run at (0,1876) width 45: "\x{E27}\x{E48}\x{E32}"
      text run at (0,1890) width 5: "\""
      text run at (0,1904) width 60: "\x{E42}\x{E1E}\x{E23}\x{E07}"
      text run at (0,1918) width 90: "\x{E44}\x{E0B}\x{E42}\x{E04}\x{E25}\x{E19}"
      text run at (0,1932) width 5: "\""
      text run at (0,1946) width 60: "\x{E40}\x{E1B}\x{E47}\x{E19}"
      text run at (0,1960) width 45: "\x{E17}\x{E35}\x{E48}"
      text run at (0,1974) width 120: "\x{E04}\x{E23}\x{E2D}\x{E1A}\x{E04}\x{E23}\x{E31}\x{E27}"
      text run at (0,1988) width 45: "\x{E19}\x{E35}\x{E49}"
      text run at (0,2002) width 30: "\x{E08}\x{E30}"
      text run at (0,2016) width 45: "\x{E21}\x{E38}\x{E14}"
      text run at (0,2030) width 60: "\x{E40}\x{E02}\x{E49}\x{E32}"
      text run at (0,2044) width 30: "\x{E44}\x{E1B}"
      text run at (0,2058) width 75: "\x{E40}\x{E21}\x{E37}\x{E48}\x{E2D}"
      text run at (0,2072) width 60: "\x{E40}\x{E01}\x{E34}\x{E14}"
      text run at (0,2086) width 30: "\x{E25}\x{E21}"
      text run at (0,2100) width 45: "\x{E21}\x{E2B}\x{E32}"
      text run at (0,2114) width 45: "\x{E20}\x{E31}\x{E22}"
      text run at (0,2128) width 60: "\x{E0B}\x{E36}\x{E48}\x{E07}"
      text run at (0,2142) width 90: "\x{E01}\x{E23}\x{E30}\x{E42}\x{E0A}\x{E01}"
      text run at (0,2156) width 45: "\x{E41}\x{E23}\x{E07}"
      text run at (0,2170) width 30: "\x{E08}\x{E19}"
      text run at (0,2184) width 30: "\x{E1A}\x{E14}"
      text run at (0,2198) width 60: "\x{E02}\x{E22}\x{E35}\x{E49}"
      text run at (0,2212) width 60: "\x{E2A}\x{E34}\x{E48}\x{E07}"
      text run at (0,2226) width 45: "\x{E01}\x{E48}\x{E2D}"
      text run at (0,2240) width 75: "\x{E2A}\x{E23}\x{E49}\x{E32}\x{E07}"
      text run at (0,2254) width 30: "\x{E43}\x{E14}"
      text run at (0,2268) width 15: "\x{E46}"
      text run at (0,2282) width 45: "\x{E17}\x{E35}\x{E48}"
      text run at (0,2296) width 60: "\x{E02}\x{E27}\x{E32}\x{E07}"
      text run at (0,2310) width 45: "\x{E17}\x{E32}\x{E07}"
      text run at (0,2324) width 45: "\x{E21}\x{E31}\x{E19}"
      text run at (0,2338) width 45: "\x{E44}\x{E14}\x{E49}"
      text run at (0,2352) width 45: "\x{E15}\x{E23}\x{E07}"
      text run at (0,2366) width 60: "\x{E01}\x{E25}\x{E32}\x{E07}"
      text run at (0,2380) width 60: "\x{E1E}\x{E37}\x{E49}\x{E19}"
      text run at (0,2394) width 30: "\x{E21}\x{E35}"
      text run at (0,2408) width 30: "\x{E1D}\x{E32}"
      text run at (0,2422) width 60: "\x{E40}\x{E1B}\x{E34}\x{E14}"
      text run at (0,2436) width 60: "\x{E40}\x{E02}\x{E49}\x{E32}"
      text run at (0,2450) width 30: "\x{E44}\x{E1B}"
      text run at (0,2464) width 45: "\x{E08}\x{E32}\x{E01}"
      text run at (0,2478) width 60: "\x{E19}\x{E31}\x{E49}\x{E19}"
      text run at (0,2492) width 30: "\x{E21}\x{E35}"
      text run at (0,2506) width 75: "\x{E1A}\x{E31}\x{E19}\x{E44}\x{E14}"
      text run at (0,2520) width 30: "\x{E25}\x{E07}"
      text run at (0,2534) width 30: "\x{E44}\x{E1B}"
      text run at (0,2548) width 45: "\x{E16}\x{E36}\x{E07}"
      text run at (0,2562) width 60: "\x{E42}\x{E1E}\x{E23}\x{E07}"
      text run at (0,2576) width 45: "\x{E21}\x{E37}\x{E14}"
      text run at (0,2590) width 60: "\x{E40}\x{E25}\x{E47}\x{E01}"
      text run at (0,2604) width 15: "\x{E46}"
      text run at (0,2618) width 75: "\x{E40}\x{E21}\x{E37}\x{E48}\x{E2D}"
      text run at (0,2632) width 30: "\x{E42}\x{E14}"
      text run at (0,2646) width 60: "\x{E42}\x{E23}\x{E18}\x{E35}"
      text run at (0,2660) width 45: "\x{E22}\x{E37}\x{E19}"
      text run at (0,2674) width 45: "\x{E17}\x{E35}\x{E48}"
      text run at (0,2688) width 45: "\x{E1B}\x{E32}\x{E01}"
      text run at (0,2702) width 75: "\x{E1B}\x{E23}\x{E30}\x{E15}\x{E39}"
      text run at (0,2716) width 45: "\x{E41}\x{E25}\x{E30}"
      text run at (0,2730) width 45: "\x{E21}\x{E2D}\x{E07}"
      text run at (0,2744) width 30: "\x{E44}\x{E1B}"
      text run at (0,2758) width 45: "\x{E23}\x{E2D}\x{E1A}"
      text run at (0,2772) width 15: "\x{E46}"
      text run at (0,2786) width 45: "\x{E40}\x{E18}\x{E2D}"
      text run at (0,2800) width 45: "\x{E44}\x{E21}\x{E48}"
      text run at (0,2814) width 60: "\x{E40}\x{E2B}\x{E47}\x{E19}"
      text run at (0,2828) width 60: "\x{E2D}\x{E30}\x{E44}\x{E23}"
      text run at (0,2842) width 45: "\x{E19}\x{E2D}\x{E01}"
      text run at (0,2856) width 45: "\x{E08}\x{E32}\x{E01}"
      text run at (0,2870) width 60: "\x{E17}\x{E49}\x{E2D}\x{E07}"
      text run at (0,2884) width 60: "\x{E17}\x{E38}\x{E48}\x{E07}"
      text run at (0,2898) width 75: "\x{E01}\x{E27}\x{E49}\x{E32}\x{E07}"
      text run at (0,2912) width 30: "\x{E2A}\x{E35}"
      text run at (0,2926) width 45: "\x{E40}\x{E17}\x{E32}"
      text run at (0,2940) width 60: "\x{E2B}\x{E21}\x{E48}\x{E19}"
      text run at (0,2954) width 60: "\x{E17}\x{E31}\x{E48}\x{E27}"
      text run at (0,2968) width 45: "\x{E17}\x{E38}\x{E01}"
      text run at (0,2982) width 60: "\x{E14}\x{E49}\x{E32}\x{E19}"
      text run at (0,2996) width 45: "\x{E44}\x{E21}\x{E48}"
      text run at (0,3010) width 30: "\x{E21}\x{E35}"
      text run at (0,3024) width 45: "\x{E41}\x{E21}\x{E49}"
      text run at (0,3038) width 90: "\x{E15}\x{E49}\x{E19}\x{E44}\x{E21}\x{E49}"
      text run at (0,3052) width 45: "\x{E2A}\x{E31}\x{E01}"
      text run at (0,3066) width 45: "\x{E15}\x{E49}\x{E19}"
      text run at (0,3080) width 60: "\x{E2B}\x{E23}\x{E37}\x{E2D}"
      text run at (0,3094) width 60: "\x{E1A}\x{E49}\x{E32}\x{E19}"
      text run at (0,3108) width 45: "\x{E2A}\x{E31}\x{E01}"
      text run at (0,3122) width 60: "\x{E2B}\x{E25}\x{E31}\x{E07}"
      text run at (0,3136) width 45: "\x{E17}\x{E35}\x{E48}"
      text run at (0,3150) width 60: "\x{E42}\x{E1C}\x{E25}\x{E48}"
      text run at (0,3164) width 45: "\x{E1E}\x{E49}\x{E19}"
      text run at (0,3178) width 60: "\x{E20}\x{E39}\x{E21}\x{E34}"
      text run at (0,3192) width 90: "\x{E1B}\x{E23}\x{E30}\x{E40}\x{E17}\x{E28}"
      text run at (0,3206) width 45: "\x{E2D}\x{E31}\x{E19}"
      text run at (0,3220) width 45: "\x{E23}\x{E32}\x{E1A}"
      text run at (0,3234) width 75: "\x{E40}\x{E23}\x{E35}\x{E22}\x{E1A}"
      text run at (0,3248) width 45: "\x{E41}\x{E1C}\x{E48}"
      text run at (0,3262) width 30: "\x{E44}\x{E1B}"
      text run at (0,3276) width 45: "\x{E44}\x{E01}\x{E25}"
      text run at (0,3290) width 30: "\x{E08}\x{E19}"
      text run at (0,3304) width 30: "\x{E08}\x{E14}"
      text run at (0,3318) width 45: "\x{E02}\x{E2D}\x{E1A}"
      text run at (0,3332) width 45: "\x{E1F}\x{E49}\x{E32}"
      text run at (0,3346) width 60: "\x{E17}\x{E31}\x{E48}\x{E27}"
      text run at (0,3360) width 45: "\x{E17}\x{E38}\x{E01}"
      text run at (0,3374) width 45: "\x{E17}\x{E34}\x{E28}"
      text run at (0,3388) width 45: "\x{E14}\x{E27}\x{E07}"
      text run at (0,3402) width 75: "\x{E15}\x{E30}\x{E27}\x{E31}\x{E19}"
      text run at (0,3416) width 45: "\x{E40}\x{E1C}\x{E32}"
      text run at (0,3430) width 45: "\x{E1C}\x{E37}\x{E19}"
      text run at (0,3444) width 45: "\x{E14}\x{E34}\x{E19}"
      text run at (0,3458) width 45: "\x{E17}\x{E35}\x{E48}"
      text run at (0,3472) width 30: "\x{E44}\x{E16}"
      text run at (0,3486) width 60: "\x{E41}\x{E25}\x{E49}\x{E27}"
      text run at (0,3500) width 30: "\x{E08}\x{E19}"
      text run at (0,3514) width 60: "\x{E01}\x{E25}\x{E32}\x{E22}"
      text run at (0,3528) width 60: "\x{E40}\x{E1B}\x{E47}\x{E19}"
      text run at (0,3542) width 60: "\x{E41}\x{E1C}\x{E48}\x{E19}"
      text run at (0,3556) width 75: "\x{E21}\x{E2B}\x{E36}\x{E21}\x{E32}"
      text run at (0,3570) width 30: "\x{E2A}\x{E35}"
      text run at (0,3584) width 30: "\x{E14}\x{E33}"
      text run at (0,3598) width 30: "\x{E21}\x{E35}"
      text run at (0,3612) width 45: "\x{E23}\x{E2D}\x{E22}"
      text run at (0,3626) width 45: "\x{E41}\x{E15}\x{E01}"
      text run at (0,3640) width 75: "\x{E23}\x{E30}\x{E41}\x{E2B}\x{E07}"
      text run at (0,3654) width 60: "\x{E2D}\x{E22}\x{E39}\x{E48}"
      text run at (0,3668) width 60: "\x{E15}\x{E25}\x{E2D}\x{E14}"
      text run at (0,3682) width 90: "\x{E41}\x{E21}\x{E49}\x{E41}\x{E15}\x{E48}"
      text run at (0,3696) width 60: "\x{E2B}\x{E0D}\x{E49}\x{E32}"
      text run at (0,3710) width 30: "\x{E01}\x{E47}"
      text run at (0,3724) width 45: "\x{E44}\x{E21}\x{E48}"
      text run at (0,3738) width 75: "\x{E40}\x{E02}\x{E35}\x{E22}\x{E27}"
      text run at (0,3752) width 75: "\x{E40}\x{E1E}\x{E23}\x{E32}\x{E30}"
      text run at (0,3766) width 45: "\x{E14}\x{E27}\x{E07}"
      text run at (0,3780) width 75: "\x{E15}\x{E30}\x{E27}\x{E31}\x{E19}"
      text run at (0,3794) width 45: "\x{E40}\x{E1C}\x{E32}"
      text run at (0,3808) width 45: "\x{E22}\x{E2D}\x{E14}"
      text run at (0,3822) width 30: "\x{E43}\x{E1A}"
      text run at (0,3836) width 45: "\x{E22}\x{E32}\x{E27}"
      text run at (0,3850) width 60: "\x{E40}\x{E2A}\x{E35}\x{E22}"
      text run at (0,3864) width 30: "\x{E08}\x{E19}"
      text run at (0,3878) width 60: "\x{E40}\x{E1B}\x{E47}\x{E19}"
      text run at (0,3892) width 30: "\x{E2A}\x{E35}"
      text run at (0,3906) width 45: "\x{E40}\x{E17}\x{E32}"
      text run at (0,3920) width 60: "\x{E2B}\x{E21}\x{E48}\x{E19}"
      text run at (0,3934) width 45: "\x{E21}\x{E2D}\x{E07}"
      text run at (0,3948) width 60: "\x{E40}\x{E2B}\x{E47}\x{E19}"
      text run at (0,3962) width 60: "\x{E2D}\x{E22}\x{E39}\x{E48}"
      text run at (0,3976) width 60: "\x{E17}\x{E31}\x{E48}\x{E27}"
      text run at (0,3990) width 30: "\x{E44}\x{E1B}"
      text run at (0,4004) width 75: "\x{E04}\x{E23}\x{E31}\x{E49}\x{E07}"
      text run at (0,4018) width 75: "\x{E2B}\x{E19}\x{E36}\x{E48}\x{E07}"
      text run at (0,4032) width 45: "\x{E40}\x{E04}\x{E22}"
      text run at (0,4046) width 30: "\x{E17}\x{E32}"
      text run at (0,4060) width 30: "\x{E2A}\x{E35}"
      text run at (0,4074) width 60: "\x{E1A}\x{E49}\x{E32}\x{E19}"
      text run at (0,4088) width 45: "\x{E40}\x{E2D}\x{E32}"
      text run at (0,4102) width 45: "\x{E44}\x{E27}\x{E49}"
      text run at (0,4116) width 45: "\x{E41}\x{E15}\x{E48}"
      text run at (0,4130) width 30: "\x{E01}\x{E47}"
      text run at (0,4144) width 45: "\x{E16}\x{E39}\x{E01}"
      text run at (0,4158) width 45: "\x{E14}\x{E27}\x{E07}"
      text run at (0,4172) width 75: "\x{E15}\x{E30}\x{E27}\x{E31}\x{E19}"
      text run at (0,4186) width 45: "\x{E40}\x{E1C}\x{E32}"
      text run at (0,4200) width 60: "\x{E40}\x{E2A}\x{E35}\x{E22}"
      text run at (0,4214) width 30: "\x{E08}\x{E19}"
      text run at (0,4228) width 30: "\x{E2A}\x{E35}"
      text run at (0,4242) width 45: "\x{E1E}\x{E2D}\x{E07}"
      text run at (0,4256) width 60: "\x{E41}\x{E25}\x{E49}\x{E27}"
      text run at (0,4270) width 30: "\x{E1D}\x{E19}"
      text run at (0,4284) width 30: "\x{E01}\x{E47}"
      text run at (0,4298) width 30: "\x{E0A}\x{E30}"
      text run at (0,4312) width 45: "\x{E21}\x{E31}\x{E19}"
      text run at (0,4326) width 60: "\x{E2B}\x{E25}\x{E38}\x{E14}"
      text run at (0,4340) width 30: "\x{E44}\x{E1B}"
      text run at (0,4354) width 30: "\x{E08}\x{E19}"
      text run at (0,4368) width 45: "\x{E2B}\x{E21}\x{E14}"
      text run at (0,4382) width 45: "\x{E41}\x{E25}\x{E30}"
      text run at (0,4396) width 45: "\x{E15}\x{E2D}\x{E19}"
      text run at (0,4410) width 45: "\x{E19}\x{E35}\x{E49}"
      text run at (0,4424) width 60: "\x{E1A}\x{E49}\x{E32}\x{E19}"
      text run at (0,4438) width 45: "\x{E08}\x{E36}\x{E07}"
      text run at (0,4452) width 30: "\x{E14}\x{E39}"
      text run at (0,4466) width 120: "\x{E2B}\x{E21}\x{E48}\x{E19}\x{E2B}\x{E21}\x{E2D}\x{E07}"
      text run at (0,4480) width 60: "\x{E40}\x{E1B}\x{E47}\x{E19}"
      text run at (0,4494) width 30: "\x{E2A}\x{E35}"
      text run at (0,4508) width 45: "\x{E40}\x{E17}\x{E32}"
      text run at (0,4522) width 90: "\x{E40}\x{E2B}\x{E21}\x{E37}\x{E2D}\x{E19}"
      text run at (0,4536) width 60: "\x{E2A}\x{E34}\x{E48}\x{E07}"
      text run at (0,4550) width 60: "\x{E2D}\x{E37}\x{E48}\x{E19}"
      text run at (0,4564) width 15: "\x{E46}"
      text run at (0,4578) width 60: "\x{E14}\x{E49}\x{E27}\x{E22}"
      text run at (0,4592) width 45: "\x{E15}\x{E2D}\x{E19}"
      text run at (0,4606) width 45: "\x{E17}\x{E35}\x{E48}"
      text run at (0,4620) width 45: "\x{E1B}\x{E49}\x{E32}"
      text run at (0,4634) width 60: "\x{E40}\x{E2D}\x{E47}\x{E21}"
      text run at (0,4648) width 60: "\x{E22}\x{E49}\x{E32}\x{E22}"
      text run at (0,4662) width 30: "\x{E21}\x{E32}"
      text run at (0,4676) width 60: "\x{E2D}\x{E22}\x{E39}\x{E48}"
      text run at (0,4690) width 45: "\x{E17}\x{E35}\x{E48}"
      text run at (0,4704) width 45: "\x{E19}\x{E35}\x{E48}"
      text run at (0,4718) width 45: "\x{E40}\x{E18}\x{E2D}"
      text run at (0,4732) width 45: "\x{E22}\x{E31}\x{E07}"
      text run at (0,4746) width 45: "\x{E2A}\x{E32}\x{E27}"
      text run at (0,4760) width 60: "\x{E40}\x{E1B}\x{E47}\x{E19}"
      text run at (0,4774) width 75: "\x{E20}\x{E23}\x{E23}\x{E22}\x{E32}"
      text run at (0,4788) width 45: "\x{E17}\x{E35}\x{E48}"
      text run at (0,4802) width 75: "\x{E07}\x{E14}\x{E07}\x{E32}\x{E21}"
      text run at (0,4816) width 60: "\x{E41}\x{E25}\x{E49}\x{E27}"
      text run at (0,4830) width 45: "\x{E41}\x{E14}\x{E14}"
      text run at (0,4844) width 45: "\x{E41}\x{E25}\x{E30}"
      text run at (0,4858) width 30: "\x{E25}\x{E21}"
      text run at (0,4872) width 30: "\x{E01}\x{E47}"
      text run at (0,4886) width 45: "\x{E44}\x{E14}\x{E49}"
      text run at (0,4900) width 105: "\x{E40}\x{E1B}\x{E25}\x{E35}\x{E48}\x{E22}\x{E19}"
      text run at (0,4914) width 45: "\x{E40}\x{E18}\x{E2D}"
      text run at (0,4928) width 30: "\x{E44}\x{E1B}"
      text run at (0,4942) width 45: "\x{E40}\x{E2D}\x{E32}"
      text run at (0,4956) width 90: "\x{E1B}\x{E23}\x{E30}\x{E01}\x{E32}\x{E22}"
      text run at (0,4970) width 30: "\x{E44}\x{E1B}"
      text run at (0,4984) width 45: "\x{E08}\x{E32}\x{E01}"
      text run at (0,4998) width 75: "\x{E14}\x{E27}\x{E07}\x{E15}\x{E32}"
      text run at (0,5012) width 45: "\x{E40}\x{E18}\x{E2D}"
      text run at (0,5026) width 75: "\x{E1B}\x{E25}\x{E48}\x{E2D}\x{E22}"
      text run at (0,5040) width 45: "\x{E44}\x{E27}\x{E49}"
      text run at (0,5054) width 45: "\x{E41}\x{E15}\x{E48}"
      text run at (0,5068) width 60: "\x{E04}\x{E27}\x{E32}\x{E21}"
      text run at (0,5082) width 75: "\x{E2A}\x{E38}\x{E02}\x{E38}\x{E21}"
      text run at (0,5096) width 75: "\x{E2D}\x{E22}\x{E48}\x{E32}\x{E07}"
      text run at (0,5110) width 120: "\x{E2B}\x{E21}\x{E48}\x{E19}\x{E2B}\x{E21}\x{E2D}\x{E07}"
      text run at (0,5124) width 45: "\x{E40}\x{E2D}\x{E32}"
      text run at (0,5138) width 30: "\x{E2A}\x{E35}"
      text run at (0,5152) width 45: "\x{E41}\x{E14}\x{E07}"
      text run at (0,5166) width 45: "\x{E08}\x{E32}\x{E01}"
      text run at (0,5180) width 60: "\x{E41}\x{E01}\x{E49}\x{E21}"
      text run at (0,5194) width 45: "\x{E41}\x{E25}\x{E30}"
      text run at (0,5208) width 45: "\x{E23}\x{E34}\x{E21}"
      text run at (0,5222) width 75: "\x{E1D}\x{E35}\x{E1B}\x{E32}\x{E01}"
      text run at (0,5236) width 45: "\x{E40}\x{E18}\x{E2D}"
      text run at (0,5250) width 30: "\x{E44}\x{E1B}"
      text run at (0,5264) width 60: "\x{E01}\x{E25}\x{E32}\x{E22}"
      text run at (0,5278) width 60: "\x{E40}\x{E1B}\x{E47}\x{E19}"
      text run at (0,5292) width 30: "\x{E2A}\x{E35}"
      text run at (0,5306) width 60: "\x{E2B}\x{E21}\x{E48}\x{E19}"
      text run at (0,5320) width 15: "\x{E46}"
      text run at (0,5334) width 90: "\x{E40}\x{E2B}\x{E21}\x{E37}\x{E2D}\x{E19}"
      text run at (0,5348) width 45: "\x{E01}\x{E31}\x{E19}"
      text run at (0,5362) width 45: "\x{E40}\x{E18}\x{E2D}"
      text run at (0,5376) width 45: "\x{E1C}\x{E2D}\x{E21}"
      text run at (0,5390) width 45: "\x{E41}\x{E25}\x{E30}"
      text run at (0,5404) width 60: "\x{E2B}\x{E25}\x{E31}\x{E07}"
      text run at (0,5418) width 60: "\x{E42}\x{E04}\x{E49}\x{E07}"
      text run at (0,5432) width 45: "\x{E41}\x{E25}\x{E30}"
      text run at (0,5446) width 90: "\x{E40}\x{E14}\x{E35}\x{E4B}\x{E22}\x{E27}"
      text run at (0,5460) width 45: "\x{E19}\x{E35}\x{E49}"
      text run at (0,5474) width 45: "\x{E44}\x{E21}\x{E48}"
      text run at (0,5488) width 45: "\x{E40}\x{E04}\x{E22}"
      text run at (0,5502) width 60: "\x{E22}\x{E34}\x{E49}\x{E21}"
      text run at (0,5516) width 45: "\x{E40}\x{E25}\x{E22}"
      text run at (0,5530) width 75: "\x{E40}\x{E21}\x{E37}\x{E48}\x{E2D}"
      text run at (0,5544) width 30: "\x{E42}\x{E14}"
      text run at (0,5558) width 60: "\x{E42}\x{E23}\x{E18}\x{E35}"
      text run at (0,5572) width 60: "\x{E0B}\x{E36}\x{E48}\x{E07}"
      text run at (0,5586) width 60: "\x{E40}\x{E1B}\x{E47}\x{E19}"
      text run at (0,5600) width 60: "\x{E40}\x{E14}\x{E47}\x{E01}"
      text run at (0,5614) width 90: "\x{E01}\x{E33}\x{E1E}\x{E23}\x{E49}\x{E32}"
      text run at (0,5628) width 30: "\x{E21}\x{E32}"
      text run at (0,5642) width 60: "\x{E2D}\x{E22}\x{E39}\x{E48}"
      text run at (0,5656) width 45: "\x{E01}\x{E31}\x{E1A}"
      text run at (0,5670) width 45: "\x{E40}\x{E18}\x{E2D}"
      text run at (0,5684) width 45: "\x{E15}\x{E2D}\x{E19}"
      text run at (0,5698) width 45: "\x{E41}\x{E23}\x{E01}"
      text run at (0,5712) width 45: "\x{E1B}\x{E49}\x{E32}"
      text run at (0,5726) width 60: "\x{E40}\x{E2D}\x{E47}\x{E21}"
      text run at (0,5740) width 60: "\x{E15}\x{E37}\x{E48}\x{E19}"
      text run at (0,5754) width 60: "\x{E40}\x{E15}\x{E49}\x{E19}"
      text run at (0,5768) width 45: "\x{E01}\x{E31}\x{E1A}"
      text run at (0,5782) width 75: "\x{E40}\x{E2A}\x{E35}\x{E22}\x{E07}"
      text run at (0,5796) width 105: "\x{E2B}\x{E31}\x{E27}\x{E40}\x{E23}\x{E32}\x{E30}"
      text run at (0,5810) width 45: "\x{E02}\x{E2D}\x{E07}"
      text run at (0,5824) width 60: "\x{E40}\x{E14}\x{E47}\x{E01}"
      text run at (0,5838) width 60: "\x{E19}\x{E49}\x{E2D}\x{E22}"
      text run at (0,5852) width 45: "\x{E21}\x{E32}\x{E01}"
      text run at (0,5866) width 45: "\x{E40}\x{E18}\x{E2D}"
      text run at (0,5880) width 30: "\x{E08}\x{E30}"
      text run at (0,5894) width 45: "\x{E2A}\x{E48}\x{E07}"
      text run at (0,5908) width 75: "\x{E40}\x{E2A}\x{E35}\x{E22}\x{E07}"
      text run at (0,5922) width 60: "\x{E23}\x{E49}\x{E2D}\x{E07}"
      text run at (0,5936) width 60: "\x{E41}\x{E25}\x{E49}\x{E27}"
      text run at (0,5950) width 45: "\x{E40}\x{E2D}\x{E32}"
      text run at (0,5964) width 45: "\x{E21}\x{E37}\x{E2D}"
      text run at (0,5978) width 45: "\x{E17}\x{E32}\x{E1A}"
      text run at (0,5992) width 30: "\x{E2D}\x{E01}"
      text run at (0,6006) width 45: "\x{E17}\x{E38}\x{E01}"
      text run at (0,6020) width 75: "\x{E04}\x{E23}\x{E31}\x{E49}\x{E07}"
      text run at (0,6034) width 45: "\x{E17}\x{E35}\x{E48}"
      text run at (0,6048) width 75: "\x{E40}\x{E2A}\x{E35}\x{E22}\x{E07}"
      text run at (0,6062) width 45: "\x{E2D}\x{E31}\x{E19}"
      text run at (0,6076) width 105: "\x{E23}\x{E48}\x{E32}\x{E40}\x{E23}\x{E34}\x{E07}"
      text run at (0,6090) width 45: "\x{E02}\x{E2D}\x{E07}"
      text run at (0,6104) width 30: "\x{E42}\x{E14}"
      text run at (0,6118) width 60: "\x{E42}\x{E23}\x{E18}\x{E35}"
      text run at (0,6132) width 60: "\x{E40}\x{E02}\x{E49}\x{E32}"
      text run at (0,6146) width 30: "\x{E2B}\x{E39}"
      text run at (0,6160) width 45: "\x{E40}\x{E18}\x{E2D}"
      text run at (0,6174) width 45: "\x{E41}\x{E25}\x{E30}"
      text run at (0,6188) width 45: "\x{E40}\x{E18}\x{E2D}"
      text run at (0,6202) width 60: "\x{E40}\x{E1D}\x{E49}\x{E32}"
      text run at (0,6216) width 45: "\x{E21}\x{E2D}\x{E07}"
      text run at (0,6230) width 60: "\x{E40}\x{E14}\x{E47}\x{E01}"
      text run at (0,6244) width 60: "\x{E2B}\x{E0D}\x{E34}\x{E07}"
      text run at (0,6258) width 60: "\x{E19}\x{E49}\x{E2D}\x{E22}"
      text run at (0,6272) width 15: "\x{E46}"
      text run at (0,6286) width 60: "\x{E14}\x{E49}\x{E27}\x{E22}"
      text run at (0,6300) width 60: "\x{E04}\x{E27}\x{E32}\x{E21}"
      text run at (0,6314) width 105: "\x{E1B}\x{E23}\x{E30}\x{E2B}\x{E25}\x{E32}\x{E14}"
      text run at (0,6328) width 30: "\x{E43}\x{E08}"
      text run at (0,6342) width 60: "\x{E14}\x{E49}\x{E27}\x{E22}"
      text run at (0,6356) width 45: "\x{E22}\x{E31}\x{E07}"
      text run at (0,6370) width 30: "\x{E2B}\x{E32}"
      text run at (0,6384) width 60: "\x{E2D}\x{E30}\x{E44}\x{E23}"
      text run at (0,6398) width 30: "\x{E21}\x{E32}"
      text run at (0,6412) width 60: "\x{E40}\x{E1B}\x{E47}\x{E19}"
      text run at (0,6426) width 90: "\x{E40}\x{E23}\x{E37}\x{E48}\x{E2D}\x{E07}"
      text run at (0,6440) width 105: "\x{E2B}\x{E31}\x{E27}\x{E40}\x{E23}\x{E32}\x{E30}"
      text run at (0,6454) width 45: "\x{E44}\x{E14}\x{E49}"
      text run at (0,6468) width 45: "\x{E25}\x{E38}\x{E07}"
      text run at (0,6482) width 30: "\x{E40}\x{E2E}"
      text run at (0,6496) width 45: "\x{E19}\x{E23}\x{E35}"
      text run at (0,6510) width 45: "\x{E44}\x{E21}\x{E48}"
      text run at (0,6524) width 45: "\x{E40}\x{E04}\x{E22}"
      text run at (0,6538) width 105: "\x{E2B}\x{E31}\x{E27}\x{E40}\x{E23}\x{E32}\x{E30}"
      text run at (0,6552) width 45: "\x{E25}\x{E38}\x{E07}"
      text run at (0,6566) width 75: "\x{E17}\x{E33}\x{E07}\x{E32}\x{E19}"
      text run at (0,6580) width 60: "\x{E2B}\x{E19}\x{E31}\x{E01}"
      text run at (0,6594) width 45: "\x{E08}\x{E32}\x{E01}"
      text run at (0,6608) width 60: "\x{E40}\x{E0A}\x{E49}\x{E32}"
      text run at (0,6622) width 45: "\x{E22}\x{E31}\x{E19}"
      text run at (0,6636) width 45: "\x{E04}\x{E48}\x{E33}"
      text run at (0,6650) width 45: "\x{E41}\x{E25}\x{E30}"
      text run at (0,6664) width 45: "\x{E44}\x{E21}\x{E48}"
      text run at (0,6678) width 45: "\x{E40}\x{E04}\x{E22}"
      text run at (0,6692) width 90: "\x{E23}\x{E39}\x{E49}\x{E08}\x{E31}\x{E01}"
      text run at (0,6706) width 45: "\x{E27}\x{E48}\x{E32}"
      text run at (0,6720) width 60: "\x{E04}\x{E27}\x{E32}\x{E21}"
      text run at (0,6734) width 105: "\x{E23}\x{E48}\x{E32}\x{E40}\x{E23}\x{E34}\x{E07}"
      text run at (0,6748) width 45: "\x{E04}\x{E37}\x{E2D}"
      text run at (0,6762) width 60: "\x{E2D}\x{E30}\x{E44}\x{E23}"
      text run at (0,6776) width 45: "\x{E25}\x{E38}\x{E07}"
      text run at (0,6790) width 30: "\x{E14}\x{E39}"
      text run at (0,6804) width 120: "\x{E2B}\x{E21}\x{E48}\x{E19}\x{E2B}\x{E21}\x{E2D}\x{E07}"
      text run at (0,6818) width 30: "\x{E44}\x{E1B}"
      text run at (0,6832) width 45: "\x{E2B}\x{E21}\x{E14}"
      text run at (0,6846) width 60: "\x{E15}\x{E31}\x{E49}\x{E07}"
      text run at (0,6860) width 45: "\x{E41}\x{E15}\x{E48}"
      text run at (0,6874) width 60: "\x{E40}\x{E04}\x{E23}\x{E32}"
      text run at (0,6888) width 45: "\x{E22}\x{E32}\x{E27}"
      text run at (0,6902) width 30: "\x{E08}\x{E19}"
      text run at (0,6916) width 30: "\x{E08}\x{E14}"
      text run at (0,6930) width 105: "\x{E23}\x{E2D}\x{E07}\x{E40}\x{E17}\x{E49}\x{E32}"
      text run at (0,6944) width 45: "\x{E1A}\x{E39}\x{E15}"
      text run at (0,6958) width 45: "\x{E2D}\x{E31}\x{E19}"
      text run at (0,6972) width 60: "\x{E2B}\x{E22}\x{E32}\x{E1A}"
      text run at (0,6986) width 60: "\x{E41}\x{E25}\x{E49}\x{E27}"
      text run at (0,7000) width 45: "\x{E25}\x{E38}\x{E07}"
      text run at (0,7014) width 30: "\x{E01}\x{E47}"
      text run at (0,7028) width 30: "\x{E14}\x{E39}"
      text run at (0,7042) width 135: "\x{E40}\x{E04}\x{E23}\x{E48}\x{E07}\x{E02}\x{E23}\x{E36}\x{E21}"
      text run at (0,7056) width 45: "\x{E19}\x{E48}\x{E32}"
      text run at (0,7070) width 60: "\x{E40}\x{E01}\x{E23}\x{E07}"
      text run at (0,7084) width 45: "\x{E02}\x{E32}\x{E21}"
      text run at (0,7098) width 45: "\x{E44}\x{E21}\x{E48}"
      text run at (0,7112) width 60: "\x{E04}\x{E48}\x{E2D}\x{E22}"
      text run at (0,7126) width 30: "\x{E08}\x{E30}"
      text run at (0,7140) width 45: "\x{E1E}\x{E39}\x{E14}"
      text run at (0,7154) width 30: "\x{E21}\x{E35}"
      text run at (0,7168) width 30: "\x{E42}\x{E15}"
      text run at (0,7182) width 45: "\x{E42}\x{E15}\x{E49}"
      text run at (0,7196) width 45: "\x{E17}\x{E35}\x{E48}"
      text run at (0,7210) width 30: "\x{E17}\x{E33}"
      text run at (0,7224) width 45: "\x{E43}\x{E2B}\x{E49}"
      text run at (0,7238) width 30: "\x{E42}\x{E14}"
      text run at (0,7252) width 60: "\x{E42}\x{E23}\x{E18}\x{E35}"
      text run at (0,7266) width 105: "\x{E2B}\x{E31}\x{E27}\x{E40}\x{E23}\x{E32}\x{E30}"
      text run at (0,7280) width 45: "\x{E44}\x{E14}\x{E49}"
      text run at (0,7294) width 45: "\x{E41}\x{E25}\x{E30}"
      text run at (0,7308) width 60: "\x{E0A}\x{E48}\x{E27}\x{E22}"
      text run at (0,7322) width 45: "\x{E40}\x{E18}\x{E2D}"
      text run at (0,7336) width 45: "\x{E43}\x{E2B}\x{E49}"
      text run at (0,7350) width 45: "\x{E1E}\x{E49}\x{E19}"
      text run at (0,7364) width 45: "\x{E08}\x{E32}\x{E01}"
      text run at (0,7378) width 45: "\x{E01}\x{E32}\x{E23}"
      text run at (0,7392) width 60: "\x{E01}\x{E25}\x{E32}\x{E22}"
      text run at (0,7406) width 60: "\x{E40}\x{E1B}\x{E47}\x{E19}"
      text run at (0,7420) width 30: "\x{E2A}\x{E35}"
      text run at (0,7434) width 45: "\x{E40}\x{E17}\x{E32}"
      text run at (0,7448) width 60: "\x{E2B}\x{E21}\x{E48}\x{E19}"
      text run at (0,7462) width 90: "\x{E40}\x{E2B}\x{E21}\x{E37}\x{E2D}\x{E19}"
      text run at (0,7476) width 45: "\x{E01}\x{E31}\x{E1A}"
      text run at (0,7490) width 60: "\x{E2A}\x{E34}\x{E48}\x{E07}"
      text run at (0,7504) width 45: "\x{E23}\x{E2D}\x{E1A}"
      text run at (0,7518) width 45: "\x{E15}\x{E31}\x{E27}"
      text run at (0,7532) width 60: "\x{E2D}\x{E37}\x{E48}\x{E19}"
      text run at (0,7546) width 15: "\x{E46}"
      text run at (0,7560) width 30: "\x{E42}\x{E15}"
      text run at (0,7574) width 45: "\x{E42}\x{E15}\x{E49}"
      text run at (0,7588) width 30: "\x{E2A}\x{E35}"
      text run at (0,7602) width 45: "\x{E44}\x{E21}\x{E48}"
      text run at (0,7616) width 45: "\x{E40}\x{E17}\x{E32}"
      text run at (0,7630) width 60: "\x{E2B}\x{E21}\x{E48}\x{E19}"
      text run at (0,7644) width 45: "\x{E41}\x{E15}\x{E48}"
      text run at (0,7658) width 45: "\x{E21}\x{E31}\x{E19}"
      text run at (0,7672) width 60: "\x{E40}\x{E1B}\x{E47}\x{E19}"
      text run at (0,7686) width 45: "\x{E2B}\x{E21}\x{E32}"
      text run at (0,7700) width 30: "\x{E2A}\x{E35}"
      text run at (0,7714) width 30: "\x{E14}\x{E33}"
      text run at (0,7728) width 45: "\x{E15}\x{E31}\x{E27}"
      text run at (0,7742) width 60: "\x{E19}\x{E49}\x{E2D}\x{E22}"
      text run at (0,7756) width 15: "\x{E46}"
      text run at (0,7770) width 30: "\x{E02}\x{E19}"
      text run at (0,7784) width 45: "\x{E22}\x{E32}\x{E27}"
      text run at (0,7798) width 45: "\x{E1B}\x{E38}\x{E22}"
      text run at (0,7812) width 45: "\x{E23}\x{E32}\x{E27}"
      text run at (0,7826) width 45: "\x{E01}\x{E31}\x{E1A}"
      text run at (0,7840) width 45: "\x{E44}\x{E2B}\x{E21}"
      text run at (0,7854) width 30: "\x{E21}\x{E35}"
      text run at (0,7868) width 30: "\x{E15}\x{E32}"
      text run at (0,7882) width 30: "\x{E14}\x{E33}"
      text run at (0,7896) width 60: "\x{E40}\x{E25}\x{E47}\x{E01}"
      text run at (0,7910) width 60: "\x{E40}\x{E1B}\x{E47}\x{E19}"
      text run at (0,7924) width 90: "\x{E1B}\x{E23}\x{E30}\x{E01}\x{E32}\x{E22}"
      text run at (0,7938) width 120: "\x{E23}\x{E37}\x{E48}\x{E19}\x{E40}\x{E23}\x{E34}\x{E07}"
      text run at (0,7952) width 60: "\x{E2D}\x{E22}\x{E39}\x{E48}"
      text run at (0,7966) width 45: "\x{E2A}\x{E2D}\x{E07}"
      text run at (0,7980) width 60: "\x{E02}\x{E49}\x{E32}\x{E07}"
      text run at (0,7994) width 60: "\x{E08}\x{E21}\x{E39}\x{E01}"
      text run at (0,8008) width 60: "\x{E40}\x{E25}\x{E47}\x{E01}"
      text run at (0,8022) width 45: "\x{E2D}\x{E31}\x{E19}"
      text run at (0,8036) width 45: "\x{E19}\x{E48}\x{E32}"
      text run at (0,8050) width 45: "\x{E02}\x{E31}\x{E19}"
      text run at (0,8064) width 45: "\x{E02}\x{E2D}\x{E07}"
      text run at (0,8078) width 45: "\x{E21}\x{E31}\x{E19}"
      text run at (0,8092) width 30: "\x{E42}\x{E15}"
      text run at (0,8106) width 45: "\x{E42}\x{E15}\x{E49}"
      text run at (0,8120) width 60: "\x{E40}\x{E25}\x{E48}\x{E19}"
      text run at (0,8134) width 60: "\x{E17}\x{E31}\x{E49}\x{E07}"
      text run at (0,8148) width 45: "\x{E27}\x{E31}\x{E19}"
      text run at (0,8162) width 45: "\x{E41}\x{E25}\x{E30}"
      text run at (0,8176) width 30: "\x{E42}\x{E14}"
      text run at (0,8190) width 60: "\x{E42}\x{E23}\x{E18}\x{E35}"
      text run at (0,8204) width 30: "\x{E01}\x{E47}"
      text run at (0,8218) width 60: "\x{E40}\x{E25}\x{E48}\x{E19}"
      text run at (0,8232) width 45: "\x{E01}\x{E31}\x{E1A}"
      text run at (0,8246) width 45: "\x{E21}\x{E31}\x{E19}"
      text run at (0,8260) width 45: "\x{E41}\x{E25}\x{E30}"
      text run at (0,8274) width 45: "\x{E23}\x{E31}\x{E01}"
      text run at (0,8288) width 45: "\x{E21}\x{E31}\x{E19}"
      text run at (0,8302) width 75: "\x{E40}\x{E2B}\x{E25}\x{E37}\x{E2D}"
      text run at (0,8316) width 60: "\x{E40}\x{E01}\x{E34}\x{E19}"
      text run at (0,8330) width 105: "\x{E2D}\x{E22}\x{E48}\x{E32}\x{E07}\x{E44}\x{E23}"
      text run at (0,8344) width 30: "\x{E01}\x{E47}"
      text run at (0,8358) width 45: "\x{E15}\x{E32}\x{E21}"
      text run at (0,8372) width 45: "\x{E27}\x{E31}\x{E19}"
      text run at (0,8386) width 45: "\x{E19}\x{E35}\x{E49}"
      text run at (0,8400) width 60: "\x{E17}\x{E31}\x{E49}\x{E07}"
      text run at (0,8414) width 45: "\x{E04}\x{E39}\x{E48}"
      text run at (0,8428) width 45: "\x{E44}\x{E21}\x{E48}"
      text run at (0,8442) width 45: "\x{E44}\x{E14}\x{E49}"
      text run at (0,8456) width 60: "\x{E40}\x{E25}\x{E48}\x{E19}"
      text run at (0,8470) width 45: "\x{E25}\x{E38}\x{E07}"
      text run at (0,8484) width 30: "\x{E40}\x{E2E}"
      text run at (0,8498) width 45: "\x{E19}\x{E23}\x{E35}"
      text run at (0,8512) width 60: "\x{E19}\x{E31}\x{E48}\x{E07}"
      text run at (0,8526) width 60: "\x{E2D}\x{E22}\x{E39}\x{E48}"
      text run at (0,8540) width 45: "\x{E17}\x{E35}\x{E48}"
      text run at (0,8554) width 75: "\x{E1A}\x{E31}\x{E19}\x{E44}\x{E14}"
      text run at (0,8568) width 75: "\x{E1B}\x{E23}\x{E30}\x{E15}\x{E39}"
      text run at (0,8582) width 45: "\x{E41}\x{E25}\x{E30}"
      text run at (0,8596) width 60: "\x{E40}\x{E1D}\x{E49}\x{E32}"
      text run at (0,8610) width 75: "\x{E01}\x{E31}\x{E07}\x{E27}\x{E25}"
      text run at (0,8624) width 60: "\x{E08}\x{E49}\x{E2D}\x{E07}"
      text run at (0,8638) width 30: "\x{E14}\x{E39}"
      text run at (0,8652) width 60: "\x{E17}\x{E49}\x{E2D}\x{E07}"
      text run at (0,8666) width 45: "\x{E1F}\x{E49}\x{E32}"
      text run at (0,8680) width 30: "\x{E2A}\x{E35}"
      text run at (0,8694) width 45: "\x{E40}\x{E17}\x{E32}"
      text run at (0,8708) width 60: "\x{E2B}\x{E21}\x{E48}\x{E19}"
      text run at (0,8722) width 45: "\x{E1C}\x{E34}\x{E14}"
      text run at (0,8736) width 60: "\x{E1B}\x{E01}\x{E15}\x{E34}"
      text run at (0,8750) width 30: "\x{E42}\x{E14}"
      text run at (0,8764) width 60: "\x{E42}\x{E23}\x{E18}\x{E35}"
      text run at (0,8778) width 45: "\x{E22}\x{E37}\x{E19}"
      text run at (0,8792) width 45: "\x{E17}\x{E35}\x{E48}"
      text run at (0,8806) width 75: "\x{E1B}\x{E23}\x{E30}\x{E15}\x{E39}"
      text run at (0,8820) width 45: "\x{E01}\x{E2D}\x{E14}"
      text run at (0,8834) width 30: "\x{E42}\x{E15}"
      text run at (0,8848) width 45: "\x{E42}\x{E15}\x{E49}"
      text run at (0,8862) width 45: "\x{E44}\x{E27}\x{E49}"
      text run at (0,8876) width 30: "\x{E43}\x{E19}"
      text run at (0,8890) width 60: "\x{E2D}\x{E49}\x{E2D}\x{E21}"
      text run at (0,8904) width 45: "\x{E41}\x{E02}\x{E19}"
      text run at (0,8918) width 45: "\x{E41}\x{E25}\x{E30}"
      text run at (0,8932) width 30: "\x{E01}\x{E47}"
      text run at (0,8946) width 45: "\x{E21}\x{E2D}\x{E07}"
      text run at (0,8960) width 30: "\x{E14}\x{E39}"
      text run at (0,8974) width 60: "\x{E17}\x{E49}\x{E2D}\x{E07}"
      text run at (0,8988) width 45: "\x{E1F}\x{E49}\x{E32}"
      text run at (0,9002) width 60: "\x{E2D}\x{E22}\x{E39}\x{E48}"
      text run at (0,9016) width 90: "\x{E40}\x{E2B}\x{E21}\x{E37}\x{E2D}\x{E19}"
      text run at (0,9030) width 45: "\x{E01}\x{E31}\x{E19}"
      text run at (0,9044) width 45: "\x{E1B}\x{E49}\x{E32}"
      text run at (0,9058) width 60: "\x{E40}\x{E2D}\x{E47}\x{E21}"
      text run at (0,9072) width 75: "\x{E01}\x{E33}\x{E25}\x{E31}\x{E07}"
      text run at (0,9086) width 60: "\x{E25}\x{E49}\x{E32}\x{E07}"
      text run at (0,9100) width 45: "\x{E0A}\x{E32}\x{E21}"
      text run at (0,9114) width 60: "\x{E2D}\x{E22}\x{E39}\x{E48}"
      text run at (0,9128) width 45: "\x{E08}\x{E32}\x{E01}"
      text run at (0,9142) width 60: "\x{E14}\x{E49}\x{E32}\x{E19}"
      text run at (0,9156) width 75: "\x{E40}\x{E2B}\x{E19}\x{E37}\x{E2D}"
      text run at (0,9170) width 45: "\x{E44}\x{E01}\x{E25}"
      text run at (0,9184) width 45: "\x{E2D}\x{E2D}\x{E01}"
      text run at (0,9198) width 30: "\x{E44}\x{E1B}"
      text run at (0,9212) width 30: "\x{E21}\x{E35}"
      text run at (0,9226) width 75: "\x{E40}\x{E2A}\x{E35}\x{E22}\x{E07}"
      text run at (0,9240) width 30: "\x{E25}\x{E21}"
      text run at (0,9254) width 60: "\x{E04}\x{E23}\x{E32}\x{E07}"
      text run at (0,9268) width 60: "\x{E41}\x{E1C}\x{E48}\x{E27}"
      text run at (0,9282) width 45: "\x{E40}\x{E1A}\x{E32}"
      text run at (0,9296) width 90: "\x{E44}\x{E14}\x{E49}\x{E22}\x{E34}\x{E19}"
      text run at (0,9310) width 30: "\x{E21}\x{E32}"
      text run at (0,9324) width 45: "\x{E25}\x{E38}\x{E07}"
      text run at (0,9338) width 30: "\x{E40}\x{E2E}"
      text run at (0,9352) width 45: "\x{E19}\x{E23}\x{E35}"
      text run at (0,9366) width 45: "\x{E41}\x{E25}\x{E30}"
      text run at (0,9380) width 30: "\x{E42}\x{E14}"
      text run at (0,9394) width 60: "\x{E42}\x{E23}\x{E18}\x{E35}"
      text run at (0,9408) width 60: "\x{E40}\x{E2B}\x{E47}\x{E19}"
      text run at (0,9422) width 45: "\x{E15}\x{E49}\x{E19}"
      text run at (0,9436) width 60: "\x{E2B}\x{E0D}\x{E49}\x{E32}"
      text run at (0,9450) width 45: "\x{E2A}\x{E39}\x{E07}"
      text run at (0,9464) width 45: "\x{E40}\x{E2D}\x{E19}"
      text run at (0,9478) width 60: "\x{E40}\x{E1B}\x{E47}\x{E19}"
      text run at (0,9492) width 75: "\x{E04}\x{E25}\x{E37}\x{E48}\x{E19}"
      text run at (0,9506) width 60: "\x{E01}\x{E48}\x{E2D}\x{E19}"
      text run at (0,9520) width 45: "\x{E17}\x{E35}\x{E48}"
      text run at (0,9534) width 60: "\x{E1E}\x{E32}\x{E22}\x{E38}"
      text run at (0,9548) width 30: "\x{E08}\x{E30}"
      text run at (0,9562) width 30: "\x{E21}\x{E32}"
      text run at (0,9576) width 45: "\x{E16}\x{E36}\x{E07}"
      text run at (0,9590) width 60: "\x{E41}\x{E25}\x{E49}\x{E27}"
      text run at (0,9604) width 30: "\x{E01}\x{E47}"
      text run at (0,9618) width 30: "\x{E21}\x{E35}"
      text run at (0,9632) width 75: "\x{E40}\x{E2A}\x{E35}\x{E22}\x{E07}"
      text run at (0,9646) width 60: "\x{E2B}\x{E27}\x{E35}\x{E14}"
      text run at (0,9660) width 60: "\x{E2B}\x{E27}\x{E34}\x{E27}"
      text run at (0,9674) width 90: "\x{E0A}\x{E31}\x{E14}\x{E40}\x{E08}\x{E19}"
      text run at (0,9688) width 30: "\x{E21}\x{E32}"
      text run at (0,9702) width 45: "\x{E08}\x{E32}\x{E01}"
      text run at (0,9716) width 120: "\x{E1A}\x{E23}\x{E23}\x{E22}\x{E32}\x{E01}\x{E32}\x{E28}"
      text run at (0,9730) width 45: "\x{E17}\x{E32}\x{E07}"
      text run at (0,9744) width 45: "\x{E43}\x{E15}\x{E49}"
      text run at (0,9758) width 45: "\x{E41}\x{E25}\x{E30}"
      text run at (0,9772) width 75: "\x{E40}\x{E21}\x{E37}\x{E48}\x{E2D}"
      text run at (0,9786) width 90: "\x{E40}\x{E2B}\x{E25}\x{E37}\x{E2D}\x{E1A}"
      text run at (0,9800) width 30: "\x{E15}\x{E32}"
      text run at (0,9814) width 30: "\x{E44}\x{E1B}"
      text run at (0,9828) width 45: "\x{E17}\x{E32}\x{E07}"
      text run at (0,9842) width 60: "\x{E14}\x{E49}\x{E32}\x{E19}"
      text run at (0,9856) width 60: "\x{E19}\x{E31}\x{E49}\x{E19}"
      text run at (0,9870) width 30: "\x{E01}\x{E47}"
      text run at (0,9884) width 60: "\x{E40}\x{E2B}\x{E47}\x{E19}"
      text run at (0,9898) width 75: "\x{E04}\x{E25}\x{E37}\x{E48}\x{E19}"
      text run at (0,9912) width 60: "\x{E2B}\x{E0D}\x{E49}\x{E32}"
      text run at (0,9926) width 30: "\x{E21}\x{E32}"
      text run at (0,9940) width 45: "\x{E17}\x{E32}\x{E07}"
      text run at (0,9954) width 60: "\x{E14}\x{E49}\x{E32}\x{E19}"
      text run at (0,9968) width 60: "\x{E19}\x{E31}\x{E49}\x{E19}"
      text run at (0,9982) width 60: "\x{E14}\x{E49}\x{E27}\x{E22}"
      text run at (0,9996) width 45: "\x{E25}\x{E38}\x{E07}"
      text run at (0,10010) width 30: "\x{E40}\x{E2E}"
      text run at (0,10024) width 45: "\x{E19}\x{E23}\x{E35}"
      text run at (0,10038) width 45: "\x{E1C}\x{E38}\x{E14}"
      text run at (0,10052) width 45: "\x{E25}\x{E38}\x{E01}"
      text run at (0,10066) width 60: "\x{E02}\x{E36}\x{E49}\x{E19}"
      text run at (0,10080) width 45: "\x{E17}\x{E31}\x{E19}"
      text run at (0,10094) width 30: "\x{E43}\x{E14}"
      text run at (0,10108) width 5: "\""
      text run at (0,10122) width 30: "\x{E25}\x{E21}"
      text run at (0,10136) width 90: "\x{E44}\x{E0B}\x{E42}\x{E04}\x{E25}\x{E19}"
      text run at (0,10150) width 30: "\x{E21}\x{E32}"
      text run at (0,10164) width 60: "\x{E40}\x{E2D}\x{E47}\x{E21}"
      text run at (0,10178) width 5: "\""
      text run at (0,10192) width 45: "\x{E25}\x{E38}\x{E07}"
      text run at (0,10206) width 60: "\x{E23}\x{E49}\x{E2D}\x{E07}"
      text run at (0,10220) width 45: "\x{E1A}\x{E2D}\x{E01}"
      text run at (0,10234) width 75: "\x{E20}\x{E23}\x{E23}\x{E22}\x{E32}"
      text run at (0,10248) width 5: "\""
      text run at (0,10262) width 45: "\x{E02}\x{E49}\x{E32}"
      text run at (0,10276) width 30: "\x{E08}\x{E30}"
      text run at (0,10290) width 30: "\x{E44}\x{E1B}"
      text run at (0,10304) width 30: "\x{E14}\x{E39}"
      text run at (0,10318) width 75: "\x{E2A}\x{E31}\x{E15}\x{E27}\x{E4C}"
      text run at (0,10332) width 90: "\x{E40}\x{E25}\x{E35}\x{E49}\x{E22}\x{E07}"
      text run at (0,10346) width 75: "\x{E2B}\x{E19}\x{E48}\x{E2D}\x{E22}"
      text run at (0,10360) width 5: "\""
      text run at (0,10374) width 60: "\x{E41}\x{E25}\x{E49}\x{E27}"
      text run at (0,10388) width 45: "\x{E25}\x{E38}\x{E07}"
      text run at (0,10402) width 30: "\x{E01}\x{E47}"
      text run at (0,10416) width 60: "\x{E27}\x{E34}\x{E48}\x{E07}"
      text run at (0,10430) width 30: "\x{E44}\x{E1B}"
      text run at (0,10444) width 45: "\x{E22}\x{E31}\x{E07}"
      text run at (0,10458) width 60: "\x{E40}\x{E1E}\x{E34}\x{E07}"
      text run at (0,10472) width 45: "\x{E17}\x{E35}\x{E48}"
      text run at (0,10486) width 45: "\x{E27}\x{E31}\x{E27}"
      text run at (0,10500) width 45: "\x{E41}\x{E25}\x{E30}"
      text run at (0,10514) width 45: "\x{E21}\x{E49}\x{E32}"
      text run at (0,10528) width 75: "\x{E2D}\x{E32}\x{E28}\x{E31}\x{E22}"
      text run at (0,10542) width 60: "\x{E2D}\x{E22}\x{E39}\x{E48}"
      text run at (0,10556) width 45: "\x{E1B}\x{E49}\x{E32}"
      text run at (0,10570) width 60: "\x{E40}\x{E2D}\x{E47}\x{E21}"
      text run at (0,10584) width 60: "\x{E2B}\x{E22}\x{E38}\x{E14}"
      text run at (0,10598) width 75: "\x{E17}\x{E33}\x{E07}\x{E32}\x{E19}"
      text run at (0,10612) width 45: "\x{E41}\x{E25}\x{E30}"
      text run at (0,10626) width 30: "\x{E21}\x{E32}"
      text run at (0,10640) width 45: "\x{E17}\x{E35}\x{E48}"
      text run at (0,10654) width 75: "\x{E1B}\x{E23}\x{E30}\x{E15}\x{E39}"
      text run at (0,10668) width 75: "\x{E40}\x{E1E}\x{E35}\x{E22}\x{E07}"
      text run at (0,10682) width 75: "\x{E0A}\x{E32}\x{E22}\x{E15}\x{E32}"
      text run at (0,10696) width 45: "\x{E21}\x{E2D}\x{E07}"
      text run at (0,10710) width 45: "\x{E1B}\x{E49}\x{E32}"
      text run at (0,10724) width 30: "\x{E01}\x{E47}"
      text run at (0,10738) width 45: "\x{E1A}\x{E2D}\x{E01}"
      text run at (0,10752) width 45: "\x{E44}\x{E14}\x{E49}"
      text run at (0,10766) width 45: "\x{E27}\x{E48}\x{E32}"
      text run at (0,10780) width 105: "\x{E2D}\x{E31}\x{E19}\x{E15}\x{E23}\x{E32}\x{E22}"
      text run at (0,10794) width 30: "\x{E21}\x{E32}"
      text run at (0,10808) width 45: "\x{E16}\x{E36}\x{E07}"
      text run at (0,10822) width 60: "\x{E41}\x{E25}\x{E49}\x{E27}"
      text run at (0,10836) width 5: "\""
      text run at (0,10850) width 60: "\x{E40}\x{E23}\x{E47}\x{E27}"
      text run at (0,10864) width 30: "\x{E42}\x{E14}"
      text run at (0,10878) width 60: "\x{E42}\x{E23}\x{E18}\x{E35}"
      text run at (0,10892) width 4: "!"
      text run at (0,10906) width 5: "\""
      text run at (0,10920) width 45: "\x{E1B}\x{E49}\x{E32}"
      text run at (0,10934) width 75: "\x{E15}\x{E30}\x{E42}\x{E01}\x{E19}"
      text run at (0,10948) width 5: "\""
      text run at (0,10962) width 60: "\x{E27}\x{E34}\x{E48}\x{E07}"
      text run at (0,10976) width 30: "\x{E44}\x{E1B}"
      text run at (0,10990) width 60: "\x{E2B}\x{E49}\x{E2D}\x{E07}"
      text run at (0,11004) width 90: "\x{E43}\x{E15}\x{E49}\x{E16}\x{E38}\x{E19}"
      text run at (0,11018) width 5: "\""
      text run at (0,11032) width 30: "\x{E42}\x{E15}"
      text run at (0,11046) width 45: "\x{E42}\x{E15}\x{E49}"
      text run at (0,11060) width 60: "\x{E1C}\x{E25}\x{E38}\x{E19}"
      text run at (0,11074) width 90: "\x{E01}\x{E23}\x{E30}\x{E42}\x{E14}\x{E14}"
      text run at (0,11088) width 30: "\x{E25}\x{E07}"
      text run at (0,11102) width 45: "\x{E08}\x{E32}\x{E01}"
      text run at (0,11116) width 60: "\x{E2D}\x{E49}\x{E2D}\x{E21}"
      text run at (0,11130) width 45: "\x{E41}\x{E02}\x{E19}"
      text run at (0,11144) width 30: "\x{E42}\x{E14}"
      text run at (0,11158) width 60: "\x{E42}\x{E23}\x{E18}\x{E35}"
      text run at (0,11172) width 60: "\x{E41}\x{E25}\x{E49}\x{E27}"
      text run at (0,11186) width 60: "\x{E40}\x{E02}\x{E49}\x{E32}"
      text run at (0,11200) width 30: "\x{E44}\x{E1B}"
      text run at (0,11214) width 60: "\x{E0B}\x{E48}\x{E2D}\x{E19}"
      text run at (0,11228) width 60: "\x{E2D}\x{E22}\x{E39}\x{E48}"
      text run at (0,11242) width 45: "\x{E43}\x{E15}\x{E49}"
      text run at (0,11256) width 75: "\x{E40}\x{E15}\x{E35}\x{E22}\x{E07}"
      text run at (0,11270) width 60: "\x{E40}\x{E14}\x{E47}\x{E01}"
      text run at (0,11284) width 60: "\x{E2B}\x{E0D}\x{E34}\x{E07}"
      text run at (0,11298) width 60: "\x{E19}\x{E49}\x{E2D}\x{E22}"
      text run at (0,11312) width 60: "\x{E40}\x{E02}\x{E49}\x{E32}"
      text run at (0,11326) width 30: "\x{E44}\x{E1B}"
      text run at (0,11340) width 45: "\x{E14}\x{E36}\x{E07}"
      text run at (0,11354) width 45: "\x{E21}\x{E31}\x{E19}"
      text run at (0,11368) width 45: "\x{E2D}\x{E2D}\x{E01}"
      text run at (0,11382) width 30: "\x{E21}\x{E32}"
      text run at (0,11396) width 45: "\x{E1B}\x{E49}\x{E32}"
      text run at (0,11410) width 60: "\x{E40}\x{E2D}\x{E47}\x{E21}"
      text run at (0,11424) width 90: "\x{E01}\x{E23}\x{E30}\x{E0A}\x{E32}\x{E01}"
      text run at (0,11438) width 30: "\x{E1D}\x{E32}"
      text run at (0,11452) width 45: "\x{E17}\x{E35}\x{E48}"
      text run at (0,11466) width 60: "\x{E1E}\x{E37}\x{E49}\x{E19}"
      text run at (0,11480) width 45: "\x{E2D}\x{E2D}\x{E01}"
      text run at (0,11494) width 75: "\x{E2D}\x{E22}\x{E48}\x{E32}\x{E07}"
      text run at (0,11508) width 30: "\x{E2D}\x{E01}"
      text run at (0,11522) width 60: "\x{E2A}\x{E31}\x{E48}\x{E19}"
      text run at (0,11536) width 60: "\x{E02}\x{E27}\x{E31}\x{E0D}"
      text run at (0,11550) width 45: "\x{E2B}\x{E32}\x{E22}"
      text run at (0,11564) width 45: "\x{E1B}\x{E35}\x{E19}"
      text run at (0,11578) width 75: "\x{E1A}\x{E31}\x{E19}\x{E44}\x{E14}"
      text run at (0,11592) width 45: "\x{E44}\x{E21}\x{E49}"
      text run at (0,11606) width 30: "\x{E25}\x{E07}"
      text run at (0,11620) width 30: "\x{E44}\x{E1B}"
      text run at (0,11634) width 30: "\x{E43}\x{E19}"
      text run at (0,11648) width 60: "\x{E42}\x{E1E}\x{E23}\x{E07}"
      text run at (0,11662) width 60: "\x{E40}\x{E25}\x{E47}\x{E01}"
      text run at (0,11676) width 45: "\x{E2D}\x{E31}\x{E19}"
      text run at (0,11690) width 45: "\x{E21}\x{E37}\x{E14}"
      text run at (0,11704) width 45: "\x{E17}\x{E36}\x{E1A}"
      text run at (0,11718) width 30: "\x{E42}\x{E14}"
      text run at (0,11732) width 60: "\x{E42}\x{E23}\x{E18}\x{E35}"
      text run at (0,11746) width 45: "\x{E08}\x{E31}\x{E1A}"
      text run at (0,11760) width 30: "\x{E42}\x{E15}"
      text run at (0,11774) width 45: "\x{E42}\x{E15}\x{E49}"
      text run at (0,11788) width 45: "\x{E44}\x{E14}\x{E49}"
      text run at (0,11802) width 30: "\x{E43}\x{E19}"
      text run at (0,11816) width 45: "\x{E17}\x{E35}\x{E48}"
      text run at (0,11830) width 45: "\x{E2A}\x{E38}\x{E14}"
      text run at (0,11844) width 45: "\x{E41}\x{E25}\x{E30}"
      text run at (0,11858) width 60: "\x{E27}\x{E34}\x{E48}\x{E07}"
      text run at (0,11872) width 45: "\x{E15}\x{E32}\x{E21}"
      text run at (0,11886) width 45: "\x{E1B}\x{E49}\x{E32}"
      text run at (0,11900) width 45: "\x{E40}\x{E18}\x{E2D}"
      text run at (0,11914) width 30: "\x{E44}\x{E1B}"
      text run at (0,11928) width 75: "\x{E40}\x{E21}\x{E37}\x{E48}\x{E2D}"
      text run at (0,11942) width 45: "\x{E40}\x{E18}\x{E2D}"
      text run at (0,11956) width 30: "\x{E21}\x{E32}"
      text run at (0,11970) width 45: "\x{E44}\x{E14}\x{E49}"
      text run at (0,11984) width 75: "\x{E04}\x{E23}\x{E36}\x{E48}\x{E07}"
      text run at (0,11998) width 60: "\x{E2B}\x{E49}\x{E2D}\x{E07}"
      text run at (0,12012) width 30: "\x{E01}\x{E47}"
      text run at (0,12026) width 30: "\x{E21}\x{E35}"
      text run at (0,12040) width 75: "\x{E40}\x{E2A}\x{E35}\x{E22}\x{E07}"
      text run at (0,12054) width 60: "\x{E2B}\x{E27}\x{E35}\x{E14}"
      text run at (0,12068) width 60: "\x{E2B}\x{E27}\x{E37}\x{E2D}"
      text run at (0,12082) width 60: "\x{E2A}\x{E48}\x{E27}\x{E19}"
      text run at (0,12096) width 60: "\x{E1A}\x{E49}\x{E32}\x{E19}"
      text run at (0,12110) width 30: "\x{E01}\x{E47}"
      text run at (0,12124) width 60: "\x{E2A}\x{E31}\x{E48}\x{E19}"
      text run at (0,12138) width 75: "\x{E2D}\x{E22}\x{E48}\x{E32}\x{E07}"
      text run at (0,12152) width 45: "\x{E41}\x{E23}\x{E07}"
      text run at (0,12166) width 30: "\x{E08}\x{E19}"
      text run at (0,12180) width 45: "\x{E40}\x{E18}\x{E2D}"
      text run at (0,12194) width 30: "\x{E2B}\x{E01}"
      text run at (0,12208) width 60: "\x{E04}\x{E30}\x{E21}\x{E33}"
      text run at (0,12222) width 60: "\x{E19}\x{E31}\x{E48}\x{E07}"
      text run at (0,12236) width 105: "\x{E08}\x{E49}\x{E33}\x{E40}\x{E1A}\x{E49}\x{E32}"
      text run at (0,12250) width 60: "\x{E2D}\x{E22}\x{E39}\x{E48}"
      text run at (0,12264) width 45: "\x{E01}\x{E31}\x{E1A}"
      text run at (0,12278) width 60: "\x{E1E}\x{E37}\x{E49}\x{E19}"
      text run at (0,12292) width 60: "\x{E41}\x{E25}\x{E49}\x{E27}"
      text run at (0,12306) width 60: "\x{E2A}\x{E34}\x{E48}\x{E07}"
      text run at (0,12320) width 105: "\x{E1B}\x{E23}\x{E30}\x{E2B}\x{E25}\x{E32}\x{E14}"
      text run at (0,12334) width 30: "\x{E01}\x{E47}"
      text run at (0,12348) width 60: "\x{E40}\x{E01}\x{E34}\x{E14}"
      text run at (0,12362) width 60: "\x{E02}\x{E36}\x{E49}\x{E19}"
      text run at (0,12376) width 60: "\x{E1A}\x{E49}\x{E32}\x{E19}"
      text run at (0,12390) width 60: "\x{E2B}\x{E21}\x{E38}\x{E19}"
      text run at (0,12404) width 30: "\x{E44}\x{E1B}"
      text run at (0,12418) width 60: "\x{E2B}\x{E21}\x{E38}\x{E19}"
      text run at (0,12432) width 30: "\x{E21}\x{E32}"
      text run at (0,12446) width 45: "\x{E2A}\x{E2D}\x{E07}"
      text run at (0,12460) width 45: "\x{E2A}\x{E32}\x{E21}"
      text run at (0,12474) width 45: "\x{E23}\x{E2D}\x{E1A}"
      text run at (0,12488) width 60: "\x{E41}\x{E25}\x{E49}\x{E27}"
      text run at (0,12502) width 30: "\x{E01}\x{E47}"
      text run at (0,12516) width 45: "\x{E25}\x{E2D}\x{E22}"
      text run at (0,12530) width 60: "\x{E02}\x{E36}\x{E49}\x{E19}"
      text run at (0,12544) width 45: "\x{E2A}\x{E39}\x{E48}"
      text run at (0,12558) width 75: "\x{E2D}\x{E32}\x{E01}\x{E32}\x{E28}"
      text run at (0,12572) width 75: "\x{E2D}\x{E22}\x{E48}\x{E32}\x{E07}"
      text run at (0,12586) width 45: "\x{E0A}\x{E49}\x{E32}"
      text run at (0,12600) width 15: "\x{E46}"
      text run at (0,12614) width 30: "\x{E42}\x{E14}"
      text run at (0,12628) width 60: "\x{E42}\x{E23}\x{E18}\x{E35}"
      text run at (0,12642) width 90: "\x{E23}\x{E39}\x{E49}\x{E2A}\x{E36}\x{E01}"
      text run at (0,12656) width 45: "\x{E23}\x{E32}\x{E27}"
      text run at (0,12670) width 45: "\x{E01}\x{E31}\x{E1A}"
      text run at (0,12684) width 45: "\x{E27}\x{E48}\x{E32}"
      text run at (0,12698) width 45: "\x{E40}\x{E18}\x{E2D}"
      text run at (0,12712) width 45: "\x{E44}\x{E14}\x{E49}"
      text run at (0,12726) width 60: "\x{E02}\x{E36}\x{E49}\x{E19}"
      text run at (0,12740) width 30: "\x{E44}\x{E1B}"
      text run at (0,12754) width 45: "\x{E01}\x{E31}\x{E1A}"
      text run at (0,12768) width 45: "\x{E25}\x{E39}\x{E01}"
      text run at (0,12782) width 90: "\x{E1A}\x{E2D}\x{E25}\x{E25}\x{E39}\x{E19}"
      text run at (0,12796) width 60: "\x{E1E}\x{E32}\x{E22}\x{E38}"
      text run at (0,12810) width 75: "\x{E40}\x{E2B}\x{E19}\x{E37}\x{E2D}"
      text run at (0,12824) width 45: "\x{E01}\x{E31}\x{E1A}"
      text run at (0,12838) width 60: "\x{E1E}\x{E32}\x{E22}\x{E38}"
      text run at (0,12852) width 45: "\x{E43}\x{E15}\x{E49}"
      text run at (0,12866) width 30: "\x{E21}\x{E32}"
      text run at (0,12880) width 30: "\x{E1E}\x{E1A}"
      text run at (0,12894) width 45: "\x{E01}\x{E31}\x{E19}"
      text run at (0,12908) width 45: "\x{E15}\x{E23}\x{E07}"
      text run at (0,12922) width 45: "\x{E17}\x{E35}\x{E48}"
      text run at (0,12936) width 60: "\x{E1A}\x{E49}\x{E32}\x{E19}"
      text run at (0,12950) width 30: "\x{E1E}\x{E2D}"
      text run at (0,12964) width 30: "\x{E14}\x{E35}"
      text run at (0,12978) width 45: "\x{E41}\x{E25}\x{E30}"
      text run at (0,12992) width 30: "\x{E17}\x{E33}"
      text run at (0,13006) width 45: "\x{E43}\x{E2B}\x{E49}"
      text run at (0,13020) width 45: "\x{E15}\x{E23}\x{E07}"
      text run at (0,13034) width 60: "\x{E19}\x{E31}\x{E49}\x{E19}"
      text run at (0,13048) width 60: "\x{E40}\x{E1B}\x{E47}\x{E19}"
      text run at (0,13062) width 45: "\x{E08}\x{E38}\x{E14}"
      text run at (0,13076) width 75: "\x{E28}\x{E39}\x{E19}\x{E22}\x{E4C}"
      text run at (0,13090) width 60: "\x{E01}\x{E25}\x{E32}\x{E07}"
      text run at (0,13104) width 45: "\x{E02}\x{E2D}\x{E07}"
      text run at (0,13118) width 60: "\x{E1E}\x{E32}\x{E22}\x{E38}"
      text run at (0,13132) width 90: "\x{E44}\x{E0B}\x{E42}\x{E04}\x{E25}\x{E19}"
      text run at (0,13146) width 45: "\x{E15}\x{E32}\x{E21}"
      text run at (0,13160) width 60: "\x{E1B}\x{E01}\x{E15}\x{E34}"
      text run at (0,13174) width 45: "\x{E15}\x{E23}\x{E07}"
      text run at (0,13188) width 60: "\x{E01}\x{E25}\x{E32}\x{E07}"
      text run at (0,13202) width 60: "\x{E1E}\x{E32}\x{E22}\x{E38}"
      text run at (0,13216) width 90: "\x{E44}\x{E0B}\x{E42}\x{E04}\x{E25}\x{E19}"
      text run at (0,13230) width 75: "\x{E2D}\x{E32}\x{E01}\x{E32}\x{E28}"
      text run at (0,13244) width 30: "\x{E08}\x{E30}"
      text run at (0,13258) width 60: "\x{E19}\x{E34}\x{E48}\x{E07}"
      text run at (0,13272) width 45: "\x{E41}\x{E15}\x{E48}"
      text run at (0,13286) width 60: "\x{E04}\x{E27}\x{E32}\x{E21}"
      text run at (0,13300) width 75: "\x{E01}\x{E14}\x{E14}\x{E31}\x{E19}"
      text run at (0,13314) width 75: "\x{E2D}\x{E22}\x{E48}\x{E32}\x{E07}"
      text run at (0,13328) width 60: "\x{E2B}\x{E19}\x{E31}\x{E01}"
      text run at (0,13342) width 45: "\x{E02}\x{E2D}\x{E07}"
      text run at (0,13356) width 30: "\x{E25}\x{E21}"
      text run at (0,13370) width 45: "\x{E17}\x{E38}\x{E01}"
      text run at (0,13384) width 60: "\x{E14}\x{E49}\x{E32}\x{E19}"
      text run at (0,13398) width 45: "\x{E23}\x{E2D}\x{E1A}"
      text run at (0,13412) width 60: "\x{E1A}\x{E49}\x{E32}\x{E19}"
      text run at (0,13426) width 30: "\x{E17}\x{E33}"
      text run at (0,13440) width 45: "\x{E43}\x{E2B}\x{E49}"
      text run at (0,13454) width 60: "\x{E1A}\x{E49}\x{E32}\x{E19}"
      text run at (0,13468) width 45: "\x{E25}\x{E2D}\x{E22}"
      text run at (0,13482) width 45: "\x{E2A}\x{E39}\x{E07}"
      text run at (0,13496) width 60: "\x{E02}\x{E36}\x{E49}\x{E19}"
      text run at (0,13510) width 15: "\x{E46}"
      text run at (0,13524) width 30: "\x{E08}\x{E19}"
      text run at (0,13538) width 105: "\x{E01}\x{E23}\x{E30}\x{E17}\x{E31}\x{E48}\x{E07}"
      text run at (0,13552) width 60: "\x{E02}\x{E36}\x{E49}\x{E19}"
      text run at (0,13566) width 30: "\x{E44}\x{E1B}"
      text run at (0,13580) width 60: "\x{E2D}\x{E22}\x{E39}\x{E48}"
      text run at (0,13594) width 45: "\x{E2A}\x{E38}\x{E14}"
      text run at (0,13608) width 45: "\x{E22}\x{E2D}\x{E14}"
      text run at (0,13622) width 45: "\x{E02}\x{E2D}\x{E07}"
      text run at (0,13636) width 60: "\x{E1E}\x{E32}\x{E22}\x{E38}"
      text run at (0,13650) width 90: "\x{E44}\x{E0B}\x{E42}\x{E04}\x{E25}\x{E19}"
      text run at (0,13664) width 45: "\x{E41}\x{E25}\x{E30}"
      text run at (0,13678) width 45: "\x{E08}\x{E32}\x{E01}"
      text run at (0,13692) width 45: "\x{E15}\x{E23}\x{E07}"
      text run at (0,13706) width 60: "\x{E19}\x{E31}\x{E49}\x{E19}"
      text run at (0,13720) width 30: "\x{E01}\x{E47}"
      text run at (0,13734) width 45: "\x{E16}\x{E39}\x{E01}"
      text run at (0,13748) width 45: "\x{E2B}\x{E2D}\x{E1A}"
      text run at (0,13762) width 30: "\x{E44}\x{E1B}"
      text run at (0,13776) width 60: "\x{E2B}\x{E25}\x{E32}\x{E22}"
      text run at (0,13790) width 60: "\x{E44}\x{E21}\x{E25}\x{E4C}"
      text run at (0,13804) width 60: "\x{E07}\x{E48}\x{E32}\x{E22}"
      text run at (0,13818) width 45: "\x{E14}\x{E32}\x{E22}"
      text run at (0,13832) width 45: "\x{E23}\x{E32}\x{E27}"
      text run at (0,13846) width 45: "\x{E01}\x{E31}\x{E1A}"
      text run at (0,13860) width 45: "\x{E2B}\x{E2D}\x{E1A}"
      text run at (0,13874) width 30: "\x{E02}\x{E19}"
      text run at (0,13888) width 30: "\x{E19}\x{E01}"
      text run at (0,13902) width 45: "\x{E21}\x{E37}\x{E14}"
      text run at (0,13916) width 45: "\x{E21}\x{E32}\x{E01}"
      text run at (0,13930) width 60: "\x{E41}\x{E25}\x{E49}\x{E27}"
      text run at (0,13944) width 30: "\x{E25}\x{E21}"
      text run at (0,13958) width 45: "\x{E22}\x{E31}\x{E07}"
      text run at (0,13972) width 45: "\x{E2A}\x{E48}\x{E07}"
      text run at (0,13986) width 75: "\x{E40}\x{E2A}\x{E35}\x{E22}\x{E07}"
      text run at (0,14000) width 60: "\x{E2B}\x{E27}\x{E35}\x{E14}"
      text run at (0,14014) width 60: "\x{E2B}\x{E27}\x{E37}\x{E2D}"
      text run at (0,14028) width 45: "\x{E19}\x{E48}\x{E32}"
      text run at (0,14042) width 60: "\x{E01}\x{E25}\x{E31}\x{E27}"
      text run at (0,14056) width 60: "\x{E2D}\x{E22}\x{E39}\x{E48}"
      text run at (0,14070) width 45: "\x{E23}\x{E2D}\x{E1A}"
      text run at (0,14084) width 45: "\x{E15}\x{E31}\x{E27}"
      text run at (0,14098) width 45: "\x{E40}\x{E18}\x{E2D}"
      text run at (0,14112) width 45: "\x{E41}\x{E15}\x{E48}"
      text run at (0,14126) width 30: "\x{E42}\x{E14}"
      text run at (0,14140) width 60: "\x{E42}\x{E23}\x{E18}\x{E35}"
      text run at (0,14154) width 60: "\x{E40}\x{E2B}\x{E47}\x{E19}"
      text run at (0,14168) width 45: "\x{E27}\x{E48}\x{E32}"
      text run at (0,14182) width 45: "\x{E40}\x{E18}\x{E2D}"
      text run at (0,14196) width 90: "\x{E2A}\x{E32}\x{E21}\x{E32}\x{E23}\x{E16}"
      text run at (0,14210) width 60: "\x{E19}\x{E31}\x{E48}\x{E07}"
      text run at (0,14224) width 30: "\x{E44}\x{E1B}"
      text run at (0,14238) width 45: "\x{E44}\x{E14}\x{E49}"
      text run at (0,14252) width 60: "\x{E2D}\x{E22}\x{E48}\x{E32}"
      text run at (0,14266) width 75: "\x{E07}\x{E07}\x{E48}\x{E32}\x{E22}"
      text run at (0,14280) width 45: "\x{E14}\x{E32}\x{E22}"
      text run at (0,14294) width 45: "\x{E19}\x{E31}\x{E01}"
      text run at (0,14308) width 75: "\x{E04}\x{E23}\x{E31}\x{E49}\x{E07}"
      text run at (0,14322) width 75: "\x{E2B}\x{E19}\x{E36}\x{E48}\x{E07}"
      text run at (0,14336) width 60: "\x{E2B}\x{E25}\x{E31}\x{E07}"
      text run at (0,14350) width 45: "\x{E08}\x{E32}\x{E01}"
      text run at (0,14364) width 45: "\x{E17}\x{E35}\x{E48}"
      text run at (0,14378) width 60: "\x{E1A}\x{E49}\x{E32}\x{E19}"
      text run at (0,14392) width 75: "\x{E2A}\x{E30}\x{E14}\x{E38}\x{E14}"
      text run at (0,14406) width 75: "\x{E2D}\x{E22}\x{E48}\x{E32}\x{E07}"
      text run at (0,14420) width 45: "\x{E41}\x{E23}\x{E07}"
      text run at (0,14434) width 45: "\x{E41}\x{E25}\x{E30}"
      text run at (0,14448) width 60: "\x{E2B}\x{E21}\x{E38}\x{E19}"
      text run at (0,14462) width 30: "\x{E44}\x{E1B}"
      text run at (0,14476) width 45: "\x{E23}\x{E2D}\x{E1A}"
      text run at (0,14490) width 15: "\x{E46}"
      text run at (0,14504) width 45: "\x{E2A}\x{E2D}\x{E07}"
      text run at (0,14518) width 45: "\x{E2A}\x{E32}\x{E21}"
      text run at (0,14532) width 75: "\x{E04}\x{E23}\x{E31}\x{E49}\x{E07}"
      text run at (0,14546) width 30: "\x{E43}\x{E19}"
      text run at (0,14560) width 45: "\x{E15}\x{E2D}\x{E19}"
      text run at (0,14574) width 45: "\x{E41}\x{E23}\x{E01}"
      text run at (0,14588) width 45: "\x{E40}\x{E18}\x{E2D}"
      text run at (0,14602) width 30: "\x{E01}\x{E47}"
      text run at (0,14616) width 90: "\x{E23}\x{E39}\x{E49}\x{E2A}\x{E36}\x{E01}"
      text run at (0,14630) width 45: "\x{E27}\x{E48}\x{E32}"
      text run at (0,14644) width 45: "\x{E15}\x{E31}\x{E27}"
      text run at (0,14658) width 45: "\x{E40}\x{E2D}\x{E07}"
      text run at (0,14672) width 45: "\x{E16}\x{E39}\x{E01}"
      text run at (0,14686) width 75: "\x{E41}\x{E01}\x{E27}\x{E48}\x{E07}"
      text run at (0,14700) width 75: "\x{E2D}\x{E22}\x{E48}\x{E32}\x{E07}"
      text run at (0,14714) width 60: "\x{E41}\x{E1C}\x{E48}\x{E27}"
      text run at (0,14728) width 45: "\x{E40}\x{E1A}\x{E32}"
      text run at (0,14742) width 45: "\x{E23}\x{E32}\x{E27}"
      text run at (0,14756) width 60: "\x{E17}\x{E32}\x{E23}\x{E01}"
      text run at (0,14770) width 30: "\x{E43}\x{E19}"
      text run at (0,14784) width 45: "\x{E40}\x{E1B}\x{E25}"
      text run at (0,14798) width 30: "\x{E42}\x{E15}"
      text run at (0,14812) width 45: "\x{E42}\x{E15}\x{E49}"
      text run at (0,14826) width 45: "\x{E44}\x{E21}\x{E48}"
      text run at (0,14840) width 45: "\x{E0A}\x{E2D}\x{E1A}"
      text run at (0,14854) width 30: "\x{E43}\x{E08}"
      text run at (0,14868) width 45: "\x{E40}\x{E25}\x{E22}"
      text run at (0,14882) width 45: "\x{E21}\x{E31}\x{E19}"
      text run at (0,14896) width 60: "\x{E27}\x{E34}\x{E48}\x{E07}"
      text run at (0,14910) width 30: "\x{E44}\x{E1B}"
      text run at (0,14924) width 60: "\x{E27}\x{E34}\x{E48}\x{E07}"
      text run at (0,14938) width 30: "\x{E21}\x{E32}"
      text run at (0,14952) width 45: "\x{E23}\x{E2D}\x{E1A}"
      text run at (0,14966) width 60: "\x{E2B}\x{E49}\x{E2D}\x{E07}"
      text run at (0,14980) width 45: "\x{E17}\x{E32}\x{E07}"
      text run at (0,14994) width 60: "\x{E42}\x{E19}\x{E49}\x{E19}"
      text run at (0,15008) width 30: "\x{E17}\x{E35}"
      text run at (0,15022) width 45: "\x{E17}\x{E32}\x{E07}"
      text run at (0,15036) width 45: "\x{E19}\x{E35}\x{E49}"
      text run at (0,15050) width 30: "\x{E17}\x{E35}"
      text run at (0,15064) width 45: "\x{E2A}\x{E48}\x{E07}"
      text run at (0,15078) width 75: "\x{E40}\x{E2A}\x{E35}\x{E22}\x{E07}"
      text run at (0,15092) width 60: "\x{E40}\x{E2B}\x{E48}\x{E32}"
      text run at (0,15106) width 45: "\x{E14}\x{E31}\x{E07}"
      text run at (0,15120) width 60: "\x{E01}\x{E49}\x{E2D}\x{E07}"
      text run at (0,15134) width 45: "\x{E41}\x{E15}\x{E48}"
      text run at (0,15148) width 30: "\x{E42}\x{E14}"
      text run at (0,15162) width 60: "\x{E42}\x{E23}\x{E18}\x{E35}"
      text run at (0,15176) width 60: "\x{E19}\x{E31}\x{E48}\x{E07}"
      text run at (0,15190) width 60: "\x{E19}\x{E34}\x{E48}\x{E07}"
      text run at (0,15204) width 60: "\x{E2D}\x{E22}\x{E39}\x{E48}"
      text run at (0,15218) width 30: "\x{E1A}\x{E19}"
      text run at (0,15232) width 60: "\x{E1E}\x{E37}\x{E49}\x{E19}"
      text run at (0,15246) width 60: "\x{E40}\x{E1D}\x{E49}\x{E32}"
      text run at (0,15260) width 45: "\x{E04}\x{E2D}\x{E22}"
      text run at (0,15274) width 30: "\x{E14}\x{E39}"
      text run at (0,15288) width 45: "\x{E27}\x{E48}\x{E32}"
      text run at (0,15302) width 30: "\x{E08}\x{E30}"
      text run at (0,15316) width 60: "\x{E40}\x{E01}\x{E34}\x{E14}"
      text run at (0,15330) width 60: "\x{E2D}\x{E30}\x{E44}\x{E23}"
      text run at (0,15344) width 60: "\x{E02}\x{E36}\x{E49}\x{E19}"
      text run at (0,15358) width 75: "\x{E04}\x{E23}\x{E31}\x{E49}\x{E07}"
      text run at (0,15372) width 75: "\x{E2B}\x{E19}\x{E36}\x{E48}\x{E07}"
      text run at (0,15386) width 30: "\x{E42}\x{E15}"
      text run at (0,15400) width 45: "\x{E42}\x{E15}\x{E49}"
      text run at (0,15414) width 60: "\x{E40}\x{E02}\x{E49}\x{E32}"
      text run at (0,15428) width 30: "\x{E44}\x{E1B}"
      text run at (0,15442) width 60: "\x{E43}\x{E01}\x{E25}\x{E49}"
      text run at (0,15456) width 30: "\x{E1D}\x{E32}"
      text run at (0,15470) width 45: "\x{E17}\x{E35}\x{E48}"
      text run at (0,15484) width 60: "\x{E1E}\x{E37}\x{E49}\x{E19}"
      text run at (0,15498) width 45: "\x{E21}\x{E32}\x{E01}"
      text run at (0,15512) width 30: "\x{E44}\x{E1B}"
      text run at (0,15526) width 45: "\x{E40}\x{E25}\x{E22}"
      text run at (0,15540) width 60: "\x{E1E}\x{E25}\x{E31}\x{E14}"
      text run at (0,15554) width 60: "\x{E15}\x{E01}\x{E25}\x{E07}"
      text run at (0,15568) width 30: "\x{E44}\x{E1B}"
      text run at (0,15582) width 30: "\x{E17}\x{E35}"
      text run at (0,15596) width 45: "\x{E41}\x{E23}\x{E01}"
      text run at (0,15610) width 60: "\x{E40}\x{E14}\x{E47}\x{E01}"
      text run at (0,15624) width 60: "\x{E2B}\x{E0D}\x{E34}\x{E07}"
      text run at (0,15638) width 45: "\x{E04}\x{E34}\x{E14}"
      text run at (0,15652) width 45: "\x{E27}\x{E48}\x{E32}"
      text run at (0,15666) width 45: "\x{E40}\x{E18}\x{E2D}"
      text run at (0,15680) width 30: "\x{E08}\x{E30}"
      text run at (0,15694) width 45: "\x{E2A}\x{E39}\x{E0D}"
      text run at (0,15708) width 60: "\x{E40}\x{E2A}\x{E35}\x{E22}"
      text run at (0,15722) width 45: "\x{E21}\x{E31}\x{E19}"
      text run at (0,15736) width 30: "\x{E44}\x{E1B}"
      text run at (0,15750) width 60: "\x{E40}\x{E2A}\x{E35}\x{E22}"
      text run at (0,15764) width 60: "\x{E41}\x{E25}\x{E49}\x{E27}"
      text run at (0,15778) width 45: "\x{E41}\x{E15}\x{E48}"
      text run at (0,15792) width 60: "\x{E0A}\x{E31}\x{E48}\x{E27}"
      text run at (0,15806) width 60: "\x{E04}\x{E23}\x{E39}\x{E48}"
      text run at (0,15820) width 45: "\x{E40}\x{E18}\x{E2D}"
      text run at (0,15834) width 30: "\x{E01}\x{E47}"
      text run at (0,15848) width 60: "\x{E40}\x{E2B}\x{E47}\x{E19}"
      text run at (0,15862) width 30: "\x{E2B}\x{E39}"
      text run at (0,15876) width 45: "\x{E02}\x{E2D}\x{E07}"
      text run at (0,15890) width 45: "\x{E21}\x{E31}\x{E19}"
      text run at (0,15904) width 60: "\x{E42}\x{E1C}\x{E25}\x{E48}"
      text run at (0,15918) width 60: "\x{E02}\x{E36}\x{E49}\x{E19}"
      text run at (0,15932) width 30: "\x{E21}\x{E32}"
      text run at (0,15946) width 45: "\x{E08}\x{E32}\x{E01}"
      text run at (0,15960) width 60: "\x{E0A}\x{E48}\x{E2D}\x{E07}"
      text run at (0,15974) width 60: "\x{E19}\x{E31}\x{E49}\x{E19}"
      text run at (0,15988) width 60: "\x{E17}\x{E31}\x{E49}\x{E07}"
      text run at (0,16002) width 45: "\x{E19}\x{E35}\x{E49}"
      text run at (0,16016) width 75: "\x{E40}\x{E1E}\x{E23}\x{E32}\x{E30}"
      text run at (0,16030) width 45: "\x{E41}\x{E23}\x{E07}"
      text run at (0,16044) width 30: "\x{E01}\x{E14}"
      text run at (0,16058) width 75: "\x{E2D}\x{E22}\x{E48}\x{E32}\x{E07}"
      text run at (0,16072) width 60: "\x{E2B}\x{E19}\x{E31}\x{E01}"
      text run at (0,16086) width 45: "\x{E02}\x{E2D}\x{E07}"
      text run at (0,16100) width 75: "\x{E2D}\x{E32}\x{E01}\x{E32}\x{E28}"
      text run at (0,16114) width 30: "\x{E17}\x{E33}"
      text run at (0,16128) width 45: "\x{E43}\x{E2B}\x{E49}"
      text run at (0,16142) width 30: "\x{E42}\x{E15}"
      text run at (0,16156) width 45: "\x{E42}\x{E15}\x{E49}"
      text run at (0,16170) width 45: "\x{E44}\x{E21}\x{E48}"
      text run at (0,16184) width 60: "\x{E15}\x{E01}\x{E25}\x{E07}"
      text run at (0,16198) width 30: "\x{E44}\x{E1B}"
      text run at (0,16212) width 60: "\x{E02}\x{E49}\x{E32}\x{E07}"
      text run at (0,16226) width 60: "\x{E25}\x{E48}\x{E32}\x{E07}"
      text run at (0,16240) width 30: "\x{E42}\x{E14}"
      text run at (0,16254) width 60: "\x{E42}\x{E23}\x{E18}\x{E35}"
      text run at (0,16268) width 60: "\x{E04}\x{E25}\x{E32}\x{E19}"
      text run at (0,16282) width 30: "\x{E44}\x{E1B}"
      text run at (0,16296) width 45: "\x{E17}\x{E35}\x{E48}"
      text run at (0,16310) width 60: "\x{E0A}\x{E48}\x{E2D}\x{E07}"
      text run at (0,16324) width 60: "\x{E19}\x{E31}\x{E49}\x{E19}"
      text run at (0,16338) width 45: "\x{E08}\x{E31}\x{E1A}"
      text run at (0,16352) width 30: "\x{E2B}\x{E39}"
      text run at (0,16366) width 30: "\x{E42}\x{E15}"
      text run at (0,16380) width 45: "\x{E42}\x{E15}\x{E49}"
      text run at (0,16394) width 45: "\x{E44}\x{E27}\x{E49}"
      text run at (0,16408) width 45: "\x{E44}\x{E14}\x{E49}"
      text run at (0,16422) width 45: "\x{E41}\x{E25}\x{E30}"
      text run at (0,16436) width 45: "\x{E25}\x{E32}\x{E01}"
      text run at (0,16450) width 45: "\x{E21}\x{E31}\x{E19}"
      text run at (0,16464) width 30: "\x{E21}\x{E32}"
      text run at (0,16478) width 45: "\x{E17}\x{E35}\x{E48}"
      text run at (0,16492) width 60: "\x{E2B}\x{E49}\x{E2D}\x{E07}"
      text run at (0,16506) width 45: "\x{E2D}\x{E35}\x{E01}"
      text run at (0,16520) width 60: "\x{E2B}\x{E25}\x{E31}\x{E07}"
      text run at (0,16534) width 45: "\x{E08}\x{E32}\x{E01}"
      text run at (0,16548) width 60: "\x{E19}\x{E31}\x{E49}\x{E19}"
      text run at (0,16562) width 30: "\x{E01}\x{E47}"
      text run at (0,16576) width 45: "\x{E1B}\x{E34}\x{E14}"
      text run at (0,16590) width 30: "\x{E1D}\x{E32}"
      text run at (0,16604) width 60: "\x{E1E}\x{E37}\x{E49}\x{E19}"
      text run at (0,16618) width 75: "\x{E40}\x{E1E}\x{E37}\x{E48}\x{E2D}"
      text run at (0,16632) width 30: "\x{E08}\x{E30}"
      text run at (0,16646) width 45: "\x{E44}\x{E14}\x{E49}"
      text run at (0,16660) width 45: "\x{E44}\x{E21}\x{E48}"
      text run at (0,16674) width 60: "\x{E40}\x{E01}\x{E34}\x{E14}"
      text run at (0,16688) width 150: "\x{E2D}\x{E38}\x{E1A}\x{E31}\x{E15}\x{E34}\x{E40}\x{E2B}\x{E15}\x{E38}"
      text run at (0,16702) width 45: "\x{E2D}\x{E35}\x{E01}"
      text run at (0,16716) width 105: "\x{E0A}\x{E31}\x{E48}\x{E27}\x{E42}\x{E21}\x{E07}"
      text run at (0,16730) width 60: "\x{E41}\x{E25}\x{E49}\x{E27}"
      text run at (0,16744) width 105: "\x{E0A}\x{E31}\x{E48}\x{E27}\x{E42}\x{E21}\x{E07}"
      text run at (0,16758) width 60: "\x{E40}\x{E25}\x{E48}\x{E32}"
      text run at (0,16772) width 60: "\x{E1C}\x{E48}\x{E32}\x{E19}"
      text run at (0,16786) width 30: "\x{E44}\x{E1B}"
      text run at (0,16800) width 30: "\x{E42}\x{E14}"
      text run at (0,16814) width 60: "\x{E42}\x{E23}\x{E18}\x{E35}"
      text run at (0,16828) width 60: "\x{E04}\x{E48}\x{E2D}\x{E22}"
      text run at (0,16842) width 15: "\x{E46}"
      text run at (0,16856) width 45: "\x{E2B}\x{E32}\x{E22}"
      text run at (0,16870) width 60: "\x{E01}\x{E25}\x{E31}\x{E27}"
      text run at (0,16884) width 45: "\x{E41}\x{E15}\x{E48}"
      text run at (0,16898) width 45: "\x{E40}\x{E18}\x{E2D}"
      text run at (0,16912) width 90: "\x{E23}\x{E39}\x{E49}\x{E2A}\x{E36}\x{E01}"
      text run at (0,16926) width 60: "\x{E40}\x{E2B}\x{E07}\x{E32}"
      text run at (0,16940) width 75: "\x{E40}\x{E2B}\x{E25}\x{E37}\x{E2D}"
      text run at (0,16954) width 60: "\x{E40}\x{E01}\x{E34}\x{E19}"
      text run at (0,16968) width 45: "\x{E41}\x{E25}\x{E30}"
      text run at (0,16982) width 30: "\x{E25}\x{E21}"
      text run at (0,16996) width 30: "\x{E01}\x{E47}"
      text run at (0,17010) width 45: "\x{E2A}\x{E48}\x{E07}"
      text run at (0,17024) width 75: "\x{E40}\x{E2A}\x{E35}\x{E22}\x{E07}"
      text run at (0,17038) width 60: "\x{E2B}\x{E27}\x{E35}\x{E14}"
      text run at (0,17052) width 60: "\x{E2B}\x{E27}\x{E37}\x{E2D}"
      text run at (0,17066) width 45: "\x{E14}\x{E31}\x{E07}"
      text run at (0,17080) width 60: "\x{E40}\x{E2A}\x{E35}\x{E22}"
      text run at (0,17094) width 30: "\x{E08}\x{E19}"
      text run at (0,17108) width 45: "\x{E40}\x{E18}\x{E2D}"
      text run at (0,17122) width 45: "\x{E41}\x{E17}\x{E1A}"
      text run at (0,17136) width 30: "\x{E08}\x{E30}"
      text run at (0,17150) width 30: "\x{E2B}\x{E39}"
      text run at (0,17164) width 60: "\x{E2B}\x{E19}\x{E27}\x{E01}"
      text run at (0,17178) width 30: "\x{E17}\x{E35}"
      text run at (0,17192) width 45: "\x{E41}\x{E23}\x{E01}"
      text run at (0,17206) width 45: "\x{E40}\x{E18}\x{E2D}"
      text run at (0,17220) width 75: "\x{E2A}\x{E07}\x{E2A}\x{E31}\x{E22}"
      text run at (0,17234) width 45: "\x{E27}\x{E48}\x{E32}"
      text run at (0,17248) width 30: "\x{E04}\x{E07}"
      text run at (0,17262) width 30: "\x{E08}\x{E30}"
      text run at (0,17276) width 45: "\x{E16}\x{E39}\x{E01}"
      text run at (0,17290) width 45: "\x{E09}\x{E35}\x{E01}"
      text run at (0,17304) width 90: "\x{E01}\x{E23}\x{E30}\x{E0A}\x{E32}\x{E01}"
      text run at (0,17318) width 45: "\x{E2D}\x{E2D}\x{E01}"
      text run at (0,17332) width 60: "\x{E40}\x{E1B}\x{E47}\x{E19}"
      text run at (0,17346) width 60: "\x{E0A}\x{E34}\x{E49}\x{E19}"
      text run at (0,17360) width 60: "\x{E40}\x{E25}\x{E47}\x{E01}"
      text run at (0,17374) width 60: "\x{E0A}\x{E34}\x{E49}\x{E19}"
      text run at (0,17388) width 60: "\x{E19}\x{E49}\x{E2D}\x{E22}"
      text run at (0,17402) width 75: "\x{E40}\x{E21}\x{E37}\x{E48}\x{E2D}"
      text run at (0,17416) width 60: "\x{E1A}\x{E49}\x{E32}\x{E19}"
      text run at (0,17430) width 45: "\x{E40}\x{E2D}\x{E19}"
      text run at (0,17444) width 45: "\x{E25}\x{E49}\x{E21}"
      text run at (0,17458) width 30: "\x{E25}\x{E07}"
      text run at (0,17472) width 45: "\x{E2D}\x{E35}\x{E01}"
      text run at (0,17486) width 75: "\x{E04}\x{E23}\x{E31}\x{E49}\x{E07}"
      text run at (0,17500) width 45: "\x{E41}\x{E15}\x{E48}"
      text run at (0,17514) width 60: "\x{E2B}\x{E25}\x{E32}\x{E22}"
      text run at (0,17528) width 105: "\x{E0A}\x{E31}\x{E48}\x{E27}\x{E42}\x{E21}\x{E07}"
      text run at (0,17542) width 60: "\x{E1C}\x{E48}\x{E32}\x{E19}"
      text run at (0,17556) width 30: "\x{E44}\x{E1B}"
      text run at (0,17570) width 30: "\x{E01}\x{E47}"
      text run at (0,17584) width 45: "\x{E44}\x{E21}\x{E48}"
      text run at (0,17598) width 30: "\x{E21}\x{E35}"
      text run at (0,17612) width 60: "\x{E2D}\x{E30}\x{E44}\x{E23}"
      text run at (0,17626) width 60: "\x{E40}\x{E01}\x{E34}\x{E14}"
      text run at (0,17640) width 60: "\x{E02}\x{E36}\x{E49}\x{E19}"
      text run at (0,17654) width 45: "\x{E40}\x{E18}\x{E2D}"
      text run at (0,17668) width 45: "\x{E40}\x{E25}\x{E22}"
      text run at (0,17682) width 60: "\x{E40}\x{E25}\x{E34}\x{E01}"
      text run at (0,17696) width 60: "\x{E27}\x{E34}\x{E15}\x{E01}"
      text run at (0,17710) width 45: "\x{E41}\x{E25}\x{E30}"
      text run at (0,17724) width 90: "\x{E15}\x{E31}\x{E14}\x{E2A}\x{E34}\x{E19}"
      text run at (0,17738) width 30: "\x{E43}\x{E08}"
      text run at (0,17752) width 45: "\x{E04}\x{E2D}\x{E22}"
      text run at (0,17766) width 30: "\x{E14}\x{E39}"
      text run at (0,17780) width 75: "\x{E2D}\x{E22}\x{E48}\x{E32}\x{E07}"
      text run at (0,17794) width 45: "\x{E2A}\x{E07}\x{E1A}"
      text run at (0,17808) width 45: "\x{E41}\x{E25}\x{E30}"
      text run at (0,17822) width 30: "\x{E23}\x{E2D}"
      text run at (0,17836) width 45: "\x{E27}\x{E48}\x{E32}"
      text run at (0,17850) width 75: "\x{E2D}\x{E19}\x{E32}\x{E04}\x{E15}"
      text run at (0,17864) width 30: "\x{E08}\x{E30}"
      text run at (0,17878) width 60: "\x{E40}\x{E1B}\x{E47}\x{E19}"
      text run at (0,17892) width 105: "\x{E2D}\x{E22}\x{E48}\x{E32}\x{E07}\x{E44}\x{E23}"
      text run at (0,17906) width 30: "\x{E43}\x{E19}"
      text run at (0,17920) width 45: "\x{E17}\x{E35}\x{E48}"
      text run at (0,17934) width 45: "\x{E2A}\x{E38}\x{E14}"
      text run at (0,17948) width 45: "\x{E40}\x{E18}\x{E2D}"
      text run at (0,17962) width 60: "\x{E04}\x{E25}\x{E32}\x{E19}"
      text run at (0,17976) width 45: "\x{E08}\x{E32}\x{E01}"
      text run at (0,17990) width 60: "\x{E1E}\x{E37}\x{E49}\x{E19}"
      text run at (0,18004) width 60: "\x{E2B}\x{E49}\x{E2D}\x{E07}"
      text run at (0,18018) width 45: "\x{E17}\x{E35}\x{E48}"
      text run at (0,18032) width 45: "\x{E42}\x{E22}\x{E01}"
      text run at (0,18046) width 30: "\x{E44}\x{E1B}"
      text run at (0,18060) width 30: "\x{E21}\x{E32}"
      text run at (0,18074) width 60: "\x{E02}\x{E36}\x{E49}\x{E19}"
      text run at (0,18088) width 30: "\x{E44}\x{E1B}"
      text run at (0,18102) width 30: "\x{E1A}\x{E19}"
      text run at (0,18116) width 75: "\x{E40}\x{E15}\x{E35}\x{E22}\x{E07}"
      text run at (0,18130) width 60: "\x{E41}\x{E25}\x{E49}\x{E27}"
      text run at (0,18144) width 30: "\x{E01}\x{E47}"
      text run at (0,18158) width 45: "\x{E19}\x{E2D}\x{E19}"
      text run at (0,18172) width 30: "\x{E25}\x{E07}"
      text run at (0,18186) width 30: "\x{E42}\x{E15}"
      text run at (0,18200) width 45: "\x{E42}\x{E15}\x{E49}"
      text run at (0,18214) width 45: "\x{E15}\x{E32}\x{E21}"
      text run at (0,18228) width 45: "\x{E15}\x{E34}\x{E14}"
      text run at (0,18242) width 30: "\x{E21}\x{E32}"
      text run at (0,18256) width 45: "\x{E19}\x{E2D}\x{E19}"
      text run at (0,18270) width 30: "\x{E25}\x{E07}"
      text run at (0,18284) width 60: "\x{E43}\x{E01}\x{E25}\x{E49}"
      text run at (0,18298) width 15: "\x{E46}"
      text run at (0,18312) width 45: "\x{E40}\x{E18}\x{E2D}"
      text run at (0,18326) width 45: "\x{E44}\x{E21}\x{E48}"
      text run at (0,18340) width 45: "\x{E0A}\x{E49}\x{E32}"
      text run at (0,18354) width 30: "\x{E42}\x{E14}"
      text run at (0,18368) width 60: "\x{E42}\x{E23}\x{E18}\x{E35}"
      text run at (0,18382) width 30: "\x{E01}\x{E47}"
      text run at (0,18396) width 45: "\x{E1B}\x{E34}\x{E14}"
      text run at (0,18410) width 30: "\x{E15}\x{E32}"
      text run at (0,18424) width 30: "\x{E25}\x{E07}"
      text run at (0,18438) width 60: "\x{E2B}\x{E25}\x{E31}\x{E1A}"
      text run at (0,18452) width 75: "\x{E1C}\x{E25}\x{E47}\x{E2D}\x{E22}"
      text run at (0,18466) width 30: "\x{E44}\x{E1B}"
      text run at (0,18480) width 75: "\x{E2D}\x{E22}\x{E48}\x{E32}\x{E07}"
      text run at (0,18494) width 60: "\x{E2A}\x{E19}\x{E34}\x{E17}"
      text run at (0,18508) width 60: "\x{E17}\x{E31}\x{E49}\x{E07}"
      text run at (0,18522) width 15: "\x{E46}"
      text run at (0,18536) width 45: "\x{E17}\x{E35}\x{E48}"
      text run at (0,18550) width 60: "\x{E1A}\x{E49}\x{E32}\x{E19}"
      text run at (0,18564) width 45: "\x{E42}\x{E22}\x{E01}"
      text run at (0,18578) width 30: "\x{E44}\x{E1B}"
      text run at (0,18592) width 30: "\x{E21}\x{E32}"
      text run at (0,18606) width 45: "\x{E41}\x{E25}\x{E30}"
      text run at (0,18620) width 30: "\x{E25}\x{E21}"
      text run at (0,18634) width 30: "\x{E01}\x{E47}"
      text run at (0,18648) width 60: "\x{E04}\x{E23}\x{E32}\x{E07}"
      text run at (0,18662) width 60: "\x{E2B}\x{E27}\x{E35}\x{E14}"
      text run at (0,18676) width 60: "\x{E2B}\x{E27}\x{E37}\x{E2D}"
