layer at (0,0) size 800x600
  RenderView at (0,0) size 800x600
layer at (0,0) size 800x386
  RenderBlock {HTML} at (0,0) size 800x386
    RenderBody {BODY} at (8,8) size 784x370
      RenderBlock {DIV} at (0,0) size 784x370
        RenderBlock (anonymous) at (0,0) size 784x14
          RenderText {#text} at (0,0) size 594x14
            text run at (0,0) width 594: "In all four cases below, the exclamation mark should be on the left side of the first line and on the right side of the second line."
        RenderBlock {DIV} at (0,14) size 784x356
          RenderBR {BR} at (461,75) size 0x14
          RenderBR {BR} at (461,164) size 0x14
          RenderBR {BR} at (461,253) size 0x14
          RenderText {#text} at (0,0) size 0x0
layer at (10,24) size 457x82
  RenderTextControl {TEXTAREA} at (2,2) size 457x82 [color=#202020]
    RenderBlock {DIV} at (4,6) size 450x54
      RenderText {#text} at (414,0) size 39x35
        text run at (414,0) width 0 RTL: " "
        text run at (414,0) width 36 RTL: "\x{5E9}\x{5DC}\x{5D5}\x{5DD}!"
        text run at (411,18) width 39: "hello!"
        text run at (450,18) width 0: " "
      RenderBR {BR} at (450,36) size 0x17
layer at (10,113) size 457x82
  RenderTextControl {TEXTAREA} at (2,91) size 457x82 [color=#202020]
    RenderBlock {DIV} at (4,6) size 450x54
      RenderText {#text} at (0,0) size 39x35
        text run at (0,0) width 0 RTL: " "
        text run at (0,0) width 36 RTL: "\x{5E9}\x{5DC}\x{5D5}\x{5DD}!"
        text run at (0,18) width 39: "hello!"
        text run at (39,18) width 0: " "
      RenderBR {BR} at (0,36) size 0x17
layer at (10,202) size 457x82
  RenderTextControl {TEXTAREA} at (2,180) size 457x82 [color=#202020]
    RenderBlock {DIV} at (4,6) size 450x54
      RenderText {#text} at (0,0) size 39x35
        text run at (0,0) width 0 RTL: " "
        text run at (0,0) width 36 RTL: "\x{5E9}\x{5DC}\x{5D5}\x{5DD}!"
        text run at (0,18) width 39: "hello!"
        text run at (39,18) width 0: " "
      RenderBR {BR} at (0,36) size 0x17
layer at (10,291) size 457x82
  RenderTextControl {TEXTAREA} at (2,269) size 457x82 [color=#202020]
    RenderBlock {DIV} at (4,6) size 450x54
      RenderText {#text} at (414,0) size 39x35
        text run at (414,0) width 0 RTL: " "
        text run at (414,0) width 36 RTL: "\x{5E9}\x{5DC}\x{5D5}\x{5DD}!"
        text run at (411,18) width 39: "hello!"
        text run at (450,18) width 0: " "
      RenderBR {BR} at (450,36) size 0x17
