layer at (0,0) size 980x735
  RenderView at (0,0) size 980x735
layer at (0,0) size 980x735
  RenderBlock {HTML} at (0,0) size 980x735
    RenderBody {BODY} at (8,8) size 964x719
      RenderText {#text} at (0,0) size 53x19
        text run at (0,0) width 53: "Line 1 "
      RenderInline {SPAN} at (0,0) size 53x19
        RenderText {#text} at (0,0) size 0x0
        RenderInline {SPAN} at (0,0) size 48x19
          RenderText {#text} at (53,2) size 48x19
            text run at (53,2) width 48: "Line 2"
        RenderText {#text} at (101,0) size 5x19
          text run at (101,0) width 5: " "
      RenderText {#text} at (106,0) size 48x19
        text run at (106,0) width 48: "Line 3"
