layer at (0,0) size 980x735
  RenderView at (0,0) size 980x735
layer at (0,0) size 980x735
  RenderBlock {HTML} at (0,0) size 980x735
    RenderBody {BODY} at (8,8) size 964x719
      RenderBlock {DIV} at (0,0) size 964x0
layer at (340,697) size 318x28
  RenderBlock (positioned) {FONT} at (340,697) size 318x28
    RenderText {#text} at (0,0) size 318x28
      text run at (0,0) width 318: "Hello World, And Stuff!"
