layer at (0,0) size 980x735
  RenderView at (0,0) size 980x735
layer at (0,0) size 980x735
  RenderBlock {HTML} at (0,0) size 980x735
    RenderBody {BODY} at (8,8) size 964x719
      RenderBlock {DIV} at (0,0) size 964x38
        RenderText {#text} at (0,0) size 962x38
          text run at (0,0) width 962: "This is currently broken, and this text will have to be updated once it is fixed. There should be two boxes below, but right"
          text run at (0,19) width 181: "now, there is only one:"
      RenderBlock (anonymous) at (0,38) size 964x19
        RenderInline {A} at (0,0) size 0x0 [color=#0000EE] [border: (3px solid #0000EE)]
          RenderText {#text} at (0,0) size 0x0
        RenderText {#text} at (0,0) size 0x0
        RenderInline {A} at (0,0) size 26x25 [color=#0000EE] [border: (3px solid #0000EE)]
          RenderText {#text} at (8,0) size 11x19
            text run at (8,0) width 11: "A"
        RenderText {#text} at (0,0) size 0x0
