layer at (0,0) size 980x735
  RenderView at (0,0) size 980x735
layer at (0,0) size 980x735
  RenderBlock {HTML} at (0,0) size 980x735
    RenderBody {BODY} at (8,8) size 964x711
      RenderBlock {DIV} at (0,0) size 964x19
        RenderText {#text} at (0,0) size 703x19
          text run at (0,0) width 703: "This test verifies that we draw borders and and backgrounds for inlines without content."
      RenderBlock (anonymous) at (0,19) size 964x19
        RenderBR {BR} at (0,0) size 0x19
      RenderBlock {DIV} at (0,38) size 964x19
        RenderText {#text} at (0,0) size 311x19
          text run at (0,0) width 311: "There should be two blue boxes below:"
      RenderBlock (anonymous) at (0,57) size 964x133
        RenderInline {A} at (0,0) size 15x25 [color=#0000EE] [border: (3px solid #0000EE)]
        RenderText {#text} at (0,0) size 0x0
        RenderInline {A} at (0,0) size 26x25 [color=#0000EE] [border: (3px solid #0000EE)]
          RenderText {#text} at (23,0) size 11x19
            text run at (23,0) width 11: "A"
        RenderText {#text} at (41,0) size 5x19
          text run at (41,0) width 5: " "
        RenderBR {BR} at (0,0) size 0x0
        RenderBR {BR} at (0,19) size 0x19
        RenderText {#text} at (0,38) size 335x19
          text run at (0,38) width 335: "There should be a blue box after this text:"
        RenderInline {A} at (0,0) size 10x29 [bgcolor=#0000FF]
        RenderText {#text} at (345,38) size 5x19
          text run at (345,38) width 5: " "
        RenderBR {BR} at (350,53) size 0x0
        RenderInline {A} at (0,0) size 10x29 [bgcolor=#0000FF]
        RenderText {#text} at (10,57) size 354x19
          text run at (10,57) width 354: "There should be a blue box before this text. "
        RenderBR {BR} at (0,0) size 0x0
        RenderBR {BR} at (0,76) size 0x19
        RenderInline {A} at (0,0) size 10x29
        RenderText {#text} at (10,95) size 414x19
          text run at (10,95) width 414: "There should be 10px of space left before this text. "
        RenderBR {BR} at (0,0) size 0x0
        RenderBR {BR} at (0,114) size 0x19
      RenderBlock {P} at (0,206) size 964x38
        RenderText {#text} at (0,0) size 245x19
          text run at (0,0) width 245: "This text is before the anchor. "
        RenderInline {A} at (0,0) size 0x0
        RenderText {#text} at (245,0) size 921x38
          text run at (245,0) width 522: "This text is after the anchor, but should be flush with the anchor. "
          text run at (767,0) width 154: "There should be no"
          text run at (0,19) width 425: "spaces in between the anchor and this following text."
      RenderBlock {P} at (0,260) size 964x19
        RenderInline {A} at (0,0) size 924x19
          RenderText {#text} at (0,0) size 924x19
            text run at (0,0) width 924: "This text should be flush with the anchor. There should not be a space between the anchor and the text on this line."
        RenderInline {A} at (0,0) size 0x0
          RenderText {#text} at (0,0) size 0x0
