layer at (0,0) size 980x735
  RenderView at (0,0) size 980x735
layer at (0,0) size 980x56
  RenderBlock {HTML} at (0,0) size 980x56
    RenderBody {BODY} at (8,8) size 964x40
      RenderBlock {DIV} at (0,0) size 322x40 [border: (1px solid #FF0000)]
        RenderInline {SPAN} at (0,0) size 319x40 [border: (1px solid #008000)]
          RenderText {#text} at (2,1) size 17x19
            text run at (2,1) width 17: "-- "
          RenderInline {SPAN} at (0,0) size 319x38
            RenderText {#text} at (19,1) size 17x19
              text run at (19,1) width 17: "-- "
            RenderInline {SPAN} at (0,0) size 319x38
              RenderText {#text} at (36,1) size 17x19
                text run at (36,1) width 17: "-- "
              RenderInline {SPAN} at (0,0) size 319x38
                RenderText {#text} at (53,1) size 17x19
                  text run at (53,1) width 17: "-- "
                RenderInline {SPAN} at (0,0) size 319x38
                  RenderText {#text} at (70,1) size 17x19
                    text run at (70,1) width 17: "-- "
                  RenderInline {SPAN} at (0,0) size 319x38
                    RenderText {#text} at (87,1) size 17x19
                      text run at (87,1) width 17: "-- "
                    RenderInline {SPAN} at (0,0) size 319x38
                      RenderText {#text} at (104,1) size 17x19
                        text run at (104,1) width 17: "-- "
                      RenderInline {SPAN} at (0,0) size 319x38
                        RenderText {#text} at (121,1) size 17x19
                          text run at (121,1) width 17: "-- "
                        RenderInline {SPAN} at (0,0) size 319x38
                          RenderText {#text} at (138,1) size 17x19
                            text run at (138,1) width 17: "-- "
                          RenderInline {SPAN} at (0,0) size 319x38
                            RenderText {#text} at (155,1) size 17x19
                              text run at (155,1) width 17: "-- "
                            RenderInline {SPAN} at (0,0) size 319x38
                              RenderText {#text} at (172,1) size 17x19
                                text run at (172,1) width 17: "-- "
                              RenderInline {SPAN} at (0,0) size 319x38
                                RenderText {#text} at (189,1) size 17x19
                                  text run at (189,1) width 17: "-- "
                                RenderInline {SPAN} at (0,0) size 319x38
                                  RenderText {#text} at (206,1) size 17x19
                                    text run at (206,1) width 17: "-- "
                                  RenderInline {SPAN} at (0,0) size 319x38
                                    RenderText {#text} at (223,1) size 17x19
                                      text run at (223,1) width 17: "-- "
                                    RenderInline {SPAN} at (0,0) size 319x38
                                      RenderText {#text} at (240,1) size 17x19
                                        text run at (240,1) width 17: "-- "
                                      RenderInline {SPAN} at (0,0) size 319x38
                                        RenderText {#text} at (257,1) size 17x19
                                          text run at (257,1) width 17: "-- "
                                        RenderInline {SPAN} at (0,0) size 319x38
                                          RenderText {#text} at (274,1) size 17x19
                                            text run at (274,1) width 17: "-- "
                                          RenderInline {SPAN} at (0,0) size 319x38
                                            RenderText {#text} at (291,1) size 17x19
                                              text run at (291,1) width 17: "-- "
                                            RenderInline {SPAN} at (0,0) size 319x38
                                              RenderText {#text} at (308,1) size 12x19
                                                text run at (308,1) width 12: "--"
                                              RenderInline {SPAN} at (0,0) size 80x19
                                                RenderText {#text} at (1,20) size 17x19
                                                  text run at (1,20) width 17: "-- "
                                                RenderInline {SPAN} at (0,0) size 63x19
                                                  RenderText {#text} at (18,20) size 17x19
                                                    text run at (18,20) width 17: "-- "
                                                  RenderInline {SPAN} at (0,0) size 46x19
                                                    RenderText {#text} at (35,20) size 17x19
                                                      text run at (35,20) width 17: "-- "
                                                    RenderInline {SPAN} at (0,0) size 29x19
                                                      RenderText {#text} at (52,20) size 17x19
                                                        text run at (52,20) width 17: "-- "
                                                      RenderInline {SPAN} at (0,0) size 12x19
                                                        RenderText {#text} at (69,20) size 12x19
                                                          text run at (69,20) width 12: "--"
        RenderText {#text} at (0,0) size 0x0
