layer at (0,0) size 980x735
  RenderView at (0,0) size 980x735
layer at (0,0) size 980x649
  RenderBlock {HTML} at (0,0) size 980x649
    RenderBody {BODY} at (8,21) size 964x407
      RenderBlock {H1} at (0,0) size 964x37 [color=#990000]
        RenderText {#text} at (0,0) size 907x38
          text run at (0,0) width 907: "Webkit background image positioning on RTL text"
      RenderBlock {H2} at (0,58) size 964x28
        RenderText {#text} at (0,0) size 344x28
          text run at (0,0) width 344: "Behaviour within <p> tag"
      RenderBlock (floating) {DIV} at (0,105) size 318x253 [bgcolor=#DDDDDD]
        RenderBlock {P} at (6,22) size 306x209
          RenderText {#text} at (22,0) size 279x209
            text run at (22,0) width 226: "Lorem ipsum dolor sit amet,"
            text run at (22,19) width 218: "consectetur adipiscing elit. "
            text run at (240,19) width 38: "Nam"
            text run at (22,38) width 278: "mollis, elit eu vulputate ornare, est"
            text run at (22,57) width 224: "urna congue felis, id auctor "
            text run at (246,57) width 36: "arcu"
            text run at (22,76) width 266: "odio imperdiet nulla. Cras viverra"
            text run at (22,95) width 182: "interdum diam blandit "
            text run at (204,95) width 84: "adipiscing."
            text run at (22,114) width 269: "Aliquam erat felis, iaculis sit amet"
            text run at (22,133) width 111: "rhoncus quis, "
            text run at (133,133) width 168: "condimentum at nisl."
            text run at (22,152) width 261: "Duis malesuada quam vel augue"
            text run at (22,171) width 132: "hendrerit porta. "
            text run at (154,171) width 84: "Nulla vitae"
            text run at (22,190) width 157: "elementum mauris."
      RenderBlock (floating) {DIV} at (332,105) size 318x196 [bgcolor=#DDDDDD]
        RenderBlock {P} at (6,22) size 306x152
          RenderText {#text} at (26,0) size 273x152
            text run at (26,0) width 258 RTL: "\x{5D4}\x{5D5}\x{5D1}\x{5DC}\x{5EA} \x{5D3}\x{5D9}\x{5E8}\x{5D5}\x{5EA} \x{5D1}\x{5DB}\x{5DC} \x{5D4}\x{5D0}\x{5E8}\x{5E5} \x{5E9}\x{5D9}\x{5E8}\x{5D5}\x{5EA}, \x{5D0}\x{5D9}\x{5DB}\x{5D5}\x{5EA}"
            text run at (20,19) width 264 RTL: "\x{5D5}\x{5DE}\x{5D7}\x{5D9}\x{5E8}\x{5D9}\x{5DD} \x{5DC}\x{5DC}\x{5D0} \x{5EA}\x{5D7}\x{5E8}\x{5D5}\x{5EA} \x{5D4}\x{5D5}\x{5D1}\x{5DC}\x{5EA} \x{5D3}\x{5D9}\x{5E8}\x{5D5}\x{5EA} \x{5D1}\x{5DB}\x{5DC}"
            text run at (11,38) width 273 RTL: "\x{5D4}\x{5D0}\x{5E8}\x{5E5} \x{5E9}\x{5D9}\x{5E8}\x{5D5}\x{5EA}, \x{5D0}\x{5D9}\x{5DB}\x{5D5}\x{5EA} \x{5D5}\x{5DE}\x{5D7}\x{5D9}\x{5E8}\x{5D9}\x{5DD} \x{5DC}\x{5DC}\x{5D0} \x{5EA}\x{5D7}\x{5E8}\x{5D5}\x{5EA}"
            text run at (26,57) width 258 RTL: "\x{5D4}\x{5D5}\x{5D1}\x{5DC}\x{5EA} \x{5D3}\x{5D9}\x{5E8}\x{5D5}\x{5EA} \x{5D1}\x{5DB}\x{5DC} \x{5D4}\x{5D0}\x{5E8}\x{5E5} \x{5E9}\x{5D9}\x{5E8}\x{5D5}\x{5EA}, \x{5D0}\x{5D9}\x{5DB}\x{5D5}\x{5EA}"
            text run at (20,76) width 264 RTL: "\x{5D5}\x{5DE}\x{5D7}\x{5D9}\x{5E8}\x{5D9}\x{5DD} \x{5DC}\x{5DC}\x{5D0} \x{5EA}\x{5D7}\x{5E8}\x{5D5}\x{5EA} \x{5D4}\x{5D5}\x{5D1}\x{5DC}\x{5EA} \x{5D3}\x{5D9}\x{5E8}\x{5D5}\x{5EA} \x{5D1}\x{5DB}\x{5DC}"
            text run at (11,95) width 273 RTL: "\x{5D4}\x{5D0}\x{5E8}\x{5E5} \x{5E9}\x{5D9}\x{5E8}\x{5D5}\x{5EA}, \x{5D0}\x{5D9}\x{5DB}\x{5D5}\x{5EA} \x{5D5}\x{5DE}\x{5D7}\x{5D9}\x{5E8}\x{5D9}\x{5DD} \x{5DC}\x{5DC}\x{5D0} \x{5EA}\x{5D7}\x{5E8}\x{5D5}\x{5EA}"
            text run at (26,114) width 258 RTL: "\x{5D4}\x{5D5}\x{5D1}\x{5DC}\x{5EA} \x{5D3}\x{5D9}\x{5E8}\x{5D5}\x{5EA} \x{5D1}\x{5DB}\x{5DC} \x{5D4}\x{5D0}\x{5E8}\x{5E5} \x{5E9}\x{5D9}\x{5E8}\x{5D5}\x{5EA}, \x{5D0}\x{5D9}\x{5DB}\x{5D5}\x{5EA}"
            text run at (147,133) width 137 RTL: "\x{5D5}\x{5DE}\x{5D7}\x{5D9}\x{5E8}\x{5D9}\x{5DD} \x{5DC}\x{5DC}\x{5D0} \x{5EA}\x{5D7}\x{5E8}\x{5D5}\x{5EA}"
      RenderBlock {HR} at (0,358) size 964x2 [border: (1px inset #000000)]
      RenderBlock {H2} at (0,379) size 964x28
        RenderText {#text} at (0,0) size 343x28
          text run at (0,0) width 343: "Behaviour within <a> tag"
      RenderBlock (floating) {DIV} at (0,426) size 318x202 [bgcolor=#DDDDDD]
        RenderInline {A} at (0,0) size 306x190 [color=#0000EE]
          RenderText {#text} at (28,6) size 306x190
            text run at (28,6) width 226: "Lorem ipsum dolor sit amet,"
            text run at (6,25) width 100: "consectetur "
            text run at (106,25) width 156: "adipiscing elit. Nam"
            text run at (6,44) width 278: "mollis, elit eu vulputate ornare, est"
            text run at (6,63) width 106: "urna congue "
            text run at (112,63) width 193: "felis, id auctor arcu odio"
            text run at (6,82) width 305: "imperdiet nulla. Cras viverra interdum"
            text run at (6,101) width 45: "diam "
            text run at (51,101) width 251: "blandit adipiscing. Aliquam erat"
            text run at (6,120) width 272: "felis, iaculis sit amet rhoncus quis,"
            text run at (6,139) width 300: "condimentum at nisl. Duis malesuada"
            text run at (6,158) width 266: "quam vel augue hendrerit porta. "
            text run at (272,158) width 40: "Nulla"
            text run at (6,177) width 201: "vitae elementum mauris."
        RenderText {#text} at (0,0) size 0x0
      RenderBlock (floating) {DIV} at (332,426) size 318x164 [bgcolor=#DDDDDD]
        RenderInline {A} at (0,0) size 306x152 [color=#0000EE]
          RenderText {#text} at (32,6) size 306x152
            text run at (32,6) width 258 RTL: "\x{5D4}\x{5D5}\x{5D1}\x{5DC}\x{5EA} \x{5D3}\x{5D9}\x{5E8}\x{5D5}\x{5EA} \x{5D1}\x{5DB}\x{5DC} \x{5D4}\x{5D0}\x{5E8}\x{5E5} \x{5E9}\x{5D9}\x{5E8}\x{5D5}\x{5EA}, \x{5D0}\x{5D9}\x{5DB}\x{5D5}\x{5EA}"
            text run at (6,25) width 306 RTL: "\x{5D5}\x{5DE}\x{5D7}\x{5D9}\x{5E8}\x{5D9}\x{5DD} \x{5DC}\x{5DC}\x{5D0} \x{5EA}\x{5D7}\x{5E8}\x{5D5}\x{5EA} \x{5D4}\x{5D5}\x{5D1}\x{5DC}\x{5EA} \x{5D3}\x{5D9}\x{5E8}\x{5D5}\x{5EA} \x{5D1}\x{5DB}\x{5DC} \x{5D4}\x{5D0}\x{5E8}\x{5E5}"
            text run at (31,44) width 281 RTL: "\x{5E9}\x{5D9}\x{5E8}\x{5D5}\x{5EA}, \x{5D0}\x{5D9}\x{5DB}\x{5D5}\x{5EA} \x{5D5}\x{5DE}\x{5D7}\x{5D9}\x{5E8}\x{5D9}\x{5DD} \x{5DC}\x{5DC}\x{5D0} \x{5EA}\x{5D7}\x{5E8}\x{5D5}\x{5EA} \x{5D4}\x{5D5}\x{5D1}\x{5DC}\x{5EA}"
            text run at (12,63) width 300 RTL: "\x{5D3}\x{5D9}\x{5E8}\x{5D5}\x{5EA} \x{5D1}\x{5DB}\x{5DC} \x{5D4}\x{5D0}\x{5E8}\x{5E5} \x{5E9}\x{5D9}\x{5E8}\x{5D5}\x{5EA}, \x{5D0}\x{5D9}\x{5DB}\x{5D5}\x{5EA} \x{5D5}\x{5DE}\x{5D7}\x{5D9}\x{5E8}\x{5D9}\x{5DD} \x{5DC}\x{5DC}\x{5D0}"
            text run at (47,82) width 265 RTL: "\x{5EA}\x{5D7}\x{5E8}\x{5D5}\x{5EA} \x{5D4}\x{5D5}\x{5D1}\x{5DC}\x{5EA} \x{5D3}\x{5D9}\x{5E8}\x{5D5}\x{5EA} \x{5D1}\x{5DB}\x{5DC} \x{5D4}\x{5D0}\x{5E8}\x{5E5} \x{5E9}\x{5D9}\x{5E8}\x{5D5}\x{5EA},"
            text run at (39,101) width 273 RTL: "\x{5D0}\x{5D9}\x{5DB}\x{5D5}\x{5EA} \x{5D5}\x{5DE}\x{5D7}\x{5D9}\x{5E8}\x{5D9}\x{5DD} \x{5DC}\x{5DC}\x{5D0} \x{5EA}\x{5D7}\x{5E8}\x{5D5}\x{5EA} \x{5D4}\x{5D5}\x{5D1}\x{5DC}\x{5EA} \x{5D3}\x{5D9}\x{5E8}\x{5D5}\x{5EA}"
            text run at (55,120) width 257 RTL: "\x{5D1}\x{5DB}\x{5DC} \x{5D4}\x{5D0}\x{5E8}\x{5E5} \x{5E9}\x{5D9}\x{5E8}\x{5D5}\x{5EA}, \x{5D0}\x{5D9}\x{5DB}\x{5D5}\x{5EA} \x{5D5}\x{5DE}\x{5D7}\x{5D9}\x{5E8}\x{5D9}\x{5DD} \x{5DC}\x{5DC}\x{5D0}"
            text run at (267,139) width 45 RTL: "\x{5EA}\x{5D7}\x{5E8}\x{5D5}\x{5EA}"
        RenderText {#text} at (0,0) size 0x0
