layer at (0,0) size 1066x735
  RenderView at (0,0) size 980x735
layer at (0,0) size 980x735
  RenderBlock {HTML} at (0,0) size 980x735
    RenderBody {BODY} at (8,8) size 964x719
      RenderBlock {DIV} at (0,0) size 964x0
      RenderBlock {DIV} at (0,0) size 964x0
      RenderBlock {DIV} at (0,0) size 964x0
      RenderBlock {DIV} at (0,0) size 964x0
      RenderBlock {DIV} at (0,0) size 964x0
      RenderBlock {DIV} at (0,0) size 964x0
      RenderBlock {DIV} at (0,0) size 964x0
      RenderBlock {DIV} at (0,0) size 964x0
layer at (237,697) size 253x28
  RenderBlock (positioned) {FONT} at (237,697) size 253x28
    RenderText {#text} at (0,0) size 253x28
      text run at (0,0) width 253: "RTL-Center-Aligned"
layer at (-86,601) size 94x84 backgroundClip at (0,0) size 1066x735 clip at (0,0) size 1066x735 outlineClip at (0,0) size 1066x735
  RenderBlock (positioned) {FONT} at (-86,601) size 94x84
    RenderText {#text} at (0,0) size 94x84
      text run at (0,0) width 62: "RTL-"
      text run at (0,28) width 63: "Left-"
      text run at (0,56) width 94: "Aligned"
layer at (737,607) size 235x28
  RenderBlock (positioned) {FONT} at (737,607) size 235x28
    RenderText {#text} at (0,0) size 235x28
      text run at (0,0) width 235: "RTL-Right-Aligned"
layer at (770,557) size 202x28
  RenderBlock (positioned) {FONT} at (770,557) size 202x28
    RenderText {#text} at (0,0) size 202x28
      text run at (0,0) width 202: "RTL-No-Aligned"
layer at (490,507) size 253x28
  RenderBlock (positioned) {FONT} at (490,507) size 253x28
    RenderText {#text} at (0,0) size 253x28
      text run at (0,0) width 253: "LTR-Center-Aligned"
layer at (8,457) size 219x28
  RenderBlock (positioned) {FONT} at (8,457) size 219x28
    RenderText {#text} at (0,0) size 219x28
      text run at (0,0) width 219: "LTR-Left-Aligned"
layer at (972,351) size 94x84
  RenderBlock (positioned) {FONT} at (972,351) size 94x84
    RenderText {#text} at (32,0) size 94x84
      text run at (32,0) width 62: "LTR-"
      text run at (15,28) width 79: "Right-"
      text run at (0,56) width 94: "Aligned"
layer at (8,407) size 202x28
  RenderBlock (positioned) {FONT} at (8,407) size 202x28
    RenderText {#text} at (0,0) size 202x28
      text run at (0,0) width 202: "LTR-No-Aligned"
