layer at (0,0) size 2495x735
  RenderView at (0,0) size 980x735
layer at (0,0) size 980x735
  RenderBlock {HTML} at (0,0) size 980x735
    RenderBody {BODY} at (8,8) size 964x719
      RenderInline {SPAN} at (0,0) size 2487x19
        RenderText {#text} at (0,0) size 2487x19
          text run at (0,0) width 2487: "Side note.  Both GR's have been cleaned by both myself and Miguet -  Please keep our GR's clean or there will be Fire and Brimstone.  The state of the GR2 today was Unacceptable with random parts that were suppose to be KGB that were not labeled,  RTW,  RFP and attached to a machine in awaiting parts. .  "
      RenderText {#text} at (0,0) size 0x0
