layer at (0,0) size 980x735
  RenderView at (0,0) size 980x735
layer at (0,0) size 980x735
  RenderBlock {HTML} at (0,0) size 980x735
    RenderBody {BODY} at (8,8) size 964x719
      RenderBlock (floating) {DIV} at (0,0) size 67x28 [border: (1px solid #000000)]
        RenderBlock {SPAN} at (1,1) size 65x26
          RenderBlock {SPAN} at (0,0) size 65x26
            RenderText {#text} at (0,4) size 65x15
              text run at (0,4) width 65: "Float Text"
          RenderText {#text} at (0,0) size 0x0
        RenderText {#text} at (0,0) size 0x0
      RenderText {#text} at (69,0) size 598x19
        text run at (69,0) width 598: "The float on the left should have a black border enclosing its text contents."
