layer at (0,0) size 980x735
  RenderView at (0,0) size 980x735
layer at (0,0) size 980x735
  RenderBlock {HTML} at (0,0) size 980x735
    RenderBody {BODY} at (8,8) size 964x708
      RenderBlock (anonymous) at (0,0) size 964x22
        RenderInline {BIG} at (0,0) size 49x22
          RenderText {#text} at (0,0) size 0x0
          RenderInline {PARSERERROR} at (0,0) size 49x22
            RenderText {#text} at (0,0) size 49x22
              text run at (0,0) width 49: "TEXT"
      RenderBlock (anonymous) at (0,41) size 964x0
        RenderBlock {P} at (0,0) size 964x0
      RenderBlock (anonymous) at (0,41) size 964x0
        RenderInline {BIG} at (0,0) size 0x0
          RenderInline {PARSERERROR} at (0,0) size 0x0
