layer at (0,0) size 980x735
  RenderView at (0,0) size 980x735
layer at (0,0) size 980x735
  RenderBlock {HTML} at (0,0) size 980x735
    RenderBody {BODY} at (8,8) size 964x719
      RenderInline {SPAN} at (0,0) size 337x19
        RenderText {#text} at (241,0) size 337x19
          text run at (241,0) width 337: "This span has 25% margins on either side."
      RenderText {#text} at (819,0) size 39x19
        text run at (819,0) width 39: "See?"
