layer at (0,0) size 980x735
  RenderView at (0,0) size 980x735
layer at (0,0) size 980x130
  RenderBlock {HTML} at (0,0) size 980x130
    RenderBody {BODY} at (8,8) size 964x114
      RenderBlock {DIV} at (0,10) size 100x100 [bgcolor=#FF0000]
      RenderText {#text} at (100,95) size 5x19
        text run at (100,95) width 5: " "
      RenderBlock {DIV} at (-5,0) size 110x110 [bgcolor=#008000]
      RenderText {#text} at (0,0) size 0x0
