layer at (0,0) size 980x735
  RenderView at (0,0) size 980x735
layer at (0,0) size 980x300
  RenderBlock {HTML} at (0,0) size 980x300
    RenderBody {BODY} at (8,8) size 964x284
      RenderBlock {DIV} at (0,0) size 964x35 [bgcolor=#CCCCCC]
        RenderInline {SPAN} at (0,0) size 40x18 [bgcolor=#FF0000]
          RenderText {#text} at (0,18) size 40x18
            text run at (0,18) width 40: "small"
        RenderText {#text} at (40,16) size 5x19
          text run at (40,16) width 5: " "
        RenderInline {SPAN} at (0,0) size 53x35 [bgcolor=#FF0000]
          RenderText {#text} at (45,0) size 53x35
            text run at (45,0) width 53: "BIG"
        RenderText {#text} at (0,0) size 0x0
      RenderBlock {DIV} at (0,39) size 964x141 [bgcolor=#CCCCCC]
        RenderInline {SPAN} at (0,0) size 40x18 [bgcolor=#FF0000]
          RenderText {#text} at (0,41) size 40x18
            text run at (0,41) width 40: "small"
        RenderText {#text} at (40,81) size 5x19
          text run at (40,81) width 5: " "
        RenderInline {SPAN} at (0,0) size 53x35 [bgcolor=#FF0000]
          RenderText {#text} at (45,32) size 53x35
            text run at (45,32) width 53: "BIG"
        RenderText {#text} at (0,0) size 0x0
      RenderBlock {DIV} at (0,184) size 964x100 [bgcolor=#CCCCCC]
        RenderInline {SPAN} at (0,0) size 40x18 [bgcolor=#FF0000]
          RenderText {#text} at (0,18) size 40x18
            text run at (0,18) width 40: "small"
        RenderText {#text} at (40,16) size 5x19
          text run at (40,16) width 5: " "
        RenderInline {SPAN} at (0,0) size 53x35 [bgcolor=#FF0000]
          RenderText {#text} at (45,0) size 53x35
            text run at (45,0) width 53: "BIG"
        RenderText {#text} at (0,0) size 0x0
