layer at (0,0) size 800x600
  RenderView at (0,0) size 800x600
layer at (0,0) size 800x600
  RenderBlock {HTML} at (0,0) size 800x600
    RenderBody {BODY} at (8,8) size 784x584
      RenderTable {TABLE} at (0,0) size 284x224 [border: (2px outset #808080)]
        RenderTableSection {TBODY} at (2,2) size 280x220
          RenderTableRow {TR} at (0,2) size 280x216
            RenderTableCell {TD} at (2,2) size 228x216 [border: (1px inset #808080)] [r=0 c=0 rs=1 cs=1]
              RenderText {#text} at (101,101) size 26x14
                text run at (101,101) width 26: "Hello"
            RenderTableCell {TD} at (232,102) size 46x16 [border: (1px inset #808080)] [r=0 c=1 rs=1 cs=1]
              RenderText {#text} at (1,1) size 44x14
                text run at (1,1) width 44: "Goodbye"
      RenderBlock {DIV} at (0,224) size 784x0
