layer at (0,0) size 800x600
  RenderView at (0,0) size 800x600
layer at (0,0) size 800x600
  RenderBlock {HTML} at (0,0) size 800x600
    RenderBody {BODY} at (8,8) size 784x584
      RenderTable {TABLE} at (0,0) size 770x70
        RenderTableSection {TBODY} at (0,0) size 770x70
          RenderTableRow {TR} at (0,0) size 770x14
            RenderTableCell {TD} at (0,28) size 130x14 [bgcolor=#008000] [r=0 c=0 rs=5 cs=1]
              RenderTable {TABLE} at (0,0) size 130x14
                RenderTableSection {TBODY} at (0,0) size 130x14
                  RenderTableRow {TR} at (0,0) size 130x14
                    RenderTableCell {TD} at (0,0) size 130x14 [r=0 c=0 rs=1 cs=1]
                      RenderImage {IMG} at (0,0) size 130x0
                      RenderBR {BR} at (130,0) size 0x0
                      RenderText {#text} at (0,0) size 6x14
                        text run at (0,0) width 6: "1"
            RenderTableCell {TD} at (130,31) size 3x7 [bgcolor=#FF0000] [r=0 c=1 rs=5 cs=1]
              RenderImage {IMG} at (0,0) size 1x7
            RenderTableCell {TD} at (133,0) size 280x14 [bgcolor=#800080] [r=0 c=2 rs=1 cs=1]
              RenderText {#text} at (0,0) size 6x14
                text run at (0,0) width 6: "3"
            RenderTableCell {TD} at (413,0) size 7x14 [bgcolor=#0000FF] [r=0 c=3 rs=1 cs=1]
              RenderText {#text} at (0,0) size 6x14
                text run at (0,0) width 6: "4"
            RenderTableCell {TD} at (420,0) size 350x14 [bgcolor=#FFA500] [r=0 c=4 rs=1 cs=1]
              RenderText {#text} at (0,0) size 6x14
                text run at (0,0) width 6: "5"
          RenderTableRow {TR} at (0,14) size 770x14
            RenderTableCell {TD} at (133,21) size 280x14 [bgcolor=#800080] [r=1 c=2 rs=2 cs=1]
              RenderImage {IMG} at (0,0) size 280x0
              RenderBR {BR} at (280,0) size 0x0
              RenderText {#text} at (0,0) size 6x14
                text run at (0,0) width 6: "3"
            RenderTableCell {TD} at (413,21) size 7x14 [bgcolor=#0000FF] [r=1 c=3 rs=2 cs=1]
              RenderText {#text} at (0,0) size 6x14
                text run at (0,0) width 6: "4"
            RenderTableCell {TD} at (420,14) size 350x14 [bgcolor=#FFA500] [r=1 c=4 rs=1 cs=1]
              RenderText {#text} at (0,0) size 6x14
                text run at (0,0) width 6: "5"
          RenderTableRow {TR} at (0,28) size 770x14
            RenderTableCell {TD} at (420,28) size 350x14 [r=2 c=4 rs=1 cs=1]
              RenderTable {TABLE} at (0,0) size 350x14 [bgcolor=#FFA500]
                RenderTableSection {TBODY} at (0,0) size 350x14
                  RenderTableRow {TR} at (0,0) size 350x14
                    RenderTableCell {TD} at (0,0) size 273x14 [r=0 c=0 rs=1 cs=1]
                      RenderImage {IMG} at (0,0) size 267x0
                      RenderBR {BR} at (267,0) size 0x0
                      RenderText {#text} at (0,0) size 6x14
                        text run at (0,0) width 6: "5"
                    RenderTableCell {TD} at (273,7) size 77x0 [r=0 c=1 rs=1 cs=1]
                      RenderImage {IMG} at (0,0) size 77x0
          RenderTableRow {TR} at (0,42) size 770x14
            RenderTableCell {TD} at (133,42) size 280x14 [bgcolor=#800080] [r=3 c=2 rs=1 cs=1]
              RenderText {#text} at (0,0) size 6x14
                text run at (0,0) width 6: "3"
            RenderTableCell {TD} at (413,42) size 7x14 [bgcolor=#0000FF] [r=3 c=3 rs=1 cs=1]
              RenderText {#text} at (0,0) size 6x14
                text run at (0,0) width 6: "4"
            RenderTableCell {TD} at (420,42) size 350x14 [bgcolor=#FFA500] [r=3 c=4 rs=1 cs=1]
              RenderText {#text} at (0,0) size 6x14
                text run at (0,0) width 6: "5"
          RenderTableRow {TR} at (0,56) size 770x14
            RenderTableCell {TD} at (133,56) size 280x14 [bgcolor=#800080] [r=4 c=2 rs=1 cs=1]
              RenderText {#text} at (0,0) size 6x14
                text run at (0,0) width 6: "3"
            RenderTableCell {TD} at (413,56) size 7x14 [bgcolor=#0000FF] [r=4 c=3 rs=1 cs=1]
              RenderText {#text} at (0,0) size 6x14
                text run at (0,0) width 6: "4"
            RenderTableCell {TD} at (420,56) size 350x14 [bgcolor=#FFA500] [r=4 c=4 rs=1 cs=1]
              RenderText {#text} at (0,0) size 6x14
                text run at (0,0) width 6: "5"
