layer at (0,0) size 800x600
  RenderView at (0,0) size 800x600
layer at (0,0) size 800x600
  RenderBlock {HTML} at (0,0) size 800x600
    RenderBody {BODY} at (8,8) size 784x584
      RenderBlock {DIV} at (0,0) size 784x0
      RenderTable {TABLE} at (0,0) size 80x20
        RenderTableSection {TBODY} at (0,0) size 80x20
          RenderTableRow {TR} at (0,2) size 80x16
            RenderTableCell {TD} at (2,2) size 28x16 [r=0 c=0 rs=1 cs=1]
              RenderText {#text} at (1,1) size 26x14
                text run at (1,1) width 26: "Hello"
            RenderTableCell {TD} at (32,2) size 46x16 [r=0 c=1 rs=1 cs=1]
              RenderText {#text} at (1,1) size 44x14
                text run at (1,1) width 44: "Goodbye"
