layer at (0,0) size 800x600
  RenderView at (0,0) size 800x600
layer at (0,0) size 800x76
  RenderBlock {HTML} at (0,0) size 800x76
    RenderBody {BODY} at (8,8) size 784x60
      RenderTable {TABLE} at (0,0) size 54x60
        RenderTableSection {THEAD} at (0,0) size 54x20
          RenderTableRow {TR} at (0,2) size 54x16
            RenderTableCell {TH} at (2,2) size 11x16 [color=#FF0000] [r=0 c=0 rs=1 cs=1]
              RenderText {#text} at (1,1) size 9x14
                text run at (1,1) width 9: "H"
            RenderTableCell {TH} at (15,2) size 11x16 [color=#FF0000] [r=0 c=1 rs=1 cs=1]
              RenderText {#text} at (1,1) size 9x14
                text run at (1,1) width 9: "E"
            RenderTableCell {TH} at (28,2) size 11x16 [color=#FF0000] [r=0 c=2 rs=1 cs=1]
              RenderText {#text} at (1,1) size 9x14
                text run at (1,1) width 9: "A"
            RenderTableCell {TH} at (41,2) size 11x16 [color=#FF0000] [r=0 c=3 rs=1 cs=1]
              RenderText {#text} at (1,1) size 9x14
                text run at (1,1) width 9: "D"
        RenderTableSection {TFOOT} at (0,40) size 54x20
          RenderTableRow {TR} at (0,2) size 54x16
            RenderTableCell {TH} at (2,2) size 11x16 [color=#0000FF] [r=0 c=0 rs=1 cs=1]
              RenderText {#text} at (2,1) size 7x14
                text run at (2,1) width 7: "F"
            RenderTableCell {TH} at (15,2) size 11x16 [color=#0000FF] [r=0 c=1 rs=1 cs=1]
              RenderText {#text} at (1,1) size 9x14
                text run at (1,1) width 9: "O"
            RenderTableCell {TH} at (28,2) size 11x16 [color=#0000FF] [r=0 c=2 rs=1 cs=1]
              RenderText {#text} at (1,1) size 9x14
                text run at (1,1) width 9: "O"
            RenderTableCell {TH} at (41,2) size 11x16 [color=#0000FF] [r=0 c=3 rs=1 cs=1]
              RenderText {#text} at (1,1) size 9x14
                text run at (1,1) width 9: "T"
        RenderTableSection {TBODY} at (0,20) size 54x20
          RenderTableRow {TR} at (0,2) size 54x16
            RenderTableCell {TD} at (2,2) size 11x16 [color=#008000] [r=0 c=0 rs=1 cs=1]
              RenderText {#text} at (1,1) size 6x14
                text run at (1,1) width 6: "b"
            RenderTableCell {TD} at (15,2) size 11x16 [color=#008000] [r=0 c=1 rs=1 cs=1]
              RenderText {#text} at (1,1) size 6x14
                text run at (1,1) width 6: "o"
            RenderTableCell {TD} at (28,2) size 11x16 [color=#008000] [r=0 c=2 rs=1 cs=1]
              RenderText {#text} at (1,1) size 6x14
                text run at (1,1) width 6: "d"
            RenderTableCell {TD} at (41,2) size 11x16 [color=#008000] [r=0 c=3 rs=1 cs=1]
              RenderText {#text} at (1,1) size 6x14
                text run at (1,1) width 6: "y"
