layer at (0,0) size 800x600
  RenderView at (0,0) size 800x600
layer at (0,0) size 800x600
  RenderBlock {HTML} at (0,0) size 800x600
    RenderBody {BODY} at (8,8) size 784x584
      RenderTable {TABLE} at (0,0) size 784x84 [bgcolor=#808000]
        RenderTableSection {TBODY} at (0,0) size 784x84
          RenderTableRow {TR} at (0,0) size 784x84
            RenderTableCell {TD} at (0,0) size 54x84 [r=0 c=0 rs=1 cs=1]
              RenderText {#text} at (0,0) size 54x84
                text run at (0,0) width 40: "Dorothy"
                text run at (0,14) width 54: "Rothschild:"
                text run at (0,28) width 27: "Love,"
                text run at (0,42) width 44: "curiosity,"
                text run at (0,56) width 37: "freckles"
                text run at (0,70) width 17: "and"
            RenderTableCell {TD} at (54,0) size 730x14 [bgcolor=#008000] [r=0 c=1 rs=1 cs=1]
              RenderText {#text} at (0,0) size 147x14
                text run at (0,0) width 147: "Animal Friends Rescue Project"
