layer at (0,0) size 800x600
  RenderView at (0,0) size 800x600
layer at (0,0) size 800x600
  RenderBlock {HTML} at (0,0) size 800x600
    RenderBody {BODY} at (8,8) size 784x580
      RenderTable {TABLE} at (0,0) size 784x64
        RenderTableSection {TBODY} at (0,0) size 784x64
          RenderTableRow {TR} at (0,2) size 784x60
            RenderTableCell {TD} at (2,23) size 720x18 [border: (1px solid #008000)] [r=0 c=0 rs=1 cs=1]
              RenderText {#text} at (2,2) size 6x14
                text run at (2,2) width 6: "1"
            RenderTableCell {TD} at (724,2) size 46x60 [border: (1px solid #008000)] [r=0 c=1 rs=1 cs=1]
              RenderText {#text} at (2,2) size 42x56
                text run at (2,2) width 40: "See, this"
                text run at (2,16) width 25: "is the"
                text run at (2,30) width 42: "problem."
                text run at (2,44) width 37: "It will..."
            RenderTableCell {TD} at (772,23) size 10x18 [border: (1px solid #008000)] [r=0 c=2 rs=1 cs=1]
              RenderText {#text} at (2,2) size 6x14
                text run at (2,2) width 6: "3"
      RenderBlock {P} at (0,76) size 784x0
      RenderTable {TABLE} at (0,76) size 784x156
        RenderTableSection {TBODY} at (0,0) size 784x156
          RenderTableRow {TR} at (0,2) size 784x152
            RenderTableCell {TD} at (2,2) size 780x152 [border: (1px solid #008000)] [r=0 c=0 rs=1 cs=1]
              RenderTable {TABLE} at (2,2) size 776x148
                RenderTableSection {TBODY} at (0,0) size 776x148
                  RenderTableRow {TR} at (0,2) size 776x144
                    RenderTableCell {TD} at (2,65) size 712x18 [border: (1px solid #008000)] [r=0 c=0 rs=1 cs=1]
                      RenderText {#text} at (2,2) size 6x14
                        text run at (2,2) width 6: "1"
                    RenderTableCell {TD} at (716,2) size 46x144 [border: (1px solid #008000)] [r=0 c=1 rs=1 cs=1]
                      RenderText {#text} at (2,2) size 42x140
                        text run at (2,2) width 40: "See, this"
                        text run at (2,16) width 25: "is the"
                        text run at (2,30) width 42: "problem."
                        text run at (2,44) width 30: "S See,"
                        text run at (2,58) width 28: "this is"
                        text run at (2,72) width 14: "the"
                        text run at (2,86) width 42: "problem."
                        text run at (2,100) width 40: "See, this"
                        text run at (2,114) width 25: "is the"
                        text run at (2,128) width 42: "problem."
                    RenderTableCell {TD} at (764,65) size 10x18 [border: (1px solid #008000)] [r=0 c=2 rs=1 cs=1]
                      RenderText {#text} at (2,2) size 6x14
                        text run at (2,2) width 6: "3"
      RenderBlock {P} at (0,244) size 784x0
      RenderTable {TABLE} at (0,244) size 395x156
        RenderTableSection {TBODY} at (0,0) size 395x156
          RenderTableRow {TR} at (0,2) size 395x152
            RenderTableCell {TD} at (2,2) size 391x152 [border: (1px solid #008000)] [r=0 c=0 rs=1 cs=1]
              RenderTable {TABLE} at (2,2) size 387x148
                RenderTableSection {TBODY} at (0,0) size 387x148
                  RenderTableRow {TR} at (0,2) size 387x144
                    RenderTableCell {TD} at (2,65) size 323x18 [border: (1px solid #008000)] [r=0 c=0 rs=1 cs=1]
                      RenderText {#text} at (2,2) size 6x14
                        text run at (2,2) width 6: "1"
                    RenderTableCell {TD} at (327,2) size 46x144 [border: (1px solid #008000)] [r=0 c=1 rs=1 cs=1]
                      RenderText {#text} at (2,2) size 42x140
                        text run at (2,2) width 40: "See, this"
                        text run at (2,16) width 25: "is the"
                        text run at (2,30) width 42: "problem."
                        text run at (2,44) width 30: "S See,"
                        text run at (2,58) width 28: "this is"
                        text run at (2,72) width 14: "the"
                        text run at (2,86) width 42: "problem."
                        text run at (2,100) width 40: "See, this"
                        text run at (2,114) width 25: "is the"
                        text run at (2,128) width 42: "problem."
                    RenderTableCell {TD} at (375,65) size 10x18 [border: (1px solid #008000)] [r=0 c=2 rs=1 cs=1]
                      RenderText {#text} at (2,2) size 6x14
                        text run at (2,2) width 6: "3"
      RenderBlock {P} at (0,412) size 784x0
      RenderTable {TABLE} at (0,412) size 395x156
        RenderTableSection {TBODY} at (0,0) size 395x156
          RenderTableRow {TR} at (0,2) size 395x152
            RenderTableCell {TD} at (2,2) size 391x152 [border: (1px solid #008000)] [r=0 c=0 rs=1 cs=1]
              RenderBlock {DIV} at (2,2) size 387x148
                RenderTable {TABLE} at (0,0) size 387x148
                  RenderTableSection {TBODY} at (0,0) size 387x148
                    RenderTableRow {TR} at (0,2) size 387x144
                      RenderTableCell {TD} at (2,65) size 323x18 [border: (1px solid #008000)] [r=0 c=0 rs=1 cs=1]
                        RenderText {#text} at (2,2) size 6x14
                          text run at (2,2) width 6: "1"
                      RenderTableCell {TD} at (327,2) size 46x144 [border: (1px solid #008000)] [r=0 c=1 rs=1 cs=1]
                        RenderText {#text} at (2,2) size 42x140
                          text run at (2,2) width 40: "See, this"
                          text run at (2,16) width 25: "is the"
                          text run at (2,30) width 42: "problem."
                          text run at (2,44) width 30: "S See,"
                          text run at (2,58) width 28: "this is"
                          text run at (2,72) width 14: "the"
                          text run at (2,86) width 42: "problem."
                          text run at (2,100) width 40: "See, this"
                          text run at (2,114) width 25: "is the"
                          text run at (2,128) width 42: "problem."
                      RenderTableCell {TD} at (375,65) size 10x18 [border: (1px solid #008000)] [r=0 c=2 rs=1 cs=1]
                        RenderText {#text} at (2,2) size 6x14
                          text run at (2,2) width 6: "3"
      RenderBlock {P} at (0,580) size 784x0
