layer at (0,0) size 800x600
  RenderView at (0,0) size 800x600
layer at (0,0) size 800x600
  RenderBlock {HTML} at (0,0) size 800x600
    RenderBody {BODY} at (8,8) size 784x584
      RenderTable {TABLE} at (0,0) size 784x42
        RenderTableSection {TBODY} at (0,0) size 784x42
          RenderTableRow {TR} at (0,0) size 784x42
            RenderTableCell {TD} at (0,10) size 209x22 [bgcolor=#FFA500] [border: (1px solid #000000)] [r=0 c=0 rs=1 cs=1]
              RenderText {#text} at (4,4) size 6x14
                text run at (4,4) width 6: "d"
            RenderTableCell {TD} at (209,0) size 339x42 [bgcolor=#FFA500] [border: (1px solid #000000)] [r=0 c=1 rs=1 cs=1]
              RenderTable {TABLE} at (4,4) size 331x34
                RenderTableSection {TBODY} at (0,0) size 331x34
                  RenderTableRow {TR} at (0,2) size 331x30
                    RenderTableCell {TD} at (2,2) size 327x30 [bgcolor=#FFA500] [border: (1px solid #000000)] [r=0 c=0 rs=1 cs=1]
                      RenderTable {TABLE} at (2,2) size 204x26
                        RenderTableSection {TBODY} at (0,0) size 204x26
                          RenderTableRow {TR} at (0,2) size 204x22
                            RenderTableCell {TD} at (2,11) size 4x4 [bgcolor=#FFA500] [border: (1px solid #000000)] [r=0 c=0 rs=1 cs=1]
                            RenderTableCell {TD} at (8,2) size 188x22 [bgcolor=#FFA500] [border: (1px solid #000000)] [r=0 c=1 rs=1 cs=2]
                              RenderImage {IMG} at (2,2) size 21x15 [bgcolor=#800080]
                              RenderText {#text} at (23,6) size 3x14
                                text run at (23,6) width 3: " "
                              RenderInline {B} at (0,0) size 67x14
                                RenderText {#text} at (26,6) size 67x14
                                  text run at (26,6) width 67: "Yellow Pages"
                              RenderText {#text} at (93,6) size 3x14
                                text run at (93,6) width 3: " "
                              RenderImage {IMG} at (96,2) size 21x15 [bgcolor=#800080]
                              RenderText {#text} at (117,6) size 3x14
                                text run at (117,6) width 3: " "
                              RenderInline {B} at (0,0) size 63x14
                                RenderText {#text} at (120,6) size 63x14
                                  text run at (120,6) width 63: "White Pages"
                              RenderText {#text} at (183,6) size 3x14
                                text run at (183,6) width 3: " "
                            RenderTableCell {TD} at (198,11) size 4x4 [bgcolor=#FFA500] [border: (1px solid #000000)] [r=0 c=3 rs=1 cs=1]
            RenderTableCell {TD} at (548,0) size 236x42 [bgcolor=#FFA500] [border: (1px solid #000000)] [r=0 c=2 rs=1 cs=1]
              RenderTable {TABLE} at (4,4) size 228x34
                RenderTableSection {TBODY} at (0,0) size 228x34
                  RenderTableRow {TR} at (0,2) size 228x30
                    RenderTableCell {TD} at (2,2) size 224x30 [bgcolor=#FFA500] [border: (1px solid #000000)] [r=0 c=0 rs=1 cs=1]
                      RenderTable {TABLE} at (2,2) size 220x26
                        RenderTableSection {TBODY} at (0,0) size 220x26
                          RenderTableRow {TR} at (0,2) size 220x22
                            RenderTableCell {TD} at (2,2) size 216x22 [bgcolor=#FFA500] [border: (1px solid #000000)] [r=0 c=0 rs=1 cs=1]
                              RenderImage {IMG} at (2,2) size 212x18 [bgcolor=#800080]
                              RenderText {#text} at (0,0) size 0x0
      RenderBlock {P} at (0,54) size 784x0
      RenderTable {TABLE} at (0,54) size 784x42
        RenderTableSection {TBODY} at (0,0) size 784x42
          RenderTableRow {TR} at (0,0) size 784x42
            RenderTableCell {TD} at (0,10) size 219x22 [bgcolor=#FFA500] [border: (1px solid #000000)] [r=0 c=0 rs=1 cs=1]
              RenderText {#text} at (4,4) size 6x14
                text run at (4,4) width 6: "d"
            RenderTableCell {TD} at (219,0) size 329x42 [bgcolor=#FFA500] [border: (1px solid #000000)] [r=0 c=1 rs=1 cs=1]
              RenderTable {TABLE} at (4,4) size 321x34
                RenderTableSection {TBODY} at (0,0) size 321x34
                  RenderTableRow {TR} at (0,2) size 321x30
                    RenderTableCell {TD} at (2,2) size 317x30 [bgcolor=#FFA500] [border: (1px solid #000000)] [r=0 c=0 rs=1 cs=1]
                      RenderTable {TABLE} at (2,2) size 204x26
                        RenderTableSection {TBODY} at (0,0) size 204x26
                          RenderTableRow {TR} at (0,2) size 204x22
                            RenderTableCell {TD} at (2,11) size 4x4 [bgcolor=#FFA500] [border: (1px solid #000000)] [r=0 c=0 rs=1 cs=1]
                            RenderTableCell {TD} at (8,2) size 188x22 [bgcolor=#FFA500] [border: (1px solid #000000)] [r=0 c=1 rs=1 cs=2]
                              RenderImage {IMG} at (2,2) size 21x15 [bgcolor=#800080]
                              RenderText {#text} at (23,6) size 3x14
                                text run at (23,6) width 3: " "
                              RenderInline {B} at (0,0) size 67x14
                                RenderText {#text} at (26,6) size 67x14
                                  text run at (26,6) width 67: "Yellow Pages"
                              RenderText {#text} at (93,6) size 3x14
                                text run at (93,6) width 3: " "
                              RenderImage {IMG} at (96,2) size 21x15 [bgcolor=#800080]
                              RenderText {#text} at (117,6) size 3x14
                                text run at (117,6) width 3: " "
                              RenderInline {B} at (0,0) size 63x14
                                RenderText {#text} at (120,6) size 63x14
                                  text run at (120,6) width 63: "White Pages"
                              RenderText {#text} at (183,6) size 3x14
                                text run at (183,6) width 3: " "
                            RenderTableCell {TD} at (198,11) size 4x4 [bgcolor=#FFA500] [border: (1px solid #000000)] [r=0 c=3 rs=1 cs=1]
            RenderTableCell {TD} at (548,0) size 236x42 [bgcolor=#FFA500] [border: (1px solid #000000)] [r=0 c=2 rs=1 cs=1]
              RenderTable {TABLE} at (4,4) size 228x34
                RenderTableSection {TBODY} at (0,0) size 228x34
                  RenderTableRow {TR} at (0,2) size 228x30
                    RenderTableCell {TD} at (2,2) size 224x30 [bgcolor=#FFA500] [border: (1px solid #000000)] [r=0 c=0 rs=1 cs=1]
                      RenderTable {TABLE} at (2,2) size 220x26
                        RenderTableSection {TBODY} at (0,0) size 220x26
                          RenderTableRow {TR} at (0,2) size 220x22
                            RenderTableCell {TD} at (2,2) size 216x22 [bgcolor=#FFA500] [border: (1px solid #000000)] [r=0 c=0 rs=1 cs=1]
                              RenderImage {IMG} at (2,2) size 212x18 [bgcolor=#800080]
                              RenderText {#text} at (0,0) size 0x0
