layer at (0,0) size 800x616
  RenderView at (0,0) size 800x600
layer at (0,0) size 800x616
  RenderBlock {HTML} at (0,0) size 800x616
    RenderBody {BODY} at (8,8) size 784x600
      RenderTable {TABLE} at (0,0) size 270x600
        RenderTableSection {TBODY} at (0,0) size 270x600
          RenderTableRow {TR} at (0,0) size 22x600
            RenderTableCell {TD} at (0,0) size 22x600 [border: (1px solid #008000)] [r=0 c=0 rs=1 cs=3]
              RenderText {#text} at (4,4) size 14x178
                text run at (4,4) width 109: "   Join Now   Sign In   "
                text run at (4,113) width 69: "   Personalize: "
              RenderInline {A} at (0,0) size 14x38
                RenderText {#text} at (4,182) size 14x38
                  text run at (4,182) width 38: "Settings"
              RenderText {#text} at (4,220) size 14x10
                text run at (4,220) width 10: " \x{2022} "
              RenderInline {A} at (0,0) size 14x37
                RenderText {#text} at (4,230) size 14x37
                  text run at (4,230) width 37: "Content"
              RenderText {#text} at (4,267) size 14x10
                text run at (4,267) width 10: " \x{2022} "
              RenderInline {A} at (0,0) size 14x33
                RenderText {#text} at (4,277) size 14x33
                  text run at (4,277) width 33: "Layout"
              RenderText {#text} at (4,310) size 14x10
                text run at (4,310) width 10: " \x{2022} "
              RenderInline {A} at (0,0) size 14x84
                RenderText {#text} at (4,320) size 14x84
                  text run at (4,320) width 84: "Colors & Themes"
              RenderText {#text} at (4,404) size 14x10
                text run at (4,404) width 10: " \x{2022} "
              RenderInline {A} at (0,0) size 14x35
                RenderText {#text} at (4,414) size 14x35
                  text run at (4,414) width 35: "Sign In"
              RenderText {#text} at (4,449) size 14x135
                text run at (4,449) width 6: "  "
                text run at (4,455) width 68: "   My Links:   "
                text run at (4,523) width 61: "  Lite \x{2022} Email"
          RenderTableRow {TR} at (0,22) size 248x600
            RenderTableCell {TD} at (22,120) size 248x-220 [border: (1px solid #008000)] [r=1 c=0 rs=1 cs=1]
            RenderTableCell {TD} at (22,20) size 248x360 [border: (1px solid #008000)] [r=1 c=1 rs=1 cs=1]
              RenderTable {TABLE} at (4,4) size 240x352
                RenderTableSection {TBODY} at (0,0) size 240x352
                  RenderTableRow {TR} at (0,2) size 236x352
                    RenderTableCell {TD} at (2,2) size 236x348 [border: (1px solid #008000)] [r=0 c=0 rs=1 cs=1]
                      RenderTable {TABLE} at (2,2) size 232x344
                        RenderTableSection {TBODY} at (0,0) size 232x344
                          RenderTableRow {TR} at (0,2) size 228x344
                            RenderTableCell {TD} at (2,114) size 228x-83 [border: (1px solid #008000)] [r=0 c=0 rs=1 cs=1]
                            RenderTableCell {TD} at (2,145) size 228x54 [border: (1px solid #008000)] [r=0 c=1 rs=1 cs=1]
                              RenderText {#text} at (2,2) size 224x50
                                text run at (2,2) width 42: "This guy"
                                text run at (16,2) width 32: "should"
                                text run at (30,2) width 39: "have the"
                                text run at (44,2) width 44: "really big"
                                text run at (58,2) width 50: "maxwidth."
                                text run at (72,2) width 10: "It "
                                text run at (72,12) width 32: "should"
                                text run at (86,2) width 29: "be big"
                                text run at (100,2) width 47: "enough to"
                                text run at (114,2) width 26: "really"
                                text run at (128,2) width 26: "really"
                                text run at (142,2) width 28: "screw"
                                text run at (156,2) width 47: "things up."
                                text run at (170,2) width 32: "That is"
                                text run at (184,2) width 30: "what I"
                                text run at (198,2) width 45: "think will"
                                text run at (212,2) width 28: "work."
                            RenderTableCell {TD} at (2,313) size 228x-83 [border: (1px solid #008000)] [r=0 c=2 rs=1 cs=1]
            RenderTableCell {TD} at (22,491) size 248x-2 [border: (1px solid #008000)] [r=1 c=2 rs=1 cs=1]
              RenderImage {IMG} at (115,-107) size 18x212
              RenderText {#text} at (0,0) size 0x0
