layer at (0,0) size 800x600
  RenderView at (0,0) size 800x600
layer at (0,0) size 800x600
  RenderBlock {HTML} at (0,0) size 800x600
    RenderBody {BODY} at (8,8) size 784x584
      RenderTable {TABLE} at (0,0) size 784x270
        RenderTableSection {TBODY} at (0,0) size 784x270
          RenderTableRow {TR} at (0,0) size 784x22
            RenderTableCell {TD} at (0,0) size 784x22 [border: (1px solid #008000)] [r=0 c=0 rs=1 cs=3]
              RenderText {#text} at (4,4) size 178x14
                text run at (4,4) width 109: "   Join Now   Sign In   "
                text run at (113,4) width 69: "   Personalize: "
              RenderInline {A} at (0,0) size 38x14
                RenderText {#text} at (182,4) size 38x14
                  text run at (182,4) width 38: "Settings"
              RenderText {#text} at (220,4) size 10x14
                text run at (220,4) width 10: " \x{2022} "
              RenderInline {A} at (0,0) size 37x14
                RenderText {#text} at (230,4) size 37x14
                  text run at (230,4) width 37: "Content"
              RenderText {#text} at (267,4) size 10x14
                text run at (267,4) width 10: " \x{2022} "
              RenderInline {A} at (0,0) size 33x14
                RenderText {#text} at (277,4) size 33x14
                  text run at (277,4) width 33: "Layout"
              RenderText {#text} at (310,4) size 10x14
                text run at (310,4) width 10: " \x{2022} "
              RenderInline {A} at (0,0) size 84x14
                RenderText {#text} at (320,4) size 84x14
                  text run at (320,4) width 84: "Colors & Themes"
              RenderText {#text} at (404,4) size 10x14
                text run at (404,4) width 10: " \x{2022} "
              RenderInline {A} at (0,0) size 35x14
                RenderText {#text} at (414,4) size 35x14
                  text run at (414,4) width 35: "Sign In"
              RenderText {#text} at (449,4) size 135x14
                text run at (449,4) width 6: "  "
                text run at (455,4) width 68: "   My Links:   "
                text run at (523,4) width 61: "  Lite \x{2022} Email"
          RenderTableRow {TR} at (0,22) size 784x248
            RenderTableCell {TD} at (0,142) size 204x8 [border: (1px solid #008000)] [r=1 c=0 rs=1 cs=1]
            RenderTableCell {TD} at (204,22) size 360x248 [border: (1px solid #008000)] [r=1 c=1 rs=1 cs=1]
              RenderTable {TABLE} at (4,4) size 352x240
                RenderTableSection {TBODY} at (0,0) size 352x240
                  RenderTableRow {TR} at (0,2) size 352x236
                    RenderTableCell {TD} at (2,2) size 348x236 [border: (1px solid #008000)] [r=0 c=0 rs=1 cs=1]
                      RenderTable {TABLE} at (2,2) size 344x232
                        RenderTableSection {TBODY} at (0,0) size 344x232
                          RenderTableRow {TR} at (0,2) size 344x228
                            RenderTableCell {TD} at (2,114) size 141x4 [border: (1px solid #008000)] [r=0 c=0 rs=1 cs=1]
                            RenderTableCell {TD} at (145,2) size 54x228 [border: (1px solid #008000)] [r=0 c=1 rs=1 cs=1]
                              RenderText {#text} at (2,2) size 50x224
                                text run at (2,2) width 42: "This guy"
                                text run at (2,16) width 32: "should"
                                text run at (2,30) width 39: "have the"
                                text run at (2,44) width 44: "really big"
                                text run at (2,58) width 50: "maxwidth."
                                text run at (2,72) width 10: "It "
                                text run at (12,72) width 32: "should"
                                text run at (2,86) width 29: "be big"
                                text run at (2,100) width 47: "enough to"
                                text run at (2,114) width 26: "really"
                                text run at (2,128) width 26: "really"
                                text run at (2,142) width 28: "screw"
                                text run at (2,156) width 47: "things up."
                                text run at (2,170) width 32: "That is"
                                text run at (2,184) width 30: "what I"
                                text run at (2,198) width 45: "think will"
                                text run at (2,212) width 28: "work."
                            RenderTableCell {TD} at (201,114) size 141x4 [border: (1px solid #008000)] [r=0 c=2 rs=1 cs=1]
            RenderTableCell {TD} at (564,133) size 220x26 [border: (1px solid #008000)] [r=1 c=2 rs=1 cs=1]
              RenderImage {IMG} at (4,4) size 212x18
              RenderText {#text} at (0,0) size 0x0
