layer at (0,0) size 800x600
  RenderView at (0,0) size 800x600
layer at (0,0) size 800x94
  RenderBlock {HTML} at (0,0) size 800x94
    RenderBody {BODY} at (8,8) size 784x78
      RenderBlock (anonymous) at (0,0) size 784x14
        RenderText {#text} at (0,0) size 302x14
          text run at (0,0) width 302: "This test should have two centered tables and two centered divs."
      RenderTable {TABLE} at (322,14) size 139x18 [border: (1px outset #808080)]
        RenderTableSection {TBODY} at (1,1) size 137x16
          RenderTableRow {TR} at (0,0) size 137x16
            RenderTableCell {TD} at (0,0) size 137x16 [border: (1px inset #808080)] [r=0 c=0 rs=1 cs=1]
              RenderText {#text} at (1,1) size 135x14
                text run at (1,1) width 135: "This table is aligned \"center\""
      RenderTable {TABLE} at (313,32) size 157x18 [border: (1px outset #808080)]
        RenderTableSection {TBODY} at (1,1) size 155x16
          RenderTableRow {TR} at (0,0) size 155x16
            RenderTableCell {TD} at (0,0) size 155x16 [border: (1px inset #808080)] [r=0 c=0 rs=1 cs=1]
              RenderText {#text} at (1,1) size 153x14
                text run at (1,1) width 153: "This table is aligned \"CENTER\""
      RenderBlock {DIV} at (0,50) size 784x14
        RenderText {#text} at (328,0) size 128x14
          text run at (328,0) width 128: "This div is aligned \"center\""
      RenderBlock {DIV} at (0,64) size 784x14
        RenderText {#text} at (319,0) size 146x14
          text run at (319,0) width 146: "This div is aligned \"CENTER\""
