layer at (0,0) size 800x600
  RenderView at (0,0) size 800x600
layer at (0,0) size 800x600
  RenderBlock {HTML} at (0,0) size 800x600
    RenderBody {BODY} at (8,8) size 784x584
      RenderBlock {H1} at (0,0) size 784x28
        RenderText {#text} at (0,1) size 452x26
          text run at (0,1) width 452: "Fixed Columns, Auto Span, Minwidth Table"
      RenderTable {TABLE} at (0,44) size 100x40
        RenderTableSection {TBODY} at (0,0) size 100x40
          RenderTableRow {TR} at (0,0) size 100x20
            RenderTableCell {TD} at (0,10) size 33x0 [bgcolor=#00FFFF] [r=0 c=0 rs=1 cs=1]
            RenderTableCell {TD} at (33,10) size 67x0 [bgcolor=#FFFF00] [r=0 c=1 rs=1 cs=1]
          RenderTableRow {TR} at (0,20) size 100x20
            RenderTableCell {TD} at (0,30) size 100x0 [bgcolor=#FFC0CB] [r=1 c=0 rs=1 cs=2]
              RenderBlock {DIV} at (0,0) size 100x0
      RenderBlock {P} at (0,96) size 784x42
        RenderText {#text} at (0,0) size 108x14
          text run at (0,0) width 108: "The table width is: 100"
        RenderBR {BR} at (108,11) size 0x0
        RenderText {#text} at (0,14) size 100x14
          text run at (0,14) width 100: "Column One is: 33%"
        RenderBR {BR} at (100,25) size 0x0
        RenderText {#text} at (0,28) size 102x14
          text run at (0,28) width 102: "Column Two is: 67%"
      RenderBlock {HR} at (0,150) size 784x2 [border: (1px inset #000000)]
      RenderTable {TABLE} at (0,158) size 600x40
        RenderTableSection {TBODY} at (0,0) size 600x40
          RenderTableRow {TR} at (0,0) size 600x20
            RenderTableCell {TD} at (0,10) size 200x0 [bgcolor=#00FFFF] [r=0 c=0 rs=1 cs=1]
            RenderTableCell {TD} at (200,10) size 400x0 [bgcolor=#FFFF00] [r=0 c=1 rs=1 cs=1]
          RenderTableRow {TR} at (0,20) size 600x20
            RenderTableCell {TD} at (0,30) size 600x0 [bgcolor=#FFC0CB] [r=1 c=0 rs=1 cs=2]
              RenderBlock {DIV} at (0,0) size 600x0
      RenderBlock {P} at (0,210) size 784x42
        RenderText {#text} at (0,0) size 108x14
          text run at (0,0) width 108: "The table width is: 600"
        RenderBR {BR} at (108,11) size 0x0
        RenderText {#text} at (0,14) size 100x14
          text run at (0,14) width 100: "Column One is: 33%"
        RenderBR {BR} at (100,25) size 0x0
        RenderText {#text} at (0,28) size 102x14
          text run at (0,28) width 102: "Column Two is: 67%"
      RenderBlock {HR} at (0,264) size 784x2 [border: (1px inset #000000)]
      RenderTable {TABLE} at (0,272) size 600x40
        RenderTableSection {TBODY} at (0,0) size 600x40
          RenderTableRow {TR} at (0,0) size 600x20
            RenderTableCell {TD} at (0,3) size 200x14 [bgcolor=#00FFFF] [r=0 c=0 rs=1 cs=1]
              RenderText {#text} at (0,0) size 191x14
                text run at (0,0) width 191: "Fixed cell in column one with some text."
            RenderTableCell {TD} at (200,3) size 400x14 [bgcolor=#FFFF00] [r=0 c=1 rs=1 cs=1]
              RenderText {#text} at (0,0) size 351x14
                text run at (0,0) width 351: "Fixed cell in column two with a lot more text. Will the ratios be preserved?"
          RenderTableRow {TR} at (0,20) size 600x20
            RenderTableCell {TD} at (0,30) size 600x0 [bgcolor=#FFC0CB] [r=1 c=0 rs=1 cs=2]
              RenderBlock {DIV} at (0,0) size 600x0
      RenderBlock {P} at (0,324) size 784x42
        RenderText {#text} at (0,0) size 108x14
          text run at (0,0) width 108: "The table width is: 600"
        RenderBR {BR} at (108,11) size 0x0
        RenderText {#text} at (0,14) size 100x14
          text run at (0,14) width 100: "Column One is: 33%"
        RenderBR {BR} at (100,25) size 0x0
        RenderText {#text} at (0,28) size 102x14
          text run at (0,28) width 102: "Column Two is: 67%"
      RenderBlock {HR} at (0,378) size 784x2 [border: (1px inset #000000)]
      RenderTable {TABLE} at (0,386) size 600x40
        RenderTableSection {TBODY} at (0,0) size 600x40
          RenderTableRow {TR} at (0,0) size 600x20
            RenderTableCell {TD} at (0,10) size 200x0 [bgcolor=#00FFFF] [r=0 c=0 rs=1 cs=1]
              RenderBlock {DIV} at (0,0) size 100x0
            RenderTableCell {TD} at (200,10) size 400x0 [bgcolor=#FFFF00] [r=0 c=1 rs=1 cs=1]
              RenderBlock {DIV} at (0,0) size 250x0
          RenderTableRow {TR} at (0,20) size 600x20
            RenderTableCell {TD} at (0,30) size 600x0 [bgcolor=#FFC0CB] [r=1 c=0 rs=1 cs=2]
              RenderBlock {DIV} at (0,0) size 600x0
      RenderBlock {P} at (0,438) size 784x42
        RenderText {#text} at (0,0) size 108x14
          text run at (0,0) width 108: "The table width is: 600"
        RenderBR {BR} at (108,11) size 0x0
        RenderText {#text} at (0,14) size 100x14
          text run at (0,14) width 100: "Column One is: 33%"
        RenderBR {BR} at (100,25) size 0x0
        RenderText {#text} at (0,28) size 102x14
          text run at (0,28) width 102: "Column Two is: 67%"
      RenderBlock {HR} at (0,492) size 784x2 [border: (1px inset #000000)]
