layer at (0,0) size 800x600
  RenderView at (0,0) size 800x600
layer at (0,0) size 800x600
  RenderBlock {HTML} at (0,0) size 800x600
    RenderBody {BODY} at (8,8) size 784x584
      RenderBlock {P} at (0,0) size 784x14
        RenderText {#text} at (0,0) size 40x14
          text run at (0,0) width 40: "Test for "
        RenderInline {I} at (0,0) size 494x14
          RenderInline {A} at (0,0) size 226x14 [color=#0000EE]
            RenderText {#text} at (40,0) size 226x14
              text run at (40,0) width 226: "http://bugs.webkit.org/show_bug.cgi?id=13670"
          RenderText {#text} at (266,0) size 268x14
            text run at (266,0) width 3: " "
            text run at (269,0) width 265: "Table misrender when one of the TDs has width=100%"
        RenderText {#text} at (534,0) size 3x14
          text run at (534,0) width 3: "."
      RenderBlock {P} at (0,26) size 784x14
        RenderText {#text} at (0,0) size 416x14
          text run at (0,0) width 416: "There should be one green vertical line, 100px long and 2px thick, near the right margin."
      RenderTable {TABLE} at (0,52) size 784x50
        RenderTableSection {TBODY} at (0,0) size 784x50
          RenderTableRow {TR} at (0,0) size 784x50
            RenderTableCell {TD} at (0,25) size 782x0 [r=0 c=0 rs=1 cs=1]
            RenderTableCell {TD} at (782,0) size 2x50 [r=0 c=1 rs=1 cs=1]
              RenderBlock {DIV} at (0,0) size 2x50 [bgcolor=#008000]
      RenderBlock {DIV} at (0,102) size 784x50
        RenderBlock {DIV} at (782,0) size 2x50 [bgcolor=#008000]
