layer at (0,0) size 800x600
  RenderView at (0,0) size 800x600
layer at (0,0) size 800x600
  RenderBlock {HTML} at (0,0) size 800x600
    RenderBody {BODY} at (8,8) size 784x584
      RenderTable {TABLE} at (0,0) size 187x178 [border: none]
        RenderTableCol {COLGROUP} at (0,0) size 0x0 [border: (1px solid #000000) none (1px solid #000000)]
        RenderTableCol {COLGROUP} at (0,0) size 0x0 [border: (1px solid #000000) none (1px solid #000000)]
        RenderTableSection {TBODY} at (0,0) size 186x177 [border: (1px solid #808080) none (1px solid #808080) none]
          RenderTableRow {TR} at (0,0) size 186x23
            RenderTableCell {TH} at (0,0) size 64x23 [border: (1px none #000000)] [r=0 c=0 rs=1 cs=1]
              RenderText {#text} at (8,5) size 49x14
                text run at (8,5) width 49: "Weekday"
            RenderTableCell {TH} at (64,0) size 36x23 [border: (1px none #000000)] [r=0 c=1 rs=1 cs=1]
              RenderText {#text} at (6,5) size 25x14
                text run at (6,5) width 25: "Date"
            RenderTableCell {TH} at (100,0) size 54x23 [border: (1px none #000000)] [r=0 c=2 rs=1 cs=1]
              RenderText {#text} at (4,5) size 46x14
                text run at (4,5) width 46: "Manager"
            RenderTableCell {TH} at (154,0) size 32x23 [border: (1px none #000000)] [r=0 c=3 rs=1 cs=1]
              RenderText {#text} at (6,5) size 20x14
                text run at (6,5) width 20: "Qty"
          RenderTableRow {TR} at (0,23) size 186x22
            RenderTableCell {TD} at (0,23) size 64x22 [border: none] [r=1 c=0 rs=1 cs=1]
              RenderText {#text} at (5,4) size 40x14
                text run at (5,4) width 40: "Monday"
            RenderTableCell {TD} at (64,23) size 36x22 [border: none] [r=1 c=1 rs=1 cs=1]
              RenderText {#text} at (5,4) size 27x14
                text run at (5,4) width 27: "09/11"
            RenderTableCell {TD} at (100,23) size 54x22 [r=1 c=2 rs=1 cs=1]
              RenderText {#text} at (4,4) size 33x14
                text run at (4,4) width 33: "Kelsey"
            RenderTableCell {TD} at (154,23) size 32x22 [r=1 c=3 rs=1 cs=1]
              RenderText {#text} at (4,4) size 18x14
                text run at (4,4) width 18: "639"
          RenderTableRow {TR} at (0,45) size 186x22
            RenderTableCell {TD} at (0,45) size 64x22 [border: none] [r=2 c=0 rs=1 cs=1]
              RenderText {#text} at (5,4) size 40x14
                text run at (5,4) width 40: "Tuesday"
            RenderTableCell {TD} at (64,45) size 36x22 [border: none] [r=2 c=1 rs=1 cs=1]
              RenderText {#text} at (5,4) size 27x14
                text run at (5,4) width 27: "09/12"
            RenderTableCell {TD} at (100,45) size 54x22 [r=2 c=2 rs=1 cs=1]
              RenderText {#text} at (4,4) size 38x14
                text run at (4,4) width 38: "Lindsey"
            RenderTableCell {TD} at (154,45) size 32x22 [r=2 c=3 rs=1 cs=1]
              RenderText {#text} at (4,4) size 18x14
                text run at (4,4) width 18: "596"
          RenderTableRow {TR} at (0,67) size 186x22
            RenderTableCell {TD} at (0,67) size 64x22 [border: none] [r=3 c=0 rs=1 cs=1]
              RenderText {#text} at (5,4) size 55x14
                text run at (5,4) width 55: "Wednesday"
            RenderTableCell {TD} at (64,67) size 36x22 [border: none] [r=3 c=1 rs=1 cs=1]
              RenderText {#text} at (5,4) size 27x14
                text run at (5,4) width 27: "09/13"
            RenderTableCell {TD} at (100,67) size 54x22 [r=3 c=2 rs=1 cs=1]
              RenderText {#text} at (4,4) size 31x14
                text run at (4,4) width 31: "Randy"
            RenderTableCell {TD} at (154,67) size 32x22 [r=3 c=3 rs=1 cs=1]
              RenderText {#text} at (4,4) size 24x14
                text run at (4,4) width 24: "1135"
          RenderTableRow {TR} at (0,89) size 186x22
            RenderTableCell {TD} at (0,89) size 64x22 [border: none] [r=4 c=0 rs=1 cs=1]
              RenderText {#text} at (5,4) size 45x14
                text run at (5,4) width 45: "Thursday"
            RenderTableCell {TD} at (64,89) size 36x22 [border: none] [r=4 c=1 rs=1 cs=1]
              RenderText {#text} at (5,4) size 27x14
                text run at (5,4) width 27: "09/14"
            RenderTableCell {TD} at (100,89) size 54x22 [r=4 c=2 rs=1 cs=1]
              RenderText {#text} at (4,4) size 29x14
                text run at (4,4) width 29: "Susan"
            RenderTableCell {TD} at (154,89) size 32x22 [r=4 c=3 rs=1 cs=1]
              RenderText {#text} at (4,4) size 24x14
                text run at (4,4) width 24: "1002"
          RenderTableRow {TR} at (0,111) size 186x22
            RenderTableCell {TD} at (0,111) size 64x22 [border: none] [r=5 c=0 rs=1 cs=1]
              RenderText {#text} at (5,4) size 31x14
                text run at (5,4) width 31: "Friday"
            RenderTableCell {TD} at (64,111) size 36x22 [border: none] [r=5 c=1 rs=1 cs=1]
              RenderText {#text} at (5,4) size 27x14
                text run at (5,4) width 27: "09/15"
            RenderTableCell {TD} at (100,111) size 54x22 [r=5 c=2 rs=1 cs=1]
              RenderText {#text} at (4,4) size 31x14
                text run at (4,4) width 31: "Randy"
            RenderTableCell {TD} at (154,111) size 32x22 [r=5 c=3 rs=1 cs=1]
              RenderText {#text} at (4,4) size 18x14
                text run at (4,4) width 18: "908"
          RenderTableRow {TR} at (0,133) size 186x22
            RenderTableCell {TD} at (0,133) size 64x22 [border: none] [r=6 c=0 rs=1 cs=1]
              RenderText {#text} at (5,4) size 42x14
                text run at (5,4) width 42: "Saturday"
            RenderTableCell {TD} at (64,133) size 36x22 [border: none] [r=6 c=1 rs=1 cs=1]
              RenderText {#text} at (5,4) size 27x14
                text run at (5,4) width 27: "09/16"
            RenderTableCell {TD} at (100,133) size 54x22 [r=6 c=2 rs=1 cs=1]
              RenderText {#text} at (4,4) size 38x14
                text run at (4,4) width 38: "Lindsey"
            RenderTableCell {TD} at (154,133) size 32x22 [r=6 c=3 rs=1 cs=1]
              RenderText {#text} at (4,4) size 18x14
                text run at (4,4) width 18: "371"
          RenderTableRow {TR} at (0,155) size 186x22
            RenderTableCell {TD} at (0,155) size 64x22 [border: none] [r=7 c=0 rs=1 cs=1]
              RenderText {#text} at (5,4) size 36x14
                text run at (5,4) width 36: "Sunday"
            RenderTableCell {TD} at (64,155) size 36x22 [border: none] [r=7 c=1 rs=1 cs=1]
              RenderText {#text} at (5,4) size 27x14
                text run at (5,4) width 27: "09/17"
            RenderTableCell {TD} at (100,155) size 54x22 [r=7 c=2 rs=1 cs=1]
              RenderText {#text} at (4,4) size 29x14
                text run at (4,4) width 29: "Susan"
            RenderTableCell {TD} at (154,155) size 32x22 [r=7 c=3 rs=1 cs=1]
              RenderText {#text} at (4,4) size 18x14
                text run at (4,4) width 18: "272"
