layer at (0,0) size 800x600
  RenderView at (0,0) size 800x600
layer at (0,0) size 800x72
  RenderBlock {html} at (0,0) size 800x72
    RenderBody {body} at (8,8) size 784x56
      RenderTable {table} at (0,0) size 34x56
        RenderBlock {caption} at (0,0) size 34x56
          RenderText {#text} at (0,0) size 34x56
            text run at (0,0) width 34: "PASS:"
            text run at (0,14) width 34: "Text in"
            text run at (0,28) width 34: "caption"
            text run at (14,42) width 6: "1"
