layer at (0,0) size 800x600
  RenderView at (0,0) size 800x600
layer at (0,0) size 800x600
  RenderBlock {HTML} at (0,0) size 800x600
    RenderBody {BODY} at (8,8) size 784x584
      RenderBlock {P} at (0,0) size 784x14
        RenderText {#text} at (0,0) size 161x14
          text run at (0,0) width 161: "This tests for a regression against "
        RenderInline {I} at (0,0) size 557x14
          RenderInline {A} at (0,0) size 262x14 [color=#0000EE]
            RenderText {#text} at (161,0) size 262x14
              text run at (161,0) width 262: "http://bugzilla.opendarwin.org/show_bug.cgi?id=7054"
          RenderText {#text} at (423,0) size 295x14
            text run at (423,0) width 3: " "
            text run at (426,0) width 292: "Vertical scroll bars do not appear or do not scroll completely"
        RenderText {#text} at (718,0) size 3x14
          text run at (718,0) width 3: "."
      RenderBlock {P} at (0,26) size 784x14
        RenderText {#text} at (0,0) size 486x14
          text run at (0,0) width 486: "The top two boxes should have horizontal scroll bars. The bottom box should have a vertical scroll bar."
      RenderBlock {HR} at (0,52) size 784x2 [border: (1px inset #000000)]
      RenderBlock (anonymous) at (0,162) size 784x14
        RenderBR {BR} at (0,0) size 0x14
      RenderBlock (anonymous) at (0,278) size 784x14
        RenderBR {BR} at (0,0) size 0x14
layer at (8,68) size 102x102 clip at (9,69) size 100x100 scrollWidth 133
  RenderBlock {DIV} at (0,60) size 102x102 [border: (1px solid #0000FF)]
    RenderTable {TABLE} at (1,1) size 6x6
      RenderTableSection {TBODY} at (0,0) size 6x6
        RenderTableRow {TR} at (0,2) size 6x2
          RenderTableCell {TD} at (2,2) size 2x2 [r=0 c=0 rs=1 cs=1]
layer at (8,184) size 102x102 clip at (9,185) size 100x100 scrollX 33 scrollWidth 133
  RenderBlock {DIV} at (0,176) size 102x102 [border: (1px solid #0000FF)]
    RenderTable {TABLE} at (95,1) size 6x6
      RenderTableSection {TBODY} at (0,0) size 6x6
        RenderTableRow {TR} at (0,2) size 6x2
          RenderTableCell {TD} at (2,2) size 2x2 [r=0 c=0 rs=1 cs=1]
layer at (8,300) size 102x102 clip at (9,301) size 100x100 scrollHeight 133
  RenderBlock {DIV} at (0,292) size 102x102 [border: (1px solid #0000FF)]
    RenderTable {TABLE} at (1,1) size 6x6
      RenderTableSection {TBODY} at (0,0) size 6x6
        RenderTableRow {TR} at (0,2) size 6x2
          RenderTableCell {TD} at (2,2) size 2x2 [r=0 c=0 rs=1 cs=1]
layer at (82,72) size 60x60 backgroundClip at (9,69) size 100x100 clip at (9,69) size 100x100 outlineClip at (9,69) size 100x100
  RenderBlock (positioned) {DIV} at (70,0) size 60x60 [bgcolor=#C0C0C0]
layer at (-24,188) size 60x60 backgroundClip at (9,185) size 100x100 clip at (9,185) size 100x100 outlineClip at (9,185) size 100x100
  RenderBlock (positioned) {DIV} at (-130,0) size 60x60 [bgcolor=#C0C0C0]
layer at (12,374) size 60x60 backgroundClip at (9,301) size 100x100 clip at (9,301) size 100x100 outlineClip at (9,301) size 100x100
  RenderBlock (positioned) {DIV} at (0,70) size 60x60 [bgcolor=#C0C0C0]
