layer at (0,0) size 800x764
  RenderView at (0,0) size 800x600
layer at (0,0) size 800x764
  RenderBlock {HTML} at (0,0) size 800x764
    RenderBody {BODY} at (0,0) size 800x764
      RenderTable {TABLE} at (0,0) size 800x29 [border: (2px solid #000000)]
        RenderTableSection {TBODY} at (2,2) size 796x25
          RenderTableRow {TR} at (0,0) size 796x25
            RenderTableCell {TD} at (0,12) size 0x0 [r=0 c=0 rs=1 cs=1]
            RenderTableCell {TD} at (0,5) size 796x14 [bgcolor=#FF0000] [r=0 c=1 rs=1 cs=1]
              RenderText {#text} at (0,0) size 165x14
                text run at (0,0) width 165: "First cell empty, second auto width"
      RenderTable {TABLE} at (0,29) size 800x29 [border: (2px solid #000000)]
        RenderTableSection {TBODY} at (2,2) size 796x25
          RenderTableRow {TR} at (0,0) size 796x25
            RenderTableCell {TD} at (0,12) size 0x0 [r=0 c=0 rs=1 cs=1]
            RenderTableCell {TD} at (0,5) size 796x14 [bgcolor=#FF0000] [r=0 c=1 rs=1 cs=1]
              RenderText {#text} at (0,0) size 179x14
                text run at (0,0) width 179: "First cell empty, second percent width"
      RenderTable {TABLE} at (0,58) size 800x29 [border: (2px solid #000000)]
        RenderTableSection {TBODY} at (2,2) size 796x25
          RenderTableRow {TR} at (0,0) size 796x25
            RenderTableCell {TD} at (0,12) size 0x0 [r=0 c=0 rs=1 cs=1]
            RenderTableCell {TD} at (0,5) size 796x14 [bgcolor=#FF0000] [r=0 c=1 rs=1 cs=1]
              RenderText {#text} at (0,0) size 169x14
                text run at (0,0) width 169: "First cell empty, second fixed width"
      RenderTable {TABLE} at (0,87) size 800x29 [border: (2px solid #000000)]
        RenderTableSection {TBODY} at (2,2) size 796x25
          RenderTableRow {TR} at (0,0) size 796x25
            RenderTableCell {TD} at (0,5) size 398x14 [r=0 c=0 rs=1 cs=1]
              RenderText {#text} at (0,0) size 3x14
                text run at (0,0) width 3: " "
            RenderTableCell {TD} at (398,5) size 398x14 [bgcolor=#FF0000] [r=0 c=1 rs=1 cs=1]
              RenderText {#text} at (0,0) size 250x14
                text run at (0,0) width 250: "First cell empty (with space) and has white-space:pre"
      RenderTable {TABLE} at (0,116) size 800x29 [border: (2px solid #000000)]
        RenderTableSection {TBODY} at (2,2) size 796x25
          RenderTableRow {TR} at (0,0) size 796x25
            RenderTableCell {TD} at (0,12) size 0x0 [r=0 c=0 rs=1 cs=1]
            RenderTableCell {TD} at (0,5) size 796x14 [bgcolor=#FF0000] [r=0 c=1 rs=1 cs=1]
              RenderText {#text} at (0,0) size 241x14
                text run at (0,0) width 241: "First cell empty (no space) and has white-space:pre"
      RenderTable {TABLE} at (0,145) size 800x29 [border: (2px solid #000000)]
        RenderTableSection {TBODY} at (2,2) size 796x25
          RenderTableRow {TR} at (0,0) size 796x25
            RenderTableCell {TD} at (0,10) size 398x4 [border: (2px solid #008000)] [r=0 c=0 rs=1 cs=1]
            RenderTableCell {TD} at (398,5) size 398x14 [bgcolor=#FF0000] [r=0 c=1 rs=1 cs=1]
              RenderText {#text} at (0,0) size 144x14
                text run at (0,0) width 144: "First cell empty but has border"
      RenderTable {TABLE} at (0,174) size 800x29 [border: (2px solid #000000)]
        RenderTableSection {TBODY} at (2,2) size 796x25
          RenderTableRow {TR} at (0,0) size 796x25
            RenderTableCell {TD} at (0,10) size 398x4 [r=0 c=0 rs=1 cs=1]
            RenderTableCell {TD} at (398,5) size 398x14 [bgcolor=#FF0000] [r=0 c=1 rs=1 cs=1]
              RenderText {#text} at (0,0) size 151x14
                text run at (0,0) width 151: "First cell empty but has padding"
      RenderTable {TABLE} at (0,203) size 800x29 [border: (2px solid #000000)]
        RenderTableSection {TBODY} at (2,2) size 796x25
          RenderTableRow {TR} at (0,0) size 796x25
            RenderTableCell {TD} at (0,11) size 398x2 [r=0 c=0 rs=1 cs=1]
            RenderTableCell {TD} at (398,4) size 398x16 [bgcolor=#FF0000] [r=0 c=1 rs=1 cs=1]
              RenderText {#text} at (1,1) size 177x14
                text run at (1,1) width 177: "First cell empty, table has cellpadding"
      RenderTable {TABLE} at (0,232) size 800x31 [border: (2px solid #000000)]
        RenderTableSection {TBODY} at (2,2) size 796x27
          RenderTableRow {TR} at (0,1) size 796x25
            RenderTableCell {TD} at (1,13) size 0x0 [r=0 c=0 rs=1 cs=1]
            RenderTableCell {TD} at (2,6) size 793x14 [bgcolor=#FF0000] [r=0 c=1 rs=1 cs=1]
              RenderText {#text} at (0,0) size 175x14
                text run at (0,0) width 175: "First cell empty, table has cellspacing"
      RenderTable {TABLE} at (0,263) size 800x29 [border: (2px solid #000000)]
        RenderTableSection {TBODY} at (2,2) size 796x25
          RenderTableRow {TR} at (0,0) size 796x25
            RenderTableCell {TD} at (0,12) size 0x0 [r=0 c=0 rs=1 cs=1]
            RenderTableCell {TD} at (0,5) size 796x14 [bgcolor=#FF0000] [r=0 c=1 rs=1 cs=1]
              RenderText {#text} at (0,0) size 146x14
                text run at (0,0) width 146: "First cell empty but has margin"
      RenderTable {TABLE} at (0,292) size 800x29 [border: (2px solid #000000)]
        RenderTableSection {TBODY} at (2,2) size 796x25
          RenderTableRow {TR} at (0,0) size 796x25
            RenderTableCell {TD} at (0,12) size 0x0 [bgcolor=#FFFF00] [r=0 c=0 rs=1 cs=1]
            RenderTableCell {TD} at (0,5) size 796x14 [bgcolor=#FF0000] [r=0 c=1 rs=1 cs=1]
              RenderText {#text} at (0,0) size 196x14
                text run at (0,0) width 196: "First cell empty but has background color"
      RenderTable {TABLE} at (0,321) size 800x54 [border: (2px solid #000000)]
        RenderTableSection {TBODY} at (2,2) size 796x50
          RenderTableRow {TR} at (0,0) size 796x25
            RenderTableCell {TD} at (0,12) size 398x0 [r=0 c=0 rs=1 cs=1]
            RenderTableCell {TD} at (398,5) size 398x14 [bgcolor=#FF0000] [r=0 c=1 rs=1 cs=1]
              RenderText {#text} at (0,0) size 120x14
                text run at (0,0) width 120: "First row, first cell empty"
          RenderTableRow {TR} at (0,25) size 796x25
            RenderTableCell {TD} at (0,30) size 398x14 [r=1 c=0 rs=1 cs=1]
              RenderText {#text} at (0,0) size 17x14
                text run at (0,0) width 17: "text"
            RenderTableCell {TD} at (398,30) size 398x14 [bgcolor=#FF0000] [r=1 c=1 rs=1 cs=1]
              RenderText {#text} at (0,0) size 151x14
                text run at (0,0) width 151: "Second row, first cell not empty"
      RenderTable {TABLE} at (0,375) size 800x54 [border: (2px solid #000000)]
        RenderTableSection {TBODY} at (2,2) size 796x50
          RenderTableRow {TR} at (0,0) size 796x25
            RenderTableCell {TD} at (0,12) size 0x0 [r=0 c=0 rs=1 cs=1]
            RenderTableCell {TD} at (0,5) size 796x14 [bgcolor=#FF0000] [r=0 c=1 rs=1 cs=1]
              RenderText {#text} at (0,0) size 120x14
                text run at (0,0) width 120: "First row, first cell empty"
          RenderTableRow {TR} at (0,25) size 796x25
            RenderTableCell {TD} at (0,37) size 0x0 [r=1 c=0 rs=1 cs=1]
            RenderTableCell {TD} at (0,30) size 796x14 [bgcolor=#FF0000] [r=1 c=1 rs=1 cs=1]
              RenderText {#text} at (0,0) size 133x14
                text run at (0,0) width 133: "Second row, first cell empty"
      RenderTable {TABLE} at (0,429) size 800x29 [border: (2px solid #000000)]
        RenderTableSection {TBODY} at (2,2) size 796x25
          RenderTableRow {TR} at (0,0) size 796x25
            RenderTableCell {TD} at (0,12) size 398x0 [r=0 c=0 rs=1 cs=2]
            RenderTableCell {TD} at (398,5) size 398x14 [bgcolor=#FF0000] [r=0 c=2 rs=1 cs=1]
              RenderText {#text} at (0,0) size 134x14
                text run at (0,0) width 134: "First cell empty, has colspan"
      RenderTable {TABLE} at (0,458) size 800x54 [border: (2px solid #000000)]
        RenderTableSection {TBODY} at (2,2) size 796x50
          RenderTableRow {TR} at (0,0) size 796x25
            RenderTableCell {TD} at (0,12) size 0x0 [r=0 c=0 rs=1 cs=1]
            RenderTableCell {TD} at (0,5) size 398x14 [bgcolor=#FF0000] [r=0 c=1 rs=1 cs=1]
              RenderText {#text} at (0,0) size 17x14
                text run at (0,0) width 17: "text"
            RenderTableCell {TD} at (398,5) size 398x14 [bgcolor=#FF0000] [r=0 c=2 rs=1 cs=1]
              RenderText {#text} at (0,0) size 232x14
                text run at (0,0) width 232: "First row, first cell empty, second cell non-empty"
          RenderTableRow {TR} at (0,25) size 796x25
            RenderTableCell {TD} at (0,37) size 398x0 [r=1 c=0 rs=1 cs=2]
            RenderTableCell {TD} at (398,30) size 398x14 [bgcolor=#FF0000] [r=1 c=2 rs=1 cs=1]
              RenderText {#text} at (0,0) size 209x14
                text run at (0,0) width 209: "Second row, first cell empty with colspan=2"
      RenderTable {TABLE} at (0,512) size 800x54 [border: (2px solid #000000)]
        RenderTableSection {TBODY} at (2,2) size 796x50
          RenderTableRow {TR} at (0,0) size 796x25
            RenderTableCell {TD} at (0,5) size 398x14 [bgcolor=#FF0000] [r=0 c=0 rs=1 cs=1]
              RenderText {#text} at (0,0) size 17x14
                text run at (0,0) width 17: "text"
            RenderTableCell {TD} at (398,12) size 0x0 [r=0 c=1 rs=1 cs=1]
            RenderTableCell {TD} at (398,5) size 398x14 [bgcolor=#FF0000] [r=0 c=2 rs=1 cs=1]
              RenderText {#text} at (0,0) size 232x14
                text run at (0,0) width 232: "First row, first cell non-empty, second cell empty"
          RenderTableRow {TR} at (0,25) size 796x25
            RenderTableCell {TD} at (0,37) size 398x0 [r=1 c=0 rs=1 cs=2]
            RenderTableCell {TD} at (398,30) size 398x14 [bgcolor=#FF0000] [r=1 c=2 rs=1 cs=1]
              RenderText {#text} at (0,0) size 209x14
                text run at (0,0) width 209: "Second row, first cell empty with colspan=2"
      RenderTable {TABLE} at (0,566) size 800x54 [border: (2px solid #000000)]
        RenderTableSection {TBODY} at (2,2) size 796x50
          RenderTableRow {TR} at (0,0) size 796x25
            RenderTableCell {TD} at (0,12) size 199x0 [r=0 c=0 rs=1 cs=1]
            RenderTableCell {TD} at (199,12) size 199x0 [r=0 c=1 rs=1 cs=1]
            RenderTableCell {TD} at (398,5) size 398x14 [bgcolor=#FF0000] [r=0 c=2 rs=1 cs=1]
              RenderText {#text} at (0,0) size 176x14
                text run at (0,0) width 176: "First row, first and second cell empty"
          RenderTableRow {TR} at (0,25) size 796x25
            RenderTableCell {TD} at (0,37) size 398x0 [r=1 c=0 rs=1 cs=2]
            RenderTableCell {TD} at (398,30) size 398x14 [bgcolor=#FF0000] [r=1 c=2 rs=1 cs=1]
              RenderText {#text} at (0,0) size 207x14
                text run at (0,0) width 207: "Second row, first cell empty, has colspan=2"
      RenderTable {TABLE} at (0,620) size 800x54 [border: (2px solid #000000)]
        RenderTableSection {TBODY} at (2,2) size 796x50
          RenderTableRow {TR} at (0,0) size 796x25
            RenderTableCell {TD} at (0,12) size 199x0 [r=0 c=0 rs=1 cs=1]
            RenderTableCell {TD} at (199,12) size 199x0 [r=0 c=1 rs=1 cs=1]
            RenderTableCell {TD} at (398,5) size 398x14 [bgcolor=#FF0000] [r=0 c=2 rs=1 cs=1]
              RenderText {#text} at (0,0) size 176x14
                text run at (0,0) width 176: "First row, first and second cell empty"
          RenderTableRow {TR} at (0,25) size 796x25
            RenderTableCell {TD} at (0,37) size 398x0 [r=1 c=0 rs=1 cs=2]
            RenderTableCell {TD} at (398,30) size 398x14 [bgcolor=#FF0000] [r=1 c=2 rs=1 cs=1]
              RenderText {#text} at (0,0) size 294x14
                text run at (0,0) width 294: "Second row, first cell empty, has colspan=2 and percent width"
      RenderTable {TABLE} at (0,674) size 800x54 [border: (2px solid #000000)]
        RenderTableSection {TBODY} at (2,2) size 796x50
          RenderTableRow {TR} at (0,0) size 796x25
            RenderTableCell {TD} at (0,12) size 199x0 [r=0 c=0 rs=1 cs=1]
            RenderTableCell {TD} at (199,12) size 199x0 [r=0 c=1 rs=1 cs=1]
            RenderTableCell {TD} at (398,5) size 398x14 [bgcolor=#FF0000] [r=0 c=2 rs=1 cs=1]
              RenderText {#text} at (0,0) size 176x14
                text run at (0,0) width 176: "First row, first and second cell empty"
          RenderTableRow {TR} at (0,25) size 796x25
            RenderTableCell {TD} at (0,37) size 398x0 [r=1 c=0 rs=1 cs=2]
            RenderTableCell {TD} at (398,30) size 398x14 [bgcolor=#FF0000] [r=1 c=2 rs=1 cs=1]
              RenderText {#text} at (0,0) size 284x14
                text run at (0,0) width 284: "Second row, first cell empty, has colspan=2 and fixed width"
      RenderBlock (anonymous) at (0,728) size 800x14
        RenderText {#text} at (0,0) size 74x14
          text run at (0,0) width 74: "One empty cell:"
      RenderTable {TABLE} at (0,742) size 800x4 [border: (2px solid #000000)]
        RenderTableSection {TBODY} at (2,2) size 796x0
          RenderTableRow {TR} at (0,0) size 796x0
            RenderTableCell {TD} at (0,0) size 0x0 [r=0 c=0 rs=1 cs=1]
      RenderBlock (anonymous) at (0,746) size 800x14
        RenderText {#text} at (0,0) size 81x14
          text run at (0,0) width 81: "Two empty cells:"
      RenderTable {TABLE} at (0,760) size 800x4 [border: (2px solid #000000)]
        RenderTableSection {TBODY} at (2,2) size 796x0
          RenderTableRow {TR} at (0,0) size 796x0
            RenderTableCell {TD} at (0,0) size 0x0 [r=0 c=0 rs=1 cs=1]
            RenderTableCell {TD} at (0,0) size 0x0 [r=0 c=1 rs=1 cs=1]
