layer at (0,0) size 800x600
  RenderView at (0,0) size 800x600
layer at (0,0) size 800x600
  RenderBlock {HTML} at (0,0) size 800x600
    RenderBody {BODY} at (8,8) size 784x584
      RenderTable {TABLE} at (0,0) size 784x52 [bgcolor=#FF0000]
        RenderTableSection {TBODY} at (0,0) size 784x52
          RenderTableRow {TR} at (0,2) size 784x48
            RenderTableCell {TD} at (2,2) size 780x48 [r=0 c=0 rs=1 cs=1]
              RenderBlock {DIV} at (1,1) size 778x46
                RenderBlock (anonymous) at (0,0) size 778x14
                  RenderText {#text} at (0,0) size 18x14
                    text run at (0,0) width 18: "boo"
                RenderTable {TABLE} at (0,14) size 100x32 [bgcolor=#800080]
                  RenderTableSection {TBODY} at (0,0) size 100x32
                    RenderTableRow {TR} at (0,2) size 100x28
                      RenderTableCell {TD} at (2,2) size 96x28 [r=0 c=0 rs=1 cs=1]
                        RenderTable {TABLE} at (1,1) size 94x26 [bgcolor=#0000FF]
                          RenderTableSection {TBODY} at (0,0) size 94x26
                            RenderTableRow {TR} at (0,2) size 94x22
                              RenderTableCell {TD} at (2,2) size 90x22 [r=0 c=0 rs=1 cs=1]
                                RenderTable {TABLE} at (1,1) size 88x20 [bgcolor=#008000]
                                  RenderTableSection {TBODY} at (0,0) size 88x20
                                    RenderTableRow {TR} at (0,2) size 88x16
                                      RenderTableCell {TD} at (2,2) size 84x16 [r=0 c=0 rs=1 cs=1]
                                        RenderText {#text} at (1,1) size 37x14
                                          text run at (1,1) width 37: "Content"
