layer at (0,0) size 800x600
  RenderView at (0,0) size 800x600
layer at (0,0) size 800x600
  RenderBlock {HTML} at (0,0) size 800x600
    RenderBody {BODY} at (8,8) size 784x584
      RenderTable {TABLE} at (0,0) size 784x32 [bgcolor=#FF0000]
        RenderTableSection {TBODY} at (0,0) size 784x32
          RenderTableRow {TR} at (0,2) size 784x28
            RenderTableCell {TD} at (2,2) size 780x28 [r=0 c=0 rs=1 cs=1]
              RenderBlock {DIV} at (1,1) size 150x26 [bgcolor=#800080]
                RenderTable {TABLE} at (0,0) size 150x26 [bgcolor=#0000FF]
                  RenderTableSection {TBODY} at (0,0) size 150x26
                    RenderTableRow {TR} at (0,2) size 150x22
                      RenderTableCell {TD} at (2,2) size 146x22 [r=0 c=0 rs=1 cs=1]
                        RenderTable {TABLE} at (1,1) size 144x20 [bgcolor=#008000]
                          RenderTableSection {TBODY} at (0,0) size 144x20
                            RenderTableRow {TR} at (0,2) size 144x16
                              RenderTableCell {TD} at (2,2) size 140x16 [r=0 c=0 rs=1 cs=1]
                                RenderText {#text} at (1,1) size 37x14
                                  text run at (1,1) width 37: "Content"
