layer at (0,0) size 800x600
  RenderView at (0,0) size 800x600
layer at (0,0) size 800x600
  RenderBlock {HTML} at (0,0) size 800x600
    RenderBody {BODY} at (8,8) size 784x584
      RenderTable {TABLE} at (0,0) size 126x80 [border: (1px solid #000000)]
        RenderTableSection {THEAD} at (1,1) size 124x20
          RenderTableRow {TR} at (0,2) size 124x16
            RenderTableCell (anonymous) at (2,2) size 76x16 [r=0 c=0 rs=1 cs=1]
              RenderBlock (floating) {TH} at (0,0) size 38x16
                RenderText {#text} at (1,1) size 36x14
                  text run at (1,1) width 36: "Head 1"
              RenderBlock (floating) {TH} at (38,0) size 38x16
                RenderText {#text} at (1,1) size 36x14
                  text run at (1,1) width 36: "Head 2"
        RenderTableSection {TFOOT} at (1,59) size 124x20
          RenderTableRow {TR} at (0,2) size 124x16
            RenderTableCell {TD} at (2,2) size 76x16 [r=0 c=0 rs=1 cs=1]
              RenderText {#text} at (1,1) size 40x14
                text run at (1,1) width 40: "Footer 1"
            RenderTableCell {TD} at (80,2) size 42x16 [r=0 c=1 rs=1 cs=1]
              RenderText {#text} at (1,1) size 40x14
                text run at (1,1) width 40: "Footer 2"
        RenderTableSection {TBODY} at (1,21) size 124x38
          RenderTableRow {TR} at (0,2) size 124x16
            RenderTableCell {TD} at (2,2) size 76x16 [r=0 c=0 rs=1 cs=1]
              RenderText {#text} at (1,1) size 28x14
                text run at (1,1) width 28: "Cell 1"
            RenderTableCell {TD} at (80,2) size 42x16 [r=0 c=1 rs=1 cs=1]
              RenderText {#text} at (1,1) size 28x14
                text run at (1,1) width 28: "Cell 2"
          RenderTableRow {TR} at (0,20) size 124x16
            RenderTableCell {TD} at (2,20) size 76x16 [r=1 c=0 rs=1 cs=1]
              RenderText {#text} at (1,1) size 28x14
                text run at (1,1) width 28: "Cell 3"
            RenderTableCell {TD} at (80,20) size 42x16 [r=1 c=1 rs=1 cs=1]
              RenderText {#text} at (1,1) size 28x14
                text run at (1,1) width 28: "Cell 4"
