layer at (0,0) size 800x600
  RenderView at (0,0) size 800x600
layer at (0,0) size 800x600
  RenderBlock {HTML} at (0,0) size 800x600
    RenderBody {BODY} at (8,8) size 784x584
      RenderBlock {P} at (0,0) size 784x14
        RenderText {#text} at (0,0) size 283x14
          text run at (0,0) width 283: "This page has a few form elements on it with various styles."
      RenderBlock {P} at (0,26) size 784x14
        RenderText {#text} at (0,0) size 430x14
          text run at (0,0) width 430: "In older versions of WebKit, the table styles would cause infinite recursion and hangs. See "
        RenderInline {A} at (0,0) size 85x14 [color=#0000EE]
          RenderText {#text} at (430,0) size 85x14
            text run at (430,0) width 85: "bugzilla bug 5731"
        RenderText {#text} at (515,0) size 3x14
          text run at (515,0) width 3: "."
      RenderBlock {DIV} at (0,52) size 784x14
        RenderInline {FORM} at (0,0) size 66x14
          RenderText {#text} at (0,0) size 66x14
            text run at (0,0) width 66: "display: inline"
      RenderBlock {DIV} at (0,66) size 784x14
        RenderBlock {FORM} at (0,0) size 784x14
          RenderText {#text} at (0,0) size 66x14
            text run at (0,0) width 66: "display: block"
      RenderBlock {DIV} at (0,92) size 784x14
        RenderListItem {FORM} at (0,0) size 784x14
          RenderListMarker at (-15,0) size 6x14: bullet
          RenderText {#text} at (0,0) size 78x14
            text run at (0,0) width 78: "display: list-item"
      RenderBlock {DIV} at (0,118) size 784x14
        RenderBlock (run-in) {FORM} at (0,0) size 784x14
          RenderText {#text} at (0,0) size 69x14
            text run at (0,0) width 69: "display: run-in"
      RenderBlock {DIV} at (0,144) size 784x14
        RenderBlock {FORM} at (0,0) size 784x14
          RenderText {#text} at (0,0) size 79x14
            text run at (0,0) width 79: "display: compact"
      RenderBlock {DIV} at (0,170) size 784x26
        RenderBlock {FORM} at (0,0) size 96x14
          RenderText {#text} at (0,0) size 96x14
            text run at (0,0) width 96: "display: inline-block"
      RenderBlock {DIV} at (0,196) size 784x14
        RenderTable {FORM} at (0,0) size 62x14
          RenderTableSection (anonymous) at (0,0) size 62x14
            RenderTableRow (anonymous) at (0,0) size 62x14
              RenderTableCell (anonymous) at (0,0) size 62x14 [r=0 c=0 rs=1 cs=1]
                RenderText {#text} at (0,0) size 62x14
                  text run at (0,0) width 62: "display: table"
      RenderBlock {DIV} at (0,222) size 784x26
        RenderTable {FORM} at (0,0) size 92x14
          RenderTableSection (anonymous) at (0,0) size 92x14
            RenderTableRow (anonymous) at (0,0) size 92x14
              RenderTableCell (anonymous) at (0,0) size 92x14 [r=0 c=0 rs=1 cs=1]
                RenderText {#text} at (0,0) size 92x14
                  text run at (0,0) width 92: "display: inline-table"
      RenderBlock {DIV} at (0,248) size 784x14
        RenderTable at (0,0) size 117x14
          RenderTableSection {FORM} at (0,0) size 117x14
            RenderTableRow (anonymous) at (0,0) size 117x14
              RenderTableCell (anonymous) at (0,0) size 117x14 [r=0 c=0 rs=1 cs=1]
                RenderText {#text} at (0,0) size 117x14
                  text run at (0,0) width 117: "display: table-row-group"
      RenderBlock {DIV} at (0,262) size 784x14
        RenderTable at (0,0) size 129x14
          RenderTableSection {FORM} at (0,0) size 129x14
            RenderTableRow (anonymous) at (0,0) size 129x14
              RenderTableCell (anonymous) at (0,0) size 129x14 [r=0 c=0 rs=1 cs=1]
                RenderText {#text} at (0,0) size 129x14
                  text run at (0,0) width 129: "display: table-header-group"
      RenderBlock {DIV} at (0,276) size 784x14
        RenderTable at (0,0) size 126x14
          RenderTableSection {FORM} at (0,0) size 126x14
            RenderTableRow (anonymous) at (0,0) size 126x14
              RenderTableCell (anonymous) at (0,0) size 126x14 [r=0 c=0 rs=1 cs=1]
                RenderText {#text} at (0,0) size 126x14
                  text run at (0,0) width 126: "display: table-footer-group"
      RenderBlock {DIV} at (0,290) size 784x14
        RenderTable at (0,0) size 85x14
          RenderTableSection (anonymous) at (0,0) size 85x14
            RenderTableRow {FORM} at (0,0) size 85x14
              RenderTableCell (anonymous) at (0,0) size 85x14 [r=0 c=0 rs=1 cs=1]
                RenderText {#text} at (0,0) size 85x14
                  text run at (0,0) width 85: "display: table-row"
      RenderBlock {DIV} at (0,304) size 784x0
        RenderTable at (0,0) size 0x0
          RenderTableCol {FORM} at (0,0) size 0x0
      RenderBlock {DIV} at (0,304) size 784x0
        RenderTableCol {FORM} at (0,0) size 0x0
      RenderBlock {DIV} at (0,316) size 784x14
        RenderTable at (0,0) size 82x14
          RenderTableSection (anonymous) at (0,0) size 82x14
            RenderTableRow (anonymous) at (0,0) size 82x14
              RenderTableCell {FORM} at (0,0) size 82x14 [r=0 c=0 rs=1 cs=1]
                RenderText {#text} at (0,0) size 82x14
                  text run at (0,0) width 82: "display: table-cell"
      RenderBlock {DIV} at (0,330) size 784x54
        RenderTable at (0,0) size 37x54
          RenderBlock {FORM} at (0,0) size 37x42
            RenderText {#text} at (0,0) size 37x42
              text run at (0,0) width 37: "display:"
              text run at (0,14) width 26: "table-"
              text run at (0,28) width 34: "caption"
