layer at (0,0) size 800x6528
  RenderView at (0,0) size 800x600
layer at (0,0) size 800x6528
  RenderBlock {HTML} at (0,0) size 800x6528
    RenderBody {BODY} at (8,8) size 784x6472
      RenderTable {TABLE} at (0,0) size 204x94
        RenderBlock {CAPTION} at (0,0) size 204x14
          RenderInline {A} at (0,0) size 170x14
            RenderText {#text} at (15,0) size 170x14
              text run at (15,0) width 170: "Frame=\x{201C}void\x{201D} and Rules=\x{201C}none\x{201D}"
          RenderInline (generated) at (0,0) size 5x14
            RenderText at (184,0) size 5x14
              text run at (184,0) width 5: ":"
        RenderTableSection {THEAD} at (0,14) size 204x16
          RenderTableRow {TR} at (0,0) size 204x16
            RenderTableCell {TD} at (0,0) size 68x16 [r=0 c=0 rs=1 cs=1]
              RenderText {#text} at (1,1) size 66x14
                text run at (1,1) width 66: "Row 1, Cell 1"
            RenderTableCell {TD} at (68,0) size 68x16 [r=0 c=1 rs=1 cs=1]
              RenderText {#text} at (1,1) size 66x14
                text run at (1,1) width 66: "Row 1, Cell 2"
            RenderTableCell {TD} at (136,0) size 68x16 [r=0 c=2 rs=1 cs=1]
              RenderText {#text} at (1,1) size 66x14
                text run at (1,1) width 66: "Row 1, Cell 3"
        RenderTableSection {TBODY} at (0,30) size 204x48
          RenderTableRow {TR} at (0,0) size 204x16
            RenderTableCell {TD} at (0,8) size 68x16 [r=0 c=0 rs=2 cs=1]
              RenderText {#text} at (1,1) size 66x14
                text run at (1,1) width 66: "Row 2, Cell 1"
            RenderTableCell {TD} at (68,0) size 136x16 [r=0 c=1 rs=1 cs=2]
              RenderText {#text} at (1,1) size 66x14
                text run at (1,1) width 66: "Row 2, Cell 2"
          RenderTableRow {TR} at (0,16) size 204x16
            RenderTableCell {TD} at (68,16) size 68x16 [r=1 c=1 rs=1 cs=1]
              RenderText {#text} at (1,1) size 66x14
                text run at (1,1) width 66: "Row 3, Cell 2"
            RenderTableCell {TD} at (136,24) size 68x16 [r=1 c=2 rs=2 cs=1]
              RenderText {#text} at (1,1) size 66x14
                text run at (1,1) width 66: "Row 3, Cell 3"
          RenderTableRow {TR} at (0,32) size 204x16
            RenderTableCell {TD} at (0,32) size 136x16 [r=2 c=0 rs=1 cs=2]
              RenderText {#text} at (1,1) size 66x14
                text run at (1,1) width 66: "Row 4, Cell 1"
        RenderTableSection {TFOOT} at (0,78) size 204x16
          RenderTableRow {TR} at (0,0) size 204x16
            RenderTableCell {TD} at (0,0) size 68x16 [r=0 c=0 rs=1 cs=1]
              RenderText {#text} at (1,1) size 66x14
                text run at (1,1) width 66: "Row 5, Cell 1"
            RenderTableCell {TD} at (68,0) size 68x16 [r=0 c=1 rs=1 cs=1]
              RenderText {#text} at (1,1) size 66x14
                text run at (1,1) width 66: "Row 5, Cell 2"
            RenderTableCell {TD} at (136,0) size 68x16 [r=0 c=2 rs=1 cs=1]
              RenderText {#text} at (1,1) size 66x14
                text run at (1,1) width 66: "Row 5, Cell 3"
      RenderTable {TABLE} at (0,142) size 204x95
        RenderBlock {CAPTION} at (0,0) size 204x14
          RenderInline {A} at (0,0) size 178x14
            RenderText {#text} at (11,0) size 178x14
              text run at (11,0) width 178: "Frame=\x{201C}above\x{201D} and Rules=\x{201C}none\x{201D}"
          RenderInline (generated) at (0,0) size 5x14
            RenderText at (188,0) size 5x14
              text run at (188,0) width 5: ":"
        RenderTableSection {THEAD} at (0,14) size 204x17
          RenderTableRow {TR} at (0,0) size 204x17
            RenderTableCell {TD} at (0,0) size 68x17 [border: (1px none #000000)] [r=0 c=0 rs=1 cs=1]
              RenderText {#text} at (1,2) size 66x14
                text run at (1,2) width 66: "Row 1, Cell 1"
            RenderTableCell {TD} at (68,0) size 68x17 [border: (1px none #000000)] [r=0 c=1 rs=1 cs=1]
              RenderText {#text} at (1,2) size 66x14
                text run at (1,2) width 66: "Row 1, Cell 2"
            RenderTableCell {TD} at (136,0) size 68x17 [border: (1px none #000000)] [r=0 c=2 rs=1 cs=1]
              RenderText {#text} at (1,2) size 66x14
                text run at (1,2) width 66: "Row 1, Cell 3"
        RenderTableSection {TBODY} at (0,31) size 204x48
          RenderTableRow {TR} at (0,0) size 204x16
            RenderTableCell {TD} at (0,8) size 68x16 [r=0 c=0 rs=2 cs=1]
              RenderText {#text} at (1,1) size 66x14
                text run at (1,1) width 66: "Row 2, Cell 1"
            RenderTableCell {TD} at (68,0) size 136x16 [r=0 c=1 rs=1 cs=2]
              RenderText {#text} at (1,1) size 66x14
                text run at (1,1) width 66: "Row 2, Cell 2"
          RenderTableRow {TR} at (0,16) size 204x16
            RenderTableCell {TD} at (68,16) size 68x16 [r=1 c=1 rs=1 cs=1]
              RenderText {#text} at (1,1) size 66x14
                text run at (1,1) width 66: "Row 3, Cell 2"
            RenderTableCell {TD} at (136,24) size 68x16 [r=1 c=2 rs=2 cs=1]
              RenderText {#text} at (1,1) size 66x14
                text run at (1,1) width 66: "Row 3, Cell 3"
          RenderTableRow {TR} at (0,32) size 204x16
            RenderTableCell {TD} at (0,32) size 136x16 [r=2 c=0 rs=1 cs=2]
              RenderText {#text} at (1,1) size 66x14
                text run at (1,1) width 66: "Row 4, Cell 1"
        RenderTableSection {TFOOT} at (0,79) size 204x16
          RenderTableRow {TR} at (0,0) size 204x16
            RenderTableCell {TD} at (0,0) size 68x16 [r=0 c=0 rs=1 cs=1]
              RenderText {#text} at (1,1) size 66x14
                text run at (1,1) width 66: "Row 5, Cell 1"
            RenderTableCell {TD} at (68,0) size 68x16 [r=0 c=1 rs=1 cs=1]
              RenderText {#text} at (1,1) size 66x14
                text run at (1,1) width 66: "Row 5, Cell 2"
            RenderTableCell {TD} at (136,0) size 68x16 [r=0 c=2 rs=1 cs=1]
              RenderText {#text} at (1,1) size 66x14
                text run at (1,1) width 66: "Row 5, Cell 3"
      RenderTable {TABLE} at (0,285) size 204x95 [border: none (1px solid #808080) none]
        RenderBlock {CAPTION} at (0,0) size 204x14
          RenderInline {A} at (0,0) size 178x14
            RenderText {#text} at (11,0) size 178x14
              text run at (11,0) width 178: "Frame=\x{201C}below\x{201D} and Rules=\x{201C}none\x{201D}"
          RenderInline (generated) at (0,0) size 5x14
            RenderText at (188,0) size 5x14
              text run at (188,0) width 5: ":"
        RenderTableSection {THEAD} at (0,14) size 204x16
          RenderTableRow {TR} at (0,0) size 204x16
            RenderTableCell {TD} at (0,0) size 68x16 [r=0 c=0 rs=1 cs=1]
              RenderText {#text} at (1,1) size 66x14
                text run at (1,1) width 66: "Row 1, Cell 1"
            RenderTableCell {TD} at (68,0) size 68x16 [r=0 c=1 rs=1 cs=1]
              RenderText {#text} at (1,1) size 66x14
                text run at (1,1) width 66: "Row 1, Cell 2"
            RenderTableCell {TD} at (136,0) size 68x16 [r=0 c=2 rs=1 cs=1]
              RenderText {#text} at (1,1) size 66x14
                text run at (1,1) width 66: "Row 1, Cell 3"
        RenderTableSection {TBODY} at (0,30) size 204x48
          RenderTableRow {TR} at (0,0) size 204x16
            RenderTableCell {TD} at (0,8) size 68x16 [r=0 c=0 rs=2 cs=1]
              RenderText {#text} at (1,1) size 66x14
                text run at (1,1) width 66: "Row 2, Cell 1"
            RenderTableCell {TD} at (68,0) size 136x16 [r=0 c=1 rs=1 cs=2]
              RenderText {#text} at (1,1) size 66x14
                text run at (1,1) width 66: "Row 2, Cell 2"
          RenderTableRow {TR} at (0,16) size 204x16
            RenderTableCell {TD} at (68,16) size 68x16 [r=1 c=1 rs=1 cs=1]
              RenderText {#text} at (1,1) size 66x14
                text run at (1,1) width 66: "Row 3, Cell 2"
            RenderTableCell {TD} at (136,24) size 68x16 [r=1 c=2 rs=2 cs=1]
              RenderText {#text} at (1,1) size 66x14
                text run at (1,1) width 66: "Row 3, Cell 3"
          RenderTableRow {TR} at (0,32) size 204x16
            RenderTableCell {TD} at (0,32) size 136x16 [r=2 c=0 rs=1 cs=2]
              RenderText {#text} at (1,1) size 66x14
                text run at (1,1) width 66: "Row 4, Cell 1"
        RenderTableSection {TFOOT} at (0,78) size 204x16
          RenderTableRow {TR} at (0,0) size 204x16
            RenderTableCell {TD} at (0,0) size 68x16 [r=0 c=0 rs=1 cs=1]
              RenderText {#text} at (1,1) size 66x14
                text run at (1,1) width 66: "Row 5, Cell 1"
            RenderTableCell {TD} at (68,0) size 68x16 [r=0 c=1 rs=1 cs=1]
              RenderText {#text} at (1,1) size 66x14
                text run at (1,1) width 66: "Row 5, Cell 2"
            RenderTableCell {TD} at (136,0) size 68x16 [r=0 c=2 rs=1 cs=1]
              RenderText {#text} at (1,1) size 66x14
                text run at (1,1) width 66: "Row 5, Cell 3"
      RenderTable {TABLE} at (0,428) size 204x96 [border: none none (1px solid #808080) none]
        RenderBlock {CAPTION} at (0,0) size 204x14
          RenderInline {A} at (0,0) size 180x14
            RenderText {#text} at (10,0) size 180x14
              text run at (10,0) width 180: "Frame=\x{201C}hsides\x{201D} and Rules=\x{201C}none\x{201D}"
          RenderInline (generated) at (0,0) size 4x14
            RenderText at (190,0) size 4x14
              text run at (190,0) width 4: ":"
        RenderTableSection {THEAD} at (0,14) size 204x17
          RenderTableRow {TR} at (0,0) size 204x17
            RenderTableCell {TD} at (0,0) size 68x17 [border: (1px none #000000)] [r=0 c=0 rs=1 cs=1]
              RenderText {#text} at (1,2) size 66x14
                text run at (1,2) width 66: "Row 1, Cell 1"
            RenderTableCell {TD} at (68,0) size 68x17 [border: (1px none #000000)] [r=0 c=1 rs=1 cs=1]
              RenderText {#text} at (1,2) size 66x14
                text run at (1,2) width 66: "Row 1, Cell 2"
            RenderTableCell {TD} at (136,0) size 68x17 [border: (1px none #000000)] [r=0 c=2 rs=1 cs=1]
              RenderText {#text} at (1,2) size 66x14
                text run at (1,2) width 66: "Row 1, Cell 3"
        RenderTableSection {TBODY} at (0,31) size 204x48
          RenderTableRow {TR} at (0,0) size 204x16
            RenderTableCell {TD} at (0,8) size 68x16 [r=0 c=0 rs=2 cs=1]
              RenderText {#text} at (1,1) size 66x14
                text run at (1,1) width 66: "Row 2, Cell 1"
            RenderTableCell {TD} at (68,0) size 136x16 [r=0 c=1 rs=1 cs=2]
              RenderText {#text} at (1,1) size 66x14
                text run at (1,1) width 66: "Row 2, Cell 2"
          RenderTableRow {TR} at (0,16) size 204x16
            RenderTableCell {TD} at (68,16) size 68x16 [r=1 c=1 rs=1 cs=1]
              RenderText {#text} at (1,1) size 66x14
                text run at (1,1) width 66: "Row 3, Cell 2"
            RenderTableCell {TD} at (136,24) size 68x16 [r=1 c=2 rs=2 cs=1]
              RenderText {#text} at (1,1) size 66x14
                text run at (1,1) width 66: "Row 3, Cell 3"
          RenderTableRow {TR} at (0,32) size 204x16
            RenderTableCell {TD} at (0,32) size 136x16 [r=2 c=0 rs=1 cs=2]
              RenderText {#text} at (1,1) size 66x14
                text run at (1,1) width 66: "Row 4, Cell 1"
        RenderTableSection {TFOOT} at (0,79) size 204x16
          RenderTableRow {TR} at (0,0) size 204x16
            RenderTableCell {TD} at (0,0) size 68x16 [r=0 c=0 rs=1 cs=1]
              RenderText {#text} at (1,1) size 66x14
                text run at (1,1) width 66: "Row 5, Cell 1"
            RenderTableCell {TD} at (68,0) size 68x16 [r=0 c=1 rs=1 cs=1]
              RenderText {#text} at (1,1) size 66x14
                text run at (1,1) width 66: "Row 5, Cell 2"
            RenderTableCell {TD} at (136,0) size 68x16 [r=0 c=2 rs=1 cs=1]
              RenderText {#text} at (1,1) size 66x14
                text run at (1,1) width 66: "Row 5, Cell 3"
      RenderTable {TABLE} at (0,572) size 206x94 [border: none (1px solid #808080) none none]
        RenderBlock {CAPTION} at (0,0) size 205x14
          RenderInline {A} at (0,0) size 179x14
            RenderText {#text} at (11,0) size 179x14
              text run at (11,0) width 179: "Frame=\x{201C}vsides\x{201D} and Rules=\x{201C}none\x{201D}"
          RenderInline (generated) at (0,0) size 5x14
            RenderText at (189,0) size 5x14
              text run at (189,0) width 5: ":"
        RenderTableSection {THEAD} at (0,14) size 205x16
          RenderTableRow {TR} at (0,0) size 205x16
            RenderTableCell {TD} at (0,0) size 69x16 [border: none] [r=0 c=0 rs=1 cs=1]
              RenderText {#text} at (2,1) size 66x14
                text run at (2,1) width 66: "Row 1, Cell 1"
            RenderTableCell {TD} at (69,0) size 68x16 [r=0 c=1 rs=1 cs=1]
              RenderText {#text} at (1,1) size 66x14
                text run at (1,1) width 66: "Row 1, Cell 2"
            RenderTableCell {TD} at (137,0) size 68x16 [r=0 c=2 rs=1 cs=1]
              RenderText {#text} at (1,1) size 66x14
                text run at (1,1) width 66: "Row 1, Cell 3"
        RenderTableSection {TBODY} at (0,30) size 205x48
          RenderTableRow {TR} at (0,0) size 205x16
            RenderTableCell {TD} at (0,8) size 69x16 [border: none] [r=0 c=0 rs=2 cs=1]
              RenderText {#text} at (2,1) size 66x14
                text run at (2,1) width 66: "Row 2, Cell 1"
            RenderTableCell {TD} at (69,0) size 136x16 [r=0 c=1 rs=1 cs=2]
              RenderText {#text} at (1,1) size 66x14
                text run at (1,1) width 66: "Row 2, Cell 2"
          RenderTableRow {TR} at (0,16) size 205x16
            RenderTableCell {TD} at (69,16) size 68x16 [r=1 c=1 rs=1 cs=1]
              RenderText {#text} at (1,1) size 66x14
                text run at (1,1) width 66: "Row 3, Cell 2"
            RenderTableCell {TD} at (137,24) size 68x16 [r=1 c=2 rs=2 cs=1]
              RenderText {#text} at (1,1) size 66x14
                text run at (1,1) width 66: "Row 3, Cell 3"
          RenderTableRow {TR} at (0,32) size 205x16
            RenderTableCell {TD} at (0,32) size 137x16 [border: none] [r=2 c=0 rs=1 cs=2]
              RenderText {#text} at (2,1) size 66x14
                text run at (2,1) width 66: "Row 4, Cell 1"
        RenderTableSection {TFOOT} at (0,78) size 205x16
          RenderTableRow {TR} at (0,0) size 205x16
            RenderTableCell {TD} at (0,0) size 69x16 [border: none] [r=0 c=0 rs=1 cs=1]
              RenderText {#text} at (2,1) size 66x14
                text run at (2,1) width 66: "Row 5, Cell 1"
            RenderTableCell {TD} at (69,0) size 68x16 [r=0 c=1 rs=1 cs=1]
              RenderText {#text} at (1,1) size 66x14
                text run at (1,1) width 66: "Row 5, Cell 2"
            RenderTableCell {TD} at (137,0) size 68x16 [r=0 c=2 rs=1 cs=1]
              RenderText {#text} at (1,1) size 66x14
                text run at (1,1) width 66: "Row 5, Cell 3"
      RenderTable {TABLE} at (0,714) size 205x94
        RenderBlock {CAPTION} at (0,0) size 205x14
          RenderInline {A} at (0,0) size 165x14
            RenderText {#text} at (18,0) size 165x14
              text run at (18,0) width 165: "Frame=\x{201C}lhs\x{201D} and Rules=\x{201C}none\x{201D}"
          RenderInline (generated) at (0,0) size 5x14
            RenderText at (182,0) size 5x14
              text run at (182,0) width 5: ":"
        RenderTableSection {THEAD} at (0,14) size 205x16
          RenderTableRow {TR} at (0,0) size 205x16
            RenderTableCell {TD} at (0,0) size 69x16 [border: none] [r=0 c=0 rs=1 cs=1]
              RenderText {#text} at (2,1) size 66x14
                text run at (2,1) width 66: "Row 1, Cell 1"
            RenderTableCell {TD} at (69,0) size 68x16 [r=0 c=1 rs=1 cs=1]
              RenderText {#text} at (1,1) size 66x14
                text run at (1,1) width 66: "Row 1, Cell 2"
            RenderTableCell {TD} at (137,0) size 68x16 [r=0 c=2 rs=1 cs=1]
              RenderText {#text} at (1,1) size 66x14
                text run at (1,1) width 66: "Row 1, Cell 3"
        RenderTableSection {TBODY} at (0,30) size 205x48
          RenderTableRow {TR} at (0,0) size 205x16
            RenderTableCell {TD} at (0,8) size 69x16 [border: none] [r=0 c=0 rs=2 cs=1]
              RenderText {#text} at (2,1) size 66x14
                text run at (2,1) width 66: "Row 2, Cell 1"
            RenderTableCell {TD} at (69,0) size 136x16 [r=0 c=1 rs=1 cs=2]
              RenderText {#text} at (1,1) size 66x14
                text run at (1,1) width 66: "Row 2, Cell 2"
          RenderTableRow {TR} at (0,16) size 205x16
            RenderTableCell {TD} at (69,16) size 68x16 [r=1 c=1 rs=1 cs=1]
              RenderText {#text} at (1,1) size 66x14
                text run at (1,1) width 66: "Row 3, Cell 2"
            RenderTableCell {TD} at (137,24) size 68x16 [r=1 c=2 rs=2 cs=1]
              RenderText {#text} at (1,1) size 66x14
                text run at (1,1) width 66: "Row 3, Cell 3"
          RenderTableRow {TR} at (0,32) size 205x16
            RenderTableCell {TD} at (0,32) size 137x16 [border: none] [r=2 c=0 rs=1 cs=2]
              RenderText {#text} at (2,1) size 66x14
                text run at (2,1) width 66: "Row 4, Cell 1"
        RenderTableSection {TFOOT} at (0,78) size 205x16
          RenderTableRow {TR} at (0,0) size 205x16
            RenderTableCell {TD} at (0,0) size 69x16 [border: none] [r=0 c=0 rs=1 cs=1]
              RenderText {#text} at (2,1) size 66x14
                text run at (2,1) width 66: "Row 5, Cell 1"
            RenderTableCell {TD} at (69,0) size 68x16 [r=0 c=1 rs=1 cs=1]
              RenderText {#text} at (1,1) size 66x14
                text run at (1,1) width 66: "Row 5, Cell 2"
            RenderTableCell {TD} at (137,0) size 68x16 [r=0 c=2 rs=1 cs=1]
              RenderText {#text} at (1,1) size 66x14
                text run at (1,1) width 66: "Row 5, Cell 3"
      RenderTable {TABLE} at (0,856) size 205x94 [border: none (1px solid #808080) none]
        RenderBlock {CAPTION} at (0,0) size 204x14
          RenderInline {A} at (0,0) size 166x14
            RenderText {#text} at (17,0) size 166x14
              text run at (17,0) width 166: "Frame=\x{201C}rhs\x{201D} and Rules=\x{201C}none\x{201D}"
          RenderInline (generated) at (0,0) size 4x14
            RenderText at (183,0) size 4x14
              text run at (183,0) width 4: ":"
        RenderTableSection {THEAD} at (0,14) size 204x16
          RenderTableRow {TR} at (0,0) size 204x16
            RenderTableCell {TD} at (0,0) size 68x16 [r=0 c=0 rs=1 cs=1]
              RenderText {#text} at (1,1) size 66x14
                text run at (1,1) width 66: "Row 1, Cell 1"
            RenderTableCell {TD} at (68,0) size 68x16 [r=0 c=1 rs=1 cs=1]
              RenderText {#text} at (1,1) size 66x14
                text run at (1,1) width 66: "Row 1, Cell 2"
            RenderTableCell {TD} at (136,0) size 68x16 [r=0 c=2 rs=1 cs=1]
              RenderText {#text} at (1,1) size 66x14
                text run at (1,1) width 66: "Row 1, Cell 3"
        RenderTableSection {TBODY} at (0,30) size 204x48
          RenderTableRow {TR} at (0,0) size 204x16
            RenderTableCell {TD} at (0,8) size 68x16 [r=0 c=0 rs=2 cs=1]
              RenderText {#text} at (1,1) size 66x14
                text run at (1,1) width 66: "Row 2, Cell 1"
            RenderTableCell {TD} at (68,0) size 136x16 [r=0 c=1 rs=1 cs=2]
              RenderText {#text} at (1,1) size 66x14
                text run at (1,1) width 66: "Row 2, Cell 2"
          RenderTableRow {TR} at (0,16) size 204x16
            RenderTableCell {TD} at (68,16) size 68x16 [r=1 c=1 rs=1 cs=1]
              RenderText {#text} at (1,1) size 66x14
                text run at (1,1) width 66: "Row 3, Cell 2"
            RenderTableCell {TD} at (136,24) size 68x16 [r=1 c=2 rs=2 cs=1]
              RenderText {#text} at (1,1) size 66x14
                text run at (1,1) width 66: "Row 3, Cell 3"
          RenderTableRow {TR} at (0,32) size 204x16
            RenderTableCell {TD} at (0,32) size 136x16 [r=2 c=0 rs=1 cs=2]
              RenderText {#text} at (1,1) size 66x14
                text run at (1,1) width 66: "Row 4, Cell 1"
        RenderTableSection {TFOOT} at (0,78) size 204x16
          RenderTableRow {TR} at (0,0) size 204x16
            RenderTableCell {TD} at (0,0) size 68x16 [r=0 c=0 rs=1 cs=1]
              RenderText {#text} at (1,1) size 66x14
                text run at (1,1) width 66: "Row 5, Cell 1"
            RenderTableCell {TD} at (68,0) size 68x16 [r=0 c=1 rs=1 cs=1]
              RenderText {#text} at (1,1) size 66x14
                text run at (1,1) width 66: "Row 5, Cell 2"
            RenderTableCell {TD} at (136,0) size 68x16 [r=0 c=2 rs=1 cs=1]
              RenderText {#text} at (1,1) size 66x14
                text run at (1,1) width 66: "Row 5, Cell 3"
      RenderTable {TABLE} at (0,998) size 206x96 [border: none]
        RenderBlock {CAPTION} at (0,0) size 205x14
          RenderInline {A} at (0,0) size 167x14
            RenderText {#text} at (17,0) size 167x14
              text run at (17,0) width 167: "Frame=\x{201C}box\x{201D} and Rules=\x{201C}none\x{201D}"
          RenderInline (generated) at (0,0) size 4x14
            RenderText at (184,0) size 4x14
              text run at (184,0) width 4: ":"
        RenderTableSection {THEAD} at (0,14) size 205x17
          RenderTableRow {TR} at (0,0) size 205x17
            RenderTableCell {TD} at (0,0) size 69x17 [border: (1px none #000000)] [r=0 c=0 rs=1 cs=1]
              RenderText {#text} at (2,2) size 66x14
                text run at (2,2) width 66: "Row 1, Cell 1"
            RenderTableCell {TD} at (69,0) size 68x17 [border: (1px none #000000)] [r=0 c=1 rs=1 cs=1]
              RenderText {#text} at (1,2) size 66x14
                text run at (1,2) width 66: "Row 1, Cell 2"
            RenderTableCell {TD} at (137,0) size 68x17 [border: (1px none #000000)] [r=0 c=2 rs=1 cs=1]
              RenderText {#text} at (1,2) size 66x14
                text run at (1,2) width 66: "Row 1, Cell 3"
        RenderTableSection {TBODY} at (0,31) size 205x48
          RenderTableRow {TR} at (0,0) size 205x16
            RenderTableCell {TD} at (0,8) size 69x16 [border: none] [r=0 c=0 rs=2 cs=1]
              RenderText {#text} at (2,1) size 66x14
                text run at (2,1) width 66: "Row 2, Cell 1"
            RenderTableCell {TD} at (69,0) size 136x16 [r=0 c=1 rs=1 cs=2]
              RenderText {#text} at (1,1) size 66x14
                text run at (1,1) width 66: "Row 2, Cell 2"
          RenderTableRow {TR} at (0,16) size 205x16
            RenderTableCell {TD} at (69,16) size 68x16 [r=1 c=1 rs=1 cs=1]
              RenderText {#text} at (1,1) size 66x14
                text run at (1,1) width 66: "Row 3, Cell 2"
            RenderTableCell {TD} at (137,24) size 68x16 [r=1 c=2 rs=2 cs=1]
              RenderText {#text} at (1,1) size 66x14
                text run at (1,1) width 66: "Row 3, Cell 3"
          RenderTableRow {TR} at (0,32) size 205x16
            RenderTableCell {TD} at (0,32) size 137x16 [border: none] [r=2 c=0 rs=1 cs=2]
              RenderText {#text} at (2,1) size 66x14
                text run at (2,1) width 66: "Row 4, Cell 1"
        RenderTableSection {TFOOT} at (0,79) size 205x16
          RenderTableRow {TR} at (0,0) size 205x16
            RenderTableCell {TD} at (0,0) size 69x16 [border: none] [r=0 c=0 rs=1 cs=1]
              RenderText {#text} at (2,1) size 66x14
                text run at (2,1) width 66: "Row 5, Cell 1"
            RenderTableCell {TD} at (69,0) size 68x16 [r=0 c=1 rs=1 cs=1]
              RenderText {#text} at (1,1) size 66x14
                text run at (1,1) width 66: "Row 5, Cell 2"
            RenderTableCell {TD} at (137,0) size 68x16 [r=0 c=2 rs=1 cs=1]
              RenderText {#text} at (1,1) size 66x14
                text run at (1,1) width 66: "Row 5, Cell 3"
      RenderTable {TABLE} at (0,1142) size 206x96 [border: none]
        RenderBlock {CAPTION} at (0,0) size 205x14
          RenderInline {A} at (0,0) size 183x14
            RenderText {#text} at (9,0) size 183x14
              text run at (9,0) width 183: "Frame=\x{201C}border\x{201D} and Rules=\x{201C}none\x{201D}"
          RenderInline (generated) at (0,0) size 5x14
            RenderText at (191,0) size 5x14
              text run at (191,0) width 5: ":"
        RenderTableSection {THEAD} at (0,14) size 205x17
          RenderTableRow {TR} at (0,0) size 205x17
            RenderTableCell {TD} at (0,0) size 69x17 [border: (1px none #000000)] [r=0 c=0 rs=1 cs=1]
              RenderText {#text} at (2,2) size 66x14
                text run at (2,2) width 66: "Row 1, Cell 1"
            RenderTableCell {TD} at (69,0) size 68x17 [border: (1px none #000000)] [r=0 c=1 rs=1 cs=1]
              RenderText {#text} at (1,2) size 66x14
                text run at (1,2) width 66: "Row 1, Cell 2"
            RenderTableCell {TD} at (137,0) size 68x17 [border: (1px none #000000)] [r=0 c=2 rs=1 cs=1]
              RenderText {#text} at (1,2) size 66x14
                text run at (1,2) width 66: "Row 1, Cell 3"
        RenderTableSection {TBODY} at (0,31) size 205x48
          RenderTableRow {TR} at (0,0) size 205x16
            RenderTableCell {TD} at (0,8) size 69x16 [border: none] [r=0 c=0 rs=2 cs=1]
              RenderText {#text} at (2,1) size 66x14
                text run at (2,1) width 66: "Row 2, Cell 1"
            RenderTableCell {TD} at (69,0) size 136x16 [r=0 c=1 rs=1 cs=2]
              RenderText {#text} at (1,1) size 66x14
                text run at (1,1) width 66: "Row 2, Cell 2"
          RenderTableRow {TR} at (0,16) size 205x16
            RenderTableCell {TD} at (69,16) size 68x16 [r=1 c=1 rs=1 cs=1]
              RenderText {#text} at (1,1) size 66x14
                text run at (1,1) width 66: "Row 3, Cell 2"
            RenderTableCell {TD} at (137,24) size 68x16 [r=1 c=2 rs=2 cs=1]
              RenderText {#text} at (1,1) size 66x14
                text run at (1,1) width 66: "Row 3, Cell 3"
          RenderTableRow {TR} at (0,32) size 205x16
            RenderTableCell {TD} at (0,32) size 137x16 [border: none] [r=2 c=0 rs=1 cs=2]
              RenderText {#text} at (2,1) size 66x14
                text run at (2,1) width 66: "Row 4, Cell 1"
        RenderTableSection {TFOOT} at (0,79) size 205x16
          RenderTableRow {TR} at (0,0) size 205x16
            RenderTableCell {TD} at (0,0) size 69x16 [border: none] [r=0 c=0 rs=1 cs=1]
              RenderText {#text} at (2,1) size 66x14
                text run at (2,1) width 66: "Row 5, Cell 1"
            RenderTableCell {TD} at (69,0) size 68x16 [r=0 c=1 rs=1 cs=1]
              RenderText {#text} at (1,1) size 66x14
                text run at (1,1) width 66: "Row 5, Cell 2"
            RenderTableCell {TD} at (137,0) size 68x16 [r=0 c=2 rs=1 cs=1]
              RenderText {#text} at (1,1) size 66x14
                text run at (1,1) width 66: "Row 5, Cell 3"
      RenderTable {TABLE} at (0,1286) size 204x96
        RenderBlock {CAPTION} at (0,0) size 204x14
          RenderInline {A} at (0,0) size 180x14
            RenderText {#text} at (10,0) size 180x14
              text run at (10,0) width 180: "Frame=\x{201C}void\x{201D} and Rules=\x{201C}groups\x{201D}"
          RenderInline (generated) at (0,0) size 5x14
            RenderText at (189,0) size 5x14
              text run at (189,0) width 5: ":"
        RenderTableSection {THEAD} at (0,14) size 204x16 [border: (1px solid #808080) none (1px solid #808080) none]
          RenderTableRow {TR} at (0,0) size 204x16
            RenderTableCell {TD} at (0,0) size 68x16 [r=0 c=0 rs=1 cs=1]
              RenderText {#text} at (1,1) size 66x14
                text run at (1,1) width 66: "Row 1, Cell 1"
            RenderTableCell {TD} at (68,0) size 68x16 [r=0 c=1 rs=1 cs=1]
              RenderText {#text} at (1,1) size 66x14
                text run at (1,1) width 66: "Row 1, Cell 2"
            RenderTableCell {TD} at (136,0) size 68x16 [r=0 c=2 rs=1 cs=1]
              RenderText {#text} at (1,1) size 66x14
                text run at (1,1) width 66: "Row 1, Cell 3"
        RenderTableSection {TBODY} at (0,30) size 204x49 [border: (1px solid #808080) none (1px solid #808080) none]
          RenderTableRow {TR} at (0,0) size 204x17
            RenderTableCell {TD} at (0,8) size 68x17 [border: (1px none #000000)] [r=0 c=0 rs=2 cs=1]
              RenderText {#text} at (1,2) size 66x14
                text run at (1,2) width 66: "Row 2, Cell 1"
            RenderTableCell {TD} at (68,0) size 136x17 [border: (1px none #000000)] [r=0 c=1 rs=1 cs=2]
              RenderText {#text} at (1,2) size 66x14
                text run at (1,2) width 66: "Row 2, Cell 2"
          RenderTableRow {TR} at (0,17) size 204x16
            RenderTableCell {TD} at (68,17) size 68x16 [r=1 c=1 rs=1 cs=1]
              RenderText {#text} at (1,1) size 66x14
                text run at (1,1) width 66: "Row 3, Cell 2"
            RenderTableCell {TD} at (136,25) size 68x16 [r=1 c=2 rs=2 cs=1]
              RenderText {#text} at (1,1) size 66x14
                text run at (1,1) width 66: "Row 3, Cell 3"
          RenderTableRow {TR} at (0,33) size 204x16
            RenderTableCell {TD} at (0,33) size 136x16 [r=2 c=0 rs=1 cs=2]
              RenderText {#text} at (1,1) size 66x14
                text run at (1,1) width 66: "Row 4, Cell 1"
        RenderTableSection {TFOOT} at (0,79) size 204x17 [border: (1px solid #808080) none (1px solid #808080) none]
          RenderTableRow {TR} at (0,0) size 204x17
            RenderTableCell {TD} at (0,0) size 68x17 [border: (1px none #000000)] [r=0 c=0 rs=1 cs=1]
              RenderText {#text} at (1,2) size 66x14
                text run at (1,2) width 66: "Row 5, Cell 1"
            RenderTableCell {TD} at (68,0) size 68x17 [border: (1px none #000000)] [r=0 c=1 rs=1 cs=1]
              RenderText {#text} at (1,2) size 66x14
                text run at (1,2) width 66: "Row 5, Cell 2"
            RenderTableCell {TD} at (136,0) size 68x17 [border: (1px none #000000)] [r=0 c=2 rs=1 cs=1]
              RenderText {#text} at (1,2) size 66x14
                text run at (1,2) width 66: "Row 5, Cell 3"
      RenderTable {TABLE} at (0,1430) size 204x97
        RenderBlock {CAPTION} at (0,0) size 204x14
          RenderInline {A} at (0,0) size 188x14
            RenderText {#text} at (6,0) size 188x14
              text run at (6,0) width 188: "Frame=\x{201C}above\x{201D} and Rules=\x{201C}groups\x{201D}"
          RenderInline (generated) at (0,0) size 5x14
            RenderText at (193,0) size 5x14
              text run at (193,0) width 5: ":"
        RenderTableSection {THEAD} at (0,14) size 204x17 [border: (1px solid #808080) none (1px solid #808080) none]
          RenderTableRow {TR} at (0,0) size 204x17
            RenderTableCell {TD} at (0,0) size 68x17 [border: (1px none #000000)] [r=0 c=0 rs=1 cs=1]
              RenderText {#text} at (1,2) size 66x14
                text run at (1,2) width 66: "Row 1, Cell 1"
            RenderTableCell {TD} at (68,0) size 68x17 [border: (1px none #000000)] [r=0 c=1 rs=1 cs=1]
              RenderText {#text} at (1,2) size 66x14
                text run at (1,2) width 66: "Row 1, Cell 2"
            RenderTableCell {TD} at (136,0) size 68x17 [border: (1px none #000000)] [r=0 c=2 rs=1 cs=1]
              RenderText {#text} at (1,2) size 66x14
                text run at (1,2) width 66: "Row 1, Cell 3"
        RenderTableSection {TBODY} at (0,31) size 204x49 [border: (1px solid #808080) none (1px solid #808080) none]
          RenderTableRow {TR} at (0,0) size 204x17
            RenderTableCell {TD} at (0,8) size 68x17 [border: (1px none #000000)] [r=0 c=0 rs=2 cs=1]
              RenderText {#text} at (1,2) size 66x14
                text run at (1,2) width 66: "Row 2, Cell 1"
            RenderTableCell {TD} at (68,0) size 136x17 [border: (1px none #000000)] [r=0 c=1 rs=1 cs=2]
              RenderText {#text} at (1,2) size 66x14
                text run at (1,2) width 66: "Row 2, Cell 2"
          RenderTableRow {TR} at (0,17) size 204x16
            RenderTableCell {TD} at (68,17) size 68x16 [r=1 c=1 rs=1 cs=1]
              RenderText {#text} at (1,1) size 66x14
                text run at (1,1) width 66: "Row 3, Cell 2"
            RenderTableCell {TD} at (136,25) size 68x16 [r=1 c=2 rs=2 cs=1]
              RenderText {#text} at (1,1) size 66x14
                text run at (1,1) width 66: "Row 3, Cell 3"
          RenderTableRow {TR} at (0,33) size 204x16
            RenderTableCell {TD} at (0,33) size 136x16 [r=2 c=0 rs=1 cs=2]
              RenderText {#text} at (1,1) size 66x14
                text run at (1,1) width 66: "Row 4, Cell 1"
        RenderTableSection {TFOOT} at (0,80) size 204x17 [border: (1px solid #808080) none (1px solid #808080) none]
          RenderTableRow {TR} at (0,0) size 204x17
            RenderTableCell {TD} at (0,0) size 68x17 [border: (1px none #000000)] [r=0 c=0 rs=1 cs=1]
              RenderText {#text} at (1,2) size 66x14
                text run at (1,2) width 66: "Row 5, Cell 1"
            RenderTableCell {TD} at (68,0) size 68x17 [border: (1px none #000000)] [r=0 c=1 rs=1 cs=1]
              RenderText {#text} at (1,2) size 66x14
                text run at (1,2) width 66: "Row 5, Cell 2"
            RenderTableCell {TD} at (136,0) size 68x17 [border: (1px none #000000)] [r=0 c=2 rs=1 cs=1]
              RenderText {#text} at (1,2) size 66x14
                text run at (1,2) width 66: "Row 5, Cell 3"
      RenderTable {TABLE} at (0,1575) size 204x97 [border: none (1px solid #808080) none]
        RenderBlock {CAPTION} at (0,0) size 204x14
          RenderInline {A} at (0,0) size 188x14
            RenderText {#text} at (6,0) size 188x14
              text run at (6,0) width 188: "Frame=\x{201C}below\x{201D} and Rules=\x{201C}groups\x{201D}"
          RenderInline (generated) at (0,0) size 5x14
            RenderText at (193,0) size 5x14
              text run at (193,0) width 5: ":"
        RenderTableSection {THEAD} at (0,14) size 204x16 [border: (1px solid #808080) none (1px solid #808080) none]
          RenderTableRow {TR} at (0,0) size 204x16
            RenderTableCell {TD} at (0,0) size 68x16 [r=0 c=0 rs=1 cs=1]
              RenderText {#text} at (1,1) size 66x14
                text run at (1,1) width 66: "Row 1, Cell 1"
            RenderTableCell {TD} at (68,0) size 68x16 [r=0 c=1 rs=1 cs=1]
              RenderText {#text} at (1,1) size 66x14
                text run at (1,1) width 66: "Row 1, Cell 2"
            RenderTableCell {TD} at (136,0) size 68x16 [r=0 c=2 rs=1 cs=1]
              RenderText {#text} at (1,1) size 66x14
                text run at (1,1) width 66: "Row 1, Cell 3"
        RenderTableSection {TBODY} at (0,30) size 204x49 [border: (1px solid #808080) none (1px solid #808080) none]
          RenderTableRow {TR} at (0,0) size 204x17
            RenderTableCell {TD} at (0,8) size 68x17 [border: (1px none #000000)] [r=0 c=0 rs=2 cs=1]
              RenderText {#text} at (1,2) size 66x14
                text run at (1,2) width 66: "Row 2, Cell 1"
            RenderTableCell {TD} at (68,0) size 136x17 [border: (1px none #000000)] [r=0 c=1 rs=1 cs=2]
              RenderText {#text} at (1,2) size 66x14
                text run at (1,2) width 66: "Row 2, Cell 2"
          RenderTableRow {TR} at (0,17) size 204x16
            RenderTableCell {TD} at (68,17) size 68x16 [r=1 c=1 rs=1 cs=1]
              RenderText {#text} at (1,1) size 66x14
                text run at (1,1) width 66: "Row 3, Cell 2"
            RenderTableCell {TD} at (136,25) size 68x16 [r=1 c=2 rs=2 cs=1]
              RenderText {#text} at (1,1) size 66x14
                text run at (1,1) width 66: "Row 3, Cell 3"
          RenderTableRow {TR} at (0,33) size 204x16
            RenderTableCell {TD} at (0,33) size 136x16 [r=2 c=0 rs=1 cs=2]
              RenderText {#text} at (1,1) size 66x14
                text run at (1,1) width 66: "Row 4, Cell 1"
        RenderTableSection {TFOOT} at (0,79) size 204x17 [border: (1px solid #808080) none (1px solid #808080) none]
          RenderTableRow {TR} at (0,0) size 204x17
            RenderTableCell {TD} at (0,0) size 68x17 [border: (1px none #000000)] [r=0 c=0 rs=1 cs=1]
              RenderText {#text} at (1,2) size 66x14
                text run at (1,2) width 66: "Row 5, Cell 1"
            RenderTableCell {TD} at (68,0) size 68x17 [border: (1px none #000000)] [r=0 c=1 rs=1 cs=1]
              RenderText {#text} at (1,2) size 66x14
                text run at (1,2) width 66: "Row 5, Cell 2"
            RenderTableCell {TD} at (136,0) size 68x17 [border: (1px none #000000)] [r=0 c=2 rs=1 cs=1]
              RenderText {#text} at (1,2) size 66x14
                text run at (1,2) width 66: "Row 5, Cell 3"
      RenderTable {TABLE} at (0,1720) size 204x98 [border: none none (1px solid #808080) none]
        RenderBlock {CAPTION} at (0,0) size 204x14
          RenderInline {A} at (0,0) size 190x14
            RenderText {#text} at (5,0) size 190x14
              text run at (5,0) width 190: "Frame=\x{201C}hsides\x{201D} and Rules=\x{201C}groups\x{201D}"
          RenderInline (generated) at (0,0) size 4x14
            RenderText at (195,0) size 4x14
              text run at (195,0) width 4: ":"
        RenderTableSection {THEAD} at (0,14) size 204x17 [border: (1px solid #808080) none (1px solid #808080) none]
          RenderTableRow {TR} at (0,0) size 204x17
            RenderTableCell {TD} at (0,0) size 68x17 [border: (1px none #000000)] [r=0 c=0 rs=1 cs=1]
              RenderText {#text} at (1,2) size 66x14
                text run at (1,2) width 66: "Row 1, Cell 1"
            RenderTableCell {TD} at (68,0) size 68x17 [border: (1px none #000000)] [r=0 c=1 rs=1 cs=1]
              RenderText {#text} at (1,2) size 66x14
                text run at (1,2) width 66: "Row 1, Cell 2"
            RenderTableCell {TD} at (136,0) size 68x17 [border: (1px none #000000)] [r=0 c=2 rs=1 cs=1]
              RenderText {#text} at (1,2) size 66x14
                text run at (1,2) width 66: "Row 1, Cell 3"
        RenderTableSection {TBODY} at (0,31) size 204x49 [border: (1px solid #808080) none (1px solid #808080) none]
          RenderTableRow {TR} at (0,0) size 204x17
            RenderTableCell {TD} at (0,8) size 68x17 [border: (1px none #000000)] [r=0 c=0 rs=2 cs=1]
              RenderText {#text} at (1,2) size 66x14
                text run at (1,2) width 66: "Row 2, Cell 1"
            RenderTableCell {TD} at (68,0) size 136x17 [border: (1px none #000000)] [r=0 c=1 rs=1 cs=2]
              RenderText {#text} at (1,2) size 66x14
                text run at (1,2) width 66: "Row 2, Cell 2"
          RenderTableRow {TR} at (0,17) size 204x16
            RenderTableCell {TD} at (68,17) size 68x16 [r=1 c=1 rs=1 cs=1]
              RenderText {#text} at (1,1) size 66x14
                text run at (1,1) width 66: "Row 3, Cell 2"
            RenderTableCell {TD} at (136,25) size 68x16 [r=1 c=2 rs=2 cs=1]
              RenderText {#text} at (1,1) size 66x14
                text run at (1,1) width 66: "Row 3, Cell 3"
          RenderTableRow {TR} at (0,33) size 204x16
            RenderTableCell {TD} at (0,33) size 136x16 [r=2 c=0 rs=1 cs=2]
              RenderText {#text} at (1,1) size 66x14
                text run at (1,1) width 66: "Row 4, Cell 1"
        RenderTableSection {TFOOT} at (0,80) size 204x17 [border: (1px solid #808080) none (1px solid #808080) none]
          RenderTableRow {TR} at (0,0) size 204x17
            RenderTableCell {TD} at (0,0) size 68x17 [border: (1px none #000000)] [r=0 c=0 rs=1 cs=1]
              RenderText {#text} at (1,2) size 66x14
                text run at (1,2) width 66: "Row 5, Cell 1"
            RenderTableCell {TD} at (68,0) size 68x17 [border: (1px none #000000)] [r=0 c=1 rs=1 cs=1]
              RenderText {#text} at (1,2) size 66x14
                text run at (1,2) width 66: "Row 5, Cell 2"
            RenderTableCell {TD} at (136,0) size 68x17 [border: (1px none #000000)] [r=0 c=2 rs=1 cs=1]
              RenderText {#text} at (1,2) size 66x14
                text run at (1,2) width 66: "Row 5, Cell 3"
      RenderTable {TABLE} at (0,1866) size 206x96 [border: none (1px solid #808080) none none]
        RenderBlock {CAPTION} at (0,0) size 205x14
          RenderInline {A} at (0,0) size 189x14
            RenderText {#text} at (6,0) size 189x14
              text run at (6,0) width 189: "Frame=\x{201C}vsides\x{201D} and Rules=\x{201C}groups\x{201D}"
          RenderInline (generated) at (0,0) size 5x14
            RenderText at (194,0) size 5x14
              text run at (194,0) width 5: ":"
        RenderTableSection {THEAD} at (0,14) size 205x16 [border: (1px solid #808080) none (1px solid #808080) none]
          RenderTableRow {TR} at (0,0) size 205x16
            RenderTableCell {TD} at (0,0) size 69x16 [border: none] [r=0 c=0 rs=1 cs=1]
              RenderText {#text} at (2,1) size 66x14
                text run at (2,1) width 66: "Row 1, Cell 1"
            RenderTableCell {TD} at (69,0) size 68x16 [r=0 c=1 rs=1 cs=1]
              RenderText {#text} at (1,1) size 66x14
                text run at (1,1) width 66: "Row 1, Cell 2"
            RenderTableCell {TD} at (137,0) size 68x16 [r=0 c=2 rs=1 cs=1]
              RenderText {#text} at (1,1) size 66x14
                text run at (1,1) width 66: "Row 1, Cell 3"
        RenderTableSection {TBODY} at (0,30) size 205x49 [border: (1px solid #808080) none (1px solid #808080) none]
          RenderTableRow {TR} at (0,0) size 205x17
            RenderTableCell {TD} at (0,8) size 69x17 [border: (1px none #000000)] [r=0 c=0 rs=2 cs=1]
              RenderText {#text} at (2,2) size 66x14
                text run at (2,2) width 66: "Row 2, Cell 1"
            RenderTableCell {TD} at (69,0) size 136x17 [border: (1px none #000000)] [r=0 c=1 rs=1 cs=2]
              RenderText {#text} at (1,2) size 66x14
                text run at (1,2) width 66: "Row 2, Cell 2"
          RenderTableRow {TR} at (0,17) size 205x16
            RenderTableCell {TD} at (69,17) size 68x16 [r=1 c=1 rs=1 cs=1]
              RenderText {#text} at (1,1) size 66x14
                text run at (1,1) width 66: "Row 3, Cell 2"
            RenderTableCell {TD} at (137,25) size 68x16 [r=1 c=2 rs=2 cs=1]
              RenderText {#text} at (1,1) size 66x14
                text run at (1,1) width 66: "Row 3, Cell 3"
          RenderTableRow {TR} at (0,33) size 205x16
            RenderTableCell {TD} at (0,33) size 137x16 [border: none] [r=2 c=0 rs=1 cs=2]
              RenderText {#text} at (2,1) size 66x14
                text run at (2,1) width 66: "Row 4, Cell 1"
        RenderTableSection {TFOOT} at (0,79) size 205x17 [border: (1px solid #808080) none (1px solid #808080) none]
          RenderTableRow {TR} at (0,0) size 205x17
            RenderTableCell {TD} at (0,0) size 69x17 [border: (1px none #000000)] [r=0 c=0 rs=1 cs=1]
              RenderText {#text} at (2,2) size 66x14
                text run at (2,2) width 66: "Row 5, Cell 1"
            RenderTableCell {TD} at (69,0) size 68x17 [border: (1px none #000000)] [r=0 c=1 rs=1 cs=1]
              RenderText {#text} at (1,2) size 66x14
                text run at (1,2) width 66: "Row 5, Cell 2"
            RenderTableCell {TD} at (137,0) size 68x17 [border: (1px none #000000)] [r=0 c=2 rs=1 cs=1]
              RenderText {#text} at (1,2) size 66x14
                text run at (1,2) width 66: "Row 5, Cell 3"
      RenderTable {TABLE} at (0,2010) size 205x96
        RenderBlock {CAPTION} at (0,0) size 205x14
          RenderInline {A} at (0,0) size 175x14
            RenderText {#text} at (13,0) size 175x14
              text run at (13,0) width 175: "Frame=\x{201C}lhs\x{201D} and Rules=\x{201C}groups\x{201D}"
          RenderInline (generated) at (0,0) size 5x14
            RenderText at (187,0) size 5x14
              text run at (187,0) width 5: ":"
        RenderTableSection {THEAD} at (0,14) size 205x16 [border: (1px solid #808080) none (1px solid #808080) none]
          RenderTableRow {TR} at (0,0) size 205x16
            RenderTableCell {TD} at (0,0) size 69x16 [border: none] [r=0 c=0 rs=1 cs=1]
              RenderText {#text} at (2,1) size 66x14
                text run at (2,1) width 66: "Row 1, Cell 1"
            RenderTableCell {TD} at (69,0) size 68x16 [r=0 c=1 rs=1 cs=1]
              RenderText {#text} at (1,1) size 66x14
                text run at (1,1) width 66: "Row 1, Cell 2"
            RenderTableCell {TD} at (137,0) size 68x16 [r=0 c=2 rs=1 cs=1]
              RenderText {#text} at (1,1) size 66x14
                text run at (1,1) width 66: "Row 1, Cell 3"
        RenderTableSection {TBODY} at (0,30) size 205x49 [border: (1px solid #808080) none (1px solid #808080) none]
          RenderTableRow {TR} at (0,0) size 205x17
            RenderTableCell {TD} at (0,8) size 69x17 [border: (1px none #000000)] [r=0 c=0 rs=2 cs=1]
              RenderText {#text} at (2,2) size 66x14
                text run at (2,2) width 66: "Row 2, Cell 1"
            RenderTableCell {TD} at (69,0) size 136x17 [border: (1px none #000000)] [r=0 c=1 rs=1 cs=2]
              RenderText {#text} at (1,2) size 66x14
                text run at (1,2) width 66: "Row 2, Cell 2"
          RenderTableRow {TR} at (0,17) size 205x16
            RenderTableCell {TD} at (69,17) size 68x16 [r=1 c=1 rs=1 cs=1]
              RenderText {#text} at (1,1) size 66x14
                text run at (1,1) width 66: "Row 3, Cell 2"
            RenderTableCell {TD} at (137,25) size 68x16 [r=1 c=2 rs=2 cs=1]
              RenderText {#text} at (1,1) size 66x14
                text run at (1,1) width 66: "Row 3, Cell 3"
          RenderTableRow {TR} at (0,33) size 205x16
            RenderTableCell {TD} at (0,33) size 137x16 [border: none] [r=2 c=0 rs=1 cs=2]
              RenderText {#text} at (2,1) size 66x14
                text run at (2,1) width 66: "Row 4, Cell 1"
        RenderTableSection {TFOOT} at (0,79) size 205x17 [border: (1px solid #808080) none (1px solid #808080) none]
          RenderTableRow {TR} at (0,0) size 205x17
            RenderTableCell {TD} at (0,0) size 69x17 [border: (1px none #000000)] [r=0 c=0 rs=1 cs=1]
              RenderText {#text} at (2,2) size 66x14
                text run at (2,2) width 66: "Row 5, Cell 1"
            RenderTableCell {TD} at (69,0) size 68x17 [border: (1px none #000000)] [r=0 c=1 rs=1 cs=1]
              RenderText {#text} at (1,2) size 66x14
                text run at (1,2) width 66: "Row 5, Cell 2"
            RenderTableCell {TD} at (137,0) size 68x17 [border: (1px none #000000)] [r=0 c=2 rs=1 cs=1]
              RenderText {#text} at (1,2) size 66x14
                text run at (1,2) width 66: "Row 5, Cell 3"
      RenderTable {TABLE} at (0,2154) size 205x96 [border: none (1px solid #808080) none]
        RenderBlock {CAPTION} at (0,0) size 204x14
          RenderInline {A} at (0,0) size 176x14
            RenderText {#text} at (12,0) size 176x14
              text run at (12,0) width 176: "Frame=\x{201C}rhs\x{201D} and Rules=\x{201C}groups\x{201D}"
          RenderInline (generated) at (0,0) size 4x14
            RenderText at (188,0) size 4x14
              text run at (188,0) width 4: ":"
        RenderTableSection {THEAD} at (0,14) size 204x16 [border: (1px solid #808080) none (1px solid #808080) none]
          RenderTableRow {TR} at (0,0) size 204x16
            RenderTableCell {TD} at (0,0) size 68x16 [r=0 c=0 rs=1 cs=1]
              RenderText {#text} at (1,1) size 66x14
                text run at (1,1) width 66: "Row 1, Cell 1"
            RenderTableCell {TD} at (68,0) size 68x16 [r=0 c=1 rs=1 cs=1]
              RenderText {#text} at (1,1) size 66x14
                text run at (1,1) width 66: "Row 1, Cell 2"
            RenderTableCell {TD} at (136,0) size 68x16 [r=0 c=2 rs=1 cs=1]
              RenderText {#text} at (1,1) size 66x14
                text run at (1,1) width 66: "Row 1, Cell 3"
        RenderTableSection {TBODY} at (0,30) size 204x49 [border: (1px solid #808080) none (1px solid #808080) none]
          RenderTableRow {TR} at (0,0) size 204x17
            RenderTableCell {TD} at (0,8) size 68x17 [border: (1px none #000000)] [r=0 c=0 rs=2 cs=1]
              RenderText {#text} at (1,2) size 66x14
                text run at (1,2) width 66: "Row 2, Cell 1"
            RenderTableCell {TD} at (68,0) size 136x17 [border: (1px none #000000)] [r=0 c=1 rs=1 cs=2]
              RenderText {#text} at (1,2) size 66x14
                text run at (1,2) width 66: "Row 2, Cell 2"
          RenderTableRow {TR} at (0,17) size 204x16
            RenderTableCell {TD} at (68,17) size 68x16 [r=1 c=1 rs=1 cs=1]
              RenderText {#text} at (1,1) size 66x14
                text run at (1,1) width 66: "Row 3, Cell 2"
            RenderTableCell {TD} at (136,25) size 68x16 [r=1 c=2 rs=2 cs=1]
              RenderText {#text} at (1,1) size 66x14
                text run at (1,1) width 66: "Row 3, Cell 3"
          RenderTableRow {TR} at (0,33) size 204x16
            RenderTableCell {TD} at (0,33) size 136x16 [r=2 c=0 rs=1 cs=2]
              RenderText {#text} at (1,1) size 66x14
                text run at (1,1) width 66: "Row 4, Cell 1"
        RenderTableSection {TFOOT} at (0,79) size 204x17 [border: (1px solid #808080) none (1px solid #808080) none]
          RenderTableRow {TR} at (0,0) size 204x17
            RenderTableCell {TD} at (0,0) size 68x17 [border: (1px none #000000)] [r=0 c=0 rs=1 cs=1]
              RenderText {#text} at (1,2) size 66x14
                text run at (1,2) width 66: "Row 5, Cell 1"
            RenderTableCell {TD} at (68,0) size 68x17 [border: (1px none #000000)] [r=0 c=1 rs=1 cs=1]
              RenderText {#text} at (1,2) size 66x14
                text run at (1,2) width 66: "Row 5, Cell 2"
            RenderTableCell {TD} at (136,0) size 68x17 [border: (1px none #000000)] [r=0 c=2 rs=1 cs=1]
              RenderText {#text} at (1,2) size 66x14
                text run at (1,2) width 66: "Row 5, Cell 3"
      RenderTable {TABLE} at (0,2298) size 206x98 [border: none]
        RenderBlock {CAPTION} at (0,0) size 205x14
          RenderInline {A} at (0,0) size 177x14
            RenderText {#text} at (12,0) size 177x14
              text run at (12,0) width 177: "Frame=\x{201C}box\x{201D} and Rules=\x{201C}groups\x{201D}"
          RenderInline (generated) at (0,0) size 4x14
            RenderText at (189,0) size 4x14
              text run at (189,0) width 4: ":"
        RenderTableSection {THEAD} at (0,14) size 205x17 [border: (1px solid #808080) none (1px solid #808080) none]
          RenderTableRow {TR} at (0,0) size 205x17
            RenderTableCell {TD} at (0,0) size 69x17 [border: (1px none #000000)] [r=0 c=0 rs=1 cs=1]
              RenderText {#text} at (2,2) size 66x14
                text run at (2,2) width 66: "Row 1, Cell 1"
            RenderTableCell {TD} at (69,0) size 68x17 [border: (1px none #000000)] [r=0 c=1 rs=1 cs=1]
              RenderText {#text} at (1,2) size 66x14
                text run at (1,2) width 66: "Row 1, Cell 2"
            RenderTableCell {TD} at (137,0) size 68x17 [border: (1px none #000000)] [r=0 c=2 rs=1 cs=1]
              RenderText {#text} at (1,2) size 66x14
                text run at (1,2) width 66: "Row 1, Cell 3"
        RenderTableSection {TBODY} at (0,31) size 205x49 [border: (1px solid #808080) none (1px solid #808080) none]
          RenderTableRow {TR} at (0,0) size 205x17
            RenderTableCell {TD} at (0,8) size 69x17 [border: (1px none #000000)] [r=0 c=0 rs=2 cs=1]
              RenderText {#text} at (2,2) size 66x14
                text run at (2,2) width 66: "Row 2, Cell 1"
            RenderTableCell {TD} at (69,0) size 136x17 [border: (1px none #000000)] [r=0 c=1 rs=1 cs=2]
              RenderText {#text} at (1,2) size 66x14
                text run at (1,2) width 66: "Row 2, Cell 2"
          RenderTableRow {TR} at (0,17) size 205x16
            RenderTableCell {TD} at (69,17) size 68x16 [r=1 c=1 rs=1 cs=1]
              RenderText {#text} at (1,1) size 66x14
                text run at (1,1) width 66: "Row 3, Cell 2"
            RenderTableCell {TD} at (137,25) size 68x16 [r=1 c=2 rs=2 cs=1]
              RenderText {#text} at (1,1) size 66x14
                text run at (1,1) width 66: "Row 3, Cell 3"
          RenderTableRow {TR} at (0,33) size 205x16
            RenderTableCell {TD} at (0,33) size 137x16 [border: none] [r=2 c=0 rs=1 cs=2]
              RenderText {#text} at (2,1) size 66x14
                text run at (2,1) width 66: "Row 4, Cell 1"
        RenderTableSection {TFOOT} at (0,80) size 205x17 [border: (1px solid #808080) none (1px solid #808080) none]
          RenderTableRow {TR} at (0,0) size 205x17
            RenderTableCell {TD} at (0,0) size 69x17 [border: (1px none #000000)] [r=0 c=0 rs=1 cs=1]
              RenderText {#text} at (2,2) size 66x14
                text run at (2,2) width 66: "Row 5, Cell 1"
            RenderTableCell {TD} at (69,0) size 68x17 [border: (1px none #000000)] [r=0 c=1 rs=1 cs=1]
              RenderText {#text} at (1,2) size 66x14
                text run at (1,2) width 66: "Row 5, Cell 2"
            RenderTableCell {TD} at (137,0) size 68x17 [border: (1px none #000000)] [r=0 c=2 rs=1 cs=1]
              RenderText {#text} at (1,2) size 66x14
                text run at (1,2) width 66: "Row 5, Cell 3"
      RenderTable {TABLE} at (0,2444) size 206x98 [border: none]
        RenderBlock {CAPTION} at (0,0) size 205x14
          RenderInline {A} at (0,0) size 193x14
            RenderText {#text} at (4,0) size 193x14
              text run at (4,0) width 193: "Frame=\x{201C}border\x{201D} and Rules=\x{201C}groups\x{201D}"
          RenderInline (generated) at (0,0) size 5x14
            RenderText at (196,0) size 5x14
              text run at (196,0) width 5: ":"
        RenderTableSection {THEAD} at (0,14) size 205x17 [border: (1px solid #808080) none (1px solid #808080) none]
          RenderTableRow {TR} at (0,0) size 205x17
            RenderTableCell {TD} at (0,0) size 69x17 [border: (1px none #000000)] [r=0 c=0 rs=1 cs=1]
              RenderText {#text} at (2,2) size 66x14
                text run at (2,2) width 66: "Row 1, Cell 1"
            RenderTableCell {TD} at (69,0) size 68x17 [border: (1px none #000000)] [r=0 c=1 rs=1 cs=1]
              RenderText {#text} at (1,2) size 66x14
                text run at (1,2) width 66: "Row 1, Cell 2"
            RenderTableCell {TD} at (137,0) size 68x17 [border: (1px none #000000)] [r=0 c=2 rs=1 cs=1]
              RenderText {#text} at (1,2) size 66x14
                text run at (1,2) width 66: "Row 1, Cell 3"
        RenderTableSection {TBODY} at (0,31) size 205x49 [border: (1px solid #808080) none (1px solid #808080) none]
          RenderTableRow {TR} at (0,0) size 205x17
            RenderTableCell {TD} at (0,8) size 69x17 [border: (1px none #000000)] [r=0 c=0 rs=2 cs=1]
              RenderText {#text} at (2,2) size 66x14
                text run at (2,2) width 66: "Row 2, Cell 1"
            RenderTableCell {TD} at (69,0) size 136x17 [border: (1px none #000000)] [r=0 c=1 rs=1 cs=2]
              RenderText {#text} at (1,2) size 66x14
                text run at (1,2) width 66: "Row 2, Cell 2"
          RenderTableRow {TR} at (0,17) size 205x16
            RenderTableCell {TD} at (69,17) size 68x16 [r=1 c=1 rs=1 cs=1]
              RenderText {#text} at (1,1) size 66x14
                text run at (1,1) width 66: "Row 3, Cell 2"
            RenderTableCell {TD} at (137,25) size 68x16 [r=1 c=2 rs=2 cs=1]
              RenderText {#text} at (1,1) size 66x14
                text run at (1,1) width 66: "Row 3, Cell 3"
          RenderTableRow {TR} at (0,33) size 205x16
            RenderTableCell {TD} at (0,33) size 137x16 [border: none] [r=2 c=0 rs=1 cs=2]
              RenderText {#text} at (2,1) size 66x14
                text run at (2,1) width 66: "Row 4, Cell 1"
        RenderTableSection {TFOOT} at (0,80) size 205x17 [border: (1px solid #808080) none (1px solid #808080) none]
          RenderTableRow {TR} at (0,0) size 205x17
            RenderTableCell {TD} at (0,0) size 69x17 [border: (1px none #000000)] [r=0 c=0 rs=1 cs=1]
              RenderText {#text} at (2,2) size 66x14
                text run at (2,2) width 66: "Row 5, Cell 1"
            RenderTableCell {TD} at (69,0) size 68x17 [border: (1px none #000000)] [r=0 c=1 rs=1 cs=1]
              RenderText {#text} at (1,2) size 66x14
                text run at (1,2) width 66: "Row 5, Cell 2"
            RenderTableCell {TD} at (137,0) size 68x17 [border: (1px none #000000)] [r=0 c=2 rs=1 cs=1]
              RenderText {#text} at (1,2) size 66x14
                text run at (1,2) width 66: "Row 5, Cell 3"
      RenderTable {TABLE} at (0,2590) size 204x98
        RenderBlock {CAPTION} at (0,0) size 204x14
          RenderInline {A} at (0,0) size 168x14
            RenderText {#text} at (16,0) size 168x14
              text run at (16,0) width 168: "Frame=\x{201C}void\x{201D} and Rules=\x{201C}rows\x{201D}"
          RenderInline (generated) at (0,0) size 4x14
            RenderText at (184,0) size 4x14
              text run at (184,0) width 4: ":"
        RenderTableSection {THEAD} at (0,14) size 204x16
          RenderTableRow {TR} at (0,0) size 204x16
            RenderTableCell {TD} at (0,0) size 68x16 [r=0 c=0 rs=1 cs=1]
              RenderText {#text} at (1,1) size 66x14
                text run at (1,1) width 66: "Row 1, Cell 1"
            RenderTableCell {TD} at (68,0) size 68x16 [r=0 c=1 rs=1 cs=1]
              RenderText {#text} at (1,1) size 66x14
                text run at (1,1) width 66: "Row 1, Cell 2"
            RenderTableCell {TD} at (136,0) size 68x16 [r=0 c=2 rs=1 cs=1]
              RenderText {#text} at (1,1) size 66x14
                text run at (1,1) width 66: "Row 1, Cell 3"
        RenderTableSection {TBODY} at (0,30) size 204x51
          RenderTableRow {TR} at (0,0) size 204x17
            RenderTableCell {TD} at (0,8) size 68x17 [border: (1px solid #808080) none none none] [r=0 c=0 rs=2 cs=1]
              RenderText {#text} at (1,2) size 66x14
                text run at (1,2) width 66: "Row 2, Cell 1"
            RenderTableCell {TD} at (68,0) size 136x17 [border: (1px solid #808080) none none none] [r=0 c=1 rs=1 cs=2]
              RenderText {#text} at (1,2) size 66x14
                text run at (1,2) width 66: "Row 2, Cell 2"
          RenderTableRow {TR} at (0,17) size 204x17
            RenderTableCell {TD} at (68,17) size 68x17 [border: (1px solid #808080) none none none] [r=1 c=1 rs=1 cs=1]
              RenderText {#text} at (1,2) size 66x14
                text run at (1,2) width 66: "Row 3, Cell 2"
            RenderTableCell {TD} at (136,25) size 68x17 [border: (1px solid #808080) none none none] [r=1 c=2 rs=2 cs=1]
              RenderText {#text} at (1,2) size 66x14
                text run at (1,2) width 66: "Row 3, Cell 3"
          RenderTableRow {TR} at (0,34) size 204x17
            RenderTableCell {TD} at (0,34) size 136x17 [border: (1px solid #808080) none none none] [r=2 c=0 rs=1 cs=2]
              RenderText {#text} at (1,2) size 66x14
                text run at (1,2) width 66: "Row 4, Cell 1"
        RenderTableSection {TFOOT} at (0,81) size 204x17
          RenderTableRow {TR} at (0,0) size 204x17
            RenderTableCell {TD} at (0,0) size 68x17 [border: (1px solid #808080) none none none] [r=0 c=0 rs=1 cs=1]
              RenderText {#text} at (1,2) size 66x14
                text run at (1,2) width 66: "Row 5, Cell 1"
            RenderTableCell {TD} at (68,0) size 68x17 [border: (1px solid #808080) none none none] [r=0 c=1 rs=1 cs=1]
              RenderText {#text} at (1,2) size 66x14
                text run at (1,2) width 66: "Row 5, Cell 2"
            RenderTableCell {TD} at (136,0) size 68x17 [border: (1px solid #808080) none none none] [r=0 c=2 rs=1 cs=1]
              RenderText {#text} at (1,2) size 66x14
                text run at (1,2) width 66: "Row 5, Cell 3"
      RenderTable {TABLE} at (0,2736) size 204x99
        RenderBlock {CAPTION} at (0,0) size 204x14
          RenderInline {A} at (0,0) size 176x14
            RenderText {#text} at (12,0) size 176x14
              text run at (12,0) width 176: "Frame=\x{201C}above\x{201D} and Rules=\x{201C}rows\x{201D}"
          RenderInline (generated) at (0,0) size 4x14
            RenderText at (188,0) size 4x14
              text run at (188,0) width 4: ":"
        RenderTableSection {THEAD} at (0,14) size 204x17
          RenderTableRow {TR} at (0,0) size 204x17
            RenderTableCell {TD} at (0,0) size 68x17 [border: (1px solid #808080) none none none] [r=0 c=0 rs=1 cs=1]
              RenderText {#text} at (1,2) size 66x14
                text run at (1,2) width 66: "Row 1, Cell 1"
            RenderTableCell {TD} at (68,0) size 68x17 [border: (1px solid #808080) none none none] [r=0 c=1 rs=1 cs=1]
              RenderText {#text} at (1,2) size 66x14
                text run at (1,2) width 66: "Row 1, Cell 2"
            RenderTableCell {TD} at (136,0) size 68x17 [border: (1px solid #808080) none none none] [r=0 c=2 rs=1 cs=1]
              RenderText {#text} at (1,2) size 66x14
                text run at (1,2) width 66: "Row 1, Cell 3"
        RenderTableSection {TBODY} at (0,31) size 204x51
          RenderTableRow {TR} at (0,0) size 204x17
            RenderTableCell {TD} at (0,8) size 68x17 [border: (1px solid #808080) none none none] [r=0 c=0 rs=2 cs=1]
              RenderText {#text} at (1,2) size 66x14
                text run at (1,2) width 66: "Row 2, Cell 1"
            RenderTableCell {TD} at (68,0) size 136x17 [border: (1px solid #808080) none none none] [r=0 c=1 rs=1 cs=2]
              RenderText {#text} at (1,2) size 66x14
                text run at (1,2) width 66: "Row 2, Cell 2"
          RenderTableRow {TR} at (0,17) size 204x17
            RenderTableCell {TD} at (68,17) size 68x17 [border: (1px solid #808080) none none none] [r=1 c=1 rs=1 cs=1]
              RenderText {#text} at (1,2) size 66x14
                text run at (1,2) width 66: "Row 3, Cell 2"
            RenderTableCell {TD} at (136,25) size 68x17 [border: (1px solid #808080) none none none] [r=1 c=2 rs=2 cs=1]
              RenderText {#text} at (1,2) size 66x14
                text run at (1,2) width 66: "Row 3, Cell 3"
          RenderTableRow {TR} at (0,34) size 204x17
            RenderTableCell {TD} at (0,34) size 136x17 [border: (1px solid #808080) none none none] [r=2 c=0 rs=1 cs=2]
              RenderText {#text} at (1,2) size 66x14
                text run at (1,2) width 66: "Row 4, Cell 1"
        RenderTableSection {TFOOT} at (0,82) size 204x17
          RenderTableRow {TR} at (0,0) size 204x17
            RenderTableCell {TD} at (0,0) size 68x17 [border: (1px solid #808080) none none none] [r=0 c=0 rs=1 cs=1]
              RenderText {#text} at (1,2) size 66x14
                text run at (1,2) width 66: "Row 5, Cell 1"
            RenderTableCell {TD} at (68,0) size 68x17 [border: (1px solid #808080) none none none] [r=0 c=1 rs=1 cs=1]
              RenderText {#text} at (1,2) size 66x14
                text run at (1,2) width 66: "Row 5, Cell 2"
            RenderTableCell {TD} at (136,0) size 68x17 [border: (1px solid #808080) none none none] [r=0 c=2 rs=1 cs=1]
              RenderText {#text} at (1,2) size 66x14
                text run at (1,2) width 66: "Row 5, Cell 3"
      RenderTable {TABLE} at (0,2883) size 204x99 [border: none (1px solid #808080) none]
        RenderBlock {CAPTION} at (0,0) size 204x14
          RenderInline {A} at (0,0) size 176x14
            RenderText {#text} at (12,0) size 176x14
              text run at (12,0) width 176: "Frame=\x{201C}below\x{201D} and Rules=\x{201C}rows\x{201D}"
          RenderInline (generated) at (0,0) size 4x14
            RenderText at (188,0) size 4x14
              text run at (188,0) width 4: ":"
        RenderTableSection {THEAD} at (0,14) size 204x16
          RenderTableRow {TR} at (0,0) size 204x16
            RenderTableCell {TD} at (0,0) size 68x16 [r=0 c=0 rs=1 cs=1]
              RenderText {#text} at (1,1) size 66x14
                text run at (1,1) width 66: "Row 1, Cell 1"
            RenderTableCell {TD} at (68,0) size 68x16 [r=0 c=1 rs=1 cs=1]
              RenderText {#text} at (1,1) size 66x14
                text run at (1,1) width 66: "Row 1, Cell 2"
            RenderTableCell {TD} at (136,0) size 68x16 [r=0 c=2 rs=1 cs=1]
              RenderText {#text} at (1,1) size 66x14
                text run at (1,1) width 66: "Row 1, Cell 3"
        RenderTableSection {TBODY} at (0,30) size 204x51
          RenderTableRow {TR} at (0,0) size 204x17
            RenderTableCell {TD} at (0,8) size 68x17 [border: (1px solid #808080) none none none] [r=0 c=0 rs=2 cs=1]
              RenderText {#text} at (1,2) size 66x14
                text run at (1,2) width 66: "Row 2, Cell 1"
            RenderTableCell {TD} at (68,0) size 136x17 [border: (1px solid #808080) none none none] [r=0 c=1 rs=1 cs=2]
              RenderText {#text} at (1,2) size 66x14
                text run at (1,2) width 66: "Row 2, Cell 2"
          RenderTableRow {TR} at (0,17) size 204x17
            RenderTableCell {TD} at (68,17) size 68x17 [border: (1px solid #808080) none none none] [r=1 c=1 rs=1 cs=1]
              RenderText {#text} at (1,2) size 66x14
                text run at (1,2) width 66: "Row 3, Cell 2"
            RenderTableCell {TD} at (136,25) size 68x17 [border: (1px solid #808080) none none none] [r=1 c=2 rs=2 cs=1]
              RenderText {#text} at (1,2) size 66x14
                text run at (1,2) width 66: "Row 3, Cell 3"
          RenderTableRow {TR} at (0,34) size 204x17
            RenderTableCell {TD} at (0,34) size 136x17 [border: (1px solid #808080) none none none] [r=2 c=0 rs=1 cs=2]
              RenderText {#text} at (1,2) size 66x14
                text run at (1,2) width 66: "Row 4, Cell 1"
        RenderTableSection {TFOOT} at (0,81) size 204x17
          RenderTableRow {TR} at (0,0) size 204x17
            RenderTableCell {TD} at (0,0) size 68x17 [border: (1px solid #808080) none none none] [r=0 c=0 rs=1 cs=1]
              RenderText {#text} at (1,2) size 66x14
                text run at (1,2) width 66: "Row 5, Cell 1"
            RenderTableCell {TD} at (68,0) size 68x17 [border: (1px solid #808080) none none none] [r=0 c=1 rs=1 cs=1]
              RenderText {#text} at (1,2) size 66x14
                text run at (1,2) width 66: "Row 5, Cell 2"
            RenderTableCell {TD} at (136,0) size 68x17 [border: (1px solid #808080) none none none] [r=0 c=2 rs=1 cs=1]
              RenderText {#text} at (1,2) size 66x14
                text run at (1,2) width 66: "Row 5, Cell 3"
      RenderTable {TABLE} at (0,3030) size 204x100 [border: none none (1px solid #808080) none]
        RenderBlock {CAPTION} at (0,0) size 204x14
          RenderInline {A} at (0,0) size 180x14
            RenderText {#text} at (10,0) size 180x14
              text run at (10,0) width 180: "Frame=\x{201C}hsides\x{201D} and Rules=\x{201C}rows\x{201D}"
          RenderInline (generated) at (0,0) size 5x14
            RenderText at (189,0) size 5x14
              text run at (189,0) width 5: ":"
        RenderTableSection {THEAD} at (0,14) size 204x17
          RenderTableRow {TR} at (0,0) size 204x17
            RenderTableCell {TD} at (0,0) size 68x17 [border: (1px solid #808080) none none none] [r=0 c=0 rs=1 cs=1]
              RenderText {#text} at (1,2) size 66x14
                text run at (1,2) width 66: "Row 1, Cell 1"
            RenderTableCell {TD} at (68,0) size 68x17 [border: (1px solid #808080) none none none] [r=0 c=1 rs=1 cs=1]
              RenderText {#text} at (1,2) size 66x14
                text run at (1,2) width 66: "Row 1, Cell 2"
            RenderTableCell {TD} at (136,0) size 68x17 [border: (1px solid #808080) none none none] [r=0 c=2 rs=1 cs=1]
              RenderText {#text} at (1,2) size 66x14
                text run at (1,2) width 66: "Row 1, Cell 3"
        RenderTableSection {TBODY} at (0,31) size 204x51
          RenderTableRow {TR} at (0,0) size 204x17
            RenderTableCell {TD} at (0,8) size 68x17 [border: (1px solid #808080) none none none] [r=0 c=0 rs=2 cs=1]
              RenderText {#text} at (1,2) size 66x14
                text run at (1,2) width 66: "Row 2, Cell 1"
            RenderTableCell {TD} at (68,0) size 136x17 [border: (1px solid #808080) none none none] [r=0 c=1 rs=1 cs=2]
              RenderText {#text} at (1,2) size 66x14
                text run at (1,2) width 66: "Row 2, Cell 2"
          RenderTableRow {TR} at (0,17) size 204x17
            RenderTableCell {TD} at (68,17) size 68x17 [border: (1px solid #808080) none none none] [r=1 c=1 rs=1 cs=1]
              RenderText {#text} at (1,2) size 66x14
                text run at (1,2) width 66: "Row 3, Cell 2"
            RenderTableCell {TD} at (136,25) size 68x17 [border: (1px solid #808080) none none none] [r=1 c=2 rs=2 cs=1]
              RenderText {#text} at (1,2) size 66x14
                text run at (1,2) width 66: "Row 3, Cell 3"
          RenderTableRow {TR} at (0,34) size 204x17
            RenderTableCell {TD} at (0,34) size 136x17 [border: (1px solid #808080) none none none] [r=2 c=0 rs=1 cs=2]
              RenderText {#text} at (1,2) size 66x14
                text run at (1,2) width 66: "Row 4, Cell 1"
        RenderTableSection {TFOOT} at (0,82) size 204x17
          RenderTableRow {TR} at (0,0) size 204x17
            RenderTableCell {TD} at (0,0) size 68x17 [border: (1px solid #808080) none none none] [r=0 c=0 rs=1 cs=1]
              RenderText {#text} at (1,2) size 66x14
                text run at (1,2) width 66: "Row 5, Cell 1"
            RenderTableCell {TD} at (68,0) size 68x17 [border: (1px solid #808080) none none none] [r=0 c=1 rs=1 cs=1]
              RenderText {#text} at (1,2) size 66x14
                text run at (1,2) width 66: "Row 5, Cell 2"
            RenderTableCell {TD} at (136,0) size 68x17 [border: (1px solid #808080) none none none] [r=0 c=2 rs=1 cs=1]
              RenderText {#text} at (1,2) size 66x14
                text run at (1,2) width 66: "Row 5, Cell 3"
      RenderTable {TABLE} at (0,3178) size 206x98 [border: none (1px solid #808080) none none]
        RenderBlock {CAPTION} at (0,0) size 205x14
          RenderInline {A} at (0,0) size 177x14
            RenderText {#text} at (12,0) size 177x14
              text run at (12,0) width 177: "Frame=\x{201C}vsides\x{201D} and Rules=\x{201C}rows\x{201D}"
          RenderInline (generated) at (0,0) size 4x14
            RenderText at (189,0) size 4x14
              text run at (189,0) width 4: ":"
        RenderTableSection {THEAD} at (0,14) size 205x16
          RenderTableRow {TR} at (0,0) size 205x16
            RenderTableCell {TD} at (0,0) size 69x16 [border: none none none (1px none #808080)] [r=0 c=0 rs=1 cs=1]
              RenderText {#text} at (2,1) size 66x14
                text run at (2,1) width 66: "Row 1, Cell 1"
            RenderTableCell {TD} at (69,0) size 68x16 [r=0 c=1 rs=1 cs=1]
              RenderText {#text} at (1,1) size 66x14
                text run at (1,1) width 66: "Row 1, Cell 2"
            RenderTableCell {TD} at (137,0) size 68x16 [r=0 c=2 rs=1 cs=1]
              RenderText {#text} at (1,1) size 66x14
                text run at (1,1) width 66: "Row 1, Cell 3"
        RenderTableSection {TBODY} at (0,30) size 205x51
          RenderTableRow {TR} at (0,0) size 205x17
            RenderTableCell {TD} at (0,8) size 69x17 [border: (1px solid #808080) none none (1px none #808080)] [r=0 c=0 rs=2 cs=1]
              RenderText {#text} at (2,2) size 66x14
                text run at (2,2) width 66: "Row 2, Cell 1"
            RenderTableCell {TD} at (69,0) size 136x17 [border: (1px solid #808080) none none none] [r=0 c=1 rs=1 cs=2]
              RenderText {#text} at (1,2) size 66x14
                text run at (1,2) width 66: "Row 2, Cell 2"
          RenderTableRow {TR} at (0,17) size 205x17
            RenderTableCell {TD} at (69,17) size 68x17 [border: (1px solid #808080) none none none] [r=1 c=1 rs=1 cs=1]
              RenderText {#text} at (1,2) size 66x14
                text run at (1,2) width 66: "Row 3, Cell 2"
            RenderTableCell {TD} at (137,25) size 68x17 [border: (1px solid #808080) none none none] [r=1 c=2 rs=2 cs=1]
              RenderText {#text} at (1,2) size 66x14
                text run at (1,2) width 66: "Row 3, Cell 3"
          RenderTableRow {TR} at (0,34) size 205x17
            RenderTableCell {TD} at (0,34) size 137x17 [border: (1px solid #808080) none none (1px none #808080)] [r=2 c=0 rs=1 cs=2]
              RenderText {#text} at (2,2) size 66x14
                text run at (2,2) width 66: "Row 4, Cell 1"
        RenderTableSection {TFOOT} at (0,81) size 205x17
          RenderTableRow {TR} at (0,0) size 205x17
            RenderTableCell {TD} at (0,0) size 69x17 [border: (1px solid #808080) none none (1px none #808080)] [r=0 c=0 rs=1 cs=1]
              RenderText {#text} at (2,2) size 66x14
                text run at (2,2) width 66: "Row 5, Cell 1"
            RenderTableCell {TD} at (69,0) size 68x17 [border: (1px solid #808080) none none none] [r=0 c=1 rs=1 cs=1]
              RenderText {#text} at (1,2) size 66x14
                text run at (1,2) width 66: "Row 5, Cell 2"
            RenderTableCell {TD} at (137,0) size 68x17 [border: (1px solid #808080) none none none] [r=0 c=2 rs=1 cs=1]
              RenderText {#text} at (1,2) size 66x14
                text run at (1,2) width 66: "Row 5, Cell 3"
      RenderTable {TABLE} at (0,3324) size 205x98
        RenderBlock {CAPTION} at (0,0) size 205x14
          RenderInline {A} at (0,0) size 163x14
            RenderText {#text} at (19,0) size 163x14
              text run at (19,0) width 163: "Frame=\x{201C}lhs\x{201D} and Rules=\x{201C}rows\x{201D}"
          RenderInline (generated) at (0,0) size 4x14
            RenderText at (182,0) size 4x14
              text run at (182,0) width 4: ":"
        RenderTableSection {THEAD} at (0,14) size 205x16
          RenderTableRow {TR} at (0,0) size 205x16
            RenderTableCell {TD} at (0,0) size 69x16 [border: none none none (1px none #808080)] [r=0 c=0 rs=1 cs=1]
              RenderText {#text} at (2,1) size 66x14
                text run at (2,1) width 66: "Row 1, Cell 1"
            RenderTableCell {TD} at (69,0) size 68x16 [r=0 c=1 rs=1 cs=1]
              RenderText {#text} at (1,1) size 66x14
                text run at (1,1) width 66: "Row 1, Cell 2"
            RenderTableCell {TD} at (137,0) size 68x16 [r=0 c=2 rs=1 cs=1]
              RenderText {#text} at (1,1) size 66x14
                text run at (1,1) width 66: "Row 1, Cell 3"
        RenderTableSection {TBODY} at (0,30) size 205x51
          RenderTableRow {TR} at (0,0) size 205x17
            RenderTableCell {TD} at (0,8) size 69x17 [border: (1px solid #808080) none none (1px none #808080)] [r=0 c=0 rs=2 cs=1]
              RenderText {#text} at (2,2) size 66x14
                text run at (2,2) width 66: "Row 2, Cell 1"
            RenderTableCell {TD} at (69,0) size 136x17 [border: (1px solid #808080) none none none] [r=0 c=1 rs=1 cs=2]
              RenderText {#text} at (1,2) size 66x14
                text run at (1,2) width 66: "Row 2, Cell 2"
          RenderTableRow {TR} at (0,17) size 205x17
            RenderTableCell {TD} at (69,17) size 68x17 [border: (1px solid #808080) none none none] [r=1 c=1 rs=1 cs=1]
              RenderText {#text} at (1,2) size 66x14
                text run at (1,2) width 66: "Row 3, Cell 2"
            RenderTableCell {TD} at (137,25) size 68x17 [border: (1px solid #808080) none none none] [r=1 c=2 rs=2 cs=1]
              RenderText {#text} at (1,2) size 66x14
                text run at (1,2) width 66: "Row 3, Cell 3"
          RenderTableRow {TR} at (0,34) size 205x17
            RenderTableCell {TD} at (0,34) size 137x17 [border: (1px solid #808080) none none (1px none #808080)] [r=2 c=0 rs=1 cs=2]
              RenderText {#text} at (2,2) size 66x14
                text run at (2,2) width 66: "Row 4, Cell 1"
        RenderTableSection {TFOOT} at (0,81) size 205x17
          RenderTableRow {TR} at (0,0) size 205x17
            RenderTableCell {TD} at (0,0) size 69x17 [border: (1px solid #808080) none none (1px none #808080)] [r=0 c=0 rs=1 cs=1]
              RenderText {#text} at (2,2) size 66x14
                text run at (2,2) width 66: "Row 5, Cell 1"
            RenderTableCell {TD} at (69,0) size 68x17 [border: (1px solid #808080) none none none] [r=0 c=1 rs=1 cs=1]
              RenderText {#text} at (1,2) size 66x14
                text run at (1,2) width 66: "Row 5, Cell 2"
            RenderTableCell {TD} at (137,0) size 68x17 [border: (1px solid #808080) none none none] [r=0 c=2 rs=1 cs=1]
              RenderText {#text} at (1,2) size 66x14
                text run at (1,2) width 66: "Row 5, Cell 3"
      RenderTable {TABLE} at (0,3470) size 205x98 [border: none (1px solid #808080) none]
        RenderBlock {CAPTION} at (0,0) size 204x14
          RenderInline {A} at (0,0) size 166x14
            RenderText {#text} at (17,0) size 166x14
              text run at (17,0) width 166: "Frame=\x{201C}rhs\x{201D} and Rules=\x{201C}rows\x{201D}"
          RenderInline (generated) at (0,0) size 5x14
            RenderText at (182,0) size 5x14
              text run at (182,0) width 5: ":"
        RenderTableSection {THEAD} at (0,14) size 204x16
          RenderTableRow {TR} at (0,0) size 204x16
            RenderTableCell {TD} at (0,0) size 68x16 [r=0 c=0 rs=1 cs=1]
              RenderText {#text} at (1,1) size 66x14
                text run at (1,1) width 66: "Row 1, Cell 1"
            RenderTableCell {TD} at (68,0) size 68x16 [r=0 c=1 rs=1 cs=1]
              RenderText {#text} at (1,1) size 66x14
                text run at (1,1) width 66: "Row 1, Cell 2"
            RenderTableCell {TD} at (136,0) size 68x16 [r=0 c=2 rs=1 cs=1]
              RenderText {#text} at (1,1) size 66x14
                text run at (1,1) width 66: "Row 1, Cell 3"
        RenderTableSection {TBODY} at (0,30) size 204x51
          RenderTableRow {TR} at (0,0) size 204x17
            RenderTableCell {TD} at (0,8) size 68x17 [border: (1px solid #808080) none none none] [r=0 c=0 rs=2 cs=1]
              RenderText {#text} at (1,2) size 66x14
                text run at (1,2) width 66: "Row 2, Cell 1"
            RenderTableCell {TD} at (68,0) size 136x17 [border: (1px solid #808080) none none none] [r=0 c=1 rs=1 cs=2]
              RenderText {#text} at (1,2) size 66x14
                text run at (1,2) width 66: "Row 2, Cell 2"
          RenderTableRow {TR} at (0,17) size 204x17
            RenderTableCell {TD} at (68,17) size 68x17 [border: (1px solid #808080) none none none] [r=1 c=1 rs=1 cs=1]
              RenderText {#text} at (1,2) size 66x14
                text run at (1,2) width 66: "Row 3, Cell 2"
            RenderTableCell {TD} at (136,25) size 68x17 [border: (1px solid #808080) none none none] [r=1 c=2 rs=2 cs=1]
              RenderText {#text} at (1,2) size 66x14
                text run at (1,2) width 66: "Row 3, Cell 3"
          RenderTableRow {TR} at (0,34) size 204x17
            RenderTableCell {TD} at (0,34) size 136x17 [border: (1px solid #808080) none none none] [r=2 c=0 rs=1 cs=2]
              RenderText {#text} at (1,2) size 66x14
                text run at (1,2) width 66: "Row 4, Cell 1"
        RenderTableSection {TFOOT} at (0,81) size 204x17
          RenderTableRow {TR} at (0,0) size 204x17
            RenderTableCell {TD} at (0,0) size 68x17 [border: (1px solid #808080) none none none] [r=0 c=0 rs=1 cs=1]
              RenderText {#text} at (1,2) size 66x14
                text run at (1,2) width 66: "Row 5, Cell 1"
            RenderTableCell {TD} at (68,0) size 68x17 [border: (1px solid #808080) none none none] [r=0 c=1 rs=1 cs=1]
              RenderText {#text} at (1,2) size 66x14
                text run at (1,2) width 66: "Row 5, Cell 2"
            RenderTableCell {TD} at (136,0) size 68x17 [border: (1px solid #808080) none none none] [r=0 c=2 rs=1 cs=1]
              RenderText {#text} at (1,2) size 66x14
                text run at (1,2) width 66: "Row 5, Cell 3"
      RenderTable {TABLE} at (0,3616) size 206x100 [border: none]
        RenderBlock {CAPTION} at (0,0) size 205x14
          RenderInline {A} at (0,0) size 167x14
            RenderText {#text} at (17,0) size 167x14
              text run at (17,0) width 167: "Frame=\x{201C}box\x{201D} and Rules=\x{201C}rows\x{201D}"
          RenderInline (generated) at (0,0) size 5x14
            RenderText at (183,0) size 5x14
              text run at (183,0) width 5: ":"
        RenderTableSection {THEAD} at (0,14) size 205x17
          RenderTableRow {TR} at (0,0) size 205x17
            RenderTableCell {TD} at (0,0) size 69x17 [border: (1px solid #808080) none none (1px none #808080)] [r=0 c=0 rs=1 cs=1]
              RenderText {#text} at (2,2) size 66x14
                text run at (2,2) width 66: "Row 1, Cell 1"
            RenderTableCell {TD} at (69,0) size 68x17 [border: (1px solid #808080) none none none] [r=0 c=1 rs=1 cs=1]
              RenderText {#text} at (1,2) size 66x14
                text run at (1,2) width 66: "Row 1, Cell 2"
            RenderTableCell {TD} at (137,0) size 68x17 [border: (1px solid #808080) none none none] [r=0 c=2 rs=1 cs=1]
              RenderText {#text} at (1,2) size 66x14
                text run at (1,2) width 66: "Row 1, Cell 3"
        RenderTableSection {TBODY} at (0,31) size 205x51
          RenderTableRow {TR} at (0,0) size 205x17
            RenderTableCell {TD} at (0,8) size 69x17 [border: (1px solid #808080) none none (1px none #808080)] [r=0 c=0 rs=2 cs=1]
              RenderText {#text} at (2,2) size 66x14
                text run at (2,2) width 66: "Row 2, Cell 1"
            RenderTableCell {TD} at (69,0) size 136x17 [border: (1px solid #808080) none none none] [r=0 c=1 rs=1 cs=2]
              RenderText {#text} at (1,2) size 66x14
                text run at (1,2) width 66: "Row 2, Cell 2"
          RenderTableRow {TR} at (0,17) size 205x17
            RenderTableCell {TD} at (69,17) size 68x17 [border: (1px solid #808080) none none none] [r=1 c=1 rs=1 cs=1]
              RenderText {#text} at (1,2) size 66x14
                text run at (1,2) width 66: "Row 3, Cell 2"
            RenderTableCell {TD} at (137,25) size 68x17 [border: (1px solid #808080) none none none] [r=1 c=2 rs=2 cs=1]
              RenderText {#text} at (1,2) size 66x14
                text run at (1,2) width 66: "Row 3, Cell 3"
          RenderTableRow {TR} at (0,34) size 205x17
            RenderTableCell {TD} at (0,34) size 137x17 [border: (1px solid #808080) none none (1px none #808080)] [r=2 c=0 rs=1 cs=2]
              RenderText {#text} at (2,2) size 66x14
                text run at (2,2) width 66: "Row 4, Cell 1"
        RenderTableSection {TFOOT} at (0,82) size 205x17
          RenderTableRow {TR} at (0,0) size 205x17
            RenderTableCell {TD} at (0,0) size 69x17 [border: (1px solid #808080) none none (1px none #808080)] [r=0 c=0 rs=1 cs=1]
              RenderText {#text} at (2,2) size 66x14
                text run at (2,2) width 66: "Row 5, Cell 1"
            RenderTableCell {TD} at (69,0) size 68x17 [border: (1px solid #808080) none none none] [r=0 c=1 rs=1 cs=1]
              RenderText {#text} at (1,2) size 66x14
                text run at (1,2) width 66: "Row 5, Cell 2"
            RenderTableCell {TD} at (137,0) size 68x17 [border: (1px solid #808080) none none none] [r=0 c=2 rs=1 cs=1]
              RenderText {#text} at (1,2) size 66x14
                text run at (1,2) width 66: "Row 5, Cell 3"
      RenderTable {TABLE} at (0,3764) size 206x100 [border: none]
        RenderBlock {CAPTION} at (0,0) size 205x14
          RenderInline {A} at (0,0) size 181x14
            RenderText {#text} at (10,0) size 181x14
              text run at (10,0) width 181: "Frame=\x{201C}border\x{201D} and Rules=\x{201C}rows\x{201D}"
          RenderInline (generated) at (0,0) size 4x14
            RenderText at (191,0) size 4x14
              text run at (191,0) width 4: ":"
        RenderTableSection {THEAD} at (0,14) size 205x17
          RenderTableRow {TR} at (0,0) size 205x17
            RenderTableCell {TD} at (0,0) size 69x17 [border: (1px solid #808080) none none (1px none #808080)] [r=0 c=0 rs=1 cs=1]
              RenderText {#text} at (2,2) size 66x14
                text run at (2,2) width 66: "Row 1, Cell 1"
            RenderTableCell {TD} at (69,0) size 68x17 [border: (1px solid #808080) none none none] [r=0 c=1 rs=1 cs=1]
              RenderText {#text} at (1,2) size 66x14
                text run at (1,2) width 66: "Row 1, Cell 2"
            RenderTableCell {TD} at (137,0) size 68x17 [border: (1px solid #808080) none none none] [r=0 c=2 rs=1 cs=1]
              RenderText {#text} at (1,2) size 66x14
                text run at (1,2) width 66: "Row 1, Cell 3"
        RenderTableSection {TBODY} at (0,31) size 205x51
          RenderTableRow {TR} at (0,0) size 205x17
            RenderTableCell {TD} at (0,8) size 69x17 [border: (1px solid #808080) none none (1px none #808080)] [r=0 c=0 rs=2 cs=1]
              RenderText {#text} at (2,2) size 66x14
                text run at (2,2) width 66: "Row 2, Cell 1"
            RenderTableCell {TD} at (69,0) size 136x17 [border: (1px solid #808080) none none none] [r=0 c=1 rs=1 cs=2]
              RenderText {#text} at (1,2) size 66x14
                text run at (1,2) width 66: "Row 2, Cell 2"
          RenderTableRow {TR} at (0,17) size 205x17
            RenderTableCell {TD} at (69,17) size 68x17 [border: (1px solid #808080) none none none] [r=1 c=1 rs=1 cs=1]
              RenderText {#text} at (1,2) size 66x14
                text run at (1,2) width 66: "Row 3, Cell 2"
            RenderTableCell {TD} at (137,25) size 68x17 [border: (1px solid #808080) none none none] [r=1 c=2 rs=2 cs=1]
              RenderText {#text} at (1,2) size 66x14
                text run at (1,2) width 66: "Row 3, Cell 3"
          RenderTableRow {TR} at (0,34) size 205x17
            RenderTableCell {TD} at (0,34) size 137x17 [border: (1px solid #808080) none none (1px none #808080)] [r=2 c=0 rs=1 cs=2]
              RenderText {#text} at (2,2) size 66x14
                text run at (2,2) width 66: "Row 4, Cell 1"
        RenderTableSection {TFOOT} at (0,82) size 205x17
          RenderTableRow {TR} at (0,0) size 205x17
            RenderTableCell {TD} at (0,0) size 69x17 [border: (1px solid #808080) none none (1px none #808080)] [r=0 c=0 rs=1 cs=1]
              RenderText {#text} at (2,2) size 66x14
                text run at (2,2) width 66: "Row 5, Cell 1"
            RenderTableCell {TD} at (69,0) size 68x17 [border: (1px solid #808080) none none none] [r=0 c=1 rs=1 cs=1]
              RenderText {#text} at (1,2) size 66x14
                text run at (1,2) width 66: "Row 5, Cell 2"
            RenderTableCell {TD} at (137,0) size 68x17 [border: (1px solid #808080) none none none] [r=0 c=2 rs=1 cs=1]
              RenderText {#text} at (1,2) size 66x14
                text run at (1,2) width 66: "Row 5, Cell 3"
      RenderTable {TABLE} at (0,3912) size 206x94
        RenderBlock {CAPTION} at (0,0) size 206x14
          RenderInline {A} at (0,0) size 164x14
            RenderText {#text} at (19,0) size 164x14
              text run at (19,0) width 164: "Frame=\x{201C}void\x{201D} and Rules=\x{201C}cols\x{201D}"
          RenderInline (generated) at (0,0) size 5x14
            RenderText at (182,0) size 5x14
              text run at (182,0) width 5: ":"
        RenderTableSection {THEAD} at (0,14) size 206x16
          RenderTableRow {TR} at (0,0) size 206x16
            RenderTableCell {TD} at (0,0) size 68x16 [r=0 c=0 rs=1 cs=1]
              RenderText {#text} at (1,1) size 66x14
                text run at (1,1) width 66: "Row 1, Cell 1"
            RenderTableCell {TD} at (68,0) size 69x16 [border: none none none (1px solid #808080)] [r=0 c=1 rs=1 cs=1]
              RenderText {#text} at (2,1) size 66x14
                text run at (2,1) width 66: "Row 1, Cell 2"
            RenderTableCell {TD} at (137,0) size 69x16 [border: none none none (1px solid #808080)] [r=0 c=2 rs=1 cs=1]
              RenderText {#text} at (2,1) size 66x14
                text run at (2,1) width 66: "Row 1, Cell 3"
        RenderTableSection {TBODY} at (0,30) size 206x48
          RenderTableRow {TR} at (0,0) size 206x16
            RenderTableCell {TD} at (0,8) size 68x16 [r=0 c=0 rs=2 cs=1]
              RenderText {#text} at (1,1) size 66x14
                text run at (1,1) width 66: "Row 2, Cell 1"
            RenderTableCell {TD} at (68,0) size 138x16 [border: none none none (1px solid #808080)] [r=0 c=1 rs=1 cs=2]
              RenderText {#text} at (2,1) size 66x14
                text run at (2,1) width 66: "Row 2, Cell 2"
          RenderTableRow {TR} at (0,16) size 206x16
            RenderTableCell {TD} at (68,16) size 69x16 [border: none none none (1px solid #808080)] [r=1 c=1 rs=1 cs=1]
              RenderText {#text} at (2,1) size 66x14
                text run at (2,1) width 66: "Row 3, Cell 2"
            RenderTableCell {TD} at (137,24) size 69x16 [border: none none none (1px solid #808080)] [r=1 c=2 rs=2 cs=1]
              RenderText {#text} at (2,1) size 66x14
                text run at (2,1) width 66: "Row 3, Cell 3"
          RenderTableRow {TR} at (0,32) size 206x16
            RenderTableCell {TD} at (0,32) size 137x16 [r=2 c=0 rs=1 cs=2]
              RenderText {#text} at (1,1) size 66x14
                text run at (1,1) width 66: "Row 4, Cell 1"
        RenderTableSection {TFOOT} at (0,78) size 206x16
          RenderTableRow {TR} at (0,0) size 206x16
            RenderTableCell {TD} at (0,0) size 68x16 [r=0 c=0 rs=1 cs=1]
              RenderText {#text} at (1,1) size 66x14
                text run at (1,1) width 66: "Row 5, Cell 1"
            RenderTableCell {TD} at (68,0) size 69x16 [border: none none none (1px solid #808080)] [r=0 c=1 rs=1 cs=1]
              RenderText {#text} at (2,1) size 66x14
                text run at (2,1) width 66: "Row 5, Cell 2"
            RenderTableCell {TD} at (137,0) size 69x16 [border: none none none (1px solid #808080)] [r=0 c=2 rs=1 cs=1]
              RenderText {#text} at (2,1) size 66x14
                text run at (2,1) width 66: "Row 5, Cell 3"
      RenderTable {TABLE} at (0,4054) size 206x95
        RenderBlock {CAPTION} at (0,0) size 206x14
          RenderInline {A} at (0,0) size 172x14
            RenderText {#text} at (15,0) size 172x14
              text run at (15,0) width 172: "Frame=\x{201C}above\x{201D} and Rules=\x{201C}cols\x{201D}"
          RenderInline (generated) at (0,0) size 5x14
            RenderText at (186,0) size 5x14
              text run at (186,0) width 5: ":"
        RenderTableSection {THEAD} at (0,14) size 206x17
          RenderTableRow {TR} at (0,0) size 206x17
            RenderTableCell {TD} at (0,0) size 68x17 [border: (1px none #808080) none none none] [r=0 c=0 rs=1 cs=1]
              RenderText {#text} at (1,2) size 66x14
                text run at (1,2) width 66: "Row 1, Cell 1"
            RenderTableCell {TD} at (68,0) size 69x17 [border: (1px none #808080) none none (1px solid #808080)] [r=0 c=1 rs=1 cs=1]
              RenderText {#text} at (2,2) size 66x14
                text run at (2,2) width 66: "Row 1, Cell 2"
            RenderTableCell {TD} at (137,0) size 69x17 [border: (1px none #808080) none none (1px solid #808080)] [r=0 c=2 rs=1 cs=1]
              RenderText {#text} at (2,2) size 66x14
                text run at (2,2) width 66: "Row 1, Cell 3"
        RenderTableSection {TBODY} at (0,31) size 206x48
          RenderTableRow {TR} at (0,0) size 206x16
            RenderTableCell {TD} at (0,8) size 68x16 [r=0 c=0 rs=2 cs=1]
              RenderText {#text} at (1,1) size 66x14
                text run at (1,1) width 66: "Row 2, Cell 1"
            RenderTableCell {TD} at (68,0) size 138x16 [border: none none none (1px solid #808080)] [r=0 c=1 rs=1 cs=2]
              RenderText {#text} at (2,1) size 66x14
                text run at (2,1) width 66: "Row 2, Cell 2"
          RenderTableRow {TR} at (0,16) size 206x16
            RenderTableCell {TD} at (68,16) size 69x16 [border: none none none (1px solid #808080)] [r=1 c=1 rs=1 cs=1]
              RenderText {#text} at (2,1) size 66x14
                text run at (2,1) width 66: "Row 3, Cell 2"
            RenderTableCell {TD} at (137,24) size 69x16 [border: none none none (1px solid #808080)] [r=1 c=2 rs=2 cs=1]
              RenderText {#text} at (2,1) size 66x14
                text run at (2,1) width 66: "Row 3, Cell 3"
          RenderTableRow {TR} at (0,32) size 206x16
            RenderTableCell {TD} at (0,32) size 137x16 [r=2 c=0 rs=1 cs=2]
              RenderText {#text} at (1,1) size 66x14
                text run at (1,1) width 66: "Row 4, Cell 1"
        RenderTableSection {TFOOT} at (0,79) size 206x16
          RenderTableRow {TR} at (0,0) size 206x16
            RenderTableCell {TD} at (0,0) size 68x16 [r=0 c=0 rs=1 cs=1]
              RenderText {#text} at (1,1) size 66x14
                text run at (1,1) width 66: "Row 5, Cell 1"
            RenderTableCell {TD} at (68,0) size 69x16 [border: none none none (1px solid #808080)] [r=0 c=1 rs=1 cs=1]
              RenderText {#text} at (2,1) size 66x14
                text run at (2,1) width 66: "Row 5, Cell 2"
            RenderTableCell {TD} at (137,0) size 69x16 [border: none none none (1px solid #808080)] [r=0 c=2 rs=1 cs=1]
              RenderText {#text} at (2,1) size 66x14
                text run at (2,1) width 66: "Row 5, Cell 3"
      RenderTable {TABLE} at (0,4197) size 206x95 [border: none (1px solid #808080) none]
        RenderBlock {CAPTION} at (0,0) size 206x14
          RenderInline {A} at (0,0) size 172x14
            RenderText {#text} at (15,0) size 172x14
              text run at (15,0) width 172: "Frame=\x{201C}below\x{201D} and Rules=\x{201C}cols\x{201D}"
          RenderInline (generated) at (0,0) size 5x14
            RenderText at (186,0) size 5x14
              text run at (186,0) width 5: ":"
        RenderTableSection {THEAD} at (0,14) size 206x16
          RenderTableRow {TR} at (0,0) size 206x16
            RenderTableCell {TD} at (0,0) size 68x16 [r=0 c=0 rs=1 cs=1]
              RenderText {#text} at (1,1) size 66x14
                text run at (1,1) width 66: "Row 1, Cell 1"
            RenderTableCell {TD} at (68,0) size 69x16 [border: none none none (1px solid #808080)] [r=0 c=1 rs=1 cs=1]
              RenderText {#text} at (2,1) size 66x14
                text run at (2,1) width 66: "Row 1, Cell 2"
            RenderTableCell {TD} at (137,0) size 69x16 [border: none none none (1px solid #808080)] [r=0 c=2 rs=1 cs=1]
              RenderText {#text} at (2,1) size 66x14
                text run at (2,1) width 66: "Row 1, Cell 3"
        RenderTableSection {TBODY} at (0,30) size 206x48
          RenderTableRow {TR} at (0,0) size 206x16
            RenderTableCell {TD} at (0,8) size 68x16 [r=0 c=0 rs=2 cs=1]
              RenderText {#text} at (1,1) size 66x14
                text run at (1,1) width 66: "Row 2, Cell 1"
            RenderTableCell {TD} at (68,0) size 138x16 [border: none none none (1px solid #808080)] [r=0 c=1 rs=1 cs=2]
              RenderText {#text} at (2,1) size 66x14
                text run at (2,1) width 66: "Row 2, Cell 2"
          RenderTableRow {TR} at (0,16) size 206x16
            RenderTableCell {TD} at (68,16) size 69x16 [border: none none none (1px solid #808080)] [r=1 c=1 rs=1 cs=1]
              RenderText {#text} at (2,1) size 66x14
                text run at (2,1) width 66: "Row 3, Cell 2"
            RenderTableCell {TD} at (137,24) size 69x16 [border: none none none (1px solid #808080)] [r=1 c=2 rs=2 cs=1]
              RenderText {#text} at (2,1) size 66x14
                text run at (2,1) width 66: "Row 3, Cell 3"
          RenderTableRow {TR} at (0,32) size 206x16
            RenderTableCell {TD} at (0,32) size 137x16 [r=2 c=0 rs=1 cs=2]
              RenderText {#text} at (1,1) size 66x14
                text run at (1,1) width 66: "Row 4, Cell 1"
        RenderTableSection {TFOOT} at (0,78) size 206x16
          RenderTableRow {TR} at (0,0) size 206x16
            RenderTableCell {TD} at (0,0) size 68x16 [r=0 c=0 rs=1 cs=1]
              RenderText {#text} at (1,1) size 66x14
                text run at (1,1) width 66: "Row 5, Cell 1"
            RenderTableCell {TD} at (68,0) size 69x16 [border: none none none (1px solid #808080)] [r=0 c=1 rs=1 cs=1]
              RenderText {#text} at (2,1) size 66x14
                text run at (2,1) width 66: "Row 5, Cell 2"
            RenderTableCell {TD} at (137,0) size 69x16 [border: none none none (1px solid #808080)] [r=0 c=2 rs=1 cs=1]
              RenderText {#text} at (2,1) size 66x14
                text run at (2,1) width 66: "Row 5, Cell 3"
      RenderTable {TABLE} at (0,4340) size 206x96 [border: none none (1px solid #808080) none]
        RenderBlock {CAPTION} at (0,0) size 206x14
          RenderInline {A} at (0,0) size 174x14
            RenderText {#text} at (14,0) size 174x14
              text run at (14,0) width 174: "Frame=\x{201C}hsides\x{201D} and Rules=\x{201C}cols\x{201D}"
          RenderInline (generated) at (0,0) size 4x14
            RenderText at (188,0) size 4x14
              text run at (188,0) width 4: ":"
        RenderTableSection {THEAD} at (0,14) size 206x17
          RenderTableRow {TR} at (0,0) size 206x17
            RenderTableCell {TD} at (0,0) size 68x17 [border: (1px none #808080) none none none] [r=0 c=0 rs=1 cs=1]
              RenderText {#text} at (1,2) size 66x14
                text run at (1,2) width 66: "Row 1, Cell 1"
            RenderTableCell {TD} at (68,0) size 69x17 [border: (1px none #808080) none none (1px solid #808080)] [r=0 c=1 rs=1 cs=1]
              RenderText {#text} at (2,2) size 66x14
                text run at (2,2) width 66: "Row 1, Cell 2"
            RenderTableCell {TD} at (137,0) size 69x17 [border: (1px none #808080) none none (1px solid #808080)] [r=0 c=2 rs=1 cs=1]
              RenderText {#text} at (2,2) size 66x14
                text run at (2,2) width 66: "Row 1, Cell 3"
        RenderTableSection {TBODY} at (0,31) size 206x48
          RenderTableRow {TR} at (0,0) size 206x16
            RenderTableCell {TD} at (0,8) size 68x16 [r=0 c=0 rs=2 cs=1]
              RenderText {#text} at (1,1) size 66x14
                text run at (1,1) width 66: "Row 2, Cell 1"
            RenderTableCell {TD} at (68,0) size 138x16 [border: none none none (1px solid #808080)] [r=0 c=1 rs=1 cs=2]
              RenderText {#text} at (2,1) size 66x14
                text run at (2,1) width 66: "Row 2, Cell 2"
          RenderTableRow {TR} at (0,16) size 206x16
            RenderTableCell {TD} at (68,16) size 69x16 [border: none none none (1px solid #808080)] [r=1 c=1 rs=1 cs=1]
              RenderText {#text} at (2,1) size 66x14
                text run at (2,1) width 66: "Row 3, Cell 2"
            RenderTableCell {TD} at (137,24) size 69x16 [border: none none none (1px solid #808080)] [r=1 c=2 rs=2 cs=1]
              RenderText {#text} at (2,1) size 66x14
                text run at (2,1) width 66: "Row 3, Cell 3"
          RenderTableRow {TR} at (0,32) size 206x16
            RenderTableCell {TD} at (0,32) size 137x16 [r=2 c=0 rs=1 cs=2]
              RenderText {#text} at (1,1) size 66x14
                text run at (1,1) width 66: "Row 4, Cell 1"
        RenderTableSection {TFOOT} at (0,79) size 206x16
          RenderTableRow {TR} at (0,0) size 206x16
            RenderTableCell {TD} at (0,0) size 68x16 [r=0 c=0 rs=1 cs=1]
              RenderText {#text} at (1,1) size 66x14
                text run at (1,1) width 66: "Row 5, Cell 1"
            RenderTableCell {TD} at (68,0) size 69x16 [border: none none none (1px solid #808080)] [r=0 c=1 rs=1 cs=1]
              RenderText {#text} at (2,1) size 66x14
                text run at (2,1) width 66: "Row 5, Cell 2"
            RenderTableCell {TD} at (137,0) size 69x16 [border: none none none (1px solid #808080)] [r=0 c=2 rs=1 cs=1]
              RenderText {#text} at (2,1) size 66x14
                text run at (2,1) width 66: "Row 5, Cell 3"
      RenderTable {TABLE} at (0,4484) size 208x94 [border: none (1px solid #808080) none none]
        RenderBlock {CAPTION} at (0,0) size 207x14
          RenderInline {A} at (0,0) size 173x14
            RenderText {#text} at (15,0) size 173x14
              text run at (15,0) width 173: "Frame=\x{201C}vsides\x{201D} and Rules=\x{201C}cols\x{201D}"
          RenderInline (generated) at (0,0) size 5x14
            RenderText at (187,0) size 5x14
              text run at (187,0) width 5: ":"
        RenderTableSection {THEAD} at (0,14) size 207x16
          RenderTableRow {TR} at (0,0) size 207x16
            RenderTableCell {TD} at (0,0) size 69x16 [border: none none none (1px solid #808080)] [r=0 c=0 rs=1 cs=1]
              RenderText {#text} at (2,1) size 66x14
                text run at (2,1) width 66: "Row 1, Cell 1"
            RenderTableCell {TD} at (69,0) size 69x16 [border: none none none (1px solid #808080)] [r=0 c=1 rs=1 cs=1]
              RenderText {#text} at (2,1) size 66x14
                text run at (2,1) width 66: "Row 1, Cell 2"
            RenderTableCell {TD} at (138,0) size 69x16 [border: none none none (1px solid #808080)] [r=0 c=2 rs=1 cs=1]
              RenderText {#text} at (2,1) size 66x14
                text run at (2,1) width 66: "Row 1, Cell 3"
        RenderTableSection {TBODY} at (0,30) size 207x48
          RenderTableRow {TR} at (0,0) size 207x16
            RenderTableCell {TD} at (0,8) size 69x16 [border: none none none (1px solid #808080)] [r=0 c=0 rs=2 cs=1]
              RenderText {#text} at (2,1) size 66x14
                text run at (2,1) width 66: "Row 2, Cell 1"
            RenderTableCell {TD} at (69,0) size 138x16 [border: none none none (1px solid #808080)] [r=0 c=1 rs=1 cs=2]
              RenderText {#text} at (2,1) size 66x14
                text run at (2,1) width 66: "Row 2, Cell 2"
          RenderTableRow {TR} at (0,16) size 207x16
            RenderTableCell {TD} at (69,16) size 69x16 [border: none none none (1px solid #808080)] [r=1 c=1 rs=1 cs=1]
              RenderText {#text} at (2,1) size 66x14
                text run at (2,1) width 66: "Row 3, Cell 2"
            RenderTableCell {TD} at (138,24) size 69x16 [border: none none none (1px solid #808080)] [r=1 c=2 rs=2 cs=1]
              RenderText {#text} at (2,1) size 66x14
                text run at (2,1) width 66: "Row 3, Cell 3"
          RenderTableRow {TR} at (0,32) size 207x16
            RenderTableCell {TD} at (0,32) size 138x16 [border: none none none (1px solid #808080)] [r=2 c=0 rs=1 cs=2]
              RenderText {#text} at (2,1) size 66x14
                text run at (2,1) width 66: "Row 4, Cell 1"
        RenderTableSection {TFOOT} at (0,78) size 207x16
          RenderTableRow {TR} at (0,0) size 207x16
            RenderTableCell {TD} at (0,0) size 69x16 [border: none none none (1px solid #808080)] [r=0 c=0 rs=1 cs=1]
              RenderText {#text} at (2,1) size 66x14
                text run at (2,1) width 66: "Row 5, Cell 1"
            RenderTableCell {TD} at (69,0) size 69x16 [border: none none none (1px solid #808080)] [r=0 c=1 rs=1 cs=1]
              RenderText {#text} at (2,1) size 66x14
                text run at (2,1) width 66: "Row 5, Cell 2"
            RenderTableCell {TD} at (138,0) size 69x16 [border: none none none (1px solid #808080)] [r=0 c=2 rs=1 cs=1]
              RenderText {#text} at (2,1) size 66x14
                text run at (2,1) width 66: "Row 5, Cell 3"
      RenderTable {TABLE} at (0,4626) size 207x94
        RenderBlock {CAPTION} at (0,0) size 207x14
          RenderInline {A} at (0,0) size 159x14
            RenderText {#text} at (22,0) size 159x14
              text run at (22,0) width 159: "Frame=\x{201C}lhs\x{201D} and Rules=\x{201C}cols\x{201D}"
          RenderInline (generated) at (0,0) size 5x14
            RenderText at (180,0) size 5x14
              text run at (180,0) width 5: ":"
        RenderTableSection {THEAD} at (0,14) size 207x16
          RenderTableRow {TR} at (0,0) size 207x16
            RenderTableCell {TD} at (0,0) size 69x16 [border: none none none (1px solid #808080)] [r=0 c=0 rs=1 cs=1]
              RenderText {#text} at (2,1) size 66x14
                text run at (2,1) width 66: "Row 1, Cell 1"
            RenderTableCell {TD} at (69,0) size 69x16 [border: none none none (1px solid #808080)] [r=0 c=1 rs=1 cs=1]
              RenderText {#text} at (2,1) size 66x14
                text run at (2,1) width 66: "Row 1, Cell 2"
            RenderTableCell {TD} at (138,0) size 69x16 [border: none none none (1px solid #808080)] [r=0 c=2 rs=1 cs=1]
              RenderText {#text} at (2,1) size 66x14
                text run at (2,1) width 66: "Row 1, Cell 3"
        RenderTableSection {TBODY} at (0,30) size 207x48
          RenderTableRow {TR} at (0,0) size 207x16
            RenderTableCell {TD} at (0,8) size 69x16 [border: none none none (1px solid #808080)] [r=0 c=0 rs=2 cs=1]
              RenderText {#text} at (2,1) size 66x14
                text run at (2,1) width 66: "Row 2, Cell 1"
            RenderTableCell {TD} at (69,0) size 138x16 [border: none none none (1px solid #808080)] [r=0 c=1 rs=1 cs=2]
              RenderText {#text} at (2,1) size 66x14
                text run at (2,1) width 66: "Row 2, Cell 2"
          RenderTableRow {TR} at (0,16) size 207x16
            RenderTableCell {TD} at (69,16) size 69x16 [border: none none none (1px solid #808080)] [r=1 c=1 rs=1 cs=1]
              RenderText {#text} at (2,1) size 66x14
                text run at (2,1) width 66: "Row 3, Cell 2"
            RenderTableCell {TD} at (138,24) size 69x16 [border: none none none (1px solid #808080)] [r=1 c=2 rs=2 cs=1]
              RenderText {#text} at (2,1) size 66x14
                text run at (2,1) width 66: "Row 3, Cell 3"
          RenderTableRow {TR} at (0,32) size 207x16
            RenderTableCell {TD} at (0,32) size 138x16 [border: none none none (1px solid #808080)] [r=2 c=0 rs=1 cs=2]
              RenderText {#text} at (2,1) size 66x14
                text run at (2,1) width 66: "Row 4, Cell 1"
        RenderTableSection {TFOOT} at (0,78) size 207x16
          RenderTableRow {TR} at (0,0) size 207x16
            RenderTableCell {TD} at (0,0) size 69x16 [border: none none none (1px solid #808080)] [r=0 c=0 rs=1 cs=1]
              RenderText {#text} at (2,1) size 66x14
                text run at (2,1) width 66: "Row 5, Cell 1"
            RenderTableCell {TD} at (69,0) size 69x16 [border: none none none (1px solid #808080)] [r=0 c=1 rs=1 cs=1]
              RenderText {#text} at (2,1) size 66x14
                text run at (2,1) width 66: "Row 5, Cell 2"
            RenderTableCell {TD} at (138,0) size 69x16 [border: none none none (1px solid #808080)] [r=0 c=2 rs=1 cs=1]
              RenderText {#text} at (2,1) size 66x14
                text run at (2,1) width 66: "Row 5, Cell 3"
      RenderTable {TABLE} at (0,4768) size 207x94 [border: none (1px solid #808080) none]
        RenderBlock {CAPTION} at (0,0) size 206x14
          RenderInline {A} at (0,0) size 160x14
            RenderText {#text} at (21,0) size 160x14
              text run at (21,0) width 160: "Frame=\x{201C}rhs\x{201D} and Rules=\x{201C}cols\x{201D}"
          RenderInline (generated) at (0,0) size 4x14
            RenderText at (181,0) size 4x14
              text run at (181,0) width 4: ":"
        RenderTableSection {THEAD} at (0,14) size 206x16
          RenderTableRow {TR} at (0,0) size 206x16
            RenderTableCell {TD} at (0,0) size 68x16 [r=0 c=0 rs=1 cs=1]
              RenderText {#text} at (1,1) size 66x14
                text run at (1,1) width 66: "Row 1, Cell 1"
            RenderTableCell {TD} at (68,0) size 69x16 [border: none none none (1px solid #808080)] [r=0 c=1 rs=1 cs=1]
              RenderText {#text} at (2,1) size 66x14
                text run at (2,1) width 66: "Row 1, Cell 2"
            RenderTableCell {TD} at (137,0) size 69x16 [border: none none none (1px solid #808080)] [r=0 c=2 rs=1 cs=1]
              RenderText {#text} at (2,1) size 66x14
                text run at (2,1) width 66: "Row 1, Cell 3"
        RenderTableSection {TBODY} at (0,30) size 206x48
          RenderTableRow {TR} at (0,0) size 206x16
            RenderTableCell {TD} at (0,8) size 68x16 [r=0 c=0 rs=2 cs=1]
              RenderText {#text} at (1,1) size 66x14
                text run at (1,1) width 66: "Row 2, Cell 1"
            RenderTableCell {TD} at (68,0) size 138x16 [border: none none none (1px solid #808080)] [r=0 c=1 rs=1 cs=2]
              RenderText {#text} at (2,1) size 66x14
                text run at (2,1) width 66: "Row 2, Cell 2"
          RenderTableRow {TR} at (0,16) size 206x16
            RenderTableCell {TD} at (68,16) size 69x16 [border: none none none (1px solid #808080)] [r=1 c=1 rs=1 cs=1]
              RenderText {#text} at (2,1) size 66x14
                text run at (2,1) width 66: "Row 3, Cell 2"
            RenderTableCell {TD} at (137,24) size 69x16 [border: none none none (1px solid #808080)] [r=1 c=2 rs=2 cs=1]
              RenderText {#text} at (2,1) size 66x14
                text run at (2,1) width 66: "Row 3, Cell 3"
          RenderTableRow {TR} at (0,32) size 206x16
            RenderTableCell {TD} at (0,32) size 137x16 [r=2 c=0 rs=1 cs=2]
              RenderText {#text} at (1,1) size 66x14
                text run at (1,1) width 66: "Row 4, Cell 1"
        RenderTableSection {TFOOT} at (0,78) size 206x16
          RenderTableRow {TR} at (0,0) size 206x16
            RenderTableCell {TD} at (0,0) size 68x16 [r=0 c=0 rs=1 cs=1]
              RenderText {#text} at (1,1) size 66x14
                text run at (1,1) width 66: "Row 5, Cell 1"
            RenderTableCell {TD} at (68,0) size 69x16 [border: none none none (1px solid #808080)] [r=0 c=1 rs=1 cs=1]
              RenderText {#text} at (2,1) size 66x14
                text run at (2,1) width 66: "Row 5, Cell 2"
            RenderTableCell {TD} at (137,0) size 69x16 [border: none none none (1px solid #808080)] [r=0 c=2 rs=1 cs=1]
              RenderText {#text} at (2,1) size 66x14
                text run at (2,1) width 66: "Row 5, Cell 3"
      RenderTable {TABLE} at (0,4910) size 208x96 [border: none]
        RenderBlock {CAPTION} at (0,0) size 207x14
          RenderInline {A} at (0,0) size 161x14
            RenderText {#text} at (21,0) size 161x14
              text run at (21,0) width 161: "Frame=\x{201C}box\x{201D} and Rules=\x{201C}cols\x{201D}"
          RenderInline (generated) at (0,0) size 4x14
            RenderText at (182,0) size 4x14
              text run at (182,0) width 4: ":"
        RenderTableSection {THEAD} at (0,14) size 207x17
          RenderTableRow {TR} at (0,0) size 207x17
            RenderTableCell {TD} at (0,0) size 69x17 [border: (1px none #808080) none none (1px solid #808080)] [r=0 c=0 rs=1 cs=1]
              RenderText {#text} at (2,2) size 66x14
                text run at (2,2) width 66: "Row 1, Cell 1"
            RenderTableCell {TD} at (69,0) size 69x17 [border: (1px none #808080) none none (1px solid #808080)] [r=0 c=1 rs=1 cs=1]
              RenderText {#text} at (2,2) size 66x14
                text run at (2,2) width 66: "Row 1, Cell 2"
            RenderTableCell {TD} at (138,0) size 69x17 [border: (1px none #808080) none none (1px solid #808080)] [r=0 c=2 rs=1 cs=1]
              RenderText {#text} at (2,2) size 66x14
                text run at (2,2) width 66: "Row 1, Cell 3"
        RenderTableSection {TBODY} at (0,31) size 207x48
          RenderTableRow {TR} at (0,0) size 207x16
            RenderTableCell {TD} at (0,8) size 69x16 [border: none none none (1px solid #808080)] [r=0 c=0 rs=2 cs=1]
              RenderText {#text} at (2,1) size 66x14
                text run at (2,1) width 66: "Row 2, Cell 1"
            RenderTableCell {TD} at (69,0) size 138x16 [border: none none none (1px solid #808080)] [r=0 c=1 rs=1 cs=2]
              RenderText {#text} at (2,1) size 66x14
                text run at (2,1) width 66: "Row 2, Cell 2"
          RenderTableRow {TR} at (0,16) size 207x16
            RenderTableCell {TD} at (69,16) size 69x16 [border: none none none (1px solid #808080)] [r=1 c=1 rs=1 cs=1]
              RenderText {#text} at (2,1) size 66x14
                text run at (2,1) width 66: "Row 3, Cell 2"
            RenderTableCell {TD} at (138,24) size 69x16 [border: none none none (1px solid #808080)] [r=1 c=2 rs=2 cs=1]
              RenderText {#text} at (2,1) size 66x14
                text run at (2,1) width 66: "Row 3, Cell 3"
          RenderTableRow {TR} at (0,32) size 207x16
            RenderTableCell {TD} at (0,32) size 138x16 [border: none none none (1px solid #808080)] [r=2 c=0 rs=1 cs=2]
              RenderText {#text} at (2,1) size 66x14
                text run at (2,1) width 66: "Row 4, Cell 1"
        RenderTableSection {TFOOT} at (0,79) size 207x16
          RenderTableRow {TR} at (0,0) size 207x16
            RenderTableCell {TD} at (0,0) size 69x16 [border: none none none (1px solid #808080)] [r=0 c=0 rs=1 cs=1]
              RenderText {#text} at (2,1) size 66x14
                text run at (2,1) width 66: "Row 5, Cell 1"
            RenderTableCell {TD} at (69,0) size 69x16 [border: none none none (1px solid #808080)] [r=0 c=1 rs=1 cs=1]
              RenderText {#text} at (2,1) size 66x14
                text run at (2,1) width 66: "Row 5, Cell 2"
            RenderTableCell {TD} at (138,0) size 69x16 [border: none none none (1px solid #808080)] [r=0 c=2 rs=1 cs=1]
              RenderText {#text} at (2,1) size 66x14
                text run at (2,1) width 66: "Row 5, Cell 3"
      RenderTable {TABLE} at (0,5054) size 208x96 [border: none]
        RenderBlock {CAPTION} at (0,0) size 207x14
          RenderInline {A} at (0,0) size 177x14
            RenderText {#text} at (13,0) size 177x14
              text run at (13,0) width 177: "Frame=\x{201C}border\x{201D} and Rules=\x{201C}cols\x{201D}"
          RenderInline (generated) at (0,0) size 5x14
            RenderText at (189,0) size 5x14
              text run at (189,0) width 5: ":"
        RenderTableSection {THEAD} at (0,14) size 207x17
          RenderTableRow {TR} at (0,0) size 207x17
            RenderTableCell {TD} at (0,0) size 69x17 [border: (1px none #808080) none none (1px solid #808080)] [r=0 c=0 rs=1 cs=1]
              RenderText {#text} at (2,2) size 66x14
                text run at (2,2) width 66: "Row 1, Cell 1"
            RenderTableCell {TD} at (69,0) size 69x17 [border: (1px none #808080) none none (1px solid #808080)] [r=0 c=1 rs=1 cs=1]
              RenderText {#text} at (2,2) size 66x14
                text run at (2,2) width 66: "Row 1, Cell 2"
            RenderTableCell {TD} at (138,0) size 69x17 [border: (1px none #808080) none none (1px solid #808080)] [r=0 c=2 rs=1 cs=1]
              RenderText {#text} at (2,2) size 66x14
                text run at (2,2) width 66: "Row 1, Cell 3"
        RenderTableSection {TBODY} at (0,31) size 207x48
          RenderTableRow {TR} at (0,0) size 207x16
            RenderTableCell {TD} at (0,8) size 69x16 [border: none none none (1px solid #808080)] [r=0 c=0 rs=2 cs=1]
              RenderText {#text} at (2,1) size 66x14
                text run at (2,1) width 66: "Row 2, Cell 1"
            RenderTableCell {TD} at (69,0) size 138x16 [border: none none none (1px solid #808080)] [r=0 c=1 rs=1 cs=2]
              RenderText {#text} at (2,1) size 66x14
                text run at (2,1) width 66: "Row 2, Cell 2"
          RenderTableRow {TR} at (0,16) size 207x16
            RenderTableCell {TD} at (69,16) size 69x16 [border: none none none (1px solid #808080)] [r=1 c=1 rs=1 cs=1]
              RenderText {#text} at (2,1) size 66x14
                text run at (2,1) width 66: "Row 3, Cell 2"
            RenderTableCell {TD} at (138,24) size 69x16 [border: none none none (1px solid #808080)] [r=1 c=2 rs=2 cs=1]
              RenderText {#text} at (2,1) size 66x14
                text run at (2,1) width 66: "Row 3, Cell 3"
          RenderTableRow {TR} at (0,32) size 207x16
            RenderTableCell {TD} at (0,32) size 138x16 [border: none none none (1px solid #808080)] [r=2 c=0 rs=1 cs=2]
              RenderText {#text} at (2,1) size 66x14
                text run at (2,1) width 66: "Row 4, Cell 1"
        RenderTableSection {TFOOT} at (0,79) size 207x16
          RenderTableRow {TR} at (0,0) size 207x16
            RenderTableCell {TD} at (0,0) size 69x16 [border: none none none (1px solid #808080)] [r=0 c=0 rs=1 cs=1]
              RenderText {#text} at (2,1) size 66x14
                text run at (2,1) width 66: "Row 5, Cell 1"
            RenderTableCell {TD} at (69,0) size 69x16 [border: none none none (1px solid #808080)] [r=0 c=1 rs=1 cs=1]
              RenderText {#text} at (2,1) size 66x14
                text run at (2,1) width 66: "Row 5, Cell 2"
            RenderTableCell {TD} at (138,0) size 69x16 [border: none none none (1px solid #808080)] [r=0 c=2 rs=1 cs=1]
              RenderText {#text} at (2,1) size 66x14
                text run at (2,1) width 66: "Row 5, Cell 3"
      RenderTable {TABLE} at (0,5198) size 206x98
        RenderBlock {CAPTION} at (0,0) size 206x14
          RenderInline {A} at (0,0) size 156x14
            RenderText {#text} at (23,0) size 156x14
              text run at (23,0) width 156: "Frame=\x{201C}void\x{201D} and Rules=\x{201C}all\x{201D}"
          RenderInline (generated) at (0,0) size 4x14
            RenderText at (179,0) size 4x14
              text run at (179,0) width 4: ":"
        RenderTableSection {THEAD} at (0,14) size 206x16
          RenderTableRow {TR} at (0,0) size 206x16
            RenderTableCell {TD} at (0,0) size 68x16 [r=0 c=0 rs=1 cs=1]
              RenderText {#text} at (1,1) size 66x14
                text run at (1,1) width 66: "Row 1, Cell 1"
            RenderTableCell {TD} at (68,0) size 69x16 [border: none] [r=0 c=1 rs=1 cs=1]
              RenderText {#text} at (2,1) size 66x14
                text run at (2,1) width 66: "Row 1, Cell 2"
            RenderTableCell {TD} at (137,0) size 69x16 [border: none] [r=0 c=2 rs=1 cs=1]
              RenderText {#text} at (2,1) size 66x14
                text run at (2,1) width 66: "Row 1, Cell 3"
        RenderTableSection {TBODY} at (0,30) size 206x51
          RenderTableRow {TR} at (0,0) size 206x17
            RenderTableCell {TD} at (0,8) size 68x17 [border: (1px solid #808080)] [r=0 c=0 rs=2 cs=1]
              RenderText {#text} at (1,2) size 66x14
                text run at (1,2) width 66: "Row 2, Cell 1"
            RenderTableCell {TD} at (68,0) size 138x17 [border: (1px solid #808080)] [r=0 c=1 rs=1 cs=2]
              RenderText {#text} at (2,2) size 66x14
                text run at (2,2) width 66: "Row 2, Cell 2"
          RenderTableRow {TR} at (0,17) size 206x17
            RenderTableCell {TD} at (68,17) size 69x17 [border: (1px solid #808080)] [r=1 c=1 rs=1 cs=1]
              RenderText {#text} at (2,2) size 66x14
                text run at (2,2) width 66: "Row 3, Cell 2"
            RenderTableCell {TD} at (137,25) size 69x17 [border: (1px solid #808080)] [r=1 c=2 rs=2 cs=1]
              RenderText {#text} at (2,2) size 66x14
                text run at (2,2) width 66: "Row 3, Cell 3"
          RenderTableRow {TR} at (0,34) size 206x17
            RenderTableCell {TD} at (0,34) size 137x17 [border: (1px solid #808080)] [r=2 c=0 rs=1 cs=2]
              RenderText {#text} at (1,2) size 66x14
                text run at (1,2) width 66: "Row 4, Cell 1"
        RenderTableSection {TFOOT} at (0,81) size 206x17
          RenderTableRow {TR} at (0,0) size 206x17
            RenderTableCell {TD} at (0,0) size 68x17 [border: (1px solid #808080)] [r=0 c=0 rs=1 cs=1]
              RenderText {#text} at (1,2) size 66x14
                text run at (1,2) width 66: "Row 5, Cell 1"
            RenderTableCell {TD} at (68,0) size 69x17 [border: (1px solid #808080)] [r=0 c=1 rs=1 cs=1]
              RenderText {#text} at (2,2) size 66x14
                text run at (2,2) width 66: "Row 5, Cell 2"
            RenderTableCell {TD} at (137,0) size 69x17 [border: (1px solid #808080)] [r=0 c=2 rs=1 cs=1]
              RenderText {#text} at (2,2) size 66x14
                text run at (2,2) width 66: "Row 5, Cell 3"
      RenderTable {TABLE} at (0,5344) size 206x99
        RenderBlock {CAPTION} at (0,0) size 206x14
          RenderInline {A} at (0,0) size 164x14
            RenderText {#text} at (19,0) size 164x14
              text run at (19,0) width 164: "Frame=\x{201C}above\x{201D} and Rules=\x{201C}all\x{201D}"
          RenderInline (generated) at (0,0) size 4x14
            RenderText at (183,0) size 4x14
              text run at (183,0) width 4: ":"
        RenderTableSection {THEAD} at (0,14) size 206x17
          RenderTableRow {TR} at (0,0) size 206x17
            RenderTableCell {TD} at (0,0) size 68x17 [border: (1px solid #808080)] [r=0 c=0 rs=1 cs=1]
              RenderText {#text} at (1,2) size 66x14
                text run at (1,2) width 66: "Row 1, Cell 1"
            RenderTableCell {TD} at (68,0) size 69x17 [border: (1px solid #808080)] [r=0 c=1 rs=1 cs=1]
              RenderText {#text} at (2,2) size 66x14
                text run at (2,2) width 66: "Row 1, Cell 2"
            RenderTableCell {TD} at (137,0) size 69x17 [border: (1px solid #808080)] [r=0 c=2 rs=1 cs=1]
              RenderText {#text} at (2,2) size 66x14
                text run at (2,2) width 66: "Row 1, Cell 3"
        RenderTableSection {TBODY} at (0,31) size 206x51
          RenderTableRow {TR} at (0,0) size 206x17
            RenderTableCell {TD} at (0,8) size 68x17 [border: (1px solid #808080)] [r=0 c=0 rs=2 cs=1]
              RenderText {#text} at (1,2) size 66x14
                text run at (1,2) width 66: "Row 2, Cell 1"
            RenderTableCell {TD} at (68,0) size 138x17 [border: (1px solid #808080)] [r=0 c=1 rs=1 cs=2]
              RenderText {#text} at (2,2) size 66x14
                text run at (2,2) width 66: "Row 2, Cell 2"
          RenderTableRow {TR} at (0,17) size 206x17
            RenderTableCell {TD} at (68,17) size 69x17 [border: (1px solid #808080)] [r=1 c=1 rs=1 cs=1]
              RenderText {#text} at (2,2) size 66x14
                text run at (2,2) width 66: "Row 3, Cell 2"
            RenderTableCell {TD} at (137,25) size 69x17 [border: (1px solid #808080)] [r=1 c=2 rs=2 cs=1]
              RenderText {#text} at (2,2) size 66x14
                text run at (2,2) width 66: "Row 3, Cell 3"
          RenderTableRow {TR} at (0,34) size 206x17
            RenderTableCell {TD} at (0,34) size 137x17 [border: (1px solid #808080)] [r=2 c=0 rs=1 cs=2]
              RenderText {#text} at (1,2) size 66x14
                text run at (1,2) width 66: "Row 4, Cell 1"
        RenderTableSection {TFOOT} at (0,82) size 206x17
          RenderTableRow {TR} at (0,0) size 206x17
            RenderTableCell {TD} at (0,0) size 68x17 [border: (1px solid #808080)] [r=0 c=0 rs=1 cs=1]
              RenderText {#text} at (1,2) size 66x14
                text run at (1,2) width 66: "Row 5, Cell 1"
            RenderTableCell {TD} at (68,0) size 69x17 [border: (1px solid #808080)] [r=0 c=1 rs=1 cs=1]
              RenderText {#text} at (2,2) size 66x14
                text run at (2,2) width 66: "Row 5, Cell 2"
            RenderTableCell {TD} at (137,0) size 69x17 [border: (1px solid #808080)] [r=0 c=2 rs=1 cs=1]
              RenderText {#text} at (2,2) size 66x14
                text run at (2,2) width 66: "Row 5, Cell 3"
      RenderTable {TABLE} at (0,5491) size 206x99 [border: none (1px solid #808080) none]
        RenderBlock {CAPTION} at (0,0) size 206x14
          RenderInline {A} at (0,0) size 164x14
            RenderText {#text} at (19,0) size 164x14
              text run at (19,0) width 164: "Frame=\x{201C}below\x{201D} and Rules=\x{201C}all\x{201D}"
          RenderInline (generated) at (0,0) size 4x14
            RenderText at (183,0) size 4x14
              text run at (183,0) width 4: ":"
        RenderTableSection {THEAD} at (0,14) size 206x16
          RenderTableRow {TR} at (0,0) size 206x16
            RenderTableCell {TD} at (0,0) size 68x16 [r=0 c=0 rs=1 cs=1]
              RenderText {#text} at (1,1) size 66x14
                text run at (1,1) width 66: "Row 1, Cell 1"
            RenderTableCell {TD} at (68,0) size 69x16 [border: none] [r=0 c=1 rs=1 cs=1]
              RenderText {#text} at (2,1) size 66x14
                text run at (2,1) width 66: "Row 1, Cell 2"
            RenderTableCell {TD} at (137,0) size 69x16 [border: none] [r=0 c=2 rs=1 cs=1]
              RenderText {#text} at (2,1) size 66x14
                text run at (2,1) width 66: "Row 1, Cell 3"
        RenderTableSection {TBODY} at (0,30) size 206x51
          RenderTableRow {TR} at (0,0) size 206x17
            RenderTableCell {TD} at (0,8) size 68x17 [border: (1px solid #808080)] [r=0 c=0 rs=2 cs=1]
              RenderText {#text} at (1,2) size 66x14
                text run at (1,2) width 66: "Row 2, Cell 1"
            RenderTableCell {TD} at (68,0) size 138x17 [border: (1px solid #808080)] [r=0 c=1 rs=1 cs=2]
              RenderText {#text} at (2,2) size 66x14
                text run at (2,2) width 66: "Row 2, Cell 2"
          RenderTableRow {TR} at (0,17) size 206x17
            RenderTableCell {TD} at (68,17) size 69x17 [border: (1px solid #808080)] [r=1 c=1 rs=1 cs=1]
              RenderText {#text} at (2,2) size 66x14
                text run at (2,2) width 66: "Row 3, Cell 2"
            RenderTableCell {TD} at (137,25) size 69x17 [border: (1px solid #808080)] [r=1 c=2 rs=2 cs=1]
              RenderText {#text} at (2,2) size 66x14
                text run at (2,2) width 66: "Row 3, Cell 3"
          RenderTableRow {TR} at (0,34) size 206x17
            RenderTableCell {TD} at (0,34) size 137x17 [border: (1px solid #808080)] [r=2 c=0 rs=1 cs=2]
              RenderText {#text} at (1,2) size 66x14
                text run at (1,2) width 66: "Row 4, Cell 1"
        RenderTableSection {TFOOT} at (0,81) size 206x17
          RenderTableRow {TR} at (0,0) size 206x17
            RenderTableCell {TD} at (0,0) size 68x17 [border: (1px solid #808080)] [r=0 c=0 rs=1 cs=1]
              RenderText {#text} at (1,2) size 66x14
                text run at (1,2) width 66: "Row 5, Cell 1"
            RenderTableCell {TD} at (68,0) size 69x17 [border: (1px solid #808080)] [r=0 c=1 rs=1 cs=1]
              RenderText {#text} at (2,2) size 66x14
                text run at (2,2) width 66: "Row 5, Cell 2"
            RenderTableCell {TD} at (137,0) size 69x17 [border: (1px solid #808080)] [r=0 c=2 rs=1 cs=1]
              RenderText {#text} at (2,2) size 66x14
                text run at (2,2) width 66: "Row 5, Cell 3"
      RenderTable {TABLE} at (0,5638) size 206x100 [border: none none (1px solid #808080) none]
        RenderBlock {CAPTION} at (0,0) size 206x14
          RenderInline {A} at (0,0) size 168x14
            RenderText {#text} at (17,0) size 168x14
              text run at (17,0) width 168: "Frame=\x{201C}hsides\x{201D} and Rules=\x{201C}all\x{201D}"
          RenderInline (generated) at (0,0) size 5x14
            RenderText at (184,0) size 5x14
              text run at (184,0) width 5: ":"
        RenderTableSection {THEAD} at (0,14) size 206x17
          RenderTableRow {TR} at (0,0) size 206x17
            RenderTableCell {TD} at (0,0) size 68x17 [border: (1px solid #808080)] [r=0 c=0 rs=1 cs=1]
              RenderText {#text} at (1,2) size 66x14
                text run at (1,2) width 66: "Row 1, Cell 1"
            RenderTableCell {TD} at (68,0) size 69x17 [border: (1px solid #808080)] [r=0 c=1 rs=1 cs=1]
              RenderText {#text} at (2,2) size 66x14
                text run at (2,2) width 66: "Row 1, Cell 2"
            RenderTableCell {TD} at (137,0) size 69x17 [border: (1px solid #808080)] [r=0 c=2 rs=1 cs=1]
              RenderText {#text} at (2,2) size 66x14
                text run at (2,2) width 66: "Row 1, Cell 3"
        RenderTableSection {TBODY} at (0,31) size 206x51
          RenderTableRow {TR} at (0,0) size 206x17
            RenderTableCell {TD} at (0,8) size 68x17 [border: (1px solid #808080)] [r=0 c=0 rs=2 cs=1]
              RenderText {#text} at (1,2) size 66x14
                text run at (1,2) width 66: "Row 2, Cell 1"
            RenderTableCell {TD} at (68,0) size 138x17 [border: (1px solid #808080)] [r=0 c=1 rs=1 cs=2]
              RenderText {#text} at (2,2) size 66x14
                text run at (2,2) width 66: "Row 2, Cell 2"
          RenderTableRow {TR} at (0,17) size 206x17
            RenderTableCell {TD} at (68,17) size 69x17 [border: (1px solid #808080)] [r=1 c=1 rs=1 cs=1]
              RenderText {#text} at (2,2) size 66x14
                text run at (2,2) width 66: "Row 3, Cell 2"
            RenderTableCell {TD} at (137,25) size 69x17 [border: (1px solid #808080)] [r=1 c=2 rs=2 cs=1]
              RenderText {#text} at (2,2) size 66x14
                text run at (2,2) width 66: "Row 3, Cell 3"
          RenderTableRow {TR} at (0,34) size 206x17
            RenderTableCell {TD} at (0,34) size 137x17 [border: (1px solid #808080)] [r=2 c=0 rs=1 cs=2]
              RenderText {#text} at (1,2) size 66x14
                text run at (1,2) width 66: "Row 4, Cell 1"
        RenderTableSection {TFOOT} at (0,82) size 206x17
          RenderTableRow {TR} at (0,0) size 206x17
            RenderTableCell {TD} at (0,0) size 68x17 [border: (1px solid #808080)] [r=0 c=0 rs=1 cs=1]
              RenderText {#text} at (1,2) size 66x14
                text run at (1,2) width 66: "Row 5, Cell 1"
            RenderTableCell {TD} at (68,0) size 69x17 [border: (1px solid #808080)] [r=0 c=1 rs=1 cs=1]
              RenderText {#text} at (2,2) size 66x14
                text run at (2,2) width 66: "Row 5, Cell 2"
            RenderTableCell {TD} at (137,0) size 69x17 [border: (1px solid #808080)] [r=0 c=2 rs=1 cs=1]
              RenderText {#text} at (2,2) size 66x14
                text run at (2,2) width 66: "Row 5, Cell 3"
      RenderTable {TABLE} at (0,5786) size 208x98 [border: none (1px solid #808080) none none]
        RenderBlock {CAPTION} at (0,0) size 207x14
          RenderInline {A} at (0,0) size 165x14
            RenderText {#text} at (19,0) size 165x14
              text run at (19,0) width 165: "Frame=\x{201C}vsides\x{201D} and Rules=\x{201C}all\x{201D}"
          RenderInline (generated) at (0,0) size 4x14
            RenderText at (184,0) size 4x14
              text run at (184,0) width 4: ":"
        RenderTableSection {THEAD} at (0,14) size 207x16
          RenderTableRow {TR} at (0,0) size 207x16
            RenderTableCell {TD} at (0,0) size 69x16 [border: none] [r=0 c=0 rs=1 cs=1]
              RenderText {#text} at (2,1) size 66x14
                text run at (2,1) width 66: "Row 1, Cell 1"
            RenderTableCell {TD} at (69,0) size 69x16 [border: none] [r=0 c=1 rs=1 cs=1]
              RenderText {#text} at (2,1) size 66x14
                text run at (2,1) width 66: "Row 1, Cell 2"
            RenderTableCell {TD} at (138,0) size 69x16 [border: none] [r=0 c=2 rs=1 cs=1]
              RenderText {#text} at (2,1) size 66x14
                text run at (2,1) width 66: "Row 1, Cell 3"
        RenderTableSection {TBODY} at (0,30) size 207x51
          RenderTableRow {TR} at (0,0) size 207x17
            RenderTableCell {TD} at (0,8) size 69x17 [border: (1px solid #808080)] [r=0 c=0 rs=2 cs=1]
              RenderText {#text} at (2,2) size 66x14
                text run at (2,2) width 66: "Row 2, Cell 1"
            RenderTableCell {TD} at (69,0) size 138x17 [border: (1px solid #808080)] [r=0 c=1 rs=1 cs=2]
              RenderText {#text} at (2,2) size 66x14
                text run at (2,2) width 66: "Row 2, Cell 2"
          RenderTableRow {TR} at (0,17) size 207x17
            RenderTableCell {TD} at (69,17) size 69x17 [border: (1px solid #808080)] [r=1 c=1 rs=1 cs=1]
              RenderText {#text} at (2,2) size 66x14
                text run at (2,2) width 66: "Row 3, Cell 2"
            RenderTableCell {TD} at (138,25) size 69x17 [border: (1px solid #808080)] [r=1 c=2 rs=2 cs=1]
              RenderText {#text} at (2,2) size 66x14
                text run at (2,2) width 66: "Row 3, Cell 3"
          RenderTableRow {TR} at (0,34) size 207x17
            RenderTableCell {TD} at (0,34) size 138x17 [border: (1px solid #808080)] [r=2 c=0 rs=1 cs=2]
              RenderText {#text} at (2,2) size 66x14
                text run at (2,2) width 66: "Row 4, Cell 1"
        RenderTableSection {TFOOT} at (0,81) size 207x17
          RenderTableRow {TR} at (0,0) size 207x17
            RenderTableCell {TD} at (0,0) size 69x17 [border: (1px solid #808080)] [r=0 c=0 rs=1 cs=1]
              RenderText {#text} at (2,2) size 66x14
                text run at (2,2) width 66: "Row 5, Cell 1"
            RenderTableCell {TD} at (69,0) size 69x17 [border: (1px solid #808080)] [r=0 c=1 rs=1 cs=1]
              RenderText {#text} at (2,2) size 66x14
                text run at (2,2) width 66: "Row 5, Cell 2"
            RenderTableCell {TD} at (138,0) size 69x17 [border: (1px solid #808080)] [r=0 c=2 rs=1 cs=1]
              RenderText {#text} at (2,2) size 66x14
                text run at (2,2) width 66: "Row 5, Cell 3"
      RenderTable {TABLE} at (0,5932) size 207x98
        RenderBlock {CAPTION} at (0,0) size 207x14
          RenderInline {A} at (0,0) size 151x14
            RenderText {#text} at (26,0) size 151x14
              text run at (26,0) width 151: "Frame=\x{201C}lhs\x{201D} and Rules=\x{201C}all\x{201D}"
          RenderInline (generated) at (0,0) size 4x14
            RenderText at (177,0) size 4x14
              text run at (177,0) width 4: ":"
        RenderTableSection {THEAD} at (0,14) size 207x16
          RenderTableRow {TR} at (0,0) size 207x16
            RenderTableCell {TD} at (0,0) size 69x16 [border: none] [r=0 c=0 rs=1 cs=1]
              RenderText {#text} at (2,1) size 66x14
                text run at (2,1) width 66: "Row 1, Cell 1"
            RenderTableCell {TD} at (69,0) size 69x16 [border: none] [r=0 c=1 rs=1 cs=1]
              RenderText {#text} at (2,1) size 66x14
                text run at (2,1) width 66: "Row 1, Cell 2"
            RenderTableCell {TD} at (138,0) size 69x16 [border: none] [r=0 c=2 rs=1 cs=1]
              RenderText {#text} at (2,1) size 66x14
                text run at (2,1) width 66: "Row 1, Cell 3"
        RenderTableSection {TBODY} at (0,30) size 207x51
          RenderTableRow {TR} at (0,0) size 207x17
            RenderTableCell {TD} at (0,8) size 69x17 [border: (1px solid #808080)] [r=0 c=0 rs=2 cs=1]
              RenderText {#text} at (2,2) size 66x14
                text run at (2,2) width 66: "Row 2, Cell 1"
            RenderTableCell {TD} at (69,0) size 138x17 [border: (1px solid #808080)] [r=0 c=1 rs=1 cs=2]
              RenderText {#text} at (2,2) size 66x14
                text run at (2,2) width 66: "Row 2, Cell 2"
          RenderTableRow {TR} at (0,17) size 207x17
            RenderTableCell {TD} at (69,17) size 69x17 [border: (1px solid #808080)] [r=1 c=1 rs=1 cs=1]
              RenderText {#text} at (2,2) size 66x14
                text run at (2,2) width 66: "Row 3, Cell 2"
            RenderTableCell {TD} at (138,25) size 69x17 [border: (1px solid #808080)] [r=1 c=2 rs=2 cs=1]
              RenderText {#text} at (2,2) size 66x14
                text run at (2,2) width 66: "Row 3, Cell 3"
          RenderTableRow {TR} at (0,34) size 207x17
            RenderTableCell {TD} at (0,34) size 138x17 [border: (1px solid #808080)] [r=2 c=0 rs=1 cs=2]
              RenderText {#text} at (2,2) size 66x14
                text run at (2,2) width 66: "Row 4, Cell 1"
        RenderTableSection {TFOOT} at (0,81) size 207x17
          RenderTableRow {TR} at (0,0) size 207x17
            RenderTableCell {TD} at (0,0) size 69x17 [border: (1px solid #808080)] [r=0 c=0 rs=1 cs=1]
              RenderText {#text} at (2,2) size 66x14
                text run at (2,2) width 66: "Row 5, Cell 1"
            RenderTableCell {TD} at (69,0) size 69x17 [border: (1px solid #808080)] [r=0 c=1 rs=1 cs=1]
              RenderText {#text} at (2,2) size 66x14
                text run at (2,2) width 66: "Row 5, Cell 2"
            RenderTableCell {TD} at (138,0) size 69x17 [border: (1px solid #808080)] [r=0 c=2 rs=1 cs=1]
              RenderText {#text} at (2,2) size 66x14
                text run at (2,2) width 66: "Row 5, Cell 3"
      RenderTable {TABLE} at (0,6078) size 207x98 [border: none (1px solid #808080) none]
        RenderBlock {CAPTION} at (0,0) size 206x14
          RenderInline {A} at (0,0) size 154x14
            RenderText {#text} at (24,0) size 154x14
              text run at (24,0) width 154: "Frame=\x{201C}rhs\x{201D} and Rules=\x{201C}all\x{201D}"
          RenderInline (generated) at (0,0) size 5x14
            RenderText at (177,0) size 5x14
              text run at (177,0) width 5: ":"
        RenderTableSection {THEAD} at (0,14) size 206x16
          RenderTableRow {TR} at (0,0) size 206x16
            RenderTableCell {TD} at (0,0) size 68x16 [r=0 c=0 rs=1 cs=1]
              RenderText {#text} at (1,1) size 66x14
                text run at (1,1) width 66: "Row 1, Cell 1"
            RenderTableCell {TD} at (68,0) size 69x16 [border: none] [r=0 c=1 rs=1 cs=1]
              RenderText {#text} at (2,1) size 66x14
                text run at (2,1) width 66: "Row 1, Cell 2"
            RenderTableCell {TD} at (137,0) size 69x16 [border: none] [r=0 c=2 rs=1 cs=1]
              RenderText {#text} at (2,1) size 66x14
                text run at (2,1) width 66: "Row 1, Cell 3"
        RenderTableSection {TBODY} at (0,30) size 206x51
          RenderTableRow {TR} at (0,0) size 206x17
            RenderTableCell {TD} at (0,8) size 68x17 [border: (1px solid #808080)] [r=0 c=0 rs=2 cs=1]
              RenderText {#text} at (1,2) size 66x14
                text run at (1,2) width 66: "Row 2, Cell 1"
            RenderTableCell {TD} at (68,0) size 138x17 [border: (1px solid #808080)] [r=0 c=1 rs=1 cs=2]
              RenderText {#text} at (2,2) size 66x14
                text run at (2,2) width 66: "Row 2, Cell 2"
          RenderTableRow {TR} at (0,17) size 206x17
            RenderTableCell {TD} at (68,17) size 69x17 [border: (1px solid #808080)] [r=1 c=1 rs=1 cs=1]
              RenderText {#text} at (2,2) size 66x14
                text run at (2,2) width 66: "Row 3, Cell 2"
            RenderTableCell {TD} at (137,25) size 69x17 [border: (1px solid #808080)] [r=1 c=2 rs=2 cs=1]
              RenderText {#text} at (2,2) size 66x14
                text run at (2,2) width 66: "Row 3, Cell 3"
          RenderTableRow {TR} at (0,34) size 206x17
            RenderTableCell {TD} at (0,34) size 137x17 [border: (1px solid #808080)] [r=2 c=0 rs=1 cs=2]
              RenderText {#text} at (1,2) size 66x14
                text run at (1,2) width 66: "Row 4, Cell 1"
        RenderTableSection {TFOOT} at (0,81) size 206x17
          RenderTableRow {TR} at (0,0) size 206x17
            RenderTableCell {TD} at (0,0) size 68x17 [border: (1px solid #808080)] [r=0 c=0 rs=1 cs=1]
              RenderText {#text} at (1,2) size 66x14
                text run at (1,2) width 66: "Row 5, Cell 1"
            RenderTableCell {TD} at (68,0) size 69x17 [border: (1px solid #808080)] [r=0 c=1 rs=1 cs=1]
              RenderText {#text} at (2,2) size 66x14
                text run at (2,2) width 66: "Row 5, Cell 2"
            RenderTableCell {TD} at (137,0) size 69x17 [border: (1px solid #808080)] [r=0 c=2 rs=1 cs=1]
              RenderText {#text} at (2,2) size 66x14
                text run at (2,2) width 66: "Row 5, Cell 3"
      RenderTable {TABLE} at (0,6224) size 208x100 [border: none]
        RenderBlock {CAPTION} at (0,0) size 207x14
          RenderInline {A} at (0,0) size 155x14
            RenderText {#text} at (24,0) size 155x14
              text run at (24,0) width 155: "Frame=\x{201C}box\x{201D} and Rules=\x{201C}all\x{201D}"
          RenderInline (generated) at (0,0) size 5x14
            RenderText at (178,0) size 5x14
              text run at (178,0) width 5: ":"
        RenderTableSection {THEAD} at (0,14) size 207x17
          RenderTableRow {TR} at (0,0) size 207x17
            RenderTableCell {TD} at (0,0) size 69x17 [border: (1px solid #808080)] [r=0 c=0 rs=1 cs=1]
              RenderText {#text} at (2,2) size 66x14
                text run at (2,2) width 66: "Row 1, Cell 1"
            RenderTableCell {TD} at (69,0) size 69x17 [border: (1px solid #808080)] [r=0 c=1 rs=1 cs=1]
              RenderText {#text} at (2,2) size 66x14
                text run at (2,2) width 66: "Row 1, Cell 2"
            RenderTableCell {TD} at (138,0) size 69x17 [border: (1px solid #808080)] [r=0 c=2 rs=1 cs=1]
              RenderText {#text} at (2,2) size 66x14
                text run at (2,2) width 66: "Row 1, Cell 3"
        RenderTableSection {TBODY} at (0,31) size 207x51
          RenderTableRow {TR} at (0,0) size 207x17
            RenderTableCell {TD} at (0,8) size 69x17 [border: (1px solid #808080)] [r=0 c=0 rs=2 cs=1]
              RenderText {#text} at (2,2) size 66x14
                text run at (2,2) width 66: "Row 2, Cell 1"
            RenderTableCell {TD} at (69,0) size 138x17 [border: (1px solid #808080)] [r=0 c=1 rs=1 cs=2]
              RenderText {#text} at (2,2) size 66x14
                text run at (2,2) width 66: "Row 2, Cell 2"
          RenderTableRow {TR} at (0,17) size 207x17
            RenderTableCell {TD} at (69,17) size 69x17 [border: (1px solid #808080)] [r=1 c=1 rs=1 cs=1]
              RenderText {#text} at (2,2) size 66x14
                text run at (2,2) width 66: "Row 3, Cell 2"
            RenderTableCell {TD} at (138,25) size 69x17 [border: (1px solid #808080)] [r=1 c=2 rs=2 cs=1]
              RenderText {#text} at (2,2) size 66x14
                text run at (2,2) width 66: "Row 3, Cell 3"
          RenderTableRow {TR} at (0,34) size 207x17
            RenderTableCell {TD} at (0,34) size 138x17 [border: (1px solid #808080)] [r=2 c=0 rs=1 cs=2]
              RenderText {#text} at (2,2) size 66x14
                text run at (2,2) width 66: "Row 4, Cell 1"
        RenderTableSection {TFOOT} at (0,82) size 207x17
          RenderTableRow {TR} at (0,0) size 207x17
            RenderTableCell {TD} at (0,0) size 69x17 [border: (1px solid #808080)] [r=0 c=0 rs=1 cs=1]
              RenderText {#text} at (2,2) size 66x14
                text run at (2,2) width 66: "Row 5, Cell 1"
            RenderTableCell {TD} at (69,0) size 69x17 [border: (1px solid #808080)] [r=0 c=1 rs=1 cs=1]
              RenderText {#text} at (2,2) size 66x14
                text run at (2,2) width 66: "Row 5, Cell 2"
            RenderTableCell {TD} at (138,0) size 69x17 [border: (1px solid #808080)] [r=0 c=2 rs=1 cs=1]
              RenderText {#text} at (2,2) size 66x14
                text run at (2,2) width 66: "Row 5, Cell 3"
      RenderTable {TABLE} at (0,6372) size 208x100 [border: none]
        RenderBlock {CAPTION} at (0,0) size 207x14
          RenderInline {A} at (0,0) size 169x14
            RenderText {#text} at (17,0) size 169x14
              text run at (17,0) width 169: "Frame=\x{201C}border\x{201D} and Rules=\x{201C}all\x{201D}"
          RenderInline (generated) at (0,0) size 4x14
            RenderText at (186,0) size 4x14
              text run at (186,0) width 4: ":"
        RenderTableSection {THEAD} at (0,14) size 207x17
          RenderTableRow {TR} at (0,0) size 207x17
            RenderTableCell {TD} at (0,0) size 69x17 [border: (1px solid #808080)] [r=0 c=0 rs=1 cs=1]
              RenderText {#text} at (2,2) size 66x14
                text run at (2,2) width 66: "Row 1, Cell 1"
            RenderTableCell {TD} at (69,0) size 69x17 [border: (1px solid #808080)] [r=0 c=1 rs=1 cs=1]
              RenderText {#text} at (2,2) size 66x14
                text run at (2,2) width 66: "Row 1, Cell 2"
            RenderTableCell {TD} at (138,0) size 69x17 [border: (1px solid #808080)] [r=0 c=2 rs=1 cs=1]
              RenderText {#text} at (2,2) size 66x14
                text run at (2,2) width 66: "Row 1, Cell 3"
        RenderTableSection {TBODY} at (0,31) size 207x51
          RenderTableRow {TR} at (0,0) size 207x17
            RenderTableCell {TD} at (0,8) size 69x17 [border: (1px solid #808080)] [r=0 c=0 rs=2 cs=1]
              RenderText {#text} at (2,2) size 66x14
                text run at (2,2) width 66: "Row 2, Cell 1"
            RenderTableCell {TD} at (69,0) size 138x17 [border: (1px solid #808080)] [r=0 c=1 rs=1 cs=2]
              RenderText {#text} at (2,2) size 66x14
                text run at (2,2) width 66: "Row 2, Cell 2"
          RenderTableRow {TR} at (0,17) size 207x17
            RenderTableCell {TD} at (69,17) size 69x17 [border: (1px solid #808080)] [r=1 c=1 rs=1 cs=1]
              RenderText {#text} at (2,2) size 66x14
                text run at (2,2) width 66: "Row 3, Cell 2"
            RenderTableCell {TD} at (138,25) size 69x17 [border: (1px solid #808080)] [r=1 c=2 rs=2 cs=1]
              RenderText {#text} at (2,2) size 66x14
                text run at (2,2) width 66: "Row 3, Cell 3"
          RenderTableRow {TR} at (0,34) size 207x17
            RenderTableCell {TD} at (0,34) size 138x17 [border: (1px solid #808080)] [r=2 c=0 rs=1 cs=2]
              RenderText {#text} at (2,2) size 66x14
                text run at (2,2) width 66: "Row 4, Cell 1"
        RenderTableSection {TFOOT} at (0,82) size 207x17
          RenderTableRow {TR} at (0,0) size 207x17
            RenderTableCell {TD} at (0,0) size 69x17 [border: (1px solid #808080)] [r=0 c=0 rs=1 cs=1]
              RenderText {#text} at (2,2) size 66x14
                text run at (2,2) width 66: "Row 5, Cell 1"
            RenderTableCell {TD} at (69,0) size 69x17 [border: (1px solid #808080)] [r=0 c=1 rs=1 cs=1]
              RenderText {#text} at (2,2) size 66x14
                text run at (2,2) width 66: "Row 5, Cell 2"
            RenderTableCell {TD} at (138,0) size 69x17 [border: (1px solid #808080)] [r=0 c=2 rs=1 cs=1]
              RenderText {#text} at (2,2) size 66x14
                text run at (2,2) width 66: "Row 5, Cell 3"
layer at (400,24) size 400x150
  RenderBlock (positioned) {TABLE} at (400,24) size 400x150
    RenderTable at (0,0) size 361x151
      RenderBlock {CAPTION} at (0,0) size 361x14
        RenderText {#text} at (90,0) size 177x14
          text run at (90,0) width 177: "Local links to specific testcase tables"
        RenderInline (generated) at (0,0) size 5x14
          RenderText at (266,0) size 5x14
            text run at (266,0) width 5: ":"
      RenderTableCol {COLGROUP} at (0,0) size 0x0
      RenderTableCol {COLGROUP} at (0,0) size 0x0
      RenderTableSection {THEAD} at (0,14) size 361x40
        RenderTableRow {TR} at (0,2) size 361x17
          RenderTableCell {TH} at (2,19) size 74x2 [r=0 c=0 rs=2 cs=2]
          RenderTableCell {TH} at (78,2) size 281x17 [r=0 c=2 rs=1 cs=9]
            RenderText {#text} at (124,1) size 33x15
              text run at (124,1) width 33: "Frame"
        RenderTableRow {TR} at (0,21) size 361x17
          RenderTableCell {TH} at (78,21) size 27x17 [r=1 c=2 rs=1 cs=1]
            RenderText {#text} at (1,1) size 25x15
              text run at (1,1) width 25: "void"
          RenderTableCell {TH} at (107,21) size 35x17 [r=1 c=3 rs=1 cs=1]
            RenderText {#text} at (1,1) size 33x15
              text run at (1,1) width 33: "above"
          RenderTableCell {TH} at (144,21) size 35x17 [r=1 c=4 rs=1 cs=1]
            RenderText {#text} at (1,1) size 33x15
              text run at (1,1) width 33: "below"
          RenderTableCell {TH} at (181,21) size 36x17 [r=1 c=5 rs=1 cs=1]
            RenderText {#text} at (1,1) size 34x15
              text run at (1,1) width 34: "hsides"
          RenderTableCell {TH} at (219,21) size 36x17 [r=1 c=6 rs=1 cs=1]
            RenderText {#text} at (1,1) size 34x15
              text run at (1,1) width 34: "vsides"
          RenderTableCell {TH} at (257,21) size 18x17 [r=1 c=7 rs=1 cs=1]
            RenderText {#text} at (1,1) size 16x15
              text run at (1,1) width 16: "lhs"
          RenderTableCell {TH} at (277,21) size 18x17 [r=1 c=8 rs=1 cs=1]
            RenderText {#text} at (1,1) size 16x15
              text run at (1,1) width 16: "rhs"
          RenderTableCell {TH} at (297,21) size 23x17 [r=1 c=9 rs=1 cs=1]
            RenderText {#text} at (1,1) size 21x15
              text run at (1,1) width 21: "box"
          RenderTableCell {TH} at (322,21) size 37x17 [r=1 c=10 rs=1 cs=1]
            RenderText {#text} at (1,1) size 35x15
              text run at (1,1) width 35: "border"
      RenderTableSection {TBODY} at (0,54) size 361x97
        RenderTableRow {TR} at (0,2) size 361x17
          RenderTableCell {TH} at (2,40) size 33x17 [r=0 c=0 rs=5 cs=1]
            RenderText {#text} at (1,1) size 31x15
              text run at (1,1) width 31: "Rules"
          RenderTableCell {TH} at (37,2) size 39x17 [r=0 c=1 rs=1 cs=1]
            RenderText {#text} at (11,1) size 27x15
              text run at (11,1) width 27: "none"
          RenderTableCell {TD} at (78,2) size 27x16 [bgcolor=#CCCCCC] [r=0 c=2 rs=1 cs=1]
            RenderInline {A} at (0,0) size 15x14 [color=#0000EE]
              RenderText {#text} at (6,1) size 15x14
                text run at (6,1) width 15: "Go"
          RenderTableCell {TD} at (107,2) size 35x16 [bgcolor=#CCCCCC] [r=0 c=3 rs=1 cs=1]
            RenderInline {A} at (0,0) size 15x14 [color=#0000EE]
              RenderText {#text} at (10,1) size 15x14
                text run at (10,1) width 15: "Go"
          RenderTableCell {TD} at (144,2) size 35x16 [bgcolor=#CCCCCC] [r=0 c=4 rs=1 cs=1]
            RenderInline {A} at (0,0) size 15x14 [color=#0000EE]
              RenderText {#text} at (10,1) size 15x14
                text run at (10,1) width 15: "Go"
          RenderTableCell {TD} at (181,2) size 36x16 [bgcolor=#CCCCCC] [r=0 c=5 rs=1 cs=1]
            RenderInline {A} at (0,0) size 16x14 [color=#0000EE]
              RenderText {#text} at (10,1) size 16x14
                text run at (10,1) width 16: "Go"
          RenderTableCell {TD} at (219,2) size 36x16 [bgcolor=#CCCCCC] [r=0 c=6 rs=1 cs=1]
            RenderInline {A} at (0,0) size 16x14 [color=#0000EE]
              RenderText {#text} at (10,1) size 16x14
                text run at (10,1) width 16: "Go"
          RenderTableCell {TD} at (257,2) size 18x16 [bgcolor=#CCCCCC] [r=0 c=7 rs=1 cs=1]
            RenderInline {A} at (0,0) size 16x14 [color=#0000EE]
              RenderText {#text} at (1,1) size 16x14
                text run at (1,1) width 16: "Go"
          RenderTableCell {TD} at (277,2) size 18x16 [bgcolor=#CCCCCC] [r=0 c=8 rs=1 cs=1]
            RenderInline {A} at (0,0) size 16x14 [color=#0000EE]
              RenderText {#text} at (1,1) size 16x14
                text run at (1,1) width 16: "Go"
          RenderTableCell {TD} at (297,2) size 23x16 [bgcolor=#CCCCCC] [r=0 c=9 rs=1 cs=1]
            RenderInline {A} at (0,0) size 15x14 [color=#0000EE]
              RenderText {#text} at (4,1) size 15x14
                text run at (4,1) width 15: "Go"
          RenderTableCell {TD} at (322,2) size 37x16 [bgcolor=#CCCCCC] [r=0 c=10 rs=1 cs=1]
            RenderInline {A} at (0,0) size 15x14 [color=#0000EE]
              RenderText {#text} at (11,1) size 15x14
                text run at (11,1) width 15: "Go"
        RenderTableRow {TR} at (0,21) size 361x17
          RenderTableCell {TH} at (37,21) size 39x17 [r=1 c=1 rs=1 cs=1]
            RenderText {#text} at (1,1) size 37x15
              text run at (1,1) width 37: "groups"
          RenderTableCell {TD} at (78,21) size 27x16 [bgcolor=#CCCCCC] [r=1 c=2 rs=1 cs=1]
            RenderInline {A} at (0,0) size 15x14 [color=#0000EE]
              RenderText {#text} at (6,1) size 15x14
                text run at (6,1) width 15: "Go"
          RenderTableCell {TD} at (107,21) size 35x16 [bgcolor=#CCCCCC] [r=1 c=3 rs=1 cs=1]
            RenderInline {A} at (0,0) size 15x14 [color=#0000EE]
              RenderText {#text} at (10,1) size 15x14
                text run at (10,1) width 15: "Go"
          RenderTableCell {TD} at (144,21) size 35x16 [bgcolor=#CCCCCC] [r=1 c=4 rs=1 cs=1]
            RenderInline {A} at (0,0) size 15x14 [color=#0000EE]
              RenderText {#text} at (10,1) size 15x14
                text run at (10,1) width 15: "Go"
          RenderTableCell {TD} at (181,21) size 36x16 [bgcolor=#CCCCCC] [r=1 c=5 rs=1 cs=1]
            RenderInline {A} at (0,0) size 16x14 [color=#0000EE]
              RenderText {#text} at (10,1) size 16x14
                text run at (10,1) width 16: "Go"
          RenderTableCell {TD} at (219,21) size 36x16 [bgcolor=#CCCCCC] [r=1 c=6 rs=1 cs=1]
            RenderInline {A} at (0,0) size 16x14 [color=#0000EE]
              RenderText {#text} at (10,1) size 16x14
                text run at (10,1) width 16: "Go"
          RenderTableCell {TD} at (257,21) size 18x16 [bgcolor=#CCCCCC] [r=1 c=7 rs=1 cs=1]
            RenderInline {A} at (0,0) size 16x14 [color=#0000EE]
              RenderText {#text} at (1,1) size 16x14
                text run at (1,1) width 16: "Go"
          RenderTableCell {TD} at (277,21) size 18x16 [bgcolor=#CCCCCC] [r=1 c=8 rs=1 cs=1]
            RenderInline {A} at (0,0) size 16x14 [color=#0000EE]
              RenderText {#text} at (1,1) size 16x14
                text run at (1,1) width 16: "Go"
          RenderTableCell {TD} at (297,21) size 23x16 [bgcolor=#CCCCCC] [r=1 c=9 rs=1 cs=1]
            RenderInline {A} at (0,0) size 15x14 [color=#0000EE]
              RenderText {#text} at (4,1) size 15x14
                text run at (4,1) width 15: "Go"
          RenderTableCell {TD} at (322,21) size 37x16 [bgcolor=#CCCCCC] [r=1 c=10 rs=1 cs=1]
            RenderInline {A} at (0,0) size 15x14 [color=#0000EE]
              RenderText {#text} at (11,1) size 15x14
                text run at (11,1) width 15: "Go"
        RenderTableRow {TR} at (0,40) size 361x17
          RenderTableCell {TH} at (37,40) size 39x17 [r=2 c=1 rs=1 cs=1]
            RenderText {#text} at (13,1) size 25x15
              text run at (13,1) width 25: "rows"
          RenderTableCell {TD} at (78,40) size 27x16 [bgcolor=#CCCCCC] [r=2 c=2 rs=1 cs=1]
            RenderInline {A} at (0,0) size 15x14 [color=#0000EE]
              RenderText {#text} at (6,1) size 15x14
                text run at (6,1) width 15: "Go"
          RenderTableCell {TD} at (107,40) size 35x16 [bgcolor=#CCCCCC] [r=2 c=3 rs=1 cs=1]
            RenderInline {A} at (0,0) size 15x14 [color=#0000EE]
              RenderText {#text} at (10,1) size 15x14
                text run at (10,1) width 15: "Go"
          RenderTableCell {TD} at (144,40) size 35x16 [bgcolor=#CCCCCC] [r=2 c=4 rs=1 cs=1]
            RenderInline {A} at (0,0) size 15x14 [color=#0000EE]
              RenderText {#text} at (10,1) size 15x14
                text run at (10,1) width 15: "Go"
          RenderTableCell {TD} at (181,40) size 36x16 [bgcolor=#CCCCCC] [r=2 c=5 rs=1 cs=1]
            RenderInline {A} at (0,0) size 16x14 [color=#0000EE]
              RenderText {#text} at (10,1) size 16x14
                text run at (10,1) width 16: "Go"
          RenderTableCell {TD} at (219,40) size 36x16 [bgcolor=#CCCCCC] [r=2 c=6 rs=1 cs=1]
            RenderInline {A} at (0,0) size 16x14 [color=#0000EE]
              RenderText {#text} at (10,1) size 16x14
                text run at (10,1) width 16: "Go"
          RenderTableCell {TD} at (257,40) size 18x16 [bgcolor=#CCCCCC] [r=2 c=7 rs=1 cs=1]
            RenderInline {A} at (0,0) size 16x14 [color=#0000EE]
              RenderText {#text} at (1,1) size 16x14
                text run at (1,1) width 16: "Go"
          RenderTableCell {TD} at (277,40) size 18x16 [bgcolor=#CCCCCC] [r=2 c=8 rs=1 cs=1]
            RenderInline {A} at (0,0) size 16x14 [color=#0000EE]
              RenderText {#text} at (1,1) size 16x14
                text run at (1,1) width 16: "Go"
          RenderTableCell {TD} at (297,40) size 23x16 [bgcolor=#CCCCCC] [r=2 c=9 rs=1 cs=1]
            RenderInline {A} at (0,0) size 15x14 [color=#0000EE]
              RenderText {#text} at (4,1) size 15x14
                text run at (4,1) width 15: "Go"
          RenderTableCell {TD} at (322,40) size 37x16 [bgcolor=#CCCCCC] [r=2 c=10 rs=1 cs=1]
            RenderInline {A} at (0,0) size 15x14 [color=#0000EE]
              RenderText {#text} at (11,1) size 15x14
                text run at (11,1) width 15: "Go"
        RenderTableRow {TR} at (0,59) size 361x17
          RenderTableCell {TH} at (37,59) size 39x17 [r=3 c=1 rs=1 cs=1]
            RenderText {#text} at (16,1) size 22x15
              text run at (16,1) width 22: "cols"
          RenderTableCell {TD} at (78,59) size 27x16 [bgcolor=#CCCCCC] [r=3 c=2 rs=1 cs=1]
            RenderInline {A} at (0,0) size 15x14 [color=#0000EE]
              RenderText {#text} at (6,1) size 15x14
                text run at (6,1) width 15: "Go"
          RenderTableCell {TD} at (107,59) size 35x16 [bgcolor=#CCCCCC] [r=3 c=3 rs=1 cs=1]
            RenderInline {A} at (0,0) size 15x14 [color=#0000EE]
              RenderText {#text} at (10,1) size 15x14
                text run at (10,1) width 15: "Go"
          RenderTableCell {TD} at (144,59) size 35x16 [bgcolor=#CCCCCC] [r=3 c=4 rs=1 cs=1]
            RenderInline {A} at (0,0) size 15x14 [color=#0000EE]
              RenderText {#text} at (10,1) size 15x14
                text run at (10,1) width 15: "Go"
          RenderTableCell {TD} at (181,59) size 36x16 [bgcolor=#CCCCCC] [r=3 c=5 rs=1 cs=1]
            RenderInline {A} at (0,0) size 16x14 [color=#0000EE]
              RenderText {#text} at (10,1) size 16x14
                text run at (10,1) width 16: "Go"
          RenderTableCell {TD} at (219,59) size 36x16 [bgcolor=#CCCCCC] [r=3 c=6 rs=1 cs=1]
            RenderInline {A} at (0,0) size 16x14 [color=#0000EE]
              RenderText {#text} at (10,1) size 16x14
                text run at (10,1) width 16: "Go"
          RenderTableCell {TD} at (257,59) size 18x16 [bgcolor=#CCCCCC] [r=3 c=7 rs=1 cs=1]
            RenderInline {A} at (0,0) size 16x14 [color=#0000EE]
              RenderText {#text} at (1,1) size 16x14
                text run at (1,1) width 16: "Go"
          RenderTableCell {TD} at (277,59) size 18x16 [bgcolor=#CCCCCC] [r=3 c=8 rs=1 cs=1]
            RenderInline {A} at (0,0) size 16x14 [color=#0000EE]
              RenderText {#text} at (1,1) size 16x14
                text run at (1,1) width 16: "Go"
          RenderTableCell {TD} at (297,59) size 23x16 [bgcolor=#CCCCCC] [r=3 c=9 rs=1 cs=1]
            RenderInline {A} at (0,0) size 15x14 [color=#0000EE]
              RenderText {#text} at (4,1) size 15x14
                text run at (4,1) width 15: "Go"
          RenderTableCell {TD} at (322,59) size 37x16 [bgcolor=#CCCCCC] [r=3 c=10 rs=1 cs=1]
            RenderInline {A} at (0,0) size 15x14 [color=#0000EE]
              RenderText {#text} at (11,1) size 15x14
                text run at (11,1) width 15: "Go"
        RenderTableRow {TR} at (0,78) size 361x17
          RenderTableCell {TH} at (37,78) size 39x17 [r=4 c=1 rs=1 cs=1]
            RenderText {#text} at (24,1) size 14x15
              text run at (24,1) width 14: "all"
          RenderTableCell {TD} at (78,78) size 27x16 [bgcolor=#CCCCCC] [r=4 c=2 rs=1 cs=1]
            RenderInline {A} at (0,0) size 15x14 [color=#0000EE]
              RenderText {#text} at (6,1) size 15x14
                text run at (6,1) width 15: "Go"
          RenderTableCell {TD} at (107,78) size 35x16 [bgcolor=#CCCCCC] [r=4 c=3 rs=1 cs=1]
            RenderInline {A} at (0,0) size 15x14 [color=#0000EE]
              RenderText {#text} at (10,1) size 15x14
                text run at (10,1) width 15: "Go"
          RenderTableCell {TD} at (144,78) size 35x16 [bgcolor=#CCCCCC] [r=4 c=4 rs=1 cs=1]
            RenderInline {A} at (0,0) size 15x14 [color=#0000EE]
              RenderText {#text} at (10,1) size 15x14
                text run at (10,1) width 15: "Go"
          RenderTableCell {TD} at (181,78) size 36x16 [bgcolor=#CCCCCC] [r=4 c=5 rs=1 cs=1]
            RenderInline {A} at (0,0) size 16x14 [color=#0000EE]
              RenderText {#text} at (10,1) size 16x14
                text run at (10,1) width 16: "Go"
          RenderTableCell {TD} at (219,78) size 36x16 [bgcolor=#CCCCCC] [r=4 c=6 rs=1 cs=1]
            RenderInline {A} at (0,0) size 16x14 [color=#0000EE]
              RenderText {#text} at (10,1) size 16x14
                text run at (10,1) width 16: "Go"
          RenderTableCell {TD} at (257,78) size 18x16 [bgcolor=#CCCCCC] [r=4 c=7 rs=1 cs=1]
            RenderInline {A} at (0,0) size 16x14 [color=#0000EE]
              RenderText {#text} at (1,1) size 16x14
                text run at (1,1) width 16: "Go"
          RenderTableCell {TD} at (277,78) size 18x16 [bgcolor=#CCCCCC] [r=4 c=8 rs=1 cs=1]
            RenderInline {A} at (0,0) size 16x14 [color=#0000EE]
              RenderText {#text} at (1,1) size 16x14
                text run at (1,1) width 16: "Go"
          RenderTableCell {TD} at (297,78) size 23x16 [bgcolor=#CCCCCC] [r=4 c=9 rs=1 cs=1]
            RenderInline {A} at (0,0) size 15x14 [color=#0000EE]
              RenderText {#text} at (4,1) size 15x14
                text run at (4,1) width 15: "Go"
          RenderTableCell {TD} at (322,78) size 37x16 [bgcolor=#CCCCCC] [r=4 c=10 rs=1 cs=1]
            RenderInline {A} at (0,0) size 15x14 [color=#0000EE]
              RenderText {#text} at (11,1) size 15x14
                text run at (11,1) width 15: "Go"
