layer at (0,0) size 800x600
  RenderView at (0,0) size 800x600
layer at (0,0) size 800x600
  RenderBlock {HTML} at (0,0) size 800x600
    RenderBody {BODY} at (8,8) size 784x584
      RenderBlock {P} at (0,0) size 784x14
        RenderText {#text} at (0,0) size 40x14
          text run at (0,0) width 40: "Test for "
        RenderInline {I} at (0,0) size 629x14
          RenderInline {A} at (0,0) size 226x14 [color=#0000EE]
            RenderText {#text} at (40,0) size 226x14
              text run at (40,0) width 226: "http://bugs.webkit.org/show_bug.cgi?id=15208"
          RenderText {#text} at (266,0) size 403x14
            text run at (266,0) width 3: " "
            text run at (269,0) width 400: "display:table causes the collapsed text to show at a different position when expanded"
        RenderText {#text} at (669,0) size 3x14
          text run at (669,0) width 3: "."
      RenderBlock {P} at (0,26) size 784x14
        RenderText {#text} at (0,0) size 154x14
          text run at (0,0) width 154: "This should say \x{201C}Lorem ipsum\x{201D}:"
      RenderTable {DIV} at (0,52) size 63x14
        RenderTableSection (anonymous) at (0,0) size 63x14
          RenderTableRow (anonymous) at (0,0) size 63x14
            RenderTableCell (anonymous) at (0,0) size 63x14 [r=0 c=0 rs=1 cs=1]
              RenderText {#text} at (0,0) size 31x14
                text run at (0,0) width 31: "Lorem"
              RenderText {#text} at (31,0) size 32x14
                text run at (31,0) width 3: " "
                text run at (34,0) width 29: "ipsum"
