layer at (0,0) size 800x600
  RenderView at (0,0) size 800x600
layer at (0,0) size 800x600
  RenderBlock {HTML} at (0,0) size 800x600
    RenderBody {BODY} at (8,8) size 784x584
      RenderBlock {H3} at (0,0) size 784x16
        RenderText {#text} at (0,0) size 142x15
          text run at (0,0) width 142: "Height:100% Problems"
      RenderBlock {P} at (0,30) size 784x14
        RenderText {#text} at (0,0) size 554x14
          text run at (0,0) width 297: "In the example below, the inner table should be 300 pixels tall. "
          text run at (297,0) width 257: "Instead the height:100% on the table cell isn't honored."
      RenderTable {TABLE} at (364,56) size 56x300 [bgcolor=#FF0000]
        RenderTableSection {TBODY} at (0,0) size 56x300
          RenderTableRow {TR} at (0,0) size 56x300
            RenderTableCell {TD} at (0,0) size 56x300 [bgcolor=#0000FF] [r=0 c=0 rs=1 cs=1]
              RenderTable {TABLE} at (0,0) size 56x300 [bgcolor=#008000]
                RenderTableSection {TBODY} at (0,0) size 56x300
                  RenderTableRow {TR} at (0,2) size 56x296
                    RenderTableCell {TD} at (2,142) size 52x16 [r=0 c=0 rs=1 cs=1]
                      RenderText {#text} at (1,1) size 50x14
                        text run at (1,1) width 50: "Inner table"
