layer at (0,0) size 800x600
  RenderView at (0,0) size 800x600
layer at (0,0) size 800x600
  RenderBlock {HTML} at (0,0) size 800x600
    RenderBody {BODY} at (8,8) size 784x584
      RenderBlock (anonymous) at (0,0) size 784x0
        RenderInline {NOBR} at (0,0) size 0x0
          RenderText {#text} at (0,0) size 0x0
      RenderBlock (anonymous) at (0,0) size 784x276
        RenderTable {TABLE} at (0,0) size 55x276 [border: (1px outset #808080)]
          RenderTableSection {TBODY} at (1,1) size 53x274
            RenderTableRow {TR} at (0,2) size 53x270
              RenderTableCell {TD} at (2,2) size 49x270 [border: (1px inset #808080)] [r=0 c=0 rs=1 cs=1]
                RenderText {#text} at (2,2) size 45x266
                  text run at (2,2) width 40: "This is a"
                  text run at (2,16) width 39: "test case"
                  text run at (2,30) width 14: "for"
                  text run at (2,44) width 45: "3190580."
                  text run at (2,58) width 24: "Even"
                  text run at (2,72) width 33: "though"
                  text run at (2,86) width 42: "this table"
                  text run at (2,100) width 8: "is"
                  text run at (2,114) width 41: "enclosed"
                  text run at (2,128) width 42: "in a nobr"
                  text run at (2,142) width 37: "tag, this"
                  text run at (2,156) width 17: "text"
                  text run at (2,170) width 32: "should"
                  text run at (2,184) width 24: "wrap"
                  text run at (2,198) width 40: "anyway."
                  text run at (2,212) width 43: "The table"
                  text run at (2,226) width 32: "is only"
                  text run at (2,240) width 43: "50 pixels"
                  text run at (2,254) width 26: "wide."
      RenderBlock (anonymous) at (0,276) size 784x0
        RenderInline {NOBR} at (0,0) size 0x0
        RenderText {#text} at (0,0) size 0x0
