layer at (0,0) size 800x2304
  RenderView at (0,0) size 800x600
layer at (0,0) size 800x2304
  RenderBlock {HTML} at (0,0) size 800x2304
    RenderBody {BODY} at (8,8) size 784x2288
      RenderTable {TABLE} at (0,0) size 418x112 [border: (2px outset #808080)]
        RenderTableSection {TBODY} at (2,2) size 414x108
          RenderTableRow {TR} at (0,2) size 414x104
            RenderTableCell {TD} at (308,2) size 104x104 [border: (1px inset #808080)] [r=0 c=1 rs=1 cs=1]
              RenderBlock {DIV} at (2,2) size 100x100 [bgcolor=#800080]
      RenderBlock (anonymous) at (0,112) size 784x28
        RenderBR {BR} at (0,0) size 0x14
        RenderBR {BR} at (0,14) size 0x14
      RenderTable {TABLE} at (0,140) size 718x112 [border: (2px outset #808080)]
        RenderTableSection {TBODY} at (2,2) size 714x108
          RenderTableRow {TR} at (0,2) size 714x104
            RenderTableCell {TD} at (608,2) size 104x104 [border: (1px inset #808080)] [r=0 c=1 rs=1 cs=1]
              RenderBlock {DIV} at (2,2) size 100x100 [bgcolor=#800080]
      RenderBlock (anonymous) at (0,252) size 784x28
        RenderBR {BR} at (0,0) size 0x14
        RenderBR {BR} at (0,14) size 0x14
      RenderTable {TABLE} at (0,280) size 718x112 [border: (2px outset #808080)]
        RenderTableSection {TBODY} at (2,2) size 714x108
          RenderTableRow {TR} at (0,2) size 714x104
            RenderTableCell {TD} at (608,2) size 104x104 [border: (1px inset #808080)] [r=0 c=1 rs=1 cs=1]
              RenderBlock {DIV} at (2,2) size 100x100 [bgcolor=#800080]
      RenderBlock (anonymous) at (0,392) size 784x28
        RenderBR {BR} at (0,0) size 0x14
        RenderBR {BR} at (0,14) size 0x14
      RenderTable {TABLE} at (0,420) size 418x112 [border: (2px outset #808080)]
        RenderTableSection {TBODY} at (2,2) size 414x108
          RenderTableRow {TR} at (0,2) size 414x104
            RenderTableCell {TD} at (308,2) size 104x104 [border: (1px inset #808080)] [r=0 c=1 rs=1 cs=1]
              RenderBlock {DIV} at (2,2) size 100x100 [bgcolor=#800080]
      RenderBlock (anonymous) at (0,532) size 784x28
        RenderBR {BR} at (0,0) size 0x14
        RenderBR {BR} at (0,14) size 0x14
      RenderTable {TABLE} at (0,560) size 418x112 [border: (2px outset #808080)]
        RenderTableSection {TBODY} at (2,2) size 414x108
          RenderTableRow {TR} at (0,2) size 414x104
            RenderTableCell {TD} at (2,2) size 104x104 [border: (1px inset #808080)] [r=0 c=0 rs=1 cs=1]
              RenderBlock {DIV} at (2,2) size 100x100 [bgcolor=#800080]
      RenderBlock (anonymous) at (0,672) size 784x28
        RenderBR {BR} at (0,0) size 0x14
        RenderBR {BR} at (0,14) size 0x14
      RenderTable {TABLE} at (0,700) size 618x218 [border: (2px outset #808080)]
        RenderTableSection {TBODY} at (2,2) size 614x214
          RenderTableRow {TR} at (0,2) size 614x104
            RenderTableCell {TD} at (308,2) size 304x104 [border: (1px inset #808080)] [r=0 c=1 rs=1 cs=1]
              RenderBlock {DIV} at (2,2) size 300x100 [bgcolor=#800080]
          RenderTableRow {TR} at (0,108) size 614x104
            RenderTableCell {TD} at (2,108) size 304x104 [border: (1px inset #808080)] [r=1 c=0 rs=1 cs=1]
              RenderBlock {DIV} at (2,2) size 300x100 [bgcolor=#800080]
      RenderBlock (anonymous) at (0,918) size 784x28
        RenderBR {BR} at (0,0) size 0x14
        RenderBR {BR} at (0,14) size 0x14
      RenderTable {TABLE} at (0,946) size 718x112 [border: (2px outset #808080)]
        RenderTableSection {TBODY} at (2,2) size 714x108
          RenderTableRow {TR} at (0,2) size 714x104
            RenderTableCell {TD} at (608,2) size 104x104 [border: (1px inset #808080)] [r=0 c=1 rs=1 cs=1]
              RenderBlock {DIV} at (2,2) size 100x100 [bgcolor=#800080]
      RenderBlock (anonymous) at (0,1058) size 784x28
        RenderBR {BR} at (0,0) size 0x14
        RenderBR {BR} at (0,14) size 0x14
      RenderTable {TABLE} at (0,1086) size 718x112 [border: (2px outset #808080)]
        RenderTableSection {TBODY} at (2,2) size 714x108
          RenderTableRow {TR} at (0,2) size 714x104
            RenderTableCell {TD} at (608,2) size 104x104 [border: (1px inset #808080)] [r=0 c=1 rs=1 cs=1]
              RenderBlock {DIV} at (2,2) size 100x100 [bgcolor=#800080]
      RenderBlock (anonymous) at (0,1198) size 784x28
        RenderBR {BR} at (0,0) size 0x14
        RenderBR {BR} at (0,14) size 0x14
      RenderTable {TABLE} at (0,1226) size 718x112 [border: (2px outset #808080)]
        RenderTableSection {TBODY} at (2,2) size 714x108
          RenderTableRow {TR} at (0,2) size 714x104
            RenderTableCell {TD} at (608,2) size 104x104 [border: (1px inset #808080)] [r=0 c=1 rs=1 cs=1]
              RenderBlock {DIV} at (2,2) size 100x100 [bgcolor=#800080]
      RenderBlock (anonymous) at (0,1338) size 784x28
        RenderBR {BR} at (0,0) size 0x14
        RenderBR {BR} at (0,14) size 0x14
      RenderTable {DIV} at (0,1366) size 400x100
        RenderTableSection (anonymous) at (0,0) size 400x100
          RenderTableRow {DIV} at (0,0) size 400x100
            RenderTableCell {DIV} at (300,0) size 100x100 [r=0 c=1 rs=1 cs=1]
              RenderBlock {DIV} at (0,0) size 100x100 [bgcolor=#800080]
      RenderBlock (anonymous) at (0,1466) size 784x28
        RenderBR {BR} at (0,0) size 0x14
        RenderBR {BR} at (0,14) size 0x14
      RenderTable {DIV} at (0,1494) size 400x100
        RenderTableSection (anonymous) at (0,0) size 400x100
          RenderTableRow {DIV} at (0,0) size 400x100
            RenderTableCell {DIV} at (300,0) size 100x100 [r=0 c=1 rs=1 cs=1]
              RenderBlock {DIV} at (0,0) size 100x100 [bgcolor=#800080]
      RenderBlock (anonymous) at (0,1594) size 784x28
        RenderBR {BR} at (0,0) size 0x14
        RenderBR {BR} at (0,14) size 0x14
      RenderTable {TABLE} at (0,1622) size 715x112 [border: (2px outset #808080)]
        RenderTableSection {TBODY} at (2,2) size 710x107
          RenderTableRow {TR} at (0,0) size 710x107
            RenderTableCell {TD} at (605,0) size 105x107 [border: (3px inset #808080)] [r=0 c=1 rs=1 cs=1]
              RenderBlock {DIV} at (2,4) size 100x100 [bgcolor=#800080]
      RenderBlock (anonymous) at (0,1734) size 784x28
        RenderBR {BR} at (0,0) size 0x14
        RenderBR {BR} at (0,14) size 0x14
      RenderTable {TABLE} at (0,1762) size 715x112 [border: (2px outset #808080)]
        RenderTableSection {TBODY} at (2,2) size 710x107
          RenderTableRow {TR} at (0,0) size 710x107
            RenderTableCell {TD} at (605,0) size 105x107 [border: (3px inset #808080)] [r=0 c=1 rs=1 cs=1]
              RenderBlock {DIV} at (2,4) size 100x100 [bgcolor=#800080]
      RenderBlock (anonymous) at (0,1874) size 784x28
        RenderBR {BR} at (0,0) size 0x14
        RenderBR {BR} at (0,14) size 0x14
      RenderTable {TABLE} at (0,1902) size 418x112 [border: (2px outset #808080)]
        RenderTableSection {TBODY} at (2,2) size 414x108
          RenderTableRow {TR} at (0,2) size 414x104
            RenderTableCell {TD} at (308,2) size 104x104 [border: (1px inset #808080)] [r=0 c=1 rs=1 cs=1]
              RenderBlock {DIV} at (2,2) size 100x100 [bgcolor=#800080]
      RenderBlock (anonymous) at (0,2014) size 784x28
        RenderBR {BR} at (0,0) size 0x14
        RenderBR {BR} at (0,14) size 0x14
      RenderTable {TABLE} at (0,2042) size 418x112 [border: (2px outset #808080)]
        RenderTableSection {TBODY} at (2,2) size 414x108
          RenderTableRow {TR} at (0,2) size 414x104
            RenderTableCell {TD} at (308,2) size 104x104 [border: (1px inset #808080)] [r=0 c=1 rs=1 cs=1]
              RenderBlock {DIV} at (2,2) size 100x100 [bgcolor=#800080]
      RenderBlock (anonymous) at (0,2154) size 784x28
        RenderBR {BR} at (0,0) size 0x14
        RenderBR {BR} at (0,14) size 0x14
      RenderTable {TABLE} at (0,2182) size 470x106
        RenderTableSection {TBODY} at (0,0) size 470x106
          RenderTableRow {TR} at (0,2) size 470x102
            RenderTableCell {TD} at (366,2) size 102x102 [r=0 c=1 rs=1 cs=1]
              RenderBlock {DIV} at (1,1) size 100x100 [bgcolor=#800080]
layer at (12,12) size 304x104 clip at (13,13) size 302x102
  RenderTableCell {TD} at (2,52) size 304x4 [bgcolor=#808080] [border: (1px inset #808080)] [r=0 c=0 rs=1 cs=1]
layer at (12,152) size 604x104 clip at (13,153) size 602x102
  RenderTableCell {TD} at (2,45) size 604x18 [bgcolor=#808080] [border: (1px inset #808080)] [r=0 c=0 rs=1 cs=1]
layer at (12,432) size 304x104 clip at (13,433) size 302x102 scrollWidth 601
  RenderTableCell {TD} at (2,52) size 304x4 [bgcolor=#808080] [border: (1px inset #808080)] [r=0 c=0 rs=1 cs=1]
    RenderBlock {DIV} at (2,-18) size 300x14 [bgcolor=#00FF00]
      RenderBlock {DIV} at (0,0) size 600x14 [bgcolor=#008000]
        RenderText {#text} at (0,0) size 20x14
          text run at (0,0) width 20: "Test"
layer at (118,572) size 304x104 clip at (119,573) size 302x102 scrollWidth 601
  RenderTableCell {TD} at (108,52) size 304x4 [bgcolor=#808080] [border: (1px inset #808080)] [r=0 c=1 rs=1 cs=1]
    RenderBlock {DIV} at (2,-18) size 300x14 [bgcolor=#00FF00]
      RenderBlock {DIV} at (0,0) size 600x14 [bgcolor=#008000]
        RenderText {#text} at (0,0) size 61x14
          text run at (0,0) width 61: "Reverse Test"
layer at (12,712) size 304x104 clip at (13,713) size 302x102 scrollWidth 601
  RenderTableCell {TD} at (2,52) size 304x4 [bgcolor=#808080] [border: (1px inset #808080)] [r=0 c=0 rs=1 cs=1]
    RenderBlock {DIV} at (2,-18) size 300x14 [bgcolor=#00FF00]
      RenderBlock {DIV} at (0,0) size 600x14 [bgcolor=#008000]
        RenderText {#text} at (0,0) size 60x14
          text run at (0,0) width 60: "Stacked Test"
layer at (318,818) size 304x104 clip at (319,819) size 302x102 scrollWidth 601
  RenderTableCell {TD} at (308,158) size 304x4 [bgcolor=#808080] [border: (1px inset #808080)] [r=1 c=1 rs=1 cs=1]
    RenderBlock {DIV} at (2,-18) size 300x14 [bgcolor=#00FF00]
      RenderBlock {DIV} at (0,0) size 600x14 [bgcolor=#008000]
        RenderText {#text} at (0,0) size 38x14
          text run at (0,0) width 38: "Reverse"
layer at (12,958) size 604x104 clip at (13,959) size 602x102
  RenderTableCell {TD} at (2,45) size 604x18 [bgcolor=#808080] [border: (1px inset #808080)] [r=0 c=0 rs=1 cs=1]
layer at (8,1374) size 300x100 scrollWidth 600
  RenderTableCell {DIV} at (0,43) size 300x14 [r=0 c=0 rs=1 cs=1]
    RenderBlock {DIV} at (0,0) size 300x14
      RenderBlock {DIV} at (0,0) size 600x14 [bgcolor=#FFA500]
        RenderText {#text} at (0,0) size 105x14
          text run at (0,0) width 105: "With display:table-cell"
layer at (10,1632) size 605x107 clip at (13,1635) size 602x102
  RenderTableCell {TD} at (0,43) size 605x21 [bgcolor=#808080] [border: (3px inset #808080)] [r=0 c=0 rs=1 cs=1]
    RenderBlock {DIV} at (4,4) size 600x14 [bgcolor=#FFFF00]
      RenderText {#text} at (0,0) size 161x14
        text run at (0,0) width 161: "Test with border-collapse:collapse"
layer at (10,1772) size 605x107 clip at (13,1775) size 602x102
  RenderTableCell {TD} at (0,43) size 605x21 [border: (3px inset #808080)] [r=0 c=0 rs=1 cs=1]
    RenderBlock {DIV} at (4,4) size 600x14 [bgcolor=#FFFF00]
      RenderText {#text} at (0,0) size 203x14
        text run at (0,0) width 203: "Test with border-collapse:collapse no color"
layer at (12,1914) size 304x104 clip at (13,1915) size 302x102 scrollWidth 601
  RenderTableCell {TD} at (2,52) size 304x4 [bgcolor=#808080] [border: (1px inset #808080)] [r=0 c=0 rs=1 cs=1]
    RenderBlock {DIV} at (2,-18) size 300x14 [bgcolor=#00FF00]
      RenderBlock {DIV} at (0,0) size 600x14 [bgcolor=#008000]
        RenderText {#text} at (0,0) size 113x14
          text run at (0,0) width 113: "Test with overflow:auto"
layer at (12,2054) size 304x104 clip at (13,2055) size 302x102 scrollWidth 601
  RenderTableCell {TD} at (2,52) size 304x4 [bgcolor=#808080] [border: (1px inset #808080)] [r=0 c=0 rs=1 cs=1]
    RenderBlock {DIV} at (2,-18) size 300x14 [bgcolor=#00FF00]
      RenderBlock {DIV} at (0,0) size 600x14 [bgcolor=#008000]
        RenderText {#text} at (0,0) size 119x14
          text run at (0,0) width 119: "Test with overflow:scroll"
layer at (10,2192) size 362x102 clip at (40,2222) size 302x42 scrollWidth 601
  RenderTableCell {TD} at (2,15) size 362x76 [bgcolor=#808080] [border: (30px solid #000000)] [r=0 c=0 rs=1 cs=1]
    RenderBlock {DIV} at (31,31) size 300x14 [bgcolor=#00FF00]
      RenderBlock {DIV} at (0,0) size 600x14 [bgcolor=#008000]
        RenderText {#text} at (0,0) size 113x14
          text run at (0,0) width 113: "Test with overflow:auto"
layer at (14,90) size 600x14
  RenderBlock (positioned) {DIV} at (14,90) size 600x14 [bgcolor=#00FFFF]
    RenderText {#text} at (0,0) size 157x14
      text run at (0,0) width 157: "With absolute positioning on div."
layer at (14,197) size 600x14
  RenderBlock {DIV} at (2,2) size 600x14 [bgcolor=#00FFFF]
    RenderText {#text} at (0,0) size 96x14
      text run at (0,0) width 96: "With opacity on div."
layer at (12,292) size 604x104 clip at (13,293) size 602x102
  RenderTableCell {TD} at (2,45) size 604x18 [bgcolor=#808080] [border: (1px inset #808080)] [r=0 c=0 rs=1 cs=1]
    RenderBlock {DIV} at (2,2) size 600x14 [bgcolor=#00FFFF]
      RenderText {#text} at (0,0) size 97x14
        text run at (0,0) width 97: "With opacity on cell."
layer at (14,1003) size 600x14
  RenderBlock (relative positioned) {DIV} at (2,2) size 600x14 [bgcolor=#FFA500]
    RenderText {#text} at (0,0) size 152x14
      text run at (0,0) width 152: "With relative positioning on div."
layer at (12,1098) size 604x104 clip at (13,1099) size 602x102
  RenderTableCell {TD} at (2,45) size 604x18 [bgcolor=#808080] [border: (1px inset #808080)] [r=0 c=0 rs=1 cs=1]
    RenderBlock {DIV} at (2,2) size 600x14 [bgcolor=#FFC0CB]
      RenderText {#text} at (0,0) size 153x14
        text run at (0,0) width 153: "With relative positioning on cell."
layer at (112,1238) size 604x104 clip at (113,1239) size 602x102
  RenderTableCell {TD} at (2,45) size 604x18 [bgcolor=#808080] [border: (1px inset #808080)] [r=0 c=0 rs=1 cs=1]
    RenderBlock {DIV} at (2,2) size 600x14 [bgcolor=#FFC0CB]
      RenderText {#text} at (0,0) size 217x14
        text run at (0,0) width 217: "With relative positioning and an offset on cell."
layer at (108,1502) size 300x100 scrollWidth 600
  RenderTableCell {DIV} at (0,43) size 300x14 [r=0 c=0 rs=1 cs=1]
    RenderBlock {DIV} at (0,0) size 300x14
      RenderBlock {DIV} at (0,0) size 600x14 [bgcolor=#FFA500]
        RenderText {#text} at (0,0) size 208x14
          text run at (0,0) width 208: "With display:table-cell + relative positioning"
