layer at (0,0) size 800x1117
  RenderView at (0,0) size 800x600
layer at (0,0) size 800x1117
  RenderBlock {HTML} at (0,0) size 800x1117
    RenderBody {BODY} at (8,8) size 784x1101
      RenderBlock {P} at (0,0) size 784x14
        RenderText {#text} at (0,0) size 40x14
          text run at (0,0) width 40: "Test for "
        RenderInline {I} at (0,0) size 612x14
          RenderInline {A} at (0,0) size 231x14 [color=#0000EE]
            RenderText {#text} at (40,0) size 231x14
              text run at (40,0) width 231: "https://bugs.webkit.org/show_bug.cgi?id=19519"
          RenderText {#text} at (271,0) size 381x14
            text run at (271,0) width 381: " DOM modification causes stack exhaustion (BUTTON OBJECT COLGROUP)"
        RenderText {#text} at (652,0) size 3x14
          text run at (652,0) width 3: "."
      RenderBlock {PRE} at (0,26) size 784x11
        RenderText {#text} at (0,0) size 186x11
          text run at (0,0) width 186: "Prepending block to table-cell:"
      RenderBlock {DIV} at (0,47) size 784x0
        RenderBlock {DIV} at (0,0) size 784x0
        RenderTable at (0,0) size 1x0
          RenderTableSection (anonymous) at (0,0) size 1x0
            RenderTableRow (anonymous) at (0,0) size 1x0
              RenderTableCell {DIV} at (0,0) size 0x0 [r=0 c=0 rs=1 cs=1]
      RenderBlock {DIV} at (0,47) size 784x0
        RenderBlock {DIV} at (0,0) size 784x0
        RenderTable at (0,0) size 1x0
          RenderTableSection (anonymous) at (0,0) size 1x0
            RenderTableRow (anonymous) at (0,0) size 1x0
              RenderTableCell {DIV} at (0,0) size 0x0 [r=0 c=0 rs=1 cs=1]
      RenderBlock {PRE} at (0,57) size 784x11
        RenderText {#text} at (0,0) size 192x11
          text run at (0,0) width 192: "Prepending inline to table-cell:"
      RenderBlock {DIV} at (0,78) size 784x0
        RenderBlock (anonymous) at (0,0) size 784x0
          RenderInline {DIV} at (0,0) size 0x0
        RenderTable at (0,0) size 1x0
          RenderTableSection (anonymous) at (0,0) size 1x0
            RenderTableRow (anonymous) at (0,0) size 1x0
              RenderTableCell {DIV} at (0,0) size 0x0 [r=0 c=0 rs=1 cs=1]
      RenderBlock {DIV} at (0,78) size 784x0
        RenderBlock (anonymous) at (0,0) size 784x0
          RenderInline {DIV} at (0,0) size 0x0
        RenderTable at (0,0) size 1x0
          RenderTableSection (anonymous) at (0,0) size 1x0
            RenderTableRow (anonymous) at (0,0) size 1x0
              RenderTableCell {DIV} at (0,0) size 0x0 [r=0 c=0 rs=1 cs=1]
      RenderBlock {PRE} at (0,88) size 784x11
        RenderText {#text} at (0,0) size 216x11
          text run at (0,0) width 216: "Prepending table-cell to table-cell:"
      RenderBlock {DIV} at (0,109) size 784x0
        RenderTable at (0,0) size 2x0
          RenderTableSection (anonymous) at (0,0) size 2x0
            RenderTableRow (anonymous) at (0,0) size 2x0
              RenderTableCell {DIV} at (0,0) size 0x0 [r=0 c=0 rs=1 cs=1]
              RenderTableCell {DIV} at (0,0) size 0x0 [r=0 c=1 rs=1 cs=1]
      RenderBlock {DIV} at (0,109) size 784x0
        RenderTable at (0,0) size 2x0
          RenderTableSection (anonymous) at (0,0) size 2x0
            RenderTableRow (anonymous) at (0,0) size 2x0
              RenderTableCell {DIV} at (0,0) size 0x0 [r=0 c=0 rs=1 cs=1]
              RenderTableCell {DIV} at (0,0) size 0x0 [r=0 c=1 rs=1 cs=1]
      RenderBlock {PRE} at (0,119) size 784x11
        RenderText {#text} at (0,0) size 210x11
          text run at (0,0) width 210: "Prepending table-row to table-cell:"
      RenderBlock {DIV} at (0,140) size 784x0
        RenderTable at (0,0) size 1x0
          RenderTableSection (anonymous) at (0,0) size 1x0
            RenderTableRow {DIV} at (0,0) size 1x0
            RenderTableRow (anonymous) at (0,0) size 1x0
              RenderTableCell {DIV} at (0,0) size 0x0 [r=1 c=0 rs=1 cs=1]
      RenderBlock {DIV} at (0,140) size 784x0
        RenderTable at (0,0) size 1x0
          RenderTableSection (anonymous) at (0,0) size 1x0
            RenderTableRow {DIV} at (0,0) size 1x0
            RenderTableRow (anonymous) at (0,0) size 1x0
              RenderTableCell {DIV} at (0,0) size 0x0 [r=1 c=0 rs=1 cs=1]
      RenderBlock {PRE} at (0,150) size 784x11
        RenderText {#text} at (0,0) size 246x11
          text run at (0,0) width 246: "Prepending table-row-group to table-cell:"
      RenderBlock {DIV} at (0,171) size 784x0
        RenderTable at (0,0) size 1x0
          RenderTableSection {DIV} at (0,0) size 1x0
          RenderTableSection (anonymous) at (0,0) size 1x0
            RenderTableRow (anonymous) at (0,0) size 1x0
              RenderTableCell {DIV} at (0,0) size 0x0 [r=0 c=0 rs=1 cs=1]
      RenderBlock {DIV} at (0,171) size 784x0
        RenderTable at (0,0) size 1x0
          RenderTableSection {DIV} at (0,0) size 1x0
          RenderTableSection (anonymous) at (0,0) size 1x0
            RenderTableRow (anonymous) at (0,0) size 1x0
              RenderTableCell {DIV} at (0,0) size 0x0 [r=0 c=0 rs=1 cs=1]
      RenderBlock {PRE} at (0,181) size 784x11
        RenderText {#text} at (0,0) size 264x11
          text run at (0,0) width 264: "Prepending table-column-group to table-cell:"
      RenderBlock {DIV} at (0,202) size 784x0
        RenderTable at (0,0) size 1x0
          RenderTableCol {DIV} at (0,0) size 0x0
          RenderTableSection (anonymous) at (0,0) size 1x0
            RenderTableRow (anonymous) at (0,0) size 1x0
              RenderTableCell {DIV} at (0,0) size 0x0 [r=0 c=0 rs=1 cs=1]
      RenderBlock {DIV} at (0,202) size 784x0
        RenderTable at (0,0) size 1x0
          RenderTableCol {DIV} at (0,0) size 0x0
          RenderTableSection (anonymous) at (0,0) size 1x0
            RenderTableRow (anonymous) at (0,0) size 1x0
              RenderTableCell {DIV} at (0,0) size 0x0 [r=0 c=0 rs=1 cs=1]
      RenderBlock {PRE} at (0,212) size 784x11
        RenderText {#text} at (0,0) size 234x11
          text run at (0,0) width 234: "Prepending table-caption to table-cell:"
      RenderBlock {DIV} at (0,233) size 784x0
        RenderTable at (0,0) size 1x0
          RenderBlock {DIV} at (0,0) size 1x0
          RenderTableSection (anonymous) at (0,0) size 1x0
            RenderTableRow (anonymous) at (0,0) size 1x0
              RenderTableCell {DIV} at (0,0) size 0x0 [r=0 c=0 rs=1 cs=1]
      RenderBlock {DIV} at (0,233) size 784x0
        RenderTable at (0,0) size 1x0
          RenderBlock {DIV} at (0,0) size 1x0
          RenderTableSection (anonymous) at (0,0) size 1x0
            RenderTableRow (anonymous) at (0,0) size 1x0
              RenderTableCell {DIV} at (0,0) size 0x0 [r=0 c=0 rs=1 cs=1]
      RenderBlock {PRE} at (0,243) size 784x11
        RenderText {#text} at (0,0) size 180x11
          text run at (0,0) width 180: "Prepending block to table-row:"
      RenderBlock {DIV} at (0,264) size 784x0
        RenderBlock {DIV} at (0,0) size 784x0
        RenderTable at (0,0) size 0x0
          RenderTableSection (anonymous) at (0,0) size 0x0
            RenderTableRow {DIV} at (0,0) size 0x0
      RenderBlock {DIV} at (0,264) size 784x0
        RenderBlock {DIV} at (0,0) size 784x0
        RenderTable at (0,0) size 0x0
          RenderTableSection (anonymous) at (0,0) size 0x0
            RenderTableRow {DIV} at (0,0) size 0x0
      RenderBlock {PRE} at (0,274) size 784x11
        RenderText {#text} at (0,0) size 186x11
          text run at (0,0) width 186: "Prepending inline to table-row:"
      RenderBlock {DIV} at (0,295) size 784x0
        RenderBlock (anonymous) at (0,0) size 784x0
          RenderInline {DIV} at (0,0) size 0x0
        RenderTable at (0,0) size 0x0
          RenderTableSection (anonymous) at (0,0) size 0x0
            RenderTableRow {DIV} at (0,0) size 0x0
      RenderBlock {DIV} at (0,295) size 784x0
        RenderBlock (anonymous) at (0,0) size 784x0
          RenderInline {DIV} at (0,0) size 0x0
        RenderTable at (0,0) size 0x0
          RenderTableSection (anonymous) at (0,0) size 0x0
            RenderTableRow {DIV} at (0,0) size 0x0
      RenderBlock {PRE} at (0,305) size 784x11
        RenderText {#text} at (0,0) size 210x11
          text run at (0,0) width 210: "Prepending table-cell to table-row:"
      RenderBlock {DIV} at (0,326) size 784x0
        RenderTable at (0,0) size 1x0
          RenderTableSection (anonymous) at (0,0) size 1x0
            RenderTableRow (anonymous) at (0,0) size 1x0
              RenderTableCell {DIV} at (0,0) size 0x0 [r=0 c=0 rs=1 cs=1]
            RenderTableRow {DIV} at (0,0) size 1x0
      RenderBlock {DIV} at (0,326) size 784x0
        RenderTable at (0,0) size 1x0
          RenderTableSection (anonymous) at (0,0) size 1x0
            RenderTableRow (anonymous) at (0,0) size 1x0
              RenderTableCell {DIV} at (0,0) size 0x0 [r=0 c=0 rs=1 cs=1]
            RenderTableRow {DIV} at (0,0) size 1x0
      RenderBlock {PRE} at (0,336) size 784x11
        RenderText {#text} at (0,0) size 204x11
          text run at (0,0) width 204: "Prepending table-row to table-row:"
      RenderBlock {DIV} at (0,357) size 784x0
        RenderTable at (0,0) size 0x0
          RenderTableSection (anonymous) at (0,0) size 0x0
            RenderTableRow {DIV} at (0,0) size 0x0
            RenderTableRow {DIV} at (0,0) size 0x0
      RenderBlock {DIV} at (0,357) size 784x0
        RenderTable at (0,0) size 0x0
          RenderTableSection (anonymous) at (0,0) size 0x0
            RenderTableRow {DIV} at (0,0) size 0x0
            RenderTableRow {DIV} at (0,0) size 0x0
      RenderBlock {PRE} at (0,367) size 784x11
        RenderText {#text} at (0,0) size 240x11
          text run at (0,0) width 240: "Prepending table-row-group to table-row:"
      RenderBlock {DIV} at (0,388) size 784x0
        RenderTable at (0,0) size 0x0
          RenderTableSection {DIV} at (0,0) size 0x0
          RenderTableSection (anonymous) at (0,0) size 0x0
            RenderTableRow {DIV} at (0,0) size 0x0
      RenderBlock {DIV} at (0,388) size 784x0
        RenderTable at (0,0) size 0x0
          RenderTableSection {DIV} at (0,0) size 0x0
          RenderTableSection (anonymous) at (0,0) size 0x0
            RenderTableRow {DIV} at (0,0) size 0x0
      RenderBlock {PRE} at (0,398) size 784x11
        RenderText {#text} at (0,0) size 258x11
          text run at (0,0) width 258: "Prepending table-column-group to table-row:"
      RenderBlock {DIV} at (0,419) size 784x0
        RenderTable at (0,0) size 0x0
          RenderTableCol {DIV} at (0,0) size 0x0
          RenderTableSection (anonymous) at (0,0) size 0x0
            RenderTableRow {DIV} at (0,0) size 0x0
      RenderBlock {DIV} at (0,419) size 784x0
        RenderTable at (0,0) size 0x0
          RenderTableCol {DIV} at (0,0) size 0x0
          RenderTableSection (anonymous) at (0,0) size 0x0
            RenderTableRow {DIV} at (0,0) size 0x0
      RenderBlock {PRE} at (0,429) size 784x11
        RenderText {#text} at (0,0) size 228x11
          text run at (0,0) width 228: "Prepending table-caption to table-row:"
      RenderBlock {DIV} at (0,450) size 784x0
        RenderTable at (0,0) size 0x0
          RenderBlock {DIV} at (0,0) size 0x0
          RenderTableSection (anonymous) at (0,0) size 0x0
            RenderTableRow {DIV} at (0,0) size 0x0
      RenderBlock {DIV} at (0,450) size 784x0
        RenderTable at (0,0) size 0x0
          RenderBlock {DIV} at (0,0) size 0x0
          RenderTableSection (anonymous) at (0,0) size 0x0
            RenderTableRow {DIV} at (0,0) size 0x0
      RenderBlock {PRE} at (0,460) size 784x11
        RenderText {#text} at (0,0) size 216x11
          text run at (0,0) width 216: "Prepending block to table-row-group:"
      RenderBlock {DIV} at (0,481) size 784x0
        RenderBlock {DIV} at (0,0) size 784x0
        RenderTable at (0,0) size 0x0
          RenderTableSection {DIV} at (0,0) size 0x0
      RenderBlock {DIV} at (0,481) size 784x0
        RenderBlock {DIV} at (0,0) size 784x0
        RenderTable at (0,0) size 0x0
          RenderTableSection {DIV} at (0,0) size 0x0
      RenderBlock {PRE} at (0,491) size 784x11
        RenderText {#text} at (0,0) size 222x11
          text run at (0,0) width 222: "Prepending inline to table-row-group:"
      RenderBlock {DIV} at (0,512) size 784x0
        RenderBlock (anonymous) at (0,0) size 784x0
          RenderInline {DIV} at (0,0) size 0x0
        RenderTable at (0,0) size 0x0
          RenderTableSection {DIV} at (0,0) size 0x0
      RenderBlock {DIV} at (0,512) size 784x0
        RenderBlock (anonymous) at (0,0) size 784x0
          RenderInline {DIV} at (0,0) size 0x0
        RenderTable at (0,0) size 0x0
          RenderTableSection {DIV} at (0,0) size 0x0
      RenderBlock {PRE} at (0,522) size 784x11
        RenderText {#text} at (0,0) size 246x11
          text run at (0,0) width 246: "Prepending table-cell to table-row-group:"
      RenderBlock {DIV} at (0,543) size 784x0
        RenderTable at (0,0) size 1x0
          RenderTableSection (anonymous) at (0,0) size 1x0
            RenderTableRow (anonymous) at (0,0) size 1x0
              RenderTableCell {DIV} at (0,0) size 0x0 [r=0 c=0 rs=1 cs=1]
          RenderTableSection {DIV} at (0,0) size 1x0
      RenderBlock {DIV} at (0,543) size 784x0
        RenderTable at (0,0) size 1x0
          RenderTableSection (anonymous) at (0,0) size 1x0
            RenderTableRow (anonymous) at (0,0) size 1x0
              RenderTableCell {DIV} at (0,0) size 0x0 [r=0 c=0 rs=1 cs=1]
          RenderTableSection {DIV} at (0,0) size 1x0
      RenderBlock {PRE} at (0,553) size 784x11
        RenderText {#text} at (0,0) size 240x11
          text run at (0,0) width 240: "Prepending table-row to table-row-group:"
      RenderBlock {DIV} at (0,574) size 784x0
        RenderTable at (0,0) size 0x0
          RenderTableSection (anonymous) at (0,0) size 0x0
            RenderTableRow {DIV} at (0,0) size 0x0
          RenderTableSection {DIV} at (0,0) size 0x0
      RenderBlock {DIV} at (0,574) size 784x0
        RenderTable at (0,0) size 0x0
          RenderTableSection (anonymous) at (0,0) size 0x0
            RenderTableRow {DIV} at (0,0) size 0x0
          RenderTableSection {DIV} at (0,0) size 0x0
      RenderBlock {PRE} at (0,584) size 784x11
        RenderText {#text} at (0,0) size 276x11
          text run at (0,0) width 276: "Prepending table-row-group to table-row-group:"
      RenderBlock {DIV} at (0,605) size 784x0
        RenderTable at (0,0) size 0x0
          RenderTableSection {DIV} at (0,0) size 0x0
          RenderTableSection {DIV} at (0,0) size 0x0
      RenderBlock {DIV} at (0,605) size 784x0
        RenderTable at (0,0) size 0x0
          RenderTableSection {DIV} at (0,0) size 0x0
          RenderTableSection {DIV} at (0,0) size 0x0
      RenderBlock {PRE} at (0,615) size 784x11
        RenderText {#text} at (0,0) size 294x11
          text run at (0,0) width 294: "Prepending table-column-group to table-row-group:"
      RenderBlock {DIV} at (0,636) size 784x0
        RenderTable at (0,0) size 0x0
          RenderTableCol {DIV} at (0,0) size 0x0
          RenderTableSection {DIV} at (0,0) size 0x0
      RenderBlock {DIV} at (0,636) size 784x0
        RenderTable at (0,0) size 0x0
          RenderTableCol {DIV} at (0,0) size 0x0
          RenderTableSection {DIV} at (0,0) size 0x0
      RenderBlock {PRE} at (0,646) size 784x11
        RenderText {#text} at (0,0) size 264x11
          text run at (0,0) width 264: "Prepending table-caption to table-row-group:"
      RenderBlock {DIV} at (0,667) size 784x0
        RenderTable at (0,0) size 0x0
          RenderBlock {DIV} at (0,0) size 0x0
          RenderTableSection {DIV} at (0,0) size 0x0
      RenderBlock {DIV} at (0,667) size 784x0
        RenderTable at (0,0) size 0x0
          RenderBlock {DIV} at (0,0) size 0x0
          RenderTableSection {DIV} at (0,0) size 0x0
      RenderBlock {PRE} at (0,677) size 784x11
        RenderText {#text} at (0,0) size 234x11
          text run at (0,0) width 234: "Prepending block to table-column-group:"
      RenderBlock {DIV} at (0,698) size 784x0
        RenderBlock {DIV} at (0,0) size 784x0
        RenderTable at (0,0) size 0x0
          RenderTableCol {DIV} at (0,0) size 0x0
      RenderBlock {DIV} at (0,698) size 784x0
        RenderBlock {DIV} at (0,0) size 784x0
        RenderTable at (0,0) size 0x0
          RenderTableCol {DIV} at (0,0) size 0x0
      RenderBlock {PRE} at (0,708) size 784x11
        RenderText {#text} at (0,0) size 240x11
          text run at (0,0) width 240: "Prepending inline to table-column-group:"
      RenderBlock {DIV} at (0,729) size 784x0
        RenderBlock (anonymous) at (0,0) size 784x0
          RenderInline {DIV} at (0,0) size 0x0
        RenderTable at (0,0) size 0x0
          RenderTableCol {DIV} at (0,0) size 0x0
      RenderBlock {DIV} at (0,729) size 784x0
        RenderBlock (anonymous) at (0,0) size 784x0
          RenderInline {DIV} at (0,0) size 0x0
        RenderTable at (0,0) size 0x0
          RenderTableCol {DIV} at (0,0) size 0x0
      RenderBlock {PRE} at (0,739) size 784x11
        RenderText {#text} at (0,0) size 264x11
          text run at (0,0) width 264: "Prepending table-cell to table-column-group:"
      RenderBlock {DIV} at (0,760) size 784x0
        RenderTable at (0,0) size 1x0
          RenderTableSection (anonymous) at (0,0) size 1x0
            RenderTableRow (anonymous) at (0,0) size 1x0
              RenderTableCell {DIV} at (0,0) size 0x0 [r=0 c=0 rs=1 cs=1]
          RenderTableCol {DIV} at (0,0) size 0x0
      RenderBlock {DIV} at (0,760) size 784x0
        RenderTable at (0,0) size 1x0
          RenderTableSection (anonymous) at (0,0) size 1x0
            RenderTableRow (anonymous) at (0,0) size 1x0
              RenderTableCell {DIV} at (0,0) size 0x0 [r=0 c=0 rs=1 cs=1]
          RenderTableCol {DIV} at (0,0) size 0x0
      RenderBlock {PRE} at (0,770) size 784x11
        RenderText {#text} at (0,0) size 258x11
          text run at (0,0) width 258: "Prepending table-row to table-column-group:"
      RenderBlock {DIV} at (0,791) size 784x0
        RenderTable at (0,0) size 0x0
          RenderTableSection (anonymous) at (0,0) size 0x0
            RenderTableRow {DIV} at (0,0) size 0x0
          RenderTableCol {DIV} at (0,0) size 0x0
      RenderBlock {DIV} at (0,791) size 784x0
        RenderTable at (0,0) size 0x0
          RenderTableSection (anonymous) at (0,0) size 0x0
            RenderTableRow {DIV} at (0,0) size 0x0
          RenderTableCol {DIV} at (0,0) size 0x0
      RenderBlock {PRE} at (0,801) size 784x11
        RenderText {#text} at (0,0) size 294x11
          text run at (0,0) width 294: "Prepending table-row-group to table-column-group:"
      RenderBlock {DIV} at (0,822) size 784x0
        RenderTable at (0,0) size 0x0
          RenderTableSection {DIV} at (0,0) size 0x0
          RenderTableCol {DIV} at (0,0) size 0x0
      RenderBlock {DIV} at (0,822) size 784x0
        RenderTable at (0,0) size 0x0
          RenderTableSection {DIV} at (0,0) size 0x0
          RenderTableCol {DIV} at (0,0) size 0x0
      RenderBlock {PRE} at (0,832) size 784x11
        RenderText {#text} at (0,0) size 312x11
          text run at (0,0) width 312: "Prepending table-column-group to table-column-group:"
      RenderBlock {DIV} at (0,853) size 784x0
        RenderTable at (0,0) size 0x0
          RenderTableCol {DIV} at (0,0) size 0x0
          RenderTableCol {DIV} at (0,0) size 0x0
      RenderBlock {DIV} at (0,853) size 784x0
        RenderTable at (0,0) size 0x0
          RenderTableCol {DIV} at (0,0) size 0x0
          RenderTableCol {DIV} at (0,0) size 0x0
      RenderBlock {PRE} at (0,863) size 784x11
        RenderText {#text} at (0,0) size 282x11
          text run at (0,0) width 282: "Prepending table-caption to table-column-group:"
      RenderBlock {DIV} at (0,884) size 784x0
        RenderTable at (0,0) size 0x0
          RenderBlock {DIV} at (0,0) size 0x0
          RenderTableCol {DIV} at (0,0) size 0x0
      RenderBlock {DIV} at (0,884) size 784x0
        RenderTable at (0,0) size 0x0
          RenderBlock {DIV} at (0,0) size 0x0
          RenderTableCol {DIV} at (0,0) size 0x0
      RenderBlock {PRE} at (0,894) size 784x11
        RenderText {#text} at (0,0) size 204x11
          text run at (0,0) width 204: "Prepending block to table-caption:"
      RenderBlock {DIV} at (0,915) size 784x0
        RenderBlock {DIV} at (0,0) size 784x0
        RenderTable at (0,0) size 0x0
          RenderBlock {DIV} at (0,0) size 0x0
      RenderBlock {DIV} at (0,915) size 784x0
        RenderBlock {DIV} at (0,0) size 784x0
        RenderTable at (0,0) size 0x0
          RenderBlock {DIV} at (0,0) size 0x0
      RenderBlock {PRE} at (0,925) size 784x11
        RenderText {#text} at (0,0) size 210x11
          text run at (0,0) width 210: "Prepending inline to table-caption:"
      RenderBlock {DIV} at (0,946) size 784x0
        RenderBlock (anonymous) at (0,0) size 784x0
          RenderInline {DIV} at (0,0) size 0x0
        RenderTable at (0,0) size 0x0
          RenderBlock {DIV} at (0,0) size 0x0
      RenderBlock {DIV} at (0,946) size 784x0
        RenderBlock (anonymous) at (0,0) size 784x0
          RenderInline {DIV} at (0,0) size 0x0
        RenderTable at (0,0) size 0x0
          RenderBlock {DIV} at (0,0) size 0x0
      RenderBlock {PRE} at (0,956) size 784x11
        RenderText {#text} at (0,0) size 234x11
          text run at (0,0) width 234: "Prepending table-cell to table-caption:"
      RenderBlock {DIV} at (0,977) size 784x0
        RenderTable at (0,0) size 1x0
          RenderTableSection (anonymous) at (0,0) size 1x0
            RenderTableRow (anonymous) at (0,0) size 1x0
              RenderTableCell {DIV} at (0,0) size 0x0 [r=0 c=0 rs=1 cs=1]
          RenderBlock {DIV} at (0,0) size 1x0
      RenderBlock {DIV} at (0,977) size 784x0
        RenderTable at (0,0) size 1x0
          RenderTableSection (anonymous) at (0,0) size 1x0
            RenderTableRow (anonymous) at (0,0) size 1x0
              RenderTableCell {DIV} at (0,0) size 0x0 [r=0 c=0 rs=1 cs=1]
          RenderBlock {DIV} at (0,0) size 1x0
      RenderBlock {PRE} at (0,987) size 784x11
        RenderText {#text} at (0,0) size 228x11
          text run at (0,0) width 228: "Prepending table-row to table-caption:"
      RenderBlock {DIV} at (0,1008) size 784x0
        RenderTable at (0,0) size 0x0
          RenderTableSection (anonymous) at (0,0) size 0x0
            RenderTableRow {DIV} at (0,0) size 0x0
          RenderBlock {DIV} at (0,0) size 0x0
      RenderBlock {DIV} at (0,1008) size 784x0
        RenderTable at (0,0) size 0x0
          RenderTableSection (anonymous) at (0,0) size 0x0
            RenderTableRow {DIV} at (0,0) size 0x0
          RenderBlock {DIV} at (0,0) size 0x0
      RenderBlock {PRE} at (0,1018) size 784x11
        RenderText {#text} at (0,0) size 264x11
          text run at (0,0) width 264: "Prepending table-row-group to table-caption:"
      RenderBlock {DIV} at (0,1039) size 784x0
        RenderTable at (0,0) size 0x0
          RenderTableSection {DIV} at (0,0) size 0x0
          RenderBlock {DIV} at (0,0) size 0x0
      RenderBlock {DIV} at (0,1039) size 784x0
        RenderTable at (0,0) size 0x0
          RenderTableSection {DIV} at (0,0) size 0x0
          RenderBlock {DIV} at (0,0) size 0x0
      RenderBlock {PRE} at (0,1049) size 784x11
        RenderText {#text} at (0,0) size 282x11
          text run at (0,0) width 282: "Prepending table-column-group to table-caption:"
      RenderBlock {DIV} at (0,1070) size 784x0
        RenderTable at (0,0) size 0x0
          RenderTableCol {DIV} at (0,0) size 0x0
          RenderBlock {DIV} at (0,0) size 0x0
      RenderBlock {DIV} at (0,1070) size 784x0
        RenderTable at (0,0) size 0x0
          RenderTableCol {DIV} at (0,0) size 0x0
          RenderBlock {DIV} at (0,0) size 0x0
      RenderBlock {PRE} at (0,1080) size 784x11
        RenderText {#text} at (0,0) size 252x11
          text run at (0,0) width 252: "Prepending table-caption to table-caption:"
      RenderBlock {DIV} at (0,1101) size 784x0
        RenderTable at (0,0) size 0x0
          RenderBlock {DIV} at (0,0) size 0x0
      RenderBlock {DIV} at (0,1101) size 784x0
        RenderTable at (0,0) size 0x0
          RenderBlock {DIV} at (0,0) size 0x0
