layer at (0,0) size 800x600
  RenderView at (0,0) size 800x600
layer at (0,0) size 800x600
  RenderBlock {HTML} at (0,0) size 800x600
    RenderBody {BODY} at (8,8) size 784x584
      RenderBlock {P} at (0,0) size 784x14
        RenderText {#text} at (0,0) size 228x14
          text run at (0,0) width 228: "Both rows should have the same width (725px)."
      RenderTable {TABLE} at (0,26) size 725x28
        RenderTableSection {TBODY} at (0,0) size 725x28
          RenderTableRow {TR} at (0,0) size 725x14
            RenderTableCell {TD} at (0,0) size 90x14 [bgcolor=#7CFC00] [r=0 c=0 rs=1 cs=1]
              RenderText {#text} at (0,0) size 6x14
                text run at (0,0) width 6: "1"
            RenderTableCell {TD} at (90,0) size 90x14 [bgcolor=#008000] [r=0 c=1 rs=1 cs=1]
              RenderText {#text} at (0,0) size 13x14
                text run at (0,0) width 13: "1+"
            RenderTableCell {TD} at (180,0) size 90x14 [bgcolor=#00FFFF] [r=0 c=2 rs=1 cs=1]
              RenderText {#text} at (0,0) size 6x14
                text run at (0,0) width 6: "2"
            RenderTableCell {TD} at (270,0) size 91x14 [bgcolor=#008B8B] [r=0 c=3 rs=1 cs=1]
              RenderText {#text} at (0,0) size 13x14
                text run at (0,0) width 13: "2+"
            RenderTableCell {TD} at (361,0) size 91x14 [bgcolor=#FFFF00] [r=0 c=4 rs=1 cs=1]
              RenderText {#text} at (0,0) size 6x14
                text run at (0,0) width 6: "3"
            RenderTableCell {TD} at (452,0) size 91x14 [bgcolor=#FFD700] [r=0 c=5 rs=1 cs=1]
              RenderText {#text} at (0,0) size 13x14
                text run at (0,0) width 13: "3+"
            RenderTableCell {TD} at (543,0) size 91x14 [bgcolor=#FFA500] [r=0 c=6 rs=1 cs=1]
              RenderText {#text} at (0,0) size 6x14
                text run at (0,0) width 6: "4"
            RenderTableCell {TD} at (634,0) size 91x14 [bgcolor=#FF8C00] [r=0 c=7 rs=1 cs=1]
              RenderText {#text} at (0,0) size 13x14
                text run at (0,0) width 13: "4+"
          RenderTableRow {TR} at (0,14) size 725x14
            RenderTableCell {TD} at (0,14) size 90x14 [r=1 c=0 rs=1 cs=1]
              RenderText {#text} at (0,0) size 3x14
                text run at (0,0) width 3: " "
      RenderTable {TABLE} at (0,54) size 725x14
        RenderTableSection {TBODY} at (0,0) size 725x14
          RenderTableRow {TR} at (0,0) size 725x14
            RenderTableCell {TD} at (0,0) size 181x14 [bgcolor=#7CFC00] [r=0 c=0 rs=1 cs=1]
              RenderText {#text} at (0,0) size 6x14
                text run at (0,0) width 6: "1"
            RenderTableCell {TD} at (181,0) size 181x14 [bgcolor=#00FFFF] [r=0 c=1 rs=1 cs=1]
              RenderText {#text} at (0,0) size 6x14
                text run at (0,0) width 6: "2"
            RenderTableCell {TD} at (362,0) size 181x14 [bgcolor=#FFFF00] [r=0 c=2 rs=1 cs=1]
              RenderText {#text} at (0,0) size 6x14
                text run at (0,0) width 6: "3"
            RenderTableCell {TD} at (543,0) size 182x14 [bgcolor=#FFA500] [r=0 c=3 rs=1 cs=1]
              RenderText {#text} at (0,0) size 6x14
                text run at (0,0) width 6: "4"
      RenderBlock (anonymous) at (0,68) size 784x44
        RenderButton {BUTTON} at (2,2) size 72x40 [bgcolor=#C0C0C0] [border: (2px outset #C0C0C0)]
          RenderBlock (anonymous) at (17,10) size 38x18
            RenderText {#text} at (0,0) size 38x17
              text run at (0,0) width 38: "show"
        RenderText {#text} at (76,15) size 3x14
          text run at (76,15) width 3: " "
        RenderButton {BUTTON} at (81,2) size 65x40 [bgcolor=#C0C0C0] [border: (2px outset #C0C0C0)]
          RenderBlock (anonymous) at (17,10) size 31x18
            RenderText {#text} at (0,0) size 31x17
              text run at (0,0) width 31: "hide"
        RenderText {#text} at (0,0) size 0x0
