layer at (0,0) size 800x600
  RenderView at (0,0) size 800x600
layer at (0,0) size 800x600
  RenderBlock {HTML} at (0,0) size 800x600
    RenderBody {BODY} at (8,8) size 784x584
      RenderBlock (anonymous) at (0,0) size 784x28
        RenderText {#text} at (0,0) size 494x14
          text run at (0,0) width 494: "You should see a table with a dotted green outline, and four table cells inside it with a solid black outline."
        RenderBR {BR} at (494,11) size 0x0
        RenderBR {BR} at (0,14) size 0x14
      RenderTable {TABLE} at (0,28) size 66x38
        RenderTableSection {TBODY} at (0,0) size 66x38
          RenderTableRow {TR} at (0,2) size 66x16
            RenderTableCell {TD} at (2,2) size 30x16 [r=0 c=0 rs=1 cs=1]
              RenderText {#text} at (1,1) size 28x14
                text run at (1,1) width 28: "Cell 1"
            RenderTableCell {TD} at (34,2) size 30x16 [r=0 c=1 rs=1 cs=1]
              RenderText {#text} at (1,1) size 28x14
                text run at (1,1) width 28: "Cell 2"
          RenderTableRow {TR} at (0,20) size 66x16
            RenderTableCell {TD} at (2,20) size 30x16 [r=1 c=0 rs=1 cs=1]
              RenderText {#text} at (1,1) size 28x14
                text run at (1,1) width 28: "Cell 3"
            RenderTableCell {TD} at (34,20) size 30x16 [r=1 c=1 rs=1 cs=1]
              RenderText {#text} at (1,1) size 28x14
                text run at (1,1) width 28: "Cell 4"
