layer at (0,0) size 800x800
  RenderView at (0,0) size 800x600
layer at (0,0) size 800x800
  RenderBlock {HTML} at (0,0) size 800x800
    RenderBody {BODY} at (8,10) size 784x782
      RenderTable {TABLE} at (10,0) size 80x92 [border: (1px solid #000000)]
        RenderTableSection {THEAD} at (1,1) size 20x90
          RenderTableRow {TR} at (0,2) size 16x90
            RenderTableCell {TD} at (2,2) size 16x42 [r=0 c=0 rs=1 cs=1]
              RenderText {#text} at (1,1) size 14x34
                text run at (1,1) width 34: "Head 1"
            RenderTableCell {TD} at (2,46) size 16x42 [r=0 c=1 rs=1 cs=1]
              RenderText {#text} at (1,1) size 14x34
                text run at (1,1) width 34: "Head 2"
        RenderTableSection {TFOOT} at (59,1) size 20x90
          RenderTableRow {TR} at (0,2) size 16x90
            RenderTableCell {TD} at (2,2) size 16x42 [r=0 c=0 rs=1 cs=1]
              RenderText {#text} at (1,1) size 14x40
                text run at (1,1) width 40: "Footer 1"
            RenderTableCell {TD} at (2,46) size 16x42 [r=0 c=1 rs=1 cs=1]
              RenderText {#text} at (1,1) size 14x40
                text run at (1,1) width 40: "Footer 2"
        RenderTableSection {TBODY} at (21,1) size 38x90
          RenderTableRow {TR} at (0,2) size 16x90
            RenderTableCell {TD} at (2,2) size 16x42 [r=0 c=0 rs=1 cs=1]
              RenderText {#text} at (1,1) size 14x28
                text run at (1,1) width 28: "Cell 1"
            RenderTableCell {TD} at (2,46) size 16x42 [r=0 c=1 rs=1 cs=1]
              RenderText {#text} at (1,1) size 14x28
                text run at (1,1) width 28: "Cell 2"
          RenderTableRow {TR} at (0,20) size 16x90
            RenderTableCell {TD} at (20,2) size 16x42 [r=1 c=0 rs=1 cs=1]
              RenderText {#text} at (1,1) size 14x28
                text run at (1,1) width 28: "Cell 3"
            RenderTableCell {TD} at (20,46) size 16x42 [r=1 c=1 rs=1 cs=1]
              RenderText {#text} at (1,1) size 14x28
                text run at (1,1) width 28: "Cell 4"
      RenderBlock {P} at (0,104) size 784x14
        RenderText {#text} at (0,0) size 166x14
          text run at (0,0) width 166: "Row groups have display:table-cell"
      RenderTable {TABLE} at (10,130) size 54x184 [border: (1px solid #000000)]
        RenderTableSection (anonymous) at (1,1) size 28x182
          RenderTableRow (anonymous) at (0,2) size 24x182
            RenderTableCell {THEAD} at (2,2) size 24x82 [r=0 c=0 rs=1 cs=1]
              RenderTable at (0,0) size 24x82
                RenderTableSection (anonymous) at (0,0) size 24x82
                  RenderTableRow (anonymous) at (0,2) size 20x82
                    RenderTableCell {TR} at (2,2) size 20x78 [r=0 c=0 rs=1 cs=1]
                      RenderTable at (0,0) size 20x78
                        RenderTableSection (anonymous) at (0,0) size 20x78
                          RenderTableRow (anonymous) at (0,2) size 16x78
                            RenderTableCell {TD} at (2,2) size 16x36 [r=0 c=0 rs=1 cs=1]
                              RenderText {#text} at (1,1) size 14x34
                                text run at (1,1) width 34: "Head 1"
                            RenderTableCell {TD} at (2,40) size 16x36 [r=0 c=1 rs=1 cs=1]
                              RenderText {#text} at (1,1) size 14x34
                                text run at (1,1) width 34: "Head 2"
            RenderTableCell {TFOOT} at (2,86) size 24x94 [r=0 c=1 rs=1 cs=1]
              RenderTable at (0,0) size 24x94
                RenderTableSection (anonymous) at (0,0) size 24x94
                  RenderTableRow (anonymous) at (0,2) size 20x94
                    RenderTableCell {TR} at (2,2) size 20x90 [r=0 c=0 rs=1 cs=1]
                      RenderTable at (0,0) size 20x90
                        RenderTableSection (anonymous) at (0,0) size 20x90
                          RenderTableRow (anonymous) at (0,2) size 16x90
                            RenderTableCell {TD} at (2,2) size 16x42 [r=0 c=0 rs=1 cs=1]
                              RenderText {#text} at (1,1) size 14x40
                                text run at (1,1) width 40: "Footer 1"
                            RenderTableCell {TD} at (2,46) size 16x42 [r=0 c=1 rs=1 cs=1]
                              RenderText {#text} at (1,1) size 14x40
                                text run at (1,1) width 40: "Footer 2"
        RenderTableSection {TBODY} at (29,1) size 24x182
          RenderTableRow (anonymous) at (0,2) size 20x182
            RenderTableCell {TR} at (2,2) size 20x82 [r=0 c=0 rs=1 cs=1]
              RenderTable at (0,0) size 20x66
                RenderTableSection (anonymous) at (0,0) size 20x66
                  RenderTableRow (anonymous) at (0,2) size 16x66
                    RenderTableCell {TD} at (2,2) size 16x30 [r=0 c=0 rs=1 cs=1]
                      RenderText {#text} at (1,1) size 14x28
                        text run at (1,1) width 28: "Cell 1"
                    RenderTableCell {TD} at (2,34) size 16x30 [r=0 c=1 rs=1 cs=1]
                      RenderText {#text} at (1,1) size 14x28
                        text run at (1,1) width 28: "Cell 2"
            RenderTableCell {TR} at (2,86) size 20x94 [r=0 c=1 rs=1 cs=1]
              RenderTable at (0,0) size 20x66
                RenderTableSection (anonymous) at (0,0) size 20x66
                  RenderTableRow (anonymous) at (0,2) size 16x66
                    RenderTableCell {TD} at (2,2) size 16x30 [r=0 c=0 rs=1 cs=1]
                      RenderText {#text} at (1,1) size 14x28
                        text run at (1,1) width 28: "Cell 3"
                    RenderTableCell {TD} at (2,34) size 16x30 [r=0 c=1 rs=1 cs=1]
                      RenderText {#text} at (1,1) size 14x28
                        text run at (1,1) width 28: "Cell 4"
      RenderBlock {P} at (0,326) size 784x14
        RenderText {#text} at (0,0) size 150x14
          text run at (0,0) width 150: "Row groups have display:block"
      RenderTable {TABLE} at (10,352) size 90x96 [border: (1px solid #000000)]
        RenderTableSection (anonymous) at (1,1) size 44x94
          RenderTableRow (anonymous) at (0,2) size 40x94
            RenderTableCell (anonymous) at (2,2) size 40x90 [r=0 c=0 rs=1 cs=1]
              RenderBlock {THEAD} at (0,0) size 20x90
                RenderBlock {TR} at (0,0) size 20x90
                  RenderTable at (0,0) size 20x78
                    RenderTableSection (anonymous) at (0,0) size 20x78
                      RenderTableRow (anonymous) at (0,2) size 16x78
                        RenderTableCell {TD} at (2,2) size 16x36 [r=0 c=0 rs=1 cs=1]
                          RenderText {#text} at (1,1) size 14x34
                            text run at (1,1) width 34: "Head 1"
                        RenderTableCell {TD} at (2,40) size 16x36 [r=0 c=1 rs=1 cs=1]
                          RenderText {#text} at (1,1) size 14x34
                            text run at (1,1) width 34: "Head 2"
              RenderBlock {TFOOT} at (20,0) size 20x90
                RenderBlock {TR} at (0,0) size 20x90
                  RenderTable at (0,0) size 20x90
                    RenderTableSection (anonymous) at (0,0) size 20x90
                      RenderTableRow (anonymous) at (0,2) size 16x90
                        RenderTableCell {TD} at (2,2) size 16x42 [r=0 c=0 rs=1 cs=1]
                          RenderText {#text} at (1,1) size 14x40
                            text run at (1,1) width 40: "Footer 1"
                        RenderTableCell {TD} at (2,46) size 16x42 [r=0 c=1 rs=1 cs=1]
                          RenderText {#text} at (1,1) size 14x40
                            text run at (1,1) width 40: "Footer 2"
        RenderTableSection {TBODY} at (45,1) size 44x94
          RenderTableRow (anonymous) at (0,2) size 40x94
            RenderTableCell (anonymous) at (2,2) size 40x90 [r=0 c=0 rs=1 cs=1]
              RenderBlock {TR} at (0,0) size 20x90
                RenderTable at (0,0) size 20x66
                  RenderTableSection (anonymous) at (0,0) size 20x66
                    RenderTableRow (anonymous) at (0,2) size 16x66
                      RenderTableCell {TD} at (2,2) size 16x30 [r=0 c=0 rs=1 cs=1]
                        RenderText {#text} at (1,1) size 14x28
                          text run at (1,1) width 28: "Cell 1"
                      RenderTableCell {TD} at (2,34) size 16x30 [r=0 c=1 rs=1 cs=1]
                        RenderText {#text} at (1,1) size 14x28
                          text run at (1,1) width 28: "Cell 2"
              RenderBlock {TR} at (20,0) size 20x90
                RenderTable at (0,0) size 20x66
                  RenderTableSection (anonymous) at (0,0) size 20x66
                    RenderTableRow (anonymous) at (0,2) size 16x66
                      RenderTableCell {TD} at (2,2) size 16x30 [r=0 c=0 rs=1 cs=1]
                        RenderText {#text} at (1,1) size 14x28
                          text run at (1,1) width 28: "Cell 3"
                      RenderTableCell {TD} at (2,34) size 16x30 [r=0 c=1 rs=1 cs=1]
                        RenderText {#text} at (1,1) size 14x28
                          text run at (1,1) width 28: "Cell 4"
      RenderTable at (0,458) size 102x324
        RenderTableSection (anonymous) at (0,0) size 102x324
          RenderTableRow (anonymous) at (0,0) size 102x324
            RenderTableCell {P} at (0,0) size 102x324 [border: (1px solid #000000)] [r=0 c=0 rs=1 cs=1]
              RenderText {#text} at (1,1) size 100x322
                text run at (1,1) width 91: "Lorem ipsum dolor"
                text run at (1,15) width 95: "sit amet, consectetur"
                text run at (1,29) width 90: "adipisicing elit, sed"
                text run at (1,43) width 91: "do eiusmod tempor"
                text run at (1,57) width 91: "incididunt ut labore"
                text run at (1,71) width 75: "et dolore magna"
                text run at (1,85) width 86: "aliqua. Ut enim ad"
                text run at (1,99) width 93: "minim veniam, quis"
                text run at (1,113) width 93: "nostrud exercitation"
                text run at (1,127) width 92: "ullamco laboris nisi"
                text run at (1,141) width 71: "ut aliquip ex ea"
                text run at (1,155) width 100: "commodo consequat."
                text run at (1,169) width 98: "Duis aute irure dolor"
                text run at (1,183) width 86: "in reprehenderit in"
                text run at (1,197) width 89: "voluptate velit esse"
                text run at (1,211) width 76: "cillum dolore eu"
                text run at (1,225) width 95: "fugiat nulla pariatur."
                text run at (1,239) width 67: "Excepteur sint"
                text run at (1,253) width 84: "occaecat cupidatat"
                text run at (1,267) width 98: "non proident, sunt in"
                text run at (1,281) width 76: "culpa qui officia"
                text run at (1,295) width 96: "deserunt mollit anim"
                text run at (1,309) width 70: "id est laborum."
