layer at (0,0) size 800x600
  RenderView at (0,0) size 800x600
layer at (0,0) size 800x600
  RenderBlock {HTML} at (0,0) size 800x600
    RenderBody {BODY} at (8,8) size 784x584
      RenderBlock {DIV} at (0,0) size 784x58 [color=#FF0000] [border: (3px solid #008000)]
        RenderBlock {DIV} at (15,15) size 754x14
          RenderText {#text} at (0,0) size 56x14
            text run at (0,0) width 56: "CONTENT"
        RenderTable at (15,29) size 38x14 [color=#000000]
          RenderTableSection (anonymous) at (0,0) size 38x14
            RenderTableRow (anonymous) at (0,0) size 38x14 [color=#FF0000] [border: (3px solid #0000FF)]
              RenderTableCell (anonymous) at (0,0) size 38x14 [color=#000000] [r=0 c=0 rs=1 cs=1]
                RenderText at (0,0) size 38x14
                  text run at (0,0) width 38: "AFTER"
