layer at (0,0) size 800x600
  RenderView at (0,0) size 800x600
layer at (0,0) size 800x600
  RenderBlock {HTML} at (0,0) size 800x600
    RenderBody {BODY} at (8,8) size 784x584
      RenderTable {DIV} at (0,0) size 86x58 [color=#FF0000] [border: (3px solid #008000)]
        RenderTableSection (anonymous) at (15,15) size 56x28 [color=#000000]
          RenderTableRow (anonymous) at (0,0) size 56x14 [color=#FF0000] [border: (3px solid #0000FF)]
            RenderTableCell (anonymous) at (0,0) size 56x14 [color=#000000] [r=0 c=0 rs=1 cs=1]
              RenderText at (0,0) size 46x14
                text run at (0,0) width 46: "BEFORE"
          RenderTableRow (anonymous) at (0,14) size 56x14
            RenderTableCell (anonymous) at (0,14) size 56x14 [r=1 c=0 rs=1 cs=1]
              RenderInline {SPAN} at (0,0) size 56x14 [color=#FF0000]
                RenderText {#text} at (0,0) size 56x14
                  text run at (0,0) width 56: "CONTENT"
