layer at (0,0) size 800x600
  RenderView at (0,0) size 800x600
layer at (0,0) size 800x600
  RenderBlock {HTML} at (0,0) size 800x600
    RenderBody {BODY} at (8,8) size 784x584
      RenderBlock (anonymous) at (0,0) size 784x14
        RenderText {#text} at (0,0) size 64x14
          text run at (0,0) width 64: "No line break"
      RenderTable {TABLE} at (0,14) size 102x59 [bgcolor=#C0C0C0]
        RenderTableSection {TBODY} at (0,0) size 102x59
          RenderTableRow {TR} at (0,2) size 102x55
            RenderTableCell {TD} at (2,2) size 98x55 [r=0 c=0 rs=1 cs=1]
              RenderImage {IMG} at (1,1) size 20x50 [bgcolor=#ADD8E6]
              RenderText {#text} at (21,40) size 56x14
                text run at (21,40) width 56: "loremipsum"
              RenderImage {IMG} at (77,1) size 20x50 [bgcolor=#ADD8E6]
              RenderText {#text} at (0,0) size 0x0
      RenderBlock {HR} at (0,79) size 784x2 [border: (1px inset #000000)]
      RenderBlock (anonymous) at (0,87) size 784x14
        RenderText {#text} at (0,0) size 64x14
          text run at (0,0) width 64: "No line break"
      RenderTable {TABLE} at (0,101) size 82x59 [bgcolor=#C0C0C0]
        RenderTableSection {TBODY} at (0,0) size 82x59
          RenderTableRow {TR} at (0,2) size 82x55
            RenderTableCell {TD} at (2,2) size 78x55 [r=0 c=0 rs=1 cs=1]
              RenderText {#text} at (1,40) size 56x14
                text run at (1,40) width 56: "loremipsum"
              RenderImage {IMG} at (57,1) size 20x50 [bgcolor=#ADD8E6]
              RenderText {#text} at (0,0) size 0x0
      RenderBlock {HR} at (0,166) size 784x2 [border: (1px inset #000000)]
      RenderBlock (anonymous) at (0,174) size 784x14
        RenderText {#text} at (0,0) size 112x14
          text run at (0,0) width 112: "Line break after the \"a\"."
      RenderTable {TABLE} at (0,188) size 82x73 [bgcolor=#C0C0C0]
        RenderTableSection {TBODY} at (0,0) size 82x73
          RenderTableRow {TR} at (0,2) size 82x69
            RenderTableCell {TD} at (2,2) size 78x69 [r=0 c=0 rs=1 cs=1]
              RenderText {#text} at (1,1) size 56x67
                text run at (1,1) width 5: "a"
                text run at (1,54) width 56: "loremipsum"
              RenderImage {IMG} at (57,15) size 20x50 [bgcolor=#ADD8E6]
              RenderText {#text} at (0,0) size 0x0
      RenderBlock {HR} at (0,267) size 784x2 [border: (1px inset #000000)]
      RenderBlock (anonymous) at (0,275) size 784x14
        RenderText {#text} at (0,0) size 112x14
          text run at (0,0) width 112: "Line break after the \"a\"."
      RenderTable {TABLE} at (0,289) size 102x73 [bgcolor=#C0C0C0]
        RenderTableSection {TBODY} at (0,0) size 102x73
          RenderTableRow {TR} at (0,2) size 102x69
            RenderTableCell {TD} at (2,2) size 98x69 [r=0 c=0 rs=1 cs=1]
              RenderText {#text} at (1,1) size 5x14
                text run at (1,1) width 5: "a"
              RenderImage {IMG} at (1,15) size 20x50 [bgcolor=#ADD8E6]
              RenderText {#text} at (21,54) size 56x14
                text run at (21,54) width 56: "loremipsum"
              RenderImage {IMG} at (77,15) size 20x50 [bgcolor=#ADD8E6]
              RenderText {#text} at (0,0) size 0x0
      RenderBlock {HR} at (0,368) size 784x2 [border: (1px inset #000000)]
      RenderBlock (anonymous) at (0,376) size 784x14
        RenderText {#text} at (0,0) size 138x14
          text run at (0,0) width 138: "Line break after \"wideword\"."
      RenderTable {TABLE} at (0,390) size 102x73 [bgcolor=#C0C0C0]
        RenderTableSection {TBODY} at (0,0) size 102x73
          RenderTableRow {TR} at (0,2) size 102x69
            RenderTableCell {TD} at (2,2) size 98x69 [r=0 c=0 rs=1 cs=1]
              RenderText {#text} at (1,1) size 48x14
                text run at (1,1) width 48: "wideword"
              RenderImage {IMG} at (1,15) size 20x50 [bgcolor=#ADD8E6]
              RenderText {#text} at (21,54) size 56x14
                text run at (21,54) width 56: "loremipsum"
              RenderImage {IMG} at (77,15) size 20x50 [bgcolor=#ADD8E6]
              RenderText {#text} at (0,0) size 0x0
