layer at (0,0) size 800x600
  RenderView at (0,0) size 800x600
layer at (0,0) size 800x600
  RenderBlock {HTML} at (0,0) size 800x600
    RenderBody {BODY} at (8,8) size 784x584
      RenderTable {TABLE} at (0,0) size 784x46 [bgcolor=#3399CC]
        RenderTableSection {TBODY} at (0,0) size 784x46
          RenderTableRow {TR} at (0,0) size 784x23
            RenderTableCell {TD} at (0,0) size 784x23 [border: none (1px solid #FFFFFF) none] [r=0 c=0 rs=1 cs=1]
              RenderBlock {A} at (0,0) size 784x22 [color=#0000EE]
                RenderText {#text} at (4,4) size 116x14
                  text run at (4,4) width 116: "List of Transit Providers"
          RenderTableRow {TR} at (0,23) size 784x23
            RenderTableCell {TD} at (0,23) size 784x23 [border: none (1px solid #FFFFFF) none] [r=1 c=0 rs=1 cs=1]
              RenderBlock {A} at (0,0) size 784x22 [color=#0000EE]
                RenderText {#text} at (4,4) size 119x14
                  text run at (4,4) width 119: "Locate a Transit Provider"
