layer at (0,0) size 800x600
  RenderView at (0,0) size 800x600
layer at (0,0) size 800x515
  RenderBlock {HTML} at (0,0) size 800x515
    RenderBody {BODY} at (8,8) size 784x499
      RenderTable {TABLE} at (0,0) size 604x499 [border: (1px outset #808080)]
        RenderTableSection {TBODY} at (1,1) size 602x497
          RenderTableRow {TR} at (0,2) size 602x493
            RenderTableCell {TD} at (2,91) size 35x18 [border: (1px inset #808080)] [r=0 c=0 rs=1 cs=1]
              RenderText {#text} at (2,2) size 31x14
                text run at (2,2) width 31: "Lorem"
            RenderTableCell {TD} at (39,70) size 112x45 [border: (1px inset #808080)] [r=0 c=1 rs=1 cs=1]
              RenderText {#text} at (2,23) size 32x14
                text run at (2,23) width 32: "ipsum "
              RenderInline {SPAN} at (0,0) size 76x40
                RenderText {#text} at (34,2) size 76x40
                  text run at (34,2) width 76: "dolor"
              RenderText {#text} at (0,0) size 0x0
            RenderTableCell {TD} at (153,91) size 15x18 [border: (1px inset #808080)] [r=0 c=2 rs=1 cs=1]
              RenderBlock {DIV} at (2,2) size 11x14
                RenderText {#text} at (0,0) size 11x14
                  text run at (0,0) width 11: "sit"
            RenderTableCell {TD} at (170,91) size 54x104 [border: (1px inset #808080)] [r=0 c=3 rs=1 cs=1]
              RenderBlock {DIV} at (2,2) size 50x100 [bgcolor=#ADD8E6]
                RenderText {#text} at (0,0) size 22x14
                  text run at (0,0) width 22: "amet"
            RenderTableCell {TD} at (226,91) size 64x18 [border: (1px inset #808080)] [r=0 c=4 rs=1 cs=1]
              RenderText {#text} at (2,2) size 32x14
                text run at (2,2) width 32: "consec"
              RenderText {#text} at (0,0) size 0x0
            RenderTableCell {TD} at (292,65) size 65x75 [border: (1px inset #808080)] [r=0 c=5 rs=1 cs=1]
              RenderTable {TABLE} at (2,2) size 61x71 [border: (1px outset #808080)]
                RenderTableSection {TBODY} at (1,1) size 59x69
                  RenderTableRow {TR} at (0,10) size 59x49
                    RenderTableCell {TD} at (2,10) size 55x49 [border: (10px solid #0000FF) (1px inset #808080) (5px solid #0000FF) (1px inset #808080)] [r=0 c=0 rs=1 cs=1]
                      RenderText {#text} at (2,15) size 26x14
                        text run at (2,15) width 26: "tetuer"
                      RenderBR {BR} at (28,15) size 0x14
                      RenderText {#text} at (2,29) size 51x14
                        text run at (2,29) width 51: "adipiscing."
            RenderTableCell {TD} at (359,2) size 64x4 [border: (1px inset #808080)] [r=0 c=6 rs=1 cs=1]
            RenderTableCell {TD} at (425,2) size 54x104 [border: (1px inset #808080)] [r=0 c=7 rs=1 cs=1]
              RenderBlock {DIV} at (2,2) size 50x100 [bgcolor=#FFB6C1]
            RenderTableCell {TD} at (481,29) size 53x146 [border: (1px inset #808080)] [r=0 c=8 rs=1 cs=1]
              RenderTable {TABLE} at (2,2) size 49x114 [border: (1px outset #808080)]
                RenderTableSection {TBODY} at (1,1) size 47x112
                  RenderTableRow {TR} at (0,2) size 47x80
                    RenderTableCell {TD} at (2,33) size 43x49 [border: (10px solid #0000FF) (1px inset #808080) (5px solid #0000FF) (1px inset #808080)] [r=0 c=0 rs=1 cs=1]
                      RenderBlock {DIV} at (6,25) size 31x14 [bgcolor=#FFB6C1]
                        RenderText {#text} at (0,0) size 31x14
                          text run at (0,0) width 31: "Lorem"
                  RenderTableRow {TR} at (0,84) size 47x26
                    RenderTableCell {TD} at (2,84) size 43x26 [border: (1px inset #808080)] [r=1 c=0 rs=1 cs=1]
                      RenderText {#text} at (6,6) size 29x14
                        text run at (6,6) width 29: "ipsum"
              RenderBlock (anonymous) at (2,116) size 49x28
                RenderText {#text} at (0,0) size 39x14
                  text run at (0,0) width 39: "dolor sit"
                RenderBR {BR} at (39,0) size 0x14
                RenderText {#text} at (0,14) size 25x14
                  text run at (0,14) width 25: "amet."
            RenderTableCell {TD} at (536,42) size 64x64 [border: (1px inset #808080)] [r=0 c=9 rs=1 cs=1]
              RenderBlock (floating) {DIV} at (2,2) size 25x30 [bgcolor=#90EE90]
                RenderText {#text} at (0,0) size 13x14
                  text run at (0,0) width 13: "F1"
              RenderBlock (floating) {DIV} at (27,2) size 25x30 [bgcolor=#90EE90]
                RenderText {#text} at (0,0) size 13x14
                  text run at (0,0) width 13: "F2"
              RenderBlock (floating) {DIV} at (2,32) size 25x30 [bgcolor=#90EE90]
                RenderText {#text} at (0,0) size 13x14
                  text run at (0,0) width 13: "F3"
layer at (237,0) size 60x50
  RenderBlock (positioned) {DIV} at (237,0) size 60x50 [bgcolor=#FFFFE0]
    RenderText {#text} at (0,0) size 7x14
      text run at (0,0) width 7: "P"
layer at (370,13) size 60x50
  RenderBlock (positioned) {DIV} at (370,13) size 60x50 [bgcolor=#FFFFE0]
    RenderText {#text} at (0,0) size 7x14
      text run at (0,0) width 7: "P"
