layer at (0,0) size 800x600
  RenderView at (0,0) size 800x600
layer at (0,0) size 800x600
  RenderBlock {HTML} at (0,0) size 800x600
    RenderBody {BODY} at (8,8) size 784x584
      RenderTable {TABLE} at (0,0) size 42x20 [border: (2px outset #808080)]
        RenderTableSection {TBODY} at (2,2) size 38x16
          RenderTableRow {TR} at (0,0) size 38x16
            RenderTableCell {TD} at (0,0) size 13x16 [border: (1px inset #808080)] [r=0 c=0 rs=1 cs=1]
              RenderListItem {LI} at (1,1) size 11x14
                RenderListMarker at (-1,0) size 6x14: bullet
                RenderImage {IMG} at (11,11) size 0x0
            RenderTableCell {TD} at (13,0) size 25x16 [border: (1px inset #808080)] [r=0 c=1 rs=1 cs=1]
              RenderText {#text} at (1,1) size 23x14
                text run at (1,1) width 23: "hello"
