layer at (0,0) size 800x600
  RenderView at (0,0) size 800x600
layer at (0,0) size 800x600
  RenderBlock {HTML} at (0,0) size 800x600
    RenderBody {BODY} at (8,8) size 780x584
      RenderBlock {OL} at (0,0) size 28x584
        RenderListItem {LI} at (0,40) size 28x544
          RenderBlock (anonymous) at (0,0) size 14x544
            RenderListMarker at (0,-15) size 14x12: "1"
            RenderInline {I} at (0,0) size 14x57
              RenderInline {U} at (0,0) size 14x57
                RenderText {#text} at (0,0) size 14x57
                  text run at (0,0) width 57: "Hello world"
            RenderText {#text} at (0,0) size 0x0
          RenderBlock {OL} at (14,0) size 14x544
            RenderListItem {LI} at (0,40) size 14x504
              RenderListMarker at (0,-15) size 14x12: "1"
              RenderText {#text} at (0,0) size 14x44
                text run at (0,0) width 44: "Goodbye"
