layer at (0,0) size 800x600
  RenderView at (0,0) size 800x600
layer at (0,0) size 800x600
  RenderBlock {HTML} at (0,0) size 800x600
    RenderBody {BODY} at (8,8) size 784x580
      RenderBlock {OL} at (0,0) size 784x28
        RenderListItem {LI} at (40,0) size 744x28
          RenderBlock (anonymous) at (0,0) size 744x14
            RenderListMarker at (-15,0) size 12x14: "1"
            RenderInline {I} at (0,0) size 57x14
              RenderInline {U} at (0,0) size 57x14
                RenderText {#text} at (0,0) size 57x14
                  text run at (0,0) width 57: "Hello world"
            RenderText {#text} at (0,0) size 0x0
          RenderBlock {OL} at (0,14) size 744x14
            RenderListItem {LI} at (40,0) size 704x14
              RenderListMarker at (-15,0) size 12x14: "1"
              RenderText {#text} at (0,0) size 44x14
                text run at (0,0) width 44: "Goodbye"
