layer at (0,0) size 800x600
  RenderView at (0,0) size 800x600
layer at (0,0) size 800x600
  RenderBlock {HTML} at (0,0) size 800x600
    RenderBody {BODY} at (8,8) size 784x580
      RenderBlock {DIV} at (0,0) size 784x40
        RenderBlock {DL} at (0,0) size 784x40
          RenderBlock {DT} at (0,0) size 784x14
            RenderText {#text} at (0,0) size 114x14
              text run at (0,0) width 114: "DT text is rendered here"
          RenderBlock {DD} at (0,26) size 784x14
            RenderBlock {UL} at (0,0) size 784x14
              RenderListItem {LI} at (0,0) size 784x14
                RenderListMarker at (0,2) size 12x9
                RenderText {#text} at (19,0) size 83x14
                  text run at (19,0) width 83: "LI text is here too"
