layer at (0,0) size 800x600
  RenderView at (0,0) size 800x600
layer at (0,0) size 800x600
  RenderBlock {HTML} at (0,0) size 800x600
    RenderBody {BODY} at (8,8) size 784x580
      RenderBlock {P} at (0,0) size 784x14
        RenderText {#text} at (0,0) size 297x14
          text run at (0,0) width 297: "Tests list item numbering when there are anonymous list items."
      RenderBlock {OL} at (0,26) size 784x14
        RenderListItem at (40,0) size 744x14
          RenderListMarker at (-15,0) size 12x14: "1"
          RenderText at (0,0) size 25x14
            text run at (0,0) width 25: "ONE"
      RenderBlock {OL} at (0,52) size 784x28
        RenderListItem {LI} at (40,0) size 744x14
          RenderListMarker at (-15,0) size 12x14: "1"
          RenderText {#text} at (0,0) size 17x14
            text run at (0,0) width 17: "one"
        RenderListItem at (40,14) size 744x14
          RenderListMarker at (-15,0) size 12x14: "2"
          RenderText at (0,0) size 27x14
            text run at (0,0) width 27: "TWO"
      RenderBlock {OL} at (0,92) size 784x14
        RenderListItem at (40,0) size 744x14
          RenderListMarker at (-15,0) size 12x14: "1"
          RenderText at (0,0) size 25x14
            text run at (0,0) width 25: "ONE"
      RenderBlock {OL} at (0,118) size 784x28
        RenderListItem at (40,0) size 744x14
          RenderListMarker at (-15,0) size 12x14: "1"
          RenderText at (0,0) size 25x14
            text run at (0,0) width 25: "ONE"
        RenderListItem {LI} at (40,14) size 744x14
          RenderListMarker at (-15,0) size 12x14: "2"
          RenderText {#text} at (0,0) size 18x14
            text run at (0,0) width 18: "two"
      RenderBlock {OL} at (0,158) size 784x56
        RenderListItem {LI} at (40,0) size 744x14
          RenderListMarker at (-15,0) size 12x14: "1"
          RenderText {#text} at (0,0) size 17x14
            text run at (0,0) width 17: "one"
        RenderBlock {DIV} at (40,14) size 744x28
          RenderBlock (anonymous) at (0,0) size 744x14
            RenderText {#text} at (0,0) size 15x14
              text run at (0,0) width 15: "div"
          RenderListItem at (0,14) size 744x14
            RenderListMarker at (-15,0) size 12x14: "2"
            RenderText at (0,0) size 27x14
              text run at (0,0) width 27: "TWO"
        RenderListItem {LI} at (40,42) size 744x14
          RenderListMarker at (-15,0) size 12x14: "3"
          RenderText {#text} at (0,0) size 23x14
            text run at (0,0) width 23: "three"
      RenderBlock {OL} at (0,226) size 784x56
        RenderListItem {LI} at (40,0) size 744x14
          RenderListMarker at (-15,0) size 12x14: "1"
          RenderText {#text} at (0,0) size 17x14
            text run at (0,0) width 17: "one"
        RenderBlock {DIV} at (40,14) size 744x28
          RenderListItem at (0,0) size 744x14
            RenderListMarker at (-15,0) size 12x14: "2"
            RenderText at (0,0) size 27x14
              text run at (0,0) width 27: "TWO"
          RenderBlock (anonymous) at (0,14) size 744x14
            RenderText {#text} at (0,0) size 15x14
              text run at (0,0) width 15: "div"
        RenderListItem {LI} at (40,42) size 744x14
          RenderListMarker at (-15,0) size 12x14: "3"
          RenderText {#text} at (0,0) size 23x14
            text run at (0,0) width 23: "three"
