layer at (0,0) size 800x600
  RenderView at (0,0) size 800x600
layer at (0,0) size 800x82
  RenderBlock {HTML} at (0,0) size 800x82
    RenderBody {BODY} at (8,12) size 784x58
      RenderBlock {UL} at (0,0) size 784x58
        RenderListItem {LI} at (40,0) size 744x58
          RenderBlock {FORM} at (0,0) size 744x32
            RenderBlock {P} at (0,0) size 744x32
              RenderListMarker at (-15,11) size 6x14: bullet
              RenderTextControl {INPUT} at (2,2) size 374x28 [color=#202020]
              RenderText {#text} at (0,0) size 0x0
          RenderBlock {P} at (0,44) size 744x14
            RenderText {#text} at (0,0) size 248x14
              text run at (0,0) width 248: "There should be an input field above this line of text."
layer at (54,20) size 367x18
  RenderBlock {DIV} at (4,6) size 367x18
    RenderText {#text} at (1,0) size 75x17
      text run at (1,0) width 75: "blah blubb"
