layer at (0,0) size 800x600
  RenderView at (0,0) size 800x600
layer at (0,0) size 800x600
  RenderBlock {HTML} at (0,0) size 800x600
    RenderBody {BODY} at (8,8) size 784x580
      RenderBlock {OL} at (0,0) size 784x18
        RenderListItem {LI} at (40,0) size 744x18
          RenderListMarker at (-15,2) size 12x14: "1"
          RenderText {#text} at (0,2) size 305x14
            text run at (0,2) width 305: "This test passes if the list item and list marker are evenly aligned."
