layer at (0,0) size 800x600
  RenderView at (0,0) size 800x600
layer at (0,0) size 800x600
  RenderBlock {HTML} at (0,0) size 800x600
    RenderBody {BODY} at (8,8) size 784x580
      RenderBlock {P} at (0,0) size 784x14
        RenderText {#text} at (0,0) size 558x14
          text run at (0,0) width 558: "This test verifies that setting a list with list-style: none to display: none does not crash. It checks for regression against "
        RenderInline {A} at (0,0) size 24x14 [color=#0000EE]
          RenderText {#text} at (558,0) size 24x14
            text run at (558,0) width 24: "6860"
