layer at (0,0) size 800x600
  RenderView at (0,0) size 800x600
layer at (0,0) size 800x600
  RenderBlock {HTML} at (0,0) size 800x600
    RenderBody {BODY} at (8,8) size 784x580
      RenderBlock {P} at (0,0) size 784x14
        RenderText {#text} at (0,0) size 40x14
          text run at (0,0) width 40: "Test for "
        RenderInline {I} at (0,0) size 480x14
          RenderInline {A} at (0,0) size 226x14 [color=#0000EE]
            RenderText {#text} at (40,0) size 226x14
              text run at (40,0) width 226: "http://bugs.webkit.org/show_bug.cgi?id=14395"
          RenderText {#text} at (266,0) size 254x14
            text run at (266,0) width 3: " "
            text run at (269,0) width 251: "When a <p> is inside <li> two <BR>s are rendered"
        RenderText {#text} at (520,0) size 3x14
          text run at (520,0) width 3: "."
      RenderBlock {P} at (0,26) size 784x14
        RenderText {#text} at (0,0) size 366x14
          text run at (0,0) width 366: "In all of the following, the bullets should be lined up with the first line of text."
      RenderBlock {UL} at (0,52) size 784x14
        RenderListItem {LI} at (40,0) size 744x14
          RenderBlock (anonymous) at (0,0) size 744x0
            RenderInline {SPAN} at (0,0) size 0x0
              RenderText {#text} at (0,0) size 0x0
          RenderBlock (anonymous) at (0,0) size 744x14
            RenderBlock {DIV} at (0,0) size 744x14
              RenderListMarker at (-15,0) size 6x14: bullet
              RenderText {#text} at (0,0) size 20x14
                text run at (0,0) width 20: "item"
          RenderBlock (anonymous) at (0,14) size 744x0
            RenderInline {SPAN} at (0,0) size 0x0
      RenderBlock {UL} at (0,78) size 784x14
        RenderListItem {LI} at (40,0) size 744x14
          RenderBlock (anonymous) at (0,0) size 744x0
            RenderInline {SPAN} at (0,0) size 0x0
              RenderText {#text} at (0,0) size 0x0
            RenderText {#text} at (0,0) size 0x0
          RenderBlock {DIV} at (0,0) size 744x14
            RenderListMarker at (-15,0) size 6x14: bullet
            RenderText {#text} at (0,0) size 20x14
              text run at (0,0) width 20: "item"
      RenderBlock {UL} at (0,104) size 784x14
        RenderListItem {LI} at (40,0) size 744x14
          RenderBlock (anonymous) at (0,0) size 744x0
            RenderInline {SPAN} at (0,0) size 0x0
              RenderText {#text} at (0,0) size 0x0
              RenderInline {I} at (0,0) size 0x0
                RenderText {#text} at (0,0) size 0x0
          RenderBlock (anonymous) at (0,0) size 744x14
            RenderBlock {DIV} at (0,0) size 744x14
              RenderListMarker at (-15,0) size 6x14: bullet
              RenderText {#text} at (0,0) size 20x14
                text run at (0,0) width 20: "item"
          RenderBlock (anonymous) at (0,14) size 744x0
            RenderInline {SPAN} at (0,0) size 0x0
              RenderInline {I} at (0,0) size 0x0
              RenderText {#text} at (0,0) size 0x0
            RenderText {#text} at (0,0) size 0x0
      RenderBlock {UL} at (0,130) size 784x28
        RenderListItem {LI} at (40,0) size 744x28
          RenderBlock (anonymous) at (0,0) size 744x14
            RenderListMarker at (-15,0) size 6x14: bullet
            RenderInline {SPAN} at (0,0) size 30x14
              RenderInline (generated) at (0,0) size 30x14
                RenderText at (0,0) size 30x14
                  text run at (0,0) width 30: "before"
              RenderText {#text} at (0,0) size 0x0
          RenderBlock (anonymous) at (0,14) size 744x14
            RenderBlock {DIV} at (0,0) size 744x14
              RenderText {#text} at (0,0) size 20x14
                text run at (0,0) width 20: "item"
          RenderBlock (anonymous) at (0,28) size 744x0
            RenderInline {SPAN} at (0,0) size 0x0
      RenderBlock {UL} at (0,170) size 784x28
        RenderListItem {LI} at (40,0) size 744x28
          RenderBlock (anonymous) at (0,0) size 744x0
            RenderInline {SPAN} at (0,0) size 0x0
          RenderBlock (anonymous) at (0,0) size 744x14
            RenderBlock {UL} at (0,0) size 744x14
              RenderListItem {LI} at (40,0) size 704x14
                RenderListMarker at (-55,0) size 6x14: bullet
                RenderListMarker at (-15,0) size 6x14: white bullet
                RenderText {#text} at (0,0) size 20x14
                  text run at (0,0) width 20: "item"
          RenderBlock (anonymous) at (0,14) size 744x14
            RenderInline {SPAN} at (0,0) size 0x0
            RenderBR {BR} at (0,0) size 0x14
      RenderBlock {UL} at (0,210) size 784x28
        RenderListItem {LI} at (40,0) size 744x28
          RenderBlock {DIV} at (0,0) size 744x14
            RenderBlock {UL} at (0,0) size 744x14
              RenderListItem {LI} at (40,0) size 704x14
                RenderListMarker at (-55,0) size 6x14: bullet
                RenderListMarker at (-15,0) size 6x14: white bullet
                RenderText {#text} at (0,0) size 20x14
                  text run at (0,0) width 20: "item"
          RenderBlock (anonymous) at (0,14) size 744x14
            RenderBR {BR} at (0,0) size 0x14
      RenderBlock {P} at (0,250) size 784x14
        RenderText {#text} at (0,0) size 390x14
          text run at (0,0) width 390: "In this case, the solid bullet should be one line above the hollow bullet and the text."
      RenderBlock {UL} at (0,276) size 784x42
        RenderListItem {LI} at (40,0) size 744x42
          RenderBlock (anonymous) at (0,0) size 744x14
            RenderListMarker at (-15,0) size 6x14: bullet
          RenderBlock {UL} at (0,14) size 744x14
            RenderListItem {LI} at (40,0) size 704x14
              RenderListMarker at (-15,0) size 6x14: white bullet
              RenderText {#text} at (0,0) size 20x14
                text run at (0,0) width 20: "item"
          RenderBlock (anonymous) at (0,28) size 744x14
            RenderBR {BR} at (0,0) size 0x14
