layer at (0,0) size 800x600
  RenderView at (0,0) size 800x600
layer at (0,0) size 800x600
  RenderBlock {HTML} at (0,0) size 800x600
    RenderBody {BODY} at (8,8) size 784x580
      RenderBlock {DIV} at (0,0) size 784x28
        RenderBlock {OL} at (0,0) size 784x28
          RenderListItem {LI} at (40,0) size 744x14
            RenderListMarker at (-15,0) size 12x14: "2"
            RenderText {#text} at (0,0) size 16x14
              text run at (0,0) width 16: "foo"
          RenderListItem {LI} at (40,14) size 744x14
            RenderListMarker at (-15,0) size 12x14: "3"
            RenderText {#text} at (0,0) size 15x14
              text run at (0,0) width 15: "bar"
