layer at (0,0) size 800x600
  RenderView at (0,0) size 800x600
layer at (0,0) size 800x354
  RenderBlock {HTML} at (0,0) size 800x354
    RenderBody {BODY} at (8,16) size 784x330
      RenderBlock {P} at (0,0) size 784x38
        RenderText {#text} at (0,0) size 753x38
          text run at (0,0) width 753: "In the example below, the green float should be at the top of the first region and on the left. It"
          text run at (0,19) width 734: "should spill into region two. The orange float should be on the right at the top of region two."
      RenderBlock {DIV} at (0,54) size 784x276
        RenderRegion {DIV} at (0,0) size 182x92 [border: (1px solid #000000)]
        RenderRegion {DIV} at (0,92) size 402x92 [border: (1px solid #000000)]
        RenderRegion {DIV} at (0,184) size 402x92 [border: (1px solid #000000)]
Flow Threads
  Thread with flow-name 'flow1'
    layer at (0,0) size 400x270
      RenderFlowThread at (0,0) size 400x270
        RenderBlock {DIV} at (0,0) size 400x255
          RenderBlock {DIV} at (5,21) size 390x213
            RenderBlock {DIV} at (0,0) size 390x213
              RenderBlock {P} at (0,0) size 390x178
                RenderImage {IMG} at (0,0) size 150x100 [bgcolor=#008000]
                RenderImage {IMG} at (190,70) size 200x30 [bgcolor=#FFA500]
                RenderText {#text} at (0,100) size 390x78
                  text run at (0,100) width 129: "This line of text "
                  text run at (129,100) width 205: "should not get out of the "
                  text run at (334,100) width 56: "region."
                  text run at (0,119) width 390: "This line of text should not get out of the region."
                  text run at (0,138) width 390: "This line of text should not get out of the region."
                  text run at (0,159) width 385: "This line of text should not get out of the region."
              RenderBlock {P} at (0,194) size 390x19
                RenderText {#text} at (0,0) size 390x19
                  text run at (0,0) width 390: "This line of text should not get out of the region.."
  Regions for flow 'flow1'
    RenderRegion {DIV} #region1
    RenderRegion {DIV} #region2
    RenderRegion {DIV} #region3
