layer at (0,0) size 980x735
  RenderView at (0,0) size 980x735
layer at (0,0) size 980x682
  RenderBlock {HTML} at (0,0) size 980x682
    RenderBody {BODY} at (8,16) size 964x658
      RenderBlock {P} at (0,0) size 964x38
        RenderText {#text} at (0,0) size 942x38
          text run at (0,0) width 942: "The first and last lines of text in the regions below should be clipped to the green box. The overflow section sizes itself"
          text run at (0,19) width 917: "and clips differently in each region. The green box should be even with the lime floats at the top of the first region."
      RenderBlock {DIV} at (0,54) size 964x148
        RenderBlock {DIV} at (5,5) size 954x138 [border: (1px solid #0000FF)]
          RenderBlock (floating) {DIV} at (6,6) size 50x50 [bgcolor=#00FF00]
          RenderBlock (floating) {DIV} at (898,6) size 50x50 [bgcolor=#00FF00]
      RenderBlock {DIV} at (0,202) size 964x456
        RenderBlock {DIV} at (0,0) size 402x152 [border: (1px solid #000000)]
        RenderBlock {DIV} at (0,152) size 402x152 [border: (1px solid #000000)]
        RenderBlock {DIV} at (0,304) size 402x152 [border: (1px solid #000000)]
layer at (69,81) size 842x126 clip at (70,82) size 840x124
  RenderBlock {DIV} at (56,6) size 842x126 [border: (1px solid #008000)]
    RenderBlock {P} at (1,17) size 840x38
      RenderText {#text} at (0,0) size 840x38
        text run at (0,0) width 689: "These lines will not spill out of the regions. These lines will not spill out of the regions. "
        text run at (689,0) width 151: "These lines will not"
        text run at (0,19) width 524: "spill out of the regions. These lines will not spill out of the regions."
    RenderBlock {P} at (1,71) size 840x38
      RenderText {#text} at (0,0) size 840x38
        text run at (0,0) width 689: "These lines will not spill out of the regions. These lines will not spill out of the regions. "
        text run at (689,0) width 151: "These lines will not"
        text run at (0,19) width 524: "spill out of the regions. These lines will not spill out of the regions."
