layer at (0,0) size 980x1064
  RenderView at (0,0) size 980x735
layer at (0,0) size 980x1064
  RenderBlock {HTML} at (0,0) size 980x1064
    RenderBody {BODY} at (8,16) size 964x1040
      RenderBlock {DIV} at (0,0) size 964x19
        RenderBlock {P} at (0,0) size 964x19 [bgcolor=#FF0000]
          RenderText {#text} at (0,0) size 327x19
            text run at (0,0) width 327: "Green background text styled in region1."
      RenderBlock {DIV} at (0,35) size 280x30
      RenderBlock {DIV} at (0,81) size 964x54
        RenderBlock {P} at (0,0) size 964x19 [bgcolor=#FF0000]
          RenderText {#text} at (0,0) size 337x19
            text run at (0,0) width 337: "Green background text styled in region21."
        RenderBlock {P} at (0,35) size 964x19 [bgcolor=#FF0000]
          RenderText {#text} at (0,0) size 327x19
            text run at (0,0) width 327: "Lime background text styled in region22."
      RenderBlock {DIV} at (0,151) size 280x50
      RenderBlock {DIV} at (0,201) size 280x30
      RenderBlock {DIV} at (0,247) size 964x38
        RenderBlock {P} at (0,0) size 964x38 [bgcolor=#FF0000]
          RenderText {#text} at (0,0) size 920x38
            text run at (0,0) width 920: "Green background text styled in region31. Lime background text styled in region32. Lime background text styled in"
            text run at (0,19) width 418: "region32. Green background text styled in region31."
      RenderBlock {DIV} at (0,301) size 280x50
      RenderBlock {DIV} at (0,351) size 280x50
      RenderBlock {DIV} at (0,401) size 280x30
      RenderBlock {DIV} at (0,447) size 964x54
        RenderBlock {P} at (0,0) size 964x19 [bgcolor=#FF0000]
          RenderText {#text} at (0,0) size 342x19
            text run at (0,0) width 342: "Green background text styled in region 41."
        RenderBlock {P} at (0,35) size 964x19 [bgcolor=#FF0000]
          RenderText {#text} at (0,0) size 342x19
            text run at (0,0) width 342: "Green background text styled in region 41."
      RenderBlock {DIV} at (0,517) size 964x54
        RenderBlock {P} at (0,0) size 964x19 [bgcolor=#FF0000]
          RenderText {#text} at (0,0) size 332x19
            text run at (0,0) width 332: "Lime background text styled in region 42."
        RenderBlock {P} at (0,35) size 964x19 [bgcolor=#FF0000]
          RenderText {#text} at (0,0) size 332x19
            text run at (0,0) width 332: "Lime background text styled in region 42."
      RenderBlock {DIV} at (0,587) size 280x50
      RenderBlock {DIV} at (0,637) size 280x50
      RenderBlock {DIV} at (0,687) size 280x30
      RenderBlock {DIV} at (0,717) size 280x30
      RenderBlock {DIV} at (0,763) size 964x19
        RenderBlock {P} at (0,0) size 964x19 [bgcolor=#FF0000]
          RenderInline {I} at (0,0) size 377x19
            RenderInline {B} at (0,0) size 377x19
              RenderText {#text} at (0,0) size 377x19
                text run at (0,0) width 377: "Green background, styled text in region5."
      RenderBlock {DIV} at (0,798) size 280x30
      RenderBlock {DIV} at (0,844) size 964x19
        RenderBlock {P} at (0,0) size 964x19 [bgcolor=#FF0000]
          RenderText {#text} at (0,0) size 324x19
            text run at (0,0) width 324: "Transparent background text in region6."
      RenderBlock {DIV} at (0,879) size 280x30
      RenderBlock {DIV} at (0,925) size 964x19
        RenderBlock {P} at (0,0) size 964x19 [bgcolor=#008000]
          RenderText {#text} at (0,0) size 629x19
            text run at (0,0) width 629: "Transparent background text in region71. Green background text in region 72."
      RenderBlock {DIV} at (0,960) size 280x50
      RenderBlock {DIV} at (0,1010) size 280x30
