layer at (0,0) size 980x1023
  RenderView at (0,0) size 980x735
layer at (0,0) size 980x1023
  RenderBlock {HTML} at (0,0) size 980x1023
    RenderBody {BODY} at (8,16) size 964x999
      RenderBlock {DIV} at (0,0) size 964x19
        RenderBlock {P} at (0,0) size 964x19 [bgcolor=#FF0000]
          RenderText {#text} at (0,0) size 327x19
            text run at (0,0) width 327: "Green background text styled in region1."
      RenderBlock {DIV} at (0,35) size 280x50
      RenderBlock {DIV} at (0,101) size 964x38
        RenderBlock {P} at (0,0) size 280x38 [bgcolor=#00FF00]
          RenderText {#text} at (0,0) size 258x38
            text run at (0,0) width 258: "Lime background text styled out"
            text run at (0,19) width 66: "region2."
      RenderBlock {DIV} at (0,155) size 964x0
      RenderBlock {DIV} at (0,155) size 964x54
        RenderBlock {P} at (0,0) size 964x19 [bgcolor=#FF0000]
          RenderText {#text} at (0,0) size 337x19
            text run at (0,0) width 337: "Green background text styled in region31."
        RenderBlock {P} at (0,35) size 964x19 [bgcolor=#FF0000]
          RenderText {#text} at (0,0) size 327x19
            text run at (0,0) width 327: "Lime background text styled in region32."
      RenderBlock {DIV} at (0,225) size 280x50
      RenderBlock {DIV} at (0,275) size 280x30
      RenderBlock {DIV} at (0,321) size 964x54
        RenderBlock {P} at (0,0) size 964x19 [bgcolor=#FF0000]
          RenderText {#text} at (0,0) size 337x19
            text run at (0,0) width 337: "Green background text styled in region41."
        RenderBlock {P} at (0,35) size 964x19 [bgcolor=#FF0000]
          RenderText {#text} at (0,0) size 327x19
            text run at (0,0) width 327: "Lime background text styled in region42."
      RenderBlock {DIV} at (0,391) size 280x50
      RenderBlock {DIV} at (0,441) size 280x30
      RenderBlock {DIV} at (0,487) size 964x54
        RenderBlock {P} at (0,0) size 964x19 [bgcolor=#FF0000]
          RenderText {#text} at (0,0) size 337x19
            text run at (0,0) width 337: "Green background text styled in region51."
        RenderBlock {P} at (0,35) size 964x19 [bgcolor=#FF0000]
          RenderText {#text} at (0,0) size 337x19
            text run at (0,0) width 337: "Green background text styled in region51."
      RenderBlock {DIV} at (0,557) size 280x100
      RenderBlock {DIV} at (0,657) size 280x10
      RenderBlock {DIV} at (0,683) size 964x54
        RenderBlock {P} at (0,0) size 964x19 [bgcolor=#FF0000]
          RenderText {#text} at (0,0) size 337x19
            text run at (0,0) width 337: "Green background text styled in region61."
        RenderBlock {P} at (0,35) size 964x19 [bgcolor=#FF0000]
          RenderText {#text} at (0,0) size 327x19
            text run at (0,0) width 327: "Lime background text styled in region62."
      RenderBlock {DIV} at (0,753) size 280x50
      RenderBlock {DIV} at (0,803) size 280x30
      RenderBlock {DIV} at (0,849) size 964x54
        RenderBlock {P} at (0,0) size 964x19 [bgcolor=#FF0000]
          RenderText {#text} at (0,0) size 337x19
            text run at (0,0) width 337: "Green background text styled in region71."
        RenderBlock {P} at (0,35) size 964x19 [bgcolor=#FF0000]
          RenderText {#text} at (0,0) size 327x19
            text run at (0,0) width 327: "Lime background text styled in region72."
      RenderBlock {DIV} at (0,919) size 280x50
      RenderBlock {DIV} at (0,969) size 280x30
