layer at (0,0) size 800x600
  RenderView at (0,0) size 800x600
layer at (0,0) size 642x600
  RenderBlock {HTML} at (0,0) size 642x600
    RenderBody {BODY} at (8,8) size 626x584
      RenderBlock {DIV} at (0,0) size 626x584
        RenderRegion {DIV} at (0,0) size 202x102 [border: (1px solid #000000)]
        RenderRegion {DIV} at (202,0) size 302x182 [border: (1px solid #000000)]
        RenderRegion {DIV} at (504,0) size 122x122 [border: (1px solid #000000)]
Flow Threads
  Thread with flow-name 'flow1'
    layer at (0,0) size 620x180
      RenderFlowThread at (0,0) size 620x180
        RenderBlock {DIV} at (0,0) size 910x180
          RenderBlock {DIV} at (5,5) size 900x170 [border: (1px solid #0000FF)]
            RenderBlock {DIV} at (11,11) size 878x148 [border: (1px solid #008000)]
              RenderBlock {P} at (17,1) size 338x146
                RenderText {#text} at (0,0) size 338x146
                  text run at (0,0) width 66: "This line"
                  text run at (19,0) width 66: "of text"
                  text run at (38,0) width 52: "should"
                  text run at (57,0) width 66: "not get"
                  text run at (76,0) width 66: "out of"
                  text run at (95,0) width 26: "the"
                  text run at (114,0) width 56: "region."
                  text run at (133,0) width 66: "This line"
                  text run at (167,0) width 146: "of text should not"
                  text run at (186,0) width 146: "get out of the"
                  text run at (205,0) width 146: "region. This line"
                  text run at (224,0) width 146: "of text should not"
                  text run at (243,0) width 146: "get out of the"
                  text run at (262,0) width 146: "region. This line"
                  text run at (281,0) width 146: "of text should not"
                  text run at (300,0) width 146: "get out of the"
                  text run at (319,0) width 56: "region."
              RenderBlock {P} at (371,1) size 360x146
                RenderText {#text} at (0,0) size 360x146
                  text run at (0,0) width 146: "This line of text"
                  text run at (19,0) width 146: "should not get out"
                  text run at (38,0) width 146: "of the region. This"
                  text run at (57,0) width 146: "line of text should"
                  text run at (76,0) width 146: "not get out of the"
                  text run at (113,0) width 56: "region."
                  text run at (132,0) width 86: "This line of"
                  text run at (151,0) width 31: "text"
                  text run at (170,0) width 86: "should not"
                  text run at (189,0) width 86: "get out of"
                  text run at (208,0) width 26: "the"
                  text run at (227,0) width 56: "region."
                  text run at (246,0) width 86: "This line of"
                  text run at (265,0) width 31: "text"
                  text run at (284,0) width 86: "should not"
                  text run at (303,0) width 86: "get out of"
                  text run at (322,0) width 26: "the"
                  text run at (341,0) width 56: "region."
              RenderBlock {P} at (747,1) size 114x146
                RenderText {#text} at (0,0) size 114x86
                  text run at (0,0) width 86: "This line of"
                  text run at (19,0) width 31: "text"
                  text run at (38,0) width 86: "should not"
                  text run at (57,0) width 86: "get out of"
                  text run at (76,0) width 26: "the"
                  text run at (95,0) width 56: "region."
  Regions for flow 'flow1'
    RenderRegion {DIV} #region1
    RenderRegion {DIV} #region2
    RenderRegion {DIV} #region3
