layer at (0,0) size 980x735
  RenderView at (0,0) size 980x735
layer at (0,0) size 980x650
  RenderBlock {HTML} at (0,0) size 980x650
    RenderBody {BODY} at (8,8) size 964x634
      RenderBlock {DIV} at (0,0) size 964x228
        RenderBlock {DIV} at (5,5) size 954x218 [border: (1px solid #0000FF)]
          RenderBlock {DIV} at (11,11) size 932x196 [border: (1px solid #008000)]
            RenderBlock {P} at (1,17) size 930x19
              RenderText {#text} at (0,0) size 385x19
                text run at (0,0) width 385: "This line of text should not get out of the region."
            RenderBlock (floating) {DIV} at (859,52) size 72x37 [border: (1px solid #FF0000)]
              RenderText {#text} at (1,1) size 54x19
                text run at (1,1) width 54: "Float 1"
            RenderBlock (anonymous) at (1,52) size 930x38
              RenderText {#text} at (0,0) size 858x38
                text run at (0,0) width 858: "This line of text should not get out of the region. This line of text should not get out of the region. This line"
                text run at (0,19) width 315: "of text should not get out of the region."
            RenderBlock {P} at (1,106) size 930x0
            RenderBlock {P} at (1,106) size 930x38
              RenderText {#text} at (0,0) size 930x38
                text run at (0,0) width 930: "This line of text should not get out of the region. This line of text should not get out of the region. This line of text"
                text run at (0,19) width 648: "should not get out of the region. This line of text should not get out of the region."
            RenderBlock {P} at (1,160) size 930x19
              RenderText {#text} at (0,0) size 385x19
                text run at (0,0) width 385: "This line of text should not get out of the region."
      RenderBlock {DIV} at (0,228) size 964x406
        RenderBlock {DIV} at (0,0) size 202x102 [border: (1px solid #000000)]
        RenderBlock {DIV} at (0,102) size 302x182 [border: (1px solid #000000)]
        RenderBlock {DIV} at (0,284) size 122x122 [border: (1px solid #000000)]
