layer at (0,0) size 980x835
  RenderView at (0,0) size 980x735
layer at (0,0) size 980x835
  RenderBlock {HTML} at (0,0) size 980x835
    RenderBody {BODY} at (8,16) size 964x811
      RenderBlock {P} at (0,0) size 964x38
        RenderText {#text} at (0,0) size 947x38
          text run at (0,0) width 947: "In the example below, the first float pushes content into region #2, and the second float pushes both floats into region"
          text run at (0,19) width 28: "#3."
      RenderBlock {DIV} at (0,54) size 964x231
        RenderBlock {DIV} at (5,5) size 954x221 [border: (1px solid #0000FF)]
          RenderBlock {DIV} at (11,11) size 932x199 [border: (1px solid #008000)]
            RenderBlock {P} at (1,17) size 930x57
              RenderImage {IMG} at (0,0) size 130x110 [bgcolor=#008000]
              RenderImage {IMG} at (800,0) size 130x130 [bgcolor=#FFFF00]
              RenderText {#text} at (130,0) size 670x57
                text run at (130,0) width 333: "This line of text should not get out of the "
                text run at (463,0) width 337: "region. This line of text should not get out"
                text run at (130,19) width 670: "of the region. This line of text should not get out of the region. This line of text"
                text run at (130,38) width 258: "should not get out of the region."
            RenderBlock {P} at (1,90) size 930x57
              RenderText {#text} at (130,0) size 800x57
                text run at (130,0) width 670: "This line of text should not get out of the region. This line of text should not get out"
                text run at (130,19) width 670: "of the region. This line of text should not get out of the region. This line of text"
                text run at (0,38) width 258: "should not get out of the region."
            RenderBlock {P} at (1,163) size 930x19
              RenderText {#text} at (0,0) size 385x19
                text run at (0,0) width 385: "This line of text should not get out of the region."
      RenderBlock {DIV} at (0,285) size 964x526
        RenderBlock {DIV} at (0,0) size 402x102 [border: (1px solid #000000)]
        RenderBlock {DIV} at (0,102) size 302x122 [border: (1px solid #000000)]
        RenderBlock {DIV} at (0,224) size 402x302 [border: (1px solid #000000)]
