layer at (0,0) size 800x600
  RenderView at (0,0) size 800x600
layer at (0,0) size 800x600
  RenderBlock {HTML} at (0,0) size 800x600
    RenderBody {BODY} at (8,8) size 784x584
      RenderText {#text} at (0,0) size 764x42
        text run at (0,0) width 381: "In this test, you should see three blocks that are aligned right within a black box. "
        text run at (381,0) width 383: "They should be stacked vertically with the green box in between two olive boxes."
        text run at (0,14) width 623: "The olive boxes and the green box should be 100x100, and there should be 100 pixels of padding on the right side of the box stack. "
        text run at (623,14) width 141: "The black box's top should be"
        text run at (0,28) width 549: "aligned with the end of the last line in this parargaph and its left side should begin right after the end of this sentence."
      RenderText {#text} at (0,0) size 0x0
layer at (557,36) size 240x340
  RenderBlock (positioned) {SPAN} at (557,36) size 240x340 [border: (20px solid #000000)]
layer at (677,156) size 100x100
  RenderBlock (positioned) {DIV} at (120,120) size 100x100 [bgcolor=#008000]
layer at (677,56) size 100x100
  RenderBlock (positioned) {DIV} at (120,20) size 100x100 [bgcolor=#808000]
layer at (677,256) size 100x100
  RenderBlock (positioned) {DIV} at (120,220) size 100x100 [bgcolor=#808000]
