layer at (0,0) size 980x735
  RenderView at (0,0) size 980x735
layer at (0,0) size 980x311
  RenderBlock {HTML} at (0,0) size 980x311
    RenderBody {BODY} at (8,16) size 964x287
      RenderBlock {P} at (0,0) size 964x19
        RenderText {#text} at (0,0) size 333x19
          text run at (0,0) width 333: "Left and right sides should look the same."
      RenderBlock (anonymous) at (0,35) size 964x252
        RenderBlock {DIV} at (50,50) size 202x152 [border: (1px solid #000000)]
        RenderText {#text} at (302,150) size 5x19
          text run at (302,150) width 5: " "
        RenderText {#text} at (0,0) size 0x0
layer at (59,139) size 200x86
  RenderBlock {P} at (1,38) size 200x86 [color=#0000FF]
    RenderText {#text} at (4,0) size 192x86
      text run at (4,0) width 192: "Shadowed"
      text run at (62,43) width 76: "text"
layer at (365,101) size 202x152
  RenderBlock {DIV} at (357,50) size 202x152 [border: (1px solid #000000)]
layer at (366,139) size 200x86
  RenderBlock {P} at (1,38) size 200x86 [color=#0000FF]
    RenderText {#text} at (4,0) size 192x86
      text run at (4,0) width 192: "Shadowed"
      text run at (62,43) width 76: "text"
