layer at (0,0) size 800x600
  RenderView at (0,0) size 800x600
layer at (0,0) size 800x303
  RenderBlock {HTML} at (0,0) size 800x303
    RenderBody {BODY} at (8,12) size 784x283
      RenderBlock {P} at (0,0) size 784x14
        RenderText {#text} at (0,0) size 45x14
          text run at (0,0) width 45: "Tests for "
        RenderInline {A} at (0,0) size 230x14 [color=#0000EE]
          RenderText {#text} at (45,0) size 230x14
            text run at (45,0) width 230: "https://bugs.webkit.org/show_bug.cgi?id=24552"
      RenderBlock (anonymous) at (0,26) size 784x123
        RenderText {#text} at (120,109) size 3x14
          text run at (120,109) width 3: " "
        RenderInline {A} at (0,0) size 45x14 [color=#0000EE]
          RenderText {#text} at (123,109) size 45x14
            text run at (123,109) width 45: "Link here"
        RenderText {#text} at (0,0) size 0x0
      RenderBlock {DIV} at (0,269) size 784x14
        RenderText {#text} at (0,0) size 152x14
          text run at (0,0) width 152: "Did not find link node, so FAIL"
layer at (18,48) size 100x100
  RenderBlock {DIV} at (10,10) size 100x100 [bgcolor=#808080]
