layer at (0,0) size 800x600
  RenderView at (0,0) size 800x600
layer at (0,0) size 800x600
  RenderBlock {HTML} at (0,0) size 800x600
    RenderBody {BODY} at (8,8) size 784x584
      RenderBlock {P} at (0,0) size 784x28
        RenderText {#text} at (0,0) size 40x14
          text run at (0,0) width 40: "Test for "
        RenderInline {I} at (0,0) size 757x28
          RenderInline {A} at (0,0) size 262x14 [color=#0000EE]
            RenderText {#text} at (40,0) size 262x14
              text run at (40,0) width 262: "http://bugzilla.opendarwin.org/show_bug.cgi?id=9193"
          RenderText {#text} at (302,0) size 757x28
            text run at (302,0) width 3: " "
            text run at (305,0) width 452: "REGRESSION: setting an opacity on an element with an outline causes the outline to disappear"
            text run at (0,14) width 50: "completely"
        RenderText {#text} at (50,14) size 3x14
          text run at (50,14) width 3: "."
      RenderBlock {HR} at (0,40) size 784x2 [border: (1px inset #000000)]
layer at (8,56) size 100x100
  RenderBlock {DIV} at (0,48) size 100x100 [bgcolor=#C0C0C0]
