layer at (0,0) size 800x628
  RenderView at (0,0) size 800x600
layer at (0,0) size 800x628
  RenderBlock {HTML} at (0,0) size 800x628
    RenderBody {BODY} at (8,8) size 784x600
      RenderBlock {P} at (0,0) size 784x14
        RenderText {#text} at (0,0) size 40x14
          text run at (0,0) width 40: "Test for "
        RenderInline {I} at (0,0) size 540x14
          RenderInline {A} at (0,0) size 226x14 [color=#0000EE]
            RenderText {#text} at (40,0) size 226x14
              text run at (40,0) width 226: "http://bugs.webkit.org/show_bug.cgi?id=14875"
          RenderText {#text} at (266,0) size 314x14
            text run at (266,0) width 3: " "
            text run at (269,0) width 311: "Textarea with nowrap - left/right nav, Up/down nav both hide text"
        RenderText {#text} at (580,0) size 3x14
          text run at (580,0) width 3: "."
      RenderBlock {P} at (0,26) size 784x14
        RenderText {#text} at (0,0) size 342x14
          text run at (0,0) width 342: "The letter A should be fully visible in each one of the eight boxes below."
layer at (28,68) size 150x50 scrollX 50 scrollWidth 200
  RenderBlock {DIV} at (20,60) size 150x50
    RenderBlock {DIV} at (0,0) size 200x14
      RenderText {#text} at (191,0) size 9x14
        text run at (191,0) width 9: "A"
layer at (28,138) size 160x50 clip at (38,138) size 150x50 scrollX 50 scrollWidth 200
  RenderBlock {DIV} at (20,130) size 160x50 [border: (10px solid #000000)]
    RenderBlock {DIV} at (10,0) size 200x14
      RenderText {#text} at (191,0) size 9x14
        text run at (191,0) width 9: "A"
layer at (28,208) size 160x50 clip at (28,208) size 150x50 scrollX 50 scrollWidth 200
  RenderBlock {DIV} at (20,200) size 160x50 [border: (10px solid #000000) none]
    RenderBlock {DIV} at (0,0) size 200x14
      RenderText {#text} at (191,0) size 9x14
        text run at (191,0) width 9: "A"
layer at (28,278) size 150x50 scrollX 50 scrollWidth 200
  RenderBlock {DIV} at (20,270) size 150x50
    RenderBlock {DIV} at (0,0) size 200x14
      RenderText {#text} at (191,0) size 9x14
        text run at (191,0) width 9: "A"
layer at (28,348) size 150x50 scrollWidth 200
  RenderBlock {DIV} at (20,340) size 150x50
    RenderBlock {DIV} at (0,0) size 200x14
      RenderText {#text} at (0,0) size 9x14
        text run at (0,0) width 9: "A"
layer at (28,418) size 160x50 clip at (38,418) size 150x50 scrollWidth 200
  RenderBlock {DIV} at (20,410) size 160x50 [border: (10px solid #000000)]
    RenderBlock {DIV} at (10,0) size 200x14
      RenderText {#text} at (0,0) size 9x14
        text run at (0,0) width 9: "A"
layer at (28,488) size 160x50 clip at (28,488) size 150x50 scrollWidth 200
  RenderBlock {DIV} at (20,480) size 160x50 [border: (10px solid #000000) none]
    RenderBlock {DIV} at (0,0) size 200x14
      RenderText {#text} at (0,0) size 9x14
        text run at (0,0) width 9: "A"
layer at (28,558) size 150x50 scrollWidth 200
  RenderBlock {DIV} at (20,550) size 150x50
    RenderBlock {DIV} at (0,0) size 200x14
      RenderText {#text} at (0,0) size 9x14
        text run at (0,0) width 9: "A"
