layer at (0,0) size 980x735
  RenderView at (0,0) size 980x735
layer at (0,0) size 135x735
  RenderBlock {HTML} at (0,0) size 135x735
    RenderBody {BODY} at (8,8) size 119x719
      RenderBlock (anonymous) at (0,0) size 19x719
        RenderInline {DIV} at (0,0) size 16x528 [color=#FFFFFF] [bgcolor=#FF0000]
          RenderText {#text} at (1,0) size 16x528
            text run at (1,0) width 528: "Ahem_font_required_for_this_test."
        RenderText {#text} at (0,0) size 0x0
layer at (27,8) size 100x300
  RenderBlock (relative positioned) {DIV} at (19,0) size 100x300 [bgcolor=#FF0000]
    RenderBlock {DIV} at (0,0) size 200x600 [color=#008000]
      RenderText {#text} at (0,0) size 100x300
        text run at (0,0) width 300: "XXX"
