layer at (0,0) size 980x735
  RenderView at (0,0) size 980x735
layer at (0,0) size 980x463
  RenderBlock {HTML} at (0,0) size 980x463
    RenderBody {BODY} at (8,16) size 964x439
      RenderBlock {P} at (0,0) size 964x19
        RenderInline {B} at (0,0) size 69x19
          RenderText {#text} at (0,0) size 69x19
            text run at (0,0) width 69: "BUG ID:"
        RenderText {#text} at (69,0) size 5x19
          text run at (69,0) width 5: " "
        RenderInline {A} at (0,0) size 141x19 [color=#0000EE]
          RenderText {#text} at (74,0) size 141x19
            text run at (74,0) width 141: "Bugzilla bug 8467"
        RenderText {#text} at (215,0) size 632x19
          text run at (215,0) width 632: " Block with percentage background-size doesn't repaint properly when it grows"
      RenderBlock {P} at (0,35) size 964x44 [bgcolor=#98FB98]
        RenderInline {B} at (0,0) size 105x19
          RenderText {#text} at (3,3) size 105x19
            text run at (3,3) width 105: "TEST PASS:"
        RenderText {#text} at (108,3) size 952x38
          text run at (108,3) width 5: " "
          text run at (113,3) width 842: "The boxes will resize, and their background images will repaint correctly maintaining the set background-"
          text run at (3,22) width 35: "size."
      RenderBlock {P} at (0,95) size 964x25 [bgcolor=#FF3300]
        RenderInline {B} at (0,0) size 96x19
          RenderText {#text} at (3,3) size 96x19
            text run at (3,3) width 96: "TEST FAIL:"
        RenderText {#text} at (99,3) size 654x19
          text run at (99,3) width 5: " "
          text run at (104,3) width 649: "The boxes will resize, but the background images will leave artifacts on the sides."
      RenderBlock {DIV} at (0,136) size 222x142 [border: (1px solid #0000FF)]
        RenderBlock {DIV} at (11,21) size 200x40
      RenderBlock (anonymous) at (0,278) size 964x19
        RenderBR {BR} at (0,0) size 0x19
      RenderBlock {DIV} at (0,297) size 222x142 [border: (1px solid #0000FF)]
        RenderBlock {DIV} at (11,21) size 200x60
layer at (29,173) size 180x40
  RenderBlock {DIV} at (10,0) size 180x40 [bgcolor=#008080]
layer at (29,334) size 180x60
  RenderBlock {DIV} at (10,0) size 180x60 [bgcolor=#008080]
