layer at (0,0) size 980x735
  RenderView at (0,0) size 980x735
layer at (0,0) size 980x735
  RenderBlock {HTML} at (0,0) size 980x735
    RenderBody {BODY} at (0,0) size 980x735
      RenderBlock {DIV} at (0,0) size 200x200
layer at (0,0) size 76x19
  RenderBlock (positioned) {DIV} at (0,0) size 76x19
    RenderBlock {DIV} at (0,0) size 76x19
      RenderText {#text} at (0,0) size 76x19
        text run at (0,0) width 76: "La la la la"
