layer at (0,0) size 980x735
  RenderView at (0,0) size 980x735
layer at (0,0) size 980x735
  RenderBlock {HTML} at (0,0) size 980x735
    RenderBody {BODY} at (8,8) size 964x719
      RenderTable {TABLE} at (0,0) size 106x212
        RenderTableSection {TBODY} at (0,0) size 106x212
          RenderTableRow {TR} at (0,2) size 106x100
            RenderTableCell {TD} at (2,51) size 102x2 [r=0 c=0 rs=1 cs=1]
          RenderTableRow {TR} at (0,104) size 106x106
            RenderTableCell {TD} at (2,104) size 102x106 [bgcolor=#008000] [r=1 c=0 rs=1 cs=1]
              RenderText {#text} at (1,86) size 5x19
                text run at (1,86) width 5: " "
              RenderBlock {DIV} at (6,1) size 10x100
