layer at (0,0) size 980x735
  RenderView at (0,0) size 980x735
layer at (0,0) size 980x735
  RenderBlock {HTML} at (0,0) size 980x735
    RenderBody {BODY} at (0,0) size 980x735
      RenderBlock {P} at (0,0) size 980x19
        RenderText {#text} at (0,0) size 284x19
          text run at (0,0) width 284: "This is a test for regression against "
        RenderInline {A} at (0,0) size 380x19 [color=#0000EE]
          RenderText {#text} at (284,0) size 380x19
            text run at (284,0) width 380: "https://bugs.webkit.org/show_bug.cgi?id=40142"
      RenderBlock {DIV} at (0,35) size 980x102
        RenderBlock {DIV} at (0,0) size 602x102 [border: (1px solid #DDDDDD)]
          RenderBlock (floating) {SPAN} at (235,1) size 366x19
            RenderText {#text} at (0,0) size 366x19
              text run at (0,0) width 366: "the quick brown fox jumped over the lazy dog"
layer at (118,36) size 366x19
  RenderBlock (positioned) {SPAN} at (118,36) size 366x19
    RenderText {#text} at (0,0) size 366x19
      text run at (0,0) width 366: "the quick brown fox jumped over the lazy dog"
