layer at (0,0) size 980x735
  RenderView at (0,0) size 980x735
layer at (0,0) size 980x482
  RenderBlock {HTML} at (0,0) size 980x482
    RenderBody {BODY} at (8,16) size 964x458
      RenderBlock {P} at (0,0) size 964x19
        RenderInline {B} at (0,0) size 69x19
          RenderText {#text} at (0,0) size 69x19
            text run at (0,0) width 69: "BUG ID:"
        RenderText {#text} at (69,0) size 5x19
          text run at (69,0) width 5: " "
        RenderInline {A} at (0,0) size 141x19 [color=#0000EE]
          RenderText {#text} at (74,0) size 141x19
            text run at (74,0) width 141: "Bugzilla bug 6301"
        RenderText {#text} at (215,0) size 284x19
          text run at (215,0) width 284: " REGRESSION: Border repaint glitch"
      RenderBlock {P} at (0,35) size 964x25 [bgcolor=#98FB98]
        RenderInline {B} at (0,0) size 105x19
          RenderText {#text} at (3,3) size 105x19
            text run at (3,3) width 105: "TEST PASS:"
        RenderText {#text} at (108,3) size 558x19
          text run at (108,3) width 5: " "
          text run at (113,3) width 553: "The boxes will resize, maintaining their solid red rectangular borders."
      RenderBlock {P} at (0,76) size 964x63 [bgcolor=#FF3300]
        RenderInline {B} at (0,0) size 96x19
          RenderText {#text} at (3,3) size 96x19
            text run at (3,3) width 96: "TEST FAIL:"
        RenderText {#text} at (99,3) size 940x57
          text run at (99,3) width 5: " "
          text run at (104,3) width 835: "The boxes will resize, but the borders will break. The first box will be missing small segments from either"
          text run at (3,22) width 940: "side of its bottom border. The second box will have small red horizontal segments protruding inwards from both sides"
          text run at (3,41) width 418: "of the border, where the bottom border was before."
      RenderBlock {DIV} at (0,155) size 222x142 [border: (1px solid #0000FF)]
        RenderBlock {DIV} at (11,11) size 200x68 [bgcolor=#008080] [border: (4px solid #FF0000)]
          RenderBlock {DIV} at (14,14) size 172x40 [bgcolor=#C0C0C0]
      RenderBlock (anonymous) at (0,297) size 964x19
        RenderBR {BR} at (0,0) size 0x19
      RenderBlock {DIV} at (0,316) size 222x142 [border: (1px solid #0000FF)]
        RenderBlock {DIV} at (11,11) size 200x88 [bgcolor=#008080] [border: (4px solid #FF0000)]
          RenderBlock {DIV} at (14,14) size 172x60 [bgcolor=#C0C0C0]
