layer at (0,0) size 980x735
  RenderView at (0,0) size 980x735
layer at (0,0) size 980x517
  RenderBlock {HTML} at (0,0) size 980x517
    RenderBody {BODY} at (8,8) size 964x0
      RenderBlock (floating) {DIV} at (0,0) size 151x509
        RenderBlock {DIV} at (10,10) size 40x40 [bgcolor=#FFFF77]
        RenderTable {TABLE} at (10,290) size 40x40 [bgcolor=#FFFF77]
        RenderBlock (anonymous) at (0,340) size 151x64
          RenderHTMLCanvas {CANVAS} at (10,10) size 40x40 [bgcolor=#FFFF77]
          RenderText {#text} at (0,0) size 0x0
        RenderBlock {P} at (0,420) size 151x19
          RenderText {#text} at (0,0) size 57x19
            text run at (0,0) width 57: "Lorem "
          RenderInline {SPAN} at (0,0) size 48x19
            RenderText {#text} at (57,0) size 48x19
              text run at (57,0) width 48: "ipsum"
          RenderText {#text} at (105,0) size 46x19
            text run at (105,0) width 46: " dolor"
        RenderBlock {P} at (0,455) size 151x38
          RenderText {#text} at (0,0) size 105x19
            text run at (0,0) width 105: "Lorem ipsum"
          RenderBR {BR} at (105,0) size 0x19
          RenderText {#text} at (0,19) size 111x19
            text run at (0,19) width 111: "dolor sit amet"
      RenderBlock (floating) {DIV} at (161,0) size 151x455
        RenderBlock {DIV} at (10,10) size 40x40 [bgcolor=#FFFF77]
        RenderTable {TABLE} at (10,290) size 40x40 [bgcolor=#FFFF77]
        RenderBlock (anonymous) at (0,340) size 151x64
          RenderHTMLCanvas {CANVAS} at (10,10) size 40x40 [bgcolor=#FFFF77]
          RenderText {#text} at (0,0) size 0x0
        RenderBlock {P} at (0,420) size 151x19
          RenderText {#text} at (0,0) size 57x19
            text run at (0,0) width 57: "Lorem "
          RenderInline {SPAN} at (0,0) size 48x19
            RenderText {#text} at (57,0) size 48x19
              text run at (57,0) width 48: "ipsum"
          RenderText {#text} at (105,0) size 46x19
            text run at (105,0) width 46: " dolor"
      RenderBlock (floating) {DIV} at (322,0) size 151x455
        RenderBlock {DIV} at (10,10) size 40x40 [bgcolor=#FFFF77]
        RenderTable {TABLE} at (10,290) size 40x40 [bgcolor=#FFFF77]
        RenderBlock (anonymous) at (0,340) size 151x64
          RenderHTMLCanvas {CANVAS} at (10,10) size 40x40 [bgcolor=#FFFF77]
          RenderText {#text} at (0,0) size 0x0
        RenderBlock {P} at (0,420) size 151x19
          RenderText {#text} at (0,0) size 57x19
            text run at (0,0) width 57: "Lorem "
          RenderInline {SPAN} at (0,0) size 48x19
            RenderText {#text} at (57,0) size 48x19
              text run at (57,0) width 48: "ipsum"
          RenderText {#text} at (105,0) size 46x19
            text run at (105,0) width 46: " dolor"
      RenderBlock (floating) {DIV} at (483,0) size 151x455
        RenderBlock {DIV} at (10,10) size 40x40 [bgcolor=#FFFF77]
        RenderTable {TABLE} at (10,290) size 40x40 [bgcolor=#FFFF77]
        RenderBlock (anonymous) at (0,340) size 151x64
          RenderHTMLCanvas {CANVAS} at (10,10) size 40x40 [bgcolor=#FFFF77]
          RenderText {#text} at (0,0) size 0x0
        RenderBlock {P} at (0,420) size 151x19
          RenderText {#text} at (0,0) size 57x19
            text run at (0,0) width 57: "Lorem "
          RenderInline {SPAN} at (0,0) size 48x19
            RenderText {#text} at (57,0) size 48x19
              text run at (57,0) width 48: "ipsum"
          RenderText {#text} at (105,0) size 46x19
            text run at (105,0) width 46: " dolor"
      RenderBlock (floating) {DIV} at (644,0) size 151x455
        RenderBlock {DIV} at (10,10) size 40x40 [bgcolor=#FFFF77]
        RenderTable {TABLE} at (10,290) size 40x40 [bgcolor=#FFFF77]
        RenderBlock (anonymous) at (0,340) size 151x64
          RenderHTMLCanvas {CANVAS} at (10,10) size 40x40 [bgcolor=#FFFF77]
          RenderText {#text} at (0,0) size 0x0
        RenderBlock {P} at (0,420) size 151x19
          RenderText {#text} at (0,0) size 57x19
            text run at (0,0) width 57: "Lorem "
          RenderInline {SPAN} at (0,0) size 48x19
            RenderText {#text} at (57,0) size 48x19
              text run at (57,0) width 48: "ipsum"
          RenderText {#text} at (105,0) size 46x19
            text run at (105,0) width 46: " dolor"
layer at (18,248) size 40x40
  RenderBlock {DIV} at (10,240) size 40x40 [bgcolor=#FFFF77]
layer at (179,248) size 40x40
  RenderBlock {DIV} at (10,240) size 40x40 [bgcolor=#FFFF77]
layer at (340,248) size 40x40
  RenderBlock {DIV} at (10,240) size 40x40 [bgcolor=#FFFF77]
layer at (501,248) size 40x40
  RenderBlock {DIV} at (10,240) size 40x40 [bgcolor=#FFFF77]
layer at (662,248) size 40x40
  RenderBlock {DIV} at (10,240) size 40x40 [bgcolor=#FFFF77]
layer at (8,68) size 60x60
  RenderBlock (relative positioned) {DIV} at (0,60) size 60x60
layer at (18,78) size 40x40
  RenderBlock (positioned) {DIV} at (10,10) size 40x40 [bgcolor=#FFFF77]
layer at (8,128) size 60x60
  RenderBlock (relative positioned) {DIV} at (0,120) size 60x60
layer at (18,138) size 40x40 backgroundClip at (13,133) size 5x5 clip at (13,133) size 5x5 outlineClip at (13,133) size 5x5
  RenderBlock (positioned) {DIV} at (10,10) size 40x40 [bgcolor=#FFFF77]
layer at (18,198) size 40x40
  RenderBlock {DIV} at (10,190) size 40x40 [bgcolor=#FFFF77]
layer at (169,68) size 60x60
  RenderBlock (relative positioned) {DIV} at (0,60) size 60x60
layer at (179,78) size 40x40
  RenderBlock (positioned) {DIV} at (10,10) size 40x40 [bgcolor=#FFFF77]
layer at (169,128) size 60x60
  RenderBlock (relative positioned) {DIV} at (0,120) size 60x60
layer at (179,138) size 40x40 backgroundClip at (174,178) size 5x5 clip at (174,178) size 5x5 outlineClip at (174,178) size 5x5
  RenderBlock (positioned) {DIV} at (10,10) size 40x40 [bgcolor=#FFFF77]
layer at (179,198) size 40x40
  RenderBlock {DIV} at (10,190) size 40x40 [bgcolor=#FFFF77]
layer at (330,68) size 60x60
  RenderBlock (relative positioned) {DIV} at (0,60) size 60x60
layer at (340,78) size 40x40
  RenderBlock (positioned) {DIV} at (10,10) size 40x40 [bgcolor=#FFFF77]
layer at (330,128) size 60x60
  RenderBlock (relative positioned) {DIV} at (0,120) size 60x60
layer at (340,138) size 40x40 backgroundClip at (380,178) size 5x5 clip at (380,178) size 5x5 outlineClip at (380,178) size 5x5
  RenderBlock (positioned) {DIV} at (10,10) size 40x40 [bgcolor=#FFFF77]
layer at (340,198) size 40x40
  RenderBlock {DIV} at (10,190) size 40x40 [bgcolor=#FFFF77]
layer at (491,68) size 60x60
  RenderBlock (relative positioned) {DIV} at (0,60) size 60x60
layer at (501,78) size 40x40
  RenderBlock (positioned) {DIV} at (10,10) size 40x40 [bgcolor=#FFFF77]
layer at (491,128) size 60x60
  RenderBlock (relative positioned) {DIV} at (0,120) size 60x60
layer at (501,138) size 40x40 backgroundClip at (541,133) size 5x5 clip at (541,133) size 5x5 outlineClip at (541,133) size 5x5
  RenderBlock (positioned) {DIV} at (10,10) size 40x40 [bgcolor=#FFFF77]
layer at (501,198) size 40x40
  RenderBlock {DIV} at (10,190) size 40x40 [bgcolor=#FFFF77]
layer at (652,68) size 60x60
  RenderBlock (relative positioned) {DIV} at (0,60) size 60x60
layer at (662,78) size 40x40
  RenderBlock (positioned) {DIV} at (10,10) size 40x40 [bgcolor=#FFFF77]
layer at (652,128) size 60x60
  RenderBlock (relative positioned) {DIV} at (0,120) size 60x60
layer at (662,198) size 40x40
  RenderBlock {DIV} at (10,190) size 40x40 [bgcolor=#FFFF77]
