layer at (0,0) size 980x735
  RenderView at (0,0) size 980x735
layer at (0,0) size 980x299
  RenderBlock {HTML} at (0,0) size 980x299
    RenderBody {BODY} at (8,16) size 964x275
      RenderBlock {P} at (0,0) size 964x19
        RenderText {#text} at (0,0) size 487x19
          text run at (0,0) width 487: "Tests the repainting of box shadows when boxes are resized."
      RenderBlock {DIV} at (0,35) size 70x120
        RenderBlock {DIV} at (10,20) size 50x50 [bgcolor=#FFFF77]
          RenderBlock {DIV} at (10,0) size 30x50
      RenderBlock {DIV} at (0,155) size 70x120
        RenderBlock {DIV} at (10,20) size 50x50 [bgcolor=#FFFF77]
          RenderBlock {DIV} at (10,0) size 30x50
