layer at (0,0) size 980x735
  RenderView at (0,0) size 980x735
layer at (0,0) size 980x735
  RenderBlock {HTML} at (0,0) size 980x735
    RenderBody {BODY} at (8,8) size 964x719
      RenderBlock {P} at (0,0) size 964x19
        RenderInline {B} at (0,0) size 69x19
          RenderText {#text} at (0,0) size 69x19
            text run at (0,0) width 69: "BUG ID:"
        RenderText {#text} at (69,0) size 5x19
          text run at (69,0) width 5: " "
        RenderInline {A} at (0,0) size 141x19 [color=#0000EE]
          RenderText {#text} at (74,0) size 141x19
            text run at (74,0) width 141: "Bugzilla bug 3509"
        RenderText {#text} at (215,0) size 704x19
          text run at (215,0) width 704: " REGRESSION(125-412) Portion of nested table is not painted correctly on cafepress site"
      RenderBlock {P} at (0,35) size 964x25 [bgcolor=#98FB98]
        RenderInline {B} at (0,0) size 105x19
          RenderText {#text} at (3,3) size 105x19
            text run at (3,3) width 105: "TEST PASS:"
        RenderText {#text} at (108,3) size 364x19
          text run at (108,3) width 5: " "
          text run at (113,3) width 359: "The blue rectangle will change into a square."
      RenderBlock {P} at (0,76) size 964x25 [bgcolor=#FF3300]
        RenderInline {B} at (0,0) size 96x19
          RenderText {#text} at (3,3) size 96x19
            text run at (3,3) width 96: "TEST FAIL:"
        RenderText {#text} at (99,3) size 502x19
          text run at (99,3) width 5: " "
          text run at (104,3) width 497: "The blue rectangle will change into a shape that is not square."
      RenderTable {TABLE} at (0,117) size 964x106
        RenderTableSection {TBODY} at (0,0) size 964x106
          RenderTableRow {TR} at (0,2) size 964x102
            RenderTableCell {TD} at (2,2) size 960x102 [r=0 c=0 rs=1 cs=1]
              RenderBlock {DIV} at (1,33) size 958x0
              RenderBlock {DIV} at (1,1) size 100x100 [bgcolor=#0000FF]
                RenderText {#text} at (0,0) size 5x19
                  text run at (0,0) width 5: " "
