layer at (0,0) size 980x735
  RenderView at (0,0) size 980x735
layer at (0,0) size 980x260
  RenderBlock {HTML} at (0,0) size 980x260
    RenderBody {BODY} at (8,16) size 964x236
      RenderBlock {P} at (0,0) size 964x19
        RenderInline {B} at (0,0) size 69x19
          RenderText {#text} at (0,0) size 69x19
            text run at (0,0) width 69: "BUG ID:"
        RenderText {#text} at (69,0) size 5x19
          text run at (69,0) width 5: " "
        RenderInline {A} at (0,0) size 141x19 [color=#0000EE]
          RenderText {#text} at (74,0) size 141x19
            text run at (74,0) width 141: "Bugzilla bug 6388"
        RenderText {#text} at (215,0) size 602x19
          text run at (215,0) width 602: " REGRESSION: Incomplete repaint when dragging the map on Google maps"
      RenderBlock {P} at (0,35) size 964x25 [bgcolor=#98FB98]
        RenderInline {B} at (0,0) size 105x19
          RenderText {#text} at (3,3) size 105x19
            text run at (3,3) width 105: "TEST PASS:"
        RenderText {#text} at (108,3) size 306x19
          text run at (108,3) width 5: " "
          text run at (113,3) width 301: "The blue square will change to green."
      RenderBlock {P} at (0,76) size 964x25 [bgcolor=#FF3300]
        RenderInline {B} at (0,0) size 96x19
          RenderText {#text} at (3,3) size 96x19
            text run at (3,3) width 96: "TEST FAIL:"
        RenderText {#text} at (99,3) size 346x19
          text run at (99,3) width 5: " "
          text run at (104,3) width 341: "The blue square will NOT change to green."
      RenderBlock (anonymous) at (0,217) size 964x19
        RenderBR {BR} at (0,0) size 0x19
layer at (8,133) size 100x100
  RenderBlock (relative positioned) {DIV} at (0,117) size 100x100
layer at (-92,133) size 200x100 backgroundClip at (8,133) size 100x100 clip at (8,133) size 100x100 outlineClip at (8,133) size 100x100
  RenderBlock (positioned) {DIV} at (0,0) size 200x100 [bgcolor=#008000]
    RenderBlock {DIV} at (0,0) size 100x100 [bgcolor=#0000FF]
