layer at (0,0) size 980x735
  RenderView at (0,0) size 980x735
layer at (0,0) size 980x735
  RenderBlock {HTML} at (0,0) size 980x735
    RenderBody {BODY} at (8,8) size 964x719
      RenderButton {BUTTON} at (0,0) size 100x100 [bgcolor=#FFB6C1]
        RenderBlock (anonymous) at (6,42) size 88x15
          RenderText {#text} at (42,0) size 4x15
            text run at (42,0) width 4: " "
      RenderText {#text} at (0,0) size 0x0
