layer at (0,0) size 980x735
  RenderView at (0,0) size 980x735
layer at (0,0) size 980x735
  RenderBlock {HTML} at (0,0) size 980x735
    RenderBody {BODY} at (8,8) size 964x719
      RenderBlock {DIV} at (0,0) size 964x19
        RenderText {#text} at (631,0) size 333x19
          text run at (631,0) width 333: "The caret should be at the end of this line"
caret: position 43 of child 0 {#text} of child 1 {DIV} of body
