layer at (0,0) size 980x735
  RenderView at (0,0) size 980x735
layer at (0,0) size 980x184
  RenderBlock {HTML} at (0,0) size 980x184
    RenderBody {BODY} at (8,16) size 964x160
      RenderBlock {P} at (0,0) size 964x38
        RenderText {#text} at (0,0) size 129x19
          text run at (0,0) width 129: "Repaint test for "
        RenderInline {I} at (0,0) size 151x19
          RenderInline {A} at (0,0) size 151x19 [color=#0000EE]
            RenderText {#text} at (129,0) size 151x19
              text run at (129,0) width 151: "Bugzilla bug 23524"
        RenderText {#text} at (280,0) size 956x38
          text run at (280,0) width 5: " "
          text run at (285,0) width 671: "Make sure that a table section doesn't stop painting when vertical alignment of cells"
          text run at (0,19) width 172: "dynamically changes."
      RenderBlock {DIV} at (0,54) size 800x106
        RenderTable {TABLE} at (0,0) size 110x106
          RenderTableSection {TBODY} at (0,0) size 110x106
            RenderTableRow {TR} at (0,2) size 110x102
              RenderTableCell {TD} at (2,2) size 102x102 [r=0 c=0 rs=1 cs=1]
                RenderBlock (floating) {DIV} at (1,1) size 100x100 [bgcolor=#008000]
              RenderTableCell {TD} at (106,2) size 2x3 [r=0 c=1 rs=1 cs=1]
                RenderBlock {DIV} at (1,1) size 0x0
                RenderBlock {DIV} at (1,2) size 0x0
                RenderBlock {DIV} at (1,2) size 0x0
