layer at (0,0) size 980x735
  RenderView at (0,0) size 980x735
layer at (0,0) size 980x735
  RenderBlock {HTML} at (0,0) size 980x735
    RenderBody {BODY} at (8,8) size 964x687
      RenderBlock {P} at (0,0) size 964x38
        RenderText {#text} at (0,0) size 292x19
          text run at (0,0) width 292: "This is a test for regressions against "
        RenderInline {I} at (0,0) size 953x38
          RenderInline {A} at (0,0) size 426x19 [color=#0000EE]
            RenderText {#text} at (292,0) size 426x19
              text run at (292,0) width 426: "http://bugzilla.opendarwin.org/show_bug.cgi?id=8056"
          RenderText {#text} at (718,0) size 953x38
            text run at (718,0) width 5: " "
            text run at (723,0) width 230: "Flexible boxes do not repaint"
            text run at (0,19) width 302: "their top, left and children's overflows"
        RenderText {#text} at (302,19) size 5x19
          text run at (302,19) width 5: "."
      RenderBlock {HR} at (0,54) size 964x2 [border: (1px inset #000000)]
      RenderBlock {DIV} at (0,64) size 964x100
        RenderDeprecatedFlexibleBox {DIV} at (10,10) size 80x80 [bgcolor=#FFFF00]
          RenderBlock {DIV} at (-10,-10) size 100x100 [border: (1px solid #000000)]
            RenderText {#text} at (1,1) size 226x19
              text run at (1,1) width 226: "Lorem ipsum dolor sit amet."
      RenderBlock {DIV} at (0,184) size 964x100
        RenderDeprecatedFlexibleBox {DIV} at (10,10) size 80x80 [bgcolor=#FFFF00]
          RenderBlock {DIV} at (-10,-10) size 100x100 [border: (1px solid #000000)]
      RenderBlock {DIV} at (0,304) size 964x100
        RenderDeprecatedFlexibleBox {DIV} at (10,10) size 80x80 [bgcolor=#FFFF00]
          RenderBlock {DIV} at (-10,-10) size 100x100 [border: (1px solid #000000)]
      RenderBlock {DIV} at (0,424) size 964x100
        RenderDeprecatedFlexibleBox {DIV} at (10,10) size 80x80 [bgcolor=#FFFF00]
          RenderBlock {DIV} at (-10,-10) size 100x100 [border: (1px solid #000000)]
            RenderText {#text} at (1,1) size 105x209
              text run at (1,1) width 52: "Lorem"
              text run at (1,20) width 94: "ipsum dolor"
              text run at (1,39) width 70: "sit amet,"
              text run at (1,58) width 105: "consectetuer"
              text run at (1,77) width 79: "adipiscing"
              text run at (1,96) width 80: "elit. Etiam"
              text run at (1,115) width 74: "et ipsum."
              text run at (1,134) width 38: "Nam"
              text run at (1,153) width 105: "consectetuer"
              text run at (1,172) width 61: "mi eget"
              text run at (1,191) width 38: "velit."
