layer at (0,0) size 980x735
  RenderView at (0,0) size 980x735
layer at (0,0) size 980x162
  RenderBlock {HTML} at (0,0) size 980x162
    RenderBody {BODY} at (8,8) size 964x146
      RenderBlock {DIV} at (0,0) size 964x146
        RenderBlock {DIV} at (10,10) size 302x122 [border: (1px solid #000000)]
          RenderBlock {DIV} at (1,1) size 80x20 [bgcolor=#000000]
        RenderText {#text} at (322,127) size 5x19
          text run at (322,127) width 5: " "
        RenderBlock {DIV} at (337,10) size 302x122 [border: (1px solid #000000)]
          RenderBlock {DIV} at (1,1) size 240x20 [bgcolor=#000000]
        RenderText {#text} at (0,0) size 0x0
