layer at (0,0) size 980x735
  RenderView at (0,0) size 980x735
layer at (0,0) size 980x735
  RenderBlock {HTML} at (0,0) size 980x735
    RenderBody {BODY} at (8,8) size 964x719
      RenderInline {SPAN} at (0,0) size 200x50 [textStrokeColor=#008000] [textStrokeWidth=50.00]
        RenderText {#text} at (50,50) size 200x50
          text run at (50,50) width 200: "A  B"
      RenderText {#text} at (0,0) size 0x0
