layer at (0,0) size 980x735
  RenderView at (0,0) size 980x735
layer at (0,0) size 980x735
  RenderBlock {HTML} at (0,0) size 980x735
    RenderBody {BODY} at (8,8) size 964x719
      RenderBlock {P} at (0,0) size 964x19
        RenderText {#text} at (0,0) size 268x19
          text run at (0,0) width 268: "This tests for regressions against "
        RenderInline {I} at (0,0) size 671x19
          RenderInline {A} at (0,0) size 426x19 [color=#0000EE]
            RenderText {#text} at (268,0) size 426x19
              text run at (268,0) width 426: "http://bugzilla.opendarwin.org/show_bug.cgi?id=7943"
          RenderText {#text} at (694,0) size 245x19
            text run at (694,0) width 245: " Layer outline does not repaint"
        RenderText {#text} at (939,0) size 5x19
          text run at (939,0) width 5: "."
      RenderBlock {HR} at (0,35) size 964x2 [border: (1px inset #000000)]
layer at (18,193) size 100x100 clip at (19,194) size 98x98
  RenderBlock {DIV} at (10,185) size 100x100 [bgcolor=#EEEEEE] [border: (1px solid #000000)]
layer at (8,53) size 964x130
  RenderBlock (relative positioned) {DIV} at (0,45) size 964x130
layer at (18,63) size 100x100
  RenderBlock (positioned) {DIV} at (10,10) size 100x100 [bgcolor=#EEEEEE] [border: (1px solid #000000)]
layer at (148,63) size 100x100 backgroundClip at (138,53) size 100x100 clip at (138,53) size 100x100 outlineClip at (138,53) size 100x100
  RenderBlock (positioned) {DIV} at (140,10) size 100x100 [bgcolor=#EEEEEE] [border: (1px solid #000000)]
layer at (278,63) size 100x100 backgroundClip at (268,53) size 5x5 clip at (268,53) size 5x5 outlineClip at (268,53) size 5x5
  RenderBlock (positioned) {DIV} at (270,10) size 100x100 [bgcolor=#EEEEEE] [border: (1px solid #000000)]
layer at (408,63) size 100x100
  RenderBlock (positioned) {DIV} at (400,10) size 100x100 [bgcolor=#EEEEEE] [border: (1px solid #000000)]
layer at (538,63) size 100x100 backgroundClip at (548,73) size 100x100 clip at (548,73) size 100x100 outlineClip at (548,73) size 100x100
  RenderBlock (positioned) {DIV} at (530,10) size 100x100 [bgcolor=#EEEEEE] [border: (1px solid #000000)]
layer at (668,63) size 100x100 backgroundClip at (773,168) size 5x5 clip at (773,168) size 5x5 outlineClip at (773,168) size 5x5
  RenderBlock (positioned) {DIV} at (660,10) size 100x100 [bgcolor=#EEEEEE] [border: (1px solid #000000)]
layer at (18,323) size 100x100
  RenderBlock (relative positioned) {DIV} at (0,295) size 100x100 [bgcolor=#EEEEEE] [border: (1px solid #000000)]
