layer at (0,0) size 980x735
  RenderView at (0,0) size 980x735
layer at (0,0) size 980x735
  RenderBlock {HTML} at (0,0) size 980x735
    RenderBody {BODY} at (8,8) size 964x719
      RenderBlock {P} at (0,0) size 964x19
        RenderText {#text} at (0,0) size 407x19
          text run at (0,0) width 407: "This tests repainting of a layer's children's outlines."
      RenderBlock {HR} at (0,35) size 964x2 [border: (1px inset #000000)]
layer at (8,53) size 100x100
  RenderBlock (relative positioned) {DIV} at (0,45) size 100x100 [bgcolor=#C0C0C0]
    RenderBlock {DIV} at (0,0) size 100x100
