layer at (0,0) size 980x735
  RenderView at (0,0) size 980x735
layer at (0,0) size 980x735
  RenderBlock {HTML} at (0,0) size 980x735
    RenderBody {BODY} at (8,8) size 964x719
      RenderBlock (floating) {DIV} at (0,0) size 50x50
      RenderBlock {DIV} at (0,50) size 964x0
layer at (8,58) size 200x19
  RenderBlock (floating) {DIV} at (0,0) size 200x19
    RenderText {#text} at (0,0) size 41x19
      text run at (0,0) width 41: "PASS"
