layer at (0,0) size 980x735
  RenderView at (0,0) size 980x735
layer at (0,0) size 980x735
  RenderBlock {HTML} at (0,0) size 980x735
    RenderBody {BODY} at (8,8) size 964x719
layer at (8,8) size 100x100 scrollX 89 scrollWidth 196
  RenderBlock {DIV} at (0,0) size 100x100
    RenderText {#text} at (0,0) size 196x19
      text run at (0,0) width 196: "                         PASS     ."
