layer at (0,0) size 980x735
  RenderView at (0,0) size 980x735
layer at (0,0) size 980x735
  RenderBlock {HTML} at (0,0) size 980x735
    RenderBody {BODY} at (8,8) size 964x719
      RenderBlock {P} at (0,0) size 964x38
        RenderText {#text} at (0,0) size 129x19
          text run at (0,0) width 129: "Repaint test for "
        RenderInline {I} at (0,0) size 955x38
          RenderInline {A} at (0,0) size 372x19 [color=#0000EE]
            RenderText {#text} at (129,0) size 372x19
              text run at (129,0) width 372: "http://bugs.webkit.org/show_bug.cgi?id=15838"
          RenderText {#text} at (501,0) size 955x38
            text run at (501,0) width 454: " Incomplete repaint toggling \"How you know this person\""
            text run at (0,19) width 102: "on Facebook"
        RenderText {#text} at (102,19) size 5x19
          text run at (102,19) width 5: "."
      RenderBlock {DIV} at (0,54) size 964x271
        RenderBlock (anonymous) at (0,0) size 964x95
          RenderText {#text} at (0,0) size 48x19
            text run at (0,0) width 48: "Word,"
          RenderBR {BR} at (48,15) size 0x0
          RenderText {#text} at (0,19) size 53x19
            text run at (0,19) width 53: "words,"
          RenderBR {BR} at (53,34) size 0x0
          RenderText {#text} at (0,38) size 101x19
            text run at (0,38) width 101: "more words."
          RenderBR {BR} at (101,53) size 0x0
          RenderText {#text} at (0,57) size 53x19
            text run at (0,57) width 53: "I could"
          RenderBR {BR} at (53,72) size 0x0
          RenderText {#text} at (0,76) size 99x19
            text run at (0,76) width 99: "write a book"
          RenderBR {BR} at (99,91) size 0x0
        RenderBlock {DIV} at (0,95) size 10x100 [bgcolor=#FFFF00]
        RenderBlock (anonymous) at (0,195) size 964x76
          RenderText {#text} at (0,0) size 141x19
            text run at (0,0) width 141: "about all the stuff"
          RenderBR {BR} at (141,15) size 0x0
          RenderText {#text} at (0,19) size 90x19
            text run at (0,19) width 90: "that comes"
          RenderBR {BR} at (90,34) size 0x0
          RenderText {#text} at (0,38) size 39x19
            text run at (0,38) width 39: "after"
          RenderBR {BR} at (39,53) size 0x0
          RenderText {#text} at (0,57) size 82x19
            text run at (0,57) width 82: "the break."
