layer at (0,0) size 980x735
  RenderView at (0,0) size 980x735
layer at (0,0) size 980x118
  RenderBlock {HTML} at (0,0) size 980x118
    RenderBody {BODY} at (8,8) size 964x102
layer at (8,8) size 402x102
  RenderBlock {DIV} at (0,0) size 402x102 [border: (1px solid #000000)]
    RenderText {#text} at (1,1) size 16x58
      text run at (1,1) width 16: " "
    RenderBR {BR} at (17,1) size 0x58
    RenderInline {SPAN} at (0,0) size 300x50
      RenderText {#text} at (1,107) size 300x50
        text run at (1,107) width 300: "XXXXXX"
    RenderText {#text} at (0,0) size 0x0
