layer at (0,0) size 980x735
  RenderView at (0,0) size 980x735
layer at (0,0) size 980x735
  RenderBlock {HTML} at (0,0) size 980x735
    RenderBody {BODY} at (8,8) size 964x711
      RenderBlock {P} at (0,0) size 964x19
        RenderText {#text} at (0,0) size 852x19
          text run at (0,0) width 852: "This tests that clicking on a non-content editable element does not cause a repaint of it in whole or in part."
      RenderBlock {P} at (0,35) size 964x19
        RenderText {#text} at (0,0) size 291x19
          text run at (0,0) width 291: "This element is not content editable."
caret: position 0 of child 0 {#text} of child 3 {P} of body
