layer at (0,0) size 980x735
  RenderView at (0,0) size 980x735
layer at (0,0) size 980x735
  RenderBlock {HTML} at (0,0) size 980x735
    RenderBody {BODY} at (8,8) size 964x719
      RenderBlock {P} at (0,0) size 964x19
        RenderText {#text} at (0,0) size 194x19
          text run at (0,0) width 194: "This is a repaint test for "
        RenderInline {I} at (0,0) size 719x19
          RenderInline {A} at (0,0) size 380x19 [color=#0000EE]
            RenderText {#text} at (194,0) size 380x19
              text run at (194,0) width 380: "https://bugs.webkit.org/show_bug.cgi?id=22159"
          RenderText {#text} at (574,0) size 339x19
            text run at (574,0) width 5: " "
            text run at (579,0) width 334: "Repaint issue with outlines in child objects"
        RenderText {#text} at (913,0) size 5x19
          text run at (913,0) width 5: "."
      RenderBlock {P} at (0,35) size 964x19
        RenderText {#text} at (0,0) size 414x19
          text run at (0,0) width 414: "If the test passes, you should not see any red below"
      RenderBlock {HR} at (0,70) size 964x2 [border: (1px inset #000000)]
layer at (0,240) size 220x50
  RenderBlock (positioned) {DIV} at (0,240) size 220x50 [border: (10px solid #FF0000)]
layer at (10,250) size 200x50
  RenderBlock (positioned) {DIV} at (10,250) size 200x50
    RenderBlock {DIV} at (0,0) size 200x30 [bgcolor=#DDDDDD]
