layer at (0,0) size 980x735
  RenderView at (0,0) size 980x735
layer at (0,0) size 980x517
  RenderBlock {HTML} at (0,0) size 980x517
    RenderBody {BODY} at (8,16) size 964x493
      RenderBlock {P} at (0,0) size 964x19
        RenderInline {B} at (0,0) size 69x19
          RenderText {#text} at (0,0) size 69x19
            text run at (0,0) width 69: "BUG ID:"
        RenderText {#text} at (69,0) size 5x19
          text run at (69,0) width 5: " "
        RenderInline {A} at (0,0) size 141x19 [color=#0000EE]
          RenderText {#text} at (74,0) size 141x19
            text run at (74,0) width 141: "Bugzilla bug 8032"
        RenderText {#text} at (215,0) size 643x19
          text run at (215,0) width 643: " REGRESSION: Focus ring not completely redrawn after a Delete changes its size"
      RenderBlock {P} at (0,35) size 964x19
        RenderText {#text} at (0,0) size 477x19
          text run at (0,0) width 477: "Note that this bug (and the test) are just outline versions of "
        RenderInline {A} at (0,0) size 141x19 [color=#0000EE]
          RenderText {#text} at (477,0) size 141x19
            text run at (477,0) width 141: "Bugzilla bug 6301"
        RenderText {#text} at (618,0) size 75x19
          text run at (618,0) width 75: " and test "
        RenderInline {A} at (0,0) size 207x19 [color=#0000EE]
          RenderText {#text} at (693,0) size 207x19
            text run at (693,0) width 207: "border-repaint-glitch.html"
        RenderText {#text} at (0,0) size 0x0
      RenderBlock {P} at (0,70) size 964x25 [bgcolor=#98FB98]
        RenderInline {B} at (0,0) size 105x19
          RenderText {#text} at (3,3) size 105x19
            text run at (3,3) width 105: "TEST PASS:"
        RenderText {#text} at (108,3) size 558x19
          text run at (108,3) width 5: " "
          text run at (113,3) width 553: "The boxes will resize, maintaining their solid red rectangular outlines."
      RenderBlock {P} at (0,111) size 964x63 [bgcolor=#FF3300]
        RenderInline {B} at (0,0) size 96x19
          RenderText {#text} at (3,3) size 96x19
            text run at (3,3) width 96: "TEST FAIL:"
        RenderText {#text} at (99,3) size 940x57
          text run at (99,3) width 5: " "
          text run at (104,3) width 835: "The boxes will resize, but the outlines will break. The first box will be missing small segments from either"
          text run at (3,22) width 940: "side of its bottom outline. The second box will have small red horizontal segments protruding inwards from both sides"
          text run at (3,41) width 418: "of the outline, where the bottom outline was before."
      RenderBlock {DIV} at (0,190) size 222x142 [border: (1px solid #0000FF)]
        RenderBlock {DIV} at (11,21) size 200x40 [bgcolor=#008080]
          RenderBlock {DIV} at (10,0) size 180x40 [bgcolor=#C0C0C0]
      RenderBlock (anonymous) at (0,332) size 964x19
        RenderBR {BR} at (0,0) size 0x19
      RenderBlock {DIV} at (0,351) size 222x142 [border: (1px solid #0000FF)]
        RenderBlock {DIV} at (11,21) size 200x60 [bgcolor=#008080]
          RenderBlock {DIV} at (10,0) size 180x60 [bgcolor=#C0C0C0]
