layer at (0,0) size 980x735
  RenderView at (0,0) size 980x735
layer at (0,0) size 980x735
  RenderBlock {HTML} at (0,0) size 980x735
    RenderBody {BODY} at (8,8) size 964x719
      RenderBlock {P} at (0,0) size 964x57
        RenderText {#text} at (0,0) size 194x19
          text run at (0,0) width 194: "This is a repaint test for "
        RenderInline {I} at (0,0) size 932x38
          RenderInline {A} at (0,0) size 372x19 [color=#0000EE]
            RenderText {#text} at (194,0) size 372x19
              text run at (194,0) width 372: "http://bugs.webkit.org/show_bug.cgi?id=11277"
          RenderText {#text} at (566,0) size 932x38
            text run at (566,0) width 5: " "
            text run at (571,0) width 361: "REGRESSION: Incomplete repaint of overflow"
            text run at (0,19) width 162: "areas when deleting"
        RenderText {#text} at (162,19) size 933x38
          text run at (162,19) width 10: ". "
          text run at (172,19) width 563: "This shows that the repaint rect doesn't account for scrolling. You can "
          text run at (735,19) width 198: "use Quartz Debug to see"
          text run at (0,38) width 567: "that changing the text repaints a rect where the text would have been "
          text run at (567,38) width 197: "if it hadn't been scrolled."
layer at (8,81) size 80x69 clip at (8,81) size 65x69 scrollY 128 scrollHeight 209
  RenderBlock {DIV} at (0,73) size 80x69
    RenderBR {BR} at (0,0) size 0x19
    RenderBR {BR} at (0,19) size 0x19
    RenderBR {BR} at (0,38) size 0x19
    RenderBR {BR} at (0,57) size 0x19
    RenderBR {BR} at (0,76) size 0x19
    RenderBR {BR} at (0,95) size 0x19
    RenderBR {BR} at (0,114) size 0x19
    RenderBR {BR} at (0,133) size 0x19
    RenderBR {BR} at (0,152) size 0x19
    RenderText {#text} at (0,171) size 56x38
      text run at (0,171) width 56: "Passed"
      text run at (0,190) width 34: "Test"
