layer at (0,0) size 980x735
  RenderView at (0,0) size 980x735
layer at (100,100) size 565x51
  RenderBlock (positioned) {HTML} at (100,100) size 565x51 [bgcolor=#008000]
    RenderBody {BODY} at (8,16) size 549x19
      RenderBlock {P} at (0,0) size 549x19
        RenderText {#text} at (0,0) size 549x19
          text run at (0,0) width 549: "Tests that the entire viewport is painted with a floated html element."
