layer at (0,0) size 980x735
  RenderView at (0,0) size 980x735
layer at (0,0) size 980x735
  RenderBlock {HTML} at (0,0) size 980x735
    RenderBody {BODY} at (8,8) size 964x719
      RenderBlock {P} at (0,0) size 964x19
        RenderText {#text} at (0,0) size 474x19
          text run at (0,0) width 474: "If you see any red or orange below then the test has failed."
      RenderBlock (anonymous) at (0,35) size 964x100
        RenderText {#text} at (100,0) size 5x19
          text run at (100,0) width 5: " "
        RenderBR {BR} at (0,0) size 0x0
        RenderBlock {DIV} at (0,50) size 100x50 [bgcolor=#FF0000]
        RenderText {#text} at (0,0) size 0x0
layer at (8,43) size 100x19
  RenderInline (relative positioned) {SPAN} at (0,0) size 100x19
    RenderBlock {DIV} at (0,0) size 100x100 [bgcolor=#008000]
