layer at (0,0) size 980x735
  RenderView at (0,0) size 980x735
layer at (0,0) size 980x735
  RenderBlock {HTML} at (0,0) size 980x735
    RenderBody {BODY} at (8,8) size 964x719
      RenderBlock {DIV} at (0,0) size 964x29
        RenderTextControl {INPUT} at (2,2) size 171x25 [bgcolor=#FFFFFF]
        RenderText {#text} at (0,0) size 0x0
      RenderBlock (anonymous) at (0,29) size 964x19
        RenderText {#text} at (0,0) size 5x19
          text run at (0,0) width 5: " "
        RenderText {#text} at (0,0) size 0x0
      RenderBlock {DIV} at (0,48) size 964x0
layer at (14,16) size 164x15
  RenderBlock {DIV} at (4,6) size 164x15
caret: position 0 of child 0 {DIV} of {#shadow-root} of child 1 {INPUT} of child 1 {DIV} of body
