layer at (0,0) size 980x735
  RenderView at (0,0) size 980x735
layer at (0,0) size 980x735
  RenderBlock {HTML} at (0,0) size 980x735
    RenderBody {BODY} at (8,8) size 964x719
      RenderBlock (anonymous) at (0,0) size 964x19
        RenderText {#text} at (0,0) size 927x19
          text run at (0,0) width 927: "This test must be run in DumpRenderTree as a pixel test. There should not be visual aritfacts after scaling the page."
      RenderBlock {DIV} at (0,19) size 500x500 [bgcolor=#008000]
