layer at (0,0) size 980x735
  RenderView at (0,0) size 980x735
layer at (0,0) size 980x735
  RenderBlock {HTML} at (0,0) size 980x735
    RenderBody {BODY} at (8,8) size 964x719
      RenderBlock {P} at (0,0) size 964x19
        RenderText {#text} at (0,0) size 67x19
          text run at (0,0) width 67: "Test for "
        RenderInline {A} at (0,0) size 380x19 [color=#0000EE]
          RenderText {#text} at (67,0) size 380x19
            text run at (67,0) width 380: "https://bugs.webkit.org/show_bug.cgi?id=23093"
        RenderText {#text} at (447,0) size 411x19
          text run at (447,0) width 411: ". The cancel button in a search field fails to redraw."
      RenderBlock (anonymous) at (0,35) size 964x29
        RenderTextControl {INPUT} at (2,2) size 171x25 [bgcolor=#FFFFFF]
          RenderDeprecatedFlexibleBox {DIV} at (4,6) size 164x15
            RenderBlock {DIV} at (0,7) size 0x0
            RenderBlock {DIV} at (0,0) size 151x15
            RenderBlock {DIV} at (151,1) size 13x13
        RenderText {#text} at (0,0) size 0x0
layer at (14,51) size 151x15
  RenderBlock {DIV} at (0,0) size 151x15
    RenderText {#text} at (0,0) size 66x15
      text run at (0,0) width 66: "some text"
