layer at (0,0) size 980x735
  RenderView at (0,0) size 980x735
layer at (0,0) size 980x735
  RenderBlock {HTML} at (0,0) size 980x735
    RenderBody {BODY} at (8,8) size 964x697
      RenderBlock {P} at (0,0) size 964x38
        RenderText {#text} at (0,0) size 923x38
          text run at (0,0) width 835: "This tests to see if selection gaps are invalidated properly when content inside the selection is removed. "
          text run at (835,0) width 83: "Only 'hello"
          text run at (918,0) width 5: " "
          text run at (0,19) width 346: "world' should have a selecton tint behind it."
      RenderBlock {DIV} at (30,68) size 152x21 [border: (1px solid #FF0000)]
        RenderText {#text} at (1,1) size 43x19
          text run at (1,1) width 43: "hello "
        RenderText {#text} at (44,1) size 44x19
          text run at (44,1) width 44: "world"
        RenderBR {BR} at (88,16) size 0x0
selection start: position 0 of child 0 {#text} of child 3 {DIV} of body
selection end:   position 6 of child 1 {#text} of child 3 {DIV} of body
