layer at (0,0) size 980x735
  RenderView at (0,0) size 980x735
layer at (0,0) size 980x735
  RenderBlock {HTML} at (0,0) size 980x735
    RenderBody {BODY} at (8,8) size 964x719
      RenderBlock {P} at (0,0) size 964x19
        RenderText {#text} at (0,0) size 67x19
          text run at (0,0) width 67: "Test for "
        RenderInline {I} at (0,0) size 863x19
          RenderInline {A} at (0,0) size 380x19 [color=#0000EE]
            RenderText {#text} at (67,0) size 380x19
              text run at (67,0) width 380: "https://bugs.webkit.org/show_bug.cgi?id=34946"
          RenderText {#text} at (447,0) size 483x19
            text run at (447,0) width 5: " "
            text run at (452,0) width 478: "REGRESSION: Selection painting issue in bug review textbox"
        RenderText {#text} at (930,0) size 5x19
          text run at (930,0) width 5: "."
layer at (13,43) size 126x126 clip at (16,46) size 105x120 scrollY 38 scrollHeight 158
  RenderBlock {DIV} at (5,35) size 126x126 [border: (3px solid #000000)]
    RenderBlock {DIV} at (13,13) size 85x100
    RenderBlock (anonymous) at (13,113) size 85x38
      RenderBlock {DIV} at (0,0) size 94x38
        RenderInline {SPAN} at (0,0) size 52x38
          RenderText {#text} at (0,0) size 52x19
            text run at (0,0) width 52: "Lorem"
          RenderBR {BR} at (52,15) size 0x0
          RenderText {#text} at (0,19) size 48x19
            text run at (0,19) width 48: "ipsum"
      RenderText {#text} at (0,0) size 0x0
