layer at (0,0) size 980x735
  RenderView at (0,0) size 980x735
layer at (0,0) size 980x735
  RenderBlock {HTML} at (0,0) size 980x735
    RenderBody {BODY} at (8,8) size 964x719
layer at (8,8) size 300x300
  RenderBlock (relative positioned) {DIV} at (0,0) size 300x300 [bgcolor=#F0F8FF]
layer at (8,8) size 200x200
  RenderBlock {DIV} at (0,0) size 200x200 [bgcolor=#C0C0C0]
    RenderBlock (anonymous) at (0,0) size 200x29
      RenderTextControl {INPUT} at (2,2) size 171x25 [bgcolor=#FFFFFF]
      RenderText {#text} at (0,0) size 0x0
    RenderBlock {DIV} at (0,29) size 200x19
      RenderText {#text} at (0,0) size 132x19
        text run at (0,0) width 132: "Selection is here"
layer at (14,16) size 164x15
  RenderBlock {DIV} at (4,6) size 164x15
    RenderText {#text} at (0,0) size 33x15
      text run at (0,0) width 33: "PASS"
layer at (8,288) size 10x20
  RenderBlock (positioned) {DIV} at (0,280) size 10x20 [bgcolor=#ADD8E6]
caret: position 0 of child 0 {#text} of child 3 {DIV} of child 1 {DIV} of child 1 {DIV} of body
