layer at (0,0) size 980x735
  RenderView at (0,0) size 980x735
layer at (0,0) size 980x735
  RenderBlock {HTML} at (0,0) size 980x735
    RenderBody {BODY} at (8,8) size 964x707
      RenderBlock {P} at (0,0) size 964x19
        RenderText {#text} at (0,0) size 911x19
          text run at (0,0) width 911: "Tests repaint after layout of a subtree, inside a transformed element. You should see a large green square below."
layer at (28,47) size 100x100
  RenderBlock {DIV} at (20,39) size 100x100
layer at (28,47) size 100x100
  RenderBlock {DIV} at (0,0) size 100x100 [bgcolor=#FF0000]
    RenderBlock {DIV} at (0,0) size 100x100 [bgcolor=#008000]
