layer at (0,0) size 980x735
  RenderView at (0,0) size 980x735
layer at (0,0) size 980x735
  RenderBlock {HTML} at (0,0) size 980x735
    RenderBody {BODY} at (8,10) size 964x715
      RenderTable {TABLE} at (0,0) size 114x79 [border: (4px solid #008000)]
        RenderTableSection {TBODY} at (4,4) size 106x71
          RenderTableRow {TR} at (0,0) size 106x25
            RenderTableCell {TD} at (0,9) size 6x6 [border: (4px none #000000)] [r=0 c=0 rs=1 cs=1]
            RenderTableCell {TD} at (6,0) size 100x25 [border: (4px none #000000)] [r=0 c=1 rs=1 cs=1]
              RenderText {#text} at (1,5) size 52x19
                text run at (1,5) width 52: "Lorem"
          RenderTableRow {TR} at (0,25) size 106x21
            RenderTableCell {TD} at (0,34) size 6x2 [border: none] [r=1 c=0 rs=1 cs=1]
            RenderTableCell {TD} at (6,25) size 100x21 [border: none] [r=1 c=1 rs=1 cs=1]
              RenderText {#text} at (1,1) size 94x19
                text run at (1,1) width 94: "ipsum dolor"
          RenderTableRow {TR} at (0,46) size 106x25
            RenderTableCell {TD} at (0,55) size 6x6 [border: none] [r=2 c=0 rs=1 cs=1]
            RenderTableCell {TD} at (6,46) size 100x25 [border: none] [r=2 c=1 rs=1 cs=1]
              RenderText {#text} at (1,1) size 65x19
                text run at (1,1) width 65: "sit amet"
      RenderTable {TABLE} at (0,89) size 90x79 [border: (4px solid #000000)]
        RenderTableSection {TBODY} at (4,4) size 82x71
          RenderTableRow {TR} at (0,0) size 82x25
            RenderTableCell {TD} at (0,9) size 11x6 [border: (4px none #000000)] [r=0 c=0 rs=1 cs=1]
            RenderTableCell {TD} at (11,0) size 71x25 [border: (4px none #000000)] [r=0 c=1 rs=1 cs=1]
              RenderText {#text} at (1,5) size 52x19
                text run at (1,5) width 52: "Lorem"
          RenderTableRow {TR} at (0,25) size 82x21
            RenderTableCell {TD} at (0,25) size 11x21 [border: none] [r=1 c=0 rs=1 cs=1]
              RenderText {#text} at (5,1) size 5x19
                text run at (5,1) width 5: " "
          RenderTableRow {TR} at (0,46) size 82x25
            RenderTableCell {TD} at (0,55) size 11x6 [border: none] [r=2 c=0 rs=1 cs=1]
            RenderTableCell {TD} at (11,46) size 71x25 [border: none] [r=2 c=1 rs=1 cs=1]
              RenderText {#text} at (1,1) size 65x19
                text run at (1,1) width 65: "sit amet"
      RenderTable {TABLE} at (0,178) size 130x79 [border: (4px solid #000000)]
        RenderTableSection {TBODY} at (4,4) size 122x71
          RenderTableRow {TR} at (0,0) size 122x25
            RenderTableCell {TD} at (0,9) size 11x6 [border: (4px none #000000)] [r=0 c=0 rs=1 cs=1]
            RenderTableCell {TD} at (11,0) size 111x25 [border: (4px none #000000)] [r=0 c=1 rs=1 cs=1]
              RenderText {#text} at (1,5) size 105x19
                text run at (1,5) width 105: "Lorem ipsum"
          RenderTableRow {TR} at (0,25) size 122x21
            RenderTableCell {TD} at (0,25) size 11x21 [border: none] [r=1 c=0 rs=1 cs=1]
              RenderText {#text} at (5,1) size 5x19
                text run at (5,1) width 5: " "
          RenderTableRow {TR} at (0,46) size 122x25
            RenderTableCell {TD} at (0,55) size 11x6 [border: none] [r=2 c=0 rs=1 cs=1]
            RenderTableCell {TD} at (11,46) size 111x25 [border: none] [r=2 c=1 rs=1 cs=1]
              RenderText {#text} at (1,1) size 65x19
                text run at (1,1) width 65: "sit amet"
      RenderTable {TABLE} at (0,267) size 119x79 [border: (4px solid #000000)]
        RenderTableSection {TBODY} at (4,4) size 111x71
          RenderTableRow {TR} at (0,0) size 111x25
            RenderTableCell {TD} at (0,9) size 11x6 [border: (4px none #000000)] [r=0 c=0 rs=1 cs=1]
            RenderTableCell {TD} at (11,0) size 100x25 [border: (4px none #000000)] [r=0 c=1 rs=1 cs=1]
              RenderText {#text} at (1,5) size 52x19
                text run at (1,5) width 52: "Lorem"
          RenderTableRow {TR} at (0,25) size 111x21
            RenderTableCell {TD} at (0,25) size 11x21 [border: none] [r=1 c=0 rs=1 cs=1]
              RenderText {#text} at (5,1) size 5x19
                text run at (5,1) width 5: " "
            RenderTableCell {TD} at (11,25) size 100x21 [border: none] [r=1 c=1 rs=1 cs=1]
              RenderText {#text} at (1,1) size 94x19
                text run at (1,1) width 94: "ipsum dolor"
          RenderTableRow {TR} at (0,46) size 111x25
            RenderTableCell {TD} at (0,55) size 11x6 [border: none] [r=2 c=0 rs=1 cs=1]
            RenderTableCell {TD} at (11,46) size 100x25 [border: none] [r=2 c=1 rs=1 cs=1]
              RenderText {#text} at (1,1) size 65x19
                text run at (1,1) width 65: "sit amet"
