layer at (0,0) size 980x735
  RenderView at (0,0) size 980x735
layer at (0,0) size 980x391
  RenderBlock {HTML} at (0,0) size 980x391
    RenderBody {BODY} at (8,16) size 964x367
      RenderBlock {P} at (0,0) size 964x19
        RenderInline {B} at (0,0) size 69x19
          RenderText {#text} at (0,0) size 69x19
            text run at (0,0) width 69: "BUG ID:"
        RenderText {#text} at (69,0) size 5x19
          text run at (69,0) width 5: " "
        RenderInline {A} at (0,0) size 141x19 [color=#0000EE]
          RenderText {#text} at (74,0) size 141x19
            text run at (74,0) width 141: "Bugzilla bug 8449"
        RenderText {#text} at (215,0) size 466x19
          text run at (215,0) width 466: " REGRESSION: Incomplete repaint of table cell that moved"
      RenderBlock {P} at (0,35) size 964x25 [bgcolor=#98FB98]
        RenderInline {B} at (0,0) size 105x19
          RenderText {#text} at (3,3) size 105x19
            text run at (3,3) width 105: "TEST PASS:"
        RenderText {#text} at (108,3) size 517x19
          text run at (108,3) width 5: " "
          text run at (113,3) width 512: "There should be only a green square below the line, and no red."
      RenderBlock {P} at (0,76) size 964x25 [bgcolor=#FF3300]
        RenderInline {B} at (0,0) size 96x19
          RenderText {#text} at (3,3) size 96x19
            text run at (3,3) width 96: "TEST FAIL:"
        RenderText {#text} at (99,3) size 402x19
          text run at (99,3) width 5: " "
          text run at (104,3) width 397: "There will be a red square and a green rectangle."
      RenderBlock {HR} at (0,117) size 964x2 [border: (1px inset #000000)]
      RenderTable {TABLE} at (0,127) size 61x240
        RenderTableSection {TBODY} at (0,0) size 61x240
          RenderTableRow {TR} at (0,0) size 61x60
            RenderTableCell {TD} at (0,30) size 61x0 [r=0 c=0 rs=1 cs=1]
            RenderTableCell {TD} at (61,30) size 0x0 [r=0 c=1 rs=1 cs=1]
          RenderTableRow {TR} at (0,60) size 61x180
            RenderTableCell {TD} at (0,120) size 61x60 [r=1 c=0 rs=1 cs=1]
              RenderBlock {DIV} at (0,0) size 61x60 [bgcolor=#008000]
            RenderTableCell {TD} at (61,150) size 0x0 [r=1 c=1 rs=1 cs=1]
          RenderTableRow {TR} at (0,240) size 61x0
            RenderTableCell {TD} at (0,240) size 61x0 [bgcolor=#FF0000] [r=2 c=0 rs=1 cs=1]
            RenderTableCell {TD} at (61,240) size 0x0 [r=2 c=1 rs=1 cs=1]
