layer at (0,0) size 980x735
  RenderView at (0,0) size 980x735
layer at (0,0) size 980x735
  RenderBlock {HTML} at (0,0) size 980x735
    RenderBody {BODY} at (8,8) size 964x711
      RenderBlock {P} at (0,0) size 964x19
        RenderText {#text} at (0,0) size 67x19
          text run at (0,0) width 67: "Test for "
        RenderInline {I} at (0,0) size 664x19
          RenderInline {A} at (0,0) size 191x19 [color=#0000EE]
            RenderText {#text} at (67,0) size 191x19
              text run at (67,0) width 191: "rdar://problem/6771547"
          RenderText {#text} at (258,0) size 473x19
            text run at (258,0) width 473: " Appending to a RenderText causes all its lines to be dirtied"
        RenderText {#text} at (731,0) size 5x19
          text run at (731,0) width 5: "."
      RenderBlock {P} at (0,35) size 964x133
        RenderText {#text} at (0,0) size 963x133
          text run at (0,0) width 947: "Lorem ipsum dolor sit amet, consectetur adipiscing elit. Suspendisse placerat. Morbi tristique. Mauris eu lacus sed felis"
          text run at (0,19) width 953: "pellentesque cursus. Proin vitae nulla. Vivamus in ipsum. Etiam mi. Nam malesuada purus in sem. Sed eget elit vel erat"
          text run at (0,38) width 930: "laoreet feugiat. Phasellus mollis pulvinar mi. Etiam ut neque sed eros egestas laoreet. Vestibulum ullamcorper, nulla"
          text run at (0,57) width 947: "non feugiat molestie, mi lorem bibendum leo, ac gravida orci nunc nec nulla. Nunc nunc lorem, rhoncus et, rutrum ac,"
          text run at (0,76) width 945: "fermentum ut, tortor. Sed rhoncus. Quisque enim metus, luctus tincidunt, vestibulum eu, vestibulum eu, libero. Mauris"
          text run at (0,95) width 963: "sagittis aliquam nunc. Nullam pharetra molestie eros. Donec tempus purus ut ligula. Phasellus non nisl. Etiam eu mauris."
          text run at (0,114) width 133: "Curabitur a velit."
