layer at (0,0) size 980x735
  RenderView at (0,0) size 980x735
layer at (0,0) size 980x174
  RenderBlock {HTML} at (0,0) size 980x174
    RenderBody {BODY} at (8,8) size 964x158
      RenderPartObject {IFRAME} at (0,0) size 304x154 [border: (2px inset #000000)]
        layer at (0,0) size 300x150
          RenderView at (0,0) size 300x150
        layer at (0,0) size 300x150
          RenderBlock {HTML} at (0,0) size 300x150
            RenderBody {BODY} at (8,8) size 284x134
        layer at (8,8) size 284x100 scrollY 90 scrollHeight 190
          RenderBlock {DIV} at (0,0) size 284x100
            RenderBR {BR} at (0,0) size 0x19
            RenderBR {BR} at (0,19) size 0x19
            RenderBR {BR} at (0,38) size 0x19
            RenderBR {BR} at (0,57) size 0x19
            RenderText {#text} at (0,76) size 219x38
              text run at (0,76) width 219: "Should have blue, not gray,"
              text run at (0,95) width 68: "highlight"
            RenderBR {BR} at (68,110) size 0x0
            RenderBR {BR} at (0,114) size 0x19
            RenderBR {BR} at (0,133) size 0x19
            RenderBR {BR} at (0,152) size 0x19
            RenderBR {BR} at (0,171) size 0x19
      RenderText {#text} at (0,0) size 0x0
