layer at (0,0) size 980x735
  RenderView at (0,0) size 980x735
layer at (0,0) size 980x735
  RenderBlock {HTML} at (0,0) size 980x735
    RenderBody {BODY} at (8,8) size 964x697
      RenderBlock {P} at (0,0) size 964x38
        RenderText {#text} at (0,0) size 221x19
          text run at (0,0) width 221: "This is a regression test for "
        RenderInline {I} at (0,0) size 889x38
          RenderInline {A} at (0,0) size 426x19 [color=#0000EE]
            RenderText {#text} at (221,0) size 426x19
              text run at (221,0) width 426: "http://bugzilla.opendarwin.org/show_bug.cgi?id=7301"
          RenderText {#text} at (647,0) size 889x38
            text run at (647,0) width 5: " "
            text run at (652,0) width 237: "Text shadow does not repaint"
            text run at (0,19) width 71: "correctly"
        RenderText {#text} at (71,19) size 5x19
          text run at (71,19) width 5: "."
      RenderBlock {HR} at (0,54) size 964x2 [border: (1px inset #000000)]
      RenderBlock {DIV} at (30,86) size 904x21
        RenderInline {SPAN} at (0,0) size 248x21 [bgcolor=#C0C0C0]
          RenderText {#text} at (0,0) size 248x21
            text run at (0,0) width 248: "Lorem ipsum dolor sit amet"
        RenderText {#text} at (0,0) size 0x0
      RenderBlock {DIV} at (30,137) size 904x21
        RenderInline {SPAN} at (0,0) size 248x21 [bgcolor=#C0C0C0]
          RenderText {#text} at (0,0) size 248x21
            text run at (0,0) width 248: "Lorem ipsum dolor sit amet"
        RenderText {#text} at (0,0) size 0x0
      RenderBlock {DIV} at (30,188) size 904x21
        RenderText {#text} at (0,2) size 110x19
          text run at (0,2) width 110: "Lorem ipsum "
        RenderInline {SPAN} at (0,0) size 125x21 [bgcolor=#C0C0C0]
          RenderText {#text} at (110,0) size 125x21
            text run at (110,0) width 125: "dolor sit amet"
        RenderText {#text} at (0,0) size 0x0
      RenderBlock {DIV} at (30,239) size 904x21
        RenderInline {SPAN} at (0,0) size 117x21 [bgcolor=#C0C0C0]
          RenderText {#text} at (0,0) size 117x21
            text run at (0,0) width 117: "Lorem ipsum"
        RenderText {#text} at (117,2) size 116x19
          text run at (117,2) width 116: " dolor sit amet"
