layer at (0,0) size 980x735
  RenderView at (0,0) size 980x735
layer at (0,0) size 980x735
  RenderBlock {HTML} at (0,0) size 980x735
    RenderBody {BODY} at (8,8) size 964x719
      RenderBlock {H1} at (0,0) size 964x37
        RenderText {#text} at (0,0) size 487x38
          text run at (0,0) width 487: "Repaint test for bug 15719"
layer at (8,66) size 106x106
  RenderBlock {DIV} at (0,58) size 106x106 [bgcolor=#FFFF00] [border: (3px solid #000000)]
