layer at (0,0) size 800x600
  RenderView at (0,0) size 800x600
layer at (0,0) size 800x44
  RenderBlock {HTML} at (0,0) size 800x44
    RenderBody {BODY} at (8,12) size 784x20 [bgcolor=#FFFFFF]
      RenderBlock {P} at (0,0) size 784x20 [color=#008000] [border: (3px solid #008000)]
        RenderInline {SPAN} at (0,0) size 175x14 [color=#000000]
          RenderText {#text} at (3,3) size 175x14
            text run at (3,3) width 175: "This text should have a green border."
