layer at (0,0) size 800x600
  RenderView at (0,0) size 800x600
layer at (0,0) size 800x90
  RenderBlock {HTML} at (0,0) size 800x90
    RenderBody {BODY} at (8,12) size 784x66
      RenderBlock {P} at (0,0) size 784x14
        RenderText {#text} at (0,0) size 216x14
          text run at (0,0) width 216: "The following paragraphs should be identical:"
      RenderBlock {P} at (0,26) size 784x14
        RenderText {#text} at (0,0) size 151x14
          text run at (0,0) width 151: "This should be in a bold font."
      RenderBlock {P} at (0,52) size 784x14
        RenderText {#text} at (0,0) size 151x14
          text run at (0,0) width 151: "This should be in a bold font."
