layer at (0,0) size 800x600
  RenderView at (0,0) size 800x600
layer at (0,0) size 800x144
  RenderBlock {HTML} at (0,0) size 800x144
    RenderBody {BODY} at (8,12) size 784x124
      RenderBlock {P} at (0,0) size 784x14 [color=#000080]
        RenderText {#text} at (0,0) size 240x14
          text run at (0,0) width 240: "There should be two unbroken vertical bars below."
      RenderBlock {P} at (0,26) size 784x14 [color=#000080]
        RenderText {#text} at (0,0) size 644x14
          text run at (0,0) width 300: "Hold up a credit card to your display. The distance between the "
          text run at (300,0) width 288: "two vertical bars should be exactly the length of a credit card "
          text run at (588,0) width 56: "(85.60mm)."
      RenderBlock {DIV} at (0,52) size 784x72 [border: (3px solid #000000)]
        RenderBlock {DIV} at (326,0) size 458x12 [border: (3px solid #000000)]
        RenderBlock {DIV} at (326,12) size 458x12 [border: (3px solid #000000)]
        RenderBlock {DIV} at (326,24) size 458x12 [border: (3px solid #000000)]
        RenderBlock {DIV} at (326,36) size 458x12 [border: (3px solid #000000)]
        RenderBlock {DIV} at (326,48) size 458x12 [border: (3px solid #000000)]
        RenderBlock {DIV} at (326,60) size 458x12 [border: (3px solid #000000)]
