layer at (0,0) size 800x600
  RenderView at (0,0) size 800x600
layer at (0,0) size 800x38
  RenderBlock {HTML} at (0,0) size 800x38
    RenderBody {BODY} at (8,12) size 784x14
      RenderBlock {P} at (0,0) size 784x14 [bgcolor=#00FF00]
        RenderText {#text} at (48,0) size 153x14
          text run at (48,0) width 153: "This line should be bright green."
