layer at (0,0) size 800x600
  RenderView at (0,0) size 800x600
layer at (0,0) size 800x116
  RenderBlock {HTML} at (0,0) size 800x116
    RenderBody {BODY} at (8,12) size 784x92 [color=#000080]
      RenderBlock {P} at (0,0) size 784x14
        RenderText {#text} at (0,0) size 238x14
          text run at (0,0) width 238: "These four lines should look identical, to the pixel."
      RenderBlock {P} at (0,26) size 784x14
        RenderText {#text} at (0,0) size 238x14
          text run at (0,0) width 238: "These four lines should look identical, to the pixel."
      RenderBlock {P} at (0,52) size 784x14
        RenderText {#text} at (0,0) size 238x14
          text run at (0,0) width 238: "These four lines should look identical, to the pixel."
      RenderBlock {P} at (0,78) size 784x14
        RenderText {#text} at (0,0) size 238x14
          text run at (0,0) width 238: "These four lines should look identical, to the pixel."
