layer at (0,0) size 800x600
  RenderView at (0,0) size 800x600
layer at (0,0) size 800x428
  RenderBlock {HTML} at (0,0) size 800x428
    RenderBody {BODY} at (8,12) size 784x404 [color=#008000]
      RenderBlock {P} at (0,0) size 784x14
        RenderText {#text} at (0,0) size 122x14
          text run at (0,0) width 122: "This line should be green."
      RenderBlock {P} at (0,26) size 784x14
        RenderText {#text} at (0,0) size 122x14
          text run at (0,0) width 122: "This line should be green."
      RenderBlock {P} at (0,52) size 784x14
        RenderText {#text} at (0,0) size 122x14
          text run at (0,0) width 122: "This line should be green."
      RenderBlock {P} at (0,78) size 784x14
        RenderText {#text} at (0,0) size 122x14
          text run at (0,0) width 122: "This line should be green."
      RenderBlock {OL} at (0,104) size 784x14
        RenderListItem {LI} at (40,0) size 744x14
          RenderListMarker at (-15,0) size 12x14: "1"
          RenderText {#text} at (0,0) size 122x14
            text run at (0,0) width 122: "This line should be green."
      RenderBlock {P} at (0,130) size 784x14
        RenderText {#text} at (0,0) size 122x14
          text run at (0,0) width 122: "This line should be green."
      RenderBlock {UL} at (0,156) size 784x14
        RenderListItem {LI} at (40,0) size 744x14
          RenderListMarker at (-15,0) size 6x14: bullet
          RenderText {#text} at (0,0) size 122x14
            text run at (0,0) width 122: "This line should be green."
      RenderBlock {BLOCKQUOTE} at (40,182) size 704x14
        RenderBlock {P} at (0,0) size 704x14
          RenderText {#text} at (0,0) size 122x14
            text run at (0,0) width 122: "This line should be green."
      RenderBlock {P} at (0,208) size 784x14
        RenderInline {ACRONYM} at (0,0) size 122x14
          RenderText {#text} at (0,0) size 122x14
            text run at (0,0) width 122: "This line should be green."
        RenderText {#text} at (0,0) size 0x0
      RenderBlock {ADDRESS} at (0,234) size 784x14
        RenderText {#text} at (0,0) size 123x14
          text run at (0,0) width 123: "This line should be green."
      RenderBlock {P} at (0,260) size 784x14
        RenderInline {SPAN} at (0,0) size 122x14
          RenderText {#text} at (0,0) size 122x14
            text run at (0,0) width 122: "This line should be green."
        RenderText {#text} at (0,0) size 0x0
      RenderBlock {P} at (0,286) size 784x14
        RenderText {#text} at (0,0) size 122x14
          text run at (0,0) width 122: "This line should be green."
      RenderBlock {P} at (0,312) size 784x14
        RenderText {#text} at (0,0) size 122x14
          text run at (0,0) width 122: "This line should be green."
      RenderBlock {P} at (0,338) size 784x14
        RenderText {#text} at (0,0) size 122x14
          text run at (0,0) width 122: "This line should be green."
      RenderBlock {P} at (0,364) size 784x14
        RenderText {#text} at (48,0) size 122x14
          text run at (48,0) width 122: "This line should be green."
      RenderBlock {P} at (0,390) size 784x14
        RenderText {#text} at (0,0) size 122x14
          text run at (0,0) width 122: "This line should be green."
