layer at (0,0) size 800x600
  RenderView at (0,0) size 800x600
layer at (0,0) size 800x165
  RenderBlock {HTML} at (0,0) size 800x165
    RenderBody {BODY} at (8,12) size 784x141 [color=#FF0000]
      RenderBlock {P} at (0,0) size 784x14 [color=#008000]
        RenderText {#text} at (0,0) size 145x14
          text run at (0,0) width 145: "This sentence should be green."
      RenderBlock {DIV} at (0,26) size 784x14 [color=#008000]
        RenderBlock {P} at (0,0) size 784x14
          RenderText {#text} at (0,0) size 145x14
            text run at (0,0) width 145: "This sentence should be green."
      RenderBlock {P} at (0,52) size 784x14 [color=#008000]
        RenderText {#text} at (0,0) size 145x14
          text run at (0,0) width 145: "This sentence should be green."
      RenderBlock {P} at (0,78) size 784x14 [color=#008000]
        RenderText {#text} at (0,0) size 145x14
          text run at (0,0) width 145: "This sentence should be green."
      RenderBlock {DIV} at (0,104) size 784x11 [color=#008000]
        RenderBlock {PRE} at (0,0) size 784x11
          RenderText {#text} at (0,0) size 180x11
            text run at (0,0) width 180: "This sentence should be green."
      RenderBlock {DIV} at (0,127) size 784x14 [color=#008000]
        RenderBlock {UL} at (0,0) size 784x14
          RenderListItem {LI} at (40,0) size 744x14
            RenderListMarker at (-15,0) size 6x14: bullet
            RenderText {#text} at (0,0) size 145x14
              text run at (0,0) width 145: "This sentence should be green."
