layer at (0,0) size 800x600
  RenderView at (0,0) size 800x600
layer at (0,0) size 800x38
  RenderBlock {HTML} at (0,0) size 800x38
    RenderBody {BODY} at (8,12) size 784x14
      RenderBlock {DIV} at (0,0) size 784x14 [color=#008000]
        RenderBlock {P} at (0,0) size 784x14
          RenderText {#text} at (0,0) size 119x14
            text run at (0,0) width 119: "This text should be green"
