layer at (0,0) size 800x600
  RenderView at (0,0) size 800x600
layer at (0,0) size 800x78
  RenderBlock {HTML} at (0,0) size 800x78
    RenderBody {BODY} at (8,12) size 784x54 [color=#FF0000]
      RenderBlock {P} at (0,0) size 784x14 [color=#008000]
        RenderText {#text} at (0,0) size 122x14
          text run at (0,0) width 122: "This line should be green."
      RenderBlock {UL} at (0,26) size 784x28
        RenderListItem {LI} at (40,0) size 744x28
          RenderBlock (anonymous) at (0,0) size 744x14
            RenderInline {SPAN} at (0,0) size 122x14 [color=#008000]
              RenderText {#text} at (0,0) size 122x14
                text run at (0,0) width 122: "This line should be green."
            RenderText {#text} at (0,0) size 0x0
          RenderBlock {UL} at (0,14) size 744x14
            RenderListItem {LI} at (40,0) size 704x14 [color=#008000]
              RenderText {#text} at (0,0) size 122x14
                text run at (0,0) width 122: "This line should be green."
