layer at (0,0) size 800x600
  RenderView at (0,0) size 800x600
layer at (0,0) size 800x38
  RenderBlock {HTML} at (0,0) size 800x38
    RenderBody {BODY} at (8,12) size 784x14
      RenderBlock {P} at (0,0) size 784x14
        RenderInline {A} at (0,0) size 270x14 [color=#0000FF]
          RenderText {#text} at (0,0) size 270x14
            text run at (0,0) width 270: "While you are hovering over this link, it should go green."
