layer at (0,0) size 800x600
  RenderView at (0,0) size 800x600
layer at (0,0) size 800x244
  RenderBlock {HTML} at (0,0) size 800x244
    RenderBody {BODY} at (8,12) size 784x220 [color=#0000FF]
      RenderBlock {P} at (0,0) size 784x56
        RenderText {#text} at (0,0) size 21x14
          text run at (0,0) width 21: "The "
        RenderInline {STRONG} at (0,0) size 42x14
          RenderText {#text} at (21,0) size 42x14
            text run at (21,0) width 42: "first line"
        RenderText {#text} at (63,0) size 225x14
          text run at (63,0) width 153: " of this paragraph, and only that "
          text run at (216,0) width 72: "one, should be "
        RenderInline {STRONG} at (0,0) size 28x14
          RenderText {#text} at (288,0) size 28x14
            text run at (288,0) width 28: "green"
        RenderText {#text} at (316,0) size 777x56
          text run at (316,0) width 134: ". If this precise combination "
          text run at (450,0) width 310: "does not occur, then the user agent has failed this test. Remember "
          text run at (760,0) width 17: "that"
          text run at (0,14) width 268: "in order to ensure a complete test, the paragraph must be "
          text run at (268,14) width 328: "displayed on more than one line. Dummy text. Dummy text. Dummy "
          text run at (596,14) width 150: "text. Dummy text. Dummy text."
          text run at (0,28) width 195: "Dummy text. Dummy text. Dummy text. "
          text run at (195,28) width 367: "Dummy text. Dummy text. Dummy text. Dummy text. Dummy text. Dummy "
          text run at (562,28) width 215: "text. Dummy text. Dummy text. Dummy text."
          text run at (0,42) width 130: "Dummy text. Dummy text. "
          text run at (130,42) width 367: "Dummy text. Dummy text. Dummy text. Dummy text. Dummy text. Dummy "
          text run at (497,42) width 215: "text. Dummy text. Dummy text. Dummy text."
      RenderBlock {P} at (0,68) size 784x84
        RenderText {#text} at (0,0) size 44x28
          text run at (0,0) width 44: "The "
        RenderInline {STRONG} at (0,0) size 87x28
          RenderText {#text} at (44,0) size 87x28
            text run at (44,0) width 87: "first line"
        RenderText {#text} at (131,0) size 478x28
          text run at (131,0) width 315: " of this paragraph, and only that "
          text run at (446,0) width 163: "one, should be a "
        RenderInline {STRONG} at (0,0) size 64x28
          RenderText {#text} at (609,0) size 64x28
            text run at (609,0) width 64: "larger"
        RenderText {#text} at (673,0) size 762x42
          text run at (673,0) width 89: " font size"
          text run at (0,28) width 49: "as well as "
        RenderInline {STRONG} at (0,0) size 28x14
          RenderText {#text} at (49,28) size 28x14
            text run at (49,28) width 28: "green"
        RenderText {#text} at (77,28) size 778x56
          text run at (77,28) width 209: ". If this precise combination does not occur, "
          text run at (286,28) width 307: "then the user agent has failed this test. Remember that in order to "
          text run at (593,28) width 173: "ensure a complete test, the paragraph"
          text run at (0,42) width 130: "must be displayed on more "
          text run at (130,42) width 326: "than one line. Dummy text. Dummy text. Dummy text. Dummy text. "
          text run at (456,42) width 322: "Dummy text. Dummy text. Dummy text. Dummy text. Dummy text."
          text run at (0,56) width 42: "Dummy "
          text run at (42,56) width 348: "text. Dummy text. Dummy text. Dummy text. Dummy text. Dummy text. "
          text run at (390,56) width 367: "Dummy text. Dummy text. Dummy text. Dummy text. Dummy text. Dummy "
          text run at (757,56) width 20: "text."
          text run at (0,70) width 325: "Dummy text. Dummy text. Dummy text. Dummy text. Dummy text. "
          text run at (325,70) width 127: "Dummy text. Dummy text."
      RenderBlock {P} at (0,164) size 784x56
        RenderText {#text} at (0,0) size 21x14
          text run at (0,0) width 21: "The "
        RenderInline {STRONG} at (0,0) size 45x14
          RenderText {#text} at (21,0) size 45x14
            text run at (21,0) width 45: "first line"
        RenderText {#text} at (66,0) size 295x14
          text run at (66,0) width 163: " of this paragraph, and only that "
          text run at (229,0) width 132: "one, should be displayed in "
        RenderInline {STRONG} at (0,0) size 53x14
          RenderText {#text} at (361,0) size 53x14
            text run at (361,0) width 53: "small-caps"
        RenderText {#text} at (414,0) size 83x14
          text run at (414,0) width 44: " style as "
          text run at (458,0) width 39: "well as "
        RenderInline {STRONG} at (0,0) size 28x14
          RenderText {#text} at (497,0) size 28x14
            text run at (497,0) width 28: "green"
        RenderText {#text} at (525,0) size 782x56
          text run at (525,0) width 152: ". Thus, if the first line is not in "
          text run at (677,0) width 105: "small-caps style, or if"
          text run at (0,14) width 153: "the entire paragraph turns out in "
          text run at (153,14) width 302: "small-caps, then the user agent has failed this test. Dummy text. "
          text run at (455,14) width 322: "Dummy text. Dummy text. Dummy text. Dummy text. Dummy text."
          text run at (0,28) width 42: "Dummy "
          text run at (42,28) width 348: "text. Dummy text. Dummy text. Dummy text. Dummy text. Dummy text. "
          text run at (390,28) width 367: "Dummy text. Dummy text. Dummy text. Dummy text. Dummy text. Dummy "
          text run at (757,28) width 20: "text."
          text run at (0,42) width 325: "Dummy text. Dummy text. Dummy text. Dummy text. Dummy text. "
          text run at (325,42) width 322: "Dummy text. Dummy text. Dummy text. Dummy text. Dummy text."
