layer at (0,0) size 800x600
  RenderView at (0,0) size 800x600
layer at (0,0) size 800x86
  RenderBlock {HTML} at (0,0) size 800x86
    RenderBody {BODY} at (8,8) size 784x66
      RenderBlock {DIV} at (0,0) size 784x14
        RenderText {#text} at (0,0) size 190x14
          text run at (0,0) width 190: "There should be two lines of text below."
      RenderBlock {P} at (0,26) size 784x14 [color=#FF0000]
        RenderText {#text} at (0,0) size 166x14
          text run at (0,0) width 166: "This line should be white on green."
      RenderBlock {P} at (0,52) size 784x14 [color=#FF0000]
        RenderText {#text} at (0,0) size 166x14
          text run at (0,0) width 166: "This line should be white on green."
