layer at (0,0) size 800x600
  RenderView at (0,0) size 800x600
layer at (0,0) size 800x320
  RenderBlock {HTML} at (0,0) size 800x320
    RenderBody {BODY} at (8,12) size 784x300 [color=#0000FF]
      RenderBlock {P} at (0,0) size 784x166
        RenderInline (generated) at (0,0) size 66x121 [color=#00FFFF]
          RenderText {#text} at (0,1) size 66x121
            text run at (0,1) width 66: "T"
        RenderText {#text} at (66,65) size 43x41
          text run at (66,65) width 43: "he "
        RenderInline {STRONG} at (0,0) size 155x41
          RenderText {#text} at (109,65) size 155x41
            text run at (109,65) width 155: "first letter"
        RenderText {#text} at (264,65) size 723x73
          text run at (264,65) width 459: " of this paragraph, and only that"
          text run at (0,124) width 72: "one, should be "
        RenderInline {STRONG} at (0,0) size 65x14
          RenderText {#text} at (72,124) size 65x14
            text run at (72,124) width 65: "600% bigger"
        RenderText {#text} at (137,124) size 389x14
          text run at (137,124) width 99: " than the normal text "
          text run at (236,124) width 290: "(300% bigger than the rest of first line of this paragraph) and "
        RenderInline {STRONG} at (0,0) size 26x14
          RenderText {#text} at (526,124) size 26x14
            text run at (526,124) width 26: "aqua"
        RenderText {#text} at (552,124) size 81x14
          text run at (552,124) width 81: ", while the entire "
        RenderInline {STRONG} at (0,0) size 42x14
          RenderText {#text} at (633,124) size 42x14
            text run at (633,124) width 42: "first line"
        RenderText {#text} at (675,124) size 52x14
          text run at (675,124) width 3: " "
          text run at (678,124) width 49: "should be "
        RenderInline {STRONG} at (0,0) size 757x28
          RenderText {#text} at (727,124) size 757x28
            text run at (727,124) width 30: "300%"
            text run at (0,138) width 32: "bigger"
        RenderText {#text} at (32,138) size 82x14
          text run at (32,138) width 82: " than normal and "
        RenderInline {STRONG} at (0,0) size 18x14
          RenderText {#text} at (114,138) size 18x14
            text run at (114,138) width 18: "teal"
        RenderText {#text} at (132,138) size 771x28
          text run at (132,138) width 209: ". If this precise combination does not occur, "
          text run at (341,138) width 307: "then the user agent has failed this test. Remember that in order to "
          text run at (648,138) width 123: "ensure a complete test, the"
          text run at (0,152) width 180: "paragraph must be displayed on more "
          text run at (180,152) width 108: "than one line. (TEST1)"
      RenderBlock {P} at (0,178) size 784x56
        RenderInline (generated) at (0,0) size 25x28 [color=#00FFFF]
          RenderText {#text} at (0,0) size 25x28
            text run at (0,0) width 25: "\"T"
        RenderText {#text} at (25,11) size 70x14
          text run at (25,11) width 70: "est\": The first "
        RenderInline {STRONG} at (0,0) size 78x14
          RenderText {#text} at (95,11) size 78x14
            text run at (95,11) width 78: "two characters"
        RenderText {#text} at (173,11) size 329x14
          text run at (173,11) width 87: " in this paragraph "
          text run at (260,11) width 242: "(a double-quote mark and a capital 'T') should be "
        RenderInline {STRONG} at (0,0) size 64x14
          RenderText {#text} at (502,11) size 64x14
            text run at (502,11) width 33: "200% "
            text run at (535,11) width 31: "bigger"
        RenderText {#text} at (566,11) size 177x14
          text run at (566,11) width 177: " than the rest of the paragraph, and "
        RenderInline {STRONG} at (0,0) size 24x14
          RenderText {#text} at (743,11) size 24x14
            text run at (743,11) width 24: "aqua"
        RenderText {#text} at (767,11) size 783x31
          text run at (767,11) width 16: ". In"
          text run at (0,28) width 90: "addition, the entire "
        RenderInline {STRONG} at (0,0) size 42x14
          RenderText {#text} at (90,28) size 42x14
            text run at (90,28) width 24: "first "
            text run at (114,28) width 18: "line"
        RenderText {#text} at (132,28) size 72x14
          text run at (132,28) width 72: " should be in a "
        RenderInline {STRONG} at (0,0) size 122x14
          RenderText {#text} at (204,28) size 122x14
            text run at (204,28) width 104: "small-caps font and "
            text run at (308,28) width 18: "teal"
        RenderText {#text} at (326,28) size 784x28
          text run at (326,28) width 241: ". Remember that in order to ensure a complete test, "
          text run at (567,28) width 217: "the paragraph must be displayed on more than"
          text run at (0,42) width 85: "one line. (TEST2)"
      RenderBlock {P} at (0,246) size 784x28
        RenderInline (generated) at (0,0) size 7x14 [color=#00FFFF]
          RenderText {#text} at (0,0) size 7x14
            text run at (0,0) width 7: "T"
        RenderText {#text} at (7,0) size 14x14
          text run at (7,0) width 14: "he "
        RenderInline {STRONG} at (0,0) size 50x14
          RenderText {#text} at (21,0) size 50x14
            text run at (21,0) width 50: "first letter"
        RenderText {#text} at (71,0) size 225x14
          text run at (71,0) width 153: " of this paragraph, and only that "
          text run at (224,0) width 72: "one, should be "
        RenderInline {STRONG} at (0,0) size 26x14
          RenderText {#text} at (296,0) size 26x14
            text run at (296,0) width 26: "aqua"
        RenderText {#text} at (322,0) size 81x14
          text run at (322,0) width 81: ", while the entire "
        RenderInline {STRONG} at (0,0) size 42x14
          RenderText {#text} at (403,0) size 42x14
            text run at (403,0) width 42: "first line"
        RenderText {#text} at (445,0) size 52x14
          text run at (445,0) width 52: " should be "
        RenderInline {STRONG} at (0,0) size 18x14
          RenderText {#text} at (497,0) size 18x14
            text run at (497,0) width 18: "teal"
        RenderText {#text} at (515,0) size 784x28
          text run at (515,0) width 17: ". If "
          text run at (532,0) width 252: "this precise combination does not occur, then the user"
          text run at (0,14) width 47: "agent has "
          text run at (47,14) width 306: "failed this test. Remember that in order to ensure a complete test, "
          text run at (353,14) width 305: "the paragraph must be displayed on more than one line. (TEST3)"
      RenderBlock {DIV} at (0,286) size 784x14
        RenderText {#text} at (0,0) size 127x14
          text run at (0,0) width 127: "You should see the words "
        RenderInline {STRONG} at (0,0) size 51x14
          RenderText {#text} at (127,0) size 51x14
            text run at (127,0) width 51: "\"TEST1\""
        RenderText {#text} at (178,0) size 6x14
          text run at (178,0) width 6: ", "
        RenderInline {STRONG} at (0,0) size 51x14
          RenderText {#text} at (184,0) size 51x14
            text run at (184,0) width 51: "\"TEST2\""
        RenderText {#text} at (235,0) size 26x14
          text run at (235,0) width 26: ", and "
        RenderInline {STRONG} at (0,0) size 51x14
          RenderText {#text} at (261,0) size 51x14
            text run at (261,0) width 51: "\"TEST3\""
        RenderText {#text} at (312,0) size 176x14
          text run at (312,0) width 64: " at the end of "
          text run at (376,0) width 112: "three paragraphs above."
