layer at (0,0) size 800x600
  RenderView at (0,0) size 800x600
layer at (0,0) size 800x166
  RenderBlock {HTML} at (0,0) size 800x166
    RenderBody {BODY} at (8,12) size 784x142 [color=#0000FF]
      RenderBlock {P} at (0,0) size 784x14
        RenderInline (generated) at (0,0) size 7x14 [color=#008000]
          RenderText {#text} at (0,0) size 7x14
            text run at (0,0) width 7: "T"
        RenderText {#text} at (7,0) size 14x14
          text run at (7,0) width 14: "he "
        RenderInline {STRONG} at (0,0) size 50x14
          RenderText {#text} at (21,0) size 50x14
            text run at (21,0) width 50: "first letter"
        RenderText {#text} at (71,0) size 225x14
          text run at (71,0) width 153: " of this paragraph, and only that "
          text run at (224,0) width 72: "one, should be "
        RenderInline {STRONG} at (0,0) size 28x14
          RenderText {#text} at (296,0) size 28x14
            text run at (296,0) width 28: "green"
        RenderText {#text} at (324,0) size 387x14
          text run at (324,0) width 134: ". If this precise combination "
          text run at (458,0) width 253: "does not occur, then the user agent has failed this test."
      RenderBlock {P} at (0,26) size 784x42
        RenderInline (generated) at (0,0) size 15x28 [color=#008000]
          RenderText {#text} at (0,0) size 15x28
            text run at (0,0) width 15: "T"
        RenderText {#text} at (15,11) size 14x14
          text run at (15,11) width 14: "he "
        RenderInline {STRONG} at (0,0) size 50x14
          RenderText {#text} at (29,11) size 50x14
            text run at (29,11) width 50: "first letter"
        RenderText {#text} at (79,11) size 245x14
          text run at (79,11) width 153: " of this paragraph, and only that "
          text run at (232,11) width 92: "one, should be in a "
        RenderInline {STRONG} at (0,0) size 30x14
          RenderText {#text} at (324,11) size 30x14
            text run at (324,11) width 30: "larger"
        RenderText {#text} at (354,11) size 98x14
          text run at (354,11) width 98: " font size, as well as "
        RenderInline {STRONG} at (0,0) size 28x14
          RenderText {#text} at (452,11) size 28x14
            text run at (452,11) width 28: "green"
        RenderText {#text} at (480,11) size 777x31
          text run at (480,11) width 209: ". If this precise combination does not occur, "
          text run at (689,11) width 88: "then the user agent"
          text run at (0,28) width 87: "has failed this test."
      RenderBlock {P} at (0,80) size 784x62
        RenderInline (generated) at (0,0) size 43x48 [color=#008000]
          RenderText {#text} at (0,0) size 43x48
            text run at (0,0) width 43: "\"T"
        RenderText {#text} at (43,27) size 14x14
          text run at (43,27) width 14: "he "
        RenderInline {STRONG} at (0,0) size 99x14
          RenderText {#text} at (57,27) size 99x14
            text run at (57,27) width 99: "first two characters"
        RenderText {#text} at (156,27) size 337x14
          text run at (156,27) width 97: " in this paragraph (a "
          text run at (253,27) width 240: "double-quote mark and a capital 'T') should be in a "
        RenderInline {STRONG} at (0,0) size 62x14
          RenderText {#text} at (493,27) size 62x14
            text run at (493,27) width 32: "much "
            text run at (525,27) width 30: "larger"
        RenderText {#text} at (555,27) size 206x14
          text run at (555,27) width 206: " font size than the rest of the paragraph, and"
        RenderInline {STRONG} at (0,0) size 28x14
          RenderText {#text} at (0,48) size 28x14
            text run at (0,48) width 28: "green"
        RenderText {#text} at (28,48) size 387x14
          text run at (28,48) width 209: ". If this precise combination does not occur, "
          text run at (237,48) width 178: "then the user agent has failed this test."
