layer at (0,0) size 800x600
  RenderView at (0,0) size 800x600
layer at (0,0) size 800x116
  RenderBlock {HTML} at (0,0) size 800x116
    RenderBody {BODY} at (8,12) size 784x92 [color=#008000]
      RenderBlock {P} at (0,0) size 784x14
        RenderText {#text} at (0,0) size 145x14
          text run at (0,0) width 145: "This sentence should be green."
      RenderBlock {P} at (0,26) size 784x14 [color=#FFFFFF] [bgcolor=#008000]
        RenderText {#text} at (0,0) size 67x14
          text run at (0,0) width 67: "This sentence "
        RenderInline {SPAN} at (0,0) size 46x14
          RenderText {#text} at (67,0) size 46x14
            text run at (67,0) width 46: "should be"
        RenderText {#text} at (113,0) size 76x14
          text run at (113,0) width 76: " white on green."
      RenderBlock {P} at (0,52) size 784x14 [color=#FFFFFF]
        RenderInline {EM} at (0,0) size 26x14 [color=#008000]
          RenderText {#text} at (0,0) size 26x14
            text run at (0,0) width 26: "PASS"
        RenderText {#text} at (26,0) size 3x14
          text run at (26,0) width 3: " "
        RenderInline {STRONG} at (0,0) size 29x14
          RenderText {#text} at (29,0) size 29x14
            text run at (29,0) width 29: "FAIL"
        RenderText {#text} at (0,0) size 0x0
      RenderBlock {P} at (0,78) size 784x14
        RenderText {#text} at (0,0) size 33x14
          text run at (0,0) width 33: "PASS "
        RenderInline {DFN} at (0,0) size 27x14 [color=#FFFFFF]
          RenderText {#text} at (33,0) size 27x14
            text run at (33,0) width 27: "FAIL"
        RenderText {#text} at (0,0) size 0x0
