layer at (0,0) size 800x600
  RenderView at (0,0) size 800x600
layer at (0,0) size 800x64
  RenderBlock {HTML} at (0,0) size 800x64
    RenderBody {BODY} at (8,12) size 784x40
      RenderBlock {P} at (0,0) size 784x14
        RenderText {#text} at (0,0) size 179x14
          text run at (0,0) width 179: "This sentence should have no border. "
        RenderInline {SPAN} at (0,0) size 208x24 [border: (5px solid #00FF00)]
          RenderText {#text} at (184,0) size 198x14
            text run at (184,0) width 198: "This sentence should have a green border."
        RenderText {#text} at (0,0) size 0x0
      RenderBlock {P} at (0,26) size 784x14
        RenderInline {SPAN} at (0,0) size 280x30 [bgcolor=#FF0000]
          RenderInline {SPAN} at (0,0) size 280x30 [bgcolor=#00FF00]
            RenderText {#text} at (0,0) size 280x14
              text run at (0,0) width 280: "This sentence should be in a green bar, with no red present."
        RenderText {#text} at (0,0) size 0x0
