layer at (0,0) size 800x600
  RenderView at (0,0) size 800x600
layer at (0,0) size 800x98
  RenderBlock {HTML} at (0,0) size 800x98
    RenderBody {BODY} at (8,12) size 784x78
      RenderBlock {P} at (0,0) size 784x14
        RenderText {#text} at (0,0) size 330x14
          text run at (0,0) width 330: "The three boxes below should have progressively thinner top borders."
      RenderTable {TABLE} at (0,26) size 57x52 [color=#000080]
        RenderTableSection {TBODY} at (0,0) size 57x52
          RenderTableRow {TR} at (0,2) size 57x48
            RenderTableCell {TD} at (2,2) size 17x48 [r=0 c=0 rs=1 cs=1]
              RenderBlock {P} at (1,13) size 15x22 [border: (5px solid #000080) (3px solid #000080)]
                RenderText {#text} at (3,5) size 9x14
                  text run at (3,5) width 9: "A"
            RenderTableCell {TD} at (21,4) size 16x46 [r=0 c=1 rs=1 cs=1]
              RenderBlock {P} at (1,13) size 14x20 [border: (3px solid #000080)]
                RenderText {#text} at (3,3) size 8x14
                  text run at (3,3) width 8: "B"
            RenderTableCell {TD} at (39,6) size 16x44 [r=0 c=2 rs=1 cs=1]
              RenderBlock {P} at (1,13) size 14x18 [border: (1px solid #000080) (3px solid #000080)]
                RenderText {#text} at (3,1) size 8x14
                  text run at (3,1) width 8: "C"
