layer at (0,0) size 800x600
  RenderView at (0,0) size 800x600
layer at (0,0) size 800x176
  RenderBlock {HTML} at (0,0) size 800x176
    RenderBody {BODY} at (8,12) size 784x140
      RenderBlock {P} at (0,0) size 784x14 [color=#0000FF]
        RenderText {#text} at (0,0) size 197x14
          text run at (0,0) width 197: "There should be no border around the cat:"
      RenderBlock {DIV} at (24,38) size 736x102 [color=#FF0000]
        RenderInline {A} at (0,0) size 98x14 [color=#0000EE]
          RenderImage {IMG} at (0,0) size 98x99
        RenderText {#text} at (0,0) size 0x0
