layer at (0,0) size 800x600
  RenderView at (0,0) size 800x600
layer at (0,0) size 800x208
  RenderBlock {HTML} at (0,0) size 800x208
    RenderBody {BODY} at (8,8) size 784x192
      RenderBlock {DIV} at (0,0) size 784x14
        RenderText {#text} at (0,0) size 255x14
          text run at (0,0) width 255: "The blue bits of text should be decorated as described."
      RenderBlock {P} at (0,26) size 784x140 [color=#C0C0C0]
        RenderText {#text} at (0,0) size 764x28
          text run at (0,0) width 354: "dummy text dummy text dummy text dummy text dummy text dummy text "
          text run at (354,0) width 354: "dummy text dummy text dummy text dummy text dummy text dummy text "
          text run at (708,0) width 56: "dummy text"
          text run at (0,14) width 295: "dummy text dummy text dummy text dummy text dummy text "
          text run at (295,14) width 354: "dummy text dummy text dummy text dummy text dummy text dummy text "
        RenderInline {SPAN} at (0,0) size 767x28 [color=#0000FF] [border: (10px double #0000FF)]
          RenderText {#text} at (659,14) size 767x28
            text run at (659,14) width 108: "\x{21E6} two blue lines to the"
            text run at (0,28) width 18: "left "
          RenderInline {SPAN} at (0,0) size 705x14 [color=#C0C0C0]
            RenderText {#text} at (18,28) size 705x14
              text run at (18,28) width 39: "dummy "
              text run at (57,28) width 354: "text dummy text dummy text dummy text dummy text dummy text dummy "
              text run at (411,28) width 312: "text dummy text dummy text dummy text dummy text dummy text"
          RenderText {#text} at (723,28) size 3x14
            text run at (723,28) width 3: " "
        RenderText {#text} at (726,28) size 782x56
          text run at (726,28) width 56: "dummy text"
          text run at (0,42) width 236: "dummy text dummy text dummy text dummy text "
          text run at (236,42) width 354: "dummy text dummy text dummy text dummy text dummy text dummy text "
          text run at (590,42) width 174: "dummy text dummy text dummy text"
          text run at (0,56) width 177: "dummy text dummy text dummy text "
          text run at (177,56) width 354: "dummy text dummy text dummy text dummy text dummy text dummy text "
          text run at (531,56) width 233: "dummy text dummy text dummy text dummy text"
          text run at (0,70) width 118: "dummy text dummy text "
          text run at (118,70) width 354: "dummy text dummy text dummy text dummy text dummy text dummy text "
          text run at (472,70) width 295: "dummy text dummy text dummy text dummy text dummy text "
        RenderInline {SPAN} at (0,0) size 778x28 [color=#0000FF] [border: (1px solid #0000FF)]
          RenderText {#text} at (768,70) size 778x28
            text run at (768,70) width 10: "\x{21E6}"
            text run at (0,84) width 131: "one thin blue line to the left "
        RenderText {#text} at (131,84) size 777x56
          text run at (131,84) width 39: "dummy "
          text run at (170,84) width 354: "text dummy text dummy text dummy text dummy text dummy text dummy "
          text run at (524,84) width 253: "text dummy text dummy text dummy text dummy text"
          text run at (0,98) width 98: "dummy text dummy "
          text run at (98,98) width 354: "text dummy text dummy text dummy text dummy text dummy text dummy "
          text run at (452,98) width 312: "text dummy text dummy text dummy text dummy text dummy text"
          text run at (0,112) width 39: "dummy "
          text run at (39,112) width 354: "text dummy text dummy text dummy text dummy text dummy text dummy "
          text run at (393,112) width 354: "text dummy text dummy text dummy text dummy text dummy text dummy "
          text run at (747,112) width 17: "text"
          text run at (0,126) width 115: "dummy text dummy text"
      RenderBlock {DIV} at (0,178) size 784x14
        RenderText {#text} at (0,0) size 311x14
          text run at (0,0) width 311: "(All the lines of text in the block above should be equally spaced.)"
