layer at (0,0) size 800x600
  RenderView at (0,0) size 800x600
layer at (0,0) size 800x190
  RenderBlock {HTML} at (0,0) size 800x190
    RenderBody {BODY} at (8,12) size 784x166 [color=#0000FF]
      RenderBlock {P} at (0,0) size 784x14
        RenderText {#text} at (0,0) size 552x14
          text run at (0,0) width 265: "There should be a solid line to the left of the text below, "
          text run at (265,0) width 287: "having three segments each of a different colour as indicated."
      RenderBlock {UL} at (0,26) size 784x140
        RenderListItem {LI} at (40,0) size 744x56 [border: (3px solid #FFA500)]
          RenderBlock (anonymous) at (3,0) size 741x14
            RenderListMarker at (-18,0) size 6x14: bullet
            RenderText {#text} at (0,0) size 79x14
              text run at (0,0) width 79: "Orange orange..."
          RenderBlock {UL} at (3,14) size 741x42
            RenderListItem {LI} at (40,0) size 701x14
              RenderListMarker at (-15,0) size 6x14: white bullet
              RenderText {#text} at (0,0) size 85x14
                text run at (0,0) width 85: "...orange orange..."
            RenderListItem {LI} at (40,14) size 701x14
              RenderListMarker at (-15,0) size 6x14: white bullet
              RenderText {#text} at (0,0) size 85x14
                text run at (0,0) width 85: "...orange orange..."
            RenderListItem {LI} at (40,28) size 701x14
              RenderListMarker at (-15,0) size 6x14: white bullet
              RenderText {#text} at (0,0) size 79x14
                text run at (0,0) width 79: "...orange orange."
        RenderListItem {LI} at (40,56) size 744x14 [border: (3px solid #00FF00)]
          RenderListMarker at (-15,0) size 6x14: bullet
          RenderText {#text} at (3,0) size 27x14
            text run at (3,0) width 27: "Lime."
        RenderListItem {LI} at (40,70) size 744x70 [border: (3px solid #FFFF00)]
          RenderListMarker at (-15,0) size 6x14: bullet
          RenderText {#text} at (3,0) size 735x70
            text run at (3,0) width 248: "Yellow yellow yellow yellow yellow yellow yellow "
            text run at (251,0) width 315: "yellow yellow yellow yellow yellow yellow yellow yellow yellow "
            text run at (566,0) width 172: "yellow yellow yellow yellow yellow"
            text run at (3,14) width 140: "yellow yellow yellow yellow "
            text run at (143,14) width 315: "yellow yellow yellow yellow yellow yellow yellow yellow yellow "
            text run at (458,14) width 277: "yellow yellow yellow yellow yellow yellow yellow yellow"
            text run at (3,28) width 35: "yellow "
            text run at (38,28) width 315: "yellow yellow yellow yellow yellow yellow yellow yellow yellow "
            text run at (353,28) width 315: "yellow yellow yellow yellow yellow yellow yellow yellow yellow "
            text run at (668,28) width 67: "yellow yellow"
            text run at (3,42) width 245: "yellow yellow yellow yellow yellow yellow yellow "
            text run at (248,42) width 315: "yellow yellow yellow yellow yellow yellow yellow yellow yellow "
            text run at (563,42) width 172: "yellow yellow yellow yellow yellow"
            text run at (3,56) width 140: "yellow yellow yellow yellow "
            text run at (143,56) width 315: "yellow yellow yellow yellow yellow yellow yellow yellow yellow "
            text run at (458,56) width 280: "yellow yellow yellow yellow yellow yellow yellow yellow."
