layer at (0,0) size 800x600
  RenderView at (0,0) size 800x600
layer at (0,0) size 800x54
  RenderBlock {HTML} at (0,0) size 800x54
    RenderBody {BODY} at (8,20) size 784x14
      RenderBlock {P} at (-10,0) size 794x14 [color=#000080]
        RenderText {#text} at (0,0) size 220x14
          text run at (0,0) width 220: "  This page should have a horizontal scroll bar."
