layer at (0,0) size 800x600
  RenderView at (0,0) size 800x600
layer at (0,0) size 800x98
  RenderBlock {HTML} at (0,0) size 800x98
    RenderBody {BODY} at (8,12) size 784x74
      RenderBlock {P} at (0,0) size 784x14
        RenderText {#text} at (0,0) size 179x14
          text run at (0,0) width 179: "The next two bars should be identical:"
      RenderBlock {DIV} at (12,26) size 102x18 [border: (3px solid #000000)]
        RenderBlock {P} at (3,3) size 96x12 [color=#FFA500] [bgcolor=#FFFF00]
          RenderText {#text} at (0,0) size 48x12
            text run at (0,0) width 48: "TEST"
      RenderBlock {DIV} at (12,56) size 102x18 [bgcolor=#FF0000] [border: (3px solid #000000)]
        RenderImage {IMG} at (3,3) size 48x12
        RenderImage {IMG} at (51,3) size 48x12
        RenderText {#text} at (0,0) size 0x0
