layer at (0,0) size 800x797
  RenderView at (0,0) size 800x600
layer at (0,0) size 800x797
  RenderBlock {HTML} at (0,0) size 800x797
    RenderBody {BODY} at (8,12) size 784x777
      RenderBlock {P} at (0,0) size 784x14
        RenderText {#text} at (0,0) size 208x14
          text run at (0,0) width 208: "The two columns below should be identical."
      RenderTable {TABLE} at (0,26) size 138x751
        RenderTableSection {TBODY} at (0,0) size 138x751
          RenderTableRow {TR} at (0,2) size 138x747
            RenderTableCell {TD} at (2,2) size 66x747 [bgcolor=#008080] [border: (3px solid #000000)] [r=0 c=0 rs=1 cs=1]
              RenderBlock {P} at (3,3) size 60x14 [bgcolor=#FFFF00]
                RenderText {#text} at (0,0) size 4x14
                  text run at (0,0) width 4: "-"
              RenderBlock {P} at (3,92) size 60x14 [bgcolor=#FF00FF]
                RenderText {#text} at (0,0) size 4x14
                  text run at (0,0) width 4: "-"
              RenderBlock {P} at (3,106) size 60x14 [bgcolor=#FFFF00]
                RenderText {#text} at (0,0) size 4x14
                  text run at (0,0) width 4: "-"
              RenderBlock {P} at (3,195) size 60x14 [bgcolor=#00FF00]
                RenderText {#text} at (0,0) size 4x14
                  text run at (0,0) width 4: "-"
              RenderBlock {P} at (3,209) size 60x14 [bgcolor=#FFFF00]
                RenderText {#text} at (0,0) size 4x14
                  text run at (0,0) width 4: "-"
              RenderBlock {P} at (3,261) size 60x14 [bgcolor=#FFFFFF]
                RenderText {#text} at (0,0) size 4x14
                  text run at (0,0) width 4: "-"
              RenderBlock {DIV} at (3,312) size 60x88 [bgcolor=#00FFFF]
                RenderBlock {P} at (0,74) size 60x14 [bgcolor=#FFA500]
                  RenderText {#text} at (0,0) size 4x14
                    text run at (0,0) width 4: "-"
              RenderBlock {P} at (3,437) size 60x14 [bgcolor=#FFFF00]
                RenderText {#text} at (0,0) size 4x14
                  text run at (0,0) width 4: "-"
              RenderBlock {P} at (3,451) size 60x89 [bgcolor=#FF00FF]
                RenderText {#text} at (0,0) size 4x14
                  text run at (0,0) width 4: "-"
              RenderBlock {P} at (3,503) size 60x51 [bgcolor=#00FF00]
                RenderText {#text} at (0,37) size 4x14
                  text run at (0,37) width 4: "-"
              RenderBlock (floating) {P} at (3,628) size 30x14 [bgcolor=#FFFFFF]
                RenderText {#text} at (0,0) size 4x14
                  text run at (0,0) width 4: "-"
              RenderBlock {P} at (3,591) size 60x14 [bgcolor=#00FFFF]
                RenderText {#text} at (30,0) size 4x14
                  text run at (30,0) width 4: "-"
              RenderBlock {P} at (3,642) size 60x51 [bgcolor=#FFA500]
                RenderText {#text} at (0,0) size 4x14
                  text run at (0,0) width 4: "-"
              RenderBlock {P} at (3,693) size 60x51 [bgcolor=#FFFF00]
                RenderText {#text} at (0,37) size 4x14
                  text run at (0,37) width 4: "-"
            RenderTableCell {TD} at (70,2) size 66x746 [border: (3px solid #000000)] [r=0 c=1 rs=1 cs=1]
              RenderBlock {DIV} at (3,3) size 60x14 [bgcolor=#FFFF00]
                RenderText {#text} at (0,0) size 4x14
                  text run at (0,0) width 4: "-"
              RenderBlock {DIV} at (3,17) size 60x75 [bgcolor=#008080]
              RenderBlock {DIV} at (3,92) size 60x14 [bgcolor=#FF00FF]
                RenderText {#text} at (0,0) size 4x14
                  text run at (0,0) width 4: "-"
              RenderBlock {DIV} at (3,106) size 60x14 [bgcolor=#FFFF00]
                RenderText {#text} at (0,0) size 4x14
                  text run at (0,0) width 4: "-"
              RenderBlock {DIV} at (3,120) size 60x75 [bgcolor=#008080]
              RenderBlock {DIV} at (3,195) size 60x14 [bgcolor=#00FF00]
                RenderText {#text} at (0,0) size 4x14
                  text run at (0,0) width 4: "-"
              RenderBlock {DIV} at (3,209) size 60x14 [bgcolor=#FFFF00]
                RenderText {#text} at (0,0) size 4x14
                  text run at (0,0) width 4: "-"
              RenderBlock {DIV} at (3,223) size 60x37 [bgcolor=#008080]
              RenderBlock {DIV} at (3,260) size 60x14 [bgcolor=#FFFFFF]
                RenderText {#text} at (0,0) size 4x14
                  text run at (0,0) width 4: "-"
              RenderBlock {DIV} at (3,274) size 60x37 [bgcolor=#008080]
              RenderBlock {DIV} at (3,311) size 60x75 [bgcolor=#00FFFF]
              RenderBlock {DIV} at (3,386) size 60x14 [bgcolor=#FFA500]
                RenderText {#text} at (0,0) size 4x14
                  text run at (0,0) width 4: "-"
              RenderBlock {DIV} at (3,400) size 60x37 [bgcolor=#008080]
              RenderBlock {DIV} at (3,437) size 60x14 [bgcolor=#FFFF00]
                RenderText {#text} at (0,0) size 4x14
                  text run at (0,0) width 4: "-"
              RenderBlock {DIV} at (3,451) size 60x14 [bgcolor=#FF00FF]
                RenderText {#text} at (0,0) size 4x14
                  text run at (0,0) width 4: "-"
              RenderBlock {DIV} at (3,465) size 60x37 [bgcolor=#FF00FF]
              RenderBlock {DIV} at (3,502) size 60x37 [bgcolor=#00FF00]
              RenderBlock {DIV} at (3,539) size 60x14 [bgcolor=#00FF00]
                RenderText {#text} at (0,0) size 4x14
                  text run at (0,0) width 4: "-"
              RenderBlock {DIV} at (3,553) size 60x37 [bgcolor=#008080]
              RenderBlock {DIV} at (3,590) size 60x14 [bgcolor=#00FFFF]
                RenderBlock {DIV} at (30,0) size 30x14
                  RenderText {#text} at (0,0) size 4x14
                    text run at (0,0) width 4: "-"
              RenderBlock {DIV} at (3,641) size 60x14 [bgcolor=#FFA500]
                RenderText {#text} at (0,0) size 4x14
                  text run at (0,0) width 4: "-"
              RenderBlock {DIV} at (3,655) size 60x37 [bgcolor=#FFA500]
              RenderBlock {DIV} at (3,692) size 60x37 [bgcolor=#FFFF00]
              RenderBlock {DIV} at (3,729) size 60x14 [bgcolor=#FFFF00]
                RenderText {#text} at (0,0) size 4x14
                  text run at (0,0) width 4: "-"
layer at (81,644) size 60x37
  RenderBlock (relative positioned) {DIV} at (3,604) size 60x37 [bgcolor=#008080]
layer at (81,667) size 30x14
  RenderBlock (positioned) {DIV} at (0,23) size 30x14 [bgcolor=#FFFFFF]
    RenderText {#text} at (0,0) size 4x14
      text run at (0,0) width 4: "-"
