layer at (0,0) size 802x600
  RenderView at (0,0) size 800x600
layer at (0,0) size 800x24
  RenderBlock {HTML} at (0,0) size 800x24
    RenderBody {BODY} at (8,-2) size 784x28
      RenderBlock {P} at (-10,0) size 804x28 [color=#000080]
        RenderBR {BR} at (0,0) size 0x14
        RenderText {#text} at (0,14) size 220x14
          text run at (0,14) width 220: "  This page should have a horizontal scroll bar."
