layer at (0,0) size 800x600
  RenderView at (0,0) size 800x600
layer at (0,0) size 800x218
  RenderBlock {HTML} at (0,0) size 800x218
    RenderBody {BODY} at (8,12) size 784x194 [color=#0000FF]
      RenderBlock {P} at (0,0) size 784x14
        RenderText {#text} at (0,0) size 559x14
          text run at (0,0) width 272: "There should be a solid line to the right of the text below, "
          text run at (272,0) width 287: "having three segments each of a different colour as indicated."
      RenderBlock {UL} at (0,26) size 588x168
        RenderListItem {LI} at (40,0) size 548x56 [border: (3px solid #FFA500) none]
          RenderBlock (anonymous) at (0,0) size 545x14
            RenderListMarker at (-15,0) size 6x14: bullet
            RenderText {#text} at (0,0) size 79x14
              text run at (0,0) width 79: "Orange orange..."
          RenderBlock {UL} at (0,14) size 409x42
            RenderListItem {LI} at (40,0) size 369x14
              RenderListMarker at (-15,0) size 6x14: white bullet
              RenderText {#text} at (0,0) size 85x14
                text run at (0,0) width 85: "...orange orange..."
            RenderListItem {LI} at (40,14) size 369x14
              RenderListMarker at (-15,0) size 6x14: white bullet
              RenderText {#text} at (0,0) size 85x14
                text run at (0,0) width 85: "...orange orange..."
            RenderListItem {LI} at (40,28) size 369x14
              RenderListMarker at (-15,0) size 6x14: white bullet
              RenderText {#text} at (0,0) size 79x14
                text run at (0,0) width 79: "...orange orange."
        RenderListItem {LI} at (40,56) size 548x14 [border: (3px solid #00FF00) none]
          RenderListMarker at (-15,0) size 6x14: bullet
          RenderText {#text} at (0,0) size 27x14
            text run at (0,0) width 27: "Lime."
        RenderListItem {LI} at (40,70) size 548x98 [border: (3px solid #FFFF00) none]
          RenderListMarker at (-15,0) size 6x14: bullet
          RenderText {#text} at (0,0) size 525x98
            text run at (0,0) width 248: "Yellow yellow yellow yellow yellow yellow yellow "
            text run at (248,0) width 277: "yellow yellow yellow yellow yellow yellow yellow yellow"
            text run at (0,14) width 35: "yellow "
            text run at (35,14) width 315: "yellow yellow yellow yellow yellow yellow yellow yellow yellow "
            text run at (350,14) width 172: "yellow yellow yellow yellow yellow"
            text run at (0,28) width 140: "yellow yellow yellow yellow "
            text run at (140,28) width 315: "yellow yellow yellow yellow yellow yellow yellow yellow yellow "
            text run at (455,28) width 67: "yellow yellow"
            text run at (0,42) width 245: "yellow yellow yellow yellow yellow yellow yellow "
            text run at (245,42) width 277: "yellow yellow yellow yellow yellow yellow yellow yellow"
            text run at (0,56) width 35: "yellow "
            text run at (35,56) width 315: "yellow yellow yellow yellow yellow yellow yellow yellow yellow "
            text run at (350,56) width 172: "yellow yellow yellow yellow yellow"
            text run at (0,70) width 140: "yellow yellow yellow yellow "
            text run at (140,70) width 315: "yellow yellow yellow yellow yellow yellow yellow yellow yellow "
            text run at (455,70) width 67: "yellow yellow"
            text run at (0,84) width 245: "yellow yellow yellow yellow yellow yellow yellow "
            text run at (245,84) width 280: "yellow yellow yellow yellow yellow yellow yellow yellow."
