layer at (0,0) size 800x600
  RenderView at (0,0) size 800x600
layer at (0,0) size 800x33
  RenderBlock {HTML} at (0,0) size 800x33
    RenderBody {BODY} at (8,8) size 784x17
      RenderBlock {DIV} at (0,0) size 784x17 [color=#000080]
        RenderBlock {DIV} at (0,0) size 784x17 [border: (3px solid #000080) none (3px solid #000080)]
          RenderText {#text} at (3,3) size 215x14
            text run at (3,3) width 215: "This box should be open ended at the bottom."
