layer at (0,0) size 800x600
  RenderView at (0,0) size 800x600
layer at (0,0) size 800x90
  RenderBlock {HTML} at (0,0) size 800x90
    RenderBody {BODY} at (8,12) size 784x66
      RenderBlock {P} at (0,0) size 784x14
        RenderText {#text} at (0,0) size 172x14
          text run at (0,0) width 172: "There should be no red on this page:"
      RenderBlock {P} at (0,26) size 784x14 [color=#FF0000]
        RenderText {#text} at (0,0) size 3x14
          text run at (0,0) width 3: " "
      RenderBlock {P} at (0,52) size 784x14 [color=#FF0000]
        RenderText {#text} at (0,0) size 3x14
          text run at (0,0) width 3: " "
