layer at (0,0) size 800x600
  RenderView at (0,0) size 800x600
layer at (0,0) size 800x75
  RenderBlock {HTML} at (0,0) size 800x75
    RenderBody {BODY} at (8,12) size 784x51
      RenderBlock {P} at (0,0) size 784x24 [color=#0000FF] [border: (10px double #0000FF) none]
        RenderText {#text} at (0,10) size 281x14
          text run at (0,10) width 281: "This paragraph should have two blue lines directly above it."
      RenderBlock {P} at (0,36) size 784x15 [color=#0000FF] [border: (1px solid #0000FF) none]
        RenderText {#text} at (0,1) size 315x14
          text run at (0,1) width 315: "This paragraph should have a single thin blue line directly above it."
