layer at (0,0) size 800x600
  RenderView at (0,0) size 800x600
layer at (0,0) size 800x178
  RenderBlock {HTML} at (0,0) size 800x178
    RenderBody {BODY} at (8,12) size 784x154
      RenderBlock {P} at (0,0) size 784x154 [color=#000080]
        RenderImage {IMG} at (734,0) size 50x50
        RenderText {#text} at (0,0) size 251x14
          text run at (0,0) width 251: "This text should flow around the box on the right. \x{21E8} "
        RenderInline {SPAN} at (0,0) size 764x154 [color=#C0C0C0]
          RenderText {#text} at (251,0) size 764x154
            text run at (251,0) width 334: "dummy text dummy text dummy text dummy text dummy text dummy "
            text run at (585,0) width 135: "text dummy text dummy text"
            text run at (0,14) width 216: "dummy text dummy text dummy text dummy "
            text run at (216,14) width 354: "text dummy text dummy text dummy text dummy text dummy text dummy "
            text run at (570,14) width 135: "text dummy text dummy text"
            text run at (0,28) width 216: "dummy text dummy text dummy text dummy "
            text run at (216,28) width 354: "text dummy text dummy text dummy text dummy text dummy text dummy "
            text run at (570,28) width 135: "text dummy text dummy text"
            text run at (0,42) width 216: "dummy text dummy text dummy text dummy "
            text run at (216,42) width 354: "text dummy text dummy text dummy text dummy text dummy text dummy "
            text run at (570,42) width 135: "text dummy text dummy text"
            text run at (0,56) width 216: "dummy text dummy text dummy text dummy "
            text run at (216,56) width 354: "text dummy text dummy text dummy text dummy text dummy text dummy "
            text run at (570,56) width 194: "text dummy text dummy text dummy text"
            text run at (0,70) width 157: "dummy text dummy text dummy "
            text run at (157,70) width 354: "text dummy text dummy text dummy text dummy text dummy text dummy "
            text run at (511,70) width 253: "text dummy text dummy text dummy text dummy text"
            text run at (0,84) width 98: "dummy text dummy "
            text run at (98,84) width 354: "text dummy text dummy text dummy text dummy text dummy text dummy "
            text run at (452,84) width 312: "text dummy text dummy text dummy text dummy text dummy text"
            text run at (0,98) width 39: "dummy "
            text run at (39,98) width 354: "text dummy text dummy text dummy text dummy text dummy text dummy "
            text run at (393,98) width 354: "text dummy text dummy text dummy text dummy text dummy text dummy "
            text run at (747,98) width 17: "text"
            text run at (0,112) width 334: "dummy text dummy text dummy text dummy text dummy text dummy "
            text run at (334,112) width 354: "text dummy text dummy text dummy text dummy text dummy text dummy "
            text run at (688,112) width 76: "text dummy text"
            text run at (0,126) width 275: "dummy text dummy text dummy text dummy text dummy "
            text run at (275,126) width 354: "text dummy text dummy text dummy text dummy text dummy text dummy "
            text run at (629,126) width 135: "text dummy text dummy text"
            text run at (0,140) width 174: "dummy text dummy text dummy text"
        RenderText {#text} at (0,0) size 0x0
