layer at (0,0) size 800x600
  RenderView at (0,0) size 800x600
layer at (0,0) size 800x323
  RenderBlock {HTML} at (0,0) size 800x323
    RenderBody {BODY} at (8,12) size 784x299
      RenderBlock {P} at (0,0) size 784x28 [color=#000080]
        RenderText {#text} at (0,0) size 777x28
          text run at (0,0) width 305: "The big coloured boxes should be level with the top of the small "
          text run at (305,0) width 317: "coloured boxes of the same color (unless there is not enough room "
          text run at (622,0) width 155: "for the big box to fit on the small"
          text run at (0,14) width 141: "box's line after the small box, "
          text run at (141,14) width 313: "in which case the big box should be as high as possible below the "
          text run at (454,14) width 53: "small box)."
      RenderBlock {DIV} at (12,40) size 760x259 [color=#C0C0C0] [border: (5px solid #800080)]
        RenderText {#text} at (131,17) size 413x14
          text run at (131,17) width 354: "dummy text dummy text dummy text dummy text dummy text dummy text "
          text run at (485,17) width 59: "dummy text "
        RenderInline {SPAN} at (0,0) size 15x20 [color=#FFFFFF] [bgcolor=#008080] [border: (3px solid #00FFFF)]
          RenderText {#text} at (547,17) size 9x14
            text run at (547,17) width 9: "A"
        RenderText {#text} at (559,17) size 3x14
          text run at (559,17) width 3: " "
        RenderBlock (floating) {P} at (17,17) size 114x45 [color=#FFFFFF] [bgcolor=#008080] [border: (3px solid #00FFFF)]
          RenderText {#text} at (15,15) size 36x14
            text run at (15,15) width 36: "AAAA"
        RenderText {#text} at (562,17) size 605x29
          text run at (562,17) width 174: "dummy text dummy text dummy text"
          text run at (131,32) width 177: "dummy text dummy text dummy text "
        RenderInline {SPAN} at (0,0) size 14x20 [color=#FFFFFF] [bgcolor=#800080] [border: (3px solid #FF00FF)]
          RenderText {#text} at (311,32) size 8x14
            text run at (311,32) width 8: "B"
        RenderText {#text} at (322,32) size 3x14
          text run at (322,32) width 3: " "
        RenderBlock (floating) {P} at (629,32) size 114x45 [color=#FFFFFF] [bgcolor=#800080] [border: (3px solid #FF00FF)]
          RenderText {#text} at (15,15) size 32x14
            text run at (15,15) width 32: "BBBB"
        RenderText {#text} at (325,32) size 177x14
          text run at (325,32) width 177: "dummy text dummy text dummy text "
        RenderInline {SPAN} at (0,0) size 14x20 [color=#FFFFFF] [bgcolor=#FFA500] [border: (3px solid #FFFF00)]
          RenderText {#text} at (505,32) size 8x14
            text run at (505,32) width 8: "C"
        RenderText {#text} at (516,32) size 3x14
          text run at (516,32) width 3: " "
        RenderBlock (floating) {P} at (131,47) size 114x45 [color=#FFFFFF] [bgcolor=#FFA500] [border: (3px solid #FFFF00)]
          RenderText {#text} at (15,15) size 32x14
            text run at (15,15) width 32: "CCCC"
        RenderText {#text} at (519,32) size 369x29
          text run at (519,32) width 95: "dummy text dummy"
          text run at (245,47) width 256: "text dummy text dummy text dummy text dummy text "
        RenderInline {SPAN} at (0,0) size 15x20 [color=#FFFFFF] [bgcolor=#008000] [border: (3px solid #00FF00)]
          RenderText {#text} at (504,47) size 9x14
            text run at (504,47) width 9: "D"
        RenderText {#text} at (516,47) size 3x14
          text run at (516,47) width 3: " "
        RenderBlock (floating) {P} at (245,62) size 114x45 [color=#FFFFFF] [bgcolor=#008000] [border: (3px solid #00FF00)]
          RenderText {#text} at (15,15) size 36x14
            text run at (15,15) width 36: "DDDD"
        RenderText {#text} at (519,47) size 705x194
          text run at (519,47) width 95: "dummy text dummy"
          text run at (359,62) width 253: "text dummy text dummy text dummy text dummy text"
          text run at (359,77) width 351: "dummy text dummy text dummy text dummy text dummy text dummy text"
          text run at (359,92) width 351: "dummy text dummy text dummy text dummy text dummy text dummy text"
          text run at (17,107) width 354: "dummy text dummy text dummy text dummy text dummy text dummy text "
          text run at (371,107) width 351: "dummy text dummy text dummy text dummy text dummy text dummy text"
          text run at (17,122) width 354: "dummy text dummy text dummy text dummy text dummy text dummy text "
          text run at (371,122) width 351: "dummy text dummy text dummy text dummy text dummy text dummy text"
          text run at (17,137) width 354: "dummy text dummy text dummy text dummy text dummy text dummy text "
          text run at (371,137) width 351: "dummy text dummy text dummy text dummy text dummy text dummy text"
          text run at (17,152) width 354: "dummy text dummy text dummy text dummy text dummy text dummy text "
          text run at (371,152) width 351: "dummy text dummy text dummy text dummy text dummy text dummy text"
          text run at (17,167) width 354: "dummy text dummy text dummy text dummy text dummy text dummy text "
          text run at (371,167) width 351: "dummy text dummy text dummy text dummy text dummy text dummy text"
          text run at (17,182) width 354: "dummy text dummy text dummy text dummy text dummy text dummy text "
          text run at (371,182) width 351: "dummy text dummy text dummy text dummy text dummy text dummy text"
          text run at (17,197) width 354: "dummy text dummy text dummy text dummy text dummy text dummy text "
          text run at (371,197) width 351: "dummy text dummy text dummy text dummy text dummy text dummy text"
          text run at (17,212) width 354: "dummy text dummy text dummy text dummy text dummy text dummy text "
          text run at (371,212) width 351: "dummy text dummy text dummy text dummy text dummy text dummy text"
          text run at (17,227) width 351: "dummy text dummy text dummy text dummy text dummy text dummy text"
