layer at (0,0) size 800x600
  RenderView at (0,0) size 800x600
layer at (0,0) size 800x90
  RenderBlock {HTML} at (0,0) size 800x90
    RenderBody {BODY} at (8,12) size 784x66
      RenderBlock {P} at (0,0) size 784x14 [color=#000080]
        RenderText {#text} at (0,0) size 406x14
          text run at (0,0) width 406: "In the following test, the blue blocks should be on the given sides of the teal rectangle."
      RenderBlock {DIV} at (0,26) size 784x40
        RenderBlock {DIV} at (12,0) size 760x40 [color=#00FFFF] [bgcolor=#008080]
          RenderBlock (floating) {P} at (6,6) size 132x40 [color=#FFFFFF] [bgcolor=#000080] [border: (3px solid #0000FF)]
            RenderText {#text} at (6,6) size 99x28
              text run at (6,6) width 86: "\x{21E6} This blue block"
              text run at (6,20) width 99: "should be on the left."
          RenderBlock (floating) {P} at (622,6) size 132x40 [color=#FFFFFF] [bgcolor=#000080] [border: (3px solid #0000FF)]
            RenderText {#text} at (6,6) size 106x28
              text run at (6,6) width 86: "\x{21E8} This blue block"
              text run at (6,20) width 106: "should be on the right."
          RenderText {#text} at (138,6) size 446x28
            text run at (138,6) width 426: "Teal rectangle. Teal rectangle. Teal rectangle. Teal rectangle. Teal rectangle. Teal rectangle. "
            text run at (564,6) width 20: "Teal"
            text run at (138,20) width 400: "rectangle. Teal rectangle. Teal rectangle. Teal rectangle. Teal rectangle. Teal rectangle."
