layer at (0,0) size 800x600
  RenderView at (0,0) size 800x600
layer at (0,0) size 800x200
  RenderBlock {HTML} at (0,0) size 800x200
    RenderBody {BODY} at (8,12) size 784x178
      RenderBlock {P} at (0,0) size 784x14 [color=#000080]
        RenderText {#text} at (0,0) size 489x14
          text run at (0,0) width 292: "Below you should see four blocks side by side followed by a "
          text run at (292,0) width 197: "matching cross section of the four blocks."
      RenderBlock (floating) {DIV} at (0,36) size 140x118 [bgcolor=#FFFF00] [border: (20px solid #000000)]
        RenderBlock {P} at (40,52) size 60x14
          RenderText {#text} at (12,0) size 36x14
            text run at (12,0) width 36: "Yellow"
      RenderBlock (floating) {DIV} at (160,36) size 140x118 [color=#FFFFFF] [bgcolor=#0000FF] [border: (20px solid #000000)]
        RenderBlock {P} at (40,52) size 60x14
          RenderText {#text} at (19,0) size 22x14
            text run at (19,0) width 22: "Blue"
      RenderBlock (floating) {DIV} at (320,36) size 140x118 [bgcolor=#FF0000] [border: (20px solid #000000)]
        RenderBlock {P} at (40,52) size 60x14
          RenderText {#text} at (20,0) size 20x14
            text run at (20,0) width 20: "Red"
      RenderBlock (floating) {DIV} at (480,36) size 140x118 [color=#FFFFFF] [bgcolor=#008000] [border: (20px solid #000000)]
        RenderBlock {P} at (40,52) size 60x14
          RenderText {#text} at (15,0) size 30x14
            text run at (15,0) width 30: "Green"
      RenderBlock {DIV} at (0,164) size 784x14
        RenderTable {TABLE} at (0,0) size 620x14
          RenderTableSection {TBODY} at (0,0) size 620x14
            RenderTableRow {TR} at (0,0) size 620x14
              RenderTableCell {TD} at (0,0) size 20x14 [bgcolor=#000000] [r=0 c=0 rs=1 cs=1]
                RenderText {#text} at (0,0) size 3x14
                  text run at (0,0) width 3: " "
              RenderTableCell {TD} at (20,0) size 100x14 [bgcolor=#FFFF00] [r=0 c=1 rs=1 cs=1]
                RenderText {#text} at (0,0) size 3x14
                  text run at (0,0) width 3: " "
              RenderTableCell {TD} at (120,0) size 20x14 [bgcolor=#000000] [r=0 c=2 rs=1 cs=1]
                RenderText {#text} at (0,0) size 3x14
                  text run at (0,0) width 3: " "
              RenderTableCell {TD} at (140,0) size 20x14 [bgcolor=#FFFFFF] [r=0 c=3 rs=1 cs=1]
                RenderText {#text} at (0,0) size 3x14
                  text run at (0,0) width 3: " "
              RenderTableCell {TD} at (160,0) size 20x14 [bgcolor=#000000] [r=0 c=4 rs=1 cs=1]
                RenderText {#text} at (0,0) size 3x14
                  text run at (0,0) width 3: " "
              RenderTableCell {TD} at (180,0) size 100x14 [bgcolor=#0000FF] [r=0 c=5 rs=1 cs=1]
                RenderText {#text} at (0,0) size 3x14
                  text run at (0,0) width 3: " "
              RenderTableCell {TD} at (280,0) size 20x14 [bgcolor=#000000] [r=0 c=6 rs=1 cs=1]
                RenderText {#text} at (0,0) size 3x14
                  text run at (0,0) width 3: " "
              RenderTableCell {TD} at (300,0) size 20x14 [bgcolor=#FFFFFF] [r=0 c=7 rs=1 cs=1]
                RenderText {#text} at (0,0) size 3x14
                  text run at (0,0) width 3: " "
              RenderTableCell {TD} at (320,0) size 20x14 [bgcolor=#000000] [r=0 c=8 rs=1 cs=1]
                RenderText {#text} at (0,0) size 3x14
                  text run at (0,0) width 3: " "
              RenderTableCell {TD} at (340,0) size 100x14 [bgcolor=#FF0000] [r=0 c=9 rs=1 cs=1]
                RenderText {#text} at (0,0) size 3x14
                  text run at (0,0) width 3: " "
              RenderTableCell {TD} at (440,0) size 20x14 [bgcolor=#000000] [r=0 c=10 rs=1 cs=1]
                RenderText {#text} at (0,0) size 3x14
                  text run at (0,0) width 3: " "
              RenderTableCell {TD} at (460,0) size 20x14 [bgcolor=#FFFFFF] [r=0 c=11 rs=1 cs=1]
                RenderText {#text} at (0,0) size 3x14
                  text run at (0,0) width 3: " "
              RenderTableCell {TD} at (480,0) size 20x14 [bgcolor=#000000] [r=0 c=12 rs=1 cs=1]
                RenderText {#text} at (0,0) size 3x14
                  text run at (0,0) width 3: " "
              RenderTableCell {TD} at (500,0) size 100x14 [bgcolor=#008000] [r=0 c=13 rs=1 cs=1]
                RenderText {#text} at (0,0) size 3x14
                  text run at (0,0) width 3: " "
              RenderTableCell {TD} at (600,0) size 20x14 [bgcolor=#000000] [r=0 c=14 rs=1 cs=1]
                RenderText {#text} at (0,0) size 3x14
                  text run at (0,0) width 3: " "
