layer at (0,0) size 800x600
  RenderView at (0,0) size 800x600
layer at (0,0) size 800x148
  RenderBlock {HTML} at (0,0) size 800x148
    RenderBody {BODY} at (8,12) size 784x124
      RenderBlock {P} at (0,0) size 784x14 [color=#000080]
        RenderText {#text} at (0,0) size 196x14
          text run at (0,0) width 196: "The word \"fail\" should not appear below."
      RenderBlock {DIV} at (12,26) size 180x98 [color=#FFFFFF] [bgcolor=#FFFFFF]
        RenderBlock (floating) {P} at (0,0) size 31x14 [color=#000080]
          RenderText {#text} at (0,0) size 31x14
            text run at (0,0) width 31: "TEST:"
        RenderBlock (floating) {P} at (1,14) size 179x14 [color=#00FFFF] [bgcolor=#008080]
          RenderText {#text} at (74,0) size 31x14
            text run at (74,0) width 31: "PASS"
        RenderText {#text} at (31,0) size 177x98
          text run at (31,0) width 141: "fail fail fail fail fail fail fail fail"
          text run at (0,28) width 36: "fail fail "
          text run at (36,28) width 141: "fail fail fail fail fail fail fail fail"
          text run at (0,42) width 36: "fail fail "
          text run at (36,42) width 141: "fail fail fail fail fail fail fail fail"
          text run at (0,56) width 36: "fail fail "
          text run at (36,56) width 141: "fail fail fail fail fail fail fail fail"
          text run at (0,70) width 36: "fail fail "
          text run at (36,70) width 141: "fail fail fail fail fail fail fail fail"
          text run at (0,84) width 33: "fail fail"
