layer at (0,0) size 800x600
  RenderView at (0,0) size 800x600
layer at (0,0) size 800x122
  RenderBlock {HTML} at (0,0) size 800x122
    RenderBody {BODY} at (8,12) size 784x74
      RenderBlock {P} at (0,0) size 784x14 [color=#000080]
        RenderText {#text} at (0,0) size 302x14
          text run at (0,0) width 302: "The two patterns below should be identical, with no red present."
      RenderBlock {DIV} at (0,26) size 784x48
        RenderImage {IMG} at (12,12) size 120x12 [color=#FFFF00] [bgcolor=#FF0000]
        RenderImage {IMG} at (72,24) size 120x12 [color=#FFFF00] [bgcolor=#FF0000]
      RenderBlock {DIV} at (12,86) size 180x0
        RenderBlock {DIV} at (0,0) size 180x0 [bgcolor=#FF0000]
          RenderImage {IMG} at (0,0) size 120x12 [color=#FFFF00]
          RenderImage {IMG} at (60,12) size 120x12 [color=#FFFF00]
