layer at (0,0) size 800x600
  RenderView at (0,0) size 800x600
layer at (0,0) size 800x70
  RenderBlock {HTML} at (0,0) size 800x70
    RenderBody {BODY} at (8,12) size 784x50
      RenderBlock {P} at (0,0) size 784x14
        RenderText {#text} at (0,0) size 200x14
          text run at (0,0) width 200: "There should be no red below, only green."
      RenderBlock (floating) {DIV} at (0,26) size 784x12 [color=#008000] [bgcolor=#FF0000]
        RenderText {#text} at (0,0) size 12x12
          text run at (0,0) width 12: "X"
      RenderBlock {DIV} at (0,26) size 12x24 [color=#008000] [bgcolor=#FF0000]
        RenderText {#text} at (0,12) size 12x12
          text run at (0,12) width 12: "X"
