layer at (0,0) size 800x600
  RenderView at (0,0) size 800x600
layer at (0,0) size 800x278
  RenderBlock {HTML} at (0,0) size 800x278
    RenderBody {BODY} at (8,12) size 784x254
      RenderBlock {P} at (0,0) size 784x28 [color=#000080]
        RenderText {#text} at (0,0) size 777x28
          text run at (0,0) width 305: "The big coloured boxes should be level with the top of the small "
          text run at (305,0) width 317: "coloured boxes of the same color (unless there is not enough room "
          text run at (622,0) width 155: "for the big box to fit on the small"
          text run at (0,14) width 135: "box's line, in which case the "
          text run at (135,14) width 298: "big box should be level with the bottom of the respective small "
          text run at (433,14) width 25: "box)."
      RenderBlock {DIV} at (12,40) size 760x214 [color=#C0C0C0] [border: (5px solid #800080)]
        RenderText {#text} at (101,17) size 354x14
          text run at (101,17) width 354: "dummy text dummy text dummy text dummy text dummy text dummy text "
        RenderInline {SPAN} at (0,0) size 16x20 [color=#FFFFFF] [bgcolor=#008080] [border: (3px solid #00FFFF)]
          RenderText {#text} at (458,17) size 10x14
            text run at (458,17) width 10: "\x{21E6}"
        RenderText {#text} at (471,17) size 3x14
          text run at (471,17) width 3: " "
        RenderImage {IMG} at (17,17) size 84x84 [color=#FF0000]
        RenderText {#text} at (474,17) size 606x29
          text run at (474,17) width 233: "dummy text dummy text dummy text dummy text"
          text run at (101,32) width 118: "dummy text dummy text "
        RenderInline {SPAN} at (0,0) size 16x20 [color=#FFFFFF] [bgcolor=#800080] [border: (3px solid #FF00FF)]
          RenderText {#text} at (222,32) size 10x14
            text run at (222,32) width 10: "\x{21E8}"
        RenderText {#text} at (235,32) size 3x14
          text run at (235,32) width 3: " "
        RenderImage {IMG} at (659,32) size 84x84 [color=#FF0000]
        RenderText {#text} at (238,32) size 725x164
          text run at (238,32) width 354: "dummy text dummy text dummy text dummy text dummy text dummy text "
          text run at (592,32) width 56: "dummy text"
          text run at (101,47) width 295: "dummy text dummy text dummy text dummy text dummy text "
          text run at (396,47) width 233: "dummy text dummy text dummy text dummy text"
          text run at (101,62) width 118: "dummy text dummy text "
          text run at (219,62) width 354: "dummy text dummy text dummy text dummy text dummy text dummy text "
          text run at (573,62) width 56: "dummy text"
          text run at (101,77) width 295: "dummy text dummy text dummy text dummy text dummy text "
          text run at (396,77) width 233: "dummy text dummy text dummy text dummy text"
          text run at (101,92) width 118: "dummy text dummy text "
          text run at (219,92) width 354: "dummy text dummy text dummy text dummy text dummy text dummy text "
          text run at (573,92) width 56: "dummy text"
          text run at (17,107) width 295: "dummy text dummy text dummy text dummy text dummy text "
          text run at (312,107) width 331: "dummy text dummy text dummy text dummy text dummy text dummy"
          text run at (17,122) width 20: "text "
          text run at (37,122) width 354: "dummy text dummy text dummy text dummy text dummy text dummy text "
          text run at (391,122) width 351: "dummy text dummy text dummy text dummy text dummy text dummy text"
          text run at (17,137) width 354: "dummy text dummy text dummy text dummy text dummy text dummy text "
          text run at (371,137) width 351: "dummy text dummy text dummy text dummy text dummy text dummy text"
          text run at (17,152) width 354: "dummy text dummy text dummy text dummy text dummy text dummy text "
          text run at (371,152) width 351: "dummy text dummy text dummy text dummy text dummy text dummy text"
          text run at (17,167) width 354: "dummy text dummy text dummy text dummy text dummy text dummy text "
          text run at (371,167) width 351: "dummy text dummy text dummy text dummy text dummy text dummy text"
          text run at (17,182) width 354: "dummy text dummy text dummy text dummy text dummy text dummy text "
          text run at (371,182) width 351: "dummy text dummy text dummy text dummy text dummy text dummy text"
