layer at (0,0) size 800x600
  RenderView at (0,0) size 800x600
layer at (0,0) size 800x164
  RenderBlock {HTML} at (0,0) size 800x164
    RenderBody {BODY} at (8,12) size 784x66
      RenderBlock {P} at (0,0) size 784x14 [color=#000080]
        RenderText {#text} at (0,0) size 298x14
          text run at (0,0) width 185: "In the following test, the purple square "
          text run at (185,0) width 113: "should be on the left (\x{21E6}"
        RenderImage {IMG} at (298,0) size 14x14
        RenderText {#text} at (312,0) size 161x14
          text run at (312,0) width 161: "), and the teal square on the right ("
        RenderImage {IMG} at (473,0) size 14x14
        RenderText {#text} at (487,0) size 115x14
          text run at (487,0) width 70: "\x{21E8}) of the blue "
          text run at (557,0) width 45: "rectangle."
      RenderBlock {DIV} at (0,26) size 784x40
        RenderBlock {DIV} at (12,0) size 760x40 [color=#0000FF] [bgcolor=#000080]
          RenderImage {IMG} at (6,6) size 120x120
          RenderImage {IMG} at (634,6) size 120x120
          RenderText {#text} at (126,6) size 508x28
            text run at (126,6) width 438: "Blue rectangle. Blue rectangle. Blue rectangle. Blue rectangle. Blue rectangle. Blue rectangle. "
            text run at (564,6) width 70: "Blue rectangle."
            text run at (126,20) width 362: "Blue rectangle. Blue rectangle. Blue rectangle. Blue rectangle. Blue rectangle."
