layer at (0,0) size 800x600
  RenderView at (0,0) size 800x600
layer at (0,0) size 800x246
  RenderBlock {HTML} at (0,0) size 800x246
    RenderBody {BODY} at (8,12) size 784x226
      RenderBlock {P} at (0,0) size 784x14
        RenderText {#text} at (0,0) size 380x14
          text run at (0,0) width 380: "There should be a complete unbroken drawing of a yin-yang (\x{262F}) symbol below."
      RenderBlock {DIV} at (0,26) size 784x200
        RenderBlock (floating) {DIV} at (0,0) size 100x100
        RenderBlock (floating) {DIV} at (0,100) size 100x100
        RenderBlock {DIV} at (100,0) size 684x200
