layer at (0,0) size 800x600
  RenderView at (0,0) size 800x600
layer at (0,0) size 800x446
  RenderBlock {HTML} at (0,0) size 800x446
    RenderBody {BODY} at (8,24) size 784x398
      RenderBlock {P} at (24,0) size 736x56 [color=#000080]
        RenderText {#text} at (0,0) size 731x56
          text run at (0,0) width 577: "\x{21E9} The following blue box should be exactly half the width "
          text run at (577,0) width 154: "of the viewport,"
          text run at (0,28) width 325: "on the left of the 50% ruler mark."
      RenderBlock (floating) {DIV} at (0,80) size 392x196 [color=#FFFFFF] [bgcolor=#0000FF]
        RenderText {#text} at (0,0) size 392x196
          text run at (0,0) width 313: "ignore this float text ignore this float text ignore this float "
          text run at (313,0) width 79: "text ignore this"
          text run at (0,14) width 227: "float text ignore this float text ignore this "
          text run at (227,14) width 165: "float text ignore this float text"
          text run at (0,28) width 148: "ignore this float text ignore "
          text run at (148,28) width 244: "this float text ignore this float text ignore this"
          text run at (0,42) width 55: "float text "
          text run at (55,42) width 316: "ignore this float text ignore this float text ignore this float "
          text run at (371,42) width 21: "text"
          text run at (0,56) width 283: "ignore this float text ignore this float text ignore this "
          text run at (283,56) width 109: "float text ignore this"
          text run at (0,70) width 204: "float text ignore this float text ignore "
          text run at (204,70) width 188: "this float text ignore this float text"
          text run at (0,84) width 112: "ignore this float text "
          text run at (112,84) width 280: "ignore this float text ignore this float text ignore this"
          text run at (0,98) width 30: "float "
          text run at (30,98) width 310: "text ignore this float text ignore this float text ignore this "
          text run at (340,98) width 52: "float text"
          text run at (0,112) width 261: "ignore this float text ignore this float text ignore "
          text run at (261,112) width 131: "this float text ignore this"
          text run at (0,126) width 169: "float text ignore this float text "
          text run at (169,126) width 223: "ignore this float text ignore this float text"
          text run at (0,140) width 87: "ignore this float "
          text run at (87,140) width 305: "text ignore this float text ignore this float text ignore this"
          text run at (0,154) width 318: "float text ignore this float text ignore this float text ignore "
          text run at (318,154) width 74: "this float text"
          text run at (0,168) width 225: "ignore this float text ignore this float text "
          text run at (225,168) width 167: "ignore this float text ignore this"
          text run at (0,182) width 134: "float text ignore this float"
      RenderBlock {DIV} at (0,80) size 784x266 [color=#C0C0C0]
        RenderText {#text} at (392,0) size 784x266
          text run at (392,0) width 342: "this is some dummy text this is some dummy text this is some dummy "
          text run at (734,0) width 50: "text this is"
          text run at (392,14) width 273: "some dummy text this is some dummy text this is some "
          text run at (665,14) width 119: "dummy text this is some"
          text run at (392,28) width 209: "dummy text this is some dummy text this is "
          text run at (601,28) width 183: "some dummy text this is some dummy"
          text run at (392,42) width 138: "text this is some dummy text "
          text run at (530,42) width 254: "this is some dummy text this is some dummy text this"
          text run at (392,56) width 78: "is some dummy "
          text run at (470,56) width 314: "text this is some dummy text this is some dummy text this is some"
          text run at (392,70) width 327: "dummy text this is some dummy text this is some dummy text this is "
          text run at (719,70) width 65: "some dummy"
          text run at (392,84) width 256: "text this is some dummy text this is some dummy text "
          text run at (648,84) width 136: "this is some dummy text this"
          text run at (392,98) width 197: "is some dummy text this is some dummy "
          text run at (589,98) width 195: "text this is some dummy text this is some"
          text run at (392,112) width 118: "dummy text this is some "
          text run at (510,112) width 274: "dummy text this is some dummy text this is some dummy"
          text run at (392,126) width 51: "text this is "
          text run at (443,126) width 324: "some dummy text this is some dummy text this is some dummy text "
          text run at (767,126) width 17: "this"
          text run at (392,140) width 315: "is some dummy text this is some dummy text this is some dummy "
          text run at (707,140) width 77: "text this is some"
          text run at (392,154) width 237: "dummy text this is some dummy text this is some "
          text run at (629,154) width 155: "dummy text this is some dummy"
          text run at (392,168) width 169: "text this is some dummy text this is "
          text run at (561,168) width 223: "some dummy text this is some dummy text this"
          text run at (392,182) width 98: "is some dummy text "
          text run at (490,182) width 294: "this is some dummy text this is some dummy text this is some"
          text run at (0,196) width 39: "dummy "
          text run at (39,196) width 315: "text this is some dummy text this is some dummy text this is some "
          text run at (354,196) width 326: "dummy text this is some dummy text this is some dummy text this is "
          text run at (680,196) width 104: "some dummy text this"
          text run at (0,210) width 216: "is some dummy text this is some dummy text "
          text run at (216,210) width 334: "this is some dummy text this is some dummy text this is some dummy "
          text run at (550,210) width 234: "text this is some dummy text this is some dummy"
          text run at (0,224) width 79: "text this is some "
          text run at (79,224) width 326: "dummy text this is some dummy text this is some dummy text this is "
          text run at (405,224) width 323: "some dummy text this is some dummy text this is some dummy text "
          text run at (728,224) width 56: "this is some"
          text run at (0,238) width 275: "dummy text this is some dummy text this is some dummy "
          text run at (275,238) width 315: "text this is some dummy text this is some dummy text this is some "
          text run at (590,238) width 194: "dummy text this is some dummy text this"
          text run at (0,252) width 129: "is some dummy text this is "
          text run at (129,252) width 202: "some dummy text this is some dummy text"
      RenderBlock {P} at (24,370) size 736x28 [color=#000080]
        RenderText {#text} at (191,0) size 545x28
          text run at (191,0) width 525: "The above gray text should flow around the blue box. "
          text run at (716,0) width 20: "\x{21E7}"
