layer at (0,0) size 800x600
  RenderView at (0,0) size 800x600
layer at (0,0) size 800x212
  RenderBlock {HTML} at (0,0) size 800x212
    RenderBody {BODY} at (8,12) size 784x28
      RenderBlock {P} at (0,0) size 784x28 [color=#000080]
        RenderText {#text} at (0,0) size 775x28
          text run at (0,0) width 291: "The blue boxes below should be in numeric order and form a "
          text run at (291,0) width 318: "backwards \"D\". (Boxes labelled \"A\" should be in the first column; "
          text run at (609,0) width 166: "boxes labelled \"B\" should be in the"
          text run at (0,14) width 131: "second; arrows indicate the "
          text run at (131,14) width 88: "correct alignment.)"
      RenderBlock {DIV} at (12,40) size 240x0
        RenderBlock (floating) {P} at (141,3) size 96x26 [color=#FFFFFF] [bgcolor=#000080] [border: (3px solid #0000FF)]
          RenderText {#text} at (60,6) size 30x14
            text run at (60,6) width 30: "B 2 \x{21E8}"
        RenderBlock (floating) {P} at (39,3) size 96x26 [color=#FFFFFF] [bgcolor=#000080] [border: (3px solid #0000FF)]
          RenderText {#text} at (59,6) size 31x14
            text run at (59,6) width 31: "A 1 \x{21E8}"
        RenderBlock (floating) {P} at (141,35) size 96x26 [color=#FFFFFF] [bgcolor=#000080] [border: (3px solid #0000FF)]
          RenderText {#text} at (60,6) size 30x14
            text run at (60,6) width 30: "B 4 \x{21E8}"
        RenderBlock (floating) {P} at (3,35) size 96x26 [color=#FFFFFF] [bgcolor=#000080] [border: (3px solid #0000FF)]
          RenderText {#text} at (6,6) size 31x14
            text run at (6,6) width 31: "\x{21E6} A 3"
        RenderBlock (floating) {P} at (141,67) size 96x26 [color=#FFFFFF] [bgcolor=#000080] [border: (3px solid #0000FF)]
          RenderText {#text} at (60,6) size 30x14
            text run at (60,6) width 30: "B 6 \x{21E8}"
        RenderBlock (floating) {P} at (3,67) size 96x26 [color=#FFFFFF] [bgcolor=#000080] [border: (3px solid #0000FF)]
          RenderText {#text} at (6,6) size 31x14
            text run at (6,6) width 31: "\x{21E6} A 5"
        RenderBlock (floating) {P} at (3,99) size 96x26 [color=#FFFFFF] [bgcolor=#000080] [border: (3px solid #0000FF)]
          RenderText {#text} at (6,6) size 31x14
            text run at (6,6) width 31: "\x{21E6} A 7"
        RenderBlock (floating) {P} at (141,99) size 96x26 [color=#FFFFFF] [bgcolor=#000080] [border: (3px solid #0000FF)]
          RenderText {#text} at (60,6) size 30x14
            text run at (60,6) width 30: "B 8 \x{21E8}"
        RenderBlock (floating) {P} at (141,131) size 96x26 [color=#FFFFFF] [bgcolor=#000080] [border: (3px solid #0000FF)]
          RenderText {#text} at (54,6) size 36x14
            text run at (54,6) width 36: "B 10 \x{21E8}"
        RenderBlock (floating) {P} at (39,131) size 96x26 [color=#FFFFFF] [bgcolor=#000080] [border: (3px solid #0000FF)]
          RenderText {#text} at (59,6) size 31x14
            text run at (59,6) width 31: "A 9 \x{21E8}"
