layer at (0,0) size 800x600
  RenderView at (0,0) size 800x600
layer at (0,0) size 800x250
  RenderBlock {HTML} at (0,0) size 800x250
    RenderBody {BODY} at (8,12) size 784x226
      RenderBlock {P} at (0,0) size 784x14 [color=#000080]
        RenderText {#text} at (0,0) size 161x14
          text run at (0,0) width 161: "There should be no red anywhere."
      RenderBlock {P} at (0,26) size 784x14 [color=#000080]
        RenderText {#text} at (0,0) size 245x14
          text run at (0,0) width 245: "There should be two identical squares after this line:"
      RenderBlock {DIV} at (12,52) size 760x35
        RenderImage {IMG} at (0,0) size 15x15
        RenderBlock {SPAN} at (0,20) size 15x15 [color=#0000FF] [bgcolor=#FF0000]
          RenderText {#text} at (0,0) size 15x15
            text run at (0,0) width 15: "X"
      RenderBlock {P} at (0,99) size 784x14 [color=#000080]
        RenderText {#text} at (0,0) size 245x14
          text run at (0,0) width 245: "There should be two identical squares after this line:"
      RenderBlock {DIV} at (12,125) size 760x101
        RenderImage {IMG} at (0,0) size 48x48
        RenderBlock {SPAN} at (0,53) size 48x48 [color=#0000FF] [bgcolor=#FF0000]
          RenderText {#text} at (0,0) size 48x48
            text run at (0,0) width 48: "X"
