layer at (0,0) size 800x600
  RenderView at (0,0) size 800x600
layer at (0,0) size 800x481
  RenderBlock {HTML} at (0,0) size 800x481
    RenderBody {BODY} at (8,12) size 784x461
      RenderBlock {P} at (0,0) size 784x14
        RenderText {#text} at (0,0) size 344x14
          text run at (0,0) width 344: "The square below should be exactly 50% wide on the ruler at the bottom."
      RenderBlock {DIV} at (0,26) size 784x395
        RenderImage {IMG} at (0,0) size 392x392
