layer at (0,0) size 800x600
  RenderView at (0,0) size 800x600
layer at (0,0) size 800x529
  RenderBlock {HTML} at (0,0) size 800x529
    RenderBody {BODY} at (8,12) size 784x509
      RenderBlock {P} at (0,0) size 784x14
        RenderText {#text} at (0,0) size 724x14
          text run at (0,0) width 294: "The blue rectangle below should be exactly 200 pixels by 120 "
          text run at (294,0) width 285: "pixels on the ruler (and the aqua bars should stick out of the "
          text run at (579,0) width 145: "blue box, with no red present)."
      RenderBlock {DIV} at (0,26) size 784x483
        RenderImage {IMG} at (40,40) size 120x200
