layer at (0,0) size 800x600
  RenderView at (0,0) size 800x600
layer at (0,0) size 800x380
  RenderBlock {HTML} at (0,0) size 800x380
    RenderBody {BODY} at (8,12) size 784x360
      RenderBlock {P} at (0,0) size 784x14
        RenderText {#text} at (0,0) size 312x14
          text run at (0,0) width 280: "The blue text should not go past the 50% mark on the ruler "
          text run at (280,0) width 32: "below."
      RenderBlock {DIV} at (0,26) size 392x294 [color=#0000FF]
        RenderText {#text} at (0,0) size 392x294
          text run at (0,0) width 293: "a bit of dummy text a bit of dummy text a bit of dummy text a "
          text run at (293,0) width 92: "bit of dummy text a"
          text run at (0,14) width 218: "bit of dummy text a bit of dummy text a bit of "
          text run at (218,14) width 174: "dummy text a bit of dummy text a bit"
          text run at (0,28) width 147: "of dummy text a bit of dummy "
          text run at (147,28) width 243: "text a bit of dummy text a bit of dummy text a bit of"
          text run at (0,42) width 67: "dummy text a "
          text run at (67,42) width 310: "bit of dummy text a bit of dummy text a bit of dummy text a bit of"
          text run at (0,56) width 324: "dummy text a bit of dummy text a bit of dummy text a bit of dummy "
          text run at (324,56) width 53: "text a bit of"
          text run at (0,70) width 257: "dummy text a bit of dummy text a bit of dummy text a "
          text run at (257,70) width 120: "bit of dummy text a bit of"
          text run at (0,84) width 190: "dummy text a bit of dummy text a bit of "
          text run at (190,84) width 187: "dummy text a bit of dummy text a bit of"
          text run at (0,98) width 134: "dummy text a bit of dummy "
          text run at (134,98) width 243: "text a bit of dummy text a bit of dummy text a bit of"
          text run at (0,112) width 67: "dummy text a "
          text run at (67,112) width 310: "bit of dummy text a bit of dummy text a bit of dummy text a bit of"
          text run at (0,126) width 324: "dummy text a bit of dummy text a bit of dummy text a bit of dummy "
          text run at (324,126) width 53: "text a bit of"
          text run at (0,140) width 257: "dummy text a bit of dummy text a bit of dummy text a "
          text run at (257,140) width 120: "bit of dummy text a bit of"
          text run at (0,154) width 190: "dummy text a bit of dummy text a bit of "
          text run at (190,154) width 187: "dummy text a bit of dummy text a bit of"
          text run at (0,168) width 134: "dummy text a bit of dummy "
          text run at (134,168) width 243: "text a bit of dummy text a bit of dummy text a bit of"
          text run at (0,182) width 67: "dummy text a "
          text run at (67,182) width 310: "bit of dummy text a bit of dummy text a bit of dummy text a bit of"
          text run at (0,196) width 324: "dummy text a bit of dummy text a bit of dummy text a bit of dummy "
          text run at (324,196) width 53: "text a bit of"
          text run at (0,210) width 257: "dummy text a bit of dummy text a bit of dummy text a "
          text run at (257,210) width 120: "bit of dummy text a bit of"
          text run at (0,224) width 190: "dummy text a bit of dummy text a bit of "
          text run at (190,224) width 187: "dummy text a bit of dummy text a bit of"
          text run at (0,238) width 134: "dummy text a bit of dummy "
          text run at (134,238) width 243: "text a bit of dummy text a bit of dummy text a bit of"
          text run at (0,252) width 67: "dummy text a "
          text run at (67,252) width 310: "bit of dummy text a bit of dummy text a bit of dummy text a bit of"
          text run at (0,266) width 324: "dummy text a bit of dummy text a bit of dummy text a bit of dummy "
          text run at (324,266) width 53: "text a bit of"
          text run at (0,280) width 229: "dummy text a bit of dummy text a bit of dummy "
          text run at (229,280) width 17: "text"
