layer at (0,0) size 800x600
  RenderView at (0,0) size 800x600
layer at (0,0) size 800x201
  RenderBlock {HTML} at (0,0) size 800x201
    RenderBody {BODY} at (8,12) size 784x181
      RenderBlock {P} at (0,0) size 784x14
        RenderText {#text} at (0,0) size 299x14
          text run at (0,0) width 299: "The square below should be exactly 50 pixels high on the ruler."
      RenderBlock {DIV} at (0,26) size 784x155
        RenderImage {IMG} at (45,0) size 50x50
