layer at (0,0) size 800x600
  RenderView at (0,0) size 800x600
layer at (0,0) size 800x74
  RenderBlock {HTML} at (0,0) size 800x74
    RenderBody {BODY} at (8,12) size 784x54
      RenderBlock {P} at (0,0) size 784x14
        RenderText {#text} at (0,0) size 219x14
          text run at (0,0) width 219: "The following two lines should look the same:"
      RenderBlock {DIV} at (0,26) size 784x14
        RenderInline {SPAN} at (0,0) size 11x14
          RenderInline (generated) at (0,0) size 11x14
            RenderCounter at (0,0) size 11x14
              text run at (0,0) width 11: "I.I"
        RenderText {#text} at (11,0) size 3x14
          text run at (11,0) width 3: " "
        RenderInline {SPAN} at (0,0) size 15x14
          RenderInline (generated) at (0,0) size 15x14
            RenderCounter at (14,0) size 15x14
              text run at (14,0) width 15: "I.II"
        RenderText {#text} at (29,0) size 3x14
          text run at (29,0) width 3: " "
        RenderInline {SPAN} at (0,0) size 19x14
          RenderInline (generated) at (0,0) size 19x14
            RenderCounter at (32,0) size 19x14
              text run at (32,0) width 19: "I.III"
        RenderText {#text} at (51,0) size 3x14
          text run at (51,0) width 3: " "
        RenderInline {SPAN} at (0,0) size 20x14
          RenderInline (generated) at (0,0) size 20x14
            RenderCounter at (54,0) size 20x14
              text run at (54,0) width 20: "I.IV"
        RenderText {#text} at (74,0) size 3x14
          text run at (74,0) width 3: " "
        RenderInline {SPAN} at (0,0) size 16x14
          RenderInline (generated) at (0,0) size 16x14
            RenderCounter at (77,0) size 16x14
              text run at (77,0) width 16: "I.V"
        RenderText {#text} at (93,0) size 3x14
          text run at (93,0) width 3: " "
        RenderInline {SPAN} at (0,0) size 20x14
          RenderInline (generated) at (0,0) size 20x14
            RenderCounter at (96,0) size 20x14
              text run at (96,0) width 20: "I.VI"
        RenderText {#text} at (116,0) size 3x14
          text run at (116,0) width 3: " "
        RenderInline {SPAN} at (0,0) size 24x14
          RenderInline (generated) at (0,0) size 24x14
            RenderCounter at (119,0) size 24x14
              text run at (119,0) width 24: "I.VII"
        RenderText {#text} at (143,0) size 3x14
          text run at (143,0) width 3: " "
        RenderInline {SPAN} at (0,0) size 28x14
          RenderInline (generated) at (0,0) size 28x14
            RenderCounter at (146,0) size 28x14
              text run at (146,0) width 28: "I.VIII"
        RenderText {#text} at (174,0) size 3x14
          text run at (174,0) width 3: " "
        RenderInline {SPAN} at (0,0) size 20x14
          RenderInline (generated) at (0,0) size 20x14
            RenderCounter at (177,0) size 20x14
              text run at (177,0) width 20: "I.IX"
        RenderText {#text} at (197,0) size 3x14
          text run at (197,0) width 3: " "
        RenderInline {SPAN} at (0,0) size 16x14
          RenderInline (generated) at (0,0) size 16x14
            RenderCounter at (200,0) size 16x14
              text run at (200,0) width 16: "I.X"
        RenderText {#text} at (216,0) size 3x14
          text run at (216,0) width 3: " "
        RenderInline {SPAN} at (0,0) size 20x14
          RenderInline (generated) at (0,0) size 20x14
            RenderCounter at (219,0) size 20x14
              text run at (219,0) width 20: "I.XI"
        RenderText {#text} at (239,0) size 3x14
          text run at (239,0) width 3: " "
        RenderInline {SPAN} at (0,0) size 24x14
          RenderInline (generated) at (0,0) size 24x14
            RenderCounter at (242,0) size 24x14
              text run at (242,0) width 24: "I.XII"
        RenderText {#text} at (266,0) size 3x14
          text run at (266,0) width 3: " "
        RenderInline {SPAN} at (0,0) size 36x14
          RenderInline (generated) at (0,0) size 36x14
            RenderCounter at (269,0) size 36x14
              text run at (269,0) width 36: "I.XLIX"
        RenderText {#text} at (305,0) size 3x14
          text run at (305,0) width 3: " "
        RenderInline {SPAN} at (0,0) size 14x14
          RenderInline (generated) at (0,0) size 14x14
            RenderCounter at (308,0) size 14x14
              text run at (308,0) width 14: "I.L"
        RenderText {#text} at (322,0) size 3x14
          text run at (322,0) width 3: " "
        RenderInline {SPAN} at (0,0) size 78x14
          RenderInline (generated) at (0,0) size 78x14
            RenderCounter at (325,0) size 78x14
              text run at (325,0) width 78: "I.CCCLXXXIX"
        RenderText {#text} at (403,0) size 3x14
          text run at (403,0) width 3: " "
        RenderInline {SPAN} at (0,0) size 48x14
          RenderInline (generated) at (0,0) size 48x14
            RenderCounter at (406,0) size 48x14
              text run at (406,0) width 48: "I.CCCXC"
        RenderText {#text} at (454,0) size 3x14
          text run at (454,0) width 3: " "
        RenderInline {SPAN} at (0,0) size 104x14
          RenderInline (generated) at (0,0) size 104x14
            RenderCounter at (457,0) size 104x14
              text run at (457,0) width 104: "I.MMMCDLXXXIX"
        RenderText {#text} at (561,0) size 3x14
          text run at (561,0) width 3: " "
        RenderInline {SPAN} at (0,0) size 74x14
          RenderInline (generated) at (0,0) size 74x14
            RenderCounter at (564,0) size 74x14
              text run at (564,0) width 74: "I.MMMCDXC"
        RenderText {#text} at (638,0) size 3x14
          text run at (638,0) width 3: " "
        RenderInline {SPAN} at (0,0) size 78x14
          RenderInline (generated) at (0,0) size 78x14
            RenderCounter at (641,0) size 78x14
              text run at (641,0) width 78: "I.MMMCDXCI"
        RenderText {#text} at (0,0) size 0x0
      RenderBlock {DIV} at (0,40) size 784x14
        RenderText {#text} at (0,0) size 719x14
          text run at (0,0) width 14: "I.I "
          text run at (14,0) width 18: "I.II "
          text run at (32,0) width 22: "I.III "
          text run at (54,0) width 23: "I.IV "
          text run at (77,0) width 19: "I.V "
          text run at (96,0) width 23: "I.VI "
          text run at (119,0) width 27: "I.VII "
          text run at (146,0) width 31: "I.VIII "
          text run at (177,0) width 23: "I.IX "
          text run at (200,0) width 19: "I.X "
          text run at (219,0) width 23: "I.XI "
          text run at (242,0) width 27: "I.XII "
          text run at (269,0) width 39: "I.XLIX "
          text run at (308,0) width 17: "I.L "
          text run at (325,0) width 81: "I.CCCLXXXIX "
          text run at (406,0) width 51: "I.CCCXC "
          text run at (457,0) width 107: "I.MMMCDLXXXIX "
          text run at (564,0) width 77: "I.MMMCDXC "
          text run at (641,0) width 78: "I.MMMCDXCI"
