layer at (0,0) size 800x600
  RenderView at (0,0) size 800x600
layer at (0,0) size 800x74
  RenderBlock {HTML} at (0,0) size 800x74
    RenderBody {BODY} at (8,12) size 784x54
      RenderBlock {P} at (0,0) size 784x14
        RenderText {#text} at (0,0) size 219x14
          text run at (0,0) width 219: "The following two lines should look the same:"
      RenderBlock {DIV} at (0,26) size 784x14
        RenderInline {SPAN} at (0,0) size 21x14
          RenderInline (generated) at (0,0) size 21x14
            RenderCounter at (0,0) size 21x14
              text run at (0,0) width 21: "A.A"
        RenderText {#text} at (21,0) size 3x14
          text run at (21,0) width 3: " "
        RenderInline {SPAN} at (0,0) size 20x14
          RenderInline (generated) at (0,0) size 20x14
            RenderCounter at (24,0) size 20x14
              text run at (24,0) width 20: "A.B"
        RenderText {#text} at (44,0) size 3x14
          text run at (44,0) width 3: " "
        RenderInline {SPAN} at (0,0) size 20x14
          RenderInline (generated) at (0,0) size 20x14
            RenderCounter at (47,0) size 20x14
              text run at (47,0) width 20: "A.C"
        RenderText {#text} at (67,0) size 3x14
          text run at (67,0) width 3: " "
        RenderInline {SPAN} at (0,0) size 21x14
          RenderInline (generated) at (0,0) size 21x14
            RenderCounter at (70,0) size 21x14
              text run at (70,0) width 21: "A.D"
        RenderText {#text} at (91,0) size 3x14
          text run at (91,0) width 3: " "
        RenderInline {SPAN} at (0,0) size 19x14
          RenderInline (generated) at (0,0) size 19x14
            RenderCounter at (94,0) size 19x14
              text run at (94,0) width 19: "A.E"
        RenderText {#text} at (113,0) size 3x14
          text run at (113,0) width 3: " "
        RenderInline {SPAN} at (0,0) size 19x14
          RenderInline (generated) at (0,0) size 19x14
            RenderCounter at (116,0) size 19x14
              text run at (116,0) width 19: "A.F"
        RenderText {#text} at (135,0) size 3x14
          text run at (135,0) width 3: " "
        RenderInline {SPAN} at (0,0) size 21x14
          RenderInline (generated) at (0,0) size 21x14
            RenderCounter at (138,0) size 21x14
              text run at (138,0) width 21: "A.G"
        RenderText {#text} at (159,0) size 3x14
          text run at (159,0) width 3: " "
        RenderInline {SPAN} at (0,0) size 21x14
          RenderInline (generated) at (0,0) size 21x14
            RenderCounter at (162,0) size 21x14
              text run at (162,0) width 21: "A.H"
        RenderText {#text} at (183,0) size 3x14
          text run at (183,0) width 3: " "
        RenderInline {SPAN} at (0,0) size 16x14
          RenderInline (generated) at (0,0) size 16x14
            RenderCounter at (186,0) size 16x14
              text run at (186,0) width 16: "A.I"
        RenderText {#text} at (202,0) size 3x14
          text run at (202,0) width 3: " "
        RenderInline {SPAN} at (0,0) size 17x14
          RenderInline (generated) at (0,0) size 17x14
            RenderCounter at (205,0) size 17x14
              text run at (205,0) width 17: "A.J"
        RenderText {#text} at (222,0) size 3x14
          text run at (222,0) width 3: " "
        RenderInline {SPAN} at (0,0) size 21x14
          RenderInline (generated) at (0,0) size 21x14
            RenderCounter at (225,0) size 21x14
              text run at (225,0) width 21: "A.K"
        RenderText {#text} at (246,0) size 3x14
          text run at (246,0) width 3: " "
        RenderInline {SPAN} at (0,0) size 19x14
          RenderInline (generated) at (0,0) size 19x14
            RenderCounter at (249,0) size 19x14
              text run at (249,0) width 19: "A.L"
        RenderText {#text} at (0,0) size 0x0
      RenderBlock {DIV} at (0,40) size 784x14
        RenderText {#text} at (0,0) size 268x14
          text run at (0,0) width 24: "A.A "
          text run at (24,0) width 23: "A.B "
          text run at (47,0) width 23: "A.C "
          text run at (70,0) width 24: "A.D "
          text run at (94,0) width 22: "A.E "
          text run at (116,0) width 22: "A.F "
          text run at (138,0) width 24: "A.G "
          text run at (162,0) width 24: "A.H "
          text run at (186,0) width 19: "A.I "
          text run at (205,0) width 20: "A.J "
          text run at (225,0) width 24: "A.K "
          text run at (249,0) width 19: "A.L"
