layer at (0,0) size 800x600
  RenderView at (0,0) size 800x600
layer at (0,0) size 800x74
  RenderBlock {HTML} at (0,0) size 800x74
    RenderBody {BODY} at (8,12) size 784x54
      RenderBlock {P} at (0,0) size 784x14
        RenderText {#text} at (0,0) size 175x14
          text run at (0,0) width 175: "The following two lines should look "
        RenderInline {EM} at (0,0) size 68x14
          RenderText {#text} at (175,0) size 68x14
            text run at (175,0) width 68: "approximately"
        RenderText {#text} at (243,0) size 47x14
          text run at (243,0) width 47: " the same:"
      RenderBlock {DIV} at (0,26) size 784x14
        RenderInline {SPAN} at (0,0) size 4x14
          RenderInline (generated) at (0,0) size 4x14
            RenderCounter at (0,0) size 4x14
              text run at (0,0) width 4: "\x{2022}"
        RenderText {#text} at (4,0) size 3x14
          text run at (4,0) width 3: " "
        RenderInline {SPAN} at (0,0) size 4x14
          RenderInline (generated) at (0,0) size 4x14
            RenderCounter at (7,0) size 4x14
              text run at (7,0) width 4: "\x{2022}"
        RenderText {#text} at (11,0) size 3x14
          text run at (11,0) width 3: " "
        RenderInline {SPAN} at (0,0) size 4x14
          RenderInline (generated) at (0,0) size 4x14
            RenderCounter at (14,0) size 4x14
              text run at (14,0) width 4: "\x{2022}"
        RenderText {#text} at (18,0) size 3x14
          text run at (18,0) width 3: " "
        RenderInline {SPAN} at (0,0) size 4x14
          RenderInline (generated) at (0,0) size 4x14
            RenderCounter at (21,0) size 4x14
              text run at (21,0) width 4: "\x{2022}"
        RenderText {#text} at (25,0) size 3x14
          text run at (25,0) width 3: " "
        RenderInline {SPAN} at (0,0) size 4x14
          RenderInline (generated) at (0,0) size 4x14
            RenderCounter at (28,0) size 4x14
              text run at (28,0) width 4: "\x{2022}"
        RenderText {#text} at (32,0) size 3x14
          text run at (32,0) width 3: " "
        RenderInline {SPAN} at (0,0) size 4x14
          RenderInline (generated) at (0,0) size 4x14
            RenderCounter at (35,0) size 4x14
              text run at (35,0) width 4: "\x{2022}"
        RenderText {#text} at (39,0) size 3x14
          text run at (39,0) width 3: " "
        RenderInline {SPAN} at (0,0) size 4x14
          RenderInline (generated) at (0,0) size 4x14
            RenderCounter at (42,0) size 4x14
              text run at (42,0) width 4: "\x{2022}"
        RenderText {#text} at (46,0) size 3x14
          text run at (46,0) width 3: " "
        RenderInline {SPAN} at (0,0) size 4x14
          RenderInline (generated) at (0,0) size 4x14
            RenderCounter at (49,0) size 4x14
              text run at (49,0) width 4: "\x{2022}"
        RenderText {#text} at (53,0) size 3x14
          text run at (53,0) width 3: " "
        RenderInline {SPAN} at (0,0) size 4x14
          RenderInline (generated) at (0,0) size 4x14
            RenderCounter at (56,0) size 4x14
              text run at (56,0) width 4: "\x{2022}"
        RenderText {#text} at (60,0) size 3x14
          text run at (60,0) width 3: " "
        RenderInline {SPAN} at (0,0) size 4x14
          RenderInline (generated) at (0,0) size 4x14
            RenderCounter at (63,0) size 4x14
              text run at (63,0) width 4: "\x{2022}"
        RenderText {#text} at (67,0) size 3x14
          text run at (67,0) width 3: " "
        RenderInline {SPAN} at (0,0) size 4x14
          RenderInline (generated) at (0,0) size 4x14
            RenderCounter at (70,0) size 4x14
              text run at (70,0) width 4: "\x{2022}"
        RenderText {#text} at (74,0) size 3x14
          text run at (74,0) width 3: " "
        RenderInline {SPAN} at (0,0) size 4x14
          RenderInline (generated) at (0,0) size 4x14
            RenderCounter at (77,0) size 4x14
              text run at (77,0) width 4: "\x{2022}"
        RenderText {#text} at (0,0) size 0x0
      RenderBlock {DIV} at (0,40) size 784x14
        RenderText {#text} at (0,0) size 81x14
          text run at (0,0) width 7: "\x{2022} "
          text run at (7,0) width 7: "\x{2022} "
          text run at (14,0) width 7: "\x{2022} "
          text run at (21,0) width 7: "\x{2022} "
          text run at (28,0) width 7: "\x{2022} "
          text run at (35,0) width 7: "\x{2022} "
          text run at (42,0) width 7: "\x{2022} "
          text run at (49,0) width 7: "\x{2022} "
          text run at (56,0) width 7: "\x{2022} "
          text run at (63,0) width 7: "\x{2022} "
          text run at (70,0) width 7: "\x{2022} "
          text run at (77,0) width 4: "\x{2022}"
