layer at (0,0) size 800x600
  RenderView at (0,0) size 800x600
layer at (0,0) size 800x74
  RenderBlock {HTML} at (0,0) size 800x74
    RenderBody {BODY} at (8,12) size 784x54
      RenderBlock {P} at (0,0) size 784x14
        RenderText {#text} at (0,0) size 219x14
          text run at (0,0) width 219: "The following two lines should look the same:"
      RenderBlock {DIV} at (0,26) size 784x14
        RenderInline {SPAN} at (0,0) size 6x14
          RenderInline (generated) at (0,0) size 6x14
            RenderCounter at (0,0) size 6x14
              text run at (0,0) width 6: "\x{3B1}"
        RenderText {#text} at (6,0) size 3x14
          text run at (6,0) width 3: " "
        RenderInline {SPAN} at (0,0) size 6x14
          RenderInline (generated) at (0,0) size 6x14
            RenderCounter at (9,0) size 6x14
              text run at (9,0) width 6: "\x{3B2}"
        RenderText {#text} at (15,0) size 3x14
          text run at (15,0) width 3: " "
        RenderInline {SPAN} at (0,0) size 5x14
          RenderInline (generated) at (0,0) size 5x14
            RenderCounter at (18,0) size 5x14
              text run at (18,0) width 5: "\x{3B3}"
        RenderText {#text} at (23,0) size 3x14
          text run at (23,0) width 3: " "
        RenderInline {SPAN} at (0,0) size 6x14
          RenderInline (generated) at (0,0) size 6x14
            RenderCounter at (26,0) size 6x14
              text run at (26,0) width 6: "\x{3B4}"
        RenderText {#text} at (32,0) size 3x14
          text run at (32,0) width 3: " "
        RenderInline {SPAN} at (0,0) size 5x14
          RenderInline (generated) at (0,0) size 5x14
            RenderCounter at (35,0) size 5x14
              text run at (35,0) width 5: "\x{3B5}"
        RenderText {#text} at (40,0) size 3x14
          text run at (40,0) width 3: " "
        RenderInline {SPAN} at (0,0) size 5x14
          RenderInline (generated) at (0,0) size 5x14
            RenderCounter at (43,0) size 5x14
              text run at (43,0) width 5: "\x{3B6}"
        RenderText {#text} at (48,0) size 3x14
          text run at (48,0) width 3: " "
        RenderInline {SPAN} at (0,0) size 6x14
          RenderInline (generated) at (0,0) size 6x14
            RenderCounter at (51,0) size 6x14
              text run at (51,0) width 6: "\x{3B7}"
        RenderText {#text} at (57,0) size 3x14
          text run at (57,0) width 3: " "
        RenderInline {SPAN} at (0,0) size 6x14
          RenderInline (generated) at (0,0) size 6x14
            RenderCounter at (60,0) size 6x14
              text run at (60,0) width 6: "\x{3B8}"
        RenderText {#text} at (66,0) size 3x14
          text run at (66,0) width 3: " "
        RenderInline {SPAN} at (0,0) size 3x14
          RenderInline (generated) at (0,0) size 3x14
            RenderCounter at (69,0) size 3x14
              text run at (69,0) width 3: "\x{3B9}"
        RenderText {#text} at (72,0) size 3x14
          text run at (72,0) width 3: " "
        RenderInline {SPAN} at (0,0) size 6x14
          RenderInline (generated) at (0,0) size 6x14
            RenderCounter at (75,0) size 6x14
              text run at (75,0) width 6: "\x{3BA}"
        RenderText {#text} at (81,0) size 3x14
          text run at (81,0) width 3: " "
        RenderInline {SPAN} at (0,0) size 6x14
          RenderInline (generated) at (0,0) size 6x14
            RenderCounter at (84,0) size 6x14
              text run at (84,0) width 6: "\x{3BB}"
        RenderText {#text} at (90,0) size 3x14
          text run at (90,0) width 3: " "
        RenderInline {SPAN} at (0,0) size 6x14
          RenderInline (generated) at (0,0) size 6x14
            RenderCounter at (93,0) size 6x14
              text run at (93,0) width 6: "\x{3BC}"
        RenderText {#text} at (0,0) size 0x0
      RenderBlock {DIV} at (0,40) size 784x14
        RenderText {#text} at (0,0) size 99x14
          text run at (0,0) width 9: "\x{3B1} "
          text run at (9,0) width 9: "\x{3B2} "
          text run at (18,0) width 8: "\x{3B3} "
          text run at (26,0) width 9: "\x{3B4} "
          text run at (35,0) width 8: "\x{3B5} "
          text run at (43,0) width 8: "\x{3B6} "
          text run at (51,0) width 9: "\x{3B7} "
          text run at (60,0) width 9: "\x{3B8} "
          text run at (69,0) width 6: "\x{3B9} "
          text run at (75,0) width 9: "\x{3BA} "
          text run at (84,0) width 9: "\x{3BB} "
          text run at (93,0) width 6: "\x{3BC}"
