layer at (0,0) size 800x600
  RenderView at (0,0) size 800x600
layer at (0,0) size 800x74
  RenderBlock {HTML} at (0,0) size 800x74
    RenderBody {BODY} at (8,12) size 784x54
      RenderBlock {P} at (0,0) size 784x14
        RenderText {#text} at (0,0) size 161x14
          text run at (0,0) width 161: "The following should be identical:"
      RenderBlock {DIV} at (0,26) size 784x14
        RenderInline {SPAN} at (0,0) size 6x14
          RenderInline {SPAN} at (0,0) size 6x14
            RenderInline (generated) at (0,0) size 6x14
              RenderCounter at (0,0) size 6x14
                text run at (0,0) width 6: "0"
        RenderText {#text} at (6,0) size 3x14
          text run at (6,0) width 3: " "
        RenderInline {SPAN} at (0,0) size 6x14
          RenderInline {SPAN} at (0,0) size 6x14
            RenderInline (generated) at (0,0) size 6x14
              RenderCounter at (9,0) size 6x14
                text run at (9,0) width 6: "1"
        RenderText {#text} at (15,0) size 3x14
          text run at (15,0) width 3: " "
        RenderInline {SPAN} at (0,0) size 6x14
          RenderInline {SPAN} at (0,0) size 6x14
            RenderInline (generated) at (0,0) size 6x14
              RenderCounter at (18,0) size 6x14
                text run at (18,0) width 6: "2"
        RenderText {#text} at (24,0) size 3x14
          text run at (24,0) width 3: " "
        RenderInline {SPAN} at (0,0) size 6x14
          RenderInline {SPAN} at (0,0) size 6x14
            RenderInline (generated) at (0,0) size 6x14
              RenderCounter at (27,0) size 6x14
                text run at (27,0) width 6: "3"
        RenderText {#text} at (33,0) size 3x14
          text run at (33,0) width 3: " "
        RenderInline {SPAN} at (0,0) size 6x14
          RenderInline {SPAN} at (0,0) size 6x14
            RenderInline (generated) at (0,0) size 6x14
              RenderCounter at (36,0) size 6x14
                text run at (36,0) width 6: "4"
        RenderText {#text} at (42,0) size 3x14
          text run at (42,0) width 3: " "
        RenderInline {SPAN} at (0,0) size 6x14
          RenderInline {SPAN} at (0,0) size 6x14
            RenderInline (generated) at (0,0) size 6x14
              RenderCounter at (45,0) size 6x14
                text run at (45,0) width 6: "4"
        RenderText {#text} at (51,0) size 3x14
          text run at (51,0) width 3: " "
        RenderInline {SPAN} at (0,0) size 6x14
          RenderInline {SPAN} at (0,0) size 6x14
            RenderInline (generated) at (0,0) size 6x14
              RenderCounter at (54,0) size 6x14
                text run at (54,0) width 6: "4"
        RenderText {#text} at (60,0) size 3x14
          text run at (60,0) width 3: " "
        RenderInline {SPAN} at (0,0) size 6x14
          RenderInline {SPAN} at (0,0) size 6x14
            RenderInline (generated) at (0,0) size 6x14
              RenderCounter at (63,0) size 6x14
                text run at (63,0) width 6: "4"
        RenderText {#text} at (69,0) size 3x14
          text run at (69,0) width 3: " "
        RenderInline {SPAN} at (0,0) size 6x14
          RenderInline {SPAN} at (0,0) size 6x14
            RenderInline (generated) at (0,0) size 6x14
              RenderCounter at (72,0) size 6x14
                text run at (72,0) width 6: "8"
        RenderText {#text} at (78,0) size 3x14
          text run at (78,0) width 3: " "
        RenderInline {SPAN} at (0,0) size 6x14
          RenderInline {SPAN} at (0,0) size 6x14
            RenderInline (generated) at (0,0) size 6x14
              RenderCounter at (81,0) size 6x14
                text run at (81,0) width 6: "9"
        RenderText {#text} at (87,0) size 3x14
          text run at (87,0) width 3: " "
        RenderInline {SPAN} at (0,0) size 12x14
          RenderInline {SPAN} at (0,0) size 12x14
            RenderInline (generated) at (0,0) size 12x14
              RenderCounter at (90,0) size 12x14
                text run at (90,0) width 12: "10"
        RenderText {#text} at (102,0) size 3x14
          text run at (102,0) width 3: " "
        RenderInline {SPAN} at (0,0) size 12x14
          RenderInline {SPAN} at (0,0) size 12x14
            RenderInline (generated) at (0,0) size 12x14
              RenderCounter at (105,0) size 12x14
                text run at (105,0) width 12: "11"
        RenderText {#text} at (117,0) size 3x14
          text run at (117,0) width 3: " "
        RenderInline {SPAN} at (0,0) size 12x14
          RenderInline {SPAN} at (0,0) size 12x14
            RenderInline (generated) at (0,0) size 12x14
              RenderCounter at (120,0) size 12x14
                text run at (120,0) width 12: "12"
        RenderText {#text} at (132,0) size 3x14
          text run at (132,0) width 3: " "
        RenderInline {SPAN} at (0,0) size 12x14
          RenderInline {SPAN} at (0,0) size 12x14
            RenderInline (generated) at (0,0) size 12x14
              RenderCounter at (135,0) size 12x14
                text run at (135,0) width 12: "12"
        RenderText {#text} at (147,0) size 3x14
          text run at (147,0) width 3: " "
        RenderInline {SPAN} at (0,0) size 12x14
          RenderInline {SPAN} at (0,0) size 12x14
            RenderInline (generated) at (0,0) size 12x14
              RenderCounter at (150,0) size 12x14
                text run at (150,0) width 12: "12"
        RenderText {#text} at (162,0) size 3x14
          text run at (162,0) width 3: " "
        RenderInline {SPAN} at (0,0) size 12x14
          RenderInline {SPAN} at (0,0) size 12x14
            RenderInline (generated) at (0,0) size 12x14
              RenderCounter at (165,0) size 12x14
                text run at (165,0) width 12: "12"
        RenderText {#text} at (0,0) size 0x0
      RenderBlock {DIV} at (0,40) size 784x14
        RenderText {#text} at (0,0) size 177x14
          text run at (0,0) width 9: "0 "
          text run at (9,0) width 9: "1 "
          text run at (18,0) width 9: "2 "
          text run at (27,0) width 9: "3 "
          text run at (36,0) width 9: "4 "
          text run at (45,0) width 9: "4 "
          text run at (54,0) width 9: "4 "
          text run at (63,0) width 9: "4 "
          text run at (72,0) width 9: "8 "
          text run at (81,0) width 9: "9 "
          text run at (90,0) width 15: "10 "
          text run at (105,0) width 15: "11 "
          text run at (120,0) width 15: "12 "
          text run at (135,0) width 15: "12 "
          text run at (150,0) width 15: "12 "
          text run at (165,0) width 12: "12"
