layer at (0,0) size 800x600
  RenderView at (0,0) size 800x600
layer at (0,0) size 800x74
  RenderBlock {HTML} at (0,0) size 800x74
    RenderBody {BODY} at (8,12) size 784x54
      RenderBlock {P} at (0,0) size 784x14
        RenderText {#text} at (0,0) size 219x14
          text run at (0,0) width 219: "The following two lines should look the same:"
      RenderBlock {DIV} at (0,26) size 784x14
        RenderInline {SPAN} at (0,0) size 4x14
          RenderInline (generated) at (0,0) size 4x14
            RenderCounter at (0,0) size 4x14
              text run at (0,0) width 4: "I"
        RenderText {#text} at (4,0) size 3x14
          text run at (4,0) width 3: " "
        RenderInline {SPAN} at (0,0) size 8x14
          RenderInline (generated) at (0,0) size 8x14
            RenderCounter at (7,0) size 8x14
              text run at (7,0) width 8: "II"
        RenderText {#text} at (15,0) size 3x14
          text run at (15,0) width 3: " "
        RenderInline {SPAN} at (0,0) size 12x14
          RenderInline (generated) at (0,0) size 12x14
            RenderCounter at (18,0) size 12x14
              text run at (18,0) width 12: "III"
        RenderText {#text} at (30,0) size 3x14
          text run at (30,0) width 3: " "
        RenderInline {SPAN} at (0,0) size 13x14
          RenderInline (generated) at (0,0) size 13x14
            RenderCounter at (33,0) size 13x14
              text run at (33,0) width 13: "IV"
        RenderText {#text} at (46,0) size 3x14
          text run at (46,0) width 3: " "
        RenderInline {SPAN} at (0,0) size 9x14
          RenderInline (generated) at (0,0) size 9x14
            RenderCounter at (49,0) size 9x14
              text run at (49,0) width 9: "V"
        RenderText {#text} at (58,0) size 3x14
          text run at (58,0) width 3: " "
        RenderInline {SPAN} at (0,0) size 13x14
          RenderInline (generated) at (0,0) size 13x14
            RenderCounter at (61,0) size 13x14
              text run at (61,0) width 13: "VI"
        RenderText {#text} at (74,0) size 3x14
          text run at (74,0) width 3: " "
        RenderInline {SPAN} at (0,0) size 17x14
          RenderInline (generated) at (0,0) size 17x14
            RenderCounter at (77,0) size 17x14
              text run at (77,0) width 17: "VII"
        RenderText {#text} at (94,0) size 3x14
          text run at (94,0) width 3: " "
        RenderInline {SPAN} at (0,0) size 21x14
          RenderInline (generated) at (0,0) size 21x14
            RenderCounter at (97,0) size 21x14
              text run at (97,0) width 21: "VIII"
        RenderText {#text} at (118,0) size 3x14
          text run at (118,0) width 3: " "
        RenderInline {SPAN} at (0,0) size 13x14
          RenderInline (generated) at (0,0) size 13x14
            RenderCounter at (121,0) size 13x14
              text run at (121,0) width 13: "IX"
        RenderText {#text} at (134,0) size 3x14
          text run at (134,0) width 3: " "
        RenderInline {SPAN} at (0,0) size 9x14
          RenderInline (generated) at (0,0) size 9x14
            RenderCounter at (137,0) size 9x14
              text run at (137,0) width 9: "X"
        RenderText {#text} at (146,0) size 3x14
          text run at (146,0) width 3: " "
        RenderInline {SPAN} at (0,0) size 13x14
          RenderInline (generated) at (0,0) size 13x14
            RenderCounter at (149,0) size 13x14
              text run at (149,0) width 13: "XI"
        RenderText {#text} at (162,0) size 3x14
          text run at (162,0) width 3: " "
        RenderInline {SPAN} at (0,0) size 17x14
          RenderInline (generated) at (0,0) size 17x14
            RenderCounter at (165,0) size 17x14
              text run at (165,0) width 17: "XII"
        RenderText {#text} at (182,0) size 3x14
          text run at (182,0) width 3: " "
        RenderInline {SPAN} at (0,0) size 29x14
          RenderInline (generated) at (0,0) size 29x14
            RenderCounter at (185,0) size 29x14
              text run at (185,0) width 29: "XLIX"
        RenderText {#text} at (214,0) size 3x14
          text run at (214,0) width 3: " "
        RenderInline {SPAN} at (0,0) size 7x14
          RenderInline (generated) at (0,0) size 7x14
            RenderCounter at (217,0) size 7x14
              text run at (217,0) width 7: "L"
        RenderText {#text} at (224,0) size 3x14
          text run at (224,0) width 3: " "
        RenderInline {SPAN} at (0,0) size 71x14
          RenderInline (generated) at (0,0) size 71x14
            RenderCounter at (227,0) size 71x14
              text run at (227,0) width 71: "CCCLXXXIX"
        RenderText {#text} at (298,0) size 3x14
          text run at (298,0) width 3: " "
        RenderInline {SPAN} at (0,0) size 41x14
          RenderInline (generated) at (0,0) size 41x14
            RenderCounter at (301,0) size 41x14
              text run at (301,0) width 41: "CCCXC"
        RenderText {#text} at (342,0) size 3x14
          text run at (342,0) width 3: " "
        RenderInline {SPAN} at (0,0) size 97x14
          RenderInline (generated) at (0,0) size 97x14
            RenderCounter at (345,0) size 97x14
              text run at (345,0) width 97: "MMMCDLXXXIX"
        RenderText {#text} at (442,0) size 3x14
          text run at (442,0) width 3: " "
        RenderInline {SPAN} at (0,0) size 67x14
          RenderInline (generated) at (0,0) size 67x14
            RenderCounter at (445,0) size 67x14
              text run at (445,0) width 67: "MMMCDXC"
        RenderText {#text} at (512,0) size 3x14
          text run at (512,0) width 3: " "
        RenderInline {SPAN} at (0,0) size 71x14
          RenderInline (generated) at (0,0) size 71x14
            RenderCounter at (515,0) size 71x14
              text run at (515,0) width 71: "MMMCDXCI"
        RenderText {#text} at (0,0) size 0x0
      RenderBlock {DIV} at (0,40) size 784x14
        RenderText {#text} at (0,0) size 586x14
          text run at (0,0) width 7: "I "
          text run at (7,0) width 11: "II "
          text run at (18,0) width 15: "III "
          text run at (33,0) width 16: "IV "
          text run at (49,0) width 12: "V "
          text run at (61,0) width 16: "VI "
          text run at (77,0) width 20: "VII "
          text run at (97,0) width 24: "VIII "
          text run at (121,0) width 16: "IX "
          text run at (137,0) width 12: "X "
          text run at (149,0) width 16: "XI "
          text run at (165,0) width 20: "XII "
          text run at (185,0) width 32: "XLIX "
          text run at (217,0) width 10: "L "
          text run at (227,0) width 74: "CCCLXXXIX "
          text run at (301,0) width 44: "CCCXC "
          text run at (345,0) width 100: "MMMCDLXXXIX "
          text run at (445,0) width 70: "MMMCDXC "
          text run at (515,0) width 71: "MMMCDXCI"
