layer at (0,0) size 800x600
  RenderView at (0,0) size 800x600
layer at (0,0) size 800x74
  RenderBlock {HTML} at (0,0) size 800x74
    RenderBody {BODY} at (8,12) size 784x54
      RenderBlock {P} at (0,0) size 784x14
        RenderText {#text} at (0,0) size 207x14
          text run at (0,0) width 207: "The following two lines should be identical:"
      RenderBlock {DIV} at (0,26) size 784x14
        RenderInline {SPAN} at (0,0) size 9x14
          RenderInline (generated) at (0,0) size 9x14
            RenderCounter at (0,0) size 6x14
              text run at (0,0) width 6: "0"
            RenderText at (6,0) size 3x14
              text run at (6,0) width 3: " "
        RenderInline {SPAN} at (0,0) size 6x14
          RenderInline {SPAN} at (0,0) size 6x14
            RenderInline (generated) at (0,0) size 6x14
              RenderCounter at (9,0) size 6x14
                text run at (9,0) width 6: "1"
              RenderText at (0,0) size 0x0
      RenderBlock {DIV} at (0,40) size 784x14
        RenderText {#text} at (0,0) size 15x14
          text run at (0,0) width 15: "0 1"
