layer at (0,0) size 800x600
  RenderView at (0,0) size 800x600
layer at (0,0) size 800x74
  RenderBlock {HTML} at (0,0) size 800x74
    RenderBody {BODY} at (8,12) size 784x54
      RenderBlock {P} at (0,0) size 784x14
        RenderText {#text} at (0,0) size 175x14
          text run at (0,0) width 175: "The following two lines should look "
        RenderInline {EM} at (0,0) size 68x14
          RenderText {#text} at (175,0) size 68x14
            text run at (175,0) width 68: "approximately"
        RenderText {#text} at (243,0) size 47x14
          text run at (243,0) width 47: " the same:"
      RenderBlock {DIV} at (0,26) size 784x14
        RenderInline {SPAN} at (0,0) size 11x14
          RenderInline (generated) at (0,0) size 11x14
            RenderCounter at (0,0) size 11x14
              text run at (0,0) width 11: "\x{2022}.\x{2022}"
        RenderText {#text} at (11,0) size 3x14
          text run at (11,0) width 3: " "
        RenderInline {SPAN} at (0,0) size 11x14
          RenderInline (generated) at (0,0) size 11x14
            RenderCounter at (14,0) size 11x14
              text run at (14,0) width 11: "\x{2022}.\x{2022}"
        RenderText {#text} at (25,0) size 3x14
          text run at (25,0) width 3: " "
        RenderInline {SPAN} at (0,0) size 11x14
          RenderInline (generated) at (0,0) size 11x14
            RenderCounter at (28,0) size 11x14
              text run at (28,0) width 11: "\x{2022}.\x{2022}"
        RenderText {#text} at (39,0) size 3x14
          text run at (39,0) width 3: " "
        RenderInline {SPAN} at (0,0) size 11x14
          RenderInline (generated) at (0,0) size 11x14
            RenderCounter at (42,0) size 11x14
              text run at (42,0) width 11: "\x{2022}.\x{2022}"
        RenderText {#text} at (53,0) size 3x14
          text run at (53,0) width 3: " "
        RenderInline {SPAN} at (0,0) size 11x14
          RenderInline (generated) at (0,0) size 11x14
            RenderCounter at (56,0) size 11x14
              text run at (56,0) width 11: "\x{2022}.\x{2022}"
        RenderText {#text} at (67,0) size 3x14
          text run at (67,0) width 3: " "
        RenderInline {SPAN} at (0,0) size 11x14
          RenderInline (generated) at (0,0) size 11x14
            RenderCounter at (70,0) size 11x14
              text run at (70,0) width 11: "\x{2022}.\x{2022}"
        RenderText {#text} at (81,0) size 3x14
          text run at (81,0) width 3: " "
        RenderInline {SPAN} at (0,0) size 11x14
          RenderInline (generated) at (0,0) size 11x14
            RenderCounter at (84,0) size 11x14
              text run at (84,0) width 11: "\x{2022}.\x{2022}"
        RenderText {#text} at (95,0) size 3x14
          text run at (95,0) width 3: " "
        RenderInline {SPAN} at (0,0) size 11x14
          RenderInline (generated) at (0,0) size 11x14
            RenderCounter at (98,0) size 11x14
              text run at (98,0) width 11: "\x{2022}.\x{2022}"
        RenderText {#text} at (109,0) size 3x14
          text run at (109,0) width 3: " "
        RenderInline {SPAN} at (0,0) size 11x14
          RenderInline (generated) at (0,0) size 11x14
            RenderCounter at (112,0) size 11x14
              text run at (112,0) width 11: "\x{2022}.\x{2022}"
        RenderText {#text} at (123,0) size 3x14
          text run at (123,0) width 3: " "
        RenderInline {SPAN} at (0,0) size 11x14
          RenderInline (generated) at (0,0) size 11x14
            RenderCounter at (126,0) size 11x14
              text run at (126,0) width 11: "\x{2022}.\x{2022}"
        RenderText {#text} at (137,0) size 3x14
          text run at (137,0) width 3: " "
        RenderInline {SPAN} at (0,0) size 11x14
          RenderInline (generated) at (0,0) size 11x14
            RenderCounter at (140,0) size 11x14
              text run at (140,0) width 11: "\x{2022}.\x{2022}"
        RenderText {#text} at (151,0) size 3x14
          text run at (151,0) width 3: " "
        RenderInline {SPAN} at (0,0) size 11x14
          RenderInline (generated) at (0,0) size 11x14
            RenderCounter at (154,0) size 11x14
              text run at (154,0) width 11: "\x{2022}.\x{2022}"
        RenderText {#text} at (0,0) size 0x0
      RenderBlock {DIV} at (0,40) size 784x14
        RenderText {#text} at (0,0) size 165x14
          text run at (0,0) width 14: "\x{2022}.\x{2022} "
          text run at (14,0) width 14: "\x{2022}.\x{2022} "
          text run at (28,0) width 14: "\x{2022}.\x{2022} "
          text run at (42,0) width 14: "\x{2022}.\x{2022} "
          text run at (56,0) width 14: "\x{2022}.\x{2022} "
          text run at (70,0) width 14: "\x{2022}.\x{2022} "
          text run at (84,0) width 14: "\x{2022}.\x{2022} "
          text run at (98,0) width 14: "\x{2022}.\x{2022} "
          text run at (112,0) width 14: "\x{2022}.\x{2022} "
          text run at (126,0) width 14: "\x{2022}.\x{2022} "
          text run at (140,0) width 14: "\x{2022}.\x{2022} "
          text run at (154,0) width 11: "\x{2022}.\x{2022}"
