layer at (0,0) size 800x600
  RenderView at (0,0) size 800x600
layer at (0,0) size 800x74
  RenderBlock {HTML} at (0,0) size 800x74
    RenderBody {BODY} at (8,12) size 784x54
      RenderBlock {P} at (0,0) size 784x14
        RenderText {#text} at (0,0) size 219x14
          text run at (0,0) width 219: "The following two lines should look the same:"
      RenderBlock {DIV} at (0,26) size 784x14
        RenderInline {SPAN} at (0,0) size 12x14
          RenderInline (generated) at (0,0) size 12x14
            RenderCounter at (0,0) size 12x14
              text run at (0,0) width 12: "01"
        RenderText {#text} at (12,0) size 3x14
          text run at (12,0) width 3: " "
        RenderInline {SPAN} at (0,0) size 12x14
          RenderInline (generated) at (0,0) size 12x14
            RenderCounter at (15,0) size 12x14
              text run at (15,0) width 12: "02"
        RenderText {#text} at (27,0) size 3x14
          text run at (27,0) width 3: " "
        RenderInline {SPAN} at (0,0) size 12x14
          RenderInline (generated) at (0,0) size 12x14
            RenderCounter at (30,0) size 12x14
              text run at (30,0) width 12: "03"
        RenderText {#text} at (42,0) size 3x14
          text run at (42,0) width 3: " "
        RenderInline {SPAN} at (0,0) size 12x14
          RenderInline (generated) at (0,0) size 12x14
            RenderCounter at (45,0) size 12x14
              text run at (45,0) width 12: "04"
        RenderText {#text} at (57,0) size 3x14
          text run at (57,0) width 3: " "
        RenderInline {SPAN} at (0,0) size 12x14
          RenderInline (generated) at (0,0) size 12x14
            RenderCounter at (60,0) size 12x14
              text run at (60,0) width 12: "05"
        RenderText {#text} at (72,0) size 3x14
          text run at (72,0) width 3: " "
        RenderInline {SPAN} at (0,0) size 12x14
          RenderInline (generated) at (0,0) size 12x14
            RenderCounter at (75,0) size 12x14
              text run at (75,0) width 12: "06"
        RenderText {#text} at (87,0) size 3x14
          text run at (87,0) width 3: " "
        RenderInline {SPAN} at (0,0) size 12x14
          RenderInline (generated) at (0,0) size 12x14
            RenderCounter at (90,0) size 12x14
              text run at (90,0) width 12: "07"
        RenderText {#text} at (102,0) size 3x14
          text run at (102,0) width 3: " "
        RenderInline {SPAN} at (0,0) size 12x14
          RenderInline (generated) at (0,0) size 12x14
            RenderCounter at (105,0) size 12x14
              text run at (105,0) width 12: "08"
        RenderText {#text} at (117,0) size 3x14
          text run at (117,0) width 3: " "
        RenderInline {SPAN} at (0,0) size 12x14
          RenderInline (generated) at (0,0) size 12x14
            RenderCounter at (120,0) size 12x14
              text run at (120,0) width 12: "09"
        RenderText {#text} at (132,0) size 3x14
          text run at (132,0) width 3: " "
        RenderInline {SPAN} at (0,0) size 12x14
          RenderInline (generated) at (0,0) size 12x14
            RenderCounter at (135,0) size 12x14
              text run at (135,0) width 12: "10"
        RenderText {#text} at (147,0) size 3x14
          text run at (147,0) width 3: " "
        RenderInline {SPAN} at (0,0) size 12x14
          RenderInline (generated) at (0,0) size 12x14
            RenderCounter at (150,0) size 12x14
              text run at (150,0) width 12: "11"
        RenderText {#text} at (162,0) size 3x14
          text run at (162,0) width 3: " "
        RenderInline {SPAN} at (0,0) size 12x14
          RenderInline (generated) at (0,0) size 12x14
            RenderCounter at (165,0) size 12x14
              text run at (165,0) width 12: "12"
        RenderText {#text} at (177,0) size 3x14
          text run at (177,0) width 3: " "
        RenderInline {SPAN} at (0,0) size 12x14
          RenderInline (generated) at (0,0) size 12x14
            RenderCounter at (180,0) size 12x14
              text run at (180,0) width 12: "99"
        RenderText {#text} at (192,0) size 3x14
          text run at (192,0) width 3: " "
        RenderInline {SPAN} at (0,0) size 18x14
          RenderInline (generated) at (0,0) size 18x14
            RenderCounter at (195,0) size 18x14
              text run at (195,0) width 18: "100"
        RenderText {#text} at (213,0) size 3x14
          text run at (213,0) width 3: " "
        RenderInline {SPAN} at (0,0) size 18x14
          RenderInline (generated) at (0,0) size 18x14
            RenderCounter at (216,0) size 18x14
              text run at (216,0) width 18: "101"
        RenderText {#text} at (0,0) size 0x0
      RenderBlock {DIV} at (0,40) size 784x14
        RenderText {#text} at (0,0) size 234x14
          text run at (0,0) width 15: "01 "
          text run at (15,0) width 15: "02 "
          text run at (30,0) width 15: "03 "
          text run at (45,0) width 15: "04 "
          text run at (60,0) width 15: "05 "
          text run at (75,0) width 15: "06 "
          text run at (90,0) width 15: "07 "
          text run at (105,0) width 15: "08 "
          text run at (120,0) width 15: "09 "
          text run at (135,0) width 15: "10 "
          text run at (150,0) width 15: "11 "
          text run at (165,0) width 15: "12 "
          text run at (180,0) width 15: "99 "
          text run at (195,0) width 21: "100 "
          text run at (216,0) width 18: "101"
