layer at (0,0) size 800x600
  RenderView at (0,0) size 800x600
layer at (0,0) size 800x74
  RenderBlock {HTML} at (0,0) size 800x74
    RenderBody {BODY} at (8,12) size 784x54
      RenderBlock {P} at (0,0) size 784x14
        RenderText {#text} at (0,0) size 175x14
          text run at (0,0) width 175: "The following two lines should look "
        RenderInline {EM} at (0,0) size 68x14
          RenderText {#text} at (175,0) size 68x14
            text run at (175,0) width 68: "approximately"
        RenderText {#text} at (243,0) size 47x14
          text run at (243,0) width 47: " the same:"
      RenderBlock {DIV} at (0,26) size 784x14
        RenderInline {SPAN} at (0,0) size 8x14
          RenderInline (generated) at (0,0) size 8x14
            RenderCounter at (0,0) size 3x14
              text run at (0,0) width 3: "."
            RenderText at (3,0) size 5x14
              text run at (3,0) width 5: "z"
        RenderText {#text} at (8,0) size 3x14
          text run at (8,0) width 3: " "
        RenderInline {SPAN} at (0,0) size 8x14
          RenderInline (generated) at (0,0) size 8x14
            RenderCounter at (11,0) size 3x14
              text run at (11,0) width 3: "."
            RenderText at (14,0) size 5x14
              text run at (14,0) width 5: "z"
        RenderText {#text} at (19,0) size 3x14
          text run at (19,0) width 3: " "
        RenderInline {SPAN} at (0,0) size 8x14
          RenderInline (generated) at (0,0) size 8x14
            RenderCounter at (22,0) size 3x14
              text run at (22,0) width 3: "."
            RenderText at (25,0) size 5x14
              text run at (25,0) width 5: "z"
        RenderText {#text} at (30,0) size 3x14
          text run at (30,0) width 3: " "
        RenderInline {SPAN} at (0,0) size 8x14
          RenderInline (generated) at (0,0) size 8x14
            RenderCounter at (33,0) size 3x14
              text run at (33,0) width 3: "."
            RenderText at (36,0) size 5x14
              text run at (36,0) width 5: "z"
        RenderText {#text} at (41,0) size 3x14
          text run at (41,0) width 3: " "
        RenderInline {SPAN} at (0,0) size 8x14
          RenderInline (generated) at (0,0) size 8x14
            RenderCounter at (44,0) size 3x14
              text run at (44,0) width 3: "."
            RenderText at (47,0) size 5x14
              text run at (47,0) width 5: "z"
        RenderText {#text} at (52,0) size 3x14
          text run at (52,0) width 3: " "
        RenderInline {SPAN} at (0,0) size 8x14
          RenderInline (generated) at (0,0) size 8x14
            RenderCounter at (55,0) size 3x14
              text run at (55,0) width 3: "."
            RenderText at (58,0) size 5x14
              text run at (58,0) width 5: "z"
        RenderText {#text} at (63,0) size 3x14
          text run at (63,0) width 3: " "
        RenderInline {SPAN} at (0,0) size 8x14
          RenderInline (generated) at (0,0) size 8x14
            RenderCounter at (66,0) size 3x14
              text run at (66,0) width 3: "."
            RenderText at (69,0) size 5x14
              text run at (69,0) width 5: "z"
        RenderText {#text} at (74,0) size 3x14
          text run at (74,0) width 3: " "
        RenderInline {SPAN} at (0,0) size 8x14
          RenderInline (generated) at (0,0) size 8x14
            RenderCounter at (77,0) size 3x14
              text run at (77,0) width 3: "."
            RenderText at (80,0) size 5x14
              text run at (80,0) width 5: "z"
        RenderText {#text} at (85,0) size 3x14
          text run at (85,0) width 3: " "
        RenderInline {SPAN} at (0,0) size 8x14
          RenderInline (generated) at (0,0) size 8x14
            RenderCounter at (88,0) size 3x14
              text run at (88,0) width 3: "."
            RenderText at (91,0) size 5x14
              text run at (91,0) width 5: "z"
        RenderText {#text} at (96,0) size 3x14
          text run at (96,0) width 3: " "
        RenderInline {SPAN} at (0,0) size 8x14
          RenderInline (generated) at (0,0) size 8x14
            RenderCounter at (99,0) size 3x14
              text run at (99,0) width 3: "."
            RenderText at (102,0) size 5x14
              text run at (102,0) width 5: "z"
        RenderText {#text} at (107,0) size 3x14
          text run at (107,0) width 3: " "
        RenderInline {SPAN} at (0,0) size 8x14
          RenderInline (generated) at (0,0) size 8x14
            RenderCounter at (110,0) size 3x14
              text run at (110,0) width 3: "."
            RenderText at (113,0) size 5x14
              text run at (113,0) width 5: "z"
        RenderText {#text} at (118,0) size 3x14
          text run at (118,0) width 3: " "
        RenderInline {SPAN} at (0,0) size 8x14
          RenderInline (generated) at (0,0) size 8x14
            RenderCounter at (121,0) size 3x14
              text run at (121,0) width 3: "."
            RenderText at (124,0) size 5x14
              text run at (124,0) width 5: "z"
        RenderText {#text} at (0,0) size 0x0
      RenderBlock {DIV} at (0,40) size 784x14
        RenderText {#text} at (0,0) size 129x14
          text run at (0,0) width 11: ".z "
          text run at (11,0) width 11: ".z "
          text run at (22,0) width 11: ".z "
          text run at (33,0) width 11: ".z "
          text run at (44,0) width 11: ".z "
          text run at (55,0) width 11: ".z "
          text run at (66,0) width 11: ".z "
          text run at (77,0) width 11: ".z "
          text run at (88,0) width 11: ".z "
          text run at (99,0) width 11: ".z "
          text run at (110,0) width 11: ".z "
          text run at (121,0) width 8: ".z"
