layer at (0,0) size 800x600
  RenderView at (0,0) size 800x600
layer at (0,0) size 800x74
  RenderBlock {HTML} at (0,0) size 800x74
    RenderBody {BODY} at (8,12) size 784x54
      RenderBlock {P} at (0,0) size 784x14
        RenderText {#text} at (0,0) size 175x14
          text run at (0,0) width 175: "The following two lines should look "
        RenderInline {EM} at (0,0) size 68x14
          RenderText {#text} at (175,0) size 68x14
            text run at (175,0) width 68: "approximately"
        RenderText {#text} at (243,0) size 47x14
          text run at (243,0) width 47: " the same:"
      RenderBlock {DIV} at (0,26) size 784x14
        RenderInline {SPAN} at (0,0) size 17x14
          RenderInline (generated) at (0,0) size 17x14
            RenderCounter at (0,0) size 17x14
              text run at (0,0) width 17: "\x{25A0}.\x{25A0}"
        RenderText {#text} at (17,0) size 3x14
          text run at (17,0) width 3: " "
        RenderInline {SPAN} at (0,0) size 17x14
          RenderInline (generated) at (0,0) size 17x14
            RenderCounter at (20,0) size 17x14
              text run at (20,0) width 17: "\x{25A0}.\x{25A0}"
        RenderText {#text} at (37,0) size 3x14
          text run at (37,0) width 3: " "
        RenderInline {SPAN} at (0,0) size 17x14
          RenderInline (generated) at (0,0) size 17x14
            RenderCounter at (40,0) size 17x14
              text run at (40,0) width 17: "\x{25A0}.\x{25A0}"
        RenderText {#text} at (57,0) size 3x14
          text run at (57,0) width 3: " "
        RenderInline {SPAN} at (0,0) size 17x14
          RenderInline (generated) at (0,0) size 17x14
            RenderCounter at (60,0) size 17x14
              text run at (60,0) width 17: "\x{25A0}.\x{25A0}"
        RenderText {#text} at (77,0) size 3x14
          text run at (77,0) width 3: " "
        RenderInline {SPAN} at (0,0) size 17x14
          RenderInline (generated) at (0,0) size 17x14
            RenderCounter at (80,0) size 17x14
              text run at (80,0) width 17: "\x{25A0}.\x{25A0}"
        RenderText {#text} at (97,0) size 3x14
          text run at (97,0) width 3: " "
        RenderInline {SPAN} at (0,0) size 17x14
          RenderInline (generated) at (0,0) size 17x14
            RenderCounter at (100,0) size 17x14
              text run at (100,0) width 17: "\x{25A0}.\x{25A0}"
        RenderText {#text} at (117,0) size 3x14
          text run at (117,0) width 3: " "
        RenderInline {SPAN} at (0,0) size 17x14
          RenderInline (generated) at (0,0) size 17x14
            RenderCounter at (120,0) size 17x14
              text run at (120,0) width 17: "\x{25A0}.\x{25A0}"
        RenderText {#text} at (137,0) size 3x14
          text run at (137,0) width 3: " "
        RenderInline {SPAN} at (0,0) size 17x14
          RenderInline (generated) at (0,0) size 17x14
            RenderCounter at (140,0) size 17x14
              text run at (140,0) width 17: "\x{25A0}.\x{25A0}"
        RenderText {#text} at (157,0) size 3x14
          text run at (157,0) width 3: " "
        RenderInline {SPAN} at (0,0) size 17x14
          RenderInline (generated) at (0,0) size 17x14
            RenderCounter at (160,0) size 17x14
              text run at (160,0) width 17: "\x{25A0}.\x{25A0}"
        RenderText {#text} at (177,0) size 3x14
          text run at (177,0) width 3: " "
        RenderInline {SPAN} at (0,0) size 17x14
          RenderInline (generated) at (0,0) size 17x14
            RenderCounter at (180,0) size 17x14
              text run at (180,0) width 17: "\x{25A0}.\x{25A0}"
        RenderText {#text} at (197,0) size 3x14
          text run at (197,0) width 3: " "
        RenderInline {SPAN} at (0,0) size 17x14
          RenderInline (generated) at (0,0) size 17x14
            RenderCounter at (200,0) size 17x14
              text run at (200,0) width 17: "\x{25A0}.\x{25A0}"
        RenderText {#text} at (217,0) size 3x14
          text run at (217,0) width 3: " "
        RenderInline {SPAN} at (0,0) size 17x14
          RenderInline (generated) at (0,0) size 17x14
            RenderCounter at (220,0) size 17x14
              text run at (220,0) width 17: "\x{25A0}.\x{25A0}"
        RenderText {#text} at (0,0) size 0x0
      RenderBlock {DIV} at (0,40) size 784x14
        RenderText {#text} at (0,0) size 285x14
          text run at (0,0) width 24: "\x{25FE}.\x{25FE} "
          text run at (24,0) width 24: "\x{25FE}.\x{25FE} "
          text run at (48,0) width 24: "\x{25FE}.\x{25FE} "
          text run at (72,0) width 24: "\x{25FE}.\x{25FE} "
          text run at (96,0) width 24: "\x{25FE}.\x{25FE} "
          text run at (120,0) width 24: "\x{25FE}.\x{25FE} "
          text run at (144,0) width 24: "\x{25FE}.\x{25FE} "
          text run at (168,0) width 24: "\x{25FE}.\x{25FE} "
          text run at (192,0) width 24: "\x{25FE}.\x{25FE} "
          text run at (216,0) width 24: "\x{25FE}.\x{25FE} "
          text run at (240,0) width 24: "\x{25FE}.\x{25FE} "
          text run at (264,0) width 21: "\x{25FE}.\x{25FE}"
