layer at (0,0) size 800x600
  RenderView at (0,0) size 800x600
layer at (0,0) size 800x74
  RenderBlock {HTML} at (0,0) size 800x74
    RenderBody {BODY} at (8,12) size 784x54
      RenderBlock {P} at (0,0) size 784x14
        RenderText {#text} at (0,0) size 219x14
          text run at (0,0) width 219: "The following two lines should look the same:"
      RenderBlock {DIV} at (0,26) size 784x14
        RenderInline {SPAN} at (0,0) size 15x14
          RenderInline (generated) at (0,0) size 15x14
            RenderCounter at (0,0) size 15x14
              text run at (0,0) width 15: "1.1"
        RenderText {#text} at (15,0) size 3x14
          text run at (15,0) width 3: " "
        RenderInline {SPAN} at (0,0) size 15x14
          RenderInline (generated) at (0,0) size 15x14
            RenderCounter at (18,0) size 15x14
              text run at (18,0) width 15: "1.2"
        RenderText {#text} at (33,0) size 3x14
          text run at (33,0) width 3: " "
        RenderInline {SPAN} at (0,0) size 15x14
          RenderInline (generated) at (0,0) size 15x14
            RenderCounter at (36,0) size 15x14
              text run at (36,0) width 15: "1.3"
        RenderText {#text} at (51,0) size 3x14
          text run at (51,0) width 3: " "
        RenderInline {SPAN} at (0,0) size 15x14
          RenderInline (generated) at (0,0) size 15x14
            RenderCounter at (54,0) size 15x14
              text run at (54,0) width 15: "1.4"
        RenderText {#text} at (69,0) size 3x14
          text run at (69,0) width 3: " "
        RenderInline {SPAN} at (0,0) size 15x14
          RenderInline (generated) at (0,0) size 15x14
            RenderCounter at (72,0) size 15x14
              text run at (72,0) width 15: "1.5"
        RenderText {#text} at (87,0) size 3x14
          text run at (87,0) width 3: " "
        RenderInline {SPAN} at (0,0) size 15x14
          RenderInline (generated) at (0,0) size 15x14
            RenderCounter at (90,0) size 15x14
              text run at (90,0) width 15: "1.6"
        RenderText {#text} at (105,0) size 3x14
          text run at (105,0) width 3: " "
        RenderInline {SPAN} at (0,0) size 15x14
          RenderInline (generated) at (0,0) size 15x14
            RenderCounter at (108,0) size 15x14
              text run at (108,0) width 15: "1.7"
        RenderText {#text} at (123,0) size 3x14
          text run at (123,0) width 3: " "
        RenderInline {SPAN} at (0,0) size 15x14
          RenderInline (generated) at (0,0) size 15x14
            RenderCounter at (126,0) size 15x14
              text run at (126,0) width 15: "1.8"
        RenderText {#text} at (141,0) size 3x14
          text run at (141,0) width 3: " "
        RenderInline {SPAN} at (0,0) size 15x14
          RenderInline (generated) at (0,0) size 15x14
            RenderCounter at (144,0) size 15x14
              text run at (144,0) width 15: "1.9"
        RenderText {#text} at (159,0) size 3x14
          text run at (159,0) width 3: " "
        RenderInline {SPAN} at (0,0) size 21x14
          RenderInline (generated) at (0,0) size 21x14
            RenderCounter at (162,0) size 21x14
              text run at (162,0) width 21: "1.10"
        RenderText {#text} at (183,0) size 3x14
          text run at (183,0) width 3: " "
        RenderInline {SPAN} at (0,0) size 21x14
          RenderInline (generated) at (0,0) size 21x14
            RenderCounter at (186,0) size 21x14
              text run at (186,0) width 21: "1.11"
        RenderText {#text} at (207,0) size 3x14
          text run at (207,0) width 3: " "
        RenderInline {SPAN} at (0,0) size 21x14
          RenderInline (generated) at (0,0) size 21x14
            RenderCounter at (210,0) size 21x14
              text run at (210,0) width 21: "1.12"
        RenderText {#text} at (0,0) size 0x0
      RenderBlock {DIV} at (0,40) size 784x14
        RenderText {#text} at (0,0) size 231x14
          text run at (0,0) width 18: "1.1 "
          text run at (18,0) width 18: "1.2 "
          text run at (36,0) width 18: "1.3 "
          text run at (54,0) width 18: "1.4 "
          text run at (72,0) width 18: "1.5 "
          text run at (90,0) width 18: "1.6 "
          text run at (108,0) width 18: "1.7 "
          text run at (126,0) width 18: "1.8 "
          text run at (144,0) width 18: "1.9 "
          text run at (162,0) width 24: "1.10 "
          text run at (186,0) width 24: "1.11 "
          text run at (210,0) width 21: "1.12"
