layer at (0,0) size 800x600
  RenderView at (0,0) size 800x600
layer at (0,0) size 800x74
  RenderBlock {HTML} at (0,0) size 800x74
    RenderBody {BODY} at (8,12) size 784x54
      RenderBlock {P} at (0,0) size 784x14
        RenderText {#text} at (0,0) size 219x14
          text run at (0,0) width 219: "The following two lines should look the same:"
      RenderBlock {DIV} at (0,26) size 784x14
        RenderInline {SPAN} at (0,0) size 15x14
          RenderInline (generated) at (0,0) size 15x14
            RenderCounter at (0,0) size 15x14
              text run at (0,0) width 15: "\x{10D0}.\x{10D0}"
        RenderText {#text} at (15,0) size 3x14
          text run at (15,0) width 3: " "
        RenderInline {SPAN} at (0,0) size 15x14
          RenderInline (generated) at (0,0) size 15x14
            RenderCounter at (18,0) size 15x14
              text run at (18,0) width 15: "\x{10D0}.\x{10D1}"
        RenderText {#text} at (33,0) size 3x14
          text run at (33,0) width 3: " "
        RenderInline {SPAN} at (0,0) size 15x14
          RenderInline (generated) at (0,0) size 15x14
            RenderCounter at (36,0) size 15x14
              text run at (36,0) width 15: "\x{10D0}.\x{10D2}"
        RenderText {#text} at (51,0) size 3x14
          text run at (51,0) width 3: " "
        RenderInline {SPAN} at (0,0) size 18x14
          RenderInline (generated) at (0,0) size 18x14
            RenderCounter at (54,0) size 18x14
              text run at (54,0) width 18: "\x{10D0}.\x{10D3}"
        RenderText {#text} at (72,0) size 3x14
          text run at (72,0) width 3: " "
        RenderInline {SPAN} at (0,0) size 15x14
          RenderInline (generated) at (0,0) size 15x14
            RenderCounter at (75,0) size 15x14
              text run at (75,0) width 15: "\x{10D0}.\x{10D4}"
        RenderText {#text} at (90,0) size 3x14
          text run at (90,0) width 3: " "
        RenderInline {SPAN} at (0,0) size 15x14
          RenderInline (generated) at (0,0) size 15x14
            RenderCounter at (93,0) size 15x14
              text run at (93,0) width 15: "\x{10D0}.\x{10D5}"
        RenderText {#text} at (108,0) size 3x14
          text run at (108,0) width 3: " "
        RenderInline {SPAN} at (0,0) size 15x14
          RenderInline (generated) at (0,0) size 15x14
            RenderCounter at (111,0) size 15x14
              text run at (111,0) width 15: "\x{10D0}.\x{10D6}"
        RenderText {#text} at (126,0) size 3x14
          text run at (126,0) width 3: " "
        RenderInline {SPAN} at (0,0) size 16x14
          RenderInline (generated) at (0,0) size 16x14
            RenderCounter at (129,0) size 16x14
              text run at (129,0) width 16: "\x{10D0}.\x{10F1}"
        RenderText {#text} at (145,0) size 3x14
          text run at (145,0) width 3: " "
        RenderInline {SPAN} at (0,0) size 19x14
          RenderInline (generated) at (0,0) size 19x14
            RenderCounter at (148,0) size 19x14
              text run at (148,0) width 19: "\x{10D0}.\x{10D7}"
        RenderText {#text} at (167,0) size 3x14
          text run at (167,0) width 3: " "
        RenderInline {SPAN} at (0,0) size 15x14
          RenderInline (generated) at (0,0) size 15x14
            RenderCounter at (170,0) size 15x14
              text run at (170,0) width 15: "\x{10D0}.\x{10D8}"
        RenderText {#text} at (185,0) size 3x14
          text run at (185,0) width 3: " "
        RenderInline {SPAN} at (0,0) size 21x14
          RenderInline (generated) at (0,0) size 21x14
            RenderCounter at (188,0) size 21x14
              text run at (188,0) width 21: "\x{10D0}.\x{10D8}\x{10D0}"
        RenderText {#text} at (209,0) size 3x14
          text run at (209,0) width 3: " "
        RenderInline {SPAN} at (0,0) size 21x14
          RenderInline (generated) at (0,0) size 21x14
            RenderCounter at (212,0) size 21x14
              text run at (212,0) width 21: "\x{10D0}.\x{10D8}\x{10D1}"
        RenderText {#text} at (233,0) size 3x14
          text run at (233,0) width 3: " "
        RenderInline {SPAN} at (0,0) size 15x14
          RenderInline (generated) at (0,0) size 15x14
            RenderCounter at (236,0) size 15x14
              text run at (236,0) width 15: "\x{10D0}.\x{10D9}"
        RenderText {#text} at (251,0) size 3x14
          text run at (251,0) width 3: " "
        RenderInline {SPAN} at (0,0) size 22x14
          RenderInline (generated) at (0,0) size 22x14
            RenderCounter at (254,0) size 22x14
              text run at (254,0) width 22: "\x{10D0}.\x{10DA}"
        RenderText {#text} at (276,0) size 3x14
          text run at (276,0) width 3: " "
        RenderInline {SPAN} at (0,0) size 15x14
          RenderInline (generated) at (0,0) size 15x14
            RenderCounter at (279,0) size 15x14
              text run at (279,0) width 15: "\x{10D0}.\x{10DB}"
        RenderText {#text} at (294,0) size 3x14
          text run at (294,0) width 3: " "
        RenderInline {SPAN} at (0,0) size 15x14
          RenderInline (generated) at (0,0) size 15x14
            RenderCounter at (297,0) size 15x14
              text run at (297,0) width 15: "\x{10D0}.\x{10DC}"
        RenderText {#text} at (312,0) size 3x14
          text run at (312,0) width 3: " "
        RenderInline {SPAN} at (0,0) size 15x14
          RenderInline (generated) at (0,0) size 15x14
            RenderCounter at (315,0) size 15x14
              text run at (315,0) width 15: "\x{10D0}.\x{10F2}"
        RenderText {#text} at (330,0) size 3x14
          text run at (330,0) width 3: " "
        RenderInline {SPAN} at (0,0) size 18x14
          RenderInline (generated) at (0,0) size 18x14
            RenderCounter at (333,0) size 18x14
              text run at (333,0) width 18: "\x{10D0}.\x{10DD}"
        RenderText {#text} at (351,0) size 3x14
          text run at (351,0) width 3: " "
        RenderInline {SPAN} at (0,0) size 15x14
          RenderInline (generated) at (0,0) size 15x14
            RenderCounter at (354,0) size 15x14
              text run at (354,0) width 15: "\x{10D0}.\x{10DE}"
        RenderText {#text} at (369,0) size 3x14
          text run at (369,0) width 3: " "
        RenderInline {SPAN} at (0,0) size 15x14
          RenderInline (generated) at (0,0) size 15x14
            RenderCounter at (372,0) size 15x14
              text run at (372,0) width 15: "\x{10D0}.\x{10DF}"
        RenderText {#text} at (387,0) size 3x14
          text run at (387,0) width 3: " "
        RenderInline {SPAN} at (0,0) size 19x14
          RenderInline (generated) at (0,0) size 19x14
            RenderCounter at (390,0) size 19x14
              text run at (390,0) width 19: "\x{10D0}.\x{10E0}"
        RenderText {#text} at (409,0) size 3x14
          text run at (409,0) width 3: " "
        RenderInline {SPAN} at (0,0) size 15x14
          RenderInline (generated) at (0,0) size 15x14
            RenderCounter at (412,0) size 15x14
              text run at (412,0) width 15: "\x{10D0}.\x{10E1}"
        RenderText {#text} at (427,0) size 3x14
          text run at (427,0) width 3: " "
        RenderInline {SPAN} at (0,0) size 17x14
          RenderInline (generated) at (0,0) size 17x14
            RenderCounter at (430,0) size 17x14
              text run at (430,0) width 17: "\x{10D0}.\x{10E2}"
        RenderText {#text} at (447,0) size 3x14
          text run at (447,0) width 3: " "
        RenderInline {SPAN} at (0,0) size 15x14
          RenderInline (generated) at (0,0) size 15x14
            RenderCounter at (450,0) size 15x14
              text run at (450,0) width 15: "\x{10D0}.\x{10F3}"
        RenderText {#text} at (465,0) size 3x14
          text run at (465,0) width 3: " "
        RenderInline {SPAN} at (0,0) size 18x14
          RenderInline (generated) at (0,0) size 18x14
            RenderCounter at (468,0) size 18x14
              text run at (468,0) width 18: "\x{10D0}.\x{10E4}"
        RenderText {#text} at (486,0) size 3x14
          text run at (486,0) width 3: " "
        RenderInline {SPAN} at (0,0) size 15x14
          RenderInline (generated) at (0,0) size 15x14
            RenderCounter at (489,0) size 15x14
              text run at (489,0) width 15: "\x{10D0}.\x{10E5}"
        RenderText {#text} at (504,0) size 3x14
          text run at (504,0) width 3: " "
        RenderInline {SPAN} at (0,0) size 18x14
          RenderInline (generated) at (0,0) size 18x14
            RenderCounter at (507,0) size 18x14
              text run at (507,0) width 18: "\x{10D0}.\x{10E6}"
        RenderText {#text} at (525,0) size 3x14
          text run at (525,0) width 3: " "
        RenderInline {SPAN} at (0,0) size 15x14
          RenderInline (generated) at (0,0) size 15x14
            RenderCounter at (528,0) size 15x14
              text run at (528,0) width 15: "\x{10D0}.\x{10E7}"
        RenderText {#text} at (543,0) size 3x14
          text run at (543,0) width 3: " "
        RenderInline {SPAN} at (0,0) size 15x14
          RenderInline (generated) at (0,0) size 15x14
            RenderCounter at (546,0) size 15x14
              text run at (546,0) width 15: "\x{10D0}.\x{10E8}"
        RenderText {#text} at (561,0) size 3x14
          text run at (561,0) width 3: " "
        RenderInline {SPAN} at (0,0) size 15x14
          RenderInline (generated) at (0,0) size 15x14
            RenderCounter at (564,0) size 15x14
              text run at (564,0) width 15: "\x{10D0}.\x{10E9}"
        RenderText {#text} at (579,0) size 3x14
          text run at (579,0) width 3: " "
        RenderInline {SPAN} at (0,0) size 16x14
          RenderInline (generated) at (0,0) size 16x14
            RenderCounter at (582,0) size 16x14
              text run at (582,0) width 16: "\x{10D0}.\x{10EA}"
        RenderText {#text} at (598,0) size 3x14
          text run at (598,0) width 3: " "
        RenderInline {SPAN} at (0,0) size 15x14
          RenderInline (generated) at (0,0) size 15x14
            RenderCounter at (601,0) size 15x14
              text run at (601,0) width 15: "\x{10D0}.\x{10EB}"
        RenderText {#text} at (616,0) size 3x14
          text run at (616,0) width 3: " "
        RenderInline {SPAN} at (0,0) size 15x14
          RenderInline (generated) at (0,0) size 15x14
            RenderCounter at (619,0) size 15x14
              text run at (619,0) width 15: "\x{10D0}.\x{10EC}"
        RenderText {#text} at (634,0) size 3x14
          text run at (634,0) width 3: " "
        RenderInline {SPAN} at (0,0) size 15x14
          RenderInline (generated) at (0,0) size 15x14
            RenderCounter at (637,0) size 15x14
              text run at (637,0) width 15: "\x{10D0}.\x{10ED}"
        RenderText {#text} at (652,0) size 3x14
          text run at (652,0) width 3: " "
        RenderInline {SPAN} at (0,0) size 15x14
          RenderInline (generated) at (0,0) size 15x14
            RenderCounter at (655,0) size 15x14
              text run at (655,0) width 15: "\x{10D0}.\x{10EE}"
        RenderText {#text} at (670,0) size 3x14
          text run at (670,0) width 3: " "
        RenderInline {SPAN} at (0,0) size 15x14
          RenderInline (generated) at (0,0) size 15x14
            RenderCounter at (673,0) size 15x14
              text run at (673,0) width 15: "\x{10D0}.\x{10F4}"
        RenderText {#text} at (688,0) size 3x14
          text run at (688,0) width 3: " "
        RenderInline {SPAN} at (0,0) size 15x14
          RenderInline (generated) at (0,0) size 15x14
            RenderCounter at (691,0) size 15x14
              text run at (691,0) width 15: "\x{10D0}.\x{10EF}"
        RenderText {#text} at (706,0) size 3x14
          text run at (706,0) width 3: " "
        RenderInline {SPAN} at (0,0) size 15x14
          RenderInline (generated) at (0,0) size 15x14
            RenderCounter at (709,0) size 15x14
              text run at (709,0) width 15: "\x{10D0}.\x{10F0}"
        RenderText {#text} at (724,0) size 3x14
          text run at (724,0) width 3: " "
        RenderInline {SPAN} at (0,0) size 16x14
          RenderInline (generated) at (0,0) size 16x14
            RenderCounter at (727,0) size 16x14
              text run at (727,0) width 16: "\x{10D0}.\x{10F5}"
        RenderText {#text} at (743,0) size 3x14
          text run at (743,0) width 3: " "
        RenderInline {SPAN} at (0,0) size 44x14
          RenderInline (generated) at (0,0) size 44x14
            RenderCounter at (746,0) size 44x14
              text run at (746,0) width 44: "\x{10D0}.\x{10F5}\x{10F0}\x{10E8}\x{10DF}\x{10D7}"
        RenderText {#text} at (0,0) size 0x0
      RenderBlock {DIV} at (0,40) size 784x14
        RenderText {#text} at (0,0) size 790x14
          text run at (0,0) width 18: "\x{10D0}.\x{10D0} "
          text run at (18,0) width 18: "\x{10D0}.\x{10D1} "
          text run at (36,0) width 18: "\x{10D0}.\x{10D2} "
          text run at (54,0) width 21: "\x{10D0}.\x{10D3} "
          text run at (75,0) width 18: "\x{10D0}.\x{10D4} "
          text run at (93,0) width 18: "\x{10D0}.\x{10D5} "
          text run at (111,0) width 18: "\x{10D0}.\x{10D6} "
          text run at (129,0) width 19: "\x{10D0}.\x{10F1} "
          text run at (148,0) width 22: "\x{10D0}.\x{10D7} "
          text run at (170,0) width 18: "\x{10D0}.\x{10D8} "
          text run at (188,0) width 24: "\x{10D0}.\x{10D8}\x{10D0} "
          text run at (212,0) width 24: "\x{10D0}.\x{10D8}\x{10D1} "
          text run at (236,0) width 18: "\x{10D0}.\x{10D9} "
          text run at (254,0) width 25: "\x{10D0}.\x{10DA} "
          text run at (279,0) width 18: "\x{10D0}.\x{10DB} "
          text run at (297,0) width 18: "\x{10D0}.\x{10DC} "
          text run at (315,0) width 18: "\x{10D0}.\x{10F2} "
          text run at (333,0) width 21: "\x{10D0}.\x{10DD} "
          text run at (354,0) width 18: "\x{10D0}.\x{10DE} "
          text run at (372,0) width 18: "\x{10D0}.\x{10DF} "
          text run at (390,0) width 22: "\x{10D0}.\x{10E0} "
          text run at (412,0) width 18: "\x{10D0}.\x{10E1} "
          text run at (430,0) width 20: "\x{10D0}.\x{10E2} "
          text run at (450,0) width 18: "\x{10D0}.\x{10F3} "
          text run at (468,0) width 21: "\x{10D0}.\x{10E4} "
          text run at (489,0) width 18: "\x{10D0}.\x{10E5} "
          text run at (507,0) width 21: "\x{10D0}.\x{10E6} "
          text run at (528,0) width 18: "\x{10D0}.\x{10E7} "
          text run at (546,0) width 18: "\x{10D0}.\x{10E8} "
          text run at (564,0) width 18: "\x{10D0}.\x{10E9} "
          text run at (582,0) width 19: "\x{10D0}.\x{10EA} "
          text run at (601,0) width 18: "\x{10D0}.\x{10EB} "
          text run at (619,0) width 18: "\x{10D0}.\x{10EC} "
          text run at (637,0) width 18: "\x{10D0}.\x{10ED} "
          text run at (655,0) width 18: "\x{10D0}.\x{10EE} "
          text run at (673,0) width 18: "\x{10D0}.\x{10F4} "
          text run at (691,0) width 18: "\x{10D0}.\x{10EF} "
          text run at (709,0) width 18: "\x{10D0}.\x{10F0} "
          text run at (727,0) width 19: "\x{10D0}.\x{10F5} "
          text run at (746,0) width 44: "\x{10D0}.\x{10F5}\x{10F0}\x{10E8}\x{10DF}\x{10D7}"
