layer at (0,0) size 800x600
  RenderView at (0,0) size 800x600
layer at (0,0) size 800x74
  RenderBlock {HTML} at (0,0) size 800x74
    RenderBody {BODY} at (8,12) size 784x54
      RenderBlock {P} at (0,0) size 784x14
        RenderText {#text} at (0,0) size 207x14
          text run at (0,0) width 207: "The following two lines should be identical:"
      RenderBlock {DIV} at (0,26) size 784x14
        RenderInline {SPAN} at (0,0) size 26x14
          RenderInline (generated) at (0,0) size 8x14
            RenderText at (0,0) size 8x14
              text run at (0,0) width 8: "B"
          RenderInline {SPAN} at (0,0) size 9x14
            RenderInline (generated) at (0,0) size 9x14
              RenderCounter at (8,0) size 6x14
                text run at (8,0) width 6: "1"
              RenderText at (14,0) size 3x14
                text run at (14,0) width 3: " "
          RenderInline {SPAN} at (0,0) size 9x14
            RenderInline {SPAN} at (0,0) size 9x14
              RenderInline (generated) at (0,0) size 9x14
                RenderCounter at (17,0) size 6x14
                  text run at (17,0) width 6: "0"
                RenderText at (23,0) size 3x14
                  text run at (23,0) width 3: " "
        RenderInline {SPAN} at (0,0) size 24x14
          RenderInline {SPAN} at (0,0) size 9x14
            RenderInline (generated) at (0,0) size 9x14
              RenderCounter at (26,0) size 6x14
                text run at (26,0) width 6: "1"
              RenderText at (32,0) size 3x14
                text run at (32,0) width 3: " "
          RenderInline {SPAN} at (0,0) size 15x14
            RenderInline {SPAN} at (0,0) size 15x14
              RenderInline (generated) at (0,0) size 15x14
                RenderCounter at (35,0) size 15x14
                  text run at (35,0) width 15: "1.0"
                RenderText at (0,0) size 0x0
      RenderBlock {DIV} at (0,40) size 784x14
        RenderText {#text} at (0,0) size 50x14
          text run at (0,0) width 50: "B1 0 1 1.0"
