layer at (0,0) size 800x600
  RenderView at (0,0) size 800x600
layer at (0,0) size 800x74
  RenderBlock {HTML} at (0,0) size 800x74
    RenderBody {BODY} at (8,12) size 784x54
      RenderBlock {P} at (0,0) size 784x14
        RenderText {#text} at (0,0) size 219x14
          text run at (0,0) width 219: "The following two lines should look the same:"
      RenderBlock {DIV} at (0,26) size 784x14
        RenderInline {SPAN} at (0,0) size 6x14
          RenderInline (generated) at (0,0) size 6x14
            RenderCounter at (0,0) size 6x14
              text run at (0,0) width 6: "\x{10D0}"
        RenderText {#text} at (6,0) size 3x14
          text run at (6,0) width 3: " "
        RenderInline {SPAN} at (0,0) size 6x14
          RenderInline (generated) at (0,0) size 6x14
            RenderCounter at (9,0) size 6x14
              text run at (9,0) width 6: "\x{10D1}"
        RenderText {#text} at (15,0) size 3x14
          text run at (15,0) width 3: " "
        RenderInline {SPAN} at (0,0) size 6x14
          RenderInline (generated) at (0,0) size 6x14
            RenderCounter at (18,0) size 6x14
              text run at (18,0) width 6: "\x{10D2}"
        RenderText {#text} at (24,0) size 3x14
          text run at (24,0) width 3: " "
        RenderInline {SPAN} at (0,0) size 9x14
          RenderInline (generated) at (0,0) size 9x14
            RenderCounter at (27,0) size 9x14
              text run at (27,0) width 9: "\x{10D3}"
        RenderText {#text} at (36,0) size 3x14
          text run at (36,0) width 3: " "
        RenderInline {SPAN} at (0,0) size 6x14
          RenderInline (generated) at (0,0) size 6x14
            RenderCounter at (39,0) size 6x14
              text run at (39,0) width 6: "\x{10D4}"
        RenderText {#text} at (45,0) size 3x14
          text run at (45,0) width 3: " "
        RenderInline {SPAN} at (0,0) size 6x14
          RenderInline (generated) at (0,0) size 6x14
            RenderCounter at (48,0) size 6x14
              text run at (48,0) width 6: "\x{10D5}"
        RenderText {#text} at (54,0) size 3x14
          text run at (54,0) width 3: " "
        RenderInline {SPAN} at (0,0) size 6x14
          RenderInline (generated) at (0,0) size 6x14
            RenderCounter at (57,0) size 6x14
              text run at (57,0) width 6: "\x{10D6}"
        RenderText {#text} at (63,0) size 3x14
          text run at (63,0) width 3: " "
        RenderInline {SPAN} at (0,0) size 7x14
          RenderInline (generated) at (0,0) size 7x14
            RenderCounter at (66,0) size 7x14
              text run at (66,0) width 7: "\x{10F1}"
        RenderText {#text} at (73,0) size 3x14
          text run at (73,0) width 3: " "
        RenderInline {SPAN} at (0,0) size 10x14
          RenderInline (generated) at (0,0) size 10x14
            RenderCounter at (76,0) size 10x14
              text run at (76,0) width 10: "\x{10D7}"
        RenderText {#text} at (86,0) size 3x14
          text run at (86,0) width 3: " "
        RenderInline {SPAN} at (0,0) size 6x14
          RenderInline (generated) at (0,0) size 6x14
            RenderCounter at (89,0) size 6x14
              text run at (89,0) width 6: "\x{10D8}"
        RenderText {#text} at (95,0) size 3x14
          text run at (95,0) width 3: " "
        RenderInline {SPAN} at (0,0) size 12x14
          RenderInline (generated) at (0,0) size 12x14
            RenderCounter at (98,0) size 12x14
              text run at (98,0) width 12: "\x{10D8}\x{10D0}"
        RenderText {#text} at (110,0) size 3x14
          text run at (110,0) width 3: " "
        RenderInline {SPAN} at (0,0) size 12x14
          RenderInline (generated) at (0,0) size 12x14
            RenderCounter at (113,0) size 12x14
              text run at (113,0) width 12: "\x{10D8}\x{10D1}"
        RenderText {#text} at (125,0) size 3x14
          text run at (125,0) width 3: " "
        RenderInline {SPAN} at (0,0) size 6x14
          RenderInline (generated) at (0,0) size 6x14
            RenderCounter at (128,0) size 6x14
              text run at (128,0) width 6: "\x{10D9}"
        RenderText {#text} at (134,0) size 3x14
          text run at (134,0) width 3: " "
        RenderInline {SPAN} at (0,0) size 13x14
          RenderInline (generated) at (0,0) size 13x14
            RenderCounter at (137,0) size 13x14
              text run at (137,0) width 13: "\x{10DA}"
        RenderText {#text} at (150,0) size 3x14
          text run at (150,0) width 3: " "
        RenderInline {SPAN} at (0,0) size 6x14
          RenderInline (generated) at (0,0) size 6x14
            RenderCounter at (153,0) size 6x14
              text run at (153,0) width 6: "\x{10DB}"
        RenderText {#text} at (159,0) size 3x14
          text run at (159,0) width 3: " "
        RenderInline {SPAN} at (0,0) size 6x14
          RenderInline (generated) at (0,0) size 6x14
            RenderCounter at (162,0) size 6x14
              text run at (162,0) width 6: "\x{10DC}"
        RenderText {#text} at (168,0) size 3x14
          text run at (168,0) width 3: " "
        RenderInline {SPAN} at (0,0) size 6x14
          RenderInline (generated) at (0,0) size 6x14
            RenderCounter at (171,0) size 6x14
              text run at (171,0) width 6: "\x{10F2}"
        RenderText {#text} at (177,0) size 3x14
          text run at (177,0) width 3: " "
        RenderInline {SPAN} at (0,0) size 9x14
          RenderInline (generated) at (0,0) size 9x14
            RenderCounter at (180,0) size 9x14
              text run at (180,0) width 9: "\x{10DD}"
        RenderText {#text} at (189,0) size 3x14
          text run at (189,0) width 3: " "
        RenderInline {SPAN} at (0,0) size 6x14
          RenderInline (generated) at (0,0) size 6x14
            RenderCounter at (192,0) size 6x14
              text run at (192,0) width 6: "\x{10DE}"
        RenderText {#text} at (198,0) size 3x14
          text run at (198,0) width 3: " "
        RenderInline {SPAN} at (0,0) size 6x14
          RenderInline (generated) at (0,0) size 6x14
            RenderCounter at (201,0) size 6x14
              text run at (201,0) width 6: "\x{10DF}"
        RenderText {#text} at (207,0) size 3x14
          text run at (207,0) width 3: " "
        RenderInline {SPAN} at (0,0) size 10x14
          RenderInline (generated) at (0,0) size 10x14
            RenderCounter at (210,0) size 10x14
              text run at (210,0) width 10: "\x{10E0}"
        RenderText {#text} at (220,0) size 3x14
          text run at (220,0) width 3: " "
        RenderInline {SPAN} at (0,0) size 6x14
          RenderInline (generated) at (0,0) size 6x14
            RenderCounter at (223,0) size 6x14
              text run at (223,0) width 6: "\x{10E1}"
        RenderText {#text} at (229,0) size 3x14
          text run at (229,0) width 3: " "
        RenderInline {SPAN} at (0,0) size 8x14
          RenderInline (generated) at (0,0) size 8x14
            RenderCounter at (232,0) size 8x14
              text run at (232,0) width 8: "\x{10E2}"
        RenderText {#text} at (240,0) size 3x14
          text run at (240,0) width 3: " "
        RenderInline {SPAN} at (0,0) size 6x14
          RenderInline (generated) at (0,0) size 6x14
            RenderCounter at (243,0) size 6x14
              text run at (243,0) width 6: "\x{10F3}"
        RenderText {#text} at (249,0) size 3x14
          text run at (249,0) width 3: " "
        RenderInline {SPAN} at (0,0) size 9x14
          RenderInline (generated) at (0,0) size 9x14
            RenderCounter at (252,0) size 9x14
              text run at (252,0) width 9: "\x{10E4}"
        RenderText {#text} at (261,0) size 3x14
          text run at (261,0) width 3: " "
        RenderInline {SPAN} at (0,0) size 6x14
          RenderInline (generated) at (0,0) size 6x14
            RenderCounter at (264,0) size 6x14
              text run at (264,0) width 6: "\x{10E5}"
        RenderText {#text} at (270,0) size 3x14
          text run at (270,0) width 3: " "
        RenderInline {SPAN} at (0,0) size 9x14
          RenderInline (generated) at (0,0) size 9x14
            RenderCounter at (273,0) size 9x14
              text run at (273,0) width 9: "\x{10E6}"
        RenderText {#text} at (282,0) size 3x14
          text run at (282,0) width 3: " "
        RenderInline {SPAN} at (0,0) size 6x14
          RenderInline (generated) at (0,0) size 6x14
            RenderCounter at (285,0) size 6x14
              text run at (285,0) width 6: "\x{10E7}"
        RenderText {#text} at (291,0) size 3x14
          text run at (291,0) width 3: " "
        RenderInline {SPAN} at (0,0) size 6x14
          RenderInline (generated) at (0,0) size 6x14
            RenderCounter at (294,0) size 6x14
              text run at (294,0) width 6: "\x{10E8}"
        RenderText {#text} at (300,0) size 3x14
          text run at (300,0) width 3: " "
        RenderInline {SPAN} at (0,0) size 6x14
          RenderInline (generated) at (0,0) size 6x14
            RenderCounter at (303,0) size 6x14
              text run at (303,0) width 6: "\x{10E9}"
        RenderText {#text} at (309,0) size 3x14
          text run at (309,0) width 3: " "
        RenderInline {SPAN} at (0,0) size 7x14
          RenderInline (generated) at (0,0) size 7x14
            RenderCounter at (312,0) size 7x14
              text run at (312,0) width 7: "\x{10EA}"
        RenderText {#text} at (319,0) size 3x14
          text run at (319,0) width 3: " "
        RenderInline {SPAN} at (0,0) size 6x14
          RenderInline (generated) at (0,0) size 6x14
            RenderCounter at (322,0) size 6x14
              text run at (322,0) width 6: "\x{10EB}"
        RenderText {#text} at (328,0) size 3x14
          text run at (328,0) width 3: " "
        RenderInline {SPAN} at (0,0) size 6x14
          RenderInline (generated) at (0,0) size 6x14
            RenderCounter at (331,0) size 6x14
              text run at (331,0) width 6: "\x{10EC}"
        RenderText {#text} at (337,0) size 3x14
          text run at (337,0) width 3: " "
        RenderInline {SPAN} at (0,0) size 6x14
          RenderInline (generated) at (0,0) size 6x14
            RenderCounter at (340,0) size 6x14
              text run at (340,0) width 6: "\x{10ED}"
        RenderText {#text} at (346,0) size 3x14
          text run at (346,0) width 3: " "
        RenderInline {SPAN} at (0,0) size 6x14
          RenderInline (generated) at (0,0) size 6x14
            RenderCounter at (349,0) size 6x14
              text run at (349,0) width 6: "\x{10EE}"
        RenderText {#text} at (355,0) size 3x14
          text run at (355,0) width 3: " "
        RenderInline {SPAN} at (0,0) size 6x14
          RenderInline (generated) at (0,0) size 6x14
            RenderCounter at (358,0) size 6x14
              text run at (358,0) width 6: "\x{10F4}"
        RenderText {#text} at (364,0) size 3x14
          text run at (364,0) width 3: " "
        RenderInline {SPAN} at (0,0) size 6x14
          RenderInline (generated) at (0,0) size 6x14
            RenderCounter at (367,0) size 6x14
              text run at (367,0) width 6: "\x{10EF}"
        RenderText {#text} at (373,0) size 3x14
          text run at (373,0) width 3: " "
        RenderInline {SPAN} at (0,0) size 6x14
          RenderInline (generated) at (0,0) size 6x14
            RenderCounter at (376,0) size 6x14
              text run at (376,0) width 6: "\x{10F0}"
        RenderText {#text} at (382,0) size 3x14
          text run at (382,0) width 3: " "
        RenderInline {SPAN} at (0,0) size 7x14
          RenderInline (generated) at (0,0) size 7x14
            RenderCounter at (385,0) size 7x14
              text run at (385,0) width 7: "\x{10F5}"
        RenderText {#text} at (392,0) size 3x14
          text run at (392,0) width 3: " "
        RenderInline {SPAN} at (0,0) size 35x14
          RenderInline (generated) at (0,0) size 35x14
            RenderCounter at (395,0) size 35x14
              text run at (395,0) width 35: "\x{10F5}\x{10F0}\x{10E8}\x{10DF}\x{10D7}"
        RenderText {#text} at (0,0) size 0x0
      RenderBlock {DIV} at (0,40) size 784x14
        RenderText {#text} at (0,0) size 430x14
          text run at (0,0) width 9: "\x{10D0} "
          text run at (9,0) width 9: "\x{10D1} "
          text run at (18,0) width 9: "\x{10D2} "
          text run at (27,0) width 12: "\x{10D3} "
          text run at (39,0) width 9: "\x{10D4} "
          text run at (48,0) width 9: "\x{10D5} "
          text run at (57,0) width 9: "\x{10D6} "
          text run at (66,0) width 10: "\x{10F1} "
          text run at (76,0) width 13: "\x{10D7} "
          text run at (89,0) width 9: "\x{10D8} "
          text run at (98,0) width 15: "\x{10D8}\x{10D0} "
          text run at (113,0) width 15: "\x{10D8}\x{10D1} "
          text run at (128,0) width 9: "\x{10D9} "
          text run at (137,0) width 16: "\x{10DA} "
          text run at (153,0) width 9: "\x{10DB} "
          text run at (162,0) width 9: "\x{10DC} "
          text run at (171,0) width 9: "\x{10F2} "
          text run at (180,0) width 12: "\x{10DD} "
          text run at (192,0) width 9: "\x{10DE} "
          text run at (201,0) width 9: "\x{10DF} "
          text run at (210,0) width 13: "\x{10E0} "
          text run at (223,0) width 9: "\x{10E1} "
          text run at (232,0) width 11: "\x{10E2} "
          text run at (243,0) width 9: "\x{10F3} "
          text run at (252,0) width 12: "\x{10E4} "
          text run at (264,0) width 9: "\x{10E5} "
          text run at (273,0) width 12: "\x{10E6} "
          text run at (285,0) width 9: "\x{10E7} "
          text run at (294,0) width 9: "\x{10E8} "
          text run at (303,0) width 9: "\x{10E9} "
          text run at (312,0) width 10: "\x{10EA} "
          text run at (322,0) width 9: "\x{10EB} "
          text run at (331,0) width 9: "\x{10EC} "
          text run at (340,0) width 9: "\x{10ED} "
          text run at (349,0) width 9: "\x{10EE} "
          text run at (358,0) width 9: "\x{10F4} "
          text run at (367,0) width 9: "\x{10EF} "
          text run at (376,0) width 9: "\x{10F0} "
          text run at (385,0) width 10: "\x{10F5} "
          text run at (395,0) width 35: "\x{10F5}\x{10F0}\x{10E8}\x{10DF}\x{10D7}"
