layer at (0,0) size 800x600
  RenderView at (0,0) size 800x600
layer at (0,0) size 800x74
  RenderBlock {HTML} at (0,0) size 800x74
    RenderBody {BODY} at (8,12) size 784x54
      RenderBlock {P} at (0,0) size 784x14
        RenderText {#text} at (0,0) size 219x14
          text run at (0,0) width 219: "The following two lines should look the same:"
      RenderBlock {DIV} at (0,26) size 784x14
        RenderInline {SPAN} at (0,0) size 27x14
          RenderInline (generated) at (0,0) size 27x14
            RenderCounter at (0,0) size 27x14
              text run at (0,0) width 27: "01.01"
        RenderText {#text} at (27,0) size 3x14
          text run at (27,0) width 3: " "
        RenderInline {SPAN} at (0,0) size 27x14
          RenderInline (generated) at (0,0) size 27x14
            RenderCounter at (30,0) size 27x14
              text run at (30,0) width 27: "01.02"
        RenderText {#text} at (57,0) size 3x14
          text run at (57,0) width 3: " "
        RenderInline {SPAN} at (0,0) size 27x14
          RenderInline (generated) at (0,0) size 27x14
            RenderCounter at (60,0) size 27x14
              text run at (60,0) width 27: "01.03"
        RenderText {#text} at (87,0) size 3x14
          text run at (87,0) width 3: " "
        RenderInline {SPAN} at (0,0) size 27x14
          RenderInline (generated) at (0,0) size 27x14
            RenderCounter at (90,0) size 27x14
              text run at (90,0) width 27: "01.04"
        RenderText {#text} at (117,0) size 3x14
          text run at (117,0) width 3: " "
        RenderInline {SPAN} at (0,0) size 27x14
          RenderInline (generated) at (0,0) size 27x14
            RenderCounter at (120,0) size 27x14
              text run at (120,0) width 27: "01.05"
        RenderText {#text} at (147,0) size 3x14
          text run at (147,0) width 3: " "
        RenderInline {SPAN} at (0,0) size 27x14
          RenderInline (generated) at (0,0) size 27x14
            RenderCounter at (150,0) size 27x14
              text run at (150,0) width 27: "01.06"
        RenderText {#text} at (177,0) size 3x14
          text run at (177,0) width 3: " "
        RenderInline {SPAN} at (0,0) size 27x14
          RenderInline (generated) at (0,0) size 27x14
            RenderCounter at (180,0) size 27x14
              text run at (180,0) width 27: "01.07"
        RenderText {#text} at (207,0) size 3x14
          text run at (207,0) width 3: " "
        RenderInline {SPAN} at (0,0) size 27x14
          RenderInline (generated) at (0,0) size 27x14
            RenderCounter at (210,0) size 27x14
              text run at (210,0) width 27: "01.08"
        RenderText {#text} at (237,0) size 3x14
          text run at (237,0) width 3: " "
        RenderInline {SPAN} at (0,0) size 27x14
          RenderInline (generated) at (0,0) size 27x14
            RenderCounter at (240,0) size 27x14
              text run at (240,0) width 27: "01.09"
        RenderText {#text} at (267,0) size 3x14
          text run at (267,0) width 3: " "
        RenderInline {SPAN} at (0,0) size 27x14
          RenderInline (generated) at (0,0) size 27x14
            RenderCounter at (270,0) size 27x14
              text run at (270,0) width 27: "01.10"
        RenderText {#text} at (297,0) size 3x14
          text run at (297,0) width 3: " "
        RenderInline {SPAN} at (0,0) size 27x14
          RenderInline (generated) at (0,0) size 27x14
            RenderCounter at (300,0) size 27x14
              text run at (300,0) width 27: "01.11"
        RenderText {#text} at (327,0) size 3x14
          text run at (327,0) width 3: " "
        RenderInline {SPAN} at (0,0) size 27x14
          RenderInline (generated) at (0,0) size 27x14
            RenderCounter at (330,0) size 27x14
              text run at (330,0) width 27: "01.12"
        RenderText {#text} at (357,0) size 3x14
          text run at (357,0) width 3: " "
        RenderInline {SPAN} at (0,0) size 27x14
          RenderInline (generated) at (0,0) size 27x14
            RenderCounter at (360,0) size 27x14
              text run at (360,0) width 27: "01.99"
        RenderText {#text} at (387,0) size 3x14
          text run at (387,0) width 3: " "
        RenderInline {SPAN} at (0,0) size 33x14
          RenderInline (generated) at (0,0) size 33x14
            RenderCounter at (390,0) size 33x14
              text run at (390,0) width 33: "01.100"
        RenderText {#text} at (423,0) size 3x14
          text run at (423,0) width 3: " "
        RenderInline {SPAN} at (0,0) size 33x14
          RenderInline (generated) at (0,0) size 33x14
            RenderCounter at (426,0) size 33x14
              text run at (426,0) width 33: "01.101"
        RenderText {#text} at (0,0) size 0x0
      RenderBlock {DIV} at (0,40) size 784x14
        RenderText {#text} at (0,0) size 459x14
          text run at (0,0) width 30: "01.01 "
          text run at (30,0) width 30: "01.02 "
          text run at (60,0) width 30: "01.03 "
          text run at (90,0) width 30: "01.04 "
          text run at (120,0) width 30: "01.05 "
          text run at (150,0) width 30: "01.06 "
          text run at (180,0) width 30: "01.07 "
          text run at (210,0) width 30: "01.08 "
          text run at (240,0) width 30: "01.09 "
          text run at (270,0) width 30: "01.10 "
          text run at (300,0) width 30: "01.11 "
          text run at (330,0) width 30: "01.12 "
          text run at (360,0) width 30: "01.99 "
          text run at (390,0) width 36: "01.100 "
          text run at (426,0) width 33: "01.101"
