layer at (0,0) size 800x600
  RenderView at (0,0) size 800x600
layer at (0,0) size 800x74
  RenderBlock {HTML} at (0,0) size 800x74
    RenderBody {BODY} at (8,12) size 784x54
      RenderBlock {P} at (0,0) size 784x14
        RenderText {#text} at (0,0) size 219x14
          text run at (0,0) width 219: "The following two lines should look the same:"
      RenderBlock {DIV} at (0,26) size 784x14
        RenderInline {SPAN} at (0,0) size 5x14
          RenderInline (generated) at (0,0) size 5x14
            RenderCounter at (0,0) size 5x14
              text run at (0,0) width 5: "a"
        RenderText {#text} at (5,0) size 3x14
          text run at (5,0) width 3: " "
        RenderInline {SPAN} at (0,0) size 6x14
          RenderInline (generated) at (0,0) size 6x14
            RenderCounter at (8,0) size 6x14
              text run at (8,0) width 6: "b"
        RenderText {#text} at (14,0) size 3x14
          text run at (14,0) width 3: " "
        RenderInline {SPAN} at (0,0) size 5x14
          RenderInline (generated) at (0,0) size 5x14
            RenderCounter at (17,0) size 5x14
              text run at (17,0) width 5: "c"
        RenderText {#text} at (22,0) size 3x14
          text run at (22,0) width 3: " "
        RenderInline {SPAN} at (0,0) size 6x14
          RenderInline (generated) at (0,0) size 6x14
            RenderCounter at (25,0) size 6x14
              text run at (25,0) width 6: "d"
        RenderText {#text} at (31,0) size 3x14
          text run at (31,0) width 3: " "
        RenderInline {SPAN} at (0,0) size 5x14
          RenderInline (generated) at (0,0) size 5x14
            RenderCounter at (34,0) size 5x14
              text run at (34,0) width 5: "e"
        RenderText {#text} at (39,0) size 3x14
          text run at (39,0) width 3: " "
        RenderInline {SPAN} at (0,0) size 4x14
          RenderInline (generated) at (0,0) size 4x14
            RenderCounter at (42,0) size 4x14
              text run at (42,0) width 4: "f"
        RenderText {#text} at (46,0) size 3x14
          text run at (46,0) width 3: " "
        RenderInline {SPAN} at (0,0) size 6x14
          RenderInline (generated) at (0,0) size 6x14
            RenderCounter at (49,0) size 6x14
              text run at (49,0) width 6: "g"
        RenderText {#text} at (55,0) size 3x14
          text run at (55,0) width 3: " "
        RenderInline {SPAN} at (0,0) size 6x14
          RenderInline (generated) at (0,0) size 6x14
            RenderCounter at (58,0) size 6x14
              text run at (58,0) width 6: "h"
        RenderText {#text} at (64,0) size 3x14
          text run at (64,0) width 3: " "
        RenderInline {SPAN} at (0,0) size 3x14
          RenderInline (generated) at (0,0) size 3x14
            RenderCounter at (67,0) size 3x14
              text run at (67,0) width 3: "i"
        RenderText {#text} at (70,0) size 3x14
          text run at (70,0) width 3: " "
        RenderInline {SPAN} at (0,0) size 3x14
          RenderInline (generated) at (0,0) size 3x14
            RenderCounter at (73,0) size 3x14
              text run at (73,0) width 3: "j"
        RenderText {#text} at (76,0) size 3x14
          text run at (76,0) width 3: " "
        RenderInline {SPAN} at (0,0) size 6x14
          RenderInline (generated) at (0,0) size 6x14
            RenderCounter at (79,0) size 6x14
              text run at (79,0) width 6: "k"
        RenderText {#text} at (85,0) size 3x14
          text run at (85,0) width 3: " "
        RenderInline {SPAN} at (0,0) size 3x14
          RenderInline (generated) at (0,0) size 3x14
            RenderCounter at (88,0) size 3x14
              text run at (88,0) width 3: "l"
        RenderText {#text} at (0,0) size 0x0
      RenderBlock {DIV} at (0,40) size 784x14
        RenderText {#text} at (0,0) size 91x14
          text run at (0,0) width 8: "a "
          text run at (8,0) width 9: "b "
          text run at (17,0) width 8: "c "
          text run at (25,0) width 9: "d "
          text run at (34,0) width 8: "e "
          text run at (42,0) width 7: "f "
          text run at (49,0) width 9: "g "
          text run at (58,0) width 9: "h "
          text run at (67,0) width 6: "i "
          text run at (73,0) width 6: "j "
          text run at (79,0) width 9: "k "
          text run at (88,0) width 3: "l"
