layer at (0,0) size 800x600
  RenderView at (0,0) size 800x600
layer at (0,0) size 800x74
  RenderBlock {HTML} at (0,0) size 800x74
    RenderBody {BODY} at (8,12) size 784x54
      RenderBlock {P} at (0,0) size 784x14
        RenderText {#text} at (0,0) size 161x14
          text run at (0,0) width 161: "The following should be identical:"
      RenderBlock {DIV} at (0,26) size 784x14
        RenderInline {SPAN} at (0,0) size 6x14
          RenderInline (generated) at (0,0) size 6x14
            RenderCounter at (0,0) size 6x14
              text run at (0,0) width 6: "0"
        RenderInline {SPAN} at (0,0) size 6x14
          RenderInline (generated) at (0,0) size 6x14
            RenderCounter at (6,0) size 6x14
              text run at (6,0) width 6: "0"
      RenderBlock {DIV} at (0,40) size 784x14
        RenderText {#text} at (0,0) size 12x14
          text run at (0,0) width 12: "00"
