layer at (0,0) size 800x600
  RenderView at (0,0) size 800x600
layer at (0,0) size 800x74
  RenderBlock {HTML} at (0,0) size 800x74
    RenderBody {BODY} at (8,12) size 784x54
      RenderBlock {P} at (0,0) size 784x14
        RenderText {#text} at (0,0) size 219x14
          text run at (0,0) width 219: "The following two lines should look the same:"
      RenderBlock {DIV} at (0,26) size 784x14
        RenderInline {SPAN} at (0,0) size 13x14
          RenderInline (generated) at (0,0) size 13x14
            RenderCounter at (0,0) size 13x14
              text run at (0,0) width 13: "a.a"
        RenderText {#text} at (13,0) size 3x14
          text run at (13,0) width 3: " "
        RenderInline {SPAN} at (0,0) size 14x14
          RenderInline (generated) at (0,0) size 14x14
            RenderCounter at (16,0) size 14x14
              text run at (16,0) width 14: "a.b"
        RenderText {#text} at (30,0) size 3x14
          text run at (30,0) width 3: " "
        RenderInline {SPAN} at (0,0) size 13x14
          RenderInline (generated) at (0,0) size 13x14
            RenderCounter at (33,0) size 13x14
              text run at (33,0) width 13: "a.c"
        RenderText {#text} at (46,0) size 3x14
          text run at (46,0) width 3: " "
        RenderInline {SPAN} at (0,0) size 14x14
          RenderInline (generated) at (0,0) size 14x14
            RenderCounter at (49,0) size 14x14
              text run at (49,0) width 14: "a.d"
        RenderText {#text} at (63,0) size 3x14
          text run at (63,0) width 3: " "
        RenderInline {SPAN} at (0,0) size 13x14
          RenderInline (generated) at (0,0) size 13x14
            RenderCounter at (66,0) size 13x14
              text run at (66,0) width 13: "a.e"
        RenderText {#text} at (79,0) size 3x14
          text run at (79,0) width 3: " "
        RenderInline {SPAN} at (0,0) size 12x14
          RenderInline (generated) at (0,0) size 12x14
            RenderCounter at (82,0) size 12x14
              text run at (82,0) width 12: "a.f"
        RenderText {#text} at (94,0) size 3x14
          text run at (94,0) width 3: " "
        RenderInline {SPAN} at (0,0) size 14x14
          RenderInline (generated) at (0,0) size 14x14
            RenderCounter at (97,0) size 14x14
              text run at (97,0) width 14: "a.g"
        RenderText {#text} at (111,0) size 3x14
          text run at (111,0) width 3: " "
        RenderInline {SPAN} at (0,0) size 14x14
          RenderInline (generated) at (0,0) size 14x14
            RenderCounter at (114,0) size 14x14
              text run at (114,0) width 14: "a.h"
        RenderText {#text} at (128,0) size 3x14
          text run at (128,0) width 3: " "
        RenderInline {SPAN} at (0,0) size 11x14
          RenderInline (generated) at (0,0) size 11x14
            RenderCounter at (131,0) size 11x14
              text run at (131,0) width 11: "a.i"
        RenderText {#text} at (142,0) size 3x14
          text run at (142,0) width 3: " "
        RenderInline {SPAN} at (0,0) size 11x14
          RenderInline (generated) at (0,0) size 11x14
            RenderCounter at (145,0) size 11x14
              text run at (145,0) width 11: "a.j"
        RenderText {#text} at (156,0) size 3x14
          text run at (156,0) width 3: " "
        RenderInline {SPAN} at (0,0) size 14x14
          RenderInline (generated) at (0,0) size 14x14
            RenderCounter at (159,0) size 14x14
              text run at (159,0) width 14: "a.k"
        RenderText {#text} at (173,0) size 3x14
          text run at (173,0) width 3: " "
        RenderInline {SPAN} at (0,0) size 11x14
          RenderInline (generated) at (0,0) size 11x14
            RenderCounter at (176,0) size 11x14
              text run at (176,0) width 11: "a.l"
        RenderText {#text} at (0,0) size 0x0
      RenderBlock {DIV} at (0,40) size 784x14
        RenderText {#text} at (0,0) size 187x14
          text run at (0,0) width 16: "a.a "
          text run at (16,0) width 17: "a.b "
          text run at (33,0) width 16: "a.c "
          text run at (49,0) width 17: "a.d "
          text run at (66,0) width 16: "a.e "
          text run at (82,0) width 15: "a.f "
          text run at (97,0) width 17: "a.g "
          text run at (114,0) width 17: "a.h "
          text run at (131,0) width 14: "a.i "
          text run at (145,0) width 14: "a.j "
          text run at (159,0) width 17: "a.k "
          text run at (176,0) width 11: "a.l"
