layer at (0,0) size 800x600
  RenderView at (0,0) size 800x600
layer at (0,0) size 800x64
  RenderBlock {HTML} at (0,0) size 800x64 [bgcolor=#800080]
    RenderBody {BODY} at (25,25) size 750x14 [color=#FFFFFF] [bgcolor=#000080]
      RenderBlock {P} at (0,0) size 750x14
        RenderText {#text} at (0,0) size 498x14
          text run at (0,0) width 283: "This paragraph should be in a blue block near the top of the "
          text run at (283,0) width 215: "page. Around it on all sides should be purple."
