layer at (0,0) size 800x600
  RenderView at (0,0) size 800x600
layer at (0,0) size 800x122
  RenderBlock {HTML} at (0,0) size 800x122
    RenderBody {BODY} at (8,12) size 784x102
      RenderBlock {P} at (0,0) size 784x14
        RenderText {#text} at (0,0) size 177x14
          text run at (0,0) width 177: "There should be a green block below."
      RenderBlock {DIV} at (0,26) size 160x76 [color=#008000] [bgcolor=#FF0000] [border: (3px solid #000000)]
        RenderBlock {DIV} at (3,3) size 154x70
          RenderText {#text} at (0,0) size 154x70
            text run at (0,0) width 154: "  r  r  r  "
            text run at (0,14) width 154: "rr rr rr rr"
            text run at (0,28) width 154: "  r  r  r  "
            text run at (0,42) width 154: "  r  r  r  "
            text run at (0,56) width 154: "rr rr rr rr"
