layer at (0,0) size 800x2280
  RenderView at (0,0) size 800x600
layer at (0,0) size 800x2280
  RenderBlock {HTML} at (0,0) size 800x2280
    RenderBody {BODY} at (8,8) size 784x2264
      RenderBlock {DIV} at (0,0) size 784x14 [color=#C0C0C0]
        RenderText {#text} at (0,0) size 62x14
          text run at (0,0) width 62: "Dummy text."
      RenderBlock {DIV} at (0,14) size 784x14 [color=#C0C0C0]
        RenderText {#text} at (0,0) size 62x14
          text run at (0,0) width 62: "Dummy text."
      RenderBlock {DIV} at (0,28) size 784x14 [color=#C0C0C0]
        RenderText {#text} at (0,0) size 62x14
          text run at (0,0) width 62: "Dummy text."
      RenderBlock {P} at (0,54) size 784x14
        RenderText {#text} at (0,0) size 462x14
          text run at (0,0) width 297: "Scroll this document. A line of blue should remain stuck at the "
          text run at (297,0) width 165: "top of the viewport the whole time."
      RenderBlock {DIV} at (0,80) size 784x14 [color=#C0C0C0]
        RenderText {#text} at (0,0) size 62x14
          text run at (0,0) width 62: "Dummy text."
      RenderBlock {DIV} at (0,94) size 784x14 [color=#C0C0C0]
        RenderText {#text} at (0,0) size 62x14
          text run at (0,0) width 62: "Dummy text."
      RenderBlock {DIV} at (0,108) size 784x14 [color=#C0C0C0]
        RenderText {#text} at (0,0) size 62x14
          text run at (0,0) width 62: "Dummy text."
      RenderBlock {DIV} at (0,122) size 784x14 [color=#C0C0C0]
        RenderText {#text} at (0,0) size 62x14
          text run at (0,0) width 62: "Dummy text."
      RenderBlock {DIV} at (0,136) size 784x14 [color=#C0C0C0]
        RenderText {#text} at (0,0) size 62x14
          text run at (0,0) width 62: "Dummy text."
      RenderBlock {DIV} at (0,150) size 784x14 [color=#C0C0C0]
        RenderText {#text} at (0,0) size 62x14
          text run at (0,0) width 62: "Dummy text."
      RenderBlock {DIV} at (0,164) size 784x14 [color=#C0C0C0]
        RenderText {#text} at (0,0) size 62x14
          text run at (0,0) width 62: "Dummy text."
      RenderBlock {DIV} at (0,178) size 784x14 [color=#C0C0C0]
        RenderText {#text} at (0,0) size 62x14
          text run at (0,0) width 62: "Dummy text."
      RenderBlock {DIV} at (0,192) size 784x14 [color=#C0C0C0]
        RenderText {#text} at (0,0) size 62x14
          text run at (0,0) width 62: "Dummy text."
      RenderBlock {DIV} at (0,206) size 784x14 [color=#C0C0C0]
        RenderText {#text} at (0,0) size 62x14
          text run at (0,0) width 62: "Dummy text."
      RenderBlock {DIV} at (0,220) size 784x14 [color=#C0C0C0]
        RenderText {#text} at (0,0) size 62x14
          text run at (0,0) width 62: "Dummy text."
      RenderBlock {DIV} at (0,234) size 784x14 [color=#C0C0C0]
        RenderText {#text} at (0,0) size 62x14
          text run at (0,0) width 62: "Dummy text."
      RenderBlock {DIV} at (0,248) size 784x14 [color=#C0C0C0]
        RenderText {#text} at (0,0) size 62x14
          text run at (0,0) width 62: "Dummy text."
      RenderBlock {DIV} at (0,262) size 784x14 [color=#C0C0C0]
        RenderText {#text} at (0,0) size 62x14
          text run at (0,0) width 62: "Dummy text."
      RenderBlock {DIV} at (0,276) size 784x14 [color=#C0C0C0]
        RenderText {#text} at (0,0) size 62x14
          text run at (0,0) width 62: "Dummy text."
      RenderBlock {DIV} at (0,290) size 784x14 [color=#C0C0C0]
        RenderText {#text} at (0,0) size 62x14
          text run at (0,0) width 62: "Dummy text."
      RenderBlock {DIV} at (0,304) size 784x14 [color=#C0C0C0]
        RenderText {#text} at (0,0) size 62x14
          text run at (0,0) width 62: "Dummy text."
      RenderBlock {DIV} at (0,318) size 784x14 [color=#C0C0C0]
        RenderText {#text} at (0,0) size 62x14
          text run at (0,0) width 62: "Dummy text."
      RenderBlock {DIV} at (0,332) size 784x14 [color=#C0C0C0]
        RenderText {#text} at (0,0) size 62x14
          text run at (0,0) width 62: "Dummy text."
      RenderBlock {DIV} at (0,346) size 784x14 [color=#C0C0C0]
        RenderText {#text} at (0,0) size 62x14
          text run at (0,0) width 62: "Dummy text."
      RenderBlock {DIV} at (0,360) size 784x14 [color=#C0C0C0]
        RenderText {#text} at (0,0) size 62x14
          text run at (0,0) width 62: "Dummy text."
      RenderBlock {DIV} at (0,374) size 784x14 [color=#C0C0C0]
        RenderText {#text} at (0,0) size 62x14
          text run at (0,0) width 62: "Dummy text."
      RenderBlock {DIV} at (0,388) size 784x14 [color=#C0C0C0]
        RenderText {#text} at (0,0) size 62x14
          text run at (0,0) width 62: "Dummy text."
      RenderBlock {DIV} at (0,402) size 784x14 [color=#C0C0C0]
        RenderText {#text} at (0,0) size 62x14
          text run at (0,0) width 62: "Dummy text."
      RenderBlock {DIV} at (0,416) size 784x14 [color=#C0C0C0]
        RenderText {#text} at (0,0) size 62x14
          text run at (0,0) width 62: "Dummy text."
      RenderBlock {DIV} at (0,430) size 784x14 [color=#C0C0C0]
        RenderText {#text} at (0,0) size 62x14
          text run at (0,0) width 62: "Dummy text."
      RenderBlock {DIV} at (0,444) size 784x14 [color=#C0C0C0]
        RenderText {#text} at (0,0) size 62x14
          text run at (0,0) width 62: "Dummy text."
      RenderBlock {DIV} at (0,458) size 784x14 [color=#C0C0C0]
        RenderText {#text} at (0,0) size 62x14
          text run at (0,0) width 62: "Dummy text."
      RenderBlock {DIV} at (0,472) size 784x14 [color=#C0C0C0]
        RenderText {#text} at (0,0) size 62x14
          text run at (0,0) width 62: "Dummy text."
      RenderBlock {DIV} at (0,486) size 784x14 [color=#C0C0C0]
        RenderText {#text} at (0,0) size 62x14
          text run at (0,0) width 62: "Dummy text."
      RenderBlock {DIV} at (0,500) size 784x14 [color=#C0C0C0]
        RenderText {#text} at (0,0) size 62x14
          text run at (0,0) width 62: "Dummy text."
      RenderBlock {DIV} at (0,514) size 784x14 [color=#C0C0C0]
        RenderText {#text} at (0,0) size 62x14
          text run at (0,0) width 62: "Dummy text."
      RenderBlock {DIV} at (0,528) size 784x14 [color=#C0C0C0]
        RenderText {#text} at (0,0) size 62x14
          text run at (0,0) width 62: "Dummy text."
      RenderBlock {DIV} at (0,542) size 784x14 [color=#C0C0C0]
        RenderText {#text} at (0,0) size 62x14
          text run at (0,0) width 62: "Dummy text."
      RenderBlock {DIV} at (0,556) size 784x14 [color=#C0C0C0]
        RenderText {#text} at (0,0) size 62x14
          text run at (0,0) width 62: "Dummy text."
      RenderBlock {DIV} at (0,570) size 784x14 [color=#C0C0C0]
        RenderText {#text} at (0,0) size 62x14
          text run at (0,0) width 62: "Dummy text."
      RenderBlock {DIV} at (0,584) size 784x14 [color=#C0C0C0]
        RenderText {#text} at (0,0) size 62x14
          text run at (0,0) width 62: "Dummy text."
      RenderBlock {DIV} at (0,598) size 784x14 [color=#C0C0C0]
        RenderText {#text} at (0,0) size 62x14
          text run at (0,0) width 62: "Dummy text."
      RenderBlock {DIV} at (0,612) size 784x14 [color=#C0C0C0]
        RenderText {#text} at (0,0) size 62x14
          text run at (0,0) width 62: "Dummy text."
      RenderBlock {DIV} at (0,626) size 784x14 [color=#C0C0C0]
        RenderText {#text} at (0,0) size 62x14
          text run at (0,0) width 62: "Dummy text."
      RenderBlock {DIV} at (0,640) size 784x14 [color=#C0C0C0]
        RenderText {#text} at (0,0) size 62x14
          text run at (0,0) width 62: "Dummy text."
      RenderBlock {DIV} at (0,654) size 784x14 [color=#C0C0C0]
        RenderText {#text} at (0,0) size 62x14
          text run at (0,0) width 62: "Dummy text."
      RenderBlock {DIV} at (0,668) size 784x14 [color=#C0C0C0]
        RenderText {#text} at (0,0) size 62x14
          text run at (0,0) width 62: "Dummy text."
      RenderBlock {DIV} at (0,682) size 784x14 [color=#C0C0C0]
        RenderText {#text} at (0,0) size 62x14
          text run at (0,0) width 62: "Dummy text."
      RenderBlock {DIV} at (0,696) size 784x14 [color=#C0C0C0]
        RenderText {#text} at (0,0) size 62x14
          text run at (0,0) width 62: "Dummy text."
      RenderBlock {DIV} at (0,710) size 784x14 [color=#C0C0C0]
        RenderText {#text} at (0,0) size 62x14
          text run at (0,0) width 62: "Dummy text."
      RenderBlock {DIV} at (0,724) size 784x14 [color=#C0C0C0]
        RenderText {#text} at (0,0) size 62x14
          text run at (0,0) width 62: "Dummy text."
      RenderBlock {DIV} at (0,738) size 784x14 [color=#C0C0C0]
        RenderText {#text} at (0,0) size 62x14
          text run at (0,0) width 62: "Dummy text."
      RenderBlock {DIV} at (0,752) size 784x14 [color=#C0C0C0]
        RenderText {#text} at (0,0) size 62x14
          text run at (0,0) width 62: "Dummy text."
      RenderBlock {DIV} at (0,766) size 784x14 [color=#C0C0C0]
        RenderText {#text} at (0,0) size 62x14
          text run at (0,0) width 62: "Dummy text."
      RenderBlock {DIV} at (0,780) size 784x14 [color=#C0C0C0]
        RenderText {#text} at (0,0) size 62x14
          text run at (0,0) width 62: "Dummy text."
      RenderBlock {DIV} at (0,794) size 784x14 [color=#C0C0C0]
        RenderText {#text} at (0,0) size 62x14
          text run at (0,0) width 62: "Dummy text."
      RenderBlock {DIV} at (0,808) size 784x14 [color=#C0C0C0]
        RenderText {#text} at (0,0) size 62x14
          text run at (0,0) width 62: "Dummy text."
      RenderBlock {DIV} at (0,822) size 784x14 [color=#C0C0C0]
        RenderText {#text} at (0,0) size 62x14
          text run at (0,0) width 62: "Dummy text."
      RenderBlock {DIV} at (0,836) size 784x14 [color=#C0C0C0]
        RenderText {#text} at (0,0) size 62x14
          text run at (0,0) width 62: "Dummy text."
      RenderBlock {DIV} at (0,850) size 784x14 [color=#C0C0C0]
        RenderText {#text} at (0,0) size 62x14
          text run at (0,0) width 62: "Dummy text."
      RenderBlock {DIV} at (0,864) size 784x14 [color=#C0C0C0]
        RenderText {#text} at (0,0) size 62x14
          text run at (0,0) width 62: "Dummy text."
      RenderBlock {DIV} at (0,878) size 784x14 [color=#C0C0C0]
        RenderText {#text} at (0,0) size 62x14
          text run at (0,0) width 62: "Dummy text."
      RenderBlock {DIV} at (0,892) size 784x14 [color=#C0C0C0]
        RenderText {#text} at (0,0) size 62x14
          text run at (0,0) width 62: "Dummy text."
      RenderBlock {DIV} at (0,906) size 784x14 [color=#C0C0C0]
        RenderText {#text} at (0,0) size 62x14
          text run at (0,0) width 62: "Dummy text."
      RenderBlock {DIV} at (0,920) size 784x14 [color=#C0C0C0]
        RenderText {#text} at (0,0) size 62x14
          text run at (0,0) width 62: "Dummy text."
      RenderBlock {DIV} at (0,934) size 784x14 [color=#C0C0C0]
        RenderText {#text} at (0,0) size 62x14
          text run at (0,0) width 62: "Dummy text."
      RenderBlock {DIV} at (0,948) size 784x14 [color=#C0C0C0]
        RenderText {#text} at (0,0) size 62x14
          text run at (0,0) width 62: "Dummy text."
      RenderBlock {DIV} at (0,962) size 784x14 [color=#C0C0C0]
        RenderText {#text} at (0,0) size 62x14
          text run at (0,0) width 62: "Dummy text."
      RenderBlock {DIV} at (0,976) size 784x14 [color=#C0C0C0]
        RenderText {#text} at (0,0) size 62x14
          text run at (0,0) width 62: "Dummy text."
      RenderBlock {DIV} at (0,990) size 784x14 [color=#C0C0C0]
        RenderText {#text} at (0,0) size 62x14
          text run at (0,0) width 62: "Dummy text."
      RenderBlock {DIV} at (0,1004) size 784x14 [color=#C0C0C0]
        RenderText {#text} at (0,0) size 62x14
          text run at (0,0) width 62: "Dummy text."
      RenderBlock {DIV} at (0,1018) size 784x14 [color=#C0C0C0]
        RenderText {#text} at (0,0) size 62x14
          text run at (0,0) width 62: "Dummy text."
      RenderBlock {DIV} at (0,1032) size 784x14 [color=#C0C0C0]
        RenderText {#text} at (0,0) size 62x14
          text run at (0,0) width 62: "Dummy text."
      RenderBlock {DIV} at (0,1046) size 784x14 [color=#C0C0C0]
        RenderText {#text} at (0,0) size 62x14
          text run at (0,0) width 62: "Dummy text."
      RenderBlock {DIV} at (0,1060) size 784x14 [color=#C0C0C0]
        RenderText {#text} at (0,0) size 62x14
          text run at (0,0) width 62: "Dummy text."
      RenderBlock {DIV} at (0,1074) size 784x14 [color=#C0C0C0]
        RenderText {#text} at (0,0) size 62x14
          text run at (0,0) width 62: "Dummy text."
      RenderBlock {DIV} at (0,1088) size 784x14 [color=#C0C0C0]
        RenderText {#text} at (0,0) size 62x14
          text run at (0,0) width 62: "Dummy text."
      RenderBlock {DIV} at (0,1102) size 784x14 [color=#C0C0C0]
        RenderText {#text} at (0,0) size 62x14
          text run at (0,0) width 62: "Dummy text."
      RenderBlock {DIV} at (0,1116) size 784x14 [color=#C0C0C0]
        RenderText {#text} at (0,0) size 62x14
          text run at (0,0) width 62: "Dummy text."
      RenderBlock {DIV} at (0,1130) size 784x14 [color=#C0C0C0]
        RenderText {#text} at (0,0) size 62x14
          text run at (0,0) width 62: "Dummy text."
      RenderBlock {DIV} at (0,1144) size 784x14 [color=#C0C0C0]
        RenderText {#text} at (0,0) size 62x14
          text run at (0,0) width 62: "Dummy text."
      RenderBlock {DIV} at (0,1158) size 784x14 [color=#C0C0C0]
        RenderText {#text} at (0,0) size 62x14
          text run at (0,0) width 62: "Dummy text."
      RenderBlock {DIV} at (0,1172) size 784x14 [color=#C0C0C0]
        RenderText {#text} at (0,0) size 62x14
          text run at (0,0) width 62: "Dummy text."
      RenderBlock {DIV} at (0,1186) size 784x14 [color=#C0C0C0]
        RenderText {#text} at (0,0) size 62x14
          text run at (0,0) width 62: "Dummy text."
      RenderBlock {DIV} at (0,1200) size 784x14 [color=#C0C0C0]
        RenderText {#text} at (0,0) size 62x14
          text run at (0,0) width 62: "Dummy text."
      RenderBlock {DIV} at (0,1214) size 784x14 [color=#C0C0C0]
        RenderText {#text} at (0,0) size 62x14
          text run at (0,0) width 62: "Dummy text."
      RenderBlock {DIV} at (0,1228) size 784x14 [color=#C0C0C0]
        RenderText {#text} at (0,0) size 62x14
          text run at (0,0) width 62: "Dummy text."
      RenderBlock {DIV} at (0,1242) size 784x14 [color=#C0C0C0]
        RenderText {#text} at (0,0) size 62x14
          text run at (0,0) width 62: "Dummy text."
      RenderBlock {DIV} at (0,1256) size 784x14 [color=#C0C0C0]
        RenderText {#text} at (0,0) size 62x14
          text run at (0,0) width 62: "Dummy text."
      RenderBlock {DIV} at (0,1270) size 784x14 [color=#C0C0C0]
        RenderText {#text} at (0,0) size 62x14
          text run at (0,0) width 62: "Dummy text."
      RenderBlock {DIV} at (0,1284) size 784x14 [color=#C0C0C0]
        RenderText {#text} at (0,0) size 62x14
          text run at (0,0) width 62: "Dummy text."
      RenderBlock {DIV} at (0,1298) size 784x14 [color=#C0C0C0]
        RenderText {#text} at (0,0) size 62x14
          text run at (0,0) width 62: "Dummy text."
      RenderBlock {DIV} at (0,1312) size 784x14 [color=#C0C0C0]
        RenderText {#text} at (0,0) size 62x14
          text run at (0,0) width 62: "Dummy text."
      RenderBlock {DIV} at (0,1326) size 784x14 [color=#C0C0C0]
        RenderText {#text} at (0,0) size 62x14
          text run at (0,0) width 62: "Dummy text."
      RenderBlock {DIV} at (0,1340) size 784x14 [color=#C0C0C0]
        RenderText {#text} at (0,0) size 62x14
          text run at (0,0) width 62: "Dummy text."
      RenderBlock {DIV} at (0,1354) size 784x14 [color=#C0C0C0]
        RenderText {#text} at (0,0) size 62x14
          text run at (0,0) width 62: "Dummy text."
      RenderBlock {DIV} at (0,1368) size 784x14 [color=#C0C0C0]
        RenderText {#text} at (0,0) size 62x14
          text run at (0,0) width 62: "Dummy text."
      RenderBlock {DIV} at (0,1382) size 784x14 [color=#C0C0C0]
        RenderText {#text} at (0,0) size 62x14
          text run at (0,0) width 62: "Dummy text."
      RenderBlock {DIV} at (0,1396) size 784x14 [color=#C0C0C0]
        RenderText {#text} at (0,0) size 62x14
          text run at (0,0) width 62: "Dummy text."
      RenderBlock {DIV} at (0,1410) size 784x14 [color=#C0C0C0]
        RenderText {#text} at (0,0) size 62x14
          text run at (0,0) width 62: "Dummy text."
      RenderBlock {DIV} at (0,1424) size 784x14 [color=#C0C0C0]
        RenderText {#text} at (0,0) size 62x14
          text run at (0,0) width 62: "Dummy text."
      RenderBlock {DIV} at (0,1438) size 784x14 [color=#C0C0C0]
        RenderText {#text} at (0,0) size 62x14
          text run at (0,0) width 62: "Dummy text."
      RenderBlock {DIV} at (0,1452) size 784x14 [color=#C0C0C0]
        RenderText {#text} at (0,0) size 62x14
          text run at (0,0) width 62: "Dummy text."
      RenderBlock {DIV} at (0,1466) size 784x14 [color=#C0C0C0]
        RenderText {#text} at (0,0) size 62x14
          text run at (0,0) width 62: "Dummy text."
      RenderBlock {DIV} at (0,1480) size 784x14 [color=#C0C0C0]
        RenderText {#text} at (0,0) size 62x14
          text run at (0,0) width 62: "Dummy text."
      RenderBlock {DIV} at (0,1494) size 784x14 [color=#C0C0C0]
        RenderText {#text} at (0,0) size 62x14
          text run at (0,0) width 62: "Dummy text."
      RenderBlock {DIV} at (0,1508) size 784x14 [color=#C0C0C0]
        RenderText {#text} at (0,0) size 62x14
          text run at (0,0) width 62: "Dummy text."
      RenderBlock {DIV} at (0,1522) size 784x14 [color=#C0C0C0]
        RenderText {#text} at (0,0) size 62x14
          text run at (0,0) width 62: "Dummy text."
      RenderBlock {DIV} at (0,1536) size 784x14 [color=#C0C0C0]
        RenderText {#text} at (0,0) size 62x14
          text run at (0,0) width 62: "Dummy text."
      RenderBlock {DIV} at (0,1550) size 784x14 [color=#C0C0C0]
        RenderText {#text} at (0,0) size 62x14
          text run at (0,0) width 62: "Dummy text."
      RenderBlock {DIV} at (0,1564) size 784x14 [color=#C0C0C0]
        RenderText {#text} at (0,0) size 62x14
          text run at (0,0) width 62: "Dummy text."
      RenderBlock {DIV} at (0,1578) size 784x14 [color=#C0C0C0]
        RenderText {#text} at (0,0) size 62x14
          text run at (0,0) width 62: "Dummy text."
      RenderBlock {DIV} at (0,1592) size 784x14 [color=#C0C0C0]
        RenderText {#text} at (0,0) size 62x14
          text run at (0,0) width 62: "Dummy text."
      RenderBlock {DIV} at (0,1606) size 784x14 [color=#C0C0C0]
        RenderText {#text} at (0,0) size 62x14
          text run at (0,0) width 62: "Dummy text."
      RenderBlock {DIV} at (0,1620) size 784x14 [color=#C0C0C0]
        RenderText {#text} at (0,0) size 62x14
          text run at (0,0) width 62: "Dummy text."
      RenderBlock {DIV} at (0,1634) size 784x14 [color=#C0C0C0]
        RenderText {#text} at (0,0) size 62x14
          text run at (0,0) width 62: "Dummy text."
      RenderBlock {DIV} at (0,1648) size 784x14 [color=#C0C0C0]
        RenderText {#text} at (0,0) size 62x14
          text run at (0,0) width 62: "Dummy text."
      RenderBlock {DIV} at (0,1662) size 784x14 [color=#C0C0C0]
        RenderText {#text} at (0,0) size 62x14
          text run at (0,0) width 62: "Dummy text."
      RenderBlock {DIV} at (0,1676) size 784x14 [color=#C0C0C0]
        RenderText {#text} at (0,0) size 62x14
          text run at (0,0) width 62: "Dummy text."
      RenderBlock {DIV} at (0,1690) size 784x14 [color=#C0C0C0]
        RenderText {#text} at (0,0) size 62x14
          text run at (0,0) width 62: "Dummy text."
      RenderBlock {DIV} at (0,1704) size 784x14 [color=#C0C0C0]
        RenderText {#text} at (0,0) size 62x14
          text run at (0,0) width 62: "Dummy text."
      RenderBlock {DIV} at (0,1718) size 784x14 [color=#C0C0C0]
        RenderText {#text} at (0,0) size 62x14
          text run at (0,0) width 62: "Dummy text."
      RenderBlock {DIV} at (0,1732) size 784x14 [color=#C0C0C0]
        RenderText {#text} at (0,0) size 62x14
          text run at (0,0) width 62: "Dummy text."
      RenderBlock {DIV} at (0,1746) size 784x14 [color=#C0C0C0]
        RenderText {#text} at (0,0) size 62x14
          text run at (0,0) width 62: "Dummy text."
      RenderBlock {DIV} at (0,1760) size 784x14 [color=#C0C0C0]
        RenderText {#text} at (0,0) size 62x14
          text run at (0,0) width 62: "Dummy text."
      RenderBlock {DIV} at (0,1774) size 784x14 [color=#C0C0C0]
        RenderText {#text} at (0,0) size 62x14
          text run at (0,0) width 62: "Dummy text."
      RenderBlock {DIV} at (0,1788) size 784x14 [color=#C0C0C0]
        RenderText {#text} at (0,0) size 62x14
          text run at (0,0) width 62: "Dummy text."
      RenderBlock {DIV} at (0,1802) size 784x14 [color=#C0C0C0]
        RenderText {#text} at (0,0) size 62x14
          text run at (0,0) width 62: "Dummy text."
      RenderBlock {DIV} at (0,1816) size 784x14 [color=#C0C0C0]
        RenderText {#text} at (0,0) size 62x14
          text run at (0,0) width 62: "Dummy text."
      RenderBlock {DIV} at (0,1830) size 784x14 [color=#C0C0C0]
        RenderText {#text} at (0,0) size 62x14
          text run at (0,0) width 62: "Dummy text."
      RenderBlock {DIV} at (0,1844) size 784x14 [color=#C0C0C0]
        RenderText {#text} at (0,0) size 62x14
          text run at (0,0) width 62: "Dummy text."
      RenderBlock {DIV} at (0,1858) size 784x14 [color=#C0C0C0]
        RenderText {#text} at (0,0) size 62x14
          text run at (0,0) width 62: "Dummy text."
      RenderBlock {DIV} at (0,1872) size 784x14 [color=#C0C0C0]
        RenderText {#text} at (0,0) size 62x14
          text run at (0,0) width 62: "Dummy text."
      RenderBlock {DIV} at (0,1886) size 784x14 [color=#C0C0C0]
        RenderText {#text} at (0,0) size 62x14
          text run at (0,0) width 62: "Dummy text."
      RenderBlock {DIV} at (0,1900) size 784x14 [color=#C0C0C0]
        RenderText {#text} at (0,0) size 62x14
          text run at (0,0) width 62: "Dummy text."
      RenderBlock {DIV} at (0,1914) size 784x14 [color=#C0C0C0]
        RenderText {#text} at (0,0) size 62x14
          text run at (0,0) width 62: "Dummy text."
      RenderBlock {DIV} at (0,1928) size 784x14 [color=#C0C0C0]
        RenderText {#text} at (0,0) size 62x14
          text run at (0,0) width 62: "Dummy text."
      RenderBlock {DIV} at (0,1942) size 784x14 [color=#C0C0C0]
        RenderText {#text} at (0,0) size 62x14
          text run at (0,0) width 62: "Dummy text."
      RenderBlock {DIV} at (0,1956) size 784x14 [color=#C0C0C0]
        RenderText {#text} at (0,0) size 62x14
          text run at (0,0) width 62: "Dummy text."
      RenderBlock {DIV} at (0,1970) size 784x14 [color=#C0C0C0]
        RenderText {#text} at (0,0) size 62x14
          text run at (0,0) width 62: "Dummy text."
      RenderBlock {DIV} at (0,1984) size 784x14 [color=#C0C0C0]
        RenderText {#text} at (0,0) size 62x14
          text run at (0,0) width 62: "Dummy text."
      RenderBlock {DIV} at (0,1998) size 784x14 [color=#C0C0C0]
        RenderText {#text} at (0,0) size 62x14
          text run at (0,0) width 62: "Dummy text."
      RenderBlock {DIV} at (0,2012) size 784x14 [color=#C0C0C0]
        RenderText {#text} at (0,0) size 62x14
          text run at (0,0) width 62: "Dummy text."
      RenderBlock {DIV} at (0,2026) size 784x14 [color=#C0C0C0]
        RenderText {#text} at (0,0) size 62x14
          text run at (0,0) width 62: "Dummy text."
      RenderBlock {DIV} at (0,2040) size 784x14 [color=#C0C0C0]
        RenderText {#text} at (0,0) size 62x14
          text run at (0,0) width 62: "Dummy text."
      RenderBlock {DIV} at (0,2054) size 784x14 [color=#C0C0C0]
        RenderText {#text} at (0,0) size 62x14
          text run at (0,0) width 62: "Dummy text."
      RenderBlock {DIV} at (0,2068) size 784x14 [color=#C0C0C0]
        RenderText {#text} at (0,0) size 62x14
          text run at (0,0) width 62: "Dummy text."
      RenderBlock {DIV} at (0,2082) size 784x14 [color=#C0C0C0]
        RenderText {#text} at (0,0) size 62x14
          text run at (0,0) width 62: "Dummy text."
      RenderBlock {DIV} at (0,2096) size 784x14 [color=#C0C0C0]
        RenderText {#text} at (0,0) size 62x14
          text run at (0,0) width 62: "Dummy text."
      RenderBlock {DIV} at (0,2110) size 784x14 [color=#C0C0C0]
        RenderText {#text} at (0,0) size 62x14
          text run at (0,0) width 62: "Dummy text."
      RenderBlock {DIV} at (0,2124) size 784x14 [color=#C0C0C0]
        RenderText {#text} at (0,0) size 62x14
          text run at (0,0) width 62: "Dummy text."
      RenderBlock {DIV} at (0,2138) size 784x14 [color=#C0C0C0]
        RenderText {#text} at (0,0) size 62x14
          text run at (0,0) width 62: "Dummy text."
      RenderBlock {DIV} at (0,2152) size 784x14 [color=#C0C0C0]
        RenderText {#text} at (0,0) size 62x14
          text run at (0,0) width 62: "Dummy text."
      RenderBlock {DIV} at (0,2166) size 784x14 [color=#C0C0C0]
        RenderText {#text} at (0,0) size 62x14
          text run at (0,0) width 62: "Dummy text."
      RenderBlock {DIV} at (0,2180) size 784x14 [color=#C0C0C0]
        RenderText {#text} at (0,0) size 62x14
          text run at (0,0) width 62: "Dummy text."
      RenderBlock {DIV} at (0,2194) size 784x14 [color=#C0C0C0]
        RenderText {#text} at (0,0) size 62x14
          text run at (0,0) width 62: "Dummy text."
      RenderBlock {DIV} at (0,2208) size 784x14 [color=#C0C0C0]
        RenderText {#text} at (0,0) size 62x14
          text run at (0,0) width 62: "Dummy text."
      RenderBlock {DIV} at (0,2222) size 784x14 [color=#C0C0C0]
        RenderText {#text} at (0,0) size 62x14
          text run at (0,0) width 62: "Dummy text."
      RenderBlock {DIV} at (0,2236) size 784x14 [color=#C0C0C0]
        RenderText {#text} at (0,0) size 62x14
          text run at (0,0) width 62: "Dummy text."
      RenderBlock {DIV} at (0,2250) size 784x14 [color=#C0C0C0]
        RenderText {#text} at (0,0) size 62x14
          text run at (0,0) width 62: "Dummy text."
