layer at (0,0) size 800x600
  RenderView at (0,0) size 800x600
layer at (0,0) size 800x308
  RenderBlock {HTML} at (0,0) size 800x308
    RenderBody {BODY} at (8,12) size 784x284
      RenderBlock {P} at (0,0) size 784x14 [color=#000080]
        RenderText {#text} at (0,0) size 169x14
          text run at (0,0) width 169: "This sentence should be underlined."
      RenderBlock {P} at (0,26) size 784x14 [color=#000080]
        RenderText {#text} at (0,0) size 163x14
          text run at (0,0) width 163: "This sentence should be overlined."
      RenderBlock {P} at (0,52) size 784x14 [color=#000080]
        RenderText {#text} at (0,0) size 174x14
          text run at (0,0) width 174: "This sentence should be stricken out."
      RenderBlock {P} at (0,78) size 784x14 [color=#000080]
        RenderText {#text} at (0,0) size 278x14
          text run at (0,0) width 278: "This sentence should be blinking (if the UA supports that)."
      RenderBlock {P} at (0,104) size 784x14 [color=#000080]
        RenderText {#text} at (0,0) size 169x14
          text run at (0,0) width 169: "The sentence should be underlined. "
        RenderInline {B} at (0,0) size 181x14
          RenderText {#text} at (169,0) size 181x14
            text run at (169,0) width 181: "This sentence should be underlined"
        RenderText {#text} at (350,0) size 3x14
          text run at (350,0) width 3: "."
      RenderBlock {P} at (0,130) size 784x14 [color=#000080]
        RenderText {#text} at (0,0) size 236x14
          text run at (0,0) width 236: "This sentence should be underlined and overlined."
      RenderBlock {P} at (0,156) size 784x14 [color=#000080]
        RenderText {#text} at (0,0) size 282x14
          text run at (0,0) width 282: "This sentence should be underlined, overlined, and stricken."
      RenderBlock {DIV} at (0,182) size 784x0 [color=#FF0000]
      RenderBlock {P} at (0,182) size 784x14 [color=#000080]
        RenderText {#text} at (0,0) size 213x14
          text run at (0,0) width 213: "There should be no red at the end of this line."
        RenderInline {STRONG} at (0,0) size 3x14 [color=#FF0000]
          RenderText {#text} at (213,0) size 3x14
            text run at (213,0) width 3: " "
        RenderText {#text} at (216,0) size 3x14
          text run at (216,0) width 3: " "
      RenderBlock {P} at (0,208) size 784x18 [color=#000080]
        RenderText {#text} at (0,4) size 213x14
          text run at (0,4) width 213: "There should be no red at the end of this line."
        RenderImage {IMG} at (213,0) size 15x15 [color=#FF0000]
        RenderText {#text} at (228,4) size 3x14
          text run at (228,4) width 3: " "
      RenderBlock {P} at (0,238) size 784x20 [color=#000080]
        RenderText {#text} at (0,6) size 151x14
          text run at (0,6) width 151: "This sentence and all its images "
        RenderImage {IMG} at (151,0) size 17x17 [color=#FF0000]
        RenderText {#text} at (168,6) size 3x14
          text run at (168,6) width 3: " "
        RenderImage {IMG} at (171,0) size 17x17 [color=#FF0000]
        RenderText {#text} at (188,6) size 105x14
          text run at (188,6) width 3: " "
          text run at (191,6) width 102: "should be underlined."
      RenderBlock {P} at (0,270) size 784x14 [color=#000080]
        RenderText {#text} at (0,0) size 249x14
          text run at (0,0) width 249: "There should be a long blue underline between here: "
        RenderInline {SPAN} at (0,0) size 120x14 [color=#FFFFFF]
          RenderText {#text} at (249,0) size 120x14
            text run at (249,0) width 120: "FAIL FAIL FAIL FAIL "
        RenderText {#text} at (369,0) size 46x14
          text run at (369,0) width 46: ":and here."
