layer at (0,0) size 800x600
  RenderView at (0,0) size 800x600
layer at (0,0) size 800x130
  RenderBlock {HTML} at (0,0) size 800x130
    RenderBody {BODY} at (8,12) size 784x108
      RenderBlock {P} at (0,0) size 784x14
        RenderText {#text} at (0,0) size 219x14
          text run at (0,0) width 219: "The two boxes below should be the same size."
      RenderBlock {DIV} at (0,26) size 784x82 [color=#000080]
        RenderBlock {P} at (30,0) size 724x36
          RenderText {#text} at (0,0) size 36x36
            text run at (0,0) width 36: "x"
        RenderBlock {P} at (30,46) size 724x36
          RenderText {#text} at (0,0) size 36x36
            text run at (0,0) width 36: "x"
