layer at (0,0) size 800x600
  RenderView at (0,0) size 800x600
layer at (0,0) size 800x127
  RenderBlock {HTML} at (0,0) size 800x127
    RenderBody {BODY} at (8,12) size 784x107
      RenderBlock {P} at (0,0) size 784x14
        RenderText {#text} at (0,0) size 354x14
          text run at (0,0) width 354: "There should be a solid single uninterrupted smooth column of blue below."
      RenderBlock {DIV} at (0,26) size 784x81 [color=#000080]
        RenderBlock {DIV} at (0,0) size 784x24
          RenderText {#text} at (0,0) size 24x24
            text run at (0,0) width 24: "x"
        RenderBlock {DIV} at (0,24) size 784x33
          RenderText {#text} at (0,0) size 33x33
            text run at (0,0) width 33: "x"
        RenderBlock {DIV} at (0,57) size 784x24
          RenderText {#text} at (0,0) size 24x24
            text run at (0,0) width 24: "x"
