layer at (0,0) size 800x600
  RenderView at (0,0) size 800x600
layer at (0,0) size 800x286
  RenderBlock {HTML} at (0,0) size 800x286
    RenderBody {BODY} at (8,12) size 784x266
      RenderBlock {P} at (0,0) size 784x14
        RenderText {#text} at (0,0) size 284x14
          text run at (0,0) width 284: "There should be a tall solid unbroken column of blue below."
      RenderBlock {DIV} at (0,26) size 432x24 [color=#0000FF]
        RenderText {#text} at (0,0) size 48x24
          text run at (0,0) width 48: " x"
      RenderBlock {DIV} at (0,50) size 432x24 [color=#0000FF]
        RenderText {#text} at (24,0) size 24x24
          text run at (24,0) width 24: "x"
      RenderBlock {DIV} at (0,74) size 432x24 [color=#0000FF]
        RenderText {#text} at (24,0) size 24x24
          text run at (24,0) width 24: "x"
      RenderBlock {DIV} at (0,98) size 432x24 [color=#0000FF]
        RenderText {#text} at (24,0) size 24x24
          text run at (24,0) width 24: "x"
      RenderBlock {DIV} at (0,122) size 432x24 [color=#0000FF]
        RenderText {#text} at (24,0) size 24x24
          text run at (24,0) width 24: "x"
      RenderBlock {DIV} at (0,146) size 432x24 [color=#0000FF]
        RenderText {#text} at (24,0) size 24x24
          text run at (24,0) width 24: "x"
      RenderBlock {DIV} at (0,170) size 432x24 [color=#0000FF]
        RenderText {#text} at (24,0) size 24x24
          text run at (24,0) width 24: "x"
      RenderBlock {DIV} at (0,194) size 432x24 [color=#0000FF]
        RenderText {#text} at (31,0) size 24x24
          text run at (31,0) width 24: "x"
      RenderBlock {DIV} at (0,218) size 432x24 [color=#0000FF]
        RenderText {#text} at (24,0) size 24x24
          text run at (24,0) width 24: "x"
      RenderBlock {DIV} at (0,242) size 432x24 [color=#0000FF]
        RenderText {#text} at (0,0) size 48x24
          text run at (0,0) width 48: " x"
