layer at (0,0) size 800x600
  RenderView at (0,0) size 800x600
layer at (0,0) size 800x334
  RenderBlock {HTML} at (0,0) size 800x334
    RenderBody {BODY} at (8,12) size 784x314
      RenderBlock {P} at (0,0) size 784x14
        RenderText {#text} at (0,0) size 530x14
          text run at (0,0) width 530: "There should be a stripy pattern of yellow and aqua below (each vertical stripe should be straight and unbroken)."
      RenderBlock {DIV} at (0,26) size 432x24 [color=#00FFFF] [bgcolor=#FFFF00]
        RenderText {#text} at (0,0) size 360x24
          text run at (0,0) width 360: "x x   x x   x x"
      RenderBlock {DIV} at (0,50) size 432x24 [color=#00FFFF] [bgcolor=#FFFF00]
        RenderText {#text} at (0,0) size 360x24
          text run at (0,0) width 360: "x x   x x   x x"
      RenderBlock {DIV} at (0,74) size 432x24 [color=#00FFFF] [bgcolor=#FFFF00]
        RenderText {#text} at (0,0) size 360x24
          text run at (0,0) width 360: "x x   x x   x x"
      RenderBlock {DIV} at (0,98) size 432x24 [color=#00FFFF] [bgcolor=#FFFF00]
        RenderText {#text} at (0,0) size 384x24
          text run at (0,0) width 384: "xx xx xx"
      RenderBlock {DIV} at (0,122) size 432x24 [color=#00FFFF] [bgcolor=#FFFF00]
        RenderText {#text} at (0,0) size 384x24
          text run at (0,0) width 384: "xx xx xx"
      RenderBlock {DIV} at (0,146) size 432x24 [color=#00FFFF] [bgcolor=#FFFF00]
        RenderText {#text} at (0,0) size 384x24
          text run at (0,0) width 384: "xx xx xx"
      RenderBlock {DIV} at (0,170) size 432x24 [color=#00FFFF] [bgcolor=#FFFF00]
        RenderText {#text} at (0,0) size 384x24
          text run at (0,0) width 384: "xx xx xx"
      RenderBlock {DIV} at (0,194) size 432x24 [color=#00FFFF] [bgcolor=#FFFF00]
        RenderText {#text} at (0,0) size 384x24
          text run at (0,0) width 384: "xx xx xx"
      RenderBlock {DIV} at (0,218) size 432x24 [color=#00FFFF] [bgcolor=#FFFF00]
        RenderText {#text} at (0,0) size 384x24
          text run at (0,0) width 384: "xx xx xx"
      RenderBlock {DIV} at (0,242) size 432x48 [color=#00FFFF] [bgcolor=#FFFF00]
        RenderText {#text} at (0,0) size 275x48
          text run at (0,0) width 275: "xx xx"
          text run at (0,24) width 110: "xx"
      RenderBlock {DIV} at (0,290) size 432x24 [color=#00FFFF] [bgcolor=#FFFF00]
        RenderText {#text} at (0,0) size 384x24
          text run at (0,0) width 384: "xx xx xx"
