layer at (0,0) size 800x600
  RenderView at (0,0) size 800x600
layer at (0,0) size 800x190
  RenderBlock {HTML} at (0,0) size 800x190
    RenderBody {BODY} at (8,12) size 784x170
      RenderBlock {P} at (0,0) size 784x14
        RenderText {#text} at (0,0) size 530x14
          text run at (0,0) width 530: "There should be a stripy pattern of yellow and aqua below (each vertical stripe should be straight and unbroken)."
      RenderBlock {DIV} at (48,26) size 288x24 [color=#00FFFF] [bgcolor=#FFFF00]
        RenderText {#text} at (0,0) size 264x24
          text run at (0,0) width 264: "x  x  xx xx"
      RenderBlock {DIV} at (48,50) size 288x24 [color=#00FFFF] [bgcolor=#FFFF00]
        RenderText {#text} at (0,0) size 264x24
          text run at (0,0) width 264: "x  x  xx xx"
      RenderBlock {DIV} at (48,74) size 288x24 [color=#00FFFF] [bgcolor=#FFFF00]
        RenderText {#text} at (0,0) size 264x24
          text run at (0,0) width 264: "x  x  xx xx"
      RenderBlock {DIV} at (48,98) size 288x24 [color=#00FFFF] [bgcolor=#FFFF00]
        RenderText {#text} at (0,0) size 144x24
          text run at (0,0) width 144: "x x "
        RenderInline {SPAN} at (0,0) size 120x24
          RenderText {#text} at (144,0) size 120x24
            text run at (144,0) width 120: "xx xx"
        RenderText {#text} at (0,0) size 0x0
      RenderBlock {DIV} at (48,122) size 288x24 [color=#00FFFF] [bgcolor=#FFFF00]
        RenderText {#text} at (0,0) size 264x24
          text run at (0,0) width 264: "x  x  xx xx"
      RenderBlock {DIV} at (48,146) size 288x24 [color=#00FFFF] [bgcolor=#FFFF00]
        RenderText {#text} at (0,0) size 264x24
          text run at (0,0) width 264: "x   x   xx  xx"
