layer at (0,0) size 800x600
  RenderView at (0,0) size 800x600
layer at (0,0) size 800x310
  RenderBlock {HTML} at (0,0) size 800x310
    RenderBody {BODY} at (8,12) size 784x290
      RenderBlock {P} at (0,0) size 784x14
        RenderText {#text} at (0,0) size 530x14
          text run at (0,0) width 530: "There should be a stripy pattern of yellow and aqua below (each vertical stripe should be straight and unbroken)."
      RenderBlock {DIV} at (0,26) size 432x24 [color=#00FFFF] [bgcolor=#FFFF00]
        RenderText {#text} at (0,0) size 384x24
          text run at (0,0) width 384: "x  xx  xxx  xxxx"
      RenderBlock {DIV} at (0,50) size 432x24 [color=#00FFFF] [bgcolor=#FFFF00]
        RenderText {#text} at (0,0) size 384x24
          text run at (0,0) width 384: "x  xx  xxx  xxxx"
      RenderBlock {DIV} at (0,74) size 432x24 [color=#00FFFF] [bgcolor=#FFFF00]
        RenderText {#text} at (0,0) size 384x24
          text run at (0,0) width 384: "x  xx  xxx  xxxx"
      RenderBlock {DIV} at (0,98) size 432x24 [color=#00FFFF] [bgcolor=#FFFF00]
        RenderText {#text} at (0,0) size 384x24
          text run at (0,0) width 384: "x xx xxx xxxx"
      RenderBlock {DIV} at (0,122) size 432x24 [color=#00FFFF] [bgcolor=#FFFF00]
        RenderText {#text} at (0,0) size 384x24
          text run at (0,0) width 384: "x xx xxx xxxx"
      RenderBlock {DIV} at (0,146) size 432x24 [color=#00FFFF] [bgcolor=#FFFF00]
        RenderText {#text} at (0,0) size 384x24
          text run at (0,0) width 384: "x xx xxx xxxx"
      RenderBlock {DIV} at (0,170) size 432x24 [color=#00FFFF] [bgcolor=#FFFF00]
        RenderText {#text} at (0,0) size 384x24
          text run at (0,0) width 384: "x xx xxx xxxx"
      RenderBlock {DIV} at (0,194) size 432x24 [color=#00FFFF] [bgcolor=#FFFF00]
        RenderText {#text} at (0,0) size 384x24
          text run at (0,0) width 384: "x xx xxx xxxx"
      RenderBlock {DIV} at (0,218) size 432x24 [color=#00FFFF] [bgcolor=#FFFF00]
        RenderText {#text} at (0,0) size 384x24
          text run at (0,0) width 384: "x xx xxx xxxx"
      RenderBlock {DIV} at (0,242) size 432x24 [color=#00FFFF] [bgcolor=#FFFF00]
        RenderText {#text} at (0,0) size 405x24
          text run at (0,0) width 405: "x xx xxx xxxx"
      RenderBlock {DIV} at (0,266) size 432x24 [color=#00FFFF] [bgcolor=#FFFF00]
        RenderText {#text} at (0,0) size 384x24
          text run at (0,0) width 384: "x xx xxx xxxx"
