layer at (0,0) size 800x600
  RenderView at (0,0) size 800x600
layer at (0,0) size 800x190
  RenderBlock {HTML} at (0,0) size 800x190
    RenderBody {BODY} at (8,12) size 784x170
      RenderBlock {P} at (0,0) size 784x14
        RenderText {#text} at (0,0) size 237x14
          text run at (0,0) width 237: "There should be no red borders on the table below"
      RenderTable {TABLE} at (0,26) size 104x144 [border: (2px none #808080)]
        RenderTableSection {TBODY} at (2,2) size 99x139
          RenderTableRow {TR} at (0,0) size 99x46
            RenderTableCell {TD} at (0,12) size 33x21 [border: (3px solid #00FF00)] [r=0 c=0 rs=1 cs=1]
              RenderText {#text} at (4,4) size 23x14
                text run at (4,4) width 23: "solid"
            RenderTableCell {TD} at (33,11) size 34x24 [border: (3px solid #00FF00) (5px solid #FF0000) (3px solid #00FF00)] [r=0 c=1 rs=1 cs=1]
              RenderText {#text} at (4,4) size 23x14
                text run at (4,4) width 23: "solid"
            RenderTableCell {TD} at (67,12) size 32x21 [border: (3px solid #00FF00)] [r=0 c=2 rs=1 cs=1]
              RenderText {#text} at (4,4) size 23x14
                text run at (4,4) width 23: "solid"
          RenderTableRow {TR} at (0,46) size 99x48
            RenderTableCell {TD} at (0,59) size 33x21 [border: (3px solid #00FF00) (5px solid #FF0000) (2px solid #00FF00)] [r=1 c=0 rs=1 cs=1]
              RenderText {#text} at (4,4) size 23x14
                text run at (4,4) width 23: "solid"
            RenderTableCell {TD} at (33,57) size 34x26 [border: (5px inset #00FF00)] [r=1 c=1 rs=1 cs=1]
              RenderText {#text} at (6,6) size 22x14
                text run at (6,6) width 22: "inset"
            RenderTableCell {TD} at (67,59) size 32x21 [border: (3px solid #00FF00) (5px solid #FF0000)] [r=1 c=2 rs=1 cs=1]
              RenderText {#text} at (6,4) size 23x14
                text run at (6,4) width 23: "solid"
          RenderTableRow {TR} at (0,94) size 99x45
            RenderTableCell {TD} at (0,106) size 33x21 [border: (3px solid #00FF00)] [r=2 c=0 rs=1 cs=1]
              RenderText {#text} at (4,4) size 23x14
                text run at (4,4) width 23: "solid"
            RenderTableCell {TD} at (33,105) size 34x23 [border: (5px solid #FF0000) (2px solid #00FF00)] [r=2 c=1 rs=1 cs=1]
              RenderText {#text} at (4,6) size 23x14
                text run at (4,6) width 23: "solid"
            RenderTableCell {TD} at (67,106) size 32x21 [border: (3px solid #00FF00)] [r=2 c=2 rs=1 cs=1]
              RenderText {#text} at (4,4) size 23x14
                text run at (4,4) width 23: "solid"
