layer at (0,0) size 800x600
  RenderView at (0,0) size 800x600
layer at (0,0) size 800x416
  RenderBlock {HTML} at (0,0) size 800x416
    RenderBody {BODY} at (8,12) size 784x396
      RenderBlock {P} at (0,0) size 784x12
        RenderText {#text} at (0,0) size 451x11
          text run at (0,0) width 451: "Test overflow clipping of composited elements in various configurations."
      RenderBlock (anonymous) at (0,24) size 784x372
        RenderText {#text} at (182,174) size 6x11
          text run at (182,174) width 6: " "
        RenderText {#text} at (370,174) size 6x11
          text run at (370,174) width 6: " "
        RenderText {#text} at (558,174) size 6x11
          text run at (558,174) width 6: " "
        RenderBR {BR} at (0,0) size 0x0
        RenderText {#text} at (182,360) size 6x11
          text run at (182,360) width 6: " "
        RenderText {#text} at (370,360) size 6x11
          text run at (370,360) width 6: " "
        RenderText {#text} at (0,0) size 0x0
layer at (28,56) size 142x142 clip at (29,57) size 140x140 scrollHeight 171
  RenderBlock {DIV} at (20,20) size 142x142 [border: (1px solid #000000)]
    RenderBlock {DIV} at (11,11) size 122x122 [border: (1px solid #0000FF)]
layer at (216,56) size 142x142 clip at (217,57) size 140x140
  RenderBlock {DIV} at (208,20) size 142x142 [border: (1px solid #000000)]
layer at (28,242) size 142x142 clip at (29,243) size 140x140 scrollHeight 171
  RenderBlock {DIV} at (20,206) size 142x142 [border: (1px solid #000000)]
    RenderBlock {DIV} at (11,11) size 122x122 [border: (1px solid #0000FF)]
layer at (216,242) size 142x142 clip at (217,243) size 140x140
  RenderBlock {DIV} at (208,206) size 142x142 [border: (1px solid #000000)]
layer at (50,78) size 100x150 backgroundClip at (29,57) size 140x140 clip at (29,57) size 140x140 outlineClip at (29,57) size 140x140
  RenderBlock {DIV} at (11,11) size 100x150 [bgcolor=#808080]
layer at (227,67) size 122x122
  RenderBlock (positioned) {DIV} at (227,67) size 122x122 [border: (1px solid #0000FF)]
layer at (238,78) size 100x150
  RenderBlock {DIV} at (11,11) size 100x150 [bgcolor=#808080]
layer at (404,56) size 142x142 clip at (405,57) size 140x140 scrollHeight 171
  RenderBlock (relative positioned) {DIV} at (396,20) size 142x142 [border: (1px solid #000000)]
layer at (415,67) size 122x122
  RenderBlock (positioned) {DIV} at (11,11) size 122x122 [border: (1px solid #0000FF)]
layer at (426,78) size 100x150 backgroundClip at (405,57) size 140x140 clip at (405,57) size 140x140 outlineClip at (405,57) size 140x140
  RenderBlock {DIV} at (11,11) size 100x150 [bgcolor=#808080]
layer at (50,264) size 100x150 backgroundClip at (29,243) size 140x140 clip at (29,243) size 140x140 outlineClip at (29,243) size 140x140
  RenderBlock {DIV} at (11,11) size 100x150 [bgcolor=#808080]
layer at (227,253) size 122x122
  RenderBlock (positioned) {DIV} at (227,253) size 122x122 [border: (1px solid #0000FF)]
layer at (238,264) size 100x150
  RenderBlock {DIV} at (11,11) size 100x150 [bgcolor=#808080]
layer at (404,242) size 142x142 clip at (405,243) size 140x140 scrollHeight 171
  RenderBlock (relative positioned) {DIV} at (396,206) size 142x142 [border: (1px solid #000000)]
layer at (415,253) size 122x122
  RenderBlock (positioned) {DIV} at (11,11) size 122x122 [border: (1px solid #0000FF)]
layer at (426,264) size 100x150 backgroundClip at (405,243) size 140x140 clip at (405,243) size 140x140 outlineClip at (405,243) size 140x140
  RenderBlock {DIV} at (11,11) size 100x150 [bgcolor=#808080]
