layer at (0,0) size 800x600
  RenderView at (0,0) size 800x600
layer at (0,0) size 800x572
  RenderBlock {HTML} at (0,0) size 800x572
    RenderBody {BODY} at (8,12) size 784x552
      RenderBlock {P} at (0,0) size 784x12
        RenderText {#text} at (0,0) size 241x11
          text run at (0,0) width 241: "All of the boxes should look the same."
      RenderBlock (anonymous) at (0,24) size 784x528
        RenderText {#text} at (172,164) size 6x11
          text run at (172,164) width 6: " "
        RenderText {#text} at (350,164) size 6x11
          text run at (350,164) width 6: " "
        RenderText {#text} at (528,164) size 6x11
          text run at (528,164) width 6: " "
        RenderText {#text} at (706,164) size 6x11
          text run at (706,164) width 6: " "
        RenderBR {BR} at (0,0) size 0x0
        RenderText {#text} at (172,340) size 6x11
          text run at (172,340) width 6: " "
        RenderText {#text} at (350,340) size 6x11
          text run at (350,340) width 6: " "
        RenderText {#text} at (528,340) size 6x11
          text run at (528,340) width 6: " "
        RenderText {#text} at (706,340) size 6x11
          text run at (706,340) width 6: " "
        RenderBR {BR} at (0,0) size 0x0
        RenderText {#text} at (172,516) size 6x11
          text run at (172,516) width 6: " "
        RenderText {#text} at (350,516) size 6x11
          text run at (350,516) width 6: " "
        RenderText {#text} at (528,516) size 6x11
          text run at (528,516) width 6: " "
        RenderText {#text} at (0,0) size 0x0
layer at (18,46) size 152x152 clip at (19,47) size 150x150 scrollY 50 scrollWidth 210 scrollHeight 510
  RenderBlock {DIV} at (10,10) size 152x152 [border: (1px solid #000000)]
layer at (196,46) size 152x152 clip at (197,47) size 150x150 scrollY 50 scrollWidth 210 scrollHeight 510
  RenderBlock {DIV} at (188,10) size 152x152 [border: (1px solid #000000)]
layer at (19,-3) size 210x510 backgroundClip at (19,47) size 150x150 clip at (19,47) size 150x150 outlineClip at (19,47) size 150x150
  RenderBlock {DIV} at (1,1) size 210x510 [bgcolor=#808080]
    RenderBlock {P} at (5,29) size 200x72
      RenderText {#text} at (0,1) size 170x70
        text run at (0,1) width 133: "This is the"
        text run at (0,25) width 170: "inner div that"
        text run at (0,49) width 86: "scrolls."
layer at (197,-3) size 210x510 backgroundClip at (197,47) size 150x150 clip at (197,47) size 150x150 outlineClip at (197,47) size 150x150
  RenderBlock (relative positioned) {DIV} at (1,1) size 210x510 [bgcolor=#808080]
    RenderBlock {P} at (5,29) size 200x72
      RenderText {#text} at (0,1) size 170x70
        text run at (0,1) width 133: "This is the"
        text run at (0,25) width 170: "inner div that"
        text run at (0,49) width 86: "scrolls."
layer at (374,46) size 152x152 clip at (375,47) size 150x150 scrollY 50 scrollWidth 210 scrollHeight 510
  RenderBlock (relative positioned) {DIV} at (366,10) size 152x152 [border: (1px solid #000000)]
layer at (375,-3) size 210x510 backgroundClip at (375,47) size 150x150 clip at (375,47) size 150x150 outlineClip at (375,47) size 150x150
  RenderBlock {DIV} at (1,1) size 210x510 [bgcolor=#808080]
    RenderBlock {P} at (5,29) size 200x72
      RenderText {#text} at (0,1) size 170x70
        text run at (0,1) width 133: "This is the"
        text run at (0,25) width 170: "inner div that"
        text run at (0,49) width 86: "scrolls."
layer at (552,46) size 152x152 clip at (553,47) size 150x150 scrollY 50 scrollWidth 210 scrollHeight 510
  RenderBlock (relative positioned) {DIV} at (544,10) size 152x152 [border: (1px solid #000000)]
layer at (553,-3) size 210x510 backgroundClip at (553,47) size 150x150 clip at (553,47) size 150x150 outlineClip at (553,47) size 150x150
  RenderBlock (relative positioned) {DIV} at (1,1) size 210x510 [bgcolor=#808080]
    RenderBlock {P} at (5,29) size 200x72
      RenderText {#text} at (0,1) size 170x70
        text run at (0,1) width 133: "This is the"
        text run at (0,25) width 170: "inner div that"
        text run at (0,49) width 86: "scrolls."
layer at (18,222) size 152x152 clip at (19,223) size 150x150 scrollY 50 scrollWidth 210 scrollHeight 510
  RenderBlock {DIV} at (10,186) size 152x152 [border: (1px solid #000000)]
    RenderBlock {DIV} at (1,1) size 210x510 [bgcolor=#808080]
      RenderBlock {P} at (5,29) size 200x72
        RenderText {#text} at (0,1) size 170x70
          text run at (0,1) width 133: "This is the"
          text run at (0,25) width 170: "inner div that"
          text run at (0,49) width 86: "scrolls."
layer at (196,222) size 152x152 clip at (197,223) size 150x150 scrollY 50 scrollWidth 210 scrollHeight 510
  RenderBlock {DIV} at (188,186) size 152x152 [border: (1px solid #000000)]
layer at (197,173) size 210x510 backgroundClip at (197,223) size 150x150 clip at (197,223) size 150x150 outlineClip at (197,223) size 150x150
  RenderBlock (relative positioned) {DIV} at (1,1) size 210x510 [bgcolor=#808080]
    RenderBlock {P} at (5,29) size 200x72
      RenderText {#text} at (0,1) size 170x70
        text run at (0,1) width 133: "This is the"
        text run at (0,25) width 170: "inner div that"
        text run at (0,49) width 86: "scrolls."
layer at (374,222) size 152x152 clip at (375,223) size 150x150 scrollY 50 scrollWidth 210 scrollHeight 510
  RenderBlock {DIV} at (366,186) size 152x152 [border: (1px solid #000000)]
layer at (375,173) size 210x510 backgroundClip at (375,223) size 150x150 clip at (375,223) size 150x150 outlineClip at (375,223) size 150x150
  RenderBlock {DIV} at (1,1) size 210x510 [bgcolor=#808080]
    RenderBlock {P} at (5,29) size 200x72
      RenderText {#text} at (0,1) size 170x70
        text run at (0,1) width 133: "This is the"
        text run at (0,25) width 170: "inner div that"
        text run at (0,49) width 86: "scrolls."
layer at (552,222) size 152x152 clip at (553,223) size 150x150 scrollY 50 scrollWidth 210 scrollHeight 510
  RenderBlock {DIV} at (544,186) size 152x152 [border: (1px solid #000000)]
layer at (553,173) size 210x510 backgroundClip at (553,223) size 150x150 clip at (553,223) size 150x150 outlineClip at (553,223) size 150x150
  RenderBlock (relative positioned) {DIV} at (1,1) size 210x510 [bgcolor=#808080]
    RenderBlock {P} at (5,29) size 200x72
      RenderText {#text} at (0,1) size 170x70
        text run at (0,1) width 133: "This is the"
        text run at (0,25) width 170: "inner div that"
        text run at (0,49) width 86: "scrolls."
layer at (18,398) size 152x152 clip at (19,399) size 150x150 scrollY 50 scrollWidth 210 scrollHeight 510
  RenderBlock (relative positioned) {DIV} at (10,362) size 152x152 [border: (1px solid #000000)]
    RenderBlock {DIV} at (1,1) size 210x510 [bgcolor=#808080]
      RenderBlock {P} at (5,29) size 200x72
        RenderText {#text} at (0,1) size 170x70
          text run at (0,1) width 133: "This is the"
          text run at (0,25) width 170: "inner div that"
          text run at (0,49) width 86: "scrolls."
layer at (196,398) size 152x152 clip at (197,399) size 150x150 scrollY 50 scrollWidth 210 scrollHeight 510
  RenderBlock (relative positioned) {DIV} at (188,362) size 152x152 [border: (1px solid #000000)]
layer at (197,349) size 210x510 backgroundClip at (197,399) size 150x150 clip at (197,399) size 150x150 outlineClip at (197,399) size 150x150
  RenderBlock (relative positioned) {DIV} at (1,1) size 210x510 [bgcolor=#808080]
    RenderBlock {P} at (5,29) size 200x72
      RenderText {#text} at (0,1) size 170x70
        text run at (0,1) width 133: "This is the"
        text run at (0,25) width 170: "inner div that"
        text run at (0,49) width 86: "scrolls."
layer at (374,398) size 152x152 clip at (375,399) size 150x150 scrollY 50 scrollWidth 210 scrollHeight 510
  RenderBlock (relative positioned) {DIV} at (366,362) size 152x152 [border: (1px solid #000000)]
layer at (375,349) size 210x510 backgroundClip at (375,399) size 150x150 clip at (375,399) size 150x150 outlineClip at (375,399) size 150x150
  RenderBlock {DIV} at (1,1) size 210x510 [bgcolor=#808080]
    RenderBlock {P} at (5,29) size 200x72
      RenderText {#text} at (0,1) size 170x70
        text run at (0,1) width 133: "This is the"
        text run at (0,25) width 170: "inner div that"
        text run at (0,49) width 86: "scrolls."
layer at (552,398) size 152x152 clip at (553,399) size 150x150 scrollY 50 scrollWidth 210 scrollHeight 510
  RenderBlock (relative positioned) {DIV} at (544,362) size 152x152 [border: (1px solid #000000)]
layer at (553,349) size 210x510 backgroundClip at (553,399) size 150x150 clip at (553,399) size 150x150 outlineClip at (553,399) size 150x150
  RenderBlock (relative positioned) {DIV} at (1,1) size 210x510 [bgcolor=#808080]
    RenderBlock {P} at (5,29) size 200x72
      RenderText {#text} at (0,1) size 170x70
        text run at (0,1) width 133: "This is the"
        text run at (0,25) width 170: "inner div that"
        text run at (0,49) width 86: "scrolls."
