CONSOLE MESSAGE: line 51: TypeError: 'undefined' is not a function (evaluating 'video.canPlayType('video/ogg')')
FAIL: Timed out waiting for notifyDone to be called
layer at (0,0) size 800x600
  RenderView at (0,0) size 800x600
layer at (0,0) size 800x36
  RenderBlock {HTML} at (0,0) size 800x36
    RenderBody {BODY} at (8,12) size 784x12
      RenderBlock {P} at (0,0) size 784x12
        RenderText {#text} at (0,0) size 484x11
          text run at (0,0) width 484: "You should see a green box under the video. If you see red, the test failed."
layer at (8,36) size 132x222 clip at (9,37) size 130x220
  RenderBlock (positioned) {DIV} at (8,36) size 132x222 [bgcolor=#FFFFFF] [border: (1px solid #000000)]
    RenderBlock (anonymous) at (11,11) size 110x0
      RenderInline {VIDEO} at (0,0) size 0x0 [bgcolor=#000000]
      RenderText {#text} at (0,0) size 0x0
    RenderBlock {DIV} at (11,11) size 100x100 [bgcolor=#FF0000]
layer at (19,47) size 100x100
  RenderBlock (relative positioned) {DIV} at (11,11) size 100x100 [bgcolor=#008000]
