layer at (0,0) size 800x600
  RenderView at (0,0) size 800x600
layer at (0,0) size 800x256
  RenderBlock {HTML} at (0,0) size 800x256
    RenderBody {BODY} at (8,12) size 784x234
      RenderBlock {P} at (0,0) size 784x12
        RenderText {#text} at (0,0) size 482x11
          text run at (0,0) width 482: "You should see scrollbars on the gray square, and a resizer control below it."
layer at (18,36) size 100x100 scrollWidth 500 scrollHeight 500
  RenderBlock (relative positioned) {DIV} at (10,24) size 100x100
layer at (18,36) size 500x500 backgroundClip at (18,36) size 100x100 clip at (18,36) size 100x100 outlineClip at (18,36) size 100x100
  RenderBlock {DIV} at (0,0) size 500x500 [bgcolor=#808080]
layer at (18,146) size 100x100
  RenderBlock {DIV} at (10,134) size 100x100
