CONSOLE MESSAGE: line 81: TypeError: 'undefined' is not a function (evaluating 'video.canPlayType('video/ogg')')
FAIL: Timed out waiting for notifyDone to be called
layer at (0,0) size 800x600
  RenderView at (0,0) size 800x600
layer at (0,0) size 800x0
  RenderBlock {HTML} at (0,0) size 800x0
    RenderBody {BODY} at (0,0) size 800x0
      RenderInline {VIDEO} at (0,0) size 0x0
      RenderText {#text} at (0,0) size 0x0
      RenderText {#text} at (0,0) size 0x0
layer at (50,50) size 100x100
  RenderBlock (positioned) {DIV} at (50,50) size 100x100 [bgcolor=#FF0000]
layer at (50,50) size 200x200
  RenderBlock (positioned) {DIV} at (50,50) size 200x200
    RenderBlock {P} at (0,214) size 200x36
      RenderText {#text} at (0,0) size 191x35
        text run at (0,0) width 191: "The green box should obscure"
        text run at (0,12) width 185: "the red box, and move when"
        text run at (0,24) width 143: "you drag the scrollbar."
layer at (50,50) size 202x202 clip at (51,51) size 200x200 scrollHeight 550
  RenderBlock {DIV} at (0,0) size 202x202 [border: (1px solid #000000)]
    RenderBlock {DIV} at (1,51) size 200x500
layer at (51,101) size 100x100
  RenderBlock (relative positioned) {DIV} at (0,0) size 100x100 [bgcolor=#008000]
