EDITING DELEGATE: webViewDidChangeSelection:WebViewDidChangeSelectionNotification
layer at (0,0) size 980x735
  RenderView at (0,0) size 980x735
layer at (0,0) size 980x735
  RenderBlock {HTML} at (0,0) size 980x735
    RenderBody {BODY} at (8,8) size 964x719
      RenderBlock {P} at (0,0) size 964x38
        RenderText {#text} at (0,0) size 169x19
          text run at (0,0) width 169: "This is a testcase for "
        RenderInline {A} at (0,0) size 191x19 [color=#0000EE]
          RenderText {#text} at (169,0) size 191x19
            text run at (169,0) width 191: "rdar://problem/4402375"
        RenderText {#text} at (360,0) size 940x38
          text run at (360,0) width 580: " \"REGRESSION (417.8-TOT): finding text sometimes also selects previous"
          text run at (0,19) width 171: "image (5127) (6451)\""
      RenderBlock {HR} at (0,54) size 964x2 [border: (1px inset #000000)]
      RenderBlock {P} at (0,72) size 964x38
        RenderText {#text} at (0,0) size 956x38
          text run at (0,0) width 533: "This test uses a right aligned image next to some left aligned text. "
          text run at (533,0) width 423: "The image should not be selected, and should not be"
          text run at (0,19) width 766: "included in the selection rect (you won't see the selection rect when you run this test manually)."
      RenderBlock {DIV} at (0,126) size 964x19
        RenderImage {IMG} at (888,0) size 76x103
        RenderText {#text} at (0,0) size 227x19
          text run at (0,0) width 227: "This text should be selected."
selection start: position 0 of child 1 {#text} of child 6 {DIV} of body
selection end:   position 29 of child 1 {#text} of child 6 {DIV} of body
