EDITING DELEGATE: shouldBeginEditingInDOMRange:range from 0 of DIV > BODY > HTML > #document to 3 of DIV > BODY > HTML > #document
EDITING DELEGATE: webViewDidBeginEditing:WebViewDidBeginEditingNotification
EDITING DELEGATE: webViewDidChangeSelection:WebViewDidChangeSelectionNotification
EDITING DELEGATE: webViewDidChangeSelection:WebViewDidChangeSelectionNotification
EDITING DELEGATE: webViewDidChangeSelection:WebViewDidChangeSelectionNotification
layer at (0,0) size 980x735
  RenderView at (0,0) size 980x735
layer at (0,0) size 980x735
  RenderBlock {HTML} at (0,0) size 980x735
    RenderBody {BODY} at (8,8) size 964x719
      RenderBlock {P} at (0,0) size 964x19
        RenderText {#text} at (0,0) size 520x19
          text run at (0,0) width 520: "This tests for a bug where images would act as word boundaries."
      RenderBlock {DIV} at (0,35) size 964x107
        RenderText {#text} at (0,88) size 494x19
          text run at (0,88) width 494: "The caret should be just before the second to last word in this"
        RenderImage {IMG} at (494,0) size 76x103
        RenderText {#text} at (570,88) size 78x19
          text run at (570,88) width 78: "sentence."
caret: position 59 of child 0 {#text} of child 2 {DIV} of body
