layer at (0,0) size 980x735
  RenderView at (0,0) size 980x735
layer at (0,0) size 980x735
  RenderBlock {HTML} at (0,0) size 980x735
    RenderBody {BODY} at (8,8) size 964x719
      RenderBlock {P} at (0,0) size 964x19
        RenderText {#text} at (0,0) size 832x19
          text run at (0,0) width 832: "This tests for an ASSERTion failure when setting the main frame's selection inside a node in a subframe."
      RenderBlock (anonymous) at (0,35) size 964x154
        RenderPartObject {IFRAME} at (0,0) size 304x154 [border: (2px inset #000000)]
          layer at (0,0) size 300x150
            RenderView at (0,0) size 300x150
          layer at (0,0) size 300x150
            RenderBlock {HTML} at (0,0) size 300x150
              RenderBody {BODY} at (8,8) size 284x134
                RenderText {#text} at (0,0) size 87x19
                  text run at (0,0) width 87: "hello world"
        RenderText {#text} at (0,0) size 0x0
        RenderText {#text} at (0,0) size 0x0
