layer at (0,0) size 980x735
  RenderView at (0,0) size 980x735
layer at (0,0) size 980x735
  RenderBlock {HTML} at (0,0) size 980x735
    RenderBody {BODY} at (8,8) size 964x719
      RenderBlock {P} at (0,0) size 964x57
        RenderText {#text} at (0,0) size 947x57
          text run at (0,0) width 900: "This tests for a crash when performing a selection modification, when a node containing the selection was made"
          text run at (0,19) width 536: "invisible, and when there is nowhere visible for the selection to go. "
          text run at (536,19) width 411: "For example, set the caret inside of an editable div,"
          text run at (0,38) width 742: "and make the div invisible, then try to move the selection forward/backward by a paragraph."
      RenderBlock {DIV} at (0,73) size 964x19
caret: position 0 of child 2 {DIV} of body
