layer at (0,0) size 980x735
  RenderView at (0,0) size 980x735
layer at (0,0) size 980x735
  RenderBlock {HTML} at (0,0) size 980x735
    RenderBody {BODY} at (8,8) size 964x719
      RenderBlock {P} at (0,0) size 964x57
        RenderText {#text} at (0,0) size 917x57
          text run at (0,0) width 902: "This tests for a bug when moving the caret forward by a line from a range selection with a horizontal position for"
          text run at (0,19) width 238: "vertical arrow navigation set. "
          text run at (238,19) width 679: "To match TextEdit, the caret should be between the second and third 'x's in the forth"
          text run at (0,38) width 89: "paragraph."
      RenderBlock {DIV} at (0,73) size 964x76
        RenderText {#text} at (0,0) size 27x19
          text run at (0,0) width 27: "xxx"
        RenderBR {BR} at (27,15) size 0x0
        RenderText {#text} at (0,19) size 27x19
          text run at (0,19) width 27: "xxx"
        RenderBR {BR} at (27,34) size 0x0
        RenderText {#text} at (0,38) size 9x19
          text run at (0,38) width 9: "x"
        RenderBR {BR} at (9,53) size 0x0
        RenderText {#text} at (0,57) size 27x19
          text run at (0,57) width 27: "xxx"
        RenderBR {BR} at (27,72) size 0x0
caret: position 3 of child 6 {#text} of child 2 {DIV} of body
