layer at (0,0) size 980x735
  RenderView at (0,0) size 980x735
layer at (0,0) size 980x735
  RenderBlock {HTML} at (0,0) size 980x735
    RenderBody {BODY} at (8,8) size 964x719
      RenderBlock {P} at (0,0) size 964x19
        RenderText {#text} at (0,0) size 820x19
          text run at (0,0) width 820: "This tests caret painting before a table, you should see a caret before the table containing 'foo' above."
      RenderBlock {DIV} at (0,35) size 964x27
        RenderTable {TABLE} at (0,0) size 34x27 [border: (1px solid #AAAAAA)]
          RenderTableSection {TBODY} at (1,1) size 32x25
            RenderTableRow {TR} at (0,2) size 32x21
              RenderTableCell {TD} at (2,2) size 28x21 [r=0 c=0 rs=1 cs=1]
                RenderText {#text} at (1,1) size 26x19
                  text run at (1,1) width 26: "foo"
caret: position 0 of child 0 {TABLE} of child 2 {DIV} of body
