layer at (0,0) size 980x735
  RenderView at (0,0) size 980x735
layer at (0,0) size 980x735
  RenderBlock {HTML} at (0,0) size 980x735
    RenderBody {BODY} at (8,8) size 964x711
      RenderBlock {P} at (0,0) size 964x38
        RenderText {#text} at (0,0) size 955x38
          text run at (0,0) width 955: "This tests for a bug where moving the selection to the end of the document would move it outside of an editable region"
          text run at (0,19) width 335: "if the selection started just before a table."
      RenderBlock {DIV} at (0,54) size 964x46
        RenderTable {TABLE} at (0,0) size 34x27 [border: (1px solid #AAAAAA)]
          RenderTableSection {TBODY} at (1,1) size 32x25
            RenderTableRow {TR} at (0,2) size 32x21
              RenderTableCell {TD} at (2,2) size 28x21 [r=0 c=0 rs=1 cs=1]
                RenderText {#text} at (1,1) size 26x19
                  text run at (1,1) width 26: "foo"
        RenderBlock (anonymous) at (0,27) size 964x19
          RenderText {#text} at (0,0) size 27x19
            text run at (0,0) width 27: "bar"
      RenderBlock {P} at (0,116) size 964x19
        RenderText {#text} at (0,0) size 725x19
          text run at (0,0) width 725: "In the above editable region, you should see 'foo' in the bordered table and 'bar' outside it."
caret: position 3 of child 1 {#text} of child 2 {DIV} of body
