layer at (0,0) size 980x735
  RenderView at (0,0) size 980x735
layer at (0,0) size 980x735
  RenderBlock {HTML} at (0,0) size 980x735
    RenderBody {BODY} at (8,8) size 964x719
      RenderBlock {P} at (0,0) size 964x38
        RenderText {#text} at (0,0) size 907x38
          text run at (0,0) width 266: "This tests Selection::addRange(). "
          text run at (266,0) width 641: "It should have no effect if the range passed to it does not intersect the currently"
          text run at (0,19) width 129: "selected range. "
          text run at (129,19) width 207: "'3456' should be selected."
      RenderBlock {DIV} at (0,54) size 964x19
        RenderText {#text} at (0,0) size 90x19
          text run at (0,0) width 90: "123456789"
selection start: position 2 of child 0 {#text} of child 2 {DIV} of body
selection end:   position 6 of child 0 {#text} of child 2 {DIV} of body
