EDITING DELEGATE: shouldBeginEditingInDOMRange:range from 0 of DIV > BODY > HTML > #document to 3 of DIV > BODY > HTML > #document
EDITING DELEGATE: webViewDidBeginEditing:WebViewDidBeginEditingNotification
EDITING DELEGATE: webViewDidChangeSelection:WebViewDidChangeSelectionNotification
EDITING DELEGATE: webViewDidChangeSelection:WebViewDidChangeSelectionNotification
EDITING DELEGATE: webViewDidChangeSelection:WebViewDidChangeSelectionNotification
EDITING DELEGATE: webViewDidChangeSelection:WebViewDidChangeSelectionNotification
EDITING DELEGATE: webViewDidChangeSelection:WebViewDidChangeSelectionNotification
layer at (0,0) size 980x735
  RenderView at (0,0) size 980x735
layer at (0,0) size 980x735
  RenderBlock {HTML} at (0,0) size 980x735
    RenderBody {BODY} at (8,8) size 964x711
      RenderBlock {P} at (0,0) size 964x57
        RenderInline {B} at (0,0) size 406x19
          RenderText {#text} at (0,0) size 406x19
            text run at (0,0) width 406: "Make sure that your window is small enough"
        RenderText {#text} at (406,0) size 941x57
          text run at (406,0) width 535: " so that 'don't select this line' and 'try to select just this line' appear"
          text run at (0,19) width 179: "on two different lines. "
          text run at (179,19) width 744: "The two phrases are actually in the same paragraph, there are just lots of spaces in between"
          text run at (0,38) width 47: "them."
      RenderBlock {P} at (0,73) size 964x38
        RenderText {#text} at (0,0) size 132x19
          text run at (0,0) width 132: "This is a test for "
        RenderInline {A} at (0,0) size 446x19 [color=#0000EE]
          RenderText {#text} at (132,0) size 446x19
            text run at (132,0) width 446: "REGRESSION: Selection includes spaces that it shouldn't"
        RenderText {#text} at (578,0) size 944x38
          text run at (578,0) width 366: ". The test makes sure that a word that is right"
          text run at (0,19) width 368: "after a line wrap can be selected successfully."
      RenderBlock {P} at (0,127) size 964x0
      RenderBlock {DIV} at (16,127) size 932x40 [border: (1px solid #000000)]
        RenderText {#text} at (1,1) size 930x19
          text run at (1,1) width 123: "don't select me"
          text run at (124,1) width 807: "                                                                                                                                                                                                                                                                                                                                                             "
        RenderInline {I} at (0,0) size 197x19
          RenderText {#text} at (1,20) size 197x19
            text run at (1,20) width 197: "try to select just this text"
        RenderText {#text} at (0,0) size 0x0
selection start: position 0 of child 0 {#text} of child 1 {I} of child 7 {DIV} of body
selection end:   position 3 of child 0 {#text} of child 1 {I} of child 7 {DIV} of body
