layer at (0,0) size 980x735
  RenderView at (0,0) size 980x735
layer at (0,0) size 980x735
  RenderBlock {HTML} at (0,0) size 980x735
    RenderBody {BODY} at (8,8) size 964x719
      RenderBlock {P} at (0,0) size 964x38
        RenderText {#text} at (0,0) size 67x19
          text run at (0,0) width 67: "Test for "
        RenderInline {I} at (0,0) size 912x38
          RenderInline {A} at (0,0) size 372x19 [color=#0000EE]
            RenderText {#text} at (67,0) size 372x19
              text run at (67,0) width 372: "http://bugs.webkit.org/show_bug.cgi?id=14347"
          RenderText {#text} at (439,0) size 912x38
            text run at (439,0) width 5: " "
            text run at (444,0) width 468: "REGRESSION (r21291): Initiating a drag near the edge of a"
            text run at (0,19) width 166: "selection deselects it"
        RenderText {#text} at (166,19) size 5x19
          text run at (166,19) width 5: "."
      RenderBlock {P} at (0,54) size 964x19
        RenderText {#text} at (0,0) size 418x19
          text run at (0,0) width 418: "Drag the selected letter W into the yellow rectangle."
      RenderBlock {DIV} at (0,89) size 964x84
        RenderText {#text} at (0,0) size 71x84
          text run at (0,0) width 71: "W"
      RenderBlock {DIV} at (0,173) size 964x84 [bgcolor=#FFFFCC]
caret: position 0 of child 6 {DIV} of body
