EDITING DELEGATE: shouldChangeSelectedDOMRange:(null) toDOMRange:range from 5 of #text > PRE > BODY > HTML > #document to 5 of #text > PRE > BODY > HTML > #document affinity:NSSelectionAffinityDownstream stillSelecting:FALSE
EDITING DELEGATE: webViewDidChangeSelection:WebViewDidChangeSelectionNotification
EDITING DELEGATE: webViewDidChangeSelection:WebViewDidChangeSelectionNotification
EDITING DELEGATE: shouldChangeSelectedDOMRange:range from 5 of #text > PRE > BODY > HTML > #document to 5 of #text > PRE > BODY > HTML > #document toDOMRange:range from 4 of #text > PRE > BODY > HTML > #document to 6 of #text > PRE > BODY > HTML > #document affinity:NSSelectionAffinityDownstream stillSelecting:FALSE
EDITING DELEGATE: webViewDidChangeSelection:WebViewDidChangeSelectionNotification
EDITING DELEGATE: webViewDidChangeSelection:WebViewDidChangeSelectionNotification
layer at (0,0) size 980x735
  RenderView at (0,0) size 980x735
layer at (0,0) size 980x735
  RenderBlock {HTML} at (0,0) size 980x735
    RenderBody {BODY} at (0,0) size 980x722
      RenderBlock {PRE} at (0,0) size 980x75
        RenderText {#text} at (0,0) size 32x60
          text run at (0,0) width 32: "Test."
          text run at (32,0) width 0: " "
          text run at (0,15) width 32: "Test."
          text run at (32,15) width 0: " "
          text run at (0,30) width 0: " "
          text run at (0,45) width 0: " "
        RenderText {#text} at (0,60) size 0x15
          text run at (0,60) width 0: " "
selection start: position 4 of child 0 {#text} of child 1 {PRE} of body
selection end:   position 6 of child 0 {#text} of child 1 {PRE} of body
