EDITING DELEGATE: shouldBeginEditingInDOMRange:range from 0 of DIV > BODY > HTML > #document to 1 of DIV > BODY > HTML > #document
EDITING DELEGATE: webViewDidBeginEditing:WebViewDidBeginEditingNotification
EDITING DELEGATE: webViewDidChangeSelection:WebViewDidChangeSelectionNotification
layer at (0,0) size 980x735
  RenderView at (0,0) size 980x735
layer at (0,0) size 980x735
  RenderBlock {HTML} at (0,0) size 980x735
    RenderBody {BODY} at (8,8) size 964x719
      RenderBlock {DIV} at (0,0) size 964x48
        RenderTable {TABLE} at (0,0) size 964x48 [border: (1px solid #AAAAAA)]
          RenderTableSection {TBODY} at (1,1) size 962x46
            RenderTableRow {TR} at (0,2) size 962x42
              RenderTableCell {TD} at (2,2) size 958x42 [border: (1px solid #AAAAAA)] [r=0 c=0 rs=1 cs=1]
                RenderText {#text} at (2,2) size 928x38
                  text run at (2,2) width 923: "This tests for a Mail crasher that happened when a selection was created with one endpoint in non-editable content"
                  text run at (925,2) width 5: " "
                  text run at (2,21) width 268: "and the other in editable content."
caret: position 0 of child 0 {TABLE} of child 1 {DIV} of body
