EDITING DELEGATE: shouldBeginEditingInDOMRange:range from 0 of BODY > HTML > #document to 5 of BODY > HTML > #document
EDITING DELEGATE: webViewDidBeginEditing:WebViewDidBeginEditingNotification
EDITING DELEGATE: shouldChangeSelectedDOMRange:(null) toDOMRange:range from 6 of #text > A > BODY > HTML > #document to 6 of #text > A > BODY > HTML > #document affinity:NSSelectionAffinityDownstream stillSelecting:FALSE
EDITING DELEGATE: webViewDidChangeSelection:WebViewDidChangeSelectionNotification
EDITING DELEGATE: webViewDidChangeSelection:WebViewDidChangeSelectionNotification
layer at (0,0) size 980x735
  RenderView at (0,0) size 980x735
layer at (0,0) size 980x735
  RenderBlock {HTML} at (0,0) size 980x735
    RenderBody {BODY} at (8,8) size 964x719
      RenderText {#text} at (0,0) size 79x19
        text run at (0,0) width 79: "This is an "
      RenderInline {A} at (0,0) size 96x19 [color=#0000EE]
        RenderText {#text} at (79,0) size 96x19
          text run at (79,0) width 96: "editable link"
      RenderText {#text} at (175,0) size 5x19
        text run at (175,0) width 5: "."
caret: position 6 of child 0 {#text} of child 3 {A} of body
