EDITING DELEGATE: shouldBeginEditingInDOMRange:range from 0 of DIV > BODY > HTML > #document to 3 of DIV > BODY > HTML > #document
EDITING DELEGATE: webViewDidBeginEditing:WebViewDidBeginEditingNotification
EDITING DELEGATE: webViewDidChangeSelection:WebViewDidChangeSelectionNotification
EDITING DELEGATE: webViewDidChangeSelection:WebViewDidChangeSelectionNotification
EDITING DELEGATE: webViewDidChangeSelection:WebViewDidChangeSelectionNotification
EDITING DELEGATE: webViewDidChangeSelection:WebViewDidChangeSelectionNotification
EDITING DELEGATE: webViewDidChangeSelection:WebViewDidChangeSelectionNotification
EDITING DELEGATE: webViewDidChangeSelection:WebViewDidChangeSelectionNotification
layer at (0,0) size 980x735
  RenderView at (0,0) size 980x735
layer at (0,0) size 980x735
  RenderBlock {HTML} at (0,0) size 980x735
    RenderBody {BODY} at (8,8) size 964x719
      RenderBlock {DIV} at (0,0) size 964x56 [border: (2px solid #FF0000)]
        RenderBlock {DIV} at (14,14) size 936x28
          RenderText {#text} at (0,0) size 38x28
            text run at (0,0) width 38: "foo"
          RenderInline {SPAN} at (0,0) size 26x28
            RenderText {#text} at (38,0) size 26x28
              text run at (38,0) width 26: "\x{9}"
          RenderText {#text} at (64,0) size 40x28
            text run at (64,0) width 40: "bar"
selection start: position 0 of child 2 {#text} of child 1 {DIV} of child 1 {DIV} of body
selection end:   position 3 of child 2 {#text} of child 1 {DIV} of child 1 {DIV} of body
