layer at (0,0) size 980x735
  RenderView at (0,0) size 980x735
layer at (0,0) size 980x735
  RenderBlock {HTML} at (0,0) size 980x735
    RenderBody {BODY} at (8,8) size 964x711
      RenderBlock {P} at (0,0) size 964x38
        RenderText {#text} at (0,0) size 67x19
          text run at (0,0) width 67: "Test for "
        RenderInline {I} at (0,0) size 894x38
          RenderInline {A} at (0,0) size 372x19 [color=#0000EE]
            RenderText {#text} at (67,0) size 372x19
              text run at (67,0) width 372: "http://bugs.webkit.org/show_bug.cgi?id=14911"
          RenderText {#text} at (439,0) size 894x38
            text run at (439,0) width 5: " "
            text run at (444,0) width 450: "REGRESSION: Clicking in pasted text doesn't position the"
            text run at (0,19) width 190: "insertion point correctly"
        RenderText {#text} at (190,19) size 5x19
          text run at (190,19) width 5: "."
      RenderBlock {P} at (0,54) size 964x19
        RenderText {#text} at (0,0) size 700x19
          text run at (0,0) width 658: "You should be able to select individual letters in \x{201C}ipsum\x{201D} by dragging in the yellow "
          text run at (658,0) width 42: "area "
        RenderInline {EM} at (0,0) size 49x19
          RenderText {#text} at (700,0) size 49x19
            text run at (700,0) width 49: "above"
        RenderText {#text} at (749,0) size 52x19
          text run at (749,0) width 52: " them."
      RenderBlock (floating) {DIV} at (0,89) size 105x80 [bgcolor=#FFFFAA]
        RenderInline {SPAN} at (0,0) size 105x19 [bgcolor=#FFFFFF]
          RenderText {#text} at (0,30) size 57x19
            text run at (0,30) width 57: "Lorem "
          RenderText {#text} at (57,30) size 48x19
            text run at (57,30) width 48: "ipsum"
        RenderText {#text} at (0,0) size 0x0
caret: position 5 of child 2 {#text} of child 1 {SPAN} of child 4 {DIV} of body
