EDITING DELEGATE: webViewDidChangeSelection:WebViewDidChangeSelectionNotification
layer at (0,0) size 980x735
  RenderView at (0,0) size 980x735
layer at (0,0) size 980x735
  RenderBlock {HTML} at (0,0) size 980x735
    RenderBody {BODY} at (8,8) size 964x719
      RenderBlock {P} at (0,0) size 964x19
        RenderText {#text} at (0,0) size 235x19
          text run at (0,0) width 235: "Only 'bar' should be selected."
      RenderBlock {DIV} at (0,35) size 52x78 [border: (1px solid #000000)]
        RenderText {#text} at (1,1) size 28x76
          text run at (1,1) width 26: "foo"
          text run at (1,20) width 27: "bar"
          text run at (1,39) width 28: "baz"
          text run at (1,58) width 26: "foo"
selection start: position 4 of child 0 {#text} of child 2 {DIV} of body
selection end:   position 7 of child 0 {#text} of child 2 {DIV} of body
