EDITING DELEGATE: webViewDidChangeSelection:WebViewDidChangeSelectionNotification
layer at (0,0) size 980x735
  RenderView at (0,0) size 980x735
layer at (0,0) size 980x735
  RenderBlock {HTML} at (0,0) size 980x735
    RenderBody {BODY} at (8,8) size 964x719
      RenderBlock {P} at (0,0) size 964x19
        RenderText {#text} at (0,0) size 288x19
          text run at (0,0) width 288: "Only 'baz' should be selected below."
      RenderBlock {DIV} at (50,35) size 52x59 [border: (1px solid #000000)]
        RenderText {#text} at (1,1) size 27x38
          text run at (1,1) width 26: "foo"
          text run at (1,20) width 27: "bar"
        RenderInline {A} at (0,0) size 28x19 [color=#0000EE]
          RenderText {#text} at (1,39) size 28x19
            text run at (1,39) width 28: "baz"
selection start: position 0 of child 0 {#text} of child 1 {A} of child 2 {DIV} of body
selection end:   position 3 of child 0 {#text} of child 1 {A} of child 2 {DIV} of body
