EDITING DELEGATE: shouldBeginEditingInDOMRange:range from 0 of SPAN > DIV > TD > TR > TBODY > TABLE > DIV > BODY > HTML > #document to 1 of SPAN > DIV > TD > TR > TBODY > TABLE > DIV > BODY > HTML > #document
EDITING DELEGATE: webViewDidBeginEditing:WebViewDidBeginEditingNotification
EDITING DELEGATE: webViewDidChangeSelection:WebViewDidChangeSelectionNotification
EDITING DELEGATE: webViewDidChangeSelection:WebViewDidChangeSelectionNotification
EDITING DELEGATE: shouldEndEditingInDOMRange:range from 0 of SPAN > DIV > TD > TR > TBODY > TABLE > DIV > BODY > HTML > #document to 1 of SPAN > DIV > TD > TR > TBODY > TABLE > DIV > BODY > HTML > #document
EDITING DELEGATE: webViewDidEndEditing:WebViewDidEndEditingNotification
EDITING DELEGATE: shouldBeginEditingInDOMRange:range from 0 of DIV > BODY > HTML > #document to 3 of DIV > BODY > HTML > #document
EDITING DELEGATE: webViewDidBeginEditing:WebViewDidBeginEditingNotification
EDITING DELEGATE: webViewDidChangeSelection:WebViewDidChangeSelectionNotification
layer at (0,0) size 980x735
  RenderView at (0,0) size 980x735
layer at (0,0) size 980x735
  RenderBlock {HTML} at (0,0) size 980x735
    RenderBody {BODY} at (8,8) size 964x719
      RenderBlock {P} at (0,0) size 964x38
        RenderText {#text} at (0,0) size 921x38
          text run at (0,0) width 921: "This tests moving the caret backward through content of mixed editability. The caret should back to just before the"
          text run at (0,19) width 114: "outlined table."
      RenderBlock {DIV} at (0,54) size 964x67
        RenderBlock (anonymous) at (0,0) size 964x19
          RenderText {#text} at (0,0) size 64x19
            text run at (0,0) width 64: "editable"
        RenderTable {TABLE} at (0,19) size 117x29 [border: (1px outset #808080)]
          RenderTableSection {TBODY} at (1,1) size 115x27
            RenderTableRow {TR} at (0,2) size 115x23
              RenderTableCell {TD} at (2,2) size 111x23 [border: (1px inset #808080)] [r=0 c=0 rs=1 cs=1]
                RenderBlock {DIV} at (2,2) size 107x19
                  RenderInline {SPAN} at (0,0) size 43x19
                    RenderText {#text} at (0,0) size 43x19
                      text run at (0,0) width 43: "static"
                  RenderInline {SPAN} at (0,0) size 64x19
                    RenderText {#text} at (43,0) size 64x19
                      text run at (43,0) width 64: "editable"
        RenderBlock (anonymous) at (0,48) size 964x19
          RenderText {#text} at (0,0) size 64x19
            text run at (0,0) width 64: "editable"
caret: position 0 of child 1 {TABLE} of child 2 {DIV} of body
