EDITING DELEGATE: shouldBeginEditingInDOMRange:range from 0 of TD > TR > TBODY > TABLE > DIV > BODY > HTML > #document to 1 of TD > TR > TBODY > TABLE > DIV > BODY > HTML > #document
EDITING DELEGATE: webViewDidBeginEditing:WebViewDidBeginEditingNotification
EDITING DELEGATE: webViewDidChangeSelection:WebViewDidChangeSelectionNotification
EDITING DELEGATE: shouldEndEditingInDOMRange:range from 0 of TD > TR > TBODY > TABLE > DIV > BODY > HTML > #document to 1 of TD > TR > TBODY > TABLE > DIV > BODY > HTML > #document
EDITING DELEGATE: webViewDidEndEditing:WebViewDidEndEditingNotification
EDITING DELEGATE: shouldBeginEditingInDOMRange:range from 0 of DIV > BODY > HTML > #document to 3 of DIV > BODY > HTML > #document
EDITING DELEGATE: webViewDidBeginEditing:WebViewDidBeginEditingNotification
EDITING DELEGATE: webViewDidChangeSelection:WebViewDidChangeSelectionNotification
layer at (0,0) size 980x735
  RenderView at (0,0) size 980x735
layer at (0,0) size 980x735
  RenderBlock {HTML} at (0,0) size 980x735
    RenderBody {BODY} at (8,8) size 964x719
      RenderBlock {P} at (0,0) size 964x38
        RenderText {#text} at (0,0) size 961x38
          text run at (0,0) width 586: "This tests moving the caret forward through content of mixed editability. "
          text run at (586,0) width 375: "The caret should move down one line from the"
          text run at (0,19) width 613: "editable piece to the editable piece that's embedded in a non-editable piece."
      RenderBlock {DIV} at (0,54) size 964x67
        RenderBlock (anonymous) at (0,0) size 964x19
          RenderText {#text} at (0,0) size 64x19
            text run at (0,0) width 64: "editable"
        RenderTable {TABLE} at (0,19) size 74x29 [border: (1px outset #808080)]
          RenderTableSection {TBODY} at (1,1) size 72x27
            RenderTableRow {TR} at (0,2) size 72x23
              RenderTableCell {TD} at (2,2) size 68x23 [border: (1px inset #808080)] [r=0 c=0 rs=1 cs=1]
                RenderText {#text} at (2,2) size 64x19
                  text run at (2,2) width 64: "editable"
        RenderBlock (anonymous) at (0,48) size 964x19
          RenderText {#text} at (0,0) size 64x19
            text run at (0,0) width 64: "editable"
caret: position 9 of child 2 {#text} of child 2 {DIV} of body
