EDITING DELEGATE: shouldBeginEditingInDOMRange:range from 0 of DIV > BODY > HTML > #document to 3 of DIV > BODY > HTML > #document
EDITING DELEGATE: webViewDidBeginEditing:WebViewDidBeginEditingNotification
EDITING DELEGATE: webViewDidChangeSelection:WebViewDidChangeSelectionNotification
layer at (0,0) size 980x735
  RenderView at (0,0) size 980x735
layer at (0,0) size 980x735
  RenderBlock {HTML} at (0,0) size 980x735
    RenderBody {BODY} at (8,8) size 964x719
      RenderBlock {DIV} at (0,0) size 964x28
        RenderInline {SPAN} at (0,0) size 137x28
          RenderText {#text} at (0,0) size 137x28
            text run at (0,0) width 46: "foo "
            text run at (46,0) width 48: "bar "
            text run at (94,0) width 43: "baz"
        RenderText {#text} at (0,0) size 0x0
caret: position 0 of child 0 {#text} of child 1 {SPAN} of child 1 {DIV} of body
