EDITING DELEGATE: shouldBeginEditingInDOMRange:range from 0 of DIV > BODY > HTML > #document to 3 of DIV > BODY > HTML > #document
EDITING DELEGATE: webViewDidBeginEditing:WebViewDidBeginEditingNotification
EDITING DELEGATE: webViewDidChangeSelection:WebViewDidChangeSelectionNotification
EDITING DELEGATE: webViewDidChangeSelection:WebViewDidChangeSelectionNotification
EDITING DELEGATE: webViewDidChangeSelection:WebViewDidChangeSelectionNotification
EDITING DELEGATE: webViewDidChangeSelection:WebViewDidChangeSelectionNotification
EDITING DELEGATE: webViewDidChangeSelection:WebViewDidChangeSelectionNotification
layer at (0,0) size 980x735
  RenderView at (0,0) size 980x735
layer at (0,0) size 980x735
  RenderBlock {HTML} at (0,0) size 980x735
    RenderBody {BODY} at (8,8) size 964x719
      RenderBlock {DIV} at (0,0) size 964x194 [border: (2px solid #FF0000)]
        RenderBlock {DIV} at (14,14) size 936x166
          RenderTable {TABLE} at (0,0) size 72x166 [border: (1px outset #808080)]
            RenderTableSection {TBODY} at (1,1) size 70x164
              RenderTableRow {TR} at (0,2) size 70x54
                RenderTableCell {TD} at (2,2) size 66x54 [border: (1px inset #808080)] [r=0 c=0 rs=1 cs=1]
                  RenderText {#text} at (13,13) size 38x28
                    text run at (13,13) width 38: "foo"
              RenderTableRow {TR} at (0,58) size 70x48
                RenderTableCell {TD} at (2,69) size 66x26 [border: (1px inset #808080)] [r=1 c=0 rs=1 cs=1]
              RenderTableRow {TR} at (0,108) size 70x54
                RenderTableCell {TD} at (2,108) size 66x54 [border: (1px inset #808080)] [r=2 c=0 rs=1 cs=1]
                  RenderText {#text} at (13,13) size 40x28
                    text run at (13,13) width 40: "bar"
caret: position 2 of child 1 {TABLE} of child 1 {DIV} of child 1 {DIV} of body
