EDITING DELEGATE: shouldBeginEditingInDOMRange:range from 0 of BODY > HTML > #document to 5 of BODY > HTML > #document
EDITING DELEGATE: webViewDidBeginEditing:WebViewDidBeginEditingNotification
EDITING DELEGATE: webViewDidChangeSelection:WebViewDidChangeSelectionNotification
EDITING DELEGATE: webViewDidChangeSelection:WebViewDidChangeSelectionNotification
EDITING DELEGATE: webViewDidChangeSelection:WebViewDidChangeSelectionNotification
layer at (0,0) size 980x735
  RenderView at (0,0) size 980x735
layer at (0,0) size 980x735
  RenderBlock {HTML} at (0,0) size 980x735
    RenderBody {BODY} at (8,8) size 964x719 [border: (2px solid #FF0000)]
      RenderBlock {DIV} at (14,14) size 936x56
        RenderText {#text} at (0,0) size 175x28
          text run at (0,0) width 175: "There is a tide"
        RenderBR {BR} at (175,22) size 0x0
        RenderText {#text} at (0,28) size 245x28
          text run at (0,28) width 245: "in the affairs of men"
      RenderBlock {DIV} at (14,70) size 936x28
        RenderText {#text} at (0,0) size 297x28
          text run at (0,0) width 297: "Which taken at the flood"
caret: position 0 of child 2 {#text} of child 1 {DIV} of body
