EDITING DELEGATE: shouldBeginEditingInDOMRange:range from 0 of DIV > BODY > HTML > #document to 4 of DIV > BODY > HTML > #document
EDITING DELEGATE: webViewDidBeginEditing:WebViewDidBeginEditingNotification
EDITING DELEGATE: webViewDidChangeSelection:WebViewDidChangeSelectionNotification
EDITING DELEGATE: webViewDidChangeSelection:WebViewDidChangeSelectionNotification
EDITING DELEGATE: webViewDidChangeSelection:WebViewDidChangeSelectionNotification
layer at (0,0) size 980x735
  RenderView at (0,0) size 980x735
layer at (0,0) size 980x735
  RenderBlock {HTML} at (0,0) size 980x735
    RenderBody {BODY} at (8,8) size 964x719
      RenderBlock {DIV} at (0,0) size 964x216 [border: (2px solid #FF0000)]
        RenderBlock {DIV} at (14,38) size 936x140
          RenderBlock {OL} at (0,0) size 936x140
            RenderListItem {LI} at (40,0) size 896x28
              RenderListMarker at (-38,0) size 31x28: "1"
              RenderText {#text} at (0,0) size 45x28
                text run at (0,0) width 45: "one"
            RenderListItem {LI} at (40,28) size 896x28
              RenderListMarker at (-38,0) size 31x28: "2"
              RenderText {#text} at (0,0) size 44x28
                text run at (0,0) width 44: "two"
            RenderListItem {LI} at (40,56) size 896x28
              RenderListMarker at (-38,0) size 31x28: "3"
              RenderBR {BR} at (0,0) size 0x28
            RenderListItem {LI} at (40,84) size 896x28
              RenderListMarker at (-38,0) size 31x28: "4"
              RenderText {#text} at (0,0) size 48x28
                text run at (0,0) width 48: "four"
            RenderListItem {LI} at (40,112) size 896x28
              RenderListMarker at (-38,0) size 31x28: "5"
              RenderText {#text} at (0,0) size 44x28
                text run at (0,0) width 44: "five"
caret: position 0 of child 0 {BR} of child 2 {LI} of child 1 {OL} of child 1 {DIV} of child 1 {DIV} of body
