layer at (0,0) size 980x735
  RenderView at (0,0) size 980x735
layer at (0,0) size 980x735
  RenderBlock {HTML} at (0,0) size 980x735
    RenderBody {BODY} at (8,8) size 964x719
      RenderBlock {P} at (0,0) size 964x38
        RenderText {#text} at (0,0) size 715x19
          text run at (0,0) width 715: "This tests for sentence boundary when there are empty line breaks between lines of text."
        RenderBR {BR} at (715,15) size 0x0
        RenderText {#text} at (0,19) size 627x19
          text run at (0,19) width 627: "The result insertion point should be at the end of the sentence \"How are you?\""
      RenderBlock {DIV} at (0,54) size 964x114
        RenderBlock (anonymous) at (0,0) size 964x19
          RenderText {#text} at (0,0) size 38x19
            text run at (0,0) width 38: "hello"
        RenderBlock {DIV} at (0,19) size 964x19
          RenderBR {BR} at (0,0) size 0x19
        RenderBlock {DIV} at (0,38) size 964x19
          RenderText {#text} at (0,0) size 44x19
            text run at (0,0) width 44: "world"
        RenderBlock {DIV} at (0,57) size 964x19
          RenderBR {BR} at (0,0) size 0x19
        RenderBlock {DIV} at (0,76) size 964x19
          RenderBR {BR} at (0,0) size 0x19
        RenderBlock {DIV} at (0,95) size 964x19
          RenderText {#text} at (0,0) size 328x19
            text run at (0,0) width 109: "This is a test. "
            text run at (109,0) width 115: "How are you? "
            text run at (224,0) width 104: "Life is sweet!"
caret: position 30 of child 0 {#text} of child 9 {DIV} of child 2 {DIV} of body
