EDITING DELEGATE: webViewDidChangeSelection:WebViewDidChangeSelectionNotification
EDITING DELEGATE: webViewDidChangeSelection:WebViewDidChangeSelectionNotification
layer at (0,0) size 980x735
  RenderView at (0,0) size 980x735
layer at (0,0) size 980x735
  RenderBlock {HTML} at (0,0) size 980x735
    RenderBody {BODY} at (8,8) size 964x719
      RenderBlock {P} at (0,0) size 964x38
        RenderText {#text} at (0,0) size 939x38
          text run at (0,0) width 882: "This tests behavior when a node that serves as the start or end of a selection is removed from the document. "
          text run at (882,0) width 57: "Ideally,"
          text run at (0,19) width 848: "we would just adjust the selection when an endpoint is removed, for now, we just blow away the selection."
      RenderBlock {P} at (0,54) size 964x38
        RenderText {#text} at (0,0) size 963x38
          text run at (0,0) width 614: "This test creates a selection that ends inside of a node that will be removed. "
          text run at (614,0) width 220: "Then the node is removed. "
          text run at (834,0) width 129: "There should be"
          text run at (0,19) width 185: "no selection afterward."
      RenderBlock {DIV} at (0,108) size 964x19
        RenderText {#text} at (0,0) size 43x19
          text run at (0,0) width 43: "hello "
        RenderText {#text} at (43,0) size 50x19
          text run at (43,0) width 50: "world!"
selection start: position 1 of child 0 {#text} of child 5 {DIV} of body
selection end:   position 1 of child 5 {DIV} of body
