EDITING DELEGATE: shouldBeginEditingInDOMRange:range from 0 of DIV > BODY > HTML > #document to 3 of DIV > BODY > HTML > #document
EDITING DELEGATE: webViewDidBeginEditing:WebViewDidBeginEditingNotification
EDITING DELEGATE: webViewDidChangeSelection:WebViewDidChangeSelectionNotification
EDITING DELEGATE: shouldChangeSelectedDOMRange:range from 0 of DIV > BODY > HTML > #document to 0 of DIV > BODY > HTML > #document toDOMRange:range from 1 of #text > DIV > BODY > HTML > #document to 3 of #text > DIV > BODY > HTML > #document affinity:NSSelectionAffinityDownstream stillSelecting:FALSE
EDITING DELEGATE: webViewDidChangeSelection:WebViewDidChangeSelectionNotification
EDITING DELEGATE: webViewDidChangeSelection:WebViewDidChangeSelectionNotification
EDITING DELEGATE: webViewDidChangeSelection:WebViewDidChangeSelectionNotification
EDITING DELEGATE: webViewDidChangeSelection:WebViewDidChangeSelectionNotification
EDITING DELEGATE: webViewDidChangeSelection:WebViewDidChangeSelectionNotification
layer at (0,0) size 980x735
  RenderView at (0,0) size 980x735
layer at (0,0) size 980x735
  RenderBlock {HTML} at (0,0) size 980x735
    RenderBody {BODY} at (8,8) size 964x719
      RenderBlock {P} at (0,0) size 964x38
        RenderText {#text} at (0,0) size 926x38
          text run at (0,0) width 926: "This tests that when a selection that starts at [replaced element, 1] is painted, the replaced element doesn't appear"
          text run at (0,19) width 77: "selected. "
          text run at (77,19) width 398: "This test uses an image for the replaced element."
      RenderBlock {DIV} at (0,54) size 964x107
        RenderText {#text} at (0,88) size 29x19
          text run at (0,88) width 29: "abc"
        RenderImage {IMG} at (29,0) size 76x103
        RenderText {#text} at (105,88) size 26x19
          text run at (105,88) width 26: "def"
selection start: position 0 of child 2 {#text} of child 3 {DIV} of body
selection end:   position 3 of child 2 {#text} of child 3 {DIV} of body
