EDITING DELEGATE: shouldChangeSelectedDOMRange:(null) toDOMRange:range from 15 of #text > BODY > HTML > #document to 15 of #text > BODY > HTML > #document affinity:NSSelectionAffinityDownstream stillSelecting:FALSE
EDITING DELEGATE: webViewDidChangeSelection:WebViewDidChangeSelectionNotification
EDITING DELEGATE: webViewDidChangeSelection:WebViewDidChangeSelectionNotification
EDITING DELEGATE: shouldChangeSelectedDOMRange:range from 15 of #text > BODY > HTML > #document to 15 of #text > BODY > HTML > #document toDOMRange:range from 11 of #text > BODY > HTML > #document to 4 of #text > BODY > HTML > #document affinity:NSSelectionAffinityDownstream stillSelecting:FALSE
EDITING DELEGATE: webViewDidChangeSelection:WebViewDidChangeSelectionNotification
EDITING DELEGATE: webViewDidChangeSelection:WebViewDidChangeSelectionNotification
layer at (0,0) size 980x735
  RenderView at (0,0) size 980x735
layer at (0,0) size 980x735
  RenderBlock {HTML} at (0,0) size 980x735
    RenderBody {BODY} at (8,8) size 964x719
      RenderText {#text} at (0,0) size 958x38
        text run at (0,0) width 958: "This tests whether certain NSResponder methods that should only operate on editable regions modify a selection that is"
        text run at (0,19) width 200: "not in an editable region."
      RenderBR {BR} at (200,34) size 0x0
      RenderText {#text} at (0,38) size 106x19
        text run at (0,38) width 106: "This is a para"
      RenderInline {SPAN} at (0,0) size 10x19 [color=#0000FF]
        RenderText {#text} at (106,38) size 10x19
          text run at (106,38) width 10: "g"
      RenderText {#text} at (116,38) size 42x19
        text run at (116,38) width 42: "raph."
      RenderBR {BR} at (158,53) size 0x0
      RenderText {#text} at (0,57) size 82x19
        text run at (0,57) width 82: "Some text"
      RenderBR {BR} at (82,72) size 0x0
      RenderText {#text} at (0,76) size 82x19
        text run at (0,76) width 82: "Some text"
      RenderBR {BR} at (82,91) size 0x0
      RenderText {#text} at (0,95) size 82x19
        text run at (0,95) width 82: "Some text"
      RenderBR {BR} at (82,110) size 0x0
      RenderText {#text} at (0,114) size 82x19
        text run at (0,114) width 82: "Some text"
      RenderBR {BR} at (82,129) size 0x0
      RenderText {#text} at (0,133) size 158x19
        text run at (0,133) width 158: "This is a paragraph."
      RenderText {#text} at (0,0) size 0x0
selection start: position 11 of child 2 {#text} of body
selection end:   position 4 of child 4 {#text} of body
