layer at (0,0) size 980x735
  RenderView at (0,0) size 980x735
layer at (0,0) size 980x735
  RenderBlock {HTML} at (0,0) size 980x735
    RenderBody {BODY} at (8,8) size 964x719
      RenderBlock {H3} at (0,0) size 964x44
        RenderText {#text} at (0,0) size 90x22
          text run at (0,0) width 90: "Test for "
        RenderInline {A} at (0,0) size 200x22 [color=#0000EE]
          RenderText {#text} at (90,0) size 200x22
            text run at (90,0) width 200: "WebKit bug 29968"
        RenderText {#text} at (290,0) size 933x44
          text run at (290,0) width 643: ": Selecting text with text-overflow ellipsis should not show"
          text run at (0,22) width 120: "cut off text"
layer at (8,70) size 95x19 scrollWidth 151
  RenderBlock {DIV} at (0,62) size 95x19
    RenderText {#text} at (0,0) size 151x19
      text run at (0,0) width 151: "Lorem ipsum dolor"
selection start: position 0 of child 0 {#text} of child 3 {DIV} of body
selection end:   position 11 of child 0 {#text} of child 3 {DIV} of body
