EDITING DELEGATE: shouldBeginEditingInDOMRange:range from 0 of BODY > HTML > #document to 12 of BODY > HTML > #document
EDITING DELEGATE: webViewDidBeginEditing:WebViewDidBeginEditingNotification
EDITING DELEGATE: webViewDidChangeSelection:WebViewDidChangeSelectionNotification
EDITING DELEGATE: shouldChangeSelectedDOMRange:range from 6 of BODY > HTML > #document to 6 of BODY > HTML > #document toDOMRange:range from 1 of BODY > HTML > #document to 6 of BODY > HTML > #document affinity:NSSelectionAffinityDownstream stillSelecting:FALSE
EDITING DELEGATE: webViewDidChangeSelection:WebViewDidChangeSelectionNotification
EDITING DELEGATE: webViewDidChangeSelection:WebViewDidChangeSelectionNotification
layer at (0,0) size 980x1188
  RenderView at (0,0) size 980x735
layer at (0,0) size 980x1188
  RenderBlock {HTML} at (0,0) size 980x1188
    RenderBody {BODY} at (64,64) size 748x1060 [border: (50px solid #FF0000)]
      RenderBlock (anonymous) at (74,74) size 600x912
        RenderBR {BR} at (0,10) size 0x28
        RenderBR {BR} at (0,58) size 0x28
        RenderText {#text} at (0,106) size 600x748
          text run at (0,106) width 530: "Four score and seven years ago our fathers"
          text run at (530,106) width 8: " "
          text run at (0,154) width 589: "brought forth, upon this continent, a new nation,"
          text run at (589,154) width 8: " "
          text run at (0,202) width 510: "conceived in Liberty, and dedicated to the"
          text run at (510,202) width 8: " "
          text run at (0,250) width 582: "proposition that all men are created equal. Now"
          text run at (582,250) width 8: " "
          text run at (0,298) width 529: "we are engaged in a great civil war, testing"
          text run at (529,298) width 8: " "
          text run at (0,346) width 598: "whether that nation, or any nation, so conceived,"
          text run at (598,346) width 2: " "
          text run at (0,394) width 578: "and so dedicated, can long endure. We are met"
          text run at (578,394) width 8: " "
          text run at (0,442) width 580: "here on a great battlefield of that war. We have"
          text run at (580,442) width 8: " "
          text run at (0,490) width 593: "come to dedicate a portion of it as a final resting"
          text run at (593,490) width 7: " "
          text run at (0,538) width 553: "place for those who here gave their lives that"
          text run at (553,538) width 8: " "
          text run at (0,586) width 584: "that nation might live. It is altogether fitting and"
          text run at (584,586) width 8: " "
          text run at (0,634) width 554: "proper that we should do this. Four score and"
          text run at (554,634) width 8: " "
          text run at (0,682) width 584: "seven years ago our fathers brought forth, upon"
          text run at (584,682) width 8: " "
          text run at (0,730) width 506: "this continent, a new nation, conceived in"
          text run at (506,730) width 8: " "
          text run at (0,778) width 587: "Liberty, and dedicated to the proposition that all"
          text run at (587,778) width 8: " "
          text run at (0,826) width 292: "men are created equal. "
        RenderBR {BR} at (292,848) size 0x0
        RenderBR {BR} at (0,874) size 0x28
      RenderBlock {DIV} at (74,986) size 600x0
selection start: position 0 of child 1 {BR} of body
selection end:   position 1 of child 5 {BR} of body
