EDITING DELEGATE: webViewDidChangeSelection:WebViewDidChangeSelectionNotification
EDITING DELEGATE: shouldBeginEditingInDOMRange:range from 0 of BODY > HTML > #document to 4 of BODY > HTML > #document
EDITING DELEGATE: webViewDidBeginEditing:WebViewDidBeginEditingNotification
EDITING DELEGATE: shouldChangeSelectedDOMRange:range from 0 of DIV > BODY > HTML > #document to 0 of DIV > BODY > HTML > #document toDOMRange:range from 11 of #text > DIV > BODY > HTML > #document to 11 of #text > DIV > BODY > HTML > #document affinity:NSSelectionAffinityDownstream stillSelecting:FALSE
EDITING DELEGATE: webViewDidChangeSelection:WebViewDidChangeSelectionNotification
EDITING DELEGATE: webViewDidChangeSelection:WebViewDidChangeSelectionNotification
EDITING DELEGATE: shouldChangeSelectedDOMRange:range from 11 of #text > DIV > BODY > HTML > #document to 11 of #text > DIV > BODY > HTML > #document toDOMRange:range from 0 of #text > DIV > BODY > HTML > #document to 11 of #text > DIV > BODY > HTML > #document affinity:NSSelectionAffinityDownstream stillSelecting:FALSE
EDITING DELEGATE: webViewDidChangeSelection:WebViewDidChangeSelectionNotification
EDITING DELEGATE: webViewDidChangeSelection:WebViewDidChangeSelectionNotification
EDITING DELEGATE: shouldDeleteDOMRange:range from 0 of #text > DIV > BODY > HTML > #document to 11 of #text > DIV > BODY > HTML > #document
EDITING DELEGATE: webViewDidChangeSelection:WebViewDidChangeSelectionNotification
EDITING DELEGATE: webViewDidChangeSelection:WebViewDidChangeSelectionNotification
EDITING DELEGATE: shouldChangeSelectedDOMRange:range from 0 of DIV > BODY > HTML > #document to 0 of DIV > BODY > HTML > #document toDOMRange:range from 0 of DIV > BODY > HTML > #document to 0 of DIV > BODY > HTML > #document affinity:NSSelectionAffinityDownstream stillSelecting:FALSE
EDITING DELEGATE: webViewDidChangeSelection:WebViewDidChangeSelectionNotification
EDITING DELEGATE: webViewDidChange:WebViewDidChangeNotification
EDITING DELEGATE: webViewDidChangeSelection:WebViewDidChangeSelectionNotification
layer at (0,0) size 980x735
  RenderView at (0,0) size 980x735
layer at (0,0) size 980x735
  RenderBlock {HTML} at (0,0) size 980x735
    RenderBody {BODY} at (8,8) size 964x711
      RenderBlock (anonymous) at (0,0) size 964x173
        RenderPartObject {IFRAME} at (0,0) size 304x154 [border: (2px inset #000000)]
          layer at (0,0) size 300x150
            RenderView at (0,0) size 300x150
          layer at (0,0) size 300x150
            RenderBlock {HTML} at (0,0) size 300x150
              RenderBody {BODY} at (8,8) size 284x134 [bgcolor=#FFFFE0]
                RenderBlock {DIV} at (0,0) size 284x19
                  RenderBR {BR} at (0,0) size 0x19
        RenderBR {BR} at (304,154) size 0x0
        RenderBR {BR} at (0,154) size 0x19
      RenderBlock {P} at (0,189) size 964x38
        RenderInline {B} at (0,0) size 915x19
          RenderText {#text} at (0,0) size 915x19
            text run at (0,0) width 685: "This test uses the eventSender to do a mouse click to focus the subframe. "
            text run at (685,0) width 230: "It won't run interactively."
        RenderText {#text} at (915,0) size 940x38
          text run at (915,0) width 5: " "
          text run at (920,0) width 20: "To"
          text run at (0,19) width 493: "run it manually, click on the iframe, Select All, then hit delete."
      RenderBlock (anonymous) at (0,243) size 964x57
        RenderText {#text} at (0,0) size 945x57
          text run at (0,0) width 943: "Selecting all the content in a contenteditable iframe should select the iframe itself (to help the user delete the iframe)"
          text run at (0,19) width 333: "only if the iframe is in an editable region. "
          text run at (333,19) width 547: "This test loads ../resources/select-all-iframe-src.html into an iframe. "
          text run at (880,19) width 65: "That file"
          text run at (0,38) width 216: "does a Select All + Delete. "
          text run at (216,38) width 213: "Two things should happen:"
      RenderBlock {UL} at (0,316) size 964x57
        RenderListItem {LI} at (40,0) size 924x38
          RenderListMarker at (-18,0) size 7x19: bullet
          RenderText {#text} at (0,0) size 924x38
            text run at (0,0) width 573: "The Select All operation should not select the iframe, only it's contents. "
            text run at (573,0) width 351: "The results of the Select All will be apparent"
            text run at (0,19) width 586: "from the delegate messages that DumpRenderTree receives and dumps."
        RenderListItem {LI} at (40,38) size 924x19
          RenderListMarker at (-18,0) size 7x19: bullet
          RenderText {#text} at (0,0) size 435x19
            text run at (0,0) width 435: "The contents of the editable iframe should be deleted."
