EDITING DELEGATE: shouldBeginEditingInDOMRange:range from 0 of DIV > BODY > HTML > #document to 1 of DIV > BODY > HTML > #document
EDITING DELEGATE: webViewDidBeginEditing:WebViewDidBeginEditingNotification
EDITING DELEGATE: webViewDidChangeSelection:WebViewDidChangeSelectionNotification
EDITING DELEGATE: webViewDidChangeSelection:WebViewDidChangeSelectionNotification
layer at (0,0) size 980x735
  RenderView at (0,0) size 980x735
layer at (0,0) size 980x735
  RenderBlock {HTML} at (0,0) size 980x735
    RenderBody {BODY} at (8,8) size 964x719
      RenderBlock {P} at (0,0) size 964x38
        RenderText {#text} at (0,0) size 936x38
          text run at (0,0) width 415: "This tests paragraphBoundary selection navigation. "
          text run at (415,0) width 521: "The caret should be at the end of the paragraph below, just after"
          text run at (0,19) width 117: "the select box."
      RenderBlock {DIV} at (0,54) size 964x29
        RenderMenuList {SELECT} at (2,2) size 36x25 [bgcolor=#FFFFFF]
          RenderBlock (anonymous) at (6,5) size 8x15
            RenderText at (0,0) size 8x15
              text run at (0,0) width 8: "1"
caret: position 1 of child 0 {SELECT} of child 2 {DIV} of body
