EDITING DELEGATE: shouldBeginEditingInDOMRange:range from 0 of DIV > BODY > HTML > #document to 3 of DIV > BODY > HTML > #document
EDITING DELEGATE: webViewDidBeginEditing:WebViewDidBeginEditingNotification
EDITING DELEGATE: webViewDidChangeSelection:WebViewDidChangeSelectionNotification
EDITING DELEGATE: shouldChangeSelectedDOMRange:range from 0 of DIV > DIV > BODY > HTML > #document to 0 of DIV > DIV > BODY > HTML > #document toDOMRange:range from 1 of #text > DIV > DIV > BODY > HTML > #document to 180 of #text > DIV > DIV > BODY > HTML > #document affinity:NSSelectionAffinityDownstream stillSelecting:FALSE
EDITING DELEGATE: webViewDidChangeSelection:WebViewDidChangeSelectionNotification
EDITING DELEGATE: webViewDidChangeSelection:WebViewDidChangeSelectionNotification
layer at (0,0) size 980x1092
  RenderView at (0,0) size 980x735
layer at (0,0) size 980x1092
  RenderBlock {HTML} at (0,0) size 980x1092
    RenderBody {BODY} at (8,64) size 964x964
      RenderBlock {DIV} at (64,0) size 748x964 [border: (50px solid #FF0000)]
        RenderBlock {DIV} at (74,74) size 600x816
          RenderText {#text} at (0,10) size 597x172
            text run at (0,10) width 530: "Four score and seven years ago our fathers"
            text run at (530,10) width 8: " "
            text run at (0,58) width 589: "brought forth, upon this continent, a new nation,"
            text run at (589,58) width 8: " "
            text run at (0,106) width 510: "conceived in Liberty, and dedicated to the"
            text run at (510,106) width 8: " "
            text run at (0,154) width 298: "proposition that all men "
          RenderBR {BR} at (0,0) size 0x0
          RenderText {#text} at (0,202) size 593x172
            text run at (0,202) width 541: "are created equal. Now we are engaged in a"
            text run at (541,202) width 8: " "
            text run at (0,250) width 560: "great civil war, testing whether that nation, or"
            text run at (560,250) width 8: " "
            text run at (0,298) width 585: "any nation, so conceived, and so dedicated, can"
            text run at (585,298) width 8: " "
            text run at (0,346) width 507: "long endure. We are met here on a great "
          RenderBR {BR} at (507,368) size 0x0
          RenderText {#text} at (0,394) size 568x220
            text run at (0,394) width 490: "battlefield of that war. We have come to"
            text run at (490,394) width 8: " "
            text run at (0,442) width 560: "dedicate a portion of it as a final resting place"
            text run at (560,442) width 8: " "
            text run at (0,490) width 536: "for those who here gave their lives that that"
            text run at (536,490) width 8: " "
            text run at (0,538) width 528: "nation might live. It is altogether fitting and"
            text run at (528,538) width 8: " "
            text run at (0,586) width 373: "proper that we should do this. "
          RenderBR {BR} at (373,608) size 0x0
          RenderText {#text} at (0,634) size 597x172
            text run at (0,634) width 530: "Four score and seven years ago our fathers"
            text run at (530,634) width 8: " "
            text run at (0,682) width 589: "brought forth, upon this continent, a new nation,"
            text run at (589,682) width 8: " "
            text run at (0,730) width 510: "conceived in Liberty, and dedicated to the"
            text run at (510,730) width 8: " "
            text run at (0,778) width 521: "proposition that all men are created equal."
selection start: position 1 of child 0 {#text} of child 1 {DIV} of child 1 {DIV} of body
selection end:   position 180 of child 6 {#text} of child 1 {DIV} of child 1 {DIV} of body
