EDITING DELEGATE: shouldBeginEditingInDOMRange:range from 0 of DIV > BODY > HTML > #document to 3 of DIV > BODY > HTML > #document
EDITING DELEGATE: webViewDidBeginEditing:WebViewDidBeginEditingNotification
EDITING DELEGATE: webViewDidChangeSelection:WebViewDidChangeSelectionNotification
layer at (0,0) size 980x735
  RenderView at (0,0) size 980x735
layer at (0,0) size 980x735
  RenderBlock {HTML} at (0,0) size 980x735
    RenderBody {BODY} at (8,8) size 964x719
      RenderBlock {P} at (0,0) size 964x19
        RenderText {#text} at (0,0) size 492x19
          text run at (0,0) width 492: "This tests the caret position for the caret after an inline table."
      RenderBlock {DIV} at (0,35) size 964x79
        RenderText {#text} at (0,9) size 26x19
          text run at (0,9) width 26: "foo"
        RenderTable {TABLE} at (26,0) size 65x79 [border: (1px solid #999999)]
          RenderTableSection {TBODY} at (1,1) size 63x77
            RenderTableRow {TR} at (0,2) size 63x23
              RenderTableCell {TD} at (2,2) size 59x23 [border: (1px solid #999999)] [r=0 c=0 rs=1 cs=1]
                RenderText {#text} at (2,2) size 28x19
                  text run at (2,2) width 28: "this"
            RenderTableRow {TR} at (0,27) size 63x23
              RenderTableCell {TD} at (2,27) size 59x23 [border: (1px solid #999999)] [r=1 c=0 rs=1 cs=1]
                RenderText {#text} at (2,2) size 12x19
                  text run at (2,2) width 12: "is"
            RenderTableRow {TR} at (0,52) size 63x23
              RenderTableCell {TD} at (2,52) size 59x23 [border: (1px solid #999999)] [r=2 c=0 rs=1 cs=1]
                RenderText {#text} at (2,2) size 55x19
                  text run at (2,2) width 55: "a table"
        RenderText {#text} at (91,9) size 28x19
          text run at (91,9) width 28: "baz"
caret: position 1 of child 1 {TABLE} of child 2 {DIV} of body
