EDITING DELEGATE: shouldBeginEditingInDOMRange:range from 0 of DIV > BODY > HTML > #document to 4 of DIV > BODY > HTML > #document
EDITING DELEGATE: webViewDidBeginEditing:WebViewDidBeginEditingNotification
EDITING DELEGATE: webViewDidChangeSelection:WebViewDidChangeSelectionNotification
EDITING DELEGATE: webViewDidChangeSelection:WebViewDidChangeSelectionNotification
EDITING DELEGATE: webViewDidChangeSelection:WebViewDidChangeSelectionNotification
layer at (0,0) size 980x735
  RenderView at (0,0) size 980x735
layer at (0,0) size 980x735
  RenderBlock {HTML} at (0,0) size 980x735
    RenderBody {BODY} at (8,64) size 964x607
      RenderBlock {DIV} at (64,0) size 748x196 [border: (50px solid #FF0000)]
        RenderInline {SPAN} at (0,0) size 38x28
          RenderText {#text} at (74,84) size 38x28
            text run at (74,84) width 38: "foo"
        RenderText {#text} at (112,84) size 51x28
          text run at (112,84) width 51: " baz"
caret: position 3 of child 0 {#text} of child 1 {SPAN} of child 1 {DIV} of body
