layer at (0,0) size 800x600
  RenderView at (0,0) size 800x600
layer at (0,0) size 800x600
  RenderBlock {HTML} at (0,0) size 800x600
    RenderBody {BODY} at (8,8) size 784x584
      RenderBlock (anonymous) at (0,0) size 784x28
        RenderText {#text} at (0,0) size 781x28
          text run at (0,0) width 352: "You should see a green cross below (300 pixels wide and 300 pixels tall). "
          text run at (352,0) width 429: "This is a test to ensure that boxes don't obey the overconstraint correction (margin-right/left"
          text run at (0,14) width 264: "should not be corrected when a box is overconstrained)."
      RenderBlock {DIV} at (0,28) size 784x500
        RenderDeprecatedFlexibleBox {DIV} at (100,100) size 100x300 [bgcolor=#008000]
          RenderBlock {DIV} at (-100,100) size 300x100
