layer at (0,0) size 800x600
  RenderView at (0,0) size 800x600
layer at (0,0) size 800x600
  RenderBlock {HTML} at (0,0) size 800x600
    RenderBody {BODY} at (8,8) size 784x584
      RenderBlock {P} at (0,0) size 784x28
        RenderText {#text} at (0,0) size 779x28
          text run at (0,0) width 228: "You should see a 200x200 green square below. "
          text run at (228,0) width 178: "If you see any red, the test has failed. "
          text run at (406,0) width 373: "This test is checking to make sure that boxes will shift to avoid floats that try to"
          text run at (0,14) width 196: "intrude into their space (just as tables do)."
      RenderBlock {DIV} at (0,40) size 200x200 [bgcolor=#FF0000]
        RenderBlock (floating) {DIV} at (0,0) size 100x200 [bgcolor=#008000]
        RenderDeprecatedFlexibleBox {DIV} at (100,0) size 100x200 [bgcolor=#008000]
