layer at (0,0) size 800x600
  RenderView at (0,0) size 800x600
layer at (0,0) size 800x600
  RenderBlock {HTML} at (0,0) size 800x600
    RenderBody {BODY} at (8,8) size 784x584
      RenderBlock {P} at (0,0) size 784x28
        RenderText {#text} at (0,0) size 765x28
          text run at (0,0) width 239: "You should see a 300x100 green rectangle below. "
          text run at (239,0) width 466: "If you see any red, the test has failed. This test makes a positioned vertical box with three children. "
          text run at (705,0) width 60: "The first and"
          text run at (0,14) width 298: "third children are absolutely positioned at the edges of the box. "
          text run at (298,14) width 358: "Box-align of center is used to align the second child in the center of the box."
layer at (8,48) size 300x100
  RenderDeprecatedFlexibleBox (relative positioned) {DIV} at (0,40) size 300x100 [bgcolor=#FF0000]
    RenderDeprecatedFlexibleBox {DIV} at (100,0) size 100x100 [bgcolor=#008000]
layer at (8,48) size 100x100
  RenderDeprecatedFlexibleBox (positioned) {DIV} at (0,0) size 100x100 [bgcolor=#008000]
layer at (208,48) size 100x100
  RenderDeprecatedFlexibleBox (positioned) {DIV} at (200,0) size 100x100 [bgcolor=#008000]
