layer at (0,0) size 800x600
  RenderView at (0,0) size 800x600
layer at (0,0) size 800x600
  RenderBlock {HTML} at (0,0) size 800x600
    RenderBody {BODY} at (8,8) size 784x584
      RenderBlock {P} at (0,0) size 784x28
        RenderText {#text} at (0,0) size 780x28
          text run at (0,0) width 772: "You should see a single 100x100 green square below. If your browser supports the display of ALT text, you should see the word \"Image\" inside the green square. "
          text run at (772,0) width 8: "If"
          text run at (0,14) width 190: "you see any red, then the test has failed. "
          text run at (190,14) width 401: "This test is checking to make sure replaced elements inside boxes get stretched when "
        RenderInline {CODE} at (0,0) size 108x12
          RenderText {#text} at (591,16) size 108x12
            text run at (591,16) width 108: "box-align: stretch"
        RenderText {#text} at (699,14) size 59x14
          text run at (699,14) width 59: " is specified."
      RenderDeprecatedFlexibleBox {DIV} at (0,40) size 100x100 [bgcolor=#FF0000]
        RenderImage {IMG} at (0,0) size 100x100 [bgcolor=#008000]
