layer at (0,0) size 800x600
  RenderView at (0,0) size 800x600
layer at (0,0) size 800x600
  RenderBlock {HTML} at (0,0) size 800x600
    RenderBody {BODY} at (8,8) size 784x584
      RenderDeprecatedFlexibleBox {DIV} at (0,0) size 784x160
        RenderBlock {DIV} at (0,0) size 80x80 [bgcolor=#0000FF]
        RenderBlock {DIV} at (0,80) size 80x80 [bgcolor=#FFFF00]
          RenderText {#text} at (0,0) size 132x36
            text run at (0,0) width 48: "Test"
            text run at (0,12) width 132: "overhanging"
            text run at (0,24) width 72: "floats"
