layer at (0,0) size 980x735
  RenderView at (0,0) size 980x735
layer at (0,0) size 980x735
  RenderBlock {HTML} at (0,0) size 980x735
    RenderBody {BODY} at (8,8) size 964x719
      RenderBlock {P} at (0,0) size 964x19
        RenderText {#text} at (0,0) size 963x19
          text run at (0,0) width 963: "There are two boxes below, both rotated 180\x{B0} in Y. The rightmost one has backface-visibility: hidden, so you can't see it."
      RenderBlock {DIV} at (0,35) size 402x202 [border: (1px solid #000000)]
        RenderText {#text} at (197,182) size 5x19
          text run at (197,182) width 5: " "
        RenderText {#text} at (0,0) size 0x0
      RenderBlock {DIV} at (0,237) size 964x38
        RenderText {#text} at (0,0) size 200x19
          text run at (0,0) width 200: "Found box1 on left: PASS"
        RenderBR {BR} at (200,15) size 0x0
        RenderText {#text} at (0,19) size 204x19
          text run at (0,19) width 204: "Found box2 on right: FAIL"
        RenderBR {BR} at (204,34) size 0x0
layer at (27,62) size 160x160
  RenderBlock {DIV} at (19,19) size 160x160 [bgcolor=#808080]
layer at (228,62) size 160x160
  RenderBlock {DIV} at (220,19) size 160x160 [bgcolor=#808080]
