layer at (0,0) size 980x735
  RenderView at (0,0) size 980x735
layer at (0,0) size 980x735
  RenderBlock {HTML} at (0,0) size 980x735
    RenderBody {BODY} at (8,8) size 964x711
layer at (8,8) size 964x160
  RenderBlock {P} at (0,0) size 964x160 [border: (10px solid #800000)]
    RenderText {#text} at (30,30) size 203x19
      text run at (30,30) width 203: "This is some column text."
    RenderBR {BR} at (233,45) size 0x0
    RenderText {#text} at (30,49) size 203x19
      text run at (30,49) width 203: "This is some column text."
    RenderBR {BR} at (233,64) size 0x0
    RenderText {#text} at (30,68) size 203x19
      text run at (30,68) width 203: "This is some column text."
    RenderBR {BR} at (233,83) size 0x0
    RenderText {#text} at (30,87) size 203x19
      text run at (30,87) width 203: "This is some column text."
    RenderBR {BR} at (233,102) size 0x0
    RenderText {#text} at (30,106) size 203x19
      text run at (30,106) width 203: "This is some column text."
    RenderBR {BR} at (233,121) size 0x0
    RenderText {#text} at (30,130) size 203x19
      text run at (30,130) width 203: "This is some column text."
    RenderBR {BR} at (233,145) size 0x0
    RenderText {#text} at (30,149) size 203x19
      text run at (30,149) width 203: "This is some column text."
    RenderBR {BR} at (233,164) size 0x0
    RenderText {#text} at (30,168) size 203x19
      text run at (30,168) width 203: "This is some column text."
    RenderBR {BR} at (233,183) size 0x0
    RenderText {#text} at (30,187) size 203x19
      text run at (30,187) width 203: "This is some column text."
    RenderBR {BR} at (233,202) size 0x0
    RenderText {#text} at (30,206) size 203x19
      text run at (30,206) width 203: "This is some column text."
    RenderBR {BR} at (233,221) size 0x0
    RenderText {#text} at (30,230) size 203x19
      text run at (30,230) width 203: "This is some column text."
    RenderBR {BR} at (233,245) size 0x0
    RenderText {#text} at (30,249) size 203x19
      text run at (30,249) width 203: "This is some column text."
    RenderBR {BR} at (233,264) size 0x0
    RenderText {#text} at (30,268) size 203x19
      text run at (30,268) width 203: "This is some column text."
    RenderBR {BR} at (233,283) size 0x0
layer at (8,184) size 964x160
  RenderBlock {P} at (0,176) size 964x160 [border: (10px solid #800000)]
    RenderText {#text} at (117,30) size 203x19
      text run at (117,30) width 5 RTL: "."
      text run at (122,30) width 198: "This is some column text"
    RenderBR {BR} at (117,45) size 0x0
    RenderText {#text} at (117,49) size 203x19
      text run at (117,49) width 5 RTL: "."
      text run at (122,49) width 198: "This is some column text"
    RenderBR {BR} at (117,64) size 0x0
    RenderText {#text} at (117,68) size 203x19
      text run at (117,68) width 5 RTL: "."
      text run at (122,68) width 198: "This is some column text"
    RenderBR {BR} at (117,83) size 0x0
    RenderText {#text} at (117,87) size 203x19
      text run at (117,87) width 5 RTL: "."
      text run at (122,87) width 198: "This is some column text"
    RenderBR {BR} at (117,102) size 0x0
    RenderText {#text} at (117,106) size 203x19
      text run at (117,106) width 5 RTL: "."
      text run at (122,106) width 198: "This is some column text"
    RenderBR {BR} at (117,121) size 0x0
    RenderText {#text} at (117,130) size 203x19
      text run at (117,130) width 5 RTL: "."
      text run at (122,130) width 198: "This is some column text"
    RenderBR {BR} at (117,145) size 0x0
    RenderText {#text} at (117,149) size 203x19
      text run at (117,149) width 5 RTL: "."
      text run at (122,149) width 198: "This is some column text"
    RenderBR {BR} at (117,164) size 0x0
    RenderText {#text} at (117,168) size 203x19
      text run at (117,168) width 5 RTL: "."
      text run at (122,168) width 198: "This is some column text"
    RenderBR {BR} at (117,183) size 0x0
    RenderText {#text} at (117,187) size 203x19
      text run at (117,187) width 5 RTL: "."
      text run at (122,187) width 198: "This is some column text"
    RenderBR {BR} at (117,202) size 0x0
    RenderText {#text} at (117,206) size 203x19
      text run at (117,206) width 5 RTL: "."
      text run at (122,206) width 198: "This is some column text"
    RenderBR {BR} at (117,221) size 0x0
    RenderText {#text} at (117,230) size 203x19
      text run at (117,230) width 5 RTL: "."
      text run at (122,230) width 198: "This is some column text"
    RenderBR {BR} at (117,245) size 0x0
    RenderText {#text} at (117,249) size 203x19
      text run at (117,249) width 5 RTL: "."
      text run at (122,249) width 198: "This is some column text"
    RenderBR {BR} at (117,264) size 0x0
    RenderText {#text} at (117,268) size 203x19
      text run at (117,268) width 5 RTL: "."
      text run at (122,268) width 198: "This is some column text"
    RenderBR {BR} at (117,283) size 0x0
