layer at (0,0) size 980x735
  RenderView at (0,0) size 980x735
layer at (0,0) size 980x735
  RenderBlock {HTML} at (0,0) size 980x735
    RenderBody {BODY} at (8,8) size 964x719
layer at (8,8) size 964x582
  RenderBlock {DIV} at (0,0) size 964x582 [border: (5px solid #000000)]
    RenderText {#text} at (15,5) size 300x1676
      text run at (15,5) width 226: "Lorem ipsum dolor sit amet,"
      text run at (15,24) width 268: "consectetuer adipiscing elit. Nulla"
      text run at (15,43) width 227: "varius enim ac mi. Curabitur"
      text run at (15,62) width 284: "sollicitudin felis quis lectus. Quisque"
      text run at (15,81) width 281: "adipiscing rhoncus sem. Proin nulla"
      text run at (15,100) width 242: "purus, vulputate vel, varius ut,"
      text run at (15,119) width 274: "euismod et, nisi. Sed vitae felis vel"
      text run at (15,138) width 279: "orci sagittis aliquam. Cras convallis"
      text run at (15,157) width 252: "adipiscing sem. Nam nonummy"
      text run at (15,176) width 255: "enim. Nullam bibendum lobortis"
      text run at (15,195) width 292: "neque. Vestibulum velit orci, tempus"
      text run at (15,214) width 261: "euismod, pretium quis, interdum"
      text run at (15,233) width 274: "vitae, nulla. Phasellus eget ante et"
      text run at (15,252) width 259: "tortor condimentum vestibulum."
      text run at (15,271) width 262: "Suspendisse hendrerit quam nec"
      text run at (15,290) width 269: "felis. Sed varius turpis vitae pede."
      text run at (15,309) width 226: "Lorem ipsum dolor sit amet,"
      text run at (15,328) width 269: "consectetuer adipiscing elit. Proin"
      text run at (15,347) width 300: "bibendum justo ac enim. Class aptent"
      text run at (15,366) width 290: "taciti sociosqu ad litora torquent per"
      text run at (15,385) width 228: "conubia nostra, per inceptos"
      text run at (15,404) width 271: "hymenaeos. Sed leo nulla, rutrum"
      text run at (15,423) width 260: "eu, dictum ut, posuere vel, arcu."
      text run at (15,442) width 269: "Nam libero. Morbi orci. Maecenas"
      text run at (15,461) width 268: "pellentesque. Curabitur erat erat,"
      text run at (15,480) width 291: "ullamcorper at, gravida vitae, iaculis"
      text run at (15,499) width 300: "vitae, elit. Nullam quam. Quisque orci"
      text run at (15,518) width 266: "lectus, ullamcorper eu, imperdiet"
      text run at (15,537) width 282: "sed, accumsan et, ligula. Duis diam"
      text run at (15,556) width 246: "nisl, sagittis a, blandit volutpat,"
      text run at (15,577) width 248: "interdum sed, velit. Vestibulum"
      text run at (15,596) width 245: "quam. Nulla a purus. Phasellus"
      text run at (15,615) width 229: "semper semper lectus. Nulla"
      text run at (15,634) width 272: "porttitor, dolor dictum scelerisque"
      text run at (15,653) width 296: "luctus, velit ipsum lobortis mauris, ac"
      text run at (15,672) width 273: "pretium enim nunc vel risus. Proin"
      text run at (15,691) width 262: "gravida mi ut sem cursus mattis."
      text run at (15,710) width 233: "Fusce laoreet, nisi quis luctus"
      text run at (15,729) width 280: "volutpat, arcu pede tincidunt enim,"
      text run at (15,748) width 270: "nec malesuada urna nisl eu enim."
      text run at (15,767) width 255: "Vivamus varius augue ac purus."
      text run at (15,786) width 286: "Vestibulum vestibulum. Phasellus et"
      text run at (15,805) width 270: "est vitae ante accumsan rhoncus."
      text run at (15,824) width 264: "Morbi convallis, arcu at hendrerit"
      text run at (15,843) width 275: "gravida, sem diam dignissim risus,"
      text run at (15,862) width 247: "sed aliquet erat mi ut mi. Nunc"
      text run at (15,881) width 294: "cursus lacinia elit. Nunc nisi. Quisque"
      text run at (15,900) width 264: "at erat. Vestibulum dictum quam"
      text run at (15,919) width 288: "vitae nibh. Nunc vitae ante non odio"
      text run at (15,938) width 246: "interdum blandit. Curabitur leo"
      text run at (15,957) width 270: "quam, fermentum sed, feugiat in,"
      text run at (15,976) width 292: "ullamcorper id, nibh. Suspendisse ac"
      text run at (15,995) width 246: "turpis. In iaculis sollicitudin dui."
      text run at (15,1014) width 244: "Aenean vitae lectus vitae nulla"
      text run at (15,1033) width 241: "pellentesque sollicitudin. Nunc"
      text run at (15,1052) width 289: "gravida pharetra lectus. Etiam lacus"
      text run at (15,1071) width 253: "ligula, placerat ut, dictum vitae,"
      text run at (15,1090) width 255: "tempus vel, risus. Cras rhoncus."
      text run at (15,1109) width 287: "Praesent varius ultricies orci. Donec"
      text run at (15,1128) width 300: "mattis, neque ut ornare fringilla, ante"
      text run at (15,1149) width 298: "urna placerat eros, vel commodo nisi"
      text run at (15,1168) width 277: "tortor ut mauris. Morbi magna dui,"
      text run at (15,1187) width 231: "sagittis sit amet, tincidunt et,"
      text run at (15,1206) width 245: "elementum eget, quam. Fusce"
      text run at (15,1225) width 288: "molestie nisl vitae nisi. Vestibulum a"
      text run at (15,1244) width 299: "sapien. Phasellus ante lacus, vehicula"
      text run at (15,1263) width 268: "non, cursus a, tempor ut, magna."
      text run at (15,1282) width 279: "Suspendisse potenti. Fusce aliquet,"
      text run at (15,1301) width 285: "odio viverra vulputate dictum, enim"
      text run at (15,1320) width 257: "odio luctus purus, ut scelerisque"
      text run at (15,1339) width 254: "quam nulla non est. Donec eros"
      text run at (15,1358) width 260: "lacus, egestas vitae, lacinia quis,"
      text run at (15,1377) width 279: "tempor quis, pede. Morbi orci erat,"
      text run at (15,1396) width 284: "iaculis id, ornare ac, elementum at,"
      text run at (15,1415) width 295: "sem. Nunc ornare sodales nisi. Morbi"
      text run at (15,1434) width 287: "interdum commodo nisl. Fusce eget"
      text run at (15,1453) width 262: "eros non nisi ornare facilisis. Sed"
      text run at (15,1472) width 280: "placerat, est non posuere posuere,"
      text run at (15,1491) width 294: "purus sem dignissim libero, a viverra"
      text run at (15,1510) width 274: "tellus dolor vel lorem. Cras augue."
      text run at (15,1529) width 245: "Etiam ultricies consequat odio."
      text run at (15,1548) width 258: "Mauris ac libero. Etiam posuere,"
      text run at (15,1567) width 274: "libero vitae euismod gravida, urna"
      text run at (15,1586) width 286: "elit imperdiet magna, vel cursus elit"
      text run at (15,1605) width 266: "felis non mauris. Donec orci erat,"
      text run at (15,1624) width 242: "porta id, dignissim ut, posuere"
      text run at (15,1643) width 292: "dictum, leo. Suspendisse scelerisque"
      text run at (15,1662) width 110: "egestas nulla."
