layer at (0,0) size 980x850
  RenderView at (0,0) size 980x735
layer at (0,0) size 980x850
  RenderBlock {HTML} at (0,0) size 980x850
    RenderBody {BODY} at (8,8) size 964x834
layer at (8,8) size 964x409
  RenderBlock {DIV} at (0,0) size 964x409 [border: (5px solid #0000FF)]
    RenderBlock (anonymous) at (5,5) size 469x399
      RenderText {#text} at (0,0) size 139x19
        text run at (0,0) width 139: "This is some text."
      RenderBR {BR} at (139,15) size 0x0
      RenderText {#text} at (0,19) size 139x19
        text run at (0,19) width 139: "This is some text."
      RenderBR {BR} at (139,34) size 0x0
      RenderText {#text} at (0,38) size 139x19
        text run at (0,38) width 139: "This is some text."
      RenderBR {BR} at (139,53) size 0x0
      RenderText {#text} at (0,57) size 139x19
        text run at (0,57) width 139: "This is some text."
      RenderBR {BR} at (139,72) size 0x0
      RenderText {#text} at (0,76) size 139x19
        text run at (0,76) width 139: "This is some text."
      RenderBR {BR} at (139,91) size 0x0
      RenderText {#text} at (0,95) size 139x19
        text run at (0,95) width 139: "This is some text."
      RenderBR {BR} at (139,110) size 0x0
      RenderText {#text} at (0,114) size 139x19
        text run at (0,114) width 139: "This is some text."
      RenderBR {BR} at (139,129) size 0x0
      RenderText {#text} at (0,133) size 139x19
        text run at (0,133) width 139: "This is some text."
      RenderBR {BR} at (139,148) size 0x0
      RenderText {#text} at (0,152) size 139x19
        text run at (0,152) width 139: "This is some text."
      RenderBR {BR} at (139,167) size 0x0
      RenderText {#text} at (0,171) size 139x19
        text run at (0,171) width 139: "This is some text."
      RenderBR {BR} at (139,186) size 0x0
      RenderText {#text} at (0,190) size 139x19
        text run at (0,190) width 139: "This is some text."
      RenderBR {BR} at (139,205) size 0x0
      RenderText {#text} at (0,209) size 139x19
        text run at (0,209) width 139: "This is some text."
      RenderBR {BR} at (139,224) size 0x0
      RenderText {#text} at (0,228) size 139x19
        text run at (0,228) width 139: "This is some text."
      RenderBR {BR} at (139,243) size 0x0
      RenderText {#text} at (0,247) size 139x19
        text run at (0,247) width 139: "This is some text."
      RenderBR {BR} at (139,262) size 0x0
      RenderText {#text} at (0,266) size 139x19
        text run at (0,266) width 139: "This is some text."
      RenderBR {BR} at (139,281) size 0x0
      RenderText {#text} at (0,285) size 139x19
        text run at (0,285) width 139: "This is some text."
      RenderBR {BR} at (139,300) size 0x0
      RenderText {#text} at (0,304) size 139x19
        text run at (0,304) width 139: "This is some text."
      RenderBR {BR} at (139,319) size 0x0
      RenderText {#text} at (0,323) size 139x19
        text run at (0,323) width 139: "This is some text."
      RenderBR {BR} at (139,338) size 0x0
      RenderText {#text} at (0,342) size 139x19
        text run at (0,342) width 139: "This is some text."
      RenderBR {BR} at (139,357) size 0x0
      RenderText {#text} at (0,361) size 139x19
        text run at (0,361) width 139: "This is some text."
      RenderBR {BR} at (139,376) size 0x0
      RenderText {#text} at (0,380) size 139x19
        text run at (0,380) width 139: "This is some text."
      RenderBR {BR} at (139,395) size 0x0
    RenderBlock {DIV} at (5,404) size 469x76
      RenderText {#text} at (0,0) size 331x19
        text run at (0,0) width 331: "This text should be in the second column."
      RenderBR {BR} at (331,15) size 0x0
      RenderText {#text} at (0,19) size 331x19
        text run at (0,19) width 331: "This text should be in the second column."
      RenderBR {BR} at (331,34) size 0x0
      RenderText {#text} at (0,38) size 331x19
        text run at (0,38) width 331: "This text should be in the second column."
      RenderBR {BR} at (331,53) size 0x0
      RenderText {#text} at (0,57) size 331x19
        text run at (0,57) width 331: "This text should be in the second column."
      RenderBR {BR} at (331,72) size 0x0
layer at (8,433) size 964x409
  RenderBlock {DIV} at (0,425) size 964x409 [border: (5px solid #0000FF)]
    RenderBlock (anonymous) at (5,5) size 469x76
      RenderText {#text} at (0,0) size 305x19
        text run at (0,0) width 305: "This text should be in the first column."
      RenderBR {BR} at (305,15) size 0x0
      RenderText {#text} at (0,19) size 305x19
        text run at (0,19) width 305: "This text should be in the first column."
      RenderBR {BR} at (305,34) size 0x0
      RenderText {#text} at (0,38) size 305x19
        text run at (0,38) width 305: "This text should be in the first column."
      RenderBR {BR} at (305,53) size 0x0
      RenderText {#text} at (0,57) size 305x19
        text run at (0,57) width 305: "This text should be in the first column."
      RenderBR {BR} at (305,72) size 0x0
    RenderBlock {DIV} at (5,404) size 469x399
      RenderText {#text} at (0,0) size 139x19
        text run at (0,0) width 139: "This is some text."
      RenderBR {BR} at (139,15) size 0x0
      RenderText {#text} at (0,19) size 139x19
        text run at (0,19) width 139: "This is some text."
      RenderBR {BR} at (139,34) size 0x0
      RenderText {#text} at (0,38) size 139x19
        text run at (0,38) width 139: "This is some text."
      RenderBR {BR} at (139,53) size 0x0
      RenderText {#text} at (0,57) size 139x19
        text run at (0,57) width 139: "This is some text."
      RenderBR {BR} at (139,72) size 0x0
      RenderText {#text} at (0,76) size 139x19
        text run at (0,76) width 139: "This is some text."
      RenderBR {BR} at (139,91) size 0x0
      RenderText {#text} at (0,95) size 139x19
        text run at (0,95) width 139: "This is some text."
      RenderBR {BR} at (139,110) size 0x0
      RenderText {#text} at (0,114) size 139x19
        text run at (0,114) width 139: "This is some text."
      RenderBR {BR} at (139,129) size 0x0
      RenderText {#text} at (0,133) size 139x19
        text run at (0,133) width 139: "This is some text."
      RenderBR {BR} at (139,148) size 0x0
      RenderText {#text} at (0,152) size 139x19
        text run at (0,152) width 139: "This is some text."
      RenderBR {BR} at (139,167) size 0x0
      RenderText {#text} at (0,171) size 139x19
        text run at (0,171) width 139: "This is some text."
      RenderBR {BR} at (139,186) size 0x0
      RenderText {#text} at (0,190) size 139x19
        text run at (0,190) width 139: "This is some text."
      RenderBR {BR} at (139,205) size 0x0
      RenderText {#text} at (0,209) size 139x19
        text run at (0,209) width 139: "This is some text."
      RenderBR {BR} at (139,224) size 0x0
      RenderText {#text} at (0,228) size 139x19
        text run at (0,228) width 139: "This is some text."
      RenderBR {BR} at (139,243) size 0x0
      RenderText {#text} at (0,247) size 139x19
        text run at (0,247) width 139: "This is some text."
      RenderBR {BR} at (139,262) size 0x0
      RenderText {#text} at (0,266) size 139x19
        text run at (0,266) width 139: "This is some text."
      RenderBR {BR} at (139,281) size 0x0
      RenderText {#text} at (0,285) size 139x19
        text run at (0,285) width 139: "This is some text."
      RenderBR {BR} at (139,300) size 0x0
      RenderText {#text} at (0,304) size 139x19
        text run at (0,304) width 139: "This is some text."
      RenderBR {BR} at (139,319) size 0x0
      RenderText {#text} at (0,323) size 139x19
        text run at (0,323) width 139: "This is some text."
      RenderBR {BR} at (139,338) size 0x0
      RenderText {#text} at (0,342) size 139x19
        text run at (0,342) width 139: "This is some text."
      RenderBR {BR} at (139,357) size 0x0
      RenderText {#text} at (0,361) size 139x19
        text run at (0,361) width 139: "This is some text."
      RenderBR {BR} at (139,376) size 0x0
      RenderText {#text} at (0,380) size 139x19
        text run at (0,380) width 139: "This is some text."
      RenderBR {BR} at (139,395) size 0x0
