layer at (0,0) size 980x735
  RenderView at (0,0) size 980x735
layer at (0,0) size 980x735
  RenderBlock {HTML} at (0,0) size 980x735
    RenderBody {BODY} at (8,8) size 964x719
layer at (8,8) size 964x404
  RenderBlock {DIV} at (0,0) size 964x404 [border: (2px solid #000000)]
    RenderText {#text} at (2,2) size 139x19
      text run at (2,2) width 139: "This is some text."
    RenderBR {BR} at (141,17) size 0x0
    RenderText {#text} at (2,21) size 139x19
      text run at (2,21) width 139: "This is some text."
    RenderBR {BR} at (141,36) size 0x0
    RenderText {#text} at (2,40) size 139x19
      text run at (2,40) width 139: "This is some text."
    RenderBR {BR} at (141,55) size 0x0
    RenderText {#text} at (2,59) size 139x19
      text run at (2,59) width 139: "This is some text."
    RenderBR {BR} at (141,74) size 0x0
    RenderText {#text} at (2,78) size 139x19
      text run at (2,78) width 139: "This is some text."
    RenderBR {BR} at (141,93) size 0x0
    RenderText {#text} at (2,97) size 139x19
      text run at (2,97) width 139: "This is some text."
    RenderBR {BR} at (141,112) size 0x0
    RenderText {#text} at (2,116) size 139x19
      text run at (2,116) width 139: "This is some text."
    RenderBR {BR} at (141,131) size 0x0
    RenderText {#text} at (2,135) size 139x19
      text run at (2,135) width 139: "This is some text."
    RenderBR {BR} at (141,150) size 0x0
    RenderText {#text} at (2,154) size 139x19
      text run at (2,154) width 139: "This is some text."
    RenderBR {BR} at (141,169) size 0x0
    RenderText {#text} at (2,173) size 139x19
      text run at (2,173) width 139: "This is some text."
    RenderBR {BR} at (141,188) size 0x0
    RenderImage {IMG} at (2,402) size 250x300 [bgcolor=#008000]
    RenderText {#text} at (252,402) size 49x57
      text run at (252,402) width 49: "This is"
      text run at (252,421) width 44: "some"
      text run at (252,440) width 36: "text."
    RenderBR {BR} at (288,455) size 0x0
    RenderText {#text} at (252,459) size 49x57
      text run at (252,459) width 49: "This is"
      text run at (252,478) width 44: "some"
      text run at (252,497) width 36: "text."
    RenderBR {BR} at (288,512) size 0x0
    RenderText {#text} at (252,516) size 49x57
      text run at (252,516) width 49: "This is"
      text run at (252,535) width 44: "some"
      text run at (252,554) width 36: "text."
    RenderBR {BR} at (288,569) size 0x0
    RenderText {#text} at (252,573) size 49x57
      text run at (252,573) width 49: "This is"
      text run at (252,592) width 44: "some"
      text run at (252,611) width 36: "text."
    RenderBR {BR} at (288,626) size 0x0
    RenderText {#text} at (252,630) size 49x57
      text run at (252,630) width 49: "This is"
      text run at (252,649) width 44: "some"
      text run at (252,668) width 36: "text."
    RenderBR {BR} at (288,683) size 0x0
    RenderText {#text} at (252,687) size 299x38
      text run at (252,687) width 49: "This is"
      text run at (2,706) width 85: "some text."
    RenderBR {BR} at (87,721) size 0x0
    RenderText {#text} at (2,725) size 139x19
      text run at (2,725) width 139: "This is some text."
    RenderBR {BR} at (141,740) size 0x0
    RenderText {#text} at (2,744) size 139x19
      text run at (2,744) width 139: "This is some text."
    RenderBR {BR} at (141,759) size 0x0
    RenderText {#text} at (2,763) size 139x19
      text run at (2,763) width 139: "This is some text."
    RenderBR {BR} at (141,778) size 0x0
    RenderText {#text} at (2,782) size 139x19
      text run at (2,782) width 139: "This is some text."
    RenderBR {BR} at (141,797) size 0x0
    RenderText {#text} at (2,802) size 139x19
      text run at (2,802) width 139: "This is some text."
    RenderBR {BR} at (141,817) size 0x0
    RenderText {#text} at (2,821) size 139x19
      text run at (2,821) width 139: "This is some text."
    RenderBR {BR} at (141,836) size 0x0
    RenderText {#text} at (2,840) size 139x19
      text run at (2,840) width 139: "This is some text."
    RenderBR {BR} at (141,855) size 0x0
    RenderText {#text} at (2,859) size 139x19
      text run at (2,859) width 139: "This is some text."
    RenderBR {BR} at (141,874) size 0x0
    RenderText {#text} at (2,878) size 139x19
      text run at (2,878) width 139: "This is some text."
    RenderBR {BR} at (141,893) size 0x0
    RenderText {#text} at (2,897) size 139x19
      text run at (2,897) width 139: "This is some text."
    RenderBR {BR} at (141,912) size 0x0
    RenderText {#text} at (2,916) size 139x19
      text run at (2,916) width 139: "This is some text."
    RenderBR {BR} at (141,931) size 0x0
    RenderText {#text} at (2,935) size 139x19
      text run at (2,935) width 139: "This is some text."
    RenderBR {BR} at (141,950) size 0x0
    RenderText {#text} at (2,954) size 139x19
      text run at (2,954) width 139: "This is some text."
    RenderBR {BR} at (141,969) size 0x0
    RenderText {#text} at (2,973) size 139x19
      text run at (2,973) width 139: "This is some text."
    RenderBR {BR} at (141,988) size 0x0
    RenderText {#text} at (2,992) size 139x19
      text run at (2,992) width 139: "This is some text."
    RenderBR {BR} at (141,1007) size 0x0
    RenderText {#text} at (2,1011) size 139x19
      text run at (2,1011) width 139: "This is some text."
    RenderBR {BR} at (141,1026) size 0x0
    RenderText {#text} at (2,1030) size 139x19
      text run at (2,1030) width 139: "This is some text."
    RenderBR {BR} at (141,1045) size 0x0
    RenderText {#text} at (2,1049) size 139x19
      text run at (2,1049) width 139: "This is some text."
    RenderBR {BR} at (141,1064) size 0x0
    RenderText {#text} at (2,1068) size 139x19
      text run at (2,1068) width 139: "This is some text."
    RenderBR {BR} at (141,1083) size 0x0
    RenderText {#text} at (2,1087) size 139x19
      text run at (2,1087) width 139: "This is some text."
    RenderBR {BR} at (141,1102) size 0x0
    RenderText {#text} at (2,1106) size 139x19
      text run at (2,1106) width 139: "This is some text."
    RenderBR {BR} at (141,1121) size 0x0
    RenderText {#text} at (2,1125) size 139x19
      text run at (2,1125) width 139: "This is some text."
    RenderBR {BR} at (141,1140) size 0x0
    RenderText {#text} at (2,1144) size 139x19
      text run at (2,1144) width 139: "This is some text."
    RenderBR {BR} at (141,1159) size 0x0
    RenderText {#text} at (2,1163) size 139x19
      text run at (2,1163) width 139: "This is some text."
    RenderBR {BR} at (141,1178) size 0x0
