layer at (0,0) size 980x1680
  RenderView at (0,0) size 980x735
layer at (0,0) size 980x1680
  RenderBlock {HTML} at (0,0) size 980x1680
    RenderBody {BODY} at (8,8) size 964x1664
layer at (8,8) size 964x404
  RenderBlock {DIV} at (0,0) size 964x404 [border: (2px solid #000000)]
    RenderBlock (anonymous) at (2,2) size 309x266
      RenderText {#text} at (0,0) size 139x19
        text run at (0,0) width 139: "This is some text."
      RenderBR {BR} at (139,15) size 0x0
      RenderText {#text} at (0,19) size 139x19
        text run at (0,19) width 139: "This is some text."
      RenderBR {BR} at (139,34) size 0x0
      RenderText {#text} at (0,38) size 139x19
        text run at (0,38) width 139: "This is some text."
      RenderBR {BR} at (139,53) size 0x0
      RenderText {#text} at (0,57) size 139x19
        text run at (0,57) width 139: "This is some text."
      RenderBR {BR} at (139,72) size 0x0
      RenderText {#text} at (0,76) size 139x19
        text run at (0,76) width 139: "This is some text."
      RenderBR {BR} at (139,91) size 0x0
      RenderText {#text} at (0,95) size 139x19
        text run at (0,95) width 139: "This is some text."
      RenderBR {BR} at (139,110) size 0x0
      RenderText {#text} at (0,114) size 139x19
        text run at (0,114) width 139: "This is some text."
      RenderBR {BR} at (139,129) size 0x0
      RenderText {#text} at (0,133) size 139x19
        text run at (0,133) width 139: "This is some text."
      RenderBR {BR} at (139,148) size 0x0
      RenderText {#text} at (0,152) size 139x19
        text run at (0,152) width 139: "This is some text."
      RenderBR {BR} at (139,167) size 0x0
      RenderText {#text} at (0,171) size 139x19
        text run at (0,171) width 139: "This is some text."
      RenderBR {BR} at (139,186) size 0x0
      RenderText {#text} at (0,190) size 139x19
        text run at (0,190) width 139: "This is some text."
      RenderBR {BR} at (139,205) size 0x0
      RenderText {#text} at (0,209) size 139x19
        text run at (0,209) width 139: "This is some text."
      RenderBR {BR} at (139,224) size 0x0
      RenderText {#text} at (0,228) size 139x19
        text run at (0,228) width 139: "This is some text."
      RenderBR {BR} at (139,243) size 0x0
      RenderText {#text} at (0,247) size 139x19
        text run at (0,247) width 139: "This is some text."
      RenderBR {BR} at (139,262) size 0x0
    RenderBlock {P} at (2,284) size 309x613
      RenderBlock (floating) {SPAN} at (0,118) size 78x149
        RenderText {#text} at (0,0) size 78x149
          text run at (0,0) width 78: "T"
      RenderText {#text} at (78,118) size 129x19
        text run at (78,118) width 129: "his is some text."
      RenderBR {BR} at (207,133) size 0x0
      RenderText {#text} at (78,137) size 139x19
        text run at (78,137) width 139: "This is some text."
      RenderBR {BR} at (217,152) size 0x0
      RenderText {#text} at (78,156) size 139x19
        text run at (78,156) width 139: "This is some text."
      RenderBR {BR} at (217,171) size 0x0
      RenderText {#text} at (78,175) size 139x19
        text run at (78,175) width 139: "This is some text."
      RenderBR {BR} at (217,190) size 0x0
      RenderText {#text} at (78,194) size 139x19
        text run at (78,194) width 139: "This is some text."
      RenderBR {BR} at (217,209) size 0x0
      RenderText {#text} at (78,213) size 139x19
        text run at (78,213) width 139: "This is some text."
      RenderBR {BR} at (217,228) size 0x0
      RenderText {#text} at (78,232) size 139x19
        text run at (78,232) width 139: "This is some text."
      RenderBR {BR} at (217,247) size 0x0
      RenderText {#text} at (78,251) size 139x19
        text run at (78,251) width 139: "This is some text."
      RenderBR {BR} at (217,266) size 0x0
      RenderText {#text} at (0,270) size 139x19
        text run at (0,270) width 139: "This is some text."
      RenderBR {BR} at (139,285) size 0x0
      RenderText {#text} at (0,289) size 139x19
        text run at (0,289) width 139: "This is some text."
      RenderBR {BR} at (139,304) size 0x0
      RenderText {#text} at (0,308) size 139x19
        text run at (0,308) width 139: "This is some text."
      RenderBR {BR} at (139,323) size 0x0
      RenderText {#text} at (0,327) size 139x19
        text run at (0,327) width 139: "This is some text."
      RenderBR {BR} at (139,342) size 0x0
      RenderText {#text} at (0,346) size 139x19
        text run at (0,346) width 139: "This is some text."
      RenderBR {BR} at (139,361) size 0x0
      RenderText {#text} at (0,365) size 139x19
        text run at (0,365) width 139: "This is some text."
      RenderBR {BR} at (139,380) size 0x0
      RenderText {#text} at (0,384) size 139x19
        text run at (0,384) width 139: "This is some text."
      RenderBR {BR} at (139,399) size 0x0
      RenderText {#text} at (0,403) size 139x19
        text run at (0,403) width 139: "This is some text."
      RenderBR {BR} at (139,418) size 0x0
      RenderText {#text} at (0,422) size 139x19
        text run at (0,422) width 139: "This is some text."
      RenderBR {BR} at (139,437) size 0x0
      RenderText {#text} at (0,441) size 139x19
        text run at (0,441) width 139: "This is some text."
      RenderBR {BR} at (139,456) size 0x0
      RenderText {#text} at (0,460) size 139x19
        text run at (0,460) width 139: "This is some text."
      RenderBR {BR} at (139,475) size 0x0
      RenderText {#text} at (0,479) size 139x19
        text run at (0,479) width 139: "This is some text."
      RenderBR {BR} at (139,494) size 0x0
      RenderText {#text} at (0,498) size 139x19
        text run at (0,498) width 139: "This is some text."
      RenderBR {BR} at (139,513) size 0x0
      RenderText {#text} at (0,518) size 139x19
        text run at (0,518) width 139: "This is some text."
      RenderBR {BR} at (139,533) size 0x0
      RenderText {#text} at (0,537) size 139x19
        text run at (0,537) width 139: "This is some text."
      RenderBR {BR} at (139,552) size 0x0
      RenderText {#text} at (0,556) size 139x19
        text run at (0,556) width 139: "This is some text."
      RenderBR {BR} at (139,571) size 0x0
      RenderText {#text} at (0,575) size 139x19
        text run at (0,575) width 139: "This is some text."
      RenderBR {BR} at (139,590) size 0x0
      RenderText {#text} at (0,594) size 139x19
        text run at (0,594) width 139: "This is some text."
      RenderBR {BR} at (139,609) size 0x0
layer at (8,428) size 964x404
  RenderBlock {DIV} at (0,420) size 964x404 [border: (2px solid #000000)]
    RenderBlock (anonymous) at (2,2) size 309x266
      RenderText {#text} at (0,0) size 139x19
        text run at (0,0) width 139: "This is some text."
      RenderBR {BR} at (139,15) size 0x0
      RenderText {#text} at (0,19) size 139x19
        text run at (0,19) width 139: "This is some text."
      RenderBR {BR} at (139,34) size 0x0
      RenderText {#text} at (0,38) size 139x19
        text run at (0,38) width 139: "This is some text."
      RenderBR {BR} at (139,53) size 0x0
      RenderText {#text} at (0,57) size 139x19
        text run at (0,57) width 139: "This is some text."
      RenderBR {BR} at (139,72) size 0x0
      RenderText {#text} at (0,76) size 139x19
        text run at (0,76) width 139: "This is some text."
      RenderBR {BR} at (139,91) size 0x0
      RenderText {#text} at (0,95) size 139x19
        text run at (0,95) width 139: "This is some text."
      RenderBR {BR} at (139,110) size 0x0
      RenderText {#text} at (0,114) size 139x19
        text run at (0,114) width 139: "This is some text."
      RenderBR {BR} at (139,129) size 0x0
      RenderText {#text} at (0,133) size 139x19
        text run at (0,133) width 139: "This is some text."
      RenderBR {BR} at (139,148) size 0x0
      RenderText {#text} at (0,152) size 139x19
        text run at (0,152) width 139: "This is some text."
      RenderBR {BR} at (139,167) size 0x0
      RenderText {#text} at (0,171) size 139x19
        text run at (0,171) width 139: "This is some text."
      RenderBR {BR} at (139,186) size 0x0
      RenderText {#text} at (0,190) size 139x19
        text run at (0,190) width 139: "This is some text."
      RenderBR {BR} at (139,205) size 0x0
      RenderText {#text} at (0,209) size 139x19
        text run at (0,209) width 139: "This is some text."
      RenderBR {BR} at (139,224) size 0x0
      RenderText {#text} at (0,228) size 139x19
        text run at (0,228) width 139: "This is some text."
      RenderBR {BR} at (139,243) size 0x0
      RenderText {#text} at (0,247) size 139x19
        text run at (0,247) width 139: "This is some text."
      RenderBR {BR} at (139,262) size 0x0
    RenderBlock {P} at (2,284) size 309x670
      RenderImage {IMG} at (0,118) size 100x100 [bgcolor=#008000]
      RenderImage {IMG} at (209,118) size 100x200 [bgcolor=#008000]
      RenderText {#text} at (100,118) size 98x38
        text run at (100,118) width 98: "This is some"
        text run at (100,137) width 31: "text"
      RenderBR {BR} at (131,152) size 0x0
      RenderText {#text} at (100,156) size 98x38
        text run at (100,156) width 98: "This is some"
        text run at (100,175) width 36: "text."
      RenderBR {BR} at (136,190) size 0x0
      RenderText {#text} at (100,194) size 98x38
        text run at (100,194) width 98: "This is some"
        text run at (100,213) width 36: "text."
      RenderBR {BR} at (136,228) size 0x0
      RenderText {#text} at (0,232) size 139x19
        text run at (0,232) width 139: "This is some text."
      RenderBR {BR} at (139,247) size 0x0
      RenderText {#text} at (0,251) size 139x19
        text run at (0,251) width 139: "This is some text."
      RenderBR {BR} at (139,266) size 0x0
      RenderText {#text} at (0,270) size 139x19
        text run at (0,270) width 139: "This is some text."
      RenderBR {BR} at (139,285) size 0x0
      RenderText {#text} at (0,289) size 139x19
        text run at (0,289) width 139: "This is some text."
      RenderBR {BR} at (139,304) size 0x0
      RenderText {#text} at (0,308) size 139x19
        text run at (0,308) width 139: "This is some text."
      RenderBR {BR} at (139,323) size 0x0
      RenderText {#text} at (0,327) size 139x19
        text run at (0,327) width 139: "This is some text."
      RenderBR {BR} at (139,342) size 0x0
      RenderText {#text} at (0,346) size 139x19
        text run at (0,346) width 139: "This is some text."
      RenderBR {BR} at (139,361) size 0x0
      RenderText {#text} at (0,365) size 139x19
        text run at (0,365) width 139: "This is some text."
      RenderBR {BR} at (139,380) size 0x0
      RenderText {#text} at (0,384) size 139x19
        text run at (0,384) width 139: "This is some text."
      RenderBR {BR} at (139,399) size 0x0
      RenderText {#text} at (0,403) size 139x19
        text run at (0,403) width 139: "This is some text."
      RenderBR {BR} at (139,418) size 0x0
      RenderText {#text} at (0,422) size 139x19
        text run at (0,422) width 139: "This is some text."
      RenderBR {BR} at (139,437) size 0x0
      RenderText {#text} at (0,441) size 139x19
        text run at (0,441) width 139: "This is some text."
      RenderBR {BR} at (139,456) size 0x0
      RenderText {#text} at (0,460) size 139x19
        text run at (0,460) width 139: "This is some text."
      RenderBR {BR} at (139,475) size 0x0
      RenderText {#text} at (0,479) size 139x19
        text run at (0,479) width 139: "This is some text."
      RenderBR {BR} at (139,494) size 0x0
      RenderText {#text} at (0,498) size 139x19
        text run at (0,498) width 139: "This is some text."
      RenderBR {BR} at (139,513) size 0x0
      RenderText {#text} at (0,518) size 139x19
        text run at (0,518) width 139: "This is some text."
      RenderBR {BR} at (139,533) size 0x0
      RenderText {#text} at (0,537) size 139x19
        text run at (0,537) width 139: "This is some text."
      RenderBR {BR} at (139,552) size 0x0
      RenderText {#text} at (0,556) size 139x19
        text run at (0,556) width 139: "This is some text."
      RenderBR {BR} at (139,571) size 0x0
      RenderText {#text} at (0,575) size 139x19
        text run at (0,575) width 139: "This is some text."
      RenderBR {BR} at (139,590) size 0x0
      RenderText {#text} at (0,594) size 139x19
        text run at (0,594) width 139: "This is some text."
      RenderBR {BR} at (139,609) size 0x0
      RenderText {#text} at (0,613) size 139x19
        text run at (0,613) width 139: "This is some text."
      RenderBR {BR} at (139,628) size 0x0
      RenderText {#text} at (0,632) size 139x19
        text run at (0,632) width 139: "This is some text."
      RenderBR {BR} at (139,647) size 0x0
      RenderText {#text} at (0,651) size 139x19
        text run at (0,651) width 139: "This is some text."
      RenderBR {BR} at (139,666) size 0x0
layer at (8,848) size 964x404
  RenderBlock {DIV} at (0,840) size 964x404 [border: (2px solid #000000)]
    RenderImage {IMG} at (2,2) size 300x390 [bgcolor=#008000]
    RenderText {#text} at (2,402) size 305x171
      text run at (2,402) width 301: "Longer text designed to test float and"
      text run at (2,421) width 251: "wrapping behavior. Longer text"
      text run at (2,440) width 283: "designed to test float and wrapping"
      text run at (2,459) width 305: "behavior. Longer text designed to test"
      text run at (2,478) width 291: "float and wrapping behavior. Longer"
      text run at (2,497) width 240: "text designed to test float and"
      text run at (2,516) width 251: "wrapping behavior. Longer text"
      text run at (2,535) width 283: "designed to test float and wrapping"
      text run at (2,554) width 75: "behavior."
layer at (8,1268) size 964x404
  RenderBlock {DIV} at (0,1260) size 964x404 [border: (2px solid #000000)]
    RenderImage {IMG} at (2,2) size 309x380 [bgcolor=#0000FF]
    RenderInline {SPAN} at (0,0) size 288x392
      RenderImage {IMG} at (2,402) size 100x20 [bgcolor=#008000]
      RenderText {#text} at (102,402) size 238x56
        text run at (102,402) width 138: "Longer text"
        text run at (2,430) width 118: "designed "
      RenderImage {IMG} at (211,430) size 100x20 [bgcolor=#008000]
      RenderText {#text} at (120,430) size 288x364
        text run at (120,430) width 78: "to test"
        text run at (2,458) width 227: "float and wrapping"
        text run at (2,486) width 260: "behavior. Longer text"
        text run at (2,514) width 258: "designed to test float"
        text run at (2,542) width 287: "and wrapping behavior."
        text run at (2,570) width 288: "Longer text designed to"
        text run at (2,598) width 281: "test float and wrapping"
        text run at (2,626) width 260: "behavior. Longer text"
        text run at (2,654) width 258: "designed to test float"
        text run at (2,682) width 287: "and wrapping behavior."
        text run at (2,710) width 288: "Longer text designed to"
        text run at (2,738) width 281: "test float and wrapping"
        text run at (2,766) width 114: "behavior."
    RenderText {#text} at (0,0) size 0x0
