layer at (0,0) size 1207x735
  RenderView at (0,0) size 980x735
layer at (0,0) size 980x735
  RenderBlock {HTML} at (0,0) size 980x735
    RenderBody {BODY} at (8,8) size 964x719
      RenderBlock (anonymous) at (0,0) size 964x19
        RenderText {#text} at (0,0) size 100x19
          text run at (0,0) width 100: "LTR Version:"
      RenderBlock (anonymous) at (0,329) size 964x19
        RenderText {#text} at (0,0) size 100x19
          text run at (0,0) width 100: "RTL Version:"
layer at (8,27) size 964x310
  RenderBlock {DIV} at (0,19) size 964x310 [border: (5px solid #800000)]
    RenderBlock (anonymous) at (5,5) size 226x247
      RenderText {#text} at (0,0) size 134x19
        text run at (0,0) width 134: "This is some text"
      RenderBR {BR} at (134,15) size 0x0
      RenderText {#text} at (0,19) size 134x19
        text run at (0,19) width 134: "This is some text"
      RenderBR {BR} at (134,34) size 0x0
      RenderText {#text} at (0,38) size 134x19
        text run at (0,38) width 134: "This is some text"
      RenderBR {BR} at (134,53) size 0x0
      RenderText {#text} at (0,57) size 134x19
        text run at (0,57) width 134: "This is some text"
      RenderBR {BR} at (134,72) size 0x0
      RenderText {#text} at (0,76) size 134x19
        text run at (0,76) width 134: "This is some text"
      RenderBR {BR} at (134,91) size 0x0
      RenderText {#text} at (0,95) size 134x19
        text run at (0,95) width 134: "This is some text"
      RenderBR {BR} at (134,110) size 0x0
      RenderText {#text} at (0,114) size 134x19
        text run at (0,114) width 134: "This is some text"
      RenderBR {BR} at (134,129) size 0x0
      RenderText {#text} at (0,133) size 134x19
        text run at (0,133) width 134: "This is some text"
      RenderBR {BR} at (134,148) size 0x0
      RenderText {#text} at (0,152) size 134x19
        text run at (0,152) width 134: "This is some text"
      RenderBR {BR} at (134,167) size 0x0
      RenderText {#text} at (0,171) size 134x19
        text run at (0,171) width 134: "This is some text"
      RenderBR {BR} at (134,186) size 0x0
      RenderText {#text} at (0,190) size 134x19
        text run at (0,190) width 134: "This is some text"
      RenderBR {BR} at (134,205) size 0x0
      RenderText {#text} at (0,209) size 134x19
        text run at (0,209) width 134: "This is some text"
      RenderBR {BR} at (134,224) size 0x0
      RenderText {#text} at (0,228) size 134x19
        text run at (0,228) width 134: "This is some text"
      RenderBR {BR} at (134,243) size 0x0
    RenderBlock {DIV} at (5,305) size 226x270
      RenderText {#text} at (0,0) size 0x0
    RenderBlock (anonymous) at (5,575) size 226x577
      RenderText {#text} at (0,0) size 134x19
        text run at (0,0) width 134: "This is some text"
      RenderBR {BR} at (134,15) size 0x0
      RenderText {#text} at (0,30) size 134x19
        text run at (0,30) width 134: "This is some text"
      RenderBR {BR} at (134,45) size 0x0
      RenderText {#text} at (0,49) size 134x19
        text run at (0,49) width 134: "This is some text"
      RenderBR {BR} at (134,64) size 0x0
      RenderText {#text} at (0,68) size 134x19
        text run at (0,68) width 134: "This is some text"
      RenderBR {BR} at (134,83) size 0x0
      RenderText {#text} at (0,87) size 134x19
        text run at (0,87) width 134: "This is some text"
      RenderBR {BR} at (134,102) size 0x0
      RenderText {#text} at (0,106) size 134x19
        text run at (0,106) width 134: "This is some text"
      RenderBR {BR} at (134,121) size 0x0
      RenderText {#text} at (0,125) size 134x19
        text run at (0,125) width 134: "This is some text"
      RenderBR {BR} at (134,140) size 0x0
      RenderText {#text} at (0,144) size 134x19
        text run at (0,144) width 134: "This is some text"
      RenderBR {BR} at (134,159) size 0x0
      RenderText {#text} at (0,163) size 134x19
        text run at (0,163) width 134: "This is some text"
      RenderBR {BR} at (134,178) size 0x0
      RenderText {#text} at (0,182) size 134x19
        text run at (0,182) width 134: "This is some text"
      RenderBR {BR} at (134,197) size 0x0
      RenderText {#text} at (0,201) size 134x19
        text run at (0,201) width 134: "This is some text"
      RenderBR {BR} at (134,216) size 0x0
      RenderText {#text} at (0,220) size 134x19
        text run at (0,220) width 134: "This is some text"
      RenderBR {BR} at (134,235) size 0x0
      RenderText {#text} at (0,239) size 134x19
        text run at (0,239) width 134: "This is some text"
      RenderBR {BR} at (134,254) size 0x0
      RenderText {#text} at (0,258) size 134x19
        text run at (0,258) width 134: "This is some text"
      RenderBR {BR} at (134,273) size 0x0
      RenderText {#text} at (0,277) size 134x19
        text run at (0,277) width 134: "This is some text"
      RenderBR {BR} at (134,292) size 0x0
      RenderText {#text} at (0,296) size 134x19
        text run at (0,296) width 134: "This is some text"
      RenderBR {BR} at (134,311) size 0x0
      RenderText {#text} at (0,330) size 134x19
        text run at (0,330) width 134: "This is some text"
      RenderBR {BR} at (134,345) size 0x0
      RenderText {#text} at (0,349) size 134x19
        text run at (0,349) width 134: "This is some text"
      RenderBR {BR} at (134,364) size 0x0
      RenderText {#text} at (0,368) size 134x19
        text run at (0,368) width 134: "This is some text"
      RenderBR {BR} at (134,383) size 0x0
      RenderText {#text} at (0,387) size 134x19
        text run at (0,387) width 134: "This is some text"
      RenderBR {BR} at (134,402) size 0x0
      RenderText {#text} at (0,406) size 134x19
        text run at (0,406) width 134: "This is some text"
      RenderBR {BR} at (134,421) size 0x0
      RenderText {#text} at (0,425) size 134x19
        text run at (0,425) width 134: "This is some text"
      RenderBR {BR} at (134,440) size 0x0
      RenderText {#text} at (0,444) size 134x19
        text run at (0,444) width 134: "This is some text"
      RenderBR {BR} at (134,459) size 0x0
      RenderText {#text} at (0,463) size 134x19
        text run at (0,463) width 134: "This is some text"
      RenderBR {BR} at (134,478) size 0x0
      RenderText {#text} at (0,482) size 134x19
        text run at (0,482) width 134: "This is some text"
      RenderBR {BR} at (134,497) size 0x0
      RenderText {#text} at (0,501) size 134x19
        text run at (0,501) width 134: "This is some text"
      RenderBR {BR} at (134,516) size 0x0
      RenderText {#text} at (0,520) size 134x19
        text run at (0,520) width 134: "This is some text"
      RenderBR {BR} at (134,535) size 0x0
      RenderText {#text} at (0,0) size 0x0
    RenderBlock (anonymous) at (5,1205) size 226x266
      RenderText {#text} at (0,0) size 134x19
        text run at (0,0) width 134: "This is some text"
      RenderBR {BR} at (134,15) size 0x0
      RenderText {#text} at (0,19) size 134x19
        text run at (0,19) width 134: "This is some text"
      RenderBR {BR} at (134,34) size 0x0
      RenderText {#text} at (0,38) size 134x19
        text run at (0,38) width 134: "This is some text"
      RenderBR {BR} at (134,53) size 0x0
      RenderText {#text} at (0,57) size 134x19
        text run at (0,57) width 134: "This is some text"
      RenderBR {BR} at (134,72) size 0x0
      RenderText {#text} at (0,76) size 134x19
        text run at (0,76) width 134: "This is some text"
      RenderBR {BR} at (134,91) size 0x0
      RenderText {#text} at (0,95) size 134x19
        text run at (0,95) width 134: "This is some text"
      RenderBR {BR} at (134,110) size 0x0
      RenderText {#text} at (0,114) size 134x19
        text run at (0,114) width 134: "This is some text"
      RenderBR {BR} at (134,129) size 0x0
      RenderText {#text} at (0,133) size 134x19
        text run at (0,133) width 134: "This is some text"
      RenderBR {BR} at (134,148) size 0x0
      RenderText {#text} at (0,152) size 134x19
        text run at (0,152) width 134: "This is some text"
      RenderBR {BR} at (134,167) size 0x0
      RenderText {#text} at (0,171) size 134x19
        text run at (0,171) width 134: "This is some text"
      RenderBR {BR} at (134,186) size 0x0
      RenderText {#text} at (0,190) size 134x19
        text run at (0,190) width 134: "This is some text"
      RenderBR {BR} at (134,205) size 0x0
      RenderText {#text} at (0,209) size 134x19
        text run at (0,209) width 134: "This is some text"
      RenderBR {BR} at (134,224) size 0x0
      RenderText {#text} at (0,228) size 134x19
        text run at (0,228) width 134: "This is some text"
      RenderBR {BR} at (134,243) size 0x0
      RenderText {#text} at (0,247) size 134x19
        text run at (0,247) width 134: "This is some text"
      RenderBR {BR} at (134,262) size 0x0
layer at (8,356) size 964x310
  RenderBlock {DIV} at (0,348) size 964x310 [border: (5px solid #800000)]
    RenderBlock (anonymous) at (5,5) size 226x247
      RenderText {#text} at (92,0) size 134x19
        text run at (92,0) width 134: "This is some text"
      RenderBR {BR} at (92,15) size 0x0
      RenderText {#text} at (92,19) size 134x19
        text run at (92,19) width 134: "This is some text"
      RenderBR {BR} at (92,34) size 0x0
      RenderText {#text} at (92,38) size 134x19
        text run at (92,38) width 134: "This is some text"
      RenderBR {BR} at (92,53) size 0x0
      RenderText {#text} at (92,57) size 134x19
        text run at (92,57) width 134: "This is some text"
      RenderBR {BR} at (92,72) size 0x0
      RenderText {#text} at (92,76) size 134x19
        text run at (92,76) width 134: "This is some text"
      RenderBR {BR} at (92,91) size 0x0
      RenderText {#text} at (92,95) size 134x19
        text run at (92,95) width 134: "This is some text"
      RenderBR {BR} at (92,110) size 0x0
      RenderText {#text} at (92,114) size 134x19
        text run at (92,114) width 134: "This is some text"
      RenderBR {BR} at (92,129) size 0x0
      RenderText {#text} at (92,133) size 134x19
        text run at (92,133) width 134: "This is some text"
      RenderBR {BR} at (92,148) size 0x0
      RenderText {#text} at (92,152) size 134x19
        text run at (92,152) width 134: "This is some text"
      RenderBR {BR} at (92,167) size 0x0
      RenderText {#text} at (92,171) size 134x19
        text run at (92,171) width 134: "This is some text"
      RenderBR {BR} at (92,186) size 0x0
      RenderText {#text} at (92,190) size 134x19
        text run at (92,190) width 134: "This is some text"
      RenderBR {BR} at (92,205) size 0x0
      RenderText {#text} at (92,209) size 134x19
        text run at (92,209) width 134: "This is some text"
      RenderBR {BR} at (92,224) size 0x0
      RenderText {#text} at (92,228) size 134x19
        text run at (92,228) width 134: "This is some text"
      RenderBR {BR} at (92,243) size 0x0
    RenderBlock {DIV} at (5,305) size 226x270
      RenderText {#text} at (0,0) size 0x0
    RenderBlock (anonymous) at (5,575) size 226x577
      RenderText {#text} at (92,0) size 134x19
        text run at (92,0) width 134: "This is some text"
      RenderBR {BR} at (92,15) size 0x0
      RenderText {#text} at (92,30) size 134x19
        text run at (92,30) width 134: "This is some text"
      RenderBR {BR} at (92,45) size 0x0
      RenderText {#text} at (92,49) size 134x19
        text run at (92,49) width 134: "This is some text"
      RenderBR {BR} at (92,64) size 0x0
      RenderText {#text} at (92,68) size 134x19
        text run at (92,68) width 134: "This is some text"
      RenderBR {BR} at (92,83) size 0x0
      RenderText {#text} at (92,87) size 134x19
        text run at (92,87) width 134: "This is some text"
      RenderBR {BR} at (92,102) size 0x0
      RenderText {#text} at (92,106) size 134x19
        text run at (92,106) width 134: "This is some text"
      RenderBR {BR} at (92,121) size 0x0
      RenderText {#text} at (92,125) size 134x19
        text run at (92,125) width 134: "This is some text"
      RenderBR {BR} at (92,140) size 0x0
      RenderText {#text} at (92,144) size 134x19
        text run at (92,144) width 134: "This is some text"
      RenderBR {BR} at (92,159) size 0x0
      RenderText {#text} at (92,163) size 134x19
        text run at (92,163) width 134: "This is some text"
      RenderBR {BR} at (92,178) size 0x0
      RenderText {#text} at (92,182) size 134x19
        text run at (92,182) width 134: "This is some text"
      RenderBR {BR} at (92,197) size 0x0
      RenderText {#text} at (92,201) size 134x19
        text run at (92,201) width 134: "This is some text"
      RenderBR {BR} at (92,216) size 0x0
      RenderText {#text} at (92,220) size 134x19
        text run at (92,220) width 134: "This is some text"
      RenderBR {BR} at (92,235) size 0x0
      RenderText {#text} at (92,239) size 134x19
        text run at (92,239) width 134: "This is some text"
      RenderBR {BR} at (92,254) size 0x0
      RenderText {#text} at (92,258) size 134x19
        text run at (92,258) width 134: "This is some text"
      RenderBR {BR} at (92,273) size 0x0
      RenderText {#text} at (92,277) size 134x19
        text run at (92,277) width 134: "This is some text"
      RenderBR {BR} at (92,292) size 0x0
      RenderText {#text} at (92,296) size 134x19
        text run at (92,296) width 134: "This is some text"
      RenderBR {BR} at (92,311) size 0x0
      RenderText {#text} at (92,330) size 134x19
        text run at (92,330) width 134: "This is some text"
      RenderBR {BR} at (92,345) size 0x0
      RenderText {#text} at (92,349) size 134x19
        text run at (92,349) width 134: "This is some text"
      RenderBR {BR} at (92,364) size 0x0
      RenderText {#text} at (92,368) size 134x19
        text run at (92,368) width 134: "This is some text"
      RenderBR {BR} at (92,383) size 0x0
      RenderText {#text} at (92,387) size 134x19
        text run at (92,387) width 134: "This is some text"
      RenderBR {BR} at (92,402) size 0x0
      RenderText {#text} at (92,406) size 134x19
        text run at (92,406) width 134: "This is some text"
      RenderBR {BR} at (92,421) size 0x0
      RenderText {#text} at (92,425) size 134x19
        text run at (92,425) width 134: "This is some text"
      RenderBR {BR} at (92,440) size 0x0
      RenderText {#text} at (92,444) size 134x19
        text run at (92,444) width 134: "This is some text"
      RenderBR {BR} at (92,459) size 0x0
      RenderText {#text} at (92,463) size 134x19
        text run at (92,463) width 134: "This is some text"
      RenderBR {BR} at (92,478) size 0x0
      RenderText {#text} at (92,482) size 134x19
        text run at (92,482) width 134: "This is some text"
      RenderBR {BR} at (92,497) size 0x0
      RenderText {#text} at (92,501) size 134x19
        text run at (92,501) width 134: "This is some text"
      RenderBR {BR} at (92,516) size 0x0
      RenderText {#text} at (92,520) size 134x19
        text run at (92,520) width 134: "This is some text"
      RenderBR {BR} at (92,535) size 0x0
      RenderText {#text} at (0,0) size 0x0
    RenderBlock (anonymous) at (5,1205) size 226x266
      RenderText {#text} at (92,0) size 134x19
        text run at (92,0) width 134: "This is some text"
      RenderBR {BR} at (92,15) size 0x0
      RenderText {#text} at (92,19) size 134x19
        text run at (92,19) width 134: "This is some text"
      RenderBR {BR} at (92,34) size 0x0
      RenderText {#text} at (92,38) size 134x19
        text run at (92,38) width 134: "This is some text"
      RenderBR {BR} at (92,53) size 0x0
      RenderText {#text} at (92,57) size 134x19
        text run at (92,57) width 134: "This is some text"
      RenderBR {BR} at (92,72) size 0x0
      RenderText {#text} at (92,76) size 134x19
        text run at (92,76) width 134: "This is some text"
      RenderBR {BR} at (92,91) size 0x0
      RenderText {#text} at (92,95) size 134x19
        text run at (92,95) width 134: "This is some text"
      RenderBR {BR} at (92,110) size 0x0
      RenderText {#text} at (92,114) size 134x19
        text run at (92,114) width 134: "This is some text"
      RenderBR {BR} at (92,129) size 0x0
      RenderText {#text} at (92,133) size 134x19
        text run at (92,133) width 134: "This is some text"
      RenderBR {BR} at (92,148) size 0x0
      RenderText {#text} at (92,152) size 134x19
        text run at (92,152) width 134: "This is some text"
      RenderBR {BR} at (92,167) size 0x0
      RenderText {#text} at (92,171) size 134x19
        text run at (92,171) width 134: "This is some text"
      RenderBR {BR} at (92,186) size 0x0
      RenderText {#text} at (92,190) size 134x19
        text run at (92,190) width 134: "This is some text"
      RenderBR {BR} at (92,205) size 0x0
      RenderText {#text} at (92,209) size 134x19
        text run at (92,209) width 134: "This is some text"
      RenderBR {BR} at (92,224) size 0x0
      RenderText {#text} at (92,228) size 134x19
        text run at (92,228) width 134: "This is some text"
      RenderBR {BR} at (92,243) size 0x0
      RenderText {#text} at (92,247) size 134x19
        text run at (92,247) width 134: "This is some text"
      RenderBR {BR} at (92,262) size 0x0
layer at (13,332) size 100x270
  RenderBlock (relative positioned) {DIV} at (0,0) size 100x270 [bgcolor=#008000]
layer at (139,661) size 100x270 backgroundClip at (0,0) size 1207x735 clip at (0,0) size 1207x735 outlineClip at (0,0) size 1207x735
  RenderBlock (relative positioned) {DIV} at (126,0) size 100x270 [bgcolor=#008000]
