layer at (0,0) size 980x735
  RenderView at (0,0) size 980x735
layer at (0,0) size 980x735
  RenderBlock {HTML} at (0,0) size 980x735
    RenderBody {BODY} at (8,8) size 964x719
      RenderBlock (anonymous) at (0,0) size 964x38
        RenderText {#text} at (0,0) size 956x38
          text run at (0,0) width 612: "The two purple rectangles below should both be at the top of their columns. "
          text run at (612,0) width 344: "If one is lower than the other, than the test"
          text run at (0,19) width 82: "has failed."
layer at (8,46) size 964x304
  RenderBlock {DIV} at (0,38) size 964x304 [border: (2px solid #000000)]
    RenderBlock {DIV} at (2,2) size 472x200 [bgcolor=#800080]
    RenderBlock {DIV} at (2,302) size 472x200 [bgcolor=#800080]
