layer at (0,0) size 980x735
  RenderView at (0,0) size 980x735
layer at (0,0) size 980x735
  RenderBlock {HTML} at (0,0) size 980x735
    RenderBody {BODY} at (8,8) size 964x719
      RenderBlock (anonymous) at (0,0) size 964x76
        RenderText {#text} at (0,0) size 933x76
          text run at (0,0) width 550: "This is capturing current behavior, but it's not clear that it is correct. "
          text run at (550,0) width 369: "It's not clear if max-height on a columns block"
          text run at (0,19) width 378: "constitutes a constraint on the columns or not. "
          text run at (378,19) width 555: "You obviously begin trying to balance, but only run into the constraint"
          text run at (0,38) width 420: "once the balanced columns exceed the max-height. "
          text run at (420,38) width 411: "It's not clear that you should suddenly shift to a fill. "
          text run at (831,38) width 94: "Our current"
          text run at (0,57) width 715: "behavior (which matches Firefox) is to just overflow without changing from balance to fill."
layer at (8,84) size 404x64
  RenderBlock {DIV} at (0,76) size 404x64 [border: (2px solid #000000)]
    RenderText {#text} at (2,2) size 66x112
      text run at (2,2) width 50: "This"
      text run at (2,30) width 20: "is"
      text run at (2,58) width 66: "some"
      text run at (2,86) width 47: "text"
    RenderBR {BR} at (49,108) size 0x0
    RenderText {#text} at (2,114) size 66x112
      text run at (2,114) width 50: "This"
      text run at (2,142) width 20: "is"
      text run at (2,170) width 66: "some"
      text run at (2,198) width 47: "text"
    RenderBR {BR} at (49,220) size 0x0
    RenderText {#text} at (2,226) size 66x112
      text run at (2,226) width 50: "This"
      text run at (2,254) width 20: "is"
      text run at (2,282) width 66: "some"
      text run at (2,310) width 47: "text"
    RenderBR {BR} at (49,332) size 0x0
    RenderText {#text} at (2,338) size 66x112
      text run at (2,338) width 50: "This"
      text run at (2,366) width 20: "is"
      text run at (2,394) width 66: "some"
      text run at (2,422) width 47: "text"
    RenderBR {BR} at (49,444) size 0x0
    RenderText {#text} at (2,450) size 66x112
      text run at (2,450) width 50: "This"
      text run at (2,478) width 20: "is"
      text run at (2,506) width 66: "some"
      text run at (2,534) width 47: "text"
    RenderBR {BR} at (49,556) size 0x0
