layer at (0,0) size 1141x735
  RenderView at (0,0) size 980x735
layer at (0,0) size 980x735
  RenderBlock {HTML} at (0,0) size 980x735
layer at (8,8) size 750x500
  RenderBody {BODY} at (8,8) size 750x500
    RenderBlock {H1} at (0,0) size 367x37
      RenderText {#text} at (0,0) size 215x38
        text run at (0,0) width 215: "Header One"
    RenderBlock (anonymous) at (0,58) size 367x266
      RenderText {#text} at (0,0) size 364x266
        text run at (0,0) width 336: "Lorem ipsum dolor sit amet, consectetuer"
        text run at (0,19) width 310: "adipiscing elit. Nulla varius enim ac mi."
        text run at (0,38) width 364: "Curabitur sollicitudin felis quis lectus. Quisque"
        text run at (0,57) width 336: "adipiscing rhoncus sem. Proin nulla purus,"
        text run at (0,76) width 357: "vulputate vel, varius ut, euismod et, nisi. Sed"
        text run at (0,95) width 315: "vitae felis vel orci sagittis aliquam. Cras"
        text run at (0,114) width 325: "convallis adipiscing sem. Nam nonummy"
        text run at (0,133) width 315: "enim. Nullam bibendum lobortis neque."
        text run at (0,152) width 310: "Vestibulum velit orci, tempus euismod,"
        text run at (0,171) width 359: "pretium quis, interdum vitae, nulla. Phasellus"
        text run at (0,190) width 362: "eget ante et tortor condimentum vestibulum."
        text run at (0,209) width 339: "Suspendisse hendrerit quam nec felis. Sed"
        text run at (0,228) width 348: "varius turpis vitae pede. Lorem ipsum dolor"
        text run at (0,247) width 298: "sit amet, consectetuer adipiscing elit."
    RenderBlock {H1} at (0,345) size 367x37
      RenderText {#text} at (0,0) size 217x38
        text run at (0,0) width 217: "Header Two"
    RenderBlock (anonymous) at (0,403) size 367x268
      RenderText {#text} at (0,0) size 364x268
        text run at (0,0) width 336: "Lorem ipsum dolor sit amet, consectetuer"
        text run at (0,19) width 310: "adipiscing elit. Nulla varius enim ac mi."
        text run at (0,38) width 364: "Curabitur sollicitudin felis quis lectus. Quisque"
        text run at (0,57) width 336: "adipiscing rhoncus sem. Proin nulla purus,"
        text run at (0,76) width 357: "vulputate vel, varius ut, euismod et, nisi. Sed"
        text run at (0,97) width 315: "vitae felis vel orci sagittis aliquam. Cras"
        text run at (0,116) width 325: "convallis adipiscing sem. Nam nonummy"
        text run at (0,135) width 315: "enim. Nullam bibendum lobortis neque."
        text run at (0,154) width 310: "Vestibulum velit orci, tempus euismod,"
        text run at (0,173) width 359: "pretium quis, interdum vitae, nulla. Phasellus"
        text run at (0,192) width 362: "eget ante et tortor condimentum vestibulum."
        text run at (0,211) width 339: "Suspendisse hendrerit quam nec felis. Sed"
        text run at (0,230) width 348: "varius turpis vitae pede. Lorem ipsum dolor"
        text run at (0,249) width 298: "sit amet, consectetuer adipiscing elit."
    RenderBlock {H1} at (0,692) size 367x37
      RenderText {#text} at (0,0) size 248x38
        text run at (0,0) width 248: "Header Three"
    RenderBlock {H1} at (0,1075) size 367x37
      RenderText {#text} at (0,0) size 226x38
        text run at (0,0) width 226: "Header Four"
    RenderBlock (anonymous) at (0,1133) size 367x38
      RenderText {#text} at (0,0) size 336x38
        text run at (0,0) width 336: "Lorem ipsum dolor sit amet, consectetuer"
        text run at (0,19) width 310: "adipiscing elit. Nulla varius enim ac mi."
