layer at (0,0) size 980x735
  RenderView at (0,0) size 980x735
layer at (0,0) size 980x735
  RenderBlock {HTML} at (0,0) size 980x735
    RenderBody {BODY} at (8,8) size 964x719
layer at (8,8) size 506x505
  RenderBlock {DIV} at (0,0) size 506x505 [border: (3px solid #000000)]
    RenderBlock (anonymous) at (3,3) size 158x456
      RenderText {#text} at (0,5) size 158x446
        text run at (0,5) width 158: "Lorem ipsum dolor sit"
        text run at (0,29) width 158: "amet, consectetur"
        text run at (0,53) width 158: "adipiscing elit. Nullam"
        text run at (0,77) width 158: "ornare, nunc eget"
        text run at (0,101) width 158: "condimentum tempor,"
        text run at (0,125) width 158: "augue ligula accumsan"
        text run at (0,149) width 158: "eros, sed consequat"
        text run at (0,173) width 158: "sapien orci id libero."
        text run at (0,197) width 158: "Curabitur tristique, augue"
        text run at (0,221) width 158: "in aliquet accumsan, nibh"
        text run at (0,245) width 158: "nisi lobortis odio, et"
        text run at (0,269) width 158: "suscipit est ligula eu nisi."
        text run at (0,293) width 158: "Nunc aliquet lobortis"
        text run at (0,317) width 158: "porta. Donec venenatis"
        text run at (0,341) width 158: "consectetur eleifend."
        text run at (0,365) width 158: "Etiam sed tempor quam."
        text run at (0,389) width 158: "Pellentesque gravida"
        text run at (0,413) width 158: "gravida eros venenatis"
        text run at (0,437) width 50: "suscipit."
    RenderBlock (anonymous) at (3,806) size 158x910
      RenderText {#text} at (0,5) size 158x900
        text run at (0,5) width 158: "Nunc et odio ut velit"
        text run at (0,29) width 158: "posuere viverra. Integer"
        text run at (0,53) width 158: "eu mi quis velit dapibus"
        text run at (0,77) width 158: "tempus at ut purus."
        text run at (0,101) width 158: "Quisque congue mollis"
        text run at (0,125) width 158: "mauris a hendrerit. Nam"
        text run at (0,149) width 158: "viverra est at orci"
        text run at (0,173) width 158: "interdum a ullamcorper"
        text run at (0,200) width 158: "mi dictum. In id sapien"
        text run at (0,224) width 158: "augue. Suspendisse"
        text run at (0,248) width 158: "potenti. Vestibulum turpis"
        text run at (0,272) width 158: "purus, convallis ut sagittis"
        text run at (0,296) width 158: "quis, semper vel mauris."
        text run at (0,320) width 158: "Curabitur vitae felis"
        text run at (0,344) width 158: "turpis. Fusce augue nibh,"
        text run at (0,368) width 158: "consectetur non"
        text run at (0,392) width 158: "vestibulum et, bibendum"
        text run at (0,416) width 158: "sit amet lectus. Nulla at"
        text run at (0,440) width 158: "imperdiet metus. Donec"
        text run at (0,464) width 158: "non est velit, non fringilla"
        text run at (0,488) width 158: "ipsum. Fusce elementum"
        text run at (0,512) width 158: "neque a nibh egestas"
        text run at (0,536) width 158: "sodales. Mauris ut lorem"
        text run at (0,560) width 158: "hendrerit metus interdum"
        text run at (0,584) width 158: "malesuada. Nam tempus"
        text run at (0,608) width 158: "sodales neque vitae"
        text run at (0,632) width 158: "bibendum. Vestibulum ac"
        text run at (0,656) width 158: "est sit amet dolor"
        text run at (0,699) width 158: "vehicula semper at sed"
        text run at (0,723) width 158: "ante. Nunc at neque"
        text run at (0,747) width 158: "urna, in volutpat orci."
        text run at (0,771) width 158: "Praesent eu velit neque,"
        text run at (0,795) width 158: "quis rutrum metus. Nunc"
        text run at (0,819) width 158: "eu ipsum sit amet ligula"
        text run at (0,843) width 158: "mattis porttitor sit amet"
        text run at (0,867) width 158: "id felis. Integer volutpat"
        text run at (0,891) width 143: "aliquam odio et feugiat."
layer at (11,510) size 158x304 backgroundClip at (11,510) size 158x225 clip at (13,512) size 139x223 outlineClip at (0,0) size 980x735 scrollHeight 624
  RenderBlock {DIV} at (3,502) size 158x304 [border: (2px solid #000000)]
    RenderText {#text} at (2,7) size 139x614
      text run at (2,7) width 139: "Aenean diam enim,"
      text run at (2,31) width 139: "suscipit id"
      text run at (2,55) width 139: "pellentesque vel,"
      text run at (2,79) width 139: "hendrerit et metus."
      text run at (2,103) width 139: "Suspendisse felis erat,"
      text run at (2,127) width 139: "hendrerit a congue in,"
      text run at (2,151) width 139: "euismod ac erat."
      text run at (2,175) width 139: "Donec pulvinar"
      text run at (2,199) width 139: "venenatis tortor, a"
      text run at (2,223) width 139: "lobortis erat"
      text run at (2,247) width 139: "scelerisque et. Class"
      text run at (2,271) width 139: "aptent taciti sociosqu"
      text run at (2,295) width 139: "ad litora torquent per"
      text run at (2,319) width 139: "conubia nostra, per"
      text run at (2,343) width 139: "inceptos himenaeos."
      text run at (2,367) width 139: "Aliquam in orci id felis"
      text run at (2,391) width 139: "mollis porta ac et orci."
      text run at (2,415) width 139: "Donec viverra, eros ac"
      text run at (2,439) width 139: "mattis dapibus, quam"
      text run at (2,463) width 139: "ante porta lectus,"
      text run at (2,487) width 62: "accumsan"
      text run at (2,511) width 139: "pellentesque nibh"
      text run at (2,535) width 139: "metus non felis."
      text run at (2,559) width 139: "Vivamus sed eros quis"
      text run at (2,583) width 139: "magna scelerisque"
      text run at (2,607) width 126: "ultrices ac eget velit."
