layer at (0,0) size 980x735
  RenderView at (0,0) size 980x735
layer at (0,0) size 980x735
  RenderBlock {HTML} at (0,0) size 980x735
    RenderBody {BODY} at (8,8) size 964x719
layer at (8,8) size 506x505
  RenderBlock {DIV} at (0,0) size 506x505 [border: (3px solid #000000)]
layer at (11,11) size 158x1929 backgroundClip at (11,11) size 158x724 clip at (11,11) size 158x724 outlineClip at (0,0) size 980x735
  RenderBlock {DIV} at (3,3) size 158x1929
    RenderText {#text} at (0,5) size 158x1919
      text run at (0,5) width 158: "Lorem ipsum dolor sit"
      text run at (0,29) width 158: "amet, consectetur"
      text run at (0,53) width 158: "adipiscing elit. Nullam"
      text run at (0,77) width 158: "ornare, nunc eget"
      text run at (0,101) width 158: "condimentum tempor,"
      text run at (0,125) width 158: "augue ligula accumsan"
      text run at (0,149) width 158: "eros, sed consequat"
      text run at (0,173) width 158: "sapien orci id libero."
      text run at (0,197) width 158: "Curabitur tristique, augue"
      text run at (0,221) width 158: "in aliquet accumsan, nibh"
      text run at (0,245) width 158: "nisi lobortis odio, et"
      text run at (0,269) width 158: "suscipit est ligula eu nisi."
      text run at (0,293) width 158: "Nunc aliquet lobortis"
      text run at (0,317) width 158: "porta. Donec venenatis"
      text run at (0,341) width 158: "consectetur eleifend."
      text run at (0,365) width 158: "Etiam sed tempor quam."
      text run at (0,389) width 158: "Pellentesque gravida"
      text run at (0,413) width 158: "gravida eros venenatis"
      text run at (0,437) width 158: "suscipit. Aenean diam"
      text run at (0,461) width 158: "enim, suscipit id"
      text run at (0,504) width 158: "pellentesque vel,"
      text run at (0,528) width 158: "hendrerit et metus."
      text run at (0,552) width 158: "Suspendisse felis erat,"
      text run at (0,576) width 158: "hendrerit a congue in,"
      text run at (0,600) width 158: "euismod ac erat. Donec"
      text run at (0,624) width 158: "pulvinar venenatis tortor,"
      text run at (0,648) width 158: "a lobortis erat scelerisque"
      text run at (0,672) width 158: "et. Class aptent taciti"
      text run at (0,696) width 158: "sociosqu ad litora"
      text run at (0,720) width 158: "torquent per conubia"
      text run at (0,744) width 158: "nostra, per inceptos"
      text run at (0,768) width 158: "himenaeos. Aliquam in"
      text run at (0,792) width 158: "orci id felis mollis porta ac"
      text run at (0,816) width 158: "et orci. Donec viverra,"
      text run at (0,840) width 158: "eros ac mattis dapibus,"
      text run at (0,864) width 158: "quam ante porta lectus,"
      text run at (0,888) width 158: "accumsan pellentesque"
      text run at (0,912) width 158: "nibh metus non felis."
      text run at (0,936) width 158: "Vivamus sed eros quis"
      text run at (0,960) width 158: "magna scelerisque"
      text run at (0,1003) width 158: "ultrices ac eget velit."
      text run at (0,1027) width 158: "Nunc et odio ut velit"
      text run at (0,1051) width 158: "posuere viverra. Integer"
      text run at (0,1075) width 158: "eu mi quis velit dapibus"
      text run at (0,1099) width 158: "tempus at ut purus."
      text run at (0,1123) width 158: "Quisque congue mollis"
      text run at (0,1147) width 158: "mauris a hendrerit. Nam"
      text run at (0,1171) width 158: "viverra est at orci"
      text run at (0,1195) width 158: "interdum a ullamcorper"
      text run at (0,1219) width 158: "mi dictum. In id sapien"
      text run at (0,1243) width 158: "augue. Suspendisse"
      text run at (0,1267) width 158: "potenti. Vestibulum turpis"
      text run at (0,1291) width 158: "purus, convallis ut sagittis"
      text run at (0,1315) width 158: "quis, semper vel mauris."
      text run at (0,1339) width 158: "Curabitur vitae felis"
      text run at (0,1363) width 158: "turpis. Fusce augue nibh,"
      text run at (0,1387) width 158: "consectetur non"
      text run at (0,1411) width 158: "vestibulum et, bibendum"
      text run at (0,1435) width 158: "sit amet lectus. Nulla at"
      text run at (0,1459) width 158: "imperdiet metus. Donec"
      text run at (0,1502) width 158: "non est velit, non fringilla"
      text run at (0,1526) width 158: "ipsum. Fusce elementum"
      text run at (0,1550) width 158: "neque a nibh egestas"
      text run at (0,1574) width 158: "sodales. Mauris ut lorem"
      text run at (0,1598) width 158: "hendrerit metus interdum"
      text run at (0,1622) width 158: "malesuada. Nam tempus"
      text run at (0,1646) width 158: "sodales neque vitae"
      text run at (0,1670) width 158: "bibendum. Vestibulum ac"
      text run at (0,1694) width 158: "est sit amet dolor"
      text run at (0,1718) width 158: "vehicula semper at sed"
      text run at (0,1742) width 158: "ante. Nunc at neque"
      text run at (0,1766) width 158: "urna, in volutpat orci."
      text run at (0,1790) width 158: "Praesent eu velit neque,"
      text run at (0,1814) width 158: "quis rutrum metus. Nunc"
      text run at (0,1838) width 158: "eu ipsum sit amet ligula"
      text run at (0,1862) width 158: "mattis porttitor sit amet"
      text run at (0,1886) width 158: "id felis. Integer volutpat"
      text run at (0,1910) width 143: "aliquam odio et feugiat."
