layer at (0,0) size 1294x735
  RenderView at (0,0) size 980x735
layer at (0,0) size 980x735
  RenderBlock {HTML} at (0,0) size 980x735
    RenderBody {BODY} at (8,8) size 964x719
layer at (8,8) size 964x404
  RenderBlock {DIV} at (0,0) size 964x404 [border: (2px solid #000000)]
    RenderBlock (anonymous) at (2,2) size 309x190
      RenderText {#text} at (0,0) size 139x19
        text run at (0,0) width 139: "This is some text."
      RenderBR {BR} at (139,15) size 0x0
      RenderText {#text} at (0,19) size 139x19
        text run at (0,19) width 139: "This is some text."
      RenderBR {BR} at (139,34) size 0x0
      RenderText {#text} at (0,38) size 139x19
        text run at (0,38) width 139: "This is some text."
      RenderBR {BR} at (139,53) size 0x0
      RenderText {#text} at (0,57) size 139x19
        text run at (0,57) width 139: "This is some text."
      RenderBR {BR} at (139,72) size 0x0
      RenderText {#text} at (0,76) size 139x19
        text run at (0,76) width 139: "This is some text."
      RenderBR {BR} at (139,91) size 0x0
      RenderText {#text} at (0,95) size 139x19
        text run at (0,95) width 139: "This is some text."
      RenderBR {BR} at (139,110) size 0x0
      RenderText {#text} at (0,114) size 139x19
        text run at (0,114) width 139: "This is some text."
      RenderBR {BR} at (139,129) size 0x0
      RenderText {#text} at (0,133) size 139x19
        text run at (0,133) width 139: "This is some text."
      RenderBR {BR} at (139,148) size 0x0
      RenderText {#text} at (0,152) size 139x19
        text run at (0,152) width 139: "This is some text."
      RenderBR {BR} at (139,167) size 0x0
      RenderText {#text} at (0,171) size 139x19
        text run at (0,171) width 139: "This is some text."
      RenderBR {BR} at (139,186) size 0x0
    RenderImage {IMG} at (2,402) size 250x300 [bgcolor=#008000]
    RenderBlock (anonymous) at (2,702) size 309x576
      RenderText {#text} at (0,0) size 139x19
        text run at (0,0) width 139: "This is some text."
      RenderBR {BR} at (139,15) size 0x0
      RenderText {#text} at (0,19) size 139x19
        text run at (0,19) width 139: "This is some text."
      RenderBR {BR} at (139,34) size 0x0
      RenderText {#text} at (0,38) size 139x19
        text run at (0,38) width 139: "This is some text."
      RenderBR {BR} at (139,53) size 0x0
      RenderText {#text} at (0,57) size 139x19
        text run at (0,57) width 139: "This is some text."
      RenderBR {BR} at (139,72) size 0x0
      RenderText {#text} at (0,76) size 139x19
        text run at (0,76) width 139: "This is some text."
      RenderBR {BR} at (139,91) size 0x0
      RenderText {#text} at (0,100) size 139x19
        text run at (0,100) width 139: "This is some text."
      RenderBR {BR} at (139,115) size 0x0
      RenderText {#text} at (0,119) size 139x19
        text run at (0,119) width 139: "This is some text."
      RenderBR {BR} at (139,134) size 0x0
      RenderText {#text} at (0,138) size 139x19
        text run at (0,138) width 139: "This is some text."
      RenderBR {BR} at (139,153) size 0x0
      RenderText {#text} at (0,157) size 139x19
        text run at (0,157) width 139: "This is some text."
      RenderBR {BR} at (139,172) size 0x0
      RenderText {#text} at (0,176) size 139x19
        text run at (0,176) width 139: "This is some text."
      RenderBR {BR} at (139,191) size 0x0
      RenderText {#text} at (0,195) size 139x19
        text run at (0,195) width 139: "This is some text."
      RenderBR {BR} at (139,210) size 0x0
      RenderText {#text} at (0,214) size 139x19
        text run at (0,214) width 139: "This is some text."
      RenderBR {BR} at (139,229) size 0x0
      RenderText {#text} at (0,233) size 139x19
        text run at (0,233) width 139: "This is some text."
      RenderBR {BR} at (139,248) size 0x0
      RenderText {#text} at (0,252) size 139x19
        text run at (0,252) width 139: "This is some text."
      RenderBR {BR} at (139,267) size 0x0
      RenderText {#text} at (0,271) size 139x19
        text run at (0,271) width 139: "This is some text."
      RenderBR {BR} at (139,286) size 0x0
      RenderText {#text} at (0,290) size 139x19
        text run at (0,290) width 139: "This is some text."
      RenderBR {BR} at (139,305) size 0x0
      RenderText {#text} at (0,309) size 139x19
        text run at (0,309) width 139: "This is some text."
      RenderBR {BR} at (139,324) size 0x0
      RenderText {#text} at (0,328) size 139x19
        text run at (0,328) width 139: "This is some text."
      RenderBR {BR} at (139,343) size 0x0
      RenderText {#text} at (0,347) size 139x19
        text run at (0,347) width 139: "This is some text."
      RenderBR {BR} at (139,362) size 0x0
      RenderText {#text} at (0,366) size 139x19
        text run at (0,366) width 139: "This is some text."
      RenderBR {BR} at (139,381) size 0x0
      RenderText {#text} at (0,385) size 139x19
        text run at (0,385) width 139: "This is some text."
      RenderBR {BR} at (139,400) size 0x0
      RenderText {#text} at (0,404) size 139x19
        text run at (0,404) width 139: "This is some text."
      RenderBR {BR} at (139,419) size 0x0
      RenderText {#text} at (0,423) size 139x19
        text run at (0,423) width 139: "This is some text."
      RenderBR {BR} at (139,438) size 0x0
      RenderText {#text} at (0,442) size 139x19
        text run at (0,442) width 139: "This is some text."
      RenderBR {BR} at (139,457) size 0x0
      RenderText {#text} at (0,461) size 139x19
        text run at (0,461) width 139: "This is some text."
      RenderBR {BR} at (139,476) size 0x0
      RenderText {#text} at (0,480) size 139x19
        text run at (0,480) width 139: "This is some text."
      RenderBR {BR} at (139,495) size 0x0
      RenderText {#text} at (0,500) size 139x19
        text run at (0,500) width 139: "This is some text."
      RenderBR {BR} at (139,515) size 0x0
      RenderText {#text} at (0,519) size 139x19
        text run at (0,519) width 139: "This is some text."
      RenderBR {BR} at (139,534) size 0x0
      RenderText {#text} at (0,538) size 139x19
        text run at (0,538) width 139: "This is some text."
      RenderBR {BR} at (139,553) size 0x0
      RenderText {#text} at (0,557) size 139x19
        text run at (0,557) width 139: "This is some text."
      RenderBR {BR} at (139,572) size 0x0
