layer at (0,0) size 1342x735
  RenderView at (0,0) size 980x735
layer at (0,0) size 980x735
  RenderBlock {HTML} at (0,0) size 980x735
    RenderBody {BODY} at (8,8) size 964x719
layer at (8,8) size 134x300
  RenderBlock (positioned) {DIV} at (8,8) size 134x300 [bgcolor=#00FF00]
    RenderText {#text} at (0,0) size 134x19
      text run at (0,0) width 134: "This is some text"
    RenderBR {BR} at (134,15) size 0x0
    RenderText {#text} at (0,19) size 134x19
      text run at (0,19) width 134: "This is some text"
    RenderBR {BR} at (134,34) size 0x0
    RenderText {#text} at (0,38) size 134x19
      text run at (0,38) width 134: "This is some text"
    RenderBR {BR} at (134,53) size 0x0
    RenderText {#text} at (0,57) size 134x19
      text run at (0,57) width 134: "This is some text"
    RenderBR {BR} at (134,72) size 0x0
    RenderText {#text} at (0,76) size 134x19
      text run at (0,76) width 134: "This is some text"
    RenderBR {BR} at (134,91) size 0x0
    RenderText {#text} at (0,95) size 134x19
      text run at (0,95) width 134: "This is some text"
    RenderBR {BR} at (134,110) size 0x0
    RenderText {#text} at (0,114) size 134x19
      text run at (0,114) width 134: "This is some text"
    RenderBR {BR} at (134,129) size 0x0
    RenderText {#text} at (0,133) size 134x19
      text run at (0,133) width 134: "This is some text"
    RenderBR {BR} at (134,148) size 0x0
    RenderText {#text} at (0,152) size 134x19
      text run at (0,152) width 134: "This is some text"
    RenderBR {BR} at (134,167) size 0x0
    RenderText {#text} at (0,171) size 134x19
      text run at (0,171) width 134: "This is some text"
    RenderBR {BR} at (134,186) size 0x0
    RenderText {#text} at (0,190) size 134x19
      text run at (0,190) width 134: "This is some text"
    RenderBR {BR} at (134,205) size 0x0
    RenderText {#text} at (0,209) size 134x19
      text run at (0,209) width 134: "This is some text"
    RenderBR {BR} at (134,224) size 0x0
    RenderText {#text} at (0,228) size 134x19
      text run at (0,228) width 134: "This is some text"
    RenderBR {BR} at (134,243) size 0x0
    RenderText {#text} at (0,247) size 134x19
      text run at (0,247) width 134: "This is some text"
    RenderBR {BR} at (134,262) size 0x0
    RenderText {#text} at (0,266) size 134x19
      text run at (0,266) width 134: "This is some text"
    RenderBR {BR} at (134,281) size 0x0
    RenderText {#text} at (0,300) size 134x19
      text run at (0,300) width 134: "This is some text"
    RenderBR {BR} at (134,315) size 0x0
    RenderText {#text} at (0,319) size 134x19
      text run at (0,319) width 134: "This is some text"
    RenderBR {BR} at (134,334) size 0x0
    RenderText {#text} at (0,338) size 134x19
      text run at (0,338) width 134: "This is some text"
    RenderBR {BR} at (134,353) size 0x0
    RenderText {#text} at (0,357) size 134x19
      text run at (0,357) width 134: "This is some text"
    RenderBR {BR} at (134,372) size 0x0
    RenderText {#text} at (0,376) size 134x19
      text run at (0,376) width 134: "This is some text"
    RenderBR {BR} at (134,391) size 0x0
    RenderText {#text} at (0,395) size 134x19
      text run at (0,395) width 134: "This is some text"
    RenderBR {BR} at (134,410) size 0x0
    RenderText {#text} at (0,414) size 134x19
      text run at (0,414) width 134: "This is some text"
    RenderBR {BR} at (134,429) size 0x0
    RenderText {#text} at (0,433) size 134x19
      text run at (0,433) width 134: "This is some text"
    RenderBR {BR} at (134,448) size 0x0
    RenderText {#text} at (0,452) size 134x19
      text run at (0,452) width 134: "This is some text"
    RenderBR {BR} at (134,467) size 0x0
    RenderText {#text} at (0,471) size 134x19
      text run at (0,471) width 134: "This is some text"
    RenderBR {BR} at (134,486) size 0x0
    RenderText {#text} at (0,490) size 134x19
      text run at (0,490) width 134: "This is some text"
    RenderBR {BR} at (134,505) size 0x0
    RenderText {#text} at (0,509) size 134x19
      text run at (0,509) width 134: "This is some text"
    RenderBR {BR} at (134,524) size 0x0
    RenderText {#text} at (0,528) size 134x19
      text run at (0,528) width 134: "This is some text"
    RenderBR {BR} at (134,543) size 0x0
    RenderText {#text} at (0,547) size 134x19
      text run at (0,547) width 134: "This is some text"
    RenderBR {BR} at (134,562) size 0x0
    RenderText {#text} at (0,566) size 134x19
      text run at (0,566) width 134: "This is some text"
    RenderBR {BR} at (134,581) size 0x0
    RenderText {#text} at (0,600) size 134x19
      text run at (0,600) width 134: "This is some text"
    RenderBR {BR} at (134,615) size 0x0
    RenderText {#text} at (0,619) size 134x19
      text run at (0,619) width 134: "This is some text"
    RenderBR {BR} at (134,634) size 0x0
    RenderText {#text} at (0,638) size 134x19
      text run at (0,638) width 134: "This is some text"
    RenderBR {BR} at (134,653) size 0x0
    RenderText {#text} at (0,657) size 134x19
      text run at (0,657) width 134: "This is some text"
    RenderBR {BR} at (134,672) size 0x0
    RenderText {#text} at (0,676) size 134x19
      text run at (0,676) width 134: "This is some text"
    RenderBR {BR} at (134,691) size 0x0
    RenderText {#text} at (0,695) size 134x19
      text run at (0,695) width 134: "This is some text"
    RenderBR {BR} at (134,710) size 0x0
    RenderText {#text} at (0,714) size 134x19
      text run at (0,714) width 134: "This is some text"
    RenderBR {BR} at (134,729) size 0x0
    RenderText {#text} at (0,733) size 134x19
      text run at (0,733) width 134: "This is some text"
    RenderBR {BR} at (134,748) size 0x0
    RenderText {#text} at (0,752) size 134x19
      text run at (0,752) width 134: "This is some text"
    RenderBR {BR} at (134,767) size 0x0
    RenderText {#text} at (0,771) size 134x19
      text run at (0,771) width 134: "This is some text"
    RenderBR {BR} at (134,786) size 0x0
    RenderText {#text} at (0,790) size 134x19
      text run at (0,790) width 134: "This is some text"
    RenderBR {BR} at (134,805) size 0x0
    RenderText {#text} at (0,809) size 134x19
      text run at (0,809) width 134: "This is some text"
    RenderBR {BR} at (134,824) size 0x0
    RenderText {#text} at (0,828) size 134x19
      text run at (0,828) width 134: "This is some text"
    RenderBR {BR} at (134,843) size 0x0
    RenderText {#text} at (0,847) size 134x19
      text run at (0,847) width 134: "This is some text"
    RenderBR {BR} at (134,862) size 0x0
    RenderText {#text} at (0,866) size 134x19
      text run at (0,866) width 134: "This is some text"
    RenderBR {BR} at (134,881) size 0x0
    RenderText {#text} at (0,900) size 134x19
      text run at (0,900) width 134: "This is some text"
    RenderBR {BR} at (134,915) size 0x0
    RenderText {#text} at (0,919) size 134x19
      text run at (0,919) width 134: "This is some text"
    RenderBR {BR} at (134,934) size 0x0
    RenderText {#text} at (0,938) size 134x19
      text run at (0,938) width 134: "This is some text"
    RenderBR {BR} at (134,953) size 0x0
    RenderText {#text} at (0,957) size 134x19
      text run at (0,957) width 134: "This is some text"
    RenderBR {BR} at (134,972) size 0x0
    RenderText {#text} at (0,976) size 134x19
      text run at (0,976) width 134: "This is some text"
    RenderBR {BR} at (134,991) size 0x0
    RenderText {#text} at (0,995) size 134x19
      text run at (0,995) width 134: "This is some text"
    RenderBR {BR} at (134,1010) size 0x0
    RenderText {#text} at (0,1014) size 134x19
      text run at (0,1014) width 134: "This is some text"
    RenderBR {BR} at (134,1029) size 0x0
    RenderText {#text} at (0,1033) size 134x19
      text run at (0,1033) width 134: "This is some text"
    RenderBR {BR} at (134,1048) size 0x0
    RenderText {#text} at (0,1052) size 134x19
      text run at (0,1052) width 134: "This is some text"
    RenderBR {BR} at (134,1067) size 0x0
    RenderText {#text} at (0,1071) size 134x19
      text run at (0,1071) width 134: "This is some text"
    RenderBR {BR} at (134,1086) size 0x0
    RenderText {#text} at (0,1090) size 134x19
      text run at (0,1090) width 134: "This is some text"
    RenderBR {BR} at (134,1105) size 0x0
    RenderText {#text} at (0,1109) size 134x19
      text run at (0,1109) width 134: "This is some text"
    RenderBR {BR} at (134,1124) size 0x0
    RenderText {#text} at (0,1128) size 134x19
      text run at (0,1128) width 134: "This is some text"
    RenderBR {BR} at (134,1143) size 0x0
    RenderText {#text} at (0,1147) size 134x19
      text run at (0,1147) width 134: "This is some text"
    RenderBR {BR} at (134,1162) size 0x0
    RenderText {#text} at (0,1166) size 134x19
      text run at (0,1166) width 134: "This is some text"
    RenderBR {BR} at (134,1181) size 0x0
    RenderText {#text} at (0,1200) size 134x19
      text run at (0,1200) width 134: "This is some text"
    RenderBR {BR} at (134,1215) size 0x0
    RenderText {#text} at (0,1219) size 134x19
      text run at (0,1219) width 134: "This is some text"
    RenderBR {BR} at (134,1234) size 0x0
    RenderText {#text} at (0,1238) size 134x19
      text run at (0,1238) width 134: "This is some text"
    RenderBR {BR} at (134,1253) size 0x0
    RenderText {#text} at (0,1257) size 134x19
      text run at (0,1257) width 134: "This is some text"
    RenderBR {BR} at (134,1272) size 0x0
    RenderText {#text} at (0,1276) size 134x19
      text run at (0,1276) width 134: "This is some text"
    RenderBR {BR} at (134,1291) size 0x0
    RenderText {#text} at (0,1295) size 134x19
      text run at (0,1295) width 134: "This is some text"
    RenderBR {BR} at (134,1310) size 0x0
    RenderText {#text} at (0,1314) size 134x19
      text run at (0,1314) width 134: "This is some text"
    RenderBR {BR} at (134,1329) size 0x0
    RenderText {#text} at (0,1333) size 134x19
      text run at (0,1333) width 134: "This is some text"
    RenderBR {BR} at (134,1348) size 0x0
    RenderText {#text} at (0,1352) size 134x19
      text run at (0,1352) width 134: "This is some text"
    RenderBR {BR} at (134,1367) size 0x0
    RenderText {#text} at (0,1371) size 134x19
      text run at (0,1371) width 134: "This is some text"
    RenderBR {BR} at (134,1386) size 0x0
    RenderText {#text} at (0,1390) size 134x19
      text run at (0,1390) width 134: "This is some text"
    RenderBR {BR} at (134,1405) size 0x0
    RenderText {#text} at (0,1409) size 134x19
      text run at (0,1409) width 134: "This is some text"
    RenderBR {BR} at (134,1424) size 0x0
    RenderText {#text} at (0,1428) size 134x19
      text run at (0,1428) width 134: "This is some text"
    RenderBR {BR} at (134,1443) size 0x0
    RenderText {#text} at (0,1447) size 134x19
      text run at (0,1447) width 134: "This is some text"
    RenderBR {BR} at (134,1462) size 0x0
    RenderText {#text} at (0,1466) size 134x19
      text run at (0,1466) width 134: "This is some text"
    RenderBR {BR} at (134,1481) size 0x0
    RenderText {#text} at (0,1500) size 134x19
      text run at (0,1500) width 134: "This is some text"
    RenderBR {BR} at (134,1515) size 0x0
    RenderText {#text} at (0,1519) size 134x19
      text run at (0,1519) width 134: "This is some text"
    RenderBR {BR} at (134,1534) size 0x0
    RenderText {#text} at (0,1538) size 134x19
      text run at (0,1538) width 134: "This is some text"
    RenderBR {BR} at (134,1553) size 0x0
    RenderText {#text} at (0,1557) size 134x19
      text run at (0,1557) width 134: "This is some text"
    RenderBR {BR} at (134,1572) size 0x0
    RenderText {#text} at (0,1576) size 134x19
      text run at (0,1576) width 134: "This is some text"
    RenderBR {BR} at (134,1591) size 0x0
    RenderText {#text} at (0,1595) size 134x19
      text run at (0,1595) width 134: "This is some text"
    RenderBR {BR} at (134,1610) size 0x0
    RenderText {#text} at (0,1614) size 134x19
      text run at (0,1614) width 134: "This is some text"
    RenderBR {BR} at (134,1629) size 0x0
    RenderText {#text} at (0,1633) size 134x19
      text run at (0,1633) width 134: "This is some text"
    RenderBR {BR} at (134,1648) size 0x0
    RenderText {#text} at (0,1652) size 134x19
      text run at (0,1652) width 134: "This is some text"
    RenderBR {BR} at (134,1667) size 0x0
    RenderText {#text} at (0,1671) size 134x19
      text run at (0,1671) width 134: "This is some text"
    RenderBR {BR} at (134,1686) size 0x0
    RenderText {#text} at (0,1690) size 134x19
      text run at (0,1690) width 134: "This is some text"
    RenderBR {BR} at (134,1705) size 0x0
    RenderText {#text} at (0,1709) size 134x19
      text run at (0,1709) width 134: "This is some text"
    RenderBR {BR} at (134,1724) size 0x0
    RenderText {#text} at (0,1728) size 134x19
      text run at (0,1728) width 134: "This is some text"
    RenderBR {BR} at (134,1743) size 0x0
    RenderText {#text} at (0,1747) size 134x19
      text run at (0,1747) width 134: "This is some text"
    RenderBR {BR} at (134,1762) size 0x0
    RenderText {#text} at (0,1766) size 134x19
      text run at (0,1766) width 134: "This is some text"
    RenderBR {BR} at (134,1781) size 0x0
    RenderText {#text} at (0,1800) size 134x19
      text run at (0,1800) width 134: "This is some text"
    RenderBR {BR} at (134,1815) size 0x0
    RenderText {#text} at (0,1819) size 134x19
      text run at (0,1819) width 134: "This is some text"
    RenderBR {BR} at (134,1834) size 0x0
    RenderText {#text} at (0,1838) size 134x19
      text run at (0,1838) width 134: "This is some text"
    RenderBR {BR} at (134,1853) size 0x0
    RenderText {#text} at (0,1857) size 134x19
      text run at (0,1857) width 134: "This is some text"
    RenderBR {BR} at (134,1872) size 0x0
    RenderText {#text} at (0,1876) size 134x19
      text run at (0,1876) width 134: "This is some text"
    RenderBR {BR} at (134,1891) size 0x0
    RenderText {#text} at (0,1895) size 134x19
      text run at (0,1895) width 134: "This is some text"
    RenderBR {BR} at (134,1910) size 0x0
    RenderText {#text} at (0,1914) size 134x19
      text run at (0,1914) width 134: "This is some text"
    RenderBR {BR} at (134,1929) size 0x0
    RenderText {#text} at (0,1933) size 134x19
      text run at (0,1933) width 134: "This is some text"
    RenderBR {BR} at (134,1948) size 0x0
    RenderText {#text} at (0,1952) size 134x19
      text run at (0,1952) width 134: "This is some text"
    RenderBR {BR} at (134,1967) size 0x0
    RenderText {#text} at (0,1971) size 134x19
      text run at (0,1971) width 134: "This is some text"
    RenderBR {BR} at (134,1986) size 0x0
    RenderText {#text} at (0,1990) size 134x19
      text run at (0,1990) width 134: "This is some text"
    RenderBR {BR} at (134,2005) size 0x0
    RenderText {#text} at (0,2009) size 134x19
      text run at (0,2009) width 134: "This is some text"
    RenderBR {BR} at (134,2024) size 0x0
    RenderText {#text} at (0,2028) size 134x19
      text run at (0,2028) width 134: "This is some text"
    RenderBR {BR} at (134,2043) size 0x0
    RenderText {#text} at (0,2047) size 134x19
      text run at (0,2047) width 134: "This is some text"
    RenderBR {BR} at (134,2062) size 0x0
    RenderText {#text} at (0,2066) size 134x19
      text run at (0,2066) width 134: "This is some text"
    RenderBR {BR} at (134,2081) size 0x0
    RenderText {#text} at (0,2100) size 134x19
      text run at (0,2100) width 134: "This is some text"
    RenderBR {BR} at (134,2115) size 0x0
    RenderText {#text} at (0,2119) size 134x19
      text run at (0,2119) width 134: "This is some text"
    RenderBR {BR} at (134,2134) size 0x0
    RenderText {#text} at (0,2138) size 134x19
      text run at (0,2138) width 134: "This is some text"
    RenderBR {BR} at (134,2153) size 0x0
    RenderText {#text} at (0,2157) size 134x19
      text run at (0,2157) width 134: "This is some text"
    RenderBR {BR} at (134,2172) size 0x0
    RenderText {#text} at (0,2176) size 134x19
      text run at (0,2176) width 134: "This is some text"
    RenderBR {BR} at (134,2191) size 0x0
    RenderText {#text} at (0,2195) size 134x19
      text run at (0,2195) width 134: "This is some text"
    RenderBR {BR} at (134,2210) size 0x0
    RenderText {#text} at (0,2214) size 134x19
      text run at (0,2214) width 134: "This is some text"
    RenderBR {BR} at (134,2229) size 0x0
    RenderText {#text} at (0,2233) size 134x19
      text run at (0,2233) width 134: "This is some text"
    RenderBR {BR} at (134,2248) size 0x0
    RenderText {#text} at (0,2252) size 134x19
      text run at (0,2252) width 134: "This is some text"
    RenderBR {BR} at (134,2267) size 0x0
    RenderText {#text} at (0,2271) size 134x19
      text run at (0,2271) width 134: "This is some text"
    RenderBR {BR} at (134,2286) size 0x0
    RenderText {#text} at (0,2290) size 134x19
      text run at (0,2290) width 134: "This is some text"
    RenderBR {BR} at (134,2305) size 0x0
    RenderText {#text} at (0,2309) size 134x19
      text run at (0,2309) width 134: "This is some text"
    RenderBR {BR} at (134,2324) size 0x0
    RenderText {#text} at (0,2328) size 134x19
      text run at (0,2328) width 134: "This is some text"
    RenderBR {BR} at (134,2343) size 0x0
    RenderText {#text} at (0,2347) size 134x19
      text run at (0,2347) width 134: "This is some text"
    RenderBR {BR} at (134,2362) size 0x0
    RenderText {#text} at (0,2366) size 134x19
      text run at (0,2366) width 134: "This is some text"
    RenderBR {BR} at (134,2381) size 0x0
    RenderText {#text} at (0,2400) size 134x19
      text run at (0,2400) width 134: "This is some text"
    RenderBR {BR} at (134,2415) size 0x0
    RenderText {#text} at (0,2419) size 134x19
      text run at (0,2419) width 134: "This is some text"
    RenderBR {BR} at (134,2434) size 0x0
    RenderText {#text} at (0,2438) size 134x19
      text run at (0,2438) width 134: "This is some text"
    RenderBR {BR} at (134,2453) size 0x0
    RenderText {#text} at (0,2457) size 134x19
      text run at (0,2457) width 134: "This is some text"
    RenderBR {BR} at (134,2472) size 0x0
    RenderText {#text} at (0,2476) size 134x19
      text run at (0,2476) width 134: "This is some text"
    RenderBR {BR} at (134,2491) size 0x0
    RenderText {#text} at (0,2495) size 134x19
      text run at (0,2495) width 134: "This is some text"
    RenderBR {BR} at (134,2510) size 0x0
    RenderText {#text} at (0,2514) size 134x19
      text run at (0,2514) width 134: "This is some text"
    RenderBR {BR} at (134,2529) size 0x0
    RenderText {#text} at (0,2533) size 134x19
      text run at (0,2533) width 134: "This is some text"
    RenderBR {BR} at (134,2548) size 0x0
    RenderText {#text} at (0,2552) size 134x19
      text run at (0,2552) width 134: "This is some text"
    RenderBR {BR} at (134,2567) size 0x0
    RenderText {#text} at (0,2571) size 134x19
      text run at (0,2571) width 134: "This is some text"
    RenderBR {BR} at (134,2586) size 0x0
    RenderText {#text} at (0,2590) size 134x19
      text run at (0,2590) width 134: "This is some text"
    RenderBR {BR} at (134,2605) size 0x0
    RenderText {#text} at (0,2609) size 134x19
      text run at (0,2609) width 134: "This is some text"
    RenderBR {BR} at (134,2624) size 0x0
    RenderText {#text} at (0,2628) size 134x19
      text run at (0,2628) width 134: "This is some text"
    RenderBR {BR} at (134,2643) size 0x0
    RenderText {#text} at (0,2647) size 134x19
      text run at (0,2647) width 134: "This is some text"
    RenderBR {BR} at (134,2662) size 0x0
    RenderText {#text} at (0,2666) size 134x19
      text run at (0,2666) width 134: "This is some text"
    RenderBR {BR} at (134,2681) size 0x0
