layer at (0,0) size 980x735
  RenderView at (0,0) size 980x735
layer at (0,0) size 980x735
  RenderBlock {HTML} at (0,0) size 980x735
    RenderBody {BODY} at (8,8) size 964x719
layer at (8,8) size 506x505
  RenderBlock {DIV} at (0,0) size 506x505 [border: (3px solid #000000)]
    RenderText {#text} at (3,8) size 158x1919
      text run at (3,8) width 158: "Lorem ipsum dolor sit"
      text run at (3,32) width 158: "amet, consectetur"
      text run at (3,56) width 158: "adipiscing elit. Nullam"
      text run at (3,80) width 158: "ornare, nunc eget"
      text run at (3,104) width 158: "condimentum tempor,"
      text run at (3,128) width 158: "augue ligula accumsan"
      text run at (3,152) width 158: "eros, sed consequat"
      text run at (3,176) width 158: "sapien orci id libero."
      text run at (3,200) width 158: "Curabitur tristique, augue"
      text run at (3,224) width 158: "in aliquet accumsan, nibh"
      text run at (3,248) width 158: "nisi lobortis odio, et"
      text run at (3,272) width 158: "suscipit est ligula eu nisi."
      text run at (3,296) width 158: "Nunc aliquet lobortis"
      text run at (3,320) width 158: "porta. Donec venenatis"
      text run at (3,344) width 158: "consectetur eleifend."
      text run at (3,368) width 158: "Etiam sed tempor quam."
      text run at (3,392) width 158: "Pellentesque gravida"
      text run at (3,416) width 158: "gravida eros venenatis"
      text run at (3,440) width 158: "suscipit. Aenean diam"
      text run at (3,464) width 158: "enim, suscipit id"
      text run at (3,507) width 158: "pellentesque vel,"
      text run at (3,531) width 158: "hendrerit et metus."
      text run at (3,555) width 158: "Suspendisse felis erat,"
      text run at (3,579) width 158: "hendrerit a congue in,"
      text run at (3,603) width 158: "euismod ac erat. Donec"
      text run at (3,627) width 158: "pulvinar venenatis tortor,"
      text run at (3,651) width 158: "a lobortis erat scelerisque"
      text run at (3,675) width 158: "et. Class aptent taciti"
      text run at (3,699) width 158: "sociosqu ad litora"
      text run at (3,723) width 158: "torquent per conubia"
      text run at (3,747) width 158: "nostra, per inceptos"
      text run at (3,771) width 158: "himenaeos. Aliquam in"
      text run at (3,795) width 158: "orci id felis mollis porta ac"
      text run at (3,819) width 158: "et orci. Donec viverra,"
      text run at (3,843) width 158: "eros ac mattis dapibus,"
      text run at (3,867) width 158: "quam ante porta lectus,"
      text run at (3,891) width 158: "accumsan pellentesque"
      text run at (3,915) width 158: "nibh metus non felis."
      text run at (3,939) width 158: "Vivamus sed eros quis"
      text run at (3,963) width 158: "magna scelerisque"
      text run at (3,1006) width 158: "ultrices ac eget velit."
      text run at (3,1030) width 158: "Nunc et odio ut velit"
      text run at (3,1054) width 158: "posuere viverra. Integer"
      text run at (3,1078) width 158: "eu mi quis velit dapibus"
      text run at (3,1102) width 158: "tempus at ut purus."
      text run at (3,1126) width 158: "Quisque congue mollis"
      text run at (3,1150) width 158: "mauris a hendrerit. Nam"
      text run at (3,1174) width 158: "viverra est at orci"
      text run at (3,1198) width 158: "interdum a ullamcorper"
      text run at (3,1222) width 158: "mi dictum. In id sapien"
      text run at (3,1246) width 158: "augue. Suspendisse"
      text run at (3,1270) width 158: "potenti. Vestibulum turpis"
      text run at (3,1294) width 158: "purus, convallis ut sagittis"
      text run at (3,1318) width 158: "quis, semper vel mauris."
      text run at (3,1342) width 158: "Curabitur vitae felis"
      text run at (3,1366) width 158: "turpis. Fusce augue nibh,"
      text run at (3,1390) width 158: "consectetur non"
      text run at (3,1414) width 158: "vestibulum et, bibendum"
      text run at (3,1438) width 158: "sit amet lectus. Nulla at"
      text run at (3,1462) width 158: "imperdiet metus. Donec"
      text run at (3,1505) width 158: "non est velit, non fringilla"
      text run at (3,1529) width 158: "ipsum. Fusce elementum"
      text run at (3,1553) width 158: "neque a nibh egestas"
      text run at (3,1577) width 158: "sodales. Mauris ut lorem"
      text run at (3,1601) width 158: "hendrerit metus interdum"
      text run at (3,1625) width 158: "malesuada. Nam tempus"
      text run at (3,1649) width 158: "sodales neque vitae"
      text run at (3,1673) width 158: "bibendum. Vestibulum ac"
      text run at (3,1697) width 158: "est sit amet dolor"
      text run at (3,1721) width 158: "vehicula semper at sed"
      text run at (3,1745) width 158: "ante. Nunc at neque"
      text run at (3,1769) width 158: "urna, in volutpat orci."
      text run at (3,1793) width 158: "Praesent eu velit neque,"
      text run at (3,1817) width 158: "quis rutrum metus. Nunc"
      text run at (3,1841) width 158: "eu ipsum sit amet ligula"
      text run at (3,1865) width 158: "mattis porttitor sit amet"
      text run at (3,1889) width 158: "id felis. Integer volutpat"
      text run at (3,1913) width 143: "aliquam odio et feugiat."
