layer at (0,0) size 1952x1010
  RenderView at (0,0) size 980x735
layer at (0,0) size 980x1010
  RenderBlock {HTML} at (0,0) size 980x1010
    RenderBody {BODY} at (8,8) size 964x994
      RenderBlock {HR} at (0,358) size 964x2 [border: (1px inset #000000)]
      RenderBlock {HR} at (0,676) size 964x2 [border: (1px inset #000000)]
layer at (8,8) size 964x350
  RenderBlock {DIV} at (0,0) size 964x350
    RenderTable {TABLE} at (0,0) size 474x1240 [border: (1px outset #808080)]
      RenderTableSection {TBODY} at (1,1) size 472x1238
        RenderTableRow {TR} at (0,0) size 472x1238
          RenderTableCell {TD} at (0,44) size 178x1194 [border: (1px inset #808080)] [r=0 c=0 rs=1 cs=1]
            RenderText {#text} at (11,11) size 151x38
              text run at (11,11) width 151: "This cell has lots of"
              text run at (11,30) width 36: "text."
            RenderBR {BR} at (47,45) size 0x0
            RenderText {#text} at (11,49) size 151x38
              text run at (11,49) width 151: "This cell has lots of"
              text run at (11,68) width 36: "text."
            RenderBR {BR} at (47,83) size 0x0
            RenderText {#text} at (11,87) size 151x38
              text run at (11,87) width 151: "This cell has lots of"
              text run at (11,106) width 36: "text."
            RenderBR {BR} at (47,121) size 0x0
            RenderText {#text} at (11,125) size 151x38
              text run at (11,125) width 151: "This cell has lots of"
              text run at (11,144) width 36: "text."
            RenderBR {BR} at (47,159) size 0x0
            RenderText {#text} at (11,163) size 151x38
              text run at (11,163) width 151: "This cell has lots of"
              text run at (11,182) width 36: "text."
            RenderBR {BR} at (47,197) size 0x0
            RenderText {#text} at (11,201) size 151x38
              text run at (11,201) width 151: "This cell has lots of"
              text run at (11,220) width 36: "text."
            RenderBR {BR} at (47,235) size 0x0
            RenderText {#text} at (11,239) size 151x38
              text run at (11,239) width 151: "This cell has lots of"
              text run at (11,258) width 36: "text."
            RenderBR {BR} at (47,273) size 0x0
            RenderText {#text} at (11,277) size 151x48
              text run at (11,277) width 151: "This cell has lots of"
              text run at (11,306) width 36: "text."
            RenderBR {BR} at (47,321) size 0x0
            RenderText {#text} at (11,325) size 151x38
              text run at (11,325) width 151: "This cell has lots of"
              text run at (11,344) width 36: "text."
            RenderBR {BR} at (47,359) size 0x0
            RenderText {#text} at (11,363) size 151x38
              text run at (11,363) width 151: "This cell has lots of"
              text run at (11,382) width 36: "text."
            RenderBR {BR} at (47,397) size 0x0
            RenderText {#text} at (11,401) size 151x38
              text run at (11,401) width 151: "This cell has lots of"
              text run at (11,420) width 36: "text."
            RenderBR {BR} at (47,435) size 0x0
            RenderText {#text} at (11,439) size 151x38
              text run at (11,439) width 151: "This cell has lots of"
              text run at (11,458) width 36: "text."
            RenderBR {BR} at (47,473) size 0x0
            RenderText {#text} at (11,477) size 151x38
              text run at (11,477) width 151: "This cell has lots of"
              text run at (11,496) width 36: "text."
            RenderBR {BR} at (47,511) size 0x0
            RenderText {#text} at (11,515) size 151x38
              text run at (11,515) width 151: "This cell has lots of"
              text run at (11,534) width 36: "text."
            RenderBR {BR} at (47,549) size 0x0
            RenderText {#text} at (11,553) size 151x38
              text run at (11,553) width 151: "This cell has lots of"
              text run at (11,572) width 36: "text."
            RenderBR {BR} at (47,587) size 0x0
            RenderText {#text} at (11,591) size 151x38
              text run at (11,591) width 151: "This cell has lots of"
              text run at (11,610) width 36: "text."
            RenderBR {BR} at (47,625) size 0x0
            RenderText {#text} at (11,629) size 151x46
              text run at (11,629) width 151: "This cell has lots of"
              text run at (11,656) width 36: "text."
            RenderBR {BR} at (47,671) size 0x0
            RenderText {#text} at (11,675) size 151x38
              text run at (11,675) width 151: "This cell has lots of"
              text run at (11,694) width 36: "text."
            RenderBR {BR} at (47,709) size 0x0
            RenderText {#text} at (11,713) size 151x38
              text run at (11,713) width 151: "This cell has lots of"
              text run at (11,732) width 36: "text."
            RenderBR {BR} at (47,747) size 0x0
            RenderText {#text} at (11,751) size 151x38
              text run at (11,751) width 151: "This cell has lots of"
              text run at (11,770) width 36: "text."
            RenderBR {BR} at (47,785) size 0x0
            RenderText {#text} at (11,789) size 151x38
              text run at (11,789) width 151: "This cell has lots of"
              text run at (11,808) width 36: "text."
            RenderBR {BR} at (47,823) size 0x0
            RenderText {#text} at (11,827) size 151x38
              text run at (11,827) width 151: "This cell has lots of"
              text run at (11,846) width 36: "text."
            RenderBR {BR} at (47,861) size 0x0
            RenderText {#text} at (11,865) size 151x38
              text run at (11,865) width 151: "This cell has lots of"
              text run at (11,884) width 36: "text."
            RenderBR {BR} at (47,899) size 0x0
            RenderText {#text} at (11,903) size 151x38
              text run at (11,903) width 151: "This cell has lots of"
              text run at (11,922) width 36: "text."
            RenderBR {BR} at (47,937) size 0x0
            RenderText {#text} at (11,941) size 151x38
              text run at (11,941) width 151: "This cell has lots of"
              text run at (11,960) width 36: "text."
            RenderBR {BR} at (47,975) size 0x0
            RenderText {#text} at (11,979) size 151x46
              text run at (11,979) width 151: "This cell has lots of"
              text run at (11,1006) width 36: "text."
            RenderBR {BR} at (47,1021) size 0x0
            RenderText {#text} at (11,1025) size 151x38
              text run at (11,1025) width 151: "This cell has lots of"
              text run at (11,1044) width 36: "text."
            RenderBR {BR} at (47,1059) size 0x0
            RenderText {#text} at (11,1063) size 151x38
              text run at (11,1063) width 151: "This cell has lots of"
              text run at (11,1082) width 36: "text."
            RenderBR {BR} at (47,1097) size 0x0
            RenderText {#text} at (11,1101) size 151x38
              text run at (11,1101) width 151: "This cell has lots of"
              text run at (11,1120) width 36: "text."
            RenderBR {BR} at (47,1135) size 0x0
            RenderText {#text} at (11,1139) size 151x38
              text run at (11,1139) width 151: "This cell has lots of"
              text run at (11,1158) width 36: "text."
            RenderBR {BR} at (47,1173) size 0x0
          RenderTableCell {TD} at (178,0) size 294x172 [border: (1px inset #808080)] [r=0 c=1 rs=1 cs=1]
            RenderInline {SPAN} at (0,0) size 181x149
              RenderText {#text} at (11,11) size 181x149
                text run at (11,11) width 181: "Other"
                text run at (11,86) width 130: "cell."
layer at (8,376) size 964x300
  RenderBlock {DIV} at (0,368) size 964x300
    RenderTable {TABLE} at (0,0) size 474x1200 [border: (1px outset #808080)]
      RenderTableSection {TBODY} at (1,1) size 472x1198
        RenderTableRow {TR} at (0,0) size 472x1196
          RenderTableCell {TD} at (0,0) size 178x1198 [border: (1px inset #808080)] [r=0 c=0 rs=1 cs=1]
            RenderText {#text} at (11,11) size 151x38
              text run at (11,11) width 151: "This cell has lots of"
              text run at (11,30) width 36: "text."
            RenderBR {BR} at (47,45) size 0x0
            RenderText {#text} at (11,49) size 151x38
              text run at (11,49) width 151: "This cell has lots of"
              text run at (11,68) width 36: "text."
            RenderBR {BR} at (47,83) size 0x0
            RenderText {#text} at (11,87) size 151x38
              text run at (11,87) width 151: "This cell has lots of"
              text run at (11,106) width 36: "text."
            RenderBR {BR} at (47,121) size 0x0
            RenderText {#text} at (11,125) size 151x38
              text run at (11,125) width 151: "This cell has lots of"
              text run at (11,144) width 36: "text."
            RenderBR {BR} at (47,159) size 0x0
            RenderText {#text} at (11,163) size 151x38
              text run at (11,163) width 151: "This cell has lots of"
              text run at (11,182) width 36: "text."
            RenderBR {BR} at (47,197) size 0x0
            RenderText {#text} at (11,201) size 151x38
              text run at (11,201) width 151: "This cell has lots of"
              text run at (11,220) width 36: "text."
            RenderBR {BR} at (47,235) size 0x0
            RenderText {#text} at (11,239) size 151x38
              text run at (11,239) width 151: "This cell has lots of"
              text run at (11,258) width 36: "text."
            RenderBR {BR} at (47,273) size 0x0
            RenderText {#text} at (11,277) size 151x42
              text run at (11,277) width 151: "This cell has lots of"
              text run at (11,300) width 36: "text."
            RenderBR {BR} at (47,315) size 0x0
            RenderText {#text} at (11,319) size 151x38
              text run at (11,319) width 151: "This cell has lots of"
              text run at (11,338) width 36: "text."
            RenderBR {BR} at (47,353) size 0x0
            RenderText {#text} at (11,357) size 151x38
              text run at (11,357) width 151: "This cell has lots of"
              text run at (11,376) width 36: "text."
            RenderBR {BR} at (47,391) size 0x0
            RenderText {#text} at (11,395) size 151x38
              text run at (11,395) width 151: "This cell has lots of"
              text run at (11,414) width 36: "text."
            RenderBR {BR} at (47,429) size 0x0
            RenderText {#text} at (11,433) size 151x38
              text run at (11,433) width 151: "This cell has lots of"
              text run at (11,452) width 36: "text."
            RenderBR {BR} at (47,467) size 0x0
            RenderText {#text} at (11,471) size 151x38
              text run at (11,471) width 151: "This cell has lots of"
              text run at (11,490) width 36: "text."
            RenderBR {BR} at (47,505) size 0x0
            RenderText {#text} at (11,509) size 151x38
              text run at (11,509) width 151: "This cell has lots of"
              text run at (11,528) width 36: "text."
            RenderBR {BR} at (47,543) size 0x0
            RenderText {#text} at (11,547) size 151x38
              text run at (11,547) width 151: "This cell has lots of"
              text run at (11,566) width 36: "text."
            RenderBR {BR} at (47,581) size 0x0
            RenderText {#text} at (11,600) size 151x38
              text run at (11,600) width 151: "This cell has lots of"
              text run at (11,619) width 36: "text."
            RenderBR {BR} at (47,634) size 0x0
            RenderText {#text} at (11,638) size 151x38
              text run at (11,638) width 151: "This cell has lots of"
              text run at (11,657) width 36: "text."
            RenderBR {BR} at (47,672) size 0x0
            RenderText {#text} at (11,676) size 151x38
              text run at (11,676) width 151: "This cell has lots of"
              text run at (11,695) width 36: "text."
            RenderBR {BR} at (47,710) size 0x0
            RenderText {#text} at (11,714) size 151x38
              text run at (11,714) width 151: "This cell has lots of"
              text run at (11,733) width 36: "text."
            RenderBR {BR} at (47,748) size 0x0
            RenderText {#text} at (11,752) size 151x38
              text run at (11,752) width 151: "This cell has lots of"
              text run at (11,771) width 36: "text."
            RenderBR {BR} at (47,786) size 0x0
            RenderText {#text} at (11,790) size 151x38
              text run at (11,790) width 151: "This cell has lots of"
              text run at (11,809) width 36: "text."
            RenderBR {BR} at (47,824) size 0x0
            RenderText {#text} at (11,828) size 151x38
              text run at (11,828) width 151: "This cell has lots of"
              text run at (11,847) width 36: "text."
            RenderBR {BR} at (47,862) size 0x0
            RenderText {#text} at (11,866) size 151x53
              text run at (11,866) width 151: "This cell has lots of"
              text run at (11,900) width 36: "text."
            RenderBR {BR} at (47,915) size 0x0
            RenderText {#text} at (11,919) size 151x38
              text run at (11,919) width 151: "This cell has lots of"
              text run at (11,938) width 36: "text."
            RenderBR {BR} at (47,953) size 0x0
            RenderText {#text} at (11,957) size 151x38
              text run at (11,957) width 151: "This cell has lots of"
              text run at (11,976) width 36: "text."
            RenderBR {BR} at (47,991) size 0x0
            RenderText {#text} at (11,995) size 151x38
              text run at (11,995) width 151: "This cell has lots of"
              text run at (11,1014) width 36: "text."
            RenderBR {BR} at (47,1029) size 0x0
            RenderText {#text} at (11,1033) size 151x38
              text run at (11,1033) width 151: "This cell has lots of"
              text run at (11,1052) width 36: "text."
            RenderBR {BR} at (47,1067) size 0x0
            RenderText {#text} at (11,1071) size 151x38
              text run at (11,1071) width 151: "This cell has lots of"
              text run at (11,1090) width 36: "text."
            RenderBR {BR} at (47,1105) size 0x0
            RenderText {#text} at (11,1109) size 151x38
              text run at (11,1109) width 151: "This cell has lots of"
              text run at (11,1128) width 36: "text."
            RenderBR {BR} at (47,1143) size 0x0
            RenderText {#text} at (11,1147) size 151x38
              text run at (11,1147) width 151: "This cell has lots of"
              text run at (11,1166) width 36: "text."
            RenderBR {BR} at (47,1181) size 0x0
          RenderTableCell {TD} at (178,512) size 294x174 [border: (1px inset #808080)] [r=0 c=1 rs=1 cs=1]
            RenderInline {SPAN} at (0,0) size 181x151
              RenderText {#text} at (11,11) size 181x151
                text run at (11,11) width 181: "Other"
                text run at (11,88) width 130: "cell."
layer at (8,702) size 964x300
  RenderBlock {DIV} at (0,694) size 964x300
    RenderTable {TABLE} at (0,0) size 474x1198 [border: (1px outset #808080)]
      RenderTableSection {TBODY} at (1,1) size 472x1196
        RenderTableRow {TR} at (0,0) size 472x1196
          RenderTableCell {TD} at (0,0) size 178x1196 [border: (1px inset #808080)] [r=0 c=0 rs=1 cs=1]
            RenderText {#text} at (11,11) size 151x38
              text run at (11,11) width 151: "This cell has lots of"
              text run at (11,30) width 36: "text."
            RenderBR {BR} at (47,45) size 0x0
            RenderText {#text} at (11,49) size 151x38
              text run at (11,49) width 151: "This cell has lots of"
              text run at (11,68) width 36: "text."
            RenderBR {BR} at (47,83) size 0x0
            RenderText {#text} at (11,87) size 151x38
              text run at (11,87) width 151: "This cell has lots of"
              text run at (11,106) width 36: "text."
            RenderBR {BR} at (47,121) size 0x0
            RenderText {#text} at (11,125) size 151x38
              text run at (11,125) width 151: "This cell has lots of"
              text run at (11,144) width 36: "text."
            RenderBR {BR} at (47,159) size 0x0
            RenderText {#text} at (11,163) size 151x38
              text run at (11,163) width 151: "This cell has lots of"
              text run at (11,182) width 36: "text."
            RenderBR {BR} at (47,197) size 0x0
            RenderText {#text} at (11,201) size 151x38
              text run at (11,201) width 151: "This cell has lots of"
              text run at (11,220) width 36: "text."
            RenderBR {BR} at (47,235) size 0x0
            RenderText {#text} at (11,239) size 151x38
              text run at (11,239) width 151: "This cell has lots of"
              text run at (11,258) width 36: "text."
            RenderBR {BR} at (47,273) size 0x0
            RenderText {#text} at (11,277) size 151x42
              text run at (11,277) width 151: "This cell has lots of"
              text run at (11,300) width 36: "text."
            RenderBR {BR} at (47,315) size 0x0
            RenderText {#text} at (11,319) size 151x38
              text run at (11,319) width 151: "This cell has lots of"
              text run at (11,338) width 36: "text."
            RenderBR {BR} at (47,353) size 0x0
            RenderText {#text} at (11,357) size 151x38
              text run at (11,357) width 151: "This cell has lots of"
              text run at (11,376) width 36: "text."
            RenderBR {BR} at (47,391) size 0x0
            RenderText {#text} at (11,395) size 151x38
              text run at (11,395) width 151: "This cell has lots of"
              text run at (11,414) width 36: "text."
            RenderBR {BR} at (47,429) size 0x0
            RenderText {#text} at (11,433) size 151x38
              text run at (11,433) width 151: "This cell has lots of"
              text run at (11,452) width 36: "text."
            RenderBR {BR} at (47,467) size 0x0
            RenderText {#text} at (11,471) size 151x38
              text run at (11,471) width 151: "This cell has lots of"
              text run at (11,490) width 36: "text."
            RenderBR {BR} at (47,505) size 0x0
            RenderText {#text} at (11,509) size 151x38
              text run at (11,509) width 151: "This cell has lots of"
              text run at (11,528) width 36: "text."
            RenderBR {BR} at (47,543) size 0x0
            RenderText {#text} at (11,547) size 151x38
              text run at (11,547) width 151: "This cell has lots of"
              text run at (11,566) width 36: "text."
            RenderBR {BR} at (47,581) size 0x0
            RenderText {#text} at (11,600) size 151x38
              text run at (11,600) width 151: "This cell has lots of"
              text run at (11,619) width 36: "text."
            RenderBR {BR} at (47,634) size 0x0
            RenderText {#text} at (11,638) size 151x38
              text run at (11,638) width 151: "This cell has lots of"
              text run at (11,657) width 36: "text."
            RenderBR {BR} at (47,672) size 0x0
            RenderText {#text} at (11,676) size 151x38
              text run at (11,676) width 151: "This cell has lots of"
              text run at (11,695) width 36: "text."
            RenderBR {BR} at (47,710) size 0x0
            RenderText {#text} at (11,714) size 151x38
              text run at (11,714) width 151: "This cell has lots of"
              text run at (11,733) width 36: "text."
            RenderBR {BR} at (47,748) size 0x0
            RenderText {#text} at (11,752) size 151x38
              text run at (11,752) width 151: "This cell has lots of"
              text run at (11,771) width 36: "text."
            RenderBR {BR} at (47,786) size 0x0
            RenderText {#text} at (11,790) size 151x38
              text run at (11,790) width 151: "This cell has lots of"
              text run at (11,809) width 36: "text."
            RenderBR {BR} at (47,824) size 0x0
            RenderText {#text} at (11,828) size 151x38
              text run at (11,828) width 151: "This cell has lots of"
              text run at (11,847) width 36: "text."
            RenderBR {BR} at (47,862) size 0x0
            RenderText {#text} at (11,866) size 151x53
              text run at (11,866) width 151: "This cell has lots of"
              text run at (11,900) width 36: "text."
            RenderBR {BR} at (47,915) size 0x0
            RenderText {#text} at (11,919) size 151x38
              text run at (11,919) width 151: "This cell has lots of"
              text run at (11,938) width 36: "text."
            RenderBR {BR} at (47,953) size 0x0
            RenderText {#text} at (11,957) size 151x38
              text run at (11,957) width 151: "This cell has lots of"
              text run at (11,976) width 36: "text."
            RenderBR {BR} at (47,991) size 0x0
            RenderText {#text} at (11,995) size 151x38
              text run at (11,995) width 151: "This cell has lots of"
              text run at (11,1014) width 36: "text."
            RenderBR {BR} at (47,1029) size 0x0
            RenderText {#text} at (11,1033) size 151x38
              text run at (11,1033) width 151: "This cell has lots of"
              text run at (11,1052) width 36: "text."
            RenderBR {BR} at (47,1067) size 0x0
            RenderText {#text} at (11,1071) size 151x38
              text run at (11,1071) width 151: "This cell has lots of"
              text run at (11,1090) width 36: "text."
            RenderBR {BR} at (47,1105) size 0x0
            RenderText {#text} at (11,1109) size 151x38
              text run at (11,1109) width 151: "This cell has lots of"
              text run at (11,1128) width 36: "text."
            RenderBR {BR} at (47,1143) size 0x0
            RenderText {#text} at (11,1147) size 151x38
              text run at (11,1147) width 151: "This cell has lots of"
              text run at (11,1166) width 36: "text."
            RenderBR {BR} at (47,1181) size 0x0
          RenderTableCell {TD} at (178,1024) size 294x172 [border: (1px inset #808080)] [r=0 c=1 rs=1 cs=1]
            RenderInline {SPAN} at (0,0) size 181x149
              RenderText {#text} at (11,11) size 181x149
                text run at (11,11) width 181: "Other"
                text run at (11,86) width 130: "cell."
