layer at (0,0) size 1151x735
  RenderView at (0,0) size 980x735
layer at (0,0) size 980x735
  RenderBlock {HTML} at (0,0) size 980x735
    RenderBody {BODY} at (8,8) size 964x719
layer at (8,8) size 770x320
  RenderBlock {DIV} at (0,0) size 770x320 [border: (5px solid #000000)]
    RenderBlock {DIV} at (10,10) size 367x250
    RenderBlock (anonymous) at (10,260) size 367x422
      RenderBlock {DIV} at (0,0) size 367x422 [border: (2px solid #008000)]
        RenderText {#text} at (2,2) size 303x38
          text run at (2,2) width 303: "All of this text should be in the second"
          text run at (2,21) width 64: "column."
        RenderBR {BR} at (66,36) size 0x0
        RenderText {#text} at (2,40) size 303x38
          text run at (2,40) width 303: "All of this text should be in the second"
          text run at (2,59) width 64: "column."
        RenderBR {BR} at (66,74) size 0x0
        RenderText {#text} at (2,78) size 303x38
          text run at (2,78) width 303: "All of this text should be in the second"
          text run at (2,97) width 64: "column."
        RenderBR {BR} at (66,112) size 0x0
        RenderText {#text} at (2,116) size 303x38
          text run at (2,116) width 303: "All of this text should be in the second"
          text run at (2,135) width 64: "column."
        RenderBR {BR} at (66,150) size 0x0
        RenderText {#text} at (2,154) size 303x38
          text run at (2,154) width 303: "All of this text should be in the second"
          text run at (2,173) width 64: "column."
        RenderBR {BR} at (66,188) size 0x0
        RenderText {#text} at (2,192) size 303x38
          text run at (2,192) width 303: "All of this text should be in the second"
          text run at (2,211) width 64: "column."
        RenderBR {BR} at (66,226) size 0x0
        RenderText {#text} at (2,230) size 303x38
          text run at (2,230) width 303: "All of this text should be in the second"
          text run at (2,249) width 64: "column."
        RenderBR {BR} at (66,264) size 0x0
        RenderText {#text} at (2,268) size 303x38
          text run at (2,268) width 303: "All of this text should be in the second"
          text run at (2,287) width 64: "column."
        RenderBR {BR} at (66,302) size 0x0
        RenderText {#text} at (2,306) size 303x38
          text run at (2,306) width 303: "All of this text should be in the second"
          text run at (2,325) width 64: "column."
        RenderBR {BR} at (66,340) size 0x0
        RenderText {#text} at (2,344) size 303x38
          text run at (2,344) width 303: "All of this text should be in the second"
          text run at (2,363) width 64: "column."
        RenderBR {BR} at (66,378) size 0x0
        RenderText {#text} at (2,382) size 303x38
          text run at (2,382) width 303: "All of this text should be in the second"
          text run at (2,401) width 64: "column."
        RenderBR {BR} at (66,416) size 0x0
      RenderText {#text} at (0,0) size 0x0
