layer at (0,0) size 980x735
  RenderView at (0,0) size 980x735
layer at (0,0) size 81x735
  RenderBlock {HTML} at (0,0) size 81x735
    RenderBody {BODY} at (8,8) size 65x719
layer at (8,8) size 65x314
  RenderBlock (relative positioned) {DIV} at (0,0) size 65x314 [bgcolor=#FF0000] [border: (2px solid #000000)]
layer at (10,10) size 61x310
  RenderImage {IMG} at (2,2) size 61x310
layer at (31,15) size 19x300
  RenderBlock (relative positioned) zI: 1 {P} at (23,7) size 19x300
    RenderText zI: 1 {#text} at (0,5) size 19x290
      text run at (0,5) width 289: "There should be no red on this page"
