layer at (0,0) size 800x600
  RenderView at (0,0) size 800x600
layer at (0,0) size 800x600
  RenderBlock {HTML} at (0,0) size 800x600
    RenderBody {BODY} at (8,8) size 784x580
      RenderBlock {H1} at (0,0) size 784x14
        RenderText {#text} at (0,0) size 164x14
          text run at (0,0) width 164: "Meters with various appearance"
      RenderBlock {H2} at (0,23) size 784x14
        RenderText {#text} at (0,0) size 107x14
          text run at (0,0) width 107: "rating-level-indicator"
      RenderBlock {H2} at (0,49) size 784x176
        RenderBlock {UL} at (0,0) size 784x176
          RenderListItem {LI} at (40,0) size 744x14 [bgcolor=#EEEEEE]
            RenderListMarker at (-15,0) size 6x14: bullet
            RenderText {#text} at (0,0) size 65x14
              text run at (0,0) width 65: "value=10/10:"
            RenderMeter {METER} at (684,0) size 60x12
              RenderBlock {DIV} at (0,0) size 60x12
                RenderBlock {DIV} at (0,0) size 60x12
          RenderListItem {LI} at (40,14) size 744x14 [bgcolor=#CCCCCC]
            RenderListMarker at (-15,0) size 6x14: bullet
            RenderText {#text} at (0,0) size 59x14
              text run at (0,0) width 59: "value=8/10:"
            RenderMeter {METER} at (684,0) size 60x12
              RenderBlock {DIV} at (0,0) size 60x12
                RenderBlock {DIV} at (0,0) size 48x12
          RenderListItem {LI} at (40,28) size 744x14 [bgcolor=#EEEEEE]
            RenderListMarker at (-15,0) size 6x14: bullet
            RenderText {#text} at (0,0) size 59x14
              text run at (0,0) width 59: "value=5/10:"
            RenderMeter {METER} at (684,0) size 60x12
              RenderBlock {DIV} at (0,0) size 60x12
                RenderBlock {DIV} at (0,0) size 30x12
          RenderListItem {LI} at (40,42) size 744x14 [bgcolor=#CCCCCC]
            RenderListMarker at (-15,0) size 6x14: bullet
            RenderText {#text} at (0,0) size 59x14
              text run at (0,0) width 59: "value=2/10:"
            RenderMeter {METER} at (684,0) size 60x12
              RenderBlock {DIV} at (0,0) size 60x12
                RenderBlock {DIV} at (0,0) size 12x12
          RenderListItem {LI} at (40,56) size 744x14 [bgcolor=#EEEEEE]
            RenderListMarker at (-15,0) size 6x14: bullet
            RenderText {#text} at (0,0) size 59x14
              text run at (0,0) width 59: "value=0/10:"
            RenderMeter {METER} at (684,0) size 60x12
              RenderBlock {DIV} at (0,0) size 60x12
                RenderBlock {DIV} at (0,0) size 0x12
          RenderListItem {LI} at (40,70) size 744x14 [bgcolor=#CCCCCC]
            RenderListMarker at (-15,0) size 6x14: bullet
            RenderText {#text} at (0,0) size 29x14
              text run at (0,0) width 29: "RTL:"
            RenderMeter {METER} at (684,0) size 60x12
              RenderBlock {DIV} at (0,0) size 60x12
                RenderBlock {DIV} at (30,0) size 30x12
          RenderListItem {LI} at (40,84) size 744x50 [bgcolor=#EEEEEE]
            RenderListMarker at (-15,0) size 6x14: bullet
            RenderText {#text} at (0,0) size 24x14
              text run at (0,0) width 24: "Tall:"
            RenderMeter {METER} at (684,0) size 60x50
              RenderBlock {DIV} at (0,0) size 60x50
                RenderBlock {DIV} at (0,0) size 30x50
          RenderListItem {LI} at (40,134) size 744x14 [bgcolor=#CCCCCC]
            RenderListMarker at (-15,0) size 6x14: bullet
            RenderText {#text} at (0,0) size 33x14
              text run at (0,0) width 33: "Short:"
            RenderMeter {METER} at (684,0) size 60x5
              RenderBlock {DIV} at (0,0) size 60x5
                RenderBlock {DIV} at (0,0) size 18x5
          RenderListItem {LI} at (40,148) size 744x14 [bgcolor=#EEEEEE]
            RenderListMarker at (-15,0) size 6x14: bullet
            RenderText {#text} at (0,0) size 31x14
              text run at (0,0) width 31: "Wide:"
            RenderMeter {METER} at (444,0) size 300x12
              RenderBlock {DIV} at (0,0) size 300x12
                RenderBlock {DIV} at (0,0) size 150x12
          RenderListItem {LI} at (40,162) size 744x14 [bgcolor=#CCCCCC]
            RenderListMarker at (-15,0) size 6x14: bullet
            RenderText {#text} at (0,0) size 44x14
              text run at (0,0) width 44: "Narrow:"
            RenderMeter {METER} at (714,0) size 30x12
              RenderBlock {DIV} at (0,0) size 30x12
                RenderBlock {DIV} at (0,0) size 15x12
      RenderBlock {H2} at (0,237) size 784x14
        RenderText {#text} at (0,0) size 124x14
          text run at (0,0) width 124: "relevancy-level-indicator"
      RenderBlock {H2} at (0,263) size 784x176
        RenderBlock {UL} at (0,0) size 784x176
          RenderListItem {LI} at (40,0) size 744x14 [bgcolor=#EEEEEE]
            RenderListMarker at (-15,0) size 6x14: bullet
            RenderText {#text} at (0,0) size 65x14
              text run at (0,0) width 65: "value=10/10:"
            RenderMeter {METER} at (684,0) size 60x12
              RenderBlock {DIV} at (0,0) size 60x12
                RenderBlock {DIV} at (0,0) size 60x12
          RenderListItem {LI} at (40,14) size 744x14 [bgcolor=#CCCCCC]
            RenderListMarker at (-15,0) size 6x14: bullet
            RenderText {#text} at (0,0) size 59x14
              text run at (0,0) width 59: "value=8/10:"
            RenderMeter {METER} at (684,0) size 60x12
              RenderBlock {DIV} at (0,0) size 60x12
                RenderBlock {DIV} at (0,0) size 48x12
          RenderListItem {LI} at (40,28) size 744x14 [bgcolor=#EEEEEE]
            RenderListMarker at (-15,0) size 6x14: bullet
            RenderText {#text} at (0,0) size 59x14
              text run at (0,0) width 59: "value=5/10:"
            RenderMeter {METER} at (684,0) size 60x12
              RenderBlock {DIV} at (0,0) size 60x12
                RenderBlock {DIV} at (0,0) size 30x12
          RenderListItem {LI} at (40,42) size 744x14 [bgcolor=#CCCCCC]
            RenderListMarker at (-15,0) size 6x14: bullet
            RenderText {#text} at (0,0) size 59x14
              text run at (0,0) width 59: "value=2/10:"
            RenderMeter {METER} at (684,0) size 60x12
              RenderBlock {DIV} at (0,0) size 60x12
                RenderBlock {DIV} at (0,0) size 12x12
          RenderListItem {LI} at (40,56) size 744x14 [bgcolor=#EEEEEE]
            RenderListMarker at (-15,0) size 6x14: bullet
            RenderText {#text} at (0,0) size 59x14
              text run at (0,0) width 59: "value=0/10:"
            RenderMeter {METER} at (684,0) size 60x12
              RenderBlock {DIV} at (0,0) size 60x12
                RenderBlock {DIV} at (0,0) size 0x12
          RenderListItem {LI} at (40,70) size 744x14 [bgcolor=#CCCCCC]
            RenderListMarker at (-15,0) size 6x14: bullet
            RenderText {#text} at (0,0) size 29x14
              text run at (0,0) width 29: "RTL:"
            RenderMeter {METER} at (684,0) size 60x12
              RenderBlock {DIV} at (0,0) size 60x12
                RenderBlock {DIV} at (30,0) size 30x12
          RenderListItem {LI} at (40,84) size 744x50 [bgcolor=#EEEEEE]
            RenderListMarker at (-15,0) size 6x14: bullet
            RenderText {#text} at (0,0) size 24x14
              text run at (0,0) width 24: "Tall:"
            RenderMeter {METER} at (684,0) size 60x50
              RenderBlock {DIV} at (0,0) size 60x50
                RenderBlock {DIV} at (0,0) size 30x50
          RenderListItem {LI} at (40,134) size 744x14 [bgcolor=#CCCCCC]
            RenderListMarker at (-15,0) size 6x14: bullet
            RenderText {#text} at (0,0) size 33x14
              text run at (0,0) width 33: "Short:"
            RenderMeter {METER} at (684,0) size 60x5
              RenderBlock {DIV} at (0,0) size 60x5
                RenderBlock {DIV} at (0,0) size 18x5
          RenderListItem {LI} at (40,148) size 744x14 [bgcolor=#EEEEEE]
            RenderListMarker at (-15,0) size 6x14: bullet
            RenderText {#text} at (0,0) size 31x14
              text run at (0,0) width 31: "Wide:"
            RenderMeter {METER} at (444,0) size 300x12
              RenderBlock {DIV} at (0,0) size 300x12
                RenderBlock {DIV} at (0,0) size 150x12
          RenderListItem {LI} at (40,162) size 744x14 [bgcolor=#CCCCCC]
            RenderListMarker at (-15,0) size 6x14: bullet
            RenderText {#text} at (0,0) size 44x14
              text run at (0,0) width 44: "Narrow:"
            RenderMeter {METER} at (714,0) size 30x12
              RenderBlock {DIV} at (0,0) size 30x12
                RenderBlock {DIV} at (0,0) size 15x12
