layer at (0,0) size 800x600
  RenderView at (0,0) size 800x600
layer at (0,0) size 800x600
  RenderBlock {HTML} at (0,0) size 800x600
    RenderBody {BODY} at (8,8) size 784x580
      RenderBlock {H1} at (0,0) size 784x28
        RenderText {#text} at (0,1) size 314x26
          text run at (0,1) width 314: "Meters with various optimums"
      RenderBlock {P} at (0,44) size 784x14
        RenderText {#text} at (0,0) size 197x14
          text run at (0,0) width 197: "(min=0, max=1000, low=300, high=600)"
      RenderBlock {H2} at (0,72) size 784x21
        RenderText {#text} at (0,0) size 107x20
          text run at (0,0) width 107: "optimum=450"
      RenderBlock {UL} at (0,107) size 784x70
        RenderListItem {LI} at (40,0) size 744x14
          RenderListMarker at (-15,0) size 6x14: bullet
          RenderText {#text} at (0,0) size 56x14
            text run at (0,0) width 56: "value=150: "
          RenderMeter {METER} at (56,1) size 60x12
            RenderBlock {DIV} at (0,0) size 60x12
              RenderBlock {DIV} at (0,0) size 15x12
        RenderListItem {LI} at (40,14) size 744x14
          RenderListMarker at (-15,0) size 6x14: bullet
          RenderText {#text} at (0,0) size 56x14
            text run at (0,0) width 56: "value=450: "
          RenderMeter {METER} at (56,1) size 60x12
            RenderBlock {DIV} at (0,0) size 60x12
              RenderBlock {DIV} at (0,0) size 27x12
        RenderListItem {LI} at (40,28) size 744x14
          RenderListMarker at (-15,0) size 6x14: bullet
          RenderText {#text} at (0,0) size 56x14
            text run at (0,0) width 56: "value=750: "
          RenderMeter {METER} at (56,1) size 60x12
            RenderBlock {DIV} at (0,0) size 60x12
              RenderBlock {DIV} at (0,0) size 45x12
        RenderListItem {LI} at (40,42) size 744x14
          RenderListMarker at (-15,0) size 6x14: bullet
          RenderText {#text} at (0,0) size 44x14
            text run at (0,0) width 44: "value=0: "
          RenderMeter {METER} at (44,1) size 60x12
            RenderBlock {DIV} at (0,0) size 60x12
              RenderBlock {DIV} at (0,0) size 0x12
        RenderListItem {LI} at (40,56) size 744x14
          RenderListMarker at (-15,0) size 6x14: bullet
          RenderText {#text} at (0,0) size 62x14
            text run at (0,0) width 62: "value=1000: "
          RenderMeter {METER} at (62,1) size 60x12
            RenderBlock {DIV} at (0,0) size 60x12
              RenderBlock {DIV} at (0,0) size 60x12
      RenderBlock {H2} at (0,191) size 784x21
        RenderText {#text} at (0,0) size 107x20
          text run at (0,0) width 107: "optimum=150"
      RenderBlock {UL} at (0,226) size 784x70
        RenderListItem {LI} at (40,0) size 744x14
          RenderListMarker at (-15,0) size 6x14: bullet
          RenderText {#text} at (0,0) size 56x14
            text run at (0,0) width 56: "value=150: "
          RenderMeter {METER} at (56,1) size 60x12
            RenderBlock {DIV} at (0,0) size 60x12
              RenderBlock {DIV} at (0,0) size 15x12
        RenderListItem {LI} at (40,14) size 744x14
          RenderListMarker at (-15,0) size 6x14: bullet
          RenderText {#text} at (0,0) size 56x14
            text run at (0,0) width 56: "value=450: "
          RenderMeter {METER} at (56,1) size 60x12
            RenderBlock {DIV} at (0,0) size 60x12
              RenderBlock {DIV} at (0,0) size 27x12
        RenderListItem {LI} at (40,28) size 744x14
          RenderListMarker at (-15,0) size 6x14: bullet
          RenderText {#text} at (0,0) size 56x14
            text run at (0,0) width 56: "value=750: "
          RenderMeter {METER} at (56,1) size 60x12
            RenderBlock {DIV} at (0,0) size 60x12
              RenderBlock {DIV} at (0,0) size 45x12
        RenderListItem {LI} at (40,42) size 744x14
          RenderListMarker at (-15,0) size 6x14: bullet
          RenderText {#text} at (0,0) size 44x14
            text run at (0,0) width 44: "value=0: "
          RenderMeter {METER} at (44,1) size 60x12
            RenderBlock {DIV} at (0,0) size 60x12
              RenderBlock {DIV} at (0,0) size 0x12
        RenderListItem {LI} at (40,56) size 744x14
          RenderListMarker at (-15,0) size 6x14: bullet
          RenderText {#text} at (0,0) size 62x14
            text run at (0,0) width 62: "value=1000: "
          RenderMeter {METER} at (62,1) size 60x12
            RenderBlock {DIV} at (0,0) size 60x12
              RenderBlock {DIV} at (0,0) size 60x12
      RenderBlock {H2} at (0,310) size 784x21
        RenderText {#text} at (0,0) size 107x20
          text run at (0,0) width 107: "optimum=750"
      RenderBlock {UL} at (0,345) size 784x70
        RenderListItem {LI} at (40,0) size 744x14
          RenderListMarker at (-15,0) size 6x14: bullet
          RenderText {#text} at (0,0) size 56x14
            text run at (0,0) width 56: "value=150: "
          RenderMeter {METER} at (56,1) size 60x12
            RenderBlock {DIV} at (0,0) size 60x12
              RenderBlock {DIV} at (0,0) size 15x12
        RenderListItem {LI} at (40,14) size 744x14
          RenderListMarker at (-15,0) size 6x14: bullet
          RenderText {#text} at (0,0) size 56x14
            text run at (0,0) width 56: "value=450: "
          RenderMeter {METER} at (56,1) size 60x12
            RenderBlock {DIV} at (0,0) size 60x12
              RenderBlock {DIV} at (0,0) size 27x12
        RenderListItem {LI} at (40,28) size 744x14
          RenderListMarker at (-15,0) size 6x14: bullet
          RenderText {#text} at (0,0) size 56x14
            text run at (0,0) width 56: "value=750: "
          RenderMeter {METER} at (56,1) size 60x12
            RenderBlock {DIV} at (0,0) size 60x12
              RenderBlock {DIV} at (0,0) size 45x12
        RenderListItem {LI} at (40,42) size 744x14
          RenderListMarker at (-15,0) size 6x14: bullet
          RenderText {#text} at (0,0) size 44x14
            text run at (0,0) width 44: "value=0: "
          RenderMeter {METER} at (44,1) size 60x12
            RenderBlock {DIV} at (0,0) size 60x12
              RenderBlock {DIV} at (0,0) size 0x12
        RenderListItem {LI} at (40,56) size 744x14
          RenderListMarker at (-15,0) size 6x14: bullet
          RenderText {#text} at (0,0) size 62x14
            text run at (0,0) width 62: "value=1000: "
          RenderMeter {METER} at (62,1) size 60x12
            RenderBlock {DIV} at (0,0) size 60x12
              RenderBlock {DIV} at (0,0) size 60x12
