layer at (0,0) size 800x600
  RenderView at (0,0) size 800x600
layer at (0,0) size 800x600
  RenderBlock {HTML} at (0,0) size 800x600
    RenderBody {BODY} at (8,8) size 784x584
      RenderBlock {H1} at (0,0) size 784x28
        RenderText {#text} at (0,1) size 380x26
          text run at (0,1) width 380: "Dynamically changing pseudo classes"
      RenderBlock {P} at (0,44) size 784x14
        RenderText {#text} at (0,0) size 484x14
          text run at (0,0) width 484: "Following meter gauge should be solid green - Changing the paseudo class by changing value attribute"
      RenderBlock (anonymous) at (0,70) size 784x12
        RenderMeter {METER} at (0,0) size 60x12
          RenderBlock {DIV} at (0,0) size 60x12 [bgcolor=#808080]
            RenderBlock {DIV} at (0,0) size 54x12 [bgcolor=#008000]
        RenderText {#text} at (0,0) size 0x0
