layer at (0,0) size 800x600
  RenderView at (0,0) size 800x600
layer at (0,0) size 800x600
  RenderBlock {HTML} at (0,0) size 800x600
    RenderBody {BODY} at (8,8) size 784x580
      RenderBlock {H1} at (0,0) size 784x28
        RenderText {#text} at (0,1) size 271x26
          text run at (0,1) width 271: "Meters with border values"
      RenderBlock {UL} at (0,44) size 784x210
        RenderListItem {LI} at (40,0) size 744x14
          RenderListMarker at (-15,0) size 6x14: bullet
          RenderText {#text} at (0,0) size 124x14
            text run at (0,0) width 124: "min,low,optimal,high,max"
        RenderListItem {LI} at (40,14) size 744x14
          RenderListMarker at (-15,0) size 6x14: bullet
          RenderInline {B} at (0,0) size 6x14
            RenderText {#text} at (0,0) size 6x14
              text run at (0,0) width 6: "9"
          RenderText {#text} at (6,0) size 80x14
            text run at (6,0) width 80: "|10,20,30,40,50: "
          RenderMeter {METER} at (86,1) size 60x12
            RenderBlock {DIV} at (0,0) size 60x12
              RenderBlock {DIV} at (0,0) size 0x12
        RenderListItem {LI} at (40,28) size 744x14
          RenderListMarker at (-15,0) size 6x14: bullet
          RenderInline {B} at (0,0) size 12x14
            RenderText {#text} at (0,0) size 12x14
              text run at (0,0) width 12: "10"
          RenderText {#text} at (12,0) size 66x14
            text run at (12,0) width 66: ",20,30,40,50: "
          RenderMeter {METER} at (78,1) size 60x12
            RenderBlock {DIV} at (0,0) size 60x12
              RenderBlock {DIV} at (0,0) size 0x12
        RenderListItem {LI} at (40,42) size 744x14
          RenderListMarker at (-15,0) size 6x14: bullet
          RenderText {#text} at (0,0) size 15x14
            text run at (0,0) width 15: "10,"
          RenderInline {B} at (0,0) size 12x14
            RenderText {#text} at (15,0) size 12x14
              text run at (15,0) width 12: "20"
          RenderText {#text} at (27,0) size 51x14
            text run at (27,0) width 51: ",30,40,50: "
          RenderMeter {METER} at (78,1) size 60x12
            RenderBlock {DIV} at (0,0) size 60x12
              RenderBlock {DIV} at (0,0) size 15x12
          RenderText {#text} at (138,0) size 83x14
            text run at (138,0) width 83: "(should be green)"
        RenderListItem {LI} at (40,56) size 744x14
          RenderListMarker at (-15,0) size 6x14: bullet
          RenderText {#text} at (0,0) size 30x14
            text run at (0,0) width 30: "10,20,"
          RenderInline {B} at (0,0) size 12x14
            RenderText {#text} at (30,0) size 12x14
              text run at (30,0) width 12: "30"
          RenderText {#text} at (42,0) size 36x14
            text run at (42,0) width 36: ",40,50: "
          RenderMeter {METER} at (78,1) size 60x12
            RenderBlock {DIV} at (0,0) size 60x12
              RenderBlock {DIV} at (0,0) size 30x12
          RenderText {#text} at (138,0) size 83x14
            text run at (138,0) width 83: "(should be green)"
        RenderListItem {LI} at (40,70) size 744x14
          RenderListMarker at (-15,0) size 6x14: bullet
          RenderText {#text} at (0,0) size 45x14
            text run at (0,0) width 45: "10,20,30,"
          RenderInline {B} at (0,0) size 12x14
            RenderText {#text} at (45,0) size 12x14
              text run at (45,0) width 12: "40"
          RenderText {#text} at (57,0) size 21x14
            text run at (57,0) width 21: ",50: "
          RenderMeter {METER} at (78,1) size 60x12
            RenderBlock {DIV} at (0,0) size 60x12
              RenderBlock {DIV} at (0,0) size 45x12
          RenderText {#text} at (138,0) size 83x14
            text run at (138,0) width 83: "(should be green)"
        RenderListItem {LI} at (40,84) size 744x14
          RenderListMarker at (-15,0) size 6x14: bullet
          RenderText {#text} at (0,0) size 60x14
            text run at (0,0) width 60: "10,20,30,40,"
          RenderInline {B} at (0,0) size 12x14
            RenderText {#text} at (60,0) size 12x14
              text run at (60,0) width 12: "50"
          RenderText {#text} at (72,0) size 6x14
            text run at (72,0) width 6: ": "
          RenderMeter {METER} at (78,1) size 60x12
            RenderBlock {DIV} at (0,0) size 60x12
              RenderBlock {DIV} at (0,0) size 60x12
          RenderText {#text} at (138,0) size 89x14
            text run at (138,0) width 89: "(should be yellow)"
        RenderListItem {LI} at (40,98) size 744x14
          RenderListMarker at (-15,0) size 6x14: bullet
          RenderText {#text} at (0,0) size 74x14
            text run at (0,0) width 74: "10,20,30,40,50|"
          RenderInline {B} at (0,0) size 12x14
            RenderText {#text} at (74,0) size 12x14
              text run at (74,0) width 12: "51"
          RenderText {#text} at (86,0) size 6x14
            text run at (86,0) width 6: ": "
          RenderMeter {METER} at (92,1) size 60x12
            RenderBlock {DIV} at (0,0) size 60x12
              RenderBlock {DIV} at (0,0) size 60x12
          RenderText {#text} at (152,0) size 89x14
            text run at (152,0) width 89: "(should be yellow)"
        RenderListItem {LI} at (40,112) size 744x14
          RenderListMarker at (-15,0) size 6x14: bullet
          RenderText {#text} at (0,0) size 15x14
            text run at (0,0) width 15: "10,"
          RenderInline {B} at (0,0) size 12x14
            RenderText {#text} at (15,0) size 12x14
              text run at (15,0) width 12: "10"
          RenderText {#text} at (27,0) size 51x14
            text run at (27,0) width 51: ",30,40,50: "
          RenderMeter {METER} at (78,1) size 60x12
            RenderBlock {DIV} at (0,0) size 60x12
              RenderBlock {DIV} at (0,0) size 0x12
        RenderListItem {LI} at (40,126) size 744x14
          RenderListMarker at (-15,0) size 6x14: bullet
          RenderText {#text} at (0,0) size 45x14
            text run at (0,0) width 45: "10,20,30,"
          RenderInline {B} at (0,0) size 12x14
            RenderText {#text} at (45,0) size 12x14
              text run at (45,0) width 12: "40"
          RenderText {#text} at (57,0) size 21x14
            text run at (57,0) width 21: ",40: "
          RenderMeter {METER} at (78,1) size 60x12
            RenderBlock {DIV} at (0,0) size 60x12
              RenderBlock {DIV} at (0,0) size 60x12
          RenderText {#text} at (138,0) size 83x14
            text run at (138,0) width 83: "(should be green)"
        RenderListItem {LI} at (40,140) size 744x14
          RenderListMarker at (-15,0) size 6x14: bullet
          RenderInline {B} at (0,0) size 6x14
            RenderText {#text} at (0,0) size 6x14
              text run at (0,0) width 6: "9"
          RenderText {#text} at (6,0) size 80x14
            text run at (6,0) width 80: "|10,10,10,20,30: "
          RenderMeter {METER} at (86,1) size 60x12
            RenderBlock {DIV} at (0,0) size 60x12
              RenderBlock {DIV} at (0,0) size 0x12
        RenderListItem {LI} at (40,154) size 744x14
          RenderListMarker at (-15,0) size 6x14: bullet
          RenderText {#text} at (0,0) size 30x14
            text run at (0,0) width 30: "10,10,"
          RenderInline {B} at (0,0) size 12x14
            RenderText {#text} at (30,0) size 12x14
              text run at (30,0) width 12: "10"
          RenderText {#text} at (42,0) size 36x14
            text run at (42,0) width 36: ",20,30: "
          RenderMeter {METER} at (78,1) size 60x12
            RenderBlock {DIV} at (0,0) size 60x12
              RenderBlock {DIV} at (0,0) size 0x12
        RenderListItem {LI} at (40,168) size 744x14
          RenderListMarker at (-15,0) size 6x14: bullet
          RenderText {#text} at (0,0) size 30x14
            text run at (0,0) width 30: "10,20,"
          RenderInline {B} at (0,0) size 12x14
            RenderText {#text} at (30,0) size 12x14
              text run at (30,0) width 12: "30"
          RenderText {#text} at (42,0) size 36x14
            text run at (42,0) width 36: ",30,30: "
          RenderMeter {METER} at (78,1) size 60x12
            RenderBlock {DIV} at (0,0) size 60x12
              RenderBlock {DIV} at (0,0) size 60x12
          RenderText {#text} at (138,0) size 83x14
            text run at (138,0) width 83: "(should be green)"
        RenderListItem {LI} at (40,182) size 744x14
          RenderListMarker at (-15,0) size 6x14: bullet
          RenderText {#text} at (0,0) size 74x14
            text run at (0,0) width 74: "10,20,30,30,30|"
          RenderInline {B} at (0,0) size 12x14
            RenderText {#text} at (74,0) size 12x14
              text run at (74,0) width 12: "31"
          RenderText {#text} at (86,0) size 6x14
            text run at (86,0) width 6: ": "
          RenderMeter {METER} at (92,1) size 60x12
            RenderBlock {DIV} at (0,0) size 60x12
              RenderBlock {DIV} at (0,0) size 60x12
          RenderText {#text} at (152,0) size 83x14
            text run at (152,0) width 83: "(should be green)"
        RenderListItem {LI} at (40,196) size 744x14
          RenderListMarker at (-15,0) size 6x14: bullet
          RenderText {#text} at (0,0) size 30x14
            text run at (0,0) width 30: "10,20,"
          RenderInline {B} at (0,0) size 12x14
            RenderText {#text} at (30,0) size 12x14
              text run at (30,0) width 12: "20"
          RenderText {#text} at (42,0) size 36x14
            text run at (42,0) width 36: ",20,30: "
          RenderMeter {METER} at (78,1) size 60x12
            RenderBlock {DIV} at (0,0) size 60x12
              RenderBlock {DIV} at (0,0) size 30x12
          RenderText {#text} at (138,0) size 83x14
            text run at (138,0) width 83: "(should be green)"
