layer at (0,0) size 800x600
  RenderView at (0,0) size 800x600
layer at (0,0) size 800x600
  RenderBlock {HTML} at (0,0) size 800x600
    RenderBody {BODY} at (8,8) size 784x584
      RenderMenuList {SELECT} at (2,0) size 94x38 [color=#202020]
        RenderBlock (anonymous) at (15,10) size 38x18
          RenderText at (0,0) size 38x17
            text run at (0,0) width 38: "Hello"
      RenderBlock (anonymous) at (0,40) size 784x14
        RenderText {#text} at (0,0) size 218x14
          text run at (0,0) width 218: "This text should be *below* the select widget."
