layer at (0,0) size 800x600
  RenderView at (0,0) size 800x600
layer at (0,0) size 800x600
  RenderBlock {HTML} at (0,0) size 800x600
    RenderBody {BODY} at (8,8) size 784x584
      RenderMenuList {SELECT} at (2,2) size 94x38 [color=#202020]
        RenderBlock (anonymous) at (15,10) size 38x18
          RenderText at (0,0) size 38x17
            text run at (0,0) width 38: "Hello"
      RenderText {#text} at (98,15) size 3x14
        text run at (98,15) width 3: " "
      RenderMenuList {SELECT} at (103,2) size 121x38 [color=#202020]
        RenderBlock (anonymous) at (15,10) size 65x18
          RenderText at (0,0) size 65x17
            text run at (0,0) width 65: "Goodbye"
      RenderText {#text} at (0,0) size 0x0
