layer at (0,0) size 800x600
  RenderView at (0,0) size 800x600
layer at (0,0) size 800x600
  RenderBlock {HTML} at (0,0) size 800x600
    RenderBody {BODY} at (8,8) size 784x584
      RenderFieldSet {FIELDSET} at (2,0) size 88x55 [border: (2px groove #C0C0C0)]
        RenderBlock {LEGEND} at (11,0) size 66x14
          RenderText {#text} at (2,0) size 62x14
            text run at (2,0) width 62: "Number One"
        RenderBlock (anonymous) at (11,18) size 66x28
          RenderText {#text} at (0,0) size 60x14
            text run at (0,0) width 60: "Hello world."
          RenderBR {BR} at (60,11) size 0x0
          RenderText {#text} at (0,14) size 60x14
            text run at (0,14) width 60: "Hello world."
      RenderText {#text} at (92,32) size 3x14
        text run at (92,32) width 3: " "
      RenderFieldSet {FIELDSET} at (97,14) size 90x41 [border: (2px groove #C0C0C0)]
        RenderBlock {LEGEND} at (11,0) size 68x14
          RenderText {#text} at (2,0) size 64x14
            text run at (2,0) width 64: "Number Two"
        RenderBlock (anonymous) at (11,18) size 68x14
          RenderText {#text} at (0,0) size 60x14
            text run at (0,0) width 60: "Hello world."
      RenderText {#text} at (0,0) size 0x0
