layer at (0,0) size 800x1603
  RenderView at (0,0) size 800x600
layer at (0,0) size 800x1603
  RenderBlock {HTML} at (0,0) size 800x1603
    RenderBody {BODY} at (0,0) size 800x1603
      RenderPartObject {IFRAME} at (0,0) size 800x822
        layer at (0,0) size 800x822
          RenderView at (0,0) size 800x822
        layer at (0,0) size 800x822
          RenderBlock {HTML} at (0,0) size 800x822
            RenderBody {BODY} at (0,5) size 800x817
              RenderBlock {DIV} at (0,0) size 800x14
                RenderText {#text} at (0,0) size 149x14
                  text run at (0,0) width 149: "CompatMode: CSS1Compat"
              RenderBlock (anonymous) at (0,19) size 800x798
                RenderBlock {DIV} at (0,14) size 193x71 [border: (1px solid #0000FF)]
                  RenderBlock {SPAN} at (1,12) size 80x0
                  RenderBR {BR} at (81,1) size 0x14
                RenderBlock {DIV} at (193,14) size 193x71 [border: (1px solid #0000FF)]
                  RenderBlock {SPAN} at (1,1) size 80x14
                    RenderText {#text} at (0,0) size 76x14
                      text run at (0,0) width 76: "disabled: \"true\","
                  RenderBR {BR} at (81,1) size 0x14
                RenderBlock {DIV} at (386,0) size 193x85 [border: (1px solid #0000FF)]
                  RenderBlock {SPAN} at (1,1) size 80x28
                    RenderText {#text} at (0,0) size 78x28
                      text run at (0,0) width 25: "style:"
                      text run at (0,14) width 78: "\"padding:10px\","
                  RenderBR {BR} at (81,15) size 0x14
                RenderBlock {DIV} at (579,0) size 193x85 [border: (1px solid #0000FF)]
                  RenderBlock {SPAN} at (1,1) size 80x28
                    RenderText {#text} at (0,0) size 72x28
                      text run at (0,0) width 25: "style:"
                      text run at (0,14) width 72: "\"padding:0px\","
                  RenderBR {BR} at (81,15) size 0x14
                RenderBlock {DIV} at (0,85) size 209x101 [border: (1px solid #0000FF)]
                  RenderBlock {SPAN} at (1,1) size 80x28
                    RenderText {#text} at (0,0) size 73x28
                      text run at (0,0) width 25: "style:"
                      text run at (0,14) width 73: "\"margin:10px\","
                  RenderBR {BR} at (81,15) size 0x14
                RenderBlock {DIV} at (209,105) size 189x81 [border: (1px solid #0000FF)]
                  RenderBlock {SPAN} at (1,1) size 80x28
                    RenderText {#text} at (0,0) size 67x28
                      text run at (0,0) width 25: "style:"
                      text run at (0,14) width 67: "\"margin:0px\","
                  RenderBR {BR} at (81,15) size 0x14
                RenderBlock {DIV} at (398,101) size 82x85 [border: (1px solid #0000FF)]
                  RenderBlock {SPAN} at (1,1) size 80x28
                    RenderText {#text} at (0,0) size 67x28
                      text run at (0,0) width 25: "style:"
                      text run at (0,14) width 67: "\"width:60px\","
                  RenderBR {BR} at (81,15) size 0x14
                RenderBlock {DIV} at (480,87) size 82x99 [border: (1px solid #0000FF)]
                  RenderBlock {SPAN} at (1,1) size 80x42
                    RenderText {#text} at (0,0) size 73x42
                      text run at (0,0) width 25: "style:"
                      text run at (0,14) width 62: "\"width:60px;"
                      text run at (0,28) width 73: "padding:20px\","
                  RenderBR {BR} at (81,29) size 0x14
                RenderBlock {DIV} at (562,87) size 82x99 [border: (1px solid #0000FF)]
                  RenderBlock {SPAN} at (1,1) size 80x42
                    RenderText {#text} at (0,0) size 62x42
                      text run at (0,0) width 25: "style:"
                      text run at (0,14) width 62: "\"width:60px;"
                      text run at (0,28) width 55: "padding:0\","
                  RenderBR {BR} at (81,29) size 0x14
                RenderBlock {DIV} at (0,214) size 193x103 [border: (1px solid #0000FF)]
                  RenderBlock {SPAN} at (1,1) size 80x28
                    RenderText {#text} at (0,0) size 69x28
                      text run at (0,0) width 25: "style:"
                      text run at (0,14) width 69: "\"height:60px\","
                  RenderBR {BR} at (81,15) size 0x14
                RenderBlock {DIV} at (193,200) size 82x117 [border: (1px solid #0000FF)]
                  RenderBlock {SPAN} at (1,1) size 80x42
                    RenderText {#text} at (0,0) size 64x42
                      text run at (0,0) width 25: "style:"
                      text run at (0,14) width 62: "\"width:60px;"
                      text run at (0,28) width 64: "height:60px\","
                  RenderBR {BR} at (81,29) size 0x14
                RenderBlock {DIV} at (275,232) size 193x85 [border: (1px solid #0000FF)]
                  RenderBlock {SPAN} at (1,1) size 80x28
                    RenderText {#text} at (0,0) size 91x28
                      text run at (0,0) width 25: "style:"
                      text run at (0,14) width 91: "\"overflow:hidden\","
                  RenderBR {BR} at (81,15) size 0x14
                RenderBlock {DIV} at (468,232) size 193x85 [border: (1px solid #0000FF)]
                  RenderBlock {SPAN} at (1,1) size 80x28
                    RenderText {#text} at (0,0) size 85x28
                      text run at (0,0) width 25: "style:"
                      text run at (0,14) width 85: "\"overflow:scroll\","
                  RenderBR {BR} at (81,15) size 0x14
                RenderBlock {DIV} at (661,186) size 82x131 [border: (1px solid #0000FF)]
                  RenderBlock {SPAN} at (1,1) size 80x56
                    RenderText {#text} at (0,0) size 86x56
                      text run at (0,0) width 25: "style:"
                      text run at (0,14) width 86: "\"overflow:hidden;"
                      text run at (0,28) width 57: "width:60px;"
                      text run at (0,42) width 64: "height:60px\","
                  RenderBR {BR} at (81,43) size 0x14
                RenderBlock {DIV} at (0,317) size 82x131 [border: (1px solid #0000FF)]
                  RenderBlock {SPAN} at (1,1) size 80x56
                    RenderText {#text} at (0,0) size 80x56
                      text run at (0,0) width 25: "style:"
                      text run at (0,14) width 80: "\"overflow:scroll;"
                      text run at (0,28) width 57: "width:60px;"
                      text run at (0,42) width 64: "height:60px\","
                  RenderBR {BR} at (81,43) size 0x14
                RenderBlock {DIV} at (82,331) size 82x117 [border: (1px solid #0000FF)]
                  RenderBlock {SPAN} at (1,1) size 80x42
                    RenderText {#text} at (0,0) size 72x42
                      text run at (0,0) width 72: "cols: \"5\", style:"
                      text run at (0,14) width 62: "\"width:60px;"
                      text run at (0,28) width 64: "height:60px\","
                  RenderBR {BR} at (81,29) size 0x14
                RenderBlock {DIV} at (164,331) size 82x117 [border: (1px solid #0000FF)]
                  RenderBlock {SPAN} at (1,1) size 80x42
                    RenderText {#text} at (0,0) size 77x42
                      text run at (0,0) width 77: "rows: \"4\", style:"
                      text run at (0,14) width 62: "\"width:60px;"
                      text run at (0,28) width 64: "height:60px\","
                  RenderBR {BR} at (81,29) size 0x14
                RenderBlock {DIV} at (246,317) size 82x131 [border: (1px solid #0000FF)]
                  RenderBlock {SPAN} at (1,1) size 80x56
                    RenderText {#text} at (0,0) size 74x56
                      text run at (0,0) width 74: "cols: \"5\", rows:"
                      text run at (0,14) width 47: "\"4\", style:"
                      text run at (0,28) width 62: "\"width:60px;"
                      text run at (0,42) width 64: "height:60px\","
                  RenderBR {BR} at (81,43) size 0x14
                RenderBlock {DIV} at (328,377) size 82x71 [border: (1px solid #0000FF)]
                  RenderBlock {SPAN} at (1,1) size 80x14
                    RenderText {#text} at (0,0) size 44x14
                      text run at (0,0) width 44: "cols: \"3\","
                  RenderBR {BR} at (81,1) size 0x14
                RenderBlock {DIV} at (410,358) size 193x90 [border: (1px solid #0000FF)]
                  RenderBlock {SPAN} at (1,1) size 80x14
                    RenderText {#text} at (0,0) size 49x14
                      text run at (0,0) width 49: "rows: \"3\","
                  RenderBR {BR} at (81,1) size 0x14
                RenderBlock {DIV} at (603,377) size 82x71 [border: (1px solid #0000FF)]
                  RenderBlock {SPAN} at (1,1) size 80x14
                    RenderText {#text} at (0,0) size 44x14
                      text run at (0,0) width 44: "cols: \"7\","
                  RenderBR {BR} at (81,1) size 0x14
                RenderBlock {DIV} at (0,448) size 193x166 [border: (1px solid #0000FF)]
                  RenderBlock {SPAN} at (1,1) size 80x14
                    RenderText {#text} at (0,0) size 49x14
                      text run at (0,0) width 49: "rows: \"7\","
                  RenderBR {BR} at (81,1) size 0x14
                RenderBlock {DIV} at (193,491) size 82x123 [border: (1px solid #0000FF)]
                  RenderBlock {SPAN} at (1,1) size 80x28
                    RenderText {#text} at (0,0) size 74x28
                      text run at (0,0) width 74: "cols: \"5\", rows:"
                      text run at (0,14) width 19: "\"4\","
                  RenderBR {BR} at (81,15) size 0x14
                RenderBlock {DIV} at (275,543) size 193x71 [border: (1px solid #0000FF)]
                  RenderBlock {SPAN} at (1,1) size 80x14
                    RenderText {#text} at (0,0) size 57x14
                      text run at (0,0) width 57: "wrap: \"off\","
                  RenderBR {BR} at (81,1) size 0x14
                RenderBlock {DIV} at (468,543) size 193x71 [border: (1px solid #0000FF)]
                  RenderBlock {SPAN} at (1,1) size 80x14
                    RenderText {#text} at (0,0) size 64x14
                      text run at (0,0) width 64: "wrap: \"hard\","
                  RenderBR {BR} at (81,1) size 0x14
                RenderBlock {DIV} at (0,628) size 193x71 [border: (1px solid #0000FF)]
                  RenderBlock {SPAN} at (1,1) size 80x14
                    RenderText {#text} at (0,0) size 61x14
                      text run at (0,0) width 61: "wrap: \"soft\","
                  RenderBR {BR} at (81,1) size 0x14
                RenderBlock {DIV} at (193,614) size 193x85 [border: (1px solid #0000FF)]
                  RenderBlock {SPAN} at (1,1) size 80x28
                    RenderText {#text} at (0,0) size 70x28
                      text run at (0,0) width 63: "style: \"white-"
                      text run at (0,14) width 70: "space:normal\","
                  RenderBR {BR} at (81,15) size 0x14
                RenderBlock {DIV} at (386,614) size 193x85 [border: (1px solid #0000FF)]
                  RenderBlock {SPAN} at (1,1) size 80x28
                    RenderText {#text} at (0,0) size 63x28
                      text run at (0,0) width 63: "style: \"white-"
                      text run at (0,14) width 52: "space:pre\","
                  RenderBR {BR} at (81,15) size 0x14
                RenderBlock {DIV} at (579,614) size 193x85 [border: (1px solid #0000FF)]
                  RenderBlock {SPAN} at (1,1) size 80x28
                    RenderText {#text} at (0,0) size 76x28
                      text run at (0,0) width 63: "style: \"white-"
                      text run at (0,14) width 76: "space:prewrap\","
                  RenderBR {BR} at (81,15) size 0x14
                RenderBlock {DIV} at (0,713) size 193x85 [border: (1px solid #0000FF)]
                  RenderBlock {SPAN} at (1,1) size 80x28
                    RenderText {#text} at (0,0) size 73x28
                      text run at (0,0) width 63: "style: \"white-"
                      text run at (0,14) width 73: "space:nowrap\","
                  RenderBR {BR} at (81,15) size 0x14
                RenderBlock {DIV} at (193,713) size 193x85 [border: (1px solid #0000FF)]
                  RenderBlock {SPAN} at (1,1) size 80x28
                    RenderText {#text} at (0,0) size 73x28
                      text run at (0,0) width 63: "style: \"white-"
                      text run at (0,14) width 73: "space:pre-line\","
                  RenderBR {BR} at (81,15) size 0x14
                RenderBlock {DIV} at (386,713) size 193x85 [border: (1px solid #0000FF)]
                  RenderBlock {SPAN} at (1,1) size 80x28
                    RenderText {#text} at (0,0) size 68x28
                      text run at (0,0) width 62: "style: \"word-"
                      text run at (0,14) width 68: "wrap:normal\","
                  RenderBR {BR} at (81,15) size 0x14
                RenderBlock {DIV} at (579,699) size 193x99 [border: (1px solid #0000FF)]
                  RenderBlock {SPAN} at (1,1) size 80x42
                    RenderText {#text} at (0,0) size 80x42
                      text run at (0,0) width 57: "wrap: \"off\","
                      text run at (0,14) width 63: "style: \"white-"
                      text run at (0,28) width 80: "space:pre-wrap\","
                  RenderBR {BR} at (81,29) size 0x14
        layer at (3,55) size 187x48
          RenderTextControl {TEXTAREA} at (3,17) size 187x48 [color=#202020]
            RenderBlock {DIV} at (4,6) size 180x19
              RenderText {#text} at (0,0) size 132x19
                text run at (0,0) width 132: "Lorem ipsum dolor"
        layer at (196,55) size 187x48 scrollHeight 86
          RenderTextControl {TEXTAREA} at (3,17) size 187x48 [color=#202020]
            RenderBlock {DIV} at (4,6) size 180x76
              RenderText {#text} at (0,0) size 174x76
                text run at (0,0) width 174: "Lorem ipsum  dolor ABC"
                text run at (0,19) width 172: "DEFGHIJKLMNOPQRS"
                text run at (0,38) width 170: "TUVWXYZ abcdefghijkl"
                text run at (0,57) width 83: "mnopqrstuv"
        layer at (389,55) size 187x48 scrollHeight 86
          RenderTextControl {TEXTAREA} at (3,31) size 187x48 [color=#202020]
            RenderBlock {DIV} at (4,6) size 180x76
              RenderText {#text} at (0,0) size 174x76
                text run at (0,0) width 174: "Lorem ipsum  dolor ABC"
                text run at (0,19) width 172: "DEFGHIJKLMNOPQRS"
                text run at (0,38) width 170: "TUVWXYZ abcdefghijkl"
                text run at (0,57) width 83: "mnopqrstuv"
        layer at (582,55) size 187x48 scrollHeight 86
          RenderTextControl {TEXTAREA} at (3,31) size 187x48 [color=#202020]
            RenderBlock {DIV} at (4,6) size 180x76
              RenderText {#text} at (0,0) size 174x76
                text run at (0,0) width 174: "Lorem ipsum  dolor ABC"
                text run at (0,19) width 172: "DEFGHIJKLMNOPQRS"
                text run at (0,38) width 170: "TUVWXYZ abcdefghijkl"
                text run at (0,57) width 83: "mnopqrstuv"
        layer at (11,148) size 187x48 scrollHeight 86
          RenderTextControl {TEXTAREA} at (11,39) size 187x48 [color=#202020]
            RenderBlock {DIV} at (4,6) size 180x76
              RenderText {#text} at (0,0) size 174x76
                text run at (0,0) width 174: "Lorem ipsum  dolor ABC"
                text run at (0,19) width 172: "DEFGHIJKLMNOPQRS"
                text run at (0,38) width 170: "TUVWXYZ abcdefghijkl"
                text run at (0,57) width 83: "mnopqrstuv"
        layer at (210,158) size 187x48 scrollHeight 86
          RenderTextControl {TEXTAREA} at (1,29) size 187x48 [color=#202020]
            RenderBlock {DIV} at (4,6) size 180x76
              RenderText {#text} at (0,0) size 174x76
                text run at (0,0) width 174: "Lorem ipsum  dolor ABC"
                text run at (0,19) width 172: "DEFGHIJKLMNOPQRS"
                text run at (0,38) width 170: "TUVWXYZ abcdefghijkl"
                text run at (0,57) width 83: "mnopqrstuv"
        layer at (399,156) size 67x48 scrollHeight 219
          RenderTextControl {TEXTAREA} at (1,31) size 67x48 [color=#202020]
            RenderBlock {DIV} at (4,6) size 60x209
              RenderText {#text} at (0,0) size 59x209
                text run at (0,0) width 53: "Lorem i"
                text run at (0,19) width 56: "psum  d"
                text run at (0,38) width 53: "olor AB"
                text run at (0,57) width 57: "CDEFG"
                text run at (0,76) width 57: "HIJKLM"
                text run at (0,95) width 59: "NOPQR"
                text run at (0,114) width 59: "STUVW"
                text run at (0,133) width 54: "XYZ ab"
                text run at (0,152) width 56: "cdefghij"
                text run at (0,171) width 52: "klmnop"
                text run at (0,190) width 43: "qrstuv"
        layer at (481,156) size 67x48 scrollHeight 219
          RenderTextControl {TEXTAREA} at (1,45) size 67x48 [color=#202020]
            RenderBlock {DIV} at (4,6) size 60x209
              RenderText {#text} at (0,0) size 59x209
                text run at (0,0) width 53: "Lorem i"
                text run at (0,19) width 56: "psum  d"
                text run at (0,38) width 53: "olor AB"
                text run at (0,57) width 57: "CDEFG"
                text run at (0,76) width 57: "HIJKLM"
                text run at (0,95) width 59: "NOPQR"
                text run at (0,114) width 59: "STUVW"
                text run at (0,133) width 54: "XYZ ab"
                text run at (0,152) width 56: "cdefghij"
                text run at (0,171) width 52: "klmnop"
                text run at (0,190) width 43: "qrstuv"
        layer at (563,156) size 67x48 scrollHeight 219
          RenderTextControl {TEXTAREA} at (1,45) size 67x48 [color=#202020]
            RenderBlock {DIV} at (4,6) size 60x209
              RenderText {#text} at (0,0) size 59x209
                text run at (0,0) width 53: "Lorem i"
                text run at (0,19) width 56: "psum  d"
                text run at (0,38) width 53: "olor AB"
                text run at (0,57) width 57: "CDEFG"
                text run at (0,76) width 57: "HIJKLM"
                text run at (0,95) width 59: "NOPQR"
                text run at (0,114) width 59: "STUVW"
                text run at (0,133) width 54: "XYZ ab"
                text run at (0,152) width 56: "cdefghij"
                text run at (0,171) width 52: "klmnop"
                text run at (0,190) width 43: "qrstuv"
        layer at (3,267) size 187x70 scrollHeight 86
          RenderTextControl {TEXTAREA} at (3,29) size 187x70 [color=#202020]
            RenderBlock {DIV} at (4,6) size 180x76
              RenderText {#text} at (0,0) size 174x76
                text run at (0,0) width 174: "Lorem ipsum  dolor ABC"
                text run at (0,19) width 172: "DEFGHIJKLMNOPQRS"
                text run at (0,38) width 170: "TUVWXYZ abcdefghijkl"
                text run at (0,57) width 83: "mnopqrstuv"
        layer at (194,267) size 67x70 scrollHeight 219
          RenderTextControl {TEXTAREA} at (1,43) size 67x70 [color=#202020]
            RenderBlock {DIV} at (4,6) size 60x209
              RenderText {#text} at (0,0) size 59x209
                text run at (0,0) width 53: "Lorem i"
                text run at (0,19) width 56: "psum  d"
                text run at (0,38) width 53: "olor AB"
                text run at (0,57) width 57: "CDEFG"
                text run at (0,76) width 57: "HIJKLM"
                text run at (0,95) width 59: "NOPQR"
                text run at (0,114) width 59: "STUVW"
                text run at (0,133) width 54: "XYZ ab"
                text run at (0,152) width 56: "cdefghij"
                text run at (0,171) width 52: "klmnop"
                text run at (0,190) width 43: "qrstuv"
        layer at (278,287) size 187x48 scrollHeight 86
          RenderTextControl {TEXTAREA} at (3,31) size 187x48 [color=#202020]
            RenderBlock {DIV} at (4,6) size 180x76
              RenderText {#text} at (0,0) size 174x76
                text run at (0,0) width 174: "Lorem ipsum  dolor ABC"
                text run at (0,19) width 172: "DEFGHIJKLMNOPQRS"
                text run at (0,38) width 170: "TUVWXYZ abcdefghijkl"
                text run at (0,57) width 83: "mnopqrstuv"
        layer at (471,287) size 187x48 scrollHeight 86
          RenderTextControl {TEXTAREA} at (3,31) size 187x48 [color=#202020]
            RenderBlock {DIV} at (4,6) size 180x76
              RenderText {#text} at (0,0) size 174x76
                text run at (0,0) width 174: "Lorem ipsum  dolor ABC"
                text run at (0,19) width 172: "DEFGHIJKLMNOPQRS"
                text run at (0,38) width 170: "TUVWXYZ abcdefghijkl"
                text run at (0,57) width 83: "mnopqrstuv"
        layer at (662,267) size 67x70 scrollHeight 219
          RenderTextControl {TEXTAREA} at (1,57) size 67x70 [color=#202020]
            RenderBlock {DIV} at (4,6) size 60x209
              RenderText {#text} at (0,0) size 59x209
                text run at (0,0) width 53: "Lorem i"
                text run at (0,19) width 56: "psum  d"
                text run at (0,38) width 53: "olor AB"
                text run at (0,57) width 57: "CDEFG"
                text run at (0,76) width 57: "HIJKLM"
                text run at (0,95) width 59: "NOPQR"
                text run at (0,114) width 59: "STUVW"
                text run at (0,133) width 54: "XYZ ab"
                text run at (0,152) width 56: "cdefghij"
                text run at (0,171) width 52: "klmnop"
                text run at (0,190) width 43: "qrstuv"
        layer at (1,398) size 67x70 scrollHeight 219
          RenderTextControl {TEXTAREA} at (1,57) size 67x70 [color=#202020]
            RenderBlock {DIV} at (4,6) size 60x209
              RenderText {#text} at (0,0) size 59x209
                text run at (0,0) width 53: "Lorem i"
                text run at (0,19) width 56: "psum  d"
                text run at (0,38) width 53: "olor AB"
                text run at (0,57) width 57: "CDEFG"
                text run at (0,76) width 57: "HIJKLM"
                text run at (0,95) width 59: "NOPQR"
                text run at (0,114) width 59: "STUVW"
                text run at (0,133) width 54: "XYZ ab"
                text run at (0,152) width 56: "cdefghij"
                text run at (0,171) width 52: "klmnop"
                text run at (0,190) width 43: "qrstuv"
        layer at (83,398) size 67x70 scrollHeight 219
          RenderTextControl {TEXTAREA} at (1,43) size 67x70 [color=#202020]
            RenderBlock {DIV} at (4,6) size 60x209
              RenderText {#text} at (0,0) size 59x209
                text run at (0,0) width 53: "Lorem i"
                text run at (0,19) width 56: "psum  d"
                text run at (0,38) width 53: "olor AB"
                text run at (0,57) width 57: "CDEFG"
                text run at (0,76) width 57: "HIJKLM"
                text run at (0,95) width 59: "NOPQR"
                text run at (0,114) width 59: "STUVW"
                text run at (0,133) width 54: "XYZ ab"
                text run at (0,152) width 56: "cdefghij"
                text run at (0,171) width 52: "klmnop"
                text run at (0,190) width 43: "qrstuv"
        layer at (165,398) size 67x70 scrollHeight 219
          RenderTextControl {TEXTAREA} at (1,43) size 67x70 [color=#202020]
            RenderBlock {DIV} at (4,6) size 60x209
              RenderText {#text} at (0,0) size 59x209
                text run at (0,0) width 53: "Lorem i"
                text run at (0,19) width 56: "psum  d"
                text run at (0,38) width 53: "olor AB"
                text run at (0,57) width 57: "CDEFG"
                text run at (0,76) width 57: "HIJKLM"
                text run at (0,95) width 59: "NOPQR"
                text run at (0,114) width 59: "STUVW"
                text run at (0,133) width 54: "XYZ ab"
                text run at (0,152) width 56: "cdefghij"
                text run at (0,171) width 52: "klmnop"
                text run at (0,190) width 43: "qrstuv"
        layer at (247,398) size 67x70 scrollHeight 219
          RenderTextControl {TEXTAREA} at (1,57) size 67x70 [color=#202020]
            RenderBlock {DIV} at (4,6) size 60x209
              RenderText {#text} at (0,0) size 59x209
                text run at (0,0) width 53: "Lorem i"
                text run at (0,19) width 56: "psum  d"
                text run at (0,38) width 53: "olor AB"
                text run at (0,57) width 57: "CDEFG"
                text run at (0,76) width 57: "HIJKLM"
                text run at (0,95) width 59: "NOPQR"
                text run at (0,114) width 59: "STUVW"
                text run at (0,133) width 54: "XYZ ab"
                text run at (0,152) width 56: "cdefghij"
                text run at (0,171) width 52: "klmnop"
                text run at (0,190) width 43: "qrstuv"
        layer at (331,418) size 34x48 scrollHeight 504
          RenderTextControl {TEXTAREA} at (3,17) size 34x48 [color=#202020]
            RenderBlock {DIV} at (4,6) size 27x494
              RenderText {#text} at (0,0) size 27x494
                text run at (0,0) width 23: "Lor"
                text run at (0,19) width 26: "em "
                text run at (0,38) width 21: "ips"
                text run at (0,57) width 26: "um "
                text run at (0,76) width 26: " dol"
                text run at (0,95) width 18: "or "
                text run at (0,114) width 22: "AB"
                text run at (0,133) width 24: "CD"
                text run at (0,152) width 21: "EF"
                text run at (0,171) width 24: "GH"
                text run at (0,190) width 23: "IJK"
                text run at (0,209) width 22: "LM"
                text run at (0,228) width 24: "NO"
                text run at (0,247) width 23: "PQ"
                text run at (0,266) width 23: "RS"
                text run at (0,285) width 22: "TU"
                text run at (0,304) width 26: "VW"
                text run at (0,323) width 22: "XY"
                text run at (0,342) width 23: "Z a"
                text run at (0,361) width 26: "bcd"
                text run at (0,380) width 22: "efg"
                text run at (0,399) width 25: "hijk"
                text run at (0,418) width 26: "lmn"
                text run at (0,437) width 27: "opq"
                text run at (0,456) width 26: "rstu"
                text run at (0,475) width 8: "v"
        layer at (413,399) size 187x67 scrollHeight 86
          RenderTextControl {TEXTAREA} at (3,17) size 187x67 [color=#202020]
            RenderBlock {DIV} at (4,6) size 180x76
              RenderText {#text} at (0,0) size 174x76
                text run at (0,0) width 174: "Lorem ipsum  dolor ABC"
                text run at (0,19) width 172: "DEFGHIJKLMNOPQRS"
                text run at (0,38) width 170: "TUVWXYZ abcdefghijkl"
                text run at (0,57) width 83: "mnopqrstuv"
        layer at (606,418) size 70x48 scrollHeight 219
          RenderTextControl {TEXTAREA} at (3,17) size 70x48 [color=#202020]
            RenderBlock {DIV} at (4,6) size 63x209
              RenderText {#text} at (0,0) size 62x209
                text run at (0,0) width 62: "Lorem ip"
                text run at (0,19) width 60: "sum  dol"
                text run at (0,38) width 52: "or ABC"
                text run at (0,57) width 61: "DEFGHI"
                text run at (0,76) width 53: "JKLMN"
                text run at (0,95) width 58: "OPQRS"
                text run at (0,114) width 59: "TUVWX"
                text run at (0,133) width 60: "YZ abcd"
                text run at (0,152) width 51: "efghijkl"
                text run at (0,171) width 62: "mnopqrs"
                text run at (0,190) width 21: "tuv"
        layer at (3,489) size 187x143
          RenderTextControl {TEXTAREA} at (3,17) size 187x143 [color=#202020]
            RenderBlock {DIV} at (4,6) size 180x76
              RenderText {#text} at (0,0) size 174x76
                text run at (0,0) width 174: "Lorem ipsum  dolor ABC"
                text run at (0,19) width 172: "DEFGHIJKLMNOPQRS"
                text run at (0,38) width 170: "TUVWXYZ abcdefghijkl"
                text run at (0,57) width 83: "mnopqrstuv"
        layer at (196,546) size 52x86 scrollHeight 295
          RenderTextControl {TEXTAREA} at (3,31) size 52x86 [color=#202020]
            RenderBlock {DIV} at (4,6) size 45x285
              RenderText {#text} at (0,0) size 45x285
                text run at (0,0) width 45: "Lorem"
                text run at (0,19) width 34: " ipsu"
                text run at (0,38) width 43: "m  dol"
                text run at (0,57) width 40: "or AB"
                text run at (0,76) width 45: "CDEF"
                text run at (0,95) width 36: "GHIJ"
                text run at (0,114) width 45: "KLMN"
                text run at (0,133) width 35: "OPQ"
                text run at (0,152) width 45: "RSTU"
                text run at (0,171) width 37: "VWX"
                text run at (0,190) width 43: "YZ ab"
                text run at (0,209) width 39: "cdefg"
                text run at (0,228) width 42: "hijklm"
                text run at (0,247) width 41: "nopqr"
                text run at (0,266) width 29: "stuv"
        layer at (278,584) size 187x48 scrollWidth 603
          RenderTextControl {TEXTAREA} at (3,17) size 187x48 [color=#202020]
            RenderBlock {DIV} at (4,6) size 180x19
              RenderText {#text} at (0,0) size 599x19
                text run at (0,0) width 599: "Lorem ipsum  dolor ABCDEFGHIJKLMNOPQRSTUVWXYZ abcdefghijklmnopqrstuv"
        layer at (471,584) size 187x48 scrollHeight 86
          RenderTextControl {TEXTAREA} at (3,17) size 187x48 [color=#202020]
            RenderBlock {DIV} at (4,6) size 180x76
              RenderText {#text} at (0,0) size 174x76
                text run at (0,0) width 174: "Lorem ipsum  dolor ABC"
                text run at (0,19) width 172: "DEFGHIJKLMNOPQRS"
                text run at (0,38) width 170: "TUVWXYZ abcdefghijkl"
                text run at (0,57) width 83: "mnopqrstuv"
        layer at (3,669) size 187x48 scrollHeight 86
          RenderTextControl {TEXTAREA} at (3,17) size 187x48 [color=#202020]
            RenderBlock {DIV} at (4,6) size 180x76
              RenderText {#text} at (0,0) size 174x76
                text run at (0,0) width 174: "Lorem ipsum  dolor ABC"
                text run at (0,19) width 172: "DEFGHIJKLMNOPQRS"
                text run at (0,38) width 170: "TUVWXYZ abcdefghijkl"
                text run at (0,57) width 83: "mnopqrstuv"
        layer at (196,669) size 187x48 scrollHeight 86
          RenderTextControl {TEXTAREA} at (3,31) size 187x48 [color=#202020]
            RenderBlock {DIV} at (4,6) size 180x76
              RenderText {#text} at (0,0) size 174x76
                text run at (0,0) width 174: "Lorem ipsum  dolor ABC"
                text run at (0,19) width 172: "DEFGHIJKLMNOPQRS"
                text run at (0,38) width 170: "TUVWXYZ abcdefghijkl"
                text run at (0,57) width 83: "mnopqrstuv"
        layer at (389,669) size 187x48 scrollHeight 86
          RenderTextControl {TEXTAREA} at (3,31) size 187x48 [color=#202020]
            RenderBlock {DIV} at (4,6) size 180x76
              RenderText {#text} at (0,0) size 174x76
                text run at (0,0) width 174: "Lorem ipsum  dolor ABC"
                text run at (0,19) width 172: "DEFGHIJKLMNOPQRS"
                text run at (0,38) width 170: "TUVWXYZ abcdefghijkl"
                text run at (0,57) width 83: "mnopqrstuv"
        layer at (582,669) size 187x48 scrollHeight 86
          RenderTextControl {TEXTAREA} at (3,31) size 187x48 [color=#202020]
            RenderBlock {DIV} at (4,6) size 180x76
              RenderText {#text} at (0,0) size 174x76
                text run at (0,0) width 174: "Lorem ipsum  dolor ABC"
                text run at (0,19) width 172: "DEFGHIJKLMNOPQRS"
                text run at (0,38) width 170: "TUVWXYZ abcdefghijkl"
                text run at (0,57) width 83: "mnopqrstuv"
        layer at (3,768) size 187x48 scrollHeight 86
          RenderTextControl {TEXTAREA} at (3,31) size 187x48 [color=#202020]
            RenderBlock {DIV} at (4,6) size 180x76
              RenderText {#text} at (0,0) size 174x76
                text run at (0,0) width 174: "Lorem ipsum  dolor ABC"
                text run at (0,19) width 172: "DEFGHIJKLMNOPQRS"
                text run at (0,38) width 170: "TUVWXYZ abcdefghijkl"
                text run at (0,57) width 83: "mnopqrstuv"
        layer at (196,768) size 187x48 scrollHeight 86
          RenderTextControl {TEXTAREA} at (3,31) size 187x48 [color=#202020]
            RenderBlock {DIV} at (4,6) size 180x76
              RenderText {#text} at (0,0) size 174x76
                text run at (0,0) width 174: "Lorem ipsum  dolor ABC"
                text run at (0,19) width 172: "DEFGHIJKLMNOPQRS"
                text run at (0,38) width 170: "TUVWXYZ abcdefghijkl"
                text run at (0,57) width 83: "mnopqrstuv"
        layer at (389,768) size 187x48 scrollWidth 603
          RenderTextControl {TEXTAREA} at (3,31) size 187x48 [color=#202020]
            RenderBlock {DIV} at (4,6) size 180x19
              RenderText {#text} at (0,0) size 599x19
                text run at (0,0) width 599: "Lorem ipsum  dolor ABCDEFGHIJKLMNOPQRSTUVWXYZ abcdefghijklmnopqrstuv"
        layer at (582,768) size 187x48 scrollWidth 603
          RenderTextControl {TEXTAREA} at (3,45) size 187x48 [color=#202020]
            RenderBlock {DIV} at (4,6) size 180x19
              RenderText {#text} at (0,0) size 599x19
                text run at (0,0) width 599: "Lorem ipsum  dolor ABCDEFGHIJKLMNOPQRSTUVWXYZ abcdefghijklmnopqrstuv"
      RenderPartObject {IFRAME} at (0,822) size 800x781
        layer at (0,0) size 800x781
          RenderView at (0,0) size 800x781
        layer at (0,0) size 800x781
          RenderBlock {HTML} at (0,0) size 800x781
            RenderBody {BODY} at (0,5) size 800x776
              RenderBlock {DIV} at (0,0) size 800x14
                RenderText {#text} at (0,0) size 146x14
                  text run at (0,0) width 146: "CompatMode: BackCompat"
              RenderBlock (anonymous) at (0,19) size 800x757
                RenderBlock {DIV} at (0,28) size 193x54 [border: (1px solid #0000FF)]
                  RenderBlock {SPAN} at (1,1) size 80x0
                  RenderBR {BR} at (81,1) size 0x0
                RenderBlock {DIV} at (193,14) size 193x68 [border: (1px solid #0000FF)]
                  RenderBlock {SPAN} at (1,1) size 80x14
                    RenderText {#text} at (0,0) size 76x14
                      text run at (0,0) width 76: "disabled: \"true\","
                  RenderBR {BR} at (81,12) size 0x0
                RenderBlock {DIV} at (386,0) size 193x82 [border: (1px solid #0000FF)]
                  RenderBlock {SPAN} at (1,1) size 80x28
                    RenderText {#text} at (0,0) size 78x28
                      text run at (0,0) width 25: "style:"
                      text run at (0,14) width 78: "\"padding:10px\","
                  RenderBR {BR} at (81,26) size 0x0
                RenderBlock {DIV} at (579,0) size 193x82 [border: (1px solid #0000FF)]
                  RenderBlock {SPAN} at (1,1) size 80x28
                    RenderText {#text} at (0,0) size 72x28
                      text run at (0,0) width 25: "style:"
                      text run at (0,14) width 72: "\"padding:0px\","
                  RenderBR {BR} at (81,26) size 0x0
                RenderBlock {DIV} at (0,82) size 209x98 [border: (1px solid #0000FF)]
                  RenderBlock {SPAN} at (1,1) size 80x28
                    RenderText {#text} at (0,0) size 73x28
                      text run at (0,0) width 25: "style:"
                      text run at (0,14) width 73: "\"margin:10px\","
                  RenderBR {BR} at (81,26) size 0x0
                RenderBlock {DIV} at (209,102) size 189x78 [border: (1px solid #0000FF)]
                  RenderBlock {SPAN} at (1,1) size 80x28
                    RenderText {#text} at (0,0) size 67x28
                      text run at (0,0) width 25: "style:"
                      text run at (0,14) width 67: "\"margin:0px\","
                  RenderBR {BR} at (81,26) size 0x0
                RenderBlock {DIV} at (398,98) size 82x82 [border: (1px solid #0000FF)]
                  RenderBlock {SPAN} at (1,1) size 80x28
                    RenderText {#text} at (0,0) size 67x28
                      text run at (0,0) width 25: "style:"
                      text run at (0,14) width 67: "\"width:60px\","
                  RenderBR {BR} at (81,26) size 0x0
                RenderBlock {DIV} at (480,84) size 82x96 [border: (1px solid #0000FF)]
                  RenderBlock {SPAN} at (1,1) size 80x42
                    RenderText {#text} at (0,0) size 73x42
                      text run at (0,0) width 25: "style:"
                      text run at (0,14) width 62: "\"width:60px;"
                      text run at (0,28) width 73: "padding:20px\","
                  RenderBR {BR} at (81,40) size 0x0
                RenderBlock {DIV} at (562,84) size 82x96 [border: (1px solid #0000FF)]
                  RenderBlock {SPAN} at (1,1) size 80x42
                    RenderText {#text} at (0,0) size 62x42
                      text run at (0,0) width 25: "style:"
                      text run at (0,14) width 62: "\"width:60px;"
                      text run at (0,28) width 55: "padding:0\","
                  RenderBR {BR} at (81,40) size 0x0
                RenderBlock {DIV} at (0,208) size 193x90 [border: (1px solid #0000FF)]
                  RenderBlock {SPAN} at (1,1) size 80x28
                    RenderText {#text} at (0,0) size 69x28
                      text run at (0,0) width 25: "style:"
                      text run at (0,14) width 69: "\"height:60px\","
                  RenderBR {BR} at (81,26) size 0x0
                RenderBlock {DIV} at (193,194) size 82x104 [border: (1px solid #0000FF)]
                  RenderBlock {SPAN} at (1,1) size 80x42
                    RenderText {#text} at (0,0) size 64x42
                      text run at (0,0) width 25: "style:"
                      text run at (0,14) width 62: "\"width:60px;"
                      text run at (0,28) width 64: "height:60px\","
                  RenderBR {BR} at (81,40) size 0x0
                RenderBlock {DIV} at (275,216) size 193x82 [border: (1px solid #0000FF)]
                  RenderBlock {SPAN} at (1,1) size 80x28
                    RenderText {#text} at (0,0) size 91x28
                      text run at (0,0) width 25: "style:"
                      text run at (0,14) width 91: "\"overflow:hidden\","
                  RenderBR {BR} at (81,26) size 0x0
                RenderBlock {DIV} at (468,216) size 193x82 [border: (1px solid #0000FF)]
                  RenderBlock {SPAN} at (1,1) size 80x28
                    RenderText {#text} at (0,0) size 85x28
                      text run at (0,0) width 25: "style:"
                      text run at (0,14) width 85: "\"overflow:scroll\","
                  RenderBR {BR} at (81,26) size 0x0
                RenderBlock {DIV} at (661,180) size 82x118 [border: (1px solid #0000FF)]
                  RenderBlock {SPAN} at (1,1) size 80x56
                    RenderText {#text} at (0,0) size 86x56
                      text run at (0,0) width 25: "style:"
                      text run at (0,14) width 86: "\"overflow:hidden;"
                      text run at (0,28) width 57: "width:60px;"
                      text run at (0,42) width 64: "height:60px\","
                  RenderBR {BR} at (81,54) size 0x0
                RenderBlock {DIV} at (0,298) size 82x118 [border: (1px solid #0000FF)]
                  RenderBlock {SPAN} at (1,1) size 80x56
                    RenderText {#text} at (0,0) size 80x56
                      text run at (0,0) width 25: "style:"
                      text run at (0,14) width 80: "\"overflow:scroll;"
                      text run at (0,28) width 57: "width:60px;"
                      text run at (0,42) width 64: "height:60px\","
                  RenderBR {BR} at (81,54) size 0x0
                RenderBlock {DIV} at (82,312) size 82x104 [border: (1px solid #0000FF)]
                  RenderBlock {SPAN} at (1,1) size 80x42
                    RenderText {#text} at (0,0) size 72x42
                      text run at (0,0) width 72: "cols: \"5\", style:"
                      text run at (0,14) width 62: "\"width:60px;"
                      text run at (0,28) width 64: "height:60px\","
                  RenderBR {BR} at (81,40) size 0x0
                RenderBlock {DIV} at (164,312) size 82x104 [border: (1px solid #0000FF)]
                  RenderBlock {SPAN} at (1,1) size 80x42
                    RenderText {#text} at (0,0) size 77x42
                      text run at (0,0) width 77: "rows: \"4\", style:"
                      text run at (0,14) width 62: "\"width:60px;"
                      text run at (0,28) width 64: "height:60px\","
                  RenderBR {BR} at (81,40) size 0x0
                RenderBlock {DIV} at (246,298) size 82x118 [border: (1px solid #0000FF)]
                  RenderBlock {SPAN} at (1,1) size 80x56
                    RenderText {#text} at (0,0) size 74x56
                      text run at (0,0) width 74: "cols: \"5\", rows:"
                      text run at (0,14) width 47: "\"4\", style:"
                      text run at (0,28) width 62: "\"width:60px;"
                      text run at (0,42) width 64: "height:60px\","
                  RenderBR {BR} at (81,54) size 0x0
                RenderBlock {DIV} at (328,348) size 82x68 [border: (1px solid #0000FF)]
                  RenderBlock {SPAN} at (1,1) size 80x14
                    RenderText {#text} at (0,0) size 44x14
                      text run at (0,0) width 44: "cols: \"3\","
                  RenderBR {BR} at (81,12) size 0x0
                RenderBlock {DIV} at (410,329) size 193x87 [border: (1px solid #0000FF)]
                  RenderBlock {SPAN} at (1,1) size 80x14
                    RenderText {#text} at (0,0) size 49x14
                      text run at (0,0) width 49: "rows: \"3\","
                  RenderBR {BR} at (81,12) size 0x0
                RenderBlock {DIV} at (603,348) size 82x68 [border: (1px solid #0000FF)]
                  RenderBlock {SPAN} at (1,1) size 80x14
                    RenderText {#text} at (0,0) size 44x14
                      text run at (0,0) width 44: "cols: \"7\","
                  RenderBR {BR} at (81,12) size 0x0
                RenderBlock {DIV} at (0,416) size 193x163 [border: (1px solid #0000FF)]
                  RenderBlock {SPAN} at (1,1) size 80x14
                    RenderText {#text} at (0,0) size 49x14
                      text run at (0,0) width 49: "rows: \"7\","
                  RenderBR {BR} at (81,12) size 0x0
                RenderBlock {DIV} at (193,459) size 82x120 [border: (1px solid #0000FF)]
                  RenderBlock {SPAN} at (1,1) size 80x28
                    RenderText {#text} at (0,0) size 74x28
                      text run at (0,0) width 74: "cols: \"5\", rows:"
                      text run at (0,14) width 19: "\"4\","
                  RenderBR {BR} at (81,26) size 0x0
                RenderBlock {DIV} at (275,511) size 193x68 [border: (1px solid #0000FF)]
                  RenderBlock {SPAN} at (1,1) size 80x14
                    RenderText {#text} at (0,0) size 57x14
                      text run at (0,0) width 57: "wrap: \"off\","
                  RenderBR {BR} at (81,12) size 0x0
                RenderBlock {DIV} at (468,511) size 193x68 [border: (1px solid #0000FF)]
                  RenderBlock {SPAN} at (1,1) size 80x14
                    RenderText {#text} at (0,0) size 64x14
                      text run at (0,0) width 64: "wrap: \"hard\","
                  RenderBR {BR} at (81,12) size 0x0
                RenderBlock {DIV} at (0,593) size 193x68 [border: (1px solid #0000FF)]
                  RenderBlock {SPAN} at (1,1) size 80x14
                    RenderText {#text} at (0,0) size 61x14
                      text run at (0,0) width 61: "wrap: \"soft\","
                  RenderBR {BR} at (81,12) size 0x0
                RenderBlock {DIV} at (193,579) size 193x82 [border: (1px solid #0000FF)]
                  RenderBlock {SPAN} at (1,1) size 80x28
                    RenderText {#text} at (0,0) size 70x28
                      text run at (0,0) width 63: "style: \"white-"
                      text run at (0,14) width 70: "space:normal\","
                  RenderBR {BR} at (81,26) size 0x0
                RenderBlock {DIV} at (386,579) size 193x82 [border: (1px solid #0000FF)]
                  RenderBlock {SPAN} at (1,1) size 80x28
                    RenderText {#text} at (0,0) size 63x28
                      text run at (0,0) width 63: "style: \"white-"
                      text run at (0,14) width 52: "space:pre\","
                  RenderBR {BR} at (81,26) size 0x0
                RenderBlock {DIV} at (579,579) size 193x82 [border: (1px solid #0000FF)]
                  RenderBlock {SPAN} at (1,1) size 80x28
                    RenderText {#text} at (0,0) size 76x28
                      text run at (0,0) width 63: "style: \"white-"
                      text run at (0,14) width 76: "space:prewrap\","
                  RenderBR {BR} at (81,26) size 0x0
                RenderBlock {DIV} at (0,675) size 193x82 [border: (1px solid #0000FF)]
                  RenderBlock {SPAN} at (1,1) size 80x28
                    RenderText {#text} at (0,0) size 73x28
                      text run at (0,0) width 63: "style: \"white-"
                      text run at (0,14) width 73: "space:nowrap\","
                  RenderBR {BR} at (81,26) size 0x0
                RenderBlock {DIV} at (193,675) size 193x82 [border: (1px solid #0000FF)]
                  RenderBlock {SPAN} at (1,1) size 80x28
                    RenderText {#text} at (0,0) size 73x28
                      text run at (0,0) width 63: "style: \"white-"
                      text run at (0,14) width 73: "space:pre-line\","
                  RenderBR {BR} at (81,26) size 0x0
                RenderBlock {DIV} at (386,675) size 193x82 [border: (1px solid #0000FF)]
                  RenderBlock {SPAN} at (1,1) size 80x28
                    RenderText {#text} at (0,0) size 68x28
                      text run at (0,0) width 62: "style: \"word-"
                      text run at (0,14) width 68: "wrap:normal\","
                  RenderBR {BR} at (81,26) size 0x0
                RenderBlock {DIV} at (579,661) size 193x96 [border: (1px solid #0000FF)]
                  RenderBlock {SPAN} at (1,1) size 80x42
                    RenderText {#text} at (0,0) size 80x42
                      text run at (0,0) width 57: "wrap: \"off\","
                      text run at (0,14) width 63: "style: \"white-"
                      text run at (0,28) width 80: "space:pre-wrap\","
                  RenderBR {BR} at (81,40) size 0x0
        layer at (3,55) size 187x48
          RenderTextControl {TEXTAREA} at (3,3) size 187x48 [color=#202020]
            RenderBlock {DIV} at (4,6) size 180x19
              RenderText {#text} at (0,0) size 132x19
                text run at (0,0) width 132: "Lorem ipsum dolor"
        layer at (196,55) size 187x48 scrollHeight 86
          RenderTextControl {TEXTAREA} at (3,17) size 187x48 [color=#202020]
            RenderBlock {DIV} at (4,6) size 180x76
              RenderText {#text} at (0,0) size 174x76
                text run at (0,0) width 174: "Lorem ipsum  dolor ABC"
                text run at (0,19) width 172: "DEFGHIJKLMNOPQRS"
                text run at (0,38) width 170: "TUVWXYZ abcdefghijkl"
                text run at (0,57) width 83: "mnopqrstuv"
        layer at (389,55) size 187x48 scrollHeight 86
          RenderTextControl {TEXTAREA} at (3,31) size 187x48 [color=#202020]
            RenderBlock {DIV} at (4,6) size 180x76
              RenderText {#text} at (0,0) size 174x76
                text run at (0,0) width 174: "Lorem ipsum  dolor ABC"
                text run at (0,19) width 172: "DEFGHIJKLMNOPQRS"
                text run at (0,38) width 170: "TUVWXYZ abcdefghijkl"
                text run at (0,57) width 83: "mnopqrstuv"
        layer at (582,55) size 187x48 scrollHeight 86
          RenderTextControl {TEXTAREA} at (3,31) size 187x48 [color=#202020]
            RenderBlock {DIV} at (4,6) size 180x76
              RenderText {#text} at (0,0) size 174x76
                text run at (0,0) width 174: "Lorem ipsum  dolor ABC"
                text run at (0,19) width 172: "DEFGHIJKLMNOPQRS"
                text run at (0,38) width 170: "TUVWXYZ abcdefghijkl"
                text run at (0,57) width 83: "mnopqrstuv"
        layer at (11,145) size 187x48 scrollHeight 86
          RenderTextControl {TEXTAREA} at (11,39) size 187x48 [color=#202020]
            RenderBlock {DIV} at (4,6) size 180x76
              RenderText {#text} at (0,0) size 174x76
                text run at (0,0) width 174: "Lorem ipsum  dolor ABC"
                text run at (0,19) width 172: "DEFGHIJKLMNOPQRS"
                text run at (0,38) width 170: "TUVWXYZ abcdefghijkl"
                text run at (0,57) width 83: "mnopqrstuv"
        layer at (210,155) size 187x48 scrollHeight 86
          RenderTextControl {TEXTAREA} at (1,29) size 187x48 [color=#202020]
            RenderBlock {DIV} at (4,6) size 180x76
              RenderText {#text} at (0,0) size 174x76
                text run at (0,0) width 174: "Lorem ipsum  dolor ABC"
                text run at (0,19) width 172: "DEFGHIJKLMNOPQRS"
                text run at (0,38) width 170: "TUVWXYZ abcdefghijkl"
                text run at (0,57) width 83: "mnopqrstuv"
        layer at (399,153) size 60x48 scrollHeight 257
          RenderTextControl {TEXTAREA} at (1,31) size 60x48 [color=#202020]
            RenderBlock {DIV} at (4,6) size 53x247
              RenderText {#text} at (0,0) size 53x247
                text run at (0,0) width 53: "Lorem i"
                text run at (0,19) width 47: "psum  "
                text run at (0,38) width 51: "dolor A"
                text run at (0,57) width 46: "BCDE"
                text run at (0,76) width 46: "FGHIJ"
                text run at (0,95) width 45: "KLMN"
                text run at (0,114) width 47: "OPQR"
                text run at (0,133) width 44: "STUV"
                text run at (0,152) width 51: "WXYZ "
                text run at (0,171) width 48: "abcdef"
                text run at (0,190) width 51: "ghijklm"
                text run at (0,209) width 53: "nopqrst"
                text run at (0,228) width 17: "uv"
        layer at (481,153) size 60x48 scrollHeight 257
          RenderTextControl {TEXTAREA} at (1,45) size 60x48 [color=#202020]
            RenderBlock {DIV} at (4,6) size 53x247
              RenderText {#text} at (0,0) size 53x247
                text run at (0,0) width 53: "Lorem i"
                text run at (0,19) width 47: "psum  "
                text run at (0,38) width 51: "dolor A"
                text run at (0,57) width 46: "BCDE"
                text run at (0,76) width 46: "FGHIJ"
                text run at (0,95) width 45: "KLMN"
                text run at (0,114) width 47: "OPQR"
                text run at (0,133) width 44: "STUV"
                text run at (0,152) width 51: "WXYZ "
                text run at (0,171) width 48: "abcdef"
                text run at (0,190) width 51: "ghijklm"
                text run at (0,209) width 53: "nopqrst"
                text run at (0,228) width 17: "uv"
        layer at (563,153) size 60x48 scrollHeight 257
          RenderTextControl {TEXTAREA} at (1,45) size 60x48 [color=#202020]
            RenderBlock {DIV} at (4,6) size 53x247
              RenderText {#text} at (0,0) size 53x247
                text run at (0,0) width 53: "Lorem i"
                text run at (0,19) width 47: "psum  "
                text run at (0,38) width 51: "dolor A"
                text run at (0,57) width 46: "BCDE"
                text run at (0,76) width 46: "FGHIJ"
                text run at (0,95) width 45: "KLMN"
                text run at (0,114) width 47: "OPQR"
                text run at (0,133) width 44: "STUV"
                text run at (0,152) width 51: "WXYZ "
                text run at (0,171) width 48: "abcdef"
                text run at (0,190) width 51: "ghijklm"
                text run at (0,209) width 53: "nopqrst"
                text run at (0,228) width 17: "uv"
        layer at (3,261) size 187x60 scrollHeight 86
          RenderTextControl {TEXTAREA} at (3,29) size 187x60 [color=#202020]
            RenderBlock {DIV} at (4,6) size 180x76
              RenderText {#text} at (0,0) size 174x76
                text run at (0,0) width 174: "Lorem ipsum  dolor ABC"
                text run at (0,19) width 172: "DEFGHIJKLMNOPQRS"
                text run at (0,38) width 170: "TUVWXYZ abcdefghijkl"
                text run at (0,57) width 83: "mnopqrstuv"
        layer at (194,261) size 60x60 scrollHeight 257
          RenderTextControl {TEXTAREA} at (1,43) size 60x60 [color=#202020]
            RenderBlock {DIV} at (4,6) size 53x247
              RenderText {#text} at (0,0) size 53x247
                text run at (0,0) width 53: "Lorem i"
                text run at (0,19) width 47: "psum  "
                text run at (0,38) width 51: "dolor A"
                text run at (0,57) width 46: "BCDE"
                text run at (0,76) width 46: "FGHIJ"
                text run at (0,95) width 45: "KLMN"
                text run at (0,114) width 47: "OPQR"
                text run at (0,133) width 44: "STUV"
                text run at (0,152) width 51: "WXYZ "
                text run at (0,171) width 48: "abcdef"
                text run at (0,190) width 51: "ghijklm"
                text run at (0,209) width 53: "nopqrst"
                text run at (0,228) width 17: "uv"
        layer at (278,271) size 187x48 scrollHeight 86
          RenderTextControl {TEXTAREA} at (3,31) size 187x48 [color=#202020]
            RenderBlock {DIV} at (4,6) size 180x76
              RenderText {#text} at (0,0) size 174x76
                text run at (0,0) width 174: "Lorem ipsum  dolor ABC"
                text run at (0,19) width 172: "DEFGHIJKLMNOPQRS"
                text run at (0,38) width 170: "TUVWXYZ abcdefghijkl"
                text run at (0,57) width 83: "mnopqrstuv"
        layer at (471,271) size 187x48 scrollHeight 86
          RenderTextControl {TEXTAREA} at (3,31) size 187x48 [color=#202020]
            RenderBlock {DIV} at (4,6) size 180x76
              RenderText {#text} at (0,0) size 174x76
                text run at (0,0) width 174: "Lorem ipsum  dolor ABC"
                text run at (0,19) width 172: "DEFGHIJKLMNOPQRS"
                text run at (0,38) width 170: "TUVWXYZ abcdefghijkl"
                text run at (0,57) width 83: "mnopqrstuv"
        layer at (662,261) size 60x60 scrollHeight 257
          RenderTextControl {TEXTAREA} at (1,57) size 60x60 [color=#202020]
            RenderBlock {DIV} at (4,6) size 53x247
              RenderText {#text} at (0,0) size 53x247
                text run at (0,0) width 53: "Lorem i"
                text run at (0,19) width 47: "psum  "
                text run at (0,38) width 51: "dolor A"
                text run at (0,57) width 46: "BCDE"
                text run at (0,76) width 46: "FGHIJ"
                text run at (0,95) width 45: "KLMN"
                text run at (0,114) width 47: "OPQR"
                text run at (0,133) width 44: "STUV"
                text run at (0,152) width 51: "WXYZ "
                text run at (0,171) width 48: "abcdef"
                text run at (0,190) width 51: "ghijklm"
                text run at (0,209) width 53: "nopqrst"
                text run at (0,228) width 17: "uv"
        layer at (1,379) size 60x60 scrollHeight 257
          RenderTextControl {TEXTAREA} at (1,57) size 60x60 [color=#202020]
            RenderBlock {DIV} at (4,6) size 53x247
              RenderText {#text} at (0,0) size 53x247
                text run at (0,0) width 53: "Lorem i"
                text run at (0,19) width 47: "psum  "
                text run at (0,38) width 51: "dolor A"
                text run at (0,57) width 46: "BCDE"
                text run at (0,76) width 46: "FGHIJ"
                text run at (0,95) width 45: "KLMN"
                text run at (0,114) width 47: "OPQR"
                text run at (0,133) width 44: "STUV"
                text run at (0,152) width 51: "WXYZ "
                text run at (0,171) width 48: "abcdef"
                text run at (0,190) width 51: "ghijklm"
                text run at (0,209) width 53: "nopqrst"
                text run at (0,228) width 17: "uv"
        layer at (83,379) size 60x60 scrollHeight 257
          RenderTextControl {TEXTAREA} at (1,43) size 60x60 [color=#202020]
            RenderBlock {DIV} at (4,6) size 53x247
              RenderText {#text} at (0,0) size 53x247
                text run at (0,0) width 53: "Lorem i"
                text run at (0,19) width 47: "psum  "
                text run at (0,38) width 51: "dolor A"
                text run at (0,57) width 46: "BCDE"
                text run at (0,76) width 46: "FGHIJ"
                text run at (0,95) width 45: "KLMN"
                text run at (0,114) width 47: "OPQR"
                text run at (0,133) width 44: "STUV"
                text run at (0,152) width 51: "WXYZ "
                text run at (0,171) width 48: "abcdef"
                text run at (0,190) width 51: "ghijklm"
                text run at (0,209) width 53: "nopqrst"
                text run at (0,228) width 17: "uv"
        layer at (165,379) size 60x60 scrollHeight 257
          RenderTextControl {TEXTAREA} at (1,43) size 60x60 [color=#202020]
            RenderBlock {DIV} at (4,6) size 53x247
              RenderText {#text} at (0,0) size 53x247
                text run at (0,0) width 53: "Lorem i"
                text run at (0,19) width 47: "psum  "
                text run at (0,38) width 51: "dolor A"
                text run at (0,57) width 46: "BCDE"
                text run at (0,76) width 46: "FGHIJ"
                text run at (0,95) width 45: "KLMN"
                text run at (0,114) width 47: "OPQR"
                text run at (0,133) width 44: "STUV"
                text run at (0,152) width 51: "WXYZ "
                text run at (0,171) width 48: "abcdef"
                text run at (0,190) width 51: "ghijklm"
                text run at (0,209) width 53: "nopqrst"
                text run at (0,228) width 17: "uv"
        layer at (247,379) size 60x60 scrollHeight 257
          RenderTextControl {TEXTAREA} at (1,57) size 60x60 [color=#202020]
            RenderBlock {DIV} at (4,6) size 53x247
              RenderText {#text} at (0,0) size 53x247
                text run at (0,0) width 53: "Lorem i"
                text run at (0,19) width 47: "psum  "
                text run at (0,38) width 51: "dolor A"
                text run at (0,57) width 46: "BCDE"
                text run at (0,76) width 46: "FGHIJ"
                text run at (0,95) width 45: "KLMN"
                text run at (0,114) width 47: "OPQR"
                text run at (0,133) width 44: "STUV"
                text run at (0,152) width 51: "WXYZ "
                text run at (0,171) width 48: "abcdef"
                text run at (0,190) width 51: "ghijklm"
                text run at (0,209) width 53: "nopqrst"
                text run at (0,228) width 17: "uv"
        layer at (331,389) size 34x48 scrollHeight 504
          RenderTextControl {TEXTAREA} at (3,17) size 34x48 [color=#202020]
            RenderBlock {DIV} at (4,6) size 27x494
              RenderText {#text} at (0,0) size 27x494
                text run at (0,0) width 23: "Lor"
                text run at (0,19) width 26: "em "
                text run at (0,38) width 21: "ips"
                text run at (0,57) width 26: "um "
                text run at (0,76) width 26: " dol"
                text run at (0,95) width 18: "or "
                text run at (0,114) width 22: "AB"
                text run at (0,133) width 24: "CD"
                text run at (0,152) width 21: "EF"
                text run at (0,171) width 24: "GH"
                text run at (0,190) width 23: "IJK"
                text run at (0,209) width 22: "LM"
                text run at (0,228) width 24: "NO"
                text run at (0,247) width 23: "PQ"
                text run at (0,266) width 23: "RS"
                text run at (0,285) width 22: "TU"
                text run at (0,304) width 26: "VW"
                text run at (0,323) width 22: "XY"
                text run at (0,342) width 23: "Z a"
                text run at (0,361) width 26: "bcd"
                text run at (0,380) width 22: "efg"
                text run at (0,399) width 25: "hijk"
                text run at (0,418) width 26: "lmn"
                text run at (0,437) width 27: "opq"
                text run at (0,456) width 26: "rstu"
                text run at (0,475) width 8: "v"
        layer at (413,370) size 187x67 scrollHeight 86
          RenderTextControl {TEXTAREA} at (3,17) size 187x67 [color=#202020]
            RenderBlock {DIV} at (4,6) size 180x76
              RenderText {#text} at (0,0) size 174x76
                text run at (0,0) width 174: "Lorem ipsum  dolor ABC"
                text run at (0,19) width 172: "DEFGHIJKLMNOPQRS"
                text run at (0,38) width 170: "TUVWXYZ abcdefghijkl"
                text run at (0,57) width 83: "mnopqrstuv"
        layer at (606,389) size 70x48 scrollHeight 219
          RenderTextControl {TEXTAREA} at (3,17) size 70x48 [color=#202020]
            RenderBlock {DIV} at (4,6) size 63x209
              RenderText {#text} at (0,0) size 62x209
                text run at (0,0) width 62: "Lorem ip"
                text run at (0,19) width 60: "sum  dol"
                text run at (0,38) width 52: "or ABC"
                text run at (0,57) width 61: "DEFGHI"
                text run at (0,76) width 53: "JKLMN"
                text run at (0,95) width 58: "OPQRS"
                text run at (0,114) width 59: "TUVWX"
                text run at (0,133) width 60: "YZ abcd"
                text run at (0,152) width 51: "efghijkl"
                text run at (0,171) width 62: "mnopqrs"
                text run at (0,190) width 21: "tuv"
        layer at (3,457) size 187x143
          RenderTextControl {TEXTAREA} at (3,17) size 187x143 [color=#202020]
            RenderBlock {DIV} at (4,6) size 180x76
              RenderText {#text} at (0,0) size 174x76
                text run at (0,0) width 174: "Lorem ipsum  dolor ABC"
                text run at (0,19) width 172: "DEFGHIJKLMNOPQRS"
                text run at (0,38) width 170: "TUVWXYZ abcdefghijkl"
                text run at (0,57) width 83: "mnopqrstuv"
        layer at (196,514) size 52x86 scrollHeight 295
          RenderTextControl {TEXTAREA} at (3,31) size 52x86 [color=#202020]
            RenderBlock {DIV} at (4,6) size 45x285
              RenderText {#text} at (0,0) size 45x285
                text run at (0,0) width 45: "Lorem"
                text run at (0,19) width 34: " ipsu"
                text run at (0,38) width 43: "m  dol"
                text run at (0,57) width 40: "or AB"
                text run at (0,76) width 45: "CDEF"
                text run at (0,95) width 36: "GHIJ"
                text run at (0,114) width 45: "KLMN"
                text run at (0,133) width 35: "OPQ"
                text run at (0,152) width 45: "RSTU"
                text run at (0,171) width 37: "VWX"
                text run at (0,190) width 43: "YZ ab"
                text run at (0,209) width 39: "cdefg"
                text run at (0,228) width 42: "hijklm"
                text run at (0,247) width 41: "nopqr"
                text run at (0,266) width 29: "stuv"
        layer at (278,552) size 187x48 scrollWidth 603
          RenderTextControl {TEXTAREA} at (3,17) size 187x48 [color=#202020]
            RenderBlock {DIV} at (4,6) size 180x19
              RenderText {#text} at (0,0) size 599x19
                text run at (0,0) width 599: "Lorem ipsum  dolor ABCDEFGHIJKLMNOPQRSTUVWXYZ abcdefghijklmnopqrstuv"
        layer at (471,552) size 187x48 scrollHeight 86
          RenderTextControl {TEXTAREA} at (3,17) size 187x48 [color=#202020]
            RenderBlock {DIV} at (4,6) size 180x76
              RenderText {#text} at (0,0) size 174x76
                text run at (0,0) width 174: "Lorem ipsum  dolor ABC"
                text run at (0,19) width 172: "DEFGHIJKLMNOPQRS"
                text run at (0,38) width 170: "TUVWXYZ abcdefghijkl"
                text run at (0,57) width 83: "mnopqrstuv"
        layer at (3,634) size 187x48 scrollHeight 86
          RenderTextControl {TEXTAREA} at (3,17) size 187x48 [color=#202020]
            RenderBlock {DIV} at (4,6) size 180x76
              RenderText {#text} at (0,0) size 174x76
                text run at (0,0) width 174: "Lorem ipsum  dolor ABC"
                text run at (0,19) width 172: "DEFGHIJKLMNOPQRS"
                text run at (0,38) width 170: "TUVWXYZ abcdefghijkl"
                text run at (0,57) width 83: "mnopqrstuv"
        layer at (196,634) size 187x48 scrollHeight 86
          RenderTextControl {TEXTAREA} at (3,31) size 187x48 [color=#202020]
            RenderBlock {DIV} at (4,6) size 180x76
              RenderText {#text} at (0,0) size 174x76
                text run at (0,0) width 174: "Lorem ipsum  dolor ABC"
                text run at (0,19) width 172: "DEFGHIJKLMNOPQRS"
                text run at (0,38) width 170: "TUVWXYZ abcdefghijkl"
                text run at (0,57) width 83: "mnopqrstuv"
        layer at (389,634) size 187x48 scrollHeight 86
          RenderTextControl {TEXTAREA} at (3,31) size 187x48 [color=#202020]
            RenderBlock {DIV} at (4,6) size 180x76
              RenderText {#text} at (0,0) size 174x76
                text run at (0,0) width 174: "Lorem ipsum  dolor ABC"
                text run at (0,19) width 172: "DEFGHIJKLMNOPQRS"
                text run at (0,38) width 170: "TUVWXYZ abcdefghijkl"
                text run at (0,57) width 83: "mnopqrstuv"
        layer at (582,634) size 187x48 scrollHeight 86
          RenderTextControl {TEXTAREA} at (3,31) size 187x48 [color=#202020]
            RenderBlock {DIV} at (4,6) size 180x76
              RenderText {#text} at (0,0) size 174x76
                text run at (0,0) width 174: "Lorem ipsum  dolor ABC"
                text run at (0,19) width 172: "DEFGHIJKLMNOPQRS"
                text run at (0,38) width 170: "TUVWXYZ abcdefghijkl"
                text run at (0,57) width 83: "mnopqrstuv"
        layer at (3,730) size 187x48 scrollHeight 86
          RenderTextControl {TEXTAREA} at (3,31) size 187x48 [color=#202020]
            RenderBlock {DIV} at (4,6) size 180x76
              RenderText {#text} at (0,0) size 174x76
                text run at (0,0) width 174: "Lorem ipsum  dolor ABC"
                text run at (0,19) width 172: "DEFGHIJKLMNOPQRS"
                text run at (0,38) width 170: "TUVWXYZ abcdefghijkl"
                text run at (0,57) width 83: "mnopqrstuv"
        layer at (196,730) size 187x48 scrollHeight 86
          RenderTextControl {TEXTAREA} at (3,31) size 187x48 [color=#202020]
            RenderBlock {DIV} at (4,6) size 180x76
              RenderText {#text} at (0,0) size 174x76
                text run at (0,0) width 174: "Lorem ipsum  dolor ABC"
                text run at (0,19) width 172: "DEFGHIJKLMNOPQRS"
                text run at (0,38) width 170: "TUVWXYZ abcdefghijkl"
                text run at (0,57) width 83: "mnopqrstuv"
        layer at (389,730) size 187x48 scrollWidth 603
          RenderTextControl {TEXTAREA} at (3,31) size 187x48 [color=#202020]
            RenderBlock {DIV} at (4,6) size 180x19
              RenderText {#text} at (0,0) size 599x19
                text run at (0,0) width 599: "Lorem ipsum  dolor ABCDEFGHIJKLMNOPQRSTUVWXYZ abcdefghijklmnopqrstuv"
        layer at (582,730) size 187x48 scrollWidth 603
          RenderTextControl {TEXTAREA} at (3,45) size 187x48 [color=#202020]
            RenderBlock {DIV} at (4,6) size 180x19
              RenderText {#text} at (0,0) size 599x19
                text run at (0,0) width 599: "Lorem ipsum  dolor ABCDEFGHIJKLMNOPQRSTUVWXYZ abcdefghijklmnopqrstuv"
      RenderText {#text} at (0,0) size 0x0
