layer at (0,0) size 800x600
  RenderView at (0,0) size 800x600
layer at (0,0) size 800x410
  RenderBlock {HTML} at (0,0) size 800x410
    RenderBody {BODY} at (8,8) size 784x394
      RenderBlock (anonymous) at (0,0) size 784x56
        RenderText {#text} at (0,0) size 404x14
          text run at (0,0) width 404: "Tests for basic button rendering. Creates a table with seven columns and seven rows. "
        RenderBR {BR} at (404,0) size 0x14
        RenderText {#text} at (0,14) size 383x14
          text run at (0,14) width 383: "Creates two different types of buttons, one with an image (a red dot) and another "
        RenderBR {BR} at (383,14) size 0x14
        RenderText {#text} at (0,28) size 488x14
          text run at (0,28) width 488: "with text (\"foo\") and then uses six different paddings to make sure each of the buttons render properly. "
        RenderBR {BR} at (488,28) size 0x14
        RenderBR {BR} at (0,42) size 0x14
      RenderTable {TABLE} at (0,56) size 522x338
        RenderTableSection {TBODY} at (0,0) size 522x338
          RenderTableRow {TR} at (0,0) size 522x16
            RenderTableCell {TD} at (0,0) size 127x16 [r=0 c=0 rs=1 cs=1]
              RenderText {#text} at (1,1) size 32x14
                text run at (1,1) width 32: "styling"
            RenderTableCell {TD} at (127,0) size 50x16 [r=0 c=1 rs=1 cs=1]
              RenderText {#text} at (1,1) size 44x14
                text run at (1,1) width 44: "<button>"
            RenderTableCell {TD} at (177,0) size 119x16 [r=0 c=2 rs=1 cs=1]
              RenderText {#text} at (1,1) size 117x14
                text run at (1,1) width 117: "(offsetH,W) (clientH,W)"
            RenderTableCell {TD} at (296,0) size 100x16 [r=0 c=3 rs=1 cs=1]
              RenderText {#text} at (1,1) size 98x14
                text run at (1,1) width 98: "<input type=button>"
            RenderTableCell {TD} at (396,0) size 126x16 [r=0 c=4 rs=1 cs=1]
              RenderText {#text} at (1,1) size 124x14
                text run at (1,1) width 124: "(offsetH,W) (clientH, -W)"
          RenderTableRow {TR} at (0,16) size 522x46
            RenderTableCell {TD} at (0,31) size 127x16 [r=1 c=0 rs=1 cs=1]
              RenderText {#text} at (1,1) size 40x14
                text run at (1,1) width 40: "(default)"
            RenderTableCell {TD} at (127,16) size 50x46 [r=1 c=1 rs=1 cs=1]
              RenderButton {BUTTON} at (3,3) size 44x40 [bgcolor=#C0C0C0] [border: (2px outset #C0C0C0)]
                RenderBlock (anonymous) at (17,10) size 10x18
                  RenderImage {IMG} at (0,4) size 10x10
            RenderTableCell {TD} at (177,31) size 119x16 [r=1 c=2 rs=1 cs=1]
              RenderText {#text} at (1,1) size 79x14
                text run at (1,1) width 79: "(40, 34) (36, 30)"
            RenderTableCell {TD} at (296,18) size 100x42 [r=1 c=3 rs=1 cs=1]
              RenderButton {INPUT} at (3,3) size 52x36 [color=#202020]
                RenderBlock (anonymous) at (15,8) size 22x18
                  RenderText at (0,0) size 22x17
                    text run at (0,0) width 22: "foo"
            RenderTableCell {TD} at (396,31) size 126x16 [r=1 c=4 rs=1 cs=1]
              RenderText {#text} at (1,1) size 79x14
                text run at (1,1) width 79: "(36, 52) (36, 52)"
          RenderTableRow {TR} at (0,62) size 522x46
            RenderTableCell {TD} at (0,77) size 127x16 [r=2 c=0 rs=1 cs=1]
              RenderText {#text} at (1,1) size 50x14
                text run at (1,1) width 50: "padding: 0"
            RenderTableCell {TD} at (127,62) size 50x46 [r=2 c=1 rs=1 cs=1]
              RenderButton {BUTTON} at (3,3) size 44x40 [bgcolor=#C0C0C0] [border: (2px outset #C0C0C0)]
                RenderBlock (anonymous) at (17,10) size 10x18
                  RenderImage {IMG} at (0,4) size 10x10
            RenderTableCell {TD} at (177,77) size 119x16 [r=2 c=2 rs=1 cs=1]
              RenderText {#text} at (1,1) size 79x14
                text run at (1,1) width 79: "(40, 34) (36, 30)"
            RenderTableCell {TD} at (296,64) size 100x42 [r=2 c=3 rs=1 cs=1]
              RenderButton {INPUT} at (3,3) size 52x36 [color=#202020]
                RenderBlock (anonymous) at (15,8) size 22x18
                  RenderText at (0,0) size 22x17
                    text run at (0,0) width 22: "foo"
            RenderTableCell {TD} at (396,77) size 126x16 [r=2 c=4 rs=1 cs=1]
              RenderText {#text} at (1,1) size 79x14
                text run at (1,1) width 79: "(36, 52) (36, 52)"
          RenderTableRow {TR} at (0,108) size 522x46
            RenderTableCell {TD} at (0,123) size 127x16 [r=3 c=0 rs=1 cs=1]
              RenderText {#text} at (1,1) size 66x14
                text run at (1,1) width 66: "padding: 10%"
            RenderTableCell {TD} at (127,108) size 50x46 [r=3 c=1 rs=1 cs=1]
              RenderButton {BUTTON} at (3,3) size 44x40 [bgcolor=#C0C0C0] [border: (2px outset #C0C0C0)]
                RenderBlock (anonymous) at (17,10) size 10x18
                  RenderImage {IMG} at (0,4) size 10x10
            RenderTableCell {TD} at (177,123) size 119x16 [r=3 c=2 rs=1 cs=1]
              RenderText {#text} at (1,1) size 79x14
                text run at (1,1) width 79: "(40, 34) (36, 30)"
            RenderTableCell {TD} at (296,110) size 100x42 [r=3 c=3 rs=1 cs=1]
              RenderButton {INPUT} at (3,3) size 52x36 [color=#202020]
                RenderBlock (anonymous) at (15,8) size 22x18
                  RenderText at (0,0) size 22x17
                    text run at (0,0) width 22: "foo"
            RenderTableCell {TD} at (396,123) size 126x16 [r=3 c=4 rs=1 cs=1]
              RenderText {#text} at (1,1) size 79x14
                text run at (1,1) width 79: "(36, 52) (36, 52)"
          RenderTableRow {TR} at (0,154) size 522x46
            RenderTableCell {TD} at (0,169) size 127x16 [r=4 c=0 rs=1 cs=1]
              RenderText {#text} at (1,1) size 62x14
                text run at (1,1) width 62: "padding: 2px"
            RenderTableCell {TD} at (127,154) size 50x46 [r=4 c=1 rs=1 cs=1]
              RenderButton {BUTTON} at (3,3) size 44x40 [bgcolor=#C0C0C0] [border: (2px outset #C0C0C0)]
                RenderBlock (anonymous) at (17,10) size 10x18
                  RenderImage {IMG} at (0,4) size 10x10
            RenderTableCell {TD} at (177,169) size 119x16 [r=4 c=2 rs=1 cs=1]
              RenderText {#text} at (1,1) size 79x14
                text run at (1,1) width 79: "(40, 34) (36, 30)"
            RenderTableCell {TD} at (296,156) size 100x42 [r=4 c=3 rs=1 cs=1]
              RenderButton {INPUT} at (3,3) size 52x36 [color=#202020]
                RenderBlock (anonymous) at (15,8) size 22x18
                  RenderText at (0,0) size 22x17
                    text run at (0,0) width 22: "foo"
            RenderTableCell {TD} at (396,169) size 126x16 [r=4 c=4 rs=1 cs=1]
              RenderText {#text} at (1,1) size 79x14
                text run at (1,1) width 79: "(36, 52) (36, 52)"
          RenderTableRow {TR} at (0,200) size 522x46
            RenderTableCell {TD} at (0,215) size 127x16 [r=5 c=0 rs=1 cs=1]
              RenderText {#text} at (1,1) size 125x14
                text run at (1,1) width 125: "padding: 2px 6px 3px 6px"
            RenderTableCell {TD} at (127,200) size 50x46 [r=5 c=1 rs=1 cs=1]
              RenderButton {BUTTON} at (3,3) size 44x40 [bgcolor=#C0C0C0] [border: (2px outset #C0C0C0)]
                RenderBlock (anonymous) at (17,10) size 10x18
                  RenderImage {IMG} at (0,4) size 10x10
            RenderTableCell {TD} at (177,215) size 119x16 [r=5 c=2 rs=1 cs=1]
              RenderText {#text} at (1,1) size 79x14
                text run at (1,1) width 79: "(40, 34) (36, 30)"
            RenderTableCell {TD} at (296,202) size 100x42 [r=5 c=3 rs=1 cs=1]
              RenderButton {INPUT} at (3,3) size 52x36 [color=#202020]
                RenderBlock (anonymous) at (15,8) size 22x18
                  RenderText at (0,0) size 22x17
                    text run at (0,0) width 22: "foo"
            RenderTableCell {TD} at (396,215) size 126x16 [r=5 c=4 rs=1 cs=1]
              RenderText {#text} at (1,1) size 79x14
                text run at (1,1) width 79: "(36, 52) (36, 52)"
          RenderTableRow {TR} at (0,246) size 522x46
            RenderTableCell {TD} at (0,261) size 127x16 [r=6 c=0 rs=1 cs=1]
              RenderText {#text} at (1,1) size 83x14
                text run at (1,1) width 83: "padding: 3px 7px"
            RenderTableCell {TD} at (127,246) size 50x46 [r=6 c=1 rs=1 cs=1]
              RenderButton {BUTTON} at (3,3) size 44x40 [bgcolor=#C0C0C0] [border: (2px outset #C0C0C0)]
                RenderBlock (anonymous) at (17,10) size 10x18
                  RenderImage {IMG} at (0,4) size 10x10
            RenderTableCell {TD} at (177,261) size 119x16 [r=6 c=2 rs=1 cs=1]
              RenderText {#text} at (1,1) size 79x14
                text run at (1,1) width 79: "(40, 34) (36, 30)"
            RenderTableCell {TD} at (296,248) size 100x42 [r=6 c=3 rs=1 cs=1]
              RenderButton {INPUT} at (3,3) size 52x36 [color=#202020]
                RenderBlock (anonymous) at (15,8) size 22x18
                  RenderText at (0,0) size 22x17
                    text run at (0,0) width 22: "foo"
            RenderTableCell {TD} at (396,261) size 126x16 [r=6 c=4 rs=1 cs=1]
              RenderText {#text} at (1,1) size 79x14
                text run at (1,1) width 79: "(36, 52) (36, 52)"
          RenderTableRow {TR} at (0,292) size 522x46
            RenderTableCell {TD} at (0,307) size 127x16 [r=7 c=0 rs=1 cs=1]
              RenderText {#text} at (1,1) size 68x14
                text run at (1,1) width 68: "padding: 20px"
            RenderTableCell {TD} at (127,292) size 50x46 [r=7 c=1 rs=1 cs=1]
              RenderButton {BUTTON} at (3,3) size 44x40 [bgcolor=#C0C0C0] [border: (2px outset #C0C0C0)]
                RenderBlock (anonymous) at (17,10) size 10x18
                  RenderImage {IMG} at (0,4) size 10x10
            RenderTableCell {TD} at (177,307) size 119x16 [r=7 c=2 rs=1 cs=1]
              RenderText {#text} at (1,1) size 79x14
                text run at (1,1) width 79: "(40, 34) (36, 30)"
            RenderTableCell {TD} at (296,294) size 100x42 [r=7 c=3 rs=1 cs=1]
              RenderButton {INPUT} at (3,3) size 52x36 [color=#202020]
                RenderBlock (anonymous) at (15,8) size 22x18
                  RenderText at (0,0) size 22x17
                    text run at (0,0) width 22: "foo"
            RenderTableCell {TD} at (396,307) size 126x16 [r=7 c=4 rs=1 cs=1]
              RenderText {#text} at (1,1) size 79x14
                text run at (1,1) width 79: "(36, 52) (36, 52)"
