layer at (0,0) size 800x600
  RenderView at (0,0) size 800x600
layer at (0,0) size 800x340
  RenderBlock {HTML} at (0,0) size 800x340
    RenderBody {BODY} at (8,12) size 784x320
      RenderBlock {P} at (0,0) size 784x28
        RenderText {#text} at (0,0) size 236x14
          text run at (0,0) width 219: "This is a test of generated content in <button> "
          text run at (219,0) width 17: "for "
        RenderInline {I} at (0,0) size 756x28
          RenderInline {A} at (0,0) size 262x14 [color=#0000EE]
            RenderText {#text} at (236,0) size 262x14
              text run at (236,0) width 262: "http://bugzilla.opendarwin.org/show_bug.cgi?id=9561"
          RenderText {#text} at (498,0) size 756x28
            text run at (498,0) width 3: " "
            text run at (501,0) width 255: "REGRESSION: Content property on :before of button"
            text run at (0,14) width 142: "causes hang on click or hover"
        RenderText {#text} at (142,14) size 3x14
          text run at (142,14) width 3: "."
      RenderBlock {HR} at (0,40) size 784x2 [border: (1px inset #000000)]
      RenderBlock (anonymous) at (0,48) size 784x272
        RenderButton {BUTTON} at (2,2) size 56x30 [color=#0000FF] [bgcolor=#C0C0C0] [border: (2px outset #C0C0C0)]
          RenderBlock (anonymous) at (6,6) size 45x19
            RenderInline (generated) at (0,0) size 45x19
              RenderText at (0,0) size 45x19
                text run at (0,0) width 45: "before"
        RenderText {#text} at (60,12) size 3x14
          text run at (60,12) width 3: " "
        RenderButton {BUTTON} at (65,2) size 100x30 [color=#0000FF] [bgcolor=#C0C0C0] [border: (2px outset #C0C0C0)]
          RenderBlock (anonymous) at (6,6) size 89x19
            RenderInline (generated) at (0,0) size 45x19
              RenderText at (0,0) size 45x19
                text run at (0,0) width 45: "before"
            RenderText {#text} at (45,0) size 44x19
              text run at (45,0) width 44: "button"
        RenderText {#text} at (167,12) size 3x14
          text run at (167,12) width 3: " "
        RenderBR {BR} at (0,0) size 0x0
        RenderButton {BUTTON} at (2,36) size 42x30 [color=#0000FF] [bgcolor=#C0C0C0] [border: (2px outset #C0C0C0)]
          RenderBlock (anonymous) at (6,6) size 31x19
            RenderInline (generated) at (0,0) size 31x19
              RenderText at (0,0) size 31x19
                text run at (0,0) width 31: "after"
        RenderText {#text} at (46,46) size 3x14
          text run at (46,46) width 3: " "
        RenderButton {BUTTON} at (51,36) size 86x30 [color=#0000FF] [bgcolor=#C0C0C0] [border: (2px outset #C0C0C0)]
          RenderBlock (anonymous) at (6,6) size 75x19
            RenderText {#text} at (0,0) size 44x19
              text run at (0,0) width 44: "button"
            RenderInline (generated) at (0,0) size 31x19
              RenderText at (44,0) size 31x19
                text run at (44,0) width 31: "after"
        RenderText {#text} at (139,46) size 3x14
          text run at (139,46) width 3: " "
        RenderBR {BR} at (0,0) size 0x0
        RenderButton {BUTTON} at (2,78) size 11x11 [bgcolor=#C0C0C0] [border: (2px outset #C0C0C0)]
          RenderBlock (anonymous) at (6,6) size 0x0
        RenderText {#text} at (15,80) size 3x14
          text run at (15,80) width 3: " "
        RenderButton {BUTTON} at (20,70) size 55x30 [bgcolor=#C0C0C0] [border: (2px outset #C0C0C0)]
          RenderBlock (anonymous) at (6,6) size 44x19
            RenderText {#text} at (0,0) size 44x19
              text run at (0,0) width 44: "button"
        RenderText {#text} at (77,80) size 3x14
          text run at (77,80) width 3: " "
        RenderBR {BR} at (0,0) size 0x0
        RenderButton {BUTTON} at (2,112) size 11x11 [bgcolor=#C0C0C0] [border: (2px outset #C0C0C0)]
          RenderBlock (anonymous) at (6,6) size 0x0
        RenderText {#text} at (15,114) size 3x14
          text run at (15,114) width 3: " "
        RenderButton {BUTTON} at (20,104) size 55x30 [bgcolor=#C0C0C0] [border: (2px outset #C0C0C0)]
          RenderBlock (anonymous) at (6,6) size 44x19
            RenderText {#text} at (0,0) size 44x19
              text run at (0,0) width 44: "button"
        RenderText {#text} at (77,114) size 3x14
          text run at (77,114) width 3: " "
        RenderBR {BR} at (0,0) size 0x0
        RenderButton {BUTTON} at (2,138) size 56x30 [bgcolor=#C0C0C0] [border: (2px outset #C0C0C0)]
          RenderBlock (anonymous) at (6,6) size 45x19
            RenderInline (generated) at (0,0) size 45x19
              RenderText at (0,0) size 45x19
                text run at (0,0) width 45: "before"
        RenderText {#text} at (60,148) size 3x14
          text run at (60,148) width 3: " "
        RenderButton {BUTTON} at (65,138) size 100x30 [bgcolor=#C0C0C0] [border: (2px outset #C0C0C0)]
          RenderBlock (anonymous) at (6,6) size 89x19
            RenderInline (generated) at (0,0) size 45x19
              RenderText at (0,0) size 45x19
                text run at (0,0) width 45: "before"
            RenderText {#text} at (45,0) size 44x19
              text run at (45,0) width 44: "button"
        RenderText {#text} at (167,148) size 3x14
          text run at (167,148) width 3: " "
        RenderBR {BR} at (0,0) size 0x0
        RenderButton {BUTTON} at (2,172) size 42x30 [bgcolor=#C0C0C0] [border: (2px outset #C0C0C0)]
          RenderBlock (anonymous) at (6,6) size 31x19
            RenderInline (generated) at (0,0) size 31x19
              RenderText at (0,0) size 31x19
                text run at (0,0) width 31: "after"
        RenderText {#text} at (46,182) size 3x14
          text run at (46,182) width 3: " "
        RenderButton {BUTTON} at (51,172) size 86x30 [bgcolor=#C0C0C0] [border: (2px outset #C0C0C0)]
          RenderBlock (anonymous) at (6,6) size 75x19
            RenderText {#text} at (0,0) size 44x19
              text run at (0,0) width 44: "button"
            RenderInline (generated) at (0,0) size 31x19
              RenderText at (44,0) size 31x19
                text run at (44,0) width 31: "after"
        RenderText {#text} at (139,182) size 3x14
          text run at (139,182) width 3: " "
        RenderBR {BR} at (0,0) size 0x0
        RenderButton {BUTTON} at (2,206) size 56x30 [bgcolor=#C0C0C0] [border: (2px outset #C0C0C0)]
          RenderBlock (anonymous) at (6,6) size 45x19
            RenderInline (generated) at (0,0) size 45x19
              RenderText at (0,0) size 45x19
                text run at (0,0) width 45: "before"
        RenderText {#text} at (60,216) size 3x14
          text run at (60,216) width 3: " "
        RenderButton {BUTTON} at (65,206) size 100x30 [bgcolor=#C0C0C0] [border: (2px outset #C0C0C0)]
          RenderBlock (anonymous) at (6,6) size 89x19
            RenderInline (generated) at (0,0) size 45x19
              RenderText at (0,0) size 45x19
                text run at (0,0) width 45: "before"
            RenderText {#text} at (45,0) size 44x19
              text run at (45,0) width 44: "button"
        RenderText {#text} at (167,216) size 3x14
          text run at (167,216) width 3: " "
        RenderBR {BR} at (0,0) size 0x0
        RenderButton {BUTTON} at (2,240) size 42x30 [bgcolor=#C0C0C0] [border: (2px outset #C0C0C0)]
          RenderBlock (anonymous) at (6,6) size 31x19
            RenderInline (generated) at (0,0) size 31x19
              RenderText at (0,0) size 31x19
                text run at (0,0) width 31: "after"
        RenderText {#text} at (46,250) size 3x14
          text run at (46,250) width 3: " "
        RenderButton {BUTTON} at (51,240) size 86x30 [bgcolor=#C0C0C0] [border: (2px outset #C0C0C0)]
          RenderBlock (anonymous) at (6,6) size 75x19
            RenderText {#text} at (0,0) size 44x19
              text run at (0,0) width 44: "button"
            RenderInline (generated) at (0,0) size 31x19
              RenderText at (44,0) size 31x19
                text run at (44,0) width 31: "after"
        RenderText {#text} at (139,250) size 3x14
          text run at (139,250) width 3: " "
        RenderBR {BR} at (0,0) size 0x0
