layer at (0,0) size 800x600
  RenderView at (0,0) size 800x600
layer at (0,0) size 800x600
  RenderBlock {HTML} at (0,0) size 800x600
    RenderBody {BODY} at (8,8) size 784x580
      RenderBlock {P} at (0,0) size 784x14
        RenderText {#text} at (0,0) size 40x14
          text run at (0,0) width 40: "Test for "
        RenderInline {I} at (0,0) size 604x14
          RenderInline {A} at (0,0) size 226x14 [color=#0000EE]
            RenderText {#text} at (40,0) size 226x14
              text run at (40,0) width 226: "http://bugs.webkit.org/show_bug.cgi?id=15181"
          RenderText {#text} at (266,0) size 378x14
            text run at (266,0) width 3: " "
            text run at (269,0) width 375: "text-transform: uppercase not working in input (submit, reset, button) elements"
        RenderText {#text} at (644,0) size 3x14
          text run at (644,0) width 3: "."
      RenderBlock {P} at (0,26) size 784x44
        RenderButton {BUTTON} at (2,2) size 136x40 [bgcolor=#C0C0C0] [border: (2px outset #C0C0C0)]
          RenderBlock (anonymous) at (17,10) size 102x18
            RenderText {#text} at (0,0) size 102x17
              text run at (0,0) width 102: "UPPERCASE"
        RenderText {#text} at (140,15) size 3x14
          text run at (140,15) width 3: " "
        RenderButton {BUTTON} at (145,2) size 107x40 [bgcolor=#C0C0C0] [border: (2px outset #C0C0C0)]
          RenderBlock (anonymous) at (17,10) size 73x18
            RenderText {#text} at (0,0) size 73x17
              text run at (0,0) width 73: "lowercase"
        RenderText {#text} at (254,15) size 3x14
          text run at (254,15) width 3: " "
        RenderButton {BUTTON} at (259,2) size 106x40 [bgcolor=#C0C0C0] [border: (2px outset #C0C0C0)]
          RenderBlock (anonymous) at (17,10) size 72x18
            RenderText {#text} at (0,0) size 72x17
              text run at (0,0) width 72: "Capitalize"
        RenderText {#text} at (0,0) size 0x0
      RenderBlock {P} at (0,82) size 784x40
        RenderButton {INPUT} at (2,2) size 132x36 [color=#202020]
          RenderBlock (anonymous) at (15,8) size 102x18
            RenderText at (0,0) size 102x17
              text run at (0,0) width 102: "UPPERCASE"
        RenderText {#text} at (136,13) size 3x14
          text run at (136,13) width 3: " "
        RenderButton {INPUT} at (141,2) size 103x36 [color=#202020]
          RenderBlock (anonymous) at (15,8) size 73x18
            RenderText at (0,0) size 73x17
              text run at (0,0) width 73: "lowercase"
        RenderText {#text} at (246,13) size 3x14
          text run at (246,13) width 3: " "
        RenderButton {INPUT} at (251,2) size 102x36 [color=#202020]
          RenderBlock (anonymous) at (15,8) size 72x18
            RenderText at (0,0) size 72x17
              text run at (0,0) width 72: "Capitalize"
        RenderText {#text} at (0,0) size 0x0
