layer at (0,0) size 800x600
  RenderView at (0,0) size 800x600
layer at (0,0) size 800x600
  RenderBlock {HTML} at (0,0) size 800x600
    RenderBody {BODY} at (8,8) size 784x584
      RenderBlock (anonymous) at (0,0) size 784x14
        RenderText {#text} at (0,0) size 258x14
          text run at (0,0) width 258: "This tests that buttons don't honor table display styles. "
        RenderBR {BR} at (258,11) size 0x0
      RenderButton {INPUT} at (2,16) size 101x26 [color=#202020]
        RenderBlock (anonymous) at (4,4) size 94x19
          RenderText at (0,0) size 94x19
            text run at (0,0) width 94: "display: table"
      RenderButton {INPUT} at (2,44) size 101x26 [color=#202020]
        RenderBlock (anonymous) at (4,4) size 94x19
          RenderText at (0,0) size 94x19
            text run at (0,0) width 94: "display: table"
      RenderBlock (anonymous) at (0,72) size 784x410
        RenderBR {BR} at (0,0) size 0x14
        RenderBR {BR} at (0,14) size 0x14
        RenderButton {INPUT} at (2,30) size 145x26 [color=#202020]
          RenderBlock (anonymous) at (4,4) size 138x19
            RenderText at (0,0) size 138x19
              text run at (0,0) width 138: "display: inline-table"
        RenderText {#text} at (149,38) size 3x14
          text run at (149,38) width 3: " "
        RenderButton {INPUT} at (154,30) size 145x26 [color=#202020]
          RenderBlock (anonymous) at (4,4) size 138x19
            RenderText at (0,0) size 138x19
              text run at (0,0) width 138: "display: inline-table"
        RenderText {#text} at (301,38) size 3x14
          text run at (301,38) width 3: " "
        RenderBR {BR} at (304,49) size 0x0
        RenderBR {BR} at (0,58) size 0x14
        RenderButton {INPUT} at (2,74) size 178x26 [color=#202020]
          RenderBlock (anonymous) at (4,4) size 171x19
            RenderText at (0,0) size 171x19
              text run at (0,0) width 171: "display: table-row-group"
        RenderText {#text} at (182,82) size 3x14
          text run at (182,82) width 3: " "
        RenderButton {INPUT} at (187,74) size 178x26 [color=#202020]
          RenderBlock (anonymous) at (4,4) size 171x19
            RenderText at (0,0) size 171x19
              text run at (0,0) width 171: "display: table-row-group"
        RenderText {#text} at (367,82) size 3x14
          text run at (367,82) width 3: " "
        RenderBR {BR} at (370,93) size 0x0
        RenderBR {BR} at (0,102) size 0x14
        RenderButton {INPUT} at (2,118) size 202x26 [color=#202020]
          RenderBlock (anonymous) at (4,4) size 195x19
            RenderText at (0,0) size 195x19
              text run at (0,0) width 195: "display: table-header-group"
        RenderText {#text} at (206,126) size 3x14
          text run at (206,126) width 3: " "
        RenderButton {INPUT} at (211,118) size 202x26 [color=#202020]
          RenderBlock (anonymous) at (4,4) size 195x19
            RenderText at (0,0) size 195x19
              text run at (0,0) width 195: "display: table-header-group"
        RenderText {#text} at (415,126) size 3x14
          text run at (415,126) width 3: " "
        RenderBR {BR} at (418,137) size 0x0
        RenderBR {BR} at (0,146) size 0x14
        RenderButton {INPUT} at (2,162) size 192x26 [color=#202020]
          RenderBlock (anonymous) at (4,4) size 185x19
            RenderText at (0,0) size 185x19
              text run at (0,0) width 185: "display: table-footer-group"
        RenderText {#text} at (196,170) size 3x14
          text run at (196,170) width 3: " "
        RenderButton {INPUT} at (201,162) size 192x26 [color=#202020]
          RenderBlock (anonymous) at (4,4) size 185x19
            RenderText at (0,0) size 185x19
              text run at (0,0) width 185: "display: table-footer-group"
        RenderText {#text} at (395,170) size 3x14
          text run at (395,170) width 3: " "
        RenderBR {BR} at (398,181) size 0x0
        RenderBR {BR} at (0,190) size 0x14
        RenderButton {INPUT} at (2,206) size 132x26 [color=#202020]
          RenderBlock (anonymous) at (4,4) size 125x19
            RenderText at (0,0) size 125x19
              text run at (0,0) width 125: "display: table-row"
        RenderText {#text} at (136,214) size 3x14
          text run at (136,214) width 3: " "
        RenderButton {INPUT} at (141,206) size 132x26 [color=#202020]
          RenderBlock (anonymous) at (4,4) size 125x19
            RenderText at (0,0) size 125x19
              text run at (0,0) width 125: "display: table-row"
        RenderText {#text} at (275,214) size 3x14
          text run at (275,214) width 3: " "
        RenderBR {BR} at (278,225) size 0x0
        RenderBR {BR} at (0,234) size 0x14
        RenderButton {INPUT} at (2,250) size 204x26 [color=#202020]
          RenderBlock (anonymous) at (4,4) size 197x19
            RenderText at (0,0) size 197x19
              text run at (0,0) width 197: "display: table-column-group"
        RenderText {#text} at (208,258) size 3x14
          text run at (208,258) width 3: " "
        RenderButton {INPUT} at (213,250) size 204x26 [color=#202020]
          RenderBlock (anonymous) at (4,4) size 197x19
            RenderText at (0,0) size 197x19
              text run at (0,0) width 197: "display: table-column-group"
        RenderText {#text} at (419,258) size 3x14
          text run at (419,258) width 3: " "
        RenderBR {BR} at (422,269) size 0x0
        RenderBR {BR} at (0,278) size 0x14
        RenderButton {INPUT} at (2,294) size 158x26 [color=#202020]
          RenderBlock (anonymous) at (4,4) size 151x19
            RenderText at (0,0) size 151x19
              text run at (0,0) width 151: "display: table-column"
        RenderText {#text} at (162,302) size 3x14
          text run at (162,302) width 3: " "
        RenderButton {INPUT} at (167,294) size 158x26 [color=#202020]
          RenderBlock (anonymous) at (4,4) size 151x19
            RenderText at (0,0) size 151x19
              text run at (0,0) width 151: "display: table-column"
        RenderText {#text} at (327,302) size 3x14
          text run at (327,302) width 3: " "
        RenderBR {BR} at (330,313) size 0x0
        RenderBR {BR} at (0,322) size 0x14
        RenderButton {INPUT} at (2,338) size 131x26 [color=#202020]
          RenderBlock (anonymous) at (4,4) size 124x19
            RenderText at (0,0) size 124x19
              text run at (0,0) width 124: "display: table-cell"
        RenderText {#text} at (135,346) size 3x14
          text run at (135,346) width 3: " "
        RenderButton {INPUT} at (140,338) size 131x26 [color=#202020]
          RenderBlock (anonymous) at (4,4) size 124x19
            RenderText at (0,0) size 124x19
              text run at (0,0) width 124: "display: table-cell"
        RenderText {#text} at (273,346) size 3x14
          text run at (273,346) width 3: " "
        RenderBR {BR} at (276,357) size 0x0
        RenderBR {BR} at (0,366) size 0x14
        RenderButton {INPUT} at (2,382) size 158x26 [color=#202020]
          RenderBlock (anonymous) at (4,4) size 151x19
            RenderText at (0,0) size 151x19
              text run at (0,0) width 151: "display: table-caption"
        RenderText {#text} at (162,390) size 3x14
          text run at (162,390) width 3: " "
        RenderButton {INPUT} at (167,382) size 158x26 [color=#202020]
          RenderBlock (anonymous) at (4,4) size 151x19
            RenderText at (0,0) size 151x19
              text run at (0,0) width 151: "display: table-caption"
        RenderText {#text} at (0,0) size 0x0
