layer at (0,0) size 800x600
  RenderView at (0,0) size 800x600
layer at (0,0) size 800x600
  RenderBlock {HTML} at (0,0) size 800x600
    RenderBody {BODY} at (8,8) size 784x584
      RenderButton {BUTTON} at (0,9) size 59x28 [bgcolor=#C0C0C0] [border: (2px outset #C0C0C0)]
        RenderBlock (anonymous) at (17,10) size 25x6
          RenderText {#text} at (0,0) size 25x6
            text run at (0,0) width 25: "Test Button"
      RenderText {#text} at (59,13) size 3x14
        text run at (59,13) width 3: " "
      RenderButton {BUTTON} at (62,9) size 65x29 [bgcolor=#C0C0C0] [border: (2px outset #C0C0C0)]
        RenderBlock (anonymous) at (17,10) size 31x7
          RenderText {#text} at (0,0) size 31x6
            text run at (0,0) width 31: "Test Button"
      RenderText {#text} at (127,13) size 3x14
        text run at (127,13) width 3: " "
      RenderButton {BUTTON} at (130,8) size 71x30 [bgcolor=#C0C0C0] [border: (2px outset #C0C0C0)]
        RenderBlock (anonymous) at (17,10) size 37x8
          RenderText {#text} at (0,0) size 37x7
            text run at (0,0) width 37: "Test Button"
      RenderText {#text} at (201,13) size 3x14
        text run at (201,13) width 3: " "
      RenderButton {BUTTON} at (204,7) size 72x31 [bgcolor=#C0C0C0] [border: (2px outset #C0C0C0)]
        RenderBlock (anonymous) at (17,10) size 38x9
          RenderText {#text} at (0,0) size 38x9
            text run at (0,0) width 38: "Test Button"
      RenderText {#text} at (276,13) size 3x14
        text run at (276,13) width 3: " "
      RenderButton {BUTTON} at (279,6) size 83x32 [bgcolor=#C0C0C0] [border: (2px outset #C0C0C0)]
        RenderBlock (anonymous) at (17,10) size 49x10
          RenderText {#text} at (0,0) size 49x10
            text run at (0,0) width 49: "Test Button"
      RenderText {#text} at (362,13) size 3x14
        text run at (362,13) width 3: " "
      RenderButton {BUTTON} at (365,5) size 88x34 [bgcolor=#C0C0C0] [border: (2px outset #C0C0C0)]
        RenderBlock (anonymous) at (17,10) size 54x12
          RenderText {#text} at (0,0) size 54x11
            text run at (0,0) width 54: "Test Button"
      RenderText {#text} at (453,13) size 3x14
        text run at (453,13) width 3: " "
      RenderButton {BUTTON} at (458,4) size 90x35 [bgcolor=#C0C0C0] [border: (2px outset #C0C0C0)]
        RenderBlock (anonymous) at (17,10) size 56x13
          RenderText {#text} at (0,0) size 56x12
            text run at (0,0) width 56: "Test Button"
      RenderText {#text} at (550,13) size 3x14
        text run at (550,13) width 3: " "
      RenderButton {INPUT} at (555,2) size 111x36 [color=#202020]
        RenderBlock (anonymous) at (15,8) size 81x18
          RenderText at (0,0) size 81x17
            text run at (0,0) width 81: "Test Button"
      RenderText {#text} at (668,13) size 3x14
        text run at (668,13) width 3: " "
      RenderButton {BUTTON} at (673,3) size 95x36 [bgcolor=#C0C0C0] [border: (2px outset #C0C0C0)]
        RenderBlock (anonymous) at (17,10) size 61x14
          RenderText {#text} at (0,0) size 61x14
            text run at (0,0) width 61: "Test Button"
      RenderText {#text} at (770,13) size 3x14
        text run at (770,13) width 3: " "
      RenderButton {BUTTON} at (2,47) size 102x37 [bgcolor=#C0C0C0] [border: (2px outset #C0C0C0)]
        RenderBlock (anonymous) at (17,10) size 68x15
          RenderText {#text} at (0,0) size 68x15
            text run at (0,0) width 68: "Test Button"
      RenderText {#text} at (106,58) size 3x14
        text run at (106,58) width 3: " "
      RenderButton {BUTTON} at (111,46) size 107x38 [bgcolor=#C0C0C0] [border: (2px outset #C0C0C0)]
        RenderBlock (anonymous) at (17,10) size 73x16
          RenderText {#text} at (0,0) size 73x16
            text run at (0,0) width 73: "Test Button"
      RenderText {#text} at (220,58) size 3x14
        text run at (220,58) width 3: " "
      RenderButton {BUTTON} at (225,45) size 109x39 [bgcolor=#C0C0C0] [border: (2px outset #C0C0C0)]
        RenderBlock (anonymous) at (17,10) size 75x17
          RenderText {#text} at (0,0) size 75x17
            text run at (0,0) width 75: "Test Button"
      RenderText {#text} at (336,58) size 3x14
        text run at (336,58) width 3: " "
      RenderButton {BUTTON} at (341,45) size 115x40 [bgcolor=#C0C0C0] [border: (2px outset #C0C0C0)]
        RenderBlock (anonymous) at (17,10) size 81x18
          RenderText {#text} at (0,0) size 81x17
            text run at (0,0) width 81: "Test Button"
      RenderText {#text} at (458,58) size 3x14
        text run at (458,58) width 3: " "
      RenderButton {BUTTON} at (463,44) size 120x42 [bgcolor=#C0C0C0] [border: (2px outset #C0C0C0)]
        RenderBlock (anonymous) at (17,10) size 86x20
          RenderText {#text} at (0,0) size 86x19
            text run at (0,0) width 86: "Test Button"
      RenderText {#text} at (585,58) size 3x14
        text run at (585,58) width 3: " "
      RenderButton {BUTTON} at (590,43) size 126x43 [bgcolor=#C0C0C0] [border: (2px outset #C0C0C0)]
        RenderBlock (anonymous) at (17,10) size 92x21
          RenderText {#text} at (0,0) size 92x20
            text run at (0,0) width 92: "Test Button"
      RenderText {#text} at (718,58) size 3x14
        text run at (718,58) width 3: " "
      RenderButton {BUTTON} at (2,92) size 133x44 [bgcolor=#C0C0C0] [border: (2px outset #C0C0C0)]
        RenderBlock (anonymous) at (17,10) size 99x22
          RenderText {#text} at (0,0) size 99x21
            text run at (0,0) width 99: "Test Button"
      RenderText {#text} at (137,108) size 3x14
        text run at (137,108) width 3: " "
      RenderButton {BUTTON} at (142,91) size 137x45 [bgcolor=#C0C0C0] [border: (2px outset #C0C0C0)]
        RenderBlock (anonymous) at (17,10) size 103x23
          RenderText {#text} at (0,0) size 103x22
            text run at (0,0) width 103: "Test Button"
      RenderText {#text} at (281,108) size 3x14
        text run at (281,108) width 3: " "
      RenderButton {BUTTON} at (286,90) size 144x46 [bgcolor=#C0C0C0] [border: (2px outset #C0C0C0)]
        RenderBlock (anonymous) at (17,10) size 110x24
          RenderText {#text} at (0,0) size 110x23
            text run at (0,0) width 110: "Test Button"
      RenderText {#text} at (0,0) size 0x0
