layer at (0,0) size 800x600
  RenderView at (0,0) size 800x600
layer at (0,0) size 800x600
  RenderBlock {HTML} at (0,0) size 800x600
    RenderBody {BODY} at (8,8) size 784x584
      RenderBlock (anonymous) at (0,0) size 784x14
        RenderText {#text} at (0,0) size 425x14
          text run at (0,0) width 425: "This tests that clicking in a contenteditable div will set the caret in the right edge of the div "
        RenderBR {BR} at (425,11) size 0x0
      RenderBlock {P} at (0,26) size 784x14
        RenderText {#text} at (0,0) size 299x14
          text run at (0,0) width 299: "Click in the div, the caret should be on the right edge of the div."
      RenderBlock {DIV} at (0,52) size 200x276
caret: position 0 of child 5 {DIV} of body
