layer at (0,0) size 800x600
  RenderView at (0,0) size 800x600
layer at (0,0) size 800x600
  RenderBlock {HTML} at (0,0) size 800x600
    RenderBody {BODY} at (8,8) size 784x584
      RenderText {#text} at (0,0) size 390x14
        text run at (0,0) width 390: "This tests that we don't honor line-height for controls that have restricted font size. "
      RenderBR {BR} at (0,0) size 0x0
      RenderMenuList {SELECT} at (2,16) size 414x46 [color=#202020]
        RenderBlock (anonymous) at (15,10) size 358x26
          RenderText at (0,4) size 358x17
            text run at (0,4) width 358: "This text should be centered vertically in the button"
      RenderText {#text} at (418,33) size 3x14
        text run at (418,33) width 3: " "
      RenderBR {BR} at (0,0) size 0x0
      RenderButton {INPUT} at (2,66) size 388x44 [color=#202020]
        RenderBlock (anonymous) at (15,8) size 358x26
          RenderText at (0,4) size 358x17
            text run at (0,4) width 358: "This text should be centered vertically in the button"
      RenderText {#text} at (392,81) size 3x14
        text run at (392,81) width 3: " "
      RenderBR {BR} at (0,0) size 0x0
      RenderTextControl {INPUT} at (2,114) size 194x36 [color=#202020]
        RenderDeprecatedFlexibleBox {DIV} at (4,6) size 187x26
          RenderBlock {DIV} at (0,13) size 0x0
          RenderBlock {DIV} at (0,0) size 187x26
          RenderBlock {DIV} at (187,13) size 0x0
      RenderText {#text} at (0,0) size 0x0
layer at (14,128) size 187x26 scrollWidth 360
  RenderBlock {DIV} at (0,0) size 187x26
    RenderText {#text} at (1,4) size 358x17
      text run at (1,4) width 358: "This text should be centered vertically in the button"
