layer at (0,0) size 800x600
  RenderView at (0,0) size 800x600
layer at (0,0) size 800x600
  RenderBlock {HTML} at (0,0) size 800x600
    RenderBody {BODY} at (8,8) size 784x584
      RenderMenuList {SELECT} at (2,2) size 69x25 [color=#202020]
        RenderBlock (anonymous) at (5,2) size 44x19
          RenderText at (0,0) size 44x19
            text run at (0,0) width 44: "PASS"
      RenderBR {BR} at (73,19) size 0x0
      RenderMenuList {SELECT} at (2,31) size 69x25 [color=#202020]
        RenderBlock (anonymous) at (5,2) size 44x19
          RenderText at (0,0) size 44x19
            text run at (0,0) width 44: "PASS"
      RenderBR {BR} at (73,48) size 0x0
      RenderMenuList {SELECT} at (2,60) size 69x25 [color=#202020]
        RenderBlock (anonymous) at (5,2) size 44x19
          RenderText at (0,0) size 44x19
            text run at (0,0) width 44: "PASS"
      RenderBR {BR} at (73,77) size 0x0
      RenderMenuList {SELECT} at (2,89) size 69x25 [color=#202020]
        RenderBlock (anonymous) at (5,2) size 44x19
          RenderText at (0,0) size 44x19
            text run at (0,0) width 44: "PASS"
      RenderBR {BR} at (73,106) size 0x0
      RenderListBox {SELECT} at (2,118) size 50x81 [color=#808080] [bgcolor=#FFFFFF] [border: (1px inset #808080)]
      RenderBR {BR} at (54,194) size 0x0
      RenderListBox {SELECT} at (2,203) size 50x81 [color=#808080] [bgcolor=#FFFFFF] [border: (1px inset #808080)]
      RenderBR {BR} at (54,279) size 0x0
      RenderListBox {SELECT} at (2,288) size 50x81 [bgcolor=#FFFFFF] [border: (1px inset #808080)]
      RenderBR {BR} at (54,364) size 0x0
      RenderListBox {SELECT} at (2,373) size 50x81 [bgcolor=#FFFFFF] [border: (1px inset #808080)]
      RenderBR {BR} at (54,449) size 0x0
      RenderText {#text} at (0,456) size 366x14
        text run at (0,456) width 366: "PASS: sel1 correctly set to selectedIndex 1 by sel1.options[1].selected = true."
      RenderBR {BR} at (366,467) size 0x0
      RenderText {#text} at (0,470) size 329x14
        text run at (0,470) width 329: "PASS: sel2 correctly set to selectedIndex 1 by sel2.selectedIndex = 1."
      RenderBR {BR} at (329,481) size 0x0
      RenderText {#text} at (0,484) size 366x14
        text run at (0,484) width 366: "PASS: sel3 correctly set to selectedIndex 1 by sel3.options[1].selected = true."
      RenderBR {BR} at (366,495) size 0x0
      RenderText {#text} at (0,498) size 329x14
        text run at (0,498) width 329: "PASS: sel4 correctly set to selectedIndex 1 by sel4.selectedIndex = 1."
      RenderBR {BR} at (329,509) size 0x0
      RenderText {#text} at (0,512) size 366x14
        text run at (0,512) width 366: "PASS: sel5 correctly set to selectedIndex 1 by sel5.options[1].selected = true."
      RenderBR {BR} at (366,523) size 0x0
      RenderText {#text} at (0,526) size 329x14
        text run at (0,526) width 329: "PASS: sel6 correctly set to selectedIndex 1 by sel6.selectedIndex = 1."
      RenderBR {BR} at (329,537) size 0x0
      RenderText {#text} at (0,540) size 366x14
        text run at (0,540) width 366: "PASS: sel7 correctly set to selectedIndex 1 by sel7.options[1].selected = true."
      RenderBR {BR} at (366,551) size 0x0
      RenderText {#text} at (0,554) size 329x14
        text run at (0,554) width 329: "PASS: sel8 correctly set to selectedIndex 1 by sel8.selectedIndex = 1."
      RenderBR {BR} at (329,565) size 0x0
