layer at (0,0) size 800x600
  RenderView at (0,0) size 800x600
layer at (0,0) size 800x600
  RenderBlock {HTML} at (0,0) size 800x600
    RenderBody {BODY} at (8,8) size 784x584
      RenderBlock {FORM} at (0,0) size 784x32
        RenderTextControl {INPUT} at (2,2) size 194x28 [color=#202020]
        RenderText {#text} at (0,0) size 0x0
      RenderBlock (anonymous) at (0,44) size 784x14
        RenderText {#text} at (0,0) size 91x14
          text run at (0,0) width 91: "multipart/form-data"
layer at (14,16) size 187x18
  RenderBlock {DIV} at (4,6) size 187x18
