layer at (0,0) size 800x600
  RenderView at (0,0) size 800x600
layer at (0,0) size 800x331
  RenderBlock {HTML} at (0,0) size 800x331
    RenderBody {BODY} at (8,8) size 784x315
      RenderFieldSet {FIELDSET} at (2,0) size 780x315 [border: (2px groove #C0C0C0)]
        RenderBlock (floating) {DIV} at (11,6) size 300x300 [bgcolor=#008000]
        RenderBlock {DIV} at (11,6) size 758x50
          RenderText {#text} at (300,0) size 64x14
            text run at (300,0) width 64: "Other content"
