layer at (0,0) size 800x600
  RenderView at (0,0) size 800x600
layer at (0,0) size 800x600
  RenderBlock {HTML} at (0,0) size 800x600
    RenderBody {BODY} at (8,8) size 784x584
      RenderBlock (floating) {DIV} at (0,0) size 50x400 [bgcolor=#008000]
      RenderFieldSet {FIELDSET} at (50,0) size 730x41 [border: (2px groove #C0C0C0)]
        RenderBlock {LEGEND} at (11,0) size 61x14
          RenderText {#text} at (2,0) size 57x14
            text run at (2,0) width 57: "Hello world"
        RenderBlock (anonymous) at (11,18) size 708x14
          RenderText {#text} at (0,0) size 104x14
            text run at (0,0) width 104: "Some fieldset content."
