layer at (0,0) size 800x662
  RenderView at (0,0) size 800x600
layer at (0,0) size 800x662
  RenderBlock {HTML} at (0,0) size 800x662
    RenderBody {BODY} at (8,8) size 784x646
      RenderBlock {H1} at (0,0) size 784x28
        RenderText {#text} at (0,0) size 319x28
          text run at (0,0) width 319: "Form Element Geometry Tests"
      RenderBlock {P} at (0,44) size 784x14
        RenderText {#text} at (0,0) size 405x14
          text run at (0,0) width 405: "These tests help us tune the widget classes in KWQ to have all the right fudge factors."
      RenderBlock {H2} at (0,72) size 784x21
        RenderText {#text} at (0,0) size 125x21
          text run at (0,0) width 125: "Bounding Boxes"
      RenderTable {TABLE} at (0,107) size 174x36
        RenderTableSection {TBODY} at (0,0) size 174x36
          RenderTableRow {TR} at (0,2) size 174x32
            RenderTableCell {TD} at (2,2) size 57x32 [r=0 c=0 rs=1 cs=1]
              RenderBlock {DIV} at (1,1) size 55x30 [border: (2px solid #0000FF)]
                RenderInline {FONT} at (0,0) size 51x21
                  RenderButton {INPUT} at (2,2) size 51x26 [color=#202020]
                    RenderBlock (anonymous) at (4,4) size 44x19
                      RenderText at (0,0) size 44x19
                        text run at (0,0) width 44: "button"
            RenderTableCell {TD} at (61,2) size 71x31 [r=0 c=1 rs=1 cs=1]
              RenderBlock {DIV} at (1,1) size 69x29 [border: (2px solid #0000FF)]
                RenderInline {FONT} at (0,0) size 65x21
                  RenderMenuList {SELECT} at (2,2) size 65x25 [color=#202020]
                    RenderBlock (anonymous) at (5,2) size 40x19
                      RenderText at (0,0) size 40x19
                        text run at (0,0) width 40: "menu"
            RenderTableCell {TD} at (134,9) size 18x18 [r=0 c=2 rs=1 cs=1]
              RenderBlock {DIV} at (1,1) size 16x16 [border: (2px solid #0000FF)]
                RenderInline {FONT} at (0,0) size 12x21
                  RenderBlock {INPUT} at (2,2) size 12x12
            RenderTableCell {TD} at (154,9) size 18x18 [r=0 c=3 rs=1 cs=1]
              RenderBlock {DIV} at (1,1) size 16x16 [border: (2px solid #0000FF)]
                RenderInline {FONT} at (0,0) size 12x21
                  RenderBlock {INPUT} at (2,2) size 12x12
      RenderTable {TABLE} at (0,143) size 174x36
        RenderTableSection {TBODY} at (0,0) size 174x36
          RenderTableRow {TR} at (0,2) size 174x32
            RenderTableCell {TD} at (2,2) size 57x32 [r=0 c=0 rs=1 cs=1]
              RenderBlock {DIV} at (1,1) size 55x30 [border: (2px solid #0000FF)]
                RenderButton {INPUT} at (2,2) size 51x26 [color=#202020]
                  RenderBlock (anonymous) at (4,4) size 44x19
                    RenderText at (0,0) size 44x19
                      text run at (0,0) width 44: "button"
            RenderTableCell {TD} at (61,2) size 71x31 [r=0 c=1 rs=1 cs=1]
              RenderBlock {DIV} at (1,1) size 69x29 [border: (2px solid #0000FF)]
                RenderMenuList {SELECT} at (2,2) size 65x25 [color=#202020]
                  RenderBlock (anonymous) at (5,2) size 40x19
                    RenderText at (0,0) size 40x19
                      text run at (0,0) width 40: "menu"
            RenderTableCell {TD} at (134,9) size 18x18 [r=0 c=2 rs=1 cs=1]
              RenderBlock {DIV} at (1,1) size 16x16 [border: (2px solid #0000FF)]
                RenderBlock {INPUT} at (2,2) size 12x12
            RenderTableCell {TD} at (154,9) size 18x18 [r=0 c=3 rs=1 cs=1]
              RenderBlock {DIV} at (1,1) size 16x16 [border: (2px solid #0000FF)]
                RenderBlock {INPUT} at (2,2) size 12x12
      RenderTable {TABLE} at (0,179) size 174x36
        RenderTableSection {TBODY} at (0,0) size 174x36
          RenderTableRow {TR} at (0,2) size 174x32
            RenderTableCell {TD} at (2,2) size 57x32 [r=0 c=0 rs=1 cs=1]
              RenderBlock {DIV} at (1,1) size 55x30 [border: (2px solid #0000FF)]
                RenderInline {FONT} at (0,0) size 51x11
                  RenderButton {INPUT} at (2,2) size 51x26 [color=#202020]
                    RenderBlock (anonymous) at (4,4) size 44x19
                      RenderText at (0,0) size 44x19
                        text run at (0,0) width 44: "button"
            RenderTableCell {TD} at (61,2) size 71x31 [r=0 c=1 rs=1 cs=1]
              RenderBlock {DIV} at (1,1) size 69x29 [border: (2px solid #0000FF)]
                RenderInline {FONT} at (0,0) size 65x11
                  RenderMenuList {SELECT} at (2,2) size 65x25 [color=#202020]
                    RenderBlock (anonymous) at (5,2) size 40x19
                      RenderText at (0,0) size 40x19
                        text run at (0,0) width 40: "menu"
            RenderTableCell {TD} at (134,9) size 18x18 [r=0 c=2 rs=1 cs=1]
              RenderBlock {DIV} at (1,1) size 16x16 [border: (2px solid #0000FF)]
                RenderInline {FONT} at (0,0) size 12x11
                  RenderBlock {INPUT} at (2,2) size 12x12
            RenderTableCell {TD} at (154,9) size 18x18 [r=0 c=3 rs=1 cs=1]
              RenderBlock {DIV} at (1,1) size 16x16 [border: (2px solid #0000FF)]
                RenderInline {FONT} at (0,0) size 12x11
                  RenderBlock {INPUT} at (2,2) size 12x12
      RenderTable {TABLE} at (0,215) size 662x91
        RenderTableSection {TBODY} at (0,0) size 662x91
          RenderTableRow {TR} at (0,2) size 662x87
            RenderTableCell {TD} at (2,2) size 111x35 [r=0 c=0 rs=1 cs=1]
              RenderBlock {DIV} at (1,1) size 109x33 [border: (2px solid #0000FF)]
                RenderTextControl {INPUT} at (2,2) size 105x29 [color=#202020]
            RenderTableCell {TD} at (115,2) size 32x87 [r=0 c=1 rs=1 cs=1]
              RenderBlock {DIV} at (1,1) size 30x85 [border: (2px solid #0000FF)]
                RenderListBox {SELECT} at (2,2) size 26x81 [bgcolor=#FFFFFF] [border: (1px inset #808080)]
            RenderTableCell {TD} at (149,2) size 312x32 [r=0 c=2 rs=1 cs=1]
              RenderBlock {DIV} at (1,1) size 310x30 [border: (2px solid #0000FF)]
                RenderFileUploadControl {INPUT} at (2,2) size 306x26 "No file selected"
                  RenderButton {INPUT} at (0,0) size 94x26 [color=#202020]
                    RenderBlock (anonymous) at (4,4) size 87x19
                      RenderText at (0,0) size 87x19
                        text run at (0,0) width 87: "Choose File"
            RenderTableCell {TD} at (463,2) size 197x58 [r=0 c=3 rs=1 cs=1]
              RenderBlock {DIV} at (1,1) size 195x56 [border: (2px solid #0000FF)]
      RenderBlock {H2} at (0,320) size 784x21
        RenderText {#text} at (0,0) size 150x21
          text run at (0,0) width 150: "Baseline Alignment"
      RenderBlock {DIV} at (0,355) size 784x31
        RenderInline {FONT} at (0,0) size 211x21
          RenderText {#text} at (0,4) size 32x21
            text run at (0,4) width 32: "text "
          RenderButton {INPUT} at (34,2) size 51x26 [color=#202020]
            RenderBlock (anonymous) at (4,4) size 44x19
              RenderText at (0,0) size 44x19
                text run at (0,0) width 44: "button"
          RenderText {#text} at (87,4) size 5x21
            text run at (87,4) width 5: " "
          RenderMenuList {SELECT} at (94,4) size 65x25 [color=#202020]
            RenderBlock (anonymous) at (5,2) size 40x19
              RenderText at (0,0) size 40x19
                text run at (0,0) width 40: "menu"
          RenderText {#text} at (161,4) size 5x21
            text run at (161,4) width 5: " "
          RenderBlock {INPUT} at (170,12) size 12x12
          RenderText {#text} at (186,4) size 5x21
            text run at (186,4) width 5: " "
          RenderBlock {INPUT} at (195,12) size 12x12
          RenderText {#text} at (0,0) size 0x0
      RenderBlock {DIV} at (0,386) size 784x31
        RenderText {#text} at (0,10) size 20x14
          text run at (0,10) width 20: "text "
        RenderButton {INPUT} at (22,2) size 51x26 [color=#202020]
          RenderBlock (anonymous) at (4,4) size 44x19
            RenderText at (0,0) size 44x19
              text run at (0,0) width 44: "button"
        RenderText {#text} at (75,10) size 3x14
          text run at (75,10) width 3: " "
        RenderMenuList {SELECT} at (80,4) size 65x25 [color=#202020]
          RenderBlock (anonymous) at (5,2) size 40x19
            RenderText at (0,0) size 40x19
              text run at (0,0) width 40: "menu"
        RenderText {#text} at (147,10) size 3x14
          text run at (147,10) width 3: " "
        RenderBlock {INPUT} at (154,12) size 12x12
        RenderText {#text} at (170,10) size 3x14
          text run at (170,10) width 3: " "
        RenderBlock {INPUT} at (177,12) size 12x12
        RenderText {#text} at (0,0) size 0x0
      RenderBlock {DIV} at (0,417) size 784x31
        RenderInline {FONT} at (0,0) size 187x11
          RenderText {#text} at (0,12) size 17x11
            text run at (0,12) width 17: "text "
          RenderButton {INPUT} at (19,2) size 51x26 [color=#202020]
            RenderBlock (anonymous) at (4,4) size 44x19
              RenderText at (0,0) size 44x19
                text run at (0,0) width 44: "button"
          RenderText {#text} at (72,12) size 2x11
            text run at (72,12) width 2: " "
          RenderMenuList {SELECT} at (76,4) size 65x25 [color=#202020]
            RenderBlock (anonymous) at (5,2) size 40x19
              RenderText at (0,0) size 40x19
                text run at (0,0) width 40: "menu"
          RenderText {#text} at (143,12) size 2x11
            text run at (143,12) width 2: " "
          RenderBlock {INPUT} at (149,12) size 12x12
          RenderText {#text} at (165,12) size 2x11
            text run at (165,12) width 2: " "
          RenderBlock {INPUT} at (171,12) size 12x12
          RenderText {#text} at (0,0) size 0x0
      RenderBlock {DIV} at (0,448) size 784x62
        RenderText {#text} at (0,41) size 20x14
          text run at (0,41) width 20: "text "
        RenderTextControl {INPUT} at (22,31) size 105x29 [color=#202020]
        RenderText {#text} at (129,41) size 3x14
          text run at (129,41) width 3: " "
        RenderFileUploadControl {INPUT} at (134,33) size 306x26 "No file selected"
          RenderButton {INPUT} at (0,0) size 94x26 [color=#202020]
            RenderBlock (anonymous) at (4,4) size 87x19
              RenderText at (0,0) size 87x19
                text run at (0,0) width 87: "Choose File"
        RenderText {#text} at (442,41) size 3x14
          text run at (442,41) width 3: " "
        RenderText {#text} at (0,0) size 0x0
      RenderBlock {H2} at (0,524) size 784x21
        RenderText {#text} at (0,0) size 149x21
          text run at (0,0) width 149: "Pop-up Menu Sizes"
      RenderBlock {DIV} at (0,559) size 784x29
        RenderInline {FONT} at (0,0) size 165x21
          RenderText {#text} at (0,0) size 0x0
          RenderMenuList {SELECT} at (2,2) size 25x25 [color=#202020]
            RenderBlock (anonymous) at (5,2) size 0x19
              RenderBR at (0,0) size 0x19
          RenderText {#text} at (29,2) size 5x21
            text run at (29,2) width 5: " "
          RenderMenuList {SELECT} at (36,2) size 29x25 [color=#202020]
            RenderBlock (anonymous) at (5,2) size 4x19
              RenderText at (0,0) size 4x19
                text run at (0,0) width 4: "|"
          RenderText {#text} at (67,2) size 5x21
            text run at (67,2) width 5: " "
          RenderMenuList {SELECT} at (74,2) size 89x25 [color=#202020]
            RenderBlock (anonymous) at (5,2) size 64x19
              RenderText at (0,0) size 64x19
                text run at (0,0) width 64: "xxxxxxxx"
          RenderText {#text} at (0,0) size 0x0
      RenderBlock {DIV} at (0,588) size 784x29
        RenderMenuList {SELECT} at (2,2) size 25x25 [color=#202020]
          RenderBlock (anonymous) at (5,2) size 0x19
            RenderBR at (0,0) size 0x19
        RenderText {#text} at (29,8) size 3x14
          text run at (29,8) width 3: " "
        RenderMenuList {SELECT} at (34,2) size 29x25 [color=#202020]
          RenderBlock (anonymous) at (5,2) size 4x19
            RenderText at (0,0) size 4x19
              text run at (0,0) width 4: "|"
        RenderText {#text} at (65,8) size 3x14
          text run at (65,8) width 3: " "
        RenderMenuList {SELECT} at (70,2) size 89x25 [color=#202020]
          RenderBlock (anonymous) at (5,2) size 64x19
            RenderText at (0,0) size 64x19
              text run at (0,0) width 64: "xxxxxxxx"
        RenderText {#text} at (0,0) size 0x0
      RenderBlock {DIV} at (0,617) size 784x29
        RenderInline {FONT} at (0,0) size 159x11
          RenderText {#text} at (0,0) size 0x0
          RenderMenuList {SELECT} at (2,2) size 25x25 [color=#202020]
            RenderBlock (anonymous) at (5,2) size 0x19
              RenderBR at (0,0) size 0x19
          RenderText {#text} at (29,10) size 2x11
            text run at (29,10) width 2: " "
          RenderMenuList {SELECT} at (33,2) size 29x25 [color=#202020]
            RenderBlock (anonymous) at (5,2) size 4x19
              RenderText at (0,0) size 4x19
                text run at (0,0) width 4: "|"
          RenderText {#text} at (64,10) size 2x11
            text run at (64,10) width 2: " "
          RenderMenuList {SELECT} at (68,2) size 89x25 [color=#202020]
            RenderBlock (anonymous) at (5,2) size 64x19
              RenderText at (0,0) size 64x19
                text run at (0,0) width 64: "xxxxxxxx"
          RenderText {#text} at (0,0) size 0x0
layer at (17,234) size 98x19
  RenderBlock {DIV} at (4,6) size 98x19
    RenderText {#text} at (1,0) size 59x19
      text run at (1,0) width 59: "text field"
layer at (476,230) size 187x48
  RenderTextControl {TEXTAREA} at (4,4) size 187x48 [color=#202020]
    RenderBlock {DIV} at (4,6) size 180x19
      RenderText {#text} at (0,0) size 57x19
        text run at (0,0) width 57: "textarea"
layer at (34,493) size 98x19
  RenderBlock {DIV} at (4,6) size 98x19
    RenderText {#text} at (1,0) size 59x19
      text run at (1,0) width 59: "text field"
layer at (455,458) size 187x48
  RenderTextControl {TEXTAREA} at (447,2) size 187x48 [color=#202020]
    RenderBlock {DIV} at (4,6) size 180x19
      RenderText {#text} at (0,0) size 57x19
        text run at (0,0) width 57: "textarea"
