layer at (0,0) size 800x600
  RenderView at (0,0) size 800x600
layer at (0,0) size 800x600
  RenderBlock {HTML} at (0,0) size 800x600
    RenderBody {BODY} at (8,8) size 784x584
      RenderBlock {P} at (0,0) size 784x14
        RenderText {#text} at (0,0) size 415x14
          text run at (0,0) width 415: "This page has a few tables within form elements within divs with various display styles."
      RenderBlock {P} at (0,26) size 784x14
        RenderText {#text} at (0,0) size 20x14
          text run at (0,0) width 20: "See "
        RenderInline {A} at (0,0) size 89x14 [color=#0000EE]
          RenderText {#text} at (20,0) size 89x14
            text run at (20,0) width 89: "Bugzilla Bug 4977"
        RenderText {#text} at (109,0) size 3x14
          text run at (109,0) width 3: "."
      RenderBlock {DIV} at (0,52) size 784x20
        RenderBlock (anonymous) at (0,0) size 784x0
          RenderInline {DIV} at (0,0) size 0x0
        RenderBlock (anonymous) at (0,0) size 784x20
          RenderBlock {FORM} at (0,0) size 784x20
            RenderTable {TABLE} at (0,0) size 72x20
              RenderTableSection {TBODY} at (0,0) size 72x20
                RenderTableRow {TR} at (0,2) size 72x16
                  RenderTableCell {TD} at (2,2) size 68x16 [r=0 c=0 rs=1 cs=1]
                    RenderText {#text} at (1,1) size 66x14
                      text run at (1,1) width 66: "display: inline"
        RenderBlock (anonymous) at (0,32) size 784x0
          RenderInline {DIV} at (0,0) size 0x0
      RenderBlock {DIV} at (0,84) size 784x20
        RenderBlock {DIV} at (0,0) size 784x20
          RenderBlock {FORM} at (0,0) size 784x20
            RenderTable {TABLE} at (0,0) size 72x20
              RenderTableSection {TBODY} at (0,0) size 72x20
                RenderTableRow {TR} at (0,2) size 72x16
                  RenderTableCell {TD} at (2,2) size 68x16 [r=0 c=0 rs=1 cs=1]
                    RenderText {#text} at (1,1) size 66x14
                      text run at (1,1) width 66: "display: block"
      RenderBlock {DIV} at (0,116) size 784x34
        RenderListItem {DIV} at (0,0) size 784x34
          RenderBlock (anonymous) at (0,0) size 784x14
            RenderListMarker at (-15,0) size 6x14: bullet
          RenderBlock {FORM} at (0,14) size 784x20
            RenderTable {TABLE} at (0,0) size 84x20
              RenderTableSection {TBODY} at (0,0) size 84x20
                RenderTableRow {TR} at (0,2) size 84x16
                  RenderTableCell {TD} at (2,2) size 80x16 [r=0 c=0 rs=1 cs=1]
                    RenderText {#text} at (1,1) size 78x14
                      text run at (1,1) width 78: "display: list-item"
      RenderBlock {DIV} at (0,162) size 784x20
        RenderBlock (run-in) {DIV} at (0,0) size 784x20
          RenderBlock {FORM} at (0,0) size 784x20
            RenderTable {TABLE} at (0,0) size 75x20
              RenderTableSection {TBODY} at (0,0) size 75x20
                RenderTableRow {TR} at (0,2) size 75x16
                  RenderTableCell {TD} at (2,2) size 71x16 [r=0 c=0 rs=1 cs=1]
                    RenderText {#text} at (1,1) size 69x14
                      text run at (1,1) width 69: "display: run-in"
      RenderBlock {DIV} at (0,194) size 784x20
        RenderBlock {DIV} at (0,0) size 784x20
          RenderBlock {FORM} at (0,0) size 784x20
            RenderTable {TABLE} at (0,0) size 85x20
              RenderTableSection {TBODY} at (0,0) size 85x20
                RenderTableRow {TR} at (0,2) size 85x16
                  RenderTableCell {TD} at (2,2) size 81x16 [r=0 c=0 rs=1 cs=1]
                    RenderText {#text} at (1,1) size 79x14
                      text run at (1,1) width 79: "display: compact"
      RenderBlock {DIV} at (0,226) size 784x32
        RenderBlock {DIV} at (0,0) size 102x32
          RenderBlock {FORM} at (0,0) size 102x20
            RenderTable {TABLE} at (0,0) size 102x20
              RenderTableSection {TBODY} at (0,0) size 102x20
                RenderTableRow {TR} at (0,2) size 102x16
                  RenderTableCell {TD} at (2,2) size 98x16 [r=0 c=0 rs=1 cs=1]
                    RenderText {#text} at (1,1) size 96x14
                      text run at (1,1) width 96: "display: inline-block"
      RenderBlock {DIV} at (0,258) size 784x32
        RenderTable {DIV} at (0,0) size 68x32
          RenderTableSection (anonymous) at (0,0) size 68x32
            RenderTableRow (anonymous) at (0,0) size 68x32
              RenderTableCell (anonymous) at (0,0) size 68x32 [r=0 c=0 rs=1 cs=1]
                RenderBlock {FORM} at (0,0) size 68x20
                  RenderTable {TABLE} at (0,0) size 68x20
                    RenderTableSection {TBODY} at (0,0) size 68x20
                      RenderTableRow {TR} at (0,2) size 68x16
                        RenderTableCell {TD} at (2,2) size 64x16 [r=0 c=0 rs=1 cs=1]
                          RenderText {#text} at (1,1) size 62x14
                            text run at (1,1) width 62: "display: table"
      RenderBlock {DIV} at (0,290) size 784x32
        RenderTable {DIV} at (0,0) size 98x32
          RenderTableSection (anonymous) at (0,0) size 98x32
            RenderTableRow (anonymous) at (0,0) size 98x32
              RenderTableCell (anonymous) at (0,0) size 98x32 [r=0 c=0 rs=1 cs=1]
                RenderBlock {FORM} at (0,0) size 98x20
                  RenderTable {TABLE} at (0,0) size 98x20
                    RenderTableSection {TBODY} at (0,0) size 98x20
                      RenderTableRow {TR} at (0,2) size 98x16
                        RenderTableCell {TD} at (2,2) size 94x16 [r=0 c=0 rs=1 cs=1]
                          RenderText {#text} at (1,1) size 92x14
                            text run at (1,1) width 92: "display: inline-table"
      RenderBlock {DIV} at (0,322) size 784x32
        RenderTable at (0,0) size 123x32
          RenderTableSection {DIV} at (0,0) size 123x32
            RenderTableRow (anonymous) at (0,0) size 123x32
              RenderTableCell (anonymous) at (0,0) size 123x32 [r=0 c=0 rs=1 cs=1]
                RenderBlock {FORM} at (0,0) size 123x20
                  RenderTable {TABLE} at (0,0) size 123x20
                    RenderTableSection {TBODY} at (0,0) size 123x20
                      RenderTableRow {TR} at (0,2) size 123x16
                        RenderTableCell {TD} at (2,2) size 119x16 [r=0 c=0 rs=1 cs=1]
                          RenderText {#text} at (1,1) size 117x14
                            text run at (1,1) width 117: "display: table-row-group"
      RenderBlock {DIV} at (0,354) size 784x32
        RenderTable at (0,0) size 135x32
          RenderTableSection {DIV} at (0,0) size 135x32
            RenderTableRow (anonymous) at (0,0) size 135x32
              RenderTableCell (anonymous) at (0,0) size 135x32 [r=0 c=0 rs=1 cs=1]
                RenderBlock {FORM} at (0,0) size 135x20
                  RenderTable {TABLE} at (0,0) size 135x20
                    RenderTableSection {TBODY} at (0,0) size 135x20
                      RenderTableRow {TR} at (0,2) size 135x16
                        RenderTableCell {TD} at (2,2) size 131x16 [r=0 c=0 rs=1 cs=1]
                          RenderText {#text} at (1,1) size 129x14
                            text run at (1,1) width 129: "display: table-header-group"
      RenderBlock {DIV} at (0,386) size 784x32
        RenderTable at (0,0) size 132x32
          RenderTableSection {DIV} at (0,0) size 132x32
            RenderTableRow (anonymous) at (0,0) size 132x32
              RenderTableCell (anonymous) at (0,0) size 132x32 [r=0 c=0 rs=1 cs=1]
                RenderBlock {FORM} at (0,0) size 132x20
                  RenderTable {TABLE} at (0,0) size 132x20
                    RenderTableSection {TBODY} at (0,0) size 132x20
                      RenderTableRow {TR} at (0,2) size 132x16
                        RenderTableCell {TD} at (2,2) size 128x16 [r=0 c=0 rs=1 cs=1]
                          RenderText {#text} at (1,1) size 126x14
                            text run at (1,1) width 126: "display: table-footer-group"
      RenderBlock {DIV} at (0,418) size 784x32
        RenderTable at (0,0) size 91x32
          RenderTableSection (anonymous) at (0,0) size 91x32
            RenderTableRow {DIV} at (0,0) size 91x32
              RenderTableCell (anonymous) at (0,0) size 91x32 [r=0 c=0 rs=1 cs=1]
                RenderBlock {FORM} at (0,0) size 91x20
                  RenderTable {TABLE} at (0,0) size 91x20
                    RenderTableSection {TBODY} at (0,0) size 91x20
                      RenderTableRow {TR} at (0,2) size 91x16
                        RenderTableCell {TD} at (2,2) size 87x16 [r=0 c=0 rs=1 cs=1]
                          RenderText {#text} at (1,1) size 85x14
                            text run at (1,1) width 85: "display: table-row"
      RenderBlock {DIV} at (0,450) size 784x0
        RenderTable at (0,0) size 0x0
          RenderTableCol {DIV} at (0,0) size 0x0
      RenderBlock {DIV} at (0,450) size 784x0
        RenderTableCol {DIV} at (0,0) size 0x0
      RenderBlock {DIV} at (0,450) size 784x32
        RenderTable at (0,0) size 88x32
          RenderTableSection (anonymous) at (0,0) size 88x32
            RenderTableRow (anonymous) at (0,0) size 88x32
              RenderTableCell {DIV} at (0,0) size 88x32 [r=0 c=0 rs=1 cs=1]
                RenderBlock {FORM} at (0,0) size 88x20
                  RenderTable {TABLE} at (0,0) size 88x20
                    RenderTableSection {TBODY} at (0,0) size 88x20
                      RenderTableRow {TR} at (0,2) size 88x16
                        RenderTableCell {TD} at (2,2) size 84x16 [r=0 c=0 rs=1 cs=1]
                          RenderText {#text} at (1,1) size 82x14
                            text run at (1,1) width 82: "display: table-cell"
      RenderBlock {DIV} at (0,482) size 784x48
        RenderTable at (0,0) size 43x48
          RenderBlock {DIV} at (0,0) size 43x48
            RenderBlock {FORM} at (0,0) size 43x48
              RenderTable {TABLE} at (0,0) size 43x48
                RenderTableSection {TBODY} at (0,0) size 43x48
                  RenderTableRow {TR} at (0,2) size 43x44
                    RenderTableCell {TD} at (2,2) size 39x44 [r=0 c=0 rs=1 cs=1]
                      RenderText {#text} at (1,1) size 37x42
                        text run at (1,1) width 37: "display:"
                        text run at (1,15) width 26: "table-"
                        text run at (1,29) width 34: "caption"
