layer at (0,0) size 800x600
  RenderView at (0,0) size 800x600
layer at (0,0) size 800x600
  RenderBlock {HTML} at (0,0) size 800x600
    RenderBody {BODY} at (8,8) size 784x584
      RenderText {#text} at (0,0) size 224x14
        text run at (0,0) width 224: "With the label empty, the enclosing text is used."
      RenderBR {BR} at (224,11) size 0x0
      RenderMenuList {SELECT} at (2,16) size 418x38 [color=#202020]
        RenderBlock (anonymous) at (15,10) size 362x18
          RenderText at (0,0) size 362x17
            text run at (0,0) width 362: "empty label should display empty string to match IE"
      RenderText {#text} at (0,0) size 0x0
