layer at (0,0) size 800x600
  RenderView at (0,0) size 800x600
layer at (0,0) size 800x600
  RenderBlock {HTML} at (0,0) size 800x600
    RenderBody {BODY} at (8,8) size 784x584
      RenderButton {INPUT} at (0,9) size 55x24 [color=#202020]
        RenderBlock (anonymous) at (15,8) size 25x6
          RenderText at (0,0) size 25x6
            text run at (0,0) width 25: "Test Button"
      RenderText {#text} at (55,11) size 3x14
        text run at (55,11) width 3: " "
      RenderButton {INPUT} at (58,9) size 61x25 [color=#202020]
        RenderBlock (anonymous) at (15,8) size 31x7
          RenderText at (0,0) size 31x6
            text run at (0,0) width 31: "Test Button"
      RenderText {#text} at (119,11) size 3x14
        text run at (119,11) width 3: " "
      RenderButton {INPUT} at (122,8) size 67x26 [color=#202020]
        RenderBlock (anonymous) at (15,8) size 37x8
          RenderText at (0,0) size 37x7
            text run at (0,0) width 37: "Test Button"
      RenderText {#text} at (189,11) size 3x14
        text run at (189,11) width 3: " "
      RenderButton {INPUT} at (192,7) size 68x27 [color=#202020]
        RenderBlock (anonymous) at (15,8) size 38x9
          RenderText at (0,0) size 38x9
            text run at (0,0) width 38: "Test Button"
      RenderText {#text} at (260,11) size 3x14
        text run at (260,11) width 3: " "
      RenderButton {INPUT} at (263,6) size 79x28 [color=#202020]
        RenderBlock (anonymous) at (15,8) size 49x10
          RenderText at (0,0) size 49x10
            text run at (0,0) width 49: "Test Button"
      RenderText {#text} at (342,11) size 3x14
        text run at (342,11) width 3: " "
      RenderButton {INPUT} at (345,5) size 84x30 [color=#202020]
        RenderBlock (anonymous) at (15,8) size 54x12
          RenderText at (0,0) size 54x11
            text run at (0,0) width 54: "Test Button"
      RenderText {#text} at (429,11) size 3x14
        text run at (429,11) width 3: " "
      RenderButton {INPUT} at (434,4) size 86x31 [color=#202020]
        RenderBlock (anonymous) at (15,8) size 56x13
          RenderText at (0,0) size 56x12
            text run at (0,0) width 56: "Test Button"
      RenderText {#text} at (522,11) size 3x14
        text run at (522,11) width 3: " "
      RenderButton {INPUT} at (527,3) size 91x32 [color=#202020]
        RenderBlock (anonymous) at (15,8) size 61x14
          RenderText at (0,0) size 61x14
            text run at (0,0) width 61: "Test Button"
      RenderText {#text} at (620,11) size 3x14
        text run at (620,11) width 3: " "
      RenderButton {INPUT} at (625,2) size 98x33 [color=#202020]
        RenderBlock (anonymous) at (15,8) size 68x15
          RenderText at (0,0) size 68x15
            text run at (0,0) width 68: "Test Button"
      RenderText {#text} at (725,11) size 3x14
        text run at (725,11) width 3: " "
      RenderButton {INPUT} at (2,43) size 103x34 [color=#202020]
        RenderBlock (anonymous) at (15,8) size 73x16
          RenderText at (0,0) size 73x16
            text run at (0,0) width 73: "Test Button"
      RenderText {#text} at (107,53) size 3x14
        text run at (107,53) width 3: " "
      RenderButton {INPUT} at (112,42) size 105x35 [color=#202020]
        RenderBlock (anonymous) at (15,8) size 75x17
          RenderText at (0,0) size 75x17
            text run at (0,0) width 75: "Test Button"
      RenderText {#text} at (219,53) size 3x14
        text run at (219,53) width 3: " "
      RenderButton {INPUT} at (224,42) size 111x36 [color=#202020]
        RenderBlock (anonymous) at (15,8) size 81x18
          RenderText at (0,0) size 81x17
            text run at (0,0) width 81: "Test Button"
      RenderText {#text} at (337,53) size 3x14
        text run at (337,53) width 3: " "
      RenderButton {INPUT} at (342,41) size 116x38 [color=#202020]
        RenderBlock (anonymous) at (15,8) size 86x20
          RenderText at (0,0) size 86x19
            text run at (0,0) width 86: "Test Button"
      RenderText {#text} at (460,53) size 3x14
        text run at (460,53) width 3: " "
      RenderButton {INPUT} at (465,40) size 122x39 [color=#202020]
        RenderBlock (anonymous) at (15,8) size 92x21
          RenderText at (0,0) size 92x20
            text run at (0,0) width 92: "Test Button"
      RenderText {#text} at (589,53) size 3x14
        text run at (589,53) width 3: " "
      RenderButton {INPUT} at (594,39) size 129x40 [color=#202020]
        RenderBlock (anonymous) at (15,8) size 99x22
          RenderText at (0,0) size 99x21
            text run at (0,0) width 99: "Test Button"
      RenderText {#text} at (725,53) size 3x14
        text run at (725,53) width 3: " "
      RenderButton {INPUT} at (2,84) size 133x41 [color=#202020]
        RenderBlock (anonymous) at (15,8) size 103x23
          RenderText at (0,0) size 103x22
            text run at (0,0) width 103: "Test Button"
      RenderText {#text} at (137,99) size 3x14
        text run at (137,99) width 3: " "
      RenderButton {INPUT} at (142,83) size 140x42 [color=#202020]
        RenderBlock (anonymous) at (15,8) size 110x24
          RenderText at (0,0) size 110x23
            text run at (0,0) width 110: "Test Button"
      RenderText {#text} at (0,0) size 0x0
