layer at (0,0) size 800x600
  RenderView at (0,0) size 800x600
layer at (0,0) size 800x600
  RenderBlock {HTML} at (0,0) size 800x600
    RenderBody {BODY} at (8,8) size 784x580
      RenderBlock (anonymous) at (0,0) size 784x14
        RenderText {#text} at (0,0) size 568x14
          text run at (0,0) width 568: "This test uses the new text field to test focus() and blur() and to make sure that onFocus and onBlur events fire correctly."
      RenderBlock {P} at (0,26) size 784x32
        RenderTextControl {INPUT} at (2,2) size 194x28 [color=#202020]
        RenderText {#text} at (198,11) size 3x14
          text run at (198,11) width 3: " "
        RenderTextControl {INPUT} at (203,2) size 194x28 [color=#202020]
        RenderText {#text} at (0,0) size 0x0
      RenderBlock {DIV} at (0,70) size 784x56
        RenderBR {BR} at (0,0) size 0x14
        RenderText {#text} at (0,14) size 242x14
          text run at (0,14) width 242: "Test Passed. Text field 1's onFocus event has fired."
        RenderBR {BR} at (242,25) size 0x0
        RenderText {#text} at (0,28) size 234x14
          text run at (0,28) width 234: "Test Passed. Text field 1's onBlur event has fired."
        RenderBR {BR} at (234,39) size 0x0
        RenderText {#text} at (0,42) size 242x14
          text run at (0,42) width 242: "Test Passed. Text field 2's onFocus event has fired."
      RenderBlock {P} at (0,138) size 784x0
layer at (14,42) size 187x18
  RenderBlock {DIV} at (4,6) size 187x18
    RenderText {#text} at (1,0) size 109x17
      text run at (1,0) width 109: "My Text Field 1"
layer at (215,42) size 187x18
  RenderBlock {DIV} at (4,6) size 187x18
    RenderText {#text} at (1,0) size 109x17
      text run at (1,0) width 109: "My Text Field 2"
selection start: position 0 of child 0 {#text} of child 0 {DIV} of {#shadow-root} of child 3 {INPUT} of child 1 {P} of body
selection end:   position 15 of child 0 {#text} of child 0 {DIV} of {#shadow-root} of child 3 {INPUT} of child 1 {P} of body
