layer at (0,0) size 800x604
  RenderView at (0,0) size 800x600
layer at (0,0) size 800x604
  RenderBlock {HTML} at (0,0) size 800x604
    RenderBody {BODY} at (8,8) size 784x588
      RenderBlock {DIV} at (0,0) size 784x294
        RenderTextControl {INPUT} at (0,2) size 500x45 [color=#202020]
        RenderBR {BR} at (500,36) size 0x0
        RenderTextControl {INPUT} at (0,51) size 500x45 [color=#202020]
        RenderBR {BR} at (500,85) size 0x0
        RenderTextControl {INPUT} at (0,100) size 500x45 [color=#202020]
        RenderBR {BR} at (500,134) size 0x0
        RenderTextControl {INPUT} at (0,149) size 500x45 [color=#202020]
        RenderBR {BR} at (500,183) size 0x0
        RenderTextControl {INPUT} at (0,198) size 500x45 [color=#202020]
        RenderBR {BR} at (500,232) size 0x0
        RenderTextControl {INPUT} at (0,247) size 500x45 [color=#202020]
        RenderBR {BR} at (500,281) size 0x0
      RenderBlock {DIV} at (0,294) size 784x294
        RenderTextControl {INPUT} at (284,2) size 500x45 [color=#202020]
        RenderBR {BR} at (284,36) size 0x0
        RenderTextControl {INPUT} at (284,51) size 500x45 [color=#202020]
        RenderBR {BR} at (284,85) size 0x0
        RenderTextControl {INPUT} at (284,100) size 500x45 [color=#202020]
        RenderBR {BR} at (284,134) size 0x0
        RenderTextControl {INPUT} at (284,149) size 500x45 [color=#202020]
        RenderBR {BR} at (284,183) size 0x0
        RenderTextControl {INPUT} at (284,198) size 500x45 [color=#202020]
        RenderBR {BR} at (284,232) size 0x0
        RenderTextControl {INPUT} at (284,247) size 500x45 [color=#202020]
        RenderBR {BR} at (284,281) size 0x0
layer at (12,16) size 493x35
  RenderBlock {DIV} at (4,6) size 493x35
layer at (12,65) size 493x35
  RenderBlock {DIV} at (4,6) size 493x35
layer at (12,114) size 493x35
  RenderBlock {DIV} at (4,6) size 493x35
layer at (12,163) size 493x35
  RenderBlock {DIV} at (4,6) size 493x35
layer at (12,212) size 493x35
  RenderBlock {DIV} at (4,6) size 493x35
layer at (12,261) size 493x35
  RenderBlock {DIV} at (4,6) size 493x35
layer at (296,310) size 493x35
  RenderBlock {DIV} at (4,6) size 493x35
layer at (296,359) size 493x35
  RenderBlock {DIV} at (4,6) size 493x35
layer at (296,408) size 493x35
  RenderBlock {DIV} at (4,6) size 493x35
layer at (296,457) size 493x35
  RenderBlock {DIV} at (4,6) size 493x35
layer at (296,506) size 493x35
  RenderBlock {DIV} at (4,6) size 493x35
layer at (296,555) size 493x35
  RenderBlock {DIV} at (4,6) size 493x35
layer at (12,16) size 493x35
  RenderBlock (relative positioned) {DIV} at (4,6) size 493x35 [color=#A9A9A9]
    RenderText {#text} at (1,1) size 158x33
      text run at (1,1) width 158: "placeholder"
layer at (12,65) size 493x35
  RenderBlock (relative positioned) {DIV} at (4,6) size 493x35 [color=#A9A9A9]
    RenderText {#text} at (1,1) size 158x33
      text run at (1,1) width 158: "placeholder"
layer at (12,114) size 493x35
  RenderBlock (relative positioned) {DIV} at (4,6) size 493x35 [color=#A9A9A9]
    RenderText {#text} at (11,1) size 158x33
      text run at (11,1) width 158: "placeholder"
layer at (12,163) size 493x35
  RenderBlock (relative positioned) {DIV} at (4,6) size 493x35 [color=#A9A9A9]
    RenderText {#text} at (201,1) size 158x33
      text run at (201,1) width 158: "placeholder"
layer at (12,212) size 493x35
  RenderBlock (relative positioned) {DIV} at (4,6) size 493x35 [color=#A9A9A9]
    RenderText {#text} at (-9,1) size 158x33
      text run at (-9,1) width 158: "placeholder"
layer at (12,261) size 493x35
  RenderBlock (relative positioned) {DIV} at (4,6) size 493x35 [color=#A9A9A9]
    RenderText {#text} at (247,1) size 158x33
      text run at (247,1) width 158: "placeholder"
layer at (296,310) size 493x35
  RenderBlock (relative positioned) {DIV} at (4,6) size 493x35 [color=#A9A9A9]
    RenderText {#text} at (334,1) size 158x33
      text run at (334,1) width 158: "placeholder"
layer at (296,359) size 493x35
  RenderBlock (relative positioned) {DIV} at (4,6) size 493x35 [color=#A9A9A9]
    RenderText {#text} at (334,1) size 158x33
      text run at (334,1) width 158: "placeholder"
layer at (296,408) size 493x35
  RenderBlock (relative positioned) {DIV} at (4,6) size 493x35 [color=#A9A9A9]
    RenderText {#text} at (324,1) size 158x33
      text run at (324,1) width 158: "placeholder"
layer at (296,457) size 493x35
  RenderBlock (relative positioned) {DIV} at (4,6) size 493x35 [color=#A9A9A9]
    RenderText {#text} at (134,1) size 158x33
      text run at (134,1) width 158: "placeholder"
layer at (296,506) size 493x35
  RenderBlock (relative positioned) {DIV} at (4,6) size 493x35 [color=#A9A9A9]
    RenderText {#text} at (344,1) size 158x33
      text run at (344,1) width 158: "placeholder"
layer at (296,555) size 493x35
  RenderBlock (relative positioned) {DIV} at (4,6) size 493x35 [color=#A9A9A9]
    RenderText {#text} at (88,1) size 158x33
      text run at (88,1) width 158: "placeholder"
