layer at (0,0) size 800x600
  RenderView at (0,0) size 800x600
layer at (0,0) size 800x600
  RenderBlock {HTML} at (0,0) size 800x600
    RenderBody {BODY} at (8,8) size 784x584
      RenderBlock {P} at (0,0) size 784x14
        RenderText {#text} at (0,0) size 421x14
          text run at (0,0) width 421: "The following 5 inputs should be all be rendered exactly the same, aligned to the left side."
      RenderBlock (anonymous) at (0,26) size 784x128
        RenderTextControl {INPUT} at (2,2) size 194x28 [color=#202020]
        RenderText {#text} at (198,11) size 3x14
          text run at (198,11) width 3: " "
        RenderBR {BR} at (0,0) size 0x0
        RenderTextControl {INPUT} at (2,34) size 194x28 [color=#202020]
        RenderText {#text} at (198,43) size 3x14
          text run at (198,43) width 3: " "
        RenderBR {BR} at (0,0) size 0x0
        RenderTextControl {INPUT} at (2,66) size 194x28 [color=#202020]
        RenderText {#text} at (198,75) size 3x14
          text run at (198,75) width 3: " "
        RenderBR {BR} at (0,0) size 0x0
        RenderTextControl {INPUT} at (2,98) size 194x28 [color=#202020]
        RenderText {#text} at (198,107) size 3x14
          text run at (198,107) width 3: " "
        RenderBR {BR} at (0,0) size 0x0
      RenderBlock {DIV} at (0,154) size 784x32
        RenderTextControl {INPUT} at (2,2) size 194x28 [color=#202020]
layer at (14,42) size 187x18
  RenderBlock {DIV} at (4,6) size 187x18
    RenderText {#text} at (1,0) size 130x17
      text run at (1,0) width 130: "The quick brown..."
layer at (14,74) size 187x18
  RenderBlock {DIV} at (4,6) size 187x18
    RenderText {#text} at (1,0) size 130x17
      text run at (1,0) width 130: "The quick brown..."
layer at (14,106) size 187x18
  RenderBlock {DIV} at (4,6) size 187x18
    RenderText {#text} at (1,0) size 130x17
      text run at (1,0) width 130: "The quick brown..."
layer at (14,138) size 187x18
  RenderBlock {DIV} at (4,6) size 187x18
    RenderText {#text} at (1,0) size 130x17
      text run at (1,0) width 130: "The quick brown..."
layer at (14,170) size 187x18
  RenderBlock {DIV} at (4,6) size 187x18
    RenderText {#text} at (1,0) size 130x17
      text run at (1,0) width 130: "The quick brown..."
