layer at (0,0) size 800x600
  RenderView at (0,0) size 800x600
layer at (0,0) size 800x600
  RenderBlock {HTML} at (0,0) size 800x600
    RenderBody {BODY} at (8,8) size 784x580
      RenderBlock (anonymous) at (0,0) size 784x14
        RenderText {#text} at (0,0) size 571x14
          text run at (0,0) width 571: "This tests the height attribute of form elements. The only element that should honour this value is the Image type of input."
      RenderBlock {FORM} at (0,14) size 784x346
        RenderText {#text} at (0,11) size 27x14
          text run at (0,11) width 27: "input "
        RenderTextControl {INPUT} at (29,2) size 194x28 [color=#202020]
        RenderText {#text} at (225,11) size 3x14
          text run at (225,11) width 3: " "
        RenderBR {BR} at (228,22) size 0x0
        RenderText {#text} at (0,43) size 20x14
          text run at (0,43) width 20: "text "
        RenderTextControl {INPUT} at (22,34) size 194x28 [color=#202020]
        RenderText {#text} at (218,43) size 3x14
          text run at (218,43) width 3: " "
        RenderBR {BR} at (221,54) size 0x0
        RenderText {#text} at (0,65) size 48x14
          text run at (0,65) width 48: "checkbox "
        RenderBlock {INPUT} at (52,67) size 12x12
        RenderText {#text} at (68,65) size 3x14
          text run at (68,65) width 3: " "
        RenderBR {BR} at (71,76) size 0x0
        RenderText {#text} at (0,95) size 18x14
          text run at (0,95) width 18: "file "
        RenderFileUploadControl {INPUT} at (20,84) size 306x36 "No file selected"
          RenderButton {INPUT} at (0,0) size 117x36 [color=#202020]
            RenderBlock (anonymous) at (15,8) size 87x18
              RenderText at (0,0) size 87x17
                text run at (0,0) width 87: "Choose File"
        RenderText {#text} at (328,95) size 3x14
          text run at (328,95) width 3: " "
        RenderBR {BR} at (331,106) size 0x0
        RenderText {#text} at (0,122) size 31x14
          text run at (0,122) width 31: "image "
        RenderImage {INPUT} at (31,132) size 10x1
        RenderText {#text} at (41,122) size 3x14
          text run at (41,122) width 3: " "
        RenderBR {BR} at (44,133) size 0x0
        RenderText {#text} at (0,137) size 27x14
          text run at (0,137) width 27: "radio "
        RenderBlock {INPUT} at (31,139) size 12x12
        RenderText {#text} at (47,137) size 3x14
          text run at (47,137) width 3: " "
        RenderBR {BR} at (50,148) size 0x0
        RenderText {#text} at (0,156) size 29x14
          text run at (0,156) width 29: "range "
        RenderSlider {INPUT} at (31,156) size 129x11 [bgcolor=#FFFFFF]
          RenderDeprecatedFlexibleBox {DIV} at (0,0) size 129x11
            RenderBlock {DIV} at (0,0) size 117x12
            RenderBlock {DIV} at (117,0) size 12x12
        RenderText {#text} at (162,156) size 3x14
          text run at (162,156) width 3: " "
        RenderBR {BR} at (165,167) size 0x0
        RenderText {#text} at (0,183) size 25x14
          text run at (0,183) width 25: "reset "
        RenderButton {INPUT} at (27,172) size 72x36 [color=#202020]
          RenderBlock (anonymous) at (15,8) size 42x18
            RenderText at (0,0) size 42x17
              text run at (0,0) width 42: "Reset"
        RenderText {#text} at (101,183) size 3x14
          text run at (101,183) width 3: " "
        RenderBR {BR} at (104,194) size 0x0
        RenderText {#text} at (0,223) size 35x14
          text run at (0,223) width 35: "submit "
        RenderButton {INPUT} at (37,212) size 80x36 [color=#202020]
          RenderBlock (anonymous) at (15,8) size 50x18
            RenderText at (0,0) size 50x17
              text run at (0,0) width 50: "Submit"
        RenderText {#text} at (119,223) size 3x14
          text run at (119,223) width 3: " "
        RenderBR {BR} at (122,234) size 0x0
        RenderText {#text} at (0,261) size 37x14
          text run at (0,261) width 37: "isindex "
        RenderTextControl {INPUT} at (39,252) size 194x28 [color=#202020]
        RenderText {#text} at (235,261) size 3x14
          text run at (235,261) width 3: " "
        RenderBR {BR} at (238,272) size 0x0
        RenderText {#text} at (0,293) size 49x14
          text run at (0,293) width 49: "password "
        RenderTextControl {INPUT} at (51,284) size 194x28 [color=#202020]
        RenderText {#text} at (247,293) size 3x14
          text run at (247,293) width 3: " "
        RenderBR {BR} at (250,304) size 0x0
        RenderText {#text} at (0,325) size 33x14
          text run at (0,325) width 33: "search "
        RenderTextControl {INPUT} at (35,316) size 194x28 [color=#202020]
          RenderDeprecatedFlexibleBox {DIV} at (4,6) size 187x18
            RenderBlock {DIV} at (0,9) size 0x0
            RenderBlock {DIV} at (0,0) size 187x18
            RenderBlock {DIV} at (187,9) size 0x0
        RenderText {#text} at (0,0) size 0x0
layer at (41,30) size 187x18
  RenderBlock {DIV} at (4,6) size 187x18
layer at (34,62) size 187x18
  RenderBlock {DIV} at (4,6) size 187x18
layer at (51,280) size 187x18
  RenderBlock {DIV} at (4,6) size 187x18
layer at (63,312) size 187x18
  RenderBlock {DIV} at (4,6) size 187x18
layer at (47,344) size 187x18
  RenderBlock {DIV} at (0,0) size 187x18
layer at (97,178) size 12x12
  RenderBlock (relative positioned) {DIV} at (0,0) size 12x12
