layer at (0,0) size 800x600
  RenderView at (0,0) size 800x600
layer at (0,0) size 800x364
  RenderBlock {HTML} at (0,0) size 800x364
    RenderBody {BODY} at (8,12) size 784x340
      RenderBlock {P} at (0,0) size 784x32
        RenderTextControl {INPUT} at (588,2) size 194x28 [color=#202020]
          RenderDeprecatedFlexibleBox {DIV} at (4,6) size 187x18
            RenderBlock {DIV} at (0,0) size 187x18
        RenderText {#text} at (0,0) size 0x0
      RenderBlock {P} at (0,44) size 784x32
        RenderTextControl {INPUT} at (588,2) size 194x28 [color=#202020]
          RenderDeprecatedFlexibleBox {DIV} at (4,6) size 187x18
            RenderBlock {DIV} at (0,0) size 187x18
        RenderText {#text} at (0,0) size 0x0
      RenderBlock {P} at (0,88) size 784x32
        RenderTextControl {INPUT} at (2,2) size 194x28 [color=#202020]
          RenderDeprecatedFlexibleBox {DIV} at (4,6) size 187x18
            RenderBlock {DIV} at (0,0) size 187x18
        RenderText {#text} at (0,0) size 0x0
      RenderBlock {P} at (0,132) size 784x32
        RenderTextControl {INPUT} at (2,2) size 194x28 [color=#202020]
          RenderDeprecatedFlexibleBox {DIV} at (4,6) size 187x18
            RenderBlock {DIV} at (0,0) size 187x18
        RenderText {#text} at (0,0) size 0x0
        RenderText {#text} at (0,0) size 0x0
      RenderBlock {P} at (0,176) size 784x32
        RenderTextControl {INPUT} at (2,2) size 194x28 [color=#202020]
          RenderDeprecatedFlexibleBox {DIV} at (4,6) size 187x18
            RenderBlock {DIV} at (0,0) size 187x18
        RenderText {#text} at (0,0) size 0x0
      RenderBlock {P} at (0,220) size 784x32
        RenderTextControl {INPUT} at (2,2) size 194x28 [color=#202020]
          RenderDeprecatedFlexibleBox {DIV} at (4,6) size 187x18
            RenderBlock {DIV} at (0,0) size 187x18
        RenderText {#text} at (0,0) size 0x0
        RenderText {#text} at (0,0) size 0x0
      RenderBlock {P} at (0,264) size 784x32
        RenderTextControl {INPUT} at (2,2) size 194x28 [color=#202020]
          RenderDeprecatedFlexibleBox {DIV} at (4,6) size 187x18
            RenderBlock {DIV} at (0,0) size 187x18
        RenderText {#text} at (0,0) size 0x0
      RenderBlock {P} at (0,308) size 784x32
        RenderTextControl {INPUT} at (2,2) size 194x28 [color=#202020]
          RenderDeprecatedFlexibleBox {DIV} at (4,6) size 187x18
            RenderBlock {DIV} at (0,0) size 187x18
        RenderText {#text} at (0,0) size 0x0
        RenderText {#text} at (0,0) size 0x0
layer at (600,20) size 187x18
  RenderBlock {DIV} at (0,0) size 187x18
    RenderText {#text} at (177,0) size 9x17
      text run at (177,0) width 9: "1"
layer at (600,64) size 187x18
  RenderBlock {DIV} at (0,0) size 187x18
    RenderText {#text} at (177,0) size 9x17
      text run at (177,0) width 9: "2"
layer at (14,108) size 187x18
  RenderBlock {DIV} at (0,0) size 187x18
    RenderText {#text} at (177,0) size 9x17
      text run at (177,0) width 9: "3"
layer at (14,152) size 187x18
  RenderBlock {DIV} at (0,0) size 187x18
    RenderText {#text} at (150,0) size 36x17
      text run at (150,0) width 36: "1234"
layer at (14,196) size 187x18
  RenderBlock {DIV} at (0,0) size 187x18
    RenderText {#text} at (1,0) size 9x17
      text run at (1,0) width 9: "5"
layer at (14,240) size 187x18
  RenderBlock {DIV} at (0,0) size 187x18
    RenderText {#text} at (1,0) size 9x17
      text run at (1,0) width 9: "6"
layer at (14,284) size 187x18
  RenderBlock {DIV} at (0,0) size 187x18
    RenderText {#text} at (177,0) size 9x17
      text run at (177,0) width 9: "7"
layer at (14,328) size 187x18
  RenderBlock {DIV} at (0,0) size 187x18
    RenderText {#text} at (177,0) size 9x17
      text run at (177,0) width 9: "8"
layer at (596,14) size 0x28
  RenderBlock (relative positioned) {DIV} at (-4,-6) size 0x28
layer at (596,58) size 0x28
  RenderBlock (relative positioned) {DIV} at (-4,-6) size 0x28
layer at (10,102) size 0x28
  RenderBlock (relative positioned) {DIV} at (-4,-6) size 0x28
layer at (10,146) size 0x28
  RenderBlock (relative positioned) {DIV} at (-4,-6) size 0x28
layer at (204,190) size 0x28
  RenderBlock (relative positioned) {DIV} at (190,-6) size 0x28
layer at (204,234) size 0x28
  RenderBlock (relative positioned) {DIV} at (190,-6) size 0x28
layer at (10,278) size 0x28
  RenderBlock (relative positioned) {DIV} at (-4,-6) size 0x28
layer at (10,322) size 0x28
  RenderBlock (relative positioned) {DIV} at (-4,-6) size 0x28
caret: position 4 of child 0 {#text} of child 0 {DIV} of child 0 {DIV} of child 0 {DIV} of {#shadow-root} of child 0 {INPUT} of child 6 {P} of body
