layer at (0,0) size 800x676
  RenderView at (0,0) size 800x600
layer at (0,0) size 800x676
  RenderBlock {HTML} at (0,0) size 800x676
    RenderBody {BODY} at (8,8) size 784x660
      RenderBlock (anonymous) at (0,0) size 784x14
        RenderText {#text} at (0,0) size 186x14
          text run at (0,0) width 186: "This tests minMaxWidth for text fields."
      RenderBlock {P} at (0,26) size 784x14
        RenderText {#text} at (0,0) size 52x14
          text run at (0,0) width 52: "Test case 1"
      RenderTable {TABLE} at (0,52) size 118x50 [border: (3px solid #0000FF)]
        RenderTableSection {TBODY} at (3,3) size 112x44
          RenderTableRow {TR} at (0,2) size 112x40
            RenderTableCell {TD} at (2,2) size 108x40 [border: (3px solid #FF0000)] [r=0 c=0 rs=1 cs=1]
              RenderTextControl {INPUT} at (4,6) size 100x28 [color=#202020]
      RenderBlock {P} at (0,114) size 784x14
        RenderText {#text} at (0,0) size 52x14
          text run at (0,0) width 52: "Test case 2"
      RenderTable {TABLE} at (0,140) size 155x92 [border: (3px solid #0000FF)]
        RenderTableSection {TBODY} at (3,3) size 149x86
          RenderTableRow {TR} at (0,2) size 149x40
            RenderTableCell {TD} at (2,14) size 35x16 [r=0 c=0 rs=1 cs=1]
              RenderText {#text} at (1,1) size 19x14
                text run at (1,1) width 19: "first"
            RenderTableCell {TD} at (39,2) size 108x40 [border: (3px solid #FF0000)] [r=0 c=1 rs=1 cs=1]
              RenderTextControl {INPUT} at (4,6) size 100x28 [color=#202020]
          RenderTableRow {TR} at (0,44) size 149x40
            RenderTableCell {TD} at (2,56) size 35x16 [r=1 c=0 rs=1 cs=1]
              RenderText {#text} at (1,1) size 33x14
                text run at (1,1) width 33: "second"
            RenderTableCell {TD} at (39,44) size 108x40 [border: (3px solid #FF0000)] [r=1 c=1 rs=1 cs=1]
              RenderTextControl {INPUT} at (4,6) size 100x28 [color=#202020]
      RenderBlock {P} at (0,244) size 784x14
        RenderText {#text} at (0,0) size 52x14
          text run at (0,0) width 52: "Test case 3"
      RenderTable {TABLE} at (0,270) size 48x78 [border: (3px solid #0000FF)]
        RenderTableSection {TBODY} at (3,3) size 42x72
          RenderTableRow {TR} at (0,2) size 42x68
            RenderTableCell {TD} at (2,2) size 38x68 [border: (3px solid #FF0000)] [r=0 c=0 rs=1 cs=1]
              RenderText {#text} at (4,4) size 27x28
                text run at (4,4) width 27: "width"
                text run at (4,18) width 24: "30px"
              RenderTextControl {INPUT} at (4,34) size 30x28 [color=#202020]
      RenderBlock {P} at (0,360) size 784x14
        RenderText {#text} at (0,0) size 52x14
          text run at (0,0) width 52: "Test case 4"
      RenderTable {TABLE} at (0,386) size 218x74 [border: (3px solid #0000FF)]
        RenderTableSection {TBODY} at (3,3) size 212x68
          RenderTableRow {TR} at (0,2) size 212x40
            RenderTableCell {TD} at (2,2) size 208x40 [border: (3px solid #FF0000)] [r=0 c=0 rs=1 cs=1]
              RenderTextControl {INPUT} at (4,6) size 200x28 [color=#202020]
          RenderTableRow {TR} at (0,44) size 212x22
            RenderTableCell {TD} at (2,44) size 208x22 [border: (3px solid #FF0000)] [r=1 c=0 rs=1 cs=1]
              RenderBlock {DIV} at (4,4) size 200x14
                RenderText {#text} at (0,0) size 30x14
                  text run at (0,0) width 30: "200px"
      RenderBlock {P} at (0,472) size 784x14
        RenderText {#text} at (0,0) size 52x14
          text run at (0,0) width 52: "Test case 5"
      RenderTable {TABLE} at (0,498) size 92x50 [border: (3px solid #0000FF)]
        RenderTableSection {TBODY} at (3,3) size 86x44
          RenderTableRow {TR} at (0,2) size 86x40
            RenderTableCell {TD} at (2,2) size 82x40 [border: (3px solid #FF0000)] [r=0 c=0 rs=1 cs=1]
              RenderTextControl {INPUT} at (6,6) size 70x28 [color=#202020]
      RenderBlock {P} at (0,560) size 784x14
        RenderText {#text} at (0,0) size 52x14
          text run at (0,0) width 52: "Test case 6"
      RenderTable {TABLE} at (0,586) size 216x74 [border: (3px solid #0000FF)]
        RenderTableSection {TBODY} at (3,3) size 210x68
          RenderTableRow {TR} at (0,2) size 210x40
            RenderTableCell {TD} at (2,2) size 206x40 [border: (3px solid #FF0000)] [r=0 c=0 rs=1 cs=1]
              RenderTextControl {INPUT} at (6,6) size 194x28 [color=#202020]
          RenderTableRow {TR} at (0,44) size 210x22
            RenderTableCell {TD} at (2,44) size 206x22 [border: (3px solid #FF0000)] [r=1 c=0 rs=1 cs=1]
              RenderBlock {DIV} at (4,4) size 70x14
                RenderText {#text} at (0,0) size 24x14
                  text run at (0,0) width 24: "70px"
layer at (21,77) size 93x18
  RenderBlock {DIV} at (4,6) size 93x18
layer at (58,165) size 93x18
  RenderBlock {DIV} at (4,6) size 93x18
layer at (58,207) size 93x18
  RenderBlock {DIV} at (4,6) size 93x18
layer at (21,323) size 23x18
  RenderBlock {DIV} at (4,6) size 23x18
layer at (21,411) size 193x18
  RenderBlock {DIV} at (4,6) size 193x18
    RenderText {#text} at (1,0) size 83x17
      text run at (1,0) width 83: "width 100%"
layer at (23,523) size 63x18 scrollWidth 71
  RenderBlock {DIV} at (4,6) size 63x18
    RenderText {#text} at (1,0) size 69x17
      text run at (1,0) width 69: "max 70px"
layer at (23,611) size 187x18
  RenderBlock {DIV} at (4,6) size 187x18
    RenderText {#text} at (1,0) size 117x17
      text run at (1,0) width 117: "min-width 100px"
