layer at (0,0) size 800x600
  RenderView at (0,0) size 800x600
layer at (0,0) size 800x48
  RenderBlock {HTML} at (0,0) size 800x48
    RenderBody {BODY} at (8,8) size 784x32
      RenderTextControl {INPUT} at (2,2) size 194x28 [color=#202020]
        RenderDeprecatedFlexibleBox {DIV} at (4,6) size 187x18
          RenderBlock {DIV} at (0,0) size 187x18
      RenderText {#text} at (198,11) size 3x14
        text run at (198,11) width 3: " "
      RenderTextControl {INPUT} at (203,2) size 194x28 [color=#202020]
        RenderDeprecatedFlexibleBox {DIV} at (4,6) size 187x18
          RenderBlock {DIV} at (0,0) size 187x18
      RenderText {#text} at (0,0) size 0x0
layer at (14,16) size 187x18
  RenderBlock {DIV} at (0,0) size 187x18
layer at (215,16) size 187x18
  RenderBlock {DIV} at (0,0) size 187x18
