layer at (0,0) size 800x600
  RenderView at (0,0) size 800x600
layer at (0,0) size 800x600
  RenderBlock {HTML} at (0,0) size 800x600
    RenderBody {BODY} at (8,8) size 784x584
      RenderBlock {P} at (0,0) size 784x14
        RenderText {#text} at (0,0) size 432x14
          text run at (0,0) width 432: "The following 4 images should be all be rendered exactly the same, aligned to the right side."
      RenderImage {INPUT} at (767,26) size 17x19
      RenderBlock (anonymous) at (0,26) size 784x84
        RenderBR {BR} at (0,0) size 0x14
        RenderBR {BR} at (0,14) size 0x14
        RenderImage {INPUT} at (767,28) size 17x19
        RenderBR {BR} at (0,28) size 0x14
        RenderBR {BR} at (0,42) size 0x14
        RenderImage {INPUT} at (767,56) size 17x19
        RenderText {#text} at (0,0) size 0x0
        RenderBR {BR} at (0,56) size 0x14
        RenderBR {BR} at (0,70) size 0x14
      RenderBlock {DIV} at (0,110) size 784x0
        RenderImage {INPUT} at (767,0) size 17x19
