layer at (0,0) size 800x600
  RenderView at (0,0) size 800x600
layer at (0,0) size 800x600
  RenderBlock {HTML} at (0,0) size 800x600
    RenderBody {BODY} at (8,8) size 784x584
      RenderText {#text} at (0,0) size 425x14
        text run at (0,0) width 425: "This tests that background color and background images can be set on the new text fields. "
      RenderBR {BR} at (425,11) size 0x0
      RenderTextControl {INPUT} at (2,16) size 193x24 [bgcolor=#FFC0CB] [border: (2px inset #000000)]
      RenderText {#text} at (197,22) size 3x14
        text run at (197,22) width 3: " "
      RenderBR {BR} at (200,33) size 0x0
      RenderTextControl {INPUT} at (2,44) size 193x24 [bgcolor=#FFFFFF] [border: (2px inset #000000)]
      RenderText {#text} at (0,0) size 0x0
layer at (13,27) size 187x18
  RenderBlock {DIV} at (3,3) size 187x18
    RenderText {#text} at (1,0) size 143x17
      text run at (1,0) width 143: "This should be pink."
layer at (13,55) size 187x18
  RenderBlock {DIV} at (3,3) size 187x18
