layer at (0,0) size 800x600
  RenderView at (0,0) size 800x600
layer at (0,0) size 800x600
  RenderBlock {HTML} at (0,0) size 800x600
    RenderBody {BODY} at (8,8) size 784x580
      RenderBlock {P} at (0,0) size 784x14
        RenderText {#text} at (0,0) size 23x14
          text run at (0,0) width 23: "Test "
        RenderInline {TT} at (0,0) size 54x11
          RenderText {#text} at (23,3) size 54x11
            text run at (23,3) width 54: "<isindex>"
        RenderText {#text} at (77,0) size 95x14
          text run at (77,0) width 95: " placeholder styling."
      RenderBlock (anonymous) at (0,26) size 784x14
        RenderText {#text} at (0,0) size 171x14
          text run at (0,0) width 171: "The placeholder text should be gray:"
      RenderBlock {FORM} at (0,46) size 784x48
        RenderBlock {HR} at (0,0) size 784x2 [border: (1px inset #000000)]
        RenderBlock (anonymous) at (0,8) size 784x32
          RenderInline {LABEL} at (0,0) size 439x14
            RenderText {#text} at (0,11) size 241x14
              text run at (0,11) width 241: "This is a searchable index. Enter search keywords: "
            RenderTextControl {INPUT} at (243,2) size 194x28 [color=#202020]
        RenderBlock {HR} at (0,46) size 784x2 [border: (1px inset #000000)]
      RenderBlock (anonymous) at (0,106) size 784x14
        RenderText {#text} at (0,0) size 176x14
          text run at (0,0) width 176: "The placeholder text should be green:"
      RenderBlock {FORM} at (0,126) size 784x48
        RenderBlock {HR} at (0,0) size 784x2 [border: (1px inset #000000)]
        RenderBlock (anonymous) at (0,8) size 784x32
          RenderInline {LABEL} at (0,0) size 439x14
            RenderText {#text} at (0,11) size 241x14
              text run at (0,11) width 241: "This is a searchable index. Enter search keywords: "
            RenderTextControl {INPUT} at (243,2) size 194x28 [color=#202020]
        RenderBlock {HR} at (0,46) size 784x2 [border: (1px inset #000000)]
layer at (255,70) size 187x18
  RenderBlock {DIV} at (4,6) size 187x18
layer at (255,150) size 187x18
  RenderBlock {DIV} at (4,6) size 187x18
layer at (255,70) size 187x18
  RenderBlock (relative positioned) {DIV} at (4,6) size 187x18 [color=#A9A9A9]
    RenderText {#text} at (1,0) size 84x17
      text run at (1,0) width 84: "placeholder"
layer at (255,150) size 187x18
  RenderBlock (relative positioned) {DIV} at (4,6) size 187x18 [color=#008000]
    RenderText {#text} at (1,0) size 84x17
      text run at (1,0) width 84: "placeholder"
