layer at (0,0) size 800x600
  RenderView at (0,0) size 800x600
layer at (0,0) size 800x600
  RenderBlock {HTML} at (0,0) size 800x600
    RenderBody {BODY} at (8,8) size 784x580
      RenderBlock {P} at (0,0) size 784x14
        RenderText {#text} at (0,0) size 40x14
          text run at (0,0) width 40: "Test for "
        RenderInline {I} at (0,0) size 431x14
          RenderInline {A} at (0,0) size 226x14 [color=#0000EE]
            RenderText {#text} at (40,0) size 226x14
              text run at (40,0) width 226: "http://bugs.webkit.org/show_bug.cgi?id=11362"
          RenderText {#text} at (266,0) size 205x14
            text run at (266,0) width 3: " "
            text run at (269,0) width 202: "Native popup with size=\"1\" wraps options"
        RenderText {#text} at (471,0) size 3x14
          text run at (471,0) width 3: "."
      RenderBlock {P} at (0,26) size 784x24
        RenderText {#text} at (0,6) size 26x14
          text run at (0,6) width 26: "With "
        RenderInline {TT} at (0,0) size 48x11
          RenderText {#text} at (26,9) size 48x11
            text run at (26,9) width 48: "size=\"1\""
        RenderText {#text} at (74,6) size 6x14
          text run at (74,6) width 6: ": "
        RenderMenuList {SELECT} at (80,2) size 100x20 [bgcolor=#FFFFFF] [border: (1px solid #000000)]
          RenderBlock (anonymous) at (1,1) size 98x18
            RenderText at (0,0) size 227x17
              text run at (0,0) width 227: "Very long option that does not fit"
        RenderText {#text} at (0,0) size 0x0
      RenderBlock {P} at (0,62) size 784x24
        RenderText {#text} at (0,6) size 41x14
          text run at (0,6) width 41: "Without "
        RenderInline {TT} at (0,0) size 24x11
          RenderText {#text} at (41,9) size 24x11
            text run at (41,9) width 24: "size"
        RenderText {#text} at (65,6) size 6x14
          text run at (65,6) width 6: ": "
        RenderMenuList {SELECT} at (71,2) size 100x20 [bgcolor=#FFFFFF] [border: (1px solid #000000)]
          RenderBlock (anonymous) at (1,1) size 98x18
            RenderText at (0,0) size 227x17
              text run at (0,0) width 227: "Very long option that does not fit"
        RenderText {#text} at (0,0) size 0x0
