layer at (0,0) size 800x600
  RenderView at (0,0) size 800x600
layer at (0,0) size 800x600
  RenderBlock {HTML} at (0,0) size 800x600
    RenderBody {BODY} at (8,8) size 784x584
      RenderMenuList {SELECT} at (0,0) size 213x28 [color=#202020]
        RenderBlock (anonymous) at (15,10) size 157x8
          RenderText at (0,0) size 157x7
            text run at (0,0) width 157: "No overflow should be allowed on popup menus!"
      RenderText {#text} at (0,0) size 0x0
