layer at (0,0) size 800x600
  RenderView at (0,0) size 800x600
layer at (0,0) size 800x600
  RenderBlock {HTML} at (0,0) size 800x600
    RenderBody {BODY} at (8,8) size 784x580
      RenderBlock (anonymous) at (0,0) size 784x14
        RenderText {#text} at (0,0) size 497x14
          text run at (0,0) width 497: "The textarea below should have standard line-height because textareas should ignore negative line-heights"
        RenderBR {BR} at (497,11) size 0x0
      RenderBlock {P} at (0,26) size 784x231
        RenderText {#text} at (0,0) size 63x14
          text run at (0,0) width 63: "TEXTAREA"
        RenderBR {BR} at (63,11) size 0x0
        RenderText {#text} at (400,203) size 3x14
          text run at (400,203) width 3: " "
        RenderBR {BR} at (0,0) size 0x0
        RenderBR {BR} at (0,217) size 0x14
layer at (8,48) size 400x200 clip at (9,49) size 398x198
  RenderTextControl {TEXTAREA} at (0,14) size 400x200 [bgcolor=#FFFFFF] [border: (1px dotted #C0C0C0)]
    RenderBlock {DIV} at (3,3) size 394x32
      RenderText {#text} at (0,0) size 387x32
        text run at (0,0) width 382: "Demo text here that wraps a bit and should demonstrate"
        text run at (382,0) width 5: " "
        text run at (0,16) width 182: "the goodness of line-height"
