layer at (0,0) size 800x600
  RenderView at (0,0) size 800x600
layer at (0,0) size 800x600
  RenderBlock {HTML} at (0,0) size 800x600
    RenderBody {BODY} at (8,8) size 784x584
      RenderText {#text} at (0,0) size 258x14
        text run at (0,0) width 83: "TEST PASSED: "
        text run at (83,0) width 175: "If the popup menu only says \"Text\". "
      RenderBR {BR} at (258,11) size 0x0
      RenderText {#text} at (0,14) size 316x14
        text run at (0,14) width 80: "TEST FAILED: "
        text run at (80,14) width 236: "If the popup menu says \"document.write('Text')\". "
      RenderBR {BR} at (316,25) size 0x0
      RenderMenuList {SELECT} at (2,30) size 87x39 [color=#202020]
        RenderBlock (anonymous) at (15,10) size 31x19
          RenderText at (0,0) size 31x19
            text run at (0,0) width 31: "Text"
      RenderText {#text} at (0,0) size 0x0
