layer at (0,0) size 800x600
  RenderView at (0,0) size 800x600
layer at (0,0) size 800x600
  RenderBlock {HTML} at (0,0) size 800x600
    RenderBody {BODY} at (8,8) size 784x584
      RenderBlock (anonymous) at (0,0) size 784x14
        RenderText {#text} at (0,0) size 597x14
          text run at (0,0) width 597: "This test makes sure we don't crash when trying to get the index of an option element that has no corresponding select element."
      RenderBlock {DIV} at (0,14) size 784x28
        RenderText {#text} at (0,0) size 62x14
          text run at (0,0) width 62: "Test Passed. "
        RenderBR {BR} at (62,11) size 0x0
        RenderText {#text} at (0,14) size 278x14
          text run at (0,14) width 278: "Index for option element with no corresponding select is: 0"
