layer at (0,0) size 800x600
  RenderView at (0,0) size 800x600
layer at (0,0) size 800x600
  RenderBlock {HTML} at (0,0) size 800x600
    RenderBody {BODY} at (8,8) size 784x584
      RenderBlock {P} at (0,0) size 784x14
        RenderText {#text} at (0,0) size 302x14
          text run at (0,0) width 302: "All of these selects should have the same amount of whitespace."
      RenderBlock (anonymous) at (0,26) size 784x336
        RenderText {#text} at (0,59) size 53x14
          text run at (0,59) width 53: "Five Tabs: "
        RenderListBox {SELECT} at (55,2) size 77x73 [bgcolor=#FFFFFF] [border: (1px inset #808080)]
        RenderBR {BR} at (134,70) size 0x0
        RenderBR {BR} at (0,77) size 0x14
        RenderText {#text} at (0,150) size 63x14
          text run at (0,150) width 63: "Five Spaces: "
        RenderListBox {SELECT} at (65,93) size 77x73 [bgcolor=#FFFFFF] [border: (1px inset #808080)]
        RenderBR {BR} at (144,161) size 0x0
        RenderBR {BR} at (0,168) size 0x14
        RenderText {#text} at (0,197) size 223x14
          text run at (0,197) width 223: "Five Spaces (with leading/trailing whitespace): "
        RenderMenuList {SELECT} at (225,184) size 145x38 [color=#202020]
          RenderBlock (anonymous) at (15,10) size 89x18
            RenderText at (0,0) size 89x17
              text run at (0,0) width 89: "Five Spaces"
        RenderBR {BR} at (372,208) size 0x0
        RenderBR {BR} at (0,224) size 0x14
        RenderText {#text} at (0,253) size 213x14
          text run at (0,253) width 213: "Five Tabs (with leading/trailing whitespace): "
        RenderMenuList {SELECT} at (215,240) size 127x38 [color=#202020]
          RenderBlock (anonymous) at (15,10) size 71x18
            RenderText at (0,0) size 71x17
              text run at (0,0) width 71: "Five Tabs"
        RenderBR {BR} at (344,264) size 0x0
        RenderBR {BR} at (0,280) size 0x14
        RenderText {#text} at (0,309) size 94x14
          text run at (0,309) width 94: "Mixed Whitespace: "
        RenderMenuList {SELECT} at (96,296) size 127x38 [color=#202020]
          RenderBlock (anonymous) at (15,10) size 71x18
            RenderText at (0,0) size 71x17
              text run at (0,0) width 71: "Five Tabs"
        RenderText {#text} at (0,0) size 0x0
