layer at (0,0) size 800x600
  RenderView at (0,0) size 800x600
layer at (0,0) size 800x600
  RenderBlock {HTML} at (0,0) size 800x600
    RenderBody {BODY} at (8,8) size 784x584
      RenderTextControl {INPUT} at (2,2) size 194x28 [color=#202020]
      RenderText {#text} at (0,0) size 0x0
layer at (14,16) size 187x18
  RenderBlock {DIV} at (4,6) size 187x18
layer at (14,16) size 187x18
  RenderBlock (relative positioned) {DIV} at (4,6) size 187x18 [color=#A9A9A9]
    RenderText {#text} at (1,0) size 45x17
      text run at (1,0) width 45: "foobar"
