layer at (0,0) size 800x600
  RenderView at (0,0) size 800x600
layer at (0,0) size 800x600
  RenderBlock {HTML} at (0,0) size 800x600
    RenderBody {BODY} at (8,8) size 784x584
      RenderTextControl {INPUT} at (2,2) size 194x28 [color=#202020]
        RenderDeprecatedFlexibleBox {DIV} at (4,6) size 187x18
          RenderBlock {DIV} at (0,9) size 0x0
          RenderBlock {DIV} at (0,0) size 187x18
          RenderBlock {DIV} at (187,9) size 0x0
      RenderBR {BR} at (198,22) size 0x0
      RenderTextControl {INPUT} at (2,34) size 194x28 [color=#202020]
      RenderBR {BR} at (198,54) size 0x0
      RenderTextControl {INPUT} at (2,66) size 194x28 [color=#202020]
        RenderDeprecatedFlexibleBox {DIV} at (4,6) size 187x18
          RenderBlock {DIV} at (0,9) size 0x0
          RenderBlock {DIV} at (0,0) size 187x18
          RenderBlock {DIV} at (187,9) size 0x0
      RenderBR {BR} at (198,86) size 0x0
      RenderTextControl {INPUT} at (2,98) size 194x28 [color=#202020]
        RenderDeprecatedFlexibleBox {DIV} at (4,6) size 187x18
          RenderBlock {DIV} at (0,9) size 0x0
          RenderBlock {DIV} at (0,0) size 187x18
          RenderBlock {DIV} at (187,9) size 0x0
      RenderBR {BR} at (198,118) size 0x0
      RenderBR {BR} at (191,178) size 0x0
      RenderTextControl {INPUT} at (2,180) size 194x28 [color=#202020]
      RenderBR {BR} at (198,200) size 0x0
      RenderBR {BR} at (191,260) size 0x0
      RenderTextControl {INPUT} at (5,265) size 180x29 [bgcolor=#FFFFFF] [border: (5px solid #000000)]
      RenderBR {BR} at (190,285) size 0x0
      RenderTextControl {INPUT} at (2,301) size 194x35 [color=#202020]
      RenderText {#text} at (198,314) size 3x14
        text run at (198,314) width 3: " "
      RenderTextControl {INPUT} at (203,301) size 194x35 [color=#202020]
      RenderText {#text} at (399,314) size 3x14
        text run at (399,314) width 3: " "
      RenderBR {BR} at (402,325) size 0x0
      RenderTextControl {INPUT} at (2,340) size 194x28 [color=#202020]
      RenderText {#text} at (198,349) size 3x14
        text run at (198,349) width 3: " "
      RenderTextControl {INPUT} at (203,340) size 194x28 [color=#202020]
      RenderText {#text} at (399,349) size 3x14
        text run at (399,349) width 3: " "
      RenderTextControl {INPUT} at (404,340) size 194x28 [color=#202020]
      RenderText {#text} at (600,349) size 3x14
        text run at (600,349) width 3: " "
      RenderBR {BR} at (603,360) size 0x0
      RenderBR {BR} at (198,392) size 0x0
layer at (14,16) size 187x18
  RenderBlock {DIV} at (0,0) size 187x18
layer at (14,48) size 187x18
  RenderBlock {DIV} at (4,6) size 187x18
layer at (14,80) size 187x18
  RenderBlock {DIV} at (0,0) size 187x18
layer at (14,112) size 187x18
  RenderBlock {DIV} at (0,0) size 187x18
layer at (10,138) size 187x46
  RenderTextControl {TEXTAREA} at (2,130) size 187x46 [color=#202020]
    RenderBlock {DIV} at (4,6) size 180x18
layer at (14,194) size 187x18
  RenderBlock {DIV} at (4,6) size 187x18
layer at (10,220) size 187x46
  RenderTextControl {TEXTAREA} at (2,212) size 187x46 [color=#202020]
    RenderBlock {DIV} at (4,6) size 180x18
layer at (19,279) size 168x17
  RenderBlock {DIV} at (6,6) size 168x17
layer at (14,315) size 187x25
  RenderBlock {DIV} at (4,6) size 187x25
    RenderText {#text} at (1,4) size 42x17
      text run at (1,4) width 42: "Value"
layer at (215,315) size 187x25
  RenderBlock {DIV} at (4,6) size 187x25
layer at (14,354) size 187x18
  RenderBlock {DIV} at (4,6) size 187x18
    RenderText {#text} at (72,0) size 43x17
      text run at (72,0) width 43: "Value"
layer at (215,354) size 187x18
  RenderBlock {DIV} at (4,6) size 187x18
layer at (416,354) size 187x18
  RenderBlock {DIV} at (4,6) size 187x18
layer at (14,16) size 187x18
  RenderBlock (relative positioned) {DIV} at (4,6) size 187x18 [color=#A9A9A9]
    RenderText {#text} at (1,0) size 84x17
      text run at (1,0) width 84: "placeholder"
layer at (14,48) size 187x18
  RenderBlock (relative positioned) {DIV} at (4,6) size 187x18 [color=#A9A9A9]
    RenderText {#text} at (1,0) size 84x17
      text run at (1,0) width 84: "placeholder"
layer at (14,80) size 187x18
  RenderBlock (relative positioned) {DIV} at (4,6) size 187x18 [color=#A9A9A9]
    RenderText {#text} at (102,0) size 84x17
      text run at (102,0) width 84: "placeholder"
layer at (14,112) size 187x18
  RenderBlock (relative positioned) {DIV} at (4,6) size 187x18 [color=#A9A9A9]
    RenderText {#text} at (1,0) size 84x17
      text run at (1,0) width 84: "placeholder"
layer at (14,144) size 180x18
  RenderBlock (relative positioned) {DIV} at (4,6) size 180x18 [color=#A9A9A9]
    RenderText {#text} at (0,0) size 84x17
      text run at (0,0) width 84: "placeholder"
layer at (14,194) size 187x18
  RenderBlock (relative positioned) {DIV} at (4,6) size 187x18 [color=#A9A9A9]
    RenderText {#text} at (1,0) size 84x17
      text run at (1,0) width 84: "placeholder"
layer at (14,226) size 180x18
  RenderBlock (relative positioned) {DIV} at (4,6) size 180x18 [color=#A9A9A9]
    RenderText {#text} at (0,0) size 84x17
      text run at (0,0) width 84: "placeholder"
layer at (19,279) size 168x17
  RenderBlock (relative positioned) {DIV} at (6,6) size 168x17 [color=#A9A9A9]
    RenderText {#text} at (1,0) size 75x17
      text run at (1,0) width 75: "placeholder"
layer at (215,315) size 187x25
  RenderBlock (relative positioned) {DIV} at (4,6) size 187x25 [color=#A9A9A9]
    RenderText {#text} at (1,4) size 84x17
      text run at (1,4) width 84: "placeholder"
layer at (215,354) size 187x18
  RenderBlock (relative positioned) {DIV} at (4,6) size 187x18 [color=#A9A9A9]
    RenderText {#text} at (51,0) size 85x17
      text run at (51,0) width 85: "placeholder"
layer at (416,354) size 187x18
  RenderBlock (relative positioned) {DIV} at (4,6) size 187x18 [color=#A9A9A9]
    RenderText {#text} at (51,0) size 85x17
      text run at (51,0) width 85: "placeholder"
layer at (10,380) size 194x28
  RenderTextControl {INPUT} at (2,372) size 194x28 [color=#202020]
layer at (14,386) size 187x18
  RenderBlock {DIV} at (4,6) size 187x18
layer at (14,386) size 187x18
  RenderBlock (relative positioned) {DIV} at (4,6) size 187x18 [color=#A9A9A9]
    RenderText {#text} at (1,0) size 84x17
      text run at (1,0) width 84: "placeholder"
