layer at (0,0) size 800x600
  RenderView at (0,0) size 800x600
layer at (0,0) size 800x600
  RenderBlock {HTML} at (0,0) size 800x600
    RenderBody {BODY} at (8,8) size 784x584
      RenderBlock (anonymous) at (0,0) size 784x28
        RenderText {#text} at (0,0) size 615x14
          text run at (0,0) width 615: "This will test that radio buttons can be moved in and out of forms while maintaining only one checked button per group, per form. "
        RenderBR {BR} at (615,11) size 0x0
        RenderText {#text} at (0,14) size 262x14
          text run at (0,14) width 262: "Test 1: Transfer radio buttons from <body> to <form>:"
        RenderText {#text} at (0,0) size 0x0
        RenderText {#text} at (0,0) size 0x0
      RenderBlock {FORM} at (0,28) size 784x18
        RenderBlock {INPUT} at (4,3) size 12x12
        RenderBlock {INPUT} at (24,3) size 12x12
      RenderBlock {DIV} at (0,58) size 784x14
        RenderText {#text} at (0,0) size 69x14
          text run at (0,0) width 69: "Test 1 Passed"
      RenderBlock (anonymous) at (0,72) size 784x28
        RenderBR {BR} at (0,0) size 0x14
        RenderText {#text} at (0,14) size 262x14
          text run at (0,14) width 262: "Test 2: Transfer radio buttons from <form> to <body>:"
      RenderBlock {FORM} at (0,100) size 784x0
        RenderText {#text} at (0,0) size 0x0
        RenderText {#text} at (0,0) size 0x0
      RenderBlock {DIV} at (0,112) size 784x14
        RenderText {#text} at (0,0) size 69x14
          text run at (0,0) width 69: "Test 2 Passed"
      RenderBlock (anonymous) at (0,126) size 784x28
        RenderBR {BR} at (0,0) size 0x14
        RenderText {#text} at (0,14) size 424x14
          text run at (0,14) width 424: "Test 3: Transfer radio buttons from <form> to <body> with a dormant state in the middle:"
      RenderBlock {FORM} at (0,154) size 784x0
        RenderText {#text} at (0,0) size 0x0
        RenderText {#text} at (0,0) size 0x0
      RenderBlock {DIV} at (0,166) size 784x14
        RenderText {#text} at (0,0) size 69x14
          text run at (0,0) width 69: "Test 3 Passed"
      RenderBlock (anonymous) at (0,180) size 784x28
        RenderBR {BR} at (0,0) size 0x14
        RenderText {#text} at (0,14) size 193x14
          text run at (0,14) width 193: "Test 4: Transfer from <form> to <form>"
      RenderBlock {FORM} at (0,208) size 784x0
        RenderText {#text} at (0,0) size 0x0
        RenderText {#text} at (0,0) size 0x0
      RenderBlock {FORM} at (0,220) size 784x18
        RenderBlock {INPUT} at (4,3) size 12x12
        RenderText {#text} at (20,1) size 3x14
          text run at (20,1) width 3: " "
        RenderBlock {INPUT} at (27,3) size 12x12
        RenderBlock {INPUT} at (47,3) size 12x12
      RenderBlock {DIV} at (0,250) size 784x14
        RenderText {#text} at (0,0) size 69x14
          text run at (0,0) width 69: "Test 4 Passed"
      RenderBlock (anonymous) at (0,264) size 784x18
        RenderBlock {INPUT} at (4,3) size 12x12
        RenderBlock {INPUT} at (24,3) size 12x12
        RenderBlock {INPUT} at (44,3) size 12x12
        RenderBlock {INPUT} at (64,3) size 12x12
