layer at (0,0) size 800x600
  RenderView at (0,0) size 800x600
layer at (0,0) size 800x600
  RenderBlock {HTML} at (0,0) size 800x600
    RenderBody {BODY} at (8,8) size 784x580
      RenderBlock {P} at (0,0) size 784x28
        RenderText {#text} at (0,0) size 749x28
          text run at (0,0) width 314: "Test that search field text is vertically centered if the search field is "
          text run at (314,0) width 329: "taller than the text. In each of the following pairs of a search field and "
          text run at (643,0) width 106: "a text field, the vertical"
          text run at (0,14) width 157: "position of the text should be the "
          text run at (157,14) width 92: "same in both fields."
      RenderBlock {P} at (0,40) size 784x46
        RenderTextControl {INPUT} at (2,1) size 193x45 [bgcolor=#FFFFFF] [border: (2px inset #000000)]
          RenderDeprecatedFlexibleBox {DIV} at (3,3) size 187x39
            RenderBlock {DIV} at (0,19) size 0x0
            RenderBlock {DIV} at (0,10) size 187x18
            RenderBlock {DIV} at (187,19) size 0x0
        RenderText {#text} at (197,17) size 3x14
          text run at (197,17) width 3: " "
        RenderTextControl {INPUT} at (202,0) size 193x45 [bgcolor=#FFFFFF] [border: (2px inset #000000)]
        RenderText {#text} at (0,0) size 0x0
      RenderBlock {P} at (0,98) size 784x19
        RenderTextControl {INPUT} at (2,0) size 193x16 [bgcolor=#FFFFFF] [border: (2px inset #000000)]
          RenderDeprecatedFlexibleBox {DIV} at (3,0) size 187x16
            RenderBlock {DIV} at (0,8) size 0x0
            RenderBlock {DIV} at (0,0) size 187x18
            RenderBlock {DIV} at (187,8) size 0x0
        RenderText {#text} at (197,5) size 3x14
          text run at (197,5) width 3: " "
        RenderTextControl {INPUT} at (202,3) size 193x16 [bgcolor=#FFFFFF] [border: (2px inset #000000)]
        RenderText {#text} at (0,0) size 0x0
      RenderBlock {P} at (0,129) size 784x15
        RenderTextControl {INPUT} at (2,0) size 193x12 [bgcolor=#FFFFFF] [border: (2px inset #000000)]
          RenderDeprecatedFlexibleBox {DIV} at (3,0) size 187x12
            RenderBlock {DIV} at (0,6) size 0x0
            RenderBlock {DIV} at (0,0) size 187x18
            RenderBlock {DIV} at (187,6) size 0x0
        RenderText {#text} at (197,1) size 3x14
          text run at (197,1) width 3: " "
        RenderTextControl {INPUT} at (202,0) size 193x12 [bgcolor=#FFFFFF] [border: (2px inset #000000)]
        RenderText {#text} at (0,0) size 0x0
layer at (13,62) size 187x18
  RenderBlock {DIV} at (0,0) size 187x18
    RenderText {#text} at (1,0) size 31x17
      text run at (1,0) width 31: "Text"
layer at (213,62) size 187x18
  RenderBlock {DIV} at (3,14) size 187x18
    RenderText {#text} at (1,0) size 31x17
      text run at (1,0) width 31: "Text"
layer at (13,106) size 187x18
  RenderBlock {DIV} at (0,0) size 187x18
    RenderText {#text} at (1,0) size 31x17
      text run at (1,0) width 31: "Text"
layer at (213,108) size 187x18
  RenderBlock {DIV} at (3,-1) size 187x18
    RenderText {#text} at (1,0) size 31x17
      text run at (1,0) width 31: "Text"
layer at (13,137) size 187x18
  RenderBlock {DIV} at (0,0) size 187x18
    RenderText {#text} at (1,0) size 31x17
      text run at (1,0) width 31: "Text"
layer at (213,134) size 187x18
  RenderBlock {DIV} at (3,-3) size 187x18
    RenderText {#text} at (1,0) size 31x17
      text run at (1,0) width 31: "Text"
