layer at (0,0) size 800x600
  RenderView at (0,0) size 800x600
layer at (0,0) size 800x600
  RenderBlock {HTML} at (0,0) size 800x600
    RenderBody {BODY} at (8,8) size 784x584
      RenderBlock {P} at (0,0) size 784x14
        RenderText {#text} at (0,0) size 288x14
          text run at (0,0) width 288: "Only the second search field should have a cancel button (\x{D7})."
      RenderBlock (anonymous) at (0,26) size 784x32
        RenderTextControl {INPUT} at (2,2) size 194x28 [color=#202020]
          RenderDeprecatedFlexibleBox {DIV} at (4,6) size 187x18
            RenderBlock {DIV} at (0,9) size 0x0
            RenderBlock {DIV} at (0,0) size 187x18
            RenderBlock {DIV} at (187,9) size 0x0
        RenderText {#text} at (198,11) size 3x14
          text run at (198,11) width 3: " "
        RenderTextControl {INPUT} at (203,2) size 194x28 [color=#202020]
          RenderDeprecatedFlexibleBox {DIV} at (4,6) size 187x18
            RenderBlock {DIV} at (0,9) size 0x0
            RenderBlock {DIV} at (0,0) size 187x18
            RenderBlock {DIV} at (187,9) size 0x0
        RenderText {#text} at (0,0) size 0x0
layer at (14,42) size 187x18
  RenderBlock {DIV} at (0,0) size 187x18
layer at (215,42) size 187x18
  RenderBlock {DIV} at (0,0) size 187x18
    RenderText {#text} at (1,0) size 56x17
      text run at (1,0) width 56: "this one"
