layer at (0,0) size 800x600
  RenderView at (0,0) size 800x600
layer at (0,0) size 800x600
  RenderBlock {HTML} at (0,0) size 800x600
    RenderBody {BODY} at (8,8) size 784x580
      RenderBlock {P} at (0,0) size 784x14
        RenderText {#text} at (0,0) size 40x14
          text run at (0,0) width 40: "Test for "
        RenderInline {I} at (0,0) size 523x14
          RenderInline {A} at (0,0) size 226x14 [color=#0000EE]
            RenderText {#text} at (40,0) size 226x14
              text run at (40,0) width 226: "http://bugs.webkit.org/show_bug.cgi?id=11916"
          RenderText {#text} at (266,0) size 297x14
            text run at (266,0) width 3: " "
            text run at (269,0) width 294: "REGRESSION (SearchField): RTL search fields are mixed up"
        RenderText {#text} at (563,0) size 3x14
          text run at (563,0) width 3: "."
      RenderBlock {P} at (0,26) size 784x99
        RenderTextControl {INPUT} at (2,2) size 195x29 [color=#202020]
          RenderDeprecatedFlexibleBox {DIV} at (4,6) size 188x19
            RenderBlock {DIV} at (0,9) size 0x0
            RenderBlock {DIV} at (0,0) size 188x19
            RenderBlock {DIV} at (188,9) size 0x0
        RenderText {#text} at (199,12) size 3x14
          text run at (199,12) width 3: " "
        RenderBR {BR} at (0,0) size 0x0
        RenderTextControl {INPUT} at (2,35) size 285x29 [color=#202020]
          RenderDeprecatedFlexibleBox {DIV} at (4,6) size 278x19
            RenderBlock {DIV} at (0,9) size 0x0
            RenderBlock {DIV} at (0,0) size 278x19
            RenderBlock {DIV} at (278,9) size 0x0
        RenderText {#text} at (289,45) size 3x14
          text run at (289,45) width 3: " "
        RenderBR {BR} at (0,0) size 0x0
        RenderTextControl {INPUT} at (2,68) size 195x29 [color=#202020]
          RenderDeprecatedFlexibleBox {DIV} at (4,6) size 188x19
            RenderBlock {DIV} at (0,9) size 0x0
            RenderBlock {DIV} at (0,0) size 188x19
            RenderBlock {DIV} at (188,9) size 0x0
        RenderText {#text} at (0,0) size 0x0
      RenderBlock {P} at (0,137) size 784x14
        RenderText {#text} at (0,0) size 27x14
          text run at (0,0) width 27: "FAIL"
layer at (14,42) size 188x19
  RenderBlock {DIV} at (0,0) size 188x19
    RenderText {#text} at (13,0) size 174x19
      text run at (13,0) width 28 RTL: " \x{5D5}\x{5D6}\x{5D4}\x{5D5}"
      text run at (41,0) width 26: "she"
      text run at (67,0) width 55 RTL: " \x{5D5}\x{5D4}\x{5D9}\x{5D0} \x{5D6}\x{5D4} "
      text run at (122,0) width 18: "he"
      text run at (140,0) width 47 RTL: "\x{5D4}\x{5D5}\x{5D0} \x{5D6}\x{5D4} "
layer at (14,75) size 278x19
  RenderBlock {DIV} at (0,0) size 278x19
    RenderText {#text} at (103,0) size 174x19
      text run at (103,0) width 28 RTL: " \x{5D5}\x{5D6}\x{5D4}\x{5D5}"
      text run at (131,0) width 26: "she"
      text run at (157,0) width 55 RTL: " \x{5D5}\x{5D4}\x{5D9}\x{5D0} \x{5D6}\x{5D4} "
      text run at (212,0) width 18: "he"
      text run at (230,0) width 47 RTL: "\x{5D4}\x{5D5}\x{5D0} \x{5D6}\x{5D4} "
layer at (14,108) size 188x19
  RenderBlock {DIV} at (0,0) size 188x19
    RenderText {#text} at (59,0) size 128x19
      text run at (59,0) width 128: "click the (x) button"
caret: position 19 of child 0 {#text} of child 0 {DIV} of child 1 {DIV} of child 0 {DIV} of {#shadow-root} of child 9 {INPUT} of child 3 {P} of body
