layer at (0,0) size 800x600
  RenderView at (0,0) size 800x600
layer at (0,0) size 800x600
  RenderBlock {HTML} at (0,0) size 800x600
    RenderBody {BODY} at (8,8) size 784x584
      RenderText {#text} at (0,0) size 335x14
        text run at (0,0) width 335: "This tests that you can dynamically change a popup menu to a list box. "
      RenderBR {BR} at (335,11) size 0x0
      RenderListBox {SELECT} at (2,16) size 217x91 [bgcolor=#FFFFFF] [border: (1px inset #808080)]
      RenderText {#text} at (0,0) size 0x0
