layer at (0,0) size 800x600
  RenderView at (0,0) size 800x600
layer at (0,0) size 800x600
  RenderBlock {HTML} at (0,0) size 800x600
    RenderBody {BODY} at (8,8) size 784x584
      RenderText {#text} at (0,0) size 69x14
        text run at (0,0) width 69: "initial selected:"
      RenderBR {BR} at (69,11) size 0x0
      RenderListBox {SELECT} at (2,16) size 169x73 [bgcolor=#FFFFFF] [border: (1px inset #808080)]
      RenderText {#text} at (173,73) size 3x14
        text run at (173,73) width 3: " "
      RenderBR {BR} at (176,84) size 0x0
      RenderText {#text} at (0,91) size 119x14
        text run at (0,91) width 119: "dynamic selected change:"
      RenderBR {BR} at (119,102) size 0x0
      RenderListBox {SELECT} at (2,107) size 169x73 [bgcolor=#FFFFFF] [border: (1px inset #808080)]
      RenderText {#text} at (173,164) size 3x14
        text run at (173,164) width 3: " "
      RenderText {#text} at (0,0) size 0x0
      RenderBR {BR} at (0,0) size 0x0
      RenderText {#text} at (0,182) size 158x14
        text run at (0,182) width 158: "dynamic insert of selected option:"
      RenderBR {BR} at (158,193) size 0x0
      RenderListBox {SELECT} at (2,198) size 169x73 [bgcolor=#FFFFFF] [border: (1px inset #808080)]
      RenderText {#text} at (173,255) size 3x14
        text run at (173,255) width 3: " "
      RenderBR {BR} at (176,266) size 0x0
      RenderText {#text} at (0,273) size 69x14
        text run at (0,273) width 69: "initial selected:"
      RenderBR {BR} at (69,284) size 0x0
      RenderMenuList {SELECT} at (2,289) size 219x38 [color=#202020]
        RenderBlock (anonymous) at (15,10) size 163x18
          RenderText at (0,0) size 163x17
            text run at (0,0) width 163: "this should be selected"
      RenderText {#text} at (223,302) size 3x14
        text run at (223,302) width 3: " "
      RenderBR {BR} at (226,313) size 0x0
      RenderText {#text} at (0,329) size 119x14
        text run at (0,329) width 119: "dynamic selected change:"
      RenderBR {BR} at (119,340) size 0x0
      RenderMenuList {SELECT} at (2,345) size 219x38 [color=#202020]
        RenderBlock (anonymous) at (15,10) size 163x18
          RenderText at (0,0) size 163x17
            text run at (0,0) width 163: "this should be selected"
      RenderText {#text} at (223,358) size 3x14
        text run at (223,358) width 3: " "
      RenderText {#text} at (0,0) size 0x0
      RenderBR {BR} at (0,0) size 0x0
      RenderText {#text} at (0,385) size 158x14
        text run at (0,385) width 158: "dynamic insert of selected option:"
      RenderBR {BR} at (158,396) size 0x0
      RenderMenuList {SELECT} at (2,401) size 219x38 [color=#202020]
        RenderBlock (anonymous) at (15,10) size 163x18
          RenderText at (0,0) size 163x17
            text run at (0,0) width 163: "this should be selected"
      RenderText {#text} at (0,0) size 0x0
