layer at (0,0) size 800x600
  RenderView at (0,0) size 800x600
layer at (0,0) size 800x600
  RenderBlock {HTML} at (0,0) size 800x600
    RenderBody {BODY} at (8,8) size 784x580
      RenderBlock {P} at (0,0) size 784x14
        RenderText {#text} at (0,0) size 40x14
          text run at (0,0) width 40: "Test for "
        RenderInline {I} at (0,0) size 632x14
          RenderInline {A} at (0,0) size 226x14 [color=#0000EE]
            RenderText {#text} at (40,0) size 226x14
              text run at (40,0) width 226: "http://bugs.webkit.org/show_bug.cgi?id=13896"
          RenderText {#text} at (266,0) size 406x14
            text run at (266,0) width 3: " "
            text run at (269,0) width 403: "REGRESSION (NativePopup): Reproductible crasher on Google Coop control panel"
        RenderText {#text} at (672,0) size 3x14
          text run at (672,0) width 3: "."
      RenderBlock {P} at (0,26) size 784x14
        RenderText {#text} at (0,0) size 135x14
          text run at (0,0) width 135: "No crash means SUCCESS."
