layer at (0,0) size 800x600
  RenderView at (0,0) size 800x600
layer at (0,0) size 800x600
  RenderBlock {HTML} at (0,0) size 800x600
    RenderBody {BODY} at (8,8) size 784x584
      RenderText {#text} at (0,0) size 418x14
        text run at (0,0) width 189: "This tests that styled popups look right. "
        text run at (189,0) width 229: "(Aqua for now- later, we will honor the styling)."
      RenderBR {BR} at (418,11) size 0x0
      RenderMenuList {SELECT} at (2,16) size 81x38 [color=#202020]
        RenderBlock (anonymous) at (15,10) size 25x18
          RenderText at (0,0) size 25x17
            text run at (0,0) width 25: "test"
      RenderText {#text} at (85,29) size 3x14
        text run at (85,29) width 3: " "
      RenderBR {BR} at (88,40) size 0x0
      RenderText {#text} at (0,56) size 396x14
        text run at (0,56) width 396: "This tests that background color is white by default regardless of the parent element."
      RenderBR {BR} at (396,67) size 0x0
      RenderInline {SPAN} at (0,0) size 98x24 [bgcolor=#FF0000]
        RenderText {#text} at (0,0) size 0x0
        RenderMenuList {SELECT} at (7,72) size 81x38 [color=#202020]
          RenderBlock (anonymous) at (15,10) size 25x18
            RenderText at (0,0) size 25x17
              text run at (0,0) width 25: "test"
        RenderText {#text} at (90,85) size 3x14
          text run at (90,85) width 3: " "
      RenderText {#text} at (0,0) size 0x0
      RenderBR {BR} at (0,0) size 0x0
      RenderText {#text} at (0,112) size 470x14
        text run at (0,112) width 470: "This tests that background color is inherited from the parent if background-color:inherit is specified."
      RenderBR {BR} at (470,123) size 0x0
      RenderInline {SPAN} at (0,0) size 98x24 [bgcolor=#FF0000]
        RenderText {#text} at (0,0) size 0x0
        RenderMenuList {SELECT} at (7,128) size 81x38 [color=#202020]
          RenderBlock (anonymous) at (15,10) size 25x18
            RenderText at (0,0) size 25x17
              text run at (0,0) width 25: "test"
        RenderText {#text} at (90,141) size 3x14
          text run at (90,141) width 3: " "
      RenderText {#text} at (0,0) size 0x0
      RenderBR {BR} at (0,0) size 0x0
      RenderText {#text} at (0,168) size 479x14
        text run at (0,168) width 479: "This tests that background color is the same as the parent if background-color:transparent is specified."
      RenderBR {BR} at (479,179) size 0x0
      RenderInline {SPAN} at (0,0) size 98x24 [bgcolor=#FF0000]
        RenderText {#text} at (0,0) size 0x0
        RenderMenuList {SELECT} at (7,184) size 81x38 [color=#202020]
          RenderBlock (anonymous) at (15,10) size 25x18
            RenderText at (0,0) size 25x17
              text run at (0,0) width 25: "test"
        RenderText {#text} at (90,197) size 3x14
          text run at (90,197) width 3: " "
      RenderText {#text} at (0,0) size 0x0
      RenderBR {BR} at (0,0) size 0x0
      RenderText {#text} at (0,224) size 374x14
        text run at (0,224) width 374: "This tests that background is white if only background-image:none is specified."
      RenderBR {BR} at (374,235) size 0x0
      RenderMenuList {SELECT} at (2,240) size 81x38 [color=#202020]
        RenderBlock (anonymous) at (15,10) size 25x18
          RenderText at (0,0) size 25x17
            text run at (0,0) width 25: "test"
      RenderText {#text} at (85,253) size 3x14
        text run at (85,253) width 3: " "
      RenderBR {BR} at (88,264) size 0x0
      RenderText {#text} at (0,280) size 314x14
        text run at (0,280) width 314: "This tests that the image specified for background-image is visible."
      RenderBR {BR} at (314,291) size 0x0
      RenderMenuList {SELECT} at (2,296) size 81x38 [color=#202020]
        RenderBlock (anonymous) at (15,10) size 25x18
          RenderText at (0,0) size 25x17
            text run at (0,0) width 25: "test"
      RenderText {#text} at (0,0) size 0x0
