layer at (0,0) size 800x600
  RenderView at (0,0) size 800x600
layer at (0,0) size 800x600
  RenderBlock {HTML} at (0,0) size 800x600
    RenderBody {BODY} at (8,8) size 784x584
      RenderBlock (anonymous) at (0,0) size 784x14
        RenderText {#text} at (0,0) size 125x14
          text run at (0,0) width 125: "The text should be default:"
      RenderBlock {FORM} at (0,20) size 784x48
        RenderBlock {HR} at (0,0) size 784x2 [border: (1px inset #000000)]
        RenderBlock (anonymous) at (0,8) size 784x32
          RenderInline {LABEL} at (0,0) size 439x14
            RenderText {#text} at (0,11) size 241x14
              text run at (0,11) width 241: "This is a searchable index. Enter search keywords: "
            RenderTextControl {INPUT} at (243,2) size 194x28 [color=#202020]
        RenderBlock {HR} at (0,46) size 784x2 [border: (1px inset #000000)]
      RenderBlock (anonymous) at (0,80) size 784x14
        RenderText {#text} at (0,0) size 108x14
          text run at (0,0) width 108: "The text should be red:"
      RenderBlock {FORM} at (0,100) size 784x48
        RenderBlock {HR} at (0,0) size 784x2 [border: (1px inset #000000)]
        RenderBlock (anonymous) at (0,8) size 784x32
          RenderInline {LABEL} at (0,0) size 439x14
            RenderText {#text} at (0,11) size 241x14
              text run at (0,11) width 241: "This is a searchable index. Enter search keywords: "
            RenderTextControl {INPUT} at (243,2) size 194x28 [color=#202020]
        RenderBlock {HR} at (0,46) size 784x2 [border: (1px inset #000000)]
      RenderBlock (anonymous) at (0,160) size 784x14
        RenderText {#text} at (0,0) size 158x14
          text run at (0,0) width 158: "The text should be gray on green:"
      RenderBlock {FORM} at (0,180) size 784x44
        RenderBlock {HR} at (0,0) size 784x2 [border: (1px inset #000000)]
        RenderBlock (anonymous) at (0,8) size 784x28
          RenderInline {LABEL} at (0,0) size 438x14
            RenderText {#text} at (0,8) size 241x14
              text run at (0,8) width 241: "This is a searchable index. Enter search keywords: "
            RenderTextControl {INPUT} at (243,2) size 193x24 [bgcolor=#008000] [border: (2px inset #000000)]
        RenderBlock {HR} at (0,42) size 784x2 [border: (1px inset #000000)]
      RenderBlock (anonymous) at (0,236) size 784x14
        RenderText {#text} at (0,0) size 155x14
          text run at (0,0) width 155: "The text should be red on Green:"
      RenderBlock {FORM} at (0,256) size 784x44
        RenderBlock {HR} at (0,0) size 784x2 [border: (1px inset #000000)]
        RenderBlock (anonymous) at (0,8) size 784x28
          RenderInline {LABEL} at (0,0) size 438x14
            RenderText {#text} at (0,8) size 241x14
              text run at (0,8) width 241: "This is a searchable index. Enter search keywords: "
            RenderTextControl {INPUT} at (243,2) size 193x24 [color=#FF0000] [bgcolor=#008000] [border: (2px inset #FF0000)]
        RenderBlock {HR} at (0,42) size 784x2 [border: (1px inset #000000)]
      RenderBlock (anonymous) at (0,312) size 784x60
        RenderTextControl {INPUT} at (2,2) size 194x28 [color=#202020]
        RenderText {#text} at (198,11) size 3x14
          text run at (198,11) width 3: " "
        RenderTextControl {INPUT} at (203,2) size 194x28 [color=#202020]
        RenderText {#text} at (399,11) size 3x14
          text run at (399,11) width 3: " "
        RenderTextControl {INPUT} at (404,5) size 193x24 [bgcolor=#008000] [border: (2px inset #000000)]
        RenderText {#text} at (599,11) size 3x14
          text run at (599,11) width 3: " "
        RenderTextControl {INPUT} at (2,34) size 193x24 [color=#FF0000] [bgcolor=#008000] [border: (2px inset #FF0000)]
        RenderText {#text} at (0,0) size 0x0
layer at (255,44) size 187x18
  RenderBlock {DIV} at (4,6) size 187x18
    RenderText {#text} at (1,0) size 48x17
      text run at (1,0) width 48: "default"
layer at (255,124) size 187x18
  RenderBlock {DIV} at (4,6) size 187x18
    RenderText {#text} at (1,0) size 23x17
      text run at (1,0) width 23: "red"
layer at (254,201) size 187x18
  RenderBlock {DIV} at (3,3) size 187x18
    RenderText {#text} at (1,0) size 115x17
      text run at (1,0) width 115: "default on green"
layer at (254,277) size 187x18
  RenderBlock {DIV} at (3,3) size 187x18
    RenderText {#text} at (1,0) size 90x17
      text run at (1,0) width 90: "red on green"
layer at (14,328) size 187x18
  RenderBlock {DIV} at (4,6) size 187x18
    RenderText {#text} at (1,0) size 48x17
      text run at (1,0) width 48: "default"
layer at (215,328) size 187x18
  RenderBlock {DIV} at (4,6) size 187x18
    RenderText {#text} at (1,0) size 23x17
      text run at (1,0) width 23: "red"
layer at (415,328) size 187x18
  RenderBlock {DIV} at (3,3) size 187x18
    RenderText {#text} at (1,0) size 115x17
      text run at (1,0) width 115: "default on green"
layer at (13,357) size 187x18
  RenderBlock {DIV} at (3,3) size 187x18
    RenderText {#text} at (1,0) size 90x17
      text run at (1,0) width 90: "red on green"
