layer at (0,0) size 800x600
  RenderView at (0,0) size 800x600
layer at (0,0) size 800x600
  RenderBlock {HTML} at (0,0) size 800x600
    RenderBody {BODY} at (8,8) size 784x584
      RenderBlock {P} at (0,0) size 784x14
        RenderText {#text} at (0,0) size 465x14
          text run at (0,0) width 465: "The following textarea elements should all be rendered on the left, with their text aligned to the left."
      RenderBlock (anonymous) at (0,26) size 784x209
        RenderText {#text} at (461,39) size 3x14
          text run at (461,39) width 3: " "
        RenderBR {BR} at (0,0) size 0x0
        RenderText {#text} at (461,92) size 3x14
          text run at (461,92) width 3: " "
        RenderBR {BR} at (0,0) size 0x0
        RenderText {#text} at (461,145) size 3x14
          text run at (461,145) width 3: " "
        RenderBR {BR} at (0,0) size 0x0
        RenderText {#text} at (0,0) size 0x0
        RenderText {#text} at (0,0) size 0x0
      RenderBlock {DIV} at (0,235) size 784x50
layer at (10,36) size 457x46
  RenderTextControl {TEXTAREA} at (2,2) size 457x46 [color=#202020]
    RenderBlock {DIV} at (4,6) size 450x18
      RenderText {#text} at (0,0) size 250x17
        text run at (0,0) width 250: "This is should be aligned to the left."
layer at (10,89) size 457x46
  RenderTextControl {TEXTAREA} at (2,55) size 457x46 [color=#202020]
    RenderBlock {DIV} at (4,6) size 450x18
      RenderText {#text} at (0,0) size 250x17
        text run at (0,0) width 250: "This is should be aligned to the left."
layer at (10,142) size 457x46
  RenderTextControl {TEXTAREA} at (2,108) size 457x46 [color=#202020]
    RenderBlock {DIV} at (4,6) size 450x18
      RenderText {#text} at (0,0) size 250x17
        text run at (0,0) width 250: "This is should be aligned to the left."
layer at (10,195) size 457x46
  RenderTextControl {TEXTAREA} at (2,161) size 457x46 [color=#202020]
    RenderBlock {DIV} at (4,6) size 450x18
      RenderText {#text} at (0,0) size 250x17
        text run at (0,0) width 250: "This is should be aligned to the left."
layer at (10,245) size 457x46
  RenderTextControl {TEXTAREA} at (2,2) size 457x46 [color=#202020]
    RenderBlock {DIV} at (4,6) size 450x18
      RenderText {#text} at (0,0) size 250x17
        text run at (0,0) width 250: "This is should be aligned to the left."
