layer at (0,0) size 800x600
  RenderView at (0,0) size 800x600
layer at (0,0) size 800x600
  RenderBlock {HTML} at (0,0) size 800x600
    RenderBody {BODY} at (8,8) size 784x584
      RenderBlock {DIV} at (0,0) size 784x28
        RenderText {#text} at (0,0) size 751x28
          text run at (0,0) width 751: "This text area should be drawn with a reasonable width. To match IE, using GDI fonts it should wrap at 66 characters (after the X in the third set of digits). See"
          text run at (0,14) width 233: "https://bugs.webkit.org/show_bug.cgi?id=15312."
      RenderBlock (anonymous) at (0,28) size 784x264
        RenderBR {BR} at (0,0) size 0x14
        RenderText {#text} at (0,0) size 0x0
layer at (8,50) size 535x250
  RenderTextControl {TEXTAREA} at (0,14) size 535x250 [color=#202020]
    RenderBlock {DIV} at (4,6) size 528x36
      RenderText {#text} at (0,0) size 526x24
        text run at (0,0) width 526: "1234567890abcdefghijABCDEFGHIJ1234567890abcdefghijABCDEFGHIJ12345X7890abcdefghijABCDEFGXI"
        text run at (0,12) width 182: "J1234567890abcdefghijABCDEFGHIJ"
        text run at (182,12) width 0: " "
      RenderBR {BR} at (0,24) size 0x12
