layer at (0,0) size 800x600
  RenderView at (0,0) size 800x600
layer at (0,0) size 800x600
  RenderBlock {HTML} at (0,0) size 800x600
    RenderBody {BODY} at (8,8) size 784x584
      RenderBlock {P} at (0,0) size 784x28
        RenderText {#text} at (0,0) size 185x14
          text run at (0,0) width 185 LTR override: "This tests for a regression against "
        RenderInline {I} at (0,0) size 781x28
          RenderInline {A} at (0,0) size 292x14 [color=#0000EE]
            RenderText {#text} at (185,0) size 292x14
              text run at (185,0) width 292 LTR override: "http://bugzilla.opendarwin.org/show_bug.cgi?id=8076"
          RenderText {#text} at (477,0) size 781x28
            text run at (477,0) width 304 LTR override: " REGRESSION: native text fields are reversed on \"visual"
            text run at (0,14) width 84 LTR override: "Hebrew\" pages"
        RenderText {#text} at (84,14) size 3x14
          text run at (84,14) width 3 LTR override: "."
      RenderBlock {HR} at (0,40) size 784x2 [border: (1px inset #000000)]
      RenderBlock {P} at (0,54) size 784x14
        RenderText {#text} at (0,0) size 228x14
          text run at (0,0) width 228 LTR override: "Text in the field should look like this: \x{5E8}\x{5D5}\x{5EA}\x{5E4}\x{5DB}"
      RenderBlock (anonymous) at (0,80) size 784x32
        RenderTextControl {INPUT} at (2,2) size 194x28 [color=#202020]
        RenderText {#text} at (0,0) size 0x0
layer at (14,96) size 187x18
  RenderBlock {DIV} at (4,6) size 187x18
    RenderText {#text} at (1,0) size 38x17
      text run at (1,0) width 38 RTL: "\x{5DB}\x{5E4}\x{5EA}\x{5D5}\x{5E8}"
