layer at (0,0) size 980x735
  RenderView at (0,0) size 980x735
layer at (0,0) size 980x535
  RenderBlock {HTML} at (0,0) size 980x535
    RenderBody {BODY} at (8,20) size 964x499
      RenderBlock {DIV} at (20,0) size 240x200 [bgcolor=#0000807F]
      RenderBlock (anonymous) at (0,220) size 964x244
        RenderText {#text} at (0,0) size 0x0
      RenderBlock {P} at (0,480) size 964x19
        RenderText {#text} at (0,0) size 308x19
          text run at (0,0) width 308: "Top and bottom should look the same."
layer at (28,260) size 240x200
  RenderHTMLCanvas {CANVAS} at (20,20) size 240x200 [bgcolor=#0000807F]
