layer at (0,0) size 980x735
  RenderView at (0,0) size 980x735
layer at (0,0) size 980x121
  RenderBlock {HTML} at (0,0) size 980x121
    RenderBody {BODY} at (8,16) size 964x89
      RenderBlock {P} at (0,0) size 964x19
        RenderText {#text} at (0,0) size 362x19
          text run at (0,0) width 362: "The following paragraphs should be identical:"
      RenderBlock {P} at (0,35) size 964x19
        RenderText {#text} at (0,0) size 310x19
          text run at (0,0) width 310: "This should be in a normal weight font."
      RenderBlock {P} at (0,70) size 964x19
        RenderText {#text} at (0,0) size 310x19
          text run at (0,0) width 310: "This should be in a normal weight font."
