layer at (0,0) size 980x735
  RenderView at (0,0) size 980x735
layer at (0,0) size 980x215
  RenderBlock {HTML} at (0,0) size 980x215
    RenderBody {BODY} at (8,16) size 964x183 [color=#000080]
      RenderBlock {P} at (0,0) size 964x19
        RenderText {#text} at (0,0) size 434x19
          text run at (0,0) width 434: "The next four blocks should look identical, to the pixel."
      RenderBlock {P} at (0,35) size 964x25 [border: (3px solid #000080)]
        RenderText {#text} at (3,3) size 34x19
          text run at (3,3) width 34: "Test"
      RenderBlock {P} at (0,76) size 964x25 [border: (3px solid #000080)]
        RenderText {#text} at (3,3) size 34x19
          text run at (3,3) width 34: "Test"
      RenderBlock {P} at (0,117) size 964x25 [border: (3px solid #000080)]
        RenderText {#text} at (3,3) size 34x19
          text run at (3,3) width 34: "Test"
      RenderBlock {P} at (0,158) size 964x25 [border: (3px solid #000080)]
        RenderText {#text} at (3,3) size 34x19
          text run at (3,3) width 34: "Test"
