layer at (0,0) size 980x735
  RenderView at (0,0) size 980x735
layer at (0,0) size 980x116
  RenderBlock {HTML} at (0,0) size 980x116
    RenderBody {BODY} at (8,16) size 964x92 [color=#0000FF]
      RenderBlock {P} at (0,0) size 964x19
        RenderText {#text} at (0,0) size 833x19
          text run at (0,0) width 833: "There should be three solid bars of colour below, each longer than the last, each of the colour specified."
      RenderBlock {DIV} at (0,35) size 964x19
        RenderText {#text} at (0,0) size 45x19
          text run at (0,0) width 45: "Blue: "
        RenderInline {SPAN} at (0,0) size 15x15
          RenderText {#text} at (45,4) size 15x15
            text run at (45,4) width 15: "X"
        RenderInline {SPAN} at (0,0) size 15x15
          RenderText {#text} at (60,4) size 15x15
            text run at (60,4) width 15: "X"
        RenderImage {IMG} at (75,4) size 15x15 [color=#FF0000]
        RenderText {#text} at (0,0) size 0x0
      RenderBlock {DIV} at (0,54) size 964x19
        RenderText {#text} at (0,0) size 70x19
          text run at (0,0) width 70: "Orange: "
        RenderInline {SPAN} at (0,0) size 15x15 [color=#FFA500]
          RenderText {#text} at (70,4) size 15x15
            text run at (70,4) width 15: "X"
        RenderInline {SPAN} at (0,0) size 15x15 [color=#FFA500]
          RenderText {#text} at (85,4) size 15x15
            text run at (85,4) width 15: "X"
        RenderInline {SPAN} at (0,0) size 15x15 [color=#FFA500]
          RenderText {#text} at (100,4) size 15x15
            text run at (100,4) width 15: "X"
        RenderInline {SPAN} at (0,0) size 15x15 [color=#FFA500]
          RenderText {#text} at (115,4) size 15x15
            text run at (115,4) width 15: "X"
        RenderImage {IMG} at (130,4) size 15x15 [color=#FF0000]
        RenderText {#text} at (0,0) size 0x0
      RenderBlock {DIV} at (0,73) size 964x19
        RenderText {#text} at (0,0) size 49x19
          text run at (0,0) width 49: "Lime: "
        RenderInline {SPAN} at (0,0) size 15x15 [color=#00FF00]
          RenderText {#text} at (49,4) size 15x15
            text run at (49,4) width 15: "X"
        RenderInline {SPAN} at (0,0) size 15x15 [color=#00FF00]
          RenderText {#text} at (64,4) size 15x15
            text run at (64,4) width 15: "X"
        RenderInline {SPAN} at (0,0) size 15x15 [color=#00FF00]
          RenderText {#text} at (79,4) size 15x15
            text run at (79,4) width 15: "X"
        RenderInline {SPAN} at (0,0) size 15x15 [color=#00FF00]
          RenderText {#text} at (94,4) size 15x15
            text run at (94,4) width 15: "X"
        RenderInline {SPAN} at (0,0) size 15x15 [color=#00FF00]
          RenderText {#text} at (109,4) size 15x15
            text run at (109,4) width 15: "X"
        RenderInline {SPAN} at (0,0) size 15x15 [color=#00FF00]
          RenderText {#text} at (124,4) size 15x15
            text run at (124,4) width 15: "X"
        RenderInline {SPAN} at (0,0) size 15x15 [color=#00FF00]
          RenderText {#text} at (139,4) size 15x15
            text run at (139,4) width 15: "X"
        RenderInline {SPAN} at (0,0) size 15x15 [color=#00FF00]
          RenderText {#text} at (154,4) size 15x15
            text run at (154,4) width 15: "X"
        RenderInline {SPAN} at (0,0) size 15x15 [color=#00FF00]
          RenderText {#text} at (169,4) size 15x15
            text run at (169,4) width 15: "X"
        RenderInline {SPAN} at (0,0) size 15x15 [color=#00FF00]
          RenderText {#text} at (184,4) size 15x15
            text run at (184,4) width 15: "X"
        RenderInline {SPAN} at (0,0) size 15x15 [color=#00FF00]
          RenderText {#text} at (199,4) size 15x15
            text run at (199,4) width 15: "X"
        RenderInline {SPAN} at (0,0) size 15x15 [color=#00FF00]
          RenderText {#text} at (214,4) size 15x15
            text run at (214,4) width 15: "X"
        RenderImage {IMG} at (229,4) size 15x15 [color=#FF0000]
        RenderText {#text} at (0,0) size 0x0
