layer at (0,0) size 980x735
  RenderView at (0,0) size 980x735
layer at (0,0) size 980x119
  RenderBlock {HTML} at (0,0) size 980x119
    RenderBody {BODY} at (8,16) size 964x95
      RenderBlock {P} at (0,0) size 964x19
        RenderText {#text} at (0,0) size 411x19
          text run at (0,0) width 411: "There should be a solid vertical bar of green below."
      RenderBlock {DIV} at (0,35) size 964x60 [color=#008000]
        RenderBlock {DIV} at (0,0) size 964x15
          RenderText {#text} at (0,0) size 60x15
            text run at (0,0) width 60: "   X"
        RenderBlock {DIV} at (45,15) size 919x15
          RenderText {#text} at (0,0) size 15x15
            text run at (0,0) width 15: "X"
        RenderBlock {DIV} at (56,30) size 908x15
          RenderText {#text} at (0,0) size 15x15
            text run at (0,0) width 15: "X"
        RenderBlock {DIV} at (45,45) size 919x15
          RenderText {#text} at (0,0) size 15x15
            text run at (0,0) width 15: "X"
