layer at (0,0) size 980x735
  RenderView at (0,0) size 980x735
layer at (0,0) size 980x209
  RenderBlock {HTML} at (0,0) size 980x209
    RenderBody {BODY} at (8,16) size 964x185
      RenderBlock {P} at (0,0) size 964x19 [color=#000080]
        RenderText {#text} at (0,0) size 405x19
          text run at (0,0) width 405: "There should be two unbroken vertical bars below."
      RenderBlock {P} at (0,35) size 964x38 [color=#000080]
        RenderText {#text} at (0,0) size 962x38
          text run at (0,0) width 512: "Hold up a credit card to your display. The distance between the "
          text run at (512,0) width 450: "two vertical bars should be exactly the length of a credit"
          text run at (0,19) width 41: "card "
          text run at (41,19) width 94: "(85.60mm)."
      RenderBlock {DIV} at (0,89) size 964x96 [border: none (3px solid #000000)]
        RenderBlock {DIV} at (326,0) size 638x16 [border: none (3px solid #000000)]
        RenderBlock {DIV} at (326,16) size 638x16 [border: none (3px solid #000000)]
        RenderBlock {DIV} at (326,32) size 638x16 [border: none (3px solid #000000)]
        RenderBlock {DIV} at (326,48) size 638x16 [border: none (3px solid #000000)]
        RenderBlock {DIV} at (326,64) size 638x16 [border: none (3px solid #000000)]
        RenderBlock {DIV} at (326,80) size 638x16 [border: none (3px solid #000000)]
