layer at (0,0) size 980x735
  RenderView at (0,0) size 980x735
layer at (0,0) size 980x51
  RenderBlock {HTML} at (0,0) size 980x51
    RenderBody {BODY} at (8,16) size 964x19
      RenderBlock {P} at (0,0) size 964x19 [color=#FFFFFF]
        RenderText {#text} at (0,0) size 305x19
          text run at (0,0) width 305: "This should have a green background."
