layer at (0,0) size 980x735
  RenderView at (0,0) size 980x735
layer at (0,0) size 980x51
  RenderBlock {HTML} at (0,0) size 980x51
    RenderBody {BODY} at (8,16) size 964x19
      RenderBlock {P} at (0,0) size 964x19 [bgcolor=#00FF00]
        RenderText {#text} at (48,0) size 256x19
          text run at (48,0) width 256: "This line should be bright green."
