layer at (0,0) size 980x735
  RenderView at (0,0) size 980x735
layer at (0,0) size 980x51
  RenderBlock {HTML} at (0,0) size 980x51
    RenderBody {BODY} at (8,16) size 964x19
      RenderBlock {P} at (0,0) size 964x19 [color=#008000]
        RenderText {#text} at (0,0) size 237x19
          text run at (0,0) width 237: "This sentence must be green."
