layer at (0,0) size 980x735
  RenderView at (0,0) size 980x735
layer at (0,0) size 980x156
  RenderBlock {HTML} at (0,0) size 980x156
    RenderBody {BODY} at (8,16) size 964x124
      RenderBlock {P} at (0,0) size 964x19
        RenderText {#text} at (0,0) size 423x19
          text run at (0,0) width 423: "The following three paragraphs should look identical:"
      RenderBlock {P} at (0,35) size 964x19
        RenderText {#text} at (0,0) size 193x19
          text run at (0,0) width 193: "This is a test paragraph."
      RenderBlock {P} at (0,70) size 964x19
        RenderInline (generated) at (0,0) size 37x19
          RenderText at (0,0) size 37x19
            text run at (0,0) width 37: "This "
        RenderText {#text} at (37,0) size 156x19
          text run at (37,0) width 156: "is a test paragraph."
      RenderBlock {P} at (0,105) size 964x19
        RenderInline (generated) at (0,0) size 37x19
          RenderText at (0,0) size 37x19
            text run at (0,0) width 37: "This "
        RenderText {#text} at (37,0) size 156x19
          text run at (37,0) width 156: "is a test paragraph."
