layer at (0,0) size 980x735
  RenderView at (0,0) size 980x735
layer at (0,0) size 980x576
  RenderBlock {HTML} at (0,0) size 980x576
    RenderBody {BODY} at (8,16) size 964x544 [color=#008000]
      RenderBlock {P} at (0,0) size 964x19
        RenderText {#text} at (0,0) size 204x19
          text run at (0,0) width 204: "This line should be green."
      RenderBlock {P} at (0,35) size 964x19
        RenderText {#text} at (0,0) size 204x19
          text run at (0,0) width 204: "This line should be green."
      RenderBlock {P} at (0,70) size 964x19
        RenderText {#text} at (0,0) size 204x19
          text run at (0,0) width 204: "This line should be green."
      RenderBlock {P} at (0,105) size 964x19
        RenderText {#text} at (0,0) size 204x19
          text run at (0,0) width 204: "This line should be green."
      RenderBlock {OL} at (0,140) size 964x19
        RenderListItem {LI} at (40,0) size 924x19
          RenderListMarker at (-25,0) size 20x19: "1"
          RenderText {#text} at (0,0) size 204x19
            text run at (0,0) width 204: "This line should be green."
      RenderBlock {P} at (0,175) size 964x19
        RenderText {#text} at (0,0) size 204x19
          text run at (0,0) width 204: "This line should be green."
      RenderBlock {UL} at (0,210) size 964x19
        RenderListItem {LI} at (40,0) size 924x19
          RenderListMarker at (-18,0) size 7x19: bullet
          RenderText {#text} at (0,0) size 204x19
            text run at (0,0) width 204: "This line should be green."
      RenderBlock {BLOCKQUOTE} at (40,245) size 884x19
        RenderBlock {P} at (0,0) size 884x19
          RenderText {#text} at (0,0) size 204x19
            text run at (0,0) width 204: "This line should be green."
      RenderBlock {P} at (0,280) size 964x19
        RenderInline {ACRONYM} at (0,0) size 204x19
          RenderText {#text} at (0,0) size 204x19
            text run at (0,0) width 204: "This line should be green."
        RenderText {#text} at (0,0) size 0x0
      RenderBlock {ADDRESS} at (0,315) size 964x19
        RenderText {#text} at (0,0) size 204x19
          text run at (0,0) width 204: "This line should be green."
      RenderBlock {P} at (0,350) size 964x19
        RenderInline {SPAN} at (0,0) size 204x19
          RenderText {#text} at (0,0) size 204x19
            text run at (0,0) width 204: "This line should be green."
        RenderText {#text} at (0,0) size 0x0
      RenderBlock {P} at (0,385) size 964x19
        RenderText {#text} at (0,0) size 204x19
          text run at (0,0) width 204: "This line should be green."
      RenderBlock {P} at (0,420) size 964x19
        RenderText {#text} at (0,0) size 204x19
          text run at (0,0) width 204: "This line should be green."
      RenderBlock {P} at (0,455) size 964x19
        RenderText {#text} at (0,0) size 204x19
          text run at (0,0) width 204: "This line should be green."
      RenderBlock {P} at (0,490) size 964x19
        RenderText {#text} at (48,0) size 204x19
          text run at (48,0) width 204: "This line should be green."
      RenderBlock {P} at (0,525) size 964x19
        RenderText {#text} at (0,0) size 204x19
          text run at (0,0) width 204: "This line should be green."
