layer at (0,0) size 980x735
  RenderView at (0,0) size 980x735
layer at (0,0) size 980x119
  RenderBlock {HTML} at (0,0) size 980x119
    RenderBody {BODY} at (8,16) size 964x87
      RenderBlock {P} at (0,0) size 964x19 [color=#000080]
        RenderText {#text} at (0,0) size 412x19
          text run at (0,0) width 412: "The two blocks below should have the same height."
      RenderTable {TABLE} at (80,35) size 102x52
        RenderTableSection {TBODY} at (0,0) size 102x52
          RenderTableRow {TR} at (0,2) size 102x48
            RenderTableCell {TD} at (2,2) size 48x48 [r=0 c=0 rs=1 cs=1]
              RenderBlock {DIV} at (4,4) size 40x40 [color=#000080]
                RenderText {#text} at (0,0) size 40x40
                  text run at (0,0) width 40: "\x{C9}"
            RenderTableCell {TD} at (52,2) size 48x48 [r=0 c=1 rs=1 cs=1]
              RenderBlock {DIV} at (4,4) size 40x40 [border: (40px solid #000080) none]
