layer at (0,0) size 980x735
  RenderView at (0,0) size 980x735
layer at (0,0) size 980x117
  RenderBlock {HTML} at (0,0) size 980x117
    RenderBody {BODY} at (8,16) size 964x85 [color=#008000]
      RenderBlock {P} at (0,0) size 964x19 [color=#FF0000]
        RenderInline {SPAN} at (0,0) size 204x19 [color=#008000]
          RenderText {#text} at (0,0) size 204x19
            text run at (0,0) width 204: "This line should be green."
        RenderText {#text} at (0,0) size 0x0
      RenderBlock {PRE} at (0,35) size 964x15
        RenderText {#text} at (0,0) size 175x15
          text run at (0,0) width 175: " This line should be green. "
      RenderBlock {UL} at (0,66) size 964x19
        RenderListItem {LI} at (40,0) size 924x19
          RenderListMarker at (-18,0) size 7x19: bullet
          RenderText {#text} at (0,0) size 204x19
            text run at (0,0) width 204: "This line should be green."
