layer at (0,0) size 980x735
  RenderView at (0,0) size 980x735
layer at (0,0) size 980x51
  RenderBlock {HTML} at (0,0) size 980x51
    RenderBody {BODY} at (8,16) size 964x19
      RenderBlock {P} at (0,0) size 964x19
        RenderInline {A} at (0,0) size 417x19 [color=#0000FF]
          RenderText {#text} at (0,0) size 417x19
            text run at (0,0) width 417: "While you are activating this link, it should go green."
        RenderText {#text} at (417,0) size 536x19
          text run at (417,0) width 536: " Check that once you have stopped activating it, it goes blue again."
