layer at (0,0) size 980x735
  RenderView at (0,0) size 980x735
layer at (0,0) size 980x261
  RenderBlock {HTML} at (0,0) size 980x261
    RenderBody {BODY} at (8,16) size 964x229 [color=#0000FF]
      RenderBlock {P} at (0,0) size 964x38
        RenderInline (generated) at (0,0) size 10x19 [color=#008000]
          RenderText {#text} at (0,0) size 10x19
            text run at (0,0) width 10: "T"
        RenderText {#text} at (10,0) size 25x19
          text run at (10,0) width 25: "he "
        RenderInline {STRONG} at (0,0) size 95x19
          RenderText {#text} at (35,0) size 95x19
            text run at (35,0) width 95: "first letter"
        RenderText {#text} at (130,0) size 385x19
          text run at (130,0) width 263: " of this paragraph, and only that "
          text run at (393,0) width 122: "one, should be "
        RenderInline {STRONG} at (0,0) size 52x19
          RenderText {#text} at (515,0) size 52x19
            text run at (515,0) width 52: "green"
        RenderText {#text} at (567,0) size 958x38
          text run at (567,0) width 226: ". If this precise combination "
          text run at (793,0) width 165: "does not occur, then"
          text run at (0,19) width 272: "the user agent has failed this test."
      RenderBlock {P} at (0,54) size 964x56
        RenderInline (generated) at (0,0) size 20x38 [color=#008000]
          RenderText {#text} at (0,0) size 20x38
            text run at (0,0) width 20: "T"
        RenderText {#text} at (20,15) size 25x19
          text run at (20,15) width 25: "he "
        RenderInline {STRONG} at (0,0) size 95x19
          RenderText {#text} at (45,15) size 95x19
            text run at (45,15) width 95: "first letter"
        RenderText {#text} at (140,15) size 419x19
          text run at (140,15) width 263: " of this paragraph, and only that "
          text run at (403,15) width 156: "one, should be in a "
        RenderInline {STRONG} at (0,0) size 54x19
          RenderText {#text} at (559,15) size 54x19
            text run at (559,15) width 54: "larger"
        RenderText {#text} at (613,15) size 164x19
          text run at (613,15) width 164: " font size, as well as "
        RenderInline {STRONG} at (0,0) size 52x19
          RenderText {#text} at (777,15) size 52x19
            text run at (777,15) width 52: "green"
        RenderText {#text} at (829,15) size 946x41
          text run at (829,15) width 117: ". If this precise"
          text run at (0,37) width 233: "combination does not occur, "
          text run at (233,37) width 313: "then the user agent has failed this test."
      RenderBlock {P} at (0,126) size 964x103
        RenderInline (generated) at (0,0) size 60x65 [color=#008000]
          RenderText {#text} at (0,0) size 60x65
            text run at (0,0) width 60: "\"T"
        RenderText {#text} at (60,37) size 25x19
          text run at (60,37) width 25: "he "
        RenderInline {STRONG} at (0,0) size 180x19
          RenderText {#text} at (85,37) size 180x19
            text run at (85,37) width 180: "first two characters"
        RenderText {#text} at (265,37) size 578x19
          text run at (265,37) width 167: " in this paragraph (a "
          text run at (432,37) width 411: "double-quote mark and a capital 'T') should be in a "
        RenderInline {STRONG} at (0,0) size 108x19
          RenderText {#text} at (843,37) size 108x19
            text run at (843,37) width 54: "much "
            text run at (897,37) width 54: "larger"
        RenderText {#text} at (0,65) size 361x19
          text run at (0,65) width 361: "font size than the rest of the paragraph, and "
        RenderInline {STRONG} at (0,0) size 52x19
          RenderText {#text} at (361,65) size 52x19
            text run at (361,65) width 52: "green"
        RenderText {#text} at (413,65) size 959x38
          text run at (413,65) width 355: ". If this precise combination does not occur, "
          text run at (768,65) width 191: "then the user agent has"
          text run at (0,84) width 117: "failed this test."
