layer at (0,0) size 980x735
  RenderView at (0,0) size 980x735
layer at (0,0) size 980x443
  RenderBlock {HTML} at (0,0) size 980x443
    RenderBody {BODY} at (8,16) size 964x411 [color=#0000FF]
      RenderBlock {P} at (0,0) size 964x114
        RenderText {#text} at (0,0) size 35x19
          text run at (0,0) width 35: "The "
        RenderInline {STRONG} at (0,0) size 76x19
          RenderText {#text} at (35,0) size 76x19
            text run at (35,0) width 76: "first line"
        RenderText {#text} at (111,0) size 385x19
          text run at (111,0) width 263: " of this paragraph, and only that "
          text run at (374,0) width 122: "one, should be "
        RenderInline {STRONG} at (0,0) size 52x19
          RenderText {#text} at (496,0) size 52x19
            text run at (496,0) width 52: "green"
        RenderText {#text} at (548,0) size 958x114
          text run at (548,0) width 226: ". If this precise combination "
          text run at (774,0) width 165: "does not occur, then"
          text run at (0,19) width 372: "the user agent has failed this test. Remember "
          text run at (372,19) width 511: "that in order to ensure a complete test, the paragraph must be "
          text run at (883,19) width 75: "displayed"
          text run at (0,38) width 473: "on more than one line. Dummy text. Dummy text. Dummy "
          text run at (473,38) width 472: "text. Dummy text. Dummy text. Dummy text. Dummy text."
          text run at (0,57) width 109: "Dummy text. "
          text run at (109,57) width 613: "Dummy text. Dummy text. Dummy text. Dummy text. Dummy text. Dummy "
          text run at (722,57) width 213: "text. Dummy text. Dummy"
          text run at (0,76) width 368: "text. Dummy text. Dummy text. Dummy text. "
          text run at (368,76) width 540: "Dummy text. Dummy text. Dummy text. Dummy text. Dummy text."
          text run at (0,95) width 68: "Dummy "
          text run at (68,95) width 363: "text. Dummy text. Dummy text. Dummy text."
      RenderBlock {P} at (0,130) size 964x151
        RenderText {#text} at (0,0) size 70x38
          text run at (0,0) width 70: "The "
        RenderInline {STRONG} at (0,0) size 153x38
          RenderText {#text} at (70,0) size 153x38
            text run at (70,0) width 153: "first line"
        RenderText {#text} at (223,0) size 939x56
          text run at (223,0) width 530: " of this paragraph, and only that "
          text run at (753,0) width 186: "one, should"
          text run at (0,37) width 40: "be a "
        RenderInline {STRONG} at (0,0) size 54x19
          RenderText {#text} at (40,37) size 54x19
            text run at (40,37) width 54: "larger"
        RenderText {#text} at (94,37) size 159x19
          text run at (94,37) width 159: " font size as well as "
        RenderInline {STRONG} at (0,0) size 52x19
          RenderText {#text} at (253,37) size 52x19
            text run at (253,37) width 52: "green"
        RenderText {#text} at (305,37) size 935x114
          text run at (305,37) width 355: ". If this precise combination does not occur, "
          text run at (660,37) width 273: "then the user agent has failed this"
          text run at (0,56) width 261: "test. Remember that in order to "
          text run at (261,56) width 538: "ensure a complete test, the paragraph must be displayed on more "
          text run at (799,56) width 109: "than one line."
          text run at (0,75) width 436: "Dummy text. Dummy text. Dummy text. Dummy text. "
          text run at (436,75) width 499: "Dummy text. Dummy text. Dummy text. Dummy text. Dummy"
          text run at (0,94) width 109: "text. Dummy "
          text run at (109,94) width 586: "text. Dummy text. Dummy text. Dummy text. Dummy text. Dummy text. "
          text run at (695,94) width 213: "Dummy text. Dummy text."
          text run at (0,113) width 395: "Dummy text. Dummy text. Dummy text. Dummy "
          text run at (395,113) width 540: "text. Dummy text. Dummy text. Dummy text. Dummy text. Dummy"
          text run at (0,132) width 41: "text. "
          text run at (41,132) width 213: "Dummy text. Dummy text."
      RenderBlock {P} at (0,297) size 964x114
        RenderText {#text} at (0,0) size 30x19
          text run at (0,0) width 30: "The "
        RenderInline {STRONG} at (0,0) size 70x19
          RenderText {#text} at (30,0) size 70x19
            text run at (30,0) width 70: "first line"
        RenderText {#text} at (100,0) size 422x19
          text run at (100,0) width 235: " of this paragraph, and only that "
          text run at (335,0) width 187: "one, should be displayed in "
        RenderInline {STRONG} at (0,0) size 82x19
          RenderText {#text} at (522,0) size 82x19
            text run at (522,0) width 82: "small-caps"
        RenderText {#text} at (604,0) size 119x19
          text run at (604,0) width 64: " style as "
          text run at (668,0) width 55: "well as "
        RenderInline {STRONG} at (0,0) size 42x19
          RenderText {#text} at (723,0) size 42x19
            text run at (723,0) width 42: "green"
        RenderText {#text} at (765,0) size 963x114
          text run at (765,0) width 198: ". Thus, if the first line is not"
          text run at (0,19) width 19: "in "
          text run at (19,19) width 442: "small-caps style, or if the entire paragraph turns out in "
          text run at (461,19) width 476: "small-caps, then the user agent has failed this test. Dummy"
          text run at (0,38) width 41: "text. "
          text run at (41,38) width 613: "Dummy text. Dummy text. Dummy text. Dummy text. Dummy text. Dummy "
          text run at (654,38) width 254: "text. Dummy text. Dummy text."
          text run at (0,57) width 327: "Dummy text. Dummy text. Dummy text. "
          text run at (327,57) width 608: "Dummy text. Dummy text. Dummy text. Dummy text. Dummy text. Dummy"
          text run at (0,76) width 586: "text. Dummy text. Dummy text. Dummy text. Dummy text. Dummy text. "
          text run at (586,76) width 322: "Dummy text. Dummy text. Dummy text."
          text run at (0,95) width 213: "Dummy text. Dummy text."
