layer at (0,0) size 980x735
  RenderView at (0,0) size 980x735
layer at (0,0) size 980x51
  RenderBlock {HTML} at (0,0) size 980x51
    RenderBody {BODY} at (8,16) size 964x19
      RenderBlock {P} at (0,0) size 964x19
        RenderInline {A} at (0,0) size 203x19 [color=#008000]
          RenderText {#text} at (0,0) size 203x19
            text run at (0,0) width 203: "This link should be green."
        RenderText {#text} at (203,0) size 281x19
          text run at (203,0) width 281: " (do not hover over it or activate it)"
