layer at (0,0) size 980x735
  RenderView at (0,0) size 980x735
layer at (0,0) size 980x73
  RenderBlock {HTML} at (0,0) size 980x73
    RenderBody {BODY} at (8,8) size 964x57
      RenderBlock {DIV} at (0,0) size 964x38
        RenderBlock (anonymous) at (0,0) size 964x19
          RenderText {#text} at (0,0) size 213x19
            text run at (0,0) width 213: "Dummy text. Dummy text."
        RenderBlock {DIV} at (0,19) size 964x19
          RenderInline {SPAN} at (0,0) size 632x19
            RenderText {#text} at (0,0) size 632x19
              text run at (0,0) width 127: "Hover this text, "
              text run at (127,0) width 214: "then wait till it disappears. "
              text run at (341,0) width 291: "At that point there should be no red."
          RenderText {#text} at (0,0) size 0x0
      RenderBlock {DIV} at (0,38) size 964x19 [color=#008000]
        RenderText {#text} at (0,0) size 213x19
          text run at (0,0) width 213: "Dummy text. Dummy text."
