layer at (0,0) size 980x735
  RenderView at (0,0) size 980x735
layer at (0,0) size 980x156
  RenderBlock {HTML} at (0,0) size 980x156
    RenderBody {BODY} at (8,16) size 964x124 [color=#008000]
      RenderBlock {P} at (0,0) size 964x19
        RenderText {#text} at (0,0) size 249x19
          text run at (0,0) width 249: "This sentence should be green."
      RenderBlock {P} at (0,35) size 964x19 [color=#FFFFFF] [bgcolor=#008000]
        RenderText {#text} at (0,0) size 115x19
          text run at (0,0) width 115: "This sentence "
        RenderInline {SPAN} at (0,0) size 77x19
          RenderText {#text} at (115,0) size 77x19
            text run at (115,0) width 77: "should be"
        RenderText {#text} at (192,0) size 130x19
          text run at (192,0) width 130: " white on green."
      RenderBlock {P} at (0,70) size 964x19 [color=#FFFFFF]
        RenderInline {EM} at (0,0) size 41x19 [color=#008000]
          RenderText {#text} at (0,0) size 41x19
            text run at (0,0) width 41: "PASS"
        RenderText {#text} at (41,0) size 5x19
          text run at (41,0) width 5: " "
        RenderInline {STRONG} at (0,0) size 39x19
          RenderText {#text} at (46,0) size 39x19
            text run at (46,0) width 39: "FAIL"
        RenderText {#text} at (0,0) size 0x0
      RenderBlock {P} at (0,105) size 964x19
        RenderText {#text} at (0,0) size 46x19
          text run at (0,0) width 46: "PASS "
        RenderInline {DFN} at (0,0) size 34x19 [color=#FFFFFF]
          RenderText {#text} at (46,0) size 34x19
            text run at (46,0) width 34: "FAIL"
        RenderText {#text} at (0,0) size 0x0
