layer at (0,0) size 980x735
  RenderView at (0,0) size 980x735
layer at (0,0) size 980x225
  RenderBlock {HTML} at (0,0) size 980x225
    RenderBody {BODY} at (8,8) size 964x209
      RenderBlock {UL} at (0,0) size 964x152 [color=#FF0000]
        RenderListItem {LI} at (0,0) size 964x19
          RenderInline {SPAN} at (0,0) size 171x19 [color=#008000]
            RenderText {#text} at (0,0) size 171x19
              text run at (0,0) width 171: "This should be green."
          RenderText {#text} at (0,0) size 0x0
        RenderListItem {LI} at (0,19) size 964x76
          RenderBlock (anonymous) at (0,0) size 964x19
            RenderInline {SPAN} at (0,0) size 171x19 [color=#008000]
              RenderText {#text} at (0,0) size 171x19
                text run at (0,0) width 171: "This should be green."
            RenderText {#text} at (0,0) size 0x0
          RenderBlock {UL} at (0,19) size 964x57
            RenderListItem {LI} at (0,0) size 964x19
              RenderInline {SPAN} at (0,0) size 171x19 [color=#008000]
                RenderText {#text} at (0,0) size 171x19
                  text run at (0,0) width 171: "This should be green."
              RenderText {#text} at (0,0) size 0x0
            RenderListItem {LI} at (0,19) size 964x19
              RenderInline {SPAN} at (0,0) size 171x19 [color=#008000]
                RenderText {#text} at (0,0) size 171x19
                  text run at (0,0) width 171: "This should be green."
              RenderText {#text} at (0,0) size 0x0
            RenderListItem {LI} at (0,38) size 964x19
              RenderInline {SPAN} at (0,0) size 171x19 [color=#008000]
                RenderText {#text} at (0,0) size 171x19
                  text run at (0,0) width 171: "This should be green."
              RenderText {#text} at (0,0) size 0x0
        RenderListItem {LI} at (0,95) size 964x19
          RenderInline {SPAN} at (0,0) size 171x19 [color=#008000]
            RenderText {#text} at (0,0) size 171x19
              text run at (0,0) width 171: "This should be green."
          RenderText {#text} at (0,0) size 0x0
        RenderListItem {LI} at (0,114) size 964x19
          RenderInline {SPAN} at (0,0) size 171x19 [color=#008000]
            RenderText {#text} at (0,0) size 171x19
              text run at (0,0) width 171: "This should be green."
          RenderText {#text} at (0,0) size 0x0
        RenderListItem {LI} at (0,133) size 964x19
          RenderInline {SPAN} at (0,0) size 171x19 [color=#008000]
            RenderText {#text} at (0,0) size 171x19
              text run at (0,0) width 171: "This should be green."
          RenderText {#text} at (0,0) size 0x0
      RenderBlock {P} at (0,152) size 964x19 [color=#008000]
        RenderText {#text} at (0,0) size 171x19
          text run at (0,0) width 171: "This should be green."
      RenderBlock {P} at (0,171) size 964x19 [color=#008000]
        RenderText {#text} at (0,0) size 171x19
          text run at (0,0) width 171: "This should be green."
      RenderBlock {P} at (0,190) size 964x19 [color=#008000]
        RenderText {#text} at (0,0) size 171x19
          text run at (0,0) width 171: "This should be green."
