layer at (0,0) size 980x735
  RenderView at (0,0) size 980x735
layer at (0,0) size 980x86
  RenderBlock {HTML} at (0,0) size 980x86
    RenderBody {BODY} at (8,16) size 964x54
      RenderBlock {P} at (0,0) size 964x19
        RenderText {#text} at (0,0) size 305x19
          text run at (0,0) width 305: "This sentence should have no border. "
        RenderInline {SPAN} at (0,0) size 352x29 [border: (5px solid #00FF00)]
          RenderText {#text} at (310,0) size 342x19
            text run at (310,0) width 342: "This sentence should have a green border."
        RenderText {#text} at (0,0) size 0x0
      RenderBlock {P} at (0,35) size 964x19
        RenderInline {SPAN} at (0,0) size 481x35 [bgcolor=#FF0000]
          RenderInline {SPAN} at (0,0) size 481x35 [bgcolor=#00FF00]
            RenderText {#text} at (0,0) size 481x19
              text run at (0,0) width 481: "This sentence should be in a green bar, with no red present."
        RenderText {#text} at (0,0) size 0x0
