layer at (0,0) size 980x735
  RenderView at (0,0) size 980x735
layer at (0,0) size 980x38
  RenderBlock {HTML} at (0,0) size 980x38
    RenderBody {BODY} at (8,8) size 964x22
      RenderBlock {DIV} at (0,0) size 964x22 [color=#000080]
        RenderBlock {DIV} at (0,0) size 964x22 [border: none (3px solid #000080)]
          RenderText {#text} at (3,0) size 336x19
            text run at (3,0) width 336: "This box should be open ended at the top."
