layer at (0,0) size 980x735
  RenderView at (0,0) size 980x735
layer at (0,0) size 980x121
  RenderBlock {HTML} at (0,0) size 980x121
    RenderBody {BODY} at (8,16) size 964x89
      RenderBlock {P} at (0,0) size 964x19
        RenderText {#text} at (0,0) size 303x19
          text run at (0,0) width 303: "The next two bars should be identical:"
      RenderBlock {DIV} at (160,35) size 160x19
        RenderBlock {P} at (-80,0) size 240x19 [color=#FFFF00] [bgcolor=#000080]
          RenderText {#text} at (0,0) size 40x19
            text run at (0,0) width 40: "TEST"
      RenderBlock {DIV} at (80,70) size 240x19 [color=#FFFF00] [bgcolor=#000080]
        RenderText {#text} at (0,0) size 40x19
          text run at (0,0) width 40: "TEST"
