layer at (0,0) size 980x735
  RenderView at (0,0) size 980x735
layer at (0,0) size 980x38
  RenderBlock {HTML} at (0,0) size 980x38
    RenderBody {BODY} at (8,8) size 964x22
      RenderBlock {DIV} at (0,0) size 964x22 [color=#000080]
        RenderBlock {DIV} at (0,0) size 964x22 [border: (3px solid #000080) none (3px solid #000080)]
          RenderText {#text} at (3,3) size 368x19
            text run at (3,3) width 368: "This box should be open ended at the bottom."
