layer at (0,0) size 980x735
  RenderView at (0,0) size 980x735
layer at (0,0) size 980x247
  RenderBlock {HTML} at (0,0) size 980x247
    RenderBody {BODY} at (8,16) size 964x215 [color=#0000FF]
      RenderBlock {P} at (0,0) size 964x37
        RenderText {#text} at (0,15) size 620x19
          text run at (0,15) width 620: "There should be a solid blue line to the right of every occurance of the word \""
        RenderInline {SPAN} at (0,0) size 145x38 [border: none (2px solid #0000FF) none]
          RenderText {#text} at (620,0) size 143x38
            text run at (620,0) width 143: "THERE \x{2799}"
        RenderText {#text} at (765,15) size 12x19
          text run at (765,15) width 12: "\"."
      RenderTable {TABLE} at (0,53) size 308x127
        RenderTableSection {TBODY} at (0,0) size 308x127
          RenderTableRow {TR} at (0,2) size 308x39
            RenderTableCell {TD} at (2,2) size 304x39 [border: none (2px solid #0000FF) none] [r=0 c=0 rs=1 cs=2]
              RenderText {#text} at (158,1) size 143x38
                text run at (158,1) width 143: "THERE \x{2799}"
          RenderTableRow {TR} at (0,43) size 308x82
            RenderTableCell {TD} at (2,64) size 147x39 [border: none (2px solid #0000FF) none] [r=1 c=0 rs=1 cs=1]
              RenderText {#text} at (1,1) size 143x38
                text run at (1,1) width 143: "THERE \x{2799}"
            RenderTableCell {TD} at (151,43) size 155x82 [border: none (2px solid #0000FF) none] [r=1 c=1 rs=1 cs=1]
              RenderBlock (anonymous) at (1,1) size 151x37
                RenderText {#text} at (8,0) size 143x38
                  text run at (8,0) width 143: "THERE \x{2798}"
              RenderTable {TABLE} at (1,38) size 151x43
                RenderTableSection {TBODY} at (0,0) size 151x43
                  RenderTableRow {TR} at (0,2) size 151x39
                    RenderTableCell {TD} at (2,2) size 147x39 [border: none (2px solid #0000FF) none] [r=0 c=0 rs=1 cs=1]
                      RenderText {#text} at (1,1) size 143x38
                        text run at (1,1) width 143: "THERE \x{2799}"
      RenderBlock {P} at (0,196) size 964x19
        RenderText {#text} at (0,0) size 426x19
          text run at (0,0) width 426: "There should be 3 short lines and 2 long lines in total."
