layer at (0,0) size 980x735
  RenderView at (0,0) size 980x735
layer at (0,0) size 980x111
  RenderBlock {HTML} at (0,0) size 980x111
    RenderBody {BODY} at (8,16) size 964x87
      RenderBlock {P} at (0,0) size 964x19
        RenderText {#text} at (0,0) size 285x19
          text run at (0,0) width 285: "There should be a green bar below:"
      RenderBlock {DIV} at (0,67) size 120x20 [color=#FFFFFF]
        RenderInline {SPAN} at (0,0) size 40x40 [bgcolor=#008000]
          RenderText {#text} at (0,0) size 40x20
            text run at (0,0) width 40: "xx"
        RenderText {#text} at (0,0) size 0x0
