layer at (0,0) size 980x735
  RenderView at (0,0) size 980x735
layer at (0,0) size 980x53
  RenderBlock {HTML} at (0,0) size 980x53
    RenderBody {BODY} at (8,8) size 964x37
      RenderBlock {DIV} at (0,0) size 964x37
        RenderBlock {DIV} at (0,0) size 964x37 [color=#008000] [border: (15px solid #008000) (3px solid #008000)]
          RenderText {#text} at (3,15) size 294x19
            text run at (3,15) width 294: "There should be no red on this page."
