layer at (0,0) size 982x735
  RenderView at (0,0) size 980x735
layer at (0,0) size 980x34
  RenderBlock {HTML} at (0,0) size 980x34
    RenderBody {BODY} at (8,-2) size 964x38
      RenderBlock {P} at (-10,0) size 984x38 [color=#000080]
        RenderBR {BR} at (0,0) size 0x19
        RenderText {#text} at (0,19) size 371x19
          text run at (0,19) width 371: "  This page should have a horizontal scroll bar."
