layer at (0,0) size 980x735
  RenderView at (0,0) size 980x735
layer at (0,0) size 980x174
  RenderBlock {HTML} at (0,0) size 980x174
    RenderBody {BODY} at (8,16) size 964x142
      RenderBlock {P} at (0,0) size 964x19
        RenderText {#text} at (0,0) size 570x19
          text run at (0,0) width 570: "The three boxes below should have progressively thinner right borders."
      RenderBlock {P} at (0,35) size 964x25 [border: (3px solid #000000) (5px solid #000000) (3px solid #000000)]
        RenderText {#text} at (3,3) size 11x19
          text run at (3,3) width 11: "A"
      RenderBlock {P} at (0,76) size 964x25 [border: (3px solid #000000)]
        RenderText {#text} at (3,3) size 11x19
          text run at (3,3) width 11: "B"
      RenderBlock {P} at (0,117) size 964x25 [border: (3px solid #000000) (1px solid #000000) (3px solid #000000)]
        RenderText {#text} at (3,3) size 11x19
          text run at (3,3) width 11: "C"
