layer at (0,0) size 980x735
  RenderView at (0,0) size 980x735
layer at (0,0) size 980x97
  RenderBlock {HTML} at (0,0) size 980x97
    RenderBody {BODY} at (8,16) size 964x65
      RenderBlock {P} at (0,0) size 964x29 [color=#0000FF] [border: none (10px double #0000FF) none]
        RenderText {#text} at (0,0) size 472x19
          text run at (0,0) width 472: "This paragraph should have two blue lines directly under it."
      RenderBlock {P} at (0,45) size 964x20 [color=#0000FF] [border: none (1px solid #0000FF) none]
        RenderText {#text} at (0,0) size 531x19
          text run at (0,0) width 531: "This paragraph should have a single thin blue line directly under it."
