layer at (0,0) size 980x735
  RenderView at (0,0) size 980x735
layer at (0,0) size 980x41
  RenderBlock {HTML} at (0,0) size 980x41
    RenderBody {BODY} at (8,8) size 964x25
      RenderBlock {DIV} at (0,0) size 964x25 [color=#000080]
        RenderBlock {DIV} at (0,0) size 964x25 [border: (3px solid #000080) none]
          RenderText {#text} at (0,3) size 336x19
            text run at (0,3) width 336: "This box should be open ended at the left."
