layer at (0,0) size 982x735
  RenderView at (0,0) size 980x735
layer at (0,0) size 980x67
  RenderBlock {HTML} at (0,0) size 980x67
    RenderBody {BODY} at (8,24) size 964x19
      RenderBlock {P} at (0,0) size 974x19 [color=#000080]
        RenderText {#text} at (0,0) size 361x19
          text run at (0,0) width 361: "This page should have a horizontal scroll bar."
