layer at (0,0) size 980x735
  RenderView at (0,0) size 980x735
layer at (0,0) size 980x249
  RenderBlock {HTML} at (0,0) size 980x249
    RenderBody {BODY} at (8,48) size 964x153
      RenderBlock {P} at (48,0) size 868x19
        RenderInline {SPAN} at (0,0) size 304x25 [border: (3px solid #008000)]
          RenderText {#text} at (3,0) size 298x19
            text run at (3,0) width 298: "This box should have a green border."
        RenderText {#text} at (0,0) size 0x0
      RenderBlock {P} at (48,67) size 868x19
        RenderInline {SPAN} at (0,0) size 304x25 [border: (3px solid #008000)]
          RenderText {#text} at (3,0) size 298x19
            text run at (3,0) width 298: "This box should have a green border."
        RenderText {#text} at (0,0) size 0x0
      RenderBlock {P} at (48,134) size 868x19
        RenderInline {SPAN} at (0,0) size 673x83 [border: (32px solid #800080) (32px solid #008000) (32px solid #0000FF) (32px solid #FFFF00)]
          RenderText {#text} at (32,0) size 609x19
            text run at (32,0) width 609: "Clockwise from top, the borders should be: PURPLE, GREEN, BLUE, YELLOW."
        RenderText {#text} at (0,0) size 0x0
