layer at (0,0) size 980x735
  RenderView at (0,0) size 980x735
layer at (0,0) size 980x96
  RenderBlock {HTML} at (0,0) size 980x96
    RenderBody {BODY} at (8,16) size 964x65
      RenderBlock {P} at (0,0) size 964x19
        RenderText {#text} at (0,0) size 349x19
          text run at (0,0) width 349: "There should be a green vertical bar below:"
      RenderBlock {DIV} at (15,35) size 120x30 [color=#FFFFFF] [bgcolor=#FF0000]
        RenderBlock {P} at (0,0) size 105x30 [bgcolor=#FFFFFF]
          RenderText {#text} at (0,0) size 15x15
            text run at (0,0) width 15: "x"
          RenderInline {SPAN} at (0,0) size 75x15
            RenderText {#text} at (60,15) size 15x15
              text run at (60,15) width 15: "x"
          RenderText {#text} at (75,15) size 15x15
            text run at (75,15) width 15: "x"
