layer at (0,0) size 980x735
  RenderView at (0,0) size 980x735
layer at (0,0) size 980x41
  RenderBlock {HTML} at (0,0) size 980x41
    RenderBody {BODY} at (8,8) size 964x25
      RenderBlock {DIV} at (0,0) size 964x25
        RenderBlock {DIV} at (0,0) size 964x25 [color=#008000] [border: (3px solid #008000) (15px solid #008000)]
          RenderText {#text} at (15,3) size 294x19
            text run at (15,3) width 294: "There should be no red on this page."
