layer at (0,0) size 980x735
  RenderView at (0,0) size 980x735
layer at (0,0) size 980x151
  RenderBlock {HTML} at (0,0) size 980x151
    RenderBody {BODY} at (8,16) size 964x125 [color=#000080]
      RenderBlock {P} at (0,0) size 964x19
        RenderText {#text} at (0,0) size 315x19
          text run at (0,0) width 315: "The five bars below should be identical."
      RenderBlock {DIV} at (0,35) size 106x90 [color=#0000FF]
        RenderBlock {P} at (0,0) size 106x10 [bgcolor=#000080]
          RenderText {#text} at (48,0) size 10x10
            text run at (48,0) width 10: "x"
        RenderBlock {P} at (0,20) size 106x10 [bgcolor=#000080]
          RenderText {#text} at (48,0) size 10x10
            text run at (48,0) width 10: "x"
        RenderBlock {P} at (0,40) size 106x10 [bgcolor=#000080]
          RenderText {#text} at (48,0) size 10x10
            text run at (48,0) width 10: "x"
        RenderBlock {P} at (0,60) size 106x10 [bgcolor=#000080]
          RenderText {#text} at (48,0) size 10x10
            text run at (48,0) width 10: "x"
        RenderBlock {P} at (0,80) size 106x10 [bgcolor=#000080]
          RenderText {#text} at (48,0) size 10x10
            text run at (48,0) width 10: "x"
