layer at (0,0) size 980x735
  RenderView at (0,0) size 980x735
layer at (0,0) size 980x111
  RenderBlock {HTML} at (0,0) size 980x111
    RenderBody {BODY} at (8,16) size 964x80
      RenderBlock {P} at (0,0) size 964x19
        RenderText {#text} at (0,0) size 369x19
          text run at (0,0) width 369: "There should be a green horizontal bar below:"
      RenderBlock {DIV} at (15,35) size 195x45 [bgcolor=#008000]
        RenderBlock {P} at (0,0) size 195x30 [color=#FFFFFF] [bgcolor=#FFFFFF]
          RenderText {#text} at (0,0) size 30x15
            text run at (0,0) width 30: "x "
          RenderInline {SPAN} at (0,0) size 165x30
            RenderText {#text} at (90,0) size 165x30
              text run at (90,0) width 75: "xxxxx"
              text run at (0,15) width 75: "xxxxx"
          RenderText {#text} at (75,15) size 30x15
            text run at (75,15) width 30: " x"
