layer at (0,0) size 980x735
  RenderView at (0,0) size 980x735
layer at (0,0) size 980x86
  RenderBlock {HTML} at (0,0) size 980x86
    RenderBody {BODY} at (8,16) size 964x54
      RenderBlock {P} at (0,0) size 964x19
        RenderInline {SPAN} at (0,0) size 316x25 [border: (3px solid #000000) (1px solid #000000)]
          RenderText {#text} at (1,0) size 312x19
            text run at (1,0) width 312: "This box should have a thin left border."
        RenderText {#text} at (0,0) size 0x0
      RenderBlock {P} at (0,35) size 964x19
        RenderText {#text} at (0,0) size 287x19
          text run at (0,0) width 287: "There should be no red on this line. "
        RenderInline {SPAN} at (0,0) size 15x19 [color=#FF0000]
          RenderText {#text} at (287,0) size 15x19
            text run at (287,0) width 15: "   "
        RenderText {#text} at (0,0) size 0x0
