layer at (0,0) size 980x735
  RenderView at (0,0) size 980x735
layer at (0,0) size 980x89
  RenderBlock {HTML} at (0,0) size 980x89
    RenderBody {BODY} at (8,16) size 964x57
      RenderBlock {P} at (0,0) size 176x57 [bgcolor=#FFFFFF] [border: none (16px solid #008000)]
        RenderText {#text} at (16,0) size 146x57
          text run at (16,0) width 144: "There should be a"
          text run at (16,19) width 146: "green block to the"
          text run at (16,38) width 121: "left of this text."
