layer at (0,0) size 980x735
  RenderView at (0,0) size 980x735
layer at (0,0) size 980x111
  RenderBlock {HTML} at (0,0) size 980x111
    RenderBody {BODY} at (8,16) size 964x80
      RenderBlock {P} at (0,0) size 964x19
        RenderText {#text} at (0,0) size 399x19
          text run at (0,0) width 399: "There should be a small light green square below:"
      RenderBlock {DIV} at (15,35) size 934x45
        RenderBlock {P} at (0,0) size 75x45 [color=#FFFFFF]
          RenderText {#text} at (0,0) size 30x30
            text run at (0,0) width 30: "xx"
            text run at (0,15) width 30: "xx"
          RenderInline {SPAN} at (0,0) size 15x15 [color=#00FF00] [bgcolor=#FF0000]
            RenderText {#text} at (90,15) size 15x15
              text run at (90,15) width 15: "x"
          RenderText {#text} at (0,30) size 75x15
            text run at (0,30) width 75: "xx xx"
