layer at (0,0) size 980x735
  RenderView at (0,0) size 980x735
layer at (0,0) size 980x333
  RenderBlock {HTML} at (0,0) size 980x333
    RenderBody {BODY} at (8,16) size 964x301 [color=#0000FF]
      RenderBlock {P} at (0,0) size 964x19
        RenderText {#text} at (0,0) size 961x19
          text run at (0,0) width 462: "There should be a solid line to the right of the text below, "
          text run at (462,0) width 499: "having three segments each of a different colour as indicated."
      RenderBlock {UL} at (0,35) size 723x266
        RenderListItem {LI} at (40,0) size 683x76 [border: none (3px solid #FFA500) none]
          RenderBlock (anonymous) at (0,0) size 680x19
            RenderListMarker at (-18,0) size 7x19: bullet
            RenderText {#text} at (0,0) size 137x19
              text run at (0,0) width 137: "Orange orange..."
          RenderBlock {UL} at (0,19) size 510x57
            RenderListItem {LI} at (40,0) size 470x19
              RenderListMarker at (-18,0) size 7x19: white bullet
              RenderText {#text} at (0,0) size 149x19
                text run at (0,0) width 149: "...orange orange..."
            RenderListItem {LI} at (40,19) size 470x19
              RenderListMarker at (-18,0) size 7x19: white bullet
              RenderText {#text} at (0,0) size 149x19
                text run at (0,0) width 149: "...orange orange..."
            RenderListItem {LI} at (40,38) size 470x19
              RenderListMarker at (-18,0) size 7x19: white bullet
              RenderText {#text} at (0,0) size 139x19
                text run at (0,0) width 139: "...orange orange."
        RenderListItem {LI} at (40,76) size 683x19 [border: none (3px solid #00FF00) none]
          RenderListMarker at (-18,0) size 7x19: bullet
          RenderText {#text} at (0,0) size 44x19
            text run at (0,0) width 44: "Lime."
        RenderListItem {LI} at (40,95) size 683x171 [border: none (3px solid #FFFF00) none]
          RenderListMarker at (-18,0) size 7x19: bullet
          RenderText {#text} at (0,0) size 656x171
            text run at (0,0) width 386: "Yellow yellow yellow yellow yellow yellow yellow "
            text run at (386,0) width 270: "yellow yellow yellow yellow yellow"
            text run at (0,19) width 220: "yellow yellow yellow yellow "
            text run at (220,19) width 435: "yellow yellow yellow yellow yellow yellow yellow yellow"
            text run at (0,38) width 55: "yellow "
            text run at (55,38) width 495: "yellow yellow yellow yellow yellow yellow yellow yellow yellow "
            text run at (550,38) width 105: "yellow yellow"
            text run at (0,57) width 385: "yellow yellow yellow yellow yellow yellow yellow "
            text run at (385,57) width 270: "yellow yellow yellow yellow yellow"
            text run at (0,76) width 220: "yellow yellow yellow yellow "
            text run at (220,76) width 435: "yellow yellow yellow yellow yellow yellow yellow yellow"
            text run at (0,95) width 55: "yellow "
            text run at (55,95) width 495: "yellow yellow yellow yellow yellow yellow yellow yellow yellow "
            text run at (550,95) width 105: "yellow yellow"
            text run at (0,114) width 385: "yellow yellow yellow yellow yellow yellow yellow "
            text run at (385,114) width 270: "yellow yellow yellow yellow yellow"
            text run at (0,133) width 220: "yellow yellow yellow yellow "
            text run at (220,133) width 435: "yellow yellow yellow yellow yellow yellow yellow yellow"
            text run at (0,152) width 55: "yellow "
            text run at (55,152) width 440: "yellow yellow yellow yellow yellow yellow yellow yellow."
