layer at (0,0) size 980x735
  RenderView at (0,0) size 980x735
layer at (0,0) size 980x397
  RenderBlock {HTML} at (0,0) size 980x397
    RenderBody {BODY} at (8,16) size 964x365
      RenderBlock {P} at (0,0) size 964x19 [color=#0000FF]
        RenderText {#text} at (0,0) size 290x19
          text run at (0,0) width 290: "The borders should be as described."
      RenderBlock {P} at (0,35) size 964x25 [color=#0000FF] [border: (3px solid #FFA500)]
        RenderText {#text} at (3,3) size 141x19
          text run at (3,3) width 141: "Orange and solid."
      RenderBlock {P} at (0,76) size 964x29 [color=#0000FF] [border: (5px outset #FFA500)]
        RenderText {#text} at (5,5) size 155x19
          text run at (5,5) width 155: "Orange and outset."
      RenderBlock {P} at (0,121) size 964x29 [color=#0000FF] [border: (5px inset #FFA500)]
        RenderText {#text} at (5,5) size 143x19
          text run at (5,5) width 143: "Orange and inset."
      RenderBlock {P} at (0,166) size 964x39 [color=#0000FF] [border: (10px ridge #FFA500)]
        RenderText {#text} at (10,10) size 156x19
          text run at (10,10) width 156: "Orange and ridged."
      RenderBlock {P} at (0,221) size 964x39 [color=#0000FF] [border: (10px double #FFA500)]
        RenderText {#text} at (10,10) size 159x19
          text run at (10,10) width 159: "Orange and double."
      RenderBlock {P} at (0,276) size 964x19 [color=#0000FF]
        RenderText {#text} at (0,0) size 86x19
          text run at (0,0) width 86: "No border."
      RenderBlock {P} at (0,311) size 964x19 [color=#0000FF]
        RenderText {#text} at (0,0) size 86x19
          text run at (0,0) width 86: "No border."
      RenderBlock {P} at (0,346) size 964x19 [color=#0000FF]
        RenderText {#text} at (0,0) size 86x19
          text run at (0,0) width 86: "No border."
