layer at (0,0) size 980x735
  RenderView at (0,0) size 980x735
layer at (0,0) size 980x238
  RenderBlock {HTML} at (0,0) size 980x238
    RenderBody {BODY} at (8,16) size 964x206
      RenderBlock {P} at (0,0) size 944x95 [color=#0000FF] [border: none (10px double #0000FF) none]
        RenderText {#text} at (0,0) size 454x19
          text run at (0,0) width 454: "This paragraph should have two blue lines on its right. \x{21E8} "
        RenderInline {SPAN} at (0,0) size 923x95 [color=#C0C0C0]
          RenderText {#text} at (454,0) size 923x95
            text run at (454,0) width 469: "dummy text dummy text dummy text dummy text dummy"
            text run at (0,19) width 102: "text dummy "
            text run at (102,19) width 612: "text dummy text dummy text dummy text dummy text dummy text dummy "
            text run at (714,19) width 199: "text dummy text dummy"
            text run at (0,38) width 408: "text dummy text dummy text dummy text dummy "
            text run at (408,38) width 505: "text dummy text dummy text dummy text dummy text dummy"
            text run at (0,57) width 102: "text dummy "
            text run at (102,57) width 612: "text dummy text dummy text dummy text dummy text dummy text dummy "
            text run at (714,57) width 199: "text dummy text dummy"
            text run at (0,76) width 235: "text dummy text dummy text"
        RenderText {#text} at (0,0) size 0x0
      RenderBlock {P} at (0,111) size 944x95 [color=#0000FF] [border: none (1px solid #0000FF) none]
        RenderText {#text} at (0,0) size 462x19
          text run at (0,0) width 462: "This paragraph should have a thin blue line on its right. \x{21E8} "
        RenderInline {SPAN} at (0,0) size 931x95 [color=#C0C0C0]
          RenderText {#text} at (462,0) size 931x95
            text run at (462,0) width 469: "dummy text dummy text dummy text dummy text dummy"
            text run at (0,19) width 102: "text dummy "
            text run at (102,19) width 612: "text dummy text dummy text dummy text dummy text dummy text dummy "
            text run at (714,19) width 199: "text dummy text dummy"
            text run at (0,38) width 408: "text dummy text dummy text dummy text dummy "
            text run at (408,38) width 505: "text dummy text dummy text dummy text dummy text dummy"
            text run at (0,57) width 102: "text dummy "
            text run at (102,57) width 612: "text dummy text dummy text dummy text dummy text dummy text dummy "
            text run at (714,57) width 199: "text dummy text dummy"
            text run at (0,76) width 235: "text dummy text dummy text"
        RenderText {#text} at (0,0) size 0x0
