layer at (0,0) size 980x735
  RenderView at (0,0) size 980x735
layer at (0,0) size 980x82
  RenderBlock {HTML} at (0,0) size 980x82
    RenderBody {BODY} at (8,8) size 964x66 [color=#0000FF]
      RenderTable {TABLE} at (0,0) size 914x66
        RenderTableSection {TBODY} at (0,0) size 914x66
          RenderTableRow {TR} at (0,2) size 914x25
            RenderTableCell {TD} at (2,2) size 910x25 [border: (2px solid #0000FF)] [r=0 c=0 rs=1 cs=2]
              RenderText {#text} at (3,3) size 420x19
                text run at (3,3) width 420: "There should be a blue border around this sentence."
          RenderTableRow {TR} at (0,29) size 914x35
            RenderTableCell {TD} at (2,34) size 426x25 [border: (2px solid #0000FF)] [r=1 c=0 rs=1 cs=1]
              RenderText {#text} at (3,3) size 420x19
                text run at (3,3) width 420: "There should be a blue border around this sentence."
            RenderTableCell {TD} at (430,29) size 482x35 [border: (2px solid #0000FF)] [r=1 c=1 rs=1 cs=1]
              RenderTable {TABLE} at (3,3) size 476x29
                RenderTableSection {TBODY} at (0,0) size 476x29
                  RenderTableRow {TR} at (0,2) size 476x25
                    RenderTableCell {TD} at (2,2) size 472x25 [border: (2px solid #0000FF)] [r=0 c=0 rs=1 cs=1]
                      RenderText {#text} at (3,3) size 134x19
                        text run at (3,3) width 134: "There should be "
                      RenderInline {STRONG} at (0,0) size 154x19
                        RenderInline {EM} at (0,0) size 34x19
                          RenderText {#text} at (137,3) size 34x19
                            text run at (137,3) width 34: "two"
                        RenderText {#text} at (171,3) size 120x19
                          text run at (171,3) width 120: " blue borders"
                      RenderText {#text} at (291,3) size 178x19
                        text run at (291,3) width 178: " around this sentence."
