layer at (0,0) size 980x735
  RenderView at (0,0) size 980x735
layer at (0,0) size 980x97
  RenderBlock {HTML} at (0,0) size 980x97
    RenderBody {BODY} at (8,16) size 964x65
      RenderBlock {P} at (0,0) size 964x29 [color=#0000FF] [border: (10px double #0000FF) none]
        RenderText {#text} at (0,10) size 474x19
          text run at (0,10) width 474: "This paragraph should have two blue lines directly above it."
      RenderBlock {P} at (0,45) size 964x20 [color=#0000FF] [border: (1px solid #0000FF) none]
        RenderText {#text} at (0,1) size 533x19
          text run at (0,1) width 533: "This paragraph should have a single thin blue line directly above it."
