layer at (0,0) size 980x735
  RenderView at (0,0) size 980x735
layer at (0,0) size 980x238
  RenderBlock {HTML} at (0,0) size 980x238
    RenderBody {BODY} at (8,16) size 964x206
      RenderBlock {P} at (20,0) size 944x95 [color=#0000FF] [border: none (10px double #0000FF)]
        RenderText {#text} at (10,0) size 443x19
          text run at (10,0) width 443: "\x{21E6} This paragraph should have two blue lines on its left. "
        RenderInline {SPAN} at (0,0) size 913x95 [color=#C0C0C0]
          RenderText {#text} at (453,0) size 913x95
            text run at (453,0) width 469: "dummy text dummy text dummy text dummy text dummy"
            text run at (10,19) width 102: "text dummy "
            text run at (112,19) width 612: "text dummy text dummy text dummy text dummy text dummy text dummy "
            text run at (724,19) width 199: "text dummy text dummy"
            text run at (10,38) width 408: "text dummy text dummy text dummy text dummy "
            text run at (418,38) width 505: "text dummy text dummy text dummy text dummy text dummy"
            text run at (10,57) width 102: "text dummy "
            text run at (112,57) width 612: "text dummy text dummy text dummy text dummy text dummy text dummy "
            text run at (724,57) width 199: "text dummy text dummy"
            text run at (10,76) width 235: "text dummy text dummy text"
        RenderText {#text} at (0,0) size 0x0
      RenderBlock {P} at (20,111) size 944x95 [color=#0000FF] [border: none (1px solid #0000FF)]
        RenderText {#text} at (1,0) size 451x19
          text run at (1,0) width 451: "\x{21E6} This paragraph should have a thin blue line on its left. "
        RenderInline {SPAN} at (0,0) size 920x95 [color=#C0C0C0]
          RenderText {#text} at (452,0) size 920x95
            text run at (452,0) width 469: "dummy text dummy text dummy text dummy text dummy"
            text run at (1,19) width 102: "text dummy "
            text run at (103,19) width 612: "text dummy text dummy text dummy text dummy text dummy text dummy "
            text run at (715,19) width 199: "text dummy text dummy"
            text run at (1,38) width 408: "text dummy text dummy text dummy text dummy "
            text run at (409,38) width 505: "text dummy text dummy text dummy text dummy text dummy"
            text run at (1,57) width 102: "text dummy "
            text run at (103,57) width 612: "text dummy text dummy text dummy text dummy text dummy text dummy "
            text run at (715,57) width 199: "text dummy text dummy"
            text run at (1,76) width 235: "text dummy text dummy text"
        RenderText {#text} at (0,0) size 0x0
