layer at (0,0) size 980x735
  RenderView at (0,0) size 980x735
layer at (0,0) size 980x65
  RenderBlock {HTML} at (0,0) size 980x65
    RenderBody {BODY} at (8,8) size 964x49
      RenderBlock {DIV} at (0,0) size 964x49
        RenderBlock {DIV} at (0,0) size 964x49 [color=#008000] [border: (15px solid #008000)]
          RenderBlock {P} at (15,15) size 934x19 [color=#000000] [bgcolor=#FFFFFF]
            RenderText {#text} at (0,0) size 294x19
              text run at (0,0) width 294: "There should be no red on this page."
