layer at (0,0) size 980x735
  RenderView at (0,0) size 980x735
layer at (0,0) size 980x174
  RenderBlock {HTML} at (0,0) size 980x174
    RenderBody {BODY} at (8,16) size 964x142
      RenderBlock {P} at (0,0) size 964x19
        RenderText {#text} at (0,0) size 528x19
          text run at (0,0) width 528: "The three boxes below should have progressively thinner borders."
      RenderBlock {P} at (0,35) size 964x29 [border: (5px solid #000000)]
        RenderText {#text} at (5,5) size 11x19
          text run at (5,5) width 11: "A"
      RenderBlock {P} at (0,80) size 964x25 [border: (3px solid #000000)]
        RenderText {#text} at (3,3) size 11x19
          text run at (3,3) width 11: "B"
      RenderBlock {P} at (0,121) size 964x21 [border: (1px solid #000000)]
        RenderText {#text} at (1,1) size 11x19
          text run at (1,1) width 11: "C"
