layer at (0,0) size 980x735
  RenderView at (0,0) size 980x735
layer at (0,0) size 980x175
  RenderBlock {HTML} at (0,0) size 980x175
    RenderBody {BODY} at (8,16) size 964x105
      RenderBlock {P} at (0,0) size 964x19 [color=#000080]
        RenderText {#text} at (0,0) size 513x19
          text run at (0,0) width 513: "The two patterns below should be identical, with no red present."
      RenderBlock {DIV} at (0,35) size 964x70
        RenderBlock {DIV} at (16,16) size 160x19 [color=#FFFF00] [bgcolor=#000080]
          RenderText {#text} at (0,0) size 13x19
            text run at (0,0) width 13: " *"
        RenderBlock {DIV} at (96,35) size 160x19 [color=#FFFF00] [bgcolor=#000080]
          RenderText {#text} at (147,0) size 13x19
            text run at (147,0) width 13: "* "
      RenderBlock {DIV} at (16,121) size 240x0
        RenderBlock {DIV} at (0,0) size 240x0 [bgcolor=#FF0000]
          RenderBlock (floating) {P} at (0,0) size 160x19 [color=#FFFF00] [bgcolor=#000080]
            RenderText {#text} at (0,0) size 13x19
              text run at (0,0) width 13: " *"
          RenderBlock (floating) {P} at (80,19) size 160x19 [color=#FFFF00] [bgcolor=#000080]
            RenderText {#text} at (147,0) size 13x19
              text run at (147,0) width 13: "* "
