layer at (0,0) size 980x735
  RenderView at (0,0) size 980x735
layer at (0,0) size 980x275
  RenderBlock {HTML} at (0,0) size 980x275
    RenderBody {BODY} at (8,16) size 964x38
      RenderBlock {P} at (0,0) size 964x38 [color=#000080]
        RenderText {#text} at (0,0) size 939x38
          text run at (0,0) width 493: "The blue boxes below should be in numeric order and form a "
          text run at (493,0) width 446: "backwards \"D\". (Boxes labelled \"A\" should be in the first"
          text run at (0,19) width 69: "column; "
          text run at (69,19) width 507: "boxes labelled \"B\" should be in the second; arrows indicate the "
          text run at (576,19) width 154: "correct alignment.)"
      RenderBlock {DIV} at (16,54) size 320x0
        RenderBlock (floating) {P} at (190,4) size 126x33 [color=#FFFFFF] [bgcolor=#000080] [border: (3px solid #0000FF)]
          RenderText {#text} at (75,7) size 44x19
            text run at (75,7) width 44: "B 2 \x{21E8}"
        RenderBlock (floating) {P} at (56,4) size 126x33 [color=#FFFFFF] [bgcolor=#000080] [border: (3px solid #0000FF)]
          RenderText {#text} at (75,7) size 44x19
            text run at (75,7) width 44: "A 1 \x{21E8}"
        RenderBlock (floating) {P} at (190,45) size 126x33 [color=#FFFFFF] [bgcolor=#000080] [border: (3px solid #0000FF)]
          RenderText {#text} at (75,7) size 44x19
            text run at (75,7) width 44: "B 4 \x{21E8}"
        RenderBlock (floating) {P} at (4,45) size 126x33 [color=#FFFFFF] [bgcolor=#000080] [border: (3px solid #0000FF)]
          RenderText {#text} at (7,7) size 44x19
            text run at (7,7) width 44: "\x{21E6} A 3"
        RenderBlock (floating) {P} at (190,86) size 126x33 [color=#FFFFFF] [bgcolor=#000080] [border: (3px solid #0000FF)]
          RenderText {#text} at (75,7) size 44x19
            text run at (75,7) width 44: "B 6 \x{21E8}"
        RenderBlock (floating) {P} at (4,86) size 126x33 [color=#FFFFFF] [bgcolor=#000080] [border: (3px solid #0000FF)]
          RenderText {#text} at (7,7) size 44x19
            text run at (7,7) width 44: "\x{21E6} A 5"
        RenderBlock (floating) {P} at (4,127) size 126x33 [color=#FFFFFF] [bgcolor=#000080] [border: (3px solid #0000FF)]
          RenderText {#text} at (7,7) size 44x19
            text run at (7,7) width 44: "\x{21E6} A 7"
        RenderBlock (floating) {P} at (190,127) size 126x33 [color=#FFFFFF] [bgcolor=#000080] [border: (3px solid #0000FF)]
          RenderText {#text} at (75,7) size 44x19
            text run at (75,7) width 44: "B 8 \x{21E8}"
        RenderBlock (floating) {P} at (190,168) size 126x33 [color=#FFFFFF] [bgcolor=#000080] [border: (3px solid #0000FF)]
          RenderText {#text} at (65,7) size 54x19
            text run at (65,7) width 54: "B 10 \x{21E8}"
        RenderBlock (floating) {P} at (56,168) size 126x33 [color=#FFFFFF] [bgcolor=#000080] [border: (3px solid #0000FF)]
          RenderText {#text} at (75,7) size 44x19
            text run at (75,7) width 44: "A 9 \x{21E8}"
