layer at (0,0) size 980x735
  RenderView at (0,0) size 980x735
layer at (0,0) size 980x236
  RenderBlock {HTML} at (0,0) size 980x236
    RenderBody {BODY} at (8,8) size 964x0
      RenderBlock (floating) {DIV} at (0,0) size 723x228 [color=#FFFFFF] [bgcolor=#000080]
        RenderBlock (floating) {DIV} at (345,0) size 361x76 [color=#00FFFF] [bgcolor=#008080]
          RenderBlock {P} at (0,0) size 361x76
            RenderText {#text} at (0,0) size 361x76
              text run at (0,0) width 361: "To the right of this teal box there should be a"
              text run at (0,19) width 127: "purple square, "
              text run at (127,19) width 234: "tightly squeezed in between"
              text run at (0,38) width 303: "the edge of the teal box and the "
              text run at (303,38) width 58: "outside"
              text run at (0,57) width 201: "edge of the blue block. \x{21E8}"
        RenderBlock {P} at (0,0) size 723x228
          RenderText {#text} at (0,0) size 345x38
            text run at (0,0) width 345: "Inside this blue block on the right there"
            text run at (0,19) width 192: "should be a teal box. \x{21E8} "
          RenderInline {SPAN} at (0,0) size 723x209 [color=#000080]
            RenderText {#text} at (192,19) size 723x209
              text run at (192,19) width 153: "FAIL FAIL FAIL FAIL"
              text run at (0,38) width 345: "FAIL FAIL FAIL FAIL FAIL FAIL FAIL FAIL"
              text run at (0,57) width 345: "FAIL FAIL FAIL FAIL FAIL FAIL FAIL FAIL"
              text run at (0,76) width 162: "FAIL FAIL FAIL FAIL "
              text run at (162,76) width 486: "FAIL FAIL FAIL FAIL FAIL FAIL FAIL FAIL FAIL FAIL FAIL FAIL "
              text run at (648,76) width 75: "FAIL FAIL"
              text run at (0,95) width 405: "FAIL FAIL FAIL FAIL FAIL FAIL FAIL FAIL FAIL FAIL "
              text run at (405,95) width 318: "FAIL FAIL FAIL FAIL FAIL FAIL FAIL FAIL"
              text run at (0,114) width 162: "FAIL FAIL FAIL FAIL "
              text run at (162,114) width 486: "FAIL FAIL FAIL FAIL FAIL FAIL FAIL FAIL FAIL FAIL FAIL FAIL "
              text run at (648,114) width 75: "FAIL FAIL"
              text run at (0,133) width 405: "FAIL FAIL FAIL FAIL FAIL FAIL FAIL FAIL FAIL FAIL "
              text run at (405,133) width 318: "FAIL FAIL FAIL FAIL FAIL FAIL FAIL FAIL"
              text run at (0,152) width 162: "FAIL FAIL FAIL FAIL "
              text run at (162,152) width 486: "FAIL FAIL FAIL FAIL FAIL FAIL FAIL FAIL FAIL FAIL FAIL FAIL "
              text run at (648,152) width 75: "FAIL FAIL"
              text run at (0,171) width 405: "FAIL FAIL FAIL FAIL FAIL FAIL FAIL FAIL FAIL FAIL "
              text run at (405,171) width 318: "FAIL FAIL FAIL FAIL FAIL FAIL FAIL FAIL"
              text run at (0,190) width 162: "FAIL FAIL FAIL FAIL "
              text run at (162,190) width 486: "FAIL FAIL FAIL FAIL FAIL FAIL FAIL FAIL FAIL FAIL FAIL FAIL "
              text run at (648,190) width 75: "FAIL FAIL"
              text run at (0,209) width 385: "FAIL FAIL FAIL FAIL FAIL FAIL FAIL FAIL FAIL FAIL"
          RenderText {#text} at (0,0) size 0x0
