layer at (0,0) size 980x735
  RenderView at (0,0) size 980x735
layer at (0,0) size 980x185
  RenderBlock {HTML} at (0,0) size 980x185
    RenderBody {BODY} at (8,8) size 964x169
      RenderBlock {P} at (0,0) size 964x19
        RenderText {#text} at (0,0) size 347x19
          text run at (0,0) width 347: "There should be a green box to the right. \x{2798}"
      RenderBlock {DIV} at (0,19) size 964x150 [bgcolor=#FFFFFF]
        RenderBlock (floating) {P} at (638,10) size 316x91 [color=#008000] [border: (3px solid #008000)]
          RenderText {#text} at (8,8) size 300x75
            text run at (8,8) width 300: "x x xxxx xx xxxx x x"
            text run at (8,23) width 300: "x xx xx xxxx xx xx x"
            text run at (8,38) width 300: "x xxx xx xx xx xxx x"
            text run at (8,53) width 300: "x xx xx xxxx xx xx x"
            text run at (8,68) width 300: "x x xxxx xx xxxx x x"
        RenderBlock {P} at (0,0) size 964x45 [color=#FFFFFF]
          RenderText {#text} at (613,0) size 15x15
            text run at (613,0) width 15: "x"
          RenderBR {BR} at (628,0) size 0x15
          RenderText {#text} at (613,15) size 15x15
            text run at (613,15) width 15: "x"
          RenderBR {BR} at (628,15) size 0x15
          RenderText {#text} at (613,30) size 15x15
            text run at (613,30) width 15: "x"
