layer at (0,0) size 980x735
  RenderView at (0,0) size 980x735
layer at (0,0) size 980x189
  RenderBlock {HTML} at (0,0) size 980x189
    RenderBody {BODY} at (8,16) size 964x127
      RenderBlock {P} at (0,0) size 964x19 [color=#000080]
        RenderText {#text} at (0,0) size 756x19
          text run at (0,0) width 473: "In the following test, the teal blocks must be just inside the "
          text run at (473,0) width 283: "top and sides of the blue rectangle."
      RenderBlock {DIV} at (0,35) size 964x92
        RenderBlock {DIV} at (16,0) size 932x92 [color=#0000FF] [bgcolor=#000080] [border: (8px solid #0000FF) none (8px solid #0000FF)]
          RenderBlock (floating) {P} at (8,8) size 176x130 [color=#00FFFF] [bgcolor=#008080] [border: (4px solid #00FFFF)]
            RenderText {#text} at (8,8) size 138x114
              text run at (8,8) width 125: "Teal block. Teal"
              text run at (8,27) width 138: "block. Teal block."
              text run at (8,46) width 125: "Teal block. Teal"
              text run at (8,65) width 138: "block. Teal block."
              text run at (8,84) width 125: "Teal block. Teal"
              text run at (8,103) width 47: "block."
          RenderBlock (floating) {P} at (748,8) size 176x130 [color=#00FFFF] [bgcolor=#008080] [border: (4px solid #00FFFF)]
            RenderText {#text} at (8,8) size 138x114
              text run at (8,8) width 125: "Teal block. Teal"
              text run at (8,27) width 138: "block. Teal block."
              text run at (8,46) width 125: "Teal block. Teal"
              text run at (8,65) width 138: "block. Teal block."
              text run at (8,84) width 125: "Teal block. Teal"
              text run at (8,103) width 47: "block."
          RenderText {#text} at (184,8) size 539x76
            text run at (184,8) width 539: "Blue rectangle. Blue rectangle. Blue rectangle. Blue rectangle. Blue"
            text run at (184,27) width 464: "rectangle. Blue rectangle. Blue rectangle. Blue rectangle. "
            text run at (648,27) width 35: "Blue"
            text run at (184,46) width 499: "rectangle. Blue rectangle. Blue rectangle. Blue rectangle. Blue"
            text run at (184,65) width 459: "rectangle. Blue rectangle. Blue rectangle. Blue rectangle."
