layer at (0,0) size 980x735
  RenderView at (0,0) size 980x735
layer at (0,0) size 980x137
  RenderBlock {HTML} at (0,0) size 980x137
    RenderBody {BODY} at (8,16) size 964x111
      RenderBlock {P} at (0,0) size 964x19 [color=#000080]
        RenderText {#text} at (0,0) size 867x19
          text run at (0,0) width 867: "There should be five numbers, in numerical order, below: on the first line 1, 2 and 3, on the second, 4 and 5."
      RenderBlock {DIV} at (10,35) size 262x76 [color=#000080] [border: (3px solid #0000FF)]
        RenderBlock (floating) {P} at (19,19) size 80x19
          RenderText {#text} at (0,0) size 10x19
            text run at (0,0) width 10: "1"
        RenderBlock (floating) {P} at (99,19) size 80x19
          RenderText {#text} at (0,0) size 10x19
            text run at (0,0) width 10: "2"
        RenderBlock (floating) {P} at (19,38) size 80x19
          RenderText {#text} at (0,0) size 10x19
            text run at (0,0) width 10: "4"
        RenderText {#text} at (179,19) size 110x38
          text run at (179,19) width 10: "3"
          text run at (99,38) width 110: "5                    "
