layer at (0,0) size 980x735
  RenderView at (0,0) size 980x735
layer at (0,0) size 980x46
  RenderBlock {HTML} at (0,0) size 980x46
    RenderBody {BODY} at (8,8) size 964x19
      RenderBlock {DIV} at (0,0) size 964x19
        RenderBlock {DIV} at (0,0) size 964x19
          RenderBlock (floating) {P} at (482,0) size 482x38
            RenderImage {IMG} at (0,0) size 15x15 [color=#FF0000]
            RenderText {#text} at (15,0) size 460x38
              text run at (15,0) width 5: " "
              text run at (20,0) width 440: "\x{21E6} There should be a green square at the top left of the"
              text run at (0,19) width 65: "window."
          RenderImage {IMG} at (0,0) size 15x15 [color=#FF0000]
          RenderText {#text} at (0,0) size 0x0
