layer at (0,0) size 980x735
  RenderView at (0,0) size 980x735
layer at (0,0) size 980x164
  RenderBlock {HTML} at (0,0) size 980x164
    RenderBody {BODY} at (8,16) size 964x126
      RenderBlock {P} at (0,0) size 964x19 [color=#000080]
        RenderText {#text} at (0,0) size 477x19
          text run at (0,0) width 477: "The word \"fail\" should not appear below, just a green block."
      RenderBlock {DIV} at (16,35) size 240x91 [color=#FFFFFF] [bgcolor=#FFFFFF]
        RenderImage {IMG} at (0,0) size 1x1
        RenderImage {IMG} at (0,1) size 240x112
        RenderInline {SPAN} at (0,0) size 164x90
          RenderText {#text} at (1,0) size 164x90
            text run at (1,0) width 164: "FAIL"
        RenderText {#text} at (0,0) size 0x0
