layer at (0,0) size 980x735
  RenderView at (0,0) size 980x735
layer at (0,0) size 980x163
  RenderBlock {HTML} at (0,0) size 980x163
    RenderBody {BODY} at (8,16) size 964x99
      RenderBlock {P} at (0,0) size 964x19 [color=#000080]
        RenderText {#text} at (0,0) size 513x19
          text run at (0,0) width 513: "The two patterns below should be identical, with no red present."
      RenderBlock {DIV} at (0,35) size 964x64
        RenderImage {IMG} at (16,16) size 160x16 [color=#FFFF00] [bgcolor=#FF0000]
        RenderImage {IMG} at (96,32) size 160x16 [color=#FFFF00] [bgcolor=#FF0000]
      RenderBlock {DIV} at (16,115) size 240x0
        RenderBlock {DIV} at (0,0) size 240x0 [bgcolor=#FF0000]
          RenderImage {IMG} at (0,0) size 160x16 [color=#FFFF00]
          RenderImage {IMG} at (80,16) size 160x16 [color=#FFFF00]
