layer at (0,0) size 980x735
  RenderView at (0,0) size 980x735
layer at (0,0) size 980x714
  RenderBlock {HTML} at (0,0) size 980x714
    RenderBody {BODY} at (8,32) size 964x650
      RenderBlock {P} at (32,0) size 900x74 [color=#000080]
        RenderText {#text} at (0,0) size 900x75
          text run at (0,0) width 826: "\x{21E9} The following blue box should be exactly half the"
          text run at (0,37) width 98: "width "
          text run at (98,37) width 802: "of the viewport, on the left of the 50% ruler mark."
      RenderBlock (floating) {DIV} at (0,106) size 482x304 [color=#FFFFFF] [bgcolor=#0000FF]
        RenderText {#text} at (0,0) size 482x304
          text run at (0,0) width 453: "ignore this float text ignore this float text ignore this float "
          text run at (453,0) width 29: "text"
          text run at (0,19) width 409: "ignore this float text ignore this float text ignore this "
          text run at (409,19) width 73: "float text"
          text run at (0,38) width 377: "ignore this float text ignore this float text ignore "
          text run at (377,38) width 105: "this float text"
          text run at (0,57) width 326: "ignore this float text ignore this float text "
          text run at (326,57) width 156: "ignore this float text"
          text run at (0,76) width 289: "ignore this float text ignore this float "
          text run at (289,76) width 193: "text ignore this float text"
          text run at (0,95) width 246: "ignore this float text ignore this "
          text run at (246,95) width 236: "float text ignore this float text"
          text run at (0,114) width 214: "ignore this float text ignore "
          text run at (214,114) width 268: "this float text ignore this float text"
          text run at (0,133) width 163: "ignore this float text "
          text run at (163,133) width 319: "ignore this float text ignore this float text"
          text run at (0,152) width 126: "ignore this float "
          text run at (126,152) width 356: "text ignore this float text ignore this float text"
          text run at (0,171) width 83: "ignore this "
          text run at (83,171) width 399: "float text ignore this float text ignore this float text"
          text run at (0,190) width 51: "ignore "
          text run at (51,190) width 431: "this float text ignore this float text ignore this float text"
          text run at (0,209) width 453: "ignore this float text ignore this float text ignore this float "
          text run at (453,209) width 29: "text"
          text run at (0,228) width 409: "ignore this float text ignore this float text ignore this "
          text run at (409,228) width 73: "float text"
          text run at (0,247) width 377: "ignore this float text ignore this float text ignore "
          text run at (377,247) width 105: "this float text"
          text run at (0,266) width 326: "ignore this float text ignore this float text "
          text run at (326,266) width 156: "ignore this float text"
          text run at (0,285) width 269: "ignore this float text ignore this float"
      RenderBlock {DIV} at (0,106) size 964x475 [color=#C0C0C0]
        RenderText {#text} at (482,0) size 964x475
          text run at (482,0) width 482: "this is some dummy text this is some dummy text this is"
          text run at (482,19) width 122: "some dummy "
          text run at (604,19) width 360: "text this is some dummy text this is some"
          text run at (482,38) width 210: "dummy text this is some "
          text run at (692,38) width 272: "dummy text this is some dummy"
          text run at (482,57) width 298: "text this is some dummy text this is "
          text run at (780,57) width 184: "some dummy text this"
          text run at (482,76) width 384: "is some dummy text this is some dummy text "
          text run at (866,76) width 98: "this is some"
          text run at (482,95) width 482: "dummy text this is some dummy text this is some dummy"
          text run at (482,114) width 482: "text this is some dummy text this is some dummy text this"
          text run at (482,133) width 69: "is some "
          text run at (551,133) width 413: "dummy text this is some dummy text this is some"
          text run at (482,152) width 159: "dummy text this is "
          text run at (641,152) width 323: "some dummy text this is some dummy"
          text run at (482,171) width 245: "text this is some dummy text "
          text run at (727,171) width 237: "this is some dummy text this"
          text run at (482,190) width 346: "is some dummy text this is some dummy "
          text run at (828,190) width 136: "text this is some"
          text run at (482,209) width 421: "dummy text this is some dummy text this is some "
          text run at (903,209) width 61: "dummy"
          text run at (482,228) width 482: "text this is some dummy text this is some dummy text this"
          text run at (482,247) width 18: "is "
          text run at (500,247) width 464: "some dummy text this is some dummy text this is some"
          text run at (482,266) width 105: "dummy text "
          text run at (587,266) width 377: "this is some dummy text this is some dummy"
          text run at (482,285) width 208: "text this is some dummy "
          text run at (690,285) width 274: "text this is some dummy text this"
          text run at (0,304) width 277: "is some dummy text this is some "
          text run at (277,304) width 575: "dummy text this is some dummy text this is some dummy text this is "
          text run at (852,304) width 112: "some dummy"
          text run at (0,323) width 452: "text this is some dummy text this is some dummy text "
          text run at (452,323) width 512: "this is some dummy text this is some dummy text this is some"
          text run at (0,342) width 66: "dummy "
          text run at (66,342) width 545: "text this is some dummy text this is some dummy text this is some "
          text run at (611,342) width 353: "dummy text this is some dummy text this is"
          text run at (0,361) width 204: "some dummy text this is "
          text run at (204,361) width 561: "some dummy text this is some dummy text this is some dummy text "
          text run at (765,361) width 199: "this is some dummy text"
          text run at (0,380) width 366: "this is some dummy text this is some dummy "
          text run at (366,380) width 537: "text this is some dummy text this is some dummy text this is some "
          text run at (903,380) width 61: "dummy"
          text run at (0,399) width 504: "text this is some dummy text this is some dummy text this is "
          text run at (504,399) width 460: "some dummy text this is some dummy text this is some"
          text run at (0,418) width 103: "dummy text "
          text run at (103,418) width 575: "this is some dummy text this is some dummy text this is some dummy "
          text run at (678,418) width 286: "text this is some dummy text this is"
          text run at (0,437) width 253: "some dummy text this is some "
          text run at (253,437) width 563: "dummy text this is some dummy text this is some dummy text this is "
          text run at (816,437) width 148: "some dummy text"
          text run at (0,456) width 196: "this is some dummy text"
      RenderBlock {P} at (32,613) size 900x37 [color=#000080]
        RenderText {#text} at (1,0) size 899x38
          text run at (1,0) width 872: "The above gray text should flow around the blue box. "
          text run at (873,0) width 27: "\x{21E7}"
