layer at (0,0) size 980x735
  RenderView at (0,0) size 980x735
layer at (0,0) size 980x357
  RenderBlock {HTML} at (0,0) size 980x357
    RenderBody {BODY} at (8,16) size 964x38
      RenderBlock {P} at (0,0) size 964x38 [color=#000080]
        RenderText {#text} at (0,0) size 916x38
          text run at (0,0) width 528: "The blue boxes below should be in numeric order and form a \"B\". "
          text run at (528,0) width 388: "(Boxes labelled \"A\" should be in the first column;"
          text run at (0,19) width 119: "boxes labelled "
          text run at (119,19) width 451: "\"B\" should be in the second; arrows indicate the correct "
          text run at (570,19) width 91: "alignment.)"
      RenderBlock {DIV} at (16,54) size 320x0
        RenderBlock (floating) {P} at (4,4) size 126x33 [color=#FFFFFF] [bgcolor=#000080] [border: (3px solid #0000FF)]
          RenderText {#text} at (7,7) size 44x19
            text run at (7,7) width 44: "\x{21E6} A 1"
        RenderBlock (floating) {P} at (138,4) size 126x33 [color=#FFFFFF] [bgcolor=#000080] [border: (3px solid #0000FF)]
          RenderText {#text} at (7,7) size 44x19
            text run at (7,7) width 44: "\x{21E6} B 2"
        RenderBlock (floating) {P} at (4,45) size 126x33 [color=#FFFFFF] [bgcolor=#000080] [border: (3px solid #0000FF)]
          RenderText {#text} at (7,7) size 44x19
            text run at (7,7) width 44: "\x{21E6} A 3"
        RenderBlock (floating) {P} at (190,45) size 126x33 [color=#FFFFFF] [bgcolor=#000080] [border: (3px solid #0000FF)]
          RenderText {#text} at (75,7) size 44x19
            text run at (75,7) width 44: "B 4 \x{21E8}"
        RenderBlock (floating) {P} at (4,86) size 126x33 [color=#FFFFFF] [bgcolor=#000080] [border: (3px solid #0000FF)]
          RenderText {#text} at (7,7) size 44x19
            text run at (7,7) width 44: "\x{21E6} A 5"
        RenderBlock (floating) {P} at (190,86) size 126x33 [color=#FFFFFF] [bgcolor=#000080] [border: (3px solid #0000FF)]
          RenderText {#text} at (75,7) size 44x19
            text run at (75,7) width 44: "B 6 \x{21E8}"
        RenderBlock (floating) {P} at (4,127) size 126x33 [color=#FFFFFF] [bgcolor=#000080] [border: (3px solid #0000FF)]
          RenderText {#text} at (7,7) size 44x19
            text run at (7,7) width 44: "\x{21E6} A 7"
        RenderBlock (floating) {P} at (138,127) size 126x33 [color=#FFFFFF] [bgcolor=#000080] [border: (3px solid #0000FF)]
          RenderText {#text} at (7,7) size 44x19
            text run at (7,7) width 44: "\x{21E6} B 8"
        RenderBlock (floating) {P} at (4,168) size 126x33 [color=#FFFFFF] [bgcolor=#000080] [border: (3px solid #0000FF)]
          RenderText {#text} at (7,7) size 44x19
            text run at (7,7) width 44: "\x{21E6} A 9"
        RenderBlock (floating) {P} at (190,168) size 126x33 [color=#FFFFFF] [bgcolor=#000080] [border: (3px solid #0000FF)]
          RenderText {#text} at (65,7) size 54x19
            text run at (65,7) width 54: "B 10 \x{21E8}"
        RenderBlock (floating) {P} at (4,209) size 126x33 [color=#FFFFFF] [bgcolor=#000080] [border: (3px solid #0000FF)]
          RenderText {#text} at (7,7) size 54x19
            text run at (7,7) width 54: "\x{21E6} A 11"
        RenderBlock (floating) {P} at (190,209) size 126x33 [color=#FFFFFF] [bgcolor=#000080] [border: (3px solid #0000FF)]
          RenderText {#text} at (65,7) size 54x19
            text run at (65,7) width 54: "B 12 \x{21E8}"
        RenderBlock (floating) {P} at (4,250) size 126x33 [color=#FFFFFF] [bgcolor=#000080] [border: (3px solid #0000FF)]
          RenderText {#text} at (7,7) size 54x19
            text run at (7,7) width 54: "\x{21E6} A 13"
        RenderBlock (floating) {P} at (138,250) size 126x33 [color=#FFFFFF] [bgcolor=#000080] [border: (3px solid #0000FF)]
          RenderText {#text} at (7,7) size 54x19
            text run at (7,7) width 54: "\x{21E6} B 14"
