layer at (0,0) size 980x735
  RenderView at (0,0) size 980x735
layer at (0,0) size 980x208
  RenderBlock {HTML} at (0,0) size 980x208 [bgcolor=#FF0000] [border: (100px solid #FF0000)]
    RenderBody {BODY} at (108,108) size 764x0
layer at (0,0) size 980x735
  RenderBlock (positioned) {DIV} at (0,0) size 980x735 [color=#008000] [bgcolor=#FFFFFF]
    RenderText {#text} at (0,0) size 294x19
      text run at (0,0) width 294: "There should be no red on this page."
