layer at (0,0) size 980x735
  RenderView at (0,0) size 980x735
layer at (0,0) size 980x263
  RenderBlock {HTML} at (0,0) size 980x263
    RenderBody {BODY} at (8,16) size 964x239
      RenderBlock {P} at (0,0) size 964x19
        RenderText {#text} at (0,0) size 514x19
          text run at (0,0) width 514: "The square below should be exactly 100 pixels high on the ruler."
      RenderBlock {DIV} at (0,35) size 964x204
        RenderImage {IMG} at (45,0) size 100x100
