layer at (0,0) size 980x735
  RenderView at (0,0) size 980x735
layer at (0,0) size 980x393
  RenderBlock {HTML} at (0,0) size 980x393
    RenderBody {BODY} at (8,8) size 964x365
      RenderBlock {P} at (0,0) size 964x19
        RenderText {#text} at (0,0) size 243x19
          text run at (0,0) width 243: "There should be no red below:"
      RenderBlock {DIV} at (20,39) size 86x326 [color=#008000] [bgcolor=#FF0000] [border: (3px solid #000000)]
        RenderBlock (anonymous) at (3,3) size 80x80
          RenderText {#text} at (0,10) size 60x60
            text run at (0,10) width 60: "x x"
            text run at (0,50) width 60: "x x"
        RenderBlock {P} at (3,83) size 80x160
          RenderText {#text} at (0,20) size 40x120
            text run at (0,20) width 40: "x"
            text run at (0,100) width 40: "x"
        RenderBlock (anonymous) at (3,243) size 80x80
          RenderText {#text} at (0,10) size 60x60
            text run at (0,10) width 60: "x x"
            text run at (0,50) width 60: "x x"
