layer at (0,0) size 980x735
  RenderView at (0,0) size 980x735
layer at (0,0) size 980x170
  RenderBlock {HTML} at (0,0) size 980x170
    RenderBody {BODY} at (8,16) size 964x138
      RenderBlock {P} at (0,0) size 964x19 [color=#000080]
        RenderText {#text} at (0,0) size 275x19
          text run at (0,0) width 275: "There should be no red anywhere."
      RenderBlock {P} at (0,35) size 964x19 [color=#000080]
        RenderText {#text} at (0,0) size 487x19
          text run at (0,0) width 487: "There should be two identical squares at the end of this line: "
        RenderImage {IMG} at (487,0) size 15x15
        RenderText {#text} at (502,0) size 5x19
          text run at (502,0) width 5: " "
        RenderInline {SPAN} at (0,0) size 15x15 [color=#0000FF] [bgcolor=#FF0000]
          RenderText {#text} at (507,0) size 15x15
            text run at (507,0) width 15: "X"
        RenderText {#text} at (0,0) size 0x0
      RenderBlock {P} at (0,70) size 964x68 [color=#000080]
        RenderText {#text} at (0,49) size 487x19
          text run at (0,49) width 487: "There should be two identical squares at the end of this line: "
        RenderImage {IMG} at (487,0) size 64x64
        RenderText {#text} at (551,49) size 5x19
          text run at (551,49) width 5: " "
        RenderInline {SPAN} at (0,0) size 64x64 [color=#0000FF] [bgcolor=#FF0000]
          RenderText {#text} at (556,0) size 64x64
            text run at (556,0) width 64: "X"
        RenderText {#text} at (0,0) size 0x0
