layer at (0,0) size 980x735
  RenderView at (0,0) size 980x735
layer at (0,0) size 980x256
  RenderBlock {HTML} at (0,0) size 980x256
    RenderBody {BODY} at (8,16) size 964x225
      RenderBlock {P} at (0,0) size 964x38
        RenderText {#text} at (0,0) size 920x38
          text run at (0,0) width 480: "Change your window size. However the lines wrap, the blue "
          text run at (480,0) width 440: "rectanglues should always have their tops on the same"
          text run at (0,19) width 108: "alignment as "
          text run at (108,19) width 265: "other blue rectangles on the line."
      RenderBlock {P} at (15,54) size 934x171 [color=#0000FF] [bgcolor=#FFFFFF] [border: (1px solid #C0C0C0)]
        RenderInline {SPAN} at (0,0) size 45x15
          RenderText {#text} at (8,8) size 45x15
            text run at (8,8) width 45: "xxx"
        RenderText {#text} at (53,8) size 15x15
          text run at (53,8) width 15: " "
        RenderImage {IMG} at (68,8) size 10x10
        RenderText {#text} at (78,8) size 15x15
          text run at (78,8) width 15: " "
        RenderInline {SPAN} at (0,0) size 114x38
          RenderText {#text} at (93,8) size 114x38
            text run at (93,8) width 114: "xxx"
        RenderText {#text} at (207,8) size 15x15
          text run at (207,8) width 15: " "
        RenderImage {IMG} at (222,8) size 10x10
        RenderText {#text} at (232,8) size 15x15
          text run at (232,8) width 15: " "
        RenderInline {SPAN} at (0,0) size 45x15
          RenderText {#text} at (247,8) size 45x15
            text run at (247,8) width 45: "xxx"
        RenderText {#text} at (292,8) size 15x15
          text run at (292,8) width 15: " "
        RenderImage {IMG} at (307,8) size 10x10
        RenderText {#text} at (317,8) size 15x15
          text run at (317,8) width 15: " "
        RenderInline {SPAN} at (0,0) size 45x15
          RenderText {#text} at (332,8) size 45x15
            text run at (332,8) width 45: "xxx"
        RenderText {#text} at (377,8) size 15x15
          text run at (377,8) width 15: " "
        RenderImage {IMG} at (392,8) size 10x10
        RenderText {#text} at (402,8) size 15x15
          text run at (402,8) width 15: " "
        RenderInline {BIG} at (0,0) size 60x20
          RenderText {#text} at (417,8) size 60x20
            text run at (417,8) width 60: "xxx"
        RenderText {#text} at (477,8) size 15x15
          text run at (477,8) width 15: " "
        RenderImage {IMG} at (492,8) size 20x20
        RenderText {#text} at (512,8) size 15x15
          text run at (512,8) width 15: " "
        RenderInline {SPAN} at (0,0) size 45x15
          RenderText {#text} at (527,8) size 45x15
            text run at (527,8) width 45: "xxx"
        RenderText {#text} at (572,8) size 15x15
          text run at (572,8) width 15: " "
        RenderImage {IMG} at (587,8) size 65x65
        RenderText {#text} at (652,8) size 15x15
          text run at (652,8) width 15: " "
        RenderInline {SPAN} at (0,0) size 45x15
          RenderText {#text} at (667,8) size 45x15
            text run at (667,8) width 45: "xxx"
        RenderText {#text} at (712,8) size 15x15
          text run at (712,8) width 15: " "
        RenderImage {IMG} at (727,8) size 35x35
        RenderText {#text} at (762,8) size 15x15
          text run at (762,8) width 15: " "
        RenderInline {SPAN} at (0,0) size 90x30
          RenderText {#text} at (777,8) size 90x30
            text run at (777,8) width 90: "xxx"
        RenderText {#text} at (0,0) size 0x0
        RenderImage {IMG} at (8,73) size 50x50
        RenderText {#text} at (58,73) size 15x15
          text run at (58,73) width 15: " "
        RenderInline {SPAN} at (0,0) size 45x15
          RenderText {#text} at (73,73) size 45x15
            text run at (73,73) width 45: "xxx"
        RenderText {#text} at (118,73) size 15x15
          text run at (118,73) width 15: " "
        RenderImage {IMG} at (133,73) size 15x15
        RenderText {#text} at (148,73) size 15x15
          text run at (148,73) width 15: " "
        RenderInline {BIG} at (0,0) size 60x20
          RenderText {#text} at (163,73) size 60x20
            text run at (163,73) width 60: "xxx"
        RenderText {#text} at (223,73) size 15x15
          text run at (223,73) width 15: " "
        RenderImage {IMG} at (238,73) size 90x90
        RenderText {#text} at (0,0) size 0x0
