layer at (0,0) size 980x735
  RenderView at (0,0) size 980x735
layer at (0,0) size 980x568
  RenderBlock {HTML} at (0,0) size 980x568
    RenderBody {BODY} at (8,16) size 964x536
      RenderBlock {P} at (0,0) size 964x38 [color=#000080]
        RenderText {#text} at (0,0) size 937x38
          text run at (0,0) width 510: "Below this paragraph there should be a big teal square half the "
          text run at (510,0) width 427: "width of the window, aligned flush with the right hand"
          text run at (0,19) width 37: "side "
          text run at (37,19) width 30: "(\x{21E8})."
      RenderBlock {P} at (0,54) size 964x482 [color=#000080]
        RenderImage {IMG} at (482,0) size 482x482
