layer at (0,0) size 980x735
  RenderView at (0,0) size 980x735
layer at (0,0) size 980x562
  RenderBlock {HTML} at (0,0) size 980x562
    RenderBody {BODY} at (8,16) size 964x538
      RenderBlock {P} at (0,0) size 964x38
        RenderText {#text} at (0,0) size 946x38
          text run at (0,0) width 495: "The blue rectangle below should be exactly 200 pixels by 120 "
          text run at (495,0) width 451: "pixels on the ruler (and the aqua bars should stick out of"
          text run at (0,19) width 31: "the "
          text run at (31,19) width 245: "blue box, with no red present)."
      RenderBlock {DIV} at (0,54) size 964x484
        RenderImage {IMG} at (40,40) size 120x200
