layer at (0,0) size 980x735
  RenderView at (0,0) size 980x735
layer at (0,0) size 980x213
  RenderBlock {HTML} at (0,0) size 980x213
    RenderBody {BODY} at (8,16) size 964x189
      RenderBlock {P} at (0,0) size 964x19
        RenderText {#text} at (0,0) size 504x19
          text run at (0,0) width 504: "The square below should be exactly 50 pixels high on the ruler."
      RenderBlock {DIV} at (0,35) size 964x154
        RenderImage {IMG} at (45,0) size 50x50
