layer at (0,0) size 980x735
  RenderView at (0,0) size 980x735
layer at (0,0) size 980x585
  RenderBlock {HTML} at (0,0) size 980x585
    RenderBody {BODY} at (8,16) size 964x561
      RenderBlock {P} at (0,0) size 964x19
        RenderText {#text} at (0,0) size 587x19
          text run at (0,0) width 587: "The square below should be exactly 50% wide on the ruler at the bottom."
      RenderBlock {DIV} at (0,35) size 964x486
        RenderImage {IMG} at (0,0) size 482x482
