layer at (0,0) size 980x735
  RenderView at (0,0) size 980x735
layer at (0,0) size 980x153
  RenderBlock {HTML} at (0,0) size 980x153
    RenderBody {BODY} at (8,16) size 964x129
      RenderBlock {P} at (0,0) size 964x19
        RenderText {#text} at (0,0) size 507x19
          text run at (0,0) width 507: "The square below should be exactly 50 pixels wide on the ruler."
      RenderBlock {DIV} at (0,35) size 964x94
        RenderImage {IMG} at (0,0) size 50x50
