layer at (0,0) size 980x735
  RenderView at (0,0) size 980x735
layer at (0,0) size 980x165
  RenderBlock {HTML} at (0,0) size 980x165
    RenderBody {BODY} at (8,16) size 964x141
      RenderBlock {P} at (0,0) size 964x19
        RenderText {#text} at (0,0) size 584x19
          text run at (0,0) width 584: "There should be stripes of dark green and light green below, with no red."
      RenderBlock {DIV} at (0,35) size 81x106 [color=#00FF00] [bgcolor=#008000] [border: (3px solid #000000)]
        RenderInline {SPAN} at (0,0) size 75x75 [bgcolor=#FF0000]
          RenderText {#text} at (3,15) size 75x75
            text run at (3,15) width 75: "xxx"
            text run at (3,65) width 75: "xxx"
        RenderText {#text} at (0,0) size 0x0
