layer at (0,0) size 980x735
  RenderView at (0,0) size 980x735
layer at (0,0) size 980x321
  RenderBlock {HTML} at (0,0) size 980x321
    RenderBody {BODY} at (8,16) size 964x289
      RenderBlock {P} at (0,0) size 964x19 [color=#000080]
        RenderText {#text} at (0,0) size 275x19
          text run at (0,0) width 275: "There should be no red anywhere."
      RenderBlock {P} at (0,35) size 964x19 [color=#000080]
        RenderText {#text} at (0,0) size 418x19
          text run at (0,0) width 418: "There should be two identical squares after this line:"
      RenderBlock {DIV} at (16,70) size 932x35
        RenderImage {IMG} at (0,0) size 15x15
        RenderBlock {SPAN} at (0,20) size 15x15 [color=#0000FF] [bgcolor=#FF0000]
          RenderText {#text} at (0,0) size 15x15
            text run at (0,0) width 15: "X"
      RenderBlock {P} at (0,121) size 964x19 [color=#000080]
        RenderText {#text} at (0,0) size 418x19
          text run at (0,0) width 418: "There should be two identical squares after this line:"
      RenderBlock {DIV} at (16,156) size 932x133
        RenderImage {IMG} at (0,0) size 64x64
        RenderBlock {SPAN} at (0,69) size 64x64 [color=#0000FF] [bgcolor=#FF0000]
          RenderText {#text} at (0,0) size 64x64
            text run at (0,0) width 64: "X"
