layer at (0,0) size 980x735
  RenderView at (0,0) size 980x735
layer at (0,0) size 980x735
  RenderBlock (relative positioned) {HTML} at (0,0) size 980x735
    RenderBody {BODY} at (196,100) size 588x0 [bgcolor=#FF0000]
layer at (0,0) size 980x735
  RenderBlock (positioned) {DIV} at (0,0) size 980x735 [color=#008000] [bgcolor=#FFFFFF]
    RenderText {#text} at (0,0) size 294x19
      text run at (0,0) width 294: "There should be no red on this page."
