layer at (0,0) size 980x735
  RenderView at (0,0) size 980x735
layer at (0,0) size 980x97
  RenderBlock {HTML} at (0,0) size 980x97
    RenderBody {BODY} at (8,16) size 964x73
      RenderBlock {P} at (0,0) size 964x19
        RenderText {#text} at (0,0) size 348x19
          text run at (0,0) width 348: "The following two lines should be the same:"
      RenderBlock {DIV} at (0,35) size 964x19
        RenderInline {SPAN} at (0,0) size 222x19
          RenderInline (generated) at (0,0) size 27x19
            RenderText at (0,0) size 11x19
              text run at (0,0) width 11: "B"
            RenderCounter at (11,0) size 10x19
              text run at (11,0) width 10: "1"
            RenderText at (21,0) size 6x19
              text run at (21,0) width 6: "-"
          RenderInline {SPAN} at (0,0) size 168x19
            RenderInline (generated) at (0,0) size 42x19
              RenderText at (27,0) size 11x19
                text run at (27,0) width 11: "B"
              RenderCounter at (38,0) size 25x19
                text run at (38,0) width 25: "1.1"
              RenderText at (63,0) size 6x19
                text run at (63,0) width 6: "-"
            RenderInline {SPAN} at (0,0) size 84x19
              RenderInline (generated) at (0,0) size 42x19
                RenderText at (69,0) size 11x19
                  text run at (69,0) width 11: "B"
                RenderCounter at (80,0) size 25x19
                  text run at (80,0) width 25: "1.2"
                RenderText at (105,0) size 6x19
                  text run at (105,0) width 6: "-"
              RenderInline (generated) at (0,0) size 42x19
                RenderText at (111,0) size 11x19
                  text run at (111,0) width 11: "A"
                RenderCounter at (122,0) size 25x19
                  text run at (122,0) width 25: "1.3"
                RenderText at (147,0) size 6x19
                  text run at (147,0) width 6: "-"
            RenderInline (generated) at (0,0) size 42x19
              RenderText at (153,0) size 11x19
                text run at (153,0) width 11: "A"
              RenderCounter at (164,0) size 25x19
                text run at (164,0) width 25: "1.4"
              RenderText at (189,0) size 6x19
                text run at (189,0) width 6: "-"
          RenderInline (generated) at (0,0) size 27x19
            RenderText at (195,0) size 11x19
              text run at (195,0) width 11: "A"
            RenderCounter at (206,0) size 10x19
              text run at (206,0) width 10: "2"
            RenderText at (216,0) size 6x19
              text run at (216,0) width 6: "-"
      RenderBlock {DIV} at (0,54) size 964x19
        RenderText {#text} at (0,0) size 222x19
          text run at (0,0) width 222: "B1-B1.1-B1.2-A1.3-A1.4-A2-"
