layer at (0,0) size 980x735
  RenderView at (0,0) size 980x735
layer at (0,0) size 980x97
  RenderBlock {HTML} at (0,0) size 980x97
    RenderBody {BODY} at (8,16) size 964x73
      RenderBlock {P} at (0,0) size 964x19
        RenderText {#text} at (0,0) size 281x19
          text run at (0,0) width 281: "The following two lines should look "
        RenderInline {EM} at (0,0) size 115x19
          RenderText {#text} at (281,0) size 115x19
            text run at (281,0) width 115: "approximately"
        RenderText {#text} at (396,0) size 85x19
          text run at (396,0) width 85: " the same:"
      RenderBlock {DIV} at (0,35) size 964x19
        RenderInline {SPAN} at (0,0) size 8x19
          RenderInline (generated) at (0,0) size 8x19
            RenderCounter at (0,0) size 0x0
            RenderText at (0,0) size 8x19
              text run at (0,0) width 8: "z"
        RenderText {#text} at (8,0) size 5x19
          text run at (8,0) width 5: " "
        RenderInline {SPAN} at (0,0) size 8x19
          RenderInline (generated) at (0,0) size 8x19
            RenderCounter at (0,0) size 0x0
            RenderText at (13,0) size 8x19
              text run at (13,0) width 8: "z"
        RenderText {#text} at (21,0) size 5x19
          text run at (21,0) width 5: " "
        RenderInline {SPAN} at (0,0) size 8x19
          RenderInline (generated) at (0,0) size 8x19
            RenderCounter at (0,0) size 0x0
            RenderText at (26,0) size 8x19
              text run at (26,0) width 8: "z"
        RenderText {#text} at (34,0) size 5x19
          text run at (34,0) width 5: " "
        RenderInline {SPAN} at (0,0) size 8x19
          RenderInline (generated) at (0,0) size 8x19
            RenderCounter at (0,0) size 0x0
            RenderText at (39,0) size 8x19
              text run at (39,0) width 8: "z"
        RenderText {#text} at (47,0) size 5x19
          text run at (47,0) width 5: " "
        RenderInline {SPAN} at (0,0) size 8x19
          RenderInline (generated) at (0,0) size 8x19
            RenderCounter at (0,0) size 0x0
            RenderText at (52,0) size 8x19
              text run at (52,0) width 8: "z"
        RenderText {#text} at (60,0) size 5x19
          text run at (60,0) width 5: " "
        RenderInline {SPAN} at (0,0) size 8x19
          RenderInline (generated) at (0,0) size 8x19
            RenderCounter at (0,0) size 0x0
            RenderText at (65,0) size 8x19
              text run at (65,0) width 8: "z"
        RenderText {#text} at (73,0) size 5x19
          text run at (73,0) width 5: " "
        RenderInline {SPAN} at (0,0) size 8x19
          RenderInline (generated) at (0,0) size 8x19
            RenderCounter at (0,0) size 0x0
            RenderText at (78,0) size 8x19
              text run at (78,0) width 8: "z"
        RenderText {#text} at (86,0) size 5x19
          text run at (86,0) width 5: " "
        RenderInline {SPAN} at (0,0) size 8x19
          RenderInline (generated) at (0,0) size 8x19
            RenderCounter at (0,0) size 0x0
            RenderText at (91,0) size 8x19
              text run at (91,0) width 8: "z"
        RenderText {#text} at (99,0) size 5x19
          text run at (99,0) width 5: " "
        RenderInline {SPAN} at (0,0) size 8x19
          RenderInline (generated) at (0,0) size 8x19
            RenderCounter at (0,0) size 0x0
            RenderText at (104,0) size 8x19
              text run at (104,0) width 8: "z"
        RenderText {#text} at (112,0) size 5x19
          text run at (112,0) width 5: " "
        RenderInline {SPAN} at (0,0) size 8x19
          RenderInline (generated) at (0,0) size 8x19
            RenderCounter at (0,0) size 0x0
            RenderText at (117,0) size 8x19
              text run at (117,0) width 8: "z"
        RenderText {#text} at (125,0) size 5x19
          text run at (125,0) width 5: " "
        RenderInline {SPAN} at (0,0) size 8x19
          RenderInline (generated) at (0,0) size 8x19
            RenderCounter at (0,0) size 0x0
            RenderText at (130,0) size 8x19
              text run at (130,0) width 8: "z"
        RenderText {#text} at (138,0) size 5x19
          text run at (138,0) width 5: " "
        RenderInline {SPAN} at (0,0) size 8x19
          RenderInline (generated) at (0,0) size 8x19
            RenderCounter at (0,0) size 0x0
            RenderText at (143,0) size 8x19
              text run at (143,0) width 8: "z"
        RenderText {#text} at (0,0) size 0x0
      RenderBlock {DIV} at (0,54) size 964x19
        RenderText {#text} at (0,0) size 151x19
          text run at (0,0) width 13: "z "
          text run at (13,0) width 13: "z "
          text run at (26,0) width 13: "z "
          text run at (39,0) width 13: "z "
          text run at (52,0) width 13: "z "
          text run at (65,0) width 13: "z "
          text run at (78,0) width 13: "z "
          text run at (91,0) width 13: "z "
          text run at (104,0) width 13: "z "
          text run at (117,0) width 13: "z "
          text run at (130,0) width 13: "z "
          text run at (143,0) width 8: "z"
