layer at (0,0) size 980x735
  RenderView at (0,0) size 980x735
layer at (0,0) size 980x97
  RenderBlock {HTML} at (0,0) size 980x97
    RenderBody {BODY} at (8,16) size 964x73
      RenderBlock {P} at (0,0) size 964x19
        RenderText {#text} at (0,0) size 361x19
          text run at (0,0) width 361: "The following two lines should look the same:"
      RenderBlock {DIV} at (0,35) size 964x19
        RenderInline {SPAN} at (0,0) size 15x19
          RenderInline (generated) at (0,0) size 15x19
            RenderCounter at (0,0) size 15x19
              text run at (0,0) width 15: "I.I"
        RenderText {#text} at (15,0) size 5x19
          text run at (15,0) width 5: " "
        RenderInline {SPAN} at (0,0) size 20x19
          RenderInline (generated) at (0,0) size 20x19
            RenderCounter at (20,0) size 20x19
              text run at (20,0) width 20: "I.II"
        RenderText {#text} at (40,0) size 5x19
          text run at (40,0) width 5: " "
        RenderInline {SPAN} at (0,0) size 25x19
          RenderInline (generated) at (0,0) size 25x19
            RenderCounter at (45,0) size 25x19
              text run at (45,0) width 25: "I.III"
        RenderText {#text} at (70,0) size 5x19
          text run at (70,0) width 5: " "
        RenderInline {SPAN} at (0,0) size 26x19
          RenderInline (generated) at (0,0) size 26x19
            RenderCounter at (75,0) size 26x19
              text run at (75,0) width 26: "I.IV"
        RenderText {#text} at (101,0) size 5x19
          text run at (101,0) width 5: " "
        RenderInline {SPAN} at (0,0) size 21x19
          RenderInline (generated) at (0,0) size 21x19
            RenderCounter at (106,0) size 21x19
              text run at (106,0) width 21: "I.V"
        RenderText {#text} at (127,0) size 5x19
          text run at (127,0) width 5: " "
        RenderInline {SPAN} at (0,0) size 26x19
          RenderInline (generated) at (0,0) size 26x19
            RenderCounter at (132,0) size 26x19
              text run at (132,0) width 26: "I.VI"
        RenderText {#text} at (158,0) size 5x19
          text run at (158,0) width 5: " "
        RenderInline {SPAN} at (0,0) size 31x19
          RenderInline (generated) at (0,0) size 31x19
            RenderCounter at (163,0) size 31x19
              text run at (163,0) width 31: "I.VII"
        RenderText {#text} at (194,0) size 5x19
          text run at (194,0) width 5: " "
        RenderInline {SPAN} at (0,0) size 36x19
          RenderInline (generated) at (0,0) size 36x19
            RenderCounter at (199,0) size 36x19
              text run at (199,0) width 36: "I.VIII"
        RenderText {#text} at (235,0) size 5x19
          text run at (235,0) width 5: " "
        RenderInline {SPAN} at (0,0) size 26x19
          RenderInline (generated) at (0,0) size 26x19
            RenderCounter at (240,0) size 26x19
              text run at (240,0) width 26: "I.IX"
        RenderText {#text} at (266,0) size 5x19
          text run at (266,0) width 5: " "
        RenderInline {SPAN} at (0,0) size 21x19
          RenderInline (generated) at (0,0) size 21x19
            RenderCounter at (271,0) size 21x19
              text run at (271,0) width 21: "I.X"
        RenderText {#text} at (292,0) size 5x19
          text run at (292,0) width 5: " "
        RenderInline {SPAN} at (0,0) size 26x19
          RenderInline (generated) at (0,0) size 26x19
            RenderCounter at (297,0) size 26x19
              text run at (297,0) width 26: "I.XI"
        RenderText {#text} at (323,0) size 5x19
          text run at (323,0) width 5: " "
        RenderInline {SPAN} at (0,0) size 31x19
          RenderInline (generated) at (0,0) size 31x19
            RenderCounter at (328,0) size 31x19
              text run at (328,0) width 31: "I.XII"
        RenderText {#text} at (359,0) size 5x19
          text run at (359,0) width 5: " "
        RenderInline {SPAN} at (0,0) size 46x19
          RenderInline (generated) at (0,0) size 46x19
            RenderCounter at (364,0) size 46x19
              text run at (364,0) width 46: "I.XLIX"
        RenderText {#text} at (410,0) size 5x19
          text run at (410,0) width 5: " "
        RenderInline {SPAN} at (0,0) size 19x19
          RenderInline (generated) at (0,0) size 19x19
            RenderCounter at (415,0) size 19x19
              text run at (415,0) width 19: "I.L"
        RenderText {#text} at (434,0) size 5x19
          text run at (434,0) width 5: " "
        RenderInline {SPAN} at (0,0) size 101x19
          RenderInline (generated) at (0,0) size 101x19
            RenderCounter at (439,0) size 101x19
              text run at (439,0) width 101: "I.CCCLXXXIX"
        RenderText {#text} at (540,0) size 5x19
          text run at (540,0) width 5: " "
        RenderInline {SPAN} at (0,0) size 65x19
          RenderInline (generated) at (0,0) size 65x19
            RenderCounter at (545,0) size 65x19
              text run at (545,0) width 65: "I.CCCXC"
        RenderText {#text} at (610,0) size 5x19
          text run at (610,0) width 5: " "
        RenderInline {SPAN} at (0,0) size 133x19
          RenderInline (generated) at (0,0) size 133x19
            RenderCounter at (615,0) size 133x19
              text run at (615,0) width 133: "I.MMMCDLXXXIX"
        RenderText {#text} at (748,0) size 5x19
          text run at (748,0) width 5: " "
        RenderInline {SPAN} at (0,0) size 97x19
          RenderInline (generated) at (0,0) size 97x19
            RenderCounter at (753,0) size 97x19
              text run at (753,0) width 97: "I.MMMCDXC"
        RenderText {#text} at (850,0) size 5x19
          text run at (850,0) width 5: " "
        RenderInline {SPAN} at (0,0) size 102x19
          RenderInline (generated) at (0,0) size 102x19
            RenderCounter at (855,0) size 102x19
              text run at (855,0) width 102: "I.MMMCDXCI"
        RenderText {#text} at (0,0) size 0x0
      RenderBlock {DIV} at (0,54) size 964x19
        RenderText {#text} at (0,0) size 957x19
          text run at (0,0) width 20: "I.I "
          text run at (20,0) width 25: "I.II "
          text run at (45,0) width 30: "I.III "
          text run at (75,0) width 31: "I.IV "
          text run at (106,0) width 26: "I.V "
          text run at (132,0) width 31: "I.VI "
          text run at (163,0) width 36: "I.VII "
          text run at (199,0) width 41: "I.VIII "
          text run at (240,0) width 31: "I.IX "
          text run at (271,0) width 26: "I.X "
          text run at (297,0) width 31: "I.XI "
          text run at (328,0) width 36: "I.XII "
          text run at (364,0) width 51: "I.XLIX "
          text run at (415,0) width 24: "I.L "
          text run at (439,0) width 106: "I.CCCLXXXIX "
          text run at (545,0) width 70: "I.CCCXC "
          text run at (615,0) width 138: "I.MMMCDLXXXIX "
          text run at (753,0) width 102: "I.MMMCDXC "
          text run at (855,0) width 102: "I.MMMCDXCI"
