layer at (0,0) size 980x735
  RenderView at (0,0) size 980x735
layer at (0,0) size 980x97
  RenderBlock {HTML} at (0,0) size 980x97
    RenderBody {BODY} at (8,16) size 964x73
      RenderBlock {P} at (0,0) size 964x19
        RenderText {#text} at (0,0) size 361x19
          text run at (0,0) width 361: "The following two lines should look the same:"
      RenderBlock {DIV} at (0,35) size 964x19
        RenderInline {SPAN} at (0,0) size 10x19
          RenderInline (generated) at (0,0) size 10x19
            RenderCounter at (0,0) size 10x19
              text run at (0,0) width 10: "1"
        RenderText {#text} at (10,0) size 5x19
          text run at (10,0) width 5: " "
        RenderInline {SPAN} at (0,0) size 10x19
          RenderInline (generated) at (0,0) size 10x19
            RenderCounter at (15,0) size 10x19
              text run at (15,0) width 10: "2"
        RenderText {#text} at (25,0) size 5x19
          text run at (25,0) width 5: " "
        RenderInline {SPAN} at (0,0) size 10x19
          RenderInline (generated) at (0,0) size 10x19
            RenderCounter at (30,0) size 10x19
              text run at (30,0) width 10: "3"
        RenderText {#text} at (40,0) size 5x19
          text run at (40,0) width 5: " "
        RenderInline {SPAN} at (0,0) size 10x19
          RenderInline (generated) at (0,0) size 10x19
            RenderCounter at (45,0) size 10x19
              text run at (45,0) width 10: "4"
        RenderText {#text} at (55,0) size 5x19
          text run at (55,0) width 5: " "
        RenderInline {SPAN} at (0,0) size 10x19
          RenderInline (generated) at (0,0) size 10x19
            RenderCounter at (60,0) size 10x19
              text run at (60,0) width 10: "5"
        RenderText {#text} at (70,0) size 5x19
          text run at (70,0) width 5: " "
        RenderInline {SPAN} at (0,0) size 10x19
          RenderInline (generated) at (0,0) size 10x19
            RenderCounter at (75,0) size 10x19
              text run at (75,0) width 10: "6"
        RenderText {#text} at (85,0) size 5x19
          text run at (85,0) width 5: " "
        RenderInline {SPAN} at (0,0) size 10x19
          RenderInline (generated) at (0,0) size 10x19
            RenderCounter at (90,0) size 10x19
              text run at (90,0) width 10: "7"
        RenderText {#text} at (100,0) size 5x19
          text run at (100,0) width 5: " "
        RenderInline {SPAN} at (0,0) size 10x19
          RenderInline (generated) at (0,0) size 10x19
            RenderCounter at (105,0) size 10x19
              text run at (105,0) width 10: "8"
        RenderText {#text} at (115,0) size 5x19
          text run at (115,0) width 5: " "
        RenderInline {SPAN} at (0,0) size 10x19
          RenderInline (generated) at (0,0) size 10x19
            RenderCounter at (120,0) size 10x19
              text run at (120,0) width 10: "9"
        RenderText {#text} at (130,0) size 5x19
          text run at (130,0) width 5: " "
        RenderInline {SPAN} at (0,0) size 20x19
          RenderInline (generated) at (0,0) size 20x19
            RenderCounter at (135,0) size 20x19
              text run at (135,0) width 20: "10"
        RenderText {#text} at (155,0) size 5x19
          text run at (155,0) width 5: " "
        RenderInline {SPAN} at (0,0) size 20x19
          RenderInline (generated) at (0,0) size 20x19
            RenderCounter at (160,0) size 20x19
              text run at (160,0) width 20: "11"
        RenderText {#text} at (180,0) size 5x19
          text run at (180,0) width 5: " "
        RenderInline {SPAN} at (0,0) size 20x19
          RenderInline (generated) at (0,0) size 20x19
            RenderCounter at (185,0) size 20x19
              text run at (185,0) width 20: "12"
        RenderText {#text} at (0,0) size 0x0
      RenderBlock {DIV} at (0,54) size 964x19
        RenderText {#text} at (0,0) size 205x19
          text run at (0,0) width 15: "1 "
          text run at (15,0) width 15: "2 "
          text run at (30,0) width 15: "3 "
          text run at (45,0) width 15: "4 "
          text run at (60,0) width 15: "5 "
          text run at (75,0) width 15: "6 "
          text run at (90,0) width 15: "7 "
          text run at (105,0) width 15: "8 "
          text run at (120,0) width 15: "9 "
          text run at (135,0) width 25: "10 "
          text run at (160,0) width 25: "11 "
          text run at (185,0) width 20: "12"
