layer at (0,0) size 980x735
  RenderView at (0,0) size 980x735
layer at (0,0) size 980x343
  RenderBlock {HTML} at (0,0) size 980x343
    RenderBody {BODY} at (8,16) size 964x311 [color=#000080]
      RenderBlock {P} at (0,0) size 964x19
        RenderText {#text} at (0,0) size 587x19
          text run at (0,0) width 587: "Each bullet should look as described, and there should be no red present."
      RenderBlock {UL} at (0,35) size 964x57
        RenderListItem {LI} at (40,0) size 924x19
          RenderListMarker at (-18,0) size 7x19: bullet
          RenderText {#text} at (0,0) size 31x19
            text run at (0,0) width 31: "disc"
        RenderListItem {LI} at (40,19) size 924x19
          RenderListMarker at (-18,0) size 7x19: bullet
          RenderText {#text} at (0,0) size 31x19
            text run at (0,0) width 31: "disc"
        RenderListItem {LI} at (40,38) size 924x19
          RenderListMarker at (-18,0) size 7x19: bullet
          RenderText {#text} at (0,0) size 31x19
            text run at (0,0) width 31: "disc"
      RenderBlock {UL} at (0,108) size 964x57
        RenderListItem {LI} at (40,0) size 924x19
          RenderListMarker at (-18,0) size 7x19: white bullet
          RenderText {#text} at (0,0) size 43x19
            text run at (0,0) width 43: "circle"
        RenderListItem {LI} at (40,19) size 924x19
          RenderListMarker at (-18,0) size 7x19: white bullet
          RenderText {#text} at (0,0) size 43x19
            text run at (0,0) width 43: "circle"
        RenderListItem {LI} at (40,38) size 924x19
          RenderListMarker at (-18,0) size 7x19: white bullet
          RenderText {#text} at (0,0) size 43x19
            text run at (0,0) width 43: "circle"
      RenderBlock {UL} at (0,181) size 964x57
        RenderListItem {LI} at (40,0) size 924x19
          RenderListMarker at (-18,0) size 7x19: black square
          RenderText {#text} at (0,0) size 55x19
            text run at (0,0) width 55: "square"
        RenderListItem {LI} at (40,19) size 924x19
          RenderListMarker at (-18,0) size 7x19: black square
          RenderText {#text} at (0,0) size 55x19
            text run at (0,0) width 55: "square"
        RenderListItem {LI} at (40,38) size 924x19
          RenderListMarker at (-18,0) size 7x19: black square
          RenderText {#text} at (0,0) size 55x19
            text run at (0,0) width 55: "square"
      RenderBlock {UL} at (0,254) size 964x57 [color=#FF0000]
        RenderListItem {LI} at (40,0) size 924x19
          RenderText {#text} at (0,0) size 5x19
            text run at (0,0) width 5: " "
        RenderListItem {LI} at (40,19) size 924x19
          RenderText {#text} at (0,0) size 5x19
            text run at (0,0) width 5: " "
        RenderListItem {LI} at (40,38) size 924x19
          RenderText {#text} at (0,0) size 5x19
            text run at (0,0) width 5: " "
