layer at (0,0) size 980x735
  RenderView at (0,0) size 980x735
layer at (0,0) size 980x97
  RenderBlock {HTML} at (0,0) size 980x97
    RenderBody {BODY} at (8,16) size 964x73
      RenderBlock {P} at (0,0) size 964x19
        RenderText {#text} at (0,0) size 265x19
          text run at (0,0) width 265: "The following should be identical:"
      RenderBlock {DIV} at (0,35) size 964x19
        RenderInline {SPAN} at (0,0) size 0x0
        RenderInline {SPAN} at (0,0) size 10x19
          RenderInline (generated) at (0,0) size 10x19
            RenderCounter at (0,0) size 10x19
              text run at (0,0) width 10: "0"
      RenderBlock {DIV} at (0,54) size 964x19
        RenderText {#text} at (0,0) size 10x19
          text run at (0,0) width 10: "0"
