layer at (0,0) size 980x735
  RenderView at (0,0) size 980x735
layer at (0,0) size 980x97
  RenderBlock {HTML} at (0,0) size 980x97
    RenderBody {BODY} at (8,16) size 964x73
      RenderBlock {P} at (0,0) size 964x19
        RenderText {#text} at (0,0) size 361x19
          text run at (0,0) width 361: "The following two lines should look the same:"
      RenderBlock {DIV} at (0,35) size 964x19
        RenderInline {SPAN} at (0,0) size 41x19
          RenderInline (generated) at (0,0) size 41x19
            RenderCounter at (0,0) size 25x19
              text run at (0,0) width 25: "1.1"
            RenderText at (25,0) size 16x19
              text run at (25,0) width 16: " - "
        RenderInline {SPAN} at (0,0) size 36x19
          RenderInline (generated) at (0,0) size 36x19
            RenderCounter at (41,0) size 20x19
              text run at (41,0) width 20: "12"
            RenderText at (61,0) size 16x19
              text run at (61,0) width 16: " - "
        RenderInline {SPAN} at (0,0) size 116x19
          RenderInline (generated) at (0,0) size 116x19
            RenderCounter at (77,0) size 25x19
              text run at (77,0) width 25: "1.3"
            RenderText at (102,0) size 29x19
              text run at (102,0) width 17: "-- "
              text run at (119,0) width 12: "--"
            RenderCounter at (131,0) size 62x19
              text run at (131,0) width 62: "1-------3"
      RenderBlock {DIV} at (0,54) size 964x19
        RenderText {#text} at (0,0) size 193x19
          text run at (0,0) width 119: "1.1 - 12 - 1.3-- "
          text run at (119,0) width 74: "--1-------3"
