layer at (0,0) size 980x735
  RenderView at (0,0) size 980x735
layer at (0,0) size 980x97
  RenderBlock {HTML} at (0,0) size 980x97
    RenderBody {BODY} at (8,16) size 964x73
      RenderBlock {P} at (0,0) size 964x19
        RenderText {#text} at (0,0) size 281x19
          text run at (0,0) width 281: "The following two lines should look "
        RenderInline {EM} at (0,0) size 115x19
          RenderText {#text} at (281,0) size 115x19
            text run at (281,0) width 115: "approximately"
        RenderText {#text} at (396,0) size 85x19
          text run at (396,0) width 85: " the same:"
      RenderBlock {DIV} at (0,35) size 964x19
        RenderInline {SPAN} at (0,0) size 9x19
          RenderInline (generated) at (0,0) size 9x19
            RenderCounter at (0,0) size 9x19
              text run at (0,0) width 9: "\x{25E6}"
        RenderText {#text} at (9,0) size 5x19
          text run at (9,0) width 5: " "
        RenderInline {SPAN} at (0,0) size 9x19
          RenderInline (generated) at (0,0) size 9x19
            RenderCounter at (14,0) size 9x19
              text run at (14,0) width 9: "\x{25E6}"
        RenderText {#text} at (23,0) size 5x19
          text run at (23,0) width 5: " "
        RenderInline {SPAN} at (0,0) size 9x19
          RenderInline (generated) at (0,0) size 9x19
            RenderCounter at (28,0) size 9x19
              text run at (28,0) width 9: "\x{25E6}"
        RenderText {#text} at (37,0) size 5x19
          text run at (37,0) width 5: " "
        RenderInline {SPAN} at (0,0) size 9x19
          RenderInline (generated) at (0,0) size 9x19
            RenderCounter at (42,0) size 9x19
              text run at (42,0) width 9: "\x{25E6}"
        RenderText {#text} at (51,0) size 5x19
          text run at (51,0) width 5: " "
        RenderInline {SPAN} at (0,0) size 9x19
          RenderInline (generated) at (0,0) size 9x19
            RenderCounter at (56,0) size 9x19
              text run at (56,0) width 9: "\x{25E6}"
        RenderText {#text} at (65,0) size 5x19
          text run at (65,0) width 5: " "
        RenderInline {SPAN} at (0,0) size 9x19
          RenderInline (generated) at (0,0) size 9x19
            RenderCounter at (70,0) size 9x19
              text run at (70,0) width 9: "\x{25E6}"
        RenderText {#text} at (79,0) size 5x19
          text run at (79,0) width 5: " "
        RenderInline {SPAN} at (0,0) size 9x19
          RenderInline (generated) at (0,0) size 9x19
            RenderCounter at (84,0) size 9x19
              text run at (84,0) width 9: "\x{25E6}"
        RenderText {#text} at (93,0) size 5x19
          text run at (93,0) width 5: " "
        RenderInline {SPAN} at (0,0) size 9x19
          RenderInline (generated) at (0,0) size 9x19
            RenderCounter at (98,0) size 9x19
              text run at (98,0) width 9: "\x{25E6}"
        RenderText {#text} at (107,0) size 5x19
          text run at (107,0) width 5: " "
        RenderInline {SPAN} at (0,0) size 9x19
          RenderInline (generated) at (0,0) size 9x19
            RenderCounter at (112,0) size 9x19
              text run at (112,0) width 9: "\x{25E6}"
        RenderText {#text} at (121,0) size 5x19
          text run at (121,0) width 5: " "
        RenderInline {SPAN} at (0,0) size 9x19
          RenderInline (generated) at (0,0) size 9x19
            RenderCounter at (126,0) size 9x19
              text run at (126,0) width 9: "\x{25E6}"
        RenderText {#text} at (135,0) size 5x19
          text run at (135,0) width 5: " "
        RenderInline {SPAN} at (0,0) size 9x19
          RenderInline (generated) at (0,0) size 9x19
            RenderCounter at (140,0) size 9x19
              text run at (140,0) width 9: "\x{25E6}"
        RenderText {#text} at (149,0) size 5x19
          text run at (149,0) width 5: " "
        RenderInline {SPAN} at (0,0) size 9x19
          RenderInline (generated) at (0,0) size 9x19
            RenderCounter at (154,0) size 9x19
              text run at (154,0) width 9: "\x{25E6}"
        RenderText {#text} at (0,0) size 0x0
      RenderBlock {DIV} at (0,54) size 964x19
        RenderText {#text} at (0,0) size 163x19
          text run at (0,0) width 14: "\x{25E6} "
          text run at (14,0) width 14: "\x{25E6} "
          text run at (28,0) width 14: "\x{25E6} "
          text run at (42,0) width 14: "\x{25E6} "
          text run at (56,0) width 14: "\x{25E6} "
          text run at (70,0) width 14: "\x{25E6} "
          text run at (84,0) width 14: "\x{25E6} "
          text run at (98,0) width 14: "\x{25E6} "
          text run at (112,0) width 14: "\x{25E6} "
          text run at (126,0) width 14: "\x{25E6} "
          text run at (140,0) width 14: "\x{25E6} "
          text run at (154,0) width 9: "\x{25E6}"
