layer at (0,0) size 980x735
  RenderView at (0,0) size 980x735
layer at (0,0) size 980x97
  RenderBlock {HTML} at (0,0) size 980x97
    RenderBody {BODY} at (8,16) size 964x73
      RenderBlock {P} at (0,0) size 964x19
        RenderText {#text} at (0,0) size 361x19
          text run at (0,0) width 361: "The following two lines should look the same:"
      RenderBlock {DIV} at (0,35) size 964x19
        RenderInline {SPAN} at (0,0) size 4x19
          RenderInline (generated) at (0,0) size 4x19
            RenderCounter at (0,0) size 4x19
              text run at (0,0) width 4: "i"
        RenderText {#text} at (4,0) size 5x19
          text run at (4,0) width 5: " "
        RenderInline {SPAN} at (0,0) size 8x19
          RenderInline (generated) at (0,0) size 8x19
            RenderCounter at (9,0) size 8x19
              text run at (9,0) width 8: "ii"
        RenderText {#text} at (17,0) size 5x19
          text run at (17,0) width 5: " "
        RenderInline {SPAN} at (0,0) size 12x19
          RenderInline (generated) at (0,0) size 12x19
            RenderCounter at (22,0) size 12x19
              text run at (22,0) width 12: "iii"
        RenderText {#text} at (34,0) size 5x19
          text run at (34,0) width 5: " "
        RenderInline {SPAN} at (0,0) size 13x19
          RenderInline (generated) at (0,0) size 13x19
            RenderCounter at (39,0) size 13x19
              text run at (39,0) width 13: "iv"
        RenderText {#text} at (52,0) size 5x19
          text run at (52,0) width 5: " "
        RenderInline {SPAN} at (0,0) size 9x19
          RenderInline (generated) at (0,0) size 9x19
            RenderCounter at (57,0) size 9x19
              text run at (57,0) width 9: "v"
        RenderText {#text} at (66,0) size 5x19
          text run at (66,0) width 5: " "
        RenderInline {SPAN} at (0,0) size 13x19
          RenderInline (generated) at (0,0) size 13x19
            RenderCounter at (71,0) size 13x19
              text run at (71,0) width 13: "vi"
        RenderText {#text} at (84,0) size 5x19
          text run at (84,0) width 5: " "
        RenderInline {SPAN} at (0,0) size 17x19
          RenderInline (generated) at (0,0) size 17x19
            RenderCounter at (89,0) size 17x19
              text run at (89,0) width 17: "vii"
        RenderText {#text} at (106,0) size 5x19
          text run at (106,0) width 5: " "
        RenderInline {SPAN} at (0,0) size 21x19
          RenderInline (generated) at (0,0) size 21x19
            RenderCounter at (111,0) size 21x19
              text run at (111,0) width 21: "viii"
        RenderText {#text} at (132,0) size 5x19
          text run at (132,0) width 5: " "
        RenderInline {SPAN} at (0,0) size 13x19
          RenderInline (generated) at (0,0) size 13x19
            RenderCounter at (137,0) size 13x19
              text run at (137,0) width 13: "ix"
        RenderText {#text} at (150,0) size 5x19
          text run at (150,0) width 5: " "
        RenderInline {SPAN} at (0,0) size 9x19
          RenderInline (generated) at (0,0) size 9x19
            RenderCounter at (155,0) size 9x19
              text run at (155,0) width 9: "x"
        RenderText {#text} at (164,0) size 5x19
          text run at (164,0) width 5: " "
        RenderInline {SPAN} at (0,0) size 13x19
          RenderInline (generated) at (0,0) size 13x19
            RenderCounter at (169,0) size 13x19
              text run at (169,0) width 13: "xi"
        RenderText {#text} at (182,0) size 5x19
          text run at (182,0) width 5: " "
        RenderInline {SPAN} at (0,0) size 17x19
          RenderInline (generated) at (0,0) size 17x19
            RenderCounter at (187,0) size 17x19
              text run at (187,0) width 17: "xii"
        RenderText {#text} at (204,0) size 5x19
          text run at (204,0) width 5: " "
        RenderInline {SPAN} at (0,0) size 26x19
          RenderInline (generated) at (0,0) size 26x19
            RenderCounter at (209,0) size 26x19
              text run at (209,0) width 26: "xlix"
        RenderText {#text} at (235,0) size 5x19
          text run at (235,0) width 5: " "
        RenderInline {SPAN} at (0,0) size 4x19
          RenderInline (generated) at (0,0) size 4x19
            RenderCounter at (240,0) size 4x19
              text run at (240,0) width 4: "l"
        RenderText {#text} at (244,0) size 5x19
          text run at (244,0) width 5: " "
        RenderInline {SPAN} at (0,0) size 71x19
          RenderInline (generated) at (0,0) size 71x19
            RenderCounter at (249,0) size 71x19
              text run at (249,0) width 71: "ccclxxxix"
        RenderText {#text} at (320,0) size 5x19
          text run at (320,0) width 5: " "
        RenderInline {SPAN} at (0,0) size 45x19
          RenderInline (generated) at (0,0) size 45x19
            RenderCounter at (325,0) size 45x19
              text run at (325,0) width 45: "cccxc"
        RenderText {#text} at (370,0) size 5x19
          text run at (370,0) width 5: " "
        RenderInline {SPAN} at (0,0) size 111x19
          RenderInline (generated) at (0,0) size 111x19
            RenderCounter at (375,0) size 111x19
              text run at (375,0) width 111: "mmmcdlxxxix"
        RenderText {#text} at (486,0) size 5x19
          text run at (486,0) width 5: " "
        RenderInline {SPAN} at (0,0) size 85x19
          RenderInline (generated) at (0,0) size 85x19
            RenderCounter at (491,0) size 85x19
              text run at (491,0) width 85: "mmmcdxc"
        RenderText {#text} at (576,0) size 5x19
          text run at (576,0) width 5: " "
        RenderInline {SPAN} at (0,0) size 89x19
          RenderInline (generated) at (0,0) size 89x19
            RenderCounter at (581,0) size 89x19
              text run at (581,0) width 89: "mmmcdxci"
        RenderText {#text} at (0,0) size 0x0
      RenderBlock {DIV} at (0,54) size 964x19
        RenderText {#text} at (0,0) size 670x19
          text run at (0,0) width 9: "i "
          text run at (9,0) width 13: "ii "
          text run at (22,0) width 17: "iii "
          text run at (39,0) width 18: "iv "
          text run at (57,0) width 14: "v "
          text run at (71,0) width 18: "vi "
          text run at (89,0) width 22: "vii "
          text run at (111,0) width 26: "viii "
          text run at (137,0) width 18: "ix "
          text run at (155,0) width 14: "x "
          text run at (169,0) width 18: "xi "
          text run at (187,0) width 22: "xii "
          text run at (209,0) width 31: "xlix "
          text run at (240,0) width 9: "l "
          text run at (249,0) width 76: "ccclxxxix "
          text run at (325,0) width 50: "cccxc "
          text run at (375,0) width 116: "mmmcdlxxxix "
          text run at (491,0) width 90: "mmmcdxc "
          text run at (581,0) width 89: "mmmcdxci"
