layer at (0,0) size 980x735
  RenderView at (0,0) size 980x735
layer at (0,0) size 980x97
  RenderBlock {HTML} at (0,0) size 980x97
    RenderBody {BODY} at (8,16) size 964x73
      RenderBlock {P} at (0,0) size 964x19
        RenderText {#text} at (0,0) size 281x19
          text run at (0,0) width 281: "The following two lines should look "
        RenderInline {EM} at (0,0) size 115x19
          RenderText {#text} at (281,0) size 115x19
            text run at (281,0) width 115: "approximately"
        RenderText {#text} at (396,0) size 85x19
          text run at (396,0) width 85: " the same:"
      RenderBlock {DIV} at (0,35) size 964x19
        RenderInline {SPAN} at (0,0) size 35x19
          RenderInline (generated) at (0,0) size 35x19
            RenderCounter at (0,0) size 35x19
              text run at (0,0) width 35: "\x{25A0}.\x{25A0}"
        RenderText {#text} at (35,0) size 5x19
          text run at (35,0) width 5: " "
        RenderInline {SPAN} at (0,0) size 35x19
          RenderInline (generated) at (0,0) size 35x19
            RenderCounter at (40,0) size 35x19
              text run at (40,0) width 35: "\x{25A0}.\x{25A0}"
        RenderText {#text} at (75,0) size 5x19
          text run at (75,0) width 5: " "
        RenderInline {SPAN} at (0,0) size 35x19
          RenderInline (generated) at (0,0) size 35x19
            RenderCounter at (80,0) size 35x19
              text run at (80,0) width 35: "\x{25A0}.\x{25A0}"
        RenderText {#text} at (115,0) size 5x19
          text run at (115,0) width 5: " "
        RenderInline {SPAN} at (0,0) size 35x19
          RenderInline (generated) at (0,0) size 35x19
            RenderCounter at (120,0) size 35x19
              text run at (120,0) width 35: "\x{25A0}.\x{25A0}"
        RenderText {#text} at (155,0) size 5x19
          text run at (155,0) width 5: " "
        RenderInline {SPAN} at (0,0) size 35x19
          RenderInline (generated) at (0,0) size 35x19
            RenderCounter at (160,0) size 35x19
              text run at (160,0) width 35: "\x{25A0}.\x{25A0}"
        RenderText {#text} at (195,0) size 5x19
          text run at (195,0) width 5: " "
        RenderInline {SPAN} at (0,0) size 35x19
          RenderInline (generated) at (0,0) size 35x19
            RenderCounter at (200,0) size 35x19
              text run at (200,0) width 35: "\x{25A0}.\x{25A0}"
        RenderText {#text} at (235,0) size 5x19
          text run at (235,0) width 5: " "
        RenderInline {SPAN} at (0,0) size 35x19
          RenderInline (generated) at (0,0) size 35x19
            RenderCounter at (240,0) size 35x19
              text run at (240,0) width 35: "\x{25A0}.\x{25A0}"
        RenderText {#text} at (275,0) size 5x19
          text run at (275,0) width 5: " "
        RenderInline {SPAN} at (0,0) size 35x19
          RenderInline (generated) at (0,0) size 35x19
            RenderCounter at (280,0) size 35x19
              text run at (280,0) width 35: "\x{25A0}.\x{25A0}"
        RenderText {#text} at (315,0) size 5x19
          text run at (315,0) width 5: " "
        RenderInline {SPAN} at (0,0) size 35x19
          RenderInline (generated) at (0,0) size 35x19
            RenderCounter at (320,0) size 35x19
              text run at (320,0) width 35: "\x{25A0}.\x{25A0}"
        RenderText {#text} at (355,0) size 5x19
          text run at (355,0) width 5: " "
        RenderInline {SPAN} at (0,0) size 35x19
          RenderInline (generated) at (0,0) size 35x19
            RenderCounter at (360,0) size 35x19
              text run at (360,0) width 35: "\x{25A0}.\x{25A0}"
        RenderText {#text} at (395,0) size 5x19
          text run at (395,0) width 5: " "
        RenderInline {SPAN} at (0,0) size 35x19
          RenderInline (generated) at (0,0) size 35x19
            RenderCounter at (400,0) size 35x19
              text run at (400,0) width 35: "\x{25A0}.\x{25A0}"
        RenderText {#text} at (435,0) size 5x19
          text run at (435,0) width 5: " "
        RenderInline {SPAN} at (0,0) size 35x19
          RenderInline (generated) at (0,0) size 35x19
            RenderCounter at (440,0) size 35x19
              text run at (440,0) width 35: "\x{25A0}.\x{25A0}"
        RenderText {#text} at (0,0) size 0x0
      RenderBlock {DIV} at (0,54) size 964x19
        RenderText {#text} at (0,0) size 403x19
          text run at (0,0) width 34: "\x{25FE}.\x{25FE} "
          text run at (34,0) width 34: "\x{25FE}.\x{25FE} "
          text run at (68,0) width 34: "\x{25FE}.\x{25FE} "
          text run at (102,0) width 34: "\x{25FE}.\x{25FE} "
          text run at (136,0) width 34: "\x{25FE}.\x{25FE} "
          text run at (170,0) width 34: "\x{25FE}.\x{25FE} "
          text run at (204,0) width 34: "\x{25FE}.\x{25FE} "
          text run at (238,0) width 34: "\x{25FE}.\x{25FE} "
          text run at (272,0) width 34: "\x{25FE}.\x{25FE} "
          text run at (306,0) width 34: "\x{25FE}.\x{25FE} "
          text run at (340,0) width 34: "\x{25FE}.\x{25FE} "
          text run at (374,0) width 29: "\x{25FE}.\x{25FE}"
