layer at (0,0) size 980x735
  RenderView at (0,0) size 980x735
layer at (0,0) size 980x97
  RenderBlock {HTML} at (0,0) size 980x97
    RenderBody {BODY} at (8,16) size 964x73
      RenderBlock {P} at (0,0) size 964x19
        RenderText {#text} at (0,0) size 340x19
          text run at (0,0) width 340: "The following two lines should be identical:"
      RenderBlock {DIV} at (0,35) size 964x19
        RenderInline {SPAN} at (0,0) size 15x19
          RenderInline (generated) at (0,0) size 15x19
            RenderCounter at (0,0) size 10x19
              text run at (0,0) width 10: "0"
            RenderText at (10,0) size 5x19
              text run at (10,0) width 5: " "
        RenderInline {SPAN} at (0,0) size 10x19
          RenderInline {SPAN} at (0,0) size 10x19
            RenderInline (generated) at (0,0) size 10x19
              RenderCounter at (15,0) size 10x19
                text run at (15,0) width 10: "1"
              RenderText at (0,0) size 0x0
      RenderBlock {DIV} at (0,54) size 964x19
        RenderText {#text} at (0,0) size 25x19
          text run at (0,0) width 25: "0 1"
