layer at (0,0) size 980x735
  RenderView at (0,0) size 980x735
layer at (0,0) size 980x97
  RenderBlock {HTML} at (0,0) size 980x97
    RenderBody {BODY} at (8,16) size 964x73
      RenderBlock {P} at (0,0) size 964x19
        RenderText {#text} at (0,0) size 361x19
          text run at (0,0) width 361: "The following two lines should look the same:"
      RenderBlock {DIV} at (0,35) size 964x19
        RenderInline {SPAN} at (0,0) size 45x19
          RenderInline (generated) at (0,0) size 45x19
            RenderCounter at (0,0) size 45x19
              text run at (0,0) width 45: "01.01"
        RenderText {#text} at (45,0) size 5x19
          text run at (45,0) width 5: " "
        RenderInline {SPAN} at (0,0) size 45x19
          RenderInline (generated) at (0,0) size 45x19
            RenderCounter at (50,0) size 45x19
              text run at (50,0) width 45: "01.02"
        RenderText {#text} at (95,0) size 5x19
          text run at (95,0) width 5: " "
        RenderInline {SPAN} at (0,0) size 45x19
          RenderInline (generated) at (0,0) size 45x19
            RenderCounter at (100,0) size 45x19
              text run at (100,0) width 45: "01.03"
        RenderText {#text} at (145,0) size 5x19
          text run at (145,0) width 5: " "
        RenderInline {SPAN} at (0,0) size 45x19
          RenderInline (generated) at (0,0) size 45x19
            RenderCounter at (150,0) size 45x19
              text run at (150,0) width 45: "01.04"
        RenderText {#text} at (195,0) size 5x19
          text run at (195,0) width 5: " "
        RenderInline {SPAN} at (0,0) size 45x19
          RenderInline (generated) at (0,0) size 45x19
            RenderCounter at (200,0) size 45x19
              text run at (200,0) width 45: "01.05"
        RenderText {#text} at (245,0) size 5x19
          text run at (245,0) width 5: " "
        RenderInline {SPAN} at (0,0) size 45x19
          RenderInline (generated) at (0,0) size 45x19
            RenderCounter at (250,0) size 45x19
              text run at (250,0) width 45: "01.06"
        RenderText {#text} at (295,0) size 5x19
          text run at (295,0) width 5: " "
        RenderInline {SPAN} at (0,0) size 45x19
          RenderInline (generated) at (0,0) size 45x19
            RenderCounter at (300,0) size 45x19
              text run at (300,0) width 45: "01.07"
        RenderText {#text} at (345,0) size 5x19
          text run at (345,0) width 5: " "
        RenderInline {SPAN} at (0,0) size 45x19
          RenderInline (generated) at (0,0) size 45x19
            RenderCounter at (350,0) size 45x19
              text run at (350,0) width 45: "01.08"
        RenderText {#text} at (395,0) size 5x19
          text run at (395,0) width 5: " "
        RenderInline {SPAN} at (0,0) size 45x19
          RenderInline (generated) at (0,0) size 45x19
            RenderCounter at (400,0) size 45x19
              text run at (400,0) width 45: "01.09"
        RenderText {#text} at (445,0) size 5x19
          text run at (445,0) width 5: " "
        RenderInline {SPAN} at (0,0) size 45x19
          RenderInline (generated) at (0,0) size 45x19
            RenderCounter at (450,0) size 45x19
              text run at (450,0) width 45: "01.10"
        RenderText {#text} at (495,0) size 5x19
          text run at (495,0) width 5: " "
        RenderInline {SPAN} at (0,0) size 45x19
          RenderInline (generated) at (0,0) size 45x19
            RenderCounter at (500,0) size 45x19
              text run at (500,0) width 45: "01.11"
        RenderText {#text} at (545,0) size 5x19
          text run at (545,0) width 5: " "
        RenderInline {SPAN} at (0,0) size 45x19
          RenderInline (generated) at (0,0) size 45x19
            RenderCounter at (550,0) size 45x19
              text run at (550,0) width 45: "01.12"
        RenderText {#text} at (595,0) size 5x19
          text run at (595,0) width 5: " "
        RenderInline {SPAN} at (0,0) size 45x19
          RenderInline (generated) at (0,0) size 45x19
            RenderCounter at (600,0) size 45x19
              text run at (600,0) width 45: "01.99"
        RenderText {#text} at (645,0) size 5x19
          text run at (645,0) width 5: " "
        RenderInline {SPAN} at (0,0) size 55x19
          RenderInline (generated) at (0,0) size 55x19
            RenderCounter at (650,0) size 55x19
              text run at (650,0) width 55: "01.100"
        RenderText {#text} at (705,0) size 5x19
          text run at (705,0) width 5: " "
        RenderInline {SPAN} at (0,0) size 55x19
          RenderInline (generated) at (0,0) size 55x19
            RenderCounter at (710,0) size 55x19
              text run at (710,0) width 55: "01.101"
        RenderText {#text} at (0,0) size 0x0
      RenderBlock {DIV} at (0,54) size 964x19
        RenderText {#text} at (0,0) size 765x19
          text run at (0,0) width 50: "01.01 "
          text run at (50,0) width 50: "01.02 "
          text run at (100,0) width 50: "01.03 "
          text run at (150,0) width 50: "01.04 "
          text run at (200,0) width 50: "01.05 "
          text run at (250,0) width 50: "01.06 "
          text run at (300,0) width 50: "01.07 "
          text run at (350,0) width 50: "01.08 "
          text run at (400,0) width 50: "01.09 "
          text run at (450,0) width 50: "01.10 "
          text run at (500,0) width 50: "01.11 "
          text run at (550,0) width 50: "01.12 "
          text run at (600,0) width 50: "01.99 "
          text run at (650,0) width 60: "01.100 "
          text run at (710,0) width 55: "01.101"
