layer at (0,0) size 980x735
  RenderView at (0,0) size 980x735
layer at (0,0) size 980x211
  RenderBlock {HTML} at (0,0) size 980x211
    RenderBody {BODY} at (8,16) size 964x187
      RenderBlock {P} at (0,0) size 964x19 [color=#000080]
        RenderText {#text} at (0,0) size 963x19
          text run at (0,0) width 963: "There should be eight numbered lines below, all identical except for the numbering, which should match the description."
      RenderListItem {DIV} at (0,35) size 964x19 [color=#000080]
        RenderListMarker at (0,0) size 20x19: "1"
        RenderText {#text} at (20,0) size 187x19
          text run at (20,0) width 187: "This should be line one."
      RenderBlock {DIV} at (0,54) size 964x19 [color=#000080]
        RenderText {#text} at (0,0) size 206x19
          text run at (0,0) width 206: "2. This should be line two."
      RenderBlock (anonymous) at (0,73) size 964x19
        RenderInline {DIV} at (0,0) size 114x19 [color=#000080]
          RenderText {#text} at (0,0) size 114x19
            text run at (0,0) width 114: "3. This should "
        RenderText {#text} at (0,0) size 0x0
        RenderInline {DIV} at (0,0) size 106x19 [color=#000080]
          RenderText {#text} at (114,0) size 106x19
            text run at (114,0) width 106: "be line three."
        RenderText {#text} at (0,0) size 0x0
      RenderBlock {DIV} at (0,92) size 964x19 [color=#000080]
        RenderText {#text} at (0,0) size 210x19
          text run at (0,0) width 210: "4. This should be line four."
      RenderBlock {DIV} at (0,111) size 964x19 [color=#000080]
        RenderText {#text} at (0,0) size 206x19
          text run at (0,0) width 206: "5. This should be line five."
        RenderText {#text} at (0,0) size 0x0
      RenderBlock {DIV} at (0,130) size 964x57 [color=#000080]
        RenderBlock (anonymous) at (0,0) size 964x19
          RenderText {#text} at (0,0) size 198x19
            text run at (0,0) width 198: "6. This should be line six."
        RenderBlock {A} at (0,19) size 964x19
          RenderText {#text} at (0,0) size 224x19
            text run at (0,0) width 224: "7. This should be line seven."
        RenderBlock (anonymous) at (0,38) size 964x19
          RenderText {#text} at (0,0) size 217x19
            text run at (0,0) width 217: "8. This should be line eight."
