layer at (0,0) size 980x735
  RenderView at (0,0) size 980x735
layer at (0,0) size 980x97
  RenderBlock {HTML} at (0,0) size 980x97
    RenderBody {BODY} at (8,16) size 964x73
      RenderBlock {P} at (0,0) size 964x19
        RenderText {#text} at (0,0) size 361x19
          text run at (0,0) width 361: "The following two lines should look the same:"
      RenderBlock {DIV} at (0,35) size 964x19
        RenderInline {SPAN} at (0,0) size 27x19
          RenderInline (generated) at (0,0) size 27x19
            RenderCounter at (0,0) size 27x19
              text run at (0,0) width 27: "A.A"
        RenderText {#text} at (27,0) size 5x19
          text run at (27,0) width 5: " "
        RenderInline {SPAN} at (0,0) size 27x19
          RenderInline (generated) at (0,0) size 27x19
            RenderCounter at (32,0) size 27x19
              text run at (32,0) width 27: "A.B"
        RenderText {#text} at (59,0) size 5x19
          text run at (59,0) width 5: " "
        RenderInline {SPAN} at (0,0) size 27x19
          RenderInline (generated) at (0,0) size 27x19
            RenderCounter at (64,0) size 27x19
              text run at (64,0) width 27: "A.C"
        RenderText {#text} at (91,0) size 5x19
          text run at (91,0) width 5: " "
        RenderInline {SPAN} at (0,0) size 28x19
          RenderInline (generated) at (0,0) size 28x19
            RenderCounter at (96,0) size 28x19
              text run at (96,0) width 28: "A.D"
        RenderText {#text} at (124,0) size 5x19
          text run at (124,0) width 5: " "
        RenderInline {SPAN} at (0,0) size 26x19
          RenderInline (generated) at (0,0) size 26x19
            RenderCounter at (129,0) size 26x19
              text run at (129,0) width 26: "A.E"
        RenderText {#text} at (155,0) size 5x19
          text run at (155,0) width 5: " "
        RenderInline {SPAN} at (0,0) size 25x19
          RenderInline (generated) at (0,0) size 25x19
            RenderCounter at (160,0) size 25x19
              text run at (160,0) width 25: "A.F"
        RenderText {#text} at (185,0) size 5x19
          text run at (185,0) width 5: " "
        RenderInline {SPAN} at (0,0) size 28x19
          RenderInline (generated) at (0,0) size 28x19
            RenderCounter at (190,0) size 28x19
              text run at (190,0) width 28: "A.G"
        RenderText {#text} at (218,0) size 5x19
          text run at (218,0) width 5: " "
        RenderInline {SPAN} at (0,0) size 28x19
          RenderInline (generated) at (0,0) size 28x19
            RenderCounter at (223,0) size 28x19
              text run at (223,0) width 28: "A.H"
        RenderText {#text} at (251,0) size 5x19
          text run at (251,0) width 5: " "
        RenderInline {SPAN} at (0,0) size 21x19
          RenderInline (generated) at (0,0) size 21x19
            RenderCounter at (256,0) size 21x19
              text run at (256,0) width 21: "A.I"
        RenderText {#text} at (277,0) size 5x19
          text run at (277,0) width 5: " "
        RenderInline {SPAN} at (0,0) size 21x19
          RenderInline (generated) at (0,0) size 21x19
            RenderCounter at (282,0) size 21x19
              text run at (282,0) width 21: "A.J"
        RenderText {#text} at (303,0) size 5x19
          text run at (303,0) width 5: " "
        RenderInline {SPAN} at (0,0) size 27x19
          RenderInline (generated) at (0,0) size 27x19
            RenderCounter at (308,0) size 27x19
              text run at (308,0) width 27: "A.K"
        RenderText {#text} at (335,0) size 5x19
          text run at (335,0) width 5: " "
        RenderInline {SPAN} at (0,0) size 25x19
          RenderInline (generated) at (0,0) size 25x19
            RenderCounter at (340,0) size 25x19
              text run at (340,0) width 25: "A.L"
        RenderText {#text} at (0,0) size 0x0
      RenderBlock {DIV} at (0,54) size 964x19
        RenderText {#text} at (0,0) size 365x19
          text run at (0,0) width 32: "A.A "
          text run at (32,0) width 32: "A.B "
          text run at (64,0) width 32: "A.C "
          text run at (96,0) width 33: "A.D "
          text run at (129,0) width 31: "A.E "
          text run at (160,0) width 30: "A.F "
          text run at (190,0) width 33: "A.G "
          text run at (223,0) width 33: "A.H "
          text run at (256,0) width 26: "A.I "
          text run at (282,0) width 26: "A.J "
          text run at (308,0) width 32: "A.K "
          text run at (340,0) width 25: "A.L"
