layer at (0,0) size 980x735
  RenderView at (0,0) size 980x735
layer at (0,0) size 980x97
  RenderBlock {HTML} at (0,0) size 980x97
    RenderBody {BODY} at (8,16) size 964x73
      RenderBlock {P} at (0,0) size 964x19
        RenderText {#text} at (0,0) size 361x19
          text run at (0,0) width 361: "The following two lines should look the same:"
      RenderBlock {DIV} at (0,35) size 964x19
        RenderInline {SPAN} at (0,0) size 8x19
          RenderInline (generated) at (0,0) size 8x19
            RenderCounter at (0,0) size 8x19
              text run at (0,0) width 8: "\x{10D0}"
        RenderText {#text} at (8,0) size 5x19
          text run at (8,0) width 5: " "
        RenderInline {SPAN} at (0,0) size 8x19
          RenderInline (generated) at (0,0) size 8x19
            RenderCounter at (13,0) size 8x19
              text run at (13,0) width 8: "\x{10D1}"
        RenderText {#text} at (21,0) size 5x19
          text run at (21,0) width 5: " "
        RenderInline {SPAN} at (0,0) size 9x19
          RenderInline (generated) at (0,0) size 9x19
            RenderCounter at (26,0) size 9x19
              text run at (26,0) width 9: "\x{10D2}"
        RenderText {#text} at (35,0) size 5x19
          text run at (35,0) width 5: " "
        RenderInline {SPAN} at (0,0) size 13x19
          RenderInline (generated) at (0,0) size 13x19
            RenderCounter at (40,0) size 13x19
              text run at (40,0) width 13: "\x{10D3}"
        RenderText {#text} at (53,0) size 5x19
          text run at (53,0) width 5: " "
        RenderInline {SPAN} at (0,0) size 8x19
          RenderInline (generated) at (0,0) size 8x19
            RenderCounter at (58,0) size 8x19
              text run at (58,0) width 8: "\x{10D4}"
        RenderText {#text} at (66,0) size 5x19
          text run at (66,0) width 5: " "
        RenderInline {SPAN} at (0,0) size 8x19
          RenderInline (generated) at (0,0) size 8x19
            RenderCounter at (71,0) size 8x19
              text run at (71,0) width 8: "\x{10D5}"
        RenderText {#text} at (79,0) size 5x19
          text run at (79,0) width 5: " "
        RenderInline {SPAN} at (0,0) size 8x19
          RenderInline (generated) at (0,0) size 8x19
            RenderCounter at (84,0) size 8x19
              text run at (84,0) width 8: "\x{10D6}"
        RenderText {#text} at (92,0) size 5x19
          text run at (92,0) width 5: " "
        RenderInline {SPAN} at (0,0) size 9x19
          RenderInline (generated) at (0,0) size 9x19
            RenderCounter at (97,0) size 9x19
              text run at (97,0) width 9: "\x{10F1}"
        RenderText {#text} at (106,0) size 5x19
          text run at (106,0) width 5: " "
        RenderInline {SPAN} at (0,0) size 13x19
          RenderInline (generated) at (0,0) size 13x19
            RenderCounter at (111,0) size 13x19
              text run at (111,0) width 13: "\x{10D7}"
        RenderText {#text} at (124,0) size 5x19
          text run at (124,0) width 5: " "
        RenderInline {SPAN} at (0,0) size 8x19
          RenderInline (generated) at (0,0) size 8x19
            RenderCounter at (129,0) size 8x19
              text run at (129,0) width 8: "\x{10D8}"
        RenderText {#text} at (137,0) size 5x19
          text run at (137,0) width 5: " "
        RenderInline {SPAN} at (0,0) size 16x19
          RenderInline (generated) at (0,0) size 16x19
            RenderCounter at (142,0) size 16x19
              text run at (142,0) width 16: "\x{10D8}\x{10D0}"
        RenderText {#text} at (158,0) size 5x19
          text run at (158,0) width 5: " "
        RenderInline {SPAN} at (0,0) size 16x19
          RenderInline (generated) at (0,0) size 16x19
            RenderCounter at (163,0) size 16x19
              text run at (163,0) width 16: "\x{10D8}\x{10D1}"
        RenderText {#text} at (179,0) size 5x19
          text run at (179,0) width 5: " "
        RenderInline {SPAN} at (0,0) size 8x19
          RenderInline (generated) at (0,0) size 8x19
            RenderCounter at (184,0) size 8x19
              text run at (184,0) width 8: "\x{10D9}"
        RenderText {#text} at (192,0) size 5x19
          text run at (192,0) width 5: " "
        RenderInline {SPAN} at (0,0) size 17x19
          RenderInline (generated) at (0,0) size 17x19
            RenderCounter at (197,0) size 17x19
              text run at (197,0) width 17: "\x{10DA}"
        RenderText {#text} at (214,0) size 5x19
          text run at (214,0) width 5: " "
        RenderInline {SPAN} at (0,0) size 8x19
          RenderInline (generated) at (0,0) size 8x19
            RenderCounter at (219,0) size 8x19
              text run at (219,0) width 8: "\x{10DB}"
        RenderText {#text} at (227,0) size 5x19
          text run at (227,0) width 5: " "
        RenderInline {SPAN} at (0,0) size 8x19
          RenderInline (generated) at (0,0) size 8x19
            RenderCounter at (232,0) size 8x19
              text run at (232,0) width 8: "\x{10DC}"
        RenderText {#text} at (240,0) size 5x19
          text run at (240,0) width 5: " "
        RenderInline {SPAN} at (0,0) size 8x19
          RenderInline (generated) at (0,0) size 8x19
            RenderCounter at (245,0) size 8x19
              text run at (245,0) width 8: "\x{10F2}"
        RenderText {#text} at (253,0) size 5x19
          text run at (253,0) width 5: " "
        RenderInline {SPAN} at (0,0) size 13x19
          RenderInline (generated) at (0,0) size 13x19
            RenderCounter at (258,0) size 13x19
              text run at (258,0) width 13: "\x{10DD}"
        RenderText {#text} at (271,0) size 5x19
          text run at (271,0) width 5: " "
        RenderInline {SPAN} at (0,0) size 8x19
          RenderInline (generated) at (0,0) size 8x19
            RenderCounter at (276,0) size 8x19
              text run at (276,0) width 8: "\x{10DE}"
        RenderText {#text} at (284,0) size 5x19
          text run at (284,0) width 5: " "
        RenderInline {SPAN} at (0,0) size 8x19
          RenderInline (generated) at (0,0) size 8x19
            RenderCounter at (289,0) size 8x19
              text run at (289,0) width 8: "\x{10DF}"
        RenderText {#text} at (297,0) size 5x19
          text run at (297,0) width 5: " "
        RenderInline {SPAN} at (0,0) size 13x19
          RenderInline (generated) at (0,0) size 13x19
            RenderCounter at (302,0) size 13x19
              text run at (302,0) width 13: "\x{10E0}"
        RenderText {#text} at (315,0) size 5x19
          text run at (315,0) width 5: " "
        RenderInline {SPAN} at (0,0) size 8x19
          RenderInline (generated) at (0,0) size 8x19
            RenderCounter at (320,0) size 8x19
              text run at (320,0) width 8: "\x{10E1}"
        RenderText {#text} at (328,0) size 5x19
          text run at (328,0) width 5: " "
        RenderInline {SPAN} at (0,0) size 11x19
          RenderInline (generated) at (0,0) size 11x19
            RenderCounter at (333,0) size 11x19
              text run at (333,0) width 11: "\x{10E2}"
        RenderText {#text} at (344,0) size 5x19
          text run at (344,0) width 5: " "
        RenderInline {SPAN} at (0,0) size 8x19
          RenderInline (generated) at (0,0) size 8x19
            RenderCounter at (349,0) size 8x19
              text run at (349,0) width 8: "\x{10F3}"
        RenderText {#text} at (357,0) size 5x19
          text run at (357,0) width 5: " "
        RenderInline {SPAN} at (0,0) size 13x19
          RenderInline (generated) at (0,0) size 13x19
            RenderCounter at (362,0) size 13x19
              text run at (362,0) width 13: "\x{10E4}"
        RenderText {#text} at (375,0) size 5x19
          text run at (375,0) width 5: " "
        RenderInline {SPAN} at (0,0) size 8x19
          RenderInline (generated) at (0,0) size 8x19
            RenderCounter at (380,0) size 8x19
              text run at (380,0) width 8: "\x{10E5}"
        RenderText {#text} at (388,0) size 5x19
          text run at (388,0) width 5: " "
        RenderInline {SPAN} at (0,0) size 13x19
          RenderInline (generated) at (0,0) size 13x19
            RenderCounter at (393,0) size 13x19
              text run at (393,0) width 13: "\x{10E6}"
        RenderText {#text} at (406,0) size 5x19
          text run at (406,0) width 5: " "
        RenderInline {SPAN} at (0,0) size 8x19
          RenderInline (generated) at (0,0) size 8x19
            RenderCounter at (411,0) size 8x19
              text run at (411,0) width 8: "\x{10E7}"
        RenderText {#text} at (419,0) size 5x19
          text run at (419,0) width 5: " "
        RenderInline {SPAN} at (0,0) size 8x19
          RenderInline (generated) at (0,0) size 8x19
            RenderCounter at (424,0) size 8x19
              text run at (424,0) width 8: "\x{10E8}"
        RenderText {#text} at (432,0) size 5x19
          text run at (432,0) width 5: " "
        RenderInline {SPAN} at (0,0) size 8x19
          RenderInline (generated) at (0,0) size 8x19
            RenderCounter at (437,0) size 8x19
              text run at (437,0) width 8: "\x{10E9}"
        RenderText {#text} at (445,0) size 5x19
          text run at (445,0) width 5: " "
        RenderInline {SPAN} at (0,0) size 9x19
          RenderInline (generated) at (0,0) size 9x19
            RenderCounter at (450,0) size 9x19
              text run at (450,0) width 9: "\x{10EA}"
        RenderText {#text} at (459,0) size 5x19
          text run at (459,0) width 5: " "
        RenderInline {SPAN} at (0,0) size 8x19
          RenderInline (generated) at (0,0) size 8x19
            RenderCounter at (464,0) size 8x19
              text run at (464,0) width 8: "\x{10EB}"
        RenderText {#text} at (472,0) size 5x19
          text run at (472,0) width 5: " "
        RenderInline {SPAN} at (0,0) size 8x19
          RenderInline (generated) at (0,0) size 8x19
            RenderCounter at (477,0) size 8x19
              text run at (477,0) width 8: "\x{10EC}"
        RenderText {#text} at (485,0) size 5x19
          text run at (485,0) width 5: " "
        RenderInline {SPAN} at (0,0) size 8x19
          RenderInline (generated) at (0,0) size 8x19
            RenderCounter at (490,0) size 8x19
              text run at (490,0) width 8: "\x{10ED}"
        RenderText {#text} at (498,0) size 5x19
          text run at (498,0) width 5: " "
        RenderInline {SPAN} at (0,0) size 8x19
          RenderInline (generated) at (0,0) size 8x19
            RenderCounter at (503,0) size 8x19
              text run at (503,0) width 8: "\x{10EE}"
        RenderText {#text} at (511,0) size 5x19
          text run at (511,0) width 5: " "
        RenderInline {SPAN} at (0,0) size 8x19
          RenderInline (generated) at (0,0) size 8x19
            RenderCounter at (516,0) size 8x19
              text run at (516,0) width 8: "\x{10F4}"
        RenderText {#text} at (524,0) size 5x19
          text run at (524,0) width 5: " "
        RenderInline {SPAN} at (0,0) size 8x19
          RenderInline (generated) at (0,0) size 8x19
            RenderCounter at (529,0) size 8x19
              text run at (529,0) width 8: "\x{10EF}"
        RenderText {#text} at (537,0) size 5x19
          text run at (537,0) width 5: " "
        RenderInline {SPAN} at (0,0) size 8x19
          RenderInline (generated) at (0,0) size 8x19
            RenderCounter at (542,0) size 8x19
              text run at (542,0) width 8: "\x{10F0}"
        RenderText {#text} at (550,0) size 5x19
          text run at (550,0) width 5: " "
        RenderInline {SPAN} at (0,0) size 9x19
          RenderInline (generated) at (0,0) size 9x19
            RenderCounter at (555,0) size 9x19
              text run at (555,0) width 9: "\x{10F5}"
        RenderText {#text} at (564,0) size 5x19
          text run at (564,0) width 5: " "
        RenderInline {SPAN} at (0,0) size 46x19
          RenderInline (generated) at (0,0) size 46x19
            RenderCounter at (569,0) size 46x19
              text run at (569,0) width 46: "\x{10F5}\x{10F0}\x{10E8}\x{10DF}\x{10D7}"
        RenderText {#text} at (0,0) size 0x0
      RenderBlock {DIV} at (0,54) size 964x19
        RenderText {#text} at (0,0) size 615x19
          text run at (0,0) width 13: "\x{10D0} "
          text run at (13,0) width 13: "\x{10D1} "
          text run at (26,0) width 14: "\x{10D2} "
          text run at (40,0) width 18: "\x{10D3} "
          text run at (58,0) width 13: "\x{10D4} "
          text run at (71,0) width 13: "\x{10D5} "
          text run at (84,0) width 13: "\x{10D6} "
          text run at (97,0) width 14: "\x{10F1} "
          text run at (111,0) width 18: "\x{10D7} "
          text run at (129,0) width 13: "\x{10D8} "
          text run at (142,0) width 21: "\x{10D8}\x{10D0} "
          text run at (163,0) width 21: "\x{10D8}\x{10D1} "
          text run at (184,0) width 13: "\x{10D9} "
          text run at (197,0) width 22: "\x{10DA} "
          text run at (219,0) width 13: "\x{10DB} "
          text run at (232,0) width 13: "\x{10DC} "
          text run at (245,0) width 13: "\x{10F2} "
          text run at (258,0) width 18: "\x{10DD} "
          text run at (276,0) width 13: "\x{10DE} "
          text run at (289,0) width 13: "\x{10DF} "
          text run at (302,0) width 18: "\x{10E0} "
          text run at (320,0) width 13: "\x{10E1} "
          text run at (333,0) width 16: "\x{10E2} "
          text run at (349,0) width 13: "\x{10F3} "
          text run at (362,0) width 18: "\x{10E4} "
          text run at (380,0) width 13: "\x{10E5} "
          text run at (393,0) width 18: "\x{10E6} "
          text run at (411,0) width 13: "\x{10E7} "
          text run at (424,0) width 13: "\x{10E8} "
          text run at (437,0) width 13: "\x{10E9} "
          text run at (450,0) width 14: "\x{10EA} "
          text run at (464,0) width 13: "\x{10EB} "
          text run at (477,0) width 13: "\x{10EC} "
          text run at (490,0) width 13: "\x{10ED} "
          text run at (503,0) width 13: "\x{10EE} "
          text run at (516,0) width 13: "\x{10F4} "
          text run at (529,0) width 13: "\x{10EF} "
          text run at (542,0) width 13: "\x{10F0} "
          text run at (555,0) width 14: "\x{10F5} "
          text run at (569,0) width 46: "\x{10F5}\x{10F0}\x{10E8}\x{10DF}\x{10D7}"
