layer at (0,0) size 980x735
  RenderView at (0,0) size 980x735
layer at (0,0) size 980x98
  RenderBlock {HTML} at (0,0) size 980x98
    RenderBody {BODY} at (8,16) size 964x74
      RenderBlock {P} at (0,0) size 964x19
        RenderText {#text} at (0,0) size 450x19
          text run at (0,0) width 450: "The following two boxes should be identical, to the pixel."
      RenderBlock {OL} at (80,35) size 160x19 [color=#FFFFFF] [bgcolor=#000080]
        RenderListItem {LI} at (0,0) size 160x19
          RenderListMarker at (-25,0) size 20x19: "1"
          RenderInline {SPAN} at (0,0) size 15x19 [color=#000080]
            RenderText {#text} at (0,0) size 15x19
              text run at (0,0) width 15: "1."
          RenderText {#text} at (15,0) size 39x19
            text run at (15,0) width 39: " Test"
      RenderBlock {OL} at (80,55) size 160x19 [color=#000080] [bgcolor=#000080]
        RenderListItem {LI} at (0,0) size 160x19
          RenderListMarker at (0,0) size 20x19: "1"
          RenderInline {SPAN} at (0,0) size 34x19 [color=#FFFFFF]
            RenderText {#text} at (20,0) size 34x19
              text run at (20,0) width 34: "Test"
