layer at (0,0) size 980x735
  RenderView at (0,0) size 980x735
layer at (0,0) size 980x416
  RenderBlock {HTML} at (0,0) size 980x416
    RenderBody {BODY} at (8,16) size 964x384 [color=#000080]
      RenderBlock {P} at (0,0) size 964x19
        RenderText {#text} at (0,0) size 493x19
          text run at (0,0) width 493: "The two columns should look the same, except for alignment."
      RenderBlock {OL} at (0,35) size 964x57
        RenderListItem {LI} at (40,0) size 924x19
          RenderListMarker at (-19,0) size 14x19: "i"
          RenderText {#text} at (0,0) size 9x19
            text run at (0,0) width 9: "i."
        RenderListItem {LI} at (40,19) size 924x19
          RenderListMarker at (-23,0) size 18x19: "ii"
          RenderText {#text} at (0,0) size 13x19
            text run at (0,0) width 13: "ii."
        RenderListItem {LI} at (40,38) size 924x19
          RenderListMarker at (-27,0) size 22x19: "iii"
          RenderText {#text} at (0,0) size 17x19
            text run at (0,0) width 17: "iii."
      RenderBlock {OL} at (0,108) size 964x57
        RenderListItem {LI} at (40,0) size 924x19
          RenderListMarker at (-20,0) size 15x19: "I"
          RenderText {#text} at (0,0) size 10x19
            text run at (0,0) width 10: "I."
        RenderListItem {LI} at (40,19) size 924x19
          RenderListMarker at (-25,0) size 20x19: "II"
          RenderText {#text} at (0,0) size 15x19
            text run at (0,0) width 15: "II."
        RenderListItem {LI} at (40,38) size 924x19
          RenderListMarker at (-30,0) size 25x19: "III"
          RenderText {#text} at (0,0) size 20x19
            text run at (0,0) width 20: "III."
      RenderBlock {OL} at (0,181) size 964x57
        RenderListItem {LI} at (40,0) size 924x19
          RenderListMarker at (-25,0) size 20x19: "a"
          RenderText {#text} at (0,0) size 15x19
            text run at (0,0) width 15: "a."
        RenderListItem {LI} at (40,19) size 924x19
          RenderListMarker at (-25,0) size 20x19: "b"
          RenderText {#text} at (0,0) size 15x19
            text run at (0,0) width 15: "b."
        RenderListItem {LI} at (40,38) size 924x19
          RenderListMarker at (-24,0) size 19x19: "c"
          RenderText {#text} at (0,0) size 14x19
            text run at (0,0) width 14: "c."
      RenderBlock {OL} at (0,254) size 964x57
        RenderListItem {LI} at (40,0) size 924x19
          RenderListMarker at (-26,0) size 21x19: "A"
          RenderText {#text} at (0,0) size 16x19
            text run at (0,0) width 16: "A."
        RenderListItem {LI} at (40,19) size 924x19
          RenderListMarker at (-26,0) size 21x19: "B"
          RenderText {#text} at (0,0) size 16x19
            text run at (0,0) width 16: "B."
        RenderListItem {LI} at (40,38) size 924x19
          RenderListMarker at (-26,0) size 21x19: "C"
          RenderText {#text} at (0,0) size 16x19
            text run at (0,0) width 16: "C."
      RenderBlock {OL} at (0,327) size 964x57
        RenderListItem {LI} at (40,0) size 924x19
          RenderListMarker at (-26,0) size 21x19: "A"
          RenderText {#text} at (0,0) size 16x19
            text run at (0,0) width 16: "A."
        RenderListItem {LI} at (40,19) size 924x19
          RenderListMarker at (-26,0) size 21x19: "B"
          RenderText {#text} at (0,0) size 16x19
            text run at (0,0) width 16: "B."
        RenderListItem {LI} at (40,38) size 924x19
          RenderListMarker at (-25,0) size 20x19: "3"
          RenderText {#text} at (0,0) size 15x19
            text run at (0,0) width 15: "3."
