layer at (0,0) size 980x735
  RenderView at (0,0) size 980x735
layer at (0,0) size 980x97
  RenderBlock {HTML} at (0,0) size 980x97
    RenderBody {BODY} at (8,16) size 964x73
      RenderBlock {P} at (0,0) size 964x19
        RenderText {#text} at (0,0) size 340x19
          text run at (0,0) width 340: "The following two lines should be identical:"
      RenderBlock {DIV} at (0,35) size 964x19
        RenderInline {SPAN} at (0,0) size 41x19
          RenderInline (generated) at (0,0) size 11x19
            RenderText at (0,0) size 11x19
              text run at (0,0) width 11: "B"
          RenderInline {SPAN} at (0,0) size 15x19
            RenderInline (generated) at (0,0) size 15x19
              RenderCounter at (11,0) size 10x19
                text run at (11,0) width 10: "1"
              RenderText at (21,0) size 5x19
                text run at (21,0) width 5: " "
          RenderInline {SPAN} at (0,0) size 15x19
            RenderInline {SPAN} at (0,0) size 15x19
              RenderInline (generated) at (0,0) size 15x19
                RenderCounter at (26,0) size 10x19
                  text run at (26,0) width 10: "0"
                RenderText at (36,0) size 5x19
                  text run at (36,0) width 5: " "
        RenderInline {SPAN} at (0,0) size 40x19
          RenderInline {SPAN} at (0,0) size 15x19
            RenderInline (generated) at (0,0) size 15x19
              RenderCounter at (41,0) size 10x19
                text run at (41,0) width 10: "1"
              RenderText at (51,0) size 5x19
                text run at (51,0) width 5: " "
          RenderInline {SPAN} at (0,0) size 25x19
            RenderInline {SPAN} at (0,0) size 25x19
              RenderInline (generated) at (0,0) size 25x19
                RenderCounter at (56,0) size 25x19
                  text run at (56,0) width 25: "1.0"
                RenderText at (0,0) size 0x0
      RenderBlock {DIV} at (0,54) size 964x19
        RenderText {#text} at (0,0) size 81x19
          text run at (0,0) width 81: "B1 0 1 1.0"
