layer at (0,0) size 980x735
  RenderView at (0,0) size 980x735
layer at (0,0) size 980x97
  RenderBlock {HTML} at (0,0) size 980x97
    RenderBody {BODY} at (8,16) size 964x73
      RenderBlock {P} at (0,0) size 964x19
        RenderText {#text} at (0,0) size 361x19
          text run at (0,0) width 361: "The following two lines should look the same:"
      RenderBlock {DIV} at (0,35) size 964x19
        RenderInline {SPAN} at (0,0) size 5x19
          RenderInline (generated) at (0,0) size 5x19
            RenderCounter at (0,0) size 5x19
              text run at (0,0) width 5: "I"
        RenderText {#text} at (5,0) size 5x19
          text run at (5,0) width 5: " "
        RenderInline {SPAN} at (0,0) size 10x19
          RenderInline (generated) at (0,0) size 10x19
            RenderCounter at (10,0) size 10x19
              text run at (10,0) width 10: "II"
        RenderText {#text} at (20,0) size 5x19
          text run at (20,0) width 5: " "
        RenderInline {SPAN} at (0,0) size 15x19
          RenderInline (generated) at (0,0) size 15x19
            RenderCounter at (25,0) size 15x19
              text run at (25,0) width 15: "III"
        RenderText {#text} at (40,0) size 5x19
          text run at (40,0) width 5: " "
        RenderInline {SPAN} at (0,0) size 16x19
          RenderInline (generated) at (0,0) size 16x19
            RenderCounter at (45,0) size 16x19
              text run at (45,0) width 16: "IV"
        RenderText {#text} at (61,0) size 5x19
          text run at (61,0) width 5: " "
        RenderInline {SPAN} at (0,0) size 11x19
          RenderInline (generated) at (0,0) size 11x19
            RenderCounter at (66,0) size 11x19
              text run at (66,0) width 11: "V"
        RenderText {#text} at (77,0) size 5x19
          text run at (77,0) width 5: " "
        RenderInline {SPAN} at (0,0) size 16x19
          RenderInline (generated) at (0,0) size 16x19
            RenderCounter at (82,0) size 16x19
              text run at (82,0) width 16: "VI"
        RenderText {#text} at (98,0) size 5x19
          text run at (98,0) width 5: " "
        RenderInline {SPAN} at (0,0) size 21x19
          RenderInline (generated) at (0,0) size 21x19
            RenderCounter at (103,0) size 21x19
              text run at (103,0) width 21: "VII"
        RenderText {#text} at (124,0) size 5x19
          text run at (124,0) width 5: " "
        RenderInline {SPAN} at (0,0) size 26x19
          RenderInline (generated) at (0,0) size 26x19
            RenderCounter at (129,0) size 26x19
              text run at (129,0) width 26: "VIII"
        RenderText {#text} at (155,0) size 5x19
          text run at (155,0) width 5: " "
        RenderInline {SPAN} at (0,0) size 16x19
          RenderInline (generated) at (0,0) size 16x19
            RenderCounter at (160,0) size 16x19
              text run at (160,0) width 16: "IX"
        RenderText {#text} at (176,0) size 5x19
          text run at (176,0) width 5: " "
        RenderInline {SPAN} at (0,0) size 11x19
          RenderInline (generated) at (0,0) size 11x19
            RenderCounter at (181,0) size 11x19
              text run at (181,0) width 11: "X"
        RenderText {#text} at (192,0) size 5x19
          text run at (192,0) width 5: " "
        RenderInline {SPAN} at (0,0) size 16x19
          RenderInline (generated) at (0,0) size 16x19
            RenderCounter at (197,0) size 16x19
              text run at (197,0) width 16: "XI"
        RenderText {#text} at (213,0) size 5x19
          text run at (213,0) width 5: " "
        RenderInline {SPAN} at (0,0) size 21x19
          RenderInline (generated) at (0,0) size 21x19
            RenderCounter at (218,0) size 21x19
              text run at (218,0) width 21: "XII"
        RenderText {#text} at (239,0) size 5x19
          text run at (239,0) width 5: " "
        RenderInline {SPAN} at (0,0) size 36x19
          RenderInline (generated) at (0,0) size 36x19
            RenderCounter at (244,0) size 36x19
              text run at (244,0) width 36: "XLIX"
        RenderText {#text} at (280,0) size 5x19
          text run at (280,0) width 5: " "
        RenderInline {SPAN} at (0,0) size 9x19
          RenderInline (generated) at (0,0) size 9x19
            RenderCounter at (285,0) size 9x19
              text run at (285,0) width 9: "L"
        RenderText {#text} at (294,0) size 5x19
          text run at (294,0) width 5: " "
        RenderInline {SPAN} at (0,0) size 91x19
          RenderInline (generated) at (0,0) size 91x19
            RenderCounter at (299,0) size 91x19
              text run at (299,0) width 91: "CCCLXXXIX"
        RenderText {#text} at (390,0) size 5x19
          text run at (390,0) width 5: " "
        RenderInline {SPAN} at (0,0) size 55x19
          RenderInline (generated) at (0,0) size 55x19
            RenderCounter at (395,0) size 55x19
              text run at (395,0) width 55: "CCCXC"
        RenderText {#text} at (450,0) size 5x19
          text run at (450,0) width 5: " "
        RenderInline {SPAN} at (0,0) size 123x19
          RenderInline (generated) at (0,0) size 123x19
            RenderCounter at (455,0) size 123x19
              text run at (455,0) width 123: "MMMCDLXXXIX"
        RenderText {#text} at (578,0) size 5x19
          text run at (578,0) width 5: " "
        RenderInline {SPAN} at (0,0) size 87x19
          RenderInline (generated) at (0,0) size 87x19
            RenderCounter at (583,0) size 87x19
              text run at (583,0) width 87: "MMMCDXC"
        RenderText {#text} at (670,0) size 5x19
          text run at (670,0) width 5: " "
        RenderInline {SPAN} at (0,0) size 92x19
          RenderInline (generated) at (0,0) size 92x19
            RenderCounter at (675,0) size 92x19
              text run at (675,0) width 92: "MMMCDXCI"
        RenderText {#text} at (0,0) size 0x0
      RenderBlock {DIV} at (0,54) size 964x19
        RenderText {#text} at (0,0) size 767x19
          text run at (0,0) width 10: "I "
          text run at (10,0) width 15: "II "
          text run at (25,0) width 20: "III "
          text run at (45,0) width 21: "IV "
          text run at (66,0) width 16: "V "
          text run at (82,0) width 21: "VI "
          text run at (103,0) width 26: "VII "
          text run at (129,0) width 31: "VIII "
          text run at (160,0) width 21: "IX "
          text run at (181,0) width 16: "X "
          text run at (197,0) width 21: "XI "
          text run at (218,0) width 26: "XII "
          text run at (244,0) width 41: "XLIX "
          text run at (285,0) width 14: "L "
          text run at (299,0) width 96: "CCCLXXXIX "
          text run at (395,0) width 60: "CCCXC "
          text run at (455,0) width 128: "MMMCDLXXXIX "
          text run at (583,0) width 92: "MMMCDXC "
          text run at (675,0) width 92: "MMMCDXCI"
