layer at (0,0) size 980x735
  RenderView at (0,0) size 980x735
layer at (0,0) size 980x127
  RenderBlock {HTML} at (0,0) size 980x127
    RenderBody {BODY} at (8,8) size 964x111
      RenderBlock {UL} at (0,0) size 964x111 [color=#FF0000]
        RenderListItem {LI} at (48,48) size 868x15
          RenderListMarker at (-22,0) size 15x15
          RenderImage {IMG} at (15,0) size 15x15
          RenderText {#text} at (30,0) size 5x19
            text run at (30,0) width 5: " "
          RenderInline {SPAN} at (0,0) size 459x19 [color=#000000]
            RenderText {#text} at (35,0) size 459x19
              text run at (35,0) width 459: "\x{21E6} There should be a green square to the left, and no red."
