layer at (0,0) size 980x735
  RenderView at (0,0) size 980x735
layer at (0,0) size 980x135
  RenderBlock {HTML} at (0,0) size 980x135
    RenderBody {BODY} at (8,16) size 964x111
      RenderBlock {P} at (0,0) size 964x19
        RenderText {#text} at (0,0) size 300x19
          text run at (0,0) width 300: "There should be a green block below."
      RenderBlock {DIV} at (0,35) size 160x76 [color=#008000] [bgcolor=#008000] [border: (3px solid #000000)]
        RenderBlock {DIV} at (3,3) size 154x70
          RenderText {#text} at (0,0) size 154x70
            text run at (0,0) width 154: "     x     "
            text run at (0,14) width 154: "     x     "
            text run at (0,28) width 154: "    x x    "
            text run at (0,42) width 154: "     x     "
            text run at (0,56) width 154: "     x     "
