layer at (0,0) size 980x735
  RenderView at (0,0) size 980x735
layer at (0,0) size 980x69
  RenderBlock {HTML} at (0,0) size 980x69 [bgcolor=#800080]
    RenderBody {BODY} at (25,25) size 930x19 [color=#FFFFFF] [bgcolor=#000080]
      RenderBlock {P} at (0,0) size 930x19
        RenderText {#text} at (0,0) size 843x19
          text run at (0,0) width 484: "This paragraph should be in a blue block near the top of the "
          text run at (484,0) width 359: "page. Around it on all sides should be purple."
