layer at (0,0) size 980x735
  RenderView at (0,0) size 980x735
layer at (0,0) size 980x270
  RenderBlock {HTML} at (0,0) size 980x270
    RenderBody {BODY} at (8,8) size 964x254
      RenderBlock {DIV} at (0,0) size 964x110
        RenderBlock {P} at (0,0) size 964x19 [color=#000080]
          RenderText {#text} at (0,0) size 308x19
            text run at (0,0) width 308: "This sentence should be in a serif font."
        RenderBlock {P} at (0,19) size 964x19 [color=#000080]
          RenderText {#text} at (0,0) size 308x19
            text run at (0,0) width 308: "This sentence should be in a serif font."
        RenderBlock {P} at (0,38) size 964x19 [color=#000080]
          RenderText {#text} at (0,0) size 350x19
            text run at (0,0) width 350: "This sentence should be in a sans-serif font."
        RenderBlock {P} at (0,57) size 964x19 [color=#000080]
          RenderText {#text} at (0,0) size 330x19
            text run at (0,0) width 330: "This sentence should be in a cursive font."
        RenderBlock {P} at (0,76) size 964x19 [color=#000080]
          RenderText {#text} at (0,0) size 332x19
            text run at (0,0) width 332: "This sentence should be in a fantasy font."
        RenderBlock {P} at (0,95) size 964x15 [color=#000080]
          RenderText {#text} at (0,0) size 298x15
            text run at (0,0) width 298: "This sentence should be in a monospace font."
      RenderBlock {P} at (0,110) size 964x19 [color=#000080]
        RenderText {#text} at (0,0) size 350x19
          text run at (0,0) width 350: "This sentence should be in a sans-serif font."
      RenderBlock {P} at (0,129) size 964x19 [color=#000080]
        RenderText {#text} at (0,0) size 366x19
          text run at (0,0) width 366: "This sentence should be in a monospace font."
      RenderBlock {DIV} at (0,148) size 964x106
        RenderBlock {P} at (0,0) size 964x15 [color=#000080]
          RenderText {#text} at (0,0) size 298x15
            text run at (0,0) width 298: "This sentence should be in a monospace font."
        RenderBlock {P} at (0,15) size 964x19 [color=#000080]
          RenderText {#text} at (0,0) size 308x19
            text run at (0,0) width 308: "This sentence should be in a serif font."
        RenderBlock {P} at (0,34) size 964x19 [color=#000080]
          RenderText {#text} at (0,0) size 350x19
            text run at (0,0) width 350: "This sentence should be in a sans-serif font."
        RenderBlock {P} at (0,53) size 964x19 [color=#000080]
          RenderText {#text} at (0,0) size 330x19
            text run at (0,0) width 330: "This sentence should be in a cursive font."
        RenderBlock {P} at (0,72) size 964x19 [color=#000080]
          RenderText {#text} at (0,0) size 332x19
            text run at (0,0) width 332: "This sentence should be in a fantasy font."
        RenderBlock {P} at (0,91) size 964x15 [color=#000080]
          RenderText {#text} at (0,0) size 298x15
            text run at (0,0) width 298: "This sentence should be in a monospace font."
