layer at (0,0) size 980x735
  RenderView at (0,0) size 980x735
layer at (0,0) size 980x612
  RenderBlock {HTML} at (0,0) size 980x612
    RenderBody {BODY} at (8,18) size 964x576 [color=#000080]
      RenderBlock {P} at (0,0) size 964x576
        RenderText {#text} at (0,37) size 815x21
          text run at (0,37) width 815: "This text should be 18px sans-serif, in small-caps and italicized. The lines should be one inch apart. "
        RenderInline {SPAN} at (0,0) size 960x501 [color=#C0C0C0]
          RenderText {#text} at (815,37) size 960x501
            text run at (815,37) width 145: "dummy text dummy"
            text run at (0,133) width 380: "text dummy text dummy text dummy text dummy "
            text run at (380,133) width 564: "text dummy text dummy text dummy text dummy text dummy text dummy"
            text run at (0,229) width 570: "text dummy text dummy text dummy text dummy text dummy text dummy "
            text run at (570,229) width 374: "text dummy text dummy text dummy text dummy"
            text run at (0,325) width 190: "text dummy text dummy "
            text run at (190,325) width 570: "text dummy text dummy text dummy text dummy text dummy text dummy "
            text run at (760,325) width 184: "text dummy text dummy"
            text run at (0,421) width 380: "text dummy text dummy text dummy text dummy "
            text run at (380,421) width 564: "text dummy text dummy text dummy text dummy text dummy text dummy"
            text run at (0,517) width 508: "text dummy text dummy text dummy text dummy text dummy text"
        RenderText {#text} at (0,0) size 0x0
