layer at (0,0) size 980x735
  RenderView at (0,0) size 980x735
layer at (0,0) size 980x225
  RenderBlock {HTML} at (0,0) size 980x225
    RenderBody {BODY} at (8,18) size 964x189 [color=#000080]
      RenderBlock {P} at (0,0) size 964x189
        RenderText {#text} at (0,3) size 696x21
          text run at (0,3) width 696: "This text should be 18px serif. There should be a 9px gap between each line. "
        RenderInline {SPAN} at (0,0) size 930x183 [color=#C0C0C0]
          RenderText {#text} at (696,3) size 930x183
            text run at (696,3) width 228: "dummy text dummy text"
            text run at (0,30) width 426: "dummy text dummy text dummy text dummy "
            text run at (426,30) width 504: "text dummy text dummy text dummy text dummy text"
            text run at (0,57) width 192: "dummy text dummy "
            text run at (192,57) width 702: "text dummy text dummy text dummy text dummy text dummy text dummy "
            text run at (894,57) width 36: "text"
            text run at (0,84) width 660: "dummy text dummy text dummy text dummy text dummy text dummy "
            text run at (660,84) width 270: "text dummy text dummy text"
            text run at (0,111) width 426: "dummy text dummy text dummy text dummy "
            text run at (426,111) width 504: "text dummy text dummy text dummy text dummy text"
            text run at (0,138) width 192: "dummy text dummy "
            text run at (192,138) width 702: "text dummy text dummy text dummy text dummy text dummy text dummy "
            text run at (894,138) width 36: "text"
            text run at (0,165) width 579: "dummy text dummy text dummy text dummy text dummy text"
        RenderText {#text} at (0,0) size 0x0
