layer at (0,0) size 980x735
  RenderView at (0,0) size 980x735
layer at (0,0) size 980x86
  RenderBlock {HTML} at (0,0) size 980x86
    RenderBody {BODY} at (8,16) size 964x54
      RenderBlock {P} at (0,0) size 964x19 [color=#000080]
        RenderText {#text} at (0,0) size 281x19
          text run at (0,0) width 281: "This Paragraph should be in Small Caps."
      RenderBlock {P} at (0,35) size 964x19 [color=#000080]
        RenderText {#text} at (0,0) size 274x19
          text run at (0,0) width 274: "This Sentence should be in Small Caps. "
        RenderInline {SPAN} at (0,0) size 263x19
          RenderText {#text} at (274,0) size 263x19
            text run at (274,0) width 263: "This Sentence should be Normal."
        RenderText {#text} at (0,0) size 0x0
