layer at (0,0) size 980x735
  RenderView at (0,0) size 980x735
layer at (0,0) size 980x166
  RenderBlock {HTML} at (0,0) size 980x166
    RenderBody {BODY} at (8,16) size 964x142
      RenderBlock {P} at (0,0) size 964x19
        RenderText {#text} at (0,0) size 597x19
          text run at (0,0) width 597: "There should be a solid single uninterrupted smooth column of blue below."
      RenderBlock {DIV} at (0,35) size 964x107 [color=#000080]
        RenderBlock {DIV} at (0,0) size 964x32
          RenderText {#text} at (0,0) size 32x32
            text run at (0,0) width 32: "x"
        RenderBlock {DIV} at (0,32) size 964x43
          RenderText {#text} at (0,0) size 43x43
            text run at (0,0) width 43: "x"
        RenderBlock {DIV} at (0,75) size 964x32
          RenderText {#text} at (0,0) size 32x32
            text run at (0,0) width 32: "x"
