layer at (0,0) size 980x735
  RenderView at (0,0) size 980x735
layer at (0,0) size 980x101
  RenderBlock {HTML} at (0,0) size 980x101
    RenderBody {BODY} at (8,13) size 964x75 [color=#000080]
      RenderBlock {P} at (0,0) size 964x75
        RenderText {#text} at (0,0) size 633x15
          text run at (0,0) width 633: "This text should be 13px Helvetica in small-caps and italicized. There should be a small gap between each line. "
        RenderInline {SPAN} at (0,0) size 948x75 [color=#C0C0C0]
          RenderText {#text} at (633,0) size 948x75
            text run at (633,0) width 308: "dummy text dummy text dummy text dummy text dummy"
            text run at (0,15) width 68: "text dummy "
            text run at (68,15) width 408: "text dummy text dummy text dummy text dummy text dummy text dummy "
            text run at (476,15) width 408: "text dummy text dummy text dummy text dummy text dummy text dummy "
            text run at (884,15) width 64: "text dummy"
            text run at (0,30) width 340: "text dummy text dummy text dummy text dummy text dummy "
            text run at (340,30) width 408: "text dummy text dummy text dummy text dummy text dummy text dummy "
            text run at (748,30) width 200: "text dummy text dummy text dummy"
            text run at (0,45) width 204: "text dummy text dummy text dummy "
            text run at (204,45) width 408: "text dummy text dummy text dummy text dummy text dummy text dummy "
            text run at (612,45) width 336: "text dummy text dummy text dummy text dummy text dummy"
            text run at (0,60) width 24: "text"
        RenderText {#text} at (0,0) size 0x0
