layer at (0,0) size 980x735
  RenderView at (0,0) size 980x735
layer at (0,0) size 980x347
  RenderBlock {HTML} at (0,0) size 980x347
    RenderBody {BODY} at (8,16) size 964x323
      RenderBlock {P} at (0,0) size 964x19
        RenderText {#text} at (0,0) size 597x19
          text run at (0,0) width 597: "There should be a solid single uninterrupted smooth column of blue below."
      RenderBlock {DIV} at (96,35) size 772x48 [color=#000080]
        RenderText {#text} at (0,0) size 48x48
          text run at (0,0) width 48: "x"
      RenderBlock {DIV} at (96,83) size 772x48 [color=#000080]
        RenderText {#text} at (0,0) size 48x48
          text run at (0,0) width 48: "x"
      RenderBlock {DIV} at (96,131) size 772x48 [color=#000080]
        RenderText {#text} at (0,0) size 48x48
          text run at (0,0) width 48: "x"
      RenderBlock {DIV} at (96,179) size 772x48 [color=#000080]
        RenderText {#text} at (0,0) size 48x48
          text run at (0,0) width 48: "x"
      RenderBlock {DIV} at (96,227) size 772x48 [color=#000080]
        RenderText {#text} at (0,0) size 48x48
          text run at (0,0) width 48: "x"
      RenderBlock {DIV} at (96,275) size 772x48 [color=#000080]
        RenderText {#text} at (0,0) size 48x48
          text run at (0,0) width 48: "x"
