layer at (0,0) size 980x735
  RenderView at (0,0) size 980x735
layer at (0,0) size 980x156
  RenderBlock {HTML} at (0,0) size 980x156
    RenderBody {BODY} at (8,13) size 964x130 [color=#000080]
      RenderBlock {P} at (0,0) size 964x130
        RenderText {#text} at (0,5) size 417x15
          text run at (0,5) width 417: "This text should be small and cursive, with double line spacing. "
        RenderInline {SPAN} at (0,0) size 920x119 [color=#C0C0C0]
          RenderText {#text} at (417,5) size 920x119
            text run at (417,5) width 474: "dummy text dummy text dummy text dummy text dummy text dummy "
            text run at (891,5) width 26: "text"
            text run at (0,31) width 474: "dummy text dummy text dummy text dummy text dummy text dummy "
            text run at (474,31) width 446: "text dummy text dummy text dummy text dummy text dummy text"
            text run at (0,57) width 54: "dummy "
            text run at (54,57) width 504: "text dummy text dummy text dummy text dummy text dummy text dummy "
            text run at (558,57) width 362: "text dummy text dummy text dummy text dummy text"
            text run at (0,83) width 138: "dummy text dummy "
            text run at (138,83) width 504: "text dummy text dummy text dummy text dummy text dummy text dummy "
            text run at (642,83) width 278: "text dummy text dummy text dummy text"
            text run at (0,109) width 222: "dummy text dummy text dummy "
            text run at (222,109) width 446: "text dummy text dummy text dummy text dummy text dummy text"
        RenderText {#text} at (0,0) size 0x0
