layer at (0,0) size 980x735
  RenderView at (0,0) size 980x735
layer at (0,0) size 980x167
  RenderBlock {HTML} at (0,0) size 980x167
    RenderBody {BODY} at (8,16) size 964x141
      RenderBlock {P} at (0,0) size 964x19
        RenderText {#text} at (0,0) size 370x19
          text run at (0,0) width 370: "The two boxes below should be the same size."
      RenderBlock {DIV} at (0,35) size 964x106 [color=#000080]
        RenderBlock {P} at (30,0) size 904x48
          RenderText {#text} at (0,0) size 48x48
            text run at (0,0) width 48: "x"
        RenderBlock {P} at (30,58) size 904x48
          RenderText {#text} at (0,0) size 48x48
            text run at (0,0) width 48: "x"
