layer at (0,0) size 980x735
  RenderView at (0,0) size 980x735
layer at (0,0) size 980x288
  RenderBlock {HTML} at (0,0) size 980x288
    RenderBody {BODY} at (8,18) size 964x252 [color=#000080]
      RenderBlock {P} at (0,0) size 964x252
        RenderText {#text} at (0,7) size 918x21
          text run at (0,7) width 918: "This text should be 18px monospace, in small-caps, italicized, and very bold, with double line spacing."
        RenderInline {SPAN} at (0,0) size 948x201 [color=#C0C0C0]
          RenderText {#text} at (0,43) size 948x201
            text run at (0,43) width 593: "dummy text dummy text dummy text dummy text dummy text dummy "
            text run at (593,43) width 355: "text dummy text dummy text dummy text"
            text run at (0,79) width 275: "dummy text dummy text dummy "
            text run at (275,79) width 636: "text dummy text dummy text dummy text dummy text dummy text dummy "
            text run at (911,79) width 37: "text"
            text run at (0,115) width 593: "dummy text dummy text dummy text dummy text dummy text dummy "
            text run at (593,115) width 355: "text dummy text dummy text dummy text"
            text run at (0,151) width 275: "dummy text dummy text dummy "
            text run at (275,151) width 636: "text dummy text dummy text dummy text dummy text dummy text dummy "
            text run at (911,151) width 37: "text"
            text run at (0,187) width 593: "dummy text dummy text dummy text dummy text dummy text dummy "
            text run at (593,187) width 355: "text dummy text dummy text dummy text"
            text run at (0,223) width 206: "dummy text dummy text"
        RenderText {#text} at (0,0) size 0x0
