layer at (0,0) size 980x735
  RenderView at (0,0) size 980x735
layer at (0,0) size 980x229
  RenderBlock {HTML} at (0,0) size 980x229
    RenderBody {BODY} at (8,16) size 964x205
      RenderBlock {P} at (0,0) size 964x19
        RenderText {#text} at (0,0) size 406x19
          text run at (0,0) width 406: "There should be no red borders on the table below"
      RenderTable {TABLE} at (0,35) size 149x170 [border: (2px none #808080)]
        RenderTableSection {TBODY} at (2,2) size 144x165
          RenderTableRow {TR} at (0,0) size 144x55
            RenderTableCell {TD} at (0,14) size 48x26 [border: (3px ridge #00FF00)] [r=0 c=0 rs=1 cs=1]
              RenderText {#text} at (4,4) size 41x19
                text run at (4,4) width 41: "ridge"
            RenderTableCell {TD} at (48,14) size 48x26 [border: (3px ridge #00FF00)] [r=0 c=1 rs=1 cs=1]
              RenderText {#text} at (4,4) size 41x19
                text run at (4,4) width 41: "ridge"
            RenderTableCell {TD} at (96,14) size 48x26 [border: (3px ridge #00FF00)] [r=0 c=2 rs=1 cs=1]
              RenderText {#text} at (4,4) size 41x19
                text run at (4,4) width 41: "ridge"
          RenderTableRow {TR} at (0,55) size 144x55
            RenderTableCell {TD} at (0,69) size 48x26 [border: (3px ridge #00FF00)] [r=1 c=0 rs=1 cs=1]
              RenderText {#text} at (4,4) size 41x19
                text run at (4,4) width 41: "ridge"
            RenderTableCell {TD} at (48,69) size 48x26 [border: (3px none #FF0000)] [r=1 c=1 rs=1 cs=1]
              RenderText {#text} at (4,4) size 40x19
                text run at (4,4) width 40: "none"
            RenderTableCell {TD} at (96,69) size 48x26 [border: (3px ridge #00FF00)] [r=1 c=2 rs=1 cs=1]
              RenderText {#text} at (4,4) size 41x19
                text run at (4,4) width 41: "ridge"
          RenderTableRow {TR} at (0,110) size 144x55
            RenderTableCell {TD} at (0,124) size 48x26 [border: (3px ridge #00FF00)] [r=2 c=0 rs=1 cs=1]
              RenderText {#text} at (4,4) size 41x19
                text run at (4,4) width 41: "ridge"
            RenderTableCell {TD} at (48,124) size 48x26 [border: (3px ridge #00FF00)] [r=2 c=1 rs=1 cs=1]
              RenderText {#text} at (4,4) size 41x19
                text run at (4,4) width 41: "ridge"
            RenderTableCell {TD} at (96,124) size 48x26 [border: (3px ridge #00FF00)] [r=2 c=2 rs=1 cs=1]
              RenderText {#text} at (4,4) size 41x19
                text run at (4,4) width 41: "ridge"
