layer at (0,0) size 980x735
  RenderView at (0,0) size 980x735
layer at (0,0) size 980x239
  RenderBlock {HTML} at (0,0) size 980x239
    RenderBody {BODY} at (8,16) size 964x215
      RenderBlock {P} at (0,0) size 964x19
        RenderText {#text} at (0,0) size 406x19
          text run at (0,0) width 406: "There should be no red borders on the table below"
      RenderTable {TABLE} at (0,35) size 193x180 [border: (2px none #808080)]
        RenderTableSection {TBODY} at (2,2) size 188x175
          RenderTableRow {TR} at (0,0) size 188x58
            RenderTableCell {TD} at (0,16) size 64x26 [border: (3px double #00FF00)] [r=0 c=0 rs=1 cs=1]
              RenderText {#text} at (4,4) size 54x19
                text run at (4,4) width 54: "double"
            RenderTableCell {TD} at (64,14) size 61x29 [border: (3px double #00FF00) (5px double #FF0000) (3px double #00FF00)] [r=0 c=1 rs=1 cs=1]
              RenderText {#text} at (4,4) size 54x19
                text run at (4,4) width 54: "double"
            RenderTableCell {TD} at (125,16) size 63x26 [border: (3px double #00FF00)] [r=0 c=2 rs=1 cs=1]
              RenderText {#text} at (4,4) size 54x19
                text run at (4,4) width 54: "double"
          RenderTableRow {TR} at (0,58) size 188x60
            RenderTableCell {TD} at (0,75) size 64x26 [border: (3px double #00FF00) (5px double #FF0000) (2px double #00FF00)] [r=1 c=0 rs=1 cs=1]
              RenderText {#text} at (4,4) size 54x19
                text run at (4,4) width 54: "double"
            RenderTableCell {TD} at (64,72) size 61x31 [border: (5px solid #00FF00)] [r=1 c=1 rs=1 cs=1]
              RenderText {#text} at (6,6) size 36x19
                text run at (6,6) width 36: "solid"
            RenderTableCell {TD} at (125,75) size 63x26 [border: (3px double #00FF00) (5px double #FF0000)] [r=1 c=2 rs=1 cs=1]
              RenderText {#text} at (6,4) size 54x19
                text run at (6,4) width 54: "double"
          RenderTableRow {TR} at (0,118) size 188x57
            RenderTableCell {TD} at (0,133) size 64x26 [border: (3px double #00FF00)] [r=2 c=0 rs=1 cs=1]
              RenderText {#text} at (4,4) size 54x19
                text run at (4,4) width 54: "double"
            RenderTableCell {TD} at (64,132) size 61x28 [border: (5px double #FF0000) (2px double #00FF00)] [r=2 c=1 rs=1 cs=1]
              RenderText {#text} at (4,6) size 54x19
                text run at (4,6) width 54: "double"
            RenderTableCell {TD} at (125,133) size 63x26 [border: (3px double #00FF00)] [r=2 c=2 rs=1 cs=1]
              RenderText {#text} at (4,4) size 54x19
                text run at (4,4) width 54: "double"
