layer at (0,0) size 980x735
  RenderView at (0,0) size 980x735
layer at (0,0) size 980x239
  RenderBlock {HTML} at (0,0) size 980x239
    RenderBody {BODY} at (8,16) size 964x215
      RenderBlock {P} at (0,0) size 964x19
        RenderText {#text} at (0,0) size 406x19
          text run at (0,0) width 406: "There should be no red borders on the table below"
      RenderTable {TABLE} at (0,35) size 170x180 [border: (2px none #808080)]
        RenderTableSection {TBODY} at (2,2) size 165x175
          RenderTableRow {TR} at (0,0) size 165x58
            RenderTableCell {TD} at (0,16) size 51x26 [border: (3px ridge #00FF00)] [r=0 c=0 rs=1 cs=1]
              RenderText {#text} at (4,4) size 41x19
                text run at (4,4) width 41: "ridge"
            RenderTableCell {TD} at (51,14) size 64x29 [border: (3px ridge #00FF00) (5px ridge #FF0000) (3px ridge #00FF00)] [r=0 c=1 rs=1 cs=1]
              RenderText {#text} at (4,4) size 41x19
                text run at (4,4) width 41: "ridge"
            RenderTableCell {TD} at (115,16) size 50x26 [border: (3px ridge #00FF00)] [r=0 c=2 rs=1 cs=1]
              RenderText {#text} at (4,4) size 41x19
                text run at (4,4) width 41: "ridge"
          RenderTableRow {TR} at (0,58) size 165x60
            RenderTableCell {TD} at (0,75) size 51x26 [border: (3px ridge #00FF00) (5px ridge #FF0000) (2px ridge #00FF00)] [r=1 c=0 rs=1 cs=1]
              RenderText {#text} at (4,4) size 41x19
                text run at (4,4) width 41: "ridge"
            RenderTableCell {TD} at (51,72) size 64x31 [border: (5px dotted #00FF00)] [r=1 c=1 rs=1 cs=1]
              RenderText {#text} at (6,6) size 52x19
                text run at (6,6) width 52: "dotted"
            RenderTableCell {TD} at (115,75) size 50x26 [border: (3px ridge #00FF00) (5px ridge #FF0000)] [r=1 c=2 rs=1 cs=1]
              RenderText {#text} at (6,4) size 41x19
                text run at (6,4) width 41: "ridge"
          RenderTableRow {TR} at (0,118) size 165x57
            RenderTableCell {TD} at (0,133) size 51x26 [border: (3px ridge #00FF00)] [r=2 c=0 rs=1 cs=1]
              RenderText {#text} at (4,4) size 41x19
                text run at (4,4) width 41: "ridge"
            RenderTableCell {TD} at (51,132) size 64x28 [border: (5px ridge #FF0000) (2px ridge #00FF00)] [r=2 c=1 rs=1 cs=1]
              RenderText {#text} at (4,6) size 41x19
                text run at (4,6) width 41: "ridge"
            RenderTableCell {TD} at (115,133) size 50x26 [border: (3px ridge #00FF00)] [r=2 c=2 rs=1 cs=1]
              RenderText {#text} at (4,4) size 41x19
                text run at (4,4) width 41: "ridge"
