layer at (0,0) size 980x735
  RenderView at (0,0) size 980x735
layer at (0,0) size 980x209
  RenderBlock {HTML} at (0,0) size 980x209
    RenderBody {BODY} at (8,16) size 964x185
      RenderBlock {P} at (0,0) size 964x19
        RenderText {#text} at (0,0) size 406x19
          text run at (0,0) width 406: "There should be no red borders on the table below"
      RenderTable {TABLE} at (0,35) size 168x150
        RenderTableSection {TBODY} at (0,0) size 168x150
          RenderTableRow {TR} at (0,0) size 168x50
            RenderTableCell {TD} at (0,14) size 56x21 [r=0 c=0 rs=1 cs=1]
              RenderText {#text} at (1,1) size 54x19
                text run at (1,1) width 54: "hidden"
            RenderTableCell {TD} at (56,14) size 56x21 [r=0 c=1 rs=1 cs=1]
              RenderText {#text} at (1,1) size 54x19
                text run at (1,1) width 54: "hidden"
            RenderTableCell {TD} at (112,14) size 56x21 [r=0 c=2 rs=1 cs=1]
              RenderText {#text} at (1,1) size 54x19
                text run at (1,1) width 54: "hidden"
          RenderTableRow {TR} at (0,50) size 168x50
            RenderTableCell {TD} at (0,64) size 56x21 [r=1 c=0 rs=1 cs=1]
              RenderText {#text} at (1,1) size 54x19
                text run at (1,1) width 54: "hidden"
            RenderTableCell {TD} at (56,64) size 56x21 [r=1 c=1 rs=1 cs=1]
              RenderText {#text} at (1,1) size 41x19
                text run at (1,1) width 41: "ridge"
            RenderTableCell {TD} at (112,64) size 56x21 [r=1 c=2 rs=1 cs=1]
              RenderText {#text} at (1,1) size 54x19
                text run at (1,1) width 54: "hidden"
          RenderTableRow {TR} at (0,100) size 168x50
            RenderTableCell {TD} at (0,114) size 56x21 [r=2 c=0 rs=1 cs=1]
              RenderText {#text} at (1,1) size 54x19
                text run at (1,1) width 54: "hidden"
            RenderTableCell {TD} at (56,114) size 56x21 [r=2 c=1 rs=1 cs=1]
              RenderText {#text} at (1,1) size 54x19
                text run at (1,1) width 54: "hidden"
            RenderTableCell {TD} at (112,114) size 56x21 [r=2 c=2 rs=1 cs=1]
              RenderText {#text} at (1,1) size 54x19
                text run at (1,1) width 54: "hidden"
