layer at (0,0) size 980x735
  RenderView at (0,0) size 980x735
layer at (0,0) size 980x209
  RenderBlock {HTML} at (0,0) size 980x209
    RenderBody {BODY} at (8,16) size 964x185
      RenderBlock {P} at (0,0) size 964x19
        RenderText {#text} at (0,0) size 406x19
          text run at (0,0) width 406: "There should be no red borders on the table below"
      RenderTable {TABLE} at (0,35) size 140x150
        RenderTableSection {TBODY} at (0,0) size 140x150
          RenderTableRow {TR} at (0,0) size 140x50
            RenderTableCell {TD} at (0,14) size 42x21 [r=0 c=0 rs=1 cs=1]
              RenderText {#text} at (1,1) size 40x19
                text run at (1,1) width 40: "none"
            RenderTableCell {TD} at (42,14) size 56x21 [r=0 c=1 rs=1 cs=1]
              RenderText {#text} at (1,1) size 40x19
                text run at (1,1) width 40: "none"
            RenderTableCell {TD} at (98,14) size 42x21 [r=0 c=2 rs=1 cs=1]
              RenderText {#text} at (1,1) size 40x19
                text run at (1,1) width 40: "none"
          RenderTableRow {TR} at (0,50) size 140x50
            RenderTableCell {TD} at (0,64) size 42x21 [r=1 c=0 rs=1 cs=1]
              RenderText {#text} at (1,1) size 40x19
                text run at (1,1) width 40: "none"
            RenderTableCell {TD} at (42,64) size 56x21 [r=1 c=1 rs=1 cs=1]
              RenderText {#text} at (1,1) size 54x19
                text run at (1,1) width 54: "hidden"
            RenderTableCell {TD} at (98,64) size 42x21 [r=1 c=2 rs=1 cs=1]
              RenderText {#text} at (1,1) size 40x19
                text run at (1,1) width 40: "none"
          RenderTableRow {TR} at (0,100) size 140x50
            RenderTableCell {TD} at (0,114) size 42x21 [r=2 c=0 rs=1 cs=1]
              RenderText {#text} at (1,1) size 40x19
                text run at (1,1) width 40: "none"
            RenderTableCell {TD} at (42,114) size 56x21 [r=2 c=1 rs=1 cs=1]
              RenderText {#text} at (1,1) size 40x19
                text run at (1,1) width 40: "none"
            RenderTableCell {TD} at (98,114) size 42x21 [r=2 c=2 rs=1 cs=1]
              RenderText {#text} at (1,1) size 40x19
                text run at (1,1) width 40: "none"
