layer at (0,0) size 980x735
  RenderView at (0,0) size 980x735
layer at (0,0) size 980x239
  RenderBlock {HTML} at (0,0) size 980x239
    RenderBody {BODY} at (8,16) size 964x215
      RenderBlock {P} at (0,0) size 964x19
        RenderText {#text} at (0,0) size 406x19
          text run at (0,0) width 406: "There should be no red borders on the table below"
      RenderTable {TABLE} at (0,35) size 194x180 [border: (2px none #808080)]
        RenderTableSection {TBODY} at (2,2) size 189x175
          RenderTableRow {TR} at (0,0) size 189x58
            RenderTableCell {TD} at (0,16) size 60x26 [border: (3px outset #00FF00)] [r=0 c=0 rs=1 cs=1]
              RenderText {#text} at (4,4) size 50x19
                text run at (4,4) width 50: "outset"
            RenderTableCell {TD} at (60,14) size 70x29 [border: (3px outset #00FF00) (5px outset #FF0000) (3px outset #00FF00)] [r=0 c=1 rs=1 cs=1]
              RenderText {#text} at (4,4) size 50x19
                text run at (4,4) width 50: "outset"
            RenderTableCell {TD} at (130,16) size 59x26 [border: (3px outset #00FF00)] [r=0 c=2 rs=1 cs=1]
              RenderText {#text} at (4,4) size 50x19
                text run at (4,4) width 50: "outset"
          RenderTableRow {TR} at (0,58) size 189x60
            RenderTableCell {TD} at (0,75) size 60x26 [border: (3px outset #00FF00) (5px outset #FF0000) (2px outset #00FF00)] [r=1 c=0 rs=1 cs=1]
              RenderText {#text} at (4,4) size 50x19
                text run at (4,4) width 50: "outset"
            RenderTableCell {TD} at (60,72) size 70x31 [border: (5px dashed #00FF00)] [r=1 c=1 rs=1 cs=1]
              RenderText {#text} at (6,6) size 58x19
                text run at (6,6) width 58: "dashed"
            RenderTableCell {TD} at (130,75) size 59x26 [border: (3px outset #00FF00) (5px outset #FF0000)] [r=1 c=2 rs=1 cs=1]
              RenderText {#text} at (6,4) size 50x19
                text run at (6,4) width 50: "outset"
          RenderTableRow {TR} at (0,118) size 189x57
            RenderTableCell {TD} at (0,133) size 60x26 [border: (3px outset #00FF00)] [r=2 c=0 rs=1 cs=1]
              RenderText {#text} at (4,4) size 50x19
                text run at (4,4) width 50: "outset"
            RenderTableCell {TD} at (60,132) size 70x28 [border: (5px outset #FF0000) (2px outset #00FF00)] [r=2 c=1 rs=1 cs=1]
              RenderText {#text} at (4,6) size 50x19
                text run at (4,6) width 50: "outset"
            RenderTableCell {TD} at (130,133) size 59x26 [border: (3px outset #00FF00)] [r=2 c=2 rs=1 cs=1]
              RenderText {#text} at (4,4) size 50x19
                text run at (4,4) width 50: "outset"
