layer at (0,0) size 800x642
  RenderView at (0,0) size 800x600
layer at (0,0) size 800x642
  RenderBlock {HTML} at (0,0) size 800x642
    RenderBody {BODY} at (8,8) size 784x626
      RenderBlock {P} at (0,0) size 784x14
        RenderText {#text} at (0,0) size 159x14
          text run at (0,0) width 159: "This should be pointing upwards:"
      RenderBlock {DIV} at (0,26) size 92x600
        RenderText {#text} at (1,0) size 90x60
          text run at (1,0) width 60: "\x{3008}"
