layer at (0,0) size 800x600
  RenderView at (0,0) size 800x600
layer at (0,0) size 138x600
  RenderBlock {HTML} at (0,0) size 138x600
    RenderBody {BODY} at (8,8) size 122x584
      RenderTable {TABLE} at (0,0) size 122x450 [border: (2px outset #808080)]
        RenderTableSection {TBODY} at (2,2) size 118x446
          RenderTableRow {TR} at (0,2) size 114x446
            RenderTableCell {TD} at (2,46) size 114x93 [border: (1px inset #808080)] [r=0 c=0 rs=1 cs=1]
              RenderText {#text} at (46,-42) size 54x144
                text run at (46,-42) width 144: "\x{7B2C}\x{4E00}\x{6BB5}\x{843D}"
            RenderTableCell {TD} at (2,152) size 114x292 [border: (1px inset #808080)] [r=0 c=1 rs=1 cs=1]
              RenderText {#text} at (3,2) size 107x288
                text run at (3,2) width 288: "\x{7B2C}\x{4E8C}\x{6BB5}\x{843D}"
