layer at (0,0) size 800x600
  RenderView at (0,0) size 800x600
layer at (0,0) size 800x326
  RenderBlock {HTML} at (0,0) size 800x326
    RenderBody {BODY} at (8,12) size 784x306
      RenderBlock {P} at (0,0) size 784x12
        RenderText {#text} at (0,0) size 387x11
          text run at (0,0) width 387: "The top left box, and all reflections should be rotated 45deg."
      RenderBlock {DIV} at (0,294) size 784x12
        RenderText {#text} at (0,0) size 622x11
          text run at (0,0) width 622: "PASS - \"webkitTransform.0\" property for \"animated\" element at 0.5s saw something close to: 0.76"
        RenderBR {BR} at (622,0) size 0x11
layer at (28,44) size 122x242
  RenderBlock {DIV} at (20,32) size 122x242 [border: (1px solid #000000)]
layer at (39,55) size 104x104
  RenderBlock {DIV} at (11,11) size 104x104 [border: (2px solid #0000FF)]
layer at (51,67) size 80x80
  RenderBlock {DIV} at (12,12) size 80x80 [bgcolor=#008000]
