CONSOLE MESSAGE: line 40: TypeError: 'undefined' is not a function (evaluating 'video.canPlayType('video/ogg')')
FAIL: Timed out waiting for notifyDone to be called
layer at (0,0) size 800x600
  RenderView at (0,0) size 800x600
layer at (0,0) size 800x36
  RenderBlock {HTML} at (0,0) size 800x36
    RenderBody {BODY} at (8,12) size 784x12
      RenderBlock {P} at (0,0) size 784x12
        RenderText {#text} at (0,0) size 499x11
          text run at (0,0) width 499: "You should see a reflected video below, rather than the red video background."
