layer at (0,0) size 800x600
  RenderView at (0,0) size 800x600
layer at (0,0) size 800x264
  RenderBlock {HTML} at (0,0) size 800x264
    RenderBody {BODY} at (8,12) size 784x132
      RenderBlock {P} at (0,0) size 784x12
        RenderText {#text} at (0,0) size 272x11
          text run at (0,0) width 272: "Reflection should be masked with gradient."
layer at (28,44) size 100x100
  RenderBlock {DIV} at (20,32) size 100x100 [bgcolor=#008000]
