layer at (0,0) size 800x600
  RenderView at (0,0) size 800x600
layer at (0,0) size 800x296
  RenderBlock {HTML} at (0,0) size 800x296
    RenderBody {BODY} at (8,12) size 784x264
      RenderBlock {P} at (0,0) size 784x12
        RenderText {#text} at (0,0) size 352x11
          text run at (0,0) width 352: "The four green squares should look equally transparent."
layer at (28,44) size 122x232
  RenderBlock {DIV} at (20,32) size 122x232 [border: (1px solid #000000)]
layer at (39,55) size 100x100
  RenderBlock {DIV} at (11,11) size 100x100 [bgcolor=#008000]
    RenderText {#text} at (28,2) size 44x62
      text run at (28,2) width 44: "1"
