layer at (0,0) size 800x600
  RenderView at (0,0) size 800x600
layer at (0,0) size 800x296
  RenderBlock {HTML} at (0,0) size 800x296
    RenderBody {BODY} at (8,12) size 784x264
      RenderBlock {P} at (0,0) size 784x12
        RenderText {#text} at (0,0) size 283x11
          text run at (0,0) width 283: "Left and right sides should look symmetrical."
layer at (68,44) size 122x232
  RenderBlock {DIV} at (60,32) size 122x232 [border: (1px solid #000000)]
layer at (79,55) size 100x100
  RenderBlock {DIV} at (11,11) size 100x100 [bgcolor=#008000]
    RenderText {#text} at (28,2) size 44x62
      text run at (28,2) width 44: "1"
