layer at (0,0) size 800x600
  RenderView at (0,0) size 800x600
layer at (0,0) size 800x296
  RenderBlock {HTML} at (0,0) size 800x296
    RenderBody {BODY} at (8,12) size 784x264
      RenderBlock {P} at (0,0) size 784x12
        RenderText {#text} at (0,0) size 459x11
          text run at (0,0) width 459: "You should see the original and three copies of the green box with text."
layer at (28,44) size 122x232
  RenderBlock {DIV} at (20,32) size 122x232 [border: (1px solid #000000)]
layer at (39,55) size 100x100
  RenderBlock {DIV} at (11,11) size 100x100 [bgcolor=#008000]
layer at (39,55) size 100x100 scrollHeight 500
  RenderBlock (relative positioned) {DIV} at (0,0) size 100x100
layer at (39,55) size 100x500 backgroundClip at (39,55) size 100x100 clip at (39,55) size 100x100 outlineClip at (39,55) size 100x100
  RenderBlock {DIV} at (0,0) size 100x500
    RenderText {#text} at (0,0) size 100x203
      text run at (0,0) width 81: "Lorem ipsum"
      text run at (0,12) width 91: "dolor sit amet,"
      text run at (0,24) width 72: "consectetur"
      text run at (0,36) width 92: "adipisicing elit,"
      text run at (0,48) width 99: "sed do eiusmod"
      text run at (0,60) width 44: "tempor"
      text run at (0,72) width 80: "incididunt ut"
      text run at (0,84) width 98: "labore et dolore"
      text run at (0,96) width 88: "magna aliqua."
      text run at (0,108) width 71: "Ut enim ad"
      text run at (0,120) width 92: "minim veniam,"
      text run at (0,132) width 78: "quis nostrud"
      text run at (0,144) width 71: "exercitation"
      text run at (0,156) width 92: "ullamco laboris"
      text run at (0,168) width 85: "nisi ut aliquip"
      text run at (0,180) width 100: "ex ea commodo"
      text run at (0,192) width 67: "consequat."
