layer at (0,0) size 800x600
  RenderView at (0,0) size 800x600
layer at (0,0) size 800x600
  RenderBlock {HTML} at (0,0) size 800x600
    RenderBody {BODY} at (8,8) size 784x580
      RenderBlock {P} at (0,0) size 784x14
        RenderText {#text} at (0,0) size 40x14
          text run at (0,0) width 40: "Test for "
        RenderInline {I} at (0,0) size 586x14
          RenderInline {A} at (0,0) size 226x14 [color=#0000EE]
            RenderText {#text} at (40,0) size 226x14
              text run at (40,0) width 226: "http://bugs.webkit.org/show_bug.cgi?id=11124"
          RenderText {#text} at (266,0) size 360x14
            text run at (266,0) width 3: " "
            text run at (269,0) width 357: "REGRESSION (r14297): No drag image for partially-selected complex text"
        RenderText {#text} at (626,0) size 3x14
          text run at (626,0) width 3: "."
      RenderBlock {P} at (0,26) size 784x14
        RenderText {#text} at (0,0) size 108x14
          text run at (0,0) width 108: "This should look like \x{201C}"
        RenderInline {SPAN} at (0,0) size 32x14 [color=#008000]
          RenderText {#text} at (108,0) size 32x14
            text run at (108,0) width 32: "Lore\x{300}m ipsum"
        RenderText {#text} at (140,0) size 11x14
          text run at (140,0) width 11: "\x{201D}: "
        RenderInline {SPAN} at (0,0) size 32x14
          RenderText {#text} at (151,0) size 32x14
            text run at (151,0) width 32: " Lore\x{300}m ipsum"
        RenderText {#text} at (0,0) size 0x0
selection start: position 1 of child 0 {#text} of child 3 {SPAN} of child 2 {P} of body
selection end:   position 13 of child 0 {#text} of child 3 {SPAN} of child 2 {P} of body
