layer at (0,0) size 800x600
  RenderView at (0,0) size 800x600
layer at (0,0) size 800x600
  RenderBlock {HTML} at (0,0) size 800x600
    RenderBody {BODY} at (8,8) size 784x584
      RenderBlock {P} at (0,0) size 784x14
        RenderText {#text} at (0,0) size 40x14
          text run at (0,0) width 40: "Test for "
        RenderInline {I} at (0,0) size 549x14
          RenderText {#text} at (40,0) size 549x14
            text run at (40,0) width 549: "http://bugzilla.opendarwin.org/show_bug.cgi?id=6137 Disable kerning and some ligatures in the ATSUI code path"
        RenderText {#text} at (589,0) size 3x14
          text run at (589,0) width 3: "."
      RenderBlock {P} at (0,26) size 784x14
        RenderText {#text} at (0,0) size 530x14
          text run at (0,0) width 530: "The word \x{201C}dolor\x{201D} below should be highlighted in its entirety. The highlight should not extend beyond that word."
      RenderBlock {DIV} at (0,52) size 784x42
        RenderBlock {HR} at (0,0) size 784x2 [border: (1px inset #000000)]
        RenderBlock (anonymous) at (0,14) size 784x28
          RenderInline {SPAN} at (0,0) size 503x26
            RenderText {#text} at (0,1) size 503x26
              text run at (0,1) width 503: "AVAVAVAVAVfififififififi Lorem ipsum dolor sit ame\x{300}t"
          RenderText {#text} at (0,0) size 0x0
selection start: position 37 of child 0 {#text} of child 3 {SPAN} of child 5 {DIV} of body
selection end:   position 42 of child 0 {#text} of child 3 {SPAN} of child 5 {DIV} of body
