layer at (0,0) size 800x600
  RenderView at (0,0) size 800x600
layer at (0,0) size 800x44
  RenderBlock {HTML} at (0,0) size 800x44
    RenderBody {BODY} at (8,8) size 784x28
      RenderBlock {DIV} at (0,0) size 784x14
        RenderText {#text} at (0,0) size 134x14
          text run at (0,0) width 134: "This should be a yen-sign: \x{A5}"
      RenderBlock {DIV} at (0,14) size 784x14
        RenderText {#text} at (0,0) size 136x14
          text run at (0,0) width 136: "This should be a backslash: \\"
