layer at (0,0) size 800x957
  RenderView at (0,0) size 800x600
layer at (0,0) size 800x957
  RenderBlock {HTML} at (0,0) size 800x957
    RenderBody {BODY} at (8,8) size 784x941
      RenderBlock (anonymous) at (0,0) size 784x56
        RenderText {#text} at (0,0) size 261x14
          text run at (0,0) width 261: "This test was provided by open-source contributors on "
        RenderInline {A} at (0,0) size 39x14 [color=#0000EE]
          RenderText {#text} at (261,0) size 39x14
            text run at (261,0) width 39: "Bugzilla"
        RenderText {#text} at (300,0) size 779x42
          text run at (300,0) width 463: ". Currently, the \"Browser rendering\" results are not expected to match the \"Correct output sample\""
          text run at (0,14) width 335: "results. In fact, I do not entirely agree with all of the given test cases in "
          text run at (335,14) width 444: "terms of their expected results, nor do I think that the browser should yet be expected to match"
          text run at (0,28) width 239: "all of the cases in the different languages, but I am "
          text run at (239,28) width 214: "(at least temporarily) adding the test anyway. "
        RenderBR {BR} at (453,39) size 0x0
        RenderBR {BR} at (0,42) size 0x14
      RenderTable {TABLE} at (0,56) size 784x295
        RenderBlock {CAPTION} at (0,0) size 784x14
          RenderText {#text} at (362,0) size 60x14
            text run at (362,0) width 60: "Input source"
        RenderTableSection {TBODY} at (0,14) size 784x281
          RenderTableRow {TR} at (0,2) size 784x46
            RenderTableCell {TH} at (2,16) size 40x18 [bgcolor=#F8F8F8] [border: (1px solid #EEEEEE)] [r=0 c=0 rs=1 cs=1]
              RenderText {#text} at (2,2) size 36x14
                text run at (2,2) width 36: "generic"
            RenderTableCell {TD} at (44,2) size 738x46 [border: (1px solid #EEEEEE)] [r=0 c=1 rs=1 cs=1]
              RenderText {#text} at (2,2) size 720x42
                text run at (2,2) width 714: "lip\x{AD}smackin\x{AD}thirst\x{AD}quenchin\x{AD}acetastin\x{AD}motivatin\x{AD}good\x{AD}buzzin\x{AD}cool\x{AD}talkin\x{AD}high\x{AD}walkin\x{AD}fast\x{AD}livin\x{AD}ever\x{AD}givin\x{AD}cool\x{AD}fizzin\x{AD}lip\x{AD}smackin\x{AD}thirst\x{AD}quenchin\x{AD}acetastin\x{AD}motivatin\x{AD}good\x{AD}" + hyphen string "\x{2010}"
                text run at (2,16) width 720: "buzzin\x{AD}cool\x{AD}talkin\x{AD}high\x{AD}walkin\x{AD}fast\x{AD}livin\x{AD}ever\x{AD}givin\x{AD}cool\x{AD}fizzin\x{AD}lip\x{AD}smackin\x{AD}thirst\x{AD}quenchin\x{AD}acetastin\x{AD}motivatin\x{AD}good\x{AD}buzzin\x{AD}cool\x{AD}talkin\x{AD}high\x{AD}walkin\x{AD}fast\x{AD}livin\x{AD}ever\x{AD}givin\x{AD}cool\x{AD}" + hyphen string "\x{2010}"
                text run at (2,30) width 26: "fizzin"
          RenderTableRow {TR} at (0,50) size 784x18
            RenderTableCell {TH} at (2,50) size 40x18 [bgcolor=#F8F8F8] [border: (1px solid #EEEEEE)] [r=1 c=0 rs=1 cs=1]
              RenderText {#text} at (14,2) size 12x14
                text run at (14,2) width 12: "cy"
            RenderTableCell {TD} at (44,50) size 738x18 [border: (1px solid #EEEEEE)] [r=1 c=1 rs=1 cs=1]
              RenderText {#text} at (2,2) size 18x14
                text run at (2,2) width 18: "\x{175}yl"
          RenderTableRow {TR} at (0,70) size 784x18
            RenderTableCell {TH} at (2,70) size 40x18 [bgcolor=#F8F8F8] [border: (1px solid #EEEEEE)] [r=2 c=0 rs=1 cs=1]
              RenderText {#text} at (16,2) size 8x14
                text run at (16,2) width 8: "el"
            RenderTableCell {TD} at (44,70) size 738x18 [border: (1px solid #EEEEEE)] [r=2 c=1 rs=1 cs=1]
              RenderText {#text} at (2,2) size 149x14
                text run at (2,2) width 149: "\x{3B3}\x{3B5}\x{3C9}\x{3B3}\x{3C1}\x{3B1}\x{3C6}\x{3B9}\x{3BA}\x{3AC}\x{2010}\x{3C3}\x{3C5}\x{3C3}\x{3C7}\x{3B5}\x{3C4}\x{3B9}\x{3C3}\x{3BC}\x{3AD}\x{3BD}\x{3B5}\x{3C2} \x{3AE}\x{3C4}\x{3B1}"
          RenderTableRow {TR} at (0,90) size 784x46
            RenderTableCell {TH} at (2,104) size 40x18 [bgcolor=#F8F8F8] [border: (1px solid #EEEEEE)] [r=3 c=0 rs=1 cs=1]
              RenderText {#text} at (14,2) size 12x14
                text run at (14,2) width 12: "en"
            RenderTableCell {TD} at (44,90) size 738x46 [border: (1px solid #EEEEEE)] [r=3 c=1 rs=1 cs=1]
              RenderText {#text} at (2,2) size 268x14
                text run at (2,2) width 268: "'cept nut'in safari\x{2019}s \x{2018}sure\x{2019} nai\x{308}ve r\x{E9}sum\x{E9}\x{2014}h\x{E1}c\x{30C}ek full\x{2010}time one-to-one"
              RenderBR {BR} at (270,13) size 0x0
              RenderText {#text} at (2,16) size 235x14
                text run at (2,16) width 235: "\"newcastle\x{2011}upon\x{2011}tyne\" washington\x{2011}on\x{2011}the\x{2011}brazos"
              RenderBR {BR} at (237,27) size 0x0
              RenderInline {SPAN} at (0,0) size 23x14
                RenderText {#text} at (2,30) size 23x14
                  text run at (2,30) width 23: "earth"
              RenderText {#text} at (25,30) size 54x14
                text run at (25,30) width 54: "quake earth"
              RenderInline {SPAN} at (0,0) size 28x14
                RenderText {#text} at (79,30) size 28x14
                  text run at (79,30) width 28: "worm"
              RenderText {#text} at (107,30) size 3x14
                text run at (107,30) width 3: " "
              RenderInline {SPAN} at (0,0) size 31x14
                RenderText {#text} at (110,30) size 31x14
                  text run at (110,30) width 31: "cheese"
              RenderInline {SPAN} at (0,0) size 31x14
                RenderText {#text} at (141,30) size 31x14
                  text run at (141,30) width 31: "burger"
              RenderText {#text} at (172,30) size 89x14
                text run at (172,30) width 89: " [house] ~six -big-"
          RenderTableRow {TR} at (0,138) size 784x18
            RenderTableCell {TH} at (2,138) size 40x18 [bgcolor=#F8F8F8] [border: (1px solid #EEEEEE)] [r=4 c=0 rs=1 cs=1]
              RenderText {#text} at (15,2) size 10x14
                text run at (15,2) width 10: "es"
            RenderTableCell {TD} at (44,138) size 738x18 [border: (1px solid #EEEEEE)] [r=4 c=1 rs=1 cs=1]
              RenderText {#text} at (2,2) size 47x14
                text run at (2,2) width 47: "\x{A1}jalape\x{F1}o!"
          RenderTableRow {TR} at (0,158) size 784x21
            RenderTableCell {TH} at (2,159) size 40x18 [bgcolor=#F8F8F8] [border: (1px solid #EEEEEE)] [r=5 c=0 rs=1 cs=1]
              RenderText {#text} at (15,2) size 10x14
                text run at (15,2) width 10: "fr"
            RenderTableCell {TD} at (44,158) size 738x21 [border: (1px solid #EEEEEE)] [r=5 c=1 rs=1 cs=1]
              RenderText {#text} at (2,5) size 154x14
                text run at (2,5) width 154: "quelqu'un l\x{2019}amour t'appelles\x{2011}tu 3"
              RenderInline {SUP} at (0,0) size 16x11
                RenderText {#text} at (156,2) size 16x11
                  text run at (156,2) width 16: "eme"
          RenderTableRow {TR} at (0,181) size 784x18
            RenderTableCell {TH} at (2,181) size 40x18 [bgcolor=#F8F8F8] [border: (1px solid #EEEEEE)] [r=6 c=0 rs=1 cs=1]
              RenderText {#text} at (13,2) size 14x14
                text run at (13,2) width 14: "hu"
            RenderTableCell {TD} at (44,181) size 738x18 [border: (1px solid #EEEEEE)] [r=6 c=1 rs=1 cs=1]
              RenderText {#text} at (2,2) size 81x14
                text run at (2,2) width 81: "11-ei london\x{2011}ban"
          RenderTableRow {TR} at (0,201) size 784x18
            RenderTableCell {TH} at (2,201) size 40x18 [bgcolor=#F8F8F8] [border: (1px solid #EEEEEE)] [r=7 c=0 rs=1 cs=1]
              RenderText {#text} at (15,2) size 10x14
                text run at (15,2) width 10: "nl"
            RenderTableCell {TD} at (44,201) size 738x18 [border: (1px solid #EEEEEE)] [r=7 c=1 rs=1 cs=1]
              RenderText {#text} at (2,2) size 52x14
                text run at (2,2) width 52: "'s ochtends"
          RenderTableRow {TR} at (0,221) size 784x18
            RenderTableCell {TH} at (2,221) size 40x18 [bgcolor=#F8F8F8] [border: (1px solid #EEEEEE)] [r=8 c=0 rs=1 cs=1]
              RenderText {#text} at (15,2) size 10x14
                text run at (15,2) width 10: "pl"
            RenderTableCell {TD} at (44,221) size 738x18 [border: (1px solid #EEEEEE)] [r=8 c=1 rs=1 cs=1]
              RenderText {#text} at (2,2) size 67x14
                text run at (2,2) width 67: "wzi\x{119}\x{142}a bie\x{17C}\x{105}ce"
          RenderTableRow {TR} at (0,241) size 784x18
            RenderTableCell {TH} at (2,241) size 40x18 [bgcolor=#F8F8F8] [border: (1px solid #EEEEEE)] [r=9 c=0 rs=1 cs=1]
              RenderText {#text} at (14,2) size 12x14
                text run at (14,2) width 12: "ru"
            RenderTableCell {TD} at (44,241) size 738x18 [border: (1px solid #EEEEEE)] [r=9 c=1 rs=1 cs=1]
              RenderText {#text} at (2,2) size 144x14
                text run at (2,2) width 144: "\x{43D}\x{44C}\x{44E}-\x{439}\x{43E}\x{440}\x{43A} 1990-\x{445} 14-vii-1789"
          RenderTableRow {TR} at (0,261) size 784x18
            RenderTableCell {TH} at (2,261) size 40x18 [bgcolor=#F8F8F8] [border: (1px solid #EEEEEE)] [r=10 c=0 rs=1 cs=1]
              RenderText {#text} at (13,2) size 14x14
                text run at (13,2) width 14: "tlh"
            RenderTableCell {TD} at (44,261) size 738x18 [border: (1px solid #EEEEEE)] [r=10 c=1 rs=1 cs=1]
              RenderText {#text} at (2,2) size 139x14
                text run at (2,2) width 139: "tlhIngan Hol wa''uy' loghqam"
      RenderTable {TABLE} at (0,351) size 784x295
        RenderBlock {CAPTION} at (0,0) size 784x14
          RenderText {#text} at (340,0) size 104x14
            text run at (340,0) width 104: "Correct output sample"
        RenderTableSection {TBODY} at (0,14) size 784x281
          RenderTableRow {TR} at (0,2) size 784x46
            RenderTableCell {TH} at (2,16) size 40x18 [bgcolor=#F8F8F8] [border: (1px solid #EEEEEE)] [r=0 c=0 rs=1 cs=1]
              RenderText {#text} at (2,2) size 36x14
                text run at (2,2) width 36: "generic"
            RenderTableCell {TD} at (44,2) size 738x46 [border: (1px solid #EEEEEE)] [r=0 c=1 rs=1 cs=1]
              RenderText {#text} at (2,2) size 720x42
                text run at (2,2) width 718: "Lip\x{AD}smackin\x{AD}thirst\x{AD}quenchin\x{AD}acetastin\x{AD}motivatin\x{AD}good\x{AD}buzzin\x{AD}cool\x{AD}talkin\x{AD}high\x{AD}walkin\x{AD}fast\x{AD}livin\x{AD}ever\x{AD}givin\x{AD}cool\x{AD}fizzin\x{AD}lip\x{AD}smackin\x{AD}thirst\x{AD}quenchin\x{AD}acetastin\x{AD}motivatin\x{AD}good\x{AD}" + hyphen string "\x{2010}"
                text run at (2,16) width 720: "buzzin\x{AD}cool\x{AD}talkin\x{AD}high\x{AD}walkin\x{AD}fast\x{AD}livin\x{AD}ever\x{AD}givin\x{AD}cool\x{AD}fizzin\x{AD}lip\x{AD}smackin\x{AD}thirst\x{AD}quenchin\x{AD}acetastin\x{AD}motivatin\x{AD}good\x{AD}buzzin\x{AD}cool\x{AD}talkin\x{AD}high\x{AD}walkin\x{AD}fast\x{AD}livin\x{AD}ever\x{AD}givin\x{AD}cool\x{AD}" + hyphen string "\x{2010}"
                text run at (2,30) width 26: "fizzin"
          RenderTableRow {TR} at (0,50) size 784x18
            RenderTableCell {TH} at (2,50) size 40x18 [bgcolor=#F8F8F8] [border: (1px solid #EEEEEE)] [r=1 c=0 rs=1 cs=1]
              RenderText {#text} at (14,2) size 12x14
                text run at (14,2) width 12: "cy"
            RenderTableCell {TD} at (44,50) size 738x18 [border: (1px solid #EEEEEE)] [r=1 c=1 rs=1 cs=1]
              RenderText {#text} at (2,2) size 20x14
                text run at (2,2) width 20: "\x{174}yl"
          RenderTableRow {TR} at (0,70) size 784x18
            RenderTableCell {TH} at (2,70) size 40x18 [bgcolor=#F8F8F8] [border: (1px solid #EEEEEE)] [r=2 c=0 rs=1 cs=1]
              RenderText {#text} at (16,2) size 8x14
                text run at (16,2) width 8: "el"
            RenderTableCell {TD} at (44,70) size 738x18 [border: (1px solid #EEEEEE)] [r=2 c=1 rs=1 cs=1]
              RenderText {#text} at (2,2) size 156x14
                text run at (2,2) width 156: "\x{393}\x{3B5}\x{3C9}\x{3B3}\x{3C1}\x{3B1}\x{3C6}\x{3B9}\x{3BA}\x{3AC}\x{2010}\x{3A3}\x{3C5}\x{3C3}\x{3C7}\x{3B5}\x{3C4}\x{3B9}\x{3C3}\x{3BC}\x{3AD}\x{3BD}\x{3B5}\x{3C2} \x{389}\x{3C4}\x{3B1}"
          RenderTableRow {TR} at (0,90) size 784x46
            RenderTableCell {TH} at (2,104) size 40x18 [bgcolor=#F8F8F8] [border: (1px solid #EEEEEE)] [r=3 c=0 rs=1 cs=1]
              RenderText {#text} at (14,2) size 12x14
                text run at (14,2) width 12: "en"
            RenderTableCell {TD} at (44,90) size 738x46 [border: (1px solid #EEEEEE)] [r=3 c=1 rs=1 cs=1]
              RenderText {#text} at (2,2) size 349x14
                text run at (2,2) width 349: "'Cept Nut'in Safari\x{2019}s \x{2018}Sure\x{2019} Na\x{EF}ve R\x{E9}sum\x{E9}\x{2014}H\x{E1}\x{10D}ek Full\x{2010}time One-to-One"
              RenderBR {BR} at (351,13) size 0x0
              RenderText {#text} at (2,16) size 246x14
                text run at (2,16) width 246: "\"Newcastle-upon-Tyne\" Washington\x{2011}on\x{2011}the\x{2011}Brazos"
              RenderBR {BR} at (248,27) size 0x0
              RenderText {#text} at (2,30) size 273x14
                text run at (2,30) width 273: "Earthquake Earthworm Cheeseburger [House] ~Six -Big-"
          RenderTableRow {TR} at (0,138) size 784x18
            RenderTableCell {TH} at (2,138) size 40x18 [bgcolor=#F8F8F8] [border: (1px solid #EEEEEE)] [r=4 c=0 rs=1 cs=1]
              RenderText {#text} at (15,2) size 10x14
                text run at (15,2) width 10: "es"
            RenderTableCell {TD} at (44,138) size 738x18 [border: (1px solid #EEEEEE)] [r=4 c=1 rs=1 cs=1]
              RenderText {#text} at (2,2) size 49x14
                text run at (2,2) width 49: "\x{A1}Jalape\x{F1}o!"
          RenderTableRow {TR} at (0,158) size 784x21
            RenderTableCell {TH} at (2,159) size 40x18 [bgcolor=#F8F8F8] [border: (1px solid #EEEEEE)] [r=5 c=0 rs=1 cs=1]
              RenderText {#text} at (15,2) size 10x14
                text run at (15,2) width 10: "fr"
            RenderTableCell {TD} at (44,158) size 738x21 [border: (1px solid #EEEEEE)] [r=5 c=1 rs=1 cs=1]
              RenderText {#text} at (2,5) size 169x14
                text run at (2,5) width 169: "Quelqu'un l\x{2019}Amour t'Appelles\x{2011}Tu 3"
              RenderInline {SUP} at (0,0) size 16x11
                RenderText {#text} at (171,2) size 16x11
                  text run at (171,2) width 16: "eme"
          RenderTableRow {TR} at (0,181) size 784x18
            RenderTableCell {TH} at (2,181) size 40x18 [bgcolor=#F8F8F8] [border: (1px solid #EEEEEE)] [r=6 c=0 rs=1 cs=1]
              RenderText {#text} at (13,2) size 14x14
                text run at (13,2) width 14: "hu"
            RenderTableCell {TD} at (44,181) size 738x18 [border: (1px solid #EEEEEE)] [r=6 c=1 rs=1 cs=1]
              RenderText {#text} at (2,2) size 85x14
                text run at (2,2) width 85: "11-ei London\x{2011}ban"
          RenderTableRow {TR} at (0,201) size 784x18
            RenderTableCell {TH} at (2,201) size 40x18 [bgcolor=#F8F8F8] [border: (1px solid #EEEEEE)] [r=7 c=0 rs=1 cs=1]
              RenderText {#text} at (15,2) size 10x14
                text run at (15,2) width 10: "nl"
            RenderTableCell {TD} at (44,201) size 738x18 [border: (1px solid #EEEEEE)] [r=7 c=1 rs=1 cs=1]
              RenderText {#text} at (2,2) size 55x14
                text run at (2,2) width 55: "'s Ochtends"
          RenderTableRow {TR} at (0,221) size 784x18
            RenderTableCell {TH} at (2,221) size 40x18 [bgcolor=#F8F8F8] [border: (1px solid #EEEEEE)] [r=8 c=0 rs=1 cs=1]
              RenderText {#text} at (15,2) size 10x14
                text run at (15,2) width 10: "pl"
            RenderTableCell {TD} at (44,221) size 738x18 [border: (1px solid #EEEEEE)] [r=8 c=1 rs=1 cs=1]
              RenderText {#text} at (2,2) size 71x14
                text run at (2,2) width 71: "Wzi\x{119}\x{142}a Bie\x{17C}\x{105}ce"
          RenderTableRow {TR} at (0,241) size 784x18
            RenderTableCell {TH} at (2,241) size 40x18 [bgcolor=#F8F8F8] [border: (1px solid #EEEEEE)] [r=9 c=0 rs=1 cs=1]
              RenderText {#text} at (14,2) size 12x14
                text run at (14,2) width 12: "ru"
            RenderTableCell {TD} at (44,241) size 738x18 [border: (1px solid #EEEEEE)] [r=9 c=1 rs=1 cs=1]
              RenderText {#text} at (2,2) size 150x14
                text run at (2,2) width 150: "\x{41D}\x{44C}\x{44E}-\x{419}\x{43E}\x{440}\x{43A} 1990-\x{445} 14-vii-1789"
          RenderTableRow {TR} at (0,261) size 784x18
            RenderTableCell {TH} at (2,261) size 40x18 [bgcolor=#F8F8F8] [border: (1px solid #EEEEEE)] [r=10 c=0 rs=1 cs=1]
              RenderText {#text} at (13,2) size 14x14
                text run at (13,2) width 14: "tlh"
            RenderTableCell {TD} at (44,261) size 738x18 [border: (1px solid #EEEEEE)] [r=10 c=1 rs=1 cs=1]
              RenderText {#text} at (2,2) size 139x14
                text run at (2,2) width 139: "tlhIngan Hol wa''uy' loghqam"
      RenderTable {TABLE} at (0,646) size 784x295
        RenderBlock {CAPTION} at (0,0) size 784x14
          RenderText {#text} at (347,0) size 90x14
            text run at (347,0) width 90: "Browser rendering"
        RenderTableSection {TBODY} at (0,14) size 784x281
          RenderTableRow {TR} at (0,2) size 784x46
            RenderTableCell {TH} at (2,16) size 40x18 [bgcolor=#F8F8F8] [border: (1px solid #EEEEEE)] [r=0 c=0 rs=1 cs=1]
              RenderText {#text} at (2,2) size 36x14
                text run at (2,2) width 36: "generic"
            RenderTableCell {TD} at (44,2) size 738x46 [border: (1px solid #EEEEEE)] [r=0 c=1 rs=1 cs=1]
              RenderText {#text} at (2,2) size 720x42
                text run at (2,2) width 718: "Lip\x{AD}smackin\x{AD}thirst\x{AD}quenchin\x{AD}acetastin\x{AD}motivatin\x{AD}good\x{AD}buzzin\x{AD}cool\x{AD}talkin\x{AD}high\x{AD}walkin\x{AD}fast\x{AD}livin\x{AD}ever\x{AD}givin\x{AD}cool\x{AD}fizzin\x{AD}lip\x{AD}smackin\x{AD}thirst\x{AD}quenchin\x{AD}acetastin\x{AD}motivatin\x{AD}good\x{AD}" + hyphen string "\x{2010}"
                text run at (2,16) width 720: "buzzin\x{AD}cool\x{AD}talkin\x{AD}high\x{AD}walkin\x{AD}fast\x{AD}livin\x{AD}ever\x{AD}givin\x{AD}cool\x{AD}fizzin\x{AD}lip\x{AD}smackin\x{AD}thirst\x{AD}quenchin\x{AD}acetastin\x{AD}motivatin\x{AD}good\x{AD}buzzin\x{AD}cool\x{AD}talkin\x{AD}high\x{AD}walkin\x{AD}fast\x{AD}livin\x{AD}ever\x{AD}givin\x{AD}cool\x{AD}" + hyphen string "\x{2010}"
                text run at (2,30) width 26: "fizzin"
          RenderTableRow {TR} at (0,50) size 784x18
            RenderTableCell {TH} at (2,50) size 40x18 [bgcolor=#F8F8F8] [border: (1px solid #EEEEEE)] [r=1 c=0 rs=1 cs=1]
              RenderText {#text} at (14,2) size 12x14
                text run at (14,2) width 12: "cy"
            RenderTableCell {TD} at (44,50) size 738x18 [border: (1px solid #EEEEEE)] [r=1 c=1 rs=1 cs=1]
              RenderText {#text} at (2,2) size 20x14
                text run at (2,2) width 20: "\x{174}yl"
          RenderTableRow {TR} at (0,70) size 784x18
            RenderTableCell {TH} at (2,70) size 40x18 [bgcolor=#F8F8F8] [border: (1px solid #EEEEEE)] [r=2 c=0 rs=1 cs=1]
              RenderText {#text} at (16,2) size 8x14
                text run at (16,2) width 8: "el"
            RenderTableCell {TD} at (44,70) size 738x18 [border: (1px solid #EEEEEE)] [r=2 c=1 rs=1 cs=1]
              RenderText {#text} at (2,2) size 156x14
                text run at (2,2) width 156: "\x{393}\x{3B5}\x{3C9}\x{3B3}\x{3C1}\x{3B1}\x{3C6}\x{3B9}\x{3BA}\x{3AC}\x{2010}\x{3A3}\x{3C5}\x{3C3}\x{3C7}\x{3B5}\x{3C4}\x{3B9}\x{3C3}\x{3BC}\x{3AD}\x{3BD}\x{3B5}\x{3C2} \x{389}\x{3C4}\x{3B1}"
          RenderTableRow {TR} at (0,90) size 784x46
            RenderTableCell {TH} at (2,104) size 40x18 [bgcolor=#F8F8F8] [border: (1px solid #EEEEEE)] [r=3 c=0 rs=1 cs=1]
              RenderText {#text} at (14,2) size 12x14
                text run at (14,2) width 12: "en"
            RenderTableCell {TD} at (44,90) size 738x46 [border: (1px solid #EEEEEE)] [r=3 c=1 rs=1 cs=1]
              RenderText {#text} at (2,2) size 299x14
                text run at (2,2) width 299: "'Cept Nut'in Safari\x{2019}s \x{2018}Sure\x{2019} Nai\x{308}ve R\x{E9}sum\x{E9}\x{2014}H\x{E1}c\x{30C}ek Full\x{2010}Time One-To-One"
              RenderBR {BR} at (301,13) size 0x0
              RenderText {#text} at (2,16) size 256x14
                text run at (2,16) width 256: "\"Newcastle\x{2011}Upon\x{2011}Tyne\" Washington\x{2011}On\x{2011}The\x{2011}Brazos"
              RenderBR {BR} at (258,27) size 0x0
              RenderInline {SPAN} at (0,0) size 25x14
                RenderText {#text} at (2,30) size 25x14
                  text run at (2,30) width 25: "Earth"
              RenderText {#text} at (27,30) size 56x14
                text run at (27,30) width 56: "quake Earth"
              RenderInline {SPAN} at (0,0) size 28x14
                RenderText {#text} at (83,30) size 28x14
                  text run at (83,30) width 28: "worm"
              RenderText {#text} at (111,30) size 3x14
                text run at (111,30) width 3: " "
              RenderInline {SPAN} at (0,0) size 34x14
                RenderText {#text} at (114,30) size 34x14
                  text run at (114,30) width 34: "Cheese"
              RenderInline {SPAN} at (0,0) size 31x14
                RenderText {#text} at (148,30) size 31x14
                  text run at (148,30) width 31: "burger"
              RenderText {#text} at (179,30) size 96x14
                text run at (179,30) width 96: " [House] ~Six -Big-"
          RenderTableRow {TR} at (0,138) size 784x18
            RenderTableCell {TH} at (2,138) size 40x18 [bgcolor=#F8F8F8] [border: (1px solid #EEEEEE)] [r=4 c=0 rs=1 cs=1]
              RenderText {#text} at (15,2) size 10x14
                text run at (15,2) width 10: "es"
            RenderTableCell {TD} at (44,138) size 738x18 [border: (1px solid #EEEEEE)] [r=4 c=1 rs=1 cs=1]
              RenderText {#text} at (2,2) size 49x14
                text run at (2,2) width 49: "\x{A1}Jalape\x{F1}o!"
          RenderTableRow {TR} at (0,158) size 784x21
            RenderTableCell {TH} at (2,159) size 40x18 [bgcolor=#F8F8F8] [border: (1px solid #EEEEEE)] [r=5 c=0 rs=1 cs=1]
              RenderText {#text} at (15,2) size 10x14
                text run at (15,2) width 10: "fr"
            RenderTableCell {TD} at (44,158) size 738x21 [border: (1px solid #EEEEEE)] [r=5 c=1 rs=1 cs=1]
              RenderText {#text} at (2,5) size 169x14
                text run at (2,5) width 169: "Quelqu'un L\x{2019}amour T'appelles\x{2011}Tu 3"
              RenderInline {SUP} at (0,0) size 16x11
                RenderText {#text} at (171,2) size 16x11
                  text run at (171,2) width 16: "eme"
          RenderTableRow {TR} at (0,181) size 784x18
            RenderTableCell {TH} at (2,181) size 40x18 [bgcolor=#F8F8F8] [border: (1px solid #EEEEEE)] [r=6 c=0 rs=1 cs=1]
              RenderText {#text} at (13,2) size 14x14
                text run at (13,2) width 14: "hu"
            RenderTableCell {TD} at (44,181) size 738x18 [border: (1px solid #EEEEEE)] [r=6 c=1 rs=1 cs=1]
              RenderText {#text} at (2,2) size 89x14
                text run at (2,2) width 89: "11-Ei London\x{2011}Ban"
          RenderTableRow {TR} at (0,201) size 784x18
            RenderTableCell {TH} at (2,201) size 40x18 [bgcolor=#F8F8F8] [border: (1px solid #EEEEEE)] [r=7 c=0 rs=1 cs=1]
              RenderText {#text} at (15,2) size 10x14
                text run at (15,2) width 10: "nl"
            RenderTableCell {TD} at (44,201) size 738x18 [border: (1px solid #EEEEEE)] [r=7 c=1 rs=1 cs=1]
              RenderText {#text} at (2,2) size 57x14
                text run at (2,2) width 57: "'S Ochtends"
          RenderTableRow {TR} at (0,221) size 784x18
            RenderTableCell {TH} at (2,221) size 40x18 [bgcolor=#F8F8F8] [border: (1px solid #EEEEEE)] [r=8 c=0 rs=1 cs=1]
              RenderText {#text} at (15,2) size 10x14
                text run at (15,2) width 10: "pl"
            RenderTableCell {TD} at (44,221) size 738x18 [border: (1px solid #EEEEEE)] [r=8 c=1 rs=1 cs=1]
              RenderText {#text} at (2,2) size 71x14
                text run at (2,2) width 71: "Wzi\x{119}\x{142}a Bie\x{17C}\x{105}ce"
          RenderTableRow {TR} at (0,241) size 784x18
            RenderTableCell {TH} at (2,241) size 40x18 [bgcolor=#F8F8F8] [border: (1px solid #EEEEEE)] [r=9 c=0 rs=1 cs=1]
              RenderText {#text} at (14,2) size 12x14
                text run at (14,2) width 12: "ru"
            RenderTableCell {TD} at (44,241) size 738x18 [border: (1px solid #EEEEEE)] [r=9 c=1 rs=1 cs=1]
              RenderText {#text} at (2,2) size 156x14
                text run at (2,2) width 156: "\x{41D}\x{44C}\x{44E}-\x{419}\x{43E}\x{440}\x{43A} 1990-\x{425} 14-Vii-1789"
          RenderTableRow {TR} at (0,261) size 784x18
            RenderTableCell {TH} at (2,261) size 40x18 [bgcolor=#F8F8F8] [border: (1px solid #EEEEEE)] [r=10 c=0 rs=1 cs=1]
              RenderText {#text} at (13,2) size 14x14
                text run at (13,2) width 14: "tlh"
            RenderTableCell {TD} at (44,261) size 738x18 [border: (1px solid #EEEEEE)] [r=10 c=1 rs=1 cs=1]
              RenderText {#text} at (2,2) size 152x14
                text run at (2,2) width 152: "TlhIngan Hol Wa''Uy' Loghqam"
