layer at (0,0) size 800x600
  RenderView at (0,0) size 800x600
layer at (0,0) size 800x600
  RenderBlock {HTML} at (0,0) size 800x600
    RenderBody {BODY} at (8,8) size 784x584
layer at (8,8) size 48x180
  RenderBlock (floating) {DIV} at (0,0) size 48x180
    RenderText {#text} at (0,0) size 48x12
      text run at (0,0) width 48: "    "
    RenderBR {BR} at (48,10) size 0x0
    RenderText {#text} at (0,12) size 48x12
      text run at (0,12) width 48: "    "
    RenderBR {BR} at (48,22) size 0x0
    RenderText {#text} at (0,24) size 48x12
      text run at (0,24) width 48: "    "
    RenderBR {BR} at (48,34) size 0x0
    RenderText {#text} at (0,36) size 48x12
      text run at (0,36) width 48: "    "
    RenderBR {BR} at (48,46) size 0x0
    RenderText {#text} at (0,48) size 48x12
      text run at (0,48) width 48: "    "
    RenderBR {BR} at (48,58) size 0x0
    RenderText {#text} at (0,60) size 48x12
      text run at (0,60) width 48: "    "
    RenderBR {BR} at (48,70) size 0x0
    RenderText {#text} at (0,72) size 48x12
      text run at (0,72) width 48: "    "
    RenderBR {BR} at (48,82) size 0x0
    RenderText {#text} at (0,84) size 48x12
      text run at (0,84) width 48: "    "
    RenderBR {BR} at (48,94) size 0x0
    RenderText {#text} at (0,96) size 48x12
      text run at (0,96) width 48: "    "
    RenderBR {BR} at (48,106) size 0x0
    RenderText {#text} at (0,108) size 48x12
      text run at (0,108) width 48: "    "
    RenderBR {BR} at (48,118) size 0x0
    RenderText {#text} at (0,120) size 48x12
      text run at (0,120) width 48: "    "
    RenderBR {BR} at (48,130) size 0x0
    RenderText {#text} at (0,132) size 48x12
      text run at (0,132) width 48: "    "
    RenderBR {BR} at (48,142) size 0x0
    RenderText {#text} at (0,144) size 48x12
      text run at (0,144) width 48: "    "
    RenderBR {BR} at (48,154) size 0x0
    RenderText {#text} at (0,156) size 48x12
      text run at (0,156) width 48: "    "
    RenderBR {BR} at (48,166) size 0x0
    RenderText {#text} at (0,168) size 48x12
      text run at (0,168) width 48: "    "
    RenderBR {BR} at (48,178) size 0x0
layer at (71,8) size 48x180
  RenderBlock (floating) {DIV} at (63,0) size 48x180
    RenderText {#text} at (0,0) size 48x12
      text run at (0,0) width 48: "    "
    RenderBR {BR} at (48,10) size 0x0
    RenderText {#text} at (0,12) size 48x12
      text run at (0,12) width 48: "    "
    RenderBR {BR} at (48,22) size 0x0
    RenderText {#text} at (0,24) size 48x12
      text run at (0,24) width 48: "    "
    RenderBR {BR} at (48,34) size 0x0
    RenderText {#text} at (0,36) size 48x12
      text run at (0,36) width 48: "    "
    RenderBR {BR} at (48,46) size 0x0
    RenderText {#text} at (0,48) size 48x12
      text run at (0,48) width 48: "    "
    RenderBR {BR} at (48,58) size 0x0
    RenderText {#text} at (0,60) size 48x12
      text run at (0,60) width 48: "    "
    RenderBR {BR} at (48,70) size 0x0
    RenderText {#text} at (0,72) size 48x12
      text run at (0,72) width 48: "    "
    RenderBR {BR} at (48,82) size 0x0
    RenderText {#text} at (0,84) size 48x12
      text run at (0,84) width 48: "    "
    RenderBR {BR} at (48,94) size 0x0
    RenderText {#text} at (0,96) size 48x12
      text run at (0,96) width 48: "    "
    RenderBR {BR} at (48,106) size 0x0
    RenderText {#text} at (0,108) size 48x12
      text run at (0,108) width 48: "    "
    RenderBR {BR} at (48,118) size 0x0
    RenderText {#text} at (0,120) size 48x12
      text run at (0,120) width 48: "    "
    RenderBR {BR} at (48,130) size 0x0
    RenderText {#text} at (0,132) size 48x12
      text run at (0,132) width 48: "    "
    RenderBR {BR} at (48,142) size 0x0
    RenderText {#text} at (0,144) size 48x12
      text run at (0,144) width 48: "    "
    RenderBR {BR} at (48,154) size 0x0
    RenderText {#text} at (0,156) size 48x12
      text run at (0,156) width 48: "    "
    RenderBR {BR} at (48,166) size 0x0
    RenderText {#text} at (0,168) size 48x12
      text run at (0,168) width 48: "    "
    RenderBR {BR} at (48,178) size 0x0
layer at (139,8) size 48x180
  RenderBlock (floating) {DIV} at (131,0) size 48x180
    RenderText {#text} at (0,0) size 48x12
      text run at (0,0) width 48: "    "
    RenderBR {BR} at (48,10) size 0x0
    RenderText {#text} at (0,12) size 48x12
      text run at (0,12) width 48: "    "
    RenderBR {BR} at (48,22) size 0x0
    RenderText {#text} at (0,24) size 48x12
      text run at (0,24) width 48: "    "
    RenderBR {BR} at (48,34) size 0x0
    RenderText {#text} at (0,36) size 48x12
      text run at (0,36) width 48: "    "
    RenderBR {BR} at (48,46) size 0x0
    RenderText {#text} at (0,48) size 48x12
      text run at (0,48) width 48: "    "
    RenderBR {BR} at (48,58) size 0x0
    RenderText {#text} at (0,60) size 48x12
      text run at (0,60) width 48: "    "
    RenderBR {BR} at (48,70) size 0x0
    RenderText {#text} at (0,72) size 48x12
      text run at (0,72) width 48: "    "
    RenderBR {BR} at (48,82) size 0x0
    RenderText {#text} at (0,84) size 48x12
      text run at (0,84) width 48: "    "
    RenderBR {BR} at (48,94) size 0x0
    RenderText {#text} at (0,96) size 48x12
      text run at (0,96) width 48: "    "
    RenderBR {BR} at (48,106) size 0x0
    RenderText {#text} at (0,108) size 48x12
      text run at (0,108) width 48: "    "
    RenderBR {BR} at (48,118) size 0x0
    RenderText {#text} at (0,120) size 48x12
      text run at (0,120) width 48: "    "
    RenderBR {BR} at (48,130) size 0x0
    RenderText {#text} at (0,132) size 48x12
      text run at (0,132) width 48: "    "
    RenderBR {BR} at (48,142) size 0x0
    RenderText {#text} at (0,144) size 48x12
      text run at (0,144) width 48: "    "
    RenderBR {BR} at (48,154) size 0x0
    RenderText {#text} at (0,156) size 48x12
      text run at (0,156) width 48: "    "
    RenderBR {BR} at (48,166) size 0x0
    RenderText {#text} at (0,168) size 48x12
      text run at (0,168) width 48: "    "
    RenderBR {BR} at (48,178) size 0x0
layer at (209,8) size 48x180
  RenderBlock (floating) {DIV} at (201,0) size 48x180
    RenderText {#text} at (0,0) size 48x12
      text run at (0,0) width 48: "    "
    RenderBR {BR} at (48,10) size 0x0
    RenderText {#text} at (0,12) size 48x12
      text run at (0,12) width 48: "    "
    RenderBR {BR} at (48,22) size 0x0
    RenderText {#text} at (0,24) size 48x12
      text run at (0,24) width 48: "    "
    RenderBR {BR} at (48,34) size 0x0
    RenderText {#text} at (0,36) size 48x12
      text run at (0,36) width 48: "    "
    RenderBR {BR} at (48,46) size 0x0
    RenderText {#text} at (0,48) size 48x12
      text run at (0,48) width 48: "    "
    RenderBR {BR} at (48,58) size 0x0
    RenderText {#text} at (0,60) size 48x12
      text run at (0,60) width 48: "    "
    RenderBR {BR} at (48,70) size 0x0
    RenderText {#text} at (0,72) size 48x12
      text run at (0,72) width 48: "    "
    RenderBR {BR} at (48,82) size 0x0
    RenderText {#text} at (0,84) size 48x12
      text run at (0,84) width 48: "    "
    RenderBR {BR} at (48,94) size 0x0
    RenderText {#text} at (0,96) size 48x12
      text run at (0,96) width 48: "    "
    RenderBR {BR} at (48,106) size 0x0
    RenderText {#text} at (0,108) size 48x12
      text run at (0,108) width 48: "    "
    RenderBR {BR} at (48,118) size 0x0
    RenderText {#text} at (0,120) size 48x12
      text run at (0,120) width 48: "    "
    RenderBR {BR} at (48,130) size 0x0
    RenderText {#text} at (0,132) size 48x12
      text run at (0,132) width 48: "    "
    RenderBR {BR} at (48,142) size 0x0
    RenderText {#text} at (0,144) size 48x12
      text run at (0,144) width 48: "    "
    RenderBR {BR} at (48,154) size 0x0
    RenderText {#text} at (0,156) size 48x12
      text run at (0,156) width 48: "    "
    RenderBR {BR} at (48,166) size 0x0
    RenderText {#text} at (0,168) size 48x12
      text run at (0,168) width 48: "    "
    RenderBR {BR} at (48,178) size 0x0
layer at (287,8) size 48x180
  RenderBlock (floating) {DIV} at (279,0) size 48x180
    RenderText {#text} at (0,0) size 48x12
      text run at (0,0) width 48: "    "
    RenderBR {BR} at (48,10) size 0x0
    RenderText {#text} at (0,12) size 48x12
      text run at (0,12) width 48: "    "
    RenderBR {BR} at (48,22) size 0x0
    RenderText {#text} at (0,24) size 48x12
      text run at (0,24) width 48: "    "
    RenderBR {BR} at (48,34) size 0x0
    RenderText {#text} at (0,36) size 48x12
      text run at (0,36) width 48: "    "
    RenderBR {BR} at (48,46) size 0x0
    RenderText {#text} at (0,48) size 48x12
      text run at (0,48) width 48: "    "
    RenderBR {BR} at (48,58) size 0x0
    RenderText {#text} at (0,60) size 48x12
      text run at (0,60) width 48: "    "
    RenderBR {BR} at (48,70) size 0x0
    RenderText {#text} at (0,72) size 48x12
      text run at (0,72) width 48: "    "
    RenderBR {BR} at (48,82) size 0x0
    RenderText {#text} at (0,84) size 48x12
      text run at (0,84) width 48: "    "
    RenderBR {BR} at (48,94) size 0x0
    RenderText {#text} at (0,96) size 48x12
      text run at (0,96) width 48: "    "
    RenderBR {BR} at (48,106) size 0x0
    RenderText {#text} at (0,108) size 48x12
      text run at (0,108) width 48: "    "
    RenderBR {BR} at (48,118) size 0x0
    RenderText {#text} at (0,120) size 48x12
      text run at (0,120) width 48: "    "
    RenderBR {BR} at (48,130) size 0x0
    RenderText {#text} at (0,132) size 48x12
      text run at (0,132) width 48: "    "
    RenderBR {BR} at (48,142) size 0x0
    RenderText {#text} at (0,144) size 48x12
      text run at (0,144) width 48: "    "
    RenderBR {BR} at (48,154) size 0x0
    RenderText {#text} at (0,156) size 48x12
      text run at (0,156) width 48: "    "
    RenderBR {BR} at (48,166) size 0x0
    RenderText {#text} at (0,168) size 48x12
      text run at (0,168) width 48: "    "
    RenderBR {BR} at (48,178) size 0x0
layer at (380,8) size 48x180
  RenderBlock (floating) {DIV} at (372,0) size 48x180
    RenderText {#text} at (0,0) size 48x12
      text run at (0,0) width 48: "    "
    RenderBR {BR} at (48,10) size 0x0
    RenderText {#text} at (0,12) size 48x12
      text run at (0,12) width 48: "    "
    RenderBR {BR} at (48,22) size 0x0
    RenderText {#text} at (0,24) size 48x12
      text run at (0,24) width 48: "    "
    RenderBR {BR} at (48,34) size 0x0
    RenderText {#text} at (0,36) size 48x12
      text run at (0,36) width 48: "    "
    RenderBR {BR} at (48,46) size 0x0
    RenderText {#text} at (0,48) size 48x12
      text run at (0,48) width 48: "    "
    RenderBR {BR} at (48,58) size 0x0
    RenderText {#text} at (0,60) size 48x12
      text run at (0,60) width 48: "    "
    RenderBR {BR} at (48,70) size 0x0
    RenderText {#text} at (0,72) size 48x12
      text run at (0,72) width 48: "    "
    RenderBR {BR} at (48,82) size 0x0
    RenderText {#text} at (0,84) size 48x12
      text run at (0,84) width 48: "    "
    RenderBR {BR} at (48,94) size 0x0
    RenderText {#text} at (0,96) size 48x12
      text run at (0,96) width 48: "    "
    RenderBR {BR} at (48,106) size 0x0
    RenderText {#text} at (0,108) size 48x12
      text run at (0,108) width 48: "    "
    RenderBR {BR} at (48,118) size 0x0
    RenderText {#text} at (0,120) size 48x12
      text run at (0,120) width 48: "    "
    RenderBR {BR} at (48,130) size 0x0
    RenderText {#text} at (0,132) size 48x12
      text run at (0,132) width 48: "    "
    RenderBR {BR} at (48,142) size 0x0
    RenderText {#text} at (0,144) size 48x12
      text run at (0,144) width 48: "    "
    RenderBR {BR} at (48,154) size 0x0
    RenderText {#text} at (0,156) size 48x12
      text run at (0,156) width 48: "    "
    RenderBR {BR} at (48,166) size 0x0
    RenderText {#text} at (0,168) size 48x12
      text run at (0,168) width 48: "    "
    RenderBR {BR} at (48,178) size 0x0
layer at (483,8) size 48x180
  RenderBlock (floating) {DIV} at (475,0) size 48x180
    RenderText {#text} at (0,0) size 48x12
      text run at (0,0) width 48: "    "
    RenderBR {BR} at (48,10) size 0x0
    RenderText {#text} at (0,12) size 48x12
      text run at (0,12) width 48: "    "
    RenderBR {BR} at (48,22) size 0x0
    RenderText {#text} at (0,24) size 48x12
      text run at (0,24) width 48: "    "
    RenderBR {BR} at (48,34) size 0x0
    RenderText {#text} at (0,36) size 48x12
      text run at (0,36) width 48: "    "
    RenderBR {BR} at (48,46) size 0x0
    RenderText {#text} at (0,48) size 48x12
      text run at (0,48) width 48: "    "
    RenderBR {BR} at (48,58) size 0x0
    RenderText {#text} at (0,60) size 48x12
      text run at (0,60) width 48: "    "
    RenderBR {BR} at (48,70) size 0x0
    RenderText {#text} at (0,72) size 48x12
      text run at (0,72) width 48: "    "
    RenderBR {BR} at (48,82) size 0x0
    RenderText {#text} at (0,84) size 48x12
      text run at (0,84) width 48: "    "
    RenderBR {BR} at (48,94) size 0x0
    RenderText {#text} at (0,96) size 48x12
      text run at (0,96) width 48: "    "
    RenderBR {BR} at (48,106) size 0x0
    RenderText {#text} at (0,108) size 48x12
      text run at (0,108) width 48: "    "
    RenderBR {BR} at (48,118) size 0x0
    RenderText {#text} at (0,120) size 48x12
      text run at (0,120) width 48: "    "
    RenderBR {BR} at (48,130) size 0x0
    RenderText {#text} at (0,132) size 48x12
      text run at (0,132) width 48: "    "
    RenderBR {BR} at (48,142) size 0x0
    RenderText {#text} at (0,144) size 48x12
      text run at (0,144) width 48: "    "
    RenderBR {BR} at (48,154) size 0x0
    RenderText {#text} at (0,156) size 48x12
      text run at (0,156) width 48: "    "
    RenderBR {BR} at (48,166) size 0x0
    RenderText {#text} at (0,168) size 48x12
      text run at (0,168) width 48: "    "
    RenderBR {BR} at (48,178) size 0x0
