layer at (0,0) size 800x600
  RenderView at (0,0) size 800x600
layer at (0,0) size 800x600
  RenderBlock {HTML} at (0,0) size 800x600
    RenderBody {BODY} at (8,8) size 784x584
      RenderBlock {P} at (0,0) size 784x14
        RenderText {#text} at (0,0) size 210x14
          text run at (0,0) width 210: "This tests GraphicsContext::drawBidiText()."
      RenderListBox {SELECT} at (2,26) size 307x190 [bgcolor=#FFFFFF] [border: (1px inset #808080)]
      RenderListBox {SELECT} at (2,218) size 351x18 [bgcolor=#FFFFFF] [border: (1px inset #808080)]
