layer at (0,0) size 800x600
  RenderView at (0,0) size 800x600
layer at (188,0) size 612x600
  RenderBlock {HTML} at (0,0) size 612x600
    RenderBody {BODY} at (8,8) size 0x584
      RenderBlock (floating) {DIV} at (8,8) size 134x366 [border: (3px solid #000000)]
        RenderText {#text} at (14,3) size 21x210
          text run at (14,3) width 210: "\x{305B}\x{3063}\x{304B}\x{304F}\x{898B}\x{3064}\x{3051}\x{305F}\x{3059}\x{3070}\x{3089}\x{3057}\x{3044}\x{8A18}\x{4E8B}"
        RenderInline {SPAN} at (0,0) size 53x350
          RenderText {#text} at (14,213) size 53x350
            text run at (14,213) width 140: "\x{304C}\x{3069}\x{3053}\x{306B}\x{3042}\x{3063}\x{305F}\x{304B}\x{5FD8}\x{308C}"
            text run at (46,3) width 42: "\x{3066}\x{3057}\x{307E}"
        RenderText {#text} at (46,45) size 21x140
          text run at (46,45) width 140: "\x{3063}\x{305F}\x{7D4C}\x{9A13}\x{306F}\x{3042}\x{308A}\x{307E}\x{3059}\x{304B}"
        RenderInline {SPAN} at (0,0) size 53x350
          RenderText {#text} at (46,185) size 53x350
            text run at (46,185) width 168: "\x{306A}\x{3089}\x{30BF}\x{30A4}\x{30C8}\x{30EB}\x{3068}\x{30A2}\x{30C9}\x{30EC}\x{30B9}\x{3060}"
            text run at (78,3) width 70: "\x{3051}\x{3067}\x{306A}\x{304F}\x{3001}"
        RenderText {#text} at (78,73) size 53x352
          text run at (78,73) width 282: "\x{8A2A}\x{554F}\x{3057}\x{305F}\x{30A6}\x{30A7}\x{30D6}\x{30DA}\x{30FC}\x{30B8}\x{306E}\x{30B3}\x{30F3}\x{30C6}\x{30F3}\x{30C4}\x{304B}\x{3089}\x{3082}\x{691C}"
          text run at (110,3) width 154: "\x{7D22}\x{3059}\x{308B}\x{3053}\x{3068}\x{304C}\x{3067}\x{304D}\x{307E}\x{3059}\x{3002}"
      RenderBlock (floating) {DIV} at (158,8) size 126x366 [border: (3px solid #000000)]
        RenderText {#text} at (15,3) size 21x42
          text run at (15,3) width 42: "\x{305B}\x{3063}\x{304B}"
        RenderInline {SPAN} at (0,0) size 21x84
          RenderText {#text} at (15,45) size 21x84
            text run at (15,45) width 84: "\x{304F}\x{898B}\x{3064}\x{3051}\x{305F}\x{3059}"
        RenderInline {SPAN} at (0,0) size 21x56
          RenderText {#text} at (15,129) size 21x56
            text run at (15,129) width 56: "\x{3070}\x{3089}\x{3057}\x{3044}"
        RenderInline {SPAN} at (0,0) size 21x56
          RenderText {#text} at (15,185) size 21x56
            text run at (15,185) width 56: "\x{8A18}\x{4E8B}\x{304C}\x{3069}"
        RenderInline {SPAN} at (0,0) size 21x56
          RenderText {#text} at (15,241) size 21x56
            text run at (15,241) width 56: "\x{3053}\x{306B}\x{3042}\x{3063}"
        RenderInline {SPAN} at (0,0) size 54x350
          RenderText {#text} at (15,297) size 54x350
            text run at (15,297) width 56: "\x{305F}\x{304B}\x{5FD8}\x{308C}"
            text run at (48,3) width 28: "\x{3066}\x{3057}"
        RenderInline {SPAN} at (0,0) size 21x70
          RenderText {#text} at (48,31) size 21x70
            text run at (48,31) width 70: "\x{307E}\x{3063}\x{305F}\x{7D4C}\x{9A13}"
        RenderInline {SPAN} at (0,0) size 21x84
          RenderText {#text} at (48,101) size 21x84
            text run at (48,101) width 84: "\x{306F}\x{3042}\x{308A}\x{307E}\x{3059}\x{304B}"
        RenderInline {SPAN} at (0,0) size 21x98
          RenderText {#text} at (48,185) size 21x98
            text run at (48,185) width 98: "\x{306A}\x{3089}\x{30BF}\x{30A4}\x{30C8}\x{30EB}\x{3068}"
        RenderInline {SPAN} at (0,0) size 54x350
          RenderText {#text} at (48,283) size 54x350
            text run at (48,283) width 70: "\x{30A2}\x{30C9}\x{30EC}\x{30B9}\x{3060}"
            text run at (81,3) width 42: "\x{3051}\x{3067}\x{306A}"
        RenderInline {SPAN} at (0,0) size 21x98
          RenderText {#text} at (81,45) size 21x98
            text run at (81,45) width 98: "\x{304F}\x{3001}\x{8A2A}\x{554F}\x{3057}\x{305F}\x{30A6}"
        RenderInline {SPAN} at (0,0) size 21x128
          RenderText {#text} at (81,143) size 21x128
            text run at (81,143) width 128: "\x{30A7}\x{30D6}\x{30DA}\x{30FC}\x{30B8}\x{306E}\x{30B3}\x{30F3}\x{30C6}"
        RenderText {#text} at (81,271) size 42x352
          text run at (81,271) width 84: "\x{30F3}\x{30C4}\x{304B}\x{3089}\x{3082}\x{691C}"
          text run at (102,3) width 154: "\x{7D22}\x{3059}\x{308B}\x{3053}\x{3068}\x{304C}\x{3067}\x{304D}\x{307E}\x{3059}\x{3002}"
      RenderBlock (floating) {DIV} at (300,8) size 126x366 [border: (3px solid #000000)]
        RenderText {#text} at (3,3) size 21x42
          text run at (3,3) width 42: "\x{305B}\x{3063}\x{304B}"
        RenderInline {SPAN} at (0,0) size 21x84
          RenderText {#text} at (3,45) size 21x84
            text run at (3,45) width 84: "\x{304F}\x{898B}\x{3064}\x{3051}\x{305F}\x{3059}"
        RenderInline {SPAN} at (0,0) size 21x56
          RenderText {#text} at (3,129) size 21x56
            text run at (3,129) width 56: "\x{3070}\x{3089}\x{3057}\x{3044}"
        RenderInline {SPAN} at (0,0) size 21x56
          RenderText {#text} at (3,185) size 21x56
            text run at (3,185) width 56: "\x{8A18}\x{4E8B}\x{304C}\x{3069}"
        RenderInline {SPAN} at (0,0) size 21x56
          RenderText {#text} at (3,241) size 21x56
            text run at (3,241) width 56: "\x{3053}\x{306B}\x{3042}\x{3063}"
        RenderInline {SPAN} at (0,0) size 54x350
          RenderText {#text} at (3,297) size 54x350
            text run at (3,297) width 56: "\x{305F}\x{304B}\x{5FD8}\x{308C}"
            text run at (36,3) width 28: "\x{3066}\x{3057}"
        RenderInline {SPAN} at (0,0) size 21x70
          RenderText {#text} at (36,31) size 21x70
            text run at (36,31) width 70: "\x{307E}\x{3063}\x{305F}\x{7D4C}\x{9A13}"
        RenderInline {SPAN} at (0,0) size 21x84
          RenderText {#text} at (36,101) size 21x84
            text run at (36,101) width 84: "\x{306F}\x{3042}\x{308A}\x{307E}\x{3059}\x{304B}"
        RenderInline {SPAN} at (0,0) size 21x98
          RenderText {#text} at (36,185) size 21x98
            text run at (36,185) width 98: "\x{306A}\x{3089}\x{30BF}\x{30A4}\x{30C8}\x{30EB}\x{3068}"
        RenderInline {SPAN} at (0,0) size 54x350
          RenderText {#text} at (36,283) size 54x350
            text run at (36,283) width 70: "\x{30A2}\x{30C9}\x{30EC}\x{30B9}\x{3060}"
            text run at (69,3) width 42: "\x{3051}\x{3067}\x{306A}"
        RenderInline {SPAN} at (0,0) size 21x98
          RenderText {#text} at (69,45) size 21x98
            text run at (69,45) width 98: "\x{304F}\x{3001}\x{8A2A}\x{554F}\x{3057}\x{305F}\x{30A6}"
        RenderInline {SPAN} at (0,0) size 21x128
          RenderText {#text} at (69,143) size 21x128
            text run at (69,143) width 128: "\x{30A7}\x{30D6}\x{30DA}\x{30FC}\x{30B8}\x{306E}\x{30B3}\x{30F3}\x{30C6}"
        RenderText {#text} at (69,271) size 54x352
          text run at (69,271) width 84: "\x{30F3}\x{30C4}\x{304B}\x{3089}\x{3082}\x{691C}"
          text run at (102,3) width 154: "\x{7D22}\x{3059}\x{308B}\x{3053}\x{3068}\x{304C}\x{3067}\x{304D}\x{307E}\x{3059}\x{3002}"
      RenderBlock (floating) {DIV} at (442,8) size 154x366 [border: (3px solid #000000)]
        RenderText {#text} at (14,3) size 21x210
          text run at (14,3) width 210: "\x{305B}\x{3063}\x{304B}\x{304F}\x{898B}\x{3064}\x{3051}\x{305F}\x{3059}\x{3070}\x{3089}\x{3057}\x{3044}\x{8A18}\x{4E8B}"
        RenderInline {SPAN} at (0,0) size 57x350
          RenderText {#text} at (14,213) size 57x350
            text run at (14,213) width 140: "\x{304C}\x{3069}\x{3053}\x{306B}\x{3042}\x{3063}\x{305F}\x{304B}\x{5FD8}\x{308C}"
            text run at (50,3) width 42: "\x{3066}\x{3057}\x{307E}"
        RenderText {#text} at (50,45) size 21x140
          text run at (50,45) width 140: "\x{3063}\x{305F}\x{7D4C}\x{9A13}\x{306F}\x{3042}\x{308A}\x{307E}\x{3059}\x{304B}"
        RenderInline {SPAN} at (0,0) size 57x350
          RenderText {#text} at (50,185) size 57x350
            text run at (50,185) width 168: "\x{306A}\x{3089}\x{30BF}\x{30A4}\x{30C8}\x{30EB}\x{3068}\x{30A2}\x{30C9}\x{30EC}\x{30B9}\x{3060}"
            text run at (86,3) width 70: "\x{3051}\x{3067}\x{306A}\x{304F}\x{3001}"
        RenderText {#text} at (86,73) size 57x352
          text run at (86,73) width 282: "\x{8A2A}\x{554F}\x{3057}\x{305F}\x{30A6}\x{30A7}\x{30D6}\x{30DA}\x{30FC}\x{30B8}\x{306E}\x{30B3}\x{30F3}\x{30C6}\x{30F3}\x{30C4}\x{304B}\x{3089}\x{3082}\x{691C}"
          text run at (122,3) width 154: "\x{7D22}\x{3059}\x{308B}\x{3053}\x{3068}\x{304C}\x{3067}\x{304D}\x{307E}\x{3059}\x{3002}"
