layer at (0,0) size 800x600
  RenderView at (0,0) size 800x600
layer at (0,0) size 800x600
  RenderBlock {HTML} at (0,0) size 800x600
    RenderBody {BODY} at (8,8) size 784x584
      RenderBlock {DIV} at (8,8) size 126x34 [border: (3px solid #000000)]
        RenderText {#text} at (3,3) size 93x28
          text run at (3,3) width 93: "There is remarkable"
          text run at (3,17) width 44: "evidence."
      RenderText {#text} at (142,25) size 3x14
        text run at (142,25) width 3: " "
      RenderBlock {DIV} at (153,8) size 126x34 [border: (3px solid #000000)]
        RenderText {#text} at (3,3) size 93x28
          text run at (3,3) width 93: "There is remarkable"
          text run at (3,17) width 44: "evidence."
      RenderText {#text} at (287,25) size 3x14
        text run at (287,25) width 3: " "
      RenderBlock {DIV} at (298,8) size 126x34 [border: (3px solid #000000)]
        RenderText {#text} at (3,3) size 93x28
          text run at (3,3) width 93: "There is remarkable"
          text run at (3,17) width 44: "evidence."
      RenderText {#text} at (432,25) size 3x14
        text run at (432,25) width 3: " "
      RenderBlock {DIV} at (443,8) size 126x34 [border: (3px solid #000000)]
        RenderText {#text} at (3,3) size 93x28
          text run at (3,3) width 93: "There is remarkable"
          text run at (3,17) width 44: "evidence."
      RenderText {#text} at (577,25) size 3x14
        text run at (577,25) width 3: " "
      RenderBlock {DIV} at (588,8) size 126x34 [border: (3px solid #000000)]
        RenderText {#text} at (3,3) size 93x28
          text run at (3,3) width 93: "There is remarkable"
          text run at (3,17) width 44: "evidence."
      RenderText {#text} at (722,25) size 3x14
        text run at (722,25) width 3: " "
      RenderBlock {DIV} at (8,58) size 126x34 [border: (3px solid #000000)]
        RenderText {#text} at (3,3) size 93x28
          text run at (3,3) width 93: "There is remarkable"
          text run at (3,17) width 44: "evidence."
      RenderText {#text} at (142,75) size 3x14
        text run at (142,75) width 3: " "
      RenderBlock {DIV} at (153,58) size 126x34 [border: (3px solid #000000)]
        RenderText {#text} at (3,3) size 93x28
          text run at (3,3) width 93: "There is remarkable"
          text run at (3,17) width 44: "evidence."
      RenderText {#text} at (287,75) size 3x14
        text run at (287,75) width 3: " "
      RenderBlock {DIV} at (298,58) size 126x34 [border: (3px solid #000000)]
        RenderText {#text} at (3,3) size 93x28
          text run at (3,3) width 93: "There is remarkable"
          text run at (3,17) width 44: "evidence."
      RenderText {#text} at (432,75) size 3x14
        text run at (432,75) width 3: " "
      RenderBlock {DIV} at (443,58) size 126x34 [border: (3px solid #000000)]
        RenderText {#text} at (3,3) size 93x28
          text run at (3,3) width 93: "There is remarkable"
          text run at (3,17) width 44: "evidence."
      RenderText {#text} at (577,75) size 3x14
        text run at (577,75) width 3: " "
      RenderBlock {DIV} at (588,58) size 126x34 [border: (3px solid #000000)]
        RenderText {#text} at (3,3) size 93x28
          text run at (3,3) width 93: "There is remarkable"
          text run at (3,17) width 44: "evidence."
      RenderText {#text} at (0,0) size 0x0
