layer at (0,0) size 800x600
  RenderView at (0,0) size 800x600
layer at (0,0) size 800x600
  RenderBlock {HTML} at (0,0) size 800x600
    RenderBody {BODY} at (8,8) size 784x584
      RenderBlock (floating) {DIV} at (4,0) size 344x262
        RenderBlock {P} at (0,12) size 344x14
          RenderText {#text} at (0,0) size 151x14
            text run at (0,0) width 151: "The initial value (should be like "
          RenderInline {TT} at (0,0) size 24x11
            RenderText {#text} at (151,3) size 24x11
              text run at (151,3) width 24: "auto"
          RenderText {#text} at (175,0) size 4x14
            text run at (175,0) width 4: ")"
        RenderBlock {DIV} at (0,38) size 344x224 [border: (3px solid #000000)]
          RenderBlock (floating) {DIV} at (262,7) size 75x90 [bgcolor=#F0F8FF]
          RenderText {#text} at (7,7) size 330x209
            text run at (7,7) width 245: "The chief difficulty Alice found"
            text run at (7,28) width 245: "at first was in managing her"
            text run at (7,49) width 245: "flamingo: she succeeded in"
            text run at (7,70) width 245: "getting its body tucked away,"
            text run at (7,91) width 245: "comfortably enough, under her"
            text run at (7,112) width 307: "arm, with its legs hanging down, "
            text run at (314,112) width 23: "but"
            text run at (7,133) width 330: "generally, just as she had got its neck nicely"
            text run at (7,154) width 95: "straightened "
            text run at (102,154) width 235: "out, and was going to give the"
            text run at (7,175) width 285: "hedgehog a blow with its head, it "
            text run at (292,175) width 45: "would"
            text run at (7,196) width 314: "twist itself round and look up in her face\x{2026}"
      RenderBlock (floating) {DIV} at (356,0) size 344x262
        RenderBlock {P} at (0,12) size 344x14
          RenderText {#text} at (0,0) size 60x14
            text run at (0,0) width 60: "The default ("
          RenderInline {TT} at (0,0) size 150x11
            RenderText {#text} at (60,3) size 150x11
              text run at (60,3) width 150: "hyphenate-character: auto"
          RenderText {#text} at (210,0) size 4x14
            text run at (210,0) width 4: ")"
        RenderBlock {DIV} at (0,38) size 344x224 [border: (3px solid #000000)]
          RenderBlock (floating) {DIV} at (262,7) size 75x90 [bgcolor=#F0F8FF]
          RenderText {#text} at (7,7) size 330x209
            text run at (7,7) width 245: "The chief difficulty Alice found"
            text run at (7,28) width 245: "at first was in managing her"
            text run at (7,49) width 245: "flamingo: she succeeded in"
            text run at (7,70) width 245: "getting its body tucked away,"
            text run at (7,91) width 245: "comfortably enough, under her"
            text run at (7,112) width 307: "arm, with its legs hanging down, "
            text run at (314,112) width 23: "but"
            text run at (7,133) width 330: "generally, just as she had got its neck nicely"
            text run at (7,154) width 95: "straightened "
            text run at (102,154) width 235: "out, and was going to give the"
            text run at (7,175) width 285: "hedgehog a blow with its head, it "
            text run at (292,175) width 45: "would"
            text run at (7,196) width 314: "twist itself round and look up in her face\x{2026}"
      RenderBlock (floating) {DIV} at (4,262) size 344x262
        RenderBlock {P} at (0,12) size 344x14
          RenderText {#text} at (0,0) size 35x14
            text run at (0,0) width 35: "Bullet ("
          RenderInline {TT} at (0,0) size 168x11
            RenderText {#text} at (35,3) size 168x11
              text run at (35,3) width 168: "hyphenate-character: \"\\2022\""
          RenderText {#text} at (203,0) size 4x14
            text run at (203,0) width 4: ")"
        RenderBlock {DIV} at (0,38) size 344x224 [border: (3px solid #000000)]
          RenderBlock (floating) {DIV} at (262,7) size 75x90 [bgcolor=#F0F8FF]
          RenderText {#text} at (7,7) size 330x209
            text run at (7,7) width 245: "The chief difficulty Alice found"
            text run at (7,28) width 245: "at first was in managing her"
            text run at (7,49) width 245: "flamingo: she succeeded in"
            text run at (7,70) width 245: "getting its body tucked away,"
            text run at (7,91) width 245: "comfortably enough, under her"
            text run at (7,112) width 307: "arm, with its legs hanging down, "
            text run at (314,112) width 23: "but"
            text run at (7,133) width 330: "generally, just as she had got its neck nicely"
            text run at (7,154) width 95: "straightened "
            text run at (102,154) width 235: "out, and was going to give the"
            text run at (7,175) width 285: "hedgehog a blow with its head, it "
            text run at (292,175) width 45: "would"
            text run at (7,196) width 314: "twist itself round and look up in her face\x{2026}"
      RenderBlock (floating) {DIV} at (356,262) size 344x262
        RenderBlock {P} at (0,12) size 344x14
          RenderText {#text} at (0,0) size 102x14
            text run at (0,0) width 102: "Middle dot and tilde ("
          RenderInline {TT} at (0,0) size 162x11
            RenderText {#text} at (102,3) size 162x11
              text run at (102,3) width 162: "hyphenate-character: \"\\B7~\""
          RenderText {#text} at (264,0) size 4x14
            text run at (264,0) width 4: ")"
        RenderBlock {DIV} at (0,38) size 344x224 [border: (3px solid #000000)]
          RenderBlock (floating) {DIV} at (262,7) size 75x90 [bgcolor=#F0F8FF]
          RenderText {#text} at (7,7) size 330x209
            text run at (7,7) width 245: "The chief difficulty Alice found"
            text run at (7,28) width 245: "at first was in managing her"
            text run at (7,49) width 245: "flamingo: she succeeded in"
            text run at (7,70) width 245: "getting its body tucked away,"
            text run at (7,91) width 245: "comfortably enough, under her"
            text run at (7,112) width 307: "arm, with its legs hanging down, "
            text run at (314,112) width 23: "but"
            text run at (7,133) width 330: "generally, just as she had got its neck nicely"
            text run at (7,154) width 95: "straightened "
            text run at (102,154) width 235: "out, and was going to give the"
            text run at (7,175) width 285: "hedgehog a blow with its head, it "
            text run at (292,175) width 45: "would"
            text run at (7,196) width 314: "twist itself round and look up in her face\x{2026}"
