layer at (0,0) size 800x600
  RenderView at (0,0) size 800x600
layer at (0,0) size 800x212
  RenderBlock {HTML} at (0,0) size 800x212
    RenderBody {BODY} at (8,8) size 784x184
      RenderBlock (anonymous) at (0,0) size 784x14
        RenderText {#text} at (0,0) size 62x14
          text run at (0,0) width 62: "This is good:"
      RenderBlock {DIV} at (0,34) size 200x48
        RenderBlock {P} at (0,0) size 200x48 [border: (1px solid #008000)]
          RenderText {#text} at (1,1) size 194x45
            text run at (1,1) width 194: "lorem ipsum dolor sit??"
            text run at (1,24) width 40: "amet"
      RenderBlock (anonymous) at (0,102) size 784x14
        RenderText {#text} at (0,0) size 186x14
          text run at (0,0) width 186: "The following should look like \x{201C}good\x{201D}:"
      RenderBlock {DIV} at (0,136) size 200x48
        RenderBlock {P} at (0,0) size 200x48 [border: (1px solid #008000)]
          RenderText {#text} at (1,1) size 194x45
            text run at (1,1) width 194: "lorem ipsum dolor sit??"
            text run at (1,24) width 40: "amet"
