layer at (0,0) size 800x600
  RenderView at (0,0) size 800x600
layer at (0,0) size 800x600
  RenderBlock {HTML} at (0,0) size 800x600
    RenderBody {BODY} at (8,8) size 784x584
      RenderBlock {P} at (0,0) size 784x14
        RenderText {#text} at (0,0) size 131x14
          text run at (0,0) width 131: "This is a regression test for "
        RenderInline {I} at (0,0) size 514x14
          RenderInline {A} at (0,0) size 262x14 [color=#0000EE]
            RenderText {#text} at (131,0) size 262x14
              text run at (131,0) width 262: "http://bugzilla.opendarwin.org/show_bug.cgi?id=8485"
          RenderText {#text} at (393,0) size 252x14
            text run at (393,0) width 3: " "
            text run at (396,0) width 249: "iExploder(#11705): Freeze in RenderBlock::layout()"
        RenderText {#text} at (645,0) size 3x14
          text run at (645,0) width 3: "."
      RenderBlock {HR} at (0,26) size 784x2 [border: (1px inset #000000)]
      RenderBlock {DIV} at (0,34) size 30x276
        RenderText {#text} at (0,2) size 87x271
          text run at (0,2) width 0: " "
          text run at (0,140) width 87: "A"
