layer at (0,0) size 800x600
  RenderView at (0,0) size 800x600
layer at (0,0) size 800x600
  RenderBlock {HTML} at (0,0) size 800x600
    RenderBody {BODY} at (8,8) size 784x584
      RenderBlock {P} at (0,0) size 784x14
        RenderText {#text} at (0,0) size 40x14
          text run at (0,0) width 40: "Test for "
        RenderInline {I} at (0,0) size 526x14
          RenderInline {A} at (0,0) size 226x14 [color=#0000EE]
            RenderText {#text} at (40,0) size 226x14
              text run at (40,0) width 226: "http://bugs.webkit.org/show_bug.cgi?id=14758"
          RenderText {#text} at (266,0) size 300x14
            text run at (266,0) width 3: " "
            text run at (269,0) width 297: "REGRESSION: Repeated text after line break on facebook.com"
        RenderText {#text} at (566,0) size 3x14
          text run at (566,0) width 3: "."
      RenderBlock {P} at (0,26) size 784x14
        RenderText {#text} at (0,0) size 174x14
          text run at (0,0) width 174: "These two boxes should be identical:"
      RenderBlock {DIV} at (0,52) size 76x34 [border: (3px solid #000000)]
        RenderBlock (anonymous) at (3,3) size 70x14
          RenderText {#text} at (0,0) size 34x14
            text run at (0,0) width 34: "Lorem "
          RenderInline {SPAN} at (0,0) size 29x14
            RenderText {#text} at (34,0) size 29x14
              text run at (34,0) width 29: "ipsum"
          RenderText {#text} at (0,0) size 0x0
        RenderBlock {DIV} at (3,17) size 70x14
          RenderText {#text} at (0,0) size 25x14
            text run at (0,0) width 25: "dolor"
      RenderBlock (anonymous) at (0,86) size 784x14
        RenderBR {BR} at (0,0) size 0x14
      RenderBlock {DIV} at (0,100) size 76x34 [border: (3px solid #000000)]
        RenderBlock (anonymous) at (3,3) size 70x14
          RenderText {#text} at (0,0) size 63x14
            text run at (0,0) width 63: "Lorem ipsum"
        RenderBlock {DIV} at (3,17) size 70x14
          RenderText {#text} at (0,0) size 25x14
            text run at (0,0) width 25: "dolor"
