layer at (0,0) size 800x600
  RenderView at (0,0) size 800x600
layer at (0,0) size 800x600
  RenderBlock {HTML} at (0,0) size 800x600
    RenderBody {BODY} at (8,8) size 784x580
      RenderBlock {P} at (0,0) size 784x14
        RenderText {#text} at (0,0) size 445x14
          text run at (0,0) width 352: "Test that the intensity of text-shadow does not depend on the transparency "
          text run at (352,0) width 93: "of the text fill color."
      RenderBlock {DIV} at (0,26) size 784x72
        RenderText {#text} at (0,0) size 48x24
          text run at (0,0) width 48: "A "
        RenderInline {SPAN} at (0,0) size 24x24 [color=#00000000]
          RenderText {#text} at (48,0) size 24x24
            text run at (48,0) width 24: "A"
        RenderText {#text} at (72,0) size 24x24
          text run at (72,0) width 24: " "
        RenderInline {SPAN} at (0,0) size 24x24 [color=#00000019]
          RenderText {#text} at (96,0) size 24x24
            text run at (96,0) width 24: "A"
        RenderText {#text} at (0,0) size 0x0
      RenderBlock {P} at (0,110) size 784x14
        RenderText {#text} at (0,0) size 298x14
          text run at (0,0) width 298: "There should be three identical green squares on the line above."
      RenderBlock {DIV} at (0,136) size 784x72
        RenderText {#text} at (0,0) size 48x24
          text run at (0,0) width 48: "A "
        RenderInline {SPAN} at (0,0) size 24x24 [color=#00000000]
          RenderText {#text} at (48,0) size 24x24
            text run at (48,0) width 24: "A"
        RenderText {#text} at (72,0) size 24x24
          text run at (72,0) width 24: " "
        RenderInline {SPAN} at (0,0) size 24x24 [color=#00000019]
          RenderText {#text} at (96,0) size 24x24
            text run at (96,0) width 24: "A"
        RenderText {#text} at (0,0) size 0x0
      RenderBlock {P} at (0,220) size 784x14
        RenderText {#text} at (0,0) size 351x14
          text run at (0,0) width 351: "There should be three identical soft-edged green squares on the line above."
      RenderBlock {DIV} at (0,246) size 784x72 [textStrokeColor=#0000FF] [textStrokeWidth=5.00]
        RenderText {#text} at (0,0) size 48x24
          text run at (0,0) width 48: "A "
        RenderInline {SPAN} at (0,0) size 24x24 [color=#00000000]
          RenderText {#text} at (48,0) size 24x24
            text run at (48,0) width 24: "A"
        RenderText {#text} at (72,0) size 24x24
          text run at (72,0) width 24: " "
        RenderInline {SPAN} at (0,0) size 24x24 [color=#00000019]
          RenderText {#text} at (96,0) size 24x24
            text run at (96,0) width 24: "A"
        RenderText {#text} at (0,0) size 0x0
      RenderBlock {P} at (0,330) size 784x14
        RenderText {#text} at (0,0) size 298x14
          text run at (0,0) width 298: "There should be three identical green squares on the line above."
