layer at (0,0) size 800x760
  RenderView at (0,0) size 800x600
layer at (0,0) size 800x760
  RenderBlock {HTML} at (0,0) size 800x760
    RenderBody {BODY} at (8,12) size 784x736
      RenderBlock {P} at (0,0) size 784x14
        RenderText {#text} at (0,0) size 321x14
          text run at (0,0) width 321: "In all of the following, there should not be a hyphen before \x{201C}lorem\x{201D}."
      RenderBlock {P} at (0,26) size 784x14
        RenderText {#text} at (0,0) size 15x14
          text run at (0,0) width 15: "Do"
        RenderBlock (floating) {SPAN} at (773,0) size 11x16 [border: (1px solid #FF0000)]
          RenderText {#text} at (1,1) size 9x14
            text run at (1,1) width 9: "X"
        RenderText {#text} at (15,0) size 59x14
          text run at (15,0) width 59: "\x{AD}lorem ipsum"
      RenderBlock {P} at (0,52) size 784x14
        RenderBlock (floating) {SPAN} at (773,0) size 11x16 [border: (1px solid #FF0000)]
          RenderText {#text} at (1,1) size 9x14
            text run at (1,1) width 9: "X"
        RenderText {#text} at (0,0) size 59x14
          text run at (0,0) width 59: "lorem ipsum"
      RenderBlock {P} at (0,78) size 784x16
        RenderText {#text} at (0,1) size 15x14
          text run at (0,1) width 15: "Do"
        RenderText {#text} at (26,1) size 59x14
          text run at (26,1) width 59: "\x{AD}lorem ipsum"
      RenderBlock {P} at (0,106) size 784x14
        RenderText {#text} at (0,0) size 15x14
          text run at (0,0) width 15: "Do"
        RenderText {#text} at (15,0) size 59x14
          text run at (15,0) width 59: "\x{AD}lorem ipsum"
      RenderBlock (anonymous) at (0,132) size 784x14
        RenderText {#text} at (0,0) size 15x14
          text run at (0,0) width 15: "Do"
      RenderBlock {P} at (0,158) size 784x14
        RenderText {#text} at (0,0) size 59x14
          text run at (0,0) width 59: "lorem ipsum"
      RenderBlock {P} at (0,184) size 784x28
        RenderText {#text} at (0,0) size 15x14
          text run at (0,0) width 15: "Do"
        RenderBR {BR} at (15,11) size 0x0
        RenderText {#text} at (0,14) size 59x14
          text run at (0,14) width 59: "lorem ipsum"
      RenderBlock {P} at (0,224) size 784x14
        RenderText {#text} at (0,0) size 15x14
          text run at (0,0) width 15: "Do"
        RenderInline {SPAN} at (0,0) size 27x14
          RenderText {#text} at (15,0) size 27x14
            text run at (15,0) width 27: "\x{AD}lorem"
        RenderText {#text} at (42,0) size 32x14
          text run at (42,0) width 32: " ipsum"
      RenderBlock {P} at (0,250) size 784x14
        RenderText {#text} at (0,0) size 9x14
          text run at (0,0) width 9: "D"
        RenderInline {SPAN} at (0,0) size 6x14
          RenderText {#text} at (9,0) size 6x14
            text run at (9,0) width 6: "o"
        RenderText {#text} at (15,0) size 59x14
          text run at (15,0) width 59: "\x{AD}lorem ipsum"
      RenderBlock {P} at (0,276) size 784x14
        RenderText {#text} at (0,0) size 18x14
          text run at (0,0) width 18: "Do "
        RenderInline {SPAN} at (0,0) size 27x14
          RenderText {#text} at (18,0) size 27x14
            text run at (18,0) width 27: "\x{AD}lorem"
        RenderText {#text} at (45,0) size 32x14
          text run at (45,0) width 32: " ipsum"
      RenderBlock {P} at (0,302) size 784x14
        RenderText {#text} at (0,0) size 9x14
          text run at (0,0) width 9: "D"
        RenderInline {SPAN} at (0,0) size 9x14
          RenderText {#text} at (9,0) size 9x14
            text run at (9,0) width 9: "o "
        RenderText {#text} at (18,0) size 59x14
          text run at (18,0) width 59: "\x{AD}lorem ipsum"
      RenderBlock {P} at (0,328) size 784x14
        RenderText {#text} at (0,0) size 18x14
          text run at (0,0) width 18: "Do "
        RenderInline {SPAN} at (0,0) size 27x14
          RenderText {#text} at (18,0) size 27x14
            text run at (18,0) width 27: "\x{AD}lorem"
        RenderText {#text} at (45,0) size 32x14
          text run at (45,0) width 32: " ipsum"
      RenderBlock {P} at (0,354) size 784x14
        RenderText {#text} at (0,0) size 9x14
          text run at (0,0) width 9: "D"
        RenderInline {SPAN} at (0,0) size 9x14
          RenderText {#text} at (9,0) size 9x14
            text run at (9,0) width 9: "o "
        RenderText {#text} at (18,0) size 59x14
          text run at (18,0) width 59: "\x{AD}lorem ipsum"
      RenderBlock {P} at (0,380) size 784x14
        RenderText {#text} at (0,0) size 48x14
          text run at (0,0) width 48: "Do \x{AD} lorem"
      RenderBlock {P} at (0,406) size 784x14
        RenderText {#text} at (0,0) size 45x14
          text run at (0,0) width 45: "Do\x{AD} \x{AD}lorem"
      RenderBlock {P} at (0,432) size 784x14
        RenderText {#text} at (0,0) size 45x14
          text run at (0,0) width 18: "Do "
          text run at (18,0) width 27: "\x{AD}lorem"
      RenderBlock {P} at (0,458) size 784x14
        RenderText {#text} at (0,0) size 45x14
          text run at (0,0) width 18: "Do\x{AD} "
          text run at (18,0) width 27: "lorem"
      RenderBlock {P} at (0,484) size 784x14
        RenderText {#text} at (0,0) size 48x14
          text run at (0,0) width 21: "Do \x{AD} "
          text run at (21,0) width 27: "lorem"
      RenderBlock {P} at (0,510) size 784x14
        RenderText {#text} at (0,0) size 48x14
          text run at (0,0) width 18: "Do "
          text run at (18,0) width 30: "\x{AD} lorem"
      RenderBlock {P} at (0,536) size 784x14
        RenderText {#text} at (0,0) size 15x14
          text run at (0,0) width 15: "Do"
        RenderInline {SPAN} at (0,0) size 0x14
        RenderText {#text} at (15,0) size 59x14
          text run at (15,0) width 59: "\x{AD}lorem ipsum"
      RenderBlock {P} at (0,562) size 784x14
        RenderText {#text} at (0,0) size 74x14
          text run at (0,0) width 74: "Do\x{AD}\x{AD}lorem ipsum"
      RenderBlock {P} at (0,588) size 784x14
        RenderInline {SPAN} at (0,0) size 15x14
          RenderText {#text} at (0,0) size 15x14
            text run at (0,0) width 15: "Do\x{AD}"
        RenderText {#text} at (15,0) size 59x14
          text run at (15,0) width 59: "\x{AD}lorem ipsum"
      RenderBlock {P} at (0,614) size 784x14
        RenderText {#text} at (0,0) size 15x14
          text run at (0,0) width 15: "Do\x{AD}"
        RenderInline {SPAN} at (0,0) size 59x14
          RenderText {#text} at (15,0) size 59x14
            text run at (15,0) width 59: "\x{AD}lorem ipsum"
      RenderBlock {P} at (0,640) size 784x14
        RenderInline {SPAN} at (0,0) size 15x14
          RenderText {#text} at (0,0) size 15x14
            text run at (0,0) width 15: "Do\x{AD}\x{AD}"
        RenderText {#text} at (15,0) size 59x14
          text run at (15,0) width 59: "lorem ipsum"
      RenderBlock {P} at (0,666) size 784x14
        RenderText {#text} at (0,0) size 184x14
          text run at (0,0) width 184: "The following pair should be the same:"
      RenderBlock {P} at (0,692) size 784x16
        RenderText {#text} at (0,1) size 11x14
          text run at (0,1) width 11: "W"
        RenderBlock {SPAN} at (11,0) size 11x16 [border: (1px solid #FF0000)]
          RenderText {#text} at (1,1) size 9x14
            text run at (1,1) width 9: "X"
        RenderText {#text} at (22,1) size 9x14
          text run at (22,1) width 9: "Y"
      RenderBlock {P} at (0,720) size 784x16
        RenderText {#text} at (0,1) size 11x14
          text run at (0,1) width 11: "W"
        RenderBlock {SPAN} at (11,0) size 11x16 [border: (1px solid #FF0000)]
          RenderText {#text} at (1,1) size 9x14
            text run at (1,1) width 9: "X"
        RenderText {#text} at (22,1) size 9x14
          text run at (22,1) width 9: "Y"
layer at (23,90) size 11x16
  RenderBlock (relative positioned) {SPAN} at (15,0) size 11x16 [border: (1px solid #FF0000)]
    RenderText {#text} at (1,1) size 9x14
      text run at (1,1) width 9: "X"
layer at (789,118) size 11x16
  RenderBlock (positioned) {SPAN} at (789,118) size 11x16 [border: (1px solid #FF0000)]
    RenderText {#text} at (1,1) size 9x14
      text run at (1,1) width 9: "X"
