layer at (0,0) size 800x600
  RenderView at (0,0) size 800x600
layer at (0,0) size 800x600
  RenderBlock {HTML} at (0,0) size 800x600
    RenderBody {BODY} at (8,8) size 784x584
      RenderBlock (floating) {DIV} at (8,8) size 200x46 [bgcolor=#FFFFE0]
        RenderText {#text} at (0,0) size 166x22
          text run at (0,0) width 166: "Lorem ipsum dolor"
        RenderInline {SPAN} at (0,0) size 198x45 [bgcolor=#FFC0CB]
          RenderText {#text} at (166,0) size 198x45
            text run at (166,0) width 26: " sit"
            text run at (192,0) width 6: " "
            text run at (0,23) width 45: "amet"
        RenderText {#text} at (0,0) size 0x0
      RenderBlock (floating) {DIV} at (224,8) size 200x46 [bgcolor=#FFFFE0]
        RenderText {#text} at (4,0) size 166x22
          text run at (4,0) width 166: "Lorem ipsum dolor"
        RenderInline {SPAN} at (0,0) size 124x45 [bgcolor=#FFC0CB]
          RenderText {#text} at (170,0) size 124x45
            text run at (170,0) width 26: " sit"
            text run at (196,0) width 5: " "
            text run at (77,23) width 46: "amet"
        RenderText {#text} at (0,0) size 0x0
      RenderBlock (floating) {DIV} at (440,8) size 200x46 [bgcolor=#FFFFE0]
        RenderText {#text} at (8,0) size 166x22
          text run at (8,0) width 166: "Lorem ipsum dolor"
        RenderInline {SPAN} at (0,0) size 45x45 [bgcolor=#FFC0CB]
          RenderText {#text} at (174,0) size 45x45
            text run at (174,0) width 26: " sit"
            text run at (200,0) width 0: " "
            text run at (155,23) width 45: "amet"
        RenderText {#text} at (0,0) size 0x0
      RenderBlock (floating) {DIV} at (8,70) size 200x46 [bgcolor=#FFFFE0]
        RenderText {#text} at (0,0) size 171x22
          text run at (0,0) width 171: "Lorem ipsum dolor"
        RenderInline {SPAN} at (0,0) size 200x45 [bgcolor=#FFC0CB]
          RenderText {#text} at (171,0) size 200x45
            text run at (171,0) width 29: " sit"
            text run at (200,0) width 0: " "
            text run at (0,23) width 45: "amet"
        RenderText {#text} at (0,0) size 0x0
      RenderBlock (floating) {DIV} at (224,70) size 200x46 [bgcolor=#FFFFE0]
        RenderText {#text} at (0,0) size 166x22
          text run at (0,0) width 166: "Lorem ipsum dolor"
        RenderInline {SPAN} at (0,0) size 192x45 [bgcolor=#FFC0CB]
          RenderText {#text} at (0,0) size 192x45
            text run at (0,0) width 0 RTL: " "
            text run at (166,0) width 26: " sit"
            text run at (0,23) width 45: "amet"
        RenderText {#text} at (0,0) size 0x0
      RenderBlock (floating) {DIV} at (440,70) size 200x46 [bgcolor=#FFFFE0]
        RenderText {#text} at (4,0) size 166x22
          text run at (4,0) width 166: "Lorem ipsum dolor"
        RenderInline {SPAN} at (0,0) size 197x45 [bgcolor=#FFC0CB]
          RenderText {#text} at (0,0) size 197x45
            text run at (0,0) width 4 RTL: " "
            text run at (170,0) width 26: " sit"
            text run at (77,23) width 46: "amet"
        RenderText {#text} at (0,0) size 0x0
      RenderBlock (floating) {DIV} at (8,132) size 200x46 [bgcolor=#FFFFE0]
        RenderText {#text} at (8,0) size 166x22
          text run at (8,0) width 166: "Lorem ipsum dolor"
        RenderInline {SPAN} at (0,0) size 198x45 [bgcolor=#FFC0CB]
          RenderText {#text} at (2,0) size 198x45
            text run at (2,0) width 6 RTL: " "
            text run at (174,0) width 26: " sit"
            text run at (155,23) width 45: "amet"
        RenderText {#text} at (0,0) size 0x0
      RenderBlock (floating) {DIV} at (224,132) size 200x46 [bgcolor=#FFFFE0]
        RenderText {#text} at (0,0) size 171x22
          text run at (0,0) width 171: "Lorem ipsum dolor"
        RenderInline {SPAN} at (0,0) size 200x45 [bgcolor=#FFC0CB]
          RenderText {#text} at (0,0) size 200x45
            text run at (0,0) width 0 RTL: " "
            text run at (171,0) width 29: " sit"
            text run at (155,23) width 45: "amet"
        RenderText {#text} at (0,0) size 0x0
      RenderBlock (floating) {DIV} at (440,132) size 200x46 [bgcolor=#FFFFE0]
        RenderText {#text} at (0,0) size 163x22
          text run at (0,0) width 122: "Lorem ipsum "
          text run at (122,0) width 41 RTL: "\x{5D0}\x{5E0}\x{5D8}\x{5E3}"
        RenderInline {SPAN} at (0,0) size 169x45 [bgcolor=#FFC0CB]
          RenderText {#text} at (163,0) size 169x45
            text run at (163,0) width 6: " "
            text run at (0,23) width 36 RTL: "\x{5E9}\x{5DC}\x{5D2}\x{5D9}"
            text run at (36,23) width 51: " amet"
        RenderText {#text} at (0,0) size 0x0
      RenderBlock (floating) {DIV} at (8,194) size 200x46 [bgcolor=#FFFFE0]
        RenderText {#text} at (18,0) size 164x22
          text run at (18,0) width 123: "Lorem ipsum "
          text run at (140,0) width 42 RTL: "\x{5D0}\x{5E0}\x{5D8}\x{5E3}"
        RenderInline {SPAN} at (0,0) size 132x45 [bgcolor=#FFC0CB]
          RenderText {#text} at (181,0) size 132x45
            text run at (181,0) width 7: " "
            text run at (56,23) width 37 RTL: "\x{5E9}\x{5DC}\x{5D2}\x{5D9}"
            text run at (92,23) width 52: " amet"
        RenderText {#text} at (0,0) size 0x0
      RenderBlock (floating) {DIV} at (224,194) size 200x46 [bgcolor=#FFFFE0]
        RenderText {#text} at (37,0) size 163x22
          text run at (37,0) width 122: "Lorem ipsum "
          text run at (159,0) width 41 RTL: "\x{5D0}\x{5E0}\x{5D8}\x{5E3}"
        RenderInline {SPAN} at (0,0) size 87x45 [bgcolor=#FFC0CB]
          RenderText {#text} at (200,0) size 87x45
            text run at (200,0) width 0: " "
            text run at (113,23) width 36 RTL: "\x{5E9}\x{5DC}\x{5D2}\x{5D9}"
            text run at (149,23) width 51: " amet"
        RenderText {#text} at (0,0) size 0x0
      RenderBlock (floating) {DIV} at (440,194) size 200x46 [bgcolor=#FFFFE0]
        RenderText {#text} at (0,0) size 200x22
          text run at (0,0) width 159: "Lorem ipsum "
          text run at (159,0) width 41 RTL: "\x{5D0}\x{5E0}\x{5D8}\x{5E3}"
        RenderInline {SPAN} at (0,0) size 200x45 [bgcolor=#FFC0CB]
          RenderText {#text} at (200,0) size 200x45
            text run at (200,0) width 0: " "
            text run at (0,23) width 36 RTL: "\x{5E9}\x{5DC}\x{5D2}\x{5D9}"
            text run at (36,23) width 51: " amet"
        RenderText {#text} at (0,0) size 0x0
      RenderBlock (floating) {DIV} at (8,256) size 200x46 [bgcolor=#FFFFE0]
        RenderText {#text} at (0,0) size 163x22
          text run at (0,0) width 47 RTL: " \x{5D0}\x{5E0}\x{5D8}\x{5E3}"
          text run at (47,0) width 116: "Lorem ipsum"
        RenderInline {SPAN} at (0,0) size 87x45 [bgcolor=#FFC0CB]
          RenderText {#text} at (0,0) size 87x45
            text run at (0,0) width 0 RTL: " "
            text run at (0,23) width 45: "amet"
            text run at (45,23) width 42 RTL: "\x{5E9}\x{5DC}\x{5D2}\x{5D9} "
        RenderText {#text} at (0,0) size 0x0
      RenderBlock (floating) {DIV} at (224,256) size 200x46 [bgcolor=#FFFFE0]
        RenderText {#text} at (18,0) size 164x22
          text run at (18,0) width 48 RTL: " \x{5D0}\x{5E0}\x{5D8}\x{5E3}"
          text run at (65,0) width 117: "Lorem ipsum"
        RenderInline {SPAN} at (0,0) size 132x45 [bgcolor=#FFC0CB]
          RenderText {#text} at (12,0) size 132x45
            text run at (12,0) width 7 RTL: " "
            text run at (56,23) width 46: "amet"
            text run at (101,23) width 43 RTL: "\x{5E9}\x{5DC}\x{5D2}\x{5D9} "
        RenderText {#text} at (0,0) size 0x0
      RenderBlock (floating) {DIV} at (440,256) size 200x46 [bgcolor=#FFFFE0]
        RenderText {#text} at (37,0) size 163x22
          text run at (37,0) width 47 RTL: " \x{5D0}\x{5E0}\x{5D8}\x{5E3}"
          text run at (84,0) width 116: "Lorem ipsum"
        RenderInline {SPAN} at (0,0) size 169x45 [bgcolor=#FFC0CB]
          RenderText {#text} at (31,0) size 169x45
            text run at (31,0) width 6 RTL: " "
            text run at (113,23) width 45: "amet"
            text run at (158,23) width 42 RTL: "\x{5E9}\x{5DC}\x{5D2}\x{5D9} "
        RenderText {#text} at (0,0) size 0x0
      RenderBlock (floating) {DIV} at (8,318) size 200x46 [bgcolor=#FFFFE0]
        RenderText {#text} at (0,0) size 200x22
          text run at (0,0) width 65 RTL: " \x{5D0}\x{5E0}\x{5D8}\x{5E3}"
          text run at (65,0) width 135: "Lorem ipsum"
        RenderInline {SPAN} at (0,0) size 200x45 [bgcolor=#FFC0CB]
          RenderText {#text} at (0,0) size 200x45
            text run at (0,0) width 0 RTL: " "
            text run at (113,23) width 45: "amet"
            text run at (158,23) width 42 RTL: "\x{5E9}\x{5DC}\x{5D2}\x{5D9} "
        RenderText {#text} at (0,0) size 0x0
