layer at (0,0) size 800x600
  RenderView at (0,0) size 800x600
layer at (0,0) size 800x600
  RenderBlock {HTML} at (0,0) size 800x600
    RenderBody {BODY} at (8,8) size 784x584
      RenderBlock {P} at (0,0) size 784x14
        RenderText {#text} at (0,0) size 40x14
          text run at (0,0) width 40: "Test for "
        RenderInline {I} at (0,0) size 698x14
          RenderInline {A} at (0,0) size 226x14 [color=#0000EE]
            RenderText {#text} at (40,0) size 226x14
              text run at (40,0) width 226: "http://bugs.webkit.org/show_bug.cgi?id=17464"
          RenderText {#text} at (266,0) size 472x14
            text run at (266,0) width 3: " "
            text run at (269,0) width 469: "REGRESSION: Crash in RenderBlock::findNextLineBreak reading r30444 commit email in GMail"
        RenderText {#text} at (738,0) size 3x14
          text run at (738,0) width 3: "."
      RenderBlock {P} at (0,26) size 784x14
        RenderText {#text} at (0,0) size 118x14
          text run at (0,0) width 118: "No crash means success."
      RenderBlock {DIV} at (0,52) size 100x28
        RenderText {#text} at (0,0) size 63x14
          text run at (0,0) width 63: "Lorem ipsum"
        RenderWordBreak {WBR} at (0,0) size 0x0
        RenderText {#text} at (63,0) size 91x28
          text run at (63,0) width 25: "dolor"
          text run at (88,0) width 3: " "
          text run at (0,14) width 36: "sit amet"
