layer at (0,0) size 800x600
  RenderView at (0,0) size 800x600
layer at (0,0) size 800x600
  RenderBlock {HTML} at (0,0) size 800x600
    RenderBody {BODY} at (8,8) size 784x580
      RenderBlock {P} at (0,0) size 784x14
        RenderText {#text} at (0,0) size 68x14
          text run at (0,0) width 68: "This tests that "
        RenderInline {TT} at (0,0) size 18x11
          RenderText {#text} at (68,3) size 18x11
            text run at (68,3) width 18: "WBR"
        RenderText {#text} at (86,0) size 224x14
          text run at (86,0) width 224: " elements cannot be styled and that setting their "
        RenderInline {TT} at (0,0) size 48x11
          RenderText {#text} at (310,3) size 48x11
            text run at (310,3) width 48: "position"
        RenderText {#text} at (358,0) size 15x14
          text run at (358,0) width 15: " to "
        RenderInline {TT} at (0,0) size 48x11
          RenderText {#text} at (373,3) size 48x11
            text run at (373,3) width 48: "absolute"
        RenderText {#text} at (421,0) size 114x14
          text run at (421,0) width 114: " does not crash WebKit."
      RenderBlock {P} at (0,26) size 784x14
        RenderText {#text} at (0,0) size 94x14
          text run at (0,0) width 94: "There should be no "
        RenderWordBreak {WBR} at (0,0) size 0x0
        RenderText {#text} at (94,0) size 73x14
          text run at (94,0) width 73: "red on this line."
      RenderBlock {P} at (0,52) size 784x14
        RenderText {#text} at (0,0) size 93x14
          text run at (0,0) width 93: "No crashing, please"
        RenderWordBreak {WBR} at (0,0) size 0x0
        RenderText {#text} at (93,0) size 3x14
          text run at (93,0) width 3: "."
