layer at (0,0) size 800x600
  RenderView at (0,0) size 800x600
layer at (0,0) size 800x600
  RenderBlock {HTML} at (0,0) size 800x600
    RenderBody {BODY} at (8,8) size 784x582
      RenderBlock {PRE} at (0,0) size 784x36
        RenderText {#text} at (0,0) size 138x12
          text run at (0,0) width 138: "[ONE] This is the first"
        RenderWordBreak {WBR} at (0,0) size 0x0
        RenderText {#text} at (138,0) size 426x36
          text run at (138,0) width 36: " line."
          text run at (174,0) width 0: " "
          text run at (0,12) width 426: "[TWO] If this on the same line as the first line, this test has failed."
          text run at (426,12) width 0: " "
          text run at (0,24) width 24: "    "
