layer at (0,0) size 800x600
  RenderView at (0,0) size 800x600
layer at (0,0) size 800x600
  RenderBlock {HTML} at (0,0) size 800x600
    RenderBody {BODY} at (8,8) size 784x584
      RenderBlock {P} at (0,0) size 784x14
        RenderText {#text} at (0,0) size 40x14
          text run at (0,0) width 40: "Test for "
        RenderInline {I} at (0,0) size 452x14
          RenderInline {A} at (0,0) size 226x14 [color=#0000EE]
            RenderText {#text} at (40,0) size 226x14
              text run at (40,0) width 226: "http://bugs.webkit.org/show_bug.cgi?id=13178"
          RenderText {#text} at (266,0) size 226x14
            text run at (266,0) width 3: " "
            text run at (269,0) width 223: "Helvetica zero-width space has non-zero width"
        RenderText {#text} at (492,0) size 3x14
          text run at (492,0) width 3: "."
      RenderBlock {P} at (0,26) size 784x14
        RenderText {#text} at (0,0) size 200x14
          text run at (0,0) width 200: "The following lines should all be identical."
      RenderBlock {DIV} at (0,52) size 784x41
        RenderText {#text} at (0,0) size 386x41
          text run at (0,0) width 386: "Lor\x{E9}m\x{200B}ipsum\x{200E}dolor\x{1F}sit"
      RenderBlock {DIV} at (0,93) size 784x41
        RenderText {#text} at (0,0) size 0x41
          text run at (0,0) width 0: "Lore\x{301}m\x{200B}ipsum\x{200E}dolor\x{1F}sit"
      RenderBlock {DIV} at (0,134) size 784x41
        RenderText {#text} at (0,0) size 386x41
          text run at (0,0) width 386: "Lor\x{E9}mipsumdolorsit"
