layer at (0,0) size 800x600
  RenderView at (0,0) size 800x600
layer at (0,0) size 800x600
  RenderBlock {HTML} at (0,0) size 800x600
    RenderBody {BODY} at (8,8) size 784x580
      RenderBlock {P} at (0,0) size 784x14
        RenderText {#text} at (0,0) size 40x14
          text run at (0,0) width 40: "Test for "
        RenderInline {I} at (0,0) size 628x14
          RenderInline {A} at (0,0) size 226x14 [color=#0000EE]
            RenderText {#text} at (40,0) size 226x14
              text run at (40,0) width 226: "http://bugs.webkit.org/show_bug.cgi?id=15259"
          RenderText {#text} at (266,0) size 402x14
            text run at (266,0) width 3: " "
            text run at (269,0) width 399: "REGRESSION:Text overflows if a empty <td> is followed by a <td align=\"center\">"
        RenderText {#text} at (668,0) size 3x14
          text run at (668,0) width 3: "."
      RenderBlock {P} at (0,26) size 784x14
        RenderText {#text} at (0,0) size 195x14
          text run at (0,0) width 195: "The next 7 lines should all look the same."
      RenderBlock (floating) {DIV} at (0,52) size 76x20 [border: (3px solid #000000)]
        RenderText {#text} at (3,3) size 70x14
          text run at (3,3) width 70: "A B"
      RenderBlock (floating) {DIV} at (0,72) size 76x20 [border: (3px solid #000000)]
        RenderText {#text} at (3,3) size 70x14
          text run at (3,3) width 70: "A B"
      RenderBlock (floating) {DIV} at (0,92) size 76x20 [border: (3px solid #000000)]
        RenderInline {SPAN} at (0,0) size 9x14
          RenderText {#text} at (3,3) size 9x14
            text run at (3,3) width 9: "A"
        RenderText {#text} at (62,3) size 11x14
          text run at (62,3) width 11: " B"
      RenderBlock (floating) {DIV} at (0,112) size 76x20 [border: (3px solid #000000)]
        RenderInline {SPAN} at (0,0) size 9x14
          RenderText {#text} at (3,3) size 9x14
            text run at (3,3) width 9: "A"
        RenderText {#text} at (62,3) size 11x14
          text run at (62,3) width 11: " B"
      RenderBlock (floating) {DIV} at (0,132) size 76x20 [border: (3px solid #000000)]
        RenderInline {SPAN} at (0,0) size 9x14
          RenderText {#text} at (3,3) size 9x14
            text run at (3,3) width 9: "A"
        RenderText {#text} at (62,3) size 11x14
          text run at (62,3) width 11: " B"
      RenderBlock (floating) {DIV} at (0,152) size 76x20 [border: (3px solid #000000)]
        RenderInline {SPAN} at (0,0) size 9x14
          RenderText {#text} at (3,3) size 9x14
            text run at (3,3) width 9: "A"
        RenderText {#text} at (62,3) size 3x14
          text run at (62,3) width 3: " "
        RenderInline {SPAN} at (0,0) size 8x14
          RenderText {#text} at (65,3) size 8x14
            text run at (65,3) width 8: "B"
      RenderBlock (floating) {DIV} at (0,172) size 76x20 [border: (3px solid #000000)]
        RenderInline {SPAN} at (0,0) size 9x14
          RenderText {#text} at (3,3) size 9x14
            text run at (3,3) width 9: "A"
        RenderText {#text} at (62,3) size 11x14
          text run at (62,3) width 11: " B"
