layer at (0,0) size 800x600
  RenderView at (0,0) size 800x600
layer at (0,0) size 800x600
  RenderBlock {HTML} at (0,0) size 800x600
    RenderBody {BODY} at (8,8) size 784x580
      RenderBlock {P} at (0,0) size 784x14
        RenderText {#text} at (0,0) size 40x14
          text run at (0,0) width 40: "Test for "
        RenderInline {I} at (0,0) size 580x14
          RenderInline {A} at (0,0) size 226x14 [color=#0000EE]
            RenderText {#text} at (40,0) size 226x14
              text run at (40,0) width 226: "http://bugs.webkit.org/show_bug.cgi?id=15367"
          RenderText {#text} at (266,0) size 354x14
            text run at (266,0) width 3: " "
            text run at (269,0) width 351: "Assertion failure inspecting a document including soft hyphen code (0xad)"
        RenderText {#text} at (620,0) size 3x14
          text run at (620,0) width 3: "."
      RenderBlock {P} at (0,26) size 784x14
        RenderText {#text} at (0,0) size 367x14
          text run at (0,0) width 367: "The following text should not wrap and the border should fit tightly around it."
layer at (8,60) size 89x20
  RenderBlock (positioned) {DIV} at (8,60) size 89x20 [border: (3px solid #000000)]
    RenderText {#text} at (3,3) size 83x14
      text run at (3,3) width 83: "Two soft\x{AD}hyp\x{AD}hens"
