layer at (0,0) size 800x782
  RenderView at (0,0) size 800x600
layer at (0,0) size 800x782
  RenderBlock {HTML} at (0,0) size 800x782
    RenderBody {BODY} at (8,8) size 784x766
      RenderBlock (anonymous) at (0,0) size 784x14
        RenderText {#text} at (0,0) size 512x14
          text run at (0,0) width 512: "This example tests that word-break properly shrinks a cell to one character per line when it is set to break-all."
      RenderTable {TABLE} at (0,14) size 784x86 [border: (1px outset #808080)]
        RenderTableSection {TBODY} at (1,1) size 782x84
          RenderTableRow {TR} at (0,0) size 782x84
            RenderTableCell {TD} at (0,0) size 18x84 [border: (1px inset #808080)] [r=0 c=0 rs=1 cs=1]
              RenderText {#text} at (6,6) size 6x72
                text run at (6,6) width 6: "N"
                text run at (6,18) width 6: "a"
                text run at (6,30) width 6: "r"
                text run at (6,42) width 6: "r"
                text run at (6,54) width 6: "o"
                text run at (6,66) width 6: "w"
            RenderTableCell {TD} at (18,30) size 764x24 [border: (1px inset #808080)] [r=0 c=1 rs=1 cs=1]
              RenderText {#text} at (6,6) size 126x12
                text run at (6,6) width 126: "This cell should grow"
      RenderBlock (anonymous) at (0,100) size 784x28
        RenderBR {BR} at (0,0) size 0x14
        RenderText {#text} at (0,14) size 323x14
          text run at (0,14) width 323: "This test checks that word-break is ignored when white-space is pre."
      RenderBlock {PRE} at (0,138) size 110x22 [border: (5px solid #000000)]
        RenderText {#text} at (5,5) size 336x12
          text run at (5,5) width 336: "Thislongwordshouldnotgetbrokenbutshouldstickoutofthepre."
          text run at (341,5) width 0: " "
      RenderBlock (anonymous) at (0,170) size 784x42
        RenderBR {BR} at (0,0) size 0x14
        RenderText {#text} at (0,14) size 763x28
          text run at (0,14) width 351: "The next two examples test our custom break-word value for word-break. "
          text run at (351,14) width 412: "We should get the same results as break-all for the first test, but we should break up the"
          text run at (0,28) width 423: "word in the second test (since our behavior matches word-wrap: break-word in that case)."
      RenderTable {TABLE} at (0,212) size 784x86 [border: (1px outset #808080)]
        RenderTableSection {TBODY} at (1,1) size 782x84
          RenderTableRow {TR} at (0,0) size 782x84
            RenderTableCell {TD} at (0,0) size 18x84 [border: (1px inset #808080)] [r=0 c=0 rs=1 cs=1]
              RenderText {#text} at (6,6) size 6x72
                text run at (6,6) width 6: "N"
                text run at (6,18) width 6: "a"
                text run at (6,30) width 6: "r"
                text run at (6,42) width 6: "r"
                text run at (6,54) width 6: "o"
                text run at (6,66) width 6: "w"
            RenderTableCell {TD} at (18,30) size 764x24 [border: (1px inset #808080)] [r=0 c=1 rs=1 cs=1]
              RenderText {#text} at (6,6) size 126x12
                text run at (6,6) width 126: "This cell should grow"
      RenderBlock (anonymous) at (0,298) size 784x14
        RenderBR {BR} at (0,0) size 0x14
      RenderBlock {PRE} at (0,322) size 110x58 [border: (5px solid #000000)]
        RenderText {#text} at (5,5) size 96x48
          text run at (5,5) width 96: "Thislongwordshou"
          text run at (5,17) width 96: "ldnotgetbrokenbu"
          text run at (5,29) width 96: "tshouldstickouto"
          text run at (5,41) width 48: "fthepre."
          text run at (53,41) width 0: " "
      RenderBlock (anonymous) at (0,390) size 784x42
        RenderBR {BR} at (0,0) size 0x14
        RenderText {#text} at (0,14) size 757x28
          text run at (0,14) width 470: "This test makes sure floating and positioned elements do the right thing with word-break: break-all. "
          text run at (470,14) width 287: "The minimum width should be less than the containing block"
          text run at (0,28) width 33: "width. "
          text run at (33,28) width 365: "The breaking should be \"dumb\" and just occur when the end of the line is hit."
      RenderBlock {DIV} at (0,432) size 304x28 [border: (2px solid #000000)]
        RenderBlock (floating) {DIV} at (2,2) size 300x24
          RenderText {#text} at (0,0) size 300x24
            text run at (0,0) width 300: "Eventhoughthishasareallylongword itshouldnotstick "
            text run at (0,12) width 174: "out oftheenclosing300pxblock."
        RenderBR {BR} at (302,2) size 0x12
      RenderBlock (anonymous) at (0,460) size 784x14
        RenderBR {BR} at (0,0) size 0x14
      RenderBlock (anonymous) at (0,578) size 784x42
        RenderBR {BR} at (0,0) size 0x14
        RenderText {#text} at (0,14) size 771x28
          text run at (0,14) width 484: "This test makes sure floating and positioned elements do the right thing with word-break: break-word. "
          text run at (484,14) width 287: "The minimum width should be less than the containing block"
          text run at (0,28) width 33: "width. "
          text run at (33,28) width 725: "The breaking should be \"smart\" and be like word-wrap: break-word, with words preferring to wrap first before allowing break opportunities within them."
      RenderBlock {DIV} at (0,620) size 304x28 [border: (2px solid #000000)]
        RenderBlock (floating) {DIV} at (2,2) size 300x24
          RenderText {#text} at (0,0) size 294x24
            text run at (0,0) width 294: "Eventhoughthishasareallylongword itshouldnotstick"
            text run at (0,12) width 174: "out oftheenclosing300pxblock."
        RenderBR {BR} at (302,2) size 0x12
      RenderBlock (anonymous) at (0,648) size 784x14
        RenderBR {BR} at (0,0) size 0x14
layer at (8,482) size 304x104
  RenderBlock (relative positioned) {DIV} at (0,474) size 304x104 [border: (2px solid #000000)]
layer at (10,484) size 300x24
  RenderBlock (positioned) {DIV} at (2,2) size 300x24
    RenderText {#text} at (0,0) size 300x24
      text run at (0,0) width 300: "Eventhoughthishasareallylongword itshouldnotstick "
      text run at (0,12) width 174: "out oftheenclosing300pxblock."
layer at (8,670) size 304x104
  RenderBlock (relative positioned) {DIV} at (0,662) size 304x104 [border: (2px solid #000000)]
layer at (10,672) size 300x24
  RenderBlock (positioned) {DIV} at (2,2) size 300x24
    RenderText {#text} at (0,0) size 294x24
      text run at (0,0) width 294: "Eventhoughthishasareallylongword itshouldnotstick"
      text run at (0,12) width 174: "out oftheenclosing300pxblock."
