layer at (0,0) size 800x958
  RenderView at (0,0) size 800x600
layer at (0,0) size 800x958
  RenderBlock {HTML} at (0,0) size 800x958
    RenderBody {BODY} at (8,8) size 784x942 [bgcolor=#CCCCCC]
      RenderBlock {P} at (0,0) size 784x14
        RenderText {#text} at (0,0) size 264x14
          text run at (0,0) width 264: "The style declarations which apply to the text below are:"
      RenderBlock {PRE} at (0,26) size 784x204
        RenderText {#text} at (0,0) size 516x204
          text run at (0,0) width 486: "BODY {background-image: url(../resources/bg.gif); background-position: right top;"
          text run at (486,0) width 0: " "
          text run at (0,12) width 216: "      background-repeat: no-repeat;}"
          text run at (216,12) width 0: " "
          text run at (0,24) width 468: ".one {background-image: url(../resources/bg.gif); background-position: center;"
          text run at (468,24) width 0: " "
          text run at (0,36) width 360: "      background-repeat: no-repeat; background-color: aqua;}"
          text run at (360,36) width 0: " "
          text run at (0,48) width 474: ".two {background-image: url(../resources/bg.gif); background-position: 50% 50%;"
          text run at (474,48) width 0: " "
          text run at (0,60) width 360: "      background-repeat: no-repeat; background-color: aqua;}"
          text run at (360,60) width 0: " "
          text run at (0,72) width 516: ".three {background-image: url(../resources/bg.gif); background-position: bottom right;"
          text run at (516,72) width 0: " "
          text run at (0,84) width 372: "        background-repeat: no-repeat; background-color: aqua;}"
          text run at (372,84) width 0: " "
          text run at (0,96) width 492: ".four {background-image: url(../resources/bg.gif); background-position: 100% 100%;"
          text run at (492,96) width 0: " "
          text run at (0,108) width 366: "       background-repeat: no-repeat; background-color: aqua;}"
          text run at (366,108) width 0: " "
          text run at (0,120) width 474: ".five {background-image: url(../resources/bg.gif); background-position: 0% 50%;"
          text run at (474,120) width 0: " "
          text run at (0,132) width 366: "       background-repeat: no-repeat; background-color: aqua;}"
          text run at (366,132) width 0: " "
          text run at (0,144) width 474: ".six {background-image: url(../resources/bg.gif); background-position: 75% 25%;"
          text run at (474,144) width 0: " "
          text run at (0,156) width 366: "       background-repeat: no-repeat; background-color: aqua;}"
          text run at (366,156) width 0: " "
          text run at (0,168) width 498: ".seven {background-image: url(../resources/bg.gif); background-position: 20px 20px;"
          text run at (498,168) width 0: " "
          text run at (0,180) width 366: "       background-repeat: no-repeat; background-color: aqua;}"
          text run at (366,180) width 0: " "
          text run at (0,192) width 0: " "
      RenderBlock {HR} at (0,240) size 784x2 [border: (1px inset #000000)]
      RenderBlock {P} at (0,254) size 784x14
        RenderText {#text} at (0,0) size 377x14
          text run at (0,0) width 377: "This document should have a single, small green image in its upper right corner."
      RenderBlock {P} at (0,280) size 784x28 [bgcolor=#00FFFF]
        RenderText {#text} at (0,0) size 739x28
          text run at (0,0) width 721: "This paragraph should have a single, small green image exactly in its center; that is, the center of the image should be fixed at the center of the paragraph. "
          text run at (721,0) width 18: "The"
          text run at (0,14) width 580: "background color will make it easier to determine the edges of the paragraph, and therefore allow you to calculate its center."
      RenderBlock {P} at (0,320) size 784x28 [bgcolor=#00FFFF]
        RenderText {#text} at (0,0) size 739x28
          text run at (0,0) width 721: "This paragraph should have a single, small green image exactly in its center; that is, the center of the image should be fixed at the center of the paragraph. "
          text run at (721,0) width 18: "The"
          text run at (0,14) width 580: "background color will make it easier to determine the edges of the paragraph, and therefore allow you to calculate its center."
      RenderBlock {P} at (0,360) size 784x28 [bgcolor=#00FFFF]
        RenderText {#text} at (0,0) size 784x28
          text run at (0,0) width 784: "This paragraph should have a single, small green image in its lower-right corner; that is, the lower right corner of the image should be fixed at the lower right corner of"
          text run at (0,14) width 70: "the paragraph. "
          text run at (70,14) width 583: "The background color will make it easier to determine the edges of the paragraph, and therefore allow you to see its corners."
      RenderBlock {P} at (0,400) size 784x28 [bgcolor=#00FFFF]
        RenderText {#text} at (0,0) size 784x28
          text run at (0,0) width 784: "This paragraph should have a single, small green image in its lower-right corner; that is, the lower right corner of the image should be fixed at the lower right corner of"
          text run at (0,14) width 70: "the paragraph. "
          text run at (70,14) width 583: "The background color will make it easier to determine the edges of the paragraph, and therefore allow you to see its corners."
      RenderBlock {P} at (0,440) size 784x28 [bgcolor=#00FFFF]
        RenderText {#text} at (0,0) size 774x28
          text run at (0,0) width 774: "This paragraph should have a single, small green image exactly at the left center; that is, the left center of the image should be fixed at the left center of the paragraph."
          text run at (0,14) width 601: "The background color will make it easier to determine the edges of the paragraph, and therefore allow you to calculate its center."
      RenderBlock {P} at (0,480) size 784x42 [bgcolor=#00FFFF]
        RenderText {#text} at (0,0) size 768x42
          text run at (0,0) width 564: "This paragraph should have a single, small green image positioned 75% of the way across the element, and 25% down. "
          text run at (564,0) width 204: "The background color will make it easier to"
          text run at (0,14) width 755: "determine the edges of the paragraph, which should help in determining if all this is so, and the extra text should make the element long enough for this test to be"
          text run at (0,28) width 91: "simpler to evaluate."
      RenderBlock {P} at (0,534) size 784x42 [bgcolor=#00FFFF]
        RenderText {#text} at (0,0) size 769x42
          text run at (0,0) width 769: "This paragraph should have a single, small green image positioned 20 pixels down and to the left of the upper left-hand corner; that is, the upper left-hand corner of"
          text run at (0,14) width 424: "the image should be 20 pixels down and to the left of the upper-left corner of the element. "
          text run at (424,14) width 330: "The background color will make it easier to determine the edges of the"
          text run at (0,28) width 251: "paragraph, which should assist in evaluating this test."
      RenderTable {TABLE} at (0,588) size 784x354 [border: (1px outset #808080)]
        RenderTableSection {TBODY} at (1,1) size 782x352
          RenderTableRow {TR} at (0,0) size 782x22
            RenderTableCell {TD} at (0,0) size 782x22 [bgcolor=#C0C0C0] [border: (1px inset #808080)] [r=0 c=0 rs=1 cs=2]
              RenderInline {STRONG} at (0,0) size 122x14
                RenderText {#text} at (4,4) size 122x14
                  text run at (4,4) width 122: "TABLE Testing Section"
          RenderTableRow {TR} at (0,22) size 782x330
            RenderTableCell {TD} at (0,176) size 11x22 [bgcolor=#C0C0C0] [border: (1px inset #808080)] [r=1 c=0 rs=1 cs=1]
              RenderText {#text} at (4,4) size 3x14
                text run at (4,4) width 3: " "
            RenderTableCell {TD} at (11,22) size 771x330 [border: (1px inset #808080)] [r=1 c=1 rs=1 cs=1]
              RenderBlock {P} at (4,4) size 763x14
                RenderText {#text} at (0,0) size 377x14
                  text run at (0,0) width 377: "This document should have a single, small green image in its upper right corner."
              RenderBlock {P} at (4,30) size 763x28 [bgcolor=#00FFFF]
                RenderText {#text} at (0,0) size 739x28
                  text run at (0,0) width 721: "This paragraph should have a single, small green image exactly in its center; that is, the center of the image should be fixed at the center of the paragraph. "
                  text run at (721,0) width 18: "The"
                  text run at (0,14) width 580: "background color will make it easier to determine the edges of the paragraph, and therefore allow you to calculate its center."
              RenderBlock {P} at (4,70) size 763x28 [bgcolor=#00FFFF]
                RenderText {#text} at (0,0) size 739x28
                  text run at (0,0) width 721: "This paragraph should have a single, small green image exactly in its center; that is, the center of the image should be fixed at the center of the paragraph. "
                  text run at (721,0) width 18: "The"
                  text run at (0,14) width 580: "background color will make it easier to determine the edges of the paragraph, and therefore allow you to calculate its center."
              RenderBlock {P} at (4,110) size 763x28 [bgcolor=#00FFFF]
                RenderText {#text} at (0,0) size 738x28
                  text run at (0,0) width 738: "This paragraph should have a single, small green image in its lower-right corner; that is, the lower right corner of the image should be fixed at the lower right"
                  text run at (0,14) width 116: "corner of the paragraph. "
                  text run at (116,14) width 583: "The background color will make it easier to determine the edges of the paragraph, and therefore allow you to see its corners."
              RenderBlock {P} at (4,150) size 763x28 [bgcolor=#00FFFF]
                RenderText {#text} at (0,0) size 738x28
                  text run at (0,0) width 738: "This paragraph should have a single, small green image in its lower-right corner; that is, the lower right corner of the image should be fixed at the lower right"
                  text run at (0,14) width 116: "corner of the paragraph. "
                  text run at (116,14) width 583: "The background color will make it easier to determine the edges of the paragraph, and therefore allow you to see its corners."
              RenderBlock {P} at (4,190) size 763x28 [bgcolor=#00FFFF]
                RenderText {#text} at (0,0) size 721x28
                  text run at (0,0) width 721: "This paragraph should have a single, small green image exactly at the left center; that is, the left center of the image should be fixed at the left center of the"
                  text run at (0,14) width 53: "paragraph. "
                  text run at (53,14) width 601: "The background color will make it easier to determine the edges of the paragraph, and therefore allow you to calculate its center."
              RenderBlock {P} at (4,230) size 763x42 [bgcolor=#00FFFF]
                RenderText {#text} at (0,0) size 756x42
                  text run at (0,0) width 564: "This paragraph should have a single, small green image positioned 75% of the way across the element, and 25% down. "
                  text run at (564,0) width 192: "The background color will make it easier"
                  text run at (0,14) width 753: "to determine the edges of the paragraph, which should help in determining if all this is so, and the extra text should make the element long enough for this test to"
                  text run at (0,28) width 105: "be simpler to evaluate."
              RenderBlock {P} at (4,284) size 763x42 [bgcolor=#00FFFF]
                RenderText {#text} at (0,0) size 756x42
                  text run at (0,0) width 756: "This paragraph should have a single, small green image positioned 20 pixels down and to the left of the upper left-hand corner; that is, the upper left-hand corner"
                  text run at (0,14) width 437: "of the image should be 20 pixels down and to the left of the upper-left corner of the element. "
                  text run at (437,14) width 313: "The background color will make it easier to determine the edges of"
                  text run at (0,28) width 268: "the paragraph, which should assist in evaluating this test."
