layer at (0,0) size 800x600
  RenderView at (0,0) size 800x600
layer at (0,0) size 800x600
  RenderBlock {HTML} at (0,0) size 800x600
    RenderBody {BODY} at (8,8) size 784x584 [bgcolor=#CCCCCC]
      RenderBlock {P} at (0,0) size 784x14 [bgcolor=#008000]
        RenderText {#text} at (0,0) size 264x14
          text run at (0,0) width 264: "The style declarations which apply to the text below are:"
      RenderBlock {PRE} at (0,26) size 784x48
        RenderText {#text} at (0,0) size 222x48
          text run at (0,0) width 168: "P {background-color: green;}"
          text run at (168,0) width 0: " "
          text run at (0,12) width 180: ".one {background-color: lime;}"
          text run at (180,12) width 0: " "
          text run at (0,24) width 222: ".two {background-color: transparent;}"
          text run at (222,24) width 0: " "
          text run at (0,36) width 0: " "
      RenderBlock {HR} at (0,84) size 784x2 [border: (1px inset #000000)]
      RenderBlock {P} at (0,98) size 784x14 [bgcolor=#008000]
        RenderText {#text} at (0,0) size 207x14
          text run at (0,0) width 207: "This element's background should be green."
      RenderBlock {P} at (0,124) size 784x14 [bgcolor=#00FF00]
        RenderText {#text} at (0,0) size 262x14
          text run at (0,0) width 262: "This element's background should be lime (light green)."
      RenderBlock {P} at (0,150) size 784x42 [bgcolor=#008000]
        RenderText {#text} at (0,0) size 488x14
          text run at (0,0) width 488: "This element's background should be green, and the last word in this sentence should also have a green "
        RenderInline {SPAN} at (0,0) size 56x14
          RenderText {#text} at (488,0) size 56x14
            text run at (488,0) width 56: "background"
        RenderText {#text} at (544,0) size 755x28
          text run at (544,0) width 6: ". "
          text run at (550,0) width 205: "This is because the background color of the"
          text run at (0,14) width 494: "parent element (the paragraph) should \"shine through\" the SPANned word \"sentence,\" which was set to "
        RenderInline {CODE} at (0,0) size 66x12
          RenderText {#text} at (494,16) size 66x12
            text run at (494,16) width 66: "transparent"
        RenderText {#text} at (560,14) size 764x28
          text run at (560,14) width 6: ". "
          text run at (566,14) width 198: "If the document background is visible, the"
          text run at (0,28) width 91: "browser is in error."
      RenderBlock {P} at (0,204) size 784x14
        RenderText {#text} at (0,0) size 556x14
          text run at (0,0) width 345: "This element should allow the document background to \"shine through.\" "
          text run at (345,0) width 211: "There should be no green backgrounds here!"
      RenderTable {TABLE} at (0,230) size 784x152 [border: (1px outset #808080)]
        RenderTableSection {TBODY} at (1,1) size 782x150
          RenderTableRow {TR} at (0,0) size 782x22
            RenderTableCell {TD} at (0,0) size 782x22 [bgcolor=#C0C0C0] [border: (1px inset #808080)] [r=0 c=0 rs=1 cs=2]
              RenderInline {STRONG} at (0,0) size 122x14
                RenderText {#text} at (4,4) size 122x14
                  text run at (4,4) width 122: "TABLE Testing Section"
          RenderTableRow {TR} at (0,22) size 782x128
            RenderTableCell {TD} at (0,75) size 11x22 [bgcolor=#C0C0C0] [border: (1px inset #808080)] [r=1 c=0 rs=1 cs=1]
              RenderText {#text} at (4,4) size 3x14
                text run at (4,4) width 3: " "
            RenderTableCell {TD} at (11,22) size 771x128 [border: (1px inset #808080)] [r=1 c=1 rs=1 cs=1]
              RenderBlock {P} at (4,4) size 763x14 [bgcolor=#008000]
                RenderText {#text} at (0,0) size 207x14
                  text run at (0,0) width 207: "This element's background should be green."
              RenderBlock {P} at (4,30) size 763x14 [bgcolor=#00FF00]
                RenderText {#text} at (0,0) size 262x14
                  text run at (0,0) width 262: "This element's background should be lime (light green)."
              RenderBlock {P} at (4,56) size 763x42 [bgcolor=#008000]
                RenderText {#text} at (0,0) size 488x14
                  text run at (0,0) width 488: "This element's background should be green, and the last word in this sentence should also have a green "
                RenderInline {SPAN} at (0,0) size 56x14
                  RenderText {#text} at (488,0) size 56x14
                    text run at (488,0) width 56: "background"
                RenderText {#text} at (544,0) size 755x28
                  text run at (544,0) width 6: ". "
                  text run at (550,0) width 205: "This is because the background color of the"
                  text run at (0,14) width 494: "parent element (the paragraph) should \"shine through\" the SPANned word \"sentence,\" which was set to "
                RenderInline {CODE} at (0,0) size 66x12
                  RenderText {#text} at (494,16) size 66x12
                    text run at (494,16) width 66: "transparent"
                RenderText {#text} at (560,14) size 747x28
                  text run at (560,14) width 6: ". "
                  text run at (566,14) width 181: "If the document background is visible,"
                  text run at (0,28) width 108: "the browser is in error."
              RenderBlock {P} at (4,110) size 763x14
                RenderText {#text} at (0,0) size 556x14
                  text run at (0,0) width 345: "This element should allow the document background to \"shine through.\" "
                  text run at (345,0) width 211: "There should be no green backgrounds here!"
