layer at (0,0) size 800x1182
  RenderView at (0,0) size 800x600
layer at (0,0) size 800x1182
  RenderBlock {HTML} at (0,0) size 800x1182
    RenderBody {BODY} at (8,8) size 784x1166 [bgcolor=#CCCCCC]
      RenderBlock {P} at (0,0) size 784x14
        RenderText {#text} at (0,0) size 264x14
          text run at (0,0) width 264: "The style declarations which apply to the text below are:"
      RenderBlock {PRE} at (0,26) size 784x180
        RenderText {#text} at (0,0) size 660x180
          text run at (0,0) width 504: ".one {background-image: url(../resources/oransqr.gif); background-repeat: repeat-y;}"
          text run at (504,0) width 0: " "
          text run at (0,12) width 504: ".two {background-image: url(../resources/oransqr.gif); background-repeat: repeat-x;}"
          text run at (504,12) width 0: " "
          text run at (0,24) width 522: ".three {background-image: url(../resources/oransqr.gif); background-repeat: no-repeat;}"
          text run at (522,24) width 0: " "
          text run at (0,36) width 660: ".four {background-image: url(../resources/bg.gif); background-position: 50% 50%; background-repeat: repeat-y;}"
          text run at (660,36) width 0: " "
          text run at (0,48) width 528: ".five {background-image: url(../resources/crosshair2.gif); background-position: 50% 50%;"
          text run at (528,48) width 0: " "
          text run at (0,60) width 180: "       background-color: red;}"
          text run at (180,60) width 0: " "
          text run at (0,72) width 540: ".six {background-image: url(../resources/crosshair2.gif); background-position: center top;"
          text run at (540,72) width 0: " "
          text run at (0,84) width 174: "      background-color: red;}"
          text run at (174,84) width 0: " "
          text run at (0,96) width 540: ".seven {background-image: url(../resources/crosshair2.gif); background-position: top left;"
          text run at (540,96) width 0: " "
          text run at (0,108) width 186: "        background-color: red;}"
          text run at (186,108) width 0: " "
          text run at (0,120) width 564: ".eight {background-image: url(../resources/crosshair2.gif); background-position: bottom right;"
          text run at (564,120) width 0: " "
          text run at (0,132) width 186: "        background-color: red;}"
          text run at (186,132) width 0: " "
          text run at (0,144) width 528: ".nine {background-image: url(../resources/crosshair2.gif); background-position: 50% 50%;"
          text run at (528,144) width 0: " "
          text run at (0,156) width 180: "       background-color: red;}"
          text run at (180,156) width 0: " "
          text run at (0,168) width 0: " "
      RenderBlock {HR} at (0,216) size 784x2 [border: (1px inset #000000)]
      RenderBlock {P} at (0,230) size 784x28
        RenderText {#text} at (0,0) size 589x14
          text run at (0,0) width 589: "This sentence should have an orange stripe repeated in the \"y\" direction, starting at the upper left corner (since the default for "
        RenderInline {CODE} at (0,0) size 114x12
          RenderText {#text} at (589,2) size 114x12
            text run at (589,2) width 114: "background-position"
        RenderText {#text} at (703,0) size 776x28
          text run at (703,0) width 73: " is '0% 0%' and"
          text run at (0,14) width 164: "that property is not declared here). "
          text run at (164,14) width 375: "This is extra text included for the sole purpose of making the paragraph longer. "
          text run at (539,14) width 166: "Thank you for your understanding."
      RenderBlock {P} at (0,270) size 784x28
        RenderText {#text} at (0,0) size 589x14
          text run at (0,0) width 589: "This sentence should have an orange stripe repeated in the \"x\" direction, starting at the upper left corner (since the default for "
        RenderInline {CODE} at (0,0) size 114x12
          RenderText {#text} at (589,2) size 114x12
            text run at (589,2) width 114: "background-position"
        RenderText {#text} at (703,0) size 776x28
          text run at (703,0) width 73: " is '0% 0%' and"
          text run at (0,14) width 164: "that property is not declared here). "
          text run at (164,14) width 375: "This is extra text included for the sole purpose of making the paragraph longer. "
          text run at (539,14) width 166: "Thank you for your understanding."
      RenderBlock {P} at (0,310) size 784x28
        RenderText {#text} at (0,0) size 524x14
          text run at (0,0) width 524: "This sentence should have a single orange square behind it, placed at the upper left corner (since the default for "
        RenderInline {CODE} at (0,0) size 114x12
          RenderText {#text} at (524,2) size 114x12
            text run at (524,2) width 114: "background-position"
        RenderText {#text} at (638,0) size 774x28
          text run at (638,0) width 136: " is '0% 0%' and that property"
          text run at (0,14) width 101: "is not declared here). "
          text run at (101,14) width 375: "This is extra text included for the sole purpose of making the paragraph longer. "
          text run at (476,14) width 166: "Thank you for your understanding."
      RenderBlock {P} at (0,350) size 784x42
        RenderText {#text} at (0,0) size 764x28
          text run at (0,0) width 732: "This sentence should have a green-hatch stripe running vertically down the center of the paragraph, with the origin image exactly centered in the paragraph. "
          text run at (732,0) width 32: "This is"
          text run at (0,14) width 40: "because "
        RenderInline {CODE} at (0,0) size 48x12
          RenderText {#text} at (40,16) size 48x12
            text run at (40,16) width 48: "repeat-y"
        RenderText {#text} at (88,14) size 86x14
          text run at (88,14) width 86: " specifies tiling in "
        RenderInline {EM} at (0,0) size 21x14
          RenderText {#text} at (174,14) size 21x14
            text run at (174,14) width 21: "both"
        RenderText {#text} at (195,14) size 387x14
          text run at (195,14) width 119: " directions on the y-axis. "
          text run at (314,14) width 268: "Note that this test is only valid if the user agent supports "
        RenderInline {CODE} at (0,0) size 114x12
          RenderText {#text} at (582,16) size 114x12
            text run at (582,16) width 114: "background-position"
        RenderText {#text} at (696,14) size 25x14
          text run at (696,14) width 25: " (see "
        RenderInline {A} at (0,0) size 43x14 [color=#0000FF]
          RenderText {#text} at (721,14) size 43x14
            text run at (721,14) width 43: "test 5.3.6"
        RenderText {#text} at (764,14) size 771x28
          text run at (764,14) width 7: ")."
          text run at (0,28) width 436: "I'll fill the paragraph with extra text to make the conformance (or lack thereof) more obvious."
      RenderBlock {P} at (0,404) size 784x56 [bgcolor=#FF0000]
        RenderText {#text} at (0,0) size 565x14
          text run at (0,0) width 490: "This paragraph should have a tiled background, with the origin image exactly centered in the paragraph. "
          text run at (490,0) width 75: "This is because "
        RenderInline {CODE} at (0,0) size 102x12
          RenderText {#text} at (565,2) size 102x12
            text run at (565,2) width 102: "background-repeat"
        RenderText {#text} at (667,0) size 86x14
          text run at (667,0) width 86: " specifies tiling in "
        RenderInline {EM} at (0,0) size 12x14
          RenderText {#text} at (753,0) size 12x14
            text run at (753,0) width 12: "all"
        RenderText {#text} at (0,14) size 537x14
          text run at (0,14) width 269: "directions, regardless of the position of the origin image. "
          text run at (269,14) width 268: "Note that this test is only valid if the user agent supports "
        RenderInline {CODE} at (0,0) size 114x12
          RenderText {#text} at (537,16) size 114x12
            text run at (537,16) width 114: "background-position"
        RenderText {#text} at (651,14) size 25x14
          text run at (651,14) width 25: " (see "
        RenderInline {A} at (0,0) size 43x14 [color=#0000FF]
          RenderText {#text} at (676,14) size 43x14
            text run at (676,14) width 43: "test 5.3.6"
        RenderText {#text} at (719,14) size 774x42
          text run at (719,14) width 10: "). "
          text run at (729,14) width 45: "I'll fill the"
          text run at (0,28) width 391: "paragraph with extra text to make the conformance (or lack thereof) more obvious. "
          text run at (391,28) width 381: "A background color is present, although if it is visible then the image has not bee"
          text run at (0,42) width 67: "correctly tiled."
      RenderBlock {P} at (0,472) size 784x42 [bgcolor=#FF0000]
        RenderText {#text} at (0,0) size 779x42
          text run at (0,0) width 779: "This sentence should have a fully tiled background which starts at its center top; that is, the background's origin should be the exact center of the top of the paragraph."
          text run at (0,14) width 381: "I'll fill it with extra text to make the conformance (or lack thereof) more obvious. "
          text run at (381,14) width 394: "A background color is present, although if it is visible, then the image may not have"
          text run at (0,28) width 92: "been tiled correctly."
      RenderBlock {P} at (0,526) size 784x28 [bgcolor=#FF0000]
        RenderText {#text} at (0,0) size 756x28
          text run at (0,0) width 366: "This sentence should have a fully tiled background which starts at its top left. "
          text run at (366,0) width 381: "I'll fill it with extra text to make the conformance (or lack thereof) more obvious. "
          text run at (747,0) width 9: "A"
          text run at (0,14) width 477: "background color is present, although if it is visible, then the image may not have been tiled correctly."
      RenderBlock {P} at (0,566) size 784x42 [bgcolor=#FF0000]
        RenderText {#text} at (0,0) size 782x42
          text run at (0,0) width 778: "This sentence should have a fully tiled background which starts at its bottom right; in other words, a complete instance of the image should be anchored in the bottom"
          text run at (0,14) width 306: "right corner, with the tiled background extending out from there. "
          text run at (306,14) width 381: "I'll fill it with extra text to make the conformance (or lack thereof) more obvious. "
          text run at (687,14) width 95: "A background color"
          text run at (0,28) width 391: "is present, although if it is visible, then the image may not have been tiled correctly."
      RenderBlock {P} at (0,620) size 784x56 [bgcolor=#FF0000]
        RenderText {#text} at (0,0) size 779x56
          text run at (0,0) width 772: "This sentence should have a fully tiled background which starts at its center and is tiled in all directions; that is, the background's origin should be the exact center of"
          text run at (0,14) width 70: "the paragraph. "
          text run at (70,14) width 381: "I'll fill it with extra text to make the conformance (or lack thereof) more obvious. "
          text run at (451,14) width 328: "In fact, a lot of extra text will be necessary to make this at all obvious."
          text run at (0,28) width 732: "This is true because I am not able to increase the text size without resorting to either headings or other CSS properties, neither of which I want to use in this"
          text run at (0,42) width 67: "circumstance. "
          text run at (67,42) width 180: "This ought to be enough text, though. "
          text run at (247,42) width 489: "A background color is present, although if it is visible, then the image may not have been tiled correctly."
      RenderTable {TABLE} at (0,688) size 784x478 [border: (1px outset #808080)]
        RenderTableSection {TBODY} at (1,1) size 782x476
          RenderTableRow {TR} at (0,0) size 782x22
            RenderTableCell {TD} at (0,0) size 782x22 [bgcolor=#C0C0C0] [border: (1px inset #808080)] [r=0 c=0 rs=1 cs=2]
              RenderInline {STRONG} at (0,0) size 122x14
                RenderText {#text} at (4,4) size 122x14
                  text run at (4,4) width 122: "TABLE Testing Section"
          RenderTableRow {TR} at (0,22) size 782x454
            RenderTableCell {TD} at (0,238) size 11x22 [bgcolor=#C0C0C0] [border: (1px inset #808080)] [r=1 c=0 rs=1 cs=1]
              RenderText {#text} at (4,4) size 3x14
                text run at (4,4) width 3: " "
            RenderTableCell {TD} at (11,22) size 771x454 [border: (1px inset #808080)] [r=1 c=1 rs=1 cs=1]
              RenderBlock {P} at (4,4) size 763x28
                RenderText {#text} at (0,0) size 589x14
                  text run at (0,0) width 589: "This sentence should have an orange stripe repeated in the \"y\" direction, starting at the upper left corner (since the default for "
                RenderInline {CODE} at (0,0) size 114x12
                  RenderText {#text} at (589,2) size 114x12
                    text run at (589,2) width 114: "background-position"
                RenderText {#text} at (703,0) size 756x28
                  text run at (703,0) width 53: " is '0% 0%'"
                  text run at (0,14) width 184: "and that property is not declared here). "
                  text run at (184,14) width 375: "This is extra text included for the sole purpose of making the paragraph longer. "
                  text run at (559,14) width 166: "Thank you for your understanding."
              RenderBlock {P} at (4,44) size 763x28
                RenderText {#text} at (0,0) size 589x14
                  text run at (0,0) width 589: "This sentence should have an orange stripe repeated in the \"x\" direction, starting at the upper left corner (since the default for "
                RenderInline {CODE} at (0,0) size 114x12
                  RenderText {#text} at (589,2) size 114x12
                    text run at (589,2) width 114: "background-position"
                RenderText {#text} at (703,0) size 756x28
                  text run at (703,0) width 53: " is '0% 0%'"
                  text run at (0,14) width 184: "and that property is not declared here). "
                  text run at (184,14) width 375: "This is extra text included for the sole purpose of making the paragraph longer. "
                  text run at (559,14) width 166: "Thank you for your understanding."
              RenderBlock {P} at (4,84) size 763x28
                RenderText {#text} at (0,0) size 524x14
                  text run at (0,0) width 524: "This sentence should have a single orange square behind it, placed at the upper left corner (since the default for "
                RenderInline {CODE} at (0,0) size 114x12
                  RenderText {#text} at (524,2) size 114x12
                    text run at (524,2) width 114: "background-position"
                RenderText {#text} at (638,0) size 731x28
                  text run at (638,0) width 93: " is '0% 0%' and that"
                  text run at (0,14) width 144: "property is not declared here). "
                  text run at (144,14) width 375: "This is extra text included for the sole purpose of making the paragraph longer. "
                  text run at (519,14) width 166: "Thank you for your understanding."
              RenderBlock {P} at (4,124) size 763x42
                RenderText {#text} at (0,0) size 753x28
                  text run at (0,0) width 732: "This sentence should have a green-hatch stripe running vertically down the center of the paragraph, with the origin image exactly centered in the paragraph. "
                  text run at (732,0) width 21: "This"
                  text run at (0,14) width 51: "is because "
                RenderInline {CODE} at (0,0) size 48x12
                  RenderText {#text} at (51,16) size 48x12
                    text run at (51,16) width 48: "repeat-y"
                RenderText {#text} at (99,14) size 86x14
                  text run at (99,14) width 86: " specifies tiling in "
                RenderInline {EM} at (0,0) size 21x14
                  RenderText {#text} at (185,14) size 21x14
                    text run at (185,14) width 21: "both"
                RenderText {#text} at (206,14) size 387x14
                  text run at (206,14) width 119: " directions on the y-axis. "
                  text run at (325,14) width 268: "Note that this test is only valid if the user agent supports "
                RenderInline {CODE} at (0,0) size 114x12
                  RenderText {#text} at (593,16) size 114x12
                    text run at (593,16) width 114: "background-position"
                RenderText {#text} at (707,14) size 25x14
                  text run at (707,14) width 25: " (see "
                RenderInline {A} at (0,0) size 748x28 [color=#0000FF]
                  RenderText {#text} at (732,14) size 748x28
                    text run at (732,14) width 16: "test"
                    text run at (0,28) width 24: "5.3.6"
                RenderText {#text} at (24,28) size 446x14
                  text run at (24,28) width 10: "). "
                  text run at (34,28) width 436: "I'll fill the paragraph with extra text to make the conformance (or lack thereof) more obvious."
              RenderBlock {P} at (4,178) size 763x56 [bgcolor=#FF0000]
                RenderText {#text} at (0,0) size 565x14
                  text run at (0,0) width 490: "This paragraph should have a tiled background, with the origin image exactly centered in the paragraph. "
                  text run at (490,0) width 75: "This is because "
                RenderInline {CODE} at (0,0) size 102x12
                  RenderText {#text} at (565,2) size 102x12
                    text run at (565,2) width 102: "background-repeat"
                RenderText {#text} at (667,0) size 83x14
                  text run at (667,0) width 83: " specifies tiling in"
                RenderInline {EM} at (0,0) size 12x14
                  RenderText {#text} at (0,14) size 12x14
                    text run at (0,14) width 12: "all"
                RenderText {#text} at (12,14) size 540x14
                  text run at (12,14) width 272: " directions, regardless of the position of the origin image. "
                  text run at (284,14) width 268: "Note that this test is only valid if the user agent supports "
                RenderInline {CODE} at (0,0) size 114x12
                  RenderText {#text} at (552,16) size 114x12
                    text run at (552,16) width 114: "background-position"
                RenderText {#text} at (666,14) size 25x14
                  text run at (666,14) width 25: " (see "
                RenderInline {A} at (0,0) size 43x14 [color=#0000FF]
                  RenderText {#text} at (691,14) size 43x14
                    text run at (691,14) width 43: "test 5.3.6"
                RenderText {#text} at (734,14) size 756x42
                  text run at (734,14) width 10: "). "
                  text run at (744,14) width 12: "I'll"
                  text run at (0,28) width 424: "fill the paragraph with extra text to make the conformance (or lack thereof) more obvious. "
                  text run at (424,28) width 325: "A background color is present, although if it is visible then the image"
                  text run at (0,42) width 123: "has not bee correctly tiled."
              RenderBlock {P} at (4,246) size 763x42 [bgcolor=#FF0000]
                RenderText {#text} at (0,0) size 762x42
                  text run at (0,0) width 726: "This sentence should have a fully tiled background which starts at its center top; that is, the background's origin should be the exact center of the top of the"
                  text run at (0,14) width 53: "paragraph. "
                  text run at (53,14) width 381: "I'll fill it with extra text to make the conformance (or lack thereof) more obvious. "
                  text run at (434,14) width 328: "A background color is present, although if it is visible, then the image"
                  text run at (0,28) width 158: "may not have been tiled correctly."
              RenderBlock {P} at (4,300) size 763x28 [bgcolor=#FF0000]
                RenderText {#text} at (0,0) size 756x28
                  text run at (0,0) width 366: "This sentence should have a fully tiled background which starts at its top left. "
                  text run at (366,0) width 381: "I'll fill it with extra text to make the conformance (or lack thereof) more obvious. "
                  text run at (747,0) width 9: "A"
                  text run at (0,14) width 477: "background color is present, although if it is visible, then the image may not have been tiled correctly."
              RenderBlock {P} at (4,340) size 763x42 [bgcolor=#FF0000]
                RenderText {#text} at (0,0) size 742x42
                  text run at (0,0) width 742: "This sentence should have a fully tiled background which starts at its bottom right; in other words, a complete instance of the image should be anchored in the"
                  text run at (0,14) width 342: "bottom right corner, with the tiled background extending out from there. "
                  text run at (342,14) width 381: "I'll fill it with extra text to make the conformance (or lack thereof) more obvious. "
                  text run at (723,14) width 9: "A"
                  text run at (0,28) width 477: "background color is present, although if it is visible, then the image may not have been tiled correctly."
              RenderBlock {P} at (4,394) size 763x56 [bgcolor=#FF0000]
                RenderText {#text} at (0,0) size 759x56
                  text run at (0,0) width 759: "This sentence should have a fully tiled background which starts at its center and is tiled in all directions; that is, the background's origin should be the exact center"
                  text run at (0,14) width 83: "of the paragraph. "
                  text run at (83,14) width 381: "I'll fill it with extra text to make the conformance (or lack thereof) more obvious. "
                  text run at (464,14) width 284: "In fact, a lot of extra text will be necessary to make this at all"
                  text run at (0,28) width 44: "obvious. "
                  text run at (44,28) width 712: "This is true because I am not able to increase the text size without resorting to either headings or other CSS properties, neither of which I want to use in"
                  text run at (0,42) width 87: "this circumstance. "
                  text run at (87,42) width 180: "This ought to be enough text, though. "
                  text run at (267,42) width 489: "A background color is present, although if it is visible, then the image may not have been tiled correctly."
