layer at (0,0) size 980x735
  RenderView at (0,0) size 980x735
layer at (0,0) size 980x38
  RenderBlock {HTML} at (0,0) size 980x38
    RenderBody {BODY} at (8,8) size 964x22
      RenderTable {TABLE} at (0,0) size 964x22
        RenderTableSection {TBODY} at (0,0) size 964x22
          RenderTableRow {TR} at (0,0) size 964x22
            RenderTableCell {TD} at (0,1) size 877x19 [r=0 c=0 rs=1 cs=1]
              RenderText {#text} at (0,0) size 264x19
                text run at (0,0) width 264: "Post to Confessions of a Mozillian"
            RenderTableCell {TD} at (877,1) size 87x19 [r=0 c=1 rs=1 cs=1]
              RenderText {#text} at (0,0) size 26x19
                text run at (0,0) width 26: "foo"
