layer at (0,0) size 980x735
  RenderView at (0,0) size 980x735
layer at (0,0) size 980x735
  RenderBlock {HTML} at (0,0) size 980x735
    RenderBody {BODY} at (8,8) size 964x719
      RenderTable {TABLE} at (0,0) size 964x58
        RenderTableSection {TBODY} at (0,0) size 964x58
          RenderTableRow {TR} at (0,2) size 964x31
            RenderTableCell {TD} at (2,7) size 56x21 [r=0 c=0 rs=1 cs=1]
              RenderText {#text} at (1,1) size 37x19
                text run at (1,1) width 37: "URL:"
            RenderTableCell {TD} at (60,2) size 902x31 [r=0 c=1 rs=1 cs=1]
              RenderTextControl {INPUT} at (1,3) size 900x25 [bgcolor=#FFFFFF]
          RenderTableRow {TR} at (0,35) size 964x21
            RenderTableCell {TD} at (2,35) size 960x21 [bgcolor=#FF0000] [r=1 c=0 rs=1 cs=2]
              RenderText {#text} at (1,1) size 308x19
                text run at (1,1) width 308: "Alongwordtogiveyouanicebigminwidth."
      RenderTable {TABLE} at (0,58) size 100x100 [bgcolor=#FF0000] [border: (2px outset #808080)]
        RenderTableSection {TBODY} at (2,2) size 96x96
          RenderTableRow {TR} at (0,2) size 96x92
            RenderTableCell {TD} at (2,46) size 92x4 [border: (1px inset #808080)] [r=0 c=0 rs=1 cs=1]
      RenderTable {TABLE} at (0,158) size 198x120 [border: (2px outset #808080)]
        RenderTableSection {TBODY} at (2,2) size 194x116
          RenderTableRow {TR} at (0,2) size 194x23
            RenderTableCell {TD} at (2,2) size 190x23 [border: (1px inset #808080)] [r=0 c=0 rs=1 cs=1]
              RenderText {#text} at (2,2) size 38x19
                text run at (2,2) width 38: "hello"
          RenderTableRow {TR} at (0,27) size 194x23
            RenderTableCell {TD} at (2,27) size 190x23 [border: (1px inset #808080)] [r=1 c=0 rs=1 cs=1]
              RenderText {#text} at (2,2) size 86x19
                text run at (2,2) width 86: "more hello"
          RenderTableRow {TR} at (0,52) size 194x23
            RenderTableCell {TD} at (2,52) size 190x23 [border: (1px inset #808080)] [r=2 c=0 rs=1 cs=1]
              RenderText {#text} at (2,2) size 44x19
                text run at (2,2) width 44: "world"
          RenderTableRow {TR} at (0,77) size 194x37
            RenderTableCell {TD} at (2,82) size 190x27 [border: (1px inset #808080)] [r=3 c=0 rs=1 cs=1]
              RenderText {#text} at (0,0) size 0x0
      RenderTable {TABLE} at (0,278) size 106x120
        RenderTableSection {TBODY} at (0,0) size 106x120
          RenderTableRow {TR} at (0,2) size 106x116
            RenderTableCell {TD} at (2,2) size 102x116 [r=0 c=0 rs=1 cs=1]
              RenderText {#text} at (1,1) size 75x114
                text run at (1,1) width 62: "I should"
                text run at (1,20) width 75: "wrap and"
                text run at (1,39) width 70: "not have"
                text run at (1,58) width 70: "nowrap. "
                text run at (71,58) width 5: "I"
                text run at (1,77) width 44: "really"
                text run at (1,96) width 57: "should."
      RenderTable {TABLE} at (0,398) size 106x120
        RenderTableSection {TBODY} at (0,0) size 106x120
          RenderTableRow {TR} at (0,2) size 106x116
            RenderTableCell {TD} at (2,2) size 102x116 [r=0 c=0 rs=1 cs=1]
              RenderBlock {DIV} at (1,1) size 100x114
                RenderText {#text} at (0,0) size 75x114
                  text run at (0,0) width 62: "I should"
                  text run at (0,19) width 75: "wrap and"
                  text run at (0,38) width 70: "not have"
                  text run at (0,57) width 70: "nowrap. "
                  text run at (70,57) width 5: "I"
                  text run at (0,76) width 44: "really"
                  text run at (0,95) width 57: "should."
      RenderTable {TABLE} at (0,518) size 452x25
        RenderTableSection {TBODY} at (0,0) size 452x25
          RenderTableRow {TR} at (0,2) size 452x21
            RenderTableCell {TD} at (2,2) size 448x21 [r=0 c=0 rs=1 cs=1]
              RenderText {#text} at (1,1) size 446x19
                text run at (1,1) width 181: "I should have nowrap. "
                text run at (182,1) width 121: "I really should. "
                text run at (303,1) width 144: "Definitely. Should."
      RenderTable {TABLE} at (0,543) size 452x25
        RenderTableSection {TBODY} at (0,0) size 452x25
          RenderTableRow {TR} at (0,2) size 452x21
            RenderTableCell {TD} at (2,2) size 448x21 [r=0 c=0 rs=1 cs=1]
              RenderBlock {DIV} at (1,1) size 446x19
                RenderText {#text} at (0,0) size 446x19
                  text run at (0,0) width 181: "I should have nowrap. "
                  text run at (181,0) width 121: "I really should. "
                  text run at (302,0) width 144: "Definitely. Should."
layer at (73,19) size 893x15
  RenderBlock {DIV} at (4,6) size 893x15
layer at (16,252) size 182x23 clip at (16,252) size 167x23 scrollHeight 25
  RenderTextControl {TEXTAREA} at (4,2) size 182x23 [bgcolor=#FFFFFF]
    RenderBlock {DIV} at (4,6) size 160x15
