layer at (0,0) size 980x735
  RenderView at (0,0) size 980x735
layer at (0,0) size 980x735
  RenderBlock {HTML} at (0,0) size 980x735
    RenderBody {BODY} at (8,8) size 964x719
      RenderTable {TABLE} at (0,0) size 325x229 [border: (2px outset #808080)]
        RenderTableSection {TBODY} at (2,2) size 321x225
          RenderTableRow {TR} at (0,2) size 321x221
            RenderTableCell {TD} at (2,2) size 242x221 [border: (1px inset #808080)] [r=0 c=0 rs=1 cs=1]
              RenderText {#text} at (101,101) size 40x19
                text run at (101,101) width 40: "Hello"
            RenderTableCell {TD} at (246,102) size 73x21 [border: (1px inset #808080)] [r=0 c=1 rs=1 cs=1]
              RenderText {#text} at (1,1) size 71x19
                text run at (1,1) width 71: "Goodbye"
      RenderBlock {DIV} at (0,229) size 964x0
