layer at (0,0) size 980x735
  RenderView at (0,0) size 980x735
layer at (0,0) size 980x735
  RenderBlock {HTML} at (0,0) size 980x735
    RenderBody {BODY} at (8,8) size 964x719
      RenderTable {TABLE} at (0,0) size 235x225 [border: (2px outset #808080)]
        RenderTableSection {TBODY} at (2,2) size 231x221
          RenderTableRow {TR} at (0,0) size 231x221
            RenderTableCell {TD} at (0,0) size 231x221 [border: (1px inset #808080)] [r=0 c=0 rs=1 cs=1]
              RenderText {#text} at (101,101) size 29x19
                text run at (101,101) width 29: "Foo"
