layer at (0,0) size 980x735
  RenderView at (0,0) size 980x735
layer at (0,0) size 980x735
  RenderBlock {HTML} at (0,0) size 980x735
    RenderBody {BODY} at (8,8) size 964x719
      RenderTable {TABLE} at (0,0) size 524x130 [border: (1px outset #808080)]
        RenderTableSection {TBODY} at (1,1) size 522x128
          RenderTableRow {TR} at (0,0) size 522x48
            RenderTableCell {TD} at (0,0) size 27x3 [border: (1px inset #808080)] [r=0 c=0 rs=3 cs=1]
              RenderImage {IMG} at (1,1) size 25x1
            RenderTableCell {TD} at (27,0) size 495x21 [border: (1px inset #808080)] [r=0 c=1 rs=1 cs=1]
              RenderText {#text} at (1,1) size 26x19
                text run at (1,1) width 26: "foo"
          RenderTableRow {TR} at (0,48) size 522x40
            RenderTableCell {TD} at (27,48) size 495x40 [border: (1px inset #808080)] [r=1 c=1 rs=1 cs=1]
              RenderBlock {DIV} at (1,1) size 493x38
                RenderText {#text} at (12,0) size 472x38
                  text run at (12,0) width 472: "Affordable, high-quality business services with unparalleled"
                  text run at (12,19) width 66: "support."
          RenderTableRow {TR} at (0,88) size 522x0
            RenderTableCell {TD} at (27,88) size 495x40 [border: (1px inset #808080)] [r=2 c=1 rs=2 cs=1]
              RenderText {#text} at (1,1) size 490x38
                text run at (1,1) width 490: "Wireless Services\x{2014}Take the Net with you when you\x{2019}re on the"
                text run at (1,20) width 20: "go"
          RenderTableRow {TR} at (0,88) size 522x40
            RenderTableCell {TD} at (0,107) size 522x21 [border: (1px inset #808080)] [r=3 c=0 rs=1 cs=2]
              RenderText {#text} at (1,1) size 30x19
                text run at (1,1) width 30: "goo"
