layer at (0,0) size 980x735
  RenderView at (0,0) size 980x735
layer at (0,0) size 980x735
  RenderBlock {HTML} at (0,0) size 980x735
    RenderBody {BODY} at (0,0) size 980x719 [bgcolor=#FFFFFF]
      RenderBlock {CENTER} at (0,0) size 980x58
        RenderTable {TABLE} at (0,0) size 980x58 [bgcolor=#CCCCCC] [border: (1px outset #808080)]
          RenderTableSection {TBODY} at (1,1) size 978x56
            RenderTableRow {TR} at (0,0) size 978x56
              RenderTableCell {TD} at (0,0) size 978x56 [border: (1px inset #808080)] [r=0 c=0 rs=1 cs=1]
                RenderBlock {DIV} at (172,1) size 634x54 [border: (2px solid #FF0000)]
                  RenderTable {TABLE} at (2,2) size 630x216 [bgcolor=#CCCCCC] [border: (2px outset #808080)]
                    RenderTableSection {TBODY} at (2,2) size 626x212
                      RenderTableRow {TR} at (0,15) size 626x182
                        RenderTableCell {TD} at (15,15) size 596x182 [border: (1px inset #808080)] [r=0 c=0 rs=1 cs=1]
                          RenderTable {TABLE} at (249,1) size 97x180 [bgcolor=#CCCCCC]
                            RenderTableSection {TBODY} at (0,0) size 97x180
                              RenderTableRow {TR} at (0,0) size 97x180
                                RenderTableCell {TD} at (0,0) size 97x180 [r=0 c=0 rs=1 cs=1]
                                  RenderImage {IMG} at (0,0) size 97x180
      RenderBlock {P} at (0,74) size 980x0
      RenderBlock (floating) {DIV} at (0,74) size 104x54 [border: (2px solid #FF0000)]
        RenderText {#text} at (2,2) size 95x76
          text run at (2,2) width 56: "Here is"
          text run at (2,21) width 90: "some text. "
          text run at (92,21) width 5: "I"
          text run at (2,40) width 52: "should"
          text run at (2,59) width 74: "overflow."
        RenderBR {BR} at (76,74) size 0x0
        RenderText {#text} at (2,78) size 74x38
          text run at (2,78) width 35: "I will"
          text run at (2,97) width 74: "overflow."
        RenderBR {BR} at (76,112) size 0x0
        RenderText {#text} at (2,116) size 99x38
          text run at (2,116) width 83: "I definitely"
          text run at (2,135) width 99: "will overflow"
        RenderBR {BR} at (101,150) size 0x0
        RenderText {#text} at (2,154) size 80x38
          text run at (2,154) width 80: "I promis. I"
          text run at (2,173) width 78: "lvoerflow."
        RenderBR {BR} at (80,188) size 0x0
        RenderText {#text} at (2,192) size 53x19
          text run at (2,192) width 53: "Really."
      RenderBlock {P} at (0,74) size 980x0
