layer at (0,0) size 980x735
  RenderView at (0,0) size 980x735
layer at (0,0) size 980x735
  RenderBlock {HTML} at (0,0) size 980x735
    RenderBody {BODY} at (8,8) size 964x719
      RenderBlock {DIV} at (0,0) size 964x0
      RenderTable {TABLE} at (0,0) size 121x25
        RenderTableSection {TBODY} at (0,0) size 121x25
          RenderTableRow {TR} at (0,2) size 121x21
            RenderTableCell {TD} at (2,2) size 42x21 [r=0 c=0 rs=1 cs=1]
              RenderText {#text} at (1,1) size 40x19
                text run at (1,1) width 40: "Hello"
            RenderTableCell {TD} at (46,2) size 73x21 [r=0 c=1 rs=1 cs=1]
              RenderText {#text} at (1,1) size 71x19
                text run at (1,1) width 71: "Goodbye"
