layer at (0,0) size 980x735
  RenderView at (0,0) size 980x735
layer at (0,0) size 980x91
  RenderBlock {HTML} at (0,0) size 980x91
    RenderBody {BODY} at (8,8) size 964x75
      RenderTable {TABLE} at (0,0) size 72x75
        RenderTableSection {THEAD} at (0,0) size 72x25
          RenderTableRow {TR} at (0,2) size 72x21
            RenderTableCell {TH} at (2,2) size 15x21 [color=#FF0000] [r=0 c=0 rs=1 cs=1]
              RenderText {#text} at (1,1) size 13x19
                text run at (1,1) width 13: "H"
            RenderTableCell {TH} at (19,2) size 16x21 [color=#FF0000] [r=0 c=1 rs=1 cs=1]
              RenderText {#text} at (2,1) size 12x19
                text run at (2,1) width 12: "E"
            RenderTableCell {TH} at (37,2) size 16x21 [color=#FF0000] [r=0 c=2 rs=1 cs=1]
              RenderText {#text} at (2,1) size 12x19
                text run at (2,1) width 12: "A"
            RenderTableCell {TH} at (55,2) size 15x21 [color=#FF0000] [r=0 c=3 rs=1 cs=1]
              RenderText {#text} at (1,1) size 13x19
                text run at (1,1) width 13: "D"
        RenderTableSection {TFOOT} at (0,50) size 72x25
          RenderTableRow {TR} at (0,2) size 72x21
            RenderTableCell {TH} at (2,2) size 15x21 [color=#0000FF] [r=0 c=0 rs=1 cs=1]
              RenderText {#text} at (2,1) size 11x19
                text run at (2,1) width 11: "F"
            RenderTableCell {TH} at (19,2) size 16x21 [color=#0000FF] [r=0 c=1 rs=1 cs=1]
              RenderText {#text} at (1,1) size 14x19
                text run at (1,1) width 14: "O"
            RenderTableCell {TH} at (37,2) size 16x21 [color=#0000FF] [r=0 c=2 rs=1 cs=1]
              RenderText {#text} at (1,1) size 14x19
                text run at (1,1) width 14: "O"
            RenderTableCell {TH} at (55,2) size 15x21 [color=#0000FF] [r=0 c=3 rs=1 cs=1]
              RenderText {#text} at (2,1) size 11x19
                text run at (2,1) width 11: "T"
        RenderTableSection {TBODY} at (0,25) size 72x25
          RenderTableRow {TR} at (0,2) size 72x21
            RenderTableCell {TD} at (2,2) size 15x21 [color=#008000] [r=0 c=0 rs=1 cs=1]
              RenderText {#text} at (1,1) size 10x19
                text run at (1,1) width 10: "b"
            RenderTableCell {TD} at (19,2) size 16x21 [color=#008000] [r=0 c=1 rs=1 cs=1]
              RenderText {#text} at (1,1) size 10x19
                text run at (1,1) width 10: "o"
            RenderTableCell {TD} at (37,2) size 16x21 [color=#008000] [r=0 c=2 rs=1 cs=1]
              RenderText {#text} at (1,1) size 10x19
                text run at (1,1) width 10: "d"
            RenderTableCell {TD} at (55,2) size 15x21 [color=#008000] [r=0 c=3 rs=1 cs=1]
              RenderText {#text} at (1,1) size 9x19
                text run at (1,1) width 9: "y"
