layer at (0,0) size 980x735
  RenderView at (0,0) size 980x735
layer at (0,0) size 980x735
  RenderBlock {HTML} at (0,0) size 980x735
    RenderBody {BODY} at (8,8) size 964x719
      RenderBlock (anonymous) at (0,0) size 964x19
        RenderText {#text} at (0,0) size 35x19
          text run at (0,0) width 35: "Text"
      RenderTable {TABLE} at (0,19) size 964x100
        RenderTableSection {TBODY} at (0,0) size 964x100
          RenderTableRow {TR} at (0,0) size 964x100
            RenderTableCell {TD} at (0,50) size 0x0 [r=0 c=0 rs=1 cs=1]
      RenderBlock (anonymous) at (0,119) size 964x19
        RenderText {#text} at (0,0) size 402x19
          text run at (0,0) width 402: "This text is 100 pixels lower than the previous line."
      RenderTable {TABLE} at (0,138) size 964x100
        RenderTableSection {TBODY} at (0,0) size 964x100
          RenderTableRow {TR} at (0,0) size 964x100
      RenderBlock (anonymous) at (0,238) size 964x19
        RenderText {#text} at (0,0) size 402x19
          text run at (0,0) width 402: "This text is 100 pixels lower than the previous line."
      RenderTable {TABLE} at (0,257) size 964x0
      RenderBlock (anonymous) at (0,257) size 964x19
        RenderText {#text} at (0,0) size 391x19
          text run at (0,0) width 391: "No space between this line and the previous line."
