layer at (0,0) size 980x735
  RenderView at (0,0) size 980x735
layer at (0,0) size 980x735
  RenderBlock {HTML} at (0,0) size 980x735
    RenderBody {BODY} at (8,8) size 964x708
      RenderBlock (anonymous) at (0,0) size 964x86
        RenderImage {IMG} at (0,0) size 132x86
        RenderText {#text} at (0,0) size 0x0
      RenderBlock {H2} at (0,105) size 964x0
      RenderTable {TABLE} at (0,105) size 132x38
        RenderTableSection {TBODY} at (0,0) size 132x38
          RenderTableRow {TR} at (0,0) size 132x19
            RenderTableCell {TD} at (0,0) size 132x19 [r=0 c=0 rs=1 cs=1]
              RenderText {#text} at (0,0) size 38x19
                text run at (0,0) width 38: "hello"
          RenderTableRow {TR} at (0,19) size 132x19
            RenderTableCell {TD} at (0,19) size 132x19 [r=1 c=0 rs=1 cs=1]
              RenderText {#text} at (0,0) size 69x19
                text run at (0,0) width 69: "goodbye"
