layer at (0,0) size 980x735
  RenderView at (0,0) size 980x735
layer at (0,0) size 980x735
  RenderBlock {HTML} at (0,0) size 980x735
    RenderBody {BODY} at (8,8) size 964x719
      RenderTable {TABLE} at (0,0) size 964x114 [bgcolor=#808000]
        RenderTableSection {TBODY} at (0,0) size 964x114
          RenderTableRow {TR} at (0,0) size 964x114
            RenderTableCell {TD} at (0,0) size 87x114 [r=0 c=0 rs=1 cs=1]
              RenderText {#text} at (0,0) size 87x114
                text run at (0,0) width 64: "Dorothy"
                text run at (0,19) width 87: "Rothschild:"
                text run at (0,38) width 43: "Love,"
                text run at (0,57) width 72: "curiosity,"
                text run at (0,76) width 63: "freckles"
                text run at (0,95) width 30: "and"
            RenderTableCell {TD} at (87,0) size 877x19 [bgcolor=#008000] [r=0 c=1 rs=1 cs=1]
              RenderText {#text} at (0,0) size 242x19
                text run at (0,0) width 242: "Animal Friends Rescue Project"
