layer at (0,0) size 980x774
  RenderView at (0,0) size 980x735
layer at (0,0) size 980x774
  RenderBlock {HTML} at (0,0) size 980x774
    RenderBody {BODY} at (8,8) size 964x750
      RenderTable {TABLE} at (0,0) size 964x84
        RenderTableSection {TBODY} at (0,0) size 964x84
          RenderTableRow {TR} at (0,2) size 964x80
            RenderTableCell {TD} at (2,30) size 866x23 [border: (1px solid #008000)] [r=0 c=0 rs=1 cs=1]
              RenderText {#text} at (2,2) size 10x19
                text run at (2,2) width 10: "1"
            RenderTableCell {TD} at (870,2) size 76x80 [border: (1px solid #008000)] [r=0 c=1 rs=1 cs=1]
              RenderText {#text} at (2,2) size 72x76
                text run at (2,2) width 68: "See, this"
                text run at (2,21) width 43: "is the"
                text run at (2,40) width 72: "problem."
                text run at (2,59) width 56: "It will..."
            RenderTableCell {TD} at (948,30) size 14x23 [border: (1px solid #008000)] [r=0 c=2 rs=1 cs=1]
              RenderText {#text} at (2,2) size 10x19
                text run at (2,2) width 10: "3"
      RenderBlock {P} at (0,100) size 964x0
      RenderTable {TABLE} at (0,100) size 964x206
        RenderTableSection {TBODY} at (0,0) size 964x206
          RenderTableRow {TR} at (0,2) size 964x202
            RenderTableCell {TD} at (2,2) size 960x202 [border: (1px solid #008000)] [r=0 c=0 rs=1 cs=1]
              RenderTable {TABLE} at (2,2) size 956x198
                RenderTableSection {TBODY} at (0,0) size 956x198
                  RenderTableRow {TR} at (0,2) size 956x194
                    RenderTableCell {TD} at (2,87) size 858x23 [border: (1px solid #008000)] [r=0 c=0 rs=1 cs=1]
                      RenderText {#text} at (2,2) size 10x19
                        text run at (2,2) width 10: "1"
                    RenderTableCell {TD} at (862,2) size 76x194 [border: (1px solid #008000)] [r=0 c=1 rs=1 cs=1]
                      RenderText {#text} at (2,2) size 72x190
                        text run at (2,2) width 68: "See, this"
                        text run at (2,21) width 43: "is the"
                        text run at (2,40) width 72: "problem."
                        text run at (2,59) width 50: "S See,"
                        text run at (2,78) width 45: "this is"
                        text run at (2,97) width 26: "the"
                        text run at (2,116) width 72: "problem."
                        text run at (2,135) width 68: "See, this"
                        text run at (2,154) width 43: "is the"
                        text run at (2,173) width 72: "problem."
                    RenderTableCell {TD} at (940,87) size 14x23 [border: (1px solid #008000)] [r=0 c=2 rs=1 cs=1]
                      RenderText {#text} at (2,2) size 10x19
                        text run at (2,2) width 10: "3"
      RenderBlock {P} at (0,322) size 964x0
      RenderTable {TABLE} at (0,322) size 652x206
        RenderTableSection {TBODY} at (0,0) size 652x206
          RenderTableRow {TR} at (0,2) size 652x202
            RenderTableCell {TD} at (2,2) size 648x202 [border: (1px solid #008000)] [r=0 c=0 rs=1 cs=1]
              RenderTable {TABLE} at (2,2) size 644x198
                RenderTableSection {TBODY} at (0,0) size 644x198
                  RenderTableRow {TR} at (0,2) size 644x194
                    RenderTableCell {TD} at (2,87) size 546x23 [border: (1px solid #008000)] [r=0 c=0 rs=1 cs=1]
                      RenderText {#text} at (2,2) size 10x19
                        text run at (2,2) width 10: "1"
                    RenderTableCell {TD} at (550,2) size 76x194 [border: (1px solid #008000)] [r=0 c=1 rs=1 cs=1]
                      RenderText {#text} at (2,2) size 72x190
                        text run at (2,2) width 68: "See, this"
                        text run at (2,21) width 43: "is the"
                        text run at (2,40) width 72: "problem."
                        text run at (2,59) width 50: "S See,"
                        text run at (2,78) width 45: "this is"
                        text run at (2,97) width 26: "the"
                        text run at (2,116) width 72: "problem."
                        text run at (2,135) width 68: "See, this"
                        text run at (2,154) width 43: "is the"
                        text run at (2,173) width 72: "problem."
                    RenderTableCell {TD} at (628,87) size 14x23 [border: (1px solid #008000)] [r=0 c=2 rs=1 cs=1]
                      RenderText {#text} at (2,2) size 10x19
                        text run at (2,2) width 10: "3"
      RenderBlock {P} at (0,544) size 964x0
      RenderTable {TABLE} at (0,544) size 652x206
        RenderTableSection {TBODY} at (0,0) size 652x206
          RenderTableRow {TR} at (0,2) size 652x202
            RenderTableCell {TD} at (2,2) size 648x202 [border: (1px solid #008000)] [r=0 c=0 rs=1 cs=1]
              RenderBlock {DIV} at (2,2) size 644x198
                RenderTable {TABLE} at (0,0) size 644x198
                  RenderTableSection {TBODY} at (0,0) size 644x198
                    RenderTableRow {TR} at (0,2) size 644x194
                      RenderTableCell {TD} at (2,87) size 546x23 [border: (1px solid #008000)] [r=0 c=0 rs=1 cs=1]
                        RenderText {#text} at (2,2) size 10x19
                          text run at (2,2) width 10: "1"
                      RenderTableCell {TD} at (550,2) size 76x194 [border: (1px solid #008000)] [r=0 c=1 rs=1 cs=1]
                        RenderText {#text} at (2,2) size 72x190
                          text run at (2,2) width 68: "See, this"
                          text run at (2,21) width 43: "is the"
                          text run at (2,40) width 72: "problem."
                          text run at (2,59) width 50: "S See,"
                          text run at (2,78) width 45: "this is"
                          text run at (2,97) width 26: "the"
                          text run at (2,116) width 72: "problem."
                          text run at (2,135) width 68: "See, this"
                          text run at (2,154) width 43: "is the"
                          text run at (2,173) width 72: "problem."
                      RenderTableCell {TD} at (628,87) size 14x23 [border: (1px solid #008000)] [r=0 c=2 rs=1 cs=1]
                        RenderText {#text} at (2,2) size 10x19
                          text run at (2,2) width 10: "3"
      RenderBlock {P} at (0,766) size 964x0
