layer at (0,0) size 980x735
  RenderView at (0,0) size 980x735
layer at (0,0) size 980x735
  RenderBlock {HTML} at (0,0) size 980x735
    RenderBody {BODY} at (8,8) size 964x719
      RenderTable {TABLE} at (0,0) size 964x43
        RenderTableSection {TBODY} at (0,0) size 964x43
          RenderTableRow {TR} at (0,0) size 964x43
            RenderTableCell {TD} at (0,8) size 270x27 [bgcolor=#FFA500] [border: (1px solid #000000)] [r=0 c=0 rs=1 cs=1]
              RenderText {#text} at (4,4) size 10x19
                text run at (4,4) width 10: "d"
            RenderTableCell {TD} at (270,0) size 425x43 [bgcolor=#FFA500] [border: (1px solid #000000)] [r=0 c=1 rs=1 cs=1]
              RenderTable {TABLE} at (4,4) size 417x35
                RenderTableSection {TBODY} at (0,0) size 417x35
                  RenderTableRow {TR} at (0,2) size 417x31
                    RenderTableCell {TD} at (2,2) size 413x31 [bgcolor=#FFA500] [border: (1px solid #000000)] [r=0 c=0 rs=1 cs=1]
                      RenderTable {TABLE} at (2,2) size 316x27
                        RenderTableSection {TBODY} at (0,0) size 316x27
                          RenderTableRow {TR} at (0,2) size 316x23
                            RenderTableCell {TD} at (2,11) size 4x4 [bgcolor=#FFA500] [border: (1px solid #000000)] [r=0 c=0 rs=1 cs=1]
                            RenderTableCell {TD} at (8,2) size 300x23 [bgcolor=#FFA500] [border: (1px solid #000000)] [r=0 c=1 rs=1 cs=2]
                              RenderImage {IMG} at (2,2) size 21x15 [bgcolor=#800080]
                              RenderText {#text} at (23,2) size 5x19
                                text run at (23,2) width 5: " "
                              RenderInline {B} at (0,0) size 120x19
                                RenderText {#text} at (28,2) size 120x19
                                  text run at (28,2) width 120: "Yellow Pages"
                              RenderText {#text} at (148,2) size 5x19
                                text run at (148,2) width 5: " "
                              RenderImage {IMG} at (153,2) size 21x15 [bgcolor=#800080]
                              RenderText {#text} at (174,2) size 5x19
                                text run at (174,2) width 5: " "
                              RenderInline {B} at (0,0) size 114x19
                                RenderText {#text} at (179,2) size 114x19
                                  text run at (179,2) width 114: "White Pages"
                              RenderText {#text} at (293,2) size 5x19
                                text run at (293,2) width 5: " "
                            RenderTableCell {TD} at (310,11) size 4x4 [bgcolor=#FFA500] [border: (1px solid #000000)] [r=0 c=3 rs=1 cs=1]
            RenderTableCell {TD} at (695,0) size 269x42 [bgcolor=#FFA500] [border: (1px solid #000000)] [r=0 c=2 rs=1 cs=1]
              RenderTable {TABLE} at (4,4) size 228x34
                RenderTableSection {TBODY} at (0,0) size 228x34
                  RenderTableRow {TR} at (0,2) size 228x30
                    RenderTableCell {TD} at (2,2) size 224x30 [bgcolor=#FFA500] [border: (1px solid #000000)] [r=0 c=0 rs=1 cs=1]
                      RenderTable {TABLE} at (2,2) size 220x26
                        RenderTableSection {TBODY} at (0,0) size 220x26
                          RenderTableRow {TR} at (0,2) size 220x22
                            RenderTableCell {TD} at (2,2) size 216x22 [bgcolor=#FFA500] [border: (1px solid #000000)] [r=0 c=0 rs=1 cs=1]
                              RenderImage {IMG} at (2,2) size 212x18 [bgcolor=#800080]
                              RenderText {#text} at (0,0) size 0x0
      RenderBlock {P} at (0,59) size 964x0
      RenderTable {TABLE} at (0,59) size 964x43
        RenderTableSection {TBODY} at (0,0) size 964x43
          RenderTableRow {TR} at (0,0) size 964x43
            RenderTableCell {TD} at (0,8) size 269x27 [bgcolor=#FFA500] [border: (1px solid #000000)] [r=0 c=0 rs=1 cs=1]
              RenderText {#text} at (4,4) size 10x19
                text run at (4,4) width 10: "d"
            RenderTableCell {TD} at (269,0) size 426x43 [bgcolor=#FFA500] [border: (1px solid #000000)] [r=0 c=1 rs=1 cs=1]
              RenderTable {TABLE} at (4,4) size 418x35
                RenderTableSection {TBODY} at (0,0) size 418x35
                  RenderTableRow {TR} at (0,2) size 418x31
                    RenderTableCell {TD} at (2,2) size 414x31 [bgcolor=#FFA500] [border: (1px solid #000000)] [r=0 c=0 rs=1 cs=1]
                      RenderTable {TABLE} at (2,2) size 316x27
                        RenderTableSection {TBODY} at (0,0) size 316x27
                          RenderTableRow {TR} at (0,2) size 316x23
                            RenderTableCell {TD} at (2,11) size 4x4 [bgcolor=#FFA500] [border: (1px solid #000000)] [r=0 c=0 rs=1 cs=1]
                            RenderTableCell {TD} at (8,2) size 300x23 [bgcolor=#FFA500] [border: (1px solid #000000)] [r=0 c=1 rs=1 cs=2]
                              RenderImage {IMG} at (2,2) size 21x15 [bgcolor=#800080]
                              RenderText {#text} at (23,2) size 5x19
                                text run at (23,2) width 5: " "
                              RenderInline {B} at (0,0) size 120x19
                                RenderText {#text} at (28,2) size 120x19
                                  text run at (28,2) width 120: "Yellow Pages"
                              RenderText {#text} at (148,2) size 5x19
                                text run at (148,2) width 5: " "
                              RenderImage {IMG} at (153,2) size 21x15 [bgcolor=#800080]
                              RenderText {#text} at (174,2) size 5x19
                                text run at (174,2) width 5: " "
                              RenderInline {B} at (0,0) size 114x19
                                RenderText {#text} at (179,2) size 114x19
                                  text run at (179,2) width 114: "White Pages"
                              RenderText {#text} at (293,2) size 5x19
                                text run at (293,2) width 5: " "
                            RenderTableCell {TD} at (310,11) size 4x4 [bgcolor=#FFA500] [border: (1px solid #000000)] [r=0 c=3 rs=1 cs=1]
            RenderTableCell {TD} at (695,0) size 269x42 [bgcolor=#FFA500] [border: (1px solid #000000)] [r=0 c=2 rs=1 cs=1]
              RenderTable {TABLE} at (4,4) size 228x34
                RenderTableSection {TBODY} at (0,0) size 228x34
                  RenderTableRow {TR} at (0,2) size 228x30
                    RenderTableCell {TD} at (2,2) size 224x30 [bgcolor=#FFA500] [border: (1px solid #000000)] [r=0 c=0 rs=1 cs=1]
                      RenderTable {TABLE} at (2,2) size 220x26
                        RenderTableSection {TBODY} at (0,0) size 220x26
                          RenderTableRow {TR} at (0,2) size 220x22
                            RenderTableCell {TD} at (2,2) size 216x22 [bgcolor=#FFA500] [border: (1px solid #000000)] [r=0 c=0 rs=1 cs=1]
                              RenderImage {IMG} at (2,2) size 212x18 [bgcolor=#800080]
                              RenderText {#text} at (0,0) size 0x0
