layer at (0,0) size 980x735
  RenderView at (0,0) size 980x735
layer at (0,0) size 980x735
  RenderBlock {HTML} at (0,0) size 980x735
    RenderBody {BODY} at (8,8) size 964x719
      RenderTable {TABLE} at (885,0) size 79x31
        RenderTableSection {TBODY} at (0,0) size 79x31
          RenderTableRow {TR} at (0,2) size 79x27
            RenderTableCell {TD} at (2,2) size 75x27 [r=0 c=0 rs=1 cs=1]
              RenderBlock (floating) {DIV} at (1,1) size 73x25
                RenderTable {TABLE} at (0,0) size 73x25
                  RenderTableSection {TBODY} at (0,0) size 73x25
                    RenderTableRow {TR} at (0,2) size 73x21
                      RenderTableCell {TD} at (2,2) size 12x21 [r=0 c=0 rs=1 cs=1]
                        RenderText {#text} at (1,1) size 10x19
                          text run at (1,1) width 10: "a"
                      RenderTableCell {TD} at (16,2) size 42x21 [r=0 c=1 rs=1 cs=1]
                        RenderText {#text} at (1,1) size 40x19
                          text run at (1,1) width 40: "Hello"
                      RenderTableCell {TD} at (60,2) size 11x21 [r=0 c=2 rs=1 cs=1]
                        RenderText {#text} at (1,1) size 9x19
                          text run at (1,1) width 9: "c"
