layer at (0,0) size 980x969
  RenderView at (0,0) size 980x735
layer at (0,0) size 980x969
  RenderBlock {HTML} at (0,0) size 980x969
    RenderBody {BODY} at (8,8) size 964x953
      RenderTable {TABLE} at (0,0) size 355x953
        RenderTableSection {TBODY} at (0,0) size 355x953
          RenderTableRow {TR} at (0,0) size 27x953
            RenderTableCell {TD} at (0,0) size 27x953 [border: (1px solid #008000)] [r=0 c=0 rs=1 cs=3]
              RenderText {#text} at (4,4) size 19x284
                text run at (4,4) width 168: "   Join Now   Sign In   "
                text run at (4,172) width 116: "   Personalize: "
              RenderInline {A} at (0,0) size 19x64
                RenderText {#text} at (4,288) size 19x64
                  text run at (4,288) width 64: "Settings"
              RenderText {#text} at (4,352) size 19x19
                text run at (4,352) width 19: " \x{2022} "
              RenderInline {A} at (0,0) size 19x63
                RenderText {#text} at (4,371) size 19x63
                  text run at (4,371) width 63: "Content"
              RenderText {#text} at (4,434) size 19x19
                text run at (4,434) width 19: " \x{2022} "
              RenderInline {A} at (0,0) size 19x54
                RenderText {#text} at (4,453) size 19x54
                  text run at (4,453) width 54: "Layout"
              RenderText {#text} at (4,507) size 19x19
                text run at (4,507) width 19: " \x{2022} "
              RenderInline {A} at (0,0) size 19x136
                RenderText {#text} at (4,526) size 19x136
                  text run at (4,526) width 136: "Colors & Themes"
              RenderText {#text} at (4,662) size 19x19
                text run at (4,662) width 19: " \x{2022} "
              RenderInline {A} at (0,0) size 19x54
                RenderText {#text} at (4,681) size 19x54
                  text run at (4,681) width 54: "Sign In"
              RenderText {#text} at (4,735) size 19x215
                text run at (4,735) width 10: "  "
                text run at (4,745) width 103: "   My Links:   "
                text run at (4,848) width 102: "  Lite \x{2022} Email"
          RenderTableRow {TR} at (0,27) size 328x953
            RenderTableCell {TD} at (27,160) size 328x-53 [border: (1px solid #008000)] [r=1 c=0 rs=1 cs=1]
            RenderTableCell {TD} at (27,267) size 328x419 [border: (1px solid #008000)] [r=1 c=1 rs=1 cs=1]
              RenderTable {TABLE} at (4,4) size 320x411
                RenderTableSection {TBODY} at (0,0) size 320x411
                  RenderTableRow {TR} at (0,2) size 316x411
                    RenderTableCell {TD} at (2,2) size 316x407 [border: (1px solid #008000)] [r=0 c=0 rs=1 cs=1]
                      RenderTable {TABLE} at (2,2) size 312x403
                        RenderTableSection {TBODY} at (0,0) size 312x403
                          RenderTableRow {TR} at (0,2) size 308x403
                            RenderTableCell {TD} at (2,154) size 308x-150 [border: (1px solid #008000)] [r=0 c=0 rs=1 cs=1]
                            RenderTableCell {TD} at (2,158) size 308x87 [border: (1px solid #008000)] [r=0 c=1 rs=1 cs=1]
                              RenderText {#text} at (2,2) size 304x83
                                text run at (2,2) width 66: "This guy"
                                text run at (21,2) width 52: "should"
                                text run at (40,2) width 70: "have the"
                                text run at (59,2) width 73: "really big"
                                text run at (78,2) width 83: "maxwidth."
                                text run at (97,2) width 16: "It "
                                text run at (97,18) width 52: "should"
                                text run at (116,2) width 49: "be big"
                                text run at (135,2) width 81: "enough to"
                                text run at (154,2) width 44: "really"
                                text run at (173,2) width 44: "really"
                                text run at (192,2) width 47: "screw"
                                text run at (211,2) width 78: "things up."
                                text run at (230,2) width 53: "That is"
                                text run at (249,2) width 49: "what I"
                                text run at (268,2) width 69: "think will"
                                text run at (287,2) width 44: "work."
                            RenderTableCell {TD} at (2,399) size 308x-150 [border: (1px solid #008000)] [r=0 c=2 rs=1 cs=1]
            RenderTableCell {TD} at (27,837) size 328x-35 [border: (1px solid #008000)] [r=1 c=2 rs=1 cs=1]
              RenderImage {IMG} at (155,-147) size 18x212
              RenderText {#text} at (0,0) size 0x0
