layer at (0,0) size 980x735
  RenderView at (0,0) size 980x735
layer at (0,0) size 980x735
  RenderBlock {HTML} at (0,0) size 980x735
    RenderBody {BODY} at (8,8) size 964x719
      RenderTable {TABLE} at (0,0) size 645x719
        RenderTableSection {TBODY} at (0,0) size 645x719
          RenderTableRow {TR} at (0,0) size 645x23
            RenderTableCell {TD} at (0,0) size 645x23 [r=0 c=0 rs=1 cs=1]
              RenderBlock {DIV} at (0,0) size 645x23 [border: (2px solid #FF0000)]
                RenderText {#text} at (2,2) size 225x19
                  text run at (2,2) width 225: "i am the text of the first row"
          RenderTableRow {TR} at (0,23) size 645x696
            RenderTableCell {TD} at (0,23) size 645x23 [r=1 c=0 rs=1 cs=1]
              RenderBlock {DIV} at (0,0) size 645x23 [border: (2px solid #FF0000)]
                RenderText {#text} at (2,2) size 251x19
                  text run at (2,2) width 251: "i am the text of the second row"
