layer at (0,0) size 980x2362
  RenderView at (0,0) size 980x735
layer at (0,0) size 980x2362
  RenderBlock {HTML} at (0,0) size 980x2362
    RenderBody {BODY} at (8,8) size 964x2346
      RenderBlock {H1} at (0,0) size 964x37
        RenderText {#text} at (0,0) size 791x38
          text run at (0,0) width 791: "Fixed Columns, Auto Span, Minheight Table"
      RenderTable {TABLE} at (0,58) size 40x100
        RenderTableSection {TBODY} at (0,0) size 40x100
          RenderTableRow {TR} at (0,0) size 20x100
            RenderTableCell {TD} at (0,10) size 20x13 [bgcolor=#00FFFF] [r=0 c=0 rs=1 cs=1]
            RenderTableCell {TD} at (0,43) size 20x47 [bgcolor=#FFFF00] [r=0 c=1 rs=1 cs=1]
          RenderTableRow {TR} at (0,20) size 20x100
            RenderTableCell {TD} at (20,10) size 20x80 [bgcolor=#FFC0CB] [r=1 c=0 rs=1 cs=2]
              RenderBlock {DIV} at (10,-10) size 0x100
      RenderBlock {P} at (0,174) size 964x57
        RenderText {#text} at (0,0) size 187x19
          text run at (0,0) width 187: "The table height is: 100"
        RenderBR {BR} at (187,15) size 0x0
        RenderText {#text} at (0,19) size 161x19
          text run at (0,19) width 161: "Column One is: 33%"
        RenderBR {BR} at (161,34) size 0x0
        RenderText {#text} at (0,38) size 161x19
          text run at (0,38) width 161: "Column Two is: 67%"
      RenderBlock {HR} at (0,247) size 964x2 [border: (1px inset #000000)]
      RenderTable {TABLE} at (0,257) size 40x600
        RenderTableSection {TBODY} at (0,0) size 40x600
          RenderTableRow {TR} at (0,0) size 20x600
            RenderTableCell {TD} at (0,10) size 20x180 [bgcolor=#00FFFF] [r=0 c=0 rs=1 cs=1]
            RenderTableCell {TD} at (0,210) size 20x380 [bgcolor=#FFFF00] [r=0 c=1 rs=1 cs=1]
          RenderTableRow {TR} at (0,20) size 20x600
            RenderTableCell {TD} at (20,10) size 20x580 [bgcolor=#FFC0CB] [r=1 c=0 rs=1 cs=2]
              RenderBlock {DIV} at (10,-10) size 0x600
      RenderBlock {P} at (0,873) size 964x57
        RenderText {#text} at (0,0) size 187x19
          text run at (0,0) width 187: "The table height is: 600"
        RenderBR {BR} at (187,15) size 0x0
        RenderText {#text} at (0,19) size 161x19
          text run at (0,19) width 161: "Column One is: 33%"
        RenderBR {BR} at (161,34) size 0x0
        RenderText {#text} at (0,38) size 161x19
          text run at (0,38) width 161: "Column Two is: 67%"
      RenderBlock {HR} at (0,946) size 964x2 [border: (1px inset #000000)]
      RenderTable {TABLE} at (0,956) size 58x600
        RenderTableSection {TBODY} at (0,0) size 58x600
          RenderTableRow {TR} at (0,0) size 38x600
            RenderTableCell {TD} at (0,0) size 38x200 [bgcolor=#00FFFF] [r=0 c=0 rs=1 cs=1]
              RenderText {#text} at (0,0) size 38x192
                text run at (0,0) width 192: "Fixed cell in column one"
                text run at (19,0) width 123: "with some text."
            RenderTableCell {TD} at (0,200) size 38x400 [bgcolor=#FFFF00] [r=0 c=1 rs=1 cs=1]
              RenderText {#text} at (0,0) size 38x391
                text run at (0,0) width 391: "Fixed cell in column two with a lot more text. Will"
                text run at (19,0) width 196: "the ratios be preserved?"
          RenderTableRow {TR} at (0,38) size 20x600
            RenderTableCell {TD} at (38,10) size 20x580 [bgcolor=#FFC0CB] [r=1 c=0 rs=1 cs=2]
              RenderBlock {DIV} at (10,-10) size 0x600
      RenderBlock {P} at (0,1572) size 964x57
        RenderText {#text} at (0,0) size 187x19
          text run at (0,0) width 187: "The table height is: 600"
        RenderBR {BR} at (187,15) size 0x0
        RenderText {#text} at (0,19) size 161x19
          text run at (0,19) width 161: "Column One is: 33%"
        RenderBR {BR} at (161,34) size 0x0
        RenderText {#text} at (0,38) size 161x19
          text run at (0,38) width 161: "Column Two is: 67%"
      RenderBlock {HR} at (0,1645) size 964x2 [border: (1px inset #000000)]
      RenderTable {TABLE} at (0,1655) size 40x600
        RenderTableSection {TBODY} at (0,0) size 40x600
          RenderTableRow {TR} at (0,0) size 20x600
            RenderTableCell {TD} at (0,10) size 20x180 [bgcolor=#00FFFF] [r=0 c=0 rs=1 cs=1]
              RenderBlock {DIV} at (10,-10) size 0x100
            RenderTableCell {TD} at (0,210) size 20x380 [bgcolor=#FFFF00] [r=0 c=1 rs=1 cs=1]
              RenderBlock {DIV} at (10,-10) size 0x250
          RenderTableRow {TR} at (0,20) size 20x600
            RenderTableCell {TD} at (20,10) size 20x580 [bgcolor=#FFC0CB] [r=1 c=0 rs=1 cs=2]
              RenderBlock {DIV} at (10,-10) size 0x600
      RenderBlock {P} at (0,2271) size 964x57
        RenderText {#text} at (0,0) size 187x19
          text run at (0,0) width 187: "The table height is: 600"
        RenderBR {BR} at (187,15) size 0x0
        RenderText {#text} at (0,19) size 161x19
          text run at (0,19) width 161: "Column One is: 33%"
        RenderBR {BR} at (161,34) size 0x0
        RenderText {#text} at (0,38) size 161x19
          text run at (0,38) width 161: "Column Two is: 67%"
      RenderBlock {HR} at (0,2344) size 964x2 [border: (1px inset #000000)]
