layer at (0,0) size 980x735
  RenderView at (0,0) size 980x735
layer at (0,0) size 980x735
  RenderBlock {HTML} at (0,0) size 980x735
    RenderBody {BODY} at (8,8) size 964x719
      RenderBlock {P} at (0,0) size 964x19
        RenderText {#text} at (0,0) size 67x19
          text run at (0,0) width 67: "Test for "
        RenderInline {I} at (0,0) size 817x19
          RenderInline {A} at (0,0) size 372x19 [color=#0000EE]
            RenderText {#text} at (67,0) size 372x19
              text run at (67,0) width 372: "http://bugs.webkit.org/show_bug.cgi?id=13670"
          RenderText {#text} at (439,0) size 445x19
            text run at (439,0) width 5: " "
            text run at (444,0) width 440: "Table misrender when one of the TDs has width=100%"
        RenderText {#text} at (884,0) size 5x19
          text run at (884,0) width 5: "."
      RenderBlock {P} at (0,35) size 964x19
        RenderText {#text} at (0,0) size 710x19
          text run at (0,0) width 710: "There should be one green vertical line, 100px long and 2px thick, near the right margin."
      RenderTable {TABLE} at (0,70) size 964x50
        RenderTableSection {TBODY} at (0,0) size 964x50
          RenderTableRow {TR} at (0,0) size 964x50
            RenderTableCell {TD} at (0,25) size 962x0 [r=0 c=0 rs=1 cs=1]
            RenderTableCell {TD} at (962,0) size 2x50 [r=0 c=1 rs=1 cs=1]
              RenderBlock {DIV} at (0,0) size 2x50 [bgcolor=#008000]
      RenderBlock {DIV} at (0,120) size 964x50
        RenderBlock {DIV} at (962,0) size 2x50 [bgcolor=#008000]
