layer at (0,0) size 980x735
  RenderView at (0,0) size 980x735
layer at (0,0) size 980x735
  RenderBlock {HTML} at (0,0) size 980x735
    RenderBody {BODY} at (8,8) size 964x719
      RenderBlock {P} at (0,0) size 964x19
        RenderText {#text} at (0,0) size 380x19
          text run at (0,0) width 380: "Both rows should have the same width (725px)."
      RenderTable {TABLE} at (0,35) size 725x38
        RenderTableSection {TBODY} at (0,0) size 725x38
          RenderTableRow {TR} at (0,0) size 725x19
            RenderTableCell {TD} at (0,0) size 181x19 [bgcolor=#7CFC00] [r=0 c=0 rs=1 cs=1]
              RenderText {#text} at (0,0) size 27x19
                text run at (0,0) width 27: "cell"
            RenderTableCell {TD} at (181,0) size 181x19 [bgcolor=#00FFFF] [r=0 c=1 rs=1 cs=1]
              RenderText {#text} at (0,0) size 27x19
                text run at (0,0) width 27: "cell"
            RenderTableCell {TD} at (362,0) size 181x19 [bgcolor=#FFFF00] [r=0 c=2 rs=1 cs=1]
              RenderText {#text} at (0,0) size 27x19
                text run at (0,0) width 27: "cell"
            RenderTableCell {TD} at (543,0) size 182x19 [bgcolor=#FFA500] [r=0 c=3 rs=1 cs=1]
              RenderText {#text} at (0,0) size 27x19
                text run at (0,0) width 27: "cell"
          RenderTableRow {TR} at (0,19) size 725x19
            RenderTableCell {TD} at (0,19) size 181x19 [r=1 c=0 rs=1 cs=1]
              RenderText {#text} at (0,0) size 5x19
                text run at (0,0) width 5: " "
            RenderTableCell {TD} at (181,19) size 181x19 [r=1 c=1 rs=1 cs=1]
              RenderText {#text} at (0,0) size 5x19
                text run at (0,0) width 5: " "
            RenderTableCell {TD} at (362,19) size 181x19 [r=1 c=2 rs=1 cs=1]
              RenderText {#text} at (0,0) size 5x19
                text run at (0,0) width 5: " "
            RenderTableCell {TD} at (543,19) size 182x19 [r=1 c=3 rs=1 cs=1]
              RenderText {#text} at (0,0) size 5x19
                text run at (0,0) width 5: " "
      RenderTable {TABLE} at (0,73) size 725x19
        RenderTableSection {TBODY} at (0,0) size 725x19
          RenderTableRow {TR} at (0,0) size 725x19
            RenderTableCell {TD} at (0,0) size 181x19 [bgcolor=#7CFC00] [r=0 c=0 rs=1 cs=1]
              RenderText {#text} at (0,0) size 10x19
                text run at (0,0) width 10: "1"
            RenderTableCell {TD} at (181,0) size 181x19 [bgcolor=#00FFFF] [r=0 c=1 rs=1 cs=1]
              RenderText {#text} at (0,0) size 10x19
                text run at (0,0) width 10: "2"
            RenderTableCell {TD} at (362,0) size 181x19 [bgcolor=#FFFF00] [r=0 c=2 rs=1 cs=1]
              RenderText {#text} at (0,0) size 10x19
                text run at (0,0) width 10: "3"
            RenderTableCell {TD} at (543,0) size 182x19 [bgcolor=#FFA500] [r=0 c=3 rs=1 cs=1]
              RenderText {#text} at (0,0) size 10x19
                text run at (0,0) width 10: "4"
