layer at (0,0) size 980x735
  RenderView at (0,0) size 980x735
layer at (0,0) size 980x160
  RenderBlock {HTML} at (0,0) size 980x160
    RenderBody {BODY} at (8,16) size 964x128
      RenderTable {TABLE} at (16,0) size 100x62 [border: (3px solid #FF0000)]
        RenderTableSection {TBODY} at (3,3) size 94x56
          RenderTableRow {TR} at (0,2) size 94x52
            RenderTableCell {TD} at (2,2) size 90x52 [r=0 c=0 rs=1 cs=1]
              RenderTable {TABLE} at (1,1) size 88x25 [color=#FFFFFF] [bgcolor=#800080]
                RenderTableSection {TBODY} at (0,0) size 88x25
                  RenderTableRow {TR} at (0,2) size 88x21
                    RenderTableCell {TD} at (2,2) size 84x21 [r=0 c=0 rs=1 cs=1]
                      RenderText {#text} at (1,1) size 82x19
                        text run at (1,1) width 82: "Table One"
              RenderTable {TABLE} at (1,26) size 88x25 [color=#FFFFFF] [bgcolor=#800080]
                RenderTableSection {TBODY} at (0,0) size 88x25
                  RenderTableRow {TR} at (0,2) size 88x21
                    RenderTableCell {TD} at (2,2) size 84x21 [r=0 c=0 rs=1 cs=1]
                      RenderText {#text} at (1,1) size 82x19
                        text run at (1,1) width 82: "Table Two"
      RenderTable {TABLE} at (16,78) size 75x50 [border: (3px solid #FF0000)]
        RenderTableSection {TBODY} at (3,3) size 69x44
          RenderTableRow {TR} at (0,2) size 69x40
            RenderTableCell {TD} at (2,2) size 65x40 [r=0 c=0 rs=1 cs=1]
              RenderBlock {DIV} at (1,1) size 63x19 [color=#FFFFFF] [bgcolor=#800080]
                RenderText {#text} at (0,0) size 63x19
                  text run at (0,0) width 63: "Div One"
              RenderBlock {DIV} at (1,20) size 63x19 [color=#FFFFFF] [bgcolor=#800080]
                RenderText {#text} at (0,0) size 63x19
                  text run at (0,0) width 63: "Div Two"
