layer at (0,0) size 980x735
  RenderView at (0,0) size 980x735
layer at (0,0) size 980x735
  RenderBlock {HTML} at (0,0) size 980x735
    RenderBody {BODY} at (8,8) size 964x719
      RenderTable {TABLE} at (0,0) size 964x25
        RenderTableSection {TBODY} at (0,0) size 964x25
          RenderTableRow {TR} at (0,2) size 964x21
            RenderTableCell {TD} at (2,2) size 62x21 [r=0 c=0 rs=1 cs=1]
            RenderTableCell {TD} at (66,11) size 896x2 [r=0 c=1 rs=1 cs=1]
      RenderBlock {DIV} at (0,25) size 964x0
layer at (11,11) size 60x19 scrollWidth 70
  RenderBlock {DIV} at (1,1) size 60x19
    RenderText {#text} at (0,0) size 70x19
      text run at (0,0) width 70: "Success!"
