layer at (0,0) size 980x735
  RenderView at (0,0) size 980x735
layer at (0,0) size 980x735
  RenderBlock {HTML} at (0,0) size 980x735
    RenderBody {BODY} at (8,8) size 964x719
      RenderBlock {DIV} at (0,0) size 964x0
      RenderTable at (0,0) size 66x19
        RenderTableSection (anonymous) at (0,0) size 66x19
          RenderTableRow (anonymous) at (0,0) size 66x19
            RenderTableCell {DIV} at (0,0) size 33x19 [r=0 c=0 rs=1 cs=1]
              RenderText {#text} at (0,0) size 33x19
                text run at (0,0) width 33: "One"
            RenderTableCell {DIV} at (33,0) size 33x19 [r=0 c=1 rs=1 cs=1]
              RenderText {#text} at (0,0) size 33x19
                text run at (0,0) width 33: "Two"
