layer at (0,0) size 980x735
  RenderView at (0,0) size 980x735
layer at (0,0) size 980x735
  RenderBlock {HTML} at (0,0) size 980x735
    RenderBody {BODY} at (8,8) size 964x719
      RenderBlock {P} at (0,0) size 964x38
        RenderText {#text} at (0,0) size 221x19
          text run at (0,0) width 221: "This is a regression test for "
        RenderInline {I} at (0,0) size 911x38
          RenderInline {A} at (0,0) size 426x19 [color=#0000EE]
            RenderText {#text} at (221,0) size 426x19
              text run at (221,0) width 426: "http://bugzilla.opendarwin.org/show_bug.cgi?id=9879"
          RenderText {#text} at (647,0) size 911x38
            text run at (647,0) width 5: " "
            text run at (652,0) width 259: "REGRESSION: Repro crash when"
            text run at (0,19) width 337: "clicking to the side of an anonymous table"
        RenderText {#text} at (337,19) size 5x19
          text run at (337,19) width 5: "."
      RenderBlock {P} at (0,54) size 964x19
        RenderText {#text} at (0,0) size 786x19
          text run at (0,0) width 786: "If the browser does not crash as you click to the right of each of the lines below, it passes the test."
      RenderBlock {HR} at (0,89) size 964x2 [border: (1px inset #000000)]
      RenderBlock {DIV} at (0,99) size 964x76
        RenderTable at (0,0) size 221x76
          RenderTableSection (anonymous) at (0,19) size 221x38
            RenderTableRow {DIV} at (0,0) size 221x19
              RenderTableCell (anonymous) at (0,0) size 221x19 [r=0 c=0 rs=1 cs=1]
                RenderText {#text} at (0,0) size 221x19
                  text run at (0,0) width 221: "Click to the right of this text"
            RenderTableRow (anonymous) at (0,19) size 221x19
              RenderTableCell {DIV} at (0,19) size 221x19 [r=1 c=0 rs=1 cs=1]
                RenderText {#text} at (0,0) size 221x19
                  text run at (0,0) width 221: "Click to the right of this text"
          RenderBlock {DIV} at (0,0) size 221x19
            RenderText {#text} at (0,0) size 221x19
              text run at (0,0) width 221: "Click to the right of this text"
          RenderTableSection {DIV} at (0,57) size 221x19
            RenderTableRow (anonymous) at (0,0) size 221x19
              RenderTableCell (anonymous) at (0,0) size 221x19 [r=0 c=0 rs=1 cs=1]
                RenderText {#text} at (0,0) size 221x19
                  text run at (0,0) width 221: "Click to the right of this text"
caret: position 40 of child 0 {#text} of child 7 {DIV} of child 7 {DIV} of body
