layer at (0,0) size 980x735
  RenderView at (0,0) size 980x735
layer at (0,0) size 980x142
  RenderBlock {HTML} at (0,0) size 980x142
    RenderBody {BODY} at (8,8) size 964x126
      RenderTable {TABLE} at (0,0) size 332x63
        RenderBlock {CAPTION} at (0,0) size 332x38
          RenderText {#text} at (36,0) size 260x38
            text run at (36,0) width 260: "The next line should have yellow"
            text run at (116,19) width 100: "background."
        RenderTableCol {COLGROUP} at (0,0) size 0x0
          RenderTableCol {COL} at (0,0) size 0x0 [bgcolor=#FFFF00]
        RenderTableSection {TBODY} at (0,38) size 332x25
          RenderTableRow {TR} at (0,2) size 332x21
            RenderTableCell {TD} at (2,2) size 328x21 [r=0 c=0 rs=1 cs=1]
              RenderText {#text} at (1,1) size 326x19
                text run at (1,1) width 326: "This line should have yellow background."
      RenderTable {TABLE} at (0,63) size 332x63
        RenderBlock {CAPTION} at (0,0) size 332x38
          RenderText {#text} at (36,0) size 260x38
            text run at (36,0) width 260: "The next line should have yellow"
            text run at (116,19) width 100: "background."
        RenderTableCol {COLGROUP} at (0,0) size 0x0
          RenderTableCol {COL} at (0,0) size 0x0 [bgcolor=#FFFF00]
        RenderTableSection {TBODY} at (0,38) size 332x25
          RenderTableRow {TR} at (0,2) size 332x21
            RenderTableCell {TD} at (2,2) size 328x21 [r=0 c=0 rs=1 cs=1]
              RenderText {#text} at (1,1) size 326x19
                text run at (1,1) width 326: "This line should have yellow background."
