layer at (0,0) size 980x735
  RenderView at (0,0) size 980x735
layer at (0,0) size 980x735
  RenderBlock {HTML} at (0,0) size 980x735
    RenderBody {BODY} at (8,8) size 964x719
      RenderTable {TABLE} at (0,0) size 292x218 [border: none]
        RenderTableCol {COLGROUP} at (0,0) size 0x0 [border: none (1px solid #000000) none (1px solid #000000)]
        RenderTableCol {COLGROUP} at (0,0) size 0x0 [border: none (1px solid #000000) none (1px solid #000000)]
        RenderTableSection {TBODY} at (0,0) size 291x217 [border: (1px solid #808080) none (1px solid #808080) none]
          RenderTableRow {TR} at (0,0) size 291x28
            RenderTableCell {TH} at (0,0) size 102x28 [border: (1px none #000000)] [r=0 c=0 rs=1 cs=1]
              RenderText {#text} at (10,5) size 83x19
                text run at (10,5) width 83: "Weekday"
            RenderTableCell {TH} at (102,0) size 54x28 [border: (1px none #000000)] [r=0 c=1 rs=1 cs=1]
              RenderText {#text} at (6,5) size 43x19
                text run at (6,5) width 43: "Date"
            RenderTableCell {TH} at (156,0) size 87x28 [border: (1px none #000000)] [r=0 c=2 rs=1 cs=1]
              RenderText {#text} at (4,5) size 79x19
                text run at (4,5) width 79: "Manager"
            RenderTableCell {TH} at (243,0) size 48x28 [border: (1px none #000000)] [r=0 c=3 rs=1 cs=1]
              RenderText {#text} at (8,5) size 32x19
                text run at (8,5) width 32: "Qty"
          RenderTableRow {TR} at (0,28) size 291x27
            RenderTableCell {TD} at (0,28) size 102x27 [border: none] [r=1 c=0 rs=1 cs=1]
              RenderText {#text} at (5,4) size 63x19
                text run at (5,4) width 63: "Monday"
            RenderTableCell {TD} at (102,28) size 54x27 [border: none] [r=1 c=1 rs=1 cs=1]
              RenderText {#text} at (5,4) size 45x19
                text run at (5,4) width 45: "09/11"
            RenderTableCell {TD} at (156,28) size 87x27 [r=1 c=2 rs=1 cs=1]
              RenderText {#text} at (4,4) size 52x19
                text run at (4,4) width 52: "Kelsey"
            RenderTableCell {TD} at (243,28) size 48x27 [r=1 c=3 rs=1 cs=1]
              RenderText {#text} at (4,4) size 30x19
                text run at (4,4) width 30: "639"
          RenderTableRow {TR} at (0,55) size 291x27
            RenderTableCell {TD} at (0,55) size 102x27 [border: none] [r=2 c=0 rs=1 cs=1]
              RenderText {#text} at (5,4) size 67x19
                text run at (5,4) width 67: "Tuesday"
            RenderTableCell {TD} at (102,55) size 54x27 [border: none] [r=2 c=1 rs=1 cs=1]
              RenderText {#text} at (5,4) size 45x19
                text run at (5,4) width 45: "09/12"
            RenderTableCell {TD} at (156,55) size 87x27 [r=2 c=2 rs=1 cs=1]
              RenderText {#text} at (4,4) size 60x19
                text run at (4,4) width 60: "Lindsey"
            RenderTableCell {TD} at (243,55) size 48x27 [r=2 c=3 rs=1 cs=1]
              RenderText {#text} at (4,4) size 30x19
                text run at (4,4) width 30: "596"
          RenderTableRow {TR} at (0,82) size 291x27
            RenderTableCell {TD} at (0,82) size 102x27 [border: none] [r=3 c=0 rs=1 cs=1]
              RenderText {#text} at (5,4) size 93x19
                text run at (5,4) width 93: "Wednesday"
            RenderTableCell {TD} at (102,82) size 54x27 [border: none] [r=3 c=1 rs=1 cs=1]
              RenderText {#text} at (5,4) size 45x19
                text run at (5,4) width 45: "09/13"
            RenderTableCell {TD} at (156,82) size 87x27 [r=3 c=2 rs=1 cs=1]
              RenderText {#text} at (4,4) size 50x19
                text run at (4,4) width 50: "Randy"
            RenderTableCell {TD} at (243,82) size 48x27 [r=3 c=3 rs=1 cs=1]
              RenderText {#text} at (4,4) size 40x19
                text run at (4,4) width 40: "1135"
          RenderTableRow {TR} at (0,109) size 291x27
            RenderTableCell {TD} at (0,109) size 102x27 [border: none] [r=4 c=0 rs=1 cs=1]
              RenderText {#text} at (5,4) size 74x19
                text run at (5,4) width 74: "Thursday"
            RenderTableCell {TD} at (102,109) size 54x27 [border: none] [r=4 c=1 rs=1 cs=1]
              RenderText {#text} at (5,4) size 45x19
                text run at (5,4) width 45: "09/14"
            RenderTableCell {TD} at (156,109) size 87x27 [r=4 c=2 rs=1 cs=1]
              RenderText {#text} at (4,4) size 48x19
                text run at (4,4) width 48: "Susan"
            RenderTableCell {TD} at (243,109) size 48x27 [r=4 c=3 rs=1 cs=1]
              RenderText {#text} at (4,4) size 40x19
                text run at (4,4) width 40: "1002"
          RenderTableRow {TR} at (0,136) size 291x27
            RenderTableCell {TD} at (0,136) size 102x27 [border: none] [r=5 c=0 rs=1 cs=1]
              RenderText {#text} at (5,4) size 49x19
                text run at (5,4) width 49: "Friday"
            RenderTableCell {TD} at (102,136) size 54x27 [border: none] [r=5 c=1 rs=1 cs=1]
              RenderText {#text} at (5,4) size 45x19
                text run at (5,4) width 45: "09/15"
            RenderTableCell {TD} at (156,136) size 87x27 [r=5 c=2 rs=1 cs=1]
              RenderText {#text} at (4,4) size 50x19
                text run at (4,4) width 50: "Randy"
            RenderTableCell {TD} at (243,136) size 48x27 [r=5 c=3 rs=1 cs=1]
              RenderText {#text} at (4,4) size 30x19
                text run at (4,4) width 30: "908"
          RenderTableRow {TR} at (0,163) size 291x27
            RenderTableCell {TD} at (0,163) size 102x27 [border: none] [r=6 c=0 rs=1 cs=1]
              RenderText {#text} at (5,4) size 72x19
                text run at (5,4) width 72: "Saturday"
            RenderTableCell {TD} at (102,163) size 54x27 [border: none] [r=6 c=1 rs=1 cs=1]
              RenderText {#text} at (5,4) size 45x19
                text run at (5,4) width 45: "09/16"
            RenderTableCell {TD} at (156,163) size 87x27 [r=6 c=2 rs=1 cs=1]
              RenderText {#text} at (4,4) size 60x19
                text run at (4,4) width 60: "Lindsey"
            RenderTableCell {TD} at (243,163) size 48x27 [r=6 c=3 rs=1 cs=1]
              RenderText {#text} at (4,4) size 30x19
                text run at (4,4) width 30: "371"
          RenderTableRow {TR} at (0,190) size 291x27
            RenderTableCell {TD} at (0,190) size 102x27 [border: none] [r=7 c=0 rs=1 cs=1]
              RenderText {#text} at (5,4) size 59x19
                text run at (5,4) width 59: "Sunday"
            RenderTableCell {TD} at (102,190) size 54x27 [border: none] [r=7 c=1 rs=1 cs=1]
              RenderText {#text} at (5,4) size 45x19
                text run at (5,4) width 45: "09/17"
            RenderTableCell {TD} at (156,190) size 87x27 [r=7 c=2 rs=1 cs=1]
              RenderText {#text} at (4,4) size 48x19
                text run at (4,4) width 48: "Susan"
            RenderTableCell {TD} at (243,190) size 48x27 [r=7 c=3 rs=1 cs=1]
              RenderText {#text} at (4,4) size 30x19
                text run at (4,4) width 30: "272"
