layer at (0,0) size 980x735
  RenderView at (0,0) size 980x735
layer at (0,0) size 980x735
  RenderBlock {HTML} at (0,0) size 980x735
    RenderBody {BODY} at (8,8) size 964x719
      RenderTable {TABLE} at (0,0) size 132x110 [border: (1px outset #808080)]
        RenderTableSection {TBODY} at (1,1) size 130x108
          RenderTableRow {TR} at (0,2) size 130x51
            RenderTableCell {TD} at (2,2) size 62x51 [border: (1px inset #808080)] [r=0 c=0 rs=1 cs=1]
              RenderText {#text} at (16,16) size 30x19
                text run at (16,16) width 30: "100"
            RenderTableCell {TD} at (66,2) size 62x51 [border: (1px inset #808080)] [r=0 c=1 rs=1 cs=1]
              RenderText {#text} at (16,16) size 30x19
                text run at (16,16) width 30: "200"
          RenderTableRow {TR} at (0,55) size 130x51
            RenderTableCell {TD} at (2,55) size 62x51 [border: (1px inset #808080)] [r=1 c=0 rs=1 cs=1]
              RenderText {#text} at (16,16) size 30x19
                text run at (16,16) width 30: "300"
            RenderTableCell {TD} at (66,55) size 62x51 [border: (1px inset #808080)] [r=1 c=1 rs=1 cs=1]
              RenderText {#text} at (16,16) size 30x19
                text run at (16,16) width 30: "400"
