layer at (0,0) size 980x735
  RenderView at (0,0) size 980x735
layer at (0,0) size 980x735
  RenderBlock {HTML} at (0,0) size 980x735
    RenderBody {BODY} at (8,8) size 964x719
      RenderBlock (anonymous) at (0,0) size 964x19
        RenderText {#text} at (0,0) size 284x19
          text run at (0,0) width 284: "This test passes if it does not crash."
      RenderTable {TABLE} at (0,19) size 4x6
        RenderTableSection {TBODY} at (0,0) size 4x6
          RenderTableRow {TR} at (0,2) size 4x0
          RenderTableRow {TR} at (0,4) size 4x0
