layer at (0,0) size 980x735
  RenderView at (0,0) size 980x735
layer at (0,0) size 980x735
  RenderBlock {HTML} at (0,0) size 980x735
    RenderBody {BODY} at (8,8) size 964x719 [bgcolor=#994444]
      RenderTable {TABLE} at (0,0) size 964x719 [border: (1px outset #808080)]
        RenderTableSection {TBODY} at (1,1) size 962x717
          RenderTableRow {TR} at (0,2) size 962x713
            RenderTableCell {TD} at (2,356) size 802x4 [border: (1px inset #808080)] [r=0 c=0 rs=1 cs=1]
            RenderTableCell {TD} at (806,347) size 154x23 [border: (1px dashed #552222)] [r=0 c=1 rs=1 cs=1]
              RenderTable {TABLE} at (2,2) size 150x0
              RenderBlock (anonymous) at (2,2) size 150x19
                RenderText {#text} at (0,0) size 30x19
                  text run at (0,0) width 30: "boo"
