layer at (0,0) size 980x735
  RenderView at (0,0) size 980x735
layer at (0,0) size 980x735
  RenderBlock {HTML} at (0,0) size 980x735
    RenderBody {BODY} at (8,8) size 964x719
      RenderTable {TABLE} at (0,0) size 964x62 [bgcolor=#FF0000]
        RenderTableSection {TBODY} at (0,0) size 964x62
          RenderTableRow {TR} at (0,2) size 964x58
            RenderTableCell {TD} at (2,2) size 960x58 [r=0 c=0 rs=1 cs=1]
              RenderBlock {DIV} at (1,1) size 958x56
                RenderBlock (anonymous) at (0,0) size 958x19
                  RenderText {#text} at (0,0) size 30x19
                    text run at (0,0) width 30: "boo"
                RenderTable {TABLE} at (0,19) size 100x37 [bgcolor=#800080]
                  RenderTableSection {TBODY} at (0,0) size 100x37
                    RenderTableRow {TR} at (0,2) size 100x33
                      RenderTableCell {TD} at (2,2) size 96x33 [r=0 c=0 rs=1 cs=1]
                        RenderTable {TABLE} at (1,1) size 94x31 [bgcolor=#0000FF]
                          RenderTableSection {TBODY} at (0,0) size 94x31
                            RenderTableRow {TR} at (0,2) size 94x27
                              RenderTableCell {TD} at (2,2) size 90x27 [r=0 c=0 rs=1 cs=1]
                                RenderTable {TABLE} at (1,1) size 88x25 [bgcolor=#008000]
                                  RenderTableSection {TBODY} at (0,0) size 88x25
                                    RenderTableRow {TR} at (0,2) size 88x21
                                      RenderTableCell {TD} at (2,2) size 84x21 [r=0 c=0 rs=1 cs=1]
                                        RenderText {#text} at (1,1) size 63x19
                                          text run at (1,1) width 63: "Content"
