layer at (0,0) size 980x735
  RenderView at (0,0) size 980x735
layer at (0,0) size 980x735
  RenderBlock {HTML} at (0,0) size 980x735
    RenderBody {BODY} at (8,8) size 964x719
      RenderTable {TABLE} at (0,0) size 964x35 [bgcolor=#FF0000]
        RenderTableSection {TBODY} at (0,0) size 964x35
          RenderTableRow {TR} at (0,2) size 964x2
            RenderTableCell {TD} at (2,2) size 960x2 [r=0 c=0 rs=1 cs=1]
          RenderTableRow {TR} at (0,6) size 964x27
            RenderTableCell {TD} at (2,6) size 960x27 [r=1 c=0 rs=1 cs=1]
              RenderTable {TABLE} at (1,1) size 958x25 [bgcolor=#008000]
                RenderTableSection {TBODY} at (0,0) size 958x25
                  RenderTableRow {TR} at (0,2) size 958x21
                    RenderTableCell {TD} at (2,2) size 954x21 [r=0 c=0 rs=1 cs=1]
                      RenderText {#text} at (1,1) size 63x19
                        text run at (1,1) width 63: "Content"
