layer at (0,0) size 980x735
  RenderView at (0,0) size 980x735
layer at (0,0) size 980x735
  RenderBlock {HTML} at (0,0) size 980x735
    RenderBody {BODY} at (8,8) size 964x719
      RenderTable {TABLE} at (0,0) size 207x100 [border: (1px solid #000000)]
        RenderTableSection {THEAD} at (1,1) size 205x25
          RenderTableRow {TR} at (0,2) size 205x21
            RenderTableCell (anonymous) at (2,2) size 130x21 [r=0 c=0 rs=1 cs=1]
              RenderBlock (floating) {TH} at (0,0) size 65x21
                RenderText {#text} at (1,1) size 63x19
                  text run at (1,1) width 63: "Head 1"
              RenderBlock (floating) {TH} at (65,0) size 65x21
                RenderText {#text} at (1,1) size 63x19
                  text run at (1,1) width 63: "Head 2"
        RenderTableSection {TFOOT} at (1,74) size 205x25
          RenderTableRow {TR} at (0,2) size 205x21
            RenderTableCell {TD} at (2,2) size 130x21 [r=0 c=0 rs=1 cs=1]
              RenderText {#text} at (1,1) size 67x19
                text run at (1,1) width 67: "Footer 1"
            RenderTableCell {TD} at (134,2) size 69x21 [r=0 c=1 rs=1 cs=1]
              RenderText {#text} at (1,1) size 67x19
                text run at (1,1) width 67: "Footer 2"
        RenderTableSection {TBODY} at (1,26) size 205x48
          RenderTableRow {TR} at (0,2) size 205x21
            RenderTableCell {TD} at (2,2) size 130x21 [r=0 c=0 rs=1 cs=1]
              RenderText {#text} at (1,1) size 44x19
                text run at (1,1) width 44: "Cell 1"
            RenderTableCell {TD} at (134,2) size 69x21 [r=0 c=1 rs=1 cs=1]
              RenderText {#text} at (1,1) size 44x19
                text run at (1,1) width 44: "Cell 2"
          RenderTableRow {TR} at (0,25) size 205x21
            RenderTableCell {TD} at (2,25) size 130x21 [r=1 c=0 rs=1 cs=1]
              RenderText {#text} at (1,1) size 44x19
                text run at (1,1) width 44: "Cell 3"
            RenderTableCell {TD} at (134,25) size 69x21 [r=1 c=1 rs=1 cs=1]
              RenderText {#text} at (1,1) size 44x19
                text run at (1,1) width 44: "Cell 4"
