layer at (0,0) size 980x735
  RenderView at (0,0) size 980x735
layer at (0,0) size 980x735
  RenderBlock {HTML} at (0,0) size 980x735
    RenderBody {BODY} at (8,8) size 964x719
      RenderBlock {P} at (0,0) size 964x19
        RenderText {#text} at (0,0) size 478x19
          text run at (0,0) width 478: "This page has a few form elements on it with various styles."
      RenderBlock {P} at (0,35) size 964x19
        RenderText {#text} at (0,0) size 722x19
          text run at (0,0) width 722: "In older versions of WebKit, the table styles would cause infinite recursion and hangs. See "
        RenderInline {A} at (0,0) size 140x19 [color=#0000EE]
          RenderText {#text} at (722,0) size 140x19
            text run at (722,0) width 140: "bugzilla bug 5731"
        RenderText {#text} at (862,0) size 5x19
          text run at (862,0) width 5: "."
      RenderBlock {DIV} at (0,70) size 964x19
        RenderInline {FORM} at (0,0) size 107x19
          RenderText {#text} at (0,0) size 107x19
            text run at (0,0) width 107: "display: inline"
      RenderBlock {DIV} at (0,89) size 964x19
        RenderBlock {FORM} at (0,0) size 964x19
          RenderText {#text} at (0,0) size 107x19
            text run at (0,0) width 107: "display: block"
      RenderBlock {DIV} at (0,124) size 964x19
        RenderListItem {FORM} at (0,0) size 964x19
          RenderListMarker at (-18,0) size 7x19: bullet
          RenderText {#text} at (0,0) size 129x19
            text run at (0,0) width 129: "display: list-item"
      RenderBlock {DIV} at (0,159) size 964x19
        RenderBlock (run-in) {FORM} at (0,0) size 964x19
          RenderText {#text} at (0,0) size 112x19
            text run at (0,0) width 112: "display: run-in"
      RenderBlock {DIV} at (0,194) size 964x19
        RenderBlock {FORM} at (0,0) size 964x19
          RenderText {#text} at (0,0) size 135x19
            text run at (0,0) width 135: "display: compact"
      RenderBlock {DIV} at (0,229) size 964x35
        RenderBlock {FORM} at (0,0) size 155x19
          RenderText {#text} at (0,0) size 155x19
            text run at (0,0) width 155: "display: inline-block"
      RenderBlock {DIV} at (0,264) size 964x19
        RenderTable {FORM} at (0,0) size 105x19
          RenderTableSection (anonymous) at (0,0) size 105x19
            RenderTableRow (anonymous) at (0,0) size 105x19
              RenderTableCell (anonymous) at (0,0) size 105x19 [r=0 c=0 rs=1 cs=1]
                RenderText {#text} at (0,0) size 105x19
                  text run at (0,0) width 105: "display: table"
      RenderBlock {DIV} at (0,299) size 964x35
        RenderTable {FORM} at (0,0) size 153x19
          RenderTableSection (anonymous) at (0,0) size 153x19
            RenderTableRow (anonymous) at (0,0) size 153x19
              RenderTableCell (anonymous) at (0,0) size 153x19 [r=0 c=0 rs=1 cs=1]
                RenderText {#text} at (0,0) size 153x19
                  text run at (0,0) width 153: "display: inline-table"
      RenderBlock {DIV} at (0,334) size 964x19
        RenderTable at (0,0) size 194x19
          RenderTableSection {FORM} at (0,0) size 194x19
            RenderTableRow (anonymous) at (0,0) size 194x19
              RenderTableCell (anonymous) at (0,0) size 194x19 [r=0 c=0 rs=1 cs=1]
                RenderText {#text} at (0,0) size 194x19
                  text run at (0,0) width 194: "display: table-row-group"
      RenderBlock {DIV} at (0,353) size 964x19
        RenderTable at (0,0) size 221x19
          RenderTableSection {FORM} at (0,0) size 221x19
            RenderTableRow (anonymous) at (0,0) size 221x19
              RenderTableCell (anonymous) at (0,0) size 221x19 [r=0 c=0 rs=1 cs=1]
                RenderText {#text} at (0,0) size 221x19
                  text run at (0,0) width 221: "display: table-header-group"
      RenderBlock {DIV} at (0,372) size 964x19
        RenderTable at (0,0) size 213x19
          RenderTableSection {FORM} at (0,0) size 213x19
            RenderTableRow (anonymous) at (0,0) size 213x19
              RenderTableCell (anonymous) at (0,0) size 213x19 [r=0 c=0 rs=1 cs=1]
                RenderText {#text} at (0,0) size 213x19
                  text run at (0,0) width 213: "display: table-footer-group"
      RenderBlock {DIV} at (0,391) size 964x19
        RenderTable at (0,0) size 141x19
          RenderTableSection (anonymous) at (0,0) size 141x19
            RenderTableRow {FORM} at (0,0) size 141x19
              RenderTableCell (anonymous) at (0,0) size 141x19 [r=0 c=0 rs=1 cs=1]
                RenderText {#text} at (0,0) size 141x19
                  text run at (0,0) width 141: "display: table-row"
      RenderBlock {DIV} at (0,410) size 964x0
        RenderTable at (0,0) size 0x0
          RenderTableCol {FORM} at (0,0) size 0x0
      RenderBlock {DIV} at (0,410) size 964x0
        RenderTable at (0,0) size 0x0
          RenderTableCol {FORM} at (0,0) size 0x0
      RenderBlock {DIV} at (0,410) size 964x19
        RenderTable at (0,0) size 138x19
          RenderTableSection (anonymous) at (0,0) size 138x19
            RenderTableRow (anonymous) at (0,0) size 138x19
              RenderTableCell {FORM} at (0,0) size 138x19 [r=0 c=0 rs=1 cs=1]
                RenderText {#text} at (0,0) size 138x19
                  text run at (0,0) width 138: "display: table-cell"
      RenderBlock {DIV} at (0,429) size 964x73
        RenderTable at (0,0) size 60x73
          RenderBlock {FORM} at (0,0) size 60x57
            RenderText {#text} at (0,0) size 60x57
              text run at (0,0) width 60: "display:"
              text run at (0,19) width 46: "table-"
              text run at (0,38) width 59: "caption"
