layer at (0,0) size 980x8277
  RenderView at (0,0) size 980x735
layer at (0,0) size 980x8277
  RenderBlock {HTML} at (0,0) size 980x8277
    RenderBody {BODY} at (8,8) size 964x8221
      RenderTable {TABLE} at (0,0) size 315x124
        RenderBlock {CAPTION} at (0,0) size 315x19
          RenderInline {A} at (0,0) size 303x19
            RenderText {#text} at (3,0) size 303x19
              text run at (3,0) width 303: "Frame=\x{201C}void\x{201D} and Rules=\x{201C}none\x{201D}"
          RenderInline (generated) at (0,0) size 6x19
            RenderText at (306,0) size 6x19
              text run at (306,0) width 6: ":"
        RenderTableSection {THEAD} at (0,19) size 315x21
          RenderTableRow {TR} at (0,0) size 315x21
            RenderTableCell {TD} at (0,0) size 105x21 [r=0 c=0 rs=1 cs=1]
              RenderText {#text} at (1,1) size 103x19
                text run at (1,1) width 103: "Row 1, Cell 1"
            RenderTableCell {TD} at (105,0) size 105x21 [r=0 c=1 rs=1 cs=1]
              RenderText {#text} at (1,1) size 103x19
                text run at (1,1) width 103: "Row 1, Cell 2"
            RenderTableCell {TD} at (210,0) size 105x21 [r=0 c=2 rs=1 cs=1]
              RenderText {#text} at (1,1) size 103x19
                text run at (1,1) width 103: "Row 1, Cell 3"
        RenderTableSection {TBODY} at (0,40) size 315x63
          RenderTableRow {TR} at (0,0) size 315x21
            RenderTableCell {TD} at (0,10) size 105x21 [r=0 c=0 rs=2 cs=1]
              RenderText {#text} at (1,1) size 103x19
                text run at (1,1) width 103: "Row 2, Cell 1"
            RenderTableCell {TD} at (105,0) size 210x21 [r=0 c=1 rs=1 cs=2]
              RenderText {#text} at (1,1) size 103x19
                text run at (1,1) width 103: "Row 2, Cell 2"
          RenderTableRow {TR} at (0,21) size 315x21
            RenderTableCell {TD} at (105,21) size 105x21 [r=1 c=1 rs=1 cs=1]
              RenderText {#text} at (1,1) size 103x19
                text run at (1,1) width 103: "Row 3, Cell 2"
            RenderTableCell {TD} at (210,31) size 105x21 [r=1 c=2 rs=2 cs=1]
              RenderText {#text} at (1,1) size 103x19
                text run at (1,1) width 103: "Row 3, Cell 3"
          RenderTableRow {TR} at (0,42) size 315x21
            RenderTableCell {TD} at (0,42) size 210x21 [r=2 c=0 rs=1 cs=2]
              RenderText {#text} at (1,1) size 103x19
                text run at (1,1) width 103: "Row 4, Cell 1"
        RenderTableSection {TFOOT} at (0,103) size 315x21
          RenderTableRow {TR} at (0,0) size 315x21
            RenderTableCell {TD} at (0,0) size 105x21 [r=0 c=0 rs=1 cs=1]
              RenderText {#text} at (1,1) size 103x19
                text run at (1,1) width 103: "Row 5, Cell 1"
            RenderTableCell {TD} at (105,0) size 105x21 [r=0 c=1 rs=1 cs=1]
              RenderText {#text} at (1,1) size 103x19
                text run at (1,1) width 103: "Row 5, Cell 2"
            RenderTableCell {TD} at (210,0) size 105x21 [r=0 c=2 rs=1 cs=1]
              RenderText {#text} at (1,1) size 103x19
                text run at (1,1) width 103: "Row 5, Cell 3"
      RenderTable {TABLE} at (0,172) size 315x144
        RenderBlock {CAPTION} at (0,0) size 315x38
          RenderInline {A} at (0,0) size 187x38
            RenderText {#text} at (64,0) size 187x38
              text run at (64,0) width 187: "Frame=\x{201C}above\x{201D} and"
              text run at (90,19) width 129: "Rules=\x{201C}none\x{201D}"
          RenderInline (generated) at (0,0) size 7x19
            RenderText at (218,19) size 7x19
              text run at (218,19) width 7: ":"
        RenderTableSection {THEAD} at (0,38) size 315x22
          RenderTableRow {TR} at (0,0) size 315x22
            RenderTableCell {TD} at (0,0) size 105x22 [border: (1px none #000000)] [r=0 c=0 rs=1 cs=1]
              RenderText {#text} at (1,2) size 103x19
                text run at (1,2) width 103: "Row 1, Cell 1"
            RenderTableCell {TD} at (105,0) size 105x22 [border: (1px none #000000)] [r=0 c=1 rs=1 cs=1]
              RenderText {#text} at (1,2) size 103x19
                text run at (1,2) width 103: "Row 1, Cell 2"
            RenderTableCell {TD} at (210,0) size 105x22 [border: (1px none #000000)] [r=0 c=2 rs=1 cs=1]
              RenderText {#text} at (1,2) size 103x19
                text run at (1,2) width 103: "Row 1, Cell 3"
        RenderTableSection {TBODY} at (0,60) size 315x63
          RenderTableRow {TR} at (0,0) size 315x21
            RenderTableCell {TD} at (0,10) size 105x21 [r=0 c=0 rs=2 cs=1]
              RenderText {#text} at (1,1) size 103x19
                text run at (1,1) width 103: "Row 2, Cell 1"
            RenderTableCell {TD} at (105,0) size 210x21 [r=0 c=1 rs=1 cs=2]
              RenderText {#text} at (1,1) size 103x19
                text run at (1,1) width 103: "Row 2, Cell 2"
          RenderTableRow {TR} at (0,21) size 315x21
            RenderTableCell {TD} at (105,21) size 105x21 [r=1 c=1 rs=1 cs=1]
              RenderText {#text} at (1,1) size 103x19
                text run at (1,1) width 103: "Row 3, Cell 2"
            RenderTableCell {TD} at (210,31) size 105x21 [r=1 c=2 rs=2 cs=1]
              RenderText {#text} at (1,1) size 103x19
                text run at (1,1) width 103: "Row 3, Cell 3"
          RenderTableRow {TR} at (0,42) size 315x21
            RenderTableCell {TD} at (0,42) size 210x21 [r=2 c=0 rs=1 cs=2]
              RenderText {#text} at (1,1) size 103x19
                text run at (1,1) width 103: "Row 4, Cell 1"
        RenderTableSection {TFOOT} at (0,123) size 315x21
          RenderTableRow {TR} at (0,0) size 315x21
            RenderTableCell {TD} at (0,0) size 105x21 [r=0 c=0 rs=1 cs=1]
              RenderText {#text} at (1,1) size 103x19
                text run at (1,1) width 103: "Row 5, Cell 1"
            RenderTableCell {TD} at (105,0) size 105x21 [r=0 c=1 rs=1 cs=1]
              RenderText {#text} at (1,1) size 103x19
                text run at (1,1) width 103: "Row 5, Cell 2"
            RenderTableCell {TD} at (210,0) size 105x21 [r=0 c=2 rs=1 cs=1]
              RenderText {#text} at (1,1) size 103x19
                text run at (1,1) width 103: "Row 5, Cell 3"
      RenderTable {TABLE} at (0,364) size 315x144 [border: none (1px solid #808080) none]
        RenderBlock {CAPTION} at (0,0) size 315x38
          RenderInline {A} at (0,0) size 185x38
            RenderText {#text} at (65,0) size 185x38
              text run at (65,0) width 185: "Frame=\x{201C}below\x{201D} and"
              text run at (90,19) width 129: "Rules=\x{201C}none\x{201D}"
          RenderInline (generated) at (0,0) size 7x19
            RenderText at (218,19) size 7x19
              text run at (218,19) width 7: ":"
        RenderTableSection {THEAD} at (0,38) size 315x21
          RenderTableRow {TR} at (0,0) size 315x21
            RenderTableCell {TD} at (0,0) size 105x21 [r=0 c=0 rs=1 cs=1]
              RenderText {#text} at (1,1) size 103x19
                text run at (1,1) width 103: "Row 1, Cell 1"
            RenderTableCell {TD} at (105,0) size 105x21 [r=0 c=1 rs=1 cs=1]
              RenderText {#text} at (1,1) size 103x19
                text run at (1,1) width 103: "Row 1, Cell 2"
            RenderTableCell {TD} at (210,0) size 105x21 [r=0 c=2 rs=1 cs=1]
              RenderText {#text} at (1,1) size 103x19
                text run at (1,1) width 103: "Row 1, Cell 3"
        RenderTableSection {TBODY} at (0,59) size 315x63
          RenderTableRow {TR} at (0,0) size 315x21
            RenderTableCell {TD} at (0,10) size 105x21 [r=0 c=0 rs=2 cs=1]
              RenderText {#text} at (1,1) size 103x19
                text run at (1,1) width 103: "Row 2, Cell 1"
            RenderTableCell {TD} at (105,0) size 210x21 [r=0 c=1 rs=1 cs=2]
              RenderText {#text} at (1,1) size 103x19
                text run at (1,1) width 103: "Row 2, Cell 2"
          RenderTableRow {TR} at (0,21) size 315x21
            RenderTableCell {TD} at (105,21) size 105x21 [r=1 c=1 rs=1 cs=1]
              RenderText {#text} at (1,1) size 103x19
                text run at (1,1) width 103: "Row 3, Cell 2"
            RenderTableCell {TD} at (210,31) size 105x21 [r=1 c=2 rs=2 cs=1]
              RenderText {#text} at (1,1) size 103x19
                text run at (1,1) width 103: "Row 3, Cell 3"
          RenderTableRow {TR} at (0,42) size 315x21
            RenderTableCell {TD} at (0,42) size 210x21 [r=2 c=0 rs=1 cs=2]
              RenderText {#text} at (1,1) size 103x19
                text run at (1,1) width 103: "Row 4, Cell 1"
        RenderTableSection {TFOOT} at (0,122) size 315x21
          RenderTableRow {TR} at (0,0) size 315x21
            RenderTableCell {TD} at (0,0) size 105x21 [r=0 c=0 rs=1 cs=1]
              RenderText {#text} at (1,1) size 103x19
                text run at (1,1) width 103: "Row 5, Cell 1"
            RenderTableCell {TD} at (105,0) size 105x21 [r=0 c=1 rs=1 cs=1]
              RenderText {#text} at (1,1) size 103x19
                text run at (1,1) width 103: "Row 5, Cell 2"
            RenderTableCell {TD} at (210,0) size 105x21 [r=0 c=2 rs=1 cs=1]
              RenderText {#text} at (1,1) size 103x19
                text run at (1,1) width 103: "Row 5, Cell 3"
      RenderTable {TABLE} at (0,556) size 315x145 [border: none none (1px solid #808080) none]
        RenderBlock {CAPTION} at (0,0) size 315x38
          RenderInline {A} at (0,0) size 191x38
            RenderText {#text} at (62,0) size 191x38
              text run at (62,0) width 191: "Frame=\x{201C}hsides\x{201D} and"
              text run at (90,19) width 129: "Rules=\x{201C}none\x{201D}"
          RenderInline (generated) at (0,0) size 7x19
            RenderText at (218,19) size 7x19
              text run at (218,19) width 7: ":"
        RenderTableSection {THEAD} at (0,38) size 315x22
          RenderTableRow {TR} at (0,0) size 315x22
            RenderTableCell {TD} at (0,0) size 105x22 [border: (1px none #000000)] [r=0 c=0 rs=1 cs=1]
              RenderText {#text} at (1,2) size 103x19
                text run at (1,2) width 103: "Row 1, Cell 1"
            RenderTableCell {TD} at (105,0) size 105x22 [border: (1px none #000000)] [r=0 c=1 rs=1 cs=1]
              RenderText {#text} at (1,2) size 103x19
                text run at (1,2) width 103: "Row 1, Cell 2"
            RenderTableCell {TD} at (210,0) size 105x22 [border: (1px none #000000)] [r=0 c=2 rs=1 cs=1]
              RenderText {#text} at (1,2) size 103x19
                text run at (1,2) width 103: "Row 1, Cell 3"
        RenderTableSection {TBODY} at (0,60) size 315x63
          RenderTableRow {TR} at (0,0) size 315x21
            RenderTableCell {TD} at (0,10) size 105x21 [r=0 c=0 rs=2 cs=1]
              RenderText {#text} at (1,1) size 103x19
                text run at (1,1) width 103: "Row 2, Cell 1"
            RenderTableCell {TD} at (105,0) size 210x21 [r=0 c=1 rs=1 cs=2]
              RenderText {#text} at (1,1) size 103x19
                text run at (1,1) width 103: "Row 2, Cell 2"
          RenderTableRow {TR} at (0,21) size 315x21
            RenderTableCell {TD} at (105,21) size 105x21 [r=1 c=1 rs=1 cs=1]
              RenderText {#text} at (1,1) size 103x19
                text run at (1,1) width 103: "Row 3, Cell 2"
            RenderTableCell {TD} at (210,31) size 105x21 [r=1 c=2 rs=2 cs=1]
              RenderText {#text} at (1,1) size 103x19
                text run at (1,1) width 103: "Row 3, Cell 3"
          RenderTableRow {TR} at (0,42) size 315x21
            RenderTableCell {TD} at (0,42) size 210x21 [r=2 c=0 rs=1 cs=2]
              RenderText {#text} at (1,1) size 103x19
                text run at (1,1) width 103: "Row 4, Cell 1"
        RenderTableSection {TFOOT} at (0,123) size 315x21
          RenderTableRow {TR} at (0,0) size 315x21
            RenderTableCell {TD} at (0,0) size 105x21 [r=0 c=0 rs=1 cs=1]
              RenderText {#text} at (1,1) size 103x19
                text run at (1,1) width 103: "Row 5, Cell 1"
            RenderTableCell {TD} at (105,0) size 105x21 [r=0 c=1 rs=1 cs=1]
              RenderText {#text} at (1,1) size 103x19
                text run at (1,1) width 103: "Row 5, Cell 2"
            RenderTableCell {TD} at (210,0) size 105x21 [r=0 c=2 rs=1 cs=1]
              RenderText {#text} at (1,1) size 103x19
                text run at (1,1) width 103: "Row 5, Cell 3"
      RenderTable {TABLE} at (0,749) size 317x143 [border: none (1px solid #808080) none none]
        RenderBlock {CAPTION} at (0,0) size 317x38
          RenderInline {A} at (0,0) size 189x38
            RenderText {#text} at (64,0) size 189x38
              text run at (64,0) width 189: "Frame=\x{201C}vsides\x{201D} and"
              text run at (91,19) width 129: "Rules=\x{201C}none\x{201D}"
          RenderInline (generated) at (0,0) size 7x19
            RenderText at (219,19) size 7x19
              text run at (219,19) width 7: ":"
        RenderTableSection {THEAD} at (0,38) size 316x21
          RenderTableRow {TR} at (0,0) size 316x21
            RenderTableCell {TD} at (0,0) size 106x21 [border: none] [r=0 c=0 rs=1 cs=1]
              RenderText {#text} at (2,1) size 103x19
                text run at (2,1) width 103: "Row 1, Cell 1"
            RenderTableCell {TD} at (106,0) size 105x21 [r=0 c=1 rs=1 cs=1]
              RenderText {#text} at (1,1) size 103x19
                text run at (1,1) width 103: "Row 1, Cell 2"
            RenderTableCell {TD} at (211,0) size 105x21 [r=0 c=2 rs=1 cs=1]
              RenderText {#text} at (1,1) size 103x19
                text run at (1,1) width 103: "Row 1, Cell 3"
        RenderTableSection {TBODY} at (0,59) size 316x63
          RenderTableRow {TR} at (0,0) size 316x21
            RenderTableCell {TD} at (0,10) size 106x21 [border: none] [r=0 c=0 rs=2 cs=1]
              RenderText {#text} at (2,1) size 103x19
                text run at (2,1) width 103: "Row 2, Cell 1"
            RenderTableCell {TD} at (106,0) size 210x21 [r=0 c=1 rs=1 cs=2]
              RenderText {#text} at (1,1) size 103x19
                text run at (1,1) width 103: "Row 2, Cell 2"
          RenderTableRow {TR} at (0,21) size 316x21
            RenderTableCell {TD} at (106,21) size 105x21 [r=1 c=1 rs=1 cs=1]
              RenderText {#text} at (1,1) size 103x19
                text run at (1,1) width 103: "Row 3, Cell 2"
            RenderTableCell {TD} at (211,31) size 105x21 [r=1 c=2 rs=2 cs=1]
              RenderText {#text} at (1,1) size 103x19
                text run at (1,1) width 103: "Row 3, Cell 3"
          RenderTableRow {TR} at (0,42) size 316x21
            RenderTableCell {TD} at (0,42) size 211x21 [border: none] [r=2 c=0 rs=1 cs=2]
              RenderText {#text} at (2,1) size 103x19
                text run at (2,1) width 103: "Row 4, Cell 1"
        RenderTableSection {TFOOT} at (0,122) size 316x21
          RenderTableRow {TR} at (0,0) size 316x21
            RenderTableCell {TD} at (0,0) size 106x21 [border: none] [r=0 c=0 rs=1 cs=1]
              RenderText {#text} at (2,1) size 103x19
                text run at (2,1) width 103: "Row 5, Cell 1"
            RenderTableCell {TD} at (106,0) size 105x21 [r=0 c=1 rs=1 cs=1]
              RenderText {#text} at (1,1) size 103x19
                text run at (1,1) width 103: "Row 5, Cell 2"
            RenderTableCell {TD} at (211,0) size 105x21 [r=0 c=2 rs=1 cs=1]
              RenderText {#text} at (1,1) size 103x19
                text run at (1,1) width 103: "Row 5, Cell 3"
      RenderTable {TABLE} at (0,940) size 316x124
        RenderBlock {CAPTION} at (0,0) size 316x19
          RenderInline {A} at (0,0) size 292x19
            RenderText {#text} at (9,0) size 292x19
              text run at (9,0) width 292: "Frame=\x{201C}lhs\x{201D} and Rules=\x{201C}none\x{201D}"
          RenderInline (generated) at (0,0) size 6x19
            RenderText at (301,0) size 6x19
              text run at (301,0) width 6: ":"
        RenderTableSection {THEAD} at (0,19) size 316x21
          RenderTableRow {TR} at (0,0) size 316x21
            RenderTableCell {TD} at (0,0) size 106x21 [border: none] [r=0 c=0 rs=1 cs=1]
              RenderText {#text} at (2,1) size 103x19
                text run at (2,1) width 103: "Row 1, Cell 1"
            RenderTableCell {TD} at (106,0) size 105x21 [r=0 c=1 rs=1 cs=1]
              RenderText {#text} at (1,1) size 103x19
                text run at (1,1) width 103: "Row 1, Cell 2"
            RenderTableCell {TD} at (211,0) size 105x21 [r=0 c=2 rs=1 cs=1]
              RenderText {#text} at (1,1) size 103x19
                text run at (1,1) width 103: "Row 1, Cell 3"
        RenderTableSection {TBODY} at (0,40) size 316x63
          RenderTableRow {TR} at (0,0) size 316x21
            RenderTableCell {TD} at (0,10) size 106x21 [border: none] [r=0 c=0 rs=2 cs=1]
              RenderText {#text} at (2,1) size 103x19
                text run at (2,1) width 103: "Row 2, Cell 1"
            RenderTableCell {TD} at (106,0) size 210x21 [r=0 c=1 rs=1 cs=2]
              RenderText {#text} at (1,1) size 103x19
                text run at (1,1) width 103: "Row 2, Cell 2"
          RenderTableRow {TR} at (0,21) size 316x21
            RenderTableCell {TD} at (106,21) size 105x21 [r=1 c=1 rs=1 cs=1]
              RenderText {#text} at (1,1) size 103x19
                text run at (1,1) width 103: "Row 3, Cell 2"
            RenderTableCell {TD} at (211,31) size 105x21 [r=1 c=2 rs=2 cs=1]
              RenderText {#text} at (1,1) size 103x19
                text run at (1,1) width 103: "Row 3, Cell 3"
          RenderTableRow {TR} at (0,42) size 316x21
            RenderTableCell {TD} at (0,42) size 211x21 [border: none] [r=2 c=0 rs=1 cs=2]
              RenderText {#text} at (2,1) size 103x19
                text run at (2,1) width 103: "Row 4, Cell 1"
        RenderTableSection {TFOOT} at (0,103) size 316x21
          RenderTableRow {TR} at (0,0) size 316x21
            RenderTableCell {TD} at (0,0) size 106x21 [border: none] [r=0 c=0 rs=1 cs=1]
              RenderText {#text} at (2,1) size 103x19
                text run at (2,1) width 103: "Row 5, Cell 1"
            RenderTableCell {TD} at (106,0) size 105x21 [r=0 c=1 rs=1 cs=1]
              RenderText {#text} at (1,1) size 103x19
                text run at (1,1) width 103: "Row 5, Cell 2"
            RenderTableCell {TD} at (211,0) size 105x21 [r=0 c=2 rs=1 cs=1]
              RenderText {#text} at (1,1) size 103x19
                text run at (1,1) width 103: "Row 5, Cell 3"
      RenderTable {TABLE} at (0,1112) size 316x124 [border: none (1px solid #808080) none]
        RenderBlock {CAPTION} at (0,0) size 316x19
          RenderInline {A} at (0,0) size 296x19
            RenderText {#text} at (7,0) size 296x19
              text run at (7,0) width 296: "Frame=\x{201C}rhs\x{201D} and Rules=\x{201C}none\x{201D}"
          RenderInline (generated) at (0,0) size 7x19
            RenderText at (302,0) size 7x19
              text run at (302,0) width 7: ":"
        RenderTableSection {THEAD} at (0,19) size 315x21
          RenderTableRow {TR} at (0,0) size 315x21
            RenderTableCell {TD} at (0,0) size 105x21 [r=0 c=0 rs=1 cs=1]
              RenderText {#text} at (1,1) size 103x19
                text run at (1,1) width 103: "Row 1, Cell 1"
            RenderTableCell {TD} at (105,0) size 105x21 [r=0 c=1 rs=1 cs=1]
              RenderText {#text} at (1,1) size 103x19
                text run at (1,1) width 103: "Row 1, Cell 2"
            RenderTableCell {TD} at (210,0) size 105x21 [r=0 c=2 rs=1 cs=1]
              RenderText {#text} at (1,1) size 103x19
                text run at (1,1) width 103: "Row 1, Cell 3"
        RenderTableSection {TBODY} at (0,40) size 315x63
          RenderTableRow {TR} at (0,0) size 315x21
            RenderTableCell {TD} at (0,10) size 105x21 [r=0 c=0 rs=2 cs=1]
              RenderText {#text} at (1,1) size 103x19
                text run at (1,1) width 103: "Row 2, Cell 1"
            RenderTableCell {TD} at (105,0) size 210x21 [r=0 c=1 rs=1 cs=2]
              RenderText {#text} at (1,1) size 103x19
                text run at (1,1) width 103: "Row 2, Cell 2"
          RenderTableRow {TR} at (0,21) size 315x21
            RenderTableCell {TD} at (105,21) size 105x21 [r=1 c=1 rs=1 cs=1]
              RenderText {#text} at (1,1) size 103x19
                text run at (1,1) width 103: "Row 3, Cell 2"
            RenderTableCell {TD} at (210,31) size 105x21 [r=1 c=2 rs=2 cs=1]
              RenderText {#text} at (1,1) size 103x19
                text run at (1,1) width 103: "Row 3, Cell 3"
          RenderTableRow {TR} at (0,42) size 315x21
            RenderTableCell {TD} at (0,42) size 210x21 [r=2 c=0 rs=1 cs=2]
              RenderText {#text} at (1,1) size 103x19
                text run at (1,1) width 103: "Row 4, Cell 1"
        RenderTableSection {TFOOT} at (0,103) size 315x21
          RenderTableRow {TR} at (0,0) size 315x21
            RenderTableCell {TD} at (0,0) size 105x21 [r=0 c=0 rs=1 cs=1]
              RenderText {#text} at (1,1) size 103x19
                text run at (1,1) width 103: "Row 5, Cell 1"
            RenderTableCell {TD} at (105,0) size 105x21 [r=0 c=1 rs=1 cs=1]
              RenderText {#text} at (1,1) size 103x19
                text run at (1,1) width 103: "Row 5, Cell 2"
            RenderTableCell {TD} at (210,0) size 105x21 [r=0 c=2 rs=1 cs=1]
              RenderText {#text} at (1,1) size 103x19
                text run at (1,1) width 103: "Row 5, Cell 3"
      RenderTable {TABLE} at (0,1284) size 317x126 [border: none]
        RenderBlock {CAPTION} at (0,0) size 317x19
          RenderInline {A} at (0,0) size 299x19
            RenderText {#text} at (6,0) size 299x19
              text run at (6,0) width 299: "Frame=\x{201C}box\x{201D} and Rules=\x{201C}none\x{201D}"
          RenderInline (generated) at (0,0) size 7x19
            RenderText at (304,0) size 7x19
              text run at (304,0) width 7: ":"
        RenderTableSection {THEAD} at (0,19) size 316x22
          RenderTableRow {TR} at (0,0) size 316x22
            RenderTableCell {TD} at (0,0) size 106x22 [border: (1px none #000000)] [r=0 c=0 rs=1 cs=1]
              RenderText {#text} at (2,2) size 103x19
                text run at (2,2) width 103: "Row 1, Cell 1"
            RenderTableCell {TD} at (106,0) size 105x22 [border: (1px none #000000)] [r=0 c=1 rs=1 cs=1]
              RenderText {#text} at (1,2) size 103x19
                text run at (1,2) width 103: "Row 1, Cell 2"
            RenderTableCell {TD} at (211,0) size 105x22 [border: (1px none #000000)] [r=0 c=2 rs=1 cs=1]
              RenderText {#text} at (1,2) size 103x19
                text run at (1,2) width 103: "Row 1, Cell 3"
        RenderTableSection {TBODY} at (0,41) size 316x63
          RenderTableRow {TR} at (0,0) size 316x21
            RenderTableCell {TD} at (0,10) size 106x21 [border: none] [r=0 c=0 rs=2 cs=1]
              RenderText {#text} at (2,1) size 103x19
                text run at (2,1) width 103: "Row 2, Cell 1"
            RenderTableCell {TD} at (106,0) size 210x21 [r=0 c=1 rs=1 cs=2]
              RenderText {#text} at (1,1) size 103x19
                text run at (1,1) width 103: "Row 2, Cell 2"
          RenderTableRow {TR} at (0,21) size 316x21
            RenderTableCell {TD} at (106,21) size 105x21 [r=1 c=1 rs=1 cs=1]
              RenderText {#text} at (1,1) size 103x19
                text run at (1,1) width 103: "Row 3, Cell 2"
            RenderTableCell {TD} at (211,31) size 105x21 [r=1 c=2 rs=2 cs=1]
              RenderText {#text} at (1,1) size 103x19
                text run at (1,1) width 103: "Row 3, Cell 3"
          RenderTableRow {TR} at (0,42) size 316x21
            RenderTableCell {TD} at (0,42) size 211x21 [border: none] [r=2 c=0 rs=1 cs=2]
              RenderText {#text} at (2,1) size 103x19
                text run at (2,1) width 103: "Row 4, Cell 1"
        RenderTableSection {TFOOT} at (0,104) size 316x21
          RenderTableRow {TR} at (0,0) size 316x21
            RenderTableCell {TD} at (0,0) size 106x21 [border: none] [r=0 c=0 rs=1 cs=1]
              RenderText {#text} at (2,1) size 103x19
                text run at (2,1) width 103: "Row 5, Cell 1"
            RenderTableCell {TD} at (106,0) size 105x21 [r=0 c=1 rs=1 cs=1]
              RenderText {#text} at (1,1) size 103x19
                text run at (1,1) width 103: "Row 5, Cell 2"
            RenderTableCell {TD} at (211,0) size 105x21 [r=0 c=2 rs=1 cs=1]
              RenderText {#text} at (1,1) size 103x19
                text run at (1,1) width 103: "Row 5, Cell 3"
      RenderTable {TABLE} at (0,1458) size 317x145 [border: none]
        RenderBlock {CAPTION} at (0,0) size 317x38
          RenderInline {A} at (0,0) size 193x38
            RenderText {#text} at (62,0) size 193x38
              text run at (62,0) width 193: "Frame=\x{201C}border\x{201D} and"
              text run at (91,19) width 129: "Rules=\x{201C}none\x{201D}"
          RenderInline (generated) at (0,0) size 7x19
            RenderText at (219,19) size 7x19
              text run at (219,19) width 7: ":"
        RenderTableSection {THEAD} at (0,38) size 316x22
          RenderTableRow {TR} at (0,0) size 316x22
            RenderTableCell {TD} at (0,0) size 106x22 [border: (1px none #000000)] [r=0 c=0 rs=1 cs=1]
              RenderText {#text} at (2,2) size 103x19
                text run at (2,2) width 103: "Row 1, Cell 1"
            RenderTableCell {TD} at (106,0) size 105x22 [border: (1px none #000000)] [r=0 c=1 rs=1 cs=1]
              RenderText {#text} at (1,2) size 103x19
                text run at (1,2) width 103: "Row 1, Cell 2"
            RenderTableCell {TD} at (211,0) size 105x22 [border: (1px none #000000)] [r=0 c=2 rs=1 cs=1]
              RenderText {#text} at (1,2) size 103x19
                text run at (1,2) width 103: "Row 1, Cell 3"
        RenderTableSection {TBODY} at (0,60) size 316x63
          RenderTableRow {TR} at (0,0) size 316x21
            RenderTableCell {TD} at (0,10) size 106x21 [border: none] [r=0 c=0 rs=2 cs=1]
              RenderText {#text} at (2,1) size 103x19
                text run at (2,1) width 103: "Row 2, Cell 1"
            RenderTableCell {TD} at (106,0) size 210x21 [r=0 c=1 rs=1 cs=2]
              RenderText {#text} at (1,1) size 103x19
                text run at (1,1) width 103: "Row 2, Cell 2"
          RenderTableRow {TR} at (0,21) size 316x21
            RenderTableCell {TD} at (106,21) size 105x21 [r=1 c=1 rs=1 cs=1]
              RenderText {#text} at (1,1) size 103x19
                text run at (1,1) width 103: "Row 3, Cell 2"
            RenderTableCell {TD} at (211,31) size 105x21 [r=1 c=2 rs=2 cs=1]
              RenderText {#text} at (1,1) size 103x19
                text run at (1,1) width 103: "Row 3, Cell 3"
          RenderTableRow {TR} at (0,42) size 316x21
            RenderTableCell {TD} at (0,42) size 211x21 [border: none] [r=2 c=0 rs=1 cs=2]
              RenderText {#text} at (2,1) size 103x19
                text run at (2,1) width 103: "Row 4, Cell 1"
        RenderTableSection {TFOOT} at (0,123) size 316x21
          RenderTableRow {TR} at (0,0) size 316x21
            RenderTableCell {TD} at (0,0) size 106x21 [border: none] [r=0 c=0 rs=1 cs=1]
              RenderText {#text} at (2,1) size 103x19
                text run at (2,1) width 103: "Row 5, Cell 1"
            RenderTableCell {TD} at (106,0) size 105x21 [r=0 c=1 rs=1 cs=1]
              RenderText {#text} at (1,1) size 103x19
                text run at (1,1) width 103: "Row 5, Cell 2"
            RenderTableCell {TD} at (211,0) size 105x21 [r=0 c=2 rs=1 cs=1]
              RenderText {#text} at (1,1) size 103x19
                text run at (1,1) width 103: "Row 5, Cell 3"
      RenderTable {TABLE} at (0,1651) size 315x145
        RenderBlock {CAPTION} at (0,0) size 315x38
          RenderInline {A} at (0,0) size 169x38
            RenderText {#text} at (73,0) size 169x38
              text run at (73,0) width 169: "Frame=\x{201C}void\x{201D} and"
              text run at (81,19) width 147: "Rules=\x{201C}groups\x{201D}"
          RenderInline (generated) at (0,0) size 7x19
            RenderText at (227,19) size 7x19
              text run at (227,19) width 7: ":"
        RenderTableSection {THEAD} at (0,38) size 315x21 [border: (1px solid #808080) none (1px solid #808080) none]
          RenderTableRow {TR} at (0,0) size 315x21
            RenderTableCell {TD} at (0,0) size 105x21 [r=0 c=0 rs=1 cs=1]
              RenderText {#text} at (1,1) size 103x19
                text run at (1,1) width 103: "Row 1, Cell 1"
            RenderTableCell {TD} at (105,0) size 105x21 [r=0 c=1 rs=1 cs=1]
              RenderText {#text} at (1,1) size 103x19
                text run at (1,1) width 103: "Row 1, Cell 2"
            RenderTableCell {TD} at (210,0) size 105x21 [r=0 c=2 rs=1 cs=1]
              RenderText {#text} at (1,1) size 103x19
                text run at (1,1) width 103: "Row 1, Cell 3"
        RenderTableSection {TBODY} at (0,59) size 315x64 [border: (1px solid #808080) none (1px solid #808080) none]
          RenderTableRow {TR} at (0,0) size 315x22
            RenderTableCell {TD} at (0,10) size 105x22 [border: (1px none #000000)] [r=0 c=0 rs=2 cs=1]
              RenderText {#text} at (1,2) size 103x19
                text run at (1,2) width 103: "Row 2, Cell 1"
            RenderTableCell {TD} at (105,0) size 210x22 [border: (1px none #000000)] [r=0 c=1 rs=1 cs=2]
              RenderText {#text} at (1,2) size 103x19
                text run at (1,2) width 103: "Row 2, Cell 2"
          RenderTableRow {TR} at (0,22) size 315x21
            RenderTableCell {TD} at (105,22) size 105x21 [r=1 c=1 rs=1 cs=1]
              RenderText {#text} at (1,1) size 103x19
                text run at (1,1) width 103: "Row 3, Cell 2"
            RenderTableCell {TD} at (210,32) size 105x21 [r=1 c=2 rs=2 cs=1]
              RenderText {#text} at (1,1) size 103x19
                text run at (1,1) width 103: "Row 3, Cell 3"
          RenderTableRow {TR} at (0,43) size 315x21
            RenderTableCell {TD} at (0,43) size 210x21 [r=2 c=0 rs=1 cs=2]
              RenderText {#text} at (1,1) size 103x19
                text run at (1,1) width 103: "Row 4, Cell 1"
        RenderTableSection {TFOOT} at (0,123) size 315x22 [border: (1px solid #808080) none (1px solid #808080) none]
          RenderTableRow {TR} at (0,0) size 315x22
            RenderTableCell {TD} at (0,0) size 105x22 [border: (1px none #000000)] [r=0 c=0 rs=1 cs=1]
              RenderText {#text} at (1,2) size 103x19
                text run at (1,2) width 103: "Row 5, Cell 1"
            RenderTableCell {TD} at (105,0) size 105x22 [border: (1px none #000000)] [r=0 c=1 rs=1 cs=1]
              RenderText {#text} at (1,2) size 103x19
                text run at (1,2) width 103: "Row 5, Cell 2"
            RenderTableCell {TD} at (210,0) size 105x22 [border: (1px none #000000)] [r=0 c=2 rs=1 cs=1]
              RenderText {#text} at (1,2) size 103x19
                text run at (1,2) width 103: "Row 5, Cell 3"
      RenderTable {TABLE} at (0,1844) size 315x146
        RenderBlock {CAPTION} at (0,0) size 315x38
          RenderInline {A} at (0,0) size 187x38
            RenderText {#text} at (64,0) size 187x38
              text run at (64,0) width 187: "Frame=\x{201C}above\x{201D} and"
              text run at (81,19) width 147: "Rules=\x{201C}groups\x{201D}"
          RenderInline (generated) at (0,0) size 7x19
            RenderText at (227,19) size 7x19
              text run at (227,19) width 7: ":"
        RenderTableSection {THEAD} at (0,38) size 315x22 [border: (1px solid #808080) none (1px solid #808080) none]
          RenderTableRow {TR} at (0,0) size 315x22
            RenderTableCell {TD} at (0,0) size 105x22 [border: (1px none #000000)] [r=0 c=0 rs=1 cs=1]
              RenderText {#text} at (1,2) size 103x19
                text run at (1,2) width 103: "Row 1, Cell 1"
            RenderTableCell {TD} at (105,0) size 105x22 [border: (1px none #000000)] [r=0 c=1 rs=1 cs=1]
              RenderText {#text} at (1,2) size 103x19
                text run at (1,2) width 103: "Row 1, Cell 2"
            RenderTableCell {TD} at (210,0) size 105x22 [border: (1px none #000000)] [r=0 c=2 rs=1 cs=1]
              RenderText {#text} at (1,2) size 103x19
                text run at (1,2) width 103: "Row 1, Cell 3"
        RenderTableSection {TBODY} at (0,60) size 315x64 [border: (1px solid #808080) none (1px solid #808080) none]
          RenderTableRow {TR} at (0,0) size 315x22
            RenderTableCell {TD} at (0,10) size 105x22 [border: (1px none #000000)] [r=0 c=0 rs=2 cs=1]
              RenderText {#text} at (1,2) size 103x19
                text run at (1,2) width 103: "Row 2, Cell 1"
            RenderTableCell {TD} at (105,0) size 210x22 [border: (1px none #000000)] [r=0 c=1 rs=1 cs=2]
              RenderText {#text} at (1,2) size 103x19
                text run at (1,2) width 103: "Row 2, Cell 2"
          RenderTableRow {TR} at (0,22) size 315x21
            RenderTableCell {TD} at (105,22) size 105x21 [r=1 c=1 rs=1 cs=1]
              RenderText {#text} at (1,1) size 103x19
                text run at (1,1) width 103: "Row 3, Cell 2"
            RenderTableCell {TD} at (210,32) size 105x21 [r=1 c=2 rs=2 cs=1]
              RenderText {#text} at (1,1) size 103x19
                text run at (1,1) width 103: "Row 3, Cell 3"
          RenderTableRow {TR} at (0,43) size 315x21
            RenderTableCell {TD} at (0,43) size 210x21 [r=2 c=0 rs=1 cs=2]
              RenderText {#text} at (1,1) size 103x19
                text run at (1,1) width 103: "Row 4, Cell 1"
        RenderTableSection {TFOOT} at (0,124) size 315x22 [border: (1px solid #808080) none (1px solid #808080) none]
          RenderTableRow {TR} at (0,0) size 315x22
            RenderTableCell {TD} at (0,0) size 105x22 [border: (1px none #000000)] [r=0 c=0 rs=1 cs=1]
              RenderText {#text} at (1,2) size 103x19
                text run at (1,2) width 103: "Row 5, Cell 1"
            RenderTableCell {TD} at (105,0) size 105x22 [border: (1px none #000000)] [r=0 c=1 rs=1 cs=1]
              RenderText {#text} at (1,2) size 103x19
                text run at (1,2) width 103: "Row 5, Cell 2"
            RenderTableCell {TD} at (210,0) size 105x22 [border: (1px none #000000)] [r=0 c=2 rs=1 cs=1]
              RenderText {#text} at (1,2) size 103x19
                text run at (1,2) width 103: "Row 5, Cell 3"
      RenderTable {TABLE} at (0,2038) size 315x146 [border: none (1px solid #808080) none]
        RenderBlock {CAPTION} at (0,0) size 315x38
          RenderInline {A} at (0,0) size 185x38
            RenderText {#text} at (65,0) size 185x38
              text run at (65,0) width 185: "Frame=\x{201C}below\x{201D} and"
              text run at (81,19) width 147: "Rules=\x{201C}groups\x{201D}"
          RenderInline (generated) at (0,0) size 7x19
            RenderText at (227,19) size 7x19
              text run at (227,19) width 7: ":"
        RenderTableSection {THEAD} at (0,38) size 315x21 [border: (1px solid #808080) none (1px solid #808080) none]
          RenderTableRow {TR} at (0,0) size 315x21
            RenderTableCell {TD} at (0,0) size 105x21 [r=0 c=0 rs=1 cs=1]
              RenderText {#text} at (1,1) size 103x19
                text run at (1,1) width 103: "Row 1, Cell 1"
            RenderTableCell {TD} at (105,0) size 105x21 [r=0 c=1 rs=1 cs=1]
              RenderText {#text} at (1,1) size 103x19
                text run at (1,1) width 103: "Row 1, Cell 2"
            RenderTableCell {TD} at (210,0) size 105x21 [r=0 c=2 rs=1 cs=1]
              RenderText {#text} at (1,1) size 103x19
                text run at (1,1) width 103: "Row 1, Cell 3"
        RenderTableSection {TBODY} at (0,59) size 315x64 [border: (1px solid #808080) none (1px solid #808080) none]
          RenderTableRow {TR} at (0,0) size 315x22
            RenderTableCell {TD} at (0,10) size 105x22 [border: (1px none #000000)] [r=0 c=0 rs=2 cs=1]
              RenderText {#text} at (1,2) size 103x19
                text run at (1,2) width 103: "Row 2, Cell 1"
            RenderTableCell {TD} at (105,0) size 210x22 [border: (1px none #000000)] [r=0 c=1 rs=1 cs=2]
              RenderText {#text} at (1,2) size 103x19
                text run at (1,2) width 103: "Row 2, Cell 2"
          RenderTableRow {TR} at (0,22) size 315x21
            RenderTableCell {TD} at (105,22) size 105x21 [r=1 c=1 rs=1 cs=1]
              RenderText {#text} at (1,1) size 103x19
                text run at (1,1) width 103: "Row 3, Cell 2"
            RenderTableCell {TD} at (210,32) size 105x21 [r=1 c=2 rs=2 cs=1]
              RenderText {#text} at (1,1) size 103x19
                text run at (1,1) width 103: "Row 3, Cell 3"
          RenderTableRow {TR} at (0,43) size 315x21
            RenderTableCell {TD} at (0,43) size 210x21 [r=2 c=0 rs=1 cs=2]
              RenderText {#text} at (1,1) size 103x19
                text run at (1,1) width 103: "Row 4, Cell 1"
        RenderTableSection {TFOOT} at (0,123) size 315x22 [border: (1px solid #808080) none (1px solid #808080) none]
          RenderTableRow {TR} at (0,0) size 315x22
            RenderTableCell {TD} at (0,0) size 105x22 [border: (1px none #000000)] [r=0 c=0 rs=1 cs=1]
              RenderText {#text} at (1,2) size 103x19
                text run at (1,2) width 103: "Row 5, Cell 1"
            RenderTableCell {TD} at (105,0) size 105x22 [border: (1px none #000000)] [r=0 c=1 rs=1 cs=1]
              RenderText {#text} at (1,2) size 103x19
                text run at (1,2) width 103: "Row 5, Cell 2"
            RenderTableCell {TD} at (210,0) size 105x22 [border: (1px none #000000)] [r=0 c=2 rs=1 cs=1]
              RenderText {#text} at (1,2) size 103x19
                text run at (1,2) width 103: "Row 5, Cell 3"
      RenderTable {TABLE} at (0,2232) size 315x147 [border: none none (1px solid #808080) none]
        RenderBlock {CAPTION} at (0,0) size 315x38
          RenderInline {A} at (0,0) size 191x38
            RenderText {#text} at (62,0) size 191x38
              text run at (62,0) width 191: "Frame=\x{201C}hsides\x{201D} and"
              text run at (81,19) width 147: "Rules=\x{201C}groups\x{201D}"
          RenderInline (generated) at (0,0) size 7x19
            RenderText at (227,19) size 7x19
              text run at (227,19) width 7: ":"
        RenderTableSection {THEAD} at (0,38) size 315x22 [border: (1px solid #808080) none (1px solid #808080) none]
          RenderTableRow {TR} at (0,0) size 315x22
            RenderTableCell {TD} at (0,0) size 105x22 [border: (1px none #000000)] [r=0 c=0 rs=1 cs=1]
              RenderText {#text} at (1,2) size 103x19
                text run at (1,2) width 103: "Row 1, Cell 1"
            RenderTableCell {TD} at (105,0) size 105x22 [border: (1px none #000000)] [r=0 c=1 rs=1 cs=1]
              RenderText {#text} at (1,2) size 103x19
                text run at (1,2) width 103: "Row 1, Cell 2"
            RenderTableCell {TD} at (210,0) size 105x22 [border: (1px none #000000)] [r=0 c=2 rs=1 cs=1]
              RenderText {#text} at (1,2) size 103x19
                text run at (1,2) width 103: "Row 1, Cell 3"
        RenderTableSection {TBODY} at (0,60) size 315x64 [border: (1px solid #808080) none (1px solid #808080) none]
          RenderTableRow {TR} at (0,0) size 315x22
            RenderTableCell {TD} at (0,10) size 105x22 [border: (1px none #000000)] [r=0 c=0 rs=2 cs=1]
              RenderText {#text} at (1,2) size 103x19
                text run at (1,2) width 103: "Row 2, Cell 1"
            RenderTableCell {TD} at (105,0) size 210x22 [border: (1px none #000000)] [r=0 c=1 rs=1 cs=2]
              RenderText {#text} at (1,2) size 103x19
                text run at (1,2) width 103: "Row 2, Cell 2"
          RenderTableRow {TR} at (0,22) size 315x21
            RenderTableCell {TD} at (105,22) size 105x21 [r=1 c=1 rs=1 cs=1]
              RenderText {#text} at (1,1) size 103x19
                text run at (1,1) width 103: "Row 3, Cell 2"
            RenderTableCell {TD} at (210,32) size 105x21 [r=1 c=2 rs=2 cs=1]
              RenderText {#text} at (1,1) size 103x19
                text run at (1,1) width 103: "Row 3, Cell 3"
          RenderTableRow {TR} at (0,43) size 315x21
            RenderTableCell {TD} at (0,43) size 210x21 [r=2 c=0 rs=1 cs=2]
              RenderText {#text} at (1,1) size 103x19
                text run at (1,1) width 103: "Row 4, Cell 1"
        RenderTableSection {TFOOT} at (0,124) size 315x22 [border: (1px solid #808080) none (1px solid #808080) none]
          RenderTableRow {TR} at (0,0) size 315x22
            RenderTableCell {TD} at (0,0) size 105x22 [border: (1px none #000000)] [r=0 c=0 rs=1 cs=1]
              RenderText {#text} at (1,2) size 103x19
                text run at (1,2) width 103: "Row 5, Cell 1"
            RenderTableCell {TD} at (105,0) size 105x22 [border: (1px none #000000)] [r=0 c=1 rs=1 cs=1]
              RenderText {#text} at (1,2) size 103x19
                text run at (1,2) width 103: "Row 5, Cell 2"
            RenderTableCell {TD} at (210,0) size 105x22 [border: (1px none #000000)] [r=0 c=2 rs=1 cs=1]
              RenderText {#text} at (1,2) size 103x19
                text run at (1,2) width 103: "Row 5, Cell 3"
      RenderTable {TABLE} at (0,2427) size 317x145 [border: none (1px solid #808080) none none]
        RenderBlock {CAPTION} at (0,0) size 317x38
          RenderInline {A} at (0,0) size 189x38
            RenderText {#text} at (64,0) size 189x38
              text run at (64,0) width 189: "Frame=\x{201C}vsides\x{201D} and"
              text run at (82,19) width 147: "Rules=\x{201C}groups\x{201D}"
          RenderInline (generated) at (0,0) size 7x19
            RenderText at (228,19) size 7x19
              text run at (228,19) width 7: ":"
        RenderTableSection {THEAD} at (0,38) size 316x21 [border: (1px solid #808080) none (1px solid #808080) none]
          RenderTableRow {TR} at (0,0) size 316x21
            RenderTableCell {TD} at (0,0) size 106x21 [border: none] [r=0 c=0 rs=1 cs=1]
              RenderText {#text} at (2,1) size 103x19
                text run at (2,1) width 103: "Row 1, Cell 1"
            RenderTableCell {TD} at (106,0) size 105x21 [r=0 c=1 rs=1 cs=1]
              RenderText {#text} at (1,1) size 103x19
                text run at (1,1) width 103: "Row 1, Cell 2"
            RenderTableCell {TD} at (211,0) size 105x21 [r=0 c=2 rs=1 cs=1]
              RenderText {#text} at (1,1) size 103x19
                text run at (1,1) width 103: "Row 1, Cell 3"
        RenderTableSection {TBODY} at (0,59) size 316x64 [border: (1px solid #808080) none (1px solid #808080) none]
          RenderTableRow {TR} at (0,0) size 316x22
            RenderTableCell {TD} at (0,10) size 106x22 [border: (1px none #000000)] [r=0 c=0 rs=2 cs=1]
              RenderText {#text} at (2,2) size 103x19
                text run at (2,2) width 103: "Row 2, Cell 1"
            RenderTableCell {TD} at (106,0) size 210x22 [border: (1px none #000000)] [r=0 c=1 rs=1 cs=2]
              RenderText {#text} at (1,2) size 103x19
                text run at (1,2) width 103: "Row 2, Cell 2"
          RenderTableRow {TR} at (0,22) size 316x21
            RenderTableCell {TD} at (106,22) size 105x21 [r=1 c=1 rs=1 cs=1]
              RenderText {#text} at (1,1) size 103x19
                text run at (1,1) width 103: "Row 3, Cell 2"
            RenderTableCell {TD} at (211,32) size 105x21 [r=1 c=2 rs=2 cs=1]
              RenderText {#text} at (1,1) size 103x19
                text run at (1,1) width 103: "Row 3, Cell 3"
          RenderTableRow {TR} at (0,43) size 316x21
            RenderTableCell {TD} at (0,43) size 211x21 [border: none] [r=2 c=0 rs=1 cs=2]
              RenderText {#text} at (2,1) size 103x19
                text run at (2,1) width 103: "Row 4, Cell 1"
        RenderTableSection {TFOOT} at (0,123) size 316x22 [border: (1px solid #808080) none (1px solid #808080) none]
          RenderTableRow {TR} at (0,0) size 316x22
            RenderTableCell {TD} at (0,0) size 106x22 [border: (1px none #000000)] [r=0 c=0 rs=1 cs=1]
              RenderText {#text} at (2,2) size 103x19
                text run at (2,2) width 103: "Row 5, Cell 1"
            RenderTableCell {TD} at (106,0) size 105x22 [border: (1px none #000000)] [r=0 c=1 rs=1 cs=1]
              RenderText {#text} at (1,2) size 103x19
                text run at (1,2) width 103: "Row 5, Cell 2"
            RenderTableCell {TD} at (211,0) size 105x22 [border: (1px none #000000)] [r=0 c=2 rs=1 cs=1]
              RenderText {#text} at (1,2) size 103x19
                text run at (1,2) width 103: "Row 5, Cell 3"
      RenderTable {TABLE} at (0,2620) size 316x126
        RenderBlock {CAPTION} at (0,0) size 316x19
          RenderInline {A} at (0,0) size 310x19
            RenderText {#text} at (0,0) size 310x19
              text run at (0,0) width 310: "Frame=\x{201C}lhs\x{201D} and Rules=\x{201C}groups\x{201D}"
          RenderInline (generated) at (0,0) size 6x19
            RenderText at (310,0) size 6x19
              text run at (310,0) width 6: ":"
        RenderTableSection {THEAD} at (0,19) size 316x21 [border: (1px solid #808080) none (1px solid #808080) none]
          RenderTableRow {TR} at (0,0) size 316x21
            RenderTableCell {TD} at (0,0) size 106x21 [border: none] [r=0 c=0 rs=1 cs=1]
              RenderText {#text} at (2,1) size 103x19
                text run at (2,1) width 103: "Row 1, Cell 1"
            RenderTableCell {TD} at (106,0) size 105x21 [r=0 c=1 rs=1 cs=1]
              RenderText {#text} at (1,1) size 103x19
                text run at (1,1) width 103: "Row 1, Cell 2"
            RenderTableCell {TD} at (211,0) size 105x21 [r=0 c=2 rs=1 cs=1]
              RenderText {#text} at (1,1) size 103x19
                text run at (1,1) width 103: "Row 1, Cell 3"
        RenderTableSection {TBODY} at (0,40) size 316x64 [border: (1px solid #808080) none (1px solid #808080) none]
          RenderTableRow {TR} at (0,0) size 316x22
            RenderTableCell {TD} at (0,10) size 106x22 [border: (1px none #000000)] [r=0 c=0 rs=2 cs=1]
              RenderText {#text} at (2,2) size 103x19
                text run at (2,2) width 103: "Row 2, Cell 1"
            RenderTableCell {TD} at (106,0) size 210x22 [border: (1px none #000000)] [r=0 c=1 rs=1 cs=2]
              RenderText {#text} at (1,2) size 103x19
                text run at (1,2) width 103: "Row 2, Cell 2"
          RenderTableRow {TR} at (0,22) size 316x21
            RenderTableCell {TD} at (106,22) size 105x21 [r=1 c=1 rs=1 cs=1]
              RenderText {#text} at (1,1) size 103x19
                text run at (1,1) width 103: "Row 3, Cell 2"
            RenderTableCell {TD} at (211,32) size 105x21 [r=1 c=2 rs=2 cs=1]
              RenderText {#text} at (1,1) size 103x19
                text run at (1,1) width 103: "Row 3, Cell 3"
          RenderTableRow {TR} at (0,43) size 316x21
            RenderTableCell {TD} at (0,43) size 211x21 [border: none] [r=2 c=0 rs=1 cs=2]
              RenderText {#text} at (2,1) size 103x19
                text run at (2,1) width 103: "Row 4, Cell 1"
        RenderTableSection {TFOOT} at (0,104) size 316x22 [border: (1px solid #808080) none (1px solid #808080) none]
          RenderTableRow {TR} at (0,0) size 316x22
            RenderTableCell {TD} at (0,0) size 106x22 [border: (1px none #000000)] [r=0 c=0 rs=1 cs=1]
              RenderText {#text} at (2,2) size 103x19
                text run at (2,2) width 103: "Row 5, Cell 1"
            RenderTableCell {TD} at (106,0) size 105x22 [border: (1px none #000000)] [r=0 c=1 rs=1 cs=1]
              RenderText {#text} at (1,2) size 103x19
                text run at (1,2) width 103: "Row 5, Cell 2"
            RenderTableCell {TD} at (211,0) size 105x22 [border: (1px none #000000)] [r=0 c=2 rs=1 cs=1]
              RenderText {#text} at (1,2) size 103x19
                text run at (1,2) width 103: "Row 5, Cell 3"
      RenderTable {TABLE} at (0,2794) size 316x145 [border: none (1px solid #808080) none]
        RenderBlock {CAPTION} at (0,0) size 316x38
          RenderInline {A} at (0,0) size 162x38
            RenderText {#text} at (77,0) size 162x38
              text run at (77,0) width 162: "Frame=\x{201C}rhs\x{201D} and"
              text run at (82,19) width 146: "Rules=\x{201C}groups\x{201D}"
          RenderInline (generated) at (0,0) size 6x19
            RenderText at (228,19) size 6x19
              text run at (228,19) width 6: ":"
        RenderTableSection {THEAD} at (0,38) size 315x21 [border: (1px solid #808080) none (1px solid #808080) none]
          RenderTableRow {TR} at (0,0) size 315x21
            RenderTableCell {TD} at (0,0) size 105x21 [r=0 c=0 rs=1 cs=1]
              RenderText {#text} at (1,1) size 103x19
                text run at (1,1) width 103: "Row 1, Cell 1"
            RenderTableCell {TD} at (105,0) size 105x21 [r=0 c=1 rs=1 cs=1]
              RenderText {#text} at (1,1) size 103x19
                text run at (1,1) width 103: "Row 1, Cell 2"
            RenderTableCell {TD} at (210,0) size 105x21 [r=0 c=2 rs=1 cs=1]
              RenderText {#text} at (1,1) size 103x19
                text run at (1,1) width 103: "Row 1, Cell 3"
        RenderTableSection {TBODY} at (0,59) size 315x64 [border: (1px solid #808080) none (1px solid #808080) none]
          RenderTableRow {TR} at (0,0) size 315x22
            RenderTableCell {TD} at (0,10) size 105x22 [border: (1px none #000000)] [r=0 c=0 rs=2 cs=1]
              RenderText {#text} at (1,2) size 103x19
                text run at (1,2) width 103: "Row 2, Cell 1"
            RenderTableCell {TD} at (105,0) size 210x22 [border: (1px none #000000)] [r=0 c=1 rs=1 cs=2]
              RenderText {#text} at (1,2) size 103x19
                text run at (1,2) width 103: "Row 2, Cell 2"
          RenderTableRow {TR} at (0,22) size 315x21
            RenderTableCell {TD} at (105,22) size 105x21 [r=1 c=1 rs=1 cs=1]
              RenderText {#text} at (1,1) size 103x19
                text run at (1,1) width 103: "Row 3, Cell 2"
            RenderTableCell {TD} at (210,32) size 105x21 [r=1 c=2 rs=2 cs=1]
              RenderText {#text} at (1,1) size 103x19
                text run at (1,1) width 103: "Row 3, Cell 3"
          RenderTableRow {TR} at (0,43) size 315x21
            RenderTableCell {TD} at (0,43) size 210x21 [r=2 c=0 rs=1 cs=2]
              RenderText {#text} at (1,1) size 103x19
                text run at (1,1) width 103: "Row 4, Cell 1"
        RenderTableSection {TFOOT} at (0,123) size 315x22 [border: (1px solid #808080) none (1px solid #808080) none]
          RenderTableRow {TR} at (0,0) size 315x22
            RenderTableCell {TD} at (0,0) size 105x22 [border: (1px none #000000)] [r=0 c=0 rs=1 cs=1]
              RenderText {#text} at (1,2) size 103x19
                text run at (1,2) width 103: "Row 5, Cell 1"
            RenderTableCell {TD} at (105,0) size 105x22 [border: (1px none #000000)] [r=0 c=1 rs=1 cs=1]
              RenderText {#text} at (1,2) size 103x19
                text run at (1,2) width 103: "Row 5, Cell 2"
            RenderTableCell {TD} at (210,0) size 105x22 [border: (1px none #000000)] [r=0 c=2 rs=1 cs=1]
              RenderText {#text} at (1,2) size 103x19
                text run at (1,2) width 103: "Row 5, Cell 3"
      RenderTable {TABLE} at (0,2987) size 317x147 [border: none]
        RenderBlock {CAPTION} at (0,0) size 317x38
          RenderInline {A} at (0,0) size 165x38
            RenderText {#text} at (76,0) size 165x38
              text run at (76,0) width 165: "Frame=\x{201C}box\x{201D} and"
              text run at (82,19) width 147: "Rules=\x{201C}groups\x{201D}"
          RenderInline (generated) at (0,0) size 7x19
            RenderText at (228,19) size 7x19
              text run at (228,19) width 7: ":"
        RenderTableSection {THEAD} at (0,38) size 316x22 [border: (1px solid #808080) none (1px solid #808080) none]
          RenderTableRow {TR} at (0,0) size 316x22
            RenderTableCell {TD} at (0,0) size 106x22 [border: (1px none #000000)] [r=0 c=0 rs=1 cs=1]
              RenderText {#text} at (2,2) size 103x19
                text run at (2,2) width 103: "Row 1, Cell 1"
            RenderTableCell {TD} at (106,0) size 105x22 [border: (1px none #000000)] [r=0 c=1 rs=1 cs=1]
              RenderText {#text} at (1,2) size 103x19
                text run at (1,2) width 103: "Row 1, Cell 2"
            RenderTableCell {TD} at (211,0) size 105x22 [border: (1px none #000000)] [r=0 c=2 rs=1 cs=1]
              RenderText {#text} at (1,2) size 103x19
                text run at (1,2) width 103: "Row 1, Cell 3"
        RenderTableSection {TBODY} at (0,60) size 316x64 [border: (1px solid #808080) none (1px solid #808080) none]
          RenderTableRow {TR} at (0,0) size 316x22
            RenderTableCell {TD} at (0,10) size 106x22 [border: (1px none #000000)] [r=0 c=0 rs=2 cs=1]
              RenderText {#text} at (2,2) size 103x19
                text run at (2,2) width 103: "Row 2, Cell 1"
            RenderTableCell {TD} at (106,0) size 210x22 [border: (1px none #000000)] [r=0 c=1 rs=1 cs=2]
              RenderText {#text} at (1,2) size 103x19
                text run at (1,2) width 103: "Row 2, Cell 2"
          RenderTableRow {TR} at (0,22) size 316x21
            RenderTableCell {TD} at (106,22) size 105x21 [r=1 c=1 rs=1 cs=1]
              RenderText {#text} at (1,1) size 103x19
                text run at (1,1) width 103: "Row 3, Cell 2"
            RenderTableCell {TD} at (211,32) size 105x21 [r=1 c=2 rs=2 cs=1]
              RenderText {#text} at (1,1) size 103x19
                text run at (1,1) width 103: "Row 3, Cell 3"
          RenderTableRow {TR} at (0,43) size 316x21
            RenderTableCell {TD} at (0,43) size 211x21 [border: none] [r=2 c=0 rs=1 cs=2]
              RenderText {#text} at (2,1) size 103x19
                text run at (2,1) width 103: "Row 4, Cell 1"
        RenderTableSection {TFOOT} at (0,124) size 316x22 [border: (1px solid #808080) none (1px solid #808080) none]
          RenderTableRow {TR} at (0,0) size 316x22
            RenderTableCell {TD} at (0,0) size 106x22 [border: (1px none #000000)] [r=0 c=0 rs=1 cs=1]
              RenderText {#text} at (2,2) size 103x19
                text run at (2,2) width 103: "Row 5, Cell 1"
            RenderTableCell {TD} at (106,0) size 105x22 [border: (1px none #000000)] [r=0 c=1 rs=1 cs=1]
              RenderText {#text} at (1,2) size 103x19
                text run at (1,2) width 103: "Row 5, Cell 2"
            RenderTableCell {TD} at (211,0) size 105x22 [border: (1px none #000000)] [r=0 c=2 rs=1 cs=1]
              RenderText {#text} at (1,2) size 103x19
                text run at (1,2) width 103: "Row 5, Cell 3"
      RenderTable {TABLE} at (0,3182) size 317x147 [border: none]
        RenderBlock {CAPTION} at (0,0) size 317x38
          RenderInline {A} at (0,0) size 193x38
            RenderText {#text} at (62,0) size 193x38
              text run at (62,0) width 193: "Frame=\x{201C}border\x{201D} and"
              text run at (82,19) width 147: "Rules=\x{201C}groups\x{201D}"
          RenderInline (generated) at (0,0) size 7x19
            RenderText at (228,19) size 7x19
              text run at (228,19) width 7: ":"
        RenderTableSection {THEAD} at (0,38) size 316x22 [border: (1px solid #808080) none (1px solid #808080) none]
          RenderTableRow {TR} at (0,0) size 316x22
            RenderTableCell {TD} at (0,0) size 106x22 [border: (1px none #000000)] [r=0 c=0 rs=1 cs=1]
              RenderText {#text} at (2,2) size 103x19
                text run at (2,2) width 103: "Row 1, Cell 1"
            RenderTableCell {TD} at (106,0) size 105x22 [border: (1px none #000000)] [r=0 c=1 rs=1 cs=1]
              RenderText {#text} at (1,2) size 103x19
                text run at (1,2) width 103: "Row 1, Cell 2"
            RenderTableCell {TD} at (211,0) size 105x22 [border: (1px none #000000)] [r=0 c=2 rs=1 cs=1]
              RenderText {#text} at (1,2) size 103x19
                text run at (1,2) width 103: "Row 1, Cell 3"
        RenderTableSection {TBODY} at (0,60) size 316x64 [border: (1px solid #808080) none (1px solid #808080) none]
          RenderTableRow {TR} at (0,0) size 316x22
            RenderTableCell {TD} at (0,10) size 106x22 [border: (1px none #000000)] [r=0 c=0 rs=2 cs=1]
              RenderText {#text} at (2,2) size 103x19
                text run at (2,2) width 103: "Row 2, Cell 1"
            RenderTableCell {TD} at (106,0) size 210x22 [border: (1px none #000000)] [r=0 c=1 rs=1 cs=2]
              RenderText {#text} at (1,2) size 103x19
                text run at (1,2) width 103: "Row 2, Cell 2"
          RenderTableRow {TR} at (0,22) size 316x21
            RenderTableCell {TD} at (106,22) size 105x21 [r=1 c=1 rs=1 cs=1]
              RenderText {#text} at (1,1) size 103x19
                text run at (1,1) width 103: "Row 3, Cell 2"
            RenderTableCell {TD} at (211,32) size 105x21 [r=1 c=2 rs=2 cs=1]
              RenderText {#text} at (1,1) size 103x19
                text run at (1,1) width 103: "Row 3, Cell 3"
          RenderTableRow {TR} at (0,43) size 316x21
            RenderTableCell {TD} at (0,43) size 211x21 [border: none] [r=2 c=0 rs=1 cs=2]
              RenderText {#text} at (2,1) size 103x19
                text run at (2,1) width 103: "Row 4, Cell 1"
        RenderTableSection {TFOOT} at (0,124) size 316x22 [border: (1px solid #808080) none (1px solid #808080) none]
          RenderTableRow {TR} at (0,0) size 316x22
            RenderTableCell {TD} at (0,0) size 106x22 [border: (1px none #000000)] [r=0 c=0 rs=1 cs=1]
              RenderText {#text} at (2,2) size 103x19
                text run at (2,2) width 103: "Row 5, Cell 1"
            RenderTableCell {TD} at (106,0) size 105x22 [border: (1px none #000000)] [r=0 c=1 rs=1 cs=1]
              RenderText {#text} at (1,2) size 103x19
                text run at (1,2) width 103: "Row 5, Cell 2"
            RenderTableCell {TD} at (211,0) size 105x22 [border: (1px none #000000)] [r=0 c=2 rs=1 cs=1]
              RenderText {#text} at (1,2) size 103x19
                text run at (1,2) width 103: "Row 5, Cell 3"
      RenderTable {TABLE} at (0,3377) size 315x128
        RenderBlock {CAPTION} at (0,0) size 315x19
          RenderInline {A} at (0,0) size 303x19
            RenderText {#text} at (3,0) size 303x19
              text run at (3,0) width 303: "Frame=\x{201C}void\x{201D} and Rules=\x{201C}rows\x{201D}"
          RenderInline (generated) at (0,0) size 6x19
            RenderText at (306,0) size 6x19
              text run at (306,0) width 6: ":"
        RenderTableSection {THEAD} at (0,19) size 315x21
          RenderTableRow {TR} at (0,0) size 315x21
            RenderTableCell {TD} at (0,0) size 105x21 [r=0 c=0 rs=1 cs=1]
              RenderText {#text} at (1,1) size 103x19
                text run at (1,1) width 103: "Row 1, Cell 1"
            RenderTableCell {TD} at (105,0) size 105x21 [r=0 c=1 rs=1 cs=1]
              RenderText {#text} at (1,1) size 103x19
                text run at (1,1) width 103: "Row 1, Cell 2"
            RenderTableCell {TD} at (210,0) size 105x21 [r=0 c=2 rs=1 cs=1]
              RenderText {#text} at (1,1) size 103x19
                text run at (1,1) width 103: "Row 1, Cell 3"
        RenderTableSection {TBODY} at (0,40) size 315x66
          RenderTableRow {TR} at (0,0) size 315x22
            RenderTableCell {TD} at (0,11) size 105x22 [border: (1px solid #808080) none none none] [r=0 c=0 rs=2 cs=1]
              RenderText {#text} at (1,2) size 103x19
                text run at (1,2) width 103: "Row 2, Cell 1"
            RenderTableCell {TD} at (105,0) size 210x22 [border: (1px solid #808080) none none none] [r=0 c=1 rs=1 cs=2]
              RenderText {#text} at (1,2) size 103x19
                text run at (1,2) width 103: "Row 2, Cell 2"
          RenderTableRow {TR} at (0,22) size 315x22
            RenderTableCell {TD} at (105,22) size 105x22 [border: (1px solid #808080) none none none] [r=1 c=1 rs=1 cs=1]
              RenderText {#text} at (1,2) size 103x19
                text run at (1,2) width 103: "Row 3, Cell 2"
            RenderTableCell {TD} at (210,33) size 105x22 [border: (1px solid #808080) none none none] [r=1 c=2 rs=2 cs=1]
              RenderText {#text} at (1,2) size 103x19
                text run at (1,2) width 103: "Row 3, Cell 3"
          RenderTableRow {TR} at (0,44) size 315x22
            RenderTableCell {TD} at (0,44) size 210x22 [border: (1px solid #808080) none none none] [r=2 c=0 rs=1 cs=2]
              RenderText {#text} at (1,2) size 103x19
                text run at (1,2) width 103: "Row 4, Cell 1"
        RenderTableSection {TFOOT} at (0,106) size 315x22
          RenderTableRow {TR} at (0,0) size 315x22
            RenderTableCell {TD} at (0,0) size 105x22 [border: (1px solid #808080) none none none] [r=0 c=0 rs=1 cs=1]
              RenderText {#text} at (1,2) size 103x19
                text run at (1,2) width 103: "Row 5, Cell 1"
            RenderTableCell {TD} at (105,0) size 105x22 [border: (1px solid #808080) none none none] [r=0 c=1 rs=1 cs=1]
              RenderText {#text} at (1,2) size 103x19
                text run at (1,2) width 103: "Row 5, Cell 2"
            RenderTableCell {TD} at (210,0) size 105x22 [border: (1px solid #808080) none none none] [r=0 c=2 rs=1 cs=1]
              RenderText {#text} at (1,2) size 103x19
                text run at (1,2) width 103: "Row 5, Cell 3"
      RenderTable {TABLE} at (0,3553) size 315x148
        RenderBlock {CAPTION} at (0,0) size 315x38
          RenderInline {A} at (0,0) size 187x38
            RenderText {#text} at (64,0) size 187x38
              text run at (64,0) width 187: "Frame=\x{201C}above\x{201D} and"
              text run at (90,19) width 129: "Rules=\x{201C}rows\x{201D}"
          RenderInline (generated) at (0,0) size 7x19
            RenderText at (218,19) size 7x19
              text run at (218,19) width 7: ":"
        RenderTableSection {THEAD} at (0,38) size 315x22
          RenderTableRow {TR} at (0,0) size 315x22
            RenderTableCell {TD} at (0,0) size 105x22 [border: (1px solid #808080) none none none] [r=0 c=0 rs=1 cs=1]
              RenderText {#text} at (1,2) size 103x19
                text run at (1,2) width 103: "Row 1, Cell 1"
            RenderTableCell {TD} at (105,0) size 105x22 [border: (1px solid #808080) none none none] [r=0 c=1 rs=1 cs=1]
              RenderText {#text} at (1,2) size 103x19
                text run at (1,2) width 103: "Row 1, Cell 2"
            RenderTableCell {TD} at (210,0) size 105x22 [border: (1px solid #808080) none none none] [r=0 c=2 rs=1 cs=1]
              RenderText {#text} at (1,2) size 103x19
                text run at (1,2) width 103: "Row 1, Cell 3"
        RenderTableSection {TBODY} at (0,60) size 315x66
          RenderTableRow {TR} at (0,0) size 315x22
            RenderTableCell {TD} at (0,11) size 105x22 [border: (1px solid #808080) none none none] [r=0 c=0 rs=2 cs=1]
              RenderText {#text} at (1,2) size 103x19
                text run at (1,2) width 103: "Row 2, Cell 1"
            RenderTableCell {TD} at (105,0) size 210x22 [border: (1px solid #808080) none none none] [r=0 c=1 rs=1 cs=2]
              RenderText {#text} at (1,2) size 103x19
                text run at (1,2) width 103: "Row 2, Cell 2"
          RenderTableRow {TR} at (0,22) size 315x22
            RenderTableCell {TD} at (105,22) size 105x22 [border: (1px solid #808080) none none none] [r=1 c=1 rs=1 cs=1]
              RenderText {#text} at (1,2) size 103x19
                text run at (1,2) width 103: "Row 3, Cell 2"
            RenderTableCell {TD} at (210,33) size 105x22 [border: (1px solid #808080) none none none] [r=1 c=2 rs=2 cs=1]
              RenderText {#text} at (1,2) size 103x19
                text run at (1,2) width 103: "Row 3, Cell 3"
          RenderTableRow {TR} at (0,44) size 315x22
            RenderTableCell {TD} at (0,44) size 210x22 [border: (1px solid #808080) none none none] [r=2 c=0 rs=1 cs=2]
              RenderText {#text} at (1,2) size 103x19
                text run at (1,2) width 103: "Row 4, Cell 1"
        RenderTableSection {TFOOT} at (0,126) size 315x22
          RenderTableRow {TR} at (0,0) size 315x22
            RenderTableCell {TD} at (0,0) size 105x22 [border: (1px solid #808080) none none none] [r=0 c=0 rs=1 cs=1]
              RenderText {#text} at (1,2) size 103x19
                text run at (1,2) width 103: "Row 5, Cell 1"
            RenderTableCell {TD} at (105,0) size 105x22 [border: (1px solid #808080) none none none] [r=0 c=1 rs=1 cs=1]
              RenderText {#text} at (1,2) size 103x19
                text run at (1,2) width 103: "Row 5, Cell 2"
            RenderTableCell {TD} at (210,0) size 105x22 [border: (1px solid #808080) none none none] [r=0 c=2 rs=1 cs=1]
              RenderText {#text} at (1,2) size 103x19
                text run at (1,2) width 103: "Row 5, Cell 3"
      RenderTable {TABLE} at (0,3749) size 315x148 [border: none (1px solid #808080) none]
        RenderBlock {CAPTION} at (0,0) size 315x38
          RenderInline {A} at (0,0) size 185x38
            RenderText {#text} at (65,0) size 185x38
              text run at (65,0) width 185: "Frame=\x{201C}below\x{201D} and"
              text run at (90,19) width 129: "Rules=\x{201C}rows\x{201D}"
          RenderInline (generated) at (0,0) size 7x19
            RenderText at (218,19) size 7x19
              text run at (218,19) width 7: ":"
        RenderTableSection {THEAD} at (0,38) size 315x21
          RenderTableRow {TR} at (0,0) size 315x21
            RenderTableCell {TD} at (0,0) size 105x21 [r=0 c=0 rs=1 cs=1]
              RenderText {#text} at (1,1) size 103x19
                text run at (1,1) width 103: "Row 1, Cell 1"
            RenderTableCell {TD} at (105,0) size 105x21 [r=0 c=1 rs=1 cs=1]
              RenderText {#text} at (1,1) size 103x19
                text run at (1,1) width 103: "Row 1, Cell 2"
            RenderTableCell {TD} at (210,0) size 105x21 [r=0 c=2 rs=1 cs=1]
              RenderText {#text} at (1,1) size 103x19
                text run at (1,1) width 103: "Row 1, Cell 3"
        RenderTableSection {TBODY} at (0,59) size 315x66
          RenderTableRow {TR} at (0,0) size 315x22
            RenderTableCell {TD} at (0,11) size 105x22 [border: (1px solid #808080) none none none] [r=0 c=0 rs=2 cs=1]
              RenderText {#text} at (1,2) size 103x19
                text run at (1,2) width 103: "Row 2, Cell 1"
            RenderTableCell {TD} at (105,0) size 210x22 [border: (1px solid #808080) none none none] [r=0 c=1 rs=1 cs=2]
              RenderText {#text} at (1,2) size 103x19
                text run at (1,2) width 103: "Row 2, Cell 2"
          RenderTableRow {TR} at (0,22) size 315x22
            RenderTableCell {TD} at (105,22) size 105x22 [border: (1px solid #808080) none none none] [r=1 c=1 rs=1 cs=1]
              RenderText {#text} at (1,2) size 103x19
                text run at (1,2) width 103: "Row 3, Cell 2"
            RenderTableCell {TD} at (210,33) size 105x22 [border: (1px solid #808080) none none none] [r=1 c=2 rs=2 cs=1]
              RenderText {#text} at (1,2) size 103x19
                text run at (1,2) width 103: "Row 3, Cell 3"
          RenderTableRow {TR} at (0,44) size 315x22
            RenderTableCell {TD} at (0,44) size 210x22 [border: (1px solid #808080) none none none] [r=2 c=0 rs=1 cs=2]
              RenderText {#text} at (1,2) size 103x19
                text run at (1,2) width 103: "Row 4, Cell 1"
        RenderTableSection {TFOOT} at (0,125) size 315x22
          RenderTableRow {TR} at (0,0) size 315x22
            RenderTableCell {TD} at (0,0) size 105x22 [border: (1px solid #808080) none none none] [r=0 c=0 rs=1 cs=1]
              RenderText {#text} at (1,2) size 103x19
                text run at (1,2) width 103: "Row 5, Cell 1"
            RenderTableCell {TD} at (105,0) size 105x22 [border: (1px solid #808080) none none none] [r=0 c=1 rs=1 cs=1]
              RenderText {#text} at (1,2) size 103x19
                text run at (1,2) width 103: "Row 5, Cell 2"
            RenderTableCell {TD} at (210,0) size 105x22 [border: (1px solid #808080) none none none] [r=0 c=2 rs=1 cs=1]
              RenderText {#text} at (1,2) size 103x19
                text run at (1,2) width 103: "Row 5, Cell 3"
      RenderTable {TABLE} at (0,3945) size 315x149 [border: none none (1px solid #808080) none]
        RenderBlock {CAPTION} at (0,0) size 315x38
          RenderInline {A} at (0,0) size 191x38
            RenderText {#text} at (62,0) size 191x38
              text run at (62,0) width 191: "Frame=\x{201C}hsides\x{201D} and"
              text run at (90,19) width 129: "Rules=\x{201C}rows\x{201D}"
          RenderInline (generated) at (0,0) size 7x19
            RenderText at (218,19) size 7x19
              text run at (218,19) width 7: ":"
        RenderTableSection {THEAD} at (0,38) size 315x22
          RenderTableRow {TR} at (0,0) size 315x22
            RenderTableCell {TD} at (0,0) size 105x22 [border: (1px solid #808080) none none none] [r=0 c=0 rs=1 cs=1]
              RenderText {#text} at (1,2) size 103x19
                text run at (1,2) width 103: "Row 1, Cell 1"
            RenderTableCell {TD} at (105,0) size 105x22 [border: (1px solid #808080) none none none] [r=0 c=1 rs=1 cs=1]
              RenderText {#text} at (1,2) size 103x19
                text run at (1,2) width 103: "Row 1, Cell 2"
            RenderTableCell {TD} at (210,0) size 105x22 [border: (1px solid #808080) none none none] [r=0 c=2 rs=1 cs=1]
              RenderText {#text} at (1,2) size 103x19
                text run at (1,2) width 103: "Row 1, Cell 3"
        RenderTableSection {TBODY} at (0,60) size 315x66
          RenderTableRow {TR} at (0,0) size 315x22
            RenderTableCell {TD} at (0,11) size 105x22 [border: (1px solid #808080) none none none] [r=0 c=0 rs=2 cs=1]
              RenderText {#text} at (1,2) size 103x19
                text run at (1,2) width 103: "Row 2, Cell 1"
            RenderTableCell {TD} at (105,0) size 210x22 [border: (1px solid #808080) none none none] [r=0 c=1 rs=1 cs=2]
              RenderText {#text} at (1,2) size 103x19
                text run at (1,2) width 103: "Row 2, Cell 2"
          RenderTableRow {TR} at (0,22) size 315x22
            RenderTableCell {TD} at (105,22) size 105x22 [border: (1px solid #808080) none none none] [r=1 c=1 rs=1 cs=1]
              RenderText {#text} at (1,2) size 103x19
                text run at (1,2) width 103: "Row 3, Cell 2"
            RenderTableCell {TD} at (210,33) size 105x22 [border: (1px solid #808080) none none none] [r=1 c=2 rs=2 cs=1]
              RenderText {#text} at (1,2) size 103x19
                text run at (1,2) width 103: "Row 3, Cell 3"
          RenderTableRow {TR} at (0,44) size 315x22
            RenderTableCell {TD} at (0,44) size 210x22 [border: (1px solid #808080) none none none] [r=2 c=0 rs=1 cs=2]
              RenderText {#text} at (1,2) size 103x19
                text run at (1,2) width 103: "Row 4, Cell 1"
        RenderTableSection {TFOOT} at (0,126) size 315x22
          RenderTableRow {TR} at (0,0) size 315x22
            RenderTableCell {TD} at (0,0) size 105x22 [border: (1px solid #808080) none none none] [r=0 c=0 rs=1 cs=1]
              RenderText {#text} at (1,2) size 103x19
                text run at (1,2) width 103: "Row 5, Cell 1"
            RenderTableCell {TD} at (105,0) size 105x22 [border: (1px solid #808080) none none none] [r=0 c=1 rs=1 cs=1]
              RenderText {#text} at (1,2) size 103x19
                text run at (1,2) width 103: "Row 5, Cell 2"
            RenderTableCell {TD} at (210,0) size 105x22 [border: (1px solid #808080) none none none] [r=0 c=2 rs=1 cs=1]
              RenderText {#text} at (1,2) size 103x19
                text run at (1,2) width 103: "Row 5, Cell 3"
      RenderTable {TABLE} at (0,4142) size 317x147 [border: none (1px solid #808080) none none]
        RenderBlock {CAPTION} at (0,0) size 317x38
          RenderInline {A} at (0,0) size 189x38
            RenderText {#text} at (64,0) size 189x38
              text run at (64,0) width 189: "Frame=\x{201C}vsides\x{201D} and"
              text run at (91,19) width 129: "Rules=\x{201C}rows\x{201D}"
          RenderInline (generated) at (0,0) size 7x19
            RenderText at (219,19) size 7x19
              text run at (219,19) width 7: ":"
        RenderTableSection {THEAD} at (0,38) size 316x21
          RenderTableRow {TR} at (0,0) size 316x21
            RenderTableCell {TD} at (0,0) size 106x21 [border: none none none (1px none #808080)] [r=0 c=0 rs=1 cs=1]
              RenderText {#text} at (2,1) size 103x19
                text run at (2,1) width 103: "Row 1, Cell 1"
            RenderTableCell {TD} at (106,0) size 105x21 [r=0 c=1 rs=1 cs=1]
              RenderText {#text} at (1,1) size 103x19
                text run at (1,1) width 103: "Row 1, Cell 2"
            RenderTableCell {TD} at (211,0) size 105x21 [r=0 c=2 rs=1 cs=1]
              RenderText {#text} at (1,1) size 103x19
                text run at (1,1) width 103: "Row 1, Cell 3"
        RenderTableSection {TBODY} at (0,59) size 316x66
          RenderTableRow {TR} at (0,0) size 316x22
            RenderTableCell {TD} at (0,11) size 106x22 [border: (1px solid #808080) none none (1px none #808080)] [r=0 c=0 rs=2 cs=1]
              RenderText {#text} at (2,2) size 103x19
                text run at (2,2) width 103: "Row 2, Cell 1"
            RenderTableCell {TD} at (106,0) size 210x22 [border: (1px solid #808080) none none none] [r=0 c=1 rs=1 cs=2]
              RenderText {#text} at (1,2) size 103x19
                text run at (1,2) width 103: "Row 2, Cell 2"
          RenderTableRow {TR} at (0,22) size 316x22
            RenderTableCell {TD} at (106,22) size 105x22 [border: (1px solid #808080) none none none] [r=1 c=1 rs=1 cs=1]
              RenderText {#text} at (1,2) size 103x19
                text run at (1,2) width 103: "Row 3, Cell 2"
            RenderTableCell {TD} at (211,33) size 105x22 [border: (1px solid #808080) none none none] [r=1 c=2 rs=2 cs=1]
              RenderText {#text} at (1,2) size 103x19
                text run at (1,2) width 103: "Row 3, Cell 3"
          RenderTableRow {TR} at (0,44) size 316x22
            RenderTableCell {TD} at (0,44) size 211x22 [border: (1px solid #808080) none none (1px none #808080)] [r=2 c=0 rs=1 cs=2]
              RenderText {#text} at (2,2) size 103x19
                text run at (2,2) width 103: "Row 4, Cell 1"
        RenderTableSection {TFOOT} at (0,125) size 316x22
          RenderTableRow {TR} at (0,0) size 316x22
            RenderTableCell {TD} at (0,0) size 106x22 [border: (1px solid #808080) none none (1px none #808080)] [r=0 c=0 rs=1 cs=1]
              RenderText {#text} at (2,2) size 103x19
                text run at (2,2) width 103: "Row 5, Cell 1"
            RenderTableCell {TD} at (106,0) size 105x22 [border: (1px solid #808080) none none none] [r=0 c=1 rs=1 cs=1]
              RenderText {#text} at (1,2) size 103x19
                text run at (1,2) width 103: "Row 5, Cell 2"
            RenderTableCell {TD} at (211,0) size 105x22 [border: (1px solid #808080) none none none] [r=0 c=2 rs=1 cs=1]
              RenderText {#text} at (1,2) size 103x19
                text run at (1,2) width 103: "Row 5, Cell 3"
      RenderTable {TABLE} at (0,4337) size 316x128
        RenderBlock {CAPTION} at (0,0) size 316x19
          RenderInline {A} at (0,0) size 292x19
            RenderText {#text} at (9,0) size 292x19
              text run at (9,0) width 292: "Frame=\x{201C}lhs\x{201D} and Rules=\x{201C}rows\x{201D}"
          RenderInline (generated) at (0,0) size 6x19
            RenderText at (301,0) size 6x19
              text run at (301,0) width 6: ":"
        RenderTableSection {THEAD} at (0,19) size 316x21
          RenderTableRow {TR} at (0,0) size 316x21
            RenderTableCell {TD} at (0,0) size 106x21 [border: none none none (1px none #808080)] [r=0 c=0 rs=1 cs=1]
              RenderText {#text} at (2,1) size 103x19
                text run at (2,1) width 103: "Row 1, Cell 1"
            RenderTableCell {TD} at (106,0) size 105x21 [r=0 c=1 rs=1 cs=1]
              RenderText {#text} at (1,1) size 103x19
                text run at (1,1) width 103: "Row 1, Cell 2"
            RenderTableCell {TD} at (211,0) size 105x21 [r=0 c=2 rs=1 cs=1]
              RenderText {#text} at (1,1) size 103x19
                text run at (1,1) width 103: "Row 1, Cell 3"
        RenderTableSection {TBODY} at (0,40) size 316x66
          RenderTableRow {TR} at (0,0) size 316x22
            RenderTableCell {TD} at (0,11) size 106x22 [border: (1px solid #808080) none none (1px none #808080)] [r=0 c=0 rs=2 cs=1]
              RenderText {#text} at (2,2) size 103x19
                text run at (2,2) width 103: "Row 2, Cell 1"
            RenderTableCell {TD} at (106,0) size 210x22 [border: (1px solid #808080) none none none] [r=0 c=1 rs=1 cs=2]
              RenderText {#text} at (1,2) size 103x19
                text run at (1,2) width 103: "Row 2, Cell 2"
          RenderTableRow {TR} at (0,22) size 316x22
            RenderTableCell {TD} at (106,22) size 105x22 [border: (1px solid #808080) none none none] [r=1 c=1 rs=1 cs=1]
              RenderText {#text} at (1,2) size 103x19
                text run at (1,2) width 103: "Row 3, Cell 2"
            RenderTableCell {TD} at (211,33) size 105x22 [border: (1px solid #808080) none none none] [r=1 c=2 rs=2 cs=1]
              RenderText {#text} at (1,2) size 103x19
                text run at (1,2) width 103: "Row 3, Cell 3"
          RenderTableRow {TR} at (0,44) size 316x22
            RenderTableCell {TD} at (0,44) size 211x22 [border: (1px solid #808080) none none (1px none #808080)] [r=2 c=0 rs=1 cs=2]
              RenderText {#text} at (2,2) size 103x19
                text run at (2,2) width 103: "Row 4, Cell 1"
        RenderTableSection {TFOOT} at (0,106) size 316x22
          RenderTableRow {TR} at (0,0) size 316x22
            RenderTableCell {TD} at (0,0) size 106x22 [border: (1px solid #808080) none none (1px none #808080)] [r=0 c=0 rs=1 cs=1]
              RenderText {#text} at (2,2) size 103x19
                text run at (2,2) width 103: "Row 5, Cell 1"
            RenderTableCell {TD} at (106,0) size 105x22 [border: (1px solid #808080) none none none] [r=0 c=1 rs=1 cs=1]
              RenderText {#text} at (1,2) size 103x19
                text run at (1,2) width 103: "Row 5, Cell 2"
            RenderTableCell {TD} at (211,0) size 105x22 [border: (1px solid #808080) none none none] [r=0 c=2 rs=1 cs=1]
              RenderText {#text} at (1,2) size 103x19
                text run at (1,2) width 103: "Row 5, Cell 3"
      RenderTable {TABLE} at (0,4513) size 316x128 [border: none (1px solid #808080) none]
        RenderBlock {CAPTION} at (0,0) size 316x19
          RenderInline {A} at (0,0) size 296x19
            RenderText {#text} at (7,0) size 296x19
              text run at (7,0) width 296: "Frame=\x{201C}rhs\x{201D} and Rules=\x{201C}rows\x{201D}"
          RenderInline (generated) at (0,0) size 7x19
            RenderText at (302,0) size 7x19
              text run at (302,0) width 7: ":"
        RenderTableSection {THEAD} at (0,19) size 315x21
          RenderTableRow {TR} at (0,0) size 315x21
            RenderTableCell {TD} at (0,0) size 105x21 [r=0 c=0 rs=1 cs=1]
              RenderText {#text} at (1,1) size 103x19
                text run at (1,1) width 103: "Row 1, Cell 1"
            RenderTableCell {TD} at (105,0) size 105x21 [r=0 c=1 rs=1 cs=1]
              RenderText {#text} at (1,1) size 103x19
                text run at (1,1) width 103: "Row 1, Cell 2"
            RenderTableCell {TD} at (210,0) size 105x21 [r=0 c=2 rs=1 cs=1]
              RenderText {#text} at (1,1) size 103x19
                text run at (1,1) width 103: "Row 1, Cell 3"
        RenderTableSection {TBODY} at (0,40) size 315x66
          RenderTableRow {TR} at (0,0) size 315x22
            RenderTableCell {TD} at (0,11) size 105x22 [border: (1px solid #808080) none none none] [r=0 c=0 rs=2 cs=1]
              RenderText {#text} at (1,2) size 103x19
                text run at (1,2) width 103: "Row 2, Cell 1"
            RenderTableCell {TD} at (105,0) size 210x22 [border: (1px solid #808080) none none none] [r=0 c=1 rs=1 cs=2]
              RenderText {#text} at (1,2) size 103x19
                text run at (1,2) width 103: "Row 2, Cell 2"
          RenderTableRow {TR} at (0,22) size 315x22
            RenderTableCell {TD} at (105,22) size 105x22 [border: (1px solid #808080) none none none] [r=1 c=1 rs=1 cs=1]
              RenderText {#text} at (1,2) size 103x19
                text run at (1,2) width 103: "Row 3, Cell 2"
            RenderTableCell {TD} at (210,33) size 105x22 [border: (1px solid #808080) none none none] [r=1 c=2 rs=2 cs=1]
              RenderText {#text} at (1,2) size 103x19
                text run at (1,2) width 103: "Row 3, Cell 3"
          RenderTableRow {TR} at (0,44) size 315x22
            RenderTableCell {TD} at (0,44) size 210x22 [border: (1px solid #808080) none none none] [r=2 c=0 rs=1 cs=2]
              RenderText {#text} at (1,2) size 103x19
                text run at (1,2) width 103: "Row 4, Cell 1"
        RenderTableSection {TFOOT} at (0,106) size 315x22
          RenderTableRow {TR} at (0,0) size 315x22
            RenderTableCell {TD} at (0,0) size 105x22 [border: (1px solid #808080) none none none] [r=0 c=0 rs=1 cs=1]
              RenderText {#text} at (1,2) size 103x19
                text run at (1,2) width 103: "Row 5, Cell 1"
            RenderTableCell {TD} at (105,0) size 105x22 [border: (1px solid #808080) none none none] [r=0 c=1 rs=1 cs=1]
              RenderText {#text} at (1,2) size 103x19
                text run at (1,2) width 103: "Row 5, Cell 2"
            RenderTableCell {TD} at (210,0) size 105x22 [border: (1px solid #808080) none none none] [r=0 c=2 rs=1 cs=1]
              RenderText {#text} at (1,2) size 103x19
                text run at (1,2) width 103: "Row 5, Cell 3"
      RenderTable {TABLE} at (0,4689) size 317x130 [border: none]
        RenderBlock {CAPTION} at (0,0) size 317x19
          RenderInline {A} at (0,0) size 299x19
            RenderText {#text} at (6,0) size 299x19
              text run at (6,0) width 299: "Frame=\x{201C}box\x{201D} and Rules=\x{201C}rows\x{201D}"
          RenderInline (generated) at (0,0) size 7x19
            RenderText at (304,0) size 7x19
              text run at (304,0) width 7: ":"
        RenderTableSection {THEAD} at (0,19) size 316x22
          RenderTableRow {TR} at (0,0) size 316x22
            RenderTableCell {TD} at (0,0) size 106x22 [border: (1px solid #808080) none none (1px none #808080)] [r=0 c=0 rs=1 cs=1]
              RenderText {#text} at (2,2) size 103x19
                text run at (2,2) width 103: "Row 1, Cell 1"
            RenderTableCell {TD} at (106,0) size 105x22 [border: (1px solid #808080) none none none] [r=0 c=1 rs=1 cs=1]
              RenderText {#text} at (1,2) size 103x19
                text run at (1,2) width 103: "Row 1, Cell 2"
            RenderTableCell {TD} at (211,0) size 105x22 [border: (1px solid #808080) none none none] [r=0 c=2 rs=1 cs=1]
              RenderText {#text} at (1,2) size 103x19
                text run at (1,2) width 103: "Row 1, Cell 3"
        RenderTableSection {TBODY} at (0,41) size 316x66
          RenderTableRow {TR} at (0,0) size 316x22
            RenderTableCell {TD} at (0,11) size 106x22 [border: (1px solid #808080) none none (1px none #808080)] [r=0 c=0 rs=2 cs=1]
              RenderText {#text} at (2,2) size 103x19
                text run at (2,2) width 103: "Row 2, Cell 1"
            RenderTableCell {TD} at (106,0) size 210x22 [border: (1px solid #808080) none none none] [r=0 c=1 rs=1 cs=2]
              RenderText {#text} at (1,2) size 103x19
                text run at (1,2) width 103: "Row 2, Cell 2"
          RenderTableRow {TR} at (0,22) size 316x22
            RenderTableCell {TD} at (106,22) size 105x22 [border: (1px solid #808080) none none none] [r=1 c=1 rs=1 cs=1]
              RenderText {#text} at (1,2) size 103x19
                text run at (1,2) width 103: "Row 3, Cell 2"
            RenderTableCell {TD} at (211,33) size 105x22 [border: (1px solid #808080) none none none] [r=1 c=2 rs=2 cs=1]
              RenderText {#text} at (1,2) size 103x19
                text run at (1,2) width 103: "Row 3, Cell 3"
          RenderTableRow {TR} at (0,44) size 316x22
            RenderTableCell {TD} at (0,44) size 211x22 [border: (1px solid #808080) none none (1px none #808080)] [r=2 c=0 rs=1 cs=2]
              RenderText {#text} at (2,2) size 103x19
                text run at (2,2) width 103: "Row 4, Cell 1"
        RenderTableSection {TFOOT} at (0,107) size 316x22
          RenderTableRow {TR} at (0,0) size 316x22
            RenderTableCell {TD} at (0,0) size 106x22 [border: (1px solid #808080) none none (1px none #808080)] [r=0 c=0 rs=1 cs=1]
              RenderText {#text} at (2,2) size 103x19
                text run at (2,2) width 103: "Row 5, Cell 1"
            RenderTableCell {TD} at (106,0) size 105x22 [border: (1px solid #808080) none none none] [r=0 c=1 rs=1 cs=1]
              RenderText {#text} at (1,2) size 103x19
                text run at (1,2) width 103: "Row 5, Cell 2"
            RenderTableCell {TD} at (211,0) size 105x22 [border: (1px solid #808080) none none none] [r=0 c=2 rs=1 cs=1]
              RenderText {#text} at (1,2) size 103x19
                text run at (1,2) width 103: "Row 5, Cell 3"
      RenderTable {TABLE} at (0,4867) size 317x149 [border: none]
        RenderBlock {CAPTION} at (0,0) size 317x38
          RenderInline {A} at (0,0) size 193x38
            RenderText {#text} at (62,0) size 193x38
              text run at (62,0) width 193: "Frame=\x{201C}border\x{201D} and"
              text run at (91,19) width 129: "Rules=\x{201C}rows\x{201D}"
          RenderInline (generated) at (0,0) size 7x19
            RenderText at (219,19) size 7x19
              text run at (219,19) width 7: ":"
        RenderTableSection {THEAD} at (0,38) size 316x22
          RenderTableRow {TR} at (0,0) size 316x22
            RenderTableCell {TD} at (0,0) size 106x22 [border: (1px solid #808080) none none (1px none #808080)] [r=0 c=0 rs=1 cs=1]
              RenderText {#text} at (2,2) size 103x19
                text run at (2,2) width 103: "Row 1, Cell 1"
            RenderTableCell {TD} at (106,0) size 105x22 [border: (1px solid #808080) none none none] [r=0 c=1 rs=1 cs=1]
              RenderText {#text} at (1,2) size 103x19
                text run at (1,2) width 103: "Row 1, Cell 2"
            RenderTableCell {TD} at (211,0) size 105x22 [border: (1px solid #808080) none none none] [r=0 c=2 rs=1 cs=1]
              RenderText {#text} at (1,2) size 103x19
                text run at (1,2) width 103: "Row 1, Cell 3"
        RenderTableSection {TBODY} at (0,60) size 316x66
          RenderTableRow {TR} at (0,0) size 316x22
            RenderTableCell {TD} at (0,11) size 106x22 [border: (1px solid #808080) none none (1px none #808080)] [r=0 c=0 rs=2 cs=1]
              RenderText {#text} at (2,2) size 103x19
                text run at (2,2) width 103: "Row 2, Cell 1"
            RenderTableCell {TD} at (106,0) size 210x22 [border: (1px solid #808080) none none none] [r=0 c=1 rs=1 cs=2]
              RenderText {#text} at (1,2) size 103x19
                text run at (1,2) width 103: "Row 2, Cell 2"
          RenderTableRow {TR} at (0,22) size 316x22
            RenderTableCell {TD} at (106,22) size 105x22 [border: (1px solid #808080) none none none] [r=1 c=1 rs=1 cs=1]
              RenderText {#text} at (1,2) size 103x19
                text run at (1,2) width 103: "Row 3, Cell 2"
            RenderTableCell {TD} at (211,33) size 105x22 [border: (1px solid #808080) none none none] [r=1 c=2 rs=2 cs=1]
              RenderText {#text} at (1,2) size 103x19
                text run at (1,2) width 103: "Row 3, Cell 3"
          RenderTableRow {TR} at (0,44) size 316x22
            RenderTableCell {TD} at (0,44) size 211x22 [border: (1px solid #808080) none none (1px none #808080)] [r=2 c=0 rs=1 cs=2]
              RenderText {#text} at (2,2) size 103x19
                text run at (2,2) width 103: "Row 4, Cell 1"
        RenderTableSection {TFOOT} at (0,126) size 316x22
          RenderTableRow {TR} at (0,0) size 316x22
            RenderTableCell {TD} at (0,0) size 106x22 [border: (1px solid #808080) none none (1px none #808080)] [r=0 c=0 rs=1 cs=1]
              RenderText {#text} at (2,2) size 103x19
                text run at (2,2) width 103: "Row 5, Cell 1"
            RenderTableCell {TD} at (106,0) size 105x22 [border: (1px solid #808080) none none none] [r=0 c=1 rs=1 cs=1]
              RenderText {#text} at (1,2) size 103x19
                text run at (1,2) width 103: "Row 5, Cell 2"
            RenderTableCell {TD} at (211,0) size 105x22 [border: (1px solid #808080) none none none] [r=0 c=2 rs=1 cs=1]
              RenderText {#text} at (1,2) size 103x19
                text run at (1,2) width 103: "Row 5, Cell 3"
      RenderTable {TABLE} at (0,5064) size 317x124
        RenderBlock {CAPTION} at (0,0) size 317x19
          RenderInline {A} at (0,0) size 295x19
            RenderText {#text} at (8,0) size 295x19
              text run at (8,0) width 295: "Frame=\x{201C}void\x{201D} and Rules=\x{201C}cols\x{201D}"
          RenderInline (generated) at (0,0) size 7x19
            RenderText at (302,0) size 7x19
              text run at (302,0) width 7: ":"
        RenderTableSection {THEAD} at (0,19) size 317x21
          RenderTableRow {TR} at (0,0) size 317x21
            RenderTableCell {TD} at (0,0) size 105x21 [r=0 c=0 rs=1 cs=1]
              RenderText {#text} at (1,1) size 103x19
                text run at (1,1) width 103: "Row 1, Cell 1"
            RenderTableCell {TD} at (105,0) size 106x21 [border: none none none (1px solid #808080)] [r=0 c=1 rs=1 cs=1]
              RenderText {#text} at (2,1) size 103x19
                text run at (2,1) width 103: "Row 1, Cell 2"
            RenderTableCell {TD} at (211,0) size 106x21 [border: none none none (1px solid #808080)] [r=0 c=2 rs=1 cs=1]
              RenderText {#text} at (2,1) size 103x19
                text run at (2,1) width 103: "Row 1, Cell 3"
        RenderTableSection {TBODY} at (0,40) size 317x63
          RenderTableRow {TR} at (0,0) size 317x21
            RenderTableCell {TD} at (0,10) size 105x21 [r=0 c=0 rs=2 cs=1]
              RenderText {#text} at (1,1) size 103x19
                text run at (1,1) width 103: "Row 2, Cell 1"
            RenderTableCell {TD} at (105,0) size 212x21 [border: none none none (1px solid #808080)] [r=0 c=1 rs=1 cs=2]
              RenderText {#text} at (2,1) size 103x19
                text run at (2,1) width 103: "Row 2, Cell 2"
          RenderTableRow {TR} at (0,21) size 317x21
            RenderTableCell {TD} at (105,21) size 106x21 [border: none none none (1px solid #808080)] [r=1 c=1 rs=1 cs=1]
              RenderText {#text} at (2,1) size 103x19
                text run at (2,1) width 103: "Row 3, Cell 2"
            RenderTableCell {TD} at (211,31) size 106x21 [border: none none none (1px solid #808080)] [r=1 c=2 rs=2 cs=1]
              RenderText {#text} at (2,1) size 103x19
                text run at (2,1) width 103: "Row 3, Cell 3"
          RenderTableRow {TR} at (0,42) size 317x21
            RenderTableCell {TD} at (0,42) size 211x21 [r=2 c=0 rs=1 cs=2]
              RenderText {#text} at (1,1) size 103x19
                text run at (1,1) width 103: "Row 4, Cell 1"
        RenderTableSection {TFOOT} at (0,103) size 317x21
          RenderTableRow {TR} at (0,0) size 317x21
            RenderTableCell {TD} at (0,0) size 105x21 [r=0 c=0 rs=1 cs=1]
              RenderText {#text} at (1,1) size 103x19
                text run at (1,1) width 103: "Row 5, Cell 1"
            RenderTableCell {TD} at (105,0) size 106x21 [border: none none none (1px solid #808080)] [r=0 c=1 rs=1 cs=1]
              RenderText {#text} at (2,1) size 103x19
                text run at (2,1) width 103: "Row 5, Cell 2"
            RenderTableCell {TD} at (211,0) size 106x21 [border: none none none (1px solid #808080)] [r=0 c=2 rs=1 cs=1]
              RenderText {#text} at (2,1) size 103x19
                text run at (2,1) width 103: "Row 5, Cell 3"
      RenderTable {TABLE} at (0,5236) size 317x125
        RenderBlock {CAPTION} at (0,0) size 317x19
          RenderInline {A} at (0,0) size 311x19
            RenderText {#text} at (0,0) size 311x19
              text run at (0,0) width 311: "Frame=\x{201C}above\x{201D} and Rules=\x{201C}cols\x{201D}"
          RenderInline (generated) at (0,0) size 6x19
            RenderText at (311,0) size 6x19
              text run at (311,0) width 6: ":"
        RenderTableSection {THEAD} at (0,19) size 317x22
          RenderTableRow {TR} at (0,0) size 317x22
            RenderTableCell {TD} at (0,0) size 105x22 [border: (1px none #808080) none none none] [r=0 c=0 rs=1 cs=1]
              RenderText {#text} at (1,2) size 103x19
                text run at (1,2) width 103: "Row 1, Cell 1"
            RenderTableCell {TD} at (105,0) size 106x22 [border: (1px none #808080) none none (1px solid #808080)] [r=0 c=1 rs=1 cs=1]
              RenderText {#text} at (2,2) size 103x19
                text run at (2,2) width 103: "Row 1, Cell 2"
            RenderTableCell {TD} at (211,0) size 106x22 [border: (1px none #808080) none none (1px solid #808080)] [r=0 c=2 rs=1 cs=1]
              RenderText {#text} at (2,2) size 103x19
                text run at (2,2) width 103: "Row 1, Cell 3"
        RenderTableSection {TBODY} at (0,41) size 317x63
          RenderTableRow {TR} at (0,0) size 317x21
            RenderTableCell {TD} at (0,10) size 105x21 [r=0 c=0 rs=2 cs=1]
              RenderText {#text} at (1,1) size 103x19
                text run at (1,1) width 103: "Row 2, Cell 1"
            RenderTableCell {TD} at (105,0) size 212x21 [border: none none none (1px solid #808080)] [r=0 c=1 rs=1 cs=2]
              RenderText {#text} at (2,1) size 103x19
                text run at (2,1) width 103: "Row 2, Cell 2"
          RenderTableRow {TR} at (0,21) size 317x21
            RenderTableCell {TD} at (105,21) size 106x21 [border: none none none (1px solid #808080)] [r=1 c=1 rs=1 cs=1]
              RenderText {#text} at (2,1) size 103x19
                text run at (2,1) width 103: "Row 3, Cell 2"
            RenderTableCell {TD} at (211,31) size 106x21 [border: none none none (1px solid #808080)] [r=1 c=2 rs=2 cs=1]
              RenderText {#text} at (2,1) size 103x19
                text run at (2,1) width 103: "Row 3, Cell 3"
          RenderTableRow {TR} at (0,42) size 317x21
            RenderTableCell {TD} at (0,42) size 211x21 [r=2 c=0 rs=1 cs=2]
              RenderText {#text} at (1,1) size 103x19
                text run at (1,1) width 103: "Row 4, Cell 1"
        RenderTableSection {TFOOT} at (0,104) size 317x21
          RenderTableRow {TR} at (0,0) size 317x21
            RenderTableCell {TD} at (0,0) size 105x21 [r=0 c=0 rs=1 cs=1]
              RenderText {#text} at (1,1) size 103x19
                text run at (1,1) width 103: "Row 5, Cell 1"
            RenderTableCell {TD} at (105,0) size 106x21 [border: none none none (1px solid #808080)] [r=0 c=1 rs=1 cs=1]
              RenderText {#text} at (2,1) size 103x19
                text run at (2,1) width 103: "Row 5, Cell 2"
            RenderTableCell {TD} at (211,0) size 106x21 [border: none none none (1px solid #808080)] [r=0 c=2 rs=1 cs=1]
              RenderText {#text} at (2,1) size 103x19
                text run at (2,1) width 103: "Row 5, Cell 3"
      RenderTable {TABLE} at (0,5409) size 317x125 [border: none (1px solid #808080) none]
        RenderBlock {CAPTION} at (0,0) size 317x19
          RenderInline {A} at (0,0) size 311x19
            RenderText {#text} at (0,0) size 311x19
              text run at (0,0) width 311: "Frame=\x{201C}below\x{201D} and Rules=\x{201C}cols\x{201D}"
          RenderInline (generated) at (0,0) size 7x19
            RenderText at (310,0) size 7x19
              text run at (310,0) width 7: ":"
        RenderTableSection {THEAD} at (0,19) size 317x21
          RenderTableRow {TR} at (0,0) size 317x21
            RenderTableCell {TD} at (0,0) size 105x21 [r=0 c=0 rs=1 cs=1]
              RenderText {#text} at (1,1) size 103x19
                text run at (1,1) width 103: "Row 1, Cell 1"
            RenderTableCell {TD} at (105,0) size 106x21 [border: none none none (1px solid #808080)] [r=0 c=1 rs=1 cs=1]
              RenderText {#text} at (2,1) size 103x19
                text run at (2,1) width 103: "Row 1, Cell 2"
            RenderTableCell {TD} at (211,0) size 106x21 [border: none none none (1px solid #808080)] [r=0 c=2 rs=1 cs=1]
              RenderText {#text} at (2,1) size 103x19
                text run at (2,1) width 103: "Row 1, Cell 3"
        RenderTableSection {TBODY} at (0,40) size 317x63
          RenderTableRow {TR} at (0,0) size 317x21
            RenderTableCell {TD} at (0,10) size 105x21 [r=0 c=0 rs=2 cs=1]
              RenderText {#text} at (1,1) size 103x19
                text run at (1,1) width 103: "Row 2, Cell 1"
            RenderTableCell {TD} at (105,0) size 212x21 [border: none none none (1px solid #808080)] [r=0 c=1 rs=1 cs=2]
              RenderText {#text} at (2,1) size 103x19
                text run at (2,1) width 103: "Row 2, Cell 2"
          RenderTableRow {TR} at (0,21) size 317x21
            RenderTableCell {TD} at (105,21) size 106x21 [border: none none none (1px solid #808080)] [r=1 c=1 rs=1 cs=1]
              RenderText {#text} at (2,1) size 103x19
                text run at (2,1) width 103: "Row 3, Cell 2"
            RenderTableCell {TD} at (211,31) size 106x21 [border: none none none (1px solid #808080)] [r=1 c=2 rs=2 cs=1]
              RenderText {#text} at (2,1) size 103x19
                text run at (2,1) width 103: "Row 3, Cell 3"
          RenderTableRow {TR} at (0,42) size 317x21
            RenderTableCell {TD} at (0,42) size 211x21 [r=2 c=0 rs=1 cs=2]
              RenderText {#text} at (1,1) size 103x19
                text run at (1,1) width 103: "Row 4, Cell 1"
        RenderTableSection {TFOOT} at (0,103) size 317x21
          RenderTableRow {TR} at (0,0) size 317x21
            RenderTableCell {TD} at (0,0) size 105x21 [r=0 c=0 rs=1 cs=1]
              RenderText {#text} at (1,1) size 103x19
                text run at (1,1) width 103: "Row 5, Cell 1"
            RenderTableCell {TD} at (105,0) size 106x21 [border: none none none (1px solid #808080)] [r=0 c=1 rs=1 cs=1]
              RenderText {#text} at (2,1) size 103x19
                text run at (2,1) width 103: "Row 5, Cell 2"
            RenderTableCell {TD} at (211,0) size 106x21 [border: none none none (1px solid #808080)] [r=0 c=2 rs=1 cs=1]
              RenderText {#text} at (2,1) size 103x19
                text run at (2,1) width 103: "Row 5, Cell 3"
      RenderTable {TABLE} at (0,5582) size 317x145 [border: none none (1px solid #808080) none]
        RenderBlock {CAPTION} at (0,0) size 317x38
          RenderInline {A} at (0,0) size 191x38
            RenderText {#text} at (63,0) size 191x38
              text run at (63,0) width 191: "Frame=\x{201C}hsides\x{201D} and"
              text run at (96,19) width 119: "Rules=\x{201C}cols\x{201D}"
          RenderInline (generated) at (0,0) size 6x19
            RenderText at (215,19) size 6x19
              text run at (215,19) width 6: ":"
        RenderTableSection {THEAD} at (0,38) size 317x22
          RenderTableRow {TR} at (0,0) size 317x22
            RenderTableCell {TD} at (0,0) size 105x22 [border: (1px none #808080) none none none] [r=0 c=0 rs=1 cs=1]
              RenderText {#text} at (1,2) size 103x19
                text run at (1,2) width 103: "Row 1, Cell 1"
            RenderTableCell {TD} at (105,0) size 106x22 [border: (1px none #808080) none none (1px solid #808080)] [r=0 c=1 rs=1 cs=1]
              RenderText {#text} at (2,2) size 103x19
                text run at (2,2) width 103: "Row 1, Cell 2"
            RenderTableCell {TD} at (211,0) size 106x22 [border: (1px none #808080) none none (1px solid #808080)] [r=0 c=2 rs=1 cs=1]
              RenderText {#text} at (2,2) size 103x19
                text run at (2,2) width 103: "Row 1, Cell 3"
        RenderTableSection {TBODY} at (0,60) size 317x63
          RenderTableRow {TR} at (0,0) size 317x21
            RenderTableCell {TD} at (0,10) size 105x21 [r=0 c=0 rs=2 cs=1]
              RenderText {#text} at (1,1) size 103x19
                text run at (1,1) width 103: "Row 2, Cell 1"
            RenderTableCell {TD} at (105,0) size 212x21 [border: none none none (1px solid #808080)] [r=0 c=1 rs=1 cs=2]
              RenderText {#text} at (2,1) size 103x19
                text run at (2,1) width 103: "Row 2, Cell 2"
          RenderTableRow {TR} at (0,21) size 317x21
            RenderTableCell {TD} at (105,21) size 106x21 [border: none none none (1px solid #808080)] [r=1 c=1 rs=1 cs=1]
              RenderText {#text} at (2,1) size 103x19
                text run at (2,1) width 103: "Row 3, Cell 2"
            RenderTableCell {TD} at (211,31) size 106x21 [border: none none none (1px solid #808080)] [r=1 c=2 rs=2 cs=1]
              RenderText {#text} at (2,1) size 103x19
                text run at (2,1) width 103: "Row 3, Cell 3"
          RenderTableRow {TR} at (0,42) size 317x21
            RenderTableCell {TD} at (0,42) size 211x21 [r=2 c=0 rs=1 cs=2]
              RenderText {#text} at (1,1) size 103x19
                text run at (1,1) width 103: "Row 4, Cell 1"
        RenderTableSection {TFOOT} at (0,123) size 317x21
          RenderTableRow {TR} at (0,0) size 317x21
            RenderTableCell {TD} at (0,0) size 105x21 [r=0 c=0 rs=1 cs=1]
              RenderText {#text} at (1,1) size 103x19
                text run at (1,1) width 103: "Row 5, Cell 1"
            RenderTableCell {TD} at (105,0) size 106x21 [border: none none none (1px solid #808080)] [r=0 c=1 rs=1 cs=1]
              RenderText {#text} at (2,1) size 103x19
                text run at (2,1) width 103: "Row 5, Cell 2"
            RenderTableCell {TD} at (211,0) size 106x21 [border: none none none (1px solid #808080)] [r=0 c=2 rs=1 cs=1]
              RenderText {#text} at (2,1) size 103x19
                text run at (2,1) width 103: "Row 5, Cell 3"
      RenderTable {TABLE} at (0,5775) size 319x143 [border: none (1px solid #808080) none none]
        RenderBlock {CAPTION} at (0,0) size 319x38
          RenderInline {A} at (0,0) size 189x38
            RenderText {#text} at (65,0) size 189x38
              text run at (65,0) width 189: "Frame=\x{201C}vsides\x{201D} and"
              text run at (97,19) width 119: "Rules=\x{201C}cols\x{201D}"
          RenderInline (generated) at (0,0) size 6x19
            RenderText at (216,19) size 6x19
              text run at (216,19) width 6: ":"
        RenderTableSection {THEAD} at (0,38) size 318x21
          RenderTableRow {TR} at (0,0) size 318x21
            RenderTableCell {TD} at (0,0) size 106x21 [border: none none none (1px solid #808080)] [r=0 c=0 rs=1 cs=1]
              RenderText {#text} at (2,1) size 103x19
                text run at (2,1) width 103: "Row 1, Cell 1"
            RenderTableCell {TD} at (106,0) size 106x21 [border: none none none (1px solid #808080)] [r=0 c=1 rs=1 cs=1]
              RenderText {#text} at (2,1) size 103x19
                text run at (2,1) width 103: "Row 1, Cell 2"
            RenderTableCell {TD} at (212,0) size 106x21 [border: none none none (1px solid #808080)] [r=0 c=2 rs=1 cs=1]
              RenderText {#text} at (2,1) size 103x19
                text run at (2,1) width 103: "Row 1, Cell 3"
        RenderTableSection {TBODY} at (0,59) size 318x63
          RenderTableRow {TR} at (0,0) size 318x21
            RenderTableCell {TD} at (0,10) size 106x21 [border: none none none (1px solid #808080)] [r=0 c=0 rs=2 cs=1]
              RenderText {#text} at (2,1) size 103x19
                text run at (2,1) width 103: "Row 2, Cell 1"
            RenderTableCell {TD} at (106,0) size 212x21 [border: none none none (1px solid #808080)] [r=0 c=1 rs=1 cs=2]
              RenderText {#text} at (2,1) size 103x19
                text run at (2,1) width 103: "Row 2, Cell 2"
          RenderTableRow {TR} at (0,21) size 318x21
            RenderTableCell {TD} at (106,21) size 106x21 [border: none none none (1px solid #808080)] [r=1 c=1 rs=1 cs=1]
              RenderText {#text} at (2,1) size 103x19
                text run at (2,1) width 103: "Row 3, Cell 2"
            RenderTableCell {TD} at (212,31) size 106x21 [border: none none none (1px solid #808080)] [r=1 c=2 rs=2 cs=1]
              RenderText {#text} at (2,1) size 103x19
                text run at (2,1) width 103: "Row 3, Cell 3"
          RenderTableRow {TR} at (0,42) size 318x21
            RenderTableCell {TD} at (0,42) size 212x21 [border: none none none (1px solid #808080)] [r=2 c=0 rs=1 cs=2]
              RenderText {#text} at (2,1) size 103x19
                text run at (2,1) width 103: "Row 4, Cell 1"
        RenderTableSection {TFOOT} at (0,122) size 318x21
          RenderTableRow {TR} at (0,0) size 318x21
            RenderTableCell {TD} at (0,0) size 106x21 [border: none none none (1px solid #808080)] [r=0 c=0 rs=1 cs=1]
              RenderText {#text} at (2,1) size 103x19
                text run at (2,1) width 103: "Row 5, Cell 1"
            RenderTableCell {TD} at (106,0) size 106x21 [border: none none none (1px solid #808080)] [r=0 c=1 rs=1 cs=1]
              RenderText {#text} at (2,1) size 103x19
                text run at (2,1) width 103: "Row 5, Cell 2"
            RenderTableCell {TD} at (212,0) size 106x21 [border: none none none (1px solid #808080)] [r=0 c=2 rs=1 cs=1]
              RenderText {#text} at (2,1) size 103x19
                text run at (2,1) width 103: "Row 5, Cell 3"
      RenderTable {TABLE} at (0,5966) size 318x124
        RenderBlock {CAPTION} at (0,0) size 318x19
          RenderInline {A} at (0,0) size 284x19
            RenderText {#text} at (14,0) size 284x19
              text run at (14,0) width 284: "Frame=\x{201C}lhs\x{201D} and Rules=\x{201C}cols\x{201D}"
          RenderInline (generated) at (0,0) size 7x19
            RenderText at (297,0) size 7x19
              text run at (297,0) width 7: ":"
        RenderTableSection {THEAD} at (0,19) size 318x21
          RenderTableRow {TR} at (0,0) size 318x21
            RenderTableCell {TD} at (0,0) size 106x21 [border: none none none (1px solid #808080)] [r=0 c=0 rs=1 cs=1]
              RenderText {#text} at (2,1) size 103x19
                text run at (2,1) width 103: "Row 1, Cell 1"
            RenderTableCell {TD} at (106,0) size 106x21 [border: none none none (1px solid #808080)] [r=0 c=1 rs=1 cs=1]
              RenderText {#text} at (2,1) size 103x19
                text run at (2,1) width 103: "Row 1, Cell 2"
            RenderTableCell {TD} at (212,0) size 106x21 [border: none none none (1px solid #808080)] [r=0 c=2 rs=1 cs=1]
              RenderText {#text} at (2,1) size 103x19
                text run at (2,1) width 103: "Row 1, Cell 3"
        RenderTableSection {TBODY} at (0,40) size 318x63
          RenderTableRow {TR} at (0,0) size 318x21
            RenderTableCell {TD} at (0,10) size 106x21 [border: none none none (1px solid #808080)] [r=0 c=0 rs=2 cs=1]
              RenderText {#text} at (2,1) size 103x19
                text run at (2,1) width 103: "Row 2, Cell 1"
            RenderTableCell {TD} at (106,0) size 212x21 [border: none none none (1px solid #808080)] [r=0 c=1 rs=1 cs=2]
              RenderText {#text} at (2,1) size 103x19
                text run at (2,1) width 103: "Row 2, Cell 2"
          RenderTableRow {TR} at (0,21) size 318x21
            RenderTableCell {TD} at (106,21) size 106x21 [border: none none none (1px solid #808080)] [r=1 c=1 rs=1 cs=1]
              RenderText {#text} at (2,1) size 103x19
                text run at (2,1) width 103: "Row 3, Cell 2"
            RenderTableCell {TD} at (212,31) size 106x21 [border: none none none (1px solid #808080)] [r=1 c=2 rs=2 cs=1]
              RenderText {#text} at (2,1) size 103x19
                text run at (2,1) width 103: "Row 3, Cell 3"
          RenderTableRow {TR} at (0,42) size 318x21
            RenderTableCell {TD} at (0,42) size 212x21 [border: none none none (1px solid #808080)] [r=2 c=0 rs=1 cs=2]
              RenderText {#text} at (2,1) size 103x19
                text run at (2,1) width 103: "Row 4, Cell 1"
        RenderTableSection {TFOOT} at (0,103) size 318x21
          RenderTableRow {TR} at (0,0) size 318x21
            RenderTableCell {TD} at (0,0) size 106x21 [border: none none none (1px solid #808080)] [r=0 c=0 rs=1 cs=1]
              RenderText {#text} at (2,1) size 103x19
                text run at (2,1) width 103: "Row 5, Cell 1"
            RenderTableCell {TD} at (106,0) size 106x21 [border: none none none (1px solid #808080)] [r=0 c=1 rs=1 cs=1]
              RenderText {#text} at (2,1) size 103x19
                text run at (2,1) width 103: "Row 5, Cell 2"
            RenderTableCell {TD} at (212,0) size 106x21 [border: none none none (1px solid #808080)] [r=0 c=2 rs=1 cs=1]
              RenderText {#text} at (2,1) size 103x19
                text run at (2,1) width 103: "Row 5, Cell 3"
      RenderTable {TABLE} at (0,6138) size 318x124 [border: none (1px solid #808080) none]
        RenderBlock {CAPTION} at (0,0) size 318x19
          RenderInline {A} at (0,0) size 286x19
            RenderText {#text} at (13,0) size 286x19
              text run at (13,0) width 286: "Frame=\x{201C}rhs\x{201D} and Rules=\x{201C}cols\x{201D}"
          RenderInline (generated) at (0,0) size 6x19
            RenderText at (299,0) size 6x19
              text run at (299,0) width 6: ":"
        RenderTableSection {THEAD} at (0,19) size 317x21
          RenderTableRow {TR} at (0,0) size 317x21
            RenderTableCell {TD} at (0,0) size 105x21 [r=0 c=0 rs=1 cs=1]
              RenderText {#text} at (1,1) size 103x19
                text run at (1,1) width 103: "Row 1, Cell 1"
            RenderTableCell {TD} at (105,0) size 106x21 [border: none none none (1px solid #808080)] [r=0 c=1 rs=1 cs=1]
              RenderText {#text} at (2,1) size 103x19
                text run at (2,1) width 103: "Row 1, Cell 2"
            RenderTableCell {TD} at (211,0) size 106x21 [border: none none none (1px solid #808080)] [r=0 c=2 rs=1 cs=1]
              RenderText {#text} at (2,1) size 103x19
                text run at (2,1) width 103: "Row 1, Cell 3"
        RenderTableSection {TBODY} at (0,40) size 317x63
          RenderTableRow {TR} at (0,0) size 317x21
            RenderTableCell {TD} at (0,10) size 105x21 [r=0 c=0 rs=2 cs=1]
              RenderText {#text} at (1,1) size 103x19
                text run at (1,1) width 103: "Row 2, Cell 1"
            RenderTableCell {TD} at (105,0) size 212x21 [border: none none none (1px solid #808080)] [r=0 c=1 rs=1 cs=2]
              RenderText {#text} at (2,1) size 103x19
                text run at (2,1) width 103: "Row 2, Cell 2"
          RenderTableRow {TR} at (0,21) size 317x21
            RenderTableCell {TD} at (105,21) size 106x21 [border: none none none (1px solid #808080)] [r=1 c=1 rs=1 cs=1]
              RenderText {#text} at (2,1) size 103x19
                text run at (2,1) width 103: "Row 3, Cell 2"
            RenderTableCell {TD} at (211,31) size 106x21 [border: none none none (1px solid #808080)] [r=1 c=2 rs=2 cs=1]
              RenderText {#text} at (2,1) size 103x19
                text run at (2,1) width 103: "Row 3, Cell 3"
          RenderTableRow {TR} at (0,42) size 317x21
            RenderTableCell {TD} at (0,42) size 211x21 [r=2 c=0 rs=1 cs=2]
              RenderText {#text} at (1,1) size 103x19
                text run at (1,1) width 103: "Row 4, Cell 1"
        RenderTableSection {TFOOT} at (0,103) size 317x21
          RenderTableRow {TR} at (0,0) size 317x21
            RenderTableCell {TD} at (0,0) size 105x21 [r=0 c=0 rs=1 cs=1]
              RenderText {#text} at (1,1) size 103x19
                text run at (1,1) width 103: "Row 5, Cell 1"
            RenderTableCell {TD} at (105,0) size 106x21 [border: none none none (1px solid #808080)] [r=0 c=1 rs=1 cs=1]
              RenderText {#text} at (2,1) size 103x19
                text run at (2,1) width 103: "Row 5, Cell 2"
            RenderTableCell {TD} at (211,0) size 106x21 [border: none none none (1px solid #808080)] [r=0 c=2 rs=1 cs=1]
              RenderText {#text} at (2,1) size 103x19
                text run at (2,1) width 103: "Row 5, Cell 3"
      RenderTable {TABLE} at (0,6310) size 319x126 [border: none]
        RenderBlock {CAPTION} at (0,0) size 319x19
          RenderInline {A} at (0,0) size 289x19
            RenderText {#text} at (12,0) size 289x19
              text run at (12,0) width 289: "Frame=\x{201C}box\x{201D} and Rules=\x{201C}cols\x{201D}"
          RenderInline (generated) at (0,0) size 6x19
            RenderText at (301,0) size 6x19
              text run at (301,0) width 6: ":"
        RenderTableSection {THEAD} at (0,19) size 318x22
          RenderTableRow {TR} at (0,0) size 318x22
            RenderTableCell {TD} at (0,0) size 106x22 [border: (1px none #808080) none none (1px solid #808080)] [r=0 c=0 rs=1 cs=1]
              RenderText {#text} at (2,2) size 103x19
                text run at (2,2) width 103: "Row 1, Cell 1"
            RenderTableCell {TD} at (106,0) size 106x22 [border: (1px none #808080) none none (1px solid #808080)] [r=0 c=1 rs=1 cs=1]
              RenderText {#text} at (2,2) size 103x19
                text run at (2,2) width 103: "Row 1, Cell 2"
            RenderTableCell {TD} at (212,0) size 106x22 [border: (1px none #808080) none none (1px solid #808080)] [r=0 c=2 rs=1 cs=1]
              RenderText {#text} at (2,2) size 103x19
                text run at (2,2) width 103: "Row 1, Cell 3"
        RenderTableSection {TBODY} at (0,41) size 318x63
          RenderTableRow {TR} at (0,0) size 318x21
            RenderTableCell {TD} at (0,10) size 106x21 [border: none none none (1px solid #808080)] [r=0 c=0 rs=2 cs=1]
              RenderText {#text} at (2,1) size 103x19
                text run at (2,1) width 103: "Row 2, Cell 1"
            RenderTableCell {TD} at (106,0) size 212x21 [border: none none none (1px solid #808080)] [r=0 c=1 rs=1 cs=2]
              RenderText {#text} at (2,1) size 103x19
                text run at (2,1) width 103: "Row 2, Cell 2"
          RenderTableRow {TR} at (0,21) size 318x21
            RenderTableCell {TD} at (106,21) size 106x21 [border: none none none (1px solid #808080)] [r=1 c=1 rs=1 cs=1]
              RenderText {#text} at (2,1) size 103x19
                text run at (2,1) width 103: "Row 3, Cell 2"
            RenderTableCell {TD} at (212,31) size 106x21 [border: none none none (1px solid #808080)] [r=1 c=2 rs=2 cs=1]
              RenderText {#text} at (2,1) size 103x19
                text run at (2,1) width 103: "Row 3, Cell 3"
          RenderTableRow {TR} at (0,42) size 318x21
            RenderTableCell {TD} at (0,42) size 212x21 [border: none none none (1px solid #808080)] [r=2 c=0 rs=1 cs=2]
              RenderText {#text} at (2,1) size 103x19
                text run at (2,1) width 103: "Row 4, Cell 1"
        RenderTableSection {TFOOT} at (0,104) size 318x21
          RenderTableRow {TR} at (0,0) size 318x21
            RenderTableCell {TD} at (0,0) size 106x21 [border: none none none (1px solid #808080)] [r=0 c=0 rs=1 cs=1]
              RenderText {#text} at (2,1) size 103x19
                text run at (2,1) width 103: "Row 5, Cell 1"
            RenderTableCell {TD} at (106,0) size 106x21 [border: none none none (1px solid #808080)] [r=0 c=1 rs=1 cs=1]
              RenderText {#text} at (2,1) size 103x19
                text run at (2,1) width 103: "Row 5, Cell 2"
            RenderTableCell {TD} at (212,0) size 106x21 [border: none none none (1px solid #808080)] [r=0 c=2 rs=1 cs=1]
              RenderText {#text} at (2,1) size 103x19
                text run at (2,1) width 103: "Row 5, Cell 3"
      RenderTable {TABLE} at (0,6484) size 319x145 [border: none]
        RenderBlock {CAPTION} at (0,0) size 319x38
          RenderInline {A} at (0,0) size 193x38
            RenderText {#text} at (63,0) size 193x38
              text run at (63,0) width 193: "Frame=\x{201C}border\x{201D} and"
              text run at (97,19) width 119: "Rules=\x{201C}cols\x{201D}"
          RenderInline (generated) at (0,0) size 6x19
            RenderText at (216,19) size 6x19
              text run at (216,19) width 6: ":"
        RenderTableSection {THEAD} at (0,38) size 318x22
          RenderTableRow {TR} at (0,0) size 318x22
            RenderTableCell {TD} at (0,0) size 106x22 [border: (1px none #808080) none none (1px solid #808080)] [r=0 c=0 rs=1 cs=1]
              RenderText {#text} at (2,2) size 103x19
                text run at (2,2) width 103: "Row 1, Cell 1"
            RenderTableCell {TD} at (106,0) size 106x22 [border: (1px none #808080) none none (1px solid #808080)] [r=0 c=1 rs=1 cs=1]
              RenderText {#text} at (2,2) size 103x19
                text run at (2,2) width 103: "Row 1, Cell 2"
            RenderTableCell {TD} at (212,0) size 106x22 [border: (1px none #808080) none none (1px solid #808080)] [r=0 c=2 rs=1 cs=1]
              RenderText {#text} at (2,2) size 103x19
                text run at (2,2) width 103: "Row 1, Cell 3"
        RenderTableSection {TBODY} at (0,60) size 318x63
          RenderTableRow {TR} at (0,0) size 318x21
            RenderTableCell {TD} at (0,10) size 106x21 [border: none none none (1px solid #808080)] [r=0 c=0 rs=2 cs=1]
              RenderText {#text} at (2,1) size 103x19
                text run at (2,1) width 103: "Row 2, Cell 1"
            RenderTableCell {TD} at (106,0) size 212x21 [border: none none none (1px solid #808080)] [r=0 c=1 rs=1 cs=2]
              RenderText {#text} at (2,1) size 103x19
                text run at (2,1) width 103: "Row 2, Cell 2"
          RenderTableRow {TR} at (0,21) size 318x21
            RenderTableCell {TD} at (106,21) size 106x21 [border: none none none (1px solid #808080)] [r=1 c=1 rs=1 cs=1]
              RenderText {#text} at (2,1) size 103x19
                text run at (2,1) width 103: "Row 3, Cell 2"
            RenderTableCell {TD} at (212,31) size 106x21 [border: none none none (1px solid #808080)] [r=1 c=2 rs=2 cs=1]
              RenderText {#text} at (2,1) size 103x19
                text run at (2,1) width 103: "Row 3, Cell 3"
          RenderTableRow {TR} at (0,42) size 318x21
            RenderTableCell {TD} at (0,42) size 212x21 [border: none none none (1px solid #808080)] [r=2 c=0 rs=1 cs=2]
              RenderText {#text} at (2,1) size 103x19
                text run at (2,1) width 103: "Row 4, Cell 1"
        RenderTableSection {TFOOT} at (0,123) size 318x21
          RenderTableRow {TR} at (0,0) size 318x21
            RenderTableCell {TD} at (0,0) size 106x21 [border: none none none (1px solid #808080)] [r=0 c=0 rs=1 cs=1]
              RenderText {#text} at (2,1) size 103x19
                text run at (2,1) width 103: "Row 5, Cell 1"
            RenderTableCell {TD} at (106,0) size 106x21 [border: none none none (1px solid #808080)] [r=0 c=1 rs=1 cs=1]
              RenderText {#text} at (2,1) size 103x19
                text run at (2,1) width 103: "Row 5, Cell 2"
            RenderTableCell {TD} at (212,0) size 106x21 [border: none none none (1px solid #808080)] [r=0 c=2 rs=1 cs=1]
              RenderText {#text} at (2,1) size 103x19
                text run at (2,1) width 103: "Row 5, Cell 3"
      RenderTable {TABLE} at (0,6677) size 317x128
        RenderBlock {CAPTION} at (0,0) size 317x19
          RenderInline {A} at (0,0) size 281x19
            RenderText {#text} at (15,0) size 281x19
              text run at (15,0) width 281: "Frame=\x{201C}void\x{201D} and Rules=\x{201C}all\x{201D}"
          RenderInline (generated) at (0,0) size 7x19
            RenderText at (295,0) size 7x19
              text run at (295,0) width 7: ":"
        RenderTableSection {THEAD} at (0,19) size 317x21
          RenderTableRow {TR} at (0,0) size 317x21
            RenderTableCell {TD} at (0,0) size 105x21 [r=0 c=0 rs=1 cs=1]
              RenderText {#text} at (1,1) size 103x19
                text run at (1,1) width 103: "Row 1, Cell 1"
            RenderTableCell {TD} at (105,0) size 106x21 [border: none] [r=0 c=1 rs=1 cs=1]
              RenderText {#text} at (2,1) size 103x19
                text run at (2,1) width 103: "Row 1, Cell 2"
            RenderTableCell {TD} at (211,0) size 106x21 [border: none] [r=0 c=2 rs=1 cs=1]
              RenderText {#text} at (2,1) size 103x19
                text run at (2,1) width 103: "Row 1, Cell 3"
        RenderTableSection {TBODY} at (0,40) size 317x66
          RenderTableRow {TR} at (0,0) size 317x22
            RenderTableCell {TD} at (0,11) size 105x22 [border: (1px solid #808080)] [r=0 c=0 rs=2 cs=1]
              RenderText {#text} at (1,2) size 103x19
                text run at (1,2) width 103: "Row 2, Cell 1"
            RenderTableCell {TD} at (105,0) size 212x22 [border: (1px solid #808080)] [r=0 c=1 rs=1 cs=2]
              RenderText {#text} at (2,2) size 103x19
                text run at (2,2) width 103: "Row 2, Cell 2"
          RenderTableRow {TR} at (0,22) size 317x22
            RenderTableCell {TD} at (105,22) size 106x22 [border: (1px solid #808080)] [r=1 c=1 rs=1 cs=1]
              RenderText {#text} at (2,2) size 103x19
                text run at (2,2) width 103: "Row 3, Cell 2"
            RenderTableCell {TD} at (211,33) size 106x22 [border: (1px solid #808080)] [r=1 c=2 rs=2 cs=1]
              RenderText {#text} at (2,2) size 103x19
                text run at (2,2) width 103: "Row 3, Cell 3"
          RenderTableRow {TR} at (0,44) size 317x22
            RenderTableCell {TD} at (0,44) size 211x22 [border: (1px solid #808080)] [r=2 c=0 rs=1 cs=2]
              RenderText {#text} at (1,2) size 103x19
                text run at (1,2) width 103: "Row 4, Cell 1"
        RenderTableSection {TFOOT} at (0,106) size 317x22
          RenderTableRow {TR} at (0,0) size 317x22
            RenderTableCell {TD} at (0,0) size 105x22 [border: (1px solid #808080)] [r=0 c=0 rs=1 cs=1]
              RenderText {#text} at (1,2) size 103x19
                text run at (1,2) width 103: "Row 5, Cell 1"
            RenderTableCell {TD} at (105,0) size 106x22 [border: (1px solid #808080)] [r=0 c=1 rs=1 cs=1]
              RenderText {#text} at (2,2) size 103x19
                text run at (2,2) width 103: "Row 5, Cell 2"
            RenderTableCell {TD} at (211,0) size 106x22 [border: (1px solid #808080)] [r=0 c=2 rs=1 cs=1]
              RenderText {#text} at (2,2) size 103x19
                text run at (2,2) width 103: "Row 5, Cell 3"
      RenderTable {TABLE} at (0,6853) size 317x129
        RenderBlock {CAPTION} at (0,0) size 317x19
          RenderInline {A} at (0,0) size 297x19
            RenderText {#text} at (7,0) size 297x19
              text run at (7,0) width 297: "Frame=\x{201C}above\x{201D} and Rules=\x{201C}all\x{201D}"
          RenderInline (generated) at (0,0) size 6x19
            RenderText at (304,0) size 6x19
              text run at (304,0) width 6: ":"
        RenderTableSection {THEAD} at (0,19) size 317x22
          RenderTableRow {TR} at (0,0) size 317x22
            RenderTableCell {TD} at (0,0) size 105x22 [border: (1px solid #808080)] [r=0 c=0 rs=1 cs=1]
              RenderText {#text} at (1,2) size 103x19
                text run at (1,2) width 103: "Row 1, Cell 1"
            RenderTableCell {TD} at (105,0) size 106x22 [border: (1px solid #808080)] [r=0 c=1 rs=1 cs=1]
              RenderText {#text} at (2,2) size 103x19
                text run at (2,2) width 103: "Row 1, Cell 2"
            RenderTableCell {TD} at (211,0) size 106x22 [border: (1px solid #808080)] [r=0 c=2 rs=1 cs=1]
              RenderText {#text} at (2,2) size 103x19
                text run at (2,2) width 103: "Row 1, Cell 3"
        RenderTableSection {TBODY} at (0,41) size 317x66
          RenderTableRow {TR} at (0,0) size 317x22
            RenderTableCell {TD} at (0,11) size 105x22 [border: (1px solid #808080)] [r=0 c=0 rs=2 cs=1]
              RenderText {#text} at (1,2) size 103x19
                text run at (1,2) width 103: "Row 2, Cell 1"
            RenderTableCell {TD} at (105,0) size 212x22 [border: (1px solid #808080)] [r=0 c=1 rs=1 cs=2]
              RenderText {#text} at (2,2) size 103x19
                text run at (2,2) width 103: "Row 2, Cell 2"
          RenderTableRow {TR} at (0,22) size 317x22
            RenderTableCell {TD} at (105,22) size 106x22 [border: (1px solid #808080)] [r=1 c=1 rs=1 cs=1]
              RenderText {#text} at (2,2) size 103x19
                text run at (2,2) width 103: "Row 3, Cell 2"
            RenderTableCell {TD} at (211,33) size 106x22 [border: (1px solid #808080)] [r=1 c=2 rs=2 cs=1]
              RenderText {#text} at (2,2) size 103x19
                text run at (2,2) width 103: "Row 3, Cell 3"
          RenderTableRow {TR} at (0,44) size 317x22
            RenderTableCell {TD} at (0,44) size 211x22 [border: (1px solid #808080)] [r=2 c=0 rs=1 cs=2]
              RenderText {#text} at (1,2) size 103x19
                text run at (1,2) width 103: "Row 4, Cell 1"
        RenderTableSection {TFOOT} at (0,107) size 317x22
          RenderTableRow {TR} at (0,0) size 317x22
            RenderTableCell {TD} at (0,0) size 105x22 [border: (1px solid #808080)] [r=0 c=0 rs=1 cs=1]
              RenderText {#text} at (1,2) size 103x19
                text run at (1,2) width 103: "Row 5, Cell 1"
            RenderTableCell {TD} at (105,0) size 106x22 [border: (1px solid #808080)] [r=0 c=1 rs=1 cs=1]
              RenderText {#text} at (2,2) size 103x19
                text run at (2,2) width 103: "Row 5, Cell 2"
            RenderTableCell {TD} at (211,0) size 106x22 [border: (1px solid #808080)] [r=0 c=2 rs=1 cs=1]
              RenderText {#text} at (2,2) size 103x19
                text run at (2,2) width 103: "Row 5, Cell 3"
      RenderTable {TABLE} at (0,7030) size 317x129 [border: none (1px solid #808080) none]
        RenderBlock {CAPTION} at (0,0) size 317x19
          RenderInline {A} at (0,0) size 297x19
            RenderText {#text} at (7,0) size 297x19
              text run at (7,0) width 297: "Frame=\x{201C}below\x{201D} and Rules=\x{201C}all\x{201D}"
          RenderInline (generated) at (0,0) size 7x19
            RenderText at (303,0) size 7x19
              text run at (303,0) width 7: ":"
        RenderTableSection {THEAD} at (0,19) size 317x21
          RenderTableRow {TR} at (0,0) size 317x21
            RenderTableCell {TD} at (0,0) size 105x21 [r=0 c=0 rs=1 cs=1]
              RenderText {#text} at (1,1) size 103x19
                text run at (1,1) width 103: "Row 1, Cell 1"
            RenderTableCell {TD} at (105,0) size 106x21 [border: none] [r=0 c=1 rs=1 cs=1]
              RenderText {#text} at (2,1) size 103x19
                text run at (2,1) width 103: "Row 1, Cell 2"
            RenderTableCell {TD} at (211,0) size 106x21 [border: none] [r=0 c=2 rs=1 cs=1]
              RenderText {#text} at (2,1) size 103x19
                text run at (2,1) width 103: "Row 1, Cell 3"
        RenderTableSection {TBODY} at (0,40) size 317x66
          RenderTableRow {TR} at (0,0) size 317x22
            RenderTableCell {TD} at (0,11) size 105x22 [border: (1px solid #808080)] [r=0 c=0 rs=2 cs=1]
              RenderText {#text} at (1,2) size 103x19
                text run at (1,2) width 103: "Row 2, Cell 1"
            RenderTableCell {TD} at (105,0) size 212x22 [border: (1px solid #808080)] [r=0 c=1 rs=1 cs=2]
              RenderText {#text} at (2,2) size 103x19
                text run at (2,2) width 103: "Row 2, Cell 2"
          RenderTableRow {TR} at (0,22) size 317x22
            RenderTableCell {TD} at (105,22) size 106x22 [border: (1px solid #808080)] [r=1 c=1 rs=1 cs=1]
              RenderText {#text} at (2,2) size 103x19
                text run at (2,2) width 103: "Row 3, Cell 2"
            RenderTableCell {TD} at (211,33) size 106x22 [border: (1px solid #808080)] [r=1 c=2 rs=2 cs=1]
              RenderText {#text} at (2,2) size 103x19
                text run at (2,2) width 103: "Row 3, Cell 3"
          RenderTableRow {TR} at (0,44) size 317x22
            RenderTableCell {TD} at (0,44) size 211x22 [border: (1px solid #808080)] [r=2 c=0 rs=1 cs=2]
              RenderText {#text} at (1,2) size 103x19
                text run at (1,2) width 103: "Row 4, Cell 1"
        RenderTableSection {TFOOT} at (0,106) size 317x22
          RenderTableRow {TR} at (0,0) size 317x22
            RenderTableCell {TD} at (0,0) size 105x22 [border: (1px solid #808080)] [r=0 c=0 rs=1 cs=1]
              RenderText {#text} at (1,2) size 103x19
                text run at (1,2) width 103: "Row 5, Cell 1"
            RenderTableCell {TD} at (105,0) size 106x22 [border: (1px solid #808080)] [r=0 c=1 rs=1 cs=1]
              RenderText {#text} at (2,2) size 103x19
                text run at (2,2) width 103: "Row 5, Cell 2"
            RenderTableCell {TD} at (211,0) size 106x22 [border: (1px solid #808080)] [r=0 c=2 rs=1 cs=1]
              RenderText {#text} at (2,2) size 103x19
                text run at (2,2) width 103: "Row 5, Cell 3"
      RenderTable {TABLE} at (0,7207) size 317x130 [border: none none (1px solid #808080) none]
        RenderBlock {CAPTION} at (0,0) size 317x19
          RenderInline {A} at (0,0) size 301x19
            RenderText {#text} at (5,0) size 301x19
              text run at (5,0) width 301: "Frame=\x{201C}hsides\x{201D} and Rules=\x{201C}all\x{201D}"
          RenderInline (generated) at (0,0) size 6x19
            RenderText at (306,0) size 6x19
              text run at (306,0) width 6: ":"
        RenderTableSection {THEAD} at (0,19) size 317x22
          RenderTableRow {TR} at (0,0) size 317x22
            RenderTableCell {TD} at (0,0) size 105x22 [border: (1px solid #808080)] [r=0 c=0 rs=1 cs=1]
              RenderText {#text} at (1,2) size 103x19
                text run at (1,2) width 103: "Row 1, Cell 1"
            RenderTableCell {TD} at (105,0) size 106x22 [border: (1px solid #808080)] [r=0 c=1 rs=1 cs=1]
              RenderText {#text} at (2,2) size 103x19
                text run at (2,2) width 103: "Row 1, Cell 2"
            RenderTableCell {TD} at (211,0) size 106x22 [border: (1px solid #808080)] [r=0 c=2 rs=1 cs=1]
              RenderText {#text} at (2,2) size 103x19
                text run at (2,2) width 103: "Row 1, Cell 3"
        RenderTableSection {TBODY} at (0,41) size 317x66
          RenderTableRow {TR} at (0,0) size 317x22
            RenderTableCell {TD} at (0,11) size 105x22 [border: (1px solid #808080)] [r=0 c=0 rs=2 cs=1]
              RenderText {#text} at (1,2) size 103x19
                text run at (1,2) width 103: "Row 2, Cell 1"
            RenderTableCell {TD} at (105,0) size 212x22 [border: (1px solid #808080)] [r=0 c=1 rs=1 cs=2]
              RenderText {#text} at (2,2) size 103x19
                text run at (2,2) width 103: "Row 2, Cell 2"
          RenderTableRow {TR} at (0,22) size 317x22
            RenderTableCell {TD} at (105,22) size 106x22 [border: (1px solid #808080)] [r=1 c=1 rs=1 cs=1]
              RenderText {#text} at (2,2) size 103x19
                text run at (2,2) width 103: "Row 3, Cell 2"
            RenderTableCell {TD} at (211,33) size 106x22 [border: (1px solid #808080)] [r=1 c=2 rs=2 cs=1]
              RenderText {#text} at (2,2) size 103x19
                text run at (2,2) width 103: "Row 3, Cell 3"
          RenderTableRow {TR} at (0,44) size 317x22
            RenderTableCell {TD} at (0,44) size 211x22 [border: (1px solid #808080)] [r=2 c=0 rs=1 cs=2]
              RenderText {#text} at (1,2) size 103x19
                text run at (1,2) width 103: "Row 4, Cell 1"
        RenderTableSection {TFOOT} at (0,107) size 317x22
          RenderTableRow {TR} at (0,0) size 317x22
            RenderTableCell {TD} at (0,0) size 105x22 [border: (1px solid #808080)] [r=0 c=0 rs=1 cs=1]
              RenderText {#text} at (1,2) size 103x19
                text run at (1,2) width 103: "Row 5, Cell 1"
            RenderTableCell {TD} at (105,0) size 106x22 [border: (1px solid #808080)] [r=0 c=1 rs=1 cs=1]
              RenderText {#text} at (2,2) size 103x19
                text run at (2,2) width 103: "Row 5, Cell 2"
            RenderTableCell {TD} at (211,0) size 106x22 [border: (1px solid #808080)] [r=0 c=2 rs=1 cs=1]
              RenderText {#text} at (2,2) size 103x19
                text run at (2,2) width 103: "Row 5, Cell 3"
      RenderTable {TABLE} at (0,7385) size 319x128 [border: none (1px solid #808080) none none]
        RenderBlock {CAPTION} at (0,0) size 319x19
          RenderInline {A} at (0,0) size 301x19
            RenderText {#text} at (6,0) size 301x19
              text run at (6,0) width 301: "Frame=\x{201C}vsides\x{201D} and Rules=\x{201C}all\x{201D}"
          RenderInline (generated) at (0,0) size 7x19
            RenderText at (306,0) size 7x19
              text run at (306,0) width 7: ":"
        RenderTableSection {THEAD} at (0,19) size 318x21
          RenderTableRow {TR} at (0,0) size 318x21
            RenderTableCell {TD} at (0,0) size 106x21 [border: none] [r=0 c=0 rs=1 cs=1]
              RenderText {#text} at (2,1) size 103x19
                text run at (2,1) width 103: "Row 1, Cell 1"
            RenderTableCell {TD} at (106,0) size 106x21 [border: none] [r=0 c=1 rs=1 cs=1]
              RenderText {#text} at (2,1) size 103x19
                text run at (2,1) width 103: "Row 1, Cell 2"
            RenderTableCell {TD} at (212,0) size 106x21 [border: none] [r=0 c=2 rs=1 cs=1]
              RenderText {#text} at (2,1) size 103x19
                text run at (2,1) width 103: "Row 1, Cell 3"
        RenderTableSection {TBODY} at (0,40) size 318x66
          RenderTableRow {TR} at (0,0) size 318x22
            RenderTableCell {TD} at (0,11) size 106x22 [border: (1px solid #808080)] [r=0 c=0 rs=2 cs=1]
              RenderText {#text} at (2,2) size 103x19
                text run at (2,2) width 103: "Row 2, Cell 1"
            RenderTableCell {TD} at (106,0) size 212x22 [border: (1px solid #808080)] [r=0 c=1 rs=1 cs=2]
              RenderText {#text} at (2,2) size 103x19
                text run at (2,2) width 103: "Row 2, Cell 2"
          RenderTableRow {TR} at (0,22) size 318x22
            RenderTableCell {TD} at (106,22) size 106x22 [border: (1px solid #808080)] [r=1 c=1 rs=1 cs=1]
              RenderText {#text} at (2,2) size 103x19
                text run at (2,2) width 103: "Row 3, Cell 2"
            RenderTableCell {TD} at (212,33) size 106x22 [border: (1px solid #808080)] [r=1 c=2 rs=2 cs=1]
              RenderText {#text} at (2,2) size 103x19
                text run at (2,2) width 103: "Row 3, Cell 3"
          RenderTableRow {TR} at (0,44) size 318x22
            RenderTableCell {TD} at (0,44) size 212x22 [border: (1px solid #808080)] [r=2 c=0 rs=1 cs=2]
              RenderText {#text} at (2,2) size 103x19
                text run at (2,2) width 103: "Row 4, Cell 1"
        RenderTableSection {TFOOT} at (0,106) size 318x22
          RenderTableRow {TR} at (0,0) size 318x22
            RenderTableCell {TD} at (0,0) size 106x22 [border: (1px solid #808080)] [r=0 c=0 rs=1 cs=1]
              RenderText {#text} at (2,2) size 103x19
                text run at (2,2) width 103: "Row 5, Cell 1"
            RenderTableCell {TD} at (106,0) size 106x22 [border: (1px solid #808080)] [r=0 c=1 rs=1 cs=1]
              RenderText {#text} at (2,2) size 103x19
                text run at (2,2) width 103: "Row 5, Cell 2"
            RenderTableCell {TD} at (212,0) size 106x22 [border: (1px solid #808080)] [r=0 c=2 rs=1 cs=1]
              RenderText {#text} at (2,2) size 103x19
                text run at (2,2) width 103: "Row 5, Cell 3"
      RenderTable {TABLE} at (0,7561) size 318x128
        RenderBlock {CAPTION} at (0,0) size 318x19
          RenderInline {A} at (0,0) size 270x19
            RenderText {#text} at (21,0) size 270x19
              text run at (21,0) width 270: "Frame=\x{201C}lhs\x{201D} and Rules=\x{201C}all\x{201D}"
          RenderInline (generated) at (0,0) size 7x19
            RenderText at (290,0) size 7x19
              text run at (290,0) width 7: ":"
        RenderTableSection {THEAD} at (0,19) size 318x21
          RenderTableRow {TR} at (0,0) size 318x21
            RenderTableCell {TD} at (0,0) size 106x21 [border: none] [r=0 c=0 rs=1 cs=1]
              RenderText {#text} at (2,1) size 103x19
                text run at (2,1) width 103: "Row 1, Cell 1"
            RenderTableCell {TD} at (106,0) size 106x21 [border: none] [r=0 c=1 rs=1 cs=1]
              RenderText {#text} at (2,1) size 103x19
                text run at (2,1) width 103: "Row 1, Cell 2"
            RenderTableCell {TD} at (212,0) size 106x21 [border: none] [r=0 c=2 rs=1 cs=1]
              RenderText {#text} at (2,1) size 103x19
                text run at (2,1) width 103: "Row 1, Cell 3"
        RenderTableSection {TBODY} at (0,40) size 318x66
          RenderTableRow {TR} at (0,0) size 318x22
            RenderTableCell {TD} at (0,11) size 106x22 [border: (1px solid #808080)] [r=0 c=0 rs=2 cs=1]
              RenderText {#text} at (2,2) size 103x19
                text run at (2,2) width 103: "Row 2, Cell 1"
            RenderTableCell {TD} at (106,0) size 212x22 [border: (1px solid #808080)] [r=0 c=1 rs=1 cs=2]
              RenderText {#text} at (2,2) size 103x19
                text run at (2,2) width 103: "Row 2, Cell 2"
          RenderTableRow {TR} at (0,22) size 318x22
            RenderTableCell {TD} at (106,22) size 106x22 [border: (1px solid #808080)] [r=1 c=1 rs=1 cs=1]
              RenderText {#text} at (2,2) size 103x19
                text run at (2,2) width 103: "Row 3, Cell 2"
            RenderTableCell {TD} at (212,33) size 106x22 [border: (1px solid #808080)] [r=1 c=2 rs=2 cs=1]
              RenderText {#text} at (2,2) size 103x19
                text run at (2,2) width 103: "Row 3, Cell 3"
          RenderTableRow {TR} at (0,44) size 318x22
            RenderTableCell {TD} at (0,44) size 212x22 [border: (1px solid #808080)] [r=2 c=0 rs=1 cs=2]
              RenderText {#text} at (2,2) size 103x19
                text run at (2,2) width 103: "Row 4, Cell 1"
        RenderTableSection {TFOOT} at (0,106) size 318x22
          RenderTableRow {TR} at (0,0) size 318x22
            RenderTableCell {TD} at (0,0) size 106x22 [border: (1px solid #808080)] [r=0 c=0 rs=1 cs=1]
              RenderText {#text} at (2,2) size 103x19
                text run at (2,2) width 103: "Row 5, Cell 1"
            RenderTableCell {TD} at (106,0) size 106x22 [border: (1px solid #808080)] [r=0 c=1 rs=1 cs=1]
              RenderText {#text} at (2,2) size 103x19
                text run at (2,2) width 103: "Row 5, Cell 2"
            RenderTableCell {TD} at (212,0) size 106x22 [border: (1px solid #808080)] [r=0 c=2 rs=1 cs=1]
              RenderText {#text} at (2,2) size 103x19
                text run at (2,2) width 103: "Row 5, Cell 3"
      RenderTable {TABLE} at (0,7737) size 318x128 [border: none (1px solid #808080) none]
        RenderBlock {CAPTION} at (0,0) size 318x19
          RenderInline {A} at (0,0) size 272x19
            RenderText {#text} at (20,0) size 272x19
              text run at (20,0) width 272: "Frame=\x{201C}rhs\x{201D} and Rules=\x{201C}all\x{201D}"
          RenderInline (generated) at (0,0) size 6x19
            RenderText at (292,0) size 6x19
              text run at (292,0) width 6: ":"
        RenderTableSection {THEAD} at (0,19) size 317x21
          RenderTableRow {TR} at (0,0) size 317x21
            RenderTableCell {TD} at (0,0) size 105x21 [r=0 c=0 rs=1 cs=1]
              RenderText {#text} at (1,1) size 103x19
                text run at (1,1) width 103: "Row 1, Cell 1"
            RenderTableCell {TD} at (105,0) size 106x21 [border: none] [r=0 c=1 rs=1 cs=1]
              RenderText {#text} at (2,1) size 103x19
                text run at (2,1) width 103: "Row 1, Cell 2"
            RenderTableCell {TD} at (211,0) size 106x21 [border: none] [r=0 c=2 rs=1 cs=1]
              RenderText {#text} at (2,1) size 103x19
                text run at (2,1) width 103: "Row 1, Cell 3"
        RenderTableSection {TBODY} at (0,40) size 317x66
          RenderTableRow {TR} at (0,0) size 317x22
            RenderTableCell {TD} at (0,11) size 105x22 [border: (1px solid #808080)] [r=0 c=0 rs=2 cs=1]
              RenderText {#text} at (1,2) size 103x19
                text run at (1,2) width 103: "Row 2, Cell 1"
            RenderTableCell {TD} at (105,0) size 212x22 [border: (1px solid #808080)] [r=0 c=1 rs=1 cs=2]
              RenderText {#text} at (2,2) size 103x19
                text run at (2,2) width 103: "Row 2, Cell 2"
          RenderTableRow {TR} at (0,22) size 317x22
            RenderTableCell {TD} at (105,22) size 106x22 [border: (1px solid #808080)] [r=1 c=1 rs=1 cs=1]
              RenderText {#text} at (2,2) size 103x19
                text run at (2,2) width 103: "Row 3, Cell 2"
            RenderTableCell {TD} at (211,33) size 106x22 [border: (1px solid #808080)] [r=1 c=2 rs=2 cs=1]
              RenderText {#text} at (2,2) size 103x19
                text run at (2,2) width 103: "Row 3, Cell 3"
          RenderTableRow {TR} at (0,44) size 317x22
            RenderTableCell {TD} at (0,44) size 211x22 [border: (1px solid #808080)] [r=2 c=0 rs=1 cs=2]
              RenderText {#text} at (1,2) size 103x19
                text run at (1,2) width 103: "Row 4, Cell 1"
        RenderTableSection {TFOOT} at (0,106) size 317x22
          RenderTableRow {TR} at (0,0) size 317x22
            RenderTableCell {TD} at (0,0) size 105x22 [border: (1px solid #808080)] [r=0 c=0 rs=1 cs=1]
              RenderText {#text} at (1,2) size 103x19
                text run at (1,2) width 103: "Row 5, Cell 1"
            RenderTableCell {TD} at (105,0) size 106x22 [border: (1px solid #808080)] [r=0 c=1 rs=1 cs=1]
              RenderText {#text} at (2,2) size 103x19
                text run at (2,2) width 103: "Row 5, Cell 2"
            RenderTableCell {TD} at (211,0) size 106x22 [border: (1px solid #808080)] [r=0 c=2 rs=1 cs=1]
              RenderText {#text} at (2,2) size 103x19
                text run at (2,2) width 103: "Row 5, Cell 3"
      RenderTable {TABLE} at (0,7913) size 319x130 [border: none]
        RenderBlock {CAPTION} at (0,0) size 319x19
          RenderInline {A} at (0,0) size 275x19
            RenderText {#text} at (19,0) size 275x19
              text run at (19,0) width 275: "Frame=\x{201C}box\x{201D} and Rules=\x{201C}all\x{201D}"
          RenderInline (generated) at (0,0) size 6x19
            RenderText at (294,0) size 6x19
              text run at (294,0) width 6: ":"
        RenderTableSection {THEAD} at (0,19) size 318x22
          RenderTableRow {TR} at (0,0) size 318x22
            RenderTableCell {TD} at (0,0) size 106x22 [border: (1px solid #808080)] [r=0 c=0 rs=1 cs=1]
              RenderText {#text} at (2,2) size 103x19
                text run at (2,2) width 103: "Row 1, Cell 1"
            RenderTableCell {TD} at (106,0) size 106x22 [border: (1px solid #808080)] [r=0 c=1 rs=1 cs=1]
              RenderText {#text} at (2,2) size 103x19
                text run at (2,2) width 103: "Row 1, Cell 2"
            RenderTableCell {TD} at (212,0) size 106x22 [border: (1px solid #808080)] [r=0 c=2 rs=1 cs=1]
              RenderText {#text} at (2,2) size 103x19
                text run at (2,2) width 103: "Row 1, Cell 3"
        RenderTableSection {TBODY} at (0,41) size 318x66
          RenderTableRow {TR} at (0,0) size 318x22
            RenderTableCell {TD} at (0,11) size 106x22 [border: (1px solid #808080)] [r=0 c=0 rs=2 cs=1]
              RenderText {#text} at (2,2) size 103x19
                text run at (2,2) width 103: "Row 2, Cell 1"
            RenderTableCell {TD} at (106,0) size 212x22 [border: (1px solid #808080)] [r=0 c=1 rs=1 cs=2]
              RenderText {#text} at (2,2) size 103x19
                text run at (2,2) width 103: "Row 2, Cell 2"
          RenderTableRow {TR} at (0,22) size 318x22
            RenderTableCell {TD} at (106,22) size 106x22 [border: (1px solid #808080)] [r=1 c=1 rs=1 cs=1]
              RenderText {#text} at (2,2) size 103x19
                text run at (2,2) width 103: "Row 3, Cell 2"
            RenderTableCell {TD} at (212,33) size 106x22 [border: (1px solid #808080)] [r=1 c=2 rs=2 cs=1]
              RenderText {#text} at (2,2) size 103x19
                text run at (2,2) width 103: "Row 3, Cell 3"
          RenderTableRow {TR} at (0,44) size 318x22
            RenderTableCell {TD} at (0,44) size 212x22 [border: (1px solid #808080)] [r=2 c=0 rs=1 cs=2]
              RenderText {#text} at (2,2) size 103x19
                text run at (2,2) width 103: "Row 4, Cell 1"
        RenderTableSection {TFOOT} at (0,107) size 318x22
          RenderTableRow {TR} at (0,0) size 318x22
            RenderTableCell {TD} at (0,0) size 106x22 [border: (1px solid #808080)] [r=0 c=0 rs=1 cs=1]
              RenderText {#text} at (2,2) size 103x19
                text run at (2,2) width 103: "Row 5, Cell 1"
            RenderTableCell {TD} at (106,0) size 106x22 [border: (1px solid #808080)] [r=0 c=1 rs=1 cs=1]
              RenderText {#text} at (2,2) size 103x19
                text run at (2,2) width 103: "Row 5, Cell 2"
            RenderTableCell {TD} at (212,0) size 106x22 [border: (1px solid #808080)] [r=0 c=2 rs=1 cs=1]
              RenderText {#text} at (2,2) size 103x19
                text run at (2,2) width 103: "Row 5, Cell 3"
      RenderTable {TABLE} at (0,8091) size 319x130 [border: none]
        RenderBlock {CAPTION} at (0,0) size 319x19
          RenderInline {A} at (0,0) size 303x19
            RenderText {#text} at (5,0) size 303x19
              text run at (5,0) width 303: "Frame=\x{201C}border\x{201D} and Rules=\x{201C}all\x{201D}"
          RenderInline (generated) at (0,0) size 6x19
            RenderText at (308,0) size 6x19
              text run at (308,0) width 6: ":"
        RenderTableSection {THEAD} at (0,19) size 318x22
          RenderTableRow {TR} at (0,0) size 318x22
            RenderTableCell {TD} at (0,0) size 106x22 [border: (1px solid #808080)] [r=0 c=0 rs=1 cs=1]
              RenderText {#text} at (2,2) size 103x19
                text run at (2,2) width 103: "Row 1, Cell 1"
            RenderTableCell {TD} at (106,0) size 106x22 [border: (1px solid #808080)] [r=0 c=1 rs=1 cs=1]
              RenderText {#text} at (2,2) size 103x19
                text run at (2,2) width 103: "Row 1, Cell 2"
            RenderTableCell {TD} at (212,0) size 106x22 [border: (1px solid #808080)] [r=0 c=2 rs=1 cs=1]
              RenderText {#text} at (2,2) size 103x19
                text run at (2,2) width 103: "Row 1, Cell 3"
        RenderTableSection {TBODY} at (0,41) size 318x66
          RenderTableRow {TR} at (0,0) size 318x22
            RenderTableCell {TD} at (0,11) size 106x22 [border: (1px solid #808080)] [r=0 c=0 rs=2 cs=1]
              RenderText {#text} at (2,2) size 103x19
                text run at (2,2) width 103: "Row 2, Cell 1"
            RenderTableCell {TD} at (106,0) size 212x22 [border: (1px solid #808080)] [r=0 c=1 rs=1 cs=2]
              RenderText {#text} at (2,2) size 103x19
                text run at (2,2) width 103: "Row 2, Cell 2"
          RenderTableRow {TR} at (0,22) size 318x22
            RenderTableCell {TD} at (106,22) size 106x22 [border: (1px solid #808080)] [r=1 c=1 rs=1 cs=1]
              RenderText {#text} at (2,2) size 103x19
                text run at (2,2) width 103: "Row 3, Cell 2"
            RenderTableCell {TD} at (212,33) size 106x22 [border: (1px solid #808080)] [r=1 c=2 rs=2 cs=1]
              RenderText {#text} at (2,2) size 103x19
                text run at (2,2) width 103: "Row 3, Cell 3"
          RenderTableRow {TR} at (0,44) size 318x22
            RenderTableCell {TD} at (0,44) size 212x22 [border: (1px solid #808080)] [r=2 c=0 rs=1 cs=2]
              RenderText {#text} at (2,2) size 103x19
                text run at (2,2) width 103: "Row 4, Cell 1"
        RenderTableSection {TFOOT} at (0,107) size 318x22
          RenderTableRow {TR} at (0,0) size 318x22
            RenderTableCell {TD} at (0,0) size 106x22 [border: (1px solid #808080)] [r=0 c=0 rs=1 cs=1]
              RenderText {#text} at (2,2) size 103x19
                text run at (2,2) width 103: "Row 5, Cell 1"
            RenderTableCell {TD} at (106,0) size 106x22 [border: (1px solid #808080)] [r=0 c=1 rs=1 cs=1]
              RenderText {#text} at (2,2) size 103x19
                text run at (2,2) width 103: "Row 5, Cell 2"
            RenderTableCell {TD} at (212,0) size 106x22 [border: (1px solid #808080)] [r=0 c=2 rs=1 cs=1]
              RenderText {#text} at (2,2) size 103x19
                text run at (2,2) width 103: "Row 5, Cell 3"
layer at (490,24) size 490x183
  RenderBlock (positioned) {TABLE} at (490,24) size 490x183
    RenderTable at (0,0) size 422x156
      RenderBlock {CAPTION} at (0,0) size 422x19
        RenderText {#text} at (39,0) size 338x19
          text run at (39,0) width 338: "Local links to specific testcase tables"
        RenderInline (generated) at (0,0) size 6x19
          RenderText at (377,0) size 6x19
            text run at (377,0) width 6: ":"
      RenderTableCol {COLGROUP} at (0,0) size 0x0
      RenderTableCol {COLGROUP} at (0,0) size 0x0
      RenderTableSection {THEAD} at (0,19) size 422x40
        RenderTableRow {TR} at (0,2) size 422x17
          RenderTableCell {TH} at (2,19) size 86x2 [r=0 c=0 rs=2 cs=2]
          RenderTableCell {TH} at (90,2) size 330x17 [r=0 c=2 rs=1 cs=9]
            RenderText {#text} at (144,1) size 42x15
              text run at (144,1) width 42: "Frame"
        RenderTableRow {TR} at (0,21) size 422x17
          RenderTableCell {TH} at (90,21) size 30x17 [r=1 c=2 rs=1 cs=1]
            RenderText {#text} at (1,1) size 28x15
              text run at (1,1) width 28: "void"
          RenderTableCell {TH} at (122,21) size 42x17 [r=1 c=3 rs=1 cs=1]
            RenderText {#text} at (1,1) size 40x15
              text run at (1,1) width 40: "above"
          RenderTableCell {TH} at (166,21) size 41x17 [r=1 c=4 rs=1 cs=1]
            RenderText {#text} at (1,1) size 39x15
              text run at (1,1) width 39: "below"
          RenderTableCell {TH} at (209,21) size 44x17 [r=1 c=5 rs=1 cs=1]
            RenderText {#text} at (1,1) size 42x15
              text run at (1,1) width 42: "hsides"
          RenderTableCell {TH} at (255,21) size 44x17 [r=1 c=6 rs=1 cs=1]
            RenderText {#text} at (1,1) size 42x15
              text run at (1,1) width 42: "vsides"
          RenderTableCell {TH} at (301,21) size 21x17 [r=1 c=7 rs=1 cs=1]
            RenderText {#text} at (1,1) size 19x15
              text run at (1,1) width 19: "lhs"
          RenderTableCell {TH} at (324,21) size 22x17 [r=1 c=8 rs=1 cs=1]
            RenderText {#text} at (1,1) size 20x15
              text run at (1,1) width 20: "rhs"
          RenderTableCell {TH} at (348,21) size 26x17 [r=1 c=9 rs=1 cs=1]
            RenderText {#text} at (1,1) size 24x15
              text run at (1,1) width 24: "box"
          RenderTableCell {TH} at (376,21) size 44x17 [r=1 c=10 rs=1 cs=1]
            RenderText {#text} at (1,1) size 42x15
              text run at (1,1) width 42: "border"
      RenderTableSection {TBODY} at (0,59) size 422x97
        RenderTableRow {TR} at (0,2) size 422x17
          RenderTableCell {TH} at (2,40) size 38x17 [r=0 c=0 rs=5 cs=1]
            RenderText {#text} at (1,1) size 36x15
              text run at (1,1) width 36: "Rules"
          RenderTableCell {TH} at (42,2) size 46x17 [r=0 c=1 rs=1 cs=1]
            RenderText {#text} at (13,1) size 32x15
              text run at (13,1) width 32: "none"
          RenderTableCell {TD} at (90,2) size 30x16 [bgcolor=#CCCCCC] [r=0 c=2 rs=1 cs=1]
            RenderInline {A} at (0,0) size 16x14 [color=#0000EE]
              RenderText {#text} at (7,1) size 16x14
                text run at (7,1) width 16: "Go"
          RenderTableCell {TD} at (122,2) size 42x16 [bgcolor=#CCCCCC] [r=0 c=3 rs=1 cs=1]
            RenderInline {A} at (0,0) size 16x14 [color=#0000EE]
              RenderText {#text} at (13,1) size 16x14
                text run at (13,1) width 16: "Go"
          RenderTableCell {TD} at (166,2) size 41x16 [bgcolor=#CCCCCC] [r=0 c=4 rs=1 cs=1]
            RenderInline {A} at (0,0) size 17x14 [color=#0000EE]
              RenderText {#text} at (12,1) size 17x14
                text run at (12,1) width 17: "Go"
          RenderTableCell {TD} at (209,2) size 44x16 [bgcolor=#CCCCCC] [r=0 c=5 rs=1 cs=1]
            RenderInline {A} at (0,0) size 16x14 [color=#0000EE]
              RenderText {#text} at (14,1) size 16x14
                text run at (14,1) width 16: "Go"
          RenderTableCell {TD} at (255,2) size 44x16 [bgcolor=#CCCCCC] [r=0 c=6 rs=1 cs=1]
            RenderInline {A} at (0,0) size 16x14 [color=#0000EE]
              RenderText {#text} at (14,1) size 16x14
                text run at (14,1) width 16: "Go"
          RenderTableCell {TD} at (301,2) size 21x16 [bgcolor=#CCCCCC] [r=0 c=7 rs=1 cs=1]
            RenderInline {A} at (0,0) size 17x14 [color=#0000EE]
              RenderText {#text} at (2,1) size 17x14
                text run at (2,1) width 17: "Go"
          RenderTableCell {TD} at (324,2) size 22x16 [bgcolor=#CCCCCC] [r=0 c=8 rs=1 cs=1]
            RenderInline {A} at (0,0) size 16x14 [color=#0000EE]
              RenderText {#text} at (3,1) size 16x14
                text run at (3,1) width 16: "Go"
          RenderTableCell {TD} at (348,2) size 26x16 [bgcolor=#CCCCCC] [r=0 c=9 rs=1 cs=1]
            RenderInline {A} at (0,0) size 16x14 [color=#0000EE]
              RenderText {#text} at (5,1) size 16x14
                text run at (5,1) width 16: "Go"
          RenderTableCell {TD} at (376,2) size 44x16 [bgcolor=#CCCCCC] [r=0 c=10 rs=1 cs=1]
            RenderInline {A} at (0,0) size 16x14 [color=#0000EE]
              RenderText {#text} at (14,1) size 16x14
                text run at (14,1) width 16: "Go"
        RenderTableRow {TR} at (0,21) size 422x17
          RenderTableCell {TH} at (42,21) size 46x17 [r=1 c=1 rs=1 cs=1]
            RenderText {#text} at (1,1) size 44x15
              text run at (1,1) width 44: "groups"
          RenderTableCell {TD} at (90,21) size 30x16 [bgcolor=#CCCCCC] [r=1 c=2 rs=1 cs=1]
            RenderInline {A} at (0,0) size 16x14 [color=#0000EE]
              RenderText {#text} at (7,1) size 16x14
                text run at (7,1) width 16: "Go"
          RenderTableCell {TD} at (122,21) size 42x16 [bgcolor=#CCCCCC] [r=1 c=3 rs=1 cs=1]
            RenderInline {A} at (0,0) size 16x14 [color=#0000EE]
              RenderText {#text} at (13,1) size 16x14
                text run at (13,1) width 16: "Go"
          RenderTableCell {TD} at (166,21) size 41x16 [bgcolor=#CCCCCC] [r=1 c=4 rs=1 cs=1]
            RenderInline {A} at (0,0) size 17x14 [color=#0000EE]
              RenderText {#text} at (12,1) size 17x14
                text run at (12,1) width 17: "Go"
          RenderTableCell {TD} at (209,21) size 44x16 [bgcolor=#CCCCCC] [r=1 c=5 rs=1 cs=1]
            RenderInline {A} at (0,0) size 16x14 [color=#0000EE]
              RenderText {#text} at (14,1) size 16x14
                text run at (14,1) width 16: "Go"
          RenderTableCell {TD} at (255,21) size 44x16 [bgcolor=#CCCCCC] [r=1 c=6 rs=1 cs=1]
            RenderInline {A} at (0,0) size 16x14 [color=#0000EE]
              RenderText {#text} at (14,1) size 16x14
                text run at (14,1) width 16: "Go"
          RenderTableCell {TD} at (301,21) size 21x16 [bgcolor=#CCCCCC] [r=1 c=7 rs=1 cs=1]
            RenderInline {A} at (0,0) size 17x14 [color=#0000EE]
              RenderText {#text} at (2,1) size 17x14
                text run at (2,1) width 17: "Go"
          RenderTableCell {TD} at (324,21) size 22x16 [bgcolor=#CCCCCC] [r=1 c=8 rs=1 cs=1]
            RenderInline {A} at (0,0) size 16x14 [color=#0000EE]
              RenderText {#text} at (3,1) size 16x14
                text run at (3,1) width 16: "Go"
          RenderTableCell {TD} at (348,21) size 26x16 [bgcolor=#CCCCCC] [r=1 c=9 rs=1 cs=1]
            RenderInline {A} at (0,0) size 16x14 [color=#0000EE]
              RenderText {#text} at (5,1) size 16x14
                text run at (5,1) width 16: "Go"
          RenderTableCell {TD} at (376,21) size 44x16 [bgcolor=#CCCCCC] [r=1 c=10 rs=1 cs=1]
            RenderInline {A} at (0,0) size 16x14 [color=#0000EE]
              RenderText {#text} at (14,1) size 16x14
                text run at (14,1) width 16: "Go"
        RenderTableRow {TR} at (0,40) size 422x17
          RenderTableCell {TH} at (42,40) size 46x17 [r=2 c=1 rs=1 cs=1]
            RenderText {#text} at (14,1) size 31x15
              text run at (14,1) width 31: "rows"
          RenderTableCell {TD} at (90,40) size 30x16 [bgcolor=#CCCCCC] [r=2 c=2 rs=1 cs=1]
            RenderInline {A} at (0,0) size 16x14 [color=#0000EE]
              RenderText {#text} at (7,1) size 16x14
                text run at (7,1) width 16: "Go"
          RenderTableCell {TD} at (122,40) size 42x16 [bgcolor=#CCCCCC] [r=2 c=3 rs=1 cs=1]
            RenderInline {A} at (0,0) size 16x14 [color=#0000EE]
              RenderText {#text} at (13,1) size 16x14
                text run at (13,1) width 16: "Go"
          RenderTableCell {TD} at (166,40) size 41x16 [bgcolor=#CCCCCC] [r=2 c=4 rs=1 cs=1]
            RenderInline {A} at (0,0) size 17x14 [color=#0000EE]
              RenderText {#text} at (12,1) size 17x14
                text run at (12,1) width 17: "Go"
          RenderTableCell {TD} at (209,40) size 44x16 [bgcolor=#CCCCCC] [r=2 c=5 rs=1 cs=1]
            RenderInline {A} at (0,0) size 16x14 [color=#0000EE]
              RenderText {#text} at (14,1) size 16x14
                text run at (14,1) width 16: "Go"
          RenderTableCell {TD} at (255,40) size 44x16 [bgcolor=#CCCCCC] [r=2 c=6 rs=1 cs=1]
            RenderInline {A} at (0,0) size 16x14 [color=#0000EE]
              RenderText {#text} at (14,1) size 16x14
                text run at (14,1) width 16: "Go"
          RenderTableCell {TD} at (301,40) size 21x16 [bgcolor=#CCCCCC] [r=2 c=7 rs=1 cs=1]
            RenderInline {A} at (0,0) size 17x14 [color=#0000EE]
              RenderText {#text} at (2,1) size 17x14
                text run at (2,1) width 17: "Go"
          RenderTableCell {TD} at (324,40) size 22x16 [bgcolor=#CCCCCC] [r=2 c=8 rs=1 cs=1]
            RenderInline {A} at (0,0) size 16x14 [color=#0000EE]
              RenderText {#text} at (3,1) size 16x14
                text run at (3,1) width 16: "Go"
          RenderTableCell {TD} at (348,40) size 26x16 [bgcolor=#CCCCCC] [r=2 c=9 rs=1 cs=1]
            RenderInline {A} at (0,0) size 16x14 [color=#0000EE]
              RenderText {#text} at (5,1) size 16x14
                text run at (5,1) width 16: "Go"
          RenderTableCell {TD} at (376,40) size 44x16 [bgcolor=#CCCCCC] [r=2 c=10 rs=1 cs=1]
            RenderInline {A} at (0,0) size 16x14 [color=#0000EE]
              RenderText {#text} at (14,1) size 16x14
                text run at (14,1) width 16: "Go"
        RenderTableRow {TR} at (0,59) size 422x17
          RenderTableCell {TH} at (42,59) size 46x17 [r=3 c=1 rs=1 cs=1]
            RenderText {#text} at (19,1) size 26x15
              text run at (19,1) width 26: "cols"
          RenderTableCell {TD} at (90,59) size 30x16 [bgcolor=#CCCCCC] [r=3 c=2 rs=1 cs=1]
            RenderInline {A} at (0,0) size 16x14 [color=#0000EE]
              RenderText {#text} at (7,1) size 16x14
                text run at (7,1) width 16: "Go"
          RenderTableCell {TD} at (122,59) size 42x16 [bgcolor=#CCCCCC] [r=3 c=3 rs=1 cs=1]
            RenderInline {A} at (0,0) size 16x14 [color=#0000EE]
              RenderText {#text} at (13,1) size 16x14
                text run at (13,1) width 16: "Go"
          RenderTableCell {TD} at (166,59) size 41x16 [bgcolor=#CCCCCC] [r=3 c=4 rs=1 cs=1]
            RenderInline {A} at (0,0) size 17x14 [color=#0000EE]
              RenderText {#text} at (12,1) size 17x14
                text run at (12,1) width 17: "Go"
          RenderTableCell {TD} at (209,59) size 44x16 [bgcolor=#CCCCCC] [r=3 c=5 rs=1 cs=1]
            RenderInline {A} at (0,0) size 16x14 [color=#0000EE]
              RenderText {#text} at (14,1) size 16x14
                text run at (14,1) width 16: "Go"
          RenderTableCell {TD} at (255,59) size 44x16 [bgcolor=#CCCCCC] [r=3 c=6 rs=1 cs=1]
            RenderInline {A} at (0,0) size 16x14 [color=#0000EE]
              RenderText {#text} at (14,1) size 16x14
                text run at (14,1) width 16: "Go"
          RenderTableCell {TD} at (301,59) size 21x16 [bgcolor=#CCCCCC] [r=3 c=7 rs=1 cs=1]
            RenderInline {A} at (0,0) size 17x14 [color=#0000EE]
              RenderText {#text} at (2,1) size 17x14
                text run at (2,1) width 17: "Go"
          RenderTableCell {TD} at (324,59) size 22x16 [bgcolor=#CCCCCC] [r=3 c=8 rs=1 cs=1]
            RenderInline {A} at (0,0) size 16x14 [color=#0000EE]
              RenderText {#text} at (3,1) size 16x14
                text run at (3,1) width 16: "Go"
          RenderTableCell {TD} at (348,59) size 26x16 [bgcolor=#CCCCCC] [r=3 c=9 rs=1 cs=1]
            RenderInline {A} at (0,0) size 16x14 [color=#0000EE]
              RenderText {#text} at (5,1) size 16x14
                text run at (5,1) width 16: "Go"
          RenderTableCell {TD} at (376,59) size 44x16 [bgcolor=#CCCCCC] [r=3 c=10 rs=1 cs=1]
            RenderInline {A} at (0,0) size 16x14 [color=#0000EE]
              RenderText {#text} at (14,1) size 16x14
                text run at (14,1) width 16: "Go"
        RenderTableRow {TR} at (0,78) size 422x17
          RenderTableCell {TH} at (42,78) size 46x17 [r=4 c=1 rs=1 cs=1]
            RenderText {#text} at (29,1) size 16x15
              text run at (29,1) width 16: "all"
          RenderTableCell {TD} at (90,78) size 30x16 [bgcolor=#CCCCCC] [r=4 c=2 rs=1 cs=1]
            RenderInline {A} at (0,0) size 16x14 [color=#0000EE]
              RenderText {#text} at (7,1) size 16x14
                text run at (7,1) width 16: "Go"
          RenderTableCell {TD} at (122,78) size 42x16 [bgcolor=#CCCCCC] [r=4 c=3 rs=1 cs=1]
            RenderInline {A} at (0,0) size 16x14 [color=#0000EE]
              RenderText {#text} at (13,1) size 16x14
                text run at (13,1) width 16: "Go"
          RenderTableCell {TD} at (166,78) size 41x16 [bgcolor=#CCCCCC] [r=4 c=4 rs=1 cs=1]
            RenderInline {A} at (0,0) size 17x14 [color=#0000EE]
              RenderText {#text} at (12,1) size 17x14
                text run at (12,1) width 17: "Go"
          RenderTableCell {TD} at (209,78) size 44x16 [bgcolor=#CCCCCC] [r=4 c=5 rs=1 cs=1]
            RenderInline {A} at (0,0) size 16x14 [color=#0000EE]
              RenderText {#text} at (14,1) size 16x14
                text run at (14,1) width 16: "Go"
          RenderTableCell {TD} at (255,78) size 44x16 [bgcolor=#CCCCCC] [r=4 c=6 rs=1 cs=1]
            RenderInline {A} at (0,0) size 16x14 [color=#0000EE]
              RenderText {#text} at (14,1) size 16x14
                text run at (14,1) width 16: "Go"
          RenderTableCell {TD} at (301,78) size 21x16 [bgcolor=#CCCCCC] [r=4 c=7 rs=1 cs=1]
            RenderInline {A} at (0,0) size 17x14 [color=#0000EE]
              RenderText {#text} at (2,1) size 17x14
                text run at (2,1) width 17: "Go"
          RenderTableCell {TD} at (324,78) size 22x16 [bgcolor=#CCCCCC] [r=4 c=8 rs=1 cs=1]
            RenderInline {A} at (0,0) size 16x14 [color=#0000EE]
              RenderText {#text} at (3,1) size 16x14
                text run at (3,1) width 16: "Go"
          RenderTableCell {TD} at (348,78) size 26x16 [bgcolor=#CCCCCC] [r=4 c=9 rs=1 cs=1]
            RenderInline {A} at (0,0) size 16x14 [color=#0000EE]
              RenderText {#text} at (5,1) size 16x14
                text run at (5,1) width 16: "Go"
          RenderTableCell {TD} at (376,78) size 44x16 [bgcolor=#CCCCCC] [r=4 c=10 rs=1 cs=1]
            RenderInline {A} at (0,0) size 16x14 [color=#0000EE]
              RenderText {#text} at (14,1) size 16x14
                text run at (14,1) width 16: "Go"
