layer at (0,0) size 980x735
  RenderView at (0,0) size 980x735
layer at (0,0) size 980x735
  RenderBlock {HTML} at (0,0) size 980x735
    RenderBody {BODY} at (8,8) size 964x711
      RenderBlock {P} at (0,0) size 964x19
        RenderText {#text} at (0,0) size 67x19
          text run at (0,0) width 67: "Test for "
        RenderInline {I} at (0,0) size 823x19
          RenderInline {A} at (0,0) size 372x19 [color=#0000EE]
            RenderText {#text} at (67,0) size 372x19
              text run at (67,0) width 372: "http://bugs.webkit.org/show_bug.cgi?id=15309"
          RenderText {#text} at (439,0) size 451x19
            text run at (439,0) width 5: " "
            text run at (444,0) width 446: "Crash due to infinite recursion in RenderTable::addChild"
        RenderText {#text} at (890,0) size 5x19
          text run at (890,0) width 5: "."
      RenderBlock {P} at (0,35) size 964x19
        RenderText {#text} at (0,0) size 640x19
          text run at (0,0) width 640: "The following should look the same (and have identical render tree hierarchies):"
      RenderBlock {P} at (0,70) size 964x38
        RenderTable {SPAN} at (0,0) size 40x38
          RenderTableSection (anonymous) at (0,0) size 40x19
            RenderTableRow (anonymous) at (0,0) size 40x19
              RenderTableCell (anonymous) at (0,0) size 40x19 [r=0 c=0 rs=1 cs=1]
                RenderText {#text} at (0,0) size 40x19
                  text run at (0,0) width 40: "table"
          RenderBlock (generated) at (0,19) size 40x19
            RenderText at (0,0) size 39x19
              text run at (0,0) width 39: "after"
      RenderBlock {P} at (0,124) size 964x38
        RenderTable {TABLE} at (0,0) size 40x38
          RenderTableSection {TBODY} at (0,0) size 40x19
            RenderTableRow {TR} at (0,0) size 40x19
              RenderTableCell {TD} at (0,0) size 40x19 [r=0 c=0 rs=1 cs=1]
                RenderText {#text} at (0,0) size 40x19
                  text run at (0,0) width 40: "table"
          RenderBlock {CAPTION} at (0,19) size 40x19
            RenderText {#text} at (0,0) size 40x19
              text run at (0,0) width 40: "after"
