layer at (0,0) size 980x735
  RenderView at (0,0) size 980x735
layer at (0,0) size 980x735
  RenderBlock {HTML} at (0,0) size 980x735
    RenderBody {BODY} at (8,8) size 964x719
      RenderBlock {P} at (0,0) size 964x38
        RenderText {#text} at (0,0) size 67x19
          text run at (0,0) width 67: "Test for "
        RenderInline {I} at (0,0) size 928x38
          RenderInline {A} at (0,0) size 372x19 [color=#0000EE]
            RenderText {#text} at (67,0) size 372x19
              text run at (67,0) width 372: "http://bugs.webkit.org/show_bug.cgi?id=15208"
          RenderText {#text} at (439,0) size 928x38
            text run at (439,0) width 5: " "
            text run at (444,0) width 484: "display:table causes the collapsed text to show at a different"
            text run at (0,19) width 194: "position when expanded"
        RenderText {#text} at (194,19) size 5x19
          text run at (194,19) width 5: "."
      RenderBlock {P} at (0,54) size 964x19
        RenderText {#text} at (0,0) size 252x19
          text run at (0,0) width 252: "This should say \x{201C}Lorem ipsum\x{201D}:"
      RenderTable {DIV} at (0,89) size 105x19
        RenderTableSection (anonymous) at (0,0) size 105x19
          RenderTableRow (anonymous) at (0,0) size 105x19
            RenderTableCell (anonymous) at (0,0) size 105x19 [r=0 c=0 rs=1 cs=1]
              RenderText {#text} at (0,0) size 52x19
                text run at (0,0) width 52: "Lorem"
              RenderText {#text} at (52,0) size 53x19
                text run at (52,0) width 5: " "
                text run at (57,0) width 48: "ipsum"
