layer at (0,0) size 980x735
  RenderView at (0,0) size 980x735
layer at (0,0) size 980x735
  RenderBlock {HTML} at (0,0) size 980x735
    RenderBody {BODY} at (8,8) size 964x719
      RenderBlock {P} at (0,0) size 964x19
        RenderText {#text} at (0,0) size 399x19
          text run at (0,0) width 399: "This tests that the background of a table cell with "
        RenderInline {TT} at (0,0) size 104x15
          RenderText {#text} at (399,3) size 104x15
            text run at (399,3) width 104: "visibility:hidden"
        RenderText {#text} at (503,0) size 138x19
          text run at (503,0) width 138: " is never painted."
      RenderBlock {P} at (0,35) size 964x19
        RenderText {#text} at (0,0) size 588x19
          text run at (0,0) width 588: "You should see nine green squares and no red, orange or yellow squares."
      RenderTable {TABLE} at (4,70) size 27x25
        RenderTableSection {TBODY} at (0,0) size 27x25 [bgcolor=#FFFF00]
          RenderTableRow {TR} at (0,0) size 27x25 [bgcolor=#FFA500]
            RenderTableCell {TD} at (0,11) size 27x2 [bgcolor=#FF0000] [r=0 c=0 rs=1 cs=1]
      RenderTable {TABLE} at (4,99) size 27x25 [bgcolor=#FF0000]
        RenderTableSection {TBODY} at (0,0) size 27x25 [bgcolor=#FFFF00]
          RenderTableRow {TR} at (0,0) size 27x25 [bgcolor=#FFA500]
            RenderTableCell {TD} at (0,11) size 27x2 [bgcolor=#008000] [r=0 c=0 rs=1 cs=1]
      RenderTable {TABLE} at (4,128) size 27x25 [bgcolor=#FF0000]
        RenderTableSection {TBODY} at (0,0) size 27x25 [bgcolor=#FFFF00]
          RenderTableRow {TR} at (0,0) size 27x25 [bgcolor=#FFA500]
            RenderTableCell {TD} at (0,11) size 27x2 [bgcolor=#008000] [r=0 c=0 rs=1 cs=1]
      RenderTable {TABLE} at (4,157) size 27x25 [bgcolor=#FF0000]
        RenderTableSection {TBODY} at (0,0) size 27x25 [bgcolor=#FFFF00]
          RenderTableRow {TR} at (0,0) size 27x25 [bgcolor=#FFA500]
            RenderTableCell {TD} at (0,11) size 27x2 [bgcolor=#008000] [r=0 c=0 rs=1 cs=1]
      RenderTable {TABLE} at (4,186) size 27x25 [bgcolor=#008000]
        RenderTableSection {TBODY} at (0,0) size 27x25 [bgcolor=#FF0000]
          RenderTableRow {TR} at (0,0) size 27x25 [bgcolor=#FFA500]
            RenderTableCell {TD} at (0,11) size 27x2 [r=0 c=0 rs=1 cs=1]
      RenderTable {TABLE} at (4,215) size 27x25 [bgcolor=#FF0000]
        RenderTableSection {TBODY} at (0,0) size 27x25 [bgcolor=#FFFF00]
          RenderTableRow {TR} at (0,0) size 27x25 [bgcolor=#FFA500]
            RenderTableCell {TD} at (0,11) size 27x2 [bgcolor=#008000] [r=0 c=0 rs=1 cs=1]
      RenderTable {TABLE} at (4,244) size 27x25 [bgcolor=#FF0000]
        RenderTableSection {TBODY} at (0,0) size 27x25 [bgcolor=#FFFF00]
          RenderTableRow {TR} at (0,0) size 27x25 [bgcolor=#FFA500]
            RenderTableCell {TD} at (0,11) size 27x2 [bgcolor=#008000] [r=0 c=0 rs=1 cs=1]
      RenderTable {TABLE} at (4,273) size 27x25 [bgcolor=#008000]
        RenderTableSection {TBODY} at (0,0) size 27x25 [bgcolor=#FFFF00]
          RenderTableRow {TR} at (0,0) size 27x25 [bgcolor=#FFA500]
            RenderTableCell {TD} at (0,11) size 27x2 [bgcolor=#FF0000] [r=0 c=0 rs=1 cs=1]
      RenderTable {TABLE} at (4,302) size 27x25 [bgcolor=#FF0000]
        RenderTableSection {TBODY} at (0,0) size 27x25 [bgcolor=#FFFF00]
          RenderTableRow {TR} at (0,0) size 27x25 [bgcolor=#FFA500]
            RenderTableCell {TD} at (0,11) size 27x2 [bgcolor=#008000] [r=0 c=0 rs=1 cs=1]
      RenderTable {TABLE} at (4,331) size 27x25 [bgcolor=#008000]
        RenderTableSection {TBODY} at (0,0) size 27x25 [bgcolor=#FFFF00]
          RenderTableRow {TR} at (0,0) size 27x25 [bgcolor=#FFA500]
            RenderTableCell {TD} at (0,11) size 27x2 [bgcolor=#FF0000] [r=0 c=0 rs=1 cs=1]
