layer at (0,0) size 980x735
  RenderView at (0,0) size 980x735
layer at (0,0) size 980x735
  RenderBlock {HTML} at (0,0) size 980x735
    RenderBody {BODY} at (8,8) size 964x719
      RenderTable {TABLE} at (0,0) size 964x66 [border: (1px outset #808080)]
        RenderTableSection {TBODY} at (1,1) size 962x64
          RenderTableRow {TR} at (0,2) size 962x60
            RenderTableCell {TD} at (2,21) size 22x22 [border: (1px inset #808080)] [r=0 c=0 rs=1 cs=1]
            RenderTableCell {TD} at (26,2) size 934x60 [border: (1px inset #808080)] [r=0 c=1 rs=1 cs=1]
              RenderText {#text} at (11,11) size 890x38
                text run at (11,11) width 890: "This is a very long line of text, but it should be wrapped. It should not extend all the way off the right side of the"
                text run at (11,30) width 387: "window, but rather be broken into multiple lines."
