layer at (0,0) size 980x735
  RenderView at (0,0) size 980x735
layer at (0,0) size 980x735
  RenderBlock {HTML} at (0,0) size 980x735
    RenderBody {BODY} at (8,8) size 964x719
      RenderTable {TABLE} at (0,0) size 435x227 [border: (1px outset #808080)]
        RenderTableSection {TBODY} at (1,1) size 433x225
          RenderTableRow {TR} at (0,0) size 433x225
            RenderTableCell {TD} at (0,0) size 433x225 [border: (1px inset #808080)] [r=0 c=0 rs=1 cs=1]
              RenderTable {TABLE} at (1,1) size 431x223 [border: (1px outset #808080)]
                RenderTableSection {TBODY} at (1,1) size 429x221
                  RenderTableRow {TR} at (0,0) size 429x110
                    RenderTableCell {TD} at (0,44) size 214x21 [border: (1px inset #808080)] [r=0 c=0 rs=1 cs=1]
                      RenderText {#text} at (1,1) size 5x19
                        text run at (1,1) width 5: " "
                    RenderTableCell {TD} at (214,44) size 215x21 [border: (1px inset #808080)] [r=0 c=1 rs=1 cs=1]
                      RenderText {#text} at (1,1) size 5x19
                        text run at (1,1) width 5: " "
                  RenderTableRow {TR} at (0,110) size 429x111
                    RenderTableCell {TD} at (0,155) size 214x21 [border: (1px inset #808080)] [r=1 c=0 rs=1 cs=1]
                      RenderText {#text} at (1,1) size 5x19
                        text run at (1,1) width 5: " "
                    RenderTableCell {TD} at (214,155) size 215x21 [border: (1px inset #808080)] [r=1 c=1 rs=1 cs=1]
                      RenderText {#text} at (1,1) size 5x19
                        text run at (1,1) width 5: " "
