layer at (0,0) size 980x735
  RenderView at (0,0) size 980x735
layer at (0,0) size 980x735
  RenderBlock {HTML} at (0,0) size 980x735
    RenderBody {BODY} at (8,8) size 964x719
      RenderBlock (anonymous) at (0,0) size 964x0
        RenderInline {NOBR} at (0,0) size 0x0
          RenderText {#text} at (0,0) size 0x0
      RenderBlock (anonymous) at (0,0) size 964x371
        RenderTable {TABLE} at (0,0) size 85x371 [border: (1px outset #808080)]
          RenderTableSection {TBODY} at (1,1) size 83x369
            RenderTableRow {TR} at (0,2) size 83x365
              RenderTableCell {TD} at (2,2) size 79x365 [border: (1px inset #808080)] [r=0 c=0 rs=1 cs=1]
                RenderText {#text} at (2,2) size 75x361
                  text run at (2,2) width 64: "This is a"
                  text run at (2,21) width 72: "test case"
                  text run at (2,40) width 23: "for"
                  text run at (2,59) width 75: "3190580."
                  text run at (2,78) width 39: "Even"
                  text run at (2,97) width 56: "though"
                  text run at (2,116) width 73: "this table"
                  text run at (2,135) width 12: "is"
                  text run at (2,154) width 71: "enclosed"
                  text run at (2,173) width 71: "in a nobr"
                  text run at (2,192) width 64: "tag, this"
                  text run at (2,211) width 31: "text"
                  text run at (2,230) width 52: "should"
                  text run at (2,249) width 40: "wrap"
                  text run at (2,268) width 66: "anyway."
                  text run at (2,287) width 75: "The table"
                  text run at (2,306) width 75: "is only 50"
                  text run at (2,325) width 45: "pixels"
                  text run at (2,344) width 42: "wide."
      RenderBlock (anonymous) at (0,371) size 964x0
        RenderInline {NOBR} at (0,0) size 0x0
        RenderText {#text} at (0,0) size 0x0
