layer at (0,0) size 980x735
  RenderView at (0,0) size 980x735
layer at (0,0) size 980x735
  RenderBlock {HTML} at (0,0) size 980x735
    RenderBody {BODY} at (8,8) size 964x719
      RenderBlock {H3} at (0,0) size 964x22
        RenderText {#text} at (0,0) size 331x22
          text run at (0,0) width 331: "Small Percentage Heights Bug"
      RenderBlock {P} at (0,40) size 964x38
        RenderText {#text} at (0,0) size 960x38
          text run at (0,0) width 512: "In the example below, all eight cells should be the same height. "
          text run at (512,0) width 448: "It appears that any percentage heights cause cells to fill"
          text run at (0,19) width 188: "the entire table height. "
          text run at (188,19) width 675: "Note how cell 8 is correct but 2-7 are not, despite the cells all specifying height:30%."
      RenderTable {TABLE} at (0,94) size 964x100 [border: (1px outset #808080)]
        RenderTableSection {TBODY} at (1,1) size 962x98
          RenderTableRow {TR} at (0,0) size 962x98
            RenderTableCell {TD} at (0,0) size 647x98 [bgcolor=#FFFF00] [border: (1px inset #808080)] [r=0 c=0 rs=1 cs=1]
              RenderText {#text} at (266,11) size 115x19
                text run at (266,11) width 115: "Table Data #1"
              RenderBR {BR} at (381,26) size 0x0
              RenderText {#text} at (280,30) size 87x19
                text run at (280,30) width 87: "Other cells"
              RenderBR {BR} at (366,45) size 1x0
              RenderText {#text} at (242,49) size 163x19
                text run at (242,49) width 163: "should be the height"
              RenderBR {BR} at (405,64) size 0x0
              RenderText {#text} at (283,68) size 81x19
                text run at (283,68) width 81: "of this cell"
            RenderTableCell {TD} at (647,19) size 45x60 [bgcolor=#006000] [border: (1px inset #808080)] [r=0 c=1 rs=1 cs=1]
              RenderText {#text} at (11,11) size 23x38
                text run at (11,11) width 23: "TD"
                text run at (11,30) width 23: "#2"
            RenderTableCell {TD} at (692,19) size 45x60 [bgcolor=#00FFFF] [border: (1px inset #808080)] [r=0 c=2 rs=1 cs=1]
              RenderText {#text} at (11,11) size 23x38
                text run at (11,11) width 23: "TD"
                text run at (11,30) width 23: "#3"
            RenderTableCell {TD} at (737,19) size 45x60 [bgcolor=#0000FF] [border: (1px inset #808080)] [r=0 c=3 rs=1 cs=1]
              RenderText {#text} at (11,11) size 23x38
                text run at (11,11) width 23: "TD"
                text run at (11,30) width 23: "#4"
            RenderTableCell {TD} at (782,19) size 45x60 [bgcolor=#008000] [border: (1px inset #808080)] [r=0 c=4 rs=1 cs=1]
              RenderText {#text} at (11,11) size 23x38
                text run at (11,11) width 23: "TD"
                text run at (11,30) width 23: "#5"
            RenderTableCell {TD} at (827,19) size 45x60 [bgcolor=#000080] [border: (1px inset #808080)] [r=0 c=5 rs=1 cs=1]
              RenderText {#text} at (11,11) size 23x38
                text run at (11,11) width 23: "TD"
                text run at (11,30) width 23: "#6"
            RenderTableCell {TD} at (872,19) size 45x60 [bgcolor=#CACACA] [border: (1px inset #808080)] [r=0 c=6 rs=1 cs=1]
              RenderText {#text} at (11,11) size 23x38
                text run at (11,11) width 23: "TD"
                text run at (11,30) width 23: "#7"
            RenderTableCell {TD} at (917,19) size 45x60 [bgcolor=#000000] [border: (1px inset #808080)] [r=0 c=7 rs=1 cs=1]
              RenderInline {FONT} at (0,0) size 23x38 [color=#FFFFFF]
                RenderText {#text} at (11,11) size 23x38
                  text run at (11,11) width 23: "TD"
                  text run at (11,30) width 23: "#8"
