layer at (0,0) size 980x735
  RenderView at (0,0) size 980x735
layer at (0,0) size 980x347
  RenderBlock {HTML} at (0,0) size 980x347
    RenderBody {BODY} at (16,16) size 948x315
      RenderTable at (0,0) size 702x315
        RenderTableSection (anonymous) at (0,0) size 702x315
          RenderTableRow {Q} at (0,0) size 702x315
            RenderTableCell (anonymous) at (0,0) size 702x315 [r=0 c=0 rs=1 cs=1]
              RenderInline (generated) at (0,0) size 15x38
                RenderQuote at (0,278) size 15x38
                  text run at (0,278) width 15: "\""
              RenderText {#text} at (15,278) size 32x38
                text run at (15,278) width 32: " A"
              RenderPartObject {IFRAME} at (47,0) size 608x308 [border: (4px inset #000000)]
                layer at (0,0) size 600x300
                  RenderView at (0,0) size 600x300
                layer at (0,0) size 600x300
                  RenderBlock {HTML} at (0,0) size 600x300
                    RenderBody {BODY} at (8,8) size 584x284
              RenderText {#text} at (655,278) size 32x38
                text run at (655,278) width 32: "B "
              RenderInline (generated) at (0,0) size 15x38
                RenderQuote at (687,278) size 15x38
                  text run at (687,278) width 15: "\""
