layer at (0,0) size 980x735
  RenderView at (0,0) size 980x735
layer at (0,0) size 980x169
  RenderBlock {HTML} at (0,0) size 980x169
    RenderBody {BODY} at (8,16) size 964x145
      RenderBlock {P} at (0,0) size 964x19
        RenderText {#text} at (0,0) size 67x19
          text run at (0,0) width 67: "Test for "
        RenderInline {I} at (0,0) size 829x19
          RenderInline {A} at (0,0) size 426x19 [color=#0000EE]
            RenderText {#text} at (67,0) size 426x19
              text run at (67,0) width 426: "http://bugzilla.opendarwin.org/show_bug.cgi?id=9012"
          RenderText {#text} at (493,0) size 403x19
            text run at (493,0) width 5: " "
            text run at (498,0) width 398: "Row height not updated when cell heights change"
        RenderText {#text} at (896,0) size 5x19
          text run at (896,0) width 5: "."
      RenderBlock {HR} at (0,35) size 964x2 [border: (1px inset #000000)]
      RenderTable {TABLE} at (0,45) size 100x100
        RenderTableSection {TBODY} at (0,0) size 100x100
          RenderTableRow {TR} at (0,0) size 100x0 [bgcolor=#FF0000]
            RenderTableCell {TD} at (0,0) size 50x0 [r=0 c=0 rs=1 cs=1]
            RenderTableCell {TD} at (50,0) size 50x0 [bgcolor=#008000] [r=0 c=1 rs=1 cs=1]
          RenderTableRow {TR} at (0,0) size 100x100 [bgcolor=#008000]
            RenderTableCell {TD} at (0,50) size 100x0 [r=1 c=0 rs=1 cs=2]
