layer at (0,0) size 980x735
  RenderView at (0,0) size 980x735
layer at (0,0) size 980x735
  RenderBlock {HTML} at (0,0) size 980x735
    RenderBody {BODY} at (8,8) size 964x719
      RenderBlock {P} at (0,0) size 964x12
        RenderText {#text} at (0,0) size 442x11
          text run at (0,0) width 442: "This tests rowIndex, in particular in cases where the table sections are in different orders."
      RenderBlock {P} at (0,22) size 964x12
        RenderText {#text} at (0,0) size 360x11
          text run at (0,0) width 360: "A: This table has the header and footer before the body (\"normal\" order)."
      RenderTable {TABLE} at (0,44) size 156x62 [border: (1px outset #808080)]
        RenderTableSection {THEAD} at (1,1) size 154x20
          RenderTableRow {TR} at (0,2) size 154x16
            RenderTableCell {TD} at (2,2) size 79x16 [border: (1px inset #808080)] [r=0 c=0 rs=1 cs=1]
              RenderText {#text} at (2,2) size 75x11
                text run at (2,2) width 75: "table A, header"
            RenderTableCell {TD} at (83,2) size 69x16 [border: (1px inset #808080)] [r=0 c=1 rs=1 cs=1]
              RenderText {#text} at (2,2) size 65x11
                text run at (2,2) width 65: "rowIndex = 0"
        RenderTableSection {TFOOT} at (1,41) size 154x20
          RenderTableRow {TR} at (0,2) size 154x16
            RenderTableCell {TD} at (2,2) size 79x16 [border: (1px inset #808080)] [r=0 c=0 rs=1 cs=1]
              RenderText {#text} at (2,2) size 71x11
                text run at (2,2) width 71: "table A, footer"
            RenderTableCell {TD} at (83,2) size 69x16 [border: (1px inset #808080)] [r=0 c=1 rs=1 cs=1]
              RenderText {#text} at (2,2) size 65x11
                text run at (2,2) width 65: "rowIndex = 2"
        RenderTableSection {TBODY} at (1,21) size 154x20
          RenderTableRow {TR} at (0,2) size 154x16
            RenderTableCell {TD} at (2,2) size 79x16 [border: (1px inset #808080)] [r=0 c=0 rs=1 cs=1]
              RenderText {#text} at (2,2) size 65x11
                text run at (2,2) width 65: "table A, body"
            RenderTableCell {TD} at (83,2) size 69x16 [border: (1px inset #808080)] [r=0 c=1 rs=1 cs=1]
              RenderText {#text} at (2,2) size 65x11
                text run at (2,2) width 65: "rowIndex = 1"
      RenderBlock {P} at (0,116) size 964x12
        RenderText {#text} at (0,0) size 354x11
          text run at (0,0) width 354: "B: This table has the footer before the body and both before the header."
      RenderTable {TABLE} at (0,138) size 156x62 [border: (1px outset #808080)]
        RenderTableSection {TFOOT} at (1,41) size 154x20
          RenderTableRow {TR} at (0,2) size 154x16
            RenderTableCell {TD} at (2,2) size 79x16 [border: (1px inset #808080)] [r=0 c=0 rs=1 cs=1]
              RenderText {#text} at (2,2) size 71x11
                text run at (2,2) width 71: "table B, footer"
            RenderTableCell {TD} at (83,2) size 69x16 [border: (1px inset #808080)] [r=0 c=1 rs=1 cs=1]
              RenderText {#text} at (2,2) size 65x11
                text run at (2,2) width 65: "rowIndex = 2"
        RenderTableSection {TBODY} at (1,21) size 154x20
          RenderTableRow {TR} at (0,2) size 154x16
            RenderTableCell {TD} at (2,2) size 79x16 [border: (1px inset #808080)] [r=0 c=0 rs=1 cs=1]
              RenderText {#text} at (2,2) size 65x11
                text run at (2,2) width 65: "table B, body"
            RenderTableCell {TD} at (83,2) size 69x16 [border: (1px inset #808080)] [r=0 c=1 rs=1 cs=1]
              RenderText {#text} at (2,2) size 65x11
                text run at (2,2) width 65: "rowIndex = 1"
        RenderTableSection {THEAD} at (1,1) size 154x20
          RenderTableRow {TR} at (0,2) size 154x16
            RenderTableCell {TD} at (2,2) size 79x16 [border: (1px inset #808080)] [r=0 c=0 rs=1 cs=1]
              RenderText {#text} at (2,2) size 75x11
                text run at (2,2) width 75: "table B, header"
            RenderTableCell {TD} at (83,2) size 69x16 [border: (1px inset #808080)] [r=0 c=1 rs=1 cs=1]
              RenderText {#text} at (2,2) size 65x11
                text run at (2,2) width 65: "rowIndex = 0"
      RenderBlock {P} at (0,210) size 964x12
        RenderText {#text} at (0,0) size 677x11
          text run at (0,0) width 677: "C: This table has two footers before two bodies before two heads. The rows inside the extra footers and heads don't get row indices at all."
      RenderTable {TABLE} at (0,232) size 201x230 [border: (1px outset #808080)]
        RenderTableSection {TFOOT} at (1,191) size 199x38
          RenderTableRow {TR} at (0,2) size 199x16
            RenderTableCell {TD} at (2,2) size 120x16 [border: (1px inset #808080)] [r=0 c=0 rs=1 cs=1]
              RenderText {#text} at (2,2) size 112x11
                text run at (2,2) width 112: "table C, footer A row A"
            RenderTableCell {TD} at (124,2) size 73x16 [border: (1px inset #808080)] [r=0 c=1 rs=1 cs=1]
              RenderText {#text} at (2,2) size 65x11
                text run at (2,2) width 65: "rowIndex = 6"
          RenderTableRow {TR} at (0,20) size 199x16
            RenderTableCell {TD} at (2,20) size 120x16 [border: (1px inset #808080)] [r=1 c=0 rs=1 cs=1]
              RenderText {#text} at (2,2) size 112x11
                text run at (2,2) width 112: "table C, footer A row B"
            RenderTableCell {TD} at (124,20) size 73x16 [border: (1px inset #808080)] [r=1 c=1 rs=1 cs=1]
              RenderText {#text} at (2,2) size 65x11
                text run at (2,2) width 65: "rowIndex = 7"
        RenderTableSection {TFOOT} at (1,39) size 199x38
          RenderTableRow {TR} at (0,2) size 199x16
            RenderTableCell {TD} at (2,2) size 120x16 [border: (1px inset #808080)] [r=0 c=0 rs=1 cs=1]
              RenderText {#text} at (2,2) size 112x11
                text run at (2,2) width 112: "table C, footer B row A"
            RenderTableCell {TD} at (124,2) size 73x16 [border: (1px inset #808080)] [r=0 c=1 rs=1 cs=1]
              RenderText {#text} at (2,2) size 69x11
                text run at (2,2) width 69: "rowIndex = -1"
          RenderTableRow {TR} at (0,20) size 199x16
            RenderTableCell {TD} at (2,20) size 120x16 [border: (1px inset #808080)] [r=1 c=0 rs=1 cs=1]
              RenderText {#text} at (2,2) size 112x11
                text run at (2,2) width 112: "table C, footer B row B"
            RenderTableCell {TD} at (124,20) size 73x16 [border: (1px inset #808080)] [r=1 c=1 rs=1 cs=1]
              RenderText {#text} at (2,2) size 69x11
                text run at (2,2) width 69: "rowIndex = -1"
        RenderTableSection {TBODY} at (1,77) size 199x38
          RenderTableRow {TR} at (0,2) size 199x16
            RenderTableCell {TD} at (2,2) size 120x16 [border: (1px inset #808080)] [r=0 c=0 rs=1 cs=1]
              RenderText {#text} at (2,2) size 106x11
                text run at (2,2) width 106: "table C, body A row A"
            RenderTableCell {TD} at (124,2) size 73x16 [border: (1px inset #808080)] [r=0 c=1 rs=1 cs=1]
              RenderText {#text} at (2,2) size 65x11
                text run at (2,2) width 65: "rowIndex = 2"
          RenderTableRow {TR} at (0,20) size 199x16
            RenderTableCell {TD} at (2,20) size 120x16 [border: (1px inset #808080)] [r=1 c=0 rs=1 cs=1]
              RenderText {#text} at (2,2) size 106x11
                text run at (2,2) width 106: "table C, body A row B"
            RenderTableCell {TD} at (124,20) size 73x16 [border: (1px inset #808080)] [r=1 c=1 rs=1 cs=1]
              RenderText {#text} at (2,2) size 65x11
                text run at (2,2) width 65: "rowIndex = 3"
        RenderTableSection {TBODY} at (1,115) size 199x38
          RenderTableRow {TR} at (0,2) size 199x16
            RenderTableCell {TD} at (2,2) size 120x16 [border: (1px inset #808080)] [r=0 c=0 rs=1 cs=1]
              RenderText {#text} at (2,2) size 106x11
                text run at (2,2) width 106: "table C, body B row A"
            RenderTableCell {TD} at (124,2) size 73x16 [border: (1px inset #808080)] [r=0 c=1 rs=1 cs=1]
              RenderText {#text} at (2,2) size 65x11
                text run at (2,2) width 65: "rowIndex = 4"
          RenderTableRow {TR} at (0,20) size 199x16
            RenderTableCell {TD} at (2,20) size 120x16 [border: (1px inset #808080)] [r=1 c=0 rs=1 cs=1]
              RenderText {#text} at (2,2) size 106x11
                text run at (2,2) width 106: "table C, body B row B"
            RenderTableCell {TD} at (124,20) size 73x16 [border: (1px inset #808080)] [r=1 c=1 rs=1 cs=1]
              RenderText {#text} at (2,2) size 65x11
                text run at (2,2) width 65: "rowIndex = 5"
        RenderTableSection {THEAD} at (1,1) size 199x38
          RenderTableRow {TR} at (0,2) size 199x16
            RenderTableCell {TD} at (2,2) size 120x16 [border: (1px inset #808080)] [r=0 c=0 rs=1 cs=1]
              RenderText {#text} at (2,2) size 116x11
                text run at (2,2) width 116: "table C, header A row A"
            RenderTableCell {TD} at (124,2) size 73x16 [border: (1px inset #808080)] [r=0 c=1 rs=1 cs=1]
              RenderText {#text} at (2,2) size 65x11
                text run at (2,2) width 65: "rowIndex = 0"
          RenderTableRow {TR} at (0,20) size 199x16
            RenderTableCell {TD} at (2,20) size 120x16 [border: (1px inset #808080)] [r=1 c=0 rs=1 cs=1]
              RenderText {#text} at (2,2) size 116x11
                text run at (2,2) width 116: "table C, header A row B"
            RenderTableCell {TD} at (124,20) size 73x16 [border: (1px inset #808080)] [r=1 c=1 rs=1 cs=1]
              RenderText {#text} at (2,2) size 65x11
                text run at (2,2) width 65: "rowIndex = 1"
        RenderTableSection {THEAD} at (1,153) size 199x38
          RenderTableRow {TR} at (0,2) size 199x16
            RenderTableCell {TD} at (2,2) size 120x16 [border: (1px inset #808080)] [r=0 c=0 rs=1 cs=1]
              RenderText {#text} at (2,2) size 116x11
                text run at (2,2) width 116: "table C, header B row A"
            RenderTableCell {TD} at (124,2) size 73x16 [border: (1px inset #808080)] [r=0 c=1 rs=1 cs=1]
              RenderText {#text} at (2,2) size 69x11
                text run at (2,2) width 69: "rowIndex = -1"
          RenderTableRow {TR} at (0,20) size 199x16
            RenderTableCell {TD} at (2,20) size 120x16 [border: (1px inset #808080)] [r=1 c=0 rs=1 cs=1]
              RenderText {#text} at (2,2) size 116x11
                text run at (2,2) width 116: "table C, header B row B"
            RenderTableCell {TD} at (124,20) size 73x16 [border: (1px inset #808080)] [r=1 c=1 rs=1 cs=1]
              RenderText {#text} at (2,2) size 69x11
                text run at (2,2) width 69: "rowIndex = -1"
