layer at (0,0) size 980x735
  RenderView at (0,0) size 980x735
layer at (0,0) size 980x735
  RenderBlock {HTML} at (0,0) size 980x735
    RenderBody {BODY} at (8,8) size 964x719
      RenderTable {TABLE} at (0,0) size 964x100 [border: (2px outset #808080)]
        RenderTableSection {TBODY} at (2,2) size 960x96
          RenderTableRow {TR} at (0,0) size 960x22
            RenderTableCell {TD} at (0,18) size 46x59 [bgcolor=#AAAAAA] [border: (1px inset #808080)] [r=0 c=0 rs=3 cs=1]
              RenderText {#text} at (1,1) size 44x57
                text run at (1,1) width 31: "Left"
                text run at (1,20) width 16: "(3"
                text run at (1,39) width 44: "rows)"
            RenderTableCell {TD} at (46,19) size 376x21 [bgcolor=#000000] [border: (1px inset #808080)] [r=0 c=1 rs=2 cs=1]
              RenderText {#text} at (1,1) size 5x19
                text run at (1,1) width 5: " "
            RenderTableCell {TD} at (422,0) size 116x21 [border: (1px inset #808080)] [r=0 c=2 rs=1 cs=10]
              RenderText {#text} at (1,1) size 114x19
                text run at (1,1) width 114: "Middle (1 row)"
            RenderTableCell {TD} at (538,19) size 376x21 [bgcolor=#000000] [border: (1px inset #808080)] [r=0 c=12 rs=2 cs=1]
              RenderText {#text} at (1,1) size 5x19
                text run at (1,1) width 5: " "
            RenderTableCell {TD} at (914,18) size 46x59 [bgcolor=#AAAAAA] [border: (1px inset #808080)] [r=0 c=13 rs=3 cs=1]
              RenderText {#text} at (4,1) size 44x57
                text run at (4,1) width 41: "Right"
                text run at (29,20) width 16: "(3"
                text run at (1,39) width 44: "rows)"
          RenderTableRow {TR} at (0,22) size 960x37
            RenderTableCell {TD} at (422,30) size 12x21 [bgcolor=#EEEEEE] [border: (1px inset #808080)] [r=1 c=2 rs=1 cs=1]
              RenderText {#text} at (1,1) size 5x19
                text run at (1,1) width 5: " "
            RenderTableCell {TD} at (434,30) size 13x21 [bgcolor=#EEEEEE] [border: (1px inset #808080)] [r=1 c=3 rs=1 cs=1]
              RenderText {#text} at (1,1) size 5x19
                text run at (1,1) width 5: " "
            RenderTableCell {TD} at (447,30) size 13x21 [bgcolor=#EEEEEE] [border: (1px inset #808080)] [r=1 c=4 rs=1 cs=1]
              RenderText {#text} at (1,1) size 5x19
                text run at (1,1) width 5: " "
            RenderTableCell {TD} at (460,30) size 13x21 [bgcolor=#EEEEEE] [border: (1px inset #808080)] [r=1 c=5 rs=1 cs=1]
              RenderText {#text} at (1,1) size 5x19
                text run at (1,1) width 5: " "
            RenderTableCell {TD} at (473,30) size 13x21 [bgcolor=#EEEEEE] [border: (1px inset #808080)] [r=1 c=6 rs=1 cs=1]
              RenderText {#text} at (1,1) size 5x19
                text run at (1,1) width 5: " "
            RenderTableCell {TD} at (486,30) size 13x21 [bgcolor=#EEEEEE] [border: (1px inset #808080)] [r=1 c=7 rs=1 cs=1]
              RenderText {#text} at (1,1) size 5x19
                text run at (1,1) width 5: " "
            RenderTableCell {TD} at (499,30) size 13x21 [bgcolor=#EEEEEE] [border: (1px inset #808080)] [r=1 c=8 rs=1 cs=1]
              RenderText {#text} at (1,1) size 5x19
                text run at (1,1) width 5: " "
            RenderTableCell {TD} at (512,30) size 13x21 [bgcolor=#EEEEEE] [border: (1px inset #808080)] [r=1 c=9 rs=1 cs=1]
              RenderText {#text} at (1,1) size 5x19
                text run at (1,1) width 5: " "
            RenderTableCell {TD} at (525,30) size 13x21 [bgcolor=#EEEEEE] [border: (1px inset #808080)] [r=1 c=10 rs=1 cs=1]
              RenderText {#text} at (1,1) size 5x19
                text run at (1,1) width 5: " "
          RenderTableRow {TR} at (0,59) size 960x37
            RenderTableCell {TD} at (46,67) size 914x21 [bgcolor=#008000] [border: (1px inset #808080)] [r=2 c=1 rs=1 cs=13]
              RenderText {#text} at (584,1) size 329x19
                text run at (584,1) width 329: "Bottom Row Overlaps with the Right Cell!"
