layer at (0,0) size 980x735
  RenderView at (0,0) size 980x735
layer at (0,0) size 980x735
  RenderBlock {HTML} at (0,0) size 980x735
    RenderBody {BODY} at (8,8) size 964x719
      RenderTable {TABLE} at (0,0) size 199x55
        RenderTableSection {TBODY} at (0,0) size 199x55
          RenderTableRow {TR} at (0,2) size 199x2
            RenderTableCell {TD} at (2,2) size 6x2 [r=0 c=0 rs=1 cs=1]
          RenderTableRow {TR} at (0,6) size 199x0
            RenderTableCell {TD} at (2,6) size 6x2 [r=1 c=0 rs=2 cs=1]
          RenderTableRow {TR} at (0,8) size 199x0
            RenderTableCell {TD} at (10,29) size 187x2 [r=2 c=1 rs=2 cs=1]
          RenderTableRow {TR} at (0,10) size 199x43
            RenderTableCell {TD} at (2,10) size 195x43 [r=3 c=0 rs=1 cs=2]
              RenderTable {TABLE} at (1,1) size 193x41 [border: (2px outset #808080)]
                RenderTableSection {TBODY} at (2,2) size 189x37
                  RenderTableRow {TR} at (0,2) size 189x33
                    RenderTableCell {TD} at (2,16) size 4x4 [border: (1px inset #808080)] [r=0 c=0 rs=1 cs=1]
                    RenderTableCell {TD} at (8,2) size 179x33 [border: (1px inset #808080)] [r=0 c=1 rs=1 cs=1]
                      RenderTextControl {INPUT} at (4,4) size 171x25 [bgcolor=#FFFFFF]
                      RenderText {#text} at (0,0) size 0x0
layer at (29,33) size 164x15
  RenderBlock {DIV} at (4,6) size 164x15
    RenderText {#text} at (0,0) size 32x15
      text run at (0,0) width 32: "hello"
