layer at (0,0) size 980x735
  RenderView at (0,0) size 980x735
layer at (0,0) size 980x735
  RenderBlock {HTML} at (0,0) size 980x735
    RenderBody {BODY} at (8,8) size 964x719
      RenderBlock {P} at (0,0) size 964x19
        RenderText {#text} at (0,0) size 67x19
          text run at (0,0) width 67: "Test for "
        RenderInline {I} at (0,0) size 867x19
          RenderInline {A} at (0,0) size 372x19 [color=#0000EE]
            RenderText {#text} at (67,0) size 372x19
              text run at (67,0) width 372: "http://bugs.webkit.org/show_bug.cgi?id=13774"
          RenderText {#text} at (439,0) size 495x19
            text run at (439,0) width 5: " "
            text run at (444,0) width 490: "REGRESSION: Crash emailing blog entry using Google Reader"
        RenderText {#text} at (934,0) size 5x19
          text run at (934,0) width 5: "."
      RenderBlock {P} at (0,35) size 964x19
        RenderText {#text} at (0,0) size 74x19
          text run at (0,0) width 74: "SUCCESS"
      RenderBlock (anonymous) at (0,70) size 964x1
        RenderImage {IMG} at (0,0) size 1x1
        RenderText {#text} at (0,0) size 0x0
      RenderTable {TABLE} at (0,71) size 2x2
        RenderTableSection {TBODY} at (0,0) size 2x2
          RenderTableRow {TR} at (0,0) size 2x0
          RenderTableRow {TR} at (0,0) size 2x2
            RenderTableCell {TD} at (0,0) size 2x2 [r=1 c=0 rs=1 cs=1]
