layer at (0,0) size 980x735
  RenderView at (0,0) size 980x735
layer at (0,0) size 980x735
  RenderBlock {HTML} at (0,0) size 980x735
    RenderBody {BODY} at (8,8) size 964x719
      RenderTable {TABLE} at (0,0) size 247x83
        RenderTableSection {TBODY} at (0,0) size 247x83
          RenderTableRow {TR} at (0,2) size 247x79
            RenderTableCell {TD} at (2,2) size 243x79 [r=0 c=0 rs=1 cs=1]
              RenderTable {TABLE} at (1,1) size 241x25
                RenderTableSection {TBODY} at (0,0) size 241x25
                  RenderTableRow {TR} at (0,2) size 241x21
                    RenderTableCell {TD} at (2,2) size 237x21 [r=0 c=0 rs=1 cs=1]
                      RenderText {#text} at (1,1) size 235x19
                        text run at (1,1) width 235: "This should all be on one line."
              RenderTable {TABLE} at (1,26) size 102x52
                RenderTableSection {THEAD} at (0,25) size 102x2
                RenderBlock {CAPTION} at (0,0) size 102x25
                  RenderTable {TABLE} at (17,0) size 67x25
                    RenderTableSection {TBODY} at (0,0) size 67x25
                      RenderTableRow {TR} at (0,2) size 67x21
                        RenderTableCell {TD} at (2,2) size 63x21 [r=0 c=0 rs=1 cs=1]
                          RenderText {#text} at (1,1) size 61x19
                            text run at (1,1) width 61: "Caption"
                RenderTableSection {TBODY} at (0,27) size 102x25
                  RenderTableRow {TR} at (0,2) size 102x21
                    RenderTableCell {TD} at (2,2) size 61x21 [r=0 c=0 rs=1 cs=1]
                      RenderText {#text} at (1,1) size 59x19
                        text run at (1,1) width 59: "Bottom"
                    RenderTableCell {TD} at (65,2) size 35x21 [r=0 c=1 rs=1 cs=1]
                      RenderText {#text} at (1,1) size 33x19
                        text run at (1,1) width 33: "line."
