layer at (0,0) size 980x1491
  RenderView at (0,0) size 980x735
layer at (0,0) size 980x1491
  RenderBlock {HTML} at (0,0) size 980x1491
    RenderBody {BODY} at (8,10) size 964x1473
      RenderTable {TABLE} at (10,0) size 100x146 [border: (1px solid #000000)]
        RenderTableSection {THEAD} at (1,1) size 25x144
          RenderTableRow {TR} at (0,2) size 21x144
            RenderTableCell {TD} at (2,2) size 21x69 [r=0 c=0 rs=1 cs=1]
              RenderText {#text} at (1,1) size 19x57
                text run at (1,1) width 57: "Head 1"
            RenderTableCell {TD} at (2,73) size 21x69 [r=0 c=1 rs=1 cs=1]
              RenderText {#text} at (1,1) size 19x57
                text run at (1,1) width 57: "Head 2"
        RenderTableSection {TFOOT} at (74,1) size 25x144
          RenderTableRow {TR} at (0,2) size 21x144
            RenderTableCell {TD} at (2,2) size 21x69 [r=0 c=0 rs=1 cs=1]
              RenderText {#text} at (1,1) size 19x67
                text run at (1,1) width 67: "Footer 1"
            RenderTableCell {TD} at (2,73) size 21x69 [r=0 c=1 rs=1 cs=1]
              RenderText {#text} at (1,1) size 19x67
                text run at (1,1) width 67: "Footer 2"
        RenderTableSection {TBODY} at (26,1) size 48x144
          RenderTableRow {TR} at (0,2) size 21x144
            RenderTableCell {TD} at (2,2) size 21x69 [r=0 c=0 rs=1 cs=1]
              RenderText {#text} at (1,1) size 19x44
                text run at (1,1) width 44: "Cell 1"
            RenderTableCell {TD} at (2,73) size 21x69 [r=0 c=1 rs=1 cs=1]
              RenderText {#text} at (1,1) size 19x44
                text run at (1,1) width 44: "Cell 2"
          RenderTableRow {TR} at (0,25) size 21x144
            RenderTableCell {TD} at (25,2) size 21x69 [r=1 c=0 rs=1 cs=1]
              RenderText {#text} at (1,1) size 19x44
                text run at (1,1) width 44: "Cell 3"
            RenderTableCell {TD} at (25,73) size 21x69 [r=1 c=1 rs=1 cs=1]
              RenderText {#text} at (1,1) size 19x44
                text run at (1,1) width 44: "Cell 4"
      RenderBlock {P} at (0,162) size 964x19
        RenderText {#text} at (0,0) size 276x19
          text run at (0,0) width 276: "Row groups have display:table-cell"
      RenderTable {TABLE} at (10,197) size 64x284 [border: (1px solid #000000)]
        RenderTableSection (anonymous) at (1,1) size 33x282
          RenderTableRow (anonymous) at (0,2) size 29x282
            RenderTableCell {THEAD} at (2,2) size 29x128 [r=0 c=0 rs=1 cs=1]
              RenderTable at (0,0) size 29x128
                RenderTableSection (anonymous) at (0,0) size 29x128
                  RenderTableRow (anonymous) at (0,2) size 25x128
                    RenderTableCell {TR} at (2,2) size 25x124 [r=0 c=0 rs=1 cs=1]
                      RenderTable at (0,0) size 25x124
                        RenderTableSection (anonymous) at (0,0) size 25x124
                          RenderTableRow (anonymous) at (0,2) size 21x124
                            RenderTableCell {TD} at (2,2) size 21x59 [r=0 c=0 rs=1 cs=1]
                              RenderText {#text} at (1,1) size 19x57
                                text run at (1,1) width 57: "Head 1"
                            RenderTableCell {TD} at (2,63) size 21x59 [r=0 c=1 rs=1 cs=1]
                              RenderText {#text} at (1,1) size 19x57
                                text run at (1,1) width 57: "Head 2"
            RenderTableCell {TFOOT} at (2,132) size 29x148 [r=0 c=1 rs=1 cs=1]
              RenderTable at (0,0) size 29x148
                RenderTableSection (anonymous) at (0,0) size 29x148
                  RenderTableRow (anonymous) at (0,2) size 25x148
                    RenderTableCell {TR} at (2,2) size 25x144 [r=0 c=0 rs=1 cs=1]
                      RenderTable at (0,0) size 25x144
                        RenderTableSection (anonymous) at (0,0) size 25x144
                          RenderTableRow (anonymous) at (0,2) size 21x144
                            RenderTableCell {TD} at (2,2) size 21x69 [r=0 c=0 rs=1 cs=1]
                              RenderText {#text} at (1,1) size 19x67
                                text run at (1,1) width 67: "Footer 1"
                            RenderTableCell {TD} at (2,73) size 21x69 [r=0 c=1 rs=1 cs=1]
                              RenderText {#text} at (1,1) size 19x67
                                text run at (1,1) width 67: "Footer 2"
        RenderTableSection {TBODY} at (34,1) size 29x282
          RenderTableRow (anonymous) at (0,2) size 25x282
            RenderTableCell {TR} at (2,2) size 25x128 [r=0 c=0 rs=1 cs=1]
              RenderTable at (0,0) size 25x98
                RenderTableSection (anonymous) at (0,0) size 25x98
                  RenderTableRow (anonymous) at (0,2) size 21x98
                    RenderTableCell {TD} at (2,2) size 21x46 [r=0 c=0 rs=1 cs=1]
                      RenderText {#text} at (1,1) size 19x44
                        text run at (1,1) width 44: "Cell 1"
                    RenderTableCell {TD} at (2,50) size 21x46 [r=0 c=1 rs=1 cs=1]
                      RenderText {#text} at (1,1) size 19x44
                        text run at (1,1) width 44: "Cell 2"
            RenderTableCell {TR} at (2,132) size 25x148 [r=0 c=1 rs=1 cs=1]
              RenderTable at (0,0) size 25x98
                RenderTableSection (anonymous) at (0,0) size 25x98
                  RenderTableRow (anonymous) at (0,2) size 21x98
                    RenderTableCell {TD} at (2,2) size 21x46 [r=0 c=0 rs=1 cs=1]
                      RenderText {#text} at (1,1) size 19x44
                        text run at (1,1) width 44: "Cell 3"
                    RenderTableCell {TD} at (2,50) size 21x46 [r=0 c=1 rs=1 cs=1]
                      RenderText {#text} at (1,1) size 19x44
                        text run at (1,1) width 44: "Cell 4"
      RenderBlock {P} at (0,497) size 964x19
        RenderText {#text} at (0,0) size 245x19
          text run at (0,0) width 245: "Row groups have display:block"
      RenderTable {TABLE} at (10,532) size 110x150 [border: (1px solid #000000)]
        RenderTableSection (anonymous) at (1,1) size 54x148
          RenderTableRow (anonymous) at (0,2) size 50x148
            RenderTableCell (anonymous) at (2,2) size 50x144 [r=0 c=0 rs=1 cs=1]
              RenderBlock {THEAD} at (0,0) size 25x144
                RenderBlock {TR} at (0,0) size 25x144
                  RenderTable at (0,0) size 25x124
                    RenderTableSection (anonymous) at (0,0) size 25x124
                      RenderTableRow (anonymous) at (0,2) size 21x124
                        RenderTableCell {TD} at (2,2) size 21x59 [r=0 c=0 rs=1 cs=1]
                          RenderText {#text} at (1,1) size 19x57
                            text run at (1,1) width 57: "Head 1"
                        RenderTableCell {TD} at (2,63) size 21x59 [r=0 c=1 rs=1 cs=1]
                          RenderText {#text} at (1,1) size 19x57
                            text run at (1,1) width 57: "Head 2"
              RenderBlock {TFOOT} at (25,0) size 25x144
                RenderBlock {TR} at (0,0) size 25x144
                  RenderTable at (0,0) size 25x144
                    RenderTableSection (anonymous) at (0,0) size 25x144
                      RenderTableRow (anonymous) at (0,2) size 21x144
                        RenderTableCell {TD} at (2,2) size 21x69 [r=0 c=0 rs=1 cs=1]
                          RenderText {#text} at (1,1) size 19x67
                            text run at (1,1) width 67: "Footer 1"
                        RenderTableCell {TD} at (2,73) size 21x69 [r=0 c=1 rs=1 cs=1]
                          RenderText {#text} at (1,1) size 19x67
                            text run at (1,1) width 67: "Footer 2"
        RenderTableSection {TBODY} at (55,1) size 54x148
          RenderTableRow (anonymous) at (0,2) size 50x148
            RenderTableCell (anonymous) at (2,2) size 50x144 [r=0 c=0 rs=1 cs=1]
              RenderBlock {TR} at (0,0) size 25x144
                RenderTable at (0,0) size 25x98
                  RenderTableSection (anonymous) at (0,0) size 25x98
                    RenderTableRow (anonymous) at (0,2) size 21x98
                      RenderTableCell {TD} at (2,2) size 21x46 [r=0 c=0 rs=1 cs=1]
                        RenderText {#text} at (1,1) size 19x44
                          text run at (1,1) width 44: "Cell 1"
                      RenderTableCell {TD} at (2,50) size 21x46 [r=0 c=1 rs=1 cs=1]
                        RenderText {#text} at (1,1) size 19x44
                          text run at (1,1) width 44: "Cell 2"
              RenderBlock {TR} at (25,0) size 25x144
                RenderTable at (0,0) size 25x98
                  RenderTableSection (anonymous) at (0,0) size 25x98
                    RenderTableRow (anonymous) at (0,2) size 21x98
                      RenderTableCell {TD} at (2,2) size 21x46 [r=0 c=0 rs=1 cs=1]
                        RenderText {#text} at (1,1) size 19x44
                          text run at (1,1) width 44: "Cell 3"
                      RenderTableCell {TD} at (2,50) size 21x46 [r=0 c=1 rs=1 cs=1]
                        RenderText {#text} at (1,1) size 19x44
                          text run at (1,1) width 44: "Cell 4"
      RenderTable at (0,692) size 113x781
        RenderTableSection (anonymous) at (0,0) size 113x781
          RenderTableRow (anonymous) at (0,0) size 113x781
            RenderTableCell {P} at (0,0) size 113x781 [border: (1px solid #000000)] [r=0 c=0 rs=1 cs=1]
              RenderText {#text} at (1,1) size 111x779
                text run at (1,1) width 105: "Lorem ipsum"
                text run at (1,20) width 64: "dolor sit"
                text run at (1,39) width 47: "amet,"
                text run at (1,58) width 95: "consectetur"
                text run at (1,77) width 83: "adipisicing"
                text run at (1,96) width 87: "elit, sed do"
                text run at (1,115) width 68: "eiusmod"
                text run at (1,134) width 59: "tempor"
                text run at (1,153) width 98: "incididunt ut"
                text run at (1,172) width 72: "labore et"
                text run at (1,191) width 51: "dolore"
                text run at (1,210) width 56: "magna"
                text run at (1,229) width 76: "aliqua. Ut"
                text run at (1,248) width 65: "enim ad"
                text run at (1,267) width 50: "minim"
                text run at (1,286) width 101: "veniam, quis"
                text run at (1,305) width 61: "nostrud"
                text run at (1,324) width 95: "exercitation"
                text run at (1,343) width 63: "ullamco"
                text run at (1,362) width 105: "laboris nisi ut"
                text run at (1,381) width 101: "aliquip ex ea"
                text run at (1,400) width 81: "commodo"
                text run at (1,419) width 88: "consequat."
                text run at (1,438) width 75: "Duis aute"
                text run at (1,457) width 103: "irure dolor in"
                text run at (1,476) width 111: "reprehenderit"
                text run at (1,495) width 94: "in voluptate"
                text run at (1,514) width 74: "velit esse"
                text run at (1,533) width 103: "cillum dolore"
                text run at (1,552) width 71: "eu fugiat"
                text run at (1,571) width 38: "nulla"
                text run at (1,590) width 69: "pariatur."
                text run at (1,609) width 81: "Excepteur"
                text run at (1,628) width 106: "sint occaecat"
                text run at (1,647) width 110: "cupidatat non"
                text run at (1,666) width 111: "proident, sunt"
                text run at (1,685) width 91: "in culpa qui"
                text run at (1,704) width 49: "officia"
                text run at (1,723) width 71: "deserunt"
                text run at (1,742) width 108: "mollit anim id"
                text run at (1,761) width 101: "est laborum."
