layer at (0,0) size 980x735
  RenderView at (0,0) size 980x735
layer at (0,0) size 980x559
  RenderBlock {HTML} at (0,0) size 980x559
    RenderBody {BODY} at (8,10) size 964x541
      RenderBlock {TABLE} at (10,0) size 944x100 [border: (1px solid #000000)]
        RenderTable at (1,1) size 144x98
          RenderTableSection {THEAD} at (0,0) size 144x25
            RenderTableRow {TR} at (0,2) size 144x21
              RenderTableCell {TD} at (2,2) size 69x21 [r=0 c=0 rs=1 cs=1]
                RenderText {#text} at (1,1) size 57x19
                  text run at (1,1) width 57: "Head 1"
              RenderTableCell {TD} at (73,2) size 69x21 [r=0 c=1 rs=1 cs=1]
                RenderText {#text} at (1,1) size 57x19
                  text run at (1,1) width 57: "Head 2"
          RenderTableSection {TFOOT} at (0,73) size 144x25
            RenderTableRow {TR} at (0,2) size 144x21
              RenderTableCell {TD} at (2,2) size 69x21 [r=0 c=0 rs=1 cs=1]
                RenderText {#text} at (1,1) size 67x19
                  text run at (1,1) width 67: "Footer 1"
              RenderTableCell {TD} at (73,2) size 69x21 [r=0 c=1 rs=1 cs=1]
                RenderText {#text} at (1,1) size 67x19
                  text run at (1,1) width 67: "Footer 2"
          RenderTableSection {TBODY} at (0,25) size 144x48
            RenderTableRow {TR} at (0,2) size 144x21
              RenderTableCell {TD} at (2,2) size 69x21 [r=0 c=0 rs=1 cs=1]
                RenderText {#text} at (1,1) size 44x19
                  text run at (1,1) width 44: "Cell 1"
              RenderTableCell {TD} at (73,2) size 69x21 [r=0 c=1 rs=1 cs=1]
                RenderText {#text} at (1,1) size 44x19
                  text run at (1,1) width 44: "Cell 2"
            RenderTableRow {TR} at (0,25) size 144x21
              RenderTableCell {TD} at (2,25) size 69x21 [r=1 c=0 rs=1 cs=1]
                RenderText {#text} at (1,1) size 44x19
                  text run at (1,1) width 44: "Cell 3"
              RenderTableCell {TD} at (73,25) size 69x21 [r=1 c=1 rs=1 cs=1]
                RenderText {#text} at (1,1) size 44x19
                  text run at (1,1) width 44: "Cell 4"
      RenderBlock {TABLE} at (10,110) size 944x56 [border: (1px solid #000000)]
        RenderTable at (1,1) size 270x54
          RenderTableSection (anonymous) at (0,0) size 270x29
            RenderTableRow (anonymous) at (0,2) size 270x25
              RenderTableCell {THEAD} at (2,2) size 122x25 [r=0 c=0 rs=1 cs=1]
                RenderTable at (0,0) size 122x25
                  RenderTableSection (anonymous) at (0,0) size 122x25
                    RenderTableRow (anonymous) at (0,2) size 122x21
                      RenderTableCell {TR} at (2,2) size 118x21 [r=0 c=0 rs=1 cs=1]
                        RenderInline {TD} at (0,0) size 59x21
                          RenderText {#text} at (1,2) size 57x19
                            text run at (1,2) width 57: "Head 1"
                        RenderInline {TD} at (0,0) size 59x21
                          RenderText {#text} at (60,2) size 57x19
                            text run at (60,2) width 57: "Head 2"
              RenderTableCell {TFOOT} at (126,2) size 142x25 [r=0 c=1 rs=1 cs=1]
                RenderTable at (0,0) size 142x25
                  RenderTableSection (anonymous) at (0,0) size 142x25
                    RenderTableRow (anonymous) at (0,2) size 142x21
                      RenderTableCell {TR} at (2,2) size 138x21 [r=0 c=0 rs=1 cs=1]
                        RenderInline {TD} at (0,0) size 69x21
                          RenderText {#text} at (1,2) size 67x19
                            text run at (1,2) width 67: "Footer 1"
                        RenderInline {TD} at (0,0) size 69x21
                          RenderText {#text} at (70,2) size 67x19
                            text run at (70,2) width 67: "Footer 2"
          RenderTableSection {TBODY} at (0,29) size 270x25
            RenderTableRow (anonymous) at (0,2) size 270x21
              RenderTableCell {TR} at (2,2) size 122x21 [r=0 c=0 rs=1 cs=1]
                RenderInline {TD} at (0,0) size 46x21
                  RenderText {#text} at (1,2) size 44x19
                    text run at (1,2) width 44: "Cell 1"
                RenderInline {TD} at (0,0) size 46x21
                  RenderText {#text} at (47,2) size 44x19
                    text run at (47,2) width 44: "Cell 2"
              RenderTableCell {TR} at (126,2) size 142x21 [r=0 c=1 rs=1 cs=1]
                RenderInline {TD} at (0,0) size 46x21
                  RenderText {#text} at (1,2) size 44x19
                    text run at (1,2) width 44: "Cell 3"
                RenderInline {TD} at (0,0) size 46x21
                  RenderText {#text} at (47,2) size 44x19
                    text run at (47,2) width 44: "Cell 4"
      RenderBlock {TABLE} at (10,176) size 944x106 [border: (1px solid #000000)]
        RenderBlock {THEAD} at (1,1) size 942x25
          RenderBlock {TR} at (0,0) size 942x25
            RenderTable at (0,0) size 124x25
              RenderTableSection (anonymous) at (0,0) size 124x25
                RenderTableRow (anonymous) at (0,2) size 124x21
                  RenderTableCell {TD} at (2,2) size 59x21 [r=0 c=0 rs=1 cs=1]
                    RenderText {#text} at (1,1) size 57x19
                      text run at (1,1) width 57: "Head 1"
                  RenderTableCell {TD} at (63,2) size 59x21 [r=0 c=1 rs=1 cs=1]
                    RenderText {#text} at (1,1) size 57x19
                      text run at (1,1) width 57: "Head 2"
        RenderBlock {TFOOT} at (1,26) size 942x25
          RenderBlock {TR} at (0,0) size 942x25
            RenderTable at (0,0) size 144x25
              RenderTableSection (anonymous) at (0,0) size 144x25
                RenderTableRow (anonymous) at (0,2) size 144x21
                  RenderTableCell {TD} at (2,2) size 69x21 [r=0 c=0 rs=1 cs=1]
                    RenderText {#text} at (1,1) size 67x19
                      text run at (1,1) width 67: "Footer 1"
                  RenderTableCell {TD} at (73,2) size 69x21 [r=0 c=1 rs=1 cs=1]
                    RenderText {#text} at (1,1) size 67x19
                      text run at (1,1) width 67: "Footer 2"
        RenderTable at (1,51) size 102x54
          RenderTableSection {TBODY} at (0,0) size 102x54
            RenderTableRow (anonymous) at (0,2) size 102x50
              RenderTableCell (anonymous) at (2,2) size 98x50 [r=0 c=0 rs=1 cs=1]
                RenderBlock {TR} at (0,0) size 98x25
                  RenderTable at (0,0) size 98x25
                    RenderTableSection (anonymous) at (0,0) size 98x25
                      RenderTableRow (anonymous) at (0,2) size 98x21
                        RenderTableCell {TD} at (2,2) size 46x21 [r=0 c=0 rs=1 cs=1]
                          RenderText {#text} at (1,1) size 44x19
                            text run at (1,1) width 44: "Cell 1"
                        RenderTableCell {TD} at (50,2) size 46x21 [r=0 c=1 rs=1 cs=1]
                          RenderText {#text} at (1,1) size 44x19
                            text run at (1,1) width 44: "Cell 2"
                RenderBlock {TR} at (0,25) size 98x25
                  RenderTable at (0,0) size 98x25
                    RenderTableSection (anonymous) at (0,0) size 98x25
                      RenderTableRow (anonymous) at (0,2) size 98x21
                        RenderTableCell {TD} at (2,2) size 46x21 [r=0 c=0 rs=1 cs=1]
                          RenderText {#text} at (1,1) size 44x19
                            text run at (1,1) width 44: "Cell 3"
                        RenderTableCell {TD} at (50,2) size 46x21 [r=0 c=1 rs=1 cs=1]
                          RenderText {#text} at (1,1) size 44x19
                            text run at (1,1) width 44: "Cell 4"
      RenderTable at (0,292) size 302x249
        RenderTableSection (anonymous) at (0,0) size 302x249
          RenderTableRow (anonymous) at (0,0) size 302x249
            RenderTableCell {P} at (0,0) size 302x249 [border: (1px solid #000000)] [r=0 c=0 rs=1 cs=1]
              RenderText {#text} at (1,1) size 299x247
                text run at (1,1) width 226: "Lorem ipsum dolor sit amet,"
                text run at (1,20) width 275: "consectetur adipisicing elit, sed do"
                text run at (1,39) width 291: "eiusmod tempor incididunt ut labore"
                text run at (1,58) width 284: "et dolore magna aliqua. Ut enim ad"
                text run at (1,77) width 222: "minim veniam, quis nostrud"
                text run at (1,96) width 273: "exercitation ullamco laboris nisi ut"
                text run at (1,115) width 280: "aliquip ex ea commodo consequat."
                text run at (1,134) width 299: "Duis aute irure dolor in reprehenderit"
                text run at (1,153) width 281: "in voluptate velit esse cillum dolore"
                text run at (1,172) width 274: "eu fugiat nulla pariatur. Excepteur"
                text run at (1,191) width 298: "sint occaecat cupidatat non proident,"
                text run at (1,210) width 260: "sunt in culpa qui officia deserunt"
                text run at (1,229) width 214: "mollit anim id est laborum."
