layer at (0,0) size 980x735
  RenderView at (0,0) size 980x735
layer at (0,0) size 980x735
  RenderBlock {HTML} at (0,0) size 980x735
    RenderBody {BODY} at (8,8) size 964x719
      RenderBlock (anonymous) at (0,0) size 964x38
        RenderText {#text} at (0,0) size 835x19
          text run at (0,0) width 835: "You should see a table with a dotted green outline, and four table cells inside it with a solid black outline."
        RenderBR {BR} at (835,15) size 0x0
        RenderBR {BR} at (0,19) size 0x19
      RenderTable {TABLE} at (0,38) size 98x48
        RenderTableSection {TBODY} at (0,0) size 98x48
          RenderTableRow {TR} at (0,2) size 98x21
            RenderTableCell {TD} at (2,2) size 46x21 [r=0 c=0 rs=1 cs=1]
              RenderText {#text} at (1,1) size 44x19
                text run at (1,1) width 44: "Cell 1"
            RenderTableCell {TD} at (50,2) size 46x21 [r=0 c=1 rs=1 cs=1]
              RenderText {#text} at (1,1) size 44x19
                text run at (1,1) width 44: "Cell 2"
          RenderTableRow {TR} at (0,25) size 98x21
            RenderTableCell {TD} at (2,25) size 46x21 [r=1 c=0 rs=1 cs=1]
              RenderText {#text} at (1,1) size 44x19
                text run at (1,1) width 44: "Cell 3"
            RenderTableCell {TD} at (50,25) size 46x21 [r=1 c=1 rs=1 cs=1]
              RenderText {#text} at (1,1) size 44x19
                text run at (1,1) width 44: "Cell 4"
