layer at (0,0) size 980x735
  RenderView at (0,0) size 980x735
layer at (0,0) size 980x735
  RenderBlock {HTML} at (0,0) size 980x735
    RenderBody {BODY} at (8,10) size 964x717
      RenderTable {TABLE} at (10,0) size 146x100 [border: (1px solid #000000)]
        RenderTableSection {THEAD} at (1,1) size 144x25
          RenderTableRow {TR} at (0,2) size 144x21
            RenderTableCell {TD} at (2,2) size 69x21 [r=0 c=0 rs=1 cs=1]
              RenderText {#text} at (1,1) size 57x19
                text run at (1,1) width 57: "Head 1"
            RenderTableCell {TD} at (73,2) size 69x21 [r=0 c=1 rs=1 cs=1]
              RenderText {#text} at (1,1) size 57x19
                text run at (1,1) width 57: "Head 2"
        RenderTableSection {TFOOT} at (1,74) size 144x25
          RenderTableRow {TR} at (0,2) size 144x21
            RenderTableCell {TD} at (2,2) size 69x21 [r=0 c=0 rs=1 cs=1]
              RenderText {#text} at (1,1) size 67x19
                text run at (1,1) width 67: "Footer 1"
            RenderTableCell {TD} at (73,2) size 69x21 [r=0 c=1 rs=1 cs=1]
              RenderText {#text} at (1,1) size 67x19
                text run at (1,1) width 67: "Footer 2"
        RenderTableSection {TBODY} at (1,26) size 144x48
          RenderTableRow {TR} at (0,2) size 144x21
            RenderTableCell {TD} at (2,2) size 69x21 [r=0 c=0 rs=1 cs=1]
              RenderText {#text} at (1,1) size 44x19
                text run at (1,1) width 44: "Cell 1"
            RenderTableCell {TD} at (73,2) size 69x21 [r=0 c=1 rs=1 cs=1]
              RenderText {#text} at (1,1) size 44x19
                text run at (1,1) width 44: "Cell 2"
          RenderTableRow {TR} at (0,25) size 144x21
            RenderTableCell {TD} at (2,25) size 69x21 [r=1 c=0 rs=1 cs=1]
              RenderText {#text} at (1,1) size 44x19
                text run at (1,1) width 44: "Cell 3"
            RenderTableCell {TD} at (73,25) size 69x21 [r=1 c=1 rs=1 cs=1]
              RenderText {#text} at (1,1) size 44x19
                text run at (1,1) width 44: "Cell 4"
      RenderBlock {P} at (0,116) size 964x19
        RenderText {#text} at (0,0) size 276x19
          text run at (0,0) width 276: "Row groups have display:table-cell"
      RenderTable {TABLE} at (10,151) size 284x64 [border: (1px solid #000000)]
        RenderTableSection (anonymous) at (1,1) size 282x33
          RenderTableRow (anonymous) at (0,2) size 282x29
            RenderTableCell {THEAD} at (2,2) size 128x29 [r=0 c=0 rs=1 cs=1]
              RenderTable at (0,0) size 128x29
                RenderTableSection (anonymous) at (0,0) size 128x29
                  RenderTableRow (anonymous) at (0,2) size 128x25
                    RenderTableCell {TR} at (2,2) size 124x25 [r=0 c=0 rs=1 cs=1]
                      RenderTable at (0,0) size 124x25
                        RenderTableSection (anonymous) at (0,0) size 124x25
                          RenderTableRow (anonymous) at (0,2) size 124x21
                            RenderTableCell {TD} at (2,2) size 59x21 [r=0 c=0 rs=1 cs=1]
                              RenderText {#text} at (1,1) size 57x19
                                text run at (1,1) width 57: "Head 1"
                            RenderTableCell {TD} at (63,2) size 59x21 [r=0 c=1 rs=1 cs=1]
                              RenderText {#text} at (1,1) size 57x19
                                text run at (1,1) width 57: "Head 2"
            RenderTableCell {TFOOT} at (132,2) size 148x29 [r=0 c=1 rs=1 cs=1]
              RenderTable at (0,0) size 148x29
                RenderTableSection (anonymous) at (0,0) size 148x29
                  RenderTableRow (anonymous) at (0,2) size 148x25
                    RenderTableCell {TR} at (2,2) size 144x25 [r=0 c=0 rs=1 cs=1]
                      RenderTable at (0,0) size 144x25
                        RenderTableSection (anonymous) at (0,0) size 144x25
                          RenderTableRow (anonymous) at (0,2) size 144x21
                            RenderTableCell {TD} at (2,2) size 69x21 [r=0 c=0 rs=1 cs=1]
                              RenderText {#text} at (1,1) size 67x19
                                text run at (1,1) width 67: "Footer 1"
                            RenderTableCell {TD} at (73,2) size 69x21 [r=0 c=1 rs=1 cs=1]
                              RenderText {#text} at (1,1) size 67x19
                                text run at (1,1) width 67: "Footer 2"
        RenderTableSection {TBODY} at (1,34) size 282x29
          RenderTableRow (anonymous) at (0,2) size 282x25
            RenderTableCell {TR} at (2,2) size 128x25 [r=0 c=0 rs=1 cs=1]
              RenderTable at (0,0) size 98x25
                RenderTableSection (anonymous) at (0,0) size 98x25
                  RenderTableRow (anonymous) at (0,2) size 98x21
                    RenderTableCell {TD} at (2,2) size 46x21 [r=0 c=0 rs=1 cs=1]
                      RenderText {#text} at (1,1) size 44x19
                        text run at (1,1) width 44: "Cell 1"
                    RenderTableCell {TD} at (50,2) size 46x21 [r=0 c=1 rs=1 cs=1]
                      RenderText {#text} at (1,1) size 44x19
                        text run at (1,1) width 44: "Cell 2"
            RenderTableCell {TR} at (132,2) size 148x25 [r=0 c=1 rs=1 cs=1]
              RenderTable at (0,0) size 98x25
                RenderTableSection (anonymous) at (0,0) size 98x25
                  RenderTableRow (anonymous) at (0,2) size 98x21
                    RenderTableCell {TD} at (2,2) size 46x21 [r=0 c=0 rs=1 cs=1]
                      RenderText {#text} at (1,1) size 44x19
                        text run at (1,1) width 44: "Cell 3"
                    RenderTableCell {TD} at (50,2) size 46x21 [r=0 c=1 rs=1 cs=1]
                      RenderText {#text} at (1,1) size 44x19
                        text run at (1,1) width 44: "Cell 4"
      RenderBlock {P} at (0,231) size 964x19
        RenderText {#text} at (0,0) size 245x19
          text run at (0,0) width 245: "Row groups have display:block"
      RenderTable {TABLE} at (10,266) size 150x110 [border: (1px solid #000000)]
        RenderTableSection (anonymous) at (1,1) size 148x54
          RenderTableRow (anonymous) at (0,2) size 148x50
            RenderTableCell (anonymous) at (2,2) size 144x50 [r=0 c=0 rs=1 cs=1]
              RenderBlock {THEAD} at (0,0) size 144x25
                RenderBlock {TR} at (0,0) size 144x25
                  RenderTable at (0,0) size 124x25
                    RenderTableSection (anonymous) at (0,0) size 124x25
                      RenderTableRow (anonymous) at (0,2) size 124x21
                        RenderTableCell {TD} at (2,2) size 59x21 [r=0 c=0 rs=1 cs=1]
                          RenderText {#text} at (1,1) size 57x19
                            text run at (1,1) width 57: "Head 1"
                        RenderTableCell {TD} at (63,2) size 59x21 [r=0 c=1 rs=1 cs=1]
                          RenderText {#text} at (1,1) size 57x19
                            text run at (1,1) width 57: "Head 2"
              RenderBlock {TFOOT} at (0,25) size 144x25
                RenderBlock {TR} at (0,0) size 144x25
                  RenderTable at (0,0) size 144x25
                    RenderTableSection (anonymous) at (0,0) size 144x25
                      RenderTableRow (anonymous) at (0,2) size 144x21
                        RenderTableCell {TD} at (2,2) size 69x21 [r=0 c=0 rs=1 cs=1]
                          RenderText {#text} at (1,1) size 67x19
                            text run at (1,1) width 67: "Footer 1"
                        RenderTableCell {TD} at (73,2) size 69x21 [r=0 c=1 rs=1 cs=1]
                          RenderText {#text} at (1,1) size 67x19
                            text run at (1,1) width 67: "Footer 2"
        RenderTableSection {TBODY} at (1,55) size 148x54
          RenderTableRow (anonymous) at (0,2) size 148x50
            RenderTableCell (anonymous) at (2,2) size 144x50 [r=0 c=0 rs=1 cs=1]
              RenderBlock {TR} at (0,0) size 144x25
                RenderTable at (0,0) size 98x25
                  RenderTableSection (anonymous) at (0,0) size 98x25
                    RenderTableRow (anonymous) at (0,2) size 98x21
                      RenderTableCell {TD} at (2,2) size 46x21 [r=0 c=0 rs=1 cs=1]
                        RenderText {#text} at (1,1) size 44x19
                          text run at (1,1) width 44: "Cell 1"
                      RenderTableCell {TD} at (50,2) size 46x21 [r=0 c=1 rs=1 cs=1]
                        RenderText {#text} at (1,1) size 44x19
                          text run at (1,1) width 44: "Cell 2"
              RenderBlock {TR} at (0,25) size 144x25
                RenderTable at (0,0) size 98x25
                  RenderTableSection (anonymous) at (0,0) size 98x25
                    RenderTableRow (anonymous) at (0,2) size 98x21
                      RenderTableCell {TD} at (2,2) size 46x21 [r=0 c=0 rs=1 cs=1]
                        RenderText {#text} at (1,1) size 44x19
                          text run at (1,1) width 44: "Cell 3"
                      RenderTableCell {TD} at (50,2) size 46x21 [r=0 c=1 rs=1 cs=1]
                        RenderText {#text} at (1,1) size 44x19
                          text run at (1,1) width 44: "Cell 4"
      RenderTable at (0,386) size 302x249
        RenderTableSection (anonymous) at (0,0) size 302x249
          RenderTableRow (anonymous) at (0,0) size 302x249
            RenderTableCell {P} at (0,0) size 302x249 [border: (1px solid #000000)] [r=0 c=0 rs=1 cs=1]
              RenderText {#text} at (1,1) size 299x247
                text run at (1,1) width 226: "Lorem ipsum dolor sit amet,"
                text run at (1,20) width 275: "consectetur adipisicing elit, sed do"
                text run at (1,39) width 291: "eiusmod tempor incididunt ut labore"
                text run at (1,58) width 284: "et dolore magna aliqua. Ut enim ad"
                text run at (1,77) width 222: "minim veniam, quis nostrud"
                text run at (1,96) width 273: "exercitation ullamco laboris nisi ut"
                text run at (1,115) width 280: "aliquip ex ea commodo consequat."
                text run at (1,134) width 299: "Duis aute irure dolor in reprehenderit"
                text run at (1,153) width 281: "in voluptate velit esse cillum dolore"
                text run at (1,172) width 274: "eu fugiat nulla pariatur. Excepteur"
                text run at (1,191) width 298: "sint occaecat cupidatat non proident,"
                text run at (1,210) width 260: "sunt in culpa qui officia deserunt"
                text run at (1,229) width 214: "mollit anim id est laborum."
