layer at (0,0) size 980x735
  RenderView at (0,0) size 980x735
layer at (0,0) size 980x735
  RenderBlock {HTML} at (0,0) size 980x735
    RenderBody {BODY} at (8,8) size 964x719
      RenderBlock (anonymous) at (0,0) size 964x19
        RenderText {#text} at (0,0) size 416x19
          text run at (0,0) width 416: "You should see a PASS with a solid outline around it."
        RenderText {#text} at (0,0) size 0x0
      RenderTable {TABLE} at (0,19) size 45x23
        RenderTableSection (anonymous) at (0,0) size 45x23
          RenderTableRow (anonymous) at (0,2) size 45x19
            RenderTableCell (anonymous) at (2,2) size 41x19 [r=0 c=0 rs=1 cs=1]
              RenderInline {SPAN} at (0,0) size 41x19
                RenderText {#text} at (0,0) size 41x19
                  text run at (0,0) width 41: "PASS"
              RenderInline {SPAN} at (0,0) size 0x19
