layer at (0,0) size 980x735
  RenderView at (0,0) size 980x735
layer at (0,0) size 980x441
  RenderBlock {HTML} at (0,0) size 980x441
    RenderBody {BODY} at (8,16) size 964x409
      RenderBlock {P} at (0,0) size 964x38
        RenderText {#text} at (0,0) size 221x19
          text run at (0,0) width 221: "This is a regression test for "
        RenderInline {I} at (0,0) size 903x38
          RenderInline {A} at (0,0) size 426x19 [color=#0000EE]
            RenderText {#text} at (221,0) size 426x19
              text run at (221,0) width 426: "http://bugzilla.opendarwin.org/show_bug.cgi?id=9122"
          RenderText {#text} at (647,0) size 903x38
            text run at (647,0) width 5: " "
            text run at (652,0) width 251: "REGRESSION: Incorrect vertical"
            text run at (0,19) width 378: "position for text fields in a \"display: table\" block"
        RenderText {#text} at (378,19) size 5x19
          text run at (378,19) width 5: "."
      RenderBlock {P} at (0,54) size 964x38
        RenderText {#text} at (0,0) size 931x38
          text run at (0,0) width 931: "Type something in the text field. Resize the window. The text field should not jump down. Delete what you typed and"
          text run at (0,19) width 401: "resize the window. The text field should not move."
      RenderBlock {FORM} at (0,108) size 964x301
        RenderTable {DL} at (0,0) size 203x25
          RenderTableSection (anonymous) at (0,0) size 203x25
            RenderTableRow {DIV} at (0,0) size 203x25
              RenderTableCell {DT} at (0,2) size 29x19 [r=0 c=0 rs=1 cs=1]
                RenderText {#text} at (0,0) size 29x19
                  text run at (0,0) width 29: "Foo"
              RenderTableCell {DD} at (29,0) size 174x25 [r=0 c=1 rs=1 cs=1]
                RenderTextControl {INPUT} at (2,2) size 170x21 [bgcolor=#FFFFFF] [border: (2px inset #000000)]
        RenderBlock {HR} at (0,41) size 964x2 [border: (1px inset #000000)]
        RenderBlock {P} at (0,59) size 964x38
          RenderText {#text} at (0,0) size 901x38
            text run at (0,0) width 901: "And here's more. There should not be a difference in distance between the labels, nor any difference in distance"
            text run at (0,19) width 188: "between the text fields."
        RenderTable {DL} at (0,113) size 286x188
          RenderTableSection (anonymous) at (0,0) size 286x188
            RenderTableRow {DIV} at (0,0) size 286x25
              RenderTableCell {DT} at (0,2) size 29x19 [r=0 c=0 rs=1 cs=1]
                RenderText {#text} at (0,0) size 29x19
                  text run at (0,0) width 29: "Foo"
              RenderTableCell {DD} at (29,0) size 257x25 [r=0 c=1 rs=1 cs=1]
                RenderTextControl {INPUT} at (2,2) size 170x21 [bgcolor=#FFFFFF] [border: (2px inset #000000)]
            RenderTableRow {DIV} at (0,25) size 286x25
              RenderTableCell {DT} at (0,27) size 29x19 [r=1 c=0 rs=1 cs=1]
                RenderText {#text} at (0,0) size 29x19
                  text run at (0,0) width 29: "Foo"
              RenderTableCell {DD} at (29,25) size 257x25 [r=1 c=1 rs=1 cs=1]
                RenderTextControl {INPUT} at (2,2) size 170x21 [bgcolor=#FFFFFF] [border: (2px inset #000000)]
            RenderTableRow {DIV} at (0,50) size 286x25
              RenderTableCell {DT} at (0,52) size 29x19 [r=2 c=0 rs=1 cs=1]
                RenderText {#text} at (0,0) size 29x19
                  text run at (0,0) width 29: "Foo"
              RenderTableCell {DD} at (29,50) size 257x25 [r=2 c=1 rs=1 cs=1]
                RenderTextControl {INPUT} at (2,2) size 170x21 [bgcolor=#FFFFFF] [border: (2px inset #000000)]
            RenderTableRow {DIV} at (0,75) size 286x25
              RenderTableCell {DT} at (0,77) size 29x19 [r=3 c=0 rs=1 cs=1]
                RenderText {#text} at (0,0) size 29x19
                  text run at (0,0) width 29: "Foo"
              RenderTableCell {DD} at (29,75) size 257x25 [r=3 c=1 rs=1 cs=1]
                RenderTextControl {INPUT} at (2,2) size 170x21 [bgcolor=#FFFFFF] [border: (2px inset #000000)]
            RenderTableRow {DIV} at (0,100) size 286x25
              RenderTableCell {DT} at (0,102) size 29x19 [r=4 c=0 rs=1 cs=1]
                RenderText {#text} at (0,0) size 29x19
                  text run at (0,0) width 29: "Foo"
              RenderTableCell {DD} at (29,100) size 257x25 [r=4 c=1 rs=1 cs=1]
                RenderTextControl {INPUT} at (2,2) size 170x21 [bgcolor=#FFFFFF] [border: (2px inset #000000)]
            RenderTableRow {DIV} at (0,125) size 286x25
              RenderTableCell {DT} at (0,127) size 29x19 [r=5 c=0 rs=1 cs=1]
                RenderText {#text} at (0,0) size 29x19
                  text run at (0,0) width 29: "Foo"
              RenderTableCell {DD} at (29,125) size 257x25 [r=5 c=1 rs=1 cs=1]
                RenderTextControl {INPUT} at (2,2) size 170x21 [bgcolor=#FFFFFF] [border: (2px inset #000000)]
            RenderTableRow {DIV} at (0,150) size 286x38
              RenderTableCell {DT} at (0,169) size 29x19 [r=6 c=0 rs=1 cs=1]
                RenderText {#text} at (0,0) size 29x19
                  text run at (0,0) width 29: "Foo"
              RenderTableCell {DD} at (29,150) size 257x38 [r=6 c=1 rs=1 cs=1]
                RenderBlock {DIV} at (0,0) size 257x38
                  RenderBR {BR} at (0,0) size 0x19
                  RenderText {#text} at (0,19) size 257x19
                    text run at (0,19) width 257: "Bar (should be aligned with Foo)"
layer at (42,129) size 164x15
  RenderBlock {DIV} at (3,3) size 164x15
layer at (42,242) size 164x15
  RenderBlock {DIV} at (3,3) size 164x15
layer at (42,267) size 164x15
  RenderBlock {DIV} at (3,3) size 164x15
layer at (42,292) size 164x15
  RenderBlock {DIV} at (3,3) size 164x15
    RenderText {#text} at (0,0) size 22x15
      text run at (0,0) width 22: "Bar"
layer at (42,317) size 164x15
  RenderBlock {DIV} at (3,3) size 164x15
    RenderText {#text} at (0,0) size 22x15
      text run at (0,0) width 22: "Bar"
layer at (42,342) size 164x15
  RenderBlock {DIV} at (3,3) size 164x15
layer at (42,367) size 164x15
  RenderBlock {DIV} at (3,3) size 164x15
