layer at (0,0) size 980x735
  RenderView at (0,0) size 980x735
layer at (0,0) size 980x735
  RenderBlock {HTML} at (0,0) size 980x735
    RenderBody {BODY} at (8,8) size 964x719
      RenderTable {TABLE} at (0,0) size 964x56 [bgcolor=#3399CC]
        RenderTableSection {TBODY} at (0,0) size 964x56
          RenderTableRow {TR} at (0,0) size 964x28
            RenderTableCell {TD} at (0,0) size 964x28 [border: none (1px solid #FFFFFF) none] [r=0 c=0 rs=1 cs=1]
              RenderBlock {A} at (0,0) size 964x27 [color=#0000EE]
                RenderText {#text} at (4,4) size 188x19
                  text run at (4,4) width 188: "List of Transit Providers"
          RenderTableRow {TR} at (0,28) size 964x28
            RenderTableCell {TD} at (0,28) size 964x28 [border: none (1px solid #FFFFFF) none] [r=1 c=0 rs=1 cs=1]
              RenderBlock {A} at (0,0) size 964x27 [color=#0000EE]
                RenderText {#text} at (4,4) size 201x19
                  text run at (4,4) width 201: "Locate a Transit Provider"
