layer at (0,0) size 980x735
  RenderView at (0,0) size 980x735
layer at (0,0) size 980x511
  RenderBlock {HTML} at (0,0) size 980x511
    RenderBody {BODY} at (8,8) size 964x495
      RenderTable {TABLE} at (0,0) size 723x495 [border: (1px outset #808080)]
        RenderTableSection {TBODY} at (1,1) size 721x493
          RenderTableRow {TR} at (0,2) size 721x489
            RenderTableCell {TD} at (2,87) size 56x23 [border: (1px inset #808080)] [r=0 c=0 rs=1 cs=1]
              RenderText {#text} at (2,2) size 52x19
                text run at (2,2) width 52: "Lorem"
            RenderTableCell {TD} at (60,69) size 149x46 [border: (1px inset #808080)] [r=0 c=1 rs=1 cs=1]
              RenderText {#text} at (2,20) size 53x19
                text run at (2,20) width 53: "ipsum "
              RenderInline {SPAN} at (0,0) size 92x41
                RenderText {#text} at (55,2) size 92x41
                  text run at (55,2) width 92: "dolor"
              RenderText {#text} at (0,0) size 0x0
            RenderTableCell {TD} at (211,87) size 22x23 [border: (1px inset #808080)] [r=0 c=2 rs=1 cs=1]
              RenderBlock {DIV} at (2,2) size 18x19
                RenderText {#text} at (0,0) size 18x19
                  text run at (0,0) width 18: "sit"
            RenderTableCell {TD} at (235,87) size 54x104 [border: (1px inset #808080)] [r=0 c=3 rs=1 cs=1]
              RenderBlock {DIV} at (2,2) size 50x100 [bgcolor=#ADD8E6]
                RenderText {#text} at (0,0) size 42x19
                  text run at (0,0) width 42: "amet"
            RenderTableCell {TD} at (291,87) size 64x23 [border: (1px inset #808080)] [r=0 c=4 rs=1 cs=1]
              RenderText {#text} at (2,2) size 56x19
                text run at (2,2) width 56: "consec"
              RenderText {#text} at (0,0) size 0x0
            RenderTableCell {TD} at (357,61) size 98x85 [border: (1px inset #808080)] [r=0 c=5 rs=1 cs=1]
              RenderTable {TABLE} at (2,2) size 94x81 [border: (1px outset #808080)]
                RenderTableSection {TBODY} at (1,1) size 92x79
                  RenderTableRow {TR} at (0,10) size 92x59
                    RenderTableCell {TD} at (2,10) size 88x59 [border: (10px solid #0000FF) (1px inset #808080) (5px solid #0000FF) (1px inset #808080)] [r=0 c=0 rs=1 cs=1]
                      RenderText {#text} at (2,15) size 49x19
                        text run at (2,15) width 49: "tetuer"
                      RenderBR {BR} at (51,15) size 0x19
                      RenderText {#text} at (2,34) size 84x19
                        text run at (2,34) width 84: "adipiscing."
            RenderTableCell {TD} at (457,2) size 64x4 [border: (1px inset #808080)] [r=0 c=6 rs=1 cs=1]
            RenderTableCell {TD} at (523,2) size 54x104 [border: (1px inset #808080)] [r=0 c=7 rs=1 cs=1]
              RenderBlock {DIV} at (2,2) size 50x100 [bgcolor=#FFB6C1]
            RenderTableCell {TD} at (579,29) size 74x161 [border: (1px inset #808080)] [r=0 c=8 rs=1 cs=1]
              RenderTable {TABLE} at (2,2) size 70x119 [border: (1px outset #808080)]
                RenderTableSection {TBODY} at (1,1) size 68x117
                  RenderTableRow {TR} at (0,2) size 68x80
                    RenderTableCell {TD} at (2,28) size 64x54 [border: (10px solid #0000FF) (1px inset #808080) (5px solid #0000FF) (1px inset #808080)] [r=0 c=0 rs=1 cs=1]
                      RenderBlock {DIV} at (6,25) size 52x19 [bgcolor=#FFB6C1]
                        RenderText {#text} at (0,0) size 52x19
                          text run at (0,0) width 52: "Lorem"
                  RenderTableRow {TR} at (0,84) size 68x31
                    RenderTableCell {TD} at (2,84) size 64x31 [border: (1px inset #808080)] [r=1 c=0 rs=1 cs=1]
                      RenderText {#text} at (6,6) size 48x19
                        text run at (6,6) width 48: "ipsum"
              RenderBlock (anonymous) at (2,121) size 70x38
                RenderText {#text} at (0,0) size 64x19
                  text run at (0,0) width 64: "dolor sit"
                RenderBR {BR} at (64,0) size 0x19
                RenderText {#text} at (0,19) size 47x19
                  text run at (0,19) width 47: "amet."
            RenderTableCell {TD} at (655,42) size 64x64 [border: (1px inset #808080)] [r=0 c=9 rs=1 cs=1]
              RenderBlock (floating) {DIV} at (2,2) size 25x30 [bgcolor=#90EE90]
                RenderText {#text} at (0,0) size 19x19
                  text run at (0,0) width 19: "F1"
              RenderBlock (floating) {DIV} at (27,2) size 25x30 [bgcolor=#90EE90]
                RenderText {#text} at (0,0) size 19x19
                  text run at (0,0) width 19: "F2"
              RenderBlock (floating) {DIV} at (2,32) size 25x30 [bgcolor=#90EE90]
                RenderText {#text} at (0,0) size 19x19
                  text run at (0,0) width 19: "F3"
layer at (302,0) size 60x50
  RenderBlock (positioned) {DIV} at (302,0) size 60x50 [bgcolor=#FFFFE0]
    RenderText {#text} at (0,0) size 10x19
      text run at (0,0) width 10: "P"
layer at (468,13) size 60x50
  RenderBlock (positioned) {DIV} at (468,13) size 60x50 [bgcolor=#FFFFE0]
    RenderText {#text} at (0,0) size 10x19
      text run at (0,0) width 10: "P"
