layer at (0,0) size 800x1186
  RenderView at (0,0) size 800x600
layer at (0,0) size 800x1186
  RenderBlock {HTML} at (0,0) size 800x1186
    RenderBody {BODY} at (8,13) size 784x1165 [color=#00FF00] [bgcolor=#333333]
      RenderBlock {H1} at (0,0) size 784x23
        RenderText {#text} at (0,0) size 396x23
          text run at (0,0) width 396: "CSS2 Table Backgrounds Test Suite"
      RenderBlock {H2} at (0,36) size 784x17
        RenderText {#text} at (0,0) size 189x17
          text run at (0,0) width 189: "Part E: Special Tests"
      RenderBlock {H3} at (0,65) size 784x14
        RenderText {#text} at (0,0) size 84x14
          text run at (0,0) width 84: "opacity: 0.5"
      RenderBlock {UL} at (0,90) size 784x44
        RenderListItem {LI} at (40,0) size 744x11
          RenderListMarker at (-13,0) size 5x11: bullet
          RenderText {#text} at (0,0) size 210x11
            text run at (0,0) width 210: "The first three rows should be red."
        RenderListItem {LI} at (40,11) size 744x11
          RenderListMarker at (-13,0) size 5x11: bullet
          RenderText {#text} at (0,0) size 180x11
            text run at (0,0) width 180: "The last row should be orange."
        RenderListItem {LI} at (40,22) size 744x22
          RenderListMarker at (-13,0) size 5x11: bullet
          RenderText {#text} at (0,0) size 726x22
            text run at (0,0) width 726: "Cell A should be purple. Cell P should also be purple, but of a shade that reflects the underlying orange rather than the"
            text run at (0,11) width 24: "red."
      RenderBlock {DL} at (0,144) size 784x66
        RenderBlock {DT} at (0,0) size 784x11
          RenderText {#text} at (0,0) size 24x11
            text run at (0,0) width 24: "next"
        RenderBlock {DD} at (40,11) size 744x11
          RenderInline {A} at (0,0) size 192x11 [color=#FFFF00]
            RenderText {#text} at (0,0) size 192x11
              text run at (0,0) width 192: "Special Tests: Fixed Backgrounds"
          RenderText {#text} at (0,0) size 0x0
        RenderBlock {DT} at (0,22) size 784x11
          RenderText {#text} at (0,0) size 48x11
            text run at (0,0) width 48: "previous"
        RenderBlock {DD} at (40,33) size 744x11
          RenderInline {A} at (0,0) size 306x11 [color=#FFFF00]
            RenderText {#text} at (0,0) size 306x11
              text run at (0,0) width 306: "Background with Borders: Background on 'table-cell'"
          RenderText {#text} at (0,0) size 0x0
        RenderBlock {DT} at (0,44) size 784x11
          RenderText {#text} at (0,0) size 48x11
            text run at (0,0) width 48: "contents"
        RenderBlock {DD} at (40,55) size 744x11
          RenderInline {A} at (0,0) size 102x11 [color=#FFFF00]
            RenderText {#text} at (0,0) size 102x11
              text run at (0,0) width 102: "Table of Contents"
          RenderText {#text} at (0,0) size 0x0
      RenderTable {TABLE} at (0,220) size 618x474 [color=#000000] [bgcolor=#FFFFFF] [border: (1px dotted #000000)]
        RenderBlock {CAPTION} at (0,0) size 616x16 [color=#FFFFFF]
          RenderText {#text} at (199,0) size 218x16
            text run at (199,0) width 218: "With 'border-collapse: separate'"
        RenderTableCol {COLGROUP} at (0,0) size 0x0
          RenderTableCol {COL} at (0,0) size 0x0
          RenderTableCol {COL} at (0,0) size 0x0
          RenderTableCol {COL} at (0,0) size 0x0
        RenderTableCol {COLGROUP} at (0,0) size 0x0
          RenderTableCol {COL} at (0,0) size 0x0
        RenderTableSection {THEAD} at (1,17) size 616x114
        RenderTableSection {TBODY} at (1,131) size 616x213
      RenderTable {TABLE} at (0,694) size 578x426 [color=#000000] [bgcolor=#FFFFFF] [border: (6px dotted #000000)]
        RenderBlock {CAPTION} at (0,0) size 577x16 [color=#FFFFFF]
          RenderText {#text} at (180,0) size 217x16
            text run at (180,0) width 217: "With 'border-collapse: collapse'"
        RenderTableCol {COLGROUP} at (0,0) size 0x0
          RenderTableCol {COL} at (0,0) size 0x0
          RenderTableCol {COL} at (0,0) size 0x0
          RenderTableCol {COL} at (0,0) size 0x0
        RenderTableCol {COLGROUP} at (0,0) size 0x0
          RenderTableCol {COL} at (0,0) size 0x0
        RenderTableSection {THEAD} at (0,22) size 577x99
        RenderTableSection {TBODY} at (0,121) size 577x190
      RenderBlock {DIV} at (0,1120) size 784x34
        RenderInline {A} at (0,0) size 88x11 [color=#FFFF00]
          RenderImage {IMG} at (0,0) size 88x31
        RenderText {#text} at (0,0) size 0x0
      RenderBlock {ADDRESS} at (0,1154) size 784x11
        RenderText {#text} at (0,0) size 528x11
          text run at (0,0) width 528: "CSS2 Table Backgrounds Test Suite designed and written by fantasai <fantasai@escape.com>"
layer at (9,257) size 616x100
  RenderTableRow {TR} at (0,7) size 616x100 [bgcolor=#FF0000]
    RenderTableCell {TH} at (144,35) size 220x44 [border: (13px dotted #000000)] [r=0 c=1 rs=1 cs=1]
      RenderText {#text} at (93,14) size 34x16
        text run at (93,14) width 34: "TH B"
    RenderTableCell {TH} at (371,55) size 118x4 [border: (1px dotted #000000)] [r=0 c=2 rs=1 cs=1]
    RenderTableCell {TH} at (496,47) size 113x20 [border: (1px dotted #000000)] [r=0 c=3 rs=1 cs=1]
      RenderText {#text} at (40,2) size 33x16
        text run at (40,2) width 33: "TH D"
layer at (16,257) size 130x100
  RenderTableCell {TH} at (7,47) size 130x20 [bgcolor=#0000FF] [border: (1px dotted #000000)] [r=0 c=0 rs=1 cs=1]
    RenderText {#text} at (48,2) size 34x16
      text run at (48,2) width 34: "TH A"
layer at (9,577) size 616x129
  RenderTableSection {TFOOT} at (1,344) size 616x129 [bgcolor=#FFFF00]
layer at (9,584) size 616x115
  RenderTableRow {TR} at (0,7) size 616x115 [bgcolor=#FF0000]
    RenderTableCell {TD} at (7,54) size 357x20 [border: (1px dotted #000000)] [r=0 c=0 rs=1 cs=2]
      RenderText {#text} at (2,2) size 35x16
        text run at (2,2) width 35: "TD M"
    RenderTableCell {TD} at (371,54) size 118x20 [border: (1px dotted #000000)] [r=0 c=2 rs=1 cs=1]
      RenderText {#text} at (2,2) size 34x16
        text run at (2,2) width 34: "TD O"
layer at (505,584) size 113x115
  RenderTableCell {TD} at (496,54) size 113x20 [bgcolor=#0000FF] [border: (1px dotted #000000)] [r=0 c=3 rs=1 cs=1]
    RenderText {#text} at (2,2) size 32x16
      text run at (2,2) width 32: "TD P"
layer at (9,371) size 616x108
  RenderTableRow {TR} at (0,7) size 616x108 [bgcolor=#FF0000]
    RenderTableCell {TD} at (7,84) size 130x44 [border: (13px dotted #000000)] [r=0 c=0 rs=2 cs=1]
      RenderText {#text} at (14,14) size 32x16
        text run at (14,14) width 32: "TD E"
    RenderTableCell {TD} at (144,51) size 220x20 [border: (1px dotted #000000)] [r=0 c=1 rs=1 cs=1]
      RenderText {#text} at (2,2) size 32x16
        text run at (2,2) width 32: "TD F"
    RenderTableCell {TD} at (371,51) size 118x20 [border: (1px dotted #000000)] [r=0 c=2 rs=1 cs=1]
      RenderText {#text} at (2,2) size 34x16
        text run at (2,2) width 34: "TD G"
    RenderTableCell {TD} at (496,51) size 113x20 [border: (1px dotted #000000)] [r=0 c=3 rs=1 cs=1]
      RenderText {#text} at (2,2) size 33x16
        text run at (2,2) width 33: "TD H"
layer at (9,486) size 616x84
  RenderTableRow {TR} at (0,122) size 616x84 [bgcolor=#FF0000]
    RenderTableCell {TD} at (144,154) size 220x20 [border: (1px dotted #000000)] [r=1 c=1 rs=1 cs=1]
      RenderText {#text} at (2,2) size 31x16
        text run at (2,2) width 31: "TD J"
    RenderTableCell {TD} at (371,154) size 118x20 [border: (1px dotted #000000)] [r=1 c=2 rs=1 cs=1]
      RenderText {#text} at (2,2) size 33x16
        text run at (2,2) width 33: "TD K"
    RenderTableCell {TD} at (496,154) size 113x20 [border: (1px dotted #000000)] [r=1 c=3 rs=1 cs=1]
      RenderText {#text} at (2,2) size 32x16
        text run at (2,2) width 32: "TD L"
layer at (8,729) size 577x99
  RenderTableRow {TR} at (0,0) size 577x99 [bgcolor=#FF0000]
    RenderTableCell {TH} at (135,34) size 207x31 [border: (7px dotted #000000)] [r=0 c=1 rs=1 cs=1]
      RenderText {#text} at (87,8) size 34x16
        text run at (87,8) width 34: "TH B"
    RenderTableCell {TH} at (342,48) size 123x3 [border: (1px dotted #000000)] [r=0 c=2 rs=1 cs=1]
    RenderTableCell {TH} at (465,40) size 112x19 [border: (1px dotted #000000)] [r=0 c=3 rs=1 cs=1]
      RenderText {#text} at (40,2) size 33x16
        text run at (40,2) width 33: "TH D"
layer at (8,729) size 135x99
  RenderTableCell {TH} at (0,37) size 135x25 [bgcolor=#0000FF] [border: (1px dotted #000000)] [r=0 c=0 rs=1 cs=1]
    RenderText {#text} at (48,2) size 34x16
      text run at (48,2) width 34: "TH A"
layer at (8,1018) size 577x114
  RenderTableSection {TFOOT} at (0,311) size 577x114 [bgcolor=#FFFF00]
layer at (8,1018) size 577x114
  RenderTableRow {TR} at (0,0) size 577x114 [bgcolor=#FF0000]
    RenderTableCell {TD} at (0,44) size 342x25 [border: (7px dotted #000000)] [r=0 c=0 rs=1 cs=2]
      RenderText {#text} at (2,8) size 35x16
        text run at (2,8) width 35: "TD M"
    RenderTableCell {TD} at (342,47) size 123x19 [border: (1px dotted #000000)] [r=0 c=2 rs=1 cs=1]
      RenderText {#text} at (2,2) size 34x16
        text run at (2,2) width 34: "TD O"
layer at (473,1018) size 112x114
  RenderTableCell {TD} at (465,47) size 112x19 [bgcolor=#0000FF] [border: (1px dotted #000000)] [r=0 c=3 rs=1 cs=1]
    RenderText {#text} at (2,2) size 32x16
      text run at (2,2) width 32: "TD P"
layer at (8,828) size 577x107
  RenderTableRow {TR} at (0,0) size 577x107 [bgcolor=#FF0000]
    RenderTableCell {TD} at (0,79) size 135x31 [border: (7px dotted #000000)] [r=0 c=0 rs=2 cs=1]
      RenderText {#text} at (8,8) size 32x16
        text run at (8,8) width 32: "TD E"
    RenderTableCell {TD} at (135,41) size 207x25 [border: (7px dotted #000000)] [r=0 c=1 rs=1 cs=1]
      RenderText {#text} at (8,8) size 32x16
        text run at (8,8) width 32: "TD F"
    RenderTableCell {TD} at (342,44) size 123x19 [border: (1px dotted #000000)] [r=0 c=2 rs=1 cs=1]
      RenderText {#text} at (2,2) size 34x16
        text run at (2,2) width 34: "TD G"
    RenderTableCell {TD} at (465,44) size 112x19 [border: (1px dotted #000000)] [r=0 c=3 rs=1 cs=1]
      RenderText {#text} at (2,2) size 33x16
        text run at (2,2) width 33: "TD H"
layer at (8,935) size 577x83
  RenderTableRow {TR} at (0,107) size 577x83 [bgcolor=#FF0000]
    RenderTableCell {TD} at (135,139) size 207x19 [border: (1px dotted #000000)] [r=1 c=1 rs=1 cs=1]
      RenderText {#text} at (8,2) size 31x16
        text run at (8,2) width 31: "TD J"
    RenderTableCell {TD} at (342,139) size 123x19 [border: (1px dotted #000000)] [r=1 c=2 rs=1 cs=1]
      RenderText {#text} at (2,2) size 33x16
        text run at (2,2) width 33: "TD K"
    RenderTableCell {TD} at (465,139) size 112x19 [border: (1px dotted #000000)] [r=1 c=3 rs=1 cs=1]
      RenderText {#text} at (2,2) size 32x16
        text run at (2,2) width 32: "TD L"
