layer at (0,0) size 800x600
  RenderView at (0,0) size 800x600
layer at (0,0) size 800x600
  RenderBlock {HTML} at (0,0) size 800x600
    RenderBody {BODY} at (8,8) size 784x584
      RenderTable {TABLE} at (0,0) size 150x128 [border: (2px outset #808080)]
        RenderTableCol {COLGROUP} at (0,0) size 0x0
          RenderTableCol {COL} at (0,0) size 0x0
          RenderTableCol {COL} at (0,0) size 0x0
        RenderTableSection {TBODY} at (2,2) size 146x124
          RenderTableRow {TR} at (0,2) size 146x32
            RenderTableCell {TH} at (2,2) size 40x32 [border: (1px inset #808080)] [r=0 c=0 rs=1 cs=1]
              RenderText {#text} at (13,2) size 28x28
                text run at (13,2) width 14: "La"
                text run at (6,16) width 28: "Mesa"
            RenderTableCell {TD} at (44,9) size 100x18 [border: (1px inset #808080)] [r=0 c=1 rs=1 cs=1]
              RenderText {#text} at (2,2) size 9x14
                text run at (2,2) width 9: "X"
          RenderTableRow {TR} at (0,36) size 146x32
            RenderTableCell {TH} at (2,36) size 40x32 [border: (1px inset #808080)] [r=1 c=0 rs=1 cs=1]
              RenderText {#text} at (14,2) size 32x28
                text run at (14,2) width 12: "El"
                text run at (4,16) width 32: "Cajon"
            RenderTableCell {TD} at (44,43) size 100x18 [border: (1px inset #808080)] [r=1 c=1 rs=1 cs=1]
              RenderText {#text} at (2,2) size 9x14
                text run at (2,2) width 9: "X"
          RenderTableRow {TR} at (0,70) size 146x32
            RenderTableCell {TH} at (2,70) size 40x32 [border: (1px inset #808080)] [r=2 c=0 rs=1 cs=1]
              RenderText {#text} at (4,2) size 32x28
                text run at (4,2) width 32: "Chula"
                text run at (6,16) width 28: "Vista"
            RenderTableCell {TD} at (44,77) size 100x18 [border: (1px inset #808080)] [r=2 c=1 rs=1 cs=1]
              RenderText {#text} at (2,2) size 9x14
                text run at (2,2) width 9: "X"
          RenderTableRow {TR} at (0,104) size 146x18
            RenderTableCell {TH} at (2,104) size 40x18 [border: (1px inset #808080)] [r=3 c=0 rs=1 cs=1]
              RenderText {#text} at (3,2) size 34x14
                text run at (3,2) width 34: "Bonita"
            RenderTableCell {TD} at (44,104) size 100x18 [border: (1px inset #808080)] [r=3 c=1 rs=1 cs=1]
              RenderText {#text} at (2,2) size 21x14
                text run at (2,2) width 21: "N/A"
