layer at (0,0) size 800x600
  RenderView at (0,0) size 800x600
layer at (0,0) size 800x600
  RenderBlock {HTML} at (0,0) size 800x600
    RenderBody {BODY} at (8,8) size 784x584
      RenderBlock {P} at (0,0) size 784x28
        RenderText {#text} at (0,0) size 784x28
          text run at (0,0) width 784: "Colgroups are used to identify column groups. This table has two distinct column groups titled 'Airport Location' and 'Car Rental Information'. The first has a width of"
          text run at (0,14) width 207: "20%; the second has a width of 40% pixels."
      RenderTable {TABLE} at (0,40) size 639x144 [border: (1px outset #808080)]
        RenderTableCol {COLGROUP} at (0,0) size 0x0
        RenderTableCol {COLGROUP} at (0,0) size 0x0
        RenderTableSection {TBODY} at (1,1) size 637x142
          RenderTableRow {TR} at (0,2) size 637x18
            RenderTableCell {TH} at (2,2) size 377x18 [border: (1px inset #808080)] [r=0 c=0 rs=1 cs=2]
              RenderText {#text} at (145,2) size 87x14
                text run at (145,2) width 87: "Airport Location"
            RenderTableCell {TH} at (381,2) size 254x18 [border: (1px inset #808080)] [r=0 c=2 rs=1 cs=3]
              RenderText {#text} at (65,2) size 124x14
                text run at (65,2) width 124: "Car Rental Information"
          RenderTableRow {TR} at (0,22) size 637x18
            RenderTableCell {TH} at (2,22) size 125x18 [border: (1px inset #808080)] [r=1 c=0 rs=1 cs=1]
              RenderText {#text} at (40,2) size 45x14
                text run at (40,2) width 45: "Country"
            RenderTableCell {TH} at (129,22) size 250x18 [border: (1px inset #808080)] [r=1 c=1 rs=1 cs=1]
              RenderText {#text} at (114,2) size 22x14
                text run at (114,2) width 22: "City"
            RenderTableCell {TH} at (381,22) size 84x18 [border: (1px inset #808080)] [r=1 c=2 rs=1 cs=1]
              RenderText {#text} at (2,2) size 80x14
                text run at (2,2) width 80: "ABC Company"
            RenderTableCell {TH} at (467,22) size 82x18 [border: (1px inset #808080)] [r=1 c=3 rs=1 cs=1]
              RenderText {#text} at (2,2) size 78x14
                text run at (2,2) width 78: "EFG Company"
            RenderTableCell {TH} at (551,22) size 84x18 [border: (1px inset #808080)] [r=1 c=4 rs=1 cs=1]
              RenderText {#text} at (2,2) size 80x14
                text run at (2,2) width 80: "XYZ Company"
          RenderTableRow {TR} at (0,42) size 637x18
            RenderTableCell {TD} at (2,42) size 125x18 [border: (1px inset #808080)] [r=2 c=0 rs=1 cs=1]
              RenderText {#text} at (2,2) size 32x14
                text run at (2,2) width 32: "France"
            RenderTableCell {TD} at (129,42) size 250x18 [border: (1px inset #808080)] [r=2 c=1 rs=1 cs=1]
              RenderText {#text} at (2,2) size 24x14
                text run at (2,2) width 24: "Paris"
            RenderTableCell {TD} at (381,42) size 84x18 [border: (1px inset #808080)] [r=2 c=2 rs=1 cs=1]
              RenderText {#text} at (2,2) size 16x14
                text run at (2,2) width 16: "yes"
            RenderTableCell {TD} at (467,42) size 82x18 [border: (1px inset #808080)] [r=2 c=3 rs=1 cs=1]
              RenderText {#text} at (2,2) size 16x14
                text run at (2,2) width 16: "yes"
            RenderTableCell {TD} at (551,42) size 84x18 [border: (1px inset #808080)] [r=2 c=4 rs=1 cs=1]
              RenderText {#text} at (2,2) size 16x14
                text run at (2,2) width 16: "yes"
          RenderTableRow {TR} at (0,62) size 637x18
            RenderTableCell {TD} at (2,62) size 125x18 [border: (1px inset #808080)] [r=3 c=0 rs=1 cs=1]
              RenderText {#text} at (2,2) size 44x14
                text run at (2,2) width 44: "Germany"
            RenderTableCell {TD} at (129,62) size 250x18 [border: (1px inset #808080)] [r=3 c=1 rs=1 cs=1]
              RenderText {#text} at (2,2) size 45x14
                text run at (2,2) width 45: "Frankfurt"
            RenderTableCell {TD} at (381,62) size 84x18 [border: (1px inset #808080)] [r=3 c=2 rs=1 cs=1]
              RenderText {#text} at (2,2) size 16x14
                text run at (2,2) width 16: "yes"
            RenderTableCell {TD} at (467,62) size 82x18 [border: (1px inset #808080)] [r=3 c=3 rs=1 cs=1]
              RenderText {#text} at (2,2) size 16x14
                text run at (2,2) width 16: "yes"
            RenderTableCell {TD} at (551,62) size 84x18 [border: (1px inset #808080)] [r=3 c=4 rs=1 cs=1]
              RenderText {#text} at (2,2) size 16x14
                text run at (2,2) width 16: "yes"
          RenderTableRow {TR} at (0,82) size 637x18
            RenderTableCell {TD} at (2,82) size 125x18 [border: (1px inset #808080)] [r=4 c=0 rs=1 cs=1]
              RenderText {#text} at (2,2) size 39x14
                text run at (2,2) width 39: "England"
            RenderTableCell {TD} at (129,82) size 250x18 [border: (1px inset #808080)] [r=4 c=1 rs=1 cs=1]
              RenderText {#text} at (2,2) size 37x14
                text run at (2,2) width 37: "London"
            RenderTableCell {TD} at (381,82) size 84x18 [border: (1px inset #808080)] [r=4 c=2 rs=1 cs=1]
              RenderText {#text} at (2,2) size 16x14
                text run at (2,2) width 16: "yes"
            RenderTableCell {TD} at (467,82) size 82x18 [border: (1px inset #808080)] [r=4 c=3 rs=1 cs=1]
              RenderText {#text} at (2,2) size 16x14
                text run at (2,2) width 16: "yes"
            RenderTableCell {TD} at (551,82) size 84x18 [border: (1px inset #808080)] [r=4 c=4 rs=1 cs=1]
              RenderText {#text} at (2,2) size 16x14
                text run at (2,2) width 16: "yes"
          RenderTableRow {TR} at (0,102) size 637x18
            RenderTableCell {TD} at (2,102) size 125x18 [border: (1px inset #808080)] [r=5 c=0 rs=1 cs=1]
              RenderText {#text} at (2,2) size 57x14
                text run at (2,2) width 57: "Netherlands"
            RenderTableCell {TD} at (129,102) size 250x18 [border: (1px inset #808080)] [r=5 c=1 rs=1 cs=1]
              RenderText {#text} at (2,2) size 55x14
                text run at (2,2) width 55: "Amsterdam"
            RenderTableCell {TD} at (381,102) size 84x18 [border: (1px inset #808080)] [r=5 c=2 rs=1 cs=1]
              RenderText {#text} at (2,2) size 16x14
                text run at (2,2) width 16: "yes"
            RenderTableCell {TD} at (467,102) size 82x18 [border: (1px inset #808080)] [r=5 c=3 rs=1 cs=1]
              RenderText {#text} at (2,2) size 16x14
                text run at (2,2) width 16: "yes"
            RenderTableCell {TD} at (551,102) size 84x18 [border: (1px inset #808080)] [r=5 c=4 rs=1 cs=1]
              RenderText {#text} at (2,2) size 16x14
                text run at (2,2) width 16: "yes"
          RenderTableRow {TR} at (0,122) size 637x18
            RenderTableCell {TD} at (2,122) size 125x18 [border: (1px inset #808080)] [r=6 c=0 rs=1 cs=1]
              RenderText {#text} at (2,2) size 25x14
                text run at (2,2) width 25: "USA"
            RenderTableCell {TD} at (129,122) size 250x18 [border: (1px inset #808080)] [r=6 c=1 rs=1 cs=1]
              RenderText {#text} at (2,2) size 51x14
                text run at (2,2) width 51: "New York"
            RenderTableCell {TD} at (381,122) size 84x18 [border: (1px inset #808080)] [r=6 c=2 rs=1 cs=1]
              RenderText {#text} at (2,2) size 16x14
                text run at (2,2) width 16: "yes"
            RenderTableCell {TD} at (467,122) size 82x18 [border: (1px inset #808080)] [r=6 c=3 rs=1 cs=1]
              RenderText {#text} at (2,2) size 16x14
                text run at (2,2) width 16: "yes"
            RenderTableCell {TD} at (551,122) size 84x18 [border: (1px inset #808080)] [r=6 c=4 rs=1 cs=1]
              RenderText {#text} at (2,2) size 16x14
                text run at (2,2) width 16: "yes"
