layer at (0,0) size 800x600
  RenderView at (0,0) size 800x600
layer at (0,0) size 800x600
  RenderBlock {HTML} at (0,0) size 800x600
    RenderBody {BODY} at (8,8) size 784x584
      RenderBlock {P} at (0,0) size 784x28
        RenderText {#text} at (0,0) size 767x28
          text run at (0,0) width 767: "Colgroups are used to identify column groups. In this test case, the COLGROUP element is used in conjunction with the SPAN attribute. The table below has two"
          text run at (0,14) width 336: "distinct column groups; 'Airport Location' and 'Car Rental Information'."
      RenderTable {TABLE} at (0,40) size 384x144 [border: (1px outset #808080)]
        RenderTableCol {COLGROUP} at (0,0) size 0x0
        RenderTableCol {COLGROUP} at (0,0) size 0x0
        RenderTableSection {TBODY} at (1,1) size 382x142
          RenderTableRow {TR} at (0,2) size 382x18
            RenderTableCell {TH} at (2,2) size 122x18 [border: (1px inset #808080)] [r=0 c=0 rs=1 cs=2]
              RenderText {#text} at (17,2) size 88x14
                text run at (17,2) width 88: "Airport Location"
            RenderTableCell {TH} at (126,2) size 254x18 [border: (1px inset #808080)] [r=0 c=2 rs=1 cs=3]
              RenderText {#text} at (66,2) size 122x14
                text run at (66,2) width 122: "Car Rental information"
          RenderTableRow {TR} at (0,22) size 382x18
            RenderTableCell {TH} at (2,22) size 61x18 [border: (1px inset #808080)] [r=1 c=0 rs=1 cs=1]
              RenderText {#text} at (8,2) size 45x14
                text run at (8,2) width 45: "Country"
            RenderTableCell {TH} at (65,22) size 59x18 [border: (1px inset #808080)] [r=1 c=1 rs=1 cs=1]
              RenderText {#text} at (18,2) size 23x14
                text run at (18,2) width 23: "City"
            RenderTableCell {TH} at (126,22) size 84x18 [border: (1px inset #808080)] [r=1 c=2 rs=1 cs=1]
              RenderText {#text} at (2,2) size 80x14
                text run at (2,2) width 80: "ABC Company"
            RenderTableCell {TH} at (212,22) size 82x18 [border: (1px inset #808080)] [r=1 c=3 rs=1 cs=1]
              RenderText {#text} at (2,2) size 78x14
                text run at (2,2) width 78: "EFG Company"
            RenderTableCell {TH} at (296,22) size 84x18 [border: (1px inset #808080)] [r=1 c=4 rs=1 cs=1]
              RenderText {#text} at (2,2) size 80x14
                text run at (2,2) width 80: "XYZ Company"
          RenderTableRow {TR} at (0,42) size 382x18
            RenderTableCell {TD} at (2,42) size 61x18 [border: (1px inset #808080)] [r=2 c=0 rs=1 cs=1]
              RenderText {#text} at (2,2) size 32x14
                text run at (2,2) width 32: "France"
            RenderTableCell {TD} at (65,42) size 59x18 [border: (1px inset #808080)] [r=2 c=1 rs=1 cs=1]
              RenderText {#text} at (2,2) size 24x14
                text run at (2,2) width 24: "Paris"
            RenderTableCell {TD} at (126,42) size 84x18 [border: (1px inset #808080)] [r=2 c=2 rs=1 cs=1]
              RenderText {#text} at (2,2) size 16x14
                text run at (2,2) width 16: "yes"
            RenderTableCell {TD} at (212,42) size 82x18 [border: (1px inset #808080)] [r=2 c=3 rs=1 cs=1]
              RenderText {#text} at (2,2) size 16x14
                text run at (2,2) width 16: "yes"
            RenderTableCell {TD} at (296,42) size 84x18 [border: (1px inset #808080)] [r=2 c=4 rs=1 cs=1]
              RenderText {#text} at (2,2) size 16x14
                text run at (2,2) width 16: "yes"
          RenderTableRow {TR} at (0,62) size 382x18
            RenderTableCell {TD} at (2,62) size 61x18 [border: (1px inset #808080)] [r=3 c=0 rs=1 cs=1]
              RenderText {#text} at (2,2) size 44x14
                text run at (2,2) width 44: "Germany"
            RenderTableCell {TD} at (65,62) size 59x18 [border: (1px inset #808080)] [r=3 c=1 rs=1 cs=1]
              RenderText {#text} at (2,2) size 45x14
                text run at (2,2) width 45: "Frankfurt"
            RenderTableCell {TD} at (126,62) size 84x18 [border: (1px inset #808080)] [r=3 c=2 rs=1 cs=1]
              RenderText {#text} at (2,2) size 16x14
                text run at (2,2) width 16: "yes"
            RenderTableCell {TD} at (212,62) size 82x18 [border: (1px inset #808080)] [r=3 c=3 rs=1 cs=1]
              RenderText {#text} at (2,2) size 16x14
                text run at (2,2) width 16: "yes"
            RenderTableCell {TD} at (296,62) size 84x18 [border: (1px inset #808080)] [r=3 c=4 rs=1 cs=1]
              RenderText {#text} at (2,2) size 16x14
                text run at (2,2) width 16: "yes"
          RenderTableRow {TR} at (0,82) size 382x18
            RenderTableCell {TD} at (2,82) size 61x18 [border: (1px inset #808080)] [r=4 c=0 rs=1 cs=1]
              RenderText {#text} at (2,2) size 39x14
                text run at (2,2) width 39: "England"
            RenderTableCell {TD} at (65,82) size 59x18 [border: (1px inset #808080)] [r=4 c=1 rs=1 cs=1]
              RenderText {#text} at (2,2) size 37x14
                text run at (2,2) width 37: "London"
            RenderTableCell {TD} at (126,82) size 84x18 [border: (1px inset #808080)] [r=4 c=2 rs=1 cs=1]
              RenderText {#text} at (2,2) size 16x14
                text run at (2,2) width 16: "yes"
            RenderTableCell {TD} at (212,82) size 82x18 [border: (1px inset #808080)] [r=4 c=3 rs=1 cs=1]
              RenderText {#text} at (2,2) size 16x14
                text run at (2,2) width 16: "yes"
            RenderTableCell {TD} at (296,82) size 84x18 [border: (1px inset #808080)] [r=4 c=4 rs=1 cs=1]
              RenderText {#text} at (2,2) size 16x14
                text run at (2,2) width 16: "yes"
          RenderTableRow {TR} at (0,102) size 382x18
            RenderTableCell {TD} at (2,102) size 61x18 [border: (1px inset #808080)] [r=5 c=0 rs=1 cs=1]
              RenderText {#text} at (2,2) size 57x14
                text run at (2,2) width 57: "Netherlands"
            RenderTableCell {TD} at (65,102) size 59x18 [border: (1px inset #808080)] [r=5 c=1 rs=1 cs=1]
              RenderText {#text} at (2,2) size 55x14
                text run at (2,2) width 55: "Amsterdam"
            RenderTableCell {TD} at (126,102) size 84x18 [border: (1px inset #808080)] [r=5 c=2 rs=1 cs=1]
              RenderText {#text} at (2,2) size 16x14
                text run at (2,2) width 16: "yes"
            RenderTableCell {TD} at (212,102) size 82x18 [border: (1px inset #808080)] [r=5 c=3 rs=1 cs=1]
              RenderText {#text} at (2,2) size 16x14
                text run at (2,2) width 16: "yes"
            RenderTableCell {TD} at (296,102) size 84x18 [border: (1px inset #808080)] [r=5 c=4 rs=1 cs=1]
              RenderText {#text} at (2,2) size 16x14
                text run at (2,2) width 16: "yes"
          RenderTableRow {TR} at (0,122) size 382x18
            RenderTableCell {TD} at (2,122) size 61x18 [border: (1px inset #808080)] [r=6 c=0 rs=1 cs=1]
              RenderText {#text} at (2,2) size 25x14
                text run at (2,2) width 25: "USA"
            RenderTableCell {TD} at (65,122) size 59x18 [border: (1px inset #808080)] [r=6 c=1 rs=1 cs=1]
              RenderText {#text} at (2,2) size 51x14
                text run at (2,2) width 51: "New York"
            RenderTableCell {TD} at (126,122) size 84x18 [border: (1px inset #808080)] [r=6 c=2 rs=1 cs=1]
              RenderText {#text} at (2,2) size 16x14
                text run at (2,2) width 16: "yes"
            RenderTableCell {TD} at (212,122) size 82x18 [border: (1px inset #808080)] [r=6 c=3 rs=1 cs=1]
              RenderText {#text} at (2,2) size 16x14
                text run at (2,2) width 16: "yes"
            RenderTableCell {TD} at (296,122) size 84x18 [border: (1px inset #808080)] [r=6 c=4 rs=1 cs=1]
              RenderText {#text} at (2,2) size 16x14
                text run at (2,2) width 16: "yes"
