layer at (0,0) size 800x600
  RenderView at (0,0) size 800x600
layer at (0,0) size 800x600
  RenderBlock {HTML} at (0,0) size 800x600
    RenderBody {BODY} at (8,8) size 784x584 [bgcolor=#FFFFFF]
      RenderBlock {P} at (0,0) size 784x14
        RenderText {#text} at (0,0) size 198x14
          text run at (0,0) width 198: "Aqua table with a white body background"
      RenderTable {TABLE} at (0,26) size 94x44 [bgcolor=#00FFFF] [border: (1px outset #808080)]
        RenderTableSection {TBODY} at (1,1) size 92x42
          RenderTableRow {TR} at (0,2) size 92x18
            RenderTableCell {TD} at (2,2) size 28x18 [border: (1px inset #808080)] [r=0 c=0 rs=1 cs=1]
              RenderText {#text} at (2,2) size 24x14
                text run at (2,2) width 24: "        "
            RenderTableCell {TD} at (32,2) size 28x18 [border: (1px inset #808080)] [r=0 c=1 rs=1 cs=1]
              RenderText {#text} at (2,2) size 24x14
                text run at (2,2) width 24: "        "
            RenderTableCell {TD} at (62,2) size 28x18 [border: (1px inset #808080)] [r=0 c=2 rs=1 cs=1]
              RenderText {#text} at (2,2) size 24x14
                text run at (2,2) width 24: "        "
          RenderTableRow {TR} at (0,22) size 92x18
            RenderTableCell {TD} at (2,22) size 28x18 [border: (1px inset #808080)] [r=1 c=0 rs=1 cs=1]
              RenderText {#text} at (2,2) size 24x14
                text run at (2,2) width 24: "        "
            RenderTableCell {TD} at (32,22) size 28x18 [border: (1px inset #808080)] [r=1 c=1 rs=1 cs=1]
              RenderText {#text} at (2,2) size 24x14
                text run at (2,2) width 24: "        "
            RenderTableCell {TD} at (62,22) size 28x18 [border: (1px inset #808080)] [r=1 c=2 rs=1 cs=1]
              RenderText {#text} at (2,2) size 24x14
                text run at (2,2) width 24: "        "
