layer at (0,0) size 800x600
  RenderView at (0,0) size 800x600
layer at (0,0) size 800x600
  RenderBlock {HTML} at (0,0) size 800x600
    RenderBody {BODY} at (8,8) size 784x584
      RenderBlock (anonymous) at (0,0) size 784x14
        RenderText {#text} at (0,0) size 338x14
          text run at (0,0) width 338: "The table displayed is two rows by three columns with a 3 pixel border."
        RenderBR {BR} at (338,11) size 0x0
      RenderTable {TABLE} at (0,14) size 171x48 [border: (3px outset #808080)]
        RenderTableSection {TBODY} at (3,3) size 165x42
          RenderTableRow {TR} at (0,2) size 165x18
            RenderTableCell {TD} at (2,2) size 53x18 [border: (1px inset #808080)] [r=0 c=0 rs=1 cs=1]
              RenderText {#text} at (2,2) size 47x14
                text run at (2,2) width 47: "Navigator"
            RenderTableCell {TD} at (57,2) size 56x18 [border: (1px inset #808080)] [r=0 c=1 rs=1 cs=1]
              RenderText {#text} at (2,2) size 52x14
                text run at (2,2) width 52: "Messenger"
            RenderTableCell {TD} at (115,2) size 48x18 [border: (1px inset #808080)] [r=0 c=2 rs=1 cs=1]
              RenderText {#text} at (2,2) size 40x14
                text run at (2,2) width 40: "Collabra"
          RenderTableRow {TR} at (0,22) size 165x18
            RenderTableCell {TD} at (2,22) size 53x18 [border: (1px inset #808080)] [r=1 c=0 rs=1 cs=1]
              RenderText {#text} at (2,2) size 49x14
                text run at (2,2) width 49: "Composer"
            RenderTableCell {TD} at (57,22) size 56x18 [border: (1px inset #808080)] [r=1 c=1 rs=1 cs=1]
              RenderText {#text} at (2,2) size 42x14
                text run at (2,2) width 42: "Calendar"
            RenderTableCell {TD} at (115,22) size 48x18 [border: (1px inset #808080)] [r=1 c=2 rs=1 cs=1]
              RenderText {#text} at (2,2) size 44x14
                text run at (2,2) width 44: "Netcaster"
