layer at (0,0) size 800x600
  RenderView at (0,0) size 800x600
layer at (0,0) size 800x600
  RenderBlock {HTML} at (0,0) size 800x600
    RenderBody {BODY} at (8,8) size 784x584
      RenderBlock (anonymous) at (0,0) size 784x14
        RenderText {#text} at (0,0) size 400x14
          text run at (0,0) width 400: "The TD tag uses the WIDTH attribute. The first table's TD width is set to 500 pixels."
        RenderBR {BR} at (400,11) size 0x0
      RenderTable {TABLE} at (0,14) size 610x44 [border: (1px outset #808080)]
        RenderTableSection {TBODY} at (1,1) size 608x42
          RenderTableRow {TR} at (0,2) size 608x18
            RenderTableCell {TD} at (2,2) size 604x18 [border: (1px inset #808080)] [r=0 c=0 rs=1 cs=1]
              RenderText {#text} at (2,2) size 184x14
                text run at (2,2) width 184: "Netscape Communicator Version 4.0.6"
          RenderTableRow {TR} at (0,22) size 608x18
            RenderTableCell {TD} at (2,22) size 604x18 [border: (1px inset #808080)] [r=1 c=0 rs=1 cs=1]
              RenderText {#text} at (2,2) size 46x14
                text run at (2,2) width 46: "Platforms"
      RenderBlock (anonymous) at (0,58) size 784x28
        RenderBR {BR} at (0,0) size 0x14
        RenderText {#text} at (0,14) size 232x14
          text run at (0,14) width 232: "This second table's TD width is set to 200 pixels."
        RenderBR {BR} at (232,25) size 0x0
      RenderTable {TABLE} at (0,86) size 210x44 [border: (1px outset #808080)]
        RenderTableSection {TBODY} at (1,1) size 208x42
          RenderTableRow {TR} at (0,2) size 208x18
            RenderTableCell {TD} at (2,2) size 204x18 [border: (1px inset #808080)] [r=0 c=0 rs=1 cs=1]
              RenderText {#text} at (2,2) size 184x14
                text run at (2,2) width 184: "Netscape Communicator Version 4.0.6"
          RenderTableRow {TR} at (0,22) size 208x18
            RenderTableCell {TD} at (2,22) size 204x18 [border: (1px inset #808080)] [r=1 c=0 rs=1 cs=1]
              RenderText {#text} at (2,2) size 46x14
                text run at (2,2) width 46: "Platforms"
