layer at (0,0) size 800x600
  RenderView at (0,0) size 800x600
layer at (0,0) size 800x600
  RenderBlock {HTML} at (0,0) size 800x600
    RenderBody {BODY} at (8,8) size 784x584
      RenderBlock (anonymous) at (0,0) size 784x14
        RenderText {#text} at (0,0) size 699x14
          text run at (0,0) width 546: "The table heading (The EggPlant Exchange) should not wrap when window is resized. However, the cell below the "
          text run at (546,0) width 153: "heading will wrap atuomatically."
        RenderBR {BR} at (699,11) size 0x0
      RenderTable {TABLE} at (0,14) size 191x44 [border: (1px outset #808080)]
        RenderTableSection {TBODY} at (1,1) size 189x42
          RenderTableRow {TR} at (0,2) size 189x18
            RenderTableCell {TH} at (2,2) size 179x18 [border: (1px inset #808080)] [r=0 c=0 rs=1 cs=1]
              RenderText {#text} at (28,2) size 123x14
                text run at (28,2) width 123: "The Eggplant Exchange"
            RenderTableCell {TH} at (183,9) size 4x4 [border: (1px inset #808080)] [r=0 c=1 rs=1 cs=1]
          RenderTableRow {TR} at (0,22) size 189x18
            RenderTableCell {TD} at (2,22) size 179x18 [border: (1px inset #808080)] [r=1 c=0 rs=1 cs=1]
              RenderText {#text} at (2,2) size 175x14
                text run at (2,2) width 175: "Lots of Recipies for Eggplant Lovers"
