layer at (0,0) size 800x600
  RenderView at (0,0) size 800x600
layer at (0,0) size 800x600
  RenderBlock {HTML} at (0,0) size 800x600
    RenderBody {BODY} at (8,8) size 784x584
      RenderBlock (anonymous) at (0,0) size 784x42
        RenderText {#text} at (0,0) size 776x28
          text run at (0,0) width 447: "CELLPADDING controls the padding in pixels between the border of each cells and the cell's "
          text run at (447,0) width 329: "contents.The first table has a cellpadding of 8 pixels. The second table"
          text run at (0,14) width 77: "is not using cell "
          text run at (77,14) width 433: "padding. Notice the difference. There should be a larger gap between the cell border and it's "
          text run at (510,14) width 121: "contents in the first table. "
        RenderBR {BR} at (0,0) size 0x0
        RenderBR {BR} at (0,28) size 0x14
      RenderTable {TABLE} at (0,42) size 211x74 [border: (2px outset #808080)]
        RenderTableSection {TBODY} at (2,2) size 207x70
          RenderTableRow {TR} at (0,2) size 207x32
            RenderTableCell {TD} at (2,2) size 67x32 [border: (1px inset #808080)] [r=0 c=0 rs=1 cs=1]
              RenderText {#text} at (9,9) size 47x14
                text run at (9,9) width 47: "Navigator"
            RenderTableCell {TD} at (71,2) size 70x32 [border: (1px inset #808080)] [r=0 c=1 rs=1 cs=1]
              RenderText {#text} at (9,9) size 52x14
                text run at (9,9) width 52: "Messenger"
            RenderTableCell {TD} at (143,2) size 62x32 [border: (1px inset #808080)] [r=0 c=2 rs=1 cs=1]
              RenderText {#text} at (9,9) size 40x14
                text run at (9,9) width 40: "Collabra"
          RenderTableRow {TR} at (0,36) size 207x32
            RenderTableCell {TD} at (2,36) size 67x32 [border: (1px inset #808080)] [r=1 c=0 rs=1 cs=1]
              RenderText {#text} at (9,9) size 49x14
                text run at (9,9) width 49: "Composer"
            RenderTableCell {TD} at (71,36) size 70x32 [border: (1px inset #808080)] [r=1 c=1 rs=1 cs=1]
              RenderText {#text} at (9,9) size 42x14
                text run at (9,9) width 42: "Calendar"
            RenderTableCell {TD} at (143,36) size 62x32 [border: (1px inset #808080)] [r=1 c=2 rs=1 cs=1]
              RenderText {#text} at (9,9) size 44x14
                text run at (9,9) width 44: "Netcaster"
      RenderBlock (anonymous) at (0,116) size 784x42
        RenderBR {BR} at (0,0) size 0x14
        RenderBR {BR} at (0,14) size 0x14
        RenderText {#text} at (0,28) size 163x14
          text run at (0,28) width 163: "This table contains no cellpadding."
      RenderTable {TABLE} at (0,158) size 169x46 [border: (2px outset #808080)]
        RenderTableSection {TBODY} at (2,2) size 165x42
          RenderTableRow {TR} at (0,2) size 165x18
            RenderTableCell {TD} at (2,2) size 53x18 [border: (1px inset #808080)] [r=0 c=0 rs=1 cs=1]
              RenderText {#text} at (2,2) size 47x14
                text run at (2,2) width 47: "Navigator"
            RenderTableCell {TD} at (57,2) size 56x18 [border: (1px inset #808080)] [r=0 c=1 rs=1 cs=1]
              RenderText {#text} at (2,2) size 52x14
                text run at (2,2) width 52: "Messenger"
            RenderTableCell {TD} at (115,2) size 48x18 [border: (1px inset #808080)] [r=0 c=2 rs=1 cs=1]
              RenderText {#text} at (2,2) size 40x14
                text run at (2,2) width 40: "Collabra"
          RenderTableRow {TR} at (0,22) size 165x18
            RenderTableCell {TD} at (2,22) size 53x18 [border: (1px inset #808080)] [r=1 c=0 rs=1 cs=1]
              RenderText {#text} at (2,2) size 49x14
                text run at (2,2) width 49: "Composer"
            RenderTableCell {TD} at (57,22) size 56x18 [border: (1px inset #808080)] [r=1 c=1 rs=1 cs=1]
              RenderText {#text} at (2,2) size 42x14
                text run at (2,2) width 42: "Calendar"
            RenderTableCell {TD} at (115,22) size 48x18 [border: (1px inset #808080)] [r=1 c=2 rs=1 cs=1]
              RenderText {#text} at (2,2) size 44x14
                text run at (2,2) width 44: "Netcaster"
