layer at (0,0) size 800x600
  RenderView at (0,0) size 800x600
layer at (0,0) size 800x600
  RenderBlock {HTML} at (0,0) size 800x600
    RenderBody {BODY} at (8,8) size 784x584
      RenderBlock (anonymous) at (0,0) size 784x14
        RenderText {#text} at (0,0) size 577x14
          text run at (0,0) width 577: "The TD tag uses the ALIGN attribute. The contents in the first TD tag (Netscape Communicator) should be aligned center."
      RenderTable {TABLE} at (0,14) size 218x44 [border: (1px outset #808080)]
        RenderTableSection {TBODY} at (1,1) size 216x42
          RenderTableRow {TR} at (0,2) size 216x18
            RenderTableCell {TD} at (2,2) size 212x18 [border: (1px inset #808080)] [r=0 c=0 rs=1 cs=1]
              RenderText {#text} at (48,2) size 116x14
                text run at (48,2) width 116: "Netscape Communicator"
          RenderTableRow {TR} at (0,22) size 216x18
            RenderTableCell {TD} at (2,22) size 212x18 [border: (1px inset #808080)] [r=1 c=0 rs=1 cs=1]
              RenderText {#text} at (2,2) size 208x14
                text run at (2,2) width 208: "Available on the Mac/PC/UNIX platforms !"
