layer at (0,0) size 800x600
  RenderView at (0,0) size 800x600
layer at (0,0) size 800x600
  RenderBlock {HTML} at (0,0) size 800x600
    RenderBody {BODY} at (8,8) size 784x584
      RenderBlock (anonymous) at (0,0) size 784x28
        RenderText {#text} at (0,0) size 447x14
          text run at (0,0) width 447: "This table uses a COLSPAN attribute in the TH tag. The COLSPAN attribute has a value of 6."
        RenderBR {BR} at (447,11) size 0x0
        RenderBR {BR} at (0,14) size 0x14
      RenderTable {TABLE} at (0,28) size 269x44 [border: (1px outset #808080)]
        RenderTableSection {TBODY} at (1,1) size 267x42
          RenderTableRow {TR} at (0,2) size 267x18
            RenderTableCell {TH} at (2,2) size 263x18 [border: (1px inset #808080)] [r=0 c=0 rs=1 cs=6]
              RenderText {#text} at (28,2) size 207x14
                text run at (28,2) width 207: "Netscape Communicator 4.0.6 Platforms"
          RenderTableRow {TR} at (0,22) size 267x18
            RenderTableCell {TD} at (2,22) size 46x18 [border: (1px inset #808080)] [r=1 c=0 rs=1 cs=1]
              RenderText {#text} at (2,2) size 42x14
                text run at (2,2) width 42: "Mac 68k"
            RenderTableCell {TD} at (50,22) size 59x18 [border: (1px inset #808080)] [r=1 c=1 rs=1 cs=1]
              RenderText {#text} at (2,2) size 55x14
                text run at (2,2) width 55: "Power Mac"
            RenderTableCell {TD} at (111,22) size 42x18 [border: (1px inset #808080)] [r=1 c=2 rs=1 cs=1]
              RenderText {#text} at (2,2) size 38x14
                text run at (2,2) width 38: "Win 3.1"
            RenderTableCell {TD} at (155,22) size 39x18 [border: (1px inset #808080)] [r=1 c=3 rs=1 cs=1]
              RenderText {#text} at (2,2) size 35x14
                text run at (2,2) width 35: "Win 95"
            RenderTableCell {TD} at (196,22) size 39x18 [border: (1px inset #808080)] [r=1 c=4 rs=1 cs=1]
              RenderText {#text} at (2,2) size 35x14
                text run at (2,2) width 35: "Win 98"
            RenderTableCell {TD} at (237,22) size 28x18 [border: (1px inset #808080)] [r=1 c=5 rs=1 cs=1]
              RenderText {#text} at (2,2) size 24x14
                text run at (2,2) width 24: "Unix"
