layer at (0,0) size 800x600
  RenderView at (0,0) size 800x600
layer at (0,0) size 800x600
  RenderBlock {HTML} at (0,0) size 800x600
    RenderBody {BODY} at (8,8) size 784x584
      RenderBlock (anonymous) at (0,0) size 784x28
        RenderText {#text} at (0,0) size 765x28
          text run at (0,0) width 227: "CELLSPACING controls the distance in pixels "
          text run at (227,0) width 538: "between each cell in the table. The first table has a cellspacing of 15 pixels; the second table isn't using cellspacing."
          text run at (0,14) width 456: "Notice the difference here. The first table should be rendered with a wider gap between the cells. "
        RenderBR {BR} at (0,0) size 0x0
      RenderTable {TABLE} at (0,28) size 211x77
        RenderTableSection {TBODY} at (0,0) size 211x77
          RenderTableRow {TR} at (0,15) size 211x16
            RenderTableCell {TD} at (15,15) size 51x16 [r=0 c=0 rs=1 cs=1]
              RenderText {#text} at (1,1) size 47x14
                text run at (1,1) width 47: "Navigator"
            RenderTableCell {TD} at (81,15) size 54x16 [r=0 c=1 rs=1 cs=1]
              RenderText {#text} at (1,1) size 52x14
                text run at (1,1) width 52: "Messenger"
            RenderTableCell {TD} at (150,15) size 46x16 [r=0 c=2 rs=1 cs=1]
              RenderText {#text} at (1,1) size 40x14
                text run at (1,1) width 40: "Collabra"
          RenderTableRow {TR} at (0,46) size 211x16
            RenderTableCell {TD} at (15,46) size 51x16 [r=1 c=0 rs=1 cs=1]
              RenderText {#text} at (1,1) size 49x14
                text run at (1,1) width 49: "Composer"
            RenderTableCell {TD} at (81,46) size 54x16 [r=1 c=1 rs=1 cs=1]
              RenderText {#text} at (1,1) size 42x14
                text run at (1,1) width 42: "Calendar"
            RenderTableCell {TD} at (150,46) size 46x16 [r=1 c=2 rs=1 cs=1]
              RenderText {#text} at (1,1) size 44x14
                text run at (1,1) width 44: "Netcaster"
      RenderBlock (anonymous) at (0,105) size 784x42
        RenderBR {BR} at (0,0) size 0x14
        RenderBR {BR} at (0,14) size 0x14
        RenderText {#text} at (0,28) size 161x14
          text run at (0,28) width 161: "This table contains no cellspacing."
      RenderTable {TABLE} at (0,147) size 159x38
        RenderTableSection {TBODY} at (0,0) size 159x38
          RenderTableRow {TR} at (0,2) size 159x16
            RenderTableCell {TD} at (2,2) size 51x16 [r=0 c=0 rs=1 cs=1]
              RenderText {#text} at (1,1) size 47x14
                text run at (1,1) width 47: "Navigator"
            RenderTableCell {TD} at (55,2) size 54x16 [r=0 c=1 rs=1 cs=1]
              RenderText {#text} at (1,1) size 52x14
                text run at (1,1) width 52: "Messenger"
            RenderTableCell {TD} at (111,2) size 46x16 [r=0 c=2 rs=1 cs=1]
              RenderText {#text} at (1,1) size 40x14
                text run at (1,1) width 40: "Collabra"
          RenderTableRow {TR} at (0,20) size 159x16
            RenderTableCell {TD} at (2,20) size 51x16 [r=1 c=0 rs=1 cs=1]
              RenderText {#text} at (1,1) size 49x14
                text run at (1,1) width 49: "Composer"
            RenderTableCell {TD} at (55,20) size 54x16 [r=1 c=1 rs=1 cs=1]
              RenderText {#text} at (1,1) size 42x14
                text run at (1,1) width 42: "Calendar"
            RenderTableCell {TD} at (111,20) size 46x16 [r=1 c=2 rs=1 cs=1]
              RenderText {#text} at (1,1) size 44x14
                text run at (1,1) width 44: "Netcaster"
