layer at (0,0) size 800x600
  RenderView at (0,0) size 800x600
layer at (0,0) size 800x600
  RenderBlock {HTML} at (0,0) size 800x600
    RenderBody {BODY} at (8,8) size 784x584
      RenderBlock (anonymous) at (0,0) size 784x14
        RenderText {#text} at (0,0) size 672x14
          text run at (0,0) width 519: "The TD cell (The EggPlant Exchange) should not wrap when window is resized. However, the cell below the "
          text run at (519,0) width 153: "heading will wrap atuomatically."
        RenderBR {BR} at (672,11) size 0x0
      RenderTable {TABLE} at (0,14) size 185x44 [border: (1px outset #808080)]
        RenderTableSection {TBODY} at (1,1) size 183x42
          RenderTableRow {TR} at (0,2) size 183x18
            RenderTableCell {TD} at (2,2) size 179x18 [border: (1px inset #808080)] [r=0 c=0 rs=1 cs=1]
              RenderText {#text} at (2,2) size 112x14
                text run at (2,2) width 112: "The Eggplant Exchange"
          RenderTableRow {TR} at (0,22) size 183x18
            RenderTableCell {TD} at (2,22) size 179x18 [border: (1px inset #808080)] [r=1 c=0 rs=1 cs=1]
              RenderText {#text} at (2,2) size 175x14
                text run at (2,2) width 175: "Lots of Recipies for Eggplant Lovers"
