layer at (0,0) size 800x600
  RenderView at (0,0) size 800x600
layer at (0,0) size 800x600
  RenderBlock {HTML} at (0,0) size 800x600
    RenderBody {BODY} at (8,8) size 784x584
      RenderBlock (anonymous) at (0,0) size 784x28
        RenderText {#text} at (0,0) size 757x28
          text run at (0,0) width 516: "This test case shows how WIDTH can set the width of the table to a fixed size using PERCENT. PERCENT "
          text run at (516,0) width 241: "is based on the percentage of the space between the"
          text run at (0,14) width 143: "current left and right margins. "
          text run at (143,14) width 190: "This first table has a width of 80 percent"
      RenderTable {TABLE} at (0,28) size 627x38
        RenderTableSection {TBODY} at (0,0) size 627x38
          RenderTableRow {TR} at (0,2) size 627x16
            RenderTableCell {TD} at (2,2) size 209x16 [r=0 c=0 rs=1 cs=1]
              RenderText {#text} at (1,1) size 47x14
                text run at (1,1) width 47: "Navigator"
            RenderTableCell {TD} at (213,2) size 221x16 [r=0 c=1 rs=1 cs=1]
              RenderText {#text} at (1,1) size 52x14
                text run at (1,1) width 52: "Messenger"
            RenderTableCell {TD} at (436,2) size 189x16 [r=0 c=2 rs=1 cs=1]
              RenderText {#text} at (1,1) size 40x14
                text run at (1,1) width 40: "Collabra"
          RenderTableRow {TR} at (0,20) size 627x16
            RenderTableCell {TD} at (2,20) size 209x16 [r=1 c=0 rs=1 cs=1]
              RenderText {#text} at (1,1) size 49x14
                text run at (1,1) width 49: "Composer"
            RenderTableCell {TD} at (213,20) size 221x16 [r=1 c=1 rs=1 cs=1]
              RenderText {#text} at (1,1) size 42x14
                text run at (1,1) width 42: "Calendar"
            RenderTableCell {TD} at (436,20) size 189x16 [r=1 c=2 rs=1 cs=1]
              RenderText {#text} at (1,1) size 44x14
                text run at (1,1) width 44: "Netcaster"
      RenderBlock (anonymous) at (0,66) size 784x28
        RenderBR {BR} at (0,0) size 0x14
        RenderText {#text} at (0,14) size 234x14
          text run at (0,14) width 234: "While, this second table has a width of 50 percent"
      RenderTable {TABLE} at (0,94) size 392x38
        RenderTableSection {TBODY} at (0,0) size 392x38
          RenderTableRow {TR} at (0,2) size 392x16
            RenderTableCell {TD} at (2,2) size 129x16 [r=0 c=0 rs=1 cs=1]
              RenderText {#text} at (1,1) size 47x14
                text run at (1,1) width 47: "Navigator"
            RenderTableCell {TD} at (133,2) size 137x16 [r=0 c=1 rs=1 cs=1]
              RenderText {#text} at (1,1) size 52x14
                text run at (1,1) width 52: "Messenger"
            RenderTableCell {TD} at (272,2) size 118x16 [r=0 c=2 rs=1 cs=1]
              RenderText {#text} at (1,1) size 40x14
                text run at (1,1) width 40: "Collabra"
          RenderTableRow {TR} at (0,20) size 392x16
            RenderTableCell {TD} at (2,20) size 129x16 [r=1 c=0 rs=1 cs=1]
              RenderText {#text} at (1,1) size 49x14
                text run at (1,1) width 49: "Composer"
            RenderTableCell {TD} at (133,20) size 137x16 [r=1 c=1 rs=1 cs=1]
              RenderText {#text} at (1,1) size 42x14
                text run at (1,1) width 42: "Calendar"
            RenderTableCell {TD} at (272,20) size 118x16 [r=1 c=2 rs=1 cs=1]
              RenderText {#text} at (1,1) size 44x14
                text run at (1,1) width 44: "Netcaster"
