layer at (0,0) size 800x600
  RenderView at (0,0) size 800x600
layer at (0,0) size 800x600
  RenderBlock {HTML} at (0,0) size 800x600
    RenderBody {BODY} at (8,8) size 784x580
      RenderTable {TABLE} at (0,0) size 784x38 [bgcolor=#00FF00] [border: (1px outset #808080)]
        RenderTableSection {TBODY} at (1,1) size 782x36
          RenderTableRow {TR} at (0,2) size 782x32
            RenderTableCell {TD} at (2,2) size 388x32 [border: (1px inset #808080)] [r=0 c=0 rs=1 cs=1]
              RenderText {#text} at (2,2) size 335x28
                text run at (2,2) width 335: "Here is a table using the CLASS attribute. The table should have a lime"
                text run at (2,16) width 59: "background."
            RenderTableCell {TD} at (392,2) size 388x32 [border: (1px inset #808080)] [r=0 c=1 rs=1 cs=1]
              RenderText {#text} at (2,2) size 335x28
                text run at (2,2) width 335: "Here is a table using the CLASS attribute. The table should have a lime"
                text run at (2,16) width 59: "background."
      RenderBlock {P} at (0,50) size 784x28 [bgcolor=#00FF00]
        RenderText {#text} at (0,0) size 773x28
          text run at (0,0) width 773: "This is a paragraph using the CLASS attribute. The paragraph should have a lime background. This paragraph validates that the CLASS attribute works for multiple"
          text run at (0,14) width 44: "elements."
