layer at (0,0) size 800x600
  RenderView at (0,0) size 800x600
layer at (0,0) size 800x600
  RenderBlock {HTML} at (0,0) size 800x600
    RenderBody {BODY} at (8,8) size 784x584
      RenderBlock {P} at (0,0) size 784x14
        RenderText {#text} at (0,0) size 504x14
          text run at (0,0) width 504: "The TBODY element labels the body area of a table. In this test, the TBODY text should be center aligned."
      RenderTable {TABLE} at (0,26) size 516x70 [border: (1px outset #808080)]
        RenderTableSection {THEAD} at (1,1) size 514x22
          RenderTableRow {TR} at (0,2) size 514x18
            RenderTableCell {TD} at (2,2) size 254x18 [border: (1px inset #808080)] [r=0 c=0 rs=1 cs=1]
              RenderText {#text} at (2,2) size 250x14
                text run at (2,2) width 250: "This text is in the THEADThis text is in the THEAD"
            RenderTableCell {TD} at (258,2) size 254x18 [border: (1px inset #808080)] [r=0 c=1 rs=1 cs=1]
              RenderText {#text} at (2,2) size 250x14
                text run at (2,2) width 250: "This text is in the THEADThis text is in the THEAD"
        RenderTableSection {TFOOT} at (1,47) size 514x22
          RenderTableRow {TR} at (0,2) size 514x18
            RenderTableCell {TD} at (2,2) size 254x18 [border: (1px inset #808080)] [r=0 c=0 rs=1 cs=1]
              RenderText {#text} at (2,2) size 246x14
                text run at (2,2) width 246: "This text is in the TFOOTThis text is in the TFOOT"
            RenderTableCell {TD} at (258,2) size 254x18 [border: (1px inset #808080)] [r=0 c=1 rs=1 cs=1]
              RenderText {#text} at (2,2) size 246x14
                text run at (2,2) width 246: "This text is in the TFOOTThis text is in the TFOOT"
        RenderTableSection {TBODY} at (1,23) size 514x22
          RenderTableRow {TR} at (0,2) size 514x18
            RenderTableCell {TD} at (2,2) size 254x18 [border: (1px inset #808080)] [r=0 c=0 rs=1 cs=1]
              RenderText {#text} at (64,2) size 126x14
                text run at (64,2) width 126: "This text is in the TBODY"
            RenderTableCell {TD} at (258,2) size 254x18 [border: (1px inset #808080)] [r=0 c=1 rs=1 cs=1]
              RenderText {#text} at (64,2) size 126x14
                text run at (64,2) width 126: "This text is in the TBODY"
        RenderTableSection {TBODY} at (1,45) size 514x2
