layer at (0,0) size 800x600
  RenderView at (0,0) size 800x600
layer at (0,0) size 800x600
  RenderBlock {HTML} at (0,0) size 800x600
    RenderBody {BODY} at (8,8) size 784x584
      RenderBlock {P} at (0,0) size 784x14
        RenderText {#text} at (0,0) size 487x14
          text run at (0,0) width 487: "The THEAD element labels the head area of a table. In this test, the THEAD text should be left aligned."
      RenderTable {TABLE} at (0,26) size 520x70 [border: (1px outset #808080)]
        RenderTableSection {THEAD} at (1,1) size 518x22
          RenderTableRow {TR} at (0,2) size 518x18
            RenderTableCell {TD} at (2,2) size 256x18 [border: (1px inset #808080)] [r=0 c=0 rs=1 cs=1]
              RenderText {#text} at (2,2) size 125x14
                text run at (2,2) width 125: "This text is in the THEAD"
            RenderTableCell {TD} at (260,2) size 256x18 [border: (1px inset #808080)] [r=0 c=1 rs=1 cs=1]
              RenderText {#text} at (2,2) size 125x14
                text run at (2,2) width 125: "This text is in the THEAD"
        RenderTableSection {TFOOT} at (1,47) size 518x22
          RenderTableRow {TR} at (0,2) size 518x18
            RenderTableCell {TD} at (2,2) size 256x18 [border: (1px inset #808080)] [r=0 c=0 rs=1 cs=1]
              RenderText {#text} at (2,2) size 246x14
                text run at (2,2) width 246: "This text is in the TFOOTThis text is in the TFOOT"
            RenderTableCell {TD} at (260,2) size 256x18 [border: (1px inset #808080)] [r=0 c=1 rs=1 cs=1]
              RenderText {#text} at (2,2) size 246x14
                text run at (2,2) width 246: "This text is in the TFOOTThis text is in the TFOOT"
        RenderTableSection {TBODY} at (1,23) size 518x22
          RenderTableRow {TR} at (0,2) size 518x18
            RenderTableCell {TD} at (2,2) size 256x18 [border: (1px inset #808080)] [r=0 c=0 rs=1 cs=1]
              RenderText {#text} at (2,2) size 252x14
                text run at (2,2) width 252: "This text is in the TBODYThis text is in the TBODY"
            RenderTableCell {TD} at (260,2) size 256x18 [border: (1px inset #808080)] [r=0 c=1 rs=1 cs=1]
              RenderText {#text} at (2,2) size 252x14
                text run at (2,2) width 252: "This text is in the TBODYThis text is in the TBODY"
        RenderTableSection {TBODY} at (1,45) size 518x2
