layer at (0,0) size 800x600
  RenderView at (0,0) size 800x600
layer at (0,0) size 800x600
  RenderBlock {HTML} at (0,0) size 800x600
    RenderBody {BODY} at (8,8) size 784x584
      RenderBlock (anonymous) at (0,0) size 784x14
        RenderText {#text} at (0,0) size 130x14
          text run at (0,0) width 130: "TR VALIGN=BASELINE"
      RenderTable {TABLE} at (0,14) size 784x212 [border: (1px outset #808080)]
        RenderTableSection {TBODY} at (1,1) size 782x210
          RenderTableRow {TR} at (0,2) size 782x206
            RenderTableCell {TD} at (2,2) size 304x189 [border: (1px inset #808080)] [r=0 c=0 rs=1 cs=1]
              RenderImage {IMG} at (2,2) size 300x185
            RenderTableCell {TD} at (308,176) size 235x32 [border: (1px inset #808080)] [r=0 c=1 rs=1 cs=1]
              RenderText {#text} at (2,2) size 202x28
                text run at (2,2) width 202: "This text should be vertically aligned to the"
                text run at (2,16) width 38: "baseline"
            RenderTableCell {TD} at (545,176) size 235x32 [border: (1px inset #808080)] [r=0 c=2 rs=1 cs=1]
              RenderText {#text} at (2,2) size 202x28
                text run at (2,2) width 202: "This text should be vertically aligned to the"
                text run at (2,16) width 38: "baseline"
