layer at (0,0) size 800x600
  RenderView at (0,0) size 800x600
layer at (0,0) size 800x104
  RenderBlock {html} at (0,0) size 800x104
    RenderBody {body} at (8,12) size 784x84
      RenderBlock {p} at (0,0) size 784x14
        RenderText {#text} at (0,0) size 230x14
          text run at (0,0) width 230: "The table caption should be aligned at the bottom"
      RenderTable {table} at (0,26) size 97x58 [border: (1px outset #808080)]
        RenderBlock {caption} at (0,44) size 95x14
          RenderText {#text} at (21,0) size 53x14
            text run at (21,0) width 53: "CAPTION"
        RenderTableSection (anonymous) at (1,1) size 95x42
          RenderTableRow {tr} at (0,2) size 95x18
            RenderTableCell {td} at (2,2) size 29x18 [border: (1px inset #808080)] [r=0 c=0 rs=1 cs=1]
              RenderText {#text} at (2,2) size 25x14
                text run at (2,2) width 25: "cell 1"
            RenderTableCell {td} at (33,2) size 29x18 [border: (1px inset #808080)] [r=0 c=1 rs=1 cs=1]
              RenderText {#text} at (2,2) size 25x14
                text run at (2,2) width 25: "cell 2"
            RenderTableCell {td} at (64,2) size 29x18 [border: (1px inset #808080)] [r=0 c=2 rs=1 cs=1]
              RenderText {#text} at (2,2) size 25x14
                text run at (2,2) width 25: "cell 3"
          RenderTableRow {tr} at (0,22) size 95x18
            RenderTableCell {td} at (2,22) size 29x18 [border: (1px inset #808080)] [r=1 c=0 rs=1 cs=1]
              RenderText {#text} at (2,2) size 25x14
                text run at (2,2) width 25: "cell 4"
            RenderTableCell {td} at (33,22) size 29x18 [border: (1px inset #808080)] [r=1 c=1 rs=1 cs=1]
              RenderText {#text} at (2,2) size 25x14
                text run at (2,2) width 25: "cell 5"
            RenderTableCell {td} at (64,22) size 29x18 [border: (1px inset #808080)] [r=1 c=2 rs=1 cs=1]
              RenderText {#text} at (2,2) size 25x14
                text run at (2,2) width 25: "cell 6"
