layer at (0,0) size 800x600
  RenderView at (0,0) size 800x600
layer at (0,0) size 800x40
  RenderBlock {html} at (0,0) size 800x40
    RenderBody {body} at (8,8) size 784x24
      RenderTable {table} at (0,0) size 600x24 [border: (1px outset #808080)]
        RenderTableCol {colgroup} at (0,0) size 0x0
          RenderTableCol {col} at (0,0) size 0x0
          RenderTableCol {col} at (0,0) size 0x0
        RenderTableSection (anonymous) at (1,1) size 598x22
          RenderTableRow {tr} at (0,2) size 598x18
            RenderTableCell {td} at (2,2) size 296x18 [border: (1px inset #808080)] [r=0 c=0 rs=1 cs=1]
              RenderText {#text} at (2,2) size 143x14
                text run at (2,2) width 143: "Cell text should be left aligned"
            RenderTableCell {td} at (300,2) size 296x18 [border: (1px inset #808080)] [r=0 c=1 rs=1 cs=1]
              RenderText {#text} at (2,2) size 143x14
                text run at (2,2) width 143: "Cell text should be left aligned"
