layer at (0,0) size 800x600
  RenderView at (0,0) size 800x600
layer at (0,0) size 800x98
  RenderBlock {html} at (0,0) size 800x98
    RenderBody {body} at (8,12) size 784x78
      RenderBlock {p} at (0,0) size 784x14
        RenderText {#text} at (0,0) size 108x14
          text run at (0,0) width 108: "COL WIDTH=relative"
      RenderTable {table} at (0,26) size 300x52 [border: (1px outset #808080)]
        RenderTableCol {colgroup} at (0,0) size 0x0
          RenderTableCol {col} at (0,0) size 0x0
          RenderTableCol {col} at (0,0) size 0x0
        RenderTableSection (anonymous) at (1,1) size 298x50
          RenderTableRow {tr} at (0,2) size 298x46
            RenderTableCell {td} at (2,2) size 144x46 [border: (1px inset #808080)] [r=0 c=0 rs=1 cs=1]
              RenderText {#text} at (2,2) size 132x42
                text run at (2,2) width 127: "Table width is 300px. This"
                text run at (2,16) width 115: "column should be 1/2 as"
                text run at (2,30) width 39: "wide as "
                text run at (41,30) width 93: "Column 2 or 100px"
            RenderTableCell {td} at (148,2) size 148x46 [border: (1px inset #808080)] [r=0 c=1 rs=1 cs=1]
              RenderText {#text} at (2,2) size 132x42
                text run at (2,2) width 127: "Table width is 300px. This"
                text run at (2,16) width 125: "column should be twice as"
                text run at (2,30) width 39: "wide as "
                text run at (41,30) width 93: "Column 1 or 200px"
