layer at (0,0) size 800x600
  RenderView at (0,0) size 800x600
layer at (0,0) size 800x84
  RenderBlock {html} at (0,0) size 800x84
    RenderBody {body} at (8,12) size 784x64
      RenderBlock {p} at (0,0) size 784x14
        RenderText {#text} at (0,0) size 86x14
          text run at (0,0) width 86: "COL WIDTH=px"
      RenderTable {table} at (0,26) size 608x38 [border: (1px outset #808080)]
        RenderTableCol {colgroup} at (0,0) size 0x0
          RenderTableCol {col} at (0,0) size 0x0
          RenderTableCol {col} at (0,0) size 0x0
        RenderTableSection (anonymous) at (1,1) size 606x36
          RenderTableRow {tr} at (0,2) size 606x32
            RenderTableCell {td} at (2,2) size 200x32 [border: (1px inset #808080)] [r=0 c=0 rs=1 cs=1]
              RenderText {#text} at (2,2) size 191x28
                text run at (2,2) width 191: "This column should have a width of 200"
                text run at (2,16) width 28: "pixels"
            RenderTableCell {td} at (204,9) size 400x18 [border: (1px inset #808080)] [r=0 c=1 rs=1 cs=1]
              RenderText {#text} at (2,2) size 222x14
                text run at (2,2) width 222: "This column should have a width of 400 pixels"
