layer at (0,0) size 800x600
  RenderView at (0,0) size 800x600
layer at (0,0) size 800x82
  RenderBlock {html} at (0,0) size 800x82
    RenderBody {body} at (8,8) size 784x66
      RenderTable {table} at (0,0) size 600x66 [border: (1px outset #808080)]
        RenderTableCol {colgroup} at (0,0) size 0x0
          RenderTableCol {col} at (0,0) size 0x0
          RenderTableCol {col} at (0,0) size 0x0
        RenderTableSection (anonymous) at (1,1) size 598x64
          RenderTableRow {tr} at (0,2) size 598x60
            RenderTableCell {td} at (2,2) size 296x60 [border: (1px inset #808080)] [r=0 c=0 rs=1 cs=1]
              RenderText {#text} at (2,2) size 287x56
                text run at (2,2) width 284: "The text in this cell text should be justified which means that"
                text run at (2,16) width 286: "the right and left margins should line up, no matter how long"
                text run at (2,30) width 17: "the "
                text run at (19,30) width 270: "content becomes (except the last line which should be left"
                text run at (2,44) width 41: "aligned)."
            RenderTableCell {td} at (300,2) size 296x60 [border: (1px inset #808080)] [r=0 c=1 rs=1 cs=1]
              RenderText {#text} at (2,2) size 287x56
                text run at (2,2) width 284: "The text in this cell text should be justified which means that"
                text run at (2,16) width 286: "the right and left margins should line up, no matter how long"
                text run at (2,30) width 17: "the "
                text run at (19,30) width 270: "content becomes (except the last line which should be left"
                text run at (2,44) width 41: "aligned)."
