layer at (0,0) size 800x600
  RenderView at (0,0) size 800x600
layer at (0,0) size 800x234
  RenderBlock {html} at (0,0) size 800x234
    RenderBody {body} at (8,8) size 784x218
      RenderTable {table} at (0,0) size 100x52 [border: (1px outset #808080)]
        RenderTableSection (anonymous) at (1,1) size 98x50
          RenderTableRow {tr} at (0,2) size 98x46
            RenderTableCell {td} at (2,2) size 94x46 [border: (1px inset #808080)] [r=0 c=0 rs=1 cs=1]
              RenderText {#text} at (2,2) size 81x42
                text run at (2,2) width 81: "This table should"
                text run at (2,16) width 73: "have a width of"
                text run at (2,30) width 49: "100 pixels"
      RenderBlock (anonymous) at (0,52) size 784x14
        RenderBR {br} at (0,0) size 0x14
      RenderTable {table} at (0,66) size 200x38 [border: (1px outset #808080)]
        RenderTableSection (anonymous) at (1,1) size 198x36
          RenderTableRow {tr} at (0,2) size 198x32
            RenderTableCell {td} at (2,2) size 194x32 [border: (1px inset #808080)] [r=0 c=0 rs=1 cs=1]
              RenderText {#text} at (2,2) size 178x28
                text run at (2,2) width 178: "This table should have a width of 200"
                text run at (2,16) width 28: "pixels"
      RenderBlock (anonymous) at (0,104) size 784x14
        RenderBR {br} at (0,0) size 0x14
      RenderTable {table} at (0,118) size 300x24 [border: (1px outset #808080)]
        RenderTableSection (anonymous) at (1,1) size 298x22
          RenderTableRow {tr} at (0,2) size 298x18
            RenderTableCell {td} at (2,2) size 294x18 [border: (1px inset #808080)] [r=0 c=0 rs=1 cs=1]
              RenderText {#text} at (2,2) size 209x14
                text run at (2,2) width 209: "This table should have a width of 300 pixels"
      RenderBlock (anonymous) at (0,142) size 784x14
        RenderBR {br} at (0,0) size 0x14
      RenderTable {table} at (0,156) size 400x24 [border: (1px outset #808080)]
        RenderTableSection (anonymous) at (1,1) size 398x22
          RenderTableRow {tr} at (0,2) size 398x18
            RenderTableCell {td} at (2,2) size 394x18 [border: (1px inset #808080)] [r=0 c=0 rs=1 cs=1]
              RenderText {#text} at (2,2) size 209x14
                text run at (2,2) width 209: "This table should have a width of 400 pixels"
      RenderBlock (anonymous) at (0,180) size 784x14
        RenderBR {br} at (0,0) size 0x14
      RenderTable {table} at (0,194) size 500x24 [border: (1px outset #808080)]
        RenderTableSection (anonymous) at (1,1) size 498x22
          RenderTableRow {tr} at (0,2) size 498x18
            RenderTableCell {td} at (2,2) size 494x18 [border: (1px inset #808080)] [r=0 c=0 rs=1 cs=1]
              RenderText {#text} at (2,2) size 209x14
                text run at (2,2) width 209: "This table should have a width of 500 pixels"
