layer at (0,0) size 800x600
  RenderView at (0,0) size 800x600
layer at (0,0) size 800x168
  RenderBlock {html} at (0,0) size 800x168
    RenderBody {body} at (8,8) size 784x152
      RenderTable {table} at (0,0) size 784x24 [border: (1px outset #808080)]
        RenderTableSection (anonymous) at (1,1) size 782x22
          RenderTableRow {tr} at (0,2) size 782x18
            RenderTableCell {td} at (2,2) size 778x18 [border: (1px inset #808080)] [r=0 c=0 rs=1 cs=1]
              RenderText {#text} at (2,2) size 328x14
                text run at (2,2) width 302: "This table should have a width 100% of the available horizontal "
                text run at (304,2) width 26: "space"
      RenderBlock (anonymous) at (0,24) size 784x14
        RenderBR {br} at (0,0) size 0x14
      RenderTable {table} at (0,38) size 588x24 [border: (1px outset #808080)]
        RenderTableSection (anonymous) at (1,1) size 586x22
          RenderTableRow {tr} at (0,2) size 586x18
            RenderTableCell {td} at (2,2) size 582x18 [border: (1px inset #808080)] [r=0 c=0 rs=1 cs=1]
              RenderText {#text} at (2,2) size 322x14
                text run at (2,2) width 296: "This table should have a width 75% of the available horizontal "
                text run at (298,2) width 26: "space"
      RenderBlock (anonymous) at (0,62) size 784x14
        RenderBR {br} at (0,0) size 0x14
      RenderTable {table} at (0,76) size 392x24 [border: (1px outset #808080)]
        RenderTableSection (anonymous) at (1,1) size 390x22
          RenderTableRow {tr} at (0,2) size 390x18
            RenderTableCell {td} at (2,2) size 386x18 [border: (1px inset #808080)] [r=0 c=0 rs=1 cs=1]
              RenderText {#text} at (2,2) size 322x14
                text run at (2,2) width 296: "This table should have a width 50% of the available horizontal "
                text run at (298,2) width 26: "space"
      RenderBlock (anonymous) at (0,100) size 784x14
        RenderBR {br} at (0,0) size 0x14
      RenderTable {table} at (0,114) size 196x38 [border: (1px outset #808080)]
        RenderTableSection (anonymous) at (1,1) size 194x36
          RenderTableRow {tr} at (0,2) size 194x32
            RenderTableCell {td} at (2,2) size 190x32 [border: (1px inset #808080)] [r=0 c=0 rs=1 cs=1]
              RenderText {#text} at (2,2) size 182x28
                text run at (2,2) width 182: "This table should have a width 25% of"
                text run at (2,16) width 111: "the available horizontal "
                text run at (113,16) width 26: "space"
