layer at (0,0) size 800x600
  RenderView at (0,0) size 800x600
layer at (0,0) size 800x114
  RenderBlock {html} at (0,0) size 800x114
    RenderBody {body} at (8,12) size 784x94
      RenderBlock {p} at (0,0) size 784x14
        RenderText {#text} at (0,0) size 362x14
          text run at (0,0) width 305: "There should be rules around each row and column group in the "
          text run at (305,0) width 57: "table below."
      RenderTable {table} at (0,26) size 139x68 [border: none]
        RenderTableCol {colgroup} at (0,0) size 0x0 [border: (1px solid #000000) none (1px solid #000000)]
          RenderTableCol {col} at (0,0) size 0x0
        RenderTableCol {colgroup} at (0,0) size 0x0 [border: (1px solid #000000) none (1px solid #000000)]
          RenderTableCol {col} at (0,0) size 0x0
        RenderTableCol {colgroup} at (0,0) size 0x0 [border: (1px solid #000000) none (1px solid #000000)]
          RenderTableCol {col} at (0,0) size 0x0
        RenderTableSection {thead} at (0,0) size 138x17 [border: (1px solid #808080) none (1px solid #808080) none]
          RenderTableRow {tr} at (0,0) size 138x17
            RenderTableCell {th} at (0,0) size 46x17 [border: (1px none #000000)] [r=0 c=0 rs=1 cs=1]
              RenderText {#text} at (2,2) size 43x14
                text run at (2,2) width 43: "THEAD"
            RenderTableCell {th} at (46,0) size 46x17 [border: (1px none #000000)] [r=0 c=1 rs=1 cs=1]
              RenderText {#text} at (2,2) size 43x14
                text run at (2,2) width 43: "THEAD"
            RenderTableCell {th} at (92,0) size 46x17 [border: (1px none #000000)] [r=0 c=2 rs=1 cs=1]
              RenderText {#text} at (2,2) size 43x14
                text run at (2,2) width 43: "THEAD"
        RenderTableSection {tfoot} at (0,50) size 138x17 [border: (1px solid #808080) none (1px solid #808080) none]
          RenderTableRow {tr} at (0,0) size 138x17
            RenderTableCell {td} at (0,0) size 46x17 [border: (1px none #000000)] [r=0 c=0 rs=1 cs=1]
              RenderText {#text} at (2,2) size 39x14
                text run at (2,2) width 39: "TFOOT"
            RenderTableCell {td} at (46,0) size 46x17 [border: (1px none #000000)] [r=0 c=1 rs=1 cs=1]
              RenderText {#text} at (2,2) size 39x14
                text run at (2,2) width 39: "TFOOT"
            RenderTableCell {td} at (92,0) size 46x17 [border: (1px none #000000)] [r=0 c=2 rs=1 cs=1]
              RenderText {#text} at (2,2) size 39x14
                text run at (2,2) width 39: "TFOOT"
        RenderTableSection {tbody} at (0,17) size 138x33 [border: (1px solid #808080) none (1px solid #808080) none]
          RenderTableRow {tr} at (0,0) size 138x17
            RenderTableCell {td} at (0,0) size 46x17 [border: (1px none #000000)] [r=0 c=0 rs=1 cs=1]
              RenderText {#text} at (2,2) size 42x14
                text run at (2,2) width 42: "TBODY"
            RenderTableCell {td} at (46,0) size 46x17 [border: (1px none #000000)] [r=0 c=1 rs=1 cs=1]
              RenderText {#text} at (2,2) size 42x14
                text run at (2,2) width 42: "TBODY"
            RenderTableCell {td} at (92,0) size 46x17 [border: (1px none #000000)] [r=0 c=2 rs=1 cs=1]
              RenderText {#text} at (2,2) size 42x14
                text run at (2,2) width 42: "TBODY"
          RenderTableRow {tr} at (0,17) size 138x16
            RenderTableCell {td} at (0,17) size 46x16 [border: none] [r=1 c=0 rs=1 cs=1]
              RenderText {#text} at (2,1) size 42x14
                text run at (2,1) width 42: "TBODY"
            RenderTableCell {td} at (46,17) size 46x16 [border: none] [r=1 c=1 rs=1 cs=1]
              RenderText {#text} at (2,1) size 42x14
                text run at (2,1) width 42: "TBODY"
            RenderTableCell {td} at (92,17) size 46x16 [border: none] [r=1 c=2 rs=1 cs=1]
              RenderText {#text} at (2,1) size 42x14
                text run at (2,1) width 42: "TBODY"
