layer at (0,0) size 800x600
  RenderView at (0,0) size 800x600
layer at (0,0) size 800x174
  RenderBlock {html} at (0,0) size 800x174
    RenderBody {body} at (8,12) size 784x154
      RenderBlock {p} at (0,0) size 784x14
        RenderText {#text} at (0,0) size 296x14
          text run at (0,0) width 296: "The numbers in the TBODY should align at the decimal points"
      RenderTable {table} at (0,26) size 286x128 [border: (1px outset #808080)]
        RenderTableSection {thead} at (1,1) size 284x42
          RenderTableRow {tr} at (0,2) size 284x18
            RenderTableCell {td} at (2,2) size 88x18 [border: (1px inset #808080)] [r=0 c=0 rs=1 cs=1]
              RenderText {#text} at (2,2) size 41x14
                text run at (2,2) width 41: "THEAD"
            RenderTableCell {td} at (92,2) size 94x18 [border: (1px inset #808080)] [r=0 c=1 rs=1 cs=1]
              RenderText {#text} at (2,2) size 41x14
                text run at (2,2) width 41: "THEAD"
            RenderTableCell {td} at (188,2) size 94x18 [border: (1px inset #808080)] [r=0 c=2 rs=1 cs=1]
              RenderText {#text} at (2,2) size 41x14
                text run at (2,2) width 41: "THEAD"
          RenderTableRow {tr} at (0,22) size 284x18
            RenderTableCell {td} at (2,22) size 88x18 [border: (1px inset #808080)] [r=1 c=0 rs=1 cs=1]
              RenderText {#text} at (2,2) size 41x14
                text run at (2,2) width 41: "THEAD"
            RenderTableCell {td} at (92,22) size 94x18 [border: (1px inset #808080)] [r=1 c=1 rs=1 cs=1]
              RenderText {#text} at (2,2) size 41x14
                text run at (2,2) width 41: "THEAD"
            RenderTableCell {td} at (188,22) size 94x18 [border: (1px inset #808080)] [r=1 c=2 rs=1 cs=1]
              RenderText {#text} at (2,2) size 41x14
                text run at (2,2) width 41: "THEAD"
        RenderTableSection {tfoot} at (1,85) size 284x42
          RenderTableRow {tr} at (0,2) size 284x18
            RenderTableCell {td} at (2,2) size 88x18 [border: (1px inset #808080)] [r=0 c=0 rs=1 cs=1]
              RenderText {#text} at (2,2) size 39x14
                text run at (2,2) width 39: "TFOOT"
            RenderTableCell {td} at (92,2) size 94x18 [border: (1px inset #808080)] [r=0 c=1 rs=1 cs=1]
              RenderText {#text} at (2,2) size 39x14
                text run at (2,2) width 39: "TFOOT"
            RenderTableCell {td} at (188,2) size 94x18 [border: (1px inset #808080)] [r=0 c=2 rs=1 cs=1]
              RenderText {#text} at (2,2) size 39x14
                text run at (2,2) width 39: "TFOOT"
          RenderTableRow {tr} at (0,22) size 284x18
            RenderTableCell {td} at (2,22) size 88x18 [border: (1px inset #808080)] [r=1 c=0 rs=1 cs=1]
              RenderText {#text} at (2,2) size 39x14
                text run at (2,2) width 39: "TFOOT"
            RenderTableCell {td} at (92,22) size 94x18 [border: (1px inset #808080)] [r=1 c=1 rs=1 cs=1]
              RenderText {#text} at (2,2) size 39x14
                text run at (2,2) width 39: "TFOOT"
            RenderTableCell {td} at (188,22) size 94x18 [border: (1px inset #808080)] [r=1 c=2 rs=1 cs=1]
              RenderText {#text} at (2,2) size 39x14
                text run at (2,2) width 39: "TFOOT"
        RenderTableSection {tbody} at (1,43) size 284x42
          RenderTableRow {tr} at (0,2) size 284x18
            RenderTableCell {td} at (2,2) size 88x18 [border: (1px inset #808080)] [r=0 c=0 rs=1 cs=1]
              RenderText {#text} at (2,2) size 72x14
                text run at (2,2) width 72: "TBODY 55.00"
            RenderTableCell {td} at (92,2) size 94x18 [border: (1px inset #808080)] [r=0 c=1 rs=1 cs=1]
              RenderText {#text} at (2,2) size 90x14
                text run at (2,2) width 90: "TBODY 55555.00"
            RenderTableCell {td} at (188,2) size 94x18 [border: (1px inset #808080)] [r=0 c=2 rs=1 cs=1]
              RenderText {#text} at (2,2) size 78x14
                text run at (2,2) width 78: "TBODY 555.00"
          RenderTableRow {tr} at (0,22) size 284x18
            RenderTableCell {td} at (2,22) size 88x18 [border: (1px inset #808080)] [r=1 c=0 rs=1 cs=1]
              RenderText {#text} at (2,2) size 84x14
                text run at (2,2) width 84: "TBODY 1234.56"
            RenderTableCell {td} at (92,22) size 94x18 [border: (1px inset #808080)] [r=1 c=1 rs=1 cs=1]
              RenderText {#text} at (2,2) size 78x14
                text run at (2,2) width 78: "TBODY 123.45"
            RenderTableCell {td} at (188,22) size 94x18 [border: (1px inset #808080)] [r=1 c=2 rs=1 cs=1]
              RenderText {#text} at (2,2) size 90x14
                text run at (2,2) width 90: "TBODY 12345.67"
