layer at (0,0) size 800x600
  RenderView at (0,0) size 800x600
layer at (0,0) size 800x40
  RenderBlock {html} at (0,0) size 800x40
    RenderBody {body} at (8,8) size 784x24
      RenderTable {table} at (0,0) size 418x24 [border: (1px outset #808080)]
        RenderTableSection {tbody} at (1,1) size 416x22 [bgcolor=#00FF00]
          RenderTableRow {tr} at (0,2) size 416x18
            RenderTableCell {td} at (2,2) size 205x18 [border: (1px inset #808080)] [r=0 c=0 rs=1 cs=1]
              RenderText {#text} at (2,2) size 201x14
                text run at (2,2) width 201: "This tbody should have a lime background"
            RenderTableCell {td} at (209,2) size 205x18 [border: (1px inset #808080)] [r=0 c=1 rs=1 cs=1]
              RenderText {#text} at (2,2) size 201x14
                text run at (2,2) width 201: "This tbody should have a lime background"
