layer at (0,0) size 800x600
  RenderView at (0,0) size 800x600
layer at (0,0) size 800x259
  RenderBlock {html} at (0,0) size 800x259
    RenderBody {body} at (8,12) size 784x239
      RenderBlock {p} at (0,0) size 784x14
        RenderText {#text} at (0,0) size 96x14
          text run at (0,0) width 96: "TD VALIGN=TOP"
      RenderTable {table} at (0,26) size 545x213 [border: (1px outset #808080)]
        RenderTableSection (anonymous) at (1,1) size 543x211
          RenderTableRow {tr} at (0,2) size 543x207
            RenderTableCell {td} at (2,2) size 204x207 [border: (1px inset #808080)] [r=0 c=0 rs=1 cs=1]
              RenderImage {img} at (2,2) size 200x200
            RenderTableCell {td} at (208,2) size 333x18 [border: (1px inset #808080)] [r=0 c=1 rs=1 cs=1]
              RenderText {#text} at (2,2) size 329x14
                text run at (2,2) width 224: "The top of this text should be vertically aligned "
                text run at (226,2) width 105: "to the top of the image"
