layer at (0,0) size 800x600
  RenderView at (0,0) size 800x600
layer at (0,0) size 800x40
  RenderBlock {html} at (0,0) size 800x40
    RenderBody {body} at (8,8) size 784x24
      RenderTable {table} at (0,0) size 396x24 [border: (1px outset #808080)]
        RenderTableSection (anonymous) at (1,1) size 394x22
          RenderTableRow {tr} at (0,2) size 394x18
            RenderTableCell {td} at (2,2) size 194x18 [bgcolor=#00FF00] [border: (1px inset #808080)] [r=0 c=0 rs=1 cs=1]
              RenderText {#text} at (2,2) size 190x14
                text run at (2,2) width 190: "This cell should have a lime background"
            RenderTableCell {td} at (198,2) size 194x18 [bgcolor=#00FF00] [border: (1px inset #808080)] [r=0 c=1 rs=1 cs=1]
              RenderText {#text} at (2,2) size 190x14
                text run at (2,2) width 190: "This cell should have a lime background"
