layer at (0,0) size 800x600
  RenderView at (0,0) size 800x600
layer at (0,0) size 800x114
  RenderBlock {html} at (0,0) size 800x114
    RenderBody {body} at (8,12) size 784x94
      RenderBlock {p} at (0,0) size 784x14
        RenderText {#text} at (0,0) size 240x14
          text run at (0,0) width 240: "In this test, the THEAD text should be left aligned."
      RenderTable {table} at (0,26) size 136x68 [border: (1px outset #808080)]
        RenderTableSection {thead} at (1,1) size 134x22
          RenderTableRow {tr} at (0,2) size 134x18
            RenderTableCell {td} at (2,2) size 130x18 [border: (1px inset #808080)] [r=0 c=0 rs=1 cs=1]
              RenderText {#text} at (2,2) size 41x14
                text run at (2,2) width 41: "THEAD"
        RenderTableSection {tfoot} at (1,45) size 134x22
          RenderTableRow {tr} at (0,2) size 134x18
            RenderTableCell {td} at (2,2) size 130x18 [border: (1px inset #808080)] [r=0 c=0 rs=1 cs=1]
              RenderText {#text} at (2,2) size 123x14
                text run at (2,2) width 123: "This text is in the TFOOT"
        RenderTableSection {tbody} at (1,23) size 134x22
          RenderTableRow {tr} at (0,2) size 134x18
            RenderTableCell {td} at (2,2) size 130x18 [border: (1px inset #808080)] [r=0 c=0 rs=1 cs=1]
              RenderText {#text} at (2,2) size 126x14
                text run at (2,2) width 126: "This text is in the TBODY"
