layer at (0,0) size 800x600
  RenderView at (0,0) size 800x600
layer at (0,0) size 800x174
  RenderBlock {html} at (0,0) size 800x174
    RenderBody {body} at (8,12) size 784x154
      RenderBlock {p} at (0,0) size 784x14
        RenderText {#text} at (0,0) size 295x14
          text run at (0,0) width 295: "The numbers in the THEAD should align at the decimal points"
      RenderTable {table} at (0,26) size 283x128 [border: (1px outset #808080)]
        RenderTableSection {thead} at (1,1) size 281x42
          RenderTableRow {tr} at (0,2) size 281x18
            RenderTableCell {td} at (2,2) size 87x18 [border: (1px inset #808080)] [r=0 c=0 rs=1 cs=1]
              RenderText {#text} at (2,2) size 71x14
                text run at (2,2) width 71: "THEAD 55.00"
            RenderTableCell {td} at (91,2) size 93x18 [border: (1px inset #808080)] [r=0 c=1 rs=1 cs=1]
              RenderText {#text} at (2,2) size 89x14
                text run at (2,2) width 89: "THEAD 55555.00"
            RenderTableCell {td} at (186,2) size 93x18 [border: (1px inset #808080)] [r=0 c=2 rs=1 cs=1]
              RenderText {#text} at (2,2) size 77x14
                text run at (2,2) width 77: "THEAD 555.00"
          RenderTableRow {tr} at (0,22) size 281x18
            RenderTableCell {td} at (2,22) size 87x18 [border: (1px inset #808080)] [r=1 c=0 rs=1 cs=1]
              RenderText {#text} at (2,2) size 83x14
                text run at (2,2) width 83: "THEAD 1234.56"
            RenderTableCell {td} at (91,22) size 93x18 [border: (1px inset #808080)] [r=1 c=1 rs=1 cs=1]
              RenderText {#text} at (2,2) size 77x14
                text run at (2,2) width 77: "THEAD 123.45"
            RenderTableCell {td} at (186,22) size 93x18 [border: (1px inset #808080)] [r=1 c=2 rs=1 cs=1]
              RenderText {#text} at (2,2) size 89x14
                text run at (2,2) width 89: "THEAD 12345.67"
        RenderTableSection {tfoot} at (1,85) size 281x42
          RenderTableRow {tr} at (0,2) size 281x18
            RenderTableCell {td} at (2,2) size 87x18 [border: (1px inset #808080)] [r=0 c=0 rs=1 cs=1]
              RenderText {#text} at (2,2) size 39x14
                text run at (2,2) width 39: "TFOOT"
            RenderTableCell {td} at (91,2) size 93x18 [border: (1px inset #808080)] [r=0 c=1 rs=1 cs=1]
              RenderText {#text} at (2,2) size 39x14
                text run at (2,2) width 39: "TFOOT"
            RenderTableCell {td} at (186,2) size 93x18 [border: (1px inset #808080)] [r=0 c=2 rs=1 cs=1]
              RenderText {#text} at (2,2) size 39x14
                text run at (2,2) width 39: "TFOOT"
          RenderTableRow {tr} at (0,22) size 281x18
            RenderTableCell {td} at (2,22) size 87x18 [border: (1px inset #808080)] [r=1 c=0 rs=1 cs=1]
              RenderText {#text} at (2,2) size 39x14
                text run at (2,2) width 39: "TFOOT"
            RenderTableCell {td} at (91,22) size 93x18 [border: (1px inset #808080)] [r=1 c=1 rs=1 cs=1]
              RenderText {#text} at (2,2) size 39x14
                text run at (2,2) width 39: "TFOOT"
            RenderTableCell {td} at (186,22) size 93x18 [border: (1px inset #808080)] [r=1 c=2 rs=1 cs=1]
              RenderText {#text} at (2,2) size 39x14
                text run at (2,2) width 39: "TFOOT"
        RenderTableSection {tbody} at (1,43) size 281x42
          RenderTableRow {tr} at (0,2) size 281x18
            RenderTableCell {td} at (2,2) size 87x18 [border: (1px inset #808080)] [r=0 c=0 rs=1 cs=1]
              RenderText {#text} at (2,2) size 42x14
                text run at (2,2) width 42: "TBODY"
            RenderTableCell {td} at (91,2) size 93x18 [border: (1px inset #808080)] [r=0 c=1 rs=1 cs=1]
              RenderText {#text} at (2,2) size 42x14
                text run at (2,2) width 42: "TBODY"
            RenderTableCell {td} at (186,2) size 93x18 [border: (1px inset #808080)] [r=0 c=2 rs=1 cs=1]
              RenderText {#text} at (2,2) size 42x14
                text run at (2,2) width 42: "TBODY"
          RenderTableRow {tr} at (0,22) size 281x18
            RenderTableCell {td} at (2,22) size 87x18 [border: (1px inset #808080)] [r=1 c=0 rs=1 cs=1]
              RenderText {#text} at (2,2) size 42x14
                text run at (2,2) width 42: "TBODY"
            RenderTableCell {td} at (91,22) size 93x18 [border: (1px inset #808080)] [r=1 c=1 rs=1 cs=1]
              RenderText {#text} at (2,2) size 42x14
                text run at (2,2) width 42: "TBODY"
            RenderTableCell {td} at (186,22) size 93x18 [border: (1px inset #808080)] [r=1 c=2 rs=1 cs=1]
              RenderText {#text} at (2,2) size 42x14
                text run at (2,2) width 42: "TBODY"
