layer at (0,0) size 800x600
  RenderView at (0,0) size 800x600
layer at (0,0) size 800x303
  RenderBlock {html} at (0,0) size 800x303
    RenderBody {body} at (8,12) size 784x283
      RenderBlock {p} at (0,0) size 784x14
        RenderText {#text} at (0,0) size 145x14
          text run at (0,0) width 145: "THEAD VALIGN=MIDDLE"
      RenderTable {table} at (0,26) size 514x257 [border: (1px outset #808080)]
        RenderTableSection {thead} at (1,1) size 512x211
          RenderTableRow {tr} at (0,2) size 512x207
            RenderTableCell {td} at (2,2) size 204x207 [border: (1px inset #808080)] [r=0 c=0 rs=1 cs=1]
              RenderImage {img} at (2,2) size 200x200
            RenderTableCell {td} at (208,96) size 302x18 [border: (1px inset #808080)] [r=0 c=1 rs=1 cs=1]
              RenderText {#text} at (2,2) size 298x14
                text run at (2,2) width 270: "This text should be vertically aligned to the middle of the "
                text run at (272,2) width 28: "image"
        RenderTableSection {tfoot} at (1,234) size 512x22
          RenderTableRow {tr} at (0,2) size 512x18
            RenderTableCell {td} at (2,2) size 204x18 [border: (1px inset #808080)] [r=0 c=0 rs=1 cs=1]
              RenderText {#text} at (2,2) size 39x14
                text run at (2,2) width 39: "TFOOT"
            RenderTableCell {td} at (208,2) size 302x18 [border: (1px inset #808080)] [r=0 c=1 rs=1 cs=1]
              RenderText {#text} at (2,2) size 39x14
                text run at (2,2) width 39: "TFOOT"
        RenderTableSection {tbody} at (1,212) size 512x22
          RenderTableRow {tr} at (0,2) size 512x18
            RenderTableCell {td} at (2,2) size 204x18 [border: (1px inset #808080)] [r=0 c=0 rs=1 cs=1]
              RenderText {#text} at (2,2) size 42x14
                text run at (2,2) width 42: "TBODY"
            RenderTableCell {td} at (208,2) size 302x18 [border: (1px inset #808080)] [r=0 c=1 rs=1 cs=1]
              RenderText {#text} at (2,2) size 42x14
                text run at (2,2) width 42: "TBODY"
