layer at (0,0) size 800x600
  RenderView at (0,0) size 800x600
layer at (0,0) size 800x156
  RenderBlock {html} at (0,0) size 800x156
    RenderBody {body} at (8,12) size 784x136
      RenderBlock {p} at (0,0) size 784x14
        RenderText {#text} at (0,0) size 226x14
          text run at (0,0) width 226: "In this test, the THEAD text should be justified."
      RenderTable {table} at (0,26) size 300x110 [border: (1px outset #808080)]
        RenderTableSection {thead} at (1,1) size 298x64
          RenderTableRow {tr} at (0,2) size 298x60
            RenderTableCell {td} at (2,2) size 294x60 [border: (1px inset #808080)] [r=0 c=0 rs=1 cs=1]
              RenderText {#text} at (2,2) size 290x56
                text run at (2,2) width 290: "This THEAD text should be justified which means that the"
                text run at (2,16) width 25: "right "
                text run at (27,16) width 265: "and left margins should line up, no matter how long the"
                text run at (2,30) width 39: "content "
                text run at (41,30) width 251: "becomes (except the last line which should be left"
                text run at (2,44) width 38: "aligned)"
        RenderTableSection {tfoot} at (1,87) size 298x22
          RenderTableRow {tr} at (0,2) size 298x18
            RenderTableCell {td} at (2,2) size 294x18 [border: (1px inset #808080)] [r=0 c=0 rs=1 cs=1]
              RenderText {#text} at (2,2) size 123x14
                text run at (2,2) width 123: "This text is in the TFOOT"
        RenderTableSection {tbody} at (1,65) size 298x22
          RenderTableRow {tr} at (0,2) size 298x18
            RenderTableCell {td} at (2,2) size 294x18 [border: (1px inset #808080)] [r=0 c=0 rs=1 cs=1]
              RenderText {#text} at (2,2) size 126x14
                text run at (2,2) width 126: "This text is in the TBODY"
