layer at (0,0) size 800x600
  RenderView at (0,0) size 800x600
layer at (0,0) size 800x60
  RenderBlock {html} at (0,0) size 800x60
    RenderBody {body} at (8,8) size 784x44
      RenderTable {table} at (0,0) size 153x44 [border: (1px outset #808080)]
        RenderTableSection (anonymous) at (1,1) size 151x42
          RenderTableRow {tr} at (0,2) size 151x18
            RenderTableCell {th} at (2,2) size 147x18 [border: (1px inset #808080)] [r=0 c=0 rs=1 cs=2]
              RenderText {#text} at (2,2) size 143x14
                text run at (2,2) width 143: "This cell spans two columns"
          RenderTableRow {tr} at (0,22) size 151x18
            RenderTableCell {th} at (2,22) size 72x18 [border: (1px inset #808080)] [r=1 c=0 rs=1 cs=1]
              RenderText {#text} at (16,2) size 40x14
                text run at (16,2) width 40: "xxx xxx"
            RenderTableCell {th} at (76,22) size 73x18 [border: (1px inset #808080)] [r=1 c=1 rs=1 cs=1]
              RenderText {#text} at (17,2) size 39x14
                text run at (17,2) width 39: "xxx xxx"
