layer at (0,0) size 800x600
  RenderView at (0,0) size 800x600
layer at (0,0) size 800x40
  RenderBlock {html} at (0,0) size 800x40
    RenderBody {body} at (8,8) size 784x24
      RenderTable {table} at (0,0) size 402x24 [border: (1px outset #808080)]
        RenderTableSection (anonymous) at (1,1) size 400x22
          RenderTableRow {tr} at (0,2) size 400x18 [bgcolor=#00FF00]
            RenderTableCell {td} at (2,2) size 197x18 [border: (1px inset #808080)] [r=0 c=0 rs=1 cs=1]
              RenderText {#text} at (2,2) size 193x14
                text run at (2,2) width 193: "This row should have a lime background"
            RenderTableCell {td} at (201,2) size 197x18 [border: (1px inset #808080)] [r=0 c=1 rs=1 cs=1]
              RenderText {#text} at (2,2) size 193x14
                text run at (2,2) width 193: "This row should have a lime background"
