layer at (0,0) size 980x735
  RenderView at (0,0) size 980x735
layer at (0,0) size 980x735
  RenderBlock {HTML} at (0,0) size 980x735
    RenderBody {BODY} at (8,8) size 964x719
      RenderBlock {P} at (0,0) size 964x38
        RenderText {#text} at (0,0) size 906x38
          text run at (0,0) width 906: "This tests for a bug where deleting from the start of a paragraph after a table would leave the caret in the wrong"
          text run at (0,19) width 67: "position."
      RenderBlock {DIV} at (0,54) size 964x48
        RenderTable {TABLE} at (0,0) size 446x29 [border: (1px outset #808080)]
          RenderTableSection {TBODY} at (1,1) size 444x27
            RenderTableRow {TR} at (0,2) size 444x23
              RenderTableCell {TD} at (2,2) size 434x23 [border: (1px inset #808080)] [r=0 c=0 rs=1 cs=1]
                RenderText {#text} at (2,2) size 430x19
                  text run at (2,2) width 430: "The caret should be between these two parenthesis: ("
              RenderTableCell {TD} at (438,11) size 4x4 [border: (1px inset #808080)] [r=0 c=1 rs=1 cs=1]
        RenderBlock {DIV} at (0,29) size 964x19
          RenderText {#text} at (0,0) size 11x19
            text run at (0,0) width 11: ")."
caret: position 0 of child 0 {#text} of child 1 {DIV} of child 2 {DIV} of body
