layer at (0,0) size 980x735
  RenderView at (0,0) size 980x735
layer at (0,0) size 980x735
  RenderBlock {HTML} at (0,0) size 980x735
    RenderBody {BODY} at (8,8) size 964x719
      RenderBlock {P} at (0,0) size 964x19
        RenderText {#text} at (0,0) size 855x19
          text run at (0,0) width 855: "This tests for a bug where deleting the contents of an editable root that's inline would introduce a new line."
      RenderBlock {DIV} at (0,35) size 964x21 [border: (1px solid #000000)]
        RenderInline {SPAN} at (0,0) size 495x19
          RenderText {#text} at (1,1) size 495x19
            text run at (1,1) width 495: "There shouldn't be any blank lines in the black bordered area."
          RenderBR {BR} at (496,16) size 0x0
caret: position 62 of child 0 {#text} of child 0 {SPAN} of child 2 {DIV} of body
