layer at (0,0) size 980x735
  RenderView at (0,0) size 980x735
layer at (0,0) size 980x735
  RenderBlock {HTML} at (0,0) size 980x735
    RenderBody {BODY} at (8,8) size 964x719
      RenderBlock {P} at (0,0) size 964x38
        RenderText {#text} at (0,0) size 909x38
          text run at (0,0) width 909: "This tests for a hang on delete where a style rule would cause style spans in content moved after the delete to be"
          text run at (0,19) width 328: "displayed as blocks. You should see Hello"
        RenderInline {B} at (0,0) size 53x19
          RenderText {#text} at (328,19) size 53x19
            text run at (328,19) width 53: "World"
        RenderText {#text} at (381,19) size 57x19
          text run at (381,19) width 57: " below."
      RenderBlock {DIV} at (0,54) size 964x19
        RenderBlock {DIV} at (0,0) size 964x19
          RenderText {#text} at (0,0) size 40x19
            text run at (0,0) width 40: "Hello"
          RenderInline {SPAN} at (0,0) size 53x19
            RenderText {#text} at (40,0) size 53x19
              text run at (40,0) width 53: "World"
caret: position 5 of child 0 {#text} of child 1 {DIV} of child 2 {DIV} of body
