layer at (0,0) size 980x735
  RenderView at (0,0) size 980x735
layer at (0,0) size 980x735
  RenderBlock {HTML} at (0,0) size 980x735
    RenderBody {BODY} at (8,8) size 964x719
      RenderBlock {P} at (0,0) size 964x38
        RenderText {#text} at (0,0) size 944x38
          text run at (0,0) width 908: "This tests for a problem where empty table rows after the selection being deleted would be removed incorrectly. "
          text run at (908,0) width 36: "Only"
          text run at (0,19) width 473: "the last letter in 'foo' should be removed during this delete."
      RenderBlock {DIV} at (0,54) size 964x35
        RenderTable {TABLE} at (0,0) size 32x35 [border: (1px outset #808080)]
          RenderTableSection {TBODY} at (1,1) size 30x33
            RenderTableRow {TR} at (0,2) size 30x23
              RenderTableCell {TD} at (2,2) size 20x23 [border: (1px inset #808080)] [r=0 c=0 rs=1 cs=1]
                RenderText {#text} at (2,2) size 16x19
                  text run at (2,2) width 16: "fo"
              RenderTableCell {TD} at (24,11) size 4x4 [border: (1px inset #808080)] [r=0 c=1 rs=1 cs=1]
            RenderTableRow {TR} at (0,27) size 30x4
              RenderTableCell {TD} at (2,27) size 20x4 [border: (1px inset #808080)] [r=1 c=0 rs=1 cs=1]
              RenderTableCell {TD} at (24,27) size 4x4 [border: (1px inset #808080)] [r=1 c=1 rs=1 cs=1]
caret: position 2 of child 0 {#text} of child 0 {TD} of child 0 {TR} of child 0 {TBODY} of child 0 {TABLE} of child 2 {DIV} of body
