EDITING DELEGATE: shouldBeginEditingInDOMRange:range from 0 of DIV > BODY > HTML > #document to 3 of DIV > BODY > HTML > #document
EDITING DELEGATE: webViewDidBeginEditing:WebViewDidBeginEditingNotification
EDITING DELEGATE: webViewDidChangeSelection:WebViewDidChangeSelectionNotification
EDITING DELEGATE: webViewDidChangeSelection:WebViewDidChangeSelectionNotification
EDITING DELEGATE: webViewDidChangeSelection:WebViewDidChangeSelectionNotification
EDITING DELEGATE: webViewDidChangeSelection:WebViewDidChangeSelectionNotification
EDITING DELEGATE: webViewDidChangeSelection:WebViewDidChangeSelectionNotification
EDITING DELEGATE: webViewDidChangeSelection:WebViewDidChangeSelectionNotification
EDITING DELEGATE: shouldDeleteDOMRange:range from 0 of #text > P > DIV > DIV > BODY > HTML > #document to 2 of #text > P > DIV > DIV > BODY > HTML > #document
EDITING DELEGATE: webViewDidChangeSelection:WebViewDidChangeSelectionNotification
EDITING DELEGATE: webViewDidChangeSelection:WebViewDidChangeSelectionNotification
EDITING DELEGATE: webViewDidChangeSelection:WebViewDidChangeSelectionNotification
EDITING DELEGATE: webViewDidChangeSelection:WebViewDidChangeSelectionNotification
EDITING DELEGATE: shouldChangeSelectedDOMRange:range from 0 of #text > P > DIV > DIV > BODY > HTML > #document to 4 of DIV > DIV > BODY > HTML > #document toDOMRange:range from 0 of P > DIV > DIV > BODY > HTML > #document to 0 of P > DIV > DIV > BODY > HTML > #document affinity:NSSelectionAffinityDownstream stillSelecting:FALSE
EDITING DELEGATE: webViewDidChangeSelection:WebViewDidChangeSelectionNotification
EDITING DELEGATE: webViewDidChange:WebViewDidChangeNotification
EDITING DELEGATE: webViewDidChangeSelection:WebViewDidChangeSelectionNotification
layer at (0,0) size 980x735
  RenderView at (0,0) size 980x735
layer at (0,0) size 980x735
  RenderBlock {HTML} at (0,0) size 980x735
    RenderBody {BODY} at (8,8) size 964x719
      RenderBlock {DIV} at (0,0) size 964x240 [border: (2px solid #0000FF)]
        RenderBlock {DIV} at (14,14) size 936x84
          RenderText {#text} at (0,0) size 89x28
            text run at (0,0) width 89: "Tests: "
          RenderBR {BR} at (0,0) size 0x0
          RenderText {#text} at (0,28) size 905x56
            text run at (0,28) width 905: "Deleting when a selection starts at the beginning of a paragraph preceded"
            text run at (0,56) width 863: "by another block and extends into the middle of a following paragraph."
        RenderBlock {DIV} at (14,114) size 936x112
          RenderText {#text} at (0,0) size 246x28
            text run at (0,0) width 246: "Expected Results: "
          RenderBR {BR} at (246,22) size 0x0
          RenderText {#text} at (0,28) size 888x84
            text run at (0,28) width 888: "Should see the three lines in the red box. First line should be \"one\". Next"
            text run at (0,56) width 261: "one should be \"two\". "
            text run at (261,56) width 607: "Next one should be \"ur\". Insertion point should be"
            text run at (0,84) width 440: "blinking at the start of the third line."
      RenderBlock {DIV} at (0,264) size 964x88
        RenderBlock {DIV} at (0,0) size 964x88 [border: (2px solid #FF0000)]
          RenderBlock (anonymous) at (2,2) size 960x28
            RenderText {#text} at (0,0) size 45x28
              text run at (0,0) width 45: "one"
          RenderBlock {P} at (2,30) size 960x28
            RenderText {#text} at (0,0) size 44x28
              text run at (0,0) width 44: "two"
          RenderBlock {P} at (2,58) size 960x28
            RenderText {#text} at (0,0) size 25x28
              text run at (0,0) width 25: "ur"
caret: position 0 of child 0 {#text} of child 3 {P} of child 1 {DIV} of child 3 {DIV} of body
