EDITING DELEGATE: shouldBeginEditingInDOMRange:range from 0 of DIV > BODY > HTML > #document to 3 of DIV > BODY > HTML > #document
EDITING DELEGATE: webViewDidBeginEditing:WebViewDidBeginEditingNotification
EDITING DELEGATE: webViewDidChangeSelection:WebViewDidChangeSelectionNotification
EDITING DELEGATE: webViewDidChangeSelection:WebViewDidChangeSelectionNotification
EDITING DELEGATE: webViewDidChangeSelection:WebViewDidChangeSelectionNotification
EDITING DELEGATE: shouldDeleteDOMRange:range from 0 of P > DIV > BODY > HTML > #document to 2 of DIV > BODY > HTML > #document
EDITING DELEGATE: webViewDidChangeSelection:WebViewDidChangeSelectionNotification
EDITING DELEGATE: webViewDidChangeSelection:WebViewDidChangeSelectionNotification
EDITING DELEGATE: shouldChangeSelectedDOMRange:range from 0 of P > DIV > BODY > HTML > #document to 2 of DIV > BODY > HTML > #document toDOMRange:range from 0 of P > DIV > BODY > HTML > #document to 0 of P > DIV > BODY > HTML > #document affinity:NSSelectionAffinityDownstream stillSelecting:FALSE
EDITING DELEGATE: webViewDidChangeSelection:WebViewDidChangeSelectionNotification
EDITING DELEGATE: webViewDidChange:WebViewDidChangeNotification
EDITING DELEGATE: webViewDidChangeSelection:WebViewDidChangeSelectionNotification
layer at (0,0) size 980x735
  RenderView at (0,0) size 980x735
layer at (0,0) size 980x735
  RenderBlock {HTML} at (0,0) size 980x735
    RenderBody {BODY} at (8,8) size 964x719
      RenderBlock {DIV} at (0,0) size 964x240 [border: (2px solid #0000FF)]
        RenderBlock {DIV} at (14,14) size 936x84
          RenderText {#text} at (0,0) size 89x28
            text run at (0,0) width 89: "Tests: "
          RenderBR {BR} at (0,0) size 0x0
          RenderText {#text} at (0,28) size 785x28
            text run at (0,28) width 785: "Delete at the end of document when there is a BR following a P. "
          RenderBR {BR} at (785,50) size 0x0
          RenderText {#text} at (0,56) size 555x28
            text run at (0,56) width 555: "This is a test case for rdar://problem/4110366"
        RenderBlock {DIV} at (14,114) size 936x112
          RenderText {#text} at (0,0) size 246x28
            text run at (0,0) width 246: "Expected Results: "
          RenderBR {BR} at (246,22) size 0x0
          RenderText {#text} at (0,28) size 901x56
            text run at (0,28) width 295: "Red box with four lines. "
            text run at (295,28) width 606: "The second line is a nested red box with the word"
            text run at (0,56) width 97: "\"hello\". "
            text run at (97,56) width 402: "The other three lines are empty. "
          RenderBR {BR} at (499,78) size 0x0
          RenderText {#text} at (0,84) size 593x28
            text run at (0,84) width 593: "Selection is a caret at the start of the fourth line."
      RenderBlock {DIV} at (0,264) size 964x140 [border: (2px solid #FF0000)]
        RenderBlock {P} at (2,26) size 960x32 [border: (2px solid #FF0000)]
          RenderText {#text} at (2,2) size 59x28
            text run at (2,2) width 59: "hello"
        RenderBlock {P} at (2,82) size 960x32 [border: (2px solid #FF0000)]
          RenderBR {BR} at (2,2) size 0x28
        RenderBlock (anonymous) at (2,138) size 960x0
caret: position 0 of child 0 {BR} of child 1 {P} of child 3 {DIV} of body
