layer at (0,0) size 980x735
  RenderView at (0,0) size 980x735
layer at (0,0) size 980x735
  RenderBlock {HTML} at (0,0) size 980x735
    RenderBody {BODY} at (8,8) size 964x719
      RenderBlock {P} at (0,0) size 964x57
        RenderText {#text} at (0,0) size 954x57
          text run at (0,0) width 571: "This test can only be run with DRT and not manually from the browser. "
          text run at (571,0) width 356: "This test makes sure that we don't make the"
          text run at (0,19) width 954: "mistake of adding new m_containerElements to the DeletionUI over and over again. A successful run of the test will not"
          text run at (0,38) width 626: "have multiple instances of deletion UI render objects at the same coordinates:"
      RenderBlock {DIV} at (0,73) size 964x114
        RenderTable {TABLE} at (16,16) size 932x82
          RenderTableSection {TBODY} at (0,0) size 932x82
            RenderTableRow {TR} at (0,2) size 932x78
              RenderTableCell {TD} at (2,2) size 928x78 [r=0 c=0 rs=1 cs=1]
                RenderText {#text} at (1,1) size 896x76
                  text run at (1,1) width 853: "Lorem ipsum dolor sit amet, consectetuer adipiscing elit. Maecenas odio. Morbi sed tortor id nisl bibendum"
                  text run at (854,1) width 5: " "
                  text run at (1,20) width 891: "commodo. Donec pede. Praesent accumsan dui vitae mauris. Mauris non dui at neque lacinia pulvinar. Quisque"
                  text run at (892,20) width 5: " "
                  text run at (1,39) width 868: "nibh. Nulla vitae lectus. Pellentesque enim. Mauris hendrerit molestie dui. Etiam pretium ligula a pede. Fusce"
                  text run at (869,39) width 5: " "
                  text run at (1,58) width 630: "consectetuer purus sit amet sem. Morbi tincidunt mollis libero. Maecenas mole"
caret: position 403 of child 0 {#text} of child 1 {TD} of child 0 {TR} of child 1 {TBODY} of child 1 {TABLE} of child 3 {DIV} of body
