EDITING DELEGATE: shouldBeginEditingInDOMRange:range from 0 of BODY > HTML > #document to 6 of BODY > HTML > #document
EDITING DELEGATE: webViewDidBeginEditing:WebViewDidBeginEditingNotification
EDITING DELEGATE: webViewDidChangeSelection:WebViewDidChangeSelectionNotification
EDITING DELEGATE: webViewDidChangeSelection:WebViewDidChangeSelectionNotification
EDITING DELEGATE: webViewDidChangeSelection:WebViewDidChangeSelectionNotification
EDITING DELEGATE: webViewDidChangeSelection:WebViewDidChangeSelectionNotification
EDITING DELEGATE: shouldDeleteDOMRange:range from 3 of #text > DIV > DIV > BODY > HTML > #document to 2 of #text > DIV > DIV > DIV > BODY > HTML > #document
EDITING DELEGATE: webViewDidChangeSelection:WebViewDidChangeSelectionNotification
EDITING DELEGATE: webViewDidChangeSelection:WebViewDidChangeSelectionNotification
EDITING DELEGATE: webViewDidChangeSelection:WebViewDidChangeSelectionNotification
EDITING DELEGATE: shouldChangeSelectedDOMRange:range from 0 of #text > DIV > DIV > BODY > HTML > #document to 0 of DIV > DIV > DIV > BODY > HTML > #document toDOMRange:range from 2 of #text > DIV > DIV > BODY > HTML > #document to 2 of #text > DIV > DIV > BODY > HTML > #document affinity:NSSelectionAffinityDownstream stillSelecting:FALSE
EDITING DELEGATE: webViewDidChangeSelection:WebViewDidChangeSelectionNotification
EDITING DELEGATE: webViewDidChange:WebViewDidChangeNotification
EDITING DELEGATE: webViewDidChangeSelection:WebViewDidChangeSelectionNotification
layer at (0,0) size 980x735
  RenderView at (0,0) size 980x735
layer at (0,0) size 980x735
  RenderBlock {HTML} at (0,0) size 980x735
    RenderBody {BODY} at (8,8) size 964x719
      RenderBlock {DIV} at (0,0) size 964x84 [border: (2px solid #0000FF)]
        RenderText {#text} at (14,14) size 903x56
          text run at (14,14) width 895: "Should see \"Test OK\" in top red box, followed by \"...more text\", in its own"
          text run at (909,14) width 8: " "
          text run at (14,42) width 100: "red box."
      RenderBlock {DIV} at (0,108) size 964x112
        RenderBlock {DIV} at (0,0) size 964x112 [border: (2px solid #FF0000)]
          RenderBlock (anonymous) at (14,14) size 936x28
            RenderText {#text} at (0,0) size 15x28
              text run at (0,0) width 15: "T"
            RenderText {#text} at (15,0) size 80x28
              text run at (15,0) width 80: "est OK"
          RenderBlock {DIV} at (14,42) size 936x56 [border: (2px solid #FF0000)]
            RenderText {#text} at (14,14) size 142x28
              text run at (14,14) width 142: "...more text"
caret: position 2 of child 0 {#text} of child 1 {DIV} of child 3 {DIV} of body
