EDITING DELEGATE: shouldBeginEditingInDOMRange:range from 0 of BODY > HTML > #document to 7 of BODY > HTML > #document
EDITING DELEGATE: webViewDidBeginEditing:WebViewDidBeginEditingNotification
EDITING DELEGATE: webViewDidChangeSelection:WebViewDidChangeSelectionNotification
EDITING DELEGATE: webViewDidChangeSelection:WebViewDidChangeSelectionNotification
EDITING DELEGATE: webViewDidChangeSelection:WebViewDidChangeSelectionNotification
EDITING DELEGATE: webViewDidChangeSelection:WebViewDidChangeSelectionNotification
EDITING DELEGATE: webViewDidChangeSelection:WebViewDidChangeSelectionNotification
EDITING DELEGATE: webViewDidChangeSelection:WebViewDidChangeSelectionNotification
EDITING DELEGATE: webViewDidChangeSelection:WebViewDidChangeSelectionNotification
EDITING DELEGATE: shouldDeleteDOMRange:range from 2 of #text > B > DIV > BODY > HTML > #document to 2 of #text > I > DIV > BODY > HTML > #document
EDITING DELEGATE: webViewDidChangeSelection:WebViewDidChangeSelectionNotification
EDITING DELEGATE: webViewDidChangeSelection:WebViewDidChangeSelectionNotification
EDITING DELEGATE: webViewDidChangeSelection:WebViewDidChangeSelectionNotification
EDITING DELEGATE: shouldChangeSelectedDOMRange:range from 0 of #text > I > DIV > BODY > HTML > #document to 2 of BODY > HTML > #document toDOMRange:range from 2 of #text > B > DIV > BODY > HTML > #document to 2 of #text > B > DIV > BODY > HTML > #document affinity:NSSelectionAffinityDownstream stillSelecting:FALSE
EDITING DELEGATE: webViewDidChangeSelection:WebViewDidChangeSelectionNotification
EDITING DELEGATE: webViewDidChange:WebViewDidChangeNotification
EDITING DELEGATE: webViewDidChangeSelection:WebViewDidChangeSelectionNotification
layer at (0,0) size 980x735
  RenderView at (0,0) size 980x735
layer at (0,0) size 980x735
  RenderBlock {HTML} at (0,0) size 980x735
    RenderBody {BODY} at (8,8) size 964x719 [border: (2px solid #FF0000)]
      RenderBlock {DIV} at (14,14) size 936x28
        RenderInline {B} at (0,0) size 33x28
          RenderText {#text} at (0,0) size 33x28
            text run at (0,0) width 33: "on"
        RenderInline {I} at (0,0) size 15x28
          RenderText {#text} at (33,0) size 15x28
            text run at (33,0) width 15: "o"
      RenderBlock {DIV} at (14,42) size 936x28
        RenderInline {B} at (0,0) size 72x28
          RenderText {#text} at (0,0) size 72x28
            text run at (0,0) width 72: "three"
        RenderInline {I} at (0,0) size 48x28
          RenderText {#text} at (72,0) size 48x28
            text run at (72,0) width 48: "four"
caret: position 2 of child 0 {#text} of child 0 {B} of child 1 {DIV} of body
