EDITING DELEGATE: shouldBeginEditingInDOMRange:range from 0 of DIV > BODY > HTML > #document to 3 of DIV > BODY > HTML > #document
EDITING DELEGATE: webViewDidBeginEditing:WebViewDidBeginEditingNotification
EDITING DELEGATE: webViewDidChangeSelection:WebViewDidChangeSelectionNotification
EDITING DELEGATE: webViewDidChangeSelection:WebViewDidChangeSelectionNotification
EDITING DELEGATE: webViewDidChangeSelection:WebViewDidChangeSelectionNotification
EDITING DELEGATE: shouldDeleteDOMRange:range from 1 of SPAN > DIV > BODY > HTML > #document to 2 of SPAN > DIV > BODY > HTML > #document
EDITING DELEGATE: webViewDidChangeSelection:WebViewDidChangeSelectionNotification
EDITING DELEGATE: shouldChangeSelectedDOMRange:range from 4 of #text > SPAN > DIV > BODY > HTML > #document to 4 of #text > SPAN > DIV > BODY > HTML > #document toDOMRange:range from 1 of #text > SPAN > DIV > BODY > HTML > #document to 1 of #text > SPAN > DIV > BODY > HTML > #document affinity:NSSelectionAffinityDownstream stillSelecting:FALSE
EDITING DELEGATE: webViewDidChangeSelection:WebViewDidChangeSelectionNotification
EDITING DELEGATE: webViewDidChange:WebViewDidChangeNotification
EDITING DELEGATE: webViewDidChangeSelection:WebViewDidChangeSelectionNotification
layer at (0,0) size 980x735
  RenderView at (0,0) size 980x735
layer at (0,0) size 980x735
  RenderBlock {HTML} at (0,0) size 980x735
    RenderBody {BODY} at (8,8) size 964x719
      RenderBlock {DIV} at (0,0) size 964x274 [border: (2px solid #FF0000)]
        RenderInline {SPAN} at (0,0) size 298x246
          RenderText {#text} at (14,14) size 15x28
            text run at (14,14) width 15: "a"
          RenderText {#text} at (29,14) size 58x28
            text run at (29,14) width 58: "new "
          RenderBR {BR} at (0,0) size 0x0
          RenderText {#text} at (14,123) size 84x28
            text run at (14,123) width 84: "nation "
          RenderInline {I} at (0,0) size 0x0
            RenderText {#text} at (0,0) size 0x0
          RenderText {#text} at (0,0) size 0x0
          RenderImage {IMG} at (98,42) size 76x103
          RenderText {#text} at (174,123) size 138x28
            text run at (174,123) width 138: " conceived "
          RenderBR {BR} at (312,145) size 0x0
          RenderText {#text} at (14,232) size 76x28
            text run at (14,232) width 76: "nation"
          RenderImage {IMG} at (90,151) size 76x103
        RenderText {#text} at (0,0) size 0x0
caret: position 1 of child 0 {#text} of child 1 {SPAN} of child 1 {DIV} of body
