EDITING DELEGATE: shouldBeginEditingInDOMRange:range from 0 of DIV > BODY > HTML > #document to 5 of DIV > BODY > HTML > #document
EDITING DELEGATE: webViewDidBeginEditing:WebViewDidBeginEditingNotification
EDITING DELEGATE: webViewDidChangeSelection:WebViewDidChangeSelectionNotification
EDITING DELEGATE: webViewDidChangeSelection:WebViewDidChangeSelectionNotification
EDITING DELEGATE: webViewDidChangeSelection:WebViewDidChangeSelectionNotification
EDITING DELEGATE: shouldDeleteDOMRange:range from 2 of DIV > BODY > HTML > #document to 0 of DIV > DIV > BODY > HTML > #document
EDITING DELEGATE: webViewDidChangeSelection:WebViewDidChangeSelectionNotification
EDITING DELEGATE: shouldChangeSelectedDOMRange:range from 2 of DIV > BODY > HTML > #document to 0 of DIV > DIV > BODY > HTML > #document toDOMRange:range from 0 of DIV > DIV > BODY > HTML > #document to 0 of DIV > DIV > BODY > HTML > #document affinity:NSSelectionAffinityDownstream stillSelecting:FALSE
EDITING DELEGATE: webViewDidChangeSelection:WebViewDidChangeSelectionNotification
EDITING DELEGATE: webViewDidChange:WebViewDidChangeNotification
EDITING DELEGATE: webViewDidChangeSelection:WebViewDidChangeSelectionNotification
layer at (0,0) size 980x735
  RenderView at (0,0) size 980x735
layer at (0,0) size 980x735
  RenderBlock {HTML} at (0,0) size 980x735
    RenderBody {BODY} at (8,8) size 964x719
      RenderBlock {P} at (0,0) size 964x38
        RenderText {#text} at (0,0) size 959x38
          text run at (0,0) width 959: "This tests deletion of an empty line which is a <br> element just after a <div> element. If the deletion is successful, the"
          text run at (0,19) width 943: "result should have two lines, and the insertion point should be at the start of the second line, just before the letter \"b\"."
      RenderBlock {DIV} at (0,54) size 964x38
        RenderBlock {DIV} at (0,0) size 964x19
          RenderText {#text} at (0,0) size 10x19
            text run at (0,0) width 10: "a"
        RenderBlock (anonymous) at (0,19) size 964x0
        RenderBlock {DIV} at (0,19) size 964x19
          RenderText {#text} at (0,0) size 10x19
            text run at (0,0) width 10: "b"
caret: position 0 of child 0 {#text} of child 2 {DIV} of child 3 {DIV} of body
