EDITING DELEGATE: shouldBeginEditingInDOMRange:range from 0 of DIV > BODY > HTML > #document to 5 of DIV > BODY > HTML > #document
EDITING DELEGATE: webViewDidBeginEditing:WebViewDidBeginEditingNotification
EDITING DELEGATE: webViewDidChangeSelection:WebViewDidChangeSelectionNotification
EDITING DELEGATE: webViewDidChangeSelection:WebViewDidChangeSelectionNotification
EDITING DELEGATE: shouldDeleteDOMRange:range from 0 of DIV > DIV > BODY > HTML > #document to 3 of DIV > BODY > HTML > #document
EDITING DELEGATE: webViewDidChangeSelection:WebViewDidChangeSelectionNotification
EDITING DELEGATE: shouldChangeSelectedDOMRange:range from 0 of DIV > DIV > BODY > HTML > #document to 3 of DIV > BODY > HTML > #document toDOMRange:range from 0 of DIV > DIV > BODY > HTML > #document to 0 of DIV > DIV > BODY > HTML > #document affinity:NSSelectionAffinityDownstream stillSelecting:FALSE
EDITING DELEGATE: webViewDidChangeSelection:WebViewDidChangeSelectionNotification
EDITING DELEGATE: webViewDidChange:WebViewDidChangeNotification
EDITING DELEGATE: webViewDidChangeSelection:WebViewDidChangeSelectionNotification
layer at (0,0) size 980x735
  RenderView at (0,0) size 980x735
layer at (0,0) size 980x735
  RenderBlock {HTML} at (0,0) size 980x735
    RenderBody {BODY} at (8,8) size 964x719
      RenderBlock {P} at (0,0) size 964x76
        RenderText {#text} at (0,0) size 952x76
          text run at (0,0) width 914: "This tests deletion of an empty line starting inside a <div> element, but ending outside that element (just before a"
          text run at (0,19) width 952: "<br>). In this case, the <div> has no content inside it, but a min-height style prevents it from collapsing. If the deletion"
          text run at (0,38) width 928: "is successful, the result should have two lines, and the insertion point should be on the second line, at the end of the"
          text run at (0,57) width 111: "editable area."
      RenderBlock {DIV} at (0,92) size 964x69
        RenderBlock {DIV} at (0,0) size 964x19
          RenderText {#text} at (0,0) size 10x19
            text run at (0,0) width 10: "a"
        RenderBlock {DIV} at (0,19) size 964x50
          RenderBR {BR} at (0,0) size 0x19
        RenderBlock (anonymous) at (0,69) size 964x0
caret: position 0 of child 0 {BR} of child 2 {DIV} of child 3 {DIV} of body
