EDITING DELEGATE: shouldBeginEditingInDOMRange:range from 0 of DIV > BODY > HTML > #document to 3 of DIV > BODY > HTML > #document
EDITING DELEGATE: webViewDidBeginEditing:WebViewDidBeginEditingNotification
EDITING DELEGATE: webViewDidChangeSelection:WebViewDidChangeSelectionNotification
EDITING DELEGATE: webViewDidChangeSelection:WebViewDidChangeSelectionNotification
EDITING DELEGATE: webViewDidChangeSelection:WebViewDidChangeSelectionNotification
EDITING DELEGATE: webViewDidChangeSelection:WebViewDidChangeSelectionNotification
EDITING DELEGATE: webViewDidChangeSelection:WebViewDidChangeSelectionNotification
EDITING DELEGATE: webViewDidChangeSelection:WebViewDidChangeSelectionNotification
EDITING DELEGATE: webViewDidChangeSelection:WebViewDidChangeSelectionNotification
EDITING DELEGATE: shouldDeleteDOMRange:range from 0 of #text > DIV > DIV > DIV > BODY > HTML > #document to 2 of #text > DIV > DIV > DIV > BODY > HTML > #document
EDITING DELEGATE: webViewDidChangeSelection:WebViewDidChangeSelectionNotification
EDITING DELEGATE: webViewDidChangeSelection:WebViewDidChangeSelectionNotification
EDITING DELEGATE: shouldChangeSelectedDOMRange:range from 1 of DIV > DIV > DIV > BODY > HTML > #document to 0 of DIV > DIV > DIV > BODY > HTML > #document toDOMRange:range from 0 of DIV > DIV > DIV > BODY > HTML > #document to 0 of DIV > DIV > DIV > BODY > HTML > #document affinity:NSSelectionAffinityDownstream stillSelecting:FALSE
EDITING DELEGATE: webViewDidChangeSelection:WebViewDidChangeSelectionNotification
EDITING DELEGATE: webViewDidChange:WebViewDidChangeNotification
EDITING DELEGATE: webViewDidChangeSelection:WebViewDidChangeSelectionNotification
layer at (0,0) size 980x735
  RenderView at (0,0) size 980x735
layer at (0,0) size 980x735
  RenderBlock {HTML} at (0,0) size 980x735
    RenderBody {BODY} at (8,8) size 964x719
      RenderBlock {DIV} at (0,0) size 964x324 [border: (2px solid #0000FF)]
        RenderBlock {DIV} at (14,14) size 936x112
          RenderText {#text} at (0,0) size 89x28
            text run at (0,0) width 89: "Tests: "
          RenderBR {BR} at (0,0) size 0x0
          RenderText {#text} at (0,28) size 936x56
            text run at (0,28) width 936: "Deleting when a selection starts at the beginning of a text following a nested"
            text run at (0,56) width 855: "block, and extends out of the enclosing block into the following block. "
          RenderBR {BR} at (855,78) size 0x0
          RenderText {#text} at (0,84) size 667x28
            text run at (0,84) width 311: "FIXME: Currently broken! "
            text run at (311,84) width 356: "See rdar://problem/4099839/."
        RenderBlock {DIV} at (14,142) size 936x168
          RenderText {#text} at (0,0) size 246x28
            text run at (0,0) width 246: "Expected Results: "
          RenderBR {BR} at (246,22) size 0x0
          RenderText {#text} at (0,28) size 933x140
            text run at (0,28) width 908: "Should see a total of five lines in the red box, with the third line inside of a"
            text run at (0,56) width 844: "nested red box. First line should be \"one\". Next line should be \"two\". "
            text run at (844,56) width 56: "Next"
            text run at (0,84) width 927: "line should be \"cha cha cha\", inside of a nested red box. Next line should be"
            text run at (0,112) width 63: "\"ur\". "
            text run at (63,112) width 466: "The last line should be \"cha cha cha\". "
            text run at (529,112) width 404: "Insertion point should be blinking"
            text run at (0,140) width 426: "at the start of the fourth line (\"ur\")."
      RenderBlock {DIV} at (0,348) size 964x148
        RenderBlock {DIV} at (0,0) size 964x148 [border: (2px solid #FF0000)]
          RenderBlock (anonymous) at (2,2) size 960x28
            RenderText {#text} at (0,0) size 45x28
              text run at (0,0) width 45: "one"
          RenderBlock {DIV} at (2,30) size 960x28
            RenderText {#text} at (0,0) size 44x28
              text run at (0,0) width 44: "two"
          RenderBlock {DIV} at (2,58) size 960x32 [border: (2px solid #FF0000)]
            RenderBlock {DIV} at (2,2) size 956x28
              RenderText {#text} at (0,0) size 145x28
                text run at (0,0) width 145: "cha cha cha"
            RenderBlock (anonymous) at (2,30) size 956x0
          RenderBlock {DIV} at (2,90) size 960x28
            RenderText {#text} at (0,0) size 25x28
              text run at (0,0) width 25: "ur"
          RenderBlock {DIV} at (2,118) size 960x28
            RenderText {#text} at (0,0) size 145x28
              text run at (0,0) width 145: "cha cha cha"
caret: position 0 of child 0 {#text} of child 4 {DIV} of child 1 {DIV} of child 3 {DIV} of body
