EDITING DELEGATE: shouldBeginEditingInDOMRange:range from 0 of DIV > BODY > HTML > #document to 3 of DIV > BODY > HTML > #document
EDITING DELEGATE: webViewDidBeginEditing:WebViewDidBeginEditingNotification
EDITING DELEGATE: webViewDidChangeSelection:WebViewDidChangeSelectionNotification
EDITING DELEGATE: webViewDidChangeSelection:WebViewDidChangeSelectionNotification
EDITING DELEGATE: webViewDidChangeSelection:WebViewDidChangeSelectionNotification
EDITING DELEGATE: webViewDidChangeSelection:WebViewDidChangeSelectionNotification
EDITING DELEGATE: shouldDeleteDOMRange:range from 0 of P > DIV > DIV > BODY > HTML > #document to 1 of #text > P > DIV > DIV > BODY > HTML > #document
EDITING DELEGATE: webViewDidChangeSelection:WebViewDidChangeSelectionNotification
EDITING DELEGATE: webViewDidChangeSelection:WebViewDidChangeSelectionNotification
EDITING DELEGATE: webViewDidChangeSelection:WebViewDidChangeSelectionNotification
EDITING DELEGATE: webViewDidChangeSelection:WebViewDidChangeSelectionNotification
EDITING DELEGATE: shouldChangeSelectedDOMRange:range from 0 of #text > P > DIV > DIV > BODY > HTML > #document to 4 of DIV > DIV > BODY > HTML > #document toDOMRange:range from 0 of P > DIV > DIV > BODY > HTML > #document to 0 of P > DIV > DIV > BODY > HTML > #document affinity:NSSelectionAffinityDownstream stillSelecting:FALSE
EDITING DELEGATE: webViewDidChangeSelection:WebViewDidChangeSelectionNotification
EDITING DELEGATE: webViewDidChange:WebViewDidChangeNotification
EDITING DELEGATE: webViewDidChangeSelection:WebViewDidChangeSelectionNotification
layer at (0,0) size 980x735
  RenderView at (0,0) size 980x735
layer at (0,0) size 980x735
  RenderBlock {HTML} at (0,0) size 980x735
    RenderBody {BODY} at (8,8) size 964x719
      RenderBlock {DIV} at (0,0) size 964x240 [border: (2px solid #0000FF)]
        RenderBlock {DIV} at (14,14) size 936x112
          RenderText {#text} at (0,0) size 89x28
            text run at (0,0) width 89: "Tests: "
          RenderBR {BR} at (0,0) size 0x0
          RenderText {#text} at (0,28) size 935x84
            text run at (0,28) width 925: "Deleting when a selection starts in a blank line created by a block with a BR"
            text run at (0,56) width 928: "placeholder in it and extends to a character that is not at the end of a block."
            text run at (0,84) width 935: "This ensures that some of our \"special-case\" code does not run for this case."
        RenderBlock {DIV} at (14,142) size 936x84
          RenderText {#text} at (0,0) size 246x28
            text run at (0,0) width 246: "Expected Results: "
          RenderBR {BR} at (246,22) size 0x0
          RenderText {#text} at (0,28) size 846x56
            text run at (0,28) width 846: "Should see the two lines in the red box. Each should contain \"A\" only."
            text run at (0,56) width 779: "Insertion point should be blinking at the start of the second line."
      RenderBlock {DIV} at (0,264) size 964x60
        RenderBlock {DIV} at (0,0) size 964x60 [border: (2px solid #FF0000)]
          RenderBlock {P} at (2,2) size 960x28
            RenderText {#text} at (0,0) size 16x28
              text run at (0,0) width 16: "A"
          RenderBlock {P} at (2,30) size 960x28
            RenderText {#text} at (0,0) size 16x28
              text run at (0,0) width 16: "A"
caret: position 0 of child 0 {#text} of child 3 {P} of child 1 {DIV} of child 3 {DIV} of body
