EDITING DELEGATE: shouldBeginEditingInDOMRange:range from 0 of DIV > BODY > HTML > #document to 1 of DIV > BODY > HTML > #document
EDITING DELEGATE: webViewDidBeginEditing:WebViewDidBeginEditingNotification
EDITING DELEGATE: webViewDidChangeSelection:WebViewDidChangeSelectionNotification
EDITING DELEGATE: webViewDidChangeSelection:WebViewDidChangeSelectionNotification
EDITING DELEGATE: shouldDeleteDOMRange:range from 0 of #text > LI > UL > UL > DIV > BODY > HTML > #document to 3 of #text > LI > UL > UL > DIV > BODY > HTML > #document
EDITING DELEGATE: webViewDidChangeSelection:WebViewDidChangeSelectionNotification
EDITING DELEGATE: webViewDidChangeSelection:WebViewDidChangeSelectionNotification
EDITING DELEGATE: shouldChangeSelectedDOMRange:range from 0 of LI > UL > UL > DIV > BODY > HTML > #document to 0 of LI > UL > UL > DIV > BODY > HTML > #document toDOMRange:range from 0 of LI > UL > UL > DIV > BODY > HTML > #document to 0 of LI > UL > UL > DIV > BODY > HTML > #document affinity:NSSelectionAffinityDownstream stillSelecting:FALSE
EDITING DELEGATE: webViewDidChangeSelection:WebViewDidChangeSelectionNotification
EDITING DELEGATE: webViewDidChange:WebViewDidChangeNotification
EDITING DELEGATE: webViewDidChangeSelection:WebViewDidChangeSelectionNotification
EDITING DELEGATE: webViewDidChangeSelection:WebViewDidChangeSelectionNotification
EDITING DELEGATE: shouldChangeSelectedDOMRange:range from 0 of UL > DIV > BODY > HTML > #document to 0 of UL > DIV > BODY > HTML > #document toDOMRange:range from 0 of LI > UL > DIV > BODY > HTML > #document to 0 of LI > UL > DIV > BODY > HTML > #document affinity:NSSelectionAffinityDownstream stillSelecting:FALSE
EDITING DELEGATE: webViewDidChangeSelection:WebViewDidChangeSelectionNotification
EDITING DELEGATE: webViewDidChange:WebViewDidChangeNotification
EDITING DELEGATE: webViewDidChangeSelection:WebViewDidChangeSelectionNotification
layer at (0,0) size 980x735
  RenderView at (0,0) size 980x735
layer at (0,0) size 980x735
  RenderBlock {HTML} at (0,0) size 980x735
    RenderBody {BODY} at (8,8) size 964x711
      RenderBlock {P} at (0,0) size 964x19
        RenderText {#text} at (0,0) size 914x19
          text run at (0,0) width 342: "This test deletes the contents of a sub-list. "
          text run at (342,0) width 572: "Then it deletes the empty list item. The list item below it should remain."
      RenderBlock {DIV} at (0,35) size 964x38
        RenderBlock {UL} at (0,0) size 964x38
          RenderListItem {LI} at (40,0) size 924x19
            RenderListMarker at (-18,0) size 7x19: bullet
            RenderBR {BR} at (0,0) size 0x19
          RenderListItem {LI} at (40,19) size 924x19
            RenderListMarker at (-18,0) size 7x19: bullet
            RenderBR {BR} at (0,0) size 0x19
caret: position 0 of child 0 {BR} of child 0 {LI} of child 0 {UL} of child 3 {DIV} of body
