EDITING DELEGATE: shouldBeginEditingInDOMRange:range from 0 of DIV > BODY > HTML > #document to 5 of DIV > BODY > HTML > #document
EDITING DELEGATE: webViewDidBeginEditing:WebViewDidBeginEditingNotification
EDITING DELEGATE: webViewDidChangeSelection:WebViewDidChangeSelectionNotification
EDITING DELEGATE: shouldDeleteDOMRange:range from 3 of #text > DIV > DIV > BODY > HTML > #document to 0 of DIV > DIV > BODY > HTML > #document
EDITING DELEGATE: webViewDidChangeSelection:WebViewDidChangeSelectionNotification
EDITING DELEGATE: shouldChangeSelectedDOMRange:range from 0 of DIV > DIV > BODY > HTML > #document to 0 of DIV > DIV > BODY > HTML > #document toDOMRange:range from 3 of #text > DIV > DIV > BODY > HTML > #document to 3 of #text > DIV > DIV > BODY > HTML > #document affinity:NSSelectionAffinityDownstream stillSelecting:FALSE
EDITING DELEGATE: webViewDidChangeSelection:WebViewDidChangeSelectionNotification
EDITING DELEGATE: webViewDidChange:WebViewDidChangeNotification
EDITING DELEGATE: webViewDidChangeSelection:WebViewDidChangeSelectionNotification
layer at (0,0) size 980x735
  RenderView at (0,0) size 980x735
layer at (0,0) size 980x735
  RenderBlock {HTML} at (0,0) size 980x735
    RenderBody {BODY} at (8,8) size 964x719
      RenderBlock {P} at (0,0) size 964x38
        RenderText {#text} at (0,0) size 930x38
          text run at (0,0) width 930: "This places the caret before the 'T' in 'Two' and Deletes. 'One' and 'Two' should be merged but the blocks containing"
          text run at (0,19) width 353: "'Three' and 'Four' should remain untouched."
      RenderBlock {DIV} at (8,54) size 948x179
        RenderBlock {DIV} at (16,16) size 916x41 [border: (3px solid #FF0000)]
          RenderText {#text} at (11,11) size 33x19
            text run at (11,11) width 33: "One"
          RenderText {#text} at (44,11) size 33x19
            text run at (44,11) width 33: "Two"
        RenderBlock {DIV} at (16,65) size 916x98 [border: (3px solid #008000)]
          RenderBlock (anonymous) at (11,11) size 894x0
          RenderBlock {DIV} at (19,19) size 878x41 [border: (3px solid #000000)]
            RenderText {#text} at (11,11) size 47x19
              text run at (11,11) width 47: "Three"
          RenderBlock (anonymous) at (11,68) size 894x19
            RenderText {#text} at (0,0) size 36x19
              text run at (0,0) width 36: "Four"
caret: position 3 of child 0 {#text} of child 1 {DIV} of child 2 {DIV} of body
