EDITING DELEGATE: shouldBeginEditingInDOMRange:range from 0 of DIV > BODY > HTML > #document to 2 of DIV > BODY > HTML > #document
EDITING DELEGATE: webViewDidBeginEditing:WebViewDidBeginEditingNotification
EDITING DELEGATE: webViewDidChangeSelection:WebViewDidChangeSelectionNotification
EDITING DELEGATE: webViewDidChangeSelection:WebViewDidChangeSelectionNotification
EDITING DELEGATE: webViewDidChangeSelection:WebViewDidChangeSelectionNotification
EDITING DELEGATE: shouldDeleteDOMRange:range from 0 of #text > DIV > DIV > BODY > HTML > #document to 3 of #text > DIV > DIV > BODY > HTML > #document
EDITING DELEGATE: webViewDidChangeSelection:WebViewDidChangeSelectionNotification
EDITING DELEGATE: webViewDidChangeSelection:WebViewDidChangeSelectionNotification
EDITING DELEGATE: webViewDidChangeSelection:WebViewDidChangeSelectionNotification
EDITING DELEGATE: shouldChangeSelectedDOMRange:range from 0 of DIV > DIV > BODY > HTML > #document to 1 of DIV > BODY > HTML > #document toDOMRange:range from 0 of DIV > DIV > BODY > HTML > #document to 0 of DIV > DIV > BODY > HTML > #document affinity:NSSelectionAffinityDownstream stillSelecting:FALSE
EDITING DELEGATE: webViewDidChangeSelection:WebViewDidChangeSelectionNotification
EDITING DELEGATE: webViewDidChange:WebViewDidChangeNotification
EDITING DELEGATE: webViewDidChangeSelection:WebViewDidChangeSelectionNotification
layer at (0,0) size 980x735
  RenderView at (0,0) size 980x735
layer at (0,0) size 980x735
  RenderBlock {HTML} at (0,0) size 980x735
    RenderBody {BODY} at (8,8) size 964x719
      RenderBlock {P} at (0,0) size 964x38
        RenderText {#text} at (0,0) size 949x38
          text run at (0,0) width 949: "When the selection to delete ends at the end of a paragraph, that paragraph will be completely deleted, but a <br> or"
          text run at (0,19) width 736: "an empty block will remain. Merging must happen to remove that <br> or prune that block."
      RenderBlock {P} at (0,54) size 964x38
        RenderText {#text} at (0,0) size 952x38
          text run at (0,0) width 952: "This test illustrates a case where merging wasn't allowed to happen just because the end of the selection to delete was"
          text run at (0,19) width 331: "in a fully selected line, which is nonsense."
      RenderBlock {P} at (0,108) size 964x57
        RenderText {#text} at (0,0) size 938x57
          text run at (0,0) width 397: "Fixing that bug exposed a problem with merging. "
          text run at (397,0) width 504: "If deletion empties out the block that contained the start of the"
          text run at (0,19) width 705: "selection to delete, that block can collapse away and become impossible to merge into. "
          text run at (705,19) width 233: "So we insert a placeholder to"
          text run at (0,38) width 350: "prop it open so that the merge can happen."
      RenderBlock {DIV} at (5,181) size 954x33 [border: (1px solid #000000)]
        RenderBlock {DIV} at (6,6) size 942x21 [border: (1px solid #FF0000)]
          RenderBR {BR} at (1,1) size 0x19
caret: position 0 of child 0 {BR} of child 0 {DIV} of child 6 {DIV} of body
