layer at (0,0) size 980x735
  RenderView at (0,0) size 980x735
layer at (0,0) size 980x152
  RenderBlock {HTML} at (0,0) size 980x152
    RenderBody {BODY} at (8,8) size 964x136
      RenderBlock {DIV} at (0,0) size 964x111 [border: (3px solid #FF0000)]
        RenderBlock (anonymous) at (3,3) size 958x19
          RenderText {#text} at (0,0) size 171x19
            text run at (0,0) width 171: "Destination container"
        RenderBlock {P} at (3,38) size 958x19
          RenderText {#text} at (0,0) size 30x19
            text run at (0,0) width 30: "one"
        RenderBlock {P} at (3,73) size 958x19
          RenderText {#text} at (0,0) size 29x19
            text run at (0,0) width 29: "two"
      RenderBlock {DIV} at (0,111) size 964x25 [border: (3px solid #0000FF)]
        RenderText {#text} at (3,3) size 137x19
          text run at (3,3) width 137: "Source container"
