EDITING DELEGATE: shouldBeginEditingInDOMRange:range from 0 of DIV > BODY > HTML > #document to 2 of DIV > BODY > HTML > #document
EDITING DELEGATE: webViewDidBeginEditing:WebViewDidBeginEditingNotification
EDITING DELEGATE: webViewDidChangeSelection:WebViewDidChangeSelectionNotification
EDITING DELEGATE: webViewDidChangeSelection:WebViewDidChangeSelectionNotification
EDITING DELEGATE: shouldDeleteDOMRange:range from 3 of #text > DIV > DIV > BODY > HTML > #document to 0 of DIV > DIV > DIV > BODY > HTML > #document
EDITING DELEGATE: webViewDidChangeSelection:WebViewDidChangeSelectionNotification
EDITING DELEGATE: webViewDidChangeSelection:WebViewDidChangeSelectionNotification
EDITING DELEGATE: shouldChangeSelectedDOMRange:range from 1 of DIV > BODY > HTML > #document to 1 of DIV > BODY > HTML > #document toDOMRange:range from 3 of #text > DIV > DIV > BODY > HTML > #document to 3 of #text > DIV > DIV > BODY > HTML > #document affinity:NSSelectionAffinityDownstream stillSelecting:FALSE
EDITING DELEGATE: webViewDidChangeSelection:WebViewDidChangeSelectionNotification
EDITING DELEGATE: webViewDidChange:WebViewDidChangeNotification
EDITING DELEGATE: webViewDidChangeSelection:WebViewDidChangeSelectionNotification
layer at (0,0) size 980x735
  RenderView at (0,0) size 980x735
layer at (0,0) size 980x735
  RenderBlock {HTML} at (0,0) size 980x735
    RenderBody {BODY} at (8,8) size 964x719
      RenderBlock {P} at (0,0) size 964x38
        RenderText {#text} at (0,0) size 945x38
          text run at (0,0) width 858: "This tests to see if deletion correctly prunes the containers of the paragraph being moved during a merge. "
          text run at (858,0) width 87: "You should"
          text run at (0,19) width 63: "see 'foo"
        RenderInline {B} at (0,0) size 30x19
          RenderText {#text} at (63,19) size 30x19
            text run at (63,19) width 30: "bar"
        RenderText {#text} at (93,19) size 61x19
          text run at (93,19) width 61: "' below."
      RenderBlock {DIV} at (0,54) size 964x19
        RenderBlock {DIV} at (0,0) size 964x19
          RenderText {#text} at (0,0) size 26x19
            text run at (0,0) width 26: "foo"
          RenderInline {SPAN} at (0,0) size 30x19
            RenderText {#text} at (26,0) size 30x19
              text run at (26,0) width 30: "bar"
caret: position 3 of child 0 {#text} of child 0 {DIV} of child 2 {DIV} of body
