EDITING DELEGATE: shouldBeginEditingInDOMRange:range from 0 of DIV > BODY > HTML > #document to 3 of DIV > BODY > HTML > #document
EDITING DELEGATE: webViewDidBeginEditing:WebViewDidBeginEditingNotification
EDITING DELEGATE: webViewDidChangeSelection:WebViewDidChangeSelectionNotification
EDITING DELEGATE: shouldDeleteDOMRange:range from 0 of #text > SPAN > DIV > TD > TR > TBODY > TABLE > DIV > BODY > HTML > #document to 4 of #text > SPAN > DIV > TD > TR > TBODY > TABLE > DIV > BODY > HTML > #document
EDITING DELEGATE: webViewDidChangeSelection:WebViewDidChangeSelectionNotification
EDITING DELEGATE: webViewDidChangeSelection:WebViewDidChangeSelectionNotification
EDITING DELEGATE: shouldChangeSelectedDOMRange:range from 1 of DIV > TD > TR > TBODY > TABLE > DIV > BODY > HTML > #document to 0 of DIV > TD > TR > TBODY > TABLE > DIV > BODY > HTML > #document toDOMRange:range from 24 of #text > DIV > TD > TR > TBODY > TABLE > DIV > BODY > HTML > #document to 24 of #text > DIV > TD > TR > TBODY > TABLE > DIV > BODY > HTML > #document affinity:NSSelectionAffinityDownstream stillSelecting:FALSE
EDITING DELEGATE: webViewDidChangeSelection:WebViewDidChangeSelectionNotification
EDITING DELEGATE: webViewDidChange:WebViewDidChangeNotification
EDITING DELEGATE: webViewDidChangeSelection:WebViewDidChangeSelectionNotification
layer at (0,0) size 980x735
  RenderView at (0,0) size 980x735
layer at (0,0) size 980x735
  RenderBlock {HTML} at (0,0) size 980x735
    RenderBody {BODY} at (8,8) size 964x719
      RenderBlock {P} at (0,0) size 964x19
        RenderText {#text} at (0,0) size 926x19
          text run at (0,0) width 463: "This tests deletion of a selection that spans multiple cells. "
          text run at (463,0) width 463: "Just table content should be removed, not table structure."
      RenderBlock {DIV} at (0,35) size 964x29
        RenderTable {TABLE} at (0,0) size 431x29 [border: (1px outset #808080)]
          RenderTableSection {TBODY} at (1,1) size 429x27
            RenderTableRow {TR} at (0,2) size 429x23
              RenderTableCell {TD} at (2,2) size 199x23 [border: (1px inset #808080)] [r=0 c=0 rs=1 cs=1]
                RenderBlock {DIV} at (2,2) size 195x19
                  RenderText {#text} at (0,0) size 195x19
                    text run at (0,0) width 195: "These two pieces of text"
              RenderTableCell {TD} at (203,2) size 224x23 [border: (1px inset #808080)] [r=0 c=1 rs=1 cs=1]
                RenderBlock {DIV} at (2,2) size 220x19
                  RenderText {#text} at (0,0) size 220x19
                    text run at (0,0) width 220: " should be in different cells."
caret: position 24 of child 0 {#text} of child 0 {DIV} of child 0 {TD} of child 0 {TR} of child 0 {TBODY} of child 0 {TABLE} of child 2 {DIV} of body
