layer at (0,0) size 980x735
  RenderView at (0,0) size 980x735
layer at (0,0) size 980x735
  RenderBlock {HTML} at (0,0) size 980x735
    RenderBody {BODY} at (8,8) size 964x719
      RenderBlock (anonymous) at (0,0) size 964x19
        RenderInline {SPAN} at (0,0) size 118x19
          RenderInline {B} at (0,0) size 118x19
            RenderText {#text} at (0,0) size 118x19
              text run at (0,0) width 118: "This markup:"
          RenderText {#text} at (0,0) size 0x0
      RenderBlock (anonymous) at (0,32) size 964x315
        RenderBlock {XMP} at (0,0) size 964x315
          RenderText {#text} at (0,0) size 463x315
            text run at (0,0) width 42: "<div>"
            text run at (42,0) width 0: " "
            text run at (0,15) width 463: "<table style=\"border-style:solid; border-width:2px; border-color:red;\">"
            text run at (463,15) width 0: " "
            text run at (0,30) width 59: "<thead>"
            text run at (59,30) width 0: " "
            text run at (0,45) width 32: "<tr>"
            text run at (32,45) width 0: " "
            text run at (0,60) width 98: "<td>one</td>"
            text run at (98,60) width 0: " "
            text run at (0,75) width 98: "<td>two</td>"
            text run at (98,75) width 0: " "
            text run at (0,90) width 108: "<td>three</td>"
            text run at (108,90) width 0: " "
            text run at (0,105) width 36: "</tr>"
            text run at (36,105) width 0: " "
            text run at (0,120) width 32: "<tr>"
            text run at (32,120) width 0: " "
            text run at (0,135) width 100: "<td>four</td>"
            text run at (100,135) width 0: " "
            text run at (0,150) width 99: "<td>five</td>"
            text run at (99,150) width 0: " "
            text run at (0,165) width 93: "<td>six</td>"
            text run at (93,165) width 0: " "
            text run at (0,180) width 36: "</tr>"
            text run at (36,180) width 0: " "
            text run at (0,195) width 32: "<tr>"
            text run at (32,195) width 0: " "
            text run at (0,210) width 113: "<td>seven</td>"
            text run at (113,210) width 0: " "
            text run at (0,225) width 107: "<td>eight</td>"
            text run at (107,225) width 0: " "
            text run at (0,240) width 102: "<td>nine</td>"
            text run at (102,240) width 0: " "
            text run at (0,255) width 36: "</tr>"
            text run at (36,255) width 0: " "
            text run at (0,270) width 53: "<tfoot>"
            text run at (53,270) width 0: " "
            text run at (0,285) width 59: "</table>"
            text run at (59,285) width 0: " "
            text run at (0,300) width 46: "</div>"
            text run at (46,300) width 0: " "
      RenderBlock (anonymous) at (0,360) size 964x0
        RenderInline {SPAN} at (0,0) size 0x0
        RenderText {#text} at (0,0) size 0x0
      RenderBlock {DIV} at (0,360) size 964x102
        RenderBlock (anonymous) at (0,0) size 964x19
          RenderInline {B} at (0,0) size 261x19
            RenderText {#text} at (0,0) size 261x19
              text run at (0,0) width 261: "Should produce a table here:"
          RenderInline {SPAN} at (0,0) size 0x19
        RenderBlock (anonymous) at (0,19) size 964x83
          RenderBlock {DIV} at (0,0) size 964x83
            RenderTable {TABLE} at (0,0) size 154x83 [border: (2px solid #FF0000)]
              RenderTableSection {THEAD} at (2,2) size 150x77
                RenderTableRow {TR} at (0,2) size 150x23
                  RenderTableCell {TD} at (2,2) size 51x23 [border: (1px solid #000000)] [r=0 c=0 rs=1 cs=1]
                    RenderText {#text} at (2,2) size 30x19
                      text run at (2,2) width 30: "one"
                  RenderTableCell {TD} at (55,2) size 44x23 [border: (1px solid #000000)] [r=0 c=1 rs=1 cs=1]
                    RenderText {#text} at (2,2) size 29x19
                      text run at (2,2) width 29: "two"
                  RenderTableCell {TD} at (101,2) size 47x23 [border: (1px solid #000000)] [r=0 c=2 rs=1 cs=1]
                    RenderText {#text} at (2,2) size 43x19
                      text run at (2,2) width 43: "three"
                RenderTableRow {TR} at (0,27) size 150x23
                  RenderTableCell {TD} at (2,27) size 51x23 [border: (1px solid #000000)] [r=1 c=0 rs=1 cs=1]
                    RenderText {#text} at (2,2) size 33x19
                      text run at (2,2) width 33: "four"
                  RenderTableCell {TD} at (55,27) size 44x23 [border: (1px solid #000000)] [r=1 c=1 rs=1 cs=1]
                    RenderText {#text} at (2,2) size 29x19
                      text run at (2,2) width 29: "five"
                  RenderTableCell {TD} at (101,27) size 47x23 [border: (1px solid #000000)] [r=1 c=2 rs=1 cs=1]
                    RenderText {#text} at (2,2) size 21x19
                      text run at (2,2) width 21: "six"
                RenderTableRow {TR} at (0,52) size 150x23
                  RenderTableCell {TD} at (2,52) size 51x23 [border: (1px solid #000000)] [r=2 c=0 rs=1 cs=1]
                    RenderText {#text} at (2,2) size 47x19
                      text run at (2,2) width 47: "seven"
                  RenderTableCell {TD} at (55,52) size 44x23 [border: (1px solid #000000)] [r=2 c=1 rs=1 cs=1]
                    RenderText {#text} at (2,2) size 40x19
                      text run at (2,2) width 40: "eight"
                  RenderTableCell {TD} at (101,52) size 47x23 [border: (1px solid #000000)] [r=2 c=2 rs=1 cs=1]
                    RenderText {#text} at (2,2) size 34x19
                      text run at (2,2) width 34: "nine"
              RenderTableSection {TFOOT} at (2,79) size 150x2
        RenderBlock (anonymous) at (0,102) size 964x0
          RenderInline {SPAN} at (0,0) size 0x0
      RenderBlock (anonymous) at (0,462) size 964x19
        RenderBR {BR} at (0,0) size 0x19
