layer at (0,0) size 980x735
  RenderView at (0,0) size 980x735
layer at (0,0) size 980x735
  RenderBlock {HTML} at (0,0) size 980x735
    RenderBody {BODY} at (8,8) size 964x714
      RenderBlock (anonymous) at (0,0) size 964x19
        RenderText {#text} at (0,0) size 412x19
          text run at (0,0) width 412: "This tests that the slider control considers padding. "
        RenderBR {BR} at (0,0) size 0x0
      RenderBlock {DIV} at (0,19) size 964x35 [bgcolor=#ADD8E6]
        RenderSlider {INPUT} at (2,2) size 100x31 [color=#909090] [bgcolor=#FFFFFF]
          RenderDeprecatedFlexibleBox {DIV} at (10,10) size 80x11
            RenderBlock {DIV} at (0,0) size 51x11
            RenderBlock {DIV} at (51,0) size 29x11
        RenderText {#text} at (0,0) size 0x0
      RenderBlock {PRE} at (0,67) size 964x0
layer at (20,39) size 29x11
  RenderBlock (relative positioned) {DIV} at (0,0) size 29x11
