layer at (0,0) size 980x735
  RenderView at (0,0) size 980x735
layer at (0,0) size 980x735
  RenderBlock {HTML} at (0,0) size 980x735
    RenderBody {BODY} at (8,8) size 964x719
      RenderBlock {INPUT} at (4,6) size 12x12
      RenderText {#text} at (20,0) size 272x19
        text run at (20,0) width 272: "This checkbox should be checked."
