layer at (0,0) size 980x735
  RenderView at (0,0) size 980x735
layer at (0,0) size 980x735
  RenderBlock {HTML} at (0,0) size 980x735
    RenderBody {BODY} at (8,8) size 964x706
      RenderBlock (anonymous) at (0,0) size 964x19
        RenderText {#text} at (0,0) size 691x19
          text run at (0,0) width 691: "--> */ h1 { background-color: red; } /* This comment should not be part of the style. */"
      RenderBlock {H1} at (0,40) size 964x37
        RenderText {#text} at (0,0) size 804x38
          text run at (0,0) width 804: "This text should not have a red background."
