layer at (0,0) size 980x735
  RenderView at (0,0) size 980x735
layer at (0,0) size 980x735
  RenderBlock {HTML} at (0,0) size 980x735
    RenderBody {BODY} at (8,8) size 964x706
      RenderBlock {H1} at (0,0) size 964x37 [bgcolor=#008000]
        RenderText {#text} at (0,0) size 778x38
          text run at (0,0) width 778: "This text should have a green background."
