layer at (0,0) size 980x735
  RenderView at (0,0) size 980x735
layer at (0,0) size 980x735
  RenderBlock {HTML} at (0,0) size 980x735
    RenderBody {BODY} at (8,8) size 964x711
      RenderBlock (anonymous) at (0,0) size 964x0
        RenderInline {TIMER:TIME} at (0,0) size 0x0
          RenderText {#text} at (0,0) size 0x0
          RenderText {#text} at (0,0) size 0x0
      RenderBlock (anonymous) at (0,0) size 964x19
        RenderBlock {P} at (0,0) size 964x19
          RenderInline {SPAN} at (0,0) size 79x19 [color=#008000]
            RenderText {#text} at (0,0) size 79x19
              text run at (0,0) width 79: "SUCCESS:"
          RenderText {#text} at (79,0) size 184x19
            text run at (79,0) width 184: " Content was displayed"
      RenderBlock (anonymous) at (0,35) size 964x0
        RenderInline {TIMER:TIME} at (0,0) size 0x0
        RenderText {#text} at (0,0) size 0x0
