layer at (0,0) size 980x735
  RenderView at (0,0) size 980x735
layer at (0,0) size 980x514
  RenderBlock {HTML} at (0,0) size 980x514
    RenderBody {BODY} at (8,16) size 964x490
      RenderBlock {P} at (0,0) size 964x19
        RenderText {#text} at (0,0) size 721x19
          text run at (0,0) width 721: "The T column should match the R column. The H columns uses <br/> to force line breaks."
      RenderTable {TABLE} at (0,35) size 171x455 [border: none]
        RenderTableSection {TBODY} at (0,0) size 170x454
          RenderTableRow {TR} at (0,0) size 170x24
            RenderTableCell {TD} at (0,10) size 47x4 [r=0 c=0 rs=1 cs=1]
            RenderTableCell {TD} at (47,0) size 45x24 [border: (1px solid #008000)] [r=0 c=1 rs=1 cs=1]
              RenderText {#text} at (3,3) size 12x19
                text run at (3,3) width 12: "H"
            RenderTableCell {TD} at (92,0) size 33x24 [border: (1px solid #008000)] [r=0 c=2 rs=1 cs=1]
              RenderText {#text} at (3,3) size 10x19
                text run at (3,3) width 10: "T"
            RenderTableCell {TD} at (125,0) size 45x24 [border: (1px solid #008000)] [r=0 c=3 rs=1 cs=1]
              RenderText {#text} at (3,3) size 11x19
                text run at (3,3) width 11: "R"
          RenderTableRow {TR} at (0,24) size 170x43
            RenderTableCell {TD} at (0,33) size 47x24 [border: (1px solid #008000)] [r=1 c=0 rs=1 cs=1]
              RenderText {#text} at (3,3) size 10x19
                text run at (3,3) width 10: "1"
            RenderTableCell {TD} at (47,24) size 45x43 [border: (1px solid #008000)] [r=1 c=1 rs=1 cs=1]
              RenderText {#text} at (3,3) size 15x19
                text run at (3,3) width 10 RTL: "\x{5D0}"
                text run at (13,3) width 5: "."
              RenderBR {BR} at (18,18) size 0x0
              RenderText {#text} at (3,22) size 10x19
                text run at (3,22) width 10: "b"
            RenderTableCell {TD} at (92,24) size 33x43 [border: (1px solid #008000)] [r=1 c=2 rs=1 cs=1]
              RenderText {#text} at (3,3) size 15x38
                text run at (3,3) width 10 RTL: "\x{5D0}"
                text run at (13,3) width 5: "."
                text run at (3,22) width 10: "b"
            RenderTableCell {TD} at (125,24) size 45x43 [border: (1px solid #008000)] [r=1 c=3 rs=1 cs=1]
              RenderBlock {P} at (3,3) size 40x19
                RenderText {#text} at (0,0) size 15x19
                  text run at (0,0) width 15 LTR override: "\x{5D0}."
              RenderBlock {P} at (3,22) size 40x19
                RenderText {#text} at (0,0) size 10x19
                  text run at (0,0) width 10 LTR override: "b"
          RenderTableRow {TR} at (0,67) size 170x43
            RenderTableCell {TD} at (0,76) size 47x24 [border: (1px solid #008000)] [r=2 c=0 rs=1 cs=1]
              RenderText {#text} at (3,3) size 10x19
                text run at (3,3) width 10: "2"
            RenderTableCell {TD} at (47,67) size 45x43 [border: (1px solid #008000)] [r=2 c=1 rs=1 cs=1]
              RenderText {#text} at (3,3) size 15x19
                text run at (3,3) width 10 RTL: "\x{5D0}"
                text run at (13,3) width 5: "."
              RenderBR {BR} at (18,18) size 0x0
              RenderText {#text} at (3,22) size 10x19
                text run at (3,22) width 10 RTL: "\x{5D1}"
            RenderTableCell {TD} at (92,67) size 33x43 [border: (1px solid #008000)] [r=2 c=2 rs=1 cs=1]
              RenderText {#text} at (3,3) size 15x38
                text run at (3,3) width 15 RTL: "\x{5D0}."
                text run at (3,22) width 10 RTL: "\x{5D1}"
            RenderTableCell {TD} at (125,67) size 45x43 [border: (1px solid #008000)] [r=2 c=3 rs=1 cs=1]
              RenderBlock {P} at (3,3) size 40x19
                RenderText {#text} at (0,0) size 15x19
                  text run at (0,0) width 15 LTR override: ".\x{5D0}"
              RenderBlock {P} at (3,22) size 40x19
                RenderText {#text} at (0,0) size 10x19
                  text run at (0,0) width 10 LTR override: "\x{5D1}"
          RenderTableRow {TR} at (0,110) size 170x43
            RenderTableCell {TD} at (0,119) size 47x24 [border: (1px solid #008000)] [r=3 c=0 rs=1 cs=1]
              RenderText {#text} at (3,3) size 10x19
                text run at (3,3) width 10: "3"
            RenderTableCell {TD} at (47,110) size 45x43 [border: (1px solid #008000)] [r=3 c=1 rs=1 cs=1]
              RenderText {#text} at (3,3) size 20x19
                text run at (3,3) width 20 RTL: "\x{5D0}\x{5D0}"
              RenderBR {BR} at (3,18) size 0x0
              RenderText {#text} at (3,22) size 25x19
                text run at (3,22) width 10: "b"
                text run at (13,22) width 5 RTL: " "
                text run at (18,22) width 10: "1"
            RenderTableCell {TD} at (92,110) size 33x43 [border: (1px solid #008000)] [r=3 c=2 rs=1 cs=1]
              RenderText {#text} at (3,3) size 25x38
                text run at (3,3) width 20 RTL: "\x{5D0}\x{5D0}"
                text run at (3,22) width 10: "b"
                text run at (13,22) width 5 RTL: " "
                text run at (18,22) width 10: "1"
            RenderTableCell {TD} at (125,110) size 45x43 [border: (1px solid #008000)] [r=3 c=3 rs=1 cs=1]
              RenderBlock {P} at (3,3) size 40x19
                RenderText {#text} at (0,0) size 20x19
                  text run at (0,0) width 20 LTR override: "\x{5D0}\x{5D0}"
              RenderBlock {P} at (3,22) size 40x19
                RenderText {#text} at (0,0) size 25x19
                  text run at (0,0) width 25 LTR override: "b 1"
          RenderTableRow {TR} at (0,153) size 170x43
            RenderTableCell {TD} at (0,162) size 47x24 [border: (1px solid #008000)] [r=4 c=0 rs=1 cs=1]
              RenderText {#text} at (3,3) size 10x19
                text run at (3,3) width 10: "4"
            RenderTableCell {TD} at (47,153) size 45x43 [border: (1px solid #008000)] [r=4 c=1 rs=1 cs=1]
              RenderText {#text} at (3,3) size 20x19
                text run at (3,3) width 20: "aa"
              RenderBR {BR} at (3,18) size 0x0
              RenderText {#text} at (3,22) size 25x19
                text run at (3,22) width 10: "b"
                text run at (13,22) width 5 RTL: " "
                text run at (18,22) width 10: "1"
            RenderTableCell {TD} at (92,153) size 33x43 [border: (1px solid #008000)] [r=4 c=2 rs=1 cs=1]
              RenderText {#text} at (3,3) size 25x38
                text run at (3,3) width 20: "aa"
                text run at (3,22) width 25: "1 b"
            RenderTableCell {TD} at (125,153) size 45x43 [border: (1px solid #008000)] [r=4 c=3 rs=1 cs=1]
              RenderBlock {P} at (3,3) size 40x19
                RenderText {#text} at (0,0) size 20x19
                  text run at (0,0) width 20 LTR override: "aa"
              RenderBlock {P} at (3,22) size 40x19
                RenderText {#text} at (0,0) size 25x19
                  text run at (0,0) width 25 LTR override: "1 b"
          RenderTableRow {TR} at (0,196) size 170x43
            RenderTableCell {TD} at (0,205) size 47x24 [border: (1px solid #008000)] [r=5 c=0 rs=1 cs=1]
              RenderText {#text} at (3,3) size 10x19
                text run at (3,3) width 10: "5"
            RenderTableCell {TD} at (47,196) size 45x43 [border: (1px solid #008000)] [r=5 c=1 rs=1 cs=1]
              RenderText {#text} at (3,3) size 20x19
                text run at (3,3) width 20 RTL: "\x{5D0}\x{5D0}"
              RenderBR {BR} at (3,18) size 0x0
              RenderText {#text} at (3,22) size 25x19
                text run at (3,22) width 15 RTL: " \x{5D1}"
                text run at (18,22) width 10: "1"
            RenderTableCell {TD} at (92,196) size 33x43 [border: (1px solid #008000)] [r=5 c=2 rs=1 cs=1]
              RenderText {#text} at (3,3) size 25x38
                text run at (3,3) width 20 RTL: "\x{5D0}\x{5D0}"
                text run at (3,22) width 15 RTL: " \x{5D1}"
                text run at (18,22) width 10: "1"
            RenderTableCell {TD} at (125,196) size 45x43 [border: (1px solid #008000)] [r=5 c=3 rs=1 cs=1]
              RenderBlock {P} at (3,3) size 40x19
                RenderText {#text} at (0,0) size 20x19
                  text run at (0,0) width 20 LTR override: "\x{5D0}\x{5D0}"
              RenderBlock {P} at (3,22) size 40x19
                RenderText {#text} at (0,0) size 25x19
                  text run at (0,0) width 25 LTR override: "\x{5D1} 1"
          RenderTableRow {TR} at (0,239) size 170x43
            RenderTableCell {TD} at (0,248) size 47x24 [border: (1px solid #008000)] [r=6 c=0 rs=1 cs=1]
              RenderText {#text} at (3,3) size 10x19
                text run at (3,3) width 10: "6"
            RenderTableCell {TD} at (47,239) size 45x43 [border: (1px solid #008000)] [r=6 c=1 rs=1 cs=1]
              RenderText {#text} at (3,3) size 20x19
                text run at (3,3) width 20: "aa"
              RenderBR {BR} at (3,18) size 0x0
              RenderText {#text} at (3,22) size 25x19
                text run at (3,22) width 15 RTL: " \x{5D1}"
                text run at (18,22) width 10: "1"
            RenderTableCell {TD} at (92,239) size 33x43 [border: (1px solid #008000)] [r=6 c=2 rs=1 cs=1]
              RenderText {#text} at (3,3) size 25x38
                text run at (3,3) width 20: "aa"
                text run at (3,22) width 15 RTL: " \x{5D1}"
                text run at (18,22) width 10: "1"
            RenderTableCell {TD} at (125,239) size 45x43 [border: (1px solid #008000)] [r=6 c=3 rs=1 cs=1]
              RenderBlock {P} at (3,3) size 40x19
                RenderText {#text} at (0,0) size 20x19
                  text run at (0,0) width 20 LTR override: "aa"
              RenderBlock {P} at (3,22) size 40x19
                RenderText {#text} at (0,0) size 25x19
                  text run at (0,0) width 25 LTR override: "\x{5D1} 1"
          RenderTableRow {TR} at (0,282) size 170x43
            RenderTableCell {TD} at (0,291) size 47x24 [border: (1px solid #008000)] [r=7 c=0 rs=1 cs=1]
              RenderText {#text} at (3,3) size 10x19
                text run at (3,3) width 10: "7"
            RenderTableCell {TD} at (47,282) size 45x43 [border: (1px solid #008000)] [r=7 c=1 rs=1 cs=1]
              RenderText {#text} at (3,3) size 21x19
                text run at (3,3) width 21: "a ("
              RenderBR {BR} at (24,18) size 0x0
              RenderText {#text} at (3,22) size 21x19
                text run at (3,22) width 21: "] b"
            RenderTableCell {TD} at (92,282) size 33x43 [border: (1px solid #008000)] [r=7 c=2 rs=1 cs=1]
              RenderText {#text} at (3,3) size 21x38
                text run at (3,3) width 21: "a ("
                text run at (3,22) width 21: "] b"
            RenderTableCell {TD} at (125,282) size 45x43 [border: (1px solid #008000)] [r=7 c=3 rs=1 cs=1]
              RenderBlock {P} at (3,3) size 40x19
                RenderText {#text} at (0,0) size 21x19
                  text run at (0,0) width 21 LTR override: "a ("
              RenderBlock {P} at (3,22) size 40x19
                RenderText {#text} at (0,0) size 21x19
                  text run at (0,0) width 21 LTR override: "] b"
          RenderTableRow {TR} at (0,325) size 170x43
            RenderTableCell {TD} at (0,334) size 47x24 [border: (1px solid #008000)] [r=8 c=0 rs=1 cs=1]
              RenderText {#text} at (3,3) size 10x19
                text run at (3,3) width 10: "8"
            RenderTableCell {TD} at (47,325) size 45x43 [border: (1px solid #008000)] [r=8 c=1 rs=1 cs=1]
              RenderText {#text} at (3,3) size 21x19
                text run at (3,3) width 10 RTL: "\x{5D0}"
                text run at (13,3) width 11: " ("
              RenderBR {BR} at (24,18) size 0x0
              RenderText {#text} at (3,22) size 21x19
                text run at (3,22) width 21: "] b"
            RenderTableCell {TD} at (92,325) size 33x43 [border: (1px solid #008000)] [r=8 c=2 rs=1 cs=1]
              RenderText {#text} at (3,3) size 21x38
                text run at (3,3) width 10 RTL: "\x{5D0}"
                text run at (13,3) width 11: " ("
                text run at (3,22) width 21: "] b"
            RenderTableCell {TD} at (125,325) size 45x43 [border: (1px solid #008000)] [r=8 c=3 rs=1 cs=1]
              RenderBlock {P} at (3,3) size 40x19
                RenderText {#text} at (0,0) size 21x19
                  text run at (0,0) width 21 LTR override: "\x{5D0} ("
              RenderBlock {P} at (3,22) size 40x19
                RenderText {#text} at (0,0) size 21x19
                  text run at (0,0) width 21 LTR override: "] b"
          RenderTableRow {TR} at (0,368) size 170x43
            RenderTableCell {TD} at (0,377) size 47x24 [border: (1px solid #008000)] [r=9 c=0 rs=1 cs=1]
              RenderText {#text} at (3,3) size 10x19
                text run at (3,3) width 10: "9"
            RenderTableCell {TD} at (47,368) size 45x43 [border: (1px solid #008000)] [r=9 c=1 rs=1 cs=1]
              RenderText {#text} at (3,3) size 21x19
                text run at (3,3) width 21: "a ("
              RenderBR {BR} at (24,18) size 0x0
              RenderText {#text} at (3,22) size 21x19
                text run at (3,22) width 11: "] "
                text run at (14,22) width 10 RTL: "\x{5D1}"
            RenderTableCell {TD} at (92,368) size 33x43 [border: (1px solid #008000)] [r=9 c=2 rs=1 cs=1]
              RenderText {#text} at (3,3) size 21x38
                text run at (3,3) width 21: "a ("
                text run at (3,22) width 11: "] "
                text run at (14,22) width 10 RTL: "\x{5D1}"
            RenderTableCell {TD} at (125,368) size 45x43 [border: (1px solid #008000)] [r=9 c=3 rs=1 cs=1]
              RenderBlock {P} at (3,3) size 40x19
                RenderText {#text} at (0,0) size 21x19
                  text run at (0,0) width 21 LTR override: "a ("
              RenderBlock {P} at (3,22) size 40x19
                RenderText {#text} at (0,0) size 21x19
                  text run at (0,0) width 21 LTR override: "] \x{5D1}"
          RenderTableRow {TR} at (0,411) size 170x43
            RenderTableCell {TD} at (0,420) size 47x24 [border: (1px solid #008000)] [r=10 c=0 rs=1 cs=1]
              RenderText {#text} at (3,3) size 20x19
                text run at (3,3) width 20: "10"
            RenderTableCell {TD} at (47,411) size 45x43 [border: (1px solid #008000)] [r=10 c=1 rs=1 cs=1]
              RenderText {#text} at (3,3) size 21x19
                text run at (3,3) width 10 RTL: "\x{5D0}"
                text run at (13,3) width 11: " ("
              RenderBR {BR} at (24,18) size 0x0
              RenderText {#text} at (3,22) size 21x19
                text run at (3,22) width 11: "] "
                text run at (14,22) width 10 RTL: "\x{5D1}"
            RenderTableCell {TD} at (92,411) size 33x43 [border: (1px solid #008000)] [r=10 c=2 rs=1 cs=1]
              RenderText {#text} at (3,3) size 21x38
                text run at (3,3) width 21 RTL: "\x{5D0} ("
                text run at (3,22) width 21 RTL: "] \x{5D1}"
            RenderTableCell {TD} at (125,411) size 45x43 [border: (1px solid #008000)] [r=10 c=3 rs=1 cs=1]
              RenderBlock {P} at (3,3) size 40x19
                RenderText {#text} at (0,0) size 21x19
                  text run at (0,0) width 21 LTR override: ") \x{5D0}"
              RenderBlock {P} at (3,22) size 40x19
                RenderText {#text} at (0,0) size 21x19
                  text run at (0,0) width 21 LTR override: "\x{5D1} ["
