layer at (0,0) size 980x735
  RenderView at (0,0) size 980x735
layer at (0,0) size 980x509
  RenderBlock {HTML} at (0,0) size 980x509
    RenderBody {BODY} at (8,16) size 964x477
      RenderBlock {P} at (0,0) size 964x57
        RenderText {#text} at (0,0) size 943x57
          text run at (0,0) width 943: "In each line, reading from left to right, the bracket should appear before the parenthesis. The bracket should be a left"
          text run at (0,19) width 905: "bracket and the parenthesis should be a right parenthesis. In each line, Roman characters and digits should be in"
          text run at (0,38) width 274: "increasing order from left to right."
      RenderBlock {P} at (0,73) size 964x19
        RenderText {#text} at (0,0) size 63x19
          text run at (0,0) width 27 RTL: "\x{5D0}\x{5D1}\x{5D2}"
          text run at (27,0) width 36: " def "
        RenderInline {SPAN} at (0,0) size 38x19
          RenderText {#text} at (63,0) size 38x19
            text run at (63,0) width 38 RTL: "(\x{5D6}\x{5D7}\x{5D8}]"
        RenderText {#text} at (101,0) size 22x19
          text run at (101,0) width 22: " jkl"
      RenderBlock {P} at (0,108) size 964x19
        RenderText {#text} at (0,0) size 63x19
          text run at (0,0) width 27 RTL: "\x{5D0}\x{5D1}\x{5D2}"
          text run at (27,0) width 36: " def "
        RenderInline {SPAN} at (0,0) size 36x19
          RenderText {#text} at (63,0) size 36x19
            text run at (63,0) width 6 RTL: "]"
            text run at (69,0) width 24: "ghi"
            text run at (93,0) width 6 RTL: "("
        RenderText {#text} at (99,0) size 22x19
          text run at (99,0) width 22: " jkl"
      RenderBlock {P} at (0,143) size 964x19
        RenderText {#text} at (0,0) size 34x19
          text run at (0,0) width 34: "abc "
        RenderInline {SPAN} at (0,0) size 57x19
          RenderText {#text} at (34,0) size 57x19
            text run at (34,0) width 6 RTL: "]"
            text run at (40,0) width 20: "23"
            text run at (60,0) width 5 RTL: " "
            text run at (65,0) width 20: "45"
            text run at (85,0) width 6 RTL: "("
        RenderText {#text} at (91,0) size 31x19
          text run at (91,0) width 31: " fgh"
      RenderBlock {P} at (0,178) size 964x19
        RenderText {#text} at (0,0) size 122x19
          text run at (0,0) width 34: "abc "
          text run at (34,0) width 6 RTL: "]"
          text run at (40,0) width 20: "23"
          text run at (60,0) width 5 RTL: " "
          text run at (65,0) width 20: "45"
          text run at (85,0) width 6 RTL: "\x{202B}("
          text run at (91,0) width 31: "\x{202C} fgh"
      RenderBlock {P} at (0,213) size 964x19
        RenderText {#text} at (0,0) size 110x19
          text run at (0,0) width 34: "abc "
          text run at (34,0) width 6 RTL: "]"
          text run at (40,0) width 41: "de fg"
          text run at (81,0) width 6 RTL: "\x{202B}("
          text run at (87,0) width 23: "\x{202C} hij"
      RenderBlock {P} at (0,248) size 964x19
        RenderText {#text} at (0,0) size 10x19
          text run at (0,0) width 10: "1"
        RenderInline {SPAN} at (0,0) size 56x19
          RenderText {#text} at (10,0) size 56x19
            text run at (10,0) width 6 RTL: "]"
            text run at (16,0) width 44: "ab cd"
            text run at (60,0) width 6 RTL: "("
        RenderText {#text} at (0,0) size 0x0
      RenderBlock {P} at (0,283) size 964x19
        RenderText {#text} at (0,0) size 10x19
          text run at (0,0) width 10: "1"
        RenderInline {SPAN} at (0,0) size 54x19
          RenderText {#text} at (10,0) size 54x19
            text run at (10,0) width 28 RTL: " \x{5D2}\x{5D3}]"
            text run at (38,0) width 20: "ab"
            text run at (58,0) width 6 RTL: "("
        RenderText {#text} at (0,0) size 0x0
      RenderBlock {P} at (0,318) size 964x19
        RenderText {#text} at (0,0) size 10x19
          text run at (0,0) width 10: "1"
        RenderInline {SPAN} at (0,0) size 22x19
          RenderText {#text} at (10,0) size 22x19
            text run at (10,0) width 6 RTL: "]"
            text run at (16,0) width 10: "2"
            text run at (26,0) width 6 RTL: "\x{202B}("
            text run at (32,0) width 0: "\x{202C}"
        RenderText {#text} at (0,0) size 0x0
      RenderBlock {P} at (0,353) size 964x19
        RenderText {#text} at (0,0) size 10x19
          text run at (0,0) width 10: "1"
        RenderInline {SPAN} at (0,0) size 22x19
          RenderText {#text} at (10,0) size 22x19
            text run at (10,0) width 6 RTL: "]"
            text run at (16,0) width 10: "a"
            text run at (26,0) width 6 RTL: "\x{202B}("
            text run at (32,0) width 0: "\x{202C}"
        RenderText {#text} at (0,0) size 0x0
      RenderBlock {P} at (0,388) size 964x19
        RenderText {#text} at (0,0) size 64x19
          text run at (0,0) width 10: "1"
          text run at (10,0) width 28 RTL: " \x{5D2}\x{5D3}]"
          text run at (38,0) width 20: "ab"
          text run at (58,0) width 6 RTL: "\x{202B}("
          text run at (64,0) width 0: "\x{202C}"
      RenderBlock {P} at (0,423) size 964x19
        RenderInline {SPAN} at (0,0) size 104x19
          RenderText {#text} at (0,0) size 104x19
            text run at (0,0) width 6 RTL: "]"
            text run at (6,0) width 29: "abc"
            text run at (35,0) width 37 RTL: " \x{5D0}\x{5D1}\x{5D2} "
            text run at (72,0) width 26: "def"
            text run at (98,0) width 6 RTL: "("
        RenderText {#text} at (0,0) size 0x0
      RenderBlock {P} at (0,458) size 964x19
        RenderText {#text} at (0,0) size 104x19
          text run at (0,0) width 6 RTL: "]"
          text run at (6,0) width 29: "abc"
          text run at (35,0) width 37 RTL: " \x{5D0}\x{5D1}\x{5D2} "
          text run at (72,0) width 26: "def"
          text run at (98,0) width 6 RTL: "\x{202B}("
          text run at (104,0) width 0: "\x{202C}"
