layer at (0,0) size 980x6203
  RenderView at (0,0) size 980x735
layer at (0,0) size 980x6203
  RenderBlock {HTML} at (0,0) size 980x6203
    RenderBody {BODY} at (8,8) size 964x6179
      RenderBlock {P} at (0,0) size 964x19
        RenderText {#text} at (0,0) size 385x19
          text run at (0,0) width 385: "Tests the resolved level of runs of neutral types."
      RenderBlock {DIV} at (0,35) size 964x3064
        RenderBlock {P} at (0,0) size 964x19
          RenderText {#text} at (0,0) size 58x19
            text run at (0,0) width 58: "ab(^cd"
        RenderBlock {P} at (0,35) size 964x19
          RenderText {#text} at (0,0) size 58x19
            text run at (0,0) width 20 RTL: "\x{5D0}\x{5D1}"
            text run at (20,0) width 38: "(^cd"
        RenderBlock {P} at (0,70) size 964x19
          RenderText {#text} at (0,0) size 57x19
            text run at (0,0) width 19 RTL: "\x{627}\x{628}"
            text run at (19,0) width 38: "(^cd"
        RenderBlock {P} at (0,105) size 964x19
          RenderText {#text} at (0,0) size 78x19
            text run at (0,0) width 78: "ab12(^cd"
        RenderBlock {P} at (0,140) size 964x19
          RenderText {#text} at (0,0) size 78x19
            text run at (0,0) width 20: "12"
            text run at (20,0) width 20 RTL: "\x{5D0}\x{5D1}"
            text run at (40,0) width 38: "(^cd"
        RenderBlock {P} at (0,175) size 964x19
          RenderText {#text} at (0,0) size 77x19
            text run at (0,0) width 20: "12"
            text run at (20,0) width 19 RTL: "\x{627}\x{628}"
            text run at (39,0) width 38: "(^cd"
        RenderBlock {P} at (0,210) size 964x19
          RenderText {#text} at (0,0) size 76x19
            text run at (0,0) width 20: "ab"
            text run at (20,0) width 18: "\x{661}\x{662}"
            text run at (38,0) width 38: "(^cd"
        RenderBlock {P} at (0,245) size 964x19
          RenderText {#text} at (0,0) size 76x19
            text run at (0,0) width 18: "\x{661}\x{662}"
            text run at (18,0) width 20 RTL: "\x{5D0}\x{5D1}"
            text run at (38,0) width 38: "(^cd"
        RenderBlock {P} at (0,280) size 964x19
          RenderText {#text} at (0,0) size 75x19
            text run at (0,0) width 18: "\x{661}\x{662}"
            text run at (18,0) width 19 RTL: "\x{627}\x{628}"
            text run at (37,0) width 38: "(^cd"
        RenderBlock {P} at (0,315) size 964x19
          RenderText {#text} at (0,0) size 47x19
            text run at (0,0) width 9: "\x{202A}?"
            text run at (9,0) width 38: "\x{202C}(^cd"
        RenderBlock {P} at (0,350) size 964x19
          RenderText {#text} at (0,0) size 47x19
            text run at (0,0) width 9 RTL: "\x{202B}?"
            text run at (9,0) width 38: "\x{202C}(^cd"
        RenderBlock {P} at (0,385) size 964x19
          RenderText {#text} at (0,0) size 56x19
            text run at (0,0) width 39: "ab(^"
            text run at (39,0) width 17 RTL: "\x{5D2}\x{5D3}"
        RenderBlock {P} at (0,420) size 964x19
          RenderText {#text} at (0,0) size 56x19
            text run at (0,0) width 56 RTL: "\x{5D0}\x{5D1}(^\x{5D2}\x{5D3}"
        RenderBlock {P} at (0,455) size 964x19
          RenderText {#text} at (0,0) size 55x19
            text run at (0,0) width 55 RTL: "\x{627}\x{628}(^\x{5D2}\x{5D3}"
        RenderBlock {P} at (0,490) size 964x19
          RenderText {#text} at (0,0) size 76x19
            text run at (0,0) width 59: "ab12(^"
            text run at (59,0) width 17 RTL: "\x{5D2}\x{5D3}"
        RenderBlock {P} at (0,525) size 964x19
          RenderText {#text} at (0,0) size 76x19
            text run at (0,0) width 36 RTL: "(^\x{5D2}\x{5D3}"
            text run at (36,0) width 20: "12"
            text run at (56,0) width 20 RTL: "\x{5D0}\x{5D1}"
        RenderBlock {P} at (0,560) size 964x19
          RenderText {#text} at (0,0) size 75x19
            text run at (0,0) width 36 RTL: "(^\x{5D2}\x{5D3}"
            text run at (36,0) width 20: "12"
            text run at (56,0) width 19 RTL: "\x{627}\x{628}"
        RenderBlock {P} at (0,595) size 964x19
          RenderText {#text} at (0,0) size 74x19
            text run at (0,0) width 20: "ab"
            text run at (20,0) width 36 RTL: "(^\x{5D2}\x{5D3}"
            text run at (56,0) width 18: "\x{661}\x{662}"
        RenderBlock {P} at (0,630) size 964x19
          RenderText {#text} at (0,0) size 74x19
            text run at (0,0) width 36 RTL: "(^\x{5D2}\x{5D3}"
            text run at (36,0) width 18: "\x{661}\x{662}"
            text run at (54,0) width 20 RTL: "\x{5D0}\x{5D1}"
        RenderBlock {P} at (0,665) size 964x19
          RenderText {#text} at (0,0) size 73x19
            text run at (0,0) width 36 RTL: "(^\x{5D2}\x{5D3}"
            text run at (36,0) width 18: "\x{661}\x{662}"
            text run at (54,0) width 19 RTL: "\x{627}\x{628}"
        RenderBlock {P} at (0,700) size 964x19
          RenderText {#text} at (0,0) size 45x19
            text run at (0,0) width 9: "\x{202A}?"
            text run at (9,0) width 19: "\x{202C}(^"
            text run at (28,0) width 17 RTL: "\x{5D2}\x{5D3}"
        RenderBlock {P} at (0,735) size 964x19
          RenderText {#text} at (0,0) size 45x19
            text run at (0,0) width 36 RTL: "\x{202C}(^\x{5D2}\x{5D3}"
            text run at (36,0) width 9 RTL: "\x{202B}?"
        RenderBlock {P} at (0,770) size 964x19
          RenderText {#text} at (0,0) size 57x19
            text run at (0,0) width 39: "ab(^"
            text run at (39,0) width 18 RTL: "\x{62C}\x{62F}"
        RenderBlock {P} at (0,805) size 964x19
          RenderText {#text} at (0,0) size 57x19
            text run at (0,0) width 57 RTL: "\x{5D0}\x{5D1}(^\x{62C}\x{62F}"
        RenderBlock {P} at (0,840) size 964x19
          RenderText {#text} at (0,0) size 56x19
            text run at (0,0) width 56 RTL: "\x{627}\x{628}(^\x{62C}\x{62F}"
        RenderBlock {P} at (0,875) size 964x19
          RenderText {#text} at (0,0) size 77x19
            text run at (0,0) width 59: "ab12(^"
            text run at (59,0) width 18 RTL: "\x{62C}\x{62F}"
        RenderBlock {P} at (0,910) size 964x19
          RenderText {#text} at (0,0) size 77x19
            text run at (0,0) width 37 RTL: "(^\x{62C}\x{62F}"
            text run at (37,0) width 20: "12"
            text run at (57,0) width 20 RTL: "\x{5D0}\x{5D1}"
        RenderBlock {P} at (0,945) size 964x19
          RenderText {#text} at (0,0) size 76x19
            text run at (0,0) width 37 RTL: "(^\x{62C}\x{62F}"
            text run at (37,0) width 20: "12"
            text run at (57,0) width 19 RTL: "\x{627}\x{628}"
        RenderBlock {P} at (0,980) size 964x19
          RenderText {#text} at (0,0) size 75x19
            text run at (0,0) width 20: "ab"
            text run at (20,0) width 37 RTL: "(^\x{62C}\x{62F}"
            text run at (57,0) width 18: "\x{661}\x{662}"
        RenderBlock {P} at (0,1015) size 964x19
          RenderText {#text} at (0,0) size 75x19
            text run at (0,0) width 37 RTL: "(^\x{62C}\x{62F}"
            text run at (37,0) width 18: "\x{661}\x{662}"
            text run at (55,0) width 20 RTL: "\x{5D0}\x{5D1}"
        RenderBlock {P} at (0,1050) size 964x19
          RenderText {#text} at (0,0) size 74x19
            text run at (0,0) width 37 RTL: "(^\x{62C}\x{62F}"
            text run at (37,0) width 18: "\x{661}\x{662}"
            text run at (55,0) width 19 RTL: "\x{627}\x{628}"
        RenderBlock {P} at (0,1085) size 964x19
          RenderText {#text} at (0,0) size 46x19
            text run at (0,0) width 9: "\x{202A}?"
            text run at (9,0) width 19: "\x{202C}(^"
            text run at (28,0) width 18 RTL: "\x{62C}\x{62F}"
        RenderBlock {P} at (0,1120) size 964x19
          RenderText {#text} at (0,0) size 46x19
            text run at (0,0) width 37 RTL: "\x{202C}(^\x{62C}\x{62F}"
            text run at (37,0) width 9 RTL: "\x{202B}?"
        RenderBlock {P} at (0,1155) size 964x19
          RenderText {#text} at (0,0) size 80x19
            text run at (0,0) width 59: "ab(^34"
            text run at (59,0) width 13 RTL: "\x{5E9}"
            text run at (72,0) width 8: "z"
        RenderBlock {P} at (0,1190) size 964x19
          RenderText {#text} at (0,0) size 80x19
            text run at (0,0) width 13 RTL: "\x{5E9}"
            text run at (13,0) width 20: "34"
            text run at (33,0) width 39 RTL: "\x{5D0}\x{5D1}(^"
            text run at (72,0) width 8: "z"
        RenderBlock {P} at (0,1225) size 964x19
          RenderText {#text} at (0,0) size 79x19
            text run at (0,0) width 13 RTL: "\x{5E9}"
            text run at (13,0) width 20: "34"
            text run at (33,0) width 38 RTL: "\x{627}\x{628}(^"
            text run at (71,0) width 8: "z"
        RenderBlock {P} at (0,1260) size 964x19
          RenderText {#text} at (0,0) size 100x19
            text run at (0,0) width 79: "ab12(^34"
            text run at (79,0) width 13 RTL: "\x{5E9}"
            text run at (92,0) width 8: "z"
        RenderBlock {P} at (0,1295) size 964x19
          RenderText {#text} at (0,0) size 100x19
            text run at (0,0) width 13 RTL: "\x{5E9}"
            text run at (13,0) width 20: "34"
            text run at (33,0) width 19 RTL: "(^"
            text run at (52,0) width 20: "12"
            text run at (72,0) width 20 RTL: "\x{5D0}\x{5D1}"
            text run at (92,0) width 8: "z"
        RenderBlock {P} at (0,1330) size 964x19
          RenderText {#text} at (0,0) size 99x19
            text run at (0,0) width 13 RTL: "\x{5E9}"
            text run at (13,0) width 20: "34"
            text run at (33,0) width 19 RTL: "(^"
            text run at (52,0) width 20: "12"
            text run at (72,0) width 19 RTL: "\x{627}\x{628}"
            text run at (91,0) width 8: "z"
        RenderBlock {P} at (0,1365) size 964x19
          RenderText {#text} at (0,0) size 98x19
            text run at (0,0) width 20: "ab"
            text run at (20,0) width 18: "\x{661}\x{662}"
            text run at (38,0) width 39: "(^34"
            text run at (77,0) width 13 RTL: "\x{5E9}"
            text run at (90,0) width 8: "z"
        RenderBlock {P} at (0,1400) size 964x19
          RenderText {#text} at (0,0) size 98x19
            text run at (0,0) width 13 RTL: "\x{5E9}"
            text run at (13,0) width 20: "34"
            text run at (33,0) width 19 RTL: "(^"
            text run at (52,0) width 18: "\x{661}\x{662}"
            text run at (70,0) width 20 RTL: "\x{5D0}\x{5D1}"
            text run at (90,0) width 8: "z"
        RenderBlock {P} at (0,1435) size 964x19
          RenderText {#text} at (0,0) size 97x19
            text run at (0,0) width 13 RTL: "\x{5E9}"
            text run at (13,0) width 20: "34"
            text run at (33,0) width 19 RTL: "(^"
            text run at (52,0) width 18: "\x{661}\x{662}"
            text run at (70,0) width 19 RTL: "\x{627}\x{628}"
            text run at (89,0) width 8: "z"
        RenderBlock {P} at (0,1470) size 964x19
          RenderText {#text} at (0,0) size 69x19
            text run at (0,0) width 9: "\x{202A}?"
            text run at (9,0) width 39: "\x{202C}(^34"
            text run at (48,0) width 13 RTL: "\x{5E9}"
            text run at (61,0) width 8: "z"
        RenderBlock {P} at (0,1505) size 964x19
          RenderText {#text} at (0,0) size 69x19
            text run at (0,0) width 13 RTL: "\x{5E9}"
            text run at (13,0) width 20: "34"
            text run at (33,0) width 19 RTL: "\x{202C}(^"
            text run at (52,0) width 9 RTL: "\x{202B}?"
            text run at (61,0) width 8: "z"
        RenderBlock {P} at (0,1540) size 964x19
          RenderText {#text} at (0,0) size 78x19
            text run at (0,0) width 39: "ab(^"
            text run at (39,0) width 13 RTL: "\x{5E9}"
            text run at (52,0) width 18: "\x{663}\x{664}"
            text run at (70,0) width 8: "z"
        RenderBlock {P} at (0,1575) size 964x19
          RenderText {#text} at (0,0) size 78x19
            text run at (0,0) width 13 RTL: "\x{5E9}"
            text run at (13,0) width 18: "\x{663}\x{664}"
            text run at (31,0) width 39 RTL: "\x{5D0}\x{5D1}(^"
            text run at (70,0) width 8: "z"
        RenderBlock {P} at (0,1610) size 964x19
          RenderText {#text} at (0,0) size 77x19
            text run at (0,0) width 13 RTL: "\x{5E9}"
            text run at (13,0) width 18: "\x{663}\x{664}"
            text run at (31,0) width 38 RTL: "\x{627}\x{628}(^"
            text run at (69,0) width 8: "z"
        RenderBlock {P} at (0,1645) size 964x19
          RenderText {#text} at (0,0) size 98x19
            text run at (0,0) width 59: "ab12(^"
            text run at (59,0) width 13 RTL: "\x{5E9}"
            text run at (72,0) width 18: "\x{663}\x{664}"
            text run at (90,0) width 8: "z"
        RenderBlock {P} at (0,1680) size 964x19
          RenderText {#text} at (0,0) size 98x19
            text run at (0,0) width 13 RTL: "\x{5E9}"
            text run at (13,0) width 18: "\x{663}\x{664}"
            text run at (31,0) width 19 RTL: "(^"
            text run at (50,0) width 20: "12"
            text run at (70,0) width 20 RTL: "\x{5D0}\x{5D1}"
            text run at (90,0) width 8: "z"
        RenderBlock {P} at (0,1715) size 964x19
          RenderText {#text} at (0,0) size 97x19
            text run at (0,0) width 13 RTL: "\x{5E9}"
            text run at (13,0) width 18: "\x{663}\x{664}"
            text run at (31,0) width 19 RTL: "(^"
            text run at (50,0) width 20: "12"
            text run at (70,0) width 19 RTL: "\x{627}\x{628}"
            text run at (89,0) width 8: "z"
        RenderBlock {P} at (0,1750) size 964x19
          RenderText {#text} at (0,0) size 96x19
            text run at (0,0) width 20: "ab"
            text run at (20,0) width 13 RTL: "\x{5E9}"
            text run at (33,0) width 18: "\x{663}\x{664}"
            text run at (51,0) width 19 RTL: "(^"
            text run at (70,0) width 18: "\x{661}\x{662}"
            text run at (88,0) width 8: "z"
        RenderBlock {P} at (0,1785) size 964x19
          RenderText {#text} at (0,0) size 96x19
            text run at (0,0) width 13 RTL: "\x{5E9}"
            text run at (13,0) width 18: "\x{663}\x{664}"
            text run at (31,0) width 19 RTL: "(^"
            text run at (50,0) width 18: "\x{661}\x{662}"
            text run at (68,0) width 20 RTL: "\x{5D0}\x{5D1}"
            text run at (88,0) width 8: "z"
        RenderBlock {P} at (0,1820) size 964x19
          RenderText {#text} at (0,0) size 95x19
            text run at (0,0) width 13 RTL: "\x{5E9}"
            text run at (13,0) width 18: "\x{663}\x{664}"
            text run at (31,0) width 19 RTL: "(^"
            text run at (50,0) width 18: "\x{661}\x{662}"
            text run at (68,0) width 19 RTL: "\x{627}\x{628}"
            text run at (87,0) width 8: "z"
        RenderBlock {P} at (0,1855) size 964x19
          RenderText {#text} at (0,0) size 67x19
            text run at (0,0) width 9: "\x{202A}?"
            text run at (9,0) width 19: "\x{202C}(^"
            text run at (28,0) width 13 RTL: "\x{5E9}"
            text run at (41,0) width 18: "\x{663}\x{664}"
            text run at (59,0) width 8: "z"
        RenderBlock {P} at (0,1890) size 964x19
          RenderText {#text} at (0,0) size 67x19
            text run at (0,0) width 13 RTL: "\x{5E9}"
            text run at (13,0) width 18: "\x{663}\x{664}"
            text run at (31,0) width 19 RTL: "\x{202C}(^"
            text run at (50,0) width 9 RTL: "\x{202B}?"
            text run at (59,0) width 8: "z"
        RenderBlock {P} at (0,1925) size 964x19
          RenderText {#text} at (0,0) size 45x19
            text run at (0,0) width 39: "ab(^"
            text run at (39,0) width 6: "\x{202A}!"
            text run at (45,0) width 0: "\x{202C}"
        RenderBlock {P} at (0,1960) size 964x19
          RenderText {#text} at (0,0) size 45x19
            text run at (0,0) width 20 RTL: "\x{5D0}\x{5D1}"
            text run at (20,0) width 19: "(^"
            text run at (39,0) width 6: "\x{202A}!"
            text run at (45,0) width 0: "\x{202C}"
        RenderBlock {P} at (0,1995) size 964x19
          RenderText {#text} at (0,0) size 44x19
            text run at (0,0) width 19 RTL: "\x{627}\x{628}"
            text run at (19,0) width 19: "(^"
            text run at (38,0) width 6: "\x{202A}!"
            text run at (44,0) width 0: "\x{202C}"
        RenderBlock {P} at (0,2030) size 964x19
          RenderText {#text} at (0,0) size 65x19
            text run at (0,0) width 59: "ab12(^"
            text run at (59,0) width 6: "\x{202A}!"
            text run at (65,0) width 0: "\x{202C}"
        RenderBlock {P} at (0,2065) size 964x19
          RenderText {#text} at (0,0) size 65x19
            text run at (0,0) width 20: "12"
            text run at (20,0) width 20 RTL: "\x{5D0}\x{5D1}"
            text run at (40,0) width 19: "(^"
            text run at (59,0) width 6: "\x{202A}!"
            text run at (65,0) width 0: "\x{202C}"
        RenderBlock {P} at (0,2100) size 964x19
          RenderText {#text} at (0,0) size 64x19
            text run at (0,0) width 20: "12"
            text run at (20,0) width 19 RTL: "\x{627}\x{628}"
            text run at (39,0) width 19: "(^"
            text run at (58,0) width 6: "\x{202A}!"
            text run at (64,0) width 0: "\x{202C}"
        RenderBlock {P} at (0,2135) size 964x19
          RenderText {#text} at (0,0) size 63x19
            text run at (0,0) width 20: "ab"
            text run at (20,0) width 18: "\x{661}\x{662}"
            text run at (38,0) width 19: "(^"
            text run at (57,0) width 6: "\x{202A}!"
            text run at (63,0) width 0: "\x{202C}"
        RenderBlock {P} at (0,2170) size 964x19
          RenderText {#text} at (0,0) size 63x19
            text run at (0,0) width 18: "\x{661}\x{662}"
            text run at (18,0) width 20 RTL: "\x{5D0}\x{5D1}"
            text run at (38,0) width 19: "(^"
            text run at (57,0) width 6: "\x{202A}!"
            text run at (63,0) width 0: "\x{202C}"
        RenderBlock {P} at (0,2205) size 964x19
          RenderText {#text} at (0,0) size 62x19
            text run at (0,0) width 18: "\x{661}\x{662}"
            text run at (18,0) width 19 RTL: "\x{627}\x{628}"
            text run at (37,0) width 19: "(^"
            text run at (56,0) width 6: "\x{202A}!"
            text run at (62,0) width 0: "\x{202C}"
        RenderBlock {P} at (0,2240) size 964x19
          RenderText {#text} at (0,0) size 34x19
            text run at (0,0) width 9: "\x{202A}?"
            text run at (9,0) width 19: "\x{202C}(^"
            text run at (28,0) width 6: "\x{202A}!"
            text run at (34,0) width 0: "\x{202C}"
        RenderBlock {P} at (0,2275) size 964x19
          RenderText {#text} at (0,0) size 34x19
            text run at (0,0) width 9 RTL: "\x{202B}?"
            text run at (9,0) width 19: "\x{202C}(^"
            text run at (28,0) width 6: "\x{202A}!"
            text run at (34,0) width 0: "\x{202C}"
        RenderBlock {P} at (0,2310) size 964x19
          RenderText {#text} at (0,0) size 45x19
            text run at (0,0) width 39: "ab(^"
            text run at (39,0) width 6 RTL: "\x{202B}!"
            text run at (45,0) width 0: "\x{202C}"
        RenderBlock {P} at (0,2345) size 964x19
          RenderText {#text} at (0,0) size 45x19
            text run at (0,0) width 6 RTL: "\x{202B}!"
            text run at (6,0) width 39 RTL: "\x{5D0}\x{5D1}(^"
            text run at (45,0) width 0: "\x{202C}"
        RenderBlock {P} at (0,2380) size 964x19
          RenderText {#text} at (0,0) size 44x19
            text run at (0,0) width 6 RTL: "\x{202B}!"
            text run at (6,0) width 38 RTL: "\x{627}\x{628}(^"
            text run at (44,0) width 0: "\x{202C}"
        RenderBlock {P} at (0,2415) size 964x19
          RenderText {#text} at (0,0) size 65x19
            text run at (0,0) width 59: "ab12(^"
            text run at (59,0) width 6 RTL: "\x{202B}!"
            text run at (65,0) width 0: "\x{202C}"
        RenderBlock {P} at (0,2450) size 964x19
          RenderText {#text} at (0,0) size 65x19
            text run at (0,0) width 6 RTL: "\x{202B}!"
            text run at (6,0) width 19 RTL: "(^"
            text run at (25,0) width 20: "12"
            text run at (45,0) width 20 RTL: "\x{5D0}\x{5D1}"
            text run at (65,0) width 0: "\x{202C}"
        RenderBlock {P} at (0,2485) size 964x19
          RenderText {#text} at (0,0) size 64x19
            text run at (0,0) width 6 RTL: "\x{202B}!"
            text run at (6,0) width 19 RTL: "(^"
            text run at (25,0) width 20: "12"
            text run at (45,0) width 19 RTL: "\x{627}\x{628}"
            text run at (64,0) width 0: "\x{202C}"
        RenderBlock {P} at (0,2520) size 964x19
          RenderText {#text} at (0,0) size 63x19
            text run at (0,0) width 20: "ab"
            text run at (20,0) width 6 RTL: "\x{202B}!"
            text run at (26,0) width 19 RTL: "(^"
            text run at (45,0) width 18: "\x{661}\x{662}"
            text run at (63,0) width 0: "\x{202C}"
        RenderBlock {P} at (0,2555) size 964x19
          RenderText {#text} at (0,0) size 63x19
            text run at (0,0) width 6 RTL: "\x{202B}!"
            text run at (6,0) width 19 RTL: "(^"
            text run at (25,0) width 18: "\x{661}\x{662}"
            text run at (43,0) width 20 RTL: "\x{5D0}\x{5D1}"
            text run at (63,0) width 0: "\x{202C}"
        RenderBlock {P} at (0,2590) size 964x19
          RenderText {#text} at (0,0) size 62x19
            text run at (0,0) width 6 RTL: "\x{202B}!"
            text run at (6,0) width 19 RTL: "(^"
            text run at (25,0) width 18: "\x{661}\x{662}"
            text run at (43,0) width 19 RTL: "\x{627}\x{628}"
            text run at (62,0) width 0: "\x{202C}"
        RenderBlock {P} at (0,2625) size 964x19
          RenderText {#text} at (0,0) size 34x19
            text run at (0,0) width 9: "\x{202A}?"
            text run at (9,0) width 19: "\x{202C}(^"
            text run at (28,0) width 6 RTL: "\x{202B}!"
            text run at (34,0) width 0: "\x{202C}"
        RenderBlock {P} at (0,2660) size 964x19
          RenderText {#text} at (0,0) size 34x19
            text run at (0,0) width 6 RTL: "\x{202B}!"
            text run at (6,0) width 19 RTL: "\x{202C}(^"
            text run at (25,0) width 9 RTL: "\x{202B}?"
            text run at (34,0) width 0: "\x{202C}"
        RenderBlock {P} at (0,2695) size 964x19
          RenderText {#text} at (0,0) size 39x19
            text run at (0,0) width 39: "\x{202A}ab(^"
            text run at (39,0) width 0: "\x{202C}"
        RenderBlock {P} at (0,2730) size 964x19
          RenderText {#text} at (0,0) size 39x19
            text run at (0,0) width 20 RTL: "\x{202A}\x{5D0}\x{5D1}"
            text run at (20,0) width 19: "(^"
            text run at (39,0) width 0: "\x{202C}"
        RenderBlock {P} at (0,2765) size 964x19
          RenderText {#text} at (0,0) size 38x19
            text run at (0,0) width 19 RTL: "\x{202A}\x{627}\x{628}"
            text run at (19,0) width 19: "(^"
            text run at (38,0) width 0: "\x{202C}"
        RenderBlock {P} at (0,2800) size 964x19
          RenderText {#text} at (0,0) size 59x19
            text run at (0,0) width 59: "\x{202A}ab12(^"
            text run at (59,0) width 0: "\x{202C}"
        RenderBlock {P} at (0,2835) size 964x19
          RenderText {#text} at (0,0) size 59x19
            text run at (0,0) width 20: "12"
            text run at (20,0) width 20 RTL: "\x{202A}\x{5D0}\x{5D1}"
            text run at (40,0) width 19: "(^"
            text run at (59,0) width 0: "\x{202C}"
        RenderBlock {P} at (0,2870) size 964x19
          RenderText {#text} at (0,0) size 58x19
            text run at (0,0) width 20: "12"
            text run at (20,0) width 19 RTL: "\x{202A}\x{627}\x{628}"
            text run at (39,0) width 19: "(^"
            text run at (58,0) width 0: "\x{202C}"
        RenderBlock {P} at (0,2905) size 964x19
          RenderText {#text} at (0,0) size 57x19
            text run at (0,0) width 20: "\x{202A}ab"
            text run at (20,0) width 18: "\x{661}\x{662}"
            text run at (38,0) width 19: "(^"
            text run at (57,0) width 0: "\x{202C}"
        RenderBlock {P} at (0,2940) size 964x19
          RenderText {#text} at (0,0) size 57x19
            text run at (0,0) width 18: "\x{661}\x{662}"
            text run at (18,0) width 20 RTL: "\x{202A}\x{5D0}\x{5D1}"
            text run at (38,0) width 19: "(^"
            text run at (57,0) width 0: "\x{202C}"
        RenderBlock {P} at (0,2975) size 964x19
          RenderText {#text} at (0,0) size 56x19
            text run at (0,0) width 18: "\x{661}\x{662}"
            text run at (18,0) width 19 RTL: "\x{202A}\x{627}\x{628}"
            text run at (37,0) width 19: "(^"
            text run at (56,0) width 0: "\x{202C}"
        RenderBlock {P} at (0,3010) size 964x19
          RenderText {#text} at (0,0) size 28x19
            text run at (0,0) width 0: "\x{202A}"
            text run at (0,0) width 9: "\x{202A}?"
            text run at (9,0) width 19: "\x{202C}(^"
            text run at (28,0) width 0: "\x{202C}"
        RenderBlock {P} at (0,3045) size 964x19
          RenderText {#text} at (0,0) size 28x19
            text run at (0,0) width 0: "\x{202A}"
            text run at (0,0) width 9 RTL: "\x{202B}?"
            text run at (9,0) width 19: "\x{202C}(^"
            text run at (28,0) width 0: "\x{202C}"
      RenderBlock {DIV} at (0,3115) size 964x3064
        RenderBlock {P} at (0,0) size 964x19
          RenderText {#text} at (0,0) size 58x19
            text run at (0,0) width 58: "ab(^cd"
        RenderBlock {P} at (0,35) size 964x19
          RenderText {#text} at (0,0) size 58x19
            text run at (0,0) width 19: "cd"
            text run at (19,0) width 39 RTL: "\x{5D0}\x{5D1}(^"
        RenderBlock {P} at (0,70) size 964x19
          RenderText {#text} at (0,0) size 57x19
            text run at (0,0) width 19: "cd"
            text run at (19,0) width 38 RTL: "\x{627}\x{628}(^"
        RenderBlock {P} at (0,105) size 964x19
          RenderText {#text} at (0,0) size 78x19
            text run at (0,0) width 78: "ab12(^cd"
        RenderBlock {P} at (0,140) size 964x19
          RenderText {#text} at (0,0) size 78x19
            text run at (0,0) width 19: "cd"
            text run at (19,0) width 19 RTL: "(^"
            text run at (38,0) width 20: "12"
            text run at (58,0) width 20 RTL: "\x{5D0}\x{5D1}"
        RenderBlock {P} at (0,175) size 964x19
          RenderText {#text} at (0,0) size 77x19
            text run at (0,0) width 19: "cd"
            text run at (19,0) width 19 RTL: "(^"
            text run at (38,0) width 20: "12"
            text run at (58,0) width 19 RTL: "\x{627}\x{628}"
        RenderBlock {P} at (0,210) size 964x19
          RenderText {#text} at (0,0) size 76x19
            text run at (0,0) width 19: "cd"
            text run at (19,0) width 19 RTL: "(^"
            text run at (38,0) width 38: "ab\x{661}\x{662}"
        RenderBlock {P} at (0,245) size 964x19
          RenderText {#text} at (0,0) size 76x19
            text run at (0,0) width 19: "cd"
            text run at (19,0) width 19 RTL: "(^"
            text run at (38,0) width 18: "\x{661}\x{662}"
            text run at (56,0) width 20 RTL: "\x{5D0}\x{5D1}"
        RenderBlock {P} at (0,280) size 964x19
          RenderText {#text} at (0,0) size 75x19
            text run at (0,0) width 19: "cd"
            text run at (19,0) width 19 RTL: "(^"
            text run at (38,0) width 18: "\x{661}\x{662}"
            text run at (56,0) width 19 RTL: "\x{627}\x{628}"
        RenderBlock {P} at (0,315) size 964x19
          RenderText {#text} at (0,0) size 47x19
            text run at (0,0) width 9: "\x{202A}?"
            text run at (9,0) width 38: "\x{202C}(^cd"
        RenderBlock {P} at (0,350) size 964x19
          RenderText {#text} at (0,0) size 47x19
            text run at (0,0) width 19: "cd"
            text run at (19,0) width 19 RTL: "\x{202C}(^"
            text run at (38,0) width 9 RTL: "\x{202B}?"
        RenderBlock {P} at (0,385) size 964x19
          RenderText {#text} at (0,0) size 56x19
            text run at (0,0) width 36 RTL: "(^\x{5D2}\x{5D3}"
            text run at (36,0) width 20: "ab"
        RenderBlock {P} at (0,420) size 964x19
          RenderText {#text} at (0,0) size 56x19
            text run at (0,0) width 56 RTL: "\x{5D0}\x{5D1}(^\x{5D2}\x{5D3}"
        RenderBlock {P} at (0,455) size 964x19
          RenderText {#text} at (0,0) size 55x19
            text run at (0,0) width 55 RTL: "\x{627}\x{628}(^\x{5D2}\x{5D3}"
        RenderBlock {P} at (0,490) size 964x19
          RenderText {#text} at (0,0) size 76x19
            text run at (0,0) width 36 RTL: "(^\x{5D2}\x{5D3}"
            text run at (36,0) width 40: "ab12"
        RenderBlock {P} at (0,525) size 964x19
          RenderText {#text} at (0,0) size 76x19
            text run at (0,0) width 36 RTL: "(^\x{5D2}\x{5D3}"
            text run at (36,0) width 20: "12"
            text run at (56,0) width 20 RTL: "\x{5D0}\x{5D1}"
        RenderBlock {P} at (0,560) size 964x19
          RenderText {#text} at (0,0) size 75x19
            text run at (0,0) width 36 RTL: "(^\x{5D2}\x{5D3}"
            text run at (36,0) width 20: "12"
            text run at (56,0) width 19 RTL: "\x{627}\x{628}"
        RenderBlock {P} at (0,595) size 964x19
          RenderText {#text} at (0,0) size 74x19
            text run at (0,0) width 36 RTL: "(^\x{5D2}\x{5D3}"
            text run at (36,0) width 38: "ab\x{661}\x{662}"
        RenderBlock {P} at (0,630) size 964x19
          RenderText {#text} at (0,0) size 74x19
            text run at (0,0) width 36 RTL: "(^\x{5D2}\x{5D3}"
            text run at (36,0) width 18: "\x{661}\x{662}"
            text run at (54,0) width 20 RTL: "\x{5D0}\x{5D1}"
        RenderBlock {P} at (0,665) size 964x19
          RenderText {#text} at (0,0) size 73x19
            text run at (0,0) width 36 RTL: "(^\x{5D2}\x{5D3}"
            text run at (36,0) width 18: "\x{661}\x{662}"
            text run at (54,0) width 19 RTL: "\x{627}\x{628}"
        RenderBlock {P} at (0,700) size 964x19
          RenderText {#text} at (0,0) size 45x19
            text run at (0,0) width 36 RTL: "\x{202C}(^\x{5D2}\x{5D3}"
            text run at (36,0) width 9: "\x{202A}?"
        RenderBlock {P} at (0,735) size 964x19
          RenderText {#text} at (0,0) size 45x19
            text run at (0,0) width 36 RTL: "\x{202C}(^\x{5D2}\x{5D3}"
            text run at (36,0) width 9 RTL: "\x{202B}?"
        RenderBlock {P} at (0,770) size 964x19
          RenderText {#text} at (0,0) size 57x19
            text run at (0,0) width 37 RTL: "(^\x{62C}\x{62F}"
            text run at (37,0) width 20: "ab"
        RenderBlock {P} at (0,805) size 964x19
          RenderText {#text} at (0,0) size 57x19
            text run at (0,0) width 57 RTL: "\x{5D0}\x{5D1}(^\x{62C}\x{62F}"
        RenderBlock {P} at (0,840) size 964x19
          RenderText {#text} at (0,0) size 56x19
            text run at (0,0) width 56 RTL: "\x{627}\x{628}(^\x{62C}\x{62F}"
        RenderBlock {P} at (0,875) size 964x19
          RenderText {#text} at (0,0) size 77x19
            text run at (0,0) width 37 RTL: "(^\x{62C}\x{62F}"
            text run at (37,0) width 40: "ab12"
        RenderBlock {P} at (0,910) size 964x19
          RenderText {#text} at (0,0) size 77x19
            text run at (0,0) width 37 RTL: "(^\x{62C}\x{62F}"
            text run at (37,0) width 20: "12"
            text run at (57,0) width 20 RTL: "\x{5D0}\x{5D1}"
        RenderBlock {P} at (0,945) size 964x19
          RenderText {#text} at (0,0) size 76x19
            text run at (0,0) width 37 RTL: "(^\x{62C}\x{62F}"
            text run at (37,0) width 20: "12"
            text run at (57,0) width 19 RTL: "\x{627}\x{628}"
        RenderBlock {P} at (0,980) size 964x19
          RenderText {#text} at (0,0) size 75x19
            text run at (0,0) width 37 RTL: "(^\x{62C}\x{62F}"
            text run at (37,0) width 38: "ab\x{661}\x{662}"
        RenderBlock {P} at (0,1015) size 964x19
          RenderText {#text} at (0,0) size 75x19
            text run at (0,0) width 37 RTL: "(^\x{62C}\x{62F}"
            text run at (37,0) width 18: "\x{661}\x{662}"
            text run at (55,0) width 20 RTL: "\x{5D0}\x{5D1}"
        RenderBlock {P} at (0,1050) size 964x19
          RenderText {#text} at (0,0) size 74x19
            text run at (0,0) width 37 RTL: "(^\x{62C}\x{62F}"
            text run at (37,0) width 18: "\x{661}\x{662}"
            text run at (55,0) width 19 RTL: "\x{627}\x{628}"
        RenderBlock {P} at (0,1085) size 964x19
          RenderText {#text} at (0,0) size 46x19
            text run at (0,0) width 37 RTL: "\x{202C}(^\x{62C}\x{62F}"
            text run at (37,0) width 9: "\x{202A}?"
        RenderBlock {P} at (0,1120) size 964x19
          RenderText {#text} at (0,0) size 46x19
            text run at (0,0) width 37 RTL: "\x{202C}(^\x{62C}\x{62F}"
            text run at (37,0) width 9 RTL: "\x{202B}?"
        RenderBlock {P} at (0,1155) size 964x19
          RenderText {#text} at (0,0) size 80x19
            text run at (0,0) width 8: "z"
            text run at (8,0) width 13 RTL: "\x{5E9}"
            text run at (21,0) width 59: "ab(^34"
        RenderBlock {P} at (0,1190) size 964x19
          RenderText {#text} at (0,0) size 80x19
            text run at (0,0) width 8: "z"
            text run at (8,0) width 13 RTL: "\x{5E9}"
            text run at (21,0) width 20: "34"
            text run at (41,0) width 39 RTL: "\x{5D0}\x{5D1}(^"
        RenderBlock {P} at (0,1225) size 964x19
          RenderText {#text} at (0,0) size 79x19
            text run at (0,0) width 8: "z"
            text run at (8,0) width 13 RTL: "\x{5E9}"
            text run at (21,0) width 20: "34"
            text run at (41,0) width 38 RTL: "\x{627}\x{628}(^"
        RenderBlock {P} at (0,1260) size 964x19
          RenderText {#text} at (0,0) size 100x19
            text run at (0,0) width 8: "z"
            text run at (8,0) width 13 RTL: "\x{5E9}"
            text run at (21,0) width 79: "ab12(^34"
        RenderBlock {P} at (0,1295) size 964x19
          RenderText {#text} at (0,0) size 100x19
            text run at (0,0) width 8: "z"
            text run at (8,0) width 13 RTL: "\x{5E9}"
            text run at (21,0) width 20: "34"
            text run at (41,0) width 19 RTL: "(^"
            text run at (60,0) width 20: "12"
            text run at (80,0) width 20 RTL: "\x{5D0}\x{5D1}"
        RenderBlock {P} at (0,1330) size 964x19
          RenderText {#text} at (0,0) size 99x19
            text run at (0,0) width 8: "z"
            text run at (8,0) width 13 RTL: "\x{5E9}"
            text run at (21,0) width 20: "34"
            text run at (41,0) width 19 RTL: "(^"
            text run at (60,0) width 20: "12"
            text run at (80,0) width 19 RTL: "\x{627}\x{628}"
        RenderBlock {P} at (0,1365) size 964x19
          RenderText {#text} at (0,0) size 98x19
            text run at (0,0) width 8: "z"
            text run at (8,0) width 13 RTL: "\x{5E9}"
            text run at (21,0) width 20: "34"
            text run at (41,0) width 19 RTL: "(^"
            text run at (60,0) width 38: "ab\x{661}\x{662}"
        RenderBlock {P} at (0,1400) size 964x19
          RenderText {#text} at (0,0) size 98x19
            text run at (0,0) width 8: "z"
            text run at (8,0) width 13 RTL: "\x{5E9}"
            text run at (21,0) width 20: "34"
            text run at (41,0) width 19 RTL: "(^"
            text run at (60,0) width 18: "\x{661}\x{662}"
            text run at (78,0) width 20 RTL: "\x{5D0}\x{5D1}"
        RenderBlock {P} at (0,1435) size 964x19
          RenderText {#text} at (0,0) size 97x19
            text run at (0,0) width 8: "z"
            text run at (8,0) width 13 RTL: "\x{5E9}"
            text run at (21,0) width 20: "34"
            text run at (41,0) width 19 RTL: "(^"
            text run at (60,0) width 18: "\x{661}\x{662}"
            text run at (78,0) width 19 RTL: "\x{627}\x{628}"
        RenderBlock {P} at (0,1470) size 964x19
          RenderText {#text} at (0,0) size 69x19
            text run at (0,0) width 8: "z"
            text run at (8,0) width 13 RTL: "\x{5E9}"
            text run at (21,0) width 9: "\x{202A}?"
            text run at (30,0) width 39: "\x{202C}(^34"
        RenderBlock {P} at (0,1505) size 964x19
          RenderText {#text} at (0,0) size 69x19
            text run at (0,0) width 8: "z"
            text run at (8,0) width 13 RTL: "\x{5E9}"
            text run at (21,0) width 20: "34"
            text run at (41,0) width 19 RTL: "\x{202C}(^"
            text run at (60,0) width 9 RTL: "\x{202B}?"
        RenderBlock {P} at (0,1540) size 964x19
          RenderText {#text} at (0,0) size 78x19
            text run at (0,0) width 8: "z"
            text run at (8,0) width 13 RTL: "\x{5E9}"
            text run at (21,0) width 18: "\x{663}\x{664}"
            text run at (39,0) width 19 RTL: "(^"
            text run at (58,0) width 20: "ab"
        RenderBlock {P} at (0,1575) size 964x19
          RenderText {#text} at (0,0) size 78x19
            text run at (0,0) width 8: "z"
            text run at (8,0) width 13 RTL: "\x{5E9}"
            text run at (21,0) width 18: "\x{663}\x{664}"
            text run at (39,0) width 39 RTL: "\x{5D0}\x{5D1}(^"
        RenderBlock {P} at (0,1610) size 964x19
          RenderText {#text} at (0,0) size 77x19
            text run at (0,0) width 8: "z"
            text run at (8,0) width 13 RTL: "\x{5E9}"
            text run at (21,0) width 18: "\x{663}\x{664}"
            text run at (39,0) width 38 RTL: "\x{627}\x{628}(^"
        RenderBlock {P} at (0,1645) size 964x19
          RenderText {#text} at (0,0) size 98x19
            text run at (0,0) width 8: "z"
            text run at (8,0) width 13 RTL: "\x{5E9}"
            text run at (21,0) width 18: "\x{663}\x{664}"
            text run at (39,0) width 19 RTL: "(^"
            text run at (58,0) width 40: "ab12"
        RenderBlock {P} at (0,1680) size 964x19
          RenderText {#text} at (0,0) size 98x19
            text run at (0,0) width 8: "z"
            text run at (8,0) width 13 RTL: "\x{5E9}"
            text run at (21,0) width 18: "\x{663}\x{664}"
            text run at (39,0) width 19 RTL: "(^"
            text run at (58,0) width 20: "12"
            text run at (78,0) width 20 RTL: "\x{5D0}\x{5D1}"
        RenderBlock {P} at (0,1715) size 964x19
          RenderText {#text} at (0,0) size 97x19
            text run at (0,0) width 8: "z"
            text run at (8,0) width 13 RTL: "\x{5E9}"
            text run at (21,0) width 18: "\x{663}\x{664}"
            text run at (39,0) width 19 RTL: "(^"
            text run at (58,0) width 20: "12"
            text run at (78,0) width 19 RTL: "\x{627}\x{628}"
        RenderBlock {P} at (0,1750) size 964x19
          RenderText {#text} at (0,0) size 96x19
            text run at (0,0) width 8: "z"
            text run at (8,0) width 13 RTL: "\x{5E9}"
            text run at (21,0) width 18: "\x{663}\x{664}"
            text run at (39,0) width 19 RTL: "(^"
            text run at (58,0) width 38: "ab\x{661}\x{662}"
        RenderBlock {P} at (0,1785) size 964x19
          RenderText {#text} at (0,0) size 96x19
            text run at (0,0) width 8: "z"
            text run at (8,0) width 13 RTL: "\x{5E9}"
            text run at (21,0) width 18: "\x{663}\x{664}"
            text run at (39,0) width 19 RTL: "(^"
            text run at (58,0) width 18: "\x{661}\x{662}"
            text run at (76,0) width 20 RTL: "\x{5D0}\x{5D1}"
        RenderBlock {P} at (0,1820) size 964x19
          RenderText {#text} at (0,0) size 95x19
            text run at (0,0) width 8: "z"
            text run at (8,0) width 13 RTL: "\x{5E9}"
            text run at (21,0) width 18: "\x{663}\x{664}"
            text run at (39,0) width 19 RTL: "(^"
            text run at (58,0) width 18: "\x{661}\x{662}"
            text run at (76,0) width 19 RTL: "\x{627}\x{628}"
        RenderBlock {P} at (0,1855) size 964x19
          RenderText {#text} at (0,0) size 67x19
            text run at (0,0) width 8: "z"
            text run at (8,0) width 13 RTL: "\x{5E9}"
            text run at (21,0) width 18: "\x{663}\x{664}"
            text run at (39,0) width 19 RTL: "\x{202C}(^"
            text run at (58,0) width 9: "\x{202A}?"
        RenderBlock {P} at (0,1890) size 964x19
          RenderText {#text} at (0,0) size 67x19
            text run at (0,0) width 8: "z"
            text run at (8,0) width 13 RTL: "\x{5E9}"
            text run at (21,0) width 18: "\x{663}\x{664}"
            text run at (39,0) width 19 RTL: "\x{202C}(^"
            text run at (58,0) width 9 RTL: "\x{202B}?"
        RenderBlock {P} at (0,1925) size 964x19
          RenderText {#text} at (0,0) size 45x19
            text run at (0,0) width 0 RTL: "\x{202C}"
            text run at (0,0) width 39: "ab(^"
            text run at (39,0) width 6: "\x{202A}!"
        RenderBlock {P} at (0,1960) size 964x19
          RenderText {#text} at (0,0) size 45x19
            text run at (0,0) width 0 RTL: "\x{202C}"
            text run at (0,0) width 6: "\x{202A}!"
            text run at (6,0) width 39 RTL: "\x{5D0}\x{5D1}(^"
        RenderBlock {P} at (0,1995) size 964x19
          RenderText {#text} at (0,0) size 44x19
            text run at (0,0) width 0 RTL: "\x{202C}"
            text run at (0,0) width 6: "\x{202A}!"
            text run at (6,0) width 38 RTL: "\x{627}\x{628}(^"
        RenderBlock {P} at (0,2030) size 964x19
          RenderText {#text} at (0,0) size 65x19
            text run at (0,0) width 0 RTL: "\x{202C}"
            text run at (0,0) width 59: "ab12(^"
            text run at (59,0) width 6: "\x{202A}!"
        RenderBlock {P} at (0,2065) size 964x19
          RenderText {#text} at (0,0) size 65x19
            text run at (0,0) width 0 RTL: "\x{202C}"
            text run at (0,0) width 6: "\x{202A}!"
            text run at (6,0) width 19 RTL: "(^"
            text run at (25,0) width 20: "12"
            text run at (45,0) width 20 RTL: "\x{5D0}\x{5D1}"
        RenderBlock {P} at (0,2100) size 964x19
          RenderText {#text} at (0,0) size 64x19
            text run at (0,0) width 0 RTL: "\x{202C}"
            text run at (0,0) width 6: "\x{202A}!"
            text run at (6,0) width 19 RTL: "(^"
            text run at (25,0) width 20: "12"
            text run at (45,0) width 19 RTL: "\x{627}\x{628}"
        RenderBlock {P} at (0,2135) size 964x19
          RenderText {#text} at (0,0) size 63x19
            text run at (0,0) width 0 RTL: "\x{202C}"
            text run at (0,0) width 6: "\x{202A}!"
            text run at (6,0) width 19 RTL: "(^"
            text run at (25,0) width 38: "ab\x{661}\x{662}"
        RenderBlock {P} at (0,2170) size 964x19
          RenderText {#text} at (0,0) size 63x19
            text run at (0,0) width 0 RTL: "\x{202C}"
            text run at (0,0) width 6: "\x{202A}!"
            text run at (6,0) width 19 RTL: "(^"
            text run at (25,0) width 18: "\x{661}\x{662}"
            text run at (43,0) width 20 RTL: "\x{5D0}\x{5D1}"
        RenderBlock {P} at (0,2205) size 964x19
          RenderText {#text} at (0,0) size 62x19
            text run at (0,0) width 0 RTL: "\x{202C}"
            text run at (0,0) width 6: "\x{202A}!"
            text run at (6,0) width 19 RTL: "(^"
            text run at (25,0) width 18: "\x{661}\x{662}"
            text run at (43,0) width 19 RTL: "\x{627}\x{628}"
        RenderBlock {P} at (0,2240) size 964x19
          RenderText {#text} at (0,0) size 34x19
            text run at (0,0) width 0 RTL: "\x{202C}"
            text run at (0,0) width 9: "\x{202A}?"
            text run at (9,0) width 19: "\x{202C}(^"
            text run at (28,0) width 6: "\x{202A}!"
        RenderBlock {P} at (0,2275) size 964x19
          RenderText {#text} at (0,0) size 34x19
            text run at (0,0) width 0 RTL: "\x{202C}"
            text run at (0,0) width 6: "\x{202A}!"
            text run at (6,0) width 19 RTL: "\x{202C}(^"
            text run at (25,0) width 9 RTL: "\x{202B}?"
        RenderBlock {P} at (0,2310) size 964x19
          RenderText {#text} at (0,0) size 45x19
            text run at (0,0) width 0 RTL: "\x{202C}"
            text run at (0,0) width 6 RTL: "\x{202B}!"
            text run at (6,0) width 19 RTL: "(^"
            text run at (25,0) width 20: "ab"
        RenderBlock {P} at (0,2345) size 964x19
          RenderText {#text} at (0,0) size 45x19
            text run at (0,0) width 0 RTL: "\x{202C}"
            text run at (0,0) width 6 RTL: "\x{202B}!"
            text run at (6,0) width 39 RTL: "\x{5D0}\x{5D1}(^"
        RenderBlock {P} at (0,2380) size 964x19
          RenderText {#text} at (0,0) size 44x19
            text run at (0,0) width 0 RTL: "\x{202C}"
            text run at (0,0) width 6 RTL: "\x{202B}!"
            text run at (6,0) width 38 RTL: "\x{627}\x{628}(^"
        RenderBlock {P} at (0,2415) size 964x19
          RenderText {#text} at (0,0) size 65x19
            text run at (0,0) width 0 RTL: "\x{202C}"
            text run at (0,0) width 6 RTL: "\x{202B}!"
            text run at (6,0) width 19 RTL: "(^"
            text run at (25,0) width 40: "ab12"
        RenderBlock {P} at (0,2450) size 964x19
          RenderText {#text} at (0,0) size 65x19
            text run at (0,0) width 0 RTL: "\x{202C}"
            text run at (0,0) width 6 RTL: "\x{202B}!"
            text run at (6,0) width 19 RTL: "(^"
            text run at (25,0) width 20: "12"
            text run at (45,0) width 20 RTL: "\x{5D0}\x{5D1}"
        RenderBlock {P} at (0,2485) size 964x19
          RenderText {#text} at (0,0) size 64x19
            text run at (0,0) width 0 RTL: "\x{202C}"
            text run at (0,0) width 6 RTL: "\x{202B}!"
            text run at (6,0) width 19 RTL: "(^"
            text run at (25,0) width 20: "12"
            text run at (45,0) width 19 RTL: "\x{627}\x{628}"
        RenderBlock {P} at (0,2520) size 964x19
          RenderText {#text} at (0,0) size 63x19
            text run at (0,0) width 0 RTL: "\x{202C}"
            text run at (0,0) width 6 RTL: "\x{202B}!"
            text run at (6,0) width 19 RTL: "(^"
            text run at (25,0) width 38: "ab\x{661}\x{662}"
        RenderBlock {P} at (0,2555) size 964x19
          RenderText {#text} at (0,0) size 63x19
            text run at (0,0) width 0 RTL: "\x{202C}"
            text run at (0,0) width 6 RTL: "\x{202B}!"
            text run at (6,0) width 19 RTL: "(^"
            text run at (25,0) width 18: "\x{661}\x{662}"
            text run at (43,0) width 20 RTL: "\x{5D0}\x{5D1}"
        RenderBlock {P} at (0,2590) size 964x19
          RenderText {#text} at (0,0) size 62x19
            text run at (0,0) width 0 RTL: "\x{202C}"
            text run at (0,0) width 6 RTL: "\x{202B}!"
            text run at (6,0) width 19 RTL: "(^"
            text run at (25,0) width 18: "\x{661}\x{662}"
            text run at (43,0) width 19 RTL: "\x{627}\x{628}"
        RenderBlock {P} at (0,2625) size 964x19
          RenderText {#text} at (0,0) size 34x19
            text run at (0,0) width 0 RTL: "\x{202C}"
            text run at (0,0) width 6 RTL: "\x{202B}!"
            text run at (6,0) width 19 RTL: "\x{202C}(^"
            text run at (25,0) width 9: "\x{202A}?"
        RenderBlock {P} at (0,2660) size 964x19
          RenderText {#text} at (0,0) size 34x19
            text run at (0,0) width 0 RTL: "\x{202C}"
            text run at (0,0) width 6 RTL: "\x{202B}!"
            text run at (6,0) width 19 RTL: "\x{202C}(^"
            text run at (25,0) width 9 RTL: "\x{202B}?"
        RenderBlock {P} at (0,2695) size 964x19
          RenderText {#text} at (0,0) size 39x19
            text run at (0,0) width 0 RTL: "\x{202C}"
            text run at (0,0) width 39: "\x{202A}ab(^"
        RenderBlock {P} at (0,2730) size 964x19
          RenderText {#text} at (0,0) size 39x19
            text run at (0,0) width 0 RTL: "\x{202C}"
            text run at (0,0) width 20 RTL: "\x{202A}\x{5D0}\x{5D1}"
            text run at (20,0) width 19: "(^"
        RenderBlock {P} at (0,2765) size 964x19
          RenderText {#text} at (0,0) size 38x19
            text run at (0,0) width 0 RTL: "\x{202C}"
            text run at (0,0) width 19 RTL: "\x{202A}\x{627}\x{628}"
            text run at (19,0) width 19: "(^"
        RenderBlock {P} at (0,2800) size 964x19
          RenderText {#text} at (0,0) size 59x19
            text run at (0,0) width 0 RTL: "\x{202C}"
            text run at (0,0) width 59: "\x{202A}ab12(^"
        RenderBlock {P} at (0,2835) size 964x19
          RenderText {#text} at (0,0) size 59x19
            text run at (0,0) width 0 RTL: "\x{202C}"
            text run at (0,0) width 20: "12"
            text run at (20,0) width 20 RTL: "\x{202A}\x{5D0}\x{5D1}"
            text run at (40,0) width 19: "(^"
        RenderBlock {P} at (0,2870) size 964x19
          RenderText {#text} at (0,0) size 58x19
            text run at (0,0) width 0 RTL: "\x{202C}"
            text run at (0,0) width 20: "12"
            text run at (20,0) width 19 RTL: "\x{202A}\x{627}\x{628}"
            text run at (39,0) width 19: "(^"
        RenderBlock {P} at (0,2905) size 964x19
          RenderText {#text} at (0,0) size 57x19
            text run at (0,0) width 0 RTL: "\x{202C}"
            text run at (0,0) width 20: "\x{202A}ab"
            text run at (20,0) width 18: "\x{661}\x{662}"
            text run at (38,0) width 19: "(^"
        RenderBlock {P} at (0,2940) size 964x19
          RenderText {#text} at (0,0) size 57x19
            text run at (0,0) width 0 RTL: "\x{202C}"
            text run at (0,0) width 18: "\x{661}\x{662}"
            text run at (18,0) width 20 RTL: "\x{202A}\x{5D0}\x{5D1}"
            text run at (38,0) width 19: "(^"
        RenderBlock {P} at (0,2975) size 964x19
          RenderText {#text} at (0,0) size 56x19
            text run at (0,0) width 0 RTL: "\x{202C}"
            text run at (0,0) width 18: "\x{661}\x{662}"
            text run at (18,0) width 19 RTL: "\x{202A}\x{627}\x{628}"
            text run at (37,0) width 19: "(^"
        RenderBlock {P} at (0,3010) size 964x19
          RenderText {#text} at (0,0) size 28x19
            text run at (0,0) width 0 RTL: "\x{202C}"
            text run at (0,0) width 0: "\x{202A}"
            text run at (0,0) width 9: "\x{202A}?"
            text run at (9,0) width 19: "\x{202C}(^"
        RenderBlock {P} at (0,3045) size 964x19
          RenderText {#text} at (0,0) size 28x19
            text run at (0,0) width 0 RTL: "\x{202C}"
            text run at (0,0) width 0: "\x{202A}"
            text run at (0,0) width 9 RTL: "\x{202B}?"
            text run at (9,0) width 19: "\x{202C}(^"
