layer at (0,0) size 980x735
  RenderView at (0,0) size 980x735
layer at (0,0) size 980x735
  RenderBlock {HTML} at (0,0) size 980x735
    RenderBody {BODY} at (8,8) size 964x719
      RenderBlock {P} at (0,0) size 964x38
        RenderText {#text} at (0,0) size 725x19
          text run at (0,0) width 725: "This tests that bidirectional text is correctly rendered when using ATSUI in list box controls."
        RenderBR {BR} at (725,15) size 0x0
        RenderText {#text} at (0,19) size 729x19
          text run at (0,19) width 729: "The order of the text below each list box should match the order of the select's option text."
      RenderBlock (anonymous) at (0,54) size 964x48
        RenderText {#text} at (0,0) size 123x19
          text run at (0,0) width 123: "1) direction: rtl;"
        RenderBR {BR} at (123,15) size 0x0
        RenderMenuList {SELECT} at (2,21) size 100x25 [bgcolor=#FFFFFF]
          RenderBlock (anonymous) at (6,5) size 72x15
            RenderBR at (72,0) size 0x15 [bgcolor=#FFFFFF]
        RenderBR {BR} at (104,38) size 0x0
      RenderBlock {DIV} at (0,102) size 100x19
        RenderText {#text} at (12,0) size 88x19
          text run at (12,0) width 59 RTL: "\x{5D0}\x{5E4}\x{5E8}\x{5E1}\x{5DE}\x{5D5}\x{5DF}"
          text run at (71,0) width 29: "a\x{300}bc"
      RenderBlock (anonymous) at (0,121) size 964x67
        RenderBR {BR} at (0,0) size 0x19
        RenderText {#text} at (0,19) size 123x19
          text run at (0,19) width 123: "2) direction: ltr;"
        RenderBR {BR} at (123,34) size 0x0
        RenderMenuList {SELECT} at (2,40) size 100x25 [bgcolor=#FFFFFF]
          RenderBlock (anonymous) at (6,5) size 72x15
            RenderBR at (0,0) size 0x15 [bgcolor=#FFFFFF]
        RenderBR {BR} at (104,57) size 0x0
      RenderBlock {DIV} at (0,188) size 100x19
        RenderText {#text} at (0,0) size 88x19
          text run at (0,0) width 29: "a\x{300}bc"
          text run at (29,0) width 59 RTL: "\x{5D0}\x{5E4}\x{5E8}\x{5E1}\x{5DE}\x{5D5}\x{5DF}"
      RenderBlock (anonymous) at (0,207) size 964x67
        RenderBR {BR} at (0,0) size 0x19
        RenderText {#text} at (0,19) size 85x19
          text run at (0,19) width 85: "3) No style"
        RenderBR {BR} at (85,34) size 0x0
        RenderMenuList {SELECT} at (2,40) size 100x25 [bgcolor=#FFFFFF]
          RenderBlock (anonymous) at (6,5) size 72x15
            RenderBR at (0,0) size 0x15 [bgcolor=#FFFFFF]
        RenderBR {BR} at (104,57) size 0x0
      RenderBlock {DIV} at (0,274) size 100x19
        RenderText {#text} at (0,0) size 88x19
          text run at (0,0) width 29: "a\x{300}bc"
          text run at (29,0) width 59 RTL: "\x{5D0}\x{5E4}\x{5E8}\x{5E1}\x{5DE}\x{5D5}\x{5DF}"
      RenderBlock (anonymous) at (0,293) size 964x19
        RenderBR {BR} at (0,0) size 0x19
