layer at (0,0) size 980x735
  RenderView at (0,0) size 980x735
layer at (0,0) size 980x86
  RenderBlock {HTML} at (0,0) size 980x86
    RenderBody {BODY} at (8,16) size 964x54
      RenderBlock {P} at (0,0) size 964x19
        RenderText {#text} at (0,0) size 587x19
          text run at (0,0) width 587: "The following should look like: Arabic characters 123.4 Arabic characters."
      RenderBlock {P} at (0,35) size 964x19
        RenderText {#text} at (0,0) size 99x19
          text run at (0,0) width 31 RTL: " \x{644}\x{645}\x{646}"
          text run at (31,0) width 45: "123.4"
          text run at (76,0) width 23 RTL: "\x{627}\x{628}\x{62C} "
