layer at (0,0) size 980x735
  RenderView at (0,0) size 980x735
layer at (0,0) size 980x735
  RenderBlock {HTML} at (0,0) size 980x735
    RenderBody {BODY} at (8,8) size 964x719
      RenderBlock {P} at (0,0) size 964x38
        RenderText {#text} at (0,0) size 108x19
          text run at (0,0) width 108: "This tests for "
        RenderInline {I} at (0,0) size 953x38
          RenderText {#text} at (108,0) size 953x38
            text run at (108,0) width 845: "http://bugzilla.opendarwin.org/show_bug.cgi?id=6014 Bidi algorithm: incorrect resolved levels for neutrals"
            text run at (0,19) width 189: "between R and ET ON L"
        RenderText {#text} at (189,19) size 5x19
          text run at (189,19) width 5: "."
      RenderBlock {P} at (0,54) size 964x38
        RenderText {#text} at (0,0) size 952x38
          text run at (0,0) width 126: "The characters "
          text run at (126,0) width 10 RTL: "\x{5D0}"
          text run at (136,0) width 40: " and "
          text run at (176,0) width 10 RTL: "\x{5D1}"
          text run at (186,0) width 766: " are of type R; ^ and @ are of type ON; $ and % are of type ET; a is of type L; 1 is of type EN. In"
          text run at (0,19) width 594: "each of the following pairs, the two lines should be identical to each other."
      RenderBlock {HR} at (0,108) size 964x2 [border: (1px inset #000000)]
      RenderBlock {P} at (0,126) size 964x19
        RenderText {#text} at (0,0) size 94x19
          text run at (0,0) width 10 RTL: "\x{5D0}"
          text run at (10,0) width 84: " ^ @ $% a"
      RenderBlock (anonymous) at (0,161) size 964x19
        RenderInline {BDO} at (0,0) size 94x19
          RenderText {#text} at (0,0) size 94x19
            text run at (0,0) width 94 LTR override: "\x{5D0} ^ @ $% a"
        RenderText {#text} at (0,0) size 0x0
      RenderBlock {HR} at (0,188) size 964x2 [border: (1px inset #000000)]
      RenderBlock {P} at (0,206) size 964x19
        RenderText {#text} at (0,0) size 94x19
          text run at (0,0) width 94 RTL: "\x{5D0} ^ @ $% \x{5D1}"
      RenderBlock (anonymous) at (0,241) size 964x19
        RenderInline {BDO} at (0,0) size 94x19
          RenderText {#text} at (0,0) size 94x19
            text run at (0,0) width 94 LTR override: "\x{5D1} %$ @ ^ \x{5D0}"
        RenderText {#text} at (0,0) size 0x0
      RenderBlock {HR} at (0,268) size 964x2 [border: (1px inset #000000)]
      RenderBlock {P} at (0,286) size 964x19
        RenderText {#text} at (0,0) size 89x19
          text run at (0,0) width 35: "$%1"
          text run at (35,0) width 54 RTL: "\x{5D0} ^ @ "
      RenderBlock (anonymous) at (0,321) size 964x19
        RenderInline {BDO} at (0,0) size 89x19
          RenderText {#text} at (0,0) size 89x19
            text run at (0,0) width 89 LTR override: "$%1 @ ^ \x{5D0}"
        RenderText {#text} at (0,0) size 0x0
      RenderBlock {HR} at (0,348) size 964x2 [border: (1px inset #000000)]
      RenderBlock {P} at (0,366) size 964x19
        RenderText {#text} at (0,0) size 94x19
          text run at (0,0) width 10: "a"
          text run at (10,0) width 84 RTL: "\x{5D0} ^ @ $% "
      RenderBlock (anonymous) at (0,401) size 964x19
        RenderInline {BDO} at (0,0) size 94x19
          RenderText {#text} at (0,0) size 94x19
            text run at (0,0) width 94 LTR override: "a %$ @ ^ \x{5D0}"
        RenderText {#text} at (0,0) size 0x0
      RenderBlock {HR} at (0,428) size 964x2 [border: (1px inset #000000)]
      RenderBlock {P} at (0,446) size 964x19
        RenderText {#text} at (0,0) size 94x19
          text run at (0,0) width 94 RTL: "\x{5D0} ^ @ $% \x{5D1}"
      RenderBlock (anonymous) at (0,481) size 964x19
        RenderInline {BDO} at (0,0) size 94x19
          RenderText {#text} at (0,0) size 94x19
            text run at (0,0) width 94 LTR override: "\x{5D1} %$ @ ^ \x{5D0}"
        RenderText {#text} at (0,0) size 0x0
      RenderBlock {HR} at (0,508) size 964x2 [border: (1px inset #000000)]
      RenderBlock {P} at (0,526) size 964x19
        RenderText {#text} at (0,0) size 89x19
          text run at (0,0) width 35: "$%1"
          text run at (35,0) width 54 RTL: "\x{5D0} ^ @ "
      RenderBlock (anonymous) at (0,561) size 964x19
        RenderInline {BDO} at (0,0) size 89x19
          RenderText {#text} at (0,0) size 89x19
            text run at (0,0) width 89 LTR override: "$%1 @ ^ \x{5D0}"
        RenderText {#text} at (0,0) size 0x0
