layer at (0,0) size 980x735
  RenderView at (0,0) size 980x735
layer at (0,0) size 980x735
  RenderBlock {HTML} at (0,0) size 980x735
    RenderBody {BODY} at (8,8) size 964x711
      RenderBlock {P} at (0,0) size 964x19
        RenderText {#text} at (0,0) size 67x19
          text run at (0,0) width 67: "Test for "
        RenderInline {A} at (0,0) size 85x19 [color=#0000EE]
          RenderText {#text} at (67,0) size 85x19
            text run at (67,0) width 85: "bug 25464"
        RenderText {#text} at (152,0) size 483x19
          text run at (152,0) width 483: ": Test for rendering of Danda (U+0964) followed by a space."
      RenderBlock {P} at (0,35) size 964x19
        RenderText {#text} at (0,0) size 412x19
          text run at (0,0) width 412: "\x{A39}\x{A41}\x{A70}\x{A26}\x{A40} \x{A39}\x{A48}\x{964} \x{A07}\x{A38} \x{A32}\x{A3F}\x{A2A}\x{A40} \x{A26}\x{A47} \x{A35}\x{A3F}\x{A1A} \x{A69}\x{A6B} (35) \x{A05}\x{A71}\x{A16}\x{A30} \x{A39}\x{A41}\x{A70}\x{A26}\x{A47} \x{A39}\x{A28}\x{964}"
