layer at (0,0) size 980x735
  RenderView at (0,0) size 980x735
layer at (0,0) size 980x735
  RenderBlock {HTML} at (0,0) size 980x735
    RenderBody {BODY} at (8,8) size 964x719
      RenderText {#text} at (0,0) size 959x57
        text run at (0,0) width 959: "This tests the width of a breaking space after a Hindi character to ensure that it's measured properly and enough space"
        text run at (0,19) width 919: "is left for it. Neither the Hindi on the button below nor the same text on two lines below that should be truncated at"
        text run at (0,38) width 87: "either end."
      RenderBR {BR} at (87,53) size 0x0
      RenderButton {INPUT} at (2,59) size 128x23 [bgcolor=#C0C0C0] [border: (2px outset #C0C0C0)]
        RenderBlock (anonymous) at (5,5) size 120x15
          RenderText at (0,0) size 120x15
            text run at (0,0) width 120: "\x{915}\x{93F}\x{938}\x{940} \x{92D}\x{940} \x{924}\x{930}\x{939} \x{906}\x{917}\x{947} \x{92C}"
      RenderBR {BR} at (132,76) size 0x0
      RenderInline {SPAN} at (0,0) size 150x19
        RenderText {#text} at (0,84) size 150x19
          text run at (0,84) width 150: "\x{915}\x{93F}\x{938}\x{940} \x{92D}\x{940} \x{924}\x{930}\x{939} \x{906}\x{917}\x{947} \x{92C}"
      RenderText {#text} at (150,84) size 29x19
        text run at (150,84) width 29: "Foo"
      RenderBR {BR} at (179,99) size 0x0
      RenderInline {SPAN} at (0,0) size 150x19
        RenderText {#text} at (0,103) size 150x19
          text run at (0,103) width 150: "\x{915}\x{93F}\x{938}\x{940} \x{92D}\x{940} \x{924}\x{930}\x{939} \x{906}\x{917}\x{947} \x{92C}"
      RenderText {#text} at (150,103) size 29x19
        text run at (150,103) width 29: "Foo"
      RenderBR {BR} at (179,118) size 0x0
