layer at (0,0) size 980x735
  RenderView at (0,0) size 980x735
layer at (0,0) size 980x601
  RenderBlock {HTML} at (0,0) size 980x601
    RenderBody {BODY} at (8,16) size 964x577
      RenderBlock {P} at (0,0) size 964x19
        RenderText {#text} at (0,0) size 893x19
          text run at (0,0) width 626: "Verify that the alignment and writing direction of each selected item matches "
          text run at (626,0) width 267: "the one below the pop-up button."
      RenderBlock {DIV} at (0,35) size 964x270
        RenderMenuList {SELECT} at (0,0) size 500x29 [bgcolor=#FFFFFF]
          RenderBlock (anonymous) at (6,5) size 472x19
            RenderText at (0,0) size 199x19
              text run at (0,0) width 39: "First "
              text run at (39,0) width 58 RTL: ") \x{5E8}\x{5D1}\x{5D9}\x{5E2}\x{5D9}\x{5EA}"
              text run at (97,0) width 20: "03"
              text run at (117,0) width 45 RTL: "\x{5E9}\x{5E0}\x{5D9}\x{5D4} ("
              text run at (162,0) width 37: " fifth"
        RenderBlock {DIV} at (0,31) size 470x35
          RenderText {#text} at (10,10) size 166x15
            text run at (10,10) width 32: "First "
            text run at (42,10) width 49 RTL: ") \x{5E8}\x{5D1}\x{5D9}\x{5E2}\x{5D9}\x{5EA}"
            text run at (91,10) width 16: "03"
            text run at (107,10) width 38 RTL: "\x{5E9}\x{5E0}\x{5D9}\x{5D4} ("
            text run at (145,10) width 31: " fifth"
        RenderMenuList {SELECT} at (0,68) size 500x29 [bgcolor=#FFFFFF]
          RenderBlock (anonymous) at (6,5) size 472x19
            RenderText at (0,0) size 199x19
              text run at (0,0) width 32: "fifth"
              text run at (32,0) width 63 RTL: ") \x{5E8}\x{5D1}\x{5D9}\x{5E2}\x{5D9}\x{5EA} "
              text run at (95,0) width 20: "03"
              text run at (115,0) width 50 RTL: " \x{5E9}\x{5E0}\x{5D9}\x{5D4} ("
              text run at (165,0) width 34: "First"
        RenderBlock {DIV} at (0,99) size 470x35
          RenderText {#text} at (10,10) size 166x15
            text run at (10,10) width 27: "fifth"
            text run at (37,10) width 53 RTL: ") \x{5E8}\x{5D1}\x{5D9}\x{5E2}\x{5D9}\x{5EA} "
            text run at (90,10) width 16: "03"
            text run at (106,10) width 42 RTL: " \x{5E9}\x{5E0}\x{5D9}\x{5D4} ("
            text run at (148,10) width 28: "First"
        RenderMenuList {SELECT} at (0,136) size 500x29 [bgcolor=#FFFFFF]
          RenderBlock (anonymous) at (6,5) size 472x19
            RenderText at (0,0) size 199x19
              text run at (0,0) width 199 LTR override: "First \x{5E9}\x{5E0}\x{5D9}\x{5D4} (03) \x{5E8}\x{5D1}\x{5D9}\x{5E2}\x{5D9}\x{5EA} fifth"
        RenderBlock {DIV} at (0,167) size 470x35
          RenderText {#text} at (10,10) size 166x15
            text run at (10,10) width 166 LTR override: "First \x{5E9}\x{5E0}\x{5D9}\x{5D4} (03) \x{5E8}\x{5D1}\x{5D9}\x{5E2}\x{5D9}\x{5EA} fifth"
        RenderMenuList {SELECT} at (0,204) size 500x29 [bgcolor=#FFFFFF]
          RenderBlock (anonymous) at (6,5) size 472x19
            RenderText at (0,0) size 199x19
              text run at (0,0) width 199 RTL override: "First \x{5E9}\x{5E0}\x{5D9}\x{5D4} (03) \x{5E8}\x{5D1}\x{5D9}\x{5E2}\x{5D9}\x{5EA} fifth"
        RenderBlock {DIV} at (0,235) size 470x35
          RenderText {#text} at (10,10) size 166x15
            text run at (10,10) width 166 RTL override: "First \x{5E9}\x{5E0}\x{5D9}\x{5D4} (03) \x{5E8}\x{5D1}\x{5D9}\x{5E2}\x{5D9}\x{5EA} fifth"
      RenderBlock {DIV} at (0,307) size 964x270
        RenderMenuList {SELECT} at (0,0) size 500x29 [bgcolor=#FFFFFF]
          RenderBlock (anonymous) at (6,5) size 472x19
            RenderText at (273,0) size 199x19
              text run at (273,0) width 39: "First "
              text run at (312,0) width 58 RTL: ") \x{5E8}\x{5D1}\x{5D9}\x{5E2}\x{5D9}\x{5EA}"
              text run at (370,0) width 20: "03"
              text run at (390,0) width 45 RTL: "\x{5E9}\x{5E0}\x{5D9}\x{5D4} ("
              text run at (435,0) width 37: " fifth"
        RenderBlock {DIV} at (0,31) size 470x35
          RenderText {#text} at (294,10) size 166x15
            text run at (294,10) width 32: "First "
            text run at (326,10) width 49 RTL: ") \x{5E8}\x{5D1}\x{5D9}\x{5E2}\x{5D9}\x{5EA}"
            text run at (375,10) width 16: "03"
            text run at (391,10) width 38 RTL: "\x{5E9}\x{5E0}\x{5D9}\x{5D4} ("
            text run at (429,10) width 31: " fifth"
        RenderMenuList {SELECT} at (0,68) size 500x29 [bgcolor=#FFFFFF]
          RenderBlock (anonymous) at (6,5) size 472x19
            RenderText at (273,0) size 199x19
              text run at (273,0) width 32: "fifth"
              text run at (305,0) width 63 RTL: ") \x{5E8}\x{5D1}\x{5D9}\x{5E2}\x{5D9}\x{5EA} "
              text run at (368,0) width 20: "03"
              text run at (388,0) width 50 RTL: " \x{5E9}\x{5E0}\x{5D9}\x{5D4} ("
              text run at (438,0) width 34: "First"
        RenderBlock {DIV} at (0,99) size 470x35
          RenderText {#text} at (294,10) size 166x15
            text run at (294,10) width 27: "fifth"
            text run at (321,10) width 53 RTL: ") \x{5E8}\x{5D1}\x{5D9}\x{5E2}\x{5D9}\x{5EA} "
            text run at (374,10) width 16: "03"
            text run at (390,10) width 42 RTL: " \x{5E9}\x{5E0}\x{5D9}\x{5D4} ("
            text run at (432,10) width 28: "First"
        RenderMenuList {SELECT} at (0,136) size 500x29 [bgcolor=#FFFFFF]
          RenderBlock (anonymous) at (6,5) size 472x19
            RenderText at (273,0) size 199x19
              text run at (273,0) width 199 LTR override: "First \x{5E9}\x{5E0}\x{5D9}\x{5D4} (03) \x{5E8}\x{5D1}\x{5D9}\x{5E2}\x{5D9}\x{5EA} fifth"
        RenderBlock {DIV} at (0,167) size 470x35
          RenderText {#text} at (294,10) size 166x15
            text run at (294,10) width 166 LTR override: "First \x{5E9}\x{5E0}\x{5D9}\x{5D4} (03) \x{5E8}\x{5D1}\x{5D9}\x{5E2}\x{5D9}\x{5EA} fifth"
        RenderMenuList {SELECT} at (0,204) size 500x29 [bgcolor=#FFFFFF]
          RenderBlock (anonymous) at (6,5) size 472x19
            RenderText at (273,0) size 199x19
              text run at (273,0) width 199 RTL override: "First \x{5E9}\x{5E0}\x{5D9}\x{5D4} (03) \x{5E8}\x{5D1}\x{5D9}\x{5E2}\x{5D9}\x{5EA} fifth"
        RenderBlock {DIV} at (0,235) size 470x35
          RenderText {#text} at (294,10) size 166x15
            text run at (294,10) width 166 RTL override: "First \x{5E9}\x{5E0}\x{5D9}\x{5D4} (03) \x{5E8}\x{5D1}\x{5D9}\x{5E2}\x{5D9}\x{5EA} fifth"
