layer at (0,0) size 980x735
  RenderView at (0,0) size 980x735
layer at (530,0) size 450x735
  RenderBlock {HTML} at (0,0) size 450x735
    RenderBody {BODY} at (8,8) size 410x719
      RenderBlock {HR} at (0,0) size 2x719 [border: (1px inset #000000)]
      RenderBlock (anonymous) at (10,0) size 37x719
        RenderInline {SPAN} at (0,0) size 38x402
          RenderText {#text} at (0,0) size 38x402
            text run at (0,0) width 402: "OFF=\x{897F}\x{66A6}2010\x{5E74}1\x{6708}20\x{65E5}365\x{56DE}"
        RenderText {#text} at (0,0) size 0x0
      RenderBlock {HR} at (55,0) size 2x719 [border: (1px inset #000000)]
      RenderBlock (anonymous) at (65,0) size 37x719
        RenderInline {SPAN} at (0,0) size 38x402
          RenderInline {SPAN} at (0,0) size 38x49
            RenderCombineText {#text} at (0,0) size 38x49
              text run at (0,0) width 49: "ON"
          RenderText {#text} at (0,49) size 38x65
            text run at (0,49) width 65: "=\x{897F}\x{66A6}"
          RenderInline {SPAN} at (0,0) size 38x80
            RenderCombineText {#text} at (0,114) size 38x80
              text run at (0,114) width 80: "2010"
          RenderText {#text} at (0,194) size 38x19
            text run at (0,194) width 19: "\x{5E74}"
          RenderInline {SPAN} at (0,0) size 38x32
            RenderCombineText {#text} at (0,213) size 38x32
              text run at (0,213) width 32: "\x{FFFC}"
          RenderText {#text} at (0,245) size 38x19
            text run at (0,245) width 19: "\x{6708}"
          RenderInline {SPAN} at (0,0) size 38x40
            RenderCombineText {#text} at (0,264) size 38x40
              text run at (0,264) width 40: "20"
          RenderText {#text} at (0,304) size 38x19
            text run at (0,304) width 19: "\x{65E5}"
          RenderInline {SPAN} at (0,0) size 38x60
            RenderCombineText {#text} at (0,323) size 38x60
              text run at (0,323) width 60: "365"
          RenderText {#text} at (0,383) size 38x19
            text run at (0,383) width 19: "\x{56DE}"
        RenderText {#text} at (0,0) size 0x0
      RenderBlock {HR} at (110,0) size 2x719 [border: (1px inset #000000)]
      RenderBlock (anonymous) at (120,0) size 37x719
        RenderInline {SPAN} at (0,0) size 38x450
          RenderInline {SPAN} at (0,0) size 38x97
            RenderCombineText {#text} at (0,0) size 38x97
              text run at (0,0) width 97: "Times"
          RenderText {#text} at (0,97) size 38x65
            text run at (0,97) width 65: "=\x{897F}\x{66A6}"
          RenderInline {SPAN} at (0,0) size 38x80
            RenderCombineText {#text} at (0,162) size 38x80
              text run at (0,162) width 80: "2010"
          RenderText {#text} at (0,242) size 38x19
            text run at (0,242) width 19: "\x{5E74}"
          RenderInline {SPAN} at (0,0) size 38x32
            RenderCombineText {#text} at (0,261) size 38x32
              text run at (0,261) width 32: "\x{FFFC}"
          RenderText {#text} at (0,293) size 38x19
            text run at (0,293) width 19: "\x{6708}"
          RenderInline {SPAN} at (0,0) size 38x40
            RenderCombineText {#text} at (0,312) size 38x40
              text run at (0,312) width 40: "20"
          RenderText {#text} at (0,352) size 38x19
            text run at (0,352) width 19: "\x{65E5}"
          RenderInline {SPAN} at (0,0) size 38x60
            RenderCombineText {#text} at (0,371) size 38x60
              text run at (0,371) width 60: "365"
          RenderText {#text} at (0,431) size 38x19
            text run at (0,431) width 19: "\x{56DE}"
        RenderText {#text} at (0,0) size 0x0
      RenderBlock {HR} at (165,0) size 2x719 [border: (1px inset #000000)]
      RenderBlock (anonymous) at (175,0) size 74x719
        RenderInline {SPAN} at (0,0) size 38x197
          RenderText {#text} at (0,0) size 38x197
            text run at (0,0) width 197: "OFF=\x{5B57}\x{3042}\x{FF21}A%"
        RenderBR {BR} at (15,197) size 19x0
        RenderInline {SPAN} at (0,0) size 38x236
          RenderInline {SPAN} at (0,0) size 38x49
            RenderCombineText {#text} at (37,0) size 38x49
              text run at (37,0) width 49: "ON"
          RenderText {#text} at (37,49) size 38x27
            text run at (37,49) width 27: "="
          RenderInline {SPAN} at (0,0) size 38x32
            RenderCombineText {#text} at (37,76) size 38x32
              text run at (37,76) width 32: "\x{FFFC}"
          RenderInline {SPAN} at (0,0) size 38x32
            RenderCombineText {#text} at (37,108) size 38x32
              text run at (37,108) width 32: "\x{FFFC}"
          RenderInline {SPAN} at (0,0) size 38x32
            RenderCombineText {#text} at (37,140) size 38x32
              text run at (37,140) width 32: "\x{FFFC}"
          RenderInline {SPAN} at (0,0) size 38x32
            RenderCombineText {#text} at (37,172) size 38x32
              text run at (37,172) width 32: "\x{FFFC}"
          RenderInline {SPAN} at (0,0) size 38x32
            RenderCombineText {#text} at (37,204) size 38x32
              text run at (37,204) width 32: "\x{FFFC}"
          RenderText {#text} at (0,0) size 0x0
      RenderBlock (anonymous) at (265,0) size 145x719
        RenderBlock {HR} at (0,0) size 2x719 [border: (1px inset #000000)]
        RenderBlock {P} at (34,0) size 111x719
          RenderBlock (floating) {SPAN} at (0,435) size 30x284 [border: (1px solid #FF0000)]
            RenderText {#text} at (1,1) size 28x126
              text run at (1,1) width 126: "float:right:"
            RenderInline {SPAN} at (0,0) size 28x60
              RenderCombineText {#text} at (1,127) size 28x60
                text run at (1,127) width 60: "2010"
            RenderText {#text} at (1,187) size 28x14
              text run at (1,187) width 14: "\x{5E74}"
            RenderInline {SPAN} at (0,0) size 28x24
              RenderCombineText {#text} at (1,201) size 28x24
                text run at (1,201) width 24: "\x{FFFC}"
            RenderText {#text} at (1,225) size 28x14
              text run at (1,225) width 14: "\x{6708}"
            RenderInline {SPAN} at (0,0) size 28x30
              RenderCombineText {#text} at (1,239) size 28x30
                text run at (1,239) width 30: "20"
            RenderText {#text} at (1,269) size 28x14
              text run at (1,269) width 14: "\x{65E5}"
          RenderInline {SPAN} at (0,0) size 93x710
            RenderText {#text} at (15,0) size 93x710
              text run at (15,0) width 430: "\x{305D}\x{306E}\x{5973}\x{304C}\x{306D}\x{304B}\x{3057}\x{3064}\x{3051}\x{306B}\x{6765}\x{3066}\x{304F}\x{308C}\x{308B}\x{307E}\x{3067}\x{3001}\x{308F}\x{305F}\x{3057}\x{306F}\x{3051}\x{3063}\x{3057}\x{3066}\x{306D}\x{3069}\x{3053}\x{306B}\x{306F}\x{306F}\x{3044}\x{3089}\x{306A}\x{304B}\x{3063}\x{305F}\x{3002}\x{51AC}\x{306E}\x{3042}\x{3089}"
              text run at (52,0) width 710: "\x{3057}\x{304C}\x{3060}\x{3093}\x{3054}\x{306E}\x{3088}\x{3046}\x{306A}\x{96EA}\x{3092}\x{3075}\x{304D}\x{3064}\x{3051}\x{3066}\x{7A93}\x{30AC}\x{30E9}\x{30B9}\x{3092}\x{767D}\x{304F}\x{3059}\x{308B}\x{3058}\x{3076}\x{3093}\x{306B}\x{306A}\x{308B}\x{3068}\x{3001}\x{3053}\x{306E}\x{5973}\x{306E}\x{4EBA}\x{306F}\x{4E21}\x{624B}\x{306E}\x{9593}\x{306B}\x{308F}\x{305F}\x{3057}\x{306E}\x{8DB3}\x{3092}\x{304A}\x{3055}\x{3048}\x{3066}\x{3001}\x{6B4C}\x{3092}\x{6B4C}\x{3044}\x{306A}\x{304C}\x{3089}\x{6696}\x{3081}\x{3066}\x{304F}\x{308C}\x{305F}\x{3002}\x{305D}\x{306E}"
              text run at (89,0) width 180: "\x{6B4C}\x{306E}\x{7BC0}\x{3082}\x{6587}\x{53E5}\x{3082}\x{3001}\x{3044}\x{307E}\x{306B}\x{5FD8}\x{308C}\x{305A}\x{306B}\x{3044}\x{308B}\x{3002}"
          RenderText {#text} at (0,0) size 0x0
      RenderBlock (anonymous) at (442,0) size 0x719
        RenderInline {SPAN} at (0,0) size 0x0
