layer at (0,0) size 980x735
  RenderView at (0,0) size 980x735
layer at (0,0) size 980x483
  RenderBlock {HTML} at (0,0) size 980x483
    RenderBody {BODY} at (8,21) size 964x454
      RenderBlock {P} at (0,0) size 964x24
        RenderText {#text} at (0,0) size 173x25
          text run at (0,0) width 173: "Simple text path"
      RenderBlock (anonymous) at (0,45) size 964x168
        RenderBlock {SPAN} at (0,0) size 24x164
          RenderText {#text} at (0,0) size 25x164
            text run at (0,0) width 164: "string\x{300C}\x{3042}\x{3001}\x{5909}\x{3063}\x{FF01}\x{300D}\x{3002}"
        RenderText {#text} at (0,0) size 0x0
      RenderBlock {HR} at (0,223) size 964x2 [border: (1px inset #000000)]
      RenderBlock {P} at (0,246) size 964x24
        RenderText {#text} at (0,0) size 194x25
          text run at (0,0) width 194: "Complex text path"
      RenderBlock (anonymous) at (0,291) size 964x163
        RenderBlock {SPAN} at (0,0) size 24x159
          RenderText {#text} at (0,0) size 25x159
            text run at (0,0) width 159: "string\x{300C}\x{3042}\x{3001}\x{5909}\x{3063}\x{FF01}\x{300D}\x{3002}"
        RenderText {#text} at (0,0) size 0x0
