layer at (0,0) size 980x735
  RenderView at (0,0) size 980x735
layer at (0,0) size 980x293
  RenderBlock {html} at (0,0) size 980x293
    RenderBody {body} at (8,10) size 964x273
      RenderBlock {p} at (0,0) size 964x19 [color=#000080]
        RenderText {#text} at (0,0) size 567x19
          text run at (0,0) width 567: "The word \"TEST \" should appear twice below, the same size each time."
      RenderBlock (anonymous) at (0,29) size 964x124
        RenderSVGRoot {svg} at (18,49) size 390x110
          RenderSVGRect {rect} at (18,49) size 390x110 [transform={m=((10.00,0.00)(0.00,10.00)) t=(0.00,0.00)}] [fill={[type=SOLID] [color=#D3D3D3]}] [x=1.00] [y=1.00] [width=60.00] [height=12.00]
          RenderSVGForeignObject {foreignObject} at (1,1) size 60x10
            RenderBlock {div} at (0,0) size 60x12 [color=#000080]
              RenderText {#text} at (0,0) size 24x11
                text run at (0,0) width 24: "TEST"
        RenderText {#text} at (0,0) size 0x0
layer at (18,183) size 390x110
  RenderBlock (relative positioned) {div} at (0,163) size 390x110 [color=#000080] [bgcolor=#D3D3D3]
    RenderBlock {div} at (0,0) size 390x116
      RenderText {#text} at (0,0) size 248x117
        text run at (0,0) width 248: "TEST"
selection start: position 0 of child 0 {#text} of child 1 {p} of body
selection end:   position 4 of child 0 {#text} of child 1 {div} of child 5 {div} of body
