layer at (0,0) size 980x735
  RenderView at (0,0) size 980x735
layer at (0,0) size 980x593
  RenderBlock {HTML} at (0,0) size 980x593
    RenderBody {BODY} at (8,21) size 964x564
      RenderBlock {H1} at (0,0) size 964x37
        RenderText {#text} at (0,0) size 581x38
          text run at (0,0) width 581: "Small fonts in HTML5/inline SVG"
      RenderBlock (anonymous) at (0,58) size 964x506
        RenderSVGRoot {svg} at (8,79) size 403x403
          RenderSVGContainer {g} at (9,80) size 400x400 [transform={m=((400.00,0.00)(0.00,400.00)) t=(0.00,0.00)}]
            RenderSVGText {text} at (0,0) size 1x1 contains 1 chunk(s)
              RenderSVGInlineText {#text} at (0,0) size 1x1
                chunk 1 (middle anchor) text run 1 at (0.34,0.50) startOffset 0 endOffset 12 width 0.31: "Test passed."
        RenderText {#text} at (0,0) size 0x0
