layer at (0,0) size 980x735
  RenderView at (0,0) size 980x735
layer at (0,0) size 980x735
  RenderBlock {HTML} at (0,0) size 980x735
    RenderBody {BODY} at (8,8) size 964x719
      RenderBlock {H3} at (0,0) size 964x22
        RenderText {#text} at (0,0) size 216x22
          text run at (0,0) width 216: "Default Appearance"
      RenderBlock (anonymous) at (0,40) size 964x42
        RenderText {#text} at (0,0) size 538x19
          text run at (0,0) width 538: "List color controls have different appearance if ENABLE(DATALIST)."
        RenderBR {BR} at (538,15) size 0x0
        RenderBlock {INPUT} at (0,19) size 44x23 [bgcolor=#FFFFFF] [border: (2px inset #000000)]
          RenderDeprecatedFlexibleBox {DIV} at (3,3) size 38x17
            RenderBlock {DIV} at (2,4) size 34x9 [bgcolor=#000000] [border: (1px solid #777777)]
        RenderBlock {INPUT} at (44,19) size 88x23 [bgcolor=#FFFFFF]
          RenderDeprecatedFlexibleBox {DIV} at (6,5) size 60x13
            RenderBlock {DIV} at (8,4) size 28x5 [bgcolor=#000000] [border: (1px solid #000000)]
        RenderText {#text} at (0,0) size 0x0
      RenderBlock {H3} at (0,100) size 964x22
        RenderText {#text} at (0,0) size 216x22
          text run at (0,0) width 216: "Different Font Sizes"
      RenderBlock (anonymous) at (0,140) size 964x46
        RenderText {#text} at (0,0) size 729x19
          text run at (0,0) width 729: "List color controls have different sizes depending on font sizes. Normal color controls don't."
        RenderBR {BR} at (729,15) size 0x0
        RenderBlock {INPUT} at (0,19) size 44x23 [bgcolor=#FFFFFF] [border: (2px inset #000000)]
          RenderDeprecatedFlexibleBox {DIV} at (3,3) size 38x17
            RenderBlock {DIV} at (2,4) size 34x9 [bgcolor=#00FF00] [border: (1px solid #777777)]
        RenderText {#text} at (44,27) size 5x19
          text run at (44,27) width 5: " "
        RenderBlock {INPUT} at (49,19) size 44x23 [bgcolor=#FFFFFF] [border: (2px inset #000000)]
          RenderDeprecatedFlexibleBox {DIV} at (3,3) size 38x17
            RenderBlock {DIV} at (2,4) size 34x9 [bgcolor=#00FF00] [border: (1px solid #777777)]
        RenderText {#text} at (93,27) size 5x19
          text run at (93,27) width 5: " "
        RenderBlock {INPUT} at (98,19) size 44x23 [bgcolor=#FFFFFF] [border: (2px inset #000000)]
          RenderDeprecatedFlexibleBox {DIV} at (3,3) size 38x17
            RenderBlock {DIV} at (2,4) size 34x9 [bgcolor=#00FF00] [border: (1px solid #777777)]
        RenderText {#text} at (142,27) size 5x19
          text run at (142,27) width 5: " "
        RenderBlock {INPUT} at (147,19) size 88x23 [bgcolor=#FFFFFF]
          RenderDeprecatedFlexibleBox {DIV} at (6,5) size 60x13
            RenderBlock {DIV} at (8,4) size 28x5 [bgcolor=#00FF00] [border: (1px solid #000000)]
        RenderText {#text} at (235,27) size 5x19
          text run at (235,27) width 5: " "
        RenderBlock {INPUT} at (240,19) size 88x23 [bgcolor=#FFFFFF]
          RenderDeprecatedFlexibleBox {DIV} at (6,5) size 60x13
            RenderBlock {DIV} at (8,4) size 28x5 [bgcolor=#00FF00] [border: (1px solid #000000)]
        RenderText {#text} at (328,27) size 5x19
          text run at (328,27) width 5: " "
        RenderBlock {INPUT} at (333,19) size 88x23 [bgcolor=#FFFFFF]
          RenderDeprecatedFlexibleBox {DIV} at (6,5) size 60x13
            RenderBlock {DIV} at (8,4) size 28x5 [bgcolor=#00FF00] [border: (1px solid #000000)]
        RenderText {#text} at (0,0) size 0x0
      RenderBlock {H3} at (0,204) size 964x22
        RenderText {#text} at (0,0) size 156x22
          text run at (0,0) width 156: "Various Colors"
      RenderBlock (anonymous) at (0,244) size 964x27
        RenderBlock {INPUT} at (0,0) size 44x23 [bgcolor=#FFFFFF] [border: (2px inset #000000)]
          RenderDeprecatedFlexibleBox {DIV} at (3,3) size 38x17
            RenderBlock {DIV} at (2,4) size 34x9 [bgcolor=#FF0000] [border: (1px solid #777777)]
        RenderText {#text} at (44,8) size 5x19
          text run at (44,8) width 5: " "
        RenderBlock {INPUT} at (49,0) size 44x23 [bgcolor=#FFFFFF] [border: (2px inset #000000)]
          RenderDeprecatedFlexibleBox {DIV} at (3,3) size 38x17
            RenderBlock {DIV} at (2,4) size 34x9 [bgcolor=#00FF00] [border: (1px solid #777777)]
        RenderText {#text} at (93,8) size 5x19
          text run at (93,8) width 5: " "
        RenderBlock {INPUT} at (98,0) size 44x23 [bgcolor=#FFFFFF] [border: (2px inset #000000)]
          RenderDeprecatedFlexibleBox {DIV} at (3,3) size 38x17
            RenderBlock {DIV} at (2,4) size 34x9 [bgcolor=#0000FF] [border: (1px solid #777777)]
        RenderText {#text} at (142,8) size 5x19
          text run at (142,8) width 5: " "
        RenderBlock {INPUT} at (147,0) size 44x23 [bgcolor=#FFFFFF] [border: (2px inset #000000)]
          RenderDeprecatedFlexibleBox {DIV} at (3,3) size 38x17
            RenderBlock {DIV} at (2,4) size 34x9 [bgcolor=#EC008C] [border: (1px solid #777777)]
        RenderText {#text} at (191,8) size 5x19
          text run at (191,8) width 5: " "
        RenderBlock {INPUT} at (196,0) size 44x23 [bgcolor=#FFFFFF] [border: (2px inset #000000)]
          RenderDeprecatedFlexibleBox {DIV} at (3,3) size 38x17
            RenderBlock {DIV} at (2,4) size 34x9 [bgcolor=#40E0D0] [border: (1px solid #777777)]
        RenderText {#text} at (240,8) size 5x19
          text run at (240,8) width 5: " "
        RenderBlock {INPUT} at (245,0) size 88x23 [bgcolor=#FFFFFF]
          RenderDeprecatedFlexibleBox {DIV} at (6,5) size 60x13
            RenderBlock {DIV} at (8,4) size 28x5 [bgcolor=#FF0000] [border: (1px solid #000000)]
        RenderText {#text} at (333,8) size 5x19
          text run at (333,8) width 5: " "
        RenderBlock {INPUT} at (338,0) size 88x23 [bgcolor=#FFFFFF]
          RenderDeprecatedFlexibleBox {DIV} at (6,5) size 60x13
            RenderBlock {DIV} at (8,4) size 28x5 [bgcolor=#00FF00] [border: (1px solid #000000)]
        RenderText {#text} at (426,8) size 5x19
          text run at (426,8) width 5: " "
        RenderBlock {INPUT} at (431,0) size 88x23 [bgcolor=#FFFFFF]
          RenderDeprecatedFlexibleBox {DIV} at (6,5) size 60x13
            RenderBlock {DIV} at (8,4) size 28x5 [bgcolor=#0000FF] [border: (1px solid #000000)]
        RenderText {#text} at (519,8) size 5x19
          text run at (519,8) width 5: " "
        RenderBlock {INPUT} at (524,0) size 88x23 [bgcolor=#FFFFFF]
          RenderDeprecatedFlexibleBox {DIV} at (6,5) size 60x13
            RenderBlock {DIV} at (8,4) size 28x5 [bgcolor=#EC008C] [border: (1px solid #000000)]
        RenderText {#text} at (612,8) size 5x19
          text run at (612,8) width 5: " "
        RenderBlock {INPUT} at (617,0) size 88x23 [bgcolor=#FFFFFF]
          RenderDeprecatedFlexibleBox {DIV} at (6,5) size 60x13
            RenderBlock {DIV} at (8,4) size 28x5 [bgcolor=#40E0D0] [border: (1px solid #000000)]
        RenderText {#text} at (0,0) size 0x0
      RenderBlock {H3} at (0,289) size 964x22
        RenderText {#text} at (0,0) size 149x22
          text run at (0,0) width 149: "Arbitrary Size"
      RenderBlock (anonymous) at (0,329) size 964x30
        RenderBlock {INPUT} at (0,0) size 100x30 [bgcolor=#FFFFFF] [border: (2px inset #000000)]
          RenderDeprecatedFlexibleBox {DIV} at (3,3) size 94x24
            RenderBlock {DIV} at (2,4) size 90x16 [bgcolor=#FF0000] [border: (1px solid #777777)]
