layer at (0,0) size 980x735
  RenderView at (0,0) size 980x735
layer at (0,0) size 980x24
  RenderBlock {html} at (0,0) size 980x24
    RenderBody {body} at (8,16) size 964x0
      RenderBlock {p} at (0,0) size 964x19
        RenderText {#text} at (0,0) size 504x19
          text run at (0,0) width 504: "The entire canvas should be green and there should be no red."
