layer at (0,0) size 980x735
  RenderView at (0,0) size 980x735
layer at (0,0) size 980x51
  RenderBlock {HTML} at (0,0) size 980x51
    RenderBlock (anonymous) at (0,0) size 980x0
      RenderInline {body} at (0,0) size 0x0 [color=#000080]
    RenderBody {BODY} at (8,16) size 964x19 [color=#000080]
      RenderBlock {P} at (0,0) size 964x19
        RenderText {#text} at (0,0) size 298x19
          text run at (0,0) width 298: "The entire viewport should be yellow."
