layer at (0,0) size 980x735
  RenderView at (0,0) size 980x735
layer at (0,0) size 980x735
  RenderBlock {HTML} at (0,0) size 980x735
    RenderBody {BODY} at (8,8) size 964x719
      RenderBlock {H1} at (0,0) size 964x74
        RenderText {#text} at (0,0) size 943x75
          text run at (0,0) width 943: "Two gradients, one with zero radius that should not"
          text run at (0,37) width 111: "crash."
      RenderBlock {DIV} at (0,95) size 154x154 [border: (2px solid #000000)]
