layer at (0,0) size 980x735
  RenderView at (0,0) size 980x735
layer at (0,0) size 980x735
  RenderBlock {HTML} at (0,0) size 980x735
    RenderBody {BODY} at (8,8) size 964x711
      RenderBlock {UL} at (0,0) size 964x57
        RenderListItem {LI} at (40,0) size 924x19
          RenderListMarker at (-14,8) size 7x7
          RenderText {#text} at (0,0) size 75x19
            text run at (0,0) width 75: "Item One"
        RenderListItem {LI} at (40,19) size 924x19
          RenderListMarker at (-14,8) size 7x7
          RenderText {#text} at (0,0) size 75x19
            text run at (0,0) width 75: "Item Two"
        RenderListItem {LI} at (40,38) size 924x19
          RenderListMarker at (-14,8) size 7x7
          RenderText {#text} at (0,0) size 89x19
            text run at (0,0) width 89: "Item Three"
