layer at (0,0) size 980x735
  RenderView at (0,0) size 980x735
layer at (0,0) size 980x735
  RenderBlock {HTML} at (0,0) size 980x735
    RenderBody {BODY} at (8,8) size 964x719
      RenderBlock {H1} at (0,0) size 964x37
        RenderText {#text} at (0,0) size 448x38
          text run at (0,0) width 448: "Radial Gradient Example"
      RenderBlock {DIV} at (0,58) size 154x154 [border: (2px solid #000000)]
      RenderBlock {H1} at (0,233) size 964x37
        RenderText {#text} at (0,0) size 448x38
          text run at (0,0) width 448: "Linear Gradient Example"
      RenderBlock {DIV} at (0,291) size 154x154 [border: (2px solid #000000)]
