layer at (0,0) size 800x600
  RenderView at (0,0) size 800x600
layer at (0,0) size 800x600
  RenderBlock {HTML} at (0,0) size 800x600
    RenderBody {BODY} at (8,8) size 784x580
      RenderBlock {FORM} at (0,0) size 784x66
        RenderText {#text} at (191,39) size 3x14
          text run at (191,39) width 3: " "
        RenderText {#text} at (385,39) size 3x14
          text run at (385,39) width 3: " "
        RenderButton {INPUT} at (390,28) size 72x36 [color=#202020]
          RenderBlock (anonymous) at (15,8) size 42x18
            RenderText at (0,0) size 42x17
              text run at (0,0) width 42: "Reset"
        RenderText {#text} at (0,0) size 0x0
      RenderBlock {P} at (0,78) size 784x56
        RenderText {#text} at (0,0) size 269x14
          text run at (0,0) width 269: "This test verifies that textarea controls are properly reset. "
        RenderBR {BR} at (269,11) size 0x0
        RenderText {#text} at (0,14) size 355x14
          text run at (0,14) width 355: "You should see two element IDs below, and the word \"SUCCESS\" twice: "
        RenderBR {BR} at (355,25) size 0x0
        RenderText {#text} at (0,28) size 130x14
          text run at (0,28) width 130: "noDefaultText: SUCCESS "
        RenderBR {BR} at (130,39) size 0x0
        RenderText {#text} at (0,42) size 131x14
          text run at (0,42) width 131: "hasDefaultText: SUCCESS"
layer at (10,10) size 187x46
  RenderTextControl {TEXTAREA} at (2,2) size 187x46 [color=#202020]
    RenderBlock {DIV} at (4,6) size 180x18
layer at (204,10) size 187x46
  RenderTextControl {TEXTAREA} at (196,2) size 187x46 [color=#202020]
    RenderBlock {DIV} at (4,6) size 180x18
      RenderText {#text} at (0,0) size 86x17
        text run at (0,0) width 86: "Default Text"
