layer at (0,0) size 800x600
  RenderView at (0,0) size 800x600
layer at (0,0) size 800x600
  RenderBlock {HTML} at (0,0) size 800x600
    RenderBody {BODY} at (8,8) size 784x584
      RenderTable {TABLE} at (0,0) size 60x26 [border: (2px solid #FF0000)]
        RenderTableSection {TBODY} at (2,2) size 56x22
          RenderTableRow {TR} at (0,2) size 56x18
            RenderTableCell {TD} at (2,2) size 24x18 [border: (1px inset #FF0000)] [r=0 c=0 rs=1 cs=1]
              RenderText {#text} at (2,2) size 20x14
                text run at (2,2) width 20: "One"
            RenderTableCell {TD} at (28,2) size 26x18 [border: (1px inset #FF0000)] [r=0 c=1 rs=1 cs=1]
              RenderText {#text} at (2,2) size 22x14
                text run at (2,2) width 22: "Two"
      RenderBlock (anonymous) at (0,26) size 784x14
        RenderBR {BR} at (0,0) size 0x14
      RenderTable {TABLE} at (0,40) size 62x28 [border: (3px solid #FF0000)]
        RenderTableSection {TBODY} at (3,3) size 56x22
          RenderTableRow {TR} at (0,2) size 56x18
            RenderTableCell {TD} at (2,2) size 24x18 [border: (1px inset #FF0000)] [r=0 c=0 rs=1 cs=1]
              RenderText {#text} at (2,2) size 20x14
                text run at (2,2) width 20: "One"
            RenderTableCell {TD} at (28,2) size 26x18 [border: (1px inset #FF0000)] [r=0 c=1 rs=1 cs=1]
              RenderText {#text} at (2,2) size 22x14
                text run at (2,2) width 22: "Two"
      RenderTable {TABLE} at (0,68) size 51x24 [border: (1px outset #808080)]
        RenderTableSection {TBODY} at (1,1) size 49x22
          RenderTableRow {TR} at (0,2) size 49x18
            RenderTableCell {TD} at (2,2) size 21x18 [border: (1px inset #808080)] [r=0 c=0 rs=1 cs=1]
              RenderText {#text} at (2,2) size 17x14
                text run at (2,2) width 17: "one"
            RenderTableCell {TD} at (25,2) size 22x18 [border: (1px inset #808080)] [r=0 c=1 rs=1 cs=1]
              RenderText {#text} at (2,2) size 18x14
                text run at (2,2) width 18: "two"
      RenderBlock (anonymous) at (0,92) size 784x14
        RenderBR {BR} at (0,0) size 0x14
      RenderTable {TABLE} at (0,106) size 53x20
        RenderTableSection {TBODY} at (0,0) size 53x20
          RenderTableRow {TR} at (0,2) size 53x16
            RenderTableCell {TD} at (2,2) size 14x16 [r=0 c=0 rs=1 cs=1]
              RenderText {#text} at (1,1) size 12x14
                text run at (1,1) width 12: "no"
            RenderTableCell {TD} at (18,2) size 33x16 [r=0 c=1 rs=1 cs=1]
              RenderText {#text} at (1,1) size 31x14
                text run at (1,1) width 31: "border"
      RenderBlock (anonymous) at (0,126) size 784x14
        RenderText {#text} at (0,0) size 49x14
          text run at (0,0) width 49: "This table:"
      RenderTable {TABLE} at (0,140) size 58x24 [border: (1px solid #FF0000)]
        RenderTableSection {TBODY} at (1,1) size 56x22
          RenderTableRow {TR} at (0,2) size 56x18
            RenderTableCell {TD} at (2,2) size 24x18 [border: (1px inset #FF0000)] [r=0 c=0 rs=1 cs=1]
              RenderText {#text} at (2,2) size 20x14
                text run at (2,2) width 20: "One"
            RenderTableCell {TD} at (28,2) size 26x18 [border: (1px inset #FF0000)] [r=0 c=1 rs=1 cs=1]
              RenderText {#text} at (2,2) size 22x14
                text run at (2,2) width 22: "Two"
      RenderBlock (anonymous) at (0,164) size 784x28
        RenderBR {BR} at (0,0) size 0x14
        RenderText {#text} at (0,14) size 141x14
          text run at (0,14) width 141: "Should look just like this one:"
      RenderTable {TABLE} at (0,192) size 60x26 [border: (2px outset #808080)]
        RenderTableSection {TBODY} at (2,2) size 56x22
          RenderTableRow {TR} at (0,2) size 56x18
            RenderTableCell {TD} at (2,2) size 24x18 [border: (1px inset #808080)] [r=0 c=0 rs=1 cs=1]
              RenderText {#text} at (2,2) size 20x14
                text run at (2,2) width 20: "One"
            RenderTableCell {TD} at (28,2) size 26x18 [border: (1px inset #808080)] [r=0 c=1 rs=1 cs=1]
              RenderText {#text} at (2,2) size 22x14
                text run at (2,2) width 22: "Two"
      RenderBlock (anonymous) at (0,218) size 784x14
        RenderBR {BR} at (0,0) size 0x14
      RenderTable {TABLE} at (0,232) size 51x24 [border: (1px solid #FF0000)]
        RenderTableSection {TBODY} at (1,1) size 49x22
          RenderTableRow {TR} at (0,2) size 49x18
            RenderTableCell {TD} at (2,2) size 21x18 [border: (1px solid #008000)] [r=0 c=0 rs=1 cs=1]
              RenderText {#text} at (2,2) size 17x14
                text run at (2,2) width 17: "one"
            RenderTableCell {TD} at (25,2) size 22x18 [border: (1px solid #FF0000)] [r=0 c=1 rs=1 cs=1]
              RenderText {#text} at (2,2) size 18x14
                text run at (2,2) width 18: "two"
      RenderBlock (anonymous) at (0,256) size 784x14
        RenderBR {BR} at (0,0) size 0x14
      RenderTable {TABLE} at (0,270) size 83x44 [border: (1px solid #FF0000)]
        RenderTableSection {TBODY} at (1,1) size 81x42
          RenderTableRow {TR} at (0,2) size 81x18
            RenderTableCell {TD} at (2,2) size 24x18 [border: (1px solid #008000)] [r=0 c=0 rs=1 cs=1]
              RenderText {#text} at (2,2) size 17x14
                text run at (2,2) width 17: "one"
            RenderTableCell {TD} at (28,2) size 22x18 [border: (1px solid #FF0000)] [r=0 c=1 rs=1 cs=1]
              RenderText {#text} at (2,2) size 18x14
                text run at (2,2) width 18: "two"
            RenderTableCell {TD} at (52,2) size 27x18 [border: (1px solid #0000FF)] [r=0 c=2 rs=1 cs=1]
              RenderText {#text} at (2,2) size 23x14
                text run at (2,2) width 23: "three"
          RenderTableRow {TR} at (0,22) size 81x18
            RenderTableCell {TD} at (2,22) size 24x18 [border: (1px solid #008000)] [r=1 c=0 rs=1 cs=1]
              RenderText {#text} at (2,2) size 20x14
                text run at (2,2) width 20: "four"
            RenderTableCell {TD} at (28,22) size 22x18 [border: (1px solid #FFFF00)] [r=1 c=1 rs=1 cs=1]
              RenderText {#text} at (2,2) size 18x14
                text run at (2,2) width 18: "five"
            RenderTableCell {TD} at (52,22) size 27x18 [border: (1px solid #FFA500)] [r=1 c=2 rs=1 cs=1]
              RenderText {#text} at (2,2) size 14x14
                text run at (2,2) width 14: "six"
      RenderBlock (anonymous) at (0,314) size 784x14
        RenderBR {BR} at (0,0) size 0x14
      RenderTable {TABLE} at (0,328) size 83x44 [border: (1px solid #FF0000)]
        RenderTableSection {TBODY} at (1,1) size 81x42
          RenderTableRow {TR} at (0,2) size 81x18
            RenderTableCell {TD} at (2,2) size 24x18 [border: (1px solid #008000)] [r=0 c=0 rs=1 cs=1]
              RenderText {#text} at (2,2) size 17x14
                text run at (2,2) width 17: "one"
            RenderTableCell {TD} at (28,2) size 22x18 [border: (1px solid #FF0000)] [r=0 c=1 rs=1 cs=1]
              RenderText {#text} at (2,2) size 18x14
                text run at (2,2) width 18: "two"
            RenderTableCell {TD} at (52,2) size 27x18 [border: (1px solid #0000FF)] [r=0 c=2 rs=1 cs=1]
              RenderText {#text} at (2,2) size 23x14
                text run at (2,2) width 23: "three"
          RenderTableRow {TR} at (0,22) size 81x18
            RenderTableCell {TD} at (2,22) size 24x18 [border: (1px solid #008000)] [r=1 c=0 rs=1 cs=1]
              RenderText {#text} at (2,2) size 20x14
                text run at (2,2) width 20: "four"
            RenderTableCell {TD} at (28,22) size 22x18 [border: (1px solid #FFFF00)] [r=1 c=1 rs=1 cs=1]
              RenderText {#text} at (2,2) size 18x14
                text run at (2,2) width 18: "five"
            RenderTableCell {TD} at (52,22) size 27x18 [border: (1px solid #FFA500)] [r=1 c=2 rs=1 cs=1]
              RenderText {#text} at (2,2) size 14x14
                text run at (2,2) width 14: "six"
      RenderBlock (anonymous) at (0,372) size 784x14
        RenderBR {BR} at (0,0) size 0x14
      RenderTable {TABLE} at (0,386) size 55x32 [border: (5px outset #808080)]
        RenderTableSection {TBODY} at (5,5) size 45x22
          RenderTableRow {TR} at (0,2) size 45x18
            RenderTableCell {TD} at (2,2) size 20x18 [border: (1px inset #808080)] [r=0 c=0 rs=1 cs=1]
              RenderText {#text} at (2,2) size 16x14
                text run at (2,2) width 16: "foo"
            RenderTableCell {TD} at (24,2) size 19x18 [border: (1px inset #808080)] [r=0 c=1 rs=1 cs=1]
              RenderText {#text} at (2,2) size 15x14
                text run at (2,2) width 15: "bar"
      RenderBlock (anonymous) at (0,418) size 784x14
        RenderBR {BR} at (0,0) size 0x14
      RenderTable {TABLE} at (0,432) size 59x34 [border: (5px outset #808080)]
        RenderTableSection {TBODY} at (5,5) size 49x24
          RenderTableRow {TR} at (0,2) size 49x20
            RenderTableCell {TD} at (2,2) size 22x20 [border: (2px solid #FF0000)] [r=0 c=0 rs=1 cs=1]
              RenderText {#text} at (3,3) size 16x14
                text run at (3,3) width 16: "foo"
            RenderTableCell {TD} at (26,2) size 21x20 [border: (2px solid #FF0000)] [r=0 c=1 rs=1 cs=1]
              RenderText {#text} at (3,3) size 15x14
                text run at (3,3) width 15: "bar"
