layer at (0,0) size 800x600
  RenderView at (0,0) size 800x600
layer at (0,0) size 800x600
  RenderBlock {HTML} at (0,0) size 800x600
    RenderBody {BODY} at (8,8) size 784x584
      RenderTable {TABLE} at (0,0) size 100x102 [bgcolor=#0000FF] [border: (20px solid #000000)]
        RenderTableSection {TBODY} at (30,30) size 40x42
          RenderTableRow {TR} at (0,2) size 40x18
            RenderTableCell {TD} at (2,2) size 36x18 [border: (1px inset #000000)] [r=0 c=0 rs=1 cs=1]
              RenderText {#text} at (2,2) size 16x14
                text run at (2,2) width 16: "foo"
          RenderTableRow {TR} at (0,22) size 40x18
            RenderTableCell {TD} at (2,22) size 36x18 [border: (1px inset #000000)] [r=1 c=0 rs=1 cs=1]
              RenderText {#text} at (2,2) size 15x14
                text run at (2,2) width 15: "bar"
      RenderBlock (anonymous) at (0,102) size 784x14
        RenderBR {BR} at (0,0) size 0x14
      RenderTable {TABLE} at (0,116) size 100x102 [bgcolor=#0000FF] [border: (20px solid #000000)]
        RenderTableSection {TBODY} at (30,30) size 40x42
          RenderTableRow {TR} at (0,2) size 40x18
            RenderTableCell {TD} at (2,2) size 36x18 [border: (1px inset #000000)] [r=0 c=0 rs=1 cs=1]
              RenderText {#text} at (2,2) size 16x14
                text run at (2,2) width 16: "foo"
          RenderTableRow {TR} at (0,22) size 40x18
            RenderTableCell {TD} at (2,22) size 36x18 [border: (1px inset #000000)] [r=1 c=0 rs=1 cs=1]
              RenderText {#text} at (2,2) size 15x14
                text run at (2,2) width 15: "bar"
      RenderBlock (anonymous) at (0,218) size 784x14
        RenderBR {BR} at (0,0) size 0x14
      RenderTable {TABLE} at (0,232) size 100x102 [bgcolor=#0000FF] [border: (20px solid #000000)]
        RenderTableSection {TBODY} at (30,30) size 40x42
          RenderTableRow {TR} at (0,2) size 40x18
            RenderTableCell {TD} at (2,2) size 36x18 [border: (1px inset #000000)] [r=0 c=0 rs=1 cs=1]
              RenderText {#text} at (2,2) size 16x14
                text run at (2,2) width 16: "foo"
          RenderTableRow {TR} at (0,22) size 40x18
            RenderTableCell {TD} at (2,22) size 36x18 [border: (1px inset #000000)] [r=1 c=0 rs=1 cs=1]
              RenderText {#text} at (2,2) size 15x14
                text run at (2,2) width 15: "bar"
