layer at (0,0) size 800x992
  RenderView at (0,0) size 800x600
layer at (0,0) size 800x992
  RenderBlock {HTML} at (0,0) size 800x992
    RenderBody {BODY} at (8,8) size 784x976
      RenderTable {TABLE} at (0,0) size 784x598 [border: (1px outset #808080)]
        RenderBlock {CAPTION} at (0,0) size 782x14
          RenderInline {NOBR} at (0,0) size 460x14
            RenderText {#text} at (161,0) size 460x14
              text run at (161,0) width 267: "caption is considered part of % width, not so in Nav4.6, "
              text run at (428,0) width 193: "caption is not considered part of %height"
          RenderText {#text} at (0,0) size 0x0
        RenderTableSection {TBODY} at (1,15) size 782x582
          RenderTableRow {TR} at (0,2) size 782x578
            RenderTableCell {TD} at (2,273) size 778x36 [border: (1px inset #808080)] [r=0 c=0 rs=1 cs=1]
              RenderText {#text} at (11,11) size 25x14
                text run at (11,11) width 25: "FOO"
      RenderBlock (anonymous) at (0,598) size 784x14
        RenderBR {BR} at (0,0) size 0x14
      RenderTable {TABLE} at (0,612) size 399x38 [border: (1px outset #808080)]
        RenderBlock {CAPTION} at (0,0) size 397x14
          RenderText {#text} at (175,0) size 47x14
            text run at (175,0) width 47: "top center"
        RenderTableSection {TBODY} at (1,15) size 397x22
          RenderTableRow {TR} at (0,2) size 397x18
            RenderTableCell {TD} at (2,2) size 393x18 [border: (1px inset #808080)] [r=0 c=0 rs=1 cs=1]
              RenderText {#text} at (2,2) size 389x14
                text run at (2,2) width 389: "FOO FOO FOO FOO FOO FOO FOO FOO FOO FOO FOO FOO FOO FOO"
      RenderBlock (anonymous) at (0,650) size 784x14
        RenderBR {BR} at (0,0) size 0x14
      RenderTable {TABLE} at (0,664) size 399x38 [border: (1px outset #808080)]
        RenderBlock {CAPTION} at (0,0) size 397x14
          RenderText {#text} at (357,0) size 40x14
            text run at (357,0) width 40: "top right"
        RenderTableSection {TBODY} at (1,15) size 397x22
          RenderTableRow {TR} at (0,2) size 397x18
            RenderTableCell {TD} at (2,2) size 393x18 [border: (1px inset #808080)] [r=0 c=0 rs=1 cs=1]
              RenderText {#text} at (2,2) size 389x14
                text run at (2,2) width 389: "FOO FOO FOO FOO FOO FOO FOO FOO FOO FOO FOO FOO FOO FOO"
      RenderBlock (anonymous) at (0,702) size 784x14
        RenderBR {BR} at (0,0) size 0x14
      RenderTable {TABLE} at (0,716) size 399x38 [border: (1px outset #808080)]
        RenderBlock {CAPTION} at (0,24) size 397x14
          RenderText {#text} at (166,0) size 65x14
            text run at (166,0) width 65: "bottom center"
        RenderTableSection {TBODY} at (1,1) size 397x22
          RenderTableRow {TR} at (0,2) size 397x18
            RenderTableCell {TD} at (2,2) size 393x18 [border: (1px inset #808080)] [r=0 c=0 rs=1 cs=1]
              RenderText {#text} at (2,2) size 389x14
                text run at (2,2) width 389: "FOO FOO FOO FOO FOO FOO FOO FOO FOO FOO FOO FOO FOO FOO"
      RenderBlock (anonymous) at (0,754) size 784x14
        RenderBR {BR} at (0,0) size 0x14
      RenderTable {TABLE} at (0,768) size 399x38 [border: (1px outset #808080)]
        RenderBlock {CAPTION} at (0,24) size 397x14
          RenderText {#text} at (0,0) size 51x14
            text run at (0,0) width 51: "bottom left"
        RenderTableSection {TBODY} at (1,1) size 397x22
          RenderTableRow {TR} at (0,2) size 397x18
            RenderTableCell {TD} at (2,2) size 393x18 [border: (1px inset #808080)] [r=0 c=0 rs=1 cs=1]
              RenderText {#text} at (2,2) size 389x14
                text run at (2,2) width 389: "FOO FOO FOO FOO FOO FOO FOO FOO FOO FOO FOO FOO FOO FOO"
      RenderBlock (anonymous) at (0,806) size 784x14
        RenderBR {BR} at (0,0) size 0x14
      RenderTable {TABLE} at (0,820) size 399x38 [border: (1px outset #808080)]
        RenderBlock {CAPTION} at (0,0) size 397x14
          RenderText {#text} at (175,0) size 47x14
            text run at (175,0) width 47: "top center"
        RenderTableSection {TBODY} at (1,15) size 397x22
          RenderTableRow {TR} at (0,2) size 397x18
            RenderTableCell {TD} at (2,2) size 393x18 [border: (1px inset #808080)] [r=0 c=0 rs=1 cs=1]
              RenderText {#text} at (2,2) size 389x14
                text run at (2,2) width 389: "FOO FOO FOO FOO FOO FOO FOO FOO FOO FOO FOO FOO FOO FOO"
      RenderBlock (anonymous) at (0,858) size 784x14
        RenderBR {BR} at (0,0) size 0x14
      RenderTable {TABLE} at (0,872) size 399x38 [border: (1px outset #808080)]
        RenderBlock {CAPTION} at (0,24) size 397x14
          RenderText {#text} at (166,0) size 65x14
            text run at (166,0) width 65: "bottom center"
        RenderTableSection {TBODY} at (1,1) size 397x22
          RenderTableRow {TR} at (0,2) size 397x18
            RenderTableCell {TD} at (2,2) size 393x18 [border: (1px inset #808080)] [r=0 c=0 rs=1 cs=1]
              RenderText {#text} at (2,2) size 389x14
                text run at (2,2) width 389: "FOO FOO FOO FOO FOO FOO FOO FOO FOO FOO FOO FOO FOO FOO"
      RenderBlock (anonymous) at (0,910) size 784x14
        RenderBR {BR} at (0,0) size 0x14
      RenderTable {TABLE} at (0,924) size 399x38 [border: (1px outset #808080)]
        RenderBlock {CAPTION} at (0,0) size 397x14
          RenderText {#text} at (175,0) size 47x14
            text run at (175,0) width 47: "top center"
        RenderTableSection {TBODY} at (1,15) size 397x22
          RenderTableRow {TR} at (0,2) size 397x18
            RenderTableCell {TD} at (2,2) size 393x18 [border: (1px inset #808080)] [r=0 c=0 rs=1 cs=1]
              RenderText {#text} at (2,2) size 389x14
                text run at (2,2) width 389: "FOO FOO FOO FOO FOO FOO FOO FOO FOO FOO FOO FOO FOO FOO"
      RenderBlock (anonymous) at (0,962) size 784x14
        RenderBR {BR} at (0,0) size 0x14
