layer at (0,0) size 800x15270
  RenderView at (0,0) size 800x600
layer at (0,0) size 800x15270
  RenderBlock {HTML} at (0,0) size 800x15270
    RenderBody {BODY} at (8,8) size 784x15254
      RenderTable {TABLE} at (0,0) size 32x584 [bgcolor=#0000FF] [border: (1px outset #808080)]
        RenderTableSection {TBODY} at (1,1) size 30x582
          RenderTableRow {TR} at (0,2) size 30x114
            RenderTableCell {TD} at (2,50) size 26x18 [border: (1px inset #808080)] [r=0 c=0 rs=1 cs=1]
              RenderText {#text} at (2,2) size 22x14
                text run at (2,2) width 22: "20%"
          RenderTableRow {TR} at (0,118) size 30x462
            RenderTableCell {TD} at (2,340) size 26x18 [border: (1px inset #808080)] [r=1 c=0 rs=1 cs=1]
              RenderText {#text} at (2,2) size 22x14
                text run at (2,2) width 22: "80%"
      RenderBlock (anonymous) at (0,584) size 784x14
        RenderBR {BR} at (0,0) size 0x14
      RenderTable {TABLE} at (0,598) size 44x108 [bgcolor=#0000FF] [border: (1px outset #808080)]
        RenderTableSection {TBODY} at (1,1) size 42x106
          RenderTableRow {TR} at (0,2) size 42x50
            RenderTableCell {TD} at (2,18) size 38x18 [border: (1px inset #808080)] [r=0 c=0 rs=1 cs=1]
              RenderText {#text} at (2,2) size 34x14
                text run at (2,2) width 34: "row 50"
          RenderTableRow {TR} at (0,54) size 42x50
            RenderTableCell {TD} at (2,70) size 38x18 [border: (1px inset #808080)] [r=1 c=0 rs=1 cs=1]
              RenderText {#text} at (2,2) size 12x14
                text run at (2,2) width 12: "50"
      RenderBlock (anonymous) at (0,706) size 784x14
        RenderBR {BR} at (0,0) size 0x14
      RenderTable {TABLE} at (0,720) size 22x104 [bgcolor=#0000FF] [border: (1px outset #808080)]
        RenderTableSection {TBODY} at (1,1) size 20x102
          RenderTableRow {TR} at (0,2) size 20x46
            RenderTableCell {TD} at (2,2) size 16x46 [border: (1px inset #808080)] [r=0 c=0 rs=1 cs=1]
              RenderText {#text} at (2,2) size 6x42
                text run at (2,2) width 6: "5"
                text run at (2,16) width 6: "5"
                text run at (2,30) width 6: "5"
          RenderTableRow {TR} at (0,50) size 20x50
            RenderTableCell {TD} at (2,66) size 16x18 [border: (1px inset #808080)] [r=1 c=0 rs=1 cs=1]
              RenderText {#text} at (2,2) size 12x14
                text run at (2,2) width 12: "50"
      RenderTable {TABLE} at (0,824) size 28x258 [bgcolor=#0000FF] [border: (1px outset #808080)]
        RenderTableSection {TBODY} at (1,1) size 26x256
          RenderTableRow {TR} at (0,2) size 26x200
            RenderTableCell {TD} at (2,93) size 22x18 [border: (1px inset #808080)] [r=0 c=0 rs=1 cs=1]
              RenderText {#text} at (2,2) size 18x14
                text run at (2,2) width 18: "200"
          RenderTableRow {TR} at (0,204) size 26x50
            RenderTableCell {TD} at (2,220) size 22x18 [border: (1px inset #808080)] [r=1 c=0 rs=1 cs=1]
              RenderText {#text} at (2,2) size 12x14
                text run at (2,2) width 12: "50"
      RenderBlock (anonymous) at (0,1082) size 784x14
        RenderBR {BR} at (0,0) size 0x14
      RenderTable {TABLE} at (0,1096) size 28x258 [bgcolor=#0000FF] [border: (1px outset #808080)]
        RenderTableSection {TBODY} at (1,1) size 26x256
          RenderTableRow {TR} at (0,2) size 26x200
            RenderTableCell {TD} at (2,93) size 22x18 [border: (1px inset #808080)] [r=0 c=0 rs=1 cs=1]
              RenderText {#text} at (2,2) size 18x14
                text run at (2,2) width 18: "200"
          RenderTableRow {TR} at (0,204) size 26x50
            RenderTableCell {TD} at (2,220) size 22x18 [border: (1px inset #808080)] [r=1 c=0 rs=1 cs=1]
              RenderText {#text} at (2,2) size 12x14
                text run at (2,2) width 12: "50"
      RenderBlock (anonymous) at (0,1354) size 784x14
        RenderBR {BR} at (0,0) size 0x14
      RenderTable {TABLE} at (0,1368) size 52x208 [bgcolor=#FFA500] [border: (1px outset #808080)]
        RenderTableSection {TBODY} at (1,1) size 50x206
          RenderTableRow {TR} at (0,2) size 50x100
            RenderTableCell {TD} at (2,94) size 22x18 [border: (1px inset #808080)] [r=0 c=0 rs=2 cs=1]
              RenderText {#text} at (2,2) size 18x14
                text run at (2,2) width 18: "100"
            RenderTableCell {TD} at (26,43) size 22x18 [border: (1px inset #808080)] [r=0 c=1 rs=1 cs=1]
              RenderText {#text} at (2,2) size 18x14
                text run at (2,2) width 18: "100"
          RenderTableRow {TR} at (0,104) size 50x100
            RenderTableCell {TD} at (26,131) size 22x46 [border: (1px inset #808080)] [r=1 c=1 rs=1 cs=1]
              RenderText {#text} at (2,2) size 18x42
                text run at (2,2) width 18: "100"
                text run at (2,16) width 18: "100"
                text run at (2,30) width 18: "100"
      RenderBlock (anonymous) at (0,1576) size 784x14
        RenderBR {BR} at (0,0) size 0x14
      RenderTable {TABLE} at (0,1590) size 38x24 [bgcolor=#FFFF00] [border: (1px outset #808080)]
        RenderTableSection {TBODY} at (1,1) size 36x22
          RenderTableRow {TR} at (0,2) size 36x18
            RenderTableCell {TD} at (2,2) size 32x18 [border: (1px inset #808080)] [r=0 c=0 rs=1 cs=1]
              RenderText {#text} at (2,2) size 28x14
                text run at (2,2) width 28: "100%"
      RenderBlock (anonymous) at (0,1614) size 784x14
        RenderBR {BR} at (0,0) size 0x14
      RenderTable {TABLE} at (0,1628) size 32x1628 [bgcolor=#FFA500] [border: (1px outset #808080)]
        RenderTableSection {TBODY} at (1,1) size 30x1626
          RenderTableRow {TR} at (0,2) size 30x323
            RenderTableCell {TD} at (2,154) size 26x18 [border: (1px inset #808080)] [r=0 c=0 rs=1 cs=1]
              RenderText {#text} at (2,2) size 22x14
                text run at (2,2) width 22: "20%"
          RenderTableRow {TR} at (0,327) size 30x1297
            RenderTableCell {TD} at (2,966) size 26x18 [border: (1px inset #808080)] [r=1 c=0 rs=1 cs=1]
              RenderText {#text} at (2,2) size 22x14
                text run at (2,2) width 22: "80%"
      RenderBlock (anonymous) at (0,3256) size 784x14
        RenderBR {BR} at (0,0) size 0x14
      RenderTable {TABLE} at (0,3270) size 50x206 [bgcolor=#808080] [border: (1px outset #808080)]
        RenderTableSection {TBODY} at (1,1) size 48x204
          RenderTableRow {TR} at (0,2) size 48x200
            RenderTableCell {TD} at (2,93) size 20x18 [border: (1px inset #808080)] [r=0 c=0 rs=1 cs=1]
              RenderText {#text} at (2,2) size 16x14
                text run at (2,2) width 16: "5%"
            RenderTableCell {TD} at (24,93) size 22x18 [border: (1px inset #808080)] [r=0 c=1 rs=1 cs=1]
              RenderText {#text} at (2,2) size 18x14
                text run at (2,2) width 18: "200"
      RenderBlock (anonymous) at (0,3476) size 784x14
        RenderBR {BR} at (0,0) size 0x14
      RenderTable {TABLE} at (0,3490) size 50x198 [bgcolor=#FFA500] [border: (1px outset #808080)]
        RenderTableSection {TBODY} at (1,1) size 48x196
          RenderTableRow {TR} at (0,2) size 48x192
            RenderTableCell {TD} at (2,89) size 26x18 [border: (1px inset #808080)] [r=0 c=0 rs=1 cs=1]
              RenderText {#text} at (2,2) size 22x14
                text run at (2,2) width 22: "50%"
            RenderTableCell {TD} at (30,89) size 16x18 [border: (1px inset #808080)] [r=0 c=1 rs=1 cs=1]
              RenderText {#text} at (2,2) size 12x14
                text run at (2,2) width 12: "20"
      RenderBlock (anonymous) at (0,3688) size 784x14
        RenderBR {BR} at (0,0) size 0x14
      RenderTable {TABLE} at (0,3702) size 32x3701 [border: (1px outset #808080)]
        RenderTableSection {TBODY} at (1,1) size 30x3699
          RenderTableRow {TR} at (0,2) size 30x534
            RenderTableCell {TD} at (2,260) size 26x18 [border: (1px inset #808080)] [r=0 c=0 rs=1 cs=1]
              RenderText {#text} at (2,2) size 18x14
                text run at (2,2) width 18: "500"
          RenderTableRow {TR} at (0,538) size 30x3159
            RenderTableCell {TD} at (2,2108) size 26x18 [border: (1px inset #808080)] [r=1 c=0 rs=1 cs=1]
              RenderText {#text} at (2,2) size 22x14
                text run at (2,2) width 22: "80%"
      RenderBlock (anonymous) at (0,7403) size 784x14
        RenderBR {BR} at (0,0) size 0x14
      RenderTable {TABLE} at (0,7417) size 82x7417 [bgcolor=#FF0000] [border: (1px outset #808080)]
        RenderTableSection {TBODY} at (1,1) size 80x7415
          RenderTableRow {TR} at (0,2) size 80x2315
            RenderTableCell {TD} at (2,2540) size 24x18 [border: (1px inset #808080)] [r=0 c=0 rs=2 cs=1]
              RenderText {#text} at (2,2) size 18x14
                text run at (2,2) width 18: "500"
            RenderTableCell {TD} at (28,1150) size 24x18 [border: (1px inset #808080)] [r=0 c=1 rs=1 cs=1]
              RenderText {#text} at (2,2) size 20x14
                text run at (2,2) width 20: "auto"
          RenderTableRow {TR} at (0,2319) size 80x2777
            RenderTableCell {TD} at (28,3698) size 24x18 [border: (1px inset #808080)] [r=1 c=1 rs=1 cs=1]
              RenderText {#text} at (2,2) size 20x14
                text run at (2,2) width 20: "auto"
            RenderTableCell {TD} at (54,3698) size 24x18 [border: (1px inset #808080)] [r=1 c=2 rs=1 cs=1]
              RenderText {#text} at (2,2) size 20x14
                text run at (2,2) width 20: "auto"
          RenderTableRow {TR} at (0,5098) size 80x2315
            RenderTableCell {TD} at (2,6246) size 24x18 [border: (1px inset #808080)] [r=2 c=0 rs=1 cs=1]
              RenderText {#text} at (2,2) size 20x14
                text run at (2,2) width 20: "auto"
            RenderTableCell {TD} at (28,6246) size 24x18 [border: (1px inset #808080)] [r=2 c=1 rs=1 cs=1]
              RenderText {#text} at (2,2) size 20x14
                text run at (2,2) width 20: "auto"
      RenderBlock (anonymous) at (0,14834) size 784x14
        RenderBR {BR} at (0,0) size 0x14
      RenderTable {TABLE} at (0,14848) size 44x406 [bgcolor=#FFA500] [border: (1px outset #808080)]
        RenderTableSection {TBODY} at (1,1) size 42x404
          RenderTableRow {TR} at (0,2) size 42x400
            RenderTableCell {TD} at (2,2) size 38x400 [border: (1px inset #808080)] [r=0 c=0 rs=1 cs=1]
              RenderTable {TABLE} at (2,2) size 34x396 [bgcolor=#0000FF]
                RenderTableSection {TBODY} at (0,0) size 34x396
                  RenderTableRow {TR} at (0,2) size 34x392
                    RenderTableCell {TD} at (2,190) size 30x16 [r=0 c=0 rs=1 cs=1]
                      RenderText {#text} at (1,1) size 28x14
                        text run at (1,1) width 28: "100%"
