layer at (0,0) size 800x600
  RenderView at (0,0) size 800x600
layer at (0,0) size 800x600
  RenderBlock {HTML} at (0,0) size 800x600
    RenderBody {BODY} at (8,8) size 784x584
      RenderTable {TABLE} at (0,0) size 150x24 [bgcolor=#00FF00] [border: (1px outset #808080)]
        RenderTableSection {TBODY} at (1,1) size 148x22
          RenderTableRow {TR} at (0,2) size 148x18
            RenderTableCell {TD} at (2,2) size 75x18 [border: (1px inset #808080)] [r=0 c=0 rs=1 cs=1]
              RenderText {#text} at (2,2) size 18x14
                text run at (2,2) width 18: "200"
            RenderTableCell {TD} at (79,2) size 67x18 [border: (1px inset #808080)] [r=0 c=1 rs=1 cs=1]
              RenderText {#text} at (2,2) size 47x14
                text run at (2,2) width 47: "one_hund"
      RenderBlock (anonymous) at (0,24) size 784x14
        RenderBR {BR} at (0,0) size 0x14
      RenderTable {TABLE} at (0,38) size 500x24 [border: (1px outset #808080)]
        RenderTableSection {TBODY} at (1,1) size 498x22
          RenderTableRow {TR} at (0,2) size 498x18
            RenderTableCell {TD} at (2,2) size 171x18 [bgcolor=#FF0000] [border: (1px inset #808080)] [r=0 c=0 rs=1 cs=1]
              RenderText {#text} at (2,2) size 58x14
                text run at (2,2) width 58: "fooooooooo"
            RenderTableCell {TD} at (175,2) size 171x18 [bgcolor=#008000] [border: (1px inset #808080)] [r=0 c=1 rs=1 cs=1]
              RenderText {#text} at (2,2) size 58x14
                text run at (2,2) width 58: "fooooooooo"
            RenderTableCell {TD} at (348,2) size 148x18 [bgcolor=#FFA500] [border: (1px inset #808080)] [r=0 c=2 rs=1 cs=1]
              RenderText {#text} at (2,2) size 73x14
                text run at (2,2) width 73: "foo foo foo foo"
      RenderBlock (anonymous) at (0,62) size 784x28
        RenderBR {BR} at (0,0) size 0x14
        RenderText {#text} at (0,14) size 273x14
          text run at (0,14) width 273: "fixed table - fixed cells are increased based on fixed width"
      RenderTable {TABLE} at (0,90) size 400x38 [border: (1px outset #808080)]
        RenderTableSection {TBODY} at (1,1) size 398x36
          RenderTableRow {TR} at (0,2) size 398x32
            RenderTableCell {TD} at (2,9) size 259x18 [border: (1px inset #808080)] [r=0 c=0 rs=1 cs=1]
              RenderText {#text} at (2,2) size 16x14
                text run at (2,2) width 16: "foo"
            RenderTableCell {TD} at (263,2) size 133x32 [border: (1px inset #808080)] [r=0 c=1 rs=1 cs=1]
              RenderText {#text} at (2,2) size 111x28
                text run at (2,2) width 111: "foo foo foo foo foo foo"
                text run at (2,16) width 35: "foo foo"
      RenderBlock (anonymous) at (0,128) size 784x42
        RenderBR {BR} at (0,0) size 0x14
        RenderBR {BR} at (0,14) size 0x14
        RenderText {#text} at (0,28) size 281x14
          text run at (0,28) width 281: "excess above min allocated based on fixed widths (not min)"
      RenderTable {TABLE} at (0,170) size 100x38 [border: (1px outset #808080)]
        RenderTableSection {TBODY} at (1,1) size 98x36
          RenderTableRow {TR} at (0,2) size 98x32
            RenderTableCell {TD} at (2,2) size 31x32 [border: (1px inset #808080)] [r=0 c=0 rs=1 cs=1]
              RenderText {#text} at (2,2) size 16x28
                text run at (2,2) width 16: "foo"
                text run at (2,16) width 16: "foo"
            RenderTableCell {TD} at (35,9) size 61x18 [border: (1px inset #808080)] [r=0 c=1 rs=1 cs=1]
              RenderText {#text} at (2,2) size 16x14
                text run at (2,2) width 16: "foo"
      RenderBlock (anonymous) at (0,208) size 784x28
        RenderBR {BR} at (0,0) size 0x14
        RenderText {#text} at (0,14) size 281x14
          text run at (0,14) width 281: "excess above min allocated based on fixed widths (not min)"
      RenderTable {TABLE} at (0,236) size 100x38 [border: (1px outset #808080)]
        RenderTableSection {TBODY} at (1,1) size 98x36
          RenderTableRow {TR} at (0,2) size 98x32
            RenderTableCell {TD} at (2,2) size 20x32 [border: (1px inset #808080)] [r=0 c=0 rs=1 cs=1]
              RenderText {#text} at (2,2) size 16x28
                text run at (2,2) width 16: "foo"
                text run at (2,16) width 16: "foo"
            RenderTableCell {TD} at (24,9) size 72x18 [border: (1px inset #808080)] [r=0 c=1 rs=1 cs=1]
              RenderText {#text} at (2,2) size 16x14
                text run at (2,2) width 16: "foo"
      RenderBlock (anonymous) at (0,274) size 784x14
        RenderBR {BR} at (0,0) size 0x14
      RenderTable {TABLE} at (0,288) size 600x24 [border: (1px outset #808080)]
        RenderTableSection {TBODY} at (1,1) size 598x22
          RenderTableRow {TR} at (0,2) size 598x18
            RenderTableCell {TD} at (2,2) size 20x18 [border: (1px inset #808080)] [r=0 c=0 rs=1 cs=1]
              RenderText {#text} at (2,2) size 16x14
                text run at (2,2) width 16: "foo"
            RenderTableCell {TD} at (24,2) size 572x18 [border: (1px inset #808080)] [r=0 c=1 rs=1 cs=1]
              RenderText {#text} at (2,2) size 16x14
                text run at (2,2) width 16: "foo"
      RenderBlock (anonymous) at (0,312) size 784x14
        RenderBR {BR} at (0,0) size 0x14
      RenderTable {TABLE} at (0,326) size 40x24 [border: (1px outset #808080)]
        RenderTableSection {TBODY} at (1,1) size 38x22
          RenderTableRow {TR} at (0,2) size 38x18
            RenderTableCell {TD} at (2,2) size 34x18 [border: (1px inset #808080)] [r=0 c=0 rs=1 cs=1]
              RenderText {#text} at (2,2) size 16x14
                text run at (2,2) width 16: "foo"
      RenderBlock (anonymous) at (0,350) size 784x28
        RenderBR {BR} at (0,0) size 0x14
        RenderText {#text} at (0,14) size 251x14
          text run at (0,14) width 251: "auto table - fixed width cell does not exceed viewport"
      RenderTable {TABLE} at (0,378) size 784x24 [border: (1px outset #808080)]
        RenderTableSection {TBODY} at (1,1) size 782x22
          RenderTableRow {TR} at (0,2) size 782x18
            RenderTableCell {TD} at (2,2) size 778x18 [border: (1px inset #808080)] [r=0 c=0 rs=1 cs=1]
              RenderText {#text} at (2,2) size 16x14
                text run at (2,2) width 16: "foo"
      RenderBlock (anonymous) at (0,402) size 784x28
        RenderBR {BR} at (0,0) size 0x14
        RenderText {#text} at (0,14) size 217x14
          text run at (0,14) width 217: "auto table - fixed cells cannot exceed viewport"
      RenderTable {TABLE} at (0,430) size 784x24 [border: (1px outset #808080)]
        RenderTableSection {TBODY} at (1,1) size 782x22
          RenderTableRow {TR} at (0,2) size 782x18
            RenderTableCell {TD} at (2,2) size 154x18 [border: (1px inset #808080)] [r=0 c=0 rs=1 cs=1]
              RenderText {#text} at (2,2) size 30x14
                text run at (2,2) width 30: "200px"
            RenderTableCell {TD} at (158,2) size 154x18 [border: (1px inset #808080)] [r=0 c=1 rs=1 cs=1]
              RenderText {#text} at (2,2) size 30x14
                text run at (2,2) width 30: "200px"
            RenderTableCell {TD} at (314,2) size 154x18 [border: (1px inset #808080)] [r=0 c=2 rs=1 cs=1]
              RenderText {#text} at (2,2) size 30x14
                text run at (2,2) width 30: "200px"
            RenderTableCell {TD} at (470,2) size 154x18 [border: (1px inset #808080)] [r=0 c=3 rs=1 cs=1]
              RenderText {#text} at (2,2) size 30x14
                text run at (2,2) width 30: "200px"
            RenderTableCell {TD} at (626,2) size 154x18 [border: (1px inset #808080)] [r=0 c=4 rs=1 cs=1]
              RenderText {#text} at (2,2) size 30x14
                text run at (2,2) width 30: "200px"
      RenderBlock (anonymous) at (0,454) size 784x28
        RenderBR {BR} at (0,0) size 0x14
        RenderText {#text} at (0,14) size 222x14
          text run at (0,14) width 222: "auto table - cell width does not include padding"
      RenderTable {TABLE} at (0,482) size 148x62 [border: (1px outset #808080)]
        RenderTableSection {TBODY} at (1,1) size 146x60
          RenderTableRow {TR} at (0,2) size 146x56
            RenderTableCell {TD} at (2,2) size 142x56 [border: (1px inset #808080)] [r=0 c=0 rs=1 cs=1]
              RenderText {#text} at (21,21) size 53x14
                text run at (21,21) width 53: "cell=100px"
      RenderBlock (anonymous) at (0,544) size 784x14
        RenderBR {BR} at (0,0) size 0x14
      RenderTable {TABLE} at (0,558) size 110x24 [border: (1px outset #808080)]
        RenderTableSection {TBODY} at (1,1) size 108x22
          RenderTableRow {TR} at (0,2) size 108x18
            RenderTableCell {TD} at (2,2) size 104x18 [border: (1px inset #808080)] [r=0 c=0 rs=1 cs=1]
              RenderText {#text} at (2,2) size 53x14
                text run at (2,2) width 53: "cell=100px"
