layer at (0,0) size 800x600
  RenderView at (0,0) size 800x600
layer at (0,0) size 800x600
  RenderBlock {HTML} at (0,0) size 800x600
    RenderBody {BODY} at (8,8) size 784x584
      RenderTable {TABLE} at (0,0) size 784x24 [border: (1px outset #808080)]
        RenderTableSection {TBODY} at (1,1) size 782x22
          RenderTableRow {TR} at (0,2) size 782x18
            RenderTableCell {TD} at (2,2) size 62x18 [bgcolor=#FF0000] [border: (1px inset #808080)] [r=0 c=0 rs=1 cs=1]
              RenderText {#text} at (2,2) size 58x14
                text run at (2,2) width 58: "fooooooooo"
            RenderTableCell {TD} at (66,2) size 62x18 [bgcolor=#008000] [border: (1px inset #808080)] [r=0 c=1 rs=1 cs=1]
              RenderText {#text} at (2,2) size 58x14
                text run at (2,2) width 58: "fooooooooo"
            RenderTableCell {TD} at (130,2) size 324x18 [bgcolor=#FFA500] [border: (1px inset #808080)] [r=0 c=2 rs=1 cs=1]
              RenderText {#text} at (2,2) size 73x14
                text run at (2,2) width 73: "foo foo foo foo"
            RenderTableCell {TD} at (456,2) size 324x18 [bgcolor=#0000FF] [border: (1px inset #808080)] [r=0 c=3 rs=1 cs=1]
              RenderText {#text} at (2,2) size 73x14
                text run at (2,2) width 73: "foo foo foo foo"
      RenderBlock (anonymous) at (0,24) size 784x14
        RenderBR {BR} at (0,0) size 0x14
      RenderTable {TABLE} at (0,38) size 784x66 [border: (1px outset #808080)]
        RenderTableSection {TBODY} at (1,1) size 782x64
          RenderTableRow {TR} at (0,2) size 782x60
            RenderTableCell {TD} at (2,2) size 20x60 [bgcolor=#FF0000] [border: (1px inset #808080)] [r=0 c=0 rs=1 cs=1]
              RenderText {#text} at (2,2) size 16x56
                text run at (2,2) width 16: "foo"
                text run at (2,16) width 16: "foo"
                text run at (2,30) width 16: "foo"
                text run at (2,44) width 16: "foo"
            RenderTableCell {TD} at (24,23) size 146x18 [bgcolor=#FFA500] [border: (1px inset #808080)] [r=0 c=1 rs=1 cs=1]
              RenderText {#text} at (2,2) size 73x14
                text run at (2,2) width 73: "foo foo foo foo"
            RenderTableCell {TD} at (172,23) size 146x18 [bgcolor=#0000FF] [border: (1px inset #808080)] [r=0 c=2 rs=1 cs=1]
              RenderText {#text} at (2,2) size 73x14
                text run at (2,2) width 73: "foo foo foo foo"
            RenderTableCell {TD} at (320,23) size 438x18 [bgcolor=#008000] [border: (1px inset #808080)] [r=0 c=3 rs=1 cs=1]
              RenderText {#text} at (363,2) size 73x14
                text run at (363,2) width 73: "foo foo foo foo"
            RenderTableCell {TD} at (760,2) size 20x60 [bgcolor=#FF0000] [border: (1px inset #808080)] [r=0 c=4 rs=1 cs=1]
              RenderText {#text} at (2,2) size 16x56
                text run at (2,2) width 16: "foo"
                text run at (2,16) width 16: "foo"
                text run at (2,30) width 16: "foo"
                text run at (2,44) width 16: "foo"
      RenderBlock (anonymous) at (0,104) size 784x28
        RenderBR {BR} at (0,0) size 0x14
        RenderText {#text} at (0,14) size 400x14
          text run at (0,14) width 400: "auto table - % width cell increases table width based on % cell which makes it largest"
      RenderTable {TABLE} at (0,132) size 784x40 [border: (1px outset #808080)]
        RenderTableSection {TBODY} at (1,1) size 782x38
          RenderTableRow {TR} at (0,10) size 782x18
            RenderTableCell {TD} at (10,10) size 20x18 [border: (1px inset #808080)] [r=0 c=0 rs=1 cs=1]
              RenderText {#text} at (2,2) size 16x14
                text run at (2,2) width 16: "1%"
            RenderTableCell {TD} at (40,10) size 74x18 [border: (1px inset #808080)] [r=0 c=1 rs=1 cs=1]
              RenderText {#text} at (2,2) size 22x14
                text run at (2,2) width 22: "10%"
            RenderTableCell {TD} at (124,10) size 648x18 [border: (1px inset #808080)] [r=0 c=2 rs=1 cs=1]
              RenderText {#text} at (2,2) size 24x14
                text run at (2,2) width 24: "20px"
      RenderBlock (anonymous) at (0,172) size 784x14
        RenderBR {BR} at (0,0) size 0x14
