layer at (0,0) size 800x600
  RenderView at (0,0) size 800x600
layer at (0,0) size 800x600
  RenderBlock {HTML} at (0,0) size 800x600
    RenderBody {BODY} at (8,8) size 784x584
      RenderTable {TABLE} at (0,0) size 150x24 [bgcolor=#00FF00] [border: (1px outset #808080)]
        RenderTableSection {TBODY} at (1,1) size 148x22
          RenderTableRow {TR} at (0,2) size 148x18
            RenderTableCell {TD} at (2,2) size 75x18 [border: (1px inset #808080)] [r=0 c=0 rs=1 cs=1]
              RenderText {#text} at (2,2) size 18x14
                text run at (2,2) width 18: "200"
            RenderTableCell {TD} at (79,2) size 67x18 [border: (1px inset #808080)] [r=0 c=1 rs=1 cs=1]
              RenderText {#text} at (2,2) size 47x14
                text run at (2,2) width 47: "one_hund"
      RenderBlock (anonymous) at (0,24) size 784x14
        RenderBR {BR} at (0,0) size 0x14
      RenderTable {TABLE} at (0,38) size 500x24 [border: (1px outset #808080)]
        RenderTableSection {TBODY} at (1,1) size 498x22
          RenderTableRow {TR} at (0,2) size 498x18
            RenderTableCell {TD} at (2,2) size 171x18 [bgcolor=#FF0000] [border: (1px inset #808080)] [r=0 c=0 rs=1 cs=1]
              RenderText {#text} at (2,2) size 58x14
                text run at (2,2) width 58: "fooooooooo"
            RenderTableCell {TD} at (175,2) size 171x18 [bgcolor=#008000] [border: (1px inset #808080)] [r=0 c=1 rs=1 cs=1]
              RenderText {#text} at (2,2) size 58x14
                text run at (2,2) width 58: "fooooooooo"
            RenderTableCell {TD} at (348,2) size 148x18 [bgcolor=#FFA500] [border: (1px inset #808080)] [r=0 c=2 rs=1 cs=1]
              RenderText {#text} at (2,2) size 73x14
                text run at (2,2) width 73: "foo foo foo foo"
      RenderBlock (anonymous) at (0,62) size 784x14
        RenderBR {BR} at (0,0) size 0x14
      RenderBlock {HR} at (0,82) size 402x2 [border: (1px inset #000000)]
      RenderBlock (anonymous) at (0,90) size 784x14
        RenderText {#text} at (0,0) size 273x14
          text run at (0,0) width 273: "fixed table - fixed cells are increased based on fixed width"
      RenderTable {TABLE} at (0,104) size 400x38 [border: (1px outset #808080)]
        RenderTableSection {TBODY} at (1,1) size 398x36
          RenderTableRow {TR} at (0,2) size 398x32
            RenderTableCell {TD} at (2,9) size 259x18 [border: (1px inset #808080)] [r=0 c=0 rs=1 cs=1]
              RenderText {#text} at (2,2) size 16x14
                text run at (2,2) width 16: "foo"
            RenderTableCell {TD} at (263,2) size 133x32 [border: (1px inset #808080)] [r=0 c=1 rs=1 cs=1]
              RenderText {#text} at (2,2) size 111x28
                text run at (2,2) width 111: "foo foo foo foo foo foo"
                text run at (2,16) width 35: "foo foo"
      RenderBlock (anonymous) at (0,142) size 784x42
        RenderBR {BR} at (0,0) size 0x14
        RenderBR {BR} at (0,14) size 0x14
        RenderText {#text} at (0,28) size 281x14
          text run at (0,28) width 281: "excess above min allocated based on fixed widths (not min)"
      RenderTable {TABLE} at (0,184) size 100x38 [border: (1px outset #808080)]
        RenderTableSection {TBODY} at (1,1) size 98x36
          RenderTableRow {TR} at (0,2) size 98x32
            RenderTableCell {TD} at (2,2) size 31x32 [border: (1px inset #808080)] [r=0 c=0 rs=1 cs=1]
              RenderText {#text} at (2,2) size 16x28
                text run at (2,2) width 16: "foo"
                text run at (2,16) width 16: "foo"
            RenderTableCell {TD} at (35,9) size 61x18 [border: (1px inset #808080)] [r=0 c=1 rs=1 cs=1]
              RenderText {#text} at (2,2) size 16x14
                text run at (2,2) width 16: "foo"
      RenderBlock (anonymous) at (0,222) size 784x28
        RenderBR {BR} at (0,0) size 0x14
        RenderText {#text} at (0,14) size 281x14
          text run at (0,14) width 281: "excess above min allocated based on fixed widths (not min)"
      RenderTable {TABLE} at (0,250) size 100x38 [border: (1px outset #808080)]
        RenderTableSection {TBODY} at (1,1) size 98x36
          RenderTableRow {TR} at (0,2) size 98x32
            RenderTableCell {TD} at (2,2) size 20x32 [border: (1px inset #808080)] [r=0 c=0 rs=1 cs=1]
              RenderText {#text} at (2,2) size 16x28
                text run at (2,2) width 16: "foo"
                text run at (2,16) width 16: "foo"
            RenderTableCell {TD} at (24,9) size 72x18 [border: (1px inset #808080)] [r=0 c=1 rs=1 cs=1]
              RenderText {#text} at (2,2) size 16x14
                text run at (2,2) width 16: "foo"
      RenderBlock (anonymous) at (0,288) size 784x14
        RenderBR {BR} at (0,0) size 0x14
      RenderTable {TABLE} at (0,302) size 600x24 [border: (1px outset #808080)]
        RenderTableSection {TBODY} at (1,1) size 598x22
          RenderTableRow {TR} at (0,2) size 598x18
            RenderTableCell {TD} at (2,2) size 20x18 [border: (1px inset #808080)] [r=0 c=0 rs=1 cs=1]
              RenderText {#text} at (2,2) size 16x14
                text run at (2,2) width 16: "foo"
            RenderTableCell {TD} at (24,2) size 572x18 [border: (1px inset #808080)] [r=0 c=1 rs=1 cs=1]
              RenderText {#text} at (2,2) size 16x14
                text run at (2,2) width 16: "foo"
      RenderBlock (anonymous) at (0,326) size 784x14
        RenderBR {BR} at (0,0) size 0x14
      RenderTable {TABLE} at (0,340) size 40x24 [border: (1px outset #808080)]
        RenderTableSection {TBODY} at (1,1) size 38x22
          RenderTableRow {TR} at (0,2) size 38x18
            RenderTableCell {TD} at (2,2) size 34x18 [border: (1px inset #808080)] [r=0 c=0 rs=1 cs=1]
              RenderText {#text} at (2,2) size 16x14
                text run at (2,2) width 16: "foo"
