layer at (0,0) size 800x600
  RenderView at (0,0) size 800x600
layer at (0,0) size 800x600
  RenderBlock {HTML} at (0,0) size 800x600
    RenderBody {BODY} at (8,8) size 784x584
      RenderBlock (anonymous) at (0,0) size 784x14
        RenderText {#text} at (0,0) size 140x14
          text run at (0,0) width 140: "outer width=400 align=center"
      RenderTable {TABLE} at (192,14) size 400x64 [border: (1px outset #808080)]
        RenderTableSection {TBODY} at (1,1) size 398x62
          RenderTableRow {TR} at (0,2) size 398x58
            RenderTableCell {TD} at (2,2) size 394x58 [border: (1px inset #808080)] [r=0 c=0 rs=1 cs=1]
              RenderBlock {FORM} at (2,2) size 390x42
                RenderMenuList {SELECT} at (2,2) size 87x38 [color=#202020]
                  RenderBlock (anonymous) at (15,10) size 31x18
                    RenderText at (0,0) size 31x17
                      text run at (0,0) width 31: "Test"
                RenderText {#text} at (0,0) size 0x0
      RenderBlock (anonymous) at (0,78) size 784x14
        RenderText {#text} at (0,0) size 222x14
          text run at (0,0) width 222: "outer width=400 inner width=200 align=center"
      RenderTable {TABLE} at (0,92) size 400x36 [border: (2px outset #808080)]
        RenderTableSection {TBODY} at (2,2) size 396x32
          RenderTableRow {TR} at (0,2) size 396x28
            RenderTableCell {TD} at (2,2) size 392x28 [border: (1px inset #808080)] [r=0 c=0 rs=1 cs=1]
              RenderTable {TABLE} at (96,2) size 200x24 [border: (1px outset #808080)]
                RenderTableSection {TBODY} at (1,1) size 198x22
                  RenderTableRow {TR} at (0,2) size 198x18
                    RenderTableCell {TD} at (2,2) size 194x18 [border: (1px inset #808080)] [r=0 c=0 rs=1 cs=1]
                      RenderText {#text} at (2,2) size 16x14
                        text run at (2,2) width 16: "foo"
      RenderBlock (anonymous) at (0,128) size 784x14
        RenderText {#text} at (0,0) size 135x14
          text run at (0,0) width 135: "outer auto inner align=center"
      RenderTable {TABLE} at (0,142) size 38x36 [border: (2px outset #808080)]
        RenderTableSection {TBODY} at (2,2) size 34x32
          RenderTableRow {TR} at (0,2) size 34x28
            RenderTableCell {TD} at (2,2) size 30x28 [border: (1px inset #808080)] [r=0 c=0 rs=1 cs=1]
              RenderTable {TABLE} at (2,2) size 26x24 [border: (1px outset #808080)]
                RenderTableSection {TBODY} at (1,1) size 24x22
                  RenderTableRow {TR} at (0,2) size 24x18
                    RenderTableCell {TD} at (2,2) size 20x18 [border: (1px inset #808080)] [r=0 c=0 rs=1 cs=1]
                      RenderText {#text} at (2,2) size 16x14
                        text run at (2,2) width 16: "foo"
      RenderBlock (anonymous) at (0,178) size 784x14
        RenderText {#text} at (0,0) size 161x14
          text run at (0,0) width 161: "outer width=50 inner align=center"
      RenderTable {TABLE} at (0,192) size 38x36 [border: (2px outset #808080)]
        RenderTableSection {TBODY} at (2,2) size 34x32
          RenderTableRow {TR} at (0,2) size 34x28
            RenderTableCell {TD} at (2,2) size 30x28 [border: (1px inset #808080)] [r=0 c=0 rs=1 cs=1]
              RenderTable {TABLE} at (2,2) size 26x24 [border: (1px outset #808080)]
                RenderTableSection {TBODY} at (1,1) size 24x22
                  RenderTableRow {TR} at (0,2) size 24x18
                    RenderTableCell {TD} at (2,2) size 20x18 [border: (1px inset #808080)] [r=0 c=0 rs=1 cs=1]
                      RenderText {#text} at (2,2) size 16x14
                        text run at (2,2) width 16: "foo"
      RenderBlock (anonymous) at (0,228) size 784x14
        RenderText {#text} at (0,0) size 170x14
          text run at (0,0) width 170: "outer width=50 inner margin-left:50"
      RenderTable {TABLE} at (0,242) size 88x36 [border: (2px outset #808080)]
        RenderTableSection {TBODY} at (2,2) size 84x32
          RenderTableRow {TR} at (0,2) size 84x28
            RenderTableCell {TD} at (2,2) size 80x28 [border: (1px inset #808080)] [r=0 c=0 rs=1 cs=1]
              RenderTable {TABLE} at (52,2) size 26x24 [border: (1px outset #808080)]
                RenderTableSection {TBODY} at (1,1) size 24x22
                  RenderTableRow {TR} at (0,2) size 24x18
                    RenderTableCell {TD} at (2,2) size 20x18 [border: (1px inset #808080)] [r=0 c=0 rs=1 cs=1]
                      RenderText {#text} at (2,2) size 16x14
                        text run at (2,2) width 16: "foo"
      RenderBlock (anonymous) at (0,278) size 784x14
        RenderText {#text} at (0,0) size 167x14
          text run at (0,0) width 167: "outer width=400 inner align=center"
      RenderTable {TABLE} at (0,292) size 400x36 [border: (2px outset #808080)]
        RenderTableSection {TBODY} at (2,2) size 396x32
          RenderTableRow {TR} at (0,2) size 396x28
            RenderTableCell {TD} at (2,2) size 124x28 [border: (1px inset #808080)] [r=0 c=0 rs=1 cs=1]
              RenderTable {TABLE} at (49,2) size 26x24 [border: (1px outset #808080)]
                RenderTableSection {TBODY} at (1,1) size 24x22
                  RenderTableRow {TR} at (0,2) size 24x18
                    RenderTableCell {TD} at (2,2) size 20x18 [border: (1px inset #808080)] [r=0 c=0 rs=1 cs=1]
                      RenderText {#text} at (2,2) size 16x14
                        text run at (2,2) width 16: "foo"
            RenderTableCell {TD} at (128,7) size 266x18 [border: (1px inset #808080)] [r=0 c=1 rs=1 cs=1]
              RenderText {#text} at (2,2) size 60x14
                text run at (2,2) width 60: "x x x x x x x"
      RenderBlock (anonymous) at (0,328) size 784x14
        RenderText {#text} at (0,0) size 167x14
          text run at (0,0) width 167: "outer width=400 inner align=center"
      RenderTable {TABLE} at (0,342) size 400x36 [border: (2px outset #808080)]
        RenderTableSection {TBODY} at (2,2) size 396x32
          RenderTableRow {TR} at (0,2) size 396x28
            RenderTableCell {TD} at (2,2) size 195x28 [border: (1px inset #808080)] [r=0 c=0 rs=1 cs=1]
              RenderTable {TABLE} at (67,2) size 60x24 [border: (1px outset #808080)]
                RenderTableSection {TBODY} at (1,1) size 58x22
                  RenderTableRow {TR} at (0,2) size 58x18
                    RenderTableCell {TD} at (2,2) size 54x18 [border: (1px inset #808080)] [r=0 c=0 rs=1 cs=1]
                      RenderText {#text} at (2,2) size 12x14
                        text run at (2,2) width 12: "50"
            RenderTableCell {TD} at (199,7) size 195x18 [border: (1px inset #808080)] [r=0 c=1 rs=1 cs=1]
              RenderText {#text} at (2,2) size 60x14
                text run at (2,2) width 60: "x x x x x x x"
      RenderBlock (anonymous) at (0,378) size 784x14
        RenderText {#text} at (0,0) size 15x14
          text run at (0,0) width 15: "-->"
