layer at (0,0) size 808x600
  RenderView at (0,0) size 800x600
layer at (0,0) size 800x600
  RenderBlock {HTML} at (0,0) size 800x600
    RenderBody {BODY} at (8,8) size 784x584
      RenderTable {TABLE} at (0,0) size 149x30 [border: (1px outset #808080)]
        RenderTableSection {TBODY} at (1,1) size 147x28
          RenderTableRow {TR} at (0,2) size 147x24
            RenderTableCell {TD} at (2,2) size 143x24 [border: (1px inset #808080)] [r=0 c=0 rs=1 cs=1]
              RenderTable {TABLE} at (2,2) size 139x20 [bgcolor=#FFA500]
                RenderTableSection {TBODY} at (0,0) size 139x20
                  RenderTableRow {TR} at (0,2) size 139x16
                    RenderTableCell {TD} at (2,2) size 135x16 [r=0 c=0 rs=1 cs=1]
                      RenderText {#text} at (1,1) size 133x14
                        text run at (1,1) width 133: "nested in auto, width=100%"
      RenderBlock (anonymous) at (0,30) size 784x14
        RenderBR {BR} at (0,0) size 0x14
      RenderTable {TABLE} at (0,44) size 200x30 [border: (1px outset #808080)]
        RenderTableSection {TBODY} at (1,1) size 198x28
          RenderTableRow {TR} at (0,2) size 198x24
            RenderTableCell {TD} at (2,2) size 194x24 [border: (1px inset #808080)] [r=0 c=0 rs=1 cs=1]
              RenderTable {TABLE} at (2,2) size 190x20 [bgcolor=#00FF00]
                RenderTableSection {TBODY} at (0,0) size 190x20
                  RenderTableRow {TR} at (0,2) size 190x16
                    RenderTableCell {TD} at (2,2) size 186x16 [r=0 c=0 rs=1 cs=1]
                      RenderText {#text} at (1,1) size 137x14
                        text run at (1,1) width 137: "nested in fixed, width=100%"
      RenderBlock (anonymous) at (0,74) size 784x14
        RenderBR {BR} at (0,0) size 0x14
      RenderTable {TABLE} at (0,88) size 800x30 [border: (1px outset #808080)]
        RenderTableSection {TBODY} at (1,1) size 798x28
          RenderTableRow {TR} at (0,2) size 798x24
            RenderTableCell {TD} at (2,2) size 794x24 [border: (1px inset #808080)] [r=0 c=0 rs=1 cs=1]
              RenderTable {TABLE} at (2,2) size 790x20 [bgcolor=#00FF00]
                RenderTableSection {TBODY} at (0,0) size 790x20
                  RenderTableRow {TR} at (0,2) size 790x16
                    RenderTableCell {TD} at (2,2) size 786x16 [r=0 c=0 rs=1 cs=1]
                      RenderText {#text} at (1,1) size 137x14
                        text run at (1,1) width 137: "nested in fixed, width=100%"
      RenderBlock (anonymous) at (0,118) size 784x14
        RenderBR {BR} at (0,0) size 0x14
      RenderTable {TABLE} at (0,132) size 175x30 [border: (1px outset #808080)]
        RenderTableSection {TBODY} at (1,1) size 173x28
          RenderTableRow {TR} at (0,2) size 173x24
            RenderTableCell {TD} at (2,2) size 143x24 [border: (1px inset #808080)] [r=0 c=0 rs=1 cs=1]
              RenderTable {TABLE} at (2,2) size 139x20
                RenderTableSection {TBODY} at (0,0) size 139x20
                  RenderTableRow {TR} at (0,2) size 139x16
                    RenderTableCell {TD} at (2,2) size 135x16 [r=0 c=0 rs=1 cs=1]
                      RenderText {#text} at (1,1) size 133x14
                        text run at (1,1) width 133: "nested in auto, width=100%"
            RenderTableCell {TD} at (147,5) size 24x18 [border: (1px inset #808080)] [r=0 c=1 rs=1 cs=1]
              RenderText {#text} at (2,2) size 20x14
                text run at (2,2) width 20: "auto"
      RenderBlock (anonymous) at (0,162) size 784x14
        RenderBR {BR} at (0,0) size 0x14
      RenderTable {TABLE} at (0,176) size 784x30 [border: (1px outset #808080)]
        RenderTableSection {TBODY} at (1,1) size 782x28
          RenderTableRow {TR} at (0,2) size 782x24
            RenderTableCell {TD} at (2,2) size 681x24 [border: (1px inset #808080)] [r=0 c=0 rs=1 cs=1]
              RenderTable {TABLE} at (2,2) size 338x20 [bgcolor=#00FF00]
                RenderTableSection {TBODY} at (0,0) size 338x20
                  RenderTableRow {TR} at (0,2) size 338x16
                    RenderTableCell {TD} at (2,2) size 334x16 [r=0 c=0 rs=1 cs=1]
                      RenderText {#text} at (1,1) size 135x14
                        text run at (1,1) width 135: "nested in 100%, width=50%"
            RenderTableCell {TD} at (685,5) size 95x18 [border: (1px inset #808080)] [r=0 c=1 rs=1 cs=1]
              RenderText {#text} at (2,2) size 16x14
                text run at (2,2) width 16: "foo"
      RenderBlock (anonymous) at (0,206) size 784x14
        RenderBR {BR} at (0,0) size 0x14
      RenderTable {TABLE} at (0,220) size 784x36 [border: (1px outset #808080)]
        RenderTableSection {TBODY} at (1,1) size 782x34
          RenderTableRow {TR} at (0,2) size 782x30
            RenderTableCell {TD} at (2,2) size 554x30 [border: (1px inset #808080)] [r=0 c=0 rs=1 cs=1]
              RenderTable {TABLE} at (2,2) size 275x26 [bgcolor=#00FF00]
                RenderTableSection {TBODY} at (0,0) size 275x26
                  RenderTableRow {TR} at (0,2) size 275x22
                    RenderTableCell {TD} at (2,2) size 271x22 [r=0 c=0 rs=1 cs=1]
                      RenderTable {TABLE} at (1,1) size 134x20 [bgcolor=#FF0000]
                        RenderTableSection {TBODY} at (0,0) size 134x20
                          RenderTableRow {TR} at (0,2) size 134x16
                            RenderTableCell {TD} at (2,2) size 130x16 [r=0 c=0 rs=1 cs=1]
                              RenderText {#text} at (1,1) size 34x14
                                text run at (1,1) width 34: "2n50%"
            RenderTableCell {TD} at (558,8) size 222x18 [border: (1px inset #808080)] [r=0 c=1 rs=1 cs=1]
              RenderText {#text} at (2,2) size 16x14
                text run at (2,2) width 16: "foo"
