layer at (0,0) size 800x784
  RenderView at (0,0) size 800x600
layer at (0,0) size 800x784
  RenderBlock {HTML} at (0,0) size 800x784
    RenderBody {BODY} at (8,8) size 784x768
      RenderBlock (anonymous) at (0,0) size 784x14
        RenderText {#text} at (0,0) size 67x14
          text run at (0,0) width 67: "ROWSPANS"
      RenderTable {TABLE} at (0,14) size 108x52 [border: (5px outset #808080)]
        RenderTableSection {TBODY} at (5,5) size 98x42
          RenderTableRow {TR} at (0,2) size 98x18
            RenderTableCell {TD} at (2,12) size 30x18 [border: (1px inset #808080)] [r=0 c=0 rs=2 cs=1]
              RenderText {#text} at (2,2) size 26x14
                text run at (2,2) width 26: "auto1"
            RenderTableCell {TD} at (34,2) size 30x18 [border: (1px inset #808080)] [r=0 c=1 rs=1 cs=1]
              RenderText {#text} at (2,2) size 26x14
                text run at (2,2) width 26: "auto2"
          RenderTableRow {TR} at (0,22) size 98x18
            RenderTableCell {TD} at (34,22) size 30x18 [border: (1px inset #808080)] [r=1 c=1 rs=1 cs=1]
              RenderText {#text} at (2,2) size 26x14
                text run at (2,2) width 26: "auto3"
            RenderTableCell {TD} at (66,22) size 30x18 [border: (1px inset #808080)] [r=1 c=2 rs=1 cs=1]
              RenderText {#text} at (2,2) size 26x14
                text run at (2,2) width 26: "auto4"
      RenderTable {TABLE} at (0,66) size 202x64 [border: (1px outset #808080)]
        RenderTableSection {TBODY} at (1,1) size 200x62
          RenderTableRow {TR} at (0,2) size 200x18
            RenderTableCell {TD} at (2,22) size 142x18 [border: (1px inset #808080)] [r=0 c=0 rs=3 cs=1]
              RenderText {#text} at (2,2) size 138x14
                text run at (2,2) width 138: "c0r[2-6],Data 2 span=3 rows"
            RenderTableCell {TD} at (146,2) size 25x18 [border: (1px inset #808080)] [r=0 c=1 rs=1 cs=1]
              RenderText {#text} at (2,2) size 21x14
                text run at (2,2) width 21: "c0r2"
            RenderTableCell {TD} at (173,2) size 25x18 [border: (1px inset #808080)] [r=0 c=2 rs=1 cs=1]
              RenderText {#text} at (2,2) size 21x14
                text run at (2,2) width 21: "c1r2"
          RenderTableRow {TR} at (0,22) size 200x18
            RenderTableCell {TD} at (146,22) size 25x18 [border: (1px inset #808080)] [r=1 c=1 rs=1 cs=1]
              RenderText {#text} at (2,2) size 21x14
                text run at (2,2) width 21: "c0r3"
            RenderTableCell {TD} at (173,22) size 25x18 [border: (1px inset #808080)] [r=1 c=2 rs=1 cs=1]
              RenderText {#text} at (2,2) size 21x14
                text run at (2,2) width 21: "c1r3"
          RenderTableRow {TR} at (0,42) size 200x18
            RenderTableCell {TD} at (146,42) size 25x18 [border: (1px inset #808080)] [r=2 c=1 rs=1 cs=1]
              RenderText {#text} at (2,2) size 21x14
                text run at (2,2) width 21: "c0r4"
            RenderTableCell {TD} at (173,42) size 25x18 [border: (1px inset #808080)] [r=2 c=2 rs=1 cs=1]
              RenderText {#text} at (2,2) size 21x14
                text run at (2,2) width 21: "c1r4"
      RenderBlock (anonymous) at (0,130) size 784x14
        RenderBR {BR} at (0,0) size 0x14
      RenderTable {TABLE} at (0,144) size 202x164 [border: (1px outset #808080)]
        RenderTableSection {TBODY} at (1,1) size 200x162
          RenderTableRow {TR} at (0,2) size 200x18
            RenderTableCell {TD} at (2,42) size 142x18 [border: (1px inset #808080)] [r=0 c=0 rs=5 cs=1]
              RenderText {#text} at (2,2) size 138x14
                text run at (2,2) width 138: "c0r[2-6],Data 2 span=5 rows"
            RenderTableCell {TD} at (146,2) size 25x18 [border: (1px inset #808080)] [r=0 c=1 rs=1 cs=1]
              RenderText {#text} at (2,2) size 21x14
                text run at (2,2) width 21: "c0r2"
            RenderTableCell {TD} at (173,2) size 25x18 [border: (1px inset #808080)] [r=0 c=2 rs=1 cs=1]
              RenderText {#text} at (2,2) size 21x14
                text run at (2,2) width 21: "c1r2"
          RenderTableRow {TR} at (0,22) size 200x18
            RenderTableCell {TD} at (146,22) size 25x18 [border: (1px inset #808080)] [r=1 c=1 rs=1 cs=1]
              RenderText {#text} at (2,2) size 21x14
                text run at (2,2) width 21: "c0r3"
            RenderTableCell {TD} at (173,22) size 25x18 [border: (1px inset #808080)] [r=1 c=2 rs=1 cs=1]
              RenderText {#text} at (2,2) size 21x14
                text run at (2,2) width 21: "c1r3"
          RenderTableRow {TR} at (0,42) size 200x18
            RenderTableCell {TD} at (146,42) size 25x18 [border: (1px inset #808080)] [r=2 c=1 rs=1 cs=1]
              RenderText {#text} at (2,2) size 21x14
                text run at (2,2) width 21: "c0r4"
            RenderTableCell {TD} at (173,42) size 25x18 [border: (1px inset #808080)] [r=2 c=2 rs=1 cs=1]
              RenderText {#text} at (2,2) size 21x14
                text run at (2,2) width 21: "c1r4"
          RenderTableRow {TR} at (0,62) size 200x18
            RenderTableCell {TD} at (146,62) size 25x18 [border: (1px inset #808080)] [r=3 c=1 rs=1 cs=1]
              RenderText {#text} at (2,2) size 21x14
                text run at (2,2) width 21: "c0r5"
            RenderTableCell {TD} at (173,62) size 25x18 [border: (1px inset #808080)] [r=3 c=2 rs=1 cs=1]
              RenderText {#text} at (2,2) size 21x14
                text run at (2,2) width 21: "c1r5"
          RenderTableRow {TR} at (0,82) size 200x18
            RenderTableCell {TD} at (146,82) size 25x18 [border: (1px inset #808080)] [r=4 c=1 rs=1 cs=1]
              RenderText {#text} at (2,2) size 21x14
                text run at (2,2) width 21: "c0r6"
            RenderTableCell {TD} at (173,82) size 25x18 [border: (1px inset #808080)] [r=4 c=2 rs=1 cs=1]
              RenderText {#text} at (2,2) size 21x14
                text run at (2,2) width 21: "c1r6"
          RenderTableRow {TR} at (0,102) size 200x18
            RenderTableCell {TD} at (2,122) size 142x18 [border: (1px inset #808080)] [r=5 c=0 rs=3 cs=1]
              RenderText {#text} at (2,2) size 104x14
                text run at (2,2) width 104: "c0r[7-9] span=3 rows"
            RenderTableCell {TD} at (146,102) size 25x18 [border: (1px inset #808080)] [r=5 c=1 rs=1 cs=1]
              RenderText {#text} at (2,2) size 21x14
                text run at (2,2) width 21: "c0r7"
            RenderTableCell {TD} at (173,102) size 25x18 [border: (1px inset #808080)] [r=5 c=2 rs=1 cs=1]
              RenderText {#text} at (2,2) size 21x14
                text run at (2,2) width 21: "c1r7"
          RenderTableRow {TR} at (0,122) size 200x18
            RenderTableCell {TD} at (146,122) size 25x18 [border: (1px inset #808080)] [r=6 c=1 rs=1 cs=1]
              RenderText {#text} at (2,2) size 21x14
                text run at (2,2) width 21: "c0r8"
            RenderTableCell {TD} at (173,122) size 25x18 [border: (1px inset #808080)] [r=6 c=2 rs=1 cs=1]
              RenderText {#text} at (2,2) size 21x14
                text run at (2,2) width 21: "c1r8"
          RenderTableRow {TR} at (0,142) size 200x18
            RenderTableCell {TD} at (146,142) size 25x18 [border: (1px inset #808080)] [r=7 c=1 rs=1 cs=1]
              RenderText {#text} at (2,2) size 21x14
                text run at (2,2) width 21: "c0r9"
            RenderTableCell {TD} at (173,142) size 25x18 [border: (1px inset #808080)] [r=7 c=2 rs=1 cs=1]
              RenderText {#text} at (2,2) size 21x14
                text run at (2,2) width 21: "c1r9"
      RenderBlock (anonymous) at (0,308) size 784x14
        RenderBR {BR} at (0,0) size 0x14
      RenderTable {TABLE} at (0,322) size 51x44 [border: (1px outset #808080)]
        RenderTableSection {TBODY} at (1,1) size 49x42
          RenderTableRow {TR} at (0,2) size 49x18
            RenderTableCell {TD} at (2,2) size 21x18 [border: (1px inset #808080)] [r=0 c=0 rs=1 cs=1]
              RenderText {#text} at (2,2) size 17x14
                text run at (2,2) width 17: "one"
            RenderTableCell {TD} at (25,12) size 22x18 [border: (1px inset #808080)] [r=0 c=1 rs=2 cs=1]
              RenderText {#text} at (2,2) size 18x14
                text run at (2,2) width 18: "two"
          RenderTableRow {TR} at (0,22) size 49x18
            RenderTableCell {TD} at (2,22) size 45x18 [border: (1px inset #808080)] [r=1 c=0 rs=1 cs=2]
              RenderText {#text} at (11,2) size 23x14
                text run at (11,2) width 23: "three"
      RenderTable {TABLE} at (0,366) size 47x24 [border: (1px outset #808080)]
        RenderTableSection {TBODY} at (1,1) size 45x22
          RenderTableRow {TR} at (0,2) size 45x0
            RenderTableCell {TD} at (2,2) size 20x18 [border: (1px inset #808080)] [r=0 c=0 rs=2 cs=1]
              RenderText {#text} at (2,2) size 16x14
                text run at (2,2) width 16: "foo"
          RenderTableRow {TR} at (0,4) size 45x16
            RenderTableCell {TD} at (24,3) size 19x18 [border: (1px inset #808080)] [r=1 c=1 rs=2 cs=1]
              RenderText {#text} at (2,2) size 15x14
                text run at (2,2) width 15: "bar"
      RenderBlock (anonymous) at (0,390) size 784x14
        RenderBR {BR} at (0,0) size 0x14
      RenderTable {TABLE} at (0,404) size 602x364 [border: (1px outset #808080)]
        RenderTableSection {TBODY} at (1,1) size 600x362
          RenderTableRow {TR} at (0,0) size 600x0
            RenderTableCell {TD} at (0,0) size 522x362 [bgcolor=#FFFFFF] [border: (1px inset #808080)] [r=0 c=0 rs=2 cs=2]
              RenderImage {IMG} at (1,1) size 132x360
          RenderTableRow {TR} at (0,0) size 600x362
            RenderTableCell {TD} at (522,173) size 78x16 [border: (1px inset #808080)] [r=1 c=2 rs=1 cs=6]
              RenderText {#text} at (59,1) size 18x14
                text run at (59,1) width 18: "xxx"
