layer at (0,0) size 980x735
  RenderView at (0,0) size 980x735
layer at (0,0) size 980x35
  RenderBlock {html} at (0,0) size 980x35
    RenderBody {body} at (8,8) size 964x19 [color=#FF0000]
      RenderInline {test} at (0,0) size 171x19 [color=#008000]
        RenderText {#text} at (0,0) size 171x19
          text run at (0,0) width 171: "This should be green."
      RenderText {#text} at (0,0) size 0x0
