layer at (0,0) size 980x735
  RenderView at (0,0) size 980x735
layer at (0,0) size 980x92
  RenderBlock {html} at (0,0) size 980x92 [color=#008000]
    RenderBody {body} at (8,8) size 964x76
      RenderBlock {test2} at (0,0) size 964x19
        RenderText {#text} at (0,0) size 171x19
          text run at (0,0) width 171: "This should be green."
      RenderBlock {test2} at (0,19) size 964x19
        RenderText {#text} at (0,0) size 171x19
          text run at (0,0) width 171: "This should be green."
      RenderBlock {test1} at (0,38) size 964x19
        RenderText {#text} at (0,0) size 171x19
          text run at (0,0) width 171: "This should be green."
      RenderBlock {test1} at (0,57) size 964x19
        RenderText {#text} at (0,0) size 171x19
          text run at (0,0) width 171: "This should be green."
