layer at (0,0) size 980x735
  RenderView at (0,0) size 980x735
layer at (0,0) size 980x35
  RenderBlock {html} at (0,0) size 980x35
    RenderBody {body} at (8,8) size 964x19 [color=#008000]
      RenderInline {tests} at (0,0) size 690x19
        RenderText {#text} at (0,0) size 0x0
        RenderInline {first-child} at (0,0) size 101x19
          RenderText {#text} at (0,0) size 101x19
            text run at (0,0) width 101: "None of this "
        RenderText {#text} at (0,0) size 0x0
        RenderInline {element} at (0,0) size 118x19
          RenderText {#text} at (101,0) size 118x19
            text run at (101,0) width 118: "text should be "
        RenderText {#text} at (0,0) size 0x0
        RenderInline {attribute} at (0,0) size 153x19
          RenderText {#text} at (219,0) size 153x19
            text run at (219,0) width 153: "matching the style "
        RenderText {#text} at (0,0) size 0x0
        RenderInline {span} at (0,0) size 123x19
          RenderText {#text} at (372,0) size 123x19
            text run at (372,0) width 123: "rules, and thus "
        RenderText {#text} at (0,0) size 0x0
        RenderInline {universal} at (0,0) size 81x19
          RenderText {#text} at (495,0) size 81x19
            text run at (495,0) width 81: "none of it "
        RenderText {#text} at (0,0) size 0x0
        RenderInline {span} at (0,0) size 114x19
          RenderText {#text} at (576,0) size 114x19
            text run at (576,0) width 114: "should be red."
        RenderText {#text} at (0,0) size 0x0
      RenderText {#text} at (0,0) size 0x0
