layer at (0,0) size 980x735
  RenderView at (0,0) size 980x735
layer at (0,0) size 980x38
  RenderBlock {root} at (0,0) size 980x38
    RenderBlock {t} at (0,0) size 980x19 [bgcolor=#00FF00]
      RenderText {#text} at (0,0) size 383x19
        text run at (0,0) width 383: "This sentence should have a green background."
    RenderBlock {t} at (0,19) size 980x19 [bgcolor=#00FF00]
      RenderText {#text} at (0,0) size 383x19
        text run at (0,0) width 383: "This sentence should have a green background."
