layer at (0,0) size 980x735
  RenderView at (0,0) size 980x735
layer at (0,0) size 980x666
  RenderBlock {html} at (0,0) size 980x666
    RenderBody {body} at (11,23) size 958x632
      RenderBlock {p} at (0,0) size 958x27 [color=#000080]
        RenderText {#text} at (0,0) size 716x26
          text run at (0,0) width 716: "There should be a blue circle with the word \"TEST\" in it below."
      RenderBlock (anonymous) at (0,50) size 958x582
        RenderSVGRoot {svg} at (11,73) size 576x576
          RenderSVGRect {rect} at (11,73) size 576x576 [fill={[type=SOLID] [color=#0000FF]}] [x=0.00] [y=0.00] [width=400.00] [height=400.00]
          RenderSVGEllipse {circle} at (11,73) size 576x576 [fill={[type=SOLID] [color=#000080]}] [cx=200.00] [cy=200.00] [r=200.00]
          RenderSVGForeignObject {foreignObject} at (0,175) size 400x50 [color=#FFFFFF]
            RenderBlock {div} at (0,0) size 400x58
              RenderText {#text} at (137,0) size 126x58
                text run at (137,0) width 126: "TEST"
        RenderText {#text} at (0,0) size 0x0
        RenderText {#text} at (0,0) size 0x0
        RenderText {#text} at (0,0) size 0x0
        RenderText {#text} at (0,0) size 0x0
