layer at (0,0) size 980x735
  RenderView at (0,0) size 980x735
layer at (0,0) size 980x735
  RenderBlock {HTML} at (0,0) size 980x735
    RenderBody {BODY} at (0,0) size 980x735
      RenderBlock {DIV} at (0,0) size 666x500 [bgcolor=#008000]
        RenderText {#text} at (0,0) size 4x15
          text run at (0,0) width 4: " "
