layer at (0,0) size 980x735
  RenderView at (0,0) size 980x735
layer at (0,0) size 980x161
  RenderBlock {HTML} at (0,0) size 980x161
    RenderBody {BODY} at (4,4) size 972x153
      RenderBlock {DIV} at (11,11) size 129x129 [border: (1px solid #000000)]
      RenderText {#text} at (151,143) size 3x10
        text run at (151,143) width 3: " "
      RenderBlock {DIV} at (165,11) size 129x129 [border: (1px solid #000000)]
      RenderText {#text} at (305,143) size 3x10
        text run at (305,143) width 3: " "
      RenderBlock {DIV} at (319,11) size 129x129 [border: (1px solid #000000)]
      RenderText {#text} at (459,143) size 3x10
        text run at (459,143) width 3: " "
      RenderImage {IMG} at (473,11) size 129x129 [border: (1px solid #000000)]
      RenderText {#text} at (0,0) size 0x0
      RenderText {#text} at (0,0) size 0x0
      RenderText {#text} at (0,0) size 0x0
      RenderText {#text} at (0,0) size 0x0
