layer at (0,0) size 980x735
  RenderView at (0,0) size 980x735
layer at (0,0) size 980x350
  RenderBlock {html} at (0,0) size 980x350
    RenderBody {body} at (5,11) size 970x328
      RenderBlock {p} at (0,0) size 970x13
        RenderText {#text} at (0,0) size 112x13
          text run at (0,0) width 112: "Text above the rect"
      RenderBlock (anonymous) at (0,24) size 970x280
        RenderEmbeddedObject {object} at (0,0) size 277x277
          layer at (0,0) size 277x277
            RenderView at (0,0) size 277x277
          layer at (0,0) size 277x277
            RenderSVGRoot {svg} at (0,0) size 277x277
              RenderSVGRect {rect} at (0,0) size 277x277 [stroke={[type=SOLID] [color=#008000] [stroke width=5.00]}] [fill={[type=SOLID] [color=#0000FF]}] [x=0.00] [y=0.00] [width=100.00] [height=100.00]
        RenderText {#text} at (0,0) size 0x0
      RenderBlock {p} at (0,315) size 970x13
        RenderText {#text} at (0,0) size 110x13
          text run at (0,0) width 110: "Text below the rect"
