layer at (0,0) size 980x735
  RenderView at (0,0) size 980x735
layer at (0,0) size 980x433
  RenderBlock {html} at (0,0) size 980x433
    RenderBody {body} at (11,14) size 958x405
      RenderBlock {p} at (0,0) size 958x27 [color=#000080]
        RenderText {#text} at (0,0) size 816x26
          text run at (0,0) width 816: "The word \"TEST \" should appear twice below, the same size each time."
      RenderBlock (anonymous) at (0,41) size 958x178
        RenderSVGRoot {svg} at (11,55) size 576x172
          RenderSVGRect {rect} at (11,55) size 576x172 [transform={m=((10.00,0.00)(0.00,10.00)) t=(0.00,0.00)}] [fill={[type=SOLID] [color=#EEEEEE]}] [x=0.00] [y=0.00] [width=60.00] [height=12.00]
          RenderSVGForeignObject {foreignObject} at (0,0) size 60x10
            RenderBlock {div} at (0,0) size 60x12 [color=#000080]
              RenderText {#text} at (0,0) size 24x11
                text run at (0,0) width 24: "TEST"
        RenderText {#text} at (0,0) size 0x0
      RenderBlock {div} at (0,233) size 576x172 [color=#000080] [bgcolor=#EEEEEE]
        RenderText {#text} at (0,0) size 358x168
          text run at (0,0) width 358: "TEST"
