layer at (0,0) size 800x600
  RenderView at (0,0) size 800x600
layer at (0,0) size 800x112
  RenderBlock {test} at (0,0) size 800x112
    RenderBlock {p} at (0,12) size 800x14 [bgcolor=#00FF00]
      RenderText {#text} at (0,0) size 200x14
        text run at (0,0) width 200: "This line should have a green background."
    RenderBlock {p} at (0,38) size 800x42 [bgcolor=#00FF00]
      RenderText {#text} at (0,15) size 523x14
        text run at (0,15) width 523: "UAs may render the following element as a pop up menu. If so, please ensure the menu is unstyled (or green). "
      RenderMenuList {select} at (525,2) size 149x38 [color=#202020]
        RenderBlock (anonymous) at (15,10) size 93x18
          RenderText at (0,0) size 83x17
            text run at (0,0) width 83: "This should"
      RenderText {#text} at (0,0) size 0x0
    RenderTable {table} at (0,92) size 323x20 [bgcolor=#00FF00]
      RenderTableSection (anonymous) at (0,0) size 323x20
        RenderTableRow {tr} at (0,2) size 323x16
          RenderTableCell {td} at (2,2) size 319x16 [r=0 c=0 rs=1 cs=1]
            RenderText {#text} at (1,1) size 317x14
              text run at (1,1) width 317: "This line should have a green background (or it might be unstyled)."
