layer at (0,0) size 800x600
  RenderView at (0,0) size 800x600
layer at (0,0) size 800x38
  RenderBlock {test} at (0,0) size 800x38
    RenderBlock {p} at (0,12) size 800x14
      RenderInline (generated) at (0,0) size 134x14 [bgcolor=#00FF00]
        RenderText at (0,0) size 134x14
          text run at (0,0) width 134: "GENERATED CONTENT "
      RenderText {#text} at (134,0) size 473x14
        text run at (134,0) width 473: "You should see before this paragraph the words GENERATED CONTENT over green background"
