layer at (0,0) size 800x600
  RenderView at (0,0) size 800x600
layer at (0,0) size 800x116
  RenderBlock {test} at (0,0) size 800x116
    RenderBlock {div} at (0,12) size 800x92
      RenderBlock {p} at (0,0) size 800x14 [bgcolor=#00FF00]
        RenderText {#text} at (0,0) size 227x14
          text run at (0,0) width 227: "This paragraph should have a green background"
      RenderBlock {p} at (0,26) size 800x14 [bgcolor=#00FF00]
        RenderText {#text} at (0,0) size 227x14
          text run at (0,0) width 227: "This paragraph should have a green background"
      RenderBlock {l} at (0,52) size 800x14 [bgcolor=#00FF00]
        RenderInline {p} at (0,0) size 227x14
          RenderText {#text} at (0,0) size 227x14
            text run at (0,0) width 142: "This paragraph should have a "
            text run at (142,0) width 85: "green background"
        RenderText {#text} at (0,0) size 0x0
      RenderBlock {p} at (0,78) size 800x14 [bgcolor=#00FF00]
        RenderText {#text} at (0,0) size 227x14
          text run at (0,0) width 227: "This paragraph should have a green background"
