layer at (0,0) size 800x600
  RenderView at (0,0) size 800x600
layer at (0,0) size 800x38
  RenderBlock {test} at (0,0) size 800x38
    RenderBlock {p} at (0,12) size 800x14
      RenderText {#text} at (0,0) size 464x14
        text run at (0,0) width 464: "You should see after this paragraph the words GENERATED CONTENT over green background"
      RenderInline (generated) at (0,0) size 131x14 [bgcolor=#00FF00]
        RenderText at (464,0) size 131x14
          text run at (464,0) width 131: "GENERATED CONTENT"
