layer at (0,0) size 800x600
  RenderView at (0,0) size 800x600
layer at (0,0) size 800x38
  RenderBlock {test} at (0,0) size 800x38
    RenderBlock {p} at (0,12) size 800x14 [bgcolor=#00FF00]
      RenderText {#text} at (0,0) size 387x14
        text run at (0,0) width 319: "This paragraph should have a green background because its TITLE "
        text run at (319,0) width 68: "attribute is set."
