layer at (0,0) size 800x600
  RenderView at (0,0) size 800x600
layer at (0,0) size 800x80
  RenderBlock {test} at (0,0) size 800x80
    RenderBlock {p} at (0,12) size 800x56
      RenderText {#text} at (0,0) size 790x56
        text run at (0,0) width 190: "This very long paragraph should have a "
        text run at (190,0) width 369: "first line with green background. This very long paragraph should have a first "
        text run at (559,0) width 135: "line with green background. "
        text run at (694,0) width 69: "This very long"
        text run at (0,14) width 160: "paragraph should have a first line "
        text run at (160,14) width 371: "with green background. This very long paragraph should have a first line with "
        text run at (531,14) width 245: "green background. This very long paragraph should"
        text run at (0,28) width 128: "have a first line with green "
        text run at (128,28) width 409: "background. This very long paragraph should have a first line with green background. "
        text run at (537,28) width 253: "This very long paragraph should have a first line with"
        text run at (0,42) width 88: "green background."
