layer at (0,0) size 800x600
  RenderView at (0,0) size 800x600
layer at (0,0) size 800x98
  RenderBlock {test} at (0,0) size 800x98
    RenderBlock {tests} at (0,0) size 800x98 [color=#008000]
      RenderBlock {testA} at (0,0) size 800x14
        RenderText {#text} at (0,0) size 102x14
          text run at (0,0) width 102: "This should be green."
      RenderBlock {testB} at (0,14) size 800x14
        RenderText {#text} at (0,0) size 102x14
          text run at (0,0) width 102: "This should be green."
      RenderBlock {testC} at (0,28) size 800x14
        RenderText {#text} at (0,0) size 102x14
          text run at (0,0) width 102: "This should be green."
      RenderBlock {testD} at (0,42) size 800x14
        RenderText {#text} at (0,0) size 102x14
          text run at (0,0) width 102: "This should be green."
      RenderBlock {testE} at (0,56) size 800x14
        RenderText {#text} at (0,0) size 102x14
          text run at (0,0) width 102: "This should be green."
      RenderBlock {testF} at (0,70) size 800x14
        RenderText {#text} at (0,0) size 102x14
          text run at (0,0) width 102: "This should be green."
      RenderBlock {testG} at (0,84) size 800x14
        RenderText {#text} at (0,0) size 102x14
          text run at (0,0) width 102: "This should be green."
