layer at (0,0) size 800x600
  RenderView at (0,0) size 800x600
layer at (0,0) size 800x64
  RenderBlock {test} at (0,0) size 800x64
    RenderBlock {blockquote} at (40,12) size 720x14
      RenderBlock {div} at (0,0) size 720x14
        RenderText {#text} at (0,0) size 136x14
          text run at (0,0) width 136: "This text should be unstyled."
    RenderBlock {div} at (0,38) size 800x14
      RenderBlock {div} at (0,0) size 800x14
        RenderBlock {p} at (0,0) size 800x14 [color=#008000]
          RenderText {#text} at (0,0) size 122x14
            text run at (0,0) width 122: "This text should be green."
