layer at (0,0) size 800x600
  RenderView at (0,0) size 800x600
layer at (0,0) size 800x52
  RenderBlock {test} at (0,0) size 800x52
    RenderBlock {div} at (0,0) size 800x14
      RenderText {#text} at (0,0) size 116x14
        text run at (0,0) width 116: "This should be unstyled."
    RenderBlock {p} at (0,26) size 800x14 [bgcolor=#008000]
      RenderText {#text} at (0,0) size 180x14
        text run at (0,0) width 180: "This should have a green background."
