layer at (0,0) size 800x600
  RenderView at (0,0) size 800x600
layer at (0,0) size 800x38
  RenderBlock {test} at (0,0) size 800x38 [bgcolor=#008000]
    RenderBlock {p} at (0,12) size 800x14
      RenderText {#text} at (0,0) size 127x14
        text run at (0,0) width 127: "This page should be green."
