layer at (0,0) size 800x600
  RenderView at (0,0) size 800x600
layer at (0,0) size 800x38
  RenderBlock {test} at (0,0) size 800x38
    RenderBlock {p} at (0,12) size 800x14
      RenderText {#text} at (0,0) size 212x14
        text run at (0,0) width 212: "When you select this text, it shouldn't go red."
