layer at (0,0) size 800x600
  RenderView at (0,0) size 800x600
layer at (0,0) size 800x38
  RenderBlock {test} at (0,0) size 800x38
    RenderBlock {p} at (0,12) size 800x14
      RenderInline (generated) at (0,0) size 7x14 [bgcolor=#00FF00]
        RenderText {#text} at (0,0) size 7x14
          text run at (0,0) width 7: "T"
      RenderText {#text} at (7,0) size 301x14
        text run at (7,0) width 301: "he first letter of this paragraph should have a green background."
