layer at (0,0) size 800x600
  RenderView at (0,0) size 800x600
layer at (0,0) size 800x164
  RenderBlock {test} at (0,0) size 800x164
    RenderBlock {p} at (0,12) size 800x140
      RenderInline (generated) at (0,0) size 15x14 [color=#FF0000]
        RenderInline (generated) at (0,0) size 15x26 [color=#00FF00]
          RenderText at (0,1) size 15x26
            text run at (0,1) width 15: "T"
        RenderText at (0,0) size 0x0
      RenderText {#text} at (15,11) size 800x129
        text run at (15,11) width 785: "his very long paragraph should have a big green first letter T. Dummy text. Dummy text. Dummy text. Dummy text. Dummy text. Dummy text. Dummy text. Dummy"
        text run at (0,28) width 800: "text. Dummy text. Dummy text. Dummy text. Dummy text. Dummy text. Dummy text. Dummy text. Dummy text. Dummy text. Dummy text. Dummy text. Dummy text."
        text run at (0,42) width 777: "Dummy text. Dummy text. Dummy text. Dummy text. Dummy text. Dummy text. Dummy text. Dummy text. Dummy text. Dummy text. Dummy text. Dummy text."
        text run at (0,56) width 777: "Dummy text. Dummy text. Dummy text. Dummy text. Dummy text. Dummy text. Dummy text. Dummy text. Dummy text. Dummy text. Dummy text. Dummy text."
        text run at (0,70) width 777: "Dummy text. Dummy text. Dummy text. Dummy text. Dummy text. Dummy text. Dummy text. Dummy text. Dummy text. Dummy text. Dummy text. Dummy text."
        text run at (0,84) width 777: "Dummy text. Dummy text. Dummy text. Dummy text. Dummy text. Dummy text. Dummy text. Dummy text. Dummy text. Dummy text. Dummy text. Dummy text."
        text run at (0,98) width 777: "Dummy text. Dummy text. Dummy text. Dummy text. Dummy text. Dummy text. Dummy text. Dummy text. Dummy text. Dummy text. Dummy text. Dummy text."
        text run at (0,112) width 777: "Dummy text. Dummy text. Dummy text. Dummy text. Dummy text. Dummy text. Dummy text. Dummy text. Dummy text. Dummy text. Dummy text. Dummy text."
        text run at (0,126) width 192: "Dummy text. Dummy text. Dummy text."
