layer at (0,0) size 800x600
  RenderView at (0,0) size 800x600
layer at (0,0) size 800x62
  RenderBlock {test} at (0,0) size 800x62
    RenderBlock {div} at (0,12) size 800x50
      RenderBlock {p} at (0,0) size 800x14
        RenderText {#text} at (0,0) size 177x14
          text run at (0,0) width 177: "The following block should be green."
      RenderBlock (anonymous) at (0,26) size 800x0
        RenderInline {stub} at (0,0) size 0x0
        RenderText {#text} at (0,0) size 0x0
        RenderText {#text} at (0,0) size 0x0
        RenderInline {t} at (0,0) size 0x0
        RenderText {#text} at (0,0) size 0x0
        RenderText {#text} at (0,0) size 0x0
        RenderInline {t} at (0,0) size 0x0
        RenderText {#text} at (0,0) size 0x0
        RenderText {#text} at (0,0) size 0x0
      RenderBlock {t} at (0,26) size 800x24 [bgcolor=#FF0000]
