layer at (0,0) size 800x600
  RenderView at (0,0) size 800x600
layer at (0,0) size 800x14
  RenderBlock {test} at (0,0) size 800x14
    RenderBlock {address} at (0,0) size 800x14 [bgcolor=#00FF00]
      RenderText {#text} at (0,0) size 263x14
        text run at (0,0) width 263: "This address element should have a green background."
