layer at (0,0) size 800x600
  RenderView at (0,0) size 800x600
layer at (0,0) size 800x38
  RenderBlock {test} at (0,0) size 800x38
    RenderBlock {div} at (0,12) size 800x14
      RenderBlock {p} at (0,0) size 800x14 [bgcolor=#00FF00]
        RenderText {#text} at (0,0) size 407x14
          text run at (0,0) width 407: "This paragraph should have a green background and there should be no red anywhere."
