layer at (0,0) size 800x600
  RenderView at (0,0) size 800x600
layer at (0,0) size 800x104
  RenderBlock {test} at (0,0) size 800x104
    RenderBlock {div} at (0,0) size 800x92
      RenderBlock {q} at (0,0) size 800x14 [bgcolor=#00FF00]
        RenderText {#text} at (0,0) size 230x14
          text run at (0,0) width 230: "This paragraph should have a green background."
      RenderBlock {q} at (0,26) size 800x14 [bgcolor=#00FF00]
        RenderText {#text} at (0,0) size 230x14
          text run at (0,0) width 230: "This paragraph should have a green background."
      RenderBlock {r} at (0,52) size 800x14
        RenderText {#text} at (0,0) size 166x14
          text run at (0,0) width 166: "This paragraph should be unstyled."
      RenderBlock {s} at (0,78) size 800x14
        RenderText {#text} at (0,0) size 166x14
          text run at (0,0) width 166: "This paragraph should be unstyled."
