layer at (0,0) size 800x2796
  RenderView at (0,0) size 800x600
layer at (0,0) size 800x2796
  RenderBlock {HTML} at (0,0) size 800x2796
    RenderBody {BODY} at (8,8) size 784x2780 [bgcolor=#CCCCCC]
      RenderBlock {P} at (0,0) size 784x14
        RenderText {#text} at (0,0) size 264x14
          text run at (0,0) width 264: "The style declarations which apply to the text below are:"
      RenderBlock {PRE} at (0,26) size 784x648
        RenderText {#text} at (0,0) size 426x648
          text run at (0,0) width 228: "P.one {color: green; rotation: 70deg;}"
          text run at (228,0) width 0: " "
          text run at (0,12) width 132: "P.oneb {color: green;}"
          text run at (132,12) width 0: " "
          text run at (0,24) width 174: "P.oneb {color: invalidValue;}"
          text run at (174,24) width 0: " "
          text run at (0,36) width 204: "P.two {background-color: inherit;}"
          text run at (204,36) width 0: " "
          text run at (0,48) width 162: "H1 + P.three {color: blue;}"
          text run at (162,48) width 0: " "
          text run at (0,60) width 150: "P.four + H1 {color: red;}"
          text run at (150,60) width 0: " "
          text run at (0,72) width 198: "P.five {background-color: \"red\";}"
          text run at (198,72) width 0: " "
          text run at (0,84) width 306: "P.sixa {border-width: medium; border-style: solid;}"
          text run at (306,84) width 0: " "
          text run at (0,96) width 300: "P.sixb {border-width: funny; border-style: solid;}"
          text run at (300,96) width 0: " "
          text run at (0,108) width 294: "P.sixc {border-width: 50zu; border-style: solid;}"
          text run at (294,108) width 0: " "
          text run at (0,120) width 282: "P.sixd {border-width: px; border-style: solid;}"
          text run at (282,120) width 0: " "
          text run at (0,132) width 72: "@three-dee {"
          text run at (72,132) width 0: " "
          text run at (0,144) width 138: " @background-lighting {"
          text run at (138,144) width 0: " "
          text run at (0,156) width 102: "  azimuth: 30deg;"
          text run at (102,156) width 0: " "
          text run at (0,168) width 120: "  elevation: 190deg;"
          text run at (120,168) width 0: " "
          text run at (0,180) width 18: "  }"
          text run at (18,180) width 0: " "
          text run at (0,192) width 138: " P.seven { color: red }"
          text run at (138,192) width 0: " "
          text run at (0,204) width 12: " }"
          text run at (12,204) width 0: " "
          text run at (0,216) width 138: "P.eight {COLOR: GREEN;}"
          text run at (138,216) width 0: " "
          text run at (0,228) width 144: "OL:wait {color: maroon;}"
          text run at (144,228) width 0: " "
          text run at (0,240) width 204: "P.ten:first-child {color: maroon;}"
          text run at (204,240) width 0: " "
          text run at (0,252) width 156: "UL:lang(fr) {color: gray;}"
          text run at (156,252) width 0: " "
          text run at (0,264) width 186: "BLOCKQUOTE[href] {color: navy;}"
          text run at (186,264) width 0: " "
          text run at (0,276) width 216: "ACRONYM[href=\"foo\"] {color: purple;}"
          text run at (216,276) width 0: " "
          text run at (0,288) width 222: "ADDRESS[href~=\"foo\"] {color: purple;}"
          text run at (222,288) width 0: " "
          text run at (0,300) width 186: "SPAN[lang|=\"fr\"] {color: #c37;}"
          text run at (186,300) width 0: " "
          text run at (0,312) width 72: "@media tty {"
          text run at (72,312) width 0: " "
          text run at (0,324) width 102: " H1 {color: red;}"
          text run at (102,324) width 0: " "
          text run at (0,336) width 144: " P.sixteen {color: red;}"
          text run at (144,336) width 0: " "
          text run at (0,348) width 12: " }"
          text run at (12,348) width 0: " "
          text run at (0,360) width 72: "@three-dee {"
          text run at (72,360) width 0: " "
          text run at (0,372) width 156: " P.seventeen {color: red }"
          text run at (156,372) width 0: " "
          text run at (0,384) width 12: " }"
          text run at (12,384) width 0: " "
          text run at (0,396) width 426: "P.eighteena {text-decoration: underline overline line-through diagonal;"
          text run at (426,396) width 0: " "
          text run at (0,408) width 312: "            font: bold highlighted 100% sans-serif;}"
          text run at (312,408) width 0: " "
          text run at (0,420) width 426: "P.eighteenb {text-decoration: underline overline line-through diagonal;"
          text run at (426,420) width 0: " "
          text run at (0,432) width 282: "            font: bold highlighted 100% serif;}"
          text run at (282,432) width 0: " "
          text run at (0,444) width 288: "EM, P.nineteena ! EM, STRONG {font-size: 200%; }"
          text run at (288,444) width 0: " "
          text run at (0,456) width 0: " "
          text run at (0,468) width 96: "// UL.nineteenb,"
          text run at (96,468) width 0: " "
          text run at (0,480) width 150: "P.nineteenb {color: red;}"
          text run at (150,480) width 0: " "
          text run at (0,492) width 0: " "
          text run at (0,504) width 270: "P.twentya {rotation-code: \"}\"; color: blue;} "
          text run at (270,504) width 0: " "
          text run at (0,516) width 294: "P.twentyb {rotation-code: \"\\\"}\\\"\"; color: green;}"
          text run at (294,516) width 0: " "
          text run at (0,528) width 300: "P.twentyonea {rotation-code: '}'; color: purple;} "
          text run at (300,528) width 0: " "
          text run at (0,540) width 312: "P.twentyoneb {rotation-code: '\\'}\\''; color: green;}"
          text run at (312,540) width 0: " "
          text run at (0,552) width 78: "P.twentytwo {"
          text run at (78,552) width 0: " "
          text run at (0,564) width 282: " type-display: @threedee {rotation-code: '}';};"
          text run at (282,564) width 0: " "
          text run at (0,576) width 84: " color: green;"
          text run at (84,576) width 0: " "
          text run at (0,588) width 12: " }"
          text run at (12,588) width 0: " "
          text run at (0,600) width 210: "P.twentythree {text-indent: 0.5in;}"
          text run at (210,600) width 0: " "
          text run at (0,612) width 84: " color: maroon"
          text run at (84,612) width 0: " "
          text run at (0,624) width 156: "P.twentyfour {color: red;}"
          text run at (156,624) width 0: " "
          text run at (0,636) width 0: " "
      RenderBlock {HR} at (0,684) size 784x2 [border: (1px inset #000000)]
      RenderBlock {P} at (0,698) size 784x14 [color=#008000]
        RenderText {#text} at (0,0) size 363x14
          text run at (0,0) width 363: "This paragraph should be green, because only the rotation should be ignored."
      RenderBlock {P} at (0,724) size 784x14 [color=#008000]
        RenderText {#text} at (0,0) size 466x14
          text run at (0,0) width 466: "This paragraph should be green, since error-checking should be done before calculating specificity."
      RenderBlock {P} at (0,750) size 784x28
        RenderText {#text} at (0,0) size 420x14
          text run at (0,0) width 420: "This paragraph should have a solid gray background (or a white grid), because in CSS1, "
        RenderInline {CODE} at (0,0) size 42x12
          RenderText {#text} at (420,2) size 42x12
            text run at (420,2) width 42: "inherit"
        RenderText {#text} at (462,0) size 736x28
          text run at (462,0) width 274: " is an invalid keyword, and in CSS2, it will cause the gray"
          text run at (0,14) width 223: "background (not the white grid) to be inherited."
      RenderBlock {P} at (0,790) size 784x14
        RenderText {#text} at (0,0) size 479x14
          text run at (0,0) width 479: "This paragraph should be black, since in CSS1, the selector is invalid, and in CSS2, it does not apply."
      RenderBlock {P} at (0,816) size 784x14
        RenderText {#text} at (0,0) size 479x14
          text run at (0,0) width 479: "This paragraph should be black, since in CSS1, the selector is invalid, and in CSS2, it does not apply."
      RenderBlock {P} at (0,842) size 784x14
        RenderText {#text} at (0,0) size 393x14
          text run at (0,0) width 393: "This paragraph should have a white background, since keywords cannot be quoted."
      RenderBlock {P} at (0,868) size 784x34 [border: (3px solid #000000)]
        RenderText {#text} at (3,3) size 759x28
          text run at (3,3) width 482: "This paragraph should have a medium-width border around it (the same as the next three paragraphs). "
          text run at (485,3) width 277: "This should cause the user agent to use the default value of"
          text run at (3,17) width 45: "'medium'."
      RenderBlock {P} at (0,914) size 784x34 [border: (3px solid #000000)]
        RenderText {#text} at (3,3) size 750x28
          text run at (3,3) width 729: "This paragraph should have a medium-width border around it (the same as the previous and the next two paragraphs), because the border-width is invalid. "
          text run at (732,3) width 21: "This"
          text run at (3,17) width 301: "should cause the user agent to use the default value of 'medium'."
      RenderBlock {P} at (0,960) size 784x34 [border: (3px solid #000000)]
        RenderText {#text} at (3,3) size 778x28
          text run at (3,3) width 778: "This paragraph should have a medium-width border around it (the same as the next and the previous two paragraphs), because the border-width units are invalid, and"
          text run at (3,17) width 218: "therefore the border-width should be ignored. "
          text run at (221,17) width 325: "This should cause the user agent to use the default value of 'medium'."
      RenderBlock {P} at (0,1006) size 784x34 [border: (3px solid #000000)]
        RenderText {#text} at (3,3) size 765x28
          text run at (3,3) width 765: "This paragraph should have a medium-width border around it (the same as the previous three paragraphs), because the border-width does not have any value to go"
          text run at (3,17) width 202: "with its pixel unit, and is therefore invalid. "
          text run at (205,17) width 325: "This should cause the user agent to use the default value of 'medium'."
      RenderBlock {P} at (0,1052) size 784x14
        RenderText {#text} at (0,0) size 493x14
          text run at (0,0) width 493: "This paragraph should be black, because the style declaration that applies to it is within an invalid at-rule."
      RenderBlock {P} at (0,1078) size 784x14 [color=#008000]
        RenderText {#text} at (0,0) size 753x14
          text run at (0,0) width 155: "This paragraph should be green. "
          text run at (155,0) width 598: "CSS is case-insensitive, unless required to be case sensitive due to interaction with other standards (e.g., font names or URLs.)"
      RenderBlock {OL} at (0,1104) size 784x14
        RenderListItem {LI} at (40,0) size 744x14
          RenderListMarker at (-15,0) size 12x14: "1"
          RenderText {#text} at (0,0) size 465x14
            text run at (0,0) width 465: "This ordered list item should be black, because the declaration has an invalid pseudo-class selector."
      RenderBlock {P} at (0,1130) size 784x14
        RenderText {#text} at (0,0) size 652x14
          text run at (0,0) width 652: "This paragraph should be black, because, in CSS1, :first-child is an invalid pseudo-class, and in CSS2, this paragraph is not the first child."
      RenderBlock {UL} at (0,1156) size 784x14
        RenderListItem {LI} at (40,0) size 744x14
          RenderListMarker at (-15,0) size 6x14: bullet
          RenderText {#text} at (0,0) size 691x14
            text run at (0,0) width 691: "This unordered list item should be black, because, according to CSS1, the selector is invalid, and according to CSS2, the selector should not apply."
      RenderBlock {BLOCKQUOTE} at (40,1182) size 704x14
        RenderText {#text} at (0,0) size 655x14
          text run at (0,0) width 655: "This blockquote should be black, because, according to CSS1, the selector is invalid, and according to CSS2, the selector should not apply."
      RenderBlock {P} at (0,1208) size 784x14
        RenderInline {ACRONYM} at (0,0) size 644x14
          RenderText {#text} at (0,0) size 644x14
            text run at (0,0) width 644: "This acronym should be black, because, according to CSS1, the selector is invalid, and according to CSS2, the selector should not apply."
      RenderBlock {ADDRESS} at (0,1234) size 784x14
        RenderText {#text} at (0,0) size 645x14
          text run at (0,0) width 645: "This address should be black, because, according to CSS1, the selector is invalid, and according to CSS2, the selector should not apply."
      RenderBlock {P} at (0,1260) size 784x14
        RenderInline {SPAN} at (0,0) size 625x14
          RenderText {#text} at (0,0) size 625x14
            text run at (0,0) width 625: "This span should be black, because, according to CSS1, the selector is invalid, and according to CSS2, the selector should not apply."
      RenderBlock {P} at (0,1286) size 784x28
        RenderText {#text} at (0,0) size 779x28
          text run at (0,0) width 496: "This paragraph should be black, because the style declaration that applies to it is within an invalid at-rule. "
          text run at (496,0) width 283: "However, it is valid in CSS2, so if this is being viewed on a"
          text run at (0,14) width 231: "tty browser that supports CSS2, it should be red."
      RenderBlock {P} at (0,1326) size 784x14
        RenderText {#text} at (0,0) size 493x14
          text run at (0,0) width 493: "This paragraph should be black, because the style declaration that applies to it is within an invalid at-rule."
      RenderBlock {P} at (0,1352) size 784x42
        RenderText {#text} at (0,0) size 556x14
          text run at (0,0) width 556: "The text of this paragraph should be normal (that is, it should not be underlined, overlined, stricken, or bold), because "
        RenderInline {CODE} at (0,0) size 48x12
          RenderText {#text} at (556,2) size 48x12
            text run at (556,2) width 48: "diagonal"
        RenderText {#text} at (604,0) size 166x14
          text run at (604,0) width 166: " is not a valid keyword, making the"
        RenderInline {CODE} at (0,0) size 90x12
          RenderText {#text} at (0,16) size 90x12
            text run at (0,16) width 90: "text-decoration"
        RenderText {#text} at (90,14) size 98x14
          text run at (90,14) width 41: " invalid. "
          text run at (131,14) width 57: "In addition, "
        RenderInline {CODE} at (0,0) size 66x12
          RenderText {#text} at (188,16) size 66x12
            text run at (188,16) width 66: "highlighted"
        RenderText {#text} at (254,14) size 117x14
          text run at (254,14) width 117: " is not a valid part of the "
        RenderInline {CODE} at (0,0) size 24x12
          RenderText {#text} at (371,16) size 24x12
            text run at (371,16) width 24: "font"
        RenderText {#text} at (395,14) size 764x28
          text run at (395,14) width 134: " property, making it invalid. "
          text run at (529,14) width 235: "Therefore, this paragraph's font should be the UA"
          text run at (0,28) width 182: "default, and match the next paragraph. "
          text run at (182,28) width 143: "If this is not the case, then the "
        RenderInline {CODE} at (0,0) size 24x12
          RenderText {#text} at (325,30) size 24x12
            text run at (325,30) width 24: "font"
        RenderText {#text} at (349,28) size 186x14
          text run at (349,28) width 186: " declaration is being improperly parsed."
      RenderBlock {P} at (0,1406) size 784x42
        RenderText {#text} at (0,0) size 556x14
          text run at (0,0) width 556: "The text of this paragraph should be normal (that is, it should not be underlined, overlined, stricken, or bold), because "
        RenderInline {CODE} at (0,0) size 48x12
          RenderText {#text} at (556,2) size 48x12
            text run at (556,2) width 48: "diagonal"
        RenderText {#text} at (604,0) size 166x14
          text run at (604,0) width 166: " is not a valid keyword, making the"
        RenderInline {CODE} at (0,0) size 90x12
          RenderText {#text} at (0,16) size 90x12
            text run at (0,16) width 90: "text-decoration"
        RenderText {#text} at (90,14) size 98x14
          text run at (90,14) width 41: " invalid. "
          text run at (131,14) width 57: "In addition, "
        RenderInline {CODE} at (0,0) size 66x12
          RenderText {#text} at (188,16) size 66x12
            text run at (188,16) width 66: "highlighted"
        RenderText {#text} at (254,14) size 117x14
          text run at (254,14) width 117: " is not a valid part of the "
        RenderInline {CODE} at (0,0) size 24x12
          RenderText {#text} at (371,16) size 24x12
            text run at (371,16) width 24: "font"
        RenderText {#text} at (395,14) size 764x28
          text run at (395,14) width 134: " property, making it invalid. "
          text run at (529,14) width 235: "Therefore, this paragraph's font should be the UA"
          text run at (0,28) width 203: "default, and match the previous paragraph. "
          text run at (203,28) width 143: "If this is not the case, then the "
        RenderInline {CODE} at (0,0) size 24x12
          RenderText {#text} at (346,30) size 24x12
            text run at (346,30) width 24: "font"
        RenderText {#text} at (370,28) size 186x14
          text run at (370,28) width 186: " declaration is being improperly parsed."
      RenderBlock {P} at (0,1460) size 784x28
        RenderText {#text} at (0,0) size 396x14
          text run at (0,0) width 375: "The text of this paragraph should be normal size because the selector is invalid. "
          text run at (375,0) width 21: "The "
        RenderInline {EM} at (0,0) size 75x14
          RenderText {#text} at (396,0) size 75x14
            text run at (396,0) width 75: "emphasized text"
        RenderText {#text} at (471,0) size 40x14
          text run at (471,0) width 40: " and the "
        RenderInline {STRONG} at (0,0) size 55x14
          RenderText {#text} at (511,0) size 55x14
            text run at (511,0) width 55: "strong text"
        RenderText {#text} at (566,0) size 783x28
          text run at (566,0) width 217: " within it should also be normal size, since the"
          text run at (0,14) width 746: "entire ruleset should be skipped (since in some future version of CSS, there could be an operator within the selector that has higher precedence than a comma)."
      RenderBlock {P} at (0,1500) size 784x14
        RenderText {#text} at (0,0) size 346x14
          text run at (0,0) width 346: "This paragraph should be black, because the line before the declaration is "
        RenderInline {STRONG} at (0,0) size 17x14
          RenderText {#text} at (346,0) size 17x14
            text run at (346,0) width 17: "not"
        RenderText {#text} at (363,0) size 299x14
          text run at (363,0) width 299: " a comment and therefore the selector for P.nineteenb is invalid."
      RenderBlock {P} at (0,1526) size 784x14 [color=#0000FF]
        RenderText {#text} at (0,0) size 352x14
          text run at (0,0) width 352: "This paragraph should be blue, because only the first declaration is invalid."
      RenderBlock {P} at (0,1552) size 784x14 [color=#008000]
        RenderText {#text} at (0,0) size 358x14
          text run at (0,0) width 358: "This paragraph should be green, because only the first declaration is invalid."
      RenderBlock {P} at (0,1578) size 784x14 [color=#800080]
        RenderText {#text} at (0,0) size 362x14
          text run at (0,0) width 362: "This paragraph should be purple, because only the first declaration is invalid."
      RenderBlock {P} at (0,1604) size 784x14 [color=#008000]
        RenderText {#text} at (0,0) size 358x14
          text run at (0,0) width 358: "This paragraph should be green, because only the first declaration is invalid."
      RenderBlock {P} at (0,1630) size 784x14 [color=#008000]
        RenderText {#text} at (0,0) size 358x14
          text run at (0,0) width 358: "This paragraph should be green, because only the first declaration is invalid."
      RenderBlock {P} at (0,1656) size 784x14
        RenderText {#text} at (48,0) size 450x14
          text run at (48,0) width 363: "This paragraph should be indented half an inch, but it should not be maroon. "
          text run at (411,0) width 87: "It should be black."
      RenderBlock {P} at (0,1682) size 784x28
        RenderText {#text} at (0,0) size 749x28
          text run at (0,0) width 749: "This paragraph should be black, because the color declaration after the previous ruleset should be considered part of the selector for this ruleset, and this ruleset"
          text run at (0,14) width 276: "therefore has an invalid selector and should not be applied."
      RenderTable {TABLE} at (0,1722) size 784x1058 [border: (1px outset #808080)]
        RenderTableSection {TBODY} at (1,1) size 782x1056
          RenderTableRow {TR} at (0,0) size 782x22
            RenderTableCell {TD} at (0,0) size 782x22 [bgcolor=#C0C0C0] [border: (1px inset #808080)] [r=0 c=0 rs=1 cs=2]
              RenderInline {STRONG} at (0,0) size 122x14
                RenderText {#text} at (4,4) size 122x14
                  text run at (4,4) width 122: "TABLE Testing Section"
          RenderTableRow {TR} at (0,22) size 782x1034
            RenderTableCell {TD} at (0,528) size 11x22 [bgcolor=#C0C0C0] [border: (1px inset #808080)] [r=1 c=0 rs=1 cs=1]
              RenderText {#text} at (4,4) size 3x14
                text run at (4,4) width 3: " "
            RenderTableCell {TD} at (11,22) size 771x1034 [border: (1px inset #808080)] [r=1 c=1 rs=1 cs=1]
              RenderBlock {P} at (4,4) size 763x14 [color=#008000]
                RenderText {#text} at (0,0) size 363x14
                  text run at (0,0) width 363: "This paragraph should be green, because only the rotation should be ignored."
              RenderBlock {P} at (4,30) size 763x14 [color=#008000]
                RenderText {#text} at (0,0) size 466x14
                  text run at (0,0) width 466: "This paragraph should be green, since error-checking should be done before calculating specificity."
              RenderBlock {P} at (4,56) size 763x28
                RenderText {#text} at (0,0) size 420x14
                  text run at (0,0) width 420: "This paragraph should have a solid gray background (or a white grid), because in CSS1, "
                RenderInline {CODE} at (0,0) size 42x12
                  RenderText {#text} at (420,2) size 42x12
                    text run at (420,2) width 42: "inherit"
                RenderText {#text} at (462,0) size 736x28
                  text run at (462,0) width 274: " is an invalid keyword, and in CSS2, it will cause the gray"
                  text run at (0,14) width 223: "background (not the white grid) to be inherited."
              RenderBlock {P} at (4,96) size 763x14
                RenderText {#text} at (0,0) size 479x14
                  text run at (0,0) width 479: "This paragraph should be black, since in CSS1, the selector is invalid, and in CSS2, it does not apply."
              RenderBlock {P} at (4,122) size 763x14
                RenderText {#text} at (0,0) size 479x14
                  text run at (0,0) width 479: "This paragraph should be black, since in CSS1, the selector is invalid, and in CSS2, it does not apply."
              RenderBlock {P} at (4,148) size 763x14
                RenderText {#text} at (0,0) size 393x14
                  text run at (0,0) width 393: "This paragraph should have a white background, since keywords cannot be quoted."
              RenderBlock {P} at (4,174) size 763x34 [border: (3px solid #000000)]
                RenderText {#text} at (3,3) size 746x28
                  text run at (3,3) width 482: "This paragraph should have a medium-width border around it (the same as the next three paragraphs). "
                  text run at (485,3) width 264: "This should cause the user agent to use the default value"
                  text run at (3,17) width 58: "of 'medium'."
              RenderBlock {P} at (4,220) size 763x34 [border: (3px solid #000000)]
                RenderText {#text} at (3,3) size 750x28
                  text run at (3,3) width 729: "This paragraph should have a medium-width border around it (the same as the previous and the next two paragraphs), because the border-width is invalid. "
                  text run at (732,3) width 21: "This"
                  text run at (3,17) width 301: "should cause the user agent to use the default value of 'medium'."
              RenderBlock {P} at (4,266) size 763x34 [border: (3px solid #000000)]
                RenderText {#text} at (3,3) size 720x28
                  text run at (3,3) width 720: "This paragraph should have a medium-width border around it (the same as the next and the previous two paragraphs), because the border-width units are"
                  text run at (3,17) width 276: "invalid, and therefore the border-width should be ignored. "
                  text run at (279,17) width 325: "This should cause the user agent to use the default value of 'medium'."
              RenderBlock {P} at (4,312) size 763x34 [border: (3px solid #000000)]
                RenderText {#text} at (3,3) size 750x28
                  text run at (3,3) width 750: "This paragraph should have a medium-width border around it (the same as the previous three paragraphs), because the border-width does not have any value to"
                  text run at (3,17) width 217: "go with its pixel unit, and is therefore invalid. "
                  text run at (220,17) width 325: "This should cause the user agent to use the default value of 'medium'."
              RenderBlock {P} at (4,358) size 763x14
                RenderText {#text} at (0,0) size 493x14
                  text run at (0,0) width 493: "This paragraph should be black, because the style declaration that applies to it is within an invalid at-rule."
              RenderBlock {P} at (4,384) size 763x14 [color=#008000]
                RenderText {#text} at (0,0) size 753x14
                  text run at (0,0) width 155: "This paragraph should be green. "
                  text run at (155,0) width 598: "CSS is case-insensitive, unless required to be case sensitive due to interaction with other standards (e.g., font names or URLs.)"
              RenderBlock {OL} at (4,410) size 763x14
                RenderListItem {LI} at (40,0) size 723x14
                  RenderListMarker at (-15,0) size 12x14: "1"
                  RenderText {#text} at (0,0) size 465x14
                    text run at (0,0) width 465: "This ordered list item should be black, because the declaration has an invalid pseudo-class selector."
              RenderBlock {P} at (4,436) size 763x14
                RenderText {#text} at (0,0) size 652x14
                  text run at (0,0) width 652: "This paragraph should be black, because, in CSS1, :first-child is an invalid pseudo-class, and in CSS2, this paragraph is not the first child."
              RenderBlock {UL} at (4,462) size 763x14
                RenderListItem {LI} at (40,0) size 723x14
                  RenderListMarker at (-15,0) size 6x14: bullet
                  RenderText {#text} at (0,0) size 691x14
                    text run at (0,0) width 691: "This unordered list item should be black, because, according to CSS1, the selector is invalid, and according to CSS2, the selector should not apply."
              RenderBlock {BLOCKQUOTE} at (44,488) size 683x14
                RenderText {#text} at (0,0) size 655x14
                  text run at (0,0) width 655: "This blockquote should be black, because, according to CSS1, the selector is invalid, and according to CSS2, the selector should not apply."
              RenderBlock {P} at (4,514) size 763x14
                RenderInline {ACRONYM} at (0,0) size 644x14
                  RenderText {#text} at (0,0) size 644x14
                    text run at (0,0) width 644: "This acronym should be black, because, according to CSS1, the selector is invalid, and according to CSS2, the selector should not apply."
              RenderBlock {ADDRESS} at (4,540) size 763x14
                RenderText {#text} at (0,0) size 645x14
                  text run at (0,0) width 645: "This address should be black, because, according to CSS1, the selector is invalid, and according to CSS2, the selector should not apply."
              RenderBlock {P} at (4,566) size 763x14
                RenderInline {SPAN} at (0,0) size 625x14
                  RenderText {#text} at (0,0) size 625x14
                    text run at (0,0) width 625: "This span should be black, because, according to CSS1, the selector is invalid, and according to CSS2, the selector should not apply."
              RenderBlock {P} at (4,592) size 763x28
                RenderText {#text} at (0,0) size 756x28
                  text run at (0,0) width 496: "This paragraph should be black, because the style declaration that applies to it is within an invalid at-rule. "
                  text run at (496,0) width 260: "However, it is valid in CSS2, so if this is being viewed"
                  text run at (0,14) width 254: "on a tty browser that supports CSS2, it should be red."
              RenderBlock {P} at (4,632) size 763x14
                RenderText {#text} at (0,0) size 493x14
                  text run at (0,0) width 493: "This paragraph should be black, because the style declaration that applies to it is within an invalid at-rule."
              RenderBlock {P} at (4,658) size 763x42
                RenderText {#text} at (0,0) size 556x14
                  text run at (0,0) width 556: "The text of this paragraph should be normal (that is, it should not be underlined, overlined, stricken, or bold), because "
                RenderInline {CODE} at (0,0) size 48x12
                  RenderText {#text} at (556,2) size 48x12
                    text run at (556,2) width 48: "diagonal"
                RenderText {#text} at (604,0) size 753x28
                  text run at (604,0) width 149: " is not a valid keyword, making"
                  text run at (0,14) width 17: "the "
                RenderInline {CODE} at (0,0) size 90x12
                  RenderText {#text} at (17,16) size 90x12
                    text run at (17,16) width 90: "text-decoration"
                RenderText {#text} at (107,14) size 98x14
                  text run at (107,14) width 41: " invalid. "
                  text run at (148,14) width 57: "In addition, "
                RenderInline {CODE} at (0,0) size 66x12
                  RenderText {#text} at (205,16) size 66x12
                    text run at (205,16) width 66: "highlighted"
                RenderText {#text} at (271,14) size 117x14
                  text run at (271,14) width 117: " is not a valid part of the "
                RenderInline {CODE} at (0,0) size 24x12
                  RenderText {#text} at (388,16) size 24x12
                    text run at (388,16) width 24: "font"
                RenderText {#text} at (412,14) size 760x28
                  text run at (412,14) width 134: " property, making it invalid. "
                  text run at (546,14) width 214: "Therefore, this paragraph's font should be the"
                  text run at (0,28) width 203: "UA default, and match the next paragraph. "
                  text run at (203,28) width 143: "If this is not the case, then the "
                RenderInline {CODE} at (0,0) size 24x12
                  RenderText {#text} at (346,30) size 24x12
                    text run at (346,30) width 24: "font"
                RenderText {#text} at (370,28) size 186x14
                  text run at (370,28) width 186: " declaration is being improperly parsed."
              RenderBlock {P} at (4,712) size 763x42
                RenderText {#text} at (0,0) size 556x14
                  text run at (0,0) width 556: "The text of this paragraph should be normal (that is, it should not be underlined, overlined, stricken, or bold), because "
                RenderInline {CODE} at (0,0) size 48x12
                  RenderText {#text} at (556,2) size 48x12
                    text run at (556,2) width 48: "diagonal"
                RenderText {#text} at (604,0) size 753x28
                  text run at (604,0) width 149: " is not a valid keyword, making"
                  text run at (0,14) width 17: "the "
                RenderInline {CODE} at (0,0) size 90x12
                  RenderText {#text} at (17,16) size 90x12
                    text run at (17,16) width 90: "text-decoration"
                RenderText {#text} at (107,14) size 98x14
                  text run at (107,14) width 41: " invalid. "
                  text run at (148,14) width 57: "In addition, "
                RenderInline {CODE} at (0,0) size 66x12
                  RenderText {#text} at (205,16) size 66x12
                    text run at (205,16) width 66: "highlighted"
                RenderText {#text} at (271,14) size 117x14
                  text run at (271,14) width 117: " is not a valid part of the "
                RenderInline {CODE} at (0,0) size 24x12
                  RenderText {#text} at (388,16) size 24x12
                    text run at (388,16) width 24: "font"
                RenderText {#text} at (412,14) size 760x28
                  text run at (412,14) width 134: " property, making it invalid. "
                  text run at (546,14) width 214: "Therefore, this paragraph's font should be the"
                  text run at (0,28) width 224: "UA default, and match the previous paragraph. "
                  text run at (224,28) width 143: "If this is not the case, then the "
                RenderInline {CODE} at (0,0) size 24x12
                  RenderText {#text} at (367,30) size 24x12
                    text run at (367,30) width 24: "font"
                RenderText {#text} at (391,28) size 186x14
                  text run at (391,28) width 186: " declaration is being improperly parsed."
              RenderBlock {P} at (4,766) size 763x42
                RenderText {#text} at (0,0) size 396x14
                  text run at (0,0) width 375: "The text of this paragraph should be normal size because the selector is invalid. "
                  text run at (375,0) width 21: "The "
                RenderInline {EM} at (0,0) size 75x14
                  RenderText {#text} at (396,0) size 75x14
                    text run at (396,0) width 75: "emphasized text"
                RenderText {#text} at (471,0) size 40x14
                  text run at (471,0) width 40: " and the "
                RenderInline {STRONG} at (0,0) size 55x14
                  RenderText {#text} at (511,0) size 55x14
                    text run at (511,0) width 55: "strong text"
                RenderText {#text} at (566,0) size 746x42
                  text run at (566,0) width 173: " within it should also be normal size,"
                  text run at (0,14) width 746: "since the entire ruleset should be skipped (since in some future version of CSS, there could be an operator within the selector that has higher precedence than a"
                  text run at (0,28) width 41: "comma)."
              RenderBlock {P} at (4,820) size 763x14
                RenderText {#text} at (0,0) size 346x14
                  text run at (0,0) width 346: "This paragraph should be black, because the line before the declaration is "
                RenderInline {STRONG} at (0,0) size 17x14
                  RenderText {#text} at (346,0) size 17x14
                    text run at (346,0) width 17: "not"
                RenderText {#text} at (363,0) size 299x14
                  text run at (363,0) width 299: " a comment and therefore the selector for P.nineteenb is invalid."
              RenderBlock {P} at (4,846) size 763x14 [color=#0000FF]
                RenderText {#text} at (0,0) size 352x14
                  text run at (0,0) width 352: "This paragraph should be blue, because only the first declaration is invalid."
              RenderBlock {P} at (4,872) size 763x14 [color=#008000]
                RenderText {#text} at (0,0) size 358x14
                  text run at (0,0) width 358: "This paragraph should be green, because only the first declaration is invalid."
              RenderBlock {P} at (4,898) size 763x14 [color=#800080]
                RenderText {#text} at (0,0) size 362x14
                  text run at (0,0) width 362: "This paragraph should be purple, because only the first declaration is invalid."
              RenderBlock {P} at (4,924) size 763x14 [color=#008000]
                RenderText {#text} at (0,0) size 358x14
                  text run at (0,0) width 358: "This paragraph should be green, because only the first declaration is invalid."
              RenderBlock {P} at (4,950) size 763x14 [color=#008000]
                RenderText {#text} at (0,0) size 358x14
                  text run at (0,0) width 358: "This paragraph should be green, because only the first declaration is invalid."
              RenderBlock {P} at (4,976) size 763x14
                RenderText {#text} at (48,0) size 450x14
                  text run at (48,0) width 363: "This paragraph should be indented half an inch, but it should not be maroon. "
                  text run at (411,0) width 87: "It should be black."
              RenderBlock {P} at (4,1002) size 763x28
                RenderText {#text} at (0,0) size 749x28
                  text run at (0,0) width 749: "This paragraph should be black, because the color declaration after the previous ruleset should be considered part of the selector for this ruleset, and this ruleset"
                  text run at (0,14) width 276: "therefore has an invalid selector and should not be applied."
