layer at (0,0) size 980x735
  RenderView at (0,0) size 980x735
layer at (0,0) size 980x735
  RenderBlock {HTML} at (0,0) size 980x735
    RenderBody {BODY} at (8,8) size 964x719
      RenderBlock {DIV} at (0,0) size 964x19
        RenderText {#text} at (0,0) size 809x19
          text run at (0,0) width 809: "This test passes if the broken image icon appears high-resolution in HiDPI and is the appropriate size."
      RenderBlock (anonymous) at (0,19) size 964x150
        RenderImage {IMG} at (0,0) size 300x150
        RenderText {#text} at (0,0) size 0x0
