layer at (0,0) size 980x735
  RenderView at (0,0) size 980x735
layer at (0,0) size 980x735
  RenderBlock {HTML} at (0,0) size 980x735
    RenderBody {BODY} at (8,8) size 964x719
      RenderInline {SPAN} at (0,0) size 440x19 [bgcolor=#FF0000]
        RenderText {#text} at (0,0) size 440x19
          text run at (0,0) width 440: "This text should be nice and sharp. devicePixelRatio is: "
      RenderText {#text} at (0,0) size 0x0
      RenderInline {SPAN} at (0,0) size 10x19
        RenderText {#text} at (440,0) size 10x19
          text run at (440,0) width 10: "2"
      RenderText {#text} at (0,0) size 0x0
