layer at (0,0) size 980x735
  RenderView at (0,0) size 980x735
layer at (0,0) size 980x735
  RenderBlock {HTML} at (0,0) size 980x735
    RenderBody {BODY} at (8,8) size 964x719
      RenderBlock {DIV} at (0,0) size 964x19
        RenderText {#text} at (0,0) size 675x19
          text run at (0,0) width 675: "This test passes if the video controls are non-blurry and properly positioned in HiDPI."
      RenderBlock (anonymous) at (0,19) size 964x150
        RenderText {#text} at (0,0) size 0x0
layer at (8,27) size 300x150
  RenderVideo {VIDEO} at (0,0) size 300x150 [bgcolor=#000000]
layer at (8,27) size 300x150
  RenderDeprecatedFlexibleBox (relative positioned) {DIV} at (0,0) size 300x150
layer at (8,27) size 300x150
  RenderDeprecatedFlexibleBox (positioned) {DIV} at (0,0) size 300x150
layer at (8,134) size 300x40
  RenderDeprecatedFlexibleBox (relative positioned) {DIV} at (0,110) size 300x40
    RenderBlock {DIV} at (0,20) size 0x0
layer at (13,134) size 40x40
  RenderButton {INPUT} at (5,0) size 40x40
layer at (58,134) size 200x40
  RenderDeprecatedFlexibleBox (positioned) {DIV} at (50,0) size 200x40
    RenderSlider {INPUT} at (0,18) size 200x4
      RenderDeprecatedFlexibleBox {DIV} at (2,0) size 196x4
        RenderBlock {DIV} at (0,0) size 182x14
        RenderBlock {DIV} at (182,0) size 14x14
layer at (60,147) size 14x14
  RenderBlock (relative positioned) {DIV} at (0,-5) size 14x14
layer at (263,134) size 40x40
  RenderButton {INPUT} at (255,0) size 40x40
