layer at (0,0) size 800x600
  RenderView at (0,0) size 800x600
layer at (0,0) size 800x600
  RenderBlock {HTML} at (0,0) size 800x600
    RenderBody {BODY} at (8,8) size 784x584
      RenderBlock {P} at (0,0) size 784x12
        RenderText {#text} at (0,0) size 518x11
          text run at (0,0) width 518: "The layering and positions of the boxes should not be affected by oveflow:hidden."
      RenderBlock (anonymous) at (0,24) size 784x320
        RenderText {#text} at (320,126) size 6x11
          text run at (320,126) width 6: " "
        RenderText {#text} at (0,0) size 0x0
layer at (68,92) size 200x200 layerType: background only
layer at (28,52) size 150x150
  RenderBlock (positioned) zI: -1 {DIV} at (-40,-40) size 150x150 [color=#808080] [bgcolor=#C86464] [border: (2px solid #000000)]
    RenderText zI: -1 {#text} at (22,22) size 89x25
      text run at (22,22) width 89: "Behind"
    RenderText zI: -1 {#text} at (0,0) size 0x0
layer at (50,134) size 100x100
  RenderBlock (positioned) {DIV} at (22,82) size 100x100 [bgcolor=#008000] [border: (2px solid #000000)]
    RenderText {#text} at (22,22) size 44x26
      text run at (22,22) width 44: "Behind"
      text run at (22,35) width 44: "behind"
layer at (68,92) size 200x200 layerType: foreground only
  RenderBlock (relative positioned) {DIV} at (60,60) size 200x200 [color=#0000FF] [bgcolor=#FFFFFFCC] [border: (10px solid #000000)]
    RenderText {#text} at (30,30) size 112x51
      text run at (30,30) width 48: "Box"
      text run at (30,56) width 112: "contents"
    RenderText {#text} at (0,0) size 0x0
    RenderText {#text} at (0,0) size 0x0
layer at (158,182) size 150x150
  RenderBlock (positioned) zI: 1 {DIV} at (90,90) size 150x150 [color=#808080] [bgcolor=#C8C880] [border: (2px solid #000000)]
    RenderText zI: 1 {#text} at (22,22) size 70x51
      text run at (22,22) width 33: "In"
      text run at (22,48) width 70: "Front"
layer at (394,92) size 200x200 clip at (404,102) size 180x180 scrollWidth 230 scrollHeight 230 layerType: background only
layer at (354,52) size 150x150 backgroundClip at (404,102) size 180x180 clip at (404,102) size 180x180 outlineClip at (404,102) size 180x180
  RenderBlock (positioned) zI: -1 {DIV} at (-40,-40) size 150x150 [color=#808080] [bgcolor=#C86464] [border: (2px solid #000000)]
    RenderText zI: -1 {#text} at (22,22) size 89x25
      text run at (22,22) width 89: "Behind"
    RenderText zI: -1 {#text} at (0,0) size 0x0
layer at (376,134) size 100x100 backgroundClip at (404,102) size 180x180 clip at (404,102) size 180x180 outlineClip at (404,102) size 180x180
  RenderBlock (positioned) {DIV} at (22,82) size 100x100 [bgcolor=#008000] [border: (2px solid #000000)]
    RenderText {#text} at (22,22) size 44x26
      text run at (22,22) width 44: "Behind"
      text run at (22,35) width 44: "behind"
layer at (394,92) size 200x200 clip at (404,102) size 180x180 scrollWidth 230 scrollHeight 230 layerType: foreground only
  RenderBlock (relative positioned) {DIV} at (386,60) size 200x200 [color=#0000FF] [bgcolor=#FFFFFFCC] [border: (10px solid #000000)]
    RenderText {#text} at (30,30) size 112x51
      text run at (30,30) width 48: "Box"
      text run at (30,56) width 112: "contents"
    RenderText {#text} at (0,0) size 0x0
    RenderText {#text} at (0,0) size 0x0
layer at (484,182) size 150x150 backgroundClip at (404,102) size 180x180 clip at (404,102) size 180x180 outlineClip at (404,102) size 180x180
  RenderBlock (positioned) zI: 1 {DIV} at (90,90) size 150x150 [color=#808080] [bgcolor=#C8C880] [border: (2px solid #000000)]
    RenderText zI: 1 {#text} at (22,22) size 70x51
      text run at (22,22) width 33: "In"
      text run at (22,48) width 70: "Front"
