CONSOLE MESSAGE: line 33: TypeError: 'undefined' is not a function (evaluating 'video.canPlayType('video/ogg')')
FAIL: Timed out waiting for notifyDone to be called
layer at (0,0) size 800x600
  RenderView at (0,0) size 800x600
layer at (0,0) size 800x36
  RenderBlock {HTML} at (0,0) size 800x36
    RenderBody {BODY} at (8,12) size 784x12
      RenderBlock {P} at (0,0) size 784x12
        RenderText {#text} at (0,0) size 300x11
          text run at (0,0) width 300: "The video controller should not be visible below"
layer at (20,50) size 70x70 clip at (30,60) size 50x50
  RenderBlock (positioned) {DIV} at (20,50) size 70x70 [border: (10px solid #008000)]
    RenderInline {VIDEO} at (0,0) size 0x0
    RenderText {#text} at (0,0) size 0x0
