layer at (0,0) size 800x600
  RenderView at (0,0) size 800x600
layer at (0,0) size 800x308
  RenderBlock {HTML} at (0,0) size 800x308
layer at (8,8) size 784x292
  RenderBody {BODY} at (8,8) size 784x292
layer at (8,8) size 342x292
  RenderBlock (relative positioned) {DIV} at (0,0) size 342x292 [border: (1px solid #000000)]
    RenderBlock (anonymous) at (21,21) size 300x12
      RenderText {#text} at (0,0) size 181x11
        text run at (0,0) width 181: "This content is in the parent"
layer at (39,41) size 250x220
  RenderBlock (relative positioned) {DIV} at (21,33) size 250x220 [bgcolor=#0000FF]
layer at (49,51) size 200x200
  RenderBlock (relative positioned) {DIV} at (0,0) size 200x200 [bgcolor=#FFFF00]
layer at (149,51) size 250x100
  RenderBlock (relative positioned) {DIV} at (0,0) size 250x100 [bgcolor=#008000]
    RenderText {#text} at (0,0) size 178x11
      text run at (0,0) width 178: "Box should have perspective"
