CONSOLE MESSAGE: line 40: TypeError: 'undefined' is not a function (evaluating 'video.canPlayType('video/ogg')')
FAIL: Timed out waiting for notifyDone to be called
layer at (0,0) size 800x1020
  RenderView at (0,0) size 800x600
layer at (0,0) size 800x1020
  RenderBlock {HTML} at (0,0) size 800x1020
    RenderBody {BODY} at (8,12) size 784x1000
      RenderBlock (anonymous) at (0,0) size 784x0
        RenderInline {VIDEO} at (0,0) size 0x0
        RenderText {#text} at (0,0) size 0x0
      RenderBlock {P} at (0,0) size 784x12
        RenderText {#text} at (0,0) size 466x11
          text run at (0,0) width 466: "The blue bar should be in front of the video, and at the top of the page."
layer at (0,0) size 500x60
  RenderBlock (positioned) {DIV} at (0,0) size 500x60 [bgcolor=#0000FFCC]
