CONSOLE MESSAGE: line 51: TypeError: 'undefined' is not a function (evaluating 'video.canPlayType('video/ogg')')
FAIL: Timed out waiting for notifyDone to be called
layer at (0,0) size 800x600
  RenderView at (0,0) size 800x600
layer at (0,0) size 800x346
  RenderBlock {HTML} at (0,0) size 800x346
    RenderBody {BODY} at (8,12) size 784x326
      RenderBlock {P} at (0,0) size 784x12
        RenderText {#text} at (0,0) size 300x11
          text run at (0,0) width 300: "The orange bar should be in front of the video."
layer at (8,36) size 402x302
  RenderBlock (relative positioned) {DIV} at (0,24) size 402x302 [border: (1px solid #000000)]
    RenderBlock (anonymous) at (1,1) size 400x0
      RenderInline {VIDEO} at (0,0) size 0x0
      RenderText {#text} at (0,0) size 0x0
layer at (9,37) size 10x10
  RenderBlock {DIV} at (1,1) size 10x10 [bgcolor=#008000]
layer at (9,277) size 400x60
  RenderBlock (positioned) {DIV} at (1,241) size 400x60 [bgcolor=#FFA500]
