layer at (0,0) size 800x600
  RenderView at (0,0) size 800x600
layer at (0,0) size 800x130
  RenderBlock {HTML} at (0,0) size 800x130
    RenderBody {BODY} at (8,8) size 784x114
      RenderBlock (anonymous) at (0,0) size 784x14
        RenderText {#text} at (0,0) size 403x14
          text run at (0,0) width 228: "You should see a 100x100 green square below. "
          text run at (228,0) width 175: "If you see any red, the test has failed."
layer at (8,22) size 100x100 scrollHeight 200
  RenderBlock {DIV} at (0,14) size 100x100 [bgcolor=#008000]
    RenderBlock {DIV} at (0,100) size 100x100 [bgcolor=#FF0000]
