layer at (0,0) size 800x600
  RenderView at (0,0) size 800x600
layer at (0,0) size 800x144
  RenderBlock {HTML} at (0,0) size 800x144
    RenderBody {BODY} at (8,8) size 784x128
      RenderBlock (anonymous) at (0,0) size 784x28
        RenderText {#text} at (0,0) size 766x28
          text run at (0,0) width 228: "You should see a 100x100 green square below. "
          text run at (228,0) width 178: "If you see any red, the test has failed. "
          text run at (406,0) width 274: "This test is checking to make sure overflow is done using "
          text run at (680,0) width 86: "a containing block"
          text run at (0,14) width 32: "model."
layer at (8,36) size 100x100 scrollWidth 200 scrollHeight 400
  RenderBlock (relative positioned) {DIV} at (0,28) size 100x100 [bgcolor=#008000]
    RenderBlock {DIV} at (100,100) size 100x100 [bgcolor=#FF0000]
