layer at (0,0) size 800x600
  RenderView at (0,0) size 800x600
layer at (0,0) size 800x130
  RenderBlock {HTML} at (0,0) size 800x130
    RenderBody {BODY} at (8,8) size 784x114
      RenderBlock (anonymous) at (0,0) size 784x14
        RenderText {#text} at (0,0) size 553x14
          text run at (0,0) width 228: "You should see a 100x100 green square below. "
          text run at (228,0) width 325: "This test makes sure overflow uses containing blocks when clipping."
layer at (8,22) size 100x100 scrollWidth 300 scrollHeight 300
  RenderBlock {DIV} at (0,14) size 100x100 [bgcolor=#008000]
