layer at (0,0) size 800x600
  RenderView at (0,0) size 800x600
layer at (0,0) size 800x600
  RenderBlock {HTML} at (0,0) size 800x600
    RenderBody {BODY} at (8,8) size 784x584
      RenderText {#text} at (0,0) size 609x14
        text run at (0,0) width 157: "This tests clipping of the outline. "
        text run at (157,0) width 215: "It should not be clipped by the overflow rect. "
        text run at (372,0) width 237: "The inner div has a green outline and a red border."
      RenderText {#text} at (0,0) size 0x0
layer at (8,22) size 304x204 backgroundClip at (83,22) size 229x204 clip at (83,22) size 229x204 outlineClip at (83,22) size 229x204
  RenderBlock (positioned) {DIV} at (8,22) size 304x204 [border: (2px solid #0000FF)]
    RenderText {#text} at (2,2) size 74x14
      text run at (2,2) width 74: "text in outer div"
    RenderText {#text} at (0,0) size 0x0
layer at (60,38) size 80x20 backgroundClip at (83,38) size 57x20 clip at (83,41) size 54x14 outlineClip at (83,22) size 229x204 scrollWidth 75
  RenderBlock (positioned) {DIV} at (52,16) size 80x20 [bgcolor=#EEEEEE] [border: (3px solid #FF0000)]
    RenderText {#text} at (3,3) size 74x14
      text run at (3,3) width 74: "text in inner div"
      text run at (77,3) width 0: " "
