layer at (0,0) size 980x735
  RenderView at (0,0) size 980x735
layer at (0,0) size 980x735
  RenderBlock {HTML} at (0,0) size 980x735
    RenderBody {BODY} at (8,10) size 964x717
      RenderBlock {DIV} at (10,0) size 206x206 [border: (3px none #000000)]
      RenderBlock {DIV} at (10,216) size 206x206 [border: (3px none #000000)]
      RenderBlock {DIV} at (0,432) size 964x38
        RenderText {#text} at (0,0) size 748x19
          text run at (0,0) width 748: "PASS - \"border-image-source\" property for \"box\" element at 0.5s saw something close to: 0.5"
        RenderBR {BR} at (748,15) size 0x0
        RenderText {#text} at (0,19) size 831x19
          text run at (0,19) width 831: "PASS - \"border-image-source\" property for \"boxShorthand\" element at 0.5s saw something close to: 0.5"
        RenderBR {BR} at (831,34) size 0x0
