layer at (0,0) size 980x735
  RenderView at (0,0) size 980x735
layer at (0,0) size 980x254
  RenderBlock {HTML} at (0,0) size 980x254
    RenderBody {BODY} at (8,8) size 964x238
      RenderBlock {DIV} at (0,200) size 964x38
        RenderText {#text} at (0,0) size 609x19
          text run at (0,0) width 609: "PASS - \"left\" property for \"box\" element at 0.5s saw something close to: 322"
        RenderBR {BR} at (609,0) size 0x19
        RenderText {#text} at (0,19) size 752x19
          text run at (0,19) width 752: "PASS - \"-webkit-transform.4\" property for \"box2\" element at 0.5s saw something close to: 322"
        RenderBR {BR} at (752,19) size 0x19
layer at (8,8) size 964x200
  RenderBlock (relative positioned) {DIV} at (0,0) size 964x200
layer at (330,8) size 100x200
  RenderBlock (positioned) {DIV} at (322,0) size 100x200 [bgcolor=#FF0000]
layer at (330,8) size 100x100
  RenderBlock (relative positioned) {DIV} at (0,0) size 100x100 [bgcolor=#008000]
layer at (8,108) size 100x100
  RenderBlock (relative positioned) {DIV} at (0,100) size 100x100 [bgcolor=#008000]
