layer at (0,0) size 980x735
  RenderView at (0,0) size 980x735
layer at (0,0) size 980x225
  RenderBlock {HTML} at (0,0) size 980x225
    RenderBody {BODY} at (8,8) size 964x209
      RenderBlock (anonymous) at (0,0) size 964x19
        RenderText {#text} at (0,0) size 60x19
          text run at (0,0) width 60: "Case A:"
      RenderBlock {DIV} at (0,19) size 964x38
        RenderBlock (run-in) {DIV} at (0,0) size 964x19
          RenderText {#text} at (0,0) size 129x19
            text run at (0,0) width 129: "This should NOT"
        RenderBlock (anonymous) at (0,19) size 964x19
          RenderInline {DIV} at (0,0) size 51x19
            RenderText {#text} at (0,0) size 51x19
              text run at (0,0) width 51: "run in."
          RenderText {#text} at (0,0) size 0x0
      RenderBlock (anonymous) at (0,57) size 964x19
        RenderText {#text} at (0,0) size 60x19
          text run at (0,0) width 60: "Case B:"
      RenderBlock {DIV} at (0,76) size 964x38
        RenderBlock (run-in) {DIV} at (0,0) size 964x19
          RenderText {#text} at (0,0) size 129x19
            text run at (0,0) width 129: "This should NOT"
        RenderBlock (anonymous) at (0,19) size 964x19
          RenderText {#text} at (0,0) size 51x19
            text run at (0,0) width 51: "run in."
      RenderBlock (anonymous) at (0,114) size 964x19
        RenderText {#text} at (0,0) size 60x19
          text run at (0,0) width 60: "Case C:"
      RenderBlock {DIV} at (0,133) size 964x19
        RenderBlock {DIV} at (0,0) size 964x19
          RenderInline (run-in) {DIV} at (0,0) size 94x19
            RenderText {#text} at (0,0) size 94x19
              text run at (0,0) width 94: "This should "
          RenderText {#text} at (94,0) size 51x19
            text run at (94,0) width 51: "run in."
      RenderBlock (anonymous) at (0,152) size 964x19
        RenderText {#text} at (0,0) size 61x19
          text run at (0,0) width 61: "Case D:"
      RenderBlock {DIV} at (0,171) size 964x38
        RenderBlock (run-in) {DIV} at (0,0) size 964x19
          RenderText {#text} at (0,0) size 129x19
            text run at (0,0) width 129: "This should NOT"
        RenderBlock (run-in) {DIV} at (0,19) size 964x19
          RenderText {#text} at (0,0) size 51x19
            text run at (0,0) width 51: "run in."
