layer at (0,0) size 980x735
  RenderView at (0,0) size 980x735
layer at (0,0) size 980x116
  RenderBlock {HTML} at (0,0) size 980x116
    RenderBody {BODY} at (8,8) size 964x100
      RenderBlock (run-in) {LI} at (0,0) size 964x50 [color=#FFA500]
        RenderText {#text} at (0,0) size 50x50
          text run at (0,0) width 50: "A"
      RenderBlock {DIV} at (0,50) size 964x50
        RenderTable at (0,0) size 50x50
          RenderTableSection (anonymous) at (0,0) size 50x50
            RenderTableRow (anonymous) at (0,0) size 50x50 [color=#800080]
              RenderTableCell (anonymous) at (0,0) size 50x50 [r=0 c=0 rs=1 cs=1]
                RenderText at (0,0) size 50x50
                  text run at (0,0) width 50: "B"
