layer at (0,0) size 980x735
  RenderView at (0,0) size 980x735
layer at (0,0) size 980x66
  RenderBlock {HTML} at (0,0) size 980x66
    RenderBody {BODY} at (8,8) size 964x50
      RenderBlock {DIV} at (0,0) size 964x50
        RenderBlock (run-in) {DIV} at (0,0) size 964x50 [color=#008000]
          RenderText {#text} at (0,0) size 50x50
            text run at (0,0) width 50: "A"
