layer at (0,0) size 980x735
  RenderView at (0,0) size 980x735
layer at (0,0) size 980x66
  RenderBlock {HTML} at (0,0) size 980x66
    RenderBody {BODY} at (8,8) size 964x50
      RenderListItem {LI} at (0,0) size 964x50 [color=#FFA500]
        RenderInline (run-in) {DIV} at (0,0) size 250x50 [color=#008000]
          RenderText {#text} at (0,0) size 250x50
            text run at (0,0) width 250: "RUNIN"
        RenderListMarker at (249,0) size 15x50: bullet
        RenderInline (generated) at (0,0) size 100x50
          RenderText at (290,0) size 100x50
            text run at (290,0) width 100: "AB"
        RenderText {#text} at (390,0) size 100x50
          text run at (390,0) width 100: "CD"
