layer at (0,0) size 980x735
  RenderView at (0,0) size 980x735
layer at (0,0) size 980x735
  RenderBlock {HTML} at (0,0) size 980x735
    RenderBody {BODY} at (8,8) size 964x711
      RenderBlock {UL} at (0,0) size 964x176
        RenderListItem {LI} at (40,0) size 924x19
          RenderListMarker at (-18,0) size 7x19: bullet
          RenderText {#text} at (0,0) size 110x19
            text run at (0,0) width 110: "Default style: "
          RenderProgress {PROGRESS} at (110,2) size 160x16
            RenderBlock {DIV} at (0,0) size 160x16 [bgcolor=#808080]
              RenderBlock {DIV} at (0,0) size 16x16 [bgcolor=#008000]
        RenderListItem {LI} at (40,19) size 924x19
          RenderListMarker at (-18,0) size 7x19: bullet
          RenderText {#text} at (0,0) size 122x19
            text run at (0,0) width 122: "Progress style: "
          RenderProgress {PROGRESS} at (122,2) size 160x16 [bgcolor=#0000FF] [border: (3px solid #000066)]
            RenderBlock {DIV} at (3,3) size 154x10
              RenderBlock {DIV} at (0,0) size 30x10 [bgcolor=#008000]
        RenderListItem {LI} at (40,38) size 924x31
          RenderListMarker at (-18,12) size 7x19: bullet
          RenderText {#text} at (0,12) size 169x19
            text run at (0,12) width 169: "Progress style (size): "
          RenderProgress {PROGRESS} at (169,0) size 300x30
            RenderBlock {DIV} at (0,0) size 300x30 [bgcolor=#808080]
              RenderBlock {DIV} at (0,0) size 90x30 [bgcolor=#008000]
        RenderListItem {LI} at (40,69) size 924x19
          RenderListMarker at (-18,0) size 7x19: bullet
          RenderText {#text} at (0,0) size 80x19
            text run at (0,0) width 80: "Bar style: "
          RenderProgress {PROGRESS} at (80,2) size 160x16
            RenderBlock {DIV} at (0,0) size 160x16 [bgcolor=#FF0000] [border: (3px solid #990000)]
              RenderBlock {DIV} at (3,3) size 61x10 [bgcolor=#008000]
        RenderListItem {LI} at (40,88) size 924x19
          RenderListMarker at (-18,0) size 7x19: bullet
          RenderText {#text} at (0,0) size 97x19
            text run at (0,0) width 97: "Value style: "
          RenderProgress {PROGRESS} at (97,2) size 160x16
            RenderBlock {DIV} at (0,0) size 160x16 [bgcolor=#808080]
              RenderBlock {DIV} at (0,0) size 80x16 [bgcolor=#FFFF00] [border: (3px solid #999900)]
        RenderListItem {LI} at (40,107) size 924x31
          RenderListMarker at (-18,12) size 7x19: bullet
          RenderText {#text} at (0,12) size 241x19
            text run at (0,12) width 241: "Styling for all three elements: "
          RenderProgress {PROGRESS} at (241,0) size 160x30 [bgcolor=#0000FF] [border: (3px solid #000066)]
            RenderBlock {DIV} at (3,3) size 154x24 [bgcolor=#FF0000] [border: (3px solid #990000)]
              RenderBlock {DIV} at (3,3) size 88x18 [bgcolor=#FFFF00] [border: (3px solid #999900)]
        RenderListItem {LI} at (40,138) size 924x19
          RenderListMarker at (-18,0) size 7x19: bullet
          RenderText {#text} at (0,0) size 291x19
            text run at (0,0) width 291: "Removing appearance dynamically: "
          RenderProgress {PROGRESS} at (291,2) size 160x16
            RenderBlock {DIV} at (0,0) size 160x16 [bgcolor=#808080]
              RenderBlock {DIV} at (0,0) size 112x16 [bgcolor=#008000]
        RenderListItem {LI} at (40,157) size 924x19
          RenderListMarker at (-18,0) size 7x19: bullet
          RenderText {#text} at (0,0) size 340x19
            text run at (0,0) width 340: "Giving progress style change dynamically: "
          RenderProgress {PROGRESS} at (340,2) size 160x16 [bgcolor=#ADD8E6]
            RenderBlock {DIV} at (0,0) size 160x16
              RenderBlock {DIV} at (0,0) size 128x16 [bgcolor=#008000]
