layer at (0,0) size 980x1108
  RenderView at (0,0) size 980x735
layer at (0,0) size 980x1108
  RenderBlock {HTML} at (0,0) size 980x1108
    RenderBody {BODY} at (8,8) size 964x1092
      RenderBlock {CENTER} at (0,0) size 964x19
        RenderText {#text} at (399,0) size 166x19
          text run at (399,0) width 166: "bottom caption tests"
      RenderBlock (anonymous) at (0,19) size 964x19
        RenderText {#text} at (0,0) size 130x19
          text run at (0,0) width 130: "table 1 - original"
      RenderTable {TABLE} at (5,48) size 106x97 [border: (10px solid #008000)]
        RenderBlock {CAPTION} at (10,70) size 96x27 [border: (3px solid #800080)]
          RenderText {#text} at (8,3) size 60x19
            text run at (8,3) width 60: "caption"
          RenderBlock {INPUT} at (72,9) size 12x12
        RenderTableSection {TBODY} at (10,10) size 86x48
          RenderTableRow {TR} at (0,2) size 86x21
            RenderTableCell {TD} at (2,2) size 40x21 [r=0 c=0 rs=1 cs=1]
              RenderText {#text} at (1,1) size 38x19
                text run at (1,1) width 38: "Data"
            RenderTableCell {TD} at (44,2) size 40x21 [r=0 c=1 rs=1 cs=1]
              RenderText {#text} at (1,1) size 38x19
                text run at (1,1) width 38: "Data"
          RenderTableRow {TR} at (0,25) size 86x21
            RenderTableCell {TD} at (2,25) size 40x21 [r=1 c=0 rs=1 cs=1]
              RenderText {#text} at (1,1) size 38x19
                text run at (1,1) width 38: "Data"
            RenderTableCell {TD} at (44,25) size 40x21 [r=1 c=1 rs=1 cs=1]
              RenderText {#text} at (1,1) size 38x19
                text run at (1,1) width 38: "Data"
      RenderBlock (anonymous) at (0,150) size 964x19
        RenderText {#text} at (0,0) size 243x19
          text run at (0,0) width 243: "table 2 - caption gains content"
      RenderTable {TABLE} at (5,179) size 106x116 [border: (10px solid #008000)]
        RenderBlock {CAPTION} at (10,70) size 96x46 [border: (3px solid #800080)]
          RenderText {#text} at (8,3) size 60x19
            text run at (8,3) width 60: "caption"
          RenderBlock {INPUT} at (72,9) size 12x12
          RenderText {#text} at (19,24) size 58x19
            text run at (19,24) width 58: "foo foo"
        RenderTableSection {TBODY} at (10,10) size 86x48
          RenderTableRow {TR} at (0,2) size 86x21
            RenderTableCell {TD} at (2,2) size 40x21 [r=0 c=0 rs=1 cs=1]
              RenderText {#text} at (1,1) size 38x19
                text run at (1,1) width 38: "Data"
            RenderTableCell {TD} at (44,2) size 40x21 [r=0 c=1 rs=1 cs=1]
              RenderText {#text} at (1,1) size 38x19
                text run at (1,1) width 38: "Data"
          RenderTableRow {TR} at (0,25) size 86x21
            RenderTableCell {TD} at (2,25) size 40x21 [r=1 c=0 rs=1 cs=1]
              RenderText {#text} at (1,1) size 38x19
                text run at (1,1) width 38: "Data"
            RenderTableCell {TD} at (44,25) size 40x21 [r=1 c=1 rs=1 cs=1]
              RenderText {#text} at (1,1) size 38x19
                text run at (1,1) width 38: "Data"
      RenderBlock (anonymous) at (0,300) size 964x19
        RenderText {#text} at (0,0) size 496x19
          text run at (0,0) width 496: "table 3 - caption gains content extending its max element size"
      RenderTable {TABLE} at (5,329) size 182x116 [border: (10px solid #008000)]
        RenderBlock {CAPTION} at (10,70) size 172x46 [border: (3px solid #800080)]
          RenderText {#text} at (46,3) size 60x19
            text run at (46,3) width 60: "caption"
          RenderBlock {INPUT} at (110,9) size 12x12
          RenderText {#text} at (3,24) size 176x19
            text run at (3,24) width 176: "very_large_very_large"
        RenderTableSection {TBODY} at (10,10) size 162x48
          RenderTableRow {TR} at (0,2) size 162x21
            RenderTableCell {TD} at (2,2) size 78x21 [r=0 c=0 rs=1 cs=1]
              RenderText {#text} at (1,1) size 38x19
                text run at (1,1) width 38: "Data"
            RenderTableCell {TD} at (82,2) size 78x21 [r=0 c=1 rs=1 cs=1]
              RenderText {#text} at (1,1) size 38x19
                text run at (1,1) width 38: "Data"
          RenderTableRow {TR} at (0,25) size 162x21
            RenderTableCell {TD} at (2,25) size 78x21 [r=1 c=0 rs=1 cs=1]
              RenderText {#text} at (1,1) size 38x19
                text run at (1,1) width 38: "Data"
            RenderTableCell {TD} at (82,25) size 78x21 [r=1 c=1 rs=1 cs=1]
              RenderText {#text} at (1,1) size 38x19
                text run at (1,1) width 38: "Data"
      RenderBlock (anonymous) at (0,450) size 964x19
        RenderText {#text} at (0,0) size 241x19
          text run at (0,0) width 241: "table 4 - caption loses content"
      RenderTable {TABLE} at (5,479) size 106x95 [border: (10px solid #008000)]
        RenderBlock {CAPTION} at (10,70) size 96x25 [border: (3px solid #800080)]
          RenderText {#text} at (18,3) size 60x19
            text run at (18,3) width 60: "caption"
        RenderTableSection {TBODY} at (10,10) size 86x48
          RenderTableRow {TR} at (0,2) size 86x21
            RenderTableCell {TD} at (2,2) size 40x21 [r=0 c=0 rs=1 cs=1]
              RenderText {#text} at (1,1) size 38x19
                text run at (1,1) width 38: "Data"
            RenderTableCell {TD} at (44,2) size 40x21 [r=0 c=1 rs=1 cs=1]
              RenderText {#text} at (1,1) size 38x19
                text run at (1,1) width 38: "Data"
          RenderTableRow {TR} at (0,25) size 86x21
            RenderTableCell {TD} at (2,25) size 40x21 [r=1 c=0 rs=1 cs=1]
              RenderText {#text} at (1,1) size 38x19
                text run at (1,1) width 38: "Data"
            RenderTableCell {TD} at (44,25) size 40x21 [r=1 c=1 rs=1 cs=1]
              RenderText {#text} at (1,1) size 38x19
                text run at (1,1) width 38: "Data"
      RenderBlock (anonymous) at (0,579) size 964x19
        RenderText {#text} at (0,0) size 199x19
          text run at (0,0) width 199: "table 5 - table gets wider"
      RenderTable {TABLE} at (5,608) size 163x97 [border: (10px solid #008000)]
        RenderBlock {CAPTION} at (10,70) size 153x27 [border: (3px solid #800080)]
          RenderText {#text} at (37,3) size 59x19
            text run at (37,3) width 59: "caption"
          RenderBlock {INPUT} at (100,9) size 12x12
        RenderTableSection {TBODY} at (10,10) size 143x48
          RenderTableRow {TR} at (0,2) size 143x21
            RenderTableCell {TD} at (2,2) size 97x21 [r=0 c=0 rs=1 cs=1]
              RenderText {#text} at (1,1) size 38x19
                text run at (1,1) width 38: "Data"
              RenderText {#text} at (39,1) size 57x19
                text run at (39,1) width 57: "foo foo"
            RenderTableCell {TD} at (101,2) size 40x21 [r=0 c=1 rs=1 cs=1]
              RenderText {#text} at (1,1) size 38x19
                text run at (1,1) width 38: "Data"
          RenderTableRow {TR} at (0,25) size 143x21
            RenderTableCell {TD} at (2,25) size 97x21 [r=1 c=0 rs=1 cs=1]
              RenderText {#text} at (1,1) size 38x19
                text run at (1,1) width 38: "Data"
            RenderTableCell {TD} at (101,25) size 40x21 [r=1 c=1 rs=1 cs=1]
              RenderText {#text} at (1,1) size 38x19
                text run at (1,1) width 38: "Data"
      RenderBlock (anonymous) at (0,710) size 964x19
        RenderText {#text} at (0,0) size 196x19
          text run at (0,0) width 196: "table 6 - table gets taller"
      RenderTable {TABLE} at (5,739) size 125x122 [border: (10px solid #008000)]
        RenderTableSection {TBODY} at (10,10) size 105x25
          RenderTableRow {TR} at (0,2) size 105x21
            RenderTableCell {TD} at (2,2) size 59x21 [r=0 c=0 rs=1 cs=1]
              RenderText {#text} at (1,1) size 57x19
                text run at (1,1) width 57: "foo foo"
        RenderBlock {CAPTION} at (10,95) size 115x27 [border: (3px solid #800080)]
          RenderText {#text} at (18,3) size 59x19
            text run at (18,3) width 59: "caption"
          RenderBlock {INPUT} at (81,9) size 12x12
        RenderTableSection {TBODY} at (10,35) size 105x48
          RenderTableRow {TR} at (0,2) size 105x21
            RenderTableCell {TD} at (2,2) size 59x21 [r=0 c=0 rs=1 cs=1]
              RenderText {#text} at (1,1) size 38x19
                text run at (1,1) width 38: "Data"
            RenderTableCell {TD} at (63,2) size 40x21 [r=0 c=1 rs=1 cs=1]
              RenderText {#text} at (1,1) size 38x19
                text run at (1,1) width 38: "Data"
          RenderTableRow {TR} at (0,25) size 105x21
            RenderTableCell {TD} at (2,25) size 59x21 [r=1 c=0 rs=1 cs=1]
              RenderText {#text} at (1,1) size 38x19
                text run at (1,1) width 38: "Data"
            RenderTableCell {TD} at (63,25) size 40x21 [r=1 c=1 rs=1 cs=1]
              RenderText {#text} at (1,1) size 38x19
                text run at (1,1) width 38: "Data"
      RenderBlock (anonymous) at (0,866) size 964x19
        RenderText {#text} at (0,0) size 180x19
          text run at (0,0) width 180: "table 7 - insert caption"
      RenderTable {TABLE} at (5,895) size 106x95 [border: (10px solid #008000)]
        RenderTableSection {TBODY} at (10,10) size 86x48
          RenderTableRow {TR} at (0,2) size 86x21
            RenderTableCell {TD} at (2,2) size 40x21 [r=0 c=0 rs=1 cs=1]
              RenderText {#text} at (1,1) size 38x19
                text run at (1,1) width 38: "Data"
            RenderTableCell {TD} at (44,2) size 40x21 [r=0 c=1 rs=1 cs=1]
              RenderText {#text} at (1,1) size 38x19
                text run at (1,1) width 38: "Data"
          RenderTableRow {TR} at (0,25) size 86x21
            RenderTableCell {TD} at (2,25) size 40x21 [r=1 c=0 rs=1 cs=1]
              RenderText {#text} at (1,1) size 38x19
                text run at (1,1) width 38: "Data"
            RenderTableCell {TD} at (44,25) size 40x21 [r=1 c=1 rs=1 cs=1]
              RenderText {#text} at (1,1) size 38x19
                text run at (1,1) width 38: "Data"
        RenderBlock {CAPTION} at (10,70) size 96x25 [border: (3px solid #800080)]
          RenderText {#text} at (14,3) size 68x19
            text run at (14,3) width 68: "new cap"
      RenderBlock (anonymous) at (0,995) size 964x19
        RenderText {#text} at (0,0) size 197x19
          text run at (0,0) width 197: "table 8 - remove caption"
      RenderTable {TABLE} at (5,1024) size 106x68 [border: (10px solid #008000)]
        RenderTableSection {TBODY} at (10,10) size 86x48
          RenderTableRow {TR} at (0,2) size 86x21
            RenderTableCell {TD} at (2,2) size 40x21 [r=0 c=0 rs=1 cs=1]
              RenderText {#text} at (1,1) size 38x19
                text run at (1,1) width 38: "Data"
            RenderTableCell {TD} at (44,2) size 40x21 [r=0 c=1 rs=1 cs=1]
              RenderText {#text} at (1,1) size 38x19
                text run at (1,1) width 38: "Data"
          RenderTableRow {TR} at (0,25) size 86x21
            RenderTableCell {TD} at (2,25) size 40x21 [r=1 c=0 rs=1 cs=1]
              RenderText {#text} at (1,1) size 38x19
                text run at (1,1) width 38: "Data"
            RenderTableCell {TD} at (44,25) size 40x21 [r=1 c=1 rs=1 cs=1]
              RenderText {#text} at (1,1) size 38x19
                text run at (1,1) width 38: "Data"
