layer at (0,0) size 980x735
  RenderView at (0,0) size 980x735
layer at (0,0) size 980x735
  RenderBlock {HTML} at (0,0) size 980x735
    RenderBody {BODY} at (8,8) size 964x719
      RenderBlock (anonymous) at (0,0) size 964x19
        RenderText {#text} at (0,0) size 245x19
          text run at (0,0) width 245: "Both columns should be 200px"
      RenderTable {TABLE} at (0,19) size 408x29 [bgcolor=#FFA500] [border: (1px outset #808080)]
        RenderTableCol {COLGROUP} at (0,0) size 0x0
        RenderTableSection {TBODY} at (1,1) size 406x27
          RenderTableRow {TR} at (0,2) size 406x23
            RenderTableCell {TD} at (2,2) size 200x23 [border: (1px inset #808080)] [r=0 c=0 rs=1 cs=1]
              RenderText {#text} at (2,2) size 29x19
                text run at (2,2) width 29: "c11"
            RenderTableCell {TD} at (204,2) size 200x23 [border: (1px inset #808080)] [r=0 c=1 rs=1 cs=1]
              RenderText {#text} at (2,2) size 29x19
                text run at (2,2) width 29: "c12"
      RenderBlock (anonymous) at (0,48) size 964x38
        RenderBR {BR} at (0,0) size 0x19
        RenderText {#text} at (0,19) size 245x19
          text run at (0,19) width 245: "Both columns should be 200px"
      RenderTable {TABLE} at (0,86) size 74x29 [bgcolor=#FFA500] [border: (1px outset #808080)]
        RenderTableCol {COLGROUP} at (0,0) size 0x0
          RenderTableCol {COL} at (0,0) size 0x0
        RenderTableSection {TBODY} at (1,1) size 72x27
          RenderTableRow {TR} at (0,2) size 72x23
            RenderTableCell {TD} at (2,2) size 33x23 [border: (1px inset #808080)] [r=0 c=0 rs=1 cs=1]
              RenderText {#text} at (2,2) size 29x19
                text run at (2,2) width 29: "c11"
            RenderTableCell {TD} at (37,2) size 33x23 [border: (1px inset #808080)] [r=0 c=1 rs=1 cs=1]
              RenderText {#text} at (2,2) size 29x19
                text run at (2,2) width 29: "c12"
      RenderBlock (anonymous) at (0,115) size 964x38
        RenderBR {BR} at (0,0) size 0x19
        RenderText {#text} at (0,19) size 245x19
          text run at (0,19) width 245: "Both columns should be 200px"
      RenderTable {TABLE} at (0,153) size 408x29 [bgcolor=#FFA500] [border: (1px outset #808080)]
        RenderTableCol {COLGROUP} at (0,0) size 0x0
          RenderTableCol {COL} at (0,0) size 0x0
        RenderTableSection {TBODY} at (1,1) size 406x27
          RenderTableRow {TR} at (0,2) size 406x23
            RenderTableCell {TD} at (2,2) size 200x23 [border: (1px inset #808080)] [r=0 c=0 rs=1 cs=1]
              RenderText {#text} at (2,2) size 29x19
                text run at (2,2) width 29: "c11"
            RenderTableCell {TD} at (204,2) size 200x23 [border: (1px inset #808080)] [r=0 c=1 rs=1 cs=1]
              RenderText {#text} at (2,2) size 29x19
                text run at (2,2) width 29: "c12"
      RenderBlock (anonymous) at (0,182) size 964x19
        RenderBR {BR} at (0,0) size 0x19
