layer at (0,0) size 800x600
  RenderView at (0,0) size 800x600
layer at (0,0) size 800x600
  RenderBlock {HTML} at (0,0) size 800x600
    RenderBody {BODY} at (8,8) size 784x584
      RenderBlock {DIV} at (0,0) size 784x100 [bgcolor=#FFFF00]
        RenderBlock (floating) {DIV} at (0,0) size 57x500 [bgcolor=#008000]
          RenderText {#text} at (0,0) size 57x14
            text run at (0,0) width 57: "Hello world"
      RenderBlock {DIV} at (0,204) size 784x28
        RenderText {#text} at (57,0) size 723x28
          text run at (57,0) width 214: "This text should not overlap the purple float? "
          text run at (271,0) width 509: "Will this happen? I'm really not sure. This is a test of some of the strange behavior you will find when using"
          text run at (57,14) width 130: "overflow auto or scroll, etc."
layer at (65,108) size 727x104 clip at (67,110) size 723x100 scrollHeight 400
  RenderBlock {DIV} at (57,100) size 727x104 [border: (2px solid #000000)]
    RenderText {#text} at (2,2) size 107x14
      text run at (2,2) width 107: "Does the float intrude?"
    RenderBlock (floating) {SPAN} at (625,2) size 100x400 [bgcolor=#800080]
    RenderText {#text} at (0,0) size 0x0
