layer at (0,0) size 800x600
  RenderView at (0,0) size 800x600
layer at (0,0) size 800x600
  RenderBlock {HTML} at (0,0) size 800x600
    RenderBody {BODY} at (8,8) size 784x584
      RenderTable {TABLE} at (0,0) size 212x312 [border: (2px outset #808080)]
        RenderTableSection {TBODY} at (2,2) size 208x308
          RenderTableRow {TR} at (0,2) size 208x304
            RenderTableCell {TD} at (2,2) size 204x304 [border: (1px inset #808080)] [r=0 c=0 rs=1 cs=1]
layer at (14,14) size 200x300 scrollHeight 336
  RenderBlock {DIV} at (2,2) size 200x300
    RenderText {#text} at (0,0) size 103x14
      text run at (0,0) width 103: "Lots of overflow text."
    RenderBR {BR} at (103,11) size 0x0
    RenderText {#text} at (0,14) size 103x14
      text run at (0,14) width 103: "Lots of overflow text."
    RenderBR {BR} at (103,25) size 0x0
    RenderText {#text} at (0,28) size 103x14
      text run at (0,28) width 103: "Lots of overflow text."
    RenderBR {BR} at (103,39) size 0x0
    RenderText {#text} at (0,42) size 103x14
      text run at (0,42) width 103: "Lots of overflow text."
    RenderBR {BR} at (103,53) size 0x0
    RenderText {#text} at (0,56) size 103x14
      text run at (0,56) width 103: "Lots of overflow text."
    RenderBR {BR} at (103,67) size 0x0
    RenderText {#text} at (0,70) size 103x14
      text run at (0,70) width 103: "Lots of overflow text."
    RenderBR {BR} at (103,81) size 0x0
    RenderText {#text} at (0,84) size 103x14
      text run at (0,84) width 103: "Lots of overflow text."
    RenderBR {BR} at (103,95) size 0x0
    RenderText {#text} at (0,98) size 103x14
      text run at (0,98) width 103: "Lots of overflow text."
    RenderBR {BR} at (103,109) size 0x0
    RenderText {#text} at (0,112) size 103x14
      text run at (0,112) width 103: "Lots of overflow text."
    RenderBR {BR} at (103,123) size 0x0
    RenderText {#text} at (0,126) size 103x14
      text run at (0,126) width 103: "Lots of overflow text."
    RenderBR {BR} at (103,137) size 0x0
    RenderText {#text} at (0,140) size 103x14
      text run at (0,140) width 103: "Lots of overflow text."
    RenderBR {BR} at (103,151) size 0x0
    RenderText {#text} at (0,154) size 103x14
      text run at (0,154) width 103: "Lots of overflow text."
    RenderBR {BR} at (103,165) size 0x0
    RenderText {#text} at (0,168) size 103x14
      text run at (0,168) width 103: "Lots of overflow text."
    RenderBR {BR} at (103,179) size 0x0
    RenderText {#text} at (0,182) size 103x14
      text run at (0,182) width 103: "Lots of overflow text."
    RenderBR {BR} at (103,193) size 0x0
    RenderText {#text} at (0,196) size 103x14
      text run at (0,196) width 103: "Lots of overflow text."
    RenderBR {BR} at (103,207) size 0x0
    RenderText {#text} at (0,210) size 103x14
      text run at (0,210) width 103: "Lots of overflow text."
    RenderBR {BR} at (103,221) size 0x0
    RenderText {#text} at (0,224) size 103x14
      text run at (0,224) width 103: "Lots of overflow text."
    RenderBR {BR} at (103,235) size 0x0
    RenderText {#text} at (0,238) size 103x14
      text run at (0,238) width 103: "Lots of overflow text."
    RenderBR {BR} at (103,249) size 0x0
    RenderText {#text} at (0,252) size 103x14
      text run at (0,252) width 103: "Lots of overflow text."
    RenderBR {BR} at (103,263) size 0x0
    RenderText {#text} at (0,266) size 103x14
      text run at (0,266) width 103: "Lots of overflow text."
    RenderBR {BR} at (103,277) size 0x0
    RenderText {#text} at (0,280) size 103x14
      text run at (0,280) width 103: "Lots of overflow text."
    RenderBR {BR} at (103,291) size 0x0
    RenderText {#text} at (0,294) size 103x14
      text run at (0,294) width 103: "Lots of overflow text."
    RenderBR {BR} at (103,305) size 0x0
    RenderText {#text} at (0,308) size 103x14
      text run at (0,308) width 103: "Lots of overflow text."
    RenderBR {BR} at (103,319) size 0x0
    RenderText {#text} at (0,322) size 103x14
      text run at (0,322) width 103: "Lots of overflow text."
    RenderBR {BR} at (103,333) size 0x0
