layer at (0,0) size 800x600
  RenderView at (0,0) size 800x600
layer at (10,10) size 780x302
  RenderBlock {fake} at (10,10) size 780x302 [bgcolor=#FFFF00]
layer at (10,10) size 282x302 clip at (11,11) size 280x300 scrollHeight 1272
  RenderBlock {channel} at (0,0) size 282x302 [bgcolor=#EEEEEE] [border: (1px solid #000000)]
    RenderBlock {title} at (11,11) size 270x19
      RenderText {#text} at (0,0) size 155x19
        text run at (0,0) width 155: "scottandrew.com"
    RenderBlock {description} at (11,40) size 270x12
      RenderText {#text} at (0,0) size 192x12
        text run at (0,0) width 192: "DHTML, DOM and JavaScript News"
    RenderBlock {item} at (1,62) size 280x82 [bgcolor=#FFFFFF] [border: (1px solid #CCCCCC) none (1px solid #CCCCCC) none]
      RenderInline {title} at (0,0) size 233x15
        RenderText {#text} at (10,11) size 233x15
          text run at (10,11) width 233: "DHTML Animation Array Generator"
      RenderText {#text} at (0,0) size 0x0
      RenderInline {description} at (0,0) size 258x45
        RenderText {#text} at (10,26) size 258x45
          text run at (10,26) width 258: "Robert points us to the first third-party tool"
          text run at (10,41) width 224: "for the DomAPI: The Animation Array"
          text run at (10,56) width 223: "Generator, a visual tool for creating..."
      RenderText {#text} at (0,0) size 0x0
      RenderText {#text} at (0,0) size 0x0
    RenderBlock {item} at (1,154) size 280x82 [bgcolor=#FFFFFF] [border: (1px solid #CCCCCC) none (1px solid #CCCCCC) none]
      RenderInline {title} at (0,0) size 177x15
        RenderText {#text} at (10,11) size 177x15
          text run at (10,11) width 177: "DOM and Extended Entries"
      RenderText {#text} at (187,11) size 4x15
        text run at (187,11) width 4: " "
      RenderInline {description} at (0,0) size 252x60
        RenderText {#text} at (191,11) size 252x60
          text run at (191,11) width 71: "Aarondot: A"
          text run at (10,26) width 241: "Better Way To Display Extended Entries."
          text run at (10,41) width 197: "Very cool, and uses the DOM and"
          text run at (10,56) width 211: "JavaScript to reveal the extended..."
      RenderText {#text} at (0,0) size 0x0
      RenderText {#text} at (0,0) size 0x0
    RenderBlock {item} at (1,246) size 280x82 [bgcolor=#FFFFFF] [border: (1px solid #CCCCCC) none (1px solid #CCCCCC) none]
      RenderInline {title} at (0,0) size 164x15
        RenderText {#text} at (10,11) size 164x15
          text run at (10,11) width 164: "cellspacing and the DOM"
      RenderText {#text} at (174,11) size 4x15
        text run at (174,11) width 4: " "
      RenderInline {description} at (0,0) size 260x60
        RenderText {#text} at (178,11) size 260x60
          text run at (178,11) width 82: "By the way, if"
          text run at (10,26) width 244: "you're using the DOM to generate TABLE"
          text run at (10,41) width 260: "elements, you have to use setAttribute() to"
          text run at (10,56) width 54: "set the..."
      RenderText {#text} at (0,0) size 0x0
      RenderText {#text} at (0,0) size 0x0
    RenderBlock {item} at (1,338) size 280x97 [bgcolor=#FFFFFF] [border: (1px solid #CCCCCC) none (1px solid #CCCCCC) none]
      RenderInline {title} at (0,0) size 177x15
        RenderText {#text} at (10,11) size 177x15
          text run at (10,11) width 177: "contenteditable for Mozilla"
      RenderText {#text} at (187,11) size 4x15
        text run at (187,11) width 4: " "
      RenderInline {description} at (0,0) size 255x75
        RenderText {#text} at (191,11) size 255x75
          text run at (191,11) width 74: "The folks art"
          text run at (10,26) width 190: "Q42, creator of Quek (cute little"
          text run at (10,41) width 235: "avatar/chat) and Xopus (browser-based"
          text run at (10,56) width 250: "WYSIWYG XML-editor) have released code"
          text run at (10,71) width 98: "that simulates..."
      RenderText {#text} at (0,0) size 0x0
      RenderText {#text} at (0,0) size 0x0
    RenderBlock {item} at (1,445) size 280x82 [bgcolor=#FFFFFF] [border: (1px solid #CCCCCC) none (1px solid #CCCCCC) none]
      RenderInline {title} at (0,0) size 255x15
        RenderText {#text} at (10,11) size 255x15
          text run at (10,11) width 255: "DHTML Timeline/Keyframe Animation"
      RenderText {#text} at (0,0) size 0x0
      RenderInline {description} at (0,0) size 258x45
        RenderText {#text} at (10,26) size 258x45
          text run at (10,26) width 224: "Tim Morgan is working on a Flash-like"
          text run at (10,41) width 258: "timeline/keyframe extension for his DHTML"
          text run at (10,56) width 56: "toolset...."
      RenderText {#text} at (0,0) size 0x0
      RenderText {#text} at (0,0) size 0x0
    RenderBlock {item} at (1,537) size 280x97 [bgcolor=#FFFFFF] [border: (1px solid #CCCCCC) none (1px solid #CCCCCC) none]
      RenderInline {title} at (0,0) size 247x30
        RenderText {#text} at (10,11) size 247x30
          text run at (10,11) width 247: "DynAPI 2.9 and Mozilla compatibility"
          text run at (10,26) width 34: "ports"
      RenderText {#text} at (44,26) size 4x15
        text run at (44,26) width 4: " "
      RenderInline {description} at (0,0) size 252x60
        RenderText {#text} at (48,26) size 252x60
          text run at (48,26) width 203: "DynAPI 2.9 is the latest release of"
          text run at (10,41) width 245: "the popular cross-browser DHTML library,"
          text run at (10,56) width 252: "and is available at Dan Steinman's original"
          text run at (10,71) width 37: "site...."
      RenderText {#text} at (0,0) size 0x0
      RenderText {#text} at (0,0) size 0x0
    RenderBlock {item} at (1,644) size 280x67 [bgcolor=#FFFFFF] [border: (1px solid #CCCCCC) none (1px solid #CCCCCC) none]
      RenderInline {title} at (0,0) size 154x15
        RenderText {#text} at (10,11) size 154x15
          text run at (10,11) width 154: "!lineDraw bookmarklet"
      RenderText {#text} at (164,11) size 4x15
        text run at (164,11) width 4: " "
      RenderInline {description} at (0,0) size 258x45
        RenderText {#text} at (168,11) size 258x45
          text run at (168,11) width 100: "Milov's !lineDraw"
          text run at (10,26) width 199: "bookmarklet is in fact the Coolest"
          text run at (10,41) width 122: "Bookmarklet Ever...."
      RenderText {#text} at (0,0) size 0x0
      RenderText {#text} at (0,0) size 0x0
    RenderBlock {item} at (1,721) size 280x97 [bgcolor=#FFFFFF] [border: (1px solid #CCCCCC) none (1px solid #CCCCCC) none]
      RenderInline {title} at (0,0) size 201x15
        RenderText {#text} at (10,11) size 201x15
          text run at (10,11) width 201: "Mozilla, DHTML and DOM links"
      RenderText {#text} at (211,11) size 4x15
        text run at (211,11) width 4: " "
      RenderInline {description} at (0,0) size 235x75
        RenderText {#text} at (215,11) size 235x75
          text run at (215,11) width 27: "Why"
          text run at (10,26) width 208: "Mozilla Rules (Link via Dean) Steve"
          text run at (10,41) width 235: "Champeon: Why DHTML Will Win. Glish"
          text run at (10,56) width 194: "finds a not-quite-DOM-compliant"
          text run at (10,71) width 192: "replacement for innerHTML. It..."
      RenderText {#text} at (0,0) size 0x0
      RenderText {#text} at (0,0) size 0x0
    RenderBlock {item} at (1,828) size 280x67 [bgcolor=#FFFFFF] [border: (1px solid #CCCCCC) none (1px solid #CCCCCC) none]
      RenderInline {title} at (0,0) size 103x15
        RenderText {#text} at (10,11) size 103x15
          text run at (10,11) width 103: "Mozilla 1.0 RC2"
      RenderText {#text} at (113,11) size 4x15
        text run at (113,11) width 4: " "
      RenderInline {description} at (0,0) size 236x45
        RenderText {#text} at (117,11) size 236x45
          text run at (117,11) width 129: "I'm late for this train:"
          text run at (10,26) width 229: "Mozilla 1.0 Release Candidate 2 is now"
          text run at (10,41) width 67: "available...."
      RenderText {#text} at (0,0) size 0x0
      RenderText {#text} at (0,0) size 0x0
    RenderBlock {item} at (1,905) size 280x97 [bgcolor=#FFFFFF] [border: (1px solid #CCCCCC) none (1px solid #CCCCCC) none]
      RenderInline {title} at (0,0) size 253x15
        RenderText {#text} at (10,11) size 253x15
          text run at (10,11) width 253: "javascript: is deprecated. Don't use it."
      RenderText {#text} at (0,0) size 0x0
      RenderInline {description} at (0,0) size 253x60
        RenderText {#text} at (10,26) size 253x60
          text run at (10,26) width 253: "Repeat after me: javascript: is deprecated."
          text run at (10,41) width 225: "Don't use it. javascript: is deprecated."
          text run at (10,56) width 225: "Don't use it. javascript: is deprecated."
          text run at (10,71) width 69: "Don't use..."
      RenderText {#text} at (0,0) size 0x0
      RenderText {#text} at (0,0) size 0x0
    RenderBlock {item} at (1,1012) size 280x67 [bgcolor=#FFFFFF] [border: (1px solid #CCCCCC) none (1px solid #CCCCCC) none]
      RenderInline {title} at (0,0) size 176x15
        RenderText {#text} at (10,11) size 176x15
          text run at (10,11) width 176: "Conditional Script Loading"
      RenderText {#text} at (0,0) size 0x0
      RenderInline {description} at (0,0) size 229x30
        RenderText {#text} at (10,26) size 229x30
          text run at (10,26) width 229: "Webreference: DOM-Based Conditional"
          text run at (10,41) width 175: "Script Loading in JavaScript..."
      RenderText {#text} at (0,0) size 0x0
      RenderText {#text} at (0,0) size 0x0
    RenderBlock {item} at (1,1089) size 280x82 [bgcolor=#FFFFFF] [border: (1px solid #CCCCCC) none (1px solid #CCCCCC) none]
      RenderInline {title} at (0,0) size 115x15
        RenderText {#text} at (10,11) size 115x15
          text run at (10,11) width 115: "Stories and Tools"
      RenderText {#text} at (125,11) size 4x15
        text run at (125,11) width 4: " "
      RenderInline {description} at (0,0) size 245x60
        RenderText {#text} at (129,11) size 245x60
          text run at (129,11) width 126: "Anil Dash talks about"
          text run at (10,26) width 234: "Stories and Tools, drawing comparisons"
          text run at (10,41) width 240: "between the Web as a text medium and"
          text run at (10,56) width 79: "the Web as..."
      RenderText {#text} at (0,0) size 0x0
      RenderText {#text} at (0,0) size 0x0
    RenderBlock {item} at (1,1181) size 280x82 [bgcolor=#FFFFFF] [border: (1px solid #CCCCCC) none (1px solid #CCCCCC) none]
      RenderInline {title} at (0,0) size 166x15
        RenderText {#text} at (10,11) size 166x15
          text run at (10,11) width 166: "Whole Lotto Gecko Links"
      RenderText {#text} at (176,11) size 4x15
        text run at (176,11) width 4: " "
      RenderInline {description} at (0,0) size 250x60
        RenderText {#text} at (180,11) size 250x60
          text run at (180,11) width 64: "AOL Gecko"
          text run at (10,26) width 211: "Browser Detection Tips Establishing"
          text run at (10,41) width 250: "Dreamweaver compatibility with Netscape"
          text run at (10,56) width 249: "6 Stylesheets and MIME Types in Gecko..."
      RenderText {#text} at (0,0) size 0x0
      RenderText {#text} at (0,0) size 0x0
