layer at (0,0) size 800x600
  RenderView at (0,0) size 800x600
layer at (0,0) size 800x600
  RenderBlock {HTML} at (0,0) size 800x600
    RenderBody {BODY} at (8,8) size 784x582
layer at (8,8) size 300x22
  RenderBlock {PRE} at (0,0) size 300x22
    RenderText {#text} at (0,0) size 234x22
      text run at (0,0) width 234: "This is a test to see if this messes up"
      text run at (234,0) width 0: " "
      text run at (0,11) width 180: "the way I think it's going to."
