layer at (0,0) size 800x770
  RenderView at (0,0) size 800x600
layer at (0,0) size 800x600
  RenderBlock {HTML} at (0,0) size 800x600
    RenderBody {BODY} at (0,0) size 800x600
      RenderText {#text} at (0,0) size 336x14
        text run at (0,0) width 336: "ffffffffffffffffffffffffffffffffffffffffffffffffffffffffffffffffffffffffffffffffffff"
      RenderBR {BR} at (336,11) size 0x0
      RenderText {#text} at (0,14) size 336x14
        text run at (0,14) width 336: "ffffffffffffffffffffffffffffffffffffffffffffffffffffffffffffffffffffffffffffffffffff"
      RenderBR {BR} at (336,25) size 0x0
      RenderText {#text} at (0,28) size 336x14
        text run at (0,28) width 336: "ffffffffffffffffffffffffffffffffffffffffffffffffffffffffffffffffffffffffffffffffffff"
      RenderBR {BR} at (336,39) size 0x0
      RenderText {#text} at (0,42) size 336x14
        text run at (0,42) width 336: "ffffffffffffffffffffffffffffffffffffffffffffffffffffffffffffffffffffffffffffffffffff"
      RenderBR {BR} at (336,53) size 0x0
      RenderText {#text} at (0,56) size 336x14
        text run at (0,56) width 336: "ffffffffffffffffffffffffffffffffffffffffffffffffffffffffffffffffffffffffffffffffffff"
      RenderBR {BR} at (336,67) size 0x0
      RenderText {#text} at (0,70) size 336x14
        text run at (0,70) width 336: "ffffffffffffffffffffffffffffffffffffffffffffffffffffffffffffffffffffffffffffffffffff"
      RenderBR {BR} at (336,81) size 0x0
      RenderText {#text} at (0,84) size 336x14
        text run at (0,84) width 336: "ffffffffffffffffffffffffffffffffffffffffffffffffffffffffffffffffffffffffffffffffffff"
      RenderBR {BR} at (336,95) size 0x0
      RenderText {#text} at (0,98) size 336x14
        text run at (0,98) width 336: "ffffffffffffffffffffffffffffffffffffffffffffffffffffffffffffffffffffffffffffffffffff"
      RenderBR {BR} at (336,109) size 0x0
      RenderText {#text} at (0,112) size 336x14
        text run at (0,112) width 336: "ffffffffffffffffffffffffffffffffffffffffffffffffffffffffffffffffffffffffffffffffffff"
      RenderBR {BR} at (336,123) size 0x0
      RenderText {#text} at (0,126) size 336x14
        text run at (0,126) width 336: "ffffffffffffffffffffffffffffffffffffffffffffffffffffffffffffffffffffffffffffffffffff"
      RenderBR {BR} at (336,137) size 0x0
      RenderText {#text} at (0,140) size 336x14
        text run at (0,140) width 336: "ffffffffffffffffffffffffffffffffffffffffffffffffffffffffffffffffffffffffffffffffffff"
      RenderBR {BR} at (336,151) size 0x0
      RenderText {#text} at (0,154) size 336x14
        text run at (0,154) width 336: "ffffffffffffffffffffffffffffffffffffffffffffffffffffffffffffffffffffffffffffffffffff"
      RenderBR {BR} at (336,165) size 0x0
      RenderText {#text} at (0,168) size 336x14
        text run at (0,168) width 336: "ffffffffffffffffffffffffffffffffffffffffffffffffffffffffffffffffffffffffffffffffffff"
      RenderBR {BR} at (336,179) size 0x0
      RenderText {#text} at (0,182) size 336x14
        text run at (0,182) width 336: "ffffffffffffffffffffffffffffffffffffffffffffffffffffffffffffffffffffffffffffffffffff"
      RenderBR {BR} at (336,193) size 0x0
      RenderText {#text} at (0,196) size 336x14
        text run at (0,196) width 336: "ffffffffffffffffffffffffffffffffffffffffffffffffffffffffffffffffffffffffffffffffffff"
      RenderBR {BR} at (336,207) size 0x0
      RenderText {#text} at (0,210) size 336x14
        text run at (0,210) width 336: "ffffffffffffffffffffffffffffffffffffffffffffffffffffffffffffffffffffffffffffffffffff"
      RenderBR {BR} at (336,221) size 0x0
      RenderText {#text} at (0,224) size 336x14
        text run at (0,224) width 336: "ffffffffffffffffffffffffffffffffffffffffffffffffffffffffffffffffffffffffffffffffffff"
      RenderBR {BR} at (336,235) size 0x0
      RenderText {#text} at (0,238) size 336x14
        text run at (0,238) width 336: "ffffffffffffffffffffffffffffffffffffffffffffffffffffffffffffffffffffffffffffffffffff"
      RenderBR {BR} at (336,249) size 0x0
      RenderText {#text} at (0,252) size 336x14
        text run at (0,252) width 336: "ffffffffffffffffffffffffffffffffffffffffffffffffffffffffffffffffffffffffffffffffffff"
      RenderBR {BR} at (336,263) size 0x0
      RenderText {#text} at (0,266) size 336x14
        text run at (0,266) width 336: "ffffffffffffffffffffffffffffffffffffffffffffffffffffffffffffffffffffffffffffffffffff"
      RenderBR {BR} at (336,277) size 0x0
      RenderText {#text} at (0,280) size 336x14
        text run at (0,280) width 336: "ffffffffffffffffffffffffffffffffffffffffffffffffffffffffffffffffffffffffffffffffffff"
      RenderBR {BR} at (336,291) size 0x0
      RenderText {#text} at (0,294) size 336x14
        text run at (0,294) width 336: "ffffffffffffffffffffffffffffffffffffffffffffffffffffffffffffffffffffffffffffffffffff"
      RenderBR {BR} at (336,305) size 0x0
      RenderText {#text} at (0,308) size 336x14
        text run at (0,308) width 336: "ffffffffffffffffffffffffffffffffffffffffffffffffffffffffffffffffffffffffffffffffffff"
      RenderBR {BR} at (336,319) size 0x0
      RenderText {#text} at (0,322) size 336x14
        text run at (0,322) width 336: "ffffffffffffffffffffffffffffffffffffffffffffffffffffffffffffffffffffffffffffffffffff"
      RenderBR {BR} at (336,333) size 0x0
      RenderText {#text} at (0,336) size 336x14
        text run at (0,336) width 336: "ffffffffffffffffffffffffffffffffffffffffffffffffffffffffffffffffffffffffffffffffffff"
      RenderBR {BR} at (336,347) size 0x0
      RenderText {#text} at (0,350) size 336x14
        text run at (0,350) width 336: "ffffffffffffffffffffffffffffffffffffffffffffffffffffffffffffffffffffffffffffffffffff"
      RenderBR {BR} at (336,361) size 0x0
      RenderText {#text} at (0,364) size 336x14
        text run at (0,364) width 336: "ffffffffffffffffffffffffffffffffffffffffffffffffffffffffffffffffffffffffffffffffffff"
      RenderBR {BR} at (336,375) size 0x0
      RenderText {#text} at (0,378) size 336x14
        text run at (0,378) width 336: "ffffffffffffffffffffffffffffffffffffffffffffffffffffffffffffffffffffffffffffffffffff"
      RenderBR {BR} at (336,389) size 0x0
      RenderText {#text} at (0,392) size 336x14
        text run at (0,392) width 336: "ffffffffffffffffffffffffffffffffffffffffffffffffffffffffffffffffffffffffffffffffffff"
      RenderBR {BR} at (336,403) size 0x0
      RenderText {#text} at (0,406) size 336x14
        text run at (0,406) width 336: "ffffffffffffffffffffffffffffffffffffffffffffffffffffffffffffffffffffffffffffffffffff"
      RenderBR {BR} at (336,417) size 0x0
      RenderText {#text} at (0,420) size 336x14
        text run at (0,420) width 336: "ffffffffffffffffffffffffffffffffffffffffffffffffffffffffffffffffffffffffffffffffffff"
      RenderBR {BR} at (336,431) size 0x0
      RenderText {#text} at (0,434) size 336x14
        text run at (0,434) width 336: "ffffffffffffffffffffffffffffffffffffffffffffffffffffffffffffffffffffffffffffffffffff"
      RenderBR {BR} at (336,445) size 0x0
      RenderText {#text} at (0,448) size 336x14
        text run at (0,448) width 336: "ffffffffffffffffffffffffffffffffffffffffffffffffffffffffffffffffffffffffffffffffffff"
      RenderBR {BR} at (336,459) size 0x0
      RenderText {#text} at (0,462) size 336x14
        text run at (0,462) width 336: "ffffffffffffffffffffffffffffffffffffffffffffffffffffffffffffffffffffffffffffffffffff"
      RenderBR {BR} at (336,473) size 0x0
      RenderText {#text} at (0,476) size 336x14
        text run at (0,476) width 336: "ffffffffffffffffffffffffffffffffffffffffffffffffffffffffffffffffffffffffffffffffffff"
      RenderBR {BR} at (336,487) size 0x0
      RenderText {#text} at (0,490) size 336x14
        text run at (0,490) width 336: "ffffffffffffffffffffffffffffffffffffffffffffffffffffffffffffffffffffffffffffffffffff"
      RenderBR {BR} at (336,501) size 0x0
      RenderText {#text} at (0,504) size 336x14
        text run at (0,504) width 336: "ffffffffffffffffffffffffffffffffffffffffffffffffffffffffffffffffffffffffffffffffffff"
      RenderBR {BR} at (336,515) size 0x0
      RenderText {#text} at (0,518) size 336x14
        text run at (0,518) width 336: "ffffffffffffffffffffffffffffffffffffffffffffffffffffffffffffffffffffffffffffffffffff"
      RenderBR {BR} at (336,529) size 0x0
      RenderText {#text} at (0,532) size 336x14
        text run at (0,532) width 336: "ffffffffffffffffffffffffffffffffffffffffffffffffffffffffffffffffffffffffffffffffffff"
      RenderBR {BR} at (336,543) size 0x0
      RenderText {#text} at (0,546) size 336x14
        text run at (0,546) width 336: "ffffffffffffffffffffffffffffffffffffffffffffffffffffffffffffffffffffffffffffffffffff"
      RenderBR {BR} at (336,557) size 0x0
      RenderText {#text} at (0,560) size 336x14
        text run at (0,560) width 336: "ffffffffffffffffffffffffffffffffffffffffffffffffffffffffffffffffffffffffffffffffffff"
      RenderBR {BR} at (336,571) size 0x0
      RenderText {#text} at (0,574) size 336x14
        text run at (0,574) width 336: "ffffffffffffffffffffffffffffffffffffffffffffffffffffffffffffffffffffffffffffffffffff"
      RenderBR {BR} at (336,585) size 0x0
      RenderText {#text} at (0,588) size 336x14
        text run at (0,588) width 336: "ffffffffffffffffffffffffffffffffffffffffffffffffffffffffffffffffffffffffffffffffffff"
      RenderBR {BR} at (336,599) size 0x0
      RenderText {#text} at (0,602) size 336x14
        text run at (0,602) width 336: "ffffffffffffffffffffffffffffffffffffffffffffffffffffffffffffffffffffffffffffffffffff"
      RenderBR {BR} at (336,613) size 0x0
      RenderText {#text} at (0,616) size 336x14
        text run at (0,616) width 336: "ffffffffffffffffffffffffffffffffffffffffffffffffffffffffffffffffffffffffffffffffffff"
      RenderBR {BR} at (336,627) size 0x0
      RenderText {#text} at (0,630) size 336x14
        text run at (0,630) width 336: "ffffffffffffffffffffffffffffffffffffffffffffffffffffffffffffffffffffffffffffffffffff"
      RenderBR {BR} at (336,641) size 0x0
      RenderText {#text} at (0,644) size 336x14
        text run at (0,644) width 336: "ffffffffffffffffffffffffffffffffffffffffffffffffffffffffffffffffffffffffffffffffffff"
      RenderBR {BR} at (336,655) size 0x0
      RenderText {#text} at (0,658) size 336x14
        text run at (0,658) width 336: "ffffffffffffffffffffffffffffffffffffffffffffffffffffffffffffffffffffffffffffffffffff"
      RenderBR {BR} at (336,669) size 0x0
      RenderText {#text} at (0,672) size 336x14
        text run at (0,672) width 336: "ffffffffffffffffffffffffffffffffffffffffffffffffffffffffffffffffffffffffffffffffffff"
      RenderBR {BR} at (336,683) size 0x0
      RenderText {#text} at (0,686) size 336x14
        text run at (0,686) width 336: "ffffffffffffffffffffffffffffffffffffffffffffffffffffffffffffffffffffffffffffffffffff"
      RenderBR {BR} at (336,697) size 0x0
      RenderText {#text} at (0,700) size 336x14
        text run at (0,700) width 336: "ffffffffffffffffffffffffffffffffffffffffffffffffffffffffffffffffffffffffffffffffffff"
      RenderBR {BR} at (336,711) size 0x0
      RenderText {#text} at (0,714) size 336x14
        text run at (0,714) width 336: "ffffffffffffffffffffffffffffffffffffffffffffffffffffffffffffffffffffffffffffffffffff"
      RenderBR {BR} at (336,725) size 0x0
      RenderText {#text} at (0,728) size 336x14
        text run at (0,728) width 336: "ffffffffffffffffffffffffffffffffffffffffffffffffffffffffffffffffffffffffffffffffffff"
      RenderBR {BR} at (336,739) size 0x0
      RenderText {#text} at (0,742) size 336x14
        text run at (0,742) width 336: "ffffffffffffffffffffffffffffffffffffffffffffffffffffffffffffffffffffffffffffffffffff"
      RenderBR {BR} at (336,753) size 0x0
      RenderText {#text} at (0,756) size 336x14
        text run at (0,756) width 336: "ffffffffffffffffffffffffffffffffffffffffffffffffffffffffffffffffffffffffffffffffffff"
      RenderBR {BR} at (336,767) size 0x0
