layer at (0,0) size 800x600
  RenderView at (0,0) size 800x600
layer at (0,0) size 800x8
  RenderBlock {HTML} at (0,0) size 800x8
    RenderBody {BODY} at (8,8) size 784x0
layer at (8,8) size 300x300 scrollHeight 420
  RenderBlock (positioned) {DIV} at (8,8) size 300x300
    RenderText {#text} at (0,0) size 298x420
      text run at (0,0) width 297: "Lorem ipsum dolor sit amet, consectetur adipisicing elit, sed do"
      text run at (0,14) width 297: "eiusmod tempor incididunt ut labore et dolore magna aliqua. Ut"
      text run at (0,28) width 269: "enim ad minim veniam, quis nostrud exercitation ullamco"
      text run at (0,42) width 277: "laboris nisi ut aliquip ex ea commodo consequat. Duis aute"
      text run at (0,56) width 296: "irure dolor in reprehenderit in voluptate velit esse cillum dolore"
      text run at (0,70) width 287: "eu fugiat nulla pariatur. Excepteur sint occaecat cupidatat non"
      text run at (0,84) width 283: "proident, sunt in culpa qui officia deserunt mollit anim id est"
      text run at (0,98) width 288: "laborum. Lorem ipsum dolor sit amet, consectetur adipisicing"
      text run at (0,112) width 268: "elit, sed do eiusmod tempor incididunt ut labore et dolore"
      text run at (0,126) width 255: "magna aliqua. Ut enim ad minim veniam, quis nostrud"
      text run at (0,140) width 273: "exercitation ullamco laboris nisi ut aliquip ex ea commodo"
      text run at (0,154) width 286: "consequat. Duis aute irure dolor in reprehenderit in voluptate"
      text run at (0,168) width 290: "velit esse cillum dolore eu fugiat nulla pariatur. Excepteur sint"
      text run at (0,182) width 264: "occaecat cupidatat non proident, sunt in culpa qui officia"
      text run at (0,196) width 277: "deserunt mollit anim id est laborum. Lorem ipsum dolor sit"
      text run at (0,210) width 268: "amet, consectetur adipisicing elit, sed do eiusmod tempor"
      text run at (0,224) width 291: "incididunt ut labore et dolore magna aliqua. Ut enim ad minim"
      text run at (0,238) width 298: "veniam, quis nostrud exercitation ullamco laboris nisi ut aliquip"
      text run at (0,252) width 240: "ex ea commodo consequat. Duis aute irure dolor in"
      text run at (0,266) width 275: "reprehenderit in voluptate velit esse cillum dolore eu fugiat"
      text run at (0,280) width 288: "nulla pariatur. Excepteur sint occaecat cupidatat non proident,"
      text run at (0,294) width 238: "sunt in culpa qui officia deserunt mollit anim id est"
      text run at (0,308) width 285: "laborum.Lorem ipsum dolor sit amet, consectetur adipisicing"
      text run at (0,322) width 268: "elit, sed do eiusmod tempor incididunt ut labore et dolore"
      text run at (0,336) width 255: "magna aliqua. Ut enim ad minim veniam, quis nostrud"
      text run at (0,350) width 273: "exercitation ullamco laboris nisi ut aliquip ex ea commodo"
      text run at (0,364) width 286: "consequat. Duis aute irure dolor in reprehenderit in voluptate"
      text run at (0,378) width 290: "velit esse cillum dolore eu fugiat nulla pariatur. Excepteur sint"
      text run at (0,392) width 264: "occaecat cupidatat non proident, sunt in culpa qui officia"
      text run at (0,406) width 169: "deserunt mollit anim id est laborum."
