layer at (0,0) size 800x600
  RenderView at (0,0) size 800x600
layer at (0,0) size 800x600
  RenderBlock {HTML} at (0,0) size 800x600
    RenderBody {BODY} at (8,8) size 784x580
      RenderBlock {P} at (0,0) size 784x14
        RenderText {#text} at (0,0) size 40x14
          text run at (0,0) width 40: "Test for "
        RenderInline {I} at (0,0) size 626x14
          RenderInline {A} at (0,0) size 226x14 [color=#0000EE]
            RenderText {#text} at (40,0) size 226x14
              text run at (40,0) width 226: "http://bugs.webkit.org/show_bug.cgi?id=13353"
          RenderText {#text} at (266,0) size 400x14
            text run at (266,0) width 3: " "
            text run at (269,0) width 397: "REGRESSION (r20754-20766): Textarea does not resize when scrollbar is present"
        RenderText {#text} at (666,0) size 3x14
          text run at (666,0) width 3: "."
      RenderBlock {P} at (0,26) size 784x14
        RenderText {#text} at (0,0) size 557x14
          text run at (0,0) width 427: "To test interactively, verify that you can resize each of the boxes below. The automatic test "
          text run at (427,0) width 130: "resizes them to 125 by 125."
      RenderBlock (floating) {DIV} at (0,52) size 125x125 [bgcolor=#FF0000]
      RenderBlock (floating) {DIV} at (135,52) size 125x125 [bgcolor=#FF0000]
      RenderBlock (floating) {DIV} at (270,52) size 125x125 [bgcolor=#FF0000]
      RenderBlock (floating) {DIV} at (405,52) size 125x125 [bgcolor=#FF0000]
layer at (8,60) size 75x75 scrollWidth 100 scrollHeight 100
  RenderBlock {DIV} at (0,0) size 75x75 [bgcolor=#008000]
    RenderBlock {DIV} at (0,0) size 100x100
layer at (143,60) size 75x75 scrollWidth 100 scrollHeight 100
  RenderBlock {DIV} at (0,0) size 75x75 [bgcolor=#008000]
    RenderBlock {DIV} at (0,0) size 100x100
layer at (278,60) size 75x75 scrollWidth 100 scrollHeight 100
  RenderBlock {DIV} at (0,0) size 75x75 [bgcolor=#008000]
    RenderBlock {DIV} at (0,0) size 100x100
layer at (413,60) size 75x75 scrollWidth 100 scrollHeight 100
  RenderBlock {DIV} at (0,0) size 75x75 [bgcolor=#008000]
    RenderBlock {DIV} at (0,0) size 100x100
caret: position 0 of child 1 {DIV} of child 1 {DIV} of child 11 {DIV} of body
