layer at (0,0) size 800x600
  RenderView at (0,0) size 800x600
layer at (0,0) size 800x350
  RenderBlock {HTML} at (0,0) size 800x350
    RenderBody {BODY} at (8,12) size 784x330
      RenderBlock {P} at (0,0) size 784x14
        RenderText {#text} at (0,0) size 102x14
          text run at (0,0) width 102: "This is a test case for "
        RenderInline {I} at (0,0) size 636x14
          RenderText {#text} at (102,0) size 636x14
            text run at (102,0) width 636: "http://bugzilla.opendarwin.org/show_bug.cgi?id=5826 Blocks with direction:rtl and overflow:auto or scroll have incorrect scrollbars"
        RenderText {#text} at (738,0) size 3x14
          text run at (738,0) width 3: "."
      RenderBlock (anonymous) at (0,26) size 784x14
        RenderText {#text} at (0,0) size 343x14
          text run at (0,0) width 343: "The right column should be a mirror-image of the left column in terms of"
      RenderBlock {UL} at (0,52) size 784x56
        RenderListItem {LI} at (40,0) size 744x14
          RenderListMarker at (-15,0) size 6x14: bullet
          RenderText {#text} at (0,0) size 123x14
            text run at (0,0) width 123: "the presence of a scrollbar"
        RenderListItem {LI} at (40,14) size 744x14
          RenderListMarker at (-15,0) size 6x14: bullet
          RenderText {#text} at (0,0) size 176x14
            text run at (0,0) width 176: "the initial position of the scroll thumb"
        RenderListItem {LI} at (40,28) size 744x14
          RenderListMarker at (-15,0) size 6x14: bullet
          RenderText {#text} at (0,0) size 339x14
            text run at (0,0) width 339: "which letters are visible initially and when you scroll (in the top 3 rows)"
        RenderListItem {LI} at (40,42) size 744x14
          RenderListMarker at (-15,0) size 6x14: bullet
          RenderText {#text} at (0,0) size 434x14
            text run at (0,0) width 434: "the position of the blue and olive boxes, initially and when you scroll (in the bottom 2 rows)"
      RenderTable {TABLE} at (0,120) size 256x210
        RenderTableSection {TBODY} at (0,0) size 256x210
          RenderTableRow {TR} at (0,2) size 256x206
            RenderTableCell {TD} at (2,2) size 125x206 [r=0 c=0 rs=1 cs=1]
            RenderTableCell {TD} at (129,2) size 125x206 [r=0 c=1 rs=1 cs=1]
layer at (15,139) size 115x36 clip at (25,139) size 100x36 scrollWidth 141
  RenderBlock {DIV} at (5,5) size 115x36 [bgcolor=#FFFF00] [border: (5px solid #008000) none (10px solid #FF0000)]
    RenderText {#text} at (10,0) size 141x14
      text run at (10,0) width 141: "abcdefghijklmnopqrstuvwxyz"
layer at (15,179) size 115x36 clip at (25,179) size 100x36
  RenderBlock {DIV} at (5,45) size 115x36 [bgcolor=#FFFF00] [border: (5px solid #008000) none (10px solid #FF0000)]
    RenderBlock {DIV} at (10,0) size 100x14 [bgcolor=#D3D3D3]
      RenderText {#text} at (-41,0) size 141x14
        text run at (-41,0) width 141: "abcdefghijklmnopqrstuvwxyz"
layer at (15,219) size 115x36 clip at (25,219) size 100x36 scrollWidth 141
  RenderBlock {DIV} at (5,85) size 115x36 [bgcolor=#FFFF00] [border: (5px solid #008000) none (10px solid #FF0000)]
    RenderBlock {DIV} at (10,0) size 100x14 [bgcolor=#D3D3D3]
      RenderText {#text} at (0,0) size 141x14
        text run at (0,0) width 141: "abcdefghijklmnopqrstuvwxyz"
layer at (142,139) size 115x36 clip at (147,139) size 100x36 scrollX 41 scrollWidth 141
  RenderBlock {DIV} at (5,5) size 115x36 [bgcolor=#FFFF00] [border: (10px solid #FF0000) none (5px solid #008000)]
    RenderText {#text} at (-36,0) size 141x14
      text run at (-36,0) width 141: "zyxwvutsrqponmlkjihgfedcba"
layer at (142,179) size 115x36 clip at (147,179) size 100x36
  RenderBlock {DIV} at (5,45) size 115x36 [bgcolor=#FFFF00] [border: (10px solid #FF0000) none (5px solid #008000)]
    RenderBlock {DIV} at (5,0) size 100x14 [bgcolor=#D3D3D3]
      RenderText {#text} at (0,0) size 141x14
        text run at (0,0) width 141: "zyxwvutsrqponmlkjihgfedcba"
layer at (142,219) size 115x36 clip at (147,219) size 100x36 scrollX 41 scrollWidth 141
  RenderBlock {DIV} at (5,85) size 115x36 [bgcolor=#FFFF00] [border: (10px solid #FF0000) none (5px solid #008000)]
    RenderBlock {DIV} at (5,0) size 100x14 [bgcolor=#D3D3D3]
      RenderText {#text} at (-41,0) size 141x14
        text run at (-41,0) width 141: "zyxwvutsrqponmlkjihgfedcba"
layer at (15,259) size 115x36 clip at (25,259) size 100x36
  RenderBlock (relative positioned) {DIV} at (5,125) size 115x36 [bgcolor=#FFFF00] [border: (5px solid #008000) none (10px solid #FF0000)]
layer at (71,279) size 8x4
  RenderBlock (positioned) {DIV} at (56,20) size 8x4 [bgcolor=#0000FF]
layer at (-25,259) size 70x20 backgroundClip at (25,259) size 100x36 clip at (25,259) size 100x36 outlineClip at (25,259) size 100x36
  RenderBlock (positioned) {DIV} at (-40,0) size 70x20 [bgcolor=#808000]
layer at (15,299) size 115x36 clip at (25,299) size 100x36 scrollWidth 150
  RenderBlock (relative positioned) {DIV} at (5,165) size 115x36 [bgcolor=#FFFF00] [border: (5px solid #008000) none (10px solid #FF0000)]
layer at (71,319) size 8x4
  RenderBlock (positioned) {DIV} at (56,20) size 8x4 [bgcolor=#0000FF]
layer at (105,299) size 70x20 backgroundClip at (25,299) size 100x36 clip at (25,299) size 100x36 outlineClip at (25,299) size 100x36
  RenderBlock (positioned) {DIV} at (90,0) size 70x20 [bgcolor=#808000]
layer at (142,259) size 115x36 clip at (147,259) size 100x36
  RenderBlock (relative positioned) {DIV} at (5,125) size 115x36 [bgcolor=#FFFF00] [border: (10px solid #FF0000) none (5px solid #008000)]
layer at (193,279) size 8x4
  RenderBlock (positioned) {DIV} at (51,20) size 8x4 [bgcolor=#0000FF]
layer at (227,259) size 70x20 backgroundClip at (147,259) size 100x36 clip at (147,259) size 100x36 outlineClip at (147,259) size 100x36
  RenderBlock (positioned) {DIV} at (85,0) size 70x20 [bgcolor=#808000]
layer at (142,299) size 115x36 clip at (147,299) size 100x36 scrollX 50 scrollWidth 150
  RenderBlock (relative positioned) {DIV} at (5,165) size 115x36 [bgcolor=#FFFF00] [border: (10px solid #FF0000) none (5px solid #008000)]
layer at (193,319) size 8x4
  RenderBlock (positioned) {DIV} at (51,20) size 8x4 [bgcolor=#0000FF]
layer at (97,299) size 70x20 backgroundClip at (147,299) size 100x36 clip at (147,299) size 100x36 outlineClip at (147,299) size 100x36
  RenderBlock (positioned) {DIV} at (-45,0) size 70x20 [bgcolor=#808000]
