layer at (0,0) size 800x600
  RenderView at (0,0) size 800x600
layer at (0,0) size 800x600
  RenderBlock {HTML} at (0,0) size 800x600
    RenderBody {BODY} at (8,8) size 784x584
      RenderBlock (anonymous) at (0,0) size 784x14
        RenderText {#text} at (0,0) size 681x14
          text run at (0,0) width 681: "Make sure that overflow:auto/hidden/scroll blocks interleave their background and foreground with other overlapping blocks in the normal flow."
      RenderBlock {DIV} at (0,264) size 300x300 [bgcolor=#FFFF00]
        RenderText {#text} at (0,0) size 174x109
          text run at (0,0) width 168: "This text"
          text run at (0,55) width 174: "overlaps."
layer at (8,22) size 300x300 scrollHeight 658
  RenderBlock {DIV} at (0,14) size 300x300 [bgcolor=#00FF00]
    RenderText {#text} at (0,0) size 57x14
      text run at (0,0) width 57: "Hello world"
    RenderBR {BR} at (57,11) size 0x0
    RenderText {#text} at (0,14) size 57x14
      text run at (0,14) width 57: "Hello world"
    RenderBR {BR} at (57,25) size 0x0
    RenderText {#text} at (0,28) size 57x14
      text run at (0,28) width 57: "Hello world"
    RenderBR {BR} at (57,39) size 0x0
    RenderText {#text} at (0,42) size 57x14
      text run at (0,42) width 57: "Hello world"
    RenderBR {BR} at (57,53) size 0x0
    RenderText {#text} at (0,56) size 57x14
      text run at (0,56) width 57: "Hello world"
    RenderBR {BR} at (57,67) size 0x0
    RenderText {#text} at (0,70) size 57x14
      text run at (0,70) width 57: "Hello world"
    RenderBR {BR} at (57,81) size 0x0
    RenderText {#text} at (0,84) size 57x14
      text run at (0,84) width 57: "Hello world"
    RenderBR {BR} at (57,95) size 0x0
    RenderText {#text} at (0,98) size 57x14
      text run at (0,98) width 57: "Hello world"
    RenderBR {BR} at (57,109) size 0x0
    RenderText {#text} at (0,112) size 57x14
      text run at (0,112) width 57: "Hello world"
    RenderBR {BR} at (57,123) size 0x0
    RenderText {#text} at (0,126) size 57x14
      text run at (0,126) width 57: "Hello world"
    RenderBR {BR} at (57,137) size 0x0
    RenderText {#text} at (0,140) size 57x14
      text run at (0,140) width 57: "Hello world"
    RenderBR {BR} at (57,151) size 0x0
    RenderText {#text} at (0,154) size 57x14
      text run at (0,154) width 57: "Hello world"
    RenderBR {BR} at (57,165) size 0x0
    RenderText {#text} at (0,168) size 57x14
      text run at (0,168) width 57: "Hello world"
    RenderBR {BR} at (57,179) size 0x0
    RenderText {#text} at (0,182) size 57x14
      text run at (0,182) width 57: "Hello world"
    RenderBR {BR} at (57,193) size 0x0
    RenderText {#text} at (0,196) size 57x14
      text run at (0,196) width 57: "Hello world"
    RenderBR {BR} at (57,207) size 0x0
    RenderText {#text} at (0,210) size 57x14
      text run at (0,210) width 57: "Hello world"
    RenderBR {BR} at (57,221) size 0x0
    RenderText {#text} at (0,224) size 57x14
      text run at (0,224) width 57: "Hello world"
    RenderBR {BR} at (57,235) size 0x0
    RenderText {#text} at (0,238) size 57x14
      text run at (0,238) width 57: "Hello world"
    RenderBR {BR} at (57,249) size 0x0
    RenderText {#text} at (0,252) size 57x14
      text run at (0,252) width 57: "Hello world"
    RenderBR {BR} at (57,263) size 0x0
    RenderText {#text} at (0,266) size 57x14
      text run at (0,266) width 57: "Hello world"
    RenderBR {BR} at (57,277) size 0x0
    RenderText {#text} at (0,280) size 57x14
      text run at (0,280) width 57: "Hello world"
    RenderBR {BR} at (57,291) size 0x0
    RenderText {#text} at (0,294) size 57x14
      text run at (0,294) width 57: "Hello world"
    RenderBR {BR} at (57,305) size 0x0
    RenderText {#text} at (0,308) size 57x14
      text run at (0,308) width 57: "Hello world"
    RenderBR {BR} at (57,319) size 0x0
    RenderText {#text} at (0,322) size 57x14
      text run at (0,322) width 57: "Hello world"
    RenderBR {BR} at (57,333) size 0x0
    RenderText {#text} at (0,336) size 57x14
      text run at (0,336) width 57: "Hello world"
    RenderBR {BR} at (57,347) size 0x0
    RenderText {#text} at (0,350) size 57x14
      text run at (0,350) width 57: "Hello world"
    RenderBR {BR} at (57,361) size 0x0
    RenderText {#text} at (0,364) size 57x14
      text run at (0,364) width 57: "Hello world"
    RenderBR {BR} at (57,375) size 0x0
    RenderText {#text} at (0,378) size 57x14
      text run at (0,378) width 57: "Hello world"
    RenderBR {BR} at (57,389) size 0x0
    RenderText {#text} at (0,392) size 57x14
      text run at (0,392) width 57: "Hello world"
    RenderBR {BR} at (57,403) size 0x0
    RenderText {#text} at (0,406) size 57x14
      text run at (0,406) width 57: "Hello world"
    RenderBR {BR} at (57,417) size 0x0
    RenderText {#text} at (0,420) size 57x14
      text run at (0,420) width 57: "Hello world"
    RenderBR {BR} at (57,431) size 0x0
    RenderText {#text} at (0,434) size 57x14
      text run at (0,434) width 57: "Hello world"
    RenderBR {BR} at (57,445) size 0x0
    RenderText {#text} at (0,448) size 57x14
      text run at (0,448) width 57: "Hello world"
    RenderBR {BR} at (57,459) size 0x0
    RenderText {#text} at (0,462) size 57x14
      text run at (0,462) width 57: "Hello world"
    RenderBR {BR} at (57,473) size 0x0
    RenderText {#text} at (0,476) size 57x14
      text run at (0,476) width 57: "Hello world"
    RenderBR {BR} at (57,487) size 0x0
    RenderText {#text} at (0,490) size 57x14
      text run at (0,490) width 57: "Hello world"
    RenderBR {BR} at (57,501) size 0x0
    RenderText {#text} at (0,504) size 57x14
      text run at (0,504) width 57: "Hello world"
    RenderBR {BR} at (57,515) size 0x0
    RenderText {#text} at (0,518) size 57x14
      text run at (0,518) width 57: "Hello world"
    RenderBR {BR} at (57,529) size 0x0
    RenderText {#text} at (0,532) size 57x14
      text run at (0,532) width 57: "Hello world"
    RenderBR {BR} at (57,543) size 0x0
    RenderText {#text} at (0,546) size 57x14
      text run at (0,546) width 57: "Hello world"
    RenderBR {BR} at (57,557) size 0x0
    RenderText {#text} at (0,560) size 57x14
      text run at (0,560) width 57: "Hello world"
    RenderBR {BR} at (57,571) size 0x0
    RenderText {#text} at (0,574) size 57x14
      text run at (0,574) width 57: "Hello world"
    RenderBR {BR} at (57,585) size 0x0
    RenderText {#text} at (0,588) size 57x14
      text run at (0,588) width 57: "Hello world"
    RenderBR {BR} at (57,599) size 0x0
    RenderText {#text} at (0,602) size 57x14
      text run at (0,602) width 57: "Hello world"
    RenderBR {BR} at (57,613) size 0x0
    RenderText {#text} at (0,616) size 57x14
      text run at (0,616) width 57: "Hello world"
    RenderBR {BR} at (57,627) size 0x0
    RenderText {#text} at (0,630) size 57x14
      text run at (0,630) width 57: "Hello world"
    RenderBR {BR} at (57,641) size 0x0
    RenderText {#text} at (0,644) size 57x14
      text run at (0,644) width 57: "Hello world"
    RenderBR {BR} at (57,655) size 0x0
