layer at (0,0) size 800x600
  RenderView at (0,0) size 800x600
layer at (0,0) size 800x600
  RenderBlock {HTML} at (0,0) size 800x600
    RenderBody {BODY} at (8,8) size 784x584
      RenderBlock (anonymous) at (0,0) size 784x14
        RenderText {#text} at (0,0) size 380x14
          text run at (0,0) width 380: "The focus ring of the following div should not extend beyond the size of the div."
layer at (8,22) size 500x400
  RenderBlock {DIV} at (0,14) size 500x400
    RenderText {#text} at (0,0) size 498x378
      text run at (0,0) width 498: "......................................................................................................................................................................"
      text run at (0,14) width 498: "......................................................................................................................................................................"
      text run at (0,28) width 498: "......................................................................................................................................................................"
      text run at (0,42) width 498: "......................................................................................................................................................................"
      text run at (0,56) width 498: "......................................................................................................................................................................"
      text run at (0,70) width 498: "......................................................................................................................................................................"
      text run at (0,84) width 498: "......................................................................................................................................................................"
      text run at (0,98) width 498: "......................................................................................................................................................................"
      text run at (0,112) width 498: "......................................................................................................................................................................"
      text run at (0,126) width 498: "......................................................................................................................................................................"
      text run at (0,140) width 498: "......................................................................................................................................................................"
      text run at (0,154) width 498: "......................................................................................................................................................................"
      text run at (0,168) width 498: "......................................................................................................................................................................"
      text run at (0,182) width 498: "......................................................................................................................................................................"
      text run at (0,196) width 498: "......................................................................................................................................................................"
      text run at (0,210) width 498: "......................................................................................................................................................................"
      text run at (0,224) width 498: "......................................................................................................................................................................"
      text run at (0,238) width 498: "......................................................................................................................................................................"
      text run at (0,252) width 498: "......................................................................................................................................................................"
      text run at (0,266) width 498: "......................................................................................................................................................................"
      text run at (0,280) width 498: "......................................................................................................................................................................"
      text run at (0,294) width 498: "......................................................................................................................................................................"
      text run at (0,308) width 498: "......................................................................................................................................................................"
      text run at (0,322) width 498: "......................................................................................................................................................................"
      text run at (0,336) width 498: "......................................................................................................................................................................"
      text run at (0,350) width 498: "......................................................................................................................................................................"
      text run at (0,364) width 336: "................................................................................................................"
caret: position 0 of child 0 {#text} of child 1 {DIV} of body
