layer at (0,0) size 800x600
  RenderView at (0,0) size 800x600
layer at (0,0) size 800x600
  RenderBlock {HTML} at (0,0) size 800x600
    RenderBody {BODY} at (8,8) size 784x584
      RenderBlock {P} at (0,0) size 784x14
        RenderText {#text} at (0,0) size 40x14
          text run at (0,0) width 40: "Test for "
        RenderInline {I} at (0,0) size 610x14
          RenderInline {A} at (0,0) size 226x14 [color=#0000EE]
            RenderText {#text} at (40,0) size 226x14
              text run at (40,0) width 226: "http://bugs.webkit.org/show_bug.cgi?id=16426"
          RenderText {#text} at (266,0) size 384x14
            text run at (266,0) width 3: " "
            text run at (269,0) width 381: "Divs with overflow:auto: scrollbars not correctly updated when contents change"
        RenderText {#text} at (650,0) size 3x14
          text run at (650,0) width 3: "."
      RenderBlock {P} at (0,26) size 784x14
        RenderText {#text} at (0,0) size 244x14
          text run at (0,0) width 244: "The thumb should be in the middle of the scroll bar."
layer at (8,60) size 200x200 scrollY 200 scrollHeight 600
  RenderBlock {DIV} at (0,52) size 200x200
    RenderBlock {DIV} at (0,0) size 200x600
