layer at (0,0) size 800x600
  RenderView at (0,0) size 800x600
layer at (0,0) size 800x600
  RenderBlock {HTML} at (0,0) size 800x600
    RenderBody {BODY} at (8,8) size 784x584
layer at (0,42) size 800x558 scrollY 296 scrollHeight 854
  RenderBlock (positioned) {DIV} at (0,42) size 800x558
layer at (0,-254) size 420x854 backgroundClip at (0,42) size 800x558 clip at (0,42) size 800x558 outlineClip at (0,42) size 800x558
  RenderBlock (positioned) {DIV} at (0,0) size 420x854
    RenderBlock (anonymous) at (0,0) size 420x14
      RenderText {#text} at (0,0) size 420x14
        text run at (0,0) width 420: "This tests that we can scroll to reveal something in a nested positioned block in overflow."
    RenderBlock {DIV} at (0,14) size 420x800
    RenderBlock (anonymous) at (0,814) size 420x40
      RenderButton {INPUT} at (2,2) size 276x36 [color=#202020]
        RenderBlock (anonymous) at (15,8) size 246x18
          RenderText at (0,0) size 246x17
            text run at (0,0) width 246: "If you can see this, test has passed"
      RenderText {#text} at (0,0) size 0x0
