layer at (0,0) size 980x735
  RenderView at (0,0) size 980x735
layer at (0,0) size 980x735
  RenderBlock {HTML} at (0,0) size 980x735
    RenderBody {BODY} at (8,8) size 964x711
      RenderBlock {P} at (0,0) size 964x77
        RenderText {#text} at (0,0) size 332x58
          text run at (0,0) width 332: "BigAndGreen"
        RenderBR {BR} at (332,46) size 0x0
        RenderText {#text} at (0,58) size 118x19
          text run at (0,58) width 118: "SmallAndBlack"
