layer at (0,0) size 980x735
  RenderView at (0,0) size 980x735
layer at (0,0) size 980x735
  RenderBlock {HTML} at (0,0) size 980x735
    RenderBody {BODY} at (8,8) size 964x711
      RenderBlock {P} at (0,0) size 964x46 [border: (2px solid #0000FF)]
        RenderInline (generated) at (0,0) size 31x41 [color=#800000]
          RenderText {#text} at (2,2) size 31x41
            text run at (2,2) width 31: "M"
        RenderText {#text} at (33,20) size 230x19
          text run at (33,20) width 230: "aroon on the first letter only."
