layer at (0,0) size 980x735
  RenderView at (0,0) size 980x735
layer at (0,0) size 980x735
  RenderBlock {HTML} at (0,0) size 980x735
    RenderBody {BODY} at (8,8) size 964x719
      RenderBlock {DIV} at (0,0) size 964x23 [border: (2px solid #FF0000)]
        RenderInline {A} at (0,0) size 34x19 [color=#008000]
          RenderText {#text} at (2,2) size 34x19
            text run at (2,2) width 34: "First"
        RenderInline {A} at (0,0) size 59x19 [color=#008000]
          RenderText {#text} at (36,2) size 59x19
            text run at (36,2) width 59: "Second"
        RenderInline {A} at (0,0) size 41x19 [color=#008000]
          RenderText {#text} at (95,2) size 41x19
            text run at (95,2) width 41: "Third"
