layer at (0,0) size 980x735
  RenderView at (0,0) size 980x735
layer at (0,0) size 980x735
  RenderBlock {HTML} at (0,0) size 980x735
    RenderBody {BODY} at (8,8) size 964x719
      RenderBlock {DIV} at (0,0) size 204x61 [border: (2px solid #FF0000)]
        RenderText {#text} at (2,2) size 193x57
          text run at (2,2) width 186: "This is some text. What"
          text run at (2,21) width 193: "is going on here. Does it"
          text run at (2,40) width 48: "work?"
