layer at (0,0) size 980x735
  RenderView at (0,0) size 980x735
layer at (0,0) size 980x133
  RenderBlock {HTML} at (0,0) size 980x133
    RenderBody {BODY} at (8,16) size 964x109
      RenderBlock {P} at (0,0) size 964x19
        RenderText {#text} at (0,0) size 583x19
          text run at (0,0) width 583: "The following two vertical bars should be at the same horizontal position."
      RenderBlock {DIV} at (0,35) size 96x37
        RenderBlock {DIV} at (64,0) size 0x37
          RenderInline {SPAN} at (0,0) size 11x38
            RenderText {#text} at (0,0) size 11x38
              text run at (0,0) width 11: "|"
      RenderBlock {DIV} at (0,72) size 964x37
        RenderInline {SPAN} at (0,0) size 11x38
          RenderText {#text} at (64,0) size 11x38
            text run at (64,0) width 11: "|"
