layer at (0,0) size 980x735
  RenderView at (0,0) size 980x735
layer at (0,0) size 980x91
  RenderBlock {HTML} at (0,0) size 980x91
    RenderBody {BODY} at (8,16) size 964x67
      RenderBlock {P} at (0,0) size 964x19
        RenderText {#text} at (0,0) size 668x19
          text run at (0,0) width 668: "The following two DIVs should be the same width (resulting in a single 5 by 2 block)."
      RenderBlock {DIV} at (0,35) size 80x16 [bgcolor=#000080]
        RenderBlock {DIV} at (0,0) size 80x16
      RenderBlock {DIV} at (0,51) size 80x16 [bgcolor=#000080]
