layer at (0,0) size 980x735
  RenderView at (0,0) size 980x735
layer at (0,0) size 980x735
  RenderBlock {HTML} at (0,0) size 980x735
    RenderBody {BODY} at (0,0) size 980x735
      RenderPartObject {IFRAME} at (0,0) size 504x104 [border: (2px inset #000000)]
        layer at (0,0) size 500x100
          RenderView at (0,0) size 500x100
        layer at (0,0) size 500x100
          RenderBlock {HTML} at (0,0) size 500x100
            RenderBody {BODY} at (8,8) size 484x76
              RenderBlock {P} at (0,0) size 484x19
                RenderText {#text} at (0,0) size 139x19
                  text run at (0,0) width 139: "This is some text."
              RenderBlock {P} at (0,35) size 484x19
                RenderText {#text} at (0,0) size 188x19
                  text run at (0,0) width 188: "This text is underneath."
      RenderText {#text} at (504,89) size 5x19
        text run at (504,89) width 5: " "
      RenderEmbeddedObject {OBJECT} at (0,108) size 500x100
        layer at (0,0) size 500x100
          RenderView at (0,0) size 500x100
        layer at (0,0) size 500x100
          RenderBlock {HTML} at (0,0) size 500x100
            RenderBody {BODY} at (8,8) size 484x76
              RenderBlock {P} at (0,0) size 484x19
                RenderText {#text} at (0,0) size 139x19
                  text run at (0,0) width 139: "This is some text."
              RenderBlock {P} at (0,35) size 484x19
                RenderText {#text} at (0,0) size 188x19
                  text run at (0,0) width 188: "This text is underneath."
      RenderText {#text} at (0,0) size 0x0
