layer at (0,0) size 980x735
  RenderView at (0,0) size 980x735
layer at (0,0) size 980x735
  RenderBlock {HTML} at (0,0) size 980x735
    RenderBody {BODY} at (8,8) size 964x719
      RenderInline {A} at (0,0) size 21x16 [color=#0000EE]
        RenderImage {IMG} at (0,0) size 21x21 [bgcolor=#008000]
      RenderText {#text} at (21,1) size 4x16
        text run at (21,1) width 4: " "
      RenderImage {IMG} at (25,0) size 21x21 [bgcolor=#008000]
      RenderText {#text} at (46,1) size 331x16
        text run at (46,1) width 331: " The two green blocks should line up vertically."
