layer at (0,0) size 980x7852
  RenderView at (0,0) size 980x735
layer at (0,0) size 980x7852
  RenderBlock {HTML} at (0,0) size 980x7852
    RenderBody {BODY} at (8,8) size 964x7836
      RenderBlock (anonymous) at (0,0) size 964x19
        RenderText {#text} at (0,0) size 542x19
          text run at (0,0) width 542: "This is a test of all the various HTML alignments using LTR direction."
      RenderBlock {DIV} at (0,19) size 964x234 [border: (4px solid #008000)]
        RenderBlock {DIV} at (6,6) size 952x27 [border: (2px solid #0000FF)]
          RenderText {#text} at (4,4) size 228x19
            text run at (4,4) width 228: "Normal div inside normal div"
        RenderBlock {DIV} at (6,33) size 952x27 [border: (2px solid #0000FF)]
          RenderText {#text} at (4,4) size 200x19
            text run at (4,4) width 200: "Left div inside normal div"
        RenderBlock {DIV} at (6,60) size 952x27 [border: (2px solid #0000FF)]
          RenderText {#text} at (364,4) size 224x19
            text run at (364,4) width 224: "Center div inside normal div"
        RenderBlock {DIV} at (6,87) size 952x27 [border: (2px solid #0000FF)]
          RenderText {#text} at (738,4) size 210x19
            text run at (738,4) width 210: "Right div inside normal div"
        RenderBlock {CENTER} at (6,114) size 952x27 [border: (2px solid #0000FF)]
          RenderText {#text} at (363,4) size 226x19
            text run at (363,4) width 226: "Center tag inside normal div"
        RenderTable {TABLE} at (6,141) size 119x29 [border: (2px solid #0000FF)]
          RenderTableSection {TBODY} at (2,2) size 115x25
            RenderTableRow {TR} at (0,2) size 115x21
              RenderTableCell {TD} at (2,2) size 111x21 [r=0 c=0 rs=1 cs=1]
                RenderText {#text} at (1,1) size 109x19
                  text run at (1,1) width 109: "Normal table."
        RenderTable {TABLE} at (393,170) size 177x29 [border: (2px solid #0000FF)]
          RenderTableSection {TBODY} at (2,2) size 173x25
            RenderTableRow {TR} at (0,2) size 173x21
              RenderTableCell {TD} at (2,2) size 169x21 [r=0 c=0 rs=1 cs=1]
                RenderText {#text} at (1,1) size 167x19
                  text run at (1,1) width 167: "Center aligned table."
        RenderTable {TABLE} at (8,199) size 240x29 [border: (2px solid #0000FF)]
          RenderTableSection {TBODY} at (2,2) size 236x25
            RenderTableRow {TR} at (0,2) size 236x21
              RenderTableCell {TD} at (2,2) size 232x21 [r=0 c=0 rs=1 cs=1]
                RenderText {#text} at (1,1) size 230x19
                  text run at (1,1) width 230: "Center table (fixed margins)."
      RenderBlock {DIV} at (0,253) size 964x234 [border: (4px solid #800080)]
        RenderBlock {DIV} at (6,6) size 408x27 [border: (2px solid #0000FF)]
          RenderText {#text} at (4,4) size 320x19
            text run at (4,4) width 320: "Normal fixed width div inside normal div"
        RenderBlock {DIV} at (6,33) size 408x27 [border: (2px solid #0000FF)]
          RenderText {#text} at (4,4) size 292x19
            text run at (4,4) width 292: "Left fixed width div inside normal div"
        RenderBlock {DIV} at (6,60) size 408x27 [border: (2px solid #0000FF)]
          RenderText {#text} at (46,4) size 316x19
            text run at (46,4) width 316: "Center fixed width div inside normal div"
        RenderBlock {DIV} at (6,87) size 408x27 [border: (2px solid #0000FF)]
          RenderText {#text} at (102,4) size 302x19
            text run at (102,4) width 302: "Right fixed width div inside normal div"
        RenderBlock {CENTER} at (6,114) size 408x27 [border: (2px solid #0000FF)]
          RenderText {#text} at (39,4) size 330x19
            text run at (39,4) width 330: "Center tag (fixed width) inside normal div"
        RenderTable {TABLE} at (6,141) size 400x29 [border: (2px solid #0000FF)]
          RenderTableSection {TBODY} at (2,2) size 396x25
            RenderTableRow {TR} at (0,2) size 396x21
              RenderTableCell {TD} at (2,2) size 392x21 [r=0 c=0 rs=1 cs=1]
                RenderText {#text} at (1,1) size 109x19
                  text run at (1,1) width 109: "Normal table."
        RenderTable {TABLE} at (282,170) size 400x29 [border: (2px solid #0000FF)]
          RenderTableSection {TBODY} at (2,2) size 396x25
            RenderTableRow {TR} at (0,2) size 396x21
              RenderTableCell {TD} at (2,2) size 392x21 [r=0 c=0 rs=1 cs=1]
                RenderText {#text} at (1,1) size 167x19
                  text run at (1,1) width 167: "Center aligned table."
        RenderTable {TABLE} at (8,199) size 400x29 [border: (2px solid #0000FF)]
          RenderTableSection {TBODY} at (2,2) size 396x25
            RenderTableRow {TR} at (0,2) size 396x21
              RenderTableCell {TD} at (2,2) size 392x21 [r=0 c=0 rs=1 cs=1]
                RenderText {#text} at (1,1) size 230x19
                  text run at (1,1) width 230: "Center table (fixed margins)."
      RenderBlock {DIV} at (0,487) size 964x234 [border: (4px solid #008000)]
        RenderBlock {DIV} at (6,6) size 952x27 [border: (2px solid #0000FF)]
          RenderText {#text} at (4,4) size 248x19
            text run at (4,4) width 248: "Normal div inside align=left div"
        RenderBlock {DIV} at (6,33) size 952x27 [border: (2px solid #0000FF)]
          RenderText {#text} at (4,4) size 220x19
            text run at (4,4) width 220: "Left div inside align=left div"
        RenderBlock {DIV} at (6,60) size 952x27 [border: (2px solid #0000FF)]
          RenderText {#text} at (354,4) size 244x19
            text run at (354,4) width 244: "Center div inside align=left div"
        RenderBlock {DIV} at (6,87) size 952x27 [border: (2px solid #0000FF)]
          RenderText {#text} at (718,4) size 230x19
            text run at (718,4) width 230: "Right div inside align=left div"
        RenderBlock {CENTER} at (6,114) size 952x27 [border: (2px solid #0000FF)]
          RenderText {#text} at (353,4) size 246x19
            text run at (353,4) width 246: "Center tag inside align=left div"
        RenderTable {TABLE} at (6,141) size 119x29 [border: (2px solid #0000FF)]
          RenderTableSection {TBODY} at (2,2) size 115x25
            RenderTableRow {TR} at (0,2) size 115x21
              RenderTableCell {TD} at (2,2) size 111x21 [r=0 c=0 rs=1 cs=1]
                RenderText {#text} at (1,1) size 109x19
                  text run at (1,1) width 109: "Normal table."
        RenderTable {TABLE} at (393,170) size 177x29 [border: (2px solid #0000FF)]
          RenderTableSection {TBODY} at (2,2) size 173x25
            RenderTableRow {TR} at (0,2) size 173x21
              RenderTableCell {TD} at (2,2) size 169x21 [r=0 c=0 rs=1 cs=1]
                RenderText {#text} at (1,1) size 167x19
                  text run at (1,1) width 167: "Center aligned table."
        RenderTable {TABLE} at (8,199) size 240x29 [border: (2px solid #0000FF)]
          RenderTableSection {TBODY} at (2,2) size 236x25
            RenderTableRow {TR} at (0,2) size 236x21
              RenderTableCell {TD} at (2,2) size 232x21 [r=0 c=0 rs=1 cs=1]
                RenderText {#text} at (1,1) size 230x19
                  text run at (1,1) width 230: "Center table (fixed margins)."
      RenderBlock {DIV} at (0,721) size 964x234 [border: (4px solid #800080)]
        RenderBlock {DIV} at (6,6) size 408x27 [border: (2px solid #0000FF)]
          RenderText {#text} at (4,4) size 340x19
            text run at (4,4) width 340: "Normal fixed width div inside align=left div"
        RenderBlock {DIV} at (6,33) size 408x27 [border: (2px solid #0000FF)]
          RenderText {#text} at (4,4) size 312x19
            text run at (4,4) width 312: "Left fixed width div inside align=left div"
        RenderBlock {DIV} at (6,60) size 408x27 [border: (2px solid #0000FF)]
          RenderText {#text} at (36,4) size 336x19
            text run at (36,4) width 336: "Center fixed width div inside align=left div"
        RenderBlock {DIV} at (6,87) size 408x27 [border: (2px solid #0000FF)]
          RenderText {#text} at (82,4) size 322x19
            text run at (82,4) width 322: "Right fixed width div inside align=left div"
        RenderBlock {CENTER} at (6,114) size 408x27 [border: (2px solid #0000FF)]
          RenderText {#text} at (29,4) size 350x19
            text run at (29,4) width 350: "Center tag (fixed width) inside align=left div"
        RenderTable {TABLE} at (6,141) size 400x29 [border: (2px solid #0000FF)]
          RenderTableSection {TBODY} at (2,2) size 396x25
            RenderTableRow {TR} at (0,2) size 396x21
              RenderTableCell {TD} at (2,2) size 392x21 [r=0 c=0 rs=1 cs=1]
                RenderText {#text} at (1,1) size 109x19
                  text run at (1,1) width 109: "Normal table."
        RenderTable {TABLE} at (282,170) size 400x29 [border: (2px solid #0000FF)]
          RenderTableSection {TBODY} at (2,2) size 396x25
            RenderTableRow {TR} at (0,2) size 396x21
              RenderTableCell {TD} at (2,2) size 392x21 [r=0 c=0 rs=1 cs=1]
                RenderText {#text} at (1,1) size 167x19
                  text run at (1,1) width 167: "Center aligned table."
        RenderTable {TABLE} at (8,199) size 400x29 [border: (2px solid #0000FF)]
          RenderTableSection {TBODY} at (2,2) size 396x25
            RenderTableRow {TR} at (0,2) size 396x21
              RenderTableCell {TD} at (2,2) size 392x21 [r=0 c=0 rs=1 cs=1]
                RenderText {#text} at (1,1) size 230x19
                  text run at (1,1) width 230: "Center table (fixed margins)."
      RenderBlock {DIV} at (0,955) size 964x234 [border: (4px solid #008000)]
        RenderBlock {DIV} at (6,6) size 952x27 [border: (2px solid #0000FF)]
          RenderText {#text} at (336,4) size 280x19
            text run at (336,4) width 280: "Normal div inside align= center div"
        RenderBlock {DIV} at (6,33) size 952x27 [border: (2px solid #0000FF)]
          RenderText {#text} at (4,4) size 246x19
            text run at (4,4) width 246: "Left div inside align=center div"
        RenderBlock {DIV} at (6,60) size 952x27 [border: (2px solid #0000FF)]
          RenderText {#text} at (341,4) size 270x19
            text run at (341,4) width 270: "Center div inside align=center div"
        RenderBlock {DIV} at (6,87) size 952x27 [border: (2px solid #0000FF)]
          RenderText {#text} at (692,4) size 256x19
            text run at (692,4) width 256: "Right div inside align=center div"
        RenderBlock {CENTER} at (6,114) size 952x27 [border: (2px solid #0000FF)]
          RenderText {#text} at (340,4) size 272x19
            text run at (340,4) width 272: "Center tag inside align=center div"
        RenderTable {TABLE} at (422,141) size 119x29 [border: (2px solid #0000FF)]
          RenderTableSection {TBODY} at (2,2) size 115x25
            RenderTableRow {TR} at (0,2) size 115x21
              RenderTableCell {TD} at (2,2) size 111x21 [r=0 c=0 rs=1 cs=1]
                RenderText {#text} at (1,1) size 109x19
                  text run at (1,1) width 109: "Normal table."
        RenderTable {TABLE} at (393,170) size 177x29 [border: (2px solid #0000FF)]
          RenderTableSection {TBODY} at (2,2) size 173x25
            RenderTableRow {TR} at (0,2) size 173x21
              RenderTableCell {TD} at (2,2) size 169x21 [r=0 c=0 rs=1 cs=1]
                RenderText {#text} at (1,1) size 167x19
                  text run at (1,1) width 167: "Center aligned table."
        RenderTable {TABLE} at (362,199) size 240x29 [border: (2px solid #0000FF)]
          RenderTableSection {TBODY} at (2,2) size 236x25
            RenderTableRow {TR} at (0,2) size 236x21
              RenderTableCell {TD} at (2,2) size 232x21 [r=0 c=0 rs=1 cs=1]
                RenderText {#text} at (1,1) size 230x19
                  text run at (1,1) width 230: "Center table (fixed margins)."
      RenderBlock {DIV} at (0,1189) size 964x326 [border: (4px solid #800080)]
        RenderBlock {DIV} at (278,6) size 408x27 [border: (2px solid #0000FF)]
          RenderText {#text} at (21,4) size 366x19
            text run at (21,4) width 366: "Normal fixed width div inside align=center div"
        RenderBlock {DIV} at (550,33) size 408x46 [border: (2px solid #0000FF)]
          RenderText {#text} at (16,4) size 376x38
            text run at (16,4) width 376: "Normal fixed width div (auto left margin) inside"
            text run at (138,23) width 132: "align=center div"
        RenderBlock {DIV} at (6,79) size 408x46 [border: (2px solid #0000FF)]
          RenderText {#text} at (10,4) size 388x38
            text run at (10,4) width 388: "Normal fixed width div (auto right margin) inside"
            text run at (138,23) width 132: "align=center div"
        RenderBlock {DIV} at (278,125) size 408x27 [border: (2px solid #0000FF)]
          RenderText {#text} at (4,4) size 338x19
            text run at (4,4) width 338: "Left fixed width div inside align=center div"
        RenderBlock {DIV} at (278,152) size 408x27 [border: (2px solid #0000FF)]
          RenderText {#text} at (23,4) size 362x19
            text run at (23,4) width 362: "Center fixed width div inside align=center div"
        RenderBlock {DIV} at (278,179) size 408x27 [border: (2px solid #0000FF)]
          RenderText {#text} at (56,4) size 348x19
            text run at (56,4) width 348: "Right fixed width div inside align=center div"
        RenderBlock {CENTER} at (278,206) size 408x27 [border: (2px solid #0000FF)]
          RenderText {#text} at (16,4) size 376x19
            text run at (16,4) width 376: "Center tag (fixed width) inside align=center div"
        RenderTable {TABLE} at (282,233) size 400x29 [border: (2px solid #0000FF)]
          RenderTableSection {TBODY} at (2,2) size 396x25
            RenderTableRow {TR} at (0,2) size 396x21
              RenderTableCell {TD} at (2,2) size 392x21 [r=0 c=0 rs=1 cs=1]
                RenderText {#text} at (1,1) size 109x19
                  text run at (1,1) width 109: "Normal table."
        RenderTable {TABLE} at (282,262) size 400x29 [border: (2px solid #0000FF)]
          RenderTableSection {TBODY} at (2,2) size 396x25
            RenderTableRow {TR} at (0,2) size 396x21
              RenderTableCell {TD} at (2,2) size 392x21 [r=0 c=0 rs=1 cs=1]
                RenderText {#text} at (1,1) size 167x19
                  text run at (1,1) width 167: "Center aligned table."
        RenderTable {TABLE} at (282,291) size 400x29 [border: (2px solid #0000FF)]
          RenderTableSection {TBODY} at (2,2) size 396x25
            RenderTableRow {TR} at (0,2) size 396x21
              RenderTableCell {TD} at (2,2) size 392x21 [r=0 c=0 rs=1 cs=1]
                RenderText {#text} at (1,1) size 230x19
                  text run at (1,1) width 230: "Center table (fixed margins)."
      RenderBlock {DIV} at (0,1515) size 964x234 [border: (4px solid #008000)]
        RenderBlock {DIV} at (6,6) size 952x27 [border: (2px solid #0000FF)]
          RenderText {#text} at (689,4) size 259x19
            text run at (689,4) width 259: "Normal div inside align=right div"
        RenderBlock {DIV} at (6,33) size 952x27 [border: (2px solid #0000FF)]
          RenderText {#text} at (4,4) size 231x19
            text run at (4,4) width 231: "Left div inside align=right div"
        RenderBlock {DIV} at (6,60) size 952x27 [border: (2px solid #0000FF)]
          RenderText {#text} at (349,4) size 254x19
            text run at (349,4) width 254: "Center div inside align=right div"
        RenderBlock {DIV} at (6,87) size 952x27 [border: (2px solid #0000FF)]
          RenderText {#text} at (707,4) size 241x19
            text run at (707,4) width 241: "Right div inside align=right div"
        RenderBlock {CENTER} at (6,114) size 952x27 [border: (2px solid #0000FF)]
          RenderText {#text} at (347,4) size 258x19
            text run at (347,4) width 258: "Center tag inside align=right div"
        RenderTable {TABLE} at (839,141) size 119x29 [border: (2px solid #0000FF)]
          RenderTableSection {TBODY} at (2,2) size 115x25
            RenderTableRow {TR} at (0,2) size 115x21
              RenderTableCell {TD} at (2,2) size 111x21 [r=0 c=0 rs=1 cs=1]
                RenderText {#text} at (1,1) size 109x19
                  text run at (1,1) width 109: "Normal table."
        RenderTable {TABLE} at (393,170) size 177x29 [border: (2px solid #0000FF)]
          RenderTableSection {TBODY} at (2,2) size 173x25
            RenderTableRow {TR} at (0,2) size 173x21
              RenderTableCell {TD} at (2,2) size 169x21 [r=0 c=0 rs=1 cs=1]
                RenderText {#text} at (1,1) size 167x19
                  text run at (1,1) width 167: "Center aligned table."
        RenderTable {TABLE} at (716,199) size 240x29 [border: (2px solid #0000FF)]
          RenderTableSection {TBODY} at (2,2) size 236x25
            RenderTableRow {TR} at (0,2) size 236x21
              RenderTableCell {TD} at (2,2) size 232x21 [r=0 c=0 rs=1 cs=1]
                RenderText {#text} at (1,1) size 230x19
                  text run at (1,1) width 230: "Center table (fixed margins)."
      RenderBlock {DIV} at (0,1749) size 964x234 [border: (4px solid #800080)]
        RenderBlock {DIV} at (550,6) size 408x27 [border: (2px solid #0000FF)]
          RenderText {#text} at (53,4) size 351x19
            text run at (53,4) width 351: "Normal fixed width div inside align=right div"
        RenderBlock {DIV} at (550,33) size 408x27 [border: (2px solid #0000FF)]
          RenderText {#text} at (4,4) size 323x19
            text run at (4,4) width 323: "Left fixed width div inside align=right div"
        RenderBlock {DIV} at (550,60) size 408x27 [border: (2px solid #0000FF)]
          RenderText {#text} at (31,4) size 346x19
            text run at (31,4) width 346: "Center fixed width div inside align=right div"
        RenderBlock {DIV} at (550,87) size 408x27 [border: (2px solid #0000FF)]
          RenderText {#text} at (71,4) size 333x19
            text run at (71,4) width 333: "Right fixed width div inside align=right div"
        RenderBlock {CENTER} at (550,114) size 408x27 [border: (2px solid #0000FF)]
          RenderText {#text} at (23,4) size 362x19
            text run at (23,4) width 362: "Center tag (fixed width) inside align=right div"
        RenderTable {TABLE} at (558,141) size 400x29 [border: (2px solid #0000FF)]
          RenderTableSection {TBODY} at (2,2) size 396x25
            RenderTableRow {TR} at (0,2) size 396x21
              RenderTableCell {TD} at (2,2) size 392x21 [r=0 c=0 rs=1 cs=1]
                RenderText {#text} at (1,1) size 109x19
                  text run at (1,1) width 109: "Normal table."
        RenderTable {TABLE} at (282,170) size 400x29 [border: (2px solid #0000FF)]
          RenderTableSection {TBODY} at (2,2) size 396x25
            RenderTableRow {TR} at (0,2) size 396x21
              RenderTableCell {TD} at (2,2) size 392x21 [r=0 c=0 rs=1 cs=1]
                RenderText {#text} at (1,1) size 167x19
                  text run at (1,1) width 167: "Center aligned table."
        RenderTable {TABLE} at (556,199) size 400x29 [border: (2px solid #0000FF)]
          RenderTableSection {TBODY} at (2,2) size 396x25
            RenderTableRow {TR} at (0,2) size 396x21
              RenderTableCell {TD} at (2,2) size 392x21 [r=0 c=0 rs=1 cs=1]
                RenderText {#text} at (1,1) size 230x19
                  text run at (1,1) width 230: "Center table (fixed margins)."
      RenderBlock {P} at (0,1999) size 964x19
        RenderText {#text} at (0,0) size 442x19
          text run at (0,0) width 442: "This is a test using TABLE cells (all in the LTR direction)."
      RenderTable {TABLE} at (0,2034) size 964x240 [border: (2px solid #0000FF)]
        RenderTableSection {TBODY} at (2,2) size 960x236
          RenderTableRow {TR} at (0,2) size 960x232
            RenderTableCell {TD} at (2,2) size 956x232 [border: (4px solid #008000)] [r=0 c=0 rs=1 cs=1]
              RenderBlock {DIV} at (5,5) size 946x27 [border: (2px solid #0000FF)]
                RenderText {#text} at (4,4) size 221x19
                  text run at (4,4) width 221: "Normal div inside normal td"
              RenderBlock {DIV} at (5,32) size 946x27 [border: (2px solid #0000FF)]
                RenderText {#text} at (4,4) size 193x19
                  text run at (4,4) width 193: "Left div inside normal td"
              RenderBlock {DIV} at (5,59) size 946x27 [border: (2px solid #0000FF)]
                RenderText {#text} at (365,4) size 216x19
                  text run at (365,4) width 216: "Center div inside normal td"
              RenderBlock {DIV} at (5,86) size 946x27 [border: (2px solid #0000FF)]
                RenderText {#text} at (739,4) size 203x19
                  text run at (739,4) width 203: "Right div inside normal td"
              RenderBlock {CENTER} at (5,113) size 946x27 [border: (2px solid #0000FF)]
                RenderText {#text} at (363,4) size 220x19
                  text run at (363,4) width 220: "Center tag inside normal td"
              RenderTable {TABLE} at (5,140) size 119x29 [border: (2px solid #0000FF)]
                RenderTableSection {TBODY} at (2,2) size 115x25
                  RenderTableRow {TR} at (0,2) size 115x21
                    RenderTableCell {TD} at (2,2) size 111x21 [r=0 c=0 rs=1 cs=1]
                      RenderText {#text} at (1,1) size 109x19
                        text run at (1,1) width 109: "Normal table."
              RenderTable {TABLE} at (389,169) size 177x29 [border: (2px solid #0000FF)]
                RenderTableSection {TBODY} at (2,2) size 173x25
                  RenderTableRow {TR} at (0,2) size 173x21
                    RenderTableCell {TD} at (2,2) size 169x21 [r=0 c=0 rs=1 cs=1]
                      RenderText {#text} at (1,1) size 167x19
                        text run at (1,1) width 167: "Center aligned table."
              RenderTable {TABLE} at (7,198) size 240x29 [border: (2px solid #0000FF)]
                RenderTableSection {TBODY} at (2,2) size 236x25
                  RenderTableRow {TR} at (0,2) size 236x21
                    RenderTableCell {TD} at (2,2) size 232x21 [r=0 c=0 rs=1 cs=1]
                      RenderText {#text} at (1,1) size 230x19
                        text run at (1,1) width 230: "Center table (fixed margins)."
      RenderTable {TABLE} at (0,2274) size 964x240 [border: (2px solid #0000FF)]
        RenderTableSection {TBODY} at (2,2) size 960x236
          RenderTableRow {TR} at (0,2) size 960x232
            RenderTableCell {TD} at (2,2) size 956x232 [border: (4px solid #800080)] [r=0 c=0 rs=1 cs=1]
              RenderBlock {DIV} at (5,5) size 408x27 [border: (2px solid #0000FF)]
                RenderText {#text} at (4,4) size 313x19
                  text run at (4,4) width 313: "Normal fixed width div inside normal td"
              RenderBlock {DIV} at (5,32) size 408x27 [border: (2px solid #0000FF)]
                RenderText {#text} at (4,4) size 285x19
                  text run at (4,4) width 285: "Left fixed width div inside normal td"
              RenderBlock {DIV} at (5,59) size 408x27 [border: (2px solid #0000FF)]
                RenderText {#text} at (50,4) size 308x19
                  text run at (50,4) width 308: "Center fixed width div inside normal td"
              RenderBlock {DIV} at (5,86) size 408x27 [border: (2px solid #0000FF)]
                RenderText {#text} at (109,4) size 295x19
                  text run at (109,4) width 295: "Right fixed width div inside normal td"
              RenderBlock {CENTER} at (5,113) size 408x27 [border: (2px solid #0000FF)]
                RenderText {#text} at (42,4) size 324x19
                  text run at (42,4) width 324: "Center tag (fixed width) inside normal td"
              RenderTable {TABLE} at (5,140) size 400x29 [border: (2px solid #0000FF)]
                RenderTableSection {TBODY} at (2,2) size 396x25
                  RenderTableRow {TR} at (0,2) size 396x21
                    RenderTableCell {TD} at (2,2) size 392x21 [r=0 c=0 rs=1 cs=1]
                      RenderText {#text} at (1,1) size 109x19
                        text run at (1,1) width 109: "Normal table."
              RenderTable {TABLE} at (278,169) size 400x29 [border: (2px solid #0000FF)]
                RenderTableSection {TBODY} at (2,2) size 396x25
                  RenderTableRow {TR} at (0,2) size 396x21
                    RenderTableCell {TD} at (2,2) size 392x21 [r=0 c=0 rs=1 cs=1]
                      RenderText {#text} at (1,1) size 167x19
                        text run at (1,1) width 167: "Center aligned table."
              RenderTable {TABLE} at (7,198) size 400x29 [border: (2px solid #0000FF)]
                RenderTableSection {TBODY} at (2,2) size 396x25
                  RenderTableRow {TR} at (0,2) size 396x21
                    RenderTableCell {TD} at (2,2) size 392x21 [r=0 c=0 rs=1 cs=1]
                      RenderText {#text} at (1,1) size 230x19
                        text run at (1,1) width 230: "Center table (fixed margins)."
      RenderTable {TABLE} at (0,2514) size 964x240 [border: (2px solid #0000FF)]
        RenderTableSection {TBODY} at (2,2) size 960x236
          RenderTableRow {TR} at (0,2) size 960x232
            RenderTableCell {TD} at (2,2) size 956x232 [border: (4px solid #008000)] [r=0 c=0 rs=1 cs=1]
              RenderBlock {DIV} at (5,5) size 946x27 [border: (2px solid #0000FF)]
                RenderText {#text} at (4,4) size 241x19
                  text run at (4,4) width 241: "Normal div inside align=left td"
              RenderBlock {DIV} at (5,32) size 946x27 [border: (2px solid #0000FF)]
                RenderText {#text} at (4,4) size 213x19
                  text run at (4,4) width 213: "Left div inside align=left td"
              RenderBlock {DIV} at (5,59) size 946x27 [border: (2px solid #0000FF)]
                RenderText {#text} at (355,4) size 236x19
                  text run at (355,4) width 236: "Center div inside align=left td"
              RenderBlock {DIV} at (5,86) size 946x27 [border: (2px solid #0000FF)]
                RenderText {#text} at (719,4) size 223x19
                  text run at (719,4) width 223: "Right div inside align=left td"
              RenderBlock {CENTER} at (5,113) size 946x27 [border: (2px solid #0000FF)]
                RenderText {#text} at (353,4) size 240x19
                  text run at (353,4) width 240: "Center tag inside align=left td"
              RenderTable {TABLE} at (5,140) size 119x29 [border: (2px solid #0000FF)]
                RenderTableSection {TBODY} at (2,2) size 115x25
                  RenderTableRow {TR} at (0,2) size 115x21
                    RenderTableCell {TD} at (2,2) size 111x21 [r=0 c=0 rs=1 cs=1]
                      RenderText {#text} at (1,1) size 109x19
                        text run at (1,1) width 109: "Normal table."
              RenderTable {TABLE} at (389,169) size 177x29 [border: (2px solid #0000FF)]
                RenderTableSection {TBODY} at (2,2) size 173x25
                  RenderTableRow {TR} at (0,2) size 173x21
                    RenderTableCell {TD} at (2,2) size 169x21 [r=0 c=0 rs=1 cs=1]
                      RenderText {#text} at (1,1) size 167x19
                        text run at (1,1) width 167: "Center aligned table."
              RenderTable {TABLE} at (7,198) size 240x29 [border: (2px solid #0000FF)]
                RenderTableSection {TBODY} at (2,2) size 236x25
                  RenderTableRow {TR} at (0,2) size 236x21
                    RenderTableCell {TD} at (2,2) size 232x21 [r=0 c=0 rs=1 cs=1]
                      RenderText {#text} at (1,1) size 230x19
                        text run at (1,1) width 230: "Center table (fixed margins)."
      RenderTable {TABLE} at (0,2754) size 964x240 [border: (2px solid #0000FF)]
        RenderTableSection {TBODY} at (2,2) size 960x236
          RenderTableRow {TR} at (0,2) size 960x232
            RenderTableCell {TD} at (2,2) size 956x232 [border: (4px solid #800080)] [r=0 c=0 rs=1 cs=1]
              RenderBlock {DIV} at (5,5) size 408x27 [border: (2px solid #0000FF)]
                RenderText {#text} at (4,4) size 333x19
                  text run at (4,4) width 333: "Normal fixed width div inside align=left td"
              RenderBlock {DIV} at (5,32) size 408x27 [border: (2px solid #0000FF)]
                RenderText {#text} at (4,4) size 305x19
                  text run at (4,4) width 305: "Left fixed width div inside align=left td"
              RenderBlock {DIV} at (5,59) size 408x27 [border: (2px solid #0000FF)]
                RenderText {#text} at (40,4) size 328x19
                  text run at (40,4) width 328: "Center fixed width div inside align=left td"
              RenderBlock {DIV} at (5,86) size 408x27 [border: (2px solid #0000FF)]
                RenderText {#text} at (89,4) size 315x19
                  text run at (89,4) width 315: "Right fixed width div inside align=left td"
              RenderBlock {CENTER} at (5,113) size 408x27 [border: (2px solid #0000FF)]
                RenderText {#text} at (32,4) size 344x19
                  text run at (32,4) width 344: "Center tag (fixed width) inside align=left td"
              RenderTable {TABLE} at (5,140) size 400x29 [border: (2px solid #0000FF)]
                RenderTableSection {TBODY} at (2,2) size 396x25
                  RenderTableRow {TR} at (0,2) size 396x21
                    RenderTableCell {TD} at (2,2) size 392x21 [r=0 c=0 rs=1 cs=1]
                      RenderText {#text} at (1,1) size 109x19
                        text run at (1,1) width 109: "Normal table."
              RenderTable {TABLE} at (278,169) size 400x29 [border: (2px solid #0000FF)]
                RenderTableSection {TBODY} at (2,2) size 396x25
                  RenderTableRow {TR} at (0,2) size 396x21
                    RenderTableCell {TD} at (2,2) size 392x21 [r=0 c=0 rs=1 cs=1]
                      RenderText {#text} at (1,1) size 167x19
                        text run at (1,1) width 167: "Center aligned table."
              RenderTable {TABLE} at (7,198) size 400x29 [border: (2px solid #0000FF)]
                RenderTableSection {TBODY} at (2,2) size 396x25
                  RenderTableRow {TR} at (0,2) size 396x21
                    RenderTableCell {TD} at (2,2) size 392x21 [r=0 c=0 rs=1 cs=1]
                      RenderText {#text} at (1,1) size 230x19
                        text run at (1,1) width 230: "Center table (fixed margins)."
      RenderTable {TABLE} at (0,2994) size 964x240 [border: (2px solid #0000FF)]
        RenderTableSection {TBODY} at (2,2) size 960x236
          RenderTableRow {TR} at (0,2) size 960x232
            RenderTableCell {TD} at (2,2) size 956x232 [border: (4px solid #008000)] [r=0 c=0 rs=1 cs=1]
              RenderBlock {DIV} at (5,5) size 946x27 [border: (2px solid #0000FF)]
                RenderText {#text} at (337,4) size 272x19
                  text run at (337,4) width 272: "Normal div inside align= center td"
              RenderBlock {DIV} at (5,32) size 946x27 [border: (2px solid #0000FF)]
                RenderText {#text} at (4,4) size 239x19
                  text run at (4,4) width 239: "Left div inside align=center td"
              RenderBlock {DIV} at (5,59) size 946x27 [border: (2px solid #0000FF)]
                RenderText {#text} at (342,4) size 262x19
                  text run at (342,4) width 262: "Center div inside align=center td"
              RenderBlock {DIV} at (5,86) size 946x27 [border: (2px solid #0000FF)]
                RenderText {#text} at (693,4) size 249x19
                  text run at (693,4) width 249: "Right div inside align=center td"
              RenderBlock {CENTER} at (5,113) size 946x27 [border: (2px solid #0000FF)]
                RenderText {#text} at (340,4) size 266x19
                  text run at (340,4) width 266: "Center tag inside align=center td"
              RenderTable {TABLE} at (418,140) size 119x29 [border: (2px solid #0000FF)]
                RenderTableSection {TBODY} at (2,2) size 115x25
                  RenderTableRow {TR} at (0,2) size 115x21
                    RenderTableCell {TD} at (2,2) size 111x21 [r=0 c=0 rs=1 cs=1]
                      RenderText {#text} at (1,1) size 109x19
                        text run at (1,1) width 109: "Normal table."
              RenderTable {TABLE} at (389,169) size 177x29 [border: (2px solid #0000FF)]
                RenderTableSection {TBODY} at (2,2) size 173x25
                  RenderTableRow {TR} at (0,2) size 173x21
                    RenderTableCell {TD} at (2,2) size 169x21 [r=0 c=0 rs=1 cs=1]
                      RenderText {#text} at (1,1) size 167x19
                        text run at (1,1) width 167: "Center aligned table."
              RenderTable {TABLE} at (358,198) size 240x29 [border: (2px solid #0000FF)]
                RenderTableSection {TBODY} at (2,2) size 236x25
                  RenderTableRow {TR} at (0,2) size 236x21
                    RenderTableCell {TD} at (2,2) size 232x21 [r=0 c=0 rs=1 cs=1]
                      RenderText {#text} at (1,1) size 230x19
                        text run at (1,1) width 230: "Center table (fixed margins)."
      RenderTable {TABLE} at (0,3234) size 964x240 [border: (2px solid #0000FF)]
        RenderTableSection {TBODY} at (2,2) size 960x236
          RenderTableRow {TR} at (0,2) size 960x232
            RenderTableCell {TD} at (2,2) size 956x232 [border: (4px solid #800080)] [r=0 c=0 rs=1 cs=1]
              RenderBlock {DIV} at (274,5) size 408x27 [border: (2px solid #0000FF)]
                RenderText {#text} at (24,4) size 360x19
                  text run at (24,4) width 360: "Normal fixed width div inside align=center td"
              RenderBlock {DIV} at (274,32) size 408x27 [border: (2px solid #0000FF)]
                RenderText {#text} at (4,4) size 331x19
                  text run at (4,4) width 331: "Left fixed width div inside align=center td"
              RenderBlock {DIV} at (274,59) size 408x27 [border: (2px solid #0000FF)]
                RenderText {#text} at (27,4) size 354x19
                  text run at (27,4) width 354: "Center fixed width div inside align=center td"
              RenderBlock {DIV} at (274,86) size 408x27 [border: (2px solid #0000FF)]
                RenderText {#text} at (63,4) size 341x19
                  text run at (63,4) width 341: "Right fixed width div inside align=center td"
              RenderBlock {CENTER} at (274,113) size 408x27 [border: (2px solid #0000FF)]
                RenderText {#text} at (19,4) size 370x19
                  text run at (19,4) width 370: "Center tag (fixed width) inside align=center td"
              RenderTable {TABLE} at (278,140) size 400x29 [border: (2px solid #0000FF)]
                RenderTableSection {TBODY} at (2,2) size 396x25
                  RenderTableRow {TR} at (0,2) size 396x21
                    RenderTableCell {TD} at (2,2) size 392x21 [r=0 c=0 rs=1 cs=1]
                      RenderText {#text} at (1,1) size 109x19
                        text run at (1,1) width 109: "Normal table."
              RenderTable {TABLE} at (278,169) size 400x29 [border: (2px solid #0000FF)]
                RenderTableSection {TBODY} at (2,2) size 396x25
                  RenderTableRow {TR} at (0,2) size 396x21
                    RenderTableCell {TD} at (2,2) size 392x21 [r=0 c=0 rs=1 cs=1]
                      RenderText {#text} at (1,1) size 167x19
                        text run at (1,1) width 167: "Center aligned table."
              RenderTable {TABLE} at (278,198) size 400x29 [border: (2px solid #0000FF)]
                RenderTableSection {TBODY} at (2,2) size 396x25
                  RenderTableRow {TR} at (0,2) size 396x21
                    RenderTableCell {TD} at (2,2) size 392x21 [r=0 c=0 rs=1 cs=1]
                      RenderText {#text} at (1,1) size 230x19
                        text run at (1,1) width 230: "Center table (fixed margins)."
      RenderTable {TABLE} at (0,3474) size 964x240 [border: (2px solid #0000FF)]
        RenderTableSection {TBODY} at (2,2) size 960x236
          RenderTableRow {TR} at (0,2) size 960x232
            RenderTableCell {TD} at (2,2) size 956x232 [border: (4px solid #008000)] [r=0 c=0 rs=1 cs=1]
              RenderBlock {DIV} at (5,5) size 946x27 [border: (2px solid #0000FF)]
                RenderText {#text} at (690,4) size 252x19
                  text run at (690,4) width 252: "Normal div inside align=right td"
              RenderBlock {DIV} at (5,32) size 946x27 [border: (2px solid #0000FF)]
                RenderText {#text} at (4,4) size 224x19
                  text run at (4,4) width 224: "Left div inside align=right td"
              RenderBlock {DIV} at (5,59) size 946x27 [border: (2px solid #0000FF)]
                RenderText {#text} at (349,4) size 248x19
                  text run at (349,4) width 248: "Center div inside align=right td"
              RenderBlock {DIV} at (5,86) size 946x27 [border: (2px solid #0000FF)]
                RenderText {#text} at (708,4) size 234x19
                  text run at (708,4) width 234: "Right div inside align=right td"
              RenderBlock {CENTER} at (5,113) size 946x27 [border: (2px solid #0000FF)]
                RenderText {#text} at (348,4) size 250x19
                  text run at (348,4) width 250: "Center tag inside align=right td"
              RenderTable {TABLE} at (832,140) size 119x29 [border: (2px solid #0000FF)]
                RenderTableSection {TBODY} at (2,2) size 115x25
                  RenderTableRow {TR} at (0,2) size 115x21
                    RenderTableCell {TD} at (2,2) size 111x21 [r=0 c=0 rs=1 cs=1]
                      RenderText {#text} at (1,1) size 109x19
                        text run at (1,1) width 109: "Normal table."
              RenderTable {TABLE} at (389,169) size 177x29 [border: (2px solid #0000FF)]
                RenderTableSection {TBODY} at (2,2) size 173x25
                  RenderTableRow {TR} at (0,2) size 173x21
                    RenderTableCell {TD} at (2,2) size 169x21 [r=0 c=0 rs=1 cs=1]
                      RenderText {#text} at (1,1) size 167x19
                        text run at (1,1) width 167: "Center aligned table."
              RenderTable {TABLE} at (709,198) size 240x29 [border: (2px solid #0000FF)]
                RenderTableSection {TBODY} at (2,2) size 236x25
                  RenderTableRow {TR} at (0,2) size 236x21
                    RenderTableCell {TD} at (2,2) size 232x21 [r=0 c=0 rs=1 cs=1]
                      RenderText {#text} at (1,1) size 230x19
                        text run at (1,1) width 230: "Center table (fixed margins)."
      RenderTable {TABLE} at (0,3714) size 964x240 [border: (2px solid #0000FF)]
        RenderTableSection {TBODY} at (2,2) size 960x236
          RenderTableRow {TR} at (0,2) size 960x232
            RenderTableCell {TD} at (2,2) size 956x232 [border: (4px solid #800080)] [r=0 c=0 rs=1 cs=1]
              RenderBlock {DIV} at (543,5) size 408x27 [border: (2px solid #0000FF)]
                RenderText {#text} at (60,4) size 344x19
                  text run at (60,4) width 344: "Normal fixed width div inside align=right td"
              RenderBlock {DIV} at (543,32) size 408x27 [border: (2px solid #0000FF)]
                RenderText {#text} at (4,4) size 316x19
                  text run at (4,4) width 316: "Left fixed width div inside align=right td"
              RenderBlock {DIV} at (543,59) size 408x27 [border: (2px solid #0000FF)]
                RenderText {#text} at (34,4) size 340x19
                  text run at (34,4) width 340: "Center fixed width div inside align=right td"
              RenderBlock {DIV} at (543,86) size 408x27 [border: (2px solid #0000FF)]
                RenderText {#text} at (78,4) size 326x19
                  text run at (78,4) width 326: "Right fixed width div inside align=right td"
              RenderBlock {CENTER} at (543,113) size 408x27 [border: (2px solid #0000FF)]
                RenderText {#text} at (27,4) size 354x19
                  text run at (27,4) width 354: "Center tag (fixed width) inside align=right td"
              RenderTable {TABLE} at (551,140) size 400x29 [border: (2px solid #0000FF)]
                RenderTableSection {TBODY} at (2,2) size 396x25
                  RenderTableRow {TR} at (0,2) size 396x21
                    RenderTableCell {TD} at (2,2) size 392x21 [r=0 c=0 rs=1 cs=1]
                      RenderText {#text} at (1,1) size 109x19
                        text run at (1,1) width 109: "Normal table."
              RenderTable {TABLE} at (278,169) size 400x29 [border: (2px solid #0000FF)]
                RenderTableSection {TBODY} at (2,2) size 396x25
                  RenderTableRow {TR} at (0,2) size 396x21
                    RenderTableCell {TD} at (2,2) size 392x21 [r=0 c=0 rs=1 cs=1]
                      RenderText {#text} at (1,1) size 167x19
                        text run at (1,1) width 167: "Center aligned table."
              RenderTable {TABLE} at (549,198) size 400x29 [border: (2px solid #0000FF)]
                RenderTableSection {TBODY} at (2,2) size 396x25
                  RenderTableRow {TR} at (0,2) size 396x21
                    RenderTableCell {TD} at (2,2) size 392x21 [r=0 c=0 rs=1 cs=1]
                      RenderText {#text} at (1,1) size 230x19
                        text run at (1,1) width 230: "Center table (fixed margins)."
      RenderBlock {DIV} at (0,3970) size 964x3866
        RenderBlock (anonymous) at (2,2) size 960x19
          RenderText {#text} at (418,0) size 542x19
            text run at (418,0) width 5 RTL: "."
            text run at (423,0) width 537: "This is a test of all the various HTML alignments using RTL direction"
        RenderBlock {DIV} at (2,21) size 960x234 [border: (4px solid #008000)]
          RenderBlock {DIV} at (6,6) size 948x27 [border: (2px solid #0000FF)]
            RenderText {#text} at (716,4) size 228x19
              text run at (716,4) width 228: "Normal div inside normal div"
          RenderBlock {DIV} at (6,33) size 948x27 [border: (2px solid #0000FF)]
            RenderText {#text} at (4,4) size 200x19
              text run at (4,4) width 200: "Left div inside normal div"
          RenderBlock {DIV} at (6,60) size 948x27 [border: (2px solid #0000FF)]
            RenderText {#text} at (362,4) size 224x19
              text run at (362,4) width 224: "Center div inside normal div"
          RenderBlock {DIV} at (6,87) size 948x27 [border: (2px solid #0000FF)]
            RenderText {#text} at (734,4) size 210x19
              text run at (734,4) width 210: "Right div inside normal div"
          RenderBlock {CENTER} at (6,114) size 948x27 [border: (2px solid #0000FF)]
            RenderText {#text} at (361,4) size 226x19
              text run at (361,4) width 226: "Center tag inside normal div"
          RenderTable {TABLE} at (835,141) size 119x29 [border: (2px solid #0000FF)]
            RenderTableSection {TBODY} at (2,2) size 115x25
              RenderTableRow {TR} at (0,2) size 115x21
                RenderTableCell {TD} at (2,2) size 111x21 [r=0 c=0 rs=1 cs=1]
                  RenderText {#text} at (1,1) size 109x19
                    text run at (1,1) width 5 RTL: "."
                    text run at (6,1) width 104: "Normal table"
          RenderTable {TABLE} at (392,170) size 177x29 [border: (2px solid #0000FF)]
            RenderTableSection {TBODY} at (2,2) size 173x25
              RenderTableRow {TR} at (0,2) size 173x21
                RenderTableCell {TD} at (2,2) size 169x21 [r=0 c=0 rs=1 cs=1]
                  RenderText {#text} at (1,1) size 167x19
                    text run at (1,1) width 5 RTL: "."
                    text run at (6,1) width 162: "Center aligned table"
          RenderTable {TABLE} at (712,199) size 240x29 [border: (2px solid #0000FF)]
            RenderTableSection {TBODY} at (2,2) size 236x25
              RenderTableRow {TR} at (0,2) size 236x21
                RenderTableCell {TD} at (2,2) size 232x21 [r=0 c=0 rs=1 cs=1]
                  RenderText {#text} at (1,1) size 230x19
                    text run at (1,1) width 11 RTL: ")."
                    text run at (12,1) width 219: "Center table (fixed margins"
        RenderBlock {DIV} at (2,255) size 960x234 [border: (4px solid #800080)]
          RenderBlock {DIV} at (546,6) size 408x27 [border: (2px solid #0000FF)]
            RenderText {#text} at (84,4) size 320x19
              text run at (84,4) width 320: "Normal fixed width div inside normal div"
          RenderBlock {DIV} at (546,33) size 408x27 [border: (2px solid #0000FF)]
            RenderText {#text} at (4,4) size 292x19
              text run at (4,4) width 292: "Left fixed width div inside normal div"
          RenderBlock {DIV} at (546,60) size 408x27 [border: (2px solid #0000FF)]
            RenderText {#text} at (46,4) size 316x19
              text run at (46,4) width 316: "Center fixed width div inside normal div"
          RenderBlock {DIV} at (546,87) size 408x27 [border: (2px solid #0000FF)]
            RenderText {#text} at (102,4) size 302x19
              text run at (102,4) width 302: "Right fixed width div inside normal div"
          RenderBlock {CENTER} at (546,114) size 408x27 [border: (2px solid #0000FF)]
            RenderText {#text} at (39,4) size 330x19
              text run at (39,4) width 330: "Center tag (fixed width) inside normal div"
          RenderTable {TABLE} at (554,141) size 400x29 [border: (2px solid #0000FF)]
            RenderTableSection {TBODY} at (2,2) size 396x25
              RenderTableRow {TR} at (0,2) size 396x21
                RenderTableCell {TD} at (2,2) size 392x21 [r=0 c=0 rs=1 cs=1]
                  RenderText {#text} at (282,1) size 109x19
                    text run at (282,1) width 5 RTL: "."
                    text run at (287,1) width 104: "Normal table"
          RenderTable {TABLE} at (280,170) size 400x29 [border: (2px solid #0000FF)]
            RenderTableSection {TBODY} at (2,2) size 396x25
              RenderTableRow {TR} at (0,2) size 396x21
                RenderTableCell {TD} at (2,2) size 392x21 [r=0 c=0 rs=1 cs=1]
                  RenderText {#text} at (224,1) size 167x19
                    text run at (224,1) width 5 RTL: "."
                    text run at (229,1) width 162: "Center aligned table"
          RenderTable {TABLE} at (552,199) size 400x29 [border: (2px solid #0000FF)]
            RenderTableSection {TBODY} at (2,2) size 396x25
              RenderTableRow {TR} at (0,2) size 396x21
                RenderTableCell {TD} at (2,2) size 392x21 [r=0 c=0 rs=1 cs=1]
                  RenderText {#text} at (161,1) size 230x19
                    text run at (161,1) width 11 RTL: ")."
                    text run at (172,1) width 219: "Center table (fixed margins"
        RenderBlock {DIV} at (2,489) size 960x234 [border: (4px solid #008000)]
          RenderBlock {DIV} at (6,6) size 948x27 [border: (2px solid #0000FF)]
            RenderText {#text} at (4,4) size 248x19
              text run at (4,4) width 248: "Normal div inside align=left div"
          RenderBlock {DIV} at (6,33) size 948x27 [border: (2px solid #0000FF)]
            RenderText {#text} at (4,4) size 220x19
              text run at (4,4) width 220: "Left div inside align=left div"
          RenderBlock {DIV} at (6,60) size 948x27 [border: (2px solid #0000FF)]
            RenderText {#text} at (352,4) size 244x19
              text run at (352,4) width 244: "Center div inside align=left div"
          RenderBlock {DIV} at (6,87) size 948x27 [border: (2px solid #0000FF)]
            RenderText {#text} at (714,4) size 230x19
              text run at (714,4) width 230: "Right div inside align=left div"
          RenderBlock {CENTER} at (6,114) size 948x27 [border: (2px solid #0000FF)]
            RenderText {#text} at (351,4) size 246x19
              text run at (351,4) width 246: "Center tag inside align=left div"
          RenderTable {TABLE} at (6,141) size 119x29 [border: (2px solid #0000FF)]
            RenderTableSection {TBODY} at (2,2) size 115x25
              RenderTableRow {TR} at (0,2) size 115x21
                RenderTableCell {TD} at (2,2) size 111x21 [r=0 c=0 rs=1 cs=1]
                  RenderText {#text} at (1,1) size 109x19
                    text run at (1,1) width 5 RTL: "."
                    text run at (6,1) width 104: "Normal table"
          RenderTable {TABLE} at (392,170) size 177x29 [border: (2px solid #0000FF)]
            RenderTableSection {TBODY} at (2,2) size 173x25
              RenderTableRow {TR} at (0,2) size 173x21
                RenderTableCell {TD} at (2,2) size 169x21 [r=0 c=0 rs=1 cs=1]
                  RenderText {#text} at (1,1) size 167x19
                    text run at (1,1) width 5 RTL: "."
                    text run at (6,1) width 162: "Center aligned table"
          RenderTable {TABLE} at (8,199) size 240x29 [border: (2px solid #0000FF)]
            RenderTableSection {TBODY} at (2,2) size 236x25
              RenderTableRow {TR} at (0,2) size 236x21
                RenderTableCell {TD} at (2,2) size 232x21 [r=0 c=0 rs=1 cs=1]
                  RenderText {#text} at (1,1) size 230x19
                    text run at (1,1) width 11 RTL: ")."
                    text run at (12,1) width 219: "Center table (fixed margins"
        RenderBlock {DIV} at (2,723) size 960x234 [border: (4px solid #800080)]
          RenderBlock {DIV} at (6,6) size 408x27 [border: (2px solid #0000FF)]
            RenderText {#text} at (4,4) size 340x19
              text run at (4,4) width 340: "Normal fixed width div inside align=left div"
          RenderBlock {DIV} at (6,33) size 408x27 [border: (2px solid #0000FF)]
            RenderText {#text} at (4,4) size 312x19
              text run at (4,4) width 312: "Left fixed width div inside align=left div"
          RenderBlock {DIV} at (6,60) size 408x27 [border: (2px solid #0000FF)]
            RenderText {#text} at (36,4) size 336x19
              text run at (36,4) width 336: "Center fixed width div inside align=left div"
          RenderBlock {DIV} at (6,87) size 408x27 [border: (2px solid #0000FF)]
            RenderText {#text} at (82,4) size 322x19
              text run at (82,4) width 322: "Right fixed width div inside align=left div"
          RenderBlock {CENTER} at (6,114) size 408x27 [border: (2px solid #0000FF)]
            RenderText {#text} at (29,4) size 350x19
              text run at (29,4) width 350: "Center tag (fixed width) inside align=left div"
          RenderTable {TABLE} at (6,141) size 400x29 [border: (2px solid #0000FF)]
            RenderTableSection {TBODY} at (2,2) size 396x25
              RenderTableRow {TR} at (0,2) size 396x21
                RenderTableCell {TD} at (2,2) size 392x21 [r=0 c=0 rs=1 cs=1]
                  RenderText {#text} at (282,1) size 109x19
                    text run at (282,1) width 5 RTL: "."
                    text run at (287,1) width 104: "Normal table"
          RenderTable {TABLE} at (280,170) size 400x29 [border: (2px solid #0000FF)]
            RenderTableSection {TBODY} at (2,2) size 396x25
              RenderTableRow {TR} at (0,2) size 396x21
                RenderTableCell {TD} at (2,2) size 392x21 [r=0 c=0 rs=1 cs=1]
                  RenderText {#text} at (224,1) size 167x19
                    text run at (224,1) width 5 RTL: "."
                    text run at (229,1) width 162: "Center aligned table"
          RenderTable {TABLE} at (8,199) size 400x29 [border: (2px solid #0000FF)]
            RenderTableSection {TBODY} at (2,2) size 396x25
              RenderTableRow {TR} at (0,2) size 396x21
                RenderTableCell {TD} at (2,2) size 392x21 [r=0 c=0 rs=1 cs=1]
                  RenderText {#text} at (161,1) size 230x19
                    text run at (161,1) width 11 RTL: ")."
                    text run at (172,1) width 219: "Center table (fixed margins"
        RenderBlock {DIV} at (2,957) size 960x234 [border: (4px solid #008000)]
          RenderBlock {DIV} at (6,6) size 948x27 [border: (2px solid #0000FF)]
            RenderText {#text} at (334,4) size 280x19
              text run at (334,4) width 280: "Normal div inside align= center div"
          RenderBlock {DIV} at (6,33) size 948x27 [border: (2px solid #0000FF)]
            RenderText {#text} at (4,4) size 246x19
              text run at (4,4) width 246: "Left div inside align=center div"
          RenderBlock {DIV} at (6,60) size 948x27 [border: (2px solid #0000FF)]
            RenderText {#text} at (339,4) size 270x19
              text run at (339,4) width 270: "Center div inside align=center div"
          RenderBlock {DIV} at (6,87) size 948x27 [border: (2px solid #0000FF)]
            RenderText {#text} at (688,4) size 256x19
              text run at (688,4) width 256: "Right div inside align=center div"
          RenderBlock {CENTER} at (6,114) size 948x27 [border: (2px solid #0000FF)]
            RenderText {#text} at (338,4) size 272x19
              text run at (338,4) width 272: "Center tag inside align=center div"
          RenderTable {TABLE} at (421,141) size 119x29 [border: (2px solid #0000FF)]
            RenderTableSection {TBODY} at (2,2) size 115x25
              RenderTableRow {TR} at (0,2) size 115x21
                RenderTableCell {TD} at (2,2) size 111x21 [r=0 c=0 rs=1 cs=1]
                  RenderText {#text} at (1,1) size 109x19
                    text run at (1,1) width 5 RTL: "."
                    text run at (6,1) width 104: "Normal table"
          RenderTable {TABLE} at (392,170) size 177x29 [border: (2px solid #0000FF)]
            RenderTableSection {TBODY} at (2,2) size 173x25
              RenderTableRow {TR} at (0,2) size 173x21
                RenderTableCell {TD} at (2,2) size 169x21 [r=0 c=0 rs=1 cs=1]
                  RenderText {#text} at (1,1) size 167x19
                    text run at (1,1) width 5 RTL: "."
                    text run at (6,1) width 162: "Center aligned table"
          RenderTable {TABLE} at (360,199) size 240x29 [border: (2px solid #0000FF)]
            RenderTableSection {TBODY} at (2,2) size 236x25
              RenderTableRow {TR} at (0,2) size 236x21
                RenderTableCell {TD} at (2,2) size 232x21 [r=0 c=0 rs=1 cs=1]
                  RenderText {#text} at (1,1) size 230x19
                    text run at (1,1) width 11 RTL: ")."
                    text run at (12,1) width 219: "Center table (fixed margins"
        RenderBlock {DIV} at (2,1191) size 960x234 [border: (4px solid #800080)]
          RenderBlock {DIV} at (276,6) size 408x27 [border: (2px solid #0000FF)]
            RenderText {#text} at (21,4) size 366x19
              text run at (21,4) width 366: "Normal fixed width div inside align=center div"
          RenderBlock {DIV} at (276,33) size 408x27 [border: (2px solid #0000FF)]
            RenderText {#text} at (4,4) size 338x19
              text run at (4,4) width 338: "Left fixed width div inside align=center div"
          RenderBlock {DIV} at (276,60) size 408x27 [border: (2px solid #0000FF)]
            RenderText {#text} at (23,4) size 362x19
              text run at (23,4) width 362: "Center fixed width div inside align=center div"
          RenderBlock {DIV} at (276,87) size 408x27 [border: (2px solid #0000FF)]
            RenderText {#text} at (56,4) size 348x19
              text run at (56,4) width 348: "Right fixed width div inside align=center div"
          RenderBlock {CENTER} at (276,114) size 408x27 [border: (2px solid #0000FF)]
            RenderText {#text} at (16,4) size 376x19
              text run at (16,4) width 376: "Center tag (fixed width) inside align=center div"
          RenderTable {TABLE} at (280,141) size 400x29 [border: (2px solid #0000FF)]
            RenderTableSection {TBODY} at (2,2) size 396x25
              RenderTableRow {TR} at (0,2) size 396x21
                RenderTableCell {TD} at (2,2) size 392x21 [r=0 c=0 rs=1 cs=1]
                  RenderText {#text} at (282,1) size 109x19
                    text run at (282,1) width 5 RTL: "."
                    text run at (287,1) width 104: "Normal table"
          RenderTable {TABLE} at (280,170) size 400x29 [border: (2px solid #0000FF)]
            RenderTableSection {TBODY} at (2,2) size 396x25
              RenderTableRow {TR} at (0,2) size 396x21
                RenderTableCell {TD} at (2,2) size 392x21 [r=0 c=0 rs=1 cs=1]
                  RenderText {#text} at (224,1) size 167x19
                    text run at (224,1) width 5 RTL: "."
                    text run at (229,1) width 162: "Center aligned table"
          RenderTable {TABLE} at (280,199) size 400x29 [border: (2px solid #0000FF)]
            RenderTableSection {TBODY} at (2,2) size 396x25
              RenderTableRow {TR} at (0,2) size 396x21
                RenderTableCell {TD} at (2,2) size 392x21 [r=0 c=0 rs=1 cs=1]
                  RenderText {#text} at (161,1) size 230x19
                    text run at (161,1) width 11 RTL: ")."
                    text run at (172,1) width 219: "Center table (fixed margins"
        RenderBlock {DIV} at (2,1425) size 960x234 [border: (4px solid #008000)]
          RenderBlock {DIV} at (6,6) size 948x27 [border: (2px solid #0000FF)]
            RenderText {#text} at (685,4) size 259x19
              text run at (685,4) width 259: "Normal div inside align=right div"
          RenderBlock {DIV} at (6,33) size 948x27 [border: (2px solid #0000FF)]
            RenderText {#text} at (4,4) size 231x19
              text run at (4,4) width 231: "Left div inside align=right div"
          RenderBlock {DIV} at (6,60) size 948x27 [border: (2px solid #0000FF)]
            RenderText {#text} at (347,4) size 254x19
              text run at (347,4) width 254: "Center div inside align=right div"
          RenderBlock {DIV} at (6,87) size 948x27 [border: (2px solid #0000FF)]
            RenderText {#text} at (703,4) size 241x19
              text run at (703,4) width 241: "Right div inside align=right div"
          RenderBlock {CENTER} at (6,114) size 948x27 [border: (2px solid #0000FF)]
            RenderText {#text} at (345,4) size 258x19
              text run at (345,4) width 258: "Center tag inside align=right div"
          RenderTable {TABLE} at (835,141) size 119x29 [border: (2px solid #0000FF)]
            RenderTableSection {TBODY} at (2,2) size 115x25
              RenderTableRow {TR} at (0,2) size 115x21
                RenderTableCell {TD} at (2,2) size 111x21 [r=0 c=0 rs=1 cs=1]
                  RenderText {#text} at (1,1) size 109x19
                    text run at (1,1) width 5 RTL: "."
                    text run at (6,1) width 104: "Normal table"
          RenderTable {TABLE} at (392,170) size 177x29 [border: (2px solid #0000FF)]
            RenderTableSection {TBODY} at (2,2) size 173x25
              RenderTableRow {TR} at (0,2) size 173x21
                RenderTableCell {TD} at (2,2) size 169x21 [r=0 c=0 rs=1 cs=1]
                  RenderText {#text} at (1,1) size 167x19
                    text run at (1,1) width 5 RTL: "."
                    text run at (6,1) width 162: "Center aligned table"
          RenderTable {TABLE} at (712,199) size 240x29 [border: (2px solid #0000FF)]
            RenderTableSection {TBODY} at (2,2) size 236x25
              RenderTableRow {TR} at (0,2) size 236x21
                RenderTableCell {TD} at (2,2) size 232x21 [r=0 c=0 rs=1 cs=1]
                  RenderText {#text} at (1,1) size 230x19
                    text run at (1,1) width 11 RTL: ")."
                    text run at (12,1) width 219: "Center table (fixed margins"
        RenderBlock {DIV} at (2,1659) size 960x234 [border: (4px solid #800080)]
          RenderBlock {DIV} at (546,6) size 408x27 [border: (2px solid #0000FF)]
            RenderText {#text} at (53,4) size 351x19
              text run at (53,4) width 351: "Normal fixed width div inside align=right div"
          RenderBlock {DIV} at (546,33) size 408x27 [border: (2px solid #0000FF)]
            RenderText {#text} at (4,4) size 323x19
              text run at (4,4) width 323: "Left fixed width div inside align=right div"
          RenderBlock {DIV} at (546,60) size 408x27 [border: (2px solid #0000FF)]
            RenderText {#text} at (31,4) size 346x19
              text run at (31,4) width 346: "Center fixed width div inside align=right div"
          RenderBlock {DIV} at (546,87) size 408x27 [border: (2px solid #0000FF)]
            RenderText {#text} at (71,4) size 333x19
              text run at (71,4) width 333: "Right fixed width div inside align=right div"
          RenderBlock {CENTER} at (546,114) size 408x27 [border: (2px solid #0000FF)]
            RenderText {#text} at (23,4) size 362x19
              text run at (23,4) width 362: "Center tag (fixed width) inside align=right div"
          RenderTable {TABLE} at (554,141) size 400x29 [border: (2px solid #0000FF)]
            RenderTableSection {TBODY} at (2,2) size 396x25
              RenderTableRow {TR} at (0,2) size 396x21
                RenderTableCell {TD} at (2,2) size 392x21 [r=0 c=0 rs=1 cs=1]
                  RenderText {#text} at (282,1) size 109x19
                    text run at (282,1) width 5 RTL: "."
                    text run at (287,1) width 104: "Normal table"
          RenderTable {TABLE} at (280,170) size 400x29 [border: (2px solid #0000FF)]
            RenderTableSection {TBODY} at (2,2) size 396x25
              RenderTableRow {TR} at (0,2) size 396x21
                RenderTableCell {TD} at (2,2) size 392x21 [r=0 c=0 rs=1 cs=1]
                  RenderText {#text} at (224,1) size 167x19
                    text run at (224,1) width 5 RTL: "."
                    text run at (229,1) width 162: "Center aligned table"
          RenderTable {TABLE} at (552,199) size 400x29 [border: (2px solid #0000FF)]
            RenderTableSection {TBODY} at (2,2) size 396x25
              RenderTableRow {TR} at (0,2) size 396x21
                RenderTableCell {TD} at (2,2) size 392x21 [r=0 c=0 rs=1 cs=1]
                  RenderText {#text} at (161,1) size 230x19
                    text run at (161,1) width 11 RTL: ")."
                    text run at (172,1) width 219: "Center table (fixed margins"
        RenderBlock {P} at (2,1909) size 960x19
          RenderText {#text} at (518,0) size 442x19
            text run at (518,0) width 11 RTL: ")."
            text run at (529,0) width 431: "This is a test using TABLE cells (all in the RTL direction"
        RenderTable {TABLE} at (2,1944) size 960x240 [border: (2px solid #0000FF)]
          RenderTableSection {TBODY} at (2,2) size 956x236
            RenderTableRow {TR} at (0,2) size 956x232
              RenderTableCell {TD} at (2,2) size 952x232 [border: (4px solid #008000)] [r=0 c=0 rs=1 cs=1]
                RenderBlock {DIV} at (5,5) size 942x27 [border: (2px solid #0000FF)]
                  RenderText {#text} at (717,4) size 221x19
                    text run at (717,4) width 221: "Normal div inside normal td"
                RenderBlock {DIV} at (5,32) size 942x27 [border: (2px solid #0000FF)]
                  RenderText {#text} at (4,4) size 193x19
                    text run at (4,4) width 193: "Left div inside normal td"
                RenderBlock {DIV} at (5,59) size 942x27 [border: (2px solid #0000FF)]
                  RenderText {#text} at (363,4) size 216x19
                    text run at (363,4) width 216: "Center div inside normal td"
                RenderBlock {DIV} at (5,86) size 942x27 [border: (2px solid #0000FF)]
                  RenderText {#text} at (735,4) size 203x19
                    text run at (735,4) width 203: "Right div inside normal td"
                RenderBlock {CENTER} at (5,113) size 942x27 [border: (2px solid #0000FF)]
                  RenderText {#text} at (361,4) size 220x19
                    text run at (361,4) width 220: "Center tag inside normal td"
                RenderTable {TABLE} at (828,140) size 119x29 [border: (2px solid #0000FF)]
                  RenderTableSection {TBODY} at (2,2) size 115x25
                    RenderTableRow {TR} at (0,2) size 115x21
                      RenderTableCell {TD} at (2,2) size 111x21 [r=0 c=0 rs=1 cs=1]
                        RenderText {#text} at (1,1) size 109x19
                          text run at (1,1) width 5 RTL: "."
                          text run at (6,1) width 104: "Normal table"
                RenderTable {TABLE} at (388,169) size 177x29 [border: (2px solid #0000FF)]
                  RenderTableSection {TBODY} at (2,2) size 173x25
                    RenderTableRow {TR} at (0,2) size 173x21
                      RenderTableCell {TD} at (2,2) size 169x21 [r=0 c=0 rs=1 cs=1]
                        RenderText {#text} at (1,1) size 167x19
                          text run at (1,1) width 5 RTL: "."
                          text run at (6,1) width 162: "Center aligned table"
                RenderTable {TABLE} at (705,198) size 240x29 [border: (2px solid #0000FF)]
                  RenderTableSection {TBODY} at (2,2) size 236x25
                    RenderTableRow {TR} at (0,2) size 236x21
                      RenderTableCell {TD} at (2,2) size 232x21 [r=0 c=0 rs=1 cs=1]
                        RenderText {#text} at (1,1) size 230x19
                          text run at (1,1) width 11 RTL: ")."
                          text run at (12,1) width 219: "Center table (fixed margins"
        RenderTable {TABLE} at (2,2184) size 960x240 [border: (2px solid #0000FF)]
          RenderTableSection {TBODY} at (2,2) size 956x236
            RenderTableRow {TR} at (0,2) size 956x232
              RenderTableCell {TD} at (2,2) size 952x232 [border: (4px solid #800080)] [r=0 c=0 rs=1 cs=1]
                RenderBlock {DIV} at (539,5) size 408x27 [border: (2px solid #0000FF)]
                  RenderText {#text} at (91,4) size 313x19
                    text run at (91,4) width 313: "Normal fixed width div inside normal td"
                RenderBlock {DIV} at (539,32) size 408x27 [border: (2px solid #0000FF)]
                  RenderText {#text} at (4,4) size 285x19
                    text run at (4,4) width 285: "Left fixed width div inside normal td"
                RenderBlock {DIV} at (539,59) size 408x27 [border: (2px solid #0000FF)]
                  RenderText {#text} at (50,4) size 308x19
                    text run at (50,4) width 308: "Center fixed width div inside normal td"
                RenderBlock {DIV} at (539,86) size 408x27 [border: (2px solid #0000FF)]
                  RenderText {#text} at (109,4) size 295x19
                    text run at (109,4) width 295: "Right fixed width div inside normal td"
                RenderBlock {CENTER} at (539,113) size 408x27 [border: (2px solid #0000FF)]
                  RenderText {#text} at (42,4) size 324x19
                    text run at (42,4) width 324: "Center tag (fixed width) inside normal td"
                RenderTable {TABLE} at (547,140) size 400x29 [border: (2px solid #0000FF)]
                  RenderTableSection {TBODY} at (2,2) size 396x25
                    RenderTableRow {TR} at (0,2) size 396x21
                      RenderTableCell {TD} at (2,2) size 392x21 [r=0 c=0 rs=1 cs=1]
                        RenderText {#text} at (282,1) size 109x19
                          text run at (282,1) width 5 RTL: "."
                          text run at (287,1) width 104: "Normal table"
                RenderTable {TABLE} at (276,169) size 400x29 [border: (2px solid #0000FF)]
                  RenderTableSection {TBODY} at (2,2) size 396x25
                    RenderTableRow {TR} at (0,2) size 396x21
                      RenderTableCell {TD} at (2,2) size 392x21 [r=0 c=0 rs=1 cs=1]
                        RenderText {#text} at (224,1) size 167x19
                          text run at (224,1) width 5 RTL: "."
                          text run at (229,1) width 162: "Center aligned table"
                RenderTable {TABLE} at (545,198) size 400x29 [border: (2px solid #0000FF)]
                  RenderTableSection {TBODY} at (2,2) size 396x25
                    RenderTableRow {TR} at (0,2) size 396x21
                      RenderTableCell {TD} at (2,2) size 392x21 [r=0 c=0 rs=1 cs=1]
                        RenderText {#text} at (161,1) size 230x19
                          text run at (161,1) width 11 RTL: ")."
                          text run at (172,1) width 219: "Center table (fixed margins"
        RenderTable {TABLE} at (2,2424) size 960x240 [border: (2px solid #0000FF)]
          RenderTableSection {TBODY} at (2,2) size 956x236
            RenderTableRow {TR} at (0,2) size 956x232
              RenderTableCell {TD} at (2,2) size 952x232 [border: (4px solid #008000)] [r=0 c=0 rs=1 cs=1]
                RenderBlock {DIV} at (5,5) size 942x27 [border: (2px solid #0000FF)]
                  RenderText {#text} at (4,4) size 241x19
                    text run at (4,4) width 241: "Normal div inside align=left td"
                RenderBlock {DIV} at (5,32) size 942x27 [border: (2px solid #0000FF)]
                  RenderText {#text} at (4,4) size 213x19
                    text run at (4,4) width 213: "Left div inside align=left td"
                RenderBlock {DIV} at (5,59) size 942x27 [border: (2px solid #0000FF)]
                  RenderText {#text} at (353,4) size 236x19
                    text run at (353,4) width 236: "Center div inside align=left td"
                RenderBlock {DIV} at (5,86) size 942x27 [border: (2px solid #0000FF)]
                  RenderText {#text} at (715,4) size 223x19
                    text run at (715,4) width 223: "Right div inside align=left td"
                RenderBlock {CENTER} at (5,113) size 942x27 [border: (2px solid #0000FF)]
                  RenderText {#text} at (351,4) size 240x19
                    text run at (351,4) width 240: "Center tag inside align=left td"
                RenderTable {TABLE} at (5,140) size 119x29 [border: (2px solid #0000FF)]
                  RenderTableSection {TBODY} at (2,2) size 115x25
                    RenderTableRow {TR} at (0,2) size 115x21
                      RenderTableCell {TD} at (2,2) size 111x21 [r=0 c=0 rs=1 cs=1]
                        RenderText {#text} at (1,1) size 109x19
                          text run at (1,1) width 5 RTL: "."
                          text run at (6,1) width 104: "Normal table"
                RenderTable {TABLE} at (388,169) size 177x29 [border: (2px solid #0000FF)]
                  RenderTableSection {TBODY} at (2,2) size 173x25
                    RenderTableRow {TR} at (0,2) size 173x21
                      RenderTableCell {TD} at (2,2) size 169x21 [r=0 c=0 rs=1 cs=1]
                        RenderText {#text} at (1,1) size 167x19
                          text run at (1,1) width 5 RTL: "."
                          text run at (6,1) width 162: "Center aligned table"
                RenderTable {TABLE} at (7,198) size 240x29 [border: (2px solid #0000FF)]
                  RenderTableSection {TBODY} at (2,2) size 236x25
                    RenderTableRow {TR} at (0,2) size 236x21
                      RenderTableCell {TD} at (2,2) size 232x21 [r=0 c=0 rs=1 cs=1]
                        RenderText {#text} at (1,1) size 230x19
                          text run at (1,1) width 11 RTL: ")."
                          text run at (12,1) width 219: "Center table (fixed margins"
        RenderTable {TABLE} at (2,2664) size 960x240 [border: (2px solid #0000FF)]
          RenderTableSection {TBODY} at (2,2) size 956x236
            RenderTableRow {TR} at (0,2) size 956x232
              RenderTableCell {TD} at (2,2) size 952x232 [border: (4px solid #800080)] [r=0 c=0 rs=1 cs=1]
                RenderBlock {DIV} at (5,5) size 408x27 [border: (2px solid #0000FF)]
                  RenderText {#text} at (4,4) size 333x19
                    text run at (4,4) width 333: "Normal fixed width div inside align=left td"
                RenderBlock {DIV} at (5,32) size 408x27 [border: (2px solid #0000FF)]
                  RenderText {#text} at (4,4) size 305x19
                    text run at (4,4) width 305: "Left fixed width div inside align=left td"
                RenderBlock {DIV} at (5,59) size 408x27 [border: (2px solid #0000FF)]
                  RenderText {#text} at (40,4) size 328x19
                    text run at (40,4) width 328: "Center fixed width div inside align=left td"
                RenderBlock {DIV} at (5,86) size 408x27 [border: (2px solid #0000FF)]
                  RenderText {#text} at (89,4) size 315x19
                    text run at (89,4) width 315: "Right fixed width div inside align=left td"
                RenderBlock {CENTER} at (5,113) size 408x27 [border: (2px solid #0000FF)]
                  RenderText {#text} at (32,4) size 344x19
                    text run at (32,4) width 344: "Center tag (fixed width) inside align=left td"
                RenderTable {TABLE} at (5,140) size 400x29 [border: (2px solid #0000FF)]
                  RenderTableSection {TBODY} at (2,2) size 396x25
                    RenderTableRow {TR} at (0,2) size 396x21
                      RenderTableCell {TD} at (2,2) size 392x21 [r=0 c=0 rs=1 cs=1]
                        RenderText {#text} at (282,1) size 109x19
                          text run at (282,1) width 5 RTL: "."
                          text run at (287,1) width 104: "Normal table"
                RenderTable {TABLE} at (276,169) size 400x29 [border: (2px solid #0000FF)]
                  RenderTableSection {TBODY} at (2,2) size 396x25
                    RenderTableRow {TR} at (0,2) size 396x21
                      RenderTableCell {TD} at (2,2) size 392x21 [r=0 c=0 rs=1 cs=1]
                        RenderText {#text} at (224,1) size 167x19
                          text run at (224,1) width 5 RTL: "."
                          text run at (229,1) width 162: "Center aligned table"
                RenderTable {TABLE} at (7,198) size 400x29 [border: (2px solid #0000FF)]
                  RenderTableSection {TBODY} at (2,2) size 396x25
                    RenderTableRow {TR} at (0,2) size 396x21
                      RenderTableCell {TD} at (2,2) size 392x21 [r=0 c=0 rs=1 cs=1]
                        RenderText {#text} at (161,1) size 230x19
                          text run at (161,1) width 11 RTL: ")."
                          text run at (172,1) width 219: "Center table (fixed margins"
        RenderTable {TABLE} at (2,2904) size 960x240 [border: (2px solid #0000FF)]
          RenderTableSection {TBODY} at (2,2) size 956x236
            RenderTableRow {TR} at (0,2) size 956x232
              RenderTableCell {TD} at (2,2) size 952x232 [border: (4px solid #008000)] [r=0 c=0 rs=1 cs=1]
                RenderBlock {DIV} at (5,5) size 942x27 [border: (2px solid #0000FF)]
                  RenderText {#text} at (335,4) size 272x19
                    text run at (335,4) width 272: "Normal div inside align= center td"
                RenderBlock {DIV} at (5,32) size 942x27 [border: (2px solid #0000FF)]
                  RenderText {#text} at (4,4) size 239x19
                    text run at (4,4) width 239: "Left div inside align=center td"
                RenderBlock {DIV} at (5,59) size 942x27 [border: (2px solid #0000FF)]
                  RenderText {#text} at (340,4) size 262x19
                    text run at (340,4) width 262: "Center div inside align=center td"
                RenderBlock {DIV} at (5,86) size 942x27 [border: (2px solid #0000FF)]
                  RenderText {#text} at (689,4) size 249x19
                    text run at (689,4) width 249: "Right div inside align=center td"
                RenderBlock {CENTER} at (5,113) size 942x27 [border: (2px solid #0000FF)]
                  RenderText {#text} at (338,4) size 266x19
                    text run at (338,4) width 266: "Center tag inside align=center td"
                RenderTable {TABLE} at (417,140) size 119x29 [border: (2px solid #0000FF)]
                  RenderTableSection {TBODY} at (2,2) size 115x25
                    RenderTableRow {TR} at (0,2) size 115x21
                      RenderTableCell {TD} at (2,2) size 111x21 [r=0 c=0 rs=1 cs=1]
                        RenderText {#text} at (1,1) size 109x19
                          text run at (1,1) width 5 RTL: "."
                          text run at (6,1) width 104: "Normal table"
                RenderTable {TABLE} at (388,169) size 177x29 [border: (2px solid #0000FF)]
                  RenderTableSection {TBODY} at (2,2) size 173x25
                    RenderTableRow {TR} at (0,2) size 173x21
                      RenderTableCell {TD} at (2,2) size 169x21 [r=0 c=0 rs=1 cs=1]
                        RenderText {#text} at (1,1) size 167x19
                          text run at (1,1) width 5 RTL: "."
                          text run at (6,1) width 162: "Center aligned table"
                RenderTable {TABLE} at (356,198) size 240x29 [border: (2px solid #0000FF)]
                  RenderTableSection {TBODY} at (2,2) size 236x25
                    RenderTableRow {TR} at (0,2) size 236x21
                      RenderTableCell {TD} at (2,2) size 232x21 [r=0 c=0 rs=1 cs=1]
                        RenderText {#text} at (1,1) size 230x19
                          text run at (1,1) width 11 RTL: ")."
                          text run at (12,1) width 219: "Center table (fixed margins"
        RenderTable {TABLE} at (2,3144) size 960x240 [border: (2px solid #0000FF)]
          RenderTableSection {TBODY} at (2,2) size 956x236
            RenderTableRow {TR} at (0,2) size 956x232
              RenderTableCell {TD} at (2,2) size 952x232 [border: (4px solid #800080)] [r=0 c=0 rs=1 cs=1]
                RenderBlock {DIV} at (272,5) size 408x27 [border: (2px solid #0000FF)]
                  RenderText {#text} at (24,4) size 360x19
                    text run at (24,4) width 360: "Normal fixed width div inside align=center td"
                RenderBlock {DIV} at (272,32) size 408x27 [border: (2px solid #0000FF)]
                  RenderText {#text} at (4,4) size 331x19
                    text run at (4,4) width 331: "Left fixed width div inside align=center td"
                RenderBlock {DIV} at (272,59) size 408x27 [border: (2px solid #0000FF)]
                  RenderText {#text} at (27,4) size 354x19
                    text run at (27,4) width 354: "Center fixed width div inside align=center td"
                RenderBlock {DIV} at (272,86) size 408x27 [border: (2px solid #0000FF)]
                  RenderText {#text} at (63,4) size 341x19
                    text run at (63,4) width 341: "Right fixed width div inside align=center td"
                RenderBlock {CENTER} at (272,113) size 408x27 [border: (2px solid #0000FF)]
                  RenderText {#text} at (19,4) size 370x19
                    text run at (19,4) width 370: "Center tag (fixed width) inside align=center td"
                RenderTable {TABLE} at (276,140) size 400x29 [border: (2px solid #0000FF)]
                  RenderTableSection {TBODY} at (2,2) size 396x25
                    RenderTableRow {TR} at (0,2) size 396x21
                      RenderTableCell {TD} at (2,2) size 392x21 [r=0 c=0 rs=1 cs=1]
                        RenderText {#text} at (282,1) size 109x19
                          text run at (282,1) width 5 RTL: "."
                          text run at (287,1) width 104: "Normal table"
                RenderTable {TABLE} at (276,169) size 400x29 [border: (2px solid #0000FF)]
                  RenderTableSection {TBODY} at (2,2) size 396x25
                    RenderTableRow {TR} at (0,2) size 396x21
                      RenderTableCell {TD} at (2,2) size 392x21 [r=0 c=0 rs=1 cs=1]
                        RenderText {#text} at (224,1) size 167x19
                          text run at (224,1) width 5 RTL: "."
                          text run at (229,1) width 162: "Center aligned table"
                RenderTable {TABLE} at (276,198) size 400x29 [border: (2px solid #0000FF)]
                  RenderTableSection {TBODY} at (2,2) size 396x25
                    RenderTableRow {TR} at (0,2) size 396x21
                      RenderTableCell {TD} at (2,2) size 392x21 [r=0 c=0 rs=1 cs=1]
                        RenderText {#text} at (161,1) size 230x19
                          text run at (161,1) width 11 RTL: ")."
                          text run at (172,1) width 219: "Center table (fixed margins"
        RenderTable {TABLE} at (2,3384) size 960x240 [border: (2px solid #0000FF)]
          RenderTableSection {TBODY} at (2,2) size 956x236
            RenderTableRow {TR} at (0,2) size 956x232
              RenderTableCell {TD} at (2,2) size 952x232 [border: (4px solid #008000)] [r=0 c=0 rs=1 cs=1]
                RenderBlock {DIV} at (5,5) size 942x27 [border: (2px solid #0000FF)]
                  RenderText {#text} at (686,4) size 252x19
                    text run at (686,4) width 252: "Normal div inside align=right td"
                RenderBlock {DIV} at (5,32) size 942x27 [border: (2px solid #0000FF)]
                  RenderText {#text} at (4,4) size 224x19
                    text run at (4,4) width 224: "Left div inside align=right td"
                RenderBlock {DIV} at (5,59) size 942x27 [border: (2px solid #0000FF)]
                  RenderText {#text} at (347,4) size 248x19
                    text run at (347,4) width 248: "Center div inside align=right td"
                RenderBlock {DIV} at (5,86) size 942x27 [border: (2px solid #0000FF)]
                  RenderText {#text} at (704,4) size 234x19
                    text run at (704,4) width 234: "Right div inside align=right td"
                RenderBlock {CENTER} at (5,113) size 942x27 [border: (2px solid #0000FF)]
                  RenderText {#text} at (346,4) size 250x19
                    text run at (346,4) width 250: "Center tag inside align=right td"
                RenderTable {TABLE} at (828,140) size 119x29 [border: (2px solid #0000FF)]
                  RenderTableSection {TBODY} at (2,2) size 115x25
                    RenderTableRow {TR} at (0,2) size 115x21
                      RenderTableCell {TD} at (2,2) size 111x21 [r=0 c=0 rs=1 cs=1]
                        RenderText {#text} at (1,1) size 109x19
                          text run at (1,1) width 5 RTL: "."
                          text run at (6,1) width 104: "Normal table"
                RenderTable {TABLE} at (388,169) size 177x29 [border: (2px solid #0000FF)]
                  RenderTableSection {TBODY} at (2,2) size 173x25
                    RenderTableRow {TR} at (0,2) size 173x21
                      RenderTableCell {TD} at (2,2) size 169x21 [r=0 c=0 rs=1 cs=1]
                        RenderText {#text} at (1,1) size 167x19
                          text run at (1,1) width 5 RTL: "."
                          text run at (6,1) width 162: "Center aligned table"
                RenderTable {TABLE} at (705,198) size 240x29 [border: (2px solid #0000FF)]
                  RenderTableSection {TBODY} at (2,2) size 236x25
                    RenderTableRow {TR} at (0,2) size 236x21
                      RenderTableCell {TD} at (2,2) size 232x21 [r=0 c=0 rs=1 cs=1]
                        RenderText {#text} at (1,1) size 230x19
                          text run at (1,1) width 11 RTL: ")."
                          text run at (12,1) width 219: "Center table (fixed margins"
        RenderTable {TABLE} at (2,3624) size 960x240 [border: (2px solid #0000FF)]
          RenderTableSection {TBODY} at (2,2) size 956x236
            RenderTableRow {TR} at (0,2) size 956x232
              RenderTableCell {TD} at (2,2) size 952x232 [border: (4px solid #800080)] [r=0 c=0 rs=1 cs=1]
                RenderBlock {DIV} at (539,5) size 408x27 [border: (2px solid #0000FF)]
                  RenderText {#text} at (60,4) size 344x19
                    text run at (60,4) width 344: "Normal fixed width div inside align=right td"
                RenderBlock {DIV} at (539,32) size 408x27 [border: (2px solid #0000FF)]
                  RenderText {#text} at (4,4) size 316x19
                    text run at (4,4) width 316: "Left fixed width div inside align=right td"
                RenderBlock {DIV} at (539,59) size 408x27 [border: (2px solid #0000FF)]
                  RenderText {#text} at (34,4) size 340x19
                    text run at (34,4) width 340: "Center fixed width div inside align=right td"
                RenderBlock {DIV} at (539,86) size 408x27 [border: (2px solid #0000FF)]
                  RenderText {#text} at (78,4) size 326x19
                    text run at (78,4) width 326: "Right fixed width div inside align=right td"
                RenderBlock {CENTER} at (539,113) size 408x27 [border: (2px solid #0000FF)]
                  RenderText {#text} at (27,4) size 354x19
                    text run at (27,4) width 354: "Center tag (fixed width) inside align=right td"
                RenderTable {TABLE} at (547,140) size 400x29 [border: (2px solid #0000FF)]
                  RenderTableSection {TBODY} at (2,2) size 396x25
                    RenderTableRow {TR} at (0,2) size 396x21
                      RenderTableCell {TD} at (2,2) size 392x21 [r=0 c=0 rs=1 cs=1]
                        RenderText {#text} at (282,1) size 109x19
                          text run at (282,1) width 5 RTL: "."
                          text run at (287,1) width 104: "Normal table"
                RenderTable {TABLE} at (276,169) size 400x29 [border: (2px solid #0000FF)]
                  RenderTableSection {TBODY} at (2,2) size 396x25
                    RenderTableRow {TR} at (0,2) size 396x21
                      RenderTableCell {TD} at (2,2) size 392x21 [r=0 c=0 rs=1 cs=1]
                        RenderText {#text} at (224,1) size 167x19
                          text run at (224,1) width 5 RTL: "."
                          text run at (229,1) width 162: "Center aligned table"
                RenderTable {TABLE} at (545,198) size 400x29 [border: (2px solid #0000FF)]
                  RenderTableSection {TBODY} at (2,2) size 396x25
                    RenderTableRow {TR} at (0,2) size 396x21
                      RenderTableCell {TD} at (2,2) size 392x21 [r=0 c=0 rs=1 cs=1]
                        RenderText {#text} at (161,1) size 230x19
                          text run at (161,1) width 11 RTL: ")."
                          text run at (172,1) width 219: "Center table (fixed margins"
