layer at (0,0) size 980x735
  RenderView at (0,0) size 980x735
layer at (0,0) size 980x289
  RenderBlock {HTML} at (0,0) size 980x289
    RenderBody {BODY} at (8,16) size 964x257
      RenderBlock {P} at (0,0) size 964x19
        RenderText {#text} at (0,0) size 312x19
          text run at (0,0) width 312: "These <h1>s should all be left-aligned:"
      RenderBlock {H1} at (0,40) size 964x43 [border: (3px solid #FF0000)]
        RenderText {#text} at (3,3) size 130x38
          text run at (3,3) width 130: "sample"
      RenderBlock {H1} at (0,104) size 326x43 [border: (3px solid #FF0000)]
        RenderText {#text} at (3,3) size 130x38
          text run at (3,3) width 130: "sample"
      RenderBlock {P} at (0,168) size 964x19
        RenderText {#text} at (0,0) size 358x19
          text run at (0,0) width 358: "These <p>s should be (and are) left-aligned:"
      RenderBlock {P} at (0,203) size 964x19
        RenderText {#text} at (0,0) size 58x19
          text run at (0,0) width 58: "sample"
      RenderBlock {P} at (0,238) size 160x19
        RenderText {#text} at (0,0) size 58x19
          text run at (0,0) width 58: "sample"
