layer at (0,0) size 980x735
  RenderView at (0,0) size 980x735
layer at (0,0) size 980x141
  RenderBlock {HTML} at (0,0) size 980x141
    RenderBody {BODY} at (8,8) size 964x125
      RenderBlock {DIV} at (0,0) size 964x100 [border: (3px solid #FFFF00)]
        RenderBlock (anonymous) at (3,3) size 958x19
          RenderText {#text} at (0,0) size 51x19
            text run at (0,0) width 51: "Yellow"
        RenderBlock {DIV} at (3,22) size 958x75 [border: (3px solid #0000FF)]
          RenderBlock (anonymous) at (3,3) size 952x19
            RenderText {#text} at (0,0) size 35x19
              text run at (0,0) width 35: "Blue"
          RenderBlock {DIV} at (3,22) size 952x25 [border: (3px solid #008000)]
            RenderText {#text} at (3,3) size 49x19
              text run at (3,3) width 49: "Green"
          RenderBlock {DIV} at (3,47) size 952x25 [border: (3px solid #FF0000)]
            RenderText {#text} at (3,3) size 31x19
              text run at (3,3) width 31: "Red"
      RenderBlock {DIV} at (0,100) size 964x25 [border: (3px solid #000080)]
        RenderBlock {DIV} at (3,3) size 958x19
          RenderText {#text} at (0,0) size 40x19
            text run at (0,0) width 40: "Navy"
