layer at (0,0) size 980x735
  RenderView at (0,0) size 980x735
layer at (0,0) size 980x735
  RenderBlock {HTML} at (0,0) size 980x735
    RenderBody {BODY} at (8,8) size 964x719
      RenderBlock {P} at (0,0) size 964x38
        RenderText {#text} at (0,0) size 132x19
          text run at (0,0) width 132: "This is a test for "
        RenderInline {I} at (0,0) size 883x38
          RenderInline {A} at (0,0) size 380x19 [color=#0000EE]
            RenderText {#text} at (132,0) size 380x19
              text run at (132,0) width 380: "https://bugs.webkit.org/show_bug.cgi?id=18809"
          RenderText {#text} at (512,0) size 883x38
            text run at (512,0) width 5: " "
            text run at (517,0) width 366: "Forms with block level generated content and"
            text run at (0,19) width 507: "absolutely positioned labels break inline layout (fixed on reflow)"
        RenderText {#text} at (507,19) size 5x19
          text run at (507,19) width 5: "."
      RenderBlock {DIV} at (0,54) size 964x38
        RenderBlock (anonymous) at (0,0) size 964x19
          RenderText {#text} at (0,0) size 119x19
            text run at (0,0) width 119: "This should be "
          RenderText {#text} at (119,0) size 99x19
            text run at (119,0) width 99: "a single line."
        RenderBlock (generated) at (0,19) size 964x19
          RenderText at (0,0) size 245x19
            text run at (0,0) width 245: "This should be the second line."
      RenderBlock {DIV} at (0,92) size 964x19
        RenderBlock {DIV} at (0,0) size 964x0
        RenderBlock (anonymous) at (0,0) size 964x19
          RenderText {#text} at (0,0) size 119x19
            text run at (0,0) width 119: "This should be "
          RenderText {#text} at (119,0) size 99x19
            text run at (119,0) width 99: "a single line."
      RenderBlock {DIV} at (0,111) size 964x19
        RenderBlock {DIV} at (0,0) size 964x0
        RenderBlock (anonymous) at (0,0) size 964x19
          RenderText {#text} at (119,0) size 99x19
            text run at (119,0) width 99: "a single line."
          RenderBlock (floating) {SPAN} at (0,0) size 119x19
            RenderText {#text} at (0,0) size 119x19
              text run at (0,0) width 119: "This should be "
