layer at (0,0) size 980x735
  RenderView at (0,0) size 980x735
layer at (0,0) size 980x735
  RenderBlock {HTML} at (0,0) size 980x735
    RenderBody {BODY} at (0,0) size 980x735
layer at (0,0) size 980x735
  RenderBlock (relative positioned) {DIV} at (0,0) size 980x735
    RenderBlock {DIV} at (0,0) size 980x202 [bgcolor=#6CAAD9]
      RenderBlock {H1} at (10,10) size 960x30
        RenderText {#text} at (0,2) size 55x14
          text run at (0,2) width 55: "Content"
      RenderBlock {P} at (10,40) size 960x30
        RenderText {#text} at (0,2) size 465x14
          text run at (0,2) width 465: "Please resize the browser window to see how your 100% CSS footer behaves."
      RenderBlock {P} at (10,70) size 960x84
        RenderText {#text} at (0,2) size 940x68
          text run at (0,2) width 940: "Lorem ipsum dolor sit amet, consectetuer adipiscing elit. Cras porttitor. Ut nonummy vestibulum arcu. Nulla eros eros, mattis et, dictum quis, convallis vel,"
          text run at (0,20) width 938: "mauris. Ut sed mauris vel metus pretium pretium. Curabitur tristique sem id justo. Nunc sit amet felis. Duis luctus pharetra urna. Sed enim arcu, cursus a,"
          text run at (0,38) width 929: "posuere sed, sollicitudin in, justo. Pellentesque enim lacus, egestas ut, elementum eu, molestie vel, urna. Integer quam. Phasellus tempor. Sed commodo"
          text run at (0,56) width 695: "porttitor justo. Vestibulum rhoncus lacinia pede. Aliquam lectus velit, auctor a, fermentum a, accumsan et, neque."
layer at (0,697) size 755x38
  RenderBlock (positioned) {DIV} at (0,697) size 755x38 [bgcolor=#0066B2]
    RenderBlock {H1} at (10,10) size 735x18 [color=#FFFFFF]
      RenderText {#text} at (0,2) size 44x14
        text run at (0,2) width 44: "Footer"
