layer at (0,0) size 980x735
  RenderView at (0,0) size 980x735
layer at (0,0) size 980x259
  RenderBlock {HTML} at (0,0) size 980x259
    RenderBody {BODY} at (8,16) size 964x235
      RenderBlock {P} at (0,0) size 964x19
        RenderText {#text} at (0,0) size 393x19
          text run at (0,0) width 393: "There must be a green square below and no red."
layer at (8,51) size 964x200
  RenderBlock (relative positioned) {DIV} at (0,35) size 964x200
    RenderBlock (anonymous) at (0,0) size 964x19
      RenderText {#text} at (100,0) size 5x19
        text run at (100,0) width 5: " "
    RenderBlock {DIV} at (0,19) size 964x0
layer at (8,51) size 100x100
  RenderBlock (positioned) {DIV} at (0,0) size 100x100 [bgcolor=#FF0000]
layer at (8,51) size 100x100
  RenderBlock (floating) {DIV} at (0,0) size 100x100 [bgcolor=#008000]
