layer at (0,0) size 980x735
  RenderView at (0,0) size 980x735
layer at (0,0) size 980x735
  RenderBlock {HTML} at (0,0) size 980x735
    RenderBody {BODY} at (8,8) size 964x719 [bgcolor=#EEEEEE]
      RenderBlock {DIV} at (24,24) size 916x671 [color=#FFFFFF] [bgcolor=#008000]
        RenderText {#text} at (0,0) size 656x19
          text run at (0,0) width 656: "The green div should fill the content area (except for a bit of padding on all sides)."
