layer at (0,0) size 800x600
  RenderView at (0,0) size 800x600
layer at (0,0) size 800x600
  RenderBlock {HTML} at (0,0) size 800x600
    RenderBody {BODY} at (8,8) size 784x584
      RenderText {#text} at (0,0) size 589x14
        text run at (0,0) width 589: "It is not clear what the right behavior is here. The CSS2.1 draft is currently ambiguous about how to handle overflow blocks."
      RenderBR {BR} at (589,11) size 0x0
      RenderText {#text} at (104,184) size 3x14
        text run at (104,184) width 3: " "
      RenderText {#text} at (0,0) size 0x0
layer at (8,22) size 104x204 clip at (10,24) size 100x200
  RenderBlock {DIV} at (0,14) size 104x204 [border: (2px solid #800080)]
    RenderText {#text} at (2,2) size 83x14
      text run at (2,2) width 83: "This is some text."
    RenderBR {BR} at (85,13) size 0x0
    RenderText {#text} at (2,16) size 83x14
      text run at (2,16) width 83: "This is some text."
    RenderBR {BR} at (85,27) size 0x0
    RenderText {#text} at (2,30) size 83x14
      text run at (2,30) width 83: "This is some text."
    RenderBR {BR} at (85,41) size 0x0
    RenderText {#text} at (2,44) size 83x14
      text run at (2,44) width 83: "This is some text."
    RenderBR {BR} at (85,55) size 0x0
    RenderText {#text} at (2,58) size 83x14
      text run at (2,58) width 83: "This is some text."
    RenderBR {BR} at (85,69) size 0x0
    RenderText {#text} at (2,72) size 83x14
      text run at (2,72) width 83: "This is some text."
    RenderBR {BR} at (85,83) size 0x0
    RenderText {#text} at (2,86) size 83x14
      text run at (2,86) width 83: "This is some text."
    RenderBR {BR} at (85,97) size 0x0
    RenderText {#text} at (2,100) size 83x14
      text run at (2,100) width 83: "This is some text."
    RenderBR {BR} at (85,111) size 0x0
    RenderText {#text} at (2,114) size 83x14
      text run at (2,114) width 83: "This is some text."
    RenderBR {BR} at (85,125) size 0x0
    RenderText {#text} at (2,128) size 83x14
      text run at (2,128) width 83: "This is some text."
    RenderBR {BR} at (85,139) size 0x0
    RenderText {#text} at (2,142) size 83x14
      text run at (2,142) width 83: "This is some text."
    RenderBR {BR} at (85,153) size 0x0
    RenderText {#text} at (2,156) size 83x14
      text run at (2,156) width 83: "This is some text."
    RenderBR {BR} at (85,167) size 0x0
    RenderText {#text} at (2,170) size 83x14
      text run at (2,170) width 83: "This is some text."
    RenderBR {BR} at (85,181) size 0x0
layer at (115,22) size 204x404 clip at (117,24) size 200x400
  RenderBlock {DIV} at (107,14) size 204x404 [border: (2px solid #000000)]
    RenderText {#text} at (2,2) size 83x14
      text run at (2,2) width 83: "This is some text."
    RenderBR {BR} at (85,13) size 0x0
    RenderText {#text} at (2,16) size 83x14
      text run at (2,16) width 83: "This is some text."
    RenderBR {BR} at (85,27) size 0x0
    RenderText {#text} at (2,30) size 83x14
      text run at (2,30) width 83: "This is some text."
    RenderBR {BR} at (85,41) size 0x0
    RenderText {#text} at (2,44) size 83x14
      text run at (2,44) width 83: "This is some text."
    RenderBR {BR} at (85,55) size 0x0
    RenderText {#text} at (2,58) size 83x14
      text run at (2,58) width 83: "This is some text."
    RenderBR {BR} at (85,69) size 0x0
    RenderText {#text} at (2,72) size 83x14
      text run at (2,72) width 83: "This is some text."
    RenderBR {BR} at (85,83) size 0x0
    RenderText {#text} at (2,86) size 83x14
      text run at (2,86) width 83: "This is some text."
    RenderBR {BR} at (85,97) size 0x0
    RenderText {#text} at (2,100) size 83x14
      text run at (2,100) width 83: "This is some text."
    RenderBR {BR} at (85,111) size 0x0
    RenderText {#text} at (2,114) size 83x14
      text run at (2,114) width 83: "This is some text."
    RenderBR {BR} at (85,125) size 0x0
    RenderText {#text} at (2,128) size 83x14
      text run at (2,128) width 83: "This is some text."
    RenderBR {BR} at (85,139) size 0x0
    RenderText {#text} at (2,142) size 83x14
      text run at (2,142) width 83: "This is some text."
    RenderBR {BR} at (85,153) size 0x0
    RenderText {#text} at (2,156) size 83x14
      text run at (2,156) width 83: "This is some text."
    RenderBR {BR} at (85,167) size 0x0
    RenderText {#text} at (2,170) size 83x14
      text run at (2,170) width 83: "This is some text."
    RenderBR {BR} at (85,181) size 0x0
