layer at (0,0) size 843x600
  RenderView at (0,0) size 800x600
layer at (0,0) size 800x302
  RenderBlock {HTML} at (0,0) size 800x302
    RenderBody {BODY} at (8,13) size 784x276
layer at (8,13) size 835x276
  RenderBlock {DIV} at (0,0) size 835x276 [border: (5px solid #800000)]
    RenderBlock (anonymous multi-column span) at (5,5) size 825x55
      RenderBlock {H2} at (0,16) size 825x23 [bgcolor=#EEEEEE]
        RenderText {#text} at (0,0) size 560x23
          text run at (0,0) width 560: "This is a spanning element at the beginning of the columns block."
layer at (13,73) size 825x211
  RenderBlock (anonymous multi-column) at (5,60) size 825x211
    RenderText {#text} at (0,0) size 406x406
      text run at (0,0) width 405: "Lorem ipsum dolor sit amet, consectetuer adipiscing elit. Nulla varius enim"
      text run at (0,15) width 397: "ac mi. Curabitur sollicitudin felis quis lectus. Quisque adipiscing rhoncus"
      text run at (0,30) width 398: "sem. Proin nulla purus, vulputate vel, varius ut, euismod et, nisi. Sed vitae"
      text run at (0,45) width 354: "felis vel orci sagittis aliquam. Cras convallis adipiscing sem. Nam"
      text run at (0,60) width 394: "nonummy enim. Nullam bibendum lobortis neque. Vestibulum velit orci,"
      text run at (0,75) width 403: "tempus euismod, pretium quis, interdum vitae, nulla. Phasellus eget ante et"
      text run at (0,90) width 403: "tortor condimentum vestibulum. Suspendisse hendrerit quam nec felis. Sed"
      text run at (0,105) width 354: "varius turpis vitae pede. Lorem ipsum dolor sit amet, consectetuer"
      text run at (0,120) width 84: "adipiscing elit. "
      text run at (84,120) width 306: "Lorem ipsum dolor sit amet, consectetuer adipiscing elit."
      text run at (0,135) width 390: "Nulla varius enim ac mi. Curabitur sollicitudin felis quis lectus. Quisque"
      text run at (0,150) width 360: "adipiscing rhoncus sem. Proin nulla purus, vulputate vel, varius ut,"
      text run at (0,165) width 383: "euismod et, nisi. Sed vitae felis vel orci sagittis aliquam. Cras convallis"
      text run at (0,180) width 388: "adipiscing sem. Nam nonummy enim. Nullam bibendum lobortis neque."
      text run at (0,195) width 405: "Vestibulum velit orci, tempus euismod, pretium quis, interdum vitae, nulla."
      text run at (0,211) width 363: "Phasellus eget ante et tortor condimentum vestibulum. Suspendisse"
      text run at (0,226) width 394: "hendrerit quam nec felis. Sed varius turpis vitae pede. Lorem ipsum dolor"
      text run at (0,241) width 203: "sit amet, consectetuer adipiscing elit. "
      text run at (203,241) width 151: "Lorem ipsum dolor sit amet,"
      text run at (0,256) width 341: "consectetuer adipiscing elit. Nulla varius enim ac mi. Curabitur"
      text run at (0,271) width 397: "sollicitudin felis quis lectus. Quisque adipiscing rhoncus sem. Proin nulla"
      text run at (0,286) width 378: "purus, vulputate vel, varius ut, euismod et, nisi. Sed vitae felis vel orci"
      text run at (0,301) width 375: "sagittis aliquam. Cras convallis adipiscing sem. Nam nonummy enim."
      text run at (0,316) width 397: "Nullam bibendum lobortis neque. Vestibulum velit orci, tempus euismod,"
      text run at (0,331) width 342: "pretium quis, interdum vitae, nulla. Phasellus eget ante et tortor"
      text run at (0,346) width 406: "condimentum vestibulum. Suspendisse hendrerit quam nec felis. Sed varius"
      text run at (0,361) width 402: "turpis vitae pede. Lorem ipsum dolor sit amet, consectetuer adipiscing elit."
      text run at (0,376) width 405: "Lorem ipsum dolor sit amet, consectetuer adipiscing elit. Nulla varius enim"
      text run at (0,391) width 32: "ac mi."
