layer at (0,0) size 800x600
  RenderView at (0,0) size 800x600
layer at (0,0) size 800x600
  RenderBlock {HTML} at (0,0) size 800x600
    RenderBody {BODY} at (8,12) size 784x576
layer at (8,12) size 784x115
  RenderBlock {DIV} at (0,0) size 784x115 [border: (5px solid #800000)]
    RenderBlock (anonymous multi-column span) at (5,61) size 774x49
      RenderBlock {H2} at (0,14) size 774x21 [bgcolor=#EEEEEE]
        RenderText {#text} at (0,0) size 44x20
          text run at (0,0) width 44: "PASS"
layer at (13,17) size 774x56
  RenderBlock (anonymous multi-column) at (5,5) size 774x56
    RenderBlock (anonymous) at (0,0) size 381x112
      RenderInline {JUNK} at (0,0) size 372x112
        RenderText {#text} at (0,0) size 0x0
        RenderText {#text} at (0,0) size 372x112
          text run at (0,0) width 365: "Lorem ipsum dolor sit amet, consectetuer adipiscing elit. Nulla varius enim ac"
          text run at (0,14) width 357: "mi. Curabitur sollicitudin felis quis lectus. Quisque adipiscing rhoncus sem."
          text run at (0,28) width 364: "Proin nulla purus, vulputate vel, varius ut, euismod et, nisi. Sed vitae felis vel"
          text run at (0,42) width 349: "orci sagittis aliquam. Cras convallis adipiscing sem. Nam nonummy enim."
          text run at (0,56) width 346: "Nullam bibendum lobortis neque. Vestibulum velit orci, tempus euismod,"
          text run at (0,70) width 363: "pretium quis, interdum vitae, nulla. Phasellus eget ante et tortor condimentum"
          text run at (0,84) width 372: "vestibulum. Suspendisse hendrerit quam nec felis. Sed varius turpis vitae pede."
          text run at (0,98) width 265: "Lorem ipsum dolor sit amet, consectetuer adipiscing elit."
    RenderBlock (anonymous) at (0,112) size 381x0
