layer at (0,0) size 800x968
  RenderView at (0,0) size 800x600
layer at (0,0) size 800x968
  RenderBlock {HTML} at (0,0) size 800x968
    RenderBody {BODY} at (8,12) size 784x944
layer at (8,12) size 760x304
  RenderBlock {DIV} at (0,0) size 760x304 [border: (5px solid #800000)]
    RenderBlock (anonymous multi-column span) at (5,117) size 750x49
      RenderBlock {H2} at (0,14) size 750x21 [bgcolor=#EEEEEE]
        RenderText {#text} at (0,0) size 148x21
          text run at (0,0) width 148: "This is a first span."
    RenderBlock (anonymous multi-column span) at (5,180) size 750x49
      RenderBlock {H2} at (0,14) size 750x21 [bgcolor=#EEEEEE]
        RenderText {#text} at (0,0) size 168x21
          text run at (0,0) width 168: "This is a second span."
layer at (13,17) size 750x112
  RenderBlock (anonymous multi-column) at (5,5) size 750x112
    RenderText {#text} at (0,0) size 366x224
      text run at (0,0) width 365: "Lorem ipsum dolor sit amet, consectetuer adipiscing elit. Nulla varius enim ac"
      text run at (0,14) width 357: "mi. Curabitur sollicitudin felis quis lectus. Quisque adipiscing rhoncus sem."
      text run at (0,28) width 364: "Proin nulla purus, vulputate vel, varius ut, euismod et, nisi. Sed vitae felis vel"
      text run at (0,42) width 349: "orci sagittis aliquam. Cras convallis adipiscing sem. Nam nonummy enim."
      text run at (0,56) width 346: "Nullam bibendum lobortis neque. Vestibulum velit orci, tempus euismod,"
      text run at (0,70) width 363: "pretium quis, interdum vitae, nulla. Phasellus eget ante et tortor condimentum"
      text run at (0,84) width 344: "vestibulum. Suspendisse hendrerit quam nec felis. Sed varius turpis vitae"
      text run at (0,98) width 296: "pede. Lorem ipsum dolor sit amet, consectetuer adipiscing elit. "
      text run at (296,98) width 63: "Lorem ipsum"
      text run at (0,112) width 365: "dolor sit amet, consectetuer adipiscing elit. Nulla varius enim ac mi. Curabitur"
      text run at (0,126) width 346: "sollicitudin felis quis lectus. Quisque adipiscing rhoncus sem. Proin nulla"
      text run at (0,140) width 366: "purus, vulputate vel, varius ut, euismod et, nisi. Sed vitae felis vel orci sagittis"
      text run at (0,154) width 330: "aliquam. Cras convallis adipiscing sem. Nam nonummy enim. Nullam"
      text run at (0,168) width 347: "bibendum lobortis neque. Vestibulum velit orci, tempus euismod, pretium"
      text run at (0,182) width 324: "quis, interdum vitae, nulla. Phasellus eget ante et tortor condimentum"
      text run at (0,196) width 344: "vestibulum. Suspendisse hendrerit quam nec felis. Sed varius turpis vitae"
      text run at (0,210) width 293: "pede. Lorem ipsum dolor sit amet, consectetuer adipiscing elit."
layer at (13,178) size 750x14
  RenderBlock (anonymous multi-column) at (5,166) size 750x14
    RenderText {#text} at (0,0) size 278x14
      text run at (0,0) width 278: "This text should be sitting between two spanning elements."
layer at (13,241) size 750x70
  RenderBlock (anonymous multi-column) at (5,229) size 750x70
    RenderText {#text} at (0,0) size 365x126
      text run at (0,0) width 365: "Lorem ipsum dolor sit amet, consectetuer adipiscing elit. Nulla varius enim ac"
      text run at (0,14) width 357: "mi. Curabitur sollicitudin felis quis lectus. Quisque adipiscing rhoncus sem."
      text run at (0,28) width 364: "Proin nulla purus, vulputate vel, varius ut, euismod et, nisi. Sed vitae felis vel"
      text run at (0,42) width 349: "orci sagittis aliquam. Cras convallis adipiscing sem. Nam nonummy enim."
      text run at (0,56) width 346: "Nullam bibendum lobortis neque. Vestibulum velit orci, tempus euismod,"
      text run at (0,70) width 363: "pretium quis, interdum vitae, nulla. Phasellus eget ante et tortor condimentum"
      text run at (0,84) width 344: "vestibulum. Suspendisse hendrerit quam nec felis. Sed varius turpis vitae"
      text run at (0,98) width 296: "pede. Lorem ipsum dolor sit amet, consectetuer adipiscing elit. "
      text run at (296,98) width 63: "Lorem ipsum"
      text run at (0,112) width 317: "dolor sit amet, consectetuer adipiscing elit. Nulla varius enim ac mi."
layer at (8,328) size 760x314
  RenderBlock {DIV} at (0,316) size 760x314 [border: (5px solid #800000)]
    RenderBlock (anonymous multi-column span) at (5,73) size 750x49
      RenderBlock {H2} at (0,14) size 750x21 [bgcolor=#EEEEEE]
        RenderText {#text} at (0,0) size 148x21
          text run at (0,0) width 148: "This is a first span."
    RenderBlock (anonymous multi-column span) at (5,190) size 750x49
      RenderBlock {H2} at (0,14) size 750x21 [bgcolor=#EEEEEE]
        RenderText {#text} at (0,0) size 168x21
          text run at (0,0) width 168: "This is a second span."
layer at (13,333) size 750x68
  RenderBlock (anonymous multi-column) at (5,5) size 750x68
    RenderBlock {P} at (0,12) size 369x112
      RenderText {#text} at (0,0) size 365x112
        text run at (0,0) width 365: "Lorem ipsum dolor sit amet, consectetuer adipiscing elit. Nulla varius enim ac"
        text run at (0,14) width 357: "mi. Curabitur sollicitudin felis quis lectus. Quisque adipiscing rhoncus sem."
        text run at (0,28) width 364: "Proin nulla purus, vulputate vel, varius ut, euismod et, nisi. Sed vitae felis vel"
        text run at (0,42) width 349: "orci sagittis aliquam. Cras convallis adipiscing sem. Nam nonummy enim."
        text run at (0,56) width 346: "Nullam bibendum lobortis neque. Vestibulum velit orci, tempus euismod,"
        text run at (0,70) width 363: "pretium quis, interdum vitae, nulla. Phasellus eget ante et tortor condimentum"
        text run at (0,84) width 344: "vestibulum. Suspendisse hendrerit quam nec felis. Sed varius turpis vitae"
        text run at (0,98) width 293: "pede. Lorem ipsum dolor sit amet, consectetuer adipiscing elit."
layer at (13,450) size 750x68
  RenderBlock (anonymous multi-column) at (5,122) size 750x68
    RenderBlock {P} at (0,12) size 369x112
      RenderText {#text} at (0,0) size 365x112
        text run at (0,0) width 365: "Lorem ipsum dolor sit amet, consectetuer adipiscing elit. Nulla varius enim ac"
        text run at (0,14) width 357: "mi. Curabitur sollicitudin felis quis lectus. Quisque adipiscing rhoncus sem."
        text run at (0,28) width 364: "Proin nulla purus, vulputate vel, varius ut, euismod et, nisi. Sed vitae felis vel"
        text run at (0,42) width 349: "orci sagittis aliquam. Cras convallis adipiscing sem. Nam nonummy enim."
        text run at (0,56) width 346: "Nullam bibendum lobortis neque. Vestibulum velit orci, tempus euismod,"
        text run at (0,70) width 363: "pretium quis, interdum vitae, nulla. Phasellus eget ante et tortor condimentum"
        text run at (0,84) width 344: "vestibulum. Suspendisse hendrerit quam nec felis. Sed varius turpis vitae"
        text run at (0,98) width 293: "pede. Lorem ipsum dolor sit amet, consectetuer adipiscing elit."
layer at (13,567) size 750x70
  RenderBlock (anonymous multi-column) at (5,239) size 750x70
    RenderText {#text} at (0,0) size 365x126
      text run at (0,0) width 365: "Lorem ipsum dolor sit amet, consectetuer adipiscing elit. Nulla varius enim ac"
      text run at (0,14) width 357: "mi. Curabitur sollicitudin felis quis lectus. Quisque adipiscing rhoncus sem."
      text run at (0,28) width 364: "Proin nulla purus, vulputate vel, varius ut, euismod et, nisi. Sed vitae felis vel"
      text run at (0,42) width 349: "orci sagittis aliquam. Cras convallis adipiscing sem. Nam nonummy enim."
      text run at (0,56) width 346: "Nullam bibendum lobortis neque. Vestibulum velit orci, tempus euismod,"
      text run at (0,70) width 363: "pretium quis, interdum vitae, nulla. Phasellus eget ante et tortor condimentum"
      text run at (0,84) width 344: "vestibulum. Suspendisse hendrerit quam nec felis. Sed varius turpis vitae"
      text run at (0,98) width 296: "pede. Lorem ipsum dolor sit amet, consectetuer adipiscing elit. "
      text run at (296,98) width 63: "Lorem ipsum"
      text run at (0,112) width 317: "dolor sit amet, consectetuer adipiscing elit. Nulla varius enim ac mi."
layer at (8,654) size 760x302
  RenderBlock {DIV} at (0,642) size 760x302 [border: (5px solid #800000)]
    RenderBlock (anonymous multi-column span) at (5,61) size 750x49
      RenderBlock {H2} at (0,14) size 750x21 [bgcolor=#EEEEEE]
        RenderText {#text} at (0,0) size 148x21
          text run at (0,0) width 148: "This is a first span."
    RenderBlock (anonymous multi-column span) at (5,178) size 750x49
      RenderBlock {H2} at (0,14) size 750x21 [bgcolor=#EEEEEE]
        RenderText {#text} at (0,0) size 168x21
          text run at (0,0) width 168: "This is a second span."
layer at (13,659) size 750x56
  RenderBlock (anonymous multi-column) at (5,5) size 750x56
    RenderBlock (anonymous) at (0,0) size 369x0
      RenderInline {SPAN} at (0,0) size 0x0
        RenderText {#text} at (0,0) size 0x0
    RenderBlock (anonymous) at (0,0) size 369x112
      RenderBlock {SPAN} at (0,0) size 369x112
        RenderText {#text} at (0,0) size 365x112
          text run at (0,0) width 365: "Lorem ipsum dolor sit amet, consectetuer adipiscing elit. Nulla varius enim ac"
          text run at (0,14) width 357: "mi. Curabitur sollicitudin felis quis lectus. Quisque adipiscing rhoncus sem."
          text run at (0,28) width 364: "Proin nulla purus, vulputate vel, varius ut, euismod et, nisi. Sed vitae felis vel"
          text run at (0,42) width 349: "orci sagittis aliquam. Cras convallis adipiscing sem. Nam nonummy enim."
          text run at (0,56) width 346: "Nullam bibendum lobortis neque. Vestibulum velit orci, tempus euismod,"
          text run at (0,70) width 363: "pretium quis, interdum vitae, nulla. Phasellus eget ante et tortor condimentum"
          text run at (0,84) width 344: "vestibulum. Suspendisse hendrerit quam nec felis. Sed varius turpis vitae"
          text run at (0,98) width 293: "pede. Lorem ipsum dolor sit amet, consectetuer adipiscing elit."
    RenderBlock (anonymous) at (0,112) size 369x0
      RenderInline {SPAN} at (0,0) size 0x0
      RenderText {#text} at (0,0) size 0x0
layer at (13,764) size 750x68
  RenderBlock (anonymous multi-column) at (5,110) size 750x68
    RenderBlock {P} at (0,12) size 369x112
      RenderText {#text} at (0,0) size 365x112
        text run at (0,0) width 365: "Lorem ipsum dolor sit amet, consectetuer adipiscing elit. Nulla varius enim ac"
        text run at (0,14) width 357: "mi. Curabitur sollicitudin felis quis lectus. Quisque adipiscing rhoncus sem."
        text run at (0,28) width 364: "Proin nulla purus, vulputate vel, varius ut, euismod et, nisi. Sed vitae felis vel"
        text run at (0,42) width 349: "orci sagittis aliquam. Cras convallis adipiscing sem. Nam nonummy enim."
        text run at (0,56) width 346: "Nullam bibendum lobortis neque. Vestibulum velit orci, tempus euismod,"
        text run at (0,70) width 363: "pretium quis, interdum vitae, nulla. Phasellus eget ante et tortor condimentum"
        text run at (0,84) width 344: "vestibulum. Suspendisse hendrerit quam nec felis. Sed varius turpis vitae"
        text run at (0,98) width 293: "pede. Lorem ipsum dolor sit amet, consectetuer adipiscing elit."
layer at (13,881) size 750x70
  RenderBlock (anonymous multi-column) at (5,227) size 750x70
    RenderText {#text} at (0,0) size 365x126
      text run at (0,0) width 365: "Lorem ipsum dolor sit amet, consectetuer adipiscing elit. Nulla varius enim ac"
      text run at (0,14) width 357: "mi. Curabitur sollicitudin felis quis lectus. Quisque adipiscing rhoncus sem."
      text run at (0,28) width 364: "Proin nulla purus, vulputate vel, varius ut, euismod et, nisi. Sed vitae felis vel"
      text run at (0,42) width 349: "orci sagittis aliquam. Cras convallis adipiscing sem. Nam nonummy enim."
      text run at (0,56) width 346: "Nullam bibendum lobortis neque. Vestibulum velit orci, tempus euismod,"
      text run at (0,70) width 363: "pretium quis, interdum vitae, nulla. Phasellus eget ante et tortor condimentum"
      text run at (0,84) width 344: "vestibulum. Suspendisse hendrerit quam nec felis. Sed varius turpis vitae"
      text run at (0,98) width 296: "pede. Lorem ipsum dolor sit amet, consectetuer adipiscing elit. "
      text run at (296,98) width 63: "Lorem ipsum"
      text run at (0,112) width 317: "dolor sit amet, consectetuer adipiscing elit. Nulla varius enim ac mi."
