layer at (0,0) size 800x1616
  RenderView at (0,0) size 800x600
layer at (0,0) size 800x1616
  RenderBlock {HTML} at (0,0) size 800x1616
    RenderBody {BODY} at (8,12) size 784x1592
layer at (8,12) size 760x241
  RenderBlock {DIV} at (0,0) size 760x241 [border: (5px solid #800000)]
    RenderBlock (anonymous multi-column span) at (5,5) size 750x49
      RenderBlock {H2} at (0,14) size 750x21 [bgcolor=#EEEEEE]
        RenderText {#text} at (0,0) size 210x21
          text run at (0,0) width 210: "This is a spanning element."
layer at (13,66) size 750x182
  RenderBlock (anonymous multi-column) at (5,54) size 750x182
    RenderText {#text} at (0,0) size 366x350
      text run at (0,0) width 365: "Lorem ipsum dolor sit amet, consectetuer adipiscing elit. Nulla varius enim ac"
      text run at (0,14) width 357: "mi. Curabitur sollicitudin felis quis lectus. Quisque adipiscing rhoncus sem."
      text run at (0,28) width 364: "Proin nulla purus, vulputate vel, varius ut, euismod et, nisi. Sed vitae felis vel"
      text run at (0,42) width 349: "orci sagittis aliquam. Cras convallis adipiscing sem. Nam nonummy enim."
      text run at (0,56) width 346: "Nullam bibendum lobortis neque. Vestibulum velit orci, tempus euismod,"
      text run at (0,70) width 363: "pretium quis, interdum vitae, nulla. Phasellus eget ante et tortor condimentum"
      text run at (0,84) width 344: "vestibulum. Suspendisse hendrerit quam nec felis. Sed varius turpis vitae"
      text run at (0,98) width 296: "pede. Lorem ipsum dolor sit amet, consectetuer adipiscing elit. "
      text run at (296,98) width 63: "Lorem ipsum"
      text run at (0,112) width 365: "dolor sit amet, consectetuer adipiscing elit. Nulla varius enim ac mi. Curabitur"
      text run at (0,126) width 346: "sollicitudin felis quis lectus. Quisque adipiscing rhoncus sem. Proin nulla"
      text run at (0,140) width 366: "purus, vulputate vel, varius ut, euismod et, nisi. Sed vitae felis vel orci sagittis"
      text run at (0,154) width 330: "aliquam. Cras convallis adipiscing sem. Nam nonummy enim. Nullam"
      text run at (0,168) width 347: "bibendum lobortis neque. Vestibulum velit orci, tempus euismod, pretium"
      text run at (0,182) width 324: "quis, interdum vitae, nulla. Phasellus eget ante et tortor condimentum"
      text run at (0,196) width 344: "vestibulum. Suspendisse hendrerit quam nec felis. Sed varius turpis vitae"
      text run at (0,210) width 296: "pede. Lorem ipsum dolor sit amet, consectetuer adipiscing elit. "
      text run at (296,210) width 63: "Lorem ipsum"
      text run at (0,224) width 365: "dolor sit amet, consectetuer adipiscing elit. Nulla varius enim ac mi. Curabitur"
      text run at (0,238) width 346: "sollicitudin felis quis lectus. Quisque adipiscing rhoncus sem. Proin nulla"
      text run at (0,252) width 366: "purus, vulputate vel, varius ut, euismod et, nisi. Sed vitae felis vel orci sagittis"
      text run at (0,266) width 330: "aliquam. Cras convallis adipiscing sem. Nam nonummy enim. Nullam"
      text run at (0,280) width 347: "bibendum lobortis neque. Vestibulum velit orci, tempus euismod, pretium"
      text run at (0,294) width 324: "quis, interdum vitae, nulla. Phasellus eget ante et tortor condimentum"
      text run at (0,308) width 344: "vestibulum. Suspendisse hendrerit quam nec felis. Sed varius turpis vitae"
      text run at (0,322) width 296: "pede. Lorem ipsum dolor sit amet, consectetuer adipiscing elit. "
      text run at (296,322) width 63: "Lorem ipsum"
      text run at (0,336) width 317: "dolor sit amet, consectetuer adipiscing elit. Nulla varius enim ac mi."
layer at (8,265) size 760x241
  RenderBlock {DIV} at (0,253) size 760x241 [border: (5px solid #800000)]
    RenderBlock (anonymous multi-column span) at (5,187) size 750x49
      RenderBlock {H2} at (0,14) size 750x21 [bgcolor=#EEEEEE]
        RenderText {#text} at (0,0) size 210x21
          text run at (0,0) width 210: "This is a spanning element."
layer at (13,270) size 750x182
  RenderBlock (anonymous multi-column) at (5,5) size 750x182
    RenderText {#text} at (0,0) size 366x350
      text run at (0,0) width 365: "Lorem ipsum dolor sit amet, consectetuer adipiscing elit. Nulla varius enim ac"
      text run at (0,14) width 357: "mi. Curabitur sollicitudin felis quis lectus. Quisque adipiscing rhoncus sem."
      text run at (0,28) width 364: "Proin nulla purus, vulputate vel, varius ut, euismod et, nisi. Sed vitae felis vel"
      text run at (0,42) width 349: "orci sagittis aliquam. Cras convallis adipiscing sem. Nam nonummy enim."
      text run at (0,56) width 346: "Nullam bibendum lobortis neque. Vestibulum velit orci, tempus euismod,"
      text run at (0,70) width 363: "pretium quis, interdum vitae, nulla. Phasellus eget ante et tortor condimentum"
      text run at (0,84) width 344: "vestibulum. Suspendisse hendrerit quam nec felis. Sed varius turpis vitae"
      text run at (0,98) width 296: "pede. Lorem ipsum dolor sit amet, consectetuer adipiscing elit. "
      text run at (296,98) width 63: "Lorem ipsum"
      text run at (0,112) width 365: "dolor sit amet, consectetuer adipiscing elit. Nulla varius enim ac mi. Curabitur"
      text run at (0,126) width 346: "sollicitudin felis quis lectus. Quisque adipiscing rhoncus sem. Proin nulla"
      text run at (0,140) width 366: "purus, vulputate vel, varius ut, euismod et, nisi. Sed vitae felis vel orci sagittis"
      text run at (0,154) width 330: "aliquam. Cras convallis adipiscing sem. Nam nonummy enim. Nullam"
      text run at (0,168) width 347: "bibendum lobortis neque. Vestibulum velit orci, tempus euismod, pretium"
      text run at (0,182) width 324: "quis, interdum vitae, nulla. Phasellus eget ante et tortor condimentum"
      text run at (0,196) width 344: "vestibulum. Suspendisse hendrerit quam nec felis. Sed varius turpis vitae"
      text run at (0,210) width 296: "pede. Lorem ipsum dolor sit amet, consectetuer adipiscing elit. "
      text run at (296,210) width 63: "Lorem ipsum"
      text run at (0,224) width 365: "dolor sit amet, consectetuer adipiscing elit. Nulla varius enim ac mi. Curabitur"
      text run at (0,238) width 346: "sollicitudin felis quis lectus. Quisque adipiscing rhoncus sem. Proin nulla"
      text run at (0,252) width 366: "purus, vulputate vel, varius ut, euismod et, nisi. Sed vitae felis vel orci sagittis"
      text run at (0,266) width 330: "aliquam. Cras convallis adipiscing sem. Nam nonummy enim. Nullam"
      text run at (0,280) width 347: "bibendum lobortis neque. Vestibulum velit orci, tempus euismod, pretium"
      text run at (0,294) width 324: "quis, interdum vitae, nulla. Phasellus eget ante et tortor condimentum"
      text run at (0,308) width 344: "vestibulum. Suspendisse hendrerit quam nec felis. Sed varius turpis vitae"
      text run at (0,322) width 296: "pede. Lorem ipsum dolor sit amet, consectetuer adipiscing elit. "
      text run at (296,322) width 63: "Lorem ipsum"
      text run at (0,336) width 317: "dolor sit amet, consectetuer adipiscing elit. Nulla varius enim ac mi."
layer at (8,518) size 760x265
  RenderBlock {DIV} at (0,506) size 760x265 [border: (5px solid #800000)]
    RenderBlock (anonymous multi-column span) at (5,87) size 750x49
      RenderBlock {H2} at (0,14) size 750x21 [bgcolor=#EEEEEE]
        RenderText {#text} at (0,0) size 210x21
          text run at (0,0) width 210: "This is a spanning element."
layer at (13,523) size 750x82
  RenderBlock (anonymous multi-column) at (5,5) size 750x82
    RenderBlock {P} at (0,12) size 369x126
      RenderText {#text} at (0,0) size 365x126
        text run at (0,0) width 365: "Lorem ipsum dolor sit amet, consectetuer adipiscing elit. Nulla varius enim ac"
        text run at (0,14) width 357: "mi. Curabitur sollicitudin felis quis lectus. Quisque adipiscing rhoncus sem."
        text run at (0,28) width 364: "Proin nulla purus, vulputate vel, varius ut, euismod et, nisi. Sed vitae felis vel"
        text run at (0,42) width 349: "orci sagittis aliquam. Cras convallis adipiscing sem. Nam nonummy enim."
        text run at (0,56) width 346: "Nullam bibendum lobortis neque. Vestibulum velit orci, tempus euismod,"
        text run at (0,70) width 363: "pretium quis, interdum vitae, nulla. Phasellus eget ante et tortor condimentum"
        text run at (0,84) width 344: "vestibulum. Suspendisse hendrerit quam nec felis. Sed varius turpis vitae"
        text run at (0,98) width 296: "pede. Lorem ipsum dolor sit amet, consectetuer adipiscing elit. "
        text run at (296,98) width 63: "Lorem ipsum"
        text run at (0,112) width 317: "dolor sit amet, consectetuer adipiscing elit. Nulla varius enim ac mi."
layer at (13,654) size 750x124
  RenderBlock (anonymous multi-column) at (5,136) size 750x124
    RenderBlock {P} at (0,12) size 369x224
      RenderText {#text} at (0,0) size 366x224
        text run at (0,0) width 365: "Lorem ipsum dolor sit amet, consectetuer adipiscing elit. Nulla varius enim ac"
        text run at (0,14) width 357: "mi. Curabitur sollicitudin felis quis lectus. Quisque adipiscing rhoncus sem."
        text run at (0,28) width 364: "Proin nulla purus, vulputate vel, varius ut, euismod et, nisi. Sed vitae felis vel"
        text run at (0,42) width 349: "orci sagittis aliquam. Cras convallis adipiscing sem. Nam nonummy enim."
        text run at (0,56) width 346: "Nullam bibendum lobortis neque. Vestibulum velit orci, tempus euismod,"
        text run at (0,70) width 363: "pretium quis, interdum vitae, nulla. Phasellus eget ante et tortor condimentum"
        text run at (0,84) width 344: "vestibulum. Suspendisse hendrerit quam nec felis. Sed varius turpis vitae"
        text run at (0,98) width 296: "pede. Lorem ipsum dolor sit amet, consectetuer adipiscing elit. "
        text run at (296,98) width 63: "Lorem ipsum"
        text run at (0,112) width 365: "dolor sit amet, consectetuer adipiscing elit. Nulla varius enim ac mi. Curabitur"
        text run at (0,126) width 346: "sollicitudin felis quis lectus. Quisque adipiscing rhoncus sem. Proin nulla"
        text run at (0,140) width 366: "purus, vulputate vel, varius ut, euismod et, nisi. Sed vitae felis vel orci sagittis"
        text run at (0,154) width 330: "aliquam. Cras convallis adipiscing sem. Nam nonummy enim. Nullam"
        text run at (0,168) width 347: "bibendum lobortis neque. Vestibulum velit orci, tempus euismod, pretium"
        text run at (0,182) width 324: "quis, interdum vitae, nulla. Phasellus eget ante et tortor condimentum"
        text run at (0,196) width 344: "vestibulum. Suspendisse hendrerit quam nec felis. Sed varius turpis vitae"
        text run at (0,210) width 293: "pede. Lorem ipsum dolor sit amet, consectetuer adipiscing elit."
layer at (8,795) size 760x253
  RenderBlock {DIV} at (0,783) size 760x253 [border: (5px solid #800000)]
    RenderBlock (anonymous multi-column span) at (5,75) size 750x49
      RenderBlock {H2} at (0,14) size 750x21 [bgcolor=#EEEEEE]
        RenderText {#text} at (0,0) size 210x21
          text run at (0,0) width 210: "This is a spanning element."
layer at (13,800) size 750x70
  RenderBlock (anonymous multi-column) at (5,5) size 750x70
    RenderBlock (anonymous) at (0,0) size 369x126
      RenderText {#text} at (0,0) size 365x126
        text run at (0,0) width 365: "Lorem ipsum dolor sit amet, consectetuer adipiscing elit. Nulla varius enim ac"
        text run at (0,14) width 357: "mi. Curabitur sollicitudin felis quis lectus. Quisque adipiscing rhoncus sem."
        text run at (0,28) width 364: "Proin nulla purus, vulputate vel, varius ut, euismod et, nisi. Sed vitae felis vel"
        text run at (0,42) width 349: "orci sagittis aliquam. Cras convallis adipiscing sem. Nam nonummy enim."
        text run at (0,56) width 346: "Nullam bibendum lobortis neque. Vestibulum velit orci, tempus euismod,"
        text run at (0,70) width 363: "pretium quis, interdum vitae, nulla. Phasellus eget ante et tortor condimentum"
        text run at (0,84) width 344: "vestibulum. Suspendisse hendrerit quam nec felis. Sed varius turpis vitae"
        text run at (0,98) width 296: "pede. Lorem ipsum dolor sit amet, consectetuer adipiscing elit. "
        text run at (296,98) width 63: "Lorem ipsum"
        text run at (0,112) width 317: "dolor sit amet, consectetuer adipiscing elit. Nulla varius enim ac mi."
layer at (13,919) size 750x124
  RenderBlock (anonymous multi-column) at (5,124) size 750x124
    RenderBlock (anonymous) at (0,0) size 369x112
      RenderInline {SPAN} at (0,0) size 31x14
        RenderText {#text} at (0,0) size 31x14
          text run at (0,0) width 31: "Lorem"
      RenderText {#text} at (31,0) size 365x112
        text run at (31,0) width 334: " ipsum dolor sit amet, consectetuer adipiscing elit. Nulla varius enim ac"
        text run at (0,14) width 357: "mi. Curabitur sollicitudin felis quis lectus. Quisque adipiscing rhoncus sem."
        text run at (0,28) width 364: "Proin nulla purus, vulputate vel, varius ut, euismod et, nisi. Sed vitae felis vel"
        text run at (0,42) width 349: "orci sagittis aliquam. Cras convallis adipiscing sem. Nam nonummy enim."
        text run at (0,56) width 346: "Nullam bibendum lobortis neque. Vestibulum velit orci, tempus euismod,"
        text run at (0,70) width 363: "pretium quis, interdum vitae, nulla. Phasellus eget ante et tortor condimentum"
        text run at (0,84) width 344: "vestibulum. Suspendisse hendrerit quam nec felis. Sed varius turpis vitae"
        text run at (0,98) width 293: "pede. Lorem ipsum dolor sit amet, consectetuer adipiscing elit."
    RenderBlock {P} at (0,124) size 369x112
      RenderText {#text} at (0,0) size 365x112
        text run at (0,0) width 365: "Lorem ipsum dolor sit amet, consectetuer adipiscing elit. Nulla varius enim ac"
        text run at (0,14) width 357: "mi. Curabitur sollicitudin felis quis lectus. Quisque adipiscing rhoncus sem."
        text run at (0,28) width 364: "Proin nulla purus, vulputate vel, varius ut, euismod et, nisi. Sed vitae felis vel"
        text run at (0,42) width 349: "orci sagittis aliquam. Cras convallis adipiscing sem. Nam nonummy enim."
        text run at (0,56) width 346: "Nullam bibendum lobortis neque. Vestibulum velit orci, tempus euismod,"
        text run at (0,70) width 363: "pretium quis, interdum vitae, nulla. Phasellus eget ante et tortor condimentum"
        text run at (0,84) width 344: "vestibulum. Suspendisse hendrerit quam nec felis. Sed varius turpis vitae"
        text run at (0,98) width 293: "pede. Lorem ipsum dolor sit amet, consectetuer adipiscing elit."
layer at (8,1060) size 760x253
  RenderBlock {DIV} at (0,1048) size 760x253 [border: (5px solid #800000)]
    RenderBlock (anonymous multi-column span) at (5,131) size 750x49
      RenderBlock {H2} at (0,14) size 750x21 [bgcolor=#EEEEEE]
        RenderText {#text} at (0,0) size 210x21
          text run at (0,0) width 210: "This is a spanning element."
layer at (13,1065) size 750x126
  RenderBlock (anonymous multi-column) at (5,5) size 750x126
    RenderBlock (anonymous) at (0,0) size 369x112
      RenderInline {SPAN} at (0,0) size 365x112
        RenderText {#text} at (0,0) size 365x112
          text run at (0,0) width 365: "Lorem ipsum dolor sit amet, consectetuer adipiscing elit. Nulla varius enim ac"
          text run at (0,14) width 357: "mi. Curabitur sollicitudin felis quis lectus. Quisque adipiscing rhoncus sem."
          text run at (0,28) width 364: "Proin nulla purus, vulputate vel, varius ut, euismod et, nisi. Sed vitae felis vel"
          text run at (0,42) width 349: "orci sagittis aliquam. Cras convallis adipiscing sem. Nam nonummy enim."
          text run at (0,56) width 346: "Nullam bibendum lobortis neque. Vestibulum velit orci, tempus euismod,"
          text run at (0,70) width 363: "pretium quis, interdum vitae, nulla. Phasellus eget ante et tortor condimentum"
          text run at (0,84) width 344: "vestibulum. Suspendisse hendrerit quam nec felis. Sed varius turpis vitae"
          text run at (0,98) width 293: "pede. Lorem ipsum dolor sit amet, consectetuer adipiscing elit."
    RenderBlock (anonymous) at (0,112) size 369x28
      RenderBlock {SPAN} at (0,0) size 369x28
        RenderText {#text} at (0,0) size 365x28
          text run at (0,0) width 365: "Lorem ipsum dolor sit amet, consectetuer adipiscing elit. Nulla varius enim ac"
          text run at (0,14) width 15: "mi."
    RenderBlock (anonymous) at (0,140) size 369x112
      RenderInline {SPAN} at (0,0) size 31x14
        RenderText {#text} at (0,0) size 31x14
          text run at (0,0) width 31: "Lorem"
      RenderText {#text} at (31,0) size 365x112
        text run at (31,0) width 334: " ipsum dolor sit amet, consectetuer adipiscing elit. Nulla varius enim ac"
        text run at (0,14) width 357: "mi. Curabitur sollicitudin felis quis lectus. Quisque adipiscing rhoncus sem."
        text run at (0,28) width 364: "Proin nulla purus, vulputate vel, varius ut, euismod et, nisi. Sed vitae felis vel"
        text run at (0,42) width 349: "orci sagittis aliquam. Cras convallis adipiscing sem. Nam nonummy enim."
        text run at (0,56) width 346: "Nullam bibendum lobortis neque. Vestibulum velit orci, tempus euismod,"
        text run at (0,70) width 363: "pretium quis, interdum vitae, nulla. Phasellus eget ante et tortor condimentum"
        text run at (0,84) width 344: "vestibulum. Suspendisse hendrerit quam nec felis. Sed varius turpis vitae"
        text run at (0,98) width 293: "pede. Lorem ipsum dolor sit amet, consectetuer adipiscing elit."
layer at (13,1240) size 750x68
  RenderBlock (anonymous multi-column) at (5,180) size 750x68
    RenderBlock {P} at (0,12) size 369x112
      RenderText {#text} at (0,0) size 365x112
        text run at (0,0) width 365: "Lorem ipsum dolor sit amet, consectetuer adipiscing elit. Nulla varius enim ac"
        text run at (0,14) width 357: "mi. Curabitur sollicitudin felis quis lectus. Quisque adipiscing rhoncus sem."
        text run at (0,28) width 364: "Proin nulla purus, vulputate vel, varius ut, euismod et, nisi. Sed vitae felis vel"
        text run at (0,42) width 349: "orci sagittis aliquam. Cras convallis adipiscing sem. Nam nonummy enim."
        text run at (0,56) width 346: "Nullam bibendum lobortis neque. Vestibulum velit orci, tempus euismod,"
        text run at (0,70) width 363: "pretium quis, interdum vitae, nulla. Phasellus eget ante et tortor condimentum"
        text run at (0,84) width 344: "vestibulum. Suspendisse hendrerit quam nec felis. Sed varius turpis vitae"
        text run at (0,98) width 293: "pede. Lorem ipsum dolor sit amet, consectetuer adipiscing elit."
layer at (8,1325) size 760x279
  RenderBlock {DIV} at (0,1313) size 760x279 [border: (5px solid #800000)]
    RenderBlock (anonymous multi-column span) at (5,155) size 750x49
      RenderBlock {H2} at (0,14) size 750x21 [bgcolor=#EEEEEE]
        RenderText {#text} at (0,0) size 210x21
          text run at (0,0) width 210: "This is a spanning element."
layer at (13,1330) size 750x150
  RenderBlock (anonymous multi-column) at (5,5) size 750x150
    RenderBlock {P} at (0,12) size 369x112
      RenderText {#text} at (0,0) size 365x112
        text run at (0,0) width 365: "Lorem ipsum dolor sit amet, consectetuer adipiscing elit. Nulla varius enim ac"
        text run at (0,14) width 357: "mi. Curabitur sollicitudin felis quis lectus. Quisque adipiscing rhoncus sem."
        text run at (0,28) width 364: "Proin nulla purus, vulputate vel, varius ut, euismod et, nisi. Sed vitae felis vel"
        text run at (0,42) width 349: "orci sagittis aliquam. Cras convallis adipiscing sem. Nam nonummy enim."
        text run at (0,56) width 346: "Nullam bibendum lobortis neque. Vestibulum velit orci, tempus euismod,"
        text run at (0,70) width 363: "pretium quis, interdum vitae, nulla. Phasellus eget ante et tortor condimentum"
        text run at (0,84) width 344: "vestibulum. Suspendisse hendrerit quam nec felis. Sed varius turpis vitae"
        text run at (0,98) width 293: "pede. Lorem ipsum dolor sit amet, consectetuer adipiscing elit."
    RenderBlock {P} at (0,136) size 369x28
      RenderText {#text} at (0,0) size 365x28
        text run at (0,0) width 365: "Lorem ipsum dolor sit amet, consectetuer adipiscing elit. Nulla varius enim ac"
        text run at (0,14) width 15: "mi."
    RenderBlock {P} at (0,176) size 369x112
      RenderText {#text} at (0,0) size 365x112
        text run at (0,0) width 365: "Lorem ipsum dolor sit amet, consectetuer adipiscing elit. Nulla varius enim ac"
        text run at (0,14) width 357: "mi. Curabitur sollicitudin felis quis lectus. Quisque adipiscing rhoncus sem."
        text run at (0,28) width 364: "Proin nulla purus, vulputate vel, varius ut, euismod et, nisi. Sed vitae felis vel"
        text run at (0,42) width 349: "orci sagittis aliquam. Cras convallis adipiscing sem. Nam nonummy enim."
        text run at (0,56) width 346: "Nullam bibendum lobortis neque. Vestibulum velit orci, tempus euismod,"
        text run at (0,70) width 363: "pretium quis, interdum vitae, nulla. Phasellus eget ante et tortor condimentum"
        text run at (0,84) width 344: "vestibulum. Suspendisse hendrerit quam nec felis. Sed varius turpis vitae"
        text run at (0,98) width 293: "pede. Lorem ipsum dolor sit amet, consectetuer adipiscing elit."
layer at (13,1529) size 750x70
  RenderBlock (anonymous multi-column) at (5,204) size 750x70
    RenderBlock (anonymous) at (0,0) size 369x14
      RenderInline {SPAN} at (0,0) size 265x14
        RenderText {#text} at (0,0) size 265x14
          text run at (0,0) width 265: "Lorem ipsum dolor sit amet, consectetuer adipiscing elit."
    RenderBlock (anonymous) at (0,14) size 369x14
      RenderBlock {SPAN} at (0,0) size 369x14
        RenderText {#text} at (0,0) size 115x14
          text run at (0,0) width 115: "Nulla varius enim ac mi."
    RenderBlock (anonymous) at (0,28) size 369x98
      RenderInline {SPAN} at (0,0) size 368x98
        RenderText {#text} at (0,0) size 368x98
          text run at (0,0) width 368: "Curabitur sollicitudin felis quis lectus. Quisque adipiscing rhoncus sem. Proin"
          text run at (0,14) width 356: "nulla purus, vulputate vel, varius ut, euismod et, nisi. Sed vitae felis vel orci"
          text run at (0,28) width 366: "sagittis aliquam. Cras convallis adipiscing sem. Nam nonummy enim. Nullam"
          text run at (0,42) width 347: "bibendum lobortis neque. Vestibulum velit orci, tempus euismod, pretium"
          text run at (0,56) width 324: "quis, interdum vitae, nulla. Phasellus eget ante et tortor condimentum"
          text run at (0,70) width 344: "vestibulum. Suspendisse hendrerit quam nec felis. Sed varius turpis vitae"
          text run at (0,84) width 293: "pede. Lorem ipsum dolor sit amet, consectetuer adipiscing elit."
      RenderText {#text} at (0,0) size 0x0
