layer at (0,0) size 800x2045
  RenderView at (0,0) size 800x600
layer at (0,0) size 800x2045
  RenderBlock {HTML} at (0,0) size 800x2045
    RenderBody {BODY} at (8,12) size 784x2021
layer at (8,12) size 760x241
  RenderBlock {DIV} at (0,0) size 760x241 [border: (5px solid #800000)]
    RenderBlock (anonymous multi-column span) at (5,5) size 750x49
      RenderBlock {H2} at (0,14) size 750x21 [bgcolor=#EEEEEE]
        RenderText {#text} at (0,0) size 505x21
          text run at (0,0) width 505: "This is a spanning element at the beginning of the columns block."
layer at (13,66) size 750x182
  RenderBlock (anonymous multi-column) at (5,54) size 750x182
    RenderText {#text} at (0,0) size 366x350
      text run at (0,0) width 365: "Lorem ipsum dolor sit amet, consectetuer adipiscing elit. Nulla varius enim ac"
      text run at (0,14) width 357: "mi. Curabitur sollicitudin felis quis lectus. Quisque adipiscing rhoncus sem."
      text run at (0,28) width 364: "Proin nulla purus, vulputate vel, varius ut, euismod et, nisi. Sed vitae felis vel"
      text run at (0,42) width 349: "orci sagittis aliquam. Cras convallis adipiscing sem. Nam nonummy enim."
      text run at (0,56) width 346: "Nullam bibendum lobortis neque. Vestibulum velit orci, tempus euismod,"
      text run at (0,70) width 363: "pretium quis, interdum vitae, nulla. Phasellus eget ante et tortor condimentum"
      text run at (0,84) width 344: "vestibulum. Suspendisse hendrerit quam nec felis. Sed varius turpis vitae"
      text run at (0,98) width 296: "pede. Lorem ipsum dolor sit amet, consectetuer adipiscing elit. "
      text run at (296,98) width 63: "Lorem ipsum"
      text run at (0,112) width 365: "dolor sit amet, consectetuer adipiscing elit. Nulla varius enim ac mi. Curabitur"
      text run at (0,126) width 346: "sollicitudin felis quis lectus. Quisque adipiscing rhoncus sem. Proin nulla"
      text run at (0,140) width 366: "purus, vulputate vel, varius ut, euismod et, nisi. Sed vitae felis vel orci sagittis"
      text run at (0,154) width 330: "aliquam. Cras convallis adipiscing sem. Nam nonummy enim. Nullam"
      text run at (0,168) width 347: "bibendum lobortis neque. Vestibulum velit orci, tempus euismod, pretium"
      text run at (0,182) width 324: "quis, interdum vitae, nulla. Phasellus eget ante et tortor condimentum"
      text run at (0,196) width 344: "vestibulum. Suspendisse hendrerit quam nec felis. Sed varius turpis vitae"
      text run at (0,210) width 296: "pede. Lorem ipsum dolor sit amet, consectetuer adipiscing elit. "
      text run at (296,210) width 63: "Lorem ipsum"
      text run at (0,224) width 365: "dolor sit amet, consectetuer adipiscing elit. Nulla varius enim ac mi. Curabitur"
      text run at (0,238) width 346: "sollicitudin felis quis lectus. Quisque adipiscing rhoncus sem. Proin nulla"
      text run at (0,252) width 366: "purus, vulputate vel, varius ut, euismod et, nisi. Sed vitae felis vel orci sagittis"
      text run at (0,266) width 330: "aliquam. Cras convallis adipiscing sem. Nam nonummy enim. Nullam"
      text run at (0,280) width 347: "bibendum lobortis neque. Vestibulum velit orci, tempus euismod, pretium"
      text run at (0,294) width 324: "quis, interdum vitae, nulla. Phasellus eget ante et tortor condimentum"
      text run at (0,308) width 344: "vestibulum. Suspendisse hendrerit quam nec felis. Sed varius turpis vitae"
      text run at (0,322) width 296: "pede. Lorem ipsum dolor sit amet, consectetuer adipiscing elit. "
      text run at (296,322) width 63: "Lorem ipsum"
      text run at (0,336) width 317: "dolor sit amet, consectetuer adipiscing elit. Nulla varius enim ac mi."
layer at (8,265) size 760x241
  RenderBlock {DIV} at (0,253) size 760x241 [border: (5px solid #800000)]
    RenderBlock (anonymous multi-column span) at (5,187) size 750x49
      RenderBlock {H2} at (0,14) size 750x21 [bgcolor=#EEEEEE]
        RenderText {#text} at (0,0) size 457x21
          text run at (0,0) width 457: "This is a spanning element at the end of the columns block."
layer at (13,270) size 750x182
  RenderBlock (anonymous multi-column) at (5,5) size 750x182
    RenderText {#text} at (0,0) size 366x350
      text run at (0,0) width 365: "Lorem ipsum dolor sit amet, consectetuer adipiscing elit. Nulla varius enim ac"
      text run at (0,14) width 357: "mi. Curabitur sollicitudin felis quis lectus. Quisque adipiscing rhoncus sem."
      text run at (0,28) width 364: "Proin nulla purus, vulputate vel, varius ut, euismod et, nisi. Sed vitae felis vel"
      text run at (0,42) width 349: "orci sagittis aliquam. Cras convallis adipiscing sem. Nam nonummy enim."
      text run at (0,56) width 346: "Nullam bibendum lobortis neque. Vestibulum velit orci, tempus euismod,"
      text run at (0,70) width 363: "pretium quis, interdum vitae, nulla. Phasellus eget ante et tortor condimentum"
      text run at (0,84) width 344: "vestibulum. Suspendisse hendrerit quam nec felis. Sed varius turpis vitae"
      text run at (0,98) width 296: "pede. Lorem ipsum dolor sit amet, consectetuer adipiscing elit. "
      text run at (296,98) width 63: "Lorem ipsum"
      text run at (0,112) width 365: "dolor sit amet, consectetuer adipiscing elit. Nulla varius enim ac mi. Curabitur"
      text run at (0,126) width 346: "sollicitudin felis quis lectus. Quisque adipiscing rhoncus sem. Proin nulla"
      text run at (0,140) width 366: "purus, vulputate vel, varius ut, euismod et, nisi. Sed vitae felis vel orci sagittis"
      text run at (0,154) width 330: "aliquam. Cras convallis adipiscing sem. Nam nonummy enim. Nullam"
      text run at (0,168) width 347: "bibendum lobortis neque. Vestibulum velit orci, tempus euismod, pretium"
      text run at (0,182) width 324: "quis, interdum vitae, nulla. Phasellus eget ante et tortor condimentum"
      text run at (0,196) width 344: "vestibulum. Suspendisse hendrerit quam nec felis. Sed varius turpis vitae"
      text run at (0,210) width 296: "pede. Lorem ipsum dolor sit amet, consectetuer adipiscing elit. "
      text run at (296,210) width 63: "Lorem ipsum"
      text run at (0,224) width 365: "dolor sit amet, consectetuer adipiscing elit. Nulla varius enim ac mi. Curabitur"
      text run at (0,238) width 346: "sollicitudin felis quis lectus. Quisque adipiscing rhoncus sem. Proin nulla"
      text run at (0,252) width 366: "purus, vulputate vel, varius ut, euismod et, nisi. Sed vitae felis vel orci sagittis"
      text run at (0,266) width 330: "aliquam. Cras convallis adipiscing sem. Nam nonummy enim. Nullam"
      text run at (0,280) width 347: "bibendum lobortis neque. Vestibulum velit orci, tempus euismod, pretium"
      text run at (0,294) width 324: "quis, interdum vitae, nulla. Phasellus eget ante et tortor condimentum"
      text run at (0,308) width 344: "vestibulum. Suspendisse hendrerit quam nec felis. Sed varius turpis vitae"
      text run at (0,322) width 296: "pede. Lorem ipsum dolor sit amet, consectetuer adipiscing elit. "
      text run at (296,322) width 63: "Lorem ipsum"
      text run at (0,336) width 317: "dolor sit amet, consectetuer adipiscing elit. Nulla varius enim ac mi."
layer at (8,518) size 760x241
  RenderBlock {DIV} at (0,506) size 760x241 [border: (5px solid #800000)]
    RenderBlock (anonymous multi-column span) at (5,75) size 750x49
      RenderBlock {H2} at (0,14) size 750x21 [bgcolor=#EEEEEE]
        RenderText {#text} at (0,0) size 482x21
          text run at (0,0) width 482: "This is a spanning element in the middle of the columns block."
layer at (13,523) size 750x70
  RenderBlock (anonymous multi-column) at (5,5) size 750x70
    RenderText {#text} at (0,0) size 365x126
      text run at (0,0) width 365: "Lorem ipsum dolor sit amet, consectetuer adipiscing elit. Nulla varius enim ac"
      text run at (0,14) width 357: "mi. Curabitur sollicitudin felis quis lectus. Quisque adipiscing rhoncus sem."
      text run at (0,28) width 364: "Proin nulla purus, vulputate vel, varius ut, euismod et, nisi. Sed vitae felis vel"
      text run at (0,42) width 349: "orci sagittis aliquam. Cras convallis adipiscing sem. Nam nonummy enim."
      text run at (0,56) width 346: "Nullam bibendum lobortis neque. Vestibulum velit orci, tempus euismod,"
      text run at (0,70) width 363: "pretium quis, interdum vitae, nulla. Phasellus eget ante et tortor condimentum"
      text run at (0,84) width 344: "vestibulum. Suspendisse hendrerit quam nec felis. Sed varius turpis vitae"
      text run at (0,98) width 296: "pede. Lorem ipsum dolor sit amet, consectetuer adipiscing elit. "
      text run at (296,98) width 63: "Lorem ipsum"
      text run at (0,112) width 317: "dolor sit amet, consectetuer adipiscing elit. Nulla varius enim ac mi."
layer at (13,642) size 750x112
  RenderBlock (anonymous multi-column) at (5,124) size 750x112
    RenderText {#text} at (0,0) size 366x224
      text run at (0,0) width 365: "Lorem ipsum dolor sit amet, consectetuer adipiscing elit. Nulla varius enim ac"
      text run at (0,14) width 357: "mi. Curabitur sollicitudin felis quis lectus. Quisque adipiscing rhoncus sem."
      text run at (0,28) width 364: "Proin nulla purus, vulputate vel, varius ut, euismod et, nisi. Sed vitae felis vel"
      text run at (0,42) width 349: "orci sagittis aliquam. Cras convallis adipiscing sem. Nam nonummy enim."
      text run at (0,56) width 346: "Nullam bibendum lobortis neque. Vestibulum velit orci, tempus euismod,"
      text run at (0,70) width 363: "pretium quis, interdum vitae, nulla. Phasellus eget ante et tortor condimentum"
      text run at (0,84) width 344: "vestibulum. Suspendisse hendrerit quam nec felis. Sed varius turpis vitae"
      text run at (0,98) width 296: "pede. Lorem ipsum dolor sit amet, consectetuer adipiscing elit. "
      text run at (296,98) width 63: "Lorem ipsum"
      text run at (0,112) width 365: "dolor sit amet, consectetuer adipiscing elit. Nulla varius enim ac mi. Curabitur"
      text run at (0,126) width 346: "sollicitudin felis quis lectus. Quisque adipiscing rhoncus sem. Proin nulla"
      text run at (0,140) width 366: "purus, vulputate vel, varius ut, euismod et, nisi. Sed vitae felis vel orci sagittis"
      text run at (0,154) width 330: "aliquam. Cras convallis adipiscing sem. Nam nonummy enim. Nullam"
      text run at (0,168) width 347: "bibendum lobortis neque. Vestibulum velit orci, tempus euismod, pretium"
      text run at (0,182) width 324: "quis, interdum vitae, nulla. Phasellus eget ante et tortor condimentum"
      text run at (0,196) width 344: "vestibulum. Suspendisse hendrerit quam nec felis. Sed varius turpis vitae"
      text run at (0,210) width 293: "pede. Lorem ipsum dolor sit amet, consectetuer adipiscing elit."
layer at (8,771) size 760x217
  RenderBlock {DIV} at (0,759) size 760x217 [border: (5px solid #800000)]
    RenderText {#text} at (5,5) size 365x132
      text run at (5,5) width 365: "Lorem ipsum dolor sit amet, consectetuer adipiscing elit. Nulla varius enim ac"
      text run at (5,19) width 357: "mi. Curabitur sollicitudin felis quis lectus. Quisque adipiscing rhoncus sem."
      text run at (5,33) width 364: "Proin nulla purus, vulputate vel, varius ut, euismod et, nisi. Sed vitae felis vel"
      text run at (5,47) width 349: "orci sagittis aliquam. Cras convallis adipiscing sem. Nam nonummy enim."
      text run at (5,61) width 346: "Nullam bibendum lobortis neque. Vestibulum velit orci, tempus euismod,"
      text run at (5,75) width 363: "pretium quis, interdum vitae, nulla. Phasellus eget ante et tortor condimentum"
      text run at (5,89) width 344: "vestibulum. Suspendisse hendrerit quam nec felis. Sed varius turpis vitae"
      text run at (5,103) width 296: "pede. Lorem ipsum dolor sit amet, consectetuer adipiscing elit. "
      text run at (301,103) width 63: "Lorem ipsum"
      text run at (5,123) width 320: "dolor sit amet, consectetuer adipiscing elit. Nulla varius enim ac mi. "
    RenderInline {H2} at (0,0) size 354x63 [bgcolor=#EEEEEE]
      RenderText {#text} at (325,117) size 354x63
        text run at (325,117) width 34: "This"
        text run at (5,138) width 354: "is a spanning element with an original display"
        text run at (5,159) width 340: "of inline in the middle of the columns block."
    RenderText {#text} at (5,180) size 366x228
      text run at (5,180) width 365: "Lorem ipsum dolor sit amet, consectetuer adipiscing elit. Nulla varius enim ac"
      text run at (5,194) width 357: "mi. Curabitur sollicitudin felis quis lectus. Quisque adipiscing rhoncus sem."
      text run at (5,212) width 364: "Proin nulla purus, vulputate vel, varius ut, euismod et, nisi. Sed vitae felis vel"
      text run at (5,226) width 349: "orci sagittis aliquam. Cras convallis adipiscing sem. Nam nonummy enim."
      text run at (5,240) width 346: "Nullam bibendum lobortis neque. Vestibulum velit orci, tempus euismod,"
      text run at (5,254) width 363: "pretium quis, interdum vitae, nulla. Phasellus eget ante et tortor condimentum"
      text run at (5,268) width 344: "vestibulum. Suspendisse hendrerit quam nec felis. Sed varius turpis vitae"
      text run at (5,282) width 296: "pede. Lorem ipsum dolor sit amet, consectetuer adipiscing elit. "
      text run at (301,282) width 63: "Lorem ipsum"
      text run at (5,296) width 365: "dolor sit amet, consectetuer adipiscing elit. Nulla varius enim ac mi. Curabitur"
      text run at (5,310) width 346: "sollicitudin felis quis lectus. Quisque adipiscing rhoncus sem. Proin nulla"
      text run at (5,324) width 366: "purus, vulputate vel, varius ut, euismod et, nisi. Sed vitae felis vel orci sagittis"
      text run at (5,338) width 330: "aliquam. Cras convallis adipiscing sem. Nam nonummy enim. Nullam"
      text run at (5,352) width 347: "bibendum lobortis neque. Vestibulum velit orci, tempus euismod, pretium"
      text run at (5,366) width 324: "quis, interdum vitae, nulla. Phasellus eget ante et tortor condimentum"
      text run at (5,380) width 344: "vestibulum. Suspendisse hendrerit quam nec felis. Sed varius turpis vitae"
      text run at (5,394) width 293: "pede. Lorem ipsum dolor sit amet, consectetuer adipiscing elit."
layer at (8,1000) size 760x238
  RenderBlock {DIV} at (0,988) size 760x238 [border: (5px solid #800000)]
    RenderText {#text} at (5,5) size 365x126
      text run at (5,5) width 365: "Lorem ipsum dolor sit amet, consectetuer adipiscing elit. Nulla varius enim ac"
      text run at (5,19) width 357: "mi. Curabitur sollicitudin felis quis lectus. Quisque adipiscing rhoncus sem."
      text run at (5,33) width 364: "Proin nulla purus, vulputate vel, varius ut, euismod et, nisi. Sed vitae felis vel"
      text run at (5,47) width 349: "orci sagittis aliquam. Cras convallis adipiscing sem. Nam nonummy enim."
      text run at (5,61) width 346: "Nullam bibendum lobortis neque. Vestibulum velit orci, tempus euismod,"
      text run at (5,75) width 363: "pretium quis, interdum vitae, nulla. Phasellus eget ante et tortor condimentum"
      text run at (5,89) width 344: "vestibulum. Suspendisse hendrerit quam nec felis. Sed varius turpis vitae"
      text run at (5,103) width 296: "pede. Lorem ipsum dolor sit amet, consectetuer adipiscing elit. "
      text run at (301,103) width 63: "Lorem ipsum"
      text run at (5,117) width 320: "dolor sit amet, consectetuer adipiscing elit. Nulla varius enim ac mi. "
    RenderBlock (floating) {H2} at (5,145) size 369x63 [bgcolor=#EEEEEE]
      RenderText {#text} at (0,0) size 354x63
        text run at (0,0) width 354: "This element specifies a column span, but it is"
        text run at (0,21) width 332: "also floating, so the column-span should be"
        text run at (0,42) width 64: "ignored."
    RenderText {#text} at (325,117) size 368x340
      text run at (325,117) width 31: "Lorem"
      text run at (5,233) width 349: "ipsum dolor sit amet, consectetuer adipiscing elit. Nulla varius enim ac mi."
      text run at (5,247) width 368: "Curabitur sollicitudin felis quis lectus. Quisque adipiscing rhoncus sem. Proin"
      text run at (5,261) width 356: "nulla purus, vulputate vel, varius ut, euismod et, nisi. Sed vitae felis vel orci"
      text run at (5,275) width 366: "sagittis aliquam. Cras convallis adipiscing sem. Nam nonummy enim. Nullam"
      text run at (5,289) width 347: "bibendum lobortis neque. Vestibulum velit orci, tempus euismod, pretium"
      text run at (5,303) width 324: "quis, interdum vitae, nulla. Phasellus eget ante et tortor condimentum"
      text run at (5,317) width 344: "vestibulum. Suspendisse hendrerit quam nec felis. Sed varius turpis vitae"
      text run at (5,331) width 296: "pede. Lorem ipsum dolor sit amet, consectetuer adipiscing elit. "
      text run at (301,331) width 63: "Lorem ipsum"
      text run at (5,345) width 365: "dolor sit amet, consectetuer adipiscing elit. Nulla varius enim ac mi. Curabitur"
      text run at (5,359) width 346: "sollicitudin felis quis lectus. Quisque adipiscing rhoncus sem. Proin nulla"
      text run at (5,373) width 366: "purus, vulputate vel, varius ut, euismod et, nisi. Sed vitae felis vel orci sagittis"
      text run at (5,387) width 330: "aliquam. Cras convallis adipiscing sem. Nam nonummy enim. Nullam"
      text run at (5,401) width 347: "bibendum lobortis neque. Vestibulum velit orci, tempus euismod, pretium"
      text run at (5,415) width 324: "quis, interdum vitae, nulla. Phasellus eget ante et tortor condimentum"
      text run at (5,429) width 344: "vestibulum. Suspendisse hendrerit quam nec felis. Sed varius turpis vitae"
      text run at (5,443) width 293: "pede. Lorem ipsum dolor sit amet, consectetuer adipiscing elit."
layer at (8,1250) size 760x251
  RenderBlock {DIV} at (0,1238) size 760x251 [border: (5px solid #800000)]
    RenderBlock (anonymous multi-column span) at (5,5) size 750x49
      RenderBlock {H2} at (0,14) size 750x21 [bgcolor=#EEEEEE]
        RenderText {#text} at (0,0) size 654x21
          text run at (0,0) width 654: "This is a spanning element at the beginning of the columns block with block siblings."
layer at (13,1304) size 750x192
  RenderBlock (anonymous multi-column) at (5,54) size 750x192
    RenderBlock {P} at (0,12) size 369x112
      RenderText {#text} at (0,0) size 365x112
        text run at (0,0) width 365: "Lorem ipsum dolor sit amet, consectetuer adipiscing elit. Nulla varius enim ac"
        text run at (0,14) width 357: "mi. Curabitur sollicitudin felis quis lectus. Quisque adipiscing rhoncus sem."
        text run at (0,28) width 364: "Proin nulla purus, vulputate vel, varius ut, euismod et, nisi. Sed vitae felis vel"
        text run at (0,42) width 349: "orci sagittis aliquam. Cras convallis adipiscing sem. Nam nonummy enim."
        text run at (0,56) width 346: "Nullam bibendum lobortis neque. Vestibulum velit orci, tempus euismod,"
        text run at (0,70) width 363: "pretium quis, interdum vitae, nulla. Phasellus eget ante et tortor condimentum"
        text run at (0,84) width 344: "vestibulum. Suspendisse hendrerit quam nec felis. Sed varius turpis vitae"
        text run at (0,98) width 293: "pede. Lorem ipsum dolor sit amet, consectetuer adipiscing elit."
    RenderBlock {P} at (0,136) size 369x112
      RenderText {#text} at (0,0) size 365x112
        text run at (0,0) width 365: "Lorem ipsum dolor sit amet, consectetuer adipiscing elit. Nulla varius enim ac"
        text run at (0,14) width 357: "mi. Curabitur sollicitudin felis quis lectus. Quisque adipiscing rhoncus sem."
        text run at (0,28) width 364: "Proin nulla purus, vulputate vel, varius ut, euismod et, nisi. Sed vitae felis vel"
        text run at (0,42) width 349: "orci sagittis aliquam. Cras convallis adipiscing sem. Nam nonummy enim."
        text run at (0,56) width 346: "Nullam bibendum lobortis neque. Vestibulum velit orci, tempus euismod,"
        text run at (0,70) width 363: "pretium quis, interdum vitae, nulla. Phasellus eget ante et tortor condimentum"
        text run at (0,84) width 344: "vestibulum. Suspendisse hendrerit quam nec felis. Sed varius turpis vitae"
        text run at (0,98) width 293: "pede. Lorem ipsum dolor sit amet, consectetuer adipiscing elit."
    RenderBlock {P} at (0,260) size 369x112
      RenderText {#text} at (0,0) size 365x112
        text run at (0,0) width 365: "Lorem ipsum dolor sit amet, consectetuer adipiscing elit. Nulla varius enim ac"
        text run at (0,14) width 357: "mi. Curabitur sollicitudin felis quis lectus. Quisque adipiscing rhoncus sem."
        text run at (0,28) width 364: "Proin nulla purus, vulputate vel, varius ut, euismod et, nisi. Sed vitae felis vel"
        text run at (0,42) width 349: "orci sagittis aliquam. Cras convallis adipiscing sem. Nam nonummy enim."
        text run at (0,56) width 346: "Nullam bibendum lobortis neque. Vestibulum velit orci, tempus euismod,"
        text run at (0,70) width 363: "pretium quis, interdum vitae, nulla. Phasellus eget ante et tortor condimentum"
        text run at (0,84) width 344: "vestibulum. Suspendisse hendrerit quam nec felis. Sed varius turpis vitae"
        text run at (0,98) width 293: "pede. Lorem ipsum dolor sit amet, consectetuer adipiscing elit."
layer at (8,1513) size 760x251
  RenderBlock {DIV} at (0,1501) size 760x251 [border: (5px solid #800000)]
    RenderBlock (anonymous multi-column span) at (5,197) size 750x49
      RenderBlock {H2} at (0,14) size 750x21 [bgcolor=#EEEEEE]
        RenderText {#text} at (0,0) size 606x21
          text run at (0,0) width 606: "This is a spanning element at the end of the columns block with block siblings."
layer at (13,1518) size 750x192
  RenderBlock (anonymous multi-column) at (5,5) size 750x192
    RenderBlock {P} at (0,12) size 369x112
      RenderText {#text} at (0,0) size 365x112
        text run at (0,0) width 365: "Lorem ipsum dolor sit amet, consectetuer adipiscing elit. Nulla varius enim ac"
        text run at (0,14) width 357: "mi. Curabitur sollicitudin felis quis lectus. Quisque adipiscing rhoncus sem."
        text run at (0,28) width 364: "Proin nulla purus, vulputate vel, varius ut, euismod et, nisi. Sed vitae felis vel"
        text run at (0,42) width 349: "orci sagittis aliquam. Cras convallis adipiscing sem. Nam nonummy enim."
        text run at (0,56) width 346: "Nullam bibendum lobortis neque. Vestibulum velit orci, tempus euismod,"
        text run at (0,70) width 363: "pretium quis, interdum vitae, nulla. Phasellus eget ante et tortor condimentum"
        text run at (0,84) width 344: "vestibulum. Suspendisse hendrerit quam nec felis. Sed varius turpis vitae"
        text run at (0,98) width 293: "pede. Lorem ipsum dolor sit amet, consectetuer adipiscing elit."
    RenderBlock {P} at (0,136) size 369x112
      RenderText {#text} at (0,0) size 365x112
        text run at (0,0) width 365: "Lorem ipsum dolor sit amet, consectetuer adipiscing elit. Nulla varius enim ac"
        text run at (0,14) width 357: "mi. Curabitur sollicitudin felis quis lectus. Quisque adipiscing rhoncus sem."
        text run at (0,28) width 364: "Proin nulla purus, vulputate vel, varius ut, euismod et, nisi. Sed vitae felis vel"
        text run at (0,42) width 349: "orci sagittis aliquam. Cras convallis adipiscing sem. Nam nonummy enim."
        text run at (0,56) width 346: "Nullam bibendum lobortis neque. Vestibulum velit orci, tempus euismod,"
        text run at (0,70) width 363: "pretium quis, interdum vitae, nulla. Phasellus eget ante et tortor condimentum"
        text run at (0,84) width 344: "vestibulum. Suspendisse hendrerit quam nec felis. Sed varius turpis vitae"
        text run at (0,98) width 293: "pede. Lorem ipsum dolor sit amet, consectetuer adipiscing elit."
    RenderBlock {P} at (0,260) size 369x112
      RenderText {#text} at (0,0) size 365x112
        text run at (0,0) width 365: "Lorem ipsum dolor sit amet, consectetuer adipiscing elit. Nulla varius enim ac"
        text run at (0,14) width 357: "mi. Curabitur sollicitudin felis quis lectus. Quisque adipiscing rhoncus sem."
        text run at (0,28) width 364: "Proin nulla purus, vulputate vel, varius ut, euismod et, nisi. Sed vitae felis vel"
        text run at (0,42) width 349: "orci sagittis aliquam. Cras convallis adipiscing sem. Nam nonummy enim."
        text run at (0,56) width 346: "Nullam bibendum lobortis neque. Vestibulum velit orci, tempus euismod,"
        text run at (0,70) width 363: "pretium quis, interdum vitae, nulla. Phasellus eget ante et tortor condimentum"
        text run at (0,84) width 344: "vestibulum. Suspendisse hendrerit quam nec felis. Sed varius turpis vitae"
        text run at (0,98) width 293: "pede. Lorem ipsum dolor sit amet, consectetuer adipiscing elit."
layer at (8,1776) size 760x257
  RenderBlock {DIV} at (0,1764) size 760x257 [border: (5px solid #800000)]
    RenderBlock (anonymous multi-column span) at (5,135) size 750x49
      RenderBlock {H2} at (0,14) size 750x21 [bgcolor=#EEEEEE]
        RenderText {#text} at (0,0) size 631x21
          text run at (0,0) width 631: "This is a spanning element in the middle of the columns block with block siblings."
layer at (13,1781) size 750x130
  RenderBlock (anonymous multi-column) at (5,5) size 750x130
    RenderBlock {P} at (0,12) size 369x112
      RenderText {#text} at (0,0) size 365x112
        text run at (0,0) width 365: "Lorem ipsum dolor sit amet, consectetuer adipiscing elit. Nulla varius enim ac"
        text run at (0,14) width 357: "mi. Curabitur sollicitudin felis quis lectus. Quisque adipiscing rhoncus sem."
        text run at (0,28) width 364: "Proin nulla purus, vulputate vel, varius ut, euismod et, nisi. Sed vitae felis vel"
        text run at (0,42) width 349: "orci sagittis aliquam. Cras convallis adipiscing sem. Nam nonummy enim."
        text run at (0,56) width 346: "Nullam bibendum lobortis neque. Vestibulum velit orci, tempus euismod,"
        text run at (0,70) width 363: "pretium quis, interdum vitae, nulla. Phasellus eget ante et tortor condimentum"
        text run at (0,84) width 344: "vestibulum. Suspendisse hendrerit quam nec felis. Sed varius turpis vitae"
        text run at (0,98) width 293: "pede. Lorem ipsum dolor sit amet, consectetuer adipiscing elit."
    RenderBlock {P} at (0,130) size 369x112
      RenderText {#text} at (0,0) size 365x112
        text run at (0,0) width 365: "Lorem ipsum dolor sit amet, consectetuer adipiscing elit. Nulla varius enim ac"
        text run at (0,14) width 357: "mi. Curabitur sollicitudin felis quis lectus. Quisque adipiscing rhoncus sem."
        text run at (0,28) width 364: "Proin nulla purus, vulputate vel, varius ut, euismod et, nisi. Sed vitae felis vel"
        text run at (0,42) width 349: "orci sagittis aliquam. Cras convallis adipiscing sem. Nam nonummy enim."
        text run at (0,56) width 346: "Nullam bibendum lobortis neque. Vestibulum velit orci, tempus euismod,"
        text run at (0,70) width 363: "pretium quis, interdum vitae, nulla. Phasellus eget ante et tortor condimentum"
        text run at (0,84) width 344: "vestibulum. Suspendisse hendrerit quam nec felis. Sed varius turpis vitae"
        text run at (0,98) width 293: "pede. Lorem ipsum dolor sit amet, consectetuer adipiscing elit."
layer at (13,1960) size 750x68
  RenderBlock (anonymous multi-column) at (5,184) size 750x68
    RenderBlock {P} at (0,12) size 369x112
      RenderText {#text} at (0,0) size 365x112
        text run at (0,0) width 365: "Lorem ipsum dolor sit amet, consectetuer adipiscing elit. Nulla varius enim ac"
        text run at (0,14) width 357: "mi. Curabitur sollicitudin felis quis lectus. Quisque adipiscing rhoncus sem."
        text run at (0,28) width 364: "Proin nulla purus, vulputate vel, varius ut, euismod et, nisi. Sed vitae felis vel"
        text run at (0,42) width 349: "orci sagittis aliquam. Cras convallis adipiscing sem. Nam nonummy enim."
        text run at (0,56) width 346: "Nullam bibendum lobortis neque. Vestibulum velit orci, tempus euismod,"
        text run at (0,70) width 363: "pretium quis, interdum vitae, nulla. Phasellus eget ante et tortor condimentum"
        text run at (0,84) width 344: "vestibulum. Suspendisse hendrerit quam nec felis. Sed varius turpis vitae"
        text run at (0,98) width 293: "pede. Lorem ipsum dolor sit amet, consectetuer adipiscing elit."
