layer at (0,0) size 800x835
  RenderView at (0,0) size 800x600
layer at (0,0) size 800x835
  RenderBlock {HTML} at (0,0) size 800x835
    RenderBody {BODY} at (8,12) size 784x811
layer at (8,12) size 760x259
  RenderBlock {DIV} at (0,0) size 760x259 [border: (5px solid #800000)]
    RenderBlock (anonymous multi-column span) at (5,11) size 750x49 [color=#FFFFFF]
      RenderBlock {H2} at (0,14) size 750x21 [color=#000000] [bgcolor=#EEEEEE]
        RenderText {#text} at (0,0) size 505x21
          text run at (0,0) width 505: "This is a spanning element at the beginning of the columns block."
layer at (13,17) size 750x6
  RenderBlock (anonymous multi-column) at (5,5) size 750x6
    RenderBlock {SPAN} at (0,6) size 369x0 [color=#FFFFFF] [bgcolor=#000000]
layer at (13,72) size 750x194
  RenderBlock (anonymous multi-column) at (5,60) size 750x194
    RenderBlock {SPAN} at (0,12) size 369x112 [color=#FFFFFF] [bgcolor=#000000]
      RenderText {#text} at (0,0) size 365x112
        text run at (0,0) width 365: "Lorem ipsum dolor sit amet, consectetuer adipiscing elit. Nulla varius enim ac"
        text run at (0,14) width 357: "mi. Curabitur sollicitudin felis quis lectus. Quisque adipiscing rhoncus sem."
        text run at (0,28) width 364: "Proin nulla purus, vulputate vel, varius ut, euismod et, nisi. Sed vitae felis vel"
        text run at (0,42) width 349: "orci sagittis aliquam. Cras convallis adipiscing sem. Nam nonummy enim."
        text run at (0,56) width 346: "Nullam bibendum lobortis neque. Vestibulum velit orci, tempus euismod,"
        text run at (0,70) width 363: "pretium quis, interdum vitae, nulla. Phasellus eget ante et tortor condimentum"
        text run at (0,84) width 344: "vestibulum. Suspendisse hendrerit quam nec felis. Sed varius turpis vitae"
        text run at (0,98) width 293: "pede. Lorem ipsum dolor sit amet, consectetuer adipiscing elit."
    RenderBlock (anonymous) at (0,136) size 369x240
      RenderText {#text} at (0,0) size 366x240
        text run at (0,0) width 365: "Lorem ipsum dolor sit amet, consectetuer adipiscing elit. Nulla varius enim ac"
        text run at (0,14) width 357: "mi. Curabitur sollicitudin felis quis lectus. Quisque adipiscing rhoncus sem."
        text run at (0,28) width 364: "Proin nulla purus, vulputate vel, varius ut, euismod et, nisi. Sed vitae felis vel"
        text run at (0,42) width 349: "orci sagittis aliquam. Cras convallis adipiscing sem. Nam nonummy enim."
        text run at (0,58) width 346: "Nullam bibendum lobortis neque. Vestibulum velit orci, tempus euismod,"
        text run at (0,72) width 363: "pretium quis, interdum vitae, nulla. Phasellus eget ante et tortor condimentum"
        text run at (0,86) width 344: "vestibulum. Suspendisse hendrerit quam nec felis. Sed varius turpis vitae"
        text run at (0,100) width 296: "pede. Lorem ipsum dolor sit amet, consectetuer adipiscing elit. "
        text run at (296,100) width 63: "Lorem ipsum"
        text run at (0,114) width 365: "dolor sit amet, consectetuer adipiscing elit. Nulla varius enim ac mi. Curabitur"
        text run at (0,128) width 346: "sollicitudin felis quis lectus. Quisque adipiscing rhoncus sem. Proin nulla"
        text run at (0,142) width 366: "purus, vulputate vel, varius ut, euismod et, nisi. Sed vitae felis vel orci sagittis"
        text run at (0,156) width 330: "aliquam. Cras convallis adipiscing sem. Nam nonummy enim. Nullam"
        text run at (0,170) width 347: "bibendum lobortis neque. Vestibulum velit orci, tempus euismod, pretium"
        text run at (0,184) width 324: "quis, interdum vitae, nulla. Phasellus eget ante et tortor condimentum"
        text run at (0,198) width 344: "vestibulum. Suspendisse hendrerit quam nec felis. Sed varius turpis vitae"
        text run at (0,212) width 296: "pede. Lorem ipsum dolor sit amet, consectetuer adipiscing elit. "
        text run at (296,212) width 63: "Lorem ipsum"
        text run at (0,226) width 317: "dolor sit amet, consectetuer adipiscing elit. Nulla varius enim ac mi."
layer at (8,283) size 760x257
  RenderBlock {DIV} at (0,271) size 760x257 [border: (5px solid #800000)]
    RenderBlock (anonymous multi-column span) at (5,197) size 750x49 [color=#FFFFFF]
      RenderBlock {H2} at (0,14) size 750x21 [color=#000000] [bgcolor=#EEEEEE]
        RenderText {#text} at (0,0) size 457x21
          text run at (0,0) width 457: "This is a spanning element at the end of the columns block."
layer at (13,288) size 750x192
  RenderBlock (anonymous multi-column) at (5,5) size 750x192
    RenderBlock (anonymous) at (0,0) size 369x234
      RenderText {#text} at (0,0) size 366x234
        text run at (0,0) width 365: "Lorem ipsum dolor sit amet, consectetuer adipiscing elit. Nulla varius enim ac"
        text run at (0,14) width 357: "mi. Curabitur sollicitudin felis quis lectus. Quisque adipiscing rhoncus sem."
        text run at (0,28) width 364: "Proin nulla purus, vulputate vel, varius ut, euismod et, nisi. Sed vitae felis vel"
        text run at (0,42) width 349: "orci sagittis aliquam. Cras convallis adipiscing sem. Nam nonummy enim."
        text run at (0,56) width 346: "Nullam bibendum lobortis neque. Vestibulum velit orci, tempus euismod,"
        text run at (0,70) width 363: "pretium quis, interdum vitae, nulla. Phasellus eget ante et tortor condimentum"
        text run at (0,84) width 344: "vestibulum. Suspendisse hendrerit quam nec felis. Sed varius turpis vitae"
        text run at (0,98) width 296: "pede. Lorem ipsum dolor sit amet, consectetuer adipiscing elit. "
        text run at (296,98) width 63: "Lorem ipsum"
        text run at (0,112) width 365: "dolor sit amet, consectetuer adipiscing elit. Nulla varius enim ac mi. Curabitur"
        text run at (0,126) width 346: "sollicitudin felis quis lectus. Quisque adipiscing rhoncus sem. Proin nulla"
        text run at (0,140) width 366: "purus, vulputate vel, varius ut, euismod et, nisi. Sed vitae felis vel orci sagittis"
        text run at (0,154) width 330: "aliquam. Cras convallis adipiscing sem. Nam nonummy enim. Nullam"
        text run at (0,168) width 347: "bibendum lobortis neque. Vestibulum velit orci, tempus euismod, pretium"
        text run at (0,192) width 324: "quis, interdum vitae, nulla. Phasellus eget ante et tortor condimentum"
        text run at (0,206) width 344: "vestibulum. Suspendisse hendrerit quam nec felis. Sed varius turpis vitae"
        text run at (0,220) width 293: "pede. Lorem ipsum dolor sit amet, consectetuer adipiscing elit."
    RenderBlock {SPAN} at (0,246) size 369x126 [color=#FFFFFF] [bgcolor=#000000]
      RenderText {#text} at (0,0) size 365x126
        text run at (0,0) width 365: "Lorem ipsum dolor sit amet, consectetuer adipiscing elit. Nulla varius enim ac"
        text run at (0,14) width 357: "mi. Curabitur sollicitudin felis quis lectus. Quisque adipiscing rhoncus sem."
        text run at (0,28) width 364: "Proin nulla purus, vulputate vel, varius ut, euismod et, nisi. Sed vitae felis vel"
        text run at (0,42) width 349: "orci sagittis aliquam. Cras convallis adipiscing sem. Nam nonummy enim."
        text run at (0,56) width 346: "Nullam bibendum lobortis neque. Vestibulum velit orci, tempus euismod,"
        text run at (0,70) width 363: "pretium quis, interdum vitae, nulla. Phasellus eget ante et tortor condimentum"
        text run at (0,84) width 344: "vestibulum. Suspendisse hendrerit quam nec felis. Sed varius turpis vitae"
        text run at (0,98) width 296: "pede. Lorem ipsum dolor sit amet, consectetuer adipiscing elit. "
        text run at (296,98) width 63: "Lorem ipsum"
        text run at (0,112) width 317: "dolor sit amet, consectetuer adipiscing elit. Nulla varius enim ac mi."
layer at (13,529) size 750x6
  RenderBlock (anonymous multi-column) at (5,246) size 750x6
    RenderBlock {SPAN} at (0,6) size 369x0 [color=#FFFFFF] [bgcolor=#000000]
      RenderText {#text} at (0,0) size 0x0
layer at (8,552) size 760x271
  RenderBlock {DIV} at (0,540) size 760x271 [border: (5px solid #800000)]
    RenderBlock (anonymous multi-column span) at (5,93) size 750x49 [color=#FFFFFF]
      RenderBlock {H2} at (0,14) size 750x21 [color=#000000] [bgcolor=#EEEEEE]
        RenderText {#text} at (0,0) size 482x21
          text run at (0,0) width 482: "This is a spanning element in the middle of the columns block."
layer at (13,557) size 750x88
  RenderBlock (anonymous multi-column) at (5,5) size 750x88
    RenderBlock (anonymous) at (0,0) size 369x116
      RenderText {#text} at (0,0) size 365x116
        text run at (0,0) width 365: "Lorem ipsum dolor sit amet, consectetuer adipiscing elit. Nulla varius enim ac"
        text run at (0,14) width 357: "mi. Curabitur sollicitudin felis quis lectus. Quisque adipiscing rhoncus sem."
        text run at (0,28) width 364: "Proin nulla purus, vulputate vel, varius ut, euismod et, nisi. Sed vitae felis vel"
        text run at (0,42) width 349: "orci sagittis aliquam. Cras convallis adipiscing sem. Nam nonummy enim."
        text run at (0,56) width 346: "Nullam bibendum lobortis neque. Vestibulum velit orci, tempus euismod,"
        text run at (0,70) width 363: "pretium quis, interdum vitae, nulla. Phasellus eget ante et tortor condimentum"
        text run at (0,88) width 344: "vestibulum. Suspendisse hendrerit quam nec felis. Sed varius turpis vitae"
        text run at (0,102) width 293: "pede. Lorem ipsum dolor sit amet, consectetuer adipiscing elit."
    RenderBlock {SPAN} at (0,128) size 369x28 [color=#FFFFFF] [bgcolor=#000000]
      RenderText {#text} at (0,0) size 365x28
        text run at (0,0) width 365: "Lorem ipsum dolor sit amet, consectetuer adipiscing elit. Nulla varius enim ac"
        text run at (0,14) width 15: "mi."
layer at (13,694) size 750x124
  RenderBlock (anonymous multi-column) at (5,142) size 750x124
    RenderBlock {SPAN} at (0,12) size 369x112 [color=#FFFFFF] [bgcolor=#000000]
      RenderText {#text} at (0,0) size 365x112
        text run at (0,0) width 365: "Lorem ipsum dolor sit amet, consectetuer adipiscing elit. Nulla varius enim ac"
        text run at (0,14) width 357: "mi. Curabitur sollicitudin felis quis lectus. Quisque adipiscing rhoncus sem."
        text run at (0,28) width 364: "Proin nulla purus, vulputate vel, varius ut, euismod et, nisi. Sed vitae felis vel"
        text run at (0,42) width 349: "orci sagittis aliquam. Cras convallis adipiscing sem. Nam nonummy enim."
        text run at (0,56) width 346: "Nullam bibendum lobortis neque. Vestibulum velit orci, tempus euismod,"
        text run at (0,70) width 363: "pretium quis, interdum vitae, nulla. Phasellus eget ante et tortor condimentum"
        text run at (0,84) width 344: "vestibulum. Suspendisse hendrerit quam nec felis. Sed varius turpis vitae"
        text run at (0,98) width 293: "pede. Lorem ipsum dolor sit amet, consectetuer adipiscing elit."
    RenderBlock (anonymous) at (0,136) size 369x112
      RenderText {#text} at (0,0) size 365x112
        text run at (0,0) width 365: "Lorem ipsum dolor sit amet, consectetuer adipiscing elit. Nulla varius enim ac"
        text run at (0,14) width 357: "mi. Curabitur sollicitudin felis quis lectus. Quisque adipiscing rhoncus sem."
        text run at (0,28) width 364: "Proin nulla purus, vulputate vel, varius ut, euismod et, nisi. Sed vitae felis vel"
        text run at (0,42) width 349: "orci sagittis aliquam. Cras convallis adipiscing sem. Nam nonummy enim."
        text run at (0,56) width 346: "Nullam bibendum lobortis neque. Vestibulum velit orci, tempus euismod,"
        text run at (0,70) width 363: "pretium quis, interdum vitae, nulla. Phasellus eget ante et tortor condimentum"
        text run at (0,84) width 344: "vestibulum. Suspendisse hendrerit quam nec felis. Sed varius turpis vitae"
        text run at (0,98) width 293: "pede. Lorem ipsum dolor sit amet, consectetuer adipiscing elit."
