layer at (0,0) size 800x1493
  RenderView at (0,0) size 800x600
layer at (0,0) size 800x1493
  RenderBlock {HTML} at (0,0) size 800x1493
    RenderBody {BODY} at (8,8) size 784x1473
      RenderBlock (anonymous) at (0,0) size 784x14
        RenderText {#text} at (0,0) size 599x14
          text run at (0,0) width 599: "In this test, all of the spanning elements have their spans turned off dynamically, and so they should just be in the column flow."
        RenderText {#text} at (0,0) size 0x0
layer at (8,34) size 760x217
  RenderBlock {DIV} at (0,26) size 760x217 [border: (5px solid #800000)]
    RenderBlock (anonymous multi-column span) at (5,5) size 750x0
layer at (13,39) size 750x207
  RenderBlock (anonymous multi-column) at (5,5) size 750x207
    RenderBlock {H2} at (0,14) size 369x21 [bgcolor=#EEEEEE]
      RenderText {#text} at (0,0) size 210x21
        text run at (0,0) width 210: "This is a spanning element."
    RenderBlock (anonymous) at (0,49) size 369x354
      RenderText {#text} at (0,0) size 366x354
        text run at (0,0) width 365: "Lorem ipsum dolor sit amet, consectetuer adipiscing elit. Nulla varius enim ac"
        text run at (0,14) width 357: "mi. Curabitur sollicitudin felis quis lectus. Quisque adipiscing rhoncus sem."
        text run at (0,28) width 364: "Proin nulla purus, vulputate vel, varius ut, euismod et, nisi. Sed vitae felis vel"
        text run at (0,42) width 349: "orci sagittis aliquam. Cras convallis adipiscing sem. Nam nonummy enim."
        text run at (0,56) width 346: "Nullam bibendum lobortis neque. Vestibulum velit orci, tempus euismod,"
        text run at (0,70) width 363: "pretium quis, interdum vitae, nulla. Phasellus eget ante et tortor condimentum"
        text run at (0,84) width 344: "vestibulum. Suspendisse hendrerit quam nec felis. Sed varius turpis vitae"
        text run at (0,98) width 296: "pede. Lorem ipsum dolor sit amet, consectetuer adipiscing elit. "
        text run at (296,98) width 63: "Lorem ipsum"
        text run at (0,112) width 365: "dolor sit amet, consectetuer adipiscing elit. Nulla varius enim ac mi. Curabitur"
        text run at (0,126) width 346: "sollicitudin felis quis lectus. Quisque adipiscing rhoncus sem. Proin nulla"
        text run at (0,140) width 366: "purus, vulputate vel, varius ut, euismod et, nisi. Sed vitae felis vel orci sagittis"
        text run at (0,158) width 330: "aliquam. Cras convallis adipiscing sem. Nam nonummy enim. Nullam"
        text run at (0,172) width 347: "bibendum lobortis neque. Vestibulum velit orci, tempus euismod, pretium"
        text run at (0,186) width 324: "quis, interdum vitae, nulla. Phasellus eget ante et tortor condimentum"
        text run at (0,200) width 344: "vestibulum. Suspendisse hendrerit quam nec felis. Sed varius turpis vitae"
        text run at (0,214) width 296: "pede. Lorem ipsum dolor sit amet, consectetuer adipiscing elit. "
        text run at (296,214) width 63: "Lorem ipsum"
        text run at (0,228) width 365: "dolor sit amet, consectetuer adipiscing elit. Nulla varius enim ac mi. Curabitur"
        text run at (0,242) width 346: "sollicitudin felis quis lectus. Quisque adipiscing rhoncus sem. Proin nulla"
        text run at (0,256) width 366: "purus, vulputate vel, varius ut, euismod et, nisi. Sed vitae felis vel orci sagittis"
        text run at (0,270) width 330: "aliquam. Cras convallis adipiscing sem. Nam nonummy enim. Nullam"
        text run at (0,284) width 347: "bibendum lobortis neque. Vestibulum velit orci, tempus euismod, pretium"
        text run at (0,298) width 324: "quis, interdum vitae, nulla. Phasellus eget ante et tortor condimentum"
        text run at (0,312) width 344: "vestibulum. Suspendisse hendrerit quam nec felis. Sed varius turpis vitae"
        text run at (0,326) width 296: "pede. Lorem ipsum dolor sit amet, consectetuer adipiscing elit. "
        text run at (296,326) width 63: "Lorem ipsum"
        text run at (0,340) width 317: "dolor sit amet, consectetuer adipiscing elit. Nulla varius enim ac mi."
layer at (8,263) size 760x217
  RenderBlock {DIV} at (0,255) size 760x217 [border: (5px solid #800000)]
    RenderBlock (anonymous multi-column span) at (5,187) size 750x0
layer at (13,268) size 750x182
  RenderBlock (anonymous multi-column) at (5,5) size 750x182
    RenderText {#text} at (0,0) size 366x350
      text run at (0,0) width 365: "Lorem ipsum dolor sit amet, consectetuer adipiscing elit. Nulla varius enim ac"
      text run at (0,14) width 357: "mi. Curabitur sollicitudin felis quis lectus. Quisque adipiscing rhoncus sem."
      text run at (0,28) width 364: "Proin nulla purus, vulputate vel, varius ut, euismod et, nisi. Sed vitae felis vel"
      text run at (0,42) width 349: "orci sagittis aliquam. Cras convallis adipiscing sem. Nam nonummy enim."
      text run at (0,56) width 346: "Nullam bibendum lobortis neque. Vestibulum velit orci, tempus euismod,"
      text run at (0,70) width 363: "pretium quis, interdum vitae, nulla. Phasellus eget ante et tortor condimentum"
      text run at (0,84) width 344: "vestibulum. Suspendisse hendrerit quam nec felis. Sed varius turpis vitae"
      text run at (0,98) width 296: "pede. Lorem ipsum dolor sit amet, consectetuer adipiscing elit. "
      text run at (296,98) width 63: "Lorem ipsum"
      text run at (0,112) width 365: "dolor sit amet, consectetuer adipiscing elit. Nulla varius enim ac mi. Curabitur"
      text run at (0,126) width 346: "sollicitudin felis quis lectus. Quisque adipiscing rhoncus sem. Proin nulla"
      text run at (0,140) width 366: "purus, vulputate vel, varius ut, euismod et, nisi. Sed vitae felis vel orci sagittis"
      text run at (0,154) width 330: "aliquam. Cras convallis adipiscing sem. Nam nonummy enim. Nullam"
      text run at (0,168) width 347: "bibendum lobortis neque. Vestibulum velit orci, tempus euismod, pretium"
      text run at (0,182) width 324: "quis, interdum vitae, nulla. Phasellus eget ante et tortor condimentum"
      text run at (0,196) width 344: "vestibulum. Suspendisse hendrerit quam nec felis. Sed varius turpis vitae"
      text run at (0,210) width 296: "pede. Lorem ipsum dolor sit amet, consectetuer adipiscing elit. "
      text run at (296,210) width 63: "Lorem ipsum"
      text run at (0,224) width 365: "dolor sit amet, consectetuer adipiscing elit. Nulla varius enim ac mi. Curabitur"
      text run at (0,238) width 346: "sollicitudin felis quis lectus. Quisque adipiscing rhoncus sem. Proin nulla"
      text run at (0,252) width 366: "purus, vulputate vel, varius ut, euismod et, nisi. Sed vitae felis vel orci sagittis"
      text run at (0,266) width 330: "aliquam. Cras convallis adipiscing sem. Nam nonummy enim. Nullam"
      text run at (0,280) width 347: "bibendum lobortis neque. Vestibulum velit orci, tempus euismod, pretium"
      text run at (0,294) width 324: "quis, interdum vitae, nulla. Phasellus eget ante et tortor condimentum"
      text run at (0,308) width 344: "vestibulum. Suspendisse hendrerit quam nec felis. Sed varius turpis vitae"
      text run at (0,322) width 296: "pede. Lorem ipsum dolor sit amet, consectetuer adipiscing elit. "
      text run at (296,322) width 63: "Lorem ipsum"
      text run at (0,336) width 317: "dolor sit amet, consectetuer adipiscing elit. Nulla varius enim ac mi."
layer at (13,450) size 750x25
  RenderBlock (anonymous multi-column) at (5,187) size 750x25
    RenderBlock {H2} at (0,14) size 369x21 [bgcolor=#EEEEEE]
      RenderText {#text} at (0,0) size 210x21
        text run at (0,0) width 210: "This is a spanning element."
layer at (8,492) size 760x240
  RenderBlock {DIV} at (0,484) size 760x240 [border: (5px solid #800000)]
    RenderBlock (anonymous multi-column span) at (5,87) size 750x0
layer at (13,497) size 750x82
  RenderBlock (anonymous multi-column) at (5,5) size 750x82
    RenderBlock {P} at (0,12) size 369x126
      RenderText {#text} at (0,0) size 365x126
        text run at (0,0) width 365: "Lorem ipsum dolor sit amet, consectetuer adipiscing elit. Nulla varius enim ac"
        text run at (0,14) width 357: "mi. Curabitur sollicitudin felis quis lectus. Quisque adipiscing rhoncus sem."
        text run at (0,28) width 364: "Proin nulla purus, vulputate vel, varius ut, euismod et, nisi. Sed vitae felis vel"
        text run at (0,42) width 349: "orci sagittis aliquam. Cras convallis adipiscing sem. Nam nonummy enim."
        text run at (0,56) width 346: "Nullam bibendum lobortis neque. Vestibulum velit orci, tempus euismod,"
        text run at (0,70) width 363: "pretium quis, interdum vitae, nulla. Phasellus eget ante et tortor condimentum"
        text run at (0,84) width 344: "vestibulum. Suspendisse hendrerit quam nec felis. Sed varius turpis vitae"
        text run at (0,98) width 296: "pede. Lorem ipsum dolor sit amet, consectetuer adipiscing elit. "
        text run at (296,98) width 63: "Lorem ipsum"
        text run at (0,112) width 317: "dolor sit amet, consectetuer adipiscing elit. Nulla varius enim ac mi."
layer at (13,579) size 750x148
  RenderBlock (anonymous multi-column) at (5,87) size 750x148
    RenderBlock {H2} at (0,14) size 369x21 [bgcolor=#EEEEEE]
      RenderText {#text} at (0,0) size 210x21
        text run at (0,0) width 210: "This is a spanning element."
    RenderBlock {P} at (0,49) size 369x225
      RenderText {#text} at (0,0) size 366x225
        text run at (0,0) width 365: "Lorem ipsum dolor sit amet, consectetuer adipiscing elit. Nulla varius enim ac"
        text run at (0,14) width 357: "mi. Curabitur sollicitudin felis quis lectus. Quisque adipiscing rhoncus sem."
        text run at (0,28) width 364: "Proin nulla purus, vulputate vel, varius ut, euismod et, nisi. Sed vitae felis vel"
        text run at (0,42) width 349: "orci sagittis aliquam. Cras convallis adipiscing sem. Nam nonummy enim."
        text run at (0,56) width 346: "Nullam bibendum lobortis neque. Vestibulum velit orci, tempus euismod,"
        text run at (0,70) width 363: "pretium quis, interdum vitae, nulla. Phasellus eget ante et tortor condimentum"
        text run at (0,84) width 344: "vestibulum. Suspendisse hendrerit quam nec felis. Sed varius turpis vitae"
        text run at (0,99) width 296: "pede. Lorem ipsum dolor sit amet, consectetuer adipiscing elit. "
        text run at (296,99) width 63: "Lorem ipsum"
        text run at (0,113) width 365: "dolor sit amet, consectetuer adipiscing elit. Nulla varius enim ac mi. Curabitur"
        text run at (0,127) width 346: "sollicitudin felis quis lectus. Quisque adipiscing rhoncus sem. Proin nulla"
        text run at (0,141) width 366: "purus, vulputate vel, varius ut, euismod et, nisi. Sed vitae felis vel orci sagittis"
        text run at (0,155) width 330: "aliquam. Cras convallis adipiscing sem. Nam nonummy enim. Nullam"
        text run at (0,169) width 347: "bibendum lobortis neque. Vestibulum velit orci, tempus euismod, pretium"
        text run at (0,183) width 324: "quis, interdum vitae, nulla. Phasellus eget ante et tortor condimentum"
        text run at (0,197) width 344: "vestibulum. Suspendisse hendrerit quam nec felis. Sed varius turpis vitae"
        text run at (0,211) width 293: "pede. Lorem ipsum dolor sit amet, consectetuer adipiscing elit."
layer at (8,744) size 760x230
  RenderBlock {DIV} at (0,736) size 760x230 [border: (5px solid #800000)]
    RenderBlock (anonymous multi-column span) at (5,75) size 750x0
layer at (13,749) size 750x70
  RenderBlock (anonymous multi-column) at (5,5) size 750x70
    RenderBlock (anonymous) at (0,0) size 369x126
      RenderText {#text} at (0,0) size 365x126
        text run at (0,0) width 365: "Lorem ipsum dolor sit amet, consectetuer adipiscing elit. Nulla varius enim ac"
        text run at (0,14) width 357: "mi. Curabitur sollicitudin felis quis lectus. Quisque adipiscing rhoncus sem."
        text run at (0,28) width 364: "Proin nulla purus, vulputate vel, varius ut, euismod et, nisi. Sed vitae felis vel"
        text run at (0,42) width 349: "orci sagittis aliquam. Cras convallis adipiscing sem. Nam nonummy enim."
        text run at (0,56) width 346: "Nullam bibendum lobortis neque. Vestibulum velit orci, tempus euismod,"
        text run at (0,70) width 363: "pretium quis, interdum vitae, nulla. Phasellus eget ante et tortor condimentum"
        text run at (0,84) width 344: "vestibulum. Suspendisse hendrerit quam nec felis. Sed varius turpis vitae"
        text run at (0,98) width 296: "pede. Lorem ipsum dolor sit amet, consectetuer adipiscing elit. "
        text run at (296,98) width 63: "Lorem ipsum"
        text run at (0,112) width 317: "dolor sit amet, consectetuer adipiscing elit. Nulla varius enim ac mi."
layer at (13,819) size 750x150
  RenderBlock (anonymous multi-column) at (5,75) size 750x150
    RenderBlock {H2} at (0,14) size 369x21 [bgcolor=#EEEEEE]
      RenderText {#text} at (0,0) size 210x21
        text run at (0,0) width 210: "This is a spanning element."
    RenderBlock (anonymous) at (0,49) size 369x115
      RenderInline {SPAN} at (0,0) size 31x14
        RenderText {#text} at (0,0) size 31x14
          text run at (0,0) width 31: "Lorem"
      RenderText {#text} at (31,0) size 365x115
        text run at (31,0) width 334: " ipsum dolor sit amet, consectetuer adipiscing elit. Nulla varius enim ac"
        text run at (0,14) width 357: "mi. Curabitur sollicitudin felis quis lectus. Quisque adipiscing rhoncus sem."
        text run at (0,28) width 364: "Proin nulla purus, vulputate vel, varius ut, euismod et, nisi. Sed vitae felis vel"
        text run at (0,42) width 349: "orci sagittis aliquam. Cras convallis adipiscing sem. Nam nonummy enim."
        text run at (0,56) width 346: "Nullam bibendum lobortis neque. Vestibulum velit orci, tempus euismod,"
        text run at (0,70) width 363: "pretium quis, interdum vitae, nulla. Phasellus eget ante et tortor condimentum"
        text run at (0,84) width 344: "vestibulum. Suspendisse hendrerit quam nec felis. Sed varius turpis vitae"
        text run at (0,101) width 293: "pede. Lorem ipsum dolor sit amet, consectetuer adipiscing elit."
    RenderBlock {P} at (0,176) size 369x112
      RenderText {#text} at (0,0) size 365x112
        text run at (0,0) width 365: "Lorem ipsum dolor sit amet, consectetuer adipiscing elit. Nulla varius enim ac"
        text run at (0,14) width 357: "mi. Curabitur sollicitudin felis quis lectus. Quisque adipiscing rhoncus sem."
        text run at (0,28) width 364: "Proin nulla purus, vulputate vel, varius ut, euismod et, nisi. Sed vitae felis vel"
        text run at (0,42) width 349: "orci sagittis aliquam. Cras convallis adipiscing sem. Nam nonummy enim."
        text run at (0,56) width 346: "Nullam bibendum lobortis neque. Vestibulum velit orci, tempus euismod,"
        text run at (0,70) width 363: "pretium quis, interdum vitae, nulla. Phasellus eget ante et tortor condimentum"
        text run at (0,84) width 344: "vestibulum. Suspendisse hendrerit quam nec felis. Sed varius turpis vitae"
        text run at (0,98) width 293: "pede. Lorem ipsum dolor sit amet, consectetuer adipiscing elit."
layer at (8,986) size 760x228
  RenderBlock {DIV} at (0,978) size 760x228 [border: (5px solid #800000)]
    RenderBlock (anonymous multi-column span) at (5,131) size 750x0
layer at (13,991) size 750x126
  RenderBlock (anonymous multi-column) at (5,5) size 750x126
    RenderBlock (anonymous) at (0,0) size 369x112
      RenderInline {SPAN} at (0,0) size 365x112
        RenderText {#text} at (0,0) size 365x112
          text run at (0,0) width 365: "Lorem ipsum dolor sit amet, consectetuer adipiscing elit. Nulla varius enim ac"
          text run at (0,14) width 357: "mi. Curabitur sollicitudin felis quis lectus. Quisque adipiscing rhoncus sem."
          text run at (0,28) width 364: "Proin nulla purus, vulputate vel, varius ut, euismod et, nisi. Sed vitae felis vel"
          text run at (0,42) width 349: "orci sagittis aliquam. Cras convallis adipiscing sem. Nam nonummy enim."
          text run at (0,56) width 346: "Nullam bibendum lobortis neque. Vestibulum velit orci, tempus euismod,"
          text run at (0,70) width 363: "pretium quis, interdum vitae, nulla. Phasellus eget ante et tortor condimentum"
          text run at (0,84) width 344: "vestibulum. Suspendisse hendrerit quam nec felis. Sed varius turpis vitae"
          text run at (0,98) width 293: "pede. Lorem ipsum dolor sit amet, consectetuer adipiscing elit."
    RenderBlock (anonymous) at (0,112) size 369x28
      RenderBlock {SPAN} at (0,0) size 369x28
        RenderText {#text} at (0,0) size 365x28
          text run at (0,0) width 365: "Lorem ipsum dolor sit amet, consectetuer adipiscing elit. Nulla varius enim ac"
          text run at (0,14) width 15: "mi."
    RenderBlock (anonymous) at (0,140) size 369x112
      RenderInline {SPAN} at (0,0) size 31x14
        RenderText {#text} at (0,0) size 31x14
          text run at (0,0) width 31: "Lorem"
      RenderText {#text} at (31,0) size 365x112
        text run at (31,0) width 334: " ipsum dolor sit amet, consectetuer adipiscing elit. Nulla varius enim ac"
        text run at (0,14) width 357: "mi. Curabitur sollicitudin felis quis lectus. Quisque adipiscing rhoncus sem."
        text run at (0,28) width 364: "Proin nulla purus, vulputate vel, varius ut, euismod et, nisi. Sed vitae felis vel"
        text run at (0,42) width 349: "orci sagittis aliquam. Cras convallis adipiscing sem. Nam nonummy enim."
        text run at (0,56) width 346: "Nullam bibendum lobortis neque. Vestibulum velit orci, tempus euismod,"
        text run at (0,70) width 363: "pretium quis, interdum vitae, nulla. Phasellus eget ante et tortor condimentum"
        text run at (0,84) width 344: "vestibulum. Suspendisse hendrerit quam nec felis. Sed varius turpis vitae"
        text run at (0,98) width 293: "pede. Lorem ipsum dolor sit amet, consectetuer adipiscing elit."
layer at (13,1117) size 750x92
  RenderBlock (anonymous multi-column) at (5,131) size 750x92
    RenderBlock {H2} at (0,14) size 369x21 [bgcolor=#EEEEEE]
      RenderText {#text} at (0,0) size 210x21
        text run at (0,0) width 210: "This is a spanning element."
    RenderBlock {P} at (0,49) size 369x113
      RenderText {#text} at (0,0) size 365x113
        text run at (0,0) width 365: "Lorem ipsum dolor sit amet, consectetuer adipiscing elit. Nulla varius enim ac"
        text run at (0,14) width 357: "mi. Curabitur sollicitudin felis quis lectus. Quisque adipiscing rhoncus sem."
        text run at (0,28) width 364: "Proin nulla purus, vulputate vel, varius ut, euismod et, nisi. Sed vitae felis vel"
        text run at (0,43) width 349: "orci sagittis aliquam. Cras convallis adipiscing sem. Nam nonummy enim."
        text run at (0,57) width 346: "Nullam bibendum lobortis neque. Vestibulum velit orci, tempus euismod,"
        text run at (0,71) width 363: "pretium quis, interdum vitae, nulla. Phasellus eget ante et tortor condimentum"
        text run at (0,85) width 344: "vestibulum. Suspendisse hendrerit quam nec felis. Sed varius turpis vitae"
        text run at (0,99) width 293: "pede. Lorem ipsum dolor sit amet, consectetuer adipiscing elit."
layer at (8,1226) size 760x255
  RenderBlock {DIV} at (0,1218) size 760x255 [border: (5px solid #800000)]
    RenderBlock (anonymous multi-column span) at (5,155) size 750x0
layer at (13,1231) size 750x150
  RenderBlock (anonymous multi-column) at (5,5) size 750x150
    RenderBlock {P} at (0,12) size 369x112
      RenderText {#text} at (0,0) size 365x112
        text run at (0,0) width 365: "Lorem ipsum dolor sit amet, consectetuer adipiscing elit. Nulla varius enim ac"
        text run at (0,14) width 357: "mi. Curabitur sollicitudin felis quis lectus. Quisque adipiscing rhoncus sem."
        text run at (0,28) width 364: "Proin nulla purus, vulputate vel, varius ut, euismod et, nisi. Sed vitae felis vel"
        text run at (0,42) width 349: "orci sagittis aliquam. Cras convallis adipiscing sem. Nam nonummy enim."
        text run at (0,56) width 346: "Nullam bibendum lobortis neque. Vestibulum velit orci, tempus euismod,"
        text run at (0,70) width 363: "pretium quis, interdum vitae, nulla. Phasellus eget ante et tortor condimentum"
        text run at (0,84) width 344: "vestibulum. Suspendisse hendrerit quam nec felis. Sed varius turpis vitae"
        text run at (0,98) width 293: "pede. Lorem ipsum dolor sit amet, consectetuer adipiscing elit."
    RenderBlock {P} at (0,136) size 369x28
      RenderText {#text} at (0,0) size 365x28
        text run at (0,0) width 365: "Lorem ipsum dolor sit amet, consectetuer adipiscing elit. Nulla varius enim ac"
        text run at (0,14) width 15: "mi."
    RenderBlock {P} at (0,176) size 369x112
      RenderText {#text} at (0,0) size 365x112
        text run at (0,0) width 365: "Lorem ipsum dolor sit amet, consectetuer adipiscing elit. Nulla varius enim ac"
        text run at (0,14) width 357: "mi. Curabitur sollicitudin felis quis lectus. Quisque adipiscing rhoncus sem."
        text run at (0,28) width 364: "Proin nulla purus, vulputate vel, varius ut, euismod et, nisi. Sed vitae felis vel"
        text run at (0,42) width 349: "orci sagittis aliquam. Cras convallis adipiscing sem. Nam nonummy enim."
        text run at (0,56) width 346: "Nullam bibendum lobortis neque. Vestibulum velit orci, tempus euismod,"
        text run at (0,70) width 363: "pretium quis, interdum vitae, nulla. Phasellus eget ante et tortor condimentum"
        text run at (0,84) width 344: "vestibulum. Suspendisse hendrerit quam nec felis. Sed varius turpis vitae"
        text run at (0,98) width 293: "pede. Lorem ipsum dolor sit amet, consectetuer adipiscing elit."
layer at (13,1381) size 750x95
  RenderBlock (anonymous multi-column) at (5,155) size 750x95
    RenderBlock {H2} at (0,14) size 369x21 [bgcolor=#EEEEEE]
      RenderText {#text} at (0,0) size 210x21
        text run at (0,0) width 210: "This is a spanning element."
    RenderBlock (anonymous) at (0,49) size 369x14
      RenderInline {SPAN} at (0,0) size 265x14
        RenderText {#text} at (0,0) size 265x14
          text run at (0,0) width 265: "Lorem ipsum dolor sit amet, consectetuer adipiscing elit."
    RenderBlock (anonymous) at (0,63) size 369x14
      RenderBlock {SPAN} at (0,0) size 369x14
        RenderText {#text} at (0,0) size 115x14
          text run at (0,0) width 115: "Nulla varius enim ac mi."
    RenderBlock (anonymous) at (0,77) size 369x102
      RenderInline {SPAN} at (0,0) size 368x102
        RenderText {#text} at (0,0) size 368x102
          text run at (0,0) width 368: "Curabitur sollicitudin felis quis lectus. Quisque adipiscing rhoncus sem. Proin"
          text run at (0,18) width 356: "nulla purus, vulputate vel, varius ut, euismod et, nisi. Sed vitae felis vel orci"
          text run at (0,32) width 366: "sagittis aliquam. Cras convallis adipiscing sem. Nam nonummy enim. Nullam"
          text run at (0,46) width 347: "bibendum lobortis neque. Vestibulum velit orci, tempus euismod, pretium"
          text run at (0,60) width 324: "quis, interdum vitae, nulla. Phasellus eget ante et tortor condimentum"
          text run at (0,74) width 344: "vestibulum. Suspendisse hendrerit quam nec felis. Sed varius turpis vitae"
          text run at (0,88) width 293: "pede. Lorem ipsum dolor sit amet, consectetuer adipiscing elit."
      RenderText {#text} at (0,0) size 0x0
