layer at (0,0) size 800x1166
  RenderView at (0,0) size 800x600
layer at (0,0) size 800x1166
  RenderBlock {HTML} at (0,0) size 800x1166
    RenderBody {BODY} at (8,12) size 784x1142
layer at (8,12) size 750x252
  RenderBlock {DIV} at (0,0) size 750x252 [bgcolor=#EEEEEE]
    RenderBlock (anonymous multi-column span) at (0,0) size 750x70
      RenderBlock {H2} at (0,14) size 750x42 [bgcolor=#CCCCCC]
        RenderText {#text} at (0,0) size 736x42
          text run at (0,0) width 510: "This is a spanning element at the beginning of the columns block. "
          text run at (510,0) width 226: "It should collapse its margins"
          text run at (0,21) width 188: "with the top of the page."
layer at (8,82) size 750x182
  RenderBlock (anonymous multi-column) at (0,70) size 750x182
    RenderText {#text} at (0,0) size 366x350
      text run at (0,0) width 365: "Lorem ipsum dolor sit amet, consectetuer adipiscing elit. Nulla varius enim ac"
      text run at (0,14) width 357: "mi. Curabitur sollicitudin felis quis lectus. Quisque adipiscing rhoncus sem."
      text run at (0,28) width 364: "Proin nulla purus, vulputate vel, varius ut, euismod et, nisi. Sed vitae felis vel"
      text run at (0,42) width 349: "orci sagittis aliquam. Cras convallis adipiscing sem. Nam nonummy enim."
      text run at (0,56) width 346: "Nullam bibendum lobortis neque. Vestibulum velit orci, tempus euismod,"
      text run at (0,70) width 363: "pretium quis, interdum vitae, nulla. Phasellus eget ante et tortor condimentum"
      text run at (0,84) width 344: "vestibulum. Suspendisse hendrerit quam nec felis. Sed varius turpis vitae"
      text run at (0,98) width 296: "pede. Lorem ipsum dolor sit amet, consectetuer adipiscing elit. "
      text run at (296,98) width 63: "Lorem ipsum"
      text run at (0,112) width 365: "dolor sit amet, consectetuer adipiscing elit. Nulla varius enim ac mi. Curabitur"
      text run at (0,126) width 346: "sollicitudin felis quis lectus. Quisque adipiscing rhoncus sem. Proin nulla"
      text run at (0,140) width 366: "purus, vulputate vel, varius ut, euismod et, nisi. Sed vitae felis vel orci sagittis"
      text run at (0,154) width 330: "aliquam. Cras convallis adipiscing sem. Nam nonummy enim. Nullam"
      text run at (0,168) width 347: "bibendum lobortis neque. Vestibulum velit orci, tempus euismod, pretium"
      text run at (0,182) width 324: "quis, interdum vitae, nulla. Phasellus eget ante et tortor condimentum"
      text run at (0,196) width 344: "vestibulum. Suspendisse hendrerit quam nec felis. Sed varius turpis vitae"
      text run at (0,210) width 296: "pede. Lorem ipsum dolor sit amet, consectetuer adipiscing elit. "
      text run at (296,210) width 63: "Lorem ipsum"
      text run at (0,224) width 365: "dolor sit amet, consectetuer adipiscing elit. Nulla varius enim ac mi. Curabitur"
      text run at (0,238) width 346: "sollicitudin felis quis lectus. Quisque adipiscing rhoncus sem. Proin nulla"
      text run at (0,252) width 366: "purus, vulputate vel, varius ut, euismod et, nisi. Sed vitae felis vel orci sagittis"
      text run at (0,266) width 330: "aliquam. Cras convallis adipiscing sem. Nam nonummy enim. Nullam"
      text run at (0,280) width 347: "bibendum lobortis neque. Vestibulum velit orci, tempus euismod, pretium"
      text run at (0,294) width 324: "quis, interdum vitae, nulla. Phasellus eget ante et tortor condimentum"
      text run at (0,308) width 344: "vestibulum. Suspendisse hendrerit quam nec felis. Sed varius turpis vitae"
      text run at (0,322) width 296: "pede. Lorem ipsum dolor sit amet, consectetuer adipiscing elit. "
      text run at (296,322) width 63: "Lorem ipsum"
      text run at (0,336) width 317: "dolor sit amet, consectetuer adipiscing elit. Nulla varius enim ac mi."
layer at (8,276) size 750x252
  RenderBlock {DIV} at (0,264) size 750x252 [bgcolor=#EEEEEE]
    RenderBlock (anonymous multi-column span) at (0,182) size 750x70
      RenderBlock {H2} at (0,14) size 750x42 [bgcolor=#CCCCCC]
        RenderText {#text} at (0,0) size 727x42
          text run at (0,0) width 462: "This is a spanning element at the end of the columns block. "
          text run at (462,0) width 265: "It should collapse its margins with"
          text run at (0,21) width 187: "the h2 in the next block."
layer at (8,276) size 750x182
  RenderBlock (anonymous multi-column) at (0,0) size 750x182
    RenderText {#text} at (0,0) size 366x350
      text run at (0,0) width 365: "Lorem ipsum dolor sit amet, consectetuer adipiscing elit. Nulla varius enim ac"
      text run at (0,14) width 357: "mi. Curabitur sollicitudin felis quis lectus. Quisque adipiscing rhoncus sem."
      text run at (0,28) width 364: "Proin nulla purus, vulputate vel, varius ut, euismod et, nisi. Sed vitae felis vel"
      text run at (0,42) width 349: "orci sagittis aliquam. Cras convallis adipiscing sem. Nam nonummy enim."
      text run at (0,56) width 346: "Nullam bibendum lobortis neque. Vestibulum velit orci, tempus euismod,"
      text run at (0,70) width 363: "pretium quis, interdum vitae, nulla. Phasellus eget ante et tortor condimentum"
      text run at (0,84) width 344: "vestibulum. Suspendisse hendrerit quam nec felis. Sed varius turpis vitae"
      text run at (0,98) width 296: "pede. Lorem ipsum dolor sit amet, consectetuer adipiscing elit. "
      text run at (296,98) width 63: "Lorem ipsum"
      text run at (0,112) width 365: "dolor sit amet, consectetuer adipiscing elit. Nulla varius enim ac mi. Curabitur"
      text run at (0,126) width 346: "sollicitudin felis quis lectus. Quisque adipiscing rhoncus sem. Proin nulla"
      text run at (0,140) width 366: "purus, vulputate vel, varius ut, euismod et, nisi. Sed vitae felis vel orci sagittis"
      text run at (0,154) width 330: "aliquam. Cras convallis adipiscing sem. Nam nonummy enim. Nullam"
      text run at (0,168) width 347: "bibendum lobortis neque. Vestibulum velit orci, tempus euismod, pretium"
      text run at (0,182) width 324: "quis, interdum vitae, nulla. Phasellus eget ante et tortor condimentum"
      text run at (0,196) width 344: "vestibulum. Suspendisse hendrerit quam nec felis. Sed varius turpis vitae"
      text run at (0,210) width 296: "pede. Lorem ipsum dolor sit amet, consectetuer adipiscing elit. "
      text run at (296,210) width 63: "Lorem ipsum"
      text run at (0,224) width 365: "dolor sit amet, consectetuer adipiscing elit. Nulla varius enim ac mi. Curabitur"
      text run at (0,238) width 346: "sollicitudin felis quis lectus. Quisque adipiscing rhoncus sem. Proin nulla"
      text run at (0,252) width 366: "purus, vulputate vel, varius ut, euismod et, nisi. Sed vitae felis vel orci sagittis"
      text run at (0,266) width 330: "aliquam. Cras convallis adipiscing sem. Nam nonummy enim. Nullam"
      text run at (0,280) width 347: "bibendum lobortis neque. Vestibulum velit orci, tempus euismod, pretium"
      text run at (0,294) width 324: "quis, interdum vitae, nulla. Phasellus eget ante et tortor condimentum"
      text run at (0,308) width 344: "vestibulum. Suspendisse hendrerit quam nec felis. Sed varius turpis vitae"
      text run at (0,322) width 296: "pede. Lorem ipsum dolor sit amet, consectetuer adipiscing elit. "
      text run at (296,322) width 63: "Lorem ipsum"
      text run at (0,336) width 317: "dolor sit amet, consectetuer adipiscing elit. Nulla varius enim ac mi."
layer at (8,540) size 750x252
  RenderBlock {DIV} at (0,528) size 750x252 [bgcolor=#EEEEEE]
    RenderBlock (anonymous multi-column span) at (0,0) size 750x70
      RenderBlock {H2} at (0,14) size 750x42 [bgcolor=#CCCCCC]
        RenderText {#text} at (0,0) size 736x42
          text run at (0,0) width 510: "This is a spanning element at the beginning of the columns block. "
          text run at (510,0) width 226: "It should collapse its margins"
          text run at (0,21) width 259: "with the h2 in the previous block."
layer at (8,610) size 750x182
  RenderBlock (anonymous multi-column) at (0,70) size 750x182
    RenderText {#text} at (0,0) size 366x350
      text run at (0,0) width 365: "Lorem ipsum dolor sit amet, consectetuer adipiscing elit. Nulla varius enim ac"
      text run at (0,14) width 357: "mi. Curabitur sollicitudin felis quis lectus. Quisque adipiscing rhoncus sem."
      text run at (0,28) width 364: "Proin nulla purus, vulputate vel, varius ut, euismod et, nisi. Sed vitae felis vel"
      text run at (0,42) width 349: "orci sagittis aliquam. Cras convallis adipiscing sem. Nam nonummy enim."
      text run at (0,56) width 346: "Nullam bibendum lobortis neque. Vestibulum velit orci, tempus euismod,"
      text run at (0,70) width 363: "pretium quis, interdum vitae, nulla. Phasellus eget ante et tortor condimentum"
      text run at (0,84) width 344: "vestibulum. Suspendisse hendrerit quam nec felis. Sed varius turpis vitae"
      text run at (0,98) width 296: "pede. Lorem ipsum dolor sit amet, consectetuer adipiscing elit. "
      text run at (296,98) width 63: "Lorem ipsum"
      text run at (0,112) width 365: "dolor sit amet, consectetuer adipiscing elit. Nulla varius enim ac mi. Curabitur"
      text run at (0,126) width 346: "sollicitudin felis quis lectus. Quisque adipiscing rhoncus sem. Proin nulla"
      text run at (0,140) width 366: "purus, vulputate vel, varius ut, euismod et, nisi. Sed vitae felis vel orci sagittis"
      text run at (0,154) width 330: "aliquam. Cras convallis adipiscing sem. Nam nonummy enim. Nullam"
      text run at (0,168) width 347: "bibendum lobortis neque. Vestibulum velit orci, tempus euismod, pretium"
      text run at (0,182) width 324: "quis, interdum vitae, nulla. Phasellus eget ante et tortor condimentum"
      text run at (0,196) width 344: "vestibulum. Suspendisse hendrerit quam nec felis. Sed varius turpis vitae"
      text run at (0,210) width 296: "pede. Lorem ipsum dolor sit amet, consectetuer adipiscing elit. "
      text run at (296,210) width 63: "Lorem ipsum"
      text run at (0,224) width 365: "dolor sit amet, consectetuer adipiscing elit. Nulla varius enim ac mi. Curabitur"
      text run at (0,238) width 346: "sollicitudin felis quis lectus. Quisque adipiscing rhoncus sem. Proin nulla"
      text run at (0,252) width 366: "purus, vulputate vel, varius ut, euismod et, nisi. Sed vitae felis vel orci sagittis"
      text run at (0,266) width 330: "aliquam. Cras convallis adipiscing sem. Nam nonummy enim. Nullam"
      text run at (0,280) width 347: "bibendum lobortis neque. Vestibulum velit orci, tempus euismod, pretium"
      text run at (0,294) width 324: "quis, interdum vitae, nulla. Phasellus eget ante et tortor condimentum"
      text run at (0,308) width 344: "vestibulum. Suspendisse hendrerit quam nec felis. Sed varius turpis vitae"
      text run at (0,322) width 296: "pede. Lorem ipsum dolor sit amet, consectetuer adipiscing elit. "
      text run at (296,322) width 63: "Lorem ipsum"
      text run at (0,336) width 317: "dolor sit amet, consectetuer adipiscing elit. Nulla varius enim ac mi."
layer at (8,804) size 750x350
  RenderBlock {DIV} at (0,792) size 750x350 [bgcolor=#EEEEEE]
    RenderBlock (anonymous multi-column span) at (0,112) size 750x126
      RenderBlock {H2} at (0,14) size 750x42 [bgcolor=#CCCCCC]
        RenderText {#text} at (0,0) size 713x42
          text run at (0,0) width 487: "This is a spanning element in the middle of the columns block. "
          text run at (487,0) width 226: "It should collapse its margins"
          text run at (0,21) width 274: "with the spanning element below it."
      RenderBlock {H2} at (0,70) size 750x42 [bgcolor=#CCCCCC]
        RenderText {#text} at (0,0) size 713x42
          text run at (0,0) width 487: "This is a spanning element in the middle of the columns block. "
          text run at (487,0) width 226: "It should collapse its margins"
          text run at (0,21) width 274: "with the spanning element above it."
layer at (8,804) size 750x112
  RenderBlock (anonymous multi-column) at (0,0) size 750x112
    RenderText {#text} at (0,0) size 366x224
      text run at (0,0) width 365: "Lorem ipsum dolor sit amet, consectetuer adipiscing elit. Nulla varius enim ac"
      text run at (0,14) width 357: "mi. Curabitur sollicitudin felis quis lectus. Quisque adipiscing rhoncus sem."
      text run at (0,28) width 364: "Proin nulla purus, vulputate vel, varius ut, euismod et, nisi. Sed vitae felis vel"
      text run at (0,42) width 349: "orci sagittis aliquam. Cras convallis adipiscing sem. Nam nonummy enim."
      text run at (0,56) width 346: "Nullam bibendum lobortis neque. Vestibulum velit orci, tempus euismod,"
      text run at (0,70) width 363: "pretium quis, interdum vitae, nulla. Phasellus eget ante et tortor condimentum"
      text run at (0,84) width 344: "vestibulum. Suspendisse hendrerit quam nec felis. Sed varius turpis vitae"
      text run at (0,98) width 296: "pede. Lorem ipsum dolor sit amet, consectetuer adipiscing elit. "
      text run at (296,98) width 63: "Lorem ipsum"
      text run at (0,112) width 365: "dolor sit amet, consectetuer adipiscing elit. Nulla varius enim ac mi. Curabitur"
      text run at (0,126) width 346: "sollicitudin felis quis lectus. Quisque adipiscing rhoncus sem. Proin nulla"
      text run at (0,140) width 366: "purus, vulputate vel, varius ut, euismod et, nisi. Sed vitae felis vel orci sagittis"
      text run at (0,154) width 330: "aliquam. Cras convallis adipiscing sem. Nam nonummy enim. Nullam"
      text run at (0,168) width 347: "bibendum lobortis neque. Vestibulum velit orci, tempus euismod, pretium"
      text run at (0,182) width 324: "quis, interdum vitae, nulla. Phasellus eget ante et tortor condimentum"
      text run at (0,196) width 344: "vestibulum. Suspendisse hendrerit quam nec felis. Sed varius turpis vitae"
      text run at (0,210) width 293: "pede. Lorem ipsum dolor sit amet, consectetuer adipiscing elit."
layer at (8,1042) size 750x112
  RenderBlock (anonymous multi-column) at (0,238) size 750x112
    RenderText {#text} at (0,0) size 366x224
      text run at (0,0) width 365: "Lorem ipsum dolor sit amet, consectetuer adipiscing elit. Nulla varius enim ac"
      text run at (0,14) width 357: "mi. Curabitur sollicitudin felis quis lectus. Quisque adipiscing rhoncus sem."
      text run at (0,28) width 364: "Proin nulla purus, vulputate vel, varius ut, euismod et, nisi. Sed vitae felis vel"
      text run at (0,42) width 349: "orci sagittis aliquam. Cras convallis adipiscing sem. Nam nonummy enim."
      text run at (0,56) width 346: "Nullam bibendum lobortis neque. Vestibulum velit orci, tempus euismod,"
      text run at (0,70) width 363: "pretium quis, interdum vitae, nulla. Phasellus eget ante et tortor condimentum"
      text run at (0,84) width 344: "vestibulum. Suspendisse hendrerit quam nec felis. Sed varius turpis vitae"
      text run at (0,98) width 296: "pede. Lorem ipsum dolor sit amet, consectetuer adipiscing elit. "
      text run at (296,98) width 63: "Lorem ipsum"
      text run at (0,112) width 365: "dolor sit amet, consectetuer adipiscing elit. Nulla varius enim ac mi. Curabitur"
      text run at (0,126) width 346: "sollicitudin felis quis lectus. Quisque adipiscing rhoncus sem. Proin nulla"
      text run at (0,140) width 366: "purus, vulputate vel, varius ut, euismod et, nisi. Sed vitae felis vel orci sagittis"
      text run at (0,154) width 330: "aliquam. Cras convallis adipiscing sem. Nam nonummy enim. Nullam"
      text run at (0,168) width 347: "bibendum lobortis neque. Vestibulum velit orci, tempus euismod, pretium"
      text run at (0,182) width 324: "quis, interdum vitae, nulla. Phasellus eget ante et tortor condimentum"
      text run at (0,196) width 344: "vestibulum. Suspendisse hendrerit quam nec felis. Sed varius turpis vitae"
      text run at (0,210) width 293: "pede. Lorem ipsum dolor sit amet, consectetuer adipiscing elit."
