layer at (0,0) size 800x1744
  RenderView at (0,0) size 800x600
layer at (0,0) size 800x1744
  RenderBlock {HTML} at (0,0) size 800x1744
    RenderBody {BODY} at (8,12) size 784x1720
layer at (8,12) size 760x261
  RenderBlock {DIV} at (0,0) size 760x261 [border: (5px solid #800000)]
    RenderBlock (anonymous multi-column span) at (5,19) size 750x49
      RenderBlock {H2} at (0,14) size 750x21 [bgcolor=#EEEEEE]
        RenderText {#text} at (0,0) size 210x21
          text run at (0,0) width 210: "This is a spanning element."
layer at (13,17) size 750x14
  RenderBlock (anonymous multi-column) at (5,5) size 750x14
    RenderBlock (generated) at (0,0) size 369x14 [bgcolor=#FFFF00]
      RenderText at (0,0) size 123x14
        text run at (0,0) width 123: "Before Generated Content"
layer at (13,80) size 750x188
  RenderBlock (anonymous multi-column) at (5,68) size 750x188
    RenderBlock (anonymous) at (0,0) size 369x356
      RenderText {#text} at (0,0) size 366x356
        text run at (0,0) width 365: "Lorem ipsum dolor sit amet, consectetuer adipiscing elit. Nulla varius enim ac"
        text run at (0,14) width 357: "mi. Curabitur sollicitudin felis quis lectus. Quisque adipiscing rhoncus sem."
        text run at (0,28) width 364: "Proin nulla purus, vulputate vel, varius ut, euismod et, nisi. Sed vitae felis vel"
        text run at (0,42) width 349: "orci sagittis aliquam. Cras convallis adipiscing sem. Nam nonummy enim."
        text run at (0,56) width 346: "Nullam bibendum lobortis neque. Vestibulum velit orci, tempus euismod,"
        text run at (0,70) width 363: "pretium quis, interdum vitae, nulla. Phasellus eget ante et tortor condimentum"
        text run at (0,84) width 344: "vestibulum. Suspendisse hendrerit quam nec felis. Sed varius turpis vitae"
        text run at (0,98) width 296: "pede. Lorem ipsum dolor sit amet, consectetuer adipiscing elit. "
        text run at (296,98) width 63: "Lorem ipsum"
        text run at (0,112) width 365: "dolor sit amet, consectetuer adipiscing elit. Nulla varius enim ac mi. Curabitur"
        text run at (0,126) width 346: "sollicitudin felis quis lectus. Quisque adipiscing rhoncus sem. Proin nulla"
        text run at (0,140) width 366: "purus, vulputate vel, varius ut, euismod et, nisi. Sed vitae felis vel orci sagittis"
        text run at (0,154) width 330: "aliquam. Cras convallis adipiscing sem. Nam nonummy enim. Nullam"
        text run at (0,168) width 347: "bibendum lobortis neque. Vestibulum velit orci, tempus euismod, pretium"
        text run at (0,188) width 324: "quis, interdum vitae, nulla. Phasellus eget ante et tortor condimentum"
        text run at (0,202) width 344: "vestibulum. Suspendisse hendrerit quam nec felis. Sed varius turpis vitae"
        text run at (0,216) width 296: "pede. Lorem ipsum dolor sit amet, consectetuer adipiscing elit. "
        text run at (296,216) width 63: "Lorem ipsum"
        text run at (0,230) width 365: "dolor sit amet, consectetuer adipiscing elit. Nulla varius enim ac mi. Curabitur"
        text run at (0,244) width 346: "sollicitudin felis quis lectus. Quisque adipiscing rhoncus sem. Proin nulla"
        text run at (0,258) width 366: "purus, vulputate vel, varius ut, euismod et, nisi. Sed vitae felis vel orci sagittis"
        text run at (0,272) width 330: "aliquam. Cras convallis adipiscing sem. Nam nonummy enim. Nullam"
        text run at (0,286) width 347: "bibendum lobortis neque. Vestibulum velit orci, tempus euismod, pretium"
        text run at (0,300) width 324: "quis, interdum vitae, nulla. Phasellus eget ante et tortor condimentum"
        text run at (0,314) width 344: "vestibulum. Suspendisse hendrerit quam nec felis. Sed varius turpis vitae"
        text run at (0,328) width 296: "pede. Lorem ipsum dolor sit amet, consectetuer adipiscing elit. "
        text run at (296,328) width 63: "Lorem ipsum"
        text run at (0,342) width 317: "dolor sit amet, consectetuer adipiscing elit. Nulla varius enim ac mi."
    RenderBlock (generated) at (0,356) size 369x20 [bgcolor=#FFFF00]
      RenderText at (0,0) size 116x14
        text run at (0,0) width 116: "After Generated Content"
layer at (8,285) size 760x255
  RenderBlock {DIV} at (0,273) size 760x255 [border: (5px solid #800000)]
    RenderBlock (anonymous multi-column span) at (5,187) size 750x49
      RenderBlock {H2} at (0,14) size 750x21 [bgcolor=#EEEEEE]
        RenderText {#text} at (0,0) size 210x21
          text run at (0,0) width 210: "This is a spanning element."
layer at (13,290) size 750x182
  RenderBlock (anonymous multi-column) at (5,5) size 750x182
    RenderBlock (generated) at (0,0) size 369x14 [bgcolor=#FFFF00]
      RenderText at (0,0) size 123x14
        text run at (0,0) width 123: "Before Generated Content"
    RenderBlock (anonymous) at (0,14) size 369x350
      RenderText {#text} at (0,0) size 366x350
        text run at (0,0) width 365: "Lorem ipsum dolor sit amet, consectetuer adipiscing elit. Nulla varius enim ac"
        text run at (0,14) width 357: "mi. Curabitur sollicitudin felis quis lectus. Quisque adipiscing rhoncus sem."
        text run at (0,28) width 364: "Proin nulla purus, vulputate vel, varius ut, euismod et, nisi. Sed vitae felis vel"
        text run at (0,42) width 349: "orci sagittis aliquam. Cras convallis adipiscing sem. Nam nonummy enim."
        text run at (0,56) width 346: "Nullam bibendum lobortis neque. Vestibulum velit orci, tempus euismod,"
        text run at (0,70) width 363: "pretium quis, interdum vitae, nulla. Phasellus eget ante et tortor condimentum"
        text run at (0,84) width 344: "vestibulum. Suspendisse hendrerit quam nec felis. Sed varius turpis vitae"
        text run at (0,98) width 296: "pede. Lorem ipsum dolor sit amet, consectetuer adipiscing elit. "
        text run at (296,98) width 63: "Lorem ipsum"
        text run at (0,112) width 365: "dolor sit amet, consectetuer adipiscing elit. Nulla varius enim ac mi. Curabitur"
        text run at (0,126) width 346: "sollicitudin felis quis lectus. Quisque adipiscing rhoncus sem. Proin nulla"
        text run at (0,140) width 366: "purus, vulputate vel, varius ut, euismod et, nisi. Sed vitae felis vel orci sagittis"
        text run at (0,154) width 330: "aliquam. Cras convallis adipiscing sem. Nam nonummy enim. Nullam"
        text run at (0,168) width 347: "bibendum lobortis neque. Vestibulum velit orci, tempus euismod, pretium"
        text run at (0,182) width 324: "quis, interdum vitae, nulla. Phasellus eget ante et tortor condimentum"
        text run at (0,196) width 344: "vestibulum. Suspendisse hendrerit quam nec felis. Sed varius turpis vitae"
        text run at (0,210) width 296: "pede. Lorem ipsum dolor sit amet, consectetuer adipiscing elit. "
        text run at (296,210) width 63: "Lorem ipsum"
        text run at (0,224) width 365: "dolor sit amet, consectetuer adipiscing elit. Nulla varius enim ac mi. Curabitur"
        text run at (0,238) width 346: "sollicitudin felis quis lectus. Quisque adipiscing rhoncus sem. Proin nulla"
        text run at (0,252) width 366: "purus, vulputate vel, varius ut, euismod et, nisi. Sed vitae felis vel orci sagittis"
        text run at (0,266) width 330: "aliquam. Cras convallis adipiscing sem. Nam nonummy enim. Nullam"
        text run at (0,280) width 347: "bibendum lobortis neque. Vestibulum velit orci, tempus euismod, pretium"
        text run at (0,294) width 324: "quis, interdum vitae, nulla. Phasellus eget ante et tortor condimentum"
        text run at (0,308) width 344: "vestibulum. Suspendisse hendrerit quam nec felis. Sed varius turpis vitae"
        text run at (0,322) width 296: "pede. Lorem ipsum dolor sit amet, consectetuer adipiscing elit. "
        text run at (296,322) width 63: "Lorem ipsum"
        text run at (0,336) width 317: "dolor sit amet, consectetuer adipiscing elit. Nulla varius enim ac mi."
layer at (13,521) size 750x14
  RenderBlock (anonymous multi-column) at (5,236) size 750x14
    RenderBlock (generated) at (0,0) size 369x20 [bgcolor=#FFFF00]
      RenderText at (0,0) size 116x14
        text run at (0,0) width 116: "After Generated Content"
layer at (8,552) size 760x285
  RenderBlock {DIV} at (0,540) size 760x285 [border: (5px solid #800000)]
    RenderBlock (anonymous multi-column span) at (5,87) size 750x49
      RenderBlock {H2} at (0,14) size 750x21 [bgcolor=#EEEEEE]
        RenderText {#text} at (0,0) size 210x21
          text run at (0,0) width 210: "This is a spanning element."
layer at (13,557) size 750x82
  RenderBlock (anonymous multi-column) at (5,5) size 750x82
    RenderBlock (generated) at (0,0) size 369x14 [bgcolor=#FFFF00]
      RenderText at (0,0) size 123x14
        text run at (0,0) width 123: "Before Generated Content"
    RenderBlock {P} at (0,26) size 369x126
      RenderText {#text} at (0,0) size 365x126
        text run at (0,0) width 365: "Lorem ipsum dolor sit amet, consectetuer adipiscing elit. Nulla varius enim ac"
        text run at (0,14) width 357: "mi. Curabitur sollicitudin felis quis lectus. Quisque adipiscing rhoncus sem."
        text run at (0,28) width 364: "Proin nulla purus, vulputate vel, varius ut, euismod et, nisi. Sed vitae felis vel"
        text run at (0,42) width 349: "orci sagittis aliquam. Cras convallis adipiscing sem. Nam nonummy enim."
        text run at (0,56) width 346: "Nullam bibendum lobortis neque. Vestibulum velit orci, tempus euismod,"
        text run at (0,70) width 363: "pretium quis, interdum vitae, nulla. Phasellus eget ante et tortor condimentum"
        text run at (0,84) width 344: "vestibulum. Suspendisse hendrerit quam nec felis. Sed varius turpis vitae"
        text run at (0,98) width 296: "pede. Lorem ipsum dolor sit amet, consectetuer adipiscing elit. "
        text run at (296,98) width 63: "Lorem ipsum"
        text run at (0,112) width 317: "dolor sit amet, consectetuer adipiscing elit. Nulla varius enim ac mi."
layer at (13,688) size 750x144
  RenderBlock (anonymous multi-column) at (5,136) size 750x144
    RenderBlock {P} at (0,12) size 369x230
      RenderText {#text} at (0,0) size 366x230
        text run at (0,0) width 365: "Lorem ipsum dolor sit amet, consectetuer adipiscing elit. Nulla varius enim ac"
        text run at (0,14) width 357: "mi. Curabitur sollicitudin felis quis lectus. Quisque adipiscing rhoncus sem."
        text run at (0,28) width 364: "Proin nulla purus, vulputate vel, varius ut, euismod et, nisi. Sed vitae felis vel"
        text run at (0,42) width 349: "orci sagittis aliquam. Cras convallis adipiscing sem. Nam nonummy enim."
        text run at (0,56) width 346: "Nullam bibendum lobortis neque. Vestibulum velit orci, tempus euismod,"
        text run at (0,70) width 363: "pretium quis, interdum vitae, nulla. Phasellus eget ante et tortor condimentum"
        text run at (0,84) width 344: "vestibulum. Suspendisse hendrerit quam nec felis. Sed varius turpis vitae"
        text run at (0,98) width 296: "pede. Lorem ipsum dolor sit amet, consectetuer adipiscing elit. "
        text run at (296,98) width 63: "Lorem ipsum"
        text run at (0,112) width 365: "dolor sit amet, consectetuer adipiscing elit. Nulla varius enim ac mi. Curabitur"
        text run at (0,132) width 346: "sollicitudin felis quis lectus. Quisque adipiscing rhoncus sem. Proin nulla"
        text run at (0,146) width 366: "purus, vulputate vel, varius ut, euismod et, nisi. Sed vitae felis vel orci sagittis"
        text run at (0,160) width 330: "aliquam. Cras convallis adipiscing sem. Nam nonummy enim. Nullam"
        text run at (0,174) width 347: "bibendum lobortis neque. Vestibulum velit orci, tempus euismod, pretium"
        text run at (0,188) width 324: "quis, interdum vitae, nulla. Phasellus eget ante et tortor condimentum"
        text run at (0,202) width 344: "vestibulum. Suspendisse hendrerit quam nec felis. Sed varius turpis vitae"
        text run at (0,216) width 293: "pede. Lorem ipsum dolor sit amet, consectetuer adipiscing elit."
    RenderBlock (generated) at (0,254) size 369x20 [bgcolor=#FFFF00]
      RenderText at (0,0) size 116x14
        text run at (0,0) width 116: "After Generated Content"
layer at (8,849) size 760x273
  RenderBlock {DIV} at (0,837) size 760x273 [border: (5px solid #800000)]
    RenderBlock (anonymous multi-column span) at (5,75) size 750x49
      RenderBlock {H2} at (0,14) size 750x21 [bgcolor=#EEEEEE]
        RenderText {#text} at (0,0) size 210x21
          text run at (0,0) width 210: "This is a spanning element."
layer at (13,854) size 750x70
  RenderBlock (anonymous multi-column) at (5,5) size 750x70
    RenderBlock (generated) at (0,0) size 369x14 [bgcolor=#FFFF00]
      RenderText at (0,0) size 123x14
        text run at (0,0) width 123: "Before Generated Content"
    RenderBlock (anonymous) at (0,14) size 369x126
      RenderText {#text} at (0,0) size 365x126
        text run at (0,0) width 365: "Lorem ipsum dolor sit amet, consectetuer adipiscing elit. Nulla varius enim ac"
        text run at (0,14) width 357: "mi. Curabitur sollicitudin felis quis lectus. Quisque adipiscing rhoncus sem."
        text run at (0,28) width 364: "Proin nulla purus, vulputate vel, varius ut, euismod et, nisi. Sed vitae felis vel"
        text run at (0,42) width 349: "orci sagittis aliquam. Cras convallis adipiscing sem. Nam nonummy enim."
        text run at (0,56) width 346: "Nullam bibendum lobortis neque. Vestibulum velit orci, tempus euismod,"
        text run at (0,70) width 363: "pretium quis, interdum vitae, nulla. Phasellus eget ante et tortor condimentum"
        text run at (0,84) width 344: "vestibulum. Suspendisse hendrerit quam nec felis. Sed varius turpis vitae"
        text run at (0,98) width 296: "pede. Lorem ipsum dolor sit amet, consectetuer adipiscing elit. "
        text run at (296,98) width 63: "Lorem ipsum"
        text run at (0,112) width 317: "dolor sit amet, consectetuer adipiscing elit. Nulla varius enim ac mi."
layer at (13,973) size 750x144
  RenderBlock (anonymous multi-column) at (5,124) size 750x144
    RenderBlock (anonymous) at (0,0) size 369x112
      RenderInline {SPAN} at (0,0) size 31x14
        RenderText {#text} at (0,0) size 31x14
          text run at (0,0) width 31: "Lorem"
      RenderText {#text} at (31,0) size 365x112
        text run at (31,0) width 334: " ipsum dolor sit amet, consectetuer adipiscing elit. Nulla varius enim ac"
        text run at (0,14) width 357: "mi. Curabitur sollicitudin felis quis lectus. Quisque adipiscing rhoncus sem."
        text run at (0,28) width 364: "Proin nulla purus, vulputate vel, varius ut, euismod et, nisi. Sed vitae felis vel"
        text run at (0,42) width 349: "orci sagittis aliquam. Cras convallis adipiscing sem. Nam nonummy enim."
        text run at (0,56) width 346: "Nullam bibendum lobortis neque. Vestibulum velit orci, tempus euismod,"
        text run at (0,70) width 363: "pretium quis, interdum vitae, nulla. Phasellus eget ante et tortor condimentum"
        text run at (0,84) width 344: "vestibulum. Suspendisse hendrerit quam nec felis. Sed varius turpis vitae"
        text run at (0,98) width 293: "pede. Lorem ipsum dolor sit amet, consectetuer adipiscing elit."
    RenderBlock {P} at (0,124) size 369x118
      RenderText {#text} at (0,0) size 365x118
        text run at (0,0) width 365: "Lorem ipsum dolor sit amet, consectetuer adipiscing elit. Nulla varius enim ac"
        text run at (0,20) width 357: "mi. Curabitur sollicitudin felis quis lectus. Quisque adipiscing rhoncus sem."
        text run at (0,34) width 364: "Proin nulla purus, vulputate vel, varius ut, euismod et, nisi. Sed vitae felis vel"
        text run at (0,48) width 349: "orci sagittis aliquam. Cras convallis adipiscing sem. Nam nonummy enim."
        text run at (0,62) width 346: "Nullam bibendum lobortis neque. Vestibulum velit orci, tempus euismod,"
        text run at (0,76) width 363: "pretium quis, interdum vitae, nulla. Phasellus eget ante et tortor condimentum"
        text run at (0,90) width 344: "vestibulum. Suspendisse hendrerit quam nec felis. Sed varius turpis vitae"
        text run at (0,104) width 293: "pede. Lorem ipsum dolor sit amet, consectetuer adipiscing elit."
    RenderBlock (generated) at (0,254) size 369x20 [bgcolor=#FFFF00]
      RenderText at (0,0) size 116x14
        text run at (0,0) width 116: "After Generated Content"
layer at (8,1134) size 760x287
  RenderBlock {DIV} at (0,1122) size 760x287 [border: (5px solid #800000)]
    RenderBlock (anonymous multi-column span) at (5,145) size 750x49
      RenderBlock {H2} at (0,14) size 750x21 [bgcolor=#EEEEEE]
        RenderText {#text} at (0,0) size 210x21
          text run at (0,0) width 210: "This is a spanning element."
layer at (13,1139) size 750x140
  RenderBlock (anonymous multi-column) at (5,5) size 750x140
    RenderBlock (generated) at (0,0) size 369x14 [bgcolor=#FFFF00]
      RenderText at (0,0) size 123x14
        text run at (0,0) width 123: "Before Generated Content"
    RenderBlock (anonymous) at (0,14) size 369x112
      RenderInline {SPAN} at (0,0) size 365x112
        RenderText {#text} at (0,0) size 365x112
          text run at (0,0) width 365: "Lorem ipsum dolor sit amet, consectetuer adipiscing elit. Nulla varius enim ac"
          text run at (0,14) width 357: "mi. Curabitur sollicitudin felis quis lectus. Quisque adipiscing rhoncus sem."
          text run at (0,28) width 364: "Proin nulla purus, vulputate vel, varius ut, euismod et, nisi. Sed vitae felis vel"
          text run at (0,42) width 349: "orci sagittis aliquam. Cras convallis adipiscing sem. Nam nonummy enim."
          text run at (0,56) width 346: "Nullam bibendum lobortis neque. Vestibulum velit orci, tempus euismod,"
          text run at (0,70) width 363: "pretium quis, interdum vitae, nulla. Phasellus eget ante et tortor condimentum"
          text run at (0,84) width 344: "vestibulum. Suspendisse hendrerit quam nec felis. Sed varius turpis vitae"
          text run at (0,98) width 293: "pede. Lorem ipsum dolor sit amet, consectetuer adipiscing elit."
    RenderBlock (anonymous) at (0,126) size 369x28
      RenderBlock {SPAN} at (0,0) size 369x28
        RenderText {#text} at (0,0) size 365x28
          text run at (0,0) width 365: "Lorem ipsum dolor sit amet, consectetuer adipiscing elit. Nulla varius enim ac"
          text run at (0,14) width 15: "mi."
    RenderBlock (anonymous) at (0,154) size 369x112
      RenderInline {SPAN} at (0,0) size 31x14
        RenderText {#text} at (0,0) size 31x14
          text run at (0,0) width 31: "Lorem"
      RenderText {#text} at (31,0) size 365x112
        text run at (31,0) width 334: " ipsum dolor sit amet, consectetuer adipiscing elit. Nulla varius enim ac"
        text run at (0,14) width 357: "mi. Curabitur sollicitudin felis quis lectus. Quisque adipiscing rhoncus sem."
        text run at (0,28) width 364: "Proin nulla purus, vulputate vel, varius ut, euismod et, nisi. Sed vitae felis vel"
        text run at (0,42) width 349: "orci sagittis aliquam. Cras convallis adipiscing sem. Nam nonummy enim."
        text run at (0,56) width 346: "Nullam bibendum lobortis neque. Vestibulum velit orci, tempus euismod,"
        text run at (0,70) width 363: "pretium quis, interdum vitae, nulla. Phasellus eget ante et tortor condimentum"
        text run at (0,84) width 344: "vestibulum. Suspendisse hendrerit quam nec felis. Sed varius turpis vitae"
        text run at (0,98) width 293: "pede. Lorem ipsum dolor sit amet, consectetuer adipiscing elit."
layer at (13,1328) size 750x88
  RenderBlock (anonymous multi-column) at (5,194) size 750x88
    RenderBlock {P} at (0,12) size 369x118
      RenderText {#text} at (0,0) size 365x118
        text run at (0,0) width 365: "Lorem ipsum dolor sit amet, consectetuer adipiscing elit. Nulla varius enim ac"
        text run at (0,14) width 357: "mi. Curabitur sollicitudin felis quis lectus. Quisque adipiscing rhoncus sem."
        text run at (0,28) width 364: "Proin nulla purus, vulputate vel, varius ut, euismod et, nisi. Sed vitae felis vel"
        text run at (0,42) width 349: "orci sagittis aliquam. Cras convallis adipiscing sem. Nam nonummy enim."
        text run at (0,56) width 346: "Nullam bibendum lobortis neque. Vestibulum velit orci, tempus euismod,"
        text run at (0,76) width 363: "pretium quis, interdum vitae, nulla. Phasellus eget ante et tortor condimentum"
        text run at (0,90) width 344: "vestibulum. Suspendisse hendrerit quam nec felis. Sed varius turpis vitae"
        text run at (0,104) width 293: "pede. Lorem ipsum dolor sit amet, consectetuer adipiscing elit."
    RenderBlock (generated) at (0,142) size 369x20 [bgcolor=#FFFF00]
      RenderText at (0,0) size 116x14
        text run at (0,0) width 116: "After Generated Content"
layer at (8,1433) size 760x299
  RenderBlock {DIV} at (0,1421) size 760x299 [border: (5px solid #800000)]
    RenderBlock (anonymous multi-column span) at (5,169) size 750x49
      RenderBlock {H2} at (0,14) size 750x21 [bgcolor=#EEEEEE]
        RenderText {#text} at (0,0) size 210x21
          text run at (0,0) width 210: "This is a spanning element."
layer at (13,1438) size 750x164
  RenderBlock (anonymous multi-column) at (5,5) size 750x164
    RenderBlock (generated) at (0,0) size 369x14 [bgcolor=#FFFF00]
      RenderText at (0,0) size 123x14
        text run at (0,0) width 123: "Before Generated Content"
    RenderBlock {P} at (0,26) size 369x112
      RenderText {#text} at (0,0) size 365x112
        text run at (0,0) width 365: "Lorem ipsum dolor sit amet, consectetuer adipiscing elit. Nulla varius enim ac"
        text run at (0,14) width 357: "mi. Curabitur sollicitudin felis quis lectus. Quisque adipiscing rhoncus sem."
        text run at (0,28) width 364: "Proin nulla purus, vulputate vel, varius ut, euismod et, nisi. Sed vitae felis vel"
        text run at (0,42) width 349: "orci sagittis aliquam. Cras convallis adipiscing sem. Nam nonummy enim."
        text run at (0,56) width 346: "Nullam bibendum lobortis neque. Vestibulum velit orci, tempus euismod,"
        text run at (0,70) width 363: "pretium quis, interdum vitae, nulla. Phasellus eget ante et tortor condimentum"
        text run at (0,84) width 344: "vestibulum. Suspendisse hendrerit quam nec felis. Sed varius turpis vitae"
        text run at (0,98) width 293: "pede. Lorem ipsum dolor sit amet, consectetuer adipiscing elit."
    RenderBlock {P} at (0,150) size 369x28
      RenderText {#text} at (0,0) size 365x28
        text run at (0,0) width 365: "Lorem ipsum dolor sit amet, consectetuer adipiscing elit. Nulla varius enim ac"
        text run at (0,14) width 15: "mi."
    RenderBlock {P} at (0,190) size 369x112
      RenderText {#text} at (0,0) size 365x112
        text run at (0,0) width 365: "Lorem ipsum dolor sit amet, consectetuer adipiscing elit. Nulla varius enim ac"
        text run at (0,14) width 357: "mi. Curabitur sollicitudin felis quis lectus. Quisque adipiscing rhoncus sem."
        text run at (0,28) width 364: "Proin nulla purus, vulputate vel, varius ut, euismod et, nisi. Sed vitae felis vel"
        text run at (0,42) width 349: "orci sagittis aliquam. Cras convallis adipiscing sem. Nam nonummy enim."
        text run at (0,56) width 346: "Nullam bibendum lobortis neque. Vestibulum velit orci, tempus euismod,"
        text run at (0,70) width 363: "pretium quis, interdum vitae, nulla. Phasellus eget ante et tortor condimentum"
        text run at (0,84) width 344: "vestibulum. Suspendisse hendrerit quam nec felis. Sed varius turpis vitae"
        text run at (0,98) width 293: "pede. Lorem ipsum dolor sit amet, consectetuer adipiscing elit."
layer at (13,1651) size 750x76
  RenderBlock (anonymous multi-column) at (5,218) size 750x76
    RenderBlock (anonymous) at (0,0) size 369x14
      RenderInline {SPAN} at (0,0) size 265x14
        RenderText {#text} at (0,0) size 265x14
          text run at (0,0) width 265: "Lorem ipsum dolor sit amet, consectetuer adipiscing elit."
    RenderBlock (anonymous) at (0,14) size 369x14
      RenderBlock {SPAN} at (0,0) size 369x14
        RenderText {#text} at (0,0) size 115x14
          text run at (0,0) width 115: "Nulla varius enim ac mi."
    RenderBlock (anonymous) at (0,28) size 369x104
      RenderInline {SPAN} at (0,0) size 368x104
        RenderText {#text} at (0,0) size 368x104
          text run at (0,0) width 368: "Curabitur sollicitudin felis quis lectus. Quisque adipiscing rhoncus sem. Proin"
          text run at (0,14) width 356: "nulla purus, vulputate vel, varius ut, euismod et, nisi. Sed vitae felis vel orci"
          text run at (0,28) width 366: "sagittis aliquam. Cras convallis adipiscing sem. Nam nonummy enim. Nullam"
          text run at (0,48) width 347: "bibendum lobortis neque. Vestibulum velit orci, tempus euismod, pretium"
          text run at (0,62) width 324: "quis, interdum vitae, nulla. Phasellus eget ante et tortor condimentum"
          text run at (0,76) width 344: "vestibulum. Suspendisse hendrerit quam nec felis. Sed varius turpis vitae"
          text run at (0,90) width 293: "pede. Lorem ipsum dolor sit amet, consectetuer adipiscing elit."
      RenderText {#text} at (0,0) size 0x0
    RenderBlock (generated) at (0,132) size 369x20 [bgcolor=#FFFF00]
      RenderText at (0,0) size 116x14
        text run at (0,0) width 116: "After Generated Content"
