layer at (0,0) size 800x855
  RenderView at (0,0) size 800x600
layer at (0,0) size 800x855
  RenderBlock {HTML} at (0,0) size 800x855
    RenderBody {BODY} at (8,12) size 784x831
layer at (8,12) size 760x259
  RenderBlock {DIV} at (0,0) size 760x259 [border: (5px solid #800000)]
    RenderBlock (anonymous multi-column span) at (5,11) size 750x49 [color=#FFFFFF]
      RenderBlock {H2} at (0,14) size 750x21 [color=#000000] [bgcolor=#EEEEEE]
        RenderText {#text} at (0,0) size 210x21
          text run at (0,0) width 210: "This is a spanning element."
layer at (13,17) size 750x6
  RenderBlock (anonymous multi-column) at (5,5) size 750x6
    RenderBlock {SPAN} at (0,6) size 369x0 [color=#FFFFFF] [bgcolor=#000000]
layer at (13,72) size 750x194
  RenderBlock (anonymous multi-column) at (5,60) size 750x194
    RenderBlock {SPAN} at (0,12) size 369x112 [color=#FFFFFF] [bgcolor=#000000]
      RenderText {#text} at (0,0) size 365x112
        text run at (0,0) width 365: "Lorem ipsum dolor sit amet, consectetuer adipiscing elit. Nulla varius enim ac"
        text run at (0,14) width 357: "mi. Curabitur sollicitudin felis quis lectus. Quisque adipiscing rhoncus sem."
        text run at (0,28) width 364: "Proin nulla purus, vulputate vel, varius ut, euismod et, nisi. Sed vitae felis vel"
        text run at (0,42) width 349: "orci sagittis aliquam. Cras convallis adipiscing sem. Nam nonummy enim."
        text run at (0,56) width 346: "Nullam bibendum lobortis neque. Vestibulum velit orci, tempus euismod,"
        text run at (0,70) width 363: "pretium quis, interdum vitae, nulla. Phasellus eget ante et tortor condimentum"
        text run at (0,84) width 344: "vestibulum. Suspendisse hendrerit quam nec felis. Sed varius turpis vitae"
        text run at (0,98) width 293: "pede. Lorem ipsum dolor sit amet, consectetuer adipiscing elit."
    RenderBlock (anonymous) at (0,136) size 369x240
      RenderText {#text} at (0,0) size 365x114
        text run at (0,0) width 365: "Lorem ipsum dolor sit amet, consectetuer adipiscing elit. Nulla varius enim ac"
        text run at (0,14) width 357: "mi. Curabitur sollicitudin felis quis lectus. Quisque adipiscing rhoncus sem."
        text run at (0,28) width 364: "Proin nulla purus, vulputate vel, varius ut, euismod et, nisi. Sed vitae felis vel"
        text run at (0,42) width 349: "orci sagittis aliquam. Cras convallis adipiscing sem. Nam nonummy enim."
        text run at (0,58) width 346: "Nullam bibendum lobortis neque. Vestibulum velit orci, tempus euismod,"
        text run at (0,72) width 363: "pretium quis, interdum vitae, nulla. Phasellus eget ante et tortor condimentum"
        text run at (0,86) width 344: "vestibulum. Suspendisse hendrerit quam nec felis. Sed varius turpis vitae"
        text run at (0,100) width 296: "pede. Lorem ipsum dolor sit amet, consectetuer adipiscing elit. "
      RenderInline {SPAN} at (0,0) size 31x14
        RenderText {#text} at (296,100) size 31x14
          text run at (296,100) width 31: "Lorem"
      RenderText {#text} at (327,100) size 366x140
        text run at (327,100) width 32: " ipsum"
        text run at (0,114) width 365: "dolor sit amet, consectetuer adipiscing elit. Nulla varius enim ac mi. Curabitur"
        text run at (0,128) width 346: "sollicitudin felis quis lectus. Quisque adipiscing rhoncus sem. Proin nulla"
        text run at (0,142) width 366: "purus, vulputate vel, varius ut, euismod et, nisi. Sed vitae felis vel orci sagittis"
        text run at (0,156) width 330: "aliquam. Cras convallis adipiscing sem. Nam nonummy enim. Nullam"
        text run at (0,170) width 347: "bibendum lobortis neque. Vestibulum velit orci, tempus euismod, pretium"
        text run at (0,184) width 324: "quis, interdum vitae, nulla. Phasellus eget ante et tortor condimentum"
        text run at (0,198) width 344: "vestibulum. Suspendisse hendrerit quam nec felis. Sed varius turpis vitae"
        text run at (0,212) width 296: "pede. Lorem ipsum dolor sit amet, consectetuer adipiscing elit. "
        text run at (296,212) width 63: "Lorem ipsum"
        text run at (0,226) width 317: "dolor sit amet, consectetuer adipiscing elit. Nulla varius enim ac mi."
layer at (8,283) size 760x265
  RenderBlock {DIV} at (0,271) size 760x265 [border: (5px solid #800000)]
    RenderBlock (anonymous multi-column span) at (5,205) size 750x49 [color=#FFFFFF]
      RenderBlock {H2} at (0,14) size 750x21 [color=#000000] [bgcolor=#EEEEEE]
        RenderText {#text} at (0,0) size 210x21
          text run at (0,0) width 210: "This is a spanning element."
layer at (13,288) size 750x200
  RenderBlock (anonymous multi-column) at (5,5) size 750x200
    RenderBlock (anonymous) at (0,0) size 369x340
      RenderText {#text} at (0,0) size 366x340
        text run at (0,0) width 365: "Lorem ipsum dolor sit amet, consectetuer adipiscing elit. Nulla varius enim ac"
        text run at (0,14) width 357: "mi. Curabitur sollicitudin felis quis lectus. Quisque adipiscing rhoncus sem."
        text run at (0,28) width 364: "Proin nulla purus, vulputate vel, varius ut, euismod et, nisi. Sed vitae felis vel"
        text run at (0,42) width 349: "orci sagittis aliquam. Cras convallis adipiscing sem. Nam nonummy enim."
        text run at (0,56) width 346: "Nullam bibendum lobortis neque. Vestibulum velit orci, tempus euismod,"
        text run at (0,70) width 363: "pretium quis, interdum vitae, nulla. Phasellus eget ante et tortor condimentum"
        text run at (0,84) width 344: "vestibulum. Suspendisse hendrerit quam nec felis. Sed varius turpis vitae"
        text run at (0,98) width 296: "pede. Lorem ipsum dolor sit amet, consectetuer adipiscing elit. "
        text run at (296,98) width 63: "Lorem ipsum"
        text run at (0,112) width 365: "dolor sit amet, consectetuer adipiscing elit. Nulla varius enim ac mi. Curabitur"
        text run at (0,126) width 346: "sollicitudin felis quis lectus. Quisque adipiscing rhoncus sem. Proin nulla"
        text run at (0,140) width 366: "purus, vulputate vel, varius ut, euismod et, nisi. Sed vitae felis vel orci sagittis"
        text run at (0,154) width 330: "aliquam. Cras convallis adipiscing sem. Nam nonummy enim. Nullam"
        text run at (0,168) width 347: "bibendum lobortis neque. Vestibulum velit orci, tempus euismod, pretium"
        text run at (0,182) width 324: "quis, interdum vitae, nulla. Phasellus eget ante et tortor condimentum"
        text run at (0,200) width 344: "vestibulum. Suspendisse hendrerit quam nec felis. Sed varius turpis vitae"
        text run at (0,214) width 296: "pede. Lorem ipsum dolor sit amet, consectetuer adipiscing elit. "
        text run at (296,214) width 63: "Lorem ipsum"
        text run at (0,228) width 365: "dolor sit amet, consectetuer adipiscing elit. Nulla varius enim ac mi. Curabitur"
        text run at (0,242) width 346: "sollicitudin felis quis lectus. Quisque adipiscing rhoncus sem. Proin nulla"
        text run at (0,256) width 366: "purus, vulputate vel, varius ut, euismod et, nisi. Sed vitae felis vel orci sagittis"
        text run at (0,270) width 330: "aliquam. Cras convallis adipiscing sem. Nam nonummy enim. Nullam"
        text run at (0,284) width 347: "bibendum lobortis neque. Vestibulum velit orci, tempus euismod, pretium"
        text run at (0,298) width 324: "quis, interdum vitae, nulla. Phasellus eget ante et tortor condimentum"
        text run at (0,312) width 344: "vestibulum. Suspendisse hendrerit quam nec felis. Sed varius turpis vitae"
        text run at (0,326) width 293: "pede. Lorem ipsum dolor sit amet, consectetuer adipiscing elit."
    RenderBlock {SPAN} at (0,352) size 369x28 [color=#FFFFFF] [bgcolor=#000000]
      RenderText {#text} at (0,0) size 365x28
        text run at (0,0) width 365: "Lorem ipsum dolor sit amet, consectetuer adipiscing elit. Nulla varius enim ac"
        text run at (0,14) width 15: "mi."
layer at (13,537) size 750x6
  RenderBlock (anonymous multi-column) at (5,254) size 750x6
    RenderBlock {SPAN} at (0,6) size 369x0 [color=#FFFFFF] [bgcolor=#000000]
layer at (8,560) size 760x283
  RenderBlock {DIV} at (0,548) size 760x283 [border: (5px solid #800000)]
    RenderBlock (anonymous multi-column span) at (5,99) size 750x49 [color=#FFFFFF]
      RenderBlock {H2} at (0,14) size 750x21 [color=#000000] [bgcolor=#EEEEEE]
        RenderText {#text} at (0,0) size 210x21
          text run at (0,0) width 210: "This is a spanning element."
layer at (13,565) size 750x94
  RenderBlock (anonymous multi-column) at (5,5) size 750x94
    RenderBlock {P} at (0,12) size 369x124
      RenderText {#text} at (0,0) size 365x124
        text run at (0,0) width 365: "Lorem ipsum dolor sit amet, consectetuer adipiscing elit. Nulla varius enim ac"
        text run at (0,14) width 357: "mi. Curabitur sollicitudin felis quis lectus. Quisque adipiscing rhoncus sem."
        text run at (0,28) width 364: "Proin nulla purus, vulputate vel, varius ut, euismod et, nisi. Sed vitae felis vel"
        text run at (0,42) width 349: "orci sagittis aliquam. Cras convallis adipiscing sem. Nam nonummy enim."
        text run at (0,56) width 346: "Nullam bibendum lobortis neque. Vestibulum velit orci, tempus euismod,"
        text run at (0,82) width 363: "pretium quis, interdum vitae, nulla. Phasellus eget ante et tortor condimentum"
        text run at (0,96) width 344: "vestibulum. Suspendisse hendrerit quam nec felis. Sed varius turpis vitae"
        text run at (0,110) width 293: "pede. Lorem ipsum dolor sit amet, consectetuer adipiscing elit."
    RenderBlock {SPAN} at (0,148) size 369x28 [color=#FFFFFF] [bgcolor=#000000]
      RenderBlock (anonymous) at (0,0) size 369x28
        RenderText {#text} at (0,0) size 365x28
          text run at (0,0) width 365: "Lorem ipsum dolor sit amet, consectetuer adipiscing elit. Nulla varius enim ac"
          text run at (0,14) width 15: "mi."
layer at (13,708) size 750x130
  RenderBlock (anonymous multi-column) at (5,148) size 750x130
    RenderBlock {SPAN} at (0,12) size 369x112 [color=#FFFFFF] [bgcolor=#000000]
      RenderBlock {P} at (0,0) size 369x112
        RenderText {#text} at (0,0) size 365x112
          text run at (0,0) width 365: "Lorem ipsum dolor sit amet, consectetuer adipiscing elit. Nulla varius enim ac"
          text run at (0,14) width 357: "mi. Curabitur sollicitudin felis quis lectus. Quisque adipiscing rhoncus sem."
          text run at (0,28) width 364: "Proin nulla purus, vulputate vel, varius ut, euismod et, nisi. Sed vitae felis vel"
          text run at (0,42) width 349: "orci sagittis aliquam. Cras convallis adipiscing sem. Nam nonummy enim."
          text run at (0,56) width 346: "Nullam bibendum lobortis neque. Vestibulum velit orci, tempus euismod,"
          text run at (0,70) width 363: "pretium quis, interdum vitae, nulla. Phasellus eget ante et tortor condimentum"
          text run at (0,84) width 344: "vestibulum. Suspendisse hendrerit quam nec felis. Sed varius turpis vitae"
          text run at (0,98) width 293: "pede. Lorem ipsum dolor sit amet, consectetuer adipiscing elit."
    RenderBlock (anonymous) at (0,130) size 369x112
      RenderText {#text} at (0,0) size 365x112
        text run at (0,0) width 365: "Lorem ipsum dolor sit amet, consectetuer adipiscing elit. Nulla varius enim ac"
        text run at (0,14) width 357: "mi. Curabitur sollicitudin felis quis lectus. Quisque adipiscing rhoncus sem."
        text run at (0,28) width 364: "Proin nulla purus, vulputate vel, varius ut, euismod et, nisi. Sed vitae felis vel"
        text run at (0,42) width 349: "orci sagittis aliquam. Cras convallis adipiscing sem. Nam nonummy enim."
        text run at (0,56) width 346: "Nullam bibendum lobortis neque. Vestibulum velit orci, tempus euismod,"
        text run at (0,70) width 363: "pretium quis, interdum vitae, nulla. Phasellus eget ante et tortor condimentum"
        text run at (0,84) width 344: "vestibulum. Suspendisse hendrerit quam nec felis. Sed varius turpis vitae"
        text run at (0,98) width 293: "pede. Lorem ipsum dolor sit amet, consectetuer adipiscing elit."
    RenderBlock {P} at (0,254) size 369x0
