layer at (0,0) size 980x735
  RenderView at (0,0) size 980x735
layer at (0,0) size 980x19
  RenderBlock {svg} at (0,0) size 980x19 [color=#008000]
    RenderInline {rect} at (0,0) size 0x0
    RenderText {#text} at (0,0) size 204x19
      text run at (0,0) width 204: "This line should be green."
