layer at (0,0) size 800x600
  RenderView at (0,0) size 800x600
layer at (0,0) size 800x600
  RenderBlock {HTML} at (0,0) size 800x600
    RenderBody {BODY} at (8,8) size 784x584
layer at (8,8) size 304x584
  RenderBlock {DIV} at (0,0) size 304x584 [border: (5px solid #0000FF)]
    RenderBlock (anonymous) at (5,5) size 294x281
      RenderText {#text} at (0,0) size 14x83
        text run at (0,0) width 83: "This is some text."
      RenderBR {BR} at (3,83) size 0x0
      RenderText {#text} at (14,0) size 14x83
        text run at (14,0) width 83: "This is some text."
      RenderBR {BR} at (17,83) size 0x0
      RenderText {#text} at (28,0) size 14x83
        text run at (28,0) width 83: "This is some text."
      RenderBR {BR} at (31,83) size 0x0
      RenderText {#text} at (42,0) size 14x83
        text run at (42,0) width 83: "This is some text."
      RenderBR {BR} at (45,83) size 0x0
      RenderText {#text} at (56,0) size 14x83
        text run at (56,0) width 83: "This is some text."
      RenderBR {BR} at (59,83) size 0x0
      RenderText {#text} at (70,0) size 14x83
        text run at (70,0) width 83: "This is some text."
      RenderBR {BR} at (73,83) size 0x0
      RenderText {#text} at (84,0) size 14x83
        text run at (84,0) width 83: "This is some text."
      RenderBR {BR} at (87,83) size 0x0
      RenderText {#text} at (98,0) size 14x83
        text run at (98,0) width 83: "This is some text."
      RenderBR {BR} at (101,83) size 0x0
      RenderText {#text} at (112,0) size 14x83
        text run at (112,0) width 83: "This is some text."
      RenderBR {BR} at (115,83) size 0x0
      RenderText {#text} at (126,0) size 14x83
        text run at (126,0) width 83: "This is some text."
      RenderBR {BR} at (129,83) size 0x0
      RenderText {#text} at (140,0) size 14x83
        text run at (140,0) width 83: "This is some text."
      RenderBR {BR} at (143,83) size 0x0
      RenderText {#text} at (154,0) size 14x83
        text run at (154,0) width 83: "This is some text."
      RenderBR {BR} at (157,83) size 0x0
      RenderText {#text} at (168,0) size 14x83
        text run at (168,0) width 83: "This is some text."
      RenderBR {BR} at (171,83) size 0x0
      RenderText {#text} at (182,0) size 14x83
        text run at (182,0) width 83: "This is some text."
      RenderBR {BR} at (185,83) size 0x0
      RenderText {#text} at (196,0) size 14x83
        text run at (196,0) width 83: "This is some text."
      RenderBR {BR} at (199,83) size 0x0
      RenderText {#text} at (210,0) size 14x83
        text run at (210,0) width 83: "This is some text."
      RenderBR {BR} at (213,83) size 0x0
      RenderText {#text} at (224,0) size 14x83
        text run at (224,0) width 83: "This is some text."
      RenderBR {BR} at (227,83) size 0x0
      RenderText {#text} at (238,0) size 14x83
        text run at (238,0) width 83: "This is some text."
      RenderBR {BR} at (241,83) size 0x0
      RenderText {#text} at (252,0) size 14x83
        text run at (252,0) width 83: "This is some text."
      RenderBR {BR} at (255,83) size 0x0
      RenderText {#text} at (266,0) size 14x83
        text run at (266,0) width 83: "This is some text."
      RenderBR {BR} at (269,83) size 0x0
      RenderText {#text} at (280,0) size 14x83
        text run at (280,0) width 83: "This is some text."
      RenderBR {BR} at (283,83) size 0x0
    RenderBlock {DIV} at (299,5) size 56x281
      RenderText {#text} at (0,0) size 14x196
        text run at (0,0) width 196: "This text should be in the second column."
      RenderBR {BR} at (3,196) size 0x0
      RenderText {#text} at (14,0) size 14x196
        text run at (14,0) width 196: "This text should be in the second column."
      RenderBR {BR} at (17,196) size 0x0
      RenderText {#text} at (28,0) size 14x196
        text run at (28,0) width 196: "This text should be in the second column."
      RenderBR {BR} at (31,196) size 0x0
      RenderText {#text} at (42,0) size 14x196
        text run at (42,0) width 196: "This text should be in the second column."
      RenderBR {BR} at (45,196) size 0x0
layer at (324,8) size 304x584
  RenderBlock {DIV} at (316,0) size 304x584 [border: (5px solid #0000FF)]
    RenderBlock (anonymous) at (5,5) size 56x281
      RenderText {#text} at (0,0) size 14x182
        text run at (0,0) width 182: "This text should be in the first column."
      RenderBR {BR} at (3,182) size 0x0
      RenderText {#text} at (14,0) size 14x182
        text run at (14,0) width 182: "This text should be in the first column."
      RenderBR {BR} at (17,182) size 0x0
      RenderText {#text} at (28,0) size 14x182
        text run at (28,0) width 182: "This text should be in the first column."
      RenderBR {BR} at (31,182) size 0x0
      RenderText {#text} at (42,0) size 14x182
        text run at (42,0) width 182: "This text should be in the first column."
      RenderBR {BR} at (45,182) size 0x0
    RenderBlock {DIV} at (299,5) size 294x281
      RenderText {#text} at (0,0) size 14x83
        text run at (0,0) width 83: "This is some text."
      RenderBR {BR} at (3,83) size 0x0
      RenderText {#text} at (14,0) size 14x83
        text run at (14,0) width 83: "This is some text."
      RenderBR {BR} at (17,83) size 0x0
      RenderText {#text} at (28,0) size 14x83
        text run at (28,0) width 83: "This is some text."
      RenderBR {BR} at (31,83) size 0x0
      RenderText {#text} at (42,0) size 14x83
        text run at (42,0) width 83: "This is some text."
      RenderBR {BR} at (45,83) size 0x0
      RenderText {#text} at (56,0) size 14x83
        text run at (56,0) width 83: "This is some text."
      RenderBR {BR} at (59,83) size 0x0
      RenderText {#text} at (70,0) size 14x83
        text run at (70,0) width 83: "This is some text."
      RenderBR {BR} at (73,83) size 0x0
      RenderText {#text} at (84,0) size 14x83
        text run at (84,0) width 83: "This is some text."
      RenderBR {BR} at (87,83) size 0x0
      RenderText {#text} at (98,0) size 14x83
        text run at (98,0) width 83: "This is some text."
      RenderBR {BR} at (101,83) size 0x0
      RenderText {#text} at (112,0) size 14x83
        text run at (112,0) width 83: "This is some text."
      RenderBR {BR} at (115,83) size 0x0
      RenderText {#text} at (126,0) size 14x83
        text run at (126,0) width 83: "This is some text."
      RenderBR {BR} at (129,83) size 0x0
      RenderText {#text} at (140,0) size 14x83
        text run at (140,0) width 83: "This is some text."
      RenderBR {BR} at (143,83) size 0x0
      RenderText {#text} at (154,0) size 14x83
        text run at (154,0) width 83: "This is some text."
      RenderBR {BR} at (157,83) size 0x0
      RenderText {#text} at (168,0) size 14x83
        text run at (168,0) width 83: "This is some text."
      RenderBR {BR} at (171,83) size 0x0
      RenderText {#text} at (182,0) size 14x83
        text run at (182,0) width 83: "This is some text."
      RenderBR {BR} at (185,83) size 0x0
      RenderText {#text} at (196,0) size 14x83
        text run at (196,0) width 83: "This is some text."
      RenderBR {BR} at (199,83) size 0x0
      RenderText {#text} at (210,0) size 14x83
        text run at (210,0) width 83: "This is some text."
      RenderBR {BR} at (213,83) size 0x0
      RenderText {#text} at (224,0) size 14x83
        text run at (224,0) width 83: "This is some text."
      RenderBR {BR} at (227,83) size 0x0
      RenderText {#text} at (238,0) size 14x83
        text run at (238,0) width 83: "This is some text."
      RenderBR {BR} at (241,83) size 0x0
      RenderText {#text} at (252,0) size 14x83
        text run at (252,0) width 83: "This is some text."
      RenderBR {BR} at (255,83) size 0x0
      RenderText {#text} at (266,0) size 14x83
        text run at (266,0) width 83: "This is some text."
      RenderBR {BR} at (269,83) size 0x0
      RenderText {#text} at (280,0) size 14x83
        text run at (280,0) width 83: "This is some text."
      RenderBR {BR} at (283,83) size 0x0
