layer at (0,0) size 800x1208
  RenderView at (0,0) size 800x600
layer at (0,0) size 800x600
  RenderBlock {HTML} at (0,0) size 800x600
    RenderBody {BODY} at (8,8) size 784x1200
layer at (8,8) size 404x1200
  RenderBlock {DIV} at (0,0) size 404x1200 [border: (2px solid #000000)]
    RenderText {#text} at (2,2) size 14x83
      text run at (2,2) width 83: "This is some text."
    RenderBR {BR} at (5,85) size 0x0
    RenderText {#text} at (16,2) size 14x83
      text run at (16,2) width 83: "This is some text."
    RenderBR {BR} at (19,85) size 0x0
    RenderText {#text} at (30,2) size 14x83
      text run at (30,2) width 83: "This is some text."
    RenderBR {BR} at (33,85) size 0x0
    RenderText {#text} at (44,2) size 14x83
      text run at (44,2) width 83: "This is some text."
    RenderBR {BR} at (47,85) size 0x0
    RenderText {#text} at (58,2) size 14x83
      text run at (58,2) width 83: "This is some text."
    RenderBR {BR} at (61,85) size 0x0
    RenderText {#text} at (72,2) size 14x83
      text run at (72,2) width 83: "This is some text."
    RenderBR {BR} at (75,85) size 0x0
    RenderText {#text} at (86,2) size 14x83
      text run at (86,2) width 83: "This is some text."
    RenderBR {BR} at (89,85) size 0x0
    RenderText {#text} at (100,2) size 14x83
      text run at (100,2) width 83: "This is some text."
    RenderBR {BR} at (103,85) size 0x0
    RenderText {#text} at (114,2) size 14x83
      text run at (114,2) width 83: "This is some text."
    RenderBR {BR} at (117,85) size 0x0
    RenderText {#text} at (128,2) size 14x83
      text run at (128,2) width 83: "This is some text."
    RenderBR {BR} at (131,85) size 0x0
    RenderImage {IMG} at (402,2) size 300x250 [bgcolor=#008000]
    RenderText {#text} at (402,252) size 14x83
      text run at (402,252) width 83: "This is some text."
    RenderBR {BR} at (405,335) size 0x0
    RenderText {#text} at (416,252) size 14x83
      text run at (416,252) width 83: "This is some text."
    RenderBR {BR} at (419,335) size 0x0
    RenderText {#text} at (430,252) size 14x83
      text run at (430,252) width 83: "This is some text."
    RenderBR {BR} at (433,335) size 0x0
    RenderText {#text} at (444,252) size 14x83
      text run at (444,252) width 83: "This is some text."
    RenderBR {BR} at (447,335) size 0x0
    RenderText {#text} at (458,252) size 14x83
      text run at (458,252) width 83: "This is some text."
    RenderBR {BR} at (461,335) size 0x0
    RenderText {#text} at (472,252) size 14x83
      text run at (472,252) width 83: "This is some text."
    RenderBR {BR} at (475,335) size 0x0
    RenderText {#text} at (486,252) size 14x83
      text run at (486,252) width 83: "This is some text."
    RenderBR {BR} at (489,335) size 0x0
    RenderText {#text} at (500,252) size 14x83
      text run at (500,252) width 83: "This is some text."
    RenderBR {BR} at (503,335) size 0x0
    RenderText {#text} at (514,252) size 14x83
      text run at (514,252) width 83: "This is some text."
    RenderBR {BR} at (517,335) size 0x0
    RenderText {#text} at (528,252) size 14x83
      text run at (528,252) width 83: "This is some text."
    RenderBR {BR} at (531,335) size 0x0
    RenderText {#text} at (542,252) size 14x83
      text run at (542,252) width 83: "This is some text."
    RenderBR {BR} at (545,335) size 0x0
    RenderText {#text} at (556,252) size 14x83
      text run at (556,252) width 83: "This is some text."
    RenderBR {BR} at (559,335) size 0x0
    RenderText {#text} at (570,252) size 14x83
      text run at (570,252) width 83: "This is some text."
    RenderBR {BR} at (573,335) size 0x0
    RenderText {#text} at (584,252) size 14x83
      text run at (584,252) width 83: "This is some text."
    RenderBR {BR} at (587,335) size 0x0
    RenderText {#text} at (598,252) size 14x83
      text run at (598,252) width 83: "This is some text."
    RenderBR {BR} at (601,335) size 0x0
    RenderText {#text} at (612,252) size 14x83
      text run at (612,252) width 83: "This is some text."
    RenderBR {BR} at (615,335) size 0x0
    RenderText {#text} at (626,252) size 14x83
      text run at (626,252) width 83: "This is some text."
    RenderBR {BR} at (629,335) size 0x0
    RenderText {#text} at (640,252) size 14x83
      text run at (640,252) width 83: "This is some text."
    RenderBR {BR} at (643,335) size 0x0
    RenderText {#text} at (654,252) size 14x83
      text run at (654,252) width 83: "This is some text."
    RenderBR {BR} at (657,335) size 0x0
    RenderText {#text} at (668,252) size 14x83
      text run at (668,252) width 83: "This is some text."
    RenderBR {BR} at (671,335) size 0x0
    RenderText {#text} at (682,252) size 14x83
      text run at (682,252) width 83: "This is some text."
    RenderBR {BR} at (685,335) size 0x0
    RenderText {#text} at (696,252) size 14x83
      text run at (696,252) width 83: "This is some text."
    RenderBR {BR} at (699,335) size 0x0
    RenderText {#text} at (710,2) size 14x83
      text run at (710,2) width 83: "This is some text."
    RenderBR {BR} at (713,85) size 0x0
    RenderText {#text} at (724,2) size 14x83
      text run at (724,2) width 83: "This is some text."
    RenderBR {BR} at (727,85) size 0x0
    RenderText {#text} at (738,2) size 14x83
      text run at (738,2) width 83: "This is some text."
    RenderBR {BR} at (741,85) size 0x0
    RenderText {#text} at (752,2) size 14x83
      text run at (752,2) width 83: "This is some text."
    RenderBR {BR} at (755,85) size 0x0
    RenderText {#text} at (766,2) size 14x83
      text run at (766,2) width 83: "This is some text."
    RenderBR {BR} at (769,85) size 0x0
    RenderText {#text} at (780,2) size 14x83
      text run at (780,2) width 83: "This is some text."
    RenderBR {BR} at (783,85) size 0x0
    RenderText {#text} at (802,2) size 14x83
      text run at (802,2) width 83: "This is some text."
    RenderBR {BR} at (805,85) size 0x0
    RenderText {#text} at (816,2) size 14x83
      text run at (816,2) width 83: "This is some text."
    RenderBR {BR} at (819,85) size 0x0
