layer at (0,0) size 1668x1208
  RenderView at (0,0) size 800x600
layer at (0,0) size 1668x600
  RenderBlock {HTML} at (0,0) size 1668x600
    RenderBody {BODY} at (8,8) size 1652x1200
layer at (8,8) size 404x1200
  RenderBlock {DIV} at (0,0) size 404x1200 [border: (2px solid #000000)]
    RenderBlock (anonymous) at (2,2) size 196x390
      RenderText {#text} at (0,0) size 14x83
        text run at (0,0) width 83: "This is some text."
      RenderBR {BR} at (3,83) size 0x0
      RenderText {#text} at (14,0) size 14x83
        text run at (14,0) width 83: "This is some text."
      RenderBR {BR} at (17,83) size 0x0
      RenderText {#text} at (28,0) size 14x83
        text run at (28,0) width 83: "This is some text."
      RenderBR {BR} at (31,83) size 0x0
      RenderText {#text} at (42,0) size 14x83
        text run at (42,0) width 83: "This is some text."
      RenderBR {BR} at (45,83) size 0x0
      RenderText {#text} at (56,0) size 14x83
        text run at (56,0) width 83: "This is some text."
      RenderBR {BR} at (59,83) size 0x0
      RenderText {#text} at (70,0) size 14x83
        text run at (70,0) width 83: "This is some text."
      RenderBR {BR} at (73,83) size 0x0
      RenderText {#text} at (84,0) size 14x83
        text run at (84,0) width 83: "This is some text."
      RenderBR {BR} at (87,83) size 0x0
      RenderText {#text} at (98,0) size 14x83
        text run at (98,0) width 83: "This is some text."
      RenderBR {BR} at (101,83) size 0x0
      RenderText {#text} at (112,0) size 14x83
        text run at (112,0) width 83: "This is some text."
      RenderBR {BR} at (115,83) size 0x0
      RenderText {#text} at (126,0) size 14x83
        text run at (126,0) width 83: "This is some text."
      RenderBR {BR} at (129,83) size 0x0
      RenderText {#text} at (140,0) size 14x83
        text run at (140,0) width 83: "This is some text."
      RenderBR {BR} at (143,83) size 0x0
      RenderText {#text} at (154,0) size 14x83
        text run at (154,0) width 83: "This is some text."
      RenderBR {BR} at (157,83) size 0x0
      RenderText {#text} at (168,0) size 14x83
        text run at (168,0) width 83: "This is some text."
      RenderBR {BR} at (171,83) size 0x0
      RenderText {#text} at (182,0) size 14x83
        text run at (182,0) width 83: "This is some text."
      RenderBR {BR} at (185,83) size 0x0
    RenderBlock {P} at (210,2) size 374x390
      RenderBlock (floating) {SPAN} at (0,0) size 147x78
        RenderText {#text} at (2,0) size 143x78
          text run at (2,0) width 78: "T"
      RenderText {#text} at (0,78) size 14x76
        text run at (0,78) width 76: "his is some text."
      RenderBR {BR} at (3,154) size 0x0
      RenderText {#text} at (14,78) size 14x83
        text run at (14,78) width 83: "This is some text."
      RenderBR {BR} at (17,161) size 0x0
      RenderText {#text} at (28,78) size 14x83
        text run at (28,78) width 83: "This is some text."
      RenderBR {BR} at (31,161) size 0x0
      RenderText {#text} at (42,78) size 14x83
        text run at (42,78) width 83: "This is some text."
      RenderBR {BR} at (45,161) size 0x0
      RenderText {#text} at (56,78) size 14x83
        text run at (56,78) width 83: "This is some text."
      RenderBR {BR} at (59,161) size 0x0
      RenderText {#text} at (70,78) size 14x83
        text run at (70,78) width 83: "This is some text."
      RenderBR {BR} at (73,161) size 0x0
      RenderText {#text} at (84,78) size 14x83
        text run at (84,78) width 83: "This is some text."
      RenderBR {BR} at (87,161) size 0x0
      RenderText {#text} at (98,78) size 14x83
        text run at (98,78) width 83: "This is some text."
      RenderBR {BR} at (101,161) size 0x0
      RenderText {#text} at (112,78) size 14x83
        text run at (112,78) width 83: "This is some text."
      RenderBR {BR} at (115,161) size 0x0
      RenderText {#text} at (126,78) size 14x83
        text run at (126,78) width 83: "This is some text."
      RenderBR {BR} at (129,161) size 0x0
      RenderText {#text} at (140,78) size 14x83
        text run at (140,78) width 83: "This is some text."
      RenderBR {BR} at (143,161) size 0x0
      RenderText {#text} at (154,0) size 14x83
        text run at (154,0) width 83: "This is some text."
      RenderBR {BR} at (157,83) size 0x0
      RenderText {#text} at (168,0) size 14x83
        text run at (168,0) width 83: "This is some text."
      RenderBR {BR} at (171,83) size 0x0
      RenderText {#text} at (192,0) size 14x83
        text run at (192,0) width 83: "This is some text."
      RenderBR {BR} at (195,83) size 0x0
      RenderText {#text} at (206,0) size 14x83
        text run at (206,0) width 83: "This is some text."
      RenderBR {BR} at (209,83) size 0x0
      RenderText {#text} at (220,0) size 14x83
        text run at (220,0) width 83: "This is some text."
      RenderBR {BR} at (223,83) size 0x0
      RenderText {#text} at (234,0) size 14x83
        text run at (234,0) width 83: "This is some text."
      RenderBR {BR} at (237,83) size 0x0
      RenderText {#text} at (248,0) size 14x83
        text run at (248,0) width 83: "This is some text."
      RenderBR {BR} at (251,83) size 0x0
      RenderText {#text} at (262,0) size 14x83
        text run at (262,0) width 83: "This is some text."
      RenderBR {BR} at (265,83) size 0x0
      RenderText {#text} at (276,0) size 14x83
        text run at (276,0) width 83: "This is some text."
      RenderBR {BR} at (279,83) size 0x0
      RenderText {#text} at (290,0) size 14x83
        text run at (290,0) width 83: "This is some text."
      RenderBR {BR} at (293,83) size 0x0
      RenderText {#text} at (304,0) size 14x83
        text run at (304,0) width 83: "This is some text."
      RenderBR {BR} at (307,83) size 0x0
      RenderText {#text} at (318,0) size 14x83
        text run at (318,0) width 83: "This is some text."
      RenderBR {BR} at (321,83) size 0x0
      RenderText {#text} at (332,0) size 14x83
        text run at (332,0) width 83: "This is some text."
      RenderBR {BR} at (335,83) size 0x0
      RenderText {#text} at (346,0) size 14x83
        text run at (346,0) width 83: "This is some text."
      RenderBR {BR} at (349,83) size 0x0
      RenderText {#text} at (360,0) size 14x83
        text run at (360,0) width 83: "This is some text."
      RenderBR {BR} at (363,83) size 0x0
layer at (424,8) size 404x1200
  RenderBlock {DIV} at (416,0) size 404x1200 [border: (2px solid #000000)]
    RenderBlock (anonymous) at (2,2) size 196x390
      RenderText {#text} at (0,0) size 14x83
        text run at (0,0) width 83: "This is some text."
      RenderBR {BR} at (3,83) size 0x0
      RenderText {#text} at (14,0) size 14x83
        text run at (14,0) width 83: "This is some text."
      RenderBR {BR} at (17,83) size 0x0
      RenderText {#text} at (28,0) size 14x83
        text run at (28,0) width 83: "This is some text."
      RenderBR {BR} at (31,83) size 0x0
      RenderText {#text} at (42,0) size 14x83
        text run at (42,0) width 83: "This is some text."
      RenderBR {BR} at (45,83) size 0x0
      RenderText {#text} at (56,0) size 14x83
        text run at (56,0) width 83: "This is some text."
      RenderBR {BR} at (59,83) size 0x0
      RenderText {#text} at (70,0) size 14x83
        text run at (70,0) width 83: "This is some text."
      RenderBR {BR} at (73,83) size 0x0
      RenderText {#text} at (84,0) size 14x83
        text run at (84,0) width 83: "This is some text."
      RenderBR {BR} at (87,83) size 0x0
      RenderText {#text} at (98,0) size 14x83
        text run at (98,0) width 83: "This is some text."
      RenderBR {BR} at (101,83) size 0x0
      RenderText {#text} at (112,0) size 14x83
        text run at (112,0) width 83: "This is some text."
      RenderBR {BR} at (115,83) size 0x0
      RenderText {#text} at (126,0) size 14x83
        text run at (126,0) width 83: "This is some text."
      RenderBR {BR} at (129,83) size 0x0
      RenderText {#text} at (140,0) size 14x83
        text run at (140,0) width 83: "This is some text."
      RenderBR {BR} at (143,83) size 0x0
      RenderText {#text} at (154,0) size 14x83
        text run at (154,0) width 83: "This is some text."
      RenderBR {BR} at (157,83) size 0x0
      RenderText {#text} at (168,0) size 14x83
        text run at (168,0) width 83: "This is some text."
      RenderBR {BR} at (171,83) size 0x0
      RenderText {#text} at (182,0) size 14x83
        text run at (182,0) width 83: "This is some text."
      RenderBR {BR} at (185,83) size 0x0
    RenderBlock {P} at (210,2) size 556x390
      RenderImage {IMG} at (192,0) size 100x100 [bgcolor=#008000]
      RenderImage {IMG} at (192,290) size 200x100 [bgcolor=#008000]
      RenderText {#text} at (192,100) size 14x80
        text run at (192,100) width 80: "This is some text"
      RenderBR {BR} at (195,180) size 0x0
      RenderText {#text} at (206,100) size 14x83
        text run at (206,100) width 83: "This is some text."
      RenderBR {BR} at (209,183) size 0x0
      RenderText {#text} at (220,100) size 14x83
        text run at (220,100) width 83: "This is some text."
      RenderBR {BR} at (223,183) size 0x0
      RenderText {#text} at (234,100) size 14x83
        text run at (234,100) width 83: "This is some text."
      RenderBR {BR} at (237,183) size 0x0
      RenderText {#text} at (248,100) size 14x83
        text run at (248,100) width 83: "This is some text."
      RenderBR {BR} at (251,183) size 0x0
      RenderText {#text} at (262,100) size 14x83
        text run at (262,100) width 83: "This is some text."
      RenderBR {BR} at (265,183) size 0x0
      RenderText {#text} at (276,100) size 14x83
        text run at (276,100) width 83: "This is some text."
      RenderBR {BR} at (279,183) size 0x0
      RenderText {#text} at (290,100) size 14x83
        text run at (290,100) width 83: "This is some text."
      RenderBR {BR} at (293,183) size 0x0
      RenderText {#text} at (304,0) size 14x83
        text run at (304,0) width 83: "This is some text."
      RenderBR {BR} at (307,83) size 0x0
      RenderText {#text} at (318,0) size 14x83
        text run at (318,0) width 83: "This is some text."
      RenderBR {BR} at (321,83) size 0x0
      RenderText {#text} at (332,0) size 14x83
        text run at (332,0) width 83: "This is some text."
      RenderBR {BR} at (335,83) size 0x0
      RenderText {#text} at (346,0) size 14x83
        text run at (346,0) width 83: "This is some text."
      RenderBR {BR} at (349,83) size 0x0
      RenderText {#text} at (360,0) size 14x83
        text run at (360,0) width 83: "This is some text."
      RenderBR {BR} at (363,83) size 0x0
      RenderText {#text} at (374,0) size 14x83
        text run at (374,0) width 83: "This is some text."
      RenderBR {BR} at (377,83) size 0x0
      RenderText {#text} at (388,0) size 14x83
        text run at (388,0) width 83: "This is some text."
      RenderBR {BR} at (391,83) size 0x0
      RenderText {#text} at (402,0) size 14x83
        text run at (402,0) width 83: "This is some text."
      RenderBR {BR} at (405,83) size 0x0
      RenderText {#text} at (416,0) size 14x83
        text run at (416,0) width 83: "This is some text."
      RenderBR {BR} at (419,83) size 0x0
      RenderText {#text} at (430,0) size 14x83
        text run at (430,0) width 83: "This is some text."
      RenderBR {BR} at (433,83) size 0x0
      RenderText {#text} at (444,0) size 14x83
        text run at (444,0) width 83: "This is some text."
      RenderBR {BR} at (447,83) size 0x0
      RenderText {#text} at (458,0) size 14x83
        text run at (458,0) width 83: "This is some text."
      RenderBR {BR} at (461,83) size 0x0
      RenderText {#text} at (472,0) size 14x83
        text run at (472,0) width 83: "This is some text."
      RenderBR {BR} at (475,83) size 0x0
      RenderText {#text} at (486,0) size 14x83
        text run at (486,0) width 83: "This is some text."
      RenderBR {BR} at (489,83) size 0x0
      RenderText {#text} at (500,0) size 14x83
        text run at (500,0) width 83: "This is some text."
      RenderBR {BR} at (503,83) size 0x0
      RenderText {#text} at (514,0) size 14x83
        text run at (514,0) width 83: "This is some text."
      RenderBR {BR} at (517,83) size 0x0
      RenderText {#text} at (528,0) size 14x83
        text run at (528,0) width 83: "This is some text."
      RenderBR {BR} at (531,83) size 0x0
      RenderText {#text} at (542,0) size 14x83
        text run at (542,0) width 83: "This is some text."
      RenderBR {BR} at (545,83) size 0x0
layer at (840,8) size 404x1200
  RenderBlock {DIV} at (832,0) size 404x1200 [border: (2px solid #000000)]
    RenderImage {IMG} at (2,2) size 390x300 [bgcolor=#008000]
    RenderText {#text} at (2,302) size 280x89
      text run at (2,302) width 54: "Longer text"
      text run at (16,302) width 73: "designed to test"
      text run at (30,302) width 89: "float and wrapping"
      text run at (44,302) width 81: "behavior. Longer"
      text run at (58,302) width 74: "text designed to"
      text run at (72,302) width 60: "test float and"
      text run at (86,302) width 45: "wrapping"
      text run at (100,302) width 81: "behavior. Longer"
      text run at (114,302) width 74: "text designed to"
      text run at (128,302) width 60: "test float and"
      text run at (142,302) width 45: "wrapping"
      text run at (156,302) width 81: "behavior. Longer"
      text run at (170,302) width 74: "text designed to"
      text run at (184,302) width 60: "test float and"
      text run at (198,302) width 45: "wrapping"
      text run at (212,302) width 81: "behavior. Longer"
      text run at (226,302) width 74: "text designed to"
      text run at (240,302) width 60: "test float and"
      text run at (254,302) width 45: "wrapping"
      text run at (268,302) width 44: "behavior."
layer at (1256,8) size 404x1200
  RenderBlock {DIV} at (1248,0) size 404x1200 [border: (2px solid #000000)]
    RenderImage {IMG} at (2,2) size 380x390 [bgcolor=#0000FF]
    RenderInline {SPAN} at (0,0) size 252x383
      RenderImage {IMG} at (402,2) size 20x100 [bgcolor=#008000]
      RenderText {#text} at (402,102) size 28x211
        text run at (402,102) width 211: "Longer text designed "
      RenderImage {IMG} at (430,292) size 20x100 [bgcolor=#008000]
      RenderText {#text} at (402,313) size 252x383
        text run at (402,313) width 59: "to test"
        text run at (430,2) width 280: "float and wrapping behavior."
        text run at (458,2) width 362: "Longer text designed to test float and"
        text run at (486,2) width 307: "wrapping behavior. Longer text"
        text run at (514,2) width 340: "designed to test float and wrapping"
        text run at (542,2) width 367: "behavior. Longer text designed to test"
        text run at (570,2) width 356: "float and wrapping behavior. Longer"
        text run at (598,2) width 383: "text designed to test float and wrapping"
        text run at (626,2) width 91: "behavior."
    RenderText {#text} at (0,0) size 0x0
