layer at (0,0) size 800x778
  RenderView at (0,0) size 800x600
layer at (0,0) size 800x600
  RenderBlock {HTML} at (0,0) size 800x600
    RenderBody {BODY} at (8,8) size 784x584
layer at (8,8) size 320x770
  RenderBlock {DIV} at (0,0) size 320x770 [border: (5px solid #000000)]
    RenderBlock {DIV} at (10,10) size 250x369
    RenderBlock (anonymous) at (310,10) size 158x369
      RenderBlock {DIV} at (0,0) size 158x227 [border: (2px solid #008000)]
        RenderText {#text} at (2,2) size 14x223
          text run at (2,2) width 223: "All of this text should be in the second column."
        RenderBR {BR} at (5,225) size 0x0
        RenderText {#text} at (16,2) size 14x223
          text run at (16,2) width 223: "All of this text should be in the second column."
        RenderBR {BR} at (19,225) size 0x0
        RenderText {#text} at (30,2) size 14x223
          text run at (30,2) width 223: "All of this text should be in the second column."
        RenderBR {BR} at (33,225) size 0x0
        RenderText {#text} at (44,2) size 14x223
          text run at (44,2) width 223: "All of this text should be in the second column."
        RenderBR {BR} at (47,225) size 0x0
        RenderText {#text} at (58,2) size 14x223
          text run at (58,2) width 223: "All of this text should be in the second column."
        RenderBR {BR} at (61,225) size 0x0
        RenderText {#text} at (72,2) size 14x223
          text run at (72,2) width 223: "All of this text should be in the second column."
        RenderBR {BR} at (75,225) size 0x0
        RenderText {#text} at (86,2) size 14x223
          text run at (86,2) width 223: "All of this text should be in the second column."
        RenderBR {BR} at (89,225) size 0x0
        RenderText {#text} at (100,2) size 14x223
          text run at (100,2) width 223: "All of this text should be in the second column."
        RenderBR {BR} at (103,225) size 0x0
        RenderText {#text} at (114,2) size 14x223
          text run at (114,2) width 223: "All of this text should be in the second column."
        RenderBR {BR} at (117,225) size 0x0
        RenderText {#text} at (128,2) size 14x223
          text run at (128,2) width 223: "All of this text should be in the second column."
        RenderBR {BR} at (131,225) size 0x0
        RenderText {#text} at (142,2) size 14x223
          text run at (142,2) width 223: "All of this text should be in the second column."
        RenderBR {BR} at (145,225) size 0x0
      RenderText {#text} at (0,0) size 0x0
