layer at (0,0) size 980x735
  RenderView at (0,0) size 980x735
layer at (0,0) size 980x0
  RenderBlock {HTML} at (0,0) size 980x0
    RenderBody {BODY} at (0,0) size 980x0
layer at (0,0) size 980x735
  RenderBlock (positioned) {DIV} at (0,0) size 980x735
layer at (0,0) size 980x100
  RenderBlock (positioned) zI: 1 {DIV} at (0,0) size 980x100 [bgcolor=#99CC66]
    RenderBlock {DIV} at (10,10) size 960x15
      RenderText {#text} at (0,1) size 41x13
        text run at (0,1) width 41: "Header"
layer at (10,110) size 960x565
  RenderBlock (relative positioned) zI: 1 {DIV} at (10,110) size 960x565
layer at (10,110) size 200x565
  RenderBlock (positioned) {DIV} at (0,0) size 200x565
layer at (10,110) size 960x565
  RenderBlock (positioned) {DIV} at (0,0) size 960x565
layer at (10,110) size 200x565 clip at (11,111) size 198x563
  RenderBlock (relative positioned) zI: 1 {DIV} at (0,0) size 200x565 [bgcolor=#FFFFFF] [border: (1px solid #999999)]
    RenderBlock {DIV} at (1,1) size 198x195
      RenderText {#text} at (0,1) size 194x193
        text run at (0,1) width 192: "Luckily, the bit of the broadcast is"
        text run at (0,16) width 182: "now missing from BBCs website"
        text run at (0,31) width 185: "and folks in Cornwall swear they"
        text run at (0,46) width 185: "saw Bigfoot and Jersey Devil run"
        text run at (0,61) width 185: "off with miles and miles of audio"
        text run at (0,76) width 173: "tape containing tapes of Steve"
        text run at (0,91) width 185: "Jobs talking about the new Video"
        text run at (0,106) width 164: "iPod while drunk on soju, the"
        text run at (0,121) width 144: "confession of the true JFK"
        text run at (0,136) width 168: "assassin, and a tripping Chief"
        text run at (0,151) width 188: "Justice Roberts talking about how"
        text run at (0,166) width 194: "\x{201C}Green isn\x{2019}t just a color, man, it\x{2019}s"
        text run at (0,181) width 52: "an idea.\x{201D}"
layer at (220,110) size 750x565 clip at (221,111) size 748x563
  RenderBlock (relative positioned) zI: 1 {DIV} at (210,0) size 750x565 [bgcolor=#FFFFFF] [border: (1px solid #999999)]
layer at (221,111) size 748x24
  RenderButton {BUTTON} at (1,1) size 748x24
    RenderBlock (anonymous) at (0,0) size 748x24
layer at (221,111) size 748x24
  RenderBlock (relative positioned) {DIV} at (0,0) size 748x24
    RenderText {#text} at (5,5) size 36x13
      text run at (5,5) width 36: "Item 1"
layer at (221,135) size 748x24
  RenderButton {BUTTON} at (1,25) size 748x24 [color=#FFFFFF] [bgcolor=#316AC5]
    RenderBlock (anonymous) at (0,0) size 748x24
layer at (221,135) size 748x24
  RenderBlock (relative positioned) {DIV} at (0,0) size 748x24
    RenderText {#text} at (5,5) size 36x13
      text run at (5,5) width 36: "Item 2"
layer at (221,159) size 748x24
  RenderButton {BUTTON} at (1,49) size 748x24
    RenderBlock (anonymous) at (0,0) size 748x24
layer at (221,159) size 748x24
  RenderBlock (relative positioned) {DIV} at (0,0) size 748x24
    RenderText {#text} at (5,5) size 36x13
      text run at (5,5) width 36: "Item 3"
layer at (221,183) size 748x24
  RenderButton {BUTTON} at (1,73) size 748x24
    RenderBlock (anonymous) at (0,0) size 748x24
layer at (221,183) size 748x24
  RenderBlock (relative positioned) {DIV} at (0,0) size 748x24
    RenderText {#text} at (5,5) size 36x13
      text run at (5,5) width 36: "Item 4"
layer at (0,685) size 980x50
  RenderBlock (positioned) zI: 1 {DIV} at (0,685) size 980x50 [bgcolor=#99CC66]
    RenderBlock {DIV} at (10,10) size 960x15
      RenderText {#text} at (0,1) size 36x13
        text run at (0,1) width 36: "Footer"
