layer at (0,0) size 980x735
  RenderView at (0,0) size 980x735
layer at (0,0) size 980x735
  RenderBlock {HTML} at (0,0) size 980x735
    RenderBody {BODY} at (8,8) size 964x719
      RenderBlock {DIV} at (0,0) size 372x436 [border: (1px solid #000000)]
        RenderBlock {H2} at (1,20) size 370x28
          RenderText {#text} at (0,0) size 246x28
            text run at (0,0) width 246: "SVG border-image"
        RenderBlock (anonymous) at (1,67) size 370x368
          RenderBlock {DIV} at (10,10) size 160x160 [border: (30px none #000000)]
          RenderText {#text} at (180,165) size 5x19
            text run at (180,165) width 5: " "
          RenderBlock {DIV} at (195,10) size 160x160 [border: (30px none #000000)]
          RenderText {#text} at (365,165) size 5x19
            text run at (365,165) width 5: " "
          RenderBR {BR} at (0,0) size 0x0
          RenderBlock {DIV} at (10,194) size 160x160 [border: (30px none #000000)]
          RenderText {#text} at (180,349) size 5x19
            text run at (180,349) width 5: " "
          RenderBlock {DIV} at (195,194) size 160x160 [border: (30px none #000000)]
          RenderText {#text} at (0,0) size 0x0
      RenderText {#text} at (372,416) size 5x19
        text run at (372,416) width 5: " "
      RenderBlock {DIV} at (377,0) size 372x436 [border: (1px solid #000000)]
        RenderBlock {H2} at (1,20) size 370x28
          RenderText {#text} at (0,0) size 248x28
            text run at (0,0) width 248: "PNG border-image"
        RenderBlock (anonymous) at (1,67) size 370x368
          RenderBlock {DIV} at (10,10) size 160x160 [border: (30px none #000000)]
          RenderText {#text} at (180,165) size 5x19
            text run at (180,165) width 5: " "
          RenderBlock {DIV} at (195,10) size 160x160 [border: (30px none #000000)]
          RenderText {#text} at (365,165) size 5x19
            text run at (365,165) width 5: " "
          RenderBR {BR} at (0,0) size 0x0
          RenderBlock {DIV} at (10,194) size 160x160 [border: (30px none #000000)]
          RenderText {#text} at (180,349) size 5x19
            text run at (180,349) width 5: " "
          RenderBlock {DIV} at (195,194) size 160x160 [border: (30px none #000000)]
          RenderText {#text} at (0,0) size 0x0
      RenderText {#text} at (0,0) size 0x0
