layer at (0,0) size 980x735
  RenderView at (0,0) size 980x735
layer at (0,0) size 980x24
  RenderBlock {html} at (0,0) size 980x24 [bgcolor=#00FF00]
    RenderBody {body} at (8,16) size 964x0 [bgcolor=#FF0000]
      RenderBlock {p} at (0,0) size 964x19
        RenderText {#text} at (0,0) size 517x19
          text run at (0,0) width 517: "The entire viewport should be green and there should be no red."
