layer at (0,0) size 980x735
  RenderView at (0,0) size 980x735
layer at (0,0) size 980x35
  RenderBlock {html} at (0,0) size 980x35
    RenderBody {body} at (8,8) size 964x19 [bgcolor=#FF0000]
      RenderBlock {p} at (0,0) size 964x19 [bgcolor=#00FF00]
        RenderText {#text} at (0,0) size 426x19
          text run at (0,0) width 426: "This line should be green and there should be no red."
