layer at (0,0) size 980x735
  RenderView at (0,0) size 980x735
layer at (0,0) size 980x19
  RenderBlock {html} at (0,0) size 980x19
    RenderBlock (anonymous) at (0,0) size 980x0
      RenderInline {body} at (0,0) size 0x0 [bgcolor=#FF0000]
        RenderText {#text} at (0,0) size 0x0
    RenderBlock (anonymous) at (0,0) size 980x19
      RenderBlock {p} at (0,0) size 980x19 [bgcolor=#00FF00]
        RenderText {#text} at (0,0) size 426x19
          text run at (0,0) width 426: "This line should be green and there should be no red."
    RenderBlock (anonymous) at (0,19) size 980x0
      RenderInline {body} at (0,0) size 0x0 [bgcolor=#FF0000]
      RenderText {#text} at (0,0) size 0x0
