layer at (0,0) size 980x735
  RenderView at (0,0) size 980x735
layer at (0,0) size 980x51
  RenderBlock {html} at (0,0) size 980x51
    RenderBlock (anonymous) at (0,0) size 980x0
      RenderInline {bogus} at (0,0) size 0x0
    RenderBlock (anonymous) at (0,16) size 980x19
      RenderBody {body} at (8,0) size 964x19 [bgcolor=#FF0000]
        RenderBlock {p} at (0,0) size 964x19 [bgcolor=#00FF00]
          RenderText {#text} at (0,0) size 426x19
            text run at (0,0) width 426: "This line should be green and there should be no red."
    RenderBlock (anonymous) at (0,51) size 980x0
      RenderInline {bogus} at (0,0) size 0x0
