layer at (0,0) size 980x735
  RenderView at (0,0) size 980x735
layer at (0,0) size 980x0
  RenderBlock {html} at (0,0) size 980x0
layer at (0,0) size 980x20
  RenderBlock (positioned) {head} at (0,0) size 980x20 [bgcolor=#FFFF00]
layer at (0,0) size 980x20
  RenderBody {body} at (0,0) size 980x20 [color=#000080] [bgcolor=#FFFFFF]
    RenderBlock {p} at (0,0) size 980x19
      RenderText {#text} at (0,0) size 341x19
        text run at (0,0) width 341: "This line should have a yellow background."
