layer at (0,0) size 980x4170
  RenderView at (0,0) size 980x735
layer at (0,0) size 980x4170
  RenderBlock {HTML} at (0,0) size 980x4170
    RenderBody {BODY} at (8,8) size 964x4154 [bgcolor=#CCCCCC]
      RenderBlock {P} at (0,0) size 964x19
        RenderText {#text} at (0,0) size 451x19
          text run at (0,0) width 451: "The style declarations which apply to the text below are:"
      RenderBlock {PRE} at (0,35) size 964x810
        RenderText {#text} at (0,0) size 462x810
          text run at (0,0) width 244: "P.one {color: green; rotation: 70deg;}"
          text run at (244,0) width 0: " "
          text run at (0,15) width 145: "P.oneb {color: green;}"
          text run at (145,15) width 0: " "
          text run at (0,30) width 189: "P.oneb {color: invalidValue;}"
          text run at (189,30) width 0: " "
          text run at (0,45) width 223: "P.two {background-color: inherit;}"
          text run at (223,45) width 0: " "
          text run at (0,60) width 175: "H1 + P.three {color: blue;}"
          text run at (175,60) width 0: " "
          text run at (0,75) width 160: "P.four + H1 {color: red;}"
          text run at (160,75) width 0: " "
          text run at (0,90) width 215: "P.five {background-color: \"red\";}"
          text run at (215,90) width 0: " "
          text run at (0,105) width 334: "P.sixa {border-width: medium; border-style: solid;}"
          text run at (334,105) width 0: " "
          text run at (0,120) width 317: "P.sixb {border-width: funny; border-style: solid;}"
          text run at (317,120) width 0: " "
          text run at (0,135) width 310: "P.sixc {border-width: 50zu; border-style: solid;}"
          text run at (310,135) width 0: " "
          text run at (0,150) width 296: "P.sixd {border-width: px; border-style: solid;}"
          text run at (296,150) width 0: " "
          text run at (0,165) width 88: "@three-dee {"
          text run at (88,165) width 0: " "
          text run at (0,180) width 159: " @background-lighting {"
          text run at (159,180) width 0: " "
          text run at (0,195) width 113: "  azimuth: 30deg;"
          text run at (113,195) width 0: " "
          text run at (0,210) width 129: "  elevation: 190deg;"
          text run at (129,210) width 0: " "
          text run at (0,225) width 16: "  }"
          text run at (16,225) width 0: " "
          text run at (0,240) width 144: " P.seven { color: red }"
          text run at (144,240) width 0: " "
          text run at (0,255) width 12: " }"
          text run at (12,255) width 0: " "
          text run at (0,270) width 167: "P.eight {COLOR: GREEN;}"
          text run at (167,270) width 0: " "
          text run at (0,285) width 163: "OL:wait {color: maroon;}"
          text run at (163,285) width 0: " "
          text run at (0,300) width 213: "P.ten:first-child {color: maroon;}"
          text run at (213,300) width 0: " "
          text run at (0,315) width 162: "UL:lang(fr) {color: gray;}"
          text run at (162,315) width 0: " "
          text run at (0,330) width 222: "BLOCKQUOTE[href] {color: navy;}"
          text run at (222,330) width 0: " "
          text run at (0,345) width 251: "ACRONYM[href=\"foo\"] {color: purple;}"
          text run at (251,345) width 0: " "
          text run at (0,360) width 258: "ADDRESS[href~=\"foo\"] {color: purple;}"
          text run at (258,360) width 0: " "
          text run at (0,375) width 208: "SPAN[lang|=\"fr\"] {color: #c37;}"
          text run at (208,375) width 0: " "
          text run at (0,390) width 88: "@media tty {"
          text run at (88,390) width 0: " "
          text run at (0,405) width 107: " H1 {color: red;}"
          text run at (107,405) width 0: " "
          text run at (0,420) width 149: " P.sixteen {color: red;}"
          text run at (149,420) width 0: " "
          text run at (0,435) width 12: " }"
          text run at (12,435) width 0: " "
          text run at (0,450) width 88: "@three-dee {"
          text run at (88,450) width 0: " "
          text run at (0,465) width 169: " P.seventeen {color: red }"
          text run at (169,465) width 0: " "
          text run at (0,480) width 12: " }"
          text run at (12,480) width 0: " "
          text run at (0,495) width 462: "P.eighteena {text-decoration: underline overline line-through diagonal;"
          text run at (462,495) width 0: " "
          text run at (0,510) width 307: "            font: bold highlighted 100% sans-serif;}"
          text run at (307,510) width 0: " "
          text run at (0,525) width 462: "P.eighteenb {text-decoration: underline overline line-through diagonal;"
          text run at (462,525) width 0: " "
          text run at (0,540) width 272: "            font: bold highlighted 100% serif;}"
          text run at (272,540) width 0: " "
          text run at (0,555) width 328: "EM, P.nineteena ! EM, STRONG {font-size: 200%; }"
          text run at (328,555) width 0: " "
          text run at (0,570) width 0: " "
          text run at (0,585) width 102: "// UL.nineteenb,"
          text run at (102,585) width 0: " "
          text run at (0,600) width 162: "P.nineteenb {color: red;}"
          text run at (162,600) width 0: " "
          text run at (0,615) width 0: " "
          text run at (0,630) width 284: "P.twentya {rotation-code: \"}\"; color: blue;} "
          text run at (284,630) width 0: " "
          text run at (0,645) width 309: "P.twentyb {rotation-code: \"\\\"}\\\"\"; color: green;}"
          text run at (309,645) width 0: " "
          text run at (0,660) width 317: "P.twentyonea {rotation-code: '}'; color: purple;} "
          text run at (317,660) width 0: " "
          text run at (0,675) width 325: "P.twentyoneb {rotation-code: '\\'}\\''; color: green;}"
          text run at (325,675) width 0: " "
          text run at (0,690) width 93: "P.twentytwo {"
          text run at (93,690) width 0: " "
          text run at (0,705) width 303: " type-display: @threedee {rotation-code: '}';};"
          text run at (303,705) width 0: " "
          text run at (0,720) width 85: " color: green;"
          text run at (85,720) width 0: " "
          text run at (0,735) width 12: " }"
          text run at (12,735) width 0: " "
          text run at (0,750) width 227: "P.twentythree {text-indent: 0.5in;}"
          text run at (227,750) width 0: " "
          text run at (0,765) width 94: " color: maroon"
          text run at (94,765) width 0: " "
          text run at (0,780) width 168: "P.twentyfour {color: red;}"
          text run at (168,780) width 0: " "
          text run at (0,795) width 0: " "
      RenderBlock {HR} at (0,858) size 964x2 [border: (1px inset #000000)]
      RenderBlock {P} at (0,876) size 964x19 [color=#008000]
        RenderText {#text} at (0,0) size 622x19
          text run at (0,0) width 622: "This paragraph should be green, because only the rotation should be ignored."
      RenderBlock {P} at (0,911) size 964x19 [color=#008000]
        RenderText {#text} at (0,0) size 794x19
          text run at (0,0) width 794: "This paragraph should be green, since error-checking should be done before calculating specificity."
      RenderBlock {P} at (0,946) size 964x38
        RenderText {#text} at (0,0) size 704x19
          text run at (0,0) width 704: "This paragraph should have a solid gray background (or a white grid), because in CSS1, "
        RenderInline {CODE} at (0,0) size 42x15
          RenderText {#text} at (704,3) size 42x15
            text run at (704,3) width 42: "inherit"
        RenderText {#text} at (746,0) size 957x38
          text run at (746,0) width 211: " is an invalid keyword, and"
          text run at (0,19) width 619: "in CSS2, it will cause the gray background (not the white grid) to be inherited."
      RenderBlock {P} at (0,1000) size 964x19
        RenderText {#text} at (0,0) size 796x19
          text run at (0,0) width 796: "This paragraph should be black, since in CSS1, the selector is invalid, and in CSS2, it does not apply."
      RenderBlock {P} at (0,1035) size 964x19
        RenderText {#text} at (0,0) size 796x19
          text run at (0,0) width 796: "This paragraph should be black, since in CSS1, the selector is invalid, and in CSS2, it does not apply."
      RenderBlock {P} at (0,1070) size 964x19
        RenderText {#text} at (0,0) size 668x19
          text run at (0,0) width 668: "This paragraph should have a white background, since keywords cannot be quoted."
      RenderBlock {P} at (0,1105) size 964x44 [border: (3px solid #000000)]
        RenderText {#text} at (3,3) size 923x38
          text run at (3,3) width 834: "This paragraph should have a medium-width border around it (the same as the next three paragraphs). "
          text run at (837,3) width 89: "This should"
          text run at (3,22) width 468: "cause the user agent to use the default value of 'medium'."
      RenderBlock {P} at (0,1165) size 964x44 [border: (3px solid #000000)]
        RenderText {#text} at (3,3) size 954x38
          text run at (3,3) width 954: "This paragraph should have a medium-width border around it (the same as the previous and the next two paragraphs),"
          text run at (3,22) width 289: "because the border-width is invalid. "
          text run at (292,22) width 562: "This should cause the user agent to use the default value of 'medium'."
      RenderBlock {P} at (0,1225) size 964x63 [border: (3px solid #000000)]
        RenderText {#text} at (3,3) size 954x57
          text run at (3,3) width 954: "This paragraph should have a medium-width border around it (the same as the next and the previous two paragraphs),"
          text run at (3,22) width 755: "because the border-width units are invalid, and therefore the border-width should be ignored. "
          text run at (758,22) width 172: "This should cause the"
          text run at (3,41) width 385: "user agent to use the default value of 'medium'."
      RenderBlock {P} at (0,1304) size 964x63 [border: (3px solid #000000)]
        RenderText {#text} at (3,3) size 934x57
          text run at (3,3) width 934: "This paragraph should have a medium-width border around it (the same as the previous three paragraphs), because"
          text run at (3,22) width 722: "the border-width does not have any value to go with its pixel unit, and is therefore invalid. "
          text run at (725,22) width 212: "This should cause the user"
          text run at (3,41) width 345: "agent to use the default value of 'medium'."
      RenderBlock {P} at (0,1383) size 964x19
        RenderText {#text} at (0,0) size 842x19
          text run at (0,0) width 842: "This paragraph should be black, because the style declaration that applies to it is within an invalid at-rule."
      RenderBlock {P} at (0,1418) size 964x38 [color=#008000]
        RenderText {#text} at (0,0) size 924x38
          text run at (0,0) width 265: "This paragraph should be green. "
          text run at (265,0) width 659: "CSS is case-insensitive, unless required to be case sensitive due to interaction with"
          text run at (0,19) width 347: "other standards (e.g., font names or URLs.)"
      RenderBlock {OL} at (0,1472) size 964x19
        RenderListItem {LI} at (40,0) size 924x19
          RenderListMarker at (-25,0) size 20x19: "1"
          RenderText {#text} at (0,0) size 797x19
            text run at (0,0) width 797: "This ordered list item should be black, because the declaration has an invalid pseudo-class selector."
      RenderBlock {P} at (0,1507) size 964x38
        RenderText {#text} at (0,0) size 941x38
          text run at (0,0) width 941: "This paragraph should be black, because, in CSS1, :first-child is an invalid pseudo-class, and in CSS2, this paragraph is"
          text run at (0,19) width 140: "not the first child."
      RenderBlock {UL} at (0,1561) size 964x38
        RenderListItem {LI} at (40,0) size 924x38
          RenderListMarker at (-18,0) size 7x19: bullet
          RenderText {#text} at (0,0) size 874x38
            text run at (0,0) width 874: "This unordered list item should be black, because, according to CSS1, the selector is invalid, and according to"
            text run at (0,19) width 287: "CSS2, the selector should not apply."
      RenderBlock {BLOCKQUOTE} at (40,1615) size 884x38
        RenderText {#text} at (0,0) size 861x38
          text run at (0,0) width 861: "This blockquote should be black, because, according to CSS1, the selector is invalid, and according to CSS2,"
          text run at (0,19) width 236: "the selector should not apply."
      RenderBlock {P} at (0,1669) size 964x38
        RenderInline {ACRONYM} at (0,0) size 944x38
          RenderText {#text} at (0,0) size 944x38
            text run at (0,0) width 944: "This acronym should be black, because, according to CSS1, the selector is invalid, and according to CSS2, the selector"
            text run at (0,19) width 136: "should not apply."
      RenderBlock {ADDRESS} at (0,1723) size 964x38
        RenderText {#text} at (0,0) size 936x38
          text run at (0,0) width 936: "This address should be black, because, according to CSS1, the selector is invalid, and according to CSS2, the selector"
          text run at (0,19) width 136: "should not apply."
      RenderBlock {P} at (0,1777) size 964x38
        RenderInline {SPAN} at (0,0) size 911x38
          RenderText {#text} at (0,0) size 911x38
            text run at (0,0) width 911: "This span should be black, because, according to CSS1, the selector is invalid, and according to CSS2, the selector"
            text run at (0,19) width 136: "should not apply."
      RenderBlock {P} at (0,1831) size 964x38
        RenderText {#text} at (0,0) size 955x38
          text run at (0,0) width 847: "This paragraph should be black, because the style declaration that applies to it is within an invalid at-rule. "
          text run at (847,0) width 108: "However, it is"
          text run at (0,19) width 737: "valid in CSS2, so if this is being viewed on a tty browser that supports CSS2, it should be red."
      RenderBlock {P} at (0,1885) size 964x19
        RenderText {#text} at (0,0) size 842x19
          text run at (0,0) width 842: "This paragraph should be black, because the style declaration that applies to it is within an invalid at-rule."
      RenderBlock {P} at (0,1920) size 964x76
        RenderText {#text} at (0,0) size 942x19
          text run at (0,0) width 942: "The text of this paragraph should be normal (that is, it should not be underlined, overlined, stricken, or bold), because"
        RenderInline {CODE} at (0,0) size 56x15
          RenderText {#text} at (0,22) size 56x15
            text run at (0,22) width 56: "diagonal"
        RenderText {#text} at (56,19) size 283x19
          text run at (56,19) width 283: " is not a valid keyword, making the "
        RenderInline {CODE} at (0,0) size 100x15
          RenderText {#text} at (339,22) size 100x15
            text run at (339,22) width 100: "text-decoration"
        RenderText {#text} at (439,19) size 160x19
          text run at (439,19) width 66: " invalid. "
          text run at (505,19) width 94: "In addition, "
        RenderInline {CODE} at (0,0) size 73x15
          RenderText {#text} at (599,22) size 73x15
            text run at (599,22) width 73: "highlighted"
        RenderText {#text} at (672,19) size 200x19
          text run at (672,19) width 200: " is not a valid part of the "
        RenderInline {CODE} at (0,0) size 26x15
          RenderText {#text} at (872,22) size 26x15
            text run at (872,22) width 26: "font"
        RenderText {#text} at (0,38) size 954x38
          text run at (0,38) width 219: "property, making it invalid. "
          text run at (219,38) width 724: "Therefore, this paragraph's font should be the UA default, and match the next paragraph. "
          text run at (943,38) width 11: "If"
          text run at (0,57) width 231: "this is not the case, then the "
        RenderInline {CODE} at (0,0) size 26x15
          RenderText {#text} at (231,60) size 26x15
            text run at (231,60) width 26: "font"
        RenderText {#text} at (257,57) size 318x19
          text run at (257,57) width 318: " declaration is being improperly parsed."
      RenderBlock {P} at (0,2012) size 964x76
        RenderText {#text} at (0,0) size 942x19
          text run at (0,0) width 942: "The text of this paragraph should be normal (that is, it should not be underlined, overlined, stricken, or bold), because"
        RenderInline {CODE} at (0,0) size 56x15
          RenderText {#text} at (0,22) size 56x15
            text run at (0,22) width 56: "diagonal"
        RenderText {#text} at (56,19) size 283x19
          text run at (56,19) width 283: " is not a valid keyword, making the "
        RenderInline {CODE} at (0,0) size 100x15
          RenderText {#text} at (339,22) size 100x15
            text run at (339,22) width 100: "text-decoration"
        RenderText {#text} at (439,19) size 160x19
          text run at (439,19) width 66: " invalid. "
          text run at (505,19) width 94: "In addition, "
        RenderInline {CODE} at (0,0) size 73x15
          RenderText {#text} at (599,22) size 73x15
            text run at (599,22) width 73: "highlighted"
        RenderText {#text} at (672,19) size 200x19
          text run at (672,19) width 200: " is not a valid part of the "
        RenderInline {CODE} at (0,0) size 26x15
          RenderText {#text} at (872,22) size 26x15
            text run at (872,22) width 26: "font"
        RenderText {#text} at (0,38) size 877x38
          text run at (0,38) width 219: "property, making it invalid. "
          text run at (219,38) width 658: "Therefore, this paragraph's font should be the UA default, and match the previous"
          text run at (0,57) width 94: "paragraph. "
          text run at (94,57) width 247: "If this is not the case, then the "
        RenderInline {CODE} at (0,0) size 26x15
          RenderText {#text} at (341,60) size 26x15
            text run at (341,60) width 26: "font"
        RenderText {#text} at (367,57) size 318x19
          text run at (367,57) width 318: " declaration is being improperly parsed."
      RenderBlock {P} at (0,2104) size 964x57
        RenderText {#text} at (0,0) size 678x19
          text run at (0,0) width 643: "The text of this paragraph should be normal size because the selector is invalid. "
          text run at (643,0) width 35: "The "
        RenderInline {EM} at (0,0) size 132x19
          RenderText {#text} at (678,0) size 132x19
            text run at (678,0) width 132: "emphasized text"
        RenderText {#text} at (810,0) size 71x19
          text run at (810,0) width 71: " and the "
        RenderInline {STRONG} at (0,0) size 940x38
          RenderText {#text} at (881,0) size 940x38
            text run at (881,0) width 59: "strong"
            text run at (0,19) width 37: "text"
        RenderText {#text} at (37,19) size 961x38
          text run at (37,19) width 924: " within it should also be normal size, since the entire ruleset should be skipped (since in some future version of CSS,"
          text run at (0,38) width 727: "there could be an operator within the selector that has higher precedence than a comma)."
      RenderBlock {P} at (0,2177) size 964x38
        RenderText {#text} at (0,0) size 597x19
          text run at (0,0) width 597: "This paragraph should be black, because the line before the declaration is "
        RenderInline {STRONG} at (0,0) size 30x19
          RenderText {#text} at (597,0) size 30x19
            text run at (597,0) width 30: "not"
        RenderText {#text} at (627,0) size 940x38
          text run at (627,0) width 313: " a comment and therefore the selector"
          text run at (0,19) width 201: "for P.nineteenb is invalid."
      RenderBlock {P} at (0,2231) size 964x19 [color=#0000FF]
        RenderText {#text} at (0,0) size 597x19
          text run at (0,0) width 597: "This paragraph should be blue, because only the first declaration is invalid."
      RenderBlock {P} at (0,2266) size 964x19 [color=#008000]
        RenderText {#text} at (0,0) size 610x19
          text run at (0,0) width 610: "This paragraph should be green, because only the first declaration is invalid."
      RenderBlock {P} at (0,2301) size 964x19 [color=#800080]
        RenderText {#text} at (0,0) size 614x19
          text run at (0,0) width 614: "This paragraph should be purple, because only the first declaration is invalid."
      RenderBlock {P} at (0,2336) size 964x19 [color=#008000]
        RenderText {#text} at (0,0) size 610x19
          text run at (0,0) width 610: "This paragraph should be green, because only the first declaration is invalid."
      RenderBlock {P} at (0,2371) size 964x19 [color=#008000]
        RenderText {#text} at (0,0) size 610x19
          text run at (0,0) width 610: "This paragraph should be green, because only the first declaration is invalid."
      RenderBlock {P} at (0,2406) size 964x19
        RenderText {#text} at (48,0) size 763x19
          text run at (48,0) width 618: "This paragraph should be indented half an inch, but it should not be maroon. "
          text run at (666,0) width 145: "It should be black."
      RenderBlock {P} at (0,2441) size 964x38
        RenderText {#text} at (0,0) size 940x38
          text run at (0,0) width 940: "This paragraph should be black, because the color declaration after the previous ruleset should be considered part of"
          text run at (0,19) width 829: "the selector for this ruleset, and this ruleset therefore has an invalid selector and should not be applied."
      RenderTable {TABLE} at (0,2495) size 964x1659 [border: (1px outset #808080)]
        RenderTableSection {TBODY} at (1,1) size 962x1657
          RenderTableRow {TR} at (0,0) size 962x27
            RenderTableCell {TD} at (0,0) size 962x27 [bgcolor=#C0C0C0] [border: (1px inset #808080)] [r=0 c=0 rs=1 cs=2]
              RenderInline {STRONG} at (0,0) size 202x19
                RenderText {#text} at (4,4) size 202x19
                  text run at (4,4) width 202: "TABLE Testing Section"
          RenderTableRow {TR} at (0,27) size 962x1630
            RenderTableCell {TD} at (0,828) size 13x27 [bgcolor=#C0C0C0] [border: (1px inset #808080)] [r=1 c=0 rs=1 cs=1]
              RenderText {#text} at (4,4) size 5x19
                text run at (4,4) width 5: " "
            RenderTableCell {TD} at (13,27) size 949x1630 [border: (1px inset #808080)] [r=1 c=1 rs=1 cs=1]
              RenderBlock {P} at (4,4) size 941x19 [color=#008000]
                RenderText {#text} at (0,0) size 622x19
                  text run at (0,0) width 622: "This paragraph should be green, because only the rotation should be ignored."
              RenderBlock {P} at (4,39) size 941x19 [color=#008000]
                RenderText {#text} at (0,0) size 794x19
                  text run at (0,0) width 794: "This paragraph should be green, since error-checking should be done before calculating specificity."
              RenderBlock {P} at (4,74) size 941x38
                RenderText {#text} at (0,0) size 704x19
                  text run at (0,0) width 704: "This paragraph should have a solid gray background (or a white grid), because in CSS1, "
                RenderInline {CODE} at (0,0) size 42x15
                  RenderText {#text} at (704,3) size 42x15
                    text run at (704,3) width 42: "inherit"
                RenderText {#text} at (746,0) size 922x38
                  text run at (746,0) width 176: " is an invalid keyword,"
                  text run at (0,19) width 654: "and in CSS2, it will cause the gray background (not the white grid) to be inherited."
              RenderBlock {P} at (4,128) size 941x19
                RenderText {#text} at (0,0) size 796x19
                  text run at (0,0) width 796: "This paragraph should be black, since in CSS1, the selector is invalid, and in CSS2, it does not apply."
              RenderBlock {P} at (4,163) size 941x19
                RenderText {#text} at (0,0) size 796x19
                  text run at (0,0) width 796: "This paragraph should be black, since in CSS1, the selector is invalid, and in CSS2, it does not apply."
              RenderBlock {P} at (4,198) size 941x19
                RenderText {#text} at (0,0) size 668x19
                  text run at (0,0) width 668: "This paragraph should have a white background, since keywords cannot be quoted."
              RenderBlock {P} at (4,233) size 941x44 [border: (3px solid #000000)]
                RenderText {#text} at (3,3) size 923x38
                  text run at (3,3) width 834: "This paragraph should have a medium-width border around it (the same as the next three paragraphs). "
                  text run at (837,3) width 89: "This should"
                  text run at (3,22) width 468: "cause the user agent to use the default value of 'medium'."
              RenderBlock {P} at (4,293) size 941x63 [border: (3px solid #000000)]
                RenderText {#text} at (3,3) size 875x57
                  text run at (3,3) width 846: "This paragraph should have a medium-width border around it (the same as the previous and the next two"
                  text run at (3,22) width 397: "paragraphs), because the border-width is invalid. "
                  text run at (400,22) width 478: "This should cause the user agent to use the default value of"
                  text run at (3,41) width 79: "'medium'."
              RenderBlock {P} at (4,372) size 941x63 [border: (3px solid #000000)]
                RenderText {#text} at (3,3) size 895x57
                  text run at (3,3) width 846: "This paragraph should have a medium-width border around it (the same as the next and the previous two"
                  text run at (3,22) width 863: "paragraphs), because the border-width units are invalid, and therefore the border-width should be ignored. "
                  text run at (866,22) width 32: "This"
                  text run at (3,41) width 525: "should cause the user agent to use the default value of 'medium'."
              RenderBlock {P} at (4,451) size 941x63 [border: (3px solid #000000)]
                RenderText {#text} at (3,3) size 934x57
                  text run at (3,3) width 934: "This paragraph should have a medium-width border around it (the same as the previous three paragraphs), because"
                  text run at (3,22) width 722: "the border-width does not have any value to go with its pixel unit, and is therefore invalid. "
                  text run at (725,22) width 212: "This should cause the user"
                  text run at (3,41) width 345: "agent to use the default value of 'medium'."
              RenderBlock {P} at (4,530) size 941x19
                RenderText {#text} at (0,0) size 842x19
                  text run at (0,0) width 842: "This paragraph should be black, because the style declaration that applies to it is within an invalid at-rule."
              RenderBlock {P} at (4,565) size 941x38 [color=#008000]
                RenderText {#text} at (0,0) size 924x38
                  text run at (0,0) width 265: "This paragraph should be green. "
                  text run at (265,0) width 659: "CSS is case-insensitive, unless required to be case sensitive due to interaction with"
                  text run at (0,19) width 347: "other standards (e.g., font names or URLs.)"
              RenderBlock {OL} at (4,619) size 941x19
                RenderListItem {LI} at (40,0) size 901x19
                  RenderListMarker at (-25,0) size 20x19: "1"
                  RenderText {#text} at (0,0) size 797x19
                    text run at (0,0) width 797: "This ordered list item should be black, because the declaration has an invalid pseudo-class selector."
              RenderBlock {P} at (4,654) size 941x38
                RenderText {#text} at (0,0) size 941x38
                  text run at (0,0) width 941: "This paragraph should be black, because, in CSS1, :first-child is an invalid pseudo-class, and in CSS2, this paragraph is"
                  text run at (0,19) width 140: "not the first child."
              RenderBlock {UL} at (4,708) size 941x38
                RenderListItem {LI} at (40,0) size 901x38
                  RenderListMarker at (-18,0) size 7x19: bullet
                  RenderText {#text} at (0,0) size 874x38
                    text run at (0,0) width 874: "This unordered list item should be black, because, according to CSS1, the selector is invalid, and according to"
                    text run at (0,19) width 287: "CSS2, the selector should not apply."
              RenderBlock {BLOCKQUOTE} at (44,762) size 861x38
                RenderText {#text} at (0,0) size 861x38
                  text run at (0,0) width 861: "This blockquote should be black, because, according to CSS1, the selector is invalid, and according to CSS2,"
                  text run at (0,19) width 236: "the selector should not apply."
              RenderBlock {P} at (4,816) size 941x38
                RenderInline {ACRONYM} at (0,0) size 875x38
                  RenderText {#text} at (0,0) size 875x38
                    text run at (0,0) width 875: "This acronym should be black, because, according to CSS1, the selector is invalid, and according to CSS2, the"
                    text run at (0,19) width 205: "selector should not apply."
              RenderBlock {ADDRESS} at (4,870) size 941x38
                RenderText {#text} at (0,0) size 936x38
                  text run at (0,0) width 936: "This address should be black, because, according to CSS1, the selector is invalid, and according to CSS2, the selector"
                  text run at (0,19) width 136: "should not apply."
              RenderBlock {P} at (4,924) size 941x38
                RenderInline {SPAN} at (0,0) size 911x38
                  RenderText {#text} at (0,0) size 911x38
                    text run at (0,0) width 911: "This span should be black, because, according to CSS1, the selector is invalid, and according to CSS2, the selector"
                    text run at (0,19) width 136: "should not apply."
              RenderBlock {P} at (4,978) size 941x38
                RenderText {#text} at (0,0) size 938x38
                  text run at (0,0) width 847: "This paragraph should be black, because the style declaration that applies to it is within an invalid at-rule. "
                  text run at (847,0) width 91: "However, it"
                  text run at (0,19) width 754: "is valid in CSS2, so if this is being viewed on a tty browser that supports CSS2, it should be red."
              RenderBlock {P} at (4,1032) size 941x19
                RenderText {#text} at (0,0) size 842x19
                  text run at (0,0) width 842: "This paragraph should be black, because the style declaration that applies to it is within an invalid at-rule."
              RenderBlock {P} at (4,1067) size 941x76
                RenderText {#text} at (0,0) size 870x38
                  text run at (0,0) width 870: "The text of this paragraph should be normal (that is, it should not be underlined, overlined, stricken, or bold),"
                  text run at (0,19) width 72: "because "
                RenderInline {CODE} at (0,0) size 56x15
                  RenderText {#text} at (72,22) size 56x15
                    text run at (72,22) width 56: "diagonal"
                RenderText {#text} at (128,19) size 283x19
                  text run at (128,19) width 283: " is not a valid keyword, making the "
                RenderInline {CODE} at (0,0) size 100x15
                  RenderText {#text} at (411,22) size 100x15
                    text run at (411,22) width 100: "text-decoration"
                RenderText {#text} at (511,19) size 160x19
                  text run at (511,19) width 66: " invalid. "
                  text run at (577,19) width 94: "In addition, "
                RenderInline {CODE} at (0,0) size 73x15
                  RenderText {#text} at (671,22) size 73x15
                    text run at (671,22) width 73: "highlighted"
                RenderText {#text} at (744,19) size 195x19
                  text run at (744,19) width 195: " is not a valid part of the"
                RenderInline {CODE} at (0,0) size 26x15
                  RenderText {#text} at (0,41) size 26x15
                    text run at (0,41) width 26: "font"
                RenderText {#text} at (26,38) size 875x38
                  text run at (26,38) width 224: " property, making it invalid. "
                  text run at (250,38) width 625: "Therefore, this paragraph's font should be the UA default, and match the next"
                  text run at (0,57) width 94: "paragraph. "
                  text run at (94,57) width 247: "If this is not the case, then the "
                RenderInline {CODE} at (0,0) size 26x15
                  RenderText {#text} at (341,60) size 26x15
                    text run at (341,60) width 26: "font"
                RenderText {#text} at (367,57) size 318x19
                  text run at (367,57) width 318: " declaration is being improperly parsed."
              RenderBlock {P} at (4,1159) size 941x76
                RenderText {#text} at (0,0) size 870x38
                  text run at (0,0) width 870: "The text of this paragraph should be normal (that is, it should not be underlined, overlined, stricken, or bold),"
                  text run at (0,19) width 72: "because "
                RenderInline {CODE} at (0,0) size 56x15
                  RenderText {#text} at (72,22) size 56x15
                    text run at (72,22) width 56: "diagonal"
                RenderText {#text} at (128,19) size 283x19
                  text run at (128,19) width 283: " is not a valid keyword, making the "
                RenderInline {CODE} at (0,0) size 100x15
                  RenderText {#text} at (411,22) size 100x15
                    text run at (411,22) width 100: "text-decoration"
                RenderText {#text} at (511,19) size 160x19
                  text run at (511,19) width 66: " invalid. "
                  text run at (577,19) width 94: "In addition, "
                RenderInline {CODE} at (0,0) size 73x15
                  RenderText {#text} at (671,22) size 73x15
                    text run at (671,22) width 73: "highlighted"
                RenderText {#text} at (744,19) size 195x19
                  text run at (744,19) width 195: " is not a valid part of the"
                RenderInline {CODE} at (0,0) size 26x15
                  RenderText {#text} at (0,41) size 26x15
                    text run at (0,41) width 26: "font"
                RenderText {#text} at (26,38) size 908x38
                  text run at (26,38) width 224: " property, making it invalid. "
                  text run at (250,38) width 658: "Therefore, this paragraph's font should be the UA default, and match the previous"
                  text run at (0,57) width 94: "paragraph. "
                  text run at (94,57) width 247: "If this is not the case, then the "
                RenderInline {CODE} at (0,0) size 26x15
                  RenderText {#text} at (341,60) size 26x15
                    text run at (341,60) width 26: "font"
                RenderText {#text} at (367,57) size 318x19
                  text run at (367,57) width 318: " declaration is being improperly parsed."
              RenderBlock {P} at (4,1251) size 941x57
                RenderText {#text} at (0,0) size 678x19
                  text run at (0,0) width 643: "The text of this paragraph should be normal size because the selector is invalid. "
                  text run at (643,0) width 35: "The "
                RenderInline {EM} at (0,0) size 132x19
                  RenderText {#text} at (678,0) size 132x19
                    text run at (678,0) width 132: "emphasized text"
                RenderText {#text} at (810,0) size 71x19
                  text run at (810,0) width 71: " and the "
                RenderInline {STRONG} at (0,0) size 940x38
                  RenderText {#text} at (881,0) size 940x38
                    text run at (881,0) width 59: "strong"
                    text run at (0,19) width 37: "text"
                RenderText {#text} at (37,19) size 920x38
                  text run at (37,19) width 883: " within it should also be normal size, since the entire ruleset should be skipped (since in some future version of"
                  text run at (0,38) width 768: "CSS, there could be an operator within the selector that has higher precedence than a comma)."
              RenderBlock {P} at (4,1324) size 941x38
                RenderText {#text} at (0,0) size 597x19
                  text run at (0,0) width 597: "This paragraph should be black, because the line before the declaration is "
                RenderInline {STRONG} at (0,0) size 30x19
                  RenderText {#text} at (597,0) size 30x19
                    text run at (597,0) width 30: "not"
                RenderText {#text} at (627,0) size 940x38
                  text run at (627,0) width 313: " a comment and therefore the selector"
                  text run at (0,19) width 201: "for P.nineteenb is invalid."
              RenderBlock {P} at (4,1378) size 941x19 [color=#0000FF]
                RenderText {#text} at (0,0) size 597x19
                  text run at (0,0) width 597: "This paragraph should be blue, because only the first declaration is invalid."
              RenderBlock {P} at (4,1413) size 941x19 [color=#008000]
                RenderText {#text} at (0,0) size 610x19
                  text run at (0,0) width 610: "This paragraph should be green, because only the first declaration is invalid."
              RenderBlock {P} at (4,1448) size 941x19 [color=#800080]
                RenderText {#text} at (0,0) size 614x19
                  text run at (0,0) width 614: "This paragraph should be purple, because only the first declaration is invalid."
              RenderBlock {P} at (4,1483) size 941x19 [color=#008000]
                RenderText {#text} at (0,0) size 610x19
                  text run at (0,0) width 610: "This paragraph should be green, because only the first declaration is invalid."
              RenderBlock {P} at (4,1518) size 941x19 [color=#008000]
                RenderText {#text} at (0,0) size 610x19
                  text run at (0,0) width 610: "This paragraph should be green, because only the first declaration is invalid."
              RenderBlock {P} at (4,1553) size 941x19
                RenderText {#text} at (48,0) size 763x19
                  text run at (48,0) width 618: "This paragraph should be indented half an inch, but it should not be maroon. "
                  text run at (666,0) width 145: "It should be black."
              RenderBlock {P} at (4,1588) size 941x38
                RenderText {#text} at (0,0) size 940x38
                  text run at (0,0) width 940: "This paragraph should be black, because the color declaration after the previous ruleset should be considered part of"
                  text run at (0,19) width 829: "the selector for this ruleset, and this ruleset therefore has an invalid selector and should not be applied."
