layer at (0,0) size 980x735
  RenderView at (0,0) size 980x735
layer at (0,0) size 980x259
  RenderBlock {HTML} at (0,0) size 980x259
    RenderBody {BODY} at (8,16) size 964x235
      RenderBlock {P} at (0,0) size 964x19
        RenderText {#text} at (0,0) size 850x19
          text run at (0,0) width 850: "You should continue see a full blue circle when part of the element is redrawn (hover to test interactively)."
layer at (8,51) size 200x200
  RenderBlock (relative positioned) {DIV} at (0,35) size 200x200 [border: (1px solid #000000)]
