layer at (0,0) size 800x600
  RenderView at (0,0) size 800x600
layer at (0,0) size 800x600
  RenderBlock {HTML} at (0,0) size 800x600
    RenderBody {BODY} at (8,8) size 784x580
      RenderBlock {P} at (0,0) size 784x14 [color=#008000]
        RenderText {#text} at (0,0) size 419x14
          text run at (0,0) width 419: "This text should be green and below should read \"braille, not screen, screen and (color)\"."
      RenderBlock {P} at (0,26) size 784x14 [color=#008000]
        RenderText {#text} at (0,0) size 228x14
          text run at (0,0) width 228: "braille, not screen, screen and (color), not screen"
      RenderBlock {P} at (0,52) size 784x14 [color=#008000]
        RenderText {#text} at (0,0) size 136x14
          text run at (0,0) width 136: "expected to fail (24.07.2005)"
