layer at (0,0) size 800x600
  RenderView at (0,0) size 800x600
layer at (0,0) size 800x600
  RenderBlock {HTML} at (0,0) size 800x600
    RenderBody {BODY} at (8,8) size 784x584 [bgcolor=#FFFFFF]
      RenderTable {TABLE} at (0,0) size 56x56 [bgcolor=#008000] [border: (1px solid #0000FF)]
        RenderTableSection {TBODY} at (1,1) size 54x54
          RenderTableRow {TR} at (0,0) size 54x18
            RenderTableCell {TD} at (0,0) size 26x18 [bgcolor=#FF0000] [border: (1px solid #0000FF)] [r=0 c=0 rs=1 cs=1]
              RenderText {#text} at (2,2) size 20x14
                text run at (2,2) width 20: "asdf"
            RenderTableCell {TD} at (26,0) size 28x18 [border: (1px solid #0000FF)] [r=0 c=1 rs=1 cs=1]
              RenderText {#text} at (2,2) size 24x14
                text run at (2,2) width 24: "qwer"
          RenderTableRow {TR} at (0,18) size 54x18
            RenderTableCell {TD} at (0,18) size 26x18 [bgcolor=#FF0000] [border: (1px solid #0000FF)] [r=1 c=0 rs=1 cs=1]
              RenderText {#text} at (2,2) size 20x14
                text run at (2,2) width 20: "fdsa"
            RenderTableCell {TD} at (26,18) size 28x18 [bgcolor=#FF0000] [border: (1px solid #0000FF)] [r=1 c=1 rs=1 cs=1]
              RenderText {#text} at (2,2) size 24x14
                text run at (2,2) width 24: "rewq"
          RenderTableRow {TR} at (0,36) size 54x18
            RenderTableCell {TD} at (0,36) size 26x18 [border: (1px solid #0000FF)] [r=2 c=0 rs=1 cs=1]
              RenderText {#text} at (2,2) size 22x14
                text run at (2,2) width 22: "zxcv"
            RenderTableCell {TD} at (26,36) size 28x18 [border: (1px solid #0000FF)] [r=2 c=1 rs=1 cs=1]
              RenderText {#text} at (2,2) size 21x14
                text run at (2,2) width 21: "uiop"
