CONSOLE MESSAGE: line 39: TypeError: 'undefined' is not a function (evaluating 'video.canPlayType('video/ogg')')
FAIL: Timed out waiting for notifyDone to be called
layer at (0,0) size 800x600
  RenderView at (0,0) size 800x600
layer at (0,0) size 800x600
  RenderBlock {HTML} at (0,0) size 800x600
    RenderBody {BODY} at (8,20) size 784x568
      RenderBlock {DIV} at (20,0) size 260x180 [bgcolor=#0000807F]
        RenderText {#text} at (0,0) size 0x0
      RenderBlock {VIDEO} at (20,200) size 260x180 [bgcolor=#0000807F]
      RenderBlock {P} at (0,400) size 784x12
        RenderText {#text} at (0,0) size 245x11
          text run at (0,0) width 245: "Top and bottom should look the same."
layer at (58,20) size 200x180
  RenderImage {IMG} at (0,0) size 200x180
