layer at (0,0) size 980x1229
  RenderView at (0,0) size 980x735
layer at (0,0) size 980x1229
  RenderBlock {HTML} at (0,0) size 980x1229
    RenderBody {BODY} at (8,8) size 964x1213 [bgcolor=#CCCCCC]
      RenderBlock {P} at (0,0) size 964x19
        RenderText {#text} at (0,0) size 451x19
          text run at (0,0) width 451: "The style declarations which apply to the text below are:"
      RenderBlock {PRE} at (0,35) size 964x30
        RenderText {#text} at (0,0) size 733x30
          text run at (0,0) width 733: "BODY {background-image: url(../resources/bg.gif); background-repeat: repeat-x; background-attachment: fixed;}"
          text run at (733,0) width 0: " "
          text run at (0,15) width 0: " "
      RenderBlock {HR} at (0,78) size 964x2 [border: (1px inset #000000)]
      RenderBlock {P} at (0,96) size 964x95
        RenderText {#text} at (0,0) size 954x95
          text run at (0,0) width 939: "This document should have a green grid-pattern line across the top of the page (or at least a tiled background) which"
          text run at (0,19) width 290: "does NOT scroll with the document. "
          text run at (290,19) width 663: "It should, instead, appear to be a fixed pattern past which the content scrolls, even"
          text run at (0,38) width 304: "when the end of the page is reached. "
          text run at (304,38) width 624: "In addition, the default Test Suite background should NOT appear, as it's been"
          text run at (0,57) width 312: "overridden by the styles shown above. "
          text run at (312,57) width 642: "I'll have to add a lot of extra text to the page in order to make all this something"
          text run at (0,76) width 186: "we can actually check. "
          text run at (186,76) width 279: "Don't worry, I'll think of something."
      RenderBlock {P} at (0,207) size 964x19
        RenderText {#text} at (0,0) size 641x19
          text run at (0,0) width 528: "In fact, why not the relevant section from the CSS1 specification? "
          text run at (528,0) width 113: "A capital idea."
      RenderBlock {HR} at (0,242) size 964x2 [border: (1px inset #000000)]
      RenderBlock {HR} at (0,252) size 964x2 [border: (1px inset #000000)]
      RenderBlock {H4} at (0,275) size 964x19
        RenderInline {A} at (0,0) size 296x19
          RenderText {#text} at (0,0) size 296x19
            text run at (0,0) width 296: "5.3.5    'background-attachment'"
        RenderText {#text} at (0,0) size 0x0
      RenderBlock {P} at (0,315) size 964x95
        RenderInline {EM} at (0,0) size 50x19
          RenderText {#text} at (0,0) size 50x19
            text run at (0,0) width 50: "Value:"
        RenderText {#text} at (50,0) size 101x19
          text run at (50,0) width 101: " scroll | fixed"
        RenderBR {BR} at (151,15) size 0x0
        RenderInline {EM} at (0,0) size 48x19
          RenderText {#text} at (0,19) size 48x19
            text run at (0,19) width 48: "Initial:"
        RenderText {#text} at (48,19) size 47x19
          text run at (48,19) width 47: " scroll"
        RenderBR {BR} at (95,34) size 0x0
        RenderInline {EM} at (0,0) size 83x19
          RenderText {#text} at (0,38) size 83x19
            text run at (0,38) width 83: "Applies to:"
        RenderText {#text} at (83,38) size 102x19
          text run at (83,38) width 102: " all elements"
        RenderBR {BR} at (185,53) size 0x0
        RenderInline {EM} at (0,0) size 77x19
          RenderText {#text} at (0,57) size 77x19
            text run at (0,57) width 77: "Inherited:"
        RenderText {#text} at (77,57) size 25x19
          text run at (77,57) width 25: " no"
        RenderBR {BR} at (102,72) size 0x0
        RenderInline {EM} at (0,0) size 153x19
          RenderText {#text} at (0,76) size 153x19
            text run at (0,76) width 153: "Percentage values:"
        RenderText {#text} at (153,76) size 33x19
          text run at (153,76) width 33: " N/A"
        RenderBR {BR} at (186,91) size 0x0
      RenderBlock {P} at (0,426) size 964x38
        RenderText {#text} at (0,0) size 922x38
          text run at (0,0) width 922: "If a background image is specified, the value of 'background-attachment' determines if it is fixed with regard to the"
          text run at (0,19) width 352: "canvas or if it scrolls along with the content."
      RenderBlock {PRE} at (0,480) size 964x75
        RenderText {#text} at (0,0) size 230x75
          text run at (0,0) width 61: "  BODY { "
          text run at (61,0) width 0: " "
          text run at (0,15) width 230: "    background: red url(pendant.gif);"
          text run at (230,15) width 0: " "
          text run at (0,30) width 206: "    background-repeat: repeat-y;"
          text run at (206,30) width 0: " "
          text run at (0,45) width 217: "    background-attachment: fixed;"
          text run at (217,45) width 0: " "
          text run at (0,60) width 16: "  }"
          text run at (16,60) width 0: " "
      RenderBlock {P} at (0,571) size 964x57
        RenderInline {EM} at (0,0) size 87x19
          RenderText {#text} at (0,0) size 87x19
            text run at (0,0) width 87: "CSS1 core:"
        RenderText {#text} at (87,0) size 961x57
          text run at (87,0) width 859: " UAs may treat 'fixed' as 'scroll'. However, it is recommended they interpret 'fixed' correctly, at least on the"
          text run at (0,19) width 961: "HTML and BODY elements, since there is no way for an author to provide an image only for those browsers that support"
          text run at (0,38) width 52: "'fixed'."
      RenderTable {TABLE} at (0,644) size 964x569 [border: (1px outset #808080)]
        RenderTableSection {TBODY} at (1,1) size 962x567
          RenderTableRow {TR} at (0,0) size 962x27
            RenderTableCell {TD} at (0,0) size 962x27 [bgcolor=#C0C0C0] [border: (1px inset #808080)] [r=0 c=0 rs=1 cs=2]
              RenderInline {STRONG} at (0,0) size 202x19
                RenderText {#text} at (4,4) size 202x19
                  text run at (4,4) width 202: "TABLE Testing Section"
          RenderTableRow {TR} at (0,27) size 962x540
            RenderTableCell {TD} at (0,283) size 13x27 [bgcolor=#C0C0C0] [border: (1px inset #808080)] [r=1 c=0 rs=1 cs=1]
              RenderText {#text} at (4,4) size 5x19
                text run at (4,4) width 5: " "
            RenderTableCell {TD} at (13,27) size 949x540 [border: (1px inset #808080)] [r=1 c=1 rs=1 cs=1]
              RenderBlock {P} at (4,4) size 941x95
                RenderText {#text} at (0,0) size 939x95
                  text run at (0,0) width 939: "This document should have a green grid-pattern line across the top of the page (or at least a tiled background) which"
                  text run at (0,19) width 290: "does NOT scroll with the document. "
                  text run at (290,19) width 619: "It should, instead, appear to be a fixed pattern past which the content scrolls,"
                  text run at (0,38) width 348: "even when the end of the page is reached. "
                  text run at (348,38) width 579: "In addition, the default Test Suite background should NOT appear, as it's"
                  text run at (0,57) width 357: "been overridden by the styles shown above. "
                  text run at (357,57) width 553: "I'll have to add a lot of extra text to the page in order to make all this"
                  text run at (0,76) width 275: "something we can actually check. "
                  text run at (275,76) width 279: "Don't worry, I'll think of something."
              RenderBlock {P} at (4,115) size 941x19
                RenderText {#text} at (0,0) size 641x19
                  text run at (0,0) width 528: "In fact, why not the relevant section from the CSS1 specification? "
                  text run at (528,0) width 113: "A capital idea."
              RenderBlock {HR} at (4,150) size 941x2 [border: (1px inset #000000)]
              RenderBlock {HR} at (4,160) size 941x2 [border: (1px inset #000000)]
              RenderBlock {H4} at (4,183) size 941x19
                RenderInline {A} at (0,0) size 296x19
                  RenderText {#text} at (0,0) size 296x19
                    text run at (0,0) width 296: "5.3.5    'background-attachment'"
                RenderText {#text} at (0,0) size 0x0
              RenderBlock {P} at (4,223) size 941x95
                RenderInline {EM} at (0,0) size 50x19
                  RenderText {#text} at (0,0) size 50x19
                    text run at (0,0) width 50: "Value:"
                RenderText {#text} at (50,0) size 101x19
                  text run at (50,0) width 101: " scroll | fixed"
                RenderBR {BR} at (151,15) size 0x0
                RenderInline {EM} at (0,0) size 48x19
                  RenderText {#text} at (0,19) size 48x19
                    text run at (0,19) width 48: "Initial:"
                RenderText {#text} at (48,19) size 47x19
                  text run at (48,19) width 47: " scroll"
                RenderBR {BR} at (95,34) size 0x0
                RenderInline {EM} at (0,0) size 83x19
                  RenderText {#text} at (0,38) size 83x19
                    text run at (0,38) width 83: "Applies to:"
                RenderText {#text} at (83,38) size 102x19
                  text run at (83,38) width 102: " all elements"
                RenderBR {BR} at (185,53) size 0x0
                RenderInline {EM} at (0,0) size 77x19
                  RenderText {#text} at (0,57) size 77x19
                    text run at (0,57) width 77: "Inherited:"
                RenderText {#text} at (77,57) size 25x19
                  text run at (77,57) width 25: " no"
                RenderBR {BR} at (102,72) size 0x0
                RenderInline {EM} at (0,0) size 153x19
                  RenderText {#text} at (0,76) size 153x19
                    text run at (0,76) width 153: "Percentage values:"
                RenderText {#text} at (153,76) size 33x19
                  text run at (153,76) width 33: " N/A"
                RenderBR {BR} at (186,91) size 0x0
              RenderBlock {P} at (4,334) size 941x38
                RenderText {#text} at (0,0) size 922x38
                  text run at (0,0) width 922: "If a background image is specified, the value of 'background-attachment' determines if it is fixed with regard to the"
                  text run at (0,19) width 352: "canvas or if it scrolls along with the content."
              RenderBlock {PRE} at (4,388) size 941x75
                RenderText {#text} at (0,0) size 230x75
                  text run at (0,0) width 61: "  BODY { "
                  text run at (61,0) width 0: " "
                  text run at (0,15) width 230: "    background: red url(pendant.gif);"
                  text run at (230,15) width 0: " "
                  text run at (0,30) width 206: "    background-repeat: repeat-y;"
                  text run at (206,30) width 0: " "
                  text run at (0,45) width 217: "    background-attachment: fixed;"
                  text run at (217,45) width 0: " "
                  text run at (0,60) width 16: "  }"
                  text run at (16,60) width 0: " "
              RenderBlock {P} at (4,479) size 941x57
                RenderInline {EM} at (0,0) size 87x19
                  RenderText {#text} at (0,0) size 87x19
                    text run at (0,0) width 87: "CSS1 core:"
                RenderText {#text} at (87,0) size 926x57
                  text run at (87,0) width 828: " UAs may treat 'fixed' as 'scroll'. However, it is recommended they interpret 'fixed' correctly, at least on"
                  text run at (0,19) width 926: "the HTML and BODY elements, since there is no way for an author to provide an image only for those browsers that"
                  text run at (0,38) width 118: "support 'fixed'."
