layer at (0,0) size 980x1927
  RenderView at (0,0) size 980x735
layer at (0,0) size 980x1927
  RenderBlock {HTML} at (0,0) size 980x1927
    RenderBody {BODY} at (8,8) size 964x1911 [bgcolor=#CCCCCC]
      RenderBlock {P} at (0,0) size 964x19
        RenderText {#text} at (0,0) size 451x19
          text run at (0,0) width 451: "The style declarations which apply to the text below are:"
      RenderBlock {PRE} at (0,35) size 964x225
        RenderText {#text} at (0,0) size 730x225
          text run at (0,0) width 552: ".one {background-image: url(../resources/oransqr.gif); background-repeat: repeat-y;}"
          text run at (552,0) width 0: " "
          text run at (0,15) width 552: ".two {background-image: url(../resources/oransqr.gif); background-repeat: repeat-x;}"
          text run at (552,15) width 0: " "
          text run at (0,30) width 570: ".three {background-image: url(../resources/oransqr.gif); background-repeat: no-repeat;}"
          text run at (570,30) width 0: " "
          text run at (0,45) width 730: ".four {background-image: url(../resources/bg.gif); background-position: 50% 50%; background-repeat: repeat-y;}"
          text run at (730,45) width 0: " "
          text run at (0,60) width 578: ".five {background-image: url(../resources/crosshair2.gif); background-position: 50% 50%;"
          text run at (578,60) width 0: " "
          text run at (0,75) width 182: "       background-color: red;}"
          text run at (182,75) width 0: " "
          text run at (0,90) width 578: ".six {background-image: url(../resources/crosshair2.gif); background-position: center top;"
          text run at (578,90) width 0: " "
          text run at (0,105) width 178: "      background-color: red;}"
          text run at (178,105) width 0: " "
          text run at (0,120) width 579: ".seven {background-image: url(../resources/crosshair2.gif); background-position: top left;"
          text run at (579,120) width 0: " "
          text run at (0,135) width 186: "        background-color: red;}"
          text run at (186,135) width 0: " "
          text run at (0,150) width 607: ".eight {background-image: url(../resources/crosshair2.gif); background-position: bottom right;"
          text run at (607,150) width 0: " "
          text run at (0,165) width 186: "        background-color: red;}"
          text run at (186,165) width 0: " "
          text run at (0,180) width 581: ".nine {background-image: url(../resources/crosshair2.gif); background-position: 50% 50%;"
          text run at (581,180) width 0: " "
          text run at (0,195) width 182: "       background-color: red;}"
          text run at (182,195) width 0: " "
          text run at (0,210) width 0: " "
      RenderBlock {HR} at (0,273) size 964x2 [border: (1px inset #000000)]
      RenderBlock {P} at (0,291) size 964x57
        RenderText {#text} at (0,0) size 926x38
          text run at (0,0) width 926: "This sentence should have an orange stripe repeated in the \"y\" direction, starting at the upper left corner (since the"
          text run at (0,19) width 89: "default for "
        RenderInline {CODE} at (0,0) size 133x15
          RenderText {#text} at (89,22) size 133x15
            text run at (89,22) width 133: "background-position"
        RenderText {#text} at (222,19) size 934x38
          text run at (222,19) width 412: " is '0% 0%' and that property is not declared here). "
          text run at (634,19) width 300: "This is extra text included for the sole"
          text run at (0,38) width 336: "purpose of making the paragraph longer. "
          text run at (336,38) width 277: "Thank you for your understanding."
      RenderBlock {P} at (0,364) size 964x57
        RenderText {#text} at (0,0) size 926x38
          text run at (0,0) width 926: "This sentence should have an orange stripe repeated in the \"x\" direction, starting at the upper left corner (since the"
          text run at (0,19) width 89: "default for "
        RenderInline {CODE} at (0,0) size 133x15
          RenderText {#text} at (89,22) size 133x15
            text run at (89,22) width 133: "background-position"
        RenderText {#text} at (222,19) size 934x38
          text run at (222,19) width 412: " is '0% 0%' and that property is not declared here). "
          text run at (634,19) width 300: "This is extra text included for the sole"
          text run at (0,38) width 336: "purpose of making the paragraph longer. "
          text run at (336,38) width 277: "Thank you for your understanding."
      RenderBlock {P} at (0,437) size 964x57
        RenderText {#text} at (0,0) size 901x19
          text run at (0,0) width 901: "This sentence should have a single orange square behind it, placed at the upper left corner (since the default for"
        RenderInline {CODE} at (0,0) size 133x15
          RenderText {#text} at (0,22) size 133x15
            text run at (0,22) width 133: "background-position"
        RenderText {#text} at (133,19) size 936x38
          text run at (133,19) width 412: " is '0% 0%' and that property is not declared here). "
          text run at (545,19) width 391: "This is extra text included for the sole purpose of"
          text run at (0,38) width 245: "making the paragraph longer. "
          text run at (245,38) width 277: "Thank you for your understanding."
      RenderBlock {P} at (0,510) size 964x76
        RenderText {#text} at (0,0) size 923x38
          text run at (0,0) width 923: "This sentence should have a green-hatch stripe running vertically down the center of the paragraph, with the origin"
          text run at (0,19) width 338: "image exactly centered in the paragraph. "
          text run at (338,19) width 126: "This is because "
        RenderInline {CODE} at (0,0) size 55x15
          RenderText {#text} at (464,22) size 55x15
            text run at (464,22) width 55: "repeat-y"
        RenderText {#text} at (519,19) size 141x19
          text run at (519,19) width 141: " specifies tiling in "
        RenderInline {EM} at (0,0) size 36x19
          RenderText {#text} at (660,19) size 36x19
            text run at (660,19) width 36: "both"
        RenderText {#text} at (696,19) size 934x38
          text run at (696,19) width 200: " directions on the y-axis. "
          text run at (896,19) width 38: "Note"
          text run at (0,38) width 413: "that this test is only valid if the user agent supports "
        RenderInline {CODE} at (0,0) size 133x15
          RenderText {#text} at (413,41) size 133x15
            text run at (413,41) width 133: "background-position"
        RenderText {#text} at (546,38) size 44x19
          text run at (546,38) width 44: " (see "
        RenderInline {A} at (0,0) size 75x19 [color=#0000FF]
          RenderText {#text} at (590,38) size 75x19
            text run at (590,38) width 75: "test 5.3.6"
        RenderText {#text} at (665,38) size 962x38
          text run at (665,38) width 16: "). "
          text run at (681,38) width 281: "I'll fill the paragraph with extra text"
          text run at (0,57) width 463: "to make the conformance (or lack thereof) more obvious."
      RenderBlock {P} at (0,602) size 964x95 [bgcolor=#FF0000]
        RenderText {#text} at (0,0) size 964x19
          text run at (0,0) width 843: "This paragraph should have a tiled background, with the origin image exactly centered in the paragraph. "
          text run at (843,0) width 121: "This is because"
        RenderInline {CODE} at (0,0) size 123x15
          RenderText {#text} at (0,22) size 123x15
            text run at (0,22) width 123: "background-repeat"
        RenderText {#text} at (123,19) size 141x19
          text run at (123,19) width 141: " specifies tiling in "
        RenderInline {EM} at (0,0) size 18x19
          RenderText {#text} at (264,19) size 18x19
            text run at (264,19) width 18: "all"
        RenderText {#text} at (282,19) size 943x38
          text run at (282,19) width 463: " directions, regardless of the position of the origin image. "
          text run at (745,19) width 198: "Note that this test is only"
          text run at (0,38) width 253: "valid if the user agent supports "
        RenderInline {CODE} at (0,0) size 133x15
          RenderText {#text} at (253,41) size 133x15
            text run at (253,41) width 133: "background-position"
        RenderText {#text} at (386,38) size 44x19
          text run at (386,38) width 44: " (see "
        RenderInline {A} at (0,0) size 75x19 [color=#0000FF]
          RenderText {#text} at (430,38) size 75x19
            text run at (430,38) width 75: "test 5.3.6"
        RenderText {#text} at (505,38) size 946x57
          text run at (505,38) width 16: "). "
          text run at (521,38) width 383: "I'll fill the paragraph with extra text to make the"
          text run at (0,57) width 366: "conformance (or lack thereof) more obvious. "
          text run at (366,57) width 580: "A background color is present, although if it is visible then the image has"
          text run at (0,76) width 181: "not bee correctly tiled."
      RenderBlock {P} at (0,713) size 964x57 [bgcolor=#FF0000]
        RenderText {#text} at (0,0) size 964x57
          text run at (0,0) width 950: "This sentence should have a fully tiled background which starts at its center top; that is, the background's origin should"
          text run at (0,19) width 391: "be the exact center of the top of the paragraph. "
          text run at (391,19) width 573: "I'll fill it with extra text to make the conformance (or lack thereof) more"
          text run at (0,38) width 71: "obvious. "
          text run at (71,38) width 832: "A background color is present, although if it is visible, then the image may not have been tiled correctly."
      RenderBlock {P} at (0,786) size 964x57 [bgcolor=#FF0000]
        RenderText {#text} at (0,0) size 958x57
          text run at (0,0) width 620: "This sentence should have a fully tiled background which starts at its top left. "
          text run at (620,0) width 278: "I'll fill it with extra text to make the"
          text run at (0,19) width 366: "conformance (or lack thereof) more obvious. "
          text run at (366,19) width 592: "A background color is present, although if it is visible, then the image may"
          text run at (0,38) width 235: "not have been tiled correctly."
      RenderBlock {P} at (0,859) size 964x76 [bgcolor=#FF0000]
        RenderText {#text} at (0,0) size 963x76
          text run at (0,0) width 950: "This sentence should have a fully tiled background which starts at its bottom right; in other words, a complete instance"
          text run at (0,19) width 908: "of the image should be anchored in the bottom right corner, with the tiled background extending out from there. "
          text run at (908,19) width 55: "I'll fill it"
          text run at (0,38) width 589: "with extra text to make the conformance (or lack thereof) more obvious. "
          text run at (589,38) width 366: "A background color is present, although if it is"
          text run at (0,57) width 461: "visible, then the image may not have been tiled correctly."
      RenderBlock {P} at (0,951) size 964x114 [bgcolor=#FF0000]
        RenderText {#text} at (0,0) size 960x114
          text run at (0,0) width 916: "This sentence should have a fully tiled background which starts at its center and is tiled in all directions; that is, the"
          text run at (0,19) width 527: "background's origin should be the exact center of the paragraph. "
          text run at (527,19) width 418: "I'll fill it with extra text to make the conformance (or"
          text run at (0,38) width 226: "lack thereof) more obvious. "
          text run at (226,38) width 565: "In fact, a lot of extra text will be necessary to make this at all obvious. "
          text run at (791,38) width 169: "This is true because I"
          text run at (0,57) width 925: "am not able to increase the text size without resorting to either headings or other CSS properties, neither of which I"
          text run at (0,76) width 268: "want to use in this circumstance. "
          text run at (268,76) width 306: "This ought to be enough text, though. "
          text run at (574,76) width 366: "A background color is present, although if it is"
          text run at (0,95) width 461: "visible, then the image may not have been tiled correctly."
      RenderTable {TABLE} at (0,1081) size 964x830 [border: (1px outset #808080)]
        RenderTableSection {TBODY} at (1,1) size 962x828
          RenderTableRow {TR} at (0,0) size 962x27
            RenderTableCell {TD} at (0,0) size 962x27 [bgcolor=#C0C0C0] [border: (1px inset #808080)] [r=0 c=0 rs=1 cs=2]
              RenderInline {STRONG} at (0,0) size 202x19
                RenderText {#text} at (4,4) size 202x19
                  text run at (4,4) width 202: "TABLE Testing Section"
          RenderTableRow {TR} at (0,27) size 962x801
            RenderTableCell {TD} at (0,414) size 13x27 [bgcolor=#C0C0C0] [border: (1px inset #808080)] [r=1 c=0 rs=1 cs=1]
              RenderText {#text} at (4,4) size 5x19
                text run at (4,4) width 5: " "
            RenderTableCell {TD} at (13,27) size 949x801 [border: (1px inset #808080)] [r=1 c=1 rs=1 cs=1]
              RenderBlock {P} at (4,4) size 941x57
                RenderText {#text} at (0,0) size 926x38
                  text run at (0,0) width 926: "This sentence should have an orange stripe repeated in the \"y\" direction, starting at the upper left corner (since the"
                  text run at (0,19) width 89: "default for "
                RenderInline {CODE} at (0,0) size 133x15
                  RenderText {#text} at (89,22) size 133x15
                    text run at (89,22) width 133: "background-position"
                RenderText {#text} at (222,19) size 934x38
                  text run at (222,19) width 412: " is '0% 0%' and that property is not declared here). "
                  text run at (634,19) width 300: "This is extra text included for the sole"
                  text run at (0,38) width 336: "purpose of making the paragraph longer. "
                  text run at (336,38) width 277: "Thank you for your understanding."
              RenderBlock {P} at (4,77) size 941x57
                RenderText {#text} at (0,0) size 926x38
                  text run at (0,0) width 926: "This sentence should have an orange stripe repeated in the \"x\" direction, starting at the upper left corner (since the"
                  text run at (0,19) width 89: "default for "
                RenderInline {CODE} at (0,0) size 133x15
                  RenderText {#text} at (89,22) size 133x15
                    text run at (89,22) width 133: "background-position"
                RenderText {#text} at (222,19) size 934x38
                  text run at (222,19) width 412: " is '0% 0%' and that property is not declared here). "
                  text run at (634,19) width 300: "This is extra text included for the sole"
                  text run at (0,38) width 336: "purpose of making the paragraph longer. "
                  text run at (336,38) width 277: "Thank you for your understanding."
              RenderBlock {P} at (4,150) size 941x57
                RenderText {#text} at (0,0) size 901x19
                  text run at (0,0) width 901: "This sentence should have a single orange square behind it, placed at the upper left corner (since the default for"
                RenderInline {CODE} at (0,0) size 133x15
                  RenderText {#text} at (0,22) size 133x15
                    text run at (0,22) width 133: "background-position"
                RenderText {#text} at (133,19) size 936x38
                  text run at (133,19) width 412: " is '0% 0%' and that property is not declared here). "
                  text run at (545,19) width 391: "This is extra text included for the sole purpose of"
                  text run at (0,38) width 245: "making the paragraph longer. "
                  text run at (245,38) width 277: "Thank you for your understanding."
              RenderBlock {P} at (4,223) size 941x76
                RenderText {#text} at (0,0) size 923x38
                  text run at (0,0) width 923: "This sentence should have a green-hatch stripe running vertically down the center of the paragraph, with the origin"
                  text run at (0,19) width 338: "image exactly centered in the paragraph. "
                  text run at (338,19) width 126: "This is because "
                RenderInline {CODE} at (0,0) size 55x15
                  RenderText {#text} at (464,22) size 55x15
                    text run at (464,22) width 55: "repeat-y"
                RenderText {#text} at (519,19) size 141x19
                  text run at (519,19) width 141: " specifies tiling in "
                RenderInline {EM} at (0,0) size 36x19
                  RenderText {#text} at (660,19) size 36x19
                    text run at (660,19) width 36: "both"
                RenderText {#text} at (696,19) size 934x38
                  text run at (696,19) width 200: " directions on the y-axis. "
                  text run at (896,19) width 38: "Note"
                  text run at (0,38) width 413: "that this test is only valid if the user agent supports "
                RenderInline {CODE} at (0,0) size 133x15
                  RenderText {#text} at (413,41) size 133x15
                    text run at (413,41) width 133: "background-position"
                RenderText {#text} at (546,38) size 44x19
                  text run at (546,38) width 44: " (see "
                RenderInline {A} at (0,0) size 75x19 [color=#0000FF]
                  RenderText {#text} at (590,38) size 75x19
                    text run at (590,38) width 75: "test 5.3.6"
                RenderText {#text} at (665,38) size 926x38
                  text run at (665,38) width 16: "). "
                  text run at (681,38) width 245: "I'll fill the paragraph with extra"
                  text run at (0,57) width 499: "text to make the conformance (or lack thereof) more obvious."
              RenderBlock {P} at (4,315) size 941x95 [bgcolor=#FF0000]
                RenderText {#text} at (0,0) size 892x38
                  text run at (0,0) width 843: "This paragraph should have a tiled background, with the origin image exactly centered in the paragraph. "
                  text run at (843,0) width 49: "This is"
                  text run at (0,19) width 72: "because "
                RenderInline {CODE} at (0,0) size 123x15
                  RenderText {#text} at (72,22) size 123x15
                    text run at (72,22) width 123: "background-repeat"
                RenderText {#text} at (195,19) size 141x19
                  text run at (195,19) width 141: " specifies tiling in "
                RenderInline {EM} at (0,0) size 18x19
                  RenderText {#text} at (336,19) size 18x19
                    text run at (336,19) width 18: "all"
                RenderText {#text} at (354,19) size 925x38
                  text run at (354,19) width 463: " directions, regardless of the position of the origin image. "
                  text run at (817,19) width 108: "Note that this"
                  text run at (0,38) width 343: "test is only valid if the user agent supports "
                RenderInline {CODE} at (0,0) size 133x15
                  RenderText {#text} at (343,41) size 133x15
                    text run at (343,41) width 133: "background-position"
                RenderText {#text} at (476,38) size 44x19
                  text run at (476,38) width 44: " (see "
                RenderInline {A} at (0,0) size 75x19 [color=#0000FF]
                  RenderText {#text} at (520,38) size 75x19
                    text run at (520,38) width 75: "test 5.3.6"
                RenderText {#text} at (595,38) size 939x57
                  text run at (595,38) width 16: "). "
                  text run at (611,38) width 302: "I'll fill the paragraph with extra text to"
                  text run at (0,57) width 447: "make the conformance (or lack thereof) more obvious. "
                  text run at (447,57) width 492: "A background color is present, although if it is visible then the"
                  text run at (0,76) width 269: "image has not bee correctly tiled."
              RenderBlock {P} at (4,426) size 941x76 [bgcolor=#FF0000]
                RenderText {#text} at (0,0) size 940x76
                  text run at (0,0) width 893: "This sentence should have a fully tiled background which starts at its center top; that is, the background's origin"
                  text run at (0,19) width 448: "should be the exact center of the top of the paragraph. "
                  text run at (448,19) width 455: "I'll fill it with extra text to make the conformance (or lack"
                  text run at (0,38) width 189: "thereof) more obvious. "
                  text run at (189,38) width 751: "A background color is present, although if it is visible, then the image may not have been tiled"
                  text run at (0,57) width 76: "correctly."
              RenderBlock {P} at (4,518) size 941x57 [bgcolor=#FF0000]
                RenderText {#text} at (0,0) size 918x57
                  text run at (0,0) width 620: "This sentence should have a fully tiled background which starts at its top left. "
                  text run at (620,0) width 278: "I'll fill it with extra text to make the"
                  text run at (0,19) width 366: "conformance (or lack thereof) more obvious. "
                  text run at (366,19) width 552: "A background color is present, although if it is visible, then the image"
                  text run at (0,38) width 275: "may not have been tiled correctly."
              RenderBlock {P} at (4,591) size 941x76 [bgcolor=#FF0000]
                RenderText {#text} at (0,0) size 922x76
                  text run at (0,0) width 878: "This sentence should have a fully tiled background which starts at its bottom right; in other words, a complete"
                  text run at (0,19) width 922: "instance of the image should be anchored in the bottom right corner, with the tiled background extending out from"
                  text run at (0,38) width 53: "there. "
                  text run at (53,38) width 649: "I'll fill it with extra text to make the conformance (or lack thereof) more obvious. "
                  text run at (702,38) width 173: "A background color is"
                  text run at (0,57) width 654: "present, although if it is visible, then the image may not have been tiled correctly."
              RenderBlock {P} at (4,683) size 941x114 [bgcolor=#FF0000]
                RenderText {#text} at (0,0) size 925x114
                  text run at (0,0) width 916: "This sentence should have a fully tiled background which starts at its center and is tiled in all directions; that is, the"
                  text run at (0,19) width 527: "background's origin should be the exact center of the paragraph. "
                  text run at (527,19) width 390: "I'll fill it with extra text to make the conformance"
                  text run at (0,38) width 254: "(or lack thereof) more obvious. "
                  text run at (254,38) width 565: "In fact, a lot of extra text will be necessary to make this at all obvious. "
                  text run at (819,38) width 87: "This is true"
                  text run at (0,57) width 925: "because I am not able to increase the text size without resorting to either headings or other CSS properties, neither"
                  text run at (0,76) width 350: "of which I want to use in this circumstance. "
                  text run at (350,76) width 306: "This ought to be enough text, though. "
                  text run at (656,76) width 244: "A background color is present,"
                  text run at (0,95) width 583: "although if it is visible, then the image may not have been tiled correctly."
