layer at (0,0) size 980x1507
  RenderView at (0,0) size 980x735
layer at (0,0) size 980x1507
  RenderBlock {HTML} at (0,0) size 980x1507
    RenderBody {BODY} at (8,8) size 964x1491 [bgcolor=#CCCCCC]
      RenderBlock {P} at (0,0) size 964x19
        RenderText {#text} at (0,0) size 451x19
          text run at (0,0) width 451: "The style declarations which apply to the text below are:"
      RenderBlock {PRE} at (0,35) size 964x255
        RenderText {#text} at (0,0) size 557x255
          text run at (0,0) width 530: "BODY {background-image: url(../resources/bg.gif); background-position: right top;"
          text run at (530,0) width 0: " "
          text run at (0,15) width 230: "      background-repeat: no-repeat;}"
          text run at (230,15) width 0: " "
          text run at (0,30) width 507: ".one {background-image: url(../resources/bg.gif); background-position: center;"
          text run at (507,30) width 0: " "
          text run at (0,45) width 391: "      background-repeat: no-repeat; background-color: aqua;}"
          text run at (391,45) width 0: " "
          text run at (0,60) width 526: ".two {background-image: url(../resources/bg.gif); background-position: 50% 50%;"
          text run at (526,60) width 0: " "
          text run at (0,75) width 391: "      background-repeat: no-repeat; background-color: aqua;}"
          text run at (391,75) width 0: " "
          text run at (0,90) width 557: ".three {background-image: url(../resources/bg.gif); background-position: bottom right;"
          text run at (557,90) width 0: " "
          text run at (0,105) width 399: "        background-repeat: no-repeat; background-color: aqua;}"
          text run at (399,105) width 0: " "
          text run at (0,120) width 544: ".four {background-image: url(../resources/bg.gif); background-position: 100% 100%;"
          text run at (544,120) width 0: " "
          text run at (0,135) width 395: "       background-repeat: no-repeat; background-color: aqua;}"
          text run at (395,135) width 0: " "
          text run at (0,150) width 519: ".five {background-image: url(../resources/bg.gif); background-position: 0% 50%;"
          text run at (519,150) width 0: " "
          text run at (0,165) width 395: "       background-repeat: no-repeat; background-color: aqua;}"
          text run at (395,165) width 0: " "
          text run at (0,180) width 521: ".six {background-image: url(../resources/bg.gif); background-position: 75% 25%;"
          text run at (521,180) width 0: " "
          text run at (0,195) width 395: "       background-repeat: no-repeat; background-color: aqua;}"
          text run at (395,195) width 0: " "
          text run at (0,210) width 549: ".seven {background-image: url(../resources/bg.gif); background-position: 20px 20px;"
          text run at (549,210) width 0: " "
          text run at (0,225) width 395: "       background-repeat: no-repeat; background-color: aqua;}"
          text run at (395,225) width 0: " "
          text run at (0,240) width 0: " "
      RenderBlock {HR} at (0,303) size 964x2 [border: (1px inset #000000)]
      RenderBlock {P} at (0,321) size 964x19
        RenderText {#text} at (0,0) size 643x19
          text run at (0,0) width 643: "This document should have a single, small green image in its upper right corner."
      RenderBlock {P} at (0,356) size 964x57 [bgcolor=#00FFFF]
        RenderText {#text} at (0,0) size 962x57
          text run at (0,0) width 949: "This paragraph should have a single, small green image exactly in its center; that is, the center of the image should be"
          text run at (0,19) width 299: "fixed at the center of the paragraph. "
          text run at (299,19) width 663: "The background color will make it easier to determine the edges of the paragraph,"
          text run at (0,38) width 374: "and therefore allow you to calculate its center."
      RenderBlock {P} at (0,429) size 964x57 [bgcolor=#00FFFF]
        RenderText {#text} at (0,0) size 962x57
          text run at (0,0) width 949: "This paragraph should have a single, small green image exactly in its center; that is, the center of the image should be"
          text run at (0,19) width 299: "fixed at the center of the paragraph. "
          text run at (299,19) width 663: "The background color will make it easier to determine the edges of the paragraph,"
          text run at (0,38) width 374: "and therefore allow you to calculate its center."
      RenderBlock {P} at (0,502) size 964x57 [bgcolor=#00FFFF]
        RenderText {#text} at (0,0) size 961x57
          text run at (0,0) width 935: "This paragraph should have a single, small green image in its lower-right corner; that is, the lower right corner of the"
          text run at (0,19) width 528: "image should be fixed at the lower right corner of the paragraph. "
          text run at (528,19) width 433: "The background color will make it easier to determine"
          text run at (0,38) width 569: "the edges of the paragraph, and therefore allow you to see its corners."
      RenderBlock {P} at (0,575) size 964x57 [bgcolor=#00FFFF]
        RenderText {#text} at (0,0) size 961x57
          text run at (0,0) width 935: "This paragraph should have a single, small green image in its lower-right corner; that is, the lower right corner of the"
          text run at (0,19) width 528: "image should be fixed at the lower right corner of the paragraph. "
          text run at (528,19) width 433: "The background color will make it easier to determine"
          text run at (0,38) width 569: "the edges of the paragraph, and therefore allow you to see its corners."
      RenderBlock {P} at (0,648) size 964x57 [bgcolor=#00FFFF]
        RenderText {#text} at (0,0) size 950x57
          text run at (0,0) width 939: "This paragraph should have a single, small green image exactly at the left center; that is, the left center of the image"
          text run at (0,19) width 412: "should be fixed at the left center of the paragraph. "
          text run at (412,19) width 538: "The background color will make it easier to determine the edges of"
          text run at (0,38) width 499: "the paragraph, and therefore allow you to calculate its center."
      RenderBlock {P} at (0,721) size 964x57 [bgcolor=#00FFFF]
        RenderText {#text} at (0,0) size 955x57
          text run at (0,0) width 955: "This paragraph should have a single, small green image positioned 75% of the way across the element, and 25% down."
          text run at (0,19) width 946: "The background color will make it easier to determine the edges of the paragraph, which should help in determining if"
          text run at (0,38) width 864: "all this is so, and the extra text should make the element long enough for this test to be simpler to evaluate."
      RenderBlock {P} at (0,794) size 964x76 [bgcolor=#00FFFF]
        RenderText {#text} at (0,0) size 959x76
          text run at (0,0) width 956: "This paragraph should have a single, small green image positioned 20 pixels down and to the left of the upper left-hand"
          text run at (0,19) width 959: "corner; that is, the upper left-hand corner of the image should be 20 pixels down and to the left of the upper-left corner"
          text run at (0,38) width 128: "of the element. "
          text run at (128,38) width 820: "The background color will make it easier to determine the edges of the paragraph, which should assist"
          text run at (0,57) width 175: "in evaluating this test."
      RenderTable {TABLE} at (0,886) size 964x605 [border: (1px outset #808080)]
        RenderTableSection {TBODY} at (1,1) size 962x603
          RenderTableRow {TR} at (0,0) size 962x27
            RenderTableCell {TD} at (0,0) size 962x27 [bgcolor=#C0C0C0] [border: (1px inset #808080)] [r=0 c=0 rs=1 cs=2]
              RenderInline {STRONG} at (0,0) size 202x19
                RenderText {#text} at (4,4) size 202x19
                  text run at (4,4) width 202: "TABLE Testing Section"
          RenderTableRow {TR} at (0,27) size 962x576
            RenderTableCell {TD} at (0,301) size 13x27 [bgcolor=#C0C0C0] [border: (1px inset #808080)] [r=1 c=0 rs=1 cs=1]
              RenderText {#text} at (4,4) size 5x19
                text run at (4,4) width 5: " "
            RenderTableCell {TD} at (13,27) size 949x576 [border: (1px inset #808080)] [r=1 c=1 rs=1 cs=1]
              RenderBlock {P} at (4,4) size 941x19
                RenderText {#text} at (0,0) size 643x19
                  text run at (0,0) width 643: "This document should have a single, small green image in its upper right corner."
              RenderBlock {P} at (4,39) size 941x57 [bgcolor=#00FFFF]
                RenderText {#text} at (0,0) size 924x57
                  text run at (0,0) width 924: "This paragraph should have a single, small green image exactly in its center; that is, the center of the image should"
                  text run at (0,19) width 324: "be fixed at the center of the paragraph. "
                  text run at (324,19) width 569: "The background color will make it easier to determine the edges of the"
                  text run at (0,38) width 468: "paragraph, and therefore allow you to calculate its center."
              RenderBlock {P} at (4,112) size 941x57 [bgcolor=#00FFFF]
                RenderText {#text} at (0,0) size 924x57
                  text run at (0,0) width 924: "This paragraph should have a single, small green image exactly in its center; that is, the center of the image should"
                  text run at (0,19) width 324: "be fixed at the center of the paragraph. "
                  text run at (324,19) width 569: "The background color will make it easier to determine the edges of the"
                  text run at (0,38) width 468: "paragraph, and therefore allow you to calculate its center."
              RenderBlock {P} at (4,185) size 941x57 [bgcolor=#00FFFF]
                RenderText {#text} at (0,0) size 935x57
                  text run at (0,0) width 935: "This paragraph should have a single, small green image in its lower-right corner; that is, the lower right corner of the"
                  text run at (0,19) width 528: "image should be fixed at the lower right corner of the paragraph. "
                  text run at (528,19) width 345: "The background color will make it easier to"
                  text run at (0,38) width 657: "determine the edges of the paragraph, and therefore allow you to see its corners."
              RenderBlock {P} at (4,258) size 941x57 [bgcolor=#00FFFF]
                RenderText {#text} at (0,0) size 935x57
                  text run at (0,0) width 935: "This paragraph should have a single, small green image in its lower-right corner; that is, the lower right corner of the"
                  text run at (0,19) width 528: "image should be fixed at the lower right corner of the paragraph. "
                  text run at (528,19) width 345: "The background color will make it easier to"
                  text run at (0,38) width 657: "determine the edges of the paragraph, and therefore allow you to see its corners."
              RenderBlock {P} at (4,331) size 941x57 [bgcolor=#00FFFF]
                RenderText {#text} at (0,0) size 939x57
                  text run at (0,0) width 939: "This paragraph should have a single, small green image exactly at the left center; that is, the left center of the image"
                  text run at (0,19) width 412: "should be fixed at the left center of the paragraph. "
                  text run at (412,19) width 517: "The background color will make it easier to determine the edges"
                  text run at (0,38) width 520: "of the paragraph, and therefore allow you to calculate its center."
              RenderBlock {P} at (4,404) size 941x76 [bgcolor=#00FFFF]
                RenderText {#text} at (0,0) size 902x76
                  text run at (0,0) width 902: "This paragraph should have a single, small green image positioned 75% of the way across the element, and 25%"
                  text run at (0,19) width 53: "down. "
                  text run at (53,19) width 829: "The background color will make it easier to determine the edges of the paragraph, which should help in"
                  text run at (0,38) width 902: "determining if all this is so, and the extra text should make the element long enough for this test to be simpler to"
                  text run at (0,57) width 74: "evaluate."
              RenderBlock {P} at (4,496) size 941x76 [bgcolor=#00FFFF]
                RenderText {#text} at (0,0) size 931x76
                  text run at (0,0) width 916: "This paragraph should have a single, small green image positioned 20 pixels down and to the left of the upper left-"
                  text run at (0,19) width 920: "hand corner; that is, the upper left-hand corner of the image should be 20 pixels down and to the left of the upper-"
                  text run at (0,38) width 217: "left corner of the element. "
                  text run at (217,38) width 714: "The background color will make it easier to determine the edges of the paragraph, which"
                  text run at (0,57) width 281: "should assist in evaluating this test."
