layer at (0,0) size 980x735
  RenderView at (0,0) size 980x735
layer at (0,0) size 980x735
  RenderBlock {HTML} at (0,0) size 980x735
    RenderBody {BODY} at (8,8) size 964x719 [bgcolor=#CCCCCC]
      RenderBlock {P} at (0,0) size 964x19 [bgcolor=#008000]
        RenderText {#text} at (0,0) size 451x19
          text run at (0,0) width 451: "The style declarations which apply to the text below are:"
      RenderBlock {PRE} at (0,35) size 964x60
        RenderText {#text} at (0,0) size 248x60
          text run at (0,0) width 190: "P {background-color: green;}"
          text run at (190,0) width 0: " "
          text run at (0,15) width 202: ".one {background-color: lime;}"
          text run at (202,15) width 0: " "
          text run at (0,30) width 248: ".two {background-color: transparent;}"
          text run at (248,30) width 0: " "
          text run at (0,45) width 0: " "
      RenderBlock {HR} at (0,108) size 964x2 [border: (1px inset #000000)]
      RenderBlock {P} at (0,126) size 964x19 [bgcolor=#008000]
        RenderText {#text} at (0,0) size 354x19
          text run at (0,0) width 354: "This element's background should be green."
      RenderBlock {P} at (0,161) size 964x19 [bgcolor=#00FF00]
        RenderText {#text} at (0,0) size 444x19
          text run at (0,0) width 444: "This element's background should be lime (light green)."
      RenderBlock {P} at (0,196) size 964x57 [bgcolor=#008000]
        RenderText {#text} at (0,0) size 838x19
          text run at (0,0) width 838: "This element's background should be green, and the last word in this sentence should also have a green "
        RenderInline {SPAN} at (0,0) size 95x19
          RenderText {#text} at (838,0) size 95x19
            text run at (838,0) width 95: "background"
        RenderText {#text} at (933,0) size 950x57
          text run at (933,0) width 5: "."
          text run at (0,19) width 950: "This is because the background color of the parent element (the paragraph) should \"shine through\" the SPANned word"
          text run at (0,38) width 234: "\"sentence,\" which was set to "
        RenderInline {CODE} at (0,0) size 75x15
          RenderText {#text} at (234,41) size 75x15
            text run at (234,41) width 75: "transparent"
        RenderText {#text} at (309,38) size 502x19
          text run at (309,38) width 10: ". "
          text run at (319,38) width 492: "If the document background is visible, the browser is in error."
      RenderBlock {P} at (0,269) size 964x19
        RenderText {#text} at (0,0) size 945x19
          text run at (0,0) width 583: "This element should allow the document background to \"shine through.\" "
          text run at (583,0) width 362: "There should be no green backgrounds here!"
      RenderTable {TABLE} at (0,304) size 964x218 [border: (1px outset #808080)]
        RenderTableSection {TBODY} at (1,1) size 962x216
          RenderTableRow {TR} at (0,0) size 962x27
            RenderTableCell {TD} at (0,0) size 962x27 [bgcolor=#C0C0C0] [border: (1px inset #808080)] [r=0 c=0 rs=1 cs=2]
              RenderInline {STRONG} at (0,0) size 202x19
                RenderText {#text} at (4,4) size 202x19
                  text run at (4,4) width 202: "TABLE Testing Section"
          RenderTableRow {TR} at (0,27) size 962x189
            RenderTableCell {TD} at (0,108) size 13x27 [bgcolor=#C0C0C0] [border: (1px inset #808080)] [r=1 c=0 rs=1 cs=1]
              RenderText {#text} at (4,4) size 5x19
                text run at (4,4) width 5: " "
            RenderTableCell {TD} at (13,27) size 949x189 [border: (1px inset #808080)] [r=1 c=1 rs=1 cs=1]
              RenderBlock {P} at (4,4) size 941x19 [bgcolor=#008000]
                RenderText {#text} at (0,0) size 354x19
                  text run at (0,0) width 354: "This element's background should be green."
              RenderBlock {P} at (4,39) size 941x19 [bgcolor=#00FF00]
                RenderText {#text} at (0,0) size 444x19
                  text run at (0,0) width 444: "This element's background should be lime (light green)."
              RenderBlock {P} at (4,74) size 941x57 [bgcolor=#008000]
                RenderText {#text} at (0,0) size 838x19
                  text run at (0,0) width 838: "This element's background should be green, and the last word in this sentence should also have a green "
                RenderInline {SPAN} at (0,0) size 95x19
                  RenderText {#text} at (838,0) size 95x19
                    text run at (838,0) width 95: "background"
                RenderText {#text} at (933,0) size 938x57
                  text run at (933,0) width 5: "."
                  text run at (0,19) width 905: "This is because the background color of the parent element (the paragraph) should \"shine through\" the SPANned"
                  text run at (0,38) width 279: "word \"sentence,\" which was set to "
                RenderInline {CODE} at (0,0) size 75x15
                  RenderText {#text} at (279,41) size 75x15
                    text run at (279,41) width 75: "transparent"
                RenderText {#text} at (354,38) size 502x19
                  text run at (354,38) width 10: ". "
                  text run at (364,38) width 492: "If the document background is visible, the browser is in error."
              RenderBlock {P} at (4,147) size 941x38
                RenderText {#text} at (0,0) size 897x38
                  text run at (0,0) width 583: "This element should allow the document background to \"shine through.\" "
                  text run at (583,0) width 314: "There should be no green backgrounds"
                  text run at (0,19) width 43: "here!"
