layer at (0,0) size 980x735
  RenderView at (0,0) size 980x735
layer at (0,0) size 980x447
  RenderBlock {HTML} at (0,0) size 980x447
    RenderBody {BODY} at (8,16) size 964x19
      RenderBlock {P} at (0,0) size 964x19
        RenderText {#text} at (0,0) size 624x19
          text run at (0,0) width 608: "The following two blocks should be identical, including overflow. (Force bidi: "
          text run at (608,0) width 10 RTL: "\x{5D0}"
          text run at (618,0) width 6: ")"
      RenderBlock {DIV} at (0,35) size 964x0
        RenderBlock (floating) {P} at (16,16) size 213x166 [bgcolor=#FFFFCC] [border: (3px solid #000000)]
          RenderInline {SPAN} at (0,0) size 191x37 [color=#000080] [border: (3px solid #000080) none (3px solid #000080)]
            RenderText {#text} at (30,25) size 172x19
              text run at (30,25) width 172: "aaa bbb ccc  ddd eee"
          RenderBR {BR} at (202,25) size 0x19
          RenderInline {SPAN} at (0,0) size 42x37 [color=#000080] [border: (3px solid #000080) none]
            RenderText {#text} at (11,73) size 23x19
              text run at (11,73) width 23: "fff "
          RenderText {#text} at (53,73) size 87x19
            text run at (53,73) width 87: "ggg hhh iii "
          RenderInline {SPAN} at (0,0) size 31x37 [color=#FFA500] [border: (3px solid #FFA500) none (3px solid #FFA500)]
            RenderText {#text} at (159,73) size 12x19
              text run at (159,73) width 12: "jjj"
          RenderBR {BR} at (171,73) size 0x19
          RenderInline {SPAN} at (0,0) size 186x37 [color=#FFA500] [border: (3px solid #FFA500) none]
            RenderText {#text} at (11,121) size 167x19
              text run at (11,121) width 167: "kkk lll mmm nnn ooo"
          RenderText {#text} at (0,0) size 0x0
        RenderBlock (floating) {P} at (16,214) size 218x166 [bgcolor=#FFFFCC] [border: (3px solid #000000)]
          RenderInline {SPAN} at (0,0) size 196x85 [color=#000080] [border: (3px solid #000080)]
            RenderText {#text} at (30,25) size 177x19
              text run at (30,25) width 35: "aaa "
              text run at (65,25) width 35: "bbb "
              text run at (100,25) width 32: "ccc "
              text run at (132,25) width 35 RTL override: "ddd "
              text run at (167,25) width 40 RTL override: "\x{202E} eee "
            RenderBR {BR} at (0,0) size 0x0
            RenderText {#text} at (11,73) size 23x19
              text run at (11,73) width 23: "fff "
          RenderText {#text} at (53,73) size 87x19
            text run at (53,73) width 35: "ggg "
            text run at (88,73) width 35: "hhh "
            text run at (123,73) width 17: "iii "
          RenderInline {SPAN} at (0,0) size 191x85 [color=#FFA500] [border: (3px solid #FFA500)]
            RenderText {#text} at (159,73) size 17x19
              text run at (159,73) width 17: "jjj "
            RenderBR {BR} at (0,0) size 0x0
            RenderText {#text} at (11,121) size 172x19
              text run at (11,121) width 32: "kkk "
              text run at (43,121) width 75: "lll \x{202C} mmm "
              text run at (118,121) width 35: "nnn "
              text run at (153,121) width 30: "ooo"
          RenderText {#text} at (0,0) size 0x0
