layer at (0,0) size 980x735
  RenderView at (0,0) size 980x735
layer at (0,0) size 980x735
  RenderBlock {HTML} at (0,0) size 980x735
    RenderBody {BODY} at (8,8) size 964x719
layer at (8,8) size 964x500
  RenderBlock {DIV} at (0,0) size 964x500 [color=#FFFFFF] [bgcolor=#800000]
    RenderText {#text} at (50,50) size 383x19
      text run at (50,50) width 383: "This content should be masked with a soft glow."
