layer at (0,0) size 980x735
  RenderView at (0,0) size 980x735
layer at (0,0) size 980x735
  RenderBlock {HTML} at (0,0) size 980x735
    RenderBody {BODY} at (8,25) size 964x685
layer at (33,25) size 914x100
  RenderBlock {DIV} at (25,0) size 914x100 [color=#FFFFFF] [bgcolor=#800000]
    RenderBlock {DIV} at (50,50) size 814x400 [bgcolor=#808080]
      RenderText {#text} at (0,0) size 383x19
        text run at (0,0) width 383: "This content should be masked with a soft glow."
