layer at (0,0) size 980x735
  RenderView at (0,0) size 980x735
layer at (0,0) size 980x735
  RenderBlock {HTML} at (0,0) size 980x735
    RenderBody {BODY} at (8,8) size 964x719
      RenderBlock {DIV} at (10,10) size 171x171 [border: (21px none #000000) (30px none #000000) (21px none #000000)]
      RenderText {#text} at (191,176) size 5x19
        text run at (191,176) width 5: " "
      RenderBlock {DIV} at (206,10) size 171x171 [border: (21px none #000000) (30px none #000000) (21px none #000000)]
      RenderText {#text} at (0,0) size 0x0
