layer at (0,0) size 980x735
  RenderView at (0,0) size 980x735
layer at (0,0) size 980x735
  RenderBlock {HTML} at (0,0) size 980x735
    RenderBody {BODY} at (8,8) size 964x719
      RenderBlock {DIV} at (0,0) size 964x350
        RenderInline {SPAN} at (0,0) size 38x230 [border: (21px none #000000) (30px none #000000) (21px none #000000)]
          RenderText {#text} at (46,85) size 8x29
            text run at (46,85) width 8: " "
          RenderBR {BR} at (54,108) size 0x0
          RenderText {#text} at (25,235) size 8x29
            text run at (25,235) width 8: " "
