layer at (0,0) size 980x735
  RenderView at (0,0) size 980x735
layer at (0,0) size 980x275
  RenderBlock {HTML} at (0,0) size 980x275
    RenderBody {BODY} at (8,16) size 964x251
      RenderBlock {P} at (0,0) size 964x19
        RenderText {#text} at (0,0) size 421x19
          text run at (0,0) width 421: "Tests border-radius and box-shadow on a split inline."
      RenderBlock {DIV} at (0,35) size 200x216
        RenderInline {SPAN} at (0,0) size 189x204 [border: (2px solid #008000)]
          RenderText {#text} at (2,8) size 189x200
            text run at (2,8) width 187: "I am a span"
            text run at (0,62) width 129: "which is"
            text run at (0,116) width 150: "split over"
            text run at (0,170) width 171: "three lines"
        RenderText {#text} at (0,0) size 0x0
