layer at (0,0) size 980x735
  RenderView at (0,0) size 980x735
layer at (0,0) size 980x735
  RenderBlock {HTML} at (0,0) size 980x735
    RenderBody {BODY} at (8,8) size 964x719
      RenderBlock {DIV} at (0,0) size 212x212 [bgcolor=#00FF00] [border: (6px dashed #FF0000)]
        RenderText {#text} at (6,6) size 5x19
          text run at (6,6) width 5: " "
