layer at (0,0) size 980x735
  RenderView at (0,0) size 980x735
layer at (0,0) size 980x735
  RenderBlock {HTML} at (0,0) size 980x735
    RenderBody {BODY} at (8,8) size 964x719
      RenderBlock {DIV} at (0,0) size 964x66
        RenderBlock {SPAN} at (2,0) size 62x62 [bgcolor=#CCCCCC] [border: (6px dotted #FF0000)]
        RenderText {#text} at (66,47) size 5x19
          text run at (66,47) width 5: " "
        RenderBlock {SPAN} at (73,0) size 62x62 [bgcolor=#CCCCCC] [border: (6px dotted #FF0000)]
        RenderText {#text} at (137,47) size 5x19
          text run at (137,47) width 5: " "
        RenderBlock {SPAN} at (144,0) size 62x62 [bgcolor=#CCCCCC] [border: (6px dotted #FF0000)]
        RenderText {#text} at (208,47) size 5x19
          text run at (208,47) width 5: " "
        RenderBlock {SPAN} at (215,0) size 62x62 [bgcolor=#CCCCCC] [border: (6px dotted #FF0000)]
        RenderText {#text} at (279,47) size 5x19
          text run at (279,47) width 5: " "
        RenderBlock {SPAN} at (286,0) size 62x62 [bgcolor=#CCCCCC] [border: (6px dotted #FF0000)]
        RenderText {#text} at (350,47) size 57x19
          text run at (350,47) width 5: " "
          text run at (355,47) width 52: "dotted"
      RenderBlock {DIV} at (0,66) size 964x66
        RenderBlock {SPAN} at (2,0) size 62x62 [bgcolor=#CCCCCC] [border: (6px dashed #FF0000)]
        RenderText {#text} at (66,47) size 5x19
          text run at (66,47) width 5: " "
        RenderBlock {SPAN} at (73,0) size 62x62 [bgcolor=#CCCCCC] [border: (6px dashed #FF0000)]
        RenderText {#text} at (137,47) size 5x19
          text run at (137,47) width 5: " "
        RenderBlock {SPAN} at (144,0) size 62x62 [bgcolor=#CCCCCC] [border: (6px dashed #FF0000)]
        RenderText {#text} at (208,47) size 5x19
          text run at (208,47) width 5: " "
        RenderBlock {SPAN} at (215,0) size 62x62 [bgcolor=#CCCCCC] [border: (6px dashed #FF0000)]
        RenderText {#text} at (279,47) size 5x19
          text run at (279,47) width 5: " "
        RenderBlock {SPAN} at (286,0) size 62x62 [bgcolor=#CCCCCC] [border: (6px dashed #FF0000)]
        RenderText {#text} at (350,47) size 63x19
          text run at (350,47) width 5: " "
          text run at (355,47) width 58: "dashed"
      RenderBlock {DIV} at (0,132) size 964x66
        RenderBlock {SPAN} at (2,0) size 62x62 [bgcolor=#CCCCCC] [border: (6px solid #FF0000)]
        RenderText {#text} at (66,47) size 5x19
          text run at (66,47) width 5: " "
        RenderBlock {SPAN} at (73,0) size 62x62 [bgcolor=#CCCCCC] [border: (6px solid #FF0000)]
        RenderText {#text} at (137,47) size 5x19
          text run at (137,47) width 5: " "
        RenderBlock {SPAN} at (144,0) size 62x62 [bgcolor=#CCCCCC] [border: (6px solid #FF0000)]
        RenderText {#text} at (208,47) size 5x19
          text run at (208,47) width 5: " "
        RenderBlock {SPAN} at (215,0) size 62x62 [bgcolor=#CCCCCC] [border: (6px solid #FF0000)]
        RenderText {#text} at (279,47) size 5x19
          text run at (279,47) width 5: " "
        RenderBlock {SPAN} at (286,0) size 62x62 [bgcolor=#CCCCCC] [border: (6px solid #FF0000)]
        RenderText {#text} at (350,47) size 41x19
          text run at (350,47) width 5: " "
          text run at (355,47) width 36: "solid"
      RenderBlock {DIV} at (0,198) size 964x66
        RenderBlock {SPAN} at (2,0) size 62x62 [bgcolor=#CCCCCC] [border: (6px double #FF0000)]
        RenderText {#text} at (66,47) size 5x19
          text run at (66,47) width 5: " "
        RenderBlock {SPAN} at (73,0) size 62x62 [bgcolor=#CCCCCC] [border: (6px double #FF0000)]
        RenderText {#text} at (137,47) size 5x19
          text run at (137,47) width 5: " "
        RenderBlock {SPAN} at (144,0) size 62x62 [bgcolor=#CCCCCC] [border: (6px double #FF0000)]
        RenderText {#text} at (208,47) size 5x19
          text run at (208,47) width 5: " "
        RenderBlock {SPAN} at (215,0) size 62x62 [bgcolor=#CCCCCC] [border: (6px double #FF0000)]
        RenderText {#text} at (279,47) size 5x19
          text run at (279,47) width 5: " "
        RenderBlock {SPAN} at (286,0) size 62x62 [bgcolor=#CCCCCC] [border: (6px double #FF0000)]
        RenderText {#text} at (350,47) size 59x19
          text run at (350,47) width 5: " "
          text run at (355,47) width 54: "double"
      RenderBlock {DIV} at (0,264) size 964x66
        RenderBlock {SPAN} at (2,0) size 62x62 [bgcolor=#CCCCCC] [border: (6px groove #FF0000)]
        RenderText {#text} at (66,47) size 5x19
          text run at (66,47) width 5: " "
        RenderBlock {SPAN} at (73,0) size 62x62 [bgcolor=#CCCCCC] [border: (6px groove #FF0000)]
        RenderText {#text} at (137,47) size 5x19
          text run at (137,47) width 5: " "
        RenderBlock {SPAN} at (144,0) size 62x62 [bgcolor=#CCCCCC] [border: (6px groove #FF0000)]
        RenderText {#text} at (208,47) size 5x19
          text run at (208,47) width 5: " "
        RenderBlock {SPAN} at (215,0) size 62x62 [bgcolor=#CCCCCC] [border: (6px groove #FF0000)]
        RenderText {#text} at (279,47) size 5x19
          text run at (279,47) width 5: " "
        RenderBlock {SPAN} at (286,0) size 62x62 [bgcolor=#CCCCCC] [border: (6px groove #FF0000)]
        RenderText {#text} at (350,47) size 61x19
          text run at (350,47) width 5: " "
          text run at (355,47) width 56: "groove"
      RenderBlock {DIV} at (0,330) size 964x66
        RenderBlock {SPAN} at (2,0) size 62x62 [bgcolor=#CCCCCC] [border: (6px ridge #FF0000)]
        RenderText {#text} at (66,47) size 5x19
          text run at (66,47) width 5: " "
        RenderBlock {SPAN} at (73,0) size 62x62 [bgcolor=#CCCCCC] [border: (6px ridge #FF0000)]
        RenderText {#text} at (137,47) size 5x19
          text run at (137,47) width 5: " "
        RenderBlock {SPAN} at (144,0) size 62x62 [bgcolor=#CCCCCC] [border: (6px ridge #FF0000)]
        RenderText {#text} at (208,47) size 5x19
          text run at (208,47) width 5: " "
        RenderBlock {SPAN} at (215,0) size 62x62 [bgcolor=#CCCCCC] [border: (6px ridge #FF0000)]
        RenderText {#text} at (279,47) size 5x19
          text run at (279,47) width 5: " "
        RenderBlock {SPAN} at (286,0) size 62x62 [bgcolor=#CCCCCC] [border: (6px ridge #FF0000)]
        RenderText {#text} at (350,47) size 46x19
          text run at (350,47) width 5: " "
          text run at (355,47) width 41: "ridge"
      RenderBlock {DIV} at (0,396) size 964x66
        RenderBlock {SPAN} at (2,0) size 62x62 [bgcolor=#CCCCCC] [border: (6px inset #FF0000)]
        RenderText {#text} at (66,47) size 5x19
          text run at (66,47) width 5: " "
        RenderBlock {SPAN} at (73,0) size 62x62 [bgcolor=#CCCCCC] [border: (6px inset #FF0000)]
        RenderText {#text} at (137,47) size 5x19
          text run at (137,47) width 5: " "
        RenderBlock {SPAN} at (144,0) size 62x62 [bgcolor=#CCCCCC] [border: (6px inset #FF0000)]
        RenderText {#text} at (208,47) size 5x19
          text run at (208,47) width 5: " "
        RenderBlock {SPAN} at (215,0) size 62x62 [bgcolor=#CCCCCC] [border: (6px inset #FF0000)]
        RenderText {#text} at (279,47) size 5x19
          text run at (279,47) width 5: " "
        RenderBlock {SPAN} at (286,0) size 62x62 [bgcolor=#CCCCCC] [border: (6px inset #FF0000)]
        RenderText {#text} at (350,47) size 43x19
          text run at (350,47) width 5: " "
          text run at (355,47) width 38: "inset"
      RenderBlock {DIV} at (0,462) size 964x66
        RenderBlock {SPAN} at (2,0) size 62x62 [bgcolor=#CCCCCC] [border: (6px outset #FF0000)]
        RenderText {#text} at (66,47) size 5x19
          text run at (66,47) width 5: " "
        RenderBlock {SPAN} at (73,0) size 62x62 [bgcolor=#CCCCCC] [border: (6px outset #FF0000)]
        RenderText {#text} at (137,47) size 5x19
          text run at (137,47) width 5: " "
        RenderBlock {SPAN} at (144,0) size 62x62 [bgcolor=#CCCCCC] [border: (6px outset #FF0000)]
        RenderText {#text} at (208,47) size 5x19
          text run at (208,47) width 5: " "
        RenderBlock {SPAN} at (215,0) size 62x62 [bgcolor=#CCCCCC] [border: (6px outset #FF0000)]
        RenderText {#text} at (279,47) size 5x19
          text run at (279,47) width 5: " "
        RenderBlock {SPAN} at (286,0) size 62x62 [bgcolor=#CCCCCC] [border: (6px outset #FF0000)]
        RenderText {#text} at (350,47) size 55x19
          text run at (350,47) width 5: " "
          text run at (355,47) width 50: "outset"
