layer at (0,0) size 980x735
  RenderView at (0,0) size 980x735
layer at (0,0) size 980x735
  RenderBlock {HTML} at (0,0) size 980x735
    RenderBody {BODY} at (8,8) size 964x719
layer at (8,8) size 920x53
  RenderBlock (relative positioned) {DIV} at (0,0) size 920x53
    RenderBlock {DIV} at (36,0) size 884x53 [border: (10px solid #00000000) (18px solid #00000000)]
      RenderBlock {DIV} at (18,5) size 856x42
        RenderText {#text} at (0,0) size 823x42
          text run at (0,0) width 812: "Lorem ipsum dolor sit amet, consectetuer adipiscing elit. Donec ac odio. Fusce facilisis. Praesent eleifend dapibus mi. Proin nulla nulla,"
          text run at (0,14) width 823: "hendrerit vitae, condimentum non, iaculis sed, sem. Aliquam a turpis nec ante elementum dignissim. Suspendisse potenti. Suspendisse"
          text run at (0,28) width 47: "potenti."
    RenderText {#text} at (0,0) size 0x0
layer at (8,29) size 32x32
  RenderImage {IMG} at (0,21) size 32x32
layer at (52,65) size 920x32
  RenderBlock (relative positioned) {DIV} at (44,57) size 920x32
    RenderBlock {DIV} at (432,0) size 452x25 [border: (10px solid #00000000) (18px solid #00000000) (10px solid #00000000)]
      RenderBlock {DIV} at (10,5) size 424x14
        RenderText {#text} at (0,0) size 424x14
          text run at (0,0) width 424: "Aliquam a turpis nec ante elementum dignissim. Suspendisse potenti."
    RenderText {#text} at (0,0) size 0x0
layer at (940,65) size 32x32
  RenderImage {IMG} at (888,0) size 32x32
layer at (8,101) size 920x32
  RenderBlock (relative positioned) {DIV} at (0,93) size 920x32
    RenderBlock {DIV} at (36,0) size 198x25 [border: (10px solid #00000000) (18px solid #00000000)]
      RenderBlock {DIV} at (18,5) size 170x14
        RenderText {#text} at (0,0) size 170x14
          text run at (0,0) width 170: "Lorem ipsum dolor sit amet."
    RenderText {#text} at (0,0) size 0x0
layer at (8,101) size 32x32
  RenderImage {IMG} at (0,0) size 32x32
layer at (52,137) size 920x153
  RenderBlock (relative positioned) {DIV} at (44,129) size 920x153
    RenderBlock {DIV} at (0,0) size 884x153 [border: (10px solid #00000000) (18px solid #00000000) (10px solid #00000000)]
      RenderBlock {DIV} at (10,5) size 856x142
        RenderBlock {DIV} at (0,0) size 856x100 [bgcolor=#EEEEEE]
          RenderText {#text} at (663,0) size 193x14
            text run at (663,0) width 193: "Look at me, I'm an attachment!"
        RenderText {#text} at (44,100) size 823x42
          text run at (44,100) width 812: "Lorem ipsum dolor sit amet, consectetuer adipiscing elit. Donec ac odio. Fusce facilisis. Praesent eleifend dapibus mi. Proin nulla nulla,"
          text run at (33,114) width 823: "hendrerit vitae, condimentum non, iaculis sed, sem. Aliquam a turpis nec ante elementum dignissim. Suspendisse potenti. Suspendisse"
          text run at (809,128) width 47: "potenti."
    RenderText {#text} at (0,0) size 0x0
layer at (940,258) size 32x32
  RenderImage {IMG} at (888,121) size 32x32
