layer at (0,0) size 980x735
  RenderView at (0,0) size 980x735
layer at (0,0) size 980x735
  RenderBlock {HTML} at (0,0) size 980x735
    RenderBody {BODY} at (8,8) size 964x719
      RenderBlock {P} at (0,0) size 964x38
        RenderText {#text} at (0,0) size 937x38
          text run at (0,0) width 937: "The purpose of this test case is to illustrate the legacy behavior of -webkit-border-image. The specified border widths"
          text run at (0,19) width 898: "actually end up becoming the real border widths. The border-image property in the specification doesn't do this."
      RenderBlock (anonymous) at (0,54) size 964x552
        RenderBlock {DIV} at (10,10) size 252x252 [border: (42px none #000000) (60px none #000000) (42px none #000000)]
        RenderText {#text} at (272,257) size 5x19
          text run at (272,257) width 5: " "
        RenderBlock {DIV} at (287,10) size 252x252 [border: (42px none #000000) (60px none #000000) (42px none #000000)]
        RenderText {#text} at (549,257) size 5x19
          text run at (549,257) width 5: " "
        RenderBR {BR} at (0,0) size 0x0
        RenderBlock {DIV} at (10,286) size 252x252 [border: (42px none #000000) (60px none #000000) (42px none #000000)]
        RenderText {#text} at (272,533) size 5x19
          text run at (272,533) width 5: " "
        RenderBlock {DIV} at (287,286) size 252x252 [border: (42px none #000000) (60px none #000000) (42px none #000000)]
        RenderText {#text} at (0,0) size 0x0
