layer at (0,0) size 980x735
  RenderView at (0,0) size 980x735
layer at (0,0) size 980x735
  RenderBlock {HTML} at (0,0) size 980x735
    RenderBody {BODY} at (8,8) size 964x719
      RenderInline {SPAN} at (0,0) size 955x81 [border: (5px solid #000000)]
        RenderText {#text} at (7,14) size 955x67
          text run at (7,14) width 526: "This is a span that crosses multiple lines and has a border-radius. "
          text run at (533,14) width 422: "The border-radius should only apply at the endpoints"
          text run at (0,62) width 906: "of the span, and the edges that are \"open\" should just be solid right up to the edge (with no rounding or clipping)."
      RenderText {#text} at (0,0) size 0x0
