layer at (0,0) size 980x735
  RenderView at (0,0) size 980x735
layer at (0,0) size 980x735
  RenderBlock {HTML} at (0,0) size 980x735
    RenderBody {BODY} at (8,8) size 964x719
      RenderBlock (anonymous) at (0,0) size 964x19
        RenderText {#text} at (0,0) size 763x19
          text run at (0,0) width 763: "This tests that border radius will choose the foreground color when no border color is specified."
      RenderBlock {DIV} at (0,19) size 56x25 [color=#FF0000] [bgcolor=#ADD8E6] [border: (3px solid #FF0000)]
        RenderText {#text} at (3,3) size 30x19
          text run at (3,3) width 30: "test"
