layer at (0,0) size 980x735
  RenderView at (0,0) size 980x735
layer at (0,0) size 980x735
  RenderBlock {HTML} at (0,0) size 980x735
    RenderBody {BODY} at (8,8) size 964x719
      RenderBlock {DIV} at (0,0) size 202x202 [border: (1px solid #FF0000)]
        RenderText {#text} at (1,1) size 5x19
          text run at (1,1) width 5: " "
