layer at (0,0) size 980x735
  RenderView at (0,0) size 980x735
layer at (0,0) size 980x148
  RenderBlock {HTML} at (0,0) size 980x148
    RenderBody {BODY} at (8,8) size 964x132
      RenderBlock {DIV} at (0,0) size 964x44 [color=#008000]
        RenderBlock {DIV} at (0,0) size 964x44 [color=#FF0000] [border: (3px solid #008000)]
          RenderBlock {DIV} at (3,3) size 958x38 [color=#008000]
            RenderText {#text} at (0,0) size 937x38
              text run at (0,0) width 527: "This should have a green border, because the computed value of "
              text run at (527,0) width 410: "'border-color' set to its initial value is the computed"
              text run at (0,19) width 48: "value "
              text run at (48,19) width 347: "of 'color', which is then inherited as a color."
      RenderBlock {DIV} at (0,60) size 964x25 [color=#008000]
        RenderBlock {DIV} at (0,0) size 964x25 [color=#FF0000] [border: (3px solid #008000)]
          RenderBlock {DIV} at (3,3) size 958x19 [color=#008000]
            RenderText {#text} at (0,0) size 68x19
              text run at (0,0) width 68: "This too."
      RenderBlock {DIV} at (0,101) size 964x31 [color=#008000] [border: (3px solid #008000)]
        RenderBlock {DIV} at (3,3) size 958x25 [color=#FF0000] [border: (3px solid #008000)]
          RenderBlock {DIV} at (3,3) size 952x19 [color=#008000]
            RenderText {#text} at (0,0) size 68x19
              text run at (0,0) width 68: "This too."
