layer at (0,0) size 980x735
  RenderView at (0,0) size 980x735
layer at (0,0) size 980x735
  RenderBlock {HTML} at (0,0) size 980x735
    RenderBody {BODY} at (8,8) size 964x719
      RenderBlock {DIV} at (0,0) size 214x214 [bgcolor=#00FF00] [border: (7px groove #FF0000)]
        RenderText {#text} at (7,7) size 5x19
          text run at (7,7) width 5: " "
