layer at (0,0) size 980x735
  RenderView at (0,0) size 980x735
layer at (0,0) size 980x735
  RenderBlock {HTML} at (0,0) size 980x735
    RenderBody {BODY} at (8,8) size 964x719
      RenderBlock {DIV} at (0,0) size 964x132
        RenderBlock {SPAN} at (4,4) size 120x120 [border: (40px ridge #FF0000)]
        RenderText {#text} at (128,113) size 5x19
          text run at (128,113) width 5: " "
        RenderBlock {SPAN} at (137,4) size 120x120 [border: (40px ridge #FF0000)]
        RenderText {#text} at (261,113) size 5x19
          text run at (261,113) width 5: " "
        RenderBlock {SPAN} at (270,4) size 120x120 [border: (40px ridge #FF0000)]
        RenderText {#text} at (394,113) size 5x19
          text run at (394,113) width 5: " "
        RenderBlock {SPAN} at (403,4) size 120x120 [border: (40px ridge #FF0000)]
        RenderText {#text} at (527,113) size 5x19
          text run at (527,113) width 5: " "
        RenderBlock {SPAN} at (536,4) size 120x120 [border: (40px ridge #FF0000)]
        RenderText {#text} at (0,0) size 0x0
      RenderBlock {DIV} at (0,132) size 964x132
        RenderBlock {SPAN} at (4,4) size 120x120 [border: (40px outset #FF0000)]
        RenderText {#text} at (128,113) size 5x19
          text run at (128,113) width 5: " "
        RenderBlock {SPAN} at (137,4) size 120x120 [border: (40px outset #FF0000)]
        RenderText {#text} at (261,113) size 5x19
          text run at (261,113) width 5: " "
        RenderBlock {SPAN} at (270,4) size 120x120 [border: (40px outset #FF0000)]
        RenderText {#text} at (394,113) size 5x19
          text run at (394,113) width 5: " "
        RenderBlock {SPAN} at (403,4) size 120x120 [border: (40px outset #FF0000)]
        RenderText {#text} at (527,113) size 5x19
          text run at (527,113) width 5: " "
        RenderBlock {SPAN} at (536,4) size 120x120 [border: (40px outset #FF0000)]
        RenderText {#text} at (0,0) size 0x0
