layer at (0,0) size 980x735
  RenderView at (0,0) size 980x735
layer at (0,0) size 980x735
  RenderBlock {HTML} at (0,0) size 980x735
    RenderBody {BODY} at (8,8) size 964x719
      RenderBlock {DIV} at (0,0) size 216x216 [bgcolor=#00FF00] [border: (8px dotted #FF0000)]
        RenderText {#text} at (8,8) size 5x19
          text run at (8,8) width 5: " "
