layer at (0,0) size 980x1880
  RenderView at (0,0) size 980x735
layer at (0,0) size 980x1880
  RenderBlock {HTML} at (0,0) size 980x1880
    RenderBody {BODY} at (8,8) size 964x1864
      RenderText {#text} at (0,0) size 0x0
layer at (8,8) size 788x1864
  RenderInline {SPAN} at (0,0) size 788x1864 [bgcolor=#800000]
    RenderText {#text} at (0,0) size 788x1864
      text run at (0,0) width 409: "This"
      text run at (0,233) width 765: "content"
      text run at (0,466) width 663: "should"
      text run at (0,699) width 250: "be"
      text run at (0,932) width 788: "masked"
      text run at (0,1165) width 612: "with a"
      text run at (0,1398) width 374: "soft"
      text run at (0,1631) width 533: "glow."
