layer at (0,0) size 980x735
  RenderView at (0,0) size 980x735
layer at (0,0) size 980x735
  RenderBlock {HTML} at (0,0) size 980x735
    RenderBody {BODY} at (8,8) size 964x719
      RenderText {#text} at (0,0) size 0x0
layer at (8,8) size 453x120
  RenderInline {SPAN} at (0,0) size 453x120 [bgcolor=#808080]
    RenderText {#text} at (75,22) size 378x28
      text run at (75,22) width 378: "This content should be masked"
    RenderBR {BR} at (453,44) size 0x0
    RenderText {#text} at (0,94) size 200x28
      text run at (0,94) width 200: "with a soft glow."
