layer at (0,0) size 980x735
  RenderView at (0,0) size 980x735
layer at (0,0) size 980x538
  RenderBlock {HTML} at (0,0) size 980x538
    RenderBody {BODY} at (8,8) size 964x522
      RenderBlock {DIV} at (10,10) size 150x150 [border: (50px solid #0000007F)]
      RenderText {#text} at (170,155) size 5x19
        text run at (170,155) width 5: " "
      RenderBlock {DIV} at (185,10) size 150x150 [border: (50px solid #0000007F) (50px double #0000007F) (50px solid #0000007F)]
      RenderText {#text} at (345,155) size 5x19
        text run at (345,155) width 5: " "
      RenderBlock {DIV} at (360,10) size 150x150 [border: (50px solid #0000007F) none (50px solid #0000007F)]
      RenderText {#text} at (520,155) size 5x19
        text run at (520,155) width 5: " "
      RenderBlock {DIV} at (535,10) size 150x150 [border: (50px solid #0000007F) (50px solid #00000000) (50px solid #0000007F)]
      RenderText {#text} at (695,155) size 5x19
        text run at (695,155) width 5: " "
      RenderBR {BR} at (0,0) size 0x0
      RenderBlock {DIV} at (10,184) size 150x150 [border: (50px solid #0000007F) none (50px solid #0000007F)]
      RenderText {#text} at (170,329) size 5x19
        text run at (170,329) width 5: " "
      RenderBlock {DIV} at (185,184) size 150x150 [border: (50px solid #0000007F) none (50px solid #00000000) (50px solid #0000007F)]
      RenderText {#text} at (345,329) size 5x19
        text run at (345,329) width 5: " "
      RenderBlock {DIV} at (360,184) size 150x150 [border: (50px solid #0000007F) none (50px solid #0000007F)]
      RenderText {#text} at (520,329) size 5x19
        text run at (520,329) width 5: " "
      RenderBlock {DIV} at (535,184) size 150x150 [border: (50px solid #0000007F) none (50px groove #0000007F) (50px solid #0000007F)]
      RenderText {#text} at (695,329) size 5x19
        text run at (695,329) width 5: " "
      RenderBR {BR} at (0,0) size 0x0
      RenderBlock {DIV} at (10,358) size 150x150 [border: (50px solid #0000007F) (50px double #0000007F) (50px solid #0000007F)]
      RenderText {#text} at (170,503) size 5x19
        text run at (170,503) width 5: " "
      RenderBlock {DIV} at (185,358) size 150x150 [border: (50px solid #0000007F) none (50px double #0000007F) (50px solid #0000007F)]
      RenderText {#text} at (345,503) size 5x19
        text run at (345,503) width 5: " "
      RenderBlock {DIV} at (360,358) size 150x150 [border: (50px solid #0000007F) (50px solid #0080007F) (50px solid #0000007F)]
      RenderText {#text} at (520,503) size 5x19
        text run at (520,503) width 5: " "
      RenderBlock {DIV} at (535,358) size 150x150 [border: (50px solid #0000007F) (50px solid #0080007F) (50px solid #0000007F) (50px solid #0080007F)]
      RenderText {#text} at (0,0) size 0x0
