layer at (0,0) size 980x735
  RenderView at (0,0) size 980x735
layer at (0,0) size 980x404
  RenderBlock {HTML} at (0,0) size 980x404
    RenderBody {BODY} at (8,8) size 964x388
      RenderBlock {DIV} at (20,20) size 150x150 [border: (50px solid #0000007F)]
      RenderText {#text} at (190,175) size 5x19
        text run at (190,175) width 5: " "
      RenderBlock {DIV} at (215,20) size 150x150 [border: (50px solid #0000007F) (50px double #0000007F) (50px solid #0000007F)]
      RenderText {#text} at (385,175) size 5x19
        text run at (385,175) width 5: " "
      RenderBlock {DIV} at (410,20) size 150x150 [border: (50px solid #0000007F) none (50px solid #0000007F)]
      RenderText {#text} at (580,175) size 5x19
        text run at (580,175) width 5: " "
      RenderBlock {DIV} at (605,20) size 150x150 [border: (50px solid #0000007F) (50px solid #00000000) (50px solid #0000007F)]
      RenderText {#text} at (0,0) size 0x0
      RenderBlock {DIV} at (20,214) size 150x150 [border: (50px solid #0000007F) (50px solid #00000000) (50px solid #0000007F)]
      RenderText {#text} at (190,369) size 5x19
        text run at (190,369) width 5: " "
      RenderBlock {DIV} at (215,214) size 150x150 [border: (50px solid #0000007F) none (50px solid #00000000) (50px solid #0000007F)]
      RenderText {#text} at (385,369) size 5x19
        text run at (385,369) width 5: " "
      RenderBlock {DIV} at (410,214) size 150x150 [border: (50px solid #0000007F) none (50px solid #0000007F)]
      RenderText {#text} at (580,369) size 5x19
        text run at (580,369) width 5: " "
      RenderBlock {DIV} at (605,214) size 150x150 [border: (50px solid #0000007F) none (50px groove #0000007F) (50px solid #0000007F)]
      RenderText {#text} at (0,0) size 0x0
