layer at (0,0) size 980x735
  RenderView at (0,0) size 980x735
layer at (0,0) size 980x364
  RenderBlock {HTML} at (0,0) size 980x364
    RenderBody {BODY} at (8,8) size 964x348
      RenderBlock {DIV} at (0,0) size 964x348 [border: (1px solid #000000)]
        RenderBlock {P} at (6,22) size 952x96
          RenderText {#text} at (383,6) size 569x19
            text run at (383,6) width 95 RTL: "\x{5D1}\x{5D7}\x{5D5}\x{5E5} \x{5D4}\x{5D9}\x{5D4} \x{5E7}\x{5D5}\x{5E8} "
            text run at (478,6) width 232 RTL: "\x{5DE}\x{5D4}\x{5DC}\x{5DA} \x{5D4}\x{5D9}\x{5D9}\x{5EA}\x{5D9} \x{5D1}\x{5E9}\x{5E2}\x{5EA} \x{5E2}\x{5E8}\x{5D1}\x{5D9}\x{5EA} \x{5D1}\x{5E8}\x{5D7}\x{5D5}\x{5D1}. "
            text run at (710,6) width 242 RTL: "\x{5DC}\x{5DE}\x{5D4} \x{5E2}\x{5E9}\x{5D9}\x{5EA}\x{5D9} \x{5D6}\x{5D0}\x{5EA} \x{2013} \x{5D0}\x{5D9}\x{5E0}\x{5D9} \x{5D9}\x{5D5}\x{5D3}\x{5E2} \x{5D1}\x{5E2}\x{5E6}\x{5DE}\x{5D9}. "
          RenderInline {SPAN} at (0,0) size 917x85 [border: (1px solid #0000FF) (10px solid #FFA500) (1px solid #0000FF) (10px solid #008000)]
            RenderText {#text} at (46,6) size 917x83
              text run at (46,6) width 292 RTL: "\x{5D5}\x{5D8}\x{5D7}\x{5D1}, \x{5D2}\x{5E9}\x{5DD} \x{5E9}\x{5DC} \x{5D1}\x{5E6}\x{5D9}\x{5E8} \x{5D3}\x{5E7}, \x{5E7}\x{5E8}, \x{5E2}\x{5D2}\x{5D5}\x{5DD} \x{5D5}\x{5DE}\x{5DE}\x{5D5}\x{5E9}\x{5DA}"
              text run at (35,38) width 246 RTL: "\x{5DC}\x{5E9}\x{5D4}\x{5D5}\x{5EA} \x{5D9}\x{5D5}\x{5EA}\x{5E8} \x{5D1}\x{5D7}\x{5D5}\x{5E5} \x{5DC}\x{5D0} \x{5D4}\x{5D9}\x{5D4} \x{5E0}\x{5E2}\x{5D9}\x{5DD} \x{5DB}\x{5DC}\x{5DC},"
              text run at (281,38) width 671 RTL: "\x{5D4}\x{5E1}\x{5EA}\x{5E0}\x{5DF} \x{5D1}\x{5DC}\x{5D9} \x{5D4}\x{5E4}\x{5E1}\x{5E7} \x{5DE}\x{5DC}\x{5DE}\x{5E2}\x{5DC}\x{5D4}, \x{5DB}\x{5DE}\x{5D5} \x{5DE}\x{5EA}\x{5D5}\x{5DA} \x{5E0}\x{5E4}\x{5D4} \x{5D3}\x{5E7}\x{5D4}, \x{5D5}\x{5DE}\x{5DC}\x{5DE}\x{5D8}\x{5D4} \x{5D4}\x{5EA}\x{5D1}\x{5D5}\x{5E1}\x{5E1} \x{5E8}\x{5E4}\x{5E9} \x{5D3}\x{5E7} \x{5DC}\x{5DB}\x{5DC} \x{5DE}\x{5D3}\x{5E8}\x{5DA} \x{5DB}\x{5E3} \x{5E8}\x{5D2}\x{5DC}... "
              text run at (908,70) width 44 RTL: "\x{5D5}\x{5D1}\x{5D1}\x{5D9}\x{5EA} "
          RenderText {#text} at (317,70) size 546x19
            text run at (317,70) width 546 RTL: "\x{5D4}\x{5D9}\x{5D5} \x{5E6}\x{5E4}\x{5D5}\x{5D9}\x{5D9}\x{5DD} \x{5DC}\x{5D9} \x{5D0}\x{5E8}\x{5D1}\x{5E2}\x{5EA} \x{5DB}\x{5EA}\x{5DC}\x{5D9} \x{5D7}\x{5D3}\x{5E8}\x{5D9} \x{5D4}\x{5E7}\x{5D5}\x{5D3}\x{5E8}\x{5D9}\x{5DD} \x{5D5}\x{5D4}\x{5D0}\x{5DC}\x{5DE}\x{5D9}\x{5DD} \x{5D9}\x{5D7}\x{5D3} \x{5E2}\x{5DD} \x{5D1}\x{5D3}\x{5D9}\x{5D3}\x{5D5}\x{5EA} \x{5DB}\x{5D1}\x{5D3}\x{5D4} \x{5D5}\x{5DE}\x{5E2}\x{5D9}\x{5E7}\x{5D4}"
        RenderBlock {P} at (6,134) size 952x192
          RenderText {#text} at (12,6) size 940x51
            text run at (12,6) width 751: "Lorem ipsum dolor sit amet, consectetur adipisicing elit, sed do eiusmod tempor incididunt ut "
            text run at (763,6) width 189: "labore et dolore magna"
            text run at (64,38) width 546: "aliqua. Ut enim ad minim veniam, quis nostrud exercitation ullamco "
          RenderInline {SPAN} at (0,0) size 925x117 [border: (1px solid #0000FF) (10px solid #FFA500) (1px solid #0000FF) (10px solid #008000)]
            RenderText {#text} at (610,38) size 925x115
              text run at (610,38) width 297: "laboris nisi ut aliquip ex ea commodo"
              text run at (81,70) width 416: "consequat. Duis aute irure dolor in reprehenderit in "
              text run at (497,70) width 455: "voluptate velit esse cillum dolore eu fugiat nulla pariatur."
              text run at (27,102) width 277: "Excepteur sint occaecat cupidatat "
              text run at (304,102) width 648: "non proident, sunt in culpa qui officia deserunt mollit anim id est laborum. Lorem"
              text run at (69,134) width 99: "ipsum dolor "
          RenderText {#text} at (168,134) size 784x51
            text run at (168,134) width 728: "sit amet, consectetur adipisicing elit, sed do eiusmod tempor incididunt ut labore et dolore "
            text run at (896,134) width 56: "magna"
            text run at (239,166) width 5 RTL: "."
            text run at (244,166) width 708: "aliqua. Ut enim ad minim veniam, quis nostrud exercitation ullamco laboris nisi ut aliquip"
