layer at (0,0) size 980x735
  RenderView at (0,0) size 980x735
layer at (0,0) size 980x735
  RenderBlock {HTML} at (0,0) size 980x735
    RenderBody {BODY} at (8,8) size 964x719
      RenderText {#text} at (0,0) size 0x0
layer at (28,28) size 23x37
  RenderTable {TABLE} at (20,20) size 23x37 [border: (5px outset #808080)]
    RenderTableSection {TBODY} at (5,5) size 13x27
      RenderTableRow {TR} at (0,2) size 13x23
        RenderTableCell {TD} at (2,2) size 9x23 [border: (1px inset #808080)] [r=0 c=0 rs=1 cs=1]
          RenderText {#text} at (2,2) size 5x19
            text run at (2,2) width 5: " "
