layer at (0,0) size 800x600
  RenderView at (0,0) size 800x600
layer at (0,0) size 800x600
  RenderBlock {HTML} at (0,0) size 800x600
    RenderBody {BODY} at (8,8) size 784x584
      RenderBlock (anonymous) at (0,0) size 784x14
        RenderText {#text} at (0,0) size 363x14
          text run at (0,0) width 363: "This test will try to call blur() on a contenteditable div, and then a normal div."
      RenderBlock {DIV} at (0,14) size 784x20 [border: (3px solid #000000)]
        RenderText {#text} at (3,3) size 90x14
          text run at (3,3) width 90: "contentEditable div"
      RenderBlock {DIV} at (0,34) size 784x14
        RenderText {#text} at (0,0) size 59x14
          text run at (0,0) width 59: "Test Passed."
      RenderBlock {DIV} at (0,48) size 784x0
