layer at (0,0) size 800x600
  RenderView at (0,0) size 800x600
layer at (0,0) size 800x600
  RenderBlock {HTML} at (0,0) size 800x600
    RenderBody {BODY} at (8,8) size 784x584
      RenderBlock {DIV} at (0,0) size 784x54 [border: (1px solid #FF0000)]
        RenderBlock {P} at (1,13) size 782x28
          RenderText {#text} at (0,0) size 743x28
            text run at (0,0) width 576: "This test verifies that JavaScript returns only direct descendent element nodes in the 'children' collection (an IE extension). "
            text run at (576,0) width 167: "We also verify that the 'childNodes'"
            text run at (0,14) width 350: "collection contains direct descendent nodes of any type (text, element, etc.)"
      RenderBlock {DIV} at (0,54) size 784x70
        RenderBlock {DIV} at (0,0) size 784x14
          RenderInline {B} at (0,0) size 18x14
            RenderText {#text} at (0,0) size 18x14
              text run at (0,0) width 18: "test"
          RenderText {#text} at (18,0) size 3x14
            text run at (18,0) width 3: " "
          RenderInline {U} at (0,0) size 42x14
            RenderText {#text} at (21,0) size 42x14
              text run at (21,0) width 42: "non bold"
          RenderText {#text} at (63,0) size 3x14
            text run at (63,0) width 3: " "
          RenderInline {I} at (0,0) size 23x14
            RenderText {#text} at (66,0) size 23x14
              text run at (66,0) width 23: "italic"
          RenderText {#text} at (89,0) size 19x14
            text run at (89,0) width 19: " test"
        RenderBlock {DIV} at (0,14) size 784x14
          RenderText {#text} at (0,0) size 43x14
            text run at (0,0) width 43: "plain text"
        RenderBlock {DIV} at (0,28) size 784x14
          RenderText {#text} at (0,0) size 55x14
            text run at (0,0) width 55: "another line"
        RenderBlock {DIV} at (0,42) size 784x14
          RenderText {#text} at (0,0) size 72x14
            text run at (0,0) width 72: "yet another line"
        RenderBlock {DIV} at (0,56) size 784x14
          RenderInline {SPAN} at (0,0) size 41x14
            RenderText {#text} at (0,0) size 23x14
              text run at (0,0) width 23: "fifth "
            RenderInline {B} at (0,0) size 18x14
              RenderText {#text} at (23,0) size 18x14
                text run at (23,0) width 18: "line"
      RenderBlock {DIV} at (0,124) size 784x280
        RenderBR {BR} at (0,0) size 0x14
        RenderText {#text} at (0,14) size 284x14
          text run at (0,14) width 284: "Results: children.length = 5 (should be 5 DIV nodes below)"
        RenderBR {BR} at (284,25) size 0x0
        RenderText {#text} at (0,28) size 85x14
          text run at (0,28) width 85: "  node: DIV (one)"
        RenderBR {BR} at (85,39) size 0x0
        RenderText {#text} at (0,42) size 86x14
          text run at (0,42) width 86: "  node: DIV (two)"
        RenderBR {BR} at (86,53) size 0x0
        RenderText {#text} at (0,56) size 91x14
          text run at (0,56) width 91: "  node: DIV (three)"
        RenderBR {BR} at (91,67) size 0x0
        RenderText {#text} at (0,70) size 88x14
          text run at (0,70) width 88: "  node: DIV (four)"
        RenderBR {BR} at (88,81) size 0x0
        RenderText {#text} at (0,84) size 86x14
          text run at (0,84) width 86: "  node: DIV (five)"
        RenderBR {BR} at (86,95) size 0x0
        RenderBR {BR} at (0,98) size 0x14
        RenderText {#text} at (0,112) size 246x14
          text run at (0,112) width 246: "childNodes.length = 11 (should be 11 nodes below)"
        RenderBR {BR} at (246,123) size 0x0
        RenderText {#text} at (0,126) size 116x14
          text run at (0,126) width 116: "  node: #text (undefined)"
        RenderBR {BR} at (116,137) size 0x0
        RenderText {#text} at (0,140) size 85x14
          text run at (0,140) width 85: "  node: DIV (one)"
        RenderBR {BR} at (85,151) size 0x0
        RenderText {#text} at (0,154) size 116x14
          text run at (0,154) width 116: "  node: #text (undefined)"
        RenderBR {BR} at (116,165) size 0x0
        RenderText {#text} at (0,168) size 86x14
          text run at (0,168) width 86: "  node: DIV (two)"
        RenderBR {BR} at (86,179) size 0x0
        RenderText {#text} at (0,182) size 116x14
          text run at (0,182) width 116: "  node: #text (undefined)"
        RenderBR {BR} at (116,193) size 0x0
        RenderText {#text} at (0,196) size 91x14
          text run at (0,196) width 91: "  node: DIV (three)"
        RenderBR {BR} at (91,207) size 0x0
        RenderText {#text} at (0,210) size 116x14
          text run at (0,210) width 116: "  node: #text (undefined)"
        RenderBR {BR} at (116,221) size 0x0
        RenderText {#text} at (0,224) size 88x14
          text run at (0,224) width 88: "  node: DIV (four)"
        RenderBR {BR} at (88,235) size 0x0
        RenderText {#text} at (0,238) size 116x14
          text run at (0,238) width 116: "  node: #text (undefined)"
        RenderBR {BR} at (116,249) size 0x0
        RenderText {#text} at (0,252) size 86x14
          text run at (0,252) width 86: "  node: DIV (five)"
        RenderBR {BR} at (86,263) size 0x0
        RenderText {#text} at (0,266) size 116x14
          text run at (0,266) width 116: "  node: #text (undefined)"
        RenderBR {BR} at (116,277) size 0x0
