layer at (0,0) size 838x600
  RenderView at (0,0) size 800x600
layer at (0,0) size 800x600
  RenderBlock {HTML} at (0,0) size 800x600
    RenderBody {BODY} at (8,8) size 784x584
      RenderBlock {H1} at (0,0) size 784x28
        RenderText {#text} at (0,1) size 145x26
          text run at (0,1) width 145: "Cloning nodes"
      RenderBlock {DIV} at (0,44) size 784x39 [bgcolor=#FFFF00] [border: (2px ridge #000000)]
        RenderInline {SPAN} at (0,0) size 828x33
          RenderText {#text} at (2,3) size 60x33
            text run at (2,3) width 60: "Bold"
          RenderInline {SPAN} at (0,0) size 708x33
            RenderText {#text} at (62,3) size 205x33
              text run at (62,3) width 205: "Bold+Underline"
            RenderInline {SPAN} at (0,0) size 281x33
              RenderText {#text} at (267,3) size 281x33
                text run at (267,3) width 281: "Bold+Underline+Italic"
            RenderText {#text} at (548,3) size 222x33
              text run at (548,3) width 222: "Bold+Uunderline"
          RenderText {#text} at (770,3) size 60x33
            text run at (770,3) width 60: "Bold"
        RenderText {#text} at (0,0) size 0x0
      RenderBlock (anonymous) at (0,83) size 784x14
        RenderText {#text} at (0,0) size 141x14
          text run at (0,0) width 141: "Cloned Node with deep=false"
      RenderBlock {DIV} at (0,97) size 784x39 [bgcolor=#FFFF00] [border: (2px ridge #000000)]
        RenderBR {BR} at (2,3) size 0x33
      RenderBlock (anonymous) at (0,136) size 784x14
        RenderText {#text} at (0,0) size 137x14
          text run at (0,0) width 137: "Cloned Node with deep=true"
      RenderBlock {DIV} at (0,150) size 784x39 [bgcolor=#FFFF00] [border: (2px ridge #000000)]
        RenderInline {SPAN} at (0,0) size 828x33
          RenderText {#text} at (2,3) size 60x33
            text run at (2,3) width 60: "Bold"
          RenderInline {SPAN} at (0,0) size 708x33
            RenderText {#text} at (62,3) size 205x33
              text run at (62,3) width 205: "Bold+Underline"
            RenderInline {SPAN} at (0,0) size 281x33
              RenderText {#text} at (267,3) size 281x33
                text run at (267,3) width 281: "Bold+Underline+Italic"
            RenderText {#text} at (548,3) size 222x33
              text run at (548,3) width 222: "Bold+Uunderline"
          RenderText {#text} at (770,3) size 60x33
            text run at (770,3) width 60: "Bold"
        RenderText {#text} at (0,0) size 0x0
