layer at (0,0) size 800x600
  RenderView at (0,0) size 800x600
layer at (0,0) size 800x600
  RenderBlock {HTML} at (0,0) size 800x600
    RenderBody {BODY} at (8,8) size 784x584
      RenderBlock {P} at (0,0) size 784x14
        RenderText {#text} at (0,0) size 245x14
          text run at (0,0) width 245: "The text below should say \"document type created\";"
      RenderBlock {DIV} at (0,26) size 784x14
        RenderText {#text} at (0,0) size 105x14
          text run at (0,0) width 105: "document type created"
