layer at (0,0) size 800x600
  RenderView at (0,0) size 800x600
layer at (0,0) size 800x600
  RenderBlock {HTML} at (0,0) size 800x600
    RenderBody {BODY} at (8,8) size 784x580
      RenderBlock {P} at (0,0) size 784x14
        RenderText {#text} at (0,0) size 679x14
          text run at (0,0) width 679: "This test checks to see whether setting a css value including !important on an inline style property works. The text should be green if successful."
      RenderBlock {HR} at (0,26) size 784x2 [border: (1px inset #000000)]
      RenderBlock {P} at (0,40) size 784x14 [color=#008000]
        RenderText {#text} at (0,0) size 110x14
          text run at (0,0) width 110: "This is the test element."
      RenderBlock {HR} at (0,66) size 784x2 [border: (1px inset #000000)]
      RenderBlock {OL} at (0,80) size 784x0
