layer at (0,0) size 800x600
  RenderView at (0,0) size 800x600
layer at (0,0) size 800x600
  RenderBlock {HTML} at (0,0) size 800x600
    RenderBody {BODY} at (8,8) size 784x580
      RenderBlock {FORM} at (0,0) size 784x0
      RenderBlock {FORM} at (0,0) size 784x48
        RenderBlock {HR} at (0,0) size 784x2 [border: (1px inset #000000)]
        RenderBlock (anonymous) at (0,8) size 784x32
          RenderInline {LABEL} at (0,0) size 439x14
            RenderText {#text} at (0,11) size 241x14
              text run at (0,11) width 241: "This is a searchable index. Enter search keywords: "
            RenderTextControl {INPUT} at (243,2) size 194x28 [color=#202020]
        RenderBlock {HR} at (0,46) size 784x2 [border: (1px inset #000000)]
layer at (255,24) size 187x18
  RenderBlock {DIV} at (4,6) size 187x18
