layer at (0,0) size 1018x600
  RenderView at (0,0) size 800x600
layer at (0,0) size 1018x600
  RenderBlock {HTML} at (0,0) size 1018x600
    RenderBody {BODY} at (8,8) size 1002x584
      RenderBlock {DIV} at (0,-3418) size 1002x4002 [border: (1px solid #FF0000)]
        RenderText {#text} at (1,2883) size 14x1118
          text run at (1,2883) width 1118: "BEGINddddddddddddddddddddddddddddddddddddddddddddddddddddddddddddddddddddddddddddddddddddddddddddddddddddddddddddddddddddddddddddddddddddddddddddddddddddddddddddddddddddddddddddddddEND"
