layer at (0,0) size 1000x735
  RenderView at (0,0) size 980x735
layer at (0,0) size 980x735
  RenderBlock {HTML} at (0,0) size 980x735
    RenderFrameSet {FRAMESET} at (0,0) size 1000x735
      RenderFrame {FRAME} at (0,0) size 800x735
        layer at (0,0) size 800x735
          RenderView at (0,0) size 800x735
        layer at (0,0) size 800x735
          RenderBlock {HTML} at (0,0) size 800x735
            RenderBody {BODY} at (8,8) size 784x711 [bgcolor=#008000]
              RenderBlock {P} at (0,0) size 784x19
                RenderText {#text} at (0,0) size 557x19
                  text run at (0,0) width 557: "Test for frameset flattening. The flattening only works inside the DRT."
              RenderBlock {P} at (0,35) size 784x19
                RenderText {#text} at (0,0) size 579x19
                  text run at (0,0) width 579: "This frame should be 800px wide and not be scrollable (have scrollbars)."
        layer at (0,100) size 800x1
          RenderBlock (positioned) {DIV} at (0,100) size 800x1
      RenderFrame {FRAME} at (800,0) size 200x735
        layer at (0,0) size 200x735
          RenderView at (0,0) size 200x735
        layer at (0,0) size 200x735
          RenderBlock {HTML} at (0,0) size 200x735
            RenderBody {BODY} at (8,8) size 184x719
