layer at (0,0) size 980x738
  RenderView at (0,0) size 980x735
layer at (0,0) size 980x738
  RenderBlock {HTML} at (0,0) size 980x738
    RenderFrameSet {FRAMESET} at (0,0) size 980x738
      RenderFrameSet {FRAMESET} at (0,0) size 980x150
        RenderFrame {FRAME} at (0,0) size 490x150
          layer at (0,0) size 490x150
            RenderView at (0,0) size 490x150
          layer at (0,0) size 490x150
            RenderBlock {HTML} at (0,0) size 490x150
              RenderBody {BODY} at (8,8) size 474x126 [bgcolor=#008000]
                RenderBlock {P} at (0,0) size 474x19
                  RenderText {#text} at (0,0) size 457x19
                    text run at (0,0) width 457: "A frameset flattening test that only works inside the DRT."
                RenderBlock {P} at (0,35) size 474x38
                  RenderText {#text} at (0,0) size 428x38
                    text run at (0,0) width 428: "This frame is inside frameset 1 and should be at least"
                    text run at (0,19) width 356: "450px wide, 150px tall and not be scrollable."
          layer at (0,0) size 450x50
            RenderBlock (positioned) {DIV} at (0,0) size 450x50
        RenderFrame {FRAME} at (490,0) size 490x150
          layer at (0,0) size 490x150
            RenderView at (0,0) size 490x150
          layer at (0,0) size 490x150
            RenderBlock {HTML} at (0,0) size 490x150
              RenderBody {BODY} at (8,8) size 474x126 [bgcolor=#FF0000]
                RenderBlock {P} at (0,0) size 474x38
                  RenderText {#text} at (0,0) size 428x38
                    text run at (0,0) width 428: "This frame is inside frameset 1 and should be at least"
                    text run at (0,19) width 356: "450px wide, 150px tall and not be scrollable."
          layer at (0,0) size 450x150
            RenderBlock (positioned) {DIV} at (0,0) size 450x150
      RenderFrameSet {FRAMESET} at (0,150) size 980x588
        RenderFrame {FRAME} at (0,0) size 490x588
          layer at (0,0) size 490x588
            RenderView at (0,0) size 490x588
          layer at (0,0) size 490x588
            RenderBlock {HTML} at (0,0) size 490x588
              RenderBody {BODY} at (8,8) size 474x564 [bgcolor=#FFFF00]
                RenderBlock {P} at (0,0) size 474x38
                  RenderText {#text} at (0,0) size 428x38
                    text run at (0,0) width 428: "This frame is inside frameset 2 and should be at least"
                    text run at (0,19) width 356: "450px wide, 400px tall and not be scrollable."
          layer at (0,0) size 200x450
            RenderBlock (positioned) {DIV} at (0,0) size 200x450
        RenderFrame {FRAME} at (490,0) size 490x588
          layer at (0,0) size 490x588
            RenderView at (0,0) size 490x588
          layer at (0,0) size 490x588
            RenderBlock {HTML} at (0,0) size 490x588
              RenderBody {BODY} at (8,8) size 474x564 [bgcolor=#0000FF]
                RenderBlock {P} at (0,0) size 474x38
                  RenderText {#text} at (0,0) size 428x38
                    text run at (0,0) width 428: "This frame is inside frameset 2 and should be at least"
                    text run at (0,19) width 356: "450px wide, 400px tall and not be scrollable."
          layer at (0,0) size 450x450
            RenderBlock (positioned) {DIV} at (0,0) size 450x450
