layer at (0,0) size 980x735
  RenderView at (0,0) size 980x735
layer at (0,0) size 980x735
  RenderBlock {HTML} at (0,0) size 980x735
    RenderBody {BODY} at (8,8) size 964x711 [bgcolor=#008000]
      RenderBlock {P} at (0,0) size 964x402
        RenderPartObject {IFRAME} at (0,0) size 502x402 [bgcolor=#FFFFFF] [border: (1px solid #000000)]
          layer at (0,0) size 500x400
            RenderView at (0,0) size 500x400
          layer at (0,0) size 500x235
            RenderBlock {HTML} at (0,0) size 500x235
              RenderBody {BODY} at (8,16) size 484x211
                RenderBlock {P} at (0,0) size 484x19
                  RenderText {#text} at (0,0) size 242x19
                    text run at (0,0) width 242: "This is the intermediate frame"
                RenderBlock (anonymous) at (0,35) size 484x176
                  RenderPartObject {IFRAME} at (0,0) size 252x172 [border: (1px solid #000000)]
                    layer at (0,0) size 250x170
                      RenderView at (0,0) size 250x170
                    layer at (0,0) size 250x51
                      RenderBlock {HTML} at (0,0) size 250x51
                        RenderBody {BODY} at (8,16) size 234x19 [bgcolor=#C0C0C0]
                          RenderBlock {P} at (0,0) size 234x19
                            RenderText {#text} at (0,0) size 185x19
                              text run at (0,0) width 185: "This is the inner frame."
                  RenderText {#text} at (0,0) size 0x0
