layer at (0,0) size 980x814
  RenderView at (0,0) size 980x735
layer at (0,0) size 980x814
  RenderBlock {HTML} at (0,0) size 980x814
    RenderBody {BODY} at (8,8) size 964x798 [bgcolor=#CCCCCC]
      RenderBlock {P} at (0,0) size 964x19
        RenderText {#text} at (0,0) size 451x19
          text run at (0,0) width 451: "The style declarations which apply to the text below are:"
      RenderBlock {PRE} at (0,35) size 964x165
        RenderText {#text} at (0,0) size 485x165
          text run at (0,0) width 485: "<LINK rel=\"stylesheet\" type=\"text/css\" HREF=\"../resources/linktest.css\">"
          text run at (485,0) width 0: " "
          text run at (0,15) width 116: "LI {color: purple;}"
          text run at (116,15) width 0: " "
          text run at (0,30) width 124: "UL LI {color: blue;}"
          text run at (124,30) width 0: " "
          text run at (0,45) width 140: "UL LI LI {color: gray;}"
          text run at (140,45) width 0: " "
          text run at (0,60) width 137: "LI.red {color: green;}"
          text run at (137,60) width 0: " "
          text run at (0,75) width 185: "UL LI.mar {color: #660000;}"
          text run at (185,75) width 0: " "
          text run at (0,90) width 165: "UL LI#gre {color: green;}"
          text run at (165,90) width 0: " "
          text run at (0,105) width 121: ".test {color: blue;}"
          text run at (121,105) width 0: " "
          text run at (0,120) width 134: ".test {color: purple;}"
          text run at (134,120) width 0: " "
          text run at (0,135) width 239: ".one {text-decoration: line-through;}"
          text run at (239,135) width 0: " "
          text run at (0,150) width 0: " "
      RenderBlock {HR} at (0,213) size 964x2 [border: (1px inset #000000)]
      RenderBlock {UL} at (0,231) size 964x152
        RenderListItem {LI} at (40,0) size 924x19 [color=#0000FF]
          RenderListMarker at (-18,0) size 7x19: bullet
          RenderText {#text} at (0,0) size 236x19
            text run at (0,0) width 236: "This list item should be blue..."
        RenderListItem {LI} at (40,19) size 924x76 [color=#0000FF]
          RenderBlock (anonymous) at (0,0) size 924x19
            RenderListMarker at (-18,0) size 7x19: bullet
            RenderText {#text} at (0,0) size 368x19
              text run at (0,0) width 368: "...and so should this; neither should be purple."
          RenderBlock {UL} at (0,19) size 924x57
            RenderListItem {LI} at (40,0) size 884x19 [color=#808080]
              RenderListMarker at (-18,0) size 7x19: white bullet
              RenderText {#text} at (0,0) size 238x19
                text run at (0,0) width 238: "This list item should be gray..."
            RenderListItem {LI} at (40,19) size 884x19 [color=#808080]
              RenderListMarker at (-18,0) size 7x19: white bullet
              RenderText {#text} at (0,0) size 143x19
                text run at (0,0) width 143: "...as should this...."
            RenderListItem {LI} at (40,38) size 884x19 [color=#008000]
              RenderListMarker at (-18,0) size 7x19: white bullet
              RenderText {#text} at (0,0) size 248x19
                text run at (0,0) width 248: "...but this one should be green."
        RenderListItem {LI} at (40,95) size 924x19 [color=#660000]
          RenderListMarker at (-18,0) size 7x19: bullet
          RenderText {#text} at (0,0) size 217x19
            text run at (0,0) width 217: "This ought to be dark red..."
        RenderListItem {LI} at (40,114) size 924x19 [color=#008000]
          RenderListMarker at (-18,0) size 7x19: bullet
          RenderText {#text} at (0,0) size 110x19
            text run at (0,0) width 110: "...this green..."
        RenderListItem {LI} at (40,133) size 924x19 [color=#0000FF]
          RenderListMarker at (-18,0) size 7x19: bullet
          RenderText {#text} at (0,0) size 122x19
            text run at (0,0) width 122: "...and this blue."
      RenderBlock {P} at (0,399) size 964x19 [color=#0000FF]
        RenderText {#text} at (0,0) size 341x19
          text run at (0,0) width 341: "This sentence should be blue (STYLE attr.)."
      RenderBlock {P} at (0,434) size 964x19 [color=#800080]
        RenderText {#text} at (0,0) size 259x19
          text run at (0,0) width 259: "This sentence should be purple ["
        RenderInline {CODE} at (0,0) size 81x15
          RenderText {#text} at (259,3) size 81x15
            text run at (259,3) width 81: "class=\"test\""
        RenderText {#text} at (340,0) size 11x19
          text run at (340,0) width 11: "]."
      RenderBlock {P} at (0,469) size 964x19
        RenderText {#text} at (0,0) size 857x19
          text run at (0,0) width 857: "This text should be stricken (overriding the imported underline; only works if LINKed sheets are supported)."
      RenderTable {TABLE} at (0,504) size 880x294 [border: (1px outset #808080)]
        RenderTableSection {TBODY} at (1,1) size 878x292
          RenderTableRow {TR} at (0,0) size 878x27
            RenderTableCell {TD} at (0,0) size 878x27 [bgcolor=#C0C0C0] [border: (1px inset #808080)] [r=0 c=0 rs=1 cs=2]
              RenderInline {STRONG} at (0,0) size 202x19
                RenderText {#text} at (4,4) size 202x19
                  text run at (4,4) width 202: "TABLE Testing Section"
          RenderTableRow {TR} at (0,27) size 878x265
            RenderTableCell {TD} at (0,146) size 13x27 [bgcolor=#C0C0C0] [border: (1px inset #808080)] [r=1 c=0 rs=1 cs=1]
              RenderText {#text} at (4,4) size 5x19
                text run at (4,4) width 5: " "
            RenderTableCell {TD} at (13,27) size 865x265 [border: (1px inset #808080)] [r=1 c=1 rs=1 cs=1]
              RenderBlock {UL} at (4,4) size 857x152
                RenderListItem {LI} at (40,0) size 817x19 [color=#0000FF]
                  RenderListMarker at (-18,0) size 7x19: bullet
                  RenderText {#text} at (0,0) size 236x19
                    text run at (0,0) width 236: "This list item should be blue..."
                RenderListItem {LI} at (40,19) size 817x76 [color=#0000FF]
                  RenderBlock (anonymous) at (0,0) size 817x19
                    RenderListMarker at (-18,0) size 7x19: bullet
                    RenderText {#text} at (0,0) size 368x19
                      text run at (0,0) width 368: "...and so should this; neither should be purple."
                  RenderBlock {UL} at (0,19) size 817x57
                    RenderListItem {LI} at (40,0) size 777x19 [color=#808080]
                      RenderListMarker at (-18,0) size 7x19: white bullet
                      RenderText {#text} at (0,0) size 238x19
                        text run at (0,0) width 238: "This list item should be gray..."
                    RenderListItem {LI} at (40,19) size 777x19 [color=#808080]
                      RenderListMarker at (-18,0) size 7x19: white bullet
                      RenderText {#text} at (0,0) size 143x19
                        text run at (0,0) width 143: "...as should this...."
                    RenderListItem {LI} at (40,38) size 777x19 [color=#008000]
                      RenderListMarker at (-18,0) size 7x19: white bullet
                      RenderText {#text} at (0,0) size 248x19
                        text run at (0,0) width 248: "...but this one should be green."
                RenderListItem {LI} at (40,95) size 817x19 [color=#660000]
                  RenderListMarker at (-18,0) size 7x19: bullet
                  RenderText {#text} at (0,0) size 217x19
                    text run at (0,0) width 217: "This ought to be dark red..."
                RenderListItem {LI} at (40,114) size 817x19 [color=#008000]
                  RenderListMarker at (-18,0) size 7x19: bullet
                  RenderText {#text} at (0,0) size 110x19
                    text run at (0,0) width 110: "...this green..."
                RenderListItem {LI} at (40,133) size 817x19 [color=#0000FF]
                  RenderListMarker at (-18,0) size 7x19: bullet
                  RenderText {#text} at (0,0) size 122x19
                    text run at (0,0) width 122: "...and this blue."
              RenderBlock {P} at (4,172) size 857x19 [color=#0000FF]
                RenderText {#text} at (0,0) size 341x19
                  text run at (0,0) width 341: "This sentence should be blue (STYLE attr.)."
              RenderBlock {P} at (4,207) size 857x19 [color=#800080]
                RenderText {#text} at (0,0) size 259x19
                  text run at (0,0) width 259: "This sentence should be purple ["
                RenderInline {CODE} at (0,0) size 81x15
                  RenderText {#text} at (259,3) size 81x15
                    text run at (259,3) width 81: "class=\"test\""
                RenderText {#text} at (340,0) size 11x19
                  text run at (340,0) width 11: "]."
              RenderBlock {P} at (4,242) size 857x19
                RenderText {#text} at (0,0) size 857x19
                  text run at (0,0) width 857: "This text should be stricken (overriding the imported underline; only works if LINKed sheets are supported)."
