layer at (0,0) size 800x600
  RenderView at (0,0) size 800x600
layer at (0,0) size 800x600
  RenderBlock {HTML} at (0,0) size 800x600
    RenderBody {BODY} at (0,0) size 800x600
      RenderBlock {DETAILS} at (0,0) size 800x14
        RenderBlock {SUMMARY} at (0,0) size 800x14
          RenderText {#text} at (0,0) size 53x14
            text run at (0,0) width 53: "summary 1"
caret: position 0 of child 0 {#text} of child 1 {SUMMARY} of child 1 {DETAILS} of body
