layer at (0,0) size 800x600
  RenderView at (0,0) size 800x600
layer at (0,0) size 800x600
  RenderBlock {HTML} at (0,0) size 800x600
    RenderBody {BODY} at (8,8) size 784x584
      RenderBlock {DETAILS} at (0,0) size 784x47
        RenderBlock (anonymous) at (0,0) size 784x33
          RenderTextControl {INPUT} at (2,2) size 195x29 [color=#202020]
          RenderText {#text} at (0,0) size 0x0
        RenderBlock {SUMMARY} at (0,33) size 784x14
          RenderText {#text} at (0,0) size 44x14
            text run at (0,0) width 44: "summary"
layer at (14,16) size 188x19
  RenderBlock {DIV} at (4,6) size 188x19
