layer at (0,0) size 800x600
  RenderView at (0,0) size 800x600
layer at (0,0) size 800x600
  RenderBlock {HTML} at (0,0) size 800x600
    RenderBody {BODY} at (8,8) size 784x584
      RenderBlock {DETAILS} at (0,0) size 784x104 [border: (6px solid #555599)]
        RenderBlock {SUMMARY} at (6,6) size 772x26 [border: (6px solid #9999CC)]
          RenderText {#text} at (6,6) size 44x14
            text run at (6,6) width 44: "summary"
        RenderBlock {DETAILS} at (6,32) size 772x52 [border: (6px solid #995555)]
          RenderBlock {SUMMARY} at (6,6) size 760x26 [border: (6px solid #CC9999)]
            RenderText {#text} at (6,6) size 197x14
              text run at (6,6) width 197: "nested summary (details-deails-summary)"
          RenderBlock (anonymous) at (6,32) size 760x14
            RenderText {#text} at (0,0) size 135x14
              text run at (0,0) width 135: "nested details (details-deails)"
        RenderBlock (anonymous) at (6,84) size 772x14
          RenderText {#text} at (0,0) size 30x14
            text run at (0,0) width 30: "details"
