layer at (0,0) size 800x1418
  RenderView at (0,0) size 800x600
layer at (0,0) size 800x1418
  RenderBlock {HTML} at (0,0) size 800x1418
    RenderBody {BODY} at (8,8) size 784x1402
      RenderTable {TABLE} at (0,0) size 593x340 [border: (1px outset #808080)]
        RenderTableSection {TBODY} at (1,1) size 591x338
          RenderTableRow {TR} at (0,2) size 591x26
            RenderTableCell {TH} at (2,2) size 587x26 [border: (1px inset #808080)] [r=0 c=0 rs=1 cs=6]
              RenderText {#text} at (236,6) size 115x14
                text run at (236,6) width 115: "text-align not specified"
          RenderTableRow {TR} at (0,30) size 591x26
            RenderTableCell {TH} at (2,44) size 83x26 [border: (1px inset #808080)] [r=1 c=0 rs=2 cs=2]
              RenderText {#text} at (40,6) size 3x14
                text run at (40,6) width 3: " "
            RenderTableCell {TH} at (87,30) size 502x26 [border: (1px inset #808080)] [r=1 c=2 rs=1 cs=4]
              RenderText {#text} at (195,6) size 112x14
                text run at (195,6) width 112: "-webkit-writing-mode"
          RenderTableRow {TR} at (0,58) size 591x26
            RenderTableCell {TH} at (87,58) size 124x26 [border: (1px inset #808080)] [r=2 c=2 rs=1 cs=1]
              RenderText {#text} at (28,6) size 68x14
                text run at (28,6) width 68: "horizontal-tb"
            RenderTableCell {TH} at (213,58) size 124x26 [border: (1px inset #808080)] [r=2 c=3 rs=1 cs=1]
              RenderText {#text} at (28,6) size 68x14
                text run at (28,6) width 68: "horizontal-bt"
            RenderTableCell {TH} at (339,58) size 124x26 [border: (1px inset #808080)] [r=2 c=4 rs=1 cs=1]
              RenderText {#text} at (37,6) size 50x14
                text run at (37,6) width 50: "vertical-lr"
            RenderTableCell {TH} at (465,58) size 124x26 [border: (1px inset #808080)] [r=2 c=5 rs=1 cs=1]
              RenderText {#text} at (37,6) size 50x14
                text run at (37,6) width 50: "vertical-rl"
          RenderTableRow {TR} at (0,86) size 591x124
            RenderTableCell {TH} at (2,198) size 57x26 [border: (1px inset #808080)] [r=3 c=0 rs=4 cs=1]
              RenderText {#text} at (6,6) size 45x14
                text run at (6,6) width 45: "direction"
            RenderTableCell {TH} at (61,135) size 24x26 [border: (1px inset #808080)] [r=3 c=1 rs=1 cs=1]
              RenderText {#text} at (6,6) size 12x14
                text run at (6,6) width 12: "ltr"
            RenderTableCell {TD} at (87,86) size 124x124 [border: (1px solid #000000)] [r=3 c=2 rs=1 cs=1]
              RenderBlock {DIV} at (2,2) size 120x120
                RenderBlock {DETAILS} at (0,0) size 120x14
                  RenderBlock {SUMMARY} at (0,0) size 120x14
                    RenderText {#text} at (0,0) size 44x14
                      text run at (0,0) width 44: "summary"
                RenderBlock {DETAILS} at (0,14) size 120x14
                  RenderBlock {SUMMARY} at (0,0) size 120x14
                    RenderText {#text} at (0,0) size 44x14
                      text run at (0,0) width 44: "summary"
            RenderTableCell {TD} at (213,86) size 124x124 [border: (1px solid #000000)] [r=3 c=3 rs=1 cs=1]
              RenderBlock {DIV} at (2,2) size 120x120
                RenderBlock {DETAILS} at (0,0) size 120x14
                  RenderBlock {SUMMARY} at (0,0) size 120x14
                    RenderText {#text} at (0,0) size 44x14
                      text run at (0,0) width 44: "summary"
                RenderBlock {DETAILS} at (0,14) size 120x14
                  RenderBlock {SUMMARY} at (0,0) size 120x14
                    RenderText {#text} at (0,0) size 44x14
                      text run at (0,0) width 44: "summary"
            RenderTableCell {TD} at (339,86) size 124x124 [border: (1px solid #000000)] [r=3 c=4 rs=1 cs=1]
              RenderBlock {DIV} at (2,2) size 120x120
                RenderBlock {DETAILS} at (0,0) size 14x120
                  RenderBlock {SUMMARY} at (0,0) size 14x120
                    RenderText {#text} at (0,0) size 14x44
                      text run at (0,0) width 44: "summary"
                RenderBlock {DETAILS} at (14,0) size 14x120
                  RenderBlock {SUMMARY} at (0,0) size 14x120
                    RenderText {#text} at (0,0) size 14x44
                      text run at (0,0) width 44: "summary"
            RenderTableCell {TD} at (465,86) size 124x124 [border: (1px solid #000000)] [r=3 c=5 rs=1 cs=1]
              RenderBlock {DIV} at (2,2) size 120x120
                RenderBlock {DETAILS} at (0,0) size 14x120
                  RenderBlock {SUMMARY} at (0,0) size 14x120
                    RenderText {#text} at (0,0) size 14x44
                      text run at (0,0) width 44: "summary"
                RenderBlock {DETAILS} at (14,0) size 14x120
                  RenderBlock {SUMMARY} at (0,0) size 14x120
                    RenderText {#text} at (0,0) size 14x44
                      text run at (0,0) width 44: "summary"
          RenderTableRow {TR} at (0,212) size 591x124
            RenderTableCell {TH} at (61,261) size 24x26 [border: (1px inset #808080)] [r=4 c=1 rs=1 cs=1]
              RenderText {#text} at (6,6) size 12x14
                text run at (6,6) width 12: "rtl"
            RenderTableCell {TD} at (87,212) size 124x124 [border: (1px solid #000000)] [r=4 c=2 rs=1 cs=1]
              RenderBlock {DIV} at (2,2) size 120x120
                RenderBlock {DETAILS} at (0,0) size 120x14
                  RenderBlock {SUMMARY} at (0,0) size 120x14
                    RenderText {#text} at (76,0) size 44x14
                      text run at (76,0) width 44: "summary"
                RenderBlock {DETAILS} at (0,14) size 120x14
                  RenderBlock {SUMMARY} at (0,0) size 120x14
                    RenderText {#text} at (76,0) size 44x14
                      text run at (76,0) width 44: "summary"
            RenderTableCell {TD} at (213,212) size 124x124 [border: (1px solid #000000)] [r=4 c=3 rs=1 cs=1]
              RenderBlock {DIV} at (2,2) size 120x120
                RenderBlock {DETAILS} at (0,0) size 120x14
                  RenderBlock {SUMMARY} at (0,0) size 120x14
                    RenderText {#text} at (76,0) size 44x14
                      text run at (76,0) width 44: "summary"
                RenderBlock {DETAILS} at (0,14) size 120x14
                  RenderBlock {SUMMARY} at (0,0) size 120x14
                    RenderText {#text} at (76,0) size 44x14
                      text run at (76,0) width 44: "summary"
            RenderTableCell {TD} at (339,212) size 124x124 [border: (1px solid #000000)] [r=4 c=4 rs=1 cs=1]
              RenderBlock {DIV} at (2,2) size 120x120
                RenderBlock {DETAILS} at (0,0) size 14x120
                  RenderBlock {SUMMARY} at (0,0) size 14x120
                    RenderText {#text} at (0,76) size 14x44
                      text run at (0,76) width 44: "summary"
                RenderBlock {DETAILS} at (14,0) size 14x120
                  RenderBlock {SUMMARY} at (0,0) size 14x120
                    RenderText {#text} at (0,76) size 14x44
                      text run at (0,76) width 44: "summary"
            RenderTableCell {TD} at (465,212) size 124x124 [border: (1px solid #000000)] [r=4 c=5 rs=1 cs=1]
              RenderBlock {DIV} at (2,2) size 120x120
                RenderBlock {DETAILS} at (0,0) size 14x120
                  RenderBlock {SUMMARY} at (0,0) size 14x120
                    RenderText {#text} at (0,76) size 14x44
                      text run at (0,76) width 44: "summary"
                RenderBlock {DETAILS} at (14,0) size 14x120
                  RenderBlock {SUMMARY} at (0,0) size 14x120
                    RenderText {#text} at (0,76) size 14x44
                      text run at (0,76) width 44: "summary"
      RenderBlock (anonymous) at (0,340) size 784x14
        RenderBR {BR} at (0,0) size 0x14
      RenderTable {TABLE} at (0,354) size 593x340 [border: (1px outset #808080)]
        RenderTableSection {TBODY} at (1,1) size 591x338
          RenderTableRow {TR} at (0,2) size 591x26
            RenderTableCell {TH} at (2,2) size 587x26 [border: (1px inset #808080)] [r=0 c=0 rs=1 cs=6]
              RenderText {#text} at (258,6) size 71x14
                text run at (258,6) width 71: "text-align: left"
          RenderTableRow {TR} at (0,30) size 591x26
            RenderTableCell {TH} at (2,44) size 83x26 [border: (1px inset #808080)] [r=1 c=0 rs=2 cs=2]
              RenderText {#text} at (40,6) size 3x14
                text run at (40,6) width 3: " "
            RenderTableCell {TH} at (87,30) size 502x26 [border: (1px inset #808080)] [r=1 c=2 rs=1 cs=4]
              RenderText {#text} at (195,6) size 112x14
                text run at (195,6) width 112: "-webkit-writing-mode"
          RenderTableRow {TR} at (0,58) size 591x26
            RenderTableCell {TH} at (87,58) size 124x26 [border: (1px inset #808080)] [r=2 c=2 rs=1 cs=1]
              RenderText {#text} at (28,6) size 68x14
                text run at (28,6) width 68: "horizontal-tb"
            RenderTableCell {TH} at (213,58) size 124x26 [border: (1px inset #808080)] [r=2 c=3 rs=1 cs=1]
              RenderText {#text} at (28,6) size 68x14
                text run at (28,6) width 68: "horizontal-bt"
            RenderTableCell {TH} at (339,58) size 124x26 [border: (1px inset #808080)] [r=2 c=4 rs=1 cs=1]
              RenderText {#text} at (37,6) size 50x14
                text run at (37,6) width 50: "vertical-lr"
            RenderTableCell {TH} at (465,58) size 124x26 [border: (1px inset #808080)] [r=2 c=5 rs=1 cs=1]
              RenderText {#text} at (37,6) size 50x14
                text run at (37,6) width 50: "vertical-rl"
          RenderTableRow {TR} at (0,86) size 591x124
            RenderTableCell {TH} at (2,198) size 57x26 [border: (1px inset #808080)] [r=3 c=0 rs=4 cs=1]
              RenderText {#text} at (6,6) size 45x14
                text run at (6,6) width 45: "direction"
            RenderTableCell {TH} at (61,135) size 24x26 [border: (1px inset #808080)] [r=3 c=1 rs=1 cs=1]
              RenderText {#text} at (6,6) size 12x14
                text run at (6,6) width 12: "ltr"
            RenderTableCell {TD} at (87,86) size 124x124 [border: (1px solid #000000)] [r=3 c=2 rs=1 cs=1]
              RenderBlock {DIV} at (2,2) size 120x120
                RenderBlock {DETAILS} at (0,0) size 120x14
                  RenderBlock {SUMMARY} at (0,0) size 120x14
                    RenderText {#text} at (0,0) size 44x14
                      text run at (0,0) width 44: "summary"
                RenderBlock {DETAILS} at (0,14) size 120x14
                  RenderBlock {SUMMARY} at (0,0) size 120x14
                    RenderText {#text} at (0,0) size 44x14
                      text run at (0,0) width 44: "summary"
            RenderTableCell {TD} at (213,86) size 124x124 [border: (1px solid #000000)] [r=3 c=3 rs=1 cs=1]
              RenderBlock {DIV} at (2,2) size 120x120
                RenderBlock {DETAILS} at (0,0) size 120x14
                  RenderBlock {SUMMARY} at (0,0) size 120x14
                    RenderText {#text} at (0,0) size 44x14
                      text run at (0,0) width 44: "summary"
                RenderBlock {DETAILS} at (0,14) size 120x14
                  RenderBlock {SUMMARY} at (0,0) size 120x14
                    RenderText {#text} at (0,0) size 44x14
                      text run at (0,0) width 44: "summary"
            RenderTableCell {TD} at (339,86) size 124x124 [border: (1px solid #000000)] [r=3 c=4 rs=1 cs=1]
              RenderBlock {DIV} at (2,2) size 120x120
                RenderBlock {DETAILS} at (0,0) size 14x120
                  RenderBlock {SUMMARY} at (0,0) size 14x120
                    RenderText {#text} at (0,0) size 14x44
                      text run at (0,0) width 44: "summary"
                RenderBlock {DETAILS} at (14,0) size 14x120
                  RenderBlock {SUMMARY} at (0,0) size 14x120
                    RenderText {#text} at (0,0) size 14x44
                      text run at (0,0) width 44: "summary"
            RenderTableCell {TD} at (465,86) size 124x124 [border: (1px solid #000000)] [r=3 c=5 rs=1 cs=1]
              RenderBlock {DIV} at (2,2) size 120x120
                RenderBlock {DETAILS} at (0,0) size 14x120
                  RenderBlock {SUMMARY} at (0,0) size 14x120
                    RenderText {#text} at (0,0) size 14x44
                      text run at (0,0) width 44: "summary"
                RenderBlock {DETAILS} at (14,0) size 14x120
                  RenderBlock {SUMMARY} at (0,0) size 14x120
                    RenderText {#text} at (0,0) size 14x44
                      text run at (0,0) width 44: "summary"
          RenderTableRow {TR} at (0,212) size 591x124
            RenderTableCell {TH} at (61,261) size 24x26 [border: (1px inset #808080)] [r=4 c=1 rs=1 cs=1]
              RenderText {#text} at (6,6) size 12x14
                text run at (6,6) width 12: "rtl"
            RenderTableCell {TD} at (87,212) size 124x124 [border: (1px solid #000000)] [r=4 c=2 rs=1 cs=1]
              RenderBlock {DIV} at (2,2) size 120x120
                RenderBlock {DETAILS} at (0,0) size 120x14
                  RenderBlock {SUMMARY} at (0,0) size 120x14
                    RenderText {#text} at (0,0) size 44x14
                      text run at (0,0) width 44: "summary"
                RenderBlock {DETAILS} at (0,14) size 120x14
                  RenderBlock {SUMMARY} at (0,0) size 120x14
                    RenderText {#text} at (0,0) size 44x14
                      text run at (0,0) width 44: "summary"
            RenderTableCell {TD} at (213,212) size 124x124 [border: (1px solid #000000)] [r=4 c=3 rs=1 cs=1]
              RenderBlock {DIV} at (2,2) size 120x120
                RenderBlock {DETAILS} at (0,0) size 120x14
                  RenderBlock {SUMMARY} at (0,0) size 120x14
                    RenderText {#text} at (0,0) size 44x14
                      text run at (0,0) width 44: "summary"
                RenderBlock {DETAILS} at (0,14) size 120x14
                  RenderBlock {SUMMARY} at (0,0) size 120x14
                    RenderText {#text} at (0,0) size 44x14
                      text run at (0,0) width 44: "summary"
            RenderTableCell {TD} at (339,212) size 124x124 [border: (1px solid #000000)] [r=4 c=4 rs=1 cs=1]
              RenderBlock {DIV} at (2,2) size 120x120
                RenderBlock {DETAILS} at (0,0) size 14x120
                  RenderBlock {SUMMARY} at (0,0) size 14x120
                    RenderText {#text} at (0,0) size 14x44
                      text run at (0,0) width 44: "summary"
                RenderBlock {DETAILS} at (14,0) size 14x120
                  RenderBlock {SUMMARY} at (0,0) size 14x120
                    RenderText {#text} at (0,0) size 14x44
                      text run at (0,0) width 44: "summary"
            RenderTableCell {TD} at (465,212) size 124x124 [border: (1px solid #000000)] [r=4 c=5 rs=1 cs=1]
              RenderBlock {DIV} at (2,2) size 120x120
                RenderBlock {DETAILS} at (0,0) size 14x120
                  RenderBlock {SUMMARY} at (0,0) size 14x120
                    RenderText {#text} at (0,0) size 14x44
                      text run at (0,0) width 44: "summary"
                RenderBlock {DETAILS} at (14,0) size 14x120
                  RenderBlock {SUMMARY} at (0,0) size 14x120
                    RenderText {#text} at (0,0) size 14x44
                      text run at (0,0) width 44: "summary"
      RenderBlock (anonymous) at (0,694) size 784x14
        RenderBR {BR} at (0,0) size 0x14
      RenderTable {TABLE} at (0,708) size 593x340 [border: (1px outset #808080)]
        RenderTableSection {TBODY} at (1,1) size 591x338
          RenderTableRow {TR} at (0,2) size 591x26
            RenderTableCell {TH} at (2,2) size 587x26 [border: (1px inset #808080)] [r=0 c=0 rs=1 cs=6]
              RenderText {#text} at (250,6) size 87x14
                text run at (250,6) width 87: "text-align: center"
          RenderTableRow {TR} at (0,30) size 591x26
            RenderTableCell {TH} at (2,44) size 83x26 [border: (1px inset #808080)] [r=1 c=0 rs=2 cs=2]
              RenderText {#text} at (40,6) size 3x14
                text run at (40,6) width 3: " "
            RenderTableCell {TH} at (87,30) size 502x26 [border: (1px inset #808080)] [r=1 c=2 rs=1 cs=4]
              RenderText {#text} at (195,6) size 112x14
                text run at (195,6) width 112: "-webkit-writing-mode"
          RenderTableRow {TR} at (0,58) size 591x26
            RenderTableCell {TH} at (87,58) size 124x26 [border: (1px inset #808080)] [r=2 c=2 rs=1 cs=1]
              RenderText {#text} at (28,6) size 68x14
                text run at (28,6) width 68: "horizontal-tb"
            RenderTableCell {TH} at (213,58) size 124x26 [border: (1px inset #808080)] [r=2 c=3 rs=1 cs=1]
              RenderText {#text} at (28,6) size 68x14
                text run at (28,6) width 68: "horizontal-bt"
            RenderTableCell {TH} at (339,58) size 124x26 [border: (1px inset #808080)] [r=2 c=4 rs=1 cs=1]
              RenderText {#text} at (37,6) size 50x14
                text run at (37,6) width 50: "vertical-lr"
            RenderTableCell {TH} at (465,58) size 124x26 [border: (1px inset #808080)] [r=2 c=5 rs=1 cs=1]
              RenderText {#text} at (37,6) size 50x14
                text run at (37,6) width 50: "vertical-rl"
          RenderTableRow {TR} at (0,86) size 591x124
            RenderTableCell {TH} at (2,198) size 57x26 [border: (1px inset #808080)] [r=3 c=0 rs=4 cs=1]
              RenderText {#text} at (6,6) size 45x14
                text run at (6,6) width 45: "direction"
            RenderTableCell {TH} at (61,135) size 24x26 [border: (1px inset #808080)] [r=3 c=1 rs=1 cs=1]
              RenderText {#text} at (6,6) size 12x14
                text run at (6,6) width 12: "ltr"
            RenderTableCell {TD} at (87,86) size 124x124 [border: (1px solid #000000)] [r=3 c=2 rs=1 cs=1]
              RenderBlock {DIV} at (2,2) size 120x120
                RenderBlock {DETAILS} at (0,0) size 120x14
                  RenderBlock {SUMMARY} at (0,0) size 120x14
                    RenderText {#text} at (38,0) size 44x14
                      text run at (38,0) width 44: "summary"
                RenderBlock {DETAILS} at (0,14) size 120x14
                  RenderBlock {SUMMARY} at (0,0) size 120x14
                    RenderText {#text} at (38,0) size 44x14
                      text run at (38,0) width 44: "summary"
            RenderTableCell {TD} at (213,86) size 124x124 [border: (1px solid #000000)] [r=3 c=3 rs=1 cs=1]
              RenderBlock {DIV} at (2,2) size 120x120
                RenderBlock {DETAILS} at (0,0) size 120x14
                  RenderBlock {SUMMARY} at (0,0) size 120x14
                    RenderText {#text} at (38,0) size 44x14
                      text run at (38,0) width 44: "summary"
                RenderBlock {DETAILS} at (0,14) size 120x14
                  RenderBlock {SUMMARY} at (0,0) size 120x14
                    RenderText {#text} at (38,0) size 44x14
                      text run at (38,0) width 44: "summary"
            RenderTableCell {TD} at (339,86) size 124x124 [border: (1px solid #000000)] [r=3 c=4 rs=1 cs=1]
              RenderBlock {DIV} at (2,2) size 120x120
                RenderBlock {DETAILS} at (0,0) size 14x120
                  RenderBlock {SUMMARY} at (0,0) size 14x120
                    RenderText {#text} at (0,38) size 14x44
                      text run at (0,38) width 44: "summary"
                RenderBlock {DETAILS} at (14,0) size 14x120
                  RenderBlock {SUMMARY} at (0,0) size 14x120
                    RenderText {#text} at (0,38) size 14x44
                      text run at (0,38) width 44: "summary"
            RenderTableCell {TD} at (465,86) size 124x124 [border: (1px solid #000000)] [r=3 c=5 rs=1 cs=1]
              RenderBlock {DIV} at (2,2) size 120x120
                RenderBlock {DETAILS} at (0,0) size 14x120
                  RenderBlock {SUMMARY} at (0,0) size 14x120
                    RenderText {#text} at (0,38) size 14x44
                      text run at (0,38) width 44: "summary"
                RenderBlock {DETAILS} at (14,0) size 14x120
                  RenderBlock {SUMMARY} at (0,0) size 14x120
                    RenderText {#text} at (0,38) size 14x44
                      text run at (0,38) width 44: "summary"
          RenderTableRow {TR} at (0,212) size 591x124
            RenderTableCell {TH} at (61,261) size 24x26 [border: (1px inset #808080)] [r=4 c=1 rs=1 cs=1]
              RenderText {#text} at (6,6) size 12x14
                text run at (6,6) width 12: "rtl"
            RenderTableCell {TD} at (87,212) size 124x124 [border: (1px solid #000000)] [r=4 c=2 rs=1 cs=1]
              RenderBlock {DIV} at (2,2) size 120x120
                RenderBlock {DETAILS} at (0,0) size 120x14
                  RenderBlock {SUMMARY} at (0,0) size 120x14
                    RenderText {#text} at (38,0) size 44x14
                      text run at (38,0) width 44: "summary"
                RenderBlock {DETAILS} at (0,14) size 120x14
                  RenderBlock {SUMMARY} at (0,0) size 120x14
                    RenderText {#text} at (38,0) size 44x14
                      text run at (38,0) width 44: "summary"
            RenderTableCell {TD} at (213,212) size 124x124 [border: (1px solid #000000)] [r=4 c=3 rs=1 cs=1]
              RenderBlock {DIV} at (2,2) size 120x120
                RenderBlock {DETAILS} at (0,0) size 120x14
                  RenderBlock {SUMMARY} at (0,0) size 120x14
                    RenderText {#text} at (38,0) size 44x14
                      text run at (38,0) width 44: "summary"
                RenderBlock {DETAILS} at (0,14) size 120x14
                  RenderBlock {SUMMARY} at (0,0) size 120x14
                    RenderText {#text} at (38,0) size 44x14
                      text run at (38,0) width 44: "summary"
            RenderTableCell {TD} at (339,212) size 124x124 [border: (1px solid #000000)] [r=4 c=4 rs=1 cs=1]
              RenderBlock {DIV} at (2,2) size 120x120
                RenderBlock {DETAILS} at (0,0) size 14x120
                  RenderBlock {SUMMARY} at (0,0) size 14x120
                    RenderText {#text} at (0,38) size 14x44
                      text run at (0,38) width 44: "summary"
                RenderBlock {DETAILS} at (14,0) size 14x120
                  RenderBlock {SUMMARY} at (0,0) size 14x120
                    RenderText {#text} at (0,38) size 14x44
                      text run at (0,38) width 44: "summary"
            RenderTableCell {TD} at (465,212) size 124x124 [border: (1px solid #000000)] [r=4 c=5 rs=1 cs=1]
              RenderBlock {DIV} at (2,2) size 120x120
                RenderBlock {DETAILS} at (0,0) size 14x120
                  RenderBlock {SUMMARY} at (0,0) size 14x120
                    RenderText {#text} at (0,38) size 14x44
                      text run at (0,38) width 44: "summary"
                RenderBlock {DETAILS} at (14,0) size 14x120
                  RenderBlock {SUMMARY} at (0,0) size 14x120
                    RenderText {#text} at (0,38) size 14x44
                      text run at (0,38) width 44: "summary"
      RenderBlock (anonymous) at (0,1048) size 784x14
        RenderBR {BR} at (0,0) size 0x14
      RenderTable {TABLE} at (0,1062) size 593x340 [border: (1px outset #808080)]
        RenderTableSection {TBODY} at (1,1) size 591x338
          RenderTableRow {TR} at (0,2) size 591x26
            RenderTableCell {TH} at (2,2) size 587x26 [border: (1px inset #808080)] [r=0 c=0 rs=1 cs=6]
              RenderText {#text} at (253,6) size 81x14
                text run at (253,6) width 81: "text-align: right"
          RenderTableRow {TR} at (0,30) size 591x26
            RenderTableCell {TH} at (2,44) size 83x26 [border: (1px inset #808080)] [r=1 c=0 rs=2 cs=2]
              RenderText {#text} at (40,6) size 3x14
                text run at (40,6) width 3: " "
            RenderTableCell {TH} at (87,30) size 502x26 [border: (1px inset #808080)] [r=1 c=2 rs=1 cs=4]
              RenderText {#text} at (195,6) size 112x14
                text run at (195,6) width 112: "-webkit-writing-mode"
          RenderTableRow {TR} at (0,58) size 591x26
            RenderTableCell {TH} at (87,58) size 124x26 [border: (1px inset #808080)] [r=2 c=2 rs=1 cs=1]
              RenderText {#text} at (28,6) size 68x14
                text run at (28,6) width 68: "horizontal-tb"
            RenderTableCell {TH} at (213,58) size 124x26 [border: (1px inset #808080)] [r=2 c=3 rs=1 cs=1]
              RenderText {#text} at (28,6) size 68x14
                text run at (28,6) width 68: "horizontal-bt"
            RenderTableCell {TH} at (339,58) size 124x26 [border: (1px inset #808080)] [r=2 c=4 rs=1 cs=1]
              RenderText {#text} at (37,6) size 50x14
                text run at (37,6) width 50: "vertical-lr"
            RenderTableCell {TH} at (465,58) size 124x26 [border: (1px inset #808080)] [r=2 c=5 rs=1 cs=1]
              RenderText {#text} at (37,6) size 50x14
                text run at (37,6) width 50: "vertical-rl"
          RenderTableRow {TR} at (0,86) size 591x124
            RenderTableCell {TH} at (2,198) size 57x26 [border: (1px inset #808080)] [r=3 c=0 rs=4 cs=1]
              RenderText {#text} at (6,6) size 45x14
                text run at (6,6) width 45: "direction"
            RenderTableCell {TH} at (61,135) size 24x26 [border: (1px inset #808080)] [r=3 c=1 rs=1 cs=1]
              RenderText {#text} at (6,6) size 12x14
                text run at (6,6) width 12: "ltr"
            RenderTableCell {TD} at (87,86) size 124x124 [border: (1px solid #000000)] [r=3 c=2 rs=1 cs=1]
              RenderBlock {DIV} at (2,2) size 120x120
                RenderBlock {DETAILS} at (0,0) size 120x14
                  RenderBlock {SUMMARY} at (0,0) size 120x14
                    RenderText {#text} at (76,0) size 44x14
                      text run at (76,0) width 44: "summary"
                RenderBlock {DETAILS} at (0,14) size 120x14
                  RenderBlock {SUMMARY} at (0,0) size 120x14
                    RenderText {#text} at (76,0) size 44x14
                      text run at (76,0) width 44: "summary"
            RenderTableCell {TD} at (213,86) size 124x124 [border: (1px solid #000000)] [r=3 c=3 rs=1 cs=1]
              RenderBlock {DIV} at (2,2) size 120x120
                RenderBlock {DETAILS} at (0,0) size 120x14
                  RenderBlock {SUMMARY} at (0,0) size 120x14
                    RenderText {#text} at (76,0) size 44x14
                      text run at (76,0) width 44: "summary"
                RenderBlock {DETAILS} at (0,14) size 120x14
                  RenderBlock {SUMMARY} at (0,0) size 120x14
                    RenderText {#text} at (76,0) size 44x14
                      text run at (76,0) width 44: "summary"
            RenderTableCell {TD} at (339,86) size 124x124 [border: (1px solid #000000)] [r=3 c=4 rs=1 cs=1]
              RenderBlock {DIV} at (2,2) size 120x120
                RenderBlock {DETAILS} at (0,0) size 14x120
                  RenderBlock {SUMMARY} at (0,0) size 14x120
                    RenderText {#text} at (0,76) size 14x44
                      text run at (0,76) width 44: "summary"
                RenderBlock {DETAILS} at (14,0) size 14x120
                  RenderBlock {SUMMARY} at (0,0) size 14x120
                    RenderText {#text} at (0,76) size 14x44
                      text run at (0,76) width 44: "summary"
            RenderTableCell {TD} at (465,86) size 124x124 [border: (1px solid #000000)] [r=3 c=5 rs=1 cs=1]
              RenderBlock {DIV} at (2,2) size 120x120
                RenderBlock {DETAILS} at (0,0) size 14x120
                  RenderBlock {SUMMARY} at (0,0) size 14x120
                    RenderText {#text} at (0,76) size 14x44
                      text run at (0,76) width 44: "summary"
                RenderBlock {DETAILS} at (14,0) size 14x120
                  RenderBlock {SUMMARY} at (0,0) size 14x120
                    RenderText {#text} at (0,76) size 14x44
                      text run at (0,76) width 44: "summary"
          RenderTableRow {TR} at (0,212) size 591x124
            RenderTableCell {TH} at (61,261) size 24x26 [border: (1px inset #808080)] [r=4 c=1 rs=1 cs=1]
              RenderText {#text} at (6,6) size 12x14
                text run at (6,6) width 12: "rtl"
            RenderTableCell {TD} at (87,212) size 124x124 [border: (1px solid #000000)] [r=4 c=2 rs=1 cs=1]
              RenderBlock {DIV} at (2,2) size 120x120
                RenderBlock {DETAILS} at (0,0) size 120x14
                  RenderBlock {SUMMARY} at (0,0) size 120x14
                    RenderText {#text} at (76,0) size 44x14
                      text run at (76,0) width 44: "summary"
                RenderBlock {DETAILS} at (0,14) size 120x14
                  RenderBlock {SUMMARY} at (0,0) size 120x14
                    RenderText {#text} at (76,0) size 44x14
                      text run at (76,0) width 44: "summary"
            RenderTableCell {TD} at (213,212) size 124x124 [border: (1px solid #000000)] [r=4 c=3 rs=1 cs=1]
              RenderBlock {DIV} at (2,2) size 120x120
                RenderBlock {DETAILS} at (0,0) size 120x14
                  RenderBlock {SUMMARY} at (0,0) size 120x14
                    RenderText {#text} at (76,0) size 44x14
                      text run at (76,0) width 44: "summary"
                RenderBlock {DETAILS} at (0,14) size 120x14
                  RenderBlock {SUMMARY} at (0,0) size 120x14
                    RenderText {#text} at (76,0) size 44x14
                      text run at (76,0) width 44: "summary"
            RenderTableCell {TD} at (339,212) size 124x124 [border: (1px solid #000000)] [r=4 c=4 rs=1 cs=1]
              RenderBlock {DIV} at (2,2) size 120x120
                RenderBlock {DETAILS} at (0,0) size 14x120
                  RenderBlock {SUMMARY} at (0,0) size 14x120
                    RenderText {#text} at (0,76) size 14x44
                      text run at (0,76) width 44: "summary"
                RenderBlock {DETAILS} at (14,0) size 14x120
                  RenderBlock {SUMMARY} at (0,0) size 14x120
                    RenderText {#text} at (0,76) size 14x44
                      text run at (0,76) width 44: "summary"
            RenderTableCell {TD} at (465,212) size 124x124 [border: (1px solid #000000)] [r=4 c=5 rs=1 cs=1]
              RenderBlock {DIV} at (2,2) size 120x120
                RenderBlock {DETAILS} at (0,0) size 14x120
                  RenderBlock {SUMMARY} at (0,0) size 14x120
                    RenderText {#text} at (0,76) size 14x44
                      text run at (0,76) width 44: "summary"
                RenderBlock {DETAILS} at (14,0) size 14x120
                  RenderBlock {SUMMARY} at (0,0) size 14x120
                    RenderText {#text} at (0,76) size 14x44
                      text run at (0,76) width 44: "summary"
