layer at (0,0) size 800x600
  RenderView at (0,0) size 800x600
layer at (0,0) size 800x600
  RenderBlock {HTML} at (0,0) size 800x600
    RenderBody {BODY} at (8,8) size 784x584
      RenderBlock {DETAILS} at (0,0) size 784x36
        RenderBlock (anonymous) at (0,0) size 784x11
          RenderBlock {SPAN} at (0,0) size 48x11
            RenderText {#text} at (0,0) size 48x11
              text run at (0,0) width 48: "Details1"
          RenderText {#text} at (0,0) size 0x0
        RenderBlock {SUMMARY} at (0,11) size 784x14
          RenderText {#text} at (0,0) size 46x14
            text run at (0,0) width 46: "Summary"
        RenderBlock (anonymous) at (0,25) size 784x11
          RenderText {#text} at (0,0) size 0x0
          RenderBlock {SPAN} at (0,0) size 48x11
            RenderText {#text} at (0,0) size 48x11
              text run at (0,0) width 48: "Details2"
          RenderText {#text} at (0,0) size 0x0
      RenderBlock (anonymous) at (0,36) size 784x40
        RenderButton {INPUT} at (2,2) size 62x36 [color=#202020]
          RenderBlock (anonymous) at (15,8) size 32x18
            RenderText at (0,0) size 32x17
              text run at (0,0) width 32: "click"
        RenderText {#text} at (0,0) size 0x0
