layer at (0,0) size 800x600
  RenderView at (0,0) size 800x600
layer at (0,0) size 800x116
  RenderBlock {HTML} at (0,0) size 800x116
    RenderBody {BODY} at (8,12) size 784x92
      RenderBlock {P} at (0,0) size 784x14
        RenderText {#text} at (0,0) size 196x14
          text run at (0,0) width 196: "This line should not have red background"
      RenderBlock {P} at (0,26) size 784x14 [bgcolor=#00FF00]
        RenderText {#text} at (0,0) size 183x14
          text run at (0,0) width 183: "This line should have lime background"
      RenderBlock {P} at (0,52) size 784x14
        RenderText {#text} at (0,0) size 196x14
          text run at (0,0) width 196: "This line should not have red background"
      RenderBlock {P} at (0,78) size 784x14 [bgcolor=#00FF00]
        RenderText {#text} at (0,0) size 183x14
          text run at (0,0) width 183: "This line should have lime background"
