layer at (0,0) size 800x600
  RenderView at (0,0) size 800x600
layer at (0,0) size 800x600
  RenderBlock {HTML} at (0,0) size 800x600
    RenderBody {BODY} at (8,8) size 784x580
      RenderBlock {P} at (0,0) size 784x14
        RenderText {#text} at (0,0) size 306x14
          text run at (0,0) width 306: "This tests the listing tag. It's an obsolete synonym for the pre tag."
      RenderBlock {DIV} at (0,26) size 784x14
        RenderText {#text} at (0,0) size 126x14
          text run at (0,0) width 126: "Text just before the listing."
      RenderBlock {LISTING} at (0,50) size 784x33
        RenderText {#text} at (0,0) size 594x33
          text run at (0,0) width 204: "This text is inside a listing tag."
          text run at (204,0) width 0: " "
          text run at (0,11) width 576: "It acts exactly like the pre tag, so the text should be monospaced and not have any line breaks."
          text run at (576,11) width 0: " "
          text run at (0,22) width 594: "Also, it eats the very first newline inside the listing, so there should not be a blank line above."
          text run at (594,22) width 0: " "
      RenderBlock {P} at (0,95) size 784x14
        RenderText {#text} at (0,0) size 440x14
          text run at (0,0) width 440: "The listing tag has a width in it. To test the JavaScript binding, this page gets the width, here: "
        RenderInline {A} at (0,0) size 18x14
          RenderText {#text} at (440,0) size 18x14
            text run at (440,0) width 18: "100"
