layer at (0,0) size 800x600
  RenderView at (0,0) size 800x600
layer at (434,0) size 366x600
  RenderBlock {HTML} at (0,0) size 366x600
    RenderBody {BODY} at (8,8) size 350x584
      RenderBlock {DIV} at (0,0) size 208x584 [border: (10px dotted #0000FF)]
        RenderTable {TABLE} at (10,10) size 188x322 [border: (5px solid #FF0000)]
          RenderTableSection {TBODY} at (5,5) size 158x312
            RenderTableRow {TR} at (0,0) size 36x312
              RenderTableCell {TD} at (0,0) size 36x312 [border: (5px solid #008000)] [r=0 c=0 rs=1 cs=1]
                RenderText {#text} at (6,6) size 14x26
                  text run at (6,6) width 26: "Hello"
            RenderTableRow {TR} at (0,36) size 56x312
              RenderTableCell {TD} at (36,0) size 56x312 [border: (15px solid #0000FF)] [r=1 c=0 rs=1 cs=1]
                RenderText {#text} at (16,16) size 14x44
                  text run at (16,16) width 44: "Goodbye"
            RenderTableRow {TR} at (0,92) size 66x312
              RenderTableCell {TD} at (92,0) size 66x312 [border: (25px solid #FF0000)] [r=2 c=0 rs=1 cs=1]
                RenderText {#text} at (26,26) size 14x44
                  text run at (26,26) width 44: "Goodbye"
      RenderBlock {DIV} at (328,0) size 22x584 [border: (1px solid #008000)]
        RenderTable {TABLE} at (1,1) size 20x26 [border: (1px none #808080)]
          RenderTableSection {TBODY} at (1,1) size 18x24
            RenderTableRow {TR} at (0,0) size 18x24
              RenderTableCell {TD} at (0,0) size 18x24 [border: (1px solid #000000)] [r=0 c=0 rs=1 cs=1]
                RenderText {#text} at (2,2) size 14x20
                  text run at (2,2) width 20: "Test"
