layer at (0,0) size 800x600
  RenderView at (0,0) size 800x600
layer at (0,0) size 800x366
  RenderBlock {HTML} at (0,0) size 800x366
    RenderBody {BODY} at (8,8) size 784x350
      RenderBlock {DIV} at (0,0) size 784x208 [border: (10px dotted #0000FF)]
        RenderTable {TABLE} at (10,10) size 322x188 [border: (5px solid #FF0000)]
          RenderTableSection {TBODY} at (5,5) size 312x158
            RenderTableRow {TR} at (0,0) size 312x36
              RenderTableCell {TD} at (0,0) size 312x36 [border: (5px solid #008000)] [r=0 c=0 rs=1 cs=1]
                RenderText {#text} at (6,6) size 26x14
                  text run at (6,6) width 26: "Hello"
            RenderTableRow {TR} at (0,36) size 312x56
              RenderTableCell {TD} at (0,36) size 312x56 [border: (15px solid #0000FF)] [r=1 c=0 rs=1 cs=1]
                RenderText {#text} at (16,16) size 44x14
                  text run at (16,16) width 44: "Goodbye"
            RenderTableRow {TR} at (0,92) size 312x66
              RenderTableCell {TD} at (0,92) size 312x66 [border: (25px solid #FF0000)] [r=2 c=0 rs=1 cs=1]
                RenderText {#text} at (26,26) size 44x14
                  text run at (26,26) width 44: "Goodbye"
      RenderBlock {DIV} at (0,328) size 784x22 [border: (1px solid #008000)]
        RenderTable {TABLE} at (1,1) size 26x20 [border: (1px none #808080)]
          RenderTableSection {TBODY} at (1,1) size 24x18
            RenderTableRow {TR} at (0,0) size 24x18
              RenderTableCell {TD} at (0,0) size 24x18 [border: (1px solid #000000)] [r=0 c=0 rs=1 cs=1]
                RenderText {#text} at (2,2) size 20x14
                  text run at (2,2) width 20: "Test"
