layer at (0,0) size 800x1068
  RenderView at (0,0) size 800x600
layer at (0,0) size 800x1068
  RenderBlock {HTML} at (0,0) size 800x1068
    RenderBody {BODY} at (8,16) size 784x1040
      RenderBlock {H1} at (0,0) size 784x28
        RenderText {#text} at (0,0) size 220x28
          text run at (0,0) width 220: "Table Border Models"
      RenderBlock {P} at (0,44) size 784x14
        RenderText {#text} at (0,0) size 89x14
          text run at (0,0) width 89: "This tests tests the "
        RenderInline {A} at (0,0) size 157x14 [color=#0000EE]
          RenderText {#text} at (89,0) size 157x14
            text run at (89,0) width 157: "CSS2 spec rules on table borders"
        RenderText {#text} at (246,0) size 134x14
          text run at (246,0) width 6: ". "
          text run at (252,0) width 128: "The styles applied here are:"
      RenderBlock {PRE} at (0,70) size 784x144
        RenderText {#text} at (0,0) size 516x144
          text run at (0,0) width 306: "TABLE\x{9}{ margin: 1em; border: medium solid blue; }"
          text run at (306,0) width 0: " "
          text run at (0,12) width 306: "TD\x{9}{ border: thin solid green; padding: 5px; }"
          text run at (306,12) width 0: " "
          text run at (0,24) width 294: "TH { border: medium solid purple; padding: 5px; }"
          text run at (294,24) width 0: " "
          text run at (0,36) width 270: "TABLE.one, TABLE.two { border-spacing: 1em; }"
          text run at (270,36) width 0: " "
          text run at (0,48) width 240: "TABLE.one { border-collapse: collapse; }"
          text run at (240,48) width 0: " "
          text run at (0,60) width 240: "TABLE.two { border-collapse: separate; }"
          text run at (240,60) width 0: " "
          text run at (0,72) width 402: "TABLE.three { border-collapse: separate; border-spacing: 0 0.5em; }"
          text run at (402,72) width 0: " "
          text run at (0,84) width 396: "TABLE.four { border-collapse: separate; border-spacing: 0.5em 0; }"
          text run at (396,84) width 0: " "
          text run at (0,96) width 246: "TABLE.five { border-collapse: separate; }"
          text run at (246,96) width 0: " "
          text run at (0,108) width 348: "TABLE.five, TABLE.five TD, TABLE.five TH { border: none; }"
          text run at (348,108) width 0: " "
          text run at (0,120) width 516: "TABLE.five TR, TABLE.five COL, TABLE.five COLGROUP, TABLE.five TBODY, TABLE.five THEAD"
          text run at (516,120) width 0: " "
          text run at (0,132) width 222: "\x{9}{ border: medium solid red; }"
          text run at (222,132) width 0: " "
      RenderTable {TABLE} at (12,226) size 760x138 [border: (1px solid #0000FF)]
        RenderTableSection {TBODY} at (1,1) size 757x135
          RenderTableRow {TR} at (0,0) size 757x27
            RenderTableCell {TH} at (0,0) size 253x27 [border: (2px solid #800080)] [r=0 c=0 rs=1 cs=1]
              RenderText {#text} at (96,7) size 62x14
                text run at (96,7) width 62: "Header One"
            RenderTableCell {TH} at (253,0) size 238x27 [border: (2px solid #800080)] [r=0 c=1 rs=1 cs=1]
              RenderText {#text} at (88,7) size 63x14
                text run at (88,7) width 63: "Header Two"
            RenderTableCell {TH} at (491,0) size 266x27 [border: (2px solid #800080)] [r=0 c=2 rs=1 cs=1]
              RenderText {#text} at (98,7) size 71x14
                text run at (98,7) width 71: "Header Three"
          RenderTableRow {TR} at (0,27) size 757x54
            RenderTableCell {TD} at (0,41) size 253x26 [border: (2px solid #008000)] [r=1 c=0 rs=1 cs=1]
              RenderText {#text} at (7,7) size 208x14
                text run at (7,7) width 208: "This table uses the collapsed borders model."
            RenderTableCell {TD} at (253,34) size 238x40 [border: (2px solid #008000)] [r=1 c=1 rs=1 cs=1]
              RenderText {#text} at (6,7) size 227x28
                text run at (6,7) width 227: "This means that elements within the cell have no"
                text run at (6,21) width 74: "border-spacing."
            RenderTableCell {TD} at (491,27) size 266x54 [border: (2px solid #008000)] [r=1 c=2 rs=1 cs=1]
              RenderText {#text} at (6,7) size 233x42
                text run at (6,7) width 231: "Since it has collapsed borders, the borders on the"
                text run at (6,21) width 61: "header cells, "
                text run at (67,21) width 172: "on all sides, should be medium solid"
                text run at (6,35) width 33: "purple."
          RenderTableRow {TR} at (0,81) size 757x54
            RenderTableCell {TD} at (0,81) size 253x54 [border: (1px solid #008000)] [r=2 c=0 rs=1 cs=1]
              RenderText {#text} at (7,6) size 231x42
                text run at (7,6) width 223: "The border of the table itself should be medium"
                text run at (7,20) width 85: "solid blue, except "
                text run at (92,20) width 146: "where header cells override the"
                text run at (7,34) width 34: "border."
            RenderTableCell {TD} at (253,81) size 238x54 [border: (1px solid #008000)] [r=2 c=1 rs=1 cs=1]
              RenderText {#text} at (6,6) size 227x42
                text run at (6,6) width 227: "The borders that I haven't already mentioned (all"
                text run at (6,20) width 82: "the other internal "
                text run at (88,20) width 122: "ones) should be thin solid"
                text run at (6,34) width 29: "green."
            RenderTableCell {TD} at (491,81) size 266x54 [border: (1px solid #008000)] [r=2 c=2 rs=1 cs=1]
              RenderText {#text} at (6,6) size 223x28
                text run at (6,6) width 223: "This table should have a 1em margin around all"
                text run at (6,20) width 33: "edges. "
                text run at (39,20) width 60: "This margin "
                text run at (99,20) width 102: "is measured from the "
              RenderInline {EM} at (0,0) size 32x14
                RenderText {#text} at (201,20) size 32x14
                  text run at (201,20) width 32: "middle"
              RenderText {#text} at (233,20) size 254x28
                text run at (233,20) width 27: " of its"
                text run at (6,34) width 34: "border."
      RenderTable {TABLE} at (12,376) size 760x164 [border: (3px solid #0000FF)]
        RenderTableSection {TBODY} at (3,3) size 754x158
          RenderTableRow {TR} at (0,12) size 754x30
            RenderTableCell {TH} at (12,12) size 173x30 [border: (3px solid #800080)] [r=0 c=0 rs=1 cs=1]
              RenderText {#text} at (56,8) size 61x14
                text run at (56,8) width 61: "Header One"
            RenderTableCell {TH} at (197,12) size 203x30 [border: (3px solid #800080)] [r=0 c=1 rs=1 cs=1]
              RenderText {#text} at (70,8) size 63x14
                text run at (70,8) width 63: "Header Two"
            RenderTableCell {TH} at (412,12) size 330x30 [border: (3px solid #800080)] [r=0 c=2 rs=1 cs=1]
              RenderText {#text} at (130,8) size 70x14
                text run at (130,8) width 70: "Header Three"
          RenderTableRow {TR} at (0,54) size 754x40
            RenderTableCell {TD} at (12,54) size 173x40 [border: (1px solid #008000)] [r=1 c=0 rs=1 cs=1]
              RenderText {#text} at (6,6) size 134x28
                text run at (6,6) width 134: "This table uses the separated"
                text run at (6,20) width 71: "borders model."
            RenderTableCell {TD} at (197,54) size 203x40 [border: (1px solid #008000)] [r=1 c=1 rs=1 cs=1]
              RenderText {#text} at (6,6) size 187x28
                text run at (6,6) width 187: "This means that elements within the cell"
                text run at (6,20) width 135: "have border-spacing of 1em."
            RenderTableCell {TD} at (412,54) size 330x40 [border: (1px solid #008000)] [r=1 c=2 rs=1 cs=1]
              RenderText {#text} at (6,6) size 299x28
                text run at (6,6) width 153: "The borders on the header cells, "
                text run at (159,6) width 146: "on all sides, should be medium"
                text run at (6,20) width 59: "solid purple."
          RenderTableRow {TR} at (0,106) size 754x40
            RenderTableCell {TD} at (12,106) size 173x40 [border: (1px solid #008000)] [r=2 c=0 rs=1 cs=1]
              RenderText {#text} at (6,6) size 139x28
                text run at (6,6) width 133: "The border of the table itself"
                text run at (6,20) width 139: "should be medium solid blue."
            RenderTableCell {TD} at (197,106) size 203x40 [border: (1px solid #008000)] [r=2 c=1 rs=1 cs=1]
              RenderText {#text} at (6,6) size 191x28
                text run at (6,6) width 191: "The borders of other cells should be thin"
                text run at (6,20) width 55: "solid green."
            RenderTableCell {TD} at (412,106) size 330x40 [border: (1px solid #008000)] [r=2 c=2 rs=1 cs=1]
              RenderText {#text} at (6,6) size 316x28
                text run at (6,6) width 259: "This table should have a 1em margin around all edges. "
                text run at (265,6) width 57: "This margin"
                text run at (6,20) width 102: "is measured from the "
              RenderInline {EM} at (0,0) size 50x14
                RenderText {#text} at (108,20) size 50x14
                  text run at (108,20) width 50: "outer edge"
              RenderText {#text} at (158,20) size 64x14
                text run at (158,20) width 64: " of its border."
      RenderTable {TABLE} at (12,552) size 760x168 [border: (3px solid #0000FF)]
        RenderTableSection {TBODY} at (3,3) size 754x162
          RenderTableRow {TR} at (0,6) size 754x30
            RenderTableCell {TH} at (0,6) size 195x30 [border: (3px solid #800080)] [r=0 c=0 rs=1 cs=1]
              RenderText {#text} at (67,8) size 61x14
                text run at (67,8) width 61: "Header One"
            RenderTableCell {TH} at (195,6) size 274x30 [border: (3px solid #800080)] [r=0 c=1 rs=1 cs=1]
              RenderText {#text} at (105,8) size 64x14
                text run at (105,8) width 64: "Header Two"
            RenderTableCell {TH} at (469,6) size 285x30 [border: (3px solid #800080)] [r=0 c=2 rs=1 cs=1]
              RenderText {#text} at (107,8) size 71x14
                text run at (107,8) width 71: "Header Three"
          RenderTableRow {TR} at (0,42) size 754x54
            RenderTableCell {TD} at (0,49) size 195x40 [border: (1px solid #008000)] [r=1 c=0 rs=1 cs=1]
              RenderText {#text} at (6,6) size 173x28
                text run at (6,6) width 173: "This table uses the separated borders"
                text run at (6,20) width 32: "model."
            RenderTableCell {TD} at (195,42) size 274x54 [border: (1px solid #008000)] [r=1 c=1 rs=1 cs=1]
              RenderText {#text} at (6,6) size 261x42
                text run at (6,6) width 261: "Elements within the cell have horizontal border-spacing"
                text run at (6,20) width 67: "(i.e., width of "
                text run at (73,20) width 145: "vertical lines) of 0 and vertical "
                text run at (218,20) width 35: "border-"
                text run at (6,34) width 232: "spacing (i.e., height of horizontal lines) of 0.5em."
            RenderTableCell {TD} at (469,49) size 285x40 [border: (1px solid #008000)] [r=1 c=2 rs=1 cs=1]
              RenderText {#text} at (6,6) size 258x28
                text run at (6,6) width 153: "The borders on the header cells, "
                text run at (159,6) width 105: "on all sides, should be"
                text run at (6,20) width 100: "medium solid purple."
          RenderTableRow {TR} at (0,102) size 754x54
            RenderTableCell {TD} at (0,102) size 195x54 [border: (1px solid #008000)] [r=2 c=0 rs=1 cs=1]
              RenderText {#text} at (6,6) size 182x42
                text run at (6,6) width 182: "The border of the table itself should be"
                text run at (6,20) width 93: "medium solid blue. "
                text run at (99,20) width 70: "The borders of"
                text run at (6,34) width 176: "other cells should be thin solid green."
            RenderTableCell {TD} at (195,102) size 274x54 [border: (1px solid #008000)] [r=2 c=1 rs=1 cs=1]
              RenderText {#text} at (6,6) size 256x28
                text run at (6,6) width 256: "This table should have a 1em margin around all edges."
                text run at (6,20) width 60: "This margin "
                text run at (66,20) width 102: "is measured from the "
              RenderInline {EM} at (0,0) size 50x14
                RenderText {#text} at (168,20) size 50x14
                  text run at (168,20) width 50: "outer edge"
              RenderText {#text} at (218,20) size 239x28
                text run at (218,20) width 27: " of its"
                text run at (6,34) width 34: "border."
            RenderTableCell {TD} at (469,102) size 285x54 [border: (1px solid #008000)] [r=2 c=2 rs=1 cs=1]
              RenderText {#text} at (6,6) size 269x42
                text run at (6,6) width 269: "The table should not be wider than the room available for"
                text run at (6,20) width 42: "it unless "
                text run at (48,20) width 115: "that space is very small. "
                text run at (163,20) width 110: "Because of its margins,"
                text run at (6,34) width 77: "the width of the "
                text run at (83,34) width 149: "table should be less than 100%."
      RenderTable {TABLE} at (12,732) size 760x144 [border: (3px solid #0000FF)]
        RenderTableSection {TBODY} at (3,3) size 754x138
          RenderTableRow {TR} at (0,0) size 754x30
            RenderTableCell {TH} at (6,0) size 210x30 [border: (3px solid #800080)] [r=0 c=0 rs=1 cs=1]
              RenderText {#text} at (74,8) size 62x14
                text run at (74,8) width 62: "Header One"
            RenderTableCell {TH} at (222,0) size 214x30 [border: (3px solid #800080)] [r=0 c=1 rs=1 cs=1]
              RenderText {#text} at (75,8) size 64x14
                text run at (75,8) width 64: "Header Two"
            RenderTableCell {TH} at (442,0) size 306x30 [border: (3px solid #800080)] [r=0 c=2 rs=1 cs=1]
              RenderText {#text} at (118,8) size 70x14
                text run at (118,8) width 70: "Header Three"
          RenderTableRow {TR} at (0,30) size 754x54
            RenderTableCell {TD} at (6,37) size 210x40 [border: (1px solid #008000)] [r=1 c=0 rs=1 cs=1]
              RenderText {#text} at (6,6) size 173x28
                text run at (6,6) width 173: "This table uses the separated borders"
                text run at (6,20) width 32: "model."
            RenderTableCell {TD} at (222,30) size 214x54 [border: (1px solid #008000)] [r=1 c=1 rs=1 cs=1]
              RenderText {#text} at (6,6) size 187x42
                text run at (6,6) width 187: "Elements within the cell have horizontal"
                text run at (6,20) width 173: "border-spacing of 0.5em and vertical"
                text run at (6,34) width 96: "border-spacing of 0."
            RenderTableCell {TD} at (442,37) size 306x40 [border: (1px solid #008000)] [r=1 c=2 rs=1 cs=1]
              RenderText {#text} at (6,6) size 258x28
                text run at (6,6) width 153: "The borders on the header cells, "
                text run at (159,6) width 105: "on all sides, should be"
                text run at (6,20) width 100: "medium solid purple."
          RenderTableRow {TR} at (0,84) size 754x54
            RenderTableCell {TD} at (6,84) size 210x54 [border: (1px solid #008000)] [r=2 c=0 rs=1 cs=1]
              RenderText {#text} at (6,6) size 190x42
                text run at (6,6) width 182: "The border of the table itself should be"
                text run at (6,20) width 93: "medium solid blue. "
                text run at (99,20) width 97: "The borders of other"
                text run at (6,34) width 149: "cells should be thin solid green."
            RenderTableCell {TD} at (222,84) size 214x54 [border: (1px solid #008000)] [r=2 c=1 rs=1 cs=1]
              RenderText {#text} at (6,6) size 199x42
                text run at (6,6) width 173: "This table should have a 1em margin"
                text run at (6,20) width 83: "around all edges. "
                text run at (89,20) width 60: "This margin "
                text run at (149,20) width 56: "is measured"
                text run at (6,34) width 43: "from the "
              RenderInline {EM} at (0,0) size 50x14
                RenderText {#text} at (49,34) size 50x14
                  text run at (49,34) width 50: "outer edge"
              RenderText {#text} at (99,34) size 64x14
                text run at (99,34) width 64: " of its border."
            RenderTableCell {TD} at (442,84) size 306x54 [border: (1px solid #008000)] [r=2 c=2 rs=1 cs=1]
              RenderText {#text} at (6,6) size 278x42
                text run at (6,6) width 278: "The table should not be wider than the room available for it"
                text run at (6,20) width 33: "unless "
                text run at (39,20) width 115: "that space is very small. "
                text run at (154,20) width 127: "Because of its margins, the"
                text run at (6,34) width 60: "width of the "
                text run at (66,34) width 149: "table should be less than 100%."
      RenderTable {TABLE} at (12,888) size 760x152
        RenderBlock {CAPTION} at (0,0) size 760x14
          RenderText {#text} at (335,0) size 90x14
            text run at (335,0) width 90: "This is the caption."
        RenderTableCol {COLGROUP} at (0,0) size 0x0 [border: (3px solid #FF0000)]
          RenderTableCol {COL} at (0,0) size 0x0 [border: (3px solid #FF0000)]
        RenderTableCol {COLGROUP} at (0,0) size 0x0 [border: (3px solid #FF0000)]
          RenderTableCol {COL} at (0,0) size 0x0 [border: (3px solid #FF0000)]
          RenderTableCol {COL} at (0,0) size 0x0 [border: (3px solid #FF0000)]
        RenderTableSection {THEAD} at (0,14) size 760x28 [border: (3px solid #FF0000)]
          RenderTableRow {TR} at (0,2) size 760x24 [border: (3px solid #FF0000)]
            RenderTableCell {TH} at (2,2) size 124x24 [r=0 c=0 rs=1 cs=1]
              RenderText {#text} at (31,5) size 62x14
                text run at (31,5) width 62: "Header One"
            RenderTableCell {TH} at (128,2) size 330x24 [r=0 c=1 rs=1 cs=1]
              RenderText {#text} at (133,5) size 64x14
                text run at (133,5) width 64: "Header Two"
            RenderTableCell {TH} at (460,2) size 298x24 [r=0 c=2 rs=1 cs=1]
              RenderText {#text} at (114,5) size 70x14
                text run at (114,5) width 70: "Header Three"
        RenderTableSection {TBODY} at (0,42) size 760x110 [border: (3px solid #FF0000)]
          RenderTableRow {TR} at (0,2) size 760x52 [border: (3px solid #FF0000)]
            RenderTableCell {TD} at (2,2) size 124x52 [r=0 c=0 rs=1 cs=1]
              RenderText {#text} at (5,5) size 87x42
                text run at (5,5) width 87: "This table uses the"
                text run at (5,19) width 83: "separated borders"
                text run at (5,33) width 32: "model."
            RenderTableCell {TD} at (128,9) size 330x38 [r=0 c=1 rs=1 cs=1]
              RenderText {#text} at (5,5) size 316x28
                text run at (5,5) width 316: "This means that borders are allowed only on table elements or table"
                text run at (5,19) width 63: "cell elements."
            RenderTableCell {TD} at (460,9) size 298x38 [r=0 c=2 rs=1 cs=1]
              RenderText {#text} at (5,5) size 280x28
                text run at (5,5) width 257: "They are not allowed on elements that represent rows, "
                text run at (262,5) width 23: "row-"
                text run at (5,19) width 173: "groups, columns, or column-groups."
          RenderTableRow {TR} at (0,56) size 760x52 [border: (3px solid #FF0000)]
            RenderTableCell {TD} at (2,56) size 124x52 [r=1 c=0 rs=1 cs=1]
              RenderText {#text} at (5,5) size 96x42
                text run at (5,5) width 91: "There should be no"
                text run at (5,19) width 96: "borders at all on this"
                text run at (5,33) width 26: "table!"
            RenderTableCell {TD} at (128,63) size 330x38 [r=1 c=1 rs=1 cs=1]
              RenderText {#text} at (5,5) size 311x28
                text run at (5,5) width 311: "If there are any borders shown that are not medium solid red, then"
                text run at (5,19) width 282: "the problem is something other than what this test is testing."
            RenderTableCell {TD} at (460,63) size 298x38 [r=1 c=2 rs=1 cs=1]
              RenderText {#text} at (5,5) size 280x28
                text run at (5,5) width 259: "This table should have a 1em margin around all edges. "
                text run at (264,5) width 21: "This"
                text run at (5,19) width 36: "margin "
                text run at (41,19) width 102: "is measured from the "
              RenderInline {EM} at (0,0) size 50x14
                RenderText {#text} at (143,19) size 50x14
                  text run at (143,19) width 50: "outer edge"
              RenderText {#text} at (193,19) size 64x14
                text run at (193,19) width 64: " of its border."
