layer at (0,0) size 800x600
  RenderView at (0,0) size 800x600
layer at (0,0) size 800x600
  RenderBlock {HTML} at (0,0) size 800x600
    RenderBody {BODY} at (8,8) size 784x584
      RenderBlock {P} at (0,0) size 784x14
        RenderText {#text} at (0,0) size 40x14
          text run at (0,0) width 40: "Test for "
        RenderInline {I} at (0,0) size 515x14
          RenderInline {A} at (0,0) size 262x14 [color=#0000EE]
            RenderText {#text} at (40,0) size 262x14
              text run at (40,0) width 262: "http://bugzilla.opendarwin.org/show_bug.cgi?id=8848"
          RenderText {#text} at (302,0) size 253x14
            text run at (302,0) width 3: " "
            text run at (305,0) width 250: "TFOOT borders are copied to THEAD and TBODY"
        RenderText {#text} at (555,0) size 3x14
          text run at (555,0) width 3: "."
      RenderBlock {HR} at (0,26) size 784x2 [border: (1px inset #000000)]
      RenderTable {TABLE} at (0,34) size 262x259
        RenderTableSection {TBODY} at (0,0) size 262x259
          RenderTableRow {TR} at (0,2) size 262x255
            RenderTableCell {TD} at (2,2) size 63x255 [r=0 c=0 rs=1 cs=1]
              RenderTable {TABLE} at (11,11) size 41x71 [border: none]
                RenderTableSection {THEAD} at (0,0) size 40x17
                  RenderTableRow {TR} at (0,0) size 40x17
                    RenderTableCell {TH} at (0,0) size 40x17 [border: (1px solid #D3D3D3)] [r=0 c=0 rs=1 cs=1]
                      RenderText {#text} at (2,2) size 37x14
                        text run at (2,2) width 37: "Header"
                RenderTableSection {TBODY} at (0,17) size 40x17
                  RenderTableRow {TR} at (0,0) size 40x17
                    RenderTableCell {TD} at (0,0) size 40x17 [border: (1px solid #D3D3D3)] [r=0 c=0 rs=1 cs=1]
                      RenderText {#text} at (2,2) size 35x14
                        text run at (2,2) width 35: "Body 1"
                RenderTableSection {TBODY} at (0,34) size 40x18
                  RenderTableRow {TR} at (0,0) size 40x18
                    RenderTableCell {TD} at (0,0) size 40x18 [border: (1px solid #D3D3D3)] [r=0 c=0 rs=1 cs=1]
                      RenderText {#text} at (2,2) size 35x14
                        text run at (2,2) width 35: "Body 2"
                RenderTableSection {TFOOT} at (0,52) size 40x18 [border: (2px solid #0000FF) none (2px solid #008000) none]
                  RenderTableRow {TR} at (0,0) size 40x18
                    RenderTableCell {TD} at (0,0) size 40x18 [border: (1px solid #D3D3D3)] [r=0 c=0 rs=1 cs=1]
                      RenderText {#text} at (2,2) size 31x14
                        text run at (2,2) width 31: "Footer"
              RenderTable {TABLE} at (11,92) size 41x71 [border: none]
                RenderTableSection {TBODY} at (0,17) size 40x17
                  RenderTableRow {TR} at (0,0) size 40x17
                    RenderTableCell {TD} at (0,0) size 40x17 [border: (1px solid #D3D3D3)] [r=0 c=0 rs=1 cs=1]
                      RenderText {#text} at (2,2) size 35x14
                        text run at (2,2) width 35: "Body 1"
                RenderTableSection {THEAD} at (0,0) size 40x17
                  RenderTableRow {TR} at (0,0) size 40x17
                    RenderTableCell {TH} at (0,0) size 40x17 [border: (1px solid #D3D3D3)] [r=0 c=0 rs=1 cs=1]
                      RenderText {#text} at (2,2) size 37x14
                        text run at (2,2) width 37: "Header"
                RenderTableSection {TBODY} at (0,34) size 40x18
                  RenderTableRow {TR} at (0,0) size 40x18
                    RenderTableCell {TD} at (0,0) size 40x18 [border: (1px solid #D3D3D3)] [r=0 c=0 rs=1 cs=1]
                      RenderText {#text} at (2,2) size 35x14
                        text run at (2,2) width 35: "Body 2"
                RenderTableSection {TFOOT} at (0,52) size 40x18 [border: (2px solid #0000FF) none (2px solid #008000) none]
                  RenderTableRow {TR} at (0,0) size 40x18
                    RenderTableCell {TD} at (0,0) size 40x18 [border: (1px solid #D3D3D3)] [r=0 c=0 rs=1 cs=1]
                      RenderText {#text} at (2,2) size 31x14
                        text run at (2,2) width 31: "Footer"
              RenderTable {TABLE} at (11,173) size 41x71 [border: none]
                RenderTableSection {TBODY} at (0,17) size 40x17
                  RenderTableRow {TR} at (0,0) size 40x17
                    RenderTableCell {TD} at (0,0) size 40x17 [border: (1px solid #D3D3D3)] [r=0 c=0 rs=1 cs=1]
                      RenderText {#text} at (2,2) size 35x14
                        text run at (2,2) width 35: "Body 1"
                RenderTableSection {THEAD} at (0,0) size 40x17
                  RenderTableRow {TR} at (0,0) size 40x17
                    RenderTableCell {TH} at (0,0) size 40x17 [border: (1px solid #D3D3D3)] [r=0 c=0 rs=1 cs=1]
                      RenderText {#text} at (2,2) size 37x14
                        text run at (2,2) width 37: "Header"
                RenderTableSection {TFOOT} at (0,52) size 40x18 [border: (2px solid #0000FF) none (2px solid #008000) none]
                  RenderTableRow {TR} at (0,0) size 40x18
                    RenderTableCell {TD} at (0,0) size 40x18 [border: (1px solid #D3D3D3)] [r=0 c=0 rs=1 cs=1]
                      RenderText {#text} at (2,2) size 31x14
                        text run at (2,2) width 31: "Footer"
                RenderTableSection {TBODY} at (0,34) size 40x18
                  RenderTableRow {TR} at (0,0) size 40x18
                    RenderTableCell {TD} at (0,0) size 40x18 [border: (1px solid #D3D3D3)] [r=0 c=0 rs=1 cs=1]
                      RenderText {#text} at (2,2) size 35x14
                        text run at (2,2) width 35: "Body 2"
            RenderTableCell {TD} at (67,2) size 63x255 [r=0 c=1 rs=1 cs=1]
              RenderTable {TABLE} at (11,11) size 41x71 [border: none]
                RenderTableSection {TBODY} at (0,17) size 40x17
                  RenderTableRow {TR} at (0,0) size 40x17
                    RenderTableCell {TD} at (0,0) size 40x17 [border: (1px solid #D3D3D3)] [r=0 c=0 rs=1 cs=1]
                      RenderText {#text} at (2,2) size 35x14
                        text run at (2,2) width 35: "Body 1"
                RenderTableSection {TFOOT} at (0,52) size 40x18 [border: (2px solid #0000FF) none (2px solid #008000) none]
                  RenderTableRow {TR} at (0,0) size 40x18
                    RenderTableCell {TD} at (0,0) size 40x18 [border: (1px solid #D3D3D3)] [r=0 c=0 rs=1 cs=1]
                      RenderText {#text} at (2,2) size 31x14
                        text run at (2,2) width 31: "Footer"
                RenderTableSection {THEAD} at (0,0) size 40x17
                  RenderTableRow {TR} at (0,0) size 40x17
                    RenderTableCell {TH} at (0,0) size 40x17 [border: (1px solid #D3D3D3)] [r=0 c=0 rs=1 cs=1]
                      RenderText {#text} at (2,2) size 37x14
                        text run at (2,2) width 37: "Header"
                RenderTableSection {TBODY} at (0,34) size 40x18
                  RenderTableRow {TR} at (0,0) size 40x18
                    RenderTableCell {TD} at (0,0) size 40x18 [border: (1px solid #D3D3D3)] [r=0 c=0 rs=1 cs=1]
                      RenderText {#text} at (2,2) size 35x14
                        text run at (2,2) width 35: "Body 2"
              RenderTable {TABLE} at (11,92) size 41x71 [border: none]
                RenderTableSection {TFOOT} at (0,52) size 40x18 [border: (2px solid #0000FF) none (2px solid #008000) none]
                  RenderTableRow {TR} at (0,0) size 40x18
                    RenderTableCell {TD} at (0,0) size 40x18 [border: (1px solid #D3D3D3)] [r=0 c=0 rs=1 cs=1]
                      RenderText {#text} at (2,2) size 31x14
                        text run at (2,2) width 31: "Footer"
                RenderTableSection {TBODY} at (0,17) size 40x17
                  RenderTableRow {TR} at (0,0) size 40x17
                    RenderTableCell {TD} at (0,0) size 40x17 [border: (1px solid #D3D3D3)] [r=0 c=0 rs=1 cs=1]
                      RenderText {#text} at (2,2) size 35x14
                        text run at (2,2) width 35: "Body 1"
                RenderTableSection {THEAD} at (0,0) size 40x17
                  RenderTableRow {TR} at (0,0) size 40x17
                    RenderTableCell {TH} at (0,0) size 40x17 [border: (1px solid #D3D3D3)] [r=0 c=0 rs=1 cs=1]
                      RenderText {#text} at (2,2) size 37x14
                        text run at (2,2) width 37: "Header"
                RenderTableSection {TBODY} at (0,34) size 40x18
                  RenderTableRow {TR} at (0,0) size 40x18
                    RenderTableCell {TD} at (0,0) size 40x18 [border: (1px solid #D3D3D3)] [r=0 c=0 rs=1 cs=1]
                      RenderText {#text} at (2,2) size 35x14
                        text run at (2,2) width 35: "Body 2"
              RenderTable {TABLE} at (11,173) size 41x71 [border: none]
                RenderTableSection {TBODY} at (0,17) size 40x17
                  RenderTableRow {TR} at (0,0) size 40x17
                    RenderTableCell {TD} at (0,0) size 40x17 [border: (1px solid #D3D3D3)] [r=0 c=0 rs=1 cs=1]
                      RenderText {#text} at (2,2) size 35x14
                        text run at (2,2) width 35: "Body 1"
                RenderTableSection {TBODY} at (0,34) size 40x18
                  RenderTableRow {TR} at (0,0) size 40x18
                    RenderTableCell {TD} at (0,0) size 40x18 [border: (1px solid #D3D3D3)] [r=0 c=0 rs=1 cs=1]
                      RenderText {#text} at (2,2) size 35x14
                        text run at (2,2) width 35: "Body 2"
                RenderTableSection {TFOOT} at (0,52) size 40x18 [border: (2px solid #0000FF) none (2px solid #008000) none]
                  RenderTableRow {TR} at (0,0) size 40x18
                    RenderTableCell {TD} at (0,0) size 40x18 [border: (1px solid #D3D3D3)] [r=0 c=0 rs=1 cs=1]
                      RenderText {#text} at (2,2) size 31x14
                        text run at (2,2) width 31: "Footer"
                RenderTableSection {THEAD} at (0,0) size 40x17
                  RenderTableRow {TR} at (0,0) size 40x17
                    RenderTableCell {TH} at (0,0) size 40x17 [border: (1px solid #D3D3D3)] [r=0 c=0 rs=1 cs=1]
                      RenderText {#text} at (2,2) size 37x14
                        text run at (2,2) width 37: "Header"
            RenderTableCell {TD} at (132,2) size 63x255 [r=0 c=2 rs=1 cs=1]
              RenderTable {TABLE} at (11,11) size 41x71 [border: (1px none #808080)]
                RenderTableSection {THEAD} at (0,1) size 40x18 [border: (2px solid #0000FF) none (2px solid #008000) none]
                  RenderTableRow {TR} at (0,0) size 40x18
                    RenderTableCell {TH} at (0,0) size 40x18 [border: (1px solid #D3D3D3)] [r=0 c=0 rs=1 cs=1]
                      RenderText {#text} at (2,2) size 37x14
                        text run at (2,2) width 37: "Header"
                RenderTableSection {TBODY} at (0,19) size 40x17
                  RenderTableRow {TR} at (0,0) size 40x17
                    RenderTableCell {TD} at (0,0) size 40x17 [border: (1px solid #D3D3D3)] [r=0 c=0 rs=1 cs=1]
                      RenderText {#text} at (2,2) size 35x14
                        text run at (2,2) width 35: "Body 1"
                RenderTableSection {TBODY} at (0,36) size 40x17
                  RenderTableRow {TR} at (0,0) size 40x17
                    RenderTableCell {TD} at (0,0) size 40x17 [border: (1px solid #D3D3D3)] [r=0 c=0 rs=1 cs=1]
                      RenderText {#text} at (2,2) size 35x14
                        text run at (2,2) width 35: "Body 2"
                RenderTableSection {TFOOT} at (0,53) size 40x17
                  RenderTableRow {TR} at (0,0) size 40x17
                    RenderTableCell {TD} at (0,0) size 40x17 [border: (1px solid #D3D3D3)] [r=0 c=0 rs=1 cs=1]
                      RenderText {#text} at (2,2) size 31x14
                        text run at (2,2) width 31: "Footer"
              RenderTable {TABLE} at (11,92) size 41x71 [border: (1px none #808080)]
                RenderTableSection {TBODY} at (0,19) size 40x17
                  RenderTableRow {TR} at (0,0) size 40x17
                    RenderTableCell {TD} at (0,0) size 40x17 [border: (1px solid #D3D3D3)] [r=0 c=0 rs=1 cs=1]
                      RenderText {#text} at (2,2) size 35x14
                        text run at (2,2) width 35: "Body 1"
                RenderTableSection {THEAD} at (0,1) size 40x18 [border: (2px solid #0000FF) none (2px solid #008000) none]
                  RenderTableRow {TR} at (0,0) size 40x18
                    RenderTableCell {TH} at (0,0) size 40x18 [border: (1px solid #D3D3D3)] [r=0 c=0 rs=1 cs=1]
                      RenderText {#text} at (2,2) size 37x14
                        text run at (2,2) width 37: "Header"
                RenderTableSection {TBODY} at (0,36) size 40x17
                  RenderTableRow {TR} at (0,0) size 40x17
                    RenderTableCell {TD} at (0,0) size 40x17 [border: (1px solid #D3D3D3)] [r=0 c=0 rs=1 cs=1]
                      RenderText {#text} at (2,2) size 35x14
                        text run at (2,2) width 35: "Body 2"
                RenderTableSection {TFOOT} at (0,53) size 40x17
                  RenderTableRow {TR} at (0,0) size 40x17
                    RenderTableCell {TD} at (0,0) size 40x17 [border: (1px solid #D3D3D3)] [r=0 c=0 rs=1 cs=1]
                      RenderText {#text} at (2,2) size 31x14
                        text run at (2,2) width 31: "Footer"
              RenderTable {TABLE} at (11,173) size 41x71 [border: (1px none #808080)]
                RenderTableSection {TBODY} at (0,19) size 40x17
                  RenderTableRow {TR} at (0,0) size 40x17
                    RenderTableCell {TD} at (0,0) size 40x17 [border: (1px solid #D3D3D3)] [r=0 c=0 rs=1 cs=1]
                      RenderText {#text} at (2,2) size 35x14
                        text run at (2,2) width 35: "Body 1"
                RenderTableSection {THEAD} at (0,1) size 40x18 [border: (2px solid #0000FF) none (2px solid #008000) none]
                  RenderTableRow {TR} at (0,0) size 40x18
                    RenderTableCell {TH} at (0,0) size 40x18 [border: (1px solid #D3D3D3)] [r=0 c=0 rs=1 cs=1]
                      RenderText {#text} at (2,2) size 37x14
                        text run at (2,2) width 37: "Header"
                RenderTableSection {TFOOT} at (0,53) size 40x17
                  RenderTableRow {TR} at (0,0) size 40x17
                    RenderTableCell {TD} at (0,0) size 40x17 [border: (1px solid #D3D3D3)] [r=0 c=0 rs=1 cs=1]
                      RenderText {#text} at (2,2) size 31x14
                        text run at (2,2) width 31: "Footer"
                RenderTableSection {TBODY} at (0,36) size 40x17
                  RenderTableRow {TR} at (0,0) size 40x17
                    RenderTableCell {TD} at (0,0) size 40x17 [border: (1px solid #D3D3D3)] [r=0 c=0 rs=1 cs=1]
                      RenderText {#text} at (2,2) size 35x14
                        text run at (2,2) width 35: "Body 2"
            RenderTableCell {TD} at (197,2) size 63x255 [r=0 c=3 rs=1 cs=1]
              RenderTable {TABLE} at (11,11) size 41x71 [border: (1px none #808080)]
                RenderTableSection {TBODY} at (0,19) size 40x17
                  RenderTableRow {TR} at (0,0) size 40x17
                    RenderTableCell {TD} at (0,0) size 40x17 [border: (1px solid #D3D3D3)] [r=0 c=0 rs=1 cs=1]
                      RenderText {#text} at (2,2) size 35x14
                        text run at (2,2) width 35: "Body 1"
                RenderTableSection {TFOOT} at (0,53) size 40x17
                  RenderTableRow {TR} at (0,0) size 40x17
                    RenderTableCell {TD} at (0,0) size 40x17 [border: (1px solid #D3D3D3)] [r=0 c=0 rs=1 cs=1]
                      RenderText {#text} at (2,2) size 31x14
                        text run at (2,2) width 31: "Footer"
                RenderTableSection {THEAD} at (0,1) size 40x18 [border: (2px solid #0000FF) none (2px solid #008000) none]
                  RenderTableRow {TR} at (0,0) size 40x18
                    RenderTableCell {TH} at (0,0) size 40x18 [border: (1px solid #D3D3D3)] [r=0 c=0 rs=1 cs=1]
                      RenderText {#text} at (2,2) size 37x14
                        text run at (2,2) width 37: "Header"
                RenderTableSection {TBODY} at (0,36) size 40x17
                  RenderTableRow {TR} at (0,0) size 40x17
                    RenderTableCell {TD} at (0,0) size 40x17 [border: (1px solid #D3D3D3)] [r=0 c=0 rs=1 cs=1]
                      RenderText {#text} at (2,2) size 35x14
                        text run at (2,2) width 35: "Body 2"
              RenderTable {TABLE} at (11,92) size 41x71 [border: (1px none #808080)]
                RenderTableSection {TFOOT} at (0,53) size 40x17
                  RenderTableRow {TR} at (0,0) size 40x17
                    RenderTableCell {TD} at (0,0) size 40x17 [border: (1px solid #D3D3D3)] [r=0 c=0 rs=1 cs=1]
                      RenderText {#text} at (2,2) size 31x14
                        text run at (2,2) width 31: "Footer"
                RenderTableSection {TBODY} at (0,19) size 40x17
                  RenderTableRow {TR} at (0,0) size 40x17
                    RenderTableCell {TD} at (0,0) size 40x17 [border: (1px solid #D3D3D3)] [r=0 c=0 rs=1 cs=1]
                      RenderText {#text} at (2,2) size 35x14
                        text run at (2,2) width 35: "Body 1"
                RenderTableSection {THEAD} at (0,1) size 40x18 [border: (2px solid #0000FF) none (2px solid #008000) none]
                  RenderTableRow {TR} at (0,0) size 40x18
                    RenderTableCell {TH} at (0,0) size 40x18 [border: (1px solid #D3D3D3)] [r=0 c=0 rs=1 cs=1]
                      RenderText {#text} at (2,2) size 37x14
                        text run at (2,2) width 37: "Header"
                RenderTableSection {TBODY} at (0,36) size 40x17
                  RenderTableRow {TR} at (0,0) size 40x17
                    RenderTableCell {TD} at (0,0) size 40x17 [border: (1px solid #D3D3D3)] [r=0 c=0 rs=1 cs=1]
                      RenderText {#text} at (2,2) size 35x14
                        text run at (2,2) width 35: "Body 2"
              RenderTable {TABLE} at (11,173) size 41x71 [border: (1px none #808080)]
                RenderTableSection {TBODY} at (0,19) size 40x17
                  RenderTableRow {TR} at (0,0) size 40x17
                    RenderTableCell {TD} at (0,0) size 40x17 [border: (1px solid #D3D3D3)] [r=0 c=0 rs=1 cs=1]
                      RenderText {#text} at (2,2) size 35x14
                        text run at (2,2) width 35: "Body 1"
                RenderTableSection {TBODY} at (0,36) size 40x17
                  RenderTableRow {TR} at (0,0) size 40x17
                    RenderTableCell {TD} at (0,0) size 40x17 [border: (1px solid #D3D3D3)] [r=0 c=0 rs=1 cs=1]
                      RenderText {#text} at (2,2) size 35x14
                        text run at (2,2) width 35: "Body 2"
                RenderTableSection {TFOOT} at (0,53) size 40x17
                  RenderTableRow {TR} at (0,0) size 40x17
                    RenderTableCell {TD} at (0,0) size 40x17 [border: (1px solid #D3D3D3)] [r=0 c=0 rs=1 cs=1]
                      RenderText {#text} at (2,2) size 31x14
                        text run at (2,2) width 31: "Footer"
                RenderTableSection {THEAD} at (0,1) size 40x18 [border: (2px solid #0000FF) none (2px solid #008000) none]
                  RenderTableRow {TR} at (0,0) size 40x18
                    RenderTableCell {TH} at (0,0) size 40x18 [border: (1px solid #D3D3D3)] [r=0 c=0 rs=1 cs=1]
                      RenderText {#text} at (2,2) size 37x14
                        text run at (2,2) width 37: "Header"
