layer at (0,0) size 800x600
  RenderView at (0,0) size 800x600
layer at (0,0) size 800x600
  RenderBlock {HTML} at (0,0) size 800x600
    RenderBody {BODY} at (8,8) size 784x584
      RenderBlock {P} at (0,0) size 784x28
        RenderText {#text} at (0,0) size 161x14
          text run at (0,0) width 161: "This tests for a regression against "
        RenderInline {I} at (0,0) size 775x28
          RenderInline {A} at (0,0) size 262x14 [color=#0000EE]
            RenderText {#text} at (161,0) size 262x14
              text run at (161,0) width 262: "http://bugzilla.opendarwin.org/show_bug.cgi?id=6888"
          RenderText {#text} at (423,0) size 775x28
            text run at (423,0) width 352: " Collapsed borders appear on the wrong side or on the wrong cell in RTL"
            text run at (0,14) width 28: "tables"
        RenderText {#text} at (28,14) size 3x14
          text run at (28,14) width 3: "."
      RenderBlock {P} at (0,40) size 784x14
        RenderText {#text} at (0,0) size 272x14
          text run at (0,0) width 272: "The RTL table should be a mirror image of the LTR table."
      RenderBlock {HR} at (0,66) size 784x2 [border: (1px inset #000000)]
      RenderTable {TABLE} at (0,74) size 62x119
        RenderTableSection {TBODY} at (0,0) size 62x119
          RenderTableRow {TR} at (0,0) size 22x119
            RenderTableCell {TD} at (0,0) size 22x60 [border: none (1px solid #000000) none] [r=0 c=0 rs=1 cs=1]
              RenderText {#text} at (4,18) size 14x23
                text run at (4,18) width 22: "RTL"
            RenderTableCell {TD} at (0,60) size 22x59 [r=0 c=1 rs=1 cs=1]
              RenderText {#text} at (4,18) size 14x23
                text run at (4,18) width 22: "LTR"
          RenderTableRow {TR} at (0,22) size 40x119
            RenderTableCell {TD} at (22,0) size 40x60 [border: none (1px solid #000000) none] [r=1 c=0 rs=1 cs=1]
              RenderTable {TABLE} at (4,4) size 32x51 [border: (1px solid #0000FF) none (1px solid #FF0000) none]
                RenderTableCol {COLGROUP} at (0,0) size 0x0
                  RenderTableCol {COL} at (0,0) size 0x0
                  RenderTableCol {COL} at (0,0) size 0x0
                  RenderTableCol {COL} at (0,0) size 0x0 [bgcolor=#FFFF00] [border: (2px dotted #008000) none (1px solid #000000) none]
                  RenderTableCol {COL} at (0,0) size 0x0 [bgcolor=#C0C0C0]
                RenderTableSection {TBODY} at (0,1) size 32x49
                  RenderTableRow {TR} at (0,0) size 16x49
                    RenderTableCell {TD} at (0,38) size 16x11 [border: none] [r=0 c=0 rs=1 cs=1]
                      RenderText {#text} at (1,3) size 14x6
                        text run at (1,3) width 6 RTL: "  "
                    RenderTableCell {TD} at (0,27) size 16x11 [border: (1px none #000000)] [r=0 c=1 rs=1 cs=1]
                      RenderText {#text} at (1,4) size 14x6
                        text run at (1,4) width 6 RTL: "  "
                    RenderTableCell {TD} at (0,9) size 16x18 [r=0 c=2 rs=1 cs=2]
                      RenderText {#text} at (1,11) size 14x6
                        text run at (1,11) width 6 RTL: "  "
                    RenderTableCell {TD} at (0,0) size 16x9 [border: (1px none #000000)] [r=0 c=4 rs=1 cs=1]
                      RenderText {#text} at (1,2) size 14x6
                        text run at (1,2) width 6 RTL: "  "
                  RenderTableRow {TR} at (0,16) size 16x49
                    RenderTableCell {TD} at (16,38) size 16x11 [border: (2px solid #800000) none] [r=1 c=0 rs=1 cs=1]
                      RenderText {#text} at (1,3) size 14x6
                        text run at (1,3) width 6 RTL: "  "
                    RenderTableCell {TD} at (16,27) size 16x11 [border: (1px none #000000)] [r=1 c=1 rs=1 cs=1]
                      RenderText {#text} at (1,2) size 14x6
                        text run at (1,2) width 6 RTL: "  "
                    RenderTableCell {TD} at (16,18) size 16x9 [border: (1px none #000000)] [r=1 c=2 rs=1 cs=1]
                      RenderText {#text} at (1,2) size 14x6
                        text run at (1,2) width 6 RTL: "  "
                    RenderTableCell {TD} at (16,9) size 16x9 [border: none] [r=1 c=3 rs=1 cs=1]
                      RenderText {#text} at (1,1) size 14x6
                        text run at (1,1) width 6 RTL: "  "
                    RenderTableCell {TD} at (16,0) size 16x9 [border: (1px none #000000)] [r=1 c=4 rs=1 cs=1]
                      RenderText {#text} at (1,2) size 14x6
                        text run at (1,2) width 6 RTL: "  "
            RenderTableCell {TD} at (22,60) size 40x59 [r=1 c=1 rs=1 cs=1]
              RenderTable {TABLE} at (4,4) size 32x51 [border: (1px solid #FF0000) none (1px solid #0000FF) none]
                RenderTableCol {COLGROUP} at (0,0) size 0x0
                  RenderTableCol {COL} at (0,0) size 0x0
                  RenderTableCol {COL} at (0,0) size 0x0
                  RenderTableCol {COL} at (0,0) size 0x0 [bgcolor=#FFFF00] [border: (1px solid #000000) none (2px dotted #008000) none]
                  RenderTableCol {COL} at (0,0) size 0x0 [bgcolor=#C0C0C0]
                RenderTableSection {TBODY} at (0,1) size 32x49
                  RenderTableRow {TR} at (0,0) size 16x49
                    RenderTableCell {TD} at (0,0) size 16x11 [border: (1px none #000000)] [r=0 c=0 rs=1 cs=1]
                      RenderText {#text} at (1,2) size 14x6
                        text run at (1,2) width 6: "  "
                    RenderTableCell {TD} at (0,11) size 16x10 [r=0 c=1 rs=1 cs=1]
                      RenderText {#text} at (1,1) size 14x6
                        text run at (1,1) width 6: "  "
                    RenderTableCell {TD} at (0,21) size 16x19 [border: (1px none #000000)] [r=0 c=2 rs=1 cs=2]
                      RenderText {#text} at (1,2) size 14x6
                        text run at (1,2) width 6: "  "
                    RenderTableCell {TD} at (0,40) size 16x9 [border: none] [r=0 c=4 rs=1 cs=1]
                      RenderText {#text} at (1,1) size 14x6
                        text run at (1,1) width 6: "  "
                  RenderTableRow {TR} at (0,16) size 16x49
                    RenderTableCell {TD} at (16,0) size 16x11 [border: (1px none #000000) (2px solid #800000) none] [r=1 c=0 rs=1 cs=1]
                      RenderText {#text} at (1,2) size 14x6
                        text run at (1,2) width 6: "  "
                    RenderTableCell {TD} at (16,11) size 16x10 [border: (2px none #000000)] [r=1 c=1 rs=1 cs=1]
                      RenderText {#text} at (1,3) size 14x6
                        text run at (1,3) width 6: "  "
                    RenderTableCell {TD} at (16,21) size 16x10 [border: (1px none #000000)] [r=1 c=2 rs=1 cs=1]
                      RenderText {#text} at (1,2) size 14x6
                        text run at (1,2) width 6: "  "
                    RenderTableCell {TD} at (16,31) size 16x9 [border: (1px none #000000)] [r=1 c=3 rs=1 cs=1]
                      RenderText {#text} at (1,2) size 14x6
                        text run at (1,2) width 6: "  "
                    RenderTableCell {TD} at (16,40) size 16x9 [border: none] [r=1 c=4 rs=1 cs=1]
                      RenderText {#text} at (1,1) size 14x6
                        text run at (1,1) width 6: "  "
