layer at (0,0) size 800x600
  RenderView at (0,0) size 800x600
layer at (0,0) size 800x600
  RenderBlock {HTML} at (0,0) size 800x600
    RenderBody {BODY} at (8,8) size 784x584
      RenderBlock {P} at (0,0) size 784x28
        RenderText {#text} at (0,0) size 161x14
          text run at (0,0) width 161: "This tests for a regression against "
        RenderInline {I} at (0,0) size 775x28
          RenderInline {A} at (0,0) size 262x14 [color=#0000EE]
            RenderText {#text} at (161,0) size 262x14
              text run at (161,0) width 262: "http://bugzilla.opendarwin.org/show_bug.cgi?id=6888"
          RenderText {#text} at (423,0) size 775x28
            text run at (423,0) width 352: " Collapsed borders appear on the wrong side or on the wrong cell in RTL"
            text run at (0,14) width 28: "tables"
        RenderText {#text} at (28,14) size 3x14
          text run at (28,14) width 3: "."
      RenderBlock {P} at (0,40) size 784x14
        RenderText {#text} at (0,0) size 272x14
          text run at (0,0) width 272: "The RTL table should be a mirror image of the LTR table."
      RenderBlock {HR} at (0,66) size 784x2 [border: (1px inset #000000)]
      RenderTable {TABLE} at (0,74) size 113x62
        RenderTableSection {TBODY} at (0,0) size 113x62
          RenderTableRow {TR} at (0,0) size 113x22
            RenderTableCell {TD} at (0,0) size 57x22 [border: none (1px solid #000000) none] [r=0 c=0 rs=1 cs=1]
              RenderText {#text} at (17,4) size 22x14
                text run at (17,4) width 22: "RTL"
            RenderTableCell {TD} at (57,0) size 56x22 [r=0 c=1 rs=1 cs=1]
              RenderText {#text} at (17,4) size 22x14
                text run at (17,4) width 22: "LTR"
          RenderTableRow {TR} at (0,22) size 113x40
            RenderTableCell {TD} at (0,22) size 57x40 [border: none (1px solid #000000) none] [r=1 c=0 rs=1 cs=1]
              RenderTable {TABLE} at (4,4) size 48x32 [border: none (1px solid #0000FF) none (1px solid #FF0000)]
                RenderTableCol {COLGROUP} at (0,0) size 0x0
                  RenderTableCol {COL} at (0,0) size 0x0
                  RenderTableCol {COL} at (0,0) size 0x0
                  RenderTableCol {COL} at (0,0) size 0x0 [bgcolor=#FFFF00] [border: (2px dotted #008000) none (1px solid #000000)]
                  RenderTableCol {COL} at (0,0) size 0x0 [bgcolor=#C0C0C0]
                RenderTableSection {TBODY} at (1,0) size 46x32
                  RenderTableRow {TR} at (0,0) size 46x16
                    RenderTableCell {TD} at (36,0) size 10x16 [border: none] [r=0 c=0 rs=1 cs=1]
                      RenderText {#text} at (2,1) size 6x14
                        text run at (2,1) width 6 RTL: "  "
                    RenderTableCell {TD} at (27,0) size 9x16 [border: none] [r=0 c=1 rs=1 cs=1]
                      RenderText {#text} at (2,1) size 6x14
                        text run at (2,1) width 6 RTL: "  "
                    RenderTableCell {TD} at (9,0) size 18x16 [border: none] [r=0 c=2 rs=1 cs=2]
                      RenderText {#text} at (10,1) size 6x14
                        text run at (10,1) width 6 RTL: "  "
                    RenderTableCell {TD} at (0,0) size 9x16 [border: none] [r=0 c=4 rs=1 cs=1]
                      RenderText {#text} at (2,1) size 6x14
                        text run at (2,1) width 6 RTL: "  "
                  RenderTableRow {TR} at (0,16) size 46x16
                    RenderTableCell {TD} at (36,16) size 10x16 [border: none (2px solid #800000) none] [r=1 c=0 rs=1 cs=1]
                      RenderText {#text} at (1,1) size 6x14
                        text run at (1,1) width 6 RTL: "  "
                    RenderTableCell {TD} at (27,16) size 9x16 [border: none] [r=1 c=1 rs=1 cs=1]
                      RenderText {#text} at (2,1) size 6x14
                        text run at (2,1) width 6 RTL: "  "
                    RenderTableCell {TD} at (17,16) size 10x16 [border: none] [r=1 c=2 rs=1 cs=1]
                      RenderText {#text} at (2,1) size 6x14
                        text run at (2,1) width 6 RTL: "  "
                    RenderTableCell {TD} at (9,16) size 8x16 [r=1 c=3 rs=1 cs=1]
                      RenderText {#text} at (1,1) size 6x14
                        text run at (1,1) width 6 RTL: "  "
                    RenderTableCell {TD} at (0,16) size 9x16 [border: none] [r=1 c=4 rs=1 cs=1]
                      RenderText {#text} at (2,1) size 6x14
                        text run at (2,1) width 6 RTL: "  "
            RenderTableCell {TD} at (57,22) size 56x40 [r=1 c=1 rs=1 cs=1]
              RenderTable {TABLE} at (4,4) size 48x32 [border: none (1px solid #FF0000) none (1px solid #0000FF)]
                RenderTableCol {COLGROUP} at (0,0) size 0x0
                  RenderTableCol {COL} at (0,0) size 0x0
                  RenderTableCol {COL} at (0,0) size 0x0
                  RenderTableCol {COL} at (0,0) size 0x0 [bgcolor=#FFFF00] [border: (1px solid #000000) none (2px dotted #008000)]
                  RenderTableCol {COL} at (0,0) size 0x0 [bgcolor=#C0C0C0]
                RenderTableSection {TBODY} at (1,0) size 46x32
                  RenderTableRow {TR} at (0,0) size 46x16
                    RenderTableCell {TD} at (0,0) size 10x16 [border: none] [r=0 c=0 rs=1 cs=1]
                      RenderText {#text} at (2,1) size 6x14
                        text run at (2,1) width 6: "  "
                    RenderTableCell {TD} at (10,0) size 9x16 [border: none] [r=0 c=1 rs=1 cs=1]
                      RenderText {#text} at (1,1) size 6x14
                        text run at (1,1) width 6: "  "
                    RenderTableCell {TD} at (19,0) size 18x16 [border: none] [r=0 c=2 rs=1 cs=2]
                      RenderText {#text} at (2,1) size 6x14
                        text run at (2,1) width 6: "  "
                    RenderTableCell {TD} at (37,0) size 9x16 [border: none] [r=0 c=4 rs=1 cs=1]
                      RenderText {#text} at (1,1) size 6x14
                        text run at (1,1) width 6: "  "
                  RenderTableRow {TR} at (0,16) size 46x16
                    RenderTableCell {TD} at (0,16) size 10x16 [border: none (2px solid #800000)] [r=1 c=0 rs=1 cs=1]
                      RenderText {#text} at (3,1) size 6x14
                        text run at (3,1) width 6: "  "
                    RenderTableCell {TD} at (10,16) size 9x16 [border: none] [r=1 c=1 rs=1 cs=1]
                      RenderText {#text} at (1,1) size 6x14
                        text run at (1,1) width 6: "  "
                    RenderTableCell {TD} at (19,16) size 9x16 [border: none] [r=1 c=2 rs=1 cs=1]
                      RenderText {#text} at (2,1) size 6x14
                        text run at (2,1) width 6: "  "
                    RenderTableCell {TD} at (28,16) size 9x16 [border: none] [r=1 c=3 rs=1 cs=1]
                      RenderText {#text} at (2,1) size 6x14
                        text run at (2,1) width 6: "  "
                    RenderTableCell {TD} at (37,16) size 9x16 [border: none] [r=1 c=4 rs=1 cs=1]
                      RenderText {#text} at (1,1) size 6x14
                        text run at (1,1) width 6: "  "
