layer at (0,0) size 980x735
  RenderView at (0,0) size 980x735
layer at (0,0) size 980x735
  RenderBlock {HTML} at (0,0) size 980x735
    RenderBody {BODY} at (8,8) size 964x719
      RenderBlock {P} at (0,0) size 964x19
        RenderText {#text} at (0,0) size 117x19
          text run at (0,0) width 117: "This test is for "
        RenderInline {A} at (0,0) size 372x19 [color=#0000EE]
          RenderText {#text} at (117,0) size 372x19
            text run at (117,0) width 372: "http://bugs.webkit.org/show_bug.cgi?id=14498"
        RenderText {#text} at (489,0) size 5x19
          text run at (489,0) width 5: "."
      RenderBlock {P} at (0,35) size 964x19
        RenderText {#text} at (0,0) size 511x19
          text run at (0,0) width 511: "Click inside the right border. The caret should move after \x{201C}bar\x{201D}."
      RenderBlock (anonymous) at (0,70) size 964x19
        RenderInline {SPAN} at (0,0) size 78x39 [border: (10px solid #0000FF)]
          RenderText {#text} at (0,0) size 0x0
          RenderBlock {DIV} at (10,0) size 26x19
            RenderText {#text} at (0,0) size 26x19
              text run at (0,0) width 26: "foo"
          RenderText {#text} at (36,0) size 5x19
            text run at (36,0) width 5: " "
          RenderBlock {DIV} at (41,0) size 27x19
            RenderText {#text} at (0,0) size 27x19
              text run at (0,0) width 27: "bar"
          RenderText {#text} at (0,0) size 0x0
        RenderText {#text} at (0,0) size 0x0
caret: position 3 of child 0 {#text} of child 3 {DIV} of child 5 {SPAN} of body
