layer at (0,0) size 980x735
  RenderView at (0,0) size 980x735
layer at (0,0) size 980x735
  RenderBlock {HTML} at (0,0) size 980x735
    RenderBody {BODY} at (8,8) size 964x719
      RenderText {#text} at (0,0) size 930x38
        text run at (0,0) width 930: "It is not clear what the right behavior is here. The CSS2.1 draft is currently ambiguous about how to handle overflow"
        text run at (0,19) width 55: "blocks."
      RenderBR {BR} at (55,34) size 0x0
      RenderText {#text} at (104,268) size 5x19
        text run at (104,268) width 5: " "
      RenderText {#text} at (0,0) size 0x0
layer at (8,87) size 104x204 clip at (10,89) size 85x200 scrollHeight 494
  RenderBlock {DIV} at (0,79) size 104x204 [border: (2px solid #800080)]
    RenderText {#text} at (2,2) size 85x38
      text run at (2,2) width 49: "This is"
      text run at (2,21) width 85: "some text."
    RenderBR {BR} at (87,36) size 0x0
    RenderText {#text} at (2,40) size 85x38
      text run at (2,40) width 49: "This is"
      text run at (2,59) width 85: "some text."
    RenderBR {BR} at (87,74) size 0x0
    RenderText {#text} at (2,78) size 85x38
      text run at (2,78) width 49: "This is"
      text run at (2,97) width 85: "some text."
    RenderBR {BR} at (87,112) size 0x0
    RenderText {#text} at (2,116) size 85x38
      text run at (2,116) width 49: "This is"
      text run at (2,135) width 85: "some text."
    RenderBR {BR} at (87,150) size 0x0
    RenderText {#text} at (2,154) size 85x38
      text run at (2,154) width 49: "This is"
      text run at (2,173) width 85: "some text."
    RenderBR {BR} at (87,188) size 0x0
    RenderText {#text} at (2,192) size 85x38
      text run at (2,192) width 49: "This is"
      text run at (2,211) width 85: "some text."
    RenderBR {BR} at (87,226) size 0x0
    RenderText {#text} at (2,230) size 85x38
      text run at (2,230) width 49: "This is"
      text run at (2,249) width 85: "some text."
    RenderBR {BR} at (87,264) size 0x0
    RenderText {#text} at (2,268) size 85x38
      text run at (2,268) width 49: "This is"
      text run at (2,287) width 85: "some text."
    RenderBR {BR} at (87,302) size 0x0
    RenderText {#text} at (2,306) size 85x38
      text run at (2,306) width 49: "This is"
      text run at (2,325) width 85: "some text."
    RenderBR {BR} at (87,340) size 0x0
    RenderText {#text} at (2,344) size 85x38
      text run at (2,344) width 49: "This is"
      text run at (2,363) width 85: "some text."
    RenderBR {BR} at (87,378) size 0x0
    RenderText {#text} at (2,382) size 85x38
      text run at (2,382) width 49: "This is"
      text run at (2,401) width 85: "some text."
    RenderBR {BR} at (87,416) size 0x0
    RenderText {#text} at (2,420) size 85x38
      text run at (2,420) width 49: "This is"
      text run at (2,439) width 85: "some text."
    RenderBR {BR} at (87,454) size 0x0
    RenderText {#text} at (2,458) size 85x38
      text run at (2,458) width 49: "This is"
      text run at (2,477) width 85: "some text."
    RenderBR {BR} at (87,492) size 0x0
layer at (117,46) size 204x404 clip at (119,48) size 200x400
  RenderBlock {DIV} at (109,38) size 204x404 [border: (2px solid #000000)]
    RenderText {#text} at (2,2) size 139x19
      text run at (2,2) width 139: "This is some text."
    RenderBR {BR} at (141,17) size 0x0
    RenderText {#text} at (2,21) size 139x19
      text run at (2,21) width 139: "This is some text."
    RenderBR {BR} at (141,36) size 0x0
    RenderText {#text} at (2,40) size 139x19
      text run at (2,40) width 139: "This is some text."
    RenderBR {BR} at (141,55) size 0x0
    RenderText {#text} at (2,59) size 139x19
      text run at (2,59) width 139: "This is some text."
    RenderBR {BR} at (141,74) size 0x0
    RenderText {#text} at (2,78) size 139x19
      text run at (2,78) width 139: "This is some text."
    RenderBR {BR} at (141,93) size 0x0
    RenderText {#text} at (2,97) size 139x19
      text run at (2,97) width 139: "This is some text."
    RenderBR {BR} at (141,112) size 0x0
    RenderText {#text} at (2,116) size 139x19
      text run at (2,116) width 139: "This is some text."
    RenderBR {BR} at (141,131) size 0x0
    RenderText {#text} at (2,135) size 139x19
      text run at (2,135) width 139: "This is some text."
    RenderBR {BR} at (141,150) size 0x0
    RenderText {#text} at (2,154) size 139x19
      text run at (2,154) width 139: "This is some text."
    RenderBR {BR} at (141,169) size 0x0
    RenderText {#text} at (2,173) size 139x19
      text run at (2,173) width 139: "This is some text."
    RenderBR {BR} at (141,188) size 0x0
    RenderText {#text} at (2,192) size 139x19
      text run at (2,192) width 139: "This is some text."
    RenderBR {BR} at (141,207) size 0x0
    RenderText {#text} at (2,211) size 139x19
      text run at (2,211) width 139: "This is some text."
    RenderBR {BR} at (141,226) size 0x0
    RenderText {#text} at (2,230) size 139x19
      text run at (2,230) width 139: "This is some text."
    RenderBR {BR} at (141,245) size 0x0
