layer at (0,0) size 800x600
  RenderView at (0,0) size 800x600
layer at (0,0) size 800x36
  RenderBlock {HTML} at (0,0) size 800x36
layer at (8,12) size 784x12
  RenderBody {BODY} at (8,12) size 784x12
    RenderBlock {P} at (0,0) size 784x12
      RenderText {#text} at (0,0) size 365x11
        text run at (0,0) width 365: "In a pixel test, you should see a plain white background."
