layer at (0,0) size 800x600
  RenderView at (0,0) size 800x600
layer at (0,0) size 800x346
  RenderBlock {HTML} at (0,0) size 800x346
    RenderBody {BODY} at (8,12) size 784x326
      RenderBlock {P} at (0,0) size 784x12
        RenderText {#text} at (0,0) size 433x11
          text run at (0,0) width 433: "Test for repaint in a composited layer. You should see no red below."
layer at (8,36) size 202x302
  RenderBlock {DIV} at (0,24) size 202x302 [border: (1px solid #000000)]
    RenderBlock {DIV} at (51,51) size 100x100 [bgcolor=#008000]
