layer at (0,0) size 800x600
  RenderView at (0,0) size 800x600
layer at (0,0) size 800x246
  RenderBlock {HTML} at (0,0) size 800x246
    RenderBody {BODY} at (8,12) size 784x226
      RenderBlock {P} at (0,0) size 784x12
        RenderText {#text} at (0,0) size 436x11
          text run at (0,0) width 436: "This test should not assert, and you should see a fully green square."
layer at (8,36) size 202x202
  RenderBlock (relative positioned) {DIV} at (0,24) size 202x202 [border: (1px solid #000000)]
layer at (29,57) size 52x52
  RenderBlock {DIV} at (21,21) size 52x52 [border: (1px solid #000000)]
layer at (109,137) size 80x80
  RenderBlock (positioned) {DIV} at (101,101) size 80x80 [bgcolor=#008000]
