layer at (0,0) size 980x735
  RenderView at (0,0) size 980x735
layer at (0,0) size 980x735
  RenderSVGRoot {svg} at (0,0) size 300x100
    RenderSVGForeignObject {foreignObject} at (0,0) size 300x100
      RenderBlock {html} at (0,0) size 300x19
        RenderBlock {p} at (0,0) size 300x19
          RenderText {#text} at (0,0) size 169x19
            text run at (0,0) width 169: "This should not crash"
        RenderBlock (anonymous) at (0,35) size 300x0
          RenderInline {g} at (0,0) size 0x0
          RenderText {#text} at (0,0) size 0x0
