layer at (0,0) size 980x735
  RenderView at (0,0) size 980x735
layer at (0,0) size 980x735
  RenderSVGRoot {svg} at (0,0) size 300x100
    RenderSVGForeignObject {foreignObject} at (0,0) size 300x100
      RenderBlock {html} at (0,0) size 300x774
        RenderBlock {p} at (0,0) size 300x19
          RenderText {#text} at (0,0) size 261x19
            text run at (0,0) width 261: "Test from HTML in foreignObject"
        RenderBlock (anonymous) at (0,35) size 300x739
          RenderSVGRoot {svg} at (0,35) size 300x54
            RenderSVGRect {rect} at (0,35) size 20x20 [fill={[type=SOLID] [color=#008000]}] [x=0.00] [y=0.00] [width=20.00] [height=20.00]
            RenderSVGText {text} at (0,35) size 318x19 contains 1 chunk(s)
              RenderSVGInlineText {#text} at (0,0) size 318x19
                chunk 1 text run 1 at (0.00,50.00) startOffset 0 endOffset 38 width 318.00: "Test from SVG in HTML in foreignObject"
          RenderText {#text} at (0,0) size 0x0
