layer at (0,0) size 800x600
  RenderView at (0,0) size 800x600
layer at (0,0) size 800x600
  RenderBlock {HTML} at (0,0) size 800x600
    RenderBody {BODY} at (8,8) size 780x584
layer at (632,8) size 160x584
  RenderBlock {P} at (0,0) size 160x584 [border: (10px solid #800000)]
    RenderText {#text} at (30,30) size 14x121
      text run at (30,30) width 121: "This is some column text."
    RenderBR {BR} at (41,151) size 0x0
    RenderText {#text} at (44,30) size 14x121
      text run at (44,30) width 121: "This is some column text."
    RenderBR {BR} at (55,151) size 0x0
    RenderText {#text} at (58,30) size 14x121
      text run at (58,30) width 121: "This is some column text."
    RenderBR {BR} at (69,151) size 0x0
    RenderText {#text} at (72,30) size 14x121
      text run at (72,30) width 121: "This is some column text."
    RenderBR {BR} at (83,151) size 0x0
    RenderText {#text} at (86,30) size 14x121
      text run at (86,30) width 121: "This is some column text."
    RenderBR {BR} at (97,151) size 0x0
    RenderText {#text} at (100,30) size 14x121
      text run at (100,30) width 121: "This is some column text."
    RenderBR {BR} at (111,151) size 0x0
    RenderText {#text} at (114,30) size 14x121
      text run at (114,30) width 121: "This is some column text."
    RenderBR {BR} at (125,151) size 0x0
    RenderText {#text} at (130,30) size 14x121
      text run at (130,30) width 121: "This is some column text."
    RenderBR {BR} at (141,151) size 0x0
    RenderText {#text} at (144,30) size 14x121
      text run at (144,30) width 121: "This is some column text."
    RenderBR {BR} at (155,151) size 0x0
    RenderText {#text} at (158,30) size 14x121
      text run at (158,30) width 121: "This is some column text."
    RenderBR {BR} at (169,151) size 0x0
    RenderText {#text} at (172,30) size 14x121
      text run at (172,30) width 121: "This is some column text."
    RenderBR {BR} at (183,151) size 0x0
    RenderText {#text} at (186,30) size 14x121
      text run at (186,30) width 121: "This is some column text."
    RenderBR {BR} at (197,151) size 0x0
    RenderText {#text} at (200,30) size 14x121
      text run at (200,30) width 121: "This is some column text."
    RenderBR {BR} at (211,151) size 0x0
layer at (460,8) size 160x584
  RenderBlock {P} at (172,0) size 160x584 [border: (10px solid #800000)]
    RenderText {#text} at (30,75) size 14x121
      text run at (30,75) width 3 RTL: "."
      text run at (30,78) width 118: "This is some column text"
    RenderBR {BR} at (41,75) size 0x0
    RenderText {#text} at (44,75) size 14x121
      text run at (44,75) width 3 RTL: "."
      text run at (44,78) width 118: "This is some column text"
    RenderBR {BR} at (55,75) size 0x0
    RenderText {#text} at (58,75) size 14x121
      text run at (58,75) width 3 RTL: "."
      text run at (58,78) width 118: "This is some column text"
    RenderBR {BR} at (69,75) size 0x0
    RenderText {#text} at (72,75) size 14x121
      text run at (72,75) width 3 RTL: "."
      text run at (72,78) width 118: "This is some column text"
    RenderBR {BR} at (83,75) size 0x0
    RenderText {#text} at (86,75) size 14x121
      text run at (86,75) width 3 RTL: "."
      text run at (86,78) width 118: "This is some column text"
    RenderBR {BR} at (97,75) size 0x0
    RenderText {#text} at (100,75) size 14x121
      text run at (100,75) width 3 RTL: "."
      text run at (100,78) width 118: "This is some column text"
    RenderBR {BR} at (111,75) size 0x0
    RenderText {#text} at (114,75) size 14x121
      text run at (114,75) width 3 RTL: "."
      text run at (114,78) width 118: "This is some column text"
    RenderBR {BR} at (125,75) size 0x0
    RenderText {#text} at (130,75) size 14x121
      text run at (130,75) width 3 RTL: "."
      text run at (130,78) width 118: "This is some column text"
    RenderBR {BR} at (141,75) size 0x0
    RenderText {#text} at (144,75) size 14x121
      text run at (144,75) width 3 RTL: "."
      text run at (144,78) width 118: "This is some column text"
    RenderBR {BR} at (155,75) size 0x0
    RenderText {#text} at (158,75) size 14x121
      text run at (158,75) width 3 RTL: "."
      text run at (158,78) width 118: "This is some column text"
    RenderBR {BR} at (169,75) size 0x0
    RenderText {#text} at (172,75) size 14x121
      text run at (172,75) width 3 RTL: "."
      text run at (172,78) width 118: "This is some column text"
    RenderBR {BR} at (183,75) size 0x0
    RenderText {#text} at (186,75) size 14x121
      text run at (186,75) width 3 RTL: "."
      text run at (186,78) width 118: "This is some column text"
    RenderBR {BR} at (197,75) size 0x0
    RenderText {#text} at (200,75) size 14x121
      text run at (200,75) width 3 RTL: "."
      text run at (200,78) width 118: "This is some column text"
    RenderBR {BR} at (211,75) size 0x0
