layer at (0,0) size 800x643
  RenderView at (0,0) size 800x600
layer at (0,0) size 800x600
  RenderBlock {HTML} at (0,0) size 800x600
    RenderBody {BODY} at (8,8) size 784x584
      RenderBlock (floating) {DIV} at (0,0) size 100x200 [bgcolor=#00FF00]
layer at (704,208) size 88x435
  RenderBlock {DIV} at (0,200) size 88x435 [border: (10px solid #000000)]
    RenderBlock {P} at (22,10) size 98x201
      RenderText {#text} at (0,0) size 98x201
        text run at (0,0) width 201: "This technology preview of our award"
        text run at (14,0) width 161: "winning next generation browser "
        text run at (14,161) width 40: "is a sign"
        text run at (28,0) width 201: "of things to come from Mozilla. Powerful"
        text run at (42,0) width 106: "yet easy to use. This "
        text run at (42,106) width 95: "maintenance release"
        text run at (56,0) width 201: "provides a few updates based on user"
        text run at (70,0) width 120: "feedback - including "
        text run at (70,120) width 81: "changes to the"
        text run at (84,0) width 201: "Extension System and icon improvements."
