layer at (0,0) size 800x1208
  RenderView at (0,0) size 800x600
layer at (0,0) size 800x600
  RenderBlock {HTML} at (0,0) size 800x600
    RenderBody {BODY} at (8,8) size 784x1200
layer at (388,8) size 404x1200
  RenderBlock {DIV} at (0,0) size 404x1200 [border: (2px solid #000000)]
    RenderText {#text} at (2,2) size 14x83
      text run at (2,2) width 83: "This is some text."
    RenderBR {BR} at (13,85) size 0x0
    RenderText {#text} at (16,2) size 14x83
      text run at (16,2) width 83: "This is some text."
    RenderBR {BR} at (27,85) size 0x0
    RenderText {#text} at (30,2) size 14x83
      text run at (30,2) width 83: "This is some text."
    RenderBR {BR} at (41,85) size 0x0
    RenderText {#text} at (44,2) size 14x83
      text run at (44,2) width 83: "This is some text."
    RenderBR {BR} at (55,85) size 0x0
    RenderText {#text} at (58,2) size 14x83
      text run at (58,2) width 83: "This is some text."
    RenderBR {BR} at (69,85) size 0x0
    RenderText {#text} at (72,2) size 14x83
      text run at (72,2) width 83: "This is some text."
    RenderBR {BR} at (83,85) size 0x0
    RenderText {#text} at (86,2) size 14x83
      text run at (86,2) width 83: "This is some text."
    RenderBR {BR} at (97,85) size 0x0
    RenderText {#text} at (100,2) size 14x83
      text run at (100,2) width 83: "This is some text."
    RenderBR {BR} at (111,85) size 0x0
    RenderText {#text} at (114,2) size 14x83
      text run at (114,2) width 83: "This is some text."
    RenderBR {BR} at (125,85) size 0x0
    RenderText {#text} at (128,2) size 14x83
      text run at (128,2) width 83: "This is some text."
    RenderBR {BR} at (139,85) size 0x0
    RenderImage {IMG} at (402,2) size 300x250 [bgcolor=#008000]
    RenderText {#text} at (402,252) size 14x83
      text run at (402,252) width 83: "This is some text."
    RenderBR {BR} at (413,335) size 0x0
    RenderText {#text} at (416,252) size 14x83
      text run at (416,252) width 83: "This is some text."
    RenderBR {BR} at (427,335) size 0x0
    RenderText {#text} at (430,252) size 14x83
      text run at (430,252) width 83: "This is some text."
    RenderBR {BR} at (441,335) size 0x0
    RenderText {#text} at (444,252) size 14x83
      text run at (444,252) width 83: "This is some text."
    RenderBR {BR} at (455,335) size 0x0
    RenderText {#text} at (458,252) size 14x83
      text run at (458,252) width 83: "This is some text."
    RenderBR {BR} at (469,335) size 0x0
    RenderText {#text} at (472,252) size 14x83
      text run at (472,252) width 83: "This is some text."
    RenderBR {BR} at (483,335) size 0x0
    RenderText {#text} at (486,252) size 14x83
      text run at (486,252) width 83: "This is some text."
    RenderBR {BR} at (497,335) size 0x0
    RenderText {#text} at (500,252) size 14x83
      text run at (500,252) width 83: "This is some text."
    RenderBR {BR} at (511,335) size 0x0
    RenderText {#text} at (514,252) size 14x83
      text run at (514,252) width 83: "This is some text."
    RenderBR {BR} at (525,335) size 0x0
    RenderText {#text} at (528,252) size 14x83
      text run at (528,252) width 83: "This is some text."
    RenderBR {BR} at (539,335) size 0x0
    RenderText {#text} at (542,252) size 14x83
      text run at (542,252) width 83: "This is some text."
    RenderBR {BR} at (553,335) size 0x0
    RenderText {#text} at (556,252) size 14x83
      text run at (556,252) width 83: "This is some text."
    RenderBR {BR} at (567,335) size 0x0
    RenderText {#text} at (570,252) size 14x83
      text run at (570,252) width 83: "This is some text."
    RenderBR {BR} at (581,335) size 0x0
    RenderText {#text} at (584,252) size 14x83
      text run at (584,252) width 83: "This is some text."
    RenderBR {BR} at (595,335) size 0x0
    RenderText {#text} at (598,252) size 14x83
      text run at (598,252) width 83: "This is some text."
    RenderBR {BR} at (609,335) size 0x0
    RenderText {#text} at (612,252) size 14x83
      text run at (612,252) width 83: "This is some text."
    RenderBR {BR} at (623,335) size 0x0
    RenderText {#text} at (626,252) size 14x83
      text run at (626,252) width 83: "This is some text."
    RenderBR {BR} at (637,335) size 0x0
    RenderText {#text} at (640,252) size 14x83
      text run at (640,252) width 83: "This is some text."
    RenderBR {BR} at (651,335) size 0x0
    RenderText {#text} at (654,252) size 14x83
      text run at (654,252) width 83: "This is some text."
    RenderBR {BR} at (665,335) size 0x0
    RenderText {#text} at (668,252) size 14x83
      text run at (668,252) width 83: "This is some text."
    RenderBR {BR} at (679,335) size 0x0
    RenderText {#text} at (682,252) size 14x83
      text run at (682,252) width 83: "This is some text."
    RenderBR {BR} at (693,335) size 0x0
    RenderText {#text} at (696,252) size 14x83
      text run at (696,252) width 83: "This is some text."
    RenderBR {BR} at (707,335) size 0x0
    RenderText {#text} at (710,2) size 14x83
      text run at (710,2) width 83: "This is some text."
    RenderBR {BR} at (721,85) size 0x0
    RenderText {#text} at (724,2) size 14x83
      text run at (724,2) width 83: "This is some text."
    RenderBR {BR} at (735,85) size 0x0
    RenderText {#text} at (738,2) size 14x83
      text run at (738,2) width 83: "This is some text."
    RenderBR {BR} at (749,85) size 0x0
    RenderText {#text} at (752,2) size 14x83
      text run at (752,2) width 83: "This is some text."
    RenderBR {BR} at (763,85) size 0x0
    RenderText {#text} at (766,2) size 14x83
      text run at (766,2) width 83: "This is some text."
    RenderBR {BR} at (777,85) size 0x0
    RenderText {#text} at (780,2) size 14x83
      text run at (780,2) width 83: "This is some text."
    RenderBR {BR} at (791,85) size 0x0
    RenderText {#text} at (802,2) size 14x83
      text run at (802,2) width 83: "This is some text."
    RenderBR {BR} at (813,85) size 0x0
    RenderText {#text} at (816,2) size 14x83
      text run at (816,2) width 83: "This is some text."
    RenderBR {BR} at (827,85) size 0x0
