layer at (0,0) size 800x778
  RenderView at (0,0) size 800x600
layer at (0,0) size 800x600
  RenderBlock {HTML} at (0,0) size 800x600
    RenderBody {BODY} at (8,8) size 784x584
layer at (472,8) size 320x770
  RenderBlock {DIV} at (0,0) size 320x770 [border: (5px solid #000000)]
    RenderBlock {DIV} at (10,10) size 250x369
    RenderBlock (anonymous) at (310,10) size 158x369
      RenderBlock {DIV} at (0,0) size 158x227 [border: (2px solid #008000)]
        RenderText {#text} at (2,2) size 14x223
          text run at (2,2) width 223: "All of this text should be in the second column."
        RenderBR {BR} at (13,225) size 0x0
        RenderText {#text} at (16,2) size 14x223
          text run at (16,2) width 223: "All of this text should be in the second column."
        RenderBR {BR} at (27,225) size 0x0
        RenderText {#text} at (30,2) size 14x223
          text run at (30,2) width 223: "All of this text should be in the second column."
        RenderBR {BR} at (41,225) size 0x0
        RenderText {#text} at (44,2) size 14x223
          text run at (44,2) width 223: "All of this text should be in the second column."
        RenderBR {BR} at (55,225) size 0x0
        RenderText {#text} at (58,2) size 14x223
          text run at (58,2) width 223: "All of this text should be in the second column."
        RenderBR {BR} at (69,225) size 0x0
        RenderText {#text} at (72,2) size 14x223
          text run at (72,2) width 223: "All of this text should be in the second column."
        RenderBR {BR} at (83,225) size 0x0
        RenderText {#text} at (86,2) size 14x223
          text run at (86,2) width 223: "All of this text should be in the second column."
        RenderBR {BR} at (97,225) size 0x0
        RenderText {#text} at (100,2) size 14x223
          text run at (100,2) width 223: "All of this text should be in the second column."
        RenderBR {BR} at (111,225) size 0x0
        RenderText {#text} at (114,2) size 14x223
          text run at (114,2) width 223: "All of this text should be in the second column."
        RenderBR {BR} at (125,225) size 0x0
        RenderText {#text} at (128,2) size 14x223
          text run at (128,2) width 223: "All of this text should be in the second column."
        RenderBR {BR} at (139,225) size 0x0
        RenderText {#text} at (142,2) size 14x223
          text run at (142,2) width 223: "All of this text should be in the second column."
        RenderBR {BR} at (153,225) size 0x0
      RenderText {#text} at (0,0) size 0x0
