layer at (0,0) size 980x735
  RenderView at (0,0) size 980x735
layer at (0,0) size 980x353
  RenderBlock {HTML} at (0,0) size 980x353
    RenderBody {BODY} at (8,16) size 964x329
      RenderBlock {P} at (0,0) size 964x19
        RenderText {#text} at (0,0) size 519x19
          text run at (0,0) width 519: "Test passes if the blue box is vertically centered in the black box."
layer at (8,51) size 294x294
  RenderBlock (relative positioned) {DIV} at (0,35) size 294x294 [border: (3px solid #000000)]
layer at (11,174) size 288x48
  RenderBlock (positioned) {DIV} at (3,123) size 288x48 [bgcolor=#0000FF]
