layer at (0,0) size 980x735
  RenderView at (0,0) size 980x735
layer at (0,0) size 980x104
  RenderBlock {HTML} at (0,0) size 980x104
    RenderBody {BODY} at (8,16) size 964x80
      RenderBlock {P} at (0,0) size 964x19
        RenderText {#text} at (0,0) size 179x19
          text run at (0,0) width 179: "There must be no red."
layer at (8,51) size 45x45
  RenderBlock (relative positioned) {DIV} at (0,35) size 45x45
    RenderBlock {DIV} at (0,0) size 45x15 [border: none (15px solid #FF0000) none]
    RenderBlock {DIV} at (0,15) size 45x15 [border: none (15px solid #FF0000)]
    RenderBlock {DIV} at (15,30) size 15x15 [bgcolor=#FF0000]
layer at (8,66) size 15x15
  RenderImage {IMG} at (0,15) size 15x15 [bgcolor=#FF0000]
layer at (23,81) size 15x15
  RenderImage {IMG} at (15,30) size 15x15 [bgcolor=#FF0000]
layer at (38,51) size 15x15
  RenderImage {IMG} at (30,0) size 15x15 [bgcolor=#FF0000]
