layer at (0,0) size 980x735
  RenderView at (0,0) size 980x735
layer at (0,0) size 980x77
  RenderBlock {HTML} at (0,0) size 980x77
    RenderBody {BODY} at (8,16) size 964x53
      RenderBlock {P} at (0,0) size 964x19
        RenderText {#text} at (0,0) size 654x19
          text run at (0,0) width 654: "Test passes if there is a single blue box below and it does not touch the black line."
layer at (8,51) size 964x18
  RenderBlock (relative positioned) {DIV} at (0,35) size 964x18 [border: (3px solid #000000) none]
layer at (8,150) size 15x15
  RenderImage {IMG} at (0,99) size 15x15
layer at (23,150) size 15x15
  RenderBlock (relative positioned) {DIV} at (0,3) size 15x15 [bgcolor=#0000FF]
