layer at (0,0) size 980x735
  RenderView at (0,0) size 980x735
layer at (0,0) size 980x70
  RenderBlock {HTML} at (0,0) size 980x70
    RenderBody {BODY} at (8,16) size 964x38
      RenderBlock {P} at (0,0) size 964x38
        RenderText {#text} at (0,0) size 924x38
          text run at (0,0) width 912: "Below, on the right edge of the page, there should be a green square. In the middle of such green square, a black"
          text run at (0,19) width 924: "horizontal stripe should be traversing it and protruding out of it toward the left. There should be no red in this page."
layer at (844,70) size 128x128
  RenderBlock (positioned) {DIV} at (844,70) size 128x128 [bgcolor=#FF0000]
    RenderBlock (floating) {DIV} at (0,0) size 128x128 [bgcolor=#008000]
      RenderText {#text} at (-128,48) size 256x32
        text run at (-128,48) width 256: "XXXXXXXX"
