layer at (0,0) size 980x735
  RenderView at (0,0) size 980x735
layer at (0,0) size 980x257
  RenderBlock {HTML} at (0,0) size 980x257
    RenderBody {BODY} at (8,16) size 964x233
      RenderBlock {P} at (0,0) size 964x19
        RenderText {#text} at (0,0) size 785x19
          text run at (0,0) width 785: "Test passes if there is blue rectangle, and not a square, in the upper-right corner of the black box."
layer at (8,51) size 198x198
  RenderBlock (relative positioned) {DIV} at (0,35) size 198x198 [border: (3px solid #000000)]
layer at (107,54) size 96x48
  RenderBlock (positioned) {DIV} at (99,3) size 96x48 [bgcolor=#0000FF]
    RenderText {#text} at (0,0) size 96x96
      text run at (0,0) width 96: " "
