layer at (0,0) size 980x735
  RenderView at (0,0) size 980x735
layer at (0,0) size 980x19
  RenderBlock {HTML} at (0,0) size 980x19
    RenderBody {BODY} at (0,0) size 980x19
      RenderBlock {P} at (0,0) size 980x19
        RenderText {#text} at (0,0) size 660x19
          text run at (0,0) width 660: "Test passes the a filled blue square touches the upper-left corner of the black box."
layer at (0,96) size 294x198
  RenderBlock (positioned) {DIV} at (0,96) size 294x198 [border: (3px solid #000000)]
layer at (3,99) size 96x96
  RenderBlock (positioned) {DIV} at (3,99) size 96x96 [bgcolor=#0000FF]
