layer at (0,0) size 980x735
  RenderView at (0,0) size 980x735
layer at (0,0) size 980x276
  RenderBlock {HTML} at (0,0) size 980x276
    RenderBody {BODY} at (8,16) size 964x252
      RenderBlock {P} at (0,0) size 964x38
        RenderText {#text} at (0,0) size 955x38
          text run at (0,0) width 955: "Test passes if the blue and orange boxes below are the same width, and the blue box is in the upper-right corner of the"
          text run at (0,19) width 81: "black box."
layer at (8,70) size 198x198
  RenderBlock (relative positioned) {DIV} at (0,54) size 198x198 [border: (3px solid #000000)]
    RenderBlock {DIV} at (99,99) size 96x96 [bgcolor=#FFA500]
layer at (107,73) size 96x96
  RenderImage {IMG} at (99,3) size 96x96
