layer at (0,0) size 980x735
  RenderView at (0,0) size 980x735
layer at (0,0) size 980x276
  RenderBlock {HTML} at (0,0) size 980x276
    RenderBody {BODY} at (8,16) size 964x252
      RenderBlock {P} at (0,0) size 964x38
        RenderText {#text} at (0,0) size 944x38
          text run at (0,0) width 944: "Test passes if the blue and orange boxes below are the same width, and the blue box is in the upper-left corner of the"
          text run at (0,19) width 81: "black box."
      RenderBlock {DIV} at (0,54) size 198x198 [border: (3px solid #000000)]
        RenderBlock {DIV} at (3,18) size 15x15 [bgcolor=#FFA500]
layer at (11,73) size 15x15
  RenderImage {IMG} at (11,73) size 15x15
