layer at (0,0) size 980x735
  RenderView at (0,0) size 980x735
layer at (0,0) size 980x307
  RenderBlock {HTML} at (0,0) size 980x307
    RenderBody {BODY} at (8,16) size 964x283
      RenderBlock {P} at (0,0) size 964x19
        RenderText {#text} at (0,0) size 404x19
          text run at (0,0) width 404: "There must be two green boxes below and no red."
layer at (16,51) size 120x120
  RenderBlock (relative positioned) {DIV} at (8,35) size 120x120 [bgcolor=#008000]
layer at (26,61) size 32x60
  RenderBlock (positioned) {DIV} at (10,10) size 32x60 [bgcolor=#FF0000]
layer at (16,51) size 100x120
  RenderBlock (relative positioned) {DIV} at (0,0) size 100x120 [border: (10px solid #00000000)]
layer at (16,179) size 120x120
  RenderBlock (relative positioned) {DIV} at (8,163) size 120x120 [bgcolor=#008000]
layer at (16,179) size 100x120
  RenderBlock (relative positioned) {DIV} at (0,0) size 100x120 [border: (10px solid #00000000)]
layer at (26,189) size 32x60
  RenderBlock (positioned) {DIV} at (10,10) size 32x60
