layer at (0,0) size 980x735
  RenderView at (0,0) size 980x735
layer at (0,0) size 980x299
  RenderBlock {HTML} at (0,0) size 980x299
    RenderBody {BODY} at (8,16) size 964x275
      RenderBlock {P} at (0,0) size 964x19
        RenderText {#text} at (0,0) size 838x19
          text run at (0,0) width 838: "Test passes if there is a blue and orange square below and there is no vertical gap between the squares."
      RenderTable {DIV} at (0,35) size 120x240
        RenderBlock {DIV} at (0,0) size 120x120 [border: (10px solid #0000FF)]
        RenderBlock {DIV} at (0,120) size 120x120 [border: (10px solid #FFA500)]
