layer at (0,0) size 980x735
  RenderView at (0,0) size 980x735
layer at (0,0) size 980x51
  RenderBlock {HTML} at (0,0) size 980x51
    RenderBody {BODY} at (8,16) size 964x19
      RenderBlock {P} at (0,0) size 964x19
        RenderText {#text} at (0,0) size 191x19
          text run at (0,0) width 191: "There should be no red."
layer at (8,147) size 100x100
  RenderBlock (positioned) {DIV} at (0,32) size 100x100 [bgcolor=#FF0000]
layer at (8,147) size 100x100
  RenderBlock (positioned) {DIV} at (0,64) size 100x100 [bgcolor=#008000]
