layer at (0,0) size 980x735
  RenderView at (0,0) size 980x735
layer at (0,0) size 980x427 layerType: background only
layer at (8,131) size 528x144
  RenderBlock (relative positioned) zI: -1 {DIV} at (0,144) size 528x144 [border: (24px solid #FF0000)]
layer at (128,35) size 240x336
  RenderBlock (relative positioned) {DIV} at (120,24) size 240x336 [bgcolor=#FF0000] [border: (24px solid #FF0000)]
layer at (0,0) size 980x427 layerType: foreground only
  RenderBlock {HTML} at (0,0) size 980x427
    RenderBody {BODY} at (8,16) size 964x403
      RenderBlock {P} at (0,0) size 964x19
        RenderText {#text} at (0,0) size 390x19
          text run at (0,0) width 390: "Test passes if there is no red visible on the page."
      RenderBlock {DIV} at (0,115) size 964x288
        RenderBlock {DIV} at (0,0) size 528x144 [border: (24px solid #008000)]
          RenderInline {SPAN} at (0,0) size 240x336 [bgcolor=#008000] [border: (24px solid #008000)]
          RenderText {#text} at (0,0) size 0x0
