layer at (0,0) size 980x735
  RenderView at (0,0) size 980x735
layer at (0,0) size 980x257
  RenderBlock {HTML} at (0,0) size 980x257
    RenderBody {BODY} at (8,16) size 964x233
      RenderBlock {P} at (0,0) size 964x19
        RenderText {#text} at (0,0) size 571x19
          text run at (0,0) width 571: "Test passes if the blue box is horizontally centered inside the black box."
      RenderBlock {DIV} at (0,35) size 198x198 [border: (3px solid #000000)]
        RenderImage {IMG} at (51,3) size 96x96 [bgcolor=#0000FF]
