layer at (0,0) size 980x735
  RenderView at (0,0) size 980x735
layer at (0,0) size 980x147
  RenderBlock {HTML} at (0,0) size 980x147
    RenderBody {BODY} at (8,16) size 964x19
      RenderBlock {P} at (0,0) size 964x19
        RenderText {#text} at (0,0) size 390x19
          text run at (0,0) width 390: "Test passes if there is no red visible on the page."
      RenderBlock (floating) {DIV} at (0,35) size 96x96 [color=#008000] [bgcolor=#FF0000]
        RenderText {#text} at (0,0) size 96x96
          text run at (0,0) width 96: "X"
