layer at (0,0) size 980x735
  RenderView at (0,0) size 980x735
layer at (0,0) size 980x198
  RenderBlock {HTML} at (0,0) size 980x198
    RenderBody {BODY} at (8,16) size 964x38
      RenderBlock {P} at (0,0) size 964x38
        RenderText {#text} at (0,0) size 964x38
          text run at (0,0) width 964: "Below there should be a green square. In the middle of such green square, a black horizontal stripe should be traversing"
          text run at (0,19) width 633: "it and protruding out of it toward the right. There should be no red in this page."
      RenderBlock (floating) {DIV} at (0,54) size 128x128 [bgcolor=#FF0000]
        RenderBlock {SPAN} at (0,0) size 128x128 [bgcolor=#008000]
          RenderText {#text} at (0,48) size 256x32
            text run at (0,48) width 256: "XXXXXXXX"
