layer at (0,0) size 980x735
  RenderView at (0,0) size 980x735
layer at (0,0) size 980x159 layerType: background only
layer at (8,51) size 100x100
  RenderBlock (positioned) zI: -1 {DIV} at (8,51) size 100x100 [bgcolor=#FF0000]
layer at (0,0) size 980x159 layerType: foreground only
  RenderBlock {HTML} at (0,0) size 980x159
    RenderBody {BODY} at (8,16) size 964x135
      RenderBlock {P} at (0,0) size 964x19
        RenderText {#text} at (0,0) size 383x19
          text run at (0,0) width 383: "Test passes if there is a filled green square and "
        RenderInline {STRONG} at (0,0) size 58x19
          RenderText {#text} at (383,0) size 58x19
            text run at (383,0) width 58: "no red"
        RenderText {#text} at (441,0) size 5x19
          text run at (441,0) width 5: "."
      RenderTable {DIV} at (0,35) size 100x100 [bgcolor=#008000] [border: (25px solid #008000)]
