layer at (0,0) size 980x735
  RenderView at (0,0) size 980x735
layer at (0,0) size 980x257
  RenderBlock {HTML} at (0,0) size 980x257
    RenderBody {BODY} at (8,16) size 964x233
      RenderBlock {P} at (0,0) size 964x19
        RenderText {#text} at (0,0) size 611x19
          text run at (0,0) width 611: "Test passes if the blue box below is in the upper-left corner of the black box."
      RenderBlock {DIV} at (0,35) size 198x198 [border: (3px solid #000000)]
        RenderText {#text} at (0,0) size 0x0
layer at (8,51) size 96x96
  RenderInline (relative positioned) {SPAN} at (0,0) size 96x96 [color=#0000FF]
    RenderText {#text} at (3,3) size 96x96
      text run at (3,3) width 96: "X"
