layer at (0,0) size 980x735
  RenderView at (0,0) size 980x735
layer at (0,0) size 980x80
  RenderBlock {HTML} at (0,0) size 980x80
    RenderBody {BODY} at (8,16) size 964x56
      RenderBlock {P} at (0,0) size 964x19
        RenderText {#text} at (0,0) size 702x19
          text run at (0,0) width 702: "Test passes if there is no white space between the blue box below and the orange lines."
      RenderBlock {DIV} at (0,35) size 96x21 [border: (3px solid #FFA500) none (3px solid #FFA500) none]
        RenderImage {IMG} at (0,3) size 15x15
        RenderText {#text} at (0,0) size 0x0
