layer at (0,0) size 980x735
  RenderView at (0,0) size 980x735
layer at (0,0) size 980x372
  RenderBlock {HTML} at (0,0) size 980x372
    RenderBody {BODY} at (8,16) size 964x348
      RenderBlock {P} at (0,0) size 964x38
        RenderText {#text} at (0,0) size 944x38
          text run at (0,0) width 944: "Test passes if the blue and orange boxes below are the same width, and the blue box is in the upper-left corner of the"
          text run at (0,19) width 81: "black box."
      RenderBlock {DIV} at (0,54) size 198x294 [border: (3px solid #000000)]
        RenderBlock (anonymous) at (3,3) size 192x100
          RenderImage {IMG} at (0,0) size 96x96
          RenderText {#text} at (0,0) size 0x0
        RenderBlock {DIV} at (3,103) size 96x96 [bgcolor=#FFA500]
