layer at (0,0) size 980x735
  RenderView at (0,0) size 980x735
layer at (0,0) size 980x155
  RenderBlock {HTML} at (0,0) size 980x155
    RenderBody {BODY} at (8,16) size 964x131
      RenderBlock {P} at (0,0) size 964x19
        RenderText {#text} at (0,0) size 390x19
          text run at (0,0) width 390: "Test passes if there is no red visible on the page."
      RenderBlock (anonymous) at (0,35) size 964x96
        RenderBlock {DIV} at (0,0) size 96x96 [color=#0000FF] [bgcolor=#FF0000]
          RenderText {#text} at (0,0) size 96x96
            text run at (0,0) width 96: "X"
        RenderText {#text} at (0,0) size 0x0
