layer at (0,0) size 980x735
  RenderView at (0,0) size 980x735
layer at (0,0) size 980x259
  RenderBlock {HTML} at (0,0) size 980x259
    RenderBody {BODY} at (8,16) size 964x235
      RenderBlock {P} at (0,0) size 964x19
        RenderText {#text} at (0,0) size 243x19
          text run at (0,0) width 243: "There should be no red below."
      RenderBlock {DIV} at (0,35) size 600x200 [bgcolor=#FF0000]
        RenderBlock {P} at (0,0) size 600x100 [bgcolor=#008000]
          RenderImage {IMG} at (0,0) size 100x100
          RenderImage {IMG} at (0,100) size 600x100
          RenderText {#text} at (0,0) size 0x0
