layer at (0,0) size 980x735
  RenderView at (0,0) size 980x735
layer at (0,0) size 980x193
  RenderBlock {HTML} at (0,0) size 980x193
    RenderBody {BODY} at (8,8) size 964x177
      RenderBlock {DIV} at (0,0) size 964x19
        RenderText {#text} at (0,0) size 373x19
          text run at (0,0) width 373: "All twenty images should be identically square."
      RenderBlock (anonymous) at (0,19) size 964x158
        RenderInline {P} at (0,0) size 75x19
          RenderImage {IMG} at (0,0) size 75x75
        RenderText {#text} at (75,60) size 5x19
          text run at (75,60) width 5: " "
        RenderText {#text} at (0,0) size 0x0
        RenderInline {P} at (0,0) size 75x19
          RenderImage {IMG} at (80,0) size 75x75
        RenderText {#text} at (155,60) size 5x19
          text run at (155,60) width 5: " "
        RenderText {#text} at (0,0) size 0x0
        RenderInline {P} at (0,0) size 75x19
          RenderImage {IMG} at (160,0) size 75x75
        RenderText {#text} at (235,60) size 5x19
          text run at (235,60) width 5: " "
        RenderText {#text} at (0,0) size 0x0
        RenderInline {P} at (0,0) size 75x19
          RenderImage {IMG} at (240,0) size 75x75
        RenderText {#text} at (315,60) size 5x19
          text run at (315,60) width 5: " "
        RenderText {#text} at (0,0) size 0x0
        RenderInline {P} at (0,0) size 75x19
          RenderImage {IMG} at (320,0) size 75x75
        RenderText {#text} at (395,60) size 5x19
          text run at (395,60) width 5: " "
        RenderText {#text} at (0,0) size 0x0
        RenderInline {P} at (0,0) size 75x19
          RenderImage {IMG} at (400,0) size 75x75
        RenderText {#text} at (475,60) size 5x19
          text run at (475,60) width 5: " "
        RenderText {#text} at (0,0) size 0x0
        RenderInline {P} at (0,0) size 75x19
          RenderImage {IMG} at (480,0) size 75x75
        RenderText {#text} at (555,60) size 5x19
          text run at (555,60) width 5: " "
        RenderText {#text} at (0,0) size 0x0
        RenderInline {P} at (0,0) size 75x19
          RenderImage {IMG} at (560,0) size 75x75
        RenderText {#text} at (635,60) size 5x19
          text run at (635,60) width 5: " "
        RenderText {#text} at (0,0) size 0x0
        RenderInline {P} at (0,0) size 75x19
          RenderImage {IMG} at (640,0) size 75x75
        RenderText {#text} at (715,60) size 5x19
          text run at (715,60) width 5: " "
        RenderText {#text} at (0,0) size 0x0
        RenderInline {P} at (0,0) size 75x19
          RenderImage {IMG} at (720,0) size 75x75
        RenderText {#text} at (795,60) size 5x19
          text run at (795,60) width 5: " "
        RenderText {#text} at (0,0) size 0x0
        RenderInline {P} at (0,0) size 75x19
          RenderImage {IMG} at (800,0) size 75x75
        RenderText {#text} at (875,60) size 5x19
          text run at (875,60) width 5: " "
        RenderText {#text} at (0,0) size 0x0
        RenderInline {P} at (0,0) size 75x19
          RenderImage {IMG} at (880,0) size 75x75
        RenderText {#text} at (0,0) size 0x0
        RenderText {#text} at (0,0) size 0x0
        RenderInline {P} at (0,0) size 75x19
          RenderImage {IMG} at (0,79) size 75x75
        RenderText {#text} at (75,139) size 5x19
          text run at (75,139) width 5: " "
        RenderText {#text} at (0,0) size 0x0
        RenderInline {P} at (0,0) size 75x19
          RenderImage {IMG} at (80,79) size 75x75
        RenderText {#text} at (155,139) size 5x19
          text run at (155,139) width 5: " "
        RenderText {#text} at (0,0) size 0x0
        RenderInline {P} at (0,0) size 75x19
          RenderImage {IMG} at (160,79) size 75x75
        RenderText {#text} at (235,139) size 5x19
          text run at (235,139) width 5: " "
        RenderText {#text} at (0,0) size 0x0
        RenderInline {P} at (0,0) size 75x19
          RenderImage {IMG} at (240,79) size 75x75
        RenderText {#text} at (315,139) size 5x19
          text run at (315,139) width 5: " "
        RenderText {#text} at (0,0) size 0x0
        RenderInline {P} at (0,0) size 75x19
          RenderImage {IMG} at (320,79) size 75x75
        RenderText {#text} at (395,139) size 5x19
          text run at (395,139) width 5: " "
        RenderText {#text} at (0,0) size 0x0
        RenderInline {P} at (0,0) size 75x19
          RenderImage {IMG} at (400,79) size 75x75
        RenderText {#text} at (475,139) size 5x19
          text run at (475,139) width 5: " "
        RenderText {#text} at (0,0) size 0x0
        RenderInline {P} at (0,0) size 75x19
          RenderImage {IMG} at (480,79) size 75x75
        RenderText {#text} at (555,139) size 5x19
          text run at (555,139) width 5: " "
        RenderText {#text} at (0,0) size 0x0
        RenderInline {P} at (0,0) size 75x19
          RenderImage {IMG} at (560,79) size 75x75
        RenderText {#text} at (0,0) size 0x0
        RenderText {#text} at (0,0) size 0x0
