layer at (0,0) size 980x735
  RenderView at (0,0) size 980x735
layer at (0,0) size 980x163
  RenderBlock {HTML} at (0,0) size 980x163
    RenderBody {BODY} at (8,16) size 964x139
      RenderBlock {P} at (0,0) size 964x19
        RenderText {#text} at (0,0) size 367x19
          text run at (0,0) width 367: "There must be a green box below and no red."
      RenderBlock {DIV} at (0,35) size 964x104
        RenderEmbeddedObject {OBJECT} at (0,0) size 100x100 [bgcolor=#008000] [border: (20px solid #FF0000)]
          layer at (0,0) size 60x60
            RenderView at (0,0) size 60x60
          layer at (0,0) size 60x60
            RenderSVGRoot {svg} at (0,0) size 0x0
        RenderText {#text} at (0,0) size 0x0
layer at (8,51) size 100x100
  RenderBlock (positioned) {DIV} at (8,51) size 100x100 [border: (20px solid #008000)]
