layer at (0,0) size 980x735
  RenderView at (0,0) size 980x735
layer at (8,8) size 150x268 layerType: background only
layer at (6,120) size 154x154
  RenderBlock (positioned) zI: -1 {P} at (6,120) size 154x154 [bgcolor=#FF0000] [border: (2px solid #00FF00)]
    RenderText zI: -1 {#text} at (2,2) size 117x57
      text run at (2,2) width 113: "FAIL (absolute"
      text run at (2,21) width 117: "positioning not"
      text run at (2,40) width 87: "supported)"
layer at (8,8) size 150x268 layerType: foreground only
  RenderBlock {HTML} at (8,8) size 150x268
    RenderBody {BODY} at (0,0) size 150x268
      RenderBlock {P} at (0,0) size 150x114
        RenderText {#text} at (0,0) size 144x114
          text run at (0,0) width 144: "There should be a"
          text run at (0,19) width 107: "green square"
          text run at (0,38) width 118: "below this line,"
          text run at (0,57) width 108: "exactly fitting"
          text run at (0,76) width 134: "inside a 2px lime"
          text run at (0,95) width 59: "border."
      RenderBlock {P} at (0,114) size 150x154
        RenderEmbeddedObject {OBJECT} at (0,0) size 150x150
          layer at (0,0) size 150x150
            RenderView at (0,0) size 150x150
          layer at (0,0) size 150x150
            RenderSVGRoot {svg} at (0,0) size 150x150
              RenderSVGRect {rect} at (0,0) size 150x150 [fill={[type=SOLID] [color=#008000]}] [x=0.00] [y=0.00] [width=300.00] [height=200.00]
