layer at (0,0) size 980x735
  RenderView at (0,0) size 980x735
layer at (0,0) size 980x174
  RenderBlock {HTML} at (0,0) size 980x174
    RenderBody {BODY} at (8,16) size 964x150
      RenderBlock {P} at (0,0) size 964x19
        RenderText {#text} at (0,0) size 377x19
          text run at (0,0) width 377: "Test passes if the \"Filler Text\" is above the box."
      RenderTable {DIV} at (0,35) size 96x115
        RenderBlock {DIV} at (0,0) size 96x19
          RenderText {#text} at (0,0) size 78x19
            text run at (0,0) width 78: "Filler Text"
        RenderTableSection (anonymous) at (0,19) size 96x96
          RenderTableRow {DIV} at (0,0) size 96x48
            RenderTableCell {DIV} at (0,0) size 48x0 [bgcolor=#000000] [r=0 c=0 rs=1 cs=1]
            RenderTableCell {DIV} at (48,0) size 48x0 [bgcolor=#000000] [r=0 c=1 rs=1 cs=1]
          RenderTableRow {DIV} at (0,48) size 96x48
            RenderTableCell {DIV} at (0,48) size 48x0 [bgcolor=#000000] [r=1 c=0 rs=1 cs=1]
            RenderTableCell {DIV} at (48,48) size 48x0 [bgcolor=#000000] [r=1 c=1 rs=1 cs=1]
