layer at (0,0) size 980x735
  RenderView at (0,0) size 980x735
layer at (0,0) size 980x297
  RenderBlock {HTML} at (0,0) size 980x297
    RenderBody {BODY} at (8,16) size 964x273
      RenderBlock {P} at (0,0) size 964x19
        RenderText {#text} at (0,0) size 813x19
          text run at (0,0) width 813: "Test passes if the top square below has \"Filler Text\" directly above it and the bottom square does not."
      RenderTable {DIV} at (0,35) size 100x119
        RenderBlock {DIV} at (0,0) size 100x19
          RenderText {#text} at (0,0) size 78x19
            text run at (0,0) width 78: "Filler Text"
        RenderTableSection (anonymous) at (0,19) size 100x100
          RenderTableRow {DIV} at (0,0) size 100x50
            RenderTableCell {DIV} at (0,0) size 50x0 [bgcolor=#000000] [r=0 c=0 rs=1 cs=1]
            RenderTableCell {DIV} at (50,0) size 50x0 [bgcolor=#000000] [r=0 c=1 rs=1 cs=1]
          RenderTableRow {DIV} at (0,50) size 100x50
            RenderTableCell {DIV} at (0,50) size 50x0 [bgcolor=#000000] [r=1 c=0 rs=1 cs=1]
            RenderTableCell {DIV} at (50,50) size 50x0 [bgcolor=#000000] [r=1 c=1 rs=1 cs=1]
      RenderBlock {DIV} at (0,154) size 964x19
        RenderText {#text} at (0,0) size 5x19
          text run at (0,0) width 5: " "
      RenderTable {DIV} at (0,173) size 100x100
        RenderTableSection (anonymous) at (0,0) size 100x100
          RenderTableRow {DIV} at (0,0) size 100x50
            RenderTableCell {DIV} at (0,0) size 50x0 [bgcolor=#000000] [r=0 c=0 rs=1 cs=1]
            RenderTableCell {DIV} at (50,0) size 50x0 [bgcolor=#000000] [r=0 c=1 rs=1 cs=1]
          RenderTableRow {DIV} at (0,50) size 100x50
            RenderTableCell {DIV} at (0,50) size 50x0 [bgcolor=#000000] [r=1 c=0 rs=1 cs=1]
            RenderTableCell {DIV} at (50,50) size 50x0 [bgcolor=#000000] [r=1 c=1 rs=1 cs=1]
