layer at (0,0) size 980x735
  RenderView at (0,0) size 980x735
layer at (0,0) size 980x74
  RenderBlock {HTML} at (0,0) size 980x74
    RenderBody {BODY} at (8,16) size 964x50
      RenderBlock {P} at (0,0) size 964x19
        RenderText {#text} at (0,0) size 644x19
          text run at (0,0) width 644: "Test passes if the blue square is the same size or larger than the orange square."
layer at (8,51) size 964x15
  RenderBlock (relative positioned) {DIV} at (0,35) size 964x15
layer at (8,51) size 15x15
  RenderBlock (relative positioned) {DIV} at (0,0) size 15x15 [bgcolor=#FFA500]
layer at (32,51) size 96x96
  RenderImage {IMG} at (24,0) size 96x96
