layer at (0,0) size 980x735
  RenderView at (0,0) size 980x735
layer at (0,0) size 980x78
  RenderBlock {HTML} at (0,0) size 980x78
    RenderBody {BODY} at (8,16) size 964x54
      RenderBlock {P} at (0,0) size 964x19
        RenderText {#text} at (0,0) size 651x19
          text run at (0,0) width 651: "Test passes if the left and right borders start and end where the 'Filler Text' does."
      RenderBlock {DIV} at (0,35) size 964x19
        RenderInline {SPAN} at (0,0) size 337x19 [border: none (5px solid #000000) none (5px solid #000000)]
          RenderText {#text} at (5,0) size 327x19
            text run at (5,0) width 327: "Filler Text Filler Text Filler Text Filler Text"
        RenderText {#text} at (0,0) size 0x0
