layer at (0,0) size 980x735
  RenderView at (0,0) size 980x735
layer at (0,0) size 980x735
  RenderBlock {HTML} at (0,0) size 980x735
    RenderBody {BODY} at (8,8) size 964x719
      RenderBlock {P} at (0,0) size 964x19
        RenderText {#text} at (0,0) size 540x19
          text run at (0,0) width 540: "Test appearances of input-speech-button in <input type='search'>."
      RenderBlock {DIV} at (0,35) size 964x0
      RenderBlock {DIV} at (0,35) size 964x531
        RenderTable {TABLE} at (0,0) size 783x531
          RenderTableSection {TBODY} at (0,0) size 783x531
            RenderTableRow {TR} at (0,2) size 783x527
              RenderTableCell {TD} at (2,2) size 197x527 [r=0 c=0 rs=1 cs=1]
                RenderBlock {DIV} at (1,1) size 195x525
                  RenderTextControl {INPUT} at (0,0) size 109x19 [bgcolor=#FFFFFF]
                    RenderDeprecatedFlexibleBox {DIV} at (4,6) size 102x9
                      RenderBlock {DIV} at (0,4) size 0x0
                      RenderBlock {DIV} at (0,0) size 94x9
                      RenderBlock {DIV} at (94,0) size 8x8
                  RenderBR {BR} at (109,13) size 0x0
                  RenderTextControl {INPUT} at (0,19) size 109x19 [bgcolor=#FFFFFF]
                    RenderDeprecatedFlexibleBox {DIV} at (4,6) size 102x9
                      RenderBlock {DIV} at (0,4) size 0x0
                      RenderBlock {DIV} at (0,0) size 94x9
                      RenderBlock {DIV} at (94,0) size 8x8
                  RenderBR {BR} at (109,32) size 0x0
                  RenderTextControl {INPUT} at (0,38) size 109x19 [bgcolor=#FFFFFF]
                    RenderDeprecatedFlexibleBox {DIV} at (4,6) size 102x9
                      RenderBlock {DIV} at (0,4) size 0x0
                      RenderBlock {DIV} at (0,0) size 94x9
                      RenderBlock {DIV} at (94,0) size 8x8
                  RenderBR {BR} at (109,51) size 0x0
                  RenderTextControl {INPUT} at (0,57) size 129x20 [bgcolor=#FFFFFF]
                    RenderDeprecatedFlexibleBox {DIV} at (4,6) size 122x10
                      RenderBlock {DIV} at (0,5) size 0x0
                      RenderBlock {DIV} at (0,0) size 113x10
                      RenderBlock {DIV} at (113,0) size 9x9
                  RenderBR {BR} at (129,71) size 0x0
                  RenderTextControl {INPUT} at (0,77) size 129x20 [bgcolor=#FFFFFF]
                    RenderDeprecatedFlexibleBox {DIV} at (4,6) size 122x10
                      RenderBlock {DIV} at (0,5) size 0x0
                      RenderBlock {DIV} at (0,0) size 113x10
                      RenderBlock {DIV} at (113,0) size 9x9
                  RenderBR {BR} at (129,91) size 0x0
                  RenderTextControl {INPUT} at (0,97) size 129x20 [bgcolor=#FFFFFF]
                    RenderDeprecatedFlexibleBox {DIV} at (4,6) size 122x10
                      RenderBlock {DIV} at (0,5) size 0x0
                      RenderBlock {DIV} at (0,0) size 113x10
                      RenderBlock {DIV} at (113,0) size 9x9
                  RenderBR {BR} at (129,111) size 0x0
                  RenderTextControl {INPUT} at (0,117) size 130x22 [bgcolor=#FFFFFF]
                    RenderDeprecatedFlexibleBox {DIV} at (4,6) size 123x12
                      RenderBlock {DIV} at (0,6) size 0x0
                      RenderBlock {DIV} at (0,0) size 113x12
                      RenderBlock {DIV} at (113,1) size 10x10
                  RenderBR {BR} at (130,132) size 0x0
                  RenderTextControl {INPUT} at (0,139) size 130x22 [bgcolor=#FFFFFF]
                    RenderDeprecatedFlexibleBox {DIV} at (4,6) size 123x12
                      RenderBlock {DIV} at (0,6) size 0x0
                      RenderBlock {DIV} at (0,0) size 113x12
                      RenderBlock {DIV} at (113,1) size 10x10
                  RenderBR {BR} at (130,154) size 0x0
                  RenderTextControl {INPUT} at (0,161) size 130x22 [bgcolor=#FFFFFF]
                    RenderDeprecatedFlexibleBox {DIV} at (4,6) size 123x12
                      RenderBlock {DIV} at (0,6) size 0x0
                      RenderBlock {DIV} at (0,0) size 113x12
                      RenderBlock {DIV} at (113,1) size 10x10
                  RenderBR {BR} at (130,176) size 0x0
                  RenderTextControl {INPUT} at (2,185) size 150x23 [bgcolor=#FFFFFF]
                    RenderDeprecatedFlexibleBox {DIV} at (4,6) size 143x13
                      RenderBlock {DIV} at (0,6) size 0x0
                      RenderBlock {DIV} at (0,0) size 132x13
                      RenderBlock {DIV} at (132,1) size 11x11
                  RenderBR {BR} at (154,201) size 0x0
                  RenderTextControl {INPUT} at (2,212) size 150x23 [bgcolor=#FFFFFF]
                    RenderDeprecatedFlexibleBox {DIV} at (4,6) size 143x13
                      RenderBlock {DIV} at (0,6) size 0x0
                      RenderBlock {DIV} at (0,0) size 132x13
                      RenderBlock {DIV} at (132,1) size 11x11
                  RenderBR {BR} at (154,228) size 0x0
                  RenderTextControl {INPUT} at (2,239) size 150x23 [bgcolor=#FFFFFF]
                    RenderDeprecatedFlexibleBox {DIV} at (4,6) size 143x13
                      RenderBlock {DIV} at (0,6) size 0x0
                      RenderBlock {DIV} at (0,0) size 132x13
                      RenderBlock {DIV} at (132,1) size 11x11
                  RenderBR {BR} at (154,255) size 0x0
                  RenderTextControl {INPUT} at (2,266) size 170x24 [bgcolor=#FFFFFF]
                    RenderDeprecatedFlexibleBox {DIV} at (4,6) size 163x14
                      RenderBlock {DIV} at (0,7) size 0x0
                      RenderBlock {DIV} at (0,0) size 151x14
                      RenderBlock {DIV} at (151,1) size 12x12
                  RenderBR {BR} at (174,283) size 0x0
                  RenderTextControl {INPUT} at (2,294) size 170x24 [bgcolor=#FFFFFF]
                    RenderDeprecatedFlexibleBox {DIV} at (4,6) size 163x14
                      RenderBlock {DIV} at (0,7) size 0x0
                      RenderBlock {DIV} at (0,0) size 151x14
                      RenderBlock {DIV} at (151,1) size 12x12
                  RenderBR {BR} at (174,311) size 0x0
                  RenderTextControl {INPUT} at (2,322) size 170x24 [bgcolor=#FFFFFF]
                    RenderDeprecatedFlexibleBox {DIV} at (4,6) size 163x14
                      RenderBlock {DIV} at (0,7) size 0x0
                      RenderBlock {DIV} at (0,0) size 151x14
                      RenderBlock {DIV} at (151,1) size 12x12
                  RenderBR {BR} at (174,339) size 0x0
                  RenderTextControl {INPUT} at (2,350) size 171x25 [bgcolor=#FFFFFF]
                    RenderDeprecatedFlexibleBox {DIV} at (4,6) size 164x15
                      RenderBlock {DIV} at (0,7) size 0x0
                      RenderBlock {DIV} at (0,0) size 151x15
                      RenderBlock {DIV} at (151,1) size 13x13
                  RenderBR {BR} at (175,368) size 0x0
                  RenderTextControl {INPUT} at (2,379) size 171x25 [bgcolor=#FFFFFF]
                    RenderDeprecatedFlexibleBox {DIV} at (4,6) size 164x15
                      RenderBlock {DIV} at (0,7) size 0x0
                      RenderBlock {DIV} at (0,0) size 151x15
                      RenderBlock {DIV} at (151,1) size 13x13
                  RenderBR {BR} at (175,397) size 0x0
                  RenderTextControl {INPUT} at (2,408) size 171x25 [bgcolor=#FFFFFF]
                    RenderDeprecatedFlexibleBox {DIV} at (4,6) size 164x15
                      RenderBlock {DIV} at (0,7) size 0x0
                      RenderBlock {DIV} at (0,0) size 151x15
                      RenderBlock {DIV} at (151,1) size 13x13
                  RenderBR {BR} at (175,426) size 0x0
                  RenderTextControl {INPUT} at (2,437) size 191x26 [bgcolor=#FFFFFF]
                    RenderDeprecatedFlexibleBox {DIV} at (4,6) size 184x16
                      RenderBlock {DIV} at (0,8) size 0x0
                      RenderBlock {DIV} at (0,0) size 170x16
                      RenderBlock {DIV} at (170,1) size 14x14
                  RenderBR {BR} at (195,456) size 0x0
                  RenderTextControl {INPUT} at (2,467) size 191x26 [bgcolor=#FFFFFF]
                    RenderDeprecatedFlexibleBox {DIV} at (4,6) size 184x16
                      RenderBlock {DIV} at (0,8) size 0x0
                      RenderBlock {DIV} at (0,0) size 170x16
                      RenderBlock {DIV} at (170,1) size 14x14
                  RenderBR {BR} at (195,486) size 0x0
                  RenderTextControl {INPUT} at (2,497) size 191x26 [bgcolor=#FFFFFF]
                    RenderDeprecatedFlexibleBox {DIV} at (4,6) size 184x16
                      RenderBlock {DIV} at (0,8) size 0x0
                      RenderBlock {DIV} at (0,0) size 170x16
                      RenderBlock {DIV} at (170,1) size 14x14
                  RenderBR {BR} at (195,516) size 0x0
              RenderTableCell {TD} at (201,11) size 259x509 [r=0 c=1 rs=1 cs=1]
                RenderBlock {DIV} at (1,1) size 257x507
                  RenderTextControl {INPUT} at (2,2) size 211x27 [bgcolor=#FFFFFF]
                    RenderDeprecatedFlexibleBox {DIV} at (4,6) size 204x17
                      RenderBlock {DIV} at (0,8) size 0x0
                      RenderBlock {DIV} at (0,0) size 189x17
                      RenderBlock {DIV} at (189,1) size 15x15
                  RenderBR {BR} at (215,22) size 0x0
                  RenderTextControl {INPUT} at (2,33) size 211x27 [bgcolor=#FFFFFF]
                    RenderDeprecatedFlexibleBox {DIV} at (4,6) size 204x17
                      RenderBlock {DIV} at (0,8) size 0x0
                      RenderBlock {DIV} at (0,0) size 189x17
                      RenderBlock {DIV} at (189,1) size 15x15
                  RenderBR {BR} at (215,53) size 0x0
                  RenderTextControl {INPUT} at (2,64) size 211x27 [bgcolor=#FFFFFF]
                    RenderDeprecatedFlexibleBox {DIV} at (4,6) size 204x17
                      RenderBlock {DIV} at (0,8) size 0x0
                      RenderBlock {DIV} at (0,0) size 189x17
                      RenderBlock {DIV} at (189,1) size 15x15
                  RenderBR {BR} at (215,84) size 0x0
                  RenderTextControl {INPUT} at (2,95) size 212x29 [bgcolor=#FFFFFF]
                    RenderDeprecatedFlexibleBox {DIV} at (4,6) size 205x19
                      RenderBlock {DIV} at (0,9) size 0x0
                      RenderBlock {DIV} at (0,0) size 189x19
                      RenderBlock {DIV} at (189,1) size 16x16
                  RenderBR {BR} at (216,116) size 0x0
                  RenderTextControl {INPUT} at (2,128) size 212x29 [bgcolor=#FFFFFF]
                    RenderDeprecatedFlexibleBox {DIV} at (4,6) size 205x19
                      RenderBlock {DIV} at (0,9) size 0x0
                      RenderBlock {DIV} at (0,0) size 189x19
                      RenderBlock {DIV} at (189,1) size 16x16
                  RenderBR {BR} at (216,149) size 0x0
                  RenderTextControl {INPUT} at (2,161) size 212x29 [bgcolor=#FFFFFF]
                    RenderDeprecatedFlexibleBox {DIV} at (4,6) size 205x19
                      RenderBlock {DIV} at (0,9) size 0x0
                      RenderBlock {DIV} at (0,0) size 189x19
                      RenderBlock {DIV} at (189,1) size 16x16
                  RenderBR {BR} at (216,182) size 0x0
                  RenderTextControl {INPUT} at (2,194) size 232x30 [bgcolor=#FFFFFF]
                    RenderDeprecatedFlexibleBox {DIV} at (4,6) size 225x20
                      RenderBlock {DIV} at (0,10) size 0x0
                      RenderBlock {DIV} at (0,0) size 208x20
                      RenderBlock {DIV} at (208,1) size 17x17
                  RenderBR {BR} at (236,216) size 0x0
                  RenderTextControl {INPUT} at (2,228) size 232x30 [bgcolor=#FFFFFF]
                    RenderDeprecatedFlexibleBox {DIV} at (4,6) size 225x20
                      RenderBlock {DIV} at (0,10) size 0x0
                      RenderBlock {DIV} at (0,0) size 208x20
                      RenderBlock {DIV} at (208,1) size 17x17
                  RenderBR {BR} at (236,250) size 0x0
                  RenderTextControl {INPUT} at (2,262) size 232x30 [bgcolor=#FFFFFF]
                    RenderDeprecatedFlexibleBox {DIV} at (4,6) size 225x20
                      RenderBlock {DIV} at (0,10) size 0x0
                      RenderBlock {DIV} at (0,0) size 208x20
                      RenderBlock {DIV} at (208,1) size 17x17
                  RenderBR {BR} at (236,284) size 0x0
                  RenderTextControl {INPUT} at (2,296) size 233x31 [bgcolor=#FFFFFF]
                    RenderDeprecatedFlexibleBox {DIV} at (4,6) size 226x21
                      RenderBlock {DIV} at (0,10) size 0x0
                      RenderBlock {DIV} at (0,0) size 208x21
                      RenderBlock {DIV} at (208,1) size 18x18
                  RenderBR {BR} at (237,319) size 0x0
                  RenderTextControl {INPUT} at (2,331) size 233x31 [bgcolor=#FFFFFF]
                    RenderDeprecatedFlexibleBox {DIV} at (4,6) size 226x21
                      RenderBlock {DIV} at (0,10) size 0x0
                      RenderBlock {DIV} at (0,0) size 208x21
                      RenderBlock {DIV} at (208,1) size 18x18
                  RenderBR {BR} at (237,354) size 0x0
                  RenderTextControl {INPUT} at (2,366) size 233x31 [bgcolor=#FFFFFF]
                    RenderDeprecatedFlexibleBox {DIV} at (4,6) size 226x21
                      RenderBlock {DIV} at (0,10) size 0x0
                      RenderBlock {DIV} at (0,0) size 208x21
                      RenderBlock {DIV} at (208,1) size 18x18
                  RenderBR {BR} at (237,389) size 0x0
                  RenderTextControl {INPUT} at (2,401) size 253x32 [bgcolor=#FFFFFF]
                    RenderDeprecatedFlexibleBox {DIV} at (4,6) size 246x22
                      RenderBlock {DIV} at (0,11) size 0x0
                      RenderBlock {DIV} at (0,0) size 227x22
                      RenderBlock {DIV} at (227,1) size 19x19
                  RenderBR {BR} at (257,425) size 0x0
                  RenderTextControl {INPUT} at (2,437) size 253x32 [bgcolor=#FFFFFF]
                    RenderDeprecatedFlexibleBox {DIV} at (4,6) size 246x22
                      RenderBlock {DIV} at (0,11) size 0x0
                      RenderBlock {DIV} at (0,0) size 227x22
                      RenderBlock {DIV} at (227,1) size 19x19
                  RenderBR {BR} at (257,461) size 0x0
                  RenderTextControl {INPUT} at (2,473) size 253x32 [bgcolor=#FFFFFF]
                    RenderDeprecatedFlexibleBox {DIV} at (4,6) size 246x22
                      RenderBlock {DIV} at (0,11) size 0x0
                      RenderBlock {DIV} at (0,0) size 227x22
                      RenderBlock {DIV} at (227,1) size 19x19
                  RenderBR {BR} at (257,497) size 0x0
              RenderTableCell {TD} at (462,30) size 319x470 [r=0 c=2 rs=1 cs=1]
                RenderBlock {DIV} at (1,1) size 317x468
                  RenderTextControl {INPUT} at (2,2) size 273x33 [bgcolor=#FFFFFF]
                    RenderDeprecatedFlexibleBox {DIV} at (4,6) size 266x23
                      RenderBlock {DIV} at (0,11) size 0x0
                      RenderBlock {DIV} at (0,0) size 246x23
                      RenderBlock {DIV} at (246,1) size 20x20
                  RenderBR {BR} at (277,27) size 0x0
                  RenderTextControl {INPUT} at (2,39) size 273x33 [bgcolor=#FFFFFF]
                    RenderDeprecatedFlexibleBox {DIV} at (4,6) size 266x23
                      RenderBlock {DIV} at (0,11) size 0x0
                      RenderBlock {DIV} at (0,0) size 246x23
                      RenderBlock {DIV} at (246,1) size 20x20
                  RenderBR {BR} at (277,64) size 0x0
                  RenderTextControl {INPUT} at (2,76) size 273x33 [bgcolor=#FFFFFF]
                    RenderDeprecatedFlexibleBox {DIV} at (4,6) size 266x23
                      RenderBlock {DIV} at (0,11) size 0x0
                      RenderBlock {DIV} at (0,0) size 246x23
                      RenderBlock {DIV} at (246,1) size 20x20
                  RenderBR {BR} at (277,101) size 0x0
                  RenderTextControl {INPUT} at (2,113) size 274x34 [bgcolor=#FFFFFF]
                    RenderDeprecatedFlexibleBox {DIV} at (4,6) size 267x24
                      RenderBlock {DIV} at (0,12) size 0x0
                      RenderBlock {DIV} at (0,0) size 246x24
                      RenderBlock {DIV} at (246,1) size 21x21
                  RenderBR {BR} at (278,139) size 0x0
                  RenderTextControl {INPUT} at (2,151) size 274x34 [bgcolor=#FFFFFF]
                    RenderDeprecatedFlexibleBox {DIV} at (4,6) size 267x24
                      RenderBlock {DIV} at (0,12) size 0x0
                      RenderBlock {DIV} at (0,0) size 246x24
                      RenderBlock {DIV} at (246,1) size 21x21
                  RenderBR {BR} at (278,177) size 0x0
                  RenderTextControl {INPUT} at (2,189) size 274x34 [bgcolor=#FFFFFF]
                    RenderDeprecatedFlexibleBox {DIV} at (4,6) size 267x24
                      RenderBlock {DIV} at (0,12) size 0x0
                      RenderBlock {DIV} at (0,0) size 246x24
                      RenderBlock {DIV} at (246,1) size 21x21
                  RenderBR {BR} at (278,215) size 0x0
                  RenderTextControl {INPUT} at (2,227) size 293x36 [bgcolor=#FFFFFF]
                    RenderDeprecatedFlexibleBox {DIV} at (4,6) size 286x26
                      RenderBlock {DIV} at (0,13) size 0x0
                      RenderBlock {DIV} at (0,0) size 265x26
                      RenderBlock {DIV} at (265,2) size 21x21
                  RenderBR {BR} at (297,253) size 0x0
                  RenderTextControl {INPUT} at (2,267) size 293x36 [bgcolor=#FFFFFF]
                    RenderDeprecatedFlexibleBox {DIV} at (4,6) size 286x26
                      RenderBlock {DIV} at (0,13) size 0x0
                      RenderBlock {DIV} at (0,0) size 265x26
                      RenderBlock {DIV} at (265,2) size 21x21
                  RenderBR {BR} at (297,293) size 0x0
                  RenderTextControl {INPUT} at (2,307) size 293x36 [bgcolor=#FFFFFF]
                    RenderDeprecatedFlexibleBox {DIV} at (4,6) size 286x26
                      RenderBlock {DIV} at (0,13) size 0x0
                      RenderBlock {DIV} at (0,0) size 265x26
                      RenderBlock {DIV} at (265,2) size 21x21
                  RenderBR {BR} at (297,333) size 0x0
                  RenderTextControl {INPUT} at (2,347) size 313x37 [bgcolor=#FFFFFF]
                    RenderDeprecatedFlexibleBox {DIV} at (4,6) size 306x27
                      RenderBlock {DIV} at (0,13) size 0x0
                      RenderBlock {DIV} at (0,0) size 285x27
                      RenderBlock {DIV} at (285,3) size 21x21
                  RenderBR {BR} at (317,374) size 0x0
                  RenderTextControl {INPUT} at (2,388) size 313x37 [bgcolor=#FFFFFF]
                    RenderDeprecatedFlexibleBox {DIV} at (4,6) size 306x27
                      RenderBlock {DIV} at (0,13) size 0x0
                      RenderBlock {DIV} at (0,0) size 285x27
                      RenderBlock {DIV} at (285,3) size 21x21
                  RenderBR {BR} at (317,415) size 0x0
                  RenderTextControl {INPUT} at (2,429) size 313x37 [bgcolor=#FFFFFF]
                    RenderDeprecatedFlexibleBox {DIV} at (4,6) size 306x27
                      RenderBlock {DIV} at (0,13) size 0x0
                      RenderBlock {DIV} at (0,0) size 285x27
                      RenderBlock {DIV} at (285,3) size 21x21
                  RenderBR {BR} at (317,456) size 0x0
layer at (15,52) size 94x9
  RenderBlock {DIV} at (0,0) size 94x9
layer at (15,71) size 94x9 scrollWidth 151
  RenderBlock {DIV} at (0,0) size 94x9
    RenderText {#text} at (0,0) size 150x9
      text run at (0,0) width 150: "012345678901234567890123456789"
layer at (15,90) size 94x9 scrollWidth 151
  RenderBlock {DIV} at (0,0) size 94x9
    RenderText {#text} at (0,0) size 150x9
      text run at (0,0) width 150: "012345678901234567890123456789"
layer at (15,109) size 113x10
  RenderBlock {DIV} at (0,0) size 113x10
layer at (15,129) size 113x10 scrollWidth 181
  RenderBlock {DIV} at (0,0) size 113x10
    RenderText {#text} at (0,0) size 180x10
      text run at (0,0) width 180: "012345678901234567890123456789"
layer at (15,149) size 113x10 scrollWidth 181
  RenderBlock {DIV} at (0,0) size 113x10
    RenderText {#text} at (0,0) size 180x10
      text run at (0,0) width 180: "012345678901234567890123456789"
layer at (15,169) size 113x12
  RenderBlock {DIV} at (0,0) size 113x12
layer at (15,191) size 113x12 scrollWidth 181
  RenderBlock {DIV} at (0,0) size 113x12
    RenderText {#text} at (0,0) size 180x11
      text run at (0,0) width 180: "012345678901234567890123456789"
layer at (15,213) size 113x12 scrollWidth 181
  RenderBlock {DIV} at (0,0) size 113x12
    RenderText {#text} at (0,0) size 180x11
      text run at (0,0) width 180: "012345678901234567890123456789"
layer at (17,237) size 132x13
  RenderBlock {DIV} at (0,0) size 132x13
layer at (17,264) size 132x13 scrollWidth 211
  RenderBlock {DIV} at (0,0) size 132x13
    RenderText {#text} at (0,0) size 210x13
      text run at (0,0) width 210: "012345678901234567890123456789"
layer at (17,291) size 132x13 scrollWidth 211
  RenderBlock {DIV} at (0,0) size 132x13
    RenderText {#text} at (0,0) size 210x13
      text run at (0,0) width 210: "012345678901234567890123456789"
layer at (17,318) size 151x14
  RenderBlock {DIV} at (0,0) size 151x14
layer at (17,346) size 151x14 scrollWidth 241
  RenderBlock {DIV} at (0,0) size 151x14
    RenderText {#text} at (0,0) size 240x14
      text run at (0,0) width 240: "012345678901234567890123456789"
layer at (17,374) size 151x14 scrollWidth 241
  RenderBlock {DIV} at (0,0) size 151x14
    RenderText {#text} at (0,0) size 240x14
      text run at (0,0) width 240: "012345678901234567890123456789"
layer at (17,402) size 151x15
  RenderBlock {DIV} at (0,0) size 151x15
layer at (17,431) size 151x15 scrollWidth 241
  RenderBlock {DIV} at (0,0) size 151x15
    RenderText {#text} at (0,0) size 240x15
      text run at (0,0) width 240: "012345678901234567890123456789"
layer at (17,460) size 151x15 scrollWidth 241
  RenderBlock {DIV} at (0,0) size 151x15
    RenderText {#text} at (0,0) size 240x15
      text run at (0,0) width 240: "012345678901234567890123456789"
layer at (17,489) size 170x16
  RenderBlock {DIV} at (0,0) size 170x16
layer at (17,519) size 170x16 scrollWidth 271
  RenderBlock {DIV} at (0,0) size 170x16
    RenderText {#text} at (0,0) size 270x16
      text run at (0,0) width 270: "012345678901234567890123456789"
layer at (17,549) size 170x16 scrollWidth 271
  RenderBlock {DIV} at (0,0) size 170x16
    RenderText {#text} at (0,0) size 270x16
      text run at (0,0) width 270: "012345678901234567890123456789"
layer at (216,63) size 189x17
  RenderBlock {DIV} at (0,0) size 189x17
layer at (216,94) size 189x17 scrollWidth 301 scrollHeight 18
  RenderBlock {DIV} at (0,0) size 189x17
    RenderText {#text} at (0,0) size 300x18
      text run at (0,0) width 300: "012345678901234567890123456789"
layer at (216,125) size 189x17 scrollWidth 301 scrollHeight 18
  RenderBlock {DIV} at (0,0) size 189x17
    RenderText {#text} at (0,0) size 300x18
      text run at (0,0) width 300: "012345678901234567890123456789"
layer at (216,156) size 189x19
  RenderBlock {DIV} at (0,0) size 189x19
layer at (216,189) size 189x19 scrollWidth 301
  RenderBlock {DIV} at (0,0) size 189x19
    RenderText {#text} at (0,0) size 300x19
      text run at (0,0) width 300: "012345678901234567890123456789"
layer at (216,222) size 189x19 scrollWidth 301
  RenderBlock {DIV} at (0,0) size 189x19
    RenderText {#text} at (0,0) size 300x19
      text run at (0,0) width 300: "012345678901234567890123456789"
layer at (216,255) size 208x20
  RenderBlock {DIV} at (0,0) size 208x20
layer at (216,289) size 208x20 scrollWidth 331
  RenderBlock {DIV} at (0,0) size 208x20
    RenderText {#text} at (0,0) size 330x20
      text run at (0,0) width 330: "012345678901234567890123456789"
layer at (216,323) size 208x20 scrollWidth 331
  RenderBlock {DIV} at (0,0) size 208x20
    RenderText {#text} at (0,0) size 330x20
      text run at (0,0) width 330: "012345678901234567890123456789"
layer at (216,357) size 208x21
  RenderBlock {DIV} at (0,0) size 208x21
layer at (216,392) size 208x21 scrollWidth 331
  RenderBlock {DIV} at (0,0) size 208x21
    RenderText {#text} at (0,0) size 330x21
      text run at (0,0) width 330: "012345678901234567890123456789"
layer at (216,427) size 208x21 scrollWidth 331
  RenderBlock {DIV} at (0,0) size 208x21
    RenderText {#text} at (0,0) size 330x21
      text run at (0,0) width 330: "012345678901234567890123456789"
layer at (216,462) size 227x22
  RenderBlock {DIV} at (0,0) size 227x22
layer at (216,498) size 227x22 scrollWidth 361
  RenderBlock {DIV} at (0,0) size 227x22
    RenderText {#text} at (0,0) size 360x22
      text run at (0,0) width 360: "012345678901234567890123456789"
layer at (216,534) size 227x22 scrollWidth 361
  RenderBlock {DIV} at (0,0) size 227x22
    RenderText {#text} at (0,0) size 360x22
      text run at (0,0) width 360: "012345678901234567890123456789"
layer at (477,82) size 246x23
  RenderBlock {DIV} at (0,0) size 246x23
layer at (477,119) size 246x23 scrollWidth 391 scrollHeight 24
  RenderBlock {DIV} at (0,0) size 246x23
    RenderText {#text} at (0,0) size 390x24
      text run at (0,0) width 390: "012345678901234567890123456789"
layer at (477,156) size 246x23 scrollWidth 391 scrollHeight 24
  RenderBlock {DIV} at (0,0) size 246x23
    RenderText {#text} at (0,0) size 390x24
      text run at (0,0) width 390: "012345678901234567890123456789"
layer at (477,193) size 246x24
  RenderBlock {DIV} at (0,0) size 246x24
layer at (477,231) size 246x24 scrollWidth 391 scrollHeight 25
  RenderBlock {DIV} at (0,0) size 246x24
    RenderText {#text} at (0,0) size 390x25
      text run at (0,0) width 390: "012345678901234567890123456789"
layer at (477,269) size 246x24 scrollWidth 391 scrollHeight 25
  RenderBlock {DIV} at (0,0) size 246x24
    RenderText {#text} at (0,0) size 390x25
      text run at (0,0) width 390: "012345678901234567890123456789"
layer at (477,307) size 265x26
  RenderBlock {DIV} at (0,0) size 265x26
layer at (477,347) size 265x26 scrollWidth 421
  RenderBlock {DIV} at (0,0) size 265x26
    RenderText {#text} at (0,0) size 420x25
      text run at (0,0) width 420: "012345678901234567890123456789"
layer at (477,387) size 265x26 scrollWidth 421
  RenderBlock {DIV} at (0,0) size 265x26
    RenderText {#text} at (0,0) size 420x25
      text run at (0,0) width 420: "012345678901234567890123456789"
layer at (477,427) size 285x27
  RenderBlock {DIV} at (0,0) size 285x27
layer at (477,468) size 285x27 scrollWidth 451
  RenderBlock {DIV} at (0,0) size 285x27
    RenderText {#text} at (0,0) size 450x26
      text run at (0,0) width 450: "012345678901234567890123456789"
layer at (477,509) size 285x27 scrollWidth 451
  RenderBlock {DIV} at (0,0) size 285x27
    RenderText {#text} at (0,0) size 450x26
      text run at (0,0) width 450: "012345678901234567890123456789"
