layer at (0,0) size 980x735
  RenderView at (0,0) size 980x735
layer at (0,0) size 980x735
  RenderBlock {HTML} at (0,0) size 980x735
    RenderBody {BODY} at (8,8) size 964x719
      RenderBlock {P} at (0,0) size 964x19
        RenderText {#text} at (0,0) size 335x19
          text run at (0,0) width 335: "Test appearances of input-speech-button."
      RenderBlock {DIV} at (0,35) size 964x0
      RenderBlock {DIV} at (0,35) size 964x356
        RenderTable {TABLE} at (0,0) size 783x356
          RenderTableSection {TBODY} at (0,0) size 783x356
            RenderTableRow {TR} at (0,2) size 783x352
              RenderTableCell {TD} at (2,2) size 197x352 [r=0 c=0 rs=1 cs=1]
                RenderBlock {DIV} at (1,1) size 195x350
                  RenderTextControl {INPUT} at (0,0) size 109x19 [bgcolor=#FFFFFF]
                  RenderBR {BR} at (109,13) size 0x0
                  RenderTextControl {INPUT} at (0,19) size 109x19 [bgcolor=#FFFFFF]
                  RenderBR {BR} at (109,32) size 0x0
                  RenderTextControl {INPUT} at (0,38) size 129x20 [bgcolor=#FFFFFF]
                  RenderBR {BR} at (129,52) size 0x0
                  RenderTextControl {INPUT} at (0,58) size 129x20 [bgcolor=#FFFFFF]
                  RenderBR {BR} at (129,72) size 0x0
                  RenderTextControl {INPUT} at (0,78) size 130x22 [bgcolor=#FFFFFF]
                  RenderBR {BR} at (130,93) size 0x0
                  RenderTextControl {INPUT} at (0,100) size 130x22 [bgcolor=#FFFFFF]
                  RenderBR {BR} at (130,115) size 0x0
                  RenderTextControl {INPUT} at (2,124) size 150x23 [bgcolor=#FFFFFF]
                  RenderBR {BR} at (154,140) size 0x0
                  RenderTextControl {INPUT} at (2,151) size 150x23 [bgcolor=#FFFFFF]
                  RenderBR {BR} at (154,167) size 0x0
                  RenderTextControl {INPUT} at (2,178) size 170x24 [bgcolor=#FFFFFF]
                  RenderBR {BR} at (174,195) size 0x0
                  RenderTextControl {INPUT} at (2,206) size 170x24 [bgcolor=#FFFFFF]
                  RenderBR {BR} at (174,223) size 0x0
                  RenderTextControl {INPUT} at (2,234) size 171x25 [bgcolor=#FFFFFF]
                  RenderBR {BR} at (175,252) size 0x0
                  RenderTextControl {INPUT} at (2,263) size 171x25 [bgcolor=#FFFFFF]
                  RenderBR {BR} at (175,281) size 0x0
                  RenderTextControl {INPUT} at (2,292) size 191x26 [bgcolor=#FFFFFF]
                  RenderBR {BR} at (195,311) size 0x0
                  RenderTextControl {INPUT} at (2,322) size 191x26 [bgcolor=#FFFFFF]
                  RenderBR {BR} at (195,341) size 0x0
              RenderTableCell {TD} at (201,8) size 259x340 [r=0 c=1 rs=1 cs=1]
                RenderBlock {DIV} at (1,1) size 257x338
                  RenderTextControl {INPUT} at (2,2) size 211x27 [bgcolor=#FFFFFF]
                  RenderBR {BR} at (215,22) size 0x0
                  RenderTextControl {INPUT} at (2,33) size 211x27 [bgcolor=#FFFFFF]
                  RenderBR {BR} at (215,53) size 0x0
                  RenderTextControl {INPUT} at (2,64) size 212x29 [bgcolor=#FFFFFF]
                  RenderBR {BR} at (216,85) size 0x0
                  RenderTextControl {INPUT} at (2,97) size 212x29 [bgcolor=#FFFFFF]
                  RenderBR {BR} at (216,118) size 0x0
                  RenderTextControl {INPUT} at (2,130) size 232x30 [bgcolor=#FFFFFF]
                  RenderBR {BR} at (236,152) size 0x0
                  RenderTextControl {INPUT} at (2,164) size 232x30 [bgcolor=#FFFFFF]
                  RenderBR {BR} at (236,186) size 0x0
                  RenderTextControl {INPUT} at (2,198) size 233x31 [bgcolor=#FFFFFF]
                  RenderBR {BR} at (237,221) size 0x0
                  RenderTextControl {INPUT} at (2,233) size 233x31 [bgcolor=#FFFFFF]
                  RenderBR {BR} at (237,256) size 0x0
                  RenderTextControl {INPUT} at (2,268) size 253x32 [bgcolor=#FFFFFF]
                  RenderBR {BR} at (257,292) size 0x0
                  RenderTextControl {INPUT} at (2,304) size 253x32 [bgcolor=#FFFFFF]
                  RenderBR {BR} at (257,328) size 0x0
              RenderTableCell {TD} at (462,21) size 319x314 [r=0 c=2 rs=1 cs=1]
                RenderBlock {DIV} at (1,1) size 317x312
                  RenderTextControl {INPUT} at (2,2) size 273x33 [bgcolor=#FFFFFF]
                  RenderBR {BR} at (277,27) size 0x0
                  RenderTextControl {INPUT} at (2,39) size 273x33 [bgcolor=#FFFFFF]
                  RenderBR {BR} at (277,64) size 0x0
                  RenderTextControl {INPUT} at (2,76) size 274x34 [bgcolor=#FFFFFF]
                  RenderBR {BR} at (278,102) size 0x0
                  RenderTextControl {INPUT} at (2,114) size 274x34 [bgcolor=#FFFFFF]
                  RenderBR {BR} at (278,140) size 0x0
                  RenderTextControl {INPUT} at (2,152) size 293x36 [bgcolor=#FFFFFF]
                  RenderBR {BR} at (297,178) size 0x0
                  RenderTextControl {INPUT} at (2,192) size 293x36 [bgcolor=#FFFFFF]
                  RenderBR {BR} at (297,218) size 0x0
                  RenderTextControl {INPUT} at (2,232) size 313x37 [bgcolor=#FFFFFF]
                  RenderBR {BR} at (317,259) size 0x0
                  RenderTextControl {INPUT} at (2,273) size 313x37 [bgcolor=#FFFFFF]
                  RenderBR {BR} at (317,300) size 0x0
      RenderBlock (anonymous) at (0,391) size 964x29
        RenderTextControl {INPUT} at (2,2) size 171x25 [bgcolor=#FFFFFF]
        RenderTextControl {INPUT} at (177,2) size 171x25 [bgcolor=#FFFFFF]
        RenderText {#text} at (0,0) size 0x0
layer at (15,52) size 102x9 scrollWidth 175
  RenderBlock {DIV} at (4,6) size 102x9
    RenderText {#text} at (0,0) size 174x9
      text run at (0,0) width 174: "A quick brown fox jumps over the lazy dog"
layer at (15,71) size 102x9 scrollWidth 175
  RenderBlock {DIV} at (4,6) size 102x9
    RenderText {#text} at (0,0) size 174x9
      text run at (0,0) width 174: "A quick brown fox jumps over the lazy dog"
layer at (15,90) size 122x10 scrollWidth 202
  RenderBlock {DIV} at (4,6) size 122x10
    RenderText {#text} at (0,0) size 201x10
      text run at (0,0) width 201: "A quick brown fox jumps over the lazy dog"
layer at (15,110) size 122x10 scrollWidth 202
  RenderBlock {DIV} at (4,6) size 122x10
    RenderText {#text} at (0,0) size 201x10
      text run at (0,0) width 201: "A quick brown fox jumps over the lazy dog"
layer at (15,130) size 123x12 scrollWidth 211
  RenderBlock {DIV} at (4,6) size 123x12
    RenderText {#text} at (0,0) size 210x11
      text run at (0,0) width 210: "A quick brown fox jumps over the lazy dog"
layer at (15,152) size 123x12 scrollWidth 211
  RenderBlock {DIV} at (4,6) size 123x12
    RenderText {#text} at (0,0) size 210x11
      text run at (0,0) width 210: "A quick brown fox jumps over the lazy dog"
layer at (17,176) size 143x13 scrollWidth 245
  RenderBlock {DIV} at (4,6) size 143x13
    RenderText {#text} at (0,0) size 244x13
      text run at (0,0) width 244: "A quick brown fox jumps over the lazy dog"
layer at (17,203) size 143x13 scrollWidth 245
  RenderBlock {DIV} at (4,6) size 143x13
    RenderText {#text} at (0,0) size 244x13
      text run at (0,0) width 244: "A quick brown fox jumps over the lazy dog"
layer at (17,230) size 163x14 scrollWidth 259
  RenderBlock {DIV} at (4,6) size 163x14
    RenderText {#text} at (0,0) size 258x14
      text run at (0,0) width 258: "A quick brown fox jumps over the lazy dog"
layer at (17,258) size 163x14 scrollWidth 259
  RenderBlock {DIV} at (4,6) size 163x14
    RenderText {#text} at (0,0) size 258x14
      text run at (0,0) width 258: "A quick brown fox jumps over the lazy dog"
layer at (17,286) size 164x15 scrollWidth 279
  RenderBlock {DIV} at (4,6) size 164x15
    RenderText {#text} at (0,0) size 278x15
      text run at (0,0) width 278: "A quick brown fox jumps over the lazy dog"
layer at (17,315) size 164x15 scrollWidth 279
  RenderBlock {DIV} at (4,6) size 164x15
    RenderText {#text} at (0,0) size 278x15
      text run at (0,0) width 278: "A quick brown fox jumps over the lazy dog"
layer at (17,344) size 184x16 scrollWidth 300
  RenderBlock {DIV} at (4,6) size 184x16
    RenderText {#text} at (0,0) size 299x16
      text run at (0,0) width 299: "A quick brown fox jumps over the lazy dog"
layer at (17,374) size 184x16 scrollWidth 300
  RenderBlock {DIV} at (4,6) size 184x16
    RenderText {#text} at (0,0) size 299x16
      text run at (0,0) width 299: "A quick brown fox jumps over the lazy dog"
layer at (216,60) size 204x17 scrollWidth 326 scrollHeight 18
  RenderBlock {DIV} at (4,6) size 204x17
    RenderText {#text} at (0,0) size 325x18
      text run at (0,0) width 325: "A quick brown fox jumps over the lazy dog"
layer at (216,91) size 204x17 scrollWidth 326 scrollHeight 18
  RenderBlock {DIV} at (4,6) size 204x17
    RenderText {#text} at (0,0) size 325x18
      text run at (0,0) width 325: "A quick brown fox jumps over the lazy dog"
layer at (216,122) size 205x19 scrollWidth 340
  RenderBlock {DIV} at (4,6) size 205x19
    RenderText {#text} at (0,0) size 339x19
      text run at (0,0) width 339: "A quick brown fox jumps over the lazy dog"
layer at (216,155) size 205x19 scrollWidth 340
  RenderBlock {DIV} at (4,6) size 205x19
    RenderText {#text} at (0,0) size 339x19
      text run at (0,0) width 339: "A quick brown fox jumps over the lazy dog"
layer at (216,188) size 225x20 scrollWidth 362
  RenderBlock {DIV} at (4,6) size 225x20
    RenderText {#text} at (0,0) size 361x20
      text run at (0,0) width 361: "A quick brown fox jumps over the lazy dog"
layer at (216,222) size 225x20 scrollWidth 362
  RenderBlock {DIV} at (4,6) size 225x20
    RenderText {#text} at (0,0) size 361x20
      text run at (0,0) width 361: "A quick brown fox jumps over the lazy dog"
layer at (216,256) size 226x21 scrollWidth 383
  RenderBlock {DIV} at (4,6) size 226x21
    RenderText {#text} at (0,0) size 382x21
      text run at (0,0) width 382: "A quick brown fox jumps over the lazy dog"
layer at (216,291) size 226x21 scrollWidth 383
  RenderBlock {DIV} at (4,6) size 226x21
    RenderText {#text} at (0,0) size 382x21
      text run at (0,0) width 382: "A quick brown fox jumps over the lazy dog"
layer at (216,326) size 246x22 scrollWidth 408
  RenderBlock {DIV} at (4,6) size 246x22
    RenderText {#text} at (0,0) size 407x22
      text run at (0,0) width 407: "A quick brown fox jumps over the lazy dog"
layer at (216,362) size 246x22 scrollWidth 408
  RenderBlock {DIV} at (4,6) size 246x22
    RenderText {#text} at (0,0) size 407x22
      text run at (0,0) width 407: "A quick brown fox jumps over the lazy dog"
layer at (477,73) size 266x23 scrollWidth 428 scrollHeight 24
  RenderBlock {DIV} at (4,6) size 266x23
    RenderText {#text} at (0,0) size 427x24
      text run at (0,0) width 427: "A quick brown fox jumps over the lazy dog"
layer at (477,110) size 266x23 scrollWidth 428 scrollHeight 24
  RenderBlock {DIV} at (4,6) size 266x23
    RenderText {#text} at (0,0) size 427x24
      text run at (0,0) width 427: "A quick brown fox jumps over the lazy dog"
layer at (477,147) size 267x24 scrollWidth 449 scrollHeight 25
  RenderBlock {DIV} at (4,6) size 267x24
    RenderText {#text} at (0,0) size 448x25
      text run at (0,0) width 448: "A quick brown fox jumps over the lazy dog"
layer at (477,185) size 267x24 scrollWidth 449 scrollHeight 25
  RenderBlock {DIV} at (4,6) size 267x24
    RenderText {#text} at (0,0) size 448x25
      text run at (0,0) width 448: "A quick brown fox jumps over the lazy dog"
layer at (477,223) size 286x26 scrollWidth 470
  RenderBlock {DIV} at (4,6) size 286x26
    RenderText {#text} at (0,0) size 469x25
      text run at (0,0) width 469: "A quick brown fox jumps over the lazy dog"
layer at (477,263) size 286x26 scrollWidth 470
  RenderBlock {DIV} at (4,6) size 286x26
    RenderText {#text} at (0,0) size 469x25
      text run at (0,0) width 469: "A quick brown fox jumps over the lazy dog"
layer at (477,303) size 306x27 scrollWidth 492
  RenderBlock {DIV} at (4,6) size 306x27
    RenderText {#text} at (0,0) size 491x26
      text run at (0,0) width 491: "A quick brown fox jumps over the lazy dog"
layer at (477,344) size 306x27 scrollWidth 492
  RenderBlock {DIV} at (4,6) size 306x27
    RenderText {#text} at (0,0) size 491x26
      text run at (0,0) width 491: "A quick brown fox jumps over the lazy dog"
layer at (14,407) size 164x15
  RenderBlock {DIV} at (4,6) size 164x15
layer at (189,407) size 164x15
  RenderBlock {DIV} at (4,6) size 164x15
