layer at (0,0) size 980x735
  RenderView at (0,0) size 980x735
layer at (0,0) size 980x735
  RenderBlock {HTML} at (0,0) size 980x735
    RenderBody {BODY} at (8,8) size 964x711
      RenderBlock {P} at (0,0) size 964x19
        RenderText {#text} at (0,0) size 649x19
          text run at (0,0) width 649: "This test verifies that the speech input control is rendered correctly for dir=rtl/ltr."
      RenderBlock {UL} at (0,35) size 964x174
        RenderListItem {LI} at (40,0) size 924x29
          RenderListMarker at (-18,5) size 7x19: bullet
          RenderText {#text} at (0,5) size 310x19
            text run at (0,5) width 310: "The Microphone icon should be on the "
          RenderInline {B} at (0,0) size 43x19
            RenderText {#text} at (310,5) size 43x19
              text run at (310,5) width 43: "right"
          RenderText {#text} at (353,5) size 10x19
            text run at (353,5) width 10: ": "
          RenderTextControl {INPUT} at (365,2) size 171x25 [bgcolor=#FFFFFF]
        RenderListItem {LI} at (40,29) size 924x29
          RenderListMarker at (-18,5) size 7x19: bullet
          RenderText {#text} at (0,5) size 310x19
            text run at (0,5) width 310: "The Microphone icon should be on the "
          RenderInline {B} at (0,0) size 43x19
            RenderText {#text} at (310,5) size 43x19
              text run at (310,5) width 43: "right"
          RenderText {#text} at (353,5) size 10x19
            text run at (353,5) width 10: ": "
          RenderTextControl {INPUT} at (365,2) size 171x25 [bgcolor=#FFFFFF]
        RenderListItem {LI} at (40,58) size 924x29
          RenderListMarker at (-18,5) size 7x19: bullet
          RenderText {#text} at (0,5) size 310x19
            text run at (0,5) width 310: "The Microphone icon should be on the "
          RenderInline {B} at (0,0) size 43x19
            RenderText {#text} at (310,5) size 43x19
              text run at (310,5) width 43: "right"
          RenderText {#text} at (353,5) size 10x19
            text run at (353,5) width 10: ": "
          RenderTextControl {INPUT} at (365,2) size 171x25 [bgcolor=#FFFFFF]
        RenderListItem {LI} at (40,87) size 924x29
          RenderListMarker at (-18,5) size 7x19: bullet
          RenderText {#text} at (0,5) size 310x19
            text run at (0,5) width 310: "The Microphone icon should be on the "
          RenderInline {B} at (0,0) size 31x19
            RenderText {#text} at (310,5) size 31x19
              text run at (310,5) width 31: "left"
          RenderText {#text} at (341,5) size 10x19
            text run at (341,5) width 10: ": "
          RenderTextControl {INPUT} at (353,2) size 171x25 [bgcolor=#FFFFFF]
        RenderListItem {LI} at (40,116) size 924x29
          RenderListMarker at (-18,5) size 7x19: bullet
          RenderText {#text} at (0,5) size 310x19
            text run at (0,5) width 310: "The Microphone icon should be on the "
          RenderInline {B} at (0,0) size 31x19
            RenderText {#text} at (310,5) size 31x19
              text run at (310,5) width 31: "left"
          RenderText {#text} at (341,5) size 10x19
            text run at (341,5) width 10: ": "
          RenderTextControl {INPUT} at (353,2) size 171x25 [bgcolor=#FFFFFF]
        RenderListItem {LI} at (40,145) size 924x29
          RenderListMarker at (-18,5) size 7x19: bullet
          RenderText {#text} at (0,5) size 310x19
            text run at (0,5) width 310: "The Microphone icon should be on the "
          RenderInline {B} at (0,0) size 31x19
            RenderText {#text} at (310,5) size 31x19
              text run at (310,5) width 31: "left"
          RenderText {#text} at (341,5) size 10x19
            text run at (341,5) width 10: ": "
          RenderTextControl {INPUT} at (353,2) size 171x25 [bgcolor=#FFFFFF]
layer at (417,51) size 164x15
  RenderBlock {DIV} at (4,6) size 164x15
layer at (417,80) size 164x15
  RenderBlock {DIV} at (4,6) size 164x15
layer at (417,109) size 164x15
  RenderBlock {DIV} at (4,6) size 164x15
layer at (405,138) size 164x15
  RenderBlock {DIV} at (4,6) size 164x15
layer at (405,167) size 164x15
  RenderBlock {DIV} at (4,6) size 164x15
layer at (405,196) size 164x15
  RenderBlock {DIV} at (4,6) size 164x15
