layer at (0,0) size 800x600
  RenderView at (0,0) size 800x600
layer at (0,0) size 800x600
  RenderBlock {HTML} at (0,0) size 800x600
    RenderBody {BODY} at (8,8) size 784x584
      RenderBlock {P} at (0,0) size 784x14
        RenderText {#text} at (0,0) size 79x14
          text run at (0,0) width 79: "This is a test for "
        RenderInline {I} at (0,0) size 573x14
          RenderInline {A} at (0,0) size 262x14 [color=#0000EE]
            RenderText {#text} at (79,0) size 262x14
              text run at (79,0) width 262: "http://bugzilla.opendarwin.org/show_bug.cgi?id=9252"
          RenderText {#text} at (341,0) size 311x14
            text run at (341,0) width 3: " "
            text run at (344,0) width 308: "REGRESSION: Very odd roll-over issues (content disappearing)"
        RenderText {#text} at (652,0) size 3x14
          text run at (652,0) width 3: "."
      RenderBlock {P} at (0,26) size 784x14
        RenderText {#text} at (0,0) size 182x14
          text run at (0,0) width 182: "There should be a green square below."
      RenderBlock {HR} at (0,52) size 784x2 [border: (1px inset #000000)]
      RenderBlock {DIV} at (0,60) size 784x0
      RenderBlock {DIV} at (0,60) size 100x100 [bgcolor=#008000]
