layer at (0,0) size 800x600
  RenderView at (0,0) size 800x600
layer at (0,0) size 800x600
  RenderBlock {HTML} at (0,0) size 800x600
    RenderBody {BODY} at (8,8) size 784x584
      RenderBlock {DIV} at (0,0) size 784x222 [border: (4px solid #0000FF)]
        RenderBlock {DIV} at (20,20) size 744x70
          RenderText {#text} at (0,1) size 67x26
            text run at (0,1) width 67: "Tests: "
          RenderBR {BR} at (0,0) size 0x0
          RenderText {#text} at (0,28) size 663x20
            text run at (0,28) width 663: "Our ability to \"edit around\" content the HTML editing code does not yet handle very well. "
          RenderBR {BR} at (663,44) size 0x0
          RenderInline {I} at (0,0) size 99x20
            RenderText {#text} at (0,49) size 99x20
              text run at (0,49) width 99: "For this test: "
          RenderText {#text} at (99,49) size 178x20
            text run at (99,49) width 178: "Test typing after a table."
        RenderBlock (anonymous) at (20,90) size 744x21
          RenderBR {BR} at (0,0) size 0x20
        RenderBlock {DIV} at (20,111) size 744x91
          RenderText {#text} at (0,1) size 189x26
            text run at (0,1) width 189: "Expected Results: "
          RenderBR {BR} at (189,22) size 0x0
          RenderText {#text} at (0,28) size 709x41
            text run at (0,28) width 709: "The content in the red box must exactly match the content in the green box (except for the border"
            text run at (0,49) width 53: "color). "
          RenderBR {BR} at (53,65) size 0x0
          RenderInline {I} at (0,0) size 99x20
            RenderText {#text} at (0,70) size 99x20
              text run at (0,70) width 99: "For this test: "
          RenderText {#text} at (99,70) size 437x20
            text run at (99,70) width 437: "Typed text should appear after (on the line below) the table."
      RenderBlock {DIV} at (0,232) size 784x96 [border: (2px solid #008000)]
        RenderTable {TABLE} at (2,2) size 40x64 [border: (1px outset #808080)]
          RenderTableSection {TBODY} at (1,1) size 38x62
            RenderTableRow {TR} at (0,2) size 38x18
              RenderTableCell {TD} at (2,2) size 10x18 [border: (1px inset #808080)] [r=0 c=0 rs=1 cs=1]
                RenderText {#text} at (2,2) size 6x14
                  text run at (2,2) width 6: "1"
              RenderTableCell {TD} at (14,2) size 10x18 [border: (1px inset #808080)] [r=0 c=1 rs=1 cs=1]
                RenderText {#text} at (2,2) size 6x14
                  text run at (2,2) width 6: "2"
              RenderTableCell {TD} at (26,2) size 10x18 [border: (1px inset #808080)] [r=0 c=2 rs=1 cs=1]
                RenderText {#text} at (2,2) size 6x14
                  text run at (2,2) width 6: "3"
            RenderTableRow {TR} at (0,22) size 38x18
              RenderTableCell {TD} at (2,22) size 10x18 [border: (1px inset #808080)] [r=1 c=0 rs=1 cs=1]
                RenderText {#text} at (2,2) size 6x14
                  text run at (2,2) width 6: "4"
              RenderTableCell {TD} at (14,22) size 10x18 [border: (1px inset #808080)] [r=1 c=1 rs=1 cs=1]
                RenderText {#text} at (2,2) size 6x14
                  text run at (2,2) width 6: "5"
              RenderTableCell {TD} at (26,22) size 10x18 [border: (1px inset #808080)] [r=1 c=2 rs=1 cs=1]
                RenderText {#text} at (2,2) size 6x14
                  text run at (2,2) width 6: "6"
            RenderTableRow {TR} at (0,42) size 38x18
              RenderTableCell {TD} at (2,42) size 10x18 [border: (1px inset #808080)] [r=2 c=0 rs=1 cs=1]
                RenderText {#text} at (2,2) size 6x14
                  text run at (2,2) width 6: "7"
              RenderTableCell {TD} at (14,42) size 10x18 [border: (1px inset #808080)] [r=2 c=1 rs=1 cs=1]
                RenderText {#text} at (2,2) size 6x14
                  text run at (2,2) width 6: "8"
              RenderTableCell {TD} at (26,42) size 10x18 [border: (1px inset #808080)] [r=2 c=2 rs=1 cs=1]
                RenderText {#text} at (2,2) size 6x14
                  text run at (2,2) width 6: "9"
        RenderBlock (anonymous) at (2,66) size 780x28
          RenderText {#text} at (0,1) size 36x26
            text run at (0,1) width 36: "xxx"
      RenderBlock {DIV} at (0,338) size 784x96
        RenderBlock {DIV} at (0,0) size 784x96 [border: (2px solid #FF0000)]
          RenderTable {TABLE} at (2,2) size 40x64 [border: (1px outset #808080)]
            RenderTableSection {TBODY} at (1,1) size 38x62
              RenderTableRow {TR} at (0,2) size 38x18
                RenderTableCell {TD} at (2,2) size 10x18 [border: (1px inset #808080)] [r=0 c=0 rs=1 cs=1]
                  RenderText {#text} at (2,2) size 6x14
                    text run at (2,2) width 6: "1"
                RenderTableCell {TD} at (14,2) size 10x18 [border: (1px inset #808080)] [r=0 c=1 rs=1 cs=1]
                  RenderText {#text} at (2,2) size 6x14
                    text run at (2,2) width 6: "2"
                RenderTableCell {TD} at (26,2) size 10x18 [border: (1px inset #808080)] [r=0 c=2 rs=1 cs=1]
                  RenderText {#text} at (2,2) size 6x14
                    text run at (2,2) width 6: "3"
              RenderTableRow {TR} at (0,22) size 38x18
                RenderTableCell {TD} at (2,22) size 10x18 [border: (1px inset #808080)] [r=1 c=0 rs=1 cs=1]
                  RenderText {#text} at (2,2) size 6x14
                    text run at (2,2) width 6: "4"
                RenderTableCell {TD} at (14,22) size 10x18 [border: (1px inset #808080)] [r=1 c=1 rs=1 cs=1]
                  RenderText {#text} at (2,2) size 6x14
                    text run at (2,2) width 6: "5"
                RenderTableCell {TD} at (26,22) size 10x18 [border: (1px inset #808080)] [r=1 c=2 rs=1 cs=1]
                  RenderText {#text} at (2,2) size 6x14
                    text run at (2,2) width 6: "6"
              RenderTableRow {TR} at (0,42) size 38x18
                RenderTableCell {TD} at (2,42) size 10x18 [border: (1px inset #808080)] [r=2 c=0 rs=1 cs=1]
                  RenderText {#text} at (2,2) size 6x14
                    text run at (2,2) width 6: "7"
                RenderTableCell {TD} at (14,42) size 10x18 [border: (1px inset #808080)] [r=2 c=1 rs=1 cs=1]
                  RenderText {#text} at (2,2) size 6x14
                    text run at (2,2) width 6: "8"
                RenderTableCell {TD} at (26,42) size 10x18 [border: (1px inset #808080)] [r=2 c=2 rs=1 cs=1]
                  RenderText {#text} at (2,2) size 6x14
                    text run at (2,2) width 6: "9"
          RenderBlock (anonymous) at (2,66) size 780x28
            RenderText {#text} at (0,1) size 36x26
              text run at (0,1) width 36: "xxx"
caret: position 3 of child 2 {#text} of child 1 {DIV} of child 5 {DIV} of body
