layer at (0,0) size 800x5194
  RenderView at (0,0) size 800x600
layer at (0,0) size 800x5194 layerType: background only
layer at (80,1436) size 200x200
  RenderBlock (positioned) zI: -3000000 {P} at (60,60) size 200x200 [color=#FFFFFF] [bgcolor=#990066]
    RenderText zI: -3000000 {#text} at (71,42) size 58x97
      text run at (71,42) width 58: "8"
layer at (30,1586) size 200x200
  RenderBlock (positioned) zI: -2000000 {P} at (10,210) size 200x200 [color=#FFFFFF] [bgcolor=#660099]
    RenderText zI: -2000000 {#text} at (71,42) size 58x97
      text run at (71,42) width 58: "7"
layer at (80,1736) size 200x200
  RenderBlock (positioned) zI: -1000000 {P} at (60,360) size 200x200 [color=#FFFFFF] [bgcolor=#0000FF]
    RenderText zI: -1000000 {#text} at (71,42) size 58x97
      text run at (71,42) width 58: "6"
layer at (80,2068) size 200x200
  RenderBlock (positioned) zI: -40 {P} at (60,60) size 200x200 [color=#FFFFFF] [bgcolor=#990066]
    RenderText zI: -40 {#text} at (71,42) size 58x97
      text run at (71,42) width 58: "8"
layer at (30,2218) size 200x200
  RenderBlock (positioned) zI: -30 {P} at (10,210) size 200x200 [color=#FFFFFF] [bgcolor=#660099]
    RenderText zI: -30 {#text} at (71,42) size 58x97
      text run at (71,42) width 58: "7"
layer at (80,804) size 200x200
  RenderBlock (positioned) zI: -3 {P} at (60,60) size 200x200 [color=#FFFFFF] [bgcolor=#990066]
    RenderText zI: -3 {#text} at (50,42) size 469x97
      text run at (50,42) width 469: " 8 hide me"
layer at (80,2700) size 200x200
  RenderBlock (positioned) zI: -3 {P} at (60,60) size 200x200 [color=#FFFFFF] [bgcolor=#990066]
    RenderText zI: -3 {#text} at (71,42) size 58x97
      text run at (71,42) width 58: "8"
layer at (30,2850) size 200x200
  RenderBlock (positioned) zI: -3 {P} at (10,210) size 200x200 [color=#FFFFFF] [bgcolor=#660099]
    RenderText zI: -3 {#text} at (71,42) size 58x97
      text run at (71,42) width 58: "7"
layer at (80,3332) size 200x200
  RenderBlock (positioned) zI: -3 {P} at (60,60) size 200x200 [color=#FFFFFF] [bgcolor=#990066]
    RenderText zI: -3 {#text} at (71,42) size 58x97
      text run at (71,42) width 58: "8"
layer at (80,3964) size 200x200
  RenderBlock (positioned) zI: -3 {P} at (60,60) size 200x200 [color=#FFFFFF] [bgcolor=#990066]
    RenderText zI: -3 {#text} at (71,42) size 58x97
      text run at (71,42) width 58: "8"
layer at (80,4622) size 200x200
  RenderBlock (positioned) zI: -3 {P} at (60,60) size 200x200 [color=#FFFFFF] [bgcolor=#990066]
    RenderText zI: -3 {#text} at (71,42) size 58x97
      text run at (71,42) width 58: "8"
layer at (30,954) size 200x200
  RenderBlock (positioned) zI: -2 {P} at (10,210) size 200x200 [color=#FFFFFF] [bgcolor=#660099]
    RenderText zI: -2 {#text} at (71,42) size 58x97
      text run at (71,42) width 58: "7"
layer at (80,2368) size 200x200
  RenderBlock (positioned) zI: -2 {P} at (60,360) size 200x200 [color=#FFFFFF] [bgcolor=#0000FF]
    RenderText zI: -2 {#text} at (71,42) size 58x97
      text run at (71,42) width 58: "6"
layer at (230,2418) size 200x200
  RenderBlock (positioned) zI: -2 {P} at (210,410) size 200x200 [color=#FFFFFF] [bgcolor=#009999]
    RenderText zI: -2 {#text} at (71,42) size 58x97
      text run at (71,42) width 58: "5"
layer at (30,3482) size 200x200
  RenderBlock (positioned) zI: -2 {P} at (10,210) size 200x200 [color=#FFFFFF] [bgcolor=#660099]
    RenderText zI: -2 {#text} at (71,42) size 58x97
      text run at (71,42) width 58: "7"
layer at (30,4114) size 200x200
  RenderBlock (positioned) zI: -2 {P} at (0,200) size 200x200 [color=#FFFFFF] [bgcolor=#660099]
    RenderText zI: -2 {#text} at (71,42) size 58x97
      text run at (71,42) width 58: "7"
layer at (30,4772) size 200x200
  RenderBlock (positioned) zI: -2 {P} at (0,200) size 200x200 [color=#FFFFFF] [bgcolor=#660099]
    RenderText zI: -2 {#text} at (71,42) size 58x97
      text run at (71,42) width 58: "7"
layer at (80,1104) size 200x200
  RenderBlock (positioned) zI: -1 {P} at (60,360) size 200x200 [color=#FFFFFF] [bgcolor=#0000FF]
    RenderText zI: -1 {#text} at (71,42) size 58x97
      text run at (71,42) width 58: "6"
layer at (80,4264) size 200x200
  RenderBlock (positioned) zI: -1 {P} at (60,360) size 200x200 [color=#FFFFFF] [bgcolor=#0000FF]
    RenderText zI: -1 {#text} at (71,42) size 58x97
      text run at (71,42) width 58: "6"
layer at (80,4922) size 200x200
  RenderBlock (positioned) zI: -1 {P} at (60,360) size 200x200 [color=#FFFFFF] [bgcolor=#0000FF]
    RenderText zI: -1 {#text} at (71,42) size 58x97
      text run at (71,42) width 58: "6"
layer at (0,0) size 800x5194 layerType: foreground only
  RenderBlock {HTML} at (0,0) size 800x5194
    RenderBody {BODY} at (8,16) size 784x5166
      RenderBlock {H1} at (0,0) size 784x28
        RenderText {#text} at (0,1) size 222x26
          text run at (0,1) width 222: "Layered Presentation"
      RenderBlock {P} at (0,44) size 784x14
        RenderText {#text} at (0,0) size 547x14
          text run at (0,0) width 298: "Robert O'Callahan pointed out to me some mistakes in this test "
          text run at (298,0) width 249: "that I have not yet had the time to examine or correct."
      RenderBlock {P} at (0,70) size 784x14
        RenderText {#text} at (0,0) size 346x14
          text run at (0,0) width 346: "In each of the following, 1 should be the top layer and 8 the bottom layer:"
      RenderBlock {P} at (0,4520) size 784x14
        RenderText {#text} at (0,0) size 263x14
          text run at (0,0) width 263: "Using assumed default value of z-index (may not pass):"
layer at (20,112) size 620x620
  RenderBlock (relative positioned) {DIV} at (12,96) size 620x620 [border: (10px solid #000000)]
layer at (80,172) size 200x200
  RenderBlock (positioned) {P} at (60,60) size 200x200 [color=#FFFFFF] [bgcolor=#990066]
    RenderText {#text} at (50,42) size 469x97
      text run at (50,42) width 469: " 8 hide me"
layer at (30,322) size 200x200
  RenderBlock (positioned) {P} at (10,210) size 200x200 [color=#FFFFFF] [bgcolor=#660099]
    RenderText {#text} at (71,42) size 58x97
      text run at (71,42) width 58: "7"
layer at (80,472) size 200x200
  RenderBlock (positioned) {P} at (60,360) size 200x200 [color=#FFFFFF] [bgcolor=#0000FF]
    RenderText {#text} at (71,42) size 58x97
      text run at (71,42) width 58: "6"
layer at (230,522) size 200x200
  RenderBlock (positioned) {P} at (210,410) size 200x200 [color=#FFFFFF] [bgcolor=#009999]
    RenderText {#text} at (71,42) size 58x97
      text run at (71,42) width 58: "5"
layer at (380,472) size 200x200
  RenderBlock (positioned) {P} at (360,360) size 200x200 [color=#FFFFFF] [bgcolor=#00CC00]
    RenderText {#text} at (71,42) size 58x97
      text run at (71,42) width 58: "4"
layer at (430,322) size 200x200
  RenderBlock (positioned) {P} at (410,210) size 200x200 [color=#FFFFFF] [bgcolor=#CCCC00]
    RenderText {#text} at (71,42) size 58x97
      text run at (71,42) width 58: "3"
layer at (380,172) size 200x200
  RenderBlock (positioned) {P} at (360,60) size 200x200 [color=#FFFFFF] [bgcolor=#FF9900]
    RenderText {#text} at (71,42) size 58x97
      text run at (71,42) width 58: "2"
layer at (230,122) size 200x200
  RenderBlock (positioned) {P} at (210,10) size 200x200 [color=#FFFFFF] [bgcolor=#FF0000]
    RenderText {#text} at (71,42) size 58x97
      text run at (71,42) width 58: "1"
layer at (20,744) size 620x620
  RenderBlock (relative positioned) {DIV} at (12,728) size 620x620 [border: (10px solid #000000)]
layer at (230,1154) size 200x200
  RenderBlock (positioned) {P} at (210,410) size 200x200 [color=#FFFFFF] [bgcolor=#009999]
    RenderText {#text} at (71,42) size 58x97
      text run at (71,42) width 58: "5"
layer at (20,1376) size 620x620
  RenderBlock (relative positioned) {DIV} at (12,1360) size 620x620 [border: (10px solid #000000)]
layer at (230,1786) size 200x200
  RenderBlock (positioned) {P} at (210,410) size 200x200 [color=#FFFFFF] [bgcolor=#009999]
    RenderText {#text} at (71,42) size 58x97
      text run at (71,42) width 58: "5"
layer at (20,2008) size 620x620
  RenderBlock (relative positioned) {DIV} at (12,1992) size 620x620 [border: (10px solid #000000)]
layer at (380,2368) size 200x200
  RenderBlock (positioned) {P} at (360,360) size 200x200 [color=#FFFFFF] [bgcolor=#00CC00]
    RenderText {#text} at (71,42) size 58x97
      text run at (71,42) width 58: "4"
layer at (430,2218) size 200x200
  RenderBlock (positioned) {P} at (410,210) size 200x200 [color=#FFFFFF] [bgcolor=#CCCC00]
    RenderText {#text} at (71,42) size 58x97
      text run at (71,42) width 58: "3"
layer at (20,2640) size 620x620
  RenderBlock (relative positioned) {DIV} at (12,2624) size 620x620 [border: (10px solid #000000)]
layer at (80,3000) size 200x200
  RenderBlock (positioned) {P} at (60,360) size 200x200 [color=#FFFFFF] [bgcolor=#0000FF]
    RenderText {#text} at (71,42) size 58x97
      text run at (71,42) width 58: "6"
layer at (230,3050) size 200x200
  RenderBlock (positioned) {P} at (210,410) size 200x200 [color=#FFFFFF] [bgcolor=#009999]
    RenderText {#text} at (71,42) size 58x97
      text run at (71,42) width 58: "5"
layer at (380,3000) size 200x200
  RenderBlock (positioned) {P} at (360,360) size 200x200 [color=#FFFFFF] [bgcolor=#00CC00]
    RenderText {#text} at (71,42) size 58x97
      text run at (71,42) width 58: "4"
layer at (20,3272) size 620x620
  RenderBlock (relative positioned) {DIV} at (12,3256) size 620x620 [border: (10px solid #000000)]
layer at (30,3282) size 600x600 layerType: background only
layer at (80,3632) size 200x200
  RenderBlock (positioned) zI: -9 {P} at (50,350) size 200x200 [color=#FFFFFF] [bgcolor=#0000FF]
    RenderText zI: -9 {#text} at (71,42) size 58x97
      text run at (71,42) width 58: "6"
layer at (30,3282) size 600x600 layerType: foreground only
  RenderBlock (positioned) {DIV} at (10,10) size 600x600
layer at (230,3682) size 200x200
  RenderBlock (positioned) {P} at (200,400) size 200x200 [color=#FFFFFF] [bgcolor=#009999]
    RenderText {#text} at (71,42) size 58x97
      text run at (71,42) width 58: "5"
layer at (380,3632) size 200x200
  RenderBlock (positioned) zI: 9 {P} at (350,350) size 200x200 [color=#FFFFFF] [bgcolor=#00CC00]
    RenderText zI: 9 {#text} at (71,42) size 58x97
      text run at (71,42) width 58: "4"
layer at (20,3904) size 620x620
  RenderBlock (relative positioned) {DIV} at (12,3888) size 620x620 [border: (10px solid #000000)]
layer at (30,3914) size 600x600
  RenderBlock (positioned) {DIV} at (10,10) size 600x600
layer at (230,4314) size 200x200
  RenderBlock (positioned) {P} at (210,410) size 200x200 [color=#FFFFFF] [bgcolor=#009999]
    RenderText {#text} at (71,42) size 58x97
      text run at (71,42) width 58: "5"
layer at (20,4562) size 620x620
  RenderBlock (relative positioned) {DIV} at (12,4546) size 620x620 [border: (10px solid #000000)]
layer at (30,4572) size 600x600
  RenderBlock (positioned) {DIV} at (10,10) size 600x600
layer at (230,4972) size 200x200
  RenderBlock (positioned) {P} at (210,410) size 200x200 [color=#FFFFFF] [bgcolor=#009999]
    RenderText {#text} at (71,42) size 58x97
      text run at (71,42) width 58: "5"
layer at (380,1104) size 200x200
  RenderBlock (positioned) zI: 1 {P} at (360,360) size 200x200 [color=#FFFFFF] [bgcolor=#00CC00]
    RenderText zI: 1 {#text} at (71,42) size 58x97
      text run at (71,42) width 58: "4"
layer at (380,4264) size 200x200
  RenderBlock (positioned) zI: 1 {P} at (350,350) size 200x200 [color=#FFFFFF] [bgcolor=#00CC00]
    RenderText zI: 1 {#text} at (71,42) size 58x97
      text run at (71,42) width 58: "4"
layer at (380,4922) size 200x200
  RenderBlock (positioned) zI: 1 {P} at (350,350) size 200x200 [color=#FFFFFF] [bgcolor=#00CC00]
    RenderText zI: 1 {#text} at (71,42) size 58x97
      text run at (71,42) width 58: "4"
layer at (430,954) size 200x200
  RenderBlock (positioned) zI: 2 {P} at (410,210) size 200x200 [color=#FFFFFF] [bgcolor=#CCCC00]
    RenderText zI: 2 {#text} at (71,42) size 58x97
      text run at (71,42) width 58: "3"
layer at (380,2068) size 200x200
  RenderBlock (positioned) zI: 2 {P} at (360,60) size 200x200 [color=#FFFFFF] [bgcolor=#FF9900]
    RenderText zI: 2 {#text} at (71,42) size 58x97
      text run at (71,42) width 58: "2"
layer at (430,3482) size 200x200
  RenderBlock (positioned) zI: 2 {P} at (410,210) size 200x200 [color=#FFFFFF] [bgcolor=#CCCC00]
    RenderText zI: 2 {#text} at (71,42) size 58x97
      text run at (71,42) width 58: "3"
layer at (430,4114) size 200x200
  RenderBlock (positioned) zI: 2 {P} at (410,210) size 200x200 [color=#FFFFFF] [bgcolor=#CCCC00]
    RenderText zI: 2 {#text} at (71,42) size 58x97
      text run at (71,42) width 58: "3"
layer at (430,4772) size 200x200
  RenderBlock (positioned) zI: 2 {P} at (410,210) size 200x200 [color=#FFFFFF] [bgcolor=#CCCC00]
    RenderText zI: 2 {#text} at (71,42) size 58x97
      text run at (71,42) width 58: "3"
layer at (380,804) size 200x200
  RenderBlock (positioned) zI: 3 {P} at (360,60) size 200x200 [color=#FFFFFF] [bgcolor=#FF9900]
    RenderText zI: 3 {#text} at (71,42) size 58x97
      text run at (71,42) width 58: "2"
layer at (230,2018) size 200x200
  RenderBlock (positioned) zI: 3 {P} at (210,10) size 200x200 [color=#FFFFFF] [bgcolor=#FF0000]
    RenderText zI: 3 {#text} at (71,42) size 58x97
      text run at (71,42) width 58: "1"
layer at (380,3332) size 200x200
  RenderBlock (positioned) zI: 3 {P} at (360,60) size 200x200 [color=#FFFFFF] [bgcolor=#FF9900]
    RenderText zI: 3 {#text} at (71,42) size 58x97
      text run at (71,42) width 58: "2"
layer at (380,3964) size 200x200
  RenderBlock (positioned) zI: 3 {P} at (350,50) size 200x200 [color=#FFFFFF] [bgcolor=#FF9900]
    RenderText zI: 3 {#text} at (71,42) size 58x97
      text run at (71,42) width 58: "2"
layer at (380,4622) size 200x200
  RenderBlock (positioned) zI: 3 {P} at (350,50) size 200x200 [color=#FFFFFF] [bgcolor=#FF9900]
    RenderText zI: 3 {#text} at (71,42) size 58x97
      text run at (71,42) width 58: "2"
layer at (230,754) size 200x200
  RenderBlock (positioned) zI: 4 {P} at (210,10) size 200x200 [color=#FFFFFF] [bgcolor=#FF0000]
    RenderText zI: 4 {#text} at (71,42) size 58x97
      text run at (71,42) width 58: "1"
layer at (430,2850) size 200x200
  RenderBlock (positioned) zI: 4 {P} at (410,210) size 200x200 [color=#FFFFFF] [bgcolor=#CCCC00]
    RenderText zI: 4 {#text} at (71,42) size 58x97
      text run at (71,42) width 58: "3"
layer at (380,2700) size 200x200
  RenderBlock (positioned) zI: 4 {P} at (360,60) size 200x200 [color=#FFFFFF] [bgcolor=#FF9900]
    RenderText zI: 4 {#text} at (71,42) size 58x97
      text run at (71,42) width 58: "2"
layer at (230,2650) size 200x200
  RenderBlock (positioned) zI: 4 {P} at (210,10) size 200x200 [color=#FFFFFF] [bgcolor=#FF0000]
    RenderText zI: 4 {#text} at (71,42) size 58x97
      text run at (71,42) width 58: "1"
layer at (230,3282) size 200x200
  RenderBlock (positioned) zI: 4 {P} at (210,10) size 200x200 [color=#FFFFFF] [bgcolor=#FF0000]
    RenderText zI: 4 {#text} at (71,42) size 58x97
      text run at (71,42) width 58: "1"
layer at (230,3914) size 200x200
  RenderBlock (positioned) zI: 4 {P} at (210,10) size 200x200 [color=#FFFFFF] [bgcolor=#FF0000]
    RenderText zI: 4 {#text} at (71,42) size 58x97
      text run at (71,42) width 58: "1"
layer at (230,4572) size 200x200
  RenderBlock (positioned) zI: 4 {P} at (210,10) size 200x200 [color=#FFFFFF] [bgcolor=#FF0000]
    RenderText zI: 4 {#text} at (71,42) size 58x97
      text run at (71,42) width 58: "1"
layer at (380,1736) size 200x200
  RenderBlock (positioned) zI: 1000000 {P} at (360,360) size 200x200 [color=#FFFFFF] [bgcolor=#00CC00]
    RenderText zI: 1000000 {#text} at (71,42) size 58x97
      text run at (71,42) width 58: "4"
layer at (430,1586) size 200x200
  RenderBlock (positioned) zI: 2000000 {P} at (410,210) size 200x200 [color=#FFFFFF] [bgcolor=#CCCC00]
    RenderText zI: 2000000 {#text} at (71,42) size 58x97
      text run at (71,42) width 58: "3"
layer at (380,1436) size 200x200
  RenderBlock (positioned) zI: 3000000 {P} at (360,60) size 200x200 [color=#FFFFFF] [bgcolor=#FF9900]
    RenderText zI: 3000000 {#text} at (71,42) size 58x97
      text run at (71,42) width 58: "2"
layer at (230,1386) size 200x200
  RenderBlock (positioned) zI: 4000000 {P} at (210,10) size 200x200 [color=#FFFFFF] [bgcolor=#FF0000]
    RenderText zI: 4000000 {#text} at (71,42) size 58x97
      text run at (71,42) width 58: "1"
