layer at (0,0) size 800x1688
  RenderView at (0,0) size 800x600
layer at (0,0) size 800x600
  RenderBlock {HTML} at (0,0) size 800x600
    RenderBody {BODY} at (8,8) size 784x584
      RenderBlock (anonymous) at (0,0) size 784x14
        RenderText {#text} at (0,0) size 88x14
          text run at (0,0) width 88: "Content at the end."
layer at (8,8) size 12x1680
  RenderBlock (positioned) {DIV} at (0,0) size 12x1680
    RenderText {#text} at (0,0) size 6x14
      text run at (0,0) width 6: "1"
    RenderBR {BR} at (6,11) size 0x0
    RenderText {#text} at (0,14) size 6x14
      text run at (0,14) width 6: "2"
    RenderBR {BR} at (6,25) size 0x0
    RenderText {#text} at (0,28) size 6x14
      text run at (0,28) width 6: "3"
    RenderBR {BR} at (6,39) size 0x0
    RenderText {#text} at (0,42) size 6x14
      text run at (0,42) width 6: "4"
    RenderBR {BR} at (6,53) size 0x0
    RenderText {#text} at (0,56) size 6x14
      text run at (0,56) width 6: "5"
    RenderBR {BR} at (6,67) size 0x0
    RenderText {#text} at (0,70) size 6x14
      text run at (0,70) width 6: "6"
    RenderBR {BR} at (6,81) size 0x0
    RenderText {#text} at (0,84) size 6x14
      text run at (0,84) width 6: "7"
    RenderBR {BR} at (6,95) size 0x0
    RenderText {#text} at (0,98) size 6x14
      text run at (0,98) width 6: "8"
    RenderBR {BR} at (6,109) size 0x0
    RenderText {#text} at (0,112) size 6x14
      text run at (0,112) width 6: "9"
    RenderBR {BR} at (6,123) size 0x0
    RenderText {#text} at (0,126) size 12x14
      text run at (0,126) width 12: "10"
    RenderBR {BR} at (12,137) size 0x0
    RenderText {#text} at (0,140) size 12x14
      text run at (0,140) width 12: "11"
    RenderBR {BR} at (12,151) size 0x0
    RenderText {#text} at (0,154) size 12x14
      text run at (0,154) width 12: "12"
    RenderBR {BR} at (12,165) size 0x0
    RenderText {#text} at (0,168) size 12x14
      text run at (0,168) width 12: "13"
    RenderBR {BR} at (12,179) size 0x0
    RenderText {#text} at (0,182) size 12x14
      text run at (0,182) width 12: "14"
    RenderBR {BR} at (12,193) size 0x0
    RenderText {#text} at (0,196) size 12x14
      text run at (0,196) width 12: "15"
    RenderBR {BR} at (12,207) size 0x0
    RenderText {#text} at (0,210) size 12x14
      text run at (0,210) width 12: "16"
    RenderBR {BR} at (12,221) size 0x0
    RenderText {#text} at (0,224) size 12x14
      text run at (0,224) width 12: "17"
    RenderBR {BR} at (12,235) size 0x0
    RenderText {#text} at (0,238) size 12x14
      text run at (0,238) width 12: "18"
    RenderBR {BR} at (12,249) size 0x0
    RenderText {#text} at (0,252) size 12x14
      text run at (0,252) width 12: "19"
    RenderBR {BR} at (12,263) size 0x0
    RenderText {#text} at (0,266) size 12x14
      text run at (0,266) width 12: "20"
    RenderBR {BR} at (12,277) size 0x0
    RenderText {#text} at (0,280) size 6x14
      text run at (0,280) width 6: "1"
    RenderBR {BR} at (6,291) size 0x0
    RenderText {#text} at (0,294) size 6x14
      text run at (0,294) width 6: "2"
    RenderBR {BR} at (6,305) size 0x0
    RenderText {#text} at (0,308) size 6x14
      text run at (0,308) width 6: "3"
    RenderBR {BR} at (6,319) size 0x0
    RenderText {#text} at (0,322) size 6x14
      text run at (0,322) width 6: "4"
    RenderBR {BR} at (6,333) size 0x0
    RenderText {#text} at (0,336) size 6x14
      text run at (0,336) width 6: "5"
    RenderBR {BR} at (6,347) size 0x0
    RenderText {#text} at (0,350) size 6x14
      text run at (0,350) width 6: "6"
    RenderBR {BR} at (6,361) size 0x0
    RenderText {#text} at (0,364) size 6x14
      text run at (0,364) width 6: "7"
    RenderBR {BR} at (6,375) size 0x0
    RenderText {#text} at (0,378) size 6x14
      text run at (0,378) width 6: "8"
    RenderBR {BR} at (6,389) size 0x0
    RenderText {#text} at (0,392) size 6x14
      text run at (0,392) width 6: "9"
    RenderBR {BR} at (6,403) size 0x0
    RenderText {#text} at (0,406) size 12x14
      text run at (0,406) width 12: "10"
    RenderBR {BR} at (12,417) size 0x0
    RenderText {#text} at (0,420) size 12x14
      text run at (0,420) width 12: "11"
    RenderBR {BR} at (12,431) size 0x0
    RenderText {#text} at (0,434) size 12x14
      text run at (0,434) width 12: "12"
    RenderBR {BR} at (12,445) size 0x0
    RenderText {#text} at (0,448) size 12x14
      text run at (0,448) width 12: "13"
    RenderBR {BR} at (12,459) size 0x0
    RenderText {#text} at (0,462) size 12x14
      text run at (0,462) width 12: "14"
    RenderBR {BR} at (12,473) size 0x0
    RenderText {#text} at (0,476) size 12x14
      text run at (0,476) width 12: "15"
    RenderBR {BR} at (12,487) size 0x0
    RenderText {#text} at (0,490) size 12x14
      text run at (0,490) width 12: "16"
    RenderBR {BR} at (12,501) size 0x0
    RenderText {#text} at (0,504) size 12x14
      text run at (0,504) width 12: "17"
    RenderBR {BR} at (12,515) size 0x0
    RenderText {#text} at (0,518) size 12x14
      text run at (0,518) width 12: "18"
    RenderBR {BR} at (12,529) size 0x0
    RenderText {#text} at (0,532) size 12x14
      text run at (0,532) width 12: "19"
    RenderBR {BR} at (12,543) size 0x0
    RenderText {#text} at (0,546) size 12x14
      text run at (0,546) width 12: "20"
    RenderBR {BR} at (12,557) size 0x0
    RenderText {#text} at (0,560) size 6x14
      text run at (0,560) width 6: "1"
    RenderBR {BR} at (6,571) size 0x0
    RenderText {#text} at (0,574) size 6x14
      text run at (0,574) width 6: "2"
    RenderBR {BR} at (6,585) size 0x0
    RenderText {#text} at (0,588) size 6x14
      text run at (0,588) width 6: "3"
    RenderBR {BR} at (6,599) size 0x0
    RenderText {#text} at (0,602) size 6x14
      text run at (0,602) width 6: "4"
    RenderBR {BR} at (6,613) size 0x0
    RenderText {#text} at (0,616) size 6x14
      text run at (0,616) width 6: "5"
    RenderBR {BR} at (6,627) size 0x0
    RenderText {#text} at (0,630) size 6x14
      text run at (0,630) width 6: "6"
    RenderBR {BR} at (6,641) size 0x0
    RenderText {#text} at (0,644) size 6x14
      text run at (0,644) width 6: "7"
    RenderBR {BR} at (6,655) size 0x0
    RenderText {#text} at (0,658) size 6x14
      text run at (0,658) width 6: "8"
    RenderBR {BR} at (6,669) size 0x0
    RenderText {#text} at (0,672) size 6x14
      text run at (0,672) width 6: "9"
    RenderBR {BR} at (6,683) size 0x0
    RenderText {#text} at (0,686) size 12x14
      text run at (0,686) width 12: "10"
    RenderBR {BR} at (12,697) size 0x0
    RenderText {#text} at (0,700) size 12x14
      text run at (0,700) width 12: "11"
    RenderBR {BR} at (12,711) size 0x0
    RenderText {#text} at (0,714) size 12x14
      text run at (0,714) width 12: "12"
    RenderBR {BR} at (12,725) size 0x0
    RenderText {#text} at (0,728) size 12x14
      text run at (0,728) width 12: "13"
    RenderBR {BR} at (12,739) size 0x0
    RenderText {#text} at (0,742) size 12x14
      text run at (0,742) width 12: "14"
    RenderBR {BR} at (12,753) size 0x0
    RenderText {#text} at (0,756) size 12x14
      text run at (0,756) width 12: "15"
    RenderBR {BR} at (12,767) size 0x0
    RenderText {#text} at (0,770) size 12x14
      text run at (0,770) width 12: "16"
    RenderBR {BR} at (12,781) size 0x0
    RenderText {#text} at (0,784) size 12x14
      text run at (0,784) width 12: "17"
    RenderBR {BR} at (12,795) size 0x0
    RenderText {#text} at (0,798) size 12x14
      text run at (0,798) width 12: "18"
    RenderBR {BR} at (12,809) size 0x0
    RenderText {#text} at (0,812) size 12x14
      text run at (0,812) width 12: "19"
    RenderBR {BR} at (12,823) size 0x0
    RenderText {#text} at (0,826) size 12x14
      text run at (0,826) width 12: "20"
    RenderBR {BR} at (12,837) size 0x0
    RenderText {#text} at (0,840) size 6x14
      text run at (0,840) width 6: "1"
    RenderBR {BR} at (6,851) size 0x0
    RenderText {#text} at (0,854) size 6x14
      text run at (0,854) width 6: "2"
    RenderBR {BR} at (6,865) size 0x0
    RenderText {#text} at (0,868) size 6x14
      text run at (0,868) width 6: "3"
    RenderBR {BR} at (6,879) size 0x0
    RenderText {#text} at (0,882) size 6x14
      text run at (0,882) width 6: "4"
    RenderBR {BR} at (6,893) size 0x0
    RenderText {#text} at (0,896) size 6x14
      text run at (0,896) width 6: "5"
    RenderBR {BR} at (6,907) size 0x0
    RenderText {#text} at (0,910) size 6x14
      text run at (0,910) width 6: "6"
    RenderBR {BR} at (6,921) size 0x0
    RenderText {#text} at (0,924) size 6x14
      text run at (0,924) width 6: "7"
    RenderBR {BR} at (6,935) size 0x0
    RenderText {#text} at (0,938) size 6x14
      text run at (0,938) width 6: "8"
    RenderBR {BR} at (6,949) size 0x0
    RenderText {#text} at (0,952) size 6x14
      text run at (0,952) width 6: "9"
    RenderBR {BR} at (6,963) size 0x0
    RenderText {#text} at (0,966) size 12x14
      text run at (0,966) width 12: "10"
    RenderBR {BR} at (12,977) size 0x0
    RenderText {#text} at (0,980) size 12x14
      text run at (0,980) width 12: "11"
    RenderBR {BR} at (12,991) size 0x0
    RenderText {#text} at (0,994) size 12x14
      text run at (0,994) width 12: "12"
    RenderBR {BR} at (12,1005) size 0x0
    RenderText {#text} at (0,1008) size 12x14
      text run at (0,1008) width 12: "13"
    RenderBR {BR} at (12,1019) size 0x0
    RenderText {#text} at (0,1022) size 12x14
      text run at (0,1022) width 12: "14"
    RenderBR {BR} at (12,1033) size 0x0
    RenderText {#text} at (0,1036) size 12x14
      text run at (0,1036) width 12: "15"
    RenderBR {BR} at (12,1047) size 0x0
    RenderText {#text} at (0,1050) size 12x14
      text run at (0,1050) width 12: "16"
    RenderBR {BR} at (12,1061) size 0x0
    RenderText {#text} at (0,1064) size 12x14
      text run at (0,1064) width 12: "17"
    RenderBR {BR} at (12,1075) size 0x0
    RenderText {#text} at (0,1078) size 12x14
      text run at (0,1078) width 12: "18"
    RenderBR {BR} at (12,1089) size 0x0
    RenderText {#text} at (0,1092) size 12x14
      text run at (0,1092) width 12: "19"
    RenderBR {BR} at (12,1103) size 0x0
    RenderText {#text} at (0,1106) size 12x14
      text run at (0,1106) width 12: "20"
    RenderBR {BR} at (12,1117) size 0x0
    RenderText {#text} at (0,1120) size 6x14
      text run at (0,1120) width 6: "1"
    RenderBR {BR} at (6,1131) size 0x0
    RenderText {#text} at (0,1134) size 6x14
      text run at (0,1134) width 6: "2"
    RenderBR {BR} at (6,1145) size 0x0
    RenderText {#text} at (0,1148) size 6x14
      text run at (0,1148) width 6: "3"
    RenderBR {BR} at (6,1159) size 0x0
    RenderText {#text} at (0,1162) size 6x14
      text run at (0,1162) width 6: "4"
    RenderBR {BR} at (6,1173) size 0x0
    RenderText {#text} at (0,1176) size 6x14
      text run at (0,1176) width 6: "5"
    RenderBR {BR} at (6,1187) size 0x0
    RenderText {#text} at (0,1190) size 6x14
      text run at (0,1190) width 6: "6"
    RenderBR {BR} at (6,1201) size 0x0
    RenderText {#text} at (0,1204) size 6x14
      text run at (0,1204) width 6: "7"
    RenderBR {BR} at (6,1215) size 0x0
    RenderText {#text} at (0,1218) size 6x14
      text run at (0,1218) width 6: "8"
    RenderBR {BR} at (6,1229) size 0x0
    RenderText {#text} at (0,1232) size 6x14
      text run at (0,1232) width 6: "9"
    RenderBR {BR} at (6,1243) size 0x0
    RenderText {#text} at (0,1246) size 12x14
      text run at (0,1246) width 12: "10"
    RenderBR {BR} at (12,1257) size 0x0
    RenderText {#text} at (0,1260) size 12x14
      text run at (0,1260) width 12: "11"
    RenderBR {BR} at (12,1271) size 0x0
    RenderText {#text} at (0,1274) size 12x14
      text run at (0,1274) width 12: "12"
    RenderBR {BR} at (12,1285) size 0x0
    RenderText {#text} at (0,1288) size 12x14
      text run at (0,1288) width 12: "13"
    RenderBR {BR} at (12,1299) size 0x0
    RenderText {#text} at (0,1302) size 12x14
      text run at (0,1302) width 12: "14"
    RenderBR {BR} at (12,1313) size 0x0
    RenderText {#text} at (0,1316) size 12x14
      text run at (0,1316) width 12: "15"
    RenderBR {BR} at (12,1327) size 0x0
    RenderText {#text} at (0,1330) size 12x14
      text run at (0,1330) width 12: "16"
    RenderBR {BR} at (12,1341) size 0x0
    RenderText {#text} at (0,1344) size 12x14
      text run at (0,1344) width 12: "17"
    RenderBR {BR} at (12,1355) size 0x0
    RenderText {#text} at (0,1358) size 12x14
      text run at (0,1358) width 12: "18"
    RenderBR {BR} at (12,1369) size 0x0
    RenderText {#text} at (0,1372) size 12x14
      text run at (0,1372) width 12: "19"
    RenderBR {BR} at (12,1383) size 0x0
    RenderText {#text} at (0,1386) size 12x14
      text run at (0,1386) width 12: "20"
    RenderBR {BR} at (12,1397) size 0x0
    RenderText {#text} at (0,1400) size 6x14
      text run at (0,1400) width 6: "1"
    RenderBR {BR} at (6,1411) size 0x0
    RenderText {#text} at (0,1414) size 6x14
      text run at (0,1414) width 6: "2"
    RenderBR {BR} at (6,1425) size 0x0
    RenderText {#text} at (0,1428) size 6x14
      text run at (0,1428) width 6: "3"
    RenderBR {BR} at (6,1439) size 0x0
    RenderText {#text} at (0,1442) size 6x14
      text run at (0,1442) width 6: "4"
    RenderBR {BR} at (6,1453) size 0x0
    RenderText {#text} at (0,1456) size 6x14
      text run at (0,1456) width 6: "5"
    RenderBR {BR} at (6,1467) size 0x0
    RenderText {#text} at (0,1470) size 6x14
      text run at (0,1470) width 6: "6"
    RenderBR {BR} at (6,1481) size 0x0
    RenderText {#text} at (0,1484) size 6x14
      text run at (0,1484) width 6: "7"
    RenderBR {BR} at (6,1495) size 0x0
    RenderText {#text} at (0,1498) size 6x14
      text run at (0,1498) width 6: "8"
    RenderBR {BR} at (6,1509) size 0x0
    RenderText {#text} at (0,1512) size 6x14
      text run at (0,1512) width 6: "9"
    RenderBR {BR} at (6,1523) size 0x0
    RenderText {#text} at (0,1526) size 12x14
      text run at (0,1526) width 12: "10"
    RenderBR {BR} at (12,1537) size 0x0
    RenderText {#text} at (0,1540) size 12x14
      text run at (0,1540) width 12: "11"
    RenderBR {BR} at (12,1551) size 0x0
    RenderText {#text} at (0,1554) size 12x14
      text run at (0,1554) width 12: "12"
    RenderBR {BR} at (12,1565) size 0x0
    RenderText {#text} at (0,1568) size 12x14
      text run at (0,1568) width 12: "13"
    RenderBR {BR} at (12,1579) size 0x0
    RenderText {#text} at (0,1582) size 12x14
      text run at (0,1582) width 12: "14"
    RenderBR {BR} at (12,1593) size 0x0
    RenderText {#text} at (0,1596) size 12x14
      text run at (0,1596) width 12: "15"
    RenderBR {BR} at (12,1607) size 0x0
    RenderText {#text} at (0,1610) size 12x14
      text run at (0,1610) width 12: "16"
    RenderBR {BR} at (12,1621) size 0x0
    RenderText {#text} at (0,1624) size 12x14
      text run at (0,1624) width 12: "17"
    RenderBR {BR} at (12,1635) size 0x0
    RenderText {#text} at (0,1638) size 12x14
      text run at (0,1638) width 12: "18"
    RenderBR {BR} at (12,1649) size 0x0
    RenderText {#text} at (0,1652) size 12x14
      text run at (0,1652) width 12: "19"
    RenderBR {BR} at (12,1663) size 0x0
    RenderText {#text} at (0,1666) size 12x14
      text run at (0,1666) width 12: "20"
    RenderBR {BR} at (12,1677) size 0x0
