layer at (0,0) size 800x600
  RenderView at (0,0) size 800x600
layer at (0,0) size 800x600
  RenderBlock {HTML} at (0,0) size 800x600
    RenderBody {BODY} at (8,8) size 784x584
layer at (8,8) size 80x56
  RenderBlock (positioned) {SPAN} at (0,0) size 80x56
    RenderText {#text} at (0,0) size 80x56
      text run at (0,0) width 80: "position:absolute"
      text run at (0,14) width 53: "span inside"
      text run at (0,28) width 75: "position:relative"
      text run at (0,42) width 22: "span"
