layer at (0,0) size 800x600
  RenderView at (0,0) size 800x600
layer at (0,0) size 800x600
  RenderBlock {HTML} at (0,0) size 800x600
    RenderBody {BODY} at (8,8) size 784x584
      RenderBlock {P} at (0,0) size 784x14
        RenderText {#text} at (0,0) size 474x14
          text run at (0,0) width 474: "The red box should be entirely inside the black box with the text content spilling out of both of them."
layer at (8,34) size 404x104
  RenderBlock (relative positioned) {DIV} at (0,26) size 404x104 [border: (2px solid #000000)]
layer at (10,56) size 400x60
  RenderBlock (positioned) {DIV} at (2,22) size 400x60 [border: (2px solid #FF0000)]
    RenderText {#text} at (2,2) size 393x84
      text run at (2,2) width 376: "Lorem ipsum dolor sit amet, consectetur adipisicing elit, sed do eiusmod tempor"
      text run at (2,16) width 393: "incididunt ut labore et dolore magna aliqua. Ut enim ad minim veniam, quis nostrud"
      text run at (2,30) width 374: "exercitation ullamco laboris nisi ut aliquip ex ea commodo consequat. Duis aute"
      text run at (2,44) width 366: "irure dolor in reprehenderit in voluptate velit esse cillum dolore eu fugiat nulla"
      text run at (2,58) width 376: "pariatur. Excepteur sint occaecat cupidatat non proident, sunt in culpa qui officia"
      text run at (2,72) width 169: "deserunt mollit anim id est laborum."
