layer at (0,0) size 800x600
  RenderView at (0,0) size 800x600
layer at (0,0) size 800x600
  RenderBlock {HTML} at (0,0) size 800x600
    RenderBody {BODY} at (8,8) size 784x584
      RenderText {#text} at (0,0) size 267x14
        text run at (0,0) width 267: "All of the boxes below should look identical to this one: "
      RenderBR {BR} at (267,11) size 0x0
      RenderText {#text} at (72,71) size 3x14
        text run at (72,71) width 3: " "
      RenderBR {BR} at (75,82) size 0x0
      RenderText {#text} at (0,85) size 74x14
        text run at (0,85) width 74: "The test boxes: "
      RenderBR {BR} at (0,0) size 0x0
      RenderText {#text} at (72,156) size 3x14
        text run at (72,156) width 3: " "
      RenderText {#text} at (147,156) size 3x14
        text run at (147,156) width 3: " "
      RenderText {#text} at (222,156) size 3x14
        text run at (222,156) width 3: " "
      RenderText {#text} at (297,156) size 3x14
        text run at (297,156) width 3: " "
      RenderBR {BR} at (0,0) size 0x0
      RenderText {#text} at (72,227) size 3x14
        text run at (72,227) width 3: " "
      RenderText {#text} at (147,227) size 3x14
        text run at (147,227) width 3: " "
      RenderText {#text} at (222,227) size 3x14
        text run at (222,227) width 3: " "
      RenderText {#text} at (297,227) size 3x14
        text run at (297,227) width 3: " "
      RenderBR {BR} at (0,0) size 0x0
      RenderText {#text} at (72,298) size 3x14
        text run at (72,298) width 3: " "
      RenderText {#text} at (147,298) size 3x14
        text run at (147,298) width 3: " "
      RenderText {#text} at (222,298) size 3x14
        text run at (222,298) width 3: " "
      RenderText {#text} at (297,298) size 3x14
        text run at (297,298) width 3: " "
      RenderBR {BR} at (0,0) size 0x0
      RenderText {#text} at (72,369) size 3x14
        text run at (72,369) width 3: " "
      RenderText {#text} at (147,369) size 3x14
        text run at (147,369) width 3: " "
      RenderText {#text} at (222,369) size 3x14
        text run at (222,369) width 3: " "
      RenderText {#text} at (0,0) size 0x0
layer at (13,27) size 62x58
  RenderBlock (relative positioned) {DIV} at (5,19) size 62x58 [border: (1px solid #000000) (2px solid #000000) (3px solid #000000) (4px solid #000000)]
layer at (17,28) size 20x20
  RenderImage {IMG} at (4,1) size 20x20 [bgcolor=#008000]
layer at (53,28) size 20x20
  RenderImage {IMG} at (40,1) size 20x20 [bgcolor=#008000]
layer at (17,62) size 20x20
  RenderImage {IMG} at (4,35) size 20x20 [bgcolor=#008000]
layer at (53,62) size 20x20
  RenderImage {IMG} at (40,35) size 20x20 [bgcolor=#008000]
layer at (13,112) size 62x58
  RenderBlock (relative positioned) {DIV} at (5,104) size 62x58 [border: (1px solid #000000) (2px solid #000000) (3px solid #000000) (4px solid #000000)]
layer at (17,113) size 20x20
  RenderImage {IMG} at (4,1) size 20x20 [bgcolor=#008000]
layer at (53,113) size 20x20
  RenderImage {IMG} at (40,1) size 20x20 [bgcolor=#008000]
layer at (17,147) size 20x20
  RenderImage {IMG} at (4,35) size 20x20 [bgcolor=#008000]
layer at (53,147) size 20x20
  RenderImage {IMG} at (40,35) size 20x20 [bgcolor=#008000]
layer at (88,112) size 62x58
  RenderBlock (relative positioned) {DIV} at (80,104) size 62x58 [border: (1px solid #000000) (2px solid #000000) (3px solid #000000) (4px solid #000000)]
layer at (92,113) size 20x20
  RenderImage {IMG} at (4,1) size 20x20 [bgcolor=#008000]
layer at (128,113) size 20x20
  RenderImage {IMG} at (40,1) size 20x20 [bgcolor=#008000]
layer at (92,147) size 20x20
  RenderImage {IMG} at (4,35) size 20x20 [bgcolor=#008000]
layer at (128,147) size 20x20
  RenderImage {IMG} at (40,35) size 20x20 [bgcolor=#008000]
layer at (163,112) size 62x58
  RenderBlock (relative positioned) {DIV} at (155,104) size 62x58 [border: (1px solid #000000) (2px solid #000000) (3px solid #000000) (4px solid #000000)]
layer at (167,113) size 20x20
  RenderImage {IMG} at (4,37) size 20x20 [bgcolor=#008000]
layer at (203,113) size 20x20
  RenderImage {IMG} at (40,37) size 20x20 [bgcolor=#008000]
layer at (167,147) size 20x20
  RenderImage {IMG} at (4,3) size 20x20 [bgcolor=#008000]
layer at (203,147) size 20x20
  RenderImage {IMG} at (40,3) size 20x20 [bgcolor=#008000]
layer at (238,112) size 62x58
  RenderBlock (relative positioned) {DIV} at (230,104) size 62x58 [border: (1px solid #000000) (2px solid #000000) (3px solid #000000) (4px solid #000000)]
layer at (242,113) size 20x20
  RenderImage {IMG} at (38,1) size 20x20 [bgcolor=#008000]
layer at (278,113) size 20x20
  RenderImage {IMG} at (2,1) size 20x20 [bgcolor=#008000]
layer at (242,147) size 20x20
  RenderImage {IMG} at (38,35) size 20x20 [bgcolor=#008000]
layer at (278,147) size 20x20
  RenderImage {IMG} at (2,35) size 20x20 [bgcolor=#008000]
layer at (13,183) size 62x58
  RenderBlock (relative positioned) {DIV} at (5,175) size 62x58 [border: (1px solid #000000) (2px solid #000000) (3px solid #000000) (4px solid #000000)]
layer at (53,184) size 20x20
  RenderImage {IMG} at (40,1) size 20x20 [bgcolor=#008000]
layer at (17,218) size 20x20
  RenderImage {IMG} at (4,35) size 20x20 [bgcolor=#008000]
layer at (53,218) size 20x20
  RenderImage {IMG} at (40,35) size 20x20 [bgcolor=#008000]
layer at (17,184) size 20x20
  RenderImage {IMG} at (4,1) size 20x20 [bgcolor=#008000]
layer at (88,183) size 62x58
  RenderBlock (relative positioned) {DIV} at (80,175) size 62x58 [border: (1px solid #000000) (2px solid #000000) (3px solid #000000) (4px solid #000000)]
layer at (128,184) size 20x20
  RenderImage {IMG} at (40,1) size 20x20 [bgcolor=#008000]
layer at (92,218) size 20x20
  RenderImage {IMG} at (4,35) size 20x20 [bgcolor=#008000]
layer at (128,218) size 20x20
  RenderImage {IMG} at (40,35) size 20x20 [bgcolor=#008000]
layer at (92,184) size 20x20
  RenderImage {IMG} at (4,1) size 20x20 [bgcolor=#008000]
layer at (163,183) size 62x58
  RenderBlock (relative positioned) {DIV} at (155,175) size 62x58 [border: (1px solid #000000) (2px solid #000000) (3px solid #000000) (4px solid #000000)]
layer at (203,184) size 20x20
  RenderImage {IMG} at (40,37) size 20x20 [bgcolor=#008000]
layer at (167,218) size 20x20
  RenderImage {IMG} at (4,3) size 20x20 [bgcolor=#008000]
layer at (203,218) size 20x20
  RenderImage {IMG} at (40,3) size 20x20 [bgcolor=#008000]
layer at (167,184) size 20x20
  RenderImage {IMG} at (4,37) size 20x20 [bgcolor=#008000]
layer at (238,183) size 62x58
  RenderBlock (relative positioned) {DIV} at (230,175) size 62x58 [border: (1px solid #000000) (2px solid #000000) (3px solid #000000) (4px solid #000000)]
layer at (278,184) size 20x20
  RenderImage {IMG} at (2,1) size 20x20 [bgcolor=#008000]
layer at (242,218) size 20x20
  RenderImage {IMG} at (38,35) size 20x20 [bgcolor=#008000]
layer at (278,218) size 20x20
  RenderImage {IMG} at (2,35) size 20x20 [bgcolor=#008000]
layer at (242,184) size 20x20
  RenderImage {IMG} at (38,1) size 20x20 [bgcolor=#008000]
layer at (13,254) size 62x58
  RenderBlock (relative positioned) {DIV} at (5,246) size 62x58 [border: (1px solid #000000) (2px solid #000000) (3px solid #000000) (4px solid #000000)]
layer at (17,289) size 20x20
  RenderImage {IMG} at (4,35) size 20x20 [bgcolor=#008000]
layer at (53,289) size 20x20
  RenderImage {IMG} at (40,35) size 20x20 [bgcolor=#008000]
layer at (17,255) size 20x20
  RenderImage {IMG} at (4,1) size 20x20 [bgcolor=#008000]
layer at (53,255) size 20x20
  RenderImage {IMG} at (40,1) size 20x20 [bgcolor=#008000]
layer at (88,254) size 62x58
  RenderBlock (relative positioned) {DIV} at (80,246) size 62x58 [border: (1px solid #000000) (2px solid #000000) (3px solid #000000) (4px solid #000000)]
layer at (92,289) size 20x20
  RenderImage {IMG} at (4,35) size 20x20 [bgcolor=#008000]
layer at (128,289) size 20x20
  RenderImage {IMG} at (40,35) size 20x20 [bgcolor=#008000]
layer at (92,255) size 20x20
  RenderImage {IMG} at (4,1) size 20x20 [bgcolor=#008000]
layer at (128,255) size 20x20
  RenderImage {IMG} at (40,1) size 20x20 [bgcolor=#008000]
layer at (163,254) size 62x58
  RenderBlock (relative positioned) {DIV} at (155,246) size 62x58 [border: (1px solid #000000) (2px solid #000000) (3px solid #000000) (4px solid #000000)]
layer at (167,289) size 20x20
  RenderImage {IMG} at (4,3) size 20x20 [bgcolor=#008000]
layer at (203,289) size 20x20
  RenderImage {IMG} at (40,3) size 20x20 [bgcolor=#008000]
layer at (167,255) size 20x20
  RenderImage {IMG} at (4,37) size 20x20 [bgcolor=#008000]
layer at (203,255) size 20x20
  RenderImage {IMG} at (40,37) size 20x20 [bgcolor=#008000]
layer at (238,254) size 62x58
  RenderBlock (relative positioned) {DIV} at (230,246) size 62x58 [border: (1px solid #000000) (2px solid #000000) (3px solid #000000) (4px solid #000000)]
layer at (242,289) size 20x20
  RenderImage {IMG} at (38,35) size 20x20 [bgcolor=#008000]
layer at (278,289) size 20x20
  RenderImage {IMG} at (2,35) size 20x20 [bgcolor=#008000]
layer at (242,255) size 20x20
  RenderImage {IMG} at (38,1) size 20x20 [bgcolor=#008000]
layer at (278,255) size 20x20
  RenderImage {IMG} at (2,1) size 20x20 [bgcolor=#008000]
layer at (13,325) size 62x58
  RenderBlock (relative positioned) {DIV} at (5,317) size 62x58 [border: (1px solid #000000) (2px solid #000000) (3px solid #000000) (4px solid #000000)]
layer at (53,360) size 20x20
  RenderImage {IMG} at (40,35) size 20x20 [bgcolor=#008000]
layer at (17,326) size 20x20
  RenderImage {IMG} at (4,1) size 20x20 [bgcolor=#008000]
layer at (53,326) size 20x20
  RenderImage {IMG} at (40,1) size 20x20 [bgcolor=#008000]
layer at (17,360) size 20x20
  RenderImage {IMG} at (4,35) size 20x20 [bgcolor=#008000]
layer at (88,325) size 62x58
  RenderBlock (relative positioned) {DIV} at (80,317) size 62x58 [border: (1px solid #000000) (2px solid #000000) (3px solid #000000) (4px solid #000000)]
layer at (128,360) size 20x20
  RenderImage {IMG} at (40,35) size 20x20 [bgcolor=#008000]
layer at (92,326) size 20x20
  RenderImage {IMG} at (4,1) size 20x20 [bgcolor=#008000]
layer at (128,326) size 20x20
  RenderImage {IMG} at (40,1) size 20x20 [bgcolor=#008000]
layer at (92,360) size 20x20
  RenderImage {IMG} at (4,35) size 20x20 [bgcolor=#008000]
layer at (163,325) size 62x58
  RenderBlock (relative positioned) {DIV} at (155,317) size 62x58 [border: (1px solid #000000) (2px solid #000000) (3px solid #000000) (4px solid #000000)]
layer at (203,360) size 20x20
  RenderImage {IMG} at (40,3) size 20x20 [bgcolor=#008000]
layer at (167,326) size 20x20
  RenderImage {IMG} at (4,37) size 20x20 [bgcolor=#008000]
layer at (203,326) size 20x20
  RenderImage {IMG} at (40,37) size 20x20 [bgcolor=#008000]
layer at (167,360) size 20x20
  RenderImage {IMG} at (4,3) size 20x20 [bgcolor=#008000]
layer at (238,325) size 62x58
  RenderBlock (relative positioned) {DIV} at (230,317) size 62x58 [border: (1px solid #000000) (2px solid #000000) (3px solid #000000) (4px solid #000000)]
layer at (278,360) size 20x20
  RenderImage {IMG} at (2,35) size 20x20 [bgcolor=#008000]
layer at (242,326) size 20x20
  RenderImage {IMG} at (38,1) size 20x20 [bgcolor=#008000]
layer at (278,326) size 20x20
  RenderImage {IMG} at (2,1) size 20x20 [bgcolor=#008000]
layer at (242,360) size 20x20
  RenderImage {IMG} at (38,35) size 20x20 [bgcolor=#008000]
