layer at (0,0) size 800x600
  RenderView at (0,0) size 800x600
layer at (0,0) size 800x600
  RenderBlock {HTML} at (0,0) size 800x600
    RenderBody {BODY} at (8,8) size 784x584
      RenderBlock {P} at (0,0) size 784x28
        RenderText {#text} at (0,0) size 161x14
          text run at (0,0) width 161: "This tests for a regression against "
        RenderInline {I} at (0,0) size 779x28
          RenderInline {A} at (0,0) size 262x14 [color=#0000EE]
            RenderText {#text} at (161,0) size 262x14
              text run at (161,0) width 262: "http://bugzilla.opendarwin.org/show_bug.cgi?id=6881"
          RenderText {#text} at (423,0) size 779x28
            text run at (423,0) width 3: " "
            text run at (426,0) width 353: "Block with position:absolute bottom:0 doesn't always move when height of"
            text run at (0,14) width 215: "containing block changes (affects Safari RSS)"
        RenderText {#text} at (215,14) size 3x14
          text run at (215,14) width 3: "."
      RenderBlock {P} at (0,40) size 784x14
        RenderText {#text} at (0,0) size 412x14
          text run at (0,0) width 412: "The squares below should have blue tops and green bottoms, not the other way around."
      RenderBlock {HR} at (0,66) size 784x2 [border: (1px inset #000000)]
      RenderBlock (anonymous) at (0,174) size 784x14
        RenderBR {BR} at (0,0) size 0x14
layer at (8,82) size 784x100
  RenderBlock (relative positioned) {DIV} at (0,74) size 784x100
    RenderBlock {DIV} at (0,0) size 100x100 [bgcolor=#87CEEB]
layer at (8,132) size 100x50
  RenderBlock (positioned) {DIV} at (0,50) size 100x50 [bgcolor=#90EE90]
layer at (8,196) size 784x100
  RenderDeprecatedFlexibleBox (relative positioned) {DIV} at (0,188) size 784x100
    RenderBlock {DIV} at (0,0) size 100x100 [bgcolor=#87CEEB]
layer at (8,246) size 100x50
  RenderBlock (positioned) {DIV} at (0,50) size 100x50 [bgcolor=#90EE90]
