layer at (0,0) size 800x600
  RenderView at (0,0) size 800x600
layer at (0,0) size 800x600
  RenderBlock {HTML} at (0,0) size 800x600
    RenderBody {BODY} at (8,8) size 784x584
      RenderText {#text} at (0,0) size 351x14
        text run at (0,0) width 351: "You should see the number 0 below, and the grey box should fit it snugly."
layer at (369,18) size 8x16
  RenderBlock (positioned) {DIV} at (10,10) size 8x16 [bgcolor=#808080]
    RenderBlock {DIV} at (0,0) size 8x16 [bgcolor=#ACACAC]
      RenderBlock {DIV} at (1,1) size 6x14
        RenderBlock {DIV} at (0,0) size 6x14
          RenderText {#text} at (0,0) size 6x14
            text run at (0,0) width 6: "0"
