layer at (0,0) size 800x600
  RenderView at (0,0) size 800x600
layer at (0,0) size 800x600
  RenderBlock {HTML} at (0,0) size 800x600
    RenderBody {BODY} at (42,42) size 716x516
      RenderBlock {P} at (0,0) size 716x14
        RenderText {#text} at (0,0) size 701x14
          text run at (0,0) width 701: "This test checks for a regression against rdar://problem/4364302 leftmargin and topmargin should match marginwidth and marginheight respectively."
      RenderBlock {P} at (0,26) size 716x14
        RenderText {#text} at (0,0) size 346x14
          text run at (0,0) width 346: "If it passes, the left, top, right, and bottom margins of the page will be 42."
