layer at (0,0) size 800x600
  RenderView at (0,0) size 800x600
layer at (0,0) size 800x38
  RenderBlock {HTML} at (0,0) size 800x38
    RenderBody {BODY} at (8,12) size 784x14
      RenderBlock {P} at (0,0) size 784x14
        RenderText {#text} at (0,0) size 319x14
          text run at (0,0) width 319: "Test passes the blue box is in the upper-left corner of the black box."
layer at (8,96) size 294x198
  RenderBlock (positioned) {DIV} at (8,96) size 294x198 [border: (3px solid #000000)]
layer at (11,99) size 96x96
  RenderBlock (positioned) {DIV} at (11,99) size 96x96 [bgcolor=#0000FF]
