CONSOLE MESSAGE: line 16: TypeError: 'undefined' is not a function (evaluating 'testRunner.setPrinting()')
layer at (0,0) size 980x735
  RenderView at (0,0) size 980x735
layer at (0,0) size 980x271
  RenderBlock {HTML} at (0,0) size 980x271
    RenderBody {BODY} at (8,16) size 964x245
      RenderBlock {P} at (0,0) size 964x19
        RenderText {#text} at (0,0) size 565x19
          text run at (0,0) width 565: "You should see two green squares below on screen, and when printed."
      RenderBlock {DIV} at (10,35) size 100x100 [bgcolor=#008000]
layer at (18,161) size 100x100
  RenderBlock {DIV} at (10,145) size 100x100 [bgcolor=#008000]
