CONSOLE MESSAGE: line 19: TypeError: 'undefined' is not a function (evaluating 'testRunner.setPrinting()')
layer at (0,0) size 980x735
  RenderView at (0,0) size 980x735
layer at (0,0) size 980x735
  RenderBlock {HTML} at (0,0) size 980x735
    RenderBody {BODY} at (8,8) size 964x719
      RenderBlock {DIV} at (0,0) size 100x100 [bgcolor=#FF0000]
      RenderBlock (anonymous) at (0,100) size 964x19
        RenderInline {SPAN} at (0,0) size 655x19
          RenderText {#text} at (0,0) size 655x19
            text run at (0,0) width 655: "When printing, you should see a green square above and this text should be italic."
        RenderText {#text} at (0,0) size 0x0
