layer at (0,0) size 1656x735
  RenderView at (0,0) size 980x735
layer at (0,0) size 980x48
  RenderBlock {HTML} at (0,0) size 980x48
    RenderBody {BODY} at (8,16) size 964x16
      RenderBlock {P} at (0,0) size 964x16
        RenderText {#text} at (0,0) size 1648x16
          text run at (0,0) width 1648: "The_content_of_this_paragraph_must_be_long_enough_such_that_a_scroll_bar_is_shown_in_non_printing_mode."
