CONSOLE MESSAGE: line 17: TypeError: 'undefined' is not a function (evaluating 'testRunner.setPrinting()')
layer at (0,0) size 980x735
  RenderView at (0,0) size 980x735
layer at (0,0) size 980x735
  RenderBlock {HTML} at (0,0) size 980x735
    RenderBody {BODY} at (8,8) size 964x719
      RenderBlock {DIV} at (0,0) size 964x0
        RenderBlock (floating) {SPAN} at (954,0) size 10x19
          RenderText {#text} at (0,0) size 10x19
            text run at (0,0) width 10: "0"
