CONSOLE MESSAGE: line 25: TypeError: 'undefined' is not a function (evaluating 'testRunner.setPrinting()')
layer at (0,0) size 980x735
  RenderView at (0,0) size 980x735
layer at (0,0) size 980x51
  RenderBlock {HTML} at (0,0) size 980x51
    RenderBody {BODY} at (0,16) size 980x19
      RenderBlock {P} at (0,0) size 980x19
        RenderText {#text} at (0,0) size 960x19
          text run at (0,0) width 960: "To run this test manually, print this page. If the right side of any lines is printed without being truncated, the test passes."
      RenderBlock {DIV} at (0,35) size 1300x0
