layer at (0,0) size 800x600
  RenderView at (0,0) size 800x600
layer at (0,0) size 800x600
  RenderBlock {HTML} at (0,0) size 800x600
    RenderBody {BODY} at (8,8) size 784x584
      RenderText {#text} at (191,39) size 187x14
        text run at (191,39) width 187: " --> This should be outside the textarea."
layer at (10,10) size 187x46
  RenderTextControl {TEXTAREA} at (2,2) size 187x46 [color=#202020]
    RenderBlock {DIV} at (4,6) size 180x18
      RenderText {#text} at (0,0) size 27x17
        text run at (0,0) width 27: "<!-- "
