layer at (0,0) size 800x600
  RenderView at (0,0) size 800x600
layer at (0,0) size 800x600
  RenderBlock {HTML} at (0,0) size 800x600
    RenderBody {BODY} at (8,8) size 784x576
      RenderBlock (anonymous) at (0,0) size 784x14
        RenderText {#text} at (0,0) size 411x14
          text run at (0,0) width 411: "--> */ h1 { background-color: red; } /* This comment should not be part of the style. */"
      RenderBlock {H1} at (0,30) size 784x28
        RenderText {#text} at (0,1) size 450x26
          text run at (0,1) width 450: "This text should not have a red background."
