layer at (0,0) size 800x600
  RenderView at (0,0) size 800x600
layer at (0,0) size 800x600
  RenderBlock {HTML} at (0,0) size 800x600
    RenderBody {BODY} at (8,8) size 784x584
      RenderText {#text} at (191,39) size 184x14
        text run at (191,39) width 184: " This should not be part of the textarea."
layer at (10,10) size 187x46 scrollHeight 82
  RenderTextControl {TEXTAREA} at (2,2) size 187x46 [color=#202020]
    RenderBlock {DIV} at (4,6) size 180x72
      RenderText {#text} at (0,0) size 179x53
        text run at (0,0) width 23: "<!--"
        text run at (23,0) width 0: " "
        text run at (0,18) width 179: "This should be part of the"
        text run at (0,36) width 65: " textarea."
        text run at (65,36) width 0: " "
      RenderBR {BR} at (0,54) size 0x17
