layer at (0,0) size 800x600
  RenderView at (0,0) size 800x600
layer at (0,0) size 800x600
  RenderBlock {HTML} at (0,0) size 800x600
    RenderBody {BODY} at (8,8) size 784x580
      RenderBlock (anonymous) at (0,0) size 784x0
        RenderInline {TIMER:TIME} at (0,0) size 0x0
          RenderText {#text} at (0,0) size 0x0
          RenderText {#text} at (0,0) size 0x0
      RenderBlock (anonymous) at (0,0) size 784x14
        RenderBlock {P} at (0,0) size 784x14
          RenderInline {SPAN} at (0,0) size 56x14 [color=#008000]
            RenderText {#text} at (0,0) size 56x14
              text run at (0,0) width 56: "SUCCESS:"
          RenderText {#text} at (56,0) size 110x14
            text run at (56,0) width 110: " Content was displayed"
      RenderBlock (anonymous) at (0,26) size 784x0
        RenderInline {TIMER:TIME} at (0,0) size 0x0
        RenderText {#text} at (0,0) size 0x0
