layer at (0,0) size 800x600
  RenderView at (0,0) size 800x600
layer at (0,0) size 174x600
  RenderBlock {HTML} at (0,0) size 174x600
    RenderBody {BODY} at (8,8) size 154x584
      RenderBlock {DIV} at (0,0) size 14x584
        RenderText {#text} at (0,0) size 14x574
          text run at (0,0) width 304: "The words \"flow content\" in green should display after this div, "
          text run at (0,304) width 270: "and there should be two copies of this content that match."
      RenderRegion {DIV} at (14,0) size 100x300
      RenderBlock {DIV} at (114,0) size 14x584
        RenderText {#text} at (0,0) size 14x574
          text run at (0,0) width 304: "The words \"flow content\" in green should display after this div, "
          text run at (0,304) width 270: "and there should be two copies of this content that match."
      RenderBlock {DIV} at (140,0) size 14x584 [color=#008000]
        RenderBlock {P} at (0,0) size 14x584
          RenderText {#text} at (0,0) size 14x59
            text run at (0,0) width 59: "flow content"
Flow Threads
  Thread with flow-name 'main-thread'
    layer at (0,0) size 100x300
      RenderFlowThread at (0,0) size 100x300
        RenderBlock {DIV} at (12,0) size 14x300 [color=#008000]
          RenderBlock {P} at (0,0) size 14x300
            RenderText {#text} at (0,0) size 14x59
              text run at (0,0) width 59: "flow content"
  Regions for flow 'main-thread'
    RenderRegion {DIV} #region1 with index 0
