layer at (0,0) size 800x600
  RenderView at (0,0) size 800x600
layer at (0,0) size 800x600
  RenderBlock {HTML} at (0,0) size 800x600
    RenderBody {BODY} at (8,8) size 784x584
      RenderBlock {P} at (0,0) size 784x14
        RenderText {#text} at (0,0) size 316x14
          text run at (0,0) width 316: "Test appearances of input-speech-button in <input type='number'>."
      RenderBlock {DIV} at (0,26) size 784x0
      RenderBlock {DIV} at (0,26) size 784x362
        RenderTable {TABLE} at (0,0) size 713x362
          RenderTableSection {TBODY} at (0,0) size 713x362
            RenderTableRow {TR} at (0,2) size 713x358
              RenderTableCell {TD} at (2,2) size 180x358 [r=0 c=0 rs=1 cs=1]
                RenderBlock {DIV} at (1,1) size 178x356
                  RenderTextControl {INPUT} at (0,0) size 93x20 [color=#202020]
                    RenderDeprecatedFlexibleBox {DIV} at (4,6) size 86x10
                      RenderBlock {DIV} at (0,0) size 86x10
                  RenderBR {BR} at (93,14) size 0x0
                  RenderTextControl {INPUT} at (0,20) size 93x20 [color=#202020]
                    RenderDeprecatedFlexibleBox {DIV} at (4,6) size 86x10
                      RenderBlock {DIV} at (0,0) size 86x10
                  RenderBR {BR} at (93,34) size 0x0
                  RenderTextControl {INPUT} at (0,40) size 113x21 [color=#202020]
                    RenderDeprecatedFlexibleBox {DIV} at (4,6) size 106x11
                      RenderBlock {DIV} at (0,0) size 106x11
                  RenderBR {BR} at (113,55) size 0x0
                  RenderTextControl {INPUT} at (0,61) size 113x21 [color=#202020]
                    RenderDeprecatedFlexibleBox {DIV} at (4,6) size 106x11
                      RenderBlock {DIV} at (0,0) size 106x11
                  RenderBR {BR} at (113,76) size 0x0
                  RenderTextControl {INPUT} at (0,82) size 133x23 [color=#202020]
                    RenderDeprecatedFlexibleBox {DIV} at (4,6) size 126x13
                      RenderBlock {DIV} at (0,0) size 126x13
                  RenderBR {BR} at (133,98) size 0x0
                  RenderTextControl {INPUT} at (0,105) size 133x23 [color=#202020]
                    RenderDeprecatedFlexibleBox {DIV} at (4,6) size 126x13
                      RenderBlock {DIV} at (0,0) size 126x13
                  RenderBR {BR} at (133,121) size 0x0
                  RenderTextControl {INPUT} at (2,130) size 133x23 [color=#202020]
                    RenderDeprecatedFlexibleBox {DIV} at (4,6) size 126x13
                      RenderBlock {DIV} at (0,0) size 126x13
                  RenderBR {BR} at (137,146) size 0x0
                  RenderTextControl {INPUT} at (2,157) size 133x23 [color=#202020]
                    RenderDeprecatedFlexibleBox {DIV} at (4,6) size 126x13
                      RenderBlock {DIV} at (0,0) size 126x13
                  RenderBR {BR} at (137,173) size 0x0
                  RenderTextControl {INPUT} at (2,184) size 153x24 [color=#202020]
                    RenderDeprecatedFlexibleBox {DIV} at (4,6) size 146x14
                      RenderBlock {DIV} at (0,0) size 146x14
                  RenderBR {BR} at (157,201) size 0x0
                  RenderTextControl {INPUT} at (2,212) size 153x24 [color=#202020]
                    RenderDeprecatedFlexibleBox {DIV} at (4,6) size 146x14
                      RenderBlock {DIV} at (0,0) size 146x14
                  RenderBR {BR} at (157,229) size 0x0
                  RenderTextControl {INPUT} at (2,240) size 154x25 [color=#202020]
                    RenderDeprecatedFlexibleBox {DIV} at (4,6) size 147x15
                      RenderBlock {DIV} at (0,0) size 147x15
                  RenderBR {BR} at (158,258) size 0x0
                  RenderTextControl {INPUT} at (2,269) size 154x25 [color=#202020]
                    RenderDeprecatedFlexibleBox {DIV} at (4,6) size 147x15
                      RenderBlock {DIV} at (0,0) size 147x15
                  RenderBR {BR} at (158,287) size 0x0
                  RenderTextControl {INPUT} at (2,298) size 174x26 [color=#202020]
                    RenderDeprecatedFlexibleBox {DIV} at (4,6) size 167x16
                      RenderBlock {DIV} at (0,0) size 167x16
                  RenderBR {BR} at (178,317) size 0x0
                  RenderTextControl {INPUT} at (2,328) size 174x26 [color=#202020]
                    RenderDeprecatedFlexibleBox {DIV} at (4,6) size 167x16
                      RenderBlock {DIV} at (0,0) size 167x16
                  RenderBR {BR} at (178,347) size 0x0
              RenderTableCell {TD} at (184,9) size 242x344 [r=0 c=1 rs=1 cs=1]
                RenderBlock {DIV} at (1,1) size 240x342
                  RenderTextControl {INPUT} at (2,2) size 175x28 [color=#202020]
                    RenderDeprecatedFlexibleBox {DIV} at (4,6) size 168x18
                      RenderBlock {DIV} at (0,0) size 168x18
                  RenderBR {BR} at (179,22) size 0x0
                  RenderTextControl {INPUT} at (2,34) size 175x28 [color=#202020]
                    RenderDeprecatedFlexibleBox {DIV} at (4,6) size 168x18
                      RenderBlock {DIV} at (0,0) size 168x18
                  RenderBR {BR} at (179,54) size 0x0
                  RenderTextControl {INPUT} at (2,66) size 195x29 [color=#202020]
                    RenderDeprecatedFlexibleBox {DIV} at (4,6) size 188x19
                      RenderBlock {DIV} at (0,0) size 188x19
                  RenderBR {BR} at (199,87) size 0x0
                  RenderTextControl {INPUT} at (2,99) size 195x29 [color=#202020]
                    RenderDeprecatedFlexibleBox {DIV} at (4,6) size 188x19
                      RenderBlock {DIV} at (0,0) size 188x19
                  RenderBR {BR} at (199,120) size 0x0
                  RenderTextControl {INPUT} at (2,132) size 196x30 [color=#202020]
                    RenderDeprecatedFlexibleBox {DIV} at (4,6) size 189x20
                      RenderBlock {DIV} at (0,0) size 189x20
                  RenderBR {BR} at (200,154) size 0x0
                  RenderTextControl {INPUT} at (2,166) size 196x30 [color=#202020]
                    RenderDeprecatedFlexibleBox {DIV} at (4,6) size 189x20
                      RenderBlock {DIV} at (0,0) size 189x20
                  RenderBR {BR} at (200,188) size 0x0
                  RenderTextControl {INPUT} at (2,200) size 216x31 [color=#202020]
                    RenderDeprecatedFlexibleBox {DIV} at (4,6) size 209x21
                      RenderBlock {DIV} at (0,0) size 209x21
                  RenderBR {BR} at (220,223) size 0x0
                  RenderTextControl {INPUT} at (2,235) size 216x31 [color=#202020]
                    RenderDeprecatedFlexibleBox {DIV} at (4,6) size 209x21
                      RenderBlock {DIV} at (0,0) size 209x21
                  RenderBR {BR} at (220,258) size 0x0
                  RenderTextControl {INPUT} at (2,270) size 236x33 [color=#202020]
                    RenderDeprecatedFlexibleBox {DIV} at (4,6) size 229x23
                      RenderBlock {DIV} at (0,0) size 229x23
                  RenderBR {BR} at (240,294) size 0x0
                  RenderTextControl {INPUT} at (2,307) size 236x33 [color=#202020]
                    RenderDeprecatedFlexibleBox {DIV} at (4,6) size 229x23
                      RenderBlock {DIV} at (0,0) size 229x23
                  RenderBR {BR} at (240,331) size 0x0
              RenderTableCell {TD} at (428,24) size 283x314 [r=0 c=2 rs=1 cs=1]
                RenderBlock {DIV} at (1,1) size 281x312
                  RenderTextControl {INPUT} at (2,2) size 237x34 [color=#202020]
                    RenderDeprecatedFlexibleBox {DIV} at (4,6) size 230x24
                      RenderBlock {DIV} at (0,0) size 230x24
                  RenderBR {BR} at (241,27) size 0x0
                  RenderTextControl {INPUT} at (2,40) size 237x34 [color=#202020]
                    RenderDeprecatedFlexibleBox {DIV} at (4,6) size 230x24
                      RenderBlock {DIV} at (0,0) size 230x24
                  RenderBR {BR} at (241,65) size 0x0
                  RenderTextControl {INPUT} at (2,78) size 257x35 [color=#202020]
                    RenderDeprecatedFlexibleBox {DIV} at (4,6) size 250x25
                      RenderBlock {DIV} at (0,0) size 250x25
                  RenderBR {BR} at (261,104) size 0x0
                  RenderTextControl {INPUT} at (2,117) size 257x35 [color=#202020]
                    RenderDeprecatedFlexibleBox {DIV} at (4,6) size 250x25
                      RenderBlock {DIV} at (0,0) size 250x25
                  RenderBR {BR} at (261,143) size 0x0
                  RenderTextControl {INPUT} at (2,156) size 257x35 [color=#202020]
                    RenderDeprecatedFlexibleBox {DIV} at (4,6) size 250x25
                      RenderBlock {DIV} at (0,0) size 250x25
                  RenderBR {BR} at (261,182) size 0x0
                  RenderTextControl {INPUT} at (2,195) size 257x35 [color=#202020]
                    RenderDeprecatedFlexibleBox {DIV} at (4,6) size 250x25
                      RenderBlock {DIV} at (0,0) size 250x25
                  RenderBR {BR} at (261,221) size 0x0
                  RenderTextControl {INPUT} at (2,234) size 277x36 [color=#202020]
                    RenderDeprecatedFlexibleBox {DIV} at (4,6) size 270x26
                      RenderBlock {DIV} at (0,0) size 270x26
                  RenderBR {BR} at (281,261) size 0x0
                  RenderTextControl {INPUT} at (2,274) size 277x36 [color=#202020]
                    RenderDeprecatedFlexibleBox {DIV} at (4,6) size 270x26
                      RenderBlock {DIV} at (0,0) size 270x26
                  RenderBR {BR} at (281,301) size 0x0
layer at (15,43) size 86x10 scrollWidth 122
  RenderBlock {DIV} at (0,0) size 86x10
    RenderText {#text} at (1,0) size 120x10
      text run at (1,0) width 120: "012345678901234567890123456789"
layer at (15,63) size 86x10 scrollWidth 122
  RenderBlock {DIV} at (0,0) size 86x10
    RenderText {#text} at (1,0) size 120x10
      text run at (1,0) width 120: "012345678901234567890123456789"
layer at (15,83) size 106x11 scrollWidth 152
  RenderBlock {DIV} at (0,0) size 106x11
    RenderText {#text} at (1,0) size 150x11
      text run at (1,0) width 150: "012345678901234567890123456789"
layer at (15,104) size 106x11 scrollWidth 152
  RenderBlock {DIV} at (0,0) size 106x11
    RenderText {#text} at (1,0) size 150x11
      text run at (1,0) width 150: "012345678901234567890123456789"
layer at (15,125) size 126x13 scrollWidth 182
  RenderBlock {DIV} at (0,0) size 126x13
    RenderText {#text} at (1,0) size 180x13
      text run at (1,0) width 180: "012345678901234567890123456789"
layer at (15,148) size 126x13 scrollWidth 182
  RenderBlock {DIV} at (0,0) size 126x13
    RenderText {#text} at (1,0) size 180x13
      text run at (1,0) width 180: "012345678901234567890123456789"
layer at (17,173) size 126x13 scrollWidth 182
  RenderBlock {DIV} at (0,0) size 126x13
    RenderText {#text} at (1,0) size 180x13
      text run at (1,0) width 180: "012345678901234567890123456789"
layer at (17,200) size 126x13 scrollWidth 182
  RenderBlock {DIV} at (0,0) size 126x13
    RenderText {#text} at (1,0) size 180x13
      text run at (1,0) width 180: "012345678901234567890123456789"
layer at (17,227) size 146x14 scrollWidth 212
  RenderBlock {DIV} at (0,0) size 146x14
    RenderText {#text} at (1,0) size 210x14
      text run at (1,0) width 210: "012345678901234567890123456789"
layer at (17,255) size 146x14 scrollWidth 212
  RenderBlock {DIV} at (0,0) size 146x14
    RenderText {#text} at (1,0) size 210x14
      text run at (1,0) width 210: "012345678901234567890123456789"
layer at (17,283) size 147x15 scrollWidth 212
  RenderBlock {DIV} at (0,0) size 147x15
    RenderText {#text} at (1,0) size 210x15
      text run at (1,0) width 210: "012345678901234567890123456789"
layer at (17,312) size 147x15 scrollWidth 212
  RenderBlock {DIV} at (0,0) size 147x15
    RenderText {#text} at (1,0) size 210x15
      text run at (1,0) width 210: "012345678901234567890123456789"
layer at (17,341) size 167x16 scrollWidth 242
  RenderBlock {DIV} at (0,0) size 167x16
    RenderText {#text} at (1,0) size 240x16
      text run at (1,0) width 240: "012345678901234567890123456789"
layer at (17,371) size 167x16 scrollWidth 242
  RenderBlock {DIV} at (0,0) size 167x16
    RenderText {#text} at (1,0) size 240x16
      text run at (1,0) width 240: "012345678901234567890123456789"
layer at (199,52) size 168x18 scrollWidth 242
  RenderBlock {DIV} at (0,0) size 168x18
    RenderText {#text} at (1,0) size 240x18
      text run at (1,0) width 240: "012345678901234567890123456789"
layer at (199,84) size 168x18 scrollWidth 242
  RenderBlock {DIV} at (0,0) size 168x18
    RenderText {#text} at (1,0) size 240x18
      text run at (1,0) width 240: "012345678901234567890123456789"
layer at (199,116) size 188x19 scrollWidth 272
  RenderBlock {DIV} at (0,0) size 188x19
    RenderText {#text} at (1,0) size 270x19
      text run at (1,0) width 270: "012345678901234567890123456789"
layer at (199,149) size 188x19 scrollWidth 272
  RenderBlock {DIV} at (0,0) size 188x19
    RenderText {#text} at (1,0) size 270x19
      text run at (1,0) width 270: "012345678901234567890123456789"
layer at (199,182) size 189x20 scrollWidth 272
  RenderBlock {DIV} at (0,0) size 189x20
    RenderText {#text} at (1,0) size 270x20
      text run at (1,0) width 270: "012345678901234567890123456789"
layer at (199,216) size 189x20 scrollWidth 272
  RenderBlock {DIV} at (0,0) size 189x20
    RenderText {#text} at (1,0) size 270x20
      text run at (1,0) width 270: "012345678901234567890123456789"
layer at (199,250) size 209x21 scrollWidth 302
  RenderBlock {DIV} at (0,0) size 209x21
    RenderText {#text} at (1,0) size 300x21
      text run at (1,0) width 300: "012345678901234567890123456789"
layer at (199,285) size 209x21 scrollWidth 302
  RenderBlock {DIV} at (0,0) size 209x21
    RenderText {#text} at (1,0) size 300x21
      text run at (1,0) width 300: "012345678901234567890123456789"
layer at (199,320) size 229x23 scrollWidth 332
  RenderBlock {DIV} at (0,0) size 229x23
    RenderText {#text} at (1,0) size 330x23
      text run at (1,0) width 330: "012345678901234567890123456789"
layer at (199,357) size 229x23 scrollWidth 332
  RenderBlock {DIV} at (0,0) size 229x23
    RenderText {#text} at (1,0) size 330x23
      text run at (1,0) width 330: "012345678901234567890123456789"
layer at (443,67) size 230x24 scrollWidth 332
  RenderBlock {DIV} at (0,0) size 230x24
    RenderText {#text} at (1,0) size 330x24
      text run at (1,0) width 330: "012345678901234567890123456789"
layer at (443,105) size 230x24 scrollWidth 332
  RenderBlock {DIV} at (0,0) size 230x24
    RenderText {#text} at (1,0) size 330x24
      text run at (1,0) width 330: "012345678901234567890123456789"
layer at (443,143) size 250x25 scrollWidth 362
  RenderBlock {DIV} at (0,0) size 250x25
    RenderText {#text} at (1,0) size 360x25
      text run at (1,0) width 360: "012345678901234567890123456789"
layer at (443,182) size 250x25 scrollWidth 362
  RenderBlock {DIV} at (0,0) size 250x25
    RenderText {#text} at (1,0) size 360x25
      text run at (1,0) width 360: "012345678901234567890123456789"
layer at (443,221) size 250x25 scrollWidth 362
  RenderBlock {DIV} at (0,0) size 250x25
    RenderText {#text} at (1,0) size 360x25
      text run at (1,0) width 360: "012345678901234567890123456789"
layer at (443,260) size 250x25 scrollWidth 362
  RenderBlock {DIV} at (0,0) size 250x25
    RenderText {#text} at (1,0) size 360x25
      text run at (1,0) width 360: "012345678901234567890123456789"
layer at (443,299) size 270x26 scrollWidth 392
  RenderBlock {DIV} at (0,0) size 270x26
    RenderText {#text} at (1,0) size 390x26
      text run at (1,0) width 390: "012345678901234567890123456789"
layer at (443,339) size 270x26 scrollWidth 392
  RenderBlock {DIV} at (0,0) size 270x26
    RenderText {#text} at (1,0) size 390x26
      text run at (1,0) width 390: "012345678901234567890123456789"
