layer at (0,0) size 800x600
  RenderView at (0,0) size 800x600
layer at (0,0) size 800x600
  RenderBlock {HTML} at (0,0) size 800x600
    RenderBody {BODY} at (8,8) size 784x584
      RenderBlock {P} at (0,0) size 784x14
        RenderText {#text} at (0,0) size 310x14
          text run at (0,0) width 310: "Test appearances of input-speech-button in <input type='search'>."
      RenderBlock {DIV} at (0,26) size 784x0
      RenderBlock {DIV} at (0,26) size 784x540
        RenderTable {TABLE} at (0,0) size 713x540
          RenderTableSection {TBODY} at (0,0) size 713x540
            RenderTableRow {TR} at (0,2) size 713x536
              RenderTableCell {TD} at (2,2) size 180x536 [r=0 c=0 rs=1 cs=1]
                RenderBlock {DIV} at (1,1) size 178x534
                  RenderTextControl {INPUT} at (0,0) size 93x20 [color=#202020]
                    RenderDeprecatedFlexibleBox {DIV} at (4,6) size 86x10
                      RenderBlock {DIV} at (0,5) size 0x0
                      RenderBlock {DIV} at (0,0) size 86x10
                      RenderBlock {DIV} at (86,5) size 0x0
                  RenderBR {BR} at (93,14) size 0x0
                  RenderTextControl {INPUT} at (0,20) size 93x20 [color=#202020]
                    RenderDeprecatedFlexibleBox {DIV} at (4,6) size 86x10
                      RenderBlock {DIV} at (0,5) size 0x0
                      RenderBlock {DIV} at (0,0) size 86x10
                      RenderBlock {DIV} at (86,5) size 0x0
                  RenderBR {BR} at (93,34) size 0x0
                  RenderTextControl {INPUT} at (0,40) size 93x20 [color=#202020]
                    RenderDeprecatedFlexibleBox {DIV} at (4,6) size 86x10
                      RenderBlock {DIV} at (0,5) size 0x0
                      RenderBlock {DIV} at (0,0) size 86x10
                      RenderBlock {DIV} at (86,5) size 0x0
                  RenderBR {BR} at (93,54) size 0x0
                  RenderTextControl {INPUT} at (0,60) size 113x21 [color=#202020]
                    RenderDeprecatedFlexibleBox {DIV} at (4,6) size 106x11
                      RenderBlock {DIV} at (0,5) size 0x0
                      RenderBlock {DIV} at (0,0) size 106x11
                      RenderBlock {DIV} at (106,5) size 0x0
                  RenderBR {BR} at (113,75) size 0x0
                  RenderTextControl {INPUT} at (0,81) size 113x21 [color=#202020]
                    RenderDeprecatedFlexibleBox {DIV} at (4,6) size 106x11
                      RenderBlock {DIV} at (0,5) size 0x0
                      RenderBlock {DIV} at (0,0) size 106x11
                      RenderBlock {DIV} at (106,5) size 0x0
                  RenderBR {BR} at (113,96) size 0x0
                  RenderTextControl {INPUT} at (0,102) size 113x21 [color=#202020]
                    RenderDeprecatedFlexibleBox {DIV} at (4,6) size 106x11
                      RenderBlock {DIV} at (0,5) size 0x0
                      RenderBlock {DIV} at (0,0) size 106x11
                      RenderBlock {DIV} at (106,5) size 0x0
                  RenderBR {BR} at (113,117) size 0x0
                  RenderTextControl {INPUT} at (0,123) size 133x23 [color=#202020]
                    RenderDeprecatedFlexibleBox {DIV} at (4,6) size 126x13
                      RenderBlock {DIV} at (0,6) size 0x0
                      RenderBlock {DIV} at (0,0) size 126x13
                      RenderBlock {DIV} at (126,6) size 0x0
                  RenderBR {BR} at (133,139) size 0x0
                  RenderTextControl {INPUT} at (0,146) size 133x23 [color=#202020]
                    RenderDeprecatedFlexibleBox {DIV} at (4,6) size 126x13
                      RenderBlock {DIV} at (0,6) size 0x0
                      RenderBlock {DIV} at (0,0) size 126x13
                      RenderBlock {DIV} at (126,6) size 0x0
                  RenderBR {BR} at (133,162) size 0x0
                  RenderTextControl {INPUT} at (0,169) size 133x23 [color=#202020]
                    RenderDeprecatedFlexibleBox {DIV} at (4,6) size 126x13
                      RenderBlock {DIV} at (0,6) size 0x0
                      RenderBlock {DIV} at (0,0) size 126x13
                      RenderBlock {DIV} at (126,6) size 0x0
                  RenderBR {BR} at (133,185) size 0x0
                  RenderTextControl {INPUT} at (2,194) size 133x23 [color=#202020]
                    RenderDeprecatedFlexibleBox {DIV} at (4,6) size 126x13
                      RenderBlock {DIV} at (0,6) size 0x0
                      RenderBlock {DIV} at (0,0) size 126x13
                      RenderBlock {DIV} at (126,6) size 0x0
                  RenderBR {BR} at (137,210) size 0x0
                  RenderTextControl {INPUT} at (2,221) size 133x23 [color=#202020]
                    RenderDeprecatedFlexibleBox {DIV} at (4,6) size 126x13
                      RenderBlock {DIV} at (0,6) size 0x0
                      RenderBlock {DIV} at (0,0) size 126x13
                      RenderBlock {DIV} at (126,6) size 0x0
                  RenderBR {BR} at (137,237) size 0x0
                  RenderTextControl {INPUT} at (2,248) size 133x23 [color=#202020]
                    RenderDeprecatedFlexibleBox {DIV} at (4,6) size 126x13
                      RenderBlock {DIV} at (0,6) size 0x0
                      RenderBlock {DIV} at (0,0) size 126x13
                      RenderBlock {DIV} at (126,6) size 0x0
                  RenderBR {BR} at (137,264) size 0x0
                  RenderTextControl {INPUT} at (2,275) size 153x24 [color=#202020]
                    RenderDeprecatedFlexibleBox {DIV} at (4,6) size 146x14
                      RenderBlock {DIV} at (0,7) size 0x0
                      RenderBlock {DIV} at (0,0) size 146x14
                      RenderBlock {DIV} at (146,7) size 0x0
                  RenderBR {BR} at (157,292) size 0x0
                  RenderTextControl {INPUT} at (2,303) size 153x24 [color=#202020]
                    RenderDeprecatedFlexibleBox {DIV} at (4,6) size 146x14
                      RenderBlock {DIV} at (0,7) size 0x0
                      RenderBlock {DIV} at (0,0) size 146x14
                      RenderBlock {DIV} at (146,7) size 0x0
                  RenderBR {BR} at (157,320) size 0x0
                  RenderTextControl {INPUT} at (2,331) size 153x24 [color=#202020]
                    RenderDeprecatedFlexibleBox {DIV} at (4,6) size 146x14
                      RenderBlock {DIV} at (0,7) size 0x0
                      RenderBlock {DIV} at (0,0) size 146x14
                      RenderBlock {DIV} at (146,7) size 0x0
                  RenderBR {BR} at (157,348) size 0x0
                  RenderTextControl {INPUT} at (2,359) size 154x25 [color=#202020]
                    RenderDeprecatedFlexibleBox {DIV} at (4,6) size 147x15
                      RenderBlock {DIV} at (0,7) size 0x0
                      RenderBlock {DIV} at (0,0) size 147x15
                      RenderBlock {DIV} at (147,7) size 0x0
                  RenderBR {BR} at (158,377) size 0x0
                  RenderTextControl {INPUT} at (2,388) size 154x25 [color=#202020]
                    RenderDeprecatedFlexibleBox {DIV} at (4,6) size 147x15
                      RenderBlock {DIV} at (0,7) size 0x0
                      RenderBlock {DIV} at (0,0) size 147x15
                      RenderBlock {DIV} at (147,7) size 0x0
                  RenderBR {BR} at (158,406) size 0x0
                  RenderTextControl {INPUT} at (2,417) size 154x25 [color=#202020]
                    RenderDeprecatedFlexibleBox {DIV} at (4,6) size 147x15
                      RenderBlock {DIV} at (0,7) size 0x0
                      RenderBlock {DIV} at (0,0) size 147x15
                      RenderBlock {DIV} at (147,7) size 0x0
                  RenderBR {BR} at (158,435) size 0x0
                  RenderTextControl {INPUT} at (2,446) size 174x26 [color=#202020]
                    RenderDeprecatedFlexibleBox {DIV} at (4,6) size 167x16
                      RenderBlock {DIV} at (0,8) size 0x0
                      RenderBlock {DIV} at (0,0) size 167x16
                      RenderBlock {DIV} at (167,8) size 0x0
                  RenderBR {BR} at (178,465) size 0x0
                  RenderTextControl {INPUT} at (2,476) size 174x26 [color=#202020]
                    RenderDeprecatedFlexibleBox {DIV} at (4,6) size 167x16
                      RenderBlock {DIV} at (0,8) size 0x0
                      RenderBlock {DIV} at (0,0) size 167x16
                      RenderBlock {DIV} at (167,8) size 0x0
                  RenderBR {BR} at (178,495) size 0x0
                  RenderTextControl {INPUT} at (2,506) size 174x26 [color=#202020]
                    RenderDeprecatedFlexibleBox {DIV} at (4,6) size 167x16
                      RenderBlock {DIV} at (0,8) size 0x0
                      RenderBlock {DIV} at (0,0) size 167x16
                      RenderBlock {DIV} at (167,8) size 0x0
                  RenderBR {BR} at (178,525) size 0x0
              RenderTableCell {TD} at (184,12) size 242x515 [r=0 c=1 rs=1 cs=1]
                RenderBlock {DIV} at (1,1) size 240x513
                  RenderTextControl {INPUT} at (2,2) size 175x28 [color=#202020]
                    RenderDeprecatedFlexibleBox {DIV} at (4,6) size 168x18
                      RenderBlock {DIV} at (0,9) size 0x0
                      RenderBlock {DIV} at (0,0) size 168x18
                      RenderBlock {DIV} at (168,9) size 0x0
                  RenderBR {BR} at (179,22) size 0x0
                  RenderTextControl {INPUT} at (2,34) size 175x28 [color=#202020]
                    RenderDeprecatedFlexibleBox {DIV} at (4,6) size 168x18
                      RenderBlock {DIV} at (0,9) size 0x0
                      RenderBlock {DIV} at (0,0) size 168x18
                      RenderBlock {DIV} at (168,9) size 0x0
                  RenderBR {BR} at (179,54) size 0x0
                  RenderTextControl {INPUT} at (2,66) size 175x28 [color=#202020]
                    RenderDeprecatedFlexibleBox {DIV} at (4,6) size 168x18
                      RenderBlock {DIV} at (0,9) size 0x0
                      RenderBlock {DIV} at (0,0) size 168x18
                      RenderBlock {DIV} at (168,9) size 0x0
                  RenderBR {BR} at (179,86) size 0x0
                  RenderTextControl {INPUT} at (2,98) size 195x29 [color=#202020]
                    RenderDeprecatedFlexibleBox {DIV} at (4,6) size 188x19
                      RenderBlock {DIV} at (0,9) size 0x0
                      RenderBlock {DIV} at (0,0) size 188x19
                      RenderBlock {DIV} at (188,9) size 0x0
                  RenderBR {BR} at (199,119) size 0x0
                  RenderTextControl {INPUT} at (2,131) size 195x29 [color=#202020]
                    RenderDeprecatedFlexibleBox {DIV} at (4,6) size 188x19
                      RenderBlock {DIV} at (0,9) size 0x0
                      RenderBlock {DIV} at (0,0) size 188x19
                      RenderBlock {DIV} at (188,9) size 0x0
                  RenderBR {BR} at (199,152) size 0x0
                  RenderTextControl {INPUT} at (2,164) size 195x29 [color=#202020]
                    RenderDeprecatedFlexibleBox {DIV} at (4,6) size 188x19
                      RenderBlock {DIV} at (0,9) size 0x0
                      RenderBlock {DIV} at (0,0) size 188x19
                      RenderBlock {DIV} at (188,9) size 0x0
                  RenderBR {BR} at (199,185) size 0x0
                  RenderTextControl {INPUT} at (2,197) size 196x30 [color=#202020]
                    RenderDeprecatedFlexibleBox {DIV} at (4,6) size 189x20
                      RenderBlock {DIV} at (0,10) size 0x0
                      RenderBlock {DIV} at (0,0) size 189x20
                      RenderBlock {DIV} at (189,10) size 0x0
                  RenderBR {BR} at (200,219) size 0x0
                  RenderTextControl {INPUT} at (2,231) size 196x30 [color=#202020]
                    RenderDeprecatedFlexibleBox {DIV} at (4,6) size 189x20
                      RenderBlock {DIV} at (0,10) size 0x0
                      RenderBlock {DIV} at (0,0) size 189x20
                      RenderBlock {DIV} at (189,10) size 0x0
                  RenderBR {BR} at (200,253) size 0x0
                  RenderTextControl {INPUT} at (2,265) size 196x30 [color=#202020]
                    RenderDeprecatedFlexibleBox {DIV} at (4,6) size 189x20
                      RenderBlock {DIV} at (0,10) size 0x0
                      RenderBlock {DIV} at (0,0) size 189x20
                      RenderBlock {DIV} at (189,10) size 0x0
                  RenderBR {BR} at (200,287) size 0x0
                  RenderTextControl {INPUT} at (2,299) size 216x31 [color=#202020]
                    RenderDeprecatedFlexibleBox {DIV} at (4,6) size 209x21
                      RenderBlock {DIV} at (0,10) size 0x0
                      RenderBlock {DIV} at (0,0) size 209x21
                      RenderBlock {DIV} at (209,10) size 0x0
                  RenderBR {BR} at (220,322) size 0x0
                  RenderTextControl {INPUT} at (2,334) size 216x31 [color=#202020]
                    RenderDeprecatedFlexibleBox {DIV} at (4,6) size 209x21
                      RenderBlock {DIV} at (0,10) size 0x0
                      RenderBlock {DIV} at (0,0) size 209x21
                      RenderBlock {DIV} at (209,10) size 0x0
                  RenderBR {BR} at (220,357) size 0x0
                  RenderTextControl {INPUT} at (2,369) size 216x31 [color=#202020]
                    RenderDeprecatedFlexibleBox {DIV} at (4,6) size 209x21
                      RenderBlock {DIV} at (0,10) size 0x0
                      RenderBlock {DIV} at (0,0) size 209x21
                      RenderBlock {DIV} at (209,10) size 0x0
                  RenderBR {BR} at (220,392) size 0x0
                  RenderTextControl {INPUT} at (2,404) size 236x33 [color=#202020]
                    RenderDeprecatedFlexibleBox {DIV} at (4,6) size 229x23
                      RenderBlock {DIV} at (0,11) size 0x0
                      RenderBlock {DIV} at (0,0) size 229x23
                      RenderBlock {DIV} at (229,11) size 0x0
                  RenderBR {BR} at (240,428) size 0x0
                  RenderTextControl {INPUT} at (2,441) size 236x33 [color=#202020]
                    RenderDeprecatedFlexibleBox {DIV} at (4,6) size 229x23
                      RenderBlock {DIV} at (0,11) size 0x0
                      RenderBlock {DIV} at (0,0) size 229x23
                      RenderBlock {DIV} at (229,11) size 0x0
                  RenderBR {BR} at (240,465) size 0x0
                  RenderTextControl {INPUT} at (2,478) size 236x33 [color=#202020]
                    RenderDeprecatedFlexibleBox {DIV} at (4,6) size 229x23
                      RenderBlock {DIV} at (0,11) size 0x0
                      RenderBlock {DIV} at (0,0) size 229x23
                      RenderBlock {DIV} at (229,11) size 0x0
                  RenderBR {BR} at (240,502) size 0x0
              RenderTableCell {TD} at (428,35) size 283x470 [r=0 c=2 rs=1 cs=1]
                RenderBlock {DIV} at (1,1) size 281x468
                  RenderTextControl {INPUT} at (2,2) size 237x34 [color=#202020]
                    RenderDeprecatedFlexibleBox {DIV} at (4,6) size 230x24
                      RenderBlock {DIV} at (0,12) size 0x0
                      RenderBlock {DIV} at (0,0) size 230x24
                      RenderBlock {DIV} at (230,12) size 0x0
                  RenderBR {BR} at (241,27) size 0x0
                  RenderTextControl {INPUT} at (2,40) size 237x34 [color=#202020]
                    RenderDeprecatedFlexibleBox {DIV} at (4,6) size 230x24
                      RenderBlock {DIV} at (0,12) size 0x0
                      RenderBlock {DIV} at (0,0) size 230x24
                      RenderBlock {DIV} at (230,12) size 0x0
                  RenderBR {BR} at (241,65) size 0x0
                  RenderTextControl {INPUT} at (2,78) size 237x34 [color=#202020]
                    RenderDeprecatedFlexibleBox {DIV} at (4,6) size 230x24
                      RenderBlock {DIV} at (0,12) size 0x0
                      RenderBlock {DIV} at (0,0) size 230x24
                      RenderBlock {DIV} at (230,12) size 0x0
                  RenderBR {BR} at (241,103) size 0x0
                  RenderTextControl {INPUT} at (2,116) size 257x35 [color=#202020]
                    RenderDeprecatedFlexibleBox {DIV} at (4,6) size 250x25
                      RenderBlock {DIV} at (0,12) size 0x0
                      RenderBlock {DIV} at (0,0) size 250x25
                      RenderBlock {DIV} at (250,12) size 0x0
                  RenderBR {BR} at (261,142) size 0x0
                  RenderTextControl {INPUT} at (2,155) size 257x35 [color=#202020]
                    RenderDeprecatedFlexibleBox {DIV} at (4,6) size 250x25
                      RenderBlock {DIV} at (0,12) size 0x0
                      RenderBlock {DIV} at (0,0) size 250x25
                      RenderBlock {DIV} at (250,12) size 0x0
                  RenderBR {BR} at (261,181) size 0x0
                  RenderTextControl {INPUT} at (2,194) size 257x35 [color=#202020]
                    RenderDeprecatedFlexibleBox {DIV} at (4,6) size 250x25
                      RenderBlock {DIV} at (0,12) size 0x0
                      RenderBlock {DIV} at (0,0) size 250x25
                      RenderBlock {DIV} at (250,12) size 0x0
                  RenderBR {BR} at (261,220) size 0x0
                  RenderTextControl {INPUT} at (2,233) size 257x35 [color=#202020]
                    RenderDeprecatedFlexibleBox {DIV} at (4,6) size 250x25
                      RenderBlock {DIV} at (0,12) size 0x0
                      RenderBlock {DIV} at (0,0) size 250x25
                      RenderBlock {DIV} at (250,12) size 0x0
                  RenderBR {BR} at (261,259) size 0x0
                  RenderTextControl {INPUT} at (2,272) size 257x35 [color=#202020]
                    RenderDeprecatedFlexibleBox {DIV} at (4,6) size 250x25
                      RenderBlock {DIV} at (0,12) size 0x0
                      RenderBlock {DIV} at (0,0) size 250x25
                      RenderBlock {DIV} at (250,12) size 0x0
                  RenderBR {BR} at (261,298) size 0x0
                  RenderTextControl {INPUT} at (2,311) size 257x35 [color=#202020]
                    RenderDeprecatedFlexibleBox {DIV} at (4,6) size 250x25
                      RenderBlock {DIV} at (0,12) size 0x0
                      RenderBlock {DIV} at (0,0) size 250x25
                      RenderBlock {DIV} at (250,12) size 0x0
                  RenderBR {BR} at (261,337) size 0x0
                  RenderTextControl {INPUT} at (2,350) size 277x36 [color=#202020]
                    RenderDeprecatedFlexibleBox {DIV} at (4,6) size 270x26
                      RenderBlock {DIV} at (0,13) size 0x0
                      RenderBlock {DIV} at (0,0) size 270x26
                      RenderBlock {DIV} at (270,13) size 0x0
                  RenderBR {BR} at (281,377) size 0x0
                  RenderTextControl {INPUT} at (2,390) size 277x36 [color=#202020]
                    RenderDeprecatedFlexibleBox {DIV} at (4,6) size 270x26
                      RenderBlock {DIV} at (0,13) size 0x0
                      RenderBlock {DIV} at (0,0) size 270x26
                      RenderBlock {DIV} at (270,13) size 0x0
                  RenderBR {BR} at (281,417) size 0x0
                  RenderTextControl {INPUT} at (2,430) size 277x36 [color=#202020]
                    RenderDeprecatedFlexibleBox {DIV} at (4,6) size 270x26
                      RenderBlock {DIV} at (0,13) size 0x0
                      RenderBlock {DIV} at (0,0) size 270x26
                      RenderBlock {DIV} at (270,13) size 0x0
                  RenderBR {BR} at (281,457) size 0x0
layer at (15,43) size 86x10
  RenderBlock {DIV} at (0,0) size 86x10
layer at (15,63) size 86x10 scrollWidth 122
  RenderBlock {DIV} at (0,0) size 86x10
    RenderText {#text} at (1,0) size 120x10
      text run at (1,0) width 120: "012345678901234567890123456789"
layer at (15,83) size 86x10 scrollWidth 122
  RenderBlock {DIV} at (0,0) size 86x10
    RenderText {#text} at (1,0) size 120x10
      text run at (1,0) width 120: "012345678901234567890123456789"
layer at (15,103) size 106x11
  RenderBlock {DIV} at (0,0) size 106x11
layer at (15,124) size 106x11 scrollWidth 152
  RenderBlock {DIV} at (0,0) size 106x11
    RenderText {#text} at (1,0) size 150x11
      text run at (1,0) width 150: "012345678901234567890123456789"
layer at (15,145) size 106x11 scrollWidth 152
  RenderBlock {DIV} at (0,0) size 106x11
    RenderText {#text} at (1,0) size 150x11
      text run at (1,0) width 150: "012345678901234567890123456789"
layer at (15,166) size 126x13
  RenderBlock {DIV} at (0,0) size 126x13
layer at (15,189) size 126x13 scrollWidth 182
  RenderBlock {DIV} at (0,0) size 126x13
    RenderText {#text} at (1,0) size 180x13
      text run at (1,0) width 180: "012345678901234567890123456789"
layer at (15,212) size 126x13 scrollWidth 182
  RenderBlock {DIV} at (0,0) size 126x13
    RenderText {#text} at (1,0) size 180x13
      text run at (1,0) width 180: "012345678901234567890123456789"
layer at (17,237) size 126x13
  RenderBlock {DIV} at (0,0) size 126x13
layer at (17,264) size 126x13 scrollWidth 182
  RenderBlock {DIV} at (0,0) size 126x13
    RenderText {#text} at (1,0) size 180x13
      text run at (1,0) width 180: "012345678901234567890123456789"
layer at (17,291) size 126x13 scrollWidth 182
  RenderBlock {DIV} at (0,0) size 126x13
    RenderText {#text} at (1,0) size 180x13
      text run at (1,0) width 180: "012345678901234567890123456789"
layer at (17,318) size 146x14
  RenderBlock {DIV} at (0,0) size 146x14
layer at (17,346) size 146x14 scrollWidth 212
  RenderBlock {DIV} at (0,0) size 146x14
    RenderText {#text} at (1,0) size 210x14
      text run at (1,0) width 210: "012345678901234567890123456789"
layer at (17,374) size 146x14 scrollWidth 212
  RenderBlock {DIV} at (0,0) size 146x14
    RenderText {#text} at (1,0) size 210x14
      text run at (1,0) width 210: "012345678901234567890123456789"
layer at (17,402) size 147x15
  RenderBlock {DIV} at (0,0) size 147x15
layer at (17,431) size 147x15 scrollWidth 212
  RenderBlock {DIV} at (0,0) size 147x15
    RenderText {#text} at (1,0) size 210x15
      text run at (1,0) width 210: "012345678901234567890123456789"
layer at (17,460) size 147x15 scrollWidth 212
  RenderBlock {DIV} at (0,0) size 147x15
    RenderText {#text} at (1,0) size 210x15
      text run at (1,0) width 210: "012345678901234567890123456789"
layer at (17,489) size 167x16
  RenderBlock {DIV} at (0,0) size 167x16
layer at (17,519) size 167x16 scrollWidth 242
  RenderBlock {DIV} at (0,0) size 167x16
    RenderText {#text} at (1,0) size 240x16
      text run at (1,0) width 240: "012345678901234567890123456789"
layer at (17,549) size 167x16 scrollWidth 242
  RenderBlock {DIV} at (0,0) size 167x16
    RenderText {#text} at (1,0) size 240x16
      text run at (1,0) width 240: "012345678901234567890123456789"
layer at (199,55) size 168x18
  RenderBlock {DIV} at (0,0) size 168x18
layer at (199,87) size 168x18 scrollWidth 242
  RenderBlock {DIV} at (0,0) size 168x18
    RenderText {#text} at (1,0) size 240x18
      text run at (1,0) width 240: "012345678901234567890123456789"
layer at (199,119) size 168x18 scrollWidth 242
  RenderBlock {DIV} at (0,0) size 168x18
    RenderText {#text} at (1,0) size 240x18
      text run at (1,0) width 240: "012345678901234567890123456789"
layer at (199,151) size 188x19
  RenderBlock {DIV} at (0,0) size 188x19
layer at (199,184) size 188x19 scrollWidth 272
  RenderBlock {DIV} at (0,0) size 188x19
    RenderText {#text} at (1,0) size 270x19
      text run at (1,0) width 270: "012345678901234567890123456789"
layer at (199,217) size 188x19 scrollWidth 272
  RenderBlock {DIV} at (0,0) size 188x19
    RenderText {#text} at (1,0) size 270x19
      text run at (1,0) width 270: "012345678901234567890123456789"
layer at (199,250) size 189x20
  RenderBlock {DIV} at (0,0) size 189x20
layer at (199,284) size 189x20 scrollWidth 272
  RenderBlock {DIV} at (0,0) size 189x20
    RenderText {#text} at (1,0) size 270x20
      text run at (1,0) width 270: "012345678901234567890123456789"
layer at (199,318) size 189x20 scrollWidth 272
  RenderBlock {DIV} at (0,0) size 189x20
    RenderText {#text} at (1,0) size 270x20
      text run at (1,0) width 270: "012345678901234567890123456789"
layer at (199,352) size 209x21
  RenderBlock {DIV} at (0,0) size 209x21
layer at (199,387) size 209x21 scrollWidth 302
  RenderBlock {DIV} at (0,0) size 209x21
    RenderText {#text} at (1,0) size 300x21
      text run at (1,0) width 300: "012345678901234567890123456789"
layer at (199,422) size 209x21 scrollWidth 302
  RenderBlock {DIV} at (0,0) size 209x21
    RenderText {#text} at (1,0) size 300x21
      text run at (1,0) width 300: "012345678901234567890123456789"
layer at (199,457) size 229x23
  RenderBlock {DIV} at (0,0) size 229x23
layer at (199,494) size 229x23 scrollWidth 332
  RenderBlock {DIV} at (0,0) size 229x23
    RenderText {#text} at (1,0) size 330x23
      text run at (1,0) width 330: "012345678901234567890123456789"
layer at (199,531) size 229x23 scrollWidth 332
  RenderBlock {DIV} at (0,0) size 229x23
    RenderText {#text} at (1,0) size 330x23
      text run at (1,0) width 330: "012345678901234567890123456789"
layer at (443,78) size 230x24
  RenderBlock {DIV} at (0,0) size 230x24
layer at (443,116) size 230x24 scrollWidth 332
  RenderBlock {DIV} at (0,0) size 230x24
    RenderText {#text} at (1,0) size 330x24
      text run at (1,0) width 330: "012345678901234567890123456789"
layer at (443,154) size 230x24 scrollWidth 332
  RenderBlock {DIV} at (0,0) size 230x24
    RenderText {#text} at (1,0) size 330x24
      text run at (1,0) width 330: "012345678901234567890123456789"
layer at (443,192) size 250x25
  RenderBlock {DIV} at (0,0) size 250x25
layer at (443,231) size 250x25 scrollWidth 362
  RenderBlock {DIV} at (0,0) size 250x25
    RenderText {#text} at (1,0) size 360x25
      text run at (1,0) width 360: "012345678901234567890123456789"
layer at (443,270) size 250x25 scrollWidth 362
  RenderBlock {DIV} at (0,0) size 250x25
    RenderText {#text} at (1,0) size 360x25
      text run at (1,0) width 360: "012345678901234567890123456789"
layer at (443,309) size 250x25
  RenderBlock {DIV} at (0,0) size 250x25
layer at (443,348) size 250x25 scrollWidth 362
  RenderBlock {DIV} at (0,0) size 250x25
    RenderText {#text} at (1,0) size 360x25
      text run at (1,0) width 360: "012345678901234567890123456789"
layer at (443,387) size 250x25 scrollWidth 362
  RenderBlock {DIV} at (0,0) size 250x25
    RenderText {#text} at (1,0) size 360x25
      text run at (1,0) width 360: "012345678901234567890123456789"
layer at (443,426) size 270x26
  RenderBlock {DIV} at (0,0) size 270x26
layer at (443,466) size 270x26 scrollWidth 392
  RenderBlock {DIV} at (0,0) size 270x26
    RenderText {#text} at (1,0) size 390x26
      text run at (1,0) width 390: "012345678901234567890123456789"
layer at (443,506) size 270x26 scrollWidth 392
  RenderBlock {DIV} at (0,0) size 270x26
    RenderText {#text} at (1,0) size 390x26
      text run at (1,0) width 390: "012345678901234567890123456789"
