layer at (0,0) size 800x600
  RenderView at (0,0) size 800x600
layer at (0,0) size 800x600
  RenderBlock {HTML} at (0,0) size 800x600
    RenderBody {BODY} at (8,8) size 784x584
      RenderBlock {P} at (0,0) size 784x14
        RenderText {#text} at (0,0) size 193x14
          text run at (0,0) width 193: "Test appearances of input-speech-button."
      RenderBlock {DIV} at (0,26) size 784x0
      RenderBlock {DIV} at (0,26) size 784x362
        RenderTable {TABLE} at (0,0) size 713x362
          RenderTableSection {TBODY} at (0,0) size 713x362
            RenderTableRow {TR} at (0,2) size 713x358
              RenderTableCell {TD} at (2,2) size 180x358 [r=0 c=0 rs=1 cs=1]
                RenderBlock {DIV} at (1,1) size 178x356
                  RenderTextControl {INPUT} at (0,0) size 93x20 [color=#202020]
                  RenderBR {BR} at (93,14) size 0x0
                  RenderTextControl {INPUT} at (0,20) size 93x20 [color=#202020]
                  RenderBR {BR} at (93,34) size 0x0
                  RenderTextControl {INPUT} at (0,40) size 113x21 [color=#202020]
                  RenderBR {BR} at (113,55) size 0x0
                  RenderTextControl {INPUT} at (0,61) size 113x21 [color=#202020]
                  RenderBR {BR} at (113,76) size 0x0
                  RenderTextControl {INPUT} at (0,82) size 133x23 [color=#202020]
                  RenderBR {BR} at (133,98) size 0x0
                  RenderTextControl {INPUT} at (0,105) size 133x23 [color=#202020]
                  RenderBR {BR} at (133,121) size 0x0
                  RenderTextControl {INPUT} at (2,130) size 133x23 [color=#202020]
                  RenderBR {BR} at (137,146) size 0x0
                  RenderTextControl {INPUT} at (2,157) size 133x23 [color=#202020]
                  RenderBR {BR} at (137,173) size 0x0
                  RenderTextControl {INPUT} at (2,184) size 153x24 [color=#202020]
                  RenderBR {BR} at (157,201) size 0x0
                  RenderTextControl {INPUT} at (2,212) size 153x24 [color=#202020]
                  RenderBR {BR} at (157,229) size 0x0
                  RenderTextControl {INPUT} at (2,240) size 154x25 [color=#202020]
                  RenderBR {BR} at (158,258) size 0x0
                  RenderTextControl {INPUT} at (2,269) size 154x25 [color=#202020]
                  RenderBR {BR} at (158,287) size 0x0
                  RenderTextControl {INPUT} at (2,298) size 174x26 [color=#202020]
                  RenderBR {BR} at (178,317) size 0x0
                  RenderTextControl {INPUT} at (2,328) size 174x26 [color=#202020]
                  RenderBR {BR} at (178,347) size 0x0
              RenderTableCell {TD} at (184,9) size 242x344 [r=0 c=1 rs=1 cs=1]
                RenderBlock {DIV} at (1,1) size 240x342
                  RenderTextControl {INPUT} at (2,2) size 175x28 [color=#202020]
                  RenderBR {BR} at (179,22) size 0x0
                  RenderTextControl {INPUT} at (2,34) size 175x28 [color=#202020]
                  RenderBR {BR} at (179,54) size 0x0
                  RenderTextControl {INPUT} at (2,66) size 195x29 [color=#202020]
                  RenderBR {BR} at (199,87) size 0x0
                  RenderTextControl {INPUT} at (2,99) size 195x29 [color=#202020]
                  RenderBR {BR} at (199,120) size 0x0
                  RenderTextControl {INPUT} at (2,132) size 196x30 [color=#202020]
                  RenderBR {BR} at (200,154) size 0x0
                  RenderTextControl {INPUT} at (2,166) size 196x30 [color=#202020]
                  RenderBR {BR} at (200,188) size 0x0
                  RenderTextControl {INPUT} at (2,200) size 216x31 [color=#202020]
                  RenderBR {BR} at (220,223) size 0x0
                  RenderTextControl {INPUT} at (2,235) size 216x31 [color=#202020]
                  RenderBR {BR} at (220,258) size 0x0
                  RenderTextControl {INPUT} at (2,270) size 236x33 [color=#202020]
                  RenderBR {BR} at (240,294) size 0x0
                  RenderTextControl {INPUT} at (2,307) size 236x33 [color=#202020]
                  RenderBR {BR} at (240,331) size 0x0
              RenderTableCell {TD} at (428,24) size 283x314 [r=0 c=2 rs=1 cs=1]
                RenderBlock {DIV} at (1,1) size 281x312
                  RenderTextControl {INPUT} at (2,2) size 237x34 [color=#202020]
                  RenderBR {BR} at (241,27) size 0x0
                  RenderTextControl {INPUT} at (2,40) size 237x34 [color=#202020]
                  RenderBR {BR} at (241,65) size 0x0
                  RenderTextControl {INPUT} at (2,78) size 257x35 [color=#202020]
                  RenderBR {BR} at (261,104) size 0x0
                  RenderTextControl {INPUT} at (2,117) size 257x35 [color=#202020]
                  RenderBR {BR} at (261,143) size 0x0
                  RenderTextControl {INPUT} at (2,156) size 257x35 [color=#202020]
                  RenderBR {BR} at (261,182) size 0x0
                  RenderTextControl {INPUT} at (2,195) size 257x35 [color=#202020]
                  RenderBR {BR} at (261,221) size 0x0
                  RenderTextControl {INPUT} at (2,234) size 277x36 [color=#202020]
                  RenderBR {BR} at (281,261) size 0x0
                  RenderTextControl {INPUT} at (2,274) size 277x36 [color=#202020]
                  RenderBR {BR} at (281,301) size 0x0
      RenderBlock (anonymous) at (0,388) size 784x33
        RenderTextControl {INPUT} at (2,2) size 195x29 [color=#202020]
        RenderTextControl {INPUT} at (201,2) size 195x29 [color=#202020]
        RenderText {#text} at (0,0) size 0x0
layer at (15,43) size 86x10 scrollWidth 144
  RenderBlock {DIV} at (4,6) size 86x10
    RenderText {#text} at (1,0) size 142x10
      text run at (1,0) width 142: "A quick brown fox jumps over the lazy dog"
layer at (15,63) size 86x10 scrollWidth 144
  RenderBlock {DIV} at (4,6) size 86x10
    RenderText {#text} at (1,0) size 142x10
      text run at (1,0) width 142: "A quick brown fox jumps over the lazy dog"
layer at (15,83) size 106x11 scrollWidth 180
  RenderBlock {DIV} at (4,6) size 106x11
    RenderText {#text} at (1,0) size 178x11
      text run at (1,0) width 178: "A quick brown fox jumps over the lazy dog"
layer at (15,104) size 106x11 scrollWidth 180
  RenderBlock {DIV} at (4,6) size 106x11
    RenderText {#text} at (1,0) size 178x11
      text run at (1,0) width 178: "A quick brown fox jumps over the lazy dog"
layer at (15,125) size 126x13 scrollWidth 197
  RenderBlock {DIV} at (4,6) size 126x13
    RenderText {#text} at (1,0) size 195x13
      text run at (1,0) width 195: "A quick brown fox jumps over the lazy dog"
layer at (15,148) size 126x13 scrollWidth 197
  RenderBlock {DIV} at (4,6) size 126x13
    RenderText {#text} at (1,0) size 195x13
      text run at (1,0) width 195: "A quick brown fox jumps over the lazy dog"
layer at (17,173) size 126x13 scrollWidth 208
  RenderBlock {DIV} at (4,6) size 126x13
    RenderText {#text} at (1,0) size 206x13
      text run at (1,0) width 206: "A quick brown fox jumps over the lazy dog"
layer at (17,200) size 126x13 scrollWidth 208
  RenderBlock {DIV} at (4,6) size 126x13
    RenderText {#text} at (1,0) size 206x13
      text run at (1,0) width 206: "A quick brown fox jumps over the lazy dog"
layer at (17,227) size 146x14 scrollWidth 230
  RenderBlock {DIV} at (4,6) size 146x14
    RenderText {#text} at (1,0) size 228x14
      text run at (1,0) width 228: "A quick brown fox jumps over the lazy dog"
layer at (17,255) size 146x14 scrollWidth 230
  RenderBlock {DIV} at (4,6) size 146x14
    RenderText {#text} at (1,0) size 228x14
      text run at (1,0) width 228: "A quick brown fox jumps over the lazy dog"
layer at (17,283) size 147x15 scrollWidth 249
  RenderBlock {DIV} at (4,6) size 147x15
    RenderText {#text} at (1,0) size 247x15
      text run at (1,0) width 247: "A quick brown fox jumps over the lazy dog"
layer at (17,312) size 147x15 scrollWidth 249
  RenderBlock {DIV} at (4,6) size 147x15
    RenderText {#text} at (1,0) size 247x15
      text run at (1,0) width 247: "A quick brown fox jumps over the lazy dog"
layer at (17,341) size 167x16 scrollWidth 269
  RenderBlock {DIV} at (4,6) size 167x16
    RenderText {#text} at (1,0) size 267x16
      text run at (1,0) width 267: "A quick brown fox jumps over the lazy dog"
layer at (17,371) size 167x16 scrollWidth 269
  RenderBlock {DIV} at (4,6) size 167x16
    RenderText {#text} at (1,0) size 267x16
      text run at (1,0) width 267: "A quick brown fox jumps over the lazy dog"
layer at (199,52) size 168x18 scrollWidth 279
  RenderBlock {DIV} at (4,6) size 168x18
    RenderText {#text} at (1,0) size 277x18
      text run at (1,0) width 277: "A quick brown fox jumps over the lazy dog"
layer at (199,84) size 168x18 scrollWidth 279
  RenderBlock {DIV} at (4,6) size 168x18
    RenderText {#text} at (1,0) size 277x18
      text run at (1,0) width 277: "A quick brown fox jumps over the lazy dog"
layer at (199,116) size 188x19 scrollWidth 300
  RenderBlock {DIV} at (4,6) size 188x19
    RenderText {#text} at (1,0) size 298x19
      text run at (1,0) width 298: "A quick brown fox jumps over the lazy dog"
layer at (199,149) size 188x19 scrollWidth 300
  RenderBlock {DIV} at (4,6) size 188x19
    RenderText {#text} at (1,0) size 298x19
      text run at (1,0) width 298: "A quick brown fox jumps over the lazy dog"
layer at (199,182) size 189x20 scrollWidth 320
  RenderBlock {DIV} at (4,6) size 189x20
    RenderText {#text} at (1,0) size 318x20
      text run at (1,0) width 318: "A quick brown fox jumps over the lazy dog"
layer at (199,216) size 189x20 scrollWidth 320
  RenderBlock {DIV} at (4,6) size 189x20
    RenderText {#text} at (1,0) size 318x20
      text run at (1,0) width 318: "A quick brown fox jumps over the lazy dog"
layer at (199,250) size 209x21 scrollWidth 339
  RenderBlock {DIV} at (4,6) size 209x21
    RenderText {#text} at (1,0) size 337x21
      text run at (1,0) width 337: "A quick brown fox jumps over the lazy dog"
layer at (199,285) size 209x21 scrollWidth 339
  RenderBlock {DIV} at (4,6) size 209x21
    RenderText {#text} at (1,0) size 337x21
      text run at (1,0) width 337: "A quick brown fox jumps over the lazy dog"
layer at (199,320) size 229x23 scrollWidth 365
  RenderBlock {DIV} at (4,6) size 229x23
    RenderText {#text} at (1,0) size 363x23
      text run at (1,0) width 363: "A quick brown fox jumps over the lazy dog"
layer at (199,357) size 229x23 scrollWidth 365
  RenderBlock {DIV} at (4,6) size 229x23
    RenderText {#text} at (1,0) size 363x23
      text run at (1,0) width 363: "A quick brown fox jumps over the lazy dog"
layer at (443,67) size 230x24 scrollWidth 378
  RenderBlock {DIV} at (4,6) size 230x24
    RenderText {#text} at (1,0) size 376x24
      text run at (1,0) width 376: "A quick brown fox jumps over the lazy dog"
layer at (443,105) size 230x24 scrollWidth 378
  RenderBlock {DIV} at (4,6) size 230x24
    RenderText {#text} at (1,0) size 376x24
      text run at (1,0) width 376: "A quick brown fox jumps over the lazy dog"
layer at (443,143) size 250x25 scrollWidth 407
  RenderBlock {DIV} at (4,6) size 250x25
    RenderText {#text} at (1,0) size 405x25
      text run at (1,0) width 405: "A quick brown fox jumps over the lazy dog"
layer at (443,182) size 250x25 scrollWidth 407
  RenderBlock {DIV} at (4,6) size 250x25
    RenderText {#text} at (1,0) size 405x25
      text run at (1,0) width 405: "A quick brown fox jumps over the lazy dog"
layer at (443,221) size 250x25 scrollWidth 409
  RenderBlock {DIV} at (4,6) size 250x25
    RenderText {#text} at (1,0) size 407x25
      text run at (1,0) width 407: "A quick brown fox jumps over the lazy dog"
layer at (443,260) size 250x25 scrollWidth 409
  RenderBlock {DIV} at (4,6) size 250x25
    RenderText {#text} at (1,0) size 407x25
      text run at (1,0) width 407: "A quick brown fox jumps over the lazy dog"
layer at (443,299) size 270x26 scrollWidth 436
  RenderBlock {DIV} at (4,6) size 270x26
    RenderText {#text} at (1,0) size 434x26
      text run at (1,0) width 434: "A quick brown fox jumps over the lazy dog"
layer at (443,339) size 270x26 scrollWidth 436
  RenderBlock {DIV} at (4,6) size 270x26
    RenderText {#text} at (1,0) size 434x26
      text run at (1,0) width 434: "A quick brown fox jumps over the lazy dog"
layer at (14,404) size 188x19
  RenderBlock {DIV} at (4,6) size 188x19
layer at (213,404) size 188x19
  RenderBlock {DIV} at (4,6) size 188x19
