layer at (0,0) size 980x735
  RenderView at (0,0) size 980x735
layer at (0,0) size 980x51
  RenderBlock {html:html} at (0,0) size 980x51
    RenderBody {html:body} at (8,16) size 964x19
      RenderBlock {html:p} at (0,0) size 964x19
        RenderText {#text} at (0,0) size 27x19
          text run at (0,0) width 27: "bar"
