layer at (0,0) size 980x735
  RenderView at (0,0) size 980x735
layer at (0,0) size 980x735
  RenderBlock {HTML} at (0,0) size 980x735
    RenderBody {BODY} at (8,8) size 964x719
      RenderTable {TABLE} at (0,0) size 694x54 [border: (1px outset #808080)]
        RenderTableCol {COLGROUP} at (0,0) size 0x0
          RenderTableCol {COL} at (0,0) size 0x0
          RenderTableCol {COL} at (0,0) size 0x0
          RenderTableCol {COL} at (0,0) size 0x0
        RenderTableSection {TBODY} at (1,1) size 692x52
          RenderTableRow {TR} at (0,2) size 692x23
            RenderTableCell {TD} at (2,2) size 500x23 [border: (1px inset #808080)] [r=0 c=0 rs=1 cs=1]
              RenderText {#text} at (2,2) size 88x19
                text run at (2,2) width 88: "col 1 row 1"
            RenderTableCell {TD} at (504,2) size 92x23 [border: (1px inset #808080)] [r=0 c=1 rs=1 cs=1]
              RenderText {#text} at (2,2) size 88x19
                text run at (2,2) width 88: "col 2 row 1"
            RenderTableCell {TD} at (598,2) size 92x23 [border: (1px inset #808080)] [r=0 c=2 rs=1 cs=1]
              RenderText {#text} at (2,2) size 88x19
                text run at (2,2) width 88: "col 3 row 1"
          RenderTableRow {TR} at (0,27) size 692x23
            RenderTableCell {TD} at (2,27) size 500x23 [border: (1px inset #808080)] [r=1 c=0 rs=1 cs=1]
              RenderText {#text} at (2,2) size 88x19
                text run at (2,2) width 88: "col 1 row 2"
            RenderTableCell {TD} at (504,27) size 92x23 [border: (1px inset #808080)] [r=1 c=1 rs=1 cs=1]
              RenderText {#text} at (2,2) size 88x19
                text run at (2,2) width 88: "col 2 row 2"
            RenderTableCell {TD} at (598,27) size 92x23 [border: (1px inset #808080)] [r=1 c=2 rs=1 cs=1]
              RenderText {#text} at (2,2) size 88x19
                text run at (2,2) width 88: "col 3 row 3"
      RenderBlock (anonymous) at (0,54) size 964x27
        RenderButton {BUTTON} at (2,2) size 438x23 [bgcolor=#C0C0C0] [border: (2px outset #C0C0C0)]
          RenderBlock (anonymous) at (5,5) size 430x15
            RenderText {#text} at (0,0) size 430x15
              text run at (0,0) width 430: "Click me to test manually. The first column should grow to 500px."
        RenderText {#text} at (0,0) size 0x0
        RenderText {#text} at (0,0) size 0x0
