layer at (0,0) size 980x735
  RenderView at (0,0) size 980x735
layer at (0,0) size 980x735
  RenderBlock {HTML} at (0,0) size 980x735
    RenderBody {BODY} at (8,8) size 964x719
      RenderBlock {P} at (0,0) size 964x19
        RenderInline {A} at (0,0) size 191x19 [color=#0000EE]
          RenderText {#text} at (0,0) size 191x19
            text run at (0,0) width 191: "rdar://problem/6983207"
        RenderText {#text} at (191,0) size 503x19
          text run at (191,0) width 503: "Should not leave blue box behind after moving to the top right."
layer at (8,43) size 502x102
  RenderBlock (relative positioned) {DIV} at (0,35) size 502x102 [border: (1px solid #000000)]
layer at (259,44) size 250x100
  RenderBlock (positioned) {DIV} at (251,1) size 250x100 [bgcolor=#0000FF]
layer at (9,44) size 50x50
  RenderBlock (positioned) {DIV} at (1,1) size 50x50 [bgcolor=#000000]
