layer at (0,0) size 980x735
  RenderView at (0,0) size 980x735
layer at (0,0) size 980x361
  RenderBlock {HTML} at (0,0) size 980x361
    RenderBody {BODY} at (8,16) size 964x337
      RenderBlock {P} at (0,0) size 964x19
        RenderText {#text} at (0,0) size 545x19
          text run at (0,0) width 545: "Test for repaint in a composited layer. You should see no red below."
layer at (8,51) size 202x302
  RenderBlock {DIV} at (0,35) size 202x302 [border: (1px solid #000000)]
    RenderBlock {DIV} at (51,51) size 100x100 [bgcolor=#008000]
