layer at (0,0) size 980x735
  RenderView at (0,0) size 980x735
layer at (0,0) size 980x261
  RenderBlock {HTML} at (0,0) size 980x261
    RenderBody {BODY} at (8,16) size 964x237
      RenderBlock {P} at (0,0) size 964x19
        RenderText {#text} at (0,0) size 543x19
          text run at (0,0) width 543: "This test should not assert, and you should see a fully green square."
layer at (8,51) size 202x202
  RenderBlock (relative positioned) {DIV} at (0,35) size 202x202 [border: (1px solid #000000)]
    RenderBlock {DIV} at (21,21) size 52x52 [border: (1px solid #000000)]
layer at (50,93) size 52x52
  RenderBlock {DIV} at (21,21) size 52x52 [border: (1px solid #000000)]
layer at (109,152) size 80x80
  RenderBlock (positioned) {DIV} at (101,101) size 80x80 [bgcolor=#008000]
