EDITING DELEGATE: shouldBeginEditingInDOMRange:range from 0 of DIV > BODY > HTML > #document to 5 of DIV > BODY > HTML > #document
EDITING DELEGATE: webViewDidBeginEditing:WebViewDidBeginEditingNotification
EDITING DELEGATE: webViewDidChangeSelection:WebViewDidChangeSelectionNotification
EDITING DELEGATE: webViewDidChangeSelection:WebViewDidChangeSelectionNotification
EDITING DELEGATE: webViewDidChangeSelection:WebViewDidChangeSelectionNotification
EDITING DELEGATE: webViewDidChangeSelection:WebViewDidChangeSelectionNotification
EDITING DELEGATE: shouldChangeSelectedDOMRange:range from 0 of #text > DIV > BODY > HTML > #document to 1 of #text > DIV > BODY > HTML > #document toDOMRange:range from 1 of #text > BLOCKQUOTE > DIV > BODY > HTML > #document to 35 of #text > BLOCKQUOTE > DIV > BODY > HTML > #document affinity:NSSelectionAffinityDownstream stillSelecting:FALSE
EDITING DELEGATE: webViewDidChangeSelection:WebViewDidChangeSelectionNotification
EDITING DELEGATE: webViewDidChange:WebViewDidChangeNotification
EDITING DELEGATE: webViewDidChangeSelection:WebViewDidChangeSelectionNotification
layer at (0,0) size 980x735
  RenderView at (0,0) size 980x735
layer at (0,0) size 980x735
  RenderBlock {HTML} at (0,0) size 980x735
    RenderBody {BODY} at (8,8) size 964x719
      RenderBlock {P} at (0,0) size 964x38
        RenderText {#text} at (0,0) size 961x38
          text run at (0,0) width 556: "This tests Indent on a selection that ends at the start of a paragraph. "
          text run at (556,0) width 405: "Since we don't paint the gap before the paragraph"
          text run at (0,19) width 778: "for most selections like this, we don't perform Indent on the paragraph that the selection ends in."
      RenderBlock {DIV} at (0,54) size 964x38
        RenderBlock {BLOCKQUOTE} at (40,0) size 924x19
          RenderText {#text} at (0,0) size 283x19
            text run at (0,0) width 283: "This paragraph should be indented."
        RenderBlock (anonymous) at (0,19) size 964x19
          RenderText {#text} at (0,0) size 314x19
            text run at (0,0) width 314: "This paragraph should not be indented."
          RenderBR {BR} at (314,15) size 0x0
selection start: position 1 of child 0 {#text} of child 0 {BLOCKQUOTE} of child 2 {DIV} of body
selection end:   position 35 of child 0 {#text} of child 0 {BLOCKQUOTE} of child 2 {DIV} of body
