EDITING DELEGATE: shouldBeginEditingInDOMRange:range from 0 of DIV > BODY > HTML > #document to 5 of DIV > BODY > HTML > #document
EDITING DELEGATE: webViewDidBeginEditing:WebViewDidBeginEditingNotification
EDITING DELEGATE: webViewDidChangeSelection:WebViewDidChangeSelectionNotification
EDITING DELEGATE: webViewDidChangeSelection:WebViewDidChangeSelectionNotification
EDITING DELEGATE: webViewDidChangeSelection:WebViewDidChangeSelectionNotification
EDITING DELEGATE: webViewDidChangeSelection:WebViewDidChangeSelectionNotification
EDITING DELEGATE: shouldChangeSelectedDOMRange:range from 0 of #text > DIV > BODY > HTML > #document to 1 of #text > DIV > BODY > HTML > #document toDOMRange:range from 0 of #text > LI > UL > DIV > BODY > HTML > #document to 35 of #text > LI > UL > DIV > BODY > HTML > #document affinity:NSSelectionAffinityDownstream stillSelecting:FALSE
EDITING DELEGATE: webViewDidChangeSelection:WebViewDidChangeSelectionNotification
EDITING DELEGATE: webViewDidChange:WebViewDidChangeNotification
EDITING DELEGATE: webViewDidChangeSelection:WebViewDidChangeSelectionNotification
layer at (0,0) size 980x735
  RenderView at (0,0) size 980x735
layer at (0,0) size 980x735
  RenderBlock {HTML} at (0,0) size 980x735
    RenderBody {BODY} at (8,8) size 964x719
      RenderBlock {P} at (0,0) size 964x57
        RenderText {#text} at (0,0) size 949x57
          text run at (0,0) width 664: "This tests InsertUnorderedList on a selection that ends at the start of a paragraph. "
          text run at (664,0) width 285: "Since we don't paint the gap before"
          text run at (0,19) width 939: "the paragraph for most selections like this, we don't perform InsertUnorderedList on the paragraph that the selection"
          text run at (0,38) width 62: "ends in."
      RenderBlock {DIV} at (0,73) size 964x54
        RenderBlock {UL} at (0,0) size 964x19
          RenderListItem {LI} at (40,0) size 924x19
            RenderListMarker at (-18,0) size 7x19: bullet
            RenderText {#text} at (0,0) size 269x19
              text run at (0,0) width 269: "This paragraph should be in a list."
        RenderBlock (anonymous) at (0,35) size 964x19
          RenderText {#text} at (0,0) size 300x19
            text run at (0,0) width 300: "This paragraph should not be in a list."
          RenderBR {BR} at (300,15) size 0x0
selection start: position 0 of child 0 {#text} of child 0 {LI} of child 0 {UL} of child 2 {DIV} of body
selection end:   position 35 of child 0 {#text} of child 0 {LI} of child 0 {UL} of child 2 {DIV} of body
