layer at (0,0) size 980x735
  RenderView at (0,0) size 980x735
layer at (0,0) size 980x735
  RenderBlock {HTML} at (0,0) size 980x735
    RenderBody {BODY} at (8,8) size 964x719
      RenderBlock {P} at (0,0) size 964x38
        RenderText {#text} at (0,0) size 957x38
          text run at (0,0) width 485: "This tests selection preservation during an indent operation. "
          text run at (485,0) width 472: "The selection should start and end in the same parts of the"
          text run at (0,19) width 472: "words 'foo' and 'bar' before and after the indent operation."
      RenderBlock {DIV} at (0,54) size 964x38
        RenderBlock {BLOCKQUOTE} at (40,0) size 924x38
          RenderInline {SPAN} at (0,0) size 26x19
            RenderText {#text} at (0,0) size 26x19
              text run at (0,0) width 26: "foo"
            RenderBR {BR} at (26,15) size 0x0
          RenderInline {SPAN} at (0,0) size 27x19
            RenderText {#text} at (0,19) size 27x19
              text run at (0,19) width 27: "bar"
        RenderBlock (anonymous) at (0,38) size 964x0
selection start: position 1 of child 0 {#text} of child 0 {SPAN} of child 0 {BLOCKQUOTE} of child 2 {DIV} of body
selection end:   position 2 of child 0 {#text} of child 1 {SPAN} of child 0 {BLOCKQUOTE} of child 2 {DIV} of body
