layer at (0,0) size 980x735
  RenderView at (0,0) size 980x735
layer at (0,0) size 980x735
  RenderBlock {HTML} at (0,0) size 980x735
    RenderBody {BODY} at (8,8) size 964x711
      RenderBlock {P} at (0,0) size 964x38
        RenderText {#text} at (0,0) size 933x38
          text run at (0,0) width 798: "This tests for a bug where changing the list type of an indented list would create unwanted nesting. "
          text run at (798,0) width 135: "You should see a"
          text run at (0,19) width 334: "single ordered list item in an indented list."
      RenderBlock {DIV} at (0,54) size 964x19
        RenderBlock {UL} at (0,0) size 964x19
          RenderBlock {OL} at (40,0) size 924x19
            RenderListItem {LI} at (40,0) size 884x19
              RenderListMarker at (-25,0) size 20x19: "1"
              RenderText {#text} at (0,0) size 26x19
                text run at (0,0) width 26: "foo"
        RenderBlock (anonymous) at (0,35) size 964x0
caret: position 3 of child 0 {#text} of child 0 {LI} of child 0 {OL} of child 0 {UL} of child 2 {DIV} of body
