layer at (0,0) size 980x735
  RenderView at (0,0) size 980x735
layer at (0,0) size 980x735
  RenderBlock {HTML} at (0,0) size 980x735
    RenderBody {BODY} at (8,8) size 964x719
      RenderBlock {P} at (0,0) size 964x38
        RenderText {#text} at (0,0) size 956x38
          text run at (0,0) width 559: "This tests for a bug when removing links from a selection with Unlink. "
          text run at (559,0) width 397: "There shouldn't be any links *inside the selection*"
          text run at (0,19) width 52: "below."
      RenderBlock {DIV} at (0,54) size 964x38
        RenderBlock {DIV} at (0,0) size 964x19
          RenderInline {A} at (0,0) size 26x19 [color=#0000EE]
            RenderText {#text} at (0,0) size 26x19
              text run at (0,0) width 26: "Hel"
          RenderInline {SPAN} at (0,0) size 14x19
            RenderText {#text} at (26,0) size 14x19
              text run at (26,0) width 14: "lo"
        RenderBlock (anonymous) at (0,19) size 964x0
        RenderBlock {DIV} at (0,19) size 964x19
          RenderInline {SPAN} at (0,0) size 16x19
            RenderText {#text} at (0,0) size 16x19
              text run at (0,0) width 16: "W"
          RenderText {#text} at (16,0) size 37x19
            text run at (16,0) width 37: "orld!"
selection start: position 0 of child 0 {#text} of child 1 {SPAN} of child 0 {DIV} of child 2 {DIV} of body
selection end:   position 1 of child 0 {#text} of child 0 {SPAN} of child 1 {DIV} of child 2 {DIV} of body
