layer at (0,0) size 980x735
  RenderView at (0,0) size 980x735
layer at (0,0) size 980x735
  RenderBlock {HTML} at (0,0) size 980x735
    RenderBody {BODY} at (8,8) size 964x711
      RenderBlock {OL} at (0,0) size 964x57
        RenderListItem {LI} at (40,0) size 924x19
          RenderListMarker at (-25,0) size 20x19: "1"
          RenderInline {U} at (0,0) size 635x19
            RenderText {#text} at (0,0) size 635x19
              text run at (0,0) width 635: "This tests for a crash when making and removing lists from underlined content."
        RenderListItem {LI} at (40,19) size 924x19
          RenderListMarker at (-25,0) size 20x19: "2"
          RenderInline {U} at (0,0) size 346x19
            RenderText {#text} at (0,0) size 346x19
              text run at (0,0) width 346: "All three paragraphs should be in list items."
        RenderListItem {LI} at (40,38) size 924x19
          RenderListMarker at (-25,0) size 20x19: "3"
          RenderInline {U} at (0,0) size 279x19
            RenderText {#text} at (0,0) size 279x19
              text run at (0,0) width 279: "And all three should be underlined."
      RenderBlock (anonymous) at (0,73) size 964x0
selection start: position 0 of child 0 {#text} of child 0 {U} of child 0 {LI} of child 0 {OL} of body
selection end:   position 35 of child 0 {#text} of child 0 {U} of child 2 {LI} of child 0 {OL} of body
