layer at (0,0) size 980x735
  RenderView at (0,0) size 980x735
layer at (0,0) size 980x735
  RenderBlock {HTML} at (0,0) size 980x735
    RenderBody {BODY} at (8,8) size 964x711
      RenderBlock {P} at (0,0) size 964x19
        RenderText {#text} at (0,0) size 872x19
          text run at (0,0) width 872: "This tests for a bug where hitting return inside an empty paragraph in a non-empty list item would remove it."
      RenderBlock {DIV} at (0,35) size 964x57
        RenderBlock {UL} at (0,0) size 964x57
          RenderListItem {LI} at (40,0) size 924x38
            RenderListMarker at (-18,0) size 7x19: bullet
            RenderText {#text} at (0,0) size 26x19
              text run at (0,0) width 26: "foo"
            RenderBR {BR} at (26,15) size 0x0
            RenderBR {BR} at (0,19) size 0x19
          RenderListItem {LI} at (40,38) size 924x19
            RenderListMarker at (-18,0) size 7x19: bullet
            RenderBR {BR} at (0,0) size 0x19
caret: position 0 of child 0 {BR} of child 1 {LI} of child 1 {UL} of child 2 {DIV} of body
