EDITING DELEGATE: webViewDidChangeSelection:WebViewDidChangeSelectionNotification
EDITING DELEGATE: webViewDidChangeSelection:WebViewDidChangeSelectionNotification
EDITING DELEGATE: webViewDidChangeSelection:WebViewDidChangeSelectionNotification
layer at (0,0) size 980x735
  RenderView at (0,0) size 980x735
layer at (0,0) size 980x735
  RenderBlock {HTML} at (0,0) size 980x735
    RenderBody {BODY} at (8,8) size 964x719
      RenderBlock {P} at (0,0) size 964x19
        RenderText {#text} at (0,0) size 447x19
          text run at (0,0) width 447: "In the block below, the second 'bar ' should be selected."
      RenderBlock {DIV} at (0,35) size 52x78 [border: (1px solid #000000)]
        RenderText {#text} at (1,1) size 27x38
          text run at (1,1) width 26: "foo"
          text run at (1,20) width 27: "bar"
        RenderInline {SPAN} at (0,0) size 27x19
          RenderText {#text} at (1,39) size 27x19
            text run at (1,39) width 27: "bar"
        RenderText {#text} at (1,58) size 28x19
          text run at (1,58) width 28: "baz"
selection start: position 0 of child 0 {#text} of child 1 {SPAN} of child 2 {DIV} of body
selection end:   position 3 of child 0 {#text} of child 1 {SPAN} of child 2 {DIV} of body
