EDITING DELEGATE: webViewDidChangeSelection:WebViewDidChangeSelectionNotification
EDITING DELEGATE: shouldChangeSelectedDOMRange:range from 0 of BODY > HTML > #document to 0 of BODY > HTML > #document toDOMRange:range from 5 of #text > BODY > HTML > #document to 5 of #text > BODY > HTML > #document affinity:NSSelectionAffinityDownstream stillSelecting:FALSE
EDITING DELEGATE: webViewDidChangeSelection:WebViewDidChangeSelectionNotification
EDITING DELEGATE: webViewDidChange:WebViewDidChangeNotification
EDITING DELEGATE: webViewDidChangeSelection:WebViewDidChangeSelectionNotification
EDITING DELEGATE: webViewDidChangeSelection:WebViewDidChangeSelectionNotification
EDITING DELEGATE: webViewDidChangeSelection:WebViewDidChangeSelectionNotification
EDITING DELEGATE: webViewDidChangeSelection:WebViewDidChangeSelectionNotification
EDITING DELEGATE: webViewDidChangeSelection:WebViewDidChangeSelectionNotification
EDITING DELEGATE: webViewDidChangeSelection:WebViewDidChangeSelectionNotification
EDITING DELEGATE: webViewDidChangeSelection:WebViewDidChangeSelectionNotification
EDITING DELEGATE: shouldInsertNode:#document-fragment replacingDOMRange:range from 4 of #text > BODY > HTML > #document to 5 of #text > BODY > HTML > #document givenAction:WebViewInsertActionPasted
EDITING DELEGATE: webViewDidChangeSelection:WebViewDidChangeSelectionNotification
EDITING DELEGATE: webViewDidChangeSelection:WebViewDidChangeSelectionNotification
EDITING DELEGATE: shouldChangeSelectedDOMRange:range from 4 of #text > BODY > HTML > #document to 4 of #text > BODY > HTML > #document toDOMRange:range from 2 of BODY > HTML > #document to 2 of BODY > HTML > #document affinity:NSSelectionAffinityDownstream stillSelecting:FALSE
EDITING DELEGATE: webViewDidChangeSelection:WebViewDidChangeSelectionNotification
EDITING DELEGATE: webViewDidChange:WebViewDidChangeNotification
EDITING DELEGATE: webViewDidChangeSelection:WebViewDidChangeSelectionNotification
layer at (0,0) size 980x735
  RenderView at (0,0) size 980x735
layer at (0,0) size 980x735
  RenderBlock {HTML} at (0,0) size 980x735
    RenderBody {BODY} at (8,8) size 964x719
      RenderBlock {P} at (0,0) size 964x38
        RenderText {#text} at (0,0) size 947x38
          text run at (0,0) width 423: "This tests find and replace inside an editable iframe. "
          text run at (423,0) width 524: "You should see 'A B A B' below. With bug 4462420, you would see"
          text run at (0,19) width 72: "'A B B A'."
      RenderBlock (anonymous) at (0,54) size 964x154
        RenderPartObject {IFRAME} at (0,0) size 304x154 [border: (2px inset #000000)]
          layer at (0,0) size 728x1315
            RenderView at (0,0) size 285x135
          layer at (0,0) size 285x1315
            RenderBlock {HTML} at (0,0) size 285x1315
              RenderBody {BODY} at (8,8) size 269x1299 [bgcolor=#FFFFE0]
                RenderText {#text} at (0,0) size 32x19
                  text run at (0,0) width 27: "A B"
                  text run at (27,0) width 5: " "
                RenderImage {IMG} at (0,19) size 720x1280
        RenderText {#text} at (0,0) size 0x0
        RenderText {#text} at (0,0) size 0x0
