EDITING DELEGATE: shouldChangeSelectedDOMRange:(null) toDOMRange:range from 1 of #text > SPAN > DIV > BODY > HTML > #document to 1 of #text > SPAN > DIV > BODY > HTML > #document affinity:NSSelectionAffinityDownstream stillSelecting:FALSE
EDITING DELEGATE: webViewDidChangeSelection:WebViewDidChangeSelectionNotification
EDITING DELEGATE: webViewDidChangeSelection:WebViewDidChangeSelectionNotification
EDITING DELEGATE: shouldChangeSelectedDOMRange:range from 1 of #text > SPAN > DIV > BODY > HTML > #document to 1 of #text > SPAN > DIV > BODY > HTML > #document toDOMRange:range from 0 of #text > SPAN > DIV > BODY > HTML > #document to 3 of #text > SPAN > DIV > BODY > HTML > #document affinity:NSSelectionAffinityDownstream stillSelecting:FALSE
EDITING DELEGATE: webViewDidChangeSelection:WebViewDidChangeSelectionNotification
EDITING DELEGATE: webViewDidChangeSelection:WebViewDidChangeSelectionNotification
EDITING DELEGATE: webViewDidChangeSelection:WebViewDidChangeSelectionNotification
EDITING DELEGATE: webViewDidChangeSelection:WebViewDidChangeSelectionNotification
layer at (0,0) size 980x735
  RenderView at (0,0) size 980x735
layer at (0,0) size 980x735
  RenderBlock {HTML} at (0,0) size 980x735
    RenderBody {BODY} at (8,8) size 964x719
      RenderBlock {P} at (0,0) size 964x38
        RenderText {#text} at (0,0) size 913x38
          text run at (0,0) width 913: "This tests to see if Find will get stuck when searching for a word that is currently selected, and was selected with a"
          text run at (0,19) width 99: "double click."
      RenderBlock {DIV} at (0,54) size 964x19
        RenderText {#text} at (0,0) size 31x19
          text run at (0,0) width 31: "foo "
        RenderInline {SPAN} at (0,0) size 27x19
          RenderText {#text} at (31,0) size 27x19
            text run at (31,0) width 27: "bar"
        RenderText {#text} at (58,0) size 129x19
          text run at (58,0) width 129: " baz foo bar baz"
selection start: position 9 of child 2 {#text} of child 2 {DIV} of body
selection end:   position 12 of child 2 {#text} of child 2 {DIV} of body
