EDITING DELEGATE: shouldBeginEditingInDOMRange:range from 0 of DIV > BODY > HTML > #document to 10 of DIV > BODY > HTML > #document
EDITING DELEGATE: webViewDidBeginEditing:WebViewDidBeginEditingNotification
EDITING DELEGATE: webViewDidChangeSelection:WebViewDidChangeSelectionNotification
EDITING DELEGATE: webViewDidChangeSelection:WebViewDidChangeSelectionNotification
EDITING DELEGATE: webViewDidChangeSelection:WebViewDidChangeSelectionNotification
EDITING DELEGATE: webViewDidChangeSelection:WebViewDidChangeSelectionNotification
EDITING DELEGATE: shouldChangeSelectedDOMRange:range from 2 of DIV > BODY > HTML > #document to 5 of DIV > BODY > HTML > #document toDOMRange:range from 0 of #text > SPAN > BLOCKQUOTE > DIV > BODY > HTML > #document to 5 of #text > SPAN > BLOCKQUOTE > DIV > BODY > HTML > #document affinity:NSSelectionAffinityDownstream stillSelecting:FALSE
EDITING DELEGATE: webViewDidChangeSelection:WebViewDidChangeSelectionNotification
EDITING DELEGATE: webViewDidChange:WebViewDidChangeNotification
EDITING DELEGATE: webViewDidChangeSelection:WebViewDidChangeSelectionNotification
layer at (0,0) size 980x735
  RenderView at (0,0) size 980x735
layer at (0,0) size 980x735
  RenderBlock {HTML} at (0,0) size 980x735
    RenderBody {BODY} at (8,8) size 964x719
      RenderBlock {DIV} at (0,0) size 964x19
        RenderText {#text} at (0,0) size 465x19
          text run at (0,0) width 465: "This test uses the execCommand to indent the text below."
      RenderBlock (anonymous) at (0,19) size 964x19
        RenderBR {BR} at (0,0) size 0x19
      RenderBlock {DIV} at (0,38) size 964x203
        RenderBlock {BLOCKQUOTE} at (40,0) size 924x57
          RenderBlock (anonymous) at (0,0) size 924x38
            RenderInline {SPAN} at (0,0) size 52x19
              RenderText {#text} at (0,0) size 52x19
                text run at (0,0) width 52: "Lorem"
              RenderBR {BR} at (52,15) size 0x0
            RenderText {#text} at (0,19) size 106x19
              text run at (0,19) width 106: "more Lorem!"
          RenderBlock {BLOCKQUOTE} at (40,38) size 884x19
            RenderText {#text} at (0,0) size 48x19
              text run at (0,0) width 48: "ipsum"
        RenderBlock (anonymous) at (0,57) size 964x0
        RenderBlock {BLOCKQUOTE} at (40,73) size 924x57
          RenderBlock {UL} at (0,0) size 924x57
            RenderBlock {UL} at (40,0) size 884x57
              RenderListItem {LI} at (40,0) size 844x19
                RenderListMarker at (-18,0) size 7x19: white bullet
                RenderText {#text} at (0,0) size 29x19
                  text run at (0,0) width 29: "Foo"
              RenderListItem {LI} at (40,19) size 844x19
                RenderListMarker at (-18,0) size 7x19: white bullet
                RenderText {#text} at (0,0) size 28x19
                  text run at (0,0) width 28: "Bar"
              RenderListItem {LI} at (40,38) size 844x19
                RenderListMarker at (-18,0) size 7x19: white bullet
                RenderText {#text} at (0,0) size 29x19
                  text run at (0,0) width 29: "Baz"
        RenderBlock {BLOCKQUOTE} at (40,146) size 924x57
          RenderBlock {BLOCKQUOTE} at (40,0) size 884x19
            RenderText {#text} at (0,0) size 43x19
              text run at (0,0) width 43: "Dolor"
          RenderBlock (anonymous) at (0,19) size 924x38
            RenderText {#text} at (0,0) size 42x19
              text run at (0,0) width 42: "Sum!"
            RenderBR {BR} at (42,15) size 0x0
            RenderInline {SPAN} at (0,0) size 44x19
              RenderText {#text} at (0,19) size 44x19
                text run at (0,19) width 44: "Thing"
        RenderBlock (anonymous) at (0,203) size 964x0
selection start: position 0 of child 0 {#text} of child 0 {SPAN} of child 1 {BLOCKQUOTE} of child 4 {DIV} of body
selection end:   position 5 of child 0 {#text} of child 3 {SPAN} of child 3 {BLOCKQUOTE} of child 4 {DIV} of body
