EDITING DELEGATE: shouldBeginEditingInDOMRange:range from 0 of DIV > BODY > HTML > #document to 7 of DIV > BODY > HTML > #document
EDITING DELEGATE: webViewDidBeginEditing:WebViewDidBeginEditingNotification
EDITING DELEGATE: webViewDidChangeSelection:WebViewDidChangeSelectionNotification
EDITING DELEGATE: webViewDidChangeSelection:WebViewDidChangeSelectionNotification
EDITING DELEGATE: shouldChangeSelectedDOMRange:range from 1 of DIV > DIV > BODY > HTML > #document to 1 of DIV > DIV > BODY > HTML > #document toDOMRange:range from 0 of LI > OL > DIV > DIV > BODY > HTML > #document to 0 of LI > OL > DIV > DIV > BODY > HTML > #document affinity:NSSelectionAffinityDownstream stillSelecting:FALSE
EDITING DELEGATE: webViewDidChangeSelection:WebViewDidChangeSelectionNotification
EDITING DELEGATE: webViewDidChange:WebViewDidChangeNotification
EDITING DELEGATE: webViewDidChangeSelection:WebViewDidChangeSelectionNotification
EDITING DELEGATE: webViewDidChangeSelection:WebViewDidChangeSelectionNotification
EDITING DELEGATE: webViewDidChangeSelection:WebViewDidChangeSelectionNotification
EDITING DELEGATE: webViewDidChangeSelection:WebViewDidChangeSelectionNotification
EDITING DELEGATE: shouldChangeSelectedDOMRange:range from 3 of DIV > BODY > HTML > #document to 3 of DIV > BODY > HTML > #document toDOMRange:range from 0 of LI > OL > DIV > DIV > BODY > HTML > #document to 0 of LI > OL > DIV > DIV > BODY > HTML > #document affinity:NSSelectionAffinityDownstream stillSelecting:FALSE
EDITING DELEGATE: webViewDidChangeSelection:WebViewDidChangeSelectionNotification
EDITING DELEGATE: webViewDidChange:WebViewDidChangeNotification
EDITING DELEGATE: webViewDidChangeSelection:WebViewDidChangeSelectionNotification
EDITING DELEGATE: webViewDidChangeSelection:WebViewDidChangeSelectionNotification
EDITING DELEGATE: webViewDidChangeSelection:WebViewDidChangeSelectionNotification
EDITING DELEGATE: webViewDidChangeSelection:WebViewDidChangeSelectionNotification
EDITING DELEGATE: shouldChangeSelectedDOMRange:range from 4 of DIV > BODY > HTML > #document to 4 of DIV > BODY > HTML > #document toDOMRange:range from 0 of LI > OL > DIV > DIV > BODY > HTML > #document to 0 of LI > OL > DIV > DIV > BODY > HTML > #document affinity:NSSelectionAffinityDownstream stillSelecting:FALSE
EDITING DELEGATE: webViewDidChangeSelection:WebViewDidChangeSelectionNotification
EDITING DELEGATE: webViewDidChange:WebViewDidChangeNotification
EDITING DELEGATE: webViewDidChangeSelection:WebViewDidChangeSelectionNotification
layer at (0,0) size 980x735
  RenderView at (0,0) size 980x735
layer at (0,0) size 980x735
  RenderBlock {HTML} at (0,0) size 980x735
    RenderBody {BODY} at (8,8) size 964x711
      RenderBlock {P} at (0,0) size 964x19
        RenderText {#text} at (0,0) size 784x19
          text run at (0,0) width 784: "The three items below should be stitched together into one ordered list when you click the button."
      RenderBlock {DIV} at (0,35) size 964x57
        RenderBlock {DIV} at (0,0) size 964x57
          RenderBlock {OL} at (0,0) size 964x57
            RenderListItem {LI} at (40,0) size 924x19
              RenderListMarker at (-25,0) size 20x19: "1"
              RenderText {#text} at (0,0) size 26x19
                text run at (0,0) width 26: "foo"
            RenderListItem {LI} at (40,19) size 924x19
              RenderListMarker at (-25,0) size 20x19: "2"
              RenderText {#text} at (0,0) size 27x19
                text run at (0,0) width 27: "bar"
            RenderListItem {LI} at (40,38) size 924x19
              RenderListMarker at (-25,0) size 20x19: "3"
              RenderText {#text} at (0,0) size 28x19
                text run at (0,0) width 28: "baz"
          RenderBlock (anonymous) at (0,73) size 964x0
caret: position 0 of child 0 {#text} of child 2 {LI} of child 0 {OL} of child 1 {DIV} of child 1 {DIV} of body
