EDITING DELEGATE: shouldBeginEditingInDOMRange:range from 0 of DIV > BODY > HTML > #document to 1 of DIV > BODY > HTML > #document
EDITING DELEGATE: webViewDidBeginEditing:WebViewDidBeginEditingNotification
EDITING DELEGATE: webViewDidChangeSelection:WebViewDidChangeSelectionNotification
EDITING DELEGATE: webViewDidChangeSelection:WebViewDidChangeSelectionNotification
EDITING DELEGATE: shouldChangeSelectedDOMRange:range from 1 of DIV > BODY > HTML > #document to 1 of DIV > BODY > HTML > #document toDOMRange:range from 0 of BLOCKQUOTE > DIV > BODY > HTML > #document to 0 of BLOCKQUOTE > DIV > BODY > HTML > #document affinity:NSSelectionAffinityDownstream stillSelecting:FALSE
EDITING DELEGATE: webViewDidChangeSelection:WebViewDidChangeSelectionNotification
EDITING DELEGATE: webViewDidChange:WebViewDidChangeNotification
EDITING DELEGATE: webViewDidChangeSelection:WebViewDidChangeSelectionNotification
layer at (0,0) size 980x735
  RenderView at (0,0) size 980x735
layer at (0,0) size 980x735
  RenderBlock {HTML} at (0,0) size 980x735
    RenderBody {BODY} at (8,8) size 964x719
      RenderBlock {P} at (0,0) size 964x19
        RenderText {#text} at (0,0) size 672x19
          text run at (0,0) width 356: "This tests the NSResponder method indent:. "
          text run at (356,0) width 316: "You should see an indented 'foo' below."
      RenderBlock {DIV} at (0,35) size 964x19
        RenderBlock {BLOCKQUOTE} at (40,0) size 924x19
          RenderText {#text} at (0,0) size 26x19
            text run at (0,0) width 26: "foo"
        RenderBlock (anonymous) at (0,19) size 964x0
caret: position 0 of child 0 {#text} of child 0 {BLOCKQUOTE} of child 2 {DIV} of body
