EDITING DELEGATE: shouldBeginEditingInDOMRange:range from 0 of DIV > BODY > HTML > #document to 3 of DIV > BODY > HTML > #document
EDITING DELEGATE: webViewDidBeginEditing:WebViewDidBeginEditingNotification
EDITING DELEGATE: webViewDidChangeSelection:WebViewDidChangeSelectionNotification
EDITING DELEGATE: webViewDidChangeSelection:WebViewDidChangeSelectionNotification
layer at (0,0) size 980x735
  RenderView at (0,0) size 980x735
layer at (0,0) size 980x735
  RenderBlock {HTML} at (0,0) size 980x735
    RenderBody {BODY} at (8,8) size 964x719
      RenderBlock {DIV} at (0,0) size 964x356 [border: (2px solid #FF0000)]
        RenderBlock (anonymous) at (14,14) size 936x56
          RenderInline {SPAN} at (0,0) size 865x56
            RenderText {#text} at (0,0) size 865x56
              text run at (0,0) width 857: "\"The quick brown fox jumps over the lazy dog\" uses every letter in the"
              text run at (857,0) width 8: " "
              text run at (0,28) width 215: "english language."
        RenderBlock (anonymous) at (14,94) size 936x224
          RenderBlock {P} at (0,0) size 936x224
            RenderText {#text} at (0,0) size 936x224
              text run at (0,0) width 593: "Here's to the crazy ones, the misfits, the rebels, "
              text run at (593,0) width 247: "the trouble makers, "
              text run at (840,0) width 39: "the"
              text run at (879,0) width 8: " "
              text run at (0,28) width 393: "round pegs in the square holes, "
              text run at (393,28) width 443: "the ones who see things differently. "
              text run at (836,28) width 70: "There"
              text run at (906,28) width 8: " "
              text run at (0,56) width 763: "not fond of rules, and they have no respect for the status quo, "
              text run at (763,56) width 172: "you can quote"
              text run at (935,56) width 1: " "
              text run at (0,84) width 70: "then, "
              text run at (70,84) width 250: "disagree with them, "
              text run at (320,84) width 260: "glorify or vilify them, "
              text run at (580,84) width 296: "about the only thing you"
              text run at (876,84) width 8: " "
              text run at (0,112) width 296: "can't do is ignore them. "
              text run at (296,112) width 357: "Because they change things. "
              text run at (653,112) width 263: "They push the human"
              text run at (916,112) width 8: " "
              text run at (0,140) width 170: "race forward. "
              text run at (170,140) width 611: "And while some may see them as the crazy ones, "
              text run at (781,140) width 86: "we see"
              text run at (867,140) width 8: " "
              text run at (0,168) width 96: "genius. "
              text run at (96,168) width 824: "Because the people who are crazy enough to think they can change"
              text run at (920,168) width 8: " "
              text run at (0,196) width 122: "the world "
              text run at (122,196) width 257: "are the ones who do."
        RenderBlock (anonymous) at (14,342) size 936x0
          RenderInline {SPAN} at (0,0) size 0x0
          RenderText {#text} at (0,0) size 0x0
caret: position 0 of child 0 {#text} of child 1 {SPAN} of child 1 {DIV} of body
